{
  "Entries": [
    {
      "RequestUri": "https://REDACTED/c4aa1ec90testlistfilesanddirectoriesoauth990849302aae6c8?restype=share",
      "RequestMethod": "PUT",
      "RequestHeaders": {
        "Accept": "application/xml",
        "Authorization": "Sanitized",
        "Content-Length": "0",
        "Date": "Fri, 18 Aug 2023 21:39:16 GMT",
        "User-Agent": "azsdk-java-azure-storage-file-share/12.20.0-beta.2 (11.0.16.1; Windows 11; 10.0)",
        "x-ms-client-request-id": "6b6eaaf7-51e8-4be8-9b83-2fe348b17c5e",
        "x-ms-version": "2023-08-03"
      },
      "RequestBody": null,
      "StatusCode": 201,
      "ResponseHeaders": {
        "Content-Length": "0",
        "Date": "Fri, 18 Aug 2023 21:39:16 GMT",
        "ETag": "\u00220x8DBA03392F06023\u0022",
        "Last-Modified": "Fri, 18 Aug 2023 21:39:17 GMT",
        "Server": [
          "Windows-Azure-File/1.0",
          "Microsoft-HTTPAPI/2.0"
        ],
        "x-ms-client-request-id": "6b6eaaf7-51e8-4be8-9b83-2fe348b17c5e",
        "x-ms-request-id": "07318781-901a-000c-461c-d2b2a1000000",
        "x-ms-version": "2023-08-03"
      },
      "ResponseBody": null
    },
    {
      "RequestUri": "https://REDACTED/c4aa1ec90testlistfilesanddirectoriesoauth990849302aae6c8/c4aa1ec92testlistfilesanddirectoriesoauth990620034ffe5ad?restype=directory",
      "RequestMethod": "PUT",
      "RequestHeaders": {
        "Accept": "application/xml",
        "Authorization": "Sanitized",
        "Content-Length": "0",
        "Date": "Fri, 18 Aug 2023 21:39:16 GMT",
        "User-Agent": "azsdk-java-azure-storage-file-share/12.20.0-beta.2 (11.0.16.1; Windows 11; 10.0)",
        "x-ms-allow-trailing-dot": "false",
        "x-ms-client-request-id": "2355d4c8-a0ed-4136-b7f8-a461ddf7f870",
        "x-ms-file-attributes": "None",
        "x-ms-file-creation-time": "Now",
        "x-ms-file-last-write-time": "Now",
        "x-ms-file-permission": "Inherit",
        "x-ms-file-request-intent": "backup",
        "x-ms-version": "2023-08-03"
      },
      "RequestBody": null,
      "StatusCode": 201,
      "ResponseHeaders": {
        "Content-Length": "0",
        "Date": "Fri, 18 Aug 2023 21:39:16 GMT",
        "ETag": "\u00220x8DBA033931C86F3\u0022",
        "Last-Modified": "Fri, 18 Aug 2023 21:39:17 GMT",
        "Server": [
          "Windows-Azure-File/1.0",
          "Microsoft-HTTPAPI/2.0"
        ],
        "x-ms-client-request-id": "2355d4c8-a0ed-4136-b7f8-a461ddf7f870",
        "x-ms-file-attributes": "Directory",
        "x-ms-file-change-time": "2023-08-18T21:39:17.4953715Z",
        "x-ms-file-creation-time": "2023-08-18T21:39:17.4953715Z",
        "x-ms-file-id": "13835128424026341376",
        "x-ms-file-last-write-time": "2023-08-18T21:39:17.4953715Z",
        "x-ms-file-parent-id": "0",
        "x-ms-file-permission-key": "8792472798472242479*1359530181238362790",
        "x-ms-request-id": "0731878f-901a-000c-521c-d2b2a1000000",
        "x-ms-request-server-encrypted": "true",
        "x-ms-version": "2023-08-03"
      },
      "ResponseBody": null
    },
    {
      "RequestUri": "https://REDACTED/c4aa1ec90testlistfilesanddirectoriesoauth990849302aae6c8/c4aa1ec92testlistfilesanddirectoriesoauth990620034ffe5ad%2Fc4aa1ec93testlistfilesanddirectoriesoauth990515849359a66",
      "RequestMethod": "PUT",
      "RequestHeaders": {
        "Accept": "application/xml",
        "Authorization": "Sanitized",
        "Content-Length": "0",
        "Date": "Fri, 18 Aug 2023 21:39:16 GMT",
        "User-Agent": "azsdk-java-azure-storage-file-share/12.20.0-beta.2 (11.0.16.1; Windows 11; 10.0)",
        "x-ms-allow-trailing-dot": "false",
        "x-ms-client-request-id": "43705ef7-1b8e-4889-bdbd-bb4e45517a64",
        "x-ms-content-length": "1024",
        "x-ms-file-attributes": "None",
        "x-ms-file-creation-time": "Now",
        "x-ms-file-last-write-time": "Now",
        "x-ms-file-permission": "Inherit",
        "x-ms-file-request-intent": "backup",
        "x-ms-type": "file",
        "x-ms-version": "2023-08-03"
      },
      "RequestBody": null,
      "StatusCode": 201,
      "ResponseHeaders": {
        "Content-Length": "0",
        "Date": "Fri, 18 Aug 2023 21:39:16 GMT",
        "ETag": "\u00220x8DBA033932C6320\u0022",
        "Last-Modified": "Fri, 18 Aug 2023 21:39:17 GMT",
        "Server": [
          "Windows-Azure-File/1.0",
          "Microsoft-HTTPAPI/2.0"
        ],
        "x-ms-client-request-id": "43705ef7-1b8e-4889-bdbd-bb4e45517a64",
        "x-ms-file-attributes": "Archive",
        "x-ms-file-change-time": "2023-08-18T21:39:17.5993120Z",
        "x-ms-file-creation-time": "2023-08-18T21:39:17.5993120Z",
        "x-ms-file-id": "11529285414812647424",
        "x-ms-file-last-write-time": "2023-08-18T21:39:17.5993120Z",
        "x-ms-file-parent-id": "13835128424026341376",
        "x-ms-file-permission-key": "13438439191449926184*1359530181238362790",
        "x-ms-request-id": "07318794-901a-000c-571c-d2b2a1000000",
        "x-ms-request-server-encrypted": "true",
        "x-ms-version": "2023-08-03"
      },
      "ResponseBody": null
    },
    {
      "RequestUri": "https://REDACTED/c4aa1ec90testlistfilesanddirectoriesoauth990849302aae6c8/c4aa1ec92testlistfilesanddirectoriesoauth990620034ffe5ad%2Fc4aa1ec94testlistfilesanddirectoriesoauth9900530943f4b26",
      "RequestMethod": "PUT",
      "RequestHeaders": {
        "Accept": "application/xml",
        "Authorization": "Sanitized",
        "Content-Length": "0",
        "Date": "Fri, 18 Aug 2023 21:39:16 GMT",
        "User-Agent": "azsdk-java-azure-storage-file-share/12.20.0-beta.2 (11.0.16.1; Windows 11; 10.0)",
        "x-ms-allow-trailing-dot": "false",
        "x-ms-client-request-id": "e8e5126c-4911-4153-bf51-5c41a4840aa6",
        "x-ms-content-length": "1024",
        "x-ms-file-attributes": "None",
        "x-ms-file-creation-time": "Now",
        "x-ms-file-last-write-time": "Now",
        "x-ms-file-permission": "Inherit",
        "x-ms-file-request-intent": "backup",
        "x-ms-type": "file",
        "x-ms-version": "2023-08-03"
      },
      "RequestBody": null,
      "StatusCode": 201,
      "ResponseHeaders": {
        "Content-Length": "0",
        "Date": "Fri, 18 Aug 2023 21:39:16 GMT",
        "ETag": "\u00220x8DBA033933CB463\u0022",
        "Last-Modified": "Fri, 18 Aug 2023 21:39:17 GMT",
        "Server": [
          "Windows-Azure-File/1.0",
          "Microsoft-HTTPAPI/2.0"
        ],
        "x-ms-client-request-id": "e8e5126c-4911-4153-bf51-5c41a4840aa6",
        "x-ms-file-attributes": "Archive",
        "x-ms-file-change-time": "2023-08-18T21:39:17.7062499Z",
        "x-ms-file-creation-time": "2023-08-18T21:39:17.7062499Z",
        "x-ms-file-id": "16140971433240035328",
        "x-ms-file-last-write-time": "2023-08-18T21:39:17.7062499Z",
        "x-ms-file-parent-id": "13835128424026341376",
        "x-ms-file-permission-key": "13438439191449926184*1359530181238362790",
        "x-ms-request-id": "07318797-901a-000c-5a1c-d2b2a1000000",
        "x-ms-request-server-encrypted": "true",
        "x-ms-version": "2023-08-03"
      },
      "ResponseBody": null
    },
    {
      "RequestUri": "https://REDACTED/c4aa1ec90testlistfilesanddirectoriesoauth990849302aae6c8/c4aa1ec92testlistfilesanddirectoriesoauth990620034ffe5ad%2Fc4aa1ec95testlistfilesanddirectoriesoauth990065910bc7a6d",
      "RequestMethod": "PUT",
      "RequestHeaders": {
        "Accept": "application/xml",
        "Authorization": "Sanitized",
        "Content-Length": "0",
        "Date": "Fri, 18 Aug 2023 21:39:16 GMT",
        "User-Agent": "azsdk-java-azure-storage-file-share/12.20.0-beta.2 (11.0.16.1; Windows 11; 10.0)",
        "x-ms-allow-trailing-dot": "false",
        "x-ms-client-request-id": "f5c7f4fc-c169-443d-9737-2f7a26136aa4",
        "x-ms-content-length": "1024",
        "x-ms-file-attributes": "None",
        "x-ms-file-creation-time": "Now",
        "x-ms-file-last-write-time": "Now",
        "x-ms-file-permission": "Inherit",
        "x-ms-file-request-intent": "backup",
        "x-ms-type": "file",
        "x-ms-version": "2023-08-03"
      },
      "RequestBody": null,
      "StatusCode": 201,
      "ResponseHeaders": {
        "Content-Length": "0",
        "Date": "Fri, 18 Aug 2023 21:39:16 GMT",
        "ETag": "\u00220x8DBA033934CB794\u0022",
        "Last-Modified": "Fri, 18 Aug 2023 21:39:17 GMT",
        "Server": [
          "Windows-Azure-File/1.0",
          "Microsoft-HTTPAPI/2.0"
        ],
        "x-ms-client-request-id": "f5c7f4fc-c169-443d-9737-2f7a26136aa4",
        "x-ms-file-attributes": "Archive",
        "x-ms-file-change-time": "2023-08-18T21:39:17.8111892Z",
        "x-ms-file-creation-time": "2023-08-18T21:39:17.8111892Z",
        "x-ms-file-id": "10376363910205800448",
        "x-ms-file-last-write-time": "2023-08-18T21:39:17.8111892Z",
        "x-ms-file-parent-id": "13835128424026341376",
        "x-ms-file-permission-key": "13438439191449926184*1359530181238362790",
        "x-ms-request-id": "0731879b-901a-000c-5e1c-d2b2a1000000",
        "x-ms-request-server-encrypted": "true",
        "x-ms-version": "2023-08-03"
      },
      "ResponseBody": null
    },
    {
      "RequestUri": "https://REDACTED/c4aa1ec90testlistfilesanddirectoriesoauth990849302aae6c8/c4aa1ec92testlistfilesanddirectoriesoauth990620034ffe5ad%2Fc4aa1ec96testlistfilesanddirectoriesoauth990922447f7840a",
      "RequestMethod": "PUT",
      "RequestHeaders": {
        "Accept": "application/xml",
        "Authorization": "Sanitized",
        "Content-Length": "0",
        "Date": "Fri, 18 Aug 2023 21:39:16 GMT",
        "User-Agent": "azsdk-java-azure-storage-file-share/12.20.0-beta.2 (11.0.16.1; Windows 11; 10.0)",
        "x-ms-allow-trailing-dot": "false",
        "x-ms-client-request-id": "d496b17f-483c-4d63-b688-246c699b7f7e",
        "x-ms-content-length": "1024",
        "x-ms-file-attributes": "None",
        "x-ms-file-creation-time": "Now",
        "x-ms-file-last-write-time": "Now",
        "x-ms-file-permission": "Inherit",
        "x-ms-file-request-intent": "backup",
        "x-ms-type": "file",
        "x-ms-version": "2023-08-03"
      },
      "RequestBody": null,
      "StatusCode": 201,
      "ResponseHeaders": {
        "Content-Length": "0",
        "Date": "Fri, 18 Aug 2023 21:39:16 GMT",
        "ETag": "\u00220x8DBA033935CE1D0\u0022",
        "Last-Modified": "Fri, 18 Aug 2023 21:39:17 GMT",
        "Server": [
          "Windows-Azure-File/1.0",
          "Microsoft-HTTPAPI/2.0"
        ],
        "x-ms-client-request-id": "d496b17f-483c-4d63-b688-246c699b7f7e",
        "x-ms-file-attributes": "Archive",
        "x-ms-file-change-time": "2023-08-18T21:39:17.9171280Z",
        "x-ms-file-creation-time": "2023-08-18T21:39:17.9171280Z",
        "x-ms-file-id": "14988049928633188352",
        "x-ms-file-last-write-time": "2023-08-18T21:39:17.9171280Z",
        "x-ms-file-parent-id": "13835128424026341376",
        "x-ms-file-permission-key": "13438439191449926184*1359530181238362790",
        "x-ms-request-id": "073187a0-901a-000c-621c-d2b2a1000000",
        "x-ms-request-server-encrypted": "true",
        "x-ms-version": "2023-08-03"
      },
      "ResponseBody": null
    },
    {
      "RequestUri": "https://REDACTED/c4aa1ec90testlistfilesanddirectoriesoauth990849302aae6c8/c4aa1ec92testlistfilesanddirectoriesoauth990620034ffe5ad%2Fc4aa1ec97testlistfilesanddirectoriesoauth990378290d8d36f",
      "RequestMethod": "PUT",
      "RequestHeaders": {
        "Accept": "application/xml",
        "Authorization": "Sanitized",
        "Content-Length": "0",
        "Date": "Fri, 18 Aug 2023 21:39:17 GMT",
        "User-Agent": "azsdk-java-azure-storage-file-share/12.20.0-beta.2 (11.0.16.1; Windows 11; 10.0)",
        "x-ms-allow-trailing-dot": "false",
        "x-ms-client-request-id": "687237a3-7b53-40c6-9595-6e858bdc86d9",
        "x-ms-content-length": "1024",
        "x-ms-file-attributes": "None",
        "x-ms-file-creation-time": "Now",
        "x-ms-file-last-write-time": "Now",
        "x-ms-file-permission": "Inherit",
        "x-ms-file-request-intent": "backup",
        "x-ms-type": "file",
        "x-ms-version": "2023-08-03"
      },
      "RequestBody": null,
      "StatusCode": 201,
      "ResponseHeaders": {
        "Content-Length": "0",
        "Date": "Fri, 18 Aug 2023 21:39:17 GMT",
        "ETag": "\u00220x8DBA033936DF649\u0022",
        "Last-Modified": "Fri, 18 Aug 2023 21:39:18 GMT",
        "Server": [
          "Windows-Azure-File/1.0",
          "Microsoft-HTTPAPI/2.0"
        ],
        "x-ms-client-request-id": "687237a3-7b53-40c6-9595-6e858bdc86d9",
        "x-ms-file-attributes": "Archive",
        "x-ms-file-change-time": "2023-08-18T21:39:18.0290633Z",
        "x-ms-file-creation-time": "2023-08-18T21:39:18.0290633Z",
        "x-ms-file-id": "12682206919419494400",
        "x-ms-file-last-write-time": "2023-08-18T21:39:18.0290633Z",
        "x-ms-file-parent-id": "13835128424026341376",
        "x-ms-file-permission-key": "13438439191449926184*1359530181238362790",
        "x-ms-request-id": "073187a4-901a-000c-661c-d2b2a1000000",
        "x-ms-request-server-encrypted": "true",
        "x-ms-version": "2023-08-03"
      },
      "ResponseBody": null
    },
    {
      "RequestUri": "https://REDACTED/c4aa1ec90testlistfilesanddirectoriesoauth990849302aae6c8/c4aa1ec92testlistfilesanddirectoriesoauth990620034ffe5ad%2Fc4aa1ec98testlistfilesanddirectoriesoauth99051783892350e",
      "RequestMethod": "PUT",
      "RequestHeaders": {
        "Accept": "application/xml",
        "Authorization": "Sanitized",
        "Content-Length": "0",
        "Date": "Fri, 18 Aug 2023 21:39:17 GMT",
        "User-Agent": "azsdk-java-azure-storage-file-share/12.20.0-beta.2 (11.0.16.1; Windows 11; 10.0)",
        "x-ms-allow-trailing-dot": "false",
        "x-ms-client-request-id": "49037157-a9b7-4697-870d-fecc952e86ec",
        "x-ms-content-length": "1024",
        "x-ms-file-attributes": "None",
        "x-ms-file-creation-time": "Now",
        "x-ms-file-last-write-time": "Now",
        "x-ms-file-permission": "Inherit",
        "x-ms-file-request-intent": "backup",
        "x-ms-type": "file",
        "x-ms-version": "2023-08-03"
      },
      "RequestBody": null,
      "StatusCode": 201,
      "ResponseHeaders": {
        "Content-Length": "0",
        "Date": "Fri, 18 Aug 2023 21:39:17 GMT",
        "ETag": "\u00220x8DBA033937E478D\u0022",
        "Last-Modified": "Fri, 18 Aug 2023 21:39:18 GMT",
        "Server": [
          "Windows-Azure-File/1.0",
          "Microsoft-HTTPAPI/2.0"
        ],
        "x-ms-client-request-id": "49037157-a9b7-4697-870d-fecc952e86ec",
        "x-ms-file-attributes": "Archive",
        "x-ms-file-change-time": "2023-08-18T21:39:18.1360013Z",
        "x-ms-file-creation-time": "2023-08-18T21:39:18.1360013Z",
        "x-ms-file-id": "17293892937846882304",
        "x-ms-file-last-write-time": "2023-08-18T21:39:18.1360013Z",
        "x-ms-file-parent-id": "13835128424026341376",
        "x-ms-file-permission-key": "13438439191449926184*1359530181238362790",
        "x-ms-request-id": "073187a9-901a-000c-6b1c-d2b2a1000000",
        "x-ms-request-server-encrypted": "true",
        "x-ms-version": "2023-08-03"
      },
      "ResponseBody": null
    },
    {
      "RequestUri": "https://REDACTED/c4aa1ec90testlistfilesanddirectoriesoauth990849302aae6c8/c4aa1ec92testlistfilesanddirectoriesoauth990620034ffe5ad%2Fc4aa1ec99testlistfilesanddirectoriesoauth99058453365a09c",
      "RequestMethod": "PUT",
      "RequestHeaders": {
        "Accept": "application/xml",
        "Authorization": "Sanitized",
        "Content-Length": "0",
        "Date": "Fri, 18 Aug 2023 21:39:17 GMT",
        "User-Agent": "azsdk-java-azure-storage-file-share/12.20.0-beta.2 (11.0.16.1; Windows 11; 10.0)",
        "x-ms-allow-trailing-dot": "false",
        "x-ms-client-request-id": "08a84579-a18a-4a33-a300-079d2deb21e1",
        "x-ms-content-length": "1024",
        "x-ms-file-attributes": "None",
        "x-ms-file-creation-time": "Now",
        "x-ms-file-last-write-time": "Now",
        "x-ms-file-permission": "Inherit",
        "x-ms-file-request-intent": "backup",
        "x-ms-type": "file",
        "x-ms-version": "2023-08-03"
      },
      "RequestBody": null,
      "StatusCode": 201,
      "ResponseHeaders": {
        "Content-Length": "0",
        "Date": "Fri, 18 Aug 2023 21:39:17 GMT",
        "ETag": "\u00220x8DBA033938E71C9\u0022",
        "Last-Modified": "Fri, 18 Aug 2023 21:39:18 GMT",
        "Server": [
          "Windows-Azure-File/1.0",
          "Microsoft-HTTPAPI/2.0"
        ],
        "x-ms-client-request-id": "08a84579-a18a-4a33-a300-079d2deb21e1",
        "x-ms-file-attributes": "Archive",
        "x-ms-file-change-time": "2023-08-18T21:39:18.2419401Z",
        "x-ms-file-creation-time": "2023-08-18T21:39:18.2419401Z",
        "x-ms-file-id": "9799903157902376960",
        "x-ms-file-last-write-time": "2023-08-18T21:39:18.2419401Z",
        "x-ms-file-parent-id": "13835128424026341376",
        "x-ms-file-permission-key": "13438439191449926184*1359530181238362790",
        "x-ms-request-id": "073187ad-901a-000c-6f1c-d2b2a1000000",
        "x-ms-request-server-encrypted": "true",
        "x-ms-version": "2023-08-03"
      },
      "ResponseBody": null
    },
    {
      "RequestUri": "https://REDACTED/c4aa1ec90testlistfilesanddirectoriesoauth990849302aae6c8/c4aa1ec92testlistfilesanddirectoriesoauth990620034ffe5ad%2Fc4aa1ec910testlistfilesanddirectoriesoauth99053449d44bb2",
      "RequestMethod": "PUT",
      "RequestHeaders": {
        "Accept": "application/xml",
        "Authorization": "Sanitized",
        "Content-Length": "0",
        "Date": "Fri, 18 Aug 2023 21:39:17 GMT",
        "User-Agent": "azsdk-java-azure-storage-file-share/12.20.0-beta.2 (11.0.16.1; Windows 11; 10.0)",
        "x-ms-allow-trailing-dot": "false",
        "x-ms-client-request-id": "b4719354-9ff6-4a28-8c48-a63f03770cd2",
        "x-ms-content-length": "1024",
        "x-ms-file-attributes": "None",
        "x-ms-file-creation-time": "Now",
        "x-ms-file-last-write-time": "Now",
        "x-ms-file-permission": "Inherit",
        "x-ms-file-request-intent": "backup",
        "x-ms-type": "file",
        "x-ms-version": "2023-08-03"
      },
      "RequestBody": null,
      "StatusCode": 201,
      "ResponseHeaders": {
        "Content-Length": "0",
        "Date": "Fri, 18 Aug 2023 21:39:17 GMT",
        "ETag": "\u00220x8DBA03393A6D82F\u0022",
        "Last-Modified": "Fri, 18 Aug 2023 21:39:18 GMT",
        "Server": [
          "Windows-Azure-File/1.0",
          "Microsoft-HTTPAPI/2.0"
        ],
        "x-ms-client-request-id": "b4719354-9ff6-4a28-8c48-a63f03770cd2",
        "x-ms-file-attributes": "Archive",
        "x-ms-file-change-time": "2023-08-18T21:39:18.4018479Z",
        "x-ms-file-creation-time": "2023-08-18T21:39:18.4018479Z",
        "x-ms-file-id": "14411589176329764864",
        "x-ms-file-last-write-time": "2023-08-18T21:39:18.4018479Z",
        "x-ms-file-parent-id": "13835128424026341376",
        "x-ms-file-permission-key": "13438439191449926184*1359530181238362790",
        "x-ms-request-id": "073187b4-901a-000c-761c-d2b2a1000000",
        "x-ms-request-server-encrypted": "true",
        "x-ms-version": "2023-08-03"
      },
      "ResponseBody": null
    },
    {
      "RequestUri": "https://REDACTED/c4aa1ec90testlistfilesanddirectoriesoauth990849302aae6c8/c4aa1ec92testlistfilesanddirectoriesoauth990620034ffe5ad%2Fc4aa1ec911testlistfilesanddirectoriesoauth990831004a6dca",
      "RequestMethod": "PUT",
      "RequestHeaders": {
        "Accept": "application/xml",
        "Authorization": "Sanitized",
        "Content-Length": "0",
        "Date": "Fri, 18 Aug 2023 21:39:17 GMT",
        "User-Agent": "azsdk-java-azure-storage-file-share/12.20.0-beta.2 (11.0.16.1; Windows 11; 10.0)",
        "x-ms-allow-trailing-dot": "false",
        "x-ms-client-request-id": "04779ddb-9303-44d9-a815-3381eec8b0a7",
        "x-ms-content-length": "1024",
        "x-ms-file-attributes": "None",
        "x-ms-file-creation-time": "Now",
        "x-ms-file-last-write-time": "Now",
        "x-ms-file-permission": "Inherit",
        "x-ms-file-request-intent": "backup",
        "x-ms-type": "file",
        "x-ms-version": "2023-08-03"
      },
      "RequestBody": null,
      "StatusCode": 201,
      "ResponseHeaders": {
        "Content-Length": "0",
        "Date": "Fri, 18 Aug 2023 21:39:17 GMT",
        "ETag": "\u00220x8DBA03393B68D4F\u0022",
        "Last-Modified": "Fri, 18 Aug 2023 21:39:18 GMT",
        "Server": [
          "Windows-Azure-File/1.0",
          "Microsoft-HTTPAPI/2.0"
        ],
        "x-ms-client-request-id": "04779ddb-9303-44d9-a815-3381eec8b0a7",
        "x-ms-file-attributes": "Archive",
        "x-ms-file-change-time": "2023-08-18T21:39:18.5047887Z",
        "x-ms-file-creation-time": "2023-08-18T21:39:18.5047887Z",
        "x-ms-file-id": "12105746167116070912",
        "x-ms-file-last-write-time": "2023-08-18T21:39:18.5047887Z",
        "x-ms-file-parent-id": "13835128424026341376",
        "x-ms-file-permission-key": "13438439191449926184*1359530181238362790",
        "x-ms-request-id": "073187b6-901a-000c-781c-d2b2a1000000",
        "x-ms-request-server-encrypted": "true",
        "x-ms-version": "2023-08-03"
      },
      "ResponseBody": null
    },
    {
      "RequestUri": "https://REDACTED/c4aa1ec90testlistfilesanddirectoriesoauth990849302aae6c8/c4aa1ec92testlistfilesanddirectoriesoauth990620034ffe5ad%2Fc4aa1ec912testlistfilesanddirectoriesoauth99016759885144",
      "RequestMethod": "PUT",
      "RequestHeaders": {
        "Accept": "application/xml",
        "Authorization": "Sanitized",
        "Content-Length": "0",
        "Date": "Fri, 18 Aug 2023 21:39:17 GMT",
        "User-Agent": "azsdk-java-azure-storage-file-share/12.20.0-beta.2 (11.0.16.1; Windows 11; 10.0)",
        "x-ms-allow-trailing-dot": "false",
        "x-ms-client-request-id": "f26f627d-2988-46ec-9dae-e6e2d9deceaa",
        "x-ms-content-length": "1024",
        "x-ms-file-attributes": "None",
        "x-ms-file-creation-time": "Now",
        "x-ms-file-last-write-time": "Now",
        "x-ms-file-permission": "Inherit",
        "x-ms-file-request-intent": "backup",
        "x-ms-type": "file",
        "x-ms-version": "2023-08-03"
      },
      "RequestBody": null,
      "StatusCode": 201,
      "ResponseHeaders": {
        "Content-Length": "0",
        "Date": "Fri, 18 Aug 2023 21:39:17 GMT",
        "ETag": "\u00220x8DBA03393C6B784\u0022",
        "Last-Modified": "Fri, 18 Aug 2023 21:39:18 GMT",
        "Server": [
          "Windows-Azure-File/1.0",
          "Microsoft-HTTPAPI/2.0"
        ],
        "x-ms-client-request-id": "f26f627d-2988-46ec-9dae-e6e2d9deceaa",
        "x-ms-file-attributes": "Archive",
        "x-ms-file-change-time": "2023-08-18T21:39:18.6107268Z",
        "x-ms-file-creation-time": "2023-08-18T21:39:18.6107268Z",
        "x-ms-file-id": "16717432185543458816",
        "x-ms-file-last-write-time": "2023-08-18T21:39:18.6107268Z",
        "x-ms-file-parent-id": "13835128424026341376",
        "x-ms-file-permission-key": "13438439191449926184*1359530181238362790",
        "x-ms-request-id": "073187ba-901a-000c-7c1c-d2b2a1000000",
        "x-ms-request-server-encrypted": "true",
        "x-ms-version": "2023-08-03"
      },
      "ResponseBody": null
    },
    {
      "RequestUri": "https://REDACTED/c4aa1ec90testlistfilesanddirectoriesoauth990849302aae6c8/c4aa1ec92testlistfilesanddirectoriesoauth990620034ffe5ad%2Fc4aa1ec913testlistfilesanddirectoriesoauth99036550f518e2",
      "RequestMethod": "PUT",
      "RequestHeaders": {
        "Accept": "application/xml",
        "Authorization": "Sanitized",
        "Content-Length": "0",
        "Date": "Fri, 18 Aug 2023 21:39:17 GMT",
        "User-Agent": "azsdk-java-azure-storage-file-share/12.20.0-beta.2 (11.0.16.1; Windows 11; 10.0)",
        "x-ms-allow-trailing-dot": "false",
        "x-ms-client-request-id": "46bf610c-dec6-4fe4-b782-229c8cbf20b1",
        "x-ms-content-length": "1024",
        "x-ms-file-attributes": "None",
        "x-ms-file-creation-time": "Now",
        "x-ms-file-last-write-time": "Now",
        "x-ms-file-permission": "Inherit",
        "x-ms-file-request-intent": "backup",
        "x-ms-type": "file",
        "x-ms-version": "2023-08-03"
      },
      "RequestBody": null,
      "StatusCode": 201,
      "ResponseHeaders": {
        "Content-Length": "0",
        "Date": "Fri, 18 Aug 2023 21:39:17 GMT",
        "ETag": "\u00220x8DBA03393D8DD4B\u0022",
        "Last-Modified": "Fri, 18 Aug 2023 21:39:18 GMT",
        "Server": [
          "Windows-Azure-File/1.0",
          "Microsoft-HTTPAPI/2.0"
        ],
        "x-ms-client-request-id": "46bf610c-dec6-4fe4-b782-229c8cbf20b1",
        "x-ms-file-attributes": "Archive",
        "x-ms-file-change-time": "2023-08-18T21:39:18.7296587Z",
        "x-ms-file-creation-time": "2023-08-18T21:39:18.7296587Z",
        "x-ms-file-id": "10952824662509223936",
        "x-ms-file-last-write-time": "2023-08-18T21:39:18.7296587Z",
        "x-ms-file-parent-id": "13835128424026341376",
        "x-ms-file-permission-key": "13438439191449926184*1359530181238362790",
        "x-ms-request-id": "073187bd-901a-000c-7f1c-d2b2a1000000",
        "x-ms-request-server-encrypted": "true",
        "x-ms-version": "2023-08-03"
      },
      "ResponseBody": null
    },
    {
      "RequestUri": "https://REDACTED/c4aa1ec90testlistfilesanddirectoriesoauth990849302aae6c8/c4aa1ec92testlistfilesanddirectoriesoauth990620034ffe5ad%2Fc4aa1ec914testlistfilesanddirectoriesoauth990742698bf95f?restype=directory",
      "RequestMethod": "PUT",
      "RequestHeaders": {
        "Accept": "application/xml",
        "Authorization": "Sanitized",
        "Content-Length": "0",
        "Date": "Fri, 18 Aug 2023 21:39:17 GMT",
        "User-Agent": "azsdk-java-azure-storage-file-share/12.20.0-beta.2 (11.0.16.1; Windows 11; 10.0)",
        "x-ms-allow-trailing-dot": "false",
        "x-ms-client-request-id": "04f4df97-8409-4c83-a897-a7fa4125baba",
        "x-ms-file-attributes": "None",
        "x-ms-file-creation-time": "Now",
        "x-ms-file-last-write-time": "Now",
        "x-ms-file-permission": "Inherit",
        "x-ms-file-request-intent": "backup",
        "x-ms-version": "2023-08-03"
      },
      "RequestBody": null,
      "StatusCode": 201,
      "ResponseHeaders": {
        "Content-Length": "0",
        "Date": "Fri, 18 Aug 2023 21:39:17 GMT",
        "ETag": "\u00220x8DBA03393E92E8A\u0022",
        "Last-Modified": "Fri, 18 Aug 2023 21:39:18 GMT",
        "Server": [
          "Windows-Azure-File/1.0",
          "Microsoft-HTTPAPI/2.0"
        ],
        "x-ms-client-request-id": "04f4df97-8409-4c83-a897-a7fa4125baba",
        "x-ms-file-attributes": "Directory",
        "x-ms-file-change-time": "2023-08-18T21:39:18.8365962Z",
        "x-ms-file-creation-time": "2023-08-18T21:39:18.8365962Z",
        "x-ms-file-id": "15564510680936611840",
        "x-ms-file-last-write-time": "2023-08-18T21:39:18.8365962Z",
        "x-ms-file-parent-id": "13835128424026341376",
        "x-ms-file-permission-key": "8792472798472242479*1359530181238362790",
        "x-ms-request-id": "073187c2-901a-000c-041c-d2b2a1000000",
        "x-ms-request-server-encrypted": "true",
        "x-ms-version": "2023-08-03"
      },
      "ResponseBody": null
    },
    {
      "RequestUri": "https://REDACTED/c4aa1ec90testlistfilesanddirectoriesoauth990849302aae6c8/c4aa1ec92testlistfilesanddirectoriesoauth990620034ffe5ad%2Fc4aa1ec915testlistfilesanddirectoriesoauth9906915461f82d?restype=directory",
      "RequestMethod": "PUT",
      "RequestHeaders": {
        "Accept": "application/xml",
        "Authorization": "Sanitized",
        "Content-Length": "0",
        "Date": "Fri, 18 Aug 2023 21:39:17 GMT",
        "User-Agent": "azsdk-java-azure-storage-file-share/12.20.0-beta.2 (11.0.16.1; Windows 11; 10.0)",
        "x-ms-allow-trailing-dot": "false",
        "x-ms-client-request-id": "2edd11a4-e71d-4f88-a161-e3b81c3fc4ad",
        "x-ms-file-attributes": "None",
        "x-ms-file-creation-time": "Now",
        "x-ms-file-last-write-time": "Now",
        "x-ms-file-permission": "Inherit",
        "x-ms-file-request-intent": "backup",
        "x-ms-version": "2023-08-03"
      },
      "RequestBody": null,
      "StatusCode": 201,
      "ResponseHeaders": {
        "Content-Length": "0",
        "Date": "Fri, 18 Aug 2023 21:39:17 GMT",
        "ETag": "\u00220x8DBA03393F931BD\u0022",
        "Last-Modified": "Fri, 18 Aug 2023 21:39:18 GMT",
        "Server": [
          "Windows-Azure-File/1.0",
          "Microsoft-HTTPAPI/2.0"
        ],
        "x-ms-client-request-id": "2edd11a4-e71d-4f88-a161-e3b81c3fc4ad",
        "x-ms-file-attributes": "Directory",
        "x-ms-file-change-time": "2023-08-18T21:39:18.9415357Z",
        "x-ms-file-creation-time": "2023-08-18T21:39:18.9415357Z",
        "x-ms-file-id": "13258667671722917888",
        "x-ms-file-last-write-time": "2023-08-18T21:39:18.9415357Z",
        "x-ms-file-parent-id": "13835128424026341376",
        "x-ms-file-permission-key": "8792472798472242479*1359530181238362790",
        "x-ms-request-id": "073187c6-901a-000c-081c-d2b2a1000000",
        "x-ms-request-server-encrypted": "true",
        "x-ms-version": "2023-08-03"
      },
      "ResponseBody": null
    },
    {
      "RequestUri": "https://REDACTED/c4aa1ec90testlistfilesanddirectoriesoauth990849302aae6c8/c4aa1ec92testlistfilesanddirectoriesoauth990620034ffe5ad%2Fc4aa1ec916testlistfilesanddirectoriesoauth99017944e13fb5?restype=directory",
      "RequestMethod": "PUT",
      "RequestHeaders": {
        "Accept": "application/xml",
        "Authorization": "Sanitized",
        "Content-Length": "0",
        "Date": "Fri, 18 Aug 2023 21:39:18 GMT",
        "User-Agent": "azsdk-java-azure-storage-file-share/12.20.0-beta.2 (11.0.16.1; Windows 11; 10.0)",
        "x-ms-allow-trailing-dot": "false",
        "x-ms-client-request-id": "8d608545-e4a6-4e33-9779-6ba799438495",
        "x-ms-file-attributes": "None",
        "x-ms-file-creation-time": "Now",
        "x-ms-file-last-write-time": "Now",
        "x-ms-file-permission": "Inherit",
        "x-ms-file-request-intent": "backup",
        "x-ms-version": "2023-08-03"
      },
      "RequestBody": null,
      "StatusCode": 201,
      "ResponseHeaders": {
        "Content-Length": "0",
        "Date": "Fri, 18 Aug 2023 21:39:18 GMT",
        "ETag": "\u00220x8DBA033940934EE\u0022",
        "Last-Modified": "Fri, 18 Aug 2023 21:39:19 GMT",
        "Server": [
          "Windows-Azure-File/1.0",
          "Microsoft-HTTPAPI/2.0"
        ],
        "x-ms-client-request-id": "8d608545-e4a6-4e33-9779-6ba799438495",
        "x-ms-file-attributes": "Directory",
        "x-ms-file-change-time": "2023-08-18T21:39:19.0464750Z",
        "x-ms-file-creation-time": "2023-08-18T21:39:19.0464750Z",
        "x-ms-file-id": "17870353690150305792",
        "x-ms-file-last-write-time": "2023-08-18T21:39:19.0464750Z",
        "x-ms-file-parent-id": "13835128424026341376",
        "x-ms-file-permission-key": "8792472798472242479*1359530181238362790",
        "x-ms-request-id": "073187cb-901a-000c-0d1c-d2b2a1000000",
        "x-ms-request-server-encrypted": "true",
        "x-ms-version": "2023-08-03"
      },
      "ResponseBody": null
    },
    {
      "RequestUri": "https://REDACTED/c4aa1ec90testlistfilesanddirectoriesoauth990849302aae6c8/c4aa1ec92testlistfilesanddirectoriesoauth990620034ffe5ad%2Fc4aa1ec917testlistfilesanddirectoriesoauth99004300ea5c67?restype=directory",
      "RequestMethod": "PUT",
      "RequestHeaders": {
        "Accept": "application/xml",
        "Authorization": "Sanitized",
        "Content-Length": "0",
        "Date": "Fri, 18 Aug 2023 21:39:18 GMT",
        "User-Agent": "azsdk-java-azure-storage-file-share/12.20.0-beta.2 (11.0.16.1; Windows 11; 10.0)",
        "x-ms-allow-trailing-dot": "false",
        "x-ms-client-request-id": "df11d418-9631-4b9b-8a3d-93bace6ea50e",
        "x-ms-file-attributes": "None",
        "x-ms-file-creation-time": "Now",
        "x-ms-file-last-write-time": "Now",
        "x-ms-file-permission": "Inherit",
        "x-ms-file-request-intent": "backup",
        "x-ms-version": "2023-08-03"
      },
      "RequestBody": null,
      "StatusCode": 201,
      "ResponseHeaders": {
        "Content-Length": "0",
        "Date": "Fri, 18 Aug 2023 21:39:18 GMT",
        "ETag": "\u00220x8DBA0339419D445\u0022",
        "Last-Modified": "Fri, 18 Aug 2023 21:39:19 GMT",
        "Server": [
          "Windows-Azure-File/1.0",
          "Microsoft-HTTPAPI/2.0"
        ],
        "x-ms-client-request-id": "df11d418-9631-4b9b-8a3d-93bace6ea50e",
        "x-ms-file-attributes": "Directory",
        "x-ms-file-change-time": "2023-08-18T21:39:19.1554117Z",
        "x-ms-file-creation-time": "2023-08-18T21:39:19.1554117Z",
        "x-ms-file-id": "9511672781750665216",
        "x-ms-file-last-write-time": "2023-08-18T21:39:19.1554117Z",
        "x-ms-file-parent-id": "13835128424026341376",
        "x-ms-file-permission-key": "8792472798472242479*1359530181238362790",
        "x-ms-request-id": "073187cf-901a-000c-111c-d2b2a1000000",
        "x-ms-request-server-encrypted": "true",
        "x-ms-version": "2023-08-03"
      },
      "ResponseBody": null
    },
    {
      "RequestUri": "https://REDACTED/c4aa1ec90testlistfilesanddirectoriesoauth990849302aae6c8/c4aa1ec92testlistfilesanddirectoriesoauth990620034ffe5ad%2Fc4aa1ec918testlistfilesanddirectoriesoauth990814777d9af3?restype=directory",
      "RequestMethod": "PUT",
      "RequestHeaders": {
        "Accept": "application/xml",
        "Authorization": "Sanitized",
        "Content-Length": "0",
        "Date": "Fri, 18 Aug 2023 21:39:18 GMT",
        "User-Agent": "azsdk-java-azure-storage-file-share/12.20.0-beta.2 (11.0.16.1; Windows 11; 10.0)",
        "x-ms-allow-trailing-dot": "false",
        "x-ms-client-request-id": "6c03907f-8187-4913-94e5-5598454e1c7d",
        "x-ms-file-attributes": "None",
        "x-ms-file-creation-time": "Now",
        "x-ms-file-last-write-time": "Now",
        "x-ms-file-permission": "Inherit",
        "x-ms-file-request-intent": "backup",
        "x-ms-version": "2023-08-03"
      },
      "RequestBody": null,
      "StatusCode": 201,
      "ResponseHeaders": {
        "Content-Length": "0",
        "Date": "Fri, 18 Aug 2023 21:39:18 GMT",
        "ETag": "\u00220x8DBA0339429D77B\u0022",
        "Last-Modified": "Fri, 18 Aug 2023 21:39:19 GMT",
        "Server": [
          "Windows-Azure-File/1.0",
          "Microsoft-HTTPAPI/2.0"
        ],
        "x-ms-client-request-id": "6c03907f-8187-4913-94e5-5598454e1c7d",
        "x-ms-file-attributes": "Directory",
        "x-ms-file-change-time": "2023-08-18T21:39:19.2603515Z",
        "x-ms-file-creation-time": "2023-08-18T21:39:19.2603515Z",
        "x-ms-file-id": "14123358800178053120",
        "x-ms-file-last-write-time": "2023-08-18T21:39:19.2603515Z",
        "x-ms-file-parent-id": "13835128424026341376",
        "x-ms-file-permission-key": "8792472798472242479*1359530181238362790",
        "x-ms-request-id": "073187d3-901a-000c-151c-d2b2a1000000",
        "x-ms-request-server-encrypted": "true",
        "x-ms-version": "2023-08-03"
      },
      "ResponseBody": null
    },
    {
      "RequestUri": "https://REDACTED/c4aa1ec90testlistfilesanddirectoriesoauth990849302aae6c8/c4aa1ec92testlistfilesanddirectoriesoauth990620034ffe5ad?restype=directory\u0026comp=list",
      "RequestMethod": "GET",
      "RequestHeaders": {
        "Accept": "application/xml",
        "Authorization": "Sanitized",
        "Content-Length": "0",
        "Date": "Fri, 18 Aug 2023 21:39:18 GMT",
        "User-Agent": "azsdk-java-azure-storage-file-share/12.20.0-beta.2 (11.0.16.1; Windows 11; 10.0)",
        "x-ms-allow-trailing-dot": "false",
        "x-ms-client-request-id": "b3543d3a-4205-41d0-abe0-64c24e8d2482",
        "x-ms-file-request-intent": "backup",
        "x-ms-version": "2023-08-03"
      },
      "RequestBody": null,
      "StatusCode": 200,
      "ResponseHeaders": {
        "Content-Type": "application/xml",
        "Date": "Fri, 18 Aug 2023 21:39:18 GMT",
        "Server": [
          "Windows-Azure-File/1.0",
          "Microsoft-HTTPAPI/2.0"
        ],
        "Transfer-Encoding": "chunked",
        "x-ms-client-request-id": "b3543d3a-4205-41d0-abe0-64c24e8d2482",
        "x-ms-request-id": "073187d7-901a-000c-191c-d2b2a1000000",
        "x-ms-version": "2023-08-03"
      },
      "ResponseBody": "\uFEFF\u003C?xml version=\u00221.0\u0022 encoding=\u0022utf-8\u0022?\u003E\u003CEnumerationResults ServiceEndpoint=\u0022https://sdkfileoauthsa.file.core.windows.net/\u0022 ShareName=\u0022c4aa1ec90testlistfilesanddirectoriesoauth990849302aae6c8\u0022 DirectoryPath=\u0022c4aa1ec92testlistfilesanddirectoriesoauth990620034ffe5ad\u0022\u003E\u003CDirectoryId\u003E13835128424026341376\u003C/DirectoryId\u003E\u003CEntries\u003E\u003CFile\u003E\u003CName\u003Ec4aa1ec910testlistfilesanddirectoriesoauth99053449d44bb2\u003C/Name\u003E\u003CFileId\u003E14411589176329764864\u003C/FileId\u003E\u003CProperties\u003E\u003CContent-Length\u003E1024\u003C/Content-Length\u003E\u003C/Properties\u003E\u003C/File\u003E\u003CFile\u003E\u003CName\u003Ec4aa1ec911testlistfilesanddirectoriesoauth990831004a6dca\u003C/Name\u003E\u003CFileId\u003E12105746167116070912\u003C/FileId\u003E\u003CProperties\u003E\u003CContent-Length\u003E1024\u003C/Content-Length\u003E\u003C/Properties\u003E\u003C/File\u003E\u003CFile\u003E\u003CName\u003Ec4aa1ec912testlistfilesanddirectoriesoauth99016759885144\u003C/Name\u003E\u003CFileId\u003E16717432185543458816\u003C/FileId\u003E\u003CProperties\u003E\u003CContent-Length\u003E1024\u003C/Content-Length\u003E\u003C/Properties\u003E\u003C/File\u003E\u003CFile\u003E\u003CName\u003Ec4aa1ec913testlistfilesanddirectoriesoauth99036550f518e2\u003C/Name\u003E\u003CFileId\u003E10952824662509223936\u003C/FileId\u003E\u003CProperties\u003E\u003CContent-Length\u003E1024\u003C/Content-Length\u003E\u003C/Properties\u003E\u003C/File\u003E\u003CDirectory\u003E\u003CName\u003Ec4aa1ec914testlistfilesanddirectoriesoauth990742698bf95f\u003C/Name\u003E\u003CFileId\u003E15564510680936611840\u003C/FileId\u003E\u003CProperties /\u003E\u003C/Directory\u003E\u003CDirectory\u003E\u003CName\u003Ec4aa1ec915testlistfilesanddirectoriesoauth9906915461f82d\u003C/Name\u003E\u003CFileId\u003E13258667671722917888\u003C/FileId\u003E\u003CProperties /\u003E\u003C/Directory\u003E\u003CDirectory\u003E\u003CName\u003Ec4aa1ec916testlistfilesanddirectoriesoauth99017944e13fb5\u003C/Name\u003E\u003CFileId\u003E17870353690150305792\u003C/FileId\u003E\u003CProperties /\u003E\u003C/Directory\u003E\u003CDirectory\u003E\u003CName\u003Ec4aa1ec917testlistfilesanddirectoriesoauth99004300ea5c67\u003C/Name\u003E\u003CFileId\u003E9511672781750665216\u003C/FileId\u003E\u003CProperties /\u003E\u003C/Directory\u003E\u003CDirectory\u003E\u003CName\u003Ec4aa1ec918testlistfilesanddirectoriesoauth990814777d9af3\u003C/Name\u003E\u003CFileId\u003E14123358800178053120\u003C/FileId\u003E\u003CProperties /\u003E\u003C/Directory\u003E\u003CFile\u003E\u003CName\u003Ec4aa1ec93testlistfilesanddirectoriesoauth990515849359a66\u003C/Name\u003E\u003CFileId\u003E11529285414812647424\u003C/FileId\u003E\u003CProperties\u003E\u003CContent-Length\u003E1024\u003C/Content-Length\u003E\u003C/Properties\u003E\u003C/File\u003E\u003CFile\u003E\u003CName\u003Ec4aa1ec94testlistfilesanddirectoriesoauth9900530943f4b26\u003C/Name\u003E\u003CFileId\u003E16140971433240035328\u003C/FileId\u003E\u003CProperties\u003E\u003CContent-Length\u003E1024\u003C/Content-Length\u003E\u003C/Properties\u003E\u003C/File\u003E\u003CFile\u003E\u003CName\u003Ec4aa1ec95testlistfilesanddirectoriesoauth990065910bc7a6d\u003C/Name\u003E\u003CFileId\u003E10376363910205800448\u003C/FileId\u003E\u003CProperties\u003E\u003CContent-Length\u003E1024\u003C/Content-Length\u003E\u003C/Properties\u003E\u003C/File\u003E\u003CFile\u003E\u003CName\u003Ec4aa1ec96testlistfilesanddirectoriesoauth990922447f7840a\u003C/Name\u003E\u003CFileId\u003E14988049928633188352\u003C/FileId\u003E\u003CProperties\u003E\u003CContent-Length\u003E1024\u003C/Content-Length\u003E\u003C/Properties\u003E\u003C/File\u003E\u003CFile\u003E\u003CName\u003Ec4aa1ec97testlistfilesanddirectoriesoauth990378290d8d36f\u003C/Name\u003E\u003CFileId\u003E12682206919419494400\u003C/FileId\u003E\u003CProperties\u003E\u003CContent-Length\u003E1024\u003C/Content-Length\u003E\u003C/Properties\u003E\u003C/File\u003E\u003CFile\u003E\u003CName\u003Ec4aa1ec98testlistfilesanddirectoriesoauth99051783892350e\u003C/Name\u003E\u003CFileId\u003E17293892937846882304\u003C/FileId\u003E\u003CProperties\u003E\u003CContent-Length\u003E1024\u003C/Content-Length\u003E\u003C/Properties\u003E\u003C/File\u003E\u003CFile\u003E\u003CName\u003Ec4aa1ec99testlistfilesanddirectoriesoauth99058453365a09c\u003C/Name\u003E\u003CFileId\u003E9799903157902376960\u003C/FileId\u003E\u003CProperties\u003E\u003CContent-Length\u003E1024\u003C/Content-Length\u003E\u003C/Properties\u003E\u003C/File\u003E\u003C/Entries\u003E\u003CNextMarker /\u003E\u003C/EnumerationResults\u003E"
    }
  ],
  "Variables": {
    "0": "c4aa1ec90testlistfilesanddirectoriesoauth990849302aae6c8",
    "1": "c4aa1ec91testlistfilesanddirectoriesoauth990620620f9a1d9",
    "10": "c4aa1ec910testlistfilesanddirectoriesoauth99053449d44bb2",
    "11": "c4aa1ec911testlistfilesanddirectoriesoauth990831004a6dca",
    "12": "c4aa1ec912testlistfilesanddirectoriesoauth99016759885144",
    "13": "c4aa1ec913testlistfilesanddirectoriesoauth99036550f518e2",
    "14": "c4aa1ec914testlistfilesanddirectoriesoauth990742698bf95f",
    "15": "c4aa1ec915testlistfilesanddirectoriesoauth9906915461f82d",
    "16": "c4aa1ec916testlistfilesanddirectoriesoauth99017944e13fb5",
    "17": "c4aa1ec917testlistfilesanddirectoriesoauth99004300ea5c67",
    "18": "c4aa1ec918testlistfilesanddirectoriesoauth990814777d9af3",
    "2": "c4aa1ec92testlistfilesanddirectoriesoauth990620034ffe5ad",
    "3": "c4aa1ec93testlistfilesanddirectoriesoauth990515849359a66",
    "4": "c4aa1ec94testlistfilesanddirectoriesoauth9900530943f4b26",
    "5": "c4aa1ec95testlistfilesanddirectoriesoauth990065910bc7a6d",
    "6": "c4aa1ec96testlistfilesanddirectoriesoauth990922447f7840a",
    "7": "c4aa1ec97testlistfilesanddirectoriesoauth990378290d8d36f",
    "8": "c4aa1ec98testlistfilesanddirectoriesoauth99051783892350e",
    "9": "c4aa1ec99testlistfilesanddirectoriesoauth99058453365a09c"
  }
}
