{
  "Entries": [
    {
      "RequestUri": "https://REDACTED/362b211b0existserror81341786d22571738a39439eb?restype=share",
      "RequestMethod": "PUT",
      "RequestHeaders": {
        "Accept": "application/xml",
        "Authorization": "Sanitized",
        "Content-Length": "0",
        "Date": "Tue, 26 Nov 2024 21:49:41 GMT",
        "User-Agent": "azsdk-java-azure-storage-file-share/12.26.0-beta.1 (21.0.2; Windows 11; 10.0)",
        "x-ms-client-request-id": "Sanitized",
        "x-ms-version": "2025-01-05"
      },
      "RequestBody": null,
      "StatusCode": 201,
      "ResponseHeaders": {
        "Content-Length": "0",
        "Date": "Tue, 26 Nov 2024 21:49:40 GMT",
        "ETag": "\"0x8DD0E643B9DF24A\"",
        "Last-Modified": "Tue, 26 Nov 2024 21:49:41 GMT",
        "Server": [
          "Windows-Azure-File/1.0",
          "Microsoft-HTTPAPI/2.0"
        ],
        "x-ms-client-request-id": "Sanitized",
        "x-ms-request-id": "Sanitized",
        "x-ms-version": "2025-01-05"
      },
      "ResponseBody": null
    },
    {
      "RequestUri": "https://REDACTED/362b211b0existserror81341786d22571738a39439eb/362b211b1existserror81344544466e746fb9f84e3da?restype=directory&REDACTED",
      "RequestMethod": "GET",
      "RequestHeaders": {
        "Accept": "application/xml",
        "Content-Length": "0",
        "Date": "Tue, 26 Nov 2024 21:49:41 GMT",
        "User-Agent": "azsdk-java-azure-storage-file-share/12.26.0-beta.1 (21.0.2; Windows 11; 10.0)",
        "x-ms-allow-trailing-dot": "false",
        "x-ms-client-request-id": "Sanitized",
        "x-ms-version": "2025-01-05"
      },
      "RequestBody": null,
      "StatusCode": 403,
      "ResponseHeaders": {
        "Content-Length": "407",
        "Content-Type": "application/xml",
        "Date": "Tue, 26 Nov 2024 21:49:41 GMT",
        "Server": "Microsoft-HTTPAPI/2.0",
        "x-ms-error-code": "AuthenticationFailed",
        "x-ms-request-id": "Sanitized"
      },
      "ResponseBody": [
        "\uFEFF<?xml version=\"1.0\" encoding=\"utf-8\"?><Error><Code>AuthenticationFailed</Code><Message>Server failed to authenticate the request. Make sure the value of Authorization header is formed correctly including the signature.\n",
        "RequestId:99396827-601a-0018-784d-402efd000000\n",
        "Time:2024-11-26T21:49:41.6872964Z</Message><AuthenticationErrorDetail>sv is mandatory. Cannot be empty</AuthenticationErrorDetail></Error>"
      ]
    },
    {
      "RequestUri": "https://REDACTED/362b211b0existserror81341786d22571738a39439eb/362b211b1existserror81344544466e746fb9f84e3da?restype=directory&REDACTED",
      "RequestMethod": "GET",
      "RequestHeaders": {
        "Accept": "application/xml",
        "Content-Length": "0",
        "Date": "Tue, 26 Nov 2024 21:49:41 GMT",
        "User-Agent": "azsdk-java-azure-storage-file-share/12.26.0-beta.1 (21.0.2; Windows 11; 10.0)",
        "x-ms-allow-trailing-dot": "false",
        "x-ms-client-request-id": "Sanitized",
        "x-ms-version": "2025-01-05"
      },
      "RequestBody": null,
      "StatusCode": 403,
      "ResponseHeaders": {
        "Content-Length": "407",
        "Content-Type": "application/xml",
        "Date": "Tue, 26 Nov 2024 21:49:41 GMT",
        "Server": "Microsoft-HTTPAPI/2.0",
        "x-ms-error-code": "AuthenticationFailed",
        "x-ms-request-id": "Sanitized"
      },
      "ResponseBody": [
        "\uFEFF<?xml version=\"1.0\" encoding=\"utf-8\"?><Error><Code>AuthenticationFailed</Code><Message>Server failed to authenticate the request. Make sure the value of Authorization header is formed correctly including the signature.\n",
        "RequestId:a09d4ccf-f01a-0068-314d-40970a000000\n",
        "Time:2024-11-26T21:49:41.7644047Z</Message><AuthenticationErrorDetail>sv is mandatory. Cannot be empty</AuthenticationErrorDetail></Error>"
      ]
    }
  ],
  "Variables": {
    "0": "362b211b0existserror81341786d22571738a39439eb",
    "1": "362b211b1existserror81344544466e746fb9f84e3da"
  }
}
