{
  "Entries": [
    {
      "RequestUri": "https://REDACTED/133e58a80listfilesanddirectoriesextendedinfoargs1b236317ccf?restype=share",
      "RequestMethod": "PUT",
      "RequestHeaders": {
        "Accept": "application/xml",
        "Authorization": "Sanitized",
        "Content-Length": "0",
        "Date": "Wed, 16 Aug 2023 01:03:13 GMT",
        "User-Agent": "azsdk-java-azure-storage-file-share/12.20.0-beta.2 (11.0.16.1; Windows 11; 10.0)",
        "x-ms-client-request-id": "8df805dd-3be6-4a30-8f1a-a8bdf7e72a59",
        "x-ms-version": "2023-08-03"
      },
      "RequestBody": null,
      "StatusCode": 201,
      "ResponseHeaders": {
        "Content-Length": "0",
        "Date": "Wed, 16 Aug 2023 01:03:12 GMT",
        "ETag": "\u00220x8DB9DF49133A33E\u0022",
        "Last-Modified": "Wed, 16 Aug 2023 01:03:13 GMT",
        "Server": [
          "Windows-Azure-File/1.0",
          "Microsoft-HTTPAPI/2.0"
        ],
        "x-ms-client-request-id": "8df805dd-3be6-4a30-8f1a-a8bdf7e72a59",
        "x-ms-request-id": "65beebb1-501a-0003-6edd-cfc4cd000000",
        "x-ms-version": "2023-08-03"
      },
      "ResponseBody": null
    },
    {
      "RequestUri": "https://REDACTED/133e58a80listfilesanddirectoriesextendedinfoargs1b236317ccf/133e58a81listfilesanddirectoriesextendedinfoargs1b201211a26?restype=directory",
      "RequestMethod": "PUT",
      "RequestHeaders": {
        "Accept": "application/xml",
        "Authorization": "Sanitized",
        "Content-Length": "0",
        "Date": "Wed, 16 Aug 2023 01:03:13 GMT",
        "User-Agent": "azsdk-java-azure-storage-file-share/12.20.0-beta.2 (11.0.16.1; Windows 11; 10.0)",
        "x-ms-allow-trailing-dot": "false",
        "x-ms-client-request-id": "6511907b-0661-40a7-8101-4c9da8b3e035",
        "x-ms-file-attributes": "None",
        "x-ms-file-creation-time": "Now",
        "x-ms-file-last-write-time": "Now",
        "x-ms-file-permission": "Inherit",
        "x-ms-version": "2023-08-03"
      },
      "RequestBody": null,
      "StatusCode": 201,
      "ResponseHeaders": {
        "Content-Length": "0",
        "Date": "Wed, 16 Aug 2023 01:03:12 GMT",
        "ETag": "\u00220x8DB9DF49144E511\u0022",
        "Last-Modified": "Wed, 16 Aug 2023 01:03:13 GMT",
        "Server": [
          "Windows-Azure-File/1.0",
          "Microsoft-HTTPAPI/2.0"
        ],
        "x-ms-client-request-id": "6511907b-0661-40a7-8101-4c9da8b3e035",
        "x-ms-file-attributes": "Directory",
        "x-ms-file-change-time": "2023-08-16T01:03:13.7849617Z",
        "x-ms-file-creation-time": "2023-08-16T01:03:13.7849617Z",
        "x-ms-file-id": "13835128424026341376",
        "x-ms-file-last-write-time": "2023-08-16T01:03:13.7849617Z",
        "x-ms-file-parent-id": "0",
        "x-ms-file-permission-key": "8792472798472242479*1359530181238362790",
        "x-ms-request-id": "65beebb3-501a-0003-6fdd-cfc4cd000000",
        "x-ms-request-server-encrypted": "true",
        "x-ms-version": "2023-08-03"
      },
      "ResponseBody": null
    },
    {
      "RequestUri": "https://REDACTED/133e58a80listfilesanddirectoriesextendedinfoargs1b236317ccf/133e58a81listfilesanddirectoriesextendedinfoargs1b201211a26%2F133e58a82listfilesanddirectoriesextendedinfoargs1b258115cf70?restype=directory",
      "RequestMethod": "PUT",
      "RequestHeaders": {
        "Accept": "application/xml",
        "Authorization": "Sanitized",
        "Content-Length": "0",
        "Date": "Wed, 16 Aug 2023 01:03:13 GMT",
        "User-Agent": "azsdk-java-azure-storage-file-share/12.20.0-beta.2 (11.0.16.1; Windows 11; 10.0)",
        "x-ms-allow-trailing-dot": "false",
        "x-ms-client-request-id": "25f91429-dc03-4ee3-a7b3-29ad16a1be72",
        "x-ms-file-attributes": "None",
        "x-ms-file-creation-time": "Now",
        "x-ms-file-last-write-time": "Now",
        "x-ms-file-permission": "Inherit",
        "x-ms-version": "2023-08-03"
      },
      "RequestBody": null,
      "StatusCode": 201,
      "ResponseHeaders": {
        "Content-Length": "0",
        "Date": "Wed, 16 Aug 2023 01:03:12 GMT",
        "ETag": "\u00220x8DB9DF49155365C\u0022",
        "Last-Modified": "Wed, 16 Aug 2023 01:03:13 GMT",
        "Server": [
          "Windows-Azure-File/1.0",
          "Microsoft-HTTPAPI/2.0"
        ],
        "x-ms-client-request-id": "25f91429-dc03-4ee3-a7b3-29ad16a1be72",
        "x-ms-file-attributes": "Directory",
        "x-ms-file-change-time": "2023-08-16T01:03:13.8919004Z",
        "x-ms-file-creation-time": "2023-08-16T01:03:13.8919004Z",
        "x-ms-file-id": "11529285414812647424",
        "x-ms-file-last-write-time": "2023-08-16T01:03:13.8919004Z",
        "x-ms-file-parent-id": "13835128424026341376",
        "x-ms-file-permission-key": "8792472798472242479*1359530181238362790",
        "x-ms-request-id": "65beebb4-501a-0003-70dd-cfc4cd000000",
        "x-ms-request-server-encrypted": "true",
        "x-ms-version": "2023-08-03"
      },
      "ResponseBody": null
    },
    {
      "RequestUri": "https://REDACTED/133e58a80listfilesanddirectoriesextendedinfoargs1b236317ccf/133e58a81listfilesanddirectoriesextendedinfoargs1b201211a26%2F133e58a82listfilesanddirectoriesextendedinfoargs1b258115cf70%2F133e58a82listfilesanddirectoriesextendedinfoargs1b258115cf73",
      "RequestMethod": "PUT",
      "RequestHeaders": {
        "Accept": "application/xml",
        "Authorization": "Sanitized",
        "Content-Length": "0",
        "Date": "Wed, 16 Aug 2023 01:03:13 GMT",
        "User-Agent": "azsdk-java-azure-storage-file-share/12.20.0-beta.2 (11.0.16.1; Windows 11; 10.0)",
        "x-ms-allow-trailing-dot": "false",
        "x-ms-client-request-id": "7a29fa48-9867-4d7f-a524-6fa82724244b",
        "x-ms-content-length": "1024",
        "x-ms-file-attributes": "None",
        "x-ms-file-creation-time": "Now",
        "x-ms-file-last-write-time": "Now",
        "x-ms-file-permission": "Inherit",
        "x-ms-type": "file",
        "x-ms-version": "2023-08-03"
      },
      "RequestBody": null,
      "StatusCode": 201,
      "ResponseHeaders": {
        "Content-Length": "0",
        "Date": "Wed, 16 Aug 2023 01:03:13 GMT",
        "ETag": "\u00220x8DB9DF49165609D\u0022",
        "Last-Modified": "Wed, 16 Aug 2023 01:03:13 GMT",
        "Server": [
          "Windows-Azure-File/1.0",
          "Microsoft-HTTPAPI/2.0"
        ],
        "x-ms-client-request-id": "7a29fa48-9867-4d7f-a524-6fa82724244b",
        "x-ms-file-attributes": "Archive",
        "x-ms-file-change-time": "2023-08-16T01:03:13.9978397Z",
        "x-ms-file-creation-time": "2023-08-16T01:03:13.9978397Z",
        "x-ms-file-id": "16140971433240035328",
        "x-ms-file-last-write-time": "2023-08-16T01:03:13.9978397Z",
        "x-ms-file-parent-id": "11529285414812647424",
        "x-ms-file-permission-key": "13438439191449926184*1359530181238362790",
        "x-ms-request-id": "65beebb5-501a-0003-71dd-cfc4cd000000",
        "x-ms-request-server-encrypted": "true",
        "x-ms-version": "2023-08-03"
      },
      "ResponseBody": null
    },
    {
      "RequestUri": "https://REDACTED/133e58a80listfilesanddirectoriesextendedinfoargs1b236317ccf/133e58a81listfilesanddirectoriesextendedinfoargs1b201211a26%2F133e58a82listfilesanddirectoriesextendedinfoargs1b258115cf70%2F133e58a82listfilesanddirectoriesextendedinfoargs1b258115cf74",
      "RequestMethod": "PUT",
      "RequestHeaders": {
        "Accept": "application/xml",
        "Authorization": "Sanitized",
        "Content-Length": "0",
        "Date": "Wed, 16 Aug 2023 01:03:13 GMT",
        "User-Agent": "azsdk-java-azure-storage-file-share/12.20.0-beta.2 (11.0.16.1; Windows 11; 10.0)",
        "x-ms-allow-trailing-dot": "false",
        "x-ms-client-request-id": "bae48e13-4c3f-457d-b4f3-7a17380475eb",
        "x-ms-content-length": "1024",
        "x-ms-file-attributes": "None",
        "x-ms-file-creation-time": "Now",
        "x-ms-file-last-write-time": "Now",
        "x-ms-file-permission": "Inherit",
        "x-ms-type": "file",
        "x-ms-version": "2023-08-03"
      },
      "RequestBody": null,
      "StatusCode": 201,
      "ResponseHeaders": {
        "Content-Length": "0",
        "Date": "Wed, 16 Aug 2023 01:03:13 GMT",
        "ETag": "\u00220x8DB9DF4917515B7\u0022",
        "Last-Modified": "Wed, 16 Aug 2023 01:03:14 GMT",
        "Server": [
          "Windows-Azure-File/1.0",
          "Microsoft-HTTPAPI/2.0"
        ],
        "x-ms-client-request-id": "bae48e13-4c3f-457d-b4f3-7a17380475eb",
        "x-ms-file-attributes": "Archive",
        "x-ms-file-change-time": "2023-08-16T01:03:14.1007799Z",
        "x-ms-file-creation-time": "2023-08-16T01:03:14.1007799Z",
        "x-ms-file-id": "10376363910205800448",
        "x-ms-file-last-write-time": "2023-08-16T01:03:14.1007799Z",
        "x-ms-file-parent-id": "11529285414812647424",
        "x-ms-file-permission-key": "13438439191449926184*1359530181238362790",
        "x-ms-request-id": "65beebb8-501a-0003-72dd-cfc4cd000000",
        "x-ms-request-server-encrypted": "true",
        "x-ms-version": "2023-08-03"
      },
      "ResponseBody": null
    },
    {
      "RequestUri": "https://REDACTED/133e58a80listfilesanddirectoriesextendedinfoargs1b236317ccf/133e58a81listfilesanddirectoriesextendedinfoargs1b201211a26%2F133e58a82listfilesanddirectoriesextendedinfoargs1b258115cf71?restype=directory",
      "RequestMethod": "PUT",
      "RequestHeaders": {
        "Accept": "application/xml",
        "Authorization": "Sanitized",
        "Content-Length": "0",
        "Date": "Wed, 16 Aug 2023 01:03:13 GMT",
        "User-Agent": "azsdk-java-azure-storage-file-share/12.20.0-beta.2 (11.0.16.1; Windows 11; 10.0)",
        "x-ms-allow-trailing-dot": "false",
        "x-ms-client-request-id": "a52b51a3-29a7-4485-ab1d-0f6605a7e9bd",
        "x-ms-file-attributes": "None",
        "x-ms-file-creation-time": "Now",
        "x-ms-file-last-write-time": "Now",
        "x-ms-file-permission": "Inherit",
        "x-ms-version": "2023-08-03"
      },
      "RequestBody": null,
      "StatusCode": 201,
      "ResponseHeaders": {
        "Content-Length": "0",
        "Date": "Wed, 16 Aug 2023 01:03:13 GMT",
        "ETag": "\u00220x8DB9DF4918455B8\u0022",
        "Last-Modified": "Wed, 16 Aug 2023 01:03:14 GMT",
        "Server": [
          "Windows-Azure-File/1.0",
          "Microsoft-HTTPAPI/2.0"
        ],
        "x-ms-client-request-id": "a52b51a3-29a7-4485-ab1d-0f6605a7e9bd",
        "x-ms-file-attributes": "Directory",
        "x-ms-file-change-time": "2023-08-16T01:03:14.2007224Z",
        "x-ms-file-creation-time": "2023-08-16T01:03:14.2007224Z",
        "x-ms-file-id": "14988049928633188352",
        "x-ms-file-last-write-time": "2023-08-16T01:03:14.2007224Z",
        "x-ms-file-parent-id": "13835128424026341376",
        "x-ms-file-permission-key": "8792472798472242479*1359530181238362790",
        "x-ms-request-id": "65beebb9-501a-0003-73dd-cfc4cd000000",
        "x-ms-request-server-encrypted": "true",
        "x-ms-version": "2023-08-03"
      },
      "ResponseBody": null
    },
    {
      "RequestUri": "https://REDACTED/133e58a80listfilesanddirectoriesextendedinfoargs1b236317ccf/133e58a81listfilesanddirectoriesextendedinfoargs1b201211a26%2F133e58a82listfilesanddirectoriesextendedinfoargs1b258115cf71%2F133e58a82listfilesanddirectoriesextendedinfoargs1b258115cf75",
      "RequestMethod": "PUT",
      "RequestHeaders": {
        "Accept": "application/xml",
        "Authorization": "Sanitized",
        "Content-Length": "0",
        "Date": "Wed, 16 Aug 2023 01:03:13 GMT",
        "User-Agent": "azsdk-java-azure-storage-file-share/12.20.0-beta.2 (11.0.16.1; Windows 11; 10.0)",
        "x-ms-allow-trailing-dot": "false",
        "x-ms-client-request-id": "d1866a98-e3b5-4635-a91b-ac813d5f45e6",
        "x-ms-content-length": "1024",
        "x-ms-file-attributes": "None",
        "x-ms-file-creation-time": "Now",
        "x-ms-file-last-write-time": "Now",
        "x-ms-file-permission": "Inherit",
        "x-ms-type": "file",
        "x-ms-version": "2023-08-03"
      },
      "RequestBody": null,
      "StatusCode": 201,
      "ResponseHeaders": {
        "Content-Length": "0",
        "Date": "Wed, 16 Aug 2023 01:03:13 GMT",
        "ETag": "\u00220x8DB9DF49193BCBA\u0022",
        "Last-Modified": "Wed, 16 Aug 2023 01:03:14 GMT",
        "Server": [
          "Windows-Azure-File/1.0",
          "Microsoft-HTTPAPI/2.0"
        ],
        "x-ms-client-request-id": "d1866a98-e3b5-4635-a91b-ac813d5f45e6",
        "x-ms-file-attributes": "Archive",
        "x-ms-file-change-time": "2023-08-16T01:03:14.3016634Z",
        "x-ms-file-creation-time": "2023-08-16T01:03:14.3016634Z",
        "x-ms-file-id": "12682206919419494400",
        "x-ms-file-last-write-time": "2023-08-16T01:03:14.3016634Z",
        "x-ms-file-parent-id": "14988049928633188352",
        "x-ms-file-permission-key": "13438439191449926184*1359530181238362790",
        "x-ms-request-id": "65beebba-501a-0003-74dd-cfc4cd000000",
        "x-ms-request-server-encrypted": "true",
        "x-ms-version": "2023-08-03"
      },
      "ResponseBody": null
    },
    {
      "RequestUri": "https://REDACTED/133e58a80listfilesanddirectoriesextendedinfoargs1b236317ccf/133e58a81listfilesanddirectoriesextendedinfoargs1b201211a26%2F133e58a82listfilesanddirectoriesextendedinfoargs1b258115cf71%2F133e58a82listfilesanddirectoriesextendedinfoargs1b258115cf76",
      "RequestMethod": "PUT",
      "RequestHeaders": {
        "Accept": "application/xml",
        "Authorization": "Sanitized",
        "Content-Length": "0",
        "Date": "Wed, 16 Aug 2023 01:03:13 GMT",
        "User-Agent": "azsdk-java-azure-storage-file-share/12.20.0-beta.2 (11.0.16.1; Windows 11; 10.0)",
        "x-ms-allow-trailing-dot": "false",
        "x-ms-client-request-id": "c98d9e5f-763f-4b1c-8f5f-065de562ff41",
        "x-ms-content-length": "1024",
        "x-ms-file-attributes": "None",
        "x-ms-file-creation-time": "Now",
        "x-ms-file-last-write-time": "Now",
        "x-ms-file-permission": "Inherit",
        "x-ms-type": "file",
        "x-ms-version": "2023-08-03"
      },
      "RequestBody": null,
      "StatusCode": 201,
      "ResponseHeaders": {
        "Content-Length": "0",
        "Date": "Wed, 16 Aug 2023 01:03:13 GMT",
        "ETag": "\u00220x8DB9DF491A398EC\u0022",
        "Last-Modified": "Wed, 16 Aug 2023 01:03:14 GMT",
        "Server": [
          "Windows-Azure-File/1.0",
          "Microsoft-HTTPAPI/2.0"
        ],
        "x-ms-client-request-id": "c98d9e5f-763f-4b1c-8f5f-065de562ff41",
        "x-ms-file-attributes": "Archive",
        "x-ms-file-change-time": "2023-08-16T01:03:14.4056044Z",
        "x-ms-file-creation-time": "2023-08-16T01:03:14.4056044Z",
        "x-ms-file-id": "17293892937846882304",
        "x-ms-file-last-write-time": "2023-08-16T01:03:14.4056044Z",
        "x-ms-file-parent-id": "14988049928633188352",
        "x-ms-file-permission-key": "13438439191449926184*1359530181238362790",
        "x-ms-request-id": "65beebbb-501a-0003-75dd-cfc4cd000000",
        "x-ms-request-server-encrypted": "true",
        "x-ms-version": "2023-08-03"
      },
      "ResponseBody": null
    },
    {
      "RequestUri": "https://REDACTED/133e58a80listfilesanddirectoriesextendedinfoargs1b236317ccf/133e58a81listfilesanddirectoriesextendedinfoargs1b201211a26%2F133e58a82listfilesanddirectoriesextendedinfoargs1b258115cf72",
      "RequestMethod": "PUT",
      "RequestHeaders": {
        "Accept": "application/xml",
        "Authorization": "Sanitized",
        "Content-Length": "0",
        "Date": "Wed, 16 Aug 2023 01:03:13 GMT",
        "User-Agent": "azsdk-java-azure-storage-file-share/12.20.0-beta.2 (11.0.16.1; Windows 11; 10.0)",
        "x-ms-allow-trailing-dot": "false",
        "x-ms-client-request-id": "7f86c3ae-c075-41f5-a16c-e0552c2147af",
        "x-ms-content-length": "1024",
        "x-ms-file-attributes": "None",
        "x-ms-file-creation-time": "Now",
        "x-ms-file-last-write-time": "Now",
        "x-ms-file-permission": "Inherit",
        "x-ms-type": "file",
        "x-ms-version": "2023-08-03"
      },
      "RequestBody": null,
      "StatusCode": 201,
      "ResponseHeaders": {
        "Content-Length": "0",
        "Date": "Wed, 16 Aug 2023 01:03:13 GMT",
        "ETag": "\u00220x8DB9DF491B2D8E7\u0022",
        "Last-Modified": "Wed, 16 Aug 2023 01:03:14 GMT",
        "Server": [
          "Windows-Azure-File/1.0",
          "Microsoft-HTTPAPI/2.0"
        ],
        "x-ms-client-request-id": "7f86c3ae-c075-41f5-a16c-e0552c2147af",
        "x-ms-file-attributes": "Archive",
        "x-ms-file-change-time": "2023-08-16T01:03:14.5055463Z",
        "x-ms-file-creation-time": "2023-08-16T01:03:14.5055463Z",
        "x-ms-file-id": "9799903157902376960",
        "x-ms-file-last-write-time": "2023-08-16T01:03:14.5055463Z",
        "x-ms-file-parent-id": "13835128424026341376",
        "x-ms-file-permission-key": "13438439191449926184*1359530181238362790",
        "x-ms-request-id": "65beebbc-501a-0003-76dd-cfc4cd000000",
        "x-ms-request-server-encrypted": "true",
        "x-ms-version": "2023-08-03"
      },
      "ResponseBody": null
    },
    {
      "RequestUri": "https://REDACTED/133e58a80listfilesanddirectoriesextendedinfoargs1b236317ccf/133e58a81listfilesanddirectoriesextendedinfoargs1b201211a26?restype=directory\u0026comp=list\u0026prefix=133e58a8\u0026include=Attributes%2CEtag%2CTimestamps%2CPermissionKey",
      "RequestMethod": "GET",
      "RequestHeaders": {
        "Accept": "application/xml",
        "Authorization": "Sanitized",
        "Content-Length": "0",
        "Date": "Wed, 16 Aug 2023 01:03:14 GMT",
        "User-Agent": "azsdk-java-azure-storage-file-share/12.20.0-beta.2 (11.0.16.1; Windows 11; 10.0)",
        "x-ms-allow-trailing-dot": "false",
        "x-ms-client-request-id": "c517699c-5a9e-422e-ae13-21ce69e55012",
        "x-ms-file-extended-info": "true",
        "x-ms-version": "2023-08-03"
      },
      "RequestBody": null,
      "StatusCode": 200,
      "ResponseHeaders": {
        "Access-Control-Allow-Origin": "*",
        "Access-Control-Expose-Headers": "x-ms-request-id,x-ms-client-request-id,Server,x-ms-version,Content-Type,Content-Length,Date,Transfer-Encoding",
        "Content-Type": "application/xml",
        "Date": "Wed, 16 Aug 2023 01:03:13 GMT",
        "Server": [
          "Windows-Azure-File/1.0",
          "Microsoft-HTTPAPI/2.0"
        ],
        "Transfer-Encoding": "chunked",
        "x-ms-client-request-id": "c517699c-5a9e-422e-ae13-21ce69e55012",
        "x-ms-request-id": "65beebbd-501a-0003-77dd-cfc4cd000000",
        "x-ms-version": "2023-08-03"
      },
      "ResponseBody": "\uFEFF\u003C?xml version=\u00221.0\u0022 encoding=\u0022utf-8\u0022?\u003E\u003CEnumerationResults ServiceEndpoint=\u0022https://sdkfileoauthsa.file.core.windows.net/\u0022 ShareName=\u0022133e58a80listfilesanddirectoriesextendedinfoargs1b236317ccf\u0022 DirectoryPath=\u0022133e58a81listfilesanddirectoriesextendedinfoargs1b201211a26\u0022\u003E\u003CPrefix\u003E133e58a8\u003C/Prefix\u003E\u003CDirectoryId\u003E13835128424026341376\u003C/DirectoryId\u003E\u003CEntries\u003E\u003CDirectory\u003E\u003CName\u003E133e58a82listfilesanddirectoriesextendedinfoargs1b258115cf70\u003C/Name\u003E\u003CFileId\u003E11529285414812647424\u003C/FileId\u003E\u003CProperties\u003E\u003CCreationTime\u003E2023-08-16T01:03:13.8919004Z\u003C/CreationTime\u003E\u003CLastAccessTime\u003E2023-08-16T01:03:13.8919004Z\u003C/LastAccessTime\u003E\u003CLastWriteTime\u003E2023-08-16T01:03:13.8919004Z\u003C/LastWriteTime\u003E\u003CChangeTime\u003E2023-08-16T01:03:13.8919004Z\u003C/ChangeTime\u003E\u003CLast-Modified\u003EWed, 16 Aug 2023 01:03:13 GMT\u003C/Last-Modified\u003E\u003CEtag\u003E\u00220x8DB9DF49155365C\u0022\u003C/Etag\u003E\u003C/Properties\u003E\u003CAttributes\u003EDirectory\u003C/Attributes\u003E\u003CPermissionKey\u003E8792472798472242479*1359530181238362790\u003C/PermissionKey\u003E\u003C/Directory\u003E\u003CDirectory\u003E\u003CName\u003E133e58a82listfilesanddirectoriesextendedinfoargs1b258115cf71\u003C/Name\u003E\u003CFileId\u003E14988049928633188352\u003C/FileId\u003E\u003CProperties\u003E\u003CCreationTime\u003E2023-08-16T01:03:14.2007224Z\u003C/CreationTime\u003E\u003CLastAccessTime\u003E2023-08-16T01:03:14.2007224Z\u003C/LastAccessTime\u003E\u003CLastWriteTime\u003E2023-08-16T01:03:14.2007224Z\u003C/LastWriteTime\u003E\u003CChangeTime\u003E2023-08-16T01:03:14.2007224Z\u003C/ChangeTime\u003E\u003CLast-Modified\u003EWed, 16 Aug 2023 01:03:14 GMT\u003C/Last-Modified\u003E\u003CEtag\u003E\u00220x8DB9DF4918455B8\u0022\u003C/Etag\u003E\u003C/Properties\u003E\u003CAttributes\u003EDirectory\u003C/Attributes\u003E\u003CPermissionKey\u003E8792472798472242479*1359530181238362790\u003C/PermissionKey\u003E\u003C/Directory\u003E\u003CFile\u003E\u003CName\u003E133e58a82listfilesanddirectoriesextendedinfoargs1b258115cf72\u003C/Name\u003E\u003CFileId\u003E9799903157902376960\u003C/FileId\u003E\u003CProperties\u003E\u003CContent-Length\u003E1024\u003C/Content-Length\u003E\u003CCreationTime\u003E2023-08-16T01:03:14.5055463Z\u003C/CreationTime\u003E\u003CLastAccessTime\u003E2023-08-16T01:03:14.5055463Z\u003C/LastAccessTime\u003E\u003CLastWriteTime\u003E2023-08-16T01:03:14.5055463Z\u003C/LastWriteTime\u003E\u003CChangeTime\u003E2023-08-16T01:03:14.5055463Z\u003C/ChangeTime\u003E\u003CLast-Modified\u003EWed, 16 Aug 2023 01:03:14 GMT\u003C/Last-Modified\u003E\u003CEtag\u003E\u00220x8DB9DF491B2D8E7\u0022\u003C/Etag\u003E\u003C/Properties\u003E\u003CAttributes\u003EArchive\u003C/Attributes\u003E\u003CPermissionKey\u003E13438439191449926184*1359530181238362790\u003C/PermissionKey\u003E\u003C/File\u003E\u003C/Entries\u003E\u003CNextMarker /\u003E\u003C/EnumerationResults\u003E"
    }
  ],
  "Variables": {
    "0": "133e58a80listfilesanddirectoriesextendedinfoargs1b236317ccf",
    "1": "133e58a81listfilesanddirectoriesextendedinfoargs1b201211a26",
    "2": "133e58a82listfilesanddirectoriesextendedinfoargs1b258115cf7"
  }
}
