{
  "Entries": [
    {
      "RequestUri": "https://REDACTED/2fe888e50forceclosehandleinvalidhandleidf0244404fa327dc?restype=share",
      "RequestMethod": "PUT",
      "RequestHeaders": {
        "Accept": "application/xml",
        "Authorization": "Sanitized",
        "Content-Length": "0",
        "Date": "Wed, 05 Feb 2025 18:29:22 GMT",
        "User-Agent": "azsdk-java-azure-storage-file-share/12.26.0-beta.1 (17.0.12; Windows 11; 10.0)",
        "x-ms-client-request-id": "Sanitized",
        "x-ms-version": "2025-05-05"
      },
      "RequestBody": null,
      "StatusCode": 201,
      "ResponseHeaders": {
        "Content-Length": "0",
        "Date": "Wed, 05 Feb 2025 18:29:22 GMT",
        "ETag": "\"0x8DD46130322C916\"",
        "Last-Modified": "Wed, 05 Feb 2025 18:29:22 GMT",
        "Server": [
          "Windows-Azure-File/1.0",
          "Microsoft-HTTPAPI/2.0"
        ],
        "x-ms-client-request-id": "Sanitized",
        "x-ms-request-id": "Sanitized",
        "x-ms-version": "2025-05-05"
      },
      "ResponseBody": null
    },
    {
      "RequestUri": "https://REDACTED/2fe888e50forceclosehandleinvalidhandleidf0244404fa327dc/2fe888e51forceclosehandleinvalidhandleidf0218109a3d85e5?restype=directory",
      "RequestMethod": "PUT",
      "RequestHeaders": {
        "Accept": "application/xml",
        "Authorization": "Sanitized",
        "Content-Length": "0",
        "Date": "Wed, 05 Feb 2025 18:29:22 GMT",
        "User-Agent": "azsdk-java-azure-storage-file-share/12.26.0-beta.1 (17.0.12; Windows 11; 10.0)",
        "x-ms-allow-trailing-dot": "false",
        "x-ms-client-request-id": "Sanitized",
        "x-ms-version": "2025-05-05"
      },
      "RequestBody": null,
      "StatusCode": 201,
      "ResponseHeaders": {
        "Content-Length": "0",
        "Date": "Wed, 05 Feb 2025 18:29:21 GMT",
        "ETag": "\"0x8DD4613032F3BCA\"",
        "Last-Modified": "Wed, 05 Feb 2025 18:29:22 GMT",
        "Server": [
          "Windows-Azure-File/1.0",
          "Microsoft-HTTPAPI/2.0"
        ],
        "x-ms-client-request-id": "Sanitized",
        "x-ms-file-attributes": "Directory",
        "x-ms-file-change-time": "2025-02-05T18:29:22.8228554Z",
        "x-ms-file-creation-time": "2025-02-05T18:29:22.8228554Z",
        "x-ms-file-id": "13835128424026341376",
        "x-ms-file-last-write-time": "2025-02-05T18:29:22.8228554Z",
        "x-ms-file-parent-id": "0",
        "x-ms-file-permission-key": "6308620360510780710*4564291401320309423",
        "x-ms-request-id": "Sanitized",
        "x-ms-request-server-encrypted": "true",
        "x-ms-version": "2025-05-05"
      },
      "ResponseBody": null
    },
    {
      "RequestUri": "https://REDACTED/2fe888e50forceclosehandleinvalidhandleidf0244404fa327dc/2fe888e51forceclosehandleinvalidhandleidf0218109a3d85e5?comp=forceclosehandles",
      "RequestMethod": "PUT",
      "RequestHeaders": {
        "Accept": "application/xml",
        "Authorization": "Sanitized",
        "Content-Length": "0",
        "Date": "Wed, 05 Feb 2025 18:29:22 GMT",
        "User-Agent": "azsdk-java-azure-storage-file-share/12.26.0-beta.1 (17.0.12; Windows 11; 10.0)",
        "x-ms-allow-trailing-dot": "false",
        "x-ms-client-request-id": "Sanitized",
        "x-ms-handle-id": "invalidHandleId",
        "x-ms-recursive": "false",
        "x-ms-version": "2025-05-05"
      },
      "RequestBody": null,
      "StatusCode": 400,
      "ResponseHeaders": {
        "Content-Length": "335",
        "Content-Type": "application/xml",
        "Date": "Wed, 05 Feb 2025 18:29:22 GMT",
        "Server": [
          "Windows-Azure-File/1.0",
          "Microsoft-HTTPAPI/2.0"
        ],
        "x-ms-client-request-id": "Sanitized",
        "x-ms-error-code": "InvalidHeaderValue",
        "x-ms-request-id": "Sanitized",
        "x-ms-version": "2025-05-05"
      },
      "ResponseBody": [
        "\uFEFF<?xml version=\"1.0\" encoding=\"utf-8\"?><Error><Code>InvalidHeaderValue</Code><Message>The value for one of the HTTP headers is not in the correct format.\n",
        "RequestId:dc0ef198-401a-0060-28fb-77ebf9000000\n",
        "Time:2025-02-05T18:29:22.9010558Z</Message><HeaderName>x-ms-handle-id</HeaderName><HeaderValue>invalidHandleId</HeaderValue></Error>"
      ]
    }
  ],
  "Variables": {
    "0": "2fe888e50forceclosehandleinvalidhandleidf0244404fa327dc",
    "1": "2fe888e51forceclosehandleinvalidhandleidf0218109a3d85e5"
  }
}
