{
  "Entries": [
    {
      "RequestUri": "https://REDACTED/f4e5ccbb0setdirectoryhttpheadersfilepermissionformatf2c332860?restype=share",
      "RequestMethod": "PUT",
      "RequestHeaders": {
        "Accept": "application/xml",
        "Authorization": "Sanitized",
        "Content-Length": "0",
        "Date": "Wed, 31 Jul 2024 17:50:58 GMT",
        "User-Agent": "azsdk-java-azure-storage-file-share/12.23.0 (17.0.8; Windows 11; 10.0)",
        "x-ms-client-request-id": "Sanitized",
        "x-ms-version": "2024-11-04"
      },
      "RequestBody": null,
      "StatusCode": 201,
      "ResponseHeaders": {
        "Content-Length": "0",
        "Date": "Wed, 31 Jul 2024 17:51:00 GMT",
        "ETag": "\"0x8DCB18956D9F613\"",
        "Last-Modified": "Wed, 31 Jul 2024 17:51:00 GMT",
        "Server": [
          "Windows-Azure-File/1.0",
          "Microsoft-HTTPAPI/2.0"
        ],
        "x-ms-client-request-id": "Sanitized",
        "x-ms-request-id": "Sanitized",
        "x-ms-version": "2024-11-04"
      },
      "ResponseBody": null
    },
    {
      "RequestUri": "https://REDACTED/f4e5ccbb0setdirectoryhttpheadersfilepermissionformatf2c332860/f4e5ccbb1setdirectoryhttpheadersfilepermissionformatf2c96539a?restype=directory",
      "RequestMethod": "PUT",
      "RequestHeaders": {
        "Accept": "application/xml",
        "Authorization": "Sanitized",
        "Content-Length": "0",
        "Date": "Wed, 31 Jul 2024 17:50:59 GMT",
        "User-Agent": "azsdk-java-azure-storage-file-share/12.23.0 (17.0.8; Windows 11; 10.0)",
        "x-ms-allow-trailing-dot": "false",
        "x-ms-client-request-id": "Sanitized",
        "x-ms-file-attributes": "None",
        "x-ms-file-creation-time": "Now",
        "x-ms-file-last-write-time": "Now",
        "x-ms-file-permission": "Inherit",
        "x-ms-version": "2024-11-04"
      },
      "RequestBody": null,
      "StatusCode": 201,
      "ResponseHeaders": {
        "Content-Length": "0",
        "Date": "Wed, 31 Jul 2024 17:51:00 GMT",
        "ETag": "\"0x8DCB18957008AFE\"",
        "Last-Modified": "Wed, 31 Jul 2024 17:51:00 GMT",
        "Server": [
          "Windows-Azure-File/1.0",
          "Microsoft-HTTPAPI/2.0"
        ],
        "x-ms-client-request-id": "Sanitized",
        "x-ms-file-attributes": "Directory",
        "x-ms-file-change-time": "2024-07-31T17:51:00.8057086Z",
        "x-ms-file-creation-time": "2024-07-31T17:51:00.8057086Z",
        "x-ms-file-id": "13835128424026341376",
        "x-ms-file-last-write-time": "2024-07-31T17:51:00.8057086Z",
        "x-ms-file-parent-id": "0",
        "x-ms-file-permission-key": "3341290327828196975*5081612660206631398",
        "x-ms-request-id": "Sanitized",
        "x-ms-request-server-encrypted": "true",
        "x-ms-version": "2024-11-04"
      },
      "ResponseBody": null
    },
    {
      "RequestUri": "https://REDACTED/f4e5ccbb0setdirectoryhttpheadersfilepermissionformatf2c332860/f4e5ccbb1setdirectoryhttpheadersfilepermissionformatf2c96539a?restype=directory&comp=properties",
      "RequestMethod": "PUT",
      "RequestHeaders": {
        "Accept": "application/xml",
        "Authorization": "Sanitized",
        "Content-Length": "0",
        "Date": "Wed, 31 Jul 2024 17:50:59 GMT",
        "User-Agent": "azsdk-java-azure-storage-file-share/12.23.0 (17.0.8; Windows 11; 10.0)",
        "x-ms-allow-trailing-dot": "false",
        "x-ms-client-request-id": "Sanitized",
        "x-ms-file-attributes": "Preserve",
        "x-ms-file-creation-time": "Preserve",
        "x-ms-file-last-write-time": "Preserve",
        "x-ms-file-permission": "O:S-1-5-21-2127521184-1604012920-1887927527-21560751G:S-1-5-21-2127521184-1604012920-1887927527-513D:AI(A;;FA;;;SY)(A;;FA;;;BA)(A;;0x1200a9;;;S-1-5-21-397955417-626881126-188441444-3053964)S:NO_ACCESS_CONTROL",
        "x-ms-file-permission-format": "SDDL",
        "x-ms-version": "2024-11-04"
      },
      "RequestBody": null,
      "StatusCode": 200,
      "ResponseHeaders": {
        "Content-Length": "0",
        "Date": "Wed, 31 Jul 2024 17:51:01 GMT",
        "ETag": "\"0x8DCB18957516353\"",
        "Last-Modified": "Wed, 31 Jul 2024 17:51:01 GMT",
        "Server": [
          "Windows-Azure-File/1.0",
          "Microsoft-HTTPAPI/2.0"
        ],
        "x-ms-client-request-id": "Sanitized",
        "x-ms-file-attributes": "Directory",
        "x-ms-file-change-time": "2024-07-31T17:51:01.3355347Z",
        "x-ms-file-creation-time": "2024-07-31T17:51:00.8057086Z",
        "x-ms-file-id": "13835128424026341376",
        "x-ms-file-last-write-time": "2024-07-31T17:51:00.8057086Z",
        "x-ms-file-parent-id": "0",
        "x-ms-file-permission-key": "16231623300506987543*5081612660206631398",
        "x-ms-request-id": "Sanitized",
        "x-ms-request-server-encrypted": "true",
        "x-ms-version": "2024-11-04"
      },
      "ResponseBody": null
    }
  ],
  "Variables": {
    "0": "f4e5ccbb0setdirectoryhttpheadersfilepermissionformatf2c332860",
    "1": "f4e5ccbb1setdirectoryhttpheadersfilepermissionformatf2c96539a"
  }
}
