{
  "Entries": [
    {
      "RequestUri": "https://REDACTED/8d548bd10paralleluploadinputstreambadlength359263565818af?restype=share",
      "RequestMethod": "PUT",
      "RequestHeaders": {
        "Accept": "application/xml",
        "Authorization": "Sanitized",
        "Content-Length": "0",
        "Date": "Wed, 27 Nov 2024 14:29:38 GMT",
        "User-Agent": "azsdk-java-azure-storage-file-share/12.26.0-beta.1 (21.0.2; Windows 11; 10.0)",
        "x-ms-client-request-id": "Sanitized",
        "x-ms-version": "2025-01-05"
      },
      "RequestBody": null,
      "StatusCode": 201,
      "ResponseHeaders": {
        "Content-Length": "0",
        "Date": "Wed, 27 Nov 2024 14:29:37 GMT",
        "ETag": "\"0x8DD0EEFEC263684\"",
        "Last-Modified": "Wed, 27 Nov 2024 14:29:37 GMT",
        "Server": [
          "Windows-Azure-File/1.0",
          "Microsoft-HTTPAPI/2.0"
        ],
        "x-ms-client-request-id": "Sanitized",
        "x-ms-request-id": "Sanitized",
        "x-ms-version": "2025-01-05"
      },
      "ResponseBody": null
    },
    {
      "RequestUri": "https://REDACTED/8d548bd10paralleluploadinputstreambadlength359263565818af/8d548bd11paralleluploadinputstreambadlength35983890cf0f20",
      "RequestMethod": "PUT",
      "RequestHeaders": {
        "Accept": "application/xml",
        "Authorization": "Sanitized",
        "Content-Length": "0",
        "Date": "Wed, 27 Nov 2024 14:29:38 GMT",
        "User-Agent": "azsdk-java-azure-storage-file-share/12.26.0-beta.1 (21.0.2; Windows 11; 10.0)",
        "x-ms-allow-trailing-dot": "false",
        "x-ms-client-request-id": "Sanitized",
        "x-ms-content-length": "7",
        "x-ms-file-attributes": "None",
        "x-ms-file-creation-time": "Now",
        "x-ms-file-last-write-time": "Now",
        "x-ms-file-permission": "Inherit",
        "x-ms-type": "file",
        "x-ms-version": "2025-01-05"
      },
      "RequestBody": null,
      "StatusCode": 201,
      "ResponseHeaders": {
        "Content-Length": "0",
        "Date": "Wed, 27 Nov 2024 14:29:37 GMT",
        "ETag": "\"0x8DD0EEFEC352154\"",
        "Last-Modified": "Wed, 27 Nov 2024 14:29:37 GMT",
        "Server": [
          "Windows-Azure-File/1.0",
          "Microsoft-HTTPAPI/2.0"
        ],
        "x-ms-client-request-id": "Sanitized",
        "x-ms-file-attributes": "Archive",
        "x-ms-file-change-time": "2024-11-27T14:29:37.9355988Z",
        "x-ms-file-creation-time": "2024-11-27T14:29:37.9355988Z",
        "x-ms-file-id": "13835128424026341376",
        "x-ms-file-last-write-time": "2024-11-27T14:29:37.9355988Z",
        "x-ms-file-parent-id": "0",
        "x-ms-file-permission-key": "15551900749952526465*9183854576063791119",
        "x-ms-request-id": "Sanitized",
        "x-ms-request-server-encrypted": "true",
        "x-ms-version": "2025-01-05"
      },
      "ResponseBody": null
    },
    {
      "RequestUri": "https://REDACTED/8d548bd10paralleluploadinputstreambadlength359263565818af/8d548bd11paralleluploadinputstreambadlength35983890cf0f20",
      "RequestMethod": "PUT",
      "RequestHeaders": {
        "Accept": "application/xml",
        "Authorization": "Sanitized",
        "Content-Length": "0",
        "Date": "Wed, 27 Nov 2024 14:29:38 GMT",
        "User-Agent": "azsdk-java-azure-storage-file-share/12.26.0-beta.1 (21.0.2; Windows 11; 10.0)",
        "x-ms-allow-trailing-dot": "false",
        "x-ms-client-request-id": "Sanitized",
        "x-ms-content-length": "7",
        "x-ms-file-attributes": "None",
        "x-ms-file-creation-time": "Now",
        "x-ms-file-last-write-time": "Now",
        "x-ms-file-permission": "Inherit",
        "x-ms-type": "file",
        "x-ms-version": "2025-01-05"
      },
      "RequestBody": null,
      "StatusCode": 201,
      "ResponseHeaders": {
        "Content-Length": "0",
        "Date": "Wed, 27 Nov 2024 14:29:37 GMT",
        "ETag": "\"0x8DD0EEFEC41E42C\"",
        "Last-Modified": "Wed, 27 Nov 2024 14:29:38 GMT",
        "Server": [
          "Windows-Azure-File/1.0",
          "Microsoft-HTTPAPI/2.0"
        ],
        "x-ms-client-request-id": "Sanitized",
        "x-ms-file-attributes": "Archive",
        "x-ms-file-change-time": "2024-11-27T14:29:38.0192300Z",
        "x-ms-file-creation-time": "2024-11-27T14:29:38.0192300Z",
        "x-ms-file-id": "13835128424026341376",
        "x-ms-file-last-write-time": "2024-11-27T14:29:38.0192300Z",
        "x-ms-file-parent-id": "0",
        "x-ms-file-permission-key": "15551900749952526465*9183854576063791119",
        "x-ms-request-id": "Sanitized",
        "x-ms-request-server-encrypted": "true",
        "x-ms-version": "2025-01-05"
      },
      "ResponseBody": null
    },
    {
      "RequestUri": "https://REDACTED/8d548bd10paralleluploadinputstreambadlength359263565818af/8d548bd11paralleluploadinputstreambadlength35983890cf0f20",
      "RequestMethod": "PUT",
      "RequestHeaders": {
        "Accept": "application/xml",
        "Authorization": "Sanitized",
        "Content-Length": "0",
        "Date": "Wed, 27 Nov 2024 14:29:38 GMT",
        "User-Agent": "azsdk-java-azure-storage-file-share/12.26.0-beta.1 (21.0.2; Windows 11; 10.0)",
        "x-ms-allow-trailing-dot": "false",
        "x-ms-client-request-id": "Sanitized",
        "x-ms-content-length": "7",
        "x-ms-file-attributes": "None",
        "x-ms-file-creation-time": "Now",
        "x-ms-file-last-write-time": "Now",
        "x-ms-file-permission": "Inherit",
        "x-ms-type": "file",
        "x-ms-version": "2025-01-05"
      },
      "RequestBody": null,
      "StatusCode": 201,
      "ResponseHeaders": {
        "Content-Length": "0",
        "Date": "Wed, 27 Nov 2024 14:29:37 GMT",
        "ETag": "\"0x8DD0EEFEC500513\"",
        "Last-Modified": "Wed, 27 Nov 2024 14:29:38 GMT",
        "Server": [
          "Windows-Azure-File/1.0",
          "Microsoft-HTTPAPI/2.0"
        ],
        "x-ms-client-request-id": "Sanitized",
        "x-ms-file-attributes": "Archive",
        "x-ms-file-change-time": "2024-11-27T14:29:38.1118227Z",
        "x-ms-file-creation-time": "2024-11-27T14:29:38.1118227Z",
        "x-ms-file-id": "13835128424026341376",
        "x-ms-file-last-write-time": "2024-11-27T14:29:38.1118227Z",
        "x-ms-file-parent-id": "0",
        "x-ms-file-permission-key": "15551900749952526465*9183854576063791119",
        "x-ms-request-id": "Sanitized",
        "x-ms-request-server-encrypted": "true",
        "x-ms-version": "2025-01-05"
      },
      "ResponseBody": null
    },
    {
      "RequestUri": "https://REDACTED/8d548bd10paralleluploadinputstreambadlength359263565818af/8d548bd11paralleluploadinputstreambadlength35983890cf0f20",
      "RequestMethod": "PUT",
      "RequestHeaders": {
        "Accept": "application/xml",
        "Authorization": "Sanitized",
        "Content-Length": "0",
        "Date": "Wed, 27 Nov 2024 14:29:38 GMT",
        "User-Agent": "azsdk-java-azure-storage-file-share/12.26.0-beta.1 (21.0.2; Windows 11; 10.0)",
        "x-ms-allow-trailing-dot": "false",
        "x-ms-client-request-id": "Sanitized",
        "x-ms-content-length": "7",
        "x-ms-file-attributes": "None",
        "x-ms-file-creation-time": "Now",
        "x-ms-file-last-write-time": "Now",
        "x-ms-file-permission": "Inherit",
        "x-ms-type": "file",
        "x-ms-version": "2025-01-05"
      },
      "RequestBody": null,
      "StatusCode": 201,
      "ResponseHeaders": {
        "Content-Length": "0",
        "Date": "Wed, 27 Nov 2024 14:29:37 GMT",
        "ETag": "\"0x8DD0EEFEC5CC7F3\"",
        "Last-Modified": "Wed, 27 Nov 2024 14:29:38 GMT",
        "Server": [
          "Windows-Azure-File/1.0",
          "Microsoft-HTTPAPI/2.0"
        ],
        "x-ms-client-request-id": "Sanitized",
        "x-ms-file-attributes": "Archive",
        "x-ms-file-change-time": "2024-11-27T14:29:38.1954547Z",
        "x-ms-file-creation-time": "2024-11-27T14:29:38.1954547Z",
        "x-ms-file-id": "13835128424026341376",
        "x-ms-file-last-write-time": "2024-11-27T14:29:38.1954547Z",
        "x-ms-file-parent-id": "0",
        "x-ms-file-permission-key": "15551900749952526465*9183854576063791119",
        "x-ms-request-id": "Sanitized",
        "x-ms-request-server-encrypted": "true",
        "x-ms-version": "2025-01-05"
      },
      "ResponseBody": null
    }
  ],
  "Variables": {
    "0": "8d548bd10paralleluploadinputstreambadlength359263565818af",
    "1": "8d548bd11paralleluploadinputstreambadlength35983890cf0f20"
  }
}
