{
  "Entries": [
    {
      "RequestUri": "https://REDACTED/1d105ac20startcopywithoptionswithoriginalsmbpropertiesdad25965?restype=share",
      "RequestMethod": "PUT",
      "RequestHeaders": {
        "Accept": "application/xml",
        "Authorization": "Sanitized",
        "Content-Length": "0",
        "Date": "Fri, 18 Aug 2023 21:33:10 GMT",
        "User-Agent": "azsdk-java-azure-storage-file-share/12.20.0-beta.2 (11.0.16.1; Windows 11; 10.0)",
        "x-ms-client-request-id": "12eee3e1-9de4-4d5b-b1d8-546ccba1d6ee",
        "x-ms-version": "2023-08-03"
      },
      "RequestBody": null,
      "StatusCode": 201,
      "ResponseHeaders": {
        "Content-Length": "0",
        "Date": "Fri, 18 Aug 2023 21:33:10 GMT",
        "ETag": "\u00220x8DBA032B8ED712E\u0022",
        "Last-Modified": "Fri, 18 Aug 2023 21:33:11 GMT",
        "Server": [
          "Windows-Azure-File/1.0",
          "Microsoft-HTTPAPI/2.0"
        ],
        "x-ms-client-request-id": "12eee3e1-9de4-4d5b-b1d8-546ccba1d6ee",
        "x-ms-request-id": "692d401a-a01a-0065-441b-d28bed000000",
        "x-ms-version": "2023-08-03"
      },
      "ResponseBody": null
    },
    {
      "RequestUri": "https://REDACTED/1d105ac20startcopywithoptionswithoriginalsmbpropertiesdad25965/1d105ac21startcopywithoptionswithoriginalsmbpropertiesdad38684",
      "RequestMethod": "PUT",
      "RequestHeaders": {
        "Accept": "application/xml",
        "Authorization": "Sanitized",
        "Content-Length": "0",
        "Date": "Fri, 18 Aug 2023 21:33:10 GMT",
        "User-Agent": "azsdk-java-azure-storage-file-share/12.20.0-beta.2 (11.0.16.1; Windows 11; 10.0)",
        "x-ms-allow-trailing-dot": "false",
        "x-ms-client-request-id": "f26b5c3e-518c-45ce-98ab-510ec64474f8",
        "x-ms-content-length": "1024",
        "x-ms-file-attributes": "None",
        "x-ms-file-creation-time": "Now",
        "x-ms-file-last-write-time": "Now",
        "x-ms-file-permission": "Inherit",
        "x-ms-type": "file",
        "x-ms-version": "2023-08-03"
      },
      "RequestBody": null,
      "StatusCode": 201,
      "ResponseHeaders": {
        "Content-Length": "0",
        "Date": "Fri, 18 Aug 2023 21:33:10 GMT",
        "ETag": "\u00220x8DBA032B8FE6EBA\u0022",
        "Last-Modified": "Fri, 18 Aug 2023 21:33:11 GMT",
        "Server": [
          "Windows-Azure-File/1.0",
          "Microsoft-HTTPAPI/2.0"
        ],
        "x-ms-client-request-id": "f26b5c3e-518c-45ce-98ab-510ec64474f8",
        "x-ms-file-attributes": "Archive",
        "x-ms-file-change-time": "2023-08-18T21:33:11.5548346Z",
        "x-ms-file-creation-time": "2023-08-18T21:33:11.5548346Z",
        "x-ms-file-id": "13835128424026341376",
        "x-ms-file-last-write-time": "2023-08-18T21:33:11.5548346Z",
        "x-ms-file-parent-id": "0",
        "x-ms-file-permission-key": "13438439191449926184*1359530181238362790",
        "x-ms-request-id": "692d401c-a01a-0065-451b-d28bed000000",
        "x-ms-request-server-encrypted": "true",
        "x-ms-version": "2023-08-03"
      },
      "ResponseBody": null
    },
    {
      "RequestUri": "https://REDACTED/1d105ac20startcopywithoptionswithoriginalsmbpropertiesdad25965/1d105ac21startcopywithoptionswithoriginalsmbpropertiesdad38684",
      "RequestMethod": "HEAD",
      "RequestHeaders": {
        "Accept": "application/xml",
        "Authorization": "Sanitized",
        "Content-Length": "0",
        "Date": "Fri, 18 Aug 2023 21:33:10 GMT",
        "User-Agent": "azsdk-java-azure-storage-file-share/12.20.0-beta.2 (11.0.16.1; Windows 11; 10.0)",
        "x-ms-allow-trailing-dot": "false",
        "x-ms-client-request-id": "3d3608eb-8664-4262-9dce-e5019f6c2b48",
        "x-ms-version": "2023-08-03"
      },
      "RequestBody": null,
      "StatusCode": 200,
      "ResponseHeaders": {
        "Content-Length": "1024",
        "Content-Type": "application/octet-stream",
        "Date": "Fri, 18 Aug 2023 21:33:10 GMT",
        "ETag": "\u00220x8DBA032B8FE6EBA\u0022",
        "Last-Modified": "Fri, 18 Aug 2023 21:33:11 GMT",
        "Server": [
          "Windows-Azure-File/1.0",
          "Microsoft-HTTPAPI/2.0"
        ],
        "x-ms-client-request-id": "3d3608eb-8664-4262-9dce-e5019f6c2b48",
        "x-ms-file-attributes": "Archive",
        "x-ms-file-change-time": "2023-08-18T21:33:11.5548346Z",
        "x-ms-file-creation-time": "2023-08-18T21:33:11.5548346Z",
        "x-ms-file-id": "13835128424026341376",
        "x-ms-file-last-write-time": "2023-08-18T21:33:11.5548346Z",
        "x-ms-file-parent-id": "0",
        "x-ms-file-permission-key": "13438439191449926184*1359530181238362790",
        "x-ms-lease-state": "available",
        "x-ms-lease-status": "unlocked",
        "x-ms-request-id": "692d401d-a01a-0065-461b-d28bed000000",
        "x-ms-server-encrypted": "true",
        "x-ms-type": "File",
        "x-ms-version": "2023-08-03"
      },
      "ResponseBody": null
    },
    {
      "RequestUri": "https://REDACTED/1d105ac20startcopywithoptionswithoriginalsmbpropertiesdad25965/1d105ac21startcopywithoptionswithoriginalsmbpropertiesdad38684?comp=lease",
      "RequestMethod": "PUT",
      "RequestHeaders": {
        "Accept": "application/xml",
        "Authorization": "Sanitized",
        "Content-Length": "0",
        "Date": "Fri, 18 Aug 2023 21:33:10 GMT",
        "User-Agent": "azsdk-java-azure-storage-file-share/12.20.0-beta.2 (11.0.16.1; Windows 11; 10.0)",
        "x-ms-allow-trailing-dot": "false",
        "x-ms-client-request-id": "b28ac75a-75f0-4361-ac02-ed6dfbd14303",
        "x-ms-lease-action": "acquire",
        "x-ms-lease-duration": "-1",
        "x-ms-proposed-lease-id": "b7c2ea9a-012f-4400-9748-bdecda1c3365",
        "x-ms-version": "2023-08-03"
      },
      "RequestBody": null,
      "StatusCode": 201,
      "ResponseHeaders": {
        "Date": "Fri, 18 Aug 2023 21:33:10 GMT",
        "ETag": "\u00220x8DBA032B8FE6EBA\u0022",
        "Last-Modified": "Fri, 18 Aug 2023 21:33:11 GMT",
        "Server": [
          "Windows-Azure-File/1.0",
          "Microsoft-HTTPAPI/2.0"
        ],
        "Transfer-Encoding": "chunked",
        "x-ms-client-request-id": "b28ac75a-75f0-4361-ac02-ed6dfbd14303",
        "x-ms-lease-id": "b7c2ea9a-012f-4400-9748-bdecda1c3365",
        "x-ms-request-id": "692d401e-a01a-0065-471b-d28bed000000",
        "x-ms-version": "2023-08-03"
      },
      "ResponseBody": null
    },
    {
      "RequestUri": "https://REDACTED/1d105ac20startcopywithoptionswithoriginalsmbpropertiesdad25965/1d105ac21startcopywithoptionswithoriginalsmbpropertiesdad38684",
      "RequestMethod": "PUT",
      "RequestHeaders": {
        "Accept": "application/xml",
        "Authorization": "Sanitized",
        "Content-Length": "0",
        "Date": "Fri, 18 Aug 2023 21:33:10 GMT",
        "User-Agent": "azsdk-java-azure-storage-file-share/12.20.0-beta.2 (11.0.16.1; Windows 11; 10.0)",
        "x-ms-allow-trailing-dot": "false",
        "x-ms-client-request-id": "410903cf-47ee-4042-bbef-97d5caadeae8",
        "x-ms-copy-source": "REDACTEDREDACTED",
        "x-ms-file-attributes": "Source",
        "x-ms-file-change-time": "Source",
        "x-ms-file-creation-time": "Source",
        "x-ms-file-last-write-time": "Source",
        "x-ms-lease-id": "b7c2ea9a-012f-4400-9748-bdecda1c3365",
        "x-ms-source-allow-trailing-dot": "false",
        "x-ms-version": "2023-08-03"
      },
      "RequestBody": null,
      "StatusCode": 202,
      "ResponseHeaders": {
        "Content-Length": "0",
        "Date": "Fri, 18 Aug 2023 21:33:11 GMT",
        "ETag": "\u00220x8DBA032B92FD799\u0022",
        "Last-Modified": "Fri, 18 Aug 2023 21:33:11 GMT",
        "Server": [
          "Windows-Azure-File/1.0",
          "Microsoft-HTTPAPI/2.0"
        ],
        "x-ms-client-request-id": "410903cf-47ee-4042-bbef-97d5caadeae8",
        "x-ms-copy-id": "ce75857e-06b5-4d31-bad7-3b32089afc4d",
        "x-ms-copy-status": "success",
        "x-ms-request-id": "692d401f-a01a-0065-481b-d28bed000000",
        "x-ms-version": "2023-08-03"
      },
      "ResponseBody": null
    },
    {
      "RequestUri": "https://REDACTED/1d105ac20startcopywithoptionswithoriginalsmbpropertiesdad25965/1d105ac21startcopywithoptionswithoriginalsmbpropertiesdad38684",
      "RequestMethod": "HEAD",
      "RequestHeaders": {
        "Accept": "application/xml",
        "Authorization": "Sanitized",
        "Content-Length": "0",
        "Date": "Fri, 18 Aug 2023 21:33:11 GMT",
        "User-Agent": "azsdk-java-azure-storage-file-share/12.20.0-beta.2 (11.0.16.1; Windows 11; 10.0)",
        "x-ms-allow-trailing-dot": "false",
        "x-ms-client-request-id": "0aed8713-884f-4b60-acb4-d322ba15d82f",
        "x-ms-lease-id": "b7c2ea9a-012f-4400-9748-bdecda1c3365",
        "x-ms-version": "2023-08-03"
      },
      "RequestBody": null,
      "StatusCode": 200,
      "ResponseHeaders": {
        "Content-Length": "1024",
        "Content-Type": "application/octet-stream",
        "Date": "Fri, 18 Aug 2023 21:33:12 GMT",
        "ETag": "\u00220x8DBA032B92FD799\u0022",
        "Last-Modified": "Fri, 18 Aug 2023 21:33:11 GMT",
        "Server": [
          "Windows-Azure-File/1.0",
          "Microsoft-HTTPAPI/2.0"
        ],
        "x-ms-client-request-id": "0aed8713-884f-4b60-acb4-d322ba15d82f",
        "x-ms-copy-completion-time": "Fri, 18 Aug 2023 21:33:11 GMT",
        "x-ms-copy-id": "ce75857e-06b5-4d31-bad7-3b32089afc4d",
        "x-ms-copy-progress": "1024/1024",
        "x-ms-copy-source": "REDACTEDREDACTED",
        "x-ms-copy-status": "success",
        "x-ms-file-attributes": "Archive",
        "x-ms-file-change-time": "2023-08-18T21:33:11.5548346Z",
        "x-ms-file-creation-time": "2023-08-18T21:33:11.5548346Z",
        "x-ms-file-id": "13835128424026341376",
        "x-ms-file-last-write-time": "2023-08-18T21:33:11.5548346Z",
        "x-ms-file-parent-id": "0",
        "x-ms-file-permission-key": "13438439191449926184*1359530181238362790",
        "x-ms-lease-duration": "infinite",
        "x-ms-lease-state": "leased",
        "x-ms-lease-status": "locked",
        "x-ms-request-id": "692d4025-a01a-0065-4c1b-d28bed000000",
        "x-ms-server-encrypted": "true",
        "x-ms-type": "File",
        "x-ms-version": "2023-08-03"
      },
      "ResponseBody": null
    },
    {
      "RequestUri": "https://REDACTED/1d105ac20startcopywithoptionswithoriginalsmbpropertiesdad25965/1d105ac21startcopywithoptionswithoriginalsmbpropertiesdad38684",
      "RequestMethod": "HEAD",
      "RequestHeaders": {
        "Accept": "application/xml",
        "Authorization": "Sanitized",
        "Content-Length": "0",
        "Date": "Fri, 18 Aug 2023 21:33:12 GMT",
        "User-Agent": "azsdk-java-azure-storage-file-share/12.20.0-beta.2 (11.0.16.1; Windows 11; 10.0)",
        "x-ms-allow-trailing-dot": "false",
        "x-ms-client-request-id": "2bba1311-224b-4426-a462-baf4d001276a",
        "x-ms-version": "2023-08-03"
      },
      "RequestBody": null,
      "StatusCode": 200,
      "ResponseHeaders": {
        "Content-Length": "1024",
        "Content-Type": "application/octet-stream",
        "Date": "Fri, 18 Aug 2023 21:33:12 GMT",
        "ETag": "\u00220x8DBA032B92FD799\u0022",
        "Last-Modified": "Fri, 18 Aug 2023 21:33:11 GMT",
        "Server": [
          "Windows-Azure-File/1.0",
          "Microsoft-HTTPAPI/2.0"
        ],
        "x-ms-client-request-id": "2bba1311-224b-4426-a462-baf4d001276a",
        "x-ms-copy-completion-time": "Fri, 18 Aug 2023 21:33:11 GMT",
        "x-ms-copy-id": "ce75857e-06b5-4d31-bad7-3b32089afc4d",
        "x-ms-copy-progress": "1024/1024",
        "x-ms-copy-source": "REDACTEDREDACTED",
        "x-ms-copy-status": "success",
        "x-ms-file-attributes": "Archive",
        "x-ms-file-change-time": "2023-08-18T21:33:11.5548346Z",
        "x-ms-file-creation-time": "2023-08-18T21:33:11.5548346Z",
        "x-ms-file-id": "13835128424026341376",
        "x-ms-file-last-write-time": "2023-08-18T21:33:11.5548346Z",
        "x-ms-file-parent-id": "0",
        "x-ms-file-permission-key": "13438439191449926184*1359530181238362790",
        "x-ms-lease-duration": "infinite",
        "x-ms-lease-state": "leased",
        "x-ms-lease-status": "locked",
        "x-ms-request-id": "692d4026-a01a-0065-4d1b-d28bed000000",
        "x-ms-server-encrypted": "true",
        "x-ms-type": "File",
        "x-ms-version": "2023-08-03"
      },
      "ResponseBody": null
    }
  ],
  "Variables": {
    "0": "1d105ac20startcopywithoptionswithoriginalsmbpropertiesdad25965",
    "1": "1d105ac21startcopywithoptionswithoriginalsmbpropertiesdad38684"
  }
}
