{
  "Entries": [
    {
      "RequestUri": "https://REDACTED/8d0ee3bf0getnonencodedfilename37c36712f99006212543?restype=share",
      "RequestMethod": "PUT",
      "RequestHeaders": {
        "Accept": "application/xml",
        "Authorization": "Sanitized",
        "Content-Length": "0",
        "Date": "Wed, 24 Jan 2024 01:19:25 GMT",
        "User-Agent": "azsdk-java-azure-storage-file-share/12.22.0-beta.1 (17.0.10; Windows 11; 10.0)",
        "x-ms-client-request-id": "b06b6ed4-c059-41bf-917d-64e4f3d42317",
        "x-ms-version": "2024-02-04"
      },
      "RequestBody": null,
      "StatusCode": 201,
      "ResponseHeaders": {
        "Content-Length": "0",
        "Date": "Wed, 24 Jan 2024 01:19:26 GMT",
        "ETag": "\u00220x8DC1C7A819E8709\u0022",
        "Last-Modified": "Wed, 24 Jan 2024 01:19:26 GMT",
        "Server": [
          "Windows-Azure-File/1.0",
          "Microsoft-HTTPAPI/2.0"
        ],
        "x-ms-client-request-id": "b06b6ed4-c059-41bf-917d-64e4f3d42317",
        "x-ms-request-id": "deefbf20-f01a-0013-7663-4e36f4000000",
        "x-ms-version": "2024-02-04"
      },
      "ResponseBody": null
    },
    {
      "RequestUri": "https://REDACTED/8d0ee3bf0getnonencodedfilename37c36712f99006212543/%25%D0%A0%D0%BE%D1%81%D1%81%D0%B8%D1%8F%20%ED%95%9C%EA%B5%AD%20%E4%B8%AD%E5%9B%BD!",
      "RequestMethod": "PUT",
      "RequestHeaders": {
        "Accept": "application/xml",
        "Authorization": "Sanitized",
        "Content-Length": "0",
        "Date": "Wed, 24 Jan 2024 01:19:25 GMT",
        "User-Agent": "azsdk-java-azure-storage-file-share/12.22.0-beta.1 (17.0.10; Windows 11; 10.0)",
        "x-ms-allow-trailing-dot": "false",
        "x-ms-client-request-id": "54b1ff8a-9fd5-4597-a149-b671a1048d44",
        "x-ms-content-length": "1024",
        "x-ms-file-attributes": "None",
        "x-ms-file-creation-time": "Now",
        "x-ms-file-last-write-time": "Now",
        "x-ms-file-permission": "Inherit",
        "x-ms-type": "file",
        "x-ms-version": "2024-02-04"
      },
      "RequestBody": null,
      "StatusCode": 201,
      "ResponseHeaders": {
        "Content-Length": "0",
        "Date": "Wed, 24 Jan 2024 01:19:26 GMT",
        "ETag": "\u00220x8DC1C7A81B84DDF\u0022",
        "Last-Modified": "Wed, 24 Jan 2024 01:19:26 GMT",
        "Server": [
          "Windows-Azure-File/1.0",
          "Microsoft-HTTPAPI/2.0"
        ],
        "x-ms-client-request-id": "54b1ff8a-9fd5-4597-a149-b671a1048d44",
        "x-ms-file-attributes": "Archive",
        "x-ms-file-change-time": "2024-01-24T01:19:26.7695071Z",
        "x-ms-file-creation-time": "2024-01-24T01:19:26.7695071Z",
        "x-ms-file-id": "13835128424026341376",
        "x-ms-file-last-write-time": "2024-01-24T01:19:26.7695071Z",
        "x-ms-file-parent-id": "0",
        "x-ms-file-permission-key": "8592442312075974896*16113479809698295934",
        "x-ms-request-id": "c68f022b-601a-005c-0163-4e47a0000000",
        "x-ms-request-server-encrypted": "true",
        "x-ms-version": "2024-02-04"
      },
      "ResponseBody": null
    },
    {
      "RequestUri": "https://REDACTED/8d0ee3bf0getnonencodedfilename37c36712f99006212543/%25%D0%A0%D0%BE%D1%81%D1%81%D0%B8%D1%8F%20%ED%95%9C%EA%B5%AD%20%E4%B8%AD%E5%9B%BD!",
      "RequestMethod": "HEAD",
      "RequestHeaders": {
        "Accept": "application/xml",
        "Authorization": "Sanitized",
        "Content-Length": "0",
        "Date": "Wed, 24 Jan 2024 01:19:25 GMT",
        "User-Agent": "azsdk-java-azure-storage-file-share/12.22.0-beta.1 (17.0.10; Windows 11; 10.0)",
        "x-ms-allow-trailing-dot": "false",
        "x-ms-client-request-id": "1587e770-b20e-4c2d-a329-3d9c7ecb130b",
        "x-ms-version": "2024-02-04"
      },
      "RequestBody": null,
      "StatusCode": 200,
      "ResponseHeaders": {
        "Content-Length": "1024",
        "Content-Type": "application/octet-stream",
        "Date": "Wed, 24 Jan 2024 01:19:26 GMT",
        "ETag": "\u00220x8DC1C7A81B84DDF\u0022",
        "Last-Modified": "Wed, 24 Jan 2024 01:19:26 GMT",
        "Server": [
          "Windows-Azure-File/1.0",
          "Microsoft-HTTPAPI/2.0"
        ],
        "Vary": "Origin",
        "x-ms-client-request-id": "1587e770-b20e-4c2d-a329-3d9c7ecb130b",
        "x-ms-file-attributes": "Archive",
        "x-ms-file-change-time": "2024-01-24T01:19:26.7695071Z",
        "x-ms-file-creation-time": "2024-01-24T01:19:26.7695071Z",
        "x-ms-file-id": "13835128424026341376",
        "x-ms-file-last-write-time": "2024-01-24T01:19:26.7695071Z",
        "x-ms-file-parent-id": "0",
        "x-ms-file-permission-key": "8592442312075974896*16113479809698295934",
        "x-ms-lease-state": "available",
        "x-ms-lease-status": "unlocked",
        "x-ms-request-id": "c68f022d-601a-005c-0263-4e47a0000000",
        "x-ms-server-encrypted": "true",
        "x-ms-type": "File",
        "x-ms-version": "2024-02-04"
      },
      "ResponseBody": null
    }
  ],
  "Variables": {
    "0": "8d0ee3bf0getnonencodedfilename37c36712f99006212543",
    "1": "8d0ee3bf1getnonencodedfilename37c80184193d5bf8b4de"
  }
}
