{
  "Entries": [
    {
      "RequestUri": "https://REDACTED/?restype=service&comp=properties",
      "RequestMethod": "GET",
      "RequestHeaders": {
        "Accept": "application/xml",
        "Authorization": "Sanitized",
        "Content-Length": "0",
        "Date": "Tue, 19 Aug 2025 15:51:01 GMT",
        "User-Agent": "azsdk-java-azure-storage-file-share/12.28.0-beta.2 (17.0.12; Windows 11; 10.0)",
        "x-ms-client-request-id": "Sanitized",
        "x-ms-version": "2026-02-06"
      },
      "RequestBody": null,
      "StatusCode": 200,
      "ResponseHeaders": {
        "Content-Type": "application/xml",
        "Date": "Tue, 19 Aug 2025 15:51:01 GMT",
        "Server": [
          "Windows-Azure-File/1.0",
          "Microsoft-HTTPAPI/2.0"
        ],
        "Transfer-Encoding": "chunked",
        "x-ms-client-request-id": "Sanitized",
        "x-ms-request-id": "Sanitized",
        "x-ms-version": "2026-02-06"
      },
      "ResponseBody": "\uFEFF<?xml version=\"1.0\" encoding=\"utf-8\"?><StorageServiceProperties><HourMetrics><Version>1.0</Version><Enabled>false</Enabled><RetentionPolicy><Enabled>false</Enabled></RetentionPolicy></HourMetrics><MinuteMetrics><Version>1.0</Version><Enabled>false</Enabled><RetentionPolicy><Enabled>false</Enabled></RetentionPolicy></MinuteMetrics><Cors /><ProtocolSettings><SMB><Multichannel><Enabled>true</Enabled></Multichannel></SMB><NFS><EncryptionInTransit><Required>false</Required></EncryptionInTransit></NFS></ProtocolSettings></StorageServiceProperties>"
    },
    {
      "RequestUri": "https://REDACTED/?restype=service&comp=properties",
      "RequestMethod": "PUT",
      "RequestHeaders": {
        "Accept": "application/xml",
        "Authorization": "Sanitized",
        "Content-Length": "538",
        "Content-Type": "application/xml",
        "Date": "Tue, 19 Aug 2025 15:51:02 GMT",
        "User-Agent": "azsdk-java-azure-storage-file-share/12.28.0-beta.2 (17.0.12; Windows 11; 10.0)",
        "x-ms-client-request-id": "Sanitized",
        "x-ms-version": "2026-02-06"
      },
      "RequestBody": "<?xml version=\"1.0\" encoding=\"UTF-8\"?><StorageServiceProperties><HourMetrics><Version>1.0</Version><Enabled>false</Enabled><RetentionPolicy><Enabled>false</Enabled></RetentionPolicy></HourMetrics><MinuteMetrics><Version>1.0</Version><Enabled>false</Enabled><RetentionPolicy><Enabled>false</Enabled></RetentionPolicy></MinuteMetrics><ProtocolSettings><SMB><Multichannel><Enabled>true</Enabled></Multichannel></SMB><NFS><EncryptionInTransit><Required>true</Required></EncryptionInTransit></NFS></ProtocolSettings></StorageServiceProperties>",
      "StatusCode": 202,
      "ResponseHeaders": {
        "Content-Length": "0",
        "Date": "Tue, 19 Aug 2025 15:51:03 GMT",
        "Server": [
          "Windows-Azure-File/1.0",
          "Microsoft-HTTPAPI/2.0"
        ],
        "x-ms-client-request-id": "Sanitized",
        "x-ms-request-id": "Sanitized",
        "x-ms-version": "2026-02-06"
      },
      "ResponseBody": null
    },
    {
      "RequestUri": "https://REDACTED/?restype=service&comp=properties",
      "RequestMethod": "GET",
      "RequestHeaders": {
        "Accept": "application/xml",
        "Authorization": "Sanitized",
        "Content-Length": "0",
        "Date": "Tue, 19 Aug 2025 15:51:03 GMT",
        "User-Agent": "azsdk-java-azure-storage-file-share/12.28.0-beta.2 (17.0.12; Windows 11; 10.0)",
        "x-ms-client-request-id": "Sanitized",
        "x-ms-version": "2026-02-06"
      },
      "RequestBody": null,
      "StatusCode": 200,
      "ResponseHeaders": {
        "Content-Type": "application/xml",
        "Date": "Tue, 19 Aug 2025 15:51:03 GMT",
        "Server": [
          "Windows-Azure-File/1.0",
          "Microsoft-HTTPAPI/2.0"
        ],
        "Transfer-Encoding": "chunked",
        "x-ms-client-request-id": "Sanitized",
        "x-ms-request-id": "Sanitized",
        "x-ms-version": "2026-02-06"
      },
      "ResponseBody": "\uFEFF<?xml version=\"1.0\" encoding=\"utf-8\"?><StorageServiceProperties><HourMetrics><Version>1.0</Version><Enabled>false</Enabled><RetentionPolicy><Enabled>false</Enabled></RetentionPolicy></HourMetrics><MinuteMetrics><Version>1.0</Version><Enabled>false</Enabled><RetentionPolicy><Enabled>false</Enabled></RetentionPolicy></MinuteMetrics><Cors /><ProtocolSettings><SMB><Multichannel><Enabled>true</Enabled></Multichannel></SMB><NFS><EncryptionInTransit><Required>true</Required></EncryptionInTransit></NFS></ProtocolSettings></StorageServiceProperties>"
    },
    {
      "RequestUri": "https://REDACTED/?restype=service&comp=properties",
      "RequestMethod": "PUT",
      "RequestHeaders": {
        "Accept": "application/xml",
        "Authorization": "Sanitized",
        "Content-Length": "539",
        "Content-Type": "application/xml",
        "Date": "Tue, 19 Aug 2025 15:51:03 GMT",
        "User-Agent": "azsdk-java-azure-storage-file-share/12.28.0-beta.2 (17.0.12; Windows 11; 10.0)",
        "x-ms-client-request-id": "Sanitized",
        "x-ms-version": "2026-02-06"
      },
      "RequestBody": "<?xml version=\"1.0\" encoding=\"UTF-8\"?><StorageServiceProperties><HourMetrics><Version>1.0</Version><Enabled>false</Enabled><RetentionPolicy><Enabled>false</Enabled></RetentionPolicy></HourMetrics><MinuteMetrics><Version>1.0</Version><Enabled>false</Enabled><RetentionPolicy><Enabled>false</Enabled></RetentionPolicy></MinuteMetrics><ProtocolSettings><SMB><Multichannel><Enabled>true</Enabled></Multichannel></SMB><NFS><EncryptionInTransit><Required>false</Required></EncryptionInTransit></NFS></ProtocolSettings></StorageServiceProperties>",
      "StatusCode": 202,
      "ResponseHeaders": {
        "Content-Length": "0",
        "Date": "Tue, 19 Aug 2025 15:51:04 GMT",
        "Server": [
          "Windows-Azure-File/1.0",
          "Microsoft-HTTPAPI/2.0"
        ],
        "x-ms-client-request-id": "Sanitized",
        "x-ms-request-id": "Sanitized",
        "x-ms-version": "2026-02-06"
      },
      "ResponseBody": null
    }
  ],
  "Variables": {
    "0": "732cc3950getsetservicepropertiesencryptionintransitnfse3628271"
  }
}
