{
  "Entries": [
    {
      "RequestUri": "https://REDACTED/089ed2d50forceclosehandlemin89c679890f6da71a04004?restype=share",
      "RequestMethod": "PUT",
      "RequestHeaders": {
        "Accept": "application/xml",
        "Authorization": "Sanitized",
        "Content-Length": "0",
        "Date": "Wed, 05 Feb 2025 18:40:55 GMT",
        "User-Agent": "azsdk-java-azure-storage-file-share/12.26.0-beta.1 (17.0.12; Windows 11; 10.0)",
        "x-ms-client-request-id": "Sanitized",
        "x-ms-version": "2025-05-05"
      },
      "RequestBody": null,
      "StatusCode": 201,
      "ResponseHeaders": {
        "Content-Length": "0",
        "Date": "Wed, 05 Feb 2025 18:40:55 GMT",
        "ETag": "\"0x8DD46149FFF8B1E\"",
        "Last-Modified": "Wed, 05 Feb 2025 18:40:55 GMT",
        "Server": [
          "Windows-Azure-File/1.0",
          "Microsoft-HTTPAPI/2.0"
        ],
        "x-ms-client-request-id": "Sanitized",
        "x-ms-request-id": "Sanitized",
        "x-ms-version": "2025-05-05"
      },
      "ResponseBody": null
    },
    {
      "RequestUri": "https://REDACTED/089ed2d50forceclosehandlemin89c679890f6da71a04004/089ed2d51forceclosehandlemin89c5087180324aa3f2404",
      "RequestMethod": "PUT",
      "RequestHeaders": {
        "Accept": "application/xml",
        "Authorization": "Sanitized",
        "Content-Length": "0",
        "Date": "Wed, 05 Feb 2025 18:40:55 GMT",
        "User-Agent": "azsdk-java-azure-storage-file-share/12.26.0-beta.1 (17.0.12; Windows 11; 10.0)",
        "x-ms-allow-trailing-dot": "false",
        "x-ms-client-request-id": "Sanitized",
        "x-ms-content-length": "512",
        "x-ms-type": "file",
        "x-ms-version": "2025-05-05"
      },
      "RequestBody": null,
      "StatusCode": 201,
      "ResponseHeaders": {
        "Content-Length": "0",
        "Date": "Wed, 05 Feb 2025 18:40:54 GMT",
        "ETag": "\"0x8DD4614A00BBBFE\"",
        "Last-Modified": "Wed, 05 Feb 2025 18:40:55 GMT",
        "Server": [
          "Windows-Azure-File/1.0",
          "Microsoft-HTTPAPI/2.0"
        ],
        "x-ms-client-request-id": "Sanitized",
        "x-ms-file-attributes": "Archive",
        "x-ms-file-change-time": "2025-02-05T18:40:55.4892286Z",
        "x-ms-file-creation-time": "2025-02-05T18:40:55.4892286Z",
        "x-ms-file-id": "13835128424026341376",
        "x-ms-file-last-write-time": "2025-02-05T18:40:55.4892286Z",
        "x-ms-file-parent-id": "0",
        "x-ms-file-permission-key": "10950351419671890465*4564291401320309423",
        "x-ms-request-id": "Sanitized",
        "x-ms-request-server-encrypted": "true",
        "x-ms-version": "2025-05-05"
      },
      "ResponseBody": null
    },
    {
      "RequestUri": "https://REDACTED/089ed2d50forceclosehandlemin89c679890f6da71a04004/089ed2d51forceclosehandlemin89c5087180324aa3f2404?comp=forceclosehandles",
      "RequestMethod": "PUT",
      "RequestHeaders": {
        "Accept": "application/xml",
        "Authorization": "Sanitized",
        "Content-Length": "0",
        "Date": "Wed, 05 Feb 2025 18:40:55 GMT",
        "User-Agent": "azsdk-java-azure-storage-file-share/12.26.0-beta.1 (17.0.12; Windows 11; 10.0)",
        "x-ms-allow-trailing-dot": "false",
        "x-ms-client-request-id": "Sanitized",
        "x-ms-handle-id": "1",
        "x-ms-version": "2025-05-05"
      },
      "RequestBody": null,
      "StatusCode": 200,
      "ResponseHeaders": {
        "Content-Length": "0",
        "Date": "Wed, 05 Feb 2025 18:40:54 GMT",
        "Server": [
          "Windows-Azure-File/1.0",
          "Microsoft-HTTPAPI/2.0"
        ],
        "x-ms-client-request-id": "Sanitized",
        "x-ms-number-of-handles-closed": "0",
        "x-ms-number-of-handles-failed": "0",
        "x-ms-request-id": "Sanitized",
        "x-ms-version": "2025-05-05"
      },
      "ResponseBody": null
    }
  ],
  "Variables": {
    "0": "089ed2d50forceclosehandlemin89c679890f6da71a04004",
    "1": "089ed2d51forceclosehandlemin89c5087180324aa3f2404"
  }
}
