{
  "Entries": [
    {
      "RequestUri": "https://REDACTED/3818d1c30downloadleasefailc87241768d566eaa41474c?restype=share",
      "RequestMethod": "PUT",
      "RequestHeaders": {
        "Accept": "application/xml",
        "Authorization": "Sanitized",
        "Content-Length": "0",
        "Date": "Tue, 26 Nov 2024 21:50:09 GMT",
        "User-Agent": "azsdk-java-azure-storage-file-share/12.26.0-beta.1 (21.0.2; Windows 11; 10.0)",
        "x-ms-client-request-id": "Sanitized",
        "x-ms-version": "2025-01-05"
      },
      "RequestBody": null,
      "StatusCode": 201,
      "ResponseHeaders": {
        "Content-Length": "0",
        "Date": "Tue, 26 Nov 2024 21:50:08 GMT",
        "ETag": "\"0x8DD0E644BE9763B\"",
        "Last-Modified": "Tue, 26 Nov 2024 21:50:08 GMT",
        "Server": [
          "Windows-Azure-File/1.0",
          "Microsoft-HTTPAPI/2.0"
        ],
        "x-ms-client-request-id": "Sanitized",
        "x-ms-request-id": "Sanitized",
        "x-ms-version": "2025-01-05"
      },
      "ResponseBody": null
    },
    {
      "RequestUri": "https://REDACTED/3818d1c30downloadleasefailc87241768d566eaa41474c/3818d1c31downloadleasefailc870585020d8731c44374f",
      "RequestMethod": "PUT",
      "RequestHeaders": {
        "Accept": "application/xml",
        "Authorization": "Sanitized",
        "Content-Length": "0",
        "Date": "Tue, 26 Nov 2024 21:50:09 GMT",
        "User-Agent": "azsdk-java-azure-storage-file-share/12.26.0-beta.1 (21.0.2; Windows 11; 10.0)",
        "x-ms-allow-trailing-dot": "false",
        "x-ms-client-request-id": "Sanitized",
        "x-ms-content-length": "7",
        "x-ms-file-attributes": "None",
        "x-ms-file-creation-time": "Now",
        "x-ms-file-last-write-time": "Now",
        "x-ms-file-permission": "Inherit",
        "x-ms-type": "file",
        "x-ms-version": "2025-01-05"
      },
      "RequestBody": null,
      "StatusCode": 201,
      "ResponseHeaders": {
        "Content-Length": "0",
        "Date": "Tue, 26 Nov 2024 21:50:08 GMT",
        "ETag": "\"0x8DD0E644BF68801\"",
        "Last-Modified": "Tue, 26 Nov 2024 21:50:09 GMT",
        "Server": [
          "Windows-Azure-File/1.0",
          "Microsoft-HTTPAPI/2.0"
        ],
        "x-ms-client-request-id": "Sanitized",
        "x-ms-file-attributes": "Archive",
        "x-ms-file-change-time": "2024-11-26T21:50:09.0444801Z",
        "x-ms-file-creation-time": "2024-11-26T21:50:09.0444801Z",
        "x-ms-file-id": "13835128424026341376",
        "x-ms-file-last-write-time": "2024-11-26T21:50:09.0444801Z",
        "x-ms-file-parent-id": "0",
        "x-ms-file-permission-key": "15551900749952526465*9183854576063791119",
        "x-ms-request-id": "Sanitized",
        "x-ms-request-server-encrypted": "true",
        "x-ms-version": "2025-01-05"
      },
      "ResponseBody": null
    },
    {
      "RequestUri": "https://REDACTED/3818d1c30downloadleasefailc87241768d566eaa41474c/3818d1c31downloadleasefailc870585020d8731c44374f?comp=lease",
      "RequestMethod": "PUT",
      "RequestHeaders": {
        "Accept": "application/xml",
        "Authorization": "Sanitized",
        "Content-Length": "0",
        "Date": "Tue, 26 Nov 2024 21:50:09 GMT",
        "User-Agent": "azsdk-java-azure-storage-file-share/12.26.0-beta.1 (21.0.2; Windows 11; 10.0)",
        "x-ms-allow-trailing-dot": "false",
        "x-ms-client-request-id": "Sanitized",
        "x-ms-lease-action": "acquire",
        "x-ms-lease-duration": "-1",
        "x-ms-proposed-lease-id": "c02a798e-d091-4e31-b1d7-0c3e28e5ecbe",
        "x-ms-version": "2025-01-05"
      },
      "RequestBody": null,
      "StatusCode": 201,
      "ResponseHeaders": {
        "Date": "Tue, 26 Nov 2024 21:50:08 GMT",
        "ETag": "\"0x8DD0E644BF68801\"",
        "Last-Modified": "Tue, 26 Nov 2024 21:50:09 GMT",
        "Server": [
          "Windows-Azure-File/1.0",
          "Microsoft-HTTPAPI/2.0"
        ],
        "Transfer-Encoding": "chunked",
        "x-ms-client-request-id": "Sanitized",
        "x-ms-lease-id": "c02a798e-d091-4e31-b1d7-0c3e28e5ecbe",
        "x-ms-request-id": "Sanitized",
        "x-ms-version": "2025-01-05"
      },
      "ResponseBody": null
    },
    {
      "RequestUri": "https://REDACTED/3818d1c30downloadleasefailc87241768d566eaa41474c/3818d1c31downloadleasefailc870585020d8731c44374f",
      "RequestMethod": "GET",
      "RequestHeaders": {
        "Accept": "application/xml",
        "Authorization": "Sanitized",
        "Content-Length": "0",
        "Date": "Tue, 26 Nov 2024 21:50:09 GMT",
        "User-Agent": "azsdk-java-azure-storage-file-share/12.26.0-beta.1 (21.0.2; Windows 11; 10.0)",
        "x-ms-allow-trailing-dot": "false",
        "x-ms-client-request-id": "Sanitized",
        "x-ms-lease-id": "96696030-3a9f-4e59-84d3-599b36c71963",
        "x-ms-version": "2025-01-05"
      },
      "RequestBody": null,
      "StatusCode": 412,
      "ResponseHeaders": {
        "Content-Length": "264",
        "Content-Type": "application/xml",
        "Date": "Tue, 26 Nov 2024 21:50:08 GMT",
        "Server": [
          "Windows-Azure-File/1.0",
          "Microsoft-HTTPAPI/2.0"
        ],
        "x-ms-client-request-id": "Sanitized",
        "x-ms-error-code": "LeaseIdMismatchWithFileOperation",
        "x-ms-request-id": "Sanitized",
        "x-ms-version": "2025-01-05"
      },
      "ResponseBody": [
        "\uFEFF<?xml version=\"1.0\" encoding=\"utf-8\"?><Error><Code>LeaseIdMismatchWithFileOperation</Code><Message>The lease ID specified did not match the lease ID for the file.\n",
        "RequestId:691c224f-401a-006d-184d-4045d1000000\n",
        "Time:2024-11-26T21:50:09.2614762Z</Message></Error>"
      ]
    }
  ],
  "Variables": {
    "0": "3818d1c30downloadleasefailc87241768d566eaa41474c",
    "1": "3818d1c31downloadleasefailc870585020d8731c44374f",
    "2": "96696030-3a9f-4e59-84d3-599b36c71963"
  }
}
