{
  "Entries": [
    {
      "RequestUri": "https://REDACTED/7e96bfaa0downloadwithretryrange7f1073429d27a5a983c2?restype=share",
      "RequestMethod": "PUT",
      "RequestHeaders": {
        "Accept": "application/xml",
        "Authorization": "Sanitized",
        "Content-Length": "0",
        "Date": "Thu, 17 Aug 2023 23:06:52 GMT",
        "User-Agent": "azsdk-java-azure-storage-file-share/12.20.0-beta.2 (11.0.16.1; Windows 11; 10.0)",
        "x-ms-client-request-id": "4f34932f-86f5-456b-a20a-007ad0f23624",
        "x-ms-version": "2023-08-03"
      },
      "RequestBody": null,
      "StatusCode": 201,
      "ResponseHeaders": {
        "Content-Length": "0",
        "Date": "Thu, 17 Aug 2023 23:06:53 GMT",
        "ETag": "\u00220x8DB9F76A5BEB72E\u0022",
        "Last-Modified": "Thu, 17 Aug 2023 23:06:53 GMT",
        "Server": [
          "Windows-Azure-File/1.0",
          "Microsoft-HTTPAPI/2.0"
        ],
        "x-ms-client-request-id": "4f34932f-86f5-456b-a20a-007ad0f23624",
        "x-ms-request-id": "dd8e43f3-c01a-005c-575f-d170f1000000",
        "x-ms-version": "2023-08-03"
      },
      "ResponseBody": null
    },
    {
      "RequestUri": "https://REDACTED/7e96bfaa0downloadwithretryrange7f1073429d27a5a983c2/7e96bfaa1downloadwithretryrange7f10607695fb28bd367c",
      "RequestMethod": "PUT",
      "RequestHeaders": {
        "Accept": "application/xml",
        "Authorization": "Sanitized",
        "Content-Length": "0",
        "Date": "Thu, 17 Aug 2023 23:06:53 GMT",
        "User-Agent": "azsdk-java-azure-storage-file-share/12.20.0-beta.2 (11.0.16.1; Windows 11; 10.0)",
        "x-ms-allow-trailing-dot": "false",
        "x-ms-client-request-id": "5536c4c9-ed24-4b46-860e-5d5b13fd8031",
        "x-ms-content-length": "7",
        "x-ms-file-attributes": "None",
        "x-ms-file-creation-time": "Now",
        "x-ms-file-last-write-time": "Now",
        "x-ms-file-permission": "Inherit",
        "x-ms-type": "file",
        "x-ms-version": "2023-08-03"
      },
      "RequestBody": null,
      "StatusCode": 201,
      "ResponseHeaders": {
        "Content-Length": "0",
        "Date": "Thu, 17 Aug 2023 23:06:53 GMT",
        "ETag": "\u00220x8DB9F76A5CF66C9\u0022",
        "Last-Modified": "Thu, 17 Aug 2023 23:06:53 GMT",
        "Server": [
          "Windows-Azure-File/1.0",
          "Microsoft-HTTPAPI/2.0"
        ],
        "x-ms-client-request-id": "5536c4c9-ed24-4b46-860e-5d5b13fd8031",
        "x-ms-file-attributes": "Archive",
        "x-ms-file-change-time": "2023-08-17T23:06:53.9847369Z",
        "x-ms-file-creation-time": "2023-08-17T23:06:53.9847369Z",
        "x-ms-file-id": "13835128424026341376",
        "x-ms-file-last-write-time": "2023-08-17T23:06:53.9847369Z",
        "x-ms-file-parent-id": "0",
        "x-ms-file-permission-key": "13438439191449926184*1359530181238362790",
        "x-ms-request-id": "dd8e43f5-c01a-005c-585f-d170f1000000",
        "x-ms-request-server-encrypted": "true",
        "x-ms-version": "2023-08-03"
      },
      "ResponseBody": null
    },
    {
      "RequestUri": "https://REDACTED/7e96bfaa0downloadwithretryrange7f1073429d27a5a983c2/7e96bfaa1downloadwithretryrange7f10607695fb28bd367c?comp=range",
      "RequestMethod": "PUT",
      "RequestHeaders": {
        "Accept": "application/xml",
        "Authorization": "Sanitized",
        "Content-Length": "7",
        "Content-Type": "application/octet-stream",
        "Date": "Thu, 17 Aug 2023 23:06:53 GMT",
        "User-Agent": "azsdk-java-azure-storage-file-share/12.20.0-beta.2 (11.0.16.1; Windows 11; 10.0)",
        "x-ms-allow-trailing-dot": "false",
        "x-ms-client-request-id": "ae1b19e6-76a4-498f-8dca-dda25e43c186",
        "x-ms-range": "bytes=0-6",
        "x-ms-version": "2023-08-03",
        "x-ms-write": "update"
      },
      "RequestBody": "ZGVmYXVsdA==",
      "StatusCode": 201,
      "ResponseHeaders": {
        "Content-Length": "0",
        "Content-MD5": "wh\u002BWm18D0z1D4E\u002BPE252gg==",
        "Date": "Thu, 17 Aug 2023 23:06:53 GMT",
        "ETag": "\u00220x8DB9F76A5DEF501\u0022",
        "Last-Modified": "Thu, 17 Aug 2023 23:06:54 GMT",
        "Server": [
          "Windows-Azure-File/1.0",
          "Microsoft-HTTPAPI/2.0"
        ],
        "x-ms-client-request-id": "ae1b19e6-76a4-498f-8dca-dda25e43c186",
        "x-ms-file-last-write-time": "2023-08-17T23:06:54.0866817Z",
        "x-ms-request-id": "dd8e43f6-c01a-005c-595f-d170f1000000",
        "x-ms-request-server-encrypted": "true",
        "x-ms-version": "2023-08-03"
      },
      "ResponseBody": null
    },
    {
      "RequestUri": "https://REDACTED/7e96bfaa0downloadwithretryrange7f1073429d27a5a983c2/7e96bfaa1downloadwithretryrange7f10607695fb28bd367c",
      "RequestMethod": "GET",
      "RequestHeaders": {
        "Accept": "application/xml",
        "Authorization": "Sanitized",
        "Content-Length": "0",
        "Date": "Thu, 17 Aug 2023 23:06:53 GMT",
        "User-Agent": "azsdk-java-azure-storage-file-share/12.20.0-beta.2 (11.0.16.1; Windows 11; 10.0)",
        "x-ms-allow-trailing-dot": "false",
        "x-ms-client-request-id": "603d7f67-4810-4f6c-95e5-a6779ed07425",
        "x-ms-range": "bytes=2-6",
        "x-ms-version": "2023-08-03"
      },
      "RequestBody": null,
      "StatusCode": 206,
      "ResponseHeaders": {
        "Accept-Ranges": "bytes",
        "Access-Control-Allow-Origin": "*",
        "Access-Control-Expose-Headers": "x-ms-request-id,x-ms-client-request-id,Server,x-ms-version,Content-Type,Last-Modified,ETag,x-ms-type,x-ms-server-encrypted,x-ms-lease-status,x-ms-lease-state,x-ms-file-change-time,x-ms-file-last-write-time,x-ms-file-creation-time,x-ms-file-permission-key,x-ms-file-attributes,x-ms-file-id,x-ms-file-parent-id,Content-Range,Accept-Ranges,Content-Length,Date,Transfer-Encoding",
        "Content-Length": "5",
        "Content-Range": "bytes 2-6/7",
        "Content-Type": "application/octet-stream",
        "Date": "Thu, 17 Aug 2023 23:06:53 GMT",
        "ETag": "\u00220x8DB9F76A5DEF501\u0022",
        "Last-Modified": "Thu, 17 Aug 2023 23:06:54 GMT",
        "Server": [
          "Windows-Azure-File/1.0",
          "Microsoft-HTTPAPI/2.0"
        ],
        "x-ms-client-request-id": "603d7f67-4810-4f6c-95e5-a6779ed07425",
        "x-ms-file-attributes": "Archive",
        "x-ms-file-change-time": "2023-08-17T23:06:54.0866817Z",
        "x-ms-file-creation-time": "2023-08-17T23:06:53.9847369Z",
        "x-ms-file-id": "13835128424026341376",
        "x-ms-file-last-write-time": "2023-08-17T23:06:54.0866817Z",
        "x-ms-file-parent-id": "0",
        "x-ms-file-permission-key": "13438439191449926184*1359530181238362790",
        "x-ms-lease-state": "available",
        "x-ms-lease-status": "unlocked",
        "x-ms-request-id": "dd8e43f7-c01a-005c-5a5f-d170f1000000",
        "x-ms-server-encrypted": "true",
        "x-ms-type": "File",
        "x-ms-version": "2023-08-03"
      },
      "ResponseBody": "ZmF1bHQ="
    },
    {
      "RequestUri": "https://REDACTED/7e96bfaa0downloadwithretryrange7f1073429d27a5a983c2/7e96bfaa1downloadwithretryrange7f10607695fb28bd367c",
      "RequestMethod": "GET",
      "RequestHeaders": {
        "Accept": "application/xml",
        "Authorization": "Sanitized",
        "Content-Length": "0",
        "Date": "Thu, 17 Aug 2023 23:06:55 GMT",
        "User-Agent": "azsdk-java-azure-storage-file-share/12.20.0-beta.2 (11.0.16.1; Windows 11; 10.0)",
        "x-ms-allow-trailing-dot": "false",
        "x-ms-client-request-id": "4f1b6067-8072-4a28-b97f-7660cf256421",
        "x-ms-range": "bytes=2-6",
        "x-ms-version": "2023-08-03"
      },
      "RequestBody": null,
      "StatusCode": 206,
      "ResponseHeaders": {
        "Accept-Ranges": "bytes",
        "Access-Control-Allow-Origin": "*",
        "Access-Control-Expose-Headers": "x-ms-request-id,x-ms-client-request-id,Server,x-ms-version,Content-Type,Last-Modified,ETag,x-ms-type,x-ms-server-encrypted,x-ms-lease-status,x-ms-lease-state,x-ms-file-change-time,x-ms-file-last-write-time,x-ms-file-creation-time,x-ms-file-permission-key,x-ms-file-attributes,x-ms-file-id,x-ms-file-parent-id,Content-Range,Accept-Ranges,Content-Length,Date,Transfer-Encoding",
        "Content-Length": "5",
        "Content-Range": "bytes 2-6/7",
        "Content-Type": "application/octet-stream",
        "Date": "Thu, 17 Aug 2023 23:06:55 GMT",
        "ETag": "\u00220x8DB9F76A5DEF501\u0022",
        "Last-Modified": "Thu, 17 Aug 2023 23:06:54 GMT",
        "Server": [
          "Windows-Azure-File/1.0",
          "Microsoft-HTTPAPI/2.0"
        ],
        "x-ms-client-request-id": "4f1b6067-8072-4a28-b97f-7660cf256421",
        "x-ms-file-attributes": "Archive",
        "x-ms-file-change-time": "2023-08-17T23:06:54.0866817Z",
        "x-ms-file-creation-time": "2023-08-17T23:06:53.9847369Z",
        "x-ms-file-id": "13835128424026341376",
        "x-ms-file-last-write-time": "2023-08-17T23:06:54.0866817Z",
        "x-ms-file-parent-id": "0",
        "x-ms-file-permission-key": "13438439191449926184*1359530181238362790",
        "x-ms-lease-state": "available",
        "x-ms-lease-status": "unlocked",
        "x-ms-request-id": "dd8e43f9-c01a-005c-5b5f-d170f1000000",
        "x-ms-server-encrypted": "true",
        "x-ms-type": "File",
        "x-ms-version": "2023-08-03"
      },
      "ResponseBody": "ZmF1bHQ="
    },
    {
      "RequestUri": "https://REDACTED/7e96bfaa0downloadwithretryrange7f1073429d27a5a983c2/7e96bfaa1downloadwithretryrange7f10607695fb28bd367c",
      "RequestMethod": "GET",
      "RequestHeaders": {
        "Accept": "application/xml",
        "Authorization": "Sanitized",
        "Content-Length": "0",
        "Date": "Thu, 17 Aug 2023 23:06:58 GMT",
        "User-Agent": "azsdk-java-azure-storage-file-share/12.20.0-beta.2 (11.0.16.1; Windows 11; 10.0)",
        "x-ms-allow-trailing-dot": "false",
        "x-ms-client-request-id": "5858d4fc-2a28-4355-b621-b05c8a2e7e29",
        "x-ms-range": "bytes=2-6",
        "x-ms-version": "2023-08-03"
      },
      "RequestBody": null,
      "StatusCode": 206,
      "ResponseHeaders": {
        "Accept-Ranges": "bytes",
        "Access-Control-Allow-Origin": "*",
        "Access-Control-Expose-Headers": "x-ms-request-id,x-ms-client-request-id,Server,x-ms-version,Content-Type,Last-Modified,ETag,x-ms-type,x-ms-server-encrypted,x-ms-lease-status,x-ms-lease-state,x-ms-file-change-time,x-ms-file-last-write-time,x-ms-file-creation-time,x-ms-file-permission-key,x-ms-file-attributes,x-ms-file-id,x-ms-file-parent-id,Content-Range,Accept-Ranges,Content-Length,Date,Transfer-Encoding",
        "Content-Length": "5",
        "Content-Range": "bytes 2-6/7",
        "Content-Type": "application/octet-stream",
        "Date": "Thu, 17 Aug 2023 23:06:58 GMT",
        "ETag": "\u00220x8DB9F76A5DEF501\u0022",
        "Last-Modified": "Thu, 17 Aug 2023 23:06:54 GMT",
        "Server": [
          "Windows-Azure-File/1.0",
          "Microsoft-HTTPAPI/2.0"
        ],
        "x-ms-client-request-id": "5858d4fc-2a28-4355-b621-b05c8a2e7e29",
        "x-ms-file-attributes": "Archive",
        "x-ms-file-change-time": "2023-08-17T23:06:54.0866817Z",
        "x-ms-file-creation-time": "2023-08-17T23:06:53.9847369Z",
        "x-ms-file-id": "13835128424026341376",
        "x-ms-file-last-write-time": "2023-08-17T23:06:54.0866817Z",
        "x-ms-file-parent-id": "0",
        "x-ms-file-permission-key": "13438439191449926184*1359530181238362790",
        "x-ms-lease-state": "available",
        "x-ms-lease-status": "unlocked",
        "x-ms-request-id": "dd8e43fd-c01a-005c-5c5f-d170f1000000",
        "x-ms-server-encrypted": "true",
        "x-ms-type": "File",
        "x-ms-version": "2023-08-03"
      },
      "ResponseBody": "ZmF1bHQ="
    },
    {
      "RequestUri": "https://REDACTED/7e96bfaa0downloadwithretryrange7f1073429d27a5a983c2/7e96bfaa1downloadwithretryrange7f10607695fb28bd367c",
      "RequestMethod": "GET",
      "RequestHeaders": {
        "Accept": "application/xml",
        "Authorization": "Sanitized",
        "Content-Length": "0",
        "Date": "Thu, 17 Aug 2023 23:07:05 GMT",
        "User-Agent": "azsdk-java-azure-storage-file-share/12.20.0-beta.2 (11.0.16.1; Windows 11; 10.0)",
        "x-ms-allow-trailing-dot": "false",
        "x-ms-client-request-id": "a5600be9-1818-465a-814a-2eac9798630c",
        "x-ms-range": "bytes=2-6",
        "x-ms-version": "2023-08-03"
      },
      "RequestBody": null,
      "StatusCode": 206,
      "ResponseHeaders": {
        "Accept-Ranges": "bytes",
        "Access-Control-Allow-Origin": "*",
        "Access-Control-Expose-Headers": "x-ms-request-id,x-ms-client-request-id,Server,x-ms-version,Content-Type,Last-Modified,ETag,x-ms-type,x-ms-server-encrypted,x-ms-lease-status,x-ms-lease-state,x-ms-file-change-time,x-ms-file-last-write-time,x-ms-file-creation-time,x-ms-file-permission-key,x-ms-file-attributes,x-ms-file-id,x-ms-file-parent-id,Content-Range,Accept-Ranges,Content-Length,Date,Transfer-Encoding",
        "Content-Length": "5",
        "Content-Range": "bytes 2-6/7",
        "Content-Type": "application/octet-stream",
        "Date": "Thu, 17 Aug 2023 23:07:05 GMT",
        "ETag": "\u00220x8DB9F76A5DEF501\u0022",
        "Last-Modified": "Thu, 17 Aug 2023 23:06:54 GMT",
        "Server": [
          "Windows-Azure-File/1.0",
          "Microsoft-HTTPAPI/2.0"
        ],
        "x-ms-client-request-id": "a5600be9-1818-465a-814a-2eac9798630c",
        "x-ms-file-attributes": "Archive",
        "x-ms-file-change-time": "2023-08-17T23:06:54.0866817Z",
        "x-ms-file-creation-time": "2023-08-17T23:06:53.9847369Z",
        "x-ms-file-id": "13835128424026341376",
        "x-ms-file-last-write-time": "2023-08-17T23:06:54.0866817Z",
        "x-ms-file-parent-id": "0",
        "x-ms-file-permission-key": "13438439191449926184*1359530181238362790",
        "x-ms-lease-state": "available",
        "x-ms-lease-status": "unlocked",
        "x-ms-request-id": "dd8e444d-c01a-005c-175f-d170f1000000",
        "x-ms-server-encrypted": "true",
        "x-ms-type": "File",
        "x-ms-version": "2023-08-03"
      },
      "ResponseBody": "ZmF1bHQ="
    }
  ],
  "Variables": {
    "0": "7e96bfaa0downloadwithretryrange7f1073429d27a5a983c2",
    "1": "7e96bfaa1downloadwithretryrange7f10607695fb28bd367c"
  }
}
