{
  "Entries": [
    {
      "RequestUri": "https://REDACTED/f46d2efa0sethttpheadersfpk0eb5409882d2eb00195643?restype=share",
      "RequestMethod": "PUT",
      "RequestHeaders": {
        "Accept": "application/xml",
        "Authorization": "Sanitized",
        "Content-Length": "0",
        "Date": "Tue, 03 Dec 2024 18:01:25 GMT",
        "User-Agent": "azsdk-java-azure-storage-file-share/12.26.0-beta.1 (17.0.10; Windows 11; 10.0)",
        "x-ms-client-request-id": "Sanitized",
        "x-ms-version": "2025-01-05"
      },
      "RequestBody": null,
      "StatusCode": 201,
      "ResponseHeaders": {
        "Content-Length": "0",
        "Date": "Tue, 03 Dec 2024 18:01:24 GMT",
        "ETag": "\"0x8DD13C4807854D3\"",
        "Last-Modified": "Tue, 03 Dec 2024 18:01:24 GMT",
        "Server": [
          "Windows-Azure-File/1.0",
          "Microsoft-HTTPAPI/2.0"
        ],
        "x-ms-client-request-id": "Sanitized",
        "x-ms-request-id": "Sanitized",
        "x-ms-version": "2025-01-05"
      },
      "ResponseBody": null
    },
    {
      "RequestUri": "https://REDACTED/f46d2efa0sethttpheadersfpk0eb5409882d2eb00195643/f46d2efa1sethttpheadersfpk0eb58929202b54f17d3f40",
      "RequestMethod": "PUT",
      "RequestHeaders": {
        "Accept": "application/xml",
        "Authorization": "Sanitized",
        "Content-Length": "0",
        "Date": "Tue, 03 Dec 2024 18:01:25 GMT",
        "User-Agent": "azsdk-java-azure-storage-file-share/12.26.0-beta.1 (17.0.10; Windows 11; 10.0)",
        "x-ms-allow-trailing-dot": "false",
        "x-ms-client-request-id": "Sanitized",
        "x-ms-content-length": "1024",
        "x-ms-file-attributes": "None",
        "x-ms-file-creation-time": "Now",
        "x-ms-file-last-write-time": "Now",
        "x-ms-file-permission": "Inherit",
        "x-ms-type": "file",
        "x-ms-version": "2025-01-05"
      },
      "RequestBody": null,
      "StatusCode": 201,
      "ResponseHeaders": {
        "Content-Length": "0",
        "Date": "Tue, 03 Dec 2024 18:01:24 GMT",
        "ETag": "\"0x8DD13C4808A3035\"",
        "Last-Modified": "Tue, 03 Dec 2024 18:01:24 GMT",
        "Server": [
          "Windows-Azure-File/1.0",
          "Microsoft-HTTPAPI/2.0"
        ],
        "x-ms-client-request-id": "Sanitized",
        "x-ms-file-attributes": "Archive",
        "x-ms-file-change-time": "2024-12-03T18:01:24.7536181Z",
        "x-ms-file-creation-time": "2024-12-03T18:01:24.7536181Z",
        "x-ms-file-id": "13835128424026341376",
        "x-ms-file-last-write-time": "2024-12-03T18:01:24.7536181Z",
        "x-ms-file-parent-id": "0",
        "x-ms-file-permission-key": "1435295108737541740*13496119360552816354",
        "x-ms-request-id": "Sanitized",
        "x-ms-request-server-encrypted": "true",
        "x-ms-version": "2025-01-05"
      },
      "ResponseBody": null
    },
    {
      "RequestUri": "https://REDACTED/f46d2efa0sethttpheadersfpk0eb5409882d2eb00195643?restype=share&comp=filepermission",
      "RequestMethod": "PUT",
      "RequestHeaders": {
        "Accept": "application/xml",
        "Authorization": "Sanitized",
        "Content-Length": "225",
        "Content-Type": "application/json",
        "Date": "Tue, 03 Dec 2024 18:01:25 GMT",
        "User-Agent": "azsdk-java-azure-storage-file-share/12.26.0-beta.1 (17.0.10; Windows 11; 10.0)",
        "x-ms-client-request-id": "Sanitized",
        "x-ms-version": "2025-01-05"
      },
      "RequestBody": {
        "permission": "O:S-1-5-21-2127521184-1604012920-1887927527-21560751G:S-1-5-21-2127521184-1604012920-1887927527-513D:AI(A;;FA;;;SY)(A;;FA;;;BA)(A;;0x1200a9;;;S-1-5-21-397955417-626881126-188441444-3053964)S:NO_ACCESS_CONTROL"
      },
      "StatusCode": 201,
      "ResponseHeaders": {
        "Date": "Tue, 03 Dec 2024 18:01:24 GMT",
        "Server": [
          "Windows-Azure-File/1.0",
          "Microsoft-HTTPAPI/2.0"
        ],
        "Transfer-Encoding": "chunked",
        "x-ms-client-request-id": "Sanitized",
        "x-ms-file-permission-key": "2057042921489144595*13496119360552816354",
        "x-ms-request-id": "Sanitized",
        "x-ms-version": "2025-01-05"
      },
      "ResponseBody": null
    },
    {
      "RequestUri": "https://REDACTED/f46d2efa0sethttpheadersfpk0eb5409882d2eb00195643/f46d2efa1sethttpheadersfpk0eb58929202b54f17d3f40?comp=properties",
      "RequestMethod": "PUT",
      "RequestHeaders": {
        "Accept": "application/xml",
        "Authorization": "Sanitized",
        "Content-Length": "0",
        "Date": "Tue, 03 Dec 2024 18:01:25 GMT",
        "User-Agent": "azsdk-java-azure-storage-file-share/12.26.0-beta.1 (17.0.10; Windows 11; 10.0)",
        "x-ms-allow-trailing-dot": "false",
        "x-ms-client-request-id": "Sanitized",
        "x-ms-content-language": "en",
        "x-ms-content-length": "512",
        "x-ms-content-type": "application/octet-stream",
        "x-ms-file-attributes": "None",
        "x-ms-file-creation-time": "2024-12-03T18:01:25.7078072Z",
        "x-ms-file-last-write-time": "2024-12-03T18:01:25.7078072Z",
        "x-ms-file-permission-key": "2057042921489144595*13496119360552816354",
        "x-ms-version": "2025-01-05"
      },
      "RequestBody": null,
      "StatusCode": 200,
      "ResponseHeaders": {
        "Content-Length": "0",
        "Date": "Tue, 03 Dec 2024 18:01:24 GMT",
        "ETag": "\"0x8DD13C480A9F090\"",
        "Last-Modified": "Tue, 03 Dec 2024 18:01:24 GMT",
        "Server": [
          "Windows-Azure-File/1.0",
          "Microsoft-HTTPAPI/2.0"
        ],
        "x-ms-client-request-id": "Sanitized",
        "x-ms-file-attributes": "None",
        "x-ms-file-change-time": "2024-12-03T18:01:24.9617040Z",
        "x-ms-file-creation-time": "2024-12-03T18:01:25.7078072Z",
        "x-ms-file-id": "13835128424026341376",
        "x-ms-file-last-write-time": "2024-12-03T18:01:25.7078072Z",
        "x-ms-file-parent-id": "0",
        "x-ms-file-permission-key": "2057042921489144595*13496119360552816354",
        "x-ms-request-id": "Sanitized",
        "x-ms-request-server-encrypted": "true",
        "x-ms-version": "2025-01-05"
      },
      "ResponseBody": null
    }
  ],
  "Variables": {
    "0": "f46d2efa0sethttpheadersfpk0eb5409882d2eb00195643",
    "1": "f46d2efa1sethttpheadersfpk0eb58929202b54f17d3f40",
    "2": "2024-12-03T18:01:25.707807200Z",
    "3": "2024-12-03T18:01:25.707807200Z"
  }
}
