{
  "Entries": [
    {
      "RequestUri": "https://REDACTED/be20c3390deleteifexistsfilemind1b4750402d0ea7984a2?restype=share",
      "RequestMethod": "PUT",
      "RequestHeaders": {
        "Accept": "application/xml",
        "Authorization": "Sanitized",
        "Content-Length": "0",
        "Date": "Thu, 17 Aug 2023 23:03:48 GMT",
        "User-Agent": "azsdk-java-azure-storage-file-share/12.20.0-beta.2 (11.0.16.1; Windows 11; 10.0)",
        "x-ms-client-request-id": "9ad14020-870a-4abb-8dd8-1158cb6b631b",
        "x-ms-version": "2023-08-03"
      },
      "RequestBody": null,
      "StatusCode": 201,
      "ResponseHeaders": {
        "Content-Length": "0",
        "Date": "Thu, 17 Aug 2023 23:03:48 GMT",
        "ETag": "\u00220x8DB9F763782233F\u0022",
        "Last-Modified": "Thu, 17 Aug 2023 23:03:48 GMT",
        "Server": [
          "Windows-Azure-File/1.0",
          "Microsoft-HTTPAPI/2.0"
        ],
        "x-ms-client-request-id": "9ad14020-870a-4abb-8dd8-1158cb6b631b",
        "x-ms-request-id": "f61d9167-601a-006a-1a5f-d1fd81000000",
        "x-ms-version": "2023-08-03"
      },
      "ResponseBody": null
    },
    {
      "RequestUri": "https://REDACTED/be20c3390deleteifexistsfilemind1b4750402d0ea7984a2/be20c3391deleteifexistsfilemind1b42133d7a88829ca9a",
      "RequestMethod": "PUT",
      "RequestHeaders": {
        "Accept": "application/xml",
        "Authorization": "Sanitized",
        "Content-Length": "0",
        "Date": "Thu, 17 Aug 2023 23:03:48 GMT",
        "User-Agent": "azsdk-java-azure-storage-file-share/12.20.0-beta.2 (11.0.16.1; Windows 11; 10.0)",
        "x-ms-allow-trailing-dot": "false",
        "x-ms-client-request-id": "b9891a0f-34b2-4fa1-b286-792b90808c91",
        "x-ms-content-length": "1024",
        "x-ms-file-attributes": "None",
        "x-ms-file-creation-time": "Now",
        "x-ms-file-last-write-time": "Now",
        "x-ms-file-permission": "Inherit",
        "x-ms-type": "file",
        "x-ms-version": "2023-08-03"
      },
      "RequestBody": null,
      "StatusCode": 201,
      "ResponseHeaders": {
        "Content-Length": "0",
        "Date": "Thu, 17 Aug 2023 23:03:48 GMT",
        "ETag": "\u00220x8DB9F763792C2BA\u0022",
        "Last-Modified": "Thu, 17 Aug 2023 23:03:49 GMT",
        "Server": [
          "Windows-Azure-File/1.0",
          "Microsoft-HTTPAPI/2.0"
        ],
        "x-ms-client-request-id": "b9891a0f-34b2-4fa1-b286-792b90808c91",
        "x-ms-file-attributes": "Archive",
        "x-ms-file-change-time": "2023-08-17T23:03:49.0379450Z",
        "x-ms-file-creation-time": "2023-08-17T23:03:49.0379450Z",
        "x-ms-file-id": "13835128424026341376",
        "x-ms-file-last-write-time": "2023-08-17T23:03:49.0379450Z",
        "x-ms-file-parent-id": "0",
        "x-ms-file-permission-key": "13438439191449926184*1359530181238362790",
        "x-ms-request-id": "f61d9169-601a-006a-1b5f-d1fd81000000",
        "x-ms-request-server-encrypted": "true",
        "x-ms-version": "2023-08-03"
      },
      "ResponseBody": null
    },
    {
      "RequestUri": "https://REDACTED/be20c3390deleteifexistsfilemind1b4750402d0ea7984a2/be20c3391deleteifexistsfilemind1b42133d7a88829ca9a",
      "RequestMethod": "DELETE",
      "RequestHeaders": {
        "Accept": "application/xml",
        "Authorization": "Sanitized",
        "Content-Length": "0",
        "Date": "Thu, 17 Aug 2023 23:03:48 GMT",
        "User-Agent": "azsdk-java-azure-storage-file-share/12.20.0-beta.2 (11.0.16.1; Windows 11; 10.0)",
        "x-ms-allow-trailing-dot": "false",
        "x-ms-client-request-id": "fc788c74-bc31-4256-9f2b-5c367ce5412a",
        "x-ms-version": "2023-08-03"
      },
      "RequestBody": null,
      "StatusCode": 202,
      "ResponseHeaders": {
        "Content-Length": "0",
        "Date": "Thu, 17 Aug 2023 23:03:48 GMT",
        "Server": [
          "Windows-Azure-File/1.0",
          "Microsoft-HTTPAPI/2.0"
        ],
        "x-ms-client-request-id": "fc788c74-bc31-4256-9f2b-5c367ce5412a",
        "x-ms-request-id": "f61d916b-601a-006a-1c5f-d1fd81000000",
        "x-ms-version": "2023-08-03"
      },
      "ResponseBody": null
    }
  ],
  "Variables": {
    "0": "be20c3390deleteifexistsfilemind1b4750402d0ea7984a2",
    "1": "be20c3391deleteifexistsfilemind1b42133d7a88829ca9a"
  }
}
