{
  "Entries": [
    {
      "RequestUri": "https://REDACTED/ad4e693a0downloadleasebd5434195e892565643f4bb4?restype=share",
      "RequestMethod": "PUT",
      "RequestHeaders": {
        "Accept": "application/xml",
        "Authorization": "Sanitized",
        "Content-Length": "0",
        "Date": "Fri, 18 Aug 2023 21:33:41 GMT",
        "User-Agent": "azsdk-java-azure-storage-file-share/12.20.0-beta.2 (11.0.16.1; Windows 11; 10.0)",
        "x-ms-client-request-id": "9ba48a80-674c-4aec-8ff1-81049c28a669",
        "x-ms-version": "2023-08-03"
      },
      "RequestBody": null,
      "StatusCode": 201,
      "ResponseHeaders": {
        "Content-Length": "0",
        "Date": "Fri, 18 Aug 2023 21:33:41 GMT",
        "ETag": "\u00220x8DBA032CB7102DD\u0022",
        "Last-Modified": "Fri, 18 Aug 2023 21:33:42 GMT",
        "Server": [
          "Windows-Azure-File/1.0",
          "Microsoft-HTTPAPI/2.0"
        ],
        "x-ms-client-request-id": "9ba48a80-674c-4aec-8ff1-81049c28a669",
        "x-ms-request-id": "692d41e9-a01a-0065-501b-d28bed000000",
        "x-ms-version": "2023-08-03"
      },
      "ResponseBody": null
    },
    {
      "RequestUri": "https://REDACTED/ad4e693a0downloadleasebd5434195e892565643f4bb4/ad4e693a1downloadleasebd54578444a9f26c592d4701",
      "RequestMethod": "PUT",
      "RequestHeaders": {
        "Accept": "application/xml",
        "Authorization": "Sanitized",
        "Content-Length": "0",
        "Date": "Fri, 18 Aug 2023 21:33:41 GMT",
        "User-Agent": "azsdk-java-azure-storage-file-share/12.20.0-beta.2 (11.0.16.1; Windows 11; 10.0)",
        "x-ms-allow-trailing-dot": "false",
        "x-ms-client-request-id": "8d6be52b-e708-4af8-807c-607c9a119e68",
        "x-ms-content-length": "7",
        "x-ms-file-attributes": "None",
        "x-ms-file-creation-time": "Now",
        "x-ms-file-last-write-time": "Now",
        "x-ms-file-permission": "Inherit",
        "x-ms-type": "file",
        "x-ms-version": "2023-08-03"
      },
      "RequestBody": null,
      "StatusCode": 201,
      "ResponseHeaders": {
        "Content-Length": "0",
        "Date": "Fri, 18 Aug 2023 21:33:41 GMT",
        "ETag": "\u00220x8DBA032CB81F163\u0022",
        "Last-Modified": "Fri, 18 Aug 2023 21:33:42 GMT",
        "Server": [
          "Windows-Azure-File/1.0",
          "Microsoft-HTTPAPI/2.0"
        ],
        "x-ms-client-request-id": "8d6be52b-e708-4af8-807c-607c9a119e68",
        "x-ms-file-attributes": "Archive",
        "x-ms-file-change-time": "2023-08-18T21:33:42.6156899Z",
        "x-ms-file-creation-time": "2023-08-18T21:33:42.6156899Z",
        "x-ms-file-id": "13835128424026341376",
        "x-ms-file-last-write-time": "2023-08-18T21:33:42.6156899Z",
        "x-ms-file-parent-id": "0",
        "x-ms-file-permission-key": "13438439191449926184*1359530181238362790",
        "x-ms-request-id": "692d41ee-a01a-0065-541b-d28bed000000",
        "x-ms-request-server-encrypted": "true",
        "x-ms-version": "2023-08-03"
      },
      "ResponseBody": null
    },
    {
      "RequestUri": "https://REDACTED/ad4e693a0downloadleasebd5434195e892565643f4bb4/ad4e693a1downloadleasebd54578444a9f26c592d4701?comp=lease",
      "RequestMethod": "PUT",
      "RequestHeaders": {
        "Accept": "application/xml",
        "Authorization": "Sanitized",
        "Content-Length": "0",
        "Date": "Fri, 18 Aug 2023 21:33:41 GMT",
        "User-Agent": "azsdk-java-azure-storage-file-share/12.20.0-beta.2 (11.0.16.1; Windows 11; 10.0)",
        "x-ms-allow-trailing-dot": "false",
        "x-ms-client-request-id": "5833d626-0fe1-4b00-bf34-8650f42c5f9d",
        "x-ms-lease-action": "acquire",
        "x-ms-lease-duration": "-1",
        "x-ms-proposed-lease-id": "a1ec6ca0-e7ce-4621-baf3-76cf4f8955ec",
        "x-ms-version": "2023-08-03"
      },
      "RequestBody": null,
      "StatusCode": 201,
      "ResponseHeaders": {
        "Date": "Fri, 18 Aug 2023 21:33:41 GMT",
        "ETag": "\u00220x8DBA032CB81F163\u0022",
        "Last-Modified": "Fri, 18 Aug 2023 21:33:42 GMT",
        "Server": [
          "Windows-Azure-File/1.0",
          "Microsoft-HTTPAPI/2.0"
        ],
        "Transfer-Encoding": "chunked",
        "x-ms-client-request-id": "5833d626-0fe1-4b00-bf34-8650f42c5f9d",
        "x-ms-lease-id": "a1ec6ca0-e7ce-4621-baf3-76cf4f8955ec",
        "x-ms-request-id": "692d41f1-a01a-0065-571b-d28bed000000",
        "x-ms-version": "2023-08-03"
      },
      "ResponseBody": null
    }
  ],
  "Variables": {
    "0": "ad4e693a0downloadleasebd5434195e892565643f4bb4",
    "1": "ad4e693a1downloadleasebd54578444a9f26c592d4701"
  }
}
