{
  "Entries": [
    {
      "RequestUri": "https://REDACTED/9df43bca0downloademptyfile16b55037a971565b29ee41?restype=share",
      "RequestMethod": "PUT",
      "RequestHeaders": {
        "Accept": "application/xml",
        "Authorization": "Sanitized",
        "Content-Length": "0",
        "Date": "Fri, 18 Aug 2023 21:27:30 GMT",
        "User-Agent": "azsdk-java-azure-storage-file-share/12.20.0-beta.2 (11.0.16.1; Windows 11; 10.0)",
        "x-ms-client-request-id": "21817afb-4d3a-4083-8c3c-0b5cf70d5eb7",
        "x-ms-version": "2023-08-03"
      },
      "RequestBody": null,
      "StatusCode": 201,
      "ResponseHeaders": {
        "Content-Length": "0",
        "Date": "Fri, 18 Aug 2023 21:27:31 GMT",
        "ETag": "\u00220x8DBA031EE8EF655\u0022",
        "Last-Modified": "Fri, 18 Aug 2023 21:27:31 GMT",
        "Server": [
          "Windows-Azure-File/1.0",
          "Microsoft-HTTPAPI/2.0"
        ],
        "x-ms-client-request-id": "21817afb-4d3a-4083-8c3c-0b5cf70d5eb7",
        "x-ms-request-id": "61b001ad-701a-003b-181a-d2600d000000",
        "x-ms-version": "2023-08-03"
      },
      "ResponseBody": null
    },
    {
      "RequestUri": "https://REDACTED/9df43bca0downloademptyfile16b55037a971565b29ee41/9df43bca1downloademptyfile16b81209b1e354acf09f4b",
      "RequestMethod": "PUT",
      "RequestHeaders": {
        "Accept": "application/xml",
        "Authorization": "Sanitized",
        "Content-Length": "0",
        "Date": "Fri, 18 Aug 2023 21:27:31 GMT",
        "User-Agent": "azsdk-java-azure-storage-file-share/12.20.0-beta.2 (11.0.16.1; Windows 11; 10.0)",
        "x-ms-allow-trailing-dot": "false",
        "x-ms-client-request-id": "6e1d0abe-89f6-4f32-91b8-39024d12ac7a",
        "x-ms-content-length": "0",
        "x-ms-file-attributes": "None",
        "x-ms-file-creation-time": "Now",
        "x-ms-file-last-write-time": "Now",
        "x-ms-file-permission": "Inherit",
        "x-ms-type": "file",
        "x-ms-version": "2023-08-03"
      },
      "RequestBody": null,
      "StatusCode": 201,
      "ResponseHeaders": {
        "Content-Length": "0",
        "Date": "Fri, 18 Aug 2023 21:27:31 GMT",
        "ETag": "\u00220x8DBA031EE9F2D28\u0022",
        "Last-Modified": "Fri, 18 Aug 2023 21:27:32 GMT",
        "Server": [
          "Windows-Azure-File/1.0",
          "Microsoft-HTTPAPI/2.0"
        ],
        "x-ms-client-request-id": "6e1d0abe-89f6-4f32-91b8-39024d12ac7a",
        "x-ms-file-attributes": "Archive",
        "x-ms-file-change-time": "2023-08-18T21:27:32.0308008Z",
        "x-ms-file-creation-time": "2023-08-18T21:27:32.0308008Z",
        "x-ms-file-id": "13835128424026341376",
        "x-ms-file-last-write-time": "2023-08-18T21:27:32.0308008Z",
        "x-ms-file-parent-id": "0",
        "x-ms-file-permission-key": "13438439191449926184*1359530181238362790",
        "x-ms-request-id": "61b001af-701a-003b-191a-d2600d000000",
        "x-ms-request-server-encrypted": "true",
        "x-ms-version": "2023-08-03"
      },
      "ResponseBody": null
    },
    {
      "RequestUri": "https://REDACTED/9df43bca0downloademptyfile16b55037a971565b29ee41/9df43bca1downloademptyfile16b81209b1e354acf09f4b",
      "RequestMethod": "GET",
      "RequestHeaders": {
        "Accept": "application/xml",
        "Authorization": "Sanitized",
        "Content-Length": "0",
        "Date": "Fri, 18 Aug 2023 21:27:31 GMT",
        "User-Agent": "azsdk-java-azure-storage-file-share/12.20.0-beta.2 (11.0.16.1; Windows 11; 10.0)",
        "x-ms-allow-trailing-dot": "false",
        "x-ms-client-request-id": "8e2577d0-ac55-4bd8-8a8d-e7236759c9cb",
        "x-ms-version": "2023-08-03"
      },
      "RequestBody": null,
      "StatusCode": 200,
      "ResponseHeaders": {
        "Accept-Ranges": "bytes",
        "Content-Length": "0",
        "Content-Type": "application/octet-stream",
        "Date": "Fri, 18 Aug 2023 21:27:31 GMT",
        "ETag": "\u00220x8DBA031EE9F2D28\u0022",
        "Last-Modified": "Fri, 18 Aug 2023 21:27:32 GMT",
        "Server": [
          "Windows-Azure-File/1.0",
          "Microsoft-HTTPAPI/2.0"
        ],
        "x-ms-client-request-id": "8e2577d0-ac55-4bd8-8a8d-e7236759c9cb",
        "x-ms-file-attributes": "Archive",
        "x-ms-file-change-time": "2023-08-18T21:27:32.0308008Z",
        "x-ms-file-creation-time": "2023-08-18T21:27:32.0308008Z",
        "x-ms-file-id": "13835128424026341376",
        "x-ms-file-last-write-time": "2023-08-18T21:27:32.0308008Z",
        "x-ms-file-parent-id": "0",
        "x-ms-file-permission-key": "13438439191449926184*1359530181238362790",
        "x-ms-lease-state": "available",
        "x-ms-lease-status": "unlocked",
        "x-ms-request-id": "61b001b0-701a-003b-1a1a-d2600d000000",
        "x-ms-server-encrypted": "true",
        "x-ms-type": "File",
        "x-ms-version": "2023-08-03"
      },
      "ResponseBody": null
    }
  ],
  "Variables": {
    "0": "9df43bca0downloademptyfile16b55037a971565b29ee41",
    "1": "9df43bca1downloademptyfile16b81209b1e354acf09f4b"
  }
}
