{
  "Entries": [
    {
      "RequestUri": "https://REDACTED/4c2d8af70audiencefromstringa5c584949f1fb62384584b?restype=share",
      "RequestMethod": "PUT",
      "RequestHeaders": {
        "Accept": "application/xml",
        "Authorization": "Sanitized",
        "Content-Length": "0",
        "Date": "Wed, 27 Nov 2024 14:29:47 GMT",
        "User-Agent": "azsdk-java-azure-storage-file-share/12.26.0-beta.1 (21.0.2; Windows 11; 10.0)",
        "x-ms-client-request-id": "Sanitized",
        "x-ms-version": "2025-01-05"
      },
      "RequestBody": null,
      "StatusCode": 201,
      "ResponseHeaders": {
        "Content-Length": "0",
        "Date": "Wed, 27 Nov 2024 14:29:46 GMT",
        "ETag": "\"0x8DD0EEFF19F7DA4\"",
        "Last-Modified": "Wed, 27 Nov 2024 14:29:47 GMT",
        "Server": [
          "Windows-Azure-File/1.0",
          "Microsoft-HTTPAPI/2.0"
        ],
        "x-ms-client-request-id": "Sanitized",
        "x-ms-request-id": "Sanitized",
        "x-ms-version": "2025-01-05"
      },
      "ResponseBody": null
    },
    {
      "RequestUri": "https://REDACTED/4c2d8af70audiencefromstringa5c584949f1fb62384584b/4c2d8af72audiencefromstringa5c84662e5e6916cece24f",
      "RequestMethod": "PUT",
      "RequestHeaders": {
        "Accept": "application/xml",
        "Authorization": "Sanitized",
        "Content-Length": "0",
        "Date": "Wed, 27 Nov 2024 14:29:47 GMT",
        "User-Agent": "azsdk-java-azure-storage-file-share/12.26.0-beta.1 (21.0.2; Windows 11; 10.0)",
        "x-ms-allow-trailing-dot": "false",
        "x-ms-client-request-id": "Sanitized",
        "x-ms-content-length": "1024",
        "x-ms-file-attributes": "None",
        "x-ms-file-creation-time": "Now",
        "x-ms-file-last-write-time": "Now",
        "x-ms-file-permission": "Inherit",
        "x-ms-type": "file",
        "x-ms-version": "2025-01-05"
      },
      "RequestBody": null,
      "StatusCode": 201,
      "ResponseHeaders": {
        "Content-Length": "0",
        "Date": "Wed, 27 Nov 2024 14:29:46 GMT",
        "ETag": "\"0x8DD0EEFF1AC7814\"",
        "Last-Modified": "Wed, 27 Nov 2024 14:29:47 GMT",
        "Server": [
          "Windows-Azure-File/1.0",
          "Microsoft-HTTPAPI/2.0"
        ],
        "x-ms-client-request-id": "Sanitized",
        "x-ms-file-attributes": "Archive",
        "x-ms-file-change-time": "2024-11-27T14:29:47.1063060Z",
        "x-ms-file-creation-time": "2024-11-27T14:29:47.1063060Z",
        "x-ms-file-id": "13835128424026341376",
        "x-ms-file-last-write-time": "2024-11-27T14:29:47.1063060Z",
        "x-ms-file-parent-id": "0",
        "x-ms-file-permission-key": "15551900749952526465*9183854576063791119",
        "x-ms-request-id": "Sanitized",
        "x-ms-request-server-encrypted": "true",
        "x-ms-version": "2025-01-05"
      },
      "ResponseBody": null
    },
    {
      "RequestUri": "https://REDACTED/4c2d8af70audiencefromstringa5c584949f1fb62384584b/4c2d8af72audiencefromstringa5c84662e5e6916cece24f",
      "RequestMethod": "HEAD",
      "RequestHeaders": {
        "Accept": "application/xml",
        "Authorization": "Sanitized",
        "Content-Length": "0",
        "Date": "Wed, 27 Nov 2024 14:29:47 GMT",
        "User-Agent": "azsdk-java-azure-storage-file-share/12.26.0-beta.1 (21.0.2; Windows 11; 10.0)",
        "x-ms-allow-trailing-dot": "false",
        "x-ms-client-request-id": "Sanitized",
        "x-ms-file-request-intent": "backup",
        "x-ms-version": "2025-01-05"
      },
      "RequestBody": null,
      "StatusCode": 200,
      "ResponseHeaders": {
        "Content-Length": "1024",
        "Content-Type": "application/octet-stream",
        "Date": "Wed, 27 Nov 2024 14:29:49 GMT",
        "ETag": "\"0x8DD0EEFF1AC7814\"",
        "Last-Modified": "Wed, 27 Nov 2024 14:29:47 GMT",
        "Server": [
          "Windows-Azure-File/1.0",
          "Microsoft-HTTPAPI/2.0"
        ],
        "x-ms-client-request-id": "Sanitized",
        "x-ms-file-attributes": "Archive",
        "x-ms-file-change-time": "2024-11-27T14:29:47.1063060Z",
        "x-ms-file-creation-time": "2024-11-27T14:29:47.1063060Z",
        "x-ms-file-id": "13835128424026341376",
        "x-ms-file-last-write-time": "2024-11-27T14:29:47.1063060Z",
        "x-ms-file-parent-id": "0",
        "x-ms-file-permission-key": "15551900749952526465*9183854576063791119",
        "x-ms-lease-state": "available",
        "x-ms-lease-status": "unlocked",
        "x-ms-request-id": "Sanitized",
        "x-ms-server-encrypted": "true",
        "x-ms-type": "File",
        "x-ms-version": "2025-01-05"
      },
      "ResponseBody": null
    }
  ],
  "Variables": {
    "0": "4c2d8af70audiencefromstringa5c584949f1fb62384584b",
    "1": "4c2d8af71audiencefromstringa5c26744c32d6773c4624c",
    "2": "4c2d8af72audiencefromstringa5c84662e5e6916cece24f"
  }
}
