{
  "Entries": [
    {
      "RequestUri": "https://REDACTED/c5f8c2920getpropertiesoauth308150101cac548a221246?restype=share",
      "RequestMethod": "PUT",
      "RequestHeaders": {
        "Accept": "application/xml",
        "Authorization": "Sanitized",
        "Content-Length": "0",
        "Date": "Wed, 27 Nov 2024 13:43:58 GMT",
        "User-Agent": "azsdk-java-azure-storage-file-share/12.26.0-beta.1 (21.0.2; Windows 11; 10.0)",
        "x-ms-client-request-id": "Sanitized",
        "x-ms-version": "2025-01-05"
      },
      "RequestBody": null,
      "StatusCode": 201,
      "ResponseHeaders": {
        "Content-Length": "0",
        "Date": "Wed, 27 Nov 2024 13:43:57 GMT",
        "ETag": "\"0x8DD0EE98B29754E\"",
        "Last-Modified": "Wed, 27 Nov 2024 13:43:58 GMT",
        "Server": [
          "Windows-Azure-File/1.0",
          "Microsoft-HTTPAPI/2.0"
        ],
        "x-ms-client-request-id": "Sanitized",
        "x-ms-request-id": "Sanitized",
        "x-ms-version": "2025-01-05"
      },
      "ResponseBody": null
    },
    {
      "RequestUri": "https://REDACTED/c5f8c2920getpropertiesoauth308150101cac548a221246/c5f8c2922getpropertiesoauth30815615739a644a919749?restype=directory",
      "RequestMethod": "PUT",
      "RequestHeaders": {
        "Accept": "application/xml",
        "Authorization": "Sanitized",
        "Content-Length": "0",
        "Date": "Wed, 27 Nov 2024 13:43:58 GMT",
        "User-Agent": "azsdk-java-azure-storage-file-share/12.26.0-beta.1 (21.0.2; Windows 11; 10.0)",
        "x-ms-allow-trailing-dot": "false",
        "x-ms-client-request-id": "Sanitized",
        "x-ms-file-attributes": "None",
        "x-ms-file-creation-time": "Now",
        "x-ms-file-last-write-time": "Now",
        "x-ms-file-permission": "Inherit",
        "x-ms-file-request-intent": "backup",
        "x-ms-version": "2025-01-05"
      },
      "RequestBody": null,
      "StatusCode": 201,
      "ResponseHeaders": {
        "Content-Length": "0",
        "Date": "Wed, 27 Nov 2024 13:44:00 GMT",
        "ETag": "\"0x8DD0EE98CA71A2C\"",
        "Last-Modified": "Wed, 27 Nov 2024 13:44:00 GMT",
        "Server": [
          "Windows-Azure-File/1.0",
          "Microsoft-HTTPAPI/2.0"
        ],
        "x-ms-client-request-id": "Sanitized",
        "x-ms-file-attributes": "Directory",
        "x-ms-file-change-time": "2024-11-27T13:44:00.6408748Z",
        "x-ms-file-creation-time": "2024-11-27T13:44:00.6408748Z",
        "x-ms-file-id": "13835128424026341376",
        "x-ms-file-last-write-time": "2024-11-27T13:44:00.6408748Z",
        "x-ms-file-parent-id": "0",
        "x-ms-file-permission-key": "1704820300937123718*9183854576063791119",
        "x-ms-request-id": "Sanitized",
        "x-ms-request-server-encrypted": "true",
        "x-ms-version": "2025-01-05"
      },
      "ResponseBody": null
    },
    {
      "RequestUri": "https://REDACTED/c5f8c2920getpropertiesoauth308150101cac548a221246/c5f8c2922getpropertiesoauth30815615739a644a919749%2Fc5f8c2923getpropertiesoauth3084566832408d1085be49",
      "RequestMethod": "PUT",
      "RequestHeaders": {
        "Accept": "application/xml",
        "Authorization": "Sanitized",
        "Content-Length": "0",
        "Date": "Wed, 27 Nov 2024 13:44:01 GMT",
        "User-Agent": "azsdk-java-azure-storage-file-share/12.26.0-beta.1 (21.0.2; Windows 11; 10.0)",
        "x-ms-allow-trailing-dot": "false",
        "x-ms-client-request-id": "Sanitized",
        "x-ms-content-length": "1024",
        "x-ms-file-attributes": "None",
        "x-ms-file-creation-time": "Now",
        "x-ms-file-last-write-time": "Now",
        "x-ms-file-permission": "Inherit",
        "x-ms-file-request-intent": "backup",
        "x-ms-type": "file",
        "x-ms-version": "2025-01-05"
      },
      "RequestBody": null,
      "StatusCode": 201,
      "ResponseHeaders": {
        "Content-Length": "0",
        "Date": "Wed, 27 Nov 2024 13:44:00 GMT",
        "ETag": "\"0x8DD0EE98CB7F723\"",
        "Last-Modified": "Wed, 27 Nov 2024 13:44:00 GMT",
        "Server": [
          "Windows-Azure-File/1.0",
          "Microsoft-HTTPAPI/2.0"
        ],
        "x-ms-client-request-id": "Sanitized",
        "x-ms-file-attributes": "Archive",
        "x-ms-file-change-time": "2024-11-27T13:44:00.7513891Z",
        "x-ms-file-creation-time": "2024-11-27T13:44:00.7513891Z",
        "x-ms-file-id": "13835093239654252544",
        "x-ms-file-last-write-time": "2024-11-27T13:44:00.7513891Z",
        "x-ms-file-parent-id": "13835128424026341376",
        "x-ms-file-permission-key": "15551900749952526465*9183854576063791119",
        "x-ms-request-id": "Sanitized",
        "x-ms-request-server-encrypted": "true",
        "x-ms-version": "2025-01-05"
      },
      "ResponseBody": null
    },
    {
      "RequestUri": "https://REDACTED/c5f8c2920getpropertiesoauth308150101cac548a221246/c5f8c2922getpropertiesoauth30815615739a644a919749%2Fc5f8c2923getpropertiesoauth3084566832408d1085be49",
      "RequestMethod": "HEAD",
      "RequestHeaders": {
        "Accept": "application/xml",
        "Authorization": "Sanitized",
        "Content-Length": "0",
        "Date": "Wed, 27 Nov 2024 13:44:01 GMT",
        "User-Agent": "azsdk-java-azure-storage-file-share/12.26.0-beta.1 (21.0.2; Windows 11; 10.0)",
        "x-ms-allow-trailing-dot": "false",
        "x-ms-client-request-id": "Sanitized",
        "x-ms-file-request-intent": "backup",
        "x-ms-version": "2025-01-05"
      },
      "RequestBody": null,
      "StatusCode": 200,
      "ResponseHeaders": {
        "Content-Length": "1024",
        "Content-Type": "application/octet-stream",
        "Date": "Wed, 27 Nov 2024 13:44:00 GMT",
        "ETag": "\"0x8DD0EE98CB7F723\"",
        "Last-Modified": "Wed, 27 Nov 2024 13:44:00 GMT",
        "Server": [
          "Windows-Azure-File/1.0",
          "Microsoft-HTTPAPI/2.0"
        ],
        "x-ms-client-request-id": "Sanitized",
        "x-ms-file-attributes": "Archive",
        "x-ms-file-change-time": "2024-11-27T13:44:00.7513891Z",
        "x-ms-file-creation-time": "2024-11-27T13:44:00.7513891Z",
        "x-ms-file-id": "13835093239654252544",
        "x-ms-file-last-write-time": "2024-11-27T13:44:00.7513891Z",
        "x-ms-file-parent-id": "13835128424026341376",
        "x-ms-file-permission-key": "15551900749952526465*9183854576063791119",
        "x-ms-lease-state": "available",
        "x-ms-lease-status": "unlocked",
        "x-ms-request-id": "Sanitized",
        "x-ms-server-encrypted": "true",
        "x-ms-type": "File",
        "x-ms-version": "2025-01-05"
      },
      "ResponseBody": null
    }
  ],
  "Variables": {
    "0": "c5f8c2920getpropertiesoauth308150101cac548a221246",
    "1": "c5f8c2921getpropertiesoauth308305023ba9575784324b",
    "2": "c5f8c2922getpropertiesoauth30815615739a644a919749",
    "3": "c5f8c2923getpropertiesoauth3084566832408d1085be49"
  }
}
