{
  "Entries": [
    {
      "RequestUri": "https://REDACTED/25eba5eb0abortcopyoauth64183512a4a21cafedf3416b?restype=share",
      "RequestMethod": "PUT",
      "RequestHeaders": {
        "Accept": "application/xml",
        "Authorization": "Sanitized",
        "Content-Length": "0",
        "Date": "Tue, 26 Nov 2024 21:50:15 GMT",
        "User-Agent": "azsdk-java-azure-storage-file-share/12.26.0-beta.1 (21.0.2; Windows 11; 10.0)",
        "x-ms-client-request-id": "Sanitized",
        "x-ms-version": "2025-01-05"
      },
      "RequestBody": null,
      "StatusCode": 201,
      "ResponseHeaders": {
        "Content-Length": "0",
        "Date": "Tue, 26 Nov 2024 21:50:14 GMT",
        "ETag": "\"0x8DD0E644FC5B645\"",
        "Last-Modified": "Tue, 26 Nov 2024 21:50:15 GMT",
        "Server": [
          "Windows-Azure-File/1.0",
          "Microsoft-HTTPAPI/2.0"
        ],
        "x-ms-client-request-id": "Sanitized",
        "x-ms-request-id": "Sanitized",
        "x-ms-version": "2025-01-05"
      },
      "ResponseBody": null
    },
    {
      "RequestUri": "https://REDACTED/25eba5eb0abortcopyoauth64183512a4a21cafedf3416b/25eba5eb2abortcopyoauth64183284d4c0206eb58e4d14?restype=directory",
      "RequestMethod": "PUT",
      "RequestHeaders": {
        "Accept": "application/xml",
        "Authorization": "Sanitized",
        "Content-Length": "0",
        "Date": "Tue, 26 Nov 2024 21:50:15 GMT",
        "User-Agent": "azsdk-java-azure-storage-file-share/12.26.0-beta.1 (21.0.2; Windows 11; 10.0)",
        "x-ms-allow-trailing-dot": "false",
        "x-ms-client-request-id": "Sanitized",
        "x-ms-file-attributes": "None",
        "x-ms-file-creation-time": "Now",
        "x-ms-file-last-write-time": "Now",
        "x-ms-file-permission": "Inherit",
        "x-ms-file-request-intent": "backup",
        "x-ms-version": "2025-01-05"
      },
      "RequestBody": null,
      "StatusCode": 201,
      "ResponseHeaders": {
        "Content-Length": "0",
        "Date": "Tue, 26 Nov 2024 21:50:16 GMT",
        "ETag": "\"0x8DD0E6450E06F3D\"",
        "Last-Modified": "Tue, 26 Nov 2024 21:50:17 GMT",
        "Server": [
          "Windows-Azure-File/1.0",
          "Microsoft-HTTPAPI/2.0"
        ],
        "x-ms-client-request-id": "Sanitized",
        "x-ms-file-attributes": "Directory",
        "x-ms-file-change-time": "2024-11-26T21:50:17.2882749Z",
        "x-ms-file-creation-time": "2024-11-26T21:50:17.2882749Z",
        "x-ms-file-id": "13835128424026341376",
        "x-ms-file-last-write-time": "2024-11-26T21:50:17.2882749Z",
        "x-ms-file-parent-id": "0",
        "x-ms-file-permission-key": "1704820300937123718*9183854576063791119",
        "x-ms-request-id": "Sanitized",
        "x-ms-request-server-encrypted": "true",
        "x-ms-version": "2025-01-05"
      },
      "ResponseBody": null
    },
    {
      "RequestUri": "https://REDACTED/25eba5eb0abortcopyoauth64183512a4a21cafedf3416b/25eba5eb2abortcopyoauth64183284d4c0206eb58e4d14%2F25eba5eb3abortcopyoauth641058048ec9f8a647dd463a",
      "RequestMethod": "PUT",
      "RequestHeaders": {
        "Accept": "application/xml",
        "Authorization": "Sanitized",
        "Content-Length": "0",
        "Date": "Tue, 26 Nov 2024 21:50:17 GMT",
        "User-Agent": "azsdk-java-azure-storage-file-share/12.26.0-beta.1 (21.0.2; Windows 11; 10.0)",
        "x-ms-allow-trailing-dot": "false",
        "x-ms-client-request-id": "Sanitized",
        "x-ms-content-length": "7",
        "x-ms-file-attributes": "None",
        "x-ms-file-creation-time": "Now",
        "x-ms-file-last-write-time": "Now",
        "x-ms-file-permission": "Inherit",
        "x-ms-file-request-intent": "backup",
        "x-ms-type": "file",
        "x-ms-version": "2025-01-05"
      },
      "RequestBody": null,
      "StatusCode": 201,
      "ResponseHeaders": {
        "Content-Length": "0",
        "Date": "Tue, 26 Nov 2024 21:50:17 GMT",
        "ETag": "\"0x8DD0E6450F393A4\"",
        "Last-Modified": "Tue, 26 Nov 2024 21:50:17 GMT",
        "Server": [
          "Windows-Azure-File/1.0",
          "Microsoft-HTTPAPI/2.0"
        ],
        "x-ms-client-request-id": "Sanitized",
        "x-ms-file-attributes": "Archive",
        "x-ms-file-change-time": "2024-11-26T21:50:17.4137252Z",
        "x-ms-file-creation-time": "2024-11-26T21:50:17.4137252Z",
        "x-ms-file-id": "11529285414812647424",
        "x-ms-file-last-write-time": "2024-11-26T21:50:17.4137252Z",
        "x-ms-file-parent-id": "13835128424026341376",
        "x-ms-file-permission-key": "15551900749952526465*9183854576063791119",
        "x-ms-request-id": "Sanitized",
        "x-ms-request-server-encrypted": "true",
        "x-ms-version": "2025-01-05"
      },
      "ResponseBody": null
    },
    {
      "RequestUri": "https://REDACTED/25eba5eb0abortcopyoauth64183512a4a21cafedf3416b/25eba5eb2abortcopyoauth64183284d4c0206eb58e4d14%2F25eba5eb3abortcopyoauth641058048ec9f8a647dd463a?comp=range",
      "RequestMethod": "PUT",
      "RequestHeaders": {
        "Accept": "application/xml",
        "Authorization": "Sanitized",
        "Content-Length": "7",
        "Content-Type": "application/octet-stream",
        "Date": "Tue, 26 Nov 2024 21:50:17 GMT",
        "User-Agent": "azsdk-java-azure-storage-file-share/12.26.0-beta.1 (21.0.2; Windows 11; 10.0)",
        "x-ms-allow-trailing-dot": "false",
        "x-ms-client-request-id": "Sanitized",
        "x-ms-file-request-intent": "backup",
        "x-ms-range": "bytes=0-6",
        "x-ms-version": "2025-01-05",
        "x-ms-write": "update"
      },
      "RequestBody": "ZGVmYXVsdA==",
      "StatusCode": 201,
      "ResponseHeaders": {
        "Content-Length": "0",
        "Content-MD5": "wh+Wm18D0z1D4E+PE252gg==",
        "Date": "Tue, 26 Nov 2024 21:50:17 GMT",
        "ETag": "\"0x8DD0E64510F12FC\"",
        "Last-Modified": "Tue, 26 Nov 2024 21:50:17 GMT",
        "Server": [
          "Windows-Azure-File/1.0",
          "Microsoft-HTTPAPI/2.0"
        ],
        "x-ms-client-request-id": "Sanitized",
        "x-ms-file-last-write-time": "2024-11-26T21:50:17.5939324Z",
        "x-ms-request-id": "Sanitized",
        "x-ms-request-server-encrypted": "true",
        "x-ms-version": "2025-01-05"
      },
      "ResponseBody": null
    },
    {
      "RequestUri": "https://REDACTED/25eba5eb0abortcopyoauth64183512a4a21cafedf3416b/25eba5eb2abortcopyoauth64183284d4c0206eb58e4d14%2F25eba5eb4abortcopyoauth641251200b9be329c090418e",
      "RequestMethod": "PUT",
      "RequestHeaders": {
        "Accept": "application/xml",
        "Authorization": "Sanitized",
        "Content-Length": "0",
        "Date": "Tue, 26 Nov 2024 21:50:17 GMT",
        "User-Agent": "azsdk-java-azure-storage-file-share/12.26.0-beta.1 (21.0.2; Windows 11; 10.0)",
        "x-ms-allow-trailing-dot": "false",
        "x-ms-client-request-id": "Sanitized",
        "x-ms-content-length": "7",
        "x-ms-file-attributes": "None",
        "x-ms-file-creation-time": "Now",
        "x-ms-file-last-write-time": "Now",
        "x-ms-file-permission": "Inherit",
        "x-ms-file-request-intent": "backup",
        "x-ms-type": "file",
        "x-ms-version": "2025-01-05"
      },
      "RequestBody": null,
      "StatusCode": 201,
      "ResponseHeaders": {
        "Content-Length": "0",
        "Date": "Tue, 26 Nov 2024 21:50:17 GMT",
        "ETag": "\"0x8DD0E64511F2D81\"",
        "Last-Modified": "Tue, 26 Nov 2024 21:50:17 GMT",
        "Server": [
          "Windows-Azure-File/1.0",
          "Microsoft-HTTPAPI/2.0"
        ],
        "x-ms-client-request-id": "Sanitized",
        "x-ms-file-attributes": "Archive",
        "x-ms-file-change-time": "2024-11-26T21:50:17.6994689Z",
        "x-ms-file-creation-time": "2024-11-26T21:50:17.6994689Z",
        "x-ms-file-id": "13835093239654252544",
        "x-ms-file-last-write-time": "2024-11-26T21:50:17.6994689Z",
        "x-ms-file-parent-id": "13835128424026341376",
        "x-ms-file-permission-key": "15551900749952526465*9183854576063791119",
        "x-ms-request-id": "Sanitized",
        "x-ms-request-server-encrypted": "true",
        "x-ms-version": "2025-01-05"
      },
      "ResponseBody": null
    },
    {
      "RequestUri": "https://REDACTED/25eba5eb0abortcopyoauth64183512a4a21cafedf3416b/25eba5eb2abortcopyoauth64183284d4c0206eb58e4d14%2F25eba5eb4abortcopyoauth641251200b9be329c090418e",
      "RequestMethod": "PUT",
      "RequestHeaders": {
        "Accept": "application/xml",
        "Authorization": "Sanitized",
        "Content-Length": "0",
        "Date": "Tue, 26 Nov 2024 21:50:18 GMT",
        "User-Agent": "azsdk-java-azure-storage-file-share/12.26.0-beta.1 (21.0.2; Windows 11; 10.0)",
        "x-ms-allow-trailing-dot": "false",
        "x-ms-client-request-id": "Sanitized",
        "x-ms-copy-source": "Sanitized",
        "x-ms-file-request-intent": "backup",
        "x-ms-source-allow-trailing-dot": "false",
        "x-ms-version": "2025-01-05"
      },
      "RequestBody": null,
      "StatusCode": 202,
      "ResponseHeaders": {
        "Content-Length": "0",
        "Date": "Tue, 26 Nov 2024 21:50:17 GMT",
        "ETag": "\"0x8DD0E64517330A3\"",
        "Last-Modified": "Tue, 26 Nov 2024 21:50:18 GMT",
        "Server": [
          "Windows-Azure-File/1.0",
          "Microsoft-HTTPAPI/2.0"
        ],
        "x-ms-client-request-id": "Sanitized",
        "x-ms-copy-id": "b94531bb-0e18-4589-a4e2-146e5f2d7f93",
        "x-ms-copy-status": "success",
        "x-ms-request-id": "Sanitized",
        "x-ms-version": "2025-01-05"
      },
      "ResponseBody": null
    },
    {
      "RequestUri": "https://REDACTED/25eba5eb0abortcopyoauth64183512a4a21cafedf3416b/25eba5eb2abortcopyoauth64183284d4c0206eb58e4d14%2F25eba5eb4abortcopyoauth641251200b9be329c090418e",
      "RequestMethod": "HEAD",
      "RequestHeaders": {
        "Accept": "application/xml",
        "Authorization": "Sanitized",
        "Content-Length": "0",
        "Date": "Tue, 26 Nov 2024 21:50:18 GMT",
        "User-Agent": "azsdk-java-azure-storage-file-share/12.26.0-beta.1 (21.0.2; Windows 11; 10.0)",
        "x-ms-allow-trailing-dot": "false",
        "x-ms-client-request-id": "Sanitized",
        "x-ms-file-request-intent": "backup",
        "x-ms-version": "2025-01-05"
      },
      "RequestBody": null,
      "StatusCode": 200,
      "ResponseHeaders": {
        "Content-Length": "7",
        "Content-Type": "application/octet-stream",
        "Date": "Tue, 26 Nov 2024 21:50:18 GMT",
        "ETag": "\"0x8DD0E64517330A3\"",
        "Last-Modified": "Tue, 26 Nov 2024 21:50:18 GMT",
        "Server": [
          "Windows-Azure-File/1.0",
          "Microsoft-HTTPAPI/2.0"
        ],
        "x-ms-client-request-id": "Sanitized",
        "x-ms-copy-completion-time": "Tue, 26 Nov 2024 21:50:18 GMT",
        "x-ms-copy-id": "b94531bb-0e18-4589-a4e2-146e5f2d7f93",
        "x-ms-copy-progress": "7/7",
        "x-ms-copy-source": "Sanitized",
        "x-ms-copy-status": "success",
        "x-ms-file-attributes": "Archive",
        "x-ms-file-change-time": "2024-11-26T21:50:18.2500515Z",
        "x-ms-file-creation-time": "2024-11-26T21:50:18.2500515Z",
        "x-ms-file-id": "13835093239654252544",
        "x-ms-file-last-write-time": "2024-11-26T21:50:18.2500515Z",
        "x-ms-file-parent-id": "13835128424026341376",
        "x-ms-file-permission-key": "15551900749952526465*9183854576063791119",
        "x-ms-lease-state": "available",
        "x-ms-lease-status": "unlocked",
        "x-ms-request-id": "Sanitized",
        "x-ms-server-encrypted": "true",
        "x-ms-type": "File",
        "x-ms-version": "2025-01-05"
      },
      "ResponseBody": null
    },
    {
      "RequestUri": "https://REDACTED/25eba5eb0abortcopyoauth64183512a4a21cafedf3416b/25eba5eb2abortcopyoauth64183284d4c0206eb58e4d14%2F25eba5eb4abortcopyoauth641251200b9be329c090418e?comp=copy&copyid=b94531bb-0e18-4589-a4e2-146e5f2d7f93",
      "RequestMethod": "PUT",
      "RequestHeaders": {
        "Accept": "application/xml",
        "Authorization": "Sanitized",
        "Content-Length": "0",
        "Date": "Tue, 26 Nov 2024 21:50:18 GMT",
        "User-Agent": "azsdk-java-azure-storage-file-share/12.26.0-beta.1 (21.0.2; Windows 11; 10.0)",
        "x-ms-allow-trailing-dot": "false",
        "x-ms-client-request-id": "Sanitized",
        "x-ms-copy-action": "abort",
        "x-ms-file-request-intent": "backup",
        "x-ms-version": "2025-01-05"
      },
      "RequestBody": null,
      "StatusCode": 409,
      "ResponseHeaders": {
        "Content-Length": "236",
        "Content-Type": "application/xml",
        "Date": "Tue, 26 Nov 2024 21:50:18 GMT",
        "Server": [
          "Windows-Azure-File/1.0",
          "Microsoft-HTTPAPI/2.0"
        ],
        "x-ms-client-request-id": "Sanitized",
        "x-ms-error-code": "NoPendingCopyOperation",
        "x-ms-request-id": "Sanitized",
        "x-ms-version": "2025-01-05"
      },
      "ResponseBody": [
        "\uFEFF<?xml version=\"1.0\" encoding=\"utf-8\"?><Error><Code>NoPendingCopyOperation</Code><Message>There is currently no pending copy operation.\n",
        "RequestId:691c22c4-401a-006d-604d-4045d1000000\n",
        "Time:2024-11-26T21:50:18.4992738Z</Message></Error>"
      ]
    }
  ],
  "Variables": {
    "0": "25eba5eb0abortcopyoauth64183512a4a21cafedf3416b",
    "1": "25eba5eb1abortcopyoauth641944826f1dcac4e1184698",
    "2": "25eba5eb2abortcopyoauth64183284d4c0206eb58e4d14",
    "3": "25eba5eb3abortcopyoauth641058048ec9f8a647dd463a",
    "4": "25eba5eb4abortcopyoauth641251200b9be329c090418e"
  }
}
