{
  "Entries": [
    {
      "RequestUri": "https://REDACTED/f3a1b0360startcopywithoptions70942208842bbd11d3324?restype=share",
      "RequestMethod": "PUT",
      "RequestHeaders": {
        "Accept": "application/xml",
        "Authorization": "Sanitized",
        "Content-Length": "0",
        "Date": "Tue, 26 Nov 2024 21:50:00 GMT",
        "User-Agent": "azsdk-java-azure-storage-file-share/12.26.0-beta.1 (21.0.2; Windows 11; 10.0)",
        "x-ms-client-request-id": "Sanitized",
        "x-ms-version": "2025-01-05"
      },
      "RequestBody": null,
      "StatusCode": 201,
      "ResponseHeaders": {
        "Content-Length": "0",
        "Date": "Tue, 26 Nov 2024 21:50:00 GMT",
        "ETag": "\"0x8DD0E6446D2F99F\"",
        "Last-Modified": "Tue, 26 Nov 2024 21:50:00 GMT",
        "Server": [
          "Windows-Azure-File/1.0",
          "Microsoft-HTTPAPI/2.0"
        ],
        "x-ms-client-request-id": "Sanitized",
        "x-ms-request-id": "Sanitized",
        "x-ms-version": "2025-01-05"
      },
      "ResponseBody": null
    },
    {
      "RequestUri": "https://REDACTED/f3a1b0360startcopywithoptions70942208842bbd11d3324/f3a1b0361startcopywithoptions7096980881b7d4c2fdf14",
      "RequestMethod": "PUT",
      "RequestHeaders": {
        "Accept": "application/xml",
        "Authorization": "Sanitized",
        "Content-Length": "0",
        "Date": "Tue, 26 Nov 2024 21:50:00 GMT",
        "User-Agent": "azsdk-java-azure-storage-file-share/12.26.0-beta.1 (21.0.2; Windows 11; 10.0)",
        "x-ms-allow-trailing-dot": "false",
        "x-ms-client-request-id": "Sanitized",
        "x-ms-content-length": "1024",
        "x-ms-file-attributes": "None",
        "x-ms-file-creation-time": "Now",
        "x-ms-file-last-write-time": "Now",
        "x-ms-file-permission": "Inherit",
        "x-ms-type": "file",
        "x-ms-version": "2025-01-05"
      },
      "RequestBody": null,
      "StatusCode": 201,
      "ResponseHeaders": {
        "Content-Length": "0",
        "Date": "Tue, 26 Nov 2024 21:50:00 GMT",
        "ETag": "\"0x8DD0E6446E30061\"",
        "Last-Modified": "Tue, 26 Nov 2024 21:50:00 GMT",
        "Server": [
          "Windows-Azure-File/1.0",
          "Microsoft-HTTPAPI/2.0"
        ],
        "x-ms-client-request-id": "Sanitized",
        "x-ms-file-attributes": "Archive",
        "x-ms-file-change-time": "2024-11-26T21:50:00.5278817Z",
        "x-ms-file-creation-time": "2024-11-26T21:50:00.5278817Z",
        "x-ms-file-id": "13835128424026341376",
        "x-ms-file-last-write-time": "2024-11-26T21:50:00.5278817Z",
        "x-ms-file-parent-id": "0",
        "x-ms-file-permission-key": "15551900749952526465*9183854576063791119",
        "x-ms-request-id": "Sanitized",
        "x-ms-request-server-encrypted": "true",
        "x-ms-version": "2025-01-05"
      },
      "ResponseBody": null
    },
    {
      "RequestUri": "https://REDACTED/f3a1b0360startcopywithoptions70942208842bbd11d3324?restype=share&comp=filepermission",
      "RequestMethod": "PUT",
      "RequestHeaders": {
        "Accept": "application/xml",
        "Authorization": "Sanitized",
        "Content-Length": "225",
        "Content-Type": "application/json",
        "Date": "Tue, 26 Nov 2024 21:50:00 GMT",
        "User-Agent": "azsdk-java-azure-storage-file-share/12.26.0-beta.1 (21.0.2; Windows 11; 10.0)",
        "x-ms-client-request-id": "Sanitized",
        "x-ms-version": "2025-01-05"
      },
      "RequestBody": {
        "permission": "O:S-1-5-21-2127521184-1604012920-1887927527-21560751G:S-1-5-21-2127521184-1604012920-1887927527-513D:AI(A;;FA;;;SY)(A;;FA;;;BA)(A;;0x1200a9;;;S-1-5-21-397955417-626881126-188441444-3053964)S:NO_ACCESS_CONTROL"
      },
      "StatusCode": 201,
      "ResponseHeaders": {
        "Date": "Tue, 26 Nov 2024 21:50:00 GMT",
        "Server": [
          "Windows-Azure-File/1.0",
          "Microsoft-HTTPAPI/2.0"
        ],
        "Transfer-Encoding": "chunked",
        "x-ms-client-request-id": "Sanitized",
        "x-ms-file-permission-key": "15615202267734644222*9183854576063791119",
        "x-ms-request-id": "Sanitized",
        "x-ms-version": "2025-01-05"
      },
      "ResponseBody": null
    },
    {
      "RequestUri": "https://REDACTED/f3a1b0360startcopywithoptions70942208842bbd11d3324/f3a1b0361startcopywithoptions7096980881b7d4c2fdf14",
      "RequestMethod": "PUT",
      "RequestHeaders": {
        "Accept": "application/xml",
        "Authorization": "Sanitized",
        "Content-Length": "0",
        "Date": "Tue, 26 Nov 2024 21:50:00 GMT",
        "User-Agent": "azsdk-java-azure-storage-file-share/12.26.0-beta.1 (21.0.2; Windows 11; 10.0)",
        "x-ms-allow-trailing-dot": "false",
        "x-ms-client-request-id": "Sanitized",
        "x-ms-copy-source": "Sanitized",
        "x-ms-file-attributes": "None",
        "x-ms-file-copy-ignore-readonly": "false",
        "x-ms-file-copy-set-archive": "false",
        "x-ms-file-creation-time": "2024-11-26T21:50:00.9034788Z",
        "x-ms-file-last-write-time": "2024-11-26T21:50:00.9034788Z",
        "x-ms-file-permission-copy-mode": "override",
        "x-ms-file-permission-key": "15615202267734644222*9183854576063791119",
        "x-ms-source-allow-trailing-dot": "false",
        "x-ms-version": "2025-01-05"
      },
      "RequestBody": null,
      "StatusCode": 202,
      "ResponseHeaders": {
        "Content-Length": "0",
        "Date": "Tue, 26 Nov 2024 21:50:00 GMT",
        "ETag": "\"0x8DD0E644701FE3E\"",
        "Last-Modified": "Tue, 26 Nov 2024 21:50:00 GMT",
        "Server": [
          "Windows-Azure-File/1.0",
          "Microsoft-HTTPAPI/2.0"
        ],
        "x-ms-client-request-id": "Sanitized",
        "x-ms-copy-id": "a4368bcb-f484-40db-bae1-dcf6757d0f72",
        "x-ms-copy-status": "success",
        "x-ms-request-id": "Sanitized",
        "x-ms-version": "2025-01-05"
      },
      "ResponseBody": null
    },
    {
      "RequestUri": "https://REDACTED/f3a1b0360startcopywithoptions70942208842bbd11d3324/f3a1b0361startcopywithoptions7096980881b7d4c2fdf14",
      "RequestMethod": "HEAD",
      "RequestHeaders": {
        "Accept": "application/xml",
        "Authorization": "Sanitized",
        "Content-Length": "0",
        "Date": "Tue, 26 Nov 2024 21:50:01 GMT",
        "User-Agent": "azsdk-java-azure-storage-file-share/12.26.0-beta.1 (21.0.2; Windows 11; 10.0)",
        "x-ms-allow-trailing-dot": "false",
        "x-ms-client-request-id": "Sanitized",
        "x-ms-version": "2025-01-05"
      },
      "RequestBody": null,
      "StatusCode": 200,
      "ResponseHeaders": {
        "Content-Length": "1024",
        "Content-Type": "application/octet-stream",
        "Date": "Tue, 26 Nov 2024 21:50:00 GMT",
        "ETag": "\"0x8DD0E644701FE3E\"",
        "Last-Modified": "Tue, 26 Nov 2024 21:50:00 GMT",
        "Server": [
          "Windows-Azure-File/1.0",
          "Microsoft-HTTPAPI/2.0"
        ],
        "x-ms-client-request-id": "Sanitized",
        "x-ms-copy-completion-time": "Tue, 26 Nov 2024 21:50:00 GMT",
        "x-ms-copy-id": "a4368bcb-f484-40db-bae1-dcf6757d0f72",
        "x-ms-copy-progress": "1024/1024",
        "x-ms-copy-source": "Sanitized",
        "x-ms-copy-status": "success",
        "x-ms-file-attributes": "None",
        "x-ms-file-change-time": "2024-11-26T21:50:00.7309886Z",
        "x-ms-file-creation-time": "2024-11-26T21:50:00.9034788Z",
        "x-ms-file-id": "13835128424026341376",
        "x-ms-file-last-write-time": "2024-11-26T21:50:00.9034788Z",
        "x-ms-file-parent-id": "0",
        "x-ms-file-permission-key": "11339508310156547258*9183854576063791119",
        "x-ms-lease-state": "available",
        "x-ms-lease-status": "unlocked",
        "x-ms-request-id": "Sanitized",
        "x-ms-server-encrypted": "true",
        "x-ms-type": "File",
        "x-ms-version": "2025-01-05"
      },
      "ResponseBody": null
    }
  ],
  "Variables": {
    "0": "f3a1b0360startcopywithoptions70942208842bbd11d3324",
    "1": "f3a1b0361startcopywithoptions7096980881b7d4c2fdf14",
    "2": "2024-11-26T21:50:00.903478800Z",
    "3": "2024-11-26T21:50:00.903478800Z"
  }
}
