{
  "Entries": [
    {
      "RequestUri": "https://REDACTED/218f26830setfilehttpheadersfilepermissionformatd9664867b520?restype=share",
      "RequestMethod": "PUT",
      "RequestHeaders": {
        "Accept": "application/xml",
        "Authorization": "Sanitized",
        "Content-Length": "0",
        "Date": "Thu, 01 Aug 2024 21:30:32 GMT",
        "User-Agent": "azsdk-java-azure-storage-file-share/12.23.0 (17.0.8; Windows 11; 10.0)",
        "x-ms-client-request-id": "Sanitized",
        "x-ms-version": "2024-11-04"
      },
      "RequestBody": null,
      "StatusCode": 201,
      "ResponseHeaders": {
        "Content-Length": "0",
        "Date": "Thu, 01 Aug 2024 21:30:33 GMT",
        "ETag": "\"0x8DCB2712D8A30F0\"",
        "Last-Modified": "Thu, 01 Aug 2024 21:30:34 GMT",
        "Server": [
          "Windows-Azure-File/1.0",
          "Microsoft-HTTPAPI/2.0"
        ],
        "x-ms-client-request-id": "Sanitized",
        "x-ms-request-id": "Sanitized",
        "x-ms-version": "2024-11-04"
      },
      "ResponseBody": null
    },
    {
      "RequestUri": "https://REDACTED/218f26830setfilehttpheadersfilepermissionformatd9664867b520/218f26831setfilehttpheadersfilepermissionformatd9611349218f",
      "RequestMethod": "PUT",
      "RequestHeaders": {
        "Accept": "application/xml",
        "Authorization": "Sanitized",
        "Content-Length": "0",
        "Date": "Thu, 01 Aug 2024 21:30:34 GMT",
        "User-Agent": "azsdk-java-azure-storage-file-share/12.23.0 (17.0.8; Windows 11; 10.0)",
        "x-ms-allow-trailing-dot": "false",
        "x-ms-client-request-id": "Sanitized",
        "x-ms-content-length": "512",
        "x-ms-file-attributes": "None",
        "x-ms-file-creation-time": "Now",
        "x-ms-file-last-write-time": "Now",
        "x-ms-file-permission": "Inherit",
        "x-ms-type": "file",
        "x-ms-version": "2024-11-04"
      },
      "RequestBody": null,
      "StatusCode": 201,
      "ResponseHeaders": {
        "Content-Length": "0",
        "Date": "Thu, 01 Aug 2024 21:30:34 GMT",
        "ETag": "\"0x8DCB2712DFDEC7E\"",
        "Last-Modified": "Thu, 01 Aug 2024 21:30:35 GMT",
        "Server": [
          "Windows-Azure-File/1.0",
          "Microsoft-HTTPAPI/2.0"
        ],
        "x-ms-client-request-id": "Sanitized",
        "x-ms-file-attributes": "Archive",
        "x-ms-file-change-time": "2024-08-01T21:30:35.2432254Z",
        "x-ms-file-creation-time": "2024-08-01T21:30:35.2432254Z",
        "x-ms-file-id": "13835128424026341376",
        "x-ms-file-last-write-time": "2024-08-01T21:30:35.2432254Z",
        "x-ms-file-parent-id": "0",
        "x-ms-file-permission-key": "17160240204029858152*5081612660206631398",
        "x-ms-request-id": "Sanitized",
        "x-ms-request-server-encrypted": "true",
        "x-ms-version": "2024-11-04"
      },
      "ResponseBody": null
    },
    {
      "RequestUri": "https://REDACTED/218f26830setfilehttpheadersfilepermissionformatd9664867b520/218f26831setfilehttpheadersfilepermissionformatd9611349218f?comp=properties",
      "RequestMethod": "PUT",
      "RequestHeaders": {
        "Accept": "application/xml",
        "Authorization": "Sanitized",
        "Content-Length": "0",
        "Date": "Thu, 01 Aug 2024 21:30:35 GMT",
        "User-Agent": "azsdk-java-azure-storage-file-share/12.23.0 (17.0.8; Windows 11; 10.0)",
        "x-ms-allow-trailing-dot": "false",
        "x-ms-client-request-id": "Sanitized",
        "x-ms-content-length": "512",
        "x-ms-file-attributes": "Preserve",
        "x-ms-file-creation-time": "Preserve",
        "x-ms-file-last-write-time": "Preserve",
        "x-ms-file-permission": "AQAUhGwAAACIAAAAAAAAABQAAAACAFgAAwAAAAAAFAD/AR8AAQEAAAAAAAUSAAAAAAAYAP8BHwABAgAAAAAABSAAAAAgAgAAAAAkAKkAEgABBQAAAAAABRUAAABZUbgXZnJdJWRjOwuMmS4AAQUAAAAAAAUVAAAAoGXPfnhLm1/nfIdwr/1IAQEFAAAAAAAFFQAAAKBlz354S5tf53yHcAECAAA=",
        "x-ms-file-permission-format": "Binary",
        "x-ms-version": "2024-11-04"
      },
      "RequestBody": null,
      "StatusCode": 200,
      "ResponseHeaders": {
        "Content-Length": "0",
        "Date": "Thu, 01 Aug 2024 21:30:35 GMT",
        "ETag": "\"0x8DCB2712EDD645A\"",
        "Last-Modified": "Thu, 01 Aug 2024 21:30:36 GMT",
        "Server": [
          "Windows-Azure-File/1.0",
          "Microsoft-HTTPAPI/2.0"
        ],
        "x-ms-client-request-id": "Sanitized",
        "x-ms-file-attributes": "Archive",
        "x-ms-file-change-time": "2024-08-01T21:30:36.7077466Z",
        "x-ms-file-creation-time": "2024-08-01T21:30:35.2432254Z",
        "x-ms-file-id": "13835128424026341376",
        "x-ms-file-last-write-time": "2024-08-01T21:30:36.7077466Z",
        "x-ms-file-parent-id": "0",
        "x-ms-file-permission-key": "16231623300506987543*5081612660206631398",
        "x-ms-request-id": "Sanitized",
        "x-ms-request-server-encrypted": "true",
        "x-ms-version": "2024-11-04"
      },
      "ResponseBody": null
    }
  ],
  "Variables": {
    "0": "218f26830setfilehttpheadersfilepermissionformatd9664867b520",
    "1": "218f26831setfilehttpheadersfilepermissionformatd9611349218f"
  }
}
