{
  "Entries": [
    {
      "RequestUri": "https://REDACTED/e4e3869f0begincopynfs60b44338494efd98c14b4ac79?restype=share",
      "RequestMethod": "PUT",
      "RequestHeaders": {
        "Accept": "application/xml",
        "Authorization": "Sanitized",
        "Content-Length": "0",
        "Date": "Wed, 05 Feb 2025 18:43:18 GMT",
        "User-Agent": "azsdk-java-azure-storage-file-share/12.26.0-beta.1 (17.0.12; Windows 11; 10.0)",
        "x-ms-client-request-id": "Sanitized",
        "x-ms-version": "2025-05-05"
      },
      "RequestBody": null,
      "StatusCode": 201,
      "ResponseHeaders": {
        "Content-Length": "0",
        "Date": "Wed, 05 Feb 2025 18:43:17 GMT",
        "ETag": "\"0x8DD4614F50EA993\"",
        "Last-Modified": "Wed, 05 Feb 2025 18:43:18 GMT",
        "Server": [
          "Windows-Azure-File/1.0",
          "Microsoft-HTTPAPI/2.0"
        ],
        "x-ms-client-request-id": "Sanitized",
        "x-ms-request-id": "Sanitized",
        "x-ms-version": "2025-05-05"
      },
      "ResponseBody": null
    },
    {
      "RequestUri": "https://REDACTED/e4e3869f2begincopynfs60b22732fe259d6247f3448ab?restype=share",
      "RequestMethod": "PUT",
      "RequestHeaders": {
        "Accept": "application/xml",
        "Authorization": "Sanitized",
        "Content-Length": "0",
        "Date": "Wed, 05 Feb 2025 18:43:18 GMT",
        "User-Agent": "azsdk-java-azure-storage-file-share/12.26.0-beta.1 (17.0.12; Windows 11; 10.0)",
        "x-ms-client-request-id": "Sanitized",
        "x-ms-enabled-protocols": "NFS",
        "x-ms-version": "2025-05-05"
      },
      "RequestBody": null,
      "StatusCode": 201,
      "ResponseHeaders": {
        "Content-Length": "0",
        "Date": "Wed, 05 Feb 2025 18:43:17 GMT",
        "ETag": "\"0x8DD4614F51A1D2E\"",
        "Last-Modified": "Wed, 05 Feb 2025 18:43:18 GMT",
        "Server": [
          "Windows-Azure-File/1.0",
          "Microsoft-HTTPAPI/2.0"
        ],
        "x-ms-client-request-id": "Sanitized",
        "x-ms-request-id": "Sanitized",
        "x-ms-version": "2025-05-05"
      },
      "ResponseBody": null
    },
    {
      "RequestUri": "https://REDACTED/e4e3869f2begincopynfs60b22732fe259d6247f3448ab/e4e3869f3begincopynfs60b77969dcae3e3ae1e644d0bsource",
      "RequestMethod": "PUT",
      "RequestHeaders": {
        "Accept": "application/xml",
        "Authorization": "Sanitized",
        "Content-Length": "0",
        "Date": "Wed, 05 Feb 2025 18:43:18 GMT",
        "User-Agent": "azsdk-java-azure-storage-file-share/12.26.0-beta.1 (17.0.12; Windows 11; 10.0)",
        "x-ms-allow-trailing-dot": "false",
        "x-ms-client-request-id": "Sanitized",
        "x-ms-content-length": "1024",
        "x-ms-type": "file",
        "x-ms-version": "2025-05-05"
      },
      "RequestBody": null,
      "StatusCode": 201,
      "ResponseHeaders": {
        "Content-Length": "0",
        "Date": "Wed, 05 Feb 2025 18:43:17 GMT",
        "ETag": "\"0x8DD4614F5269258\"",
        "Last-Modified": "Wed, 05 Feb 2025 18:43:18 GMT",
        "Server": [
          "Windows-Azure-File/1.0",
          "Microsoft-HTTPAPI/2.0"
        ],
        "x-ms-client-request-id": "Sanitized",
        "x-ms-file-change-time": "2025-02-05T18:43:18.2714456Z",
        "x-ms-file-creation-time": "2025-02-05T18:43:18.2714456Z",
        "x-ms-file-file-type": "Regular",
        "x-ms-file-id": "13835128424026341376",
        "x-ms-file-last-write-time": "2025-02-05T18:43:18.2714456Z",
        "x-ms-file-parent-id": "1",
        "x-ms-group": "0",
        "x-ms-mode": "0664",
        "x-ms-owner": "0",
        "x-ms-request-id": "Sanitized",
        "x-ms-request-server-encrypted": "true",
        "x-ms-version": "2025-05-05"
      },
      "ResponseBody": null
    },
    {
      "RequestUri": "https://REDACTED/e4e3869f2begincopynfs60b22732fe259d6247f3448ab/e4e3869f3begincopynfs60b77969dcae3e3ae1e644d0bsource?comp=range",
      "RequestMethod": "PUT",
      "RequestHeaders": {
        "Accept": "application/xml",
        "Authorization": "Sanitized",
        "Content-Length": "7",
        "Content-Type": "application/octet-stream",
        "Date": "Wed, 05 Feb 2025 18:43:18 GMT",
        "User-Agent": "azsdk-java-azure-storage-file-share/12.26.0-beta.1 (17.0.12; Windows 11; 10.0)",
        "x-ms-allow-trailing-dot": "false",
        "x-ms-client-request-id": "Sanitized",
        "x-ms-range": "bytes=0-6",
        "x-ms-version": "2025-05-05",
        "x-ms-write": "update"
      },
      "RequestBody": "ZGVmYXVsdA==",
      "StatusCode": 201,
      "ResponseHeaders": {
        "Content-Length": "0",
        "Content-MD5": "wh+Wm18D0z1D4E+PE252gg==",
        "Date": "Wed, 05 Feb 2025 18:43:18 GMT",
        "ETag": "\"0x8DD4614F532777B\"",
        "Last-Modified": "Wed, 05 Feb 2025 18:43:18 GMT",
        "Server": [
          "Windows-Azure-File/1.0",
          "Microsoft-HTTPAPI/2.0"
        ],
        "x-ms-client-request-id": "Sanitized",
        "x-ms-file-last-write-time": "2025-02-05T18:43:18.3494011Z",
        "x-ms-request-id": "Sanitized",
        "x-ms-request-server-encrypted": "true",
        "x-ms-version": "2025-05-05"
      },
      "ResponseBody": null
    },
    {
      "RequestUri": "https://REDACTED/e4e3869f2begincopynfs60b22732fe259d6247f3448ab/e4e3869f3begincopynfs60b77969dcae3e3ae1e644d0bsource?comp=properties",
      "RequestMethod": "PUT",
      "RequestHeaders": {
        "Accept": "application/xml",
        "Authorization": "Sanitized",
        "Content-Length": "0",
        "Date": "Wed, 05 Feb 2025 18:43:18 GMT",
        "User-Agent": "azsdk-java-azure-storage-file-share/12.26.0-beta.1 (17.0.12; Windows 11; 10.0)",
        "x-ms-allow-trailing-dot": "false",
        "x-ms-client-request-id": "Sanitized",
        "x-ms-content-length": "1024",
        "x-ms-group": "888",
        "x-ms-mode": "0111",
        "x-ms-owner": "999",
        "x-ms-version": "2025-05-05"
      },
      "RequestBody": null,
      "StatusCode": 200,
      "ResponseHeaders": {
        "Content-Length": "0",
        "Date": "Wed, 05 Feb 2025 18:43:18 GMT",
        "ETag": "\"0x8DD4614F53D244F\"",
        "Last-Modified": "Wed, 05 Feb 2025 18:43:18 GMT",
        "Server": [
          "Windows-Azure-File/1.0",
          "Microsoft-HTTPAPI/2.0"
        ],
        "x-ms-client-request-id": "Sanitized",
        "x-ms-file-change-time": "2025-02-05T18:43:18.4193615Z",
        "x-ms-file-creation-time": "2025-02-05T18:43:18.2714456Z",
        "x-ms-file-id": "13835128424026341376",
        "x-ms-file-last-write-time": "2025-02-05T18:43:18.4193615Z",
        "x-ms-file-parent-id": "1",
        "x-ms-group": "888",
        "x-ms-link-count": "1",
        "x-ms-mode": "0111",
        "x-ms-owner": "999",
        "x-ms-request-id": "Sanitized",
        "x-ms-request-server-encrypted": "true",
        "x-ms-version": "2025-05-05"
      },
      "ResponseBody": null
    },
    {
      "RequestUri": "https://REDACTED/e4e3869f2begincopynfs60b22732fe259d6247f3448ab/e4e3869f4begincopynfs60b42747ea6b459c13ec456c9dest",
      "RequestMethod": "PUT",
      "RequestHeaders": {
        "Accept": "application/xml",
        "Authorization": "Sanitized",
        "Content-Length": "0",
        "Date": "Wed, 05 Feb 2025 18:43:18 GMT",
        "User-Agent": "azsdk-java-azure-storage-file-share/12.26.0-beta.1 (17.0.12; Windows 11; 10.0)",
        "x-ms-allow-trailing-dot": "false",
        "x-ms-client-request-id": "Sanitized",
        "x-ms-content-length": "1024",
        "x-ms-type": "file",
        "x-ms-version": "2025-05-05"
      },
      "RequestBody": null,
      "StatusCode": 201,
      "ResponseHeaders": {
        "Content-Length": "0",
        "Date": "Wed, 05 Feb 2025 18:43:18 GMT",
        "ETag": "\"0x8DD4614F548E26C\"",
        "Last-Modified": "Wed, 05 Feb 2025 18:43:18 GMT",
        "Server": [
          "Windows-Azure-File/1.0",
          "Microsoft-HTTPAPI/2.0"
        ],
        "x-ms-client-request-id": "Sanitized",
        "x-ms-file-change-time": "2025-02-05T18:43:18.4963180Z",
        "x-ms-file-creation-time": "2025-02-05T18:43:18.4963180Z",
        "x-ms-file-file-type": "Regular",
        "x-ms-file-id": "11529285414812647424",
        "x-ms-file-last-write-time": "2025-02-05T18:43:18.4963180Z",
        "x-ms-file-parent-id": "1",
        "x-ms-group": "0",
        "x-ms-mode": "0664",
        "x-ms-owner": "0",
        "x-ms-request-id": "Sanitized",
        "x-ms-request-server-encrypted": "true",
        "x-ms-version": "2025-05-05"
      },
      "ResponseBody": null
    },
    {
      "RequestUri": "https://REDACTED/e4e3869f2begincopynfs60b22732fe259d6247f3448ab/e4e3869f3begincopynfs60b77969dcae3e3ae1e644d0bsource",
      "RequestMethod": "HEAD",
      "RequestHeaders": {
        "Accept": "application/xml",
        "Authorization": "Sanitized",
        "Content-Length": "0",
        "Date": "Wed, 05 Feb 2025 18:43:18 GMT",
        "User-Agent": "azsdk-java-azure-storage-file-share/12.26.0-beta.1 (17.0.12; Windows 11; 10.0)",
        "x-ms-allow-trailing-dot": "false",
        "x-ms-client-request-id": "Sanitized",
        "x-ms-version": "2025-05-05"
      },
      "RequestBody": null,
      "StatusCode": 200,
      "ResponseHeaders": {
        "Content-Length": "1024",
        "Content-Type": "application/octet-stream",
        "Date": "Wed, 05 Feb 2025 18:43:18 GMT",
        "ETag": "\"0x8DD4614F53D244F\"",
        "Last-Modified": "Wed, 05 Feb 2025 18:43:18 GMT",
        "Server": [
          "Windows-Azure-File/1.0",
          "Microsoft-HTTPAPI/2.0"
        ],
        "x-ms-client-request-id": "Sanitized",
        "x-ms-file-change-time": "2025-02-05T18:43:18.4193615Z",
        "x-ms-file-creation-time": "2025-02-05T18:43:18.2714456Z",
        "x-ms-file-file-type": "Regular",
        "x-ms-file-id": "13835128424026341376",
        "x-ms-file-last-write-time": "2025-02-05T18:43:18.4193615Z",
        "x-ms-file-parent-id": "1",
        "x-ms-group": "888",
        "x-ms-lease-state": "available",
        "x-ms-lease-status": "unlocked",
        "x-ms-link-count": "1",
        "x-ms-mode": "0111",
        "x-ms-owner": "999",
        "x-ms-request-id": "Sanitized",
        "x-ms-server-encrypted": "true",
        "x-ms-type": "File",
        "x-ms-version": "2025-05-05"
      },
      "ResponseBody": null
    },
    {
      "RequestUri": "https://REDACTED/e4e3869f2begincopynfs60b22732fe259d6247f3448ab/e4e3869f4begincopynfs60b42747ea6b459c13ec456c9dest",
      "RequestMethod": "PUT",
      "RequestHeaders": {
        "Accept": "application/xml",
        "Authorization": "Sanitized",
        "Content-Length": "0",
        "Date": "Wed, 05 Feb 2025 18:43:18 GMT",
        "User-Agent": "azsdk-java-azure-storage-file-share/12.26.0-beta.1 (17.0.12; Windows 11; 10.0)",
        "x-ms-allow-trailing-dot": "false",
        "x-ms-client-request-id": "Sanitized",
        "x-ms-copy-source": "Sanitized",
        "x-ms-file-mode-copy-mode": "source",
        "x-ms-file-owner-copy-mode": "source",
        "x-ms-source-allow-trailing-dot": "false",
        "x-ms-version": "2025-05-05"
      },
      "RequestBody": null,
      "StatusCode": 202,
      "ResponseHeaders": {
        "Content-Length": "0",
        "Date": "Wed, 05 Feb 2025 18:43:18 GMT",
        "ETag": "\"0x8DD4614F562F64E\"",
        "Last-Modified": "Wed, 05 Feb 2025 18:43:18 GMT",
        "Server": [
          "Windows-Azure-File/1.0",
          "Microsoft-HTTPAPI/2.0"
        ],
        "x-ms-client-request-id": "Sanitized",
        "x-ms-copy-id": "2aabda60-ad7e-47df-8c3a-354722c0f006",
        "x-ms-copy-status": "success",
        "x-ms-request-id": "Sanitized",
        "x-ms-version": "2025-05-05"
      },
      "ResponseBody": null
    },
    {
      "RequestUri": "https://REDACTED/e4e3869f2begincopynfs60b22732fe259d6247f3448ab/e4e3869f4begincopynfs60b42747ea6b459c13ec456c9dest",
      "RequestMethod": "HEAD",
      "RequestHeaders": {
        "Accept": "application/xml",
        "Authorization": "Sanitized",
        "Content-Length": "0",
        "Date": "Wed, 05 Feb 2025 18:43:19 GMT",
        "User-Agent": "azsdk-java-azure-storage-file-share/12.26.0-beta.1 (17.0.12; Windows 11; 10.0)",
        "x-ms-allow-trailing-dot": "false",
        "x-ms-client-request-id": "Sanitized",
        "x-ms-version": "2025-05-05"
      },
      "RequestBody": null,
      "StatusCode": 200,
      "ResponseHeaders": {
        "Content-Length": "1024",
        "Content-Type": "application/octet-stream",
        "Date": "Wed, 05 Feb 2025 18:43:19 GMT",
        "ETag": "\"0x8DD4614F562F64E\"",
        "Last-Modified": "Wed, 05 Feb 2025 18:43:18 GMT",
        "Server": [
          "Windows-Azure-File/1.0",
          "Microsoft-HTTPAPI/2.0"
        ],
        "x-ms-client-request-id": "Sanitized",
        "x-ms-copy-completion-time": "Wed, 05 Feb 2025 18:43:18 GMT",
        "x-ms-copy-id": "2aabda60-ad7e-47df-8c3a-354722c0f006",
        "x-ms-copy-progress": "1024/1024",
        "x-ms-copy-source": "Sanitized",
        "x-ms-copy-status": "success",
        "x-ms-file-change-time": "2025-02-05T18:43:18.6672206Z",
        "x-ms-file-creation-time": "2025-02-05T18:43:18.6672206Z",
        "x-ms-file-file-type": "Regular",
        "x-ms-file-id": "11529285414812647424",
        "x-ms-file-last-write-time": "2025-02-05T18:43:18.6672206Z",
        "x-ms-file-parent-id": "1",
        "x-ms-group": "888",
        "x-ms-lease-state": "available",
        "x-ms-lease-status": "unlocked",
        "x-ms-link-count": "1",
        "x-ms-mode": "0111",
        "x-ms-owner": "999",
        "x-ms-request-id": "Sanitized",
        "x-ms-server-encrypted": "true",
        "x-ms-type": "File",
        "x-ms-version": "2025-05-05"
      },
      "ResponseBody": null
    },
    {
      "RequestUri": "https://REDACTED/e4e3869f2begincopynfs60b22732fe259d6247f3448ab/e4e3869f4begincopynfs60b42747ea6b459c13ec456c9dest",
      "RequestMethod": "HEAD",
      "RequestHeaders": {
        "Accept": "application/xml",
        "Authorization": "Sanitized",
        "Content-Length": "0",
        "Date": "Wed, 05 Feb 2025 18:43:19 GMT",
        "User-Agent": "azsdk-java-azure-storage-file-share/12.26.0-beta.1 (17.0.12; Windows 11; 10.0)",
        "x-ms-allow-trailing-dot": "false",
        "x-ms-client-request-id": "Sanitized",
        "x-ms-version": "2025-05-05"
      },
      "RequestBody": null,
      "StatusCode": 200,
      "ResponseHeaders": {
        "Content-Length": "1024",
        "Content-Type": "application/octet-stream",
        "Date": "Wed, 05 Feb 2025 18:43:19 GMT",
        "ETag": "\"0x8DD4614F562F64E\"",
        "Last-Modified": "Wed, 05 Feb 2025 18:43:18 GMT",
        "Server": [
          "Windows-Azure-File/1.0",
          "Microsoft-HTTPAPI/2.0"
        ],
        "x-ms-client-request-id": "Sanitized",
        "x-ms-copy-completion-time": "Wed, 05 Feb 2025 18:43:18 GMT",
        "x-ms-copy-id": "2aabda60-ad7e-47df-8c3a-354722c0f006",
        "x-ms-copy-progress": "1024/1024",
        "x-ms-copy-source": "Sanitized",
        "x-ms-copy-status": "success",
        "x-ms-file-change-time": "2025-02-05T18:43:18.6672206Z",
        "x-ms-file-creation-time": "2025-02-05T18:43:18.6672206Z",
        "x-ms-file-file-type": "Regular",
        "x-ms-file-id": "11529285414812647424",
        "x-ms-file-last-write-time": "2025-02-05T18:43:18.6672206Z",
        "x-ms-file-parent-id": "1",
        "x-ms-group": "888",
        "x-ms-lease-state": "available",
        "x-ms-lease-status": "unlocked",
        "x-ms-link-count": "1",
        "x-ms-mode": "0111",
        "x-ms-owner": "999",
        "x-ms-request-id": "Sanitized",
        "x-ms-server-encrypted": "true",
        "x-ms-type": "File",
        "x-ms-version": "2025-05-05"
      },
      "ResponseBody": null
    },
    {
      "RequestUri": "https://REDACTED/e4e3869f2begincopynfs60b22732fe259d6247f3448ab?restype=share",
      "RequestMethod": "DELETE",
      "RequestHeaders": {
        "Accept": "application/xml",
        "Authorization": "Sanitized",
        "Content-Length": "0",
        "Date": "Wed, 05 Feb 2025 18:43:19 GMT",
        "User-Agent": "azsdk-java-azure-storage-file-share/12.26.0-beta.1 (17.0.12; Windows 11; 10.0)",
        "x-ms-client-request-id": "Sanitized",
        "x-ms-version": "2025-05-05"
      },
      "RequestBody": null,
      "StatusCode": 202,
      "ResponseHeaders": {
        "Content-Length": "0",
        "Date": "Wed, 05 Feb 2025 18:43:19 GMT",
        "Server": [
          "Windows-Azure-File/1.0",
          "Microsoft-HTTPAPI/2.0"
        ],
        "x-ms-client-request-id": "Sanitized",
        "x-ms-request-id": "Sanitized",
        "x-ms-version": "2025-05-05"
      },
      "ResponseBody": null
    }
  ],
  "Variables": {
    "0": "e4e3869f0begincopynfs60b44338494efd98c14b4ac79",
    "1": "e4e3869f1begincopynfs60b08263891ba770d0314bf59",
    "2": "e4e3869f2begincopynfs60b22732fe259d6247f3448ab",
    "3": "e4e3869f3begincopynfs60b77969dcae3e3ae1e644d0b",
    "4": "e4e3869f4begincopynfs60b42747ea6b459c13ec456c9"
  }
}
