{
  "Entries": [
    {
      "RequestUri": "https://REDACTED/ec9dfc7f0setfilehttpheadersfilepermissionformat90f582557eab?restype=share",
      "RequestMethod": "PUT",
      "RequestHeaders": {
        "Accept": "application/xml",
        "Authorization": "Sanitized",
        "Content-Length": "0",
        "Date": "Wed, 31 Jul 2024 17:54:52 GMT",
        "User-Agent": "azsdk-java-azure-storage-file-share/12.23.0 (17.0.8; Windows 11; 10.0)",
        "x-ms-client-request-id": "Sanitized",
        "x-ms-version": "2024-11-04"
      },
      "RequestBody": null,
      "StatusCode": 201,
      "ResponseHeaders": {
        "Content-Length": "0",
        "Date": "Wed, 31 Jul 2024 17:54:53 GMT",
        "ETag": "\"0x8DCB189E2386E24\"",
        "Last-Modified": "Wed, 31 Jul 2024 17:54:54 GMT",
        "Server": [
          "Windows-Azure-File/1.0",
          "Microsoft-HTTPAPI/2.0"
        ],
        "x-ms-client-request-id": "Sanitized",
        "x-ms-request-id": "Sanitized",
        "x-ms-version": "2024-11-04"
      },
      "ResponseBody": null
    },
    {
      "RequestUri": "https://REDACTED/ec9dfc7f0setfilehttpheadersfilepermissionformat90f582557eab/ec9dfc7f1setfilehttpheadersfilepermissionformat90f185252c0a",
      "RequestMethod": "PUT",
      "RequestHeaders": {
        "Accept": "application/xml",
        "Authorization": "Sanitized",
        "Content-Length": "0",
        "Date": "Wed, 31 Jul 2024 17:54:53 GMT",
        "User-Agent": "azsdk-java-azure-storage-file-share/12.23.0 (17.0.8; Windows 11; 10.0)",
        "x-ms-allow-trailing-dot": "false",
        "x-ms-client-request-id": "Sanitized",
        "x-ms-content-length": "512",
        "x-ms-file-attributes": "None",
        "x-ms-file-creation-time": "Now",
        "x-ms-file-last-write-time": "Now",
        "x-ms-file-permission": "Inherit",
        "x-ms-type": "file",
        "x-ms-version": "2024-11-04"
      },
      "RequestBody": null,
      "StatusCode": 201,
      "ResponseHeaders": {
        "Content-Length": "0",
        "Date": "Wed, 31 Jul 2024 17:54:55 GMT",
        "ETag": "\"0x8DCB189E2A1B16C\"",
        "Last-Modified": "Wed, 31 Jul 2024 17:54:55 GMT",
        "Server": [
          "Windows-Azure-File/1.0",
          "Microsoft-HTTPAPI/2.0"
        ],
        "x-ms-client-request-id": "Sanitized",
        "x-ms-file-attributes": "Archive",
        "x-ms-file-change-time": "2024-07-31T17:54:55.0651244Z",
        "x-ms-file-creation-time": "2024-07-31T17:54:55.0651244Z",
        "x-ms-file-id": "13835128424026341376",
        "x-ms-file-last-write-time": "2024-07-31T17:54:55.0651244Z",
        "x-ms-file-parent-id": "0",
        "x-ms-file-permission-key": "17160240204029858152*5081612660206631398",
        "x-ms-request-id": "Sanitized",
        "x-ms-request-server-encrypted": "true",
        "x-ms-version": "2024-11-04"
      },
      "ResponseBody": null
    },
    {
      "RequestUri": "https://REDACTED/ec9dfc7f0setfilehttpheadersfilepermissionformat90f582557eab/ec9dfc7f1setfilehttpheadersfilepermissionformat90f185252c0a?comp=properties",
      "RequestMethod": "PUT",
      "RequestHeaders": {
        "Accept": "application/xml",
        "Authorization": "Sanitized",
        "Content-Length": "0",
        "Date": "Wed, 31 Jul 2024 17:54:54 GMT",
        "User-Agent": "azsdk-java-azure-storage-file-share/12.23.0 (17.0.8; Windows 11; 10.0)",
        "x-ms-allow-trailing-dot": "false",
        "x-ms-client-request-id": "Sanitized",
        "x-ms-content-length": "512",
        "x-ms-file-attributes": "Preserve",
        "x-ms-file-creation-time": "Preserve",
        "x-ms-file-last-write-time": "Preserve",
        "x-ms-file-permission": "O:S-1-5-21-2127521184-1604012920-1887927527-21560751G:S-1-5-21-2127521184-1604012920-1887927527-513D:AI(A;;FA;;;SY)(A;;FA;;;BA)(A;;0x1200a9;;;S-1-5-21-397955417-626881126-188441444-3053964)S:NO_ACCESS_CONTROL",
        "x-ms-version": "2024-11-04"
      },
      "RequestBody": null,
      "StatusCode": 200,
      "ResponseHeaders": {
        "Content-Length": "0",
        "Date": "Wed, 31 Jul 2024 17:54:55 GMT",
        "ETag": "\"0x8DCB189E2E914AE\"",
        "Last-Modified": "Wed, 31 Jul 2024 17:54:55 GMT",
        "Server": [
          "Windows-Azure-File/1.0",
          "Microsoft-HTTPAPI/2.0"
        ],
        "x-ms-client-request-id": "Sanitized",
        "x-ms-file-attributes": "Archive",
        "x-ms-file-change-time": "2024-07-31T17:54:55.5329710Z",
        "x-ms-file-creation-time": "2024-07-31T17:54:55.0651244Z",
        "x-ms-file-id": "13835128424026341376",
        "x-ms-file-last-write-time": "2024-07-31T17:54:55.5329710Z",
        "x-ms-file-parent-id": "0",
        "x-ms-file-permission-key": "16231623300506987543*5081612660206631398",
        "x-ms-request-id": "Sanitized",
        "x-ms-request-server-encrypted": "true",
        "x-ms-version": "2024-11-04"
      },
      "ResponseBody": null
    }
  ],
  "Variables": {
    "0": "ec9dfc7f0setfilehttpheadersfilepermissionformat90f582557eab",
    "1": "ec9dfc7f1setfilehttpheadersfilepermissionformat90f185252c0a"
  }
}
