{
  "Entries": [
    {
      "RequestUri": "https://REDACTED/a72951970uploadleasea2c18116df78d3ca2e3d4993a?restype=share",
      "RequestMethod": "PUT",
      "RequestHeaders": {
        "Accept": "application/xml",
        "Authorization": "Sanitized",
        "Content-Length": "0",
        "Date": "Fri, 18 Aug 2023 00:28:26 GMT",
        "User-Agent": "azsdk-java-azure-storage-file-share/12.20.0-beta.2 (11.0.16.1; Windows 11; 10.0)",
        "x-ms-client-request-id": "bae7747c-ef1f-4393-a355-ed949153e10b",
        "x-ms-version": "2023-08-03"
      },
      "RequestBody": null,
      "StatusCode": 201,
      "ResponseHeaders": {
        "Content-Length": "0",
        "Date": "Fri, 18 Aug 2023 00:28:26 GMT",
        "ETag": "\u00220x8DB9F820A853815\u0022",
        "Last-Modified": "Fri, 18 Aug 2023 00:28:27 GMT",
        "Server": [
          "Windows-Azure-File/1.0",
          "Microsoft-HTTPAPI/2.0"
        ],
        "x-ms-client-request-id": "bae7747c-ef1f-4393-a355-ed949153e10b",
        "x-ms-request-id": "28d54c63-001a-0031-046a-d1c4ba000000",
        "x-ms-version": "2023-08-03"
      },
      "ResponseBody": null
    },
    {
      "RequestUri": "https://REDACTED/a72951970uploadleasea2c18116df78d3ca2e3d4993a/a72951971uploadleasea2c8497311a75e9c4be547b4b",
      "RequestMethod": "PUT",
      "RequestHeaders": {
        "Accept": "application/xml",
        "Authorization": "Sanitized",
        "Content-Length": "0",
        "Date": "Fri, 18 Aug 2023 00:28:26 GMT",
        "User-Agent": "azsdk-java-azure-storage-file-share/12.20.0-beta.2 (11.0.16.1; Windows 11; 10.0)",
        "x-ms-allow-trailing-dot": "false",
        "x-ms-client-request-id": "cbf3b76d-5881-4cfa-9bab-a06669f3a5ff",
        "x-ms-content-length": "7",
        "x-ms-file-attributes": "None",
        "x-ms-file-creation-time": "Now",
        "x-ms-file-last-write-time": "Now",
        "x-ms-file-permission": "Inherit",
        "x-ms-type": "file",
        "x-ms-version": "2023-08-03"
      },
      "RequestBody": null,
      "StatusCode": 201,
      "ResponseHeaders": {
        "Content-Length": "0",
        "Date": "Fri, 18 Aug 2023 00:28:26 GMT",
        "ETag": "\u00220x8DB9F820A9654D1\u0022",
        "Last-Modified": "Fri, 18 Aug 2023 00:28:27 GMT",
        "Server": [
          "Windows-Azure-File/1.0",
          "Microsoft-HTTPAPI/2.0"
        ],
        "x-ms-client-request-id": "cbf3b76d-5881-4cfa-9bab-a06669f3a5ff",
        "x-ms-file-attributes": "Archive",
        "x-ms-file-change-time": "2023-08-18T00:28:27.5246289Z",
        "x-ms-file-creation-time": "2023-08-18T00:28:27.5246289Z",
        "x-ms-file-id": "13835128424026341376",
        "x-ms-file-last-write-time": "2023-08-18T00:28:27.5246289Z",
        "x-ms-file-parent-id": "0",
        "x-ms-file-permission-key": "13438439191449926184*1359530181238362790",
        "x-ms-request-id": "28d54c66-001a-0031-066a-d1c4ba000000",
        "x-ms-request-server-encrypted": "true",
        "x-ms-version": "2023-08-03"
      },
      "ResponseBody": null
    },
    {
      "RequestUri": "https://REDACTED/a72951970uploadleasea2c18116df78d3ca2e3d4993a/a72951971uploadleasea2c8497311a75e9c4be547b4b?comp=lease",
      "RequestMethod": "PUT",
      "RequestHeaders": {
        "Accept": "application/xml",
        "Authorization": "Sanitized",
        "Content-Length": "0",
        "Date": "Fri, 18 Aug 2023 00:28:26 GMT",
        "User-Agent": "azsdk-java-azure-storage-file-share/12.20.0-beta.2 (11.0.16.1; Windows 11; 10.0)",
        "x-ms-allow-trailing-dot": "false",
        "x-ms-client-request-id": "5575a7a8-ec57-4d15-86d9-b51fd76edb13",
        "x-ms-lease-action": "acquire",
        "x-ms-lease-duration": "-1",
        "x-ms-proposed-lease-id": "2bdb1da2-a519-4a68-9db2-84a66120982b",
        "x-ms-version": "2023-08-03"
      },
      "RequestBody": null,
      "StatusCode": 201,
      "ResponseHeaders": {
        "Date": "Fri, 18 Aug 2023 00:28:26 GMT",
        "ETag": "\u00220x8DB9F820A9654D1\u0022",
        "Last-Modified": "Fri, 18 Aug 2023 00:28:27 GMT",
        "Server": [
          "Windows-Azure-File/1.0",
          "Microsoft-HTTPAPI/2.0"
        ],
        "Transfer-Encoding": "chunked",
        "x-ms-client-request-id": "5575a7a8-ec57-4d15-86d9-b51fd76edb13",
        "x-ms-lease-id": "2bdb1da2-a519-4a68-9db2-84a66120982b",
        "x-ms-request-id": "28d54c68-001a-0031-086a-d1c4ba000000",
        "x-ms-version": "2023-08-03"
      },
      "ResponseBody": null
    }
  ],
  "Variables": {
    "0": "a72951970uploadleasea2c18116df78d3ca2e3d4993a",
    "1": "a72951971uploadleasea2c8497311a75e9c4be547b4b"
  }
}
