{
  "Entries": [
    {
      "RequestUri": "https://REDACTED/e98447e30uploadrangeanddownloaddatawithargsbaa440020e1a60?restype=share",
      "RequestMethod": "PUT",
      "RequestHeaders": {
        "Accept": "application/xml",
        "Authorization": "Sanitized",
        "Content-Length": "0",
        "Date": "Thu, 17 Aug 2023 23:08:02 GMT",
        "User-Agent": "azsdk-java-azure-storage-file-share/12.20.0-beta.2 (11.0.16.1; Windows 11; 10.0)",
        "x-ms-client-request-id": "a35fa3ab-6f0e-4f4b-a235-c77fa71e75d6",
        "x-ms-version": "2023-08-03"
      },
      "RequestBody": null,
      "StatusCode": 201,
      "ResponseHeaders": {
        "Content-Length": "0",
        "Date": "Thu, 17 Aug 2023 23:08:03 GMT",
        "ETag": "\u00220x8DB9F76CF5B3829\u0022",
        "Last-Modified": "Thu, 17 Aug 2023 23:08:03 GMT",
        "Server": [
          "Windows-Azure-File/1.0",
          "Microsoft-HTTPAPI/2.0"
        ],
        "x-ms-client-request-id": "a35fa3ab-6f0e-4f4b-a235-c77fa71e75d6",
        "x-ms-request-id": "040d9c02-a01a-0028-7f5f-d14401000000",
        "x-ms-version": "2023-08-03"
      },
      "ResponseBody": null
    },
    {
      "RequestUri": "https://REDACTED/e98447e30uploadrangeanddownloaddatawithargsbaa440020e1a60/e98447e31uploadrangeanddownloaddatawithargsbaa8125816a011",
      "RequestMethod": "PUT",
      "RequestHeaders": {
        "Accept": "application/xml",
        "Authorization": "Sanitized",
        "Content-Length": "0",
        "Date": "Thu, 17 Aug 2023 23:08:02 GMT",
        "User-Agent": "azsdk-java-azure-storage-file-share/12.20.0-beta.2 (11.0.16.1; Windows 11; 10.0)",
        "x-ms-allow-trailing-dot": "false",
        "x-ms-client-request-id": "7ab84d2b-3345-4f1f-bfcb-1bcd6c2abb1d",
        "x-ms-content-length": "1024",
        "x-ms-file-attributes": "None",
        "x-ms-file-creation-time": "Now",
        "x-ms-file-last-write-time": "Now",
        "x-ms-file-permission": "Inherit",
        "x-ms-type": "file",
        "x-ms-version": "2023-08-03"
      },
      "RequestBody": null,
      "StatusCode": 201,
      "ResponseHeaders": {
        "Content-Length": "0",
        "Date": "Thu, 17 Aug 2023 23:08:03 GMT",
        "ETag": "\u00220x8DB9F76CF72DA3E\u0022",
        "Last-Modified": "Thu, 17 Aug 2023 23:08:03 GMT",
        "Server": [
          "Windows-Azure-File/1.0",
          "Microsoft-HTTPAPI/2.0"
        ],
        "x-ms-client-request-id": "7ab84d2b-3345-4f1f-bfcb-1bcd6c2abb1d",
        "x-ms-file-attributes": "Archive",
        "x-ms-file-change-time": "2023-08-17T23:08:03.8425150Z",
        "x-ms-file-creation-time": "2023-08-17T23:08:03.8425150Z",
        "x-ms-file-id": "13835128424026341376",
        "x-ms-file-last-write-time": "2023-08-17T23:08:03.8425150Z",
        "x-ms-file-parent-id": "0",
        "x-ms-file-permission-key": "13438439191449926184*1359530181238362790",
        "x-ms-request-id": "040d9c04-a01a-0028-805f-d14401000000",
        "x-ms-request-server-encrypted": "true",
        "x-ms-version": "2023-08-03"
      },
      "ResponseBody": null
    },
    {
      "RequestUri": "https://REDACTED/e98447e30uploadrangeanddownloaddatawithargsbaa440020e1a60/e98447e31uploadrangeanddownloaddatawithargsbaa8125816a011?comp=range",
      "RequestMethod": "PUT",
      "RequestHeaders": {
        "Accept": "application/xml",
        "Authorization": "Sanitized",
        "Content-Length": "7",
        "Content-Type": "application/octet-stream",
        "Date": "Thu, 17 Aug 2023 23:08:03 GMT",
        "User-Agent": "azsdk-java-azure-storage-file-share/12.20.0-beta.2 (11.0.16.1; Windows 11; 10.0)",
        "x-ms-allow-trailing-dot": "false",
        "x-ms-client-request-id": "cc8c4a59-3897-4ce4-b0f2-3a93cabca728",
        "x-ms-range": "bytes=1-7",
        "x-ms-version": "2023-08-03",
        "x-ms-write": "update"
      },
      "RequestBody": "ZGVmYXVsdA==",
      "StatusCode": 201,
      "ResponseHeaders": {
        "Content-Length": "0",
        "Content-MD5": "wh\u002BWm18D0z1D4E\u002BPE252gg==",
        "Date": "Thu, 17 Aug 2023 23:08:03 GMT",
        "ETag": "\u00220x8DB9F76CF891E3D\u0022",
        "Last-Modified": "Thu, 17 Aug 2023 23:08:03 GMT",
        "Server": [
          "Windows-Azure-File/1.0",
          "Microsoft-HTTPAPI/2.0"
        ],
        "x-ms-client-request-id": "cc8c4a59-3897-4ce4-b0f2-3a93cabca728",
        "x-ms-file-last-write-time": "2023-08-17T23:08:03.9884349Z",
        "x-ms-request-id": "040d9c05-a01a-0028-015f-d14401000000",
        "x-ms-request-server-encrypted": "true",
        "x-ms-version": "2023-08-03"
      },
      "ResponseBody": null
    },
    {
      "RequestUri": "https://REDACTED/e98447e30uploadrangeanddownloaddatawithargsbaa440020e1a60/e98447e31uploadrangeanddownloaddatawithargsbaa8125816a011",
      "RequestMethod": "GET",
      "RequestHeaders": {
        "Accept": "application/xml",
        "Authorization": "Sanitized",
        "Content-Length": "0",
        "Date": "Thu, 17 Aug 2023 23:08:03 GMT",
        "User-Agent": "azsdk-java-azure-storage-file-share/12.20.0-beta.2 (11.0.16.1; Windows 11; 10.0)",
        "x-ms-allow-trailing-dot": "false",
        "x-ms-client-request-id": "4d44d415-94ad-401e-a625-52cd576d5142",
        "x-ms-range": "bytes=1-7",
        "x-ms-range-get-content-md5": "true",
        "x-ms-version": "2023-08-03"
      },
      "RequestBody": null,
      "StatusCode": 206,
      "ResponseHeaders": {
        "Accept-Ranges": "bytes",
        "Access-Control-Allow-Origin": "*",
        "Access-Control-Expose-Headers": "x-ms-request-id,x-ms-client-request-id,Server,x-ms-version,Content-Type,Last-Modified,ETag,x-ms-type,x-ms-server-encrypted,x-ms-lease-status,x-ms-lease-state,x-ms-file-change-time,x-ms-file-last-write-time,x-ms-file-creation-time,x-ms-file-permission-key,x-ms-file-attributes,x-ms-file-id,x-ms-file-parent-id,Content-Range,Accept-Ranges,Content-Length,Date,Transfer-Encoding",
        "Content-Length": "7",
        "Content-MD5": "wh\u002BWm18D0z1D4E\u002BPE252gg==",
        "Content-Range": "bytes 1-7/1024",
        "Content-Type": "application/octet-stream",
        "Date": "Thu, 17 Aug 2023 23:08:03 GMT",
        "ETag": "\u00220x8DB9F76CF891E3D\u0022",
        "Last-Modified": "Thu, 17 Aug 2023 23:08:03 GMT",
        "Server": [
          "Windows-Azure-File/1.0",
          "Microsoft-HTTPAPI/2.0"
        ],
        "x-ms-client-request-id": "4d44d415-94ad-401e-a625-52cd576d5142",
        "x-ms-file-attributes": "Archive",
        "x-ms-file-change-time": "2023-08-17T23:08:03.9884349Z",
        "x-ms-file-creation-time": "2023-08-17T23:08:03.8425150Z",
        "x-ms-file-id": "13835128424026341376",
        "x-ms-file-last-write-time": "2023-08-17T23:08:03.9884349Z",
        "x-ms-file-parent-id": "0",
        "x-ms-file-permission-key": "13438439191449926184*1359530181238362790",
        "x-ms-lease-state": "available",
        "x-ms-lease-status": "unlocked",
        "x-ms-request-id": "040d9c07-a01a-0028-035f-d14401000000",
        "x-ms-server-encrypted": "true",
        "x-ms-type": "File",
        "x-ms-version": "2023-08-03"
      },
      "ResponseBody": "ZGVmYXVsdA=="
    }
  ],
  "Variables": {
    "0": "e98447e30uploadrangeanddownloaddatawithargsbaa440020e1a60",
    "1": "e98447e31uploadrangeanddownloaddatawithargsbaa8125816a011"
  }
}
