{
  "Entries": [
    {
      "RequestUri": "https://REDACTED/7f358a1b0releasefileleaseerror02138045c4c842946801?restype=share",
      "RequestMethod": "PUT",
      "RequestHeaders": {
        "Accept": "application/xml",
        "Authorization": "Sanitized",
        "Content-Length": "0",
        "Date": "Wed, 05 Feb 2025 18:20:37 GMT",
        "User-Agent": "azsdk-java-azure-storage-file-share/12.26.0-beta.1 (17.0.12; Windows 11; 10.0)",
        "x-ms-client-request-id": "Sanitized",
        "x-ms-version": "2025-05-05"
      },
      "RequestBody": null,
      "StatusCode": 201,
      "ResponseHeaders": {
        "Content-Length": "0",
        "Date": "Wed, 05 Feb 2025 18:20:37 GMT",
        "ETag": "\"0x8DD4611CA59C2B5\"",
        "Last-Modified": "Wed, 05 Feb 2025 18:20:37 GMT",
        "Server": [
          "Windows-Azure-File/1.0",
          "Microsoft-HTTPAPI/2.0"
        ],
        "x-ms-client-request-id": "Sanitized",
        "x-ms-request-id": "Sanitized",
        "x-ms-version": "2025-05-05"
      },
      "ResponseBody": null
    },
    {
      "RequestUri": "https://REDACTED/7f358a1b0releasefileleaseerror02138045c4c842946801/7f358a1b1releasefileleaseerror0212932227b1f147c843",
      "RequestMethod": "PUT",
      "RequestHeaders": {
        "Accept": "application/xml",
        "Authorization": "Sanitized",
        "Content-Length": "0",
        "Date": "Wed, 05 Feb 2025 18:20:37 GMT",
        "User-Agent": "azsdk-java-azure-storage-file-share/12.26.0-beta.1 (17.0.12; Windows 11; 10.0)",
        "x-ms-allow-trailing-dot": "false",
        "x-ms-client-request-id": "Sanitized",
        "x-ms-content-length": "50",
        "x-ms-type": "file",
        "x-ms-version": "2025-05-05"
      },
      "RequestBody": null,
      "StatusCode": 201,
      "ResponseHeaders": {
        "Content-Length": "0",
        "Date": "Wed, 05 Feb 2025 18:20:38 GMT",
        "ETag": "\"0x8DD4611CA6627C8\"",
        "Last-Modified": "Wed, 05 Feb 2025 18:20:38 GMT",
        "Server": [
          "Windows-Azure-File/1.0",
          "Microsoft-HTTPAPI/2.0"
        ],
        "x-ms-client-request-id": "Sanitized",
        "x-ms-file-attributes": "Archive",
        "x-ms-file-change-time": "2025-02-05T18:20:38.0559304Z",
        "x-ms-file-creation-time": "2025-02-05T18:20:38.0559304Z",
        "x-ms-file-id": "13835128424026341376",
        "x-ms-file-last-write-time": "2025-02-05T18:20:38.0559304Z",
        "x-ms-file-parent-id": "0",
        "x-ms-file-permission-key": "10950351419671890465*4564291401320309423",
        "x-ms-request-id": "Sanitized",
        "x-ms-request-server-encrypted": "true",
        "x-ms-version": "2025-05-05"
      },
      "ResponseBody": null
    },
    {
      "RequestUri": "https://REDACTED/7f358a1b0releasefileleaseerror02138045c4c842946801/garbage?comp=lease",
      "RequestMethod": "PUT",
      "RequestHeaders": {
        "Accept": "application/xml",
        "Authorization": "Sanitized",
        "Content-Length": "0",
        "Date": "Wed, 05 Feb 2025 18:20:38 GMT",
        "User-Agent": "azsdk-java-azure-storage-file-share/12.26.0-beta.1 (17.0.12; Windows 11; 10.0)",
        "x-ms-allow-trailing-dot": "false",
        "x-ms-client-request-id": "Sanitized",
        "x-ms-lease-action": "release",
        "x-ms-lease-id": "id",
        "x-ms-version": "2025-05-05"
      },
      "RequestBody": null,
      "StatusCode": 400,
      "ResponseHeaders": {
        "Content-Length": "321",
        "Content-Type": "application/xml",
        "Date": "Wed, 05 Feb 2025 18:20:38 GMT",
        "Server": [
          "Windows-Azure-File/1.0",
          "Microsoft-HTTPAPI/2.0"
        ],
        "x-ms-client-request-id": "Sanitized",
        "x-ms-error-code": "InvalidHeaderValue",
        "x-ms-request-id": "Sanitized",
        "x-ms-version": "2025-05-05"
      },
      "ResponseBody": [
        "\uFEFF<?xml version=\"1.0\" encoding=\"utf-8\"?><Error><Code>InvalidHeaderValue</Code><Message>The value for one of the HTTP headers is not in the correct format.\n",
        "RequestId:43e72dba-c01a-006e-24fa-77c249000000\n",
        "Time:2025-02-05T18:20:38.1353565Z</Message><HeaderName>x-ms-lease-id</HeaderName><HeaderValue>id</HeaderValue></Error>"
      ]
    }
  ],
  "Variables": {
    "0": "7f358a1b0releasefileleaseerror02138045c4c842946801",
    "1": "7f358a1b1releasefileleaseerror0212932227b1f147c843"
  }
}
