{
  "Entries": [
    {
      "RequestUri": "https://REDACTED/31435a510acquirefilelease60e0817933caab17e88a490?restype=share",
      "RequestMethod": "PUT",
      "RequestHeaders": {
        "Accept": "application/xml",
        "Authorization": "Sanitized",
        "Content-Length": "0",
        "Date": "Thu, 05 Dec 2024 02:37:22 GMT",
        "User-Agent": "azsdk-java-azure-storage-file-share/12.26.0-beta.1 (17.0.12; Windows 11; 10.0)",
        "x-ms-client-request-id": "Sanitized",
        "x-ms-version": "2025-01-05"
      },
      "RequestBody": null,
      "StatusCode": 201,
      "ResponseHeaders": {
        "Content-Length": "0",
        "Date": "Thu, 05 Dec 2024 02:37:21 GMT",
        "ETag": "\"0x8DD14D5BF2D573B\"",
        "Last-Modified": "Thu, 05 Dec 2024 02:37:22 GMT",
        "Server": [
          "Windows-Azure-File/1.0",
          "Microsoft-HTTPAPI/2.0"
        ],
        "x-ms-client-request-id": "Sanitized",
        "x-ms-request-id": "Sanitized",
        "x-ms-version": "2025-01-05"
      },
      "ResponseBody": null
    },
    {
      "RequestUri": "https://REDACTED/31435a510acquirefilelease60e0817933caab17e88a490/31435a511acquirefilelease60e980588247b8fd3ec7425",
      "RequestMethod": "PUT",
      "RequestHeaders": {
        "Accept": "application/xml",
        "Authorization": "Sanitized",
        "Content-Length": "0",
        "Date": "Thu, 05 Dec 2024 02:37:22 GMT",
        "User-Agent": "azsdk-java-azure-storage-file-share/12.26.0-beta.1 (17.0.12; Windows 11; 10.0)",
        "x-ms-allow-trailing-dot": "false",
        "x-ms-client-request-id": "Sanitized",
        "x-ms-content-length": "50",
        "x-ms-file-attributes": "None",
        "x-ms-file-creation-time": "Now",
        "x-ms-file-last-write-time": "Now",
        "x-ms-file-permission": "Inherit",
        "x-ms-type": "file",
        "x-ms-version": "2025-01-05"
      },
      "RequestBody": null,
      "StatusCode": 201,
      "ResponseHeaders": {
        "Content-Length": "0",
        "Date": "Thu, 05 Dec 2024 02:37:22 GMT",
        "ETag": "\"0x8DD14D5BF3A43F7\"",
        "Last-Modified": "Thu, 05 Dec 2024 02:37:22 GMT",
        "Server": [
          "Windows-Azure-File/1.0",
          "Microsoft-HTTPAPI/2.0"
        ],
        "x-ms-client-request-id": "Sanitized",
        "x-ms-file-attributes": "Archive",
        "x-ms-file-change-time": "2024-12-05T02:37:22.5334775Z",
        "x-ms-file-creation-time": "2024-12-05T02:37:22.5334775Z",
        "x-ms-file-id": "13835128424026341376",
        "x-ms-file-last-write-time": "2024-12-05T02:37:22.5334775Z",
        "x-ms-file-parent-id": "0",
        "x-ms-file-permission-key": "10950351419671890465*4564291401320309423",
        "x-ms-request-id": "Sanitized",
        "x-ms-request-server-encrypted": "true",
        "x-ms-version": "2025-01-05"
      },
      "ResponseBody": null
    },
    {
      "RequestUri": "https://REDACTED/31435a510acquirefilelease60e0817933caab17e88a490/31435a511acquirefilelease60e980588247b8fd3ec7425?comp=lease",
      "RequestMethod": "PUT",
      "RequestHeaders": {
        "Accept": "application/xml",
        "Authorization": "Sanitized",
        "Content-Length": "0",
        "Date": "Thu, 05 Dec 2024 02:37:22 GMT",
        "User-Agent": "azsdk-java-azure-storage-file-share/12.26.0-beta.1 (17.0.12; Windows 11; 10.0)",
        "x-ms-allow-trailing-dot": "false",
        "x-ms-client-request-id": "Sanitized",
        "x-ms-lease-action": "acquire",
        "x-ms-lease-duration": "-1",
        "x-ms-proposed-lease-id": "9a6378b2-ad6b-495d-9cd9-85afde5b4f09",
        "x-ms-version": "2025-01-05"
      },
      "RequestBody": null,
      "StatusCode": 201,
      "ResponseHeaders": {
        "Date": "Thu, 05 Dec 2024 02:37:21 GMT",
        "ETag": "\"0x8DD14D5BF3A43F7\"",
        "Last-Modified": "Thu, 05 Dec 2024 02:37:22 GMT",
        "Server": [
          "Windows-Azure-File/1.0",
          "Microsoft-HTTPAPI/2.0"
        ],
        "Transfer-Encoding": "chunked",
        "x-ms-client-request-id": "Sanitized",
        "x-ms-lease-id": "9a6378b2-ad6b-495d-9cd9-85afde5b4f09",
        "x-ms-request-id": "Sanitized",
        "x-ms-version": "2025-01-05"
      },
      "ResponseBody": null
    },
    {
      "RequestUri": "https://REDACTED/31435a510acquirefilelease60e0817933caab17e88a490/31435a511acquirefilelease60e980588247b8fd3ec7425",
      "RequestMethod": "HEAD",
      "RequestHeaders": {
        "Accept": "application/xml",
        "Authorization": "Sanitized",
        "Content-Length": "0",
        "Date": "Thu, 05 Dec 2024 02:37:22 GMT",
        "User-Agent": "azsdk-java-azure-storage-file-share/12.26.0-beta.1 (17.0.12; Windows 11; 10.0)",
        "x-ms-allow-trailing-dot": "false",
        "x-ms-client-request-id": "Sanitized",
        "x-ms-version": "2025-01-05"
      },
      "RequestBody": null,
      "StatusCode": 200,
      "ResponseHeaders": {
        "Content-Length": "50",
        "Content-Type": "application/octet-stream",
        "Date": "Thu, 05 Dec 2024 02:37:22 GMT",
        "ETag": "\"0x8DD14D5BF3A43F7\"",
        "Last-Modified": "Thu, 05 Dec 2024 02:37:22 GMT",
        "Server": [
          "Windows-Azure-File/1.0",
          "Microsoft-HTTPAPI/2.0"
        ],
        "x-ms-client-request-id": "Sanitized",
        "x-ms-file-attributes": "Archive",
        "x-ms-file-change-time": "2024-12-05T02:37:22.5334775Z",
        "x-ms-file-creation-time": "2024-12-05T02:37:22.5334775Z",
        "x-ms-file-id": "13835128424026341376",
        "x-ms-file-last-write-time": "2024-12-05T02:37:22.5334775Z",
        "x-ms-file-parent-id": "0",
        "x-ms-file-permission-key": "10950351419671890465*4564291401320309423",
        "x-ms-lease-duration": "infinite",
        "x-ms-lease-state": "leased",
        "x-ms-lease-status": "locked",
        "x-ms-request-id": "Sanitized",
        "x-ms-server-encrypted": "true",
        "x-ms-type": "File",
        "x-ms-version": "2025-01-05"
      },
      "ResponseBody": null
    }
  ],
  "Variables": {
    "0": "31435a510acquirefilelease60e0817933caab17e88a490",
    "1": "31435a511acquirefilelease60e980588247b8fd3ec7425"
  }
}
