{
  "Entries": [
    {
      "RequestUri": "https://REDACTED/ba937a4f0releaseshareleaseerror7a81905825b79f09f72e?restype=share",
      "RequestMethod": "PUT",
      "RequestHeaders": {
        "Accept": "application/xml",
        "Authorization": "Sanitized",
        "Content-Length": "0",
        "Date": "Tue, 26 Nov 2024 21:49:39 GMT",
        "User-Agent": "azsdk-java-azure-storage-file-share/12.26.0-beta.1 (21.0.2; Windows 11; 10.0)",
        "x-ms-client-request-id": "Sanitized",
        "x-ms-version": "2025-01-05"
      },
      "RequestBody": null,
      "StatusCode": 201,
      "ResponseHeaders": {
        "Content-Length": "0",
        "Date": "Tue, 26 Nov 2024 21:49:38 GMT",
        "ETag": "\"0x8DD0E643A4A296E\"",
        "Last-Modified": "Tue, 26 Nov 2024 21:49:39 GMT",
        "Server": [
          "Windows-Azure-File/1.0",
          "Microsoft-HTTPAPI/2.0"
        ],
        "x-ms-client-request-id": "Sanitized",
        "x-ms-request-id": "Sanitized",
        "x-ms-version": "2025-01-05"
      },
      "ResponseBody": null
    },
    {
      "RequestUri": "https://REDACTED/ba937a4f0releaseshareleaseerror7a81905825b79f09f72e/ba937a4f1releaseshareleaseerror7a8091396dc4fb65a9cc",
      "RequestMethod": "PUT",
      "RequestHeaders": {
        "Accept": "application/xml",
        "Authorization": "Sanitized",
        "Content-Length": "0",
        "Date": "Tue, 26 Nov 2024 21:49:39 GMT",
        "User-Agent": "azsdk-java-azure-storage-file-share/12.26.0-beta.1 (21.0.2; Windows 11; 10.0)",
        "x-ms-allow-trailing-dot": "false",
        "x-ms-client-request-id": "Sanitized",
        "x-ms-content-length": "50",
        "x-ms-file-attributes": "None",
        "x-ms-file-creation-time": "Now",
        "x-ms-file-last-write-time": "Now",
        "x-ms-file-permission": "Inherit",
        "x-ms-type": "file",
        "x-ms-version": "2025-01-05"
      },
      "RequestBody": null,
      "StatusCode": 201,
      "ResponseHeaders": {
        "Content-Length": "0",
        "Date": "Tue, 26 Nov 2024 21:49:39 GMT",
        "ETag": "\"0x8DD0E643A578C1D\"",
        "Last-Modified": "Tue, 26 Nov 2024 21:49:39 GMT",
        "Server": [
          "Windows-Azure-File/1.0",
          "Microsoft-HTTPAPI/2.0"
        ],
        "x-ms-client-request-id": "Sanitized",
        "x-ms-file-attributes": "Archive",
        "x-ms-file-change-time": "2024-11-26T21:49:39.4812957Z",
        "x-ms-file-creation-time": "2024-11-26T21:49:39.4812957Z",
        "x-ms-file-id": "13835128424026341376",
        "x-ms-file-last-write-time": "2024-11-26T21:49:39.4812957Z",
        "x-ms-file-parent-id": "0",
        "x-ms-file-permission-key": "15551900749952526465*9183854576063791119",
        "x-ms-request-id": "Sanitized",
        "x-ms-request-server-encrypted": "true",
        "x-ms-version": "2025-01-05"
      },
      "ResponseBody": null
    },
    {
      "RequestUri": "https://REDACTED/ba937a4f2releaseshareleaseerror7a8357406b195271a8c6?comp=lease&restype=share",
      "RequestMethod": "PUT",
      "RequestHeaders": {
        "Accept": "application/xml",
        "Authorization": "Sanitized",
        "Content-Length": "0",
        "Date": "Tue, 26 Nov 2024 21:49:39 GMT",
        "User-Agent": "azsdk-java-azure-storage-file-share/12.26.0-beta.1 (21.0.2; Windows 11; 10.0)",
        "x-ms-client-request-id": "Sanitized",
        "x-ms-lease-action": "release",
        "x-ms-lease-id": "id",
        "x-ms-version": "2025-01-05"
      },
      "RequestBody": null,
      "StatusCode": 400,
      "ResponseHeaders": {
        "Content-Length": "321",
        "Content-Type": "application/xml",
        "Date": "Tue, 26 Nov 2024 21:49:39 GMT",
        "Server": [
          "Windows-Azure-File/1.0",
          "Microsoft-HTTPAPI/2.0"
        ],
        "x-ms-client-request-id": "Sanitized",
        "x-ms-error-code": "InvalidHeaderValue",
        "x-ms-request-id": "Sanitized",
        "x-ms-version": "2025-01-05"
      },
      "ResponseBody": [
        "\uFEFF<?xml version=\"1.0\" encoding=\"utf-8\"?><Error><Code>InvalidHeaderValue</Code><Message>The value for one of the HTTP headers is not in the correct format.\n",
        "RequestId:53ce4cd2-601a-0037-734d-402336000000\n",
        "Time:2024-11-26T21:49:39.5815926Z</Message><HeaderName>x-ms-lease-id</HeaderName><HeaderValue>id</HeaderValue></Error>"
      ]
    }
  ],
  "Variables": {
    "0": "ba937a4f0releaseshareleaseerror7a81905825b79f09f72e",
    "1": "ba937a4f1releaseshareleaseerror7a8091396dc4fb65a9cc",
    "2": "ba937a4f2releaseshareleaseerror7a8357406b195271a8c6"
  }
}
