{
  "Entries": [
    {
      "RequestUri": "https://REDACTED/f732759d0changefileleasemin0370441639928a80463d45?restype=share",
      "RequestMethod": "PUT",
      "RequestHeaders": {
        "Accept": "application/xml",
        "Authorization": "Sanitized",
        "Content-Length": "0",
        "Date": "Tue, 03 Dec 2024 18:37:55 GMT",
        "User-Agent": "azsdk-java-azure-storage-file-share/12.26.0-beta.1 (17.0.12; Windows 11; 10.0)",
        "x-ms-client-request-id": "Sanitized",
        "x-ms-version": "2025-01-05"
      },
      "RequestBody": null,
      "StatusCode": 201,
      "ResponseHeaders": {
        "Content-Length": "0",
        "Date": "Tue, 03 Dec 2024 18:37:55 GMT",
        "ETag": "\"0x8DD13C99AAFCE47\"",
        "Last-Modified": "Tue, 03 Dec 2024 18:37:56 GMT",
        "Server": [
          "Windows-Azure-File/1.0",
          "Microsoft-HTTPAPI/2.0"
        ],
        "x-ms-client-request-id": "Sanitized",
        "x-ms-request-id": "Sanitized",
        "x-ms-version": "2025-01-05"
      },
      "ResponseBody": null
    },
    {
      "RequestUri": "https://REDACTED/f732759d0changefileleasemin0370441639928a80463d45/f732759d1changefileleasemin0376365775a73bc21d714e",
      "RequestMethod": "PUT",
      "RequestHeaders": {
        "Accept": "application/xml",
        "Authorization": "Sanitized",
        "Content-Length": "0",
        "Date": "Tue, 03 Dec 2024 18:37:55 GMT",
        "User-Agent": "azsdk-java-azure-storage-file-share/12.26.0-beta.1 (17.0.12; Windows 11; 10.0)",
        "x-ms-allow-trailing-dot": "false",
        "x-ms-client-request-id": "Sanitized",
        "x-ms-content-length": "50",
        "x-ms-file-attributes": "None",
        "x-ms-file-creation-time": "Now",
        "x-ms-file-last-write-time": "Now",
        "x-ms-file-permission": "Inherit",
        "x-ms-type": "file",
        "x-ms-version": "2025-01-05"
      },
      "RequestBody": null,
      "StatusCode": 201,
      "ResponseHeaders": {
        "Content-Length": "0",
        "Date": "Tue, 03 Dec 2024 18:37:56 GMT",
        "ETag": "\"0x8DD13C99AD6EA9E\"",
        "Last-Modified": "Tue, 03 Dec 2024 18:37:56 GMT",
        "Server": [
          "Windows-Azure-File/1.0",
          "Microsoft-HTTPAPI/2.0"
        ],
        "x-ms-client-request-id": "Sanitized",
        "x-ms-file-attributes": "Archive",
        "x-ms-file-change-time": "2024-12-03T18:37:56.3608734Z",
        "x-ms-file-creation-time": "2024-12-03T18:37:56.3608734Z",
        "x-ms-file-id": "13835128424026341376",
        "x-ms-file-last-write-time": "2024-12-03T18:37:56.3608734Z",
        "x-ms-file-parent-id": "0",
        "x-ms-file-permission-key": "10950351419671890465*4564291401320309423",
        "x-ms-request-id": "Sanitized",
        "x-ms-request-server-encrypted": "true",
        "x-ms-version": "2025-01-05"
      },
      "ResponseBody": null
    },
    {
      "RequestUri": "https://REDACTED/f732759d0changefileleasemin0370441639928a80463d45/f732759d1changefileleasemin0376365775a73bc21d714e?comp=lease",
      "RequestMethod": "PUT",
      "RequestHeaders": {
        "Accept": "application/xml",
        "Authorization": "Sanitized",
        "Content-Length": "0",
        "Date": "Tue, 03 Dec 2024 18:37:55 GMT",
        "User-Agent": "azsdk-java-azure-storage-file-share/12.26.0-beta.1 (17.0.12; Windows 11; 10.0)",
        "x-ms-allow-trailing-dot": "false",
        "x-ms-client-request-id": "Sanitized",
        "x-ms-lease-action": "acquire",
        "x-ms-lease-duration": "-1",
        "x-ms-proposed-lease-id": "27b34be4-c1e9-4521-9147-c07f18fffd68",
        "x-ms-version": "2025-01-05"
      },
      "RequestBody": null,
      "StatusCode": 201,
      "ResponseHeaders": {
        "Date": "Tue, 03 Dec 2024 18:37:56 GMT",
        "ETag": "\"0x8DD13C99AD6EA9E\"",
        "Last-Modified": "Tue, 03 Dec 2024 18:37:56 GMT",
        "Server": [
          "Windows-Azure-File/1.0",
          "Microsoft-HTTPAPI/2.0"
        ],
        "Transfer-Encoding": "chunked",
        "x-ms-client-request-id": "Sanitized",
        "x-ms-lease-id": "27b34be4-c1e9-4521-9147-c07f18fffd68",
        "x-ms-request-id": "Sanitized",
        "x-ms-version": "2025-01-05"
      },
      "ResponseBody": null
    },
    {
      "RequestUri": "https://REDACTED/f732759d0changefileleasemin0370441639928a80463d45/f732759d1changefileleasemin0376365775a73bc21d714e?comp=lease",
      "RequestMethod": "PUT",
      "RequestHeaders": {
        "Accept": "application/xml",
        "Authorization": "Sanitized",
        "Content-Length": "0",
        "Date": "Tue, 03 Dec 2024 18:37:55 GMT",
        "User-Agent": "azsdk-java-azure-storage-file-share/12.26.0-beta.1 (17.0.12; Windows 11; 10.0)",
        "x-ms-allow-trailing-dot": "false",
        "x-ms-client-request-id": "Sanitized",
        "x-ms-lease-action": "change",
        "x-ms-lease-id": "27b34be4-c1e9-4521-9147-c07f18fffd68",
        "x-ms-proposed-lease-id": "066ee524-5b30-4f6e-acb6-aca132aaeae9",
        "x-ms-version": "2025-01-05"
      },
      "RequestBody": null,
      "StatusCode": 200,
      "ResponseHeaders": {
        "Date": "Tue, 03 Dec 2024 18:37:56 GMT",
        "ETag": "\"0x8DD13C99AD6EA9E\"",
        "Last-Modified": "Tue, 03 Dec 2024 18:37:56 GMT",
        "Server": [
          "Windows-Azure-File/1.0",
          "Microsoft-HTTPAPI/2.0"
        ],
        "Transfer-Encoding": "chunked",
        "x-ms-client-request-id": "Sanitized",
        "x-ms-lease-id": "066ee524-5b30-4f6e-acb6-aca132aaeae9",
        "x-ms-request-id": "Sanitized",
        "x-ms-version": "2025-01-05"
      },
      "ResponseBody": null
    }
  ],
  "Variables": {
    "0": "f732759d0changefileleasemin0370441639928a80463d45",
    "1": "f732759d1changefileleasemin0376365775a73bc21d714e",
    "2": "066ee524-5b30-4f6e-acb6-aca132aaeae9"
  }
}
