{
  "Entries": [
    {
      "RequestUri": "https://REDACTED/1325290d0renewshareleasemin05d95547c587c664459844?restype=share",
      "RequestMethod": "PUT",
      "RequestHeaders": {
        "Accept": "application/xml",
        "Authorization": "Sanitized",
        "Content-Length": "0",
        "Date": "Wed, 16 Aug 2023 00:14:50 GMT",
        "User-Agent": "azsdk-java-azure-storage-file-share/12.20.0-beta.2 (11.0.16.1; Windows 11; 10.0)",
        "x-ms-client-request-id": "2aeb51d0-a36c-4893-b83e-df70981ea74e",
        "x-ms-version": "2023-08-03"
      },
      "RequestBody": null,
      "StatusCode": 201,
      "ResponseHeaders": {
        "Content-Length": "0",
        "Date": "Wed, 16 Aug 2023 00:14:51 GMT",
        "ETag": "\u00220x8DB9DEDCF62A99C\u0022",
        "Last-Modified": "Wed, 16 Aug 2023 00:14:51 GMT",
        "Server": [
          "Windows-Azure-File/1.0",
          "Microsoft-HTTPAPI/2.0"
        ],
        "x-ms-client-request-id": "2aeb51d0-a36c-4893-b83e-df70981ea74e",
        "x-ms-request-id": "b5cc1ff6-a01a-0075-51d6-cf4e85000000",
        "x-ms-version": "2023-08-03"
      },
      "ResponseBody": null
    },
    {
      "RequestUri": "https://REDACTED/1325290d0renewshareleasemin05d95547c587c664459844/1325290d1renewshareleasemin05d06451cc59054275ec47",
      "RequestMethod": "PUT",
      "RequestHeaders": {
        "Accept": "application/xml",
        "Authorization": "Sanitized",
        "Content-Length": "0",
        "Date": "Wed, 16 Aug 2023 00:14:51 GMT",
        "User-Agent": "azsdk-java-azure-storage-file-share/12.20.0-beta.2 (11.0.16.1; Windows 11; 10.0)",
        "x-ms-allow-trailing-dot": "false",
        "x-ms-client-request-id": "ca7fdb8d-e5fb-41f8-a0a5-0b065efc089a",
        "x-ms-content-length": "50",
        "x-ms-file-attributes": "None",
        "x-ms-file-creation-time": "Now",
        "x-ms-file-last-write-time": "Now",
        "x-ms-file-permission": "Inherit",
        "x-ms-type": "file",
        "x-ms-version": "2023-08-03"
      },
      "RequestBody": null,
      "StatusCode": 201,
      "ResponseHeaders": {
        "Content-Length": "0",
        "Date": "Wed, 16 Aug 2023 00:14:51 GMT",
        "ETag": "\u00220x8DB9DEDCF73A176\u0022",
        "Last-Modified": "Wed, 16 Aug 2023 00:14:51 GMT",
        "Server": [
          "Windows-Azure-File/1.0",
          "Microsoft-HTTPAPI/2.0"
        ],
        "x-ms-client-request-id": "ca7fdb8d-e5fb-41f8-a0a5-0b065efc089a",
        "x-ms-file-attributes": "Archive",
        "x-ms-file-change-time": "2023-08-16T00:14:51.6328822Z",
        "x-ms-file-creation-time": "2023-08-16T00:14:51.6328822Z",
        "x-ms-file-id": "13835128424026341376",
        "x-ms-file-last-write-time": "2023-08-16T00:14:51.6328822Z",
        "x-ms-file-parent-id": "0",
        "x-ms-file-permission-key": "13438439191449926184*1359530181238362790",
        "x-ms-request-id": "b5cc1ff8-a01a-0075-52d6-cf4e85000000",
        "x-ms-request-server-encrypted": "true",
        "x-ms-version": "2023-08-03"
      },
      "ResponseBody": null
    },
    {
      "RequestUri": "https://REDACTED/1325290d0renewshareleasemin05d95547c587c664459844?comp=lease\u0026restype=share",
      "RequestMethod": "PUT",
      "RequestHeaders": {
        "Accept": "application/xml",
        "Authorization": "Sanitized",
        "Content-Length": "0",
        "Date": "Wed, 16 Aug 2023 00:14:51 GMT",
        "User-Agent": "azsdk-java-azure-storage-file-share/12.20.0-beta.2 (11.0.16.1; Windows 11; 10.0)",
        "x-ms-client-request-id": "72dc179f-6b71-497b-a731-7c13bf256518",
        "x-ms-lease-action": "acquire",
        "x-ms-lease-duration": "-1",
        "x-ms-proposed-lease-id": "0089f372-c952-4cf3-94b4-770e2834122a",
        "x-ms-version": "2023-08-03"
      },
      "RequestBody": null,
      "StatusCode": 201,
      "ResponseHeaders": {
        "Content-Length": "0",
        "Date": "Wed, 16 Aug 2023 00:14:51 GMT",
        "ETag": "\u00220x8DB9DEDCF62A99C\u0022",
        "Last-Modified": "Wed, 16 Aug 2023 00:14:51 GMT",
        "Server": [
          "Windows-Azure-File/1.0",
          "Microsoft-HTTPAPI/2.0"
        ],
        "x-ms-client-request-id": "72dc179f-6b71-497b-a731-7c13bf256518",
        "x-ms-lease-id": "0089f372-c952-4cf3-94b4-770e2834122a",
        "x-ms-request-id": "b5cc1ff9-a01a-0075-53d6-cf4e85000000",
        "x-ms-version": "2023-08-03"
      },
      "ResponseBody": null
    },
    {
      "RequestUri": "https://REDACTED/1325290d0renewshareleasemin05d95547c587c664459844?comp=lease\u0026restype=share",
      "RequestMethod": "PUT",
      "RequestHeaders": {
        "Accept": "application/xml",
        "Authorization": "Sanitized",
        "Content-Length": "0",
        "Date": "Wed, 16 Aug 2023 00:14:51 GMT",
        "User-Agent": "azsdk-java-azure-storage-file-share/12.20.0-beta.2 (11.0.16.1; Windows 11; 10.0)",
        "x-ms-client-request-id": "9ff8dff7-cba6-495d-905f-21a2a915eec0",
        "x-ms-lease-action": "renew",
        "x-ms-lease-id": "0089f372-c952-4cf3-94b4-770e2834122a",
        "x-ms-version": "2023-08-03"
      },
      "RequestBody": null,
      "StatusCode": 200,
      "ResponseHeaders": {
        "Content-Length": "0",
        "Date": "Wed, 16 Aug 2023 00:14:51 GMT",
        "ETag": "\u00220x8DB9DEDCF62A99C\u0022",
        "Last-Modified": "Wed, 16 Aug 2023 00:14:51 GMT",
        "Server": [
          "Windows-Azure-File/1.0",
          "Microsoft-HTTPAPI/2.0"
        ],
        "x-ms-client-request-id": "9ff8dff7-cba6-495d-905f-21a2a915eec0",
        "x-ms-lease-id": "0089f372-c952-4cf3-94b4-770e2834122a",
        "x-ms-request-id": "b5cc1ffa-a01a-0075-54d6-cf4e85000000",
        "x-ms-version": "2023-08-03"
      },
      "ResponseBody": null
    }
  ],
  "Variables": {
    "0": "1325290d0renewshareleasemin05d95547c587c664459844",
    "1": "1325290d1renewshareleasemin05d06451cc59054275ec47"
  }
}
