{
  "Entries": [
    {
      "RequestUri": "https://REDACTED/fdb654d60createdirectoryfilepermissionkey4fb5229613d8017?restype=share",
      "RequestMethod": "PUT",
      "RequestHeaders": {
        "Accept": "application/xml",
        "Authorization": "Sanitized",
        "Content-Length": "0",
        "Date": "Fri, 18 Aug 2023 21:42:43 GMT",
        "User-Agent": "azsdk-java-azure-storage-file-share/12.20.0-beta.2 (11.0.16.1; Windows 11; 10.0)",
        "x-ms-client-request-id": "14710506-5560-4268-ad49-de3f016676a1",
        "x-ms-version": "2023-08-03"
      },
      "RequestBody": null,
      "StatusCode": 201,
      "ResponseHeaders": {
        "Content-Length": "0",
        "Date": "Fri, 18 Aug 2023 21:42:43 GMT",
        "ETag": "\u00220x8DBA0340E7628E0\u0022",
        "Last-Modified": "Fri, 18 Aug 2023 21:42:44 GMT",
        "Server": [
          "Windows-Azure-File/1.0",
          "Microsoft-HTTPAPI/2.0"
        ],
        "x-ms-client-request-id": "14710506-5560-4268-ad49-de3f016676a1",
        "x-ms-request-id": "93d8e467-401a-0030-5a1c-d29b66000000",
        "x-ms-version": "2023-08-03"
      },
      "ResponseBody": null
    },
    {
      "RequestUri": "https://REDACTED/fdb654d60createdirectoryfilepermissionkey4fb5229613d8017?restype=share\u0026comp=filepermission",
      "RequestMethod": "PUT",
      "RequestHeaders": {
        "Accept": "application/xml",
        "Authorization": "Sanitized",
        "Content-Length": "225",
        "Content-Type": "application/json",
        "Date": "Fri, 18 Aug 2023 21:42:43 GMT",
        "User-Agent": "azsdk-java-azure-storage-file-share/12.20.0-beta.2 (11.0.16.1; Windows 11; 10.0)",
        "x-ms-client-request-id": "8986270f-677d-49da-bc07-af40683c5672",
        "x-ms-version": "2023-08-03"
      },
      "RequestBody": {
        "permission": "O:S-1-5-21-2127521184-1604012920-1887927527-21560751G:S-1-5-21-2127521184-1604012920-1887927527-513D:AI(A;;FA;;;SY)(A;;FA;;;BA)(A;;0x1200a9;;;S-1-5-21-397955417-626881126-188441444-3053964)S:NO_ACCESS_CONTROL"
      },
      "StatusCode": 201,
      "ResponseHeaders": {
        "Date": "Fri, 18 Aug 2023 21:42:43 GMT",
        "Server": [
          "Windows-Azure-File/1.0",
          "Microsoft-HTTPAPI/2.0"
        ],
        "Transfer-Encoding": "chunked",
        "x-ms-client-request-id": "8986270f-677d-49da-bc07-af40683c5672",
        "x-ms-file-permission-key": "13049683298143487831*1359530181238362790",
        "x-ms-request-id": "93d8e469-401a-0030-5b1c-d29b66000000",
        "x-ms-version": "2023-08-03"
      },
      "ResponseBody": null
    },
    {
      "RequestUri": "https://REDACTED/fdb654d60createdirectoryfilepermissionkey4fb5229613d8017/testCreateDirectory?restype=directory",
      "RequestMethod": "PUT",
      "RequestHeaders": {
        "Accept": "application/xml",
        "Authorization": "Sanitized",
        "Content-Length": "0",
        "Date": "Fri, 18 Aug 2023 21:42:43 GMT",
        "User-Agent": "azsdk-java-azure-storage-file-share/12.20.0-beta.2 (11.0.16.1; Windows 11; 10.0)",
        "x-ms-allow-trailing-dot": "false",
        "x-ms-client-request-id": "9633d46d-a8d4-4d77-ac67-9fb0b35304e5",
        "x-ms-file-attributes": "None",
        "x-ms-file-creation-time": "2023-08-18T21:42:43.6440882Z",
        "x-ms-file-last-write-time": "2023-08-18T21:42:43.6440882Z",
        "x-ms-file-permission-key": "13049683298143487831*1359530181238362790",
        "x-ms-version": "2023-08-03"
      },
      "RequestBody": null,
      "StatusCode": 201,
      "ResponseHeaders": {
        "Content-Length": "0",
        "Date": "Fri, 18 Aug 2023 21:42:43 GMT",
        "ETag": "\u00220x8DBA0340E952B53\u0022",
        "Last-Modified": "Fri, 18 Aug 2023 21:42:44 GMT",
        "Server": [
          "Windows-Azure-File/1.0",
          "Microsoft-HTTPAPI/2.0"
        ],
        "x-ms-client-request-id": "9633d46d-a8d4-4d77-ac67-9fb0b35304e5",
        "x-ms-file-attributes": "Directory",
        "x-ms-file-change-time": "2023-08-18T21:42:44.6457683Z",
        "x-ms-file-creation-time": "2023-08-18T21:42:43.6440882Z",
        "x-ms-file-id": "13835128424026341376",
        "x-ms-file-last-write-time": "2023-08-18T21:42:43.6440882Z",
        "x-ms-file-parent-id": "0",
        "x-ms-file-permission-key": "17362389014333277715*1359530181238362790",
        "x-ms-request-id": "93d8e46a-401a-0030-5c1c-d29b66000000",
        "x-ms-request-server-encrypted": "true",
        "x-ms-version": "2023-08-03"
      },
      "ResponseBody": null
    }
  ],
  "Variables": {
    "0": "fdb654d60createdirectoryfilepermissionkey4fb5229613d8017",
    "1": "2023-08-18T21:42:43.644088200Z",
    "2": "2023-08-18T21:42:43.644088200Z"
  }
}
