{
  "Entries": [
    {
      "RequestUri": "https://REDACTED/e28999c60getstatisticse131787511126b638d1d47d4?restype=share",
      "RequestMethod": "PUT",
      "RequestHeaders": {
        "Accept": "application/xml",
        "Authorization": "Sanitized",
        "Content-Length": "0",
        "Date": "Fri, 17 Nov 2023 19:28:18 GMT",
        "User-Agent": "azsdk-java-azure-storage-file-share/12.22.0-beta.1 (17.0.8; Windows 11; 10.0)",
        "x-ms-client-request-id": "6f3fa62a-5861-4f31-a094-1d2634fe0fed",
        "x-ms-version": "2024-02-04"
      },
      "RequestBody": null,
      "StatusCode": 201,
      "ResponseHeaders": {
        "Content-Length": "0",
        "Date": "Fri, 17 Nov 2023 19:28:17 GMT",
        "ETag": "\u00220x8DBE7A35A6F6437\u0022",
        "Last-Modified": "Fri, 17 Nov 2023 19:28:18 GMT",
        "Server": [
          "Windows-Azure-File/1.0",
          "Microsoft-HTTPAPI/2.0"
        ],
        "x-ms-client-request-id": "6f3fa62a-5861-4f31-a094-1d2634fe0fed",
        "x-ms-request-id": "e1ba5d3b-501a-0088-5d8c-19726f000000",
        "x-ms-version": "2024-02-04"
      },
      "ResponseBody": null
    },
    {
      "RequestUri": "https://REDACTED/e28999c60getstatisticse131787511126b638d1d47d4/tempFile",
      "RequestMethod": "PUT",
      "RequestHeaders": {
        "Accept": "application/xml",
        "Authorization": "Sanitized",
        "Content-Length": "0",
        "Date": "Fri, 17 Nov 2023 19:28:18 GMT",
        "User-Agent": "azsdk-java-azure-storage-file-share/12.22.0-beta.1 (17.0.8; Windows 11; 10.0)",
        "x-ms-allow-trailing-dot": "false",
        "x-ms-client-request-id": "d436d669-c8bb-4af2-ac8d-a064f3043d81",
        "x-ms-content-length": "0",
        "x-ms-file-attributes": "None",
        "x-ms-file-creation-time": "Now",
        "x-ms-file-last-write-time": "Now",
        "x-ms-file-permission": "Inherit",
        "x-ms-type": "file",
        "x-ms-version": "2024-02-04"
      },
      "RequestBody": null,
      "StatusCode": 201,
      "ResponseHeaders": {
        "Content-Length": "0",
        "Date": "Fri, 17 Nov 2023 19:28:17 GMT",
        "ETag": "\u00220x8DBE7A35A808E57\u0022",
        "Last-Modified": "Fri, 17 Nov 2023 19:28:18 GMT",
        "Server": [
          "Windows-Azure-File/1.0",
          "Microsoft-HTTPAPI/2.0"
        ],
        "x-ms-client-request-id": "d436d669-c8bb-4af2-ac8d-a064f3043d81",
        "x-ms-file-attributes": "Archive",
        "x-ms-file-change-time": "2023-11-17T19:28:18.7117143Z",
        "x-ms-file-creation-time": "2023-11-17T19:28:18.7117143Z",
        "x-ms-file-id": "13835128424026341376",
        "x-ms-file-last-write-time": "2023-11-17T19:28:18.7117143Z",
        "x-ms-file-parent-id": "0",
        "x-ms-file-permission-key": "10950351419671890465*4564291401320309423",
        "x-ms-request-id": "92a60193-901a-002e-448c-19c571000000",
        "x-ms-request-server-encrypted": "true",
        "x-ms-version": "2024-02-04"
      },
      "ResponseBody": null
    },
    {
      "RequestUri": "https://REDACTED/e28999c60getstatisticse131787511126b638d1d47d4?restype=share\u0026comp=stats",
      "RequestMethod": "GET",
      "RequestHeaders": {
        "Accept": "application/xml",
        "Authorization": "Sanitized",
        "Content-Length": "0",
        "Date": "Fri, 17 Nov 2023 19:28:18 GMT",
        "User-Agent": "azsdk-java-azure-storage-file-share/12.22.0-beta.1 (17.0.8; Windows 11; 10.0)",
        "x-ms-client-request-id": "76f8355d-a6f1-4cbe-8022-43c1fa8a841b",
        "x-ms-version": "2024-02-04"
      },
      "RequestBody": null,
      "StatusCode": 200,
      "ResponseHeaders": {
        "Content-Type": "application/xml",
        "Date": "Fri, 17 Nov 2023 19:28:17 GMT",
        "Server": [
          "Windows-Azure-File/1.0",
          "Microsoft-HTTPAPI/2.0"
        ],
        "Transfer-Encoding": "chunked",
        "x-ms-client-request-id": "76f8355d-a6f1-4cbe-8022-43c1fa8a841b",
        "x-ms-request-id": "92a60195-901a-002e-458c-19c571000000",
        "x-ms-version": "2024-02-04"
      },
      "ResponseBody": "\uFEFF\u003C?xml version=\u00221.0\u0022 encoding=\u0022utf-8\u0022?\u003E\u003CShareStats\u003E\u003CShareUsageBytes\u003E0\u003C/ShareUsageBytes\u003E\u003C/ShareStats\u003E"
    }
  ],
  "Variables": {
    "0": "e28999c60getstatisticse131787511126b638d1d47d4"
  }
}
