{
  "Entries": [
    {
      "RequestUri": "https://REDACTED/b6830d260setaccesspolicy13815477ab7890f765c242c?restype=share",
      "RequestMethod": "PUT",
      "RequestHeaders": {
        "Accept": "application/xml",
        "Authorization": "Sanitized",
        "Content-Length": "0",
        "Date": "Tue, 03 Dec 2024 18:01:25 GMT",
        "User-Agent": "azsdk-java-azure-storage-file-share/12.26.0-beta.1 (17.0.10; Windows 11; 10.0)",
        "x-ms-client-request-id": "Sanitized",
        "x-ms-version": "2025-01-05"
      },
      "RequestBody": null,
      "StatusCode": 201,
      "ResponseHeaders": {
        "Content-Length": "0",
        "Date": "Tue, 03 Dec 2024 18:01:24 GMT",
        "ETag": "\"0x8DD13C4807CAA41\"",
        "Last-Modified": "Tue, 03 Dec 2024 18:01:24 GMT",
        "Server": [
          "Windows-Azure-File/1.0",
          "Microsoft-HTTPAPI/2.0"
        ],
        "x-ms-client-request-id": "Sanitized",
        "x-ms-request-id": "Sanitized",
        "x-ms-version": "2025-01-05"
      },
      "ResponseBody": null
    },
    {
      "RequestUri": "https://REDACTED/b6830d260setaccesspolicy13815477ab7890f765c242c?restype=share&comp=acl",
      "RequestMethod": "PUT",
      "RequestHeaders": {
        "Accept": "application/xml",
        "Authorization": "Sanitized",
        "Content-Length": "254",
        "Content-Type": "application/xml",
        "Date": "Tue, 03 Dec 2024 18:01:25 GMT",
        "User-Agent": "azsdk-java-azure-storage-file-share/12.26.0-beta.1 (17.0.10; Windows 11; 10.0)",
        "x-ms-client-request-id": "Sanitized",
        "x-ms-version": "2025-01-05"
      },
      "RequestBody": "<?xml version=\"1.0\" encoding=\"UTF-8\"?><SignedIdentifiers><SignedIdentifier><Id>0000</Id><AccessPolicy><Start>2024-12-03T18:01:25Z</Start><Expiry>2024-12-04T18:01:25Z</Expiry><Permission>r</Permission></AccessPolicy></SignedIdentifier></SignedIdentifiers>",
      "StatusCode": 200,
      "ResponseHeaders": {
        "Content-Length": "0",
        "Date": "Tue, 03 Dec 2024 18:01:24 GMT",
        "ETag": "\"0x8DD13C48089F38E\"",
        "Last-Modified": "Tue, 03 Dec 2024 18:01:24 GMT",
        "Server": [
          "Windows-Azure-File/1.0",
          "Microsoft-HTTPAPI/2.0"
        ],
        "x-ms-client-request-id": "Sanitized",
        "x-ms-request-id": "Sanitized",
        "x-ms-version": "2025-01-05"
      },
      "ResponseBody": null
    },
    {
      "RequestUri": "https://REDACTED/b6830d260setaccesspolicy13815477ab7890f765c242c?restype=share&comp=acl",
      "RequestMethod": "GET",
      "RequestHeaders": {
        "Accept": "application/xml",
        "Authorization": "Sanitized",
        "Content-Length": "0",
        "Date": "Tue, 03 Dec 2024 18:01:25 GMT",
        "User-Agent": "azsdk-java-azure-storage-file-share/12.26.0-beta.1 (17.0.10; Windows 11; 10.0)",
        "x-ms-client-request-id": "Sanitized",
        "x-ms-version": "2025-01-05"
      },
      "RequestBody": null,
      "StatusCode": 200,
      "ResponseHeaders": {
        "Content-Type": "application/xml",
        "Date": "Tue, 03 Dec 2024 18:01:24 GMT",
        "ETag": "\"0x8DD13C48089F38E\"",
        "Last-Modified": "Tue, 03 Dec 2024 18:01:24 GMT",
        "Server": [
          "Windows-Azure-File/1.0",
          "Microsoft-HTTPAPI/2.0"
        ],
        "Transfer-Encoding": "chunked",
        "x-ms-client-request-id": "Sanitized",
        "x-ms-request-id": "Sanitized",
        "x-ms-version": "2025-01-05"
      },
      "ResponseBody": "\uFEFF<?xml version=\"1.0\" encoding=\"utf-8\"?><SignedIdentifiers><SignedIdentifier><Id>0000</Id><AccessPolicy><Start>2024-12-03T18:01:25.0000000Z</Start><Expiry>2024-12-04T18:01:25.0000000Z</Expiry><Permission>r</Permission></AccessPolicy></SignedIdentifier></SignedIdentifiers>"
    }
  ],
  "Variables": {
    "0": "b6830d260setaccesspolicy13815477ab7890f765c242c",
    "1": "2024-12-03T18:01:25.523942400Z",
    "2": "2024-12-03T18:01:25.523942400Z"
  }
}
