{
  "Entries": [
    {
      "RequestUri": "https://REDACTED/47ba15300createdirectoryandfiletrailingdot7f203357ae29db?restype=share",
      "RequestMethod": "PUT",
      "RequestHeaders": {
        "Accept": "application/xml",
        "Authorization": "Sanitized",
        "Content-Length": "0",
        "Date": "Fri, 18 Aug 2023 04:36:24 GMT",
        "User-Agent": "azsdk-java-azure-storage-file-share/12.20.0-beta.2 (11.0.16.1; Windows 11; 10.0)",
        "x-ms-client-request-id": "e8d4757c-879e-4928-b6d3-6ee4dbaf9fb4",
        "x-ms-version": "2023-08-03"
      },
      "RequestBody": null,
      "StatusCode": 201,
      "ResponseHeaders": {
        "Content-Length": "0",
        "Date": "Fri, 18 Aug 2023 04:36:25 GMT",
        "ETag": "\u00220x8DB9FA4AEAB50C3\u0022",
        "Last-Modified": "Fri, 18 Aug 2023 04:36:25 GMT",
        "Server": [
          "Windows-Azure-File/1.0",
          "Microsoft-HTTPAPI/2.0"
        ],
        "x-ms-client-request-id": "e8d4757c-879e-4928-b6d3-6ee4dbaf9fb4",
        "x-ms-request-id": "8213742d-001a-0031-138d-d1c4ba000000",
        "x-ms-version": "2023-08-03"
      },
      "ResponseBody": null
    },
    {
      "RequestUri": "https://REDACTED/47ba15300createdirectoryandfiletrailingdot7f203357ae29db/47ba15301createdirectoryandfiletrailingdot7f26363178930f.?restype=directory",
      "RequestMethod": "PUT",
      "RequestHeaders": {
        "Accept": "application/xml",
        "Authorization": "Sanitized",
        "Content-Length": "0",
        "Date": "Fri, 18 Aug 2023 04:36:24 GMT",
        "User-Agent": "azsdk-java-azure-storage-file-share/12.20.0-beta.2 (11.0.16.1; Windows 11; 10.0)",
        "x-ms-allow-trailing-dot": "true",
        "x-ms-client-request-id": "7b226c57-747b-4ed6-9052-1cf3844bbf16",
        "x-ms-file-attributes": "None",
        "x-ms-file-creation-time": "Now",
        "x-ms-file-last-write-time": "Now",
        "x-ms-file-permission": "Inherit",
        "x-ms-version": "2023-08-03"
      },
      "RequestBody": null,
      "StatusCode": 201,
      "ResponseHeaders": {
        "Content-Length": "0",
        "Date": "Fri, 18 Aug 2023 04:36:25 GMT",
        "ETag": "\u00220x8DB9FA4AEBC4349\u0022",
        "Last-Modified": "Fri, 18 Aug 2023 04:36:25 GMT",
        "Server": [
          "Windows-Azure-File/1.0",
          "Microsoft-HTTPAPI/2.0"
        ],
        "x-ms-client-request-id": "7b226c57-747b-4ed6-9052-1cf3844bbf16",
        "x-ms-file-attributes": "Directory",
        "x-ms-file-change-time": "2023-08-18T04:36:25.8083657Z",
        "x-ms-file-creation-time": "2023-08-18T04:36:25.8083657Z",
        "x-ms-file-id": "13835128424026341376",
        "x-ms-file-last-write-time": "2023-08-18T04:36:25.8083657Z",
        "x-ms-file-parent-id": "0",
        "x-ms-file-permission-key": "8792472798472242479*1359530181238362790",
        "x-ms-request-id": "82137436-001a-0031-168d-d1c4ba000000",
        "x-ms-request-server-encrypted": "true",
        "x-ms-version": "2023-08-03"
      },
      "ResponseBody": null
    },
    {
      "RequestUri": "https://REDACTED/47ba15300createdirectoryandfiletrailingdot7f203357ae29db/47ba15302createdirectoryandfiletrailingdot7f2538210f379d.",
      "RequestMethod": "PUT",
      "RequestHeaders": {
        "Accept": "application/xml",
        "Authorization": "Sanitized",
        "Content-Length": "0",
        "Date": "Fri, 18 Aug 2023 04:36:24 GMT",
        "User-Agent": "azsdk-java-azure-storage-file-share/12.20.0-beta.2 (11.0.16.1; Windows 11; 10.0)",
        "x-ms-allow-trailing-dot": "true",
        "x-ms-client-request-id": "4f205ec4-a661-421f-ba47-4ba809788e7e",
        "x-ms-content-length": "1024",
        "x-ms-file-attributes": "None",
        "x-ms-file-creation-time": "Now",
        "x-ms-file-last-write-time": "Now",
        "x-ms-file-permission": "Inherit",
        "x-ms-type": "file",
        "x-ms-version": "2023-08-03"
      },
      "RequestBody": null,
      "StatusCode": 201,
      "ResponseHeaders": {
        "Content-Length": "0",
        "Date": "Fri, 18 Aug 2023 04:36:25 GMT",
        "ETag": "\u00220x8DB9FA4AECE41FE\u0022",
        "Last-Modified": "Fri, 18 Aug 2023 04:36:25 GMT",
        "Server": [
          "Windows-Azure-File/1.0",
          "Microsoft-HTTPAPI/2.0"
        ],
        "x-ms-client-request-id": "4f205ec4-a661-421f-ba47-4ba809788e7e",
        "x-ms-file-attributes": "Archive",
        "x-ms-file-change-time": "2023-08-18T04:36:25.9262974Z",
        "x-ms-file-creation-time": "2023-08-18T04:36:25.9262974Z",
        "x-ms-file-id": "11529285414812647424",
        "x-ms-file-last-write-time": "2023-08-18T04:36:25.9262974Z",
        "x-ms-file-parent-id": "0",
        "x-ms-file-permission-key": "13438439191449926184*1359530181238362790",
        "x-ms-request-id": "8213743c-001a-0031-198d-d1c4ba000000",
        "x-ms-request-server-encrypted": "true",
        "x-ms-version": "2023-08-03"
      },
      "ResponseBody": null
    },
    {
      "RequestUri": "https://REDACTED/47ba15300createdirectoryandfiletrailingdot7f203357ae29db/?restype=directory\u0026comp=list",
      "RequestMethod": "GET",
      "RequestHeaders": {
        "Accept": "application/xml",
        "Authorization": "Sanitized",
        "Content-Length": "0",
        "Date": "Fri, 18 Aug 2023 04:36:25 GMT",
        "User-Agent": "azsdk-java-azure-storage-file-share/12.20.0-beta.2 (11.0.16.1; Windows 11; 10.0)",
        "x-ms-allow-trailing-dot": "true",
        "x-ms-client-request-id": "decf19cc-62ba-4aa9-bf5a-fb555a1a4897",
        "x-ms-version": "2023-08-03"
      },
      "RequestBody": null,
      "StatusCode": 200,
      "ResponseHeaders": {
        "Content-Type": "application/xml",
        "Date": "Fri, 18 Aug 2023 04:36:25 GMT",
        "Server": [
          "Windows-Azure-File/1.0",
          "Microsoft-HTTPAPI/2.0"
        ],
        "Transfer-Encoding": "chunked",
        "x-ms-client-request-id": "decf19cc-62ba-4aa9-bf5a-fb555a1a4897",
        "x-ms-request-id": "82137444-001a-0031-1d8d-d1c4ba000000",
        "x-ms-version": "2023-08-03"
      },
      "ResponseBody": "\uFEFF\u003C?xml version=\u00221.0\u0022 encoding=\u0022utf-8\u0022?\u003E\u003CEnumerationResults ServiceEndpoint=\u0022https://sdkfileoauthsa.file.core.windows.net/\u0022 ShareName=\u002247ba15300createdirectoryandfiletrailingdot7f203357ae29db\u0022 DirectoryPath=\u0022\u0022\u003E\u003CDirectoryId\u003E0\u003C/DirectoryId\u003E\u003CEntries\u003E\u003CDirectory\u003E\u003CName\u003E47ba15301createdirectoryandfiletrailingdot7f26363178930f.\u003C/Name\u003E\u003CFileId\u003E13835128424026341376\u003C/FileId\u003E\u003CProperties /\u003E\u003C/Directory\u003E\u003CFile\u003E\u003CName\u003E47ba15302createdirectoryandfiletrailingdot7f2538210f379d.\u003C/Name\u003E\u003CFileId\u003E11529285414812647424\u003C/FileId\u003E\u003CProperties\u003E\u003CContent-Length\u003E1024\u003C/Content-Length\u003E\u003C/Properties\u003E\u003C/File\u003E\u003C/Entries\u003E\u003CNextMarker /\u003E\u003C/EnumerationResults\u003E"
    }
  ],
  "Variables": {
    "0": "47ba15300createdirectoryandfiletrailingdot7f203357ae29db",
    "1": "47ba15301createdirectoryandfiletrailingdot7f26363178930f",
    "2": "47ba15302createdirectoryandfiletrailingdot7f2538210f379d"
  }
}
