{
  "Entries": [
    {
      "RequestUri": "https://REDACTED/68442ae50deleteifexistsdirectoryeaf7942041e42a3674a?restype=share",
      "RequestMethod": "PUT",
      "RequestHeaders": {
        "Accept": "application/xml",
        "Authorization": "Sanitized",
        "Content-Length": "0",
        "Date": "Wed, 18 Sep 2024 19:39:22 GMT",
        "User-Agent": "azsdk-java-azure-storage-file-share/12.24.0-beta.2 (17.0.12; Windows 11; 10.0)",
        "x-ms-client-request-id": "Sanitized",
        "x-ms-version": "2024-11-04"
      },
      "RequestBody": null,
      "StatusCode": 201,
      "ResponseHeaders": {
        "Content-Length": "0",
        "Date": "Wed, 18 Sep 2024 19:39:22 GMT",
        "ETag": "\"0x8DCD81998913BEA\"",
        "Last-Modified": "Wed, 18 Sep 2024 19:39:22 GMT",
        "Server": [
          "Windows-Azure-File/1.0",
          "Microsoft-HTTPAPI/2.0"
        ],
        "x-ms-client-request-id": "Sanitized",
        "x-ms-request-id": "Sanitized",
        "x-ms-version": "2024-11-04"
      },
      "ResponseBody": null
    },
    {
      "RequestUri": "https://REDACTED/68442ae50deleteifexistsdirectoryeaf7942041e42a3674a/testCreateDirectory?restype=directory",
      "RequestMethod": "PUT",
      "RequestHeaders": {
        "Accept": "application/xml",
        "Authorization": "Sanitized",
        "Content-Length": "0",
        "Date": "Wed, 18 Sep 2024 19:39:22 GMT",
        "User-Agent": "azsdk-java-azure-storage-file-share/12.24.0-beta.2 (17.0.12; Windows 11; 10.0)",
        "x-ms-allow-trailing-dot": "false",
        "x-ms-client-request-id": "Sanitized",
        "x-ms-file-attributes": "None",
        "x-ms-file-creation-time": "Now",
        "x-ms-file-last-write-time": "Now",
        "x-ms-file-permission": "Inherit",
        "x-ms-version": "2024-11-04"
      },
      "RequestBody": null,
      "StatusCode": 201,
      "ResponseHeaders": {
        "Content-Length": "0",
        "Date": "Wed, 18 Sep 2024 19:39:22 GMT",
        "ETag": "\"0x8DCD819989D85D5\"",
        "Last-Modified": "Wed, 18 Sep 2024 19:39:22 GMT",
        "Server": [
          "Windows-Azure-File/1.0",
          "Microsoft-HTTPAPI/2.0"
        ],
        "x-ms-client-request-id": "Sanitized",
        "x-ms-file-attributes": "Directory",
        "x-ms-file-change-time": "2024-09-18T19:39:22.6010069Z",
        "x-ms-file-creation-time": "2024-09-18T19:39:22.6010069Z",
        "x-ms-file-id": "13835128424026341376",
        "x-ms-file-last-write-time": "2024-09-18T19:39:22.6010069Z",
        "x-ms-file-parent-id": "0",
        "x-ms-file-permission-key": "6308620360510780710*4564291401320309423",
        "x-ms-request-id": "Sanitized",
        "x-ms-request-server-encrypted": "true",
        "x-ms-version": "2024-11-04"
      },
      "ResponseBody": null
    },
    {
      "RequestUri": "https://REDACTED/68442ae50deleteifexistsdirectoryeaf7942041e42a3674a/testCreateDirectory?restype=directory",
      "RequestMethod": "DELETE",
      "RequestHeaders": {
        "Accept": "application/xml",
        "Authorization": "Sanitized",
        "Content-Length": "0",
        "Date": "Wed, 18 Sep 2024 19:39:22 GMT",
        "User-Agent": "azsdk-java-azure-storage-file-share/12.24.0-beta.2 (17.0.12; Windows 11; 10.0)",
        "x-ms-allow-trailing-dot": "false",
        "x-ms-client-request-id": "Sanitized",
        "x-ms-version": "2024-11-04"
      },
      "RequestBody": null,
      "StatusCode": 202,
      "ResponseHeaders": {
        "Content-Length": "0",
        "Date": "Wed, 18 Sep 2024 19:39:22 GMT",
        "Server": [
          "Windows-Azure-File/1.0",
          "Microsoft-HTTPAPI/2.0"
        ],
        "x-ms-client-request-id": "Sanitized",
        "x-ms-request-id": "Sanitized",
        "x-ms-version": "2024-11-04"
      },
      "ResponseBody": null
    }
  ],
  "Variables": {
    "0": "68442ae50deleteifexistsdirectoryeaf7942041e42a3674a"
  }
}
