{
  "Entries": [
    {
      "RequestUri": "https://REDACTED/c3e369f40deletefileleasefail41b98086fb96fa6b8cc64?restype=share",
      "RequestMethod": "PUT",
      "RequestHeaders": {
        "Accept": "application/xml",
        "Authorization": "Sanitized",
        "Content-Length": "0",
        "Date": "Wed, 18 Sep 2024 19:39:22 GMT",
        "User-Agent": "azsdk-java-azure-storage-file-share/12.24.0-beta.2 (17.0.12; Windows 11; 10.0)",
        "x-ms-client-request-id": "Sanitized",
        "x-ms-version": "2024-11-04"
      },
      "RequestBody": null,
      "StatusCode": 201,
      "ResponseHeaders": {
        "Content-Length": "0",
        "Date": "Wed, 18 Sep 2024 19:39:21 GMT",
        "ETag": "\"0x8DCD81998904D9D\"",
        "Last-Modified": "Wed, 18 Sep 2024 19:39:22 GMT",
        "Server": [
          "Windows-Azure-File/1.0",
          "Microsoft-HTTPAPI/2.0"
        ],
        "x-ms-client-request-id": "Sanitized",
        "x-ms-request-id": "Sanitized",
        "x-ms-version": "2024-11-04"
      },
      "ResponseBody": null
    },
    {
      "RequestUri": "https://REDACTED/c3e369f40deletefileleasefail41b98086fb96fa6b8cc64/testCreateFile",
      "RequestMethod": "PUT",
      "RequestHeaders": {
        "Accept": "application/xml",
        "Authorization": "Sanitized",
        "Content-Length": "0",
        "Date": "Wed, 18 Sep 2024 19:39:22 GMT",
        "User-Agent": "azsdk-java-azure-storage-file-share/12.24.0-beta.2 (17.0.12; Windows 11; 10.0)",
        "x-ms-allow-trailing-dot": "false",
        "x-ms-client-request-id": "Sanitized",
        "x-ms-content-length": "1024",
        "x-ms-file-attributes": "None",
        "x-ms-file-creation-time": "Now",
        "x-ms-file-last-write-time": "Now",
        "x-ms-file-permission": "Inherit",
        "x-ms-type": "file",
        "x-ms-version": "2024-11-04"
      },
      "RequestBody": null,
      "StatusCode": 201,
      "ResponseHeaders": {
        "Content-Length": "0",
        "Date": "Wed, 18 Sep 2024 19:39:22 GMT",
        "ETag": "\"0x8DCD819989CC2A1\"",
        "Last-Modified": "Wed, 18 Sep 2024 19:39:22 GMT",
        "Server": [
          "Windows-Azure-File/1.0",
          "Microsoft-HTTPAPI/2.0"
        ],
        "x-ms-client-request-id": "Sanitized",
        "x-ms-file-attributes": "Archive",
        "x-ms-file-change-time": "2024-09-18T19:39:22.5960097Z",
        "x-ms-file-creation-time": "2024-09-18T19:39:22.5960097Z",
        "x-ms-file-id": "13835128424026341376",
        "x-ms-file-last-write-time": "2024-09-18T19:39:22.5960097Z",
        "x-ms-file-parent-id": "0",
        "x-ms-file-permission-key": "10950351419671890465*4564291401320309423",
        "x-ms-request-id": "Sanitized",
        "x-ms-request-server-encrypted": "true",
        "x-ms-version": "2024-11-04"
      },
      "ResponseBody": null
    },
    {
      "RequestUri": "https://REDACTED/c3e369f40deletefileleasefail41b98086fb96fa6b8cc64/testCreateFile?comp=lease",
      "RequestMethod": "PUT",
      "RequestHeaders": {
        "Accept": "application/xml",
        "Authorization": "Sanitized",
        "Content-Length": "0",
        "Date": "Wed, 18 Sep 2024 19:39:22 GMT",
        "User-Agent": "azsdk-java-azure-storage-file-share/12.24.0-beta.2 (17.0.12; Windows 11; 10.0)",
        "x-ms-allow-trailing-dot": "false",
        "x-ms-client-request-id": "Sanitized",
        "x-ms-lease-action": "acquire",
        "x-ms-lease-duration": "-1",
        "x-ms-proposed-lease-id": "84a66457-6dea-426b-a95f-bd201ee59fee",
        "x-ms-version": "2024-11-04"
      },
      "RequestBody": null,
      "StatusCode": 201,
      "ResponseHeaders": {
        "Date": "Wed, 18 Sep 2024 19:39:22 GMT",
        "ETag": "\"0x8DCD819989CC2A1\"",
        "Last-Modified": "Wed, 18 Sep 2024 19:39:22 GMT",
        "Server": [
          "Windows-Azure-File/1.0",
          "Microsoft-HTTPAPI/2.0"
        ],
        "Transfer-Encoding": "chunked",
        "x-ms-client-request-id": "Sanitized",
        "x-ms-lease-id": "84a66457-6dea-426b-a95f-bd201ee59fee",
        "x-ms-request-id": "Sanitized",
        "x-ms-version": "2024-11-04"
      },
      "ResponseBody": null
    },
    {
      "RequestUri": "https://REDACTED/c3e369f40deletefileleasefail41b98086fb96fa6b8cc64/testCreateFile",
      "RequestMethod": "DELETE",
      "RequestHeaders": {
        "Accept": "application/xml",
        "Authorization": "Sanitized",
        "Content-Length": "0",
        "Date": "Wed, 18 Sep 2024 19:39:22 GMT",
        "User-Agent": "azsdk-java-azure-storage-file-share/12.24.0-beta.2 (17.0.12; Windows 11; 10.0)",
        "x-ms-allow-trailing-dot": "false",
        "x-ms-client-request-id": "Sanitized",
        "x-ms-lease-id": "1f51fe6a-8195-4f17-aa10-a183260990e3",
        "x-ms-version": "2024-11-04"
      },
      "RequestBody": null,
      "StatusCode": 412,
      "ResponseHeaders": {
        "Content-Length": "264",
        "Content-Type": "application/xml",
        "Date": "Wed, 18 Sep 2024 19:39:22 GMT",
        "Server": [
          "Windows-Azure-File/1.0",
          "Microsoft-HTTPAPI/2.0"
        ],
        "x-ms-client-request-id": "Sanitized",
        "x-ms-error-code": "LeaseIdMismatchWithFileOperation",
        "x-ms-request-id": "Sanitized",
        "x-ms-version": "2024-11-04"
      },
      "ResponseBody": [
        "\uFEFF<?xml version=\"1.0\" encoding=\"utf-8\"?><Error><Code>LeaseIdMismatchWithFileOperation</Code><Message>The lease ID specified did not match the lease ID for the file.\n",
        "RequestId:4ce23e2f-401a-0094-3d02-0a200f000000\n",
        "Time:2024-09-18T19:39:22.7753572Z</Message></Error>"
      ]
    }
  ],
  "Variables": {
    "0": "c3e369f40deletefileleasefail41b98086fb96fa6b8cc64",
    "1": "1f51fe6a-8195-4f17-aa10-a183260990e3"
  }
}
