{
  "Entries": [
    {
      "RequestUri": "https://REDACTED/789df70a0getaccesspolicyb5d39493543faea90518493?restype=share",
      "RequestMethod": "PUT",
      "RequestHeaders": {
        "Accept": "application/xml",
        "Authorization": "Sanitized",
        "Content-Length": "0",
        "Date": "Tue, 26 Nov 2024 21:50:24 GMT",
        "User-Agent": "azsdk-java-azure-storage-file-share/12.26.0-beta.1 (21.0.2; Windows 11; 10.0)",
        "x-ms-client-request-id": "Sanitized",
        "x-ms-version": "2025-01-05"
      },
      "RequestBody": null,
      "StatusCode": 201,
      "ResponseHeaders": {
        "Content-Length": "0",
        "Date": "Tue, 26 Nov 2024 21:50:23 GMT",
        "ETag": "\"0x8DD0E6454DC4D10\"",
        "Last-Modified": "Tue, 26 Nov 2024 21:50:23 GMT",
        "Server": [
          "Windows-Azure-File/1.0",
          "Microsoft-HTTPAPI/2.0"
        ],
        "x-ms-client-request-id": "Sanitized",
        "x-ms-request-id": "Sanitized",
        "x-ms-version": "2025-01-05"
      },
      "ResponseBody": null
    },
    {
      "RequestUri": "https://REDACTED/789df70a0getaccesspolicyb5d39493543faea90518493?restype=share&comp=acl",
      "RequestMethod": "PUT",
      "RequestHeaders": {
        "Accept": "application/xml",
        "Authorization": "Sanitized",
        "Content-Length": "254",
        "Content-Type": "application/xml",
        "Date": "Tue, 26 Nov 2024 21:50:24 GMT",
        "User-Agent": "azsdk-java-azure-storage-file-share/12.26.0-beta.1 (21.0.2; Windows 11; 10.0)",
        "x-ms-client-request-id": "Sanitized",
        "x-ms-version": "2025-01-05"
      },
      "RequestBody": "<?xml version=\"1.0\" encoding=\"UTF-8\"?><SignedIdentifiers><SignedIdentifier><Id>0000</Id><AccessPolicy><Start>2024-11-26T21:50:24Z</Start><Expiry>2024-11-27T21:50:24Z</Expiry><Permission>r</Permission></AccessPolicy></SignedIdentifier></SignedIdentifiers>",
      "StatusCode": 200,
      "ResponseHeaders": {
        "Content-Length": "0",
        "Date": "Tue, 26 Nov 2024 21:50:23 GMT",
        "ETag": "\"0x8DD0E6454EBDA34\"",
        "Last-Modified": "Tue, 26 Nov 2024 21:50:24 GMT",
        "Server": [
          "Windows-Azure-File/1.0",
          "Microsoft-HTTPAPI/2.0"
        ],
        "x-ms-client-request-id": "Sanitized",
        "x-ms-request-id": "Sanitized",
        "x-ms-version": "2025-01-05"
      },
      "ResponseBody": null
    },
    {
      "RequestUri": "https://REDACTED/789df70a0getaccesspolicyb5d39493543faea90518493?restype=share&comp=acl",
      "RequestMethod": "GET",
      "RequestHeaders": {
        "Accept": "application/xml",
        "Authorization": "Sanitized",
        "Content-Length": "0",
        "Date": "Tue, 26 Nov 2024 21:50:24 GMT",
        "User-Agent": "azsdk-java-azure-storage-file-share/12.26.0-beta.1 (21.0.2; Windows 11; 10.0)",
        "x-ms-client-request-id": "Sanitized",
        "x-ms-version": "2025-01-05"
      },
      "RequestBody": null,
      "StatusCode": 200,
      "ResponseHeaders": {
        "Content-Type": "application/xml",
        "Date": "Tue, 26 Nov 2024 21:50:23 GMT",
        "ETag": "\"0x8DD0E6454EBDA34\"",
        "Last-Modified": "Tue, 26 Nov 2024 21:50:24 GMT",
        "Server": [
          "Windows-Azure-File/1.0",
          "Microsoft-HTTPAPI/2.0"
        ],
        "Transfer-Encoding": "chunked",
        "x-ms-client-request-id": "Sanitized",
        "x-ms-request-id": "Sanitized",
        "x-ms-version": "2025-01-05"
      },
      "ResponseBody": "\uFEFF<?xml version=\"1.0\" encoding=\"utf-8\"?><SignedIdentifiers><SignedIdentifier><Id>0000</Id><AccessPolicy><Start>2024-11-26T21:50:24.0000000Z</Start><Expiry>2024-11-27T21:50:24.0000000Z</Expiry><Permission>r</Permission></AccessPolicy></SignedIdentifier></SignedIdentifiers>"
    }
  ],
  "Variables": {
    "0": "789df70a0getaccesspolicyb5d39493543faea90518493",
    "1": "2024-11-26T21:50:24.276141100Z",
    "2": "2024-11-26T21:50:24.276141100Z"
  }
}
