{
  "Entries": [
    {
      "RequestUri": "https://REDACTED/3a6528d40e2echannelwrited6c27553c57994548dbc4a8?restype=share",
      "RequestMethod": "PUT",
      "RequestHeaders": {
        "Accept": "application/xml",
        "Authorization": "Sanitized",
        "Content-Length": "0",
        "Date": "Wed, 27 Nov 2024 14:29:15 GMT",
        "User-Agent": "azsdk-java-azure-storage-file-share/12.26.0-beta.1 (21.0.2; Windows 11; 10.0)",
        "x-ms-client-request-id": "Sanitized",
        "x-ms-version": "2025-01-05"
      },
      "RequestBody": null,
      "StatusCode": 201,
      "ResponseHeaders": {
        "Content-Length": "0",
        "Date": "Wed, 27 Nov 2024 14:29:14 GMT",
        "ETag": "\"0x8DD0EEFDE90C47D\"",
        "Last-Modified": "Wed, 27 Nov 2024 14:29:15 GMT",
        "Server": [
          "Windows-Azure-File/1.0",
          "Microsoft-HTTPAPI/2.0"
        ],
        "x-ms-client-request-id": "Sanitized",
        "x-ms-request-id": "Sanitized",
        "x-ms-version": "2025-01-05"
      },
      "ResponseBody": null
    },
    {
      "RequestUri": "https://REDACTED/3a6528d40e2echannelwrited6c27553c57994548dbc4a8/3a6528d41e2echannelwrited6c842184f58e8a245dc45f",
      "RequestMethod": "PUT",
      "RequestHeaders": {
        "Accept": "application/xml",
        "Authorization": "Sanitized",
        "Content-Length": "0",
        "Date": "Wed, 27 Nov 2024 14:29:15 GMT",
        "User-Agent": "azsdk-java-azure-storage-file-share/12.26.0-beta.1 (21.0.2; Windows 11; 10.0)",
        "x-ms-allow-trailing-dot": "false",
        "x-ms-client-request-id": "Sanitized",
        "x-ms-content-length": "1024",
        "x-ms-file-attributes": "None",
        "x-ms-file-creation-time": "Now",
        "x-ms-file-last-write-time": "Now",
        "x-ms-file-permission": "Inherit",
        "x-ms-type": "file",
        "x-ms-version": "2025-01-05"
      },
      "RequestBody": null,
      "StatusCode": 201,
      "ResponseHeaders": {
        "Content-Length": "0",
        "Date": "Wed, 27 Nov 2024 14:29:14 GMT",
        "ETag": "\"0x8DD0EEFDE9F61D2\"",
        "Last-Modified": "Wed, 27 Nov 2024 14:29:15 GMT",
        "Server": [
          "Windows-Azure-File/1.0",
          "Microsoft-HTTPAPI/2.0"
        ],
        "x-ms-client-request-id": "Sanitized",
        "x-ms-file-attributes": "Archive",
        "x-ms-file-change-time": "2024-11-27T14:29:15.1438290Z",
        "x-ms-file-creation-time": "2024-11-27T14:29:15.1438290Z",
        "x-ms-file-id": "13835128424026341376",
        "x-ms-file-last-write-time": "2024-11-27T14:29:15.1438290Z",
        "x-ms-file-parent-id": "0",
        "x-ms-file-permission-key": "15551900749952526465*9183854576063791119",
        "x-ms-request-id": "Sanitized",
        "x-ms-request-server-encrypted": "true",
        "x-ms-version": "2025-01-05"
      },
      "ResponseBody": null
    },
    {
      "RequestUri": "https://REDACTED/3a6528d40e2echannelwrited6c27553c57994548dbc4a8/3a6528d41e2echannelwrited6c842184f58e8a245dc45f?comp=range",
      "RequestMethod": "PUT",
      "RequestHeaders": {
        "Accept": "application/xml",
        "Authorization": "Sanitized",
        "Content-Length": "50",
        "Content-Type": "application/octet-stream",
        "Date": "Wed, 27 Nov 2024 14:29:15 GMT",
        "User-Agent": "azsdk-java-azure-storage-file-share/12.26.0-beta.1 (21.0.2; Windows 11; 10.0)",
        "x-ms-allow-trailing-dot": "false",
        "x-ms-client-request-id": "Sanitized",
        "x-ms-range": "bytes=0-49",
        "x-ms-version": "2025-01-05",
        "x-ms-write": "update"
      },
      "RequestBody": "zfs6VcivB8BPhHjSynBhkrvm1iaBAy2W7olkptUf9M37OlXIrwfAT4R40spwYZK75tY=",
      "StatusCode": 201,
      "ResponseHeaders": {
        "Content-Length": "0",
        "Content-MD5": "1ES8yR6tDnLPJKTNKH2bSg==",
        "Date": "Wed, 27 Nov 2024 14:29:14 GMT",
        "ETag": "\"0x8DD0EEFDEADA9A6\"",
        "Last-Modified": "Wed, 27 Nov 2024 14:29:15 GMT",
        "Server": [
          "Windows-Azure-File/1.0",
          "Microsoft-HTTPAPI/2.0"
        ],
        "x-ms-client-request-id": "Sanitized",
        "x-ms-file-last-write-time": "2024-11-27T14:29:15.2374182Z",
        "x-ms-request-id": "Sanitized",
        "x-ms-request-server-encrypted": "true",
        "x-ms-version": "2025-01-05"
      },
      "ResponseBody": null
    },
    {
      "RequestUri": "https://REDACTED/3a6528d40e2echannelwrited6c27553c57994548dbc4a8/3a6528d41e2echannelwrited6c842184f58e8a245dc45f?comp=range",
      "RequestMethod": "PUT",
      "RequestHeaders": {
        "Accept": "application/xml",
        "Authorization": "Sanitized",
        "Content-Length": "50",
        "Content-Type": "application/octet-stream",
        "Date": "Wed, 27 Nov 2024 14:29:15 GMT",
        "User-Agent": "azsdk-java-azure-storage-file-share/12.26.0-beta.1 (21.0.2; Windows 11; 10.0)",
        "x-ms-allow-trailing-dot": "false",
        "x-ms-client-request-id": "Sanitized",
        "x-ms-range": "bytes=50-99",
        "x-ms-version": "2025-01-05",
        "x-ms-write": "update"
      },
      "RequestBody": "JoEDLZbuiWSm1R/0zfs6VcivB8BPhHjSynBhkrvm1iaBAy2W7olkptUf9M37OlXIrwc=",
      "StatusCode": 201,
      "ResponseHeaders": {
        "Content-Length": "0",
        "Content-MD5": "/1++EOq9RBALGwAdZ+X4NA==",
        "Date": "Wed, 27 Nov 2024 14:29:14 GMT",
        "ETag": "\"0x8DD0EEFDEBB0815\"",
        "Last-Modified": "Wed, 27 Nov 2024 14:29:15 GMT",
        "Server": [
          "Windows-Azure-File/1.0",
          "Microsoft-HTTPAPI/2.0"
        ],
        "x-ms-client-request-id": "Sanitized",
        "x-ms-file-last-write-time": "2024-11-27T14:29:15.3250325Z",
        "x-ms-request-id": "Sanitized",
        "x-ms-request-server-encrypted": "true",
        "x-ms-version": "2025-01-05"
      },
      "ResponseBody": null
    },
    {
      "RequestUri": "https://REDACTED/3a6528d40e2echannelwrited6c27553c57994548dbc4a8/3a6528d41e2echannelwrited6c842184f58e8a245dc45f?comp=range",
      "RequestMethod": "PUT",
      "RequestHeaders": {
        "Accept": "application/xml",
        "Authorization": "Sanitized",
        "Content-Length": "50",
        "Content-Type": "application/octet-stream",
        "Date": "Wed, 27 Nov 2024 14:29:16 GMT",
        "User-Agent": "azsdk-java-azure-storage-file-share/12.26.0-beta.1 (21.0.2; Windows 11; 10.0)",
        "x-ms-allow-trailing-dot": "false",
        "x-ms-client-request-id": "Sanitized",
        "x-ms-range": "bytes=100-149",
        "x-ms-version": "2025-01-05",
        "x-ms-write": "update"
      },
      "RequestBody": "wE+EeNLKcGGSu+bWJoEDLZbuiWSm1R/0zfs6VcivB8BPhHjSynBhkrvm1iaBAy2W7ok=",
      "StatusCode": 201,
      "ResponseHeaders": {
        "Content-Length": "0",
        "Content-MD5": "S5SUlrusesWb0AWi+Kp+Gw==",
        "Date": "Wed, 27 Nov 2024 14:29:14 GMT",
        "ETag": "\"0x8DD0EEFDEC72F69\"",
        "Last-Modified": "Wed, 27 Nov 2024 14:29:15 GMT",
        "Server": [
          "Windows-Azure-File/1.0",
          "Microsoft-HTTPAPI/2.0"
        ],
        "x-ms-client-request-id": "Sanitized",
        "x-ms-file-last-write-time": "2024-11-27T14:29:15.4046825Z",
        "x-ms-request-id": "Sanitized",
        "x-ms-request-server-encrypted": "true",
        "x-ms-version": "2025-01-05"
      },
      "ResponseBody": null
    },
    {
      "RequestUri": "https://REDACTED/3a6528d40e2echannelwrited6c27553c57994548dbc4a8/3a6528d41e2echannelwrited6c842184f58e8a245dc45f?comp=range",
      "RequestMethod": "PUT",
      "RequestHeaders": {
        "Accept": "application/xml",
        "Authorization": "Sanitized",
        "Content-Length": "50",
        "Content-Type": "application/octet-stream",
        "Date": "Wed, 27 Nov 2024 14:29:16 GMT",
        "User-Agent": "azsdk-java-azure-storage-file-share/12.26.0-beta.1 (21.0.2; Windows 11; 10.0)",
        "x-ms-allow-trailing-dot": "false",
        "x-ms-client-request-id": "Sanitized",
        "x-ms-range": "bytes=150-199",
        "x-ms-version": "2025-01-05",
        "x-ms-write": "update"
      },
      "RequestBody": "ZKbVH/TN+zpVyK8HwE+EeNLKcGGSu+bWJoEDLZbuiWSm1R/0zfs6VcivB8BPhHjSynA=",
      "StatusCode": 201,
      "ResponseHeaders": {
        "Content-Length": "0",
        "Content-MD5": "tMtfJZwKfzxAy+TAcJrCvw==",
        "Date": "Wed, 27 Nov 2024 14:29:15 GMT",
        "ETag": "\"0x8DD0EEFDED4B4B6\"",
        "Last-Modified": "Wed, 27 Nov 2024 14:29:15 GMT",
        "Server": [
          "Windows-Azure-File/1.0",
          "Microsoft-HTTPAPI/2.0"
        ],
        "x-ms-client-request-id": "Sanitized",
        "x-ms-file-last-write-time": "2024-11-27T14:29:15.4932918Z",
        "x-ms-request-id": "Sanitized",
        "x-ms-request-server-encrypted": "true",
        "x-ms-version": "2025-01-05"
      },
      "ResponseBody": null
    },
    {
      "RequestUri": "https://REDACTED/3a6528d40e2echannelwrited6c27553c57994548dbc4a8/3a6528d41e2echannelwrited6c842184f58e8a245dc45f?comp=range",
      "RequestMethod": "PUT",
      "RequestHeaders": {
        "Accept": "application/xml",
        "Authorization": "Sanitized",
        "Content-Length": "50",
        "Content-Type": "application/octet-stream",
        "Date": "Wed, 27 Nov 2024 14:29:16 GMT",
        "User-Agent": "azsdk-java-azure-storage-file-share/12.26.0-beta.1 (21.0.2; Windows 11; 10.0)",
        "x-ms-allow-trailing-dot": "false",
        "x-ms-client-request-id": "Sanitized",
        "x-ms-range": "bytes=200-249",
        "x-ms-version": "2025-01-05",
        "x-ms-write": "update"
      },
      "RequestBody": "YZK75tYmgQMtlu6JZKbVH/TN+zpVyK8HwE+EeNLKcGGSu+bWJoEDLZbuiWSm1R/0zfs=",
      "StatusCode": 201,
      "ResponseHeaders": {
        "Content-Length": "0",
        "Content-MD5": "tCwd3PZkNq4HXIoi5BNiYg==",
        "Date": "Wed, 27 Nov 2024 14:29:15 GMT",
        "ETag": "\"0x8DD0EEFDEE4CF39\"",
        "Last-Modified": "Wed, 27 Nov 2024 14:29:15 GMT",
        "Server": [
          "Windows-Azure-File/1.0",
          "Microsoft-HTTPAPI/2.0"
        ],
        "x-ms-client-request-id": "Sanitized",
        "x-ms-file-last-write-time": "2024-11-27T14:29:15.5988281Z",
        "x-ms-request-id": "Sanitized",
        "x-ms-request-server-encrypted": "true",
        "x-ms-version": "2025-01-05"
      },
      "ResponseBody": null
    },
    {
      "RequestUri": "https://REDACTED/3a6528d40e2echannelwrited6c27553c57994548dbc4a8/3a6528d41e2echannelwrited6c842184f58e8a245dc45f?comp=range",
      "RequestMethod": "PUT",
      "RequestHeaders": {
        "Accept": "application/xml",
        "Authorization": "Sanitized",
        "Content-Length": "50",
        "Content-Type": "application/octet-stream",
        "Date": "Wed, 27 Nov 2024 14:29:16 GMT",
        "User-Agent": "azsdk-java-azure-storage-file-share/12.26.0-beta.1 (21.0.2; Windows 11; 10.0)",
        "x-ms-allow-trailing-dot": "false",
        "x-ms-client-request-id": "Sanitized",
        "x-ms-range": "bytes=250-299",
        "x-ms-version": "2025-01-05",
        "x-ms-write": "update"
      },
      "RequestBody": "OlXIrwfAT4R40spwYZK75tYmgQMtlu6JZKbVH/TN+zpVyK8HwE+EeNLKcGGSu+bWJoE=",
      "StatusCode": 201,
      "ResponseHeaders": {
        "Content-Length": "0",
        "Content-MD5": "hl2pwfiTWP+M6I9ut9bTlg==",
        "Date": "Wed, 27 Nov 2024 14:29:15 GMT",
        "ETag": "\"0x8DD0EEFDEF16B38\"",
        "Last-Modified": "Wed, 27 Nov 2024 14:29:15 GMT",
        "Server": [
          "Windows-Azure-File/1.0",
          "Microsoft-HTTPAPI/2.0"
        ],
        "x-ms-client-request-id": "Sanitized",
        "x-ms-file-last-write-time": "2024-11-27T14:29:15.6814648Z",
        "x-ms-request-id": "Sanitized",
        "x-ms-request-server-encrypted": "true",
        "x-ms-version": "2025-01-05"
      },
      "ResponseBody": null
    },
    {
      "RequestUri": "https://REDACTED/3a6528d40e2echannelwrited6c27553c57994548dbc4a8/3a6528d41e2echannelwrited6c842184f58e8a245dc45f?comp=range",
      "RequestMethod": "PUT",
      "RequestHeaders": {
        "Accept": "application/xml",
        "Authorization": "Sanitized",
        "Content-Length": "50",
        "Content-Type": "application/octet-stream",
        "Date": "Wed, 27 Nov 2024 14:29:16 GMT",
        "User-Agent": "azsdk-java-azure-storage-file-share/12.26.0-beta.1 (21.0.2; Windows 11; 10.0)",
        "x-ms-allow-trailing-dot": "false",
        "x-ms-client-request-id": "Sanitized",
        "x-ms-range": "bytes=300-349",
        "x-ms-version": "2025-01-05",
        "x-ms-write": "update"
      },
      "RequestBody": "Ay2W7olkptUf9M37OlXIrwfAT4R40spwYZK75tYmgQMtlu6JZKbVH/TN+zpVyK8HwE8=",
      "StatusCode": 201,
      "ResponseHeaders": {
        "Content-Length": "0",
        "Content-MD5": "9VhgpDiqJ6rf854HGSYoWA==",
        "Date": "Wed, 27 Nov 2024 14:29:15 GMT",
        "ETag": "\"0x8DD0EEFDEFE5506\"",
        "Last-Modified": "Wed, 27 Nov 2024 14:29:15 GMT",
        "Server": [
          "Windows-Azure-File/1.0",
          "Microsoft-HTTPAPI/2.0"
        ],
        "x-ms-client-request-id": "Sanitized",
        "x-ms-file-last-write-time": "2024-11-27T14:29:15.7660934Z",
        "x-ms-request-id": "Sanitized",
        "x-ms-request-server-encrypted": "true",
        "x-ms-version": "2025-01-05"
      },
      "ResponseBody": null
    },
    {
      "RequestUri": "https://REDACTED/3a6528d40e2echannelwrited6c27553c57994548dbc4a8/3a6528d41e2echannelwrited6c842184f58e8a245dc45f?comp=range",
      "RequestMethod": "PUT",
      "RequestHeaders": {
        "Accept": "application/xml",
        "Authorization": "Sanitized",
        "Content-Length": "50",
        "Content-Type": "application/octet-stream",
        "Date": "Wed, 27 Nov 2024 14:29:16 GMT",
        "User-Agent": "azsdk-java-azure-storage-file-share/12.26.0-beta.1 (21.0.2; Windows 11; 10.0)",
        "x-ms-allow-trailing-dot": "false",
        "x-ms-client-request-id": "Sanitized",
        "x-ms-range": "bytes=350-399",
        "x-ms-version": "2025-01-05",
        "x-ms-write": "update"
      },
      "RequestBody": "hHjSynBhkrvm1iaBAy2W7olkptUf9M37OlXIrwfAT4R40spwYZK75tYmgQMtlu6JZKY=",
      "StatusCode": 201,
      "ResponseHeaders": {
        "Content-Length": "0",
        "Content-MD5": "IfsNi1OXMmsILrGZIKHbeA==",
        "Date": "Wed, 27 Nov 2024 14:29:15 GMT",
        "ETag": "\"0x8DD0EEFDF0C281D\"",
        "Last-Modified": "Wed, 27 Nov 2024 14:29:15 GMT",
        "Server": [
          "Windows-Azure-File/1.0",
          "Microsoft-HTTPAPI/2.0"
        ],
        "x-ms-client-request-id": "Sanitized",
        "x-ms-file-last-write-time": "2024-11-27T14:29:15.8566941Z",
        "x-ms-request-id": "Sanitized",
        "x-ms-request-server-encrypted": "true",
        "x-ms-version": "2025-01-05"
      },
      "ResponseBody": null
    },
    {
      "RequestUri": "https://REDACTED/3a6528d40e2echannelwrited6c27553c57994548dbc4a8/3a6528d41e2echannelwrited6c842184f58e8a245dc45f?comp=range",
      "RequestMethod": "PUT",
      "RequestHeaders": {
        "Accept": "application/xml",
        "Authorization": "Sanitized",
        "Content-Length": "50",
        "Content-Type": "application/octet-stream",
        "Date": "Wed, 27 Nov 2024 14:29:16 GMT",
        "User-Agent": "azsdk-java-azure-storage-file-share/12.26.0-beta.1 (21.0.2; Windows 11; 10.0)",
        "x-ms-allow-trailing-dot": "false",
        "x-ms-client-request-id": "Sanitized",
        "x-ms-range": "bytes=400-449",
        "x-ms-version": "2025-01-05",
        "x-ms-write": "update"
      },
      "RequestBody": "1R/0zfs6VcivB8BPhHjSynBhkrvm1iaBAy2W7olkptUf9M37OlXIrwfAT4R40spwYZI=",
      "StatusCode": 201,
      "ResponseHeaders": {
        "Content-Length": "0",
        "Content-MD5": "mE80FfTcuxDnfLI242W4KQ==",
        "Date": "Wed, 27 Nov 2024 14:29:15 GMT",
        "ETag": "\"0x8DD0EEFDF189D34\"",
        "Last-Modified": "Wed, 27 Nov 2024 14:29:15 GMT",
        "Server": [
          "Windows-Azure-File/1.0",
          "Microsoft-HTTPAPI/2.0"
        ],
        "x-ms-client-request-id": "Sanitized",
        "x-ms-file-last-write-time": "2024-11-27T14:29:15.9383348Z",
        "x-ms-request-id": "Sanitized",
        "x-ms-request-server-encrypted": "true",
        "x-ms-version": "2025-01-05"
      },
      "ResponseBody": null
    },
    {
      "RequestUri": "https://REDACTED/3a6528d40e2echannelwrited6c27553c57994548dbc4a8/3a6528d41e2echannelwrited6c842184f58e8a245dc45f?comp=range",
      "RequestMethod": "PUT",
      "RequestHeaders": {
        "Accept": "application/xml",
        "Authorization": "Sanitized",
        "Content-Length": "50",
        "Content-Type": "application/octet-stream",
        "Date": "Wed, 27 Nov 2024 14:29:16 GMT",
        "User-Agent": "azsdk-java-azure-storage-file-share/12.26.0-beta.1 (21.0.2; Windows 11; 10.0)",
        "x-ms-allow-trailing-dot": "false",
        "x-ms-client-request-id": "Sanitized",
        "x-ms-range": "bytes=450-499",
        "x-ms-version": "2025-01-05",
        "x-ms-write": "update"
      },
      "RequestBody": "u+bWJoEDLZbuiWSm1R/0zfs6VcivB8BPhHjSynBhkrvm1iaBAy2W7olkptUf9M37OlU=",
      "StatusCode": 201,
      "ResponseHeaders": {
        "Content-Length": "0",
        "Content-MD5": "PPIROGWHXhGxDsG13wGAOQ==",
        "Date": "Wed, 27 Nov 2024 14:29:15 GMT",
        "ETag": "\"0x8DD0EEFDF2586FE\"",
        "Last-Modified": "Wed, 27 Nov 2024 14:29:16 GMT",
        "Server": [
          "Windows-Azure-File/1.0",
          "Microsoft-HTTPAPI/2.0"
        ],
        "x-ms-client-request-id": "Sanitized",
        "x-ms-file-last-write-time": "2024-11-27T14:29:16.0229630Z",
        "x-ms-request-id": "Sanitized",
        "x-ms-request-server-encrypted": "true",
        "x-ms-version": "2025-01-05"
      },
      "ResponseBody": null
    },
    {
      "RequestUri": "https://REDACTED/3a6528d40e2echannelwrited6c27553c57994548dbc4a8/3a6528d41e2echannelwrited6c842184f58e8a245dc45f?comp=range",
      "RequestMethod": "PUT",
      "RequestHeaders": {
        "Accept": "application/xml",
        "Authorization": "Sanitized",
        "Content-Length": "50",
        "Content-Type": "application/octet-stream",
        "Date": "Wed, 27 Nov 2024 14:29:16 GMT",
        "User-Agent": "azsdk-java-azure-storage-file-share/12.26.0-beta.1 (21.0.2; Windows 11; 10.0)",
        "x-ms-allow-trailing-dot": "false",
        "x-ms-client-request-id": "Sanitized",
        "x-ms-range": "bytes=500-549",
        "x-ms-version": "2025-01-05",
        "x-ms-write": "update"
      },
      "RequestBody": "yK8HwE+EeNLKcGGSu+bWJoEDLZbuiWSm1R/0zfs6VcivB8BPhHjSynBhkrvm1iaBAy0=",
      "StatusCode": 201,
      "ResponseHeaders": {
        "Content-Length": "0",
        "Content-MD5": "GfKZciFKbyqHuiW5ymM3NA==",
        "Date": "Wed, 27 Nov 2024 14:29:15 GMT",
        "ETag": "\"0x8DD0EEFDF32BE8C\"",
        "Last-Modified": "Wed, 27 Nov 2024 14:29:16 GMT",
        "Server": [
          "Windows-Azure-File/1.0",
          "Microsoft-HTTPAPI/2.0"
        ],
        "x-ms-client-request-id": "Sanitized",
        "x-ms-file-last-write-time": "2024-11-27T14:29:16.1095820Z",
        "x-ms-request-id": "Sanitized",
        "x-ms-request-server-encrypted": "true",
        "x-ms-version": "2025-01-05"
      },
      "ResponseBody": null
    },
    {
      "RequestUri": "https://REDACTED/3a6528d40e2echannelwrited6c27553c57994548dbc4a8/3a6528d41e2echannelwrited6c842184f58e8a245dc45f?comp=range",
      "RequestMethod": "PUT",
      "RequestHeaders": {
        "Accept": "application/xml",
        "Authorization": "Sanitized",
        "Content-Length": "50",
        "Content-Type": "application/octet-stream",
        "Date": "Wed, 27 Nov 2024 14:29:16 GMT",
        "User-Agent": "azsdk-java-azure-storage-file-share/12.26.0-beta.1 (21.0.2; Windows 11; 10.0)",
        "x-ms-allow-trailing-dot": "false",
        "x-ms-client-request-id": "Sanitized",
        "x-ms-range": "bytes=550-599",
        "x-ms-version": "2025-01-05",
        "x-ms-write": "update"
      },
      "RequestBody": "lu6JZKbVH/TN+zpVyK8HwE+EeNLKcGGSu+bWJoEDLZbuiWSm1R/0zfs6VcivB8BPhHg=",
      "StatusCode": 201,
      "ResponseHeaders": {
        "Content-Length": "0",
        "Content-MD5": "XpaSqpMdtLFQpJeIH9720g==",
        "Date": "Wed, 27 Nov 2024 14:29:15 GMT",
        "ETag": "\"0x8DD0EEFDF3E9813\"",
        "Last-Modified": "Wed, 27 Nov 2024 14:29:16 GMT",
        "Server": [
          "Windows-Azure-File/1.0",
          "Microsoft-HTTPAPI/2.0"
        ],
        "x-ms-client-request-id": "Sanitized",
        "x-ms-file-last-write-time": "2024-11-27T14:29:16.1872403Z",
        "x-ms-request-id": "Sanitized",
        "x-ms-request-server-encrypted": "true",
        "x-ms-version": "2025-01-05"
      },
      "ResponseBody": null
    },
    {
      "RequestUri": "https://REDACTED/3a6528d40e2echannelwrited6c27553c57994548dbc4a8/3a6528d41e2echannelwrited6c842184f58e8a245dc45f?comp=range",
      "RequestMethod": "PUT",
      "RequestHeaders": {
        "Accept": "application/xml",
        "Authorization": "Sanitized",
        "Content-Length": "50",
        "Content-Type": "application/octet-stream",
        "Date": "Wed, 27 Nov 2024 14:29:16 GMT",
        "User-Agent": "azsdk-java-azure-storage-file-share/12.26.0-beta.1 (21.0.2; Windows 11; 10.0)",
        "x-ms-allow-trailing-dot": "false",
        "x-ms-client-request-id": "Sanitized",
        "x-ms-range": "bytes=600-649",
        "x-ms-version": "2025-01-05",
        "x-ms-write": "update"
      },
      "RequestBody": "0spwYZK75tYmgQMtlu6JZKbVH/TN+zpVyK8HwE+EeNLKcGGSu+bWJoEDLZbuiWSm1R8=",
      "StatusCode": 201,
      "ResponseHeaders": {
        "Content-Length": "0",
        "Content-MD5": "Ek6Pwc+BzcqwvMeL9vZORA==",
        "Date": "Wed, 27 Nov 2024 14:29:15 GMT",
        "ETag": "\"0x8DD0EEFDF4ABF60\"",
        "Last-Modified": "Wed, 27 Nov 2024 14:29:16 GMT",
        "Server": [
          "Windows-Azure-File/1.0",
          "Microsoft-HTTPAPI/2.0"
        ],
        "x-ms-client-request-id": "Sanitized",
        "x-ms-file-last-write-time": "2024-11-27T14:29:16.2668896Z",
        "x-ms-request-id": "Sanitized",
        "x-ms-request-server-encrypted": "true",
        "x-ms-version": "2025-01-05"
      },
      "ResponseBody": null
    },
    {
      "RequestUri": "https://REDACTED/3a6528d40e2echannelwrited6c27553c57994548dbc4a8/3a6528d41e2echannelwrited6c842184f58e8a245dc45f?comp=range",
      "RequestMethod": "PUT",
      "RequestHeaders": {
        "Accept": "application/xml",
        "Authorization": "Sanitized",
        "Content-Length": "50",
        "Content-Type": "application/octet-stream",
        "Date": "Wed, 27 Nov 2024 14:29:16 GMT",
        "User-Agent": "azsdk-java-azure-storage-file-share/12.26.0-beta.1 (21.0.2; Windows 11; 10.0)",
        "x-ms-allow-trailing-dot": "false",
        "x-ms-client-request-id": "Sanitized",
        "x-ms-range": "bytes=650-699",
        "x-ms-version": "2025-01-05",
        "x-ms-write": "update"
      },
      "RequestBody": "9M37OlXIrwfAT4R40spwYZK75tYmgQMtlu6JZKbVH/TN+zpVyK8HwE+EeNLKcGGSu+Y=",
      "StatusCode": 201,
      "ResponseHeaders": {
        "Content-Length": "0",
        "Content-MD5": "XKHQm4M1MxUZJdewNZ18Pw==",
        "Date": "Wed, 27 Nov 2024 14:29:15 GMT",
        "ETag": "\"0x8DD0EEFDF56E6B4\"",
        "Last-Modified": "Wed, 27 Nov 2024 14:29:16 GMT",
        "Server": [
          "Windows-Azure-File/1.0",
          "Microsoft-HTTPAPI/2.0"
        ],
        "x-ms-client-request-id": "Sanitized",
        "x-ms-file-last-write-time": "2024-11-27T14:29:16.3465396Z",
        "x-ms-request-id": "Sanitized",
        "x-ms-request-server-encrypted": "true",
        "x-ms-version": "2025-01-05"
      },
      "ResponseBody": null
    },
    {
      "RequestUri": "https://REDACTED/3a6528d40e2echannelwrited6c27553c57994548dbc4a8/3a6528d41e2echannelwrited6c842184f58e8a245dc45f?comp=range",
      "RequestMethod": "PUT",
      "RequestHeaders": {
        "Accept": "application/xml",
        "Authorization": "Sanitized",
        "Content-Length": "50",
        "Content-Type": "application/octet-stream",
        "Date": "Wed, 27 Nov 2024 14:29:17 GMT",
        "User-Agent": "azsdk-java-azure-storage-file-share/12.26.0-beta.1 (21.0.2; Windows 11; 10.0)",
        "x-ms-allow-trailing-dot": "false",
        "x-ms-client-request-id": "Sanitized",
        "x-ms-range": "bytes=700-749",
        "x-ms-version": "2025-01-05",
        "x-ms-write": "update"
      },
      "RequestBody": "1iaBAy2W7olkptUf9M37OlXIrwfAT4R40spwYZK75tYmgQMtlu6JZKbVH/TN+zpVyK8=",
      "StatusCode": 201,
      "ResponseHeaders": {
        "Content-Length": "0",
        "Content-MD5": "+hbdH3P/1/khNzaQrSmbqg==",
        "Date": "Wed, 27 Nov 2024 14:29:15 GMT",
        "ETag": "\"0x8DD0EEFDF646C0D\"",
        "Last-Modified": "Wed, 27 Nov 2024 14:29:16 GMT",
        "Server": [
          "Windows-Azure-File/1.0",
          "Microsoft-HTTPAPI/2.0"
        ],
        "x-ms-client-request-id": "Sanitized",
        "x-ms-file-last-write-time": "2024-11-27T14:29:16.4351501Z",
        "x-ms-request-id": "Sanitized",
        "x-ms-request-server-encrypted": "true",
        "x-ms-version": "2025-01-05"
      },
      "ResponseBody": null
    },
    {
      "RequestUri": "https://REDACTED/3a6528d40e2echannelwrited6c27553c57994548dbc4a8/3a6528d41e2echannelwrited6c842184f58e8a245dc45f?comp=range",
      "RequestMethod": "PUT",
      "RequestHeaders": {
        "Accept": "application/xml",
        "Authorization": "Sanitized",
        "Content-Length": "50",
        "Content-Type": "application/octet-stream",
        "Date": "Wed, 27 Nov 2024 14:29:17 GMT",
        "User-Agent": "azsdk-java-azure-storage-file-share/12.26.0-beta.1 (21.0.2; Windows 11; 10.0)",
        "x-ms-allow-trailing-dot": "false",
        "x-ms-client-request-id": "Sanitized",
        "x-ms-range": "bytes=750-799",
        "x-ms-version": "2025-01-05",
        "x-ms-write": "update"
      },
      "RequestBody": "B8BPhHjSynBhkrvm1iaBAy2W7olkptUf9M37OlXIrwfAT4R40spwYZK75tYmgQMtlu4=",
      "StatusCode": 201,
      "ResponseHeaders": {
        "Content-Length": "0",
        "Content-MD5": "VU+f6VlzKCuLfnNjqoYdRg==",
        "Date": "Wed, 27 Nov 2024 14:29:16 GMT",
        "ETag": "\"0x8DD0EEFDF71F166\"",
        "Last-Modified": "Wed, 27 Nov 2024 14:29:16 GMT",
        "Server": [
          "Windows-Azure-File/1.0",
          "Microsoft-HTTPAPI/2.0"
        ],
        "x-ms-client-request-id": "Sanitized",
        "x-ms-file-last-write-time": "2024-11-27T14:29:16.5237606Z",
        "x-ms-request-id": "Sanitized",
        "x-ms-request-server-encrypted": "true",
        "x-ms-version": "2025-01-05"
      },
      "ResponseBody": null
    },
    {
      "RequestUri": "https://REDACTED/3a6528d40e2echannelwrited6c27553c57994548dbc4a8/3a6528d41e2echannelwrited6c842184f58e8a245dc45f?comp=range",
      "RequestMethod": "PUT",
      "RequestHeaders": {
        "Accept": "application/xml",
        "Authorization": "Sanitized",
        "Content-Length": "50",
        "Content-Type": "application/octet-stream",
        "Date": "Wed, 27 Nov 2024 14:29:17 GMT",
        "User-Agent": "azsdk-java-azure-storage-file-share/12.26.0-beta.1 (21.0.2; Windows 11; 10.0)",
        "x-ms-allow-trailing-dot": "false",
        "x-ms-client-request-id": "Sanitized",
        "x-ms-range": "bytes=800-849",
        "x-ms-version": "2025-01-05",
        "x-ms-write": "update"
      },
      "RequestBody": "iWSm1R/0zfs6VcivB8BPhHjSynBhkrvm1iaBAy2W7olkptUf9M37OlXIrwfAT4R40so=",
      "StatusCode": 201,
      "ResponseHeaders": {
        "Content-Length": "0",
        "Content-MD5": "0FGrz1evPoaUM8BqgyAqPQ==",
        "Date": "Wed, 27 Nov 2024 14:29:16 GMT",
        "ETag": "\"0x8DD0EEFDF7E18BB\"",
        "Last-Modified": "Wed, 27 Nov 2024 14:29:16 GMT",
        "Server": [
          "Windows-Azure-File/1.0",
          "Microsoft-HTTPAPI/2.0"
        ],
        "x-ms-client-request-id": "Sanitized",
        "x-ms-file-last-write-time": "2024-11-27T14:29:16.6034107Z",
        "x-ms-request-id": "Sanitized",
        "x-ms-request-server-encrypted": "true",
        "x-ms-version": "2025-01-05"
      },
      "ResponseBody": null
    },
    {
      "RequestUri": "https://REDACTED/3a6528d40e2echannelwrited6c27553c57994548dbc4a8/3a6528d41e2echannelwrited6c842184f58e8a245dc45f?comp=range",
      "RequestMethod": "PUT",
      "RequestHeaders": {
        "Accept": "application/xml",
        "Authorization": "Sanitized",
        "Content-Length": "50",
        "Content-Type": "application/octet-stream",
        "Date": "Wed, 27 Nov 2024 14:29:17 GMT",
        "User-Agent": "azsdk-java-azure-storage-file-share/12.26.0-beta.1 (21.0.2; Windows 11; 10.0)",
        "x-ms-allow-trailing-dot": "false",
        "x-ms-client-request-id": "Sanitized",
        "x-ms-range": "bytes=850-899",
        "x-ms-version": "2025-01-05",
        "x-ms-write": "update"
      },
      "RequestBody": "cGGSu+bWJoEDLZbuiWSm1R/0zfs6VcivB8BPhHjSynBhkrvm1iaBAy2W7olkptUf9M0=",
      "StatusCode": 201,
      "ResponseHeaders": {
        "Content-Length": "0",
        "Content-MD5": "abUJLyy0LVCegYjK221NQg==",
        "Date": "Wed, 27 Nov 2024 14:29:16 GMT",
        "ETag": "\"0x8DD0EEFDF8A4002\"",
        "Last-Modified": "Wed, 27 Nov 2024 14:29:16 GMT",
        "Server": [
          "Windows-Azure-File/1.0",
          "Microsoft-HTTPAPI/2.0"
        ],
        "x-ms-client-request-id": "Sanitized",
        "x-ms-file-last-write-time": "2024-11-27T14:29:16.6830594Z",
        "x-ms-request-id": "Sanitized",
        "x-ms-request-server-encrypted": "true",
        "x-ms-version": "2025-01-05"
      },
      "ResponseBody": null
    },
    {
      "RequestUri": "https://REDACTED/3a6528d40e2echannelwrited6c27553c57994548dbc4a8/3a6528d41e2echannelwrited6c842184f58e8a245dc45f?comp=range",
      "RequestMethod": "PUT",
      "RequestHeaders": {
        "Accept": "application/xml",
        "Authorization": "Sanitized",
        "Content-Length": "50",
        "Content-Type": "application/octet-stream",
        "Date": "Wed, 27 Nov 2024 14:29:17 GMT",
        "User-Agent": "azsdk-java-azure-storage-file-share/12.26.0-beta.1 (21.0.2; Windows 11; 10.0)",
        "x-ms-allow-trailing-dot": "false",
        "x-ms-client-request-id": "Sanitized",
        "x-ms-range": "bytes=900-949",
        "x-ms-version": "2025-01-05",
        "x-ms-write": "update"
      },
      "RequestBody": "+zpVyK8HwE+EeNLKcGGSu+bWJoEDLZbuiWSm1R/0zfs6VcivB8BPhHjSynBhkrvm1iY=",
      "StatusCode": 201,
      "ResponseHeaders": {
        "Content-Length": "0",
        "Content-MD5": "j83t+eREZHb67hN0S8uIHA==",
        "Date": "Wed, 27 Nov 2024 14:29:16 GMT",
        "ETag": "\"0x8DD0EEFDF979E78\"",
        "Last-Modified": "Wed, 27 Nov 2024 14:29:16 GMT",
        "Server": [
          "Windows-Azure-File/1.0",
          "Microsoft-HTTPAPI/2.0"
        ],
        "x-ms-client-request-id": "Sanitized",
        "x-ms-file-last-write-time": "2024-11-27T14:29:16.7706744Z",
        "x-ms-request-id": "Sanitized",
        "x-ms-request-server-encrypted": "true",
        "x-ms-version": "2025-01-05"
      },
      "ResponseBody": null
    },
    {
      "RequestUri": "https://REDACTED/3a6528d40e2echannelwrited6c27553c57994548dbc4a8/3a6528d41e2echannelwrited6c842184f58e8a245dc45f?comp=range",
      "RequestMethod": "PUT",
      "RequestHeaders": {
        "Accept": "application/xml",
        "Authorization": "Sanitized",
        "Content-Length": "50",
        "Content-Type": "application/octet-stream",
        "Date": "Wed, 27 Nov 2024 14:29:17 GMT",
        "User-Agent": "azsdk-java-azure-storage-file-share/12.26.0-beta.1 (21.0.2; Windows 11; 10.0)",
        "x-ms-allow-trailing-dot": "false",
        "x-ms-client-request-id": "Sanitized",
        "x-ms-range": "bytes=950-999",
        "x-ms-version": "2025-01-05",
        "x-ms-write": "update"
      },
      "RequestBody": "gQMtlu6JZKbVH/TN+zpVyK8HwE+EeNLKcGGSu+bWJoEDLZbuiWSm1R/0zfs6VcivB8A=",
      "StatusCode": 201,
      "ResponseHeaders": {
        "Content-Length": "0",
        "Content-MD5": "V33q80eIu17mKLLvVAz+AQ==",
        "Date": "Wed, 27 Nov 2024 14:29:16 GMT",
        "ETag": "\"0x8DD0EEFDFA4D606\"",
        "Last-Modified": "Wed, 27 Nov 2024 14:29:16 GMT",
        "Server": [
          "Windows-Azure-File/1.0",
          "Microsoft-HTTPAPI/2.0"
        ],
        "x-ms-client-request-id": "Sanitized",
        "x-ms-file-last-write-time": "2024-11-27T14:29:16.8572934Z",
        "x-ms-request-id": "Sanitized",
        "x-ms-request-server-encrypted": "true",
        "x-ms-version": "2025-01-05"
      },
      "ResponseBody": null
    },
    {
      "RequestUri": "https://REDACTED/3a6528d40e2echannelwrited6c27553c57994548dbc4a8/3a6528d41e2echannelwrited6c842184f58e8a245dc45f?comp=range",
      "RequestMethod": "PUT",
      "RequestHeaders": {
        "Accept": "application/xml",
        "Authorization": "Sanitized",
        "Content-Length": "24",
        "Content-Type": "application/octet-stream",
        "Date": "Wed, 27 Nov 2024 14:29:17 GMT",
        "User-Agent": "azsdk-java-azure-storage-file-share/12.26.0-beta.1 (21.0.2; Windows 11; 10.0)",
        "x-ms-allow-trailing-dot": "false",
        "x-ms-client-request-id": "Sanitized",
        "x-ms-range": "bytes=1000-1023",
        "x-ms-version": "2025-01-05",
        "x-ms-write": "update"
      },
      "RequestBody": "T4R40spwYZK75tYmgQMtlu6JZKbVH/TN",
      "StatusCode": 201,
      "ResponseHeaders": {
        "Content-Length": "0",
        "Content-MD5": "jUvHw++NvWUu2q3gmGbo/w==",
        "Date": "Wed, 27 Nov 2024 14:29:16 GMT",
        "ETag": "\"0x8DD0EEFDFB2A927\"",
        "Last-Modified": "Wed, 27 Nov 2024 14:29:16 GMT",
        "Server": [
          "Windows-Azure-File/1.0",
          "Microsoft-HTTPAPI/2.0"
        ],
        "x-ms-client-request-id": "Sanitized",
        "x-ms-file-last-write-time": "2024-11-27T14:29:16.9478951Z",
        "x-ms-request-id": "Sanitized",
        "x-ms-request-server-encrypted": "true",
        "x-ms-version": "2025-01-05"
      },
      "ResponseBody": null
    },
    {
      "RequestUri": "https://REDACTED/3a6528d40e2echannelwrited6c27553c57994548dbc4a8/3a6528d41e2echannelwrited6c842184f58e8a245dc45f",
      "RequestMethod": "GET",
      "RequestHeaders": {
        "Accept": "application/xml",
        "Authorization": "Sanitized",
        "Content-Length": "0",
        "Date": "Wed, 27 Nov 2024 14:29:17 GMT",
        "User-Agent": "azsdk-java-azure-storage-file-share/12.26.0-beta.1 (21.0.2; Windows 11; 10.0)",
        "x-ms-allow-trailing-dot": "false",
        "x-ms-client-request-id": "Sanitized",
        "x-ms-version": "2025-01-05"
      },
      "RequestBody": null,
      "StatusCode": 200,
      "ResponseHeaders": {
        "Accept-Ranges": "bytes",
        "Content-Length": "1024",
        "Content-Type": "application/octet-stream",
        "Date": "Wed, 27 Nov 2024 14:29:16 GMT",
        "ETag": "\"0x8DD0EEFDFB2A927\"",
        "Last-Modified": "Wed, 27 Nov 2024 14:29:16 GMT",
        "Server": [
          "Windows-Azure-File/1.0",
          "Microsoft-HTTPAPI/2.0"
        ],
        "x-ms-client-request-id": "Sanitized",
        "x-ms-file-attributes": "Archive",
        "x-ms-file-change-time": "2024-11-27T14:29:16.9478951Z",
        "x-ms-file-creation-time": "2024-11-27T14:29:15.1438290Z",
        "x-ms-file-id": "13835128424026341376",
        "x-ms-file-last-write-time": "2024-11-27T14:29:16.9478951Z",
        "x-ms-file-parent-id": "0",
        "x-ms-file-permission-key": "15551900749952526465*9183854576063791119",
        "x-ms-lease-state": "available",
        "x-ms-lease-status": "unlocked",
        "x-ms-request-id": "Sanitized",
        "x-ms-server-encrypted": "true",
        "x-ms-type": "File",
        "x-ms-version": "2025-01-05"
      },
      "ResponseBody": "zfs6VcivB8BPhHjSynBhkrvm1iaBAy2W7olkptUf9M37OlXIrwfAT4R40spwYZK75tYmgQMtlu6JZKbVH/TN+zpVyK8HwE+EeNLKcGGSu+bWJoEDLZbuiWSm1R/0zfs6VcivB8BPhHjSynBhkrvm1iaBAy2W7olkptUf9M37OlXIrwfAT4R40spwYZK75tYmgQMtlu6JZKbVH/TN+zpVyK8HwE+EeNLKcGGSu+bWJoEDLZbuiWSm1R/0zfs6VcivB8BPhHjSynBhkrvm1iaBAy2W7olkptUf9M37OlXIrwfAT4R40spwYZK75tYmgQMtlu6JZKbVH/TN+zpVyK8HwE+EeNLKcGGSu+bWJoEDLZbuiWSm1R/0zfs6VcivB8BPhHjSynBhkrvm1iaBAy2W7olkptUf9M37OlXIrwfAT4R40spwYZK75tYmgQMtlu6JZKbVH/TN+zpVyK8HwE+EeNLKcGGSu+bWJoEDLZbuiWSm1R/0zfs6VcivB8BPhHjSynBhkrvm1iaBAy2W7olkptUf9M37OlXIrwfAT4R40spwYZK75tYmgQMtlu6JZKbVH/TN+zpVyK8HwE+EeNLKcGGSu+bWJoEDLZbuiWSm1R/0zfs6VcivB8BPhHjSynBhkrvm1iaBAy2W7olkptUf9M37OlXIrwfAT4R40spwYZK75tYmgQMtlu6JZKbVH/TN+zpVyK8HwE+EeNLKcGGSu+bWJoEDLZbuiWSm1R/0zfs6VcivB8BPhHjSynBhkrvm1iaBAy2W7olkptUf9M37OlXIrwfAT4R40spwYZK75tYmgQMtlu6JZKbVH/TN+zpVyK8HwE+EeNLKcGGSu+bWJoEDLZbuiWSm1R/0zfs6VcivB8BPhHjSynBhkrvm1iaBAy2W7olkptUf9M37OlXIrwfAT4R40spwYZK75tYmgQMtlu6JZKbVH/TN+zpVyK8HwE+EeNLKcGGSu+bWJoEDLZbuiWSm1R/0zfs6VcivB8BPhHjSynBhkrvm1iaBAy2W7olkptUf9M37OlXIrwfAT4R40spwYZK75tYmgQMtlu6JZKbVH/TN+zpVyK8HwE+EeNLKcGGSu+bWJoEDLZbuiWSm1R/0zfs6VcivB8BPhHjSynBhkrvm1iaBAy2W7olkptUf9M37OlXIrwfAT4R40spwYZK75tYmgQMtlu6JZKbVH/TN+zpVyK8HwE+EeNLKcGGSu+bWJoEDLZbuiWSm1R/0zfs6VcivB8BPhHjSynBhkrvm1iaBAy2W7olkptUf9M37OlXIrwfAT4R40spwYZK75tYmgQMtlu6JZKbVH/TN+zpVyK8HwE+EeNLKcGGSu+bWJoEDLZbuiWSm1R/0zQ=="
    },
    {
      "RequestUri": "https://REDACTED/3a6528d40e2echannelwrited6c27553c57994548dbc4a8?restype=share",
      "RequestMethod": "DELETE",
      "RequestHeaders": {
        "Accept": "application/xml",
        "Authorization": "Sanitized",
        "Content-Length": "0",
        "Date": "Wed, 27 Nov 2024 14:29:17 GMT",
        "User-Agent": "azsdk-java-azure-storage-file-share/12.26.0-beta.1 (21.0.2; Windows 11; 10.0)",
        "x-ms-client-request-id": "Sanitized",
        "x-ms-version": "2025-01-05"
      },
      "RequestBody": null,
      "StatusCode": 202,
      "ResponseHeaders": {
        "Content-Length": "0",
        "Date": "Wed, 27 Nov 2024 14:29:16 GMT",
        "Server": [
          "Windows-Azure-File/1.0",
          "Microsoft-HTTPAPI/2.0"
        ],
        "x-ms-client-request-id": "Sanitized",
        "x-ms-request-id": "Sanitized",
        "x-ms-version": "2025-01-05"
      },
      "ResponseBody": null
    }
  ],
  "Variables": {
    "0": "3a6528d40e2echannelwrited6c27553c57994548dbc4a8",
    "1": "3a6528d41e2echannelwrited6c842184f58e8a245dc45f",
    "2": "64c59979-53f8-4618-9625-8212f5b524b5"
  }
}
