{
  "Entries": [
    {
      "RequestUri": "https://Sanitized.servicebus.windows.net/$schemaGroups/fakegroup/schemas/Person?api-version=2022-10",
      "RequestMethod": "PUT",
      "RequestHeaders": {
        "Accept": "application/json",
        "Accept-Encoding": "gzip, deflate",
        "Content-Length": "369",
        "Content-Type": "application/json; serialization=Json",
        "User-Agent": "azsdk-python-schemaregistry/1.3.0b4 Python/3.11.7 (Linux-5.15.153.1-microsoft-standard-WSL2-x86_64-with-glibc2.35)"
      },
      "RequestBody": {
        "$id": "https://example.com/person.schema.json",
        "$schema": "https://json-schema.org/draft/2020-12/schema",
        "title": "Person",
        "type": "object",
        "properties": {
          "name": {
            "type": "string",
            "description": "Person's name."
          },
          "favorite_color": {
            "type": "string",
            "description": "Favorite color."
          },
          "favorite_number": {
            "description": "Favorite number.",
            "type": "integer"
          }
        }
      },
      "StatusCode": 204,
      "ResponseHeaders": {
        "Content-Length": "0",
        "Date": "Thu, 11 Jul 2024 12:44:34 GMT",
        "Location": "https://example.com",
        "Schema-Group-Name": "fakegroup",
        "Schema-Id": "25e7ce93e72a4c8b8d184a33c71b83a0",
        "Schema-Id-Location": "https://fake_resource_json.servicebus.windows.net:443/$schemagroups/$schemas/25e7ce93e72a4c8b8d184a33c71b83a0?api-version=2022-10",
        "Schema-Name": "Person",
        "Schema-Version": "3",
        "Schema-Versions-Location": "https://fake_resource_json.servicebus.windows.net:443/$schemagroups/fakegroup/schemas/Person/versions?api-version=2022-10",
        "Server": "Microsoft-HTTPAPI/2.0",
        "Strict-Transport-Security": "max-age=31536000"
      },
      "ResponseBody": null
    },
    {
      "RequestUri": "https://Sanitized.servicebus.windows.net/$schemaGroups/fakegroup/schemas/Person:get-id?api-version=2022-10",
      "RequestMethod": "POST",
      "RequestHeaders": {
        "Accept": "application/json",
        "Accept-Encoding": "gzip, deflate",
        "Content-Length": "369",
        "Content-Type": "application/json; serialization=Json",
        "User-Agent": "azsdk-python-schemaregistry/1.3.0b4 Python/3.11.7 (Linux-5.15.153.1-microsoft-standard-WSL2-x86_64-with-glibc2.35)"
      },
      "RequestBody": {
        "$id": "https://example.com/person.schema.json",
        "$schema": "https://json-schema.org/draft/2020-12/schema",
        "title": "Person",
        "type": "object",
        "properties": {
          "name": {
            "type": "string",
            "description": "Person's name."
          },
          "favorite_color": {
            "type": "string",
            "description": "Favorite color."
          },
          "favorite_number": {
            "description": "Favorite number.",
            "type": "integer"
          }
        }
      },
      "StatusCode": 204,
      "ResponseHeaders": {
        "Content-Length": "0",
        "Date": "Thu, 11 Jul 2024 12:44:35 GMT",
        "Location": "https://example.com",
        "Schema-Group-Name": "fakegroup",
        "Schema-Id": "25e7ce93e72a4c8b8d184a33c71b83a0",
        "Schema-Id-Location": "https://fake_resource_json.servicebus.windows.net:443/$schemagroups/$schemas/25e7ce93e72a4c8b8d184a33c71b83a0?api-version=2022-10",
        "Schema-Name": "Person",
        "Schema-Version": "3",
        "Schema-Versions-Location": "https://fake_resource_json.servicebus.windows.net:443/$schemagroups/fakegroup/schemas/Person/versions?api-version=2022-10",
        "Server": "Microsoft-HTTPAPI/2.0",
        "Strict-Transport-Security": "max-age=31536000"
      },
      "ResponseBody": null
    },
    {
      "RequestUri": "https://Sanitized.servicebus.windows.net/$schemaGroups/$schemas/25e7ce93e72a4c8b8d184a33c71b83a0?api-version=2022-10",
      "RequestMethod": "GET",
      "RequestHeaders": {
        "Accept": "application/json; serialization=Avro, application/json;                         serialization=json, text/plain; charset=utf-8",
        "Accept-Encoding": "gzip, deflate",
        "User-Agent": "azsdk-python-schemaregistry/1.3.0b4 Python/3.11.7 (Linux-5.15.153.1-microsoft-standard-WSL2-x86_64-with-glibc2.35)"
      },
      "RequestBody": null,
      "StatusCode": 200,
      "ResponseHeaders": {
        "Content-Type": "application/json; serialization=Json",
        "Date": "Thu, 11 Jul 2024 12:44:35 GMT",
        "Location": "https://example.com",
        "Schema-Group-Name": "fakegroup",
        "Schema-Id": "25e7ce93e72a4c8b8d184a33c71b83a0",
        "Schema-Id-Location": "https://fake_resource_json.servicebus.windows.net:443/$schemagroups/$schemas/25e7ce93e72a4c8b8d184a33c71b83a0?api-version=2022-10",
        "Schema-Name": "Person",
        "Schema-Version": "3",
        "Schema-Versions-Location": "https://fake_resource_json.servicebus.windows.net:443/$schemagroups/fakegroup/schemas/Person/versions?api-version=2022-10",
        "Server": "Microsoft-HTTPAPI/2.0",
        "Strict-Transport-Security": "max-age=31536000",
        "Transfer-Encoding": "chunked"
      },
      "ResponseBody": {
        "$id": "https://example.com/person.schema.json",
        "$schema": "https://json-schema.org/draft/2020-12/schema",
        "title": "Person",
        "type": "object",
        "properties": {
          "name": {
            "type": "string",
            "description": "Person's name."
          },
          "favorite_color": {
            "type": "string",
            "description": "Favorite color."
          },
          "favorite_number": {
            "description": "Favorite number.",
            "type": "integer"
          }
        }
      }
    },
    {
      "RequestUri": "https://Sanitized.servicebus.windows.net/$schemaGroups/fakegroup/schemas/Person:get-id?api-version=2022-10",
      "RequestMethod": "POST",
      "RequestHeaders": {
        "Accept": "application/json",
        "Accept-Encoding": "gzip, deflate",
        "Content-Length": "369",
        "Content-Type": "application/json; serialization=Json",
        "User-Agent": "azsdk-python-schemaregistry/1.3.0b4 Python/3.11.7 (Linux-5.15.153.1-microsoft-standard-WSL2-x86_64-with-glibc2.35)"
      },
      "RequestBody": {
        "$id": "https://example.com/person.schema.json",
        "$schema": "https://json-schema.org/draft/2020-12/schema",
        "title": "Person",
        "type": "object",
        "properties": {
          "name": {
            "type": "string",
            "description": "Person's name."
          },
          "favorite_color": {
            "type": "string",
            "description": "Favorite color."
          },
          "favorite_number": {
            "description": "Favorite number.",
            "type": "integer"
          }
        }
      },
      "StatusCode": 204,
      "ResponseHeaders": {
        "Content-Length": "0",
        "Date": "Thu, 11 Jul 2024 12:44:36 GMT",
        "Location": "https://example.com",
        "Schema-Group-Name": "fakegroup",
        "Schema-Id": "25e7ce93e72a4c8b8d184a33c71b83a0",
        "Schema-Id-Location": "https://fake_resource_json.servicebus.windows.net:443/$schemagroups/$schemas/25e7ce93e72a4c8b8d184a33c71b83a0?api-version=2022-10",
        "Schema-Name": "Person",
        "Schema-Version": "3",
        "Schema-Versions-Location": "https://fake_resource_json.servicebus.windows.net:443/$schemagroups/fakegroup/schemas/Person/versions?api-version=2022-10",
        "Server": "Microsoft-HTTPAPI/2.0",
        "Strict-Transport-Security": "max-age=31536000"
      },
      "ResponseBody": null
    },
    {
      "RequestUri": "https://Sanitized.servicebus.windows.net/$schemaGroups/$schemas/25e7ce93e72a4c8b8d184a33c71b83a0?api-version=2022-10",
      "RequestMethod": "GET",
      "RequestHeaders": {
        "Accept": "application/json; serialization=Avro, application/json;                         serialization=json, text/plain; charset=utf-8",
        "Accept-Encoding": "gzip, deflate",
        "User-Agent": "azsdk-python-schemaregistry/1.3.0b4 Python/3.11.7 (Linux-5.15.153.1-microsoft-standard-WSL2-x86_64-with-glibc2.35)"
      },
      "RequestBody": null,
      "StatusCode": 200,
      "ResponseHeaders": {
        "Content-Type": "application/json; serialization=Json",
        "Date": "Thu, 11 Jul 2024 12:44:36 GMT",
        "Location": "https://example.com",
        "Schema-Group-Name": "fakegroup",
        "Schema-Id": "25e7ce93e72a4c8b8d184a33c71b83a0",
        "Schema-Id-Location": "https://fake_resource_json.servicebus.windows.net:443/$schemagroups/$schemas/25e7ce93e72a4c8b8d184a33c71b83a0?api-version=2022-10",
        "Schema-Name": "Person",
        "Schema-Version": "3",
        "Schema-Versions-Location": "https://fake_resource_json.servicebus.windows.net:443/$schemagroups/fakegroup/schemas/Person/versions?api-version=2022-10",
        "Server": "Microsoft-HTTPAPI/2.0",
        "Strict-Transport-Security": "max-age=31536000",
        "Transfer-Encoding": "chunked"
      },
      "ResponseBody": {
        "$id": "https://example.com/person.schema.json",
        "$schema": "https://json-schema.org/draft/2020-12/schema",
        "title": "Person",
        "type": "object",
        "properties": {
          "name": {
            "type": "string",
            "description": "Person's name."
          },
          "favorite_color": {
            "type": "string",
            "description": "Favorite color."
          },
          "favorite_number": {
            "description": "Favorite number.",
            "type": "integer"
          }
        }
      }
    },
    {
      "RequestUri": "https://Sanitized.servicebus.windows.net/$schemaGroups/$schemas/25e7ce93e72a4c8b8d184a33c71b83a0?api-version=2022-10",
      "RequestMethod": "GET",
      "RequestHeaders": {
        "Accept": "application/json; serialization=Avro, application/json;                         serialization=json, text/plain; charset=utf-8",
        "Accept-Encoding": "gzip, deflate",
        "User-Agent": "azsdk-python-schemaregistry/1.3.0b4 Python/3.11.7 (Linux-5.15.153.1-microsoft-standard-WSL2-x86_64-with-glibc2.35)"
      },
      "RequestBody": null,
      "StatusCode": 200,
      "ResponseHeaders": {
        "Content-Type": "application/json; serialization=Json",
        "Date": "Thu, 11 Jul 2024 12:44:37 GMT",
        "Location": "https://example.com",
        "Schema-Group-Name": "fakegroup",
        "Schema-Id": "25e7ce93e72a4c8b8d184a33c71b83a0",
        "Schema-Id-Location": "https://fake_resource_json.servicebus.windows.net:443/$schemagroups/$schemas/25e7ce93e72a4c8b8d184a33c71b83a0?api-version=2022-10",
        "Schema-Name": "Person",
        "Schema-Version": "3",
        "Schema-Versions-Location": "https://fake_resource_json.servicebus.windows.net:443/$schemagroups/fakegroup/schemas/Person/versions?api-version=2022-10",
        "Server": "Microsoft-HTTPAPI/2.0",
        "Strict-Transport-Security": "max-age=31536000",
        "Transfer-Encoding": "chunked"
      },
      "ResponseBody": {
        "$id": "https://example.com/person.schema.json",
        "$schema": "https://json-schema.org/draft/2020-12/schema",
        "title": "Person",
        "type": "object",
        "properties": {
          "name": {
            "type": "string",
            "description": "Person's name."
          },
          "favorite_color": {
            "type": "string",
            "description": "Favorite color."
          },
          "favorite_number": {
            "description": "Favorite number.",
            "type": "integer"
          }
        }
      }
    },
    {
      "RequestUri": "https://Sanitized.servicebus.windows.net/$schemaGroups/$schemas/25e7ce93e72a4c8b8d184a33c71b83a0?api-version=2022-10",
      "RequestMethod": "GET",
      "RequestHeaders": {
        "Accept": "application/json; serialization=Avro, application/json;                         serialization=json, text/plain; charset=utf-8",
        "Accept-Encoding": "gzip, deflate",
        "User-Agent": "azsdk-python-schemaregistry/1.3.0b4 Python/3.11.7 (Linux-5.15.153.1-microsoft-standard-WSL2-x86_64-with-glibc2.35)"
      },
      "RequestBody": null,
      "StatusCode": 200,
      "ResponseHeaders": {
        "Content-Type": "application/json; serialization=Json",
        "Date": "Thu, 11 Jul 2024 12:44:38 GMT",
        "Location": "https://example.com",
        "Schema-Group-Name": "fakegroup",
        "Schema-Id": "25e7ce93e72a4c8b8d184a33c71b83a0",
        "Schema-Id-Location": "https://fake_resource_json.servicebus.windows.net:443/$schemagroups/$schemas/25e7ce93e72a4c8b8d184a33c71b83a0?api-version=2022-10",
        "Schema-Name": "Person",
        "Schema-Version": "3",
        "Schema-Versions-Location": "https://fake_resource_json.servicebus.windows.net:443/$schemagroups/fakegroup/schemas/Person/versions?api-version=2022-10",
        "Server": "Microsoft-HTTPAPI/2.0",
        "Strict-Transport-Security": "max-age=31536000",
        "Transfer-Encoding": "chunked"
      },
      "ResponseBody": {
        "$id": "https://example.com/person.schema.json",
        "$schema": "https://json-schema.org/draft/2020-12/schema",
        "title": "Person",
        "type": "object",
        "properties": {
          "name": {
            "type": "string",
            "description": "Person's name."
          },
          "favorite_color": {
            "type": "string",
            "description": "Favorite color."
          },
          "favorite_number": {
            "description": "Favorite number.",
            "type": "integer"
          }
        }
      }
    },
    {
      "RequestUri": "https://Sanitized.servicebus.windows.net/$schemaGroups/fakegroup/schemas/Person:get-id?api-version=2022-10",
      "RequestMethod": "POST",
      "RequestHeaders": {
        "Accept": "application/json",
        "Accept-Encoding": "gzip, deflate",
        "Content-Length": "369",
        "Content-Type": "application/json; serialization=Json",
        "User-Agent": "azsdk-python-schemaregistry/1.3.0b4 Python/3.11.7 (Linux-5.15.153.1-microsoft-standard-WSL2-x86_64-with-glibc2.35)"
      },
      "RequestBody": {
        "$id": "https://example.com/person.schema.json",
        "$schema": "https://json-schema.org/draft/2020-12/schema",
        "title": "Person",
        "type": "object",
        "properties": {
          "name": {
            "type": "string",
            "description": "Person's name."
          },
          "favorite_color": {
            "type": "string",
            "description": "Favorite color."
          },
          "favorite_number": {
            "description": "Favorite number.",
            "type": "integer"
          }
        }
      },
      "StatusCode": 204,
      "ResponseHeaders": {
        "Content-Length": "0",
        "Date": "Thu, 11 Jul 2024 12:44:38 GMT",
        "Location": "https://example.com",
        "Schema-Group-Name": "fakegroup",
        "Schema-Id": "25e7ce93e72a4c8b8d184a33c71b83a0",
        "Schema-Id-Location": "https://fake_resource_json.servicebus.windows.net:443/$schemagroups/$schemas/25e7ce93e72a4c8b8d184a33c71b83a0?api-version=2022-10",
        "Schema-Name": "Person",
        "Schema-Version": "3",
        "Schema-Versions-Location": "https://fake_resource_json.servicebus.windows.net:443/$schemagroups/fakegroup/schemas/Person/versions?api-version=2022-10",
        "Server": "Microsoft-HTTPAPI/2.0",
        "Strict-Transport-Security": "max-age=31536000"
      },
      "ResponseBody": null
    },
    {
      "RequestUri": "https://Sanitized.servicebus.windows.net/$schemaGroups/fakegroup/schemas/Person:get-id?api-version=2022-10",
      "RequestMethod": "POST",
      "RequestHeaders": {
        "Accept": "application/json",
        "Accept-Encoding": "gzip, deflate",
        "Content-Length": "369",
        "Content-Type": "application/json; serialization=Json",
        "User-Agent": "azsdk-python-schemaregistry/1.3.0b4 Python/3.11.7 (Linux-5.15.153.1-microsoft-standard-WSL2-x86_64-with-glibc2.35)"
      },
      "RequestBody": {
        "$id": "https://example.com/person.schema.json",
        "$schema": "https://json-schema.org/draft/2020-12/schema",
        "title": "Person",
        "type": "object",
        "properties": {
          "name": {
            "type": "string",
            "description": "Person's name."
          },
          "favorite_color": {
            "type": "string",
            "description": "Favorite color."
          },
          "favorite_number": {
            "description": "Favorite number.",
            "type": "integer"
          }
        }
      },
      "StatusCode": 204,
      "ResponseHeaders": {
        "Content-Length": "0",
        "Date": "Thu, 11 Jul 2024 12:44:39 GMT",
        "Location": "https://example.com",
        "Schema-Group-Name": "fakegroup",
        "Schema-Id": "25e7ce93e72a4c8b8d184a33c71b83a0",
        "Schema-Id-Location": "https://fake_resource_json.servicebus.windows.net:443/$schemagroups/$schemas/25e7ce93e72a4c8b8d184a33c71b83a0?api-version=2022-10",
        "Schema-Name": "Person",
        "Schema-Version": "3",
        "Schema-Versions-Location": "https://fake_resource_json.servicebus.windows.net:443/$schemagroups/fakegroup/schemas/Person/versions?api-version=2022-10",
        "Server": "Microsoft-HTTPAPI/2.0",
        "Strict-Transport-Security": "max-age=31536000"
      },
      "ResponseBody": null
    }
  ],
  "Variables": {}
}
