{
  "Entries": [
    {
      "RequestUri": "https://fake_resource_json.servicebus.windows.net/$schemaGroups/fakegroup/schemas/Example.PersonTitle?api-version=2022-10",
      "RequestMethod": "PUT",
      "RequestHeaders": {
        "Accept": "application/json",
        "Accept-Encoding": "gzip, deflate",
        "Content-Length": "276",
        "Content-Type": "application/json; serialization=Json",
        "User-Agent": "azsdk-python-azureschemaregistry/1.3.0b2 Python/3.11.4 (Windows-10-10.0.22621-SP0)"
      },
      "RequestBody": {
        "$schema": "http://json-schema.org/schema#",
        "type": "object",
        "properties": {
          "name": {
            "type": "string"
          },
          "favorite_number": {
            "type": "integer"
          },
          "favorite_color": {
            "type": "string"
          }
        },
        "required": [
          "favorite_color",
          "favorite_number",
          "name"
        ],
        "title": "Example.PersonTitle"
      },
      "StatusCode": 204,
      "ResponseHeaders": {
        "Content-Length": "0",
        "Date": "Mon, 07 Aug 2023 20:08:29 GMT",
        "Location": "https://fake_resource_json.servicebus.windows.net/$schemagroups/fakegroup/schemas/Example.PersonTitle/versions/1?api-version=2022-10",
        "Schema-Group-Name": "fakegroup",
        "Schema-Id": "cda59eb4adc945e9917b3dfd30b745de",
        "Schema-Id-Location": "https://fake_resource_json.servicebus.windows.net:443/$schemagroups/$schemas/cda59eb4adc945e9917b3dfd30b745de?api-version=2022-10",
        "Schema-Name": "Example.PersonTitle",
        "Schema-Version": "1",
        "Schema-Versions-Location": "https://fake_resource_json.servicebus.windows.net:443/$schemagroups/fakegroup/schemas/Example.PersonTitle/versions?api-version=2022-10",
        "Server": "Microsoft-HTTPAPI/2.0",
        "Strict-Transport-Security": "max-age=31536000"
      },
      "ResponseBody": null
    },
    {
      "RequestUri": "https://fake_resource_json.servicebus.windows.net/$schemaGroups/fakegroup/schemas/Example.PersonTitle:get-id?api-version=2022-10",
      "RequestMethod": "POST",
      "RequestHeaders": {
        "Accept": "application/json",
        "Accept-Encoding": "gzip, deflate",
        "Content-Length": "276",
        "Content-Type": "application/json; serialization=Json",
        "User-Agent": "azsdk-python-azureschemaregistry/1.3.0b2 Python/3.11.4 (Windows-10-10.0.22621-SP0)"
      },
      "RequestBody": {
        "$schema": "http://json-schema.org/schema#",
        "type": "object",
        "properties": {
          "name": {
            "type": "string"
          },
          "favorite_number": {
            "type": "integer"
          },
          "favorite_color": {
            "type": "string"
          }
        },
        "required": [
          "favorite_color",
          "favorite_number",
          "name"
        ],
        "title": "Example.PersonTitle"
      },
      "StatusCode": 204,
      "ResponseHeaders": {
        "Content-Length": "0",
        "Date": "Mon, 07 Aug 2023 20:08:30 GMT",
        "Location": "https://fake_resource_json.servicebus.windows.net/$schemagroups/fakegroup/schemas/Example.PersonTitle/versions/1?api-version=2022-10",
        "Schema-Group-Name": "fakegroup",
        "Schema-Id": "cda59eb4adc945e9917b3dfd30b745de",
        "Schema-Id-Location": "https://fake_resource_json.servicebus.windows.net:443/$schemagroups/$schemas/cda59eb4adc945e9917b3dfd30b745de?api-version=2022-10",
        "Schema-Name": "Example.PersonTitle",
        "Schema-Version": "1",
        "Schema-Versions-Location": "https://fake_resource_json.servicebus.windows.net:443/$schemagroups/fakegroup/schemas/Example.PersonTitle/versions?api-version=2022-10",
        "Server": "Microsoft-HTTPAPI/2.0",
        "Strict-Transport-Security": "max-age=31536000"
      },
      "ResponseBody": null
    },
    {
      "RequestUri": "https://fake_resource_json.servicebus.windows.net/$schemaGroups/$schemas/cda59eb4adc945e9917b3dfd30b745de?api-version=2022-10",
      "RequestMethod": "GET",
      "RequestHeaders": {
        "Accept": "application/json; serialization=Avro, application/json; serialization=json, text/plain; charset=utf-8",
        "Accept-Encoding": "gzip, deflate",
        "User-Agent": "azsdk-python-azureschemaregistry/1.3.0b2 Python/3.11.4 (Windows-10-10.0.22621-SP0)"
      },
      "RequestBody": null,
      "StatusCode": 200,
      "ResponseHeaders": {
        "Content-Type": "application/json; serialization=Json",
        "Date": "Mon, 07 Aug 2023 20:08:30 GMT",
        "Location": "https://fake_resource_json.servicebus.windows.net/$schemagroups/fakegroup/schemas/Example.PersonTitle/versions/1?api-version=2022-10",
        "Schema-Group-Name": "fakegroup",
        "Schema-Id": "cda59eb4adc945e9917b3dfd30b745de",
        "Schema-Id-Location": "https://fake_resource_json.servicebus.windows.net:443/$schemagroups/$schemas/cda59eb4adc945e9917b3dfd30b745de?api-version=2022-10",
        "Schema-Name": "Example.PersonTitle",
        "Schema-Version": "1",
        "Schema-Versions-Location": "https://fake_resource_json.servicebus.windows.net:443/$schemagroups/fakegroup/schemas/Example.PersonTitle/versions?api-version=2022-10",
        "Server": "Microsoft-HTTPAPI/2.0",
        "Strict-Transport-Security": "max-age=31536000",
        "Transfer-Encoding": "chunked"
      },
      "ResponseBody": {
        "$schema": "http://json-schema.org/schema#",
        "type": "object",
        "properties": {
          "name": {
            "type": "string"
          },
          "favorite_number": {
            "type": "integer"
          },
          "favorite_color": {
            "type": "string"
          }
        },
        "required": [
          "favorite_color",
          "favorite_number",
          "name"
        ],
        "title": "Example.PersonTitle"
      }
    }
  ],
  "Variables": {}
}
