{
  "Entries": [
    {
      "RequestUri": "https://Sanitized.servicebus.windows.net/$schemaGroups/fakegroup/schemas/test-schema-basic-async-jsonb5cc3b32?api-version=2023-07-01",
      "RequestMethod": "PUT",
      "RequestHeaders": {
        "Accept": "application/json",
        "Accept-Encoding": "gzip, deflate",
        "Content-Length": "392",
        "Content-Type": "application/json; serialization=Json",
        "User-Agent": "azsdk-python-schemaregistry/1.3.1 Python/3.11.7 (Linux-5.15.167.4-microsoft-standard-WSL2-x86_64-with-glibc2.35)"
      },
      "RequestBody": {
        "$id": "https://example.com/person.schema.json",
        "$schema": "https://json-schema.org/draft/2020-12/schema",
        "title": "User",
        "type": "object",
        "properties": {
          "name": {
            "type": "string",
            "description": "The person's name."
          },
          "favoriteNumber": {
            "type": "integer",
            "description": "The person's favorite positive number.",
            "minimum": 0
          },
          "favoriteColor": {
            "description": "The person's favorite color",
            "type": "string"
          }
        }
      },
      "StatusCode": 204,
      "ResponseHeaders": {
        "Content-Length": "0",
        "Date": "Tue, 14 Jan 2025 00:12:41 GMT",
        "Location": "https://example.com",
        "Schema-Group-Name": "fakegroup",
        "Schema-Id": "def3d53ee7054c10b088078d0ba423f2",
        "Schema-Id-Location": "https://fake_resource_json.servicebus.windows.net:443/$schemagroups/$schemas/def3d53ee7054c10b088078d0ba423f2?api-version=2023-07-01",
        "Schema-Name": "test-schema-basic-async-jsonb5cc3b32",
        "Schema-Version": "1",
        "Schema-Versions-Location": "https://fake_resource_json.servicebus.windows.net:443/$schemagroups/fakegroup/schemas/test-schema-basic-async-jsonb5cc3b32/versions?api-version=2023-07-01",
        "Server": "Microsoft-HTTPAPI/2.0",
        "Strict-Transport-Security": "max-age=31536000"
      },
      "ResponseBody": null
    },
    {
      "RequestUri": "https://Sanitized.servicebus.windows.net/$schemaGroups/$schemas/def3d53ee7054c10b088078d0ba423f2?api-version=2023-07-01",
      "RequestMethod": "GET",
      "RequestHeaders": {
        "Accept": "application/json; serialization=Avro, application/json; serialization=json, text/plain; charset=utf-8",
        "Accept-Encoding": "gzip, deflate",
        "User-Agent": "azsdk-python-schemaregistry/1.3.1 Python/3.11.7 (Linux-5.15.167.4-microsoft-standard-WSL2-x86_64-with-glibc2.35)"
      },
      "RequestBody": null,
      "StatusCode": 200,
      "ResponseHeaders": {
        "Content-Type": "application/json; serialization=Json",
        "Date": "Tue, 14 Jan 2025 00:12:42 GMT",
        "Location": "https://example.com",
        "Schema-Group-Name": "fakegroup",
        "Schema-Id": "def3d53ee7054c10b088078d0ba423f2",
        "Schema-Id-Location": "https://fake_resource_json.servicebus.windows.net:443/$schemagroups/$schemas/def3d53ee7054c10b088078d0ba423f2?api-version=2023-07-01",
        "Schema-Name": "test-schema-basic-async-jsonb5cc3b32",
        "Schema-Version": "1",
        "Schema-Versions-Location": "https://fake_resource_json.servicebus.windows.net:443/$schemagroups/fakegroup/schemas/test-schema-basic-async-jsonb5cc3b32/versions?api-version=2023-07-01",
        "Server": "Microsoft-HTTPAPI/2.0",
        "Strict-Transport-Security": "max-age=31536000",
        "Transfer-Encoding": "chunked"
      },
      "ResponseBody": {
        "$id": "https://example.com/person.schema.json",
        "$schema": "https://json-schema.org/draft/2020-12/schema",
        "title": "User",
        "type": "object",
        "properties": {
          "name": {
            "type": "string",
            "description": "The person's name."
          },
          "favoriteNumber": {
            "type": "integer",
            "description": "The person's favorite positive number.",
            "minimum": 0
          },
          "favoriteColor": {
            "description": "The person's favorite color",
            "type": "string"
          }
        }
      }
    },
    {
      "RequestUri": "https://Sanitized.servicebus.windows.net/$schemaGroups/fakegroup/schemas/test-schema-basic-async-jsonb5cc3b32/versions/1?api-version=2023-07-01",
      "RequestMethod": "GET",
      "RequestHeaders": {
        "Accept": "application/json; serialization=Avro, application/json; serialization=json, text/plain; charset=utf-8",
        "Accept-Encoding": "gzip, deflate",
        "User-Agent": "azsdk-python-schemaregistry/1.3.1 Python/3.11.7 (Linux-5.15.167.4-microsoft-standard-WSL2-x86_64-with-glibc2.35)"
      },
      "RequestBody": null,
      "StatusCode": 200,
      "ResponseHeaders": {
        "Content-Type": "application/json; serialization=Json",
        "Date": "Tue, 14 Jan 2025 00:12:42 GMT",
        "Location": "https://example.com",
        "Schema-Group-Name": "fakegroup",
        "Schema-Id": "def3d53ee7054c10b088078d0ba423f2",
        "Schema-Id-Location": "https://fake_resource_json.servicebus.windows.net:443/$schemagroups/$schemas/def3d53ee7054c10b088078d0ba423f2?api-version=2023-07-01",
        "Schema-Name": "test-schema-basic-async-jsonb5cc3b32",
        "Schema-Version": "1",
        "Schema-Versions-Location": "https://fake_resource_json.servicebus.windows.net:443/$schemagroups/fakegroup/schemas/test-schema-basic-async-jsonb5cc3b32/versions?api-version=2023-07-01",
        "Server": "Microsoft-HTTPAPI/2.0",
        "Strict-Transport-Security": "max-age=31536000",
        "Transfer-Encoding": "chunked"
      },
      "ResponseBody": {
        "$id": "https://example.com/person.schema.json",
        "$schema": "https://json-schema.org/draft/2020-12/schema",
        "title": "User",
        "type": "object",
        "properties": {
          "name": {
            "type": "string",
            "description": "The person's name."
          },
          "favoriteNumber": {
            "type": "integer",
            "description": "The person's favorite positive number.",
            "minimum": 0
          },
          "favoriteColor": {
            "description": "The person's favorite color",
            "type": "string"
          }
        }
      }
    },
    {
      "RequestUri": "https://Sanitized.servicebus.windows.net/$schemaGroups/fakegroup/schemas/test-schema-basic-async-jsonb5cc3b32:get-id?api-version=2023-07-01",
      "RequestMethod": "POST",
      "RequestHeaders": {
        "Accept": "application/json",
        "Accept-Encoding": "gzip, deflate",
        "Content-Length": "392",
        "Content-Type": "application/json; serialization=Json",
        "User-Agent": "azsdk-python-schemaregistry/1.3.1 Python/3.11.7 (Linux-5.15.167.4-microsoft-standard-WSL2-x86_64-with-glibc2.35)"
      },
      "RequestBody": {
        "$id": "https://example.com/person.schema.json",
        "$schema": "https://json-schema.org/draft/2020-12/schema",
        "title": "User",
        "type": "object",
        "properties": {
          "name": {
            "type": "string",
            "description": "The person's name."
          },
          "favoriteNumber": {
            "type": "integer",
            "description": "The person's favorite positive number.",
            "minimum": 0
          },
          "favoriteColor": {
            "description": "The person's favorite color",
            "type": "string"
          }
        }
      },
      "StatusCode": 204,
      "ResponseHeaders": {
        "Content-Length": "0",
        "Date": "Tue, 14 Jan 2025 00:12:43 GMT",
        "Location": "https://example.com",
        "Schema-Group-Name": "fakegroup",
        "Schema-Id": "def3d53ee7054c10b088078d0ba423f2",
        "Schema-Id-Location": "https://fake_resource_json.servicebus.windows.net:443/$schemagroups/$schemas/def3d53ee7054c10b088078d0ba423f2?api-version=2023-07-01",
        "Schema-Name": "test-schema-basic-async-jsonb5cc3b32",
        "Schema-Version": "1",
        "Schema-Versions-Location": "https://fake_resource_json.servicebus.windows.net:443/$schemagroups/fakegroup/schemas/test-schema-basic-async-jsonb5cc3b32/versions?api-version=2023-07-01",
        "Server": "Microsoft-HTTPAPI/2.0",
        "Strict-Transport-Security": "max-age=31536000"
      },
      "ResponseBody": null
    }
  ],
  "Variables": {}
}
