{
  "Entries": [
    {
      "RequestUri": "https://sanitized.skype.com/identities?api-version=2023-10-01",
      "RequestMethod": "POST",
      "RequestHeaders": {
        "Accept": "application/json",
        "Authorization": "Sanitized",
        "Content-Length": "2",
        "Content-Type": "application/json",
        "traceparent": "00-3b63b92e9eb0ab84330588ba61798bbf-d8c89ff5708554c3-00",
        "User-Agent": "azsdk-net-Communication.Identity/1.4.0-alpha.20250523.1 (.NET 9.0.5; Microsoft Windows 10.0.22631)",
        "x-ms-client-request-id": "Sanitized",
        "x-ms-content-sha256": "Sanitized",
        "x-ms-date": "Fri, 23 May 2025 18:03:47 GMT",
        "x-ms-return-client-request-id": "true"
      },
      "RequestBody": {},
      "StatusCode": 201,
      "ResponseHeaders": {
        "api-supported-versions": "2020-07-20-preview2, 2021-03-07, 2021-10-31-preview, 2021-11-01, 2022-06-01, 2022-10-01, 2023-10-01, 2025-03-02-preview, 2025-06-30",
        "Connection": "keep-alive",
        "Content-Length": "31",
        "Content-Type": "application/json; charset=utf-8",
        "Date": "Fri, 23 May 2025 18:03:47 GMT",
        "MS-CV": "Sanitized",
        "Request-Context": "appId=",
        "Strict-Transport-Security": "max-age=31536000;includeSubDomains",
        "x-azure-ref": "Sanitized",
        "X-Cache": "CONFIG_NOCACHE",
        "x-ms-client-request-id": "Sanitized",
        "X-Processing-Time": "17ms"
      },
      "ResponseBody": {
        "identity": {
          "id": "Sanitized"
        }
      }
    },
    {
      "RequestUri": "https://sanitized.skype.com/identities?api-version=2023-10-01",
      "RequestMethod": "POST",
      "RequestHeaders": {
        "Accept": "application/json",
        "Authorization": "Sanitized",
        "Content-Length": "2",
        "Content-Type": "application/json",
        "traceparent": "00-8b8dc785413da219b1e7af818d6388ac-a302c692747bd36a-00",
        "User-Agent": "azsdk-net-Communication.Identity/1.4.0-alpha.20250523.1 (.NET 9.0.5; Microsoft Windows 10.0.22631)",
        "x-ms-client-request-id": "Sanitized",
        "x-ms-content-sha256": "Sanitized",
        "x-ms-date": "Fri, 23 May 2025 18:03:47 GMT",
        "x-ms-return-client-request-id": "true"
      },
      "RequestBody": {},
      "StatusCode": 201,
      "ResponseHeaders": {
        "api-supported-versions": "2020-07-20-preview2, 2021-03-07, 2021-10-31-preview, 2021-11-01, 2022-06-01, 2022-10-01, 2023-10-01, 2025-03-02-preview, 2025-06-30",
        "Connection": "keep-alive",
        "Content-Length": "31",
        "Content-Type": "application/json; charset=utf-8",
        "Date": "Fri, 23 May 2025 18:03:47 GMT",
        "MS-CV": "Sanitized",
        "Request-Context": "appId=",
        "Strict-Transport-Security": "max-age=31536000;includeSubDomains",
        "x-azure-ref": "Sanitized",
        "X-Cache": "CONFIG_NOCACHE",
        "x-ms-client-request-id": "Sanitized",
        "X-Processing-Time": "14ms"
      },
      "ResponseBody": {
        "identity": {
          "id": "Sanitized"
        }
      }
    },
    {
      "RequestUri": "https://sanitized.skype.com/api/servicebuscallback/subscribe?q=Sanitized",
      "RequestMethod": "POST",
      "RequestHeaders": {
        "Accept": "application/json",
        "Authorization": "Sanitized",
        "Content-Length": "0",
        "User-Agent": "azsdk-net-Communication.CallAutomation/1.5.0-alpha.20250523.1 (.NET 9.0.5; Microsoft Windows 10.0.22631)",
        "x-ms-client-request-id": "Sanitized",
        "x-ms-content-sha256": "Sanitized",
        "x-ms-date": "Fri, 23 May 2025 18:03:47 GMT",
        "x-ms-return-client-request-id": "true"
      },
      "RequestBody": null,
      "StatusCode": 200,
      "ResponseHeaders": {
        "Content-Length": "0",
        "Date": "Fri, 23 May 2025 18:03:49 GMT",
        "Server": "Microsoft-IIS/10.0",
        "Set-Cookie": [
          "Sanitized",
          "Sanitized"
        ],
        "X-Powered-By": "ASP.NET"
      },
      "ResponseBody": null
    },
    {
      "RequestUri": "https://sanitized.skype.com/calling/callConnections?api-version=2024-09-01-preview",
      "RequestMethod": "POST",
      "RequestHeaders": {
        "Accept": "application/json",
        "Authorization": "Sanitized",
        "Content-Length": "239",
        "Content-Type": "application/json",
        "Repeatability-First-Sent": "Sanitized",
        "Repeatability-Request-ID": "Sanitized",
        "traceparent": "00-c404482d0b12d5c2ba7ccf3f255326da-89f686d314e453b5-00",
        "User-Agent": "azsdk-net-Communication.CallAutomation/1.5.0-alpha.20250523.1 (.NET 9.0.5; Microsoft Windows 10.0.22631)",
        "X-FORWARDED-HOST": "Sanitized",
        "x-ms-client-request-id": "Sanitized",
        "x-ms-content-sha256": "Sanitized",
        "x-ms-date": "Fri, 23 May 2025 18:03:49 GMT",
        "x-ms-return-client-request-id": "true"
      },
      "RequestBody": {
        "targets": [
          {
            "rawId": "Sanitized",
            "communicationUser": {
              "id": "Sanitized"
            }
          }
        ],
        "source": {
          "id": "Sanitized"
        },
        "callbackUri": "https://sanitized.skype.com/api/servicebuscallback/events?q=SanitizedSanitized",
        "customCallingContext": {
          "voipHeaders": {}
        }
      },
      "StatusCode": 201,
      "ResponseHeaders": {
        "Content-Length": "687",
        "Content-Type": "application/json; charset=utf-8",
        "Date": "Fri, 23 May 2025 18:03:49 GMT",
        "Server": "Microsoft-HTTPAPI/2.0",
        "X-Microsoft-Skype-Chain-ID": "e943a729-ff24-4498-aba6-5f2b68cfd4b5",
        "X-Microsoft-Skype-Client": "azsdk-net-Communication.CallAutomation/1.5.0-alpha.20250523.1 (.NET 9.0.5; Microsoft Windows 10.0.22631)",
        "x-ms-client-request-id": "Sanitized"
      },
      "ResponseBody": {
        "callConnectionId": "07006680-8168-4c17-8dab-d2d0dee0b557",
        "targets": [
          {
            "rawId": "Sanitized",
            "kind": "communicationUser",
            "communicationUser": {
              "id": "Sanitized"
            }
          }
        ],
        "callConnectionState": "connecting",
        "callbackUri": "https://sanitized.skype.com/api/servicebuscallback/events?q=SanitizedSanitized",
        "sourceDisplayName": "",
        "source": {
          "rawId": "Sanitized",
          "kind": "communicationUser",
          "communicationUser": {
            "id": "Sanitized"
          }
        },
        "correlationId": "e943a729-ff24-4498-aba6-5f2b68cfd4b5",
        "mediaSubscriptionId": "faee5899-ed44-4fd6-9481-7a20687f79c3",
        "dataSubscriptionId": "c7f692c0-8e11-400a-bbd7-be4ce6ecf773",
        "mediaStreamingSubscription": {
          "id": "Sanitized",
          "state": "disabled",
          "subscribedContentTypes": [
            "audio"
          ]
        }
      }
    },
    {
      "RequestUri": "https://sanitized.skype.com/calling/callConnections:answer?api-version=2024-09-01-preview",
      "RequestMethod": "POST",
      "RequestHeaders": {
        "Accept": "application/json",
        "Authorization": "Sanitized",
        "Content-Length": "220",
        "Content-Type": "application/json",
        "Repeatability-First-Sent": "Sanitized",
        "Repeatability-Request-ID": "Sanitized",
        "traceparent": "00-b432a7fd827aa14304d54888bbe90581-a84993636f959fd9-00",
        "User-Agent": "azsdk-net-Communication.CallAutomation/1.5.0-alpha.20250523.1 (.NET 9.0.5; Microsoft Windows 10.0.22631)",
        "X-FORWARDED-HOST": "Sanitized",
        "x-ms-client-request-id": "Sanitized",
        "x-ms-content-sha256": "Sanitized",
        "x-ms-date": "Fri, 23 May 2025 18:03:50 GMT",
        "x-ms-return-client-request-id": "true"
      },
      "RequestBody": {
        "incomingCallContext": "Sanitized",
        "callbackUri": "https://sanitized.skype.com/api/servicebuscallback/events?q=SanitizedSanitized",
        "customCallingContext": {
          "voipHeaders": {},
          "sipHeaders": {}
        },
        "answeredBy": {
          "id": "Sanitized"
        }
      },
      "StatusCode": 200,
      "ResponseHeaders": {
        "Content-Length": "906",
        "Content-Type": "application/json; charset=utf-8",
        "Date": "Fri, 23 May 2025 18:03:50 GMT",
        "Server": "Microsoft-HTTPAPI/2.0",
        "X-Microsoft-Skype-Chain-ID": "e943a729-ff24-4498-aba6-5f2b68cfd4b5",
        "X-Microsoft-Skype-Client": "azsdk-net-Communication.CallAutomation/1.5.0-alpha.20250523.1 (.NET 9.0.5; Microsoft Windows 10.0.22631)",
        "x-ms-client-request-id": "Sanitized"
      },
      "ResponseBody": {
        "callConnectionId": "07006680-a365-4472-b12a-897dd30c6be7",
        "serverCallId": "aHR0cHM6Ly9hcGkuZmxpZ2h0cHJveHkuc2t5cGUuY29tL2FwaS92Mi9jcC9jb252LXVzd2UtMDUtcHJvZC1ha3MuY29udi5za3lwZS5jb20vY29udi9xRjhaU2d4X1cwbVVtSkszMnIwWEh3P2k9MTAtMTI4LTc4LTQzJmU9NjM4ODM0MDkyNzY5MzY1NzA0",
        "targets": [
          {
            "rawId": "Sanitized",
            "kind": "communicationUser",
            "communicationUser": {
              "id": "Sanitized"
            }
          }
        ],
        "callConnectionState": "connecting",
        "callbackUri": "https://sanitized.skype.com/api/servicebuscallback/events?q=SanitizedSanitized",
        "source": {
          "rawId": "Sanitized",
          "kind": "communicationUser",
          "communicationUser": {
            "id": "Sanitized"
          }
        },
        "correlationId": "e943a729-ff24-4498-aba6-5f2b68cfd4b5",
        "answeredBy": {
          "id": "Sanitized"
        },
        "mediaSubscriptionId": "479c1083-2f64-47e0-8272-76db46628703",
        "dataSubscriptionId": "be35e670-be01-4777-8523-c39e536dfddd",
        "mediaStreamingSubscription": {
          "id": "Sanitized",
          "state": "disabled",
          "subscribedContentTypes": [
            "audio"
          ]
        }
      }
    },
    {
      "RequestUri": "https://sanitized.skype.com/calling/callConnections/07006680-8168-4c17-8dab-d2d0dee0b557?api-version=2024-09-01-preview",
      "RequestMethod": "GET",
      "RequestHeaders": {
        "Accept": "application/json",
        "Authorization": "Sanitized",
        "User-Agent": "azsdk-net-Communication.CallAutomation/1.5.0-alpha.20250523.1 (.NET 9.0.5; Microsoft Windows 10.0.22631)",
        "X-FORWARDED-HOST": "Sanitized",
        "x-ms-client-request-id": "Sanitized",
        "x-ms-content-sha256": "Sanitized",
        "x-ms-date": "Fri, 23 May 2025 18:03:51 GMT",
        "x-ms-return-client-request-id": "true"
      },
      "RequestBody": null,
      "StatusCode": 200,
      "ResponseHeaders": {
        "Content-Length": "920",
        "Content-Type": "application/json; charset=utf-8",
        "Date": "Fri, 23 May 2025 18:03:51 GMT",
        "Server": "Microsoft-HTTPAPI/2.0",
        "X-Microsoft-Skype-Chain-ID": "e943a729-ff24-4498-aba6-5f2b68cfd4b5",
        "X-Microsoft-Skype-Client": "azsdk-net-Communication.CallAutomation/1.5.0-alpha.20250523.1 (.NET 9.0.5; Microsoft Windows 10.0.22631)",
        "x-ms-client-request-id": "Sanitized"
      },
      "ResponseBody": {
        "callConnectionId": "07006680-8168-4c17-8dab-d2d0dee0b557",
        "serverCallId": "aHR0cHM6Ly9hcGkuZmxpZ2h0cHJveHkuc2t5cGUuY29tL2FwaS92Mi9jcC9jb252LXVzd2UtMDUtcHJvZC1ha3MuY29udi5za3lwZS5jb20vY29udi9xRjhaU2d4X1cwbVVtSkszMnIwWEh3P2k9MTAtMTI4LTc4LTQzJmU9NjM4ODM0MDkyNzY5MzY1NzA0",
        "targets": [
          {
            "rawId": "Sanitized",
            "kind": "communicationUser",
            "communicationUser": {
              "id": "Sanitized"
            }
          }
        ],
        "callConnectionState": "connected",
        "callbackUri": "https://sanitized.skype.com/api/servicebuscallback/events?q=SanitizedSanitized",
        "sourceDisplayName": "",
        "source": {
          "rawId": "Sanitized",
          "kind": "communicationUser",
          "communicationUser": {
            "id": "Sanitized"
          }
        },
        "correlationId": "e943a729-ff24-4498-aba6-5f2b68cfd4b5",
        "mediaSubscriptionId": "faee5899-ed44-4fd6-9481-7a20687f79c3",
        "dataSubscriptionId": "c7f692c0-8e11-400a-bbd7-be4ce6ecf773",
        "mediaStreamingSubscription": {
          "state": "disabled"
        },
        "transcriptionSubscription": {
          "state": "disabled",
          "subscribedResultTypes": []
        }
      }
    },
    {
      "RequestUri": "https://sanitized.skype.com/calling/recordings?api-version=2024-09-01-preview",
      "RequestMethod": "POST",
      "RequestHeaders": {
        "Accept": "application/json",
        "Authorization": "Sanitized",
        "Content-Length": "613",
        "Content-Type": "application/json",
        "Repeatability-First-Sent": "Sanitized",
        "Repeatability-Request-ID": "Sanitized",
        "User-Agent": "azsdk-net-Communication.CallAutomation/1.5.0-alpha.20250523.1 (.NET 9.0.5; Microsoft Windows 10.0.22631)",
        "X-FORWARDED-HOST": "Sanitized",
        "x-ms-client-request-id": "Sanitized",
        "x-ms-content-sha256": "Sanitized",
        "x-ms-date": "Fri, 23 May 2025 18:03:52 GMT",
        "x-ms-return-client-request-id": "true"
      },
      "RequestBody": {
        "callLocator": {
          "serverCallId": "aHR0cHM6Ly9hcGkuZmxpZ2h0cHJveHkuc2t5cGUuY29tL2FwaS92Mi9jcC9jb252LXVzd2UtMDUtcHJvZC1ha3MuY29udi5za3lwZS5jb20vY29udi9xRjhaU2d4X1cwbVVtSkszMnIwWEh3P2k9MTAtMTI4LTc4LTQzJmU9NjM4ODM0MDkyNzY5MzY1NzA0",
          "kind": "serverCallLocator"
        },
        "recordingStateCallbackUri": "https://sanitized.skype.com/api/servicebuscallback/events",
        "recordingContentType": "audio",
        "recordingChannelType": "unmixed",
        "recordingFormatType": "wav",
        "audioChannelParticipantOrdering": [
          {
            "rawId": "Sanitized",
            "communicationUser": {
              "id": "Sanitized"
            }
          },
          {
            "rawId": "Sanitized",
            "communicationUser": {
              "id": "Sanitized"
            }
          }
        ],
        "pauseOnStart": false
      },
      "StatusCode": 200,
      "ResponseHeaders": {
        "Content-Length": "253",
        "Content-Type": "application/json; charset=utf-8",
        "Date": "Fri, 23 May 2025 18:03:53 GMT",
        "Repeatability-Result": "accepted",
        "Server": "Microsoft-HTTPAPI/2.0",
        "X-Microsoft-Skype-Chain-ID": "5d2dc77f-eff5-44cd-9e8b-3c141b87f925",
        "X-Microsoft-Skype-Client": "azsdk-net-Communication.CallAutomation/1.5.0-alpha.20250523.1 (.NET 9.0.5; Microsoft Windows 10.0.22631)",
        "x-ms-client-request-id": "Sanitized"
      },
      "ResponseBody": {
        "recordingId": "eyJQbGF0Zm9ybUVuZHBvaW50SWQiOiIwNzAwNjY4MC03NDNjLTRhMGUtOTkyNy00YTMyNDAxZWM5NzciLCJSZXNvdXJjZVNwZWNpZmljSWQiOiIyMWE3OTEzZi01NmNhLTRjMTgtYTM1ZC00ZmE2MDYzZDA5MTgifQ",
        "recordingState": "inactive",
        "recordingKind": "azureCommunicationServices"
      }
    },
    {
      "RequestUri": "https://sanitized.skype.com/calling/callConnections/07006680-8168-4c17-8dab-d2d0dee0b557:play?api-version=2024-09-01-preview",
      "RequestMethod": "POST",
      "RequestHeaders": {
        "Accept": "application/json",
        "Authorization": "Sanitized",
        "Content-Length": "257",
        "Content-Type": "application/json",
        "User-Agent": "azsdk-net-Communication.CallAutomation/1.5.0-alpha.20250523.1 (.NET 9.0.5; Microsoft Windows 10.0.22631)",
        "X-FORWARDED-HOST": "Sanitized",
        "x-ms-client-request-id": "Sanitized",
        "x-ms-content-sha256": "Sanitized",
        "x-ms-date": "Fri, 23 May 2025 18:03:54 GMT",
        "x-ms-return-client-request-id": "true"
      },
      "RequestBody": {
        "playSources": [
          {
            "kind": "file",
            "playSourceCacheId": "test-audio",
            "file": {
              "uri": "https://sanitized.skype.com/prompt.wav"
            }
          }
        ],
        "playTo": [],
        "playOptions": {
          "loop": false,
          "interruptCallMediaOperation": false,
          "interruptHoldAudio": false
        },
        "operationContext": "Sanitized"
      },
      "StatusCode": 202,
      "ResponseHeaders": {
        "Content-Length": "0",
        "Date": "Fri, 23 May 2025 18:03:53 GMT",
        "Server": "Microsoft-HTTPAPI/2.0",
        "X-Microsoft-Skype-Chain-ID": "e943a729-ff24-4498-aba6-5f2b68cfd4b5",
        "X-Microsoft-Skype-Client": "azsdk-net-Communication.CallAutomation/1.5.0-alpha.20250523.1 (.NET 9.0.5; Microsoft Windows 10.0.22631)",
        "x-ms-client-request-id": "Sanitized"
      },
      "ResponseBody": null
    },
    {
      "RequestUri": "https://sanitized.skype.com/calling/recordings/eyJQbGF0Zm9ybUVuZHBvaW50SWQiOiIwNzAwNjY4MC03NDNjLTRhMGUtOTkyNy00YTMyNDAxZWM5NzciLCJSZXNvdXJjZVNwZWNpZmljSWQiOiIyMWE3OTEzZi01NmNhLTRjMTgtYTM1ZC00ZmE2MDYzZDA5MTgifQ?api-version=2024-09-01-preview",
      "RequestMethod": "DELETE",
      "RequestHeaders": {
        "Accept": "application/json",
        "Authorization": "Sanitized",
        "User-Agent": "azsdk-net-Communication.CallAutomation/1.5.0-alpha.20250523.1 (.NET 9.0.5; Microsoft Windows 10.0.22631)",
        "X-FORWARDED-HOST": "Sanitized",
        "x-ms-client-request-id": "Sanitized",
        "x-ms-content-sha256": "Sanitized",
        "x-ms-date": "Fri, 23 May 2025 18:03:58 GMT",
        "x-ms-return-client-request-id": "true"
      },
      "RequestBody": null,
      "StatusCode": 204,
      "ResponseHeaders": {
        "Content-Length": "0",
        "Date": "Fri, 23 May 2025 18:03:57 GMT",
        "Server": "Microsoft-HTTPAPI/2.0",
        "X-Microsoft-Skype-Chain-ID": "e943a729-ff24-4498-aba6-5f2b68cfd4b5",
        "X-Microsoft-Skype-Client": "azsdk-net-Communication.CallAutomation/1.5.0-alpha.20250523.1 (.NET 9.0.5; Microsoft Windows 10.0.22631)",
        "x-ms-client-request-id": "Sanitized"
      },
      "ResponseBody": null
    },
    {
      "RequestUri": "https://sanitized.skype.com/calling/recordings/eyJQbGF0Zm9ybUVuZHBvaW50SWQiOiIwNzAwNjY4MC03NDNjLTRhMGUtOTkyNy00YTMyNDAxZWM5NzciLCJSZXNvdXJjZVNwZWNpZmljSWQiOiIyMWE3OTEzZi01NmNhLTRjMTgtYTM1ZC00ZmE2MDYzZDA5MTgifQ/result?api-version=2024-09-01-preview",
      "RequestMethod": "GET",
      "RequestHeaders": {
        "Accept": "application/json",
        "Authorization": "Sanitized",
        "User-Agent": "azsdk-net-Communication.CallAutomation/1.5.0-alpha.20250523.1 (.NET 9.0.5; Microsoft Windows 10.0.22631)",
        "X-FORWARDED-HOST": "Sanitized",
        "x-ms-client-request-id": "Sanitized",
        "x-ms-content-sha256": "Sanitized",
        "x-ms-date": "Fri, 23 May 2025 18:04:02 GMT",
        "x-ms-return-client-request-id": "true"
      },
      "RequestBody": null,
      "StatusCode": 200,
      "ResponseHeaders": {
        "Content-Length": "897",
        "Content-Type": "application/json; charset=utf-8",
        "Date": "Fri, 23 May 2025 18:04:01 GMT",
        "Server": "Microsoft-HTTPAPI/2.0",
        "X-Microsoft-Skype-Chain-ID": "a6947bca-63ca-4f50-928d-a606467c710a",
        "X-Microsoft-Skype-Client": "azsdk-net-Communication.CallAutomation/1.5.0-alpha.20250523.1 (.NET 9.0.5; Microsoft Windows 10.0.22631)",
        "x-ms-client-request-id": "Sanitized"
      },
      "ResponseBody": {
        "recordingId": "eyJQbGF0Zm9ybUVuZHBvaW50SWQiOiIwNzAwNjY4MC03NDNjLTRhMGUtOTkyNy00YTMyNDAxZWM5NzciLCJSZXNvdXJjZVNwZWNpZmljSWQiOiIyMWE3OTEzZi01NmNhLTRjMTgtYTM1ZC00ZmE2MDYzZDA5MTgifQ",
        "recordingStorageInfo": {
          "recordingChunks": [
            {
              "documentId": "0-wus-d11-f949286560c0d4772a8fdd00d2b3ec7f",
              "index": 0,
              "endReason": "SessionEnded",
              "contentLocation": "https://prod.asyncgw.teams.microsoft.com/v1/objects/0-wus-d11-f949286560c0d4772a8fdd00d2b3ec7f/content/audiowavmultichannel",
              "metadataLocation": "https://prod.asyncgw.teams.microsoft.com/v1/objects/0-wus-d11-f949286560c0d4772a8fdd00d2b3ec7f/content/acsmetadata",
              "deleteLocation": "https://prod.asyncgw.teams.microsoft.com/v1/objects/0-wus-d11-f949286560c0d4772a8fdd00d2b3ec7f"
            }
          ]
        },
        "errors": [],
        "recordingStartTime": "2025-05-23T18:03:55.0701494Z",
        "recordingDurationMs": 3540,
        "sessionEndReason": "SessionStillOngoing",
        "recordingExpirationTime": "0001-01-01T00:00:00Z"
      }
    },
    {
      "RequestUri": "https://sanitized.skype.com/calling/callConnections/07006680-8168-4c17-8dab-d2d0dee0b557:terminate?api-version=2024-09-01-preview",
      "RequestMethod": "POST",
      "RequestHeaders": {
        "Accept": "application/json",
        "Authorization": "Sanitized",
        "Content-Length": "0",
        "Repeatability-First-Sent": "Sanitized",
        "Repeatability-Request-ID": "Sanitized",
        "User-Agent": "azsdk-net-Communication.CallAutomation/1.5.0-alpha.20250523.1 (.NET 9.0.5; Microsoft Windows 10.0.22631)",
        "X-FORWARDED-HOST": "Sanitized",
        "x-ms-client-request-id": "Sanitized",
        "x-ms-content-sha256": "Sanitized",
        "x-ms-date": "Fri, 23 May 2025 18:04:02 GMT",
        "x-ms-return-client-request-id": "true"
      },
      "RequestBody": null,
      "StatusCode": 204,
      "ResponseHeaders": {
        "Content-Length": "0",
        "Date": "Fri, 23 May 2025 18:04:01 GMT",
        "Repeatability-Result": "accepted",
        "Server": "Microsoft-HTTPAPI/2.0",
        "X-Microsoft-Skype-Chain-ID": "e943a729-ff24-4498-aba6-5f2b68cfd4b5",
        "X-Microsoft-Skype-Client": "azsdk-net-Communication.CallAutomation/1.5.0-alpha.20250523.1 (.NET 9.0.5; Microsoft Windows 10.0.22631)",
        "x-ms-client-request-id": "Sanitized"
      },
      "ResponseBody": null
    },
    {
      "RequestUri": "https://sanitized.skype.com/api/servicebuscallback/unsubscribe?q=Sanitized",
      "RequestMethod": "POST",
      "RequestHeaders": {
        "Accept": "application/json",
        "Authorization": "Sanitized",
        "Content-Length": "0",
        "User-Agent": "azsdk-net-Communication.CallAutomation/1.5.0-alpha.20250523.1 (.NET 9.0.5; Microsoft Windows 10.0.22631)",
        "x-ms-client-request-id": "Sanitized",
        "x-ms-content-sha256": "Sanitized",
        "x-ms-date": "Fri, 23 May 2025 18:04:03 GMT",
        "x-ms-return-client-request-id": "true"
      },
      "RequestBody": null,
      "StatusCode": 200,
      "ResponseHeaders": {
        "Content-Length": "0",
        "Date": "Fri, 23 May 2025 18:04:04 GMT",
        "Server": "Microsoft-IIS/10.0",
        "X-Powered-By": "ASP.NET"
      },
      "ResponseBody": null
    }
  ],
  "Variables": {
    "COMMUNICATION_LIVETEST_STATIC_CONNECTION_STRING": "endpoint=https://sanitized.communication.azure.com/;accesskey=Kg==",
    "DISPATCHER_ENDPOINT": "https://sanitized.skype.com",
    "FILE_SOURCE_URL": "https://sanitized.skype.com/prompt.wav",
    "PMA_Endpoint": "https://sanitized.com",
    "RandomSeed": "1092884977",
    "SERVICEBUS_STRING": "Sanitized"
  }
}
