{
  "Entries": [
    {
      "RequestUri": "https://sanitized.skype.com/identities?api-version=2023-10-01",
      "RequestMethod": "POST",
      "RequestHeaders": {
        "Accept": "application/json",
        "Authorization": "Sanitized",
        "Content-Length": "2",
        "Content-Type": "application/json",
        "traceparent": "00-3cdd52a570d907c2086dcff0db87fde1-02d8aef5dd6c72d6-00",
        "User-Agent": "azsdk-net-Communication.Identity/1.4.0-alpha.20250609.1 (.NET 9.0.5; Microsoft Windows 10.0.26100)",
        "x-ms-client-request-id": "Sanitized",
        "x-ms-content-sha256": "Sanitized",
        "x-ms-date": "Wed, 11 Jun 2025 21:07:21 GMT",
        "x-ms-return-client-request-id": "true"
      },
      "RequestBody": {},
      "StatusCode": 201,
      "ResponseHeaders": {
        "api-supported-versions": "2020-07-20-preview2, 2021-03-07, 2021-10-31-preview, 2021-11-01, 2022-06-01, 2022-10-01, 2023-10-01, 2025-03-02-preview, 2025-06-30",
        "Connection": "keep-alive",
        "Content-Length": "31",
        "Content-Type": "application/json; charset=utf-8",
        "Date": "Wed, 11 Jun 2025 21:07:21 GMT",
        "MS-CV": "Sanitized",
        "Request-Context": "appId=",
        "Strict-Transport-Security": "max-age=31536000;includeSubDomains",
        "x-azure-ref": "Sanitized",
        "X-Cache": "CONFIG_NOCACHE",
        "x-ms-client-request-id": "Sanitized",
        "X-Processing-Time": "15ms"
      },
      "ResponseBody": {
        "identity": {
          "id": "Sanitized"
        }
      }
    },
    {
      "RequestUri": "https://sanitized.skype.com/identities?api-version=2023-10-01",
      "RequestMethod": "POST",
      "RequestHeaders": {
        "Accept": "application/json",
        "Authorization": "Sanitized",
        "Content-Length": "2",
        "Content-Type": "application/json",
        "traceparent": "00-8b3cd723364f56cd7748da80594b9ef3-82ed49222fedf593-00",
        "User-Agent": "azsdk-net-Communication.Identity/1.4.0-alpha.20250609.1 (.NET 9.0.5; Microsoft Windows 10.0.26100)",
        "x-ms-client-request-id": "Sanitized",
        "x-ms-content-sha256": "Sanitized",
        "x-ms-date": "Wed, 11 Jun 2025 21:07:21 GMT",
        "x-ms-return-client-request-id": "true"
      },
      "RequestBody": {},
      "StatusCode": 201,
      "ResponseHeaders": {
        "api-supported-versions": "2020-07-20-preview2, 2021-03-07, 2021-10-31-preview, 2021-11-01, 2022-06-01, 2022-10-01, 2023-10-01, 2025-03-02-preview, 2025-06-30",
        "Connection": "keep-alive",
        "Content-Length": "31",
        "Content-Type": "application/json; charset=utf-8",
        "Date": "Wed, 11 Jun 2025 21:07:21 GMT",
        "MS-CV": "Sanitized",
        "Request-Context": "appId=",
        "Strict-Transport-Security": "max-age=31536000;includeSubDomains",
        "x-azure-ref": "Sanitized",
        "X-Cache": "CONFIG_NOCACHE",
        "x-ms-client-request-id": "Sanitized",
        "X-Processing-Time": "14ms"
      },
      "ResponseBody": {
        "identity": {
          "id": "Sanitized"
        }
      }
    },
    {
      "RequestUri": "https://sanitized.skype.com/api/servicebuscallback/subscribe?q=Sanitized",
      "RequestMethod": "POST",
      "RequestHeaders": {
        "Accept": "application/json",
        "Authorization": "Sanitized",
        "Content-Length": "0",
        "User-Agent": "azsdk-net-Communication.CallAutomation/1.5.0-alpha.20250611.1 (.NET 9.0.5; Microsoft Windows 10.0.26100)",
        "x-ms-client-request-id": "Sanitized",
        "x-ms-content-sha256": "Sanitized",
        "x-ms-date": "Wed, 11 Jun 2025 21:07:21 GMT",
        "x-ms-return-client-request-id": "true"
      },
      "RequestBody": null,
      "StatusCode": 200,
      "ResponseHeaders": {
        "Content-Length": "0",
        "Date": "Wed, 11 Jun 2025 21:07:23 GMT",
        "Server": "Microsoft-IIS/10.0",
        "X-Powered-By": "ASP.NET"
      },
      "ResponseBody": null
    },
    {
      "RequestUri": "https://sanitized.skype.com/calling/callConnections?api-version=2025-06-15",
      "RequestMethod": "POST",
      "RequestHeaders": {
        "Accept": "application/json",
        "Authorization": "Sanitized",
        "Content-Length": "226",
        "Content-Type": "application/json",
        "Repeatability-First-Sent": "Sanitized",
        "Repeatability-Request-ID": "Sanitized",
        "traceparent": "00-0e473c91a38def204df5e5b4fc1ca127-1707b7e1a99a09c1-00",
        "User-Agent": "azsdk-net-Communication.CallAutomation/1.5.0-alpha.20250611.1 (.NET 9.0.5; Microsoft Windows 10.0.26100)",
        "X-FORWARDED-HOST": "Sanitized",
        "x-ms-client-request-id": "Sanitized",
        "x-ms-content-sha256": "Sanitized",
        "x-ms-date": "Wed, 11 Jun 2025 21:07:22 GMT",
        "x-ms-return-client-request-id": "true"
      },
      "RequestBody": {
        "targets": [
          {
            "rawId": "Sanitized",
            "communicationUser": {
              "id": "Sanitized"
            }
          }
        ],
        "source": {
          "id": "Sanitized"
        },
        "callbackUri": "https://sanitized.skype.com/api/servicebuscallback/events?q=SanitizedSanitized",
        "callIntelligenceOptions": {}
      },
      "StatusCode": 201,
      "ResponseHeaders": {
        "api-supported-versions": "2023-03-06, 2023-10-15, 2024-04-15, 2024-09-15, 2025-05-15, 2025-06-15",
        "Content-Type": "application/json; charset=utf-8",
        "Date": "Wed, 11 Jun 2025 21:07:23 GMT",
        "Server": "Kestrel",
        "Transfer-Encoding": "chunked",
        "X-Microsoft-Skype-Chain-ID": "c067cc0b-86c2-466d-8d57-2ee3d030335b",
        "X-Microsoft-Skype-Client": "azsdk-net-Communication.CallAutomation/1.5.0-alpha.20250611.1 (.NET 9.0.5; Microsoft Windows 10.0.26100)",
        "x-ms-client-request-id": "Sanitized",
        "X-Ms-Client-Version": "azsdk-net-Communication.CallAutomation/1.5.0-alpha.20250611.1 (.NET 9.0.5; Microsoft Windows 10.0.26100)"
      },
      "ResponseBody": {
        "callConnectionId": "04001680-e74f-4970-97bc-2c56e130d731",
        "targets": [
          {
            "rawId": "Sanitized",
            "kind": "communicationUser",
            "communicationUser": {
              "id": "Sanitized"
            }
          }
        ],
        "callConnectionState": "connecting",
        "callbackUri": "https://sanitized.skype.com/api/servicebuscallback/events?q=SanitizedSanitized",
        "sourceDisplayName": "",
        "source": {
          "rawId": "Sanitized",
          "kind": "communicationUser",
          "communicationUser": {
            "id": "Sanitized"
          }
        },
        "correlationId": "c067cc0b-86c2-466d-8d57-2ee3d030335b",
        "mediaStreamingSubscription": {
          "id": "Sanitized",
          "state": "disabled",
          "subscribedContentTypes": [
            "audio"
          ]
        }
      }
    },
    {
      "RequestUri": "https://sanitized.skype.com/calling/callConnections:answer?api-version=2025-06-15",
      "RequestMethod": "POST",
      "RequestHeaders": {
        "Accept": "application/json",
        "Authorization": "Sanitized",
        "Content-Length": "191",
        "Content-Type": "application/json",
        "Repeatability-First-Sent": "Sanitized",
        "Repeatability-Request-ID": "Sanitized",
        "traceparent": "00-91d8abfef8c154426eb8c427f1824b9f-a7d57d670bfe669c-00",
        "User-Agent": "azsdk-net-Communication.CallAutomation/1.5.0-alpha.20250611.1 (.NET 9.0.5; Microsoft Windows 10.0.26100)",
        "X-FORWARDED-HOST": "Sanitized",
        "x-ms-client-request-id": "Sanitized",
        "x-ms-content-sha256": "Sanitized",
        "x-ms-date": "Wed, 11 Jun 2025 21:07:25 GMT",
        "x-ms-return-client-request-id": "true"
      },
      "RequestBody": {
        "incomingCallContext": "Sanitized",
        "callbackUri": "https://sanitized.skype.com/api/servicebuscallback/events?q=SanitizedSanitized",
        "callIntelligenceOptions": {},
        "answeredBy": {
          "id": "Sanitized"
        }
      },
      "StatusCode": 200,
      "ResponseHeaders": {
        "api-supported-versions": "2023-03-06, 2023-10-15, 2024-04-15, 2024-09-15, 2025-05-15, 2025-06-15",
        "Content-Type": "application/json; charset=utf-8",
        "Date": "Wed, 11 Jun 2025 21:07:25 GMT",
        "Server": "Kestrel",
        "Transfer-Encoding": "chunked",
        "X-Microsoft-Skype-Chain-ID": "c067cc0b-86c2-466d-8d57-2ee3d030335b",
        "X-Microsoft-Skype-Client": "azsdk-net-Communication.CallAutomation/1.5.0-alpha.20250611.1 (.NET 9.0.5; Microsoft Windows 10.0.26100)",
        "x-ms-client-request-id": "Sanitized",
        "X-Ms-Client-Version": "azsdk-net-Communication.CallAutomation/1.5.0-alpha.20250611.1 (.NET 9.0.5; Microsoft Windows 10.0.26100)"
      },
      "ResponseBody": {
        "callConnectionId": "04001680-1bad-47fb-aef5-9716512e68bd",
        "serverCallId": "aHR0cHM6Ly9hcGkuZmxpZ2h0cHJveHkuc2t5cGUuY29tL2FwaS92Mi9jcC9jb252LXVzd2UtMDItc2RmLWFrcy5jb252LnNreXBlLmNvbS9jb252LzVZVzNCUzloZzBXVzZZa1g2d2JhQkE/aT0xMC0xMjgtNDEtMTEmZT02Mzg4NTE3Mzg5NjI2MDUxNzQ=",
        "targets": [
          {
            "rawId": "Sanitized",
            "kind": "communicationUser",
            "communicationUser": {
              "id": "Sanitized"
            }
          }
        ],
        "callConnectionState": "connecting",
        "callbackUri": "https://sanitized.skype.com/api/servicebuscallback/events?q=SanitizedSanitized",
        "source": {
          "rawId": "Sanitized",
          "kind": "communicationUser",
          "communicationUser": {
            "id": "Sanitized"
          }
        },
        "correlationId": "c067cc0b-86c2-466d-8d57-2ee3d030335b",
        "answeredBy": {
          "id": "Sanitized"
        },
        "mediaStreamingSubscription": {
          "id": "Sanitized",
          "state": "disabled",
          "subscribedContentTypes": [
            "audio"
          ]
        }
      }
    },
    {
      "RequestUri": "https://sanitized.skype.com/calling/callConnections/04001680-e74f-4970-97bc-2c56e130d731?api-version=2025-06-15",
      "RequestMethod": "GET",
      "RequestHeaders": {
        "Accept": "application/json",
        "Authorization": "Sanitized",
        "User-Agent": "azsdk-net-Communication.CallAutomation/1.5.0-alpha.20250611.1 (.NET 9.0.5; Microsoft Windows 10.0.26100)",
        "X-FORWARDED-HOST": "Sanitized",
        "x-ms-client-request-id": "Sanitized",
        "x-ms-content-sha256": "Sanitized",
        "x-ms-date": "Wed, 11 Jun 2025 21:07:27 GMT",
        "x-ms-return-client-request-id": "true"
      },
      "RequestBody": null,
      "StatusCode": 200,
      "ResponseHeaders": {
        "api-supported-versions": "2023-03-06, 2023-10-15, 2024-04-15, 2024-09-15, 2025-05-15, 2025-06-15",
        "Content-Type": "application/json; charset=utf-8",
        "Date": "Wed, 11 Jun 2025 21:07:27 GMT",
        "Server": "Kestrel",
        "Transfer-Encoding": "chunked",
        "X-Microsoft-Skype-Chain-ID": "c067cc0b-86c2-466d-8d57-2ee3d030335b",
        "X-Microsoft-Skype-Client": "azsdk-net-Communication.CallAutomation/1.5.0-alpha.20250611.1 (.NET 9.0.5; Microsoft Windows 10.0.26100)",
        "x-ms-client-request-id": "Sanitized",
        "X-Ms-Client-Version": "azsdk-net-Communication.CallAutomation/1.5.0-alpha.20250611.1 (.NET 9.0.5; Microsoft Windows 10.0.26100)"
      },
      "ResponseBody": {
        "callConnectionId": "04001680-e74f-4970-97bc-2c56e130d731",
        "serverCallId": "aHR0cHM6Ly9hcGkuZmxpZ2h0cHJveHkuc2t5cGUuY29tL2FwaS92Mi9jcC9jb252LXVzd2UtMDItc2RmLWFrcy5jb252LnNreXBlLmNvbS9jb252LzVZVzNCUzloZzBXVzZZa1g2d2JhQkE/aT0xMC0xMjgtNDEtMTEmZT02Mzg4NTE3Mzg5NjI2MDUxNzQ=",
        "targets": [
          {
            "rawId": "Sanitized",
            "kind": "communicationUser",
            "communicationUser": {
              "id": "Sanitized"
            }
          }
        ],
        "callConnectionState": "connected",
        "callbackUri": "https://sanitized.skype.com/api/servicebuscallback/events?q=SanitizedSanitized",
        "sourceDisplayName": "",
        "source": {
          "rawId": "Sanitized",
          "kind": "communicationUser",
          "communicationUser": {
            "id": "Sanitized"
          }
        },
        "correlationId": "c067cc0b-86c2-466d-8d57-2ee3d030335b",
        "mediaStreamingSubscription": {
          "state": "disabled"
        },
        "transcriptionSubscription": {
          "state": "disabled",
          "subscribedResultTypes": []
        }
      }
    },
    {
      "RequestUri": "https://sanitized.skype.com/calling/recordings?api-version=2025-06-15",
      "RequestMethod": "POST",
      "RequestHeaders": {
        "Accept": "application/json",
        "Authorization": "Sanitized",
        "Content-Length": "446",
        "Content-Type": "application/json",
        "Repeatability-First-Sent": "Sanitized",
        "Repeatability-Request-ID": "Sanitized",
        "User-Agent": "azsdk-net-Communication.CallAutomation/1.5.0-alpha.20250611.1 (.NET 9.0.5; Microsoft Windows 10.0.26100)",
        "X-FORWARDED-HOST": "Sanitized",
        "x-ms-client-request-id": "Sanitized",
        "x-ms-content-sha256": "Sanitized",
        "x-ms-date": "Wed, 11 Jun 2025 21:07:27 GMT",
        "x-ms-return-client-request-id": "true"
      },
      "RequestBody": {
        "callLocator": {
          "serverCallId": "aHR0cHM6Ly9hcGkuZmxpZ2h0cHJveHkuc2t5cGUuY29tL2FwaS92Mi9jcC9jb252LXVzd2UtMDItc2RmLWFrcy5jb252LnNreXBlLmNvbS9jb252LzVZVzNCUzloZzBXVzZZa1g2d2JhQkE/aT0xMC0xMjgtNDEtMTEmZT02Mzg4NTE3Mzg5NjI2MDUxNzQ=",
          "kind": "serverCallLocator"
        },
        "recordingStateCallbackUri": "https://sanitized.skype.com/api/servicebuscallback/events",
        "recordingContentType": null,
        "recordingChannelType": null,
        "recordingFormatType": null,
        "pauseOnStart": false
      },
      "StatusCode": 200,
      "ResponseHeaders": {
        "api-supported-versions": "2023-03-06, 2023-10-15, 2024-04-15, 2024-09-15, 2025-05-15, 2025-06-15",
        "Content-Type": "application/json; charset=utf-8",
        "Date": "Wed, 11 Jun 2025 21:07:29 GMT",
        "Repeatability-Result": "accepted",
        "Server": "Kestrel",
        "Transfer-Encoding": "chunked",
        "X-Microsoft-Skype-Chain-ID": "f728a8d2-48de-40fa-85dc-973588ffc8ec",
        "X-Microsoft-Skype-Client": "azsdk-net-Communication.CallAutomation/1.5.0-alpha.20250611.1 (.NET 9.0.5; Microsoft Windows 10.0.26100)",
        "x-ms-client-request-id": "Sanitized",
        "X-Ms-Client-Version": "azsdk-net-Communication.CallAutomation/1.5.0-alpha.20250611.1 (.NET 9.0.5; Microsoft Windows 10.0.26100)"
      },
      "ResponseBody": {
        "recordingId": "eyJQbGF0Zm9ybUVuZHBvaW50SWQiOiIwNDAwMTY4MC05YjMwLTRmZGEtYjg3Ni0wM2M4NDI0Y2E0M2QiLCJSZXNvdXJjZVNwZWNpZmljSWQiOiI4NWFlNTM0NS1hYWE4LTRjMjQtYTBlMi0yNzcxMTA3OGY1NDYifQ",
        "recordingState": "inactive",
        "recordingKind": "azureCommunicationServices"
      }
    },
    {
      "RequestUri": "https://sanitized.skype.com/calling/recordings/eyJQbGF0Zm9ybUVuZHBvaW50SWQiOiIwNDAwMTY4MC05YjMwLTRmZGEtYjg3Ni0wM2M4NDI0Y2E0M2QiLCJSZXNvdXJjZVNwZWNpZmljSWQiOiI4NWFlNTM0NS1hYWE4LTRjMjQtYTBlMi0yNzcxMTA3OGY1NDYifQ?api-version=2025-06-15",
      "RequestMethod": "GET",
      "RequestHeaders": {
        "Accept": "application/json",
        "Authorization": "Sanitized",
        "User-Agent": "azsdk-net-Communication.CallAutomation/1.5.0-alpha.20250611.1 (.NET 9.0.5; Microsoft Windows 10.0.26100)",
        "X-FORWARDED-HOST": "Sanitized",
        "x-ms-client-request-id": "Sanitized",
        "x-ms-content-sha256": "Sanitized",
        "x-ms-date": "Wed, 11 Jun 2025 21:07:39 GMT",
        "x-ms-return-client-request-id": "true"
      },
      "RequestBody": null,
      "StatusCode": 200,
      "ResponseHeaders": {
        "api-supported-versions": "2023-03-06, 2023-10-15, 2024-04-15, 2024-09-15, 2025-05-15, 2025-06-15",
        "Content-Type": "application/json; charset=utf-8",
        "Date": "Wed, 11 Jun 2025 21:07:40 GMT",
        "Server": "Kestrel",
        "Transfer-Encoding": "chunked",
        "X-Microsoft-Skype-Chain-ID": "c067cc0b-86c2-466d-8d57-2ee3d030335b",
        "X-Microsoft-Skype-Client": "azsdk-net-Communication.CallAutomation/1.5.0-alpha.20250611.1 (.NET 9.0.5; Microsoft Windows 10.0.26100)",
        "x-ms-client-request-id": "Sanitized",
        "X-Ms-Client-Version": "azsdk-net-Communication.CallAutomation/1.5.0-alpha.20250611.1 (.NET 9.0.5; Microsoft Windows 10.0.26100)"
      },
      "ResponseBody": {
        "recordingId": "eyJQbGF0Zm9ybUVuZHBvaW50SWQiOiIwNDAwMTY4MC05YjMwLTRmZGEtYjg3Ni0wM2M4NDI0Y2E0M2QiLCJSZXNvdXJjZVNwZWNpZmljSWQiOiI4NWFlNTM0NS1hYWE4LTRjMjQtYTBlMi0yNzcxMTA3OGY1NDYifQ",
        "recordingState": "active",
        "recordingKind": "azureCommunicationServices"
      }
    },
    {
      "RequestUri": "https://sanitized.skype.com/calling/recordings/eyJQbGF0Zm9ybUVuZHBvaW50SWQiOiIwNDAwMTY4MC05YjMwLTRmZGEtYjg3Ni0wM2M4NDI0Y2E0M2QiLCJSZXNvdXJjZVNwZWNpZmljSWQiOiI4NWFlNTM0NS1hYWE4LTRjMjQtYTBlMi0yNzcxMTA3OGY1NDYifQ:pause?api-version=2025-06-15",
      "RequestMethod": "POST",
      "RequestHeaders": {
        "Accept": "application/json",
        "Authorization": "Sanitized",
        "Content-Length": "0",
        "User-Agent": "azsdk-net-Communication.CallAutomation/1.5.0-alpha.20250611.1 (.NET 9.0.5; Microsoft Windows 10.0.26100)",
        "X-FORWARDED-HOST": "Sanitized",
        "x-ms-client-request-id": "Sanitized",
        "x-ms-content-sha256": "Sanitized",
        "x-ms-date": "Wed, 11 Jun 2025 21:07:39 GMT",
        "x-ms-return-client-request-id": "true"
      },
      "RequestBody": null,
      "StatusCode": 202,
      "ResponseHeaders": {
        "api-supported-versions": "2023-03-06, 2023-10-15, 2024-04-15, 2024-09-15, 2025-05-15, 2025-06-15",
        "Content-Length": "0",
        "Date": "Wed, 11 Jun 2025 21:07:40 GMT",
        "Server": "Kestrel",
        "X-Microsoft-Skype-Chain-ID": "c067cc0b-86c2-466d-8d57-2ee3d030335b",
        "X-Microsoft-Skype-Client": "azsdk-net-Communication.CallAutomation/1.5.0-alpha.20250611.1 (.NET 9.0.5; Microsoft Windows 10.0.26100)",
        "x-ms-client-request-id": "Sanitized",
        "X-Ms-Client-Version": "azsdk-net-Communication.CallAutomation/1.5.0-alpha.20250611.1 (.NET 9.0.5; Microsoft Windows 10.0.26100)"
      },
      "ResponseBody": null
    },
    {
      "RequestUri": "https://sanitized.skype.com/calling/recordings/eyJQbGF0Zm9ybUVuZHBvaW50SWQiOiIwNDAwMTY4MC05YjMwLTRmZGEtYjg3Ni0wM2M4NDI0Y2E0M2QiLCJSZXNvdXJjZVNwZWNpZmljSWQiOiI4NWFlNTM0NS1hYWE4LTRjMjQtYTBlMi0yNzcxMTA3OGY1NDYifQ?api-version=2025-06-15",
      "RequestMethod": "GET",
      "RequestHeaders": {
        "Accept": "application/json",
        "Authorization": "Sanitized",
        "User-Agent": "azsdk-net-Communication.CallAutomation/1.5.0-alpha.20250611.1 (.NET 9.0.5; Microsoft Windows 10.0.26100)",
        "X-FORWARDED-HOST": "Sanitized",
        "x-ms-client-request-id": "Sanitized",
        "x-ms-content-sha256": "Sanitized",
        "x-ms-date": "Wed, 11 Jun 2025 21:07:50 GMT",
        "x-ms-return-client-request-id": "true"
      },
      "RequestBody": null,
      "StatusCode": 200,
      "ResponseHeaders": {
        "api-supported-versions": "2023-03-06, 2023-10-15, 2024-04-15, 2024-09-15, 2025-05-15, 2025-06-15",
        "Content-Type": "application/json; charset=utf-8",
        "Date": "Wed, 11 Jun 2025 21:07:50 GMT",
        "Server": "Kestrel",
        "Transfer-Encoding": "chunked",
        "X-Microsoft-Skype-Chain-ID": "c067cc0b-86c2-466d-8d57-2ee3d030335b",
        "X-Microsoft-Skype-Client": "azsdk-net-Communication.CallAutomation/1.5.0-alpha.20250611.1 (.NET 9.0.5; Microsoft Windows 10.0.26100)",
        "x-ms-client-request-id": "Sanitized",
        "X-Ms-Client-Version": "azsdk-net-Communication.CallAutomation/1.5.0-alpha.20250611.1 (.NET 9.0.5; Microsoft Windows 10.0.26100)"
      },
      "ResponseBody": {
        "recordingId": "eyJQbGF0Zm9ybUVuZHBvaW50SWQiOiIwNDAwMTY4MC05YjMwLTRmZGEtYjg3Ni0wM2M4NDI0Y2E0M2QiLCJSZXNvdXJjZVNwZWNpZmljSWQiOiI4NWFlNTM0NS1hYWE4LTRjMjQtYTBlMi0yNzcxMTA3OGY1NDYifQ",
        "recordingState": "inactive",
        "recordingKind": "azureCommunicationServices"
      }
    },
    {
      "RequestUri": "https://sanitized.skype.com/calling/recordings/eyJQbGF0Zm9ybUVuZHBvaW50SWQiOiIwNDAwMTY4MC05YjMwLTRmZGEtYjg3Ni0wM2M4NDI0Y2E0M2QiLCJSZXNvdXJjZVNwZWNpZmljSWQiOiI4NWFlNTM0NS1hYWE4LTRjMjQtYTBlMi0yNzcxMTA3OGY1NDYifQ:resume?api-version=2025-06-15",
      "RequestMethod": "POST",
      "RequestHeaders": {
        "Accept": "application/json",
        "Authorization": "Sanitized",
        "Content-Length": "0",
        "User-Agent": "azsdk-net-Communication.CallAutomation/1.5.0-alpha.20250611.1 (.NET 9.0.5; Microsoft Windows 10.0.26100)",
        "X-FORWARDED-HOST": "Sanitized",
        "x-ms-client-request-id": "Sanitized",
        "x-ms-content-sha256": "Sanitized",
        "x-ms-date": "Wed, 11 Jun 2025 21:07:50 GMT",
        "x-ms-return-client-request-id": "true"
      },
      "RequestBody": null,
      "StatusCode": 202,
      "ResponseHeaders": {
        "api-supported-versions": "2023-03-06, 2023-10-15, 2024-04-15, 2024-09-15, 2025-05-15, 2025-06-15",
        "Content-Length": "0",
        "Date": "Wed, 11 Jun 2025 21:07:50 GMT",
        "Server": "Kestrel",
        "X-Microsoft-Skype-Chain-ID": "c067cc0b-86c2-466d-8d57-2ee3d030335b",
        "X-Microsoft-Skype-Client": "azsdk-net-Communication.CallAutomation/1.5.0-alpha.20250611.1 (.NET 9.0.5; Microsoft Windows 10.0.26100)",
        "x-ms-client-request-id": "Sanitized",
        "X-Ms-Client-Version": "azsdk-net-Communication.CallAutomation/1.5.0-alpha.20250611.1 (.NET 9.0.5; Microsoft Windows 10.0.26100)"
      },
      "ResponseBody": null
    },
    {
      "RequestUri": "https://sanitized.skype.com/calling/recordings/eyJQbGF0Zm9ybUVuZHBvaW50SWQiOiIwNDAwMTY4MC05YjMwLTRmZGEtYjg3Ni0wM2M4NDI0Y2E0M2QiLCJSZXNvdXJjZVNwZWNpZmljSWQiOiI4NWFlNTM0NS1hYWE4LTRjMjQtYTBlMi0yNzcxMTA3OGY1NDYifQ?api-version=2025-06-15",
      "RequestMethod": "GET",
      "RequestHeaders": {
        "Accept": "application/json",
        "Authorization": "Sanitized",
        "User-Agent": "azsdk-net-Communication.CallAutomation/1.5.0-alpha.20250611.1 (.NET 9.0.5; Microsoft Windows 10.0.26100)",
        "X-FORWARDED-HOST": "Sanitized",
        "x-ms-client-request-id": "Sanitized",
        "x-ms-content-sha256": "Sanitized",
        "x-ms-date": "Wed, 11 Jun 2025 21:08:00 GMT",
        "x-ms-return-client-request-id": "true"
      },
      "RequestBody": null,
      "StatusCode": 200,
      "ResponseHeaders": {
        "api-supported-versions": "2023-03-06, 2023-10-15, 2024-04-15, 2024-09-15, 2025-05-15, 2025-06-15",
        "Content-Type": "application/json; charset=utf-8",
        "Date": "Wed, 11 Jun 2025 21:08:00 GMT",
        "Server": "Kestrel",
        "Transfer-Encoding": "chunked",
        "X-Microsoft-Skype-Chain-ID": "c067cc0b-86c2-466d-8d57-2ee3d030335b",
        "X-Microsoft-Skype-Client": "azsdk-net-Communication.CallAutomation/1.5.0-alpha.20250611.1 (.NET 9.0.5; Microsoft Windows 10.0.26100)",
        "x-ms-client-request-id": "Sanitized",
        "X-Ms-Client-Version": "azsdk-net-Communication.CallAutomation/1.5.0-alpha.20250611.1 (.NET 9.0.5; Microsoft Windows 10.0.26100)"
      },
      "ResponseBody": {
        "recordingId": "eyJQbGF0Zm9ybUVuZHBvaW50SWQiOiIwNDAwMTY4MC05YjMwLTRmZGEtYjg3Ni0wM2M4NDI0Y2E0M2QiLCJSZXNvdXJjZVNwZWNpZmljSWQiOiI4NWFlNTM0NS1hYWE4LTRjMjQtYTBlMi0yNzcxMTA3OGY1NDYifQ",
        "recordingState": "active",
        "recordingKind": "azureCommunicationServices"
      }
    },
    {
      "RequestUri": "https://sanitized.skype.com/calling/recordings/eyJQbGF0Zm9ybUVuZHBvaW50SWQiOiIwNDAwMTY4MC05YjMwLTRmZGEtYjg3Ni0wM2M4NDI0Y2E0M2QiLCJSZXNvdXJjZVNwZWNpZmljSWQiOiI4NWFlNTM0NS1hYWE4LTRjMjQtYTBlMi0yNzcxMTA3OGY1NDYifQ?api-version=2025-06-15",
      "RequestMethod": "DELETE",
      "RequestHeaders": {
        "Accept": "application/json",
        "Authorization": "Sanitized",
        "User-Agent": "azsdk-net-Communication.CallAutomation/1.5.0-alpha.20250611.1 (.NET 9.0.5; Microsoft Windows 10.0.26100)",
        "X-FORWARDED-HOST": "Sanitized",
        "x-ms-client-request-id": "Sanitized",
        "x-ms-content-sha256": "Sanitized",
        "x-ms-date": "Wed, 11 Jun 2025 21:08:00 GMT",
        "x-ms-return-client-request-id": "true"
      },
      "RequestBody": null,
      "StatusCode": 204,
      "ResponseHeaders": {
        "api-supported-versions": "2023-03-06, 2023-10-15, 2024-04-15, 2024-09-15, 2025-05-15, 2025-06-15",
        "Date": "Wed, 11 Jun 2025 21:08:01 GMT",
        "Server": "Kestrel",
        "X-Microsoft-Skype-Chain-ID": "c067cc0b-86c2-466d-8d57-2ee3d030335b",
        "X-Microsoft-Skype-Client": "azsdk-net-Communication.CallAutomation/1.5.0-alpha.20250611.1 (.NET 9.0.5; Microsoft Windows 10.0.26100)",
        "x-ms-client-request-id": "Sanitized",
        "X-Ms-Client-Version": "azsdk-net-Communication.CallAutomation/1.5.0-alpha.20250611.1 (.NET 9.0.5; Microsoft Windows 10.0.26100)"
      },
      "ResponseBody": null
    },
    {
      "RequestUri": "https://sanitized.skype.com/calling/recordings/eyJQbGF0Zm9ybUVuZHBvaW50SWQiOiIwNDAwMTY4MC05YjMwLTRmZGEtYjg3Ni0wM2M4NDI0Y2E0M2QiLCJSZXNvdXJjZVNwZWNpZmljSWQiOiI4NWFlNTM0NS1hYWE4LTRjMjQtYTBlMi0yNzcxMTA3OGY1NDYifQ?api-version=2025-06-15",
      "RequestMethod": "GET",
      "RequestHeaders": {
        "Accept": "application/json",
        "Authorization": "Sanitized",
        "User-Agent": "azsdk-net-Communication.CallAutomation/1.5.0-alpha.20250611.1 (.NET 9.0.5; Microsoft Windows 10.0.26100)",
        "X-FORWARDED-HOST": "Sanitized",
        "x-ms-client-request-id": "Sanitized",
        "x-ms-content-sha256": "Sanitized",
        "x-ms-date": "Wed, 11 Jun 2025 21:08:11 GMT",
        "x-ms-return-client-request-id": "true"
      },
      "RequestBody": null,
      "StatusCode": 404,
      "ResponseHeaders": {
        "api-supported-versions": "2023-03-06, 2023-10-15, 2024-04-15, 2024-09-15, 2025-05-15, 2025-06-15",
        "Content-Type": "application/json; charset=utf-8",
        "Date": "Wed, 11 Jun 2025 21:08:11 GMT",
        "Server": "Kestrel",
        "Transfer-Encoding": "chunked",
        "X-Microsoft-Skype-Chain-ID": "176526b3-b005-4a42-ac0e-2ec9133f35fc",
        "X-Microsoft-Skype-Client": "azsdk-net-Communication.CallAutomation/1.5.0-alpha.20250611.1 (.NET 9.0.5; Microsoft Windows 10.0.26100)",
        "x-ms-client-request-id": "Sanitized",
        "X-Ms-Client-Version": "azsdk-net-Communication.CallAutomation/1.5.0-alpha.20250611.1 (.NET 9.0.5; Microsoft Windows 10.0.26100)"
      },
      "ResponseBody": {
        "error": {
          "code": "8522",
          "message": "Recording not found.",
          "target": "/calling/recordings/eyJQbGF0Zm9ybUVuZHBvaW50SWQiOiIwNDAwMTY4MC05YjMwLTRmZGEtYjg3Ni0wM2M4NDI0Y2E0M2QiLCJSZXNvdXJjZVNwZWNpZmljSWQiOiI4NWFlNTM0NS1hYWE4LTRjMjQtYTBlMi0yNzcxMTA3OGY1NDYifQ"
        }
      }
    },
    {
      "RequestUri": "https://sanitized.skype.com/api/servicebuscallback/unsubscribe?q=Sanitized",
      "RequestMethod": "POST",
      "RequestHeaders": {
        "Accept": "application/json",
        "Authorization": "Sanitized",
        "Content-Length": "0",
        "User-Agent": "azsdk-net-Communication.CallAutomation/1.5.0-alpha.20250611.1 (.NET 9.0.5; Microsoft Windows 10.0.26100)",
        "x-ms-client-request-id": "Sanitized",
        "x-ms-content-sha256": "Sanitized",
        "x-ms-date": "Wed, 11 Jun 2025 21:08:11 GMT",
        "x-ms-return-client-request-id": "true"
      },
      "RequestBody": null,
      "StatusCode": 200,
      "ResponseHeaders": {
        "Content-Length": "0",
        "Date": "Wed, 11 Jun 2025 21:08:11 GMT",
        "Server": "Microsoft-IIS/10.0",
        "X-Powered-By": "ASP.NET"
      },
      "ResponseBody": null
    }
  ],
  "Variables": {
    "COMMUNICATION_LIVETEST_STATIC_CONNECTION_STRING": "endpoint=https://sanitized.communication.azure.com/;accesskey=Kg==",
    "DISPATCHER_ENDPOINT": "https://sanitized.skype.com",
    "RandomSeed": "1295985581",
    "SERVICEBUS_STRING": "Sanitized"
  }
}
