{
  "Entries": [
    {
      "RequestUri": "https://sanitized.skype.com/identities?api-version=2023-10-01",
      "RequestMethod": "POST",
      "RequestHeaders": {
        "Accept": "application/json",
        "Authorization": "Sanitized",
        "Content-Length": "2",
        "Content-Type": "application/json",
        "traceparent": "00-3d8f07970f533182e5fe81ce9ce62ddd-6432e2c6483b3eca-00",
        "User-Agent": "azsdk-net-Communication.Identity/1.4.0-alpha.20250515.1 (.NET 9.0.5; Microsoft Windows 10.0.26100)",
        "x-ms-client-request-id": "Sanitized",
        "x-ms-content-sha256": "Sanitized",
        "x-ms-date": "Fri, 16 May 2025 01:36:05 GMT",
        "x-ms-return-client-request-id": "true"
      },
      "RequestBody": {},
      "StatusCode": 201,
      "ResponseHeaders": {
        "api-supported-versions": "2020-07-20-preview2, 2021-03-07, 2021-10-31-preview, 2021-11-01, 2022-06-01, 2022-10-01, 2023-10-01, 2025-03-02-preview",
        "Connection": "keep-alive",
        "Content-Length": "31",
        "Content-Type": "application/json; charset=utf-8",
        "Date": "Fri, 16 May 2025 01:36:05 GMT",
        "MS-CV": "Sanitized",
        "Request-Context": "appId=",
        "Strict-Transport-Security": "max-age=31536000;includeSubDomains",
        "x-azure-ref": "Sanitized",
        "X-Cache": "CONFIG_NOCACHE",
        "x-ms-client-request-id": "Sanitized",
        "X-Processing-Time": "13ms"
      },
      "ResponseBody": {
        "identity": {
          "id": "Sanitized"
        }
      }
    },
    {
      "RequestUri": "https://sanitized.skype.com/identities?api-version=2023-10-01",
      "RequestMethod": "POST",
      "RequestHeaders": {
        "Accept": "application/json",
        "Authorization": "Sanitized",
        "Content-Length": "2",
        "Content-Type": "application/json",
        "traceparent": "00-cbfa5803b539668cfab1903fae17d23d-3097e4bbd0c707bd-00",
        "User-Agent": "azsdk-net-Communication.Identity/1.4.0-alpha.20250515.1 (.NET 9.0.5; Microsoft Windows 10.0.26100)",
        "x-ms-client-request-id": "Sanitized",
        "x-ms-content-sha256": "Sanitized",
        "x-ms-date": "Fri, 16 May 2025 01:36:05 GMT",
        "x-ms-return-client-request-id": "true"
      },
      "RequestBody": {},
      "StatusCode": 201,
      "ResponseHeaders": {
        "api-supported-versions": "2020-07-20-preview2, 2021-03-07, 2021-10-31-preview, 2021-11-01, 2022-06-01, 2022-10-01, 2023-10-01, 2025-03-02-preview",
        "Connection": "keep-alive",
        "Content-Length": "31",
        "Content-Type": "application/json; charset=utf-8",
        "Date": "Fri, 16 May 2025 01:36:05 GMT",
        "MS-CV": "Sanitized",
        "Request-Context": "appId=",
        "Strict-Transport-Security": "max-age=31536000;includeSubDomains",
        "x-azure-ref": "Sanitized",
        "X-Cache": "CONFIG_NOCACHE",
        "x-ms-client-request-id": "Sanitized",
        "X-Processing-Time": "13ms"
      },
      "ResponseBody": {
        "identity": {
          "id": "Sanitized"
        }
      }
    },
    {
      "RequestUri": "https://sanitized.skype.com/api/servicebuscallback/subscribe?q=Sanitized",
      "RequestMethod": "POST",
      "RequestHeaders": {
        "Accept": "application/json",
        "Authorization": "Sanitized",
        "Content-Length": "0",
        "User-Agent": "azsdk-net-Communication.CallAutomation/1.5.0-alpha.20250515.1 (.NET 9.0.5; Microsoft Windows 10.0.26100)",
        "x-ms-client-request-id": "Sanitized",
        "x-ms-content-sha256": "Sanitized",
        "x-ms-date": "Fri, 16 May 2025 01:36:06 GMT",
        "x-ms-return-client-request-id": "true"
      },
      "RequestBody": null,
      "StatusCode": 200,
      "ResponseHeaders": {
        "Content-Length": "0",
        "Date": "Fri, 16 May 2025 01:36:07 GMT",
        "Server": "Microsoft-IIS/10.0",
        "X-Powered-By": "ASP.NET"
      },
      "ResponseBody": null
    },
    {
      "RequestUri": "https://sanitized.skype.com/calling/callConnections?api-version=2025-03-30-preview",
      "RequestMethod": "POST",
      "RequestHeaders": {
        "Accept": "application/json",
        "Authorization": "Sanitized",
        "Content-Length": "197",
        "Content-Type": "application/json",
        "Repeatability-First-Sent": "Sanitized",
        "Repeatability-Request-ID": "Sanitized",
        "traceparent": "00-6df8090fbead53ccc2cfe277adf4e737-640f888bf1fb6190-00",
        "User-Agent": "azsdk-net-Communication.CallAutomation/1.5.0-alpha.20250515.1 (.NET 9.0.5; Microsoft Windows 10.0.26100)",
        "x-ms-client-request-id": "Sanitized",
        "x-ms-content-sha256": "Sanitized",
        "x-ms-date": "Fri, 16 May 2025 01:36:08 GMT",
        "x-ms-return-client-request-id": "true"
      },
      "RequestBody": {
        "targets": [
          {
            "rawId": "Sanitized",
            "communicationUser": {
              "id": "Sanitized"
            }
          }
        ],
        "source": {
          "id": "Sanitized"
        },
        "callbackUri": "https://sanitized.skype.com/api/servicebuscallback/events?q=SanitizedSanitized"
      },
      "StatusCode": 201,
      "ResponseHeaders": {
        "Connection": "keep-alive",
        "Content-Length": "566",
        "Content-Type": "application/json; charset=utf-8",
        "Date": "Fri, 16 May 2025 01:36:07 GMT",
        "Strict-Transport-Security": "max-age=31536000;includeSubDomains",
        "x-azure-ref": "Sanitized",
        "X-Cache": "CONFIG_NOCACHE",
        "X-Microsoft-Skype-Chain-ID": "f5f37683-a826-44f2-8a34-b70bd2e80a54",
        "X-Microsoft-Skype-Client": "azsdk-net-Communication.CallAutomation/1.5.0-alpha.20250515.1 (.NET 9.0.5; Microsoft Windows 10.0.26100)",
        "x-ms-client-request-id": "Sanitized"
      },
      "ResponseBody": {
        "callConnectionId": "23006780-adad-4f96-b467-9581ee29cbc1",
        "targets": [
          {
            "rawId": "Sanitized",
            "kind": "communicationUser",
            "communicationUser": {
              "id": "Sanitized"
            }
          }
        ],
        "callConnectionState": "connecting",
        "callbackUri": "https://sanitized.skype.com/api/servicebuscallback/events?q=SanitizedSanitized",
        "sourceDisplayName": "",
        "source": {
          "rawId": "Sanitized",
          "kind": "communicationUser",
          "communicationUser": {
            "id": "Sanitized"
          }
        },
        "correlationId": "f5f37683-a826-44f2-8a34-b70bd2e80a54",
        "mediaStreamingSubscription": {
          "id": "Sanitized",
          "state": "disabled",
          "subscribedContentTypes": [
            "audio"
          ]
        }
      }
    },
    {
      "RequestUri": "https://sanitized.skype.com/calling/callConnections:answer?api-version=2025-03-30-preview",
      "RequestMethod": "POST",
      "RequestHeaders": {
        "Accept": "application/json",
        "Authorization": "Sanitized",
        "Content-Length": "162",
        "Content-Type": "application/json",
        "Repeatability-First-Sent": "Sanitized",
        "Repeatability-Request-ID": "Sanitized",
        "traceparent": "00-76e95bb419412c8c8d9a3cdcb0fad950-439849a433fce726-00",
        "User-Agent": "azsdk-net-Communication.CallAutomation/1.5.0-alpha.20250515.1 (.NET 9.0.5; Microsoft Windows 10.0.26100)",
        "x-ms-client-request-id": "Sanitized",
        "x-ms-content-sha256": "Sanitized",
        "x-ms-date": "Fri, 16 May 2025 01:36:09 GMT",
        "x-ms-return-client-request-id": "true"
      },
      "RequestBody": {
        "incomingCallContext": "Sanitized",
        "callbackUri": "https://sanitized.skype.com/api/servicebuscallback/events?q=SanitizedSanitized",
        "answeredBy": {
          "id": "Sanitized"
        }
      },
      "StatusCode": 200,
      "ResponseHeaders": {
        "Accept-Ranges": "bytes",
        "Connection": "keep-alive",
        "Content-Length": "789",
        "Content-Type": "application/json; charset=utf-8",
        "Date": "Fri, 16 May 2025 01:36:09 GMT",
        "Strict-Transport-Security": "max-age=31536000;includeSubDomains",
        "x-azure-ref": "Sanitized",
        "X-Cache": "CONFIG_NOCACHE",
        "X-Microsoft-Skype-Chain-ID": "f5f37683-a826-44f2-8a34-b70bd2e80a54",
        "X-Microsoft-Skype-Client": "azsdk-net-Communication.CallAutomation/1.5.0-alpha.20250515.1 (.NET 9.0.5; Microsoft Windows 10.0.26100)",
        "x-ms-client-request-id": "Sanitized"
      },
      "ResponseBody": {
        "callConnectionId": "23006780-5dea-4bc7-8a10-1d636c2989fd",
        "serverCallId": "aHR0cHM6Ly9hcGkuZmxpZ2h0cHJveHkuc2t5cGUuY29tL2FwaS92Mi9jcC9jb252LXVzd2UtMDQtcHJvZC1ha3MuY29udi5za3lwZS5jb20vY29udi9LU0R5RnNDSF8wcUo4Qnl3SXpIYURRP2k9MTAtMTI4LTQxLTE1OCZlPTYzODgyOTM0NTg4MzYxNjU4Mg==",
        "targets": [
          {
            "rawId": "Sanitized",
            "kind": "communicationUser",
            "communicationUser": {
              "id": "Sanitized"
            }
          }
        ],
        "callConnectionState": "connecting",
        "callbackUri": "https://sanitized.skype.com/api/servicebuscallback/events?q=SanitizedSanitized",
        "source": {
          "rawId": "Sanitized",
          "kind": "communicationUser",
          "communicationUser": {
            "id": "Sanitized"
          }
        },
        "correlationId": "f5f37683-a826-44f2-8a34-b70bd2e80a54",
        "answeredBy": {
          "id": "Sanitized"
        },
        "mediaStreamingSubscription": {
          "id": "Sanitized",
          "state": "disabled",
          "subscribedContentTypes": [
            "audio"
          ]
        }
      }
    },
    {
      "RequestUri": "https://sanitized.skype.com/calling/callConnections/23006780-adad-4f96-b467-9581ee29cbc1?api-version=2025-03-30-preview",
      "RequestMethod": "GET",
      "RequestHeaders": {
        "Accept": "application/json",
        "Authorization": "Sanitized",
        "User-Agent": "azsdk-net-Communication.CallAutomation/1.5.0-alpha.20250515.1 (.NET 9.0.5; Microsoft Windows 10.0.26100)",
        "x-ms-client-request-id": "Sanitized",
        "x-ms-content-sha256": "Sanitized",
        "x-ms-date": "Fri, 16 May 2025 01:36:10 GMT",
        "x-ms-return-client-request-id": "true"
      },
      "RequestBody": null,
      "StatusCode": 200,
      "ResponseHeaders": {
        "Accept-Ranges": "bytes",
        "Connection": "keep-alive",
        "Content-Length": "803",
        "Content-Type": "application/json; charset=utf-8",
        "Date": "Fri, 16 May 2025 01:36:10 GMT",
        "Strict-Transport-Security": "max-age=31536000;includeSubDomains",
        "x-azure-ref": "Sanitized",
        "X-Cache": "CONFIG_NOCACHE",
        "X-Microsoft-Skype-Chain-ID": "f5f37683-a826-44f2-8a34-b70bd2e80a54",
        "X-Microsoft-Skype-Client": "azsdk-net-Communication.CallAutomation/1.5.0-alpha.20250515.1 (.NET 9.0.5; Microsoft Windows 10.0.26100)",
        "x-ms-client-request-id": "Sanitized"
      },
      "ResponseBody": {
        "callConnectionId": "23006780-adad-4f96-b467-9581ee29cbc1",
        "serverCallId": "aHR0cHM6Ly9hcGkuZmxpZ2h0cHJveHkuc2t5cGUuY29tL2FwaS92Mi9jcC9jb252LXVzd2UtMDQtcHJvZC1ha3MuY29udi5za3lwZS5jb20vY29udi9LU0R5RnNDSF8wcUo4Qnl3SXpIYURRP2k9MTAtMTI4LTQxLTE1OCZlPTYzODgyOTM0NTg4MzYxNjU4Mg==",
        "targets": [
          {
            "rawId": "Sanitized",
            "kind": "communicationUser",
            "communicationUser": {
              "id": "Sanitized"
            }
          }
        ],
        "callConnectionState": "connected",
        "callbackUri": "https://sanitized.skype.com/api/servicebuscallback/events?q=SanitizedSanitized",
        "sourceDisplayName": "",
        "source": {
          "rawId": "Sanitized",
          "kind": "communicationUser",
          "communicationUser": {
            "id": "Sanitized"
          }
        },
        "correlationId": "f5f37683-a826-44f2-8a34-b70bd2e80a54",
        "mediaStreamingSubscription": {
          "state": "disabled"
        },
        "transcriptionSubscription": {
          "state": "disabled",
          "subscribedResultTypes": []
        }
      }
    },
    {
      "RequestUri": "https://sanitized.skype.com/calling/recordings?api-version=2025-03-30-preview",
      "RequestMethod": "POST",
      "RequestHeaders": {
        "Accept": "application/json",
        "Authorization": "Sanitized",
        "Content-Length": "251",
        "Content-Type": "application/json",
        "Repeatability-First-Sent": "Sanitized",
        "Repeatability-Request-ID": "Sanitized",
        "User-Agent": "azsdk-net-Communication.CallAutomation/1.5.0-alpha.20250515.1 (.NET 9.0.5; Microsoft Windows 10.0.26100)",
        "x-ms-client-request-id": "Sanitized",
        "x-ms-content-sha256": "Sanitized",
        "x-ms-date": "Fri, 16 May 2025 01:36:10 GMT",
        "x-ms-return-client-request-id": "true"
      },
      "RequestBody": {
        "callConnectionId": "23006780-adad-4f96-b467-9581ee29cbc1",
        "recordingStateCallbackUri": "https://sanitized.skype.com/api/servicebuscallback/events",
        "recordingContentType": null,
        "recordingChannelType": null,
        "recordingFormatType": null,
        "pauseOnStart": false
      },
      "StatusCode": 202,
      "ResponseHeaders": {
        "Connection": "keep-alive",
        "Content-Length": "253",
        "Content-Type": "application/json; charset=utf-8",
        "Date": "Fri, 16 May 2025 01:36:10 GMT",
        "Repeatability-Result": "accepted",
        "Strict-Transport-Security": "max-age=31536000;includeSubDomains",
        "x-azure-ref": "Sanitized",
        "X-Cache": "CONFIG_NOCACHE",
        "X-Microsoft-Skype-Chain-ID": "0b853c5c-52be-4479-86fa-22aa8ba30afe",
        "X-Microsoft-Skype-Client": "azsdk-net-Communication.CallAutomation/1.5.0-alpha.20250515.1 (.NET 9.0.5; Microsoft Windows 10.0.26100)",
        "x-ms-client-request-id": "Sanitized"
      },
      "ResponseBody": {
        "recordingId": "eyJQbGF0Zm9ybUVuZHBvaW50SWQiOiIyMzAwNjc4MC1hZGFkLTRmOTYtYjQ2Ny05NTgxZWUyOWNiYzEiLCJSZXNvdXJjZVNwZWNpZmljSWQiOiIxOWZlZGU0MS00MTUxLTRiYzgtOGRjNS01YmYxZTgzMDY3NzYifQ",
        "recordingState": "inactive",
        "recordingKind": "azureCommunicationServices"
      }
    },
    {
      "RequestUri": "https://sanitized.skype.com/calling/recordings/eyJQbGF0Zm9ybUVuZHBvaW50SWQiOiIyMzAwNjc4MC1hZGFkLTRmOTYtYjQ2Ny05NTgxZWUyOWNiYzEiLCJSZXNvdXJjZVNwZWNpZmljSWQiOiIxOWZlZGU0MS00MTUxLTRiYzgtOGRjNS01YmYxZTgzMDY3NzYifQ?api-version=2025-03-30-preview",
      "RequestMethod": "GET",
      "RequestHeaders": {
        "Accept": "application/json",
        "Authorization": "Sanitized",
        "User-Agent": "azsdk-net-Communication.CallAutomation/1.5.0-alpha.20250515.1 (.NET 9.0.5; Microsoft Windows 10.0.26100)",
        "x-ms-client-request-id": "Sanitized",
        "x-ms-content-sha256": "Sanitized",
        "x-ms-date": "Fri, 16 May 2025 01:36:20 GMT",
        "x-ms-return-client-request-id": "true"
      },
      "RequestBody": null,
      "StatusCode": 200,
      "ResponseHeaders": {
        "Accept-Ranges": "bytes",
        "Connection": "keep-alive",
        "Content-Length": "251",
        "Content-Type": "application/json; charset=utf-8",
        "Date": "Fri, 16 May 2025 01:36:20 GMT",
        "Strict-Transport-Security": "max-age=31536000;includeSubDomains",
        "x-azure-ref": "Sanitized",
        "X-Cache": "CONFIG_NOCACHE",
        "X-Microsoft-Skype-Chain-ID": "f5f37683-a826-44f2-8a34-b70bd2e80a54",
        "X-Microsoft-Skype-Client": "azsdk-net-Communication.CallAutomation/1.5.0-alpha.20250515.1 (.NET 9.0.5; Microsoft Windows 10.0.26100)",
        "x-ms-client-request-id": "Sanitized"
      },
      "ResponseBody": {
        "recordingId": "eyJQbGF0Zm9ybUVuZHBvaW50SWQiOiIyMzAwNjc4MC1hZGFkLTRmOTYtYjQ2Ny05NTgxZWUyOWNiYzEiLCJSZXNvdXJjZVNwZWNpZmljSWQiOiIxOWZlZGU0MS00MTUxLTRiYzgtOGRjNS01YmYxZTgzMDY3NzYifQ",
        "recordingState": "active",
        "recordingKind": "azureCommunicationServices"
      }
    },
    {
      "RequestUri": "https://sanitized.skype.com/calling/recordings/eyJQbGF0Zm9ybUVuZHBvaW50SWQiOiIyMzAwNjc4MC1hZGFkLTRmOTYtYjQ2Ny05NTgxZWUyOWNiYzEiLCJSZXNvdXJjZVNwZWNpZmljSWQiOiIxOWZlZGU0MS00MTUxLTRiYzgtOGRjNS01YmYxZTgzMDY3NzYifQ:pause?api-version=2025-03-30-preview",
      "RequestMethod": "POST",
      "RequestHeaders": {
        "Accept": "application/json",
        "Authorization": "Sanitized",
        "Content-Length": "0",
        "User-Agent": "azsdk-net-Communication.CallAutomation/1.5.0-alpha.20250515.1 (.NET 9.0.5; Microsoft Windows 10.0.26100)",
        "x-ms-client-request-id": "Sanitized",
        "x-ms-content-sha256": "Sanitized",
        "x-ms-date": "Fri, 16 May 2025 01:36:20 GMT",
        "x-ms-return-client-request-id": "true"
      },
      "RequestBody": null,
      "StatusCode": 202,
      "ResponseHeaders": {
        "Connection": "keep-alive",
        "Content-Length": "0",
        "Date": "Fri, 16 May 2025 01:36:20 GMT",
        "Strict-Transport-Security": "max-age=31536000;includeSubDomains",
        "x-azure-ref": "Sanitized",
        "X-Cache": "CONFIG_NOCACHE",
        "X-Microsoft-Skype-Chain-ID": "f5f37683-a826-44f2-8a34-b70bd2e80a54",
        "X-Microsoft-Skype-Client": "azsdk-net-Communication.CallAutomation/1.5.0-alpha.20250515.1 (.NET 9.0.5; Microsoft Windows 10.0.26100)",
        "x-ms-client-request-id": "Sanitized"
      },
      "ResponseBody": null
    },
    {
      "RequestUri": "https://sanitized.skype.com/calling/recordings/eyJQbGF0Zm9ybUVuZHBvaW50SWQiOiIyMzAwNjc4MC1hZGFkLTRmOTYtYjQ2Ny05NTgxZWUyOWNiYzEiLCJSZXNvdXJjZVNwZWNpZmljSWQiOiIxOWZlZGU0MS00MTUxLTRiYzgtOGRjNS01YmYxZTgzMDY3NzYifQ?api-version=2025-03-30-preview",
      "RequestMethod": "GET",
      "RequestHeaders": {
        "Accept": "application/json",
        "Authorization": "Sanitized",
        "User-Agent": "azsdk-net-Communication.CallAutomation/1.5.0-alpha.20250515.1 (.NET 9.0.5; Microsoft Windows 10.0.26100)",
        "x-ms-client-request-id": "Sanitized",
        "x-ms-content-sha256": "Sanitized",
        "x-ms-date": "Fri, 16 May 2025 01:36:31 GMT",
        "x-ms-return-client-request-id": "true"
      },
      "RequestBody": null,
      "StatusCode": 200,
      "ResponseHeaders": {
        "Accept-Ranges": "bytes",
        "Connection": "keep-alive",
        "Content-Length": "253",
        "Content-Type": "application/json; charset=utf-8",
        "Date": "Fri, 16 May 2025 01:36:30 GMT",
        "Strict-Transport-Security": "max-age=31536000;includeSubDomains",
        "x-azure-ref": "Sanitized",
        "X-Cache": "CONFIG_NOCACHE",
        "X-Microsoft-Skype-Chain-ID": "f5f37683-a826-44f2-8a34-b70bd2e80a54",
        "X-Microsoft-Skype-Client": "azsdk-net-Communication.CallAutomation/1.5.0-alpha.20250515.1 (.NET 9.0.5; Microsoft Windows 10.0.26100)",
        "x-ms-client-request-id": "Sanitized"
      },
      "ResponseBody": {
        "recordingId": "eyJQbGF0Zm9ybUVuZHBvaW50SWQiOiIyMzAwNjc4MC1hZGFkLTRmOTYtYjQ2Ny05NTgxZWUyOWNiYzEiLCJSZXNvdXJjZVNwZWNpZmljSWQiOiIxOWZlZGU0MS00MTUxLTRiYzgtOGRjNS01YmYxZTgzMDY3NzYifQ",
        "recordingState": "inactive",
        "recordingKind": "azureCommunicationServices"
      }
    },
    {
      "RequestUri": "https://sanitized.skype.com/calling/recordings/eyJQbGF0Zm9ybUVuZHBvaW50SWQiOiIyMzAwNjc4MC1hZGFkLTRmOTYtYjQ2Ny05NTgxZWUyOWNiYzEiLCJSZXNvdXJjZVNwZWNpZmljSWQiOiIxOWZlZGU0MS00MTUxLTRiYzgtOGRjNS01YmYxZTgzMDY3NzYifQ:resume?api-version=2025-03-30-preview",
      "RequestMethod": "POST",
      "RequestHeaders": {
        "Accept": "application/json",
        "Authorization": "Sanitized",
        "Content-Length": "0",
        "User-Agent": "azsdk-net-Communication.CallAutomation/1.5.0-alpha.20250515.1 (.NET 9.0.5; Microsoft Windows 10.0.26100)",
        "x-ms-client-request-id": "Sanitized",
        "x-ms-content-sha256": "Sanitized",
        "x-ms-date": "Fri, 16 May 2025 01:36:31 GMT",
        "x-ms-return-client-request-id": "true"
      },
      "RequestBody": null,
      "StatusCode": 202,
      "ResponseHeaders": {
        "Connection": "keep-alive",
        "Content-Length": "0",
        "Date": "Fri, 16 May 2025 01:36:31 GMT",
        "Strict-Transport-Security": "max-age=31536000;includeSubDomains",
        "x-azure-ref": "Sanitized",
        "X-Cache": "CONFIG_NOCACHE",
        "X-Microsoft-Skype-Chain-ID": "f5f37683-a826-44f2-8a34-b70bd2e80a54",
        "X-Microsoft-Skype-Client": "azsdk-net-Communication.CallAutomation/1.5.0-alpha.20250515.1 (.NET 9.0.5; Microsoft Windows 10.0.26100)",
        "x-ms-client-request-id": "Sanitized"
      },
      "ResponseBody": null
    },
    {
      "RequestUri": "https://sanitized.skype.com/calling/recordings/eyJQbGF0Zm9ybUVuZHBvaW50SWQiOiIyMzAwNjc4MC1hZGFkLTRmOTYtYjQ2Ny05NTgxZWUyOWNiYzEiLCJSZXNvdXJjZVNwZWNpZmljSWQiOiIxOWZlZGU0MS00MTUxLTRiYzgtOGRjNS01YmYxZTgzMDY3NzYifQ?api-version=2025-03-30-preview",
      "RequestMethod": "GET",
      "RequestHeaders": {
        "Accept": "application/json",
        "Authorization": "Sanitized",
        "User-Agent": "azsdk-net-Communication.CallAutomation/1.5.0-alpha.20250515.1 (.NET 9.0.5; Microsoft Windows 10.0.26100)",
        "x-ms-client-request-id": "Sanitized",
        "x-ms-content-sha256": "Sanitized",
        "x-ms-date": "Fri, 16 May 2025 01:36:41 GMT",
        "x-ms-return-client-request-id": "true"
      },
      "RequestBody": null,
      "StatusCode": 200,
      "ResponseHeaders": {
        "Accept-Ranges": "bytes",
        "Connection": "keep-alive",
        "Content-Length": "251",
        "Content-Type": "application/json; charset=utf-8",
        "Date": "Fri, 16 May 2025 01:36:41 GMT",
        "Strict-Transport-Security": "max-age=31536000;includeSubDomains",
        "x-azure-ref": "Sanitized",
        "X-Cache": "CONFIG_NOCACHE",
        "X-Microsoft-Skype-Chain-ID": "f5f37683-a826-44f2-8a34-b70bd2e80a54",
        "X-Microsoft-Skype-Client": "azsdk-net-Communication.CallAutomation/1.5.0-alpha.20250515.1 (.NET 9.0.5; Microsoft Windows 10.0.26100)",
        "x-ms-client-request-id": "Sanitized"
      },
      "ResponseBody": {
        "recordingId": "eyJQbGF0Zm9ybUVuZHBvaW50SWQiOiIyMzAwNjc4MC1hZGFkLTRmOTYtYjQ2Ny05NTgxZWUyOWNiYzEiLCJSZXNvdXJjZVNwZWNpZmljSWQiOiIxOWZlZGU0MS00MTUxLTRiYzgtOGRjNS01YmYxZTgzMDY3NzYifQ",
        "recordingState": "active",
        "recordingKind": "azureCommunicationServices"
      }
    },
    {
      "RequestUri": "https://sanitized.skype.com/calling/recordings/eyJQbGF0Zm9ybUVuZHBvaW50SWQiOiIyMzAwNjc4MC1hZGFkLTRmOTYtYjQ2Ny05NTgxZWUyOWNiYzEiLCJSZXNvdXJjZVNwZWNpZmljSWQiOiIxOWZlZGU0MS00MTUxLTRiYzgtOGRjNS01YmYxZTgzMDY3NzYifQ?api-version=2025-03-30-preview",
      "RequestMethod": "DELETE",
      "RequestHeaders": {
        "Accept": "application/json",
        "Authorization": "Sanitized",
        "User-Agent": "azsdk-net-Communication.CallAutomation/1.5.0-alpha.20250515.1 (.NET 9.0.5; Microsoft Windows 10.0.26100)",
        "x-ms-client-request-id": "Sanitized",
        "x-ms-content-sha256": "Sanitized",
        "x-ms-date": "Fri, 16 May 2025 01:36:41 GMT",
        "x-ms-return-client-request-id": "true"
      },
      "RequestBody": null,
      "StatusCode": 204,
      "ResponseHeaders": {
        "Connection": "keep-alive",
        "Content-Length": "0",
        "Date": "Fri, 16 May 2025 01:36:41 GMT",
        "Strict-Transport-Security": "max-age=31536000;includeSubDomains",
        "x-azure-ref": "Sanitized",
        "X-Cache": "CONFIG_NOCACHE",
        "X-Microsoft-Skype-Chain-ID": "f5f37683-a826-44f2-8a34-b70bd2e80a54",
        "X-Microsoft-Skype-Client": "azsdk-net-Communication.CallAutomation/1.5.0-alpha.20250515.1 (.NET 9.0.5; Microsoft Windows 10.0.26100)",
        "x-ms-client-request-id": "Sanitized"
      },
      "ResponseBody": null
    },
    {
      "RequestUri": "https://sanitized.skype.com/calling/recordings/eyJQbGF0Zm9ybUVuZHBvaW50SWQiOiIyMzAwNjc4MC1hZGFkLTRmOTYtYjQ2Ny05NTgxZWUyOWNiYzEiLCJSZXNvdXJjZVNwZWNpZmljSWQiOiIxOWZlZGU0MS00MTUxLTRiYzgtOGRjNS01YmYxZTgzMDY3NzYifQ?api-version=2025-03-30-preview",
      "RequestMethod": "GET",
      "RequestHeaders": {
        "Accept": "application/json",
        "Authorization": "Sanitized",
        "User-Agent": "azsdk-net-Communication.CallAutomation/1.5.0-alpha.20250515.1 (.NET 9.0.5; Microsoft Windows 10.0.26100)",
        "x-ms-client-request-id": "Sanitized",
        "x-ms-content-sha256": "Sanitized",
        "x-ms-date": "Fri, 16 May 2025 01:36:51 GMT",
        "x-ms-return-client-request-id": "true"
      },
      "RequestBody": null,
      "StatusCode": 404,
      "ResponseHeaders": {
        "Connection": "keep-alive",
        "Content-Length": "58",
        "Content-Type": "application/json; charset=utf-8",
        "Date": "Fri, 16 May 2025 01:36:51 GMT",
        "Strict-Transport-Security": "max-age=31536000;includeSubDomains",
        "x-azure-ref": "Sanitized",
        "X-Cache": "CONFIG_NOCACHE",
        "X-Microsoft-Skype-Chain-ID": "f5f37683-a826-44f2-8a34-b70bd2e80a54",
        "X-Microsoft-Skype-Client": "azsdk-net-Communication.CallAutomation/1.5.0-alpha.20250515.1 (.NET 9.0.5; Microsoft Windows 10.0.26100)",
        "x-ms-client-request-id": "Sanitized"
      },
      "ResponseBody": {
        "error": {
          "code": "8522",
          "message": "Recording not found."
        }
      }
    },
    {
      "RequestUri": "https://sanitized.skype.com/api/servicebuscallback/unsubscribe?q=Sanitized",
      "RequestMethod": "POST",
      "RequestHeaders": {
        "Accept": "application/json",
        "Authorization": "Sanitized",
        "Content-Length": "0",
        "User-Agent": "azsdk-net-Communication.CallAutomation/1.5.0-alpha.20250515.1 (.NET 9.0.5; Microsoft Windows 10.0.26100)",
        "x-ms-client-request-id": "Sanitized",
        "x-ms-content-sha256": "Sanitized",
        "x-ms-date": "Fri, 16 May 2025 01:36:52 GMT",
        "x-ms-return-client-request-id": "true"
      },
      "RequestBody": null,
      "StatusCode": 200,
      "ResponseHeaders": {
        "Content-Length": "0",
        "Date": "Fri, 16 May 2025 01:36:52 GMT",
        "Server": "Microsoft-IIS/10.0",
        "X-Powered-By": "ASP.NET"
      },
      "ResponseBody": null
    }
  ],
  "Variables": {
    "COMMUNICATION_LIVETEST_STATIC_CONNECTION_STRING": "endpoint=https://sanitized.communication.azure.com/;accesskey=Kg==",
    "DISPATCHER_ENDPOINT": "https://sanitized.skype.com",
    "RandomSeed": "2125747841",
    "SERVICEBUS_STRING": "Sanitized"
  }
}
