{
  "Entries": [
    {
      "RequestUri": "https://t02f6e87f544544f3-azconfig-net.azconfig.io/kv/.appconfig.featureflag%2Ffeature%2011276350112?api-version=2022-11-01-preview",
      "RequestMethod": "PUT",
      "RequestHeaders": {
        "Accept": "application/vnd.microsoft.appconfig.kv\u002Bjson, application/problem\u002Bjson",
        "Authorization": "Sanitized",
        "Content-Length": "604",
        "Content-Type": "application/json",
        "Date": "Fri, 30 Jun 2023 19:03:46 GMT",
        "If-None-Match": "*",
        "traceparent": "00-cb0ff9f2aec50d4b8898948ced8f3e51-4b04e4829f70d39e-00",
        "User-Agent": "azsdk-net-Data.AppConfiguration/1.3.0-alpha.20230630.1 (.NET 7.0.7; Microsoft Windows 10.0.22621)",
        "x-ms-client-request-id": "970039d47abedf9b0a4eddf8236b6578",
        "x-ms-content-sha256": "cPZve6XFq0u5NezRxJnGrM3h5VuZmjLZDaDAvOKlZyo=",
        "x-ms-return-client-request-id": "true"
      },
      "RequestBody": {
        "value": "{\u0022id\u0022:\u0022feature 11276350112\u0022,\u0022description\u0022:\u0022Feature description\u0022,\u0022display_name\u0022:\u0022Feature display name\u0022,\u0022enabled\u0022:true,\u0022conditions\u0022:{\u0022client_filters\u0022:[{\u0022name\u0022:\u0022FilterA\u0022,\u0022parameters\u0022:{}},{\u0022name\u0022:\u0022Microsoft.TimeWindow\u0022,\u0022parameters\u0022:{\u0022Start\u0022:\u0022Wed, 01 May 2019 13:59:59 GMT\u0022,\u0022End\u0022:\u0022Mon, 01 July 2019 00:00:00 GMT\u0022}}]}}",
        "content_type": "application/vnd.microsoft.appconfig.ff\u002Bjson;charset=utf-8",
        "tags": {}
      },
      "StatusCode": 200,
      "ResponseHeaders": {
        "Access-Control-Allow-Credentials": "true",
        "Access-Control-Allow-Origin": "*",
        "Access-Control-Expose-Headers": "DNT, X-CustomHeader, Keep-Alive, User-Agent, X-Requested-With, If-Modified-Since, Cache-Control, Content-Type, Authorization, x-ms-client-request-id, x-ms-useragent, x-ms-content-sha256, x-ms-date, host, Accept, Accept-Datetime, Date, If-Match, If-None-Match, Sync-Token, x-ms-return-client-request-id, ETag, Last-Modified, Link, Memento-Datetime, retry-after-ms, x-ms-request-id, x-ms-client-session-id, x-ms-effective-locale, WWW-Authenticate, traceparent, tracestate, Operation-Location, Retry-After",
        "Connection": "keep-alive",
        "Content-Type": "application/vnd.microsoft.appconfig.kv\u002Bjson; charset=utf-8",
        "Date": "Fri, 30 Jun 2023 19:03:45 GMT",
        "ETag": "\u002233Wet7iW6xWm1YbY96wgvnhR55NGBOP9hacBLYdRNc8\u0022",
        "Last-Modified": "Fri, 30 Jun 2023 19:03:45 GMT",
        "Server": "openresty/1.21.4.1",
        "Strict-Transport-Security": "max-age=15724800; includeSubDomains",
        "Sync-Token": "zAJw6V16=ODo1IzI0ODY5MTQz;sn=24869143",
        "Transfer-Encoding": "chunked",
        "x-ms-client-request-id": "970039d47abedf9b0a4eddf8236b6578",
        "x-ms-correlation-request-id": "ae54fe27-75aa-4899-9faf-c91753feba72",
        "x-ms-request-id": "ae54fe27-75aa-4899-9faf-c91753feba72"
      },
      "ResponseBody": {
        "etag": "33Wet7iW6xWm1YbY96wgvnhR55NGBOP9hacBLYdRNc8",
        "key": ".appconfig.featureflag/feature 11276350112",
        "label": null,
        "content_type": "application/vnd.microsoft.appconfig.ff\u002Bjson;charset=utf-8",
        "value": "{\u0022id\u0022:\u0022feature 11276350112\u0022,\u0022description\u0022:\u0022Feature description\u0022,\u0022display_name\u0022:\u0022Feature display name\u0022,\u0022enabled\u0022:true,\u0022conditions\u0022:{\u0022client_filters\u0022:[{\u0022name\u0022:\u0022FilterA\u0022,\u0022parameters\u0022:{}},{\u0022name\u0022:\u0022Microsoft.TimeWindow\u0022,\u0022parameters\u0022:{\u0022Start\u0022:\u0022Wed, 01 May 2019 13:59:59 GMT\u0022,\u0022End\u0022:\u0022Mon, 01 July 2019 00:00:00 GMT\u0022}}]}}",
        "tags": {},
        "locked": false,
        "last_modified": "2023-06-30T19:03:45\u002B00:00"
      }
    },
    {
      "RequestUri": "https://t02f6e87f544544f3-azconfig-net.azconfig.io/kv/.appconfig.featureflag%2Ffeature%2011276350112?api-version=2022-11-01-preview",
      "RequestMethod": "PUT",
      "RequestHeaders": {
        "Accept": "application/vnd.microsoft.appconfig.kv\u002Bjson, application/problem\u002Bjson",
        "Authorization": "Sanitized",
        "Content-Length": "658",
        "Content-Type": "application/json",
        "Date": "Fri, 30 Jun 2023 19:03:46 GMT",
        "Sync-Token": "zAJw6V16=ODo1IzI0ODY5MTQz",
        "traceparent": "00-26b7ea1ae0aac2081be0eca7b6831b5c-fac34fa06463afa0-00",
        "User-Agent": "azsdk-net-Data.AppConfiguration/1.3.0-alpha.20230630.1 (.NET 7.0.7; Microsoft Windows 10.0.22621)",
        "x-ms-client-request-id": "51eae06b7d43946d89a6141b6cba2fd0",
        "x-ms-content-sha256": "zr0YILbuHonjD7g5kbkgSWZh0Z3cGt5gWQ0ED2T2bz8=",
        "x-ms-return-client-request-id": "true"
      },
      "RequestBody": {
        "value": "{\u0022id\u0022:\u0022feature 11276350112\u0022,\u0022description\u0022:\u0022Feature description\u0022,\u0022display_name\u0022:\u0022Feature display name\u0022,\u0022enabled\u0022:false,\u0022conditions\u0022:{\u0022client_filters\u0022:[{\u0022name\u0022:\u0022FilterA\u0022,\u0022parameters\u0022:{}},{\u0022name\u0022:\u0022Microsoft.TimeWindow\u0022,\u0022parameters\u0022:{\u0022Start\u0022:\u0022Wed, 01 May 2019 13:59:59 GMT\u0022,\u0022End\u0022:\u0022Mon, 01 July 2019 00:00:00 GMT\u0022}}]}}",
        "content_type": "application/vnd.microsoft.appconfig.ff\u002Bjson;charset=utf-8",
        "tags": {},
        "etag": "33Wet7iW6xWm1YbY96wgvnhR55NGBOP9hacBLYdRNc8"
      },
      "StatusCode": 200,
      "ResponseHeaders": {
        "Access-Control-Allow-Credentials": "true",
        "Access-Control-Allow-Origin": "*",
        "Access-Control-Expose-Headers": "DNT, X-CustomHeader, Keep-Alive, User-Agent, X-Requested-With, If-Modified-Since, Cache-Control, Content-Type, Authorization, x-ms-client-request-id, x-ms-useragent, x-ms-content-sha256, x-ms-date, host, Accept, Accept-Datetime, Date, If-Match, If-None-Match, Sync-Token, x-ms-return-client-request-id, ETag, Last-Modified, Link, Memento-Datetime, retry-after-ms, x-ms-request-id, x-ms-client-session-id, x-ms-effective-locale, WWW-Authenticate, traceparent, tracestate, Operation-Location, Retry-After",
        "Connection": "keep-alive",
        "Content-Type": "application/vnd.microsoft.appconfig.kv\u002Bjson; charset=utf-8",
        "Date": "Fri, 30 Jun 2023 19:03:45 GMT",
        "ETag": "\u0022dpciya_X7etEgrnaWJk8r23batON8wzv02wJxj55n1M\u0022",
        "Last-Modified": "Fri, 30 Jun 2023 19:03:45 GMT",
        "Server": "openresty/1.21.4.1",
        "Strict-Transport-Security": "max-age=15724800; includeSubDomains",
        "Sync-Token": "zAJw6V16=ODo1IzI0ODY5MTQ0;sn=24869144",
        "Transfer-Encoding": "chunked",
        "x-ms-client-request-id": "51eae06b7d43946d89a6141b6cba2fd0",
        "x-ms-correlation-request-id": "62934403-38b7-4f60-b1be-dc46ec49add3",
        "x-ms-request-id": "62934403-38b7-4f60-b1be-dc46ec49add3"
      },
      "ResponseBody": {
        "etag": "dpciya_X7etEgrnaWJk8r23batON8wzv02wJxj55n1M",
        "key": ".appconfig.featureflag/feature 11276350112",
        "label": null,
        "content_type": "application/vnd.microsoft.appconfig.ff\u002Bjson;charset=utf-8",
        "value": "{\u0022id\u0022:\u0022feature 11276350112\u0022,\u0022description\u0022:\u0022Feature description\u0022,\u0022display_name\u0022:\u0022Feature display name\u0022,\u0022enabled\u0022:false,\u0022conditions\u0022:{\u0022client_filters\u0022:[{\u0022name\u0022:\u0022FilterA\u0022,\u0022parameters\u0022:{}},{\u0022name\u0022:\u0022Microsoft.TimeWindow\u0022,\u0022parameters\u0022:{\u0022Start\u0022:\u0022Wed, 01 May 2019 13:59:59 GMT\u0022,\u0022End\u0022:\u0022Mon, 01 July 2019 00:00:00 GMT\u0022}}]}}",
        "tags": {},
        "locked": false,
        "last_modified": "2023-06-30T19:03:45\u002B00:00"
      }
    },
    {
      "RequestUri": "https://t02f6e87f544544f3-azconfig-net.azconfig.io/kv/.appconfig.featureflag%2Ffeature%2011276350112?api-version=2022-11-01-preview",
      "RequestMethod": "GET",
      "RequestHeaders": {
        "Accept": "application/vnd.microsoft.appconfig.kv\u002Bjson, application/problem\u002Bjson",
        "Authorization": "Sanitized",
        "Date": "Fri, 30 Jun 2023 19:03:46 GMT",
        "Sync-Token": "zAJw6V16=ODo1IzI0ODY5MTQ0",
        "traceparent": "00-bf7e5311ffcb9d2ae646ed136370855a-c9545a44c456ca6b-00",
        "User-Agent": "azsdk-net-Data.AppConfiguration/1.3.0-alpha.20230630.1 (.NET 7.0.7; Microsoft Windows 10.0.22621)",
        "x-ms-client-request-id": "4a0d40b89eee617491895df256dc0e73",
        "x-ms-content-sha256": "47DEQpj8HBSa\u002B/TImW\u002B5JCeuQeRkm5NMpJWZG3hSuFU=",
        "x-ms-return-client-request-id": "true"
      },
      "RequestBody": null,
      "StatusCode": 200,
      "ResponseHeaders": {
        "Access-Control-Allow-Credentials": "true",
        "Access-Control-Allow-Origin": "*",
        "Access-Control-Expose-Headers": "DNT, X-CustomHeader, Keep-Alive, User-Agent, X-Requested-With, If-Modified-Since, Cache-Control, Content-Type, Authorization, x-ms-client-request-id, x-ms-useragent, x-ms-content-sha256, x-ms-date, host, Accept, Accept-Datetime, Date, If-Match, If-None-Match, Sync-Token, x-ms-return-client-request-id, ETag, Last-Modified, Link, Memento-Datetime, retry-after-ms, x-ms-request-id, x-ms-client-session-id, x-ms-effective-locale, WWW-Authenticate, traceparent, tracestate, Operation-Location, Retry-After",
        "Connection": "keep-alive",
        "Content-Type": "application/vnd.microsoft.appconfig.kv\u002Bjson; charset=utf-8",
        "Date": "Fri, 30 Jun 2023 19:03:45 GMT",
        "ETag": "\u0022dpciya_X7etEgrnaWJk8r23batON8wzv02wJxj55n1M\u0022",
        "Last-Modified": "Fri, 30 Jun 2023 19:03:45 GMT",
        "Server": "openresty/1.21.4.1",
        "Strict-Transport-Security": "max-age=15724800; includeSubDomains",
        "Sync-Token": "zAJw6V16=ODo1IzI0ODY5MTQ1;sn=24869145",
        "Transfer-Encoding": "chunked",
        "x-ms-client-request-id": "4a0d40b89eee617491895df256dc0e73",
        "x-ms-correlation-request-id": "d13816c4-ea1f-470a-988b-084b9797d8cd",
        "x-ms-request-id": "d13816c4-ea1f-470a-988b-084b9797d8cd"
      },
      "ResponseBody": {
        "etag": "dpciya_X7etEgrnaWJk8r23batON8wzv02wJxj55n1M",
        "key": ".appconfig.featureflag/feature 11276350112",
        "label": null,
        "content_type": "application/vnd.microsoft.appconfig.ff\u002Bjson;charset=utf-8",
        "value": "{\u0022id\u0022:\u0022feature 11276350112\u0022,\u0022description\u0022:\u0022Feature description\u0022,\u0022display_name\u0022:\u0022Feature display name\u0022,\u0022enabled\u0022:false,\u0022conditions\u0022:{\u0022client_filters\u0022:[{\u0022name\u0022:\u0022FilterA\u0022,\u0022parameters\u0022:{}},{\u0022name\u0022:\u0022Microsoft.TimeWindow\u0022,\u0022parameters\u0022:{\u0022Start\u0022:\u0022Wed, 01 May 2019 13:59:59 GMT\u0022,\u0022End\u0022:\u0022Mon, 01 July 2019 00:00:00 GMT\u0022}}]}}",
        "tags": {},
        "locked": false,
        "last_modified": "2023-06-30T19:03:45\u002B00:00"
      }
    },
    {
      "RequestUri": "https://t02f6e87f544544f3-azconfig-net.azconfig.io/kv/.appconfig.featureflag%2Ffeature%2011276350112?api-version=2022-11-01-preview",
      "RequestMethod": "DELETE",
      "RequestHeaders": {
        "Accept": "application/vnd.microsoft.appconfig.kv\u002Bjson, application/problem\u002Bjson",
        "Authorization": "Sanitized",
        "Date": "Fri, 30 Jun 2023 19:03:46 GMT",
        "Sync-Token": "zAJw6V16=ODo1IzI0ODY5MTQ1",
        "traceparent": "00-712b37da4128f414b4a7f8c6df2c2f23-780c301688c4e3f3-00",
        "User-Agent": "azsdk-net-Data.AppConfiguration/1.3.0-alpha.20230630.1 (.NET 7.0.7; Microsoft Windows 10.0.22621)",
        "x-ms-client-request-id": "2b057c82f9ee565dcb6b0d17667f7250",
        "x-ms-content-sha256": "47DEQpj8HBSa\u002B/TImW\u002B5JCeuQeRkm5NMpJWZG3hSuFU=",
        "x-ms-return-client-request-id": "true"
      },
      "RequestBody": null,
      "StatusCode": 200,
      "ResponseHeaders": {
        "Access-Control-Allow-Credentials": "true",
        "Access-Control-Allow-Origin": "*",
        "Access-Control-Expose-Headers": "DNT, X-CustomHeader, Keep-Alive, User-Agent, X-Requested-With, If-Modified-Since, Cache-Control, Content-Type, Authorization, x-ms-client-request-id, x-ms-useragent, x-ms-content-sha256, x-ms-date, host, Accept, Accept-Datetime, Date, If-Match, If-None-Match, Sync-Token, x-ms-return-client-request-id, ETag, Last-Modified, Link, Memento-Datetime, retry-after-ms, x-ms-request-id, x-ms-client-session-id, x-ms-effective-locale, WWW-Authenticate, traceparent, tracestate, Operation-Location, Retry-After",
        "Connection": "keep-alive",
        "Content-Type": "application/vnd.microsoft.appconfig.kv\u002Bjson; charset=utf-8",
        "Date": "Fri, 30 Jun 2023 19:03:45 GMT",
        "ETag": "\u0022dpciya_X7etEgrnaWJk8r23batON8wzv02wJxj55n1M\u0022",
        "Last-Modified": "Fri, 30 Jun 2023 19:03:45 GMT",
        "Server": "openresty/1.21.4.1",
        "Strict-Transport-Security": "max-age=15724800; includeSubDomains",
        "Sync-Token": "zAJw6V16=ODo1IzI0ODY5MTQ2;sn=24869146",
        "Transfer-Encoding": "chunked",
        "x-ms-client-request-id": "2b057c82f9ee565dcb6b0d17667f7250",
        "x-ms-correlation-request-id": "a1524e6f-9456-49b9-a3c2-7064ff8bc1d4",
        "x-ms-request-id": "a1524e6f-9456-49b9-a3c2-7064ff8bc1d4"
      },
      "ResponseBody": {
        "etag": "dpciya_X7etEgrnaWJk8r23batON8wzv02wJxj55n1M",
        "key": ".appconfig.featureflag/feature 11276350112",
        "label": null,
        "content_type": "application/vnd.microsoft.appconfig.ff\u002Bjson;charset=utf-8",
        "value": "{\u0022id\u0022:\u0022feature 11276350112\u0022,\u0022description\u0022:\u0022Feature description\u0022,\u0022display_name\u0022:\u0022Feature display name\u0022,\u0022enabled\u0022:false,\u0022conditions\u0022:{\u0022client_filters\u0022:[{\u0022name\u0022:\u0022FilterA\u0022,\u0022parameters\u0022:{}},{\u0022name\u0022:\u0022Microsoft.TimeWindow\u0022,\u0022parameters\u0022:{\u0022Start\u0022:\u0022Wed, 01 May 2019 13:59:59 GMT\u0022,\u0022End\u0022:\u0022Mon, 01 July 2019 00:00:00 GMT\u0022}}]}}",
        "tags": {},
        "locked": false,
        "last_modified": "2023-06-30T19:03:45\u002B00:00"
      }
    }
  ],
  "Variables": {
    "APPCONFIGURATION_CONNECTION_STRING": "Endpoint=https://t02f6e87f544544f3-azconfig-net.azconfig.io;Id=Ek\u002BM;Secret=Kg==",
    "RandomSeed": "52848752"
  }
}
