{
  "Entries": [
    {
      "RequestUri": "https://te0e57d80fe738c82-azconfig-net.azconfig.io/kv/key-665907231?api-version=2023-11-01&label=test_label",
      "RequestMethod": "PUT",
      "RequestHeaders": {
        "Accept": "application/problem+json, application/vnd.microsoft.appconfig.kv+json",
        "Authorization": "Sanitized",
        "Content-Length": "98",
        "Content-Type": "application/json",
        "Date": "Tue, 29 Jul 2025 17:41:58 GMT",
        "If-None-Match": "*",
        "traceparent": "00-1d2a38aa6a4b64bc49b6aebf19d58f6f-22623dfa6c7bccc8-00",
        "User-Agent": "azsdk-net-Data.AppConfiguration/1.7.0-alpha.20250729.1 (.NET 9.0.4; Microsoft Windows 10.0.26100)",
        "x-ms-client-request-id": "Sanitized",
        "x-ms-content-sha256": "Sanitized",
        "x-ms-return-client-request-id": "true"
      },
      "RequestBody": {
        "value": "test_value",
        "content_type": "test_content_type",
        "tags": {
          "tag1": "value1",
          "tag2": "value2"
        }
      },
      "StatusCode": 200,
      "ResponseHeaders": {
        "Access-Control-Allow-Origin": "*",
        "Connection": "keep-alive",
        "Content-Type": "application/vnd.microsoft.appconfig.kv+json; charset=utf-8",
        "Date": "Tue, 29 Jul 2025 17:41:59 GMT",
        "ETag": "\"vK04xvOdsSudOVgxAY3GkBIGD4sLCLOgfg1ZF8K_KJc\"",
        "Last-Modified": "Tue, 29 Jul 2025 17:41:59 GMT",
        "Strict-Transport-Security": "max-age=31536000; includeSubDomains",
        "Sync-Token": "zAJw6V16=Njo1IzUxNTQ5NTQy;sn=51549542",
        "Transfer-Encoding": "chunked",
        "x-ms-client-request-id": "Sanitized",
        "x-ms-correlation-request-id": "361b831d-8802-480e-b1b4-45f3188d266e",
        "x-ms-request-id": "361b831d-8802-480e-b1b4-45f3188d266e"
      },
      "ResponseBody": {
        "etag": "vK04xvOdsSudOVgxAY3GkBIGD4sLCLOgfg1ZF8K_KJc",
        "key": "key-665907231",
        "label": "test_label",
        "content_type": "test_content_type",
        "value": "test_value",
        "tags": {
          "tag1": "value1",
          "tag2": "value2"
        },
        "locked": false,
        "last_modified": "2025-07-29T17:41:59+00:00"
      }
    },
    {
      "RequestUri": "https://te0e57d80fe738c82-azconfig-net.azconfig.io/snapshots/snapshot-196090669?api-version=2023-11-01",
      "RequestMethod": "PUT",
      "RequestHeaders": {
        "Accept": "application/problem+json, application/vnd.microsoft.appconfig.snapshot+json",
        "Authorization": "Sanitized",
        "Content-Length": "37",
        "Content-Type": "application/json",
        "Date": "Tue, 29 Jul 2025 17:41:58 GMT",
        "Sync-Token": "zAJw6V16=Njo1IzUxNTQ5NTQy",
        "traceparent": "00-d5a575c0830d5a5ea337d29229ca8d06-b66e8859288e693a-00",
        "User-Agent": "azsdk-net-Data.AppConfiguration/1.7.0-alpha.20250729.1 (.NET 9.0.4; Microsoft Windows 10.0.26100)",
        "x-ms-client-request-id": "Sanitized",
        "x-ms-content-sha256": "Sanitized",
        "x-ms-return-client-request-id": "true"
      },
      "RequestBody": {
        "filters": [
          {
            "key": "key-665907231"
          }
        ]
      },
      "StatusCode": 201,
      "ResponseHeaders": {
        "Access-Control-Allow-Origin": "*",
        "Connection": "keep-alive",
        "Content-Type": "application/vnd.microsoft.appconfig.snapshot+json; charset=utf-8",
        "Date": "Tue, 29 Jul 2025 17:42:00 GMT",
        "ETag": "\"hrV4HGJLTD09Gs_zQxBh74fQz7dP1ebt8FYxHtI1cv4\"",
        "Last-Modified": "Tue, 29 Jul 2025 17:42:00 GMT",
        "Link": "</kv?snapshot=snapshot-196090669&api-version=2023-11-01>; rel=\"items\"",
        "Operation-Location": "https://te0e57d80fe738c82-azconfig-net.azconfig.io/operations?snapshot=snapshot-196090669&api-version=2023-11-01",
        "Strict-Transport-Security": "max-age=31536000; includeSubDomains",
        "Sync-Token": "zAJw6V16=Njo1IzUxNTQ5NTQz;sn=51549543",
        "Transfer-Encoding": "chunked",
        "x-ms-client-request-id": "Sanitized",
        "x-ms-correlation-request-id": "d590f3a3-ae5f-4a2e-a970-ae3df114c1b2",
        "x-ms-request-id": "d590f3a3-ae5f-4a2e-a970-ae3df114c1b2"
      },
      "ResponseBody": {
        "etag": "hrV4HGJLTD09Gs_zQxBh74fQz7dP1ebt8FYxHtI1cv4",
        "name": "snapshot-196090669",
        "status": "provisioning",
        "filters": [
          {
            "key": "key-665907231",
            "label": null,
            "tags": []
          }
        ],
        "composition_type": "key",
        "created": "2025-07-29T17:42:00.0587956+00:00",
        "size": 0,
        "items_count": 0,
        "tags": {},
        "retention_period": 2592000
      }
    },
    {
      "RequestUri": "https://te0e57d80fe738c82-azconfig-net.azconfig.io/operations?snapshot=snapshot-196090669&api-version=2023-11-01",
      "RequestMethod": "GET",
      "RequestHeaders": {
        "Authorization": "Sanitized",
        "Date": "Tue, 29 Jul 2025 17:41:58 GMT",
        "Sync-Token": "zAJw6V16=Njo1IzUxNTQ5NTQz",
        "traceparent": "00-d5a575c0830d5a5ea337d29229ca8d06-99fc0b99f9216cbb-00",
        "User-Agent": "azsdk-net-Data.AppConfiguration/1.7.0-alpha.20250729.1 (.NET 9.0.4; Microsoft Windows 10.0.26100)",
        "x-ms-client-request-id": "Sanitized",
        "x-ms-content-sha256": "Sanitized",
        "x-ms-return-client-request-id": "true"
      },
      "RequestBody": null,
      "StatusCode": 200,
      "ResponseHeaders": {
        "Access-Control-Allow-Origin": "*",
        "Connection": "keep-alive",
        "Content-Type": "application/json; charset=utf-8",
        "Date": "Tue, 29 Jul 2025 17:42:00 GMT",
        "Retry-After": "10",
        "Strict-Transport-Security": "max-age=31536000; includeSubDomains",
        "Sync-Token": "zAJw6V16=Njo1IzUxNTQ5NTQz;sn=51549543",
        "Transfer-Encoding": "chunked",
        "x-ms-client-request-id": "Sanitized",
        "x-ms-correlation-request-id": "c4b11726-4a72-410f-9c8f-95963cbb8d1e",
        "x-ms-request-id": "c4b11726-4a72-410f-9c8f-95963cbb8d1e"
      },
      "ResponseBody": {
        "id": "yKGPnnsruBJ1ZwBpcShbiGwN-22_l07F5SOo76aq2VA",
        "status": "Running",
        "error": null
      }
    },
    {
      "RequestUri": "https://te0e57d80fe738c82-azconfig-net.azconfig.io/operations?snapshot=snapshot-196090669&api-version=2023-11-01",
      "RequestMethod": "GET",
      "RequestHeaders": {
        "Authorization": "Sanitized",
        "Date": "Tue, 29 Jul 2025 17:42:08 GMT",
        "Sync-Token": "zAJw6V16=Njo1IzUxNTQ5NTQz",
        "traceparent": "00-d5a575c0830d5a5ea337d29229ca8d06-9074d2eac5807dac-00",
        "User-Agent": "azsdk-net-Data.AppConfiguration/1.7.0-alpha.20250729.1 (.NET 9.0.4; Microsoft Windows 10.0.26100)",
        "x-ms-client-request-id": "Sanitized",
        "x-ms-content-sha256": "Sanitized",
        "x-ms-return-client-request-id": "true"
      },
      "RequestBody": null,
      "StatusCode": 200,
      "ResponseHeaders": {
        "Access-Control-Allow-Origin": "*",
        "Connection": "keep-alive",
        "Content-Type": "application/json; charset=utf-8",
        "Date": "Tue, 29 Jul 2025 17:42:10 GMT",
        "Retry-After": "10",
        "Strict-Transport-Security": "max-age=31536000; includeSubDomains",
        "Sync-Token": "zAJw6V16=Njo1IzUxNTQ5NTQz;sn=51549543",
        "Transfer-Encoding": "chunked",
        "x-ms-client-request-id": "Sanitized",
        "x-ms-correlation-request-id": "39ef97f2-8503-4813-80ac-55293df684fe",
        "x-ms-request-id": "39ef97f2-8503-4813-80ac-55293df684fe"
      },
      "ResponseBody": {
        "id": "yKGPnnsruBJ1ZwBpcShbiGwN-22_l07F5SOo76aq2VA",
        "status": "Running",
        "error": null
      }
    },
    {
      "RequestUri": "https://te0e57d80fe738c82-azconfig-net.azconfig.io/operations?snapshot=snapshot-196090669&api-version=2023-11-01",
      "RequestMethod": "GET",
      "RequestHeaders": {
        "Authorization": "Sanitized",
        "Date": "Tue, 29 Jul 2025 17:42:18 GMT",
        "Sync-Token": "zAJw6V16=Njo1IzUxNTQ5NTQz",
        "traceparent": "00-d5a575c0830d5a5ea337d29229ca8d06-20957b2ca16356de-00",
        "User-Agent": "azsdk-net-Data.AppConfiguration/1.7.0-alpha.20250729.1 (.NET 9.0.4; Microsoft Windows 10.0.26100)",
        "x-ms-client-request-id": "Sanitized",
        "x-ms-content-sha256": "Sanitized",
        "x-ms-return-client-request-id": "true"
      },
      "RequestBody": null,
      "StatusCode": 200,
      "ResponseHeaders": {
        "Access-Control-Allow-Origin": "*",
        "Connection": "keep-alive",
        "Content-Type": "application/json; charset=utf-8",
        "Date": "Tue, 29 Jul 2025 17:42:20 GMT",
        "Strict-Transport-Security": "max-age=31536000; includeSubDomains",
        "Sync-Token": "zAJw6V16=Njo1IzUxNTQ5NTQ0;sn=51549544",
        "Transfer-Encoding": "chunked",
        "x-ms-client-request-id": "Sanitized",
        "x-ms-correlation-request-id": "bae6a004-afd0-4562-897e-9b372a8b71ce",
        "x-ms-request-id": "bae6a004-afd0-4562-897e-9b372a8b71ce"
      },
      "ResponseBody": {
        "id": "yKGPnnsruBJ1ZwBpcShbiGwN-22_l07F5SOo76aq2VA",
        "status": "Succeeded",
        "error": null
      }
    },
    {
      "RequestUri": "https://te0e57d80fe738c82-azconfig-net.azconfig.io/snapshots/snapshot-196090669?api-version=2023-11-01",
      "RequestMethod": "GET",
      "RequestHeaders": {
        "Authorization": "Sanitized",
        "Date": "Tue, 29 Jul 2025 17:42:18 GMT",
        "Sync-Token": "zAJw6V16=Njo1IzUxNTQ5NTQ0",
        "traceparent": "00-d5a575c0830d5a5ea337d29229ca8d06-ad454155aeb469ee-00",
        "User-Agent": "azsdk-net-Data.AppConfiguration/1.7.0-alpha.20250729.1 (.NET 9.0.4; Microsoft Windows 10.0.26100)",
        "x-ms-client-request-id": "Sanitized",
        "x-ms-content-sha256": "Sanitized",
        "x-ms-return-client-request-id": "true"
      },
      "RequestBody": null,
      "StatusCode": 200,
      "ResponseHeaders": {
        "Access-Control-Allow-Origin": "*",
        "Connection": "keep-alive",
        "Content-Type": "application/vnd.microsoft.appconfig.snapshot+json; charset=utf-8",
        "Date": "Tue, 29 Jul 2025 17:42:20 GMT",
        "ETag": "\"hrV4HGJLTD09Gs_zQxBh74fQz7dP1ebt8FYxHtI1cv4\"",
        "Last-Modified": "Tue, 29 Jul 2025 17:42:15 GMT",
        "Link": "</kv?snapshot=snapshot-196090669&api-version=2023-11-01>; rel=\"items\"",
        "Strict-Transport-Security": "max-age=31536000; includeSubDomains",
        "Sync-Token": "zAJw6V16=Njo1IzUxNTQ5NTQ0;sn=51549544",
        "Transfer-Encoding": "chunked",
        "x-ms-client-request-id": "Sanitized",
        "x-ms-correlation-request-id": "65f11abb-c327-400a-866f-f2083bd6236e",
        "x-ms-request-id": "65f11abb-c327-400a-866f-f2083bd6236e"
      },
      "ResponseBody": {
        "etag": "hrV4HGJLTD09Gs_zQxBh74fQz7dP1ebt8FYxHtI1cv4",
        "name": "snapshot-196090669",
        "status": "ready",
        "filters": [
          {
            "key": "key-665907231",
            "label": null,
            "tags": []
          }
        ],
        "composition_type": "key",
        "created": "2025-07-29T17:42:00+00:00",
        "size": 1000,
        "items_count": 0,
        "tags": {},
        "retention_period": 2592000
      }
    },
    {
      "RequestUri": "https://te0e57d80fe738c82-azconfig-net.azconfig.io/snapshots/snapshot-196090669?api-version=2023-11-01",
      "RequestMethod": "GET",
      "RequestHeaders": {
        "Accept": "application/problem+json, application/vnd.microsoft.appconfig.snapshot+json",
        "Authorization": "Sanitized",
        "Date": "Tue, 29 Jul 2025 17:42:18 GMT",
        "Sync-Token": "zAJw6V16=Njo1IzUxNTQ5NTQ0",
        "traceparent": "00-e6e95bae7c11086e8ddfdc0b09c1ce80-1165aa8597508077-00",
        "User-Agent": "azsdk-net-Data.AppConfiguration/1.7.0-alpha.20250729.1 (.NET 9.0.4; Microsoft Windows 10.0.26100)",
        "x-ms-client-request-id": "Sanitized",
        "x-ms-content-sha256": "Sanitized",
        "x-ms-return-client-request-id": "true"
      },
      "RequestBody": null,
      "StatusCode": 200,
      "ResponseHeaders": {
        "Access-Control-Allow-Origin": "*",
        "Connection": "keep-alive",
        "Content-Type": "application/vnd.microsoft.appconfig.snapshot+json; charset=utf-8",
        "Date": "Tue, 29 Jul 2025 17:42:20 GMT",
        "ETag": "\"hrV4HGJLTD09Gs_zQxBh74fQz7dP1ebt8FYxHtI1cv4\"",
        "Last-Modified": "Tue, 29 Jul 2025 17:42:15 GMT",
        "Link": "</kv?snapshot=snapshot-196090669&api-version=2023-11-01>; rel=\"items\"",
        "Strict-Transport-Security": "max-age=31536000; includeSubDomains",
        "Sync-Token": "zAJw6V16=Njo1IzUxNTQ5NTQ0;sn=51549544",
        "Transfer-Encoding": "chunked",
        "x-ms-client-request-id": "Sanitized",
        "x-ms-correlation-request-id": "1435e658-ad39-4379-941d-aea9ad59de35",
        "x-ms-request-id": "1435e658-ad39-4379-941d-aea9ad59de35"
      },
      "ResponseBody": {
        "etag": "hrV4HGJLTD09Gs_zQxBh74fQz7dP1ebt8FYxHtI1cv4",
        "name": "snapshot-196090669",
        "status": "ready",
        "filters": [
          {
            "key": "key-665907231",
            "label": null,
            "tags": []
          }
        ],
        "composition_type": "key",
        "created": "2025-07-29T17:42:00+00:00",
        "size": 1000,
        "items_count": 0,
        "tags": {},
        "retention_period": 2592000
      }
    },
    {
      "RequestUri": "https://te0e57d80fe738c82-azconfig-net.azconfig.io/kv/key-665907231?api-version=2023-11-01&label=test_label",
      "RequestMethod": "DELETE",
      "RequestHeaders": {
        "Accept": "application/problem+json, application/vnd.microsoft.appconfig.kv+json",
        "Authorization": "Sanitized",
        "Date": "Tue, 29 Jul 2025 17:42:19 GMT",
        "Sync-Token": "zAJw6V16=Njo1IzUxNTQ5NTQ0",
        "traceparent": "00-6f4dcc2944b650a36eaf8a576507a0bc-742b1363e4ff3014-00",
        "User-Agent": "azsdk-net-Data.AppConfiguration/1.7.0-alpha.20250729.1 (.NET 9.0.4; Microsoft Windows 10.0.26100)",
        "x-ms-client-request-id": "Sanitized",
        "x-ms-content-sha256": "Sanitized",
        "x-ms-return-client-request-id": "true"
      },
      "RequestBody": null,
      "StatusCode": 200,
      "ResponseHeaders": {
        "Access-Control-Allow-Origin": "*",
        "Connection": "keep-alive",
        "Content-Type": "application/vnd.microsoft.appconfig.kv+json; charset=utf-8",
        "Date": "Tue, 29 Jul 2025 17:42:20 GMT",
        "ETag": "\"vK04xvOdsSudOVgxAY3GkBIGD4sLCLOgfg1ZF8K_KJc\"",
        "Last-Modified": "Tue, 29 Jul 2025 17:41:59 GMT",
        "Strict-Transport-Security": "max-age=31536000; includeSubDomains",
        "Sync-Token": "zAJw6V16=Njo1IzUxNTQ5NTQ1;sn=51549545",
        "Transfer-Encoding": "chunked",
        "x-ms-client-request-id": "Sanitized",
        "x-ms-correlation-request-id": "4c9724c2-1226-4e24-8d32-f389129cf83d",
        "x-ms-request-id": "4c9724c2-1226-4e24-8d32-f389129cf83d"
      },
      "ResponseBody": {
        "etag": "vK04xvOdsSudOVgxAY3GkBIGD4sLCLOgfg1ZF8K_KJc",
        "key": "key-665907231",
        "label": "test_label",
        "content_type": "test_content_type",
        "value": "test_value",
        "tags": {
          "tag1": "value1",
          "tag2": "value2"
        },
        "locked": false,
        "last_modified": "2025-07-29T17:41:59+00:00"
      }
    }
  ],
  "Variables": {
    "APPCONFIGURATION_CONNECTION_STRING": "Endpoint=https://te0e57d80fe738c82-azconfig-net.azconfig.io;Id=L29Y;Secret=Kg==",
    "RandomSeed": "1720293248"
  }
}
