{
  "Entries": [
    {
      "RequestUri": "https://tdfcae3cf5eab7143-azconfig-net.azconfig.io/kv/key-1739062850?api-version=2023-11-01&label=test_label",
      "RequestMethod": "PUT",
      "RequestHeaders": {
        "Accept": "application/problem+json, application/vnd.microsoft.appconfig.kv+json",
        "Authorization": "Sanitized",
        "Content-Length": "98",
        "Content-Type": "application/json",
        "Date": "Thu, 12 Jun 2025 16:19:00 GMT",
        "If-None-Match": "*",
        "traceparent": "00-1200396dfaf8aa2f6705376ccaee80c0-96a28500ff8b9ac1-00",
        "User-Agent": "azsdk-net-Data.AppConfiguration/1.7.0-alpha.20250612.1 (.NET 9.0.4; Microsoft Windows 10.0.26100)",
        "x-ms-client-request-id": "Sanitized",
        "x-ms-content-sha256": "Sanitized",
        "x-ms-return-client-request-id": "true"
      },
      "RequestBody": {
        "value": "test_value",
        "content_type": "test_content_type",
        "tags": {
          "tag1": "value1",
          "tag2": "value2"
        }
      },
      "StatusCode": 200,
      "ResponseHeaders": {
        "Access-Control-Allow-Origin": "*",
        "Connection": "keep-alive",
        "Content-Type": "application/vnd.microsoft.appconfig.kv+json; charset=utf-8",
        "Date": "Thu, 12 Jun 2025 16:19:01 GMT",
        "ETag": "\"rP9YUSMKy0zMwGm5WoZGee4kMOoTjwX39oTlZPTYcxk\"",
        "Last-Modified": "Thu, 12 Jun 2025 16:19:01 GMT",
        "Strict-Transport-Security": "max-age=31536000; includeSubDomains",
        "Sync-Token": "zAJw6V16=Mzo1IzQyMjIwNTg2;sn=42220586",
        "Transfer-Encoding": "chunked",
        "x-ms-client-request-id": "Sanitized",
        "x-ms-correlation-request-id": "30754d29-a80b-466c-9af5-d11dd81cce2c",
        "x-ms-request-id": "30754d29-a80b-466c-9af5-d11dd81cce2c"
      },
      "ResponseBody": {
        "etag": "rP9YUSMKy0zMwGm5WoZGee4kMOoTjwX39oTlZPTYcxk",
        "key": "key-1739062850",
        "label": "test_label",
        "content_type": "test_content_type",
        "value": "test_value",
        "tags": {
          "tag1": "value1",
          "tag2": "value2"
        },
        "locked": false,
        "last_modified": "2025-06-12T16:19:01+00:00"
      }
    },
    {
      "RequestUri": "https://tdfcae3cf5eab7143-azconfig-net.azconfig.io/snapshots/snapshot-1103249937?api-version=2023-11-01",
      "RequestMethod": "PUT",
      "RequestHeaders": {
        "Accept": "application/problem+json, application/vnd.microsoft.appconfig.snapshot+json",
        "Authorization": "Sanitized",
        "Content-Length": "75",
        "Content-Type": "application/json",
        "Date": "Thu, 12 Jun 2025 16:19:00 GMT",
        "Sync-Token": "zAJw6V16=Mzo1IzQyMjIwNTg2",
        "traceparent": "00-33df7feb79fe06d24ab24aefacad8d84-f0a81d1772757c4f-00",
        "User-Agent": "azsdk-net-Data.AppConfiguration/1.7.0-alpha.20250612.1 (.NET 9.0.4; Microsoft Windows 10.0.26100)",
        "x-ms-client-request-id": "Sanitized",
        "x-ms-content-sha256": "Sanitized",
        "x-ms-return-client-request-id": "true"
      },
      "RequestBody": {
        "filters": [
          {
            "key": "key-1739062850",
            "tags": [
              "tag1=value1",
              "tag2=value2"
            ]
          }
        ]
      },
      "StatusCode": 201,
      "ResponseHeaders": {
        "Access-Control-Allow-Origin": "*",
        "Connection": "keep-alive",
        "Content-Type": "application/vnd.microsoft.appconfig.snapshot+json; charset=utf-8",
        "Date": "Thu, 12 Jun 2025 16:19:01 GMT",
        "ETag": "\"2l7uk0zSniNP5AiXW5cYOOjKRCSUK2YaJajLYNfKkSc\"",
        "Last-Modified": "Thu, 12 Jun 2025 16:19:01 GMT",
        "Link": "</kv?snapshot=snapshot-1103249937&api-version=2023-11-01>; rel=\"items\"",
        "Operation-Location": "https://tdfcae3cf5eab7143-azconfig-net.azconfig.io/operations?snapshot=snapshot-1103249937&api-version=2023-11-01",
        "Strict-Transport-Security": "max-age=31536000; includeSubDomains",
        "Sync-Token": "zAJw6V16=Mzo1IzQyMjIwNTg3;sn=42220587",
        "Transfer-Encoding": "chunked",
        "x-ms-client-request-id": "Sanitized",
        "x-ms-correlation-request-id": "3ec1cf10-51ec-4911-98bf-570be01f0c48",
        "x-ms-request-id": "3ec1cf10-51ec-4911-98bf-570be01f0c48"
      },
      "ResponseBody": {
        "etag": "2l7uk0zSniNP5AiXW5cYOOjKRCSUK2YaJajLYNfKkSc",
        "name": "snapshot-1103249937",
        "status": "provisioning",
        "filters": [
          {
            "key": "key-1739062850",
            "label": null,
            "tags": [
              "tag1=value1",
              "tag2=value2"
            ]
          }
        ],
        "composition_type": "key",
        "created": "2025-06-12T16:19:01.2760614+00:00",
        "size": 0,
        "items_count": 0,
        "tags": {},
        "retention_period": 2592000
      }
    },
    {
      "RequestUri": "https://tdfcae3cf5eab7143-azconfig-net.azconfig.io/operations?snapshot=snapshot-1103249937&api-version=2023-11-01",
      "RequestMethod": "GET",
      "RequestHeaders": {
        "Authorization": "Sanitized",
        "Date": "Thu, 12 Jun 2025 16:19:00 GMT",
        "Sync-Token": "zAJw6V16=Mzo1IzQyMjIwNTg3",
        "User-Agent": "azsdk-net-Data.AppConfiguration/1.7.0-alpha.20250612.1 (.NET 9.0.4; Microsoft Windows 10.0.26100)",
        "x-ms-client-request-id": "Sanitized",
        "x-ms-content-sha256": "Sanitized",
        "x-ms-return-client-request-id": "true"
      },
      "RequestBody": null,
      "StatusCode": 200,
      "ResponseHeaders": {
        "Access-Control-Allow-Origin": "*",
        "Connection": "keep-alive",
        "Content-Type": "application/json; charset=utf-8",
        "Date": "Thu, 12 Jun 2025 16:19:01 GMT",
        "Retry-After": "10",
        "Strict-Transport-Security": "max-age=31536000; includeSubDomains",
        "Sync-Token": "zAJw6V16=Mzo1IzQyMjIwNTg3;sn=42220587",
        "Transfer-Encoding": "chunked",
        "x-ms-client-request-id": "Sanitized",
        "x-ms-correlation-request-id": "92202f9b-0996-4d00-b919-6b2547bbdebc",
        "x-ms-request-id": "92202f9b-0996-4d00-b919-6b2547bbdebc"
      },
      "ResponseBody": {
        "id": "LOqJzTLHn9oZ9PwWqZyYfNrXX-jABjCOHKOwXbX4ZCw",
        "status": "Running",
        "error": null
      }
    },
    {
      "RequestUri": "https://tdfcae3cf5eab7143-azconfig-net.azconfig.io/operations?snapshot=snapshot-1103249937&api-version=2023-11-01",
      "RequestMethod": "GET",
      "RequestHeaders": {
        "Authorization": "Sanitized",
        "Date": "Thu, 12 Jun 2025 16:19:11 GMT",
        "Sync-Token": "zAJw6V16=Mzo1IzQyMjIwNTg3",
        "User-Agent": "azsdk-net-Data.AppConfiguration/1.7.0-alpha.20250612.1 (.NET 9.0.4; Microsoft Windows 10.0.26100)",
        "x-ms-client-request-id": "Sanitized",
        "x-ms-content-sha256": "Sanitized",
        "x-ms-return-client-request-id": "true"
      },
      "RequestBody": null,
      "StatusCode": 200,
      "ResponseHeaders": {
        "Access-Control-Allow-Origin": "*",
        "Connection": "keep-alive",
        "Content-Type": "application/json; charset=utf-8",
        "Date": "Thu, 12 Jun 2025 16:19:11 GMT",
        "Strict-Transport-Security": "max-age=31536000; includeSubDomains",
        "Sync-Token": "zAJw6V16=Mzo1IzQyMjIwNTg4;sn=42220588",
        "Transfer-Encoding": "chunked",
        "x-ms-client-request-id": "Sanitized",
        "x-ms-correlation-request-id": "c5f128c2-3dcf-4c73-a624-4d378e3ab501",
        "x-ms-request-id": "c5f128c2-3dcf-4c73-a624-4d378e3ab501"
      },
      "ResponseBody": {
        "id": "LOqJzTLHn9oZ9PwWqZyYfNrXX-jABjCOHKOwXbX4ZCw",
        "status": "Succeeded",
        "error": null
      }
    },
    {
      "RequestUri": "https://tdfcae3cf5eab7143-azconfig-net.azconfig.io/snapshots/snapshot-1103249937?api-version=2023-11-01",
      "RequestMethod": "GET",
      "RequestHeaders": {
        "Authorization": "Sanitized",
        "Date": "Thu, 12 Jun 2025 16:19:11 GMT",
        "Sync-Token": "zAJw6V16=Mzo1IzQyMjIwNTg4",
        "User-Agent": "azsdk-net-Data.AppConfiguration/1.7.0-alpha.20250612.1 (.NET 9.0.4; Microsoft Windows 10.0.26100)",
        "x-ms-client-request-id": "Sanitized",
        "x-ms-content-sha256": "Sanitized",
        "x-ms-return-client-request-id": "true"
      },
      "RequestBody": null,
      "StatusCode": 200,
      "ResponseHeaders": {
        "Access-Control-Allow-Origin": "*",
        "Connection": "keep-alive",
        "Content-Type": "application/vnd.microsoft.appconfig.snapshot+json; charset=utf-8",
        "Date": "Thu, 12 Jun 2025 16:19:11 GMT",
        "ETag": "\"2l7uk0zSniNP5AiXW5cYOOjKRCSUK2YaJajLYNfKkSc\"",
        "Last-Modified": "Thu, 12 Jun 2025 16:19:06 GMT",
        "Link": "</kv?snapshot=snapshot-1103249937&api-version=2023-11-01>; rel=\"items\"",
        "Strict-Transport-Security": "max-age=31536000; includeSubDomains",
        "Sync-Token": "zAJw6V16=Mzo1IzQyMjIwNTg4;sn=42220588",
        "Transfer-Encoding": "chunked",
        "x-ms-client-request-id": "Sanitized",
        "x-ms-correlation-request-id": "98f85e7e-2a19-47eb-96c7-c84ce163f7ec",
        "x-ms-request-id": "98f85e7e-2a19-47eb-96c7-c84ce163f7ec"
      },
      "ResponseBody": {
        "etag": "2l7uk0zSniNP5AiXW5cYOOjKRCSUK2YaJajLYNfKkSc",
        "name": "snapshot-1103249937",
        "status": "ready",
        "filters": [
          {
            "key": "key-1739062850",
            "label": null,
            "tags": [
              "tag1=value1",
              "tag2=value2"
            ]
          }
        ],
        "composition_type": "key",
        "created": "2025-06-12T16:19:01+00:00",
        "size": 1000,
        "items_count": 0,
        "tags": {},
        "retention_period": 2592000
      }
    },
    {
      "RequestUri": "https://tdfcae3cf5eab7143-azconfig-net.azconfig.io/snapshots/snapshot-1103249937?api-version=2023-11-01",
      "RequestMethod": "GET",
      "RequestHeaders": {
        "Accept": "application/problem+json, application/vnd.microsoft.appconfig.snapshot+json",
        "Authorization": "Sanitized",
        "Date": "Thu, 12 Jun 2025 16:19:11 GMT",
        "Sync-Token": "zAJw6V16=Mzo1IzQyMjIwNTg4",
        "traceparent": "00-7541eae19cc7a61c031c4f0df2957b67-ba0d43dab8ae69b4-00",
        "User-Agent": "azsdk-net-Data.AppConfiguration/1.7.0-alpha.20250612.1 (.NET 9.0.4; Microsoft Windows 10.0.26100)",
        "x-ms-client-request-id": "Sanitized",
        "x-ms-content-sha256": "Sanitized",
        "x-ms-return-client-request-id": "true"
      },
      "RequestBody": null,
      "StatusCode": 200,
      "ResponseHeaders": {
        "Access-Control-Allow-Origin": "*",
        "Connection": "keep-alive",
        "Content-Type": "application/vnd.microsoft.appconfig.snapshot+json; charset=utf-8",
        "Date": "Thu, 12 Jun 2025 16:19:11 GMT",
        "ETag": "\"2l7uk0zSniNP5AiXW5cYOOjKRCSUK2YaJajLYNfKkSc\"",
        "Last-Modified": "Thu, 12 Jun 2025 16:19:06 GMT",
        "Link": "</kv?snapshot=snapshot-1103249937&api-version=2023-11-01>; rel=\"items\"",
        "Strict-Transport-Security": "max-age=31536000; includeSubDomains",
        "Sync-Token": "zAJw6V16=Mzo1IzQyMjIwNTg4;sn=42220588",
        "Transfer-Encoding": "chunked",
        "x-ms-client-request-id": "Sanitized",
        "x-ms-correlation-request-id": "50c3131b-a423-472f-8a5e-a40f120ea9ad",
        "x-ms-request-id": "50c3131b-a423-472f-8a5e-a40f120ea9ad"
      },
      "ResponseBody": {
        "etag": "2l7uk0zSniNP5AiXW5cYOOjKRCSUK2YaJajLYNfKkSc",
        "name": "snapshot-1103249937",
        "status": "ready",
        "filters": [
          {
            "key": "key-1739062850",
            "label": null,
            "tags": [
              "tag1=value1",
              "tag2=value2"
            ]
          }
        ],
        "composition_type": "key",
        "created": "2025-06-12T16:19:01+00:00",
        "size": 1000,
        "items_count": 0,
        "tags": {},
        "retention_period": 2592000
      }
    },
    {
      "RequestUri": "https://tdfcae3cf5eab7143-azconfig-net.azconfig.io/kv/key-1739062850?api-version=2023-11-01&label=test_label",
      "RequestMethod": "DELETE",
      "RequestHeaders": {
        "Accept": "application/problem+json, application/vnd.microsoft.appconfig.kv+json",
        "Authorization": "Sanitized",
        "Date": "Thu, 12 Jun 2025 16:19:11 GMT",
        "Sync-Token": "zAJw6V16=Mzo1IzQyMjIwNTg4",
        "traceparent": "00-4b923dbeab310681317a054a19e3b901-96003c14209e10fc-00",
        "User-Agent": "azsdk-net-Data.AppConfiguration/1.7.0-alpha.20250612.1 (.NET 9.0.4; Microsoft Windows 10.0.26100)",
        "x-ms-client-request-id": "Sanitized",
        "x-ms-content-sha256": "Sanitized",
        "x-ms-return-client-request-id": "true"
      },
      "RequestBody": null,
      "StatusCode": 200,
      "ResponseHeaders": {
        "Access-Control-Allow-Origin": "*",
        "Connection": "keep-alive",
        "Content-Type": "application/vnd.microsoft.appconfig.kv+json; charset=utf-8",
        "Date": "Thu, 12 Jun 2025 16:19:11 GMT",
        "ETag": "\"rP9YUSMKy0zMwGm5WoZGee4kMOoTjwX39oTlZPTYcxk\"",
        "Last-Modified": "Thu, 12 Jun 2025 16:19:01 GMT",
        "Strict-Transport-Security": "max-age=31536000; includeSubDomains",
        "Sync-Token": "zAJw6V16=Mzo1IzQyMjIwNTg5;sn=42220589",
        "Transfer-Encoding": "chunked",
        "x-ms-client-request-id": "Sanitized",
        "x-ms-correlation-request-id": "48412613-0813-41bd-b6bd-537de4680619",
        "x-ms-request-id": "48412613-0813-41bd-b6bd-537de4680619"
      },
      "ResponseBody": {
        "etag": "rP9YUSMKy0zMwGm5WoZGee4kMOoTjwX39oTlZPTYcxk",
        "key": "key-1739062850",
        "label": "test_label",
        "content_type": "test_content_type",
        "value": "test_value",
        "tags": {
          "tag1": "value1",
          "tag2": "value2"
        },
        "locked": false,
        "last_modified": "2025-06-12T16:19:01+00:00"
      }
    }
  ],
  "Variables": {
    "APPCONFIGURATION_CONNECTION_STRING": "Endpoint=https://tdfcae3cf5eab7143-azconfig-net.azconfig.io;Id=GAEe;Secret=Kg==",
    "RandomSeed": "1942595819"
  }
}
