{
  "Entries": [
    {
      "RequestUri": "https://t02f6e87f544544f3-azconfig-net.azconfig.io/kv/key-806744199?label=test_label\u0026api-version=2022-11-01-preview",
      "RequestMethod": "PUT",
      "RequestHeaders": {
        "Accept": "application/vnd.microsoft.appconfig.kv\u002Bjson, application/problem\u002Bjson",
        "Authorization": "Sanitized",
        "Content-Length": "98",
        "Content-Type": "application/json",
        "Date": "Fri, 30 Jun 2023 19:18:00 GMT",
        "traceparent": "00-92281ccce995f88826377892510924a2-61b88b926affb9d5-00",
        "User-Agent": "azsdk-net-Data.AppConfiguration/1.3.0-alpha.20230630.1 (.NET 7.0.7; Microsoft Windows 10.0.22621)",
        "x-ms-client-request-id": "7537bb65ac3d3e24cda2d3831aa94463",
        "x-ms-content-sha256": "b11OQu6GthUatwGXUIKHHSRVyik0TdrUk5kZm3yZd2A=",
        "x-ms-return-client-request-id": "true"
      },
      "RequestBody": {
        "value": "test_value",
        "content_type": "test_content_type",
        "tags": {
          "tag1": "value1",
          "tag2": "value2"
        }
      },
      "StatusCode": 200,
      "ResponseHeaders": {
        "Access-Control-Allow-Credentials": "true",
        "Access-Control-Allow-Origin": "*",
        "Access-Control-Expose-Headers": "DNT, X-CustomHeader, Keep-Alive, User-Agent, X-Requested-With, If-Modified-Since, Cache-Control, Content-Type, Authorization, x-ms-client-request-id, x-ms-useragent, x-ms-content-sha256, x-ms-date, host, Accept, Accept-Datetime, Date, If-Match, If-None-Match, Sync-Token, x-ms-return-client-request-id, ETag, Last-Modified, Link, Memento-Datetime, retry-after-ms, x-ms-request-id, x-ms-client-session-id, x-ms-effective-locale, WWW-Authenticate, traceparent, tracestate, Operation-Location, Retry-After",
        "Connection": "keep-alive",
        "Content-Type": "application/vnd.microsoft.appconfig.kv\u002Bjson; charset=utf-8",
        "Date": "Fri, 30 Jun 2023 19:18:00 GMT",
        "ETag": "\u0022DpEVM74IJn_eeItUxsfyxT8Uy29qoQMyd-g34sIa838\u0022",
        "Last-Modified": "Fri, 30 Jun 2023 19:18:00 GMT",
        "Server": "openresty/1.21.4.1",
        "Strict-Transport-Security": "max-age=15724800; includeSubDomains",
        "Sync-Token": "zAJw6V16=ODo1IzI0ODcwMjU3;sn=24870257",
        "Transfer-Encoding": "chunked",
        "x-ms-client-request-id": "7537bb65ac3d3e24cda2d3831aa94463",
        "x-ms-correlation-request-id": "e0893076-482f-4396-ae7d-cacbf67f48b4",
        "x-ms-request-id": "e0893076-482f-4396-ae7d-cacbf67f48b4"
      },
      "ResponseBody": {
        "etag": "DpEVM74IJn_eeItUxsfyxT8Uy29qoQMyd-g34sIa838",
        "key": "key-806744199",
        "label": "test_label",
        "content_type": "test_content_type",
        "value": "test_value",
        "tags": {
          "tag1": "value1",
          "tag2": "value2"
        },
        "locked": false,
        "last_modified": "2023-06-30T19:18:00\u002B00:00"
      }
    },
    {
      "RequestUri": "https://t02f6e87f544544f3-azconfig-net.azconfig.io/snapshots/snapshot_wait_until_completed-4308bd4f-db94-4c41-995d-15c06f5fb3ad?api-version=2022-11-01-preview",
      "RequestMethod": "PUT",
      "RequestHeaders": {
        "Accept": "application/vnd.microsoft.appconfig.snapshot\u002Bjson, application/problem\u002Bjson",
        "Authorization": "Sanitized",
        "Content-Length": "37",
        "Content-Type": "application/json",
        "Date": "Fri, 30 Jun 2023 19:18:00 GMT",
        "Sync-Token": "zAJw6V16=ODo1IzI0ODcwMjU3",
        "traceparent": "00-d71fa5309498e68729cd7a1148166b1f-07aa861710cb9745-00",
        "User-Agent": "azsdk-net-Data.AppConfiguration/1.3.0-alpha.20230630.1 (.NET 7.0.7; Microsoft Windows 10.0.22621)",
        "x-ms-client-request-id": "eb4e84a4c890312ff2e40986240bd0d3",
        "x-ms-content-sha256": "mCH4sJBfwxJXfSTOuO9xGags1dUdYD4AIt89DJPiHyY=",
        "x-ms-return-client-request-id": "true"
      },
      "RequestBody": {
        "filters": [
          {
            "key": "key-806744199"
          }
        ]
      },
      "StatusCode": 201,
      "ResponseHeaders": {
        "Access-Control-Allow-Credentials": "true",
        "Access-Control-Allow-Origin": "*",
        "Access-Control-Expose-Headers": "DNT, X-CustomHeader, Keep-Alive, User-Agent, X-Requested-With, If-Modified-Since, Cache-Control, Content-Type, Authorization, x-ms-client-request-id, x-ms-useragent, x-ms-content-sha256, x-ms-date, host, Accept, Accept-Datetime, Date, If-Match, If-None-Match, Sync-Token, x-ms-return-client-request-id, ETag, Last-Modified, Link, Memento-Datetime, retry-after-ms, x-ms-request-id, x-ms-client-session-id, x-ms-effective-locale, WWW-Authenticate, traceparent, tracestate, Operation-Location, Retry-After",
        "Connection": "keep-alive",
        "Content-Type": "application/vnd.microsoft.appconfig.snapshot\u002Bjson; charset=utf-8",
        "Date": "Fri, 30 Jun 2023 19:18:00 GMT",
        "ETag": "\u0022TtMgKHMp791VRqu6Vm3XpxhVAYm8ba6ItupiAPMHLGs\u0022",
        "Last-Modified": "Fri, 30 Jun 2023 19:18:00 GMT",
        "Link": "\u003C/kv?snapshot=snapshot_wait_until_completed-4308bd4f-db94-4c41-995d-15c06f5fb3ad\u0026api-version=2022-11-01-preview\u003E; rel=\u0022items\u0022",
        "Operation-Location": "https://t02f6e87f544544f3-azconfig-net.azconfig.io/operations?snapshot=snapshot_wait_until_completed-4308bd4f-db94-4c41-995d-15c06f5fb3ad\u0026api-version=2022-11-01-preview",
        "Server": "openresty/1.21.4.1",
        "Strict-Transport-Security": "max-age=15724800; includeSubDomains",
        "Sync-Token": "zAJw6V16=ODo1IzI0ODcwMjU4;sn=24870258",
        "Transfer-Encoding": "chunked",
        "x-ms-client-request-id": "eb4e84a4c890312ff2e40986240bd0d3",
        "x-ms-correlation-request-id": "b1185a49-f181-4985-b288-089d4b44b66f",
        "x-ms-request-id": "b1185a49-f181-4985-b288-089d4b44b66f"
      },
      "ResponseBody": {
        "etag": "TtMgKHMp791VRqu6Vm3XpxhVAYm8ba6ItupiAPMHLGs",
        "name": "snapshot_wait_until_completed-4308bd4f-db94-4c41-995d-15c06f5fb3ad",
        "status": "provisioning",
        "filters": [
          {
            "key": "key-806744199",
            "label": null
          }
        ],
        "composition_type": "key",
        "created": "2023-06-30T19:18:00\u002B00:00",
        "size": 0,
        "items_count": 0,
        "tags": {},
        "retention_period": 2592000
      }
    },
    {
      "RequestUri": "https://t02f6e87f544544f3-azconfig-net.azconfig.io/operations?snapshot=snapshot_wait_until_completed-4308bd4f-db94-4c41-995d-15c06f5fb3ad\u0026api-version=2022-11-01-preview",
      "RequestMethod": "GET",
      "RequestHeaders": {
        "Authorization": "Sanitized",
        "Date": "Fri, 30 Jun 2023 19:18:00 GMT",
        "Sync-Token": "zAJw6V16=ODo1IzI0ODcwMjU4",
        "traceparent": "00-d71fa5309498e68729cd7a1148166b1f-c4da6b7dec1ded76-00",
        "User-Agent": "azsdk-net-Data.AppConfiguration/1.3.0-alpha.20230630.1 (.NET 7.0.7; Microsoft Windows 10.0.22621)",
        "x-ms-client-request-id": "df41f951dbb9f34ba1739a82e601eccb",
        "x-ms-content-sha256": "47DEQpj8HBSa\u002B/TImW\u002B5JCeuQeRkm5NMpJWZG3hSuFU=",
        "x-ms-return-client-request-id": "true"
      },
      "RequestBody": null,
      "StatusCode": 200,
      "ResponseHeaders": {
        "Access-Control-Allow-Credentials": "true",
        "Access-Control-Allow-Origin": "*",
        "Access-Control-Expose-Headers": "DNT, X-CustomHeader, Keep-Alive, User-Agent, X-Requested-With, If-Modified-Since, Cache-Control, Content-Type, Authorization, x-ms-client-request-id, x-ms-useragent, x-ms-content-sha256, x-ms-date, host, Accept, Accept-Datetime, Date, If-Match, If-None-Match, Sync-Token, x-ms-return-client-request-id, ETag, Last-Modified, Link, Memento-Datetime, retry-after-ms, x-ms-request-id, x-ms-client-session-id, x-ms-effective-locale, WWW-Authenticate, traceparent, tracestate, Operation-Location, Retry-After",
        "Connection": "keep-alive",
        "Content-Type": "application/json; charset=utf-8",
        "Date": "Fri, 30 Jun 2023 19:18:00 GMT",
        "Retry-After": "10",
        "Server": "openresty/1.21.4.1",
        "Strict-Transport-Security": "max-age=15724800; includeSubDomains",
        "Sync-Token": "zAJw6V16=ODo1IzI0ODcwMjU4;sn=24870258",
        "Transfer-Encoding": "chunked",
        "Vary": "Accept-Encoding",
        "x-ms-client-request-id": "df41f951dbb9f34ba1739a82e601eccb",
        "x-ms-correlation-request-id": "3597ec30-a432-4817-b640-4a5a94fa166f",
        "x-ms-request-id": "3597ec30-a432-4817-b640-4a5a94fa166f"
      },
      "ResponseBody": {
        "id": "yPf3zHNR-bSdTudKYxI_yTUAEEOD9w5Ai3HqHQoik2M",
        "status": "Running",
        "error": null
      }
    },
    {
      "RequestUri": "https://t02f6e87f544544f3-azconfig-net.azconfig.io/operations?snapshot=snapshot_wait_until_completed-4308bd4f-db94-4c41-995d-15c06f5fb3ad\u0026api-version=2022-11-01-preview",
      "RequestMethod": "GET",
      "RequestHeaders": {
        "Authorization": "Sanitized",
        "Date": "Fri, 30 Jun 2023 19:18:10 GMT",
        "Sync-Token": "zAJw6V16=ODo1IzI0ODcwMjU4",
        "traceparent": "00-d71fa5309498e68729cd7a1148166b1f-874548ebbc79af48-00",
        "User-Agent": "azsdk-net-Data.AppConfiguration/1.3.0-alpha.20230630.1 (.NET 7.0.7; Microsoft Windows 10.0.22621)",
        "x-ms-client-request-id": "0fbd6dbb48369df78c058358a39e1ac1",
        "x-ms-content-sha256": "47DEQpj8HBSa\u002B/TImW\u002B5JCeuQeRkm5NMpJWZG3hSuFU=",
        "x-ms-return-client-request-id": "true"
      },
      "RequestBody": null,
      "StatusCode": 200,
      "ResponseHeaders": {
        "Access-Control-Allow-Credentials": "true",
        "Access-Control-Allow-Origin": "*",
        "Access-Control-Expose-Headers": "DNT, X-CustomHeader, Keep-Alive, User-Agent, X-Requested-With, If-Modified-Since, Cache-Control, Content-Type, Authorization, x-ms-client-request-id, x-ms-useragent, x-ms-content-sha256, x-ms-date, host, Accept, Accept-Datetime, Date, If-Match, If-None-Match, Sync-Token, x-ms-return-client-request-id, ETag, Last-Modified, Link, Memento-Datetime, retry-after-ms, x-ms-request-id, x-ms-client-session-id, x-ms-effective-locale, WWW-Authenticate, traceparent, tracestate, Operation-Location, Retry-After",
        "Connection": "keep-alive",
        "Content-Type": "application/json; charset=utf-8",
        "Date": "Fri, 30 Jun 2023 19:18:10 GMT",
        "Retry-After": "10",
        "Server": "openresty/1.21.4.1",
        "Strict-Transport-Security": "max-age=15724800; includeSubDomains",
        "Sync-Token": "zAJw6V16=ODo1IzI0ODcwMjU4;sn=24870258",
        "Transfer-Encoding": "chunked",
        "Vary": "Accept-Encoding",
        "x-ms-client-request-id": "0fbd6dbb48369df78c058358a39e1ac1",
        "x-ms-correlation-request-id": "24def4cd-e57e-45ed-8243-07830ffe8b06",
        "x-ms-request-id": "24def4cd-e57e-45ed-8243-07830ffe8b06"
      },
      "ResponseBody": {
        "id": "yPf3zHNR-bSdTudKYxI_yTUAEEOD9w5Ai3HqHQoik2M",
        "status": "Running",
        "error": null
      }
    },
    {
      "RequestUri": "https://t02f6e87f544544f3-azconfig-net.azconfig.io/operations?snapshot=snapshot_wait_until_completed-4308bd4f-db94-4c41-995d-15c06f5fb3ad\u0026api-version=2022-11-01-preview",
      "RequestMethod": "GET",
      "RequestHeaders": {
        "Authorization": "Sanitized",
        "Date": "Fri, 30 Jun 2023 19:18:21 GMT",
        "Sync-Token": "zAJw6V16=ODo1IzI0ODcwMjU4",
        "traceparent": "00-d71fa5309498e68729cd7a1148166b1f-15b86aee6804a9b4-00",
        "User-Agent": "azsdk-net-Data.AppConfiguration/1.3.0-alpha.20230630.1 (.NET 7.0.7; Microsoft Windows 10.0.22621)",
        "x-ms-client-request-id": "213200d16468c9a9385a491c2eac4af1",
        "x-ms-content-sha256": "47DEQpj8HBSa\u002B/TImW\u002B5JCeuQeRkm5NMpJWZG3hSuFU=",
        "x-ms-return-client-request-id": "true"
      },
      "RequestBody": null,
      "StatusCode": 200,
      "ResponseHeaders": {
        "Access-Control-Allow-Credentials": "true",
        "Access-Control-Allow-Origin": "*",
        "Access-Control-Expose-Headers": "DNT, X-CustomHeader, Keep-Alive, User-Agent, X-Requested-With, If-Modified-Since, Cache-Control, Content-Type, Authorization, x-ms-client-request-id, x-ms-useragent, x-ms-content-sha256, x-ms-date, host, Accept, Accept-Datetime, Date, If-Match, If-None-Match, Sync-Token, x-ms-return-client-request-id, ETag, Last-Modified, Link, Memento-Datetime, retry-after-ms, x-ms-request-id, x-ms-client-session-id, x-ms-effective-locale, WWW-Authenticate, traceparent, tracestate, Operation-Location, Retry-After",
        "Connection": "keep-alive",
        "Content-Type": "application/json; charset=utf-8",
        "Date": "Fri, 30 Jun 2023 19:18:20 GMT",
        "Server": "openresty/1.21.4.1",
        "Strict-Transport-Security": "max-age=15724800; includeSubDomains",
        "Sync-Token": "zAJw6V16=ODo1IzI0ODcwMjU5;sn=24870259",
        "Transfer-Encoding": "chunked",
        "Vary": "Accept-Encoding",
        "x-ms-client-request-id": "213200d16468c9a9385a491c2eac4af1",
        "x-ms-correlation-request-id": "caa9da4c-d1c9-4e4c-92e4-b742149e4c0d",
        "x-ms-request-id": "caa9da4c-d1c9-4e4c-92e4-b742149e4c0d"
      },
      "ResponseBody": {
        "id": "yPf3zHNR-bSdTudKYxI_yTUAEEOD9w5Ai3HqHQoik2M",
        "status": "Succeeded",
        "error": null
      }
    },
    {
      "RequestUri": "https://t02f6e87f544544f3-azconfig-net.azconfig.io/snapshots/snapshot_wait_until_completed-4308bd4f-db94-4c41-995d-15c06f5fb3ad?api-version=2022-11-01-preview",
      "RequestMethod": "GET",
      "RequestHeaders": {
        "Authorization": "Sanitized",
        "Date": "Fri, 30 Jun 2023 19:18:21 GMT",
        "Sync-Token": "zAJw6V16=ODo1IzI0ODcwMjU5",
        "traceparent": "00-d71fa5309498e68729cd7a1148166b1f-18a1c5f4b1f8e696-00",
        "User-Agent": "azsdk-net-Data.AppConfiguration/1.3.0-alpha.20230630.1 (.NET 7.0.7; Microsoft Windows 10.0.22621)",
        "x-ms-client-request-id": "b7ca3ef7c14e089c02a353b358f35003",
        "x-ms-content-sha256": "47DEQpj8HBSa\u002B/TImW\u002B5JCeuQeRkm5NMpJWZG3hSuFU=",
        "x-ms-return-client-request-id": "true"
      },
      "RequestBody": null,
      "StatusCode": 200,
      "ResponseHeaders": {
        "Access-Control-Allow-Credentials": "true",
        "Access-Control-Allow-Origin": "*",
        "Access-Control-Expose-Headers": "DNT, X-CustomHeader, Keep-Alive, User-Agent, X-Requested-With, If-Modified-Since, Cache-Control, Content-Type, Authorization, x-ms-client-request-id, x-ms-useragent, x-ms-content-sha256, x-ms-date, host, Accept, Accept-Datetime, Date, If-Match, If-None-Match, Sync-Token, x-ms-return-client-request-id, ETag, Last-Modified, Link, Memento-Datetime, retry-after-ms, x-ms-request-id, x-ms-client-session-id, x-ms-effective-locale, WWW-Authenticate, traceparent, tracestate, Operation-Location, Retry-After",
        "Connection": "keep-alive",
        "Content-Type": "application/vnd.microsoft.appconfig.snapshot\u002Bjson; charset=utf-8",
        "Date": "Fri, 30 Jun 2023 19:18:20 GMT",
        "ETag": "\u0022TtMgKHMp791VRqu6Vm3XpxhVAYm8ba6ItupiAPMHLGs\u0022",
        "Last-Modified": "Fri, 30 Jun 2023 19:18:00 GMT",
        "Link": "\u003C/kv?snapshot=snapshot_wait_until_completed-4308bd4f-db94-4c41-995d-15c06f5fb3ad\u0026api-version=2022-11-01-preview\u003E; rel=\u0022items\u0022",
        "Server": "openresty/1.21.4.1",
        "Strict-Transport-Security": "max-age=15724800; includeSubDomains",
        "Sync-Token": "zAJw6V16=ODo1IzI0ODcwMjU5;sn=24870259",
        "Transfer-Encoding": "chunked",
        "x-ms-client-request-id": "b7ca3ef7c14e089c02a353b358f35003",
        "x-ms-correlation-request-id": "615b0cd6-45f4-4719-a630-704c9bccad28",
        "x-ms-request-id": "615b0cd6-45f4-4719-a630-704c9bccad28"
      },
      "ResponseBody": {
        "etag": "TtMgKHMp791VRqu6Vm3XpxhVAYm8ba6ItupiAPMHLGs",
        "name": "snapshot_wait_until_completed-4308bd4f-db94-4c41-995d-15c06f5fb3ad",
        "status": "ready",
        "filters": [
          {
            "key": "key-806744199",
            "label": null
          }
        ],
        "composition_type": "key",
        "created": "2023-06-30T19:18:00\u002B00:00",
        "size": 1000,
        "items_count": 0,
        "tags": {},
        "retention_period": 2592000
      }
    },
    {
      "RequestUri": "https://t02f6e87f544544f3-azconfig-net.azconfig.io/snapshots/snapshot_wait_until_completed-4308bd4f-db94-4c41-995d-15c06f5fb3ad?api-version=2022-11-01-preview",
      "RequestMethod": "GET",
      "RequestHeaders": {
        "Accept": "application/vnd.microsoft.appconfig.snapshot\u002Bjson, application/problem\u002Bjson",
        "Authorization": "Sanitized",
        "Date": "Fri, 30 Jun 2023 19:18:21 GMT",
        "Sync-Token": "zAJw6V16=ODo1IzI0ODcwMjU5",
        "traceparent": "00-70e4b32c896310082514995168622c3e-b352e05fe533288c-00",
        "User-Agent": "azsdk-net-Data.AppConfiguration/1.3.0-alpha.20230630.1 (.NET 7.0.7; Microsoft Windows 10.0.22621)",
        "x-ms-client-request-id": "e6b1d859cbce5663c3f4d6dcfeda6edf",
        "x-ms-content-sha256": "47DEQpj8HBSa\u002B/TImW\u002B5JCeuQeRkm5NMpJWZG3hSuFU=",
        "x-ms-return-client-request-id": "true"
      },
      "RequestBody": null,
      "StatusCode": 200,
      "ResponseHeaders": {
        "Access-Control-Allow-Credentials": "true",
        "Access-Control-Allow-Origin": "*",
        "Access-Control-Expose-Headers": "DNT, X-CustomHeader, Keep-Alive, User-Agent, X-Requested-With, If-Modified-Since, Cache-Control, Content-Type, Authorization, x-ms-client-request-id, x-ms-useragent, x-ms-content-sha256, x-ms-date, host, Accept, Accept-Datetime, Date, If-Match, If-None-Match, Sync-Token, x-ms-return-client-request-id, ETag, Last-Modified, Link, Memento-Datetime, retry-after-ms, x-ms-request-id, x-ms-client-session-id, x-ms-effective-locale, WWW-Authenticate, traceparent, tracestate, Operation-Location, Retry-After",
        "Connection": "keep-alive",
        "Content-Type": "application/vnd.microsoft.appconfig.snapshot\u002Bjson; charset=utf-8",
        "Date": "Fri, 30 Jun 2023 19:18:20 GMT",
        "ETag": "\u0022TtMgKHMp791VRqu6Vm3XpxhVAYm8ba6ItupiAPMHLGs\u0022",
        "Last-Modified": "Fri, 30 Jun 2023 19:18:00 GMT",
        "Link": "\u003C/kv?snapshot=snapshot_wait_until_completed-4308bd4f-db94-4c41-995d-15c06f5fb3ad\u0026api-version=2022-11-01-preview\u003E; rel=\u0022items\u0022",
        "Server": "openresty/1.21.4.1",
        "Strict-Transport-Security": "max-age=15724800; includeSubDomains",
        "Sync-Token": "zAJw6V16=ODo1IzI0ODcwMjU5;sn=24870259",
        "Transfer-Encoding": "chunked",
        "x-ms-client-request-id": "e6b1d859cbce5663c3f4d6dcfeda6edf",
        "x-ms-correlation-request-id": "e0283d04-40d0-4e56-9710-d8c4b63699b7",
        "x-ms-request-id": "e0283d04-40d0-4e56-9710-d8c4b63699b7"
      },
      "ResponseBody": {
        "etag": "TtMgKHMp791VRqu6Vm3XpxhVAYm8ba6ItupiAPMHLGs",
        "name": "snapshot_wait_until_completed-4308bd4f-db94-4c41-995d-15c06f5fb3ad",
        "status": "ready",
        "filters": [
          {
            "key": "key-806744199",
            "label": null
          }
        ],
        "composition_type": "key",
        "created": "2023-06-30T19:18:00\u002B00:00",
        "size": 1000,
        "items_count": 0,
        "tags": {},
        "retention_period": 2592000
      }
    },
    {
      "RequestUri": "https://t02f6e87f544544f3-azconfig-net.azconfig.io/kv/key-806744199?label=test_label\u0026api-version=2022-11-01-preview",
      "RequestMethod": "DELETE",
      "RequestHeaders": {
        "Accept": "application/vnd.microsoft.appconfig.kv\u002Bjson, application/problem\u002Bjson",
        "Authorization": "Sanitized",
        "Date": "Fri, 30 Jun 2023 19:18:21 GMT",
        "Sync-Token": "zAJw6V16=ODo1IzI0ODcwMjU5",
        "traceparent": "00-6a079d8d9346c950f7dee134e7745e8c-7e59a3d0b8e33b42-00",
        "User-Agent": "azsdk-net-Data.AppConfiguration/1.3.0-alpha.20230630.1 (.NET 7.0.7; Microsoft Windows 10.0.22621)",
        "x-ms-client-request-id": "646191bb63d30f7363291ec411f67145",
        "x-ms-content-sha256": "47DEQpj8HBSa\u002B/TImW\u002B5JCeuQeRkm5NMpJWZG3hSuFU=",
        "x-ms-return-client-request-id": "true"
      },
      "RequestBody": null,
      "StatusCode": 200,
      "ResponseHeaders": {
        "Access-Control-Allow-Credentials": "true",
        "Access-Control-Allow-Origin": "*",
        "Access-Control-Expose-Headers": "DNT, X-CustomHeader, Keep-Alive, User-Agent, X-Requested-With, If-Modified-Since, Cache-Control, Content-Type, Authorization, x-ms-client-request-id, x-ms-useragent, x-ms-content-sha256, x-ms-date, host, Accept, Accept-Datetime, Date, If-Match, If-None-Match, Sync-Token, x-ms-return-client-request-id, ETag, Last-Modified, Link, Memento-Datetime, retry-after-ms, x-ms-request-id, x-ms-client-session-id, x-ms-effective-locale, WWW-Authenticate, traceparent, tracestate, Operation-Location, Retry-After",
        "Connection": "keep-alive",
        "Content-Type": "application/vnd.microsoft.appconfig.kv\u002Bjson; charset=utf-8",
        "Date": "Fri, 30 Jun 2023 19:18:20 GMT",
        "ETag": "\u0022DpEVM74IJn_eeItUxsfyxT8Uy29qoQMyd-g34sIa838\u0022",
        "Last-Modified": "Fri, 30 Jun 2023 19:18:00 GMT",
        "Server": "openresty/1.21.4.1",
        "Strict-Transport-Security": "max-age=15724800; includeSubDomains",
        "Sync-Token": "zAJw6V16=ODo1IzI0ODcwMjYw;sn=24870260",
        "Transfer-Encoding": "chunked",
        "x-ms-client-request-id": "646191bb63d30f7363291ec411f67145",
        "x-ms-correlation-request-id": "0614404a-4594-40ae-9bed-ba4930c5c03f",
        "x-ms-request-id": "0614404a-4594-40ae-9bed-ba4930c5c03f"
      },
      "ResponseBody": {
        "etag": "DpEVM74IJn_eeItUxsfyxT8Uy29qoQMyd-g34sIa838",
        "key": "key-806744199",
        "label": "test_label",
        "content_type": "test_content_type",
        "value": "test_value",
        "tags": {
          "tag1": "value1",
          "tag2": "value2"
        },
        "locked": false,
        "last_modified": "2023-06-30T19:18:00\u002B00:00"
      }
    }
  ],
  "Variables": {
    "APPCONFIGURATION_CONNECTION_STRING": "Endpoint=https://t02f6e87f544544f3-azconfig-net.azconfig.io;Id=Ek\u002BM;Secret=Kg==",
    "RandomSeed": "1459152874"
  }
}
