{
  "Entries": [
    {
      "RequestUri": "https://appconfig-canary-2023-10-01.azconfig.io/kv/key-2119822334?label=test_label\u0026api-version=2023-10-01",
      "RequestMethod": "PUT",
      "RequestHeaders": {
        "Accept": "application/vnd.microsoft.appconfig.kv\u002Bjson, application/problem\u002Bjson",
        "Authorization": "Sanitized",
        "Content-Length": "98",
        "Content-Type": "application/json",
        "Date": "Fri, 03 Nov 2023 20:14:13 GMT",
        "If-None-Match": "*",
        "traceparent": "00-5c3393b4af468d296823151f72e45458-58915b0906232516-00",
        "User-Agent": "azsdk-net-Data.AppConfiguration/1.3.0-alpha.20231103.1 (.NET 7.0.13; Microsoft Windows 10.0.22631)",
        "x-ms-client-request-id": "561d3c7ea58ef3bfe3cdf1dbcf96b1ca",
        "x-ms-content-sha256": "b11OQu6GthUatwGXUIKHHSRVyik0TdrUk5kZm3yZd2A=",
        "x-ms-return-client-request-id": "true"
      },
      "RequestBody": {
        "value": "test_value",
        "content_type": "test_content_type",
        "tags": {
          "tag1": "value1",
          "tag2": "value2"
        }
      },
      "StatusCode": 200,
      "ResponseHeaders": {
        "Access-Control-Allow-Origin": "*",
        "Connection": "keep-alive",
        "Content-Type": "application/vnd.microsoft.appconfig.kv\u002Bjson; charset=utf-8",
        "Date": "Fri, 03 Nov 2023 20:14:14 GMT",
        "ETag": "\u0022oW-ViGRrEmCj-laJPckFJ9Y7jE6a5Z0dmxfRZAmTVyk\u0022",
        "Last-Modified": "Fri, 03 Nov 2023 20:14:14 GMT",
        "Strict-Transport-Security": "max-age=15724800; includeSubDomains",
        "Sync-Token": "zAJw6V16=NjoxNSM1MzM5NTI4;sn=5339528",
        "Transfer-Encoding": "chunked",
        "x-ms-client-request-id": "561d3c7ea58ef3bfe3cdf1dbcf96b1ca",
        "x-ms-correlation-request-id": "900bec01-bb25-4da1-93aa-bbc903d03c6d",
        "x-ms-request-id": "900bec01-bb25-4da1-93aa-bbc903d03c6d"
      },
      "ResponseBody": {
        "etag": "oW-ViGRrEmCj-laJPckFJ9Y7jE6a5Z0dmxfRZAmTVyk",
        "key": "key-2119822334",
        "label": "test_label",
        "content_type": "test_content_type",
        "value": "test_value",
        "tags": {
          "tag1": "value1",
          "tag2": "value2"
        },
        "locked": false,
        "last_modified": "2023-11-03T20:14:14\u002B00:00"
      }
    },
    {
      "RequestUri": "https://appconfig-canary-2023-10-01.azconfig.io/kv/key-2119822334?label=test_label\u0026api-version=2023-10-01",
      "RequestMethod": "PUT",
      "RequestHeaders": {
        "Accept": "application/vnd.microsoft.appconfig.kv\u002Bjson, application/problem\u002Bjson",
        "Authorization": "Sanitized",
        "Content-Length": "97",
        "Content-Type": "application/json",
        "Date": "Fri, 03 Nov 2023 20:14:13 GMT",
        "Sync-Token": "zAJw6V16=NjoxNSM1MzM5NTI4",
        "traceparent": "00-3588fc33581bbb2a375d847958a9b0d0-82cc35754a681080-00",
        "User-Agent": "azsdk-net-Data.AppConfiguration/1.3.0-alpha.20231103.1 (.NET 7.0.13; Microsoft Windows 10.0.22631)",
        "x-ms-client-request-id": "0464ea3147cd2b1d3c19120658466ace",
        "x-ms-content-sha256": "F3eHNRh9S0k2rEReyPeZgvNiSj68jb56eyaFBtbC0EM=",
        "x-ms-return-client-request-id": "true"
      },
      "RequestBody": {
        "value": "new_value",
        "content_type": "test_content_type",
        "tags": {
          "tag1": "value1",
          "tag2": "value2"
        }
      },
      "StatusCode": 200,
      "ResponseHeaders": {
        "Access-Control-Allow-Origin": "*",
        "Connection": "keep-alive",
        "Content-Type": "application/vnd.microsoft.appconfig.kv\u002Bjson; charset=utf-8",
        "Date": "Fri, 03 Nov 2023 20:14:14 GMT",
        "ETag": "\u0022vchukKl6MyhlaWG8bWoaxBB61zd5eU-J9por_ra5OII\u0022",
        "Last-Modified": "Fri, 03 Nov 2023 20:14:14 GMT",
        "Strict-Transport-Security": "max-age=15724800; includeSubDomains",
        "Sync-Token": "zAJw6V16=NjoxNSM1MzM5NTI5;sn=5339529",
        "Transfer-Encoding": "chunked",
        "x-ms-client-request-id": "0464ea3147cd2b1d3c19120658466ace",
        "x-ms-correlation-request-id": "db9accfc-0e74-479a-adbd-529f29d39f1c",
        "x-ms-request-id": "db9accfc-0e74-479a-adbd-529f29d39f1c"
      },
      "ResponseBody": {
        "etag": "vchukKl6MyhlaWG8bWoaxBB61zd5eU-J9por_ra5OII",
        "key": "key-2119822334",
        "label": "test_label",
        "content_type": "test_content_type",
        "value": "new_value",
        "tags": {
          "tag1": "value1",
          "tag2": "value2"
        },
        "locked": false,
        "last_modified": "2023-11-03T20:14:14\u002B00:00"
      }
    },
    {
      "RequestUri": "https://appconfig-canary-2023-10-01.azconfig.io/kv/key-2119822334?label=test_label\u0026api-version=2023-10-01",
      "RequestMethod": "DELETE",
      "RequestHeaders": {
        "Accept": "application/vnd.microsoft.appconfig.kv\u002Bjson, application/problem\u002Bjson",
        "Authorization": "Sanitized",
        "Date": "Fri, 03 Nov 2023 20:14:13 GMT",
        "If-Match": "\u0022oW-ViGRrEmCj-laJPckFJ9Y7jE6a5Z0dmxfRZAmTVyk\u0022",
        "Sync-Token": "zAJw6V16=NjoxNSM1MzM5NTI5",
        "traceparent": "00-8b1001363c3907f4f40a85c96babd4fd-f55ee640b913cdd2-00",
        "User-Agent": "azsdk-net-Data.AppConfiguration/1.3.0-alpha.20231103.1 (.NET 7.0.13; Microsoft Windows 10.0.22631)",
        "x-ms-client-request-id": "c2a818b9079e91d06a5bb03ee9737a91",
        "x-ms-content-sha256": "47DEQpj8HBSa\u002B/TImW\u002B5JCeuQeRkm5NMpJWZG3hSuFU=",
        "x-ms-return-client-request-id": "true"
      },
      "RequestBody": null,
      "StatusCode": 412,
      "ResponseHeaders": {
        "Access-Control-Allow-Origin": "*",
        "Connection": "keep-alive",
        "Content-Length": "0",
        "Date": "Fri, 03 Nov 2023 20:14:14 GMT",
        "Strict-Transport-Security": "max-age=15724800; includeSubDomains",
        "Sync-Token": "zAJw6V16=NjoxNSM1MzM5NTMw;sn=5339530",
        "x-ms-client-request-id": "c2a818b9079e91d06a5bb03ee9737a91",
        "x-ms-correlation-request-id": "7fd7a017-c8ad-49a9-9b95-1f5154369c94",
        "x-ms-request-id": "7fd7a017-c8ad-49a9-9b95-1f5154369c94"
      },
      "ResponseBody": null
    },
    {
      "RequestUri": "https://appconfig-canary-2023-10-01.azconfig.io/kv/key-2119822334?label=test_label\u0026api-version=2023-10-01",
      "RequestMethod": "DELETE",
      "RequestHeaders": {
        "Accept": "application/vnd.microsoft.appconfig.kv\u002Bjson, application/problem\u002Bjson",
        "Authorization": "Sanitized",
        "Date": "Fri, 03 Nov 2023 20:14:13 GMT",
        "Sync-Token": "zAJw6V16=NjoxNSM1MzM5NTMw",
        "traceparent": "00-e11b3b107236213dabd7c016974d161d-0100b2a98fdcb032-00",
        "User-Agent": "azsdk-net-Data.AppConfiguration/1.3.0-alpha.20231103.1 (.NET 7.0.13; Microsoft Windows 10.0.22631)",
        "x-ms-client-request-id": "c6308f4d736c37311ef21a7492b99a9d",
        "x-ms-content-sha256": "47DEQpj8HBSa\u002B/TImW\u002B5JCeuQeRkm5NMpJWZG3hSuFU=",
        "x-ms-return-client-request-id": "true"
      },
      "RequestBody": null,
      "StatusCode": 200,
      "ResponseHeaders": {
        "Access-Control-Allow-Origin": "*",
        "Connection": "keep-alive",
        "Content-Type": "application/vnd.microsoft.appconfig.kv\u002Bjson; charset=utf-8",
        "Date": "Fri, 03 Nov 2023 20:14:14 GMT",
        "ETag": "\u0022vchukKl6MyhlaWG8bWoaxBB61zd5eU-J9por_ra5OII\u0022",
        "Last-Modified": "Fri, 03 Nov 2023 20:14:14 GMT",
        "Strict-Transport-Security": "max-age=15724800; includeSubDomains",
        "Sync-Token": "zAJw6V16=NjoxNSM1MzM5NTMx;sn=5339531",
        "Transfer-Encoding": "chunked",
        "x-ms-client-request-id": "c6308f4d736c37311ef21a7492b99a9d",
        "x-ms-correlation-request-id": "77613952-5ccc-4a0d-b748-f5377e1cb62d",
        "x-ms-request-id": "77613952-5ccc-4a0d-b748-f5377e1cb62d"
      },
      "ResponseBody": {
        "etag": "vchukKl6MyhlaWG8bWoaxBB61zd5eU-J9por_ra5OII",
        "key": "key-2119822334",
        "label": "test_label",
        "content_type": "test_content_type",
        "value": "new_value",
        "tags": {
          "tag1": "value1",
          "tag2": "value2"
        },
        "locked": false,
        "last_modified": "2023-11-03T20:14:14\u002B00:00"
      }
    }
  ],
  "Variables": {
    "APPCONFIGURATION_CONNECTION_STRING": "Endpoint=https://appconfig-canary-2023-10-01.azconfig.io;Id=0VlC;Secret=Kg==",
    "RandomSeed": "1685549707"
  }
}
