{
  "Entries": [
    {
      "RequestUri": "https://t056d8ab495a0e169-azconfig-net.azconfig.io/kv/keyFields-1090520459?label=my_label\u0026api-version=2022-11-01-preview",
      "RequestMethod": "PUT",
      "RequestHeaders": {
        "Accept": "application/vnd.microsoft.appconfig.kv\u002Bjson, application/problem\u002Bjson",
        "Authorization": "Sanitized",
        "Content-Length": "50",
        "Content-Type": "application/json",
        "Date": "Fri, 22 Sep 2023 11:24:21 GMT",
        "If-None-Match": "*",
        "traceparent": "00-019d010c11966f69b3d9f76d8722514d-d2541a256bf5b49d-00",
        "User-Agent": "azsdk-net-Data.AppConfiguration/1.3.0-alpha.20230922.1 (.NET 7.0.11; Microsoft Windows 10.0.22621)",
        "x-ms-client-request-id": "bfeccbb2badde64d45b0861786687087",
        "x-ms-content-sha256": "aDaoGrnXeLk4BtC\u002BbcUBHjAOl1G533H6XGiHrRY9PKA=",
        "x-ms-return-client-request-id": "true"
      },
      "RequestBody": {
        "value": "my_value",
        "content_type": null,
        "tags": {}
      },
      "StatusCode": 200,
      "ResponseHeaders": {
        "Access-Control-Allow-Origin": "*",
        "Connection": "keep-alive",
        "Content-Type": "application/vnd.microsoft.appconfig.kv\u002Bjson; charset=utf-8",
        "Date": "Fri, 22 Sep 2023 11:24:22 GMT",
        "ETag": "\u0022wBHb8hqjdaiSFJO1uInqFG0BHQJJ2oe24G8VXK1nY6o\u0022",
        "Last-Modified": "Fri, 22 Sep 2023 11:24:22 GMT",
        "Strict-Transport-Security": "max-age=15724800; includeSubDomains",
        "Sync-Token": "zAJw6V16=ODo1IzI3Mjg2Nzc4;sn=27286778",
        "Transfer-Encoding": "chunked",
        "x-ms-client-request-id": "bfeccbb2badde64d45b0861786687087",
        "x-ms-correlation-request-id": "6fa3480b-59cc-4db0-b673-6fec7f767f31",
        "x-ms-request-id": "6fa3480b-59cc-4db0-b673-6fec7f767f31"
      },
      "ResponseBody": {
        "etag": "wBHb8hqjdaiSFJO1uInqFG0BHQJJ2oe24G8VXK1nY6o",
        "key": "keyFields-1090520459",
        "label": "my_label",
        "content_type": null,
        "value": "my_value",
        "tags": {},
        "locked": false,
        "last_modified": "2023-09-22T11:24:22\u002B00:00"
      }
    },
    {
      "RequestUri": "https://t056d8ab495a0e169-azconfig-net.azconfig.io/kv?key=keyFields-1090520459\u0026api-version=2022-11-01-preview\u0026$Select=key%2Clabel%2Cetag",
      "RequestMethod": "GET",
      "RequestHeaders": {
        "Accept": "application/vnd.microsoft.appconfig.kvset\u002Bjson, application/problem\u002Bjson",
        "Authorization": "Sanitized",
        "Date": "Fri, 22 Sep 2023 11:24:21 GMT",
        "Sync-Token": "zAJw6V16=ODo1IzI3Mjg2Nzc4",
        "traceparent": "00-1ddd585a36739fe1616e3fd885483885-2b310bd2571ae924-00",
        "User-Agent": "azsdk-net-Data.AppConfiguration/1.3.0-alpha.20230922.1 (.NET 7.0.11; Microsoft Windows 10.0.22621)",
        "x-ms-client-request-id": "36fc50c26ed30554787b7c3ef5001313",
        "x-ms-content-sha256": "47DEQpj8HBSa\u002B/TImW\u002B5JCeuQeRkm5NMpJWZG3hSuFU=",
        "x-ms-return-client-request-id": "true"
      },
      "RequestBody": null,
      "StatusCode": 200,
      "ResponseHeaders": {
        "Access-Control-Allow-Origin": "*",
        "Connection": "keep-alive",
        "Content-Type": "application/vnd.microsoft.appconfig.kvset\u002Bjson; charset=utf-8",
        "Date": "Fri, 22 Sep 2023 11:24:22 GMT",
        "Strict-Transport-Security": "max-age=15724800; includeSubDomains",
        "Sync-Token": "zAJw6V16=ODo1IzI3Mjg2Nzc4;sn=27286778",
        "Transfer-Encoding": "chunked",
        "x-ms-client-request-id": "36fc50c26ed30554787b7c3ef5001313",
        "x-ms-correlation-request-id": "6ae2cf88-1ae0-482f-858d-f3fbc029a44c",
        "x-ms-request-id": "6ae2cf88-1ae0-482f-858d-f3fbc029a44c"
      },
      "ResponseBody": {
        "items": [
          {
            "etag": "wBHb8hqjdaiSFJO1uInqFG0BHQJJ2oe24G8VXK1nY6o",
            "key": "keyFields-1090520459",
            "label": "my_label"
          }
        ]
      }
    },
    {
      "RequestUri": "https://t056d8ab495a0e169-azconfig-net.azconfig.io/kv/keyFields-1090520459?label=my_label\u0026api-version=2022-11-01-preview",
      "RequestMethod": "DELETE",
      "RequestHeaders": {
        "Accept": "application/vnd.microsoft.appconfig.kv\u002Bjson, application/problem\u002Bjson",
        "Authorization": "Sanitized",
        "Date": "Fri, 22 Sep 2023 11:24:21 GMT",
        "Sync-Token": "zAJw6V16=ODo1IzI3Mjg2Nzc4",
        "traceparent": "00-60b42e1ce1ddfd7e45e98d0747cdbb38-acc7ced1a92056bf-00",
        "User-Agent": "azsdk-net-Data.AppConfiguration/1.3.0-alpha.20230922.1 (.NET 7.0.11; Microsoft Windows 10.0.22621)",
        "x-ms-client-request-id": "6d3a37ba5cb37bab83b70f09e7d8b488",
        "x-ms-content-sha256": "47DEQpj8HBSa\u002B/TImW\u002B5JCeuQeRkm5NMpJWZG3hSuFU=",
        "x-ms-return-client-request-id": "true"
      },
      "RequestBody": null,
      "StatusCode": 200,
      "ResponseHeaders": {
        "Access-Control-Allow-Origin": "*",
        "Connection": "keep-alive",
        "Content-Type": "application/vnd.microsoft.appconfig.kv\u002Bjson; charset=utf-8",
        "Date": "Fri, 22 Sep 2023 11:24:22 GMT",
        "ETag": "\u0022wBHb8hqjdaiSFJO1uInqFG0BHQJJ2oe24G8VXK1nY6o\u0022",
        "Last-Modified": "Fri, 22 Sep 2023 11:24:22 GMT",
        "Strict-Transport-Security": "max-age=15724800; includeSubDomains",
        "Sync-Token": "zAJw6V16=ODo1IzI3Mjg2Nzc5;sn=27286779",
        "Transfer-Encoding": "chunked",
        "x-ms-client-request-id": "6d3a37ba5cb37bab83b70f09e7d8b488",
        "x-ms-correlation-request-id": "ff9c977f-4ca9-46dc-9d04-c7383919f2d4",
        "x-ms-request-id": "ff9c977f-4ca9-46dc-9d04-c7383919f2d4"
      },
      "ResponseBody": {
        "etag": "wBHb8hqjdaiSFJO1uInqFG0BHQJJ2oe24G8VXK1nY6o",
        "key": "keyFields-1090520459",
        "label": "my_label",
        "content_type": null,
        "value": "my_value",
        "tags": {},
        "locked": false,
        "last_modified": "2023-09-22T11:24:22\u002B00:00"
      }
    }
  ],
  "Variables": {
    "APPCONFIGURATION_CONNECTION_STRING": "Endpoint=https://t056d8ab495a0e169-azconfig-net.azconfig.io;Id=MbSI;Secret=Kg==",
    "RandomSeed": "94809119"
  }
}
