{
  "Entries": [
    {
      "RequestUri": "https://t056d8ab495a0e169-azconfig-net.azconfig.io/kv/keyFields-1594231316?label=my_label\u0026api-version=2022-11-01-preview",
      "RequestMethod": "PUT",
      "RequestHeaders": {
        "Accept": "application/vnd.microsoft.appconfig.kv\u002Bjson, application/problem\u002Bjson",
        "Authorization": "Sanitized",
        "Connection": "keep-alive",
        "Content-Length": "83",
        "Content-Type": "application/json",
        "Date": "Fri, 22 Sep 2023 11:56:30 GMT",
        "If-None-Match": "*",
        "traceparent": "00-a0e4df22d9d129429b2929b5a09f025d-2cdf57f9cbb40acd-00",
        "User-Agent": "azsdk-net-Data.AppConfiguration/1.3.0-alpha.20230922.1 (.NET Framework 4.8.9181.0; Microsoft Windows 10.0.22621 )",
        "x-ms-client-request-id": "3e430b5e2fc25e361f757a59abc9e906",
        "x-ms-content-sha256": "dmOO\u002Bu\u002BT7a//8hPjT/Nx5k0mvFPFxhZAk6wmW2g5tNs=",
        "x-ms-return-client-request-id": "true"
      },
      "RequestBody": {
        "value": "my_value",
        "content_type": "content-type",
        "tags": {
          "my_tag": "my_tag_value"
        }
      },
      "StatusCode": 200,
      "ResponseHeaders": {
        "Access-Control-Allow-Origin": "*",
        "Connection": "keep-alive",
        "Content-Type": "application/vnd.microsoft.appconfig.kv\u002Bjson; charset=utf-8",
        "Date": "Fri, 22 Sep 2023 11:56:31 GMT",
        "ETag": "\u0022VV5tggL1D5gnvmh3ia9GJ6cgKxlWwMzJYdyehFsvBps\u0022",
        "Last-Modified": "Fri, 22 Sep 2023 11:56:31 GMT",
        "Strict-Transport-Security": "max-age=15724800; includeSubDomains",
        "Sync-Token": "zAJw6V16=ODo1IzI3Mjg2OTIx;sn=27286921",
        "Transfer-Encoding": "chunked",
        "x-ms-client-request-id": "3e430b5e2fc25e361f757a59abc9e906",
        "x-ms-correlation-request-id": "1d2f9497-2a7e-4bf1-af02-9938e182fb35",
        "x-ms-request-id": "1d2f9497-2a7e-4bf1-af02-9938e182fb35"
      },
      "ResponseBody": {
        "etag": "VV5tggL1D5gnvmh3ia9GJ6cgKxlWwMzJYdyehFsvBps",
        "key": "keyFields-1594231316",
        "label": "my_label",
        "content_type": "content-type",
        "value": "my_value",
        "tags": {
          "my_tag": "my_tag_value"
        },
        "locked": false,
        "last_modified": "2023-09-22T11:56:31\u002B00:00"
      }
    },
    {
      "RequestUri": "https://t056d8ab495a0e169-azconfig-net.azconfig.io/kv?key=keyFields-1594231316\u0026api-version=2022-11-01-preview\u0026$Select=key%2Clabel%2Cvalue%2Ccontent_type%2Cetag%2Clast_modified%2Clocked%2Ctags",
      "RequestMethod": "GET",
      "RequestHeaders": {
        "Accept": "application/vnd.microsoft.appconfig.kvset\u002Bjson, application/problem\u002Bjson",
        "Authorization": "Sanitized",
        "Date": "Fri, 22 Sep 2023 11:56:31 GMT",
        "Sync-Token": "zAJw6V16=ODo1IzI3Mjg2OTIx",
        "traceparent": "00-49fe69679c189aaf5986dbe5ed3e4751-7f71f05450a08287-00",
        "User-Agent": "azsdk-net-Data.AppConfiguration/1.3.0-alpha.20230922.1 (.NET Framework 4.8.9181.0; Microsoft Windows 10.0.22621 )",
        "x-ms-client-request-id": "d48db29200c75a4b08cbbb783d7a967a",
        "x-ms-content-sha256": "47DEQpj8HBSa\u002B/TImW\u002B5JCeuQeRkm5NMpJWZG3hSuFU=",
        "x-ms-return-client-request-id": "true"
      },
      "RequestBody": null,
      "StatusCode": 200,
      "ResponseHeaders": {
        "Access-Control-Allow-Origin": "*",
        "Connection": "keep-alive",
        "Content-Type": "application/vnd.microsoft.appconfig.kvset\u002Bjson; charset=utf-8",
        "Date": "Fri, 22 Sep 2023 11:56:32 GMT",
        "Strict-Transport-Security": "max-age=15724800; includeSubDomains",
        "Sync-Token": "zAJw6V16=ODo1IzI3Mjg2OTIx;sn=27286921",
        "Transfer-Encoding": "chunked",
        "x-ms-client-request-id": "d48db29200c75a4b08cbbb783d7a967a",
        "x-ms-correlation-request-id": "7a004de6-2d8a-44fd-b390-b0fbe3e70c9a",
        "x-ms-request-id": "7a004de6-2d8a-44fd-b390-b0fbe3e70c9a"
      },
      "ResponseBody": {
        "items": [
          {
            "etag": "VV5tggL1D5gnvmh3ia9GJ6cgKxlWwMzJYdyehFsvBps",
            "key": "keyFields-1594231316",
            "label": "my_label",
            "content_type": "content-type",
            "value": "my_value",
            "tags": {
              "my_tag": "my_tag_value"
            },
            "locked": false,
            "last_modified": "2023-09-22T11:56:31\u002B00:00"
          }
        ]
      }
    },
    {
      "RequestUri": "https://t056d8ab495a0e169-azconfig-net.azconfig.io/kv/keyFields-1594231316?label=my_label\u0026api-version=2022-11-01-preview",
      "RequestMethod": "DELETE",
      "RequestHeaders": {
        "Accept": "application/vnd.microsoft.appconfig.kv\u002Bjson, application/problem\u002Bjson",
        "Authorization": "Sanitized",
        "Date": "Fri, 22 Sep 2023 11:56:31 GMT",
        "Sync-Token": "zAJw6V16=ODo1IzI3Mjg2OTIx",
        "traceparent": "00-f0dff4478926e191b9699360a276b7fc-5261fbca14525392-00",
        "User-Agent": "azsdk-net-Data.AppConfiguration/1.3.0-alpha.20230922.1 (.NET Framework 4.8.9181.0; Microsoft Windows 10.0.22621 )",
        "x-ms-client-request-id": "9b6d7e4f3286a9ae5d51afc65f150a61",
        "x-ms-content-sha256": "47DEQpj8HBSa\u002B/TImW\u002B5JCeuQeRkm5NMpJWZG3hSuFU=",
        "x-ms-return-client-request-id": "true"
      },
      "RequestBody": null,
      "StatusCode": 200,
      "ResponseHeaders": {
        "Access-Control-Allow-Origin": "*",
        "Connection": "keep-alive",
        "Content-Type": "application/vnd.microsoft.appconfig.kv\u002Bjson; charset=utf-8",
        "Date": "Fri, 22 Sep 2023 11:56:32 GMT",
        "ETag": "\u0022VV5tggL1D5gnvmh3ia9GJ6cgKxlWwMzJYdyehFsvBps\u0022",
        "Last-Modified": "Fri, 22 Sep 2023 11:56:31 GMT",
        "Strict-Transport-Security": "max-age=15724800; includeSubDomains",
        "Sync-Token": "zAJw6V16=ODo1IzI3Mjg2OTIy;sn=27286922",
        "Transfer-Encoding": "chunked",
        "x-ms-client-request-id": "9b6d7e4f3286a9ae5d51afc65f150a61",
        "x-ms-correlation-request-id": "b2121805-7d30-4d12-976b-09c13dde12ff",
        "x-ms-request-id": "b2121805-7d30-4d12-976b-09c13dde12ff"
      },
      "ResponseBody": {
        "etag": "VV5tggL1D5gnvmh3ia9GJ6cgKxlWwMzJYdyehFsvBps",
        "key": "keyFields-1594231316",
        "label": "my_label",
        "content_type": "content-type",
        "value": "my_value",
        "tags": {
          "my_tag": "my_tag_value"
        },
        "locked": false,
        "last_modified": "2023-09-22T11:56:31\u002B00:00"
      }
    }
  ],
  "Variables": {
    "APPCONFIGURATION_CONNECTION_STRING": "Endpoint=https://t056d8ab495a0e169-azconfig-net.azconfig.io;Id=MbSI;Secret=Kg==",
    "RandomSeed": "512870630"
  }
}
