{
  "Entries": [
    {
      "RequestUri": "https://jsquire-08-azconfig-net.azconfig.io/kv/key-317085607?label=my_label\u0026api-version=1.0",
      "RequestMethod": "PUT",
      "RequestHeaders": {
        "Accept": "application/vnd.microsoft.appconfig.kv\u002Bjson, application/problem\u002Bjson",
        "Authorization": "Sanitized",
        "Content-Length": "50",
        "Content-Type": "application/json",
        "Date": "Fri, 08 Sep 2023 13:35:22 GMT",
        "If-None-Match": "*",
        "traceparent": "00-1e825d1e608a064e74af32cfd4dcafe5-c1395d335c05a68d-00",
        "User-Agent": "azsdk-net-Data.AppConfiguration/1.2.1-alpha.20230908.1 (.NET 6.0.21; Microsoft Windows 10.0.22621)",
        "x-ms-client-request-id": "ea94bdbeb964ce0cefa3b6c56fca5145",
        "x-ms-content-sha256": "aDaoGrnXeLk4BtC\u002BbcUBHjAOl1G533H6XGiHrRY9PKA=",
        "x-ms-return-client-request-id": "true"
      },
      "RequestBody": {
        "value": "my_value",
        "content_type": null,
        "tags": {}
      },
      "StatusCode": 200,
      "ResponseHeaders": {
        "Access-Control-Allow-Credentials": "true",
        "Access-Control-Allow-Headers": "DNT, X-CustomHeader, Keep-Alive, User-Agent, X-Requested-With, If-Modified-Since, Cache-Control, Content-Type, Authorization, x-ms-client-request-id, x-ms-useragent, x-ms-content-sha256, x-ms-date, host, Accept, Accept-Datetime, Date, If-Match, If-None-Match, Sync-Token, x-ms-return-client-request-id, ETag, Last-Modified, Link, Memento-Datetime, retry-after-ms, x-ms-request-id, x-ms-client-session-id, x-ms-effective-locale, WWW-Authenticate, traceparent, tracestate",
        "Access-Control-Allow-Methods": "GET, PUT, POST, DELETE, PATCH, OPTIONS",
        "Access-Control-Allow-Origin": "*",
        "Access-Control-Expose-Headers": "DNT, X-CustomHeader, Keep-Alive, User-Agent, X-Requested-With, If-Modified-Since, Cache-Control, Content-Type, Authorization, x-ms-client-request-id, x-ms-useragent, x-ms-content-sha256, x-ms-date, host, Accept, Accept-Datetime, Date, If-Match, If-None-Match, Sync-Token, x-ms-return-client-request-id, ETag, Last-Modified, Link, Memento-Datetime, retry-after-ms, x-ms-request-id, x-ms-client-session-id, x-ms-effective-locale, WWW-Authenticate, traceparent, tracestate, operation-location",
        "Access-Control-Max-Age": "1728000",
        "Connection": "keep-alive",
        "Content-Type": "application/vnd.microsoft.appconfig.kv\u002Bjson; charset=utf-8",
        "Date": "Fri, 08 Sep 2023 13:35:22 GMT",
        "ETag": "\u0022W458kQ9Wmnjdkqt53oUtoAvX3tqeWHUgVqbP8vVb4Sg\u0022",
        "Last-Modified": "Fri, 08 Sep 2023 13:35:22 GMT",
        "Strict-Transport-Security": "max-age=15724800; includeSubDomains",
        "Sync-Token": "zAJw6V16=NToxOSM1MzQ0OTEwNg==;sn=53449106",
        "Transfer-Encoding": "chunked",
        "x-ms-client-request-id": "ea94bdbeb964ce0cefa3b6c56fca5145",
        "x-ms-correlation-request-id": "6848619d-a9de-4e38-8f48-afcf18018f86",
        "x-ms-request-id": "6848619d-a9de-4e38-8f48-afcf18018f86",
        "x-ms-resource-group": "jsquire-appconfig",
        "x-ms-subscription-id": "faa080af-c1d8-40ad-9cce-e1a450ca5b57",
        "x-ms-tenant-name": "jsquire-08-azconfig-net"
      },
      "ResponseBody": {
        "etag": "W458kQ9Wmnjdkqt53oUtoAvX3tqeWHUgVqbP8vVb4Sg",
        "key": "key-317085607",
        "label": "my_label",
        "content_type": null,
        "value": "my_value",
        "tags": {},
        "locked": false,
        "last_modified": "2023-09-08T13:35:22\u002B00:00"
      }
    },
    {
      "RequestUri": "https://jsquire-08-azconfig-net.azconfig.io/kv?key=key-317085607\u0026api-version=1.0\u0026$Select=key%2C%20locked",
      "RequestMethod": "GET",
      "RequestHeaders": {
        "Accept": "application/vnd.microsoft.appconfig.kvset\u002Bjson, application/problem\u002Bjson",
        "Authorization": "Sanitized",
        "Date": "Fri, 08 Sep 2023 13:35:22 GMT",
        "Sync-Token": "zAJw6V16=NToxOSM1MzQ0OTEwNg==",
        "traceparent": "00-30ca7169533cae9063ae37186815c199-7695f0c3e546a02f-00",
        "User-Agent": "azsdk-net-Data.AppConfiguration/1.2.1-alpha.20230908.1 (.NET 6.0.21; Microsoft Windows 10.0.22621)",
        "x-ms-client-request-id": "cfebf7afaa242188aa4ee4d1be83749c",
        "x-ms-content-sha256": "47DEQpj8HBSa\u002B/TImW\u002B5JCeuQeRkm5NMpJWZG3hSuFU=",
        "x-ms-return-client-request-id": "true"
      },
      "RequestBody": null,
      "StatusCode": 200,
      "ResponseHeaders": {
        "Access-Control-Allow-Credentials": "true",
        "Access-Control-Allow-Headers": "DNT, X-CustomHeader, Keep-Alive, User-Agent, X-Requested-With, If-Modified-Since, Cache-Control, Content-Type, Authorization, x-ms-client-request-id, x-ms-useragent, x-ms-content-sha256, x-ms-date, host, Accept, Accept-Datetime, Date, If-Match, If-None-Match, Sync-Token, x-ms-return-client-request-id, ETag, Last-Modified, Link, Memento-Datetime, retry-after-ms, x-ms-request-id, x-ms-client-session-id, x-ms-effective-locale, WWW-Authenticate, traceparent, tracestate",
        "Access-Control-Allow-Methods": "GET, PUT, POST, DELETE, PATCH, OPTIONS",
        "Access-Control-Allow-Origin": "*",
        "Access-Control-Expose-Headers": "DNT, X-CustomHeader, Keep-Alive, User-Agent, X-Requested-With, If-Modified-Since, Cache-Control, Content-Type, Authorization, x-ms-client-request-id, x-ms-useragent, x-ms-content-sha256, x-ms-date, host, Accept, Accept-Datetime, Date, If-Match, If-None-Match, Sync-Token, x-ms-return-client-request-id, ETag, Last-Modified, Link, Memento-Datetime, retry-after-ms, x-ms-request-id, x-ms-client-session-id, x-ms-effective-locale, WWW-Authenticate, traceparent, tracestate, operation-location",
        "Access-Control-Max-Age": "1728000",
        "Connection": "keep-alive",
        "Content-Type": "application/vnd.microsoft.appconfig.kvset\u002Bjson; charset=utf-8",
        "Date": "Fri, 08 Sep 2023 13:35:22 GMT",
        "Strict-Transport-Security": "max-age=15724800; includeSubDomains",
        "Sync-Token": "zAJw6V16=NToxOSM1MzQ0OTEwNg==;sn=53449106",
        "Transfer-Encoding": "chunked",
        "x-ms-client-request-id": "cfebf7afaa242188aa4ee4d1be83749c",
        "x-ms-correlation-request-id": "4ef090eb-757a-4321-9212-01b6de549234",
        "x-ms-request-id": "4ef090eb-757a-4321-9212-01b6de549234",
        "x-ms-resource-group": "jsquire-appconfig",
        "x-ms-subscription-id": "faa080af-c1d8-40ad-9cce-e1a450ca5b57",
        "x-ms-tenant-name": "jsquire-08-azconfig-net"
      },
      "ResponseBody": {
        "items": [
          {
            "key": "key-317085607",
            "locked": false
          }
        ]
      }
    },
    {
      "RequestUri": "https://jsquire-08-azconfig-net.azconfig.io/kv/key-317085607?label=my_label\u0026api-version=1.0",
      "RequestMethod": "DELETE",
      "RequestHeaders": {
        "Accept": "application/vnd.microsoft.appconfig.kv\u002Bjson, application/problem\u002Bjson",
        "Authorization": "Sanitized",
        "Date": "Fri, 08 Sep 2023 13:35:22 GMT",
        "Sync-Token": "zAJw6V16=NToxOSM1MzQ0OTEwNg==",
        "traceparent": "00-23e052a09713ce30f7c8de59922567cb-02e08548347721a1-00",
        "User-Agent": "azsdk-net-Data.AppConfiguration/1.2.1-alpha.20230908.1 (.NET 6.0.21; Microsoft Windows 10.0.22621)",
        "x-ms-client-request-id": "4e4f89fe419593243db85874dc6fb892",
        "x-ms-content-sha256": "47DEQpj8HBSa\u002B/TImW\u002B5JCeuQeRkm5NMpJWZG3hSuFU=",
        "x-ms-return-client-request-id": "true"
      },
      "RequestBody": null,
      "StatusCode": 200,
      "ResponseHeaders": {
        "Access-Control-Allow-Credentials": "true",
        "Access-Control-Allow-Headers": "DNT, X-CustomHeader, Keep-Alive, User-Agent, X-Requested-With, If-Modified-Since, Cache-Control, Content-Type, Authorization, x-ms-client-request-id, x-ms-useragent, x-ms-content-sha256, x-ms-date, host, Accept, Accept-Datetime, Date, If-Match, If-None-Match, Sync-Token, x-ms-return-client-request-id, ETag, Last-Modified, Link, Memento-Datetime, retry-after-ms, x-ms-request-id, x-ms-client-session-id, x-ms-effective-locale, WWW-Authenticate, traceparent, tracestate",
        "Access-Control-Allow-Methods": "GET, PUT, POST, DELETE, PATCH, OPTIONS",
        "Access-Control-Allow-Origin": "*",
        "Access-Control-Expose-Headers": "DNT, X-CustomHeader, Keep-Alive, User-Agent, X-Requested-With, If-Modified-Since, Cache-Control, Content-Type, Authorization, x-ms-client-request-id, x-ms-useragent, x-ms-content-sha256, x-ms-date, host, Accept, Accept-Datetime, Date, If-Match, If-None-Match, Sync-Token, x-ms-return-client-request-id, ETag, Last-Modified, Link, Memento-Datetime, retry-after-ms, x-ms-request-id, x-ms-client-session-id, x-ms-effective-locale, WWW-Authenticate, traceparent, tracestate, operation-location",
        "Access-Control-Max-Age": "1728000",
        "Connection": "keep-alive",
        "Content-Type": "application/vnd.microsoft.appconfig.kv\u002Bjson; charset=utf-8",
        "Date": "Fri, 08 Sep 2023 13:35:22 GMT",
        "ETag": "\u0022W458kQ9Wmnjdkqt53oUtoAvX3tqeWHUgVqbP8vVb4Sg\u0022",
        "Last-Modified": "Fri, 08 Sep 2023 13:35:22 GMT",
        "Strict-Transport-Security": "max-age=15724800; includeSubDomains",
        "Sync-Token": "zAJw6V16=NToxOSM1MzQ0OTEwNw==;sn=53449107",
        "Transfer-Encoding": "chunked",
        "x-ms-client-request-id": "4e4f89fe419593243db85874dc6fb892",
        "x-ms-correlation-request-id": "f671a861-c286-4b8e-9cc6-5b410d70f889",
        "x-ms-request-id": "f671a861-c286-4b8e-9cc6-5b410d70f889",
        "x-ms-resource-group": "jsquire-appconfig",
        "x-ms-subscription-id": "faa080af-c1d8-40ad-9cce-e1a450ca5b57",
        "x-ms-tenant-name": "jsquire-08-azconfig-net"
      },
      "ResponseBody": {
        "etag": "W458kQ9Wmnjdkqt53oUtoAvX3tqeWHUgVqbP8vVb4Sg",
        "key": "key-317085607",
        "label": "my_label",
        "content_type": null,
        "value": "my_value",
        "tags": {},
        "locked": false,
        "last_modified": "2023-09-08T13:35:22\u002B00:00"
      }
    }
  ],
  "Variables": {
    "APPCONFIGURATION_CONNECTION_STRING": "Endpoint=https://jsquire-08-azconfig-net.azconfig.io;Id=bAH8;Secret=Kg==",
    "RandomSeed": "1307441500"
  }
}
