{
  "Entries": [
    {
      "RequestUri": "https://tdfcae3cf5eab7143-azconfig-net.azconfig.io/kv/key-abc?label=abc&api-version=2023-10-01",
      "RequestMethod": "PUT",
      "RequestHeaders": {
        "Accept": "application/vnd.microsoft.appconfig.kv+json, application/problem+json",
        "Authorization": "Sanitized",
        "Content-Length": "53",
        "Content-Type": "application/json",
        "Date": "Fri, 14 Jun 2024 14:47:37 GMT",
        "traceparent": "00-bc7a0ea15e9f6967395620d7cbd5f304-6a02407c57c52313-00",
        "User-Agent": "azsdk-net-Data.AppConfiguration/1.5.0-alpha.20240614.1 (.NET 6.0.31; Microsoft Windows 10.0.22631)",
        "x-ms-client-request-id": "Sanitized",
        "x-ms-content-sha256": "Sanitized",
        "x-ms-return-client-request-id": "true"
      },
      "RequestBody": {
        "value": "abc setting",
        "content_type": null,
        "tags": {}
      },
      "StatusCode": 200,
      "ResponseHeaders": {
        "Access-Control-Allow-Origin": "*",
        "Connection": "keep-alive",
        "Content-Type": "application/vnd.microsoft.appconfig.kv+json; charset=utf-8",
        "Date": "Fri, 14 Jun 2024 14:47:37 GMT",
        "ETag": "\"mvm5TiAbKy9K2I2LpNnJLSAGq02okahi77qzW4GNu_Q\"",
        "Last-Modified": "Fri, 14 Jun 2024 14:47:37 GMT",
        "Strict-Transport-Security": "max-age=31536000; includeSubDomains",
        "Sync-Token": "zAJw6V16=Njo1IzMwNDE1ODc0;sn=30415874",
        "Transfer-Encoding": "chunked",
        "x-ms-client-request-id": "Sanitized",
        "x-ms-correlation-request-id": "df9e1b0a-9bb2-4990-950d-49834e5fa2d1",
        "x-ms-request-id": "df9e1b0a-9bb2-4990-950d-49834e5fa2d1"
      },
      "ResponseBody": {
        "etag": "mvm5TiAbKy9K2I2LpNnJLSAGq02okahi77qzW4GNu_Q",
        "key": "key-abc",
        "label": "abc",
        "content_type": null,
        "value": "abc setting",
        "tags": {},
        "locked": false,
        "last_modified": "2024-06-14T14:47:37+00:00"
      }
    },
    {
      "RequestUri": "https://tdfcae3cf5eab7143-azconfig-net.azconfig.io/kv/label-xyz?label=xyz&api-version=2023-10-01",
      "RequestMethod": "PUT",
      "RequestHeaders": {
        "Accept": "application/vnd.microsoft.appconfig.kv+json, application/problem+json",
        "Authorization": "Sanitized",
        "Content-Length": "53",
        "Content-Type": "application/json",
        "Date": "Fri, 14 Jun 2024 14:47:37 GMT",
        "Sync-Token": "zAJw6V16=Njo1IzMwNDE1ODc0",
        "traceparent": "00-4dec9f43f18ba60d131afd1ddf4e7a4b-b2f4b5a911b9e424-00",
        "User-Agent": "azsdk-net-Data.AppConfiguration/1.5.0-alpha.20240614.1 (.NET 6.0.31; Microsoft Windows 10.0.22631)",
        "x-ms-client-request-id": "Sanitized",
        "x-ms-content-sha256": "Sanitized",
        "x-ms-return-client-request-id": "true"
      },
      "RequestBody": {
        "value": "xyz setting",
        "content_type": null,
        "tags": {}
      },
      "StatusCode": 200,
      "ResponseHeaders": {
        "Access-Control-Allow-Origin": "*",
        "Connection": "keep-alive",
        "Content-Type": "application/vnd.microsoft.appconfig.kv+json; charset=utf-8",
        "Date": "Fri, 14 Jun 2024 14:47:37 GMT",
        "ETag": "\"W4nvLiThAqSAtT1y4iRxw-JU7s8aWc_ZmyYRi1OTizs\"",
        "Last-Modified": "Fri, 14 Jun 2024 14:47:37 GMT",
        "Strict-Transport-Security": "max-age=31536000; includeSubDomains",
        "Sync-Token": "zAJw6V16=Njo1IzMwNDE1ODc2;sn=30415876",
        "Transfer-Encoding": "chunked",
        "x-ms-client-request-id": "Sanitized",
        "x-ms-correlation-request-id": "2e50ca80-fc33-466e-b7fb-1448e5ad7e89",
        "x-ms-request-id": "2e50ca80-fc33-466e-b7fb-1448e5ad7e89"
      },
      "ResponseBody": {
        "etag": "W4nvLiThAqSAtT1y4iRxw-JU7s8aWc_ZmyYRi1OTizs",
        "key": "label-xyz",
        "label": "xyz",
        "content_type": null,
        "value": "xyz setting",
        "tags": {},
        "locked": false,
        "last_modified": "2024-06-14T14:47:37+00:00"
      }
    },
    {
      "RequestUri": "https://tdfcae3cf5eab7143-azconfig-net.azconfig.io/labels?name=abc%2Cxyz&api-version=2023-10-01",
      "RequestMethod": "GET",
      "RequestHeaders": {
        "Accept": "application/vnd.microsoft.appconfig.labelset+json, application/problem+json",
        "Authorization": "Sanitized",
        "Date": "Fri, 14 Jun 2024 14:47:37 GMT",
        "Sync-Token": "zAJw6V16=Njo1IzMwNDE1ODc2",
        "User-Agent": "azsdk-net-Data.AppConfiguration/1.5.0-alpha.20240614.1 (.NET 6.0.31; Microsoft Windows 10.0.22631)",
        "x-ms-client-request-id": "Sanitized",
        "x-ms-content-sha256": "Sanitized",
        "x-ms-return-client-request-id": "true"
      },
      "RequestBody": null,
      "StatusCode": 200,
      "ResponseHeaders": {
        "Access-Control-Allow-Origin": "*",
        "Connection": "keep-alive",
        "Content-Type": "application/vnd.microsoft.appconfig.labelset+json; charset=utf-8",
        "Date": "Fri, 14 Jun 2024 14:47:37 GMT",
        "Strict-Transport-Security": "max-age=31536000; includeSubDomains",
        "Sync-Token": "zAJw6V16=Njo1IzMwNDE1ODc3;sn=30415877",
        "Transfer-Encoding": "chunked",
        "x-ms-client-request-id": "Sanitized",
        "x-ms-correlation-request-id": "76db7036-f0ee-4dd0-b89b-3a1558aa3e8d",
        "x-ms-request-id": "76db7036-f0ee-4dd0-b89b-3a1558aa3e8d"
      },
      "ResponseBody": {
        "items": [
          {
            "name": "abc"
          },
          {
            "name": "xyz"
          }
        ]
      }
    },
    {
      "RequestUri": "https://tdfcae3cf5eab7143-azconfig-net.azconfig.io/kv/key-abc?label=abc&api-version=2023-10-01",
      "RequestMethod": "DELETE",
      "RequestHeaders": {
        "Accept": "application/vnd.microsoft.appconfig.kv+json, application/problem+json",
        "Authorization": "Sanitized",
        "Date": "Fri, 14 Jun 2024 14:47:37 GMT",
        "Sync-Token": "zAJw6V16=Njo1IzMwNDE1ODc3",
        "traceparent": "00-70bb38b15e54d3b7c87bfddbce19c94d-cc87457d8db9feab-00",
        "User-Agent": "azsdk-net-Data.AppConfiguration/1.5.0-alpha.20240614.1 (.NET 6.0.31; Microsoft Windows 10.0.22631)",
        "x-ms-client-request-id": "Sanitized",
        "x-ms-content-sha256": "Sanitized",
        "x-ms-return-client-request-id": "true"
      },
      "RequestBody": null,
      "StatusCode": 200,
      "ResponseHeaders": {
        "Access-Control-Allow-Origin": "*",
        "Connection": "keep-alive",
        "Content-Type": "application/vnd.microsoft.appconfig.kv+json; charset=utf-8",
        "Date": "Fri, 14 Jun 2024 14:47:37 GMT",
        "ETag": "\"mvm5TiAbKy9K2I2LpNnJLSAGq02okahi77qzW4GNu_Q\"",
        "Last-Modified": "Fri, 14 Jun 2024 14:47:37 GMT",
        "Strict-Transport-Security": "max-age=31536000; includeSubDomains",
        "Sync-Token": "zAJw6V16=Njo1IzMwNDE1ODc4;sn=30415878",
        "Transfer-Encoding": "chunked",
        "x-ms-client-request-id": "Sanitized",
        "x-ms-correlation-request-id": "27ebd98b-c0cb-4eb5-9396-10792750189d",
        "x-ms-request-id": "27ebd98b-c0cb-4eb5-9396-10792750189d"
      },
      "ResponseBody": {
        "etag": "mvm5TiAbKy9K2I2LpNnJLSAGq02okahi77qzW4GNu_Q",
        "key": "key-abc",
        "label": "abc",
        "content_type": null,
        "value": "abc setting",
        "tags": {},
        "locked": false,
        "last_modified": "2024-06-14T14:47:37+00:00"
      }
    },
    {
      "RequestUri": "https://tdfcae3cf5eab7143-azconfig-net.azconfig.io/kv/label-xyz?label=xyz&api-version=2023-10-01",
      "RequestMethod": "DELETE",
      "RequestHeaders": {
        "Accept": "application/vnd.microsoft.appconfig.kv+json, application/problem+json",
        "Authorization": "Sanitized",
        "Date": "Fri, 14 Jun 2024 14:47:37 GMT",
        "Sync-Token": "zAJw6V16=Njo1IzMwNDE1ODc4",
        "traceparent": "00-56f9596c31159bc694bc6d8205dd9c4a-a39625f7d1bed368-00",
        "User-Agent": "azsdk-net-Data.AppConfiguration/1.5.0-alpha.20240614.1 (.NET 6.0.31; Microsoft Windows 10.0.22631)",
        "x-ms-client-request-id": "Sanitized",
        "x-ms-content-sha256": "Sanitized",
        "x-ms-return-client-request-id": "true"
      },
      "RequestBody": null,
      "StatusCode": 200,
      "ResponseHeaders": {
        "Access-Control-Allow-Origin": "*",
        "Connection": "keep-alive",
        "Content-Type": "application/vnd.microsoft.appconfig.kv+json; charset=utf-8",
        "Date": "Fri, 14 Jun 2024 14:47:37 GMT",
        "ETag": "\"W4nvLiThAqSAtT1y4iRxw-JU7s8aWc_ZmyYRi1OTizs\"",
        "Last-Modified": "Fri, 14 Jun 2024 14:47:37 GMT",
        "Strict-Transport-Security": "max-age=31536000; includeSubDomains",
        "Sync-Token": "zAJw6V16=Njo1IzMwNDE1ODc5;sn=30415879",
        "Transfer-Encoding": "chunked",
        "x-ms-client-request-id": "Sanitized",
        "x-ms-correlation-request-id": "c0ba0b42-cdad-4787-8bf6-866c7b6392a4",
        "x-ms-request-id": "c0ba0b42-cdad-4787-8bf6-866c7b6392a4"
      },
      "ResponseBody": {
        "etag": "W4nvLiThAqSAtT1y4iRxw-JU7s8aWc_ZmyYRi1OTizs",
        "key": "label-xyz",
        "label": "xyz",
        "content_type": null,
        "value": "xyz setting",
        "tags": {},
        "locked": false,
        "last_modified": "2024-06-14T14:47:37+00:00"
      }
    }
  ],
  "Variables": {
    "APPCONFIGURATION_CONNECTION_STRING": "Endpoint=https://tdfcae3cf5eab7143-azconfig-net.azconfig.io;Id=yt5R;Secret=Kg==",
    "RandomSeed": "610182869"
  }
}
