{
  "Entries": [
    {
      "RequestUri": "https://tdfcae3cf5eab7143-azconfig-net.azconfig.io/kv/keyFields-1915946544?api-version=2023-11-01&label=my_label",
      "RequestMethod": "PUT",
      "RequestHeaders": {
        "Accept": "application/problem+json, application/vnd.microsoft.appconfig.kv+json",
        "Authorization": "Sanitized",
        "Content-Length": "50",
        "Content-Type": "application/json",
        "Date": "Thu, 12 Jun 2025 16:20:10 GMT",
        "If-None-Match": "*",
        "traceparent": "00-b000ace2fe6e629acfab56f04ac95142-bb7ebe7dcfffb1f3-00",
        "User-Agent": "azsdk-net-Data.AppConfiguration/1.7.0-alpha.20250612.1 (.NET 9.0.4; Microsoft Windows 10.0.26100)",
        "x-ms-client-request-id": "Sanitized",
        "x-ms-content-sha256": "Sanitized",
        "x-ms-return-client-request-id": "true"
      },
      "RequestBody": {
        "value": "my_value",
        "content_type": null,
        "tags": {}
      },
      "StatusCode": 200,
      "ResponseHeaders": {
        "Access-Control-Allow-Origin": "*",
        "Connection": "keep-alive",
        "Content-Type": "application/vnd.microsoft.appconfig.kv+json; charset=utf-8",
        "Date": "Thu, 12 Jun 2025 16:20:10 GMT",
        "ETag": "\"Cw_CjaUso64EOv0hSHASksVkpmkoJrxxcgvZqV1cwug\"",
        "Last-Modified": "Thu, 12 Jun 2025 16:20:10 GMT",
        "Strict-Transport-Security": "max-age=31536000; includeSubDomains",
        "Sync-Token": "zAJw6V16=Mzo1IzQyMjIxMTYx;sn=42221161",
        "Transfer-Encoding": "chunked",
        "x-ms-client-request-id": "Sanitized",
        "x-ms-correlation-request-id": "f8d31269-9500-4ad7-a7e6-a28b1e2ed56b",
        "x-ms-request-id": "f8d31269-9500-4ad7-a7e6-a28b1e2ed56b"
      },
      "ResponseBody": {
        "etag": "Cw_CjaUso64EOv0hSHASksVkpmkoJrxxcgvZqV1cwug",
        "key": "keyFields-1915946544",
        "label": "my_label",
        "content_type": null,
        "value": "my_value",
        "tags": {},
        "locked": false,
        "last_modified": "2025-06-12T16:20:10+00:00"
      }
    },
    {
      "RequestUri": "https://tdfcae3cf5eab7143-azconfig-net.azconfig.io/labels?api-version=2023-11-01&name=my_label&$Select=name",
      "RequestMethod": "GET",
      "RequestHeaders": {
        "Accept": "application/problem+json, application/vnd.microsoft.appconfig.labelset+json",
        "Authorization": "Sanitized",
        "Date": "Thu, 12 Jun 2025 16:20:10 GMT",
        "Sync-Token": "zAJw6V16=Mzo1IzQyMjIxMTYx",
        "traceparent": "00-c260ef5dfa487998173518435aa72453-f4c4930b3c9302c9-00",
        "User-Agent": "azsdk-net-Data.AppConfiguration/1.7.0-alpha.20250612.1 (.NET 9.0.4; Microsoft Windows 10.0.26100)",
        "x-ms-client-request-id": "Sanitized",
        "x-ms-content-sha256": "Sanitized",
        "x-ms-return-client-request-id": "true"
      },
      "RequestBody": null,
      "StatusCode": 200,
      "ResponseHeaders": {
        "Access-Control-Allow-Origin": "*",
        "Connection": "keep-alive",
        "Content-Type": "application/vnd.microsoft.appconfig.labelset+json; charset=utf-8",
        "Date": "Thu, 12 Jun 2025 16:20:10 GMT",
        "Strict-Transport-Security": "max-age=31536000; includeSubDomains",
        "Sync-Token": "zAJw6V16=Mzo1IzQyMjIxMTYx;sn=42221161",
        "Transfer-Encoding": "chunked",
        "x-ms-client-request-id": "Sanitized",
        "x-ms-correlation-request-id": "e881035d-8b87-471c-b5b7-f48ad0f60f09",
        "x-ms-request-id": "e881035d-8b87-471c-b5b7-f48ad0f60f09"
      },
      "ResponseBody": {
        "items": [
          {
            "name": "my_label"
          }
        ]
      }
    },
    {
      "RequestUri": "https://tdfcae3cf5eab7143-azconfig-net.azconfig.io/kv/keyFields-1915946544?api-version=2023-11-01&label=my_label",
      "RequestMethod": "DELETE",
      "RequestHeaders": {
        "Accept": "application/problem+json, application/vnd.microsoft.appconfig.kv+json",
        "Authorization": "Sanitized",
        "Date": "Thu, 12 Jun 2025 16:20:10 GMT",
        "Sync-Token": "zAJw6V16=Mzo1IzQyMjIxMTYx",
        "traceparent": "00-e80c05ec798f26c7a87e2e398c717077-5f4ea5ff8d889d24-00",
        "User-Agent": "azsdk-net-Data.AppConfiguration/1.7.0-alpha.20250612.1 (.NET 9.0.4; Microsoft Windows 10.0.26100)",
        "x-ms-client-request-id": "Sanitized",
        "x-ms-content-sha256": "Sanitized",
        "x-ms-return-client-request-id": "true"
      },
      "RequestBody": null,
      "StatusCode": 200,
      "ResponseHeaders": {
        "Access-Control-Allow-Origin": "*",
        "Connection": "keep-alive",
        "Content-Type": "application/vnd.microsoft.appconfig.kv+json; charset=utf-8",
        "Date": "Thu, 12 Jun 2025 16:20:10 GMT",
        "ETag": "\"Cw_CjaUso64EOv0hSHASksVkpmkoJrxxcgvZqV1cwug\"",
        "Last-Modified": "Thu, 12 Jun 2025 16:20:10 GMT",
        "Strict-Transport-Security": "max-age=31536000; includeSubDomains",
        "Sync-Token": "zAJw6V16=Mzo1IzQyMjIxMTYy;sn=42221162",
        "Transfer-Encoding": "chunked",
        "x-ms-client-request-id": "Sanitized",
        "x-ms-correlation-request-id": "cd69472f-9481-4297-b03b-a72932bbd949",
        "x-ms-request-id": "cd69472f-9481-4297-b03b-a72932bbd949"
      },
      "ResponseBody": {
        "etag": "Cw_CjaUso64EOv0hSHASksVkpmkoJrxxcgvZqV1cwug",
        "key": "keyFields-1915946544",
        "label": "my_label",
        "content_type": null,
        "value": "my_value",
        "tags": {},
        "locked": false,
        "last_modified": "2025-06-12T16:20:10+00:00"
      }
    }
  ],
  "Variables": {
    "APPCONFIGURATION_CONNECTION_STRING": "Endpoint=https://tdfcae3cf5eab7143-azconfig-net.azconfig.io;Id=GAEe;Secret=Kg==",
    "RandomSeed": "1136453338"
  }
}
