{
  "Entries": [
    {
      "RequestUri": "https://appconfig-canary-2023-10-01.azconfig.io/kv/first_key?api-version=2023-10-01",
      "RequestMethod": "PUT",
      "RequestHeaders": {
        "Accept": "application/vnd.microsoft.appconfig.kv\u002Bjson, application/problem\u002Bjson",
        "Authorization": "Sanitized",
        "Content-Length": "53",
        "Content-Type": "application/json",
        "Date": "Fri, 03 Nov 2023 20:15:20 GMT",
        "If-None-Match": "*",
        "traceparent": "00-7cd470db8a953fa373ff577340ec48bd-14cf5b5842f61e41-00",
        "User-Agent": "azsdk-net-Data.AppConfiguration/1.3.0-alpha.20231103.1 (.NET 7.0.13; Microsoft Windows 10.0.22631)",
        "x-ms-client-request-id": "fe33377edd74532ce32808bf9dc65c43",
        "x-ms-content-sha256": "PZ1M/faDWjDII3Waa9RPufWMAO\u002B7aa6JujJ/kYuqq80=",
        "x-ms-return-client-request-id": "true"
      },
      "RequestBody": {
        "value": "first_value",
        "content_type": null,
        "tags": {}
      },
      "StatusCode": 200,
      "ResponseHeaders": {
        "Access-Control-Allow-Origin": "*",
        "Connection": "keep-alive",
        "Content-Type": "application/vnd.microsoft.appconfig.kv\u002Bjson; charset=utf-8",
        "Date": "Fri, 03 Nov 2023 20:15:22 GMT",
        "ETag": "\u00225kXTY4R3kluxpZFyXejczwYgJBbAY58ASIWU64n9rO4\u0022",
        "Last-Modified": "Fri, 03 Nov 2023 20:15:22 GMT",
        "Strict-Transport-Security": "max-age=15724800; includeSubDomains",
        "Sync-Token": "zAJw6V16=NjoxNSM1MzM5NjQz;sn=5339643",
        "Transfer-Encoding": "chunked",
        "x-ms-client-request-id": "fe33377edd74532ce32808bf9dc65c43",
        "x-ms-correlation-request-id": "c2c157c0-e4c8-45b9-97d5-b80a9f2985d2",
        "x-ms-request-id": "c2c157c0-e4c8-45b9-97d5-b80a9f2985d2"
      },
      "ResponseBody": {
        "etag": "5kXTY4R3kluxpZFyXejczwYgJBbAY58ASIWU64n9rO4",
        "key": "first_key",
        "label": null,
        "content_type": null,
        "value": "first_value",
        "tags": {},
        "locked": false,
        "last_modified": "2023-11-03T20:15:22\u002B00:00"
      }
    },
    {
      "RequestUri": "https://appconfig-canary-2023-10-01.azconfig.io/kv/second_key?api-version=2023-10-01",
      "RequestMethod": "PUT",
      "RequestHeaders": {
        "Accept": "application/vnd.microsoft.appconfig.kv\u002Bjson, application/problem\u002Bjson",
        "Authorization": "Sanitized",
        "Content-Length": "54",
        "Content-Type": "application/json",
        "Date": "Fri, 03 Nov 2023 20:15:21 GMT",
        "If-None-Match": "*",
        "Sync-Token": "zAJw6V16=NjoxNSM1MzM5NjQz",
        "traceparent": "00-3a041ee558b61a33461bcce8e782950d-a4aeb9a3bf5291aa-00",
        "User-Agent": "azsdk-net-Data.AppConfiguration/1.3.0-alpha.20231103.1 (.NET 7.0.13; Microsoft Windows 10.0.22631)",
        "x-ms-client-request-id": "516b8390ffcfd1be531070646286eac7",
        "x-ms-content-sha256": "28EkksuufKh7f7YIo/6/zNK0Nh0Ht6dhA\u002BrageqSvsY=",
        "x-ms-return-client-request-id": "true"
      },
      "RequestBody": {
        "value": "second_value",
        "content_type": null,
        "tags": {}
      },
      "StatusCode": 200,
      "ResponseHeaders": {
        "Access-Control-Allow-Origin": "*",
        "Connection": "keep-alive",
        "Content-Type": "application/vnd.microsoft.appconfig.kv\u002Bjson; charset=utf-8",
        "Date": "Fri, 03 Nov 2023 20:15:22 GMT",
        "ETag": "\u0022SzTDLQRyflo22zDqF5b6Gw5WiJNpVyh86djWx4mA5Os\u0022",
        "Last-Modified": "Fri, 03 Nov 2023 20:15:22 GMT",
        "Strict-Transport-Security": "max-age=15724800; includeSubDomains",
        "Sync-Token": "zAJw6V16=NjoxNSM1MzM5NjQ1;sn=5339645",
        "Transfer-Encoding": "chunked",
        "x-ms-client-request-id": "516b8390ffcfd1be531070646286eac7",
        "x-ms-correlation-request-id": "b6d5621e-4a84-4f5e-a7b7-f05a3563bf78",
        "x-ms-request-id": "b6d5621e-4a84-4f5e-a7b7-f05a3563bf78"
      },
      "ResponseBody": {
        "etag": "SzTDLQRyflo22zDqF5b6Gw5WiJNpVyh86djWx4mA5Os",
        "key": "second_key",
        "label": null,
        "content_type": null,
        "value": "second_value",
        "tags": {},
        "locked": false,
        "last_modified": "2023-11-03T20:15:22\u002B00:00"
      }
    },
    {
      "RequestUri": "https://appconfig-canary-2023-10-01.azconfig.io/snapshots/first_snapshot2085679577?api-version=2023-10-01",
      "RequestMethod": "PUT",
      "RequestHeaders": {
        "Accept": "application/vnd.microsoft.appconfig.snapshot\u002Bjson, application/problem\u002Bjson",
        "Authorization": "Sanitized",
        "Content-Length": "33",
        "Content-Type": "application/json",
        "Date": "Fri, 03 Nov 2023 20:15:21 GMT",
        "Sync-Token": "zAJw6V16=NjoxNSM1MzM5NjQ1",
        "traceparent": "00-d5cab35d2794a78d783dd5fb3c2e082d-1620ebeb645993fd-00",
        "User-Agent": "azsdk-net-Data.AppConfiguration/1.3.0-alpha.20231103.1 (.NET 7.0.13; Microsoft Windows 10.0.22631)",
        "x-ms-client-request-id": "c2c6fbe59f5a102500b5957205ae8163",
        "x-ms-content-sha256": "q1EVPDr86Up3//1TYdi/JCfPFILOgcx5AnVDcLDQI/E=",
        "x-ms-return-client-request-id": "true"
      },
      "RequestBody": {
        "filters": [
          {
            "key": "first_key"
          }
        ]
      },
      "StatusCode": 201,
      "ResponseHeaders": {
        "Access-Control-Allow-Origin": "*",
        "Connection": "keep-alive",
        "Content-Type": "application/vnd.microsoft.appconfig.snapshot\u002Bjson; charset=utf-8",
        "Date": "Fri, 03 Nov 2023 20:15:22 GMT",
        "ETag": "\u0022_ARhstQhLfMtNlsnayzbTriyVgTWfTDqeoRgR5onmgA\u0022",
        "Last-Modified": "Fri, 03 Nov 2023 20:15:22 GMT",
        "Link": "\u003C/kv?snapshot=first_snapshot2085679577\u0026api-version=2023-10-01\u003E; rel=\u0022items\u0022",
        "Operation-Location": "https://appconfig-canary-2023-10-01.azconfig.io/operations?snapshot=first_snapshot2085679577\u0026api-version=2023-10-01",
        "Strict-Transport-Security": "max-age=15724800; includeSubDomains",
        "Sync-Token": "zAJw6V16=NjoxNSM1MzM5NjQ3;sn=5339647",
        "Transfer-Encoding": "chunked",
        "x-ms-client-request-id": "c2c6fbe59f5a102500b5957205ae8163",
        "x-ms-correlation-request-id": "a31fa31f-9804-4baa-bd80-8cfbe465b61d",
        "x-ms-request-id": "a31fa31f-9804-4baa-bd80-8cfbe465b61d"
      },
      "ResponseBody": {
        "etag": "_ARhstQhLfMtNlsnayzbTriyVgTWfTDqeoRgR5onmgA",
        "name": "first_snapshot2085679577",
        "status": "provisioning",
        "filters": [
          {
            "key": "first_key",
            "label": null
          }
        ],
        "composition_type": "key",
        "created": "2023-11-03T20:15:22\u002B00:00",
        "size": 0,
        "items_count": 0,
        "tags": {},
        "retention_period": 2592000
      }
    },
    {
      "RequestUri": "https://appconfig-canary-2023-10-01.azconfig.io/operations?snapshot=first_snapshot2085679577\u0026api-version=2023-10-01",
      "RequestMethod": "GET",
      "RequestHeaders": {
        "Authorization": "Sanitized",
        "Date": "Fri, 03 Nov 2023 20:15:21 GMT",
        "Sync-Token": "zAJw6V16=NjoxNSM1MzM5NjQ3",
        "traceparent": "00-d5cab35d2794a78d783dd5fb3c2e082d-092ac5ebebb62f29-00",
        "User-Agent": "azsdk-net-Data.AppConfiguration/1.3.0-alpha.20231103.1 (.NET 7.0.13; Microsoft Windows 10.0.22631)",
        "x-ms-client-request-id": "bb56aa4ec6c8787f61aa646dc7f05c3d",
        "x-ms-content-sha256": "47DEQpj8HBSa\u002B/TImW\u002B5JCeuQeRkm5NMpJWZG3hSuFU=",
        "x-ms-return-client-request-id": "true"
      },
      "RequestBody": null,
      "StatusCode": 200,
      "ResponseHeaders": {
        "Access-Control-Allow-Origin": "*",
        "Connection": "keep-alive",
        "Content-Type": "application/json; charset=utf-8",
        "Date": "Fri, 03 Nov 2023 20:15:22 GMT",
        "Retry-After": "10",
        "Strict-Transport-Security": "max-age=15724800; includeSubDomains",
        "Sync-Token": "zAJw6V16=NjoxNSM1MzM5NjQ3;sn=5339647",
        "Transfer-Encoding": "chunked",
        "x-ms-client-request-id": "bb56aa4ec6c8787f61aa646dc7f05c3d",
        "x-ms-correlation-request-id": "21d83d53-5c5e-45ed-8c26-a566416a344e",
        "x-ms-request-id": "21d83d53-5c5e-45ed-8c26-a566416a344e"
      },
      "ResponseBody": {
        "id": "gzt5CDTMnjELTIX1GKVKiK-qA6alhO136eDULz1IujI",
        "status": "Running",
        "error": null
      }
    },
    {
      "RequestUri": "https://appconfig-canary-2023-10-01.azconfig.io/operations?snapshot=first_snapshot2085679577\u0026api-version=2023-10-01",
      "RequestMethod": "GET",
      "RequestHeaders": {
        "Authorization": "Sanitized",
        "Date": "Fri, 03 Nov 2023 20:15:31 GMT",
        "Sync-Token": "zAJw6V16=NjoxNSM1MzM5NjQ3",
        "traceparent": "00-d5cab35d2794a78d783dd5fb3c2e082d-eb3b9717b85813e2-00",
        "User-Agent": "azsdk-net-Data.AppConfiguration/1.3.0-alpha.20231103.1 (.NET 7.0.13; Microsoft Windows 10.0.22631)",
        "x-ms-client-request-id": "cbb7e5408096e4354641ce4a285f4e61",
        "x-ms-content-sha256": "47DEQpj8HBSa\u002B/TImW\u002B5JCeuQeRkm5NMpJWZG3hSuFU=",
        "x-ms-return-client-request-id": "true"
      },
      "RequestBody": null,
      "StatusCode": 200,
      "ResponseHeaders": {
        "Access-Control-Allow-Origin": "*",
        "Connection": "keep-alive",
        "Content-Type": "application/json; charset=utf-8",
        "Date": "Fri, 03 Nov 2023 20:15:32 GMT",
        "Retry-After": "10",
        "Strict-Transport-Security": "max-age=15724800; includeSubDomains",
        "Sync-Token": "zAJw6V16=NjoxNSM1MzM5NjQ3;sn=5339647",
        "Transfer-Encoding": "chunked",
        "x-ms-client-request-id": "cbb7e5408096e4354641ce4a285f4e61",
        "x-ms-correlation-request-id": "41d6c1e7-c741-42b3-b5a4-b72bf89e85d4",
        "x-ms-request-id": "41d6c1e7-c741-42b3-b5a4-b72bf89e85d4"
      },
      "ResponseBody": {
        "id": "gzt5CDTMnjELTIX1GKVKiK-qA6alhO136eDULz1IujI",
        "status": "Running",
        "error": null
      }
    },
    {
      "RequestUri": "https://appconfig-canary-2023-10-01.azconfig.io/operations?snapshot=first_snapshot2085679577\u0026api-version=2023-10-01",
      "RequestMethod": "GET",
      "RequestHeaders": {
        "Authorization": "Sanitized",
        "Date": "Fri, 03 Nov 2023 20:15:41 GMT",
        "Sync-Token": "zAJw6V16=NjoxNSM1MzM5NjQ3",
        "traceparent": "00-d5cab35d2794a78d783dd5fb3c2e082d-7beba982af81b57c-00",
        "User-Agent": "azsdk-net-Data.AppConfiguration/1.3.0-alpha.20231103.1 (.NET 7.0.13; Microsoft Windows 10.0.22631)",
        "x-ms-client-request-id": "db1401ee0b941e107c4d60b03bb74810",
        "x-ms-content-sha256": "47DEQpj8HBSa\u002B/TImW\u002B5JCeuQeRkm5NMpJWZG3hSuFU=",
        "x-ms-return-client-request-id": "true"
      },
      "RequestBody": null,
      "StatusCode": 200,
      "ResponseHeaders": {
        "Access-Control-Allow-Origin": "*",
        "Connection": "keep-alive",
        "Content-Type": "application/json; charset=utf-8",
        "Date": "Fri, 03 Nov 2023 20:15:42 GMT",
        "Retry-After": "10",
        "Strict-Transport-Security": "max-age=15724800; includeSubDomains",
        "Sync-Token": "zAJw6V16=NjoxNSM1MzM5NjQ3;sn=5339647",
        "Transfer-Encoding": "chunked",
        "x-ms-client-request-id": "db1401ee0b941e107c4d60b03bb74810",
        "x-ms-correlation-request-id": "3152e16b-a352-4ff0-ba2c-d6cbe96affa2",
        "x-ms-request-id": "3152e16b-a352-4ff0-ba2c-d6cbe96affa2"
      },
      "ResponseBody": {
        "id": "gzt5CDTMnjELTIX1GKVKiK-qA6alhO136eDULz1IujI",
        "status": "Running",
        "error": null
      }
    },
    {
      "RequestUri": "https://appconfig-canary-2023-10-01.azconfig.io/operations?snapshot=first_snapshot2085679577\u0026api-version=2023-10-01",
      "RequestMethod": "GET",
      "RequestHeaders": {
        "Authorization": "Sanitized",
        "Date": "Fri, 03 Nov 2023 20:15:51 GMT",
        "Sync-Token": "zAJw6V16=NjoxNSM1MzM5NjQ3",
        "traceparent": "00-d5cab35d2794a78d783dd5fb3c2e082d-7c1993abe09350f5-00",
        "User-Agent": "azsdk-net-Data.AppConfiguration/1.3.0-alpha.20231103.1 (.NET 7.0.13; Microsoft Windows 10.0.22631)",
        "x-ms-client-request-id": "20315858b5f6cdcd75727587f8354f02",
        "x-ms-content-sha256": "47DEQpj8HBSa\u002B/TImW\u002B5JCeuQeRkm5NMpJWZG3hSuFU=",
        "x-ms-return-client-request-id": "true"
      },
      "RequestBody": null,
      "StatusCode": 200,
      "ResponseHeaders": {
        "Access-Control-Allow-Origin": "*",
        "Connection": "close",
        "Content-Type": "application/json; charset=utf-8",
        "Date": "Fri, 03 Nov 2023 20:15:52 GMT",
        "Strict-Transport-Security": "max-age=15724800; includeSubDomains",
        "Sync-Token": "zAJw6V16=NjoxNSM1MzM5NjQ4;sn=5339648",
        "Transfer-Encoding": "chunked",
        "x-ms-client-request-id": "20315858b5f6cdcd75727587f8354f02",
        "x-ms-correlation-request-id": "3b6526b5-836d-42f1-9865-7dee0c2c34e4",
        "x-ms-request-id": "3b6526b5-836d-42f1-9865-7dee0c2c34e4"
      },
      "ResponseBody": {
        "id": "gzt5CDTMnjELTIX1GKVKiK-qA6alhO136eDULz1IujI",
        "status": "Succeeded",
        "error": null
      }
    },
    {
      "RequestUri": "https://appconfig-canary-2023-10-01.azconfig.io/snapshots/first_snapshot2085679577?api-version=2023-10-01",
      "RequestMethod": "GET",
      "RequestHeaders": {
        "Authorization": "Sanitized",
        "Date": "Fri, 03 Nov 2023 20:15:51 GMT",
        "Sync-Token": "zAJw6V16=NjoxNSM1MzM5NjQ4",
        "traceparent": "00-d5cab35d2794a78d783dd5fb3c2e082d-28e4cbc4977818bc-00",
        "User-Agent": "azsdk-net-Data.AppConfiguration/1.3.0-alpha.20231103.1 (.NET 7.0.13; Microsoft Windows 10.0.22631)",
        "x-ms-client-request-id": "c67e025c81dc34a9d4994f492085a88e",
        "x-ms-content-sha256": "47DEQpj8HBSa\u002B/TImW\u002B5JCeuQeRkm5NMpJWZG3hSuFU=",
        "x-ms-return-client-request-id": "true"
      },
      "RequestBody": null,
      "StatusCode": 200,
      "ResponseHeaders": {
        "Access-Control-Allow-Origin": "*",
        "Connection": "keep-alive",
        "Content-Type": "application/vnd.microsoft.appconfig.snapshot\u002Bjson; charset=utf-8",
        "Date": "Fri, 03 Nov 2023 20:15:53 GMT",
        "ETag": "\u0022_ARhstQhLfMtNlsnayzbTriyVgTWfTDqeoRgR5onmgA\u0022",
        "Last-Modified": "Fri, 03 Nov 2023 20:15:22 GMT",
        "Link": "\u003C/kv?snapshot=first_snapshot2085679577\u0026api-version=2023-10-01\u003E; rel=\u0022items\u0022",
        "Strict-Transport-Security": "max-age=15724800; includeSubDomains",
        "Sync-Token": "zAJw6V16=NjoxNSM1MzM5NjQ4;sn=5339648",
        "Transfer-Encoding": "chunked",
        "x-ms-client-request-id": "c67e025c81dc34a9d4994f492085a88e",
        "x-ms-correlation-request-id": "1cbd2685-b017-4701-8432-befa3fa860cc",
        "x-ms-request-id": "1cbd2685-b017-4701-8432-befa3fa860cc"
      },
      "ResponseBody": {
        "etag": "_ARhstQhLfMtNlsnayzbTriyVgTWfTDqeoRgR5onmgA",
        "name": "first_snapshot2085679577",
        "status": "ready",
        "filters": [
          {
            "key": "first_key",
            "label": null
          }
        ],
        "composition_type": "key",
        "created": "2023-11-03T20:15:22\u002B00:00",
        "size": 1000,
        "items_count": 1,
        "tags": {},
        "retention_period": 2592000
      }
    },
    {
      "RequestUri": "https://appconfig-canary-2023-10-01.azconfig.io/snapshots/second_snapshot587189496?api-version=2023-10-01",
      "RequestMethod": "PUT",
      "RequestHeaders": {
        "Accept": "application/vnd.microsoft.appconfig.snapshot\u002Bjson, application/problem\u002Bjson",
        "Authorization": "Sanitized",
        "Content-Length": "34",
        "Content-Type": "application/json",
        "Date": "Fri, 03 Nov 2023 20:15:52 GMT",
        "Sync-Token": "zAJw6V16=NjoxNSM1MzM5NjQ4",
        "traceparent": "00-933f19410b17a8c42bc8a836c795f615-fb0b220a6d130431-00",
        "User-Agent": "azsdk-net-Data.AppConfiguration/1.3.0-alpha.20231103.1 (.NET 7.0.13; Microsoft Windows 10.0.22631)",
        "x-ms-client-request-id": "2dd0f1be6a2d333946662196892647fd",
        "x-ms-content-sha256": "eN2odJpcahJHz0PlXxOWvEILqR/xE6h3dd1kGG84OFQ=",
        "x-ms-return-client-request-id": "true"
      },
      "RequestBody": {
        "filters": [
          {
            "key": "second_key"
          }
        ]
      },
      "StatusCode": 201,
      "ResponseHeaders": {
        "Access-Control-Allow-Origin": "*",
        "Connection": "keep-alive",
        "Content-Type": "application/vnd.microsoft.appconfig.snapshot\u002Bjson; charset=utf-8",
        "Date": "Fri, 03 Nov 2023 20:15:53 GMT",
        "ETag": "\u0022ZjU2sDPtTODPSxxl3cOonf7syLYeU2ehgRv4RCU9qdk\u0022",
        "Last-Modified": "Fri, 03 Nov 2023 20:15:53 GMT",
        "Link": "\u003C/kv?snapshot=second_snapshot587189496\u0026api-version=2023-10-01\u003E; rel=\u0022items\u0022",
        "Operation-Location": "https://appconfig-canary-2023-10-01.azconfig.io/operations?snapshot=second_snapshot587189496\u0026api-version=2023-10-01",
        "Strict-Transport-Security": "max-age=15724800; includeSubDomains",
        "Sync-Token": "zAJw6V16=NjoxNSM1MzM5NjQ5;sn=5339649",
        "Transfer-Encoding": "chunked",
        "x-ms-client-request-id": "2dd0f1be6a2d333946662196892647fd",
        "x-ms-correlation-request-id": "edfbc942-5a15-4028-ac88-c84eed02260c",
        "x-ms-request-id": "edfbc942-5a15-4028-ac88-c84eed02260c"
      },
      "ResponseBody": {
        "etag": "ZjU2sDPtTODPSxxl3cOonf7syLYeU2ehgRv4RCU9qdk",
        "name": "second_snapshot587189496",
        "status": "provisioning",
        "filters": [
          {
            "key": "second_key",
            "label": null
          }
        ],
        "composition_type": "key",
        "created": "2023-11-03T20:15:53\u002B00:00",
        "size": 0,
        "items_count": 0,
        "tags": {},
        "retention_period": 2592000
      }
    },
    {
      "RequestUri": "https://appconfig-canary-2023-10-01.azconfig.io/operations?snapshot=second_snapshot587189496\u0026api-version=2023-10-01",
      "RequestMethod": "GET",
      "RequestHeaders": {
        "Authorization": "Sanitized",
        "Date": "Fri, 03 Nov 2023 20:15:52 GMT",
        "Sync-Token": "zAJw6V16=NjoxNSM1MzM5NjQ5",
        "traceparent": "00-933f19410b17a8c42bc8a836c795f615-7ba9dc378ce54bc2-00",
        "User-Agent": "azsdk-net-Data.AppConfiguration/1.3.0-alpha.20231103.1 (.NET 7.0.13; Microsoft Windows 10.0.22631)",
        "x-ms-client-request-id": "3938535e3382afd7fd4c5d6683adf0c9",
        "x-ms-content-sha256": "47DEQpj8HBSa\u002B/TImW\u002B5JCeuQeRkm5NMpJWZG3hSuFU=",
        "x-ms-return-client-request-id": "true"
      },
      "RequestBody": null,
      "StatusCode": 200,
      "ResponseHeaders": {
        "Access-Control-Allow-Origin": "*",
        "Connection": "keep-alive",
        "Content-Type": "application/json; charset=utf-8",
        "Date": "Fri, 03 Nov 2023 20:15:53 GMT",
        "Retry-After": "10",
        "Strict-Transport-Security": "max-age=15724800; includeSubDomains",
        "Sync-Token": "zAJw6V16=NjoxNSM1MzM5NjQ5;sn=5339649",
        "Transfer-Encoding": "chunked",
        "x-ms-client-request-id": "3938535e3382afd7fd4c5d6683adf0c9",
        "x-ms-correlation-request-id": "ba8d692a-8b2f-44fa-8453-08a9ac60a8e2",
        "x-ms-request-id": "ba8d692a-8b2f-44fa-8453-08a9ac60a8e2"
      },
      "ResponseBody": {
        "id": "QfwSjYxHAm_IMAfCHeO9N2Ptzb7cULQd2XIgeR5ekG8",
        "status": "Running",
        "error": null
      }
    },
    {
      "RequestUri": "https://appconfig-canary-2023-10-01.azconfig.io/operations?snapshot=second_snapshot587189496\u0026api-version=2023-10-01",
      "RequestMethod": "GET",
      "RequestHeaders": {
        "Authorization": "Sanitized",
        "Date": "Fri, 03 Nov 2023 20:16:02 GMT",
        "Sync-Token": "zAJw6V16=NjoxNSM1MzM5NjQ5",
        "traceparent": "00-933f19410b17a8c42bc8a836c795f615-a4544a9165178851-00",
        "User-Agent": "azsdk-net-Data.AppConfiguration/1.3.0-alpha.20231103.1 (.NET 7.0.13; Microsoft Windows 10.0.22631)",
        "x-ms-client-request-id": "43398fe6d57f972e4592951a879e4b72",
        "x-ms-content-sha256": "47DEQpj8HBSa\u002B/TImW\u002B5JCeuQeRkm5NMpJWZG3hSuFU=",
        "x-ms-return-client-request-id": "true"
      },
      "RequestBody": null,
      "StatusCode": 200,
      "ResponseHeaders": {
        "Access-Control-Allow-Origin": "*",
        "Connection": "keep-alive",
        "Content-Type": "application/json; charset=utf-8",
        "Date": "Fri, 03 Nov 2023 20:16:03 GMT",
        "Retry-After": "10",
        "Strict-Transport-Security": "max-age=15724800; includeSubDomains",
        "Sync-Token": "zAJw6V16=NjoxNSM1MzM5NjQ5;sn=5339649",
        "Transfer-Encoding": "chunked",
        "x-ms-client-request-id": "43398fe6d57f972e4592951a879e4b72",
        "x-ms-correlation-request-id": "57e75592-c960-4fdb-98d2-cbbc524ca2d7",
        "x-ms-request-id": "57e75592-c960-4fdb-98d2-cbbc524ca2d7"
      },
      "ResponseBody": {
        "id": "QfwSjYxHAm_IMAfCHeO9N2Ptzb7cULQd2XIgeR5ekG8",
        "status": "Running",
        "error": null
      }
    },
    {
      "RequestUri": "https://appconfig-canary-2023-10-01.azconfig.io/operations?snapshot=second_snapshot587189496\u0026api-version=2023-10-01",
      "RequestMethod": "GET",
      "RequestHeaders": {
        "Authorization": "Sanitized",
        "Date": "Fri, 03 Nov 2023 20:16:12 GMT",
        "Sync-Token": "zAJw6V16=NjoxNSM1MzM5NjQ5",
        "traceparent": "00-933f19410b17a8c42bc8a836c795f615-ffd89d29a79a7bb7-00",
        "User-Agent": "azsdk-net-Data.AppConfiguration/1.3.0-alpha.20231103.1 (.NET 7.0.13; Microsoft Windows 10.0.22631)",
        "x-ms-client-request-id": "31c14b08556f8a751a212fe10cd3af99",
        "x-ms-content-sha256": "47DEQpj8HBSa\u002B/TImW\u002B5JCeuQeRkm5NMpJWZG3hSuFU=",
        "x-ms-return-client-request-id": "true"
      },
      "RequestBody": null,
      "StatusCode": 200,
      "ResponseHeaders": {
        "Access-Control-Allow-Origin": "*",
        "Connection": "keep-alive",
        "Content-Type": "application/json; charset=utf-8",
        "Date": "Fri, 03 Nov 2023 20:16:13 GMT",
        "Strict-Transport-Security": "max-age=15724800; includeSubDomains",
        "Sync-Token": "zAJw6V16=NjoxNSM1MzM5NjUw;sn=5339650",
        "Transfer-Encoding": "chunked",
        "x-ms-client-request-id": "31c14b08556f8a751a212fe10cd3af99",
        "x-ms-correlation-request-id": "8b4803aa-9b70-45ab-a694-fa99c42747c4",
        "x-ms-request-id": "8b4803aa-9b70-45ab-a694-fa99c42747c4"
      },
      "ResponseBody": {
        "id": "QfwSjYxHAm_IMAfCHeO9N2Ptzb7cULQd2XIgeR5ekG8",
        "status": "Succeeded",
        "error": null
      }
    },
    {
      "RequestUri": "https://appconfig-canary-2023-10-01.azconfig.io/snapshots/second_snapshot587189496?api-version=2023-10-01",
      "RequestMethod": "GET",
      "RequestHeaders": {
        "Authorization": "Sanitized",
        "Date": "Fri, 03 Nov 2023 20:16:12 GMT",
        "Sync-Token": "zAJw6V16=NjoxNSM1MzM5NjUw",
        "traceparent": "00-933f19410b17a8c42bc8a836c795f615-d5ff250bbb9e153d-00",
        "User-Agent": "azsdk-net-Data.AppConfiguration/1.3.0-alpha.20231103.1 (.NET 7.0.13; Microsoft Windows 10.0.22631)",
        "x-ms-client-request-id": "f9af577603ec897e25a0f3f09ebc275e",
        "x-ms-content-sha256": "47DEQpj8HBSa\u002B/TImW\u002B5JCeuQeRkm5NMpJWZG3hSuFU=",
        "x-ms-return-client-request-id": "true"
      },
      "RequestBody": null,
      "StatusCode": 200,
      "ResponseHeaders": {
        "Access-Control-Allow-Origin": "*",
        "Connection": "keep-alive",
        "Content-Type": "application/vnd.microsoft.appconfig.snapshot\u002Bjson; charset=utf-8",
        "Date": "Fri, 03 Nov 2023 20:16:13 GMT",
        "ETag": "\u0022ZjU2sDPtTODPSxxl3cOonf7syLYeU2ehgRv4RCU9qdk\u0022",
        "Last-Modified": "Fri, 03 Nov 2023 20:15:53 GMT",
        "Link": "\u003C/kv?snapshot=second_snapshot587189496\u0026api-version=2023-10-01\u003E; rel=\u0022items\u0022",
        "Strict-Transport-Security": "max-age=15724800; includeSubDomains",
        "Sync-Token": "zAJw6V16=NjoxNSM1MzM5NjUw;sn=5339650",
        "Transfer-Encoding": "chunked",
        "x-ms-client-request-id": "f9af577603ec897e25a0f3f09ebc275e",
        "x-ms-correlation-request-id": "2d339cf1-01d1-41eb-9731-3e3c6dad5b29",
        "x-ms-request-id": "2d339cf1-01d1-41eb-9731-3e3c6dad5b29"
      },
      "ResponseBody": {
        "etag": "ZjU2sDPtTODPSxxl3cOonf7syLYeU2ehgRv4RCU9qdk",
        "name": "second_snapshot587189496",
        "status": "ready",
        "filters": [
          {
            "key": "second_key",
            "label": null
          }
        ],
        "composition_type": "key",
        "created": "2023-11-03T20:15:53\u002B00:00",
        "size": 1000,
        "items_count": 1,
        "tags": {},
        "retention_period": 2592000
      }
    },
    {
      "RequestUri": "https://appconfig-canary-2023-10-01.azconfig.io/snapshots?name=first_snapshot2085679577\u0026api-version=2023-10-01",
      "RequestMethod": "GET",
      "RequestHeaders": {
        "Accept": "application/vnd.microsoft.appconfig.snapshotset\u002Bjson, application/problem\u002Bjson",
        "Authorization": "Sanitized",
        "Date": "Fri, 03 Nov 2023 20:16:12 GMT",
        "Sync-Token": "zAJw6V16=NjoxNSM1MzM5NjUw",
        "User-Agent": "azsdk-net-Data.AppConfiguration/1.3.0-alpha.20231103.1 (.NET 7.0.13; Microsoft Windows 10.0.22631)",
        "x-ms-client-request-id": "385dea00beeb915a19af295da54d8b72",
        "x-ms-content-sha256": "47DEQpj8HBSa\u002B/TImW\u002B5JCeuQeRkm5NMpJWZG3hSuFU=",
        "x-ms-return-client-request-id": "true"
      },
      "RequestBody": null,
      "StatusCode": 200,
      "ResponseHeaders": {
        "Access-Control-Allow-Origin": "*",
        "Connection": "keep-alive",
        "Content-Type": "application/vnd.microsoft.appconfig.snapshotset\u002Bjson; charset=utf-8",
        "Date": "Fri, 03 Nov 2023 20:16:13 GMT",
        "Strict-Transport-Security": "max-age=15724800; includeSubDomains",
        "Sync-Token": "zAJw6V16=NjoxNSM1MzM5NjUw;sn=5339650",
        "Transfer-Encoding": "chunked",
        "x-ms-client-request-id": "385dea00beeb915a19af295da54d8b72",
        "x-ms-correlation-request-id": "1826a71a-200c-478a-9786-3bf7f51d6ffd",
        "x-ms-request-id": "1826a71a-200c-478a-9786-3bf7f51d6ffd"
      },
      "ResponseBody": {
        "items": [
          {
            "etag": "_ARhstQhLfMtNlsnayzbTriyVgTWfTDqeoRgR5onmgA",
            "name": "first_snapshot2085679577",
            "status": "ready",
            "filters": [
              {
                "key": "first_key",
                "label": null
              }
            ],
            "composition_type": "key",
            "created": "2023-11-03T20:15:22\u002B00:00",
            "size": 1000,
            "items_count": 1,
            "tags": {},
            "retention_period": 2592000
          }
        ]
      }
    },
    {
      "RequestUri": "https://appconfig-canary-2023-10-01.azconfig.io/kv/first_key?api-version=2023-10-01",
      "RequestMethod": "DELETE",
      "RequestHeaders": {
        "Accept": "application/vnd.microsoft.appconfig.kv\u002Bjson, application/problem\u002Bjson",
        "Authorization": "Sanitized",
        "Date": "Fri, 03 Nov 2023 20:16:12 GMT",
        "Sync-Token": "zAJw6V16=NjoxNSM1MzM5NjUw",
        "traceparent": "00-090053df18889f5022754bf234fc52db-0bbb9a0e2e7455ea-00",
        "User-Agent": "azsdk-net-Data.AppConfiguration/1.3.0-alpha.20231103.1 (.NET 7.0.13; Microsoft Windows 10.0.22631)",
        "x-ms-client-request-id": "30a4fbe251ee0486cd380cce6185ec5d",
        "x-ms-content-sha256": "47DEQpj8HBSa\u002B/TImW\u002B5JCeuQeRkm5NMpJWZG3hSuFU=",
        "x-ms-return-client-request-id": "true"
      },
      "RequestBody": null,
      "StatusCode": 200,
      "ResponseHeaders": {
        "Access-Control-Allow-Origin": "*",
        "Connection": "keep-alive",
        "Content-Type": "application/vnd.microsoft.appconfig.kv\u002Bjson; charset=utf-8",
        "Date": "Fri, 03 Nov 2023 20:16:13 GMT",
        "ETag": "\u00225kXTY4R3kluxpZFyXejczwYgJBbAY58ASIWU64n9rO4\u0022",
        "Last-Modified": "Fri, 03 Nov 2023 20:15:22 GMT",
        "Strict-Transport-Security": "max-age=15724800; includeSubDomains",
        "Sync-Token": "zAJw6V16=NjoxNSM1MzM5NjUx;sn=5339651",
        "Transfer-Encoding": "chunked",
        "x-ms-client-request-id": "30a4fbe251ee0486cd380cce6185ec5d",
        "x-ms-correlation-request-id": "a74b934d-943c-4981-b51f-719adc4f8aef",
        "x-ms-request-id": "a74b934d-943c-4981-b51f-719adc4f8aef"
      },
      "ResponseBody": {
        "etag": "5kXTY4R3kluxpZFyXejczwYgJBbAY58ASIWU64n9rO4",
        "key": "first_key",
        "label": null,
        "content_type": null,
        "value": "first_value",
        "tags": {},
        "locked": false,
        "last_modified": "2023-11-03T20:15:22\u002B00:00"
      }
    },
    {
      "RequestUri": "https://appconfig-canary-2023-10-01.azconfig.io/kv/second_key?api-version=2023-10-01",
      "RequestMethod": "DELETE",
      "RequestHeaders": {
        "Accept": "application/vnd.microsoft.appconfig.kv\u002Bjson, application/problem\u002Bjson",
        "Authorization": "Sanitized",
        "Date": "Fri, 03 Nov 2023 20:16:12 GMT",
        "Sync-Token": "zAJw6V16=NjoxNSM1MzM5NjUx",
        "traceparent": "00-f0893921a667cf14045f6d9548a536c9-3bac03dee1be9c72-00",
        "User-Agent": "azsdk-net-Data.AppConfiguration/1.3.0-alpha.20231103.1 (.NET 7.0.13; Microsoft Windows 10.0.22631)",
        "x-ms-client-request-id": "21e0d1fa7775b7aefd1edf3dda21e3d8",
        "x-ms-content-sha256": "47DEQpj8HBSa\u002B/TImW\u002B5JCeuQeRkm5NMpJWZG3hSuFU=",
        "x-ms-return-client-request-id": "true"
      },
      "RequestBody": null,
      "StatusCode": 200,
      "ResponseHeaders": {
        "Access-Control-Allow-Origin": "*",
        "Connection": "keep-alive",
        "Content-Type": "application/vnd.microsoft.appconfig.kv\u002Bjson; charset=utf-8",
        "Date": "Fri, 03 Nov 2023 20:16:13 GMT",
        "ETag": "\u0022SzTDLQRyflo22zDqF5b6Gw5WiJNpVyh86djWx4mA5Os\u0022",
        "Last-Modified": "Fri, 03 Nov 2023 20:15:22 GMT",
        "Strict-Transport-Security": "max-age=15724800; includeSubDomains",
        "Sync-Token": "zAJw6V16=NjoxNSM1MzM5NjUy;sn=5339652",
        "Transfer-Encoding": "chunked",
        "x-ms-client-request-id": "21e0d1fa7775b7aefd1edf3dda21e3d8",
        "x-ms-correlation-request-id": "9697ea5e-d093-4275-b48d-65df9259be24",
        "x-ms-request-id": "9697ea5e-d093-4275-b48d-65df9259be24"
      },
      "ResponseBody": {
        "etag": "SzTDLQRyflo22zDqF5b6Gw5WiJNpVyh86djWx4mA5Os",
        "key": "second_key",
        "label": null,
        "content_type": null,
        "value": "second_value",
        "tags": {},
        "locked": false,
        "last_modified": "2023-11-03T20:15:22\u002B00:00"
      }
    }
  ],
  "Variables": {
    "APPCONFIGURATION_CONNECTION_STRING": "Endpoint=https://appconfig-canary-2023-10-01.azconfig.io;Id=0VlC;Secret=Kg==",
    "RandomSeed": "2128434605"
  }
}
