{
  "Entries": [
    {
      "RequestUri": "https://tdfcae3cf5eab7143-azconfig-net.azconfig.io/kv/key-1978540032?api-version=2023-11-01&label=test_label",
      "RequestMethod": "PUT",
      "RequestHeaders": {
        "Accept": "application/problem+json, application/vnd.microsoft.appconfig.kv+json",
        "Authorization": "Sanitized",
        "Content-Length": "98",
        "Content-Type": "application/json",
        "Date": "Wed, 11 Jun 2025 17:24:28 GMT",
        "traceparent": "00-103fc88cf9213018677b100a2cd66b66-88a61f00947d1ab4-00",
        "User-Agent": "azsdk-net-Data.AppConfiguration/1.7.0-alpha.20250611.1 (.NET 9.0.4; Microsoft Windows 10.0.26100)",
        "x-ms-client-request-id": "Sanitized",
        "x-ms-content-sha256": "Sanitized",
        "x-ms-return-client-request-id": "true"
      },
      "RequestBody": {
        "value": "test_value",
        "content_type": "test_content_type",
        "tags": {
          "tag1": "value1",
          "tag2": "value2"
        }
      },
      "StatusCode": 200,
      "ResponseHeaders": {
        "Access-Control-Allow-Origin": "*",
        "Connection": "keep-alive",
        "Content-Type": "application/vnd.microsoft.appconfig.kv+json; charset=utf-8",
        "Date": "Wed, 11 Jun 2025 17:24:31 GMT",
        "ETag": "\"9I-r3s4cK4gnn-q6hHibAuxgEbNwedbKbUIhRofF5Js\"",
        "Last-Modified": "Wed, 11 Jun 2025 17:24:31 GMT",
        "Strict-Transport-Security": "max-age=31536000; includeSubDomains",
        "Sync-Token": "zAJw6V16=Mzo1IzQyMTUxMDEz;sn=42151013",
        "Transfer-Encoding": "chunked",
        "x-ms-client-request-id": "Sanitized",
        "x-ms-correlation-request-id": "6cf43efa-efcc-47ab-9bb6-f18ce19c339c",
        "x-ms-request-id": "6cf43efa-efcc-47ab-9bb6-f18ce19c339c"
      },
      "ResponseBody": {
        "etag": "9I-r3s4cK4gnn-q6hHibAuxgEbNwedbKbUIhRofF5Js",
        "key": "key-1978540032",
        "label": "test_label",
        "content_type": "test_content_type",
        "value": "test_value",
        "tags": {
          "tag1": "value1",
          "tag2": "value2"
        },
        "locked": false,
        "last_modified": "2025-06-11T17:24:31+00:00"
      }
    },
    {
      "RequestUri": "https://tdfcae3cf5eab7143-azconfig-net.azconfig.io/kv/key-1978540032?api-version=2023-11-01&label=test_label",
      "RequestMethod": "GET",
      "RequestHeaders": {
        "Accept": "application/problem+json, application/vnd.microsoft.appconfig.kv+json",
        "Authorization": "Sanitized",
        "Date": "Wed, 11 Jun 2025 17:24:28 GMT",
        "If-None-Match": "\"this won't match\"",
        "Sync-Token": "zAJw6V16=Mzo1IzQyMTUxMDEz",
        "traceparent": "00-ff68aae43e543d980cd43e4fe577927c-cc901d19f590f2a4-00",
        "User-Agent": "azsdk-net-Data.AppConfiguration/1.7.0-alpha.20250611.1 (.NET 9.0.4; Microsoft Windows 10.0.26100)",
        "x-ms-client-request-id": "Sanitized",
        "x-ms-content-sha256": "Sanitized",
        "x-ms-return-client-request-id": "true"
      },
      "RequestBody": null,
      "StatusCode": 200,
      "ResponseHeaders": {
        "Access-Control-Allow-Origin": "*",
        "Connection": "keep-alive",
        "Content-Type": "application/vnd.microsoft.appconfig.kv+json; charset=utf-8",
        "Date": "Wed, 11 Jun 2025 17:24:31 GMT",
        "ETag": "\"9I-r3s4cK4gnn-q6hHibAuxgEbNwedbKbUIhRofF5Js\"",
        "Last-Modified": "Wed, 11 Jun 2025 17:24:31 GMT",
        "Strict-Transport-Security": "max-age=31536000; includeSubDomains",
        "Sync-Token": "zAJw6V16=Mzo1IzQyMTUxMDEz;sn=42151013",
        "Transfer-Encoding": "chunked",
        "x-ms-client-request-id": "Sanitized",
        "x-ms-correlation-request-id": "9ef72cc2-bd33-42b7-88ae-8b82fd3901b5",
        "x-ms-request-id": "9ef72cc2-bd33-42b7-88ae-8b82fd3901b5"
      },
      "ResponseBody": {
        "etag": "9I-r3s4cK4gnn-q6hHibAuxgEbNwedbKbUIhRofF5Js",
        "key": "key-1978540032",
        "label": "test_label",
        "content_type": "test_content_type",
        "value": "test_value",
        "tags": {
          "tag1": "value1",
          "tag2": "value2"
        },
        "locked": false,
        "last_modified": "2025-06-11T17:24:31+00:00"
      }
    },
    {
      "RequestUri": "https://tdfcae3cf5eab7143-azconfig-net.azconfig.io/kv/key-1978540032?api-version=2023-11-01&label=test_label",
      "RequestMethod": "DELETE",
      "RequestHeaders": {
        "Accept": "application/problem+json, application/vnd.microsoft.appconfig.kv+json",
        "Authorization": "Sanitized",
        "Date": "Wed, 11 Jun 2025 17:24:28 GMT",
        "Sync-Token": "zAJw6V16=Mzo1IzQyMTUxMDEz",
        "traceparent": "00-58a758febe80c09ac88919770a5a84bd-b2520441c05151ec-00",
        "User-Agent": "azsdk-net-Data.AppConfiguration/1.7.0-alpha.20250611.1 (.NET 9.0.4; Microsoft Windows 10.0.26100)",
        "x-ms-client-request-id": "Sanitized",
        "x-ms-content-sha256": "Sanitized",
        "x-ms-return-client-request-id": "true"
      },
      "RequestBody": null,
      "StatusCode": 200,
      "ResponseHeaders": {
        "Access-Control-Allow-Origin": "*",
        "Connection": "keep-alive",
        "Content-Type": "application/vnd.microsoft.appconfig.kv+json; charset=utf-8",
        "Date": "Wed, 11 Jun 2025 17:24:31 GMT",
        "ETag": "\"9I-r3s4cK4gnn-q6hHibAuxgEbNwedbKbUIhRofF5Js\"",
        "Last-Modified": "Wed, 11 Jun 2025 17:24:31 GMT",
        "Strict-Transport-Security": "max-age=31536000; includeSubDomains",
        "Sync-Token": "zAJw6V16=Mzo1IzQyMTUxMDE0;sn=42151014",
        "Transfer-Encoding": "chunked",
        "x-ms-client-request-id": "Sanitized",
        "x-ms-correlation-request-id": "90380dee-61a8-48b5-b220-a58ad25a681d",
        "x-ms-request-id": "90380dee-61a8-48b5-b220-a58ad25a681d"
      },
      "ResponseBody": {
        "etag": "9I-r3s4cK4gnn-q6hHibAuxgEbNwedbKbUIhRofF5Js",
        "key": "key-1978540032",
        "label": "test_label",
        "content_type": "test_content_type",
        "value": "test_value",
        "tags": {
          "tag1": "value1",
          "tag2": "value2"
        },
        "locked": false,
        "last_modified": "2025-06-11T17:24:31+00:00"
      }
    }
  ],
  "Variables": {
    "APPCONFIGURATION_CONNECTION_STRING": "Endpoint=https://tdfcae3cf5eab7143-azconfig-net.azconfig.io;Id=GAEe;Secret=Kg==",
    "RandomSeed": "1139226500"
  }
}
