{
  "Entries": [
    {
      "RequestUri": "https://jsquire-08-azconfig-net.azconfig.io/kv/key-1034336356?api-version=1.0",
      "RequestMethod": "PUT",
      "RequestHeaders": {
        "Accept": "application/vnd.microsoft.appconfig.kv\u002Bjson, application/problem\u002Bjson",
        "Authorization": "Sanitized",
        "Content-Length": "98",
        "Content-Type": "application/json",
        "Date": "Fri, 08 Sep 2023 13:35:24 GMT",
        "traceparent": "00-ae0bb0c9ce2eba6a6533895878a058cf-8accc1b663bdf299-00",
        "User-Agent": "azsdk-net-Data.AppConfiguration/1.2.1-alpha.20230908.1 (.NET 6.0.21; Microsoft Windows 10.0.22621)",
        "x-ms-client-request-id": "d5c1912aa0e87a2c2f959478f2096dcf",
        "x-ms-content-sha256": "b11OQu6GthUatwGXUIKHHSRVyik0TdrUk5kZm3yZd2A=",
        "x-ms-return-client-request-id": "true"
      },
      "RequestBody": {
        "value": "test_value",
        "content_type": "test_content_type",
        "tags": {
          "tag1": "value1",
          "tag2": "value2"
        }
      },
      "StatusCode": 200,
      "ResponseHeaders": {
        "Access-Control-Allow-Credentials": "true",
        "Access-Control-Allow-Headers": "DNT, X-CustomHeader, Keep-Alive, User-Agent, X-Requested-With, If-Modified-Since, Cache-Control, Content-Type, Authorization, x-ms-client-request-id, x-ms-useragent, x-ms-content-sha256, x-ms-date, host, Accept, Accept-Datetime, Date, If-Match, If-None-Match, Sync-Token, x-ms-return-client-request-id, ETag, Last-Modified, Link, Memento-Datetime, retry-after-ms, x-ms-request-id, x-ms-client-session-id, x-ms-effective-locale, WWW-Authenticate, traceparent, tracestate",
        "Access-Control-Allow-Methods": "GET, PUT, POST, DELETE, PATCH, OPTIONS",
        "Access-Control-Allow-Origin": "*",
        "Access-Control-Expose-Headers": "DNT, X-CustomHeader, Keep-Alive, User-Agent, X-Requested-With, If-Modified-Since, Cache-Control, Content-Type, Authorization, x-ms-client-request-id, x-ms-useragent, x-ms-content-sha256, x-ms-date, host, Accept, Accept-Datetime, Date, If-Match, If-None-Match, Sync-Token, x-ms-return-client-request-id, ETag, Last-Modified, Link, Memento-Datetime, retry-after-ms, x-ms-request-id, x-ms-client-session-id, x-ms-effective-locale, WWW-Authenticate, traceparent, tracestate, operation-location",
        "Access-Control-Max-Age": "1728000",
        "Connection": "keep-alive",
        "Content-Type": "application/vnd.microsoft.appconfig.kv\u002Bjson; charset=utf-8",
        "Date": "Fri, 08 Sep 2023 13:35:24 GMT",
        "ETag": "\u0022MteaUt7-mwN3FJpP0m2NHtjQ-c9W-Au67gMLFLL44jI\u0022",
        "Last-Modified": "Fri, 08 Sep 2023 13:35:24 GMT",
        "Strict-Transport-Security": "max-age=15724800; includeSubDomains",
        "Sync-Token": "zAJw6V16=NToxOSM1MzQ0OTE0Mg==;sn=53449142",
        "Transfer-Encoding": "chunked",
        "x-ms-client-request-id": "d5c1912aa0e87a2c2f959478f2096dcf",
        "x-ms-correlation-request-id": "f75ebc6c-da11-4850-841c-20b870cd304e",
        "x-ms-request-id": "f75ebc6c-da11-4850-841c-20b870cd304e",
        "x-ms-resource-group": "jsquire-appconfig",
        "x-ms-subscription-id": "faa080af-c1d8-40ad-9cce-e1a450ca5b57",
        "x-ms-tenant-name": "jsquire-08-azconfig-net"
      },
      "ResponseBody": {
        "etag": "MteaUt7-mwN3FJpP0m2NHtjQ-c9W-Au67gMLFLL44jI",
        "key": "key-1034336356",
        "label": null,
        "content_type": "test_content_type",
        "value": "test_value",
        "tags": {
          "tag1": "value1",
          "tag2": "value2"
        },
        "locked": false,
        "last_modified": "2023-09-08T13:35:24\u002B00:00"
      }
    },
    {
      "RequestUri": "https://jsquire-08-azconfig-net.azconfig.io/kv/key-1034336356?label=test_label\u0026api-version=1.0",
      "RequestMethod": "PUT",
      "RequestHeaders": {
        "Accept": "application/vnd.microsoft.appconfig.kv\u002Bjson, application/problem\u002Bjson",
        "Authorization": "Sanitized",
        "Content-Length": "98",
        "Content-Type": "application/json",
        "Date": "Fri, 08 Sep 2023 13:35:24 GMT",
        "Sync-Token": "zAJw6V16=NToxOSM1MzQ0OTE0Mg==",
        "traceparent": "00-7451baba4f0b91c93204d907e2a084f5-b1eeef8b86e1642c-00",
        "User-Agent": "azsdk-net-Data.AppConfiguration/1.2.1-alpha.20230908.1 (.NET 6.0.21; Microsoft Windows 10.0.22621)",
        "x-ms-client-request-id": "8afd3d5a953c6c0b7e26d0dbba4e4f69",
        "x-ms-content-sha256": "b11OQu6GthUatwGXUIKHHSRVyik0TdrUk5kZm3yZd2A=",
        "x-ms-return-client-request-id": "true"
      },
      "RequestBody": {
        "value": "test_value",
        "content_type": "test_content_type",
        "tags": {
          "tag1": "value1",
          "tag2": "value2"
        }
      },
      "StatusCode": 200,
      "ResponseHeaders": {
        "Access-Control-Allow-Credentials": "true",
        "Access-Control-Allow-Headers": "DNT, X-CustomHeader, Keep-Alive, User-Agent, X-Requested-With, If-Modified-Since, Cache-Control, Content-Type, Authorization, x-ms-client-request-id, x-ms-useragent, x-ms-content-sha256, x-ms-date, host, Accept, Accept-Datetime, Date, If-Match, If-None-Match, Sync-Token, x-ms-return-client-request-id, ETag, Last-Modified, Link, Memento-Datetime, retry-after-ms, x-ms-request-id, x-ms-client-session-id, x-ms-effective-locale, WWW-Authenticate, traceparent, tracestate",
        "Access-Control-Allow-Methods": "GET, PUT, POST, DELETE, PATCH, OPTIONS",
        "Access-Control-Allow-Origin": "*",
        "Access-Control-Expose-Headers": "DNT, X-CustomHeader, Keep-Alive, User-Agent, X-Requested-With, If-Modified-Since, Cache-Control, Content-Type, Authorization, x-ms-client-request-id, x-ms-useragent, x-ms-content-sha256, x-ms-date, host, Accept, Accept-Datetime, Date, If-Match, If-None-Match, Sync-Token, x-ms-return-client-request-id, ETag, Last-Modified, Link, Memento-Datetime, retry-after-ms, x-ms-request-id, x-ms-client-session-id, x-ms-effective-locale, WWW-Authenticate, traceparent, tracestate, operation-location",
        "Access-Control-Max-Age": "1728000",
        "Connection": "keep-alive",
        "Content-Type": "application/vnd.microsoft.appconfig.kv\u002Bjson; charset=utf-8",
        "Date": "Fri, 08 Sep 2023 13:35:24 GMT",
        "ETag": "\u00226plgVfv4JRWpXACuhWqeUbo_w10zsnhii4W0e4V5THY\u0022",
        "Last-Modified": "Fri, 08 Sep 2023 13:35:24 GMT",
        "Strict-Transport-Security": "max-age=15724800; includeSubDomains",
        "Sync-Token": "zAJw6V16=NToxOSM1MzQ0OTE0Mw==;sn=53449143",
        "Transfer-Encoding": "chunked",
        "x-ms-client-request-id": "8afd3d5a953c6c0b7e26d0dbba4e4f69",
        "x-ms-correlation-request-id": "9d5f4017-d024-48c3-a167-5ea801dc8aa7",
        "x-ms-request-id": "9d5f4017-d024-48c3-a167-5ea801dc8aa7",
        "x-ms-resource-group": "jsquire-appconfig",
        "x-ms-subscription-id": "faa080af-c1d8-40ad-9cce-e1a450ca5b57",
        "x-ms-tenant-name": "jsquire-08-azconfig-net"
      },
      "ResponseBody": {
        "etag": "6plgVfv4JRWpXACuhWqeUbo_w10zsnhii4W0e4V5THY",
        "key": "key-1034336356",
        "label": "test_label",
        "content_type": "test_content_type",
        "value": "test_value",
        "tags": {
          "tag1": "value1",
          "tag2": "value2"
        },
        "locked": false,
        "last_modified": "2023-09-08T13:35:24\u002B00:00"
      }
    },
    {
      "RequestUri": "https://jsquire-08-azconfig-net.azconfig.io/kv/key-1034336356?label=test_label\u0026api-version=1.0",
      "RequestMethod": "GET",
      "RequestHeaders": {
        "Accept": "application/vnd.microsoft.appconfig.kv\u002Bjson, application/problem\u002Bjson",
        "Authorization": "Sanitized",
        "Date": "Fri, 08 Sep 2023 13:35:24 GMT",
        "Sync-Token": "zAJw6V16=NToxOSM1MzQ0OTE0Mw==",
        "traceparent": "00-88a68e6e37c43af62c71b1f6b4b902f2-3adf828e8b18dac7-00",
        "User-Agent": "azsdk-net-Data.AppConfiguration/1.2.1-alpha.20230908.1 (.NET 6.0.21; Microsoft Windows 10.0.22621)",
        "x-ms-client-request-id": "4e3c11feed4d98bc72b2090a44cb560f",
        "x-ms-content-sha256": "47DEQpj8HBSa\u002B/TImW\u002B5JCeuQeRkm5NMpJWZG3hSuFU=",
        "x-ms-return-client-request-id": "true"
      },
      "RequestBody": null,
      "StatusCode": 200,
      "ResponseHeaders": {
        "Access-Control-Allow-Credentials": "true",
        "Access-Control-Allow-Headers": "DNT, X-CustomHeader, Keep-Alive, User-Agent, X-Requested-With, If-Modified-Since, Cache-Control, Content-Type, Authorization, x-ms-client-request-id, x-ms-useragent, x-ms-content-sha256, x-ms-date, host, Accept, Accept-Datetime, Date, If-Match, If-None-Match, Sync-Token, x-ms-return-client-request-id, ETag, Last-Modified, Link, Memento-Datetime, retry-after-ms, x-ms-request-id, x-ms-client-session-id, x-ms-effective-locale, WWW-Authenticate, traceparent, tracestate",
        "Access-Control-Allow-Methods": "GET, PUT, POST, DELETE, PATCH, OPTIONS",
        "Access-Control-Allow-Origin": "*",
        "Access-Control-Expose-Headers": "DNT, X-CustomHeader, Keep-Alive, User-Agent, X-Requested-With, If-Modified-Since, Cache-Control, Content-Type, Authorization, x-ms-client-request-id, x-ms-useragent, x-ms-content-sha256, x-ms-date, host, Accept, Accept-Datetime, Date, If-Match, If-None-Match, Sync-Token, x-ms-return-client-request-id, ETag, Last-Modified, Link, Memento-Datetime, retry-after-ms, x-ms-request-id, x-ms-client-session-id, x-ms-effective-locale, WWW-Authenticate, traceparent, tracestate, operation-location",
        "Access-Control-Max-Age": "1728000",
        "Connection": "keep-alive",
        "Content-Type": "application/vnd.microsoft.appconfig.kv\u002Bjson; charset=utf-8",
        "Date": "Fri, 08 Sep 2023 13:35:24 GMT",
        "ETag": "\u00226plgVfv4JRWpXACuhWqeUbo_w10zsnhii4W0e4V5THY\u0022",
        "Last-Modified": "Fri, 08 Sep 2023 13:35:24 GMT",
        "Strict-Transport-Security": "max-age=15724800; includeSubDomains",
        "Sync-Token": "zAJw6V16=NToxOSM1MzQ0OTE0Mw==;sn=53449143",
        "Transfer-Encoding": "chunked",
        "x-ms-client-request-id": "4e3c11feed4d98bc72b2090a44cb560f",
        "x-ms-correlation-request-id": "fc724a51-37df-49dc-888c-547fbe9ba6cd",
        "x-ms-request-id": "fc724a51-37df-49dc-888c-547fbe9ba6cd",
        "x-ms-resource-group": "jsquire-appconfig",
        "x-ms-subscription-id": "faa080af-c1d8-40ad-9cce-e1a450ca5b57",
        "x-ms-tenant-name": "jsquire-08-azconfig-net"
      },
      "ResponseBody": {
        "etag": "6plgVfv4JRWpXACuhWqeUbo_w10zsnhii4W0e4V5THY",
        "key": "key-1034336356",
        "label": "test_label",
        "content_type": "test_content_type",
        "value": "test_value",
        "tags": {
          "tag1": "value1",
          "tag2": "value2"
        },
        "locked": false,
        "last_modified": "2023-09-08T13:35:24\u002B00:00"
      }
    },
    {
      "RequestUri": "https://jsquire-08-azconfig-net.azconfig.io/kv/key-1034336356?label=test_label\u0026api-version=1.0",
      "RequestMethod": "DELETE",
      "RequestHeaders": {
        "Accept": "application/vnd.microsoft.appconfig.kv\u002Bjson, application/problem\u002Bjson",
        "Authorization": "Sanitized",
        "Date": "Fri, 08 Sep 2023 13:35:24 GMT",
        "Sync-Token": "zAJw6V16=NToxOSM1MzQ0OTE0Mw==",
        "traceparent": "00-2de2dfb595a6d77d74e63f2c6c0b3971-6e0d278391ad0aff-00",
        "User-Agent": "azsdk-net-Data.AppConfiguration/1.2.1-alpha.20230908.1 (.NET 6.0.21; Microsoft Windows 10.0.22621)",
        "x-ms-client-request-id": "e43162becf899527865557c1cf50bfe1",
        "x-ms-content-sha256": "47DEQpj8HBSa\u002B/TImW\u002B5JCeuQeRkm5NMpJWZG3hSuFU=",
        "x-ms-return-client-request-id": "true"
      },
      "RequestBody": null,
      "StatusCode": 200,
      "ResponseHeaders": {
        "Access-Control-Allow-Credentials": "true",
        "Access-Control-Allow-Headers": "DNT, X-CustomHeader, Keep-Alive, User-Agent, X-Requested-With, If-Modified-Since, Cache-Control, Content-Type, Authorization, x-ms-client-request-id, x-ms-useragent, x-ms-content-sha256, x-ms-date, host, Accept, Accept-Datetime, Date, If-Match, If-None-Match, Sync-Token, x-ms-return-client-request-id, ETag, Last-Modified, Link, Memento-Datetime, retry-after-ms, x-ms-request-id, x-ms-client-session-id, x-ms-effective-locale, WWW-Authenticate, traceparent, tracestate",
        "Access-Control-Allow-Methods": "GET, PUT, POST, DELETE, PATCH, OPTIONS",
        "Access-Control-Allow-Origin": "*",
        "Access-Control-Expose-Headers": "DNT, X-CustomHeader, Keep-Alive, User-Agent, X-Requested-With, If-Modified-Since, Cache-Control, Content-Type, Authorization, x-ms-client-request-id, x-ms-useragent, x-ms-content-sha256, x-ms-date, host, Accept, Accept-Datetime, Date, If-Match, If-None-Match, Sync-Token, x-ms-return-client-request-id, ETag, Last-Modified, Link, Memento-Datetime, retry-after-ms, x-ms-request-id, x-ms-client-session-id, x-ms-effective-locale, WWW-Authenticate, traceparent, tracestate, operation-location",
        "Access-Control-Max-Age": "1728000",
        "Connection": "keep-alive",
        "Content-Type": "application/vnd.microsoft.appconfig.kv\u002Bjson; charset=utf-8",
        "Date": "Fri, 08 Sep 2023 13:35:24 GMT",
        "ETag": "\u00226plgVfv4JRWpXACuhWqeUbo_w10zsnhii4W0e4V5THY\u0022",
        "Last-Modified": "Fri, 08 Sep 2023 13:35:24 GMT",
        "Strict-Transport-Security": "max-age=15724800; includeSubDomains",
        "Sync-Token": "zAJw6V16=NToxOSM1MzQ0OTE0NA==;sn=53449144",
        "Transfer-Encoding": "chunked",
        "x-ms-client-request-id": "e43162becf899527865557c1cf50bfe1",
        "x-ms-correlation-request-id": "29c5e41f-15e6-44db-9eb4-adab183aa4af",
        "x-ms-request-id": "29c5e41f-15e6-44db-9eb4-adab183aa4af",
        "x-ms-resource-group": "jsquire-appconfig",
        "x-ms-subscription-id": "faa080af-c1d8-40ad-9cce-e1a450ca5b57",
        "x-ms-tenant-name": "jsquire-08-azconfig-net"
      },
      "ResponseBody": {
        "etag": "6plgVfv4JRWpXACuhWqeUbo_w10zsnhii4W0e4V5THY",
        "key": "key-1034336356",
        "label": "test_label",
        "content_type": "test_content_type",
        "value": "test_value",
        "tags": {
          "tag1": "value1",
          "tag2": "value2"
        },
        "locked": false,
        "last_modified": "2023-09-08T13:35:24\u002B00:00"
      }
    },
    {
      "RequestUri": "https://jsquire-08-azconfig-net.azconfig.io/kv/key-1034336356?api-version=1.0",
      "RequestMethod": "DELETE",
      "RequestHeaders": {
        "Accept": "application/vnd.microsoft.appconfig.kv\u002Bjson, application/problem\u002Bjson",
        "Authorization": "Sanitized",
        "Date": "Fri, 08 Sep 2023 13:35:24 GMT",
        "Sync-Token": "zAJw6V16=NToxOSM1MzQ0OTE0NA==",
        "traceparent": "00-d43d7ba675e5d35c3f23e73541e85185-eee9506e396698c2-00",
        "User-Agent": "azsdk-net-Data.AppConfiguration/1.2.1-alpha.20230908.1 (.NET 6.0.21; Microsoft Windows 10.0.22621)",
        "x-ms-client-request-id": "e1792b451fcd6c828164178a8c0127b3",
        "x-ms-content-sha256": "47DEQpj8HBSa\u002B/TImW\u002B5JCeuQeRkm5NMpJWZG3hSuFU=",
        "x-ms-return-client-request-id": "true"
      },
      "RequestBody": null,
      "StatusCode": 200,
      "ResponseHeaders": {
        "Access-Control-Allow-Credentials": "true",
        "Access-Control-Allow-Headers": "DNT, X-CustomHeader, Keep-Alive, User-Agent, X-Requested-With, If-Modified-Since, Cache-Control, Content-Type, Authorization, x-ms-client-request-id, x-ms-useragent, x-ms-content-sha256, x-ms-date, host, Accept, Accept-Datetime, Date, If-Match, If-None-Match, Sync-Token, x-ms-return-client-request-id, ETag, Last-Modified, Link, Memento-Datetime, retry-after-ms, x-ms-request-id, x-ms-client-session-id, x-ms-effective-locale, WWW-Authenticate, traceparent, tracestate",
        "Access-Control-Allow-Methods": "GET, PUT, POST, DELETE, PATCH, OPTIONS",
        "Access-Control-Allow-Origin": "*",
        "Access-Control-Expose-Headers": "DNT, X-CustomHeader, Keep-Alive, User-Agent, X-Requested-With, If-Modified-Since, Cache-Control, Content-Type, Authorization, x-ms-client-request-id, x-ms-useragent, x-ms-content-sha256, x-ms-date, host, Accept, Accept-Datetime, Date, If-Match, If-None-Match, Sync-Token, x-ms-return-client-request-id, ETag, Last-Modified, Link, Memento-Datetime, retry-after-ms, x-ms-request-id, x-ms-client-session-id, x-ms-effective-locale, WWW-Authenticate, traceparent, tracestate, operation-location",
        "Access-Control-Max-Age": "1728000",
        "Connection": "keep-alive",
        "Content-Type": "application/vnd.microsoft.appconfig.kv\u002Bjson; charset=utf-8",
        "Date": "Fri, 08 Sep 2023 13:35:24 GMT",
        "ETag": "\u0022MteaUt7-mwN3FJpP0m2NHtjQ-c9W-Au67gMLFLL44jI\u0022",
        "Last-Modified": "Fri, 08 Sep 2023 13:35:24 GMT",
        "Strict-Transport-Security": "max-age=15724800; includeSubDomains",
        "Sync-Token": "zAJw6V16=NToxOSM1MzQ0OTE0NQ==;sn=53449145",
        "Transfer-Encoding": "chunked",
        "x-ms-client-request-id": "e1792b451fcd6c828164178a8c0127b3",
        "x-ms-correlation-request-id": "c4e67651-6a0c-405a-a74f-a240c44da5e3",
        "x-ms-request-id": "c4e67651-6a0c-405a-a74f-a240c44da5e3",
        "x-ms-resource-group": "jsquire-appconfig",
        "x-ms-subscription-id": "faa080af-c1d8-40ad-9cce-e1a450ca5b57",
        "x-ms-tenant-name": "jsquire-08-azconfig-net"
      },
      "ResponseBody": {
        "etag": "MteaUt7-mwN3FJpP0m2NHtjQ-c9W-Au67gMLFLL44jI",
        "key": "key-1034336356",
        "label": null,
        "content_type": "test_content_type",
        "value": "test_value",
        "tags": {
          "tag1": "value1",
          "tag2": "value2"
        },
        "locked": false,
        "last_modified": "2023-09-08T13:35:24\u002B00:00"
      }
    }
  ],
  "Variables": {
    "APPCONFIGURATION_CONNECTION_STRING": "Endpoint=https://jsquire-08-azconfig-net.azconfig.io;Id=bAH8;Secret=Kg==",
    "RandomSeed": "1847836530"
  }
}
