{
  "Entries": [
    {
      "RequestUri": "https://tdfcae3cf5eab7143-azconfig-net.azconfig.io/kv/key-574761885?api-version=2023-11-01&label=test_label",
      "RequestMethod": "PUT",
      "RequestHeaders": {
        "Accept": "application/problem+json, application/vnd.microsoft.appconfig.kv+json",
        "Authorization": "Sanitized",
        "Content-Length": "98",
        "Content-Type": "application/json",
        "Date": "Thu, 12 Jun 2025 16:20:12 GMT",
        "traceparent": "00-caf73cbafceaf8c7ebe47173ba48829c-945d2f59ca90b654-00",
        "User-Agent": "azsdk-net-Data.AppConfiguration/1.7.0-alpha.20250612.1 (.NET 9.0.4; Microsoft Windows 10.0.26100)",
        "x-ms-client-request-id": "Sanitized",
        "x-ms-content-sha256": "Sanitized",
        "x-ms-return-client-request-id": "true"
      },
      "RequestBody": {
        "value": "test_value",
        "content_type": "test_content_type",
        "tags": {
          "tag1": "value1",
          "tag2": "value2"
        }
      },
      "StatusCode": 200,
      "ResponseHeaders": {
        "Access-Control-Allow-Origin": "*",
        "Connection": "keep-alive",
        "Content-Type": "application/vnd.microsoft.appconfig.kv+json; charset=utf-8",
        "Date": "Thu, 12 Jun 2025 16:20:12 GMT",
        "ETag": "\"rx5qNYozn11q3vUAEYKW0xJ4Mr3arQh7Jkvy7Jk2vHk\"",
        "Last-Modified": "Thu, 12 Jun 2025 16:20:12 GMT",
        "Strict-Transport-Security": "max-age=31536000; includeSubDomains",
        "Sync-Token": "zAJw6V16=Mzo1IzQyMjIxMTg4;sn=42221188",
        "Transfer-Encoding": "chunked",
        "x-ms-client-request-id": "Sanitized",
        "x-ms-correlation-request-id": "afebefb1-2b15-4772-853b-7d2f92c4bbbf",
        "x-ms-request-id": "afebefb1-2b15-4772-853b-7d2f92c4bbbf"
      },
      "ResponseBody": {
        "etag": "rx5qNYozn11q3vUAEYKW0xJ4Mr3arQh7Jkvy7Jk2vHk",
        "key": "key-574761885",
        "label": "test_label",
        "content_type": "test_content_type",
        "value": "test_value",
        "tags": {
          "tag1": "value1",
          "tag2": "value2"
        },
        "locked": false,
        "last_modified": "2025-06-12T16:20:12+00:00"
      }
    },
    {
      "RequestUri": "https://tdfcae3cf5eab7143-azconfig-net.azconfig.io/kv/key-574761885?api-version=2023-11-01&label=test_label",
      "RequestMethod": "GET",
      "RequestHeaders": {
        "Accept": "application/problem+json, application/vnd.microsoft.appconfig.kv+json",
        "Authorization": "Sanitized",
        "Date": "Thu, 12 Jun 2025 16:20:12 GMT",
        "If-Match": "\"rx5qNYozn11q3vUAEYKW0xJ4Mr3arQh7Jkvy7Jk2vHk\"",
        "Sync-Token": "zAJw6V16=Mzo1IzQyMjIxMTg4",
        "traceparent": "00-a418f2a17cb4a773e668d312842b4c10-2b264af8e3e3997d-00",
        "User-Agent": "azsdk-net-Data.AppConfiguration/1.7.0-alpha.20250612.1 (.NET 9.0.4; Microsoft Windows 10.0.26100)",
        "x-ms-client-request-id": "Sanitized",
        "x-ms-content-sha256": "Sanitized",
        "x-ms-return-client-request-id": "true"
      },
      "RequestBody": null,
      "StatusCode": 200,
      "ResponseHeaders": {
        "Access-Control-Allow-Origin": "*",
        "Connection": "keep-alive",
        "Content-Type": "application/vnd.microsoft.appconfig.kv+json; charset=utf-8",
        "Date": "Thu, 12 Jun 2025 16:20:12 GMT",
        "ETag": "\"rx5qNYozn11q3vUAEYKW0xJ4Mr3arQh7Jkvy7Jk2vHk\"",
        "Last-Modified": "Thu, 12 Jun 2025 16:20:12 GMT",
        "Strict-Transport-Security": "max-age=31536000; includeSubDomains",
        "Sync-Token": "zAJw6V16=Mzo1IzQyMjIxMTg4;sn=42221188",
        "Transfer-Encoding": "chunked",
        "x-ms-client-request-id": "Sanitized",
        "x-ms-correlation-request-id": "75fcd155-e609-4564-964e-386f644bafd5",
        "x-ms-request-id": "75fcd155-e609-4564-964e-386f644bafd5"
      },
      "ResponseBody": {
        "etag": "rx5qNYozn11q3vUAEYKW0xJ4Mr3arQh7Jkvy7Jk2vHk",
        "key": "key-574761885",
        "label": "test_label",
        "content_type": "test_content_type",
        "value": "test_value",
        "tags": {
          "tag1": "value1",
          "tag2": "value2"
        },
        "locked": false,
        "last_modified": "2025-06-12T16:20:12+00:00"
      }
    },
    {
      "RequestUri": "https://tdfcae3cf5eab7143-azconfig-net.azconfig.io/kv/key-574761885?api-version=2023-11-01&label=test_label",
      "RequestMethod": "DELETE",
      "RequestHeaders": {
        "Accept": "application/problem+json, application/vnd.microsoft.appconfig.kv+json",
        "Authorization": "Sanitized",
        "Date": "Thu, 12 Jun 2025 16:20:12 GMT",
        "Sync-Token": "zAJw6V16=Mzo1IzQyMjIxMTg4",
        "traceparent": "00-29937e7d1337613e8732b5baa6e9b58d-bf9028152b1761ce-00",
        "User-Agent": "azsdk-net-Data.AppConfiguration/1.7.0-alpha.20250612.1 (.NET 9.0.4; Microsoft Windows 10.0.26100)",
        "x-ms-client-request-id": "Sanitized",
        "x-ms-content-sha256": "Sanitized",
        "x-ms-return-client-request-id": "true"
      },
      "RequestBody": null,
      "StatusCode": 200,
      "ResponseHeaders": {
        "Access-Control-Allow-Origin": "*",
        "Connection": "keep-alive",
        "Content-Type": "application/vnd.microsoft.appconfig.kv+json; charset=utf-8",
        "Date": "Thu, 12 Jun 2025 16:20:12 GMT",
        "ETag": "\"rx5qNYozn11q3vUAEYKW0xJ4Mr3arQh7Jkvy7Jk2vHk\"",
        "Last-Modified": "Thu, 12 Jun 2025 16:20:12 GMT",
        "Strict-Transport-Security": "max-age=31536000; includeSubDomains",
        "Sync-Token": "zAJw6V16=Mzo1IzQyMjIxMTg5;sn=42221189",
        "Transfer-Encoding": "chunked",
        "x-ms-client-request-id": "Sanitized",
        "x-ms-correlation-request-id": "0149e1e1-6fce-4527-a806-2ed3cf142f04",
        "x-ms-request-id": "0149e1e1-6fce-4527-a806-2ed3cf142f04"
      },
      "ResponseBody": {
        "etag": "rx5qNYozn11q3vUAEYKW0xJ4Mr3arQh7Jkvy7Jk2vHk",
        "key": "key-574761885",
        "label": "test_label",
        "content_type": "test_content_type",
        "value": "test_value",
        "tags": {
          "tag1": "value1",
          "tag2": "value2"
        },
        "locked": false,
        "last_modified": "2025-06-12T16:20:12+00:00"
      }
    }
  ],
  "Variables": {
    "APPCONFIGURATION_CONNECTION_STRING": "Endpoint=https://tdfcae3cf5eab7143-azconfig-net.azconfig.io;Id=GAEe;Secret=Kg==",
    "RandomSeed": "1916744050"
  }
}
