{
  "Entries": [
    {
      "RequestUri": "https://tdfcae3cf5eab7143-azconfig-net.azconfig.io/kv/key-448468654?label=test_label&api-version=2023-10-01",
      "RequestMethod": "PUT",
      "RequestHeaders": {
        "Accept": "application/vnd.microsoft.appconfig.kv+json, application/problem+json",
        "Authorization": "Sanitized",
        "Content-Length": "98",
        "Content-Type": "application/json",
        "Date": "Thu, 20 Jun 2024 22:51:11 GMT",
        "If-None-Match": "*",
        "traceparent": "00-cf62c1cde3381e9298ea20951334a810-a39953d725f06b05-00",
        "User-Agent": "azsdk-net-Data.AppConfiguration/1.5.0-alpha.20240620.1 (.NET Framework 4.8.9241.0; Microsoft Windows 10.0.22631 )",
        "x-ms-client-request-id": "Sanitized",
        "x-ms-content-sha256": "Sanitized",
        "x-ms-return-client-request-id": "true"
      },
      "RequestBody": {
        "value": "test_value",
        "content_type": "test_content_type",
        "tags": {
          "tag1": "value1",
          "tag2": "value2"
        }
      },
      "StatusCode": 200,
      "ResponseHeaders": {
        "Access-Control-Allow-Origin": "*",
        "Connection": "keep-alive",
        "Content-Type": "application/vnd.microsoft.appconfig.kv+json; charset=utf-8",
        "Date": "Thu, 20 Jun 2024 22:51:08 GMT",
        "ETag": "\"8O8n9RvxLcjon1V7osuK6AGeOhmGktEA71lJgBbe7NY\"",
        "Last-Modified": "Thu, 20 Jun 2024 22:51:08 GMT",
        "Strict-Transport-Security": "max-age=31536000; includeSubDomains",
        "Sync-Token": "zAJw6V16=Njo1IzMwNzQxODU5;sn=30741859",
        "Transfer-Encoding": "chunked",
        "x-ms-client-request-id": "Sanitized",
        "x-ms-correlation-request-id": "2de70fbc-5de8-4e13-8f29-7afc6c160b3c",
        "x-ms-request-id": "2de70fbc-5de8-4e13-8f29-7afc6c160b3c"
      },
      "ResponseBody": {
        "etag": "8O8n9RvxLcjon1V7osuK6AGeOhmGktEA71lJgBbe7NY",
        "key": "key-448468654",
        "label": "test_label",
        "content_type": "test_content_type",
        "value": "test_value",
        "tags": {
          "tag1": "value1",
          "tag2": "value2"
        },
        "locked": false,
        "last_modified": "2024-06-20T22:51:08+00:00"
      }
    },
    {
      "RequestUri": "https://tdfcae3cf5eab7143-azconfig-net.azconfig.io/snapshots/snapshot-2078111417?api-version=2023-10-01",
      "RequestMethod": "PUT",
      "RequestHeaders": {
        "Accept": "application/vnd.microsoft.appconfig.snapshot+json, application/problem+json",
        "Authorization": "Sanitized",
        "Content-Length": "47",
        "Content-Type": "application/json",
        "Date": "Thu, 20 Jun 2024 22:51:11 GMT",
        "Sync-Token": "zAJw6V16=Njo1IzMwNzQxODU5",
        "traceparent": "00-1472f1419012d1d536aaf6417c633079-75be851b8bb0ad80-00",
        "User-Agent": "azsdk-net-Data.AppConfiguration/1.5.0-alpha.20240620.1 (.NET Framework 4.8.9241.0; Microsoft Windows 10.0.22631 )",
        "x-ms-client-request-id": "Sanitized",
        "x-ms-content-sha256": "Sanitized",
        "x-ms-return-client-request-id": "true"
      },
      "RequestBody": {
        "filters": [
          {
            "key": "key-448468654",
            "tags": []
          }
        ]
      },
      "StatusCode": 201,
      "ResponseHeaders": {
        "Access-Control-Allow-Origin": "*",
        "Connection": "keep-alive",
        "Content-Type": "application/vnd.microsoft.appconfig.snapshot+json; charset=utf-8",
        "Date": "Thu, 20 Jun 2024 22:51:08 GMT",
        "ETag": "\"MuSfSdUbxB91VPFnI854P6M8qGkETbE02HgJPown2QI\"",
        "Last-Modified": "Thu, 20 Jun 2024 22:51:08 GMT",
        "Link": "</kv?snapshot=snapshot-2078111417&api-version=2023-10-01>; rel=\"items\"",
        "Operation-Location": "https://tdfcae3cf5eab7143-azconfig-net.azconfig.io/operations?snapshot=snapshot-2078111417&api-version=2023-10-01",
        "Strict-Transport-Security": "max-age=31536000; includeSubDomains",
        "Sync-Token": "zAJw6V16=Njo1IzMwNzQxODYw;sn=30741860",
        "Transfer-Encoding": "chunked",
        "x-ms-client-request-id": "Sanitized",
        "x-ms-correlation-request-id": "0e1501d8-9b2e-4ed7-8df8-b32a5e3759e1",
        "x-ms-request-id": "0e1501d8-9b2e-4ed7-8df8-b32a5e3759e1"
      },
      "ResponseBody": {
        "etag": "MuSfSdUbxB91VPFnI854P6M8qGkETbE02HgJPown2QI",
        "name": "snapshot-2078111417",
        "status": "provisioning",
        "filters": [
          {
            "key": "key-448468654",
            "label": null
          }
        ],
        "composition_type": "key",
        "created": "2024-06-20T22:51:08+00:00",
        "size": 0,
        "items_count": 0,
        "tags": {},
        "retention_period": 2592000
      }
    },
    {
      "RequestUri": "https://tdfcae3cf5eab7143-azconfig-net.azconfig.io/operations?snapshot=snapshot-2078111417&api-version=2023-10-01",
      "RequestMethod": "GET",
      "RequestHeaders": {
        "Authorization": "Sanitized",
        "Date": "Thu, 20 Jun 2024 22:51:11 GMT",
        "Sync-Token": "zAJw6V16=Njo1IzMwNzQxODYw",
        "traceparent": "00-1472f1419012d1d536aaf6417c633079-b79ddf72f6e7bfaf-00",
        "User-Agent": "azsdk-net-Data.AppConfiguration/1.5.0-alpha.20240620.1 (.NET Framework 4.8.9241.0; Microsoft Windows 10.0.22631 )",
        "x-ms-client-request-id": "Sanitized",
        "x-ms-content-sha256": "Sanitized",
        "x-ms-return-client-request-id": "true"
      },
      "RequestBody": null,
      "StatusCode": 200,
      "ResponseHeaders": {
        "Access-Control-Allow-Origin": "*",
        "Connection": "keep-alive",
        "Content-Type": "application/json; charset=utf-8",
        "Date": "Thu, 20 Jun 2024 22:51:08 GMT",
        "Retry-After": "10",
        "Strict-Transport-Security": "max-age=31536000; includeSubDomains",
        "Sync-Token": "zAJw6V16=Njo1IzMwNzQxODYw;sn=30741860",
        "Transfer-Encoding": "chunked",
        "x-ms-client-request-id": "Sanitized",
        "x-ms-correlation-request-id": "68075f6c-8a93-4f78-a0da-14bbe79fead0",
        "x-ms-request-id": "68075f6c-8a93-4f78-a0da-14bbe79fead0"
      },
      "ResponseBody": {
        "id": "VkqhHH0nuSX368uOnqxZiHhObeuNv_lCNtVTIQRzE_Y",
        "status": "Running",
        "error": null
      }
    },
    {
      "RequestUri": "https://tdfcae3cf5eab7143-azconfig-net.azconfig.io/operations?snapshot=snapshot-2078111417&api-version=2023-10-01",
      "RequestMethod": "GET",
      "RequestHeaders": {
        "Authorization": "Sanitized",
        "Date": "Thu, 20 Jun 2024 22:51:21 GMT",
        "Sync-Token": "zAJw6V16=Njo1IzMwNzQxODYw",
        "traceparent": "00-1472f1419012d1d536aaf6417c633079-dfeb9e6c09fb1b41-00",
        "User-Agent": "azsdk-net-Data.AppConfiguration/1.5.0-alpha.20240620.1 (.NET Framework 4.8.9241.0; Microsoft Windows 10.0.22631 )",
        "x-ms-client-request-id": "Sanitized",
        "x-ms-content-sha256": "Sanitized",
        "x-ms-return-client-request-id": "true"
      },
      "RequestBody": null,
      "StatusCode": 200,
      "ResponseHeaders": {
        "Access-Control-Allow-Origin": "*",
        "Connection": "keep-alive",
        "Content-Type": "application/json; charset=utf-8",
        "Date": "Thu, 20 Jun 2024 22:51:19 GMT",
        "Retry-After": "10",
        "Strict-Transport-Security": "max-age=31536000; includeSubDomains",
        "Sync-Token": "zAJw6V16=Njo1IzMwNzQxODYw;sn=30741860",
        "Transfer-Encoding": "chunked",
        "x-ms-client-request-id": "Sanitized",
        "x-ms-correlation-request-id": "a9670aec-8c57-4615-b1df-4286eebf1ccb",
        "x-ms-request-id": "a9670aec-8c57-4615-b1df-4286eebf1ccb"
      },
      "ResponseBody": {
        "id": "VkqhHH0nuSX368uOnqxZiHhObeuNv_lCNtVTIQRzE_Y",
        "status": "Running",
        "error": null
      }
    },
    {
      "RequestUri": "https://tdfcae3cf5eab7143-azconfig-net.azconfig.io/operations?snapshot=snapshot-2078111417&api-version=2023-10-01",
      "RequestMethod": "GET",
      "RequestHeaders": {
        "Authorization": "Sanitized",
        "Date": "Thu, 20 Jun 2024 22:51:31 GMT",
        "Sync-Token": "zAJw6V16=Njo1IzMwNzQxODYw",
        "traceparent": "00-1472f1419012d1d536aaf6417c633079-04d8dfd693ea019b-00",
        "User-Agent": "azsdk-net-Data.AppConfiguration/1.5.0-alpha.20240620.1 (.NET Framework 4.8.9241.0; Microsoft Windows 10.0.22631 )",
        "x-ms-client-request-id": "Sanitized",
        "x-ms-content-sha256": "Sanitized",
        "x-ms-return-client-request-id": "true"
      },
      "RequestBody": null,
      "StatusCode": 200,
      "ResponseHeaders": {
        "Access-Control-Allow-Origin": "*",
        "Connection": "keep-alive",
        "Content-Type": "application/json; charset=utf-8",
        "Date": "Thu, 20 Jun 2024 22:51:29 GMT",
        "Strict-Transport-Security": "max-age=31536000; includeSubDomains",
        "Sync-Token": "zAJw6V16=Njo1IzMwNzQxODYx;sn=30741861",
        "Transfer-Encoding": "chunked",
        "x-ms-client-request-id": "Sanitized",
        "x-ms-correlation-request-id": "a1a4c09a-63fc-4815-9819-44df90b44fff",
        "x-ms-request-id": "a1a4c09a-63fc-4815-9819-44df90b44fff"
      },
      "ResponseBody": {
        "id": "VkqhHH0nuSX368uOnqxZiHhObeuNv_lCNtVTIQRzE_Y",
        "status": "Succeeded",
        "error": null
      }
    },
    {
      "RequestUri": "https://tdfcae3cf5eab7143-azconfig-net.azconfig.io/snapshots/snapshot-2078111417?api-version=2023-10-01",
      "RequestMethod": "GET",
      "RequestHeaders": {
        "Authorization": "Sanitized",
        "Date": "Thu, 20 Jun 2024 22:51:32 GMT",
        "Sync-Token": "zAJw6V16=Njo1IzMwNzQxODYx",
        "traceparent": "00-1472f1419012d1d536aaf6417c633079-04f65b2d475e00dc-00",
        "User-Agent": "azsdk-net-Data.AppConfiguration/1.5.0-alpha.20240620.1 (.NET Framework 4.8.9241.0; Microsoft Windows 10.0.22631 )",
        "x-ms-client-request-id": "Sanitized",
        "x-ms-content-sha256": "Sanitized",
        "x-ms-return-client-request-id": "true"
      },
      "RequestBody": null,
      "StatusCode": 200,
      "ResponseHeaders": {
        "Access-Control-Allow-Origin": "*",
        "Connection": "keep-alive",
        "Content-Type": "application/vnd.microsoft.appconfig.snapshot+json; charset=utf-8",
        "Date": "Thu, 20 Jun 2024 22:51:29 GMT",
        "ETag": "\"MuSfSdUbxB91VPFnI854P6M8qGkETbE02HgJPown2QI\"",
        "Last-Modified": "Thu, 20 Jun 2024 22:51:08 GMT",
        "Link": "</kv?snapshot=snapshot-2078111417&api-version=2023-10-01>; rel=\"items\"",
        "Strict-Transport-Security": "max-age=31536000; includeSubDomains",
        "Sync-Token": "zAJw6V16=Njo1IzMwNzQxODYx;sn=30741861",
        "Transfer-Encoding": "chunked",
        "x-ms-client-request-id": "Sanitized",
        "x-ms-correlation-request-id": "81feedb5-5ac9-455d-a68a-f2530364779e",
        "x-ms-request-id": "81feedb5-5ac9-455d-a68a-f2530364779e"
      },
      "ResponseBody": {
        "etag": "MuSfSdUbxB91VPFnI854P6M8qGkETbE02HgJPown2QI",
        "name": "snapshot-2078111417",
        "status": "ready",
        "filters": [
          {
            "key": "key-448468654",
            "label": null
          }
        ],
        "composition_type": "key",
        "created": "2024-06-20T22:51:08+00:00",
        "size": 1000,
        "items_count": 0,
        "tags": {},
        "retention_period": 2592000
      }
    },
    {
      "RequestUri": "https://tdfcae3cf5eab7143-azconfig-net.azconfig.io/snapshots/snapshot-2078111417?api-version=2023-10-01",
      "RequestMethod": "GET",
      "RequestHeaders": {
        "Accept": "application/vnd.microsoft.appconfig.snapshot+json, application/problem+json",
        "Authorization": "Sanitized",
        "Date": "Thu, 20 Jun 2024 22:51:32 GMT",
        "Sync-Token": "zAJw6V16=Njo1IzMwNzQxODYx",
        "traceparent": "00-a78fe0983126c796515a16b4b435f39f-18d0fe427d328393-00",
        "User-Agent": "azsdk-net-Data.AppConfiguration/1.5.0-alpha.20240620.1 (.NET Framework 4.8.9241.0; Microsoft Windows 10.0.22631 )",
        "x-ms-client-request-id": "Sanitized",
        "x-ms-content-sha256": "Sanitized",
        "x-ms-return-client-request-id": "true"
      },
      "RequestBody": null,
      "StatusCode": 200,
      "ResponseHeaders": {
        "Access-Control-Allow-Origin": "*",
        "Connection": "keep-alive",
        "Content-Type": "application/vnd.microsoft.appconfig.snapshot+json; charset=utf-8",
        "Date": "Thu, 20 Jun 2024 22:51:29 GMT",
        "ETag": "\"MuSfSdUbxB91VPFnI854P6M8qGkETbE02HgJPown2QI\"",
        "Last-Modified": "Thu, 20 Jun 2024 22:51:08 GMT",
        "Link": "</kv?snapshot=snapshot-2078111417&api-version=2023-10-01>; rel=\"items\"",
        "Strict-Transport-Security": "max-age=31536000; includeSubDomains",
        "Sync-Token": "zAJw6V16=Njo1IzMwNzQxODYx;sn=30741861",
        "Transfer-Encoding": "chunked",
        "x-ms-client-request-id": "Sanitized",
        "x-ms-correlation-request-id": "93ac52e7-ae79-4e97-aeef-339bc845cd6f",
        "x-ms-request-id": "93ac52e7-ae79-4e97-aeef-339bc845cd6f"
      },
      "ResponseBody": {
        "etag": "MuSfSdUbxB91VPFnI854P6M8qGkETbE02HgJPown2QI",
        "name": "snapshot-2078111417",
        "status": "ready",
        "filters": [
          {
            "key": "key-448468654",
            "label": null
          }
        ],
        "composition_type": "key",
        "created": "2024-06-20T22:51:08+00:00",
        "size": 1000,
        "items_count": 0,
        "tags": {},
        "retention_period": 2592000
      }
    },
    {
      "RequestUri": "https://tdfcae3cf5eab7143-azconfig-net.azconfig.io/snapshots/snapshot-2078111417?api-version=2023-10-01",
      "RequestMethod": "PATCH",
      "RequestHeaders": {
        "Accept": "application/vnd.microsoft.appconfig.snapshot+json, application/problem+json",
        "Authorization": "Sanitized",
        "Content-Length": "21",
        "Content-Type": "application/json",
        "Date": "Thu, 20 Jun 2024 22:51:32 GMT",
        "Sync-Token": "zAJw6V16=Njo1IzMwNzQxODYx",
        "traceparent": "00-3673d529675b215cd4eb52ceb3536625-fee98031a8332e92-00",
        "User-Agent": "azsdk-net-Data.AppConfiguration/1.5.0-alpha.20240620.1 (.NET Framework 4.8.9241.0; Microsoft Windows 10.0.22631 )",
        "x-ms-client-request-id": "Sanitized",
        "x-ms-content-sha256": "Sanitized",
        "x-ms-return-client-request-id": "true"
      },
      "RequestBody": {
        "status": "archived"
      },
      "StatusCode": 200,
      "ResponseHeaders": {
        "Access-Control-Allow-Origin": "*",
        "Connection": "keep-alive",
        "Content-Type": "application/vnd.microsoft.appconfig.snapshot+json; charset=utf-8",
        "Date": "Thu, 20 Jun 2024 22:51:29 GMT",
        "ETag": "\"2Q4xT4TRyRyFxUtslruVShQhrlAH608bNnSj91f46Gc\"",
        "Last-Modified": "Thu, 20 Jun 2024 22:51:08 GMT",
        "Link": "</kv?snapshot=snapshot-2078111417&api-version=2023-10-01>; rel=\"items\"",
        "Strict-Transport-Security": "max-age=31536000; includeSubDomains",
        "Sync-Token": "zAJw6V16=Njo1IzMwNzQxODYy;sn=30741862",
        "Transfer-Encoding": "chunked",
        "x-ms-client-request-id": "Sanitized",
        "x-ms-correlation-request-id": "17e1158d-bc66-4efd-b747-613623467316",
        "x-ms-request-id": "17e1158d-bc66-4efd-b747-613623467316"
      },
      "ResponseBody": {
        "etag": "2Q4xT4TRyRyFxUtslruVShQhrlAH608bNnSj91f46Gc",
        "name": "snapshot-2078111417",
        "status": "archived",
        "filters": [
          {
            "key": "key-448468654",
            "label": null
          }
        ],
        "composition_type": "key",
        "created": "2024-06-20T22:51:08+00:00",
        "expires": "2024-07-20T22:51:29.4119546+00:00",
        "size": 1000,
        "items_count": 0,
        "tags": {},
        "retention_period": 2592000
      }
    },
    {
      "RequestUri": "https://tdfcae3cf5eab7143-azconfig-net.azconfig.io/snapshots/snapshot-2078111417?api-version=2023-10-01",
      "RequestMethod": "PATCH",
      "RequestHeaders": {
        "Accept": "application/vnd.microsoft.appconfig.snapshot+json, application/problem+json",
        "Authorization": "Sanitized",
        "Content-Length": "18",
        "Content-Type": "application/json",
        "Date": "Thu, 20 Jun 2024 22:51:32 GMT",
        "Sync-Token": "zAJw6V16=Njo1IzMwNzQxODYy",
        "traceparent": "00-5235c701263ec44502dcc19fde6e8224-bd30eb440d864e96-00",
        "User-Agent": "azsdk-net-Data.AppConfiguration/1.5.0-alpha.20240620.1 (.NET Framework 4.8.9241.0; Microsoft Windows 10.0.22631 )",
        "x-ms-client-request-id": "Sanitized",
        "x-ms-content-sha256": "Sanitized",
        "x-ms-return-client-request-id": "true"
      },
      "RequestBody": {
        "status": "ready"
      },
      "StatusCode": 200,
      "ResponseHeaders": {
        "Access-Control-Allow-Origin": "*",
        "Connection": "keep-alive",
        "Content-Type": "application/vnd.microsoft.appconfig.snapshot+json; charset=utf-8",
        "Date": "Thu, 20 Jun 2024 22:51:29 GMT",
        "ETag": "\"_QNivXl_juoZem0DDh3-AidluPvtyhSbYeaiyalzxMI\"",
        "Last-Modified": "Thu, 20 Jun 2024 22:51:08 GMT",
        "Link": "</kv?snapshot=snapshot-2078111417&api-version=2023-10-01>; rel=\"items\"",
        "Strict-Transport-Security": "max-age=31536000; includeSubDomains",
        "Sync-Token": "zAJw6V16=Njo1IzMwNzQxODYz;sn=30741863",
        "Transfer-Encoding": "chunked",
        "x-ms-client-request-id": "Sanitized",
        "x-ms-correlation-request-id": "1b7f20de-ae88-4ce3-8842-476f3a22d194",
        "x-ms-request-id": "1b7f20de-ae88-4ce3-8842-476f3a22d194"
      },
      "ResponseBody": {
        "etag": "_QNivXl_juoZem0DDh3-AidluPvtyhSbYeaiyalzxMI",
        "name": "snapshot-2078111417",
        "status": "ready",
        "filters": [
          {
            "key": "key-448468654",
            "label": null
          }
        ],
        "composition_type": "key",
        "created": "2024-06-20T22:51:08+00:00",
        "size": 1000,
        "items_count": 0,
        "tags": {},
        "retention_period": 2592000
      }
    },
    {
      "RequestUri": "https://tdfcae3cf5eab7143-azconfig-net.azconfig.io/kv/key-448468654?label=test_label&api-version=2023-10-01",
      "RequestMethod": "DELETE",
      "RequestHeaders": {
        "Accept": "application/vnd.microsoft.appconfig.kv+json, application/problem+json",
        "Authorization": "Sanitized",
        "Date": "Thu, 20 Jun 2024 22:51:32 GMT",
        "Sync-Token": "zAJw6V16=Njo1IzMwNzQxODYz",
        "traceparent": "00-9bdcd9d9c6f0ae5440ced4d92ba29941-d1c946de7ba83ca4-00",
        "User-Agent": "azsdk-net-Data.AppConfiguration/1.5.0-alpha.20240620.1 (.NET Framework 4.8.9241.0; Microsoft Windows 10.0.22631 )",
        "x-ms-client-request-id": "Sanitized",
        "x-ms-content-sha256": "Sanitized",
        "x-ms-return-client-request-id": "true"
      },
      "RequestBody": null,
      "StatusCode": 200,
      "ResponseHeaders": {
        "Access-Control-Allow-Origin": "*",
        "Connection": "keep-alive",
        "Content-Type": "application/vnd.microsoft.appconfig.kv+json; charset=utf-8",
        "Date": "Thu, 20 Jun 2024 22:51:29 GMT",
        "ETag": "\"8O8n9RvxLcjon1V7osuK6AGeOhmGktEA71lJgBbe7NY\"",
        "Last-Modified": "Thu, 20 Jun 2024 22:51:08 GMT",
        "Strict-Transport-Security": "max-age=31536000; includeSubDomains",
        "Sync-Token": "zAJw6V16=Njo1IzMwNzQxODY0;sn=30741864",
        "Transfer-Encoding": "chunked",
        "x-ms-client-request-id": "Sanitized",
        "x-ms-correlation-request-id": "1af0ab0e-5a3b-4b65-aa3d-0d14e9ca3711",
        "x-ms-request-id": "1af0ab0e-5a3b-4b65-aa3d-0d14e9ca3711"
      },
      "ResponseBody": {
        "etag": "8O8n9RvxLcjon1V7osuK6AGeOhmGktEA71lJgBbe7NY",
        "key": "key-448468654",
        "label": "test_label",
        "content_type": "test_content_type",
        "value": "test_value",
        "tags": {
          "tag1": "value1",
          "tag2": "value2"
        },
        "locked": false,
        "last_modified": "2024-06-20T22:51:08+00:00"
      }
    }
  ],
  "Variables": {
    "APPCONFIGURATION_CONNECTION_STRING": "Endpoint=https://tdfcae3cf5eab7143-azconfig-net.azconfig.io;Id=yt5R;Secret=Kg==",
    "RandomSeed": "2024751096"
  }
}
