{
  "Entries": [
    {
      "RequestUri": "https://t02f6e87f544544f3-azconfig-net.azconfig.io/kv/key-262214860?label=test_label\u0026api-version=2022-11-01-preview",
      "RequestMethod": "PUT",
      "RequestHeaders": {
        "Accept": "application/vnd.microsoft.appconfig.kv\u002Bjson, application/problem\u002Bjson",
        "Authorization": "Sanitized",
        "Content-Length": "98",
        "Content-Type": "application/json",
        "Date": "Fri, 30 Jun 2023 19:17:06 GMT",
        "traceparent": "00-054549ee6f4b09b186148621b62919d1-1318a73286c7ae04-00",
        "User-Agent": "azsdk-net-Data.AppConfiguration/1.3.0-alpha.20230630.1 (.NET 7.0.7; Microsoft Windows 10.0.22621)",
        "x-ms-client-request-id": "90044dea90531fc0571fa211209cd62e",
        "x-ms-content-sha256": "b11OQu6GthUatwGXUIKHHSRVyik0TdrUk5kZm3yZd2A=",
        "x-ms-return-client-request-id": "true"
      },
      "RequestBody": {
        "value": "test_value",
        "content_type": "test_content_type",
        "tags": {
          "tag1": "value1",
          "tag2": "value2"
        }
      },
      "StatusCode": 200,
      "ResponseHeaders": {
        "Access-Control-Allow-Credentials": "true",
        "Access-Control-Allow-Origin": "*",
        "Access-Control-Expose-Headers": "DNT, X-CustomHeader, Keep-Alive, User-Agent, X-Requested-With, If-Modified-Since, Cache-Control, Content-Type, Authorization, x-ms-client-request-id, x-ms-useragent, x-ms-content-sha256, x-ms-date, host, Accept, Accept-Datetime, Date, If-Match, If-None-Match, Sync-Token, x-ms-return-client-request-id, ETag, Last-Modified, Link, Memento-Datetime, retry-after-ms, x-ms-request-id, x-ms-client-session-id, x-ms-effective-locale, WWW-Authenticate, traceparent, tracestate, Operation-Location, Retry-After",
        "Connection": "keep-alive",
        "Content-Type": "application/vnd.microsoft.appconfig.kv\u002Bjson; charset=utf-8",
        "Date": "Fri, 30 Jun 2023 19:17:06 GMT",
        "ETag": "\u0022meVN84j2GRfjVqUK4nCsxkVP2UttHZQpytvorzHJc10\u0022",
        "Last-Modified": "Fri, 30 Jun 2023 19:17:06 GMT",
        "Server": "openresty/1.21.4.1",
        "Strict-Transport-Security": "max-age=15724800; includeSubDomains",
        "Sync-Token": "zAJw6V16=ODo1IzI0ODcwMjMw;sn=24870230",
        "Transfer-Encoding": "chunked",
        "x-ms-client-request-id": "90044dea90531fc0571fa211209cd62e",
        "x-ms-correlation-request-id": "2aba9400-fd09-40bd-94fd-6f92d7537fab",
        "x-ms-request-id": "2aba9400-fd09-40bd-94fd-6f92d7537fab"
      },
      "ResponseBody": {
        "etag": "meVN84j2GRfjVqUK4nCsxkVP2UttHZQpytvorzHJc10",
        "key": "key-262214860",
        "label": "test_label",
        "content_type": "test_content_type",
        "value": "test_value",
        "tags": {
          "tag1": "value1",
          "tag2": "value2"
        },
        "locked": false,
        "last_modified": "2023-06-30T19:17:06\u002B00:00"
      }
    },
    {
      "RequestUri": "https://t02f6e87f544544f3-azconfig-net.azconfig.io/snapshots/some_snapshot-8ff0e004-52f5-4f20-b3c7-b14525d5a783?api-version=2022-11-01-preview",
      "RequestMethod": "PUT",
      "RequestHeaders": {
        "Accept": "application/vnd.microsoft.appconfig.snapshot\u002Bjson, application/problem\u002Bjson",
        "Authorization": "Sanitized",
        "Content-Length": "37",
        "Content-Type": "application/json",
        "Date": "Fri, 30 Jun 2023 19:17:06 GMT",
        "Sync-Token": "zAJw6V16=ODo1IzI0ODcwMjMw",
        "traceparent": "00-9ed665c3f5e8aa935e6ad434999c3830-43bb5dee3d6bcaf4-00",
        "User-Agent": "azsdk-net-Data.AppConfiguration/1.3.0-alpha.20230630.1 (.NET 7.0.7; Microsoft Windows 10.0.22621)",
        "x-ms-client-request-id": "742aad6c05e1fa385938358d166eabc2",
        "x-ms-content-sha256": "g2FNlhfNExnrU/HGG5BfKGt2msHju1MDRVp01wQ70OY=",
        "x-ms-return-client-request-id": "true"
      },
      "RequestBody": {
        "filters": [
          {
            "key": "key-262214860"
          }
        ]
      },
      "StatusCode": 201,
      "ResponseHeaders": {
        "Access-Control-Allow-Credentials": "true",
        "Access-Control-Allow-Origin": "*",
        "Access-Control-Expose-Headers": "DNT, X-CustomHeader, Keep-Alive, User-Agent, X-Requested-With, If-Modified-Since, Cache-Control, Content-Type, Authorization, x-ms-client-request-id, x-ms-useragent, x-ms-content-sha256, x-ms-date, host, Accept, Accept-Datetime, Date, If-Match, If-None-Match, Sync-Token, x-ms-return-client-request-id, ETag, Last-Modified, Link, Memento-Datetime, retry-after-ms, x-ms-request-id, x-ms-client-session-id, x-ms-effective-locale, WWW-Authenticate, traceparent, tracestate, Operation-Location, Retry-After",
        "Connection": "keep-alive",
        "Content-Type": "application/vnd.microsoft.appconfig.snapshot\u002Bjson; charset=utf-8",
        "Date": "Fri, 30 Jun 2023 19:17:06 GMT",
        "ETag": "\u0022O6JoPe_KlGWCnJ_cSMCrLjjllCKyfF3jJemmLOY6uEc\u0022",
        "Last-Modified": "Fri, 30 Jun 2023 19:17:06 GMT",
        "Link": "\u003C/kv?snapshot=some_snapshot-8ff0e004-52f5-4f20-b3c7-b14525d5a783\u0026api-version=2022-11-01-preview\u003E; rel=\u0022items\u0022",
        "Operation-Location": "https://t02f6e87f544544f3-azconfig-net.azconfig.io/operations?snapshot=some_snapshot-8ff0e004-52f5-4f20-b3c7-b14525d5a783\u0026api-version=2022-11-01-preview",
        "Server": "openresty/1.21.4.1",
        "Strict-Transport-Security": "max-age=15724800; includeSubDomains",
        "Sync-Token": "zAJw6V16=ODo1IzI0ODcwMjMx;sn=24870231",
        "Transfer-Encoding": "chunked",
        "x-ms-client-request-id": "742aad6c05e1fa385938358d166eabc2",
        "x-ms-correlation-request-id": "23f28356-f994-49fa-826f-3a9e7f305c65",
        "x-ms-request-id": "23f28356-f994-49fa-826f-3a9e7f305c65"
      },
      "ResponseBody": {
        "etag": "O6JoPe_KlGWCnJ_cSMCrLjjllCKyfF3jJemmLOY6uEc",
        "name": "some_snapshot-8ff0e004-52f5-4f20-b3c7-b14525d5a783",
        "status": "provisioning",
        "filters": [
          {
            "key": "key-262214860",
            "label": null
          }
        ],
        "composition_type": "key",
        "created": "2023-06-30T19:17:06\u002B00:00",
        "size": 0,
        "items_count": 0,
        "tags": {},
        "retention_period": 2592000
      }
    },
    {
      "RequestUri": "https://t02f6e87f544544f3-azconfig-net.azconfig.io/operations?snapshot=some_snapshot-8ff0e004-52f5-4f20-b3c7-b14525d5a783\u0026api-version=2022-11-01-preview",
      "RequestMethod": "GET",
      "RequestHeaders": {
        "Authorization": "Sanitized",
        "Date": "Fri, 30 Jun 2023 19:17:06 GMT",
        "Sync-Token": "zAJw6V16=ODo1IzI0ODcwMjMx",
        "traceparent": "00-9ed665c3f5e8aa935e6ad434999c3830-666e876ba0477bb5-00",
        "User-Agent": "azsdk-net-Data.AppConfiguration/1.3.0-alpha.20230630.1 (.NET 7.0.7; Microsoft Windows 10.0.22621)",
        "x-ms-client-request-id": "0c4f1216531bd5cb45ef1bb05b89aeb7",
        "x-ms-content-sha256": "47DEQpj8HBSa\u002B/TImW\u002B5JCeuQeRkm5NMpJWZG3hSuFU=",
        "x-ms-return-client-request-id": "true"
      },
      "RequestBody": null,
      "StatusCode": 200,
      "ResponseHeaders": {
        "Access-Control-Allow-Credentials": "true",
        "Access-Control-Allow-Origin": "*",
        "Access-Control-Expose-Headers": "DNT, X-CustomHeader, Keep-Alive, User-Agent, X-Requested-With, If-Modified-Since, Cache-Control, Content-Type, Authorization, x-ms-client-request-id, x-ms-useragent, x-ms-content-sha256, x-ms-date, host, Accept, Accept-Datetime, Date, If-Match, If-None-Match, Sync-Token, x-ms-return-client-request-id, ETag, Last-Modified, Link, Memento-Datetime, retry-after-ms, x-ms-request-id, x-ms-client-session-id, x-ms-effective-locale, WWW-Authenticate, traceparent, tracestate, Operation-Location, Retry-After",
        "Connection": "keep-alive",
        "Content-Type": "application/json; charset=utf-8",
        "Date": "Fri, 30 Jun 2023 19:17:06 GMT",
        "Retry-After": "10",
        "Server": "openresty/1.21.4.1",
        "Strict-Transport-Security": "max-age=15724800; includeSubDomains",
        "Sync-Token": "zAJw6V16=ODo1IzI0ODcwMjMx;sn=24870231",
        "Transfer-Encoding": "chunked",
        "Vary": "Accept-Encoding",
        "x-ms-client-request-id": "0c4f1216531bd5cb45ef1bb05b89aeb7",
        "x-ms-correlation-request-id": "600543b1-f735-4a2a-8d7d-5d7e864cfcc0",
        "x-ms-request-id": "600543b1-f735-4a2a-8d7d-5d7e864cfcc0"
      },
      "ResponseBody": {
        "id": "3DB8MIQLFOnC1bEvOgMyjhCz6iidMUdUZZ2ukUsBUyk",
        "status": "Running",
        "error": null
      }
    },
    {
      "RequestUri": "https://t02f6e87f544544f3-azconfig-net.azconfig.io/operations?snapshot=some_snapshot-8ff0e004-52f5-4f20-b3c7-b14525d5a783\u0026api-version=2022-11-01-preview",
      "RequestMethod": "GET",
      "RequestHeaders": {
        "Authorization": "Sanitized",
        "Date": "Fri, 30 Jun 2023 19:17:16 GMT",
        "Sync-Token": "zAJw6V16=ODo1IzI0ODcwMjMx",
        "traceparent": "00-9ed665c3f5e8aa935e6ad434999c3830-81f78a3fefa0021a-00",
        "User-Agent": "azsdk-net-Data.AppConfiguration/1.3.0-alpha.20230630.1 (.NET 7.0.7; Microsoft Windows 10.0.22621)",
        "x-ms-client-request-id": "68a4b59e5a94e5ea1509371a5b3309e9",
        "x-ms-content-sha256": "47DEQpj8HBSa\u002B/TImW\u002B5JCeuQeRkm5NMpJWZG3hSuFU=",
        "x-ms-return-client-request-id": "true"
      },
      "RequestBody": null,
      "StatusCode": 200,
      "ResponseHeaders": {
        "Access-Control-Allow-Credentials": "true",
        "Access-Control-Allow-Origin": "*",
        "Access-Control-Expose-Headers": "DNT, X-CustomHeader, Keep-Alive, User-Agent, X-Requested-With, If-Modified-Since, Cache-Control, Content-Type, Authorization, x-ms-client-request-id, x-ms-useragent, x-ms-content-sha256, x-ms-date, host, Accept, Accept-Datetime, Date, If-Match, If-None-Match, Sync-Token, x-ms-return-client-request-id, ETag, Last-Modified, Link, Memento-Datetime, retry-after-ms, x-ms-request-id, x-ms-client-session-id, x-ms-effective-locale, WWW-Authenticate, traceparent, tracestate, Operation-Location, Retry-After",
        "Connection": "keep-alive",
        "Content-Type": "application/json; charset=utf-8",
        "Date": "Fri, 30 Jun 2023 19:17:16 GMT",
        "Retry-After": "10",
        "Server": "openresty/1.21.4.1",
        "Strict-Transport-Security": "max-age=15724800; includeSubDomains",
        "Sync-Token": "zAJw6V16=ODo1IzI0ODcwMjMz;sn=24870233",
        "Transfer-Encoding": "chunked",
        "Vary": "Accept-Encoding",
        "x-ms-client-request-id": "68a4b59e5a94e5ea1509371a5b3309e9",
        "x-ms-correlation-request-id": "d61c22e3-22e7-41ec-ad8a-c4515dbcf3ce",
        "x-ms-request-id": "d61c22e3-22e7-41ec-ad8a-c4515dbcf3ce"
      },
      "ResponseBody": {
        "id": "3DB8MIQLFOnC1bEvOgMyjhCz6iidMUdUZZ2ukUsBUyk",
        "status": "Running",
        "error": null
      }
    },
    {
      "RequestUri": "https://t02f6e87f544544f3-azconfig-net.azconfig.io/operations?snapshot=some_snapshot-8ff0e004-52f5-4f20-b3c7-b14525d5a783\u0026api-version=2022-11-01-preview",
      "RequestMethod": "GET",
      "RequestHeaders": {
        "Authorization": "Sanitized",
        "Date": "Fri, 30 Jun 2023 19:17:27 GMT",
        "Sync-Token": "zAJw6V16=ODo1IzI0ODcwMjMz",
        "traceparent": "00-9ed665c3f5e8aa935e6ad434999c3830-bc07a59735cf9a35-00",
        "User-Agent": "azsdk-net-Data.AppConfiguration/1.3.0-alpha.20230630.1 (.NET 7.0.7; Microsoft Windows 10.0.22621)",
        "x-ms-client-request-id": "0dfadf73c94c1813e2542ef1ea879fcf",
        "x-ms-content-sha256": "47DEQpj8HBSa\u002B/TImW\u002B5JCeuQeRkm5NMpJWZG3hSuFU=",
        "x-ms-return-client-request-id": "true"
      },
      "RequestBody": null,
      "StatusCode": 200,
      "ResponseHeaders": {
        "Access-Control-Allow-Credentials": "true",
        "Access-Control-Allow-Origin": "*",
        "Access-Control-Expose-Headers": "DNT, X-CustomHeader, Keep-Alive, User-Agent, X-Requested-With, If-Modified-Since, Cache-Control, Content-Type, Authorization, x-ms-client-request-id, x-ms-useragent, x-ms-content-sha256, x-ms-date, host, Accept, Accept-Datetime, Date, If-Match, If-None-Match, Sync-Token, x-ms-return-client-request-id, ETag, Last-Modified, Link, Memento-Datetime, retry-after-ms, x-ms-request-id, x-ms-client-session-id, x-ms-effective-locale, WWW-Authenticate, traceparent, tracestate, Operation-Location, Retry-After",
        "Connection": "keep-alive",
        "Content-Type": "application/json; charset=utf-8",
        "Date": "Fri, 30 Jun 2023 19:17:26 GMT",
        "Server": "openresty/1.21.4.1",
        "Strict-Transport-Security": "max-age=15724800; includeSubDomains",
        "Sync-Token": "zAJw6V16=ODo1IzI0ODcwMjM2;sn=24870236",
        "Transfer-Encoding": "chunked",
        "Vary": "Accept-Encoding",
        "x-ms-client-request-id": "0dfadf73c94c1813e2542ef1ea879fcf",
        "x-ms-correlation-request-id": "06ac2d9f-e4d8-405d-a071-63855393da65",
        "x-ms-request-id": "06ac2d9f-e4d8-405d-a071-63855393da65"
      },
      "ResponseBody": {
        "id": "3DB8MIQLFOnC1bEvOgMyjhCz6iidMUdUZZ2ukUsBUyk",
        "status": "Succeeded",
        "error": null
      }
    },
    {
      "RequestUri": "https://t02f6e87f544544f3-azconfig-net.azconfig.io/snapshots/some_snapshot-8ff0e004-52f5-4f20-b3c7-b14525d5a783?api-version=2022-11-01-preview",
      "RequestMethod": "GET",
      "RequestHeaders": {
        "Authorization": "Sanitized",
        "Date": "Fri, 30 Jun 2023 19:17:27 GMT",
        "Sync-Token": "zAJw6V16=ODo1IzI0ODcwMjM2",
        "traceparent": "00-9ed665c3f5e8aa935e6ad434999c3830-897fcabfbb26e4e9-00",
        "User-Agent": "azsdk-net-Data.AppConfiguration/1.3.0-alpha.20230630.1 (.NET 7.0.7; Microsoft Windows 10.0.22621)",
        "x-ms-client-request-id": "60ef7d8a43cabb2d286af7111cb07a12",
        "x-ms-content-sha256": "47DEQpj8HBSa\u002B/TImW\u002B5JCeuQeRkm5NMpJWZG3hSuFU=",
        "x-ms-return-client-request-id": "true"
      },
      "RequestBody": null,
      "StatusCode": 200,
      "ResponseHeaders": {
        "Access-Control-Allow-Credentials": "true",
        "Access-Control-Allow-Origin": "*",
        "Access-Control-Expose-Headers": "DNT, X-CustomHeader, Keep-Alive, User-Agent, X-Requested-With, If-Modified-Since, Cache-Control, Content-Type, Authorization, x-ms-client-request-id, x-ms-useragent, x-ms-content-sha256, x-ms-date, host, Accept, Accept-Datetime, Date, If-Match, If-None-Match, Sync-Token, x-ms-return-client-request-id, ETag, Last-Modified, Link, Memento-Datetime, retry-after-ms, x-ms-request-id, x-ms-client-session-id, x-ms-effective-locale, WWW-Authenticate, traceparent, tracestate, Operation-Location, Retry-After",
        "Connection": "keep-alive",
        "Content-Type": "application/vnd.microsoft.appconfig.snapshot\u002Bjson; charset=utf-8",
        "Date": "Fri, 30 Jun 2023 19:17:26 GMT",
        "ETag": "\u0022O6JoPe_KlGWCnJ_cSMCrLjjllCKyfF3jJemmLOY6uEc\u0022",
        "Last-Modified": "Fri, 30 Jun 2023 19:17:06 GMT",
        "Link": "\u003C/kv?snapshot=some_snapshot-8ff0e004-52f5-4f20-b3c7-b14525d5a783\u0026api-version=2022-11-01-preview\u003E; rel=\u0022items\u0022",
        "Server": "openresty/1.21.4.1",
        "Strict-Transport-Security": "max-age=15724800; includeSubDomains",
        "Sync-Token": "zAJw6V16=ODo1IzI0ODcwMjM2;sn=24870236",
        "Transfer-Encoding": "chunked",
        "x-ms-client-request-id": "60ef7d8a43cabb2d286af7111cb07a12",
        "x-ms-correlation-request-id": "6c527555-ea37-4b63-b68d-bcb789fb6e4f",
        "x-ms-request-id": "6c527555-ea37-4b63-b68d-bcb789fb6e4f"
      },
      "ResponseBody": {
        "etag": "O6JoPe_KlGWCnJ_cSMCrLjjllCKyfF3jJemmLOY6uEc",
        "name": "some_snapshot-8ff0e004-52f5-4f20-b3c7-b14525d5a783",
        "status": "ready",
        "filters": [
          {
            "key": "key-262214860",
            "label": null
          }
        ],
        "composition_type": "key",
        "created": "2023-06-30T19:17:06\u002B00:00",
        "size": 1000,
        "items_count": 0,
        "tags": {},
        "retention_period": 2592000
      }
    },
    {
      "RequestUri": "https://t02f6e87f544544f3-azconfig-net.azconfig.io/snapshots/some_snapshot-8ff0e004-52f5-4f20-b3c7-b14525d5a783?api-version=2022-11-01-preview",
      "RequestMethod": "GET",
      "RequestHeaders": {
        "Accept": "application/vnd.microsoft.appconfig.snapshot\u002Bjson, application/problem\u002Bjson",
        "Authorization": "Sanitized",
        "Date": "Fri, 30 Jun 2023 19:17:27 GMT",
        "Sync-Token": "zAJw6V16=ODo1IzI0ODcwMjM2",
        "traceparent": "00-0438e3a97e0d0278734efd9608d329c6-193f4e3b40f6b70c-00",
        "User-Agent": "azsdk-net-Data.AppConfiguration/1.3.0-alpha.20230630.1 (.NET 7.0.7; Microsoft Windows 10.0.22621)",
        "x-ms-client-request-id": "7c3c32e6a08ed46aa28b85402cf8fb8d",
        "x-ms-content-sha256": "47DEQpj8HBSa\u002B/TImW\u002B5JCeuQeRkm5NMpJWZG3hSuFU=",
        "x-ms-return-client-request-id": "true"
      },
      "RequestBody": null,
      "StatusCode": 200,
      "ResponseHeaders": {
        "Access-Control-Allow-Credentials": "true",
        "Access-Control-Allow-Origin": "*",
        "Access-Control-Expose-Headers": "DNT, X-CustomHeader, Keep-Alive, User-Agent, X-Requested-With, If-Modified-Since, Cache-Control, Content-Type, Authorization, x-ms-client-request-id, x-ms-useragent, x-ms-content-sha256, x-ms-date, host, Accept, Accept-Datetime, Date, If-Match, If-None-Match, Sync-Token, x-ms-return-client-request-id, ETag, Last-Modified, Link, Memento-Datetime, retry-after-ms, x-ms-request-id, x-ms-client-session-id, x-ms-effective-locale, WWW-Authenticate, traceparent, tracestate, Operation-Location, Retry-After",
        "Connection": "keep-alive",
        "Content-Type": "application/vnd.microsoft.appconfig.snapshot\u002Bjson; charset=utf-8",
        "Date": "Fri, 30 Jun 2023 19:17:26 GMT",
        "ETag": "\u0022O6JoPe_KlGWCnJ_cSMCrLjjllCKyfF3jJemmLOY6uEc\u0022",
        "Last-Modified": "Fri, 30 Jun 2023 19:17:06 GMT",
        "Link": "\u003C/kv?snapshot=some_snapshot-8ff0e004-52f5-4f20-b3c7-b14525d5a783\u0026api-version=2022-11-01-preview\u003E; rel=\u0022items\u0022",
        "Server": "openresty/1.21.4.1",
        "Strict-Transport-Security": "max-age=15724800; includeSubDomains",
        "Sync-Token": "zAJw6V16=ODo1IzI0ODcwMjM2;sn=24870236",
        "Transfer-Encoding": "chunked",
        "x-ms-client-request-id": "7c3c32e6a08ed46aa28b85402cf8fb8d",
        "x-ms-correlation-request-id": "e24b59f4-a2f2-446f-81cb-eca737b5bbb3",
        "x-ms-request-id": "e24b59f4-a2f2-446f-81cb-eca737b5bbb3"
      },
      "ResponseBody": {
        "etag": "O6JoPe_KlGWCnJ_cSMCrLjjllCKyfF3jJemmLOY6uEc",
        "name": "some_snapshot-8ff0e004-52f5-4f20-b3c7-b14525d5a783",
        "status": "ready",
        "filters": [
          {
            "key": "key-262214860",
            "label": null
          }
        ],
        "composition_type": "key",
        "created": "2023-06-30T19:17:06\u002B00:00",
        "size": 1000,
        "items_count": 0,
        "tags": {},
        "retention_period": 2592000
      }
    },
    {
      "RequestUri": "https://t02f6e87f544544f3-azconfig-net.azconfig.io/snapshots/some_snapshot-8ff0e004-52f5-4f20-b3c7-b14525d5a783?api-version=2022-11-01-preview",
      "RequestMethod": "PATCH",
      "RequestHeaders": {
        "Accept": "application/vnd.microsoft.appconfig.snapshot\u002Bjson, application/problem\u002Bjson",
        "Authorization": "Sanitized",
        "Content-Length": "21",
        "Content-Type": "application/json",
        "Date": "Fri, 30 Jun 2023 19:17:27 GMT",
        "Sync-Token": "zAJw6V16=ODo1IzI0ODcwMjM2",
        "traceparent": "00-8c059d7a629ab35dca96c1b7b3018ab8-22dfd7ec99dee85a-00",
        "User-Agent": "azsdk-net-Data.AppConfiguration/1.3.0-alpha.20230630.1 (.NET 7.0.7; Microsoft Windows 10.0.22621)",
        "x-ms-client-request-id": "dd90686aa843301fb13ee5e2d101fc31",
        "x-ms-content-sha256": "tynngJHjE7uDMwpGVh1hcULF0zuJfLFECY9VxlHWIWo=",
        "x-ms-return-client-request-id": "true"
      },
      "RequestBody": {
        "status": "archived"
      },
      "StatusCode": 200,
      "ResponseHeaders": {
        "Access-Control-Allow-Credentials": "true",
        "Access-Control-Allow-Origin": "*",
        "Access-Control-Expose-Headers": "DNT, X-CustomHeader, Keep-Alive, User-Agent, X-Requested-With, If-Modified-Since, Cache-Control, Content-Type, Authorization, x-ms-client-request-id, x-ms-useragent, x-ms-content-sha256, x-ms-date, host, Accept, Accept-Datetime, Date, If-Match, If-None-Match, Sync-Token, x-ms-return-client-request-id, ETag, Last-Modified, Link, Memento-Datetime, retry-after-ms, x-ms-request-id, x-ms-client-session-id, x-ms-effective-locale, WWW-Authenticate, traceparent, tracestate, Operation-Location, Retry-After",
        "Connection": "keep-alive",
        "Content-Type": "application/vnd.microsoft.appconfig.snapshot\u002Bjson; charset=utf-8",
        "Date": "Fri, 30 Jun 2023 19:17:26 GMT",
        "ETag": "\u0022_lfbBDkdlYkn_oGphtBjPb1AhAtYuZwb5jQRWfx3PKs\u0022",
        "Last-Modified": "Fri, 30 Jun 2023 19:17:06 GMT",
        "Link": "\u003C/kv?snapshot=some_snapshot-8ff0e004-52f5-4f20-b3c7-b14525d5a783\u0026api-version=2022-11-01-preview\u003E; rel=\u0022items\u0022",
        "Server": "openresty/1.21.4.1",
        "Strict-Transport-Security": "max-age=15724800; includeSubDomains",
        "Sync-Token": "zAJw6V16=ODo1IzI0ODcwMjM3;sn=24870237",
        "Transfer-Encoding": "chunked",
        "x-ms-client-request-id": "dd90686aa843301fb13ee5e2d101fc31",
        "x-ms-correlation-request-id": "7c16ce03-e7a9-4162-9283-63c9425c8e25",
        "x-ms-request-id": "7c16ce03-e7a9-4162-9283-63c9425c8e25"
      },
      "ResponseBody": {
        "etag": "_lfbBDkdlYkn_oGphtBjPb1AhAtYuZwb5jQRWfx3PKs",
        "name": "some_snapshot-8ff0e004-52f5-4f20-b3c7-b14525d5a783",
        "status": "archived",
        "filters": [
          {
            "key": "key-262214860",
            "label": null
          }
        ],
        "composition_type": "key",
        "created": "2023-06-30T19:17:06\u002B00:00",
        "expires": "2023-07-30T19:17:26.4544359\u002B00:00",
        "size": 1000,
        "items_count": 0,
        "tags": {},
        "retention_period": 2592000
      }
    },
    {
      "RequestUri": "https://t02f6e87f544544f3-azconfig-net.azconfig.io/snapshots/some_snapshot-8ff0e004-52f5-4f20-b3c7-b14525d5a783?api-version=2022-11-01-preview",
      "RequestMethod": "PATCH",
      "RequestHeaders": {
        "Accept": "application/vnd.microsoft.appconfig.snapshot\u002Bjson, application/problem\u002Bjson",
        "Authorization": "Sanitized",
        "Content-Length": "18",
        "Content-Type": "application/json",
        "Date": "Fri, 30 Jun 2023 19:17:27 GMT",
        "Sync-Token": "zAJw6V16=ODo1IzI0ODcwMjM3",
        "traceparent": "00-b1eb65c68eda43d34967b2f5b6f3d132-dc4efe2da7dec9c8-00",
        "User-Agent": "azsdk-net-Data.AppConfiguration/1.3.0-alpha.20230630.1 (.NET 7.0.7; Microsoft Windows 10.0.22621)",
        "x-ms-client-request-id": "b70b1bd9234ae940121bbe3ebeec8f2f",
        "x-ms-content-sha256": "Mb919MCpfMH3tg34JPo5CzvpugFPKbY8h8aYumPZqf0=",
        "x-ms-return-client-request-id": "true"
      },
      "RequestBody": {
        "status": "ready"
      },
      "StatusCode": 200,
      "ResponseHeaders": {
        "Access-Control-Allow-Credentials": "true",
        "Access-Control-Allow-Origin": "*",
        "Access-Control-Expose-Headers": "DNT, X-CustomHeader, Keep-Alive, User-Agent, X-Requested-With, If-Modified-Since, Cache-Control, Content-Type, Authorization, x-ms-client-request-id, x-ms-useragent, x-ms-content-sha256, x-ms-date, host, Accept, Accept-Datetime, Date, If-Match, If-None-Match, Sync-Token, x-ms-return-client-request-id, ETag, Last-Modified, Link, Memento-Datetime, retry-after-ms, x-ms-request-id, x-ms-client-session-id, x-ms-effective-locale, WWW-Authenticate, traceparent, tracestate, Operation-Location, Retry-After",
        "Connection": "keep-alive",
        "Content-Type": "application/vnd.microsoft.appconfig.snapshot\u002Bjson; charset=utf-8",
        "Date": "Fri, 30 Jun 2023 19:17:26 GMT",
        "ETag": "\u00224QxMK_VqcsvDaci8U_4lpdtrv4MUIRySrB7AhEh15oY\u0022",
        "Last-Modified": "Fri, 30 Jun 2023 19:17:06 GMT",
        "Link": "\u003C/kv?snapshot=some_snapshot-8ff0e004-52f5-4f20-b3c7-b14525d5a783\u0026api-version=2022-11-01-preview\u003E; rel=\u0022items\u0022",
        "Server": "openresty/1.21.4.1",
        "Strict-Transport-Security": "max-age=15724800; includeSubDomains",
        "Sync-Token": "zAJw6V16=ODo1IzI0ODcwMjM4;sn=24870238",
        "Transfer-Encoding": "chunked",
        "x-ms-client-request-id": "b70b1bd9234ae940121bbe3ebeec8f2f",
        "x-ms-correlation-request-id": "7afe3a4e-1f26-45ff-b172-511f21ef45ee",
        "x-ms-request-id": "7afe3a4e-1f26-45ff-b172-511f21ef45ee"
      },
      "ResponseBody": {
        "etag": "4QxMK_VqcsvDaci8U_4lpdtrv4MUIRySrB7AhEh15oY",
        "name": "some_snapshot-8ff0e004-52f5-4f20-b3c7-b14525d5a783",
        "status": "ready",
        "filters": [
          {
            "key": "key-262214860",
            "label": null
          }
        ],
        "composition_type": "key",
        "created": "2023-06-30T19:17:06\u002B00:00",
        "size": 1000,
        "items_count": 0,
        "tags": {},
        "retention_period": 2592000
      }
    },
    {
      "RequestUri": "https://t02f6e87f544544f3-azconfig-net.azconfig.io/kv/key-262214860?label=test_label\u0026api-version=2022-11-01-preview",
      "RequestMethod": "DELETE",
      "RequestHeaders": {
        "Accept": "application/vnd.microsoft.appconfig.kv\u002Bjson, application/problem\u002Bjson",
        "Authorization": "Sanitized",
        "Date": "Fri, 30 Jun 2023 19:17:27 GMT",
        "Sync-Token": "zAJw6V16=ODo1IzI0ODcwMjM4",
        "traceparent": "00-85384af1d50e0646d0c8e6555e42d054-c92997244510d319-00",
        "User-Agent": "azsdk-net-Data.AppConfiguration/1.3.0-alpha.20230630.1 (.NET 7.0.7; Microsoft Windows 10.0.22621)",
        "x-ms-client-request-id": "b3a6696e9d1f3dcf120cca4fbb8802a0",
        "x-ms-content-sha256": "47DEQpj8HBSa\u002B/TImW\u002B5JCeuQeRkm5NMpJWZG3hSuFU=",
        "x-ms-return-client-request-id": "true"
      },
      "RequestBody": null,
      "StatusCode": 200,
      "ResponseHeaders": {
        "Access-Control-Allow-Credentials": "true",
        "Access-Control-Allow-Origin": "*",
        "Access-Control-Expose-Headers": "DNT, X-CustomHeader, Keep-Alive, User-Agent, X-Requested-With, If-Modified-Since, Cache-Control, Content-Type, Authorization, x-ms-client-request-id, x-ms-useragent, x-ms-content-sha256, x-ms-date, host, Accept, Accept-Datetime, Date, If-Match, If-None-Match, Sync-Token, x-ms-return-client-request-id, ETag, Last-Modified, Link, Memento-Datetime, retry-after-ms, x-ms-request-id, x-ms-client-session-id, x-ms-effective-locale, WWW-Authenticate, traceparent, tracestate, Operation-Location, Retry-After",
        "Connection": "keep-alive",
        "Content-Type": "application/vnd.microsoft.appconfig.kv\u002Bjson; charset=utf-8",
        "Date": "Fri, 30 Jun 2023 19:17:26 GMT",
        "ETag": "\u0022meVN84j2GRfjVqUK4nCsxkVP2UttHZQpytvorzHJc10\u0022",
        "Last-Modified": "Fri, 30 Jun 2023 19:17:06 GMT",
        "Server": "openresty/1.21.4.1",
        "Strict-Transport-Security": "max-age=15724800; includeSubDomains",
        "Sync-Token": "zAJw6V16=ODo1IzI0ODcwMjM5;sn=24870239",
        "Transfer-Encoding": "chunked",
        "x-ms-client-request-id": "b3a6696e9d1f3dcf120cca4fbb8802a0",
        "x-ms-correlation-request-id": "7f9d9f46-9756-4c7d-a5ff-625909cea12d",
        "x-ms-request-id": "7f9d9f46-9756-4c7d-a5ff-625909cea12d"
      },
      "ResponseBody": {
        "etag": "meVN84j2GRfjVqUK4nCsxkVP2UttHZQpytvorzHJc10",
        "key": "key-262214860",
        "label": "test_label",
        "content_type": "test_content_type",
        "value": "test_value",
        "tags": {
          "tag1": "value1",
          "tag2": "value2"
        },
        "locked": false,
        "last_modified": "2023-06-30T19:17:06\u002B00:00"
      }
    }
  ],
  "Variables": {
    "APPCONFIGURATION_CONNECTION_STRING": "Endpoint=https://t02f6e87f544544f3-azconfig-net.azconfig.io;Id=Ek\u002BM;Secret=Kg==",
    "RandomSeed": "1594349653"
  }
}
