{
  "Entries": [
    {
      "RequestUri": "https://jsquire-08-azconfig-net.azconfig.io/kv/key-1941315690?label=test_label\u0026api-version=1.0",
      "RequestMethod": "PUT",
      "RequestHeaders": {
        "Accept": "application/vnd.microsoft.appconfig.kv\u002Bjson, application/problem\u002Bjson",
        "Authorization": "Sanitized",
        "Content-Length": "98",
        "Content-Type": "application/json",
        "Date": "Fri, 08 Sep 2023 13:35:34 GMT",
        "If-None-Match": "*",
        "traceparent": "00-9fe355d47c82114a747893f74473394e-5d346fbd5e5f24a6-00",
        "User-Agent": "azsdk-net-Data.AppConfiguration/1.2.1-alpha.20230908.1 (.NET 6.0.21; Microsoft Windows 10.0.22621)",
        "x-ms-client-request-id": "f58d1478ce6b32e988da383f06cffef3",
        "x-ms-content-sha256": "b11OQu6GthUatwGXUIKHHSRVyik0TdrUk5kZm3yZd2A=",
        "x-ms-return-client-request-id": "true"
      },
      "RequestBody": {
        "value": "test_value",
        "content_type": "test_content_type",
        "tags": {
          "tag1": "value1",
          "tag2": "value2"
        }
      },
      "StatusCode": 200,
      "ResponseHeaders": {
        "Access-Control-Allow-Credentials": "true",
        "Access-Control-Allow-Headers": "DNT, X-CustomHeader, Keep-Alive, User-Agent, X-Requested-With, If-Modified-Since, Cache-Control, Content-Type, Authorization, x-ms-client-request-id, x-ms-useragent, x-ms-content-sha256, x-ms-date, host, Accept, Accept-Datetime, Date, If-Match, If-None-Match, Sync-Token, x-ms-return-client-request-id, ETag, Last-Modified, Link, Memento-Datetime, retry-after-ms, x-ms-request-id, x-ms-client-session-id, x-ms-effective-locale, WWW-Authenticate, traceparent, tracestate",
        "Access-Control-Allow-Methods": "GET, PUT, POST, DELETE, PATCH, OPTIONS",
        "Access-Control-Allow-Origin": "*",
        "Access-Control-Expose-Headers": "DNT, X-CustomHeader, Keep-Alive, User-Agent, X-Requested-With, If-Modified-Since, Cache-Control, Content-Type, Authorization, x-ms-client-request-id, x-ms-useragent, x-ms-content-sha256, x-ms-date, host, Accept, Accept-Datetime, Date, If-Match, If-None-Match, Sync-Token, x-ms-return-client-request-id, ETag, Last-Modified, Link, Memento-Datetime, retry-after-ms, x-ms-request-id, x-ms-client-session-id, x-ms-effective-locale, WWW-Authenticate, traceparent, tracestate, operation-location",
        "Access-Control-Max-Age": "1728000",
        "Connection": "keep-alive",
        "Content-Type": "application/vnd.microsoft.appconfig.kv\u002Bjson; charset=utf-8",
        "Date": "Fri, 08 Sep 2023 13:35:34 GMT",
        "ETag": "\u0022NwVCbTQEcKY6_CA5DEt2HGUry5uBdZx-HJrHgQzeMJA\u0022",
        "Last-Modified": "Fri, 08 Sep 2023 13:35:34 GMT",
        "Strict-Transport-Security": "max-age=15724800; includeSubDomains",
        "Sync-Token": "zAJw6V16=NToxOSM1MzQ0OTM4Ng==;sn=53449386",
        "Transfer-Encoding": "chunked",
        "x-ms-client-request-id": "f58d1478ce6b32e988da383f06cffef3",
        "x-ms-correlation-request-id": "ea796979-acb0-4929-a46c-9b619bbc7b1c",
        "x-ms-request-id": "ea796979-acb0-4929-a46c-9b619bbc7b1c",
        "x-ms-resource-group": "jsquire-appconfig",
        "x-ms-subscription-id": "faa080af-c1d8-40ad-9cce-e1a450ca5b57",
        "x-ms-tenant-name": "jsquire-08-azconfig-net"
      },
      "ResponseBody": {
        "etag": "NwVCbTQEcKY6_CA5DEt2HGUry5uBdZx-HJrHgQzeMJA",
        "key": "key-1941315690",
        "label": "test_label",
        "content_type": "test_content_type",
        "value": "test_value",
        "tags": {
          "tag1": "value1",
          "tag2": "value2"
        },
        "locked": false,
        "last_modified": "2023-09-08T13:35:34\u002B00:00"
      }
    },
    {
      "RequestUri": "https://jsquire-08-azconfig-net.azconfig.io/locks/key-1941315690?label=test_label\u0026api-version=1.0",
      "RequestMethod": "PUT",
      "RequestHeaders": {
        "Accept": "application/vnd.microsoft.appconfig.kv\u002Bjson, application/problem\u002Bjson",
        "Authorization": "Sanitized",
        "Content-Length": "0",
        "Date": "Fri, 08 Sep 2023 13:35:34 GMT",
        "Sync-Token": "zAJw6V16=NToxOSM1MzQ0OTM4Ng==",
        "traceparent": "00-30433ce3d949434381e1d0e08ea60b80-6c757792427cd525-00",
        "User-Agent": "azsdk-net-Data.AppConfiguration/1.2.1-alpha.20230908.1 (.NET 6.0.21; Microsoft Windows 10.0.22621)",
        "x-ms-client-request-id": "ca17e89416dd647cbcd224fa9bacb394",
        "x-ms-content-sha256": "47DEQpj8HBSa\u002B/TImW\u002B5JCeuQeRkm5NMpJWZG3hSuFU=",
        "x-ms-return-client-request-id": "true"
      },
      "RequestBody": null,
      "StatusCode": 200,
      "ResponseHeaders": {
        "Access-Control-Allow-Credentials": "true",
        "Access-Control-Allow-Headers": "DNT, X-CustomHeader, Keep-Alive, User-Agent, X-Requested-With, If-Modified-Since, Cache-Control, Content-Type, Authorization, x-ms-client-request-id, x-ms-useragent, x-ms-content-sha256, x-ms-date, host, Accept, Accept-Datetime, Date, If-Match, If-None-Match, Sync-Token, x-ms-return-client-request-id, ETag, Last-Modified, Link, Memento-Datetime, retry-after-ms, x-ms-request-id, x-ms-client-session-id, x-ms-effective-locale, WWW-Authenticate, traceparent, tracestate",
        "Access-Control-Allow-Methods": "GET, PUT, POST, DELETE, PATCH, OPTIONS",
        "Access-Control-Allow-Origin": "*",
        "Access-Control-Expose-Headers": "DNT, X-CustomHeader, Keep-Alive, User-Agent, X-Requested-With, If-Modified-Since, Cache-Control, Content-Type, Authorization, x-ms-client-request-id, x-ms-useragent, x-ms-content-sha256, x-ms-date, host, Accept, Accept-Datetime, Date, If-Match, If-None-Match, Sync-Token, x-ms-return-client-request-id, ETag, Last-Modified, Link, Memento-Datetime, retry-after-ms, x-ms-request-id, x-ms-client-session-id, x-ms-effective-locale, WWW-Authenticate, traceparent, tracestate, operation-location",
        "Access-Control-Max-Age": "1728000",
        "Connection": "keep-alive",
        "Content-Type": "application/vnd.microsoft.appconfig.kv\u002Bjson; charset=utf-8",
        "Date": "Fri, 08 Sep 2023 13:35:34 GMT",
        "ETag": "\u00221Ru7yuNMPtePSl0ZSbIzAf6rVkXCMvWf7VPvJGm2XvI\u0022",
        "Last-Modified": "Fri, 08 Sep 2023 13:35:34 GMT",
        "Strict-Transport-Security": "max-age=15724800; includeSubDomains",
        "Sync-Token": "zAJw6V16=NToxOSM1MzQ0OTM4Nw==;sn=53449387",
        "Transfer-Encoding": "chunked",
        "x-ms-client-request-id": "ca17e89416dd647cbcd224fa9bacb394",
        "x-ms-correlation-request-id": "b0e14f9f-8ee1-4b45-a18d-cbb85ef3ec6a",
        "x-ms-request-id": "b0e14f9f-8ee1-4b45-a18d-cbb85ef3ec6a",
        "x-ms-resource-group": "jsquire-appconfig",
        "x-ms-subscription-id": "faa080af-c1d8-40ad-9cce-e1a450ca5b57",
        "x-ms-tenant-name": "jsquire-08-azconfig-net"
      },
      "ResponseBody": {
        "etag": "1Ru7yuNMPtePSl0ZSbIzAf6rVkXCMvWf7VPvJGm2XvI",
        "key": "key-1941315690",
        "label": "test_label",
        "content_type": "test_content_type",
        "value": "test_value",
        "tags": {
          "tag1": "value1",
          "tag2": "value2"
        },
        "locked": true,
        "last_modified": "2023-09-08T13:35:34\u002B00:00"
      }
    },
    {
      "RequestUri": "https://jsquire-08-azconfig-net.azconfig.io/kv/key-1941315690?label=test_label\u0026api-version=1.0",
      "RequestMethod": "PUT",
      "RequestHeaders": {
        "Accept": "application/vnd.microsoft.appconfig.kv\u002Bjson, application/problem\u002Bjson",
        "Authorization": "Sanitized",
        "Content-Length": "51",
        "Content-Type": "application/json",
        "Date": "Fri, 08 Sep 2023 13:35:34 GMT",
        "Sync-Token": "zAJw6V16=NToxOSM1MzQ0OTM4Nw==",
        "traceparent": "00-35fb28698c0bf7b7d486c2209a496b05-f03763a0fb5b121f-00",
        "User-Agent": "azsdk-net-Data.AppConfiguration/1.2.1-alpha.20230908.1 (.NET 6.0.21; Microsoft Windows 10.0.22621)",
        "x-ms-client-request-id": "2b043bdbbf422f2c8ae98ab0c9748820",
        "x-ms-content-sha256": "GQeMffdlBpRCjlQCD3jua5fZMsCxQHmpSBoApbSb7L8=",
        "x-ms-return-client-request-id": "true"
      },
      "RequestBody": {
        "value": "new_value",
        "content_type": null,
        "tags": {}
      },
      "StatusCode": 409,
      "ResponseHeaders": {
        "Access-Control-Allow-Credentials": "true",
        "Access-Control-Allow-Headers": "DNT, X-CustomHeader, Keep-Alive, User-Agent, X-Requested-With, If-Modified-Since, Cache-Control, Content-Type, Authorization, x-ms-client-request-id, x-ms-useragent, x-ms-content-sha256, x-ms-date, host, Accept, Accept-Datetime, Date, If-Match, If-None-Match, Sync-Token, x-ms-return-client-request-id, ETag, Last-Modified, Link, Memento-Datetime, retry-after-ms, x-ms-request-id, x-ms-client-session-id, x-ms-effective-locale, WWW-Authenticate, traceparent, tracestate",
        "Access-Control-Allow-Methods": "GET, PUT, POST, DELETE, PATCH, OPTIONS",
        "Access-Control-Allow-Origin": "*",
        "Access-Control-Expose-Headers": "DNT, X-CustomHeader, Keep-Alive, User-Agent, X-Requested-With, If-Modified-Since, Cache-Control, Content-Type, Authorization, x-ms-client-request-id, x-ms-useragent, x-ms-content-sha256, x-ms-date, host, Accept, Accept-Datetime, Date, If-Match, If-None-Match, Sync-Token, x-ms-return-client-request-id, ETag, Last-Modified, Link, Memento-Datetime, retry-after-ms, x-ms-request-id, x-ms-client-session-id, x-ms-effective-locale, WWW-Authenticate, traceparent, tracestate, operation-location",
        "Access-Control-Max-Age": "1728000",
        "Connection": "keep-alive",
        "Content-Type": "application/problem\u002Bjson; charset=utf-8",
        "Date": "Fri, 08 Sep 2023 13:35:34 GMT",
        "Strict-Transport-Security": "max-age=15724800; includeSubDomains",
        "Sync-Token": "zAJw6V16=NToxOSM1MzQ0OTM4OA==;sn=53449388",
        "Transfer-Encoding": "chunked",
        "x-ms-client-request-id": "2b043bdbbf422f2c8ae98ab0c9748820",
        "x-ms-correlation-request-id": "95982f66-e3a8-4119-9565-271717478716",
        "x-ms-request-id": "95982f66-e3a8-4119-9565-271717478716",
        "x-ms-resource-group": "jsquire-appconfig",
        "x-ms-subscription-id": "faa080af-c1d8-40ad-9cce-e1a450ca5b57",
        "x-ms-tenant-name": "jsquire-08-azconfig-net"
      },
      "ResponseBody": {
        "type": "https://azconfig.io/errors/key-locked",
        "title": "Modifing key \u0027key-1941315690\u0027 is not allowed",
        "name": "key-1941315690",
        "detail": "The key is read-only. To allow modification unlock it first.",
        "status": 409
      }
    },
    {
      "RequestUri": "https://jsquire-08-azconfig-net.azconfig.io/locks/key-1941315690?label=test_label\u0026api-version=1.0",
      "RequestMethod": "DELETE",
      "RequestHeaders": {
        "Accept": "application/vnd.microsoft.appconfig.kv\u002Bjson, application/problem\u002Bjson",
        "Authorization": "Sanitized",
        "Date": "Fri, 08 Sep 2023 13:35:34 GMT",
        "Sync-Token": "zAJw6V16=NToxOSM1MzQ0OTM4OA==",
        "traceparent": "00-d6288d8a43b5f5327b92a573427e5515-cd47790ebe1d4b52-00",
        "User-Agent": "azsdk-net-Data.AppConfiguration/1.2.1-alpha.20230908.1 (.NET 6.0.21; Microsoft Windows 10.0.22621)",
        "x-ms-client-request-id": "f12f25146814628d97293899aaef97dc",
        "x-ms-content-sha256": "47DEQpj8HBSa\u002B/TImW\u002B5JCeuQeRkm5NMpJWZG3hSuFU=",
        "x-ms-return-client-request-id": "true"
      },
      "RequestBody": null,
      "StatusCode": 200,
      "ResponseHeaders": {
        "Access-Control-Allow-Credentials": "true",
        "Access-Control-Allow-Headers": "DNT, X-CustomHeader, Keep-Alive, User-Agent, X-Requested-With, If-Modified-Since, Cache-Control, Content-Type, Authorization, x-ms-client-request-id, x-ms-useragent, x-ms-content-sha256, x-ms-date, host, Accept, Accept-Datetime, Date, If-Match, If-None-Match, Sync-Token, x-ms-return-client-request-id, ETag, Last-Modified, Link, Memento-Datetime, retry-after-ms, x-ms-request-id, x-ms-client-session-id, x-ms-effective-locale, WWW-Authenticate, traceparent, tracestate",
        "Access-Control-Allow-Methods": "GET, PUT, POST, DELETE, PATCH, OPTIONS",
        "Access-Control-Allow-Origin": "*",
        "Access-Control-Expose-Headers": "DNT, X-CustomHeader, Keep-Alive, User-Agent, X-Requested-With, If-Modified-Since, Cache-Control, Content-Type, Authorization, x-ms-client-request-id, x-ms-useragent, x-ms-content-sha256, x-ms-date, host, Accept, Accept-Datetime, Date, If-Match, If-None-Match, Sync-Token, x-ms-return-client-request-id, ETag, Last-Modified, Link, Memento-Datetime, retry-after-ms, x-ms-request-id, x-ms-client-session-id, x-ms-effective-locale, WWW-Authenticate, traceparent, tracestate, operation-location",
        "Access-Control-Max-Age": "1728000",
        "Connection": "keep-alive",
        "Content-Type": "application/vnd.microsoft.appconfig.kv\u002Bjson; charset=utf-8",
        "Date": "Fri, 08 Sep 2023 13:35:34 GMT",
        "ETag": "\u0022omkQNdmjKPX1CAyNUX2tWEnAmhT3uxhLHafDbvdwag0\u0022",
        "Last-Modified": "Fri, 08 Sep 2023 13:35:34 GMT",
        "Strict-Transport-Security": "max-age=15724800; includeSubDomains",
        "Sync-Token": "zAJw6V16=NToxOSM1MzQ0OTM4OQ==;sn=53449389",
        "Transfer-Encoding": "chunked",
        "x-ms-client-request-id": "f12f25146814628d97293899aaef97dc",
        "x-ms-correlation-request-id": "a761a199-8ecf-416b-987d-14c18bc4cba7",
        "x-ms-request-id": "a761a199-8ecf-416b-987d-14c18bc4cba7",
        "x-ms-resource-group": "jsquire-appconfig",
        "x-ms-subscription-id": "faa080af-c1d8-40ad-9cce-e1a450ca5b57",
        "x-ms-tenant-name": "jsquire-08-azconfig-net"
      },
      "ResponseBody": {
        "etag": "omkQNdmjKPX1CAyNUX2tWEnAmhT3uxhLHafDbvdwag0",
        "key": "key-1941315690",
        "label": "test_label",
        "content_type": "test_content_type",
        "value": "test_value",
        "tags": {
          "tag1": "value1",
          "tag2": "value2"
        },
        "locked": false,
        "last_modified": "2023-09-08T13:35:34\u002B00:00"
      }
    },
    {
      "RequestUri": "https://jsquire-08-azconfig-net.azconfig.io/kv/key-1941315690?label=test_label\u0026api-version=1.0",
      "RequestMethod": "DELETE",
      "RequestHeaders": {
        "Accept": "application/vnd.microsoft.appconfig.kv\u002Bjson, application/problem\u002Bjson",
        "Authorization": "Sanitized",
        "Date": "Fri, 08 Sep 2023 13:35:34 GMT",
        "Sync-Token": "zAJw6V16=NToxOSM1MzQ0OTM4OQ==",
        "traceparent": "00-e59d1e2e2520405f1bf138939a4b8d47-f41cc362ddf57a72-00",
        "User-Agent": "azsdk-net-Data.AppConfiguration/1.2.1-alpha.20230908.1 (.NET 6.0.21; Microsoft Windows 10.0.22621)",
        "x-ms-client-request-id": "ca63a327d3cad4b1bbe83ff38bcc9a47",
        "x-ms-content-sha256": "47DEQpj8HBSa\u002B/TImW\u002B5JCeuQeRkm5NMpJWZG3hSuFU=",
        "x-ms-return-client-request-id": "true"
      },
      "RequestBody": null,
      "StatusCode": 200,
      "ResponseHeaders": {
        "Access-Control-Allow-Credentials": "true",
        "Access-Control-Allow-Headers": "DNT, X-CustomHeader, Keep-Alive, User-Agent, X-Requested-With, If-Modified-Since, Cache-Control, Content-Type, Authorization, x-ms-client-request-id, x-ms-useragent, x-ms-content-sha256, x-ms-date, host, Accept, Accept-Datetime, Date, If-Match, If-None-Match, Sync-Token, x-ms-return-client-request-id, ETag, Last-Modified, Link, Memento-Datetime, retry-after-ms, x-ms-request-id, x-ms-client-session-id, x-ms-effective-locale, WWW-Authenticate, traceparent, tracestate",
        "Access-Control-Allow-Methods": "GET, PUT, POST, DELETE, PATCH, OPTIONS",
        "Access-Control-Allow-Origin": "*",
        "Access-Control-Expose-Headers": "DNT, X-CustomHeader, Keep-Alive, User-Agent, X-Requested-With, If-Modified-Since, Cache-Control, Content-Type, Authorization, x-ms-client-request-id, x-ms-useragent, x-ms-content-sha256, x-ms-date, host, Accept, Accept-Datetime, Date, If-Match, If-None-Match, Sync-Token, x-ms-return-client-request-id, ETag, Last-Modified, Link, Memento-Datetime, retry-after-ms, x-ms-request-id, x-ms-client-session-id, x-ms-effective-locale, WWW-Authenticate, traceparent, tracestate, operation-location",
        "Access-Control-Max-Age": "1728000",
        "Connection": "keep-alive",
        "Content-Type": "application/vnd.microsoft.appconfig.kv\u002Bjson; charset=utf-8",
        "Date": "Fri, 08 Sep 2023 13:35:34 GMT",
        "ETag": "\u0022omkQNdmjKPX1CAyNUX2tWEnAmhT3uxhLHafDbvdwag0\u0022",
        "Last-Modified": "Fri, 08 Sep 2023 13:35:34 GMT",
        "Strict-Transport-Security": "max-age=15724800; includeSubDomains",
        "Sync-Token": "zAJw6V16=NToxOSM1MzQ0OTM5MQ==;sn=53449391",
        "Transfer-Encoding": "chunked",
        "x-ms-client-request-id": "ca63a327d3cad4b1bbe83ff38bcc9a47",
        "x-ms-correlation-request-id": "88fa759f-c9c5-4218-97a7-3bd3d3dd75e9",
        "x-ms-request-id": "88fa759f-c9c5-4218-97a7-3bd3d3dd75e9",
        "x-ms-resource-group": "jsquire-appconfig",
        "x-ms-subscription-id": "faa080af-c1d8-40ad-9cce-e1a450ca5b57",
        "x-ms-tenant-name": "jsquire-08-azconfig-net"
      },
      "ResponseBody": {
        "etag": "omkQNdmjKPX1CAyNUX2tWEnAmhT3uxhLHafDbvdwag0",
        "key": "key-1941315690",
        "label": "test_label",
        "content_type": "test_content_type",
        "value": "test_value",
        "tags": {
          "tag1": "value1",
          "tag2": "value2"
        },
        "locked": false,
        "last_modified": "2023-09-08T13:35:34\u002B00:00"
      }
    }
  ],
  "Variables": {
    "APPCONFIGURATION_CONNECTION_STRING": "Endpoint=https://jsquire-08-azconfig-net.azconfig.io;Id=bAH8;Secret=Kg==",
    "RandomSeed": "1174152409"
  }
}
