{
  "Entries": [
    {
      "RequestUri": "https://endpoint/formrecognizer/documentClassifiers/customClassifier10282:analyze?api-version=2023-07-31",
      "RequestMethod": "POST",
      "RequestHeaders": {
        "Accept": "application/json",
        "Accept-Encoding": "gzip,deflate",
        "Connection": "keep-alive",
        "Content-Length": "25",
        "Content-Type": "application/json",
        "Ocp-Apim-Subscription-Key": "Sanitized",
        "User-Agent": "azsdk-js-ai-form-recognizer/5.0.0 core-rest-pipeline/1.19.2 Node/20.18.0 OS/(x64-Linux-5.15.167.4-microsoft-standard-WSL2)",
        "x-ms-client-request-id": "Sanitized"
      },
      "RequestBody": {
        "urlSource": "Sanitized"
      },
      "StatusCode": 202,
      "ResponseHeaders": {
        "apim-request-id": "ef1bfcc8-6371-4b46-ad0b-4a010dd34d3d",
        "Content-Length": "0",
        "Date": "Fri, 28 Mar 2025 01:15:08 GMT",
        "Operation-Location": "https://endpoint/formrecognizer/documentClassifiers/customClassifier10282/analyzeResults/ef1bfcc8-6371-4b46-ad0b-4a010dd34d3d?api-version=2023-07-31",
        "Strict-Transport-Security": "max-age=31536000; includeSubDomains; preload",
        "X-Content-Type-Options": "nosniff",
        "x-envoy-upstream-service-time": "624",
        "x-ms-region": "East US"
      },
      "ResponseBody": null
    },
    {
      "RequestUri": "https://endpoint/formrecognizer/documentClassifiers/customClassifier10282/analyzeResults/ef1bfcc8-6371-4b46-ad0b-4a010dd34d3d?api-version=2023-07-31",
      "RequestMethod": "GET",
      "RequestHeaders": {
        "Accept": "application/json",
        "Accept-Encoding": "gzip,deflate",
        "Connection": "keep-alive",
        "Ocp-Apim-Subscription-Key": "Sanitized",
        "User-Agent": "azsdk-js-ai-form-recognizer/5.0.0 core-rest-pipeline/1.19.2 Node/20.18.0 OS/(x64-Linux-5.15.167.4-microsoft-standard-WSL2)",
        "x-ms-client-request-id": "Sanitized"
      },
      "RequestBody": null,
      "StatusCode": 200,
      "ResponseHeaders": {
        "apim-request-id": "5f49fe0c-5c16-4ef6-9533-a9bd26d1b5a3",
        "Content-Length": "106",
        "Content-Type": "application/json; charset=utf-8",
        "Date": "Fri, 28 Mar 2025 01:15:08 GMT",
        "Retry-After": "3",
        "Strict-Transport-Security": "max-age=31536000; includeSubDomains; preload",
        "X-Content-Type-Options": "nosniff",
        "x-envoy-upstream-service-time": "25",
        "x-ms-region": "East US"
      },
      "ResponseBody": {
        "status": "running",
        "createdDateTime": "2025-03-28T01:15:09Z",
        "lastUpdatedDateTime": "2025-03-28T01:15:09Z"
      }
    },
    {
      "RequestUri": "https://endpoint/formrecognizer/documentClassifiers/customClassifier10282/analyzeResults/ef1bfcc8-6371-4b46-ad0b-4a010dd34d3d?api-version=2023-07-31",
      "RequestMethod": "GET",
      "RequestHeaders": {
        "Accept": "application/json",
        "Accept-Encoding": "gzip,deflate",
        "Connection": "keep-alive",
        "Ocp-Apim-Subscription-Key": "Sanitized",
        "User-Agent": "azsdk-js-ai-form-recognizer/5.0.0 core-rest-pipeline/1.19.2 Node/20.18.0 OS/(x64-Linux-5.15.167.4-microsoft-standard-WSL2)",
        "x-ms-client-request-id": "Sanitized"
      },
      "RequestBody": null,
      "StatusCode": 200,
      "ResponseHeaders": {
        "apim-request-id": "1066c27a-eadd-4aa9-bdbf-e1c08a544b76",
        "Content-Length": "106",
        "Content-Type": "application/json; charset=utf-8",
        "Date": "Fri, 28 Mar 2025 01:15:08 GMT",
        "Retry-After": "3",
        "Strict-Transport-Security": "max-age=31536000; includeSubDomains; preload",
        "X-Content-Type-Options": "nosniff",
        "x-envoy-upstream-service-time": "26",
        "x-ms-region": "East US"
      },
      "ResponseBody": {
        "status": "running",
        "createdDateTime": "2025-03-28T01:15:09Z",
        "lastUpdatedDateTime": "2025-03-28T01:15:09Z"
      }
    },
    {
      "RequestUri": "https://endpoint/formrecognizer/documentClassifiers/customClassifier10282/analyzeResults/ef1bfcc8-6371-4b46-ad0b-4a010dd34d3d?api-version=2023-07-31",
      "RequestMethod": "GET",
      "RequestHeaders": {
        "Accept": "application/json",
        "Accept-Encoding": "gzip,deflate",
        "Connection": "keep-alive",
        "Ocp-Apim-Subscription-Key": "Sanitized",
        "User-Agent": "azsdk-js-ai-form-recognizer/5.0.0 core-rest-pipeline/1.19.2 Node/20.18.0 OS/(x64-Linux-5.15.167.4-microsoft-standard-WSL2)",
        "x-ms-client-request-id": "Sanitized"
      },
      "RequestBody": null,
      "StatusCode": 200,
      "ResponseHeaders": {
        "apim-request-id": "466f8165-ec3c-44c9-bc97-0b5b84b08a51",
        "Content-Length": "106",
        "Content-Type": "application/json; charset=utf-8",
        "Date": "Fri, 28 Mar 2025 01:15:13 GMT",
        "Retry-After": "1",
        "Strict-Transport-Security": "max-age=31536000; includeSubDomains; preload",
        "X-Content-Type-Options": "nosniff",
        "x-envoy-upstream-service-time": "28",
        "x-ms-region": "East US"
      },
      "ResponseBody": {
        "status": "running",
        "createdDateTime": "2025-03-28T01:15:09Z",
        "lastUpdatedDateTime": "2025-03-28T01:15:09Z"
      }
    },
    {
      "RequestUri": "https://endpoint/formrecognizer/documentClassifiers/customClassifier10282/analyzeResults/ef1bfcc8-6371-4b46-ad0b-4a010dd34d3d?api-version=2023-07-31",
      "RequestMethod": "GET",
      "RequestHeaders": {
        "Accept": "application/json",
        "Accept-Encoding": "gzip,deflate",
        "Connection": "keep-alive",
        "Ocp-Apim-Subscription-Key": "Sanitized",
        "User-Agent": "azsdk-js-ai-form-recognizer/5.0.0 core-rest-pipeline/1.19.2 Node/20.18.0 OS/(x64-Linux-5.15.167.4-microsoft-standard-WSL2)",
        "x-ms-client-request-id": "Sanitized"
      },
      "RequestBody": null,
      "StatusCode": 200,
      "ResponseHeaders": {
        "apim-request-id": "b2b8df78-45bb-42d8-a787-8ff1fe6928f3",
        "Content-Length": "519",
        "Content-Type": "application/json; charset=utf-8",
        "Date": "Fri, 28 Mar 2025 01:15:19 GMT",
        "Strict-Transport-Security": "max-age=31536000; includeSubDomains; preload",
        "X-Content-Type-Options": "nosniff",
        "x-envoy-upstream-service-time": "38",
        "x-ms-region": "East US"
      },
      "ResponseBody": {
        "status": "succeeded",
        "createdDateTime": "2025-03-28T01:15:09Z",
        "lastUpdatedDateTime": "2025-03-28T01:15:14Z",
        "analyzeResult": {
          "apiVersion": "2023-07-31",
          "modelId": "customClassifier10282",
          "stringIndexType": "textElements",
          "content": "",
          "pages": [
            {
              "pageNumber": 1,
              "angle": 0,
              "width": 8.5,
              "height": 11,
              "unit": "inch",
              "words": [],
              "lines": [],
              "spans": [
                {
                  "offset": 0,
                  "length": 0
                }
              ]
            }
          ],
          "documents": [
            {
              "docType": "bar",
              "boundingRegions": [
                {
                  "pageNumber": 1,
                  "polygon": [
                    0,
                    0,
                    8.5,
                    0,
                    8.5,
                    11,
                    0,
                    11
                  ]
                }
              ],
              "confidence": 0.334,
              "spans": [
                {
                  "offset": 0,
                  "length": 0
                }
              ]
            }
          ]
        }
      }
    }
  ],
  "Variables": {}
}
