{
  "Entries": [
    {
      "RequestUri": "https://management.azure.com/subscriptions/2cac2a14-ba6b-46a6-bce8-2d9781a41ba2/resourceGroups/NotificationHubRG-2753/providers/Microsoft.NotificationHubs/namespaces/azNotificationHubNamespace2459?api-version=2023-10-01-preview",
      "RequestMethod": "GET",
      "RequestHeaders": {
        "Accept": "application/json",
        "Authorization": "Sanitized",
        "traceparent": "00-f69060dbe756d2159fde4431c0f3a655-eb08f1b369288fc8-00",
        "User-Agent": "azsdk-net-ResourceManager.NotificationHubs/1.2.0-alpha.20240524.1 (.NET Framework 4.8.9181.0; Microsoft Windows 10.0.23279 )",
        "x-ms-client-request-id": "08c360c52cf568dc3a8aab6d953dc673",
        "x-ms-return-client-request-id": "true"
      },
      "RequestBody": null,
      "StatusCode": 200,
      "ResponseHeaders": {
        "api-supported-versions": "2014-09-01, 2016-03-01, 2017-04-01, 2020-01-01-preview, 2023-01-01-preview, 2023-09-01, 2023-10-01-preview",
        "Cache-Control": "no-cache",
        "Content-Length": "835",
        "Content-Type": "application/json; charset=utf-8",
        "Date": "Fri, 24 May 2024 23:57:17 GMT",
        "Expires": "-1",
        "Pragma": "no-cache",
        "Strict-Transport-Security": "max-age=31536000; includeSubDomains",
        "TrackingId": "f4cfb496-03b3-4214-9c1d-88bc22c3a200",
        "X-Cache": "CONFIG_NOCACHE",
        "X-Content-Type-Options": "nosniff",
        "x-ms-client-request-id": "08c360c52cf568dc3a8aab6d953dc673",
        "x-ms-correlation-request-id": "3478ebf5-dd05-4a43-aecd-a68d4c28f74a",
        "x-ms-ratelimit-remaining-subscription-reads": "11999",
        "x-ms-request-id": "3478ebf5-dd05-4a43-aecd-a68d4c28f74a",
        "x-ms-routing-request-id": "NORTHCENTRALUS:20240524T235717Z:3478ebf5-dd05-4a43-aecd-a68d4c28f74a",
        "X-MSEdge-Ref": "Ref A: 6D2857B06E254F0A932EC74B735FFF7D Ref B: CH1AA2020620029 Ref C: 2024-05-24T23:57:17Z"
      },
      "ResponseBody": {
        "sku": {
          "name": "Standard"
        },
        "properties": {
          "name": "azNotificationHubNamespace2459",
          "provisioningState": "Succeeded",
          "status": "Created",
          "enabled": true,
          "critical": false,
          "subscriptionId": "2cac2a14-ba6b-46a6-bce8-2d9781a41ba2",
          "createdAt": "2024-05-24T23:56:56.23\u002B00:00",
          "updatedAt": "2024-05-24T23:56:56.233\u002B00:00",
          "namespaceType": "NotificationHub",
          "zoneRedundancy": "Disabled",
          "networkAcls": {},
          "serviceBusEndpoint": "https://azNotificationHubNamespace2459.servicebus.windows.net:443/",
          "privateEndpointConnections": [],
          "publicNetworkAccess": "Enabled"
        },
        "location": "East US",
        "tags": {},
        "id": "/subscriptions/2cac2a14-ba6b-46a6-bce8-2d9781a41ba2/resourceGroups/NotificationHubRG-2753/providers/Microsoft.NotificationHubs/namespaces/azNotificationHubNamespace2459",
        "name": "azNotificationHubNamespace2459",
        "type": "Microsoft.NotificationHubs/namespaces"
      }
    },
    {
      "RequestUri": "https://management.azure.com/subscriptions/2cac2a14-ba6b-46a6-bce8-2d9781a41ba2/resourceGroups/NotificationHubRG-2753/providers/Microsoft.NotificationHubs/namespaces/azNotificationHubNamespace2459/notificationHubs/azNotificationHub8634?api-version=2023-10-01-preview",
      "RequestMethod": "PUT",
      "RequestHeaders": {
        "Accept": "application/json",
        "Authorization": "Sanitized",
        "Content-Length": "47",
        "Content-Type": "application/json",
        "traceparent": "00-133f51f1ff7d091fc99e7b495ee926b8-bc1935863d93a8f9-00",
        "User-Agent": "azsdk-net-ResourceManager.NotificationHubs/1.2.0-alpha.20240524.1 (.NET Framework 4.8.9181.0; Microsoft Windows 10.0.23279 )",
        "x-ms-client-request-id": "77206e55310e81034a7a5a4225525346",
        "x-ms-return-client-request-id": "true"
      },
      "RequestBody": {
        "tags": {},
        "location": "eastus",
        "properties": {}
      },
      "StatusCode": 200,
      "ResponseHeaders": {
        "api-supported-versions": "2014-09-01, 2016-03-01, 2017-04-01, 2020-01-01-preview, 2023-01-01-preview, 2023-09-01, 2023-10-01-preview",
        "Cache-Control": "no-cache",
        "Content-Length": "460",
        "Content-Type": "application/json; charset=utf-8",
        "Date": "Fri, 24 May 2024 23:57:18 GMT",
        "Expires": "-1",
        "Pragma": "no-cache",
        "Strict-Transport-Security": "max-age=31536000; includeSubDomains",
        "TrackingId": "944bdec3-1461-4fb1-a1e3-f7a707a36301",
        "X-Cache": "CONFIG_NOCACHE",
        "X-Content-Type-Options": "nosniff",
        "x-ms-client-request-id": "77206e55310e81034a7a5a4225525346",
        "x-ms-correlation-request-id": "92574a53-f113-4fc5-91bb-aa8565ad53c6",
        "x-ms-ratelimit-remaining-subscription-writes": "1197",
        "x-ms-request-id": "92574a53-f113-4fc5-91bb-aa8565ad53c6",
        "x-ms-routing-request-id": "NORTHCENTRALUS:20240524T235718Z:92574a53-f113-4fc5-91bb-aa8565ad53c6",
        "X-MSEdge-Ref": "Ref A: DEBC1C035C2244ACBFBC6E9FBD08F6ED Ref B: CH1AA2020620029 Ref C: 2024-05-24T23:57:17Z"
      },
      "ResponseBody": {
        "properties": {
          "name": "azNotificationHub8634",
          "registrationTtl": "10675199.02:48:05.4775807",
          "dailyMaxActiveDevices": 0
        },
        "location": "East US",
        "tags": {},
        "id": "/subscriptions/2cac2a14-ba6b-46a6-bce8-2d9781a41ba2/resourceGroups/NotificationHubRG-2753/providers/Microsoft.NotificationHubs/namespaces/azNotificationHubNamespace2459/notificationHubs/azNotificationHub8634",
        "name": "azNotificationHub8634",
        "type": "Microsoft.NotificationHubs/namespaces/notificationHubs"
      }
    },
    {
      "RequestUri": "https://management.azure.com/subscriptions/2cac2a14-ba6b-46a6-bce8-2d9781a41ba2/resourceGroups/NotificationHubRG-2753/providers/Microsoft.NotificationHubs/namespaces/azNotificationHubNamespace2459/notificationHubs/azNotificationHub8634?api-version=2023-10-01-preview",
      "RequestMethod": "GET",
      "RequestHeaders": {
        "Accept": "application/json",
        "Authorization": "Sanitized",
        "traceparent": "00-49675d35acfd938fd9dbfda3aa5f20ce-108aefb26cc1e9e1-00",
        "User-Agent": "azsdk-net-ResourceManager.NotificationHubs/1.2.0-alpha.20240524.1 (.NET Framework 4.8.9181.0; Microsoft Windows 10.0.23279 )",
        "x-ms-client-request-id": "2d8e0e277b7a4b8539b5d3839fea924a",
        "x-ms-return-client-request-id": "true"
      },
      "RequestBody": null,
      "StatusCode": 200,
      "ResponseHeaders": {
        "api-supported-versions": "2014-09-01, 2016-03-01, 2017-04-01, 2020-01-01-preview, 2023-01-01-preview, 2023-09-01, 2023-10-01-preview",
        "Cache-Control": "no-cache",
        "Content-Length": "460",
        "Content-Type": "application/json; charset=utf-8",
        "Date": "Fri, 24 May 2024 23:57:18 GMT",
        "Expires": "-1",
        "Pragma": "no-cache",
        "Strict-Transport-Security": "max-age=31536000; includeSubDomains",
        "TrackingId": "8574e04e-8277-47dd-84eb-92b81e3d56c6",
        "X-Cache": "CONFIG_NOCACHE",
        "X-Content-Type-Options": "nosniff",
        "x-ms-client-request-id": "2d8e0e277b7a4b8539b5d3839fea924a",
        "x-ms-correlation-request-id": "ff484d5f-8a7c-4794-8051-3c95896de1a3",
        "x-ms-ratelimit-remaining-subscription-reads": "11997",
        "x-ms-request-id": "ff484d5f-8a7c-4794-8051-3c95896de1a3",
        "x-ms-routing-request-id": "NORTHCENTRALUS:20240524T235719Z:ff484d5f-8a7c-4794-8051-3c95896de1a3",
        "X-MSEdge-Ref": "Ref A: E11DAB94CA6E43E4BAEE3D0EC6F3A9FF Ref B: CH1AA2020620029 Ref C: 2024-05-24T23:57:18Z"
      },
      "ResponseBody": {
        "properties": {
          "name": "azNotificationHub8634",
          "registrationTtl": "10675199.02:48:05.4775807",
          "dailyMaxActiveDevices": 0
        },
        "location": "East US",
        "tags": {},
        "id": "/subscriptions/2cac2a14-ba6b-46a6-bce8-2d9781a41ba2/resourceGroups/NotificationHubRG-2753/providers/Microsoft.NotificationHubs/namespaces/azNotificationHubNamespace2459/notificationHubs/azNotificationHub8634",
        "name": "azNotificationHub8634",
        "type": "Microsoft.NotificationHubs/namespaces/notificationHubs"
      }
    }
  ],
  "Variables": {
    "AZURE_AUTHORITY_HOST": "https://login.microsoftonline.com",
    "CLIENT_ID": "52e51775-1124-4468-82ef-6d407d7c0a85",
    "RandomSeed": "1425160658",
    "RESOURCE_MANAGER_URL": null,
    "SUBSCRIPTION_ID": "2cac2a14-ba6b-46a6-bce8-2d9781a41ba2",
    "TENANT_ID": "72f988bf-86f1-41af-91ab-2d7cd011db47"
  }
}
