{
  "Entries": [
    {
      "RequestUri": "https://Sanitized.servicebus.windows.net/$schemaGroups/fakegroup/schemas/test-schema-update-jsonaf482fdc?api-version=2023-07-01",
      "RequestMethod": "PUT",
      "RequestHeaders": {
        "Accept": "application/json",
        "Accept-Encoding": "gzip, deflate",
        "Connection": "keep-alive",
        "Content-Length": "351",
        "Content-Type": "application/json; serialization=Json",
        "User-Agent": "azsdk-python-schemaregistry/1.3.1 Python/3.11.7 (Linux-5.15.167.4-microsoft-standard-WSL2-x86_64-with-glibc2.35)"
      },
      "RequestBody": {
        "$id": "https://example.com/person.schema.json",
        "$schema": "https://json-schema.org/draft/2020-12/schema",
        "title": "User",
        "type": "object",
        "properties": {
          "name": {
            "type": "string",
            "description": "Name"
          },
          "favoriteNumber": {
            "type": "integer",
            "description": "Favorite positive number",
            "minimum": 0
          },
          "favoriteColor": {
            "description": "Favorite color",
            "type": "string"
          }
        }
      },
      "StatusCode": 204,
      "ResponseHeaders": {
        "Content-Length": "0",
        "Date": "Mon, 13 Jan 2025 23:38:54 GMT",
        "Location": "https://example.com",
        "Schema-Group-Name": "fakegroup",
        "Schema-Id": "92b13a9071d14e3ab807c214fab0001d",
        "Schema-Id-Location": "https://fake_resource_json.servicebus.windows.net:443/$schemagroups/$schemas/92b13a9071d14e3ab807c214fab0001d?api-version=2023-07-01",
        "Schema-Name": "test-schema-update-jsonaf482fdc",
        "Schema-Version": "1",
        "Schema-Versions-Location": "https://fake_resource_json.servicebus.windows.net:443/$schemagroups/fakegroup/schemas/test-schema-update-jsonaf482fdc/versions?api-version=2023-07-01",
        "Server": "Microsoft-HTTPAPI/2.0",
        "Strict-Transport-Security": "max-age=31536000"
      },
      "ResponseBody": null
    },
    {
      "RequestUri": "https://Sanitized.servicebus.windows.net/$schemaGroups/fakegroup/schemas/test-schema-update-jsonaf482fdc?api-version=2023-07-01",
      "RequestMethod": "PUT",
      "RequestHeaders": {
        "Accept": "application/json",
        "Accept-Encoding": "gzip, deflate",
        "Connection": "keep-alive",
        "Content-Length": "349",
        "Content-Type": "application/json; serialization=Json",
        "User-Agent": "azsdk-python-schemaregistry/1.3.1 Python/3.11.7 (Linux-5.15.167.4-microsoft-standard-WSL2-x86_64-with-glibc2.35)"
      },
      "RequestBody": {
        "$id": "https://example.com/person.schema.json",
        "$schema": "https://json-schema.org/draft/2020-12/schema",
        "title": "User",
        "type": "object",
        "properties": {
          "name": {
            "type": "string",
            "description": "Name"
          },
          "favoriteNumber": {
            "type": "integer",
            "description": "Favorite positive number",
            "minimum": 0
          },
          "favoriteFood": {
            "description": "Favorite food",
            "type": "string"
          }
        }
      },
      "StatusCode": 204,
      "ResponseHeaders": {
        "Content-Length": "0",
        "Date": "Mon, 13 Jan 2025 23:38:55 GMT",
        "Location": "https://example.com",
        "Schema-Group-Name": "fakegroup",
        "Schema-Id": "1a396722942d466b9caae1b2c7eca77b",
        "Schema-Id-Location": "https://fake_resource_json.servicebus.windows.net:443/$schemagroups/$schemas/1a396722942d466b9caae1b2c7eca77b?api-version=2023-07-01",
        "Schema-Name": "test-schema-update-jsonaf482fdc",
        "Schema-Version": "2",
        "Schema-Versions-Location": "https://fake_resource_json.servicebus.windows.net:443/$schemagroups/fakegroup/schemas/test-schema-update-jsonaf482fdc/versions?api-version=2023-07-01",
        "Server": "Microsoft-HTTPAPI/2.0",
        "Strict-Transport-Security": "max-age=31536000"
      },
      "ResponseBody": null
    },
    {
      "RequestUri": "https://Sanitized.servicebus.windows.net/$schemaGroups/$schemas/1a396722942d466b9caae1b2c7eca77b?api-version=2023-07-01",
      "RequestMethod": "GET",
      "RequestHeaders": {
        "Accept": "application/json; serialization=Avro, application/json; serialization=json, text/plain; charset=utf-8",
        "Accept-Encoding": "gzip, deflate",
        "Connection": "keep-alive",
        "User-Agent": "azsdk-python-schemaregistry/1.3.1 Python/3.11.7 (Linux-5.15.167.4-microsoft-standard-WSL2-x86_64-with-glibc2.35)"
      },
      "RequestBody": null,
      "StatusCode": 200,
      "ResponseHeaders": {
        "Content-Type": "application/json; serialization=Json",
        "Date": "Mon, 13 Jan 2025 23:38:55 GMT",
        "Location": "https://example.com",
        "Schema-Group-Name": "fakegroup",
        "Schema-Id": "1a396722942d466b9caae1b2c7eca77b",
        "Schema-Id-Location": "https://fake_resource_json.servicebus.windows.net:443/$schemagroups/$schemas/1a396722942d466b9caae1b2c7eca77b?api-version=2023-07-01",
        "Schema-Name": "test-schema-update-jsonaf482fdc",
        "Schema-Version": "2",
        "Schema-Versions-Location": "https://fake_resource_json.servicebus.windows.net:443/$schemagroups/fakegroup/schemas/test-schema-update-jsonaf482fdc/versions?api-version=2023-07-01",
        "Server": "Microsoft-HTTPAPI/2.0",
        "Strict-Transport-Security": "max-age=31536000",
        "Transfer-Encoding": "chunked"
      },
      "ResponseBody": {
        "$id": "https://example.com/person.schema.json",
        "$schema": "https://json-schema.org/draft/2020-12/schema",
        "title": "User",
        "type": "object",
        "properties": {
          "name": {
            "type": "string",
            "description": "Name"
          },
          "favoriteNumber": {
            "type": "integer",
            "description": "Favorite positive number",
            "minimum": 0
          },
          "favoriteFood": {
            "description": "Favorite food",
            "type": "string"
          }
        }
      }
    },
    {
      "RequestUri": "https://Sanitized.servicebus.windows.net/$schemaGroups/fakegroup/schemas/test-schema-update-jsonaf482fdc/versions/1?api-version=2023-07-01",
      "RequestMethod": "GET",
      "RequestHeaders": {
        "Accept": "application/json; serialization=Avro, application/json; serialization=json, text/plain; charset=utf-8",
        "Accept-Encoding": "gzip, deflate",
        "Connection": "keep-alive",
        "User-Agent": "azsdk-python-schemaregistry/1.3.1 Python/3.11.7 (Linux-5.15.167.4-microsoft-standard-WSL2-x86_64-with-glibc2.35)"
      },
      "RequestBody": null,
      "StatusCode": 200,
      "ResponseHeaders": {
        "Content-Type": "application/json; serialization=Json",
        "Date": "Mon, 13 Jan 2025 23:38:55 GMT",
        "Location": "https://example.com",
        "Schema-Group-Name": "fakegroup",
        "Schema-Id": "92b13a9071d14e3ab807c214fab0001d",
        "Schema-Id-Location": "https://fake_resource_json.servicebus.windows.net:443/$schemagroups/$schemas/92b13a9071d14e3ab807c214fab0001d?api-version=2023-07-01",
        "Schema-Name": "test-schema-update-jsonaf482fdc",
        "Schema-Version": "1",
        "Schema-Versions-Location": "https://fake_resource_json.servicebus.windows.net:443/$schemagroups/fakegroup/schemas/test-schema-update-jsonaf482fdc/versions?api-version=2023-07-01",
        "Server": "Microsoft-HTTPAPI/2.0",
        "Strict-Transport-Security": "max-age=31536000",
        "Transfer-Encoding": "chunked"
      },
      "ResponseBody": {
        "$id": "https://example.com/person.schema.json",
        "$schema": "https://json-schema.org/draft/2020-12/schema",
        "title": "User",
        "type": "object",
        "properties": {
          "name": {
            "type": "string",
            "description": "Name"
          },
          "favoriteNumber": {
            "type": "integer",
            "description": "Favorite positive number",
            "minimum": 0
          },
          "favoriteColor": {
            "description": "Favorite color",
            "type": "string"
          }
        }
      }
    }
  ],
  "Variables": {}
}
