{
  "Entries": [
    {
      "RequestUri": "https://Sanitized.azure.com/agents/v1.0/subscriptions/00000000-0000-0000-0000-000000000000/resourceGroups/00000/providers/Microsoft.MachineLearningServices/workspaces/00000/threads?api-version=2024-07-01-preview",
      "RequestMethod": "POST",
      "RequestHeaders": {
        "Accept": "application/json",
        "Accept-Encoding": "gzip,deflate",
        "Authorization": "Sanitized",
        "Connection": "keep-alive",
        "Content-Length": "2",
        "Content-Type": "application/json; charset=UTF-8",
        "User-Agent": "azsdk-js-ai-projects-rest/1.0.0-beta.3 core-rest-pipeline/1.18.3 Node/18.20.4 OS/(x64-Windows_NT-10.0.22631)",
        "x-ms-client-request-id": "Sanitized"
      },
      "RequestBody": {},
      "StatusCode": 200,
      "ResponseHeaders": {
        "apim-request-id": "b5530769-552b-4a3c-b1af-f4a792d749bb",
        "Connection": "keep-alive",
        "Content-Length": "137",
        "Content-Type": "application/json",
        "Date": "Tue, 21 Jan 2025 19:41:03 GMT",
        "openai-organization": "3d8304e5257c4cc49d2bec8a48b2e43f",
        "openai-processing-ms": "66",
        "openai-version": "2020-10-01",
        "request-context": "appId=cid-v1:17d65b70-e9ce-4ed5-9347-1f660ec782e9",
        "Strict-Transport-Security": "max-age=31536000; includeSubDomains; preload",
        "x-aml-cluster": "vienna-eastus2euap-01",
        "X-Content-Type-Options": "nosniff",
        "x-ms-middleware-request-id": "8a15eaf0-ca7d-471b-82ca-2e4bf9f7e7ad",
        "x-ms-region": "West US 2",
        "x-ms-response-type": "standard",
        "X-Request-ID": "30194f2d802bef08f401fdef99876d0f",
        "x-request-time": "0.303"
      },
      "ResponseBody": {
        "id": "thread_1ziP9gsTrr7OUh0D5HJfPjhA",
        "object": "thread",
        "created_at": 1737488463,
        "metadata": {},
        "tool_resources": {}
      }
    },
    {
      "RequestUri": "https://Sanitized.azure.com/agents/v1.0/subscriptions/00000000-0000-0000-0000-000000000000/resourceGroups/00000/providers/Microsoft.MachineLearningServices/workspaces/00000/threads/thread_1ziP9gsTrr7OUh0D5HJfPjhA/messages?api-version=2024-07-01-preview",
      "RequestMethod": "POST",
      "RequestHeaders": {
        "Accept": "application/json",
        "Accept-Encoding": "gzip,deflate",
        "Authorization": "Sanitized",
        "Connection": "keep-alive",
        "Content-Length": "39",
        "Content-Type": "application/json; charset=UTF-8",
        "User-Agent": "azsdk-js-ai-projects-rest/1.0.0-beta.3 core-rest-pipeline/1.18.3 Node/18.20.4 OS/(x64-Windows_NT-10.0.22631)",
        "x-ms-client-request-id": "Sanitized"
      },
      "RequestBody": {
        "role": "user",
        "content": "knock knock"
      },
      "StatusCode": 200,
      "ResponseHeaders": {
        "apim-request-id": "a1cfe401-5ea8-4f0a-8f78-887760c51811",
        "Connection": "keep-alive",
        "Content-Encoding": "gzip",
        "Content-Type": "application/json",
        "Date": "Tue, 21 Jan 2025 19:41:03 GMT",
        "openai-organization": "3d8304e5257c4cc49d2bec8a48b2e43f",
        "openai-processing-ms": "90",
        "openai-version": "2020-10-01",
        "request-context": "appId=cid-v1:17d65b70-e9ce-4ed5-9347-1f660ec782e9",
        "Strict-Transport-Security": "max-age=31536000; includeSubDomains; preload",
        "Transfer-Encoding": "chunked",
        "Vary": "Accept-Encoding",
        "x-aml-cluster": "vienna-eastus2euap-01",
        "X-Content-Type-Options": "nosniff",
        "x-ms-middleware-request-id": "9a620a6a-881e-4461-b74d-8017940fa2e1",
        "x-ms-region": "West US 2",
        "x-ms-response-type": "standard",
        "X-Request-ID": "a6116985344a8ae3b953526ea4c52c03",
        "x-request-time": "0.241"
      },
      "ResponseBody": {
        "id": "msg_9PdZO8d5izGjitJDUM9bipNM",
        "object": "thread.message",
        "created_at": 1737488463,
        "assistant_id": null,
        "thread_id": "thread_1ziP9gsTrr7OUh0D5HJfPjhA",
        "run_id": null,
        "role": "user",
        "content": [
          {
            "type": "text",
            "text": {
              "value": "knock knock",
              "annotations": []
            }
          }
        ],
        "attachments": [],
        "metadata": {}
      }
    },
    {
      "RequestUri": "https://Sanitized.azure.com/agents/v1.0/subscriptions/00000000-0000-0000-0000-000000000000/resourceGroups/00000/providers/Microsoft.MachineLearningServices/workspaces/00000/threads/thread_1ziP9gsTrr7OUh0D5HJfPjhA/messages?api-version=2024-07-01-preview",
      "RequestMethod": "POST",
      "RequestHeaders": {
        "Accept": "application/json",
        "Accept-Encoding": "gzip,deflate",
        "Authorization": "Sanitized",
        "Connection": "keep-alive",
        "Content-Length": "45",
        "Content-Type": "application/json; charset=UTF-8",
        "User-Agent": "azsdk-js-ai-projects-rest/1.0.0-beta.3 core-rest-pipeline/1.18.3 Node/18.20.4 OS/(x64-Windows_NT-10.0.22631)",
        "x-ms-client-request-id": "Sanitized"
      },
      "RequestBody": {
        "role": "assistant",
        "content": "who's there?"
      },
      "StatusCode": 200,
      "ResponseHeaders": {
        "apim-request-id": "ee8fee23-b49f-44ed-a580-dbcced862aa4",
        "Connection": "keep-alive",
        "Content-Encoding": "gzip",
        "Content-Type": "application/json",
        "Date": "Tue, 21 Jan 2025 19:41:03 GMT",
        "openai-organization": "3d8304e5257c4cc49d2bec8a48b2e43f",
        "openai-processing-ms": "80",
        "openai-version": "2020-10-01",
        "request-context": "appId=cid-v1:17d65b70-e9ce-4ed5-9347-1f660ec782e9",
        "Strict-Transport-Security": "max-age=31536000; includeSubDomains; preload",
        "Transfer-Encoding": "chunked",
        "Vary": "Accept-Encoding",
        "x-aml-cluster": "vienna-eastus2euap-01",
        "X-Content-Type-Options": "nosniff",
        "x-ms-middleware-request-id": "8bfe5f96-eeac-432c-a064-670696fb13cf",
        "x-ms-region": "West US 2",
        "x-ms-response-type": "standard",
        "X-Request-ID": "797980e99671dac4bc197290f0bf3118",
        "x-request-time": "0.280"
      },
      "ResponseBody": {
        "id": "msg_ZnF9ow1mHlPQQH4pBo4ohcx6",
        "object": "thread.message",
        "created_at": 1737488463,
        "assistant_id": null,
        "thread_id": "thread_1ziP9gsTrr7OUh0D5HJfPjhA",
        "run_id": null,
        "role": "assistant",
        "content": [
          {
            "type": "text",
            "text": {
              "value": "who's there?",
              "annotations": []
            }
          }
        ],
        "attachments": [],
        "metadata": {}
      }
    },
    {
      "RequestUri": "https://Sanitized.azure.com/agents/v1.0/subscriptions/00000000-0000-0000-0000-000000000000/resourceGroups/00000/providers/Microsoft.MachineLearningServices/workspaces/00000/threads/thread_1ziP9gsTrr7OUh0D5HJfPjhA/messages?api-version=2024-07-01-preview",
      "RequestMethod": "GET",
      "RequestHeaders": {
        "Accept": "application/json",
        "Accept-Encoding": "gzip,deflate",
        "Authorization": "Sanitized",
        "Connection": "keep-alive",
        "User-Agent": "azsdk-js-ai-projects-rest/1.0.0-beta.3 core-rest-pipeline/1.18.3 Node/18.20.4 OS/(x64-Windows_NT-10.0.22631)",
        "x-ms-client-request-id": "Sanitized"
      },
      "RequestBody": null,
      "StatusCode": 200,
      "ResponseHeaders": {
        "apim-request-id": "940e40b3-20a3-45c9-9873-dbaa02f80af5",
        "Connection": "keep-alive",
        "Content-Encoding": "gzip",
        "Content-Type": "application/json",
        "Date": "Tue, 21 Jan 2025 19:41:04 GMT",
        "openai-organization": "3d8304e5257c4cc49d2bec8a48b2e43f",
        "openai-processing-ms": "76",
        "openai-version": "2020-10-01",
        "request-context": "appId=cid-v1:17d65b70-e9ce-4ed5-9347-1f660ec782e9",
        "Strict-Transport-Security": "max-age=31536000; includeSubDomains; preload",
        "Transfer-Encoding": "chunked",
        "Vary": "Accept-Encoding",
        "x-aml-cluster": "vienna-eastus2euap-01",
        "X-Content-Type-Options": "nosniff",
        "x-ms-middleware-request-id": "86abc8fb-bf9d-410b-b9b6-d3af73379963",
        "x-ms-region": "West US 2",
        "x-ms-response-type": "standard",
        "X-Request-ID": "30a02969fef1a96ac2440d2ee6878846",
        "x-request-time": "0.234"
      },
      "ResponseBody": {
        "object": "list",
        "data": [
          {
            "id": "msg_ZnF9ow1mHlPQQH4pBo4ohcx6",
            "object": "thread.message",
            "created_at": 1737488463,
            "assistant_id": null,
            "thread_id": "thread_1ziP9gsTrr7OUh0D5HJfPjhA",
            "run_id": null,
            "role": "assistant",
            "content": [
              {
                "type": "text",
                "text": {
                  "value": "who's there?",
                  "annotations": []
                }
              }
            ],
            "attachments": [],
            "metadata": {}
          },
          {
            "id": "msg_9PdZO8d5izGjitJDUM9bipNM",
            "object": "thread.message",
            "created_at": 1737488463,
            "assistant_id": null,
            "thread_id": "thread_1ziP9gsTrr7OUh0D5HJfPjhA",
            "run_id": null,
            "role": "user",
            "content": [
              {
                "type": "text",
                "text": {
                  "value": "knock knock",
                  "annotations": []
                }
              }
            ],
            "attachments": [],
            "metadata": {}
          }
        ],
        "first_id": "msg_ZnF9ow1mHlPQQH4pBo4ohcx6",
        "last_id": "msg_9PdZO8d5izGjitJDUM9bipNM",
        "has_more": false
      }
    },
    {
      "RequestUri": "https://Sanitized.azure.com/agents/v1.0/subscriptions/00000000-0000-0000-0000-000000000000/resourceGroups/00000/providers/Microsoft.MachineLearningServices/workspaces/00000/threads/thread_1ziP9gsTrr7OUh0D5HJfPjhA?api-version=2024-07-01-preview",
      "RequestMethod": "DELETE",
      "RequestHeaders": {
        "Accept": "application/json",
        "Accept-Encoding": "gzip,deflate",
        "Authorization": "Sanitized",
        "Connection": "keep-alive",
        "User-Agent": "azsdk-js-ai-projects-rest/1.0.0-beta.3 core-rest-pipeline/1.18.3 Node/18.20.4 OS/(x64-Windows_NT-10.0.22631)",
        "x-ms-client-request-id": "Sanitized"
      },
      "RequestBody": null,
      "StatusCode": 200,
      "ResponseHeaders": {
        "apim-request-id": "7d339920-431e-4631-a48c-4f3e6937e2da",
        "Connection": "keep-alive",
        "Content-Length": "94",
        "Content-Type": "application/json",
        "Date": "Tue, 21 Jan 2025 19:41:04 GMT",
        "openai-organization": "3d8304e5257c4cc49d2bec8a48b2e43f",
        "openai-processing-ms": "370",
        "openai-version": "2020-10-01",
        "request-context": "appId=cid-v1:17d65b70-e9ce-4ed5-9347-1f660ec782e9",
        "Strict-Transport-Security": "max-age=31536000; includeSubDomains; preload",
        "x-aml-cluster": "vienna-eastus2euap-01",
        "X-Content-Type-Options": "nosniff",
        "x-ms-middleware-request-id": "176b1270-779b-45ed-aa6a-32de33e21231",
        "x-ms-region": "West US 2",
        "x-ms-response-type": "standard",
        "X-Request-ID": "214d298a36cbe5d7a7b23d846536a418",
        "x-request-time": "0.576"
      },
      "ResponseBody": {
        "id": "thread_1ziP9gsTrr7OUh0D5HJfPjhA",
        "object": "thread.deleted",
        "deleted": true
      }
    }
  ],
  "Variables": {}
}
