{
  "Entries": [
    {
      "RequestUri": "https://Sanitized.api.azureml.ms/agents/v1.0/subscriptions/azure_subscription_id/resourceGroups/resource_group/providers/Microsoft.MachineLearningServices/workspaces/project/threads?api-version=2024-07-01-preview",
      "RequestMethod": "POST",
      "RequestHeaders": {
        "Accept": "application/json",
        "Accept-Encoding": "gzip,deflate",
        "Authorization": "Sanitized",
        "Connection": "keep-alive",
        "Content-Length": "2",
        "Content-Type": "application/json; charset=UTF-8",
        "User-Agent": "azsdk-js-ai-projects-rest/1.0.0-beta.1 core-rest-pipeline/1.17.1 Node/18.20.4 OS/(x64-Windows_NT-10.0.22631)",
        "x-ms-client-request-id": "Sanitized"
      },
      "RequestBody": {},
      "StatusCode": 200,
      "ResponseHeaders": {
        "apim-request-id": "e67987bd-5c86-464a-a5f7-95cb3f2819d1",
        "Connection": "keep-alive",
        "Content-Length": "94",
        "Content-Type": "application/json",
        "Date": "Mon, 18 Nov 2024 18:36:43 GMT",
        "request-context": "appId=cid-v1:17d65b70-e9ce-4ed5-9347-1f660ec782e9",
        "Strict-Transport-Security": "max-age=31536000; includeSubDomains; preload",
        "x-aml-cluster": "vienna-eastus2euap-01",
        "X-Content-Type-Options": "nosniff",
        "x-ms-client-request-id": "Sanitized",
        "x-ms-middleware-request-id": "cb3460d4-2fb8-4099-b269-9d7cefc8ec95",
        "x-ms-region": "West US 2",
        "x-ms-response-type": "standard",
        "X-Request-ID": "856d198e67867157233fc345c7a183e1",
        "x-request-time": "0.174"
      },
      "ResponseBody": {
        "id": "Sanitized",
        "object": "thread",
        "created_at": 1731955003,
        "metadata": {},
        "tool_resources": {}
      }
    },
    {
      "RequestUri": "https://Sanitized.api.azureml.ms/agents/v1.0/subscriptions/azure_subscription_id/resourceGroups/resource_group/providers/Microsoft.MachineLearningServices/workspaces/project/threads/thread_zLnEKn2ZkQIkMcZGONcQ6gHo/messages?api-version=2024-07-01-preview",
      "RequestMethod": "POST",
      "RequestHeaders": {
        "Accept": "application/json",
        "Accept-Encoding": "gzip,deflate",
        "Authorization": "Sanitized",
        "Connection": "keep-alive",
        "Content-Length": "41",
        "Content-Type": "application/json; charset=UTF-8",
        "User-Agent": "azsdk-js-ai-projects-rest/1.0.0-beta.1 core-rest-pipeline/1.17.1 Node/18.20.4 OS/(x64-Windows_NT-10.0.22631)",
        "x-ms-client-request-id": "Sanitized"
      },
      "RequestBody": {
        "role": "user",
        "content": "hello, world!"
      },
      "StatusCode": 200,
      "ResponseHeaders": {
        "apim-request-id": "95b30ff6-0025-412c-8f11-54faad3c043f",
        "Connection": "keep-alive",
        "Content-Encoding": "gzip",
        "Content-Type": "application/json",
        "Date": "Mon, 18 Nov 2024 18:36:43 GMT",
        "request-context": "appId=cid-v1:17d65b70-e9ce-4ed5-9347-1f660ec782e9",
        "Strict-Transport-Security": "max-age=31536000; includeSubDomains; preload",
        "Transfer-Encoding": "chunked",
        "Vary": "Accept-Encoding",
        "x-aml-cluster": "vienna-eastus2euap-01",
        "X-Content-Type-Options": "nosniff",
        "x-ms-client-request-id": "Sanitized",
        "x-ms-middleware-request-id": "7a8a6ab4-db47-4f1a-be15-9a31a2309a1a",
        "x-ms-region": "West US 2",
        "x-ms-response-type": "standard",
        "X-Request-ID": "b0aca4f992dc43c1392cfbfd9a65259c",
        "x-request-time": "0.207"
      },
      "ResponseBody": {
        "id": "Sanitized",
        "object": "thread.message",
        "created_at": 1731955003,
        "assistant_id": null,
        "thread_id": "thread_zLnEKn2ZkQIkMcZGONcQ6gHo",
        "run_id": null,
        "role": "user",
        "content": [
          {
            "type": "text",
            "text": {
              "value": "hello, world!",
              "annotations": []
            }
          }
        ],
        "attachments": [],
        "metadata": {}
      }
    },
    {
      "RequestUri": "https://Sanitized.api.azureml.ms/agents/v1.0/subscriptions/azure_subscription_id/resourceGroups/resource_group/providers/Microsoft.MachineLearningServices/workspaces/project/threads/thread_zLnEKn2ZkQIkMcZGONcQ6gHo/messages/msg_B887skJJ8v74LBQWKKR69hFa?api-version=2024-07-01-preview",
      "RequestMethod": "POST",
      "RequestHeaders": {
        "Accept": "application/json",
        "Accept-Encoding": "gzip,deflate",
        "Authorization": "Sanitized",
        "Connection": "keep-alive",
        "Content-Length": "28",
        "Content-Type": "application/json; charset=UTF-8",
        "User-Agent": "azsdk-js-ai-projects-rest/1.0.0-beta.1 core-rest-pipeline/1.17.1 Node/18.20.4 OS/(x64-Windows_NT-10.0.22631)",
        "x-ms-client-request-id": "Sanitized"
      },
      "RequestBody": {
        "metadata": {
          "key": "value"
        }
      },
      "StatusCode": 200,
      "ResponseHeaders": {
        "apim-request-id": "dedefb69-ec9e-49dd-8c3c-e9ff9f6bbe51",
        "Connection": "keep-alive",
        "Content-Encoding": "gzip",
        "Content-Type": "application/json",
        "Date": "Mon, 18 Nov 2024 18:36:44 GMT",
        "request-context": "appId=cid-v1:17d65b70-e9ce-4ed5-9347-1f660ec782e9",
        "Strict-Transport-Security": "max-age=31536000; includeSubDomains; preload",
        "Transfer-Encoding": "chunked",
        "Vary": "Accept-Encoding",
        "x-aml-cluster": "vienna-eastus2euap-01",
        "X-Content-Type-Options": "nosniff",
        "x-ms-client-request-id": "Sanitized",
        "x-ms-middleware-request-id": "d234b2a1-edf9-45a7-9ef6-3b2cf7e62def",
        "x-ms-region": "West US 2",
        "x-ms-response-type": "standard",
        "X-Request-ID": "bab0cb945994d11bfd7ad6649270ef18",
        "x-request-time": "0.250"
      },
      "ResponseBody": {
        "id": "Sanitized",
        "object": "thread.message",
        "created_at": 1731955003,
        "assistant_id": null,
        "thread_id": "thread_zLnEKn2ZkQIkMcZGONcQ6gHo",
        "run_id": null,
        "role": "user",
        "content": [
          {
            "type": "text",
            "text": {
              "value": "hello, world!",
              "annotations": []
            }
          }
        ],
        "file_ids": [],
        "metadata": {
          "key": "value"
        }
      }
    },
    {
      "RequestUri": "https://Sanitized.api.azureml.ms/agents/v1.0/subscriptions/azure_subscription_id/resourceGroups/resource_group/providers/Microsoft.MachineLearningServices/workspaces/project/threads/thread_zLnEKn2ZkQIkMcZGONcQ6gHo?api-version=2024-07-01-preview",
      "RequestMethod": "DELETE",
      "RequestHeaders": {
        "Accept": "application/json",
        "Accept-Encoding": "gzip,deflate",
        "Authorization": "Sanitized",
        "Connection": "keep-alive",
        "User-Agent": "azsdk-js-ai-projects-rest/1.0.0-beta.1 core-rest-pipeline/1.17.1 Node/18.20.4 OS/(x64-Windows_NT-10.0.22631)",
        "x-ms-client-request-id": "Sanitized"
      },
      "RequestBody": null,
      "StatusCode": 200,
      "ResponseHeaders": {
        "apim-request-id": "9e9e97b2-93b0-4cc6-83ff-343292fe711b",
        "Connection": "keep-alive",
        "Content-Length": "59",
        "Content-Type": "application/json",
        "Date": "Mon, 18 Nov 2024 18:36:44 GMT",
        "request-context": "appId=cid-v1:17d65b70-e9ce-4ed5-9347-1f660ec782e9",
        "Strict-Transport-Security": "max-age=31536000; includeSubDomains; preload",
        "x-aml-cluster": "vienna-eastus2euap-01",
        "X-Content-Type-Options": "nosniff",
        "x-ms-client-request-id": "Sanitized",
        "x-ms-middleware-request-id": "de228fe7-cc3d-4816-a8af-32277985d33c",
        "x-ms-region": "West US 2",
        "x-ms-response-type": "standard",
        "X-Request-ID": "8b985262894d033da3c560862efb26ad",
        "x-request-time": "0.206"
      },
      "ResponseBody": {
        "id": "Sanitized",
        "object": "thread.deleted",
        "deleted": true
      }
    }
  ],
  "Variables": {}
}
