{
  "Entries": [
    {
      "RequestUri": "https://Sanitized.azurecr.io/v2/hello-world/blobs/uploads/",
      "RequestMethod": "POST",
      "RequestHeaders": {
        "Accept": "application/json",
        "Accept-Encoding": "gzip",
        "Content-Length": "0",
        "User-Agent": "azsdk-go-azcontainerregistry/v0.2.2 (go1.21.6; linux)"
      },
      "RequestBody": null,
      "StatusCode": 401,
      "ResponseHeaders": {
        "Access-Control-Expose-Headers": [
          "Docker-Content-Digest",
          "WWW-Authenticate",
          "Link",
          "X-Ms-Correlation-Request-Id"
        ],
        "Connection": "keep-alive",
        "Content-Length": "264",
        "Content-Type": "application/json; charset=utf-8",
        "Date": "Fri, 17 May 2024 21:03:41 GMT",
        "Docker-Distribution-Api-Version": "registry/2.0",
        "Server": "AzureContainerRegistry",
        "Strict-Transport-Security": [
          "max-age=31536000; includeSubDomains",
          "max-age=31536000; includeSubDomains"
        ],
        "WWW-Authenticate": "Bearer realm=\"https://Sanitized.azurecr.io/oauth2/token\",service=\"Sanitized.azurecr.io\",scope=\"repository:hello-world:pull,push\"",
        "X-Content-Type-Options": "nosniff",
        "X-Ms-Correlation-Request-Id": "fa30d777-7cf4-46cd-9b40-0d6468dd7d2e"
      },
      "ResponseBody": {
        "errors": [
          {
            "code": "UNAUTHORIZED",
            "message": "authentication required, visit https://aka.ms/acr/authorization for more information.",
            "detail": [
              {
                "Type": "repository",
                "Name": "hello-world",
                "Action": "pull"
              },
              {
                "Type": "repository",
                "Name": "hello-world",
                "Action": "push"
              }
            ]
          }
        ]
      }
    },
    {
      "RequestUri": "https://Sanitized.azurecr.io/oauth2/exchange?api-version=2021-07-01",
      "RequestMethod": "POST",
      "RequestHeaders": {
        "Accept": "application/json",
        "Accept-Encoding": "gzip",
        "Content-Length": "75",
        "Content-Type": "application/x-www-form-urlencoded",
        "User-Agent": "azsdk-go-azcontainerregistry/v0.2.2 (go1.21.6; linux)"
      },
      "RequestBody": "access_token=Sanitized&grant_type=access_token&service=Sanitized.azurecr.io",
      "StatusCode": 200,
      "ResponseHeaders": {
        "Connection": "keep-alive",
        "Content-Type": "application/json; charset=utf-8",
        "Date": "Fri, 17 May 2024 21:03:41 GMT",
        "Server": "AzureContainerRegistry",
        "Strict-Transport-Security": "max-age=31536000; includeSubDomains",
        "Transfer-Encoding": "chunked",
        "X-Ms-Correlation-Request-Id": "bf09a6f2-3e8e-4c21-ac56-b12ce3d46e86",
        "x-ms-ratelimit-remaining-calls-per-second": "333.15"
      },
      "ResponseBody": {
        "refresh_token": ".eyJqdGkiOiIwMDAwMDAwMC0wMDAwLTAwMDAtMDAwMC0wMDAwMDAwMDAwMDAiLCJzdWIiOiIwMDAwMDAwMC0wMDAwLTAwMDAtMDAwMC0wMDAwMDAwMDAwMDAiLCJuYmYiOjQ2NzA0MTEyMTIsImV4cCI6NDY3MDQyMjkxMiwiaWF0Ijo0NjcwNDExMjEyLCJpc3MiOiJBenVyZSBDb250YWluZXIgUmVnaXN0cnkiLCJhdWQiOiJhemFjcmxpdmV0ZXN0LmF6dXJlY3IuaW8iLCJ2ZXJzaW9uIjoiMS4wIiwicmlkIjoiMDAwMCIsImdyYW50X3R5cGUiOiJyZWZyZXNoX3Rva2VuIiwiYXBwaWQiOiIwMDAwMDAwMC0wMDAwLTAwMDAtMDAwMC0wMDAwMDAwMDAwMDAiLCJwZXJtaXNzaW9ucyI6eyJBY3Rpb25zIjpbInJlYWQiLCJ3cml0ZSIsImRlbGV0ZSIsImRlbGV0ZWQvcmVhZCIsImRlbGV0ZWQvcmVzdG9yZS9hY3Rpb24iXSwiTm90QWN0aW9ucyI6bnVsbH0sInJvbGVzIjpbXX0=."
      }
    },
    {
      "RequestUri": "https://Sanitized.azurecr.io/oauth2/token?api-version=2021-07-01",
      "RequestMethod": "POST",
      "RequestHeaders": {
        "Accept": "application/json",
        "Accept-Encoding": "gzip",
        "Content-Length": "122",
        "Content-Type": "application/x-www-form-urlencoded",
        "User-Agent": "azsdk-go-azcontainerregistry/v0.2.2 (go1.21.6; linux)"
      },
      "RequestBody": "grant_type=refresh_token&refresh_token=Sanitized&scope=repository%3Ahello-world%3Apull%2Cpush&service=Sanitized.azurecr.io",
      "StatusCode": 200,
      "ResponseHeaders": {
        "Connection": "keep-alive",
        "Content-Type": "application/json; charset=utf-8",
        "Date": "Fri, 17 May 2024 21:03:41 GMT",
        "Server": "AzureContainerRegistry",
        "Strict-Transport-Security": "max-age=31536000; includeSubDomains",
        "Transfer-Encoding": "chunked",
        "X-Ms-Correlation-Request-Id": "e09663d7-a35f-46cb-a7af-289d90606acf",
        "x-ms-ratelimit-remaining-calls-per-second": "333.133333"
      },
      "ResponseBody": {
        "access_token": "Sanitized"
      }
    },
    {
      "RequestUri": "https://Sanitized.azurecr.io/v2/hello-world/blobs/uploads/",
      "RequestMethod": "POST",
      "RequestHeaders": {
        "Accept": "application/json",
        "Accept-Encoding": "gzip",
        "Authorization": "Sanitized",
        "Content-Length": "0",
        "User-Agent": "azsdk-go-azcontainerregistry/v0.2.2 (go1.21.6; linux)"
      },
      "RequestBody": null,
      "StatusCode": 202,
      "ResponseHeaders": {
        "Access-Control-Expose-Headers": [
          "Docker-Content-Digest",
          "WWW-Authenticate",
          "Link",
          "X-Ms-Correlation-Request-Id"
        ],
        "Connection": "keep-alive",
        "Content-Length": "0",
        "Date": "Fri, 17 May 2024 21:03:41 GMT",
        "Docker-Distribution-Api-Version": "registry/2.0",
        "Docker-Upload-Uuid": "0dceac24-0a69-403b-8f35-8411278a5914",
        "Location": "/v2/hello-world/blobs/uploads/0dceac24-0a69-403b-8f35-8411278a5914?_nouploadcache=false&_state=OrXMPkq45N-tx-htYvF2Z_c_sRnZdxYyeLM6v8U9Vjd7Ik5hbWUiOiJoZWxsby13b3JsZCIsIlVVSUQiOiIwZGNlYWMyNC0wYTY5LTQwM2ItOGYzNS04NDExMjc4YTU5MTQiLCJPZmZzZXQiOjAsIlN0YXJ0ZWRBdCI6IjIwMjQtMDUtMTdUMjE6MDM6NDEuNzczMzc5NjAyWiJ9",
        "Range": "0-0",
        "Server": "AzureContainerRegistry",
        "Strict-Transport-Security": [
          "max-age=31536000; includeSubDomains",
          "max-age=31536000; includeSubDomains"
        ],
        "X-Content-Type-Options": "nosniff",
        "X-Ms-Client-Request-Id": "",
        "X-Ms-Correlation-Request-Id": "4503275c-693f-436b-9152-ba470eb7cb9a",
        "X-Ms-Request-Id": "Sanitized"
      },
      "ResponseBody": null
    },
    {
      "RequestUri": "https://Sanitized.azurecr.io/v2/hello-world/blobs/uploads/0dceac24-0a69-403b-8f35-8411278a5914?_nouploadcache=false&_state=OrXMPkq45N-tx-htYvF2Z_c_sRnZdxYyeLM6v8U9Vjd7Ik5hbWUiOiJoZWxsby13b3JsZCIsIlVVSUQiOiIwZGNlYWMyNC0wYTY5LTQwM2ItOGYzNS04NDExMjc4YTU5MTQiLCJPZmZzZXQiOjAsIlN0YXJ0ZWRBdCI6IjIwMjQtMDUtMTdUMjE6MDM6NDEuNzczMzc5NjAyWiJ9",
      "RequestMethod": "DELETE",
      "RequestHeaders": {
        "Accept": "application/json",
        "Accept-Encoding": "gzip",
        "Authorization": "Sanitized",
        "User-Agent": "azsdk-go-azcontainerregistry/v0.2.2 (go1.21.6; linux)"
      },
      "RequestBody": null,
      "StatusCode": 401,
      "ResponseHeaders": {
        "Access-Control-Expose-Headers": [
          "Docker-Content-Digest",
          "WWW-Authenticate",
          "Link",
          "X-Ms-Correlation-Request-Id"
        ],
        "Connection": "keep-alive",
        "Content-Length": "207",
        "Content-Type": "application/json; charset=utf-8",
        "Date": "Fri, 17 May 2024 21:03:41 GMT",
        "Docker-Distribution-Api-Version": "registry/2.0",
        "Server": "AzureContainerRegistry",
        "Strict-Transport-Security": [
          "max-age=31536000; includeSubDomains",
          "max-age=31536000; includeSubDomains"
        ],
        "WWW-Authenticate": "Bearer realm=\"https://Sanitized.azurecr.io/oauth2/token\",service=\"Sanitized.azurecr.io\",scope=\"repository:hello-world:delete\",error=\"insufficient_scope\"",
        "X-Content-Type-Options": "nosniff",
        "X-Ms-Correlation-Request-Id": "dcfd1578-6655-468c-a395-2a7e89568b29"
      },
      "ResponseBody": {
        "errors": [
          {
            "code": "UNAUTHORIZED",
            "message": "authentication required, visit https://aka.ms/acr/authorization for more information.",
            "detail": [
              {
                "Type": "repository",
                "Name": "hello-world",
                "Action": "delete"
              }
            ]
          }
        ]
      }
    },
    {
      "RequestUri": "https://Sanitized.azurecr.io/oauth2/token?api-version=2021-07-01",
      "RequestMethod": "POST",
      "RequestHeaders": {
        "Accept": "application/json",
        "Accept-Encoding": "gzip",
        "Content-Length": "117",
        "Content-Type": "application/x-www-form-urlencoded",
        "User-Agent": "azsdk-go-azcontainerregistry/v0.2.2 (go1.21.6; linux)"
      },
      "RequestBody": "grant_type=refresh_token&refresh_token=Sanitized&scope=repository%3Ahello-world%3Adelete&service=Sanitized.azurecr.io",
      "StatusCode": 200,
      "ResponseHeaders": {
        "Connection": "keep-alive",
        "Content-Type": "application/json; charset=utf-8",
        "Date": "Fri, 17 May 2024 21:03:41 GMT",
        "Server": "AzureContainerRegistry",
        "Strict-Transport-Security": "max-age=31536000; includeSubDomains",
        "Transfer-Encoding": "chunked",
        "X-Ms-Correlation-Request-Id": "411efd18-130f-4e0a-8033-42d6a1ba852d",
        "x-ms-ratelimit-remaining-calls-per-second": "333.116667"
      },
      "ResponseBody": {
        "access_token": "Sanitized"
      }
    },
    {
      "RequestUri": "https://Sanitized.azurecr.io/v2/hello-world/blobs/uploads/0dceac24-0a69-403b-8f35-8411278a5914?_nouploadcache=false&_state=OrXMPkq45N-tx-htYvF2Z_c_sRnZdxYyeLM6v8U9Vjd7Ik5hbWUiOiJoZWxsby13b3JsZCIsIlVVSUQiOiIwZGNlYWMyNC0wYTY5LTQwM2ItOGYzNS04NDExMjc4YTU5MTQiLCJPZmZzZXQiOjAsIlN0YXJ0ZWRBdCI6IjIwMjQtMDUtMTdUMjE6MDM6NDEuNzczMzc5NjAyWiJ9",
      "RequestMethod": "DELETE",
      "RequestHeaders": {
        "Accept": "application/json",
        "Accept-Encoding": "gzip",
        "Authorization": "Sanitized",
        "User-Agent": "azsdk-go-azcontainerregistry/v0.2.2 (go1.21.6; linux)"
      },
      "RequestBody": null,
      "StatusCode": 204,
      "ResponseHeaders": {
        "Access-Control-Expose-Headers": [
          "Docker-Content-Digest",
          "WWW-Authenticate",
          "Link",
          "X-Ms-Correlation-Request-Id"
        ],
        "Connection": "keep-alive",
        "Date": "Fri, 17 May 2024 21:03:42 GMT",
        "Docker-Distribution-Api-Version": "registry/2.0",
        "Docker-Upload-Uuid": "0dceac24-0a69-403b-8f35-8411278a5914",
        "Server": "AzureContainerRegistry",
        "Strict-Transport-Security": [
          "max-age=31536000; includeSubDomains",
          "max-age=31536000; includeSubDomains"
        ],
        "X-Content-Type-Options": "nosniff",
        "X-Ms-Client-Request-Id": "",
        "X-Ms-Correlation-Request-Id": "b5335800-04fb-429e-bdf5-daadd397e5e3",
        "X-Ms-Ratelimit-Remaining-Calls-Per-Second": "32.000000",
        "X-Ms-Request-Id": "Sanitized"
      },
      "ResponseBody": null
    }
  ],
  "Variables": {}
}
