{
  "Entries": [
    {
      "RequestUri": "https://sanitized.communication.azure.com/sip?api-version=2023-03-01",
      "RequestMethod": "PATCH",
      "RequestHeaders": {
        "Accept": "application/json",
        "Authorization": "Sanitized",
        "Content-Length": "13",
        "Content-Type": "application/merge-patch\u002Bjson",
        "traceparent": "00-b9901769281f3f6f5c9cdb6c592755de-c3d25d53f45ebded-00",
        "User-Agent": "azsdk-net-Communication.PhoneNumbers/1.3.0-alpha.20240314.1 (.NET 7.0.17; Microsoft Windows 10.0.22621)",
        "x-ms-client-request-id": "a59ca99d6b9c70bcf62a7561d381e016",
        "x-ms-content-sha256": "Sanitized",
        "x-ms-date": "Thu, 14 Mar 2024 22:25:05 GMT",
        "x-ms-return-client-request-id": "true"
      },
      "RequestBody": {
        "routes": []
      },
      "StatusCode": 200,
      "ResponseHeaders": {
        "api-supported-versions": "2023-03-01, 2023-04-01-preview",
        "Content-Length": "111",
        "Content-Type": "application/json; charset=utf-8",
        "Date": "Thu, 14 Mar 2024 22:25:03 GMT",
        "MS-CV": "kMEPNbNDj0i/DWXiNsPtTw.0",
        "Strict-Transport-Security": "max-age=31536000;includeSubDomains",
        "X-Azure-Ref": "0QHnzZQAAAAAcJWy2yLClTolLjfKUYDzxV1NURURHRTAxMjEAOWZjN2I1MTktYThjYy00Zjg5LTkzNWUtYzkxNDhhZTA5ZTgx",
        "X-Cache": "CONFIG_NOCACHE",
        "X-Processing-Time": "122ms"
      },
      "ResponseBody": {
        "trunks": {
          "newsbs-3c541848-7401-fd55-105f-2492a3f1684d.testdomain.com": {
            "sipSignalingPort": 9999
          }
        },
        "routes": []
      }
    },
    {
      "RequestUri": "https://sanitized.communication.azure.com/sip?api-version=2023-03-01",
      "RequestMethod": "GET",
      "RequestHeaders": {
        "Accept": "application/json",
        "Authorization": "Sanitized",
        "traceparent": "00-b378d5eb3dd19c451917f63e7327fe9e-00c9b937d6e05585-00",
        "User-Agent": "azsdk-net-Communication.PhoneNumbers/1.3.0-alpha.20240314.1 (.NET 7.0.17; Microsoft Windows 10.0.22621)",
        "x-ms-client-request-id": "77fd290faa254a6f0fa2df81a0219c5e",
        "x-ms-content-sha256": "Sanitized",
        "x-ms-date": "Thu, 14 Mar 2024 22:25:05 GMT",
        "x-ms-return-client-request-id": "true"
      },
      "RequestBody": null,
      "StatusCode": 200,
      "ResponseHeaders": {
        "api-supported-versions": "2023-03-01, 2023-04-01-preview",
        "Content-Length": "111",
        "Content-Type": "application/json; charset=utf-8",
        "Date": "Thu, 14 Mar 2024 22:25:03 GMT",
        "MS-CV": "Aoc9kvRSAkGECvrU\u002B2bv\u002Bg.0",
        "Strict-Transport-Security": "max-age=31536000;includeSubDomains",
        "X-Azure-Ref": "0QHnzZQAAAABNdHi4jkvRSKRYBy2cQcaQV1NURURHRTAxMjEAOWZjN2I1MTktYThjYy00Zjg5LTkzNWUtYzkxNDhhZTA5ZTgx",
        "X-Cache": "CONFIG_NOCACHE",
        "X-Processing-Time": "107ms"
      },
      "ResponseBody": {
        "trunks": {
          "newsbs-3c541848-7401-fd55-105f-2492a3f1684d.testdomain.com": {
            "sipSignalingPort": 9999
          }
        },
        "routes": []
      }
    },
    {
      "RequestUri": "https://sanitized.communication.azure.com/sip?api-version=2023-03-01",
      "RequestMethod": "PATCH",
      "RequestHeaders": {
        "Accept": "application/json",
        "Authorization": "Sanitized",
        "Content-Length": "165",
        "Content-Type": "application/merge-patch\u002Bjson",
        "traceparent": "00-b378d5eb3dd19c451917f63e7327fe9e-0de3b68e45a70567-00",
        "User-Agent": "azsdk-net-Communication.PhoneNumbers/1.3.0-alpha.20240314.1 (.NET 7.0.17; Microsoft Windows 10.0.22621)",
        "x-ms-client-request-id": "b3375861b95a321f07e2311f87511f3c",
        "x-ms-content-sha256": "Sanitized",
        "x-ms-date": "Thu, 14 Mar 2024 22:25:05 GMT",
        "x-ms-return-client-request-id": "true"
      },
      "RequestBody": {
        "trunks": {
          "newsbs-2852c39e-fc49-f3b2-bd92-f9551cf0c616.testdomain.com": {
            "sipSignalingPort": 3333
          },
          "newsbs-3c541848-7401-fd55-105f-2492a3f1684d.testdomain.com": null
        }
      },
      "StatusCode": 200,
      "ResponseHeaders": {
        "api-supported-versions": "2023-03-01, 2023-04-01-preview",
        "Content-Length": "111",
        "Content-Type": "application/json; charset=utf-8",
        "Date": "Thu, 14 Mar 2024 22:25:04 GMT",
        "MS-CV": "OIx5rVxtxEmFbhciD\u002BdGdw.0",
        "Strict-Transport-Security": "max-age=31536000;includeSubDomains",
        "X-Azure-Ref": "0QHnzZQAAAAB/H7HA1enyS4ztHOXmdhc8V1NURURHRTAxMjEAOWZjN2I1MTktYThjYy00Zjg5LTkzNWUtYzkxNDhhZTA5ZTgx",
        "X-Cache": "CONFIG_NOCACHE",
        "X-Processing-Time": "600ms"
      },
      "ResponseBody": {
        "trunks": {
          "newsbs-2852c39e-fc49-f3b2-bd92-f9551cf0c616.testdomain.com": {
            "sipSignalingPort": 3333
          }
        },
        "routes": []
      }
    },
    {
      "RequestUri": "https://sanitized.communication.azure.com/sip?api-version=2023-03-01",
      "RequestMethod": "PATCH",
      "RequestHeaders": {
        "Accept": "application/json",
        "Authorization": "Sanitized",
        "Content-Length": "196",
        "Content-Type": "application/merge-patch\u002Bjson",
        "traceparent": "00-d54ede1c2aa25a543181d91d01096531-cbdf4827d0b88581-00",
        "User-Agent": "azsdk-net-Communication.PhoneNumbers/1.3.0-alpha.20240314.1 (.NET 7.0.17; Microsoft Windows 10.0.22621)",
        "x-ms-client-request-id": "f345e2b14ef2f2f1395295f98c3acfd5",
        "x-ms-content-sha256": "Sanitized",
        "x-ms-date": "Thu, 14 Mar 2024 22:25:06 GMT",
        "x-ms-return-client-request-id": "true"
      },
      "RequestBody": {
        "routes": [
          {
            "description": "Handle all numbers\u0027",
            "name": "Alternative rule",
            "numberPattern": "\\\u002B[1-9][0-9]{3,23}",
            "trunks": [
              "newsbs-2852c39e-fc49-f3b2-bd92-f9551cf0c616.testdomain.com"
            ]
          }
        ]
      },
      "StatusCode": 200,
      "ResponseHeaders": {
        "api-supported-versions": "2023-03-01, 2023-04-01-preview",
        "Content-Length": "284",
        "Content-Type": "application/json; charset=utf-8",
        "Date": "Thu, 14 Mar 2024 22:25:04 GMT",
        "MS-CV": "1sPBLmDaq064lZ4ipukKlg.0",
        "Strict-Transport-Security": "max-age=31536000;includeSubDomains",
        "X-Azure-Ref": "0QXnzZQAAAAAJv/cjPAORQqAYU8ihsbRRV1NURURHRTAxMjEAOWZjN2I1MTktYThjYy00Zjg5LTkzNWUtYzkxNDhhZTA5ZTgx",
        "X-Cache": "CONFIG_NOCACHE",
        "X-Processing-Time": "127ms"
      },
      "ResponseBody": {
        "trunks": {
          "newsbs-2852c39e-fc49-f3b2-bd92-f9551cf0c616.testdomain.com": {
            "sipSignalingPort": 3333
          }
        },
        "routes": [
          {
            "description": "Handle all numbers\u0027",
            "name": "Alternative rule",
            "numberPattern": "\\\u002B[1-9][0-9]{3,23}",
            "trunks": [
              "newsbs-2852c39e-fc49-f3b2-bd92-f9551cf0c616.testdomain.com"
            ]
          }
        ]
      }
    },
    {
      "RequestUri": "https://sanitized.communication.azure.com/sip?api-version=2023-03-01",
      "RequestMethod": "GET",
      "RequestHeaders": {
        "Accept": "application/json",
        "Authorization": "Sanitized",
        "traceparent": "00-b69cd17bf261e30bce44c7b1deffa0ca-90439df8f0b2b4ea-00",
        "User-Agent": "azsdk-net-Communication.PhoneNumbers/1.3.0-alpha.20240314.1 (.NET 7.0.17; Microsoft Windows 10.0.22621)",
        "x-ms-client-request-id": "7aff178e2d4a55bc0acb6f427950c3be",
        "x-ms-content-sha256": "Sanitized",
        "x-ms-date": "Thu, 14 Mar 2024 22:25:06 GMT",
        "x-ms-return-client-request-id": "true"
      },
      "RequestBody": null,
      "StatusCode": 200,
      "ResponseHeaders": {
        "api-supported-versions": "2023-03-01, 2023-04-01-preview",
        "Content-Length": "284",
        "Content-Type": "application/json; charset=utf-8",
        "Date": "Thu, 14 Mar 2024 22:25:04 GMT",
        "MS-CV": "LJYkJE91\u002BkyfNv4Hrh9ApA.0",
        "Strict-Transport-Security": "max-age=31536000;includeSubDomains",
        "X-Azure-Ref": "0QXnzZQAAAACaULLcdI3vSYVfRjn22B\u002BJV1NURURHRTAxMjEAOWZjN2I1MTktYThjYy00Zjg5LTkzNWUtYzkxNDhhZTA5ZTgx",
        "X-Cache": "CONFIG_NOCACHE",
        "X-Processing-Time": "111ms"
      },
      "ResponseBody": {
        "trunks": {
          "newsbs-2852c39e-fc49-f3b2-bd92-f9551cf0c616.testdomain.com": {
            "sipSignalingPort": 3333
          }
        },
        "routes": [
          {
            "description": "Handle all numbers\u0027",
            "name": "Alternative rule",
            "numberPattern": "\\\u002B[1-9][0-9]{3,23}",
            "trunks": [
              "newsbs-2852c39e-fc49-f3b2-bd92-f9551cf0c616.testdomain.com"
            ]
          }
        ]
      }
    },
    {
      "RequestUri": "https://sanitized.communication.azure.com/sip?api-version=2023-03-01",
      "RequestMethod": "GET",
      "RequestHeaders": {
        "Accept": "application/json",
        "Authorization": "Sanitized",
        "traceparent": "00-12078c8ad8e7926b8db285e6416db1ed-31da373f0536a1aa-00",
        "User-Agent": "azsdk-net-Communication.PhoneNumbers/1.3.0-alpha.20240314.1 (.NET 7.0.17; Microsoft Windows 10.0.22621)",
        "x-ms-client-request-id": "becfa382a8dc126b674479082425a5cd",
        "x-ms-content-sha256": "Sanitized",
        "x-ms-date": "Thu, 14 Mar 2024 22:25:06 GMT",
        "x-ms-return-client-request-id": "true"
      },
      "RequestBody": null,
      "StatusCode": 200,
      "ResponseHeaders": {
        "api-supported-versions": "2023-03-01, 2023-04-01-preview",
        "Content-Length": "284",
        "Content-Type": "application/json; charset=utf-8",
        "Date": "Thu, 14 Mar 2024 22:25:05 GMT",
        "MS-CV": "CXBa5waqEEaOaTXRChipoA.0",
        "Strict-Transport-Security": "max-age=31536000;includeSubDomains",
        "X-Azure-Ref": "0QXnzZQAAAACrIHwp1\u002BxbRYRBwZfsSn0FV1NURURHRTAxMjEAOWZjN2I1MTktYThjYy00Zjg5LTkzNWUtYzkxNDhhZTA5ZTgx",
        "X-Cache": "CONFIG_NOCACHE",
        "X-Processing-Time": "736ms"
      },
      "ResponseBody": {
        "trunks": {
          "newsbs-2852c39e-fc49-f3b2-bd92-f9551cf0c616.testdomain.com": {
            "sipSignalingPort": 3333
          }
        },
        "routes": [
          {
            "description": "Handle all numbers\u0027",
            "name": "Alternative rule",
            "numberPattern": "\\\u002B[1-9][0-9]{3,23}",
            "trunks": [
              "newsbs-2852c39e-fc49-f3b2-bd92-f9551cf0c616.testdomain.com"
            ]
          }
        ]
      }
    },
    {
      "RequestUri": "https://sanitized.communication.azure.com/sip?api-version=2023-03-01",
      "RequestMethod": "GET",
      "RequestHeaders": {
        "Accept": "application/json",
        "Authorization": "Sanitized",
        "traceparent": "00-18447675f948670b5e911b2d368e0960-7990fdf8e40b0012-00",
        "User-Agent": "azsdk-net-Communication.PhoneNumbers/1.3.0-alpha.20240314.1 (.NET 7.0.17; Microsoft Windows 10.0.22621)",
        "x-ms-client-request-id": "6f915b13a55184f226efe927dfae78e9",
        "x-ms-content-sha256": "Sanitized",
        "x-ms-date": "Thu, 14 Mar 2024 22:25:07 GMT",
        "x-ms-return-client-request-id": "true"
      },
      "RequestBody": null,
      "StatusCode": 200,
      "ResponseHeaders": {
        "api-supported-versions": "2023-03-01, 2023-04-01-preview",
        "Content-Length": "284",
        "Content-Type": "application/json; charset=utf-8",
        "Date": "Thu, 14 Mar 2024 22:25:05 GMT",
        "MS-CV": "9xQPUUVnAEGpwBHUvJNL2A.0",
        "Strict-Transport-Security": "max-age=31536000;includeSubDomains",
        "X-Azure-Ref": "0QnnzZQAAAABk5JrDzc6jT68TztnwlfT3V1NURURHRTAxMjEAOWZjN2I1MTktYThjYy00Zjg5LTkzNWUtYzkxNDhhZTA5ZTgx",
        "X-Cache": "CONFIG_NOCACHE",
        "X-Processing-Time": "121ms"
      },
      "ResponseBody": {
        "trunks": {
          "newsbs-2852c39e-fc49-f3b2-bd92-f9551cf0c616.testdomain.com": {
            "sipSignalingPort": 3333
          }
        },
        "routes": [
          {
            "description": "Handle all numbers\u0027",
            "name": "Alternative rule",
            "numberPattern": "\\\u002B[1-9][0-9]{3,23}",
            "trunks": [
              "newsbs-2852c39e-fc49-f3b2-bd92-f9551cf0c616.testdomain.com"
            ]
          }
        ]
      }
    },
    {
      "RequestUri": "https://sanitized.communication.azure.com/sip?api-version=2023-03-01",
      "RequestMethod": "PATCH",
      "RequestHeaders": {
        "Accept": "application/json",
        "Authorization": "Sanitized",
        "Content-Length": "99",
        "Content-Type": "application/merge-patch\u002Bjson",
        "traceparent": "00-748465ba6e97aa475635bac57b1466e2-038e0024fe86f575-00",
        "User-Agent": "azsdk-net-Communication.PhoneNumbers/1.3.0-alpha.20240314.1 (.NET 7.0.17; Microsoft Windows 10.0.22621)",
        "x-ms-client-request-id": "e977d78e106be5f9aced1205b3b331e4",
        "x-ms-content-sha256": "Sanitized",
        "x-ms-date": "Thu, 14 Mar 2024 22:25:07 GMT",
        "x-ms-return-client-request-id": "true"
      },
      "RequestBody": {
        "trunks": {
          "newsbs-2852c39e-fc49-f3b2-bd92-f9551cf0c616.testdomain.com": {
            "sipSignalingPort": 9999
          }
        }
      },
      "StatusCode": 200,
      "ResponseHeaders": {
        "api-supported-versions": "2023-03-01, 2023-04-01-preview",
        "Content-Length": "284",
        "Content-Type": "application/json; charset=utf-8",
        "Date": "Thu, 14 Mar 2024 22:25:05 GMT",
        "MS-CV": "KYd7R4paNEia/2enfc98SA.0",
        "Strict-Transport-Security": "max-age=31536000;includeSubDomains",
        "X-Azure-Ref": "0QnnzZQAAAAAxK3FG1uCvS6diiXAXVn\u002BqV1NURURHRTAxMjEAOWZjN2I1MTktYThjYy00Zjg5LTkzNWUtYzkxNDhhZTA5ZTgx",
        "X-Cache": "CONFIG_NOCACHE",
        "X-Processing-Time": "268ms"
      },
      "ResponseBody": {
        "trunks": {
          "newsbs-2852c39e-fc49-f3b2-bd92-f9551cf0c616.testdomain.com": {
            "sipSignalingPort": 9999
          }
        },
        "routes": [
          {
            "description": "Handle all numbers\u0027",
            "name": "Alternative rule",
            "numberPattern": "\\\u002B[1-9][0-9]{3,23}",
            "trunks": [
              "newsbs-2852c39e-fc49-f3b2-bd92-f9551cf0c616.testdomain.com"
            ]
          }
        ]
      }
    },
    {
      "RequestUri": "https://sanitized.communication.azure.com/sip?api-version=2023-03-01",
      "RequestMethod": "PATCH",
      "RequestHeaders": {
        "Accept": "application/json",
        "Authorization": "Sanitized",
        "Content-Length": "97",
        "Content-Type": "application/merge-patch\u002Bjson",
        "traceparent": "00-715f2597d35b0d43ab1db59ab7d43179-603286391aace5f4-00",
        "User-Agent": "azsdk-net-Communication.PhoneNumbers/1.3.0-alpha.20240314.1 (.NET 7.0.17; Microsoft Windows 10.0.22621)",
        "x-ms-client-request-id": "1d2fa22553bedd6cb14a97ecbf4332b8",
        "x-ms-content-sha256": "Sanitized",
        "x-ms-date": "Thu, 14 Mar 2024 22:25:07 GMT",
        "x-ms-return-client-request-id": "true"
      },
      "RequestBody": {
        "trunks": {
          "sbs1-2852c39e-fc49-f3b2-bd92-f9551cf0c616.testdomain.com": {
            "sipSignalingPort": 1122
          }
        }
      },
      "StatusCode": 200,
      "ResponseHeaders": {
        "api-supported-versions": "2023-03-01, 2023-04-01-preview",
        "Content-Length": "369",
        "Content-Type": "application/json; charset=utf-8",
        "Date": "Thu, 14 Mar 2024 22:25:06 GMT",
        "MS-CV": "9p6TAE6EoEGc15BGaXF7lA.0",
        "Strict-Transport-Security": "max-age=31536000;includeSubDomains",
        "X-Azure-Ref": "0QnnzZQAAAACYy2dM4tH\u002BT4LZJPFMmmxYV1NURURHRTAxMjEAOWZjN2I1MTktYThjYy00Zjg5LTkzNWUtYzkxNDhhZTA5ZTgx",
        "X-Cache": "CONFIG_NOCACHE",
        "X-Processing-Time": "522ms"
      },
      "ResponseBody": {
        "trunks": {
          "newsbs-2852c39e-fc49-f3b2-bd92-f9551cf0c616.testdomain.com": {
            "sipSignalingPort": 9999
          },
          "sbs1-2852c39e-fc49-f3b2-bd92-f9551cf0c616.testdomain.com": {
            "sipSignalingPort": 1122
          }
        },
        "routes": [
          {
            "description": "Handle all numbers\u0027",
            "name": "Alternative rule",
            "numberPattern": "\\\u002B[1-9][0-9]{3,23}",
            "trunks": [
              "newsbs-2852c39e-fc49-f3b2-bd92-f9551cf0c616.testdomain.com"
            ]
          }
        ]
      }
    },
    {
      "RequestUri": "https://sanitized.communication.azure.com/sip?api-version=2023-03-01",
      "RequestMethod": "PATCH",
      "RequestHeaders": {
        "Accept": "application/json",
        "Authorization": "Sanitized",
        "Content-Length": "76",
        "Content-Type": "application/merge-patch\u002Bjson",
        "traceparent": "00-1a0eed4815fe7dc13fa4bfc75f576512-971dbdc1b5f53186-00",
        "User-Agent": "azsdk-net-Communication.PhoneNumbers/1.3.0-alpha.20240314.1 (.NET 7.0.17; Microsoft Windows 10.0.22621)",
        "x-ms-client-request-id": "4c7990cbbcae026162abc36492ecd172",
        "x-ms-content-sha256": "Sanitized",
        "x-ms-date": "Thu, 14 Mar 2024 22:25:08 GMT",
        "x-ms-return-client-request-id": "true"
      },
      "RequestBody": {
        "trunks": {
          "sbs1-2852c39e-fc49-f3b2-bd92-f9551cf0c616.testdomain.com": null
        }
      },
      "StatusCode": 200,
      "ResponseHeaders": {
        "api-supported-versions": "2023-03-01, 2023-04-01-preview",
        "Content-Length": "284",
        "Content-Type": "application/json; charset=utf-8",
        "Date": "Thu, 14 Mar 2024 22:25:06 GMT",
        "MS-CV": "456IyQ2sMkym1shuM\u002BjpRA.0",
        "Strict-Transport-Security": "max-age=31536000;includeSubDomains",
        "X-Azure-Ref": "0Q3nzZQAAAAAg5aXXAcJKSISRKAxLQ3jYV1NURURHRTAxMjEAOWZjN2I1MTktYThjYy00Zjg5LTkzNWUtYzkxNDhhZTA5ZTgx",
        "X-Cache": "CONFIG_NOCACHE",
        "X-Processing-Time": "156ms"
      },
      "ResponseBody": {
        "trunks": {
          "newsbs-2852c39e-fc49-f3b2-bd92-f9551cf0c616.testdomain.com": {
            "sipSignalingPort": 9999
          }
        },
        "routes": [
          {
            "description": "Handle all numbers\u0027",
            "name": "Alternative rule",
            "numberPattern": "\\\u002B[1-9][0-9]{3,23}",
            "trunks": [
              "newsbs-2852c39e-fc49-f3b2-bd92-f9551cf0c616.testdomain.com"
            ]
          }
        ]
      }
    },
    {
      "RequestUri": "https://sanitized.communication.azure.com/sip?api-version=2023-03-01",
      "RequestMethod": "GET",
      "RequestHeaders": {
        "Accept": "application/json",
        "Authorization": "Sanitized",
        "traceparent": "00-41980b3d89d0280304cffa8a49ed1c9f-b58c4297f298399a-00",
        "User-Agent": "azsdk-net-Communication.PhoneNumbers/1.3.0-alpha.20240314.1 (.NET 7.0.17; Microsoft Windows 10.0.22621)",
        "x-ms-client-request-id": "3d0204be5a7e3b2a6a993820790c2668",
        "x-ms-content-sha256": "Sanitized",
        "x-ms-date": "Thu, 14 Mar 2024 22:25:08 GMT",
        "x-ms-return-client-request-id": "true"
      },
      "RequestBody": null,
      "StatusCode": 200,
      "ResponseHeaders": {
        "api-supported-versions": "2023-03-01, 2023-04-01-preview",
        "Content-Length": "284",
        "Content-Type": "application/json; charset=utf-8",
        "Date": "Thu, 14 Mar 2024 22:25:06 GMT",
        "MS-CV": "tUK30IBofkqHU8JmftMehQ.0",
        "Strict-Transport-Security": "max-age=31536000;includeSubDomains",
        "X-Azure-Ref": "0Q3nzZQAAAAA4lmbGvbcxSbppukFaP3fcV1NURURHRTAxMjEAOWZjN2I1MTktYThjYy00Zjg5LTkzNWUtYzkxNDhhZTA5ZTgx",
        "X-Cache": "CONFIG_NOCACHE",
        "X-Processing-Time": "143ms"
      },
      "ResponseBody": {
        "trunks": {
          "newsbs-2852c39e-fc49-f3b2-bd92-f9551cf0c616.testdomain.com": {
            "sipSignalingPort": 9999
          }
        },
        "routes": [
          {
            "description": "Handle all numbers\u0027",
            "name": "Alternative rule",
            "numberPattern": "\\\u002B[1-9][0-9]{3,23}",
            "trunks": [
              "newsbs-2852c39e-fc49-f3b2-bd92-f9551cf0c616.testdomain.com"
            ]
          }
        ]
      }
    },
    {
      "RequestUri": "https://sanitized.communication.azure.com/sip?api-version=2023-03-01",
      "RequestMethod": "GET",
      "RequestHeaders": {
        "Accept": "application/json",
        "Authorization": "Sanitized",
        "traceparent": "00-fa44eee1499d21670984726326702bf9-4a0bce17479dff3d-00",
        "User-Agent": "azsdk-net-Communication.PhoneNumbers/1.3.0-alpha.20240314.1 (.NET 7.0.17; Microsoft Windows 10.0.22621)",
        "x-ms-client-request-id": "223959bae53a6936402dbb128f084bc4",
        "x-ms-content-sha256": "Sanitized",
        "x-ms-date": "Thu, 14 Mar 2024 22:25:08 GMT",
        "x-ms-return-client-request-id": "true"
      },
      "RequestBody": null,
      "StatusCode": 200,
      "ResponseHeaders": {
        "api-supported-versions": "2023-03-01, 2023-04-01-preview",
        "Content-Length": "284",
        "Content-Type": "application/json; charset=utf-8",
        "Date": "Thu, 14 Mar 2024 22:25:07 GMT",
        "MS-CV": "eb1pVsM\u002BGU2VFrda3HfBIw.0",
        "Strict-Transport-Security": "max-age=31536000;includeSubDomains",
        "X-Azure-Ref": "0Q3nzZQAAAAAZOGBaEmbmS4iv8QH75QptV1NURURHRTAxMTIAOWZjN2I1MTktYThjYy00Zjg5LTkzNWUtYzkxNDhhZTA5ZTgx",
        "X-Cache": "CONFIG_NOCACHE",
        "X-Processing-Time": "126ms"
      },
      "ResponseBody": {
        "trunks": {
          "newsbs-2852c39e-fc49-f3b2-bd92-f9551cf0c616.testdomain.com": {
            "sipSignalingPort": 9999
          }
        },
        "routes": [
          {
            "description": "Handle all numbers\u0027",
            "name": "Alternative rule",
            "numberPattern": "\\\u002B[1-9][0-9]{3,23}",
            "trunks": [
              "newsbs-2852c39e-fc49-f3b2-bd92-f9551cf0c616.testdomain.com"
            ]
          }
        ]
      }
    }
  ],
  "Variables": {
    "COMMUNICATION_LIVETEST_DYNAMIC_CONNECTION_STRING": "endpoint=https://sanitized.communication.azure.com/;accesskey=Kg==",
    "RandomSeed": "1721149862"
  }
}
