{
  "Entries": [
    {
      "RequestUri": "https://zhojie-test-acs-1122-canary-contentsafety.cognitiveservices.azure.com/contentsafety/text/blocklists/TestBlocklist?api-version=2023-10-01",
      "RequestMethod": "PATCH",
      "RequestHeaders": {
        "Accept": "application/json",
        "Content-Length": "43",
        "Content-Type": "application/merge-patch\u002Bjson",
        "Ocp-Apim-Subscription-Key": "Sanitized",
        "traceparent": "00-80ffb2960b5aeb13a8c8ab09ff843b31-0bbb621ce0ceb5d7-00",
        "User-Agent": "azsdk-net-AI.ContentSafety/1.0.0-alpha.20231123.1 (.NET 7.0.14; Microsoft Windows 10.0.22631)",
        "x-ms-client-request-id": "f48830fcfc386950df3fd0df5ad39781",
        "x-ms-return-client-request-id": "true"
      },
      "RequestBody": {
        "description": "Test blocklist management"
      },
      "StatusCode": 200,
      "ResponseHeaders": {
        "api-supported-versions": "2023-04-30-preview,2023-10-01,2023-10-15-preview,2023-10-30",
        "apim-request-id": "cadcdfd9-68ed-4142-afd9-899bdee03abd",
        "Content-Type": "application/json; charset=utf-8",
        "Date": "Thu, 23 Nov 2023 03:48:15 GMT",
        "Server": "istio-envoy",
        "Strict-Transport-Security": "max-age=31536000; includeSubDomains; preload",
        "Transfer-Encoding": "chunked",
        "X-Content-Type-Options": "nosniff",
        "x-envoy-upstream-service-time": "7",
        "x-ms-region": "Central US EUAP"
      },
      "ResponseBody": {
        "blocklistName": "TestBlocklist",
        "description": "Test blocklist management"
      }
    },
    {
      "RequestUri": "https://zhojie-test-acs-1122-canary-contentsafety.cognitiveservices.azure.com/contentsafety/text/blocklists/TestBlocklist:addOrUpdateBlocklistItems?api-version=2023-10-01",
      "RequestMethod": "POST",
      "RequestHeaders": {
        "Accept": "application/json",
        "Content-Length": "52",
        "Content-Type": "application/json",
        "Ocp-Apim-Subscription-Key": "Sanitized",
        "traceparent": "00-e33660c0798d40898d568542e4f1cd6b-515bc0f429223c7a-00",
        "User-Agent": "azsdk-net-AI.ContentSafety/1.0.0-alpha.20231123.1 (.NET 7.0.14; Microsoft Windows 10.0.22631)",
        "x-ms-client-request-id": "e24260382724a1066beda0f8d041aa68",
        "x-ms-return-client-request-id": "true"
      },
      "RequestBody": {
        "blocklistItems": [
          {
            "text": "k*ll"
          },
          {
            "text": "h*te"
          }
        ]
      },
      "StatusCode": 200,
      "ResponseHeaders": {
        "api-supported-versions": "2023-04-30-preview,2023-10-01,2023-10-15-preview,2023-10-30",
        "apim-request-id": "b3fef685-f6c4-4056-a599-a271007a1a2e",
        "Content-Type": "application/json; charset=utf-8",
        "Date": "Thu, 23 Nov 2023 03:48:15 GMT",
        "Server": "istio-envoy",
        "Strict-Transport-Security": "max-age=31536000; includeSubDomains; preload",
        "Transfer-Encoding": "chunked",
        "X-Content-Type-Options": "nosniff",
        "x-envoy-upstream-service-time": "89",
        "x-ms-region": "Central US EUAP"
      },
      "ResponseBody": {
        "blocklistItems": [
          {
            "blocklistItemId": "1dcbc24a-79bb-4be5-bc75-b568074af76a",
            "text": "k*ll"
          },
          {
            "blocklistItemId": "740b8728-d20d-4ea9-890d-c9f79c0bcdd3",
            "text": "h*te"
          }
        ]
      }
    },
    {
      "RequestUri": "https://zhojie-test-acs-1122-canary-contentsafety.cognitiveservices.azure.com/contentsafety/text/blocklists/TestBlocklist/blocklistItems/1dcbc24a-79bb-4be5-bc75-b568074af76a?api-version=2023-10-01",
      "RequestMethod": "GET",
      "RequestHeaders": {
        "Accept": "application/json",
        "Ocp-Apim-Subscription-Key": "Sanitized",
        "traceparent": "00-5a042ade6ba6cb76eb795ffc7b0cd278-329e30cc5f746190-00",
        "User-Agent": "azsdk-net-AI.ContentSafety/1.0.0-alpha.20231123.1 (.NET 7.0.14; Microsoft Windows 10.0.22631)",
        "x-ms-client-request-id": "dfd9af3dbf6335a9129017b37b3442c9",
        "x-ms-return-client-request-id": "true"
      },
      "RequestBody": null,
      "StatusCode": 200,
      "ResponseHeaders": {
        "api-supported-versions": "2023-04-30-preview,2023-10-01,2023-10-15-preview,2023-10-30",
        "apim-request-id": "1c587827-f5cf-4abb-8503-48b51be79462",
        "Content-Type": "application/json; charset=utf-8",
        "Date": "Thu, 23 Nov 2023 03:48:16 GMT",
        "Server": "istio-envoy",
        "Strict-Transport-Security": "max-age=31536000; includeSubDomains; preload",
        "Transfer-Encoding": "chunked",
        "X-Content-Type-Options": "nosniff",
        "x-envoy-upstream-service-time": "9",
        "x-ms-region": "Central US EUAP"
      },
      "ResponseBody": {
        "blocklistItemId": "1dcbc24a-79bb-4be5-bc75-b568074af76a",
        "text": "k*ll"
      }
    }
  ],
  "Variables": {
    "CONTENT_SAFETY_ENDPOINT": "https://zhojie-test-acs-1122-canary-contentsafety.cognitiveservices.azure.com",
    "CONTENT_SAFETY_KEY": "Sanitized",
    "RandomSeed": "1032358132"
  }
}
