{
  "Entries": [
    {
      "RequestUri": "https://sanitized/health-insights/radiology-insights/jobs/jobId-17138795314399?api-version=2024-04-01",
      "RequestMethod": "PUT",
      "RequestHeaders": {
        "Accept": "application/json",
        "Accept-Encoding": "gzip,deflate",
        "Authorization": "Sanitized",
        "Connection": "keep-alive",
        "Content-Length": "1665",
        "Content-Type": "application/json; charset=UTF-8",
        "User-Agent": "azsdk-js-health-insights-radiologyinsights-rest/1.0.0 core-rest-pipeline/1.16.0 Node/20.11.0 OS/(x64-Windows_NT-10.0.22631)",
        "x-ms-client-request-id": "Sanitized"
      },
      "RequestBody": {
        "jobData": {
          "patients": [
            {
              "id": "Sanitized",
              "details": {
                "sex": "female",
                "birthDate": "1959-11-11T19:00:00.000Z",
                "clinicalInfo": [
                  {
                    "resourceType": "Observation",
                    "status": "unknown",
                    "code": {
                      "coding": [
                        {
                          "system": "http://www.nlm.nih.gov/research/umls",
                          "code": "C0018802",
                          "display": "MalignantNeoplasms"
                        }
                      ]
                    },
                    "valueBoolean": true
                  }
                ]
              },
              "encounters": [
                {
                  "id": "Sanitized",
                  "period": {
                    "start": "2021-8-28T00:00:00",
                    "end": "2021-8-28T00:00:00"
                  },
                  "class": "inpatient"
                }
              ],
              "patientDocuments": [
                {
                  "type": "note",
                  "clinicalType": "radiologyReport",
                  "id": "Sanitized",
                  "language": "en",
                  "authors": [
                    {
                      "id": "Sanitized",
                      "fullName": "authorname1"
                    }
                  ],
                  "specialtyType": "radiology",
                  "administrativeMetadata": {
                    "orderedProcedures": [
                      {
                        "code": {
                          "coding": [
                            {
                              "system": "Http://hl7.org/fhir/ValueSet/cpt-all",
                              "code": "111111",
                              "display": "CT ABD/PELVIS"
                            }
                          ]
                        },
                        "description": "CT ABD/PELVIS"
                      }
                    ],
                    "encounterId": "encounterid1"
                  },
                  "content": {
                    "sourceType": "inline",
                    "value": "\nThe results were faxed to Julie Carter on July 6 2016 at 3 PM\nThe results were sent via Powerscribe to George Brown, PA."
                  },
                  "createdAt": "2021-05-31T22:00:00.000Z",
                  "orderedProceduresAsCsv": "US PELVIS COMPLETE"
                }
              ]
            }
          ],
          "configuration": {
            "inferenceOptions": {
              "followupRecommendationOptions": {
                "includeRecommendationsWithNoSpecifiedModality": true,
                "includeRecommendationsInReferences": true,
                "provideFocusedSentenceEvidence": true
              },
              "findingOptions": {
                "provideFocusedSentenceEvidence": true
              }
            },
            "inferenceTypes": [
              "finding",
              "ageMismatch",
              "lateralityDiscrepancy",
              "sexMismatch",
              "completeOrderDiscrepancy",
              "limitedOrderDiscrepancy",
              "criticalResult",
              "criticalRecommendation",
              "followupRecommendation",
              "followupCommunication",
              "radiologyProcedure"
            ],
            "locale": "en-US",
            "verbose": false,
            "includeEvidence": true
          }
        }
      },
      "StatusCode": 200,
      "ResponseHeaders": {
        "apim-request-id": "9b4c0a00-c775-4915-893a-521df4a970a8",
        "Content-Type": "application/json; charset=utf-8",
        "Date": "Fri, 14 Jun 2024 13:04:01 GMT",
        "operation-location": "https://sanitized/health-insights/radiology-insights/jobs/jobId-17138795314399?api-version=2024-04-01",
        "Server": "istio-envoy",
        "Strict-Transport-Security": "max-age=31536000; includeSubDomains; preload",
        "Transfer-Encoding": "chunked",
        "X-Content-Type-Options": "nosniff",
        "x-envoy-upstream-service-time": "32",
        "x-ms-region": "East US 2 EUAP",
        "x-ms-request-id": "Sanitized"
      },
      "ResponseBody": {
        "id": "Sanitized",
        "createdAt": "2024-06-14T13:04:01.9323482Z",
        "expiresAt": "2024-06-15T13:04:01.9323482Z",
        "updatedAt": "2024-06-14T13:04:01.9323482Z",
        "status": "notStarted"
      }
    },
    {
      "RequestUri": "https://sanitized/health-insights/radiology-insights/jobs/jobId-17138795314399?api-version=2024-04-01",
      "RequestMethod": "GET",
      "RequestHeaders": {
        "Accept": "application/json",
        "Accept-Encoding": "gzip,deflate",
        "Authorization": "Sanitized",
        "Connection": "keep-alive",
        "User-Agent": "azsdk-js-health-insights-radiologyinsights-rest/1.0.0 core-rest-pipeline/1.16.0 Node/20.11.0 OS/(x64-Windows_NT-10.0.22631)",
        "x-ms-client-request-id": "Sanitized"
      },
      "RequestBody": null,
      "StatusCode": 200,
      "ResponseHeaders": {
        "apim-request-id": "bdab6f70-87d8-44ea-ba42-01efd0f9160a",
        "Content-Length": "145",
        "Content-Type": "application/json; charset=utf-8",
        "Date": "Fri, 14 Jun 2024 13:04:02 GMT",
        "Server": "istio-envoy",
        "Strict-Transport-Security": "max-age=31536000; includeSubDomains; preload",
        "X-Content-Type-Options": "nosniff",
        "x-envoy-upstream-service-time": "7",
        "x-ms-region": "East US 2 EUAP",
        "x-ms-request-id": "Sanitized"
      },
      "ResponseBody": {
        "id": "Sanitized",
        "createdAt": "2024-06-14T13:04:01Z",
        "expiresAt": "2024-06-15T13:04:01Z",
        "updatedAt": "2024-06-14T13:04:01Z",
        "status": "notStarted"
      }
    },
    {
      "RequestUri": "https://sanitized/health-insights/radiology-insights/jobs/jobId-17138795314399?api-version=2024-04-01",
      "RequestMethod": "GET",
      "RequestHeaders": {
        "Accept": "application/json",
        "Accept-Encoding": "gzip,deflate",
        "Authorization": "Sanitized",
        "Connection": "keep-alive",
        "User-Agent": "azsdk-js-health-insights-radiologyinsights-rest/1.0.0 core-rest-pipeline/1.16.0 Node/20.11.0 OS/(x64-Windows_NT-10.0.22631)",
        "x-ms-client-request-id": "Sanitized"
      },
      "RequestBody": null,
      "StatusCode": 200,
      "ResponseHeaders": {
        "apim-request-id": "1b3b577a-98d3-4797-9763-2fcd152ec1c8",
        "Content-Length": "142",
        "Content-Type": "application/json; charset=utf-8",
        "Date": "Fri, 14 Jun 2024 13:04:03 GMT",
        "Server": "istio-envoy",
        "Strict-Transport-Security": "max-age=31536000; includeSubDomains; preload",
        "X-Content-Type-Options": "nosniff",
        "x-envoy-upstream-service-time": "8",
        "x-ms-region": "East US 2 EUAP",
        "x-ms-request-id": "Sanitized"
      },
      "ResponseBody": {
        "id": "Sanitized",
        "createdAt": "2024-06-14T13:04:01Z",
        "expiresAt": "2024-06-15T13:04:01Z",
        "updatedAt": "2024-06-14T13:04:01Z",
        "status": "running"
      }
    },
    {
      "RequestUri": "https://sanitized/health-insights/radiology-insights/jobs/jobId-17138795314399?api-version=2024-04-01",
      "RequestMethod": "GET",
      "RequestHeaders": {
        "Accept": "application/json",
        "Accept-Encoding": "gzip,deflate",
        "Authorization": "Sanitized",
        "Connection": "keep-alive",
        "User-Agent": "azsdk-js-health-insights-radiologyinsights-rest/1.0.0 core-rest-pipeline/1.16.0 Node/20.11.0 OS/(x64-Windows_NT-10.0.22631)",
        "x-ms-client-request-id": "Sanitized"
      },
      "RequestBody": null,
      "StatusCode": 200,
      "ResponseHeaders": {
        "apim-request-id": "b67d4af5-7446-4fa1-b4ee-1ddb9edca4bd",
        "Content-Length": "3193",
        "Content-Type": "application/json; charset=utf-8",
        "Date": "Fri, 14 Jun 2024 13:04:06 GMT",
        "Server": "istio-envoy",
        "Strict-Transport-Security": "max-age=31536000; includeSubDomains; preload",
        "X-Content-Type-Options": "nosniff",
        "x-envoy-upstream-service-time": "15",
        "x-ms-region": "East US 2 EUAP",
        "x-ms-request-id": "Sanitized"
      },
      "ResponseBody": {
        "result": {
          "patientResults": [
            {
              "patientId": "Samantha Jones",
              "inferences": [
                {
                  "kind": "followupCommunication",
                  "communicatedAt": [
                    "2016-07-06T15:00:00"
                  ],
                  "recipient": [
                    "unknown"
                  ],
                  "wasAcknowledged": false,
                  "extension": [
                    {
                      "extension": [
                        {
                          "url": "reference",
                          "valueReference": {
                            "reference": "docid1"
                          }
                        },
                        {
                          "url": "offset",
                          "valueInteger": 18
                        },
                        {
                          "url": "length",
                          "valueInteger": 5
                        }
                      ],
                      "url": "http://hl7.org/fhir/StructureDefinition/derivation-reference"
                    },
                    {
                      "extension": [
                        {
                          "url": "reference",
                          "valueReference": {
                            "reference": "docid1"
                          }
                        },
                        {
                          "url": "offset",
                          "valueInteger": 27
                        },
                        {
                          "url": "length",
                          "valueInteger": 12
                        }
                      ],
                      "url": "http://hl7.org/fhir/StructureDefinition/derivation-reference"
                    },
                    {
                      "extension": [
                        {
                          "url": "reference",
                          "valueReference": {
                            "reference": "docid1"
                          }
                        },
                        {
                          "url": "offset",
                          "valueInteger": 43
                        },
                        {
                          "url": "length",
                          "valueInteger": 11
                        }
                      ],
                      "url": "http://hl7.org/fhir/StructureDefinition/derivation-reference"
                    },
                    {
                      "extension": [
                        {
                          "url": "reference",
                          "valueReference": {
                            "reference": "docid1"
                          }
                        },
                        {
                          "url": "offset",
                          "valueInteger": 55
                        },
                        {
                          "url": "length",
                          "valueInteger": 2
                        }
                      ],
                      "url": "http://hl7.org/fhir/StructureDefinition/derivation-reference"
                    },
                    {
                      "extension": [
                        {
                          "url": "reference",
                          "valueReference": {
                            "reference": "docid1"
                          }
                        },
                        {
                          "url": "offset",
                          "valueInteger": 58
                        },
                        {
                          "url": "length",
                          "valueInteger": 4
                        }
                      ],
                      "url": "http://hl7.org/fhir/StructureDefinition/derivation-reference"
                    }
                  ]
                },
                {
                  "kind": "followupCommunication",
                  "recipient": [
                    "physicianAssistant"
                  ],
                  "wasAcknowledged": false,
                  "extension": [
                    {
                      "extension": [
                        {
                          "url": "reference",
                          "valueReference": {
                            "reference": "docid1"
                          }
                        },
                        {
                          "url": "offset",
                          "valueInteger": 80
                        },
                        {
                          "url": "length",
                          "valueInteger": 4
                        }
                      ],
                      "url": "http://hl7.org/fhir/StructureDefinition/derivation-reference"
                    },
                    {
                      "extension": [
                        {
                          "url": "reference",
                          "valueReference": {
                            "reference": "docid1"
                          }
                        },
                        {
                          "url": "offset",
                          "valueInteger": 85
                        },
                        {
                          "url": "length",
                          "valueInteger": 3
                        }
                      ],
                      "url": "http://hl7.org/fhir/StructureDefinition/derivation-reference"
                    },
                    {
                      "extension": [
                        {
                          "url": "reference",
                          "valueReference": {
                            "reference": "docid1"
                          }
                        },
                        {
                          "url": "offset",
                          "valueInteger": 89
                        },
                        {
                          "url": "length",
                          "valueInteger": 11
                        }
                      ],
                      "url": "http://hl7.org/fhir/StructureDefinition/derivation-reference"
                    },
                    {
                      "extension": [
                        {
                          "url": "reference",
                          "valueReference": {
                            "reference": "docid1"
                          }
                        },
                        {
                          "url": "offset",
                          "valueInteger": 104
                        },
                        {
                          "url": "length",
                          "valueInteger": 16
                        }
                      ],
                      "url": "http://hl7.org/fhir/StructureDefinition/derivation-reference"
                    }
                  ]
                },
                {
                  "procedureCodes": [
                    {
                      "coding": [
                        {
                          "system": "http://loinc.org",
                          "code": "44115-4",
                          "display": "CT ABDOMEN AND PELVIS"
                        }
                      ]
                    }
                  ],
                  "imagingProcedures": [
                    {
                      "modality": {
                        "coding": [
                          {
                            "system": "http://snomed.info/sct",
                            "code": "77477000",
                            "display": "COMPUTERIZED AXIAL TOMOGRAPHY (PROCEDURE)"
                          }
                        ]
                      },
                      "anatomy": {
                        "coding": [
                          {
                            "system": "http://snomed.info/sct",
                            "code": "113345001",
                            "display": "ABDOMINAL STRUCTURE (BODY STRUCTURE)"
                          }
                        ]
                      }
                    },
                    {
                      "modality": {
                        "coding": [
                          {
                            "system": "http://snomed.info/sct",
                            "code": "77477000",
                            "display": "COMPUTERIZED AXIAL TOMOGRAPHY (PROCEDURE)"
                          }
                        ]
                      },
                      "anatomy": {
                        "coding": [
                          {
                            "system": "http://snomed.info/sct",
                            "code": "12921003",
                            "display": "PELVIC STRUCTURE (BODY STRUCTURE)"
                          }
                        ]
                      }
                    }
                  ],
                  "orderedProcedure": {
                    "code": {
                      "coding": [
                        {
                          "code": "111111"
                        }
                      ]
                    },
                    "description": "CT ABD/PELVIS"
                  },
                  "kind": "radiologyProcedure"
                }
              ]
            }
          ],
          "modelVersion": "2024-04-16"
        },
        "id": "Sanitized",
        "createdAt": "2024-06-14T13:04:01Z",
        "expiresAt": "2024-06-15T13:04:01Z",
        "updatedAt": "2024-06-14T13:04:04Z",
        "status": "succeeded"
      }
    },
    {
      "RequestUri": "https://sanitized/health-insights/radiology-insights/jobs/jobId-17138795314399?api-version=2024-04-01",
      "RequestMethod": "GET",
      "RequestHeaders": {
        "Accept": "application/json",
        "Accept-Encoding": "gzip,deflate",
        "Authorization": "Sanitized",
        "Connection": "keep-alive",
        "User-Agent": "azsdk-js-health-insights-radiologyinsights-rest/1.0.0 core-rest-pipeline/1.16.0 Node/20.11.0 OS/(x64-Windows_NT-10.0.22631)",
        "x-ms-client-request-id": "Sanitized"
      },
      "RequestBody": null,
      "StatusCode": 200,
      "ResponseHeaders": {
        "apim-request-id": "b83be510-30ec-4918-9c79-6a3b720aa752",
        "Content-Length": "3193",
        "Content-Type": "application/json; charset=utf-8",
        "Date": "Fri, 14 Jun 2024 13:04:06 GMT",
        "Server": "istio-envoy",
        "Strict-Transport-Security": "max-age=31536000; includeSubDomains; preload",
        "X-Content-Type-Options": "nosniff",
        "x-envoy-upstream-service-time": "13",
        "x-ms-region": "East US 2 EUAP",
        "x-ms-request-id": "Sanitized"
      },
      "ResponseBody": {
        "result": {
          "patientResults": [
            {
              "patientId": "Samantha Jones",
              "inferences": [
                {
                  "kind": "followupCommunication",
                  "communicatedAt": [
                    "2016-07-06T15:00:00"
                  ],
                  "recipient": [
                    "unknown"
                  ],
                  "wasAcknowledged": false,
                  "extension": [
                    {
                      "extension": [
                        {
                          "url": "reference",
                          "valueReference": {
                            "reference": "docid1"
                          }
                        },
                        {
                          "url": "offset",
                          "valueInteger": 18
                        },
                        {
                          "url": "length",
                          "valueInteger": 5
                        }
                      ],
                      "url": "http://hl7.org/fhir/StructureDefinition/derivation-reference"
                    },
                    {
                      "extension": [
                        {
                          "url": "reference",
                          "valueReference": {
                            "reference": "docid1"
                          }
                        },
                        {
                          "url": "offset",
                          "valueInteger": 27
                        },
                        {
                          "url": "length",
                          "valueInteger": 12
                        }
                      ],
                      "url": "http://hl7.org/fhir/StructureDefinition/derivation-reference"
                    },
                    {
                      "extension": [
                        {
                          "url": "reference",
                          "valueReference": {
                            "reference": "docid1"
                          }
                        },
                        {
                          "url": "offset",
                          "valueInteger": 43
                        },
                        {
                          "url": "length",
                          "valueInteger": 11
                        }
                      ],
                      "url": "http://hl7.org/fhir/StructureDefinition/derivation-reference"
                    },
                    {
                      "extension": [
                        {
                          "url": "reference",
                          "valueReference": {
                            "reference": "docid1"
                          }
                        },
                        {
                          "url": "offset",
                          "valueInteger": 55
                        },
                        {
                          "url": "length",
                          "valueInteger": 2
                        }
                      ],
                      "url": "http://hl7.org/fhir/StructureDefinition/derivation-reference"
                    },
                    {
                      "extension": [
                        {
                          "url": "reference",
                          "valueReference": {
                            "reference": "docid1"
                          }
                        },
                        {
                          "url": "offset",
                          "valueInteger": 58
                        },
                        {
                          "url": "length",
                          "valueInteger": 4
                        }
                      ],
                      "url": "http://hl7.org/fhir/StructureDefinition/derivation-reference"
                    }
                  ]
                },
                {
                  "kind": "followupCommunication",
                  "recipient": [
                    "physicianAssistant"
                  ],
                  "wasAcknowledged": false,
                  "extension": [
                    {
                      "extension": [
                        {
                          "url": "reference",
                          "valueReference": {
                            "reference": "docid1"
                          }
                        },
                        {
                          "url": "offset",
                          "valueInteger": 80
                        },
                        {
                          "url": "length",
                          "valueInteger": 4
                        }
                      ],
                      "url": "http://hl7.org/fhir/StructureDefinition/derivation-reference"
                    },
                    {
                      "extension": [
                        {
                          "url": "reference",
                          "valueReference": {
                            "reference": "docid1"
                          }
                        },
                        {
                          "url": "offset",
                          "valueInteger": 85
                        },
                        {
                          "url": "length",
                          "valueInteger": 3
                        }
                      ],
                      "url": "http://hl7.org/fhir/StructureDefinition/derivation-reference"
                    },
                    {
                      "extension": [
                        {
                          "url": "reference",
                          "valueReference": {
                            "reference": "docid1"
                          }
                        },
                        {
                          "url": "offset",
                          "valueInteger": 89
                        },
                        {
                          "url": "length",
                          "valueInteger": 11
                        }
                      ],
                      "url": "http://hl7.org/fhir/StructureDefinition/derivation-reference"
                    },
                    {
                      "extension": [
                        {
                          "url": "reference",
                          "valueReference": {
                            "reference": "docid1"
                          }
                        },
                        {
                          "url": "offset",
                          "valueInteger": 104
                        },
                        {
                          "url": "length",
                          "valueInteger": 16
                        }
                      ],
                      "url": "http://hl7.org/fhir/StructureDefinition/derivation-reference"
                    }
                  ]
                },
                {
                  "procedureCodes": [
                    {
                      "coding": [
                        {
                          "system": "http://loinc.org",
                          "code": "44115-4",
                          "display": "CT ABDOMEN AND PELVIS"
                        }
                      ]
                    }
                  ],
                  "imagingProcedures": [
                    {
                      "modality": {
                        "coding": [
                          {
                            "system": "http://snomed.info/sct",
                            "code": "77477000",
                            "display": "COMPUTERIZED AXIAL TOMOGRAPHY (PROCEDURE)"
                          }
                        ]
                      },
                      "anatomy": {
                        "coding": [
                          {
                            "system": "http://snomed.info/sct",
                            "code": "113345001",
                            "display": "ABDOMINAL STRUCTURE (BODY STRUCTURE)"
                          }
                        ]
                      }
                    },
                    {
                      "modality": {
                        "coding": [
                          {
                            "system": "http://snomed.info/sct",
                            "code": "77477000",
                            "display": "COMPUTERIZED AXIAL TOMOGRAPHY (PROCEDURE)"
                          }
                        ]
                      },
                      "anatomy": {
                        "coding": [
                          {
                            "system": "http://snomed.info/sct",
                            "code": "12921003",
                            "display": "PELVIC STRUCTURE (BODY STRUCTURE)"
                          }
                        ]
                      }
                    }
                  ],
                  "orderedProcedure": {
                    "code": {
                      "coding": [
                        {
                          "code": "111111"
                        }
                      ]
                    },
                    "description": "CT ABD/PELVIS"
                  },
                  "kind": "radiologyProcedure"
                }
              ]
            }
          ],
          "modelVersion": "2024-04-16"
        },
        "id": "Sanitized",
        "createdAt": "2024-06-14T13:04:01Z",
        "expiresAt": "2024-06-15T13:04:01Z",
        "updatedAt": "2024-06-14T13:04:04Z",
        "status": "succeeded"
      }
    }
  ],
  "Variables": {}
}
