{
  "Entries": [
    {
      "RequestUri": "https://amandapreprod.blob.core.windows.net/test-container-18fcc947-3844-e777-c092-2b473c5061c1?restype=container",
      "RequestMethod": "PUT",
      "RequestHeaders": {
        "Accept": "application/xml",
        "Authorization": "Sanitized",
        "Content-Length": "0",
        "traceparent": "00-240002f64b65564cb7cbe64dcca14586-658104a1f774dd6a-00",
        "User-Agent": "azsdk-net-Storage.Blobs/12.24.0-alpha.20250212.1 (.NET 8.0.13; Microsoft Windows 10.0.26100)",
        "x-ms-client-request-id": "Sanitized",
        "x-ms-date": "Thu, 13 Feb 2025 01:25:26 GMT",
        "x-ms-return-client-request-id": "true",
        "x-ms-version": "2025-05-05"
      },
      "RequestBody": null,
      "StatusCode": 201,
      "ResponseHeaders": {
        "Content-Length": "0",
        "Date": "Thu, 13 Feb 2025 01:25:26 GMT",
        "ETag": "\"0x8DD4BCD4BA637B0\"",
        "Last-Modified": "Thu, 13 Feb 2025 01:25:26 GMT",
        "Server": [
          "Windows-Azure-Blob/1.0",
          "Microsoft-HTTPAPI/2.0"
        ],
        "x-ms-client-request-id": "Sanitized",
        "x-ms-request-id": "0912dbcd-901e-0048-40b6-7dbd83000000",
        "x-ms-version": "2025-05-05"
      },
      "ResponseBody": null
    },
    {
      "RequestUri": "https://amandapreprod.blob.core.windows.net/test-container-18fcc947-3844-e777-c092-2b473c5061c1/test-blob-c8f8dd3b-90e4-3beb-48c7-b75533c510da",
      "RequestMethod": "PUT",
      "RequestHeaders": {
        "Accept": "application/xml",
        "Authorization": "Sanitized",
        "Content-Length": "0",
        "If-None-Match": "*",
        "traceparent": "00-4d4349357fde4f58ebeb36fae987278d-9d7f9ddaac553775-00",
        "User-Agent": "azsdk-net-Storage.Blobs/12.24.0-alpha.20250212.1 (.NET 8.0.13; Microsoft Windows 10.0.26100)",
        "x-ms-blob-content-length": "1024",
        "x-ms-blob-sequence-number": "0",
        "x-ms-blob-type": "PageBlob",
        "x-ms-client-request-id": "Sanitized",
        "x-ms-date": "Thu, 13 Feb 2025 01:25:26 GMT",
        "x-ms-return-client-request-id": "true",
        "x-ms-version": "2025-05-05"
      },
      "RequestBody": null,
      "StatusCode": 201,
      "ResponseHeaders": {
        "Content-Length": "0",
        "Date": "Thu, 13 Feb 2025 01:25:26 GMT",
        "ETag": "\"0x8DD4BCD4BC102E4\"",
        "Last-Modified": "Thu, 13 Feb 2025 01:25:26 GMT",
        "Server": [
          "Windows-Azure-Blob/1.0",
          "Microsoft-HTTPAPI/2.0"
        ],
        "x-ms-client-request-id": "Sanitized",
        "x-ms-request-id": "0912dc05-901e-0048-6bb6-7dbd83000000",
        "x-ms-request-server-encrypted": "true",
        "x-ms-version": "2025-05-05"
      },
      "ResponseBody": null
    },
    {
      "RequestUri": "https://amandapreprod.blob.core.windows.net/test-container-18fcc947-3844-e777-c092-2b473c5061c1/test-blob-c8f8dd3b-90e4-3beb-48c7-b75533c510da?comp=page",
      "RequestMethod": "PUT",
      "RequestHeaders": {
        "Accept": "application/xml",
        "Authorization": "Sanitized",
        "Content-Length": "0",
        "traceparent": "00-1e0b9b40f5fca8b53a08de19d1e74844-1a615ced4fa998c8-00",
        "User-Agent": "azsdk-net-Storage.Blobs/12.24.0-alpha.20250212.1 (.NET 8.0.13; Microsoft Windows 10.0.26100)",
        "x-ms-client-request-id": "Sanitized",
        "x-ms-date": "Thu, 13 Feb 2025 01:25:26 GMT",
        "x-ms-page-write": "clear",
        "x-ms-range": "bytes=0-1023",
        "x-ms-return-client-request-id": "true",
        "x-ms-version": "2025-05-05"
      },
      "RequestBody": null,
      "StatusCode": 201,
      "ResponseHeaders": {
        "Content-Length": "0",
        "Date": "Thu, 13 Feb 2025 01:25:26 GMT",
        "ETag": "\"0x8DD4BCD4BCBF307\"",
        "Last-Modified": "Thu, 13 Feb 2025 01:25:26 GMT",
        "Server": [
          "Windows-Azure-Blob/1.0",
          "Microsoft-HTTPAPI/2.0"
        ],
        "x-ms-blob-sequence-number": "0",
        "x-ms-client-request-id": "Sanitized",
        "x-ms-request-id": "0912dc1f-901e-0048-02b6-7dbd83000000",
        "x-ms-version": "2025-05-05"
      },
      "ResponseBody": null
    },
    {
      "RequestUri": "https://amandapreprod.blob.core.windows.net/test-container-18fcc947-3844-e777-c092-2b473c5061c1?restype=container",
      "RequestMethod": "DELETE",
      "RequestHeaders": {
        "Accept": "application/xml",
        "Authorization": "Sanitized",
        "traceparent": "00-58d8945682649dc21d1ac0650cb37db9-1a690b67cd0f6437-00",
        "User-Agent": "azsdk-net-Storage.Blobs/12.24.0-alpha.20250212.1 (.NET 8.0.13; Microsoft Windows 10.0.26100)",
        "x-ms-client-request-id": "Sanitized",
        "x-ms-date": "Thu, 13 Feb 2025 01:25:27 GMT",
        "x-ms-return-client-request-id": "true",
        "x-ms-version": "2025-05-05"
      },
      "RequestBody": null,
      "StatusCode": 202,
      "ResponseHeaders": {
        "Content-Length": "0",
        "Date": "Thu, 13 Feb 2025 01:25:26 GMT",
        "Server": [
          "Windows-Azure-Blob/1.0",
          "Microsoft-HTTPAPI/2.0"
        ],
        "x-ms-client-request-id": "Sanitized",
        "x-ms-request-id": "0912dc56-901e-0048-36b6-7dbd83000000",
        "x-ms-version": "2025-05-05"
      },
      "ResponseBody": null
    },
    {
      "RequestUri": "https://amandapreprod.blob.core.windows.net/test-container-db27945c-a471-8ad1-2e45-6ea944bdded0?restype=container",
      "RequestMethod": "PUT",
      "RequestHeaders": {
        "Accept": "application/xml",
        "Authorization": "Sanitized",
        "Content-Length": "0",
        "traceparent": "00-2f338451397bce24cf6046b066897ccd-3acad1fba8fc7e55-00",
        "User-Agent": "azsdk-net-Storage.Blobs/12.24.0-alpha.20250212.1 (.NET 8.0.13; Microsoft Windows 10.0.26100)",
        "x-ms-client-request-id": "Sanitized",
        "x-ms-date": "Thu, 13 Feb 2025 01:25:27 GMT",
        "x-ms-return-client-request-id": "true",
        "x-ms-version": "2025-05-05"
      },
      "RequestBody": null,
      "StatusCode": 201,
      "ResponseHeaders": {
        "Content-Length": "0",
        "Date": "Thu, 13 Feb 2025 01:25:26 GMT",
        "ETag": "\"0x8DD4BCD4BF70695\"",
        "Last-Modified": "Thu, 13 Feb 2025 01:25:27 GMT",
        "Server": [
          "Windows-Azure-Blob/1.0",
          "Microsoft-HTTPAPI/2.0"
        ],
        "x-ms-client-request-id": "Sanitized",
        "x-ms-request-id": "0912dc7a-901e-0048-55b6-7dbd83000000",
        "x-ms-version": "2025-05-05"
      },
      "ResponseBody": null
    },
    {
      "RequestUri": "https://amandapreprod.blob.core.windows.net/test-container-db27945c-a471-8ad1-2e45-6ea944bdded0/test-blob-2964f822-4588-574d-9ad4-694a4fefabd8",
      "RequestMethod": "PUT",
      "RequestHeaders": {
        "Accept": "application/xml",
        "Authorization": "Sanitized",
        "Content-Length": "0",
        "If-None-Match": "*",
        "traceparent": "00-1b64ac98b01ba51dd5eac16dd71e4990-b058ba9e1a72e494-00",
        "User-Agent": "azsdk-net-Storage.Blobs/12.24.0-alpha.20250212.1 (.NET 8.0.13; Microsoft Windows 10.0.26100)",
        "x-ms-blob-content-length": "1024",
        "x-ms-blob-sequence-number": "0",
        "x-ms-blob-type": "PageBlob",
        "x-ms-client-request-id": "Sanitized",
        "x-ms-date": "Thu, 13 Feb 2025 01:25:27 GMT",
        "x-ms-return-client-request-id": "true",
        "x-ms-version": "2025-05-05"
      },
      "RequestBody": null,
      "StatusCode": 201,
      "ResponseHeaders": {
        "Content-Length": "0",
        "Date": "Thu, 13 Feb 2025 01:25:26 GMT",
        "ETag": "\"0x8DD4BCD4BFF2596\"",
        "Last-Modified": "Thu, 13 Feb 2025 01:25:27 GMT",
        "Server": [
          "Windows-Azure-Blob/1.0",
          "Microsoft-HTTPAPI/2.0"
        ],
        "x-ms-client-request-id": "Sanitized",
        "x-ms-request-id": "0912dc92-901e-0048-6ab6-7dbd83000000",
        "x-ms-request-server-encrypted": "true",
        "x-ms-version": "2025-05-05"
      },
      "ResponseBody": null
    },
    {
      "RequestUri": "https://amandapreprod.blob.core.windows.net/test-container-db27945c-a471-8ad1-2e45-6ea944bdded0/test-blob-2964f822-4588-574d-9ad4-694a4fefabd8?comp=page",
      "RequestMethod": "PUT",
      "RequestHeaders": {
        "Accept": "application/xml",
        "Authorization": "Sanitized",
        "Content-Length": "0",
        "If-Modified-Since": "Wed, 12 Feb 2025 01:25:26 GMT",
        "traceparent": "00-5243a1ee6081ba6833552351b8d867ae-34c345ac832ab50e-00",
        "User-Agent": "azsdk-net-Storage.Blobs/12.24.0-alpha.20250212.1 (.NET 8.0.13; Microsoft Windows 10.0.26100)",
        "x-ms-client-request-id": "Sanitized",
        "x-ms-date": "Thu, 13 Feb 2025 01:25:27 GMT",
        "x-ms-page-write": "clear",
        "x-ms-range": "bytes=0-1023",
        "x-ms-return-client-request-id": "true",
        "x-ms-version": "2025-05-05"
      },
      "RequestBody": null,
      "StatusCode": 201,
      "ResponseHeaders": {
        "Content-Length": "0",
        "Date": "Thu, 13 Feb 2025 01:25:27 GMT",
        "ETag": "\"0x8DD4BCD4C0890E3\"",
        "Last-Modified": "Thu, 13 Feb 2025 01:25:27 GMT",
        "Server": [
          "Windows-Azure-Blob/1.0",
          "Microsoft-HTTPAPI/2.0"
        ],
        "x-ms-blob-sequence-number": "0",
        "x-ms-client-request-id": "Sanitized",
        "x-ms-request-id": "0912dcae-901e-0048-02b6-7dbd83000000",
        "x-ms-version": "2025-05-05"
      },
      "ResponseBody": null
    },
    {
      "RequestUri": "https://amandapreprod.blob.core.windows.net/test-container-db27945c-a471-8ad1-2e45-6ea944bdded0?restype=container",
      "RequestMethod": "DELETE",
      "RequestHeaders": {
        "Accept": "application/xml",
        "Authorization": "Sanitized",
        "traceparent": "00-fa3e41a3577a3ff9afe5e7f3aab60f84-fafbe96d3b7a36be-00",
        "User-Agent": "azsdk-net-Storage.Blobs/12.24.0-alpha.20250212.1 (.NET 8.0.13; Microsoft Windows 10.0.26100)",
        "x-ms-client-request-id": "Sanitized",
        "x-ms-date": "Thu, 13 Feb 2025 01:25:27 GMT",
        "x-ms-return-client-request-id": "true",
        "x-ms-version": "2025-05-05"
      },
      "RequestBody": null,
      "StatusCode": 202,
      "ResponseHeaders": {
        "Content-Length": "0",
        "Date": "Thu, 13 Feb 2025 01:25:27 GMT",
        "Server": [
          "Windows-Azure-Blob/1.0",
          "Microsoft-HTTPAPI/2.0"
        ],
        "x-ms-client-request-id": "Sanitized",
        "x-ms-request-id": "0912dcc1-901e-0048-13b6-7dbd83000000",
        "x-ms-version": "2025-05-05"
      },
      "ResponseBody": null
    },
    {
      "RequestUri": "https://amandapreprod.blob.core.windows.net/test-container-2fb5190e-f369-ca50-f91f-80ed2f2e7da1?restype=container",
      "RequestMethod": "PUT",
      "RequestHeaders": {
        "Accept": "application/xml",
        "Authorization": "Sanitized",
        "Content-Length": "0",
        "traceparent": "00-20baeb2c51e2afaacd17354f565126ee-1ae4156a8b0cf2bb-00",
        "User-Agent": "azsdk-net-Storage.Blobs/12.24.0-alpha.20250212.1 (.NET 8.0.13; Microsoft Windows 10.0.26100)",
        "x-ms-client-request-id": "Sanitized",
        "x-ms-date": "Thu, 13 Feb 2025 01:25:27 GMT",
        "x-ms-return-client-request-id": "true",
        "x-ms-version": "2025-05-05"
      },
      "RequestBody": null,
      "StatusCode": 201,
      "ResponseHeaders": {
        "Content-Length": "0",
        "Date": "Thu, 13 Feb 2025 01:25:27 GMT",
        "ETag": "\"0x8DD4BCD4C1E4B01\"",
        "Last-Modified": "Thu, 13 Feb 2025 01:25:27 GMT",
        "Server": [
          "Windows-Azure-Blob/1.0",
          "Microsoft-HTTPAPI/2.0"
        ],
        "x-ms-client-request-id": "Sanitized",
        "x-ms-request-id": "0912dcdb-901e-0048-2bb6-7dbd83000000",
        "x-ms-version": "2025-05-05"
      },
      "ResponseBody": null
    },
    {
      "RequestUri": "https://amandapreprod.blob.core.windows.net/test-container-2fb5190e-f369-ca50-f91f-80ed2f2e7da1/test-blob-0f4c495e-9727-c526-3b78-c67ad4f4a529",
      "RequestMethod": "PUT",
      "RequestHeaders": {
        "Accept": "application/xml",
        "Authorization": "Sanitized",
        "Content-Length": "0",
        "If-None-Match": "*",
        "traceparent": "00-d9b7a06d943360d84722cd518bc994bc-e38931df2f16b6f6-00",
        "User-Agent": "azsdk-net-Storage.Blobs/12.24.0-alpha.20250212.1 (.NET 8.0.13; Microsoft Windows 10.0.26100)",
        "x-ms-blob-content-length": "1024",
        "x-ms-blob-sequence-number": "0",
        "x-ms-blob-type": "PageBlob",
        "x-ms-client-request-id": "Sanitized",
        "x-ms-date": "Thu, 13 Feb 2025 01:25:27 GMT",
        "x-ms-return-client-request-id": "true",
        "x-ms-version": "2025-05-05"
      },
      "RequestBody": null,
      "StatusCode": 201,
      "ResponseHeaders": {
        "Content-Length": "0",
        "Date": "Thu, 13 Feb 2025 01:25:27 GMT",
        "ETag": "\"0x8DD4BCD4C267EA2\"",
        "Last-Modified": "Thu, 13 Feb 2025 01:25:27 GMT",
        "Server": [
          "Windows-Azure-Blob/1.0",
          "Microsoft-HTTPAPI/2.0"
        ],
        "x-ms-client-request-id": "Sanitized",
        "x-ms-request-id": "0912dcf0-901e-0048-3cb6-7dbd83000000",
        "x-ms-request-server-encrypted": "true",
        "x-ms-version": "2025-05-05"
      },
      "ResponseBody": null
    },
    {
      "RequestUri": "https://amandapreprod.blob.core.windows.net/test-container-2fb5190e-f369-ca50-f91f-80ed2f2e7da1/test-blob-0f4c495e-9727-c526-3b78-c67ad4f4a529?comp=page",
      "RequestMethod": "PUT",
      "RequestHeaders": {
        "Accept": "application/xml",
        "Authorization": "Sanitized",
        "Content-Length": "0",
        "If-Unmodified-Since": "Fri, 14 Feb 2025 01:25:26 GMT",
        "traceparent": "00-3d3154e2ccf5d462c29857d64d60213c-5ec39a461a102e16-00",
        "User-Agent": "azsdk-net-Storage.Blobs/12.24.0-alpha.20250212.1 (.NET 8.0.13; Microsoft Windows 10.0.26100)",
        "x-ms-client-request-id": "Sanitized",
        "x-ms-date": "Thu, 13 Feb 2025 01:25:27 GMT",
        "x-ms-page-write": "clear",
        "x-ms-range": "bytes=0-1023",
        "x-ms-return-client-request-id": "true",
        "x-ms-version": "2025-05-05"
      },
      "RequestBody": null,
      "StatusCode": 201,
      "ResponseHeaders": {
        "Content-Length": "0",
        "Date": "Thu, 13 Feb 2025 01:25:27 GMT",
        "ETag": "\"0x8DD4BCD4C2FE9EA\"",
        "Last-Modified": "Thu, 13 Feb 2025 01:25:27 GMT",
        "Server": [
          "Windows-Azure-Blob/1.0",
          "Microsoft-HTTPAPI/2.0"
        ],
        "x-ms-blob-sequence-number": "0",
        "x-ms-client-request-id": "Sanitized",
        "x-ms-request-id": "0912dd07-901e-0048-4fb6-7dbd83000000",
        "x-ms-version": "2025-05-05"
      },
      "ResponseBody": null
    },
    {
      "RequestUri": "https://amandapreprod.blob.core.windows.net/test-container-2fb5190e-f369-ca50-f91f-80ed2f2e7da1?restype=container",
      "RequestMethod": "DELETE",
      "RequestHeaders": {
        "Accept": "application/xml",
        "Authorization": "Sanitized",
        "traceparent": "00-1ac62ea0d927937a0b4780aad6fa8a07-f20bb8b17b180ea4-00",
        "User-Agent": "azsdk-net-Storage.Blobs/12.24.0-alpha.20250212.1 (.NET 8.0.13; Microsoft Windows 10.0.26100)",
        "x-ms-client-request-id": "Sanitized",
        "x-ms-date": "Thu, 13 Feb 2025 01:25:27 GMT",
        "x-ms-return-client-request-id": "true",
        "x-ms-version": "2025-05-05"
      },
      "RequestBody": null,
      "StatusCode": 202,
      "ResponseHeaders": {
        "Content-Length": "0",
        "Date": "Thu, 13 Feb 2025 01:25:27 GMT",
        "Server": [
          "Windows-Azure-Blob/1.0",
          "Microsoft-HTTPAPI/2.0"
        ],
        "x-ms-client-request-id": "Sanitized",
        "x-ms-request-id": "0912dd1b-901e-0048-63b6-7dbd83000000",
        "x-ms-version": "2025-05-05"
      },
      "ResponseBody": null
    },
    {
      "RequestUri": "https://amandapreprod.blob.core.windows.net/test-container-34a1b7f0-bdda-3f3f-14b3-c4443ae2f825?restype=container",
      "RequestMethod": "PUT",
      "RequestHeaders": {
        "Accept": "application/xml",
        "Authorization": "Sanitized",
        "Content-Length": "0",
        "traceparent": "00-085cce51e7a42720adfc8a5e8b3d065d-84f756e91772700a-00",
        "User-Agent": "azsdk-net-Storage.Blobs/12.24.0-alpha.20250212.1 (.NET 8.0.13; Microsoft Windows 10.0.26100)",
        "x-ms-client-request-id": "Sanitized",
        "x-ms-date": "Thu, 13 Feb 2025 01:25:27 GMT",
        "x-ms-return-client-request-id": "true",
        "x-ms-version": "2025-05-05"
      },
      "RequestBody": null,
      "StatusCode": 201,
      "ResponseHeaders": {
        "Content-Length": "0",
        "Date": "Thu, 13 Feb 2025 01:25:27 GMT",
        "ETag": "\"0x8DD4BCD4C45FD41\"",
        "Last-Modified": "Thu, 13 Feb 2025 01:25:27 GMT",
        "Server": [
          "Windows-Azure-Blob/1.0",
          "Microsoft-HTTPAPI/2.0"
        ],
        "x-ms-client-request-id": "Sanitized",
        "x-ms-request-id": "0912dd37-901e-0048-7db6-7dbd83000000",
        "x-ms-version": "2025-05-05"
      },
      "ResponseBody": null
    },
    {
      "RequestUri": "https://amandapreprod.blob.core.windows.net/test-container-34a1b7f0-bdda-3f3f-14b3-c4443ae2f825/test-blob-699ec998-cbf5-65fa-5dc3-c9f830398da2",
      "RequestMethod": "PUT",
      "RequestHeaders": {
        "Accept": "application/xml",
        "Authorization": "Sanitized",
        "Content-Length": "0",
        "If-None-Match": "*",
        "traceparent": "00-1f7f215835925211a05feae011dc95fb-9f3b87c8721e7832-00",
        "User-Agent": "azsdk-net-Storage.Blobs/12.24.0-alpha.20250212.1 (.NET 8.0.13; Microsoft Windows 10.0.26100)",
        "x-ms-blob-content-length": "1024",
        "x-ms-blob-sequence-number": "0",
        "x-ms-blob-type": "PageBlob",
        "x-ms-client-request-id": "Sanitized",
        "x-ms-date": "Thu, 13 Feb 2025 01:25:27 GMT",
        "x-ms-return-client-request-id": "true",
        "x-ms-version": "2025-05-05"
      },
      "RequestBody": null,
      "StatusCode": 201,
      "ResponseHeaders": {
        "Content-Length": "0",
        "Date": "Thu, 13 Feb 2025 01:25:27 GMT",
        "ETag": "\"0x8DD4BCD4C4FD133\"",
        "Last-Modified": "Thu, 13 Feb 2025 01:25:27 GMT",
        "Server": [
          "Windows-Azure-Blob/1.0",
          "Microsoft-HTTPAPI/2.0"
        ],
        "x-ms-client-request-id": "Sanitized",
        "x-ms-request-id": "0912dd4e-901e-0048-12b6-7dbd83000000",
        "x-ms-request-server-encrypted": "true",
        "x-ms-version": "2025-05-05"
      },
      "ResponseBody": null
    },
    {
      "RequestUri": "https://amandapreprod.blob.core.windows.net/test-container-34a1b7f0-bdda-3f3f-14b3-c4443ae2f825/test-blob-699ec998-cbf5-65fa-5dc3-c9f830398da2",
      "RequestMethod": "HEAD",
      "RequestHeaders": {
        "Accept": "application/xml",
        "Authorization": "Sanitized",
        "traceparent": "00-66bfa73b0e7b2fee749b03b1b1901cb5-3f358ffa3e2e28d5-00",
        "User-Agent": "azsdk-net-Storage.Blobs/12.24.0-alpha.20250212.1 (.NET 8.0.13; Microsoft Windows 10.0.26100)",
        "x-ms-client-request-id": "Sanitized",
        "x-ms-date": "Thu, 13 Feb 2025 01:25:27 GMT",
        "x-ms-return-client-request-id": "true",
        "x-ms-version": "2025-05-05"
      },
      "RequestBody": null,
      "StatusCode": 200,
      "ResponseHeaders": {
        "Accept-Ranges": "bytes",
        "Content-Length": "1024",
        "Content-Type": "application/octet-stream",
        "Date": "Thu, 13 Feb 2025 01:25:27 GMT",
        "ETag": "\"0x8DD4BCD4C4FD133\"",
        "Last-Modified": "Thu, 13 Feb 2025 01:25:27 GMT",
        "Server": [
          "Windows-Azure-Blob/1.0",
          "Microsoft-HTTPAPI/2.0"
        ],
        "x-ms-blob-sequence-number": "0",
        "x-ms-blob-type": "PageBlob",
        "x-ms-client-request-id": "Sanitized",
        "x-ms-creation-time": "Thu, 13 Feb 2025 01:25:27 GMT",
        "x-ms-lease-state": "available",
        "x-ms-lease-status": "unlocked",
        "x-ms-request-id": "0912dd60-901e-0048-24b6-7dbd83000000",
        "x-ms-server-encrypted": "true",
        "x-ms-version": "2025-05-05"
      },
      "ResponseBody": null
    },
    {
      "RequestUri": "https://amandapreprod.blob.core.windows.net/test-container-34a1b7f0-bdda-3f3f-14b3-c4443ae2f825/test-blob-699ec998-cbf5-65fa-5dc3-c9f830398da2?comp=page",
      "RequestMethod": "PUT",
      "RequestHeaders": {
        "Accept": "application/xml",
        "Authorization": "Sanitized",
        "Content-Length": "0",
        "If-Match": "0x8DD4BCD4C4FD133",
        "traceparent": "00-dd6dd4a0b6fe2fc7e3f788f0fe0fe287-d248dc84af0eeeda-00",
        "User-Agent": "azsdk-net-Storage.Blobs/12.24.0-alpha.20250212.1 (.NET 8.0.13; Microsoft Windows 10.0.26100)",
        "x-ms-client-request-id": "Sanitized",
        "x-ms-date": "Thu, 13 Feb 2025 01:25:27 GMT",
        "x-ms-page-write": "clear",
        "x-ms-range": "bytes=0-1023",
        "x-ms-return-client-request-id": "true",
        "x-ms-version": "2025-05-05"
      },
      "RequestBody": null,
      "StatusCode": 201,
      "ResponseHeaders": {
        "Content-Length": "0",
        "Date": "Thu, 13 Feb 2025 01:25:27 GMT",
        "ETag": "\"0x8DD4BCD4C636A43\"",
        "Last-Modified": "Thu, 13 Feb 2025 01:25:27 GMT",
        "Server": [
          "Windows-Azure-Blob/1.0",
          "Microsoft-HTTPAPI/2.0"
        ],
        "x-ms-blob-sequence-number": "0",
        "x-ms-client-request-id": "Sanitized",
        "x-ms-request-id": "0912dd72-901e-0048-36b6-7dbd83000000",
        "x-ms-version": "2025-05-05"
      },
      "ResponseBody": null
    },
    {
      "RequestUri": "https://amandapreprod.blob.core.windows.net/test-container-34a1b7f0-bdda-3f3f-14b3-c4443ae2f825?restype=container",
      "RequestMethod": "DELETE",
      "RequestHeaders": {
        "Accept": "application/xml",
        "Authorization": "Sanitized",
        "traceparent": "00-78056cfa96990ea3f6a0df195ade138f-bd5ef563e530ffc2-00",
        "User-Agent": "azsdk-net-Storage.Blobs/12.24.0-alpha.20250212.1 (.NET 8.0.13; Microsoft Windows 10.0.26100)",
        "x-ms-client-request-id": "Sanitized",
        "x-ms-date": "Thu, 13 Feb 2025 01:25:28 GMT",
        "x-ms-return-client-request-id": "true",
        "x-ms-version": "2025-05-05"
      },
      "RequestBody": null,
      "StatusCode": 202,
      "ResponseHeaders": {
        "Content-Length": "0",
        "Date": "Thu, 13 Feb 2025 01:25:27 GMT",
        "Server": [
          "Windows-Azure-Blob/1.0",
          "Microsoft-HTTPAPI/2.0"
        ],
        "x-ms-client-request-id": "Sanitized",
        "x-ms-request-id": "0912dd7e-901e-0048-41b6-7dbd83000000",
        "x-ms-version": "2025-05-05"
      },
      "ResponseBody": null
    },
    {
      "RequestUri": "https://amandapreprod.blob.core.windows.net/test-container-1c648e43-87b9-1f09-252c-e96615853efc?restype=container",
      "RequestMethod": "PUT",
      "RequestHeaders": {
        "Accept": "application/xml",
        "Authorization": "Sanitized",
        "Content-Length": "0",
        "traceparent": "00-4beabb5910263e6199954cc979d08963-94d4af2237e886ff-00",
        "User-Agent": "azsdk-net-Storage.Blobs/12.24.0-alpha.20250212.1 (.NET 8.0.13; Microsoft Windows 10.0.26100)",
        "x-ms-client-request-id": "Sanitized",
        "x-ms-date": "Thu, 13 Feb 2025 01:25:28 GMT",
        "x-ms-return-client-request-id": "true",
        "x-ms-version": "2025-05-05"
      },
      "RequestBody": null,
      "StatusCode": 201,
      "ResponseHeaders": {
        "Content-Length": "0",
        "Date": "Thu, 13 Feb 2025 01:25:27 GMT",
        "ETag": "\"0x8DD4BCD4C7904F2\"",
        "Last-Modified": "Thu, 13 Feb 2025 01:25:27 GMT",
        "Server": [
          "Windows-Azure-Blob/1.0",
          "Microsoft-HTTPAPI/2.0"
        ],
        "x-ms-client-request-id": "Sanitized",
        "x-ms-request-id": "0912dd9e-901e-0048-5db6-7dbd83000000",
        "x-ms-version": "2025-05-05"
      },
      "ResponseBody": null
    },
    {
      "RequestUri": "https://amandapreprod.blob.core.windows.net/test-container-1c648e43-87b9-1f09-252c-e96615853efc/test-blob-ecf20de0-f6d4-ae64-6e28-4cf8629fe8d0",
      "RequestMethod": "PUT",
      "RequestHeaders": {
        "Accept": "application/xml",
        "Authorization": "Sanitized",
        "Content-Length": "0",
        "If-None-Match": "*",
        "traceparent": "00-da25970950f2b02177e339a327de8e71-1f95eb9c528a6270-00",
        "User-Agent": "azsdk-net-Storage.Blobs/12.24.0-alpha.20250212.1 (.NET 8.0.13; Microsoft Windows 10.0.26100)",
        "x-ms-blob-content-length": "1024",
        "x-ms-blob-sequence-number": "0",
        "x-ms-blob-type": "PageBlob",
        "x-ms-client-request-id": "Sanitized",
        "x-ms-date": "Thu, 13 Feb 2025 01:25:28 GMT",
        "x-ms-return-client-request-id": "true",
        "x-ms-version": "2025-05-05"
      },
      "RequestBody": null,
      "StatusCode": 201,
      "ResponseHeaders": {
        "Content-Length": "0",
        "Date": "Thu, 13 Feb 2025 01:25:27 GMT",
        "ETag": "\"0x8DD4BCD4C80E34E\"",
        "Last-Modified": "Thu, 13 Feb 2025 01:25:28 GMT",
        "Server": [
          "Windows-Azure-Blob/1.0",
          "Microsoft-HTTPAPI/2.0"
        ],
        "x-ms-client-request-id": "Sanitized",
        "x-ms-request-id": "0912ddb5-901e-0048-72b6-7dbd83000000",
        "x-ms-request-server-encrypted": "true",
        "x-ms-version": "2025-05-05"
      },
      "ResponseBody": null
    },
    {
      "RequestUri": "https://amandapreprod.blob.core.windows.net/test-container-1c648e43-87b9-1f09-252c-e96615853efc/test-blob-ecf20de0-f6d4-ae64-6e28-4cf8629fe8d0?comp=page",
      "RequestMethod": "PUT",
      "RequestHeaders": {
        "Accept": "application/xml",
        "Authorization": "Sanitized",
        "Content-Length": "0",
        "If-None-Match": "\"garbage\"",
        "traceparent": "00-eb4650f60d60a60ebfcf260a1aa48758-58cde3cd51790de9-00",
        "User-Agent": "azsdk-net-Storage.Blobs/12.24.0-alpha.20250212.1 (.NET 8.0.13; Microsoft Windows 10.0.26100)",
        "x-ms-client-request-id": "Sanitized",
        "x-ms-date": "Thu, 13 Feb 2025 01:25:28 GMT",
        "x-ms-page-write": "clear",
        "x-ms-range": "bytes=0-1023",
        "x-ms-return-client-request-id": "true",
        "x-ms-version": "2025-05-05"
      },
      "RequestBody": null,
      "StatusCode": 201,
      "ResponseHeaders": {
        "Content-Length": "0",
        "Date": "Thu, 13 Feb 2025 01:25:27 GMT",
        "ETag": "\"0x8DD4BCD4C8A9C69\"",
        "Last-Modified": "Thu, 13 Feb 2025 01:25:28 GMT",
        "Server": [
          "Windows-Azure-Blob/1.0",
          "Microsoft-HTTPAPI/2.0"
        ],
        "x-ms-blob-sequence-number": "0",
        "x-ms-client-request-id": "Sanitized",
        "x-ms-request-id": "0912ddcf-901e-0048-0ab6-7dbd83000000",
        "x-ms-version": "2025-05-05"
      },
      "ResponseBody": null
    },
    {
      "RequestUri": "https://amandapreprod.blob.core.windows.net/test-container-1c648e43-87b9-1f09-252c-e96615853efc?restype=container",
      "RequestMethod": "DELETE",
      "RequestHeaders": {
        "Accept": "application/xml",
        "Authorization": "Sanitized",
        "traceparent": "00-568a09b3e3795998112cda2b48ac93ca-747e0d8ae6cff3b9-00",
        "User-Agent": "azsdk-net-Storage.Blobs/12.24.0-alpha.20250212.1 (.NET 8.0.13; Microsoft Windows 10.0.26100)",
        "x-ms-client-request-id": "Sanitized",
        "x-ms-date": "Thu, 13 Feb 2025 01:25:28 GMT",
        "x-ms-return-client-request-id": "true",
        "x-ms-version": "2025-05-05"
      },
      "RequestBody": null,
      "StatusCode": 202,
      "ResponseHeaders": {
        "Content-Length": "0",
        "Date": "Thu, 13 Feb 2025 01:25:27 GMT",
        "Server": [
          "Windows-Azure-Blob/1.0",
          "Microsoft-HTTPAPI/2.0"
        ],
        "x-ms-client-request-id": "Sanitized",
        "x-ms-request-id": "0912dde6-901e-0048-1eb6-7dbd83000000",
        "x-ms-version": "2025-05-05"
      },
      "ResponseBody": null
    },
    {
      "RequestUri": "https://amandapreprod.blob.core.windows.net/test-container-3a413983-714d-3330-e848-ef39067ae142?restype=container",
      "RequestMethod": "PUT",
      "RequestHeaders": {
        "Accept": "application/xml",
        "Authorization": "Sanitized",
        "Content-Length": "0",
        "traceparent": "00-d4f500bce69e2804e4349f55a50b36ff-4b00caf444b0c00f-00",
        "User-Agent": "azsdk-net-Storage.Blobs/12.24.0-alpha.20250212.1 (.NET 8.0.13; Microsoft Windows 10.0.26100)",
        "x-ms-client-request-id": "Sanitized",
        "x-ms-date": "Thu, 13 Feb 2025 01:25:28 GMT",
        "x-ms-return-client-request-id": "true",
        "x-ms-version": "2025-05-05"
      },
      "RequestBody": null,
      "StatusCode": 201,
      "ResponseHeaders": {
        "Content-Length": "0",
        "Date": "Thu, 13 Feb 2025 01:25:28 GMT",
        "ETag": "\"0x8DD4BCD4CA03F41\"",
        "Last-Modified": "Thu, 13 Feb 2025 01:25:28 GMT",
        "Server": [
          "Windows-Azure-Blob/1.0",
          "Microsoft-HTTPAPI/2.0"
        ],
        "x-ms-client-request-id": "Sanitized",
        "x-ms-request-id": "0912ddfa-901e-0048-31b6-7dbd83000000",
        "x-ms-version": "2025-05-05"
      },
      "ResponseBody": null
    },
    {
      "RequestUri": "https://amandapreprod.blob.core.windows.net/test-container-3a413983-714d-3330-e848-ef39067ae142/test-blob-32995013-b3c9-1971-a71a-0dd68cdc8b33",
      "RequestMethod": "PUT",
      "RequestHeaders": {
        "Accept": "application/xml",
        "Authorization": "Sanitized",
        "Content-Length": "0",
        "If-None-Match": "*",
        "traceparent": "00-6ff6dcd3c6031009c9a2248a3b04b11b-c9ff5cb9801852d5-00",
        "User-Agent": "azsdk-net-Storage.Blobs/12.24.0-alpha.20250212.1 (.NET 8.0.13; Microsoft Windows 10.0.26100)",
        "x-ms-blob-content-length": "1024",
        "x-ms-blob-sequence-number": "0",
        "x-ms-blob-type": "PageBlob",
        "x-ms-client-request-id": "Sanitized",
        "x-ms-date": "Thu, 13 Feb 2025 01:25:28 GMT",
        "x-ms-return-client-request-id": "true",
        "x-ms-version": "2025-05-05"
      },
      "RequestBody": null,
      "StatusCode": 201,
      "ResponseHeaders": {
        "Content-Length": "0",
        "Date": "Thu, 13 Feb 2025 01:25:28 GMT",
        "ETag": "\"0x8DD4BCD4CA86331\"",
        "Last-Modified": "Thu, 13 Feb 2025 01:25:28 GMT",
        "Server": [
          "Windows-Azure-Blob/1.0",
          "Microsoft-HTTPAPI/2.0"
        ],
        "x-ms-client-request-id": "Sanitized",
        "x-ms-request-id": "0912de0a-901e-0048-3fb6-7dbd83000000",
        "x-ms-request-server-encrypted": "true",
        "x-ms-version": "2025-05-05"
      },
      "ResponseBody": null
    },
    {
      "RequestUri": "https://amandapreprod.blob.core.windows.net/test-container-3a413983-714d-3330-e848-ef39067ae142/test-blob-32995013-b3c9-1971-a71a-0dd68cdc8b33?comp=lease",
      "RequestMethod": "PUT",
      "RequestHeaders": {
        "Accept": "application/xml",
        "Authorization": "Sanitized",
        "Content-Length": "0",
        "traceparent": "00-23027bfa6c4a16b8f7e8a2b9b0bdb54b-bdae9337e8c5087d-00",
        "User-Agent": "azsdk-net-Storage.Blobs/12.24.0-alpha.20250212.1 (.NET 8.0.13; Microsoft Windows 10.0.26100)",
        "x-ms-client-request-id": "Sanitized",
        "x-ms-date": "Thu, 13 Feb 2025 01:25:28 GMT",
        "x-ms-lease-action": "acquire",
        "x-ms-lease-duration": "-1",
        "x-ms-proposed-lease-id": "4e1a660b-160f-d17c-7641-143b406d48ea",
        "x-ms-return-client-request-id": "true",
        "x-ms-version": "2025-05-05"
      },
      "RequestBody": null,
      "StatusCode": 201,
      "ResponseHeaders": {
        "Content-Length": "0",
        "Date": "Thu, 13 Feb 2025 01:25:28 GMT",
        "ETag": "\"0x8DD4BCD4CA86331\"",
        "Last-Modified": "Thu, 13 Feb 2025 01:25:28 GMT",
        "Server": [
          "Windows-Azure-Blob/1.0",
          "Microsoft-HTTPAPI/2.0"
        ],
        "x-ms-client-request-id": "Sanitized",
        "x-ms-lease-id": "4e1a660b-160f-d17c-7641-143b406d48ea",
        "x-ms-request-id": "0912de20-901e-0048-54b6-7dbd83000000",
        "x-ms-version": "2025-05-05"
      },
      "ResponseBody": null
    },
    {
      "RequestUri": "https://amandapreprod.blob.core.windows.net/test-container-3a413983-714d-3330-e848-ef39067ae142/test-blob-32995013-b3c9-1971-a71a-0dd68cdc8b33?comp=page",
      "RequestMethod": "PUT",
      "RequestHeaders": {
        "Accept": "application/xml",
        "Authorization": "Sanitized",
        "Content-Length": "0",
        "traceparent": "00-f44d4eb8da68aa36005f0da1e355f6ab-df5695db433264f9-00",
        "User-Agent": "azsdk-net-Storage.Blobs/12.24.0-alpha.20250212.1 (.NET 8.0.13; Microsoft Windows 10.0.26100)",
        "x-ms-client-request-id": "Sanitized",
        "x-ms-date": "Thu, 13 Feb 2025 01:25:28 GMT",
        "x-ms-lease-id": "4e1a660b-160f-d17c-7641-143b406d48ea",
        "x-ms-page-write": "clear",
        "x-ms-range": "bytes=0-1023",
        "x-ms-return-client-request-id": "true",
        "x-ms-version": "2025-05-05"
      },
      "RequestBody": null,
      "StatusCode": 201,
      "ResponseHeaders": {
        "Content-Length": "0",
        "Date": "Thu, 13 Feb 2025 01:25:28 GMT",
        "ETag": "\"0x8DD4BCD4CBCBEA9\"",
        "Last-Modified": "Thu, 13 Feb 2025 01:25:28 GMT",
        "Server": [
          "Windows-Azure-Blob/1.0",
          "Microsoft-HTTPAPI/2.0"
        ],
        "x-ms-blob-sequence-number": "0",
        "x-ms-client-request-id": "Sanitized",
        "x-ms-request-id": "0912de2e-901e-0048-60b6-7dbd83000000",
        "x-ms-version": "2025-05-05"
      },
      "ResponseBody": null
    },
    {
      "RequestUri": "https://amandapreprod.blob.core.windows.net/test-container-3a413983-714d-3330-e848-ef39067ae142?restype=container",
      "RequestMethod": "DELETE",
      "RequestHeaders": {
        "Accept": "application/xml",
        "Authorization": "Sanitized",
        "traceparent": "00-f7f560def65f7369887c4afbd7f259ed-66e7429883a4bee3-00",
        "User-Agent": "azsdk-net-Storage.Blobs/12.24.0-alpha.20250212.1 (.NET 8.0.13; Microsoft Windows 10.0.26100)",
        "x-ms-client-request-id": "Sanitized",
        "x-ms-date": "Thu, 13 Feb 2025 01:25:28 GMT",
        "x-ms-return-client-request-id": "true",
        "x-ms-version": "2025-05-05"
      },
      "RequestBody": null,
      "StatusCode": 202,
      "ResponseHeaders": {
        "Content-Length": "0",
        "Date": "Thu, 13 Feb 2025 01:25:28 GMT",
        "Server": [
          "Windows-Azure-Blob/1.0",
          "Microsoft-HTTPAPI/2.0"
        ],
        "x-ms-client-request-id": "Sanitized",
        "x-ms-request-id": "0912de3a-901e-0048-6bb6-7dbd83000000",
        "x-ms-version": "2025-05-05"
      },
      "ResponseBody": null
    },
    {
      "RequestUri": "https://amandapreprod.blob.core.windows.net/test-container-a0f6b29f-481f-8aac-aabd-0e51c26262e2?restype=container",
      "RequestMethod": "PUT",
      "RequestHeaders": {
        "Accept": "application/xml",
        "Authorization": "Sanitized",
        "Content-Length": "0",
        "traceparent": "00-c2ef09e288704a1319e474e2e57e51cd-573b7c2a0208b10f-00",
        "User-Agent": "azsdk-net-Storage.Blobs/12.24.0-alpha.20250212.1 (.NET 8.0.13; Microsoft Windows 10.0.26100)",
        "x-ms-client-request-id": "Sanitized",
        "x-ms-date": "Thu, 13 Feb 2025 01:25:28 GMT",
        "x-ms-return-client-request-id": "true",
        "x-ms-version": "2025-05-05"
      },
      "RequestBody": null,
      "StatusCode": 201,
      "ResponseHeaders": {
        "Content-Length": "0",
        "Date": "Thu, 13 Feb 2025 01:25:28 GMT",
        "ETag": "\"0x8DD4BCD4CD2480A\"",
        "Last-Modified": "Thu, 13 Feb 2025 01:25:28 GMT",
        "Server": [
          "Windows-Azure-Blob/1.0",
          "Microsoft-HTTPAPI/2.0"
        ],
        "x-ms-client-request-id": "Sanitized",
        "x-ms-request-id": "0912de50-901e-0048-7cb6-7dbd83000000",
        "x-ms-version": "2025-05-05"
      },
      "ResponseBody": null
    },
    {
      "RequestUri": "https://amandapreprod.blob.core.windows.net/test-container-a0f6b29f-481f-8aac-aabd-0e51c26262e2/test-blob-919b50ac-230b-9e45-ab30-a5a5cd7ae8ab",
      "RequestMethod": "PUT",
      "RequestHeaders": {
        "Accept": "application/xml",
        "Authorization": "Sanitized",
        "Content-Length": "0",
        "If-None-Match": "*",
        "traceparent": "00-6de187a1df6a138689d99559f49fefd5-f7b1c29ecb5f4476-00",
        "User-Agent": "azsdk-net-Storage.Blobs/12.24.0-alpha.20250212.1 (.NET 8.0.13; Microsoft Windows 10.0.26100)",
        "x-ms-blob-content-length": "1024",
        "x-ms-blob-sequence-number": "0",
        "x-ms-blob-type": "PageBlob",
        "x-ms-client-request-id": "Sanitized",
        "x-ms-date": "Thu, 13 Feb 2025 01:25:28 GMT",
        "x-ms-return-client-request-id": "true",
        "x-ms-version": "2025-05-05"
      },
      "RequestBody": null,
      "StatusCode": 201,
      "ResponseHeaders": {
        "Content-Length": "0",
        "Date": "Thu, 13 Feb 2025 01:25:28 GMT",
        "ETag": "\"0x8DD4BCD4CDB2107\"",
        "Last-Modified": "Thu, 13 Feb 2025 01:25:28 GMT",
        "Server": [
          "Windows-Azure-Blob/1.0",
          "Microsoft-HTTPAPI/2.0"
        ],
        "x-ms-client-request-id": "Sanitized",
        "x-ms-request-id": "0912de5e-901e-0048-09b6-7dbd83000000",
        "x-ms-request-server-encrypted": "true",
        "x-ms-version": "2025-05-05"
      },
      "ResponseBody": null
    },
    {
      "RequestUri": "https://amandapreprod.blob.core.windows.net/test-container-a0f6b29f-481f-8aac-aabd-0e51c26262e2/test-blob-919b50ac-230b-9e45-ab30-a5a5cd7ae8ab?comp=page",
      "RequestMethod": "PUT",
      "RequestHeaders": {
        "Accept": "application/xml",
        "Authorization": "Sanitized",
        "Content-Length": "0",
        "traceparent": "00-691bd63abba9287a077f578430f8c8b3-4a61df67094772d4-00",
        "User-Agent": "azsdk-net-Storage.Blobs/12.24.0-alpha.20250212.1 (.NET 8.0.13; Microsoft Windows 10.0.26100)",
        "x-ms-client-request-id": "Sanitized",
        "x-ms-date": "Thu, 13 Feb 2025 01:25:28 GMT",
        "x-ms-if-sequence-number-lt": "5",
        "x-ms-page-write": "clear",
        "x-ms-range": "bytes=0-1023",
        "x-ms-return-client-request-id": "true",
        "x-ms-version": "2025-05-05"
      },
      "RequestBody": null,
      "StatusCode": 201,
      "ResponseHeaders": {
        "Content-Length": "0",
        "Date": "Thu, 13 Feb 2025 01:25:28 GMT",
        "ETag": "\"0x8DD4BCD4CE4B33E\"",
        "Last-Modified": "Thu, 13 Feb 2025 01:25:28 GMT",
        "Server": [
          "Windows-Azure-Blob/1.0",
          "Microsoft-HTTPAPI/2.0"
        ],
        "x-ms-blob-sequence-number": "0",
        "x-ms-client-request-id": "Sanitized",
        "x-ms-request-id": "0912de67-901e-0048-12b6-7dbd83000000",
        "x-ms-version": "2025-05-05"
      },
      "ResponseBody": null
    },
    {
      "RequestUri": "https://amandapreprod.blob.core.windows.net/test-container-a0f6b29f-481f-8aac-aabd-0e51c26262e2?restype=container",
      "RequestMethod": "DELETE",
      "RequestHeaders": {
        "Accept": "application/xml",
        "Authorization": "Sanitized",
        "traceparent": "00-a1556f9ec92262801f7164c68b6c23e1-87951c3995c72cf1-00",
        "User-Agent": "azsdk-net-Storage.Blobs/12.24.0-alpha.20250212.1 (.NET 8.0.13; Microsoft Windows 10.0.26100)",
        "x-ms-client-request-id": "Sanitized",
        "x-ms-date": "Thu, 13 Feb 2025 01:25:28 GMT",
        "x-ms-return-client-request-id": "true",
        "x-ms-version": "2025-05-05"
      },
      "RequestBody": null,
      "StatusCode": 202,
      "ResponseHeaders": {
        "Content-Length": "0",
        "Date": "Thu, 13 Feb 2025 01:25:28 GMT",
        "Server": [
          "Windows-Azure-Blob/1.0",
          "Microsoft-HTTPAPI/2.0"
        ],
        "x-ms-client-request-id": "Sanitized",
        "x-ms-request-id": "0912de79-901e-0048-24b6-7dbd83000000",
        "x-ms-version": "2025-05-05"
      },
      "ResponseBody": null
    },
    {
      "RequestUri": "https://amandapreprod.blob.core.windows.net/test-container-c3957230-3c97-98b0-153e-dfe2b2efeff0?restype=container",
      "RequestMethod": "PUT",
      "RequestHeaders": {
        "Accept": "application/xml",
        "Authorization": "Sanitized",
        "Content-Length": "0",
        "traceparent": "00-47bba19095ee31365a42a26fb27b2c50-84fd7c34573f1bfc-00",
        "User-Agent": "azsdk-net-Storage.Blobs/12.24.0-alpha.20250212.1 (.NET 8.0.13; Microsoft Windows 10.0.26100)",
        "x-ms-client-request-id": "Sanitized",
        "x-ms-date": "Thu, 13 Feb 2025 01:25:28 GMT",
        "x-ms-return-client-request-id": "true",
        "x-ms-version": "2025-05-05"
      },
      "RequestBody": null,
      "StatusCode": 201,
      "ResponseHeaders": {
        "Content-Length": "0",
        "Date": "Thu, 13 Feb 2025 01:25:28 GMT",
        "ETag": "\"0x8DD4BCD4CFA37BA\"",
        "Last-Modified": "Thu, 13 Feb 2025 01:25:28 GMT",
        "Server": [
          "Windows-Azure-Blob/1.0",
          "Microsoft-HTTPAPI/2.0"
        ],
        "x-ms-client-request-id": "Sanitized",
        "x-ms-request-id": "0912de82-901e-0048-2db6-7dbd83000000",
        "x-ms-version": "2025-05-05"
      },
      "ResponseBody": null
    },
    {
      "RequestUri": "https://amandapreprod.blob.core.windows.net/test-container-c3957230-3c97-98b0-153e-dfe2b2efeff0/test-blob-435e55c3-5bfc-55d0-4ce2-5130eaf8399b",
      "RequestMethod": "PUT",
      "RequestHeaders": {
        "Accept": "application/xml",
        "Authorization": "Sanitized",
        "Content-Length": "0",
        "If-None-Match": "*",
        "traceparent": "00-4a0ff63852cf3934471f7421ecff5be3-191903109650a001-00",
        "User-Agent": "azsdk-net-Storage.Blobs/12.24.0-alpha.20250212.1 (.NET 8.0.13; Microsoft Windows 10.0.26100)",
        "x-ms-blob-content-length": "1024",
        "x-ms-blob-sequence-number": "0",
        "x-ms-blob-type": "PageBlob",
        "x-ms-client-request-id": "Sanitized",
        "x-ms-date": "Thu, 13 Feb 2025 01:25:29 GMT",
        "x-ms-return-client-request-id": "true",
        "x-ms-version": "2025-05-05"
      },
      "RequestBody": null,
      "StatusCode": 201,
      "ResponseHeaders": {
        "Content-Length": "0",
        "Date": "Thu, 13 Feb 2025 01:25:28 GMT",
        "ETag": "\"0x8DD4BCD4D0473A4\"",
        "Last-Modified": "Thu, 13 Feb 2025 01:25:28 GMT",
        "Server": [
          "Windows-Azure-Blob/1.0",
          "Microsoft-HTTPAPI/2.0"
        ],
        "x-ms-client-request-id": "Sanitized",
        "x-ms-request-id": "0912de99-901e-0048-42b6-7dbd83000000",
        "x-ms-request-server-encrypted": "true",
        "x-ms-version": "2025-05-05"
      },
      "ResponseBody": null
    },
    {
      "RequestUri": "https://amandapreprod.blob.core.windows.net/test-container-c3957230-3c97-98b0-153e-dfe2b2efeff0/test-blob-435e55c3-5bfc-55d0-4ce2-5130eaf8399b?comp=page",
      "RequestMethod": "PUT",
      "RequestHeaders": {
        "Accept": "application/xml",
        "Authorization": "Sanitized",
        "Content-Length": "0",
        "traceparent": "00-02a803e3f49db4c2d4c3179b985b4999-b7782a25049afff4-00",
        "User-Agent": "azsdk-net-Storage.Blobs/12.24.0-alpha.20250212.1 (.NET 8.0.13; Microsoft Windows 10.0.26100)",
        "x-ms-client-request-id": "Sanitized",
        "x-ms-date": "Thu, 13 Feb 2025 01:25:29 GMT",
        "x-ms-if-sequence-number-le": "3",
        "x-ms-page-write": "clear",
        "x-ms-range": "bytes=0-1023",
        "x-ms-return-client-request-id": "true",
        "x-ms-version": "2025-05-05"
      },
      "RequestBody": null,
      "StatusCode": 201,
      "ResponseHeaders": {
        "Content-Length": "0",
        "Date": "Thu, 13 Feb 2025 01:25:28 GMT",
        "ETag": "\"0x8DD4BCD4D0DB80C\"",
        "Last-Modified": "Thu, 13 Feb 2025 01:25:28 GMT",
        "Server": [
          "Windows-Azure-Blob/1.0",
          "Microsoft-HTTPAPI/2.0"
        ],
        "x-ms-blob-sequence-number": "0",
        "x-ms-client-request-id": "Sanitized",
        "x-ms-request-id": "0912dea6-901e-0048-4fb6-7dbd83000000",
        "x-ms-version": "2025-05-05"
      },
      "ResponseBody": null
    },
    {
      "RequestUri": "https://amandapreprod.blob.core.windows.net/test-container-c3957230-3c97-98b0-153e-dfe2b2efeff0?restype=container",
      "RequestMethod": "DELETE",
      "RequestHeaders": {
        "Accept": "application/xml",
        "Authorization": "Sanitized",
        "traceparent": "00-c5164fa52a2e20b125e96c7a8f81e9b0-a54ff2a20f279285-00",
        "User-Agent": "azsdk-net-Storage.Blobs/12.24.0-alpha.20250212.1 (.NET 8.0.13; Microsoft Windows 10.0.26100)",
        "x-ms-client-request-id": "Sanitized",
        "x-ms-date": "Thu, 13 Feb 2025 01:25:29 GMT",
        "x-ms-return-client-request-id": "true",
        "x-ms-version": "2025-05-05"
      },
      "RequestBody": null,
      "StatusCode": 202,
      "ResponseHeaders": {
        "Content-Length": "0",
        "Date": "Thu, 13 Feb 2025 01:25:28 GMT",
        "Server": [
          "Windows-Azure-Blob/1.0",
          "Microsoft-HTTPAPI/2.0"
        ],
        "x-ms-client-request-id": "Sanitized",
        "x-ms-request-id": "0912debe-901e-0048-66b6-7dbd83000000",
        "x-ms-version": "2025-05-05"
      },
      "ResponseBody": null
    },
    {
      "RequestUri": "https://amandapreprod.blob.core.windows.net/test-container-c784528c-c770-61ce-cb73-23f40baca959?restype=container",
      "RequestMethod": "PUT",
      "RequestHeaders": {
        "Accept": "application/xml",
        "Authorization": "Sanitized",
        "Content-Length": "0",
        "traceparent": "00-b6aa2b109e105c0809dadfa1fc1a54cf-fe341e40911e533d-00",
        "User-Agent": "azsdk-net-Storage.Blobs/12.24.0-alpha.20250212.1 (.NET 8.0.13; Microsoft Windows 10.0.26100)",
        "x-ms-client-request-id": "Sanitized",
        "x-ms-date": "Thu, 13 Feb 2025 01:25:29 GMT",
        "x-ms-return-client-request-id": "true",
        "x-ms-version": "2025-05-05"
      },
      "RequestBody": null,
      "StatusCode": 201,
      "ResponseHeaders": {
        "Content-Length": "0",
        "Date": "Thu, 13 Feb 2025 01:25:28 GMT",
        "ETag": "\"0x8DD4BCD4D237853\"",
        "Last-Modified": "Thu, 13 Feb 2025 01:25:29 GMT",
        "Server": [
          "Windows-Azure-Blob/1.0",
          "Microsoft-HTTPAPI/2.0"
        ],
        "x-ms-client-request-id": "Sanitized",
        "x-ms-request-id": "0912dedc-901e-0048-01b6-7dbd83000000",
        "x-ms-version": "2025-05-05"
      },
      "ResponseBody": null
    },
    {
      "RequestUri": "https://amandapreprod.blob.core.windows.net/test-container-c784528c-c770-61ce-cb73-23f40baca959/test-blob-41b830b3-d341-5576-34d4-902df852dbae",
      "RequestMethod": "PUT",
      "RequestHeaders": {
        "Accept": "application/xml",
        "Authorization": "Sanitized",
        "Content-Length": "0",
        "If-None-Match": "*",
        "traceparent": "00-ff1c4eda77b5171b0cda4efcb0e0f594-0d18b0a028a9f4c7-00",
        "User-Agent": "azsdk-net-Storage.Blobs/12.24.0-alpha.20250212.1 (.NET 8.0.13; Microsoft Windows 10.0.26100)",
        "x-ms-blob-content-length": "1024",
        "x-ms-blob-sequence-number": "0",
        "x-ms-blob-type": "PageBlob",
        "x-ms-client-request-id": "Sanitized",
        "x-ms-date": "Thu, 13 Feb 2025 01:25:29 GMT",
        "x-ms-return-client-request-id": "true",
        "x-ms-version": "2025-05-05"
      },
      "RequestBody": null,
      "StatusCode": 201,
      "ResponseHeaders": {
        "Content-Length": "0",
        "Date": "Thu, 13 Feb 2025 01:25:28 GMT",
        "ETag": "\"0x8DD4BCD4D2BF381\"",
        "Last-Modified": "Thu, 13 Feb 2025 01:25:29 GMT",
        "Server": [
          "Windows-Azure-Blob/1.0",
          "Microsoft-HTTPAPI/2.0"
        ],
        "x-ms-client-request-id": "Sanitized",
        "x-ms-request-id": "0912def4-901e-0048-15b6-7dbd83000000",
        "x-ms-request-server-encrypted": "true",
        "x-ms-version": "2025-05-05"
      },
      "ResponseBody": null
    },
    {
      "RequestUri": "https://amandapreprod.blob.core.windows.net/test-container-c784528c-c770-61ce-cb73-23f40baca959/test-blob-41b830b3-d341-5576-34d4-902df852dbae?comp=page",
      "RequestMethod": "PUT",
      "RequestHeaders": {
        "Accept": "application/xml",
        "Authorization": "Sanitized",
        "Content-Length": "0",
        "traceparent": "00-6abf77fd7da7948bc6f1bec97702c8a0-ca6ab4c6443117f8-00",
        "User-Agent": "azsdk-net-Storage.Blobs/12.24.0-alpha.20250212.1 (.NET 8.0.13; Microsoft Windows 10.0.26100)",
        "x-ms-client-request-id": "Sanitized",
        "x-ms-date": "Thu, 13 Feb 2025 01:25:29 GMT",
        "x-ms-if-sequence-number-eq": "0",
        "x-ms-page-write": "clear",
        "x-ms-range": "bytes=0-1023",
        "x-ms-return-client-request-id": "true",
        "x-ms-version": "2025-05-05"
      },
      "RequestBody": null,
      "StatusCode": 201,
      "ResponseHeaders": {
        "Content-Length": "0",
        "Date": "Thu, 13 Feb 2025 01:25:29 GMT",
        "ETag": "\"0x8DD4BCD4D35ACA5\"",
        "Last-Modified": "Thu, 13 Feb 2025 01:25:29 GMT",
        "Server": [
          "Windows-Azure-Blob/1.0",
          "Microsoft-HTTPAPI/2.0"
        ],
        "x-ms-blob-sequence-number": "0",
        "x-ms-client-request-id": "Sanitized",
        "x-ms-request-id": "0912df0e-901e-0048-2eb6-7dbd83000000",
        "x-ms-version": "2025-05-05"
      },
      "ResponseBody": null
    },
    {
      "RequestUri": "https://amandapreprod.blob.core.windows.net/test-container-c784528c-c770-61ce-cb73-23f40baca959?restype=container",
      "RequestMethod": "DELETE",
      "RequestHeaders": {
        "Accept": "application/xml",
        "Authorization": "Sanitized",
        "traceparent": "00-71b3338e9f25107114f5a12f8e8cae30-70d8e767b6f359e8-00",
        "User-Agent": "azsdk-net-Storage.Blobs/12.24.0-alpha.20250212.1 (.NET 8.0.13; Microsoft Windows 10.0.26100)",
        "x-ms-client-request-id": "Sanitized",
        "x-ms-date": "Thu, 13 Feb 2025 01:25:29 GMT",
        "x-ms-return-client-request-id": "true",
        "x-ms-version": "2025-05-05"
      },
      "RequestBody": null,
      "StatusCode": 202,
      "ResponseHeaders": {
        "Content-Length": "0",
        "Date": "Thu, 13 Feb 2025 01:25:29 GMT",
        "Server": [
          "Windows-Azure-Blob/1.0",
          "Microsoft-HTTPAPI/2.0"
        ],
        "x-ms-client-request-id": "Sanitized",
        "x-ms-request-id": "0912df21-901e-0048-41b6-7dbd83000000",
        "x-ms-version": "2025-05-05"
      },
      "ResponseBody": null
    }
  ],
  "Variables": {
    "DateTimeOffsetNow": "2025-02-12T20:25:26.7133069-05:00",
    "RandomSeed": "349858749",
    "Storage_TestConfigDefault": "ProductionTenant\namandapreprod\nU2FuaXRpemVk\nhttps://amandapreprod.blob.core.windows.net\nhttps://amandapreprod.file.core.windows.net\nhttps://amandapreprod.queue.core.windows.net\nhttps://amandapreprod.table.core.windows.net\n\n\n\n\nhttps://amandapreprod-secondary.blob.core.windows.net\nhttps://amandapreprod-secondary.file.core.windows.net\nhttps://amandapreprod-secondary.queue.core.windows.net\nhttps://amandapreprod-secondary.table.core.windows.net\nCloud\nBlobEndpoint=https://amandapreprod.blob.core.windows.net/;QueueEndpoint=https://amandapreprod.queue.core.windows.net/;FileEndpoint=https://amandapreprod.file.core.windows.net/;BlobSecondaryEndpoint=https://amandapreprod-secondary.blob.core.windows.net/;QueueSecondaryEndpoint=https://amandapreprod-secondary.queue.core.windows.net/;FileSecondaryEndpoint=https://amandapreprod-secondary.file.core.windows.net/;AccountName=amandapreprod;AccountKey=U2FuaXRpemVk\nEncryptionScope\n\n"
  }
}
