{
  "Entries": [
    {
      "RequestUri": "https://seancanary.blob.core.windows.net/test-container-403fb26e-3a76-3611-a739-b297bab29e7a?restype=container",
      "RequestMethod": "PUT",
      "RequestHeaders": {
        "Accept": "application/xml",
        "Authorization": "Sanitized",
        "Content-Length": "0",
        "traceparent": "00-79df72d0da2a61bfff32c9104847de6a-92de4503d4f91a44-00",
        "User-Agent": "azsdk-net-Storage.Blobs/12.21.0-alpha.20240606.1 (.NET 7.0.20; Microsoft Windows 10.0.22631)",
        "x-ms-client-request-id": "Sanitized",
        "x-ms-date": "Thu, 06 Jun 2024 23:33:04 GMT",
        "x-ms-return-client-request-id": "true",
        "x-ms-version": "2024-08-04"
      },
      "RequestBody": null,
      "StatusCode": 201,
      "ResponseHeaders": {
        "Content-Length": "0",
        "Date": "Thu, 06 Jun 2024 23:33:05 GMT",
        "ETag": "\"0x8DC8681042821DA\"",
        "Last-Modified": "Thu, 06 Jun 2024 23:33:05 GMT",
        "Server": [
          "Windows-Azure-Blob/1.0",
          "Microsoft-HTTPAPI/2.0"
        ],
        "x-ms-client-request-id": "Sanitized",
        "x-ms-request-id": "c5678666-a01e-0089-6769-b84cf4000000",
        "x-ms-version": "2024-08-04"
      },
      "ResponseBody": null
    },
    {
      "RequestUri": "https://seancanary.blob.core.windows.net/test-container-403fb26e-3a76-3611-a739-b297bab29e7a/test-blob-0aabc8ab-b571-ba3f-ab94-fa34c669c749",
      "RequestMethod": "PUT",
      "RequestHeaders": {
        "Accept": "application/xml",
        "Authorization": "Sanitized",
        "Content-Length": "0",
        "If-None-Match": "*",
        "traceparent": "00-528bfc2949740ff0c7e23b629786e25d-4382b10f1781a5e6-00",
        "User-Agent": "azsdk-net-Storage.Blobs/12.21.0-alpha.20240606.1 (.NET 7.0.20; Microsoft Windows 10.0.22631)",
        "x-ms-blob-content-length": "4096",
        "x-ms-blob-sequence-number": "0",
        "x-ms-blob-type": "PageBlob",
        "x-ms-client-request-id": "Sanitized",
        "x-ms-date": "Thu, 06 Jun 2024 23:33:04 GMT",
        "x-ms-return-client-request-id": "true",
        "x-ms-version": "2024-08-04"
      },
      "RequestBody": null,
      "StatusCode": 201,
      "ResponseHeaders": {
        "Content-Length": "0",
        "Date": "Thu, 06 Jun 2024 23:33:05 GMT",
        "ETag": "\"0x8DC86810435B739\"",
        "Last-Modified": "Thu, 06 Jun 2024 23:33:05 GMT",
        "Server": [
          "Windows-Azure-Blob/1.0",
          "Microsoft-HTTPAPI/2.0"
        ],
        "x-ms-client-request-id": "Sanitized",
        "x-ms-request-id": "c567866c-a01e-0089-6c69-b84cf4000000",
        "x-ms-request-server-encrypted": "true",
        "x-ms-version": "2024-08-04"
      },
      "ResponseBody": null
    },
    {
      "RequestUri": "https://seancanary.blob.core.windows.net/test-container-403fb26e-3a76-3611-a739-b297bab29e7a/test-blob-0aabc8ab-b571-ba3f-ab94-fa34c669c749?comp=pagelist",
      "RequestMethod": "GET",
      "RequestHeaders": {
        "Accept": "application/xml",
        "Authorization": "Sanitized",
        "User-Agent": "azsdk-net-Storage.Blobs/12.21.0-alpha.20240606.1 (.NET 7.0.20; Microsoft Windows 10.0.22631)",
        "x-ms-client-request-id": "Sanitized",
        "x-ms-date": "Thu, 06 Jun 2024 23:33:04 GMT",
        "x-ms-if-tags": "\"coolTag\" = 'true'",
        "x-ms-range": "bytes=0-4095",
        "x-ms-return-client-request-id": "true",
        "x-ms-version": "2024-08-04"
      },
      "RequestBody": null,
      "StatusCode": 412,
      "ResponseHeaders": {
        "Access-Control-Allow-Origin": "*",
        "Access-Control-Expose-Headers": "Content-Length,Content-Type,Date,Server,x-ms-client-request-id,x-ms-error-code,x-ms-request-id,x-ms-version",
        "Content-Length": "253",
        "Content-Type": "application/xml",
        "Date": "Thu, 06 Jun 2024 23:33:05 GMT",
        "Server": [
          "Windows-Azure-Blob/1.0",
          "Microsoft-HTTPAPI/2.0"
        ],
        "x-ms-client-request-id": "Sanitized",
        "x-ms-error-code": "ConditionNotMet",
        "x-ms-request-id": "c5678677-a01e-0089-7769-b84cf4000000",
        "x-ms-version": "2024-08-04"
      },
      "ResponseBody": [
        "\uFEFF<?xml version=\"1.0\" encoding=\"utf-8\"?>\n",
        "<Error><Code>ConditionNotMet</Code><Message>The condition specified using HTTP conditional header(s) is not met.\n",
        "RequestId:c5678677-a01e-0089-7769-b84cf4000000\n",
        "Time:2024-06-06T23:33:06.0679195Z</Message></Error>"
      ]
    },
    {
      "RequestUri": "https://seancanary.blob.core.windows.net/test-container-403fb26e-3a76-3611-a739-b297bab29e7a?restype=container",
      "RequestMethod": "DELETE",
      "RequestHeaders": {
        "Accept": "application/xml",
        "Authorization": "Sanitized",
        "traceparent": "00-90eacadb06715ee9edff97e67438a0a3-b84229de017f90c8-00",
        "User-Agent": "azsdk-net-Storage.Blobs/12.21.0-alpha.20240606.1 (.NET 7.0.20; Microsoft Windows 10.0.22631)",
        "x-ms-client-request-id": "Sanitized",
        "x-ms-date": "Thu, 06 Jun 2024 23:33:04 GMT",
        "x-ms-return-client-request-id": "true",
        "x-ms-version": "2024-08-04"
      },
      "RequestBody": null,
      "StatusCode": 202,
      "ResponseHeaders": {
        "Content-Length": "0",
        "Date": "Thu, 06 Jun 2024 23:33:05 GMT",
        "Server": [
          "Windows-Azure-Blob/1.0",
          "Microsoft-HTTPAPI/2.0"
        ],
        "x-ms-client-request-id": "Sanitized",
        "x-ms-request-id": "c567867c-a01e-0089-7c69-b84cf4000000",
        "x-ms-version": "2024-08-04"
      },
      "ResponseBody": null
    }
  ],
  "Variables": {
    "RandomSeed": "412542235",
    "Storage_TestConfigDefault": "ProductionTenant\nseancanary\nU2FuaXRpemVk\nhttps://seancanary.blob.core.windows.net\nhttps://seancanary.file.core.windows.net\nhttps://seancanary.queue.core.windows.net\nhttps://seancanary.table.core.windows.net\n\n\n\n\nhttps://seancanary-secondary.blob.core.windows.net\nhttps://seancanary-secondary.file.core.windows.net\nhttps://seancanary-secondary.queue.core.windows.net\nhttps://seancanary-secondary.table.core.windows.net\nCloud\nBlobEndpoint=https://seancanary.blob.core.windows.net/;QueueEndpoint=https://seancanary.queue.core.windows.net/;FileEndpoint=https://seancanary.file.core.windows.net/;BlobSecondaryEndpoint=https://seancanary-secondary.blob.core.windows.net/;QueueSecondaryEndpoint=https://seancanary-secondary.queue.core.windows.net/;FileSecondaryEndpoint=https://seancanary-secondary.file.core.windows.net/;AccountName=seancanary;AccountKey=Sanitized\nseanscope1\n\n"
  }
}
