{
  "Entries": [
    {
      "RequestUri": "https://Sanitized.azure.com/api/projects/00000/threads?api-version=2025-05-15-preview",
      "RequestMethod": "POST",
      "RequestHeaders": {
        "Accept": "application/json",
        "Accept-Encoding": "gzip, deflate, br, zstd",
        "Authorization": "Sanitized",
        "Connection": "keep-alive",
        "Content-Length": "2",
        "Content-Type": "application/json",
        "Referer": "http://Sanitized.azure.com/",
        "sec-ch-ua": "\"Chromium\";v=\"136\", \"HeadlessChrome\";v=\"136\", \"Not.A/Brand\";v=\"99\"",
        "sec-ch-ua-mobile": "?0",
        "sec-ch-ua-platform": "\"Windows\"",
        "Sec-Fetch-Dest": "empty",
        "Sec-Fetch-Mode": "cors",
        "Sec-Fetch-Site": "same-site",
        "User-Agent": "Mozilla/5.0 (Windows NT 10.0; Win64; x64) AppleWebKit/537.36 (KHTML, like Gecko) HeadlessChrome/136.0.7103.25 Safari/537.36",
        "x-ms-client-request-id": "Sanitized",
        "x-ms-useragent": "azsdk-js-client azsdk-js-api azsdk-js-ai-agents/1.0.0-beta.4 core-rest-pipeline/1.20.1 Chromium/136 OS/x86-Windows-15.0.0"
      },
      "RequestBody": {},
      "StatusCode": 200,
      "ResponseHeaders": {
        "apim-request-id": "9d4792a3-7f86-428c-b1a8-369992cadf09",
        "azureml-served-by-cluster": "vienna-eastus-01",
        "Content-Length": "137",
        "Content-Type": "application/json",
        "Date": "Thu, 05 Jun 2025 21:40:56 GMT",
        "openai-organization": "1fa34553a93e4e53b531c64321ca4ae2",
        "openai-processing-ms": "29",
        "openai-version": "2020-10-01",
        "Request-Context": "appId=cid-v1:2d2e8e63-272e-4b3c-8598-4ee570a0e70d",
        "Strict-Transport-Security": "max-age=31536000; includeSubDomains; preload",
        "X-Content-Type-Options": "nosniff",
        "x-ms-middleware-request-id": "b6e4baef-c856-4b2f-ae6a-33e2f1858159",
        "x-ms-region": "East US",
        "x-ms-response-type": "standard",
        "X-Request-ID": "ff798c64afa0b2c430702f92a8211196",
        "x-request-time": "0.222"
      },
      "ResponseBody": {
        "id": "thread_I35T4fWpowTxepFY6LOWgjy4",
        "object": "thread",
        "created_at": 1749159657,
        "metadata": {},
        "tool_resources": {}
      }
    },
    {
      "RequestUri": "https://Sanitized.azure.com/api/projects/00000/threads/thread_I35T4fWpowTxepFY6LOWgjy4/messages?api-version=2025-05-15-preview",
      "RequestMethod": "POST",
      "RequestHeaders": {
        "Accept": "application/json",
        "Accept-Encoding": "gzip, deflate, br, zstd",
        "Authorization": "Sanitized",
        "Connection": "keep-alive",
        "Content-Length": "39",
        "Content-Type": "application/json",
        "Referer": "http://Sanitized.azure.com/",
        "sec-ch-ua": "\"Chromium\";v=\"136\", \"HeadlessChrome\";v=\"136\", \"Not.A/Brand\";v=\"99\"",
        "sec-ch-ua-mobile": "?0",
        "sec-ch-ua-platform": "\"Windows\"",
        "Sec-Fetch-Dest": "empty",
        "Sec-Fetch-Mode": "cors",
        "Sec-Fetch-Site": "same-site",
        "User-Agent": "Mozilla/5.0 (Windows NT 10.0; Win64; x64) AppleWebKit/537.36 (KHTML, like Gecko) HeadlessChrome/136.0.7103.25 Safari/537.36",
        "x-ms-client-request-id": "Sanitized",
        "x-ms-useragent": "azsdk-js-client azsdk-js-api azsdk-js-ai-agents/1.0.0-beta.4 core-rest-pipeline/1.20.1 Chromium/136 OS/x86-Windows-15.0.0"
      },
      "RequestBody": {
        "role": "user",
        "content": "knock knock"
      },
      "StatusCode": 200,
      "ResponseHeaders": {
        "apim-request-id": "7fa6cbb6-bec5-43a7-ac4a-cf283d7a13d4",
        "azureml-served-by-cluster": "vienna-eastus-01",
        "Content-Encoding": "gzip",
        "Content-Type": "application/json",
        "Date": "Thu, 05 Jun 2025 21:40:56 GMT",
        "openai-organization": "1fa34553a93e4e53b531c64321ca4ae2",
        "openai-processing-ms": "93",
        "openai-version": "2020-10-01",
        "Request-Context": "appId=cid-v1:2d2e8e63-272e-4b3c-8598-4ee570a0e70d",
        "Strict-Transport-Security": "max-age=31536000; includeSubDomains; preload",
        "Transfer-Encoding": "chunked",
        "Vary": "Accept-Encoding",
        "X-Content-Type-Options": "nosniff",
        "x-ms-middleware-request-id": "18a06033-8bbf-4610-95f5-dfb292703c16",
        "x-ms-region": "East US",
        "x-ms-response-type": "standard",
        "X-Request-ID": "fde1e08d8ad5ae44e3ec51455ad6939d",
        "x-request-time": "0.253"
      },
      "ResponseBody": {
        "id": "msg_2aJjAQQI6L7dBI6oC2sCXRuX",
        "object": "thread.message",
        "created_at": 1749159657,
        "assistant_id": null,
        "thread_id": "thread_I35T4fWpowTxepFY6LOWgjy4",
        "run_id": null,
        "role": "user",
        "content": [
          {
            "type": "text",
            "text": {
              "value": "knock knock",
              "annotations": []
            }
          }
        ],
        "attachments": [],
        "metadata": {}
      }
    },
    {
      "RequestUri": "https://Sanitized.azure.com/api/projects/00000/threads/thread_I35T4fWpowTxepFY6LOWgjy4/messages?api-version=2025-05-15-preview",
      "RequestMethod": "POST",
      "RequestHeaders": {
        "Accept": "application/json",
        "Accept-Encoding": "gzip, deflate, br, zstd",
        "Authorization": "Sanitized",
        "Connection": "keep-alive",
        "Content-Length": "45",
        "Content-Type": "application/json",
        "Referer": "http://Sanitized.azure.com/",
        "sec-ch-ua": "\"Chromium\";v=\"136\", \"HeadlessChrome\";v=\"136\", \"Not.A/Brand\";v=\"99\"",
        "sec-ch-ua-mobile": "?0",
        "sec-ch-ua-platform": "\"Windows\"",
        "Sec-Fetch-Dest": "empty",
        "Sec-Fetch-Mode": "cors",
        "Sec-Fetch-Site": "same-site",
        "User-Agent": "Mozilla/5.0 (Windows NT 10.0; Win64; x64) AppleWebKit/537.36 (KHTML, like Gecko) HeadlessChrome/136.0.7103.25 Safari/537.36",
        "x-ms-client-request-id": "Sanitized",
        "x-ms-useragent": "azsdk-js-client azsdk-js-api azsdk-js-ai-agents/1.0.0-beta.4 core-rest-pipeline/1.20.1 Chromium/136 OS/x86-Windows-15.0.0"
      },
      "RequestBody": {
        "role": "assistant",
        "content": "who's there?"
      },
      "StatusCode": 200,
      "ResponseHeaders": {
        "apim-request-id": "4805bc84-c5e9-4133-8df8-96306fb198f0",
        "azureml-served-by-cluster": "vienna-eastus-01",
        "Content-Encoding": "gzip",
        "Content-Type": "application/json",
        "Date": "Thu, 05 Jun 2025 21:40:57 GMT",
        "openai-organization": "1fa34553a93e4e53b531c64321ca4ae2",
        "openai-processing-ms": "137",
        "openai-version": "2020-10-01",
        "Request-Context": "appId=cid-v1:2d2e8e63-272e-4b3c-8598-4ee570a0e70d",
        "Strict-Transport-Security": "max-age=31536000; includeSubDomains; preload",
        "Transfer-Encoding": "chunked",
        "Vary": "Accept-Encoding",
        "X-Content-Type-Options": "nosniff",
        "x-ms-middleware-request-id": "d900b801-e0dd-4403-a24e-ddbf3d0cd5a9",
        "x-ms-region": "East US",
        "x-ms-response-type": "standard",
        "X-Request-ID": "2a8699c07716f3e372477dd5a7890ca1",
        "x-request-time": "0.259"
      },
      "ResponseBody": {
        "id": "msg_U7EBrOY7uKIABH5adz1yCHpI",
        "object": "thread.message",
        "created_at": 1749159657,
        "assistant_id": null,
        "thread_id": "thread_I35T4fWpowTxepFY6LOWgjy4",
        "run_id": null,
        "role": "assistant",
        "content": [
          {
            "type": "text",
            "text": {
              "value": "who's there?",
              "annotations": []
            }
          }
        ],
        "attachments": [],
        "metadata": {}
      }
    },
    {
      "RequestUri": "https://Sanitized.azure.com/api/projects/00000/threads/thread_I35T4fWpowTxepFY6LOWgjy4/messages?api-version=2025-05-15-preview",
      "RequestMethod": "GET",
      "RequestHeaders": {
        "Accept": "application/json",
        "Accept-Encoding": "gzip, deflate, br, zstd",
        "Authorization": "Sanitized",
        "Connection": "keep-alive",
        "Referer": "http://Sanitized.azure.com/",
        "sec-ch-ua": "\"Chromium\";v=\"136\", \"HeadlessChrome\";v=\"136\", \"Not.A/Brand\";v=\"99\"",
        "sec-ch-ua-mobile": "?0",
        "sec-ch-ua-platform": "\"Windows\"",
        "Sec-Fetch-Dest": "empty",
        "Sec-Fetch-Mode": "cors",
        "Sec-Fetch-Site": "same-site",
        "User-Agent": "Mozilla/5.0 (Windows NT 10.0; Win64; x64) AppleWebKit/537.36 (KHTML, like Gecko) HeadlessChrome/136.0.7103.25 Safari/537.36",
        "x-ms-client-request-id": "Sanitized",
        "x-ms-useragent": "azsdk-js-client azsdk-js-api azsdk-js-ai-agents/1.0.0-beta.4 core-rest-pipeline/1.20.1 Chromium/136 OS/x86-Windows-15.0.0"
      },
      "RequestBody": null,
      "StatusCode": 200,
      "ResponseHeaders": {
        "apim-request-id": "95e9bc0e-41d8-4b74-a8f1-f37d449eebd6",
        "azureml-served-by-cluster": "vienna-eastus-01",
        "Content-Encoding": "gzip",
        "Content-Type": "application/json",
        "Date": "Thu, 05 Jun 2025 21:40:57 GMT",
        "openai-organization": "1fa34553a93e4e53b531c64321ca4ae2",
        "openai-processing-ms": "84",
        "openai-version": "2020-10-01",
        "Request-Context": "appId=cid-v1:2d2e8e63-272e-4b3c-8598-4ee570a0e70d",
        "Strict-Transport-Security": "max-age=31536000; includeSubDomains; preload",
        "Transfer-Encoding": "chunked",
        "Vary": "Accept-Encoding",
        "X-Content-Type-Options": "nosniff",
        "x-ms-middleware-request-id": "d99e5b8f-0a9c-4bfa-86c3-8d11d853d536",
        "x-ms-region": "East US",
        "x-ms-response-type": "standard",
        "X-Request-ID": "dc8dbddfd527d0dea154bde8b85aa812",
        "x-request-time": "0.216"
      },
      "ResponseBody": {
        "object": "list",
        "data": [
          {
            "id": "msg_U7EBrOY7uKIABH5adz1yCHpI",
            "object": "thread.message",
            "created_at": 1749159657,
            "assistant_id": null,
            "thread_id": "thread_I35T4fWpowTxepFY6LOWgjy4",
            "run_id": null,
            "role": "assistant",
            "content": [
              {
                "type": "text",
                "text": {
                  "value": "who's there?",
                  "annotations": []
                }
              }
            ],
            "attachments": [],
            "metadata": {}
          },
          {
            "id": "msg_2aJjAQQI6L7dBI6oC2sCXRuX",
            "object": "thread.message",
            "created_at": 1749159657,
            "assistant_id": null,
            "thread_id": "thread_I35T4fWpowTxepFY6LOWgjy4",
            "run_id": null,
            "role": "user",
            "content": [
              {
                "type": "text",
                "text": {
                  "value": "knock knock",
                  "annotations": []
                }
              }
            ],
            "attachments": [],
            "metadata": {}
          }
        ],
        "first_id": "msg_U7EBrOY7uKIABH5adz1yCHpI",
        "last_id": "msg_2aJjAQQI6L7dBI6oC2sCXRuX",
        "has_more": false
      }
    },
    {
      "RequestUri": "https://Sanitized.azure.com/api/projects/00000/threads/thread_I35T4fWpowTxepFY6LOWgjy4?api-version=2025-05-15-preview",
      "RequestMethod": "DELETE",
      "RequestHeaders": {
        "Accept": "application/json",
        "Accept-Encoding": "gzip, deflate, br, zstd",
        "Authorization": "Sanitized",
        "Connection": "keep-alive",
        "Referer": "http://Sanitized.azure.com/",
        "sec-ch-ua": "\"Chromium\";v=\"136\", \"HeadlessChrome\";v=\"136\", \"Not.A/Brand\";v=\"99\"",
        "sec-ch-ua-mobile": "?0",
        "sec-ch-ua-platform": "\"Windows\"",
        "Sec-Fetch-Dest": "empty",
        "Sec-Fetch-Mode": "cors",
        "Sec-Fetch-Site": "same-site",
        "User-Agent": "Mozilla/5.0 (Windows NT 10.0; Win64; x64) AppleWebKit/537.36 (KHTML, like Gecko) HeadlessChrome/136.0.7103.25 Safari/537.36",
        "x-ms-client-request-id": "Sanitized",
        "x-ms-useragent": "azsdk-js-client azsdk-js-api azsdk-js-ai-agents/1.0.0-beta.4 core-rest-pipeline/1.20.1 Chromium/136 OS/x86-Windows-15.0.0"
      },
      "RequestBody": null,
      "StatusCode": 200,
      "ResponseHeaders": {
        "apim-request-id": "b310bd38-6755-42ba-b202-342e258e2d6c",
        "azureml-served-by-cluster": "vienna-eastus-01",
        "Content-Length": "94",
        "Content-Type": "application/json",
        "Date": "Thu, 05 Jun 2025 21:40:58 GMT",
        "openai-organization": "1fa34553a93e4e53b531c64321ca4ae2",
        "openai-processing-ms": "80",
        "openai-version": "2020-10-01",
        "Request-Context": "appId=cid-v1:2d2e8e63-272e-4b3c-8598-4ee570a0e70d",
        "Strict-Transport-Security": "max-age=31536000; includeSubDomains; preload",
        "X-Content-Type-Options": "nosniff",
        "x-ms-middleware-request-id": "38f272ee-044d-447e-a3d3-d523247dce80",
        "x-ms-region": "East US",
        "x-ms-response-type": "standard",
        "X-Request-ID": "eeec2ffa18d65826cebe655f0b038905",
        "x-request-time": "0.191"
      },
      "ResponseBody": {
        "id": "thread_I35T4fWpowTxepFY6LOWgjy4",
        "object": "thread.deleted",
        "deleted": true
      }
    }
  ],
  "Variables": {}
}
