{
  "Entries": [
    {
      "RequestUri": "https://Sanitized.azure.com/api/projects/00000/threads?api-version=2025-05-15-preview",
      "RequestMethod": "POST",
      "RequestHeaders": {
        "Accept": "application/json",
        "Accept-Encoding": "gzip, deflate, br, zstd",
        "Authorization": "Sanitized",
        "Connection": "keep-alive",
        "Content-Length": "2",
        "Content-Type": "application/json",
        "Referer": "http://Sanitized.azure.com/",
        "sec-ch-ua": "\"Chromium\";v=\"136\", \"HeadlessChrome\";v=\"136\", \"Not.A/Brand\";v=\"99\"",
        "sec-ch-ua-mobile": "?0",
        "sec-ch-ua-platform": "\"Windows\"",
        "Sec-Fetch-Dest": "empty",
        "Sec-Fetch-Mode": "cors",
        "Sec-Fetch-Site": "same-site",
        "User-Agent": "Mozilla/5.0 (Windows NT 10.0; Win64; x64) AppleWebKit/537.36 (KHTML, like Gecko) HeadlessChrome/136.0.7103.25 Safari/537.36",
        "x-ms-client-request-id": "Sanitized",
        "x-ms-useragent": "azsdk-js-client azsdk-js-api azsdk-js-ai-agents/1.0.0-beta.1 core-rest-pipeline/1.20.1 Chromium/136 OS/x86-Windows-15.0.0"
      },
      "RequestBody": {},
      "StatusCode": 200,
      "ResponseHeaders": {
        "apim-request-id": "2fbd5393-950c-42cb-9ec4-53ff1f5f0eeb",
        "azureml-served-by-cluster": "vienna-eastus-01",
        "Content-Length": "137",
        "Content-Type": "application/json",
        "Date": "Fri, 16 May 2025 20:48:47 GMT",
        "openai-organization": "1fa34553a93e4e53b531c64321ca4ae2",
        "openai-processing-ms": "22",
        "openai-version": "2020-10-01",
        "Request-Context": "appId=cid-v1:2d2e8e63-272e-4b3c-8598-4ee570a0e70d",
        "Strict-Transport-Security": "max-age=31536000; includeSubDomains; preload",
        "X-Content-Type-Options": "nosniff",
        "x-ms-middleware-request-id": "4f198f89-2d91-4580-8ee2-4edc58781172",
        "x-ms-region": "East US",
        "x-ms-response-type": "standard",
        "X-Request-ID": "f724341078288021db2a570025285eff",
        "x-request-time": "0.375"
      },
      "ResponseBody": {
        "id": "thread_iOwHUClfFAix8hExscWjp4J7",
        "object": "thread",
        "created_at": 1747428527,
        "metadata": {},
        "tool_resources": {}
      }
    },
    {
      "RequestUri": "https://Sanitized.azure.com/api/projects/00000/threads/thread_iOwHUClfFAix8hExscWjp4J7/messages?api-version=2025-05-15-preview",
      "RequestMethod": "POST",
      "RequestHeaders": {
        "Accept": "application/json",
        "Accept-Encoding": "gzip, deflate, br, zstd",
        "Authorization": "Sanitized",
        "Connection": "keep-alive",
        "Content-Length": "39",
        "Content-Type": "application/json",
        "Referer": "http://Sanitized.azure.com/",
        "sec-ch-ua": "\"Chromium\";v=\"136\", \"HeadlessChrome\";v=\"136\", \"Not.A/Brand\";v=\"99\"",
        "sec-ch-ua-mobile": "?0",
        "sec-ch-ua-platform": "\"Windows\"",
        "Sec-Fetch-Dest": "empty",
        "Sec-Fetch-Mode": "cors",
        "Sec-Fetch-Site": "same-site",
        "User-Agent": "Mozilla/5.0 (Windows NT 10.0; Win64; x64) AppleWebKit/537.36 (KHTML, like Gecko) HeadlessChrome/136.0.7103.25 Safari/537.36",
        "x-ms-client-request-id": "Sanitized",
        "x-ms-useragent": "azsdk-js-client azsdk-js-api azsdk-js-ai-agents/1.0.0-beta.1 core-rest-pipeline/1.20.1 Chromium/136 OS/x86-Windows-15.0.0"
      },
      "RequestBody": {
        "role": "user",
        "content": "knock knock"
      },
      "StatusCode": 200,
      "ResponseHeaders": {
        "apim-request-id": "6be9c733-0c5e-4a7a-a5b8-96a79aabb904",
        "azureml-served-by-cluster": "vienna-eastus-01",
        "Content-Encoding": "gzip",
        "Content-Type": "application/json",
        "Date": "Fri, 16 May 2025 20:48:47 GMT",
        "openai-organization": "1fa34553a93e4e53b531c64321ca4ae2",
        "openai-processing-ms": "95",
        "openai-version": "2020-10-01",
        "Request-Context": "appId=cid-v1:2d2e8e63-272e-4b3c-8598-4ee570a0e70d",
        "Strict-Transport-Security": "max-age=31536000; includeSubDomains; preload",
        "Transfer-Encoding": "chunked",
        "Vary": "Accept-Encoding",
        "X-Content-Type-Options": "nosniff",
        "x-ms-middleware-request-id": "bd47a8fe-4b41-4689-91d6-726d24c0796e",
        "x-ms-region": "East US",
        "x-ms-response-type": "standard",
        "X-Request-ID": "3b425975cd400c6a7f80d1d298b17b58",
        "x-request-time": "0.340"
      },
      "ResponseBody": {
        "id": "msg_YansSScZpGQAths503GppHxY",
        "object": "thread.message",
        "created_at": 1747428527,
        "assistant_id": null,
        "thread_id": "thread_iOwHUClfFAix8hExscWjp4J7",
        "run_id": null,
        "role": "user",
        "content": [
          {
            "type": "text",
            "text": {
              "value": "knock knock",
              "annotations": []
            }
          }
        ],
        "attachments": [],
        "metadata": {}
      }
    },
    {
      "RequestUri": "https://Sanitized.azure.com/api/projects/00000/threads/thread_iOwHUClfFAix8hExscWjp4J7/messages?api-version=2025-05-15-preview",
      "RequestMethod": "POST",
      "RequestHeaders": {
        "Accept": "application/json",
        "Accept-Encoding": "gzip, deflate, br, zstd",
        "Authorization": "Sanitized",
        "Connection": "keep-alive",
        "Content-Length": "45",
        "Content-Type": "application/json",
        "Referer": "http://Sanitized.azure.com/",
        "sec-ch-ua": "\"Chromium\";v=\"136\", \"HeadlessChrome\";v=\"136\", \"Not.A/Brand\";v=\"99\"",
        "sec-ch-ua-mobile": "?0",
        "sec-ch-ua-platform": "\"Windows\"",
        "Sec-Fetch-Dest": "empty",
        "Sec-Fetch-Mode": "cors",
        "Sec-Fetch-Site": "same-site",
        "User-Agent": "Mozilla/5.0 (Windows NT 10.0; Win64; x64) AppleWebKit/537.36 (KHTML, like Gecko) HeadlessChrome/136.0.7103.25 Safari/537.36",
        "x-ms-client-request-id": "Sanitized",
        "x-ms-useragent": "azsdk-js-client azsdk-js-api azsdk-js-ai-agents/1.0.0-beta.1 core-rest-pipeline/1.20.1 Chromium/136 OS/x86-Windows-15.0.0"
      },
      "RequestBody": {
        "role": "assistant",
        "content": "who's there?"
      },
      "StatusCode": 200,
      "ResponseHeaders": {
        "apim-request-id": "7bfd4ffa-3a9d-4934-bc58-08adf4f55249",
        "azureml-served-by-cluster": "vienna-eastus-01",
        "Content-Encoding": "gzip",
        "Content-Type": "application/json",
        "Date": "Fri, 16 May 2025 20:48:47 GMT",
        "openai-organization": "1fa34553a93e4e53b531c64321ca4ae2",
        "openai-processing-ms": "48",
        "openai-version": "2020-10-01",
        "Request-Context": "appId=cid-v1:2d2e8e63-272e-4b3c-8598-4ee570a0e70d",
        "Strict-Transport-Security": "max-age=31536000; includeSubDomains; preload",
        "Transfer-Encoding": "chunked",
        "Vary": "Accept-Encoding",
        "X-Content-Type-Options": "nosniff",
        "x-ms-middleware-request-id": "5c6698e2-7c2a-4c9d-897d-086e647da483",
        "x-ms-region": "East US",
        "x-ms-response-type": "standard",
        "X-Request-ID": "e7b96e6e3cc69b2ef87d5b657209f788",
        "x-request-time": "0.302"
      },
      "ResponseBody": {
        "id": "msg_zxJsoBm1YmtvIL4wfXfvcROZ",
        "object": "thread.message",
        "created_at": 1747428528,
        "assistant_id": null,
        "thread_id": "thread_iOwHUClfFAix8hExscWjp4J7",
        "run_id": null,
        "role": "assistant",
        "content": [
          {
            "type": "text",
            "text": {
              "value": "who's there?",
              "annotations": []
            }
          }
        ],
        "attachments": [],
        "metadata": {}
      }
    },
    {
      "RequestUri": "https://Sanitized.azure.com/api/projects/00000/threads/thread_iOwHUClfFAix8hExscWjp4J7/messages?api-version=2025-05-15-preview",
      "RequestMethod": "GET",
      "RequestHeaders": {
        "Accept": "application/json",
        "Accept-Encoding": "gzip, deflate, br, zstd",
        "Authorization": "Sanitized",
        "Connection": "keep-alive",
        "Referer": "http://Sanitized.azure.com/",
        "sec-ch-ua": "\"Chromium\";v=\"136\", \"HeadlessChrome\";v=\"136\", \"Not.A/Brand\";v=\"99\"",
        "sec-ch-ua-mobile": "?0",
        "sec-ch-ua-platform": "\"Windows\"",
        "Sec-Fetch-Dest": "empty",
        "Sec-Fetch-Mode": "cors",
        "Sec-Fetch-Site": "same-site",
        "User-Agent": "Mozilla/5.0 (Windows NT 10.0; Win64; x64) AppleWebKit/537.36 (KHTML, like Gecko) HeadlessChrome/136.0.7103.25 Safari/537.36",
        "x-ms-client-request-id": "Sanitized",
        "x-ms-useragent": "azsdk-js-client azsdk-js-api azsdk-js-ai-agents/1.0.0-beta.1 core-rest-pipeline/1.20.1 Chromium/136 OS/x86-Windows-15.0.0"
      },
      "RequestBody": null,
      "StatusCode": 200,
      "ResponseHeaders": {
        "apim-request-id": "774c603d-b1ff-4a4f-895b-b90fe52b88ca",
        "azureml-served-by-cluster": "vienna-eastus-01",
        "Content-Encoding": "gzip",
        "Content-Type": "application/json",
        "Date": "Fri, 16 May 2025 20:48:48 GMT",
        "openai-organization": "1fa34553a93e4e53b531c64321ca4ae2",
        "openai-processing-ms": "36",
        "openai-version": "2020-10-01",
        "Request-Context": "appId=cid-v1:2d2e8e63-272e-4b3c-8598-4ee570a0e70d",
        "Strict-Transport-Security": "max-age=31536000; includeSubDomains; preload",
        "Transfer-Encoding": "chunked",
        "Vary": "Accept-Encoding",
        "X-Content-Type-Options": "nosniff",
        "x-ms-middleware-request-id": "e185a93a-a679-4bd5-9e22-f960eed9022d",
        "x-ms-region": "East US",
        "x-ms-response-type": "standard",
        "X-Request-ID": "790f7446aee9ffc43498057af519e09c",
        "x-request-time": "0.329"
      },
      "ResponseBody": {
        "object": "list",
        "data": [
          {
            "id": "msg_zxJsoBm1YmtvIL4wfXfvcROZ",
            "object": "thread.message",
            "created_at": 1747428528,
            "assistant_id": null,
            "thread_id": "thread_iOwHUClfFAix8hExscWjp4J7",
            "run_id": null,
            "role": "assistant",
            "content": [
              {
                "type": "text",
                "text": {
                  "value": "who's there?",
                  "annotations": []
                }
              }
            ],
            "attachments": [],
            "metadata": {}
          },
          {
            "id": "msg_YansSScZpGQAths503GppHxY",
            "object": "thread.message",
            "created_at": 1747428527,
            "assistant_id": null,
            "thread_id": "thread_iOwHUClfFAix8hExscWjp4J7",
            "run_id": null,
            "role": "user",
            "content": [
              {
                "type": "text",
                "text": {
                  "value": "knock knock",
                  "annotations": []
                }
              }
            ],
            "attachments": [],
            "metadata": {}
          }
        ],
        "first_id": "msg_zxJsoBm1YmtvIL4wfXfvcROZ",
        "last_id": "msg_YansSScZpGQAths503GppHxY",
        "has_more": false
      }
    },
    {
      "RequestUri": "https://Sanitized.azure.com/api/projects/00000/threads/thread_iOwHUClfFAix8hExscWjp4J7?api-version=2025-05-15-preview",
      "RequestMethod": "DELETE",
      "RequestHeaders": {
        "Accept": "application/json",
        "Accept-Encoding": "gzip, deflate, br, zstd",
        "Authorization": "Sanitized",
        "Connection": "keep-alive",
        "Referer": "http://Sanitized.azure.com/",
        "sec-ch-ua": "\"Chromium\";v=\"136\", \"HeadlessChrome\";v=\"136\", \"Not.A/Brand\";v=\"99\"",
        "sec-ch-ua-mobile": "?0",
        "sec-ch-ua-platform": "\"Windows\"",
        "Sec-Fetch-Dest": "empty",
        "Sec-Fetch-Mode": "cors",
        "Sec-Fetch-Site": "same-site",
        "User-Agent": "Mozilla/5.0 (Windows NT 10.0; Win64; x64) AppleWebKit/537.36 (KHTML, like Gecko) HeadlessChrome/136.0.7103.25 Safari/537.36",
        "x-ms-client-request-id": "Sanitized",
        "x-ms-useragent": "azsdk-js-client azsdk-js-api azsdk-js-ai-agents/1.0.0-beta.1 core-rest-pipeline/1.20.1 Chromium/136 OS/x86-Windows-15.0.0"
      },
      "RequestBody": null,
      "StatusCode": 200,
      "ResponseHeaders": {
        "apim-request-id": "b1629e72-6391-491c-8bec-190ba41c0d59",
        "azureml-served-by-cluster": "vienna-eastus-01",
        "Content-Length": "94",
        "Content-Type": "application/json",
        "Date": "Fri, 16 May 2025 20:48:48 GMT",
        "openai-organization": "1fa34553a93e4e53b531c64321ca4ae2",
        "openai-processing-ms": "42",
        "openai-version": "2020-10-01",
        "Request-Context": "appId=cid-v1:2d2e8e63-272e-4b3c-8598-4ee570a0e70d",
        "Strict-Transport-Security": "max-age=31536000; includeSubDomains; preload",
        "X-Content-Type-Options": "nosniff",
        "x-ms-middleware-request-id": "95e5c39e-94b4-437e-b9ba-a836c34dc56b",
        "x-ms-region": "East US",
        "x-ms-response-type": "standard",
        "X-Request-ID": "f65fcb5e12ae5895a7c472e1b791a3b6",
        "x-request-time": "0.315"
      },
      "ResponseBody": {
        "id": "thread_iOwHUClfFAix8hExscWjp4J7",
        "object": "thread.deleted",
        "deleted": true
      }
    }
  ],
  "Variables": {}
}
