{
  "Entries": [
    {
      "RequestUri": "https://Sanitized.azure.com/agents/v1.0/subscriptions/00000000-0000-0000-0000-000000000000/resourceGroups/00000/providers/Microsoft.MachineLearningServices/workspaces/00000/assistants?api-version=2024-07-01-preview",
      "RequestMethod": "POST",
      "RequestHeaders": {
        "Accept": "application/json",
        "Accept-Encoding": "gzip, deflate, br, zstd",
        "Authorization": "Sanitized",
        "Connection": "keep-alive",
        "Content-Length": "77",
        "Content-Type": "application/json",
        "Referer": "http://Sanitized.azure.com/",
        "sec-ch-ua": "\"HeadlessChrome\";v=\"131\", \"Chromium\";v=\"131\", \"Not_A Brand\";v=\"24\"",
        "sec-ch-ua-mobile": "?0",
        "sec-ch-ua-platform": "\"Windows\"",
        "Sec-Fetch-Dest": "empty",
        "Sec-Fetch-Mode": "cors",
        "Sec-Fetch-Site": "same-site",
        "User-Agent": "Mozilla/5.0 (Windows NT 10.0; Win64; x64) AppleWebKit/537.36 (KHTML, like Gecko) HeadlessChrome/131.0.6778.33 Safari/537.36",
        "x-ms-client-request-id": "Sanitized",
        "x-ms-useragent": "azsdk-js-ai-projects-rest/1.0.0-beta.3 core-rest-pipeline/1.18.3 Chromium/131 OS/x86-Windows-15.0.0"
      },
      "RequestBody": {
        "model": "gpt-4o",
        "name": "my-agent",
        "instructions": "You are a helpful agent"
      },
      "StatusCode": 200,
      "ResponseHeaders": {
        "apim-request-id": "9b5557df-2b78-4689-bf4c-58270c290282",
        "Connection": "keep-alive",
        "Content-Encoding": "gzip",
        "Content-Type": "application/json",
        "Date": "Tue, 21 Jan 2025 19:43:48 GMT",
        "openai-organization": "3d8304e5257c4cc49d2bec8a48b2e43f",
        "openai-processing-ms": "86",
        "openai-version": "2020-10-01",
        "request-context": "appId=cid-v1:17d65b70-e9ce-4ed5-9347-1f660ec782e9",
        "Strict-Transport-Security": "max-age=31536000; includeSubDomains; preload",
        "Transfer-Encoding": "chunked",
        "Vary": "Accept-Encoding",
        "x-aml-cluster": "vienna-eastus2euap-02",
        "X-Content-Type-Options": "nosniff",
        "x-ms-middleware-request-id": "9b5557df-2b78-4689-bf4c-58270c290282",
        "x-ms-region": "West US 2",
        "x-ms-response-type": "standard",
        "X-Request-ID": "0a9388c541ec40d23e1a3757eba594f7",
        "x-request-time": "0.265"
      },
      "ResponseBody": {
        "id": "asst_4bP34QpHQBQhZRMRnJREfmR1",
        "object": "assistant",
        "created_at": 1737488628,
        "name": "my-agent",
        "description": null,
        "model": "gpt-4o",
        "instructions": "You are a helpful agent",
        "tools": [],
        "top_p": 1.0,
        "temperature": 1.0,
        "tool_resources": {},
        "metadata": {},
        "response_format": "auto"
      }
    },
    {
      "RequestUri": "https://Sanitized.azure.com/agents/v1.0/subscriptions/00000000-0000-0000-0000-000000000000/resourceGroups/00000/providers/Microsoft.MachineLearningServices/workspaces/00000/assistants?api-version=2024-07-01-preview",
      "RequestMethod": "GET",
      "RequestHeaders": {
        "Accept": "application/json",
        "Accept-Encoding": "gzip, deflate, br, zstd",
        "Authorization": "Sanitized",
        "Connection": "keep-alive",
        "Referer": "http://Sanitized.azure.com/",
        "sec-ch-ua": "\"HeadlessChrome\";v=\"131\", \"Chromium\";v=\"131\", \"Not_A Brand\";v=\"24\"",
        "sec-ch-ua-mobile": "?0",
        "sec-ch-ua-platform": "\"Windows\"",
        "Sec-Fetch-Dest": "empty",
        "Sec-Fetch-Mode": "cors",
        "Sec-Fetch-Site": "same-site",
        "User-Agent": "Mozilla/5.0 (Windows NT 10.0; Win64; x64) AppleWebKit/537.36 (KHTML, like Gecko) HeadlessChrome/131.0.6778.33 Safari/537.36",
        "x-ms-client-request-id": "Sanitized",
        "x-ms-useragent": "azsdk-js-ai-projects-rest/1.0.0-beta.3 core-rest-pipeline/1.18.3 Chromium/131 OS/x86-Windows-15.0.0"
      },
      "RequestBody": null,
      "StatusCode": 200,
      "ResponseHeaders": {
        "apim-request-id": "61eba4e9-fc5e-4846-8abd-76df5cca3c31",
        "Connection": "keep-alive",
        "Content-Encoding": "gzip",
        "Content-Type": "application/json",
        "Date": "Tue, 21 Jan 2025 19:43:48 GMT",
        "openai-organization": "3d8304e5257c4cc49d2bec8a48b2e43f",
        "openai-processing-ms": "229",
        "openai-version": "2020-10-01",
        "request-context": "appId=cid-v1:17d65b70-e9ce-4ed5-9347-1f660ec782e9",
        "Strict-Transport-Security": "max-age=31536000; includeSubDomains; preload",
        "Transfer-Encoding": "chunked",
        "Vary": "Accept-Encoding",
        "x-aml-cluster": "vienna-eastus2euap-02",
        "X-Content-Type-Options": "nosniff",
        "x-ms-middleware-request-id": "74fbb7cf-c027-4c0f-98a9-2955b6c71b43",
        "x-ms-region": "West US 2",
        "x-ms-response-type": "standard",
        "X-Request-ID": "26f7a4b13331ebe48966d3f6950bf957",
        "x-request-time": "0.390"
      },
      "ResponseBody": {
        "object": "list",
        "data": [
          {
            "id": "asst_puXB12lvS6S3MG2T8DNq2Dpb",
            "object": "assistant",
            "created_at": 1737488628,
            "name": "my-agent",
            "description": null,
            "model": "gpt-4o",
            "instructions": "You are a helpful agent",
            "tools": [
              {
                "type": "function",
                "function": {
                  "name": "getCurrentDateTime",
                  "description": "Get current date time",
                  "parameters": {
                    "type": "object",
                    "properties": {}
                  },
                  "strict": false
                }
              }
            ],
            "top_p": 1.0,
            "temperature": 1.0,
            "tool_resources": {},
            "metadata": {},
            "response_format": "auto"
          },
          {
            "id": "asst_4bP34QpHQBQhZRMRnJREfmR1",
            "object": "assistant",
            "created_at": 1737488628,
            "name": "my-agent",
            "description": null,
            "model": "gpt-4o",
            "instructions": "You are a helpful agent",
            "tools": [],
            "top_p": 1.0,
            "temperature": 1.0,
            "tool_resources": {},
            "metadata": {},
            "response_format": "auto"
          },
          {
            "id": "asst_4GFj3rrFRnwt44WeBPsNfy40",
            "object": "assistant",
            "created_at": 1737488624,
            "name": "My Friendly Test Assistant",
            "description": null,
            "model": "gpt-4-1106-preview",
            "instructions": "You are helpful agent",
            "tools": [],
            "top_p": 1.0,
            "temperature": 1.0,
            "tool_resources": {},
            "metadata": {},
            "response_format": "auto"
          },
          {
            "id": "asst_e6zQxTawFATVX9VR6kXzdzsH",
            "object": "assistant",
            "created_at": 1737488624,
            "name": "my-agent",
            "description": null,
            "model": "gpt-4o",
            "instructions": "You are helpful agent",
            "tools": [],
            "top_p": 1.0,
            "temperature": 1.0,
            "tool_resources": {},
            "metadata": {},
            "response_format": "auto"
          },
          {
            "id": "asst_gJDraOSds8Pnajd3FxY4RH4p",
            "object": "assistant",
            "created_at": 1736554131,
            "name": "my-agent",
            "description": null,
            "model": "gpt-4o-mini",
            "instructions": "You are a helpful agent",
            "tools": [
              {
                "type": "code_interpreter"
              }
            ],
            "top_p": 1.0,
            "temperature": 1.0,
            "tool_resources": {
              "code_interpreter": {
                "file_ids": [
                  "assistant-BzCgpeFSwMvqWjMFKXVGLPhK"
                ]
              }
            },
            "metadata": {},
            "response_format": "auto"
          },
          {
            "id": "asst_5zVMEbZTp2lbtORf47c9xr0K",
            "object": "assistant",
            "created_at": 1736553642,
            "name": "my-agent",
            "description": null,
            "model": "gpt-4o-mini",
            "instructions": "You are a helpful agent",
            "tools": [
              {
                "type": "code_interpreter"
              }
            ],
            "top_p": 1.0,
            "temperature": 1.0,
            "tool_resources": {
              "code_interpreter": {
                "file_ids": [
                  "assistant-efBGvDQSoCypLpvAHaV7YZ7M"
                ]
              }
            },
            "metadata": {},
            "response_format": "auto"
          },
          {
            "id": "asst_6VZ3se2wRFvqP25Ge6hUdLbk",
            "object": "assistant",
            "created_at": 1736552045,
            "name": "my-agent",
            "description": null,
            "model": "gpt-4o-mini",
            "instructions": "You are a helpful agent",
            "tools": [
              {
                "type": "code_interpreter"
              }
            ],
            "top_p": 1.0,
            "temperature": 1.0,
            "tool_resources": {
              "code_interpreter": {
                "file_ids": [
                  "assistant-nLc6oJIOgcja2YaSlB6lygK5"
                ]
              }
            },
            "metadata": {},
            "response_format": "auto"
          },
          {
            "id": "asst_DYqcVC9ClIRqgRZ61U2dCQxC",
            "object": "assistant",
            "created_at": 1736551952,
            "name": "my-agent",
            "description": null,
            "model": "gpt-4o-mini",
            "instructions": "You are a helpful agent",
            "tools": [
              {
                "type": "code_interpreter"
              }
            ],
            "top_p": 1.0,
            "temperature": 1.0,
            "tool_resources": {
              "code_interpreter": {
                "file_ids": [
                  "assistant-ooTC4HSmWDQLQykux8lsxFQE"
                ]
              }
            },
            "metadata": {},
            "response_format": "auto"
          },
          {
            "id": "asst_cTfrAMNjB8XiPUQFAHRb7o1U",
            "object": "assistant",
            "created_at": 1736551058,
            "name": "my-agent",
            "description": null,
            "model": "gpt-4o-mini",
            "instructions": "You are a helpful agent",
            "tools": [
              {
                "type": "code_interpreter"
              }
            ],
            "top_p": 1.0,
            "temperature": 1.0,
            "tool_resources": {
              "code_interpreter": {
                "file_ids": [
                  "assistant-gbwJSPkomUPVvubAZjleAmUL"
                ]
              }
            },
            "metadata": {},
            "response_format": "auto"
          },
          {
            "id": "asst_CBe7szkzzvIlQ5tiQlRAJFsS",
            "object": "assistant",
            "created_at": 1736546198,
            "name": "my-agent",
            "description": null,
            "model": "gpt-4o-mini",
            "instructions": "You are a helpful agent",
            "tools": [
              {
                "type": "code_interpreter"
              }
            ],
            "top_p": 1.0,
            "temperature": 1.0,
            "tool_resources": {
              "code_interpreter": {
                "file_ids": [
                  "assistant-k4vrOJ3z8mfloHUpXlAiPT4Y"
                ]
              }
            },
            "metadata": {},
            "response_format": "auto"
          },
          {
            "id": "asst_WwlNDQqTxhM8IL3kAtGUY5cr",
            "object": "assistant",
            "created_at": 1736546016,
            "name": "my-agent",
            "description": null,
            "model": "gpt-4o-mini",
            "instructions": "You are a helpful agent",
            "tools": [
              {
                "type": "code_interpreter"
              }
            ],
            "top_p": 1.0,
            "temperature": 1.0,
            "tool_resources": {
              "code_interpreter": {
                "file_ids": [
                  "assistant-Pz98DE7O5jLwLWttNNHQwgcW"
                ]
              }
            },
            "metadata": {},
            "response_format": "auto"
          },
          {
            "id": "asst_OZVGqkBAABnk0TqqdXSUIsVJ",
            "object": "assistant",
            "created_at": 1735667202,
            "name": "my-agent",
            "description": null,
            "model": "gpt-4o-mini",
            "instructions": "You are a helpful agent",
            "tools": [
              {
                "type": "code_interpreter"
              }
            ],
            "top_p": 1.0,
            "temperature": 1.0,
            "tool_resources": {
              "code_interpreter": {
                "file_ids": [
                  "assistant-sdhOPsW6LCYuOCI6QtHf2V97"
                ]
              }
            },
            "metadata": {},
            "response_format": "auto"
          },
          {
            "id": "asst_6WMrOorvfd4eI4gfkf2SjQ8k",
            "object": "assistant",
            "created_at": 1734651145,
            "name": "my-agent",
            "description": null,
            "model": "gpt-4o-mini",
            "instructions": "You are a helpful agent",
            "tools": [
              {
                "type": "code_interpreter"
              }
            ],
            "top_p": 1.0,
            "temperature": 1.0,
            "tool_resources": {
              "code_interpreter": {
                "file_ids": [
                  "assistant-EnWSQiH5G0k206fkEDCfLyC6"
                ]
              }
            },
            "metadata": {},
            "response_format": "auto"
          },
          {
            "id": "asst_jpZadY05doRCxvLUFKKIuAVF",
            "object": "assistant",
            "created_at": 1734503973,
            "name": "my-agent",
            "description": null,
            "model": "gpt-4o",
            "instructions": "You are a helpful agent",
            "tools": [
              {
                "type": "function",
                "function": {
                  "name": "getCurrentDateTime",
                  "description": "Get current date time",
                  "parameters": {
                    "type": "object",
                    "properties": {}
                  },
                  "strict": false
                }
              }
            ],
            "top_p": 1.0,
            "temperature": 1.0,
            "tool_resources": {},
            "metadata": {},
            "response_format": "auto"
          },
          {
            "id": "asst_QWHBHRIAdfNRirvFp3SfHS78",
            "object": "assistant",
            "created_at": 1734503841,
            "name": "my-agent",
            "description": null,
            "model": "gpt-4o",
            "instructions": "You are a helpful agent",
            "tools": [
              {
                "type": "function",
                "function": {
                  "name": "getCurrentDateTime",
                  "description": "Get current date time",
                  "parameters": {
                    "type": "object",
                    "properties": {}
                  },
                  "strict": false
                }
              }
            ],
            "top_p": 1.0,
            "temperature": 1.0,
            "tool_resources": {},
            "metadata": {},
            "response_format": "auto"
          },
          {
            "id": "asst_hDFEPQQkfdj3649ag6thd9ZX",
            "object": "assistant",
            "created_at": 1734501534,
            "name": "my-agent",
            "description": null,
            "model": "gpt-4o",
            "instructions": "You are a helpful agent",
            "tools": [
              {
                "type": "function",
                "function": {
                  "name": "getCurrentDateTime",
                  "description": "Get current date time",
                  "parameters": {
                    "type": "object",
                    "properties": {}
                  },
                  "strict": false
                }
              }
            ],
            "top_p": 1.0,
            "temperature": 1.0,
            "tool_resources": {},
            "metadata": {},
            "response_format": "auto"
          },
          {
            "id": "asst_wtKKaDe7CeNePWgRJXnBk7gB",
            "object": "assistant",
            "created_at": 1734501164,
            "name": "my-agent",
            "description": null,
            "model": "gpt-4o",
            "instructions": "You are a helpful agent",
            "tools": [
              {
                "type": "function",
                "function": {
                  "name": "getCurrentDateTime",
                  "description": "Get current date time",
                  "parameters": {
                    "type": "object",
                    "properties": {}
                  },
                  "strict": false
                }
              }
            ],
            "top_p": 1.0,
            "temperature": 1.0,
            "tool_resources": {},
            "metadata": {},
            "response_format": "auto"
          },
          {
            "id": "asst_DJJIdpTxrWOt2q9EfmOSZ83T",
            "object": "assistant",
            "created_at": 1734501103,
            "name": "my-agent",
            "description": null,
            "model": "gpt-4o",
            "instructions": "You are a helpful agent",
            "tools": [
              {
                "type": "function",
                "function": {
                  "name": "getCurrentDateTime",
                  "description": "Get current date time",
                  "parameters": {
                    "type": "object",
                    "properties": {}
                  },
                  "strict": false
                }
              }
            ],
            "top_p": 1.0,
            "temperature": 1.0,
            "tool_resources": {},
            "metadata": {},
            "response_format": "auto"
          },
          {
            "id": "asst_rHBKD777cyfNkYpRaQB6agx0",
            "object": "assistant",
            "created_at": 1734501003,
            "name": "my-agent",
            "description": null,
            "model": "gpt-4o",
            "instructions": "You are a helpful agent",
            "tools": [
              {
                "type": "function",
                "function": {
                  "name": "getCurrentDateTime",
                  "description": "Get current date time",
                  "parameters": {
                    "type": "object",
                    "properties": {}
                  },
                  "strict": false
                }
              }
            ],
            "top_p": 1.0,
            "temperature": 1.0,
            "tool_resources": {},
            "metadata": {},
            "response_format": "auto"
          },
          {
            "id": "asst_3aFO7hv9DFXm67JBxpyY1kfN",
            "object": "assistant",
            "created_at": 1734483937,
            "name": "my-agent",
            "description": null,
            "model": "gpt-4o",
            "instructions": "You are helpful agent",
            "tools": [],
            "top_p": 1.0,
            "temperature": 1.0,
            "tool_resources": {},
            "metadata": {},
            "response_format": "auto"
          }
        ],
        "first_id": "asst_puXB12lvS6S3MG2T8DNq2Dpb",
        "last_id": "asst_3aFO7hv9DFXm67JBxpyY1kfN",
        "has_more": true
      }
    },
    {
      "RequestUri": "https://Sanitized.azure.com/agents/v1.0/subscriptions/00000000-0000-0000-0000-000000000000/resourceGroups/00000/providers/Microsoft.MachineLearningServices/workspaces/00000/assistants/asst_4bP34QpHQBQhZRMRnJREfmR1?api-version=2024-07-01-preview",
      "RequestMethod": "DELETE",
      "RequestHeaders": {
        "Accept": "application/json",
        "Accept-Encoding": "gzip, deflate, br, zstd",
        "Authorization": "Sanitized",
        "Connection": "keep-alive",
        "Referer": "http://Sanitized.azure.com/",
        "sec-ch-ua": "\"HeadlessChrome\";v=\"131\", \"Chromium\";v=\"131\", \"Not_A Brand\";v=\"24\"",
        "sec-ch-ua-mobile": "?0",
        "sec-ch-ua-platform": "\"Windows\"",
        "Sec-Fetch-Dest": "empty",
        "Sec-Fetch-Mode": "cors",
        "Sec-Fetch-Site": "same-site",
        "User-Agent": "Mozilla/5.0 (Windows NT 10.0; Win64; x64) AppleWebKit/537.36 (KHTML, like Gecko) HeadlessChrome/131.0.6778.33 Safari/537.36",
        "x-ms-client-request-id": "Sanitized",
        "x-ms-useragent": "azsdk-js-ai-projects-rest/1.0.0-beta.3 core-rest-pipeline/1.18.3 Chromium/131 OS/x86-Windows-15.0.0"
      },
      "RequestBody": null,
      "StatusCode": 200,
      "ResponseHeaders": {
        "apim-request-id": "587165ac-9da1-4abe-95ff-dd1f3ab7fa50",
        "Connection": "keep-alive",
        "Content-Length": "95",
        "Content-Type": "application/json",
        "Date": "Tue, 21 Jan 2025 19:43:49 GMT",
        "openai-organization": "3d8304e5257c4cc49d2bec8a48b2e43f",
        "openai-processing-ms": "32",
        "openai-version": "2020-10-01",
        "request-context": "appId=cid-v1:17d65b70-e9ce-4ed5-9347-1f660ec782e9",
        "Strict-Transport-Security": "max-age=31536000; includeSubDomains; preload",
        "x-aml-cluster": "vienna-eastus2euap-02",
        "X-Content-Type-Options": "nosniff",
        "x-ms-middleware-request-id": "9e14c021-7e4d-4c78-8c4c-f1fbd83be75b",
        "x-ms-region": "West US 2",
        "x-ms-response-type": "standard",
        "X-Request-ID": "ee582010482394ec2670deba05e1fbda",
        "x-request-time": "0.201"
      },
      "ResponseBody": {
        "id": "asst_4bP34QpHQBQhZRMRnJREfmR1",
        "object": "assistant.deleted",
        "deleted": true
      }
    }
  ],
  "Variables": {}
}
