{
  "Entries": [
    {
      "RequestUri": "https://management.azure.com/subscriptions/602a6b57-fb02-4c3d-bc44-5f8852be10ee/resourcegroups/PublisherUTRG6548?api-version=2022-09-01",
      "RequestMethod": "GET",
      "RequestHeaders": {
        "Accept": "application/json",
        "Authorization": "Sanitized",
        "traceparent": "00-397098b2275e2921d21d9796f3c48525-de84e715cf500465-00",
        "User-Agent": "azsdk-net-ResourceManager/1.7.0 (.NET 7.0.11; Microsoft Windows 10.0.22621)",
        "x-ms-client-request-id": "40b16e827ba090cb1ca52d8a87e8def6",
        "x-ms-return-client-request-id": "true"
      },
      "RequestBody": null,
      "StatusCode": 200,
      "ResponseHeaders": {
        "Cache-Control": "no-cache",
        "Content-Length": "308",
        "Content-Type": "application/json; charset=utf-8",
        "Date": "Fri, 29 Sep 2023 10:25:39 GMT",
        "Expires": "-1",
        "Pragma": "no-cache",
        "Strict-Transport-Security": "max-age=31536000; includeSubDomains",
        "X-Content-Type-Options": "nosniff",
        "x-ms-correlation-request-id": "5ff3a14d-5f0d-429a-b9ee-bed5481b0ba6",
        "x-ms-ratelimit-remaining-subscription-reads": "11985",
        "x-ms-request-id": "5ff3a14d-5f0d-429a-b9ee-bed5481b0ba6",
        "x-ms-routing-request-id": "UKSOUTH:20230929T102539Z:5ff3a14d-5f0d-429a-b9ee-bed5481b0ba6"
      },
      "ResponseBody": {
        "id": "/subscriptions/602a6b57-fb02-4c3d-bc44-5f8852be10ee/resourceGroups/PublisherUTRG6548",
        "name": "PublisherUTRG6548",
        "type": "Microsoft.Resources/resourceGroups",
        "location": "eastus2euap",
        "tags": {
          "autoDelete": "true",
          "expiresOn": "2023-10-29T10:25:38.8286202Z"
        },
        "properties": {
          "provisioningState": "Succeeded"
        }
      }
    },
    {
      "RequestUri": "https://management.azure.com/subscriptions/602a6b57-fb02-4c3d-bc44-5f8852be10ee/resourceGroups/PublisherUTRG6548/providers/Microsoft.HybridNetwork/publishers/publisher2693?api-version=2023-09-01",
      "RequestMethod": "PUT",
      "RequestHeaders": {
        "Accept": "application/json",
        "Authorization": "Sanitized",
        "Content-Length": "69",
        "Content-Type": "application/json",
        "traceparent": "00-ebb66d4c592966f453aba3a78d2270f8-d487b603d5a36bc2-00",
        "User-Agent": "azsdk-net-ResourceManager.HybridNetwork/1.0.0-alpha.20230929.1 (.NET 7.0.11; Microsoft Windows 10.0.22621)",
        "x-ms-client-request-id": "f8d80f9aed1157b87157939b6e8f970c",
        "x-ms-return-client-request-id": "true"
      },
      "RequestBody": {
        "properties": {
          "scope": "Private"
        },
        "tags": {},
        "location": "eastus2euap"
      },
      "StatusCode": 201,
      "ResponseHeaders": {
        "Azure-AsyncOperation": "https://management.azure.com/providers/Microsoft.HybridNetwork/locations/EASTUS2EUAP/operationStatuses/9fb4fdf2-b9d8-40a9-aa95-a5e3045efcc8*62730A1F75B35551D070766FB20B588B9E1ECBE6545C6164E058B41B84D3F186?api-version=2020-01-01-preview",
        "Cache-Control": "no-cache",
        "Content-Length": "596",
        "Content-Type": "application/json; charset=utf-8",
        "Date": "Fri, 29 Sep 2023 10:25:40 GMT",
        "ETag": "\u002202008073-0000-3400-0000-6516a6240000\u0022",
        "Expires": "-1",
        "Pragma": "no-cache",
        "Strict-Transport-Security": "max-age=31536000; includeSubDomains",
        "X-Content-Type-Options": "nosniff",
        "x-ms-build-version": "1.0.02462.1897",
        "x-ms-client-request-id": "f8d80f9aed1157b87157939b6e8f970c",
        "x-ms-correlation-request-id": "d367b441-ab1d-4683-a5a0-bb2b0c94bac0",
        "x-ms-providerhub-traffic": "True",
        "x-ms-ratelimit-remaining-subscription-writes": "1194",
        "x-ms-request-id": "f666d4b9-937a-4fec-9d4b-6ce4b3fb6f67",
        "x-ms-routing-request-id": "UKSOUTH:20230929T102541Z:d367b441-ab1d-4683-a5a0-bb2b0c94bac0"
      },
      "ResponseBody": {
        "id": "/subscriptions/602a6b57-fb02-4c3d-bc44-5f8852be10ee/resourceGroups/PublisherUTRG6548/providers/Microsoft.HybridNetwork/publishers/publisher2693",
        "name": "publisher2693",
        "type": "microsoft.hybridnetwork/publishers",
        "location": "eastus2euap",
        "tags": {},
        "systemData": {
          "createdBy": "80eea402-ff2f-49b2-b702-923559439b70",
          "createdByType": "Application",
          "createdAt": "2023-09-29T10:25:40.0839753Z",
          "lastModifiedBy": "80eea402-ff2f-49b2-b702-923559439b70",
          "lastModifiedByType": "Application",
          "lastModifiedAt": "2023-09-29T10:25:40.0839753Z"
        },
        "properties": {
          "scope": "Private",
          "provisioningState": "Accepted"
        }
      }
    },
    {
      "RequestUri": "https://management.azure.com/providers/Microsoft.HybridNetwork/locations/EASTUS2EUAP/operationStatuses/9fb4fdf2-b9d8-40a9-aa95-a5e3045efcc8*62730A1F75B35551D070766FB20B588B9E1ECBE6545C6164E058B41B84D3F186?api-version=2021-05-01",
      "RequestMethod": "GET",
      "RequestHeaders": {
        "Authorization": "Sanitized",
        "traceparent": "00-ebb66d4c592966f453aba3a78d2270f8-a79d34f7b1efd712-00",
        "User-Agent": "azsdk-net-ResourceManager/1.7.0 (.NET 7.0.11; Microsoft Windows 10.0.22621)",
        "x-ms-client-request-id": "0692a47a2e1d8071f9e82f2438f5ae15",
        "x-ms-return-client-request-id": "true"
      },
      "RequestBody": null,
      "StatusCode": 200,
      "ResponseHeaders": {
        "Cache-Control": "no-cache",
        "Content-Length": "518",
        "Content-Type": "application/json; charset=utf-8",
        "Date": "Fri, 29 Sep 2023 10:25:40 GMT",
        "ETag": "\u00220f002723-0000-3400-0000-6516a6240000\u0022",
        "Expires": "-1",
        "Pragma": "no-cache",
        "Strict-Transport-Security": "max-age=31536000; includeSubDomains",
        "X-Content-Type-Options": "nosniff",
        "x-ms-client-request-id": "0692a47a2e1d8071f9e82f2438f5ae15",
        "x-ms-correlation-request-id": "2a0a05c5-51ac-4722-b9b4-9e30ba6c6e86",
        "x-ms-ratelimit-remaining-tenant-reads": "11971",
        "x-ms-request-id": "6fbdb839-d661-4ad9-a3ef-6a9f01ae18ed",
        "x-ms-routing-request-id": "UKSOUTH:20230929T102541Z:2a0a05c5-51ac-4722-b9b4-9e30ba6c6e86"
      },
      "ResponseBody": {
        "id": "/providers/Microsoft.HybridNetwork/locations/EASTUS2EUAP/operationStatuses/9fb4fdf2-b9d8-40a9-aa95-a5e3045efcc8*62730A1F75B35551D070766FB20B588B9E1ECBE6545C6164E058B41B84D3F186",
        "name": "9fb4fdf2-b9d8-40a9-aa95-a5e3045efcc8*62730A1F75B35551D070766FB20B588B9E1ECBE6545C6164E058B41B84D3F186",
        "resourceId": "/subscriptions/602a6b57-fb02-4c3d-bc44-5f8852be10ee/resourceGroups/PublisherUTRG6548/providers/Microsoft.HybridNetwork/publishers/publisher2693",
        "status": "Accepted",
        "startTime": "2023-09-29T10:25:40.8153198Z"
      }
    },
    {
      "RequestUri": "https://management.azure.com/providers/Microsoft.HybridNetwork/locations/EASTUS2EUAP/operationStatuses/9fb4fdf2-b9d8-40a9-aa95-a5e3045efcc8*62730A1F75B35551D070766FB20B588B9E1ECBE6545C6164E058B41B84D3F186?api-version=2021-05-01",
      "RequestMethod": "GET",
      "RequestHeaders": {
        "Authorization": "Sanitized",
        "traceparent": "00-ebb66d4c592966f453aba3a78d2270f8-41b883c7440b81f4-00",
        "User-Agent": "azsdk-net-ResourceManager/1.7.0 (.NET 7.0.11; Microsoft Windows 10.0.22621)",
        "x-ms-client-request-id": "f3d17d95c301548260b0f4dda5873784",
        "x-ms-return-client-request-id": "true"
      },
      "RequestBody": null,
      "StatusCode": 200,
      "ResponseHeaders": {
        "Cache-Control": "no-cache",
        "Content-Length": "518",
        "Content-Type": "application/json; charset=utf-8",
        "Date": "Fri, 29 Sep 2023 10:25:41 GMT",
        "ETag": "\u00220f002723-0000-3400-0000-6516a6240000\u0022",
        "Expires": "-1",
        "Pragma": "no-cache",
        "Strict-Transport-Security": "max-age=31536000; includeSubDomains",
        "X-Content-Type-Options": "nosniff",
        "x-ms-client-request-id": "f3d17d95c301548260b0f4dda5873784",
        "x-ms-correlation-request-id": "f43ad5e6-49fc-4198-8483-3c02196474bf",
        "x-ms-ratelimit-remaining-tenant-reads": "11970",
        "x-ms-request-id": "624064e2-3aed-45e2-9fee-378cf2846ecf",
        "x-ms-routing-request-id": "UKSOUTH:20230929T102542Z:f43ad5e6-49fc-4198-8483-3c02196474bf"
      },
      "ResponseBody": {
        "id": "/providers/Microsoft.HybridNetwork/locations/EASTUS2EUAP/operationStatuses/9fb4fdf2-b9d8-40a9-aa95-a5e3045efcc8*62730A1F75B35551D070766FB20B588B9E1ECBE6545C6164E058B41B84D3F186",
        "name": "9fb4fdf2-b9d8-40a9-aa95-a5e3045efcc8*62730A1F75B35551D070766FB20B588B9E1ECBE6545C6164E058B41B84D3F186",
        "resourceId": "/subscriptions/602a6b57-fb02-4c3d-bc44-5f8852be10ee/resourceGroups/PublisherUTRG6548/providers/Microsoft.HybridNetwork/publishers/publisher2693",
        "status": "Accepted",
        "startTime": "2023-09-29T10:25:40.8153198Z"
      }
    },
    {
      "RequestUri": "https://management.azure.com/providers/Microsoft.HybridNetwork/locations/EASTUS2EUAP/operationStatuses/9fb4fdf2-b9d8-40a9-aa95-a5e3045efcc8*62730A1F75B35551D070766FB20B588B9E1ECBE6545C6164E058B41B84D3F186?api-version=2021-05-01",
      "RequestMethod": "GET",
      "RequestHeaders": {
        "Authorization": "Sanitized",
        "traceparent": "00-ebb66d4c592966f453aba3a78d2270f8-d0ebe6c23fbbe2a2-00",
        "User-Agent": "azsdk-net-ResourceManager/1.7.0 (.NET 7.0.11; Microsoft Windows 10.0.22621)",
        "x-ms-client-request-id": "c921f76c91fd87ef835c396d168bef0e",
        "x-ms-return-client-request-id": "true"
      },
      "RequestBody": null,
      "StatusCode": 200,
      "ResponseHeaders": {
        "Cache-Control": "no-cache",
        "Content-Length": "518",
        "Content-Type": "application/json; charset=utf-8",
        "Date": "Fri, 29 Sep 2023 10:25:43 GMT",
        "ETag": "\u00220f002723-0000-3400-0000-6516a6240000\u0022",
        "Expires": "-1",
        "Pragma": "no-cache",
        "Strict-Transport-Security": "max-age=31536000; includeSubDomains",
        "X-Content-Type-Options": "nosniff",
        "x-ms-client-request-id": "c921f76c91fd87ef835c396d168bef0e",
        "x-ms-correlation-request-id": "d56c7c0d-407a-4ec1-9f1b-4a3e2007c3fd",
        "x-ms-ratelimit-remaining-tenant-reads": "11969",
        "x-ms-request-id": "65183f53-6500-42e6-a6c4-1a7d0052a681",
        "x-ms-routing-request-id": "UKSOUTH:20230929T102543Z:d56c7c0d-407a-4ec1-9f1b-4a3e2007c3fd"
      },
      "ResponseBody": {
        "id": "/providers/Microsoft.HybridNetwork/locations/EASTUS2EUAP/operationStatuses/9fb4fdf2-b9d8-40a9-aa95-a5e3045efcc8*62730A1F75B35551D070766FB20B588B9E1ECBE6545C6164E058B41B84D3F186",
        "name": "9fb4fdf2-b9d8-40a9-aa95-a5e3045efcc8*62730A1F75B35551D070766FB20B588B9E1ECBE6545C6164E058B41B84D3F186",
        "resourceId": "/subscriptions/602a6b57-fb02-4c3d-bc44-5f8852be10ee/resourceGroups/PublisherUTRG6548/providers/Microsoft.HybridNetwork/publishers/publisher2693",
        "status": "Accepted",
        "startTime": "2023-09-29T10:25:40.8153198Z"
      }
    },
    {
      "RequestUri": "https://management.azure.com/providers/Microsoft.HybridNetwork/locations/EASTUS2EUAP/operationStatuses/9fb4fdf2-b9d8-40a9-aa95-a5e3045efcc8*62730A1F75B35551D070766FB20B588B9E1ECBE6545C6164E058B41B84D3F186?api-version=2021-05-01",
      "RequestMethod": "GET",
      "RequestHeaders": {
        "Authorization": "Sanitized",
        "traceparent": "00-ebb66d4c592966f453aba3a78d2270f8-f96c0fbdc45f8762-00",
        "User-Agent": "azsdk-net-ResourceManager/1.7.0 (.NET 7.0.11; Microsoft Windows 10.0.22621)",
        "x-ms-client-request-id": "a29b3285f71ab69a223da66c3a93db71",
        "x-ms-return-client-request-id": "true"
      },
      "RequestBody": null,
      "StatusCode": 200,
      "ResponseHeaders": {
        "Cache-Control": "no-cache",
        "Content-Length": "518",
        "Content-Type": "application/json; charset=utf-8",
        "Date": "Fri, 29 Sep 2023 10:25:44 GMT",
        "ETag": "\u00220f002723-0000-3400-0000-6516a6240000\u0022",
        "Expires": "-1",
        "Pragma": "no-cache",
        "Strict-Transport-Security": "max-age=31536000; includeSubDomains",
        "X-Content-Type-Options": "nosniff",
        "x-ms-client-request-id": "a29b3285f71ab69a223da66c3a93db71",
        "x-ms-correlation-request-id": "5514ac05-973c-47a7-9768-e2443e90dbea",
        "x-ms-ratelimit-remaining-tenant-reads": "11968",
        "x-ms-request-id": "ac471dea-88ff-4196-a790-159121897820",
        "x-ms-routing-request-id": "UKSOUTH:20230929T102544Z:5514ac05-973c-47a7-9768-e2443e90dbea"
      },
      "ResponseBody": {
        "id": "/providers/Microsoft.HybridNetwork/locations/EASTUS2EUAP/operationStatuses/9fb4fdf2-b9d8-40a9-aa95-a5e3045efcc8*62730A1F75B35551D070766FB20B588B9E1ECBE6545C6164E058B41B84D3F186",
        "name": "9fb4fdf2-b9d8-40a9-aa95-a5e3045efcc8*62730A1F75B35551D070766FB20B588B9E1ECBE6545C6164E058B41B84D3F186",
        "resourceId": "/subscriptions/602a6b57-fb02-4c3d-bc44-5f8852be10ee/resourceGroups/PublisherUTRG6548/providers/Microsoft.HybridNetwork/publishers/publisher2693",
        "status": "Accepted",
        "startTime": "2023-09-29T10:25:40.8153198Z"
      }
    },
    {
      "RequestUri": "https://management.azure.com/providers/Microsoft.HybridNetwork/locations/EASTUS2EUAP/operationStatuses/9fb4fdf2-b9d8-40a9-aa95-a5e3045efcc8*62730A1F75B35551D070766FB20B588B9E1ECBE6545C6164E058B41B84D3F186?api-version=2021-05-01",
      "RequestMethod": "GET",
      "RequestHeaders": {
        "Authorization": "Sanitized",
        "traceparent": "00-ebb66d4c592966f453aba3a78d2270f8-fbba3e616865578c-00",
        "User-Agent": "azsdk-net-ResourceManager/1.7.0 (.NET 7.0.11; Microsoft Windows 10.0.22621)",
        "x-ms-client-request-id": "41b7aab1e4d404188e4a6fa48a153dd5",
        "x-ms-return-client-request-id": "true"
      },
      "RequestBody": null,
      "StatusCode": 200,
      "ResponseHeaders": {
        "Cache-Control": "no-cache",
        "Content-Length": "518",
        "Content-Type": "application/json; charset=utf-8",
        "Date": "Fri, 29 Sep 2023 10:25:46 GMT",
        "ETag": "\u00220f002723-0000-3400-0000-6516a6240000\u0022",
        "Expires": "-1",
        "Pragma": "no-cache",
        "Strict-Transport-Security": "max-age=31536000; includeSubDomains",
        "X-Content-Type-Options": "nosniff",
        "x-ms-client-request-id": "41b7aab1e4d404188e4a6fa48a153dd5",
        "x-ms-correlation-request-id": "9a5cae75-b64a-4e6f-bd8b-a4d995a3f8ff",
        "x-ms-ratelimit-remaining-tenant-reads": "11967",
        "x-ms-request-id": "522b4e55-bf38-4c3b-addb-bdd1ac6ec68b",
        "x-ms-routing-request-id": "UKSOUTH:20230929T102546Z:9a5cae75-b64a-4e6f-bd8b-a4d995a3f8ff"
      },
      "ResponseBody": {
        "id": "/providers/Microsoft.HybridNetwork/locations/EASTUS2EUAP/operationStatuses/9fb4fdf2-b9d8-40a9-aa95-a5e3045efcc8*62730A1F75B35551D070766FB20B588B9E1ECBE6545C6164E058B41B84D3F186",
        "name": "9fb4fdf2-b9d8-40a9-aa95-a5e3045efcc8*62730A1F75B35551D070766FB20B588B9E1ECBE6545C6164E058B41B84D3F186",
        "resourceId": "/subscriptions/602a6b57-fb02-4c3d-bc44-5f8852be10ee/resourceGroups/PublisherUTRG6548/providers/Microsoft.HybridNetwork/publishers/publisher2693",
        "status": "Accepted",
        "startTime": "2023-09-29T10:25:40.8153198Z"
      }
    },
    {
      "RequestUri": "https://management.azure.com/providers/Microsoft.HybridNetwork/locations/EASTUS2EUAP/operationStatuses/9fb4fdf2-b9d8-40a9-aa95-a5e3045efcc8*62730A1F75B35551D070766FB20B588B9E1ECBE6545C6164E058B41B84D3F186?api-version=2021-05-01",
      "RequestMethod": "GET",
      "RequestHeaders": {
        "Authorization": "Sanitized",
        "traceparent": "00-ebb66d4c592966f453aba3a78d2270f8-e55fca11fa377893-00",
        "User-Agent": "azsdk-net-ResourceManager/1.7.0 (.NET 7.0.11; Microsoft Windows 10.0.22621)",
        "x-ms-client-request-id": "7258e5c095eb756a5c6aa7bfea824cf0",
        "x-ms-return-client-request-id": "true"
      },
      "RequestBody": null,
      "StatusCode": 200,
      "ResponseHeaders": {
        "Cache-Control": "no-cache",
        "Content-Length": "518",
        "Content-Type": "application/json; charset=utf-8",
        "Date": "Fri, 29 Sep 2023 10:25:50 GMT",
        "ETag": "\u00220f002723-0000-3400-0000-6516a6240000\u0022",
        "Expires": "-1",
        "Pragma": "no-cache",
        "Strict-Transport-Security": "max-age=31536000; includeSubDomains",
        "X-Content-Type-Options": "nosniff",
        "x-ms-client-request-id": "7258e5c095eb756a5c6aa7bfea824cf0",
        "x-ms-correlation-request-id": "f1e35d47-2f10-4e48-8577-0628ce51baa1",
        "x-ms-ratelimit-remaining-tenant-reads": "11966",
        "x-ms-request-id": "2cd988e8-467f-49fb-93b0-3934cff6af77",
        "x-ms-routing-request-id": "UKSOUTH:20230929T102550Z:f1e35d47-2f10-4e48-8577-0628ce51baa1"
      },
      "ResponseBody": {
        "id": "/providers/Microsoft.HybridNetwork/locations/EASTUS2EUAP/operationStatuses/9fb4fdf2-b9d8-40a9-aa95-a5e3045efcc8*62730A1F75B35551D070766FB20B588B9E1ECBE6545C6164E058B41B84D3F186",
        "name": "9fb4fdf2-b9d8-40a9-aa95-a5e3045efcc8*62730A1F75B35551D070766FB20B588B9E1ECBE6545C6164E058B41B84D3F186",
        "resourceId": "/subscriptions/602a6b57-fb02-4c3d-bc44-5f8852be10ee/resourceGroups/PublisherUTRG6548/providers/Microsoft.HybridNetwork/publishers/publisher2693",
        "status": "Accepted",
        "startTime": "2023-09-29T10:25:40.8153198Z"
      }
    },
    {
      "RequestUri": "https://management.azure.com/providers/Microsoft.HybridNetwork/locations/EASTUS2EUAP/operationStatuses/9fb4fdf2-b9d8-40a9-aa95-a5e3045efcc8*62730A1F75B35551D070766FB20B588B9E1ECBE6545C6164E058B41B84D3F186?api-version=2021-05-01",
      "RequestMethod": "GET",
      "RequestHeaders": {
        "Authorization": "Sanitized",
        "traceparent": "00-ebb66d4c592966f453aba3a78d2270f8-f1161becca136320-00",
        "User-Agent": "azsdk-net-ResourceManager/1.7.0 (.NET 7.0.11; Microsoft Windows 10.0.22621)",
        "x-ms-client-request-id": "6cbcc780aed3a0391a9614cf87f62c0c",
        "x-ms-return-client-request-id": "true"
      },
      "RequestBody": null,
      "StatusCode": 200,
      "ResponseHeaders": {
        "Cache-Control": "no-cache",
        "Content-Length": "518",
        "Content-Type": "application/json; charset=utf-8",
        "Date": "Fri, 29 Sep 2023 10:25:58 GMT",
        "ETag": "\u00220f002723-0000-3400-0000-6516a6240000\u0022",
        "Expires": "-1",
        "Pragma": "no-cache",
        "Strict-Transport-Security": "max-age=31536000; includeSubDomains",
        "X-Content-Type-Options": "nosniff",
        "x-ms-client-request-id": "6cbcc780aed3a0391a9614cf87f62c0c",
        "x-ms-correlation-request-id": "c7af9e23-0deb-4172-abd8-9911af7a41b0",
        "x-ms-ratelimit-remaining-tenant-reads": "11965",
        "x-ms-request-id": "cd930213-204c-4168-9b1a-7a8677de7e7e",
        "x-ms-routing-request-id": "UKSOUTH:20230929T102558Z:c7af9e23-0deb-4172-abd8-9911af7a41b0"
      },
      "ResponseBody": {
        "id": "/providers/Microsoft.HybridNetwork/locations/EASTUS2EUAP/operationStatuses/9fb4fdf2-b9d8-40a9-aa95-a5e3045efcc8*62730A1F75B35551D070766FB20B588B9E1ECBE6545C6164E058B41B84D3F186",
        "name": "9fb4fdf2-b9d8-40a9-aa95-a5e3045efcc8*62730A1F75B35551D070766FB20B588B9E1ECBE6545C6164E058B41B84D3F186",
        "resourceId": "/subscriptions/602a6b57-fb02-4c3d-bc44-5f8852be10ee/resourceGroups/PublisherUTRG6548/providers/Microsoft.HybridNetwork/publishers/publisher2693",
        "status": "Accepted",
        "startTime": "2023-09-29T10:25:40.8153198Z"
      }
    },
    {
      "RequestUri": "https://management.azure.com/providers/Microsoft.HybridNetwork/locations/EASTUS2EUAP/operationStatuses/9fb4fdf2-b9d8-40a9-aa95-a5e3045efcc8*62730A1F75B35551D070766FB20B588B9E1ECBE6545C6164E058B41B84D3F186?api-version=2021-05-01",
      "RequestMethod": "GET",
      "RequestHeaders": {
        "Authorization": "Sanitized",
        "traceparent": "00-ebb66d4c592966f453aba3a78d2270f8-56c76be9cf39bbe6-00",
        "User-Agent": "azsdk-net-ResourceManager/1.7.0 (.NET 7.0.11; Microsoft Windows 10.0.22621)",
        "x-ms-client-request-id": "54acd0ff693b1b864041e5693c581a0b",
        "x-ms-return-client-request-id": "true"
      },
      "RequestBody": null,
      "StatusCode": 200,
      "ResponseHeaders": {
        "Cache-Control": "no-cache",
        "Content-Length": "518",
        "Content-Type": "application/json; charset=utf-8",
        "Date": "Fri, 29 Sep 2023 10:26:14 GMT",
        "ETag": "\u00220f002723-0000-3400-0000-6516a6240000\u0022",
        "Expires": "-1",
        "Pragma": "no-cache",
        "Strict-Transport-Security": "max-age=31536000; includeSubDomains",
        "X-Content-Type-Options": "nosniff",
        "x-ms-client-request-id": "54acd0ff693b1b864041e5693c581a0b",
        "x-ms-correlation-request-id": "3f426231-a9de-489b-86fe-b9966c09c48d",
        "x-ms-ratelimit-remaining-tenant-reads": "11964",
        "x-ms-request-id": "db334d05-ab48-40e7-9183-a6fff5e0447e",
        "x-ms-routing-request-id": "UKSOUTH:20230929T102615Z:3f426231-a9de-489b-86fe-b9966c09c48d"
      },
      "ResponseBody": {
        "id": "/providers/Microsoft.HybridNetwork/locations/EASTUS2EUAP/operationStatuses/9fb4fdf2-b9d8-40a9-aa95-a5e3045efcc8*62730A1F75B35551D070766FB20B588B9E1ECBE6545C6164E058B41B84D3F186",
        "name": "9fb4fdf2-b9d8-40a9-aa95-a5e3045efcc8*62730A1F75B35551D070766FB20B588B9E1ECBE6545C6164E058B41B84D3F186",
        "resourceId": "/subscriptions/602a6b57-fb02-4c3d-bc44-5f8852be10ee/resourceGroups/PublisherUTRG6548/providers/Microsoft.HybridNetwork/publishers/publisher2693",
        "status": "Accepted",
        "startTime": "2023-09-29T10:25:40.8153198Z"
      }
    },
    {
      "RequestUri": "https://management.azure.com/providers/Microsoft.HybridNetwork/locations/EASTUS2EUAP/operationStatuses/9fb4fdf2-b9d8-40a9-aa95-a5e3045efcc8*62730A1F75B35551D070766FB20B588B9E1ECBE6545C6164E058B41B84D3F186?api-version=2021-05-01",
      "RequestMethod": "GET",
      "RequestHeaders": {
        "Authorization": "Sanitized",
        "traceparent": "00-ebb66d4c592966f453aba3a78d2270f8-81bb254131cc3713-00",
        "User-Agent": "azsdk-net-ResourceManager/1.7.0 (.NET 7.0.11; Microsoft Windows 10.0.22621)",
        "x-ms-client-request-id": "c2237ffed1591201acb75754819aed66",
        "x-ms-return-client-request-id": "true"
      },
      "RequestBody": null,
      "StatusCode": 200,
      "ResponseHeaders": {
        "Cache-Control": "no-cache",
        "Content-Length": "518",
        "Content-Type": "application/json; charset=utf-8",
        "Date": "Fri, 29 Sep 2023 10:26:47 GMT",
        "ETag": "\u00220f002723-0000-3400-0000-6516a6240000\u0022",
        "Expires": "-1",
        "Pragma": "no-cache",
        "Strict-Transport-Security": "max-age=31536000; includeSubDomains",
        "X-Content-Type-Options": "nosniff",
        "x-ms-client-request-id": "c2237ffed1591201acb75754819aed66",
        "x-ms-correlation-request-id": "c81aeba8-810a-422d-bede-f1e1c10fd77b",
        "x-ms-ratelimit-remaining-tenant-reads": "11963",
        "x-ms-request-id": "86e79966-deb6-4d34-b01e-afb85ccc1cca",
        "x-ms-routing-request-id": "UKSOUTH:20230929T102647Z:c81aeba8-810a-422d-bede-f1e1c10fd77b"
      },
      "ResponseBody": {
        "id": "/providers/Microsoft.HybridNetwork/locations/EASTUS2EUAP/operationStatuses/9fb4fdf2-b9d8-40a9-aa95-a5e3045efcc8*62730A1F75B35551D070766FB20B588B9E1ECBE6545C6164E058B41B84D3F186",
        "name": "9fb4fdf2-b9d8-40a9-aa95-a5e3045efcc8*62730A1F75B35551D070766FB20B588B9E1ECBE6545C6164E058B41B84D3F186",
        "resourceId": "/subscriptions/602a6b57-fb02-4c3d-bc44-5f8852be10ee/resourceGroups/PublisherUTRG6548/providers/Microsoft.HybridNetwork/publishers/publisher2693",
        "status": "Accepted",
        "startTime": "2023-09-29T10:25:40.8153198Z"
      }
    },
    {
      "RequestUri": "https://management.azure.com/providers/Microsoft.HybridNetwork/locations/EASTUS2EUAP/operationStatuses/9fb4fdf2-b9d8-40a9-aa95-a5e3045efcc8*62730A1F75B35551D070766FB20B588B9E1ECBE6545C6164E058B41B84D3F186?api-version=2021-05-01",
      "RequestMethod": "GET",
      "RequestHeaders": {
        "Authorization": "Sanitized",
        "traceparent": "00-ebb66d4c592966f453aba3a78d2270f8-a329de29447d814e-00",
        "User-Agent": "azsdk-net-ResourceManager/1.7.0 (.NET 7.0.11; Microsoft Windows 10.0.22621)",
        "x-ms-client-request-id": "19bf9b3ef8d617b541a02b91c8d063c1",
        "x-ms-return-client-request-id": "true"
      },
      "RequestBody": null,
      "StatusCode": 200,
      "ResponseHeaders": {
        "Cache-Control": "no-cache",
        "Content-Length": "537",
        "Content-Type": "application/json; charset=utf-8",
        "Date": "Fri, 29 Sep 2023 10:27:18 GMT",
        "ETag": "\u00220f004524-0000-3400-0000-6516a6670000\u0022",
        "Expires": "-1",
        "Pragma": "no-cache",
        "Strict-Transport-Security": "max-age=31536000; includeSubDomains",
        "X-Content-Type-Options": "nosniff",
        "x-ms-client-request-id": "19bf9b3ef8d617b541a02b91c8d063c1",
        "x-ms-correlation-request-id": "5498a82f-627d-440e-b903-8034bbbeb1dd",
        "x-ms-ratelimit-remaining-tenant-reads": "11962",
        "x-ms-request-id": "40556a62-16eb-4eeb-b956-282339d7263e",
        "x-ms-routing-request-id": "UKSOUTH:20230929T102719Z:5498a82f-627d-440e-b903-8034bbbeb1dd"
      },
      "ResponseBody": {
        "id": "/providers/Microsoft.HybridNetwork/locations/EASTUS2EUAP/operationStatuses/9fb4fdf2-b9d8-40a9-aa95-a5e3045efcc8*62730A1F75B35551D070766FB20B588B9E1ECBE6545C6164E058B41B84D3F186",
        "name": "9fb4fdf2-b9d8-40a9-aa95-a5e3045efcc8*62730A1F75B35551D070766FB20B588B9E1ECBE6545C6164E058B41B84D3F186",
        "resourceId": "/subscriptions/602a6b57-fb02-4c3d-bc44-5f8852be10ee/resourceGroups/PublisherUTRG6548/providers/Microsoft.HybridNetwork/publishers/publisher2693",
        "status": "Succeeded",
        "startTime": "2023-09-29T10:25:40.8153198Z",
        "properties": null
      }
    },
    {
      "RequestUri": "https://management.azure.com/subscriptions/602a6b57-fb02-4c3d-bc44-5f8852be10ee/resourceGroups/PublisherUTRG6548/providers/Microsoft.HybridNetwork/publishers/publisher2693?api-version=2023-09-01",
      "RequestMethod": "GET",
      "RequestHeaders": {
        "Authorization": "Sanitized",
        "traceparent": "00-ebb66d4c592966f453aba3a78d2270f8-1d18cf987d1ccc6b-00",
        "User-Agent": "azsdk-net-ResourceManager/1.7.0 (.NET 7.0.11; Microsoft Windows 10.0.22621)",
        "x-ms-client-request-id": "08d1087c69d22eb3cf99a88311319aa5",
        "x-ms-return-client-request-id": "true"
      },
      "RequestBody": null,
      "StatusCode": 200,
      "ResponseHeaders": {
        "Cache-Control": "no-cache",
        "Content-Length": "597",
        "Content-Type": "application/json; charset=utf-8",
        "Date": "Fri, 29 Sep 2023 10:27:19 GMT",
        "ETag": "\u002202008b73-0000-3400-0000-6516a6300000\u0022",
        "Expires": "-1",
        "Pragma": "no-cache",
        "Strict-Transport-Security": "max-age=31536000; includeSubDomains",
        "X-Content-Type-Options": "nosniff",
        "x-ms-client-request-id": "08d1087c69d22eb3cf99a88311319aa5",
        "x-ms-correlation-request-id": "5c23d2fc-ee6e-453d-8caf-68697a7a7a80",
        "x-ms-providerhub-traffic": "True",
        "x-ms-ratelimit-remaining-subscription-reads": "11984",
        "x-ms-request-id": "3ec83954-6d40-421a-85d1-b6a9e821d10d",
        "x-ms-routing-request-id": "UKSOUTH:20230929T102719Z:5c23d2fc-ee6e-453d-8caf-68697a7a7a80"
      },
      "ResponseBody": {
        "id": "/subscriptions/602a6b57-fb02-4c3d-bc44-5f8852be10ee/resourceGroups/PublisherUTRG6548/providers/Microsoft.HybridNetwork/publishers/publisher2693",
        "name": "publisher2693",
        "type": "microsoft.hybridnetwork/publishers",
        "location": "eastus2euap",
        "tags": {},
        "systemData": {
          "createdBy": "80eea402-ff2f-49b2-b702-923559439b70",
          "createdByType": "Application",
          "createdAt": "2023-09-29T10:25:40.0839753Z",
          "lastModifiedBy": "80eea402-ff2f-49b2-b702-923559439b70",
          "lastModifiedByType": "Application",
          "lastModifiedAt": "2023-09-29T10:25:40.0839753Z"
        },
        "properties": {
          "scope": "Private",
          "provisioningState": "Succeeded"
        }
      }
    },
    {
      "RequestUri": "https://management.azure.com/subscriptions/602a6b57-fb02-4c3d-bc44-5f8852be10ee/resourceGroups/PublisherUTRG6548/providers/Microsoft.HybridNetwork/publishers/publisher2693?api-version=2023-09-01",
      "RequestMethod": "GET",
      "RequestHeaders": {
        "Accept": "application/json",
        "Authorization": "Sanitized",
        "traceparent": "00-81cf8873fe4fbdf5c3edcc9b52458ee0-4bc8fd140100b861-00",
        "User-Agent": "azsdk-net-ResourceManager.HybridNetwork/1.0.0-alpha.20230929.1 (.NET 7.0.11; Microsoft Windows 10.0.22621)",
        "x-ms-client-request-id": "a12b7f5300980535c90c81b9a57049dc",
        "x-ms-return-client-request-id": "true"
      },
      "RequestBody": null,
      "StatusCode": 200,
      "ResponseHeaders": {
        "Cache-Control": "no-cache",
        "Content-Length": "597",
        "Content-Type": "application/json; charset=utf-8",
        "Date": "Fri, 29 Sep 2023 10:27:19 GMT",
        "ETag": "\u002202008b73-0000-3400-0000-6516a6300000\u0022",
        "Expires": "-1",
        "Pragma": "no-cache",
        "Strict-Transport-Security": "max-age=31536000; includeSubDomains",
        "X-Content-Type-Options": "nosniff",
        "x-ms-client-request-id": "a12b7f5300980535c90c81b9a57049dc",
        "x-ms-correlation-request-id": "41455853-c41c-4ba7-94b3-f214bdff8cdb",
        "x-ms-providerhub-traffic": "True",
        "x-ms-ratelimit-remaining-subscription-reads": "11983",
        "x-ms-request-id": "7f97dc5a-2bf0-4b16-b228-dbe287a75fb1",
        "x-ms-routing-request-id": "UKSOUTH:20230929T102719Z:41455853-c41c-4ba7-94b3-f214bdff8cdb"
      },
      "ResponseBody": {
        "id": "/subscriptions/602a6b57-fb02-4c3d-bc44-5f8852be10ee/resourceGroups/PublisherUTRG6548/providers/Microsoft.HybridNetwork/publishers/publisher2693",
        "name": "publisher2693",
        "type": "microsoft.hybridnetwork/publishers",
        "location": "eastus2euap",
        "tags": {},
        "systemData": {
          "createdBy": "80eea402-ff2f-49b2-b702-923559439b70",
          "createdByType": "Application",
          "createdAt": "2023-09-29T10:25:40.0839753Z",
          "lastModifiedBy": "80eea402-ff2f-49b2-b702-923559439b70",
          "lastModifiedByType": "Application",
          "lastModifiedAt": "2023-09-29T10:25:40.0839753Z"
        },
        "properties": {
          "scope": "Private",
          "provisioningState": "Succeeded"
        }
      }
    }
  ],
  "Variables": {
    "AZURE_AUTHORITY_HOST": null,
    "RandomSeed": "815924779",
    "RESOURCE_MANAGER_URL": null,
    "SUBSCRIPTION_ID": "602a6b57-fb02-4c3d-bc44-5f8852be10ee"
  }
}
