{
  "Entries": [
    {
      "RequestUri": "https://management.azure.com/subscriptions/602a6b57-fb02-4c3d-bc44-5f8852be10ee/resourcegroups/PublisherUTRG9436?api-version=2022-09-01",
      "RequestMethod": "GET",
      "RequestHeaders": {
        "Accept": "application/json",
        "Authorization": "Sanitized",
        "traceparent": "00-6eb1a401e1aec973944763e7a09788d7-1436e323ee4ec15a-00",
        "User-Agent": "azsdk-net-ResourceManager/1.7.0 (.NET 6.0.22; Microsoft Windows 10.0.22621)",
        "x-ms-client-request-id": "4e19ad54ed9007c9fa004360ec827976",
        "x-ms-return-client-request-id": "true"
      },
      "RequestBody": null,
      "StatusCode": 200,
      "ResponseHeaders": {
        "Cache-Control": "no-cache",
        "Content-Length": "308",
        "Content-Type": "application/json; charset=utf-8",
        "Date": "Wed, 27 Sep 2023 14:15:29 GMT",
        "Expires": "-1",
        "Pragma": "no-cache",
        "Strict-Transport-Security": "max-age=31536000; includeSubDomains",
        "X-Content-Type-Options": "nosniff",
        "x-ms-correlation-request-id": "aa1344df-308a-4c48-b19f-6b3533e2857b",
        "x-ms-ratelimit-remaining-subscription-reads": "11995",
        "x-ms-request-id": "aa1344df-308a-4c48-b19f-6b3533e2857b",
        "x-ms-routing-request-id": "UKSOUTH:20230927T141529Z:aa1344df-308a-4c48-b19f-6b3533e2857b"
      },
      "ResponseBody": {
        "id": "/subscriptions/602a6b57-fb02-4c3d-bc44-5f8852be10ee/resourceGroups/PublisherUTRG9436",
        "name": "PublisherUTRG9436",
        "type": "Microsoft.Resources/resourceGroups",
        "location": "eastus2euap",
        "tags": {
          "autoDelete": "true",
          "expiresOn": "2023-10-27T14:13:45.4002036Z"
        },
        "properties": {
          "provisioningState": "Succeeded"
        }
      }
    },
    {
      "RequestUri": "https://management.azure.com/subscriptions/602a6b57-fb02-4c3d-bc44-5f8852be10ee/resourceGroups/PublisherUTRG9436/providers/Microsoft.HybridNetwork/publishers/publisher667?api-version=2023-09-01",
      "RequestMethod": "GET",
      "RequestHeaders": {
        "Accept": "application/json",
        "Authorization": "Sanitized",
        "traceparent": "00-4d228164dabaecff3a6bd2f970d43653-75d54d7df70f11a7-00",
        "User-Agent": "azsdk-net-ResourceManager.HybridNetwork/1.0.0-alpha.20230927.1 (.NET 6.0.22; Microsoft Windows 10.0.22621)",
        "x-ms-client-request-id": "28174969a355277c39dbd47a33e26318",
        "x-ms-return-client-request-id": "true"
      },
      "RequestBody": null,
      "StatusCode": 200,
      "ResponseHeaders": {
        "Cache-Control": "no-cache",
        "Content-Length": "595",
        "Content-Type": "application/json; charset=utf-8",
        "Date": "Wed, 27 Sep 2023 14:15:29 GMT",
        "ETag": "\u00220000f69b-0000-3400-0000-651438a80000\u0022",
        "Expires": "-1",
        "Pragma": "no-cache",
        "Strict-Transport-Security": "max-age=31536000; includeSubDomains",
        "X-Content-Type-Options": "nosniff",
        "x-ms-client-request-id": "28174969a355277c39dbd47a33e26318",
        "x-ms-correlation-request-id": "abbda0db-4b21-4eec-9e76-5e0f74c1a369",
        "x-ms-providerhub-traffic": "True",
        "x-ms-ratelimit-remaining-subscription-reads": "11994",
        "x-ms-request-id": "26ff4d6f-f994-4241-a9fe-86ff54465dc2",
        "x-ms-routing-request-id": "UKSOUTH:20230927T141529Z:abbda0db-4b21-4eec-9e76-5e0f74c1a369"
      },
      "ResponseBody": {
        "id": "/subscriptions/602a6b57-fb02-4c3d-bc44-5f8852be10ee/resourceGroups/PublisherUTRG9436/providers/Microsoft.HybridNetwork/publishers/publisher667",
        "name": "publisher667",
        "type": "microsoft.hybridnetwork/publishers",
        "location": "eastus2euap",
        "tags": {},
        "systemData": {
          "createdBy": "80eea402-ff2f-49b2-b702-923559439b70",
          "createdByType": "Application",
          "createdAt": "2023-09-27T14:13:47.2858045Z",
          "lastModifiedBy": "80eea402-ff2f-49b2-b702-923559439b70",
          "lastModifiedByType": "Application",
          "lastModifiedAt": "2023-09-27T14:13:47.2858045Z"
        },
        "properties": {
          "scope": "Private",
          "provisioningState": "Succeeded"
        }
      }
    },
    {
      "RequestUri": "https://management.azure.com/subscriptions/602a6b57-fb02-4c3d-bc44-5f8852be10ee/resourceGroups/PublisherUTRG9436/providers/Microsoft.HybridNetwork/publishers/publisher667/networkServiceDesignGroups/nsdg3018?api-version=2023-09-01",
      "RequestMethod": "PUT",
      "RequestHeaders": {
        "Accept": "application/json",
        "Authorization": "Sanitized",
        "Content-Length": "89",
        "Content-Type": "application/json",
        "traceparent": "00-39f3a3d95dffe3a26b421641d6bd58cc-37ced8d92855ed4c-00",
        "User-Agent": "azsdk-net-ResourceManager.HybridNetwork/1.0.0-alpha.20230927.1 (.NET 6.0.22; Microsoft Windows 10.0.22621)",
        "x-ms-client-request-id": "1e4f69f6f2aecff602e779dd4bce78e7",
        "x-ms-return-client-request-id": "true"
      },
      "RequestBody": {
        "properties": {
          "description": "NSD for .NET SDK UTs."
        },
        "tags": {},
        "location": "eastus2euap"
      },
      "StatusCode": 201,
      "ResponseHeaders": {
        "Azure-AsyncOperation": "https://management.azure.com/providers/Microsoft.HybridNetwork/locations/EASTUS2EUAP/operationStatuses/a13fd7b6-5966-48c6-b8dc-4ddcd782bca0*D0439DCA8034C04C452145B565DAA23BA2512CBEBFCF39F46571BB64AA4B05E3?api-version=2020-01-01-preview",
        "Cache-Control": "no-cache",
        "Content-Length": "673",
        "Content-Type": "application/json; charset=utf-8",
        "Date": "Wed, 27 Sep 2023 14:15:31 GMT",
        "ETag": "\u00220d003d6e-0000-3400-0000-651439030000\u0022",
        "Expires": "-1",
        "Pragma": "no-cache",
        "Strict-Transport-Security": "max-age=31536000; includeSubDomains",
        "X-Content-Type-Options": "nosniff",
        "x-ms-build-version": "1.0.02460.1877",
        "x-ms-client-request-id": "1e4f69f6f2aecff602e779dd4bce78e7",
        "x-ms-correlation-request-id": "cc783cdc-6624-402c-a44c-715dae7a0b83",
        "x-ms-providerhub-traffic": "True",
        "x-ms-ratelimit-remaining-subscription-writes": "1197",
        "x-ms-request-id": "f6823c7f-1212-4bda-8a37-84f7566f1d9b",
        "x-ms-routing-request-id": "UKSOUTH:20230927T141532Z:cc783cdc-6624-402c-a44c-715dae7a0b83"
      },
      "ResponseBody": {
        "id": "/subscriptions/602a6b57-fb02-4c3d-bc44-5f8852be10ee/resourceGroups/PublisherUTRG9436/providers/Microsoft.HybridNetwork/publishers/publisher667/networkServiceDesignGroups/nsdg3018",
        "name": "nsdg3018",
        "type": "microsoft.hybridnetwork/publishers/networkservicedesigngroups",
        "location": "eastus2euap",
        "tags": {},
        "systemData": {
          "createdBy": "80eea402-ff2f-49b2-b702-923559439b70",
          "createdByType": "Application",
          "createdAt": "2023-09-27T14:15:30.4585057Z",
          "lastModifiedBy": "80eea402-ff2f-49b2-b702-923559439b70",
          "lastModifiedByType": "Application",
          "lastModifiedAt": "2023-09-27T14:15:30.4585057Z"
        },
        "properties": {
          "description": "NSD for .NET SDK UTs.",
          "provisioningState": "Accepted"
        }
      }
    },
    {
      "RequestUri": "https://management.azure.com/providers/Microsoft.HybridNetwork/locations/EASTUS2EUAP/operationStatuses/a13fd7b6-5966-48c6-b8dc-4ddcd782bca0*D0439DCA8034C04C452145B565DAA23BA2512CBEBFCF39F46571BB64AA4B05E3?api-version=2021-05-01",
      "RequestMethod": "GET",
      "RequestHeaders": {
        "Authorization": "Sanitized",
        "traceparent": "00-39f3a3d95dffe3a26b421641d6bd58cc-4d33cfa972db0efa-00",
        "User-Agent": "azsdk-net-ResourceManager/1.7.0 (.NET 6.0.22; Microsoft Windows 10.0.22621)",
        "x-ms-client-request-id": "19f648df572a77465348256d299edc6a",
        "x-ms-return-client-request-id": "true"
      },
      "RequestBody": null,
      "StatusCode": 200,
      "ResponseHeaders": {
        "Cache-Control": "no-cache",
        "Content-Length": "553",
        "Content-Type": "application/json; charset=utf-8",
        "Date": "Wed, 27 Sep 2023 14:15:31 GMT",
        "ETag": "\u00220000ed4e-0000-3400-0000-651439030000\u0022",
        "Expires": "-1",
        "Pragma": "no-cache",
        "Strict-Transport-Security": "max-age=31536000; includeSubDomains",
        "X-Content-Type-Options": "nosniff",
        "x-ms-client-request-id": "19f648df572a77465348256d299edc6a",
        "x-ms-correlation-request-id": "c20e437d-2760-4368-a3bc-2b2b550885e2",
        "x-ms-ratelimit-remaining-tenant-reads": "11989",
        "x-ms-request-id": "04a83836-9c6b-474f-b56b-3621a803cbd3",
        "x-ms-routing-request-id": "UKSOUTH:20230927T141532Z:c20e437d-2760-4368-a3bc-2b2b550885e2"
      },
      "ResponseBody": {
        "id": "/providers/Microsoft.HybridNetwork/locations/EASTUS2EUAP/operationStatuses/a13fd7b6-5966-48c6-b8dc-4ddcd782bca0*D0439DCA8034C04C452145B565DAA23BA2512CBEBFCF39F46571BB64AA4B05E3",
        "name": "a13fd7b6-5966-48c6-b8dc-4ddcd782bca0*D0439DCA8034C04C452145B565DAA23BA2512CBEBFCF39F46571BB64AA4B05E3",
        "resourceId": "/subscriptions/602a6b57-fb02-4c3d-bc44-5f8852be10ee/resourceGroups/PublisherUTRG9436/providers/Microsoft.HybridNetwork/publishers/publisher667/networkServiceDesignGroups/nsdg3018",
        "status": "Accepted",
        "startTime": "2023-09-27T14:15:31.4143868Z"
      }
    },
    {
      "RequestUri": "https://management.azure.com/providers/Microsoft.HybridNetwork/locations/EASTUS2EUAP/operationStatuses/a13fd7b6-5966-48c6-b8dc-4ddcd782bca0*D0439DCA8034C04C452145B565DAA23BA2512CBEBFCF39F46571BB64AA4B05E3?api-version=2021-05-01",
      "RequestMethod": "GET",
      "RequestHeaders": {
        "Authorization": "Sanitized",
        "traceparent": "00-39f3a3d95dffe3a26b421641d6bd58cc-c483b78db97180ca-00",
        "User-Agent": "azsdk-net-ResourceManager/1.7.0 (.NET 6.0.22; Microsoft Windows 10.0.22621)",
        "x-ms-client-request-id": "7d50ed639b35eb75694581879ae4da75",
        "x-ms-return-client-request-id": "true"
      },
      "RequestBody": null,
      "StatusCode": 200,
      "ResponseHeaders": {
        "Cache-Control": "no-cache",
        "Content-Length": "553",
        "Content-Type": "application/json; charset=utf-8",
        "Date": "Wed, 27 Sep 2023 14:15:32 GMT",
        "ETag": "\u00220000ed4e-0000-3400-0000-651439030000\u0022",
        "Expires": "-1",
        "Pragma": "no-cache",
        "Strict-Transport-Security": "max-age=31536000; includeSubDomains",
        "X-Content-Type-Options": "nosniff",
        "x-ms-client-request-id": "7d50ed639b35eb75694581879ae4da75",
        "x-ms-correlation-request-id": "44ab2612-7870-4f20-a497-29f4d581be6f",
        "x-ms-ratelimit-remaining-tenant-reads": "11988",
        "x-ms-request-id": "fe484a9f-95b8-4d03-94e3-83d0caada0da",
        "x-ms-routing-request-id": "UKSOUTH:20230927T141533Z:44ab2612-7870-4f20-a497-29f4d581be6f"
      },
      "ResponseBody": {
        "id": "/providers/Microsoft.HybridNetwork/locations/EASTUS2EUAP/operationStatuses/a13fd7b6-5966-48c6-b8dc-4ddcd782bca0*D0439DCA8034C04C452145B565DAA23BA2512CBEBFCF39F46571BB64AA4B05E3",
        "name": "a13fd7b6-5966-48c6-b8dc-4ddcd782bca0*D0439DCA8034C04C452145B565DAA23BA2512CBEBFCF39F46571BB64AA4B05E3",
        "resourceId": "/subscriptions/602a6b57-fb02-4c3d-bc44-5f8852be10ee/resourceGroups/PublisherUTRG9436/providers/Microsoft.HybridNetwork/publishers/publisher667/networkServiceDesignGroups/nsdg3018",
        "status": "Accepted",
        "startTime": "2023-09-27T14:15:31.4143868Z"
      }
    },
    {
      "RequestUri": "https://management.azure.com/providers/Microsoft.HybridNetwork/locations/EASTUS2EUAP/operationStatuses/a13fd7b6-5966-48c6-b8dc-4ddcd782bca0*D0439DCA8034C04C452145B565DAA23BA2512CBEBFCF39F46571BB64AA4B05E3?api-version=2021-05-01",
      "RequestMethod": "GET",
      "RequestHeaders": {
        "Authorization": "Sanitized",
        "traceparent": "00-39f3a3d95dffe3a26b421641d6bd58cc-c2a55254fa6a2e08-00",
        "User-Agent": "azsdk-net-ResourceManager/1.7.0 (.NET 6.0.22; Microsoft Windows 10.0.22621)",
        "x-ms-client-request-id": "03fe5b205fd8d2bc6f34755ae491e0fe",
        "x-ms-return-client-request-id": "true"
      },
      "RequestBody": null,
      "StatusCode": 200,
      "ResponseHeaders": {
        "Cache-Control": "no-cache",
        "Content-Length": "613",
        "Content-Type": "application/json; charset=utf-8",
        "Date": "Wed, 27 Sep 2023 14:15:33 GMT",
        "ETag": "\u00220000ee4e-0000-3400-0000-651439050000\u0022",
        "Expires": "-1",
        "Pragma": "no-cache",
        "Strict-Transport-Security": "max-age=31536000; includeSubDomains",
        "X-Content-Type-Options": "nosniff",
        "x-ms-client-request-id": "03fe5b205fd8d2bc6f34755ae491e0fe",
        "x-ms-correlation-request-id": "991bf454-6cbb-4d48-8f20-8f41d533d0c8",
        "x-ms-ratelimit-remaining-tenant-reads": "11987",
        "x-ms-request-id": "3975df6c-16fe-4a95-bb42-f3760c71bf85",
        "x-ms-routing-request-id": "UKSOUTH:20230927T141534Z:991bf454-6cbb-4d48-8f20-8f41d533d0c8"
      },
      "ResponseBody": {
        "id": "/providers/Microsoft.HybridNetwork/locations/EASTUS2EUAP/operationStatuses/a13fd7b6-5966-48c6-b8dc-4ddcd782bca0*D0439DCA8034C04C452145B565DAA23BA2512CBEBFCF39F46571BB64AA4B05E3",
        "name": "a13fd7b6-5966-48c6-b8dc-4ddcd782bca0*D0439DCA8034C04C452145B565DAA23BA2512CBEBFCF39F46571BB64AA4B05E3",
        "resourceId": "/subscriptions/602a6b57-fb02-4c3d-bc44-5f8852be10ee/resourceGroups/PublisherUTRG9436/providers/Microsoft.HybridNetwork/publishers/publisher667/networkServiceDesignGroups/nsdg3018",
        "status": "Succeeded",
        "startTime": "2023-09-27T14:15:31.4143868Z",
        "endTime": "2023-09-27T14:15:33.9373962Z",
        "properties": null
      }
    },
    {
      "RequestUri": "https://management.azure.com/subscriptions/602a6b57-fb02-4c3d-bc44-5f8852be10ee/resourceGroups/PublisherUTRG9436/providers/Microsoft.HybridNetwork/publishers/publisher667/networkServiceDesignGroups/nsdg3018?api-version=2023-09-01",
      "RequestMethod": "GET",
      "RequestHeaders": {
        "Authorization": "Sanitized",
        "traceparent": "00-39f3a3d95dffe3a26b421641d6bd58cc-0d5515e9d157c80b-00",
        "User-Agent": "azsdk-net-ResourceManager/1.7.0 (.NET 6.0.22; Microsoft Windows 10.0.22621)",
        "x-ms-client-request-id": "07aeed4a493c44e8d20aafe5d6bedd6e",
        "x-ms-return-client-request-id": "true"
      },
      "RequestBody": null,
      "StatusCode": 200,
      "ResponseHeaders": {
        "Cache-Control": "no-cache",
        "Content-Length": "674",
        "Content-Type": "application/json; charset=utf-8",
        "Date": "Wed, 27 Sep 2023 14:15:34 GMT",
        "ETag": "\u00220d00416e-0000-3400-0000-651439050000\u0022",
        "Expires": "-1",
        "Pragma": "no-cache",
        "Strict-Transport-Security": "max-age=31536000; includeSubDomains",
        "X-Content-Type-Options": "nosniff",
        "x-ms-client-request-id": "07aeed4a493c44e8d20aafe5d6bedd6e",
        "x-ms-correlation-request-id": "218adf73-82c0-46e4-b0fa-3f44f06faa92",
        "x-ms-providerhub-traffic": "True",
        "x-ms-ratelimit-remaining-subscription-reads": "11993",
        "x-ms-request-id": "3b7962c7-b027-4e01-8c65-f8acdc2a1ab9",
        "x-ms-routing-request-id": "UKSOUTH:20230927T141534Z:218adf73-82c0-46e4-b0fa-3f44f06faa92"
      },
      "ResponseBody": {
        "id": "/subscriptions/602a6b57-fb02-4c3d-bc44-5f8852be10ee/resourceGroups/PublisherUTRG9436/providers/Microsoft.HybridNetwork/publishers/publisher667/networkServiceDesignGroups/nsdg3018",
        "name": "nsdg3018",
        "type": "microsoft.hybridnetwork/publishers/networkservicedesigngroups",
        "location": "eastus2euap",
        "tags": {},
        "systemData": {
          "createdBy": "80eea402-ff2f-49b2-b702-923559439b70",
          "createdByType": "Application",
          "createdAt": "2023-09-27T14:15:30.4585057Z",
          "lastModifiedBy": "80eea402-ff2f-49b2-b702-923559439b70",
          "lastModifiedByType": "Application",
          "lastModifiedAt": "2023-09-27T14:15:30.4585057Z"
        },
        "properties": {
          "description": "NSD for .NET SDK UTs.",
          "provisioningState": "Succeeded"
        }
      }
    },
    {
      "RequestUri": "https://management.azure.com/subscriptions/602a6b57-fb02-4c3d-bc44-5f8852be10ee/resourceGroups/PublisherUTRG9436/providers/Microsoft.HybridNetwork/publishers/publisher667/networkServiceDesignGroups/nsdg3018?api-version=2023-09-01",
      "RequestMethod": "GET",
      "RequestHeaders": {
        "Accept": "application/json",
        "Authorization": "Sanitized",
        "traceparent": "00-2d7b8416eb2eb27a47771126c569336c-bf0e218fdbbbfe57-00",
        "User-Agent": "azsdk-net-ResourceManager.HybridNetwork/1.0.0-alpha.20230927.1 (.NET 6.0.22; Microsoft Windows 10.0.22621)",
        "x-ms-client-request-id": "cd4daf6dd99f0391307d0e01261a06d8",
        "x-ms-return-client-request-id": "true"
      },
      "RequestBody": null,
      "StatusCode": 200,
      "ResponseHeaders": {
        "Cache-Control": "no-cache",
        "Content-Length": "674",
        "Content-Type": "application/json; charset=utf-8",
        "Date": "Wed, 27 Sep 2023 14:15:34 GMT",
        "ETag": "\u00220d00416e-0000-3400-0000-651439050000\u0022",
        "Expires": "-1",
        "Pragma": "no-cache",
        "Strict-Transport-Security": "max-age=31536000; includeSubDomains",
        "X-Content-Type-Options": "nosniff",
        "x-ms-client-request-id": "cd4daf6dd99f0391307d0e01261a06d8",
        "x-ms-correlation-request-id": "0fbcfb72-e809-4741-8f25-698207768413",
        "x-ms-providerhub-traffic": "True",
        "x-ms-ratelimit-remaining-subscription-reads": "11992",
        "x-ms-request-id": "2451b718-62a1-4177-b4bc-236b1cb2c4d3",
        "x-ms-routing-request-id": "UKSOUTH:20230927T141534Z:0fbcfb72-e809-4741-8f25-698207768413"
      },
      "ResponseBody": {
        "id": "/subscriptions/602a6b57-fb02-4c3d-bc44-5f8852be10ee/resourceGroups/PublisherUTRG9436/providers/Microsoft.HybridNetwork/publishers/publisher667/networkServiceDesignGroups/nsdg3018",
        "name": "nsdg3018",
        "type": "microsoft.hybridnetwork/publishers/networkservicedesigngroups",
        "location": "eastus2euap",
        "tags": {},
        "systemData": {
          "createdBy": "80eea402-ff2f-49b2-b702-923559439b70",
          "createdByType": "Application",
          "createdAt": "2023-09-27T14:15:30.4585057Z",
          "lastModifiedBy": "80eea402-ff2f-49b2-b702-923559439b70",
          "lastModifiedByType": "Application",
          "lastModifiedAt": "2023-09-27T14:15:30.4585057Z"
        },
        "properties": {
          "description": "NSD for .NET SDK UTs.",
          "provisioningState": "Succeeded"
        }
      }
    }
  ],
  "Variables": {
    "AZURE_AUTHORITY_HOST": null,
    "RandomSeed": "538687728",
    "RESOURCE_MANAGER_URL": null,
    "SUBSCRIPTION_ID": "602a6b57-fb02-4c3d-bc44-5f8852be10ee"
  }
}
