{
  "Entries": [
    {
      "RequestUri": "https://fake_url.azurecr.io/acr/v1/repo1a1f4613?api-version=2021-07-01",
      "RequestMethod": "PATCH",
      "RequestHeaders": {
        "Accept": "application/json",
        "Accept-Encoding": "gzip, deflate",
        "Content-Length": "91",
        "Content-Type": "application/json",
        "User-Agent": "azsdk-python-azure-containerregistry/1.1.0b2 Python/3.11.0 (Windows-10-10.0.22621-SP0)"
      },
      "RequestBody": {
        "deleteEnabled": false,
        "writeEnabled": false,
        "listEnabled": false,
        "readEnabled": false
      },
      "StatusCode": 401,
      "ResponseHeaders": {
        "Access-Control-Expose-Headers": [
          "Docker-Content-Digest",
          "WWW-Authenticate",
          "Link",
          "X-Ms-Correlation-Request-Id"
        ],
        "Connection": "keep-alive",
        "Content-Length": "216",
        "Content-Type": "application/json; charset=utf-8",
        "Date": "Sun, 19 Feb 2023 08:20:10 GMT",
        "Docker-Distribution-Api-Version": "registry/2.0",
        "Server": "openresty",
        "Strict-Transport-Security": [
          "max-age=31536000; includeSubDomains",
          "max-age=31536000; includeSubDomains"
        ],
        "WWW-Authenticate": "Bearer realm=\u0022https://fake_url.azurecr.io/oauth2/token\u0022,service=\u0022yallacrtests.azurecr.io\u0022,scope=\u0022repository:repo1a1f4613:metadata_write\u0022",
        "X-Content-Type-Options": "nosniff",
        "X-Ms-Correlation-Request-Id": "09b02581-ad53-44bd-abf0-28a8029a8dfe"
      },
      "ResponseBody": {
        "errors": [
          {
            "code": "UNAUTHORIZED",
            "message": "authentication required, visit https://aka.ms/acr/authorization for more information.",
            "detail": [
              {
                "Type": "repository",
                "Name": "repo1a1f4613",
                "Action": "metadata_write"
              }
            ]
          }
        ]
      }
    },
    {
      "RequestUri": "https://login.microsoftonline.com/72f988bf-86f1-41af-91ab-2d7cd011db47/oauth2/v2.0/token",
      "RequestMethod": "POST",
      "RequestHeaders": {
        "Accept": "*/*",
        "Accept-Encoding": "gzip, deflate",
        "Content-Length": "129",
        "Content-Type": "application/x-www-form-urlencoded",
        "User-Agent": "azsdk-python-identity/1.13.0b3 Python/3.11.0 (Windows-10-10.0.22621-SP0)"
      },
      "RequestBody": "client_id=client-id\u0026client_secret=client-secret\u0026grant_type=client_credentials\u0026scope=https%3A%2F%2Fmanagement.azure.com%2F.default",
      "StatusCode": 200,
      "ResponseHeaders": {
        "Cache-Control": "no-store, no-cache",
        "Content-Length": "95",
        "Content-Type": "application/json; charset=utf-8",
        "Date": "Sun, 19 Feb 2023 08:20:09 GMT",
        "Expires": "-1",
        "P3P": "CP=\u0022DSP CUR OTPi IND OTRi ONL FIN\u0022",
        "Pragma": "no-cache",
        "Set-Cookie": [
          "fpc=Arb6VsvKOI9AiiJdSPdnUaI-m3grBwAAAITSg9sOAAAA; expires=Tue, 21-Mar-2023 08:20:10 GMT; path=/; secure; HttpOnly; SameSite=None",
          "x-ms-gateway-slice=estsfd; path=/; secure; samesite=none; httponly"
        ],
        "Strict-Transport-Security": "max-age=31536000; includeSubDomains",
        "X-Content-Type-Options": "nosniff",
        "x-ms-ests-server": "2.1.14601.11 - SCUS ProdSlices",
        "X-XSS-Protection": "0"
      },
      "ResponseBody": {
        "token_type": "Bearer",
        "expires_in": 86399,
        "ext_expires_in": 86399,
        "access_token": "access_token"
      }
    },
    {
      "RequestUri": "https://fake_url.azurecr.io/oauth2/exchange?api-version=2021-07-01",
      "RequestMethod": "POST",
      "RequestHeaders": {
        "Accept": "application/json",
        "Accept-Encoding": "gzip, deflate",
        "Content-Length": "81",
        "Content-Type": "application/x-www-form-urlencoded",
        "User-Agent": "azsdk-python-azure-containerregistry/1.1.0b2 Python/3.11.0 (Windows-10-10.0.22621-SP0)"
      },
      "RequestBody": "grant_type=access_token\u0026service=yallacrtests.azurecr.io\u0026access_token=access_token",
      "StatusCode": 200,
      "ResponseHeaders": {
        "Connection": "keep-alive",
        "Content-Type": "application/json; charset=utf-8",
        "Date": "Sun, 19 Feb 2023 08:20:10 GMT",
        "Server": "openresty",
        "Strict-Transport-Security": "max-age=31536000; includeSubDomains",
        "Transfer-Encoding": "chunked",
        "X-Ms-Correlation-Request-Id": "078ca9dd-e682-42c8-bbae-6029f979c968",
        "x-ms-ratelimit-remaining-calls-per-second": "165.616667"
      },
      "ResponseBody": {
        "refresh_token": "refresh_token"
      }
    },
    {
      "RequestUri": "https://fake_url.azurecr.io/oauth2/token?api-version=2021-07-01",
      "RequestMethod": "POST",
      "RequestHeaders": {
        "Accept": "application/json",
        "Accept-Encoding": "gzip, deflate",
        "Content-Length": "133",
        "Content-Type": "application/x-www-form-urlencoded",
        "User-Agent": "azsdk-python-azure-containerregistry/1.1.0b2 Python/3.11.0 (Windows-10-10.0.22621-SP0)"
      },
      "RequestBody": "service=yallacrtests.azurecr.io\u0026scope=repository%3Arepo1a1f4613%3Ametadata_write\u0026refresh_token=refresh_token\u0026grant_type=refresh_token",
      "StatusCode": 200,
      "ResponseHeaders": {
        "Connection": "keep-alive",
        "Content-Type": "application/json; charset=utf-8",
        "Date": "Sun, 19 Feb 2023 08:20:10 GMT",
        "Server": "openresty",
        "Strict-Transport-Security": "max-age=31536000; includeSubDomains",
        "Transfer-Encoding": "chunked",
        "X-Ms-Correlation-Request-Id": "3ae96812-b6f8-4c6c-bb50-0c0e1ca3cb5d",
        "x-ms-ratelimit-remaining-calls-per-second": "165.6"
      },
      "ResponseBody": {
        "access_token": "access_token"
      }
    },
    {
      "RequestUri": "https://fake_url.azurecr.io/acr/v1/repo1a1f4613?api-version=2021-07-01",
      "RequestMethod": "PATCH",
      "RequestHeaders": {
        "Accept": "application/json",
        "Accept-Encoding": "gzip, deflate",
        "Content-Length": "91",
        "Content-Type": "application/json",
        "User-Agent": "azsdk-python-azure-containerregistry/1.1.0b2 Python/3.11.0 (Windows-10-10.0.22621-SP0)"
      },
      "RequestBody": {
        "deleteEnabled": false,
        "writeEnabled": false,
        "listEnabled": false,
        "readEnabled": false
      },
      "StatusCode": 200,
      "ResponseHeaders": {
        "Access-Control-Expose-Headers": [
          "Docker-Content-Digest",
          "WWW-Authenticate",
          "Link",
          "X-Ms-Correlation-Request-Id"
        ],
        "Connection": "keep-alive",
        "Content-Length": "299",
        "Content-Type": "application/json; charset=utf-8",
        "Date": "Sun, 19 Feb 2023 08:20:10 GMT",
        "Docker-Distribution-Api-Version": "registry/2.0",
        "Server": "openresty",
        "Strict-Transport-Security": [
          "max-age=31536000; includeSubDomains",
          "max-age=31536000; includeSubDomains"
        ],
        "X-Content-Type-Options": "nosniff",
        "X-Ms-Correlation-Request-Id": "cd570f51-8eb3-460b-a85b-d4556b1254a0"
      },
      "ResponseBody": {
        "registry": "yallacrtests.azurecr.io",
        "imageName": "repo1a1f4613",
        "createdTime": "2023-02-19T08:20:03.1405884Z",
        "lastUpdateTime": "2023-02-19T08:20:01.6960571Z",
        "manifestCount": 12,
        "tagCount": 1,
        "changeableAttributes": {
          "deleteEnabled": false,
          "writeEnabled": false,
          "readEnabled": false,
          "listEnabled": false
        }
      }
    },
    {
      "RequestUri": "https://fake_url.azurecr.io/acr/v1/repo1a1f4613?api-version=2021-07-01",
      "RequestMethod": "PATCH",
      "RequestHeaders": {
        "Accept": "application/json",
        "Accept-Encoding": "gzip, deflate",
        "Content-Length": "87",
        "Content-Type": "application/json",
        "User-Agent": "azsdk-python-azure-containerregistry/1.1.0b2 Python/3.11.0 (Windows-10-10.0.22621-SP0)"
      },
      "RequestBody": {
        "deleteEnabled": true,
        "writeEnabled": true,
        "listEnabled": true,
        "readEnabled": true
      },
      "StatusCode": 401,
      "ResponseHeaders": {
        "Access-Control-Expose-Headers": [
          "Docker-Content-Digest",
          "WWW-Authenticate",
          "Link",
          "X-Ms-Correlation-Request-Id"
        ],
        "Connection": "keep-alive",
        "Content-Length": "216",
        "Content-Type": "application/json; charset=utf-8",
        "Date": "Sun, 19 Feb 2023 08:20:10 GMT",
        "Docker-Distribution-Api-Version": "registry/2.0",
        "Server": "openresty",
        "Strict-Transport-Security": [
          "max-age=31536000; includeSubDomains",
          "max-age=31536000; includeSubDomains"
        ],
        "WWW-Authenticate": "Bearer realm=\u0022https://fake_url.azurecr.io/oauth2/token\u0022,service=\u0022yallacrtests.azurecr.io\u0022,scope=\u0022repository:repo1a1f4613:metadata_write\u0022",
        "X-Content-Type-Options": "nosniff",
        "X-Ms-Correlation-Request-Id": "64a83023-b1c9-4ea2-84d3-2fbcb1c940c1"
      },
      "ResponseBody": {
        "errors": [
          {
            "code": "UNAUTHORIZED",
            "message": "authentication required, visit https://aka.ms/acr/authorization for more information.",
            "detail": [
              {
                "Type": "repository",
                "Name": "repo1a1f4613",
                "Action": "metadata_write"
              }
            ]
          }
        ]
      }
    },
    {
      "RequestUri": "https://fake_url.azurecr.io/oauth2/exchange?api-version=2021-07-01",
      "RequestMethod": "POST",
      "RequestHeaders": {
        "Accept": "application/json",
        "Accept-Encoding": "gzip, deflate",
        "Content-Length": "81",
        "Content-Type": "application/x-www-form-urlencoded",
        "User-Agent": "azsdk-python-azure-containerregistry/1.1.0b2 Python/3.11.0 (Windows-10-10.0.22621-SP0)"
      },
      "RequestBody": "grant_type=access_token\u0026service=yallacrtests.azurecr.io\u0026access_token=access_token",
      "StatusCode": 200,
      "ResponseHeaders": {
        "Connection": "keep-alive",
        "Content-Type": "application/json; charset=utf-8",
        "Date": "Sun, 19 Feb 2023 08:20:10 GMT",
        "Server": "openresty",
        "Strict-Transport-Security": "max-age=31536000; includeSubDomains",
        "Transfer-Encoding": "chunked",
        "X-Ms-Correlation-Request-Id": "ea70a6be-cd59-43d7-bdf1-283f57966e0a",
        "x-ms-ratelimit-remaining-calls-per-second": "165.583333"
      },
      "ResponseBody": {
        "refresh_token": "refresh_token"
      }
    },
    {
      "RequestUri": "https://fake_url.azurecr.io/oauth2/token?api-version=2021-07-01",
      "RequestMethod": "POST",
      "RequestHeaders": {
        "Accept": "application/json",
        "Accept-Encoding": "gzip, deflate",
        "Content-Length": "133",
        "Content-Type": "application/x-www-form-urlencoded",
        "User-Agent": "azsdk-python-azure-containerregistry/1.1.0b2 Python/3.11.0 (Windows-10-10.0.22621-SP0)"
      },
      "RequestBody": "service=yallacrtests.azurecr.io\u0026scope=repository%3Arepo1a1f4613%3Ametadata_write\u0026refresh_token=refresh_token\u0026grant_type=refresh_token",
      "StatusCode": 200,
      "ResponseHeaders": {
        "Connection": "keep-alive",
        "Content-Type": "application/json; charset=utf-8",
        "Date": "Sun, 19 Feb 2023 08:20:11 GMT",
        "Server": "openresty",
        "Strict-Transport-Security": "max-age=31536000; includeSubDomains",
        "Transfer-Encoding": "chunked",
        "X-Ms-Correlation-Request-Id": "66077191-497b-469f-9c91-43e7048eb178",
        "x-ms-ratelimit-remaining-calls-per-second": "165.566667"
      },
      "ResponseBody": {
        "access_token": "access_token"
      }
    },
    {
      "RequestUri": "https://fake_url.azurecr.io/acr/v1/repo1a1f4613?api-version=2021-07-01",
      "RequestMethod": "PATCH",
      "RequestHeaders": {
        "Accept": "application/json",
        "Accept-Encoding": "gzip, deflate",
        "Content-Length": "87",
        "Content-Type": "application/json",
        "User-Agent": "azsdk-python-azure-containerregistry/1.1.0b2 Python/3.11.0 (Windows-10-10.0.22621-SP0)"
      },
      "RequestBody": {
        "deleteEnabled": true,
        "writeEnabled": true,
        "listEnabled": true,
        "readEnabled": true
      },
      "StatusCode": 200,
      "ResponseHeaders": {
        "Access-Control-Expose-Headers": [
          "Docker-Content-Digest",
          "WWW-Authenticate",
          "Link",
          "X-Ms-Correlation-Request-Id"
        ],
        "Connection": "keep-alive",
        "Content-Length": "295",
        "Content-Type": "application/json; charset=utf-8",
        "Date": "Sun, 19 Feb 2023 08:20:11 GMT",
        "Docker-Distribution-Api-Version": "registry/2.0",
        "Server": "openresty",
        "Strict-Transport-Security": [
          "max-age=31536000; includeSubDomains",
          "max-age=31536000; includeSubDomains"
        ],
        "X-Content-Type-Options": "nosniff",
        "X-Ms-Correlation-Request-Id": "64d7b5f7-17c6-4d40-9834-e74d1d5f3a08"
      },
      "ResponseBody": {
        "registry": "yallacrtests.azurecr.io",
        "imageName": "repo1a1f4613",
        "createdTime": "2023-02-19T08:20:03.1405884Z",
        "lastUpdateTime": "2023-02-19T08:20:01.6960571Z",
        "manifestCount": 12,
        "tagCount": 1,
        "changeableAttributes": {
          "deleteEnabled": true,
          "writeEnabled": true,
          "readEnabled": true,
          "listEnabled": true
        }
      }
    },
    {
      "RequestUri": "https://fake_url.azurecr.io/acr/v1/repo1a1f4613?api-version=2021-07-01",
      "RequestMethod": "DELETE",
      "RequestHeaders": {
        "Accept": "application/json",
        "Accept-Encoding": "gzip, deflate",
        "Content-Length": "0",
        "User-Agent": "azsdk-python-azure-containerregistry/1.1.0b2 Python/3.11.0 (Windows-10-10.0.22621-SP0)"
      },
      "RequestBody": null,
      "StatusCode": 401,
      "ResponseHeaders": {
        "Access-Control-Expose-Headers": [
          "Docker-Content-Digest",
          "WWW-Authenticate",
          "Link",
          "X-Ms-Correlation-Request-Id"
        ],
        "Connection": "keep-alive",
        "Content-Length": "208",
        "Content-Type": "application/json; charset=utf-8",
        "Date": "Sun, 19 Feb 2023 08:20:11 GMT",
        "Docker-Distribution-Api-Version": "registry/2.0",
        "Server": "openresty",
        "Strict-Transport-Security": [
          "max-age=31536000; includeSubDomains",
          "max-age=31536000; includeSubDomains"
        ],
        "WWW-Authenticate": "Bearer realm=\u0022https://fake_url.azurecr.io/oauth2/token\u0022,service=\u0022yallacrtests.azurecr.io\u0022,scope=\u0022repository:repo1a1f4613:delete\u0022",
        "X-Content-Type-Options": "nosniff",
        "X-Ms-Correlation-Request-Id": "82d8c1ec-80d8-4062-8270-ce7aedbab812"
      },
      "ResponseBody": {
        "errors": [
          {
            "code": "UNAUTHORIZED",
            "message": "authentication required, visit https://aka.ms/acr/authorization for more information.",
            "detail": [
              {
                "Type": "repository",
                "Name": "repo1a1f4613",
                "Action": "delete"
              }
            ]
          }
        ]
      }
    },
    {
      "RequestUri": "https://fake_url.azurecr.io/oauth2/exchange?api-version=2021-07-01",
      "RequestMethod": "POST",
      "RequestHeaders": {
        "Accept": "application/json",
        "Accept-Encoding": "gzip, deflate",
        "Content-Length": "81",
        "Content-Type": "application/x-www-form-urlencoded",
        "User-Agent": "azsdk-python-azure-containerregistry/1.1.0b2 Python/3.11.0 (Windows-10-10.0.22621-SP0)"
      },
      "RequestBody": "grant_type=access_token\u0026service=yallacrtests.azurecr.io\u0026access_token=access_token",
      "StatusCode": 200,
      "ResponseHeaders": {
        "Connection": "keep-alive",
        "Content-Type": "application/json; charset=utf-8",
        "Date": "Sun, 19 Feb 2023 08:20:11 GMT",
        "Server": "openresty",
        "Strict-Transport-Security": "max-age=31536000; includeSubDomains",
        "Transfer-Encoding": "chunked",
        "X-Ms-Correlation-Request-Id": "1c9e2bfa-56eb-4b73-944b-d4a52c1111fd",
        "x-ms-ratelimit-remaining-calls-per-second": "165.55"
      },
      "ResponseBody": {
        "refresh_token": "refresh_token"
      }
    },
    {
      "RequestUri": "https://fake_url.azurecr.io/oauth2/token?api-version=2021-07-01",
      "RequestMethod": "POST",
      "RequestHeaders": {
        "Accept": "application/json",
        "Accept-Encoding": "gzip, deflate",
        "Content-Length": "125",
        "Content-Type": "application/x-www-form-urlencoded",
        "User-Agent": "azsdk-python-azure-containerregistry/1.1.0b2 Python/3.11.0 (Windows-10-10.0.22621-SP0)"
      },
      "RequestBody": "service=yallacrtests.azurecr.io\u0026scope=repository%3Arepo1a1f4613%3Adelete\u0026refresh_token=refresh_token\u0026grant_type=refresh_token",
      "StatusCode": 200,
      "ResponseHeaders": {
        "Connection": "keep-alive",
        "Content-Type": "application/json; charset=utf-8",
        "Date": "Sun, 19 Feb 2023 08:20:11 GMT",
        "Server": "openresty",
        "Strict-Transport-Security": "max-age=31536000; includeSubDomains",
        "Transfer-Encoding": "chunked",
        "X-Ms-Correlation-Request-Id": "fb702aa2-1a81-463c-8b12-63550927426a",
        "x-ms-ratelimit-remaining-calls-per-second": "165.533333"
      },
      "ResponseBody": {
        "access_token": "access_token"
      }
    },
    {
      "RequestUri": "https://fake_url.azurecr.io/acr/v1/repo1a1f4613?api-version=2021-07-01",
      "RequestMethod": "DELETE",
      "RequestHeaders": {
        "Accept": "application/json",
        "Accept-Encoding": "gzip, deflate",
        "Content-Length": "0",
        "User-Agent": "azsdk-python-azure-containerregistry/1.1.0b2 Python/3.11.0 (Windows-10-10.0.22621-SP0)"
      },
      "RequestBody": null,
      "StatusCode": 202,
      "ResponseHeaders": {
        "Access-Control-Expose-Headers": [
          "Docker-Content-Digest",
          "WWW-Authenticate",
          "Link",
          "X-Ms-Correlation-Request-Id"
        ],
        "Connection": "keep-alive",
        "Content-Length": "941",
        "Content-Type": "application/json; charset=utf-8",
        "Date": "Sun, 19 Feb 2023 08:20:12 GMT",
        "Docker-Distribution-Api-Version": "registry/2.0",
        "Server": "openresty",
        "Strict-Transport-Security": [
          "max-age=31536000; includeSubDomains",
          "max-age=31536000; includeSubDomains"
        ],
        "X-Content-Type-Options": "nosniff",
        "X-Ms-Correlation-Request-Id": "b2c8b70c-dc8a-41c9-be29-b94b0ea76287",
        "X-Ms-Ratelimit-Remaining-Calls-Per-Second": "8.000000"
      },
      "ResponseBody": {
        "manifestsDeleted": [
          "sha256:40d0cfd0861719208ff9f7747ab3f97844eeca509df705db44a736df863b76af",
          "sha256:432f982638b3aefab73cc58ab28f5c16e96fdb504e8c134fc58dff4bae8bf338",
          "sha256:660408e6ce09363b7dc1a30b210e1888bfa4ff7342e7d69e87463d184dc0cbad",
          "sha256:6e8b6f026e0b9c419ea0fd02d3905dd0952ad1feea67543f525c73a0a790fefb",
          "sha256:7b8b7289d0536a08eabdf71c20246e23f7116641db7e1d278592236ea4dcb30c",
          "sha256:98c9722322be649df94780d3fbe594fce7996234b259f27eac9428b84050c849",
          "sha256:995efde2e81b21d1ea7066aa77a59298a62a9e9fbb4b77f36c189774ec9b1089",
          "sha256:b836bb24a270b9cc935962d8228517fde0f16990e88893d935efcb1b14c0017a",
          "sha256:c7b6944911848ce39b44ed660d95fb54d69bbd531de724c7ce6fc9f743c0b861",
          "sha256:eb11b1a194ff8e236a01eff392c4e1296a53b0fb4780d8b0382f7996a15d5392",
          "sha256:f01c39d7dc9bff6475b855fe3a94a5233955696b3b8090222807010230a553c6",
          "sha256:f54a58bc1aac5ea1a25d796ae155dc228b3f0e11d046ae276b39c4bf2f13d8c4"
        ],
        "tagsDeleted": [
          "tag1a1f4613"
        ]
      }
    }
  ],
  "Variables": {}
}
