{
  "Entries": [
    {
      "RequestUri": "https://fake_url.azurecr.io/v2/library%2Fhello-world/manifests/sha256_encoded_stream",
      "RequestMethod": "PUT",
      "RequestHeaders": {
        "Accept": "application/json",
        "Accept-Encoding": "gzip, deflate",
        "Connection": "keep-alive",
        "Content-Length": "442",
        "Content-Type": "application/vnd.oci.image.manifest.v1\u002Bjson",
        "User-Agent": "azsdk-python-azure-containerregistry/1.1.0b2 Python/3.11.0 (Windows-10-10.0.22621-SP0)"
      },
      "RequestBody": {
        "config": {
          "digest": "sha256:feb5d9fea6a5e9606aa995e879d862b825965ba48de054caab5ef356dc6b3412",
          "mediaType": "application/vnd.docker.container.image.v1\u002Bjson",
          "size": 1469
        },
        "layers": [
          {
            "digest": "sha256:2db29710123e3e53a794f2694094b9b4338aa9ee5c40b930cb8063a1be392c54",
            "mediaType": "application/vnd.docker.image.rootfs.diff.tar.gzip",
            "size": 2479
          }
        ],
        "mediaType": "application/vnd.docker.distribution.manifest.v2\u002Bjson",
        "schemaVersion": 2
      },
      "StatusCode": 401,
      "ResponseHeaders": {
        "Access-Control-Expose-Headers": [
          "Docker-Content-Digest",
          "WWW-Authenticate",
          "Link",
          "X-Ms-Correlation-Request-Id"
        ],
        "Connection": "keep-alive",
        "Content-Length": "280",
        "Content-Type": "application/json; charset=utf-8",
        "Date": "Thu, 23 Mar 2023 23:01:49 GMT",
        "Docker-Distribution-Api-Version": "registry/2.0",
        "Server": "openresty",
        "Strict-Transport-Security": [
          "max-age=31536000; includeSubDomains",
          "max-age=31536000; includeSubDomains"
        ],
        "WWW-Authenticate": "Bearer realm=\u0022https://fake_url.azurecr.io/oauth2/token\u0022,service=\u0022yallacrtests.azurecr.io\u0022,scope=\u0022repository:library/hello-world:pull,push\u0022",
        "X-Content-Type-Options": "nosniff",
        "X-Ms-Correlation-Request-Id": "2e527357-a383-4333-96b9-6b7c22cd1235"
      },
      "ResponseBody": {
        "errors": [
          {
            "code": "UNAUTHORIZED",
            "message": "authentication required, visit https://aka.ms/acr/authorization for more information.",
            "detail": [
              {
                "Type": "repository",
                "Name": "library/hello-world",
                "Action": "pull"
              },
              {
                "Type": "repository",
                "Name": "library/hello-world",
                "Action": "push"
              }
            ]
          }
        ]
      }
    },
    {
      "RequestUri": "https://login.microsoftonline.com/72f988bf-86f1-41af-91ab-2d7cd011db47/v2.0/.well-known/openid-configuration",
      "RequestMethod": "GET",
      "RequestHeaders": {
        "Accept": "*/*",
        "Accept-Encoding": "gzip, deflate",
        "Connection": "keep-alive",
        "User-Agent": "azsdk-python-identity/1.13.0b4 Python/3.11.0 (Windows-10-10.0.22621-SP0)"
      },
      "RequestBody": null,
      "StatusCode": 200,
      "ResponseHeaders": {
        "Access-Control-Allow-Methods": "GET, OPTIONS",
        "Access-Control-Allow-Origin": "*",
        "Cache-Control": "max-age=86400, private",
        "Content-Length": "1753",
        "Content-Type": "application/json; charset=utf-8",
        "Date": "Thu, 23 Mar 2023 23:01:49 GMT",
        "P3P": "CP=\u0022DSP CUR OTPi IND OTRi ONL FIN\u0022",
        "Set-Cookie": [
          "fpc=Atofen2xjlBCvoUzINqCNY4; expires=Sat, 22-Apr-2023 23:01:50 GMT; path=/; secure; HttpOnly; SameSite=None",
          "esctx=PAQABAAEAAAD--DLA3VO7QrddgJg7Wevrpes9IYij0mbIeAsNF9cPGsK-gg5OVP8b2SyGnsDRjSYuR2-pKKh9tP8CcjcNB5dbBeeW2yrpcNPGqnmYFw-vNFb66O15VFowU0Y0APzp1OPITq-AxociBAloJKE4irsaIAA; domain=.login.microsoftonline.com; path=/; secure; HttpOnly; SameSite=None",
          "x-ms-gateway-slice=estsfd; path=/; secure; samesite=none; httponly",
          "stsservicecookie=estsfd; path=/; secure; samesite=none; httponly"
        ],
        "Strict-Transport-Security": "max-age=31536000; includeSubDomains",
        "X-Content-Type-Options": "nosniff",
        "x-ms-ests-server": "2.1.14939.4 - WUS2 ProdSlices",
        "X-XSS-Protection": "0"
      },
      "ResponseBody": {
        "token_endpoint": "https://login.microsoftonline.com/72f988bf-86f1-41af-91ab-2d7cd011db47/oauth2/v2.0/token",
        "token_endpoint_auth_methods_supported": [
          "client_secret_post",
          "private_key_jwt",
          "client_secret_basic"
        ],
        "jwks_uri": "https://login.microsoftonline.com/72f988bf-86f1-41af-91ab-2d7cd011db47/discovery/v2.0/keys",
        "response_modes_supported": [
          "query",
          "fragment",
          "form_post"
        ],
        "subject_types_supported": [
          "pairwise"
        ],
        "id_token_signing_alg_values_supported": [
          "RS256"
        ],
        "response_types_supported": [
          "code",
          "id_token",
          "code id_token",
          "id_token token"
        ],
        "scopes_supported": [
          "openid",
          "profile",
          "email",
          "offline_access"
        ],
        "issuer": "https://login.microsoftonline.com/72f988bf-86f1-41af-91ab-2d7cd011db47/v2.0",
        "request_uri_parameter_supported": false,
        "userinfo_endpoint": "https://graph.microsoft.com/oidc/userinfo",
        "authorization_endpoint": "https://login.microsoftonline.com/72f988bf-86f1-41af-91ab-2d7cd011db47/oauth2/v2.0/authorize",
        "device_authorization_endpoint": "https://login.microsoftonline.com/72f988bf-86f1-41af-91ab-2d7cd011db47/oauth2/v2.0/devicecode",
        "http_logout_supported": true,
        "frontchannel_logout_supported": true,
        "end_session_endpoint": "https://login.microsoftonline.com/72f988bf-86f1-41af-91ab-2d7cd011db47/oauth2/v2.0/logout",
        "claims_supported": [
          "sub",
          "iss",
          "cloud_instance_name",
          "cloud_instance_host_name",
          "cloud_graph_host_name",
          "msgraph_host",
          "aud",
          "exp",
          "iat",
          "auth_time",
          "acr",
          "nonce",
          "preferred_username",
          "name",
          "tid",
          "ver",
          "at_hash",
          "c_hash",
          "email"
        ],
        "kerberos_endpoint": "https://login.microsoftonline.com/72f988bf-86f1-41af-91ab-2d7cd011db47/kerberos",
        "tenant_region_scope": "WW",
        "cloud_instance_name": "microsoftonline.com",
        "cloud_graph_host_name": "graph.windows.net",
        "msgraph_host": "graph.microsoft.com",
        "rbac_url": "https://pas.windows.net"
      }
    },
    {
      "RequestUri": "https://login.microsoftonline.com/common/discovery/instance?api-version=1.1\u0026authorization_endpoint=https://login.microsoftonline.com/common/oauth2/authorize",
      "RequestMethod": "GET",
      "RequestHeaders": {
        "Accept": "application/json",
        "Accept-Encoding": "gzip, deflate",
        "Connection": "keep-alive",
        "Cookie": "fpc=Atofen2xjlBCvoUzINqCNY4; x-ms-gateway-slice=estsfd; stsservicecookie=estsfd",
        "User-Agent": "azsdk-python-identity/1.13.0b4 Python/3.11.0 (Windows-10-10.0.22621-SP0)"
      },
      "RequestBody": null,
      "StatusCode": 200,
      "ResponseHeaders": {
        "Access-Control-Allow-Methods": "GET, OPTIONS",
        "Access-Control-Allow-Origin": "*",
        "Cache-Control": "max-age=86400, private",
        "Content-Length": "945",
        "Content-Type": "application/json; charset=utf-8",
        "Date": "Thu, 23 Mar 2023 23:01:49 GMT",
        "P3P": "CP=\u0022DSP CUR OTPi IND OTRi ONL FIN\u0022",
        "Set-Cookie": [
          "fpc=Atofen2xjlBCvoUzINqCNY4; expires=Sat, 22-Apr-2023 23:01:50 GMT; path=/; secure; HttpOnly; SameSite=None",
          "x-ms-gateway-slice=estsfd; path=/; secure; samesite=none; httponly"
        ],
        "Strict-Transport-Security": "max-age=31536000; includeSubDomains",
        "X-Content-Type-Options": "nosniff",
        "x-ms-ests-server": "2.1.14939.4 - EUS ProdSlices",
        "X-XSS-Protection": "0"
      },
      "ResponseBody": {
        "tenant_discovery_endpoint": "https://login.microsoftonline.com/common/.well-known/openid-configuration",
        "api-version": "1.1",
        "metadata": [
          {
            "preferred_network": "login.microsoftonline.com",
            "preferred_cache": "login.windows.net",
            "aliases": [
              "login.microsoftonline.com",
              "login.windows.net",
              "login.microsoft.com",
              "sts.windows.net"
            ]
          },
          {
            "preferred_network": "login.partner.microsoftonline.cn",
            "preferred_cache": "login.partner.microsoftonline.cn",
            "aliases": [
              "login.partner.microsoftonline.cn",
              "login.chinacloudapi.cn"
            ]
          },
          {
            "preferred_network": "login.microsoftonline.de",
            "preferred_cache": "login.microsoftonline.de",
            "aliases": [
              "login.microsoftonline.de"
            ]
          },
          {
            "preferred_network": "login.microsoftonline.us",
            "preferred_cache": "login.microsoftonline.us",
            "aliases": [
              "login.microsoftonline.us",
              "login.usgovcloudapi.net"
            ]
          },
          {
            "preferred_network": "login-us.microsoftonline.com",
            "preferred_cache": "login-us.microsoftonline.com",
            "aliases": [
              "login-us.microsoftonline.com"
            ]
          }
        ]
      }
    },
    {
      "RequestUri": "https://login.microsoftonline.com/72f988bf-86f1-41af-91ab-2d7cd011db47/oauth2/v2.0/token",
      "RequestMethod": "POST",
      "RequestHeaders": {
        "Accept": "application/json",
        "Accept-Encoding": "gzip, deflate",
        "client-request-id": "4254d113-22dc-4447-bdca-a17048e82a3b",
        "Connection": "keep-alive",
        "Content-Length": "238",
        "Content-Type": "application/x-www-form-urlencoded",
        "Cookie": "fpc=Atofen2xjlBCvoUzINqCNY4; x-ms-gateway-slice=estsfd; stsservicecookie=estsfd",
        "User-Agent": "azsdk-python-identity/1.13.0b4 Python/3.11.0 (Windows-10-10.0.22621-SP0)",
        "x-client-cpu": "x64",
        "x-client-current-telemetry": "4|730,0|",
        "x-client-last-telemetry": "4|0|||",
        "x-client-os": "win32",
        "x-client-sku": "MSAL.Python",
        "x-client-ver": "1.20.0",
        "x-ms-lib-capability": "retry-after, h429"
      },
      "RequestBody": "client_id=client-id\u0026grant_type=client_credentials\u0026client_info=1\u0026client_secret=client-secret\u0026claims=%7B%22access_token%22%3A\u002B%7B%22xms_cc%22%3A\u002B%7B%22values%22%3A\u002B%5B%22CP1%22%5D%7D%7D%7D\u0026scope=https%3A%2F%2Fmanagement.azure.com%2F.default",
      "StatusCode": 200,
      "ResponseHeaders": {
        "Cache-Control": "no-store, no-cache",
        "client-request-id": "4254d113-22dc-4447-bdca-a17048e82a3b",
        "Content-Length": "114",
        "Content-Type": "application/json; charset=utf-8",
        "Date": "Thu, 23 Mar 2023 23:01:49 GMT",
        "Expires": "-1",
        "P3P": "CP=\u0022DSP CUR OTPi IND OTRi ONL FIN\u0022",
        "Pragma": "no-cache",
        "Set-Cookie": [
          "fpc=Atofen2xjlBCvoUzINqCNY4oDLWmAQAAAF3RrtsOAAAA; expires=Sat, 22-Apr-2023 23:01:50 GMT; path=/; secure; HttpOnly; SameSite=None",
          "x-ms-gateway-slice=estsfd; path=/; secure; samesite=none; httponly"
        ],
        "Strict-Transport-Security": "max-age=31536000; includeSubDomains",
        "X-Content-Type-Options": "nosniff",
        "x-ms-clitelem": "1,0,0,,",
        "x-ms-ests-server": "2.1.14939.4 - EUS ProdSlices",
        "X-XSS-Protection": "0"
      },
      "ResponseBody": {
        "token_type": "Bearer",
        "expires_in": 86399,
        "ext_expires_in": 86399,
        "refresh_in": 43199,
        "access_token": "access_token"
      }
    },
    {
      "RequestUri": "https://fake_url.azurecr.io/oauth2/exchange?api-version=2021-07-01",
      "RequestMethod": "POST",
      "RequestHeaders": {
        "Accept": "application/json",
        "Accept-Encoding": "gzip, deflate",
        "Connection": "keep-alive",
        "Content-Length": "81",
        "Content-Type": "application/x-www-form-urlencoded",
        "User-Agent": "azsdk-python-azure-containerregistry/1.1.0b2 Python/3.11.0 (Windows-10-10.0.22621-SP0)"
      },
      "RequestBody": "grant_type=access_token\u0026service=yallacrtests.azurecr.io\u0026access_token=access_token",
      "StatusCode": 200,
      "ResponseHeaders": {
        "Connection": "keep-alive",
        "Content-Type": "application/json; charset=utf-8",
        "Date": "Thu, 23 Mar 2023 23:01:50 GMT",
        "Server": "openresty",
        "Strict-Transport-Security": "max-age=31536000; includeSubDomains",
        "Transfer-Encoding": "chunked",
        "X-Ms-Correlation-Request-Id": "9fbc3ce3-9bbb-4d07-8d57-2422c39f6d31",
        "x-ms-ratelimit-remaining-calls-per-second": "166.65"
      },
      "ResponseBody": {
        "refresh_token": "refresh_token"
      }
    },
    {
      "RequestUri": "https://fake_url.azurecr.io/oauth2/token?api-version=2021-07-01",
      "RequestMethod": "POST",
      "RequestHeaders": {
        "Accept": "application/json",
        "Accept-Encoding": "gzip, deflate",
        "Connection": "keep-alive",
        "Content-Length": "139",
        "Content-Type": "application/x-www-form-urlencoded",
        "User-Agent": "azsdk-python-azure-containerregistry/1.1.0b2 Python/3.11.0 (Windows-10-10.0.22621-SP0)"
      },
      "RequestBody": "service=yallacrtests.azurecr.io\u0026scope=repository%3Alibrary%2Fhello-world%3Apull%2Cpush\u0026refresh_token=refresh_token\u0026grant_type=refresh_token",
      "StatusCode": 200,
      "ResponseHeaders": {
        "Connection": "keep-alive",
        "Content-Type": "application/json; charset=utf-8",
        "Date": "Thu, 23 Mar 2023 23:01:50 GMT",
        "Server": "openresty",
        "Strict-Transport-Security": "max-age=31536000; includeSubDomains",
        "Transfer-Encoding": "chunked",
        "X-Ms-Correlation-Request-Id": "69a082e8-71f3-40b6-9f9f-869951bd7213",
        "x-ms-ratelimit-remaining-calls-per-second": "166.633333"
      },
      "ResponseBody": {
        "access_token": "access_token"
      }
    },
    {
      "RequestUri": "https://fake_url.azurecr.io/v2/library%2Fhello-world/manifests/sha256_encoded_stream",
      "RequestMethod": "PUT",
      "RequestHeaders": {
        "Accept": "application/json",
        "Accept-Encoding": "gzip, deflate",
        "Connection": "keep-alive",
        "Content-Length": "442",
        "Content-Type": "application/vnd.oci.image.manifest.v1\u002Bjson",
        "User-Agent": "azsdk-python-azure-containerregistry/1.1.0b2 Python/3.11.0 (Windows-10-10.0.22621-SP0)"
      },
      "RequestBody": {
        "config": {
          "digest": "sha256:feb5d9fea6a5e9606aa995e879d862b825965ba48de054caab5ef356dc6b3412",
          "mediaType": "application/vnd.docker.container.image.v1\u002Bjson",
          "size": 1469
        },
        "layers": [
          {
            "digest": "sha256:2db29710123e3e53a794f2694094b9b4338aa9ee5c40b930cb8063a1be392c54",
            "mediaType": "application/vnd.docker.image.rootfs.diff.tar.gzip",
            "size": 2479
          }
        ],
        "mediaType": "application/vnd.docker.distribution.manifest.v2\u002Bjson",
        "schemaVersion": 2
      },
      "StatusCode": 400,
      "ResponseHeaders": {
        "Access-Control-Expose-Headers": [
          "Docker-Content-Digest",
          "WWW-Authenticate",
          "Link",
          "X-Ms-Correlation-Request-Id"
        ],
        "Connection": "keep-alive",
        "Content-Length": "93",
        "Content-Type": "application/json; charset=utf-8",
        "Date": "Thu, 23 Mar 2023 23:01:50 GMT",
        "Docker-Distribution-Api-Version": "registry/2.0",
        "Server": "openresty",
        "Strict-Transport-Security": [
          "max-age=31536000; includeSubDomains",
          "max-age=31536000; includeSubDomains"
        ],
        "X-Content-Type-Options": "nosniff",
        "X-Ms-Correlation-Request-Id": "1c50ca79-c86f-4a73-a504-0c94a25fb308"
      },
      "ResponseBody": {
        "errors": [
          {
            "code": "MANIFEST_INVALID",
            "message": "manifest invalid",
            "detail": {
              "Reason": {}
            }
          }
        ]
      }
    },
    {
      "RequestUri": "https://fake_url.azurecr.io/v2/library%2Fhello-world/manifests/sha256_encoded_stream",
      "RequestMethod": "PUT",
      "RequestHeaders": {
        "Accept": "application/json",
        "Accept-Encoding": "gzip, deflate",
        "Connection": "keep-alive",
        "Content-Length": "442",
        "Content-Type": "application/vnd.docker.distribution.manifest.v2\u002Bjson",
        "User-Agent": "azsdk-python-azure-containerregistry/1.1.0b2 Python/3.11.0 (Windows-10-10.0.22621-SP0)"
      },
      "RequestBody": {
        "config": {
          "digest": "sha256:feb5d9fea6a5e9606aa995e879d862b825965ba48de054caab5ef356dc6b3412",
          "mediaType": "application/vnd.docker.container.image.v1\u002Bjson",
          "size": 1469
        },
        "layers": [
          {
            "digest": "sha256:2db29710123e3e53a794f2694094b9b4338aa9ee5c40b930cb8063a1be392c54",
            "mediaType": "application/vnd.docker.image.rootfs.diff.tar.gzip",
            "size": 2479
          }
        ],
        "mediaType": "application/vnd.docker.distribution.manifest.v2\u002Bjson",
        "schemaVersion": 2
      },
      "StatusCode": 401,
      "ResponseHeaders": {
        "Access-Control-Expose-Headers": [
          "Docker-Content-Digest",
          "WWW-Authenticate",
          "Link",
          "X-Ms-Correlation-Request-Id"
        ],
        "Connection": "keep-alive",
        "Content-Length": "280",
        "Content-Type": "application/json; charset=utf-8",
        "Date": "Thu, 23 Mar 2023 23:01:50 GMT",
        "Docker-Distribution-Api-Version": "registry/2.0",
        "Server": "openresty",
        "Strict-Transport-Security": [
          "max-age=31536000; includeSubDomains",
          "max-age=31536000; includeSubDomains"
        ],
        "WWW-Authenticate": "Bearer realm=\u0022https://fake_url.azurecr.io/oauth2/token\u0022,service=\u0022yallacrtests.azurecr.io\u0022,scope=\u0022repository:library/hello-world:pull,push\u0022",
        "X-Content-Type-Options": "nosniff",
        "X-Ms-Correlation-Request-Id": "23d09f3a-09d0-4655-becc-d408a25a1fcc"
      },
      "ResponseBody": {
        "errors": [
          {
            "code": "UNAUTHORIZED",
            "message": "authentication required, visit https://aka.ms/acr/authorization for more information.",
            "detail": [
              {
                "Type": "repository",
                "Name": "library/hello-world",
                "Action": "pull"
              },
              {
                "Type": "repository",
                "Name": "library/hello-world",
                "Action": "push"
              }
            ]
          }
        ]
      }
    },
    {
      "RequestUri": "https://fake_url.azurecr.io/oauth2/exchange?api-version=2021-07-01",
      "RequestMethod": "POST",
      "RequestHeaders": {
        "Accept": "application/json",
        "Accept-Encoding": "gzip, deflate",
        "Connection": "keep-alive",
        "Content-Length": "81",
        "Content-Type": "application/x-www-form-urlencoded",
        "User-Agent": "azsdk-python-azure-containerregistry/1.1.0b2 Python/3.11.0 (Windows-10-10.0.22621-SP0)"
      },
      "RequestBody": "grant_type=access_token\u0026service=yallacrtests.azurecr.io\u0026access_token=access_token",
      "StatusCode": 200,
      "ResponseHeaders": {
        "Connection": "keep-alive",
        "Content-Type": "application/json; charset=utf-8",
        "Date": "Thu, 23 Mar 2023 23:01:50 GMT",
        "Server": "openresty",
        "Strict-Transport-Security": "max-age=31536000; includeSubDomains",
        "Transfer-Encoding": "chunked",
        "X-Ms-Correlation-Request-Id": "c63adf38-2484-4d0b-94d5-887c221d89c7",
        "x-ms-ratelimit-remaining-calls-per-second": "166.616667"
      },
      "ResponseBody": {
        "refresh_token": "refresh_token"
      }
    },
    {
      "RequestUri": "https://fake_url.azurecr.io/oauth2/token?api-version=2021-07-01",
      "RequestMethod": "POST",
      "RequestHeaders": {
        "Accept": "application/json",
        "Accept-Encoding": "gzip, deflate",
        "Connection": "keep-alive",
        "Content-Length": "139",
        "Content-Type": "application/x-www-form-urlencoded",
        "User-Agent": "azsdk-python-azure-containerregistry/1.1.0b2 Python/3.11.0 (Windows-10-10.0.22621-SP0)"
      },
      "RequestBody": "service=yallacrtests.azurecr.io\u0026scope=repository%3Alibrary%2Fhello-world%3Apull%2Cpush\u0026refresh_token=refresh_token\u0026grant_type=refresh_token",
      "StatusCode": 200,
      "ResponseHeaders": {
        "Connection": "keep-alive",
        "Content-Type": "application/json; charset=utf-8",
        "Date": "Thu, 23 Mar 2023 23:01:50 GMT",
        "Server": "openresty",
        "Strict-Transport-Security": "max-age=31536000; includeSubDomains",
        "Transfer-Encoding": "chunked",
        "X-Ms-Correlation-Request-Id": "133a0307-2fce-4a51-b0a6-f0c6dc85adbc",
        "x-ms-ratelimit-remaining-calls-per-second": "166.6"
      },
      "ResponseBody": {
        "access_token": "access_token"
      }
    },
    {
      "RequestUri": "https://fake_url.azurecr.io/v2/library%2Fhello-world/manifests/sha256_encoded_stream",
      "RequestMethod": "PUT",
      "RequestHeaders": {
        "Accept": "application/json",
        "Accept-Encoding": "gzip, deflate",
        "Connection": "keep-alive",
        "Content-Length": "442",
        "Content-Type": "application/vnd.docker.distribution.manifest.v2\u002Bjson",
        "User-Agent": "azsdk-python-azure-containerregistry/1.1.0b2 Python/3.11.0 (Windows-10-10.0.22621-SP0)"
      },
      "RequestBody": {
        "config": {
          "digest": "sha256:feb5d9fea6a5e9606aa995e879d862b825965ba48de054caab5ef356dc6b3412",
          "mediaType": "application/vnd.docker.container.image.v1\u002Bjson",
          "size": 1469
        },
        "layers": [
          {
            "digest": "sha256:2db29710123e3e53a794f2694094b9b4338aa9ee5c40b930cb8063a1be392c54",
            "mediaType": "application/vnd.docker.image.rootfs.diff.tar.gzip",
            "size": 2479
          }
        ],
        "mediaType": "application/vnd.docker.distribution.manifest.v2\u002Bjson",
        "schemaVersion": 2
      },
      "StatusCode": 201,
      "ResponseHeaders": {
        "Access-Control-Expose-Headers": [
          "Docker-Content-Digest",
          "WWW-Authenticate",
          "Link",
          "X-Ms-Correlation-Request-Id"
        ],
        "Connection": "keep-alive",
        "Content-Length": "0",
        "Date": "Thu, 23 Mar 2023 23:01:51 GMT",
        "Docker-Content-Digest": "sha256:a0484e934bef64407086e566337e5eca0d692a2cb98eb131d43569ded2184896",
        "Docker-Distribution-Api-Version": "registry/2.0",
        "Location": "/v2/library/hello-world/manifests/sha256:a0484e934bef64407086e566337e5eca0d692a2cb98eb131d43569ded2184896",
        "Server": "openresty",
        "Strict-Transport-Security": [
          "max-age=31536000; includeSubDomains",
          "max-age=31536000; includeSubDomains"
        ],
        "X-Content-Type-Options": "nosniff",
        "X-Ms-Correlation-Request-Id": "2808967f-6d11-43e8-aac0-2a6097e17b42"
      },
      "ResponseBody": null
    }
  ],
  "Variables": {}
}
