{
  "Entries": [
    {
      "RequestUri": "https://REDACTED.azurecr.io/v2/repod8bd3da1/blobs/uploads/",
      "RequestMethod": "POST",
      "RequestHeaders": {
        "Accept": "application/json",
        "Accept-Encoding": "gzip, deflate",
        "Connection": "keep-alive",
        "Content-Length": "0",
        "User-Agent": "azsdk-python-azure-containerregistry/1.2.1 Python/3.11.6 (Linux-5.15.146.1-microsoft-standard-WSL2-x86_64-with-glibc2.35)"
      },
      "RequestBody": null,
      "StatusCode": 401,
      "ResponseHeaders": {
        "Access-Control-Expose-Headers": [
          "Docker-Content-Digest",
          "WWW-Authenticate",
          "Link",
          "X-Ms-Correlation-Request-Id"
        ],
        "Connection": "keep-alive",
        "Content-Length": "266",
        "Content-Type": "application/json; charset=utf-8",
        "Date": "Thu, 25 Apr 2024 08:28:03 GMT",
        "Docker-Distribution-Api-Version": "registry/2.0",
        "Server": "AzureContainerRegistry",
        "Strict-Transport-Security": [
          "max-age=31536000; includeSubDomains",
          "max-age=31536000; includeSubDomains"
        ],
        "WWW-Authenticate": "Bearer realm=\"https://fake_url.azurecr.io/oauth2/token\",service=\"paulvaneckcr1.azurecr.io\",scope=\"repository:repod8bd3da1:pull,push\"",
        "X-Content-Type-Options": "nosniff",
        "X-Ms-Correlation-Request-Id": "58789d88-947e-4834-86d1-5cb8e013c2a3"
      },
      "ResponseBody": {
        "errors": [
          {
            "code": "UNAUTHORIZED",
            "message": "authentication required, visit https://aka.ms/acr/authorization for more information.",
            "detail": [
              {
                "Type": "repository",
                "Name": "repod8bd3da1",
                "Action": "pull"
              },
              {
                "Type": "repository",
                "Name": "repod8bd3da1",
                "Action": "push"
              }
            ]
          }
        ]
      }
    },
    {
      "RequestUri": "https://REDACTED.microsoftonline.com/00000000-0000-0000-0000-000000000000/v2.0/.well-known/openid-configuration",
      "RequestMethod": "GET",
      "RequestHeaders": {
        "Accept": "*/*",
        "Accept-Encoding": "gzip, deflate",
        "Connection": "keep-alive",
        "User-Agent": "azsdk-python-identity/1.16.0 Python/3.11.6 (Linux-5.15.146.1-microsoft-standard-WSL2-x86_64-with-glibc2.35)"
      },
      "RequestBody": null,
      "StatusCode": 200,
      "ResponseHeaders": {
        "Access-Control-Allow-Methods": "GET, OPTIONS",
        "Access-Control-Allow-Origin": "*",
        "Cache-Control": "max-age=86400, private",
        "Content-Length": "1753",
        "Content-Type": "application/json; charset=utf-8",
        "Date": "Thu, 25 Apr 2024 08:28:02 GMT",
        "P3P": "Sanitized",
        "Set-Cookie": [
          "Sanitized",
          "Sanitized"
        ],
        "Strict-Transport-Security": "max-age=31536000; includeSubDomains",
        "X-Content-Type-Options": "nosniff",
        "x-ms-ests-server": "Sanitized",
        "x-ms-srs": "1.P",
        "X-XSS-Protection": "0"
      },
      "ResponseBody": {
        "token_endpoint": "https://login.microsoftonline.com/00000000-0000-0000-0000-000000000000/oauth2/v2.0/token",
        "token_endpoint_auth_methods_supported": [
          "client_secret_post",
          "private_key_jwt",
          "client_secret_basic"
        ],
        "jwks_uri": "https://login.microsoftonline.com/00000000-0000-0000-0000-000000000000/discovery/v2.0/keys",
        "response_modes_supported": [
          "query",
          "fragment",
          "form_post"
        ],
        "subject_types_supported": [
          "pairwise"
        ],
        "id_token_signing_alg_values_supported": [
          "RS256"
        ],
        "response_types_supported": [
          "code",
          "id_token",
          "code id_token",
          "id_token token"
        ],
        "scopes_supported": [
          "openid",
          "profile",
          "email",
          "offline_access"
        ],
        "issuer": "https://login.microsoftonline.com/00000000-0000-0000-0000-000000000000/v2.0",
        "request_uri_parameter_supported": false,
        "userinfo_endpoint": "https://graph.microsoft.com/oidc/userinfo",
        "authorization_endpoint": "https://login.microsoftonline.com/00000000-0000-0000-0000-000000000000/oauth2/v2.0/authorize",
        "device_authorization_endpoint": "https://login.microsoftonline.com/00000000-0000-0000-0000-000000000000/oauth2/v2.0/devicecode",
        "http_logout_supported": true,
        "frontchannel_logout_supported": true,
        "end_session_endpoint": "https://login.microsoftonline.com/00000000-0000-0000-0000-000000000000/oauth2/v2.0/logout",
        "claims_supported": [
          "sub",
          "iss",
          "cloud_instance_name",
          "cloud_instance_host_name",
          "cloud_graph_host_name",
          "msgraph_host",
          "aud",
          "exp",
          "iat",
          "auth_time",
          "acr",
          "nonce",
          "preferred_username",
          "name",
          "tid",
          "ver",
          "at_hash",
          "c_hash",
          "email"
        ],
        "kerberos_endpoint": "https://login.microsoftonline.com/00000000-0000-0000-0000-000000000000/kerberos",
        "tenant_region_scope": "WW",
        "cloud_instance_name": "microsoftonline.com",
        "cloud_graph_host_name": "graph.windows.net",
        "msgraph_host": "graph.microsoft.com",
        "rbac_url": "https://pas.windows.net"
      }
    },
    {
      "RequestUri": "https://REDACTED.microsoftonline.com/00000000-0000-0000-0000-000000000000/oauth2/v2.0/token",
      "RequestMethod": "POST",
      "RequestHeaders": {
        "Accept": "application/json",
        "Accept-Encoding": "gzip, deflate",
        "client-request-id": "Sanitized",
        "Connection": "keep-alive",
        "Content-Length": "146",
        "Content-Type": "application/x-www-form-urlencoded",
        "User-Agent": "azsdk-python-identity/1.16.0 Python/3.11.6 (Linux-5.15.146.1-microsoft-standard-WSL2-x86_64-with-glibc2.35)",
        "x-client-current-telemetry": "4|730,2|",
        "x-client-last-telemetry": "4|0|||",
        "x-client-os": "linux",
        "x-client-sku": "MSAL.Python",
        "x-client-ver": "1.28.0",
        "x-ms-lib-capability": "retry-after, h429"
      },
      "RequestBody": "client_id=sanitized&grant_type=client_credentials&client_info=1&client_secret=sanitized&scope=https%3A%2F%2Fcontainerregistry.azure.net%2F.default",
      "StatusCode": 200,
      "ResponseHeaders": {
        "Cache-Control": "no-store, no-cache",
        "client-request-id": "Sanitized",
        "Content-Length": "114",
        "Content-Security-Policy-Report-Only": "Sanitized",
        "Content-Type": "application/json; charset=utf-8",
        "Date": "Thu, 25 Apr 2024 08:28:02 GMT",
        "Expires": "-1",
        "P3P": "Sanitized",
        "Pragma": "no-cache",
        "Set-Cookie": [
          "Sanitized",
          "Sanitized"
        ],
        "Strict-Transport-Security": "max-age=31536000; includeSubDomains",
        "X-Content-Type-Options": "nosniff",
        "x-ms-clitelem": "1,0,0,,",
        "x-ms-ests-server": "Sanitized",
        "x-ms-srs": "1.P",
        "X-XSS-Protection": "0"
      },
      "ResponseBody": {
        "token_type": "Bearer",
        "expires_in": 86399,
        "ext_expires_in": 86399,
        "refresh_in": 43199,
        "access_token": "access_token"
      }
    },
    {
      "RequestUri": "https://REDACTED.azurecr.io/oauth2/exchange?api-version=2021-07-01",
      "RequestMethod": "POST",
      "RequestHeaders": {
        "Accept": "application/json",
        "Accept-Encoding": "gzip, deflate",
        "Connection": "keep-alive",
        "Content-Length": "82",
        "Content-Type": "application/x-www-form-urlencoded",
        "User-Agent": "azsdk-python-azure-containerregistry/1.2.1 Python/3.11.6 (Linux-5.15.146.1-microsoft-standard-WSL2-x86_64-with-glibc2.35)"
      },
      "RequestBody": "grant_type=access_token&service=paulvaneckcr1.azurecr.io&access_token=access_token",
      "StatusCode": 200,
      "ResponseHeaders": {
        "Connection": "keep-alive",
        "Content-Type": "application/json; charset=utf-8",
        "Date": "Thu, 25 Apr 2024 08:28:03 GMT",
        "Server": "AzureContainerRegistry",
        "Strict-Transport-Security": "max-age=31536000; includeSubDomains",
        "Transfer-Encoding": "chunked",
        "X-Ms-Correlation-Request-Id": "8dd008f5-9c38-496b-9685-c59764a3b3ea",
        "x-ms-ratelimit-remaining-calls-per-second": "166.05"
      },
      "ResponseBody": {
        "refresh_token": "refresh_token"
      }
    },
    {
      "RequestUri": "https://REDACTED.azurecr.io/oauth2/token?api-version=2021-07-01",
      "RequestMethod": "POST",
      "RequestHeaders": {
        "Accept": "application/json",
        "Accept-Encoding": "gzip, deflate",
        "Connection": "keep-alive",
        "Content-Length": "131",
        "Content-Type": "application/x-www-form-urlencoded",
        "User-Agent": "azsdk-python-azure-containerregistry/1.2.1 Python/3.11.6 (Linux-5.15.146.1-microsoft-standard-WSL2-x86_64-with-glibc2.35)"
      },
      "RequestBody": "service=paulvaneckcr1.azurecr.io&scope=repository%3Arepod8bd3da1%3Apull%2Cpush&refresh_token=refresh_token&grant_type=refresh_token",
      "StatusCode": 200,
      "ResponseHeaders": {
        "Connection": "keep-alive",
        "Content-Type": "application/json; charset=utf-8",
        "Date": "Thu, 25 Apr 2024 08:28:03 GMT",
        "Server": "AzureContainerRegistry",
        "Strict-Transport-Security": "max-age=31536000; includeSubDomains",
        "Transfer-Encoding": "chunked",
        "X-Ms-Correlation-Request-Id": "e857d393-df47-47f9-afb7-09c37afaf034",
        "x-ms-ratelimit-remaining-calls-per-second": "166.033333"
      },
      "ResponseBody": {
        "access_token": "access_token"
      }
    },
    {
      "RequestUri": "https://REDACTED.azurecr.io/v2/repod8bd3da1/blobs/uploads/",
      "RequestMethod": "POST",
      "RequestHeaders": {
        "Accept": "application/json",
        "Accept-Encoding": "gzip, deflate",
        "Connection": "keep-alive",
        "Content-Length": "0",
        "User-Agent": "azsdk-python-azure-containerregistry/1.2.1 Python/3.11.6 (Linux-5.15.146.1-microsoft-standard-WSL2-x86_64-with-glibc2.35)"
      },
      "RequestBody": null,
      "StatusCode": 202,
      "ResponseHeaders": {
        "Access-Control-Expose-Headers": [
          "Docker-Content-Digest",
          "WWW-Authenticate",
          "Link",
          "X-Ms-Correlation-Request-Id"
        ],
        "Connection": "keep-alive",
        "Content-Length": "0",
        "Date": "Thu, 25 Apr 2024 08:28:03 GMT",
        "Docker-Distribution-Api-Version": "registry/2.0",
        "Docker-Upload-Uuid": "b3c12a3b-00cb-4a2f-8c7b-38e57968e17a",
        "Location": "/v2/repod8bd3da1/blobs/uploads/b3c12a3b-00cb-4a2f-8c7b-38e57968e17a?_nouploadcache=false&_state=NTkNvda3hl-V6GElNQTFZCxGTl_OUS1haUzy2JDFZTp7Ik5hbWUiOiJyZXBvZDhiZDNkYTEiLCJVVUlEIjoiYjNjMTJhM2ItMDBjYi00YTJmLThjN2ItMzhlNTc5NjhlMTdhIiwiT2Zmc2V0IjowLCJTdGFydGVkQXQiOiIyMDI0LTA0LTI1VDA4OjI4OjAzLjM4Mjg2MjIxN1oifQ%3D%3D",
        "Range": "0-0",
        "Server": "AzureContainerRegistry",
        "Strict-Transport-Security": [
          "max-age=31536000; includeSubDomains",
          "max-age=31536000; includeSubDomains"
        ],
        "X-Content-Type-Options": "nosniff",
        "X-Ms-Correlation-Request-Id": "7c5fe41c-a8b2-469a-aceb-f7572c55f7b2"
      },
      "ResponseBody": null
    },
    {
      "RequestUri": "https://REDACTED.azurecr.io/v2/repod8bd3da1/blobs/uploads/b3c12a3b-00cb-4a2f-8c7b-38e57968e17a?_nouploadcache=false&_state=NTkNvda3hl-V6GElNQTFZCxGTl_OUS1haUzy2JDFZTp7Ik5hbWUiOiJyZXBvZDhiZDNkYTEiLCJVVUlEIjoiYjNjMTJhM2ItMDBjYi00YTJmLThjN2ItMzhlNTc5NjhlMTdhIiwiT2Zmc2V0IjowLCJTdGFydGVkQXQiOiIyMDI0LTA0LTI1VDA4OjI4OjAzLjM4Mjg2MjIxN1oifQ%3D%3D",
      "RequestMethod": "PATCH",
      "RequestHeaders": {
        "Accept": "application/json",
        "Accept-Encoding": "gzip, deflate",
        "Connection": "keep-alive",
        "Content-Length": "12",
        "Content-Type": "application/octet-stream",
        "User-Agent": "azsdk-python-azure-containerregistry/1.2.1 Python/3.11.6 (Linux-5.15.146.1-microsoft-standard-WSL2-x86_64-with-glibc2.35)"
      },
      "RequestBody": "U2FtcGxlIGxheWVy",
      "StatusCode": 401,
      "ResponseHeaders": {
        "Access-Control-Expose-Headers": [
          "Docker-Content-Digest",
          "WWW-Authenticate",
          "Link",
          "X-Ms-Correlation-Request-Id"
        ],
        "Connection": "keep-alive",
        "Content-Length": "266",
        "Content-Type": "application/json; charset=utf-8",
        "Date": "Thu, 25 Apr 2024 08:28:03 GMT",
        "Docker-Distribution-Api-Version": "registry/2.0",
        "Server": "AzureContainerRegistry",
        "Strict-Transport-Security": [
          "max-age=31536000; includeSubDomains",
          "max-age=31536000; includeSubDomains"
        ],
        "WWW-Authenticate": "Bearer realm=\"https://fake_url.azurecr.io/oauth2/token\",service=\"paulvaneckcr1.azurecr.io\",scope=\"repository:repod8bd3da1:pull,push\"",
        "X-Content-Type-Options": "nosniff",
        "X-Ms-Correlation-Request-Id": "205f29bb-ecc8-4205-9bc8-eb3f5b15aaae"
      },
      "ResponseBody": {
        "errors": [
          {
            "code": "UNAUTHORIZED",
            "message": "authentication required, visit https://aka.ms/acr/authorization for more information.",
            "detail": [
              {
                "Type": "repository",
                "Name": "repod8bd3da1",
                "Action": "pull"
              },
              {
                "Type": "repository",
                "Name": "repod8bd3da1",
                "Action": "push"
              }
            ]
          }
        ]
      }
    },
    {
      "RequestUri": "https://REDACTED.azurecr.io/oauth2/exchange?api-version=2021-07-01",
      "RequestMethod": "POST",
      "RequestHeaders": {
        "Accept": "application/json",
        "Accept-Encoding": "gzip, deflate",
        "Connection": "keep-alive",
        "Content-Length": "82",
        "Content-Type": "application/x-www-form-urlencoded",
        "User-Agent": "azsdk-python-azure-containerregistry/1.2.1 Python/3.11.6 (Linux-5.15.146.1-microsoft-standard-WSL2-x86_64-with-glibc2.35)"
      },
      "RequestBody": "grant_type=access_token&service=paulvaneckcr1.azurecr.io&access_token=access_token",
      "StatusCode": 200,
      "ResponseHeaders": {
        "Connection": "keep-alive",
        "Content-Type": "application/json; charset=utf-8",
        "Date": "Thu, 25 Apr 2024 08:28:03 GMT",
        "Server": "AzureContainerRegistry",
        "Strict-Transport-Security": "max-age=31536000; includeSubDomains",
        "Transfer-Encoding": "chunked",
        "X-Ms-Correlation-Request-Id": "ecfb3ac6-101e-4a18-83a4-3828a90df485",
        "x-ms-ratelimit-remaining-calls-per-second": "166.016667"
      },
      "ResponseBody": {
        "refresh_token": "refresh_token"
      }
    },
    {
      "RequestUri": "https://REDACTED.azurecr.io/oauth2/token?api-version=2021-07-01",
      "RequestMethod": "POST",
      "RequestHeaders": {
        "Accept": "application/json",
        "Accept-Encoding": "gzip, deflate",
        "Connection": "keep-alive",
        "Content-Length": "131",
        "Content-Type": "application/x-www-form-urlencoded",
        "User-Agent": "azsdk-python-azure-containerregistry/1.2.1 Python/3.11.6 (Linux-5.15.146.1-microsoft-standard-WSL2-x86_64-with-glibc2.35)"
      },
      "RequestBody": "service=paulvaneckcr1.azurecr.io&scope=repository%3Arepod8bd3da1%3Apull%2Cpush&refresh_token=refresh_token&grant_type=refresh_token",
      "StatusCode": 200,
      "ResponseHeaders": {
        "Connection": "keep-alive",
        "Content-Type": "application/json; charset=utf-8",
        "Date": "Thu, 25 Apr 2024 08:28:03 GMT",
        "Server": "AzureContainerRegistry",
        "Strict-Transport-Security": "max-age=31536000; includeSubDomains",
        "Transfer-Encoding": "chunked",
        "X-Ms-Correlation-Request-Id": "e4332d60-f17a-4fb5-9002-f0cf30c0f5f1",
        "x-ms-ratelimit-remaining-calls-per-second": "166"
      },
      "ResponseBody": {
        "access_token": "access_token"
      }
    },
    {
      "RequestUri": "https://REDACTED.azurecr.io/v2/repod8bd3da1/blobs/uploads/b3c12a3b-00cb-4a2f-8c7b-38e57968e17a?_nouploadcache=false&_state=NTkNvda3hl-V6GElNQTFZCxGTl_OUS1haUzy2JDFZTp7Ik5hbWUiOiJyZXBvZDhiZDNkYTEiLCJVVUlEIjoiYjNjMTJhM2ItMDBjYi00YTJmLThjN2ItMzhlNTc5NjhlMTdhIiwiT2Zmc2V0IjowLCJTdGFydGVkQXQiOiIyMDI0LTA0LTI1VDA4OjI4OjAzLjM4Mjg2MjIxN1oifQ%3D%3D",
      "RequestMethod": "PATCH",
      "RequestHeaders": {
        "Accept": "application/json",
        "Accept-Encoding": "gzip, deflate",
        "Connection": "keep-alive",
        "Content-Length": "12",
        "Content-Type": "application/octet-stream",
        "User-Agent": "azsdk-python-azure-containerregistry/1.2.1 Python/3.11.6 (Linux-5.15.146.1-microsoft-standard-WSL2-x86_64-with-glibc2.35)"
      },
      "RequestBody": "U2FtcGxlIGxheWVy",
      "StatusCode": 202,
      "ResponseHeaders": {
        "Access-Control-Expose-Headers": [
          "Docker-Content-Digest",
          "WWW-Authenticate",
          "Link",
          "X-Ms-Correlation-Request-Id"
        ],
        "Connection": "keep-alive",
        "Content-Length": "0",
        "Date": "Thu, 25 Apr 2024 08:28:03 GMT",
        "Docker-Distribution-Api-Version": "registry/2.0",
        "Docker-Upload-Uuid": "b3c12a3b-00cb-4a2f-8c7b-38e57968e17a",
        "Location": "/v2/repod8bd3da1/blobs/uploads/b3c12a3b-00cb-4a2f-8c7b-38e57968e17a?_nouploadcache=false&_state=3hh0dSTk4yEqSFmZ8eKITzguD_09qT74QrSJ4K6mq6t7Ik5hbWUiOiJyZXBvZDhiZDNkYTEiLCJVVUlEIjoiYjNjMTJhM2ItMDBjYi00YTJmLThjN2ItMzhlNTc5NjhlMTdhIiwiT2Zmc2V0IjoxMiwiU3RhcnRlZEF0IjoiMjAyNC0wNC0yNVQwODoyODowM1oifQ%3D%3D",
        "Range": "0-11",
        "Server": "AzureContainerRegistry",
        "Strict-Transport-Security": [
          "max-age=31536000; includeSubDomains",
          "max-age=31536000; includeSubDomains"
        ],
        "X-Content-Type-Options": "nosniff",
        "X-Ms-Correlation-Request-Id": "55680497-806f-4307-a802-39996c0fa4fa"
      },
      "ResponseBody": null
    },
    {
      "RequestUri": "https://REDACTED.azurecr.io/v2/repod8bd3da1/blobs/uploads/b3c12a3b-00cb-4a2f-8c7b-38e57968e17a?digest=sha256_encoded_stream",
      "RequestMethod": "PUT",
      "RequestHeaders": {
        "Accept": "application/json",
        "Accept-Encoding": "gzip, deflate",
        "Connection": "keep-alive",
        "Content-Length": "0",
        "Content-Type": "application/octet-stream",
        "User-Agent": "azsdk-python-azure-containerregistry/1.2.1 Python/3.11.6 (Linux-5.15.146.1-microsoft-standard-WSL2-x86_64-with-glibc2.35)"
      },
      "RequestBody": null,
      "StatusCode": 401,
      "ResponseHeaders": {
        "Access-Control-Expose-Headers": [
          "Docker-Content-Digest",
          "WWW-Authenticate",
          "Link",
          "X-Ms-Correlation-Request-Id"
        ],
        "Connection": "keep-alive",
        "Content-Length": "266",
        "Content-Type": "application/json; charset=utf-8",
        "Date": "Thu, 25 Apr 2024 08:28:03 GMT",
        "Docker-Distribution-Api-Version": "registry/2.0",
        "Server": "AzureContainerRegistry",
        "Strict-Transport-Security": [
          "max-age=31536000; includeSubDomains",
          "max-age=31536000; includeSubDomains"
        ],
        "WWW-Authenticate": "Bearer realm=\"https://fake_url.azurecr.io/oauth2/token\",service=\"paulvaneckcr1.azurecr.io\",scope=\"repository:repod8bd3da1:pull,push\"",
        "X-Content-Type-Options": "nosniff",
        "X-Ms-Correlation-Request-Id": "38b62d1f-f753-4f7e-90a1-e794c554adc5"
      },
      "ResponseBody": {
        "errors": [
          {
            "code": "UNAUTHORIZED",
            "message": "authentication required, visit https://aka.ms/acr/authorization for more information.",
            "detail": [
              {
                "Type": "repository",
                "Name": "repod8bd3da1",
                "Action": "pull"
              },
              {
                "Type": "repository",
                "Name": "repod8bd3da1",
                "Action": "push"
              }
            ]
          }
        ]
      }
    },
    {
      "RequestUri": "https://REDACTED.azurecr.io/oauth2/exchange?api-version=2021-07-01",
      "RequestMethod": "POST",
      "RequestHeaders": {
        "Accept": "application/json",
        "Accept-Encoding": "gzip, deflate",
        "Connection": "keep-alive",
        "Content-Length": "82",
        "Content-Type": "application/x-www-form-urlencoded",
        "User-Agent": "azsdk-python-azure-containerregistry/1.2.1 Python/3.11.6 (Linux-5.15.146.1-microsoft-standard-WSL2-x86_64-with-glibc2.35)"
      },
      "RequestBody": "grant_type=access_token&service=paulvaneckcr1.azurecr.io&access_token=access_token",
      "StatusCode": 200,
      "ResponseHeaders": {
        "Connection": "keep-alive",
        "Content-Type": "application/json; charset=utf-8",
        "Date": "Thu, 25 Apr 2024 08:28:03 GMT",
        "Server": "AzureContainerRegistry",
        "Strict-Transport-Security": "max-age=31536000; includeSubDomains",
        "Transfer-Encoding": "chunked",
        "X-Ms-Correlation-Request-Id": "3213eeb7-977a-4ed0-a2cc-2bd35b583ced",
        "x-ms-ratelimit-remaining-calls-per-second": "165.983333"
      },
      "ResponseBody": {
        "refresh_token": "refresh_token"
      }
    },
    {
      "RequestUri": "https://REDACTED.azurecr.io/oauth2/token?api-version=2021-07-01",
      "RequestMethod": "POST",
      "RequestHeaders": {
        "Accept": "application/json",
        "Accept-Encoding": "gzip, deflate",
        "Connection": "keep-alive",
        "Content-Length": "131",
        "Content-Type": "application/x-www-form-urlencoded",
        "User-Agent": "azsdk-python-azure-containerregistry/1.2.1 Python/3.11.6 (Linux-5.15.146.1-microsoft-standard-WSL2-x86_64-with-glibc2.35)"
      },
      "RequestBody": "service=paulvaneckcr1.azurecr.io&scope=repository%3Arepod8bd3da1%3Apull%2Cpush&refresh_token=refresh_token&grant_type=refresh_token",
      "StatusCode": 200,
      "ResponseHeaders": {
        "Connection": "keep-alive",
        "Content-Type": "application/json; charset=utf-8",
        "Date": "Thu, 25 Apr 2024 08:28:03 GMT",
        "Server": "AzureContainerRegistry",
        "Strict-Transport-Security": "max-age=31536000; includeSubDomains",
        "Transfer-Encoding": "chunked",
        "X-Ms-Correlation-Request-Id": "cfba90e2-487f-4bef-8922-7fe3d0b36024",
        "x-ms-ratelimit-remaining-calls-per-second": "165.966667"
      },
      "ResponseBody": {
        "access_token": "access_token"
      }
    },
    {
      "RequestUri": "https://REDACTED.azurecr.io/v2/repod8bd3da1/blobs/uploads/b3c12a3b-00cb-4a2f-8c7b-38e57968e17a?digest=sha256_encoded_stream",
      "RequestMethod": "PUT",
      "RequestHeaders": {
        "Accept": "application/json",
        "Accept-Encoding": "gzip, deflate",
        "Connection": "keep-alive",
        "Content-Length": "0",
        "Content-Type": "application/octet-stream",
        "User-Agent": "azsdk-python-azure-containerregistry/1.2.1 Python/3.11.6 (Linux-5.15.146.1-microsoft-standard-WSL2-x86_64-with-glibc2.35)"
      },
      "RequestBody": null,
      "StatusCode": 201,
      "ResponseHeaders": {
        "Access-Control-Expose-Headers": [
          "Docker-Content-Digest",
          "WWW-Authenticate",
          "Link",
          "X-Ms-Correlation-Request-Id"
        ],
        "Connection": "keep-alive",
        "Content-Length": "0",
        "Date": "Thu, 25 Apr 2024 08:28:03 GMT",
        "Docker-Content-Digest": "sha256:828dee73d26c173f8b8a6a266607b10b8e562d7920c6436997dd032461584c4b",
        "Docker-Distribution-Api-Version": "registry/2.0",
        "Location": "/v2/repod8bd3da1/blobs/sha256:828dee73d26c173f8b8a6a266607b10b8e562d7920c6436997dd032461584c4b",
        "Server": "AzureContainerRegistry",
        "Strict-Transport-Security": [
          "max-age=31536000; includeSubDomains",
          "max-age=31536000; includeSubDomains"
        ],
        "X-Content-Type-Options": "nosniff",
        "X-Ms-Correlation-Request-Id": "fc8d8f6a-655d-4538-a8ba-23f9599a652b"
      },
      "ResponseBody": null
    },
    {
      "RequestUri": "https://REDACTED.azurecr.io/v2/repod8bd3da1/blobs/uploads/",
      "RequestMethod": "POST",
      "RequestHeaders": {
        "Accept": "application/json",
        "Accept-Encoding": "gzip, deflate",
        "Connection": "keep-alive",
        "Content-Length": "0",
        "User-Agent": "azsdk-python-azure-containerregistry/1.2.1 Python/3.11.6 (Linux-5.15.146.1-microsoft-standard-WSL2-x86_64-with-glibc2.35)"
      },
      "RequestBody": null,
      "StatusCode": 401,
      "ResponseHeaders": {
        "Access-Control-Expose-Headers": [
          "Docker-Content-Digest",
          "WWW-Authenticate",
          "Link",
          "X-Ms-Correlation-Request-Id"
        ],
        "Connection": "keep-alive",
        "Content-Length": "266",
        "Content-Type": "application/json; charset=utf-8",
        "Date": "Thu, 25 Apr 2024 08:28:03 GMT",
        "Docker-Distribution-Api-Version": "registry/2.0",
        "Server": "AzureContainerRegistry",
        "Strict-Transport-Security": [
          "max-age=31536000; includeSubDomains",
          "max-age=31536000; includeSubDomains"
        ],
        "WWW-Authenticate": "Bearer realm=\"https://fake_url.azurecr.io/oauth2/token\",service=\"paulvaneckcr1.azurecr.io\",scope=\"repository:repod8bd3da1:pull,push\"",
        "X-Content-Type-Options": "nosniff",
        "X-Ms-Correlation-Request-Id": "0401312c-6699-4dac-84dd-fb1940a42e70"
      },
      "ResponseBody": {
        "errors": [
          {
            "code": "UNAUTHORIZED",
            "message": "authentication required, visit https://aka.ms/acr/authorization for more information.",
            "detail": [
              {
                "Type": "repository",
                "Name": "repod8bd3da1",
                "Action": "pull"
              },
              {
                "Type": "repository",
                "Name": "repod8bd3da1",
                "Action": "push"
              }
            ]
          }
        ]
      }
    },
    {
      "RequestUri": "https://REDACTED.azurecr.io/oauth2/exchange?api-version=2021-07-01",
      "RequestMethod": "POST",
      "RequestHeaders": {
        "Accept": "application/json",
        "Accept-Encoding": "gzip, deflate",
        "Connection": "keep-alive",
        "Content-Length": "82",
        "Content-Type": "application/x-www-form-urlencoded",
        "User-Agent": "azsdk-python-azure-containerregistry/1.2.1 Python/3.11.6 (Linux-5.15.146.1-microsoft-standard-WSL2-x86_64-with-glibc2.35)"
      },
      "RequestBody": "grant_type=access_token&service=paulvaneckcr1.azurecr.io&access_token=access_token",
      "StatusCode": 200,
      "ResponseHeaders": {
        "Connection": "keep-alive",
        "Content-Type": "application/json; charset=utf-8",
        "Date": "Thu, 25 Apr 2024 08:28:03 GMT",
        "Server": "AzureContainerRegistry",
        "Strict-Transport-Security": "max-age=31536000; includeSubDomains",
        "Transfer-Encoding": "chunked",
        "X-Ms-Correlation-Request-Id": "ae597a49-2399-4199-820d-df182ff8b24c",
        "x-ms-ratelimit-remaining-calls-per-second": "165.95"
      },
      "ResponseBody": {
        "refresh_token": "refresh_token"
      }
    },
    {
      "RequestUri": "https://REDACTED.azurecr.io/oauth2/token?api-version=2021-07-01",
      "RequestMethod": "POST",
      "RequestHeaders": {
        "Accept": "application/json",
        "Accept-Encoding": "gzip, deflate",
        "Connection": "keep-alive",
        "Content-Length": "131",
        "Content-Type": "application/x-www-form-urlencoded",
        "User-Agent": "azsdk-python-azure-containerregistry/1.2.1 Python/3.11.6 (Linux-5.15.146.1-microsoft-standard-WSL2-x86_64-with-glibc2.35)"
      },
      "RequestBody": "service=paulvaneckcr1.azurecr.io&scope=repository%3Arepod8bd3da1%3Apull%2Cpush&refresh_token=refresh_token&grant_type=refresh_token",
      "StatusCode": 200,
      "ResponseHeaders": {
        "Connection": "keep-alive",
        "Content-Type": "application/json; charset=utf-8",
        "Date": "Thu, 25 Apr 2024 08:28:03 GMT",
        "Server": "AzureContainerRegistry",
        "Strict-Transport-Security": "max-age=31536000; includeSubDomains",
        "Transfer-Encoding": "chunked",
        "X-Ms-Correlation-Request-Id": "ea30ae93-ffe2-4318-83f2-3b74c22d2f7f",
        "x-ms-ratelimit-remaining-calls-per-second": "165.933333"
      },
      "ResponseBody": {
        "access_token": "access_token"
      }
    },
    {
      "RequestUri": "https://REDACTED.azurecr.io/v2/repod8bd3da1/blobs/uploads/",
      "RequestMethod": "POST",
      "RequestHeaders": {
        "Accept": "application/json",
        "Accept-Encoding": "gzip, deflate",
        "Connection": "keep-alive",
        "Content-Length": "0",
        "User-Agent": "azsdk-python-azure-containerregistry/1.2.1 Python/3.11.6 (Linux-5.15.146.1-microsoft-standard-WSL2-x86_64-with-glibc2.35)"
      },
      "RequestBody": null,
      "StatusCode": 202,
      "ResponseHeaders": {
        "Access-Control-Expose-Headers": [
          "Docker-Content-Digest",
          "WWW-Authenticate",
          "Link",
          "X-Ms-Correlation-Request-Id"
        ],
        "Connection": "keep-alive",
        "Content-Length": "0",
        "Date": "Thu, 25 Apr 2024 08:28:03 GMT",
        "Docker-Distribution-Api-Version": "registry/2.0",
        "Docker-Upload-Uuid": "96a2b4a5-5dd6-4d47-8a88-a96b50e1d2d6",
        "Location": "/v2/repod8bd3da1/blobs/uploads/96a2b4a5-5dd6-4d47-8a88-a96b50e1d2d6?_nouploadcache=false&_state=qo11uEUq49Xl95BL_AAMPmlLxH59QBBV-aJRcneymiF7Ik5hbWUiOiJyZXBvZDhiZDNkYTEiLCJVVUlEIjoiOTZhMmI0YTUtNWRkNi00ZDQ3LThhODgtYTk2YjUwZTFkMmQ2IiwiT2Zmc2V0IjowLCJTdGFydGVkQXQiOiIyMDI0LTA0LTI1VDA4OjI4OjAzLjYxMDA5NzQ4OVoifQ%3D%3D",
        "Range": "0-0",
        "Server": "AzureContainerRegistry",
        "Strict-Transport-Security": [
          "max-age=31536000; includeSubDomains",
          "max-age=31536000; includeSubDomains"
        ],
        "X-Content-Type-Options": "nosniff",
        "X-Ms-Correlation-Request-Id": "688e14af-6d3b-4376-9996-e3274716e7db"
      },
      "ResponseBody": null
    },
    {
      "RequestUri": "https://REDACTED.azurecr.io/v2/repod8bd3da1/blobs/uploads/96a2b4a5-5dd6-4d47-8a88-a96b50e1d2d6?_nouploadcache=false&_state=qo11uEUq49Xl95BL_AAMPmlLxH59QBBV-aJRcneymiF7Ik5hbWUiOiJyZXBvZDhiZDNkYTEiLCJVVUlEIjoiOTZhMmI0YTUtNWRkNi00ZDQ3LThhODgtYTk2YjUwZTFkMmQ2IiwiT2Zmc2V0IjowLCJTdGFydGVkQXQiOiIyMDI0LTA0LTI1VDA4OjI4OjAzLjYxMDA5NzQ4OVoifQ%3D%3D",
      "RequestMethod": "PATCH",
      "RequestHeaders": {
        "Accept": "application/json",
        "Accept-Encoding": "gzip, deflate",
        "Connection": "keep-alive",
        "Content-Length": "28",
        "Content-Type": "application/octet-stream",
        "User-Agent": "azsdk-python-azure-containerregistry/1.2.1 Python/3.11.6 (Linux-5.15.146.1-microsoft-standard-WSL2-x86_64-with-glibc2.35)"
      },
      "RequestBody": "eyJzYW1wbGUgY29uZmlnIjogImNvbnRlbnQifQ==",
      "StatusCode": 401,
      "ResponseHeaders": {
        "Access-Control-Expose-Headers": [
          "Docker-Content-Digest",
          "WWW-Authenticate",
          "Link",
          "X-Ms-Correlation-Request-Id"
        ],
        "Connection": "keep-alive",
        "Content-Length": "266",
        "Content-Type": "application/json; charset=utf-8",
        "Date": "Thu, 25 Apr 2024 08:28:03 GMT",
        "Docker-Distribution-Api-Version": "registry/2.0",
        "Server": "AzureContainerRegistry",
        "Strict-Transport-Security": [
          "max-age=31536000; includeSubDomains",
          "max-age=31536000; includeSubDomains"
        ],
        "WWW-Authenticate": "Bearer realm=\"https://fake_url.azurecr.io/oauth2/token\",service=\"paulvaneckcr1.azurecr.io\",scope=\"repository:repod8bd3da1:pull,push\"",
        "X-Content-Type-Options": "nosniff",
        "X-Ms-Correlation-Request-Id": "eab815c2-8433-4c14-a802-76d9c08af0b1"
      },
      "ResponseBody": {
        "errors": [
          {
            "code": "UNAUTHORIZED",
            "message": "authentication required, visit https://aka.ms/acr/authorization for more information.",
            "detail": [
              {
                "Type": "repository",
                "Name": "repod8bd3da1",
                "Action": "pull"
              },
              {
                "Type": "repository",
                "Name": "repod8bd3da1",
                "Action": "push"
              }
            ]
          }
        ]
      }
    },
    {
      "RequestUri": "https://REDACTED.azurecr.io/oauth2/exchange?api-version=2021-07-01",
      "RequestMethod": "POST",
      "RequestHeaders": {
        "Accept": "application/json",
        "Accept-Encoding": "gzip, deflate",
        "Connection": "keep-alive",
        "Content-Length": "82",
        "Content-Type": "application/x-www-form-urlencoded",
        "User-Agent": "azsdk-python-azure-containerregistry/1.2.1 Python/3.11.6 (Linux-5.15.146.1-microsoft-standard-WSL2-x86_64-with-glibc2.35)"
      },
      "RequestBody": "grant_type=access_token&service=paulvaneckcr1.azurecr.io&access_token=access_token",
      "StatusCode": 200,
      "ResponseHeaders": {
        "Connection": "keep-alive",
        "Content-Type": "application/json; charset=utf-8",
        "Date": "Thu, 25 Apr 2024 08:28:03 GMT",
        "Server": "AzureContainerRegistry",
        "Strict-Transport-Security": "max-age=31536000; includeSubDomains",
        "Transfer-Encoding": "chunked",
        "X-Ms-Correlation-Request-Id": "bfe3f004-1e42-4772-a75d-b089a8517961",
        "x-ms-ratelimit-remaining-calls-per-second": "165.916667"
      },
      "ResponseBody": {
        "refresh_token": "refresh_token"
      }
    },
    {
      "RequestUri": "https://REDACTED.azurecr.io/oauth2/token?api-version=2021-07-01",
      "RequestMethod": "POST",
      "RequestHeaders": {
        "Accept": "application/json",
        "Accept-Encoding": "gzip, deflate",
        "Connection": "keep-alive",
        "Content-Length": "131",
        "Content-Type": "application/x-www-form-urlencoded",
        "User-Agent": "azsdk-python-azure-containerregistry/1.2.1 Python/3.11.6 (Linux-5.15.146.1-microsoft-standard-WSL2-x86_64-with-glibc2.35)"
      },
      "RequestBody": "service=paulvaneckcr1.azurecr.io&scope=repository%3Arepod8bd3da1%3Apull%2Cpush&refresh_token=refresh_token&grant_type=refresh_token",
      "StatusCode": 200,
      "ResponseHeaders": {
        "Connection": "keep-alive",
        "Content-Type": "application/json; charset=utf-8",
        "Date": "Thu, 25 Apr 2024 08:28:03 GMT",
        "Server": "AzureContainerRegistry",
        "Strict-Transport-Security": "max-age=31536000; includeSubDomains",
        "Transfer-Encoding": "chunked",
        "X-Ms-Correlation-Request-Id": "dddca8f7-a70f-4737-8b3b-04fe0ec679cf",
        "x-ms-ratelimit-remaining-calls-per-second": "165.9"
      },
      "ResponseBody": {
        "access_token": "access_token"
      }
    },
    {
      "RequestUri": "https://REDACTED.azurecr.io/v2/repod8bd3da1/blobs/uploads/96a2b4a5-5dd6-4d47-8a88-a96b50e1d2d6?_nouploadcache=false&_state=qo11uEUq49Xl95BL_AAMPmlLxH59QBBV-aJRcneymiF7Ik5hbWUiOiJyZXBvZDhiZDNkYTEiLCJVVUlEIjoiOTZhMmI0YTUtNWRkNi00ZDQ3LThhODgtYTk2YjUwZTFkMmQ2IiwiT2Zmc2V0IjowLCJTdGFydGVkQXQiOiIyMDI0LTA0LTI1VDA4OjI4OjAzLjYxMDA5NzQ4OVoifQ%3D%3D",
      "RequestMethod": "PATCH",
      "RequestHeaders": {
        "Accept": "application/json",
        "Accept-Encoding": "gzip, deflate",
        "Connection": "keep-alive",
        "Content-Length": "28",
        "Content-Type": "application/octet-stream",
        "User-Agent": "azsdk-python-azure-containerregistry/1.2.1 Python/3.11.6 (Linux-5.15.146.1-microsoft-standard-WSL2-x86_64-with-glibc2.35)"
      },
      "RequestBody": "eyJzYW1wbGUgY29uZmlnIjogImNvbnRlbnQifQ==",
      "StatusCode": 202,
      "ResponseHeaders": {
        "Access-Control-Expose-Headers": [
          "Docker-Content-Digest",
          "WWW-Authenticate",
          "Link",
          "X-Ms-Correlation-Request-Id"
        ],
        "Connection": "keep-alive",
        "Content-Length": "0",
        "Date": "Thu, 25 Apr 2024 08:28:03 GMT",
        "Docker-Distribution-Api-Version": "registry/2.0",
        "Docker-Upload-Uuid": "96a2b4a5-5dd6-4d47-8a88-a96b50e1d2d6",
        "Location": "/v2/repod8bd3da1/blobs/uploads/96a2b4a5-5dd6-4d47-8a88-a96b50e1d2d6?_nouploadcache=false&_state=EkcsoT7KhnaZTgH5c4YJ5EOQSg3NFkCOp7vUfETvzzp7Ik5hbWUiOiJyZXBvZDhiZDNkYTEiLCJVVUlEIjoiOTZhMmI0YTUtNWRkNi00ZDQ3LThhODgtYTk2YjUwZTFkMmQ2IiwiT2Zmc2V0IjoyOCwiU3RhcnRlZEF0IjoiMjAyNC0wNC0yNVQwODoyODowM1oifQ%3D%3D",
        "Range": "0-27",
        "Server": "AzureContainerRegistry",
        "Strict-Transport-Security": [
          "max-age=31536000; includeSubDomains",
          "max-age=31536000; includeSubDomains"
        ],
        "X-Content-Type-Options": "nosniff",
        "X-Ms-Correlation-Request-Id": "be106ed4-bc72-47dc-9eab-d63462be5cf2"
      },
      "ResponseBody": null
    },
    {
      "RequestUri": "https://REDACTED.azurecr.io/v2/repod8bd3da1/blobs/uploads/96a2b4a5-5dd6-4d47-8a88-a96b50e1d2d6?digest=sha256_encoded_stream",
      "RequestMethod": "PUT",
      "RequestHeaders": {
        "Accept": "application/json",
        "Accept-Encoding": "gzip, deflate",
        "Connection": "keep-alive",
        "Content-Length": "0",
        "Content-Type": "application/octet-stream",
        "User-Agent": "azsdk-python-azure-containerregistry/1.2.1 Python/3.11.6 (Linux-5.15.146.1-microsoft-standard-WSL2-x86_64-with-glibc2.35)"
      },
      "RequestBody": null,
      "StatusCode": 401,
      "ResponseHeaders": {
        "Access-Control-Expose-Headers": [
          "Docker-Content-Digest",
          "WWW-Authenticate",
          "Link",
          "X-Ms-Correlation-Request-Id"
        ],
        "Connection": "keep-alive",
        "Content-Length": "266",
        "Content-Type": "application/json; charset=utf-8",
        "Date": "Thu, 25 Apr 2024 08:28:03 GMT",
        "Docker-Distribution-Api-Version": "registry/2.0",
        "Server": "AzureContainerRegistry",
        "Strict-Transport-Security": [
          "max-age=31536000; includeSubDomains",
          "max-age=31536000; includeSubDomains"
        ],
        "WWW-Authenticate": "Bearer realm=\"https://fake_url.azurecr.io/oauth2/token\",service=\"paulvaneckcr1.azurecr.io\",scope=\"repository:repod8bd3da1:pull,push\"",
        "X-Content-Type-Options": "nosniff",
        "X-Ms-Correlation-Request-Id": "43674de2-c389-40b7-bdac-112300c3d546"
      },
      "ResponseBody": {
        "errors": [
          {
            "code": "UNAUTHORIZED",
            "message": "authentication required, visit https://aka.ms/acr/authorization for more information.",
            "detail": [
              {
                "Type": "repository",
                "Name": "repod8bd3da1",
                "Action": "pull"
              },
              {
                "Type": "repository",
                "Name": "repod8bd3da1",
                "Action": "push"
              }
            ]
          }
        ]
      }
    },
    {
      "RequestUri": "https://REDACTED.azurecr.io/oauth2/exchange?api-version=2021-07-01",
      "RequestMethod": "POST",
      "RequestHeaders": {
        "Accept": "application/json",
        "Accept-Encoding": "gzip, deflate",
        "Connection": "keep-alive",
        "Content-Length": "82",
        "Content-Type": "application/x-www-form-urlencoded",
        "User-Agent": "azsdk-python-azure-containerregistry/1.2.1 Python/3.11.6 (Linux-5.15.146.1-microsoft-standard-WSL2-x86_64-with-glibc2.35)"
      },
      "RequestBody": "grant_type=access_token&service=paulvaneckcr1.azurecr.io&access_token=access_token",
      "StatusCode": 200,
      "ResponseHeaders": {
        "Connection": "keep-alive",
        "Content-Type": "application/json; charset=utf-8",
        "Date": "Thu, 25 Apr 2024 08:28:03 GMT",
        "Server": "AzureContainerRegistry",
        "Strict-Transport-Security": "max-age=31536000; includeSubDomains",
        "Transfer-Encoding": "chunked",
        "X-Ms-Correlation-Request-Id": "0cd40e8f-7814-483f-bd18-ad2d948cf63c",
        "x-ms-ratelimit-remaining-calls-per-second": "165.883333"
      },
      "ResponseBody": {
        "refresh_token": "refresh_token"
      }
    },
    {
      "RequestUri": "https://REDACTED.azurecr.io/oauth2/token?api-version=2021-07-01",
      "RequestMethod": "POST",
      "RequestHeaders": {
        "Accept": "application/json",
        "Accept-Encoding": "gzip, deflate",
        "Connection": "keep-alive",
        "Content-Length": "131",
        "Content-Type": "application/x-www-form-urlencoded",
        "User-Agent": "azsdk-python-azure-containerregistry/1.2.1 Python/3.11.6 (Linux-5.15.146.1-microsoft-standard-WSL2-x86_64-with-glibc2.35)"
      },
      "RequestBody": "service=paulvaneckcr1.azurecr.io&scope=repository%3Arepod8bd3da1%3Apull%2Cpush&refresh_token=refresh_token&grant_type=refresh_token",
      "StatusCode": 200,
      "ResponseHeaders": {
        "Connection": "keep-alive",
        "Content-Type": "application/json; charset=utf-8",
        "Date": "Thu, 25 Apr 2024 08:28:03 GMT",
        "Server": "AzureContainerRegistry",
        "Strict-Transport-Security": "max-age=31536000; includeSubDomains",
        "Transfer-Encoding": "chunked",
        "X-Ms-Correlation-Request-Id": "7cdd2fef-74ec-4f74-b9f6-6c156f876c11",
        "x-ms-ratelimit-remaining-calls-per-second": "165.866667"
      },
      "ResponseBody": {
        "access_token": "access_token"
      }
    },
    {
      "RequestUri": "https://REDACTED.azurecr.io/v2/repod8bd3da1/blobs/uploads/96a2b4a5-5dd6-4d47-8a88-a96b50e1d2d6?digest=sha256_encoded_stream",
      "RequestMethod": "PUT",
      "RequestHeaders": {
        "Accept": "application/json",
        "Accept-Encoding": "gzip, deflate",
        "Connection": "keep-alive",
        "Content-Length": "0",
        "Content-Type": "application/octet-stream",
        "User-Agent": "azsdk-python-azure-containerregistry/1.2.1 Python/3.11.6 (Linux-5.15.146.1-microsoft-standard-WSL2-x86_64-with-glibc2.35)"
      },
      "RequestBody": null,
      "StatusCode": 201,
      "ResponseHeaders": {
        "Access-Control-Expose-Headers": [
          "Docker-Content-Digest",
          "WWW-Authenticate",
          "Link",
          "X-Ms-Correlation-Request-Id"
        ],
        "Connection": "keep-alive",
        "Content-Length": "0",
        "Date": "Thu, 25 Apr 2024 08:28:03 GMT",
        "Docker-Content-Digest": "sha256:0bbfcc0f049d3b33f7fd724f0008fa48344d4b3e5e68db9c2ed4f839ce5eec6d",
        "Docker-Distribution-Api-Version": "registry/2.0",
        "Location": "/v2/repod8bd3da1/blobs/sha256:0bbfcc0f049d3b33f7fd724f0008fa48344d4b3e5e68db9c2ed4f839ce5eec6d",
        "Server": "AzureContainerRegistry",
        "Strict-Transport-Security": [
          "max-age=31536000; includeSubDomains",
          "max-age=31536000; includeSubDomains"
        ],
        "X-Content-Type-Options": "nosniff",
        "X-Ms-Correlation-Request-Id": "f513472d-c31f-494c-a11d-dbe58020aebe"
      },
      "ResponseBody": null
    },
    {
      "RequestUri": "https://REDACTED.azurecr.io/v2/repod8bd3da1/manifests/test",
      "RequestMethod": "PUT",
      "RequestHeaders": {
        "Accept": "application/json",
        "Accept-Encoding": "gzip, deflate",
        "Connection": "keep-alive",
        "Content-Length": "429",
        "Content-Type": "application/vnd.oci.image.manifest.v1+json",
        "User-Agent": "azsdk-python-azure-containerregistry/1.2.1 Python/3.11.6 (Linux-5.15.146.1-microsoft-standard-WSL2-x86_64-with-glibc2.35)"
      },
      "RequestBody": {
        "config": {
          "mediaType": "application/vnd.oci.image.config.v1+json",
          "digest": "sha256:0bbfcc0f049d3b33f7fd724f0008fa48344d4b3e5e68db9c2ed4f839ce5eec6d",
          "sizeInBytes": 28
        },
        "schemaVersion": 2,
        "layers": [
          {
            "mediaType": "application/vnd.oci.image.layer.v1.tar",
            "digest": "sha256:828dee73d26c173f8b8a6a266607b10b8e562d7920c6436997dd032461584c4b",
            "size": 12,
            "annotations": {
              "org.opencontainers.image.ref.name": "artifact.txt"
            }
          }
        ]
      },
      "StatusCode": 401,
      "ResponseHeaders": {
        "Access-Control-Expose-Headers": [
          "Docker-Content-Digest",
          "WWW-Authenticate",
          "Link",
          "X-Ms-Correlation-Request-Id"
        ],
        "Connection": "keep-alive",
        "Content-Length": "266",
        "Content-Type": "application/json; charset=utf-8",
        "Date": "Thu, 25 Apr 2024 08:28:03 GMT",
        "Docker-Distribution-Api-Version": "registry/2.0",
        "Server": "AzureContainerRegistry",
        "Strict-Transport-Security": [
          "max-age=31536000; includeSubDomains",
          "max-age=31536000; includeSubDomains"
        ],
        "WWW-Authenticate": "Bearer realm=\"https://fake_url.azurecr.io/oauth2/token\",service=\"paulvaneckcr1.azurecr.io\",scope=\"repository:repod8bd3da1:pull,push\"",
        "X-Content-Type-Options": "nosniff",
        "X-Ms-Correlation-Request-Id": "bfbbecf8-b18e-4691-a402-3ba54ca10e12"
      },
      "ResponseBody": {
        "errors": [
          {
            "code": "UNAUTHORIZED",
            "message": "authentication required, visit https://aka.ms/acr/authorization for more information.",
            "detail": [
              {
                "Type": "repository",
                "Name": "repod8bd3da1",
                "Action": "pull"
              },
              {
                "Type": "repository",
                "Name": "repod8bd3da1",
                "Action": "push"
              }
            ]
          }
        ]
      }
    },
    {
      "RequestUri": "https://REDACTED.azurecr.io/oauth2/exchange?api-version=2021-07-01",
      "RequestMethod": "POST",
      "RequestHeaders": {
        "Accept": "application/json",
        "Accept-Encoding": "gzip, deflate",
        "Connection": "keep-alive",
        "Content-Length": "82",
        "Content-Type": "application/x-www-form-urlencoded",
        "User-Agent": "azsdk-python-azure-containerregistry/1.2.1 Python/3.11.6 (Linux-5.15.146.1-microsoft-standard-WSL2-x86_64-with-glibc2.35)"
      },
      "RequestBody": "grant_type=access_token&service=paulvaneckcr1.azurecr.io&access_token=access_token",
      "StatusCode": 200,
      "ResponseHeaders": {
        "Connection": "keep-alive",
        "Content-Type": "application/json; charset=utf-8",
        "Date": "Thu, 25 Apr 2024 08:28:03 GMT",
        "Server": "AzureContainerRegistry",
        "Strict-Transport-Security": "max-age=31536000; includeSubDomains",
        "Transfer-Encoding": "chunked",
        "X-Ms-Correlation-Request-Id": "313c2631-2910-49bc-a663-ed0e85e24757",
        "x-ms-ratelimit-remaining-calls-per-second": "165.85"
      },
      "ResponseBody": {
        "refresh_token": "refresh_token"
      }
    },
    {
      "RequestUri": "https://REDACTED.azurecr.io/oauth2/token?api-version=2021-07-01",
      "RequestMethod": "POST",
      "RequestHeaders": {
        "Accept": "application/json",
        "Accept-Encoding": "gzip, deflate",
        "Connection": "keep-alive",
        "Content-Length": "131",
        "Content-Type": "application/x-www-form-urlencoded",
        "User-Agent": "azsdk-python-azure-containerregistry/1.2.1 Python/3.11.6 (Linux-5.15.146.1-microsoft-standard-WSL2-x86_64-with-glibc2.35)"
      },
      "RequestBody": "service=paulvaneckcr1.azurecr.io&scope=repository%3Arepod8bd3da1%3Apull%2Cpush&refresh_token=refresh_token&grant_type=refresh_token",
      "StatusCode": 200,
      "ResponseHeaders": {
        "Connection": "keep-alive",
        "Content-Type": "application/json; charset=utf-8",
        "Date": "Thu, 25 Apr 2024 08:28:03 GMT",
        "Server": "AzureContainerRegistry",
        "Strict-Transport-Security": "max-age=31536000; includeSubDomains",
        "Transfer-Encoding": "chunked",
        "X-Ms-Correlation-Request-Id": "df653112-cce7-47da-b783-3232ffcd3708",
        "x-ms-ratelimit-remaining-calls-per-second": "165.833333"
      },
      "ResponseBody": {
        "access_token": "access_token"
      }
    },
    {
      "RequestUri": "https://REDACTED.azurecr.io/v2/repod8bd3da1/manifests/test",
      "RequestMethod": "PUT",
      "RequestHeaders": {
        "Accept": "application/json",
        "Accept-Encoding": "gzip, deflate",
        "Connection": "keep-alive",
        "Content-Length": "429",
        "Content-Type": "application/vnd.oci.image.manifest.v1+json",
        "User-Agent": "azsdk-python-azure-containerregistry/1.2.1 Python/3.11.6 (Linux-5.15.146.1-microsoft-standard-WSL2-x86_64-with-glibc2.35)"
      },
      "RequestBody": {
        "config": {
          "mediaType": "application/vnd.oci.image.config.v1+json",
          "digest": "sha256:0bbfcc0f049d3b33f7fd724f0008fa48344d4b3e5e68db9c2ed4f839ce5eec6d",
          "sizeInBytes": 28
        },
        "schemaVersion": 2,
        "layers": [
          {
            "mediaType": "application/vnd.oci.image.layer.v1.tar",
            "digest": "sha256:828dee73d26c173f8b8a6a266607b10b8e562d7920c6436997dd032461584c4b",
            "size": 12,
            "annotations": {
              "org.opencontainers.image.ref.name": "artifact.txt"
            }
          }
        ]
      },
      "StatusCode": 201,
      "ResponseHeaders": {
        "Access-Control-Expose-Headers": [
          "Docker-Content-Digest",
          "WWW-Authenticate",
          "Link",
          "X-Ms-Correlation-Request-Id"
        ],
        "Connection": "close",
        "Content-Length": "0",
        "Date": "Thu, 25 Apr 2024 08:28:04 GMT",
        "Docker-Content-Digest": "sha256:a40a15d7a9909805f4e4d0144374026e4641268cfd12001c6ad3ed70749ccd9f",
        "Docker-Distribution-Api-Version": "registry/2.0",
        "Location": "/v2/repod8bd3da1/manifests/sha256:a40a15d7a9909805f4e4d0144374026e4641268cfd12001c6ad3ed70749ccd9f",
        "Server": "AzureContainerRegistry",
        "Strict-Transport-Security": [
          "max-age=31536000; includeSubDomains",
          "max-age=31536000; includeSubDomains"
        ],
        "X-Content-Type-Options": "nosniff",
        "X-Ms-Correlation-Request-Id": "47e7fd0f-1056-4cd5-9379-dd4032646ace"
      },
      "ResponseBody": null
    },
    {
      "RequestUri": "https://REDACTED.azurecr.io/acr/v1/repod8bd3da1/_tags/test?api-version=2021-07-01",
      "RequestMethod": "GET",
      "RequestHeaders": {
        "Accept": "application/json",
        "Accept-Encoding": "gzip, deflate",
        "Connection": "keep-alive",
        "User-Agent": "azsdk-python-azure-containerregistry/1.2.1 Python/3.11.6 (Linux-5.15.146.1-microsoft-standard-WSL2-x86_64-with-glibc2.35)"
      },
      "RequestBody": null,
      "StatusCode": 401,
      "ResponseHeaders": {
        "Access-Control-Expose-Headers": [
          "Docker-Content-Digest",
          "WWW-Authenticate",
          "Link",
          "X-Ms-Correlation-Request-Id"
        ],
        "Connection": "keep-alive",
        "Content-Length": "215",
        "Content-Type": "application/json; charset=utf-8",
        "Date": "Thu, 25 Apr 2024 08:28:09 GMT",
        "Docker-Distribution-Api-Version": "registry/2.0",
        "Server": "AzureContainerRegistry",
        "Strict-Transport-Security": [
          "max-age=31536000; includeSubDomains",
          "max-age=31536000; includeSubDomains"
        ],
        "WWW-Authenticate": "Bearer realm=\"https://fake_url.azurecr.io/oauth2/token\",service=\"paulvaneckcr1.azurecr.io\",scope=\"repository:repod8bd3da1:metadata_read\"",
        "X-Content-Type-Options": "nosniff",
        "X-Ms-Correlation-Request-Id": "36d598c0-00dc-43e9-849f-1e8a593cb3a7"
      },
      "ResponseBody": {
        "errors": [
          {
            "code": "UNAUTHORIZED",
            "message": "authentication required, visit https://aka.ms/acr/authorization for more information.",
            "detail": [
              {
                "Type": "repository",
                "Name": "repod8bd3da1",
                "Action": "metadata_read"
              }
            ]
          }
        ]
      }
    },
    {
      "RequestUri": "https://REDACTED.microsoftonline.com/00000000-0000-0000-0000-000000000000/v2.0/.well-known/openid-configuration",
      "RequestMethod": "GET",
      "RequestHeaders": {
        "Accept": "*/*",
        "Accept-Encoding": "gzip, deflate",
        "Connection": "keep-alive",
        "User-Agent": "azsdk-python-identity/1.16.0 Python/3.11.6 (Linux-5.15.146.1-microsoft-standard-WSL2-x86_64-with-glibc2.35)"
      },
      "RequestBody": null,
      "StatusCode": 200,
      "ResponseHeaders": {
        "Access-Control-Allow-Methods": "GET, OPTIONS",
        "Access-Control-Allow-Origin": "*",
        "Cache-Control": "max-age=86400, private",
        "Content-Length": "1753",
        "Content-Type": "application/json; charset=utf-8",
        "Date": "Thu, 25 Apr 2024 08:28:08 GMT",
        "P3P": "Sanitized",
        "Set-Cookie": [
          "Sanitized",
          "Sanitized"
        ],
        "Strict-Transport-Security": "max-age=31536000; includeSubDomains",
        "X-Content-Type-Options": "nosniff",
        "x-ms-ests-server": "Sanitized",
        "x-ms-srs": "1.P",
        "X-XSS-Protection": "0"
      },
      "ResponseBody": {
        "token_endpoint": "https://login.microsoftonline.com/00000000-0000-0000-0000-000000000000/oauth2/v2.0/token",
        "token_endpoint_auth_methods_supported": [
          "client_secret_post",
          "private_key_jwt",
          "client_secret_basic"
        ],
        "jwks_uri": "https://login.microsoftonline.com/00000000-0000-0000-0000-000000000000/discovery/v2.0/keys",
        "response_modes_supported": [
          "query",
          "fragment",
          "form_post"
        ],
        "subject_types_supported": [
          "pairwise"
        ],
        "id_token_signing_alg_values_supported": [
          "RS256"
        ],
        "response_types_supported": [
          "code",
          "id_token",
          "code id_token",
          "id_token token"
        ],
        "scopes_supported": [
          "openid",
          "profile",
          "email",
          "offline_access"
        ],
        "issuer": "https://login.microsoftonline.com/00000000-0000-0000-0000-000000000000/v2.0",
        "request_uri_parameter_supported": false,
        "userinfo_endpoint": "https://graph.microsoft.com/oidc/userinfo",
        "authorization_endpoint": "https://login.microsoftonline.com/00000000-0000-0000-0000-000000000000/oauth2/v2.0/authorize",
        "device_authorization_endpoint": "https://login.microsoftonline.com/00000000-0000-0000-0000-000000000000/oauth2/v2.0/devicecode",
        "http_logout_supported": true,
        "frontchannel_logout_supported": true,
        "end_session_endpoint": "https://login.microsoftonline.com/00000000-0000-0000-0000-000000000000/oauth2/v2.0/logout",
        "claims_supported": [
          "sub",
          "iss",
          "cloud_instance_name",
          "cloud_instance_host_name",
          "cloud_graph_host_name",
          "msgraph_host",
          "aud",
          "exp",
          "iat",
          "auth_time",
          "acr",
          "nonce",
          "preferred_username",
          "name",
          "tid",
          "ver",
          "at_hash",
          "c_hash",
          "email"
        ],
        "kerberos_endpoint": "https://login.microsoftonline.com/00000000-0000-0000-0000-000000000000/kerberos",
        "tenant_region_scope": "WW",
        "cloud_instance_name": "microsoftonline.com",
        "cloud_graph_host_name": "graph.windows.net",
        "msgraph_host": "graph.microsoft.com",
        "rbac_url": "https://pas.windows.net"
      }
    },
    {
      "RequestUri": "https://REDACTED.microsoftonline.com/00000000-0000-0000-0000-000000000000/oauth2/v2.0/token",
      "RequestMethod": "POST",
      "RequestHeaders": {
        "Accept": "application/json",
        "Accept-Encoding": "gzip, deflate",
        "client-request-id": "Sanitized",
        "Connection": "keep-alive",
        "Content-Length": "139",
        "Content-Type": "application/x-www-form-urlencoded",
        "User-Agent": "azsdk-python-identity/1.16.0 Python/3.11.6 (Linux-5.15.146.1-microsoft-standard-WSL2-x86_64-with-glibc2.35)",
        "x-client-current-telemetry": "4|730,2|",
        "x-client-last-telemetry": "4|0|||",
        "x-client-os": "linux",
        "x-client-sku": "MSAL.Python",
        "x-client-ver": "1.28.0",
        "x-ms-lib-capability": "retry-after, h429"
      },
      "RequestBody": "client_id=sanitized&grant_type=client_credentials&client_info=1&client_secret=sanitized&scope=https%3A%2F%2Fmanagement.azure.com%2F.default",
      "StatusCode": 200,
      "ResponseHeaders": {
        "Cache-Control": "no-store, no-cache",
        "client-request-id": "Sanitized",
        "Content-Length": "114",
        "Content-Security-Policy-Report-Only": "Sanitized",
        "Content-Type": "application/json; charset=utf-8",
        "Date": "Thu, 25 Apr 2024 08:28:08 GMT",
        "Expires": "-1",
        "P3P": "Sanitized",
        "Pragma": "no-cache",
        "Set-Cookie": [
          "Sanitized",
          "Sanitized"
        ],
        "Strict-Transport-Security": "max-age=31536000; includeSubDomains",
        "X-Content-Type-Options": "nosniff",
        "x-ms-clitelem": "1,0,0,,",
        "x-ms-ests-server": "Sanitized",
        "x-ms-srs": "1.P",
        "X-XSS-Protection": "0"
      },
      "ResponseBody": {
        "token_type": "Bearer",
        "expires_in": 86399,
        "ext_expires_in": 86399,
        "refresh_in": 43199,
        "access_token": "access_token"
      }
    },
    {
      "RequestUri": "https://REDACTED.azurecr.io/oauth2/exchange?api-version=2021-07-01",
      "RequestMethod": "POST",
      "RequestHeaders": {
        "Accept": "application/json",
        "Accept-Encoding": "gzip, deflate",
        "Connection": "keep-alive",
        "Content-Length": "82",
        "Content-Type": "application/x-www-form-urlencoded",
        "User-Agent": "azsdk-python-azure-containerregistry/1.2.1 Python/3.11.6 (Linux-5.15.146.1-microsoft-standard-WSL2-x86_64-with-glibc2.35)"
      },
      "RequestBody": "grant_type=access_token&service=paulvaneckcr1.azurecr.io&access_token=access_token",
      "StatusCode": 200,
      "ResponseHeaders": {
        "Connection": "keep-alive",
        "Content-Type": "application/json; charset=utf-8",
        "Date": "Thu, 25 Apr 2024 08:28:09 GMT",
        "Server": "AzureContainerRegistry",
        "Strict-Transport-Security": "max-age=31536000; includeSubDomains",
        "Transfer-Encoding": "chunked",
        "X-Ms-Correlation-Request-Id": "83c1e958-459a-4db3-9877-8cf5ecb6d654",
        "x-ms-ratelimit-remaining-calls-per-second": "166.65"
      },
      "ResponseBody": {
        "refresh_token": "refresh_token"
      }
    },
    {
      "RequestUri": "https://REDACTED.azurecr.io/oauth2/token?api-version=2021-07-01",
      "RequestMethod": "POST",
      "RequestHeaders": {
        "Accept": "application/json",
        "Accept-Encoding": "gzip, deflate",
        "Connection": "keep-alive",
        "Content-Length": "133",
        "Content-Type": "application/x-www-form-urlencoded",
        "User-Agent": "azsdk-python-azure-containerregistry/1.2.1 Python/3.11.6 (Linux-5.15.146.1-microsoft-standard-WSL2-x86_64-with-glibc2.35)"
      },
      "RequestBody": "service=paulvaneckcr1.azurecr.io&scope=repository%3Arepod8bd3da1%3Ametadata_read&refresh_token=refresh_token&grant_type=refresh_token",
      "StatusCode": 200,
      "ResponseHeaders": {
        "Connection": "keep-alive",
        "Content-Type": "application/json; charset=utf-8",
        "Date": "Thu, 25 Apr 2024 08:28:09 GMT",
        "Server": "AzureContainerRegistry",
        "Strict-Transport-Security": "max-age=31536000; includeSubDomains",
        "Transfer-Encoding": "chunked",
        "X-Ms-Correlation-Request-Id": "e6a1d23a-803a-470f-8c18-0543d4ce6bdb",
        "x-ms-ratelimit-remaining-calls-per-second": "166.633333"
      },
      "ResponseBody": {
        "access_token": "access_token"
      }
    },
    {
      "RequestUri": "https://REDACTED.azurecr.io/acr/v1/repod8bd3da1/_tags/test?api-version=2021-07-01",
      "RequestMethod": "GET",
      "RequestHeaders": {
        "Accept": "application/json",
        "Accept-Encoding": "gzip, deflate",
        "Connection": "keep-alive",
        "User-Agent": "azsdk-python-azure-containerregistry/1.2.1 Python/3.11.6 (Linux-5.15.146.1-microsoft-standard-WSL2-x86_64-with-glibc2.35)"
      },
      "RequestBody": null,
      "StatusCode": 200,
      "ResponseHeaders": {
        "Access-Control-Expose-Headers": [
          "Docker-Content-Digest",
          "WWW-Authenticate",
          "Link",
          "X-Ms-Correlation-Request-Id"
        ],
        "Connection": "keep-alive",
        "Content-Length": "384",
        "Content-Type": "application/json; charset=utf-8",
        "Date": "Thu, 25 Apr 2024 08:28:09 GMT",
        "Docker-Distribution-Api-Version": "registry/2.0",
        "Server": "AzureContainerRegistry",
        "Strict-Transport-Security": [
          "max-age=31536000; includeSubDomains",
          "max-age=31536000; includeSubDomains"
        ],
        "X-Content-Type-Options": "nosniff",
        "X-Ms-Correlation-Request-Id": "ad1b2a67-3f13-4597-a0a8-b333e98997f7"
      },
      "ResponseBody": {
        "registry": "paulvaneckcr1.azurecr.io",
        "imageName": "repod8bd3da1",
        "tag": {
          "name": "test",
          "digest": "sha256:a40a15d7a9909805f4e4d0144374026e4641268cfd12001c6ad3ed70749ccd9f",
          "createdTime": "2024-04-25T08:28:04.0006776Z",
          "lastUpdateTime": "2024-04-25T08:28:04.0006776Z",
          "signed": false,
          "changeableAttributes": {
            "deleteEnabled": true,
            "writeEnabled": true,
            "readEnabled": true,
            "listEnabled": true
          }
        }
      }
    },
    {
      "RequestUri": "https://REDACTED.azurecr.io/acr/v1/repod8bd3da1/_manifests/sha256_encoded_stream",
      "RequestMethod": "PATCH",
      "RequestHeaders": {
        "Accept": "application/json",
        "Accept-Encoding": "gzip, deflate",
        "Connection": "keep-alive",
        "Content-Length": "91",
        "Content-Type": "application/json",
        "User-Agent": "azsdk-python-azure-containerregistry/1.2.1 Python/3.11.6 (Linux-5.15.146.1-microsoft-standard-WSL2-x86_64-with-glibc2.35)"
      },
      "RequestBody": {
        "deleteEnabled": false,
        "writeEnabled": false,
        "listEnabled": false,
        "readEnabled": false
      },
      "StatusCode": 401,
      "ResponseHeaders": {
        "Access-Control-Expose-Headers": [
          "Docker-Content-Digest",
          "WWW-Authenticate",
          "Link",
          "X-Ms-Correlation-Request-Id"
        ],
        "Connection": "keep-alive",
        "Content-Length": "216",
        "Content-Type": "application/json; charset=utf-8",
        "Date": "Thu, 25 Apr 2024 08:28:09 GMT",
        "Docker-Distribution-Api-Version": "registry/2.0",
        "Server": "AzureContainerRegistry",
        "Strict-Transport-Security": [
          "max-age=31536000; includeSubDomains",
          "max-age=31536000; includeSubDomains"
        ],
        "WWW-Authenticate": "Bearer realm=\"https://fake_url.azurecr.io/oauth2/token\",service=\"paulvaneckcr1.azurecr.io\",scope=\"repository:repod8bd3da1:metadata_write\"",
        "X-Content-Type-Options": "nosniff",
        "X-Ms-Correlation-Request-Id": "b9424010-b927-4c1b-ae56-5c66f7584bbd"
      },
      "ResponseBody": {
        "errors": [
          {
            "code": "UNAUTHORIZED",
            "message": "authentication required, visit https://aka.ms/acr/authorization for more information.",
            "detail": [
              {
                "Type": "repository",
                "Name": "repod8bd3da1",
                "Action": "metadata_write"
              }
            ]
          }
        ]
      }
    },
    {
      "RequestUri": "https://REDACTED.azurecr.io/oauth2/exchange?api-version=2021-07-01",
      "RequestMethod": "POST",
      "RequestHeaders": {
        "Accept": "application/json",
        "Accept-Encoding": "gzip, deflate",
        "Connection": "keep-alive",
        "Content-Length": "82",
        "Content-Type": "application/x-www-form-urlencoded",
        "User-Agent": "azsdk-python-azure-containerregistry/1.2.1 Python/3.11.6 (Linux-5.15.146.1-microsoft-standard-WSL2-x86_64-with-glibc2.35)"
      },
      "RequestBody": "grant_type=access_token&service=paulvaneckcr1.azurecr.io&access_token=access_token",
      "StatusCode": 200,
      "ResponseHeaders": {
        "Connection": "keep-alive",
        "Content-Type": "application/json; charset=utf-8",
        "Date": "Thu, 25 Apr 2024 08:28:09 GMT",
        "Server": "AzureContainerRegistry",
        "Strict-Transport-Security": "max-age=31536000; includeSubDomains",
        "Transfer-Encoding": "chunked",
        "X-Ms-Correlation-Request-Id": "2d5882ad-817d-443a-a3eb-b497d971b91c",
        "x-ms-ratelimit-remaining-calls-per-second": "166.616667"
      },
      "ResponseBody": {
        "refresh_token": "refresh_token"
      }
    },
    {
      "RequestUri": "https://REDACTED.azurecr.io/oauth2/token?api-version=2021-07-01",
      "RequestMethod": "POST",
      "RequestHeaders": {
        "Accept": "application/json",
        "Accept-Encoding": "gzip, deflate",
        "Connection": "keep-alive",
        "Content-Length": "134",
        "Content-Type": "application/x-www-form-urlencoded",
        "User-Agent": "azsdk-python-azure-containerregistry/1.2.1 Python/3.11.6 (Linux-5.15.146.1-microsoft-standard-WSL2-x86_64-with-glibc2.35)"
      },
      "RequestBody": "service=paulvaneckcr1.azurecr.io&scope=repository%3Arepod8bd3da1%3Ametadata_write&refresh_token=refresh_token&grant_type=refresh_token",
      "StatusCode": 200,
      "ResponseHeaders": {
        "Connection": "keep-alive",
        "Content-Type": "application/json; charset=utf-8",
        "Date": "Thu, 25 Apr 2024 08:28:09 GMT",
        "Server": "AzureContainerRegistry",
        "Strict-Transport-Security": "max-age=31536000; includeSubDomains",
        "Transfer-Encoding": "chunked",
        "X-Ms-Correlation-Request-Id": "d0134ec6-1ab6-4b2e-95af-2ccafb03a948",
        "x-ms-ratelimit-remaining-calls-per-second": "166.6"
      },
      "ResponseBody": {
        "access_token": "access_token"
      }
    },
    {
      "RequestUri": "https://REDACTED.azurecr.io/acr/v1/repod8bd3da1/_manifests/sha256_encoded_stream",
      "RequestMethod": "PATCH",
      "RequestHeaders": {
        "Accept": "application/json",
        "Accept-Encoding": "gzip, deflate",
        "Connection": "keep-alive",
        "Content-Length": "91",
        "Content-Type": "application/json",
        "User-Agent": "azsdk-python-azure-containerregistry/1.2.1 Python/3.11.6 (Linux-5.15.146.1-microsoft-standard-WSL2-x86_64-with-glibc2.35)"
      },
      "RequestBody": {
        "deleteEnabled": false,
        "writeEnabled": false,
        "listEnabled": false,
        "readEnabled": false
      },
      "StatusCode": 200,
      "ResponseHeaders": {
        "Access-Control-Expose-Headers": [
          "Docker-Content-Digest",
          "WWW-Authenticate",
          "Link",
          "X-Ms-Correlation-Request-Id"
        ],
        "Connection": "keep-alive",
        "Content-Length": "513",
        "Content-Type": "application/json; charset=utf-8",
        "Date": "Thu, 25 Apr 2024 08:28:09 GMT",
        "Docker-Distribution-Api-Version": "registry/2.0",
        "Server": "AzureContainerRegistry",
        "Strict-Transport-Security": [
          "max-age=31536000; includeSubDomains",
          "max-age=31536000; includeSubDomains"
        ],
        "X-Content-Type-Options": "nosniff",
        "X-Ms-Correlation-Request-Id": "9bfb5c13-2d06-47d6-b2a0-8e6c24b230b0"
      },
      "ResponseBody": {
        "registry": "paulvaneckcr1.azurecr.io",
        "imageName": "repod8bd3da1",
        "manifest": {
          "digest": "sha256:a40a15d7a9909805f4e4d0144374026e4641268cfd12001c6ad3ed70749ccd9f",
          "imageSize": 12,
          "createdTime": "2024-04-25T08:28:03.9313942Z",
          "lastUpdateTime": "2024-04-25T08:28:03.9313942Z",
          "mediaType": "application/vnd.oci.image.manifest.v1+json",
          "configMediaType": "application/vnd.oci.image.config.v1+json",
          "tags": [
            "test"
          ],
          "changeableAttributes": {
            "deleteEnabled": false,
            "writeEnabled": false,
            "readEnabled": false,
            "listEnabled": false
          }
        }
      }
    },
    {
      "RequestUri": "https://REDACTED.azurecr.io/acr/v1/repod8bd3da1/_tags/test?api-version=2021-07-01",
      "RequestMethod": "GET",
      "RequestHeaders": {
        "Accept": "application/json",
        "Accept-Encoding": "gzip, deflate",
        "Connection": "keep-alive",
        "User-Agent": "azsdk-python-azure-containerregistry/1.2.1 Python/3.11.6 (Linux-5.15.146.1-microsoft-standard-WSL2-x86_64-with-glibc2.35)"
      },
      "RequestBody": null,
      "StatusCode": 401,
      "ResponseHeaders": {
        "Access-Control-Expose-Headers": [
          "Docker-Content-Digest",
          "WWW-Authenticate",
          "Link",
          "X-Ms-Correlation-Request-Id"
        ],
        "Connection": "keep-alive",
        "Content-Length": "215",
        "Content-Type": "application/json; charset=utf-8",
        "Date": "Thu, 25 Apr 2024 08:28:09 GMT",
        "Docker-Distribution-Api-Version": "registry/2.0",
        "Server": "AzureContainerRegistry",
        "Strict-Transport-Security": [
          "max-age=31536000; includeSubDomains",
          "max-age=31536000; includeSubDomains"
        ],
        "WWW-Authenticate": "Bearer realm=\"https://fake_url.azurecr.io/oauth2/token\",service=\"paulvaneckcr1.azurecr.io\",scope=\"repository:repod8bd3da1:metadata_read\"",
        "X-Content-Type-Options": "nosniff",
        "X-Ms-Correlation-Request-Id": "f7c1c985-d0c4-4db7-aaed-48458160eb38"
      },
      "ResponseBody": {
        "errors": [
          {
            "code": "UNAUTHORIZED",
            "message": "authentication required, visit https://aka.ms/acr/authorization for more information.",
            "detail": [
              {
                "Type": "repository",
                "Name": "repod8bd3da1",
                "Action": "metadata_read"
              }
            ]
          }
        ]
      }
    },
    {
      "RequestUri": "https://REDACTED.azurecr.io/oauth2/exchange?api-version=2021-07-01",
      "RequestMethod": "POST",
      "RequestHeaders": {
        "Accept": "application/json",
        "Accept-Encoding": "gzip, deflate",
        "Connection": "keep-alive",
        "Content-Length": "82",
        "Content-Type": "application/x-www-form-urlencoded",
        "User-Agent": "azsdk-python-azure-containerregistry/1.2.1 Python/3.11.6 (Linux-5.15.146.1-microsoft-standard-WSL2-x86_64-with-glibc2.35)"
      },
      "RequestBody": "grant_type=access_token&service=paulvaneckcr1.azurecr.io&access_token=access_token",
      "StatusCode": 200,
      "ResponseHeaders": {
        "Connection": "keep-alive",
        "Content-Type": "application/json; charset=utf-8",
        "Date": "Thu, 25 Apr 2024 08:28:09 GMT",
        "Server": "AzureContainerRegistry",
        "Strict-Transport-Security": "max-age=31536000; includeSubDomains",
        "Transfer-Encoding": "chunked",
        "X-Ms-Correlation-Request-Id": "9b3b0894-f611-4cd9-b077-26a4c928a213",
        "x-ms-ratelimit-remaining-calls-per-second": "166.583333"
      },
      "ResponseBody": {
        "refresh_token": "refresh_token"
      }
    },
    {
      "RequestUri": "https://REDACTED.azurecr.io/oauth2/token?api-version=2021-07-01",
      "RequestMethod": "POST",
      "RequestHeaders": {
        "Accept": "application/json",
        "Accept-Encoding": "gzip, deflate",
        "Connection": "keep-alive",
        "Content-Length": "133",
        "Content-Type": "application/x-www-form-urlencoded",
        "User-Agent": "azsdk-python-azure-containerregistry/1.2.1 Python/3.11.6 (Linux-5.15.146.1-microsoft-standard-WSL2-x86_64-with-glibc2.35)"
      },
      "RequestBody": "service=paulvaneckcr1.azurecr.io&scope=repository%3Arepod8bd3da1%3Ametadata_read&refresh_token=refresh_token&grant_type=refresh_token",
      "StatusCode": 200,
      "ResponseHeaders": {
        "Connection": "keep-alive",
        "Content-Type": "application/json; charset=utf-8",
        "Date": "Thu, 25 Apr 2024 08:28:09 GMT",
        "Server": "AzureContainerRegistry",
        "Strict-Transport-Security": "max-age=31536000; includeSubDomains",
        "Transfer-Encoding": "chunked",
        "X-Ms-Correlation-Request-Id": "6d59c0af-13b7-46dc-be52-0e0abdc09339",
        "x-ms-ratelimit-remaining-calls-per-second": "166.566667"
      },
      "ResponseBody": {
        "access_token": "access_token"
      }
    },
    {
      "RequestUri": "https://REDACTED.azurecr.io/acr/v1/repod8bd3da1/_tags/test?api-version=2021-07-01",
      "RequestMethod": "GET",
      "RequestHeaders": {
        "Accept": "application/json",
        "Accept-Encoding": "gzip, deflate",
        "Connection": "keep-alive",
        "User-Agent": "azsdk-python-azure-containerregistry/1.2.1 Python/3.11.6 (Linux-5.15.146.1-microsoft-standard-WSL2-x86_64-with-glibc2.35)"
      },
      "RequestBody": null,
      "StatusCode": 200,
      "ResponseHeaders": {
        "Access-Control-Expose-Headers": [
          "Docker-Content-Digest",
          "WWW-Authenticate",
          "Link",
          "X-Ms-Correlation-Request-Id"
        ],
        "Connection": "keep-alive",
        "Content-Length": "384",
        "Content-Type": "application/json; charset=utf-8",
        "Date": "Thu, 25 Apr 2024 08:28:09 GMT",
        "Docker-Distribution-Api-Version": "registry/2.0",
        "Server": "AzureContainerRegistry",
        "Strict-Transport-Security": [
          "max-age=31536000; includeSubDomains",
          "max-age=31536000; includeSubDomains"
        ],
        "X-Content-Type-Options": "nosniff",
        "X-Ms-Correlation-Request-Id": "5726bdee-3f22-44e8-95d3-48c556f94bec"
      },
      "ResponseBody": {
        "registry": "paulvaneckcr1.azurecr.io",
        "imageName": "repod8bd3da1",
        "tag": {
          "name": "test",
          "digest": "sha256:a40a15d7a9909805f4e4d0144374026e4641268cfd12001c6ad3ed70749ccd9f",
          "createdTime": "2024-04-25T08:28:04.0006776Z",
          "lastUpdateTime": "2024-04-25T08:28:04.0006776Z",
          "signed": false,
          "changeableAttributes": {
            "deleteEnabled": true,
            "writeEnabled": true,
            "readEnabled": true,
            "listEnabled": true
          }
        }
      }
    },
    {
      "RequestUri": "https://REDACTED.azurecr.io/acr/v1/repod8bd3da1/_manifests/sha256_encoded_stream",
      "RequestMethod": "PATCH",
      "RequestHeaders": {
        "Accept": "application/json",
        "Accept-Encoding": "gzip, deflate",
        "Connection": "keep-alive",
        "Content-Length": "87",
        "Content-Type": "application/json",
        "User-Agent": "azsdk-python-azure-containerregistry/1.2.1 Python/3.11.6 (Linux-5.15.146.1-microsoft-standard-WSL2-x86_64-with-glibc2.35)"
      },
      "RequestBody": {
        "deleteEnabled": true,
        "writeEnabled": true,
        "listEnabled": true,
        "readEnabled": true
      },
      "StatusCode": 401,
      "ResponseHeaders": {
        "Access-Control-Expose-Headers": [
          "Docker-Content-Digest",
          "WWW-Authenticate",
          "Link",
          "X-Ms-Correlation-Request-Id"
        ],
        "Connection": "keep-alive",
        "Content-Length": "216",
        "Content-Type": "application/json; charset=utf-8",
        "Date": "Thu, 25 Apr 2024 08:28:09 GMT",
        "Docker-Distribution-Api-Version": "registry/2.0",
        "Server": "AzureContainerRegistry",
        "Strict-Transport-Security": [
          "max-age=31536000; includeSubDomains",
          "max-age=31536000; includeSubDomains"
        ],
        "WWW-Authenticate": "Bearer realm=\"https://fake_url.azurecr.io/oauth2/token\",service=\"paulvaneckcr1.azurecr.io\",scope=\"repository:repod8bd3da1:metadata_write\"",
        "X-Content-Type-Options": "nosniff",
        "X-Ms-Correlation-Request-Id": "d1f0fee6-b855-4918-b899-24cdb187a038"
      },
      "ResponseBody": {
        "errors": [
          {
            "code": "UNAUTHORIZED",
            "message": "authentication required, visit https://aka.ms/acr/authorization for more information.",
            "detail": [
              {
                "Type": "repository",
                "Name": "repod8bd3da1",
                "Action": "metadata_write"
              }
            ]
          }
        ]
      }
    },
    {
      "RequestUri": "https://REDACTED.azurecr.io/oauth2/exchange?api-version=2021-07-01",
      "RequestMethod": "POST",
      "RequestHeaders": {
        "Accept": "application/json",
        "Accept-Encoding": "gzip, deflate",
        "Connection": "keep-alive",
        "Content-Length": "82",
        "Content-Type": "application/x-www-form-urlencoded",
        "User-Agent": "azsdk-python-azure-containerregistry/1.2.1 Python/3.11.6 (Linux-5.15.146.1-microsoft-standard-WSL2-x86_64-with-glibc2.35)"
      },
      "RequestBody": "grant_type=access_token&service=paulvaneckcr1.azurecr.io&access_token=access_token",
      "StatusCode": 200,
      "ResponseHeaders": {
        "Connection": "keep-alive",
        "Content-Type": "application/json; charset=utf-8",
        "Date": "Thu, 25 Apr 2024 08:28:09 GMT",
        "Server": "AzureContainerRegistry",
        "Strict-Transport-Security": "max-age=31536000; includeSubDomains",
        "Transfer-Encoding": "chunked",
        "X-Ms-Correlation-Request-Id": "bfb831ba-8b4c-4bf0-8e9f-82ea256947d3",
        "x-ms-ratelimit-remaining-calls-per-second": "166.55"
      },
      "ResponseBody": {
        "refresh_token": "refresh_token"
      }
    },
    {
      "RequestUri": "https://REDACTED.azurecr.io/oauth2/token?api-version=2021-07-01",
      "RequestMethod": "POST",
      "RequestHeaders": {
        "Accept": "application/json",
        "Accept-Encoding": "gzip, deflate",
        "Connection": "keep-alive",
        "Content-Length": "134",
        "Content-Type": "application/x-www-form-urlencoded",
        "User-Agent": "azsdk-python-azure-containerregistry/1.2.1 Python/3.11.6 (Linux-5.15.146.1-microsoft-standard-WSL2-x86_64-with-glibc2.35)"
      },
      "RequestBody": "service=paulvaneckcr1.azurecr.io&scope=repository%3Arepod8bd3da1%3Ametadata_write&refresh_token=refresh_token&grant_type=refresh_token",
      "StatusCode": 200,
      "ResponseHeaders": {
        "Connection": "keep-alive",
        "Content-Type": "application/json; charset=utf-8",
        "Date": "Thu, 25 Apr 2024 08:28:09 GMT",
        "Server": "AzureContainerRegistry",
        "Strict-Transport-Security": "max-age=31536000; includeSubDomains",
        "Transfer-Encoding": "chunked",
        "X-Ms-Correlation-Request-Id": "4ef9ac83-90fc-4406-9ebf-458eba44cddf",
        "x-ms-ratelimit-remaining-calls-per-second": "166.533333"
      },
      "ResponseBody": {
        "access_token": "access_token"
      }
    },
    {
      "RequestUri": "https://REDACTED.azurecr.io/acr/v1/repod8bd3da1/_manifests/sha256_encoded_stream",
      "RequestMethod": "PATCH",
      "RequestHeaders": {
        "Accept": "application/json",
        "Accept-Encoding": "gzip, deflate",
        "Connection": "keep-alive",
        "Content-Length": "87",
        "Content-Type": "application/json",
        "User-Agent": "azsdk-python-azure-containerregistry/1.2.1 Python/3.11.6 (Linux-5.15.146.1-microsoft-standard-WSL2-x86_64-with-glibc2.35)"
      },
      "RequestBody": {
        "deleteEnabled": true,
        "writeEnabled": true,
        "listEnabled": true,
        "readEnabled": true
      },
      "StatusCode": 200,
      "ResponseHeaders": {
        "Access-Control-Expose-Headers": [
          "Docker-Content-Digest",
          "WWW-Authenticate",
          "Link",
          "X-Ms-Correlation-Request-Id"
        ],
        "Connection": "keep-alive",
        "Content-Length": "509",
        "Content-Type": "application/json; charset=utf-8",
        "Date": "Thu, 25 Apr 2024 08:28:09 GMT",
        "Docker-Distribution-Api-Version": "registry/2.0",
        "Server": "AzureContainerRegistry",
        "Strict-Transport-Security": [
          "max-age=31536000; includeSubDomains",
          "max-age=31536000; includeSubDomains"
        ],
        "X-Content-Type-Options": "nosniff",
        "X-Ms-Correlation-Request-Id": "ad2ff8cc-2c9e-4e97-912f-0b7c3e4f67c8"
      },
      "ResponseBody": {
        "registry": "paulvaneckcr1.azurecr.io",
        "imageName": "repod8bd3da1",
        "manifest": {
          "digest": "sha256:a40a15d7a9909805f4e4d0144374026e4641268cfd12001c6ad3ed70749ccd9f",
          "imageSize": 12,
          "createdTime": "2024-04-25T08:28:03.9313942Z",
          "lastUpdateTime": "2024-04-25T08:28:03.9313942Z",
          "mediaType": "application/vnd.oci.image.manifest.v1+json",
          "configMediaType": "application/vnd.oci.image.config.v1+json",
          "tags": [
            "test"
          ],
          "changeableAttributes": {
            "deleteEnabled": true,
            "writeEnabled": true,
            "readEnabled": true,
            "listEnabled": true
          }
        }
      }
    },
    {
      "RequestUri": "https://REDACTED.azurecr.io/acr/v1/repod8bd3da1?api-version=2021-07-01",
      "RequestMethod": "DELETE",
      "RequestHeaders": {
        "Accept": "application/json",
        "Accept-Encoding": "gzip, deflate",
        "Connection": "keep-alive",
        "Content-Length": "0",
        "User-Agent": "azsdk-python-azure-containerregistry/1.2.1 Python/3.11.6 (Linux-5.15.146.1-microsoft-standard-WSL2-x86_64-with-glibc2.35)"
      },
      "RequestBody": null,
      "StatusCode": 401,
      "ResponseHeaders": {
        "Access-Control-Expose-Headers": [
          "Docker-Content-Digest",
          "WWW-Authenticate",
          "Link",
          "X-Ms-Correlation-Request-Id"
        ],
        "Connection": "keep-alive",
        "Content-Length": "208",
        "Content-Type": "application/json; charset=utf-8",
        "Date": "Thu, 25 Apr 2024 08:28:09 GMT",
        "Docker-Distribution-Api-Version": "registry/2.0",
        "Server": "AzureContainerRegistry",
        "Strict-Transport-Security": [
          "max-age=31536000; includeSubDomains",
          "max-age=31536000; includeSubDomains"
        ],
        "WWW-Authenticate": "Bearer realm=\"https://fake_url.azurecr.io/oauth2/token\",service=\"paulvaneckcr1.azurecr.io\",scope=\"repository:repod8bd3da1:delete\"",
        "X-Content-Type-Options": "nosniff",
        "X-Ms-Correlation-Request-Id": "eff793b5-848f-4b07-aded-1161e999558a"
      },
      "ResponseBody": {
        "errors": [
          {
            "code": "UNAUTHORIZED",
            "message": "authentication required, visit https://aka.ms/acr/authorization for more information.",
            "detail": [
              {
                "Type": "repository",
                "Name": "repod8bd3da1",
                "Action": "delete"
              }
            ]
          }
        ]
      }
    },
    {
      "RequestUri": "https://REDACTED.azurecr.io/oauth2/exchange?api-version=2021-07-01",
      "RequestMethod": "POST",
      "RequestHeaders": {
        "Accept": "application/json",
        "Accept-Encoding": "gzip, deflate",
        "Connection": "keep-alive",
        "Content-Length": "82",
        "Content-Type": "application/x-www-form-urlencoded",
        "User-Agent": "azsdk-python-azure-containerregistry/1.2.1 Python/3.11.6 (Linux-5.15.146.1-microsoft-standard-WSL2-x86_64-with-glibc2.35)"
      },
      "RequestBody": "grant_type=access_token&service=paulvaneckcr1.azurecr.io&access_token=access_token",
      "StatusCode": 200,
      "ResponseHeaders": {
        "Connection": "keep-alive",
        "Content-Type": "application/json; charset=utf-8",
        "Date": "Thu, 25 Apr 2024 08:28:09 GMT",
        "Server": "AzureContainerRegistry",
        "Strict-Transport-Security": "max-age=31536000; includeSubDomains",
        "Transfer-Encoding": "chunked",
        "X-Ms-Correlation-Request-Id": "544b7fc7-972a-4588-87f7-eb06005a2b2a",
        "x-ms-ratelimit-remaining-calls-per-second": "166.516667"
      },
      "ResponseBody": {
        "refresh_token": "refresh_token"
      }
    },
    {
      "RequestUri": "https://REDACTED.azurecr.io/oauth2/token?api-version=2021-07-01",
      "RequestMethod": "POST",
      "RequestHeaders": {
        "Accept": "application/json",
        "Accept-Encoding": "gzip, deflate",
        "Connection": "keep-alive",
        "Content-Length": "126",
        "Content-Type": "application/x-www-form-urlencoded",
        "User-Agent": "azsdk-python-azure-containerregistry/1.2.1 Python/3.11.6 (Linux-5.15.146.1-microsoft-standard-WSL2-x86_64-with-glibc2.35)"
      },
      "RequestBody": "service=paulvaneckcr1.azurecr.io&scope=repository%3Arepod8bd3da1%3Adelete&refresh_token=refresh_token&grant_type=refresh_token",
      "StatusCode": 200,
      "ResponseHeaders": {
        "Connection": "keep-alive",
        "Content-Type": "application/json; charset=utf-8",
        "Date": "Thu, 25 Apr 2024 08:28:09 GMT",
        "Server": "AzureContainerRegistry",
        "Strict-Transport-Security": "max-age=31536000; includeSubDomains",
        "Transfer-Encoding": "chunked",
        "X-Ms-Correlation-Request-Id": "f6c66585-7d71-4580-bef8-1e7506786595",
        "x-ms-ratelimit-remaining-calls-per-second": "166.5"
      },
      "ResponseBody": {
        "access_token": "access_token"
      }
    },
    {
      "RequestUri": "https://REDACTED.azurecr.io/acr/v1/repod8bd3da1?api-version=2021-07-01",
      "RequestMethod": "DELETE",
      "RequestHeaders": {
        "Accept": "application/json",
        "Accept-Encoding": "gzip, deflate",
        "Connection": "keep-alive",
        "Content-Length": "0",
        "User-Agent": "azsdk-python-azure-containerregistry/1.2.1 Python/3.11.6 (Linux-5.15.146.1-microsoft-standard-WSL2-x86_64-with-glibc2.35)"
      },
      "RequestBody": null,
      "StatusCode": 202,
      "ResponseHeaders": {
        "Access-Control-Expose-Headers": [
          "Docker-Content-Digest",
          "WWW-Authenticate",
          "Link",
          "X-Ms-Correlation-Request-Id"
        ],
        "Connection": "keep-alive",
        "Content-Length": "120",
        "Content-Type": "application/json; charset=utf-8",
        "Date": "Thu, 25 Apr 2024 08:28:10 GMT",
        "Docker-Distribution-Api-Version": "registry/2.0",
        "Server": "AzureContainerRegistry",
        "Strict-Transport-Security": [
          "max-age=31536000; includeSubDomains",
          "max-age=31536000; includeSubDomains"
        ],
        "X-Content-Type-Options": "nosniff",
        "X-Ms-Correlation-Request-Id": "587b2a96-784f-44f8-ad5d-a5e1243f710f",
        "X-Ms-Ratelimit-Remaining-Calls-Per-Second": "8.000000"
      },
      "ResponseBody": {
        "manifestsDeleted": [
          "sha256:a40a15d7a9909805f4e4d0144374026e4641268cfd12001c6ad3ed70749ccd9f"
        ],
        "tagsDeleted": [
          "test"
        ]
      }
    }
  ],
  "Variables": {}
}
