{
  "Entries": [
    {
      "RequestUri": "https://fake_url.azurecr.io/acr/v1/repoa81d3b45/_tags/taga81d3b45?api-version=2021-07-01",
      "RequestMethod": "DELETE",
      "RequestHeaders": {
        "Accept": "application/json",
        "Accept-Encoding": "gzip, deflate",
        "Content-Length": "0",
        "User-Agent": "azsdk-python-azure-containerregistry/1.1.0b2 Python/3.11.0 (Windows-10-10.0.22621-SP0)"
      },
      "RequestBody": null,
      "StatusCode": 401,
      "ResponseHeaders": {
        "Access-Control-Expose-Headers": [
          "Docker-Content-Digest",
          "WWW-Authenticate",
          "Link",
          "X-Ms-Correlation-Request-Id"
        ],
        "Connection": "keep-alive",
        "Content-Length": "208",
        "Content-Type": "application/json; charset=utf-8",
        "Date": "Sun, 19 Feb 2023 00:39:47 GMT",
        "Docker-Distribution-Api-Version": "registry/2.0",
        "Server": "openresty",
        "Strict-Transport-Security": [
          "max-age=31536000; includeSubDomains",
          "max-age=31536000; includeSubDomains"
        ],
        "WWW-Authenticate": "Bearer realm=\u0022https://fake_url.azurecr.io/oauth2/token\u0022,service=\u0022yallacrtests.azurecr.io\u0022,scope=\u0022repository:repoa81d3b45:delete\u0022",
        "X-Content-Type-Options": "nosniff",
        "X-Ms-Correlation-Request-Id": "bbb4ca73-eb2b-4ca6-9f18-1d697e6f4f14"
      },
      "ResponseBody": {
        "errors": [
          {
            "code": "UNAUTHORIZED",
            "message": "authentication required, visit https://aka.ms/acr/authorization for more information.",
            "detail": [
              {
                "Type": "repository",
                "Name": "repoa81d3b45",
                "Action": "delete"
              }
            ]
          }
        ]
      }
    },
    {
      "RequestUri": "https://login.microsoftonline.com/72f988bf-86f1-41af-91ab-2d7cd011db47/oauth2/v2.0/token",
      "RequestMethod": "POST",
      "RequestHeaders": {
        "Accept": "*/*",
        "Accept-Encoding": "gzip, deflate",
        "Content-Length": "129",
        "Content-Type": "application/x-www-form-urlencoded",
        "User-Agent": "azsdk-python-identity/1.13.0b3 Python/3.11.0 (Windows-10-10.0.22621-SP0)"
      },
      "RequestBody": "client_id=client-id\u0026client_secret=client-secret\u0026grant_type=client_credentials\u0026scope=https%3A%2F%2Fmanagement.azure.com%2F.default",
      "StatusCode": 200,
      "ResponseHeaders": {
        "Cache-Control": "no-store, no-cache",
        "Content-Length": "95",
        "Content-Type": "application/json; charset=utf-8",
        "Date": "Sun, 19 Feb 2023 00:39:46 GMT",
        "Expires": "-1",
        "P3P": "CP=\u0022DSP CUR OTPi IND OTRi ONL FIN\u0022",
        "Pragma": "no-cache",
        "Set-Cookie": [
          "fpc=Ao3CgaLDW39DjMyZVze_eN8-m3grEwAAAH9mg9sOAAAAhFNx9AEAAADtZYPbDgAAAA; expires=Tue, 21-Mar-2023 00:39:47 GMT; path=/; secure; HttpOnly; SameSite=None",
          "x-ms-gateway-slice=estsfd; path=/; secure; samesite=none; httponly"
        ],
        "Strict-Transport-Security": "max-age=31536000; includeSubDomains",
        "X-Content-Type-Options": "nosniff",
        "x-ms-ests-server": "2.1.14649.20 - SCUS ProdSlices",
        "X-XSS-Protection": "0"
      },
      "ResponseBody": {
        "token_type": "Bearer",
        "expires_in": 86399,
        "ext_expires_in": 86399,
        "access_token": "access_token"
      }
    },
    {
      "RequestUri": "https://fake_url.azurecr.io/oauth2/exchange?api-version=2021-07-01",
      "RequestMethod": "POST",
      "RequestHeaders": {
        "Accept": "application/json",
        "Accept-Encoding": "gzip, deflate",
        "Content-Length": "81",
        "Content-Type": "application/x-www-form-urlencoded",
        "User-Agent": "azsdk-python-azure-containerregistry/1.1.0b2 Python/3.11.0 (Windows-10-10.0.22621-SP0)"
      },
      "RequestBody": "grant_type=access_token\u0026service=yallacrtests.azurecr.io\u0026access_token=access_token",
      "StatusCode": 200,
      "ResponseHeaders": {
        "Connection": "keep-alive",
        "Content-Type": "application/json; charset=utf-8",
        "Date": "Sun, 19 Feb 2023 00:39:47 GMT",
        "Server": "openresty",
        "Strict-Transport-Security": "max-age=31536000; includeSubDomains",
        "Transfer-Encoding": "chunked",
        "X-Ms-Correlation-Request-Id": "a19fba15-63e1-4af3-8c83-b6e7938014d4",
        "x-ms-ratelimit-remaining-calls-per-second": "166.333333"
      },
      "ResponseBody": {
        "refresh_token": "refresh_token"
      }
    },
    {
      "RequestUri": "https://fake_url.azurecr.io/oauth2/token?api-version=2021-07-01",
      "RequestMethod": "POST",
      "RequestHeaders": {
        "Accept": "application/json",
        "Accept-Encoding": "gzip, deflate",
        "Content-Length": "125",
        "Content-Type": "application/x-www-form-urlencoded",
        "User-Agent": "azsdk-python-azure-containerregistry/1.1.0b2 Python/3.11.0 (Windows-10-10.0.22621-SP0)"
      },
      "RequestBody": "service=yallacrtests.azurecr.io\u0026scope=repository%3Arepoa81d3b45%3Adelete\u0026refresh_token=refresh_token\u0026grant_type=refresh_token",
      "StatusCode": 200,
      "ResponseHeaders": {
        "Connection": "keep-alive",
        "Content-Type": "application/json; charset=utf-8",
        "Date": "Sun, 19 Feb 2023 00:39:47 GMT",
        "Server": "openresty",
        "Strict-Transport-Security": "max-age=31536000; includeSubDomains",
        "Transfer-Encoding": "chunked",
        "X-Ms-Correlation-Request-Id": "61cdb90c-efdf-4feb-88e5-30aa1940c55b",
        "x-ms-ratelimit-remaining-calls-per-second": "166.316667"
      },
      "ResponseBody": {
        "access_token": "access_token"
      }
    },
    {
      "RequestUri": "https://fake_url.azurecr.io/acr/v1/repoa81d3b45/_tags/taga81d3b45?api-version=2021-07-01",
      "RequestMethod": "DELETE",
      "RequestHeaders": {
        "Accept": "application/json",
        "Accept-Encoding": "gzip, deflate",
        "Content-Length": "0",
        "User-Agent": "azsdk-python-azure-containerregistry/1.1.0b2 Python/3.11.0 (Windows-10-10.0.22621-SP0)"
      },
      "RequestBody": null,
      "StatusCode": 202,
      "ResponseHeaders": {
        "Access-Control-Expose-Headers": [
          "Docker-Content-Digest",
          "WWW-Authenticate",
          "Link",
          "X-Ms-Correlation-Request-Id"
        ],
        "Connection": "keep-alive",
        "Content-Length": "0",
        "Date": "Sun, 19 Feb 2023 00:39:47 GMT",
        "Docker-Distribution-Api-Version": "registry/2.0",
        "Server": "openresty",
        "Strict-Transport-Security": [
          "max-age=31536000; includeSubDomains",
          "max-age=31536000; includeSubDomains"
        ],
        "X-Content-Type-Options": "nosniff",
        "X-Ms-Correlation-Request-Id": "e34998c7-a7de-4693-a88d-a3c4b1ba576c",
        "X-Ms-Int-Docker-Content-Digest": "sha256:6e8b6f026e0b9c419ea0fd02d3905dd0952ad1feea67543f525c73a0a790fefb",
        "X-Ms-Ratelimit-Remaining-Calls-Per-Second": "8.000000"
      },
      "ResponseBody": null
    },
    {
      "RequestUri": "https://fake_url.azurecr.io/acr/v1/repoa81d3b45/_tags/taga81d3b45?api-version=2021-07-01",
      "RequestMethod": "GET",
      "RequestHeaders": {
        "Accept": "application/json",
        "Accept-Encoding": "gzip, deflate",
        "User-Agent": "azsdk-python-azure-containerregistry/1.1.0b2 Python/3.11.0 (Windows-10-10.0.22621-SP0)"
      },
      "RequestBody": null,
      "StatusCode": 401,
      "ResponseHeaders": {
        "Access-Control-Expose-Headers": [
          "Docker-Content-Digest",
          "WWW-Authenticate",
          "Link",
          "X-Ms-Correlation-Request-Id"
        ],
        "Connection": "keep-alive",
        "Content-Length": "215",
        "Content-Type": "application/json; charset=utf-8",
        "Date": "Sun, 19 Feb 2023 00:39:57 GMT",
        "Docker-Distribution-Api-Version": "registry/2.0",
        "Server": "openresty",
        "Strict-Transport-Security": [
          "max-age=31536000; includeSubDomains",
          "max-age=31536000; includeSubDomains"
        ],
        "WWW-Authenticate": "Bearer realm=\u0022https://fake_url.azurecr.io/oauth2/token\u0022,service=\u0022yallacrtests.azurecr.io\u0022,scope=\u0022repository:repoa81d3b45:metadata_read\u0022",
        "X-Content-Type-Options": "nosniff",
        "X-Ms-Correlation-Request-Id": "c387380d-bae6-4d7a-8ed2-8bab3d5dd8cd"
      },
      "ResponseBody": {
        "errors": [
          {
            "code": "UNAUTHORIZED",
            "message": "authentication required, visit https://aka.ms/acr/authorization for more information.",
            "detail": [
              {
                "Type": "repository",
                "Name": "repoa81d3b45",
                "Action": "metadata_read"
              }
            ]
          }
        ]
      }
    },
    {
      "RequestUri": "https://fake_url.azurecr.io/oauth2/exchange?api-version=2021-07-01",
      "RequestMethod": "POST",
      "RequestHeaders": {
        "Accept": "application/json",
        "Accept-Encoding": "gzip, deflate",
        "Content-Length": "81",
        "Content-Type": "application/x-www-form-urlencoded",
        "User-Agent": "azsdk-python-azure-containerregistry/1.1.0b2 Python/3.11.0 (Windows-10-10.0.22621-SP0)"
      },
      "RequestBody": "grant_type=access_token\u0026service=yallacrtests.azurecr.io\u0026access_token=access_token",
      "StatusCode": 200,
      "ResponseHeaders": {
        "Connection": "keep-alive",
        "Content-Type": "application/json; charset=utf-8",
        "Date": "Sun, 19 Feb 2023 00:39:57 GMT",
        "Server": "openresty",
        "Strict-Transport-Security": "max-age=31536000; includeSubDomains",
        "Transfer-Encoding": "chunked",
        "X-Ms-Correlation-Request-Id": "566c4f15-114b-46ea-8cac-ac0dfc00757c",
        "x-ms-ratelimit-remaining-calls-per-second": "166.266667"
      },
      "ResponseBody": {
        "refresh_token": "refresh_token"
      }
    },
    {
      "RequestUri": "https://fake_url.azurecr.io/oauth2/token?api-version=2021-07-01",
      "RequestMethod": "POST",
      "RequestHeaders": {
        "Accept": "application/json",
        "Accept-Encoding": "gzip, deflate",
        "Content-Length": "132",
        "Content-Type": "application/x-www-form-urlencoded",
        "User-Agent": "azsdk-python-azure-containerregistry/1.1.0b2 Python/3.11.0 (Windows-10-10.0.22621-SP0)"
      },
      "RequestBody": "service=yallacrtests.azurecr.io\u0026scope=repository%3Arepoa81d3b45%3Ametadata_read\u0026refresh_token=refresh_token\u0026grant_type=refresh_token",
      "StatusCode": 200,
      "ResponseHeaders": {
        "Connection": "keep-alive",
        "Content-Type": "application/json; charset=utf-8",
        "Date": "Sun, 19 Feb 2023 00:39:57 GMT",
        "Server": "openresty",
        "Strict-Transport-Security": "max-age=31536000; includeSubDomains",
        "Transfer-Encoding": "chunked",
        "X-Ms-Correlation-Request-Id": "1c666cf4-1c41-443c-8820-383a94df64df",
        "x-ms-ratelimit-remaining-calls-per-second": "166.25"
      },
      "ResponseBody": {
        "access_token": "access_token"
      }
    },
    {
      "RequestUri": "https://fake_url.azurecr.io/acr/v1/repoa81d3b45/_tags/taga81d3b45?api-version=2021-07-01",
      "RequestMethod": "GET",
      "RequestHeaders": {
        "Accept": "application/json",
        "Accept-Encoding": "gzip, deflate",
        "User-Agent": "azsdk-python-azure-containerregistry/1.1.0b2 Python/3.11.0 (Windows-10-10.0.22621-SP0)"
      },
      "RequestBody": null,
      "StatusCode": 404,
      "ResponseHeaders": {
        "Access-Control-Expose-Headers": [
          "Docker-Content-Digest",
          "WWW-Authenticate",
          "Link",
          "X-Ms-Correlation-Request-Id"
        ],
        "Connection": "keep-alive",
        "Content-Length": "81",
        "Content-Type": "application/json; charset=utf-8",
        "Date": "Sun, 19 Feb 2023 00:39:57 GMT",
        "Docker-Distribution-Api-Version": "registry/2.0",
        "Server": "openresty",
        "Strict-Transport-Security": [
          "max-age=31536000; includeSubDomains",
          "max-age=31536000; includeSubDomains"
        ],
        "X-Content-Type-Options": "nosniff",
        "X-Ms-Correlation-Request-Id": "99b2ff0d-7bf8-483f-bea2-65b186883d6e"
      },
      "ResponseBody": {
        "errors": [
          {
            "code": "TAG_UNKNOWN",
            "message": "the specified tag does not exist"
          }
        ]
      }
    },
    {
      "RequestUri": "https://fake_url.azurecr.io/acr/v1/repoa81d3b45?api-version=2021-07-01",
      "RequestMethod": "DELETE",
      "RequestHeaders": {
        "Accept": "application/json",
        "Accept-Encoding": "gzip, deflate",
        "Content-Length": "0",
        "User-Agent": "azsdk-python-azure-containerregistry/1.1.0b2 Python/3.11.0 (Windows-10-10.0.22621-SP0)"
      },
      "RequestBody": null,
      "StatusCode": 401,
      "ResponseHeaders": {
        "Access-Control-Expose-Headers": [
          "Docker-Content-Digest",
          "WWW-Authenticate",
          "Link",
          "X-Ms-Correlation-Request-Id"
        ],
        "Connection": "keep-alive",
        "Content-Length": "208",
        "Content-Type": "application/json; charset=utf-8",
        "Date": "Sun, 19 Feb 2023 00:39:57 GMT",
        "Docker-Distribution-Api-Version": "registry/2.0",
        "Server": "openresty",
        "Strict-Transport-Security": [
          "max-age=31536000; includeSubDomains",
          "max-age=31536000; includeSubDomains"
        ],
        "WWW-Authenticate": "Bearer realm=\u0022https://fake_url.azurecr.io/oauth2/token\u0022,service=\u0022yallacrtests.azurecr.io\u0022,scope=\u0022repository:repoa81d3b45:delete\u0022",
        "X-Content-Type-Options": "nosniff",
        "X-Ms-Correlation-Request-Id": "f0366e34-bec6-473b-af5b-22fc3850906a"
      },
      "ResponseBody": {
        "errors": [
          {
            "code": "UNAUTHORIZED",
            "message": "authentication required, visit https://aka.ms/acr/authorization for more information.",
            "detail": [
              {
                "Type": "repository",
                "Name": "repoa81d3b45",
                "Action": "delete"
              }
            ]
          }
        ]
      }
    },
    {
      "RequestUri": "https://fake_url.azurecr.io/oauth2/exchange?api-version=2021-07-01",
      "RequestMethod": "POST",
      "RequestHeaders": {
        "Accept": "application/json",
        "Accept-Encoding": "gzip, deflate",
        "Content-Length": "81",
        "Content-Type": "application/x-www-form-urlencoded",
        "User-Agent": "azsdk-python-azure-containerregistry/1.1.0b2 Python/3.11.0 (Windows-10-10.0.22621-SP0)"
      },
      "RequestBody": "grant_type=access_token\u0026service=yallacrtests.azurecr.io\u0026access_token=access_token",
      "StatusCode": 200,
      "ResponseHeaders": {
        "Connection": "keep-alive",
        "Content-Type": "application/json; charset=utf-8",
        "Date": "Sun, 19 Feb 2023 00:39:57 GMT",
        "Server": "openresty",
        "Strict-Transport-Security": "max-age=31536000; includeSubDomains",
        "Transfer-Encoding": "chunked",
        "X-Ms-Correlation-Request-Id": "59e240ae-7327-4943-b5b0-ad020208ffa5",
        "x-ms-ratelimit-remaining-calls-per-second": "166.233333"
      },
      "ResponseBody": {
        "refresh_token": "refresh_token"
      }
    },
    {
      "RequestUri": "https://fake_url.azurecr.io/oauth2/token?api-version=2021-07-01",
      "RequestMethod": "POST",
      "RequestHeaders": {
        "Accept": "application/json",
        "Accept-Encoding": "gzip, deflate",
        "Content-Length": "125",
        "Content-Type": "application/x-www-form-urlencoded",
        "User-Agent": "azsdk-python-azure-containerregistry/1.1.0b2 Python/3.11.0 (Windows-10-10.0.22621-SP0)"
      },
      "RequestBody": "service=yallacrtests.azurecr.io\u0026scope=repository%3Arepoa81d3b45%3Adelete\u0026refresh_token=refresh_token\u0026grant_type=refresh_token",
      "StatusCode": 200,
      "ResponseHeaders": {
        "Connection": "keep-alive",
        "Content-Type": "application/json; charset=utf-8",
        "Date": "Sun, 19 Feb 2023 00:39:58 GMT",
        "Server": "openresty",
        "Strict-Transport-Security": "max-age=31536000; includeSubDomains",
        "Transfer-Encoding": "chunked",
        "X-Ms-Correlation-Request-Id": "ea5ebb93-d484-46e0-9b5f-8ad3f63959d9",
        "x-ms-ratelimit-remaining-calls-per-second": "166.216667"
      },
      "ResponseBody": {
        "access_token": "access_token"
      }
    },
    {
      "RequestUri": "https://fake_url.azurecr.io/acr/v1/repoa81d3b45?api-version=2021-07-01",
      "RequestMethod": "DELETE",
      "RequestHeaders": {
        "Accept": "application/json",
        "Accept-Encoding": "gzip, deflate",
        "Content-Length": "0",
        "User-Agent": "azsdk-python-azure-containerregistry/1.1.0b2 Python/3.11.0 (Windows-10-10.0.22621-SP0)"
      },
      "RequestBody": null,
      "StatusCode": 202,
      "ResponseHeaders": {
        "Access-Control-Expose-Headers": [
          "Docker-Content-Digest",
          "WWW-Authenticate",
          "Link",
          "X-Ms-Correlation-Request-Id"
        ],
        "Connection": "keep-alive",
        "Content-Length": "930",
        "Content-Type": "application/json; charset=utf-8",
        "Date": "Sun, 19 Feb 2023 00:39:59 GMT",
        "Docker-Distribution-Api-Version": "registry/2.0",
        "Server": "openresty",
        "Strict-Transport-Security": [
          "max-age=31536000; includeSubDomains",
          "max-age=31536000; includeSubDomains"
        ],
        "X-Content-Type-Options": "nosniff",
        "X-Ms-Correlation-Request-Id": "d0775274-c2e7-4307-ac29-182261d7f4c8",
        "X-Ms-Ratelimit-Remaining-Calls-Per-Second": "8.000000"
      },
      "ResponseBody": {
        "manifestsDeleted": [
          "sha256:40d0cfd0861719208ff9f7747ab3f97844eeca509df705db44a736df863b76af",
          "sha256:432f982638b3aefab73cc58ab28f5c16e96fdb504e8c134fc58dff4bae8bf338",
          "sha256:660408e6ce09363b7dc1a30b210e1888bfa4ff7342e7d69e87463d184dc0cbad",
          "sha256:6e8b6f026e0b9c419ea0fd02d3905dd0952ad1feea67543f525c73a0a790fefb",
          "sha256:7b8b7289d0536a08eabdf71c20246e23f7116641db7e1d278592236ea4dcb30c",
          "sha256:98c9722322be649df94780d3fbe594fce7996234b259f27eac9428b84050c849",
          "sha256:995efde2e81b21d1ea7066aa77a59298a62a9e9fbb4b77f36c189774ec9b1089",
          "sha256:b836bb24a270b9cc935962d8228517fde0f16990e88893d935efcb1b14c0017a",
          "sha256:c7b6944911848ce39b44ed660d95fb54d69bbd531de724c7ce6fc9f743c0b861",
          "sha256:eb11b1a194ff8e236a01eff392c4e1296a53b0fb4780d8b0382f7996a15d5392",
          "sha256:f01c39d7dc9bff6475b855fe3a94a5233955696b3b8090222807010230a553c6",
          "sha256:f54a58bc1aac5ea1a25d796ae155dc228b3f0e11d046ae276b39c4bf2f13d8c4"
        ],
        "tagsDeleted": null
      }
    }
  ],
  "Variables": {}
}
