{
  "Entries": [
    {
      "RequestUri": "https://fakestorageaccount.file.core.windows.net/share171438188033005528?restype=share",
      "RequestMethod": "PUT",
      "RequestHeaders": {
        "Accept": "application/xml",
        "Authorization": "Sanitized",
        "Connection": "keep-alive",
        "Content-Length": "0",
        "User-Agent": "azsdk-js-azure-storage-blob/12.23.0-beta.2 core-rest-pipeline/1.15.3 Node/18.19.0 OS/(x64-Windows_NT-10.0.22631)",
        "x-ms-client-request-id": "29e51c4a-6253-4f32-a6b8-6a5a486cddb3",
        "x-ms-date": "Mon, 29 Apr 2024 09:11:20 GMT",
        "x-ms-version": "2023-11-03"
      },
      "RequestBody": null,
      "StatusCode": 201,
      "ResponseHeaders": {
        "Content-Length": "0",
        "Date": "Mon, 29 Apr 2024 09:11:20 GMT",
        "ETag": "\"0x8DC682C55E2A535\"",
        "Last-Modified": "Mon, 29 Apr 2024 09:11:20 GMT",
        "Server": [
          "Windows-Azure-File/1.0",
          "Microsoft-HTTPAPI/2.0"
        ],
        "x-ms-client-request-id": "29e51c4a-6253-4f32-a6b8-6a5a486cddb3",
        "x-ms-request-id": "886d09a6-d01a-0043-6815-9a757d000000",
        "x-ms-version": "2023-11-03"
      },
      "ResponseBody": null
    },
    {
      "RequestUri": "https://fakestorageaccount.file.core.windows.net/share171438188033005528/dir171438188043801035.?restype=directory",
      "RequestMethod": "PUT",
      "RequestHeaders": {
        "Accept": "application/xml",
        "Authorization": "Sanitized",
        "Connection": "keep-alive",
        "Content-Length": "0",
        "User-Agent": "azsdk-js-azure-storage-blob/12.23.0-beta.2 core-rest-pipeline/1.15.3 Node/18.19.0 OS/(x64-Windows_NT-10.0.22631)",
        "x-ms-allow-trailing-dot": "false",
        "x-ms-client-request-id": "0cd2e5d2-1158-4ec7-892b-21ee4ac6e210",
        "x-ms-date": "Mon, 29 Apr 2024 09:11:20 GMT",
        "x-ms-file-attributes": "Directory",
        "x-ms-file-creation-time": "now",
        "x-ms-file-last-write-time": "now",
        "x-ms-file-permission": "inherit",
        "x-ms-version": "2023-11-03"
      },
      "RequestBody": null,
      "StatusCode": 201,
      "ResponseHeaders": {
        "Content-Length": "0",
        "Date": "Mon, 29 Apr 2024 09:11:20 GMT",
        "ETag": "\"0x8DC682C55F4009F\"",
        "Last-Modified": "Mon, 29 Apr 2024 09:11:20 GMT",
        "Server": [
          "Windows-Azure-File/1.0",
          "Microsoft-HTTPAPI/2.0"
        ],
        "x-ms-client-request-id": "0cd2e5d2-1158-4ec7-892b-21ee4ac6e210",
        "x-ms-file-attributes": "Directory",
        "x-ms-file-change-time": "2024-04-29T09:11:20.9671839Z",
        "x-ms-file-creation-time": "2024-04-29T09:11:20.9671839Z",
        "x-ms-file-id": "13835128424026341376",
        "x-ms-file-last-write-time": "2024-04-29T09:11:20.9671839Z",
        "x-ms-file-parent-id": "0",
        "x-ms-file-permission-key": "9255856626508002348*16764736045797335973",
        "x-ms-request-id": "886d09a8-d01a-0043-6915-9a757d000000",
        "x-ms-request-server-encrypted": "true",
        "x-ms-version": "2023-11-03"
      },
      "ResponseBody": null
    },
    {
      "RequestUri": "https://fakestorageaccount.file.core.windows.net/share171438188033005528/dir171438188043801035.?restype=directory",
      "RequestMethod": "PUT",
      "RequestHeaders": {
        "Accept": "application/xml",
        "Authorization": "Sanitized",
        "Connection": "keep-alive",
        "Content-Length": "0",
        "User-Agent": "azsdk-js-azure-storage-blob/12.23.0-beta.2 core-rest-pipeline/1.15.3 Node/18.19.0 OS/(x64-Windows_NT-10.0.22631)",
        "x-ms-allow-trailing-dot": "false",
        "x-ms-client-request-id": "dcf32501-6177-43e5-b432-52cd12177d34",
        "x-ms-date": "Mon, 29 Apr 2024 09:11:20 GMT",
        "x-ms-file-attributes": "Directory",
        "x-ms-file-creation-time": "now",
        "x-ms-file-last-write-time": "now",
        "x-ms-file-permission": "inherit",
        "x-ms-version": "2023-11-03"
      },
      "RequestBody": null,
      "StatusCode": 409,
      "ResponseHeaders": {
        "Content-Length": "228",
        "Content-Type": "application/xml",
        "Date": "Mon, 29 Apr 2024 09:11:20 GMT",
        "Server": [
          "Windows-Azure-File/1.0",
          "Microsoft-HTTPAPI/2.0"
        ],
        "x-ms-client-request-id": "dcf32501-6177-43e5-b432-52cd12177d34",
        "x-ms-error-code": "ResourceAlreadyExists",
        "x-ms-request-id": "886d09a9-d01a-0043-6a15-9a757d000000",
        "x-ms-version": "2023-11-03"
      },
      "ResponseBody": [
        "\uFEFF<?xml version=\"1.0\" encoding=\"utf-8\"?><Error><Code>ResourceAlreadyExists</Code><Message>The specified resource already exists.\n",
        "RequestId:886d09a9-d01a-0043-6a15-9a757d000000\n",
        "Time:2024-04-29T09:11:21.0783045Z</Message></Error>"
      ]
    },
    {
      "RequestUri": "https://fakestorageaccount.file.core.windows.net/share171438188033005528?restype=share",
      "RequestMethod": "DELETE",
      "RequestHeaders": {
        "Accept": "application/xml",
        "Authorization": "Sanitized",
        "Connection": "keep-alive",
        "User-Agent": "azsdk-js-azure-storage-blob/12.23.0-beta.2 core-rest-pipeline/1.15.3 Node/18.19.0 OS/(x64-Windows_NT-10.0.22631)",
        "x-ms-client-request-id": "3f8b136b-dd16-468f-9c5f-a536cafe43f9",
        "x-ms-date": "Mon, 29 Apr 2024 09:11:20 GMT",
        "x-ms-version": "2023-11-03"
      },
      "RequestBody": null,
      "StatusCode": 202,
      "ResponseHeaders": {
        "Content-Length": "0",
        "Date": "Mon, 29 Apr 2024 09:11:20 GMT",
        "Server": [
          "Windows-Azure-File/1.0",
          "Microsoft-HTTPAPI/2.0"
        ],
        "x-ms-client-request-id": "3f8b136b-dd16-468f-9c5f-a536cafe43f9",
        "x-ms-request-id": "886d09aa-d01a-0043-6b15-9a757d000000",
        "x-ms-version": "2023-11-03"
      },
      "ResponseBody": null
    }
  ],
  "Variables": {
    "dir": "dir171438188043801035",
    "share": "share171438188033005528"
  }
}
