{
  "Entries": [
    {
      "RequestUri": "https://management.azure.com/subscriptions/db1ab6f0-4769-4b27-930e-01e2ef9c123c?api-version=2022-12-01",
      "RequestMethod": "GET",
      "RequestHeaders": {
        "Accept": "application/json",
        "Authorization": "Sanitized",
        "traceparent": "00-8559b79474754b4bf83807a1fe4bf0ad-f108d47930fbb223-00",
        "User-Agent": "azsdk-net-ResourceManager/1.7.0 (.NET 7.0.11; Microsoft Windows 10.0.22621)",
        "x-ms-client-request-id": "250b514874aac62d75e02aa82b7baf93",
        "x-ms-return-client-request-id": "true"
      },
      "RequestBody": null,
      "StatusCode": 200,
      "ResponseHeaders": {
        "Cache-Control": "no-cache",
        "Content-Length": "748",
        "Content-Type": "application/json; charset=utf-8",
        "Date": "Tue, 19 Sep 2023 05:36:27 GMT",
        "Expires": "-1",
        "Pragma": "no-cache",
        "Strict-Transport-Security": "max-age=31536000; includeSubDomains",
        "X-Content-Type-Options": "nosniff",
        "x-ms-correlation-request-id": "08db9f75-7da1-4456-b11e-df56f1e6b96b",
        "x-ms-ratelimit-remaining-subscription-reads": "11969",
        "x-ms-request-id": "08db9f75-7da1-4456-b11e-df56f1e6b96b",
        "x-ms-routing-request-id": "SOUTHEASTASIA:20230919T053627Z:08db9f75-7da1-4456-b11e-df56f1e6b96b"
      },
      "ResponseBody": {
        "id": "/subscriptions/db1ab6f0-4769-4b27-930e-01e2ef9c123c",
        "authorizationSource": "RoleBased",
        "managedByTenants": [],
        "tags": {
          "TagKey-9823": "TagValue-1254",
          "TagKey-3481": "TagValue-320",
          "TagKey-4926": "TagValue-1187",
          "TagKey-751": "TagValue-3921",
          "TagKey-1866": "TagValue-8559",
          "TagKey-3094": "TagValue-9190",
          "TagKey-2449": "TagValue-9",
          "TagKey-8379": "TagValue-164",
          "TagKey-7470": "TagValue-2205",
          "TagKey-4236": "TagValue-3698",
          "TagKey-5316": "TagValue-2725"
        },
        "subscriptionId": "db1ab6f0-4769-4b27-930e-01e2ef9c123c",
        "tenantId": "72f988bf-86f1-41af-91ab-2d7cd011db47",
        "displayName": ".NET Mgmt SDK Test with TTL = 1 Day",
        "state": "Enabled",
        "subscriptionPolicies": {
          "locationPlacementId": "Internal_2014-09-01",
          "quotaId": "Internal_2014-09-01",
          "spendingLimit": "Off"
        }
      }
    },
    {
      "RequestUri": "https://management.azure.com/subscriptions/db1ab6f0-4769-4b27-930e-01e2ef9c123c/resourcegroups/testRg-ResourceMover-6887?api-version=2022-09-01",
      "RequestMethod": "PUT",
      "RequestHeaders": {
        "Accept": "application/json",
        "Authorization": "Sanitized",
        "Content-Length": "21",
        "Content-Type": "application/json",
        "traceparent": "00-257cdadd6b42247b81863595b0fbce37-423c37b12318f425-00",
        "User-Agent": "azsdk-net-ResourceManager/1.7.0 (.NET 7.0.11; Microsoft Windows 10.0.22621)",
        "x-ms-client-request-id": "51eac0e4bdc9ac019afa1d664ce8b5b2",
        "x-ms-return-client-request-id": "true"
      },
      "RequestBody": {
        "location": "westus"
      },
      "StatusCode": 201,
      "ResponseHeaders": {
        "Cache-Control": "no-cache",
        "Content-Length": "247",
        "Content-Type": "application/json; charset=utf-8",
        "Date": "Tue, 19 Sep 2023 05:36:27 GMT",
        "Expires": "-1",
        "Pragma": "no-cache",
        "Strict-Transport-Security": "max-age=31536000; includeSubDomains",
        "X-Content-Type-Options": "nosniff",
        "x-ms-correlation-request-id": "010d8581-5825-47bb-a24b-4264f2407fd6",
        "x-ms-ratelimit-remaining-subscription-writes": "1157",
        "x-ms-request-id": "010d8581-5825-47bb-a24b-4264f2407fd6",
        "x-ms-routing-request-id": "SOUTHEASTASIA:20230919T053628Z:010d8581-5825-47bb-a24b-4264f2407fd6"
      },
      "ResponseBody": {
        "id": "/subscriptions/db1ab6f0-4769-4b27-930e-01e2ef9c123c/resourceGroups/testRg-ResourceMover-6887",
        "name": "testRg-ResourceMover-6887",
        "type": "Microsoft.Resources/resourceGroups",
        "location": "westus",
        "properties": {
          "provisioningState": "Succeeded"
        }
      }
    },
    {
      "RequestUri": "https://management.azure.com/subscriptions/db1ab6f0-4769-4b27-930e-01e2ef9c123c/resourceGroups/testRg-ResourceMover-6887/providers/Microsoft.Migrate/moveCollections/MoverResourceSet-2166?api-version=2023-08-01",
      "RequestMethod": "PUT",
      "RequestHeaders": {
        "Accept": "application/json",
        "Authorization": "Sanitized",
        "Content-Length": "133",
        "Content-Type": "application/json",
        "traceparent": "00-db7e8f41592e9e1b16476ba1cc2f697c-ba52513f1c37ed7f-00",
        "User-Agent": "azsdk-net-ResourceManager.ResourceMover/1.1.0-alpha.20230919.1 (.NET 7.0.11; Microsoft Windows 10.0.22621)",
        "x-ms-client-request-id": "a0136846a759eac4c0a29d096b00431a",
        "x-ms-return-client-request-id": "true"
      },
      "RequestBody": {
        "identity": {
          "type": "SystemAssigned"
        },
        "properties": {
          "sourceRegion": "eastus",
          "targetRegion": "eastus2"
        },
        "location": "eastus2"
      },
      "StatusCode": 201,
      "ResponseHeaders": {
        "Cache-Control": "no-cache",
        "Content-Length": "911",
        "Content-Type": "application/json; charset=utf-8",
        "Date": "Tue, 19 Sep 2023 05:36:31 GMT",
        "ETag": "\"0e00aa61-0000-0200-0000-6509335e0000\"",
        "Expires": "-1",
        "Pragma": "no-cache",
        "Strict-Transport-Security": "max-age=31536000; includeSubDomains",
        "X-Content-Type-Options": "nosniff",
        "x-ms-correlation-request-id": "2b3f3865-2b79-434f-ad84-9184ffe2387f",
        "x-ms-ratelimit-remaining-subscription-writes": "1156",
        "x-ms-request-id": "4e0bddfb-6119-47c3-92c0-e53749100b52",
        "x-ms-routing-request-id": "SOUTHEASTASIA:20230919T053631Z:2b3f3865-2b79-434f-ad84-9184ffe2387f"
      },
      "ResponseBody": {
        "id": "/subscriptions/db1ab6f0-4769-4b27-930e-01e2ef9c123c/resourceGroups/testRg-ResourceMover-6887/providers/Microsoft.Migrate/moveCollections/MoverResourceSet-2166",
        "name": "MoverResourceSet-2166",
        "type": "Microsoft.Migrate/moveCollections",
        "etag": "\"0e00aa61-0000-0200-0000-6509335e0000\"",
        "location": "eastus2",
        "properties": {
          "sourceRegion": "eastus",
          "targetRegion": "eastus2",
          "moveRegion": null,
          "provisioningState": "Succeeded",
          "errors": null,
          "version": "V2",
          "moveType": "RegionToRegion"
        },
        "identity": {
          "principalId": "91ce98bc-358c-49a5-b6b2-3d75028d56c8",
          "tenantId": "72f988bf-86f1-41af-91ab-2d7cd011db47",
          "type": "SystemAssigned"
        },
        "systemData": {
          "createdBy": "18521949-6d6e-454b-b208-4d3141df8607",
          "createdByType": "Application",
          "createdAt": "2023-09-19T05:36:29.6200773Z",
          "lastModifiedBy": "18521949-6d6e-454b-b208-4d3141df8607",
          "lastModifiedByType": "Application",
          "lastModifiedAt": "2023-09-19T05:36:29.6200773Z"
        }
      }
    }
  ],
  "Variables": {
    "AZURE_AUTHORITY_HOST": "https://login.microsoftonline.com",
    "RandomSeed": "532049880",
    "RESOURCE_MANAGER_URL": null,
    "SUBSCRIPTION_ID": "db1ab6f0-4769-4b27-930e-01e2ef9c123c"
  }
}