{
  "Entries": [
    {
      "RequestUri": "https://Sanitized.servicebus.windows.net/$Resources/topics?$skip=0&$top=100&api-version=2021-05",
      "RequestMethod": "GET",
      "RequestHeaders": {
        "Accept": "application/xml, application/atom+xml",
        "Accept-Encoding": "gzip, deflate",
        "User-Agent": "azsdk-python-servicebusmanagementclient/unknown Python/3.11.7 (Linux-5.15.153.1-microsoft-standard-WSL2-x86_64-with-glibc2.35)"
      },
      "RequestBody": null,
      "StatusCode": 200,
      "ResponseHeaders": {
        "Content-Type": "application/atom+xml; type=feed; charset=utf-8",
        "Date": "Wed, 04 Sep 2024 18:15:40 GMT",
        "Server": "Microsoft-HTTPAPI/2.0",
        "Transfer-Encoding": "chunked"
      },
      "ResponseBody": "<feed xmlns=\"http://www.w3.org/2005/Atom\"><title type=\"text\">Topics</title><id>https://fakeresource.servicebus.windows.net/$Resources/topics?$skip=0&amp;$top=100&amp;api-version=2021-05</id><updated>2024-09-04T18:15:41Z</updated><link rel=\"self\" href=\"https://fakeresource.servicebus.windows.net/$Resources/topics?$skip=0&amp;$top=100&amp;api-version=2021-05\"/></feed>"
    },
    {
      "RequestUri": "https://Sanitized.servicebus.windows.net/dkoamv?api-version=2021-05",
      "RequestMethod": "PUT",
      "RequestHeaders": {
        "Accept": "application/xml, application/atom+xml",
        "Accept-Encoding": "gzip, deflate",
        "Content-Length": "248",
        "Content-Type": "application/atom+xml",
        "User-Agent": "azsdk-python-servicebusmanagementclient/unknown Python/3.11.7 (Linux-5.15.153.1-microsoft-standard-WSL2-x86_64-with-glibc2.35)"
      },
      "RequestBody": [
        "<?xml version='1.0' encoding='utf-8'?>\n",
        "<ns0:entry xmlns:ns0=\"http://www.w3.org/2005/Atom\" xmlns=\"http://schemas.microsoft.com/netservices/2010/10/servicebus/connect\"><ns0:content type=\"application/xml\"><TopicDescription /></ns0:content></ns0:entry>"
      ],
      "StatusCode": 201,
      "ResponseHeaders": {
        "Content-Type": "application/atom+xml; type=entry; charset=utf-8",
        "Date": "Wed, 04 Sep 2024 18:15:41 GMT",
        "Server": "Microsoft-HTTPAPI/2.0",
        "Strict-Transport-Security": "max-age=31536000",
        "Transfer-Encoding": "chunked"
      },
      "ResponseBody": "<entry xmlns=\"http://www.w3.org/2005/Atom\"><id>https://fakeresource.servicebus.windows.net/dkoamv?api-version=2021-05</id><title type=\"text\">dkoamv</title><published>2024-09-04T18:15:41Z</published><updated>2024-09-04T18:15:41Z</updated><author><name>sb-te9c6b9643d59d62d</name></author><link rel=\"self\" href=\"https://fakeresource.servicebus.windows.net/dkoamv?api-version=2021-05\"/><content type=\"application/xml\"><TopicDescription xmlns=\"http://schemas.microsoft.com/netservices/2010/10/servicebus/connect\" xmlns:i=\"http://www.w3.org/2001/XMLSchema-instance\"><DefaultMessageTimeToLive>P10675199DT2H48M5.4775807S</DefaultMessageTimeToLive><MaxSizeInMegabytes>1024</MaxSizeInMegabytes><RequiresDuplicateDetection>false</RequiresDuplicateDetection><DuplicateDetectionHistoryTimeWindow>PT10M</DuplicateDetectionHistoryTimeWindow><EnableBatchedOperations>true</EnableBatchedOperations><SizeInBytes>0</SizeInBytes><FilteringMessagesBeforePublishing>false</FilteringMessagesBeforePublishing><IsAnonymousAccessible>false</IsAnonymousAccessible><AuthorizationRules></AuthorizationRules><Status>Active</Status><CreatedAt>2024-09-04T18:15:41.523Z</CreatedAt><UpdatedAt>2024-09-04T18:15:41.58Z</UpdatedAt><SupportOrdering>true</SupportOrdering><AutoDeleteOnIdle>P10675199DT2H48M5.4775807S</AutoDeleteOnIdle><EnablePartitioning>false</EnablePartitioning><EntityAvailabilityStatus>Available</EntityAvailabilityStatus><EnableSubscriptionPartitioning>false</EnableSubscriptionPartitioning><EnableExpress>false</EnableExpress><MaxMessageSizeInKilobytes>256</MaxMessageSizeInKilobytes></TopicDescription></content></entry>"
    },
    {
      "RequestUri": "https://Sanitized.servicebus.windows.net/dkoamv/subscriptions?$skip=0&$top=100&api-version=2021-05",
      "RequestMethod": "GET",
      "RequestHeaders": {
        "Accept": "application/xml, application/atom+xml",
        "Accept-Encoding": "gzip, deflate",
        "User-Agent": "azsdk-python-servicebusmanagementclient/unknown Python/3.11.7 (Linux-5.15.153.1-microsoft-standard-WSL2-x86_64-with-glibc2.35)"
      },
      "RequestBody": null,
      "StatusCode": 200,
      "ResponseHeaders": {
        "Content-Type": "application/atom+xml; type=feed; charset=utf-8",
        "Date": "Wed, 04 Sep 2024 18:15:41 GMT",
        "ETag": "638610705415800000",
        "Server": "Microsoft-HTTPAPI/2.0",
        "Strict-Transport-Security": "max-age=31536000",
        "Transfer-Encoding": "chunked"
      },
      "ResponseBody": "<feed xmlns=\"http://www.w3.org/2005/Atom\"><title type=\"text\">Subscriptions</title><id>https://fakeresource.servicebus.windows.net/dkoamv/subscriptions?$skip=0&amp;$top=100&amp;api-version=2021-05</id><updated>2024-09-04T18:15:42Z</updated><link rel=\"self\" href=\"https://fakeresource.servicebus.windows.net/dkoamv/subscriptions?$skip=0&amp;$top=100&amp;api-version=2021-05\"/></feed>"
    },
    {
      "RequestUri": "https://Sanitized.servicebus.windows.net/dkoamv/subscriptions?$skip=0&$top=100&api-version=2021-05",
      "RequestMethod": "GET",
      "RequestHeaders": {
        "Accept": "application/xml, application/atom+xml",
        "Accept-Encoding": "gzip, deflate",
        "User-Agent": "azsdk-python-servicebusmanagementclient/unknown Python/3.11.7 (Linux-5.15.153.1-microsoft-standard-WSL2-x86_64-with-glibc2.35)"
      },
      "RequestBody": null,
      "StatusCode": 200,
      "ResponseHeaders": {
        "Content-Type": "application/atom+xml; type=feed; charset=utf-8",
        "Date": "Wed, 04 Sep 2024 18:15:42 GMT",
        "ETag": "638610705415800000",
        "Server": "Microsoft-HTTPAPI/2.0",
        "Strict-Transport-Security": "max-age=31536000",
        "Transfer-Encoding": "chunked"
      },
      "ResponseBody": "<feed xmlns=\"http://www.w3.org/2005/Atom\"><title type=\"text\">Subscriptions</title><id>https://fakeresource.servicebus.windows.net/dkoamv/subscriptions?$skip=0&amp;$top=100&amp;api-version=2021-05</id><updated>2024-09-04T18:15:42Z</updated><link rel=\"self\" href=\"https://fakeresource.servicebus.windows.net/dkoamv/subscriptions?$skip=0&amp;$top=100&amp;api-version=2021-05\"/></feed>"
    },
    {
      "RequestUri": "https://Sanitized.servicebus.windows.net/dkoamv/subscriptions/cxqplc?api-version=2021-05",
      "RequestMethod": "PUT",
      "RequestHeaders": {
        "Accept": "application/xml, application/atom+xml",
        "Accept-Encoding": "gzip, deflate",
        "Content-Length": "255",
        "Content-Type": "application/atom+xml",
        "User-Agent": "azsdk-python-servicebusmanagementclient/unknown Python/3.11.7 (Linux-5.15.153.1-microsoft-standard-WSL2-x86_64-with-glibc2.35)"
      },
      "RequestBody": [
        "<?xml version='1.0' encoding='utf-8'?>\n",
        "<ns0:entry xmlns:ns0=\"http://www.w3.org/2005/Atom\" xmlns=\"http://schemas.microsoft.com/netservices/2010/10/servicebus/connect\"><ns0:content type=\"application/xml\"><SubscriptionDescription /></ns0:content></ns0:entry>"
      ],
      "StatusCode": 201,
      "ResponseHeaders": {
        "Content-Type": "application/atom+xml; type=entry; charset=utf-8",
        "Date": "Wed, 04 Sep 2024 18:15:42 GMT",
        "ETag": "638610705415800000",
        "Server": "Microsoft-HTTPAPI/2.0",
        "Strict-Transport-Security": "max-age=31536000",
        "Transfer-Encoding": "chunked"
      },
      "ResponseBody": "<entry xmlns=\"http://www.w3.org/2005/Atom\"><id>https://fakeresource.servicebus.windows.net/dkoamv/subscriptions/cxqplc?api-version=2021-05</id><title type=\"text\">cxqplc</title><published>2024-09-04T18:15:42Z</published><updated>2024-09-04T18:15:42Z</updated><link rel=\"self\" href=\"https://fakeresource.servicebus.windows.net/dkoamv/subscriptions/cxqplc?api-version=2021-05\"/><content type=\"application/xml\"><SubscriptionDescription xmlns=\"http://schemas.microsoft.com/netservices/2010/10/servicebus/connect\" xmlns:i=\"http://www.w3.org/2001/XMLSchema-instance\"><LockDuration>PT1M</LockDuration><RequiresSession>false</RequiresSession><DefaultMessageTimeToLive>P10675199DT2H48M5.4775807S</DefaultMessageTimeToLive><DeadLetteringOnMessageExpiration>false</DeadLetteringOnMessageExpiration><DeadLetteringOnFilterEvaluationExceptions>true</DeadLetteringOnFilterEvaluationExceptions><MessageCount>0</MessageCount><MaxDeliveryCount>10</MaxDeliveryCount><EnableBatchedOperations>true</EnableBatchedOperations><Status>Active</Status><CreatedAt>2024-09-04T18:15:42.3193768Z</CreatedAt><UpdatedAt>2024-09-04T18:15:42.3193768Z</UpdatedAt><AccessedAt>0001-01-01T00:00:00</AccessedAt><AutoDeleteOnIdle>P10675199DT2H48M5.4775807S</AutoDeleteOnIdle><EntityAvailabilityStatus>Available</EntityAvailabilityStatus><IsClientAffine>false</IsClientAffine></SubscriptionDescription></content></entry>"
    },
    {
      "RequestUri": "https://Sanitized.servicebus.windows.net/dkoamv/subscriptions?$skip=0&$top=100&api-version=2021-05",
      "RequestMethod": "GET",
      "RequestHeaders": {
        "Accept": "application/xml, application/atom+xml",
        "Accept-Encoding": "gzip, deflate",
        "User-Agent": "azsdk-python-servicebusmanagementclient/unknown Python/3.11.7 (Linux-5.15.153.1-microsoft-standard-WSL2-x86_64-with-glibc2.35)"
      },
      "RequestBody": null,
      "StatusCode": 200,
      "ResponseHeaders": {
        "Content-Type": "application/atom+xml; type=feed; charset=utf-8",
        "Date": "Wed, 04 Sep 2024 18:15:42 GMT",
        "ETag": "638610705415800000",
        "Server": "Microsoft-HTTPAPI/2.0",
        "Strict-Transport-Security": "max-age=31536000",
        "Transfer-Encoding": "chunked"
      },
      "ResponseBody": "<feed xmlns=\"http://www.w3.org/2005/Atom\"><title type=\"text\">Subscriptions</title><id>https://fakeresource.servicebus.windows.net/dkoamv/subscriptions?$skip=0&amp;$top=100&amp;api-version=2021-05</id><updated>2024-09-04T18:15:42Z</updated><link rel=\"self\" href=\"https://fakeresource.servicebus.windows.net/dkoamv/subscriptions?$skip=0&amp;$top=100&amp;api-version=2021-05\"/><entry xml:base=\"https://fakeresource.servicebus.windows.net/dkoamv/subscriptions?$skip=0&amp;$top=100&amp;api-version=2021-05\"><id>https://fakeresource.servicebus.windows.net/dkoamv/subscriptions/cxqplc?api-version=2021-05</id><title type=\"text\">cxqplc</title><published>2024-09-04T18:15:42Z</published><updated>2024-09-04T18:15:42Z</updated><link rel=\"self\" href=\"subscriptions/cxqplc?api-version=2021-05\"/><content type=\"application/xml\"><SubscriptionDescription xmlns=\"http://schemas.microsoft.com/netservices/2010/10/servicebus/connect\" xmlns:i=\"http://www.w3.org/2001/XMLSchema-instance\"><LockDuration>PT1M</LockDuration><RequiresSession>false</RequiresSession><DefaultMessageTimeToLive>P10675199DT2H48M5.4775807S</DefaultMessageTimeToLive><DeadLetteringOnMessageExpiration>false</DeadLetteringOnMessageExpiration><DeadLetteringOnFilterEvaluationExceptions>true</DeadLetteringOnFilterEvaluationExceptions><MessageCount>0</MessageCount><MaxDeliveryCount>10</MaxDeliveryCount><EnableBatchedOperations>true</EnableBatchedOperations><Status>Active</Status><CreatedAt>2024-09-04T18:15:42.3229821Z</CreatedAt><UpdatedAt>2024-09-04T18:15:42.3229821Z</UpdatedAt><AccessedAt>2024-09-04T18:15:42.323Z</AccessedAt><CountDetails xmlns:d2p1=\"http://schemas.microsoft.com/netservices/2011/06/servicebus\"><d2p1:ActiveMessageCount>0</d2p1:ActiveMessageCount><d2p1:DeadLetterMessageCount>0</d2p1:DeadLetterMessageCount><d2p1:ScheduledMessageCount>0</d2p1:ScheduledMessageCount><d2p1:TransferMessageCount>0</d2p1:TransferMessageCount><d2p1:TransferDeadLetterMessageCount>0</d2p1:TransferDeadLetterMessageCount></CountDetails><AutoDeleteOnIdle>P10675199DT2H48M5.4775807S</AutoDeleteOnIdle><EntityAvailabilityStatus>Available</EntityAvailabilityStatus><IsClientAffine>false</IsClientAffine></SubscriptionDescription></content></entry></feed>"
    },
    {
      "RequestUri": "https://Sanitized.servicebus.windows.net/dkoamv/subscriptions?$skip=0&$top=100&api-version=2021-05",
      "RequestMethod": "GET",
      "RequestHeaders": {
        "Accept": "application/xml, application/atom+xml",
        "Accept-Encoding": "gzip, deflate",
        "User-Agent": "azsdk-python-servicebusmanagementclient/unknown Python/3.11.7 (Linux-5.15.153.1-microsoft-standard-WSL2-x86_64-with-glibc2.35)"
      },
      "RequestBody": null,
      "StatusCode": 200,
      "ResponseHeaders": {
        "Content-Type": "application/atom+xml; type=feed; charset=utf-8",
        "Date": "Wed, 04 Sep 2024 18:15:42 GMT",
        "ETag": "638610705415800000",
        "Server": "Microsoft-HTTPAPI/2.0",
        "Strict-Transport-Security": "max-age=31536000",
        "Transfer-Encoding": "chunked"
      },
      "ResponseBody": "<feed xmlns=\"http://www.w3.org/2005/Atom\"><title type=\"text\">Subscriptions</title><id>https://fakeresource.servicebus.windows.net/dkoamv/subscriptions?$skip=0&amp;$top=100&amp;api-version=2021-05</id><updated>2024-09-04T18:15:42Z</updated><link rel=\"self\" href=\"https://fakeresource.servicebus.windows.net/dkoamv/subscriptions?$skip=0&amp;$top=100&amp;api-version=2021-05\"/><entry xml:base=\"https://fakeresource.servicebus.windows.net/dkoamv/subscriptions?$skip=0&amp;$top=100&amp;api-version=2021-05\"><id>https://fakeresource.servicebus.windows.net/dkoamv/subscriptions/cxqplc?api-version=2021-05</id><title type=\"text\">cxqplc</title><published>2024-09-04T18:15:42Z</published><updated>2024-09-04T18:15:42Z</updated><link rel=\"self\" href=\"subscriptions/cxqplc?api-version=2021-05\"/><content type=\"application/xml\"><SubscriptionDescription xmlns=\"http://schemas.microsoft.com/netservices/2010/10/servicebus/connect\" xmlns:i=\"http://www.w3.org/2001/XMLSchema-instance\"><LockDuration>PT1M</LockDuration><RequiresSession>false</RequiresSession><DefaultMessageTimeToLive>P10675199DT2H48M5.4775807S</DefaultMessageTimeToLive><DeadLetteringOnMessageExpiration>false</DeadLetteringOnMessageExpiration><DeadLetteringOnFilterEvaluationExceptions>true</DeadLetteringOnFilterEvaluationExceptions><MessageCount>0</MessageCount><MaxDeliveryCount>10</MaxDeliveryCount><EnableBatchedOperations>true</EnableBatchedOperations><Status>Active</Status><CreatedAt>2024-09-04T18:15:42.3229821Z</CreatedAt><UpdatedAt>2024-09-04T18:15:42.3229821Z</UpdatedAt><AccessedAt>2024-09-04T18:15:42.323Z</AccessedAt><CountDetails xmlns:d2p1=\"http://schemas.microsoft.com/netservices/2011/06/servicebus\"><d2p1:ActiveMessageCount>0</d2p1:ActiveMessageCount><d2p1:DeadLetterMessageCount>0</d2p1:DeadLetterMessageCount><d2p1:ScheduledMessageCount>0</d2p1:ScheduledMessageCount><d2p1:TransferMessageCount>0</d2p1:TransferMessageCount><d2p1:TransferDeadLetterMessageCount>0</d2p1:TransferDeadLetterMessageCount></CountDetails><AutoDeleteOnIdle>P10675199DT2H48M5.4775807S</AutoDeleteOnIdle><EntityAvailabilityStatus>Available</EntityAvailabilityStatus><IsClientAffine>false</IsClientAffine></SubscriptionDescription></content></entry></feed>"
    },
    {
      "RequestUri": "https://Sanitized.servicebus.windows.net/dkoamv/subscriptions/cxqplc?api-version=2021-05",
      "RequestMethod": "DELETE",
      "RequestHeaders": {
        "Accept": "application/xml, application/atom+xml",
        "Accept-Encoding": "gzip, deflate",
        "Content-Length": "0",
        "User-Agent": "azsdk-python-servicebusmanagementclient/unknown Python/3.11.7 (Linux-5.15.153.1-microsoft-standard-WSL2-x86_64-with-glibc2.35)"
      },
      "RequestBody": null,
      "StatusCode": 200,
      "ResponseHeaders": {
        "Content-Length": "0",
        "Date": "Wed, 04 Sep 2024 18:15:42 GMT",
        "ETag": "638610705415800000",
        "Server": "Microsoft-HTTPAPI/2.0",
        "Strict-Transport-Security": "max-age=31536000"
      },
      "ResponseBody": null
    },
    {
      "RequestUri": "https://Sanitized.servicebus.windows.net/dkoamv/subscriptions?$skip=0&$top=100&api-version=2021-05",
      "RequestMethod": "GET",
      "RequestHeaders": {
        "Accept": "application/xml, application/atom+xml",
        "Accept-Encoding": "gzip, deflate",
        "User-Agent": "azsdk-python-servicebusmanagementclient/unknown Python/3.11.7 (Linux-5.15.153.1-microsoft-standard-WSL2-x86_64-with-glibc2.35)"
      },
      "RequestBody": null,
      "StatusCode": 200,
      "ResponseHeaders": {
        "Content-Type": "application/atom+xml; type=feed; charset=utf-8",
        "Date": "Wed, 04 Sep 2024 18:15:42 GMT",
        "ETag": "638610705415800000",
        "Server": "Microsoft-HTTPAPI/2.0",
        "Strict-Transport-Security": "max-age=31536000",
        "Transfer-Encoding": "chunked"
      },
      "ResponseBody": "<feed xmlns=\"http://www.w3.org/2005/Atom\"><title type=\"text\">Subscriptions</title><id>https://fakeresource.servicebus.windows.net/dkoamv/subscriptions?$skip=0&amp;$top=100&amp;api-version=2021-05</id><updated>2024-09-04T18:15:42Z</updated><link rel=\"self\" href=\"https://fakeresource.servicebus.windows.net/dkoamv/subscriptions?$skip=0&amp;$top=100&amp;api-version=2021-05\"/></feed>"
    },
    {
      "RequestUri": "https://Sanitized.servicebus.windows.net/dkoamv?api-version=2021-05",
      "RequestMethod": "DELETE",
      "RequestHeaders": {
        "Accept": "application/xml, application/atom+xml",
        "Accept-Encoding": "gzip, deflate",
        "Content-Length": "0",
        "User-Agent": "azsdk-python-servicebusmanagementclient/unknown Python/3.11.7 (Linux-5.15.153.1-microsoft-standard-WSL2-x86_64-with-glibc2.35)"
      },
      "RequestBody": null,
      "StatusCode": 200,
      "ResponseHeaders": {
        "Content-Length": "0",
        "Date": "Wed, 04 Sep 2024 18:15:43 GMT",
        "ETag": "638610705415800000",
        "Server": "Microsoft-HTTPAPI/2.0",
        "Strict-Transport-Security": "max-age=31536000"
      },
      "ResponseBody": null
    }
  ],
  "Variables": {}
}
