{
  "Entries": [
    {
      "RequestUri": "https://management.azure.com/subscriptions/db94d92c-f9c4-4768-ae4b-83d50cea378d?api-version=2022-12-01",
      "RequestMethod": "GET",
      "RequestHeaders": {
        "Accept": "application/json",
        "Authorization": "Sanitized",
        "traceparent": "00-73b5410f2788e2635affad6d32e6a1ef-c74b135e50b2c89b-00",
        "User-Agent": "azsdk-net-ResourceManager/1.13.0 (.NET 6.0.35; Microsoft Windows 10.0.26100)",
        "x-ms-client-request-id": "Sanitized",
        "x-ms-return-client-request-id": "true"
      },
      "RequestBody": null,
      "StatusCode": 200,
      "ResponseHeaders": {
        "Cache-Control": "no-cache",
        "Content-Length": "425",
        "Content-Type": "application/json; charset=utf-8",
        "Date": "Wed, 30 Oct 2024 14:02:09 GMT",
        "Expires": "-1",
        "Pragma": "no-cache",
        "Strict-Transport-Security": "max-age=31536000; includeSubDomains",
        "X-Cache": "CONFIG_NOCACHE",
        "X-Content-Type-Options": "nosniff",
        "x-ms-correlation-request-id": "2bed33ca-8c81-4005-88a0-a518685a1f0e",
        "x-ms-ratelimit-remaining-subscription-global-reads": "16499",
        "x-ms-ratelimit-remaining-subscription-reads": "1099",
        "x-ms-request-id": "2bed33ca-8c81-4005-88a0-a518685a1f0e",
        "x-ms-routing-request-id": "EASTUS:20241030T140210Z:2bed33ca-8c81-4005-88a0-a518685a1f0e",
        "X-MSEdge-Ref": "Ref A: 25BE890058F14EB2859FD76AAE7E32E2 Ref B: MNZ221060608047 Ref C: 2024-10-30T14:02:10Z"
      },
      "ResponseBody": {
        "id": "/subscriptions/db94d92c-f9c4-4768-ae4b-83d50cea378d",
        "authorizationSource": "RoleBased",
        "managedByTenants": [],
        "subscriptionId": "db94d92c-f9c4-4768-ae4b-83d50cea378d",
        "tenantId": "00000000-0000-0000-0000-000000000000",
        "displayName": "PBS Team Testing Subscription - S360 sbharath",
        "state": "Enabled",
        "subscriptionPolicies": {
          "locationPlacementId": "Internal_2014-09-01",
          "quotaId": "Internal_2014-09-01",
          "spendingLimit": "Off"
        }
      }
    },
    {
      "RequestUri": "https://management.azure.com/subscriptions/db94d92c-f9c4-4768-ae4b-83d50cea378d/resourceGroups/avs-dotnet-test/providers/Microsoft.AVS/privateClouds/avs-dotnet-test-w2/clusters/Cluster-1?api-version=2023-09-01",
      "RequestMethod": "GET",
      "RequestHeaders": {
        "Accept": "application/json",
        "Authorization": "Sanitized",
        "traceparent": "00-70a3036718c0664b9e7688bb34d06a06-8615f1c13ca6a488-00",
        "User-Agent": "azsdk-net-ResourceManager.Avs/1.5.0-alpha.20241025.1 (.NET 6.0.35; Microsoft Windows 10.0.26100)",
        "x-ms-client-request-id": "Sanitized",
        "x-ms-return-client-request-id": "true"
      },
      "RequestBody": null,
      "StatusCode": 200,
      "ResponseHeaders": {
        "Cache-Control": "no-cache",
        "Content-Length": "530",
        "Content-Type": "application/json; charset=utf-8",
        "Date": "Wed, 30 Oct 2024 14:02:10 GMT",
        "Expires": "-1",
        "Pragma": "no-cache",
        "Strict-Transport-Security": "max-age=31536000; includeSubDomains",
        "X-Cache": "CONFIG_NOCACHE",
        "X-Content-Type-Options": "nosniff",
        "x-ms-client-request-id": "Sanitized",
        "x-ms-correlation-request-id": "d7416b33-5cf8-4226-b062-96cc8cf7b5d1",
        "x-ms-ratelimit-remaining-subscription-global-reads": "16499",
        "x-ms-ratelimit-remaining-subscription-reads": "1099",
        "x-ms-request-id": "fdac53d3-b9ae-4d2a-bc2a-2ccdbedf65b0",
        "x-ms-routing-request-id": "EASTUS:20241030T140210Z:d7416b33-5cf8-4226-b062-96cc8cf7b5d1",
        "X-MSEdge-Ref": "Ref A: 853544432923488695B8E686BFC671F7 Ref B: MNZ221060608047 Ref C: 2024-10-30T14:02:10Z"
      },
      "ResponseBody": {
        "id": "/subscriptions/db94d92c-f9c4-4768-ae4b-83d50cea378d/resourceGroups/avs-dotnet-test/providers/Microsoft.AVS/privateClouds/avs-dotnet-test-w2/clusters/Cluster-1",
        "name": "Cluster-1",
        "properties": {
          "clusterId": 1,
          "clusterSize": 3,
          "displayName": "Cluster-1",
          "hosts": [
            "esx01-r09.p02.westus2.avs.azure.com",
            "esx09-r19.p02.westus2.avs.azure.com",
            "esx20-r20.p02.westus2.avs.azure.com"
          ],
          "provisioningState": "Succeeded",
          "vsanDatastoreName": "vsanDatastore"
        },
        "sku": {
          "capacity": 3,
          "name": "av36"
        },
        "type": "Microsoft.AVS/privateClouds/clusters"
      }
    },
    {
      "RequestUri": "https://management.azure.com/subscriptions/db94d92c-f9c4-4768-ae4b-83d50cea378d/resourceGroups/avs-dotnet-test/providers/Microsoft.AVS/privateClouds/avs-dotnet-test-w2/clusters/Cluster-1/placementPolicies?api-version=2023-09-01",
      "RequestMethod": "GET",
      "RequestHeaders": {
        "Accept": "application/json",
        "Authorization": "Sanitized",
        "traceparent": "00-d0441a159f7c2c015364904bd003a5b4-0d3d2d9e81ed3c5d-00",
        "User-Agent": "azsdk-net-ResourceManager.Avs/1.5.0-alpha.20241025.1 (.NET 6.0.35; Microsoft Windows 10.0.26100)",
        "x-ms-client-request-id": "Sanitized",
        "x-ms-return-client-request-id": "true"
      },
      "RequestBody": null,
      "StatusCode": 200,
      "ResponseHeaders": {
        "Cache-Control": "no-cache",
        "Content-Length": "1383",
        "Content-Type": "application/json; charset=utf-8",
        "Date": "Wed, 30 Oct 2024 14:02:10 GMT",
        "Expires": "-1",
        "Pragma": "no-cache",
        "Strict-Transport-Security": "max-age=31536000; includeSubDomains",
        "X-Cache": "CONFIG_NOCACHE",
        "X-Content-Type-Options": "nosniff",
        "x-ms-client-request-id": "Sanitized",
        "x-ms-correlation-request-id": "7faf5ff9-9d5c-48a7-a696-d19834070fa8",
        "x-ms-ratelimit-remaining-subscription-global-reads": "16499",
        "x-ms-ratelimit-remaining-subscription-reads": "1099",
        "x-ms-request-id": "4d3f2ca5-d10b-4123-aa4c-9c2bd3fff5ad",
        "x-ms-routing-request-id": "EASTUS:20241030T140211Z:7faf5ff9-9d5c-48a7-a696-d19834070fa8",
        "X-MSEdge-Ref": "Ref A: 9A23D77C3D334653886932FB3A13FA63 Ref B: MNZ221060608047 Ref C: 2024-10-30T14:02:10Z"
      },
      "ResponseBody": {
        "value": [
          {
            "id": "/subscriptions/db94d92c-f9c4-4768-ae4b-83d50cea378d/resourceGroups/avs-dotnet-test/providers/Microsoft.AVS/privateClouds/avs-dotnet-test-w2/clusters/Cluster-1/placementPolicies/policy1",
            "name": "policy1",
            "properties": {
              "affinityStrength": "Should",
              "affinityType": "Affinity",
              "displayName": "policy1",
              "hostMembers": [
                "esx01-r09.p02.westus2.avs.azure.com"
              ],
              "provisioningState": "Succeeded",
              "state": "Enabled",
              "type": "VmHost",
              "vmMembers": [
                "/subscriptions/db94d92c-f9c4-4768-ae4b-83d50cea378d/resourceGroups/avs-dotnet-test/providers/Microsoft.AVS/privateClouds/avs-dotnet-test-w2/clusters/Cluster-1/virtualMachines/vm-153"
              ]
            },
            "type": "Microsoft.AVS/privateClouds/clusters/placementPolicies"
          },
          {
            "id": "/subscriptions/db94d92c-f9c4-4768-ae4b-83d50cea378d/resourceGroups/avs-dotnet-test/providers/Microsoft.AVS/privateClouds/avs-dotnet-test-w2/clusters/Cluster-1/placementPolicies/policy2",
            "name": "policy2",
            "properties": {
              "affinityStrength": "Should",
              "affinityType": "Affinity",
              "displayName": "policy2",
              "hostMembers": [
                "esx01-r09.p02.westus2.avs.azure.com"
              ],
              "provisioningState": "Succeeded",
              "state": "Enabled",
              "type": "VmHost",
              "vmMembers": [
                "/subscriptions/db94d92c-f9c4-4768-ae4b-83d50cea378d/resourceGroups/avs-dotnet-test/providers/Microsoft.AVS/privateClouds/avs-dotnet-test-w2/clusters/Cluster-1/virtualMachines/vm-153"
              ]
            },
            "type": "Microsoft.AVS/privateClouds/clusters/placementPolicies"
          }
        ]
      }
    }
  ],
  "Variables": {
    "RandomSeed": "414461044",
    "RESOURCE_MANAGER_URL": null,
    "SUBSCRIPTION_ID": "db94d92c-f9c4-4768-ae4b-83d50cea378d"
  }
}
