{
  "Entries": [
    {
      "RequestUri": "https://Sanitized.azure.com/agents/v1.0/subscriptions/00000000-0000-0000-0000-000000000000/resourceGroups/00000/providers/Microsoft.MachineLearningServices/workspaces/00000/vector_stores?api-version=2024-07-01-preview",
      "RequestMethod": "POST",
      "RequestHeaders": {
        "Accept": "application/json",
        "Accept-Encoding": "gzip,deflate",
        "Authorization": "Sanitized",
        "Connection": "keep-alive",
        "Content-Length": "2",
        "Content-Type": "application/json",
        "User-Agent": "azsdk-js-client azsdk-js-api azsdk-js-ai-agents/1.0.0-beta.1 core-rest-pipeline/1.20.0 Node/22.10.0 OS/(x64-Windows_NT-10.0.22631)",
        "x-ms-client-request-id": "Sanitized"
      },
      "RequestBody": {},
      "StatusCode": 200,
      "ResponseHeaders": {
        "apim-request-id": "e16f7e1d-6a98-473b-a5e3-9329cc7c9e6f",
        "azureml-served-by-cluster": "vienna-eastus2-01",
        "Connection": "keep-alive",
        "Content-Encoding": "gzip",
        "Content-Type": "application/json",
        "Date": "Fri, 02 May 2025 06:46:38 GMT",
        "openai-organization": "b07780a9e940420e8b1a96b7bd930716",
        "openai-processing-ms": "81",
        "openai-version": "2020-10-01",
        "Request-Context": "appId=cid-v1:2d2e8e63-272e-4b3c-8598-4ee570a0e70d",
        "Strict-Transport-Security": "max-age=31536000; includeSubDomains; preload",
        "Transfer-Encoding": "chunked",
        "Vary": "Accept-Encoding",
        "X-Content-Type-Options": "nosniff",
        "x-ms-middleware-request-id": "3c3ad53e-8ed9-4aa7-b317-0015ad98980a",
        "x-ms-region": "East US 2",
        "x-ms-response-type": "standard",
        "X-Request-ID": "e8d20a3c54224e400db71a9495db81ad",
        "x-request-time": "0.266"
      },
      "ResponseBody": {
        "id": "vs_CLcXiJEo1AEB0kxYle7gTU9f",
        "object": "vector_store",
        "name": null,
        "status": "completed",
        "usage_bytes": 0,
        "created_at": 1746168398,
        "file_counts": {
          "in_progress": 0,
          "completed": 0,
          "failed": 0,
          "cancelled": 0,
          "total": 0
        },
        "metadata": {},
        "expires_after": null,
        "expires_at": null,
        "last_active_at": 1746168398
      }
    },
    {
      "RequestUri": "https://Sanitized.azure.com/agents/v1.0/subscriptions/00000000-0000-0000-0000-000000000000/resourceGroups/00000/providers/Microsoft.MachineLearningServices/workspaces/00000/files?api-version=2024-07-01-preview",
      "RequestMethod": "POST",
      "RequestHeaders": {
        "Accept": "application/json",
        "Accept-Encoding": "gzip,deflate",
        "Authorization": "Sanitized",
        "Connection": "keep-alive",
        "Content-Type": "multipart/form-data; boundary=--RecordedTestMultipartBoundary",
        "Transfer-Encoding": "chunked",
        "User-Agent": "azsdk-js-client azsdk-js-api azsdk-js-ai-agents/1.0.0-beta.1 core-rest-pipeline/1.20.0 Node/22.10.0 OS/(x64-Windows_NT-10.0.22631)",
        "x-ms-client-request-id": "Sanitized"
      },
      "RequestBody": "LS0tLVJlY29yZGVkVGVzdE11bHRpcGFydEJvdW5kYXJ5DQpjb250ZW50LXR5cGU6IGFwcGxpY2F0aW9uL29jdGV0LXN0cmVhbQ0KY29udGVudC1kaXNwb3NpdGlvbjogZm9ybS1kYXRhOyBuYW1lPSJmaWxlIjsgZmlsZW5hbWU9ImZpbGVuYW1lLnR4dCINCg0KZmlsZUNvbnRlbnQNCi0tLS1SZWNvcmRlZFRlc3RNdWx0aXBhcnRCb3VuZGFyeQ0KY29udGVudC10eXBlOiB0ZXh0L3BsYWluOyBjaGFyc2V0PVVURi04DQpjb250ZW50LWRpc3Bvc2l0aW9uOiBmb3JtLWRhdGE7IG5hbWU9InB1cnBvc2UiDQoNCmFzc2lzdGFudHMNCi0tLS1SZWNvcmRlZFRlc3RNdWx0aXBhcnRCb3VuZGFyeS0tDQoNCg==",
      "StatusCode": 200,
      "ResponseHeaders": {
        "Access-Control-Allow-Origin": "*",
        "apim-request-id": "3c3a51c9-4159-4144-a288-69d389be9957",
        "azureml-served-by-cluster": "vienna-eastus2-01",
        "Connection": "keep-alive",
        "Content-Length": "240",
        "Content-Type": "application/json",
        "Date": "Fri, 02 May 2025 06:46:39 GMT",
        "openai-processing-ms": "636",
        "openai-version": "2020-10-01",
        "Request-Context": "appId=cid-v1:2d2e8e63-272e-4b3c-8598-4ee570a0e70d",
        "Strict-Transport-Security": "max-age=31536000; includeSubDomains; preload",
        "X-Content-Type-Options": "nosniff",
        "x-ms-middleware-request-id": "5b8c4f50-d057-418c-9fae-6a955db50d3a",
        "x-ms-region": "East US 2",
        "x-ms-response-type": "standard",
        "X-Request-ID": "ccb0c6bc25ed5f04bd93f345dd3605a8",
        "x-request-time": "0.849"
      },
      "ResponseBody": {
        "object": "file",
        "id": "assistant-AGAV1fcWn5R7dK3m1mAzYT",
        "purpose": "assistants",
        "filename": "filename.txt",
        "bytes": 11,
        "created_at": 1746168399,
        "expires_at": null,
        "status": "processed",
        "status_details": null
      }
    },
    {
      "RequestUri": "https://Sanitized.azure.com/agents/v1.0/subscriptions/00000000-0000-0000-0000-000000000000/resourceGroups/00000/providers/Microsoft.MachineLearningServices/workspaces/00000/vector_stores/vs_CLcXiJEo1AEB0kxYle7gTU9f/files?api-version=2024-07-01-preview",
      "RequestMethod": "POST",
      "RequestHeaders": {
        "Accept": "application/json",
        "Accept-Encoding": "gzip,deflate",
        "Authorization": "Sanitized",
        "Connection": "keep-alive",
        "Content-Length": "46",
        "Content-Type": "application/json",
        "User-Agent": "azsdk-js-client azsdk-js-api azsdk-js-ai-agents/1.0.0-beta.1 core-rest-pipeline/1.20.0 Node/22.10.0 OS/(x64-Windows_NT-10.0.22631)",
        "x-ms-client-request-id": "Sanitized"
      },
      "RequestBody": {
        "file_id": "assistant-AGAV1fcWn5R7dK3m1mAzYT"
      },
      "StatusCode": 200,
      "ResponseHeaders": {
        "apim-request-id": "0bbac523-6726-42f2-a9af-3a886b5e115e",
        "azureml-served-by-cluster": "vienna-eastus2-01",
        "Connection": "keep-alive",
        "Content-Encoding": "gzip",
        "Content-Type": "application/json",
        "Date": "Fri, 02 May 2025 06:46:40 GMT",
        "openai-organization": "b07780a9e940420e8b1a96b7bd930716",
        "openai-processing-ms": "227",
        "openai-version": "2020-10-01",
        "Request-Context": "appId=cid-v1:2d2e8e63-272e-4b3c-8598-4ee570a0e70d",
        "Strict-Transport-Security": "max-age=31536000; includeSubDomains; preload",
        "Transfer-Encoding": "chunked",
        "Vary": "Accept-Encoding",
        "X-Content-Type-Options": "nosniff",
        "x-ms-middleware-request-id": "89bf206a-34e3-4833-bf13-be4ca9d5cf73",
        "x-ms-region": "East US 2",
        "x-ms-response-type": "standard",
        "X-Request-ID": "cbfec1d501ea6c322aa1670ec22110c8",
        "x-request-time": "0.397"
      },
      "ResponseBody": {
        "id": "assistant-AGAV1fcWn5R7dK3m1mAzYT",
        "object": "vector_store.file",
        "usage_bytes": 0,
        "created_at": 1746168400,
        "vector_store_id": "vs_CLcXiJEo1AEB0kxYle7gTU9f",
        "status": "in_progress",
        "last_error": null,
        "chunking_strategy": {
          "type": "static",
          "static": {
            "max_chunk_size_tokens": 800,
            "chunk_overlap_tokens": 400
          }
        }
      }
    },
    {
      "RequestUri": "https://Sanitized.azure.com/agents/v1.0/subscriptions/00000000-0000-0000-0000-000000000000/resourceGroups/00000/providers/Microsoft.MachineLearningServices/workspaces/00000/vector_stores/vs_CLcXiJEo1AEB0kxYle7gTU9f/files/assistant-AGAV1fcWn5R7dK3m1mAzYT?api-version=2024-07-01-preview",
      "RequestMethod": "GET",
      "RequestHeaders": {
        "Accept": "application/json",
        "Accept-Encoding": "gzip,deflate",
        "Authorization": "Sanitized",
        "Connection": "keep-alive",
        "User-Agent": "azsdk-js-client azsdk-js-api azsdk-js-ai-agents/1.0.0-beta.1 core-rest-pipeline/1.20.0 Node/22.10.0 OS/(x64-Windows_NT-10.0.22631)",
        "x-ms-client-request-id": "Sanitized"
      },
      "RequestBody": null,
      "StatusCode": 200,
      "ResponseHeaders": {
        "apim-request-id": "50e9a604-945b-4e55-809e-bc3a75c4636b",
        "azureml-served-by-cluster": "vienna-eastus2-02",
        "Connection": "keep-alive",
        "Content-Encoding": "gzip",
        "Content-Type": "application/json",
        "Date": "Fri, 02 May 2025 06:46:40 GMT",
        "openai-organization": "b07780a9e940420e8b1a96b7bd930716",
        "openai-processing-ms": "181",
        "openai-version": "2020-10-01",
        "Request-Context": "appId=cid-v1:2d2e8e63-272e-4b3c-8598-4ee570a0e70d",
        "Strict-Transport-Security": "max-age=31536000; includeSubDomains; preload",
        "Transfer-Encoding": "chunked",
        "Vary": "Accept-Encoding",
        "X-Content-Type-Options": "nosniff",
        "x-ms-middleware-request-id": "a5f53f67-2678-4f9b-b41a-2475d809dbfc",
        "x-ms-region": "East US 2",
        "x-ms-response-type": "standard",
        "X-Request-ID": "79831e8ce919a7ddfbb5bf72f71ef6be",
        "x-request-time": "0.335"
      },
      "ResponseBody": {
        "id": "assistant-AGAV1fcWn5R7dK3m1mAzYT",
        "object": "vector_store.file",
        "usage_bytes": 1035,
        "created_at": 1746168400,
        "vector_store_id": "vs_CLcXiJEo1AEB0kxYle7gTU9f",
        "status": "completed",
        "last_error": null,
        "chunking_strategy": {
          "type": "static",
          "static": {
            "max_chunk_size_tokens": 800,
            "chunk_overlap_tokens": 400
          }
        }
      }
    },
    {
      "RequestUri": "https://Sanitized.azure.com/agents/v1.0/subscriptions/00000000-0000-0000-0000-000000000000/resourceGroups/00000/providers/Microsoft.MachineLearningServices/workspaces/00000/vector_stores/vs_CLcXiJEo1AEB0kxYle7gTU9f/files/assistant-AGAV1fcWn5R7dK3m1mAzYT?api-version=2024-07-01-preview",
      "RequestMethod": "GET",
      "RequestHeaders": {
        "Accept": "application/json",
        "Accept-Encoding": "gzip,deflate",
        "Authorization": "Sanitized",
        "Connection": "keep-alive",
        "User-Agent": "azsdk-js-client azsdk-js-api azsdk-js-ai-agents/1.0.0-beta.1 core-rest-pipeline/1.20.0 Node/22.10.0 OS/(x64-Windows_NT-10.0.22631)",
        "x-ms-client-request-id": "Sanitized"
      },
      "RequestBody": null,
      "StatusCode": 200,
      "ResponseHeaders": {
        "apim-request-id": "533fa2f0-31a0-4040-b296-d7343bf53f8c",
        "azureml-served-by-cluster": "vienna-eastus2-01",
        "Connection": "keep-alive",
        "Content-Encoding": "gzip",
        "Content-Type": "application/json",
        "Date": "Fri, 02 May 2025 06:46:40 GMT",
        "openai-organization": "b07780a9e940420e8b1a96b7bd930716",
        "openai-processing-ms": "86",
        "openai-version": "2020-10-01",
        "Request-Context": "appId=cid-v1:2d2e8e63-272e-4b3c-8598-4ee570a0e70d",
        "Strict-Transport-Security": "max-age=31536000; includeSubDomains; preload",
        "Transfer-Encoding": "chunked",
        "Vary": "Accept-Encoding",
        "X-Content-Type-Options": "nosniff",
        "x-ms-middleware-request-id": "f75d21d3-140d-4fbe-bf78-0865b0311980",
        "x-ms-region": "East US 2",
        "x-ms-response-type": "standard",
        "X-Request-ID": "9931d9ac1b870a498f44c37669e8d7a1",
        "x-request-time": "0.382"
      },
      "ResponseBody": {
        "id": "assistant-AGAV1fcWn5R7dK3m1mAzYT",
        "object": "vector_store.file",
        "usage_bytes": 1035,
        "created_at": 1746168400,
        "vector_store_id": "vs_CLcXiJEo1AEB0kxYle7gTU9f",
        "status": "completed",
        "last_error": null,
        "chunking_strategy": {
          "type": "static",
          "static": {
            "max_chunk_size_tokens": 800,
            "chunk_overlap_tokens": 400
          }
        }
      }
    },
    {
      "RequestUri": "https://Sanitized.azure.com/agents/v1.0/subscriptions/00000000-0000-0000-0000-000000000000/resourceGroups/00000/providers/Microsoft.MachineLearningServices/workspaces/00000/vector_stores/vs_CLcXiJEo1AEB0kxYle7gTU9f/files/assistant-AGAV1fcWn5R7dK3m1mAzYT?api-version=2024-07-01-preview",
      "RequestMethod": "DELETE",
      "RequestHeaders": {
        "Accept": "application/json",
        "Accept-Encoding": "gzip,deflate",
        "Authorization": "Sanitized",
        "Connection": "keep-alive",
        "User-Agent": "azsdk-js-client azsdk-js-api azsdk-js-ai-agents/1.0.0-beta.1 core-rest-pipeline/1.20.0 Node/22.10.0 OS/(x64-Windows_NT-10.0.22631)",
        "x-ms-client-request-id": "Sanitized"
      },
      "RequestBody": null,
      "StatusCode": 200,
      "ResponseHeaders": {
        "apim-request-id": "4d400946-b84f-4da3-8056-b2fccb479df6",
        "azureml-served-by-cluster": "vienna-eastus2-02",
        "Connection": "keep-alive",
        "Content-Length": "106",
        "Content-Type": "application/json",
        "Date": "Fri, 02 May 2025 06:46:41 GMT",
        "openai-organization": "b07780a9e940420e8b1a96b7bd930716",
        "openai-processing-ms": "122",
        "openai-version": "2020-10-01",
        "Request-Context": "appId=cid-v1:2d2e8e63-272e-4b3c-8598-4ee570a0e70d",
        "Strict-Transport-Security": "max-age=31536000; includeSubDomains; preload",
        "X-Content-Type-Options": "nosniff",
        "x-ms-middleware-request-id": "5bfddd06-6086-4758-b7d8-62b8fc3cad66",
        "x-ms-region": "East US 2",
        "x-ms-response-type": "standard",
        "X-Request-ID": "aed41a7e1cdc538c3d63db48f2cce8fd",
        "x-request-time": "0.289"
      },
      "ResponseBody": {
        "id": "assistant-AGAV1fcWn5R7dK3m1mAzYT",
        "object": "vector_store.file.deleted",
        "deleted": true
      }
    },
    {
      "RequestUri": "https://Sanitized.azure.com/agents/v1.0/subscriptions/00000000-0000-0000-0000-000000000000/resourceGroups/00000/providers/Microsoft.MachineLearningServices/workspaces/00000/files/assistant-AGAV1fcWn5R7dK3m1mAzYT?api-version=2024-07-01-preview",
      "RequestMethod": "DELETE",
      "RequestHeaders": {
        "Accept": "application/json",
        "Accept-Encoding": "gzip,deflate",
        "Authorization": "Sanitized",
        "Connection": "keep-alive",
        "User-Agent": "azsdk-js-client azsdk-js-api azsdk-js-ai-agents/1.0.0-beta.1 core-rest-pipeline/1.20.0 Node/22.10.0 OS/(x64-Windows_NT-10.0.22631)",
        "x-ms-client-request-id": "Sanitized"
      },
      "RequestBody": null,
      "StatusCode": 200,
      "ResponseHeaders": {
        "Access-Control-Allow-Origin": "*",
        "apim-request-id": "c7be3a1b-f6b6-4336-bd87-351df1a00341",
        "azureml-served-by-cluster": "vienna-eastus2-02",
        "Connection": "keep-alive",
        "Content-Length": "86",
        "Content-Type": "application/json",
        "Date": "Fri, 02 May 2025 06:46:50 GMT",
        "openai-processing-ms": "8691",
        "openai-version": "2020-10-01",
        "Request-Context": "appId=cid-v1:2d2e8e63-272e-4b3c-8598-4ee570a0e70d",
        "Strict-Transport-Security": "max-age=31536000; includeSubDomains; preload",
        "X-Content-Type-Options": "nosniff",
        "x-ms-middleware-request-id": "ac14afd5-d55c-4594-98aa-e47e08b60ac1",
        "x-ms-region": "East US 2",
        "x-ms-response-type": "standard",
        "X-Request-ID": "d8025d9fd33c1e3890137c66f871f45f",
        "x-request-time": "8.843"
      },
      "ResponseBody": {
        "object": "file",
        "deleted": true,
        "id": "assistant-AGAV1fcWn5R7dK3m1mAzYT"
      }
    },
    {
      "RequestUri": "https://Sanitized.azure.com/agents/v1.0/subscriptions/00000000-0000-0000-0000-000000000000/resourceGroups/00000/providers/Microsoft.MachineLearningServices/workspaces/00000/vector_stores/vs_CLcXiJEo1AEB0kxYle7gTU9f?api-version=2024-07-01-preview",
      "RequestMethod": "DELETE",
      "RequestHeaders": {
        "Accept": "application/json",
        "Accept-Encoding": "gzip,deflate",
        "Authorization": "Sanitized",
        "Connection": "keep-alive",
        "User-Agent": "azsdk-js-client azsdk-js-api azsdk-js-ai-agents/1.0.0-beta.1 core-rest-pipeline/1.20.0 Node/22.10.0 OS/(x64-Windows_NT-10.0.22631)",
        "x-ms-client-request-id": "Sanitized"
      },
      "RequestBody": null,
      "StatusCode": 200,
      "ResponseHeaders": {
        "apim-request-id": "fe0351f6-bbc1-43ee-83d2-ddbe4f8e7523",
        "azureml-served-by-cluster": "vienna-eastus2-02",
        "Connection": "keep-alive",
        "Content-Length": "96",
        "Content-Type": "application/json",
        "Date": "Fri, 02 May 2025 06:46:51 GMT",
        "openai-organization": "b07780a9e940420e8b1a96b7bd930716",
        "openai-processing-ms": "720",
        "openai-version": "2020-10-01",
        "Request-Context": "appId=cid-v1:2d2e8e63-272e-4b3c-8598-4ee570a0e70d",
        "Strict-Transport-Security": "max-age=31536000; includeSubDomains; preload",
        "X-Content-Type-Options": "nosniff",
        "x-ms-middleware-request-id": "53b7a990-2a50-4ab9-9080-02bd715b2231",
        "x-ms-region": "East US 2",
        "x-ms-response-type": "standard",
        "X-Request-ID": "e035ee4445a7c0375b54f1dd8934a837",
        "x-request-time": "0.991"
      },
      "ResponseBody": {
        "id": "vs_CLcXiJEo1AEB0kxYle7gTU9f",
        "object": "vector_store.deleted",
        "deleted": true
      }
    }
  ],
  "Variables": {}
}
