{
  "Entries": [
    {
      "RequestUri": "https://myappconfig.azconfig.io/kv/etags166?api-version=2023-10-01",
      "RequestMethod": "PUT",
      "RequestHeaders": {
        "Accept": "application/vnd.microsoft.appconfig.kv\u002Bjson, application/problem\u002Bjson",
        "Accept-Encoding": "gzip,deflate",
        "Authorization": "Sanitized",
        "Connection": "keep-alive",
        "Content-Length": "39",
        "Content-Type": "application/vnd.microsoft.appconfig.kv\u002Bjson",
        "If-None-Match": "*",
        "User-Agent": "azsdk-js-app-configuration/1.5.0-beta.3 core-rest-pipeline/1.12.3 Node/v18.18.2 OS/(x64-Linux-6.2.0-1015-azure)",
        "x-ms-client-request-id": "f725ed93-3183-4b72-ac15-45d9deff2856",
        "x-ms-content-sha256": "y3IIe9/WGupb9WHhJa2CMY5uh6w4Gbu4RvlEl0TRX\u002B4=",
        "x-ms-date": "Thu, 02 Nov 2023 21:16:27 GMT"
      },
      "RequestBody": {
        "key": "etags166",
        "value": "some value"
      },
      "StatusCode": 200,
      "ResponseHeaders": {
        "Access-Control-Allow-Origin": "*",
        "Connection": "keep-alive",
        "Content-Type": "application/vnd.microsoft.appconfig.kv\u002Bjson; charset=utf-8",
        "Date": "Thu, 02 Nov 2023 21:16:27 GMT",
        "ETag": "\u00228eavLZFCF1wc6lSIWKZipwuEmaPGMW5Ccl1Q2YFVNms\u0022",
        "Last-Modified": "Thu, 02 Nov 2023 21:16:27 GMT",
        "Strict-Transport-Security": "max-age=15724800; includeSubDomains",
        "Sync-Token": "zAJw6V16=NjoxNSM1MzMyMzY0;sn=5332364",
        "Transfer-Encoding": "chunked",
        "x-ms-correlation-request-id": "233ea9ff-df5b-4d2d-841e-d72a865376f5",
        "x-ms-request-id": "233ea9ff-df5b-4d2d-841e-d72a865376f5"
      },
      "ResponseBody": {
        "etag": "8eavLZFCF1wc6lSIWKZipwuEmaPGMW5Ccl1Q2YFVNms",
        "key": "etags166",
        "label": null,
        "content_type": null,
        "value": "some value",
        "tags": {},
        "locked": false,
        "last_modified": "2023-11-02T21:16:27\u002B00:00"
      }
    },
    {
      "RequestUri": "https://myappconfig.azconfig.io/kv/etags166?api-version=2023-10-01",
      "RequestMethod": "PUT",
      "RequestHeaders": {
        "Accept": "application/vnd.microsoft.appconfig.kv\u002Bjson, application/problem\u002Bjson",
        "Accept-Encoding": "gzip,deflate",
        "Authorization": "Sanitized",
        "Connection": "keep-alive",
        "Content-Length": "34",
        "Content-Type": "application/vnd.microsoft.appconfig.kv\u002Bjson",
        "sync-token": "zAJw6V16=NjoxNSM1MzMyMzY0",
        "User-Agent": "azsdk-js-app-configuration/1.5.0-beta.3 core-rest-pipeline/1.12.3 Node/v18.18.2 OS/(x64-Linux-6.2.0-1015-azure)",
        "x-ms-client-request-id": "cb3d6cc7-fd74-4dee-8f87-f8dee6a7b811",
        "x-ms-content-sha256": "RzZUxcbS6\u002BaeSZvtInzwaogQ0zuJ7DhJHahwJBrKHiU=",
        "x-ms-date": "Thu, 02 Nov 2023 21:16:27 GMT"
      },
      "RequestBody": {
        "key": "etags166",
        "value": "world"
      },
      "StatusCode": 200,
      "ResponseHeaders": {
        "Access-Control-Allow-Origin": "*",
        "Connection": "keep-alive",
        "Content-Type": "application/vnd.microsoft.appconfig.kv\u002Bjson; charset=utf-8",
        "Date": "Thu, 02 Nov 2023 21:16:27 GMT",
        "ETag": "\u0022nWXZGYuoDswkAsE_QNC10FMqUx3qGOEotbEZXBJVoSY\u0022",
        "Last-Modified": "Thu, 02 Nov 2023 21:16:27 GMT",
        "Strict-Transport-Security": "max-age=15724800; includeSubDomains",
        "Sync-Token": "zAJw6V16=NjoxNSM1MzMyMzY1;sn=5332365",
        "Transfer-Encoding": "chunked",
        "x-ms-correlation-request-id": "2b42fff3-9c05-41a0-8d7f-0359b2e06e13",
        "x-ms-request-id": "2b42fff3-9c05-41a0-8d7f-0359b2e06e13"
      },
      "ResponseBody": {
        "etag": "nWXZGYuoDswkAsE_QNC10FMqUx3qGOEotbEZXBJVoSY",
        "key": "etags166",
        "label": null,
        "content_type": null,
        "value": "world",
        "tags": {},
        "locked": false,
        "last_modified": "2023-11-02T21:16:27\u002B00:00"
      }
    },
    {
      "RequestUri": "https://myappconfig.azconfig.io/kv/etags166?api-version=2023-10-01",
      "RequestMethod": "GET",
      "RequestHeaders": {
        "Accept": "application/vnd.microsoft.appconfig.kv\u002Bjson, application/problem\u002Bjson",
        "Accept-Encoding": "gzip,deflate",
        "Authorization": "Sanitized",
        "Connection": "keep-alive",
        "If-None-Match": "\u0022nWXZGYuoDswkAsE_QNC10FMqUx3qGOEotbEZXBJVoSY\u0022",
        "sync-token": "zAJw6V16=NjoxNSM1MzMyMzY1",
        "User-Agent": "azsdk-js-app-configuration/1.5.0-beta.3 core-rest-pipeline/1.12.3 Node/v18.18.2 OS/(x64-Linux-6.2.0-1015-azure)",
        "x-ms-client-request-id": "531b040b-a002-4e04-9459-05799b15b14c",
        "x-ms-content-sha256": "47DEQpj8HBSa\u002B/TImW\u002B5JCeuQeRkm5NMpJWZG3hSuFU=",
        "x-ms-date": "Thu, 02 Nov 2023 21:16:27 GMT"
      },
      "RequestBody": null,
      "StatusCode": 304,
      "ResponseHeaders": {
        "Access-Control-Allow-Origin": "*",
        "Connection": "keep-alive",
        "Date": "Thu, 02 Nov 2023 21:16:27 GMT",
        "Strict-Transport-Security": "max-age=15724800; includeSubDomains",
        "Sync-Token": "zAJw6V16=NjoxNSM1MzMyMzY2;sn=5332366",
        "x-ms-correlation-request-id": "55c7a092-3fcc-4da2-af51-693bea766599",
        "x-ms-request-id": "55c7a092-3fcc-4da2-af51-693bea766599"
      },
      "ResponseBody": null
    },
    {
      "RequestUri": "https://myappconfig.azconfig.io/kv/etags166?api-version=2023-10-01",
      "RequestMethod": "PUT",
      "RequestHeaders": {
        "Accept": "application/vnd.microsoft.appconfig.kv\u002Bjson, application/problem\u002Bjson",
        "Accept-Encoding": "gzip,deflate",
        "Authorization": "Sanitized",
        "Connection": "keep-alive",
        "Content-Length": "38",
        "Content-Type": "application/vnd.microsoft.appconfig.kv\u002Bjson",
        "sync-token": "zAJw6V16=NjoxNSM1MzMyMzY2",
        "User-Agent": "azsdk-js-app-configuration/1.5.0-beta.3 core-rest-pipeline/1.12.3 Node/v18.18.2 OS/(x64-Linux-6.2.0-1015-azure)",
        "x-ms-client-request-id": "2aaf8789-0098-45d8-94a8-e898bddc452a",
        "x-ms-content-sha256": "Lw1u\u002Bb8IUrNJivndcqmo\u002BwSetDZC/\u002BDIm\u002B6HPBsNsWM=",
        "x-ms-date": "Thu, 02 Nov 2023 21:16:27 GMT"
      },
      "RequestBody": {
        "key": "etags166",
        "value": "new world"
      },
      "StatusCode": 200,
      "ResponseHeaders": {
        "Access-Control-Allow-Origin": "*",
        "Connection": "keep-alive",
        "Content-Type": "application/vnd.microsoft.appconfig.kv\u002Bjson; charset=utf-8",
        "Date": "Thu, 02 Nov 2023 21:16:27 GMT",
        "ETag": "\u00220mDkj5AC3gNBsCxXe8JDzZGyGUHg8IfesWTAl9veSTI\u0022",
        "Last-Modified": "Thu, 02 Nov 2023 21:16:27 GMT",
        "Strict-Transport-Security": "max-age=15724800; includeSubDomains",
        "Sync-Token": "zAJw6V16=NjoxNSM1MzMyMzY3;sn=5332367",
        "Transfer-Encoding": "chunked",
        "x-ms-correlation-request-id": "2589feb3-2da8-4b93-b765-087e9a581dda",
        "x-ms-request-id": "2589feb3-2da8-4b93-b765-087e9a581dda"
      },
      "ResponseBody": {
        "etag": "0mDkj5AC3gNBsCxXe8JDzZGyGUHg8IfesWTAl9veSTI",
        "key": "etags166",
        "label": null,
        "content_type": null,
        "value": "new world",
        "tags": {},
        "locked": false,
        "last_modified": "2023-11-02T21:16:27\u002B00:00"
      }
    },
    {
      "RequestUri": "https://myappconfig.azconfig.io/kv/etags166?api-version=2023-10-01",
      "RequestMethod": "GET",
      "RequestHeaders": {
        "Accept": "application/vnd.microsoft.appconfig.kv\u002Bjson, application/problem\u002Bjson",
        "Accept-Encoding": "gzip,deflate",
        "Authorization": "Sanitized",
        "Connection": "keep-alive",
        "sync-token": "zAJw6V16=NjoxNSM1MzMyMzY3",
        "User-Agent": "azsdk-js-app-configuration/1.5.0-beta.3 core-rest-pipeline/1.12.3 Node/v18.18.2 OS/(x64-Linux-6.2.0-1015-azure)",
        "x-ms-client-request-id": "04caf32f-2bf8-4a55-9349-45ccd2f40d32",
        "x-ms-content-sha256": "47DEQpj8HBSa\u002B/TImW\u002B5JCeuQeRkm5NMpJWZG3hSuFU=",
        "x-ms-date": "Thu, 02 Nov 2023 21:16:28 GMT"
      },
      "RequestBody": null,
      "StatusCode": 200,
      "ResponseHeaders": {
        "Access-Control-Allow-Origin": "*",
        "Connection": "keep-alive",
        "Content-Type": "application/vnd.microsoft.appconfig.kv\u002Bjson; charset=utf-8",
        "Date": "Thu, 02 Nov 2023 21:16:27 GMT",
        "ETag": "\u00220mDkj5AC3gNBsCxXe8JDzZGyGUHg8IfesWTAl9veSTI\u0022",
        "Last-Modified": "Thu, 02 Nov 2023 21:16:27 GMT",
        "Strict-Transport-Security": "max-age=15724800; includeSubDomains",
        "Sync-Token": "zAJw6V16=NjoxNSM1MzMyMzY4;sn=5332368",
        "Transfer-Encoding": "chunked",
        "x-ms-correlation-request-id": "bae521a7-bb3a-4787-9d32-39c7fe4cccfb",
        "x-ms-request-id": "bae521a7-bb3a-4787-9d32-39c7fe4cccfb"
      },
      "ResponseBody": {
        "etag": "0mDkj5AC3gNBsCxXe8JDzZGyGUHg8IfesWTAl9veSTI",
        "key": "etags166",
        "label": null,
        "content_type": null,
        "value": "new world",
        "tags": {},
        "locked": false,
        "last_modified": "2023-11-02T21:16:27\u002B00:00"
      }
    },
    {
      "RequestUri": "https://myappconfig.azconfig.io/kv/etags166?api-version=2023-10-01",
      "RequestMethod": "GET",
      "RequestHeaders": {
        "Accept": "application/vnd.microsoft.appconfig.kv\u002Bjson, application/problem\u002Bjson",
        "Accept-Encoding": "gzip,deflate",
        "Authorization": "Sanitized",
        "Connection": "keep-alive",
        "If-None-Match": "\u0022nWXZGYuoDswkAsE_QNC10FMqUx3qGOEotbEZXBJVoSY\u0022",
        "sync-token": "zAJw6V16=NjoxNSM1MzMyMzY4",
        "User-Agent": "azsdk-js-app-configuration/1.5.0-beta.3 core-rest-pipeline/1.12.3 Node/v18.18.2 OS/(x64-Linux-6.2.0-1015-azure)",
        "x-ms-client-request-id": "79ee45f8-f386-4157-ac3b-850bca778f65",
        "x-ms-content-sha256": "47DEQpj8HBSa\u002B/TImW\u002B5JCeuQeRkm5NMpJWZG3hSuFU=",
        "x-ms-date": "Thu, 02 Nov 2023 21:16:28 GMT"
      },
      "RequestBody": null,
      "StatusCode": 200,
      "ResponseHeaders": {
        "Access-Control-Allow-Origin": "*",
        "Connection": "keep-alive",
        "Content-Type": "application/vnd.microsoft.appconfig.kv\u002Bjson; charset=utf-8",
        "Date": "Thu, 02 Nov 2023 21:16:28 GMT",
        "ETag": "\u00220mDkj5AC3gNBsCxXe8JDzZGyGUHg8IfesWTAl9veSTI\u0022",
        "Last-Modified": "Thu, 02 Nov 2023 21:16:27 GMT",
        "Strict-Transport-Security": "max-age=15724800; includeSubDomains",
        "Sync-Token": "zAJw6V16=NjoxNSM1MzMyMzY4;sn=5332368",
        "Transfer-Encoding": "chunked",
        "x-ms-correlation-request-id": "1dde12c9-c3ab-4ac0-9206-895590caeec2",
        "x-ms-request-id": "1dde12c9-c3ab-4ac0-9206-895590caeec2"
      },
      "ResponseBody": {
        "etag": "0mDkj5AC3gNBsCxXe8JDzZGyGUHg8IfesWTAl9veSTI",
        "key": "etags166",
        "label": null,
        "content_type": null,
        "value": "new world",
        "tags": {},
        "locked": false,
        "last_modified": "2023-11-02T21:16:27\u002B00:00"
      }
    },
    {
      "RequestUri": "https://myappconfig.azconfig.io/kv?api-version=2023-10-01\u0026key=etags166",
      "RequestMethod": "GET",
      "RequestHeaders": {
        "Accept": "application/vnd.microsoft.appconfig.kvset\u002Bjson, application/problem\u002Bjson",
        "Accept-Encoding": "gzip,deflate",
        "Authorization": "Sanitized",
        "Connection": "keep-alive",
        "sync-token": "zAJw6V16=NjoxNSM1MzMyMzY4",
        "User-Agent": "azsdk-js-app-configuration/1.5.0-beta.3 core-rest-pipeline/1.12.3 Node/v18.18.2 OS/(x64-Linux-6.2.0-1015-azure)",
        "x-ms-client-request-id": "67fb71f9-5039-412a-acdd-e700349ac664",
        "x-ms-content-sha256": "47DEQpj8HBSa\u002B/TImW\u002B5JCeuQeRkm5NMpJWZG3hSuFU=",
        "x-ms-date": "Thu, 02 Nov 2023 21:16:28 GMT"
      },
      "RequestBody": null,
      "StatusCode": 200,
      "ResponseHeaders": {
        "Access-Control-Allow-Origin": "*",
        "Connection": "keep-alive",
        "Content-Type": "application/vnd.microsoft.appconfig.kvset\u002Bjson; charset=utf-8",
        "Date": "Thu, 02 Nov 2023 21:16:28 GMT",
        "ETag": "\u0022oMabQ-zE-K3uS8KiAlDUqUoT9lgVz3uf1hYPKMYpPlM\u0022",
        "Strict-Transport-Security": "max-age=15724800; includeSubDomains",
        "Sync-Token": "zAJw6V16=NjoxNSM1MzMyMzY4;sn=5332368",
        "Transfer-Encoding": "chunked",
        "x-ms-correlation-request-id": "68577e10-3b2d-478f-9231-2debda9268fb",
        "x-ms-request-id": "68577e10-3b2d-478f-9231-2debda9268fb"
      },
      "ResponseBody": {
        "etag": "oMabQ-zE-K3uS8KiAlDUqUoT9lgVz3uf1hYPKMYpPlM",
        "items": [
          {
            "etag": "0mDkj5AC3gNBsCxXe8JDzZGyGUHg8IfesWTAl9veSTI",
            "key": "etags166",
            "label": null,
            "content_type": null,
            "value": "new world",
            "tags": {},
            "locked": false,
            "last_modified": "2023-11-02T21:16:27\u002B00:00"
          }
        ]
      }
    },
    {
      "RequestUri": "https://myappconfig.azconfig.io/kv/etags166?api-version=2023-10-01",
      "RequestMethod": "DELETE",
      "RequestHeaders": {
        "Accept": "application/vnd.microsoft.appconfig.kv\u002Bjson, application/problem\u002Bjson",
        "Accept-Encoding": "gzip,deflate",
        "Authorization": "Sanitized",
        "Connection": "keep-alive",
        "sync-token": "zAJw6V16=NjoxNSM1MzMyMzY4",
        "User-Agent": "azsdk-js-app-configuration/1.5.0-beta.3 core-rest-pipeline/1.12.3 Node/v18.18.2 OS/(x64-Linux-6.2.0-1015-azure)",
        "x-ms-client-request-id": "4b25592b-67d5-4067-ab7c-e575150a7f4e",
        "x-ms-content-sha256": "47DEQpj8HBSa\u002B/TImW\u002B5JCeuQeRkm5NMpJWZG3hSuFU=",
        "x-ms-date": "Thu, 02 Nov 2023 21:16:28 GMT"
      },
      "RequestBody": null,
      "StatusCode": 200,
      "ResponseHeaders": {
        "Access-Control-Allow-Origin": "*",
        "Connection": "keep-alive",
        "Content-Type": "application/vnd.microsoft.appconfig.kv\u002Bjson; charset=utf-8",
        "Date": "Thu, 02 Nov 2023 21:16:28 GMT",
        "ETag": "\u00220mDkj5AC3gNBsCxXe8JDzZGyGUHg8IfesWTAl9veSTI\u0022",
        "Last-Modified": "Thu, 02 Nov 2023 21:16:27 GMT",
        "Strict-Transport-Security": "max-age=15724800; includeSubDomains",
        "Sync-Token": "zAJw6V16=NjoxNSM1MzMyMzY5;sn=5332369",
        "Transfer-Encoding": "chunked",
        "x-ms-correlation-request-id": "fe77c532-da8f-451f-82eb-87cdbf52cac6",
        "x-ms-request-id": "fe77c532-da8f-451f-82eb-87cdbf52cac6"
      },
      "ResponseBody": {
        "etag": "0mDkj5AC3gNBsCxXe8JDzZGyGUHg8IfesWTAl9veSTI",
        "key": "etags166",
        "label": null,
        "content_type": null,
        "value": "new world",
        "tags": {},
        "locked": false,
        "last_modified": "2023-11-02T21:16:27\u002B00:00"
      }
    }
  ],
  "Variables": {
    "etags": "etags166"
  }
}
