{
  "Entries": [
    {
      "RequestUri": "https://jalauzonnettest.file.core.windows.net/test-share-882f4861-73cf-fc57-a9e9-80a2c40c1f87?sv=Sanitized&ss=f&srt=sco&se=2024-10-19T19%3A44%3A57Z&sp=rwdxylacuptfi&sig=Sanitized&restype=share",
      "RequestMethod": "PUT",
      "RequestHeaders": {
        "Accept": "application/xml",
        "Content-Length": "0",
        "traceparent": "00-b8acc56e37fc19c84c1793b946935ece-ac5fd8ae63bcf81e-00",
        "User-Agent": "azsdk-net-Storage.Files.Shares/12.21.0-alpha.20241018.1 (.NET 8.0.10; Microsoft Windows 10.0.22631)",
        "x-ms-client-request-id": "Sanitized",
        "x-ms-return-client-request-id": "true",
        "x-ms-version": "2025-01-05"
      },
      "RequestBody": null,
      "StatusCode": 201,
      "ResponseHeaders": {
        "Content-Length": "0",
        "Date": "Fri, 18 Oct 2024 19:44:56 GMT",
        "ETag": "\"0x8DCEFAD588EF0D8\"",
        "Last-Modified": "Fri, 18 Oct 2024 19:44:57 GMT",
        "Server": [
          "Windows-Azure-File/1.0",
          "Microsoft-HTTPAPI/2.0"
        ],
        "x-ms-client-request-id": "Sanitized",
        "x-ms-request-id": "f20e3d59-001a-009d-2e96-212878000000",
        "x-ms-version": "2025-01-05"
      },
      "ResponseBody": null
    },
    {
      "RequestUri": "https://jalauzonnettest.file.core.windows.net/test-share-90debdd2-1ac3-f8a0-2289-7428c0a258c5?restype=share",
      "RequestMethod": "PUT",
      "RequestHeaders": {
        "Accept": "application/xml",
        "Authorization": "Sanitized",
        "Content-Length": "0",
        "traceparent": "00-1760d326cc0c5325818c7add34c37656-09c6ffc6fcb1c45c-00",
        "User-Agent": "azsdk-net-Storage.Files.Shares/12.21.0-alpha.20241018.1 (.NET 8.0.10; Microsoft Windows 10.0.22631)",
        "x-ms-client-request-id": "Sanitized",
        "x-ms-date": "Fri, 18 Oct 2024 19:44:57 GMT",
        "x-ms-return-client-request-id": "true",
        "x-ms-version": "2025-01-05"
      },
      "RequestBody": null,
      "StatusCode": 201,
      "ResponseHeaders": {
        "Content-Length": "0",
        "Date": "Fri, 18 Oct 2024 19:44:56 GMT",
        "ETag": "\"0x8DCEFAD5896ECF7\"",
        "Last-Modified": "Fri, 18 Oct 2024 19:44:57 GMT",
        "Server": [
          "Windows-Azure-File/1.0",
          "Microsoft-HTTPAPI/2.0"
        ],
        "x-ms-client-request-id": "Sanitized",
        "x-ms-request-id": "f20e3d5e-001a-009d-3096-212878000000",
        "x-ms-version": "2025-01-05"
      },
      "ResponseBody": null
    },
    {
      "RequestUri": "https://jalauzonnettest.file.core.windows.net/test-share-882f4861-73cf-fc57-a9e9-80a2c40c1f87/sourceFolder?sv=Sanitized&ss=f&srt=sco&se=2024-10-19T19%3A44%3A57Z&sp=rwdxylacuptfi&sig=Sanitized&restype=directory",
      "RequestMethod": "PUT",
      "RequestHeaders": {
        "Accept": "application/xml",
        "Content-Length": "0",
        "traceparent": "00-8a5397fb0d18a12f9a746f9a2e014105-efc893e2fb34d047-00",
        "User-Agent": "azsdk-net-Storage.Files.Shares/12.21.0-alpha.20241018.1 (.NET 8.0.10; Microsoft Windows 10.0.22631)",
        "x-ms-client-request-id": "Sanitized",
        "x-ms-file-attributes": "None",
        "x-ms-file-creation-time": "Now",
        "x-ms-file-last-write-time": "Now",
        "x-ms-file-permission": "Inherit",
        "x-ms-return-client-request-id": "true",
        "x-ms-version": "2025-01-05"
      },
      "RequestBody": null,
      "StatusCode": 201,
      "ResponseHeaders": {
        "Content-Length": "0",
        "Date": "Fri, 18 Oct 2024 19:44:56 GMT",
        "ETag": "\"0x8DCEFAD589EBAA2\"",
        "Last-Modified": "Fri, 18 Oct 2024 19:44:57 GMT",
        "Server": [
          "Windows-Azure-File/1.0",
          "Microsoft-HTTPAPI/2.0"
        ],
        "x-ms-client-request-id": "Sanitized",
        "x-ms-file-attributes": "Directory",
        "x-ms-file-change-time": "2024-10-18T19:44:57.4945954Z",
        "x-ms-file-creation-time": "2024-10-18T19:44:57.4945954Z",
        "x-ms-file-id": "13835128424026341376",
        "x-ms-file-last-write-time": "2024-10-18T19:44:57.4945954Z",
        "x-ms-file-parent-id": "0",
        "x-ms-file-permission-key": "1597566016123626978*9146977694084461163",
        "x-ms-request-id": "f20e3d62-001a-009d-3296-212878000000",
        "x-ms-request-server-encrypted": "true",
        "x-ms-version": "2025-01-05"
      },
      "ResponseBody": null
    },
    {
      "RequestUri": "https://jalauzonnettest.file.core.windows.net/test-share-882f4861-73cf-fc57-a9e9-80a2c40c1f87/sourceFolder/test-file-1a399af3-f5d3-3cdc-5bda-a4efb2b16ef9?sv=Sanitized&ss=f&srt=sco&se=2024-10-19T19%3A44%3A57Z&sp=rwdxylacuptfi&sig=Sanitized",
      "RequestMethod": "PUT",
      "RequestHeaders": {
        "Accept": "application/xml",
        "Content-Length": "0",
        "traceparent": "00-b63b7a73f1e08091a983142838352a5e-0f89ed5d180f652e-00",
        "User-Agent": "azsdk-net-Storage.Files.Shares/12.21.0-alpha.20241018.1 (.NET 8.0.10; Microsoft Windows 10.0.22631)",
        "x-ms-cache-control": "no-cache",
        "x-ms-client-request-id": "Sanitized",
        "x-ms-content-disposition": "inline",
        "x-ms-content-language": "en-US,en-CA",
        "x-ms-content-length": "1024",
        "x-ms-file-attributes": "None",
        "x-ms-file-change-time": "2024-04-01T13:30:03.0000000Z",
        "x-ms-file-creation-time": "2024-04-01T09:05:55.0000000Z",
        "x-ms-file-last-write-time": "2024-04-01T12:16:06.0000000Z",
        "x-ms-file-permission": "Inherit",
        "x-ms-meta-Capital": "letter",
        "x-ms-meta-foo": "bar",
        "x-ms-meta-meta": "data",
        "x-ms-meta-UPPER": "case",
        "x-ms-return-client-request-id": "true",
        "x-ms-type": "file",
        "x-ms-version": "2025-01-05"
      },
      "RequestBody": null,
      "StatusCode": 201,
      "ResponseHeaders": {
        "Content-Length": "0",
        "Date": "Fri, 18 Oct 2024 19:44:57 GMT",
        "ETag": "\"0x8DCEFAD58A59770\"",
        "Last-Modified": "Fri, 18 Oct 2024 19:44:57 GMT",
        "Server": [
          "Windows-Azure-File/1.0",
          "Microsoft-HTTPAPI/2.0"
        ],
        "x-ms-client-request-id": "Sanitized",
        "x-ms-file-attributes": "Archive",
        "x-ms-file-change-time": "2024-04-01T13:30:03.0000000Z",
        "x-ms-file-creation-time": "2024-04-01T09:05:55.0000000Z",
        "x-ms-file-id": "11529285414812647424",
        "x-ms-file-last-write-time": "2024-04-01T12:16:06.0000000Z",
        "x-ms-file-parent-id": "13835128424026341376",
        "x-ms-file-permission-key": "15442983316638046949*9146977694084461163",
        "x-ms-request-id": "f20e3d64-001a-009d-3496-212878000000",
        "x-ms-request-server-encrypted": "true",
        "x-ms-version": "2025-01-05"
      },
      "ResponseBody": null
    },
    {
      "RequestUri": "https://jalauzonnettest.file.core.windows.net/test-share-882f4861-73cf-fc57-a9e9-80a2c40c1f87/sourceFolder/test-file-0e4d92ec-b7b9-605f-831a-35d7615e7349?sv=Sanitized&ss=f&srt=sco&se=2024-10-19T19%3A44%3A57Z&sp=rwdxylacuptfi&sig=Sanitized",
      "RequestMethod": "PUT",
      "RequestHeaders": {
        "Accept": "application/xml",
        "Content-Length": "0",
        "traceparent": "00-8d5d9dba6ef7b1b0e4f76815cde99d3e-3aaabba701b6c227-00",
        "User-Agent": "azsdk-net-Storage.Files.Shares/12.21.0-alpha.20241018.1 (.NET 8.0.10; Microsoft Windows 10.0.22631)",
        "x-ms-cache-control": "no-cache",
        "x-ms-client-request-id": "Sanitized",
        "x-ms-content-disposition": "inline",
        "x-ms-content-language": "en-US,en-CA",
        "x-ms-content-length": "1024",
        "x-ms-file-attributes": "None",
        "x-ms-file-change-time": "2024-04-01T13:30:03.0000000Z",
        "x-ms-file-creation-time": "2024-04-01T09:05:55.0000000Z",
        "x-ms-file-last-write-time": "2024-04-01T12:16:06.0000000Z",
        "x-ms-file-permission": "Inherit",
        "x-ms-meta-Capital": "letter",
        "x-ms-meta-foo": "bar",
        "x-ms-meta-meta": "data",
        "x-ms-meta-UPPER": "case",
        "x-ms-return-client-request-id": "true",
        "x-ms-type": "file",
        "x-ms-version": "2025-01-05"
      },
      "RequestBody": null,
      "StatusCode": 201,
      "ResponseHeaders": {
        "Content-Length": "0",
        "Date": "Fri, 18 Oct 2024 19:44:57 GMT",
        "ETag": "\"0x8DCEFAD58AD106E\"",
        "Last-Modified": "Fri, 18 Oct 2024 19:44:57 GMT",
        "Server": [
          "Windows-Azure-File/1.0",
          "Microsoft-HTTPAPI/2.0"
        ],
        "x-ms-client-request-id": "Sanitized",
        "x-ms-file-attributes": "Archive",
        "x-ms-file-change-time": "2024-04-01T13:30:03.0000000Z",
        "x-ms-file-creation-time": "2024-04-01T09:05:55.0000000Z",
        "x-ms-file-id": "16140971433240035328",
        "x-ms-file-last-write-time": "2024-04-01T12:16:06.0000000Z",
        "x-ms-file-parent-id": "13835128424026341376",
        "x-ms-file-permission-key": "15442983316638046949*9146977694084461163",
        "x-ms-request-id": "f20e3d65-001a-009d-3596-212878000000",
        "x-ms-request-server-encrypted": "true",
        "x-ms-version": "2025-01-05"
      },
      "ResponseBody": null
    },
    {
      "RequestUri": "https://jalauzonnettest.file.core.windows.net/test-share-882f4861-73cf-fc57-a9e9-80a2c40c1f87/sourceFolder/bar?sv=Sanitized&ss=f&srt=sco&se=2024-10-19T19%3A44%3A57Z&sp=rwdxylacuptfi&sig=Sanitized&restype=directory",
      "RequestMethod": "PUT",
      "RequestHeaders": {
        "Accept": "application/xml",
        "Content-Length": "0",
        "traceparent": "00-f05434964f92016f2b99a3de3d9e31a6-bb28ca597c066596-00",
        "User-Agent": "azsdk-net-Storage.Files.Shares/12.21.0-alpha.20241018.1 (.NET 8.0.10; Microsoft Windows 10.0.22631)",
        "x-ms-client-request-id": "Sanitized",
        "x-ms-file-attributes": "None",
        "x-ms-file-creation-time": "Now",
        "x-ms-file-last-write-time": "Now",
        "x-ms-file-permission": "Inherit",
        "x-ms-return-client-request-id": "true",
        "x-ms-version": "2025-01-05"
      },
      "RequestBody": null,
      "StatusCode": 201,
      "ResponseHeaders": {
        "Content-Length": "0",
        "Date": "Fri, 18 Oct 2024 19:44:57 GMT",
        "ETag": "\"0x8DCEFAD58B43B4E\"",
        "Last-Modified": "Fri, 18 Oct 2024 19:44:57 GMT",
        "Server": [
          "Windows-Azure-File/1.0",
          "Microsoft-HTTPAPI/2.0"
        ],
        "x-ms-client-request-id": "Sanitized",
        "x-ms-file-attributes": "Directory",
        "x-ms-file-change-time": "2024-10-18T19:44:57.6355150Z",
        "x-ms-file-creation-time": "2024-10-18T19:44:57.6355150Z",
        "x-ms-file-id": "10376363910205800448",
        "x-ms-file-last-write-time": "2024-10-18T19:44:57.6355150Z",
        "x-ms-file-parent-id": "13835128424026341376",
        "x-ms-file-permission-key": "1597566016123626978*9146977694084461163",
        "x-ms-request-id": "f20e3d66-001a-009d-3696-212878000000",
        "x-ms-request-server-encrypted": "true",
        "x-ms-version": "2025-01-05"
      },
      "ResponseBody": null
    },
    {
      "RequestUri": "https://jalauzonnettest.file.core.windows.net/test-share-882f4861-73cf-fc57-a9e9-80a2c40c1f87/sourceFolder/bar/test-file-6b0c1b8e-22fb-fe9c-d28c-e09730019faa?sv=Sanitized&ss=f&srt=sco&se=2024-10-19T19%3A44%3A57Z&sp=rwdxylacuptfi&sig=Sanitized",
      "RequestMethod": "PUT",
      "RequestHeaders": {
        "Accept": "application/xml",
        "Content-Length": "0",
        "traceparent": "00-a63b55f2093a2afd3721297fb1991bce-24d24d834e3360d2-00",
        "User-Agent": "azsdk-net-Storage.Files.Shares/12.21.0-alpha.20241018.1 (.NET 8.0.10; Microsoft Windows 10.0.22631)",
        "x-ms-cache-control": "no-cache",
        "x-ms-client-request-id": "Sanitized",
        "x-ms-content-disposition": "inline",
        "x-ms-content-language": "en-US,en-CA",
        "x-ms-content-length": "1024",
        "x-ms-file-attributes": "None",
        "x-ms-file-change-time": "2024-04-01T13:30:03.0000000Z",
        "x-ms-file-creation-time": "2024-04-01T09:05:55.0000000Z",
        "x-ms-file-last-write-time": "2024-04-01T12:16:06.0000000Z",
        "x-ms-file-permission": "Inherit",
        "x-ms-meta-Capital": "letter",
        "x-ms-meta-foo": "bar",
        "x-ms-meta-meta": "data",
        "x-ms-meta-UPPER": "case",
        "x-ms-return-client-request-id": "true",
        "x-ms-type": "file",
        "x-ms-version": "2025-01-05"
      },
      "RequestBody": null,
      "StatusCode": 201,
      "ResponseHeaders": {
        "Content-Length": "0",
        "Date": "Fri, 18 Oct 2024 19:44:57 GMT",
        "ETag": "\"0x8DCEFAD58BB6633\"",
        "Last-Modified": "Fri, 18 Oct 2024 19:44:57 GMT",
        "Server": [
          "Windows-Azure-File/1.0",
          "Microsoft-HTTPAPI/2.0"
        ],
        "x-ms-client-request-id": "Sanitized",
        "x-ms-file-attributes": "Archive",
        "x-ms-file-change-time": "2024-04-01T13:30:03.0000000Z",
        "x-ms-file-creation-time": "2024-04-01T09:05:55.0000000Z",
        "x-ms-file-id": "14988049928633188352",
        "x-ms-file-last-write-time": "2024-04-01T12:16:06.0000000Z",
        "x-ms-file-parent-id": "10376363910205800448",
        "x-ms-file-permission-key": "15442983316638046949*9146977694084461163",
        "x-ms-request-id": "f20e3d67-001a-009d-3796-212878000000",
        "x-ms-request-server-encrypted": "true",
        "x-ms-version": "2025-01-05"
      },
      "ResponseBody": null
    },
    {
      "RequestUri": "https://jalauzonnettest.file.core.windows.net/test-share-882f4861-73cf-fc57-a9e9-80a2c40c1f87/sourceFolder/pik?sv=Sanitized&ss=f&srt=sco&se=2024-10-19T19%3A44%3A57Z&sp=rwdxylacuptfi&sig=Sanitized&restype=directory",
      "RequestMethod": "PUT",
      "RequestHeaders": {
        "Accept": "application/xml",
        "Content-Length": "0",
        "traceparent": "00-f2a97b728d04d6254fbdb6297fc7cb00-2263673ea61dfc96-00",
        "User-Agent": "azsdk-net-Storage.Files.Shares/12.21.0-alpha.20241018.1 (.NET 8.0.10; Microsoft Windows 10.0.22631)",
        "x-ms-client-request-id": "Sanitized",
        "x-ms-file-attributes": "None",
        "x-ms-file-creation-time": "Now",
        "x-ms-file-last-write-time": "Now",
        "x-ms-file-permission": "Inherit",
        "x-ms-return-client-request-id": "true",
        "x-ms-version": "2025-01-05"
      },
      "RequestBody": null,
      "StatusCode": 201,
      "ResponseHeaders": {
        "Content-Length": "0",
        "Date": "Fri, 18 Oct 2024 19:44:57 GMT",
        "ETag": "\"0x8DCEFAD58C29113\"",
        "Last-Modified": "Fri, 18 Oct 2024 19:44:57 GMT",
        "Server": [
          "Windows-Azure-File/1.0",
          "Microsoft-HTTPAPI/2.0"
        ],
        "x-ms-client-request-id": "Sanitized",
        "x-ms-file-attributes": "Directory",
        "x-ms-file-change-time": "2024-10-18T19:44:57.7294611Z",
        "x-ms-file-creation-time": "2024-10-18T19:44:57.7294611Z",
        "x-ms-file-id": "12682206919419494400",
        "x-ms-file-last-write-time": "2024-10-18T19:44:57.7294611Z",
        "x-ms-file-parent-id": "13835128424026341376",
        "x-ms-file-permission-key": "1597566016123626978*9146977694084461163",
        "x-ms-request-id": "f20e3d68-001a-009d-3896-212878000000",
        "x-ms-request-server-encrypted": "true",
        "x-ms-version": "2025-01-05"
      },
      "ResponseBody": null
    },
    {
      "RequestUri": "https://jalauzonnettest.file.core.windows.net/test-share-882f4861-73cf-fc57-a9e9-80a2c40c1f87/sourceFolder/pik/test-file-de01fbbf-6361-ab76-71fd-da3d4350b567?sv=Sanitized&ss=f&srt=sco&se=2024-10-19T19%3A44%3A57Z&sp=rwdxylacuptfi&sig=Sanitized",
      "RequestMethod": "PUT",
      "RequestHeaders": {
        "Accept": "application/xml",
        "Content-Length": "0",
        "traceparent": "00-5c4a8470018feec0c07104d846acd0f7-edbce605fad298b2-00",
        "User-Agent": "azsdk-net-Storage.Files.Shares/12.21.0-alpha.20241018.1 (.NET 8.0.10; Microsoft Windows 10.0.22631)",
        "x-ms-cache-control": "no-cache",
        "x-ms-client-request-id": "Sanitized",
        "x-ms-content-disposition": "inline",
        "x-ms-content-language": "en-US,en-CA",
        "x-ms-content-length": "1024",
        "x-ms-file-attributes": "None",
        "x-ms-file-change-time": "2024-04-01T13:30:03.0000000Z",
        "x-ms-file-creation-time": "2024-04-01T09:05:55.0000000Z",
        "x-ms-file-last-write-time": "2024-04-01T12:16:06.0000000Z",
        "x-ms-file-permission": "Inherit",
        "x-ms-meta-Capital": "letter",
        "x-ms-meta-foo": "bar",
        "x-ms-meta-meta": "data",
        "x-ms-meta-UPPER": "case",
        "x-ms-return-client-request-id": "true",
        "x-ms-type": "file",
        "x-ms-version": "2025-01-05"
      },
      "RequestBody": null,
      "StatusCode": 201,
      "ResponseHeaders": {
        "Content-Length": "0",
        "Date": "Fri, 18 Oct 2024 19:44:57 GMT",
        "ETag": "\"0x8DCEFAD58C9BBF6\"",
        "Last-Modified": "Fri, 18 Oct 2024 19:44:57 GMT",
        "Server": [
          "Windows-Azure-File/1.0",
          "Microsoft-HTTPAPI/2.0"
        ],
        "x-ms-client-request-id": "Sanitized",
        "x-ms-file-attributes": "Archive",
        "x-ms-file-change-time": "2024-04-01T13:30:03.0000000Z",
        "x-ms-file-creation-time": "2024-04-01T09:05:55.0000000Z",
        "x-ms-file-id": "17293892937846882304",
        "x-ms-file-last-write-time": "2024-04-01T12:16:06.0000000Z",
        "x-ms-file-parent-id": "12682206919419494400",
        "x-ms-file-permission-key": "15442983316638046949*9146977694084461163",
        "x-ms-request-id": "f20e3d69-001a-009d-3996-212878000000",
        "x-ms-request-server-encrypted": "true",
        "x-ms-version": "2025-01-05"
      },
      "ResponseBody": null
    },
    {
      "RequestUri": "https://jalauzonnettest.file.core.windows.net/test-share-90debdd2-1ac3-f8a0-2289-7428c0a258c5/destFolder?restype=directory",
      "RequestMethod": "PUT",
      "RequestHeaders": {
        "Accept": "application/xml",
        "Authorization": "Sanitized",
        "Content-Length": "0",
        "traceparent": "00-41c4b883bfed4cef1d491ebfd0774b07-01a34b06324a95ca-00",
        "User-Agent": "azsdk-net-Storage.Files.Shares/12.21.0-alpha.20241018.1 (.NET 8.0.10; Microsoft Windows 10.0.22631)",
        "x-ms-client-request-id": "Sanitized",
        "x-ms-date": "Fri, 18 Oct 2024 19:44:57 GMT",
        "x-ms-file-attributes": "None",
        "x-ms-file-creation-time": "Now",
        "x-ms-file-last-write-time": "Now",
        "x-ms-file-permission": "Inherit",
        "x-ms-return-client-request-id": "true",
        "x-ms-version": "2025-01-05"
      },
      "RequestBody": null,
      "StatusCode": 201,
      "ResponseHeaders": {
        "Content-Length": "0",
        "Date": "Fri, 18 Oct 2024 19:44:57 GMT",
        "ETag": "\"0x8DCEFAD58D134EF\"",
        "Last-Modified": "Fri, 18 Oct 2024 19:44:57 GMT",
        "Server": [
          "Windows-Azure-File/1.0",
          "Microsoft-HTTPAPI/2.0"
        ],
        "x-ms-client-request-id": "Sanitized",
        "x-ms-file-attributes": "Directory",
        "x-ms-file-change-time": "2024-10-18T19:44:57.8254063Z",
        "x-ms-file-creation-time": "2024-10-18T19:44:57.8254063Z",
        "x-ms-file-id": "13835128424026341376",
        "x-ms-file-last-write-time": "2024-10-18T19:44:57.8254063Z",
        "x-ms-file-parent-id": "0",
        "x-ms-file-permission-key": "1597566016123626978*9146977694084461163",
        "x-ms-request-id": "f20e3d6b-001a-009d-3b96-212878000000",
        "x-ms-request-server-encrypted": "true",
        "x-ms-version": "2025-01-05"
      },
      "ResponseBody": null
    },
    {
      "RequestUri": "https://jalauzonnettest.file.core.windows.net/test-share-882f4861-73cf-fc57-a9e9-80a2c40c1f87/sourceFolder?sv=Sanitized&ss=f&srt=sco&se=2024-10-19T19%3A44%3A57Z&sp=rwdxylacuptfi&sig=Sanitized&restype=directory&comp=list&include=Attributes",
      "RequestMethod": "GET",
      "RequestHeaders": {
        "Accept": "application/xml",
        "traceparent": "00-a07e74fdcbbb1c4e317d1d03f12b4944-086bf9fbaba27e71-00",
        "User-Agent": "azsdk-net-Storage.Files.Shares/12.21.0-alpha.20241018.1 (.NET 8.0.10; Microsoft Windows 10.0.22631)",
        "x-ms-client-request-id": "Sanitized",
        "x-ms-return-client-request-id": "true",
        "x-ms-version": "2025-01-05"
      },
      "RequestBody": null,
      "StatusCode": 200,
      "ResponseHeaders": {
        "Content-Type": "application/xml",
        "Date": "Fri, 18 Oct 2024 19:44:57 GMT",
        "Server": [
          "Windows-Azure-File/1.0",
          "Microsoft-HTTPAPI/2.0"
        ],
        "Transfer-Encoding": "chunked",
        "x-ms-client-request-id": "Sanitized",
        "x-ms-request-id": "f20e3d6c-001a-009d-3c96-212878000000",
        "x-ms-version": "2025-01-05"
      },
      "ResponseBody": "\uFEFF<?xml version=\"1.0\" encoding=\"utf-8\"?><EnumerationResults ServiceEndpoint=\"https://jalauzonnettest.file.core.windows.net/\" ShareName=\"test-share-882f4861-73cf-fc57-a9e9-80a2c40c1f87\" DirectoryPath=\"sourceFolder\"><DirectoryId>13835128424026341376</DirectoryId><Entries><Directory><Name>bar</Name><FileId>10376363910205800448</FileId><Properties /><Attributes>Directory</Attributes></Directory><Directory><Name>pik</Name><FileId>12682206919419494400</FileId><Properties /><Attributes>Directory</Attributes></Directory><File><Name>test-file-0e4d92ec-b7b9-605f-831a-35d7615e7349</Name><FileId>16140971433240035328</FileId><Properties><Content-Length>1024</Content-Length></Properties><Attributes>Archive</Attributes></File><File><Name>test-file-1a399af3-f5d3-3cdc-5bda-a4efb2b16ef9</Name><FileId>11529285414812647424</FileId><Properties><Content-Length>1024</Content-Length></Properties><Attributes>Archive</Attributes></File></Entries><NextMarker /></EnumerationResults>"
    },
    {
      "RequestUri": "https://jalauzonnettest.file.core.windows.net/test-share-90debdd2-1ac3-f8a0-2289-7428c0a258c5/destFolder/bar?restype=directory",
      "RequestMethod": "PUT",
      "RequestHeaders": {
        "Accept": "application/xml",
        "Authorization": "Sanitized",
        "Content-Length": "0",
        "traceparent": "00-6056d419ece9b73469c02914a8ef1fd2-b2cf17c620d3c240-00",
        "User-Agent": "azsdk-net-Storage.Files.Shares/12.21.0-alpha.20241018.1 (.NET 8.0.10; Microsoft Windows 10.0.22631)",
        "x-ms-client-request-id": "Sanitized",
        "x-ms-date": "Fri, 18 Oct 2024 19:44:57 GMT",
        "x-ms-file-attributes": "None",
        "x-ms-file-creation-time": "Now",
        "x-ms-file-last-write-time": "Now",
        "x-ms-file-permission": "Inherit",
        "x-ms-return-client-request-id": "true",
        "x-ms-version": "2025-01-05"
      },
      "RequestBody": null,
      "StatusCode": 201,
      "ResponseHeaders": {
        "Content-Length": "0",
        "Date": "Fri, 18 Oct 2024 19:44:57 GMT",
        "ETag": "\"0x8DCEFAD58E1AD48\"",
        "Last-Modified": "Fri, 18 Oct 2024 19:44:57 GMT",
        "Server": [
          "Windows-Azure-File/1.0",
          "Microsoft-HTTPAPI/2.0"
        ],
        "x-ms-client-request-id": "Sanitized",
        "x-ms-file-attributes": "Directory",
        "x-ms-file-change-time": "2024-10-18T19:44:57.9333448Z",
        "x-ms-file-creation-time": "2024-10-18T19:44:57.9333448Z",
        "x-ms-file-id": "11529285414812647424",
        "x-ms-file-last-write-time": "2024-10-18T19:44:57.9333448Z",
        "x-ms-file-parent-id": "13835128424026341376",
        "x-ms-file-permission-key": "1597566016123626978*9146977694084461163",
        "x-ms-request-id": "f20e3d6d-001a-009d-3d96-212878000000",
        "x-ms-request-server-encrypted": "true",
        "x-ms-version": "2025-01-05"
      },
      "ResponseBody": null
    },
    {
      "RequestUri": "https://jalauzonnettest.file.core.windows.net/test-share-90debdd2-1ac3-f8a0-2289-7428c0a258c5/destFolder/pik?restype=directory",
      "RequestMethod": "PUT",
      "RequestHeaders": {
        "Accept": "application/xml",
        "Authorization": "Sanitized",
        "Content-Length": "0",
        "traceparent": "00-a7ca35cc5f00c95749f2d99c712e789b-3a204bd1bbbc918f-00",
        "User-Agent": "azsdk-net-Storage.Files.Shares/12.21.0-alpha.20241018.1 (.NET 8.0.10; Microsoft Windows 10.0.22631)",
        "x-ms-client-request-id": "Sanitized",
        "x-ms-date": "Fri, 18 Oct 2024 19:44:57 GMT",
        "x-ms-file-attributes": "None",
        "x-ms-file-creation-time": "Now",
        "x-ms-file-last-write-time": "Now",
        "x-ms-file-permission": "Inherit",
        "x-ms-return-client-request-id": "true",
        "x-ms-version": "2025-01-05"
      },
      "RequestBody": null,
      "StatusCode": 201,
      "ResponseHeaders": {
        "Content-Length": "0",
        "Date": "Fri, 18 Oct 2024 19:44:57 GMT",
        "ETag": "\"0x8DCEFAD58E8D82C\"",
        "Last-Modified": "Fri, 18 Oct 2024 19:44:57 GMT",
        "Server": [
          "Windows-Azure-File/1.0",
          "Microsoft-HTTPAPI/2.0"
        ],
        "x-ms-client-request-id": "Sanitized",
        "x-ms-file-attributes": "Directory",
        "x-ms-file-change-time": "2024-10-18T19:44:57.9803180Z",
        "x-ms-file-creation-time": "2024-10-18T19:44:57.9803180Z",
        "x-ms-file-id": "16140971433240035328",
        "x-ms-file-last-write-time": "2024-10-18T19:44:57.9803180Z",
        "x-ms-file-parent-id": "13835128424026341376",
        "x-ms-file-permission-key": "1597566016123626978*9146977694084461163",
        "x-ms-request-id": "f20e3d6e-001a-009d-3e96-212878000000",
        "x-ms-request-server-encrypted": "true",
        "x-ms-version": "2025-01-05"
      },
      "ResponseBody": null
    },
    {
      "RequestUri": "https://jalauzonnettest.file.core.windows.net/test-share-882f4861-73cf-fc57-a9e9-80a2c40c1f87/sourceFolder/bar?sv=Sanitized&ss=f&srt=sco&se=2024-10-19T19%3A44%3A57Z&sp=rwdxylacuptfi&sig=Sanitized&restype=directory&comp=list&include=Attributes",
      "RequestMethod": "GET",
      "RequestHeaders": {
        "Accept": "application/xml",
        "traceparent": "00-b94fe1c934fb08ac2179da1b8dbdae2c-f7981bf40f3dd6af-00",
        "User-Agent": "azsdk-net-Storage.Files.Shares/12.21.0-alpha.20241018.1 (.NET 8.0.10; Microsoft Windows 10.0.22631)",
        "x-ms-client-request-id": "Sanitized",
        "x-ms-return-client-request-id": "true",
        "x-ms-version": "2025-01-05"
      },
      "RequestBody": null,
      "StatusCode": 200,
      "ResponseHeaders": {
        "Content-Type": "application/xml",
        "Date": "Fri, 18 Oct 2024 19:44:57 GMT",
        "Server": [
          "Windows-Azure-File/1.0",
          "Microsoft-HTTPAPI/2.0"
        ],
        "Transfer-Encoding": "chunked",
        "x-ms-client-request-id": "Sanitized",
        "x-ms-request-id": "f20e3d6f-001a-009d-3f96-212878000000",
        "x-ms-version": "2025-01-05"
      },
      "ResponseBody": "\uFEFF<?xml version=\"1.0\" encoding=\"utf-8\"?><EnumerationResults ServiceEndpoint=\"https://jalauzonnettest.file.core.windows.net/\" ShareName=\"test-share-882f4861-73cf-fc57-a9e9-80a2c40c1f87\" DirectoryPath=\"sourceFolder/bar\"><DirectoryId>10376363910205800448</DirectoryId><Entries><File><Name>test-file-6b0c1b8e-22fb-fe9c-d28c-e09730019faa</Name><FileId>14988049928633188352</FileId><Properties><Content-Length>1024</Content-Length></Properties><Attributes>Archive</Attributes></File></Entries><NextMarker /></EnumerationResults>"
    },
    {
      "RequestUri": "https://jalauzonnettest.file.core.windows.net/test-share-882f4861-73cf-fc57-a9e9-80a2c40c1f87/sourceFolder/test-file-1a399af3-f5d3-3cdc-5bda-a4efb2b16ef9?sv=Sanitized&ss=f&srt=sco&se=2024-10-19T19%3A44%3A57Z&sp=rwdxylacuptfi&sig=Sanitized",
      "RequestMethod": "HEAD",
      "RequestHeaders": {
        "Accept": "application/xml",
        "traceparent": "00-b31f92945ae75ec147ab6890e049a7d3-3e6ba604182e56da-00",
        "User-Agent": "azsdk-net-Storage.Files.Shares/12.21.0-alpha.20241018.1 (.NET 8.0.10; Microsoft Windows 10.0.22631)",
        "x-ms-client-request-id": "Sanitized",
        "x-ms-return-client-request-id": "true",
        "x-ms-version": "2025-01-05"
      },
      "RequestBody": null,
      "StatusCode": 200,
      "ResponseHeaders": {
        "Cache-Control": "no-cache",
        "Content-Disposition": "inline",
        "Content-Language": [
          "en-US",
          "en-CA"
        ],
        "Content-Length": "1024",
        "Content-Type": "application/octet-stream",
        "Date": "Fri, 18 Oct 2024 19:44:57 GMT",
        "ETag": "\"0x8DCEFAD58A59770\"",
        "Last-Modified": "Fri, 18 Oct 2024 19:44:57 GMT",
        "Server": [
          "Windows-Azure-File/1.0",
          "Microsoft-HTTPAPI/2.0"
        ],
        "x-ms-client-request-id": "Sanitized",
        "x-ms-file-attributes": "Archive",
        "x-ms-file-change-time": "2024-04-01T13:30:03.0000000Z",
        "x-ms-file-creation-time": "2024-04-01T09:05:55.0000000Z",
        "x-ms-file-id": "11529285414812647424",
        "x-ms-file-last-write-time": "2024-04-01T12:16:06.0000000Z",
        "x-ms-file-parent-id": "13835128424026341376",
        "x-ms-file-permission-key": "15442983316638046949*9146977694084461163",
        "x-ms-lease-state": "available",
        "x-ms-lease-status": "unlocked",
        "x-ms-meta-Capital": "letter",
        "x-ms-meta-foo": "bar",
        "x-ms-meta-meta": "data",
        "x-ms-meta-UPPER": "case",
        "x-ms-request-id": "006816cf-501a-005b-6396-21e3f9000000",
        "x-ms-server-encrypted": "true",
        "x-ms-type": "File",
        "x-ms-version": "2025-01-05"
      },
      "ResponseBody": null
    },
    {
      "RequestUri": "https://jalauzonnettest.file.core.windows.net/test-share-882f4861-73cf-fc57-a9e9-80a2c40c1f87/sourceFolder/test-file-0e4d92ec-b7b9-605f-831a-35d7615e7349?sv=Sanitized&ss=f&srt=sco&se=2024-10-19T19%3A44%3A57Z&sp=rwdxylacuptfi&sig=Sanitized",
      "RequestMethod": "HEAD",
      "RequestHeaders": {
        "Accept": "application/xml",
        "traceparent": "00-a6c7543ec54423d18242197698633f52-ad3aa7cd64fafe26-00",
        "User-Agent": "azsdk-net-Storage.Files.Shares/12.21.0-alpha.20241018.1 (.NET 8.0.10; Microsoft Windows 10.0.22631)",
        "x-ms-client-request-id": "Sanitized",
        "x-ms-return-client-request-id": "true",
        "x-ms-version": "2025-01-05"
      },
      "RequestBody": null,
      "StatusCode": 200,
      "ResponseHeaders": {
        "Cache-Control": "no-cache",
        "Content-Disposition": "inline",
        "Content-Language": [
          "en-US",
          "en-CA"
        ],
        "Content-Length": "1024",
        "Content-Type": "application/octet-stream",
        "Date": "Fri, 18 Oct 2024 19:44:57 GMT",
        "ETag": "\"0x8DCEFAD58AD106E\"",
        "Last-Modified": "Fri, 18 Oct 2024 19:44:57 GMT",
        "Server": [
          "Windows-Azure-File/1.0",
          "Microsoft-HTTPAPI/2.0"
        ],
        "x-ms-client-request-id": "Sanitized",
        "x-ms-file-attributes": "Archive",
        "x-ms-file-change-time": "2024-04-01T13:30:03.0000000Z",
        "x-ms-file-creation-time": "2024-04-01T09:05:55.0000000Z",
        "x-ms-file-id": "16140971433240035328",
        "x-ms-file-last-write-time": "2024-04-01T12:16:06.0000000Z",
        "x-ms-file-parent-id": "13835128424026341376",
        "x-ms-file-permission-key": "15442983316638046949*9146977694084461163",
        "x-ms-lease-state": "available",
        "x-ms-lease-status": "unlocked",
        "x-ms-meta-Capital": "letter",
        "x-ms-meta-foo": "bar",
        "x-ms-meta-meta": "data",
        "x-ms-meta-UPPER": "case",
        "x-ms-request-id": "d2c6bf6d-801a-0015-4c96-21cd71000000",
        "x-ms-server-encrypted": "true",
        "x-ms-type": "File",
        "x-ms-version": "2025-01-05"
      },
      "ResponseBody": null
    },
    {
      "RequestUri": "https://jalauzonnettest.file.core.windows.net/test-share-882f4861-73cf-fc57-a9e9-80a2c40c1f87/sourceFolder/pik?sv=Sanitized&ss=f&srt=sco&se=2024-10-19T19%3A44%3A57Z&sp=rwdxylacuptfi&sig=Sanitized&restype=directory&comp=list&include=Attributes",
      "RequestMethod": "GET",
      "RequestHeaders": {
        "Accept": "application/xml",
        "traceparent": "00-c318c9dc6fbbf055b1c63513900ae686-af72fd613c37b04a-00",
        "User-Agent": "azsdk-net-Storage.Files.Shares/12.21.0-alpha.20241018.1 (.NET 8.0.10; Microsoft Windows 10.0.22631)",
        "x-ms-client-request-id": "Sanitized",
        "x-ms-return-client-request-id": "true",
        "x-ms-version": "2025-01-05"
      },
      "RequestBody": null,
      "StatusCode": 200,
      "ResponseHeaders": {
        "Content-Type": "application/xml",
        "Date": "Fri, 18 Oct 2024 19:44:57 GMT",
        "Server": [
          "Windows-Azure-File/1.0",
          "Microsoft-HTTPAPI/2.0"
        ],
        "Transfer-Encoding": "chunked",
        "x-ms-client-request-id": "Sanitized",
        "x-ms-request-id": "f20e3d70-001a-009d-4096-212878000000",
        "x-ms-version": "2025-01-05"
      },
      "ResponseBody": "\uFEFF<?xml version=\"1.0\" encoding=\"utf-8\"?><EnumerationResults ServiceEndpoint=\"https://jalauzonnettest.file.core.windows.net/\" ShareName=\"test-share-882f4861-73cf-fc57-a9e9-80a2c40c1f87\" DirectoryPath=\"sourceFolder/pik\"><DirectoryId>12682206919419494400</DirectoryId><Entries><File><Name>test-file-de01fbbf-6361-ab76-71fd-da3d4350b567</Name><FileId>17293892937846882304</FileId><Properties><Content-Length>1024</Content-Length></Properties><Attributes>Archive</Attributes></File></Entries><NextMarker /></EnumerationResults>"
    },
    {
      "RequestUri": "https://jalauzonnettest.file.core.windows.net/test-share-882f4861-73cf-fc57-a9e9-80a2c40c1f87/sourceFolder/bar/test-file-6b0c1b8e-22fb-fe9c-d28c-e09730019faa?sv=Sanitized&ss=f&srt=sco&se=2024-10-19T19%3A44%3A57Z&sp=rwdxylacuptfi&sig=Sanitized",
      "RequestMethod": "HEAD",
      "RequestHeaders": {
        "Accept": "application/xml",
        "traceparent": "00-eb097606ab305e8c7f09fd32f597cb52-e2cdc87a1a438e14-00",
        "User-Agent": "azsdk-net-Storage.Files.Shares/12.21.0-alpha.20241018.1 (.NET 8.0.10; Microsoft Windows 10.0.22631)",
        "x-ms-client-request-id": "Sanitized",
        "x-ms-return-client-request-id": "true",
        "x-ms-version": "2025-01-05"
      },
      "RequestBody": null,
      "StatusCode": 200,
      "ResponseHeaders": {
        "Cache-Control": "no-cache",
        "Content-Disposition": "inline",
        "Content-Language": [
          "en-US",
          "en-CA"
        ],
        "Content-Length": "1024",
        "Content-Type": "application/octet-stream",
        "Date": "Fri, 18 Oct 2024 19:44:57 GMT",
        "ETag": "\"0x8DCEFAD58BB6633\"",
        "Last-Modified": "Fri, 18 Oct 2024 19:44:57 GMT",
        "Server": [
          "Windows-Azure-File/1.0",
          "Microsoft-HTTPAPI/2.0"
        ],
        "x-ms-client-request-id": "Sanitized",
        "x-ms-file-attributes": "Archive",
        "x-ms-file-change-time": "2024-04-01T13:30:03.0000000Z",
        "x-ms-file-creation-time": "2024-04-01T09:05:55.0000000Z",
        "x-ms-file-id": "14988049928633188352",
        "x-ms-file-last-write-time": "2024-04-01T12:16:06.0000000Z",
        "x-ms-file-parent-id": "10376363910205800448",
        "x-ms-file-permission-key": "15442983316638046949*9146977694084461163",
        "x-ms-lease-state": "available",
        "x-ms-lease-status": "unlocked",
        "x-ms-meta-Capital": "letter",
        "x-ms-meta-foo": "bar",
        "x-ms-meta-meta": "data",
        "x-ms-meta-UPPER": "case",
        "x-ms-request-id": "d2c6bf6f-801a-0015-4d96-21cd71000000",
        "x-ms-server-encrypted": "true",
        "x-ms-type": "File",
        "x-ms-version": "2025-01-05"
      },
      "ResponseBody": null
    },
    {
      "RequestUri": "https://jalauzonnettest.file.core.windows.net/test-share-882f4861-73cf-fc57-a9e9-80a2c40c1f87/sourceFolder/test-file-1a399af3-f5d3-3cdc-5bda-a4efb2b16ef9?sv=Sanitized&ss=f&srt=sco&se=2024-10-19T19%3A44%3A57Z&sp=rwdxylacuptfi&sig=Sanitized",
      "RequestMethod": "HEAD",
      "RequestHeaders": {
        "Accept": "application/xml",
        "traceparent": "00-839a7170b782943378b6653bcc9520af-efa4f62be6c9ff77-00",
        "User-Agent": "azsdk-net-Storage.Files.Shares/12.21.0-alpha.20241018.1 (.NET 8.0.10; Microsoft Windows 10.0.22631)",
        "x-ms-client-request-id": "Sanitized",
        "x-ms-return-client-request-id": "true",
        "x-ms-version": "2025-01-05"
      },
      "RequestBody": null,
      "StatusCode": 200,
      "ResponseHeaders": {
        "Cache-Control": "no-cache",
        "Content-Disposition": "inline",
        "Content-Language": [
          "en-US",
          "en-CA"
        ],
        "Content-Length": "1024",
        "Content-Type": "application/octet-stream",
        "Date": "Fri, 18 Oct 2024 19:44:57 GMT",
        "ETag": "\"0x8DCEFAD58A59770\"",
        "Last-Modified": "Fri, 18 Oct 2024 19:44:57 GMT",
        "Server": [
          "Windows-Azure-File/1.0",
          "Microsoft-HTTPAPI/2.0"
        ],
        "x-ms-client-request-id": "Sanitized",
        "x-ms-file-attributes": "Archive",
        "x-ms-file-change-time": "2024-04-01T13:30:03.0000000Z",
        "x-ms-file-creation-time": "2024-04-01T09:05:55.0000000Z",
        "x-ms-file-id": "11529285414812647424",
        "x-ms-file-last-write-time": "2024-04-01T12:16:06.0000000Z",
        "x-ms-file-parent-id": "13835128424026341376",
        "x-ms-file-permission-key": "15442983316638046949*9146977694084461163",
        "x-ms-lease-state": "available",
        "x-ms-lease-status": "unlocked",
        "x-ms-meta-Capital": "letter",
        "x-ms-meta-foo": "bar",
        "x-ms-meta-meta": "data",
        "x-ms-meta-UPPER": "case",
        "x-ms-request-id": "006816d2-501a-005b-6596-21e3f9000000",
        "x-ms-server-encrypted": "true",
        "x-ms-type": "File",
        "x-ms-version": "2025-01-05"
      },
      "ResponseBody": null
    },
    {
      "RequestUri": "https://jalauzonnettest.file.core.windows.net/test-share-882f4861-73cf-fc57-a9e9-80a2c40c1f87/sourceFolder/test-file-0e4d92ec-b7b9-605f-831a-35d7615e7349?sv=Sanitized&ss=f&srt=sco&se=2024-10-19T19%3A44%3A57Z&sp=rwdxylacuptfi&sig=Sanitized",
      "RequestMethod": "HEAD",
      "RequestHeaders": {
        "Accept": "application/xml",
        "traceparent": "00-9f9cc52c08380a7850c0a1a6f11f917e-1d71ef5d22605220-00",
        "User-Agent": "azsdk-net-Storage.Files.Shares/12.21.0-alpha.20241018.1 (.NET 8.0.10; Microsoft Windows 10.0.22631)",
        "x-ms-client-request-id": "Sanitized",
        "x-ms-return-client-request-id": "true",
        "x-ms-version": "2025-01-05"
      },
      "RequestBody": null,
      "StatusCode": 200,
      "ResponseHeaders": {
        "Cache-Control": "no-cache",
        "Content-Disposition": "inline",
        "Content-Language": [
          "en-US",
          "en-CA"
        ],
        "Content-Length": "1024",
        "Content-Type": "application/octet-stream",
        "Date": "Fri, 18 Oct 2024 19:44:57 GMT",
        "ETag": "\"0x8DCEFAD58AD106E\"",
        "Last-Modified": "Fri, 18 Oct 2024 19:44:57 GMT",
        "Server": [
          "Windows-Azure-File/1.0",
          "Microsoft-HTTPAPI/2.0"
        ],
        "x-ms-client-request-id": "Sanitized",
        "x-ms-file-attributes": "Archive",
        "x-ms-file-change-time": "2024-04-01T13:30:03.0000000Z",
        "x-ms-file-creation-time": "2024-04-01T09:05:55.0000000Z",
        "x-ms-file-id": "16140971433240035328",
        "x-ms-file-last-write-time": "2024-04-01T12:16:06.0000000Z",
        "x-ms-file-parent-id": "13835128424026341376",
        "x-ms-file-permission-key": "15442983316638046949*9146977694084461163",
        "x-ms-lease-state": "available",
        "x-ms-lease-status": "unlocked",
        "x-ms-meta-Capital": "letter",
        "x-ms-meta-foo": "bar",
        "x-ms-meta-meta": "data",
        "x-ms-meta-UPPER": "case",
        "x-ms-request-id": "76076f0e-201a-006e-6796-218fed000000",
        "x-ms-server-encrypted": "true",
        "x-ms-type": "File",
        "x-ms-version": "2025-01-05"
      },
      "ResponseBody": null
    },
    {
      "RequestUri": "https://jalauzonnettest.file.core.windows.net/test-share-90debdd2-1ac3-f8a0-2289-7428c0a258c5/destFolder/test-file-1a399af3-f5d3-3cdc-5bda-a4efb2b16ef9",
      "RequestMethod": "HEAD",
      "RequestHeaders": {
        "Accept": "application/xml",
        "Authorization": "Sanitized",
        "traceparent": "00-c6fe9877f46cd66fdaea10d21565670a-08a038afa08b533e-00",
        "User-Agent": "azsdk-net-Storage.Files.Shares/12.21.0-alpha.20241018.1 (.NET 8.0.10; Microsoft Windows 10.0.22631)",
        "x-ms-client-request-id": "Sanitized",
        "x-ms-date": "Fri, 18 Oct 2024 19:44:58 GMT",
        "x-ms-return-client-request-id": "true",
        "x-ms-version": "2025-01-05"
      },
      "RequestBody": null,
      "StatusCode": 404,
      "ResponseHeaders": {
        "Date": "Fri, 18 Oct 2024 19:44:57 GMT",
        "Server": [
          "Windows-Azure-File/1.0",
          "Microsoft-HTTPAPI/2.0"
        ],
        "Transfer-Encoding": "chunked",
        "x-ms-client-request-id": "Sanitized",
        "x-ms-error-code": "ResourceNotFound",
        "x-ms-request-id": "d2c6bf70-801a-0015-4e96-21cd71000000",
        "x-ms-version": "2025-01-05"
      },
      "ResponseBody": null
    },
    {
      "RequestUri": "https://jalauzonnettest.file.core.windows.net/test-share-882f4861-73cf-fc57-a9e9-80a2c40c1f87/sourceFolder/pik/test-file-de01fbbf-6361-ab76-71fd-da3d4350b567?sv=Sanitized&ss=f&srt=sco&se=2024-10-19T19%3A44%3A57Z&sp=rwdxylacuptfi&sig=Sanitized",
      "RequestMethod": "HEAD",
      "RequestHeaders": {
        "Accept": "application/xml",
        "traceparent": "00-367eb6e7f82642b965f13735504053ba-31be9aa819e7d247-00",
        "User-Agent": "azsdk-net-Storage.Files.Shares/12.21.0-alpha.20241018.1 (.NET 8.0.10; Microsoft Windows 10.0.22631)",
        "x-ms-client-request-id": "Sanitized",
        "x-ms-return-client-request-id": "true",
        "x-ms-version": "2025-01-05"
      },
      "RequestBody": null,
      "StatusCode": 200,
      "ResponseHeaders": {
        "Cache-Control": "no-cache",
        "Content-Disposition": "inline",
        "Content-Language": [
          "en-US",
          "en-CA"
        ],
        "Content-Length": "1024",
        "Content-Type": "application/octet-stream",
        "Date": "Fri, 18 Oct 2024 19:44:57 GMT",
        "ETag": "\"0x8DCEFAD58C9BBF6\"",
        "Last-Modified": "Fri, 18 Oct 2024 19:44:57 GMT",
        "Server": [
          "Windows-Azure-File/1.0",
          "Microsoft-HTTPAPI/2.0"
        ],
        "x-ms-client-request-id": "Sanitized",
        "x-ms-file-attributes": "Archive",
        "x-ms-file-change-time": "2024-04-01T13:30:03.0000000Z",
        "x-ms-file-creation-time": "2024-04-01T09:05:55.0000000Z",
        "x-ms-file-id": "17293892937846882304",
        "x-ms-file-last-write-time": "2024-04-01T12:16:06.0000000Z",
        "x-ms-file-parent-id": "12682206919419494400",
        "x-ms-file-permission-key": "15442983316638046949*9146977694084461163",
        "x-ms-lease-state": "available",
        "x-ms-lease-status": "unlocked",
        "x-ms-meta-Capital": "letter",
        "x-ms-meta-foo": "bar",
        "x-ms-meta-meta": "data",
        "x-ms-meta-UPPER": "case",
        "x-ms-request-id": "006816d3-501a-005b-6696-21e3f9000000",
        "x-ms-server-encrypted": "true",
        "x-ms-type": "File",
        "x-ms-version": "2025-01-05"
      },
      "ResponseBody": null
    },
    {
      "RequestUri": "https://jalauzonnettest.file.core.windows.net/test-share-882f4861-73cf-fc57-a9e9-80a2c40c1f87/sourceFolder/bar/test-file-6b0c1b8e-22fb-fe9c-d28c-e09730019faa?sv=Sanitized&ss=f&srt=sco&se=2024-10-19T19%3A44%3A57Z&sp=rwdxylacuptfi&sig=Sanitized",
      "RequestMethod": "HEAD",
      "RequestHeaders": {
        "Accept": "application/xml",
        "traceparent": "00-4d0df5819a1ae2767c4e81cf6fc00169-98edabefbbc32248-00",
        "User-Agent": "azsdk-net-Storage.Files.Shares/12.21.0-alpha.20241018.1 (.NET 8.0.10; Microsoft Windows 10.0.22631)",
        "x-ms-client-request-id": "Sanitized",
        "x-ms-return-client-request-id": "true",
        "x-ms-version": "2025-01-05"
      },
      "RequestBody": null,
      "StatusCode": 200,
      "ResponseHeaders": {
        "Cache-Control": "no-cache",
        "Content-Disposition": "inline",
        "Content-Language": [
          "en-US",
          "en-CA"
        ],
        "Content-Length": "1024",
        "Content-Type": "application/octet-stream",
        "Date": "Fri, 18 Oct 2024 19:44:58 GMT",
        "ETag": "\"0x8DCEFAD58BB6633\"",
        "Last-Modified": "Fri, 18 Oct 2024 19:44:57 GMT",
        "Server": [
          "Windows-Azure-File/1.0",
          "Microsoft-HTTPAPI/2.0"
        ],
        "x-ms-client-request-id": "Sanitized",
        "x-ms-file-attributes": "Archive",
        "x-ms-file-change-time": "2024-04-01T13:30:03.0000000Z",
        "x-ms-file-creation-time": "2024-04-01T09:05:55.0000000Z",
        "x-ms-file-id": "14988049928633188352",
        "x-ms-file-last-write-time": "2024-04-01T12:16:06.0000000Z",
        "x-ms-file-parent-id": "10376363910205800448",
        "x-ms-file-permission-key": "15442983316638046949*9146977694084461163",
        "x-ms-lease-state": "available",
        "x-ms-lease-status": "unlocked",
        "x-ms-meta-Capital": "letter",
        "x-ms-meta-foo": "bar",
        "x-ms-meta-meta": "data",
        "x-ms-meta-UPPER": "case",
        "x-ms-request-id": "76076f12-201a-006e-6996-218fed000000",
        "x-ms-server-encrypted": "true",
        "x-ms-type": "File",
        "x-ms-version": "2025-01-05"
      },
      "ResponseBody": null
    },
    {
      "RequestUri": "https://jalauzonnettest.file.core.windows.net/test-share-90debdd2-1ac3-f8a0-2289-7428c0a258c5/destFolder/test-file-0e4d92ec-b7b9-605f-831a-35d7615e7349",
      "RequestMethod": "HEAD",
      "RequestHeaders": {
        "Accept": "application/xml",
        "Authorization": "Sanitized",
        "traceparent": "00-a723f477061b29958a47a99538013bed-4d863bbf302ac165-00",
        "User-Agent": "azsdk-net-Storage.Files.Shares/12.21.0-alpha.20241018.1 (.NET 8.0.10; Microsoft Windows 10.0.22631)",
        "x-ms-client-request-id": "Sanitized",
        "x-ms-date": "Fri, 18 Oct 2024 19:44:58 GMT",
        "x-ms-return-client-request-id": "true",
        "x-ms-version": "2025-01-05"
      },
      "RequestBody": null,
      "StatusCode": 404,
      "ResponseHeaders": {
        "Date": "Fri, 18 Oct 2024 19:44:57 GMT",
        "Server": [
          "Windows-Azure-File/1.0",
          "Microsoft-HTTPAPI/2.0"
        ],
        "Transfer-Encoding": "chunked",
        "x-ms-client-request-id": "Sanitized",
        "x-ms-error-code": "ResourceNotFound",
        "x-ms-request-id": "f20e3d71-001a-009d-4196-212878000000",
        "x-ms-version": "2025-01-05"
      },
      "ResponseBody": null
    },
    {
      "RequestUri": "https://jalauzonnettest.file.core.windows.net/test-share-882f4861-73cf-fc57-a9e9-80a2c40c1f87/sourceFolder/pik/test-file-de01fbbf-6361-ab76-71fd-da3d4350b567?sv=Sanitized&ss=f&srt=sco&se=2024-10-19T19%3A44%3A57Z&sp=rwdxylacuptfi&sig=Sanitized",
      "RequestMethod": "HEAD",
      "RequestHeaders": {
        "Accept": "application/xml",
        "traceparent": "00-5f66f63c62e2d6a78177fbaf388a7f96-9001f848dfe81fd7-00",
        "User-Agent": "azsdk-net-Storage.Files.Shares/12.21.0-alpha.20241018.1 (.NET 8.0.10; Microsoft Windows 10.0.22631)",
        "x-ms-client-request-id": "Sanitized",
        "x-ms-return-client-request-id": "true",
        "x-ms-version": "2025-01-05"
      },
      "RequestBody": null,
      "StatusCode": 200,
      "ResponseHeaders": {
        "Cache-Control": "no-cache",
        "Content-Disposition": "inline",
        "Content-Language": [
          "en-US",
          "en-CA"
        ],
        "Content-Length": "1024",
        "Content-Type": "application/octet-stream",
        "Date": "Fri, 18 Oct 2024 19:44:58 GMT",
        "ETag": "\"0x8DCEFAD58C9BBF6\"",
        "Last-Modified": "Fri, 18 Oct 2024 19:44:57 GMT",
        "Server": [
          "Windows-Azure-File/1.0",
          "Microsoft-HTTPAPI/2.0"
        ],
        "x-ms-client-request-id": "Sanitized",
        "x-ms-file-attributes": "Archive",
        "x-ms-file-change-time": "2024-04-01T13:30:03.0000000Z",
        "x-ms-file-creation-time": "2024-04-01T09:05:55.0000000Z",
        "x-ms-file-id": "17293892937846882304",
        "x-ms-file-last-write-time": "2024-04-01T12:16:06.0000000Z",
        "x-ms-file-parent-id": "12682206919419494400",
        "x-ms-file-permission-key": "15442983316638046949*9146977694084461163",
        "x-ms-lease-state": "available",
        "x-ms-lease-status": "unlocked",
        "x-ms-meta-Capital": "letter",
        "x-ms-meta-foo": "bar",
        "x-ms-meta-meta": "data",
        "x-ms-meta-UPPER": "case",
        "x-ms-request-id": "76076f16-201a-006e-6b96-218fed000000",
        "x-ms-server-encrypted": "true",
        "x-ms-type": "File",
        "x-ms-version": "2025-01-05"
      },
      "ResponseBody": null
    },
    {
      "RequestUri": "https://jalauzonnettest.file.core.windows.net/test-share-90debdd2-1ac3-f8a0-2289-7428c0a258c5/destFolder/bar/test-file-6b0c1b8e-22fb-fe9c-d28c-e09730019faa",
      "RequestMethod": "HEAD",
      "RequestHeaders": {
        "Accept": "application/xml",
        "Authorization": "Sanitized",
        "traceparent": "00-7d0c774f1dcddad9fd4d201435fad0d4-329bb33329d863c3-00",
        "User-Agent": "azsdk-net-Storage.Files.Shares/12.21.0-alpha.20241018.1 (.NET 8.0.10; Microsoft Windows 10.0.22631)",
        "x-ms-client-request-id": "Sanitized",
        "x-ms-date": "Fri, 18 Oct 2024 19:44:58 GMT",
        "x-ms-return-client-request-id": "true",
        "x-ms-version": "2025-01-05"
      },
      "RequestBody": null,
      "StatusCode": 404,
      "ResponseHeaders": {
        "Date": "Fri, 18 Oct 2024 19:44:57 GMT",
        "Server": [
          "Windows-Azure-File/1.0",
          "Microsoft-HTTPAPI/2.0"
        ],
        "Transfer-Encoding": "chunked",
        "x-ms-client-request-id": "Sanitized",
        "x-ms-error-code": "ResourceNotFound",
        "x-ms-request-id": "f20e3d74-001a-009d-4396-212878000000",
        "x-ms-version": "2025-01-05"
      },
      "ResponseBody": null
    },
    {
      "RequestUri": "https://jalauzonnettest.file.core.windows.net/test-share-90debdd2-1ac3-f8a0-2289-7428c0a258c5/destFolder/test-file-1a399af3-f5d3-3cdc-5bda-a4efb2b16ef9",
      "RequestMethod": "PUT",
      "RequestHeaders": {
        "Accept": "application/xml",
        "Authorization": "Sanitized",
        "Content-Length": "0",
        "traceparent": "00-a87b95313d91aa72542cd2174aedbc25-e0e0d024467c96cf-00",
        "User-Agent": "azsdk-net-Storage.Files.Shares/12.21.0-alpha.20241018.1 (.NET 8.0.10; Microsoft Windows 10.0.22631)",
        "x-ms-cache-control": "no-cache",
        "x-ms-client-request-id": "Sanitized",
        "x-ms-content-disposition": "inline",
        "x-ms-content-language": "en-US,en-CA",
        "x-ms-content-length": "1024",
        "x-ms-content-type": "application/octet-stream",
        "x-ms-date": "Fri, 18 Oct 2024 19:44:58 GMT",
        "x-ms-file-attributes": "Archive",
        "x-ms-file-change-time": "2024-04-01T13:30:03.0000000Z",
        "x-ms-file-creation-time": "2024-04-01T09:05:55.0000000Z",
        "x-ms-file-last-write-time": "2024-04-01T12:16:06.0000000Z",
        "x-ms-file-permission-key": "",
        "x-ms-meta-Capital": "letter",
        "x-ms-meta-foo": "bar",
        "x-ms-meta-meta": "data",
        "x-ms-meta-UPPER": "case",
        "x-ms-return-client-request-id": "true",
        "x-ms-type": "file",
        "x-ms-version": "2025-01-05"
      },
      "RequestBody": null,
      "StatusCode": 201,
      "ResponseHeaders": {
        "Content-Length": "0",
        "Date": "Fri, 18 Oct 2024 19:44:57 GMT",
        "ETag": "\"0x8DCEFAD59089085\"",
        "Last-Modified": "Fri, 18 Oct 2024 19:44:58 GMT",
        "Server": [
          "Windows-Azure-File/1.0",
          "Microsoft-HTTPAPI/2.0"
        ],
        "x-ms-client-request-id": "Sanitized",
        "x-ms-file-attributes": "Archive",
        "x-ms-file-change-time": "2024-04-01T13:30:03.0000000Z",
        "x-ms-file-creation-time": "2024-04-01T09:05:55.0000000Z",
        "x-ms-file-id": "13835093239654252544",
        "x-ms-file-last-write-time": "2024-04-01T12:16:06.0000000Z",
        "x-ms-file-parent-id": "13835128424026341376",
        "x-ms-file-permission-key": "15442983316638046949*9146977694084461163",
        "x-ms-request-id": "006816d5-501a-005b-6796-21e3f9000000",
        "x-ms-request-server-encrypted": "true",
        "x-ms-version": "2025-01-05"
      },
      "ResponseBody": null
    },
    {
      "RequestUri": "https://jalauzonnettest.file.core.windows.net/test-share-90debdd2-1ac3-f8a0-2289-7428c0a258c5/destFolder/test-file-0e4d92ec-b7b9-605f-831a-35d7615e7349",
      "RequestMethod": "PUT",
      "RequestHeaders": {
        "Accept": "application/xml",
        "Authorization": "Sanitized",
        "Content-Length": "0",
        "traceparent": "00-4b5def2d337d2e48a872eb1ade801712-294112f72ea77218-00",
        "User-Agent": "azsdk-net-Storage.Files.Shares/12.21.0-alpha.20241018.1 (.NET 8.0.10; Microsoft Windows 10.0.22631)",
        "x-ms-cache-control": "no-cache",
        "x-ms-client-request-id": "Sanitized",
        "x-ms-content-disposition": "inline",
        "x-ms-content-language": "en-US,en-CA",
        "x-ms-content-length": "1024",
        "x-ms-content-type": "application/octet-stream",
        "x-ms-date": "Fri, 18 Oct 2024 19:44:58 GMT",
        "x-ms-file-attributes": "Archive",
        "x-ms-file-change-time": "2024-04-01T13:30:03.0000000Z",
        "x-ms-file-creation-time": "2024-04-01T09:05:55.0000000Z",
        "x-ms-file-last-write-time": "2024-04-01T12:16:06.0000000Z",
        "x-ms-file-permission-key": "",
        "x-ms-meta-Capital": "letter",
        "x-ms-meta-foo": "bar",
        "x-ms-meta-meta": "data",
        "x-ms-meta-UPPER": "case",
        "x-ms-return-client-request-id": "true",
        "x-ms-type": "file",
        "x-ms-version": "2025-01-05"
      },
      "RequestBody": null,
      "StatusCode": 201,
      "ResponseHeaders": {
        "Content-Length": "0",
        "Date": "Fri, 18 Oct 2024 19:44:58 GMT",
        "ETag": "\"0x8DCEFAD5909A1CE\"",
        "Last-Modified": "Fri, 18 Oct 2024 19:44:58 GMT",
        "Server": [
          "Windows-Azure-File/1.0",
          "Microsoft-HTTPAPI/2.0"
        ],
        "x-ms-client-request-id": "Sanitized",
        "x-ms-file-attributes": "Archive",
        "x-ms-file-change-time": "2024-04-01T13:30:03.0000000Z",
        "x-ms-file-creation-time": "2024-04-01T09:05:55.0000000Z",
        "x-ms-file-id": "13835163608398430208",
        "x-ms-file-last-write-time": "2024-04-01T12:16:06.0000000Z",
        "x-ms-file-parent-id": "13835128424026341376",
        "x-ms-file-permission-key": "15442983316638046949*9146977694084461163",
        "x-ms-request-id": "d2c6bf72-801a-0015-4f96-21cd71000000",
        "x-ms-request-server-encrypted": "true",
        "x-ms-version": "2025-01-05"
      },
      "ResponseBody": null
    },
    {
      "RequestUri": "https://jalauzonnettest.file.core.windows.net/test-share-90debdd2-1ac3-f8a0-2289-7428c0a258c5/destFolder/pik/test-file-de01fbbf-6361-ab76-71fd-da3d4350b567",
      "RequestMethod": "HEAD",
      "RequestHeaders": {
        "Accept": "application/xml",
        "Authorization": "Sanitized",
        "traceparent": "00-3737fd217dc4b3eb292861061600f07f-95348597c093f9ea-00",
        "User-Agent": "azsdk-net-Storage.Files.Shares/12.21.0-alpha.20241018.1 (.NET 8.0.10; Microsoft Windows 10.0.22631)",
        "x-ms-client-request-id": "Sanitized",
        "x-ms-date": "Fri, 18 Oct 2024 19:44:58 GMT",
        "x-ms-return-client-request-id": "true",
        "x-ms-version": "2025-01-05"
      },
      "RequestBody": null,
      "StatusCode": 404,
      "ResponseHeaders": {
        "Date": "Fri, 18 Oct 2024 19:44:57 GMT",
        "Server": [
          "Windows-Azure-File/1.0",
          "Microsoft-HTTPAPI/2.0"
        ],
        "Transfer-Encoding": "chunked",
        "x-ms-client-request-id": "Sanitized",
        "x-ms-error-code": "ResourceNotFound",
        "x-ms-request-id": "f20e3d77-001a-009d-4496-212878000000",
        "x-ms-version": "2025-01-05"
      },
      "ResponseBody": null
    },
    {
      "RequestUri": "https://jalauzonnettest.file.core.windows.net/test-share-90debdd2-1ac3-f8a0-2289-7428c0a258c5/destFolder/bar/test-file-6b0c1b8e-22fb-fe9c-d28c-e09730019faa",
      "RequestMethod": "PUT",
      "RequestHeaders": {
        "Accept": "application/xml",
        "Authorization": "Sanitized",
        "Content-Length": "0",
        "traceparent": "00-067a347041c76e766df499ebff7bbbcc-a0455a4da1586a7e-00",
        "User-Agent": "azsdk-net-Storage.Files.Shares/12.21.0-alpha.20241018.1 (.NET 8.0.10; Microsoft Windows 10.0.22631)",
        "x-ms-cache-control": "no-cache",
        "x-ms-client-request-id": "Sanitized",
        "x-ms-content-disposition": "inline",
        "x-ms-content-language": "en-US,en-CA",
        "x-ms-content-length": "1024",
        "x-ms-content-type": "application/octet-stream",
        "x-ms-date": "Fri, 18 Oct 2024 19:44:58 GMT",
        "x-ms-file-attributes": "Archive",
        "x-ms-file-change-time": "2024-04-01T13:30:03.0000000Z",
        "x-ms-file-creation-time": "2024-04-01T09:05:55.0000000Z",
        "x-ms-file-last-write-time": "2024-04-01T12:16:06.0000000Z",
        "x-ms-file-permission-key": "",
        "x-ms-meta-Capital": "letter",
        "x-ms-meta-foo": "bar",
        "x-ms-meta-meta": "data",
        "x-ms-meta-UPPER": "case",
        "x-ms-return-client-request-id": "true",
        "x-ms-type": "file",
        "x-ms-version": "2025-01-05"
      },
      "RequestBody": null,
      "StatusCode": 201,
      "ResponseHeaders": {
        "Content-Length": "0",
        "Date": "Fri, 18 Oct 2024 19:44:58 GMT",
        "ETag": "\"0x8DCEFAD590FE273\"",
        "Last-Modified": "Fri, 18 Oct 2024 19:44:58 GMT",
        "Server": [
          "Windows-Azure-File/1.0",
          "Microsoft-HTTPAPI/2.0"
        ],
        "x-ms-client-request-id": "Sanitized",
        "x-ms-file-attributes": "Archive",
        "x-ms-file-change-time": "2024-04-01T13:30:03.0000000Z",
        "x-ms-file-creation-time": "2024-04-01T09:05:55.0000000Z",
        "x-ms-file-id": "13835075647468208128",
        "x-ms-file-last-write-time": "2024-04-01T12:16:06.0000000Z",
        "x-ms-file-parent-id": "11529285414812647424",
        "x-ms-file-permission-key": "15442983316638046949*9146977694084461163",
        "x-ms-request-id": "76076f1c-201a-006e-6c96-218fed000000",
        "x-ms-request-server-encrypted": "true",
        "x-ms-version": "2025-01-05"
      },
      "ResponseBody": null
    },
    {
      "RequestUri": "https://jalauzonnettest.file.core.windows.net/test-share-90debdd2-1ac3-f8a0-2289-7428c0a258c5/destFolder/test-file-0e4d92ec-b7b9-605f-831a-35d7615e7349?comp=range",
      "RequestMethod": "PUT",
      "RequestHeaders": {
        "Accept": "application/xml",
        "Authorization": "Sanitized",
        "Content-Length": "0",
        "traceparent": "00-2fff7f6999f23a9af41fc12063f89e06-03d2c9eb766e1c07-00",
        "User-Agent": "azsdk-net-Storage.Files.Shares/12.21.0-alpha.20241018.1 (.NET 8.0.10; Microsoft Windows 10.0.22631)",
        "x-ms-client-request-id": "Sanitized",
        "x-ms-copy-source": "https://jalauzonnettest.file.core.windows.net/test-share-882f4861-73cf-fc57-a9e9-80a2c40c1f87/sourceFolder/test-file-0e4d92ec-b7b9-605f-831a-35d7615e7349?sv=sanitized-value&ss=f&srt=sco&se=2024-10-19T19%3A44%3A57Z&sp=rwdxylacuptfi&sig=Sanitized",
        "x-ms-date": "Fri, 18 Oct 2024 19:44:58 GMT",
        "x-ms-file-last-write-time": "Preserve",
        "x-ms-range": "bytes=0-1023",
        "x-ms-return-client-request-id": "true",
        "x-ms-source-range": "bytes=0-1023",
        "x-ms-version": "2025-01-05",
        "x-ms-write": "update"
      },
      "RequestBody": null,
      "StatusCode": 201,
      "ResponseHeaders": {
        "Content-Length": "0",
        "Date": "Fri, 18 Oct 2024 19:44:58 GMT",
        "ETag": "\"0x8DCEFAD591141D0\"",
        "Last-Modified": "Fri, 18 Oct 2024 19:44:58 GMT",
        "Server": [
          "Windows-Azure-File/1.0",
          "Microsoft-HTTPAPI/2.0"
        ],
        "x-ms-client-request-id": "Sanitized",
        "x-ms-content-crc64": "iknlm7CyG2k=",
        "x-ms-file-last-write-time": "2024-04-01T12:16:06.0000000Z",
        "x-ms-request-id": "d2c6bf73-801a-0015-5096-21cd71000000",
        "x-ms-request-server-encrypted": "true",
        "x-ms-version": "2025-01-05"
      },
      "ResponseBody": null
    },
    {
      "RequestUri": "https://jalauzonnettest.file.core.windows.net/test-share-90debdd2-1ac3-f8a0-2289-7428c0a258c5/destFolder/test-file-1a399af3-f5d3-3cdc-5bda-a4efb2b16ef9?comp=range",
      "RequestMethod": "PUT",
      "RequestHeaders": {
        "Accept": "application/xml",
        "Authorization": "Sanitized",
        "Content-Length": "0",
        "traceparent": "00-e205ff3878c1f0cbaab42868c1f44957-38eef50f2a65c34f-00",
        "User-Agent": "azsdk-net-Storage.Files.Shares/12.21.0-alpha.20241018.1 (.NET 8.0.10; Microsoft Windows 10.0.22631)",
        "x-ms-client-request-id": "Sanitized",
        "x-ms-copy-source": "https://jalauzonnettest.file.core.windows.net/test-share-882f4861-73cf-fc57-a9e9-80a2c40c1f87/sourceFolder/test-file-1a399af3-f5d3-3cdc-5bda-a4efb2b16ef9?sv=sanitized-value&ss=f&srt=sco&se=2024-10-19T19%3A44%3A57Z&sp=rwdxylacuptfi&sig=Sanitized",
        "x-ms-date": "Fri, 18 Oct 2024 19:44:58 GMT",
        "x-ms-file-last-write-time": "Preserve",
        "x-ms-range": "bytes=0-1023",
        "x-ms-return-client-request-id": "true",
        "x-ms-source-range": "bytes=0-1023",
        "x-ms-version": "2025-01-05",
        "x-ms-write": "update"
      },
      "RequestBody": null,
      "StatusCode": 201,
      "ResponseHeaders": {
        "Content-Length": "0",
        "Date": "Fri, 18 Oct 2024 19:44:57 GMT",
        "ETag": "\"0x8DCEFAD59111AC6\"",
        "Last-Modified": "Fri, 18 Oct 2024 19:44:58 GMT",
        "Server": [
          "Windows-Azure-File/1.0",
          "Microsoft-HTTPAPI/2.0"
        ],
        "x-ms-client-request-id": "Sanitized",
        "x-ms-content-crc64": "iknlm7CyG2k=",
        "x-ms-file-last-write-time": "2024-04-01T12:16:06.0000000Z",
        "x-ms-request-id": "006816d7-501a-005b-6896-21e3f9000000",
        "x-ms-request-server-encrypted": "true",
        "x-ms-version": "2025-01-05"
      },
      "ResponseBody": null
    },
    {
      "RequestUri": "https://jalauzonnettest.file.core.windows.net/test-share-90debdd2-1ac3-f8a0-2289-7428c0a258c5/destFolder/pik/test-file-de01fbbf-6361-ab76-71fd-da3d4350b567",
      "RequestMethod": "PUT",
      "RequestHeaders": {
        "Accept": "application/xml",
        "Authorization": "Sanitized",
        "Content-Length": "0",
        "traceparent": "00-82b53df095d682c509f0819005feee68-7a14361b2c2d8b04-00",
        "User-Agent": "azsdk-net-Storage.Files.Shares/12.21.0-alpha.20241018.1 (.NET 8.0.10; Microsoft Windows 10.0.22631)",
        "x-ms-cache-control": "no-cache",
        "x-ms-client-request-id": "Sanitized",
        "x-ms-content-disposition": "inline",
        "x-ms-content-language": "en-US,en-CA",
        "x-ms-content-length": "1024",
        "x-ms-content-type": "application/octet-stream",
        "x-ms-date": "Fri, 18 Oct 2024 19:44:58 GMT",
        "x-ms-file-attributes": "Archive",
        "x-ms-file-change-time": "2024-04-01T13:30:03.0000000Z",
        "x-ms-file-creation-time": "2024-04-01T09:05:55.0000000Z",
        "x-ms-file-last-write-time": "2024-04-01T12:16:06.0000000Z",
        "x-ms-file-permission-key": "",
        "x-ms-meta-Capital": "letter",
        "x-ms-meta-foo": "bar",
        "x-ms-meta-meta": "data",
        "x-ms-meta-UPPER": "case",
        "x-ms-return-client-request-id": "true",
        "x-ms-type": "file",
        "x-ms-version": "2025-01-05"
      },
      "RequestBody": null,
      "StatusCode": 201,
      "ResponseHeaders": {
        "Content-Length": "0",
        "Date": "Fri, 18 Oct 2024 19:44:57 GMT",
        "ETag": "\"0x8DCEFAD5915D503\"",
        "Last-Modified": "Fri, 18 Oct 2024 19:44:58 GMT",
        "Server": [
          "Windows-Azure-File/1.0",
          "Microsoft-HTTPAPI/2.0"
        ],
        "x-ms-client-request-id": "Sanitized",
        "x-ms-file-attributes": "Archive",
        "x-ms-file-change-time": "2024-04-01T13:30:03.0000000Z",
        "x-ms-file-creation-time": "2024-04-01T09:05:55.0000000Z",
        "x-ms-file-id": "10376363910205800448",
        "x-ms-file-last-write-time": "2024-04-01T12:16:06.0000000Z",
        "x-ms-file-parent-id": "16140971433240035328",
        "x-ms-file-permission-key": "15442983316638046949*9146977694084461163",
        "x-ms-request-id": "f20e3d78-001a-009d-4596-212878000000",
        "x-ms-request-server-encrypted": "true",
        "x-ms-version": "2025-01-05"
      },
      "ResponseBody": null
    },
    {
      "RequestUri": "https://jalauzonnettest.file.core.windows.net/test-share-90debdd2-1ac3-f8a0-2289-7428c0a258c5/destFolder/bar/test-file-6b0c1b8e-22fb-fe9c-d28c-e09730019faa?comp=range",
      "RequestMethod": "PUT",
      "RequestHeaders": {
        "Accept": "application/xml",
        "Authorization": "Sanitized",
        "Content-Length": "0",
        "traceparent": "00-29f6b8f427a83ed3e3a96361f3602241-35ef7484ccc4e8c0-00",
        "User-Agent": "azsdk-net-Storage.Files.Shares/12.21.0-alpha.20241018.1 (.NET 8.0.10; Microsoft Windows 10.0.22631)",
        "x-ms-client-request-id": "Sanitized",
        "x-ms-copy-source": "https://jalauzonnettest.file.core.windows.net/test-share-882f4861-73cf-fc57-a9e9-80a2c40c1f87/sourceFolder/bar/test-file-6b0c1b8e-22fb-fe9c-d28c-e09730019faa?sv=sanitized-value&ss=f&srt=sco&se=2024-10-19T19%3A44%3A57Z&sp=rwdxylacuptfi&sig=Sanitized",
        "x-ms-date": "Fri, 18 Oct 2024 19:44:58 GMT",
        "x-ms-file-last-write-time": "Preserve",
        "x-ms-range": "bytes=0-1023",
        "x-ms-return-client-request-id": "true",
        "x-ms-source-range": "bytes=0-1023",
        "x-ms-version": "2025-01-05",
        "x-ms-write": "update"
      },
      "RequestBody": null,
      "StatusCode": 201,
      "ResponseHeaders": {
        "Content-Length": "0",
        "Date": "Fri, 18 Oct 2024 19:44:58 GMT",
        "ETag": "\"0x8DCEFAD5917D089\"",
        "Last-Modified": "Fri, 18 Oct 2024 19:44:58 GMT",
        "Server": [
          "Windows-Azure-File/1.0",
          "Microsoft-HTTPAPI/2.0"
        ],
        "x-ms-client-request-id": "Sanitized",
        "x-ms-content-crc64": "iknlm7CyG2k=",
        "x-ms-file-last-write-time": "2024-04-01T12:16:06.0000000Z",
        "x-ms-request-id": "76076f1f-201a-006e-6d96-218fed000000",
        "x-ms-request-server-encrypted": "true",
        "x-ms-version": "2025-01-05"
      },
      "ResponseBody": null
    },
    {
      "RequestUri": "https://jalauzonnettest.file.core.windows.net/test-share-90debdd2-1ac3-f8a0-2289-7428c0a258c5/destFolder/pik/test-file-de01fbbf-6361-ab76-71fd-da3d4350b567?comp=range",
      "RequestMethod": "PUT",
      "RequestHeaders": {
        "Accept": "application/xml",
        "Authorization": "Sanitized",
        "Content-Length": "0",
        "traceparent": "00-9c56edebed3a4bcb062d449f0a7a9487-b25a256099f6b8af-00",
        "User-Agent": "azsdk-net-Storage.Files.Shares/12.21.0-alpha.20241018.1 (.NET 8.0.10; Microsoft Windows 10.0.22631)",
        "x-ms-client-request-id": "Sanitized",
        "x-ms-copy-source": "https://jalauzonnettest.file.core.windows.net/test-share-882f4861-73cf-fc57-a9e9-80a2c40c1f87/sourceFolder/pik/test-file-de01fbbf-6361-ab76-71fd-da3d4350b567?sv=sanitized-value&ss=f&srt=sco&se=2024-10-19T19%3A44%3A57Z&sp=rwdxylacuptfi&sig=Sanitized",
        "x-ms-date": "Fri, 18 Oct 2024 19:44:58 GMT",
        "x-ms-file-last-write-time": "Preserve",
        "x-ms-range": "bytes=0-1023",
        "x-ms-return-client-request-id": "true",
        "x-ms-source-range": "bytes=0-1023",
        "x-ms-version": "2025-01-05",
        "x-ms-write": "update"
      },
      "RequestBody": null,
      "StatusCode": 201,
      "ResponseHeaders": {
        "Content-Length": "0",
        "Date": "Fri, 18 Oct 2024 19:44:57 GMT",
        "ETag": "\"0x8DCEFAD591F227B\"",
        "Last-Modified": "Fri, 18 Oct 2024 19:44:58 GMT",
        "Server": [
          "Windows-Azure-File/1.0",
          "Microsoft-HTTPAPI/2.0"
        ],
        "x-ms-client-request-id": "Sanitized",
        "x-ms-content-crc64": "iknlm7CyG2k=",
        "x-ms-file-last-write-time": "2024-04-01T12:16:06.0000000Z",
        "x-ms-request-id": "f20e3d7a-001a-009d-4796-212878000000",
        "x-ms-request-server-encrypted": "true",
        "x-ms-version": "2025-01-05"
      },
      "ResponseBody": null
    },
    {
      "RequestUri": "https://jalauzonnettest.file.core.windows.net/test-share-882f4861-73cf-fc57-a9e9-80a2c40c1f87/sourceFolder?sv=Sanitized&ss=f&srt=sco&se=2024-10-19T19%3A44%3A57Z&sp=rwdxylacuptfi&sig=Sanitized&restype=directory&comp=list",
      "RequestMethod": "GET",
      "RequestHeaders": {
        "Accept": "application/xml",
        "traceparent": "00-d2d87d52744f3ea89d1e149ec746f257-301bee0db9ecac7f-00",
        "User-Agent": "azsdk-net-Storage.Files.Shares/12.21.0-alpha.20241018.1 (.NET 8.0.10; Microsoft Windows 10.0.22631)",
        "x-ms-client-request-id": "Sanitized",
        "x-ms-return-client-request-id": "true",
        "x-ms-version": "2025-01-05"
      },
      "RequestBody": null,
      "StatusCode": 200,
      "ResponseHeaders": {
        "Content-Type": "application/xml",
        "Date": "Fri, 18 Oct 2024 19:44:57 GMT",
        "Server": [
          "Windows-Azure-File/1.0",
          "Microsoft-HTTPAPI/2.0"
        ],
        "Transfer-Encoding": "chunked",
        "x-ms-client-request-id": "Sanitized",
        "x-ms-request-id": "f20e3d7e-001a-009d-4a96-212878000000",
        "x-ms-version": "2025-01-05"
      },
      "ResponseBody": "\uFEFF<?xml version=\"1.0\" encoding=\"utf-8\"?><EnumerationResults ServiceEndpoint=\"https://jalauzonnettest.file.core.windows.net/\" ShareName=\"test-share-882f4861-73cf-fc57-a9e9-80a2c40c1f87\" DirectoryPath=\"sourceFolder\"><DirectoryId>13835128424026341376</DirectoryId><Entries><Directory><Name>bar</Name><FileId>10376363910205800448</FileId><Properties /></Directory><Directory><Name>pik</Name><FileId>12682206919419494400</FileId><Properties /></Directory><File><Name>test-file-0e4d92ec-b7b9-605f-831a-35d7615e7349</Name><FileId>16140971433240035328</FileId><Properties><Content-Length>1024</Content-Length></Properties></File><File><Name>test-file-1a399af3-f5d3-3cdc-5bda-a4efb2b16ef9</Name><FileId>11529285414812647424</FileId><Properties><Content-Length>1024</Content-Length></Properties></File></Entries><NextMarker /></EnumerationResults>"
    },
    {
      "RequestUri": "https://jalauzonnettest.file.core.windows.net/test-share-90debdd2-1ac3-f8a0-2289-7428c0a258c5/destFolder?restype=directory&comp=list",
      "RequestMethod": "GET",
      "RequestHeaders": {
        "Accept": "application/xml",
        "Authorization": "Sanitized",
        "traceparent": "00-3e23adc80eda1a574a8571330a1af583-bf2edb52a44659c3-00",
        "User-Agent": "azsdk-net-Storage.Files.Shares/12.21.0-alpha.20241018.1 (.NET 8.0.10; Microsoft Windows 10.0.22631)",
        "x-ms-client-request-id": "Sanitized",
        "x-ms-date": "Fri, 18 Oct 2024 19:44:58 GMT",
        "x-ms-return-client-request-id": "true",
        "x-ms-version": "2025-01-05"
      },
      "RequestBody": null,
      "StatusCode": 200,
      "ResponseHeaders": {
        "Content-Type": "application/xml",
        "Date": "Fri, 18 Oct 2024 19:44:58 GMT",
        "Server": [
          "Windows-Azure-File/1.0",
          "Microsoft-HTTPAPI/2.0"
        ],
        "Transfer-Encoding": "chunked",
        "x-ms-client-request-id": "Sanitized",
        "x-ms-request-id": "f20e3d81-001a-009d-4c96-212878000000",
        "x-ms-version": "2025-01-05"
      },
      "ResponseBody": "\uFEFF<?xml version=\"1.0\" encoding=\"utf-8\"?><EnumerationResults ServiceEndpoint=\"https://jalauzonnettest.file.core.windows.net/\" ShareName=\"test-share-90debdd2-1ac3-f8a0-2289-7428c0a258c5\" DirectoryPath=\"destFolder\"><DirectoryId>13835128424026341376</DirectoryId><Entries><Directory><Name>bar</Name><FileId>11529285414812647424</FileId><Properties /></Directory><Directory><Name>pik</Name><FileId>16140971433240035328</FileId><Properties /></Directory><File><Name>test-file-0e4d92ec-b7b9-605f-831a-35d7615e7349</Name><FileId>13835163608398430208</FileId><Properties><Content-Length>1024</Content-Length></Properties></File><File><Name>test-file-1a399af3-f5d3-3cdc-5bda-a4efb2b16ef9</Name><FileId>13835093239654252544</FileId><Properties><Content-Length>1024</Content-Length></Properties></File></Entries><NextMarker /></EnumerationResults>"
    },
    {
      "RequestUri": "https://jalauzonnettest.file.core.windows.net/test-share-882f4861-73cf-fc57-a9e9-80a2c40c1f87/sourceFolder/test-file-0e4d92ec-b7b9-605f-831a-35d7615e7349?sv=Sanitized&ss=f&srt=sco&se=2024-10-19T19%3A44%3A57Z&sp=rwdxylacuptfi&sig=Sanitized",
      "RequestMethod": "HEAD",
      "RequestHeaders": {
        "Accept": "application/xml",
        "traceparent": "00-ec3feed39170dbe5b49dbc965a28f0b8-abb664e5254e7383-00",
        "User-Agent": "azsdk-net-Storage.Files.Shares/12.21.0-alpha.20241018.1 (.NET 8.0.10; Microsoft Windows 10.0.22631)",
        "x-ms-client-request-id": "Sanitized",
        "x-ms-return-client-request-id": "true",
        "x-ms-version": "2025-01-05"
      },
      "RequestBody": null,
      "StatusCode": 200,
      "ResponseHeaders": {
        "Cache-Control": "no-cache",
        "Content-Disposition": "inline",
        "Content-Language": [
          "en-US",
          "en-CA"
        ],
        "Content-Length": "1024",
        "Content-Type": "application/octet-stream",
        "Date": "Fri, 18 Oct 2024 19:44:58 GMT",
        "ETag": "\"0x8DCEFAD58AD106E\"",
        "Last-Modified": "Fri, 18 Oct 2024 19:44:57 GMT",
        "Server": [
          "Windows-Azure-File/1.0",
          "Microsoft-HTTPAPI/2.0"
        ],
        "x-ms-client-request-id": "Sanitized",
        "x-ms-file-attributes": "Archive",
        "x-ms-file-change-time": "2024-04-01T13:30:03.0000000Z",
        "x-ms-file-creation-time": "2024-04-01T09:05:55.0000000Z",
        "x-ms-file-id": "16140971433240035328",
        "x-ms-file-last-write-time": "2024-04-01T12:16:06.0000000Z",
        "x-ms-file-parent-id": "13835128424026341376",
        "x-ms-file-permission-key": "15442983316638046949*9146977694084461163",
        "x-ms-lease-state": "available",
        "x-ms-lease-status": "unlocked",
        "x-ms-meta-Capital": "letter",
        "x-ms-meta-foo": "bar",
        "x-ms-meta-meta": "data",
        "x-ms-meta-UPPER": "case",
        "x-ms-request-id": "f20e3d82-001a-009d-4d96-212878000000",
        "x-ms-server-encrypted": "true",
        "x-ms-type": "File",
        "x-ms-version": "2025-01-05"
      },
      "ResponseBody": null
    },
    {
      "RequestUri": "https://jalauzonnettest.file.core.windows.net/test-share-90debdd2-1ac3-f8a0-2289-7428c0a258c5/destFolder/test-file-0e4d92ec-b7b9-605f-831a-35d7615e7349",
      "RequestMethod": "HEAD",
      "RequestHeaders": {
        "Accept": "application/xml",
        "Authorization": "Sanitized",
        "traceparent": "00-8e3c762a23a86cdacd92b0327acea1bb-dac9ca4080c72816-00",
        "User-Agent": "azsdk-net-Storage.Files.Shares/12.21.0-alpha.20241018.1 (.NET 8.0.10; Microsoft Windows 10.0.22631)",
        "x-ms-client-request-id": "Sanitized",
        "x-ms-date": "Fri, 18 Oct 2024 19:44:58 GMT",
        "x-ms-return-client-request-id": "true",
        "x-ms-version": "2025-01-05"
      },
      "RequestBody": null,
      "StatusCode": 200,
      "ResponseHeaders": {
        "Cache-Control": "no-cache",
        "Content-Disposition": "inline",
        "Content-Language": [
          "en-US",
          "en-CA"
        ],
        "Content-Length": "1024",
        "Content-Type": "application/octet-stream",
        "Date": "Fri, 18 Oct 2024 19:44:58 GMT",
        "ETag": "\"0x8DCEFAD591141D0\"",
        "Last-Modified": "Fri, 18 Oct 2024 19:44:58 GMT",
        "Server": [
          "Windows-Azure-File/1.0",
          "Microsoft-HTTPAPI/2.0"
        ],
        "x-ms-client-request-id": "Sanitized",
        "x-ms-file-attributes": "Archive",
        "x-ms-file-change-time": "2024-10-18T19:44:58.2451664Z",
        "x-ms-file-creation-time": "2024-04-01T09:05:55.0000000Z",
        "x-ms-file-id": "13835163608398430208",
        "x-ms-file-last-write-time": "2024-04-01T12:16:06.0000000Z",
        "x-ms-file-parent-id": "13835128424026341376",
        "x-ms-file-permission-key": "15442983316638046949*9146977694084461163",
        "x-ms-lease-state": "available",
        "x-ms-lease-status": "unlocked",
        "x-ms-meta-Capital": "letter",
        "x-ms-meta-foo": "bar",
        "x-ms-meta-meta": "data",
        "x-ms-meta-UPPER": "case",
        "x-ms-request-id": "f20e3d83-001a-009d-4e96-212878000000",
        "x-ms-server-encrypted": "true",
        "x-ms-type": "File",
        "x-ms-version": "2025-01-05"
      },
      "ResponseBody": null
    },
    {
      "RequestUri": "https://jalauzonnettest.file.core.windows.net/test-share-882f4861-73cf-fc57-a9e9-80a2c40c1f87/sourceFolder/test-file-0e4d92ec-b7b9-605f-831a-35d7615e7349?sv=Sanitized&ss=f&srt=sco&se=2024-10-19T19%3A44%3A57Z&sp=rwdxylacuptfi&sig=Sanitized",
      "RequestMethod": "GET",
      "RequestHeaders": {
        "Accept": "application/xml",
        "User-Agent": "azsdk-net-Storage.Files.Shares/12.21.0-alpha.20241018.1 (.NET 8.0.10; Microsoft Windows 10.0.22631)",
        "x-ms-client-request-id": "Sanitized",
        "x-ms-range": "bytes=0-4194303",
        "x-ms-return-client-request-id": "true",
        "x-ms-version": "2025-01-05"
      },
      "RequestBody": null,
      "StatusCode": 206,
      "ResponseHeaders": {
        "Accept-Ranges": "bytes",
        "Cache-Control": "no-cache",
        "Content-Disposition": "inline",
        "Content-Language": [
          "en-US",
          "en-CA"
        ],
        "Content-Length": "1024",
        "Content-Range": "bytes 0-1023/1024",
        "Content-Type": "application/octet-stream",
        "Date": "Fri, 18 Oct 2024 19:44:58 GMT",
        "ETag": "\"0x8DCEFAD58AD106E\"",
        "Last-Modified": "Fri, 18 Oct 2024 19:44:57 GMT",
        "Server": [
          "Windows-Azure-File/1.0",
          "Microsoft-HTTPAPI/2.0"
        ],
        "x-ms-client-request-id": "Sanitized",
        "x-ms-file-attributes": "Archive",
        "x-ms-file-change-time": "2024-04-01T13:30:03.0000000Z",
        "x-ms-file-creation-time": "2024-04-01T09:05:55.0000000Z",
        "x-ms-file-id": "16140971433240035328",
        "x-ms-file-last-write-time": "2024-04-01T12:16:06.0000000Z",
        "x-ms-file-parent-id": "13835128424026341376",
        "x-ms-file-permission-key": "15442983316638046949*9146977694084461163",
        "x-ms-lease-state": "available",
        "x-ms-lease-status": "unlocked",
        "x-ms-meta-Capital": "letter",
        "x-ms-meta-foo": "bar",
        "x-ms-meta-meta": "data",
        "x-ms-meta-UPPER": "case",
        "x-ms-request-id": "f20e3d84-001a-009d-4f96-212878000000",
        "x-ms-server-encrypted": "true",
        "x-ms-type": "File",
        "x-ms-version": "2025-01-05"
      },
      "ResponseBody": "AAAAAAAAAAAAAAAAAAAAAAAAAAAAAAAAAAAAAAAAAAAAAAAAAAAAAAAAAAAAAAAAAAAAAAAAAAAAAAAAAAAAAAAAAAAAAAAAAAAAAAAAAAAAAAAAAAAAAAAAAAAAAAAAAAAAAAAAAAAAAAAAAAAAAAAAAAAAAAAAAAAAAAAAAAAAAAAAAAAAAAAAAAAAAAAAAAAAAAAAAAAAAAAAAAAAAAAAAAAAAAAAAAAAAAAAAAAAAAAAAAAAAAAAAAAAAAAAAAAAAAAAAAAAAAAAAAAAAAAAAAAAAAAAAAAAAAAAAAAAAAAAAAAAAAAAAAAAAAAAAAAAAAAAAAAAAAAAAAAAAAAAAAAAAAAAAAAAAAAAAAAAAAAAAAAAAAAAAAAAAAAAAAAAAAAAAAAAAAAAAAAAAAAAAAAAAAAAAAAAAAAAAAAAAAAAAAAAAAAAAAAAAAAAAAAAAAAAAAAAAAAAAAAAAAAAAAAAAAAAAAAAAAAAAAAAAAAAAAAAAAAAAAAAAAAAAAAAAAAAAAAAAAAAAAAAAAAAAAAAAAAAAAAAAAAAAAAAAAAAAAAAAAAAAAAAAAAAAAAAAAAAAAAAAAAAAAAAAAAAAAAAAAAAAAAAAAAAAAAAAAAAAAAAAAAAAAAAAAAAAAAAAAAAAAAAAAAAAAAAAAAAAAAAAAAAAAAAAAAAAAAAAAAAAAAAAAAAAAAAAAAAAAAAAAAAAAAAAAAAAAAAAAAAAAAAAAAAAAAAAAAAAAAAAAAAAAAAAAAAAAAAAAAAAAAAAAAAAAAAAAAAAAAAAAAAAAAAAAAAAAAAAAAAAAAAAAAAAAAAAAAAAAAAAAAAAAAAAAAAAAAAAAAAAAAAAAAAAAAAAAAAAAAAAAAAAAAAAAAAAAAAAAAAAAAAAAAAAAAAAAAAAAAAAAAAAAAAAAAAAAAAAAAAAAAAAAAAAAAAAAAAAAAAAAAAAAAAAAAAAAAAAAAAAAAAAAAAAAAAAAAAAAAAAAAAAAAAAAAAAAAAAAAAAAAAAAAAAAAAAAAAAAAAAAAAAAAAAAAAAAAAAAAAAAAAAAAAAAAAAAAAAAAAAAAAAAAAAAAAAAAAAAAAAAAAAAAAAAAAAAAAAAAAAAAAAAAAAAAAAAAAAAAAAAAAAAAAAAAAAAAAAAAAAAAAAAAAAAAAAAAAAAAAAAAAAAAAAAAAAAAAAAAAAAAAAAAAAAAAAAAAAAAAAAAAAAAAAAAAAAAAAAAAAAAAAAAAAAAAAAAAAAAAAAAAAAAAAAAAAAAAAAAAAAAAAAAAAAAAAAAAAAAAAAAAAAAAAAAAAAAAAAAAAAAAAAAAAAAAAAAAAAAAAAAAAAAAAAAAAAAAAAAAAAAAAAAAAAAAAAAAAA=="
    },
    {
      "RequestUri": "https://jalauzonnettest.file.core.windows.net/test-share-90debdd2-1ac3-f8a0-2289-7428c0a258c5/destFolder/test-file-0e4d92ec-b7b9-605f-831a-35d7615e7349",
      "RequestMethod": "GET",
      "RequestHeaders": {
        "Accept": "application/xml",
        "Authorization": "Sanitized",
        "User-Agent": "azsdk-net-Storage.Files.Shares/12.21.0-alpha.20241018.1 (.NET 8.0.10; Microsoft Windows 10.0.22631)",
        "x-ms-client-request-id": "Sanitized",
        "x-ms-date": "Fri, 18 Oct 2024 19:44:58 GMT",
        "x-ms-range": "bytes=0-4194303",
        "x-ms-return-client-request-id": "true",
        "x-ms-version": "2025-01-05"
      },
      "RequestBody": null,
      "StatusCode": 206,
      "ResponseHeaders": {
        "Accept-Ranges": "bytes",
        "Cache-Control": "no-cache",
        "Content-Disposition": "inline",
        "Content-Language": [
          "en-US",
          "en-CA"
        ],
        "Content-Length": "1024",
        "Content-Range": "bytes 0-1023/1024",
        "Content-Type": "application/octet-stream",
        "Date": "Fri, 18 Oct 2024 19:44:58 GMT",
        "ETag": "\"0x8DCEFAD591141D0\"",
        "Last-Modified": "Fri, 18 Oct 2024 19:44:58 GMT",
        "Server": [
          "Windows-Azure-File/1.0",
          "Microsoft-HTTPAPI/2.0"
        ],
        "x-ms-client-request-id": "Sanitized",
        "x-ms-file-attributes": "Archive",
        "x-ms-file-change-time": "2024-10-18T19:44:58.2451664Z",
        "x-ms-file-creation-time": "2024-04-01T09:05:55.0000000Z",
        "x-ms-file-id": "13835163608398430208",
        "x-ms-file-last-write-time": "2024-04-01T12:16:06.0000000Z",
        "x-ms-file-parent-id": "13835128424026341376",
        "x-ms-file-permission-key": "15442983316638046949*9146977694084461163",
        "x-ms-lease-state": "available",
        "x-ms-lease-status": "unlocked",
        "x-ms-meta-Capital": "letter",
        "x-ms-meta-foo": "bar",
        "x-ms-meta-meta": "data",
        "x-ms-meta-UPPER": "case",
        "x-ms-request-id": "f20e3d85-001a-009d-5096-212878000000",
        "x-ms-server-encrypted": "true",
        "x-ms-type": "File",
        "x-ms-version": "2025-01-05"
      },
      "ResponseBody": "AAAAAAAAAAAAAAAAAAAAAAAAAAAAAAAAAAAAAAAAAAAAAAAAAAAAAAAAAAAAAAAAAAAAAAAAAAAAAAAAAAAAAAAAAAAAAAAAAAAAAAAAAAAAAAAAAAAAAAAAAAAAAAAAAAAAAAAAAAAAAAAAAAAAAAAAAAAAAAAAAAAAAAAAAAAAAAAAAAAAAAAAAAAAAAAAAAAAAAAAAAAAAAAAAAAAAAAAAAAAAAAAAAAAAAAAAAAAAAAAAAAAAAAAAAAAAAAAAAAAAAAAAAAAAAAAAAAAAAAAAAAAAAAAAAAAAAAAAAAAAAAAAAAAAAAAAAAAAAAAAAAAAAAAAAAAAAAAAAAAAAAAAAAAAAAAAAAAAAAAAAAAAAAAAAAAAAAAAAAAAAAAAAAAAAAAAAAAAAAAAAAAAAAAAAAAAAAAAAAAAAAAAAAAAAAAAAAAAAAAAAAAAAAAAAAAAAAAAAAAAAAAAAAAAAAAAAAAAAAAAAAAAAAAAAAAAAAAAAAAAAAAAAAAAAAAAAAAAAAAAAAAAAAAAAAAAAAAAAAAAAAAAAAAAAAAAAAAAAAAAAAAAAAAAAAAAAAAAAAAAAAAAAAAAAAAAAAAAAAAAAAAAAAAAAAAAAAAAAAAAAAAAAAAAAAAAAAAAAAAAAAAAAAAAAAAAAAAAAAAAAAAAAAAAAAAAAAAAAAAAAAAAAAAAAAAAAAAAAAAAAAAAAAAAAAAAAAAAAAAAAAAAAAAAAAAAAAAAAAAAAAAAAAAAAAAAAAAAAAAAAAAAAAAAAAAAAAAAAAAAAAAAAAAAAAAAAAAAAAAAAAAAAAAAAAAAAAAAAAAAAAAAAAAAAAAAAAAAAAAAAAAAAAAAAAAAAAAAAAAAAAAAAAAAAAAAAAAAAAAAAAAAAAAAAAAAAAAAAAAAAAAAAAAAAAAAAAAAAAAAAAAAAAAAAAAAAAAAAAAAAAAAAAAAAAAAAAAAAAAAAAAAAAAAAAAAAAAAAAAAAAAAAAAAAAAAAAAAAAAAAAAAAAAAAAAAAAAAAAAAAAAAAAAAAAAAAAAAAAAAAAAAAAAAAAAAAAAAAAAAAAAAAAAAAAAAAAAAAAAAAAAAAAAAAAAAAAAAAAAAAAAAAAAAAAAAAAAAAAAAAAAAAAAAAAAAAAAAAAAAAAAAAAAAAAAAAAAAAAAAAAAAAAAAAAAAAAAAAAAAAAAAAAAAAAAAAAAAAAAAAAAAAAAAAAAAAAAAAAAAAAAAAAAAAAAAAAAAAAAAAAAAAAAAAAAAAAAAAAAAAAAAAAAAAAAAAAAAAAAAAAAAAAAAAAAAAAAAAAAAAAAAAAAAAAAAAAAAAAAAAAAAAAAAAAAAAAAAAAAAAAAAAAAAAAAAAAAAAAAAAAAAA=="
    },
    {
      "RequestUri": "https://jalauzonnettest.file.core.windows.net/test-share-882f4861-73cf-fc57-a9e9-80a2c40c1f87/sourceFolder/test-file-0e4d92ec-b7b9-605f-831a-35d7615e7349?sv=Sanitized&ss=f&srt=sco&se=2024-10-19T19%3A44%3A57Z&sp=rwdxylacuptfi&sig=Sanitized",
      "RequestMethod": "HEAD",
      "RequestHeaders": {
        "Accept": "application/xml",
        "traceparent": "00-aa053027504a6caacd37c704b49df6b5-f00bd3df0759e0e5-00",
        "User-Agent": "azsdk-net-Storage.Files.Shares/12.21.0-alpha.20241018.1 (.NET 8.0.10; Microsoft Windows 10.0.22631)",
        "x-ms-client-request-id": "Sanitized",
        "x-ms-return-client-request-id": "true",
        "x-ms-version": "2025-01-05"
      },
      "RequestBody": null,
      "StatusCode": 200,
      "ResponseHeaders": {
        "Cache-Control": "no-cache",
        "Content-Disposition": "inline",
        "Content-Language": [
          "en-US",
          "en-CA"
        ],
        "Content-Length": "1024",
        "Content-Type": "application/octet-stream",
        "Date": "Fri, 18 Oct 2024 19:44:58 GMT",
        "ETag": "\"0x8DCEFAD58AD106E\"",
        "Last-Modified": "Fri, 18 Oct 2024 19:44:57 GMT",
        "Server": [
          "Windows-Azure-File/1.0",
          "Microsoft-HTTPAPI/2.0"
        ],
        "x-ms-client-request-id": "Sanitized",
        "x-ms-file-attributes": "Archive",
        "x-ms-file-change-time": "2024-04-01T13:30:03.0000000Z",
        "x-ms-file-creation-time": "2024-04-01T09:05:55.0000000Z",
        "x-ms-file-id": "16140971433240035328",
        "x-ms-file-last-write-time": "2024-04-01T12:16:06.0000000Z",
        "x-ms-file-parent-id": "13835128424026341376",
        "x-ms-file-permission-key": "15442983316638046949*9146977694084461163",
        "x-ms-lease-state": "available",
        "x-ms-lease-status": "unlocked",
        "x-ms-meta-Capital": "letter",
        "x-ms-meta-foo": "bar",
        "x-ms-meta-meta": "data",
        "x-ms-meta-UPPER": "case",
        "x-ms-request-id": "f20e3d86-001a-009d-5196-212878000000",
        "x-ms-server-encrypted": "true",
        "x-ms-type": "File",
        "x-ms-version": "2025-01-05"
      },
      "ResponseBody": null
    },
    {
      "RequestUri": "https://jalauzonnettest.file.core.windows.net/test-share-90debdd2-1ac3-f8a0-2289-7428c0a258c5/destFolder/test-file-0e4d92ec-b7b9-605f-831a-35d7615e7349",
      "RequestMethod": "HEAD",
      "RequestHeaders": {
        "Accept": "application/xml",
        "Authorization": "Sanitized",
        "traceparent": "00-f1add6f9b15b4a6d037780678193161d-4ac8cd125abbca05-00",
        "User-Agent": "azsdk-net-Storage.Files.Shares/12.21.0-alpha.20241018.1 (.NET 8.0.10; Microsoft Windows 10.0.22631)",
        "x-ms-client-request-id": "Sanitized",
        "x-ms-date": "Fri, 18 Oct 2024 19:44:58 GMT",
        "x-ms-return-client-request-id": "true",
        "x-ms-version": "2025-01-05"
      },
      "RequestBody": null,
      "StatusCode": 200,
      "ResponseHeaders": {
        "Cache-Control": "no-cache",
        "Content-Disposition": "inline",
        "Content-Language": [
          "en-US",
          "en-CA"
        ],
        "Content-Length": "1024",
        "Content-Type": "application/octet-stream",
        "Date": "Fri, 18 Oct 2024 19:44:58 GMT",
        "ETag": "\"0x8DCEFAD591141D0\"",
        "Last-Modified": "Fri, 18 Oct 2024 19:44:58 GMT",
        "Server": [
          "Windows-Azure-File/1.0",
          "Microsoft-HTTPAPI/2.0"
        ],
        "x-ms-client-request-id": "Sanitized",
        "x-ms-file-attributes": "Archive",
        "x-ms-file-change-time": "2024-10-18T19:44:58.2451664Z",
        "x-ms-file-creation-time": "2024-04-01T09:05:55.0000000Z",
        "x-ms-file-id": "13835163608398430208",
        "x-ms-file-last-write-time": "2024-04-01T12:16:06.0000000Z",
        "x-ms-file-parent-id": "13835128424026341376",
        "x-ms-file-permission-key": "15442983316638046949*9146977694084461163",
        "x-ms-lease-state": "available",
        "x-ms-lease-status": "unlocked",
        "x-ms-meta-Capital": "letter",
        "x-ms-meta-foo": "bar",
        "x-ms-meta-meta": "data",
        "x-ms-meta-UPPER": "case",
        "x-ms-request-id": "f20e3d89-001a-009d-5396-212878000000",
        "x-ms-server-encrypted": "true",
        "x-ms-type": "File",
        "x-ms-version": "2025-01-05"
      },
      "ResponseBody": null
    },
    {
      "RequestUri": "https://jalauzonnettest.file.core.windows.net/test-share-882f4861-73cf-fc57-a9e9-80a2c40c1f87?sv=Sanitized&ss=f&srt=sco&se=2024-10-19T19%3A44%3A57Z&sp=rwdxylacuptfi&sig=Sanitized&restype=share&comp=filepermission",
      "RequestMethod": "GET",
      "RequestHeaders": {
        "Accept": "application/json",
        "traceparent": "00-0d7272a4c3e35f2f5d1a9d979030ac1a-7e8edfb15a636e24-00",
        "User-Agent": "azsdk-net-Storage.Files.Shares/12.21.0-alpha.20241018.1 (.NET 8.0.10; Microsoft Windows 10.0.22631)",
        "x-ms-client-request-id": "Sanitized",
        "x-ms-file-permission-key": "15442983316638046949*9146977694084461163",
        "x-ms-return-client-request-id": "true",
        "x-ms-version": "2025-01-05"
      },
      "RequestBody": null,
      "StatusCode": 200,
      "ResponseHeaders": {
        "Content-Length": "115",
        "Date": "Fri, 18 Oct 2024 19:44:58 GMT",
        "Server": [
          "Windows-Azure-File/1.0",
          "Microsoft-HTTPAPI/2.0"
        ],
        "x-ms-client-request-id": "Sanitized",
        "x-ms-request-id": "f20e3d8a-001a-009d-5496-212878000000",
        "x-ms-version": "2025-01-05"
      },
      "ResponseBody": "eyJwZXJtaXNzaW9uIjoiTzpTWUc6U1lEOihBOztGQTs7O0JBKShBOztGQTs7O1NZKShBOzsweDEyMDBhOTs7O0JVKShBOzsweDEzMDFiZjs7O0FVKShBOztGQTs7O1NZKSIsImZvcm1hdCI6InNkZGwifQ=="
    },
    {
      "RequestUri": "https://jalauzonnettest.file.core.windows.net/test-share-90debdd2-1ac3-f8a0-2289-7428c0a258c5?restype=share&comp=filepermission",
      "RequestMethod": "GET",
      "RequestHeaders": {
        "Accept": "application/json",
        "Authorization": "Sanitized",
        "traceparent": "00-249cc61f40bfad918a14d99a3374264c-855f19ccd984a4b7-00",
        "User-Agent": "azsdk-net-Storage.Files.Shares/12.21.0-alpha.20241018.1 (.NET 8.0.10; Microsoft Windows 10.0.22631)",
        "x-ms-client-request-id": "Sanitized",
        "x-ms-date": "Fri, 18 Oct 2024 19:44:58 GMT",
        "x-ms-file-permission-key": "15442983316638046949*9146977694084461163",
        "x-ms-return-client-request-id": "true",
        "x-ms-version": "2025-01-05"
      },
      "RequestBody": null,
      "StatusCode": 200,
      "ResponseHeaders": {
        "Content-Length": "115",
        "Date": "Fri, 18 Oct 2024 19:44:58 GMT",
        "Server": [
          "Windows-Azure-File/1.0",
          "Microsoft-HTTPAPI/2.0"
        ],
        "x-ms-client-request-id": "Sanitized",
        "x-ms-request-id": "f20e3d8b-001a-009d-5596-212878000000",
        "x-ms-version": "2025-01-05"
      },
      "ResponseBody": "eyJwZXJtaXNzaW9uIjoiTzpTWUc6U1lEOihBOztGQTs7O0JBKShBOztGQTs7O1NZKShBOzsweDEyMDBhOTs7O0JVKShBOzsweDEzMDFiZjs7O0FVKShBOztGQTs7O1NZKSIsImZvcm1hdCI6InNkZGwifQ=="
    },
    {
      "RequestUri": "https://jalauzonnettest.file.core.windows.net/test-share-882f4861-73cf-fc57-a9e9-80a2c40c1f87/sourceFolder/test-file-1a399af3-f5d3-3cdc-5bda-a4efb2b16ef9?sv=Sanitized&ss=f&srt=sco&se=2024-10-19T19%3A44%3A57Z&sp=rwdxylacuptfi&sig=Sanitized",
      "RequestMethod": "HEAD",
      "RequestHeaders": {
        "Accept": "application/xml",
        "traceparent": "00-fbf58d8deb4456a0c2a120b44db99c9e-d43614919107d3ca-00",
        "User-Agent": "azsdk-net-Storage.Files.Shares/12.21.0-alpha.20241018.1 (.NET 8.0.10; Microsoft Windows 10.0.22631)",
        "x-ms-client-request-id": "Sanitized",
        "x-ms-return-client-request-id": "true",
        "x-ms-version": "2025-01-05"
      },
      "RequestBody": null,
      "StatusCode": 200,
      "ResponseHeaders": {
        "Cache-Control": "no-cache",
        "Content-Disposition": "inline",
        "Content-Language": [
          "en-US",
          "en-CA"
        ],
        "Content-Length": "1024",
        "Content-Type": "application/octet-stream",
        "Date": "Fri, 18 Oct 2024 19:44:58 GMT",
        "ETag": "\"0x8DCEFAD58A59770\"",
        "Last-Modified": "Fri, 18 Oct 2024 19:44:57 GMT",
        "Server": [
          "Windows-Azure-File/1.0",
          "Microsoft-HTTPAPI/2.0"
        ],
        "x-ms-client-request-id": "Sanitized",
        "x-ms-file-attributes": "Archive",
        "x-ms-file-change-time": "2024-04-01T13:30:03.0000000Z",
        "x-ms-file-creation-time": "2024-04-01T09:05:55.0000000Z",
        "x-ms-file-id": "11529285414812647424",
        "x-ms-file-last-write-time": "2024-04-01T12:16:06.0000000Z",
        "x-ms-file-parent-id": "13835128424026341376",
        "x-ms-file-permission-key": "15442983316638046949*9146977694084461163",
        "x-ms-lease-state": "available",
        "x-ms-lease-status": "unlocked",
        "x-ms-meta-Capital": "letter",
        "x-ms-meta-foo": "bar",
        "x-ms-meta-meta": "data",
        "x-ms-meta-UPPER": "case",
        "x-ms-request-id": "f20e3d8c-001a-009d-5696-212878000000",
        "x-ms-server-encrypted": "true",
        "x-ms-type": "File",
        "x-ms-version": "2025-01-05"
      },
      "ResponseBody": null
    },
    {
      "RequestUri": "https://jalauzonnettest.file.core.windows.net/test-share-90debdd2-1ac3-f8a0-2289-7428c0a258c5/destFolder/test-file-1a399af3-f5d3-3cdc-5bda-a4efb2b16ef9",
      "RequestMethod": "HEAD",
      "RequestHeaders": {
        "Accept": "application/xml",
        "Authorization": "Sanitized",
        "traceparent": "00-6d5e0b88f29ec635711bae8d0fec8956-b0c196804c4d762a-00",
        "User-Agent": "azsdk-net-Storage.Files.Shares/12.21.0-alpha.20241018.1 (.NET 8.0.10; Microsoft Windows 10.0.22631)",
        "x-ms-client-request-id": "Sanitized",
        "x-ms-date": "Fri, 18 Oct 2024 19:44:58 GMT",
        "x-ms-return-client-request-id": "true",
        "x-ms-version": "2025-01-05"
      },
      "RequestBody": null,
      "StatusCode": 200,
      "ResponseHeaders": {
        "Cache-Control": "no-cache",
        "Content-Disposition": "inline",
        "Content-Language": [
          "en-US",
          "en-CA"
        ],
        "Content-Length": "1024",
        "Content-Type": "application/octet-stream",
        "Date": "Fri, 18 Oct 2024 19:44:58 GMT",
        "ETag": "\"0x8DCEFAD59111AC6\"",
        "Last-Modified": "Fri, 18 Oct 2024 19:44:58 GMT",
        "Server": [
          "Windows-Azure-File/1.0",
          "Microsoft-HTTPAPI/2.0"
        ],
        "x-ms-client-request-id": "Sanitized",
        "x-ms-file-attributes": "Archive",
        "x-ms-file-change-time": "2024-10-18T19:44:58.2441670Z",
        "x-ms-file-creation-time": "2024-04-01T09:05:55.0000000Z",
        "x-ms-file-id": "13835093239654252544",
        "x-ms-file-last-write-time": "2024-04-01T12:16:06.0000000Z",
        "x-ms-file-parent-id": "13835128424026341376",
        "x-ms-file-permission-key": "15442983316638046949*9146977694084461163",
        "x-ms-lease-state": "available",
        "x-ms-lease-status": "unlocked",
        "x-ms-meta-Capital": "letter",
        "x-ms-meta-foo": "bar",
        "x-ms-meta-meta": "data",
        "x-ms-meta-UPPER": "case",
        "x-ms-request-id": "f20e3d8d-001a-009d-5796-212878000000",
        "x-ms-server-encrypted": "true",
        "x-ms-type": "File",
        "x-ms-version": "2025-01-05"
      },
      "ResponseBody": null
    },
    {
      "RequestUri": "https://jalauzonnettest.file.core.windows.net/test-share-882f4861-73cf-fc57-a9e9-80a2c40c1f87/sourceFolder/test-file-1a399af3-f5d3-3cdc-5bda-a4efb2b16ef9?sv=Sanitized&ss=f&srt=sco&se=2024-10-19T19%3A44%3A57Z&sp=rwdxylacuptfi&sig=Sanitized",
      "RequestMethod": "GET",
      "RequestHeaders": {
        "Accept": "application/xml",
        "User-Agent": "azsdk-net-Storage.Files.Shares/12.21.0-alpha.20241018.1 (.NET 8.0.10; Microsoft Windows 10.0.22631)",
        "x-ms-client-request-id": "Sanitized",
        "x-ms-range": "bytes=0-4194303",
        "x-ms-return-client-request-id": "true",
        "x-ms-version": "2025-01-05"
      },
      "RequestBody": null,
      "StatusCode": 206,
      "ResponseHeaders": {
        "Accept-Ranges": "bytes",
        "Cache-Control": "no-cache",
        "Content-Disposition": "inline",
        "Content-Language": [
          "en-US",
          "en-CA"
        ],
        "Content-Length": "1024",
        "Content-Range": "bytes 0-1023/1024",
        "Content-Type": "application/octet-stream",
        "Date": "Fri, 18 Oct 2024 19:44:58 GMT",
        "ETag": "\"0x8DCEFAD58A59770\"",
        "Last-Modified": "Fri, 18 Oct 2024 19:44:57 GMT",
        "Server": [
          "Windows-Azure-File/1.0",
          "Microsoft-HTTPAPI/2.0"
        ],
        "x-ms-client-request-id": "Sanitized",
        "x-ms-file-attributes": "Archive",
        "x-ms-file-change-time": "2024-04-01T13:30:03.0000000Z",
        "x-ms-file-creation-time": "2024-04-01T09:05:55.0000000Z",
        "x-ms-file-id": "11529285414812647424",
        "x-ms-file-last-write-time": "2024-04-01T12:16:06.0000000Z",
        "x-ms-file-parent-id": "13835128424026341376",
        "x-ms-file-permission-key": "15442983316638046949*9146977694084461163",
        "x-ms-lease-state": "available",
        "x-ms-lease-status": "unlocked",
        "x-ms-meta-Capital": "letter",
        "x-ms-meta-foo": "bar",
        "x-ms-meta-meta": "data",
        "x-ms-meta-UPPER": "case",
        "x-ms-request-id": "f20e3d90-001a-009d-5996-212878000000",
        "x-ms-server-encrypted": "true",
        "x-ms-type": "File",
        "x-ms-version": "2025-01-05"
      },
      "ResponseBody": "AAAAAAAAAAAAAAAAAAAAAAAAAAAAAAAAAAAAAAAAAAAAAAAAAAAAAAAAAAAAAAAAAAAAAAAAAAAAAAAAAAAAAAAAAAAAAAAAAAAAAAAAAAAAAAAAAAAAAAAAAAAAAAAAAAAAAAAAAAAAAAAAAAAAAAAAAAAAAAAAAAAAAAAAAAAAAAAAAAAAAAAAAAAAAAAAAAAAAAAAAAAAAAAAAAAAAAAAAAAAAAAAAAAAAAAAAAAAAAAAAAAAAAAAAAAAAAAAAAAAAAAAAAAAAAAAAAAAAAAAAAAAAAAAAAAAAAAAAAAAAAAAAAAAAAAAAAAAAAAAAAAAAAAAAAAAAAAAAAAAAAAAAAAAAAAAAAAAAAAAAAAAAAAAAAAAAAAAAAAAAAAAAAAAAAAAAAAAAAAAAAAAAAAAAAAAAAAAAAAAAAAAAAAAAAAAAAAAAAAAAAAAAAAAAAAAAAAAAAAAAAAAAAAAAAAAAAAAAAAAAAAAAAAAAAAAAAAAAAAAAAAAAAAAAAAAAAAAAAAAAAAAAAAAAAAAAAAAAAAAAAAAAAAAAAAAAAAAAAAAAAAAAAAAAAAAAAAAAAAAAAAAAAAAAAAAAAAAAAAAAAAAAAAAAAAAAAAAAAAAAAAAAAAAAAAAAAAAAAAAAAAAAAAAAAAAAAAAAAAAAAAAAAAAAAAAAAAAAAAAAAAAAAAAAAAAAAAAAAAAAAAAAAAAAAAAAAAAAAAAAAAAAAAAAAAAAAAAAAAAAAAAAAAAAAAAAAAAAAAAAAAAAAAAAAAAAAAAAAAAAAAAAAAAAAAAAAAAAAAAAAAAAAAAAAAAAAAAAAAAAAAAAAAAAAAAAAAAAAAAAAAAAAAAAAAAAAAAAAAAAAAAAAAAAAAAAAAAAAAAAAAAAAAAAAAAAAAAAAAAAAAAAAAAAAAAAAAAAAAAAAAAAAAAAAAAAAAAAAAAAAAAAAAAAAAAAAAAAAAAAAAAAAAAAAAAAAAAAAAAAAAAAAAAAAAAAAAAAAAAAAAAAAAAAAAAAAAAAAAAAAAAAAAAAAAAAAAAAAAAAAAAAAAAAAAAAAAAAAAAAAAAAAAAAAAAAAAAAAAAAAAAAAAAAAAAAAAAAAAAAAAAAAAAAAAAAAAAAAAAAAAAAAAAAAAAAAAAAAAAAAAAAAAAAAAAAAAAAAAAAAAAAAAAAAAAAAAAAAAAAAAAAAAAAAAAAAAAAAAAAAAAAAAAAAAAAAAAAAAAAAAAAAAAAAAAAAAAAAAAAAAAAAAAAAAAAAAAAAAAAAAAAAAAAAAAAAAAAAAAAAAAAAAAAAAAAAAAAAAAAAAAAAAAAAAAAAAAAAAAAAAAAAAAAAAAAAAAAAAAAAAAAAAAAAAAAAAAAAAAAAAAAA=="
    },
    {
      "RequestUri": "https://jalauzonnettest.file.core.windows.net/test-share-90debdd2-1ac3-f8a0-2289-7428c0a258c5/destFolder/test-file-1a399af3-f5d3-3cdc-5bda-a4efb2b16ef9",
      "RequestMethod": "GET",
      "RequestHeaders": {
        "Accept": "application/xml",
        "Authorization": "Sanitized",
        "User-Agent": "azsdk-net-Storage.Files.Shares/12.21.0-alpha.20241018.1 (.NET 8.0.10; Microsoft Windows 10.0.22631)",
        "x-ms-client-request-id": "Sanitized",
        "x-ms-date": "Fri, 18 Oct 2024 19:44:59 GMT",
        "x-ms-range": "bytes=0-4194303",
        "x-ms-return-client-request-id": "true",
        "x-ms-version": "2025-01-05"
      },
      "RequestBody": null,
      "StatusCode": 206,
      "ResponseHeaders": {
        "Accept-Ranges": "bytes",
        "Cache-Control": "no-cache",
        "Content-Disposition": "inline",
        "Content-Language": [
          "en-US",
          "en-CA"
        ],
        "Content-Length": "1024",
        "Content-Range": "bytes 0-1023/1024",
        "Content-Type": "application/octet-stream",
        "Date": "Fri, 18 Oct 2024 19:44:58 GMT",
        "ETag": "\"0x8DCEFAD59111AC6\"",
        "Last-Modified": "Fri, 18 Oct 2024 19:44:58 GMT",
        "Server": [
          "Windows-Azure-File/1.0",
          "Microsoft-HTTPAPI/2.0"
        ],
        "x-ms-client-request-id": "Sanitized",
        "x-ms-file-attributes": "Archive",
        "x-ms-file-change-time": "2024-10-18T19:44:58.2441670Z",
        "x-ms-file-creation-time": "2024-04-01T09:05:55.0000000Z",
        "x-ms-file-id": "13835093239654252544",
        "x-ms-file-last-write-time": "2024-04-01T12:16:06.0000000Z",
        "x-ms-file-parent-id": "13835128424026341376",
        "x-ms-file-permission-key": "15442983316638046949*9146977694084461163",
        "x-ms-lease-state": "available",
        "x-ms-lease-status": "unlocked",
        "x-ms-meta-Capital": "letter",
        "x-ms-meta-foo": "bar",
        "x-ms-meta-meta": "data",
        "x-ms-meta-UPPER": "case",
        "x-ms-request-id": "f20e3d91-001a-009d-5a96-212878000000",
        "x-ms-server-encrypted": "true",
        "x-ms-type": "File",
        "x-ms-version": "2025-01-05"
      },
      "ResponseBody": "AAAAAAAAAAAAAAAAAAAAAAAAAAAAAAAAAAAAAAAAAAAAAAAAAAAAAAAAAAAAAAAAAAAAAAAAAAAAAAAAAAAAAAAAAAAAAAAAAAAAAAAAAAAAAAAAAAAAAAAAAAAAAAAAAAAAAAAAAAAAAAAAAAAAAAAAAAAAAAAAAAAAAAAAAAAAAAAAAAAAAAAAAAAAAAAAAAAAAAAAAAAAAAAAAAAAAAAAAAAAAAAAAAAAAAAAAAAAAAAAAAAAAAAAAAAAAAAAAAAAAAAAAAAAAAAAAAAAAAAAAAAAAAAAAAAAAAAAAAAAAAAAAAAAAAAAAAAAAAAAAAAAAAAAAAAAAAAAAAAAAAAAAAAAAAAAAAAAAAAAAAAAAAAAAAAAAAAAAAAAAAAAAAAAAAAAAAAAAAAAAAAAAAAAAAAAAAAAAAAAAAAAAAAAAAAAAAAAAAAAAAAAAAAAAAAAAAAAAAAAAAAAAAAAAAAAAAAAAAAAAAAAAAAAAAAAAAAAAAAAAAAAAAAAAAAAAAAAAAAAAAAAAAAAAAAAAAAAAAAAAAAAAAAAAAAAAAAAAAAAAAAAAAAAAAAAAAAAAAAAAAAAAAAAAAAAAAAAAAAAAAAAAAAAAAAAAAAAAAAAAAAAAAAAAAAAAAAAAAAAAAAAAAAAAAAAAAAAAAAAAAAAAAAAAAAAAAAAAAAAAAAAAAAAAAAAAAAAAAAAAAAAAAAAAAAAAAAAAAAAAAAAAAAAAAAAAAAAAAAAAAAAAAAAAAAAAAAAAAAAAAAAAAAAAAAAAAAAAAAAAAAAAAAAAAAAAAAAAAAAAAAAAAAAAAAAAAAAAAAAAAAAAAAAAAAAAAAAAAAAAAAAAAAAAAAAAAAAAAAAAAAAAAAAAAAAAAAAAAAAAAAAAAAAAAAAAAAAAAAAAAAAAAAAAAAAAAAAAAAAAAAAAAAAAAAAAAAAAAAAAAAAAAAAAAAAAAAAAAAAAAAAAAAAAAAAAAAAAAAAAAAAAAAAAAAAAAAAAAAAAAAAAAAAAAAAAAAAAAAAAAAAAAAAAAAAAAAAAAAAAAAAAAAAAAAAAAAAAAAAAAAAAAAAAAAAAAAAAAAAAAAAAAAAAAAAAAAAAAAAAAAAAAAAAAAAAAAAAAAAAAAAAAAAAAAAAAAAAAAAAAAAAAAAAAAAAAAAAAAAAAAAAAAAAAAAAAAAAAAAAAAAAAAAAAAAAAAAAAAAAAAAAAAAAAAAAAAAAAAAAAAAAAAAAAAAAAAAAAAAAAAAAAAAAAAAAAAAAAAAAAAAAAAAAAAAAAAAAAAAAAAAAAAAAAAAAAAAAAAAAAAAAAAAAAAAAAAAAAAAAAAAAAAAAAAAAAAAAAAAAAAAAAAAAAAAAAAAAAAAAAAAAA=="
    },
    {
      "RequestUri": "https://jalauzonnettest.file.core.windows.net/test-share-882f4861-73cf-fc57-a9e9-80a2c40c1f87/sourceFolder/test-file-1a399af3-f5d3-3cdc-5bda-a4efb2b16ef9?sv=Sanitized&ss=f&srt=sco&se=2024-10-19T19%3A44%3A57Z&sp=rwdxylacuptfi&sig=Sanitized",
      "RequestMethod": "HEAD",
      "RequestHeaders": {
        "Accept": "application/xml",
        "traceparent": "00-6ee54c987a557c94b0fb91ebcac39cd5-f42c85a3ac98719d-00",
        "User-Agent": "azsdk-net-Storage.Files.Shares/12.21.0-alpha.20241018.1 (.NET 8.0.10; Microsoft Windows 10.0.22631)",
        "x-ms-client-request-id": "Sanitized",
        "x-ms-return-client-request-id": "true",
        "x-ms-version": "2025-01-05"
      },
      "RequestBody": null,
      "StatusCode": 200,
      "ResponseHeaders": {
        "Cache-Control": "no-cache",
        "Content-Disposition": "inline",
        "Content-Language": [
          "en-US",
          "en-CA"
        ],
        "Content-Length": "1024",
        "Content-Type": "application/octet-stream",
        "Date": "Fri, 18 Oct 2024 19:44:58 GMT",
        "ETag": "\"0x8DCEFAD58A59770\"",
        "Last-Modified": "Fri, 18 Oct 2024 19:44:57 GMT",
        "Server": [
          "Windows-Azure-File/1.0",
          "Microsoft-HTTPAPI/2.0"
        ],
        "x-ms-client-request-id": "Sanitized",
        "x-ms-file-attributes": "Archive",
        "x-ms-file-change-time": "2024-04-01T13:30:03.0000000Z",
        "x-ms-file-creation-time": "2024-04-01T09:05:55.0000000Z",
        "x-ms-file-id": "11529285414812647424",
        "x-ms-file-last-write-time": "2024-04-01T12:16:06.0000000Z",
        "x-ms-file-parent-id": "13835128424026341376",
        "x-ms-file-permission-key": "15442983316638046949*9146977694084461163",
        "x-ms-lease-state": "available",
        "x-ms-lease-status": "unlocked",
        "x-ms-meta-Capital": "letter",
        "x-ms-meta-foo": "bar",
        "x-ms-meta-meta": "data",
        "x-ms-meta-UPPER": "case",
        "x-ms-request-id": "f20e3d92-001a-009d-5b96-212878000000",
        "x-ms-server-encrypted": "true",
        "x-ms-type": "File",
        "x-ms-version": "2025-01-05"
      },
      "ResponseBody": null
    },
    {
      "RequestUri": "https://jalauzonnettest.file.core.windows.net/test-share-90debdd2-1ac3-f8a0-2289-7428c0a258c5/destFolder/test-file-1a399af3-f5d3-3cdc-5bda-a4efb2b16ef9",
      "RequestMethod": "HEAD",
      "RequestHeaders": {
        "Accept": "application/xml",
        "Authorization": "Sanitized",
        "traceparent": "00-838157b21ff81e10ed00ddd322497b4c-2c8cd4b67ee73c4a-00",
        "User-Agent": "azsdk-net-Storage.Files.Shares/12.21.0-alpha.20241018.1 (.NET 8.0.10; Microsoft Windows 10.0.22631)",
        "x-ms-client-request-id": "Sanitized",
        "x-ms-date": "Fri, 18 Oct 2024 19:44:59 GMT",
        "x-ms-return-client-request-id": "true",
        "x-ms-version": "2025-01-05"
      },
      "RequestBody": null,
      "StatusCode": 200,
      "ResponseHeaders": {
        "Cache-Control": "no-cache",
        "Content-Disposition": "inline",
        "Content-Language": [
          "en-US",
          "en-CA"
        ],
        "Content-Length": "1024",
        "Content-Type": "application/octet-stream",
        "Date": "Fri, 18 Oct 2024 19:44:58 GMT",
        "ETag": "\"0x8DCEFAD59111AC6\"",
        "Last-Modified": "Fri, 18 Oct 2024 19:44:58 GMT",
        "Server": [
          "Windows-Azure-File/1.0",
          "Microsoft-HTTPAPI/2.0"
        ],
        "x-ms-client-request-id": "Sanitized",
        "x-ms-file-attributes": "Archive",
        "x-ms-file-change-time": "2024-10-18T19:44:58.2441670Z",
        "x-ms-file-creation-time": "2024-04-01T09:05:55.0000000Z",
        "x-ms-file-id": "13835093239654252544",
        "x-ms-file-last-write-time": "2024-04-01T12:16:06.0000000Z",
        "x-ms-file-parent-id": "13835128424026341376",
        "x-ms-file-permission-key": "15442983316638046949*9146977694084461163",
        "x-ms-lease-state": "available",
        "x-ms-lease-status": "unlocked",
        "x-ms-meta-Capital": "letter",
        "x-ms-meta-foo": "bar",
        "x-ms-meta-meta": "data",
        "x-ms-meta-UPPER": "case",
        "x-ms-request-id": "f20e3d93-001a-009d-5c96-212878000000",
        "x-ms-server-encrypted": "true",
        "x-ms-type": "File",
        "x-ms-version": "2025-01-05"
      },
      "ResponseBody": null
    },
    {
      "RequestUri": "https://jalauzonnettest.file.core.windows.net/test-share-882f4861-73cf-fc57-a9e9-80a2c40c1f87?sv=Sanitized&ss=f&srt=sco&se=2024-10-19T19%3A44%3A57Z&sp=rwdxylacuptfi&sig=Sanitized&restype=share&comp=filepermission",
      "RequestMethod": "GET",
      "RequestHeaders": {
        "Accept": "application/json",
        "traceparent": "00-32bd41f6d373e61480913935407bf171-da4f7efd36887cdb-00",
        "User-Agent": "azsdk-net-Storage.Files.Shares/12.21.0-alpha.20241018.1 (.NET 8.0.10; Microsoft Windows 10.0.22631)",
        "x-ms-client-request-id": "Sanitized",
        "x-ms-file-permission-key": "15442983316638046949*9146977694084461163",
        "x-ms-return-client-request-id": "true",
        "x-ms-version": "2025-01-05"
      },
      "RequestBody": null,
      "StatusCode": 200,
      "ResponseHeaders": {
        "Content-Length": "115",
        "Date": "Fri, 18 Oct 2024 19:44:58 GMT",
        "Server": [
          "Windows-Azure-File/1.0",
          "Microsoft-HTTPAPI/2.0"
        ],
        "x-ms-client-request-id": "Sanitized",
        "x-ms-request-id": "f20e3d94-001a-009d-5d96-212878000000",
        "x-ms-version": "2025-01-05"
      },
      "ResponseBody": "eyJwZXJtaXNzaW9uIjoiTzpTWUc6U1lEOihBOztGQTs7O0JBKShBOztGQTs7O1NZKShBOzsweDEyMDBhOTs7O0JVKShBOzsweDEzMDFiZjs7O0FVKShBOztGQTs7O1NZKSIsImZvcm1hdCI6InNkZGwifQ=="
    },
    {
      "RequestUri": "https://jalauzonnettest.file.core.windows.net/test-share-90debdd2-1ac3-f8a0-2289-7428c0a258c5?restype=share&comp=filepermission",
      "RequestMethod": "GET",
      "RequestHeaders": {
        "Accept": "application/json",
        "Authorization": "Sanitized",
        "traceparent": "00-561eed1c650bb2aa78f0db442f235928-5be7ba2d9fc667f0-00",
        "User-Agent": "azsdk-net-Storage.Files.Shares/12.21.0-alpha.20241018.1 (.NET 8.0.10; Microsoft Windows 10.0.22631)",
        "x-ms-client-request-id": "Sanitized",
        "x-ms-date": "Fri, 18 Oct 2024 19:44:59 GMT",
        "x-ms-file-permission-key": "15442983316638046949*9146977694084461163",
        "x-ms-return-client-request-id": "true",
        "x-ms-version": "2025-01-05"
      },
      "RequestBody": null,
      "StatusCode": 200,
      "ResponseHeaders": {
        "Content-Length": "115",
        "Date": "Fri, 18 Oct 2024 19:44:58 GMT",
        "Server": [
          "Windows-Azure-File/1.0",
          "Microsoft-HTTPAPI/2.0"
        ],
        "x-ms-client-request-id": "Sanitized",
        "x-ms-request-id": "f20e3d95-001a-009d-5e96-212878000000",
        "x-ms-version": "2025-01-05"
      },
      "ResponseBody": "eyJwZXJtaXNzaW9uIjoiTzpTWUc6U1lEOihBOztGQTs7O0JBKShBOztGQTs7O1NZKShBOzsweDEyMDBhOTs7O0JVKShBOzsweDEzMDFiZjs7O0FVKShBOztGQTs7O1NZKSIsImZvcm1hdCI6InNkZGwifQ=="
    },
    {
      "RequestUri": "https://jalauzonnettest.file.core.windows.net/test-share-90debdd2-1ac3-f8a0-2289-7428c0a258c5?restype=share",
      "RequestMethod": "DELETE",
      "RequestHeaders": {
        "Accept": "application/xml",
        "Authorization": "Sanitized",
        "traceparent": "00-3207bc97cb66a9ae567e64d427dfa33a-c868a127e503239d-00",
        "User-Agent": "azsdk-net-Storage.Files.Shares/12.21.0-alpha.20241018.1 (.NET 8.0.10; Microsoft Windows 10.0.22631)",
        "x-ms-client-request-id": "Sanitized",
        "x-ms-date": "Fri, 18 Oct 2024 19:44:59 GMT",
        "x-ms-delete-snapshots": "include",
        "x-ms-return-client-request-id": "true",
        "x-ms-version": "2025-01-05"
      },
      "RequestBody": null,
      "StatusCode": 202,
      "ResponseHeaders": {
        "Content-Length": "0",
        "Date": "Fri, 18 Oct 2024 19:44:58 GMT",
        "Server": [
          "Windows-Azure-File/1.0",
          "Microsoft-HTTPAPI/2.0"
        ],
        "x-ms-client-request-id": "Sanitized",
        "x-ms-request-id": "f20e3d96-001a-009d-5f96-212878000000",
        "x-ms-version": "2025-01-05"
      },
      "ResponseBody": null
    },
    {
      "RequestUri": "https://jalauzonnettest.file.core.windows.net/test-share-882f4861-73cf-fc57-a9e9-80a2c40c1f87?sv=Sanitized&ss=f&srt=sco&se=2024-10-19T19%3A44%3A57Z&sp=rwdxylacuptfi&sig=Sanitized&restype=share",
      "RequestMethod": "DELETE",
      "RequestHeaders": {
        "Accept": "application/xml",
        "traceparent": "00-4cf85578ae55c351cfae4d8b68eecd20-185b8419aff3862a-00",
        "User-Agent": "azsdk-net-Storage.Files.Shares/12.21.0-alpha.20241018.1 (.NET 8.0.10; Microsoft Windows 10.0.22631)",
        "x-ms-client-request-id": "Sanitized",
        "x-ms-delete-snapshots": "include",
        "x-ms-return-client-request-id": "true",
        "x-ms-version": "2025-01-05"
      },
      "RequestBody": null,
      "StatusCode": 202,
      "ResponseHeaders": {
        "Content-Length": "0",
        "Date": "Fri, 18 Oct 2024 19:44:58 GMT",
        "Server": [
          "Windows-Azure-File/1.0",
          "Microsoft-HTTPAPI/2.0"
        ],
        "x-ms-client-request-id": "Sanitized",
        "x-ms-request-id": "f20e3d97-001a-009d-6096-212878000000",
        "x-ms-version": "2025-01-05"
      },
      "ResponseBody": null
    }
  ],
  "Variables": {
    "DateTimeOffsetNow": "2024-10-18T12:44:57.3626618-07:00",
    "RandomSeed": "1841290830",
    "Storage_TestConfigDefault": "ProductionTenant\njalauzonnettest\nU2FuaXRpemVk\nhttps://jalauzonnettest.blob.core.windows.net\nhttps://jalauzonnettest.file.core.windows.net\nhttps://jalauzonnettest.queue.core.windows.net\nhttps://jalauzonnettest.table.core.windows.net\n\n\n\n\nhttps://jalauzonnettest-secondary.blob.core.windows.net\nhttps://jalauzonnettest-secondary.file.core.windows.net\nhttps://jalauzonnettest-secondary.queue.core.windows.net\nhttps://jalauzonnettest-secondary.table.core.windows.net\nCloud\nBlobEndpoint=https://jalauzonnettest.blob.core.windows.net/;QueueEndpoint=https://jalauzonnettest.queue.core.windows.net/;FileEndpoint=https://jalauzonnettest.file.core.windows.net/;BlobSecondaryEndpoint=https://jalauzonnettest-secondary.blob.core.windows.net/;QueueSecondaryEndpoint=https://jalauzonnettest-secondary.queue.core.windows.net/;FileSecondaryEndpoint=https://jalauzonnettest-secondary.file.core.windows.net/;AccountName=jalauzonnettest;AccountKey=Sanitized\ntestscope1\n\n"
  }
}
