{
  "Entries": [
    {
      "RequestUri": "https://jalauzonnettest.file.core.windows.net/test-share-08e9867f-f878-cd7b-4603-b0f487acd9b8?sv=Sanitized&ss=f&srt=sco&se=2024-10-19T19%3A45%3A44Z&sp=rwdxylacuptfi&sig=Sanitized&restype=share",
      "RequestMethod": "PUT",
      "RequestHeaders": {
        "Accept": "application/xml",
        "Content-Length": "0",
        "traceparent": "00-806be4f84d2aeb32f008b49de8a61fe2-805b5d48e8b3626a-00",
        "User-Agent": "azsdk-net-Storage.Files.Shares/12.21.0-alpha.20241018.1 (.NET 8.0.10; Microsoft Windows 10.0.22631)",
        "x-ms-client-request-id": "Sanitized",
        "x-ms-return-client-request-id": "true",
        "x-ms-version": "2025-01-05"
      },
      "RequestBody": null,
      "StatusCode": 201,
      "ResponseHeaders": {
        "Content-Length": "0",
        "Date": "Fri, 18 Oct 2024 19:45:44 GMT",
        "ETag": "\"0x8DCEFAD74CC75B5\"",
        "Last-Modified": "Fri, 18 Oct 2024 19:45:44 GMT",
        "Server": [
          "Windows-Azure-File/1.0",
          "Microsoft-HTTPAPI/2.0"
        ],
        "x-ms-client-request-id": "Sanitized",
        "x-ms-request-id": "76077230-201a-006e-1396-218fed000000",
        "x-ms-version": "2025-01-05"
      },
      "ResponseBody": null
    },
    {
      "RequestUri": "https://jalauzonnettest.file.core.windows.net/test-share-4fb7d62d-7253-2399-3b7a-73d6336b76b8?restype=share",
      "RequestMethod": "PUT",
      "RequestHeaders": {
        "Accept": "application/xml",
        "Authorization": "Sanitized",
        "Content-Length": "0",
        "traceparent": "00-9086ca0e372e6b2649b1f733591ec20e-b576e9227bc2090f-00",
        "User-Agent": "azsdk-net-Storage.Files.Shares/12.21.0-alpha.20241018.1 (.NET 8.0.10; Microsoft Windows 10.0.22631)",
        "x-ms-client-request-id": "Sanitized",
        "x-ms-date": "Fri, 18 Oct 2024 19:45:44 GMT",
        "x-ms-return-client-request-id": "true",
        "x-ms-version": "2025-01-05"
      },
      "RequestBody": null,
      "StatusCode": 201,
      "ResponseHeaders": {
        "Content-Length": "0",
        "Date": "Fri, 18 Oct 2024 19:45:44 GMT",
        "ETag": "\"0x8DCEFAD74D45AB8\"",
        "Last-Modified": "Fri, 18 Oct 2024 19:45:44 GMT",
        "Server": [
          "Windows-Azure-File/1.0",
          "Microsoft-HTTPAPI/2.0"
        ],
        "x-ms-client-request-id": "Sanitized",
        "x-ms-request-id": "76077232-201a-006e-1496-218fed000000",
        "x-ms-version": "2025-01-05"
      },
      "ResponseBody": null
    },
    {
      "RequestUri": "https://jalauzonnettest.file.core.windows.net/test-share-08e9867f-f878-cd7b-4603-b0f487acd9b8/sourceFolder?sv=Sanitized&ss=f&srt=sco&se=2024-10-19T19%3A45%3A44Z&sp=rwdxylacuptfi&sig=Sanitized&restype=directory",
      "RequestMethod": "PUT",
      "RequestHeaders": {
        "Accept": "application/xml",
        "Content-Length": "0",
        "traceparent": "00-15408a2da4308940f21fc94645855ed8-9d89ee7a077c2005-00",
        "User-Agent": "azsdk-net-Storage.Files.Shares/12.21.0-alpha.20241018.1 (.NET 8.0.10; Microsoft Windows 10.0.22631)",
        "x-ms-client-request-id": "Sanitized",
        "x-ms-file-attributes": "None",
        "x-ms-file-creation-time": "Now",
        "x-ms-file-last-write-time": "Now",
        "x-ms-file-permission": "Inherit",
        "x-ms-return-client-request-id": "true",
        "x-ms-version": "2025-01-05"
      },
      "RequestBody": null,
      "StatusCode": 201,
      "ResponseHeaders": {
        "Content-Length": "0",
        "Date": "Fri, 18 Oct 2024 19:45:44 GMT",
        "ETag": "\"0x8DCEFAD74DE0219\"",
        "Last-Modified": "Fri, 18 Oct 2024 19:45:44 GMT",
        "Server": [
          "Windows-Azure-File/1.0",
          "Microsoft-HTTPAPI/2.0"
        ],
        "x-ms-client-request-id": "Sanitized",
        "x-ms-file-attributes": "Directory",
        "x-ms-file-change-time": "2024-10-18T19:45:44.8855065Z",
        "x-ms-file-creation-time": "2024-10-18T19:45:44.8855065Z",
        "x-ms-file-id": "13835128424026341376",
        "x-ms-file-last-write-time": "2024-10-18T19:45:44.8855065Z",
        "x-ms-file-parent-id": "0",
        "x-ms-file-permission-key": "1597566016123626978*9146977694084461163",
        "x-ms-request-id": "76077234-201a-006e-1596-218fed000000",
        "x-ms-request-server-encrypted": "true",
        "x-ms-version": "2025-01-05"
      },
      "ResponseBody": null
    },
    {
      "RequestUri": "https://jalauzonnettest.file.core.windows.net/test-share-08e9867f-f878-cd7b-4603-b0f487acd9b8/sourceFolder/test-file-4f7bddae-aa96-74d5-e535-2dee5bb1c4e7?sv=Sanitized&ss=f&srt=sco&se=2024-10-19T19%3A45%3A44Z&sp=rwdxylacuptfi&sig=Sanitized",
      "RequestMethod": "PUT",
      "RequestHeaders": {
        "Accept": "application/xml",
        "Content-Length": "0",
        "traceparent": "00-558dd04db6a14ebdc1e9cedec436e2f7-d91ec3f0843c4942-00",
        "User-Agent": "azsdk-net-Storage.Files.Shares/12.21.0-alpha.20241018.1 (.NET 8.0.10; Microsoft Windows 10.0.22631)",
        "x-ms-cache-control": "no-cache",
        "x-ms-client-request-id": "Sanitized",
        "x-ms-content-disposition": "inline",
        "x-ms-content-language": "en-US,en-CA",
        "x-ms-content-length": "512",
        "x-ms-file-attributes": "None",
        "x-ms-file-change-time": "2024-04-01T13:30:03.0000000Z",
        "x-ms-file-creation-time": "2024-04-01T09:05:55.0000000Z",
        "x-ms-file-last-write-time": "2024-04-01T12:16:06.0000000Z",
        "x-ms-file-permission": "Inherit",
        "x-ms-meta-Capital": "letter",
        "x-ms-meta-foo": "bar",
        "x-ms-meta-meta": "data",
        "x-ms-meta-UPPER": "case",
        "x-ms-return-client-request-id": "true",
        "x-ms-type": "file",
        "x-ms-version": "2025-01-05"
      },
      "RequestBody": null,
      "StatusCode": 201,
      "ResponseHeaders": {
        "Content-Length": "0",
        "Date": "Fri, 18 Oct 2024 19:45:44 GMT",
        "ETag": "\"0x8DCEFAD74E505F7\"",
        "Last-Modified": "Fri, 18 Oct 2024 19:45:44 GMT",
        "Server": [
          "Windows-Azure-File/1.0",
          "Microsoft-HTTPAPI/2.0"
        ],
        "x-ms-client-request-id": "Sanitized",
        "x-ms-file-attributes": "Archive",
        "x-ms-file-change-time": "2024-04-01T13:30:03.0000000Z",
        "x-ms-file-creation-time": "2024-04-01T09:05:55.0000000Z",
        "x-ms-file-id": "11529285414812647424",
        "x-ms-file-last-write-time": "2024-04-01T12:16:06.0000000Z",
        "x-ms-file-parent-id": "13835128424026341376",
        "x-ms-file-permission-key": "15442983316638046949*9146977694084461163",
        "x-ms-request-id": "76077238-201a-006e-1796-218fed000000",
        "x-ms-request-server-encrypted": "true",
        "x-ms-version": "2025-01-05"
      },
      "ResponseBody": null
    },
    {
      "RequestUri": "https://jalauzonnettest.file.core.windows.net/test-share-08e9867f-f878-cd7b-4603-b0f487acd9b8/sourceFolder/test-file-50ac82ba-c9f1-6282-4877-9c5fe61d498b?sv=Sanitized&ss=f&srt=sco&se=2024-10-19T19%3A45%3A44Z&sp=rwdxylacuptfi&sig=Sanitized",
      "RequestMethod": "PUT",
      "RequestHeaders": {
        "Accept": "application/xml",
        "Content-Length": "0",
        "traceparent": "00-23904d953e09646fbf735fce8111d7f2-b921a80c37961451-00",
        "User-Agent": "azsdk-net-Storage.Files.Shares/12.21.0-alpha.20241018.1 (.NET 8.0.10; Microsoft Windows 10.0.22631)",
        "x-ms-cache-control": "no-cache",
        "x-ms-client-request-id": "Sanitized",
        "x-ms-content-disposition": "inline",
        "x-ms-content-language": "en-US,en-CA",
        "x-ms-content-length": "512",
        "x-ms-file-attributes": "None",
        "x-ms-file-change-time": "2024-04-01T13:30:03.0000000Z",
        "x-ms-file-creation-time": "2024-04-01T09:05:55.0000000Z",
        "x-ms-file-last-write-time": "2024-04-01T12:16:06.0000000Z",
        "x-ms-file-permission": "Inherit",
        "x-ms-meta-Capital": "letter",
        "x-ms-meta-foo": "bar",
        "x-ms-meta-meta": "data",
        "x-ms-meta-UPPER": "case",
        "x-ms-return-client-request-id": "true",
        "x-ms-type": "file",
        "x-ms-version": "2025-01-05"
      },
      "RequestBody": null,
      "StatusCode": 201,
      "ResponseHeaders": {
        "Content-Length": "0",
        "Date": "Fri, 18 Oct 2024 19:45:44 GMT",
        "ETag": "\"0x8DCEFAD74EC57E0\"",
        "Last-Modified": "Fri, 18 Oct 2024 19:45:44 GMT",
        "Server": [
          "Windows-Azure-File/1.0",
          "Microsoft-HTTPAPI/2.0"
        ],
        "x-ms-client-request-id": "Sanitized",
        "x-ms-file-attributes": "Archive",
        "x-ms-file-change-time": "2024-04-01T13:30:03.0000000Z",
        "x-ms-file-creation-time": "2024-04-01T09:05:55.0000000Z",
        "x-ms-file-id": "16140971433240035328",
        "x-ms-file-last-write-time": "2024-04-01T12:16:06.0000000Z",
        "x-ms-file-parent-id": "13835128424026341376",
        "x-ms-file-permission-key": "15442983316638046949*9146977694084461163",
        "x-ms-request-id": "76077239-201a-006e-1896-218fed000000",
        "x-ms-request-server-encrypted": "true",
        "x-ms-version": "2025-01-05"
      },
      "ResponseBody": null
    },
    {
      "RequestUri": "https://jalauzonnettest.file.core.windows.net/test-share-08e9867f-f878-cd7b-4603-b0f487acd9b8/sourceFolder/bar?sv=Sanitized&ss=f&srt=sco&se=2024-10-19T19%3A45%3A44Z&sp=rwdxylacuptfi&sig=Sanitized&restype=directory",
      "RequestMethod": "PUT",
      "RequestHeaders": {
        "Accept": "application/xml",
        "Content-Length": "0",
        "traceparent": "00-6ae42219634b9dab94c65c4bb3956c4d-04eaf0bddca1f505-00",
        "User-Agent": "azsdk-net-Storage.Files.Shares/12.21.0-alpha.20241018.1 (.NET 8.0.10; Microsoft Windows 10.0.22631)",
        "x-ms-client-request-id": "Sanitized",
        "x-ms-file-attributes": "None",
        "x-ms-file-creation-time": "Now",
        "x-ms-file-last-write-time": "Now",
        "x-ms-file-permission": "Inherit",
        "x-ms-return-client-request-id": "true",
        "x-ms-version": "2025-01-05"
      },
      "RequestBody": null,
      "StatusCode": 201,
      "ResponseHeaders": {
        "Content-Length": "0",
        "Date": "Fri, 18 Oct 2024 19:45:44 GMT",
        "ETag": "\"0x8DCEFAD74F334AE\"",
        "Last-Modified": "Fri, 18 Oct 2024 19:45:45 GMT",
        "Server": [
          "Windows-Azure-File/1.0",
          "Microsoft-HTTPAPI/2.0"
        ],
        "x-ms-client-request-id": "Sanitized",
        "x-ms-file-attributes": "Directory",
        "x-ms-file-change-time": "2024-10-18T19:45:45.0244270Z",
        "x-ms-file-creation-time": "2024-10-18T19:45:45.0244270Z",
        "x-ms-file-id": "10376363910205800448",
        "x-ms-file-last-write-time": "2024-10-18T19:45:45.0244270Z",
        "x-ms-file-parent-id": "13835128424026341376",
        "x-ms-file-permission-key": "1597566016123626978*9146977694084461163",
        "x-ms-request-id": "7607723a-201a-006e-1996-218fed000000",
        "x-ms-request-server-encrypted": "true",
        "x-ms-version": "2025-01-05"
      },
      "ResponseBody": null
    },
    {
      "RequestUri": "https://jalauzonnettest.file.core.windows.net/test-share-08e9867f-f878-cd7b-4603-b0f487acd9b8/sourceFolder/bar/test-file-7b92c1f0-73c8-708d-ab33-3073049ce3d8?sv=Sanitized&ss=f&srt=sco&se=2024-10-19T19%3A45%3A44Z&sp=rwdxylacuptfi&sig=Sanitized",
      "RequestMethod": "PUT",
      "RequestHeaders": {
        "Accept": "application/xml",
        "Content-Length": "0",
        "traceparent": "00-9e467039ca9ff25112a31e83efdd3eb9-8bcd26f7d8b77f71-00",
        "User-Agent": "azsdk-net-Storage.Files.Shares/12.21.0-alpha.20241018.1 (.NET 8.0.10; Microsoft Windows 10.0.22631)",
        "x-ms-cache-control": "no-cache",
        "x-ms-client-request-id": "Sanitized",
        "x-ms-content-disposition": "inline",
        "x-ms-content-language": "en-US,en-CA",
        "x-ms-content-length": "512",
        "x-ms-file-attributes": "None",
        "x-ms-file-change-time": "2024-04-01T13:30:03.0000000Z",
        "x-ms-file-creation-time": "2024-04-01T09:05:55.0000000Z",
        "x-ms-file-last-write-time": "2024-04-01T12:16:06.0000000Z",
        "x-ms-file-permission": "Inherit",
        "x-ms-meta-Capital": "letter",
        "x-ms-meta-foo": "bar",
        "x-ms-meta-meta": "data",
        "x-ms-meta-UPPER": "case",
        "x-ms-return-client-request-id": "true",
        "x-ms-type": "file",
        "x-ms-version": "2025-01-05"
      },
      "RequestBody": null,
      "StatusCode": 201,
      "ResponseHeaders": {
        "Content-Length": "0",
        "Date": "Fri, 18 Oct 2024 19:45:44 GMT",
        "ETag": "\"0x8DCEFAD74FA3888\"",
        "Last-Modified": "Fri, 18 Oct 2024 19:45:45 GMT",
        "Server": [
          "Windows-Azure-File/1.0",
          "Microsoft-HTTPAPI/2.0"
        ],
        "x-ms-client-request-id": "Sanitized",
        "x-ms-file-attributes": "Archive",
        "x-ms-file-change-time": "2024-04-01T13:30:03.0000000Z",
        "x-ms-file-creation-time": "2024-04-01T09:05:55.0000000Z",
        "x-ms-file-id": "14988049928633188352",
        "x-ms-file-last-write-time": "2024-04-01T12:16:06.0000000Z",
        "x-ms-file-parent-id": "10376363910205800448",
        "x-ms-file-permission-key": "15442983316638046949*9146977694084461163",
        "x-ms-request-id": "7607723b-201a-006e-1a96-218fed000000",
        "x-ms-request-server-encrypted": "true",
        "x-ms-version": "2025-01-05"
      },
      "ResponseBody": null
    },
    {
      "RequestUri": "https://jalauzonnettest.file.core.windows.net/test-share-08e9867f-f878-cd7b-4603-b0f487acd9b8/sourceFolder/pik?sv=Sanitized&ss=f&srt=sco&se=2024-10-19T19%3A45%3A44Z&sp=rwdxylacuptfi&sig=Sanitized&restype=directory",
      "RequestMethod": "PUT",
      "RequestHeaders": {
        "Accept": "application/xml",
        "Content-Length": "0",
        "traceparent": "00-c99569b18e84cb3af462681f534dedf2-7499e7b19d92ee07-00",
        "User-Agent": "azsdk-net-Storage.Files.Shares/12.21.0-alpha.20241018.1 (.NET 8.0.10; Microsoft Windows 10.0.22631)",
        "x-ms-client-request-id": "Sanitized",
        "x-ms-file-attributes": "None",
        "x-ms-file-creation-time": "Now",
        "x-ms-file-last-write-time": "Now",
        "x-ms-file-permission": "Inherit",
        "x-ms-return-client-request-id": "true",
        "x-ms-version": "2025-01-05"
      },
      "RequestBody": null,
      "StatusCode": 201,
      "ResponseHeaders": {
        "Content-Length": "0",
        "Date": "Fri, 18 Oct 2024 19:45:44 GMT",
        "ETag": "\"0x8DCEFAD75011558\"",
        "Last-Modified": "Fri, 18 Oct 2024 19:45:45 GMT",
        "Server": [
          "Windows-Azure-File/1.0",
          "Microsoft-HTTPAPI/2.0"
        ],
        "x-ms-client-request-id": "Sanitized",
        "x-ms-file-attributes": "Directory",
        "x-ms-file-change-time": "2024-10-18T19:45:45.1153752Z",
        "x-ms-file-creation-time": "2024-10-18T19:45:45.1153752Z",
        "x-ms-file-id": "12682206919419494400",
        "x-ms-file-last-write-time": "2024-10-18T19:45:45.1153752Z",
        "x-ms-file-parent-id": "13835128424026341376",
        "x-ms-file-permission-key": "1597566016123626978*9146977694084461163",
        "x-ms-request-id": "7607723e-201a-006e-1c96-218fed000000",
        "x-ms-request-server-encrypted": "true",
        "x-ms-version": "2025-01-05"
      },
      "ResponseBody": null
    },
    {
      "RequestUri": "https://jalauzonnettest.file.core.windows.net/test-share-08e9867f-f878-cd7b-4603-b0f487acd9b8/sourceFolder/pik/test-file-34276066-a472-2de4-3f65-58c3c27f8e1d?sv=Sanitized&ss=f&srt=sco&se=2024-10-19T19%3A45%3A44Z&sp=rwdxylacuptfi&sig=Sanitized",
      "RequestMethod": "PUT",
      "RequestHeaders": {
        "Accept": "application/xml",
        "Content-Length": "0",
        "traceparent": "00-4c07ef2ae36b03d76e267d4d88d32863-415a0654e3bc2711-00",
        "User-Agent": "azsdk-net-Storage.Files.Shares/12.21.0-alpha.20241018.1 (.NET 8.0.10; Microsoft Windows 10.0.22631)",
        "x-ms-cache-control": "no-cache",
        "x-ms-client-request-id": "Sanitized",
        "x-ms-content-disposition": "inline",
        "x-ms-content-language": "en-US,en-CA",
        "x-ms-content-length": "512",
        "x-ms-file-attributes": "None",
        "x-ms-file-change-time": "2024-04-01T13:30:03.0000000Z",
        "x-ms-file-creation-time": "2024-04-01T09:05:55.0000000Z",
        "x-ms-file-last-write-time": "2024-04-01T12:16:06.0000000Z",
        "x-ms-file-permission": "Inherit",
        "x-ms-meta-Capital": "letter",
        "x-ms-meta-foo": "bar",
        "x-ms-meta-meta": "data",
        "x-ms-meta-UPPER": "case",
        "x-ms-return-client-request-id": "true",
        "x-ms-type": "file",
        "x-ms-version": "2025-01-05"
      },
      "RequestBody": null,
      "StatusCode": 201,
      "ResponseHeaders": {
        "Content-Length": "0",
        "Date": "Fri, 18 Oct 2024 19:45:44 GMT",
        "ETag": "\"0x8DCEFAD75095184\"",
        "Last-Modified": "Fri, 18 Oct 2024 19:45:45 GMT",
        "Server": [
          "Windows-Azure-File/1.0",
          "Microsoft-HTTPAPI/2.0"
        ],
        "x-ms-client-request-id": "Sanitized",
        "x-ms-file-attributes": "Archive",
        "x-ms-file-change-time": "2024-04-01T13:30:03.0000000Z",
        "x-ms-file-creation-time": "2024-04-01T09:05:55.0000000Z",
        "x-ms-file-id": "17293892937846882304",
        "x-ms-file-last-write-time": "2024-04-01T12:16:06.0000000Z",
        "x-ms-file-parent-id": "12682206919419494400",
        "x-ms-file-permission-key": "15442983316638046949*9146977694084461163",
        "x-ms-request-id": "7607723f-201a-006e-1d96-218fed000000",
        "x-ms-request-server-encrypted": "true",
        "x-ms-version": "2025-01-05"
      },
      "ResponseBody": null
    },
    {
      "RequestUri": "https://jalauzonnettest.file.core.windows.net/test-share-4fb7d62d-7253-2399-3b7a-73d6336b76b8/destinationFolder?restype=directory",
      "RequestMethod": "PUT",
      "RequestHeaders": {
        "Accept": "application/xml",
        "Authorization": "Sanitized",
        "Content-Length": "0",
        "traceparent": "00-01bdc9ff2558d63d0498361452140cbb-6252b945f2a31379-00",
        "User-Agent": "azsdk-net-Storage.Files.Shares/12.21.0-alpha.20241018.1 (.NET 8.0.10; Microsoft Windows 10.0.22631)",
        "x-ms-client-request-id": "Sanitized",
        "x-ms-date": "Fri, 18 Oct 2024 19:45:45 GMT",
        "x-ms-file-attributes": "None",
        "x-ms-file-creation-time": "Now",
        "x-ms-file-last-write-time": "Now",
        "x-ms-file-permission": "Inherit",
        "x-ms-return-client-request-id": "true",
        "x-ms-version": "2025-01-05"
      },
      "RequestBody": null,
      "StatusCode": 201,
      "ResponseHeaders": {
        "Content-Length": "0",
        "Date": "Fri, 18 Oct 2024 19:45:44 GMT",
        "ETag": "\"0x8DCEFAD7510CA7A\"",
        "Last-Modified": "Fri, 18 Oct 2024 19:45:45 GMT",
        "Server": [
          "Windows-Azure-File/1.0",
          "Microsoft-HTTPAPI/2.0"
        ],
        "x-ms-client-request-id": "Sanitized",
        "x-ms-file-attributes": "Directory",
        "x-ms-file-change-time": "2024-10-18T19:45:45.2183162Z",
        "x-ms-file-creation-time": "2024-10-18T19:45:45.2183162Z",
        "x-ms-file-id": "13835128424026341376",
        "x-ms-file-last-write-time": "2024-10-18T19:45:45.2183162Z",
        "x-ms-file-parent-id": "0",
        "x-ms-file-permission-key": "1597566016123626978*9146977694084461163",
        "x-ms-request-id": "76077240-201a-006e-1e96-218fed000000",
        "x-ms-request-server-encrypted": "true",
        "x-ms-version": "2025-01-05"
      },
      "ResponseBody": null
    },
    {
      "RequestUri": "https://jalauzonnettest.file.core.windows.net/test-share-08e9867f-f878-cd7b-4603-b0f487acd9b8/sourceFolder?sv=Sanitized&ss=f&srt=sco&se=2024-10-19T19%3A45%3A44Z&sp=rwdxylacuptfi&sig=Sanitized&restype=directory&comp=list&include=Attributes",
      "RequestMethod": "GET",
      "RequestHeaders": {
        "Accept": "application/xml",
        "User-Agent": "azsdk-net-Storage.Files.Shares/12.21.0-alpha.20241018.1 (.NET 8.0.10; Microsoft Windows 10.0.22631)",
        "x-ms-client-request-id": "Sanitized",
        "x-ms-return-client-request-id": "true",
        "x-ms-version": "2025-01-05"
      },
      "RequestBody": null,
      "StatusCode": 200,
      "ResponseHeaders": {
        "Content-Type": "application/xml",
        "Date": "Fri, 18 Oct 2024 19:45:44 GMT",
        "Server": [
          "Windows-Azure-File/1.0",
          "Microsoft-HTTPAPI/2.0"
        ],
        "Transfer-Encoding": "chunked",
        "x-ms-client-request-id": "Sanitized",
        "x-ms-request-id": "76077241-201a-006e-1f96-218fed000000",
        "x-ms-version": "2025-01-05"
      },
      "ResponseBody": "\uFEFF<?xml version=\"1.0\" encoding=\"utf-8\"?><EnumerationResults ServiceEndpoint=\"https://jalauzonnettest.file.core.windows.net/\" ShareName=\"test-share-08e9867f-f878-cd7b-4603-b0f487acd9b8\" DirectoryPath=\"sourceFolder\"><DirectoryId>13835128424026341376</DirectoryId><Entries><Directory><Name>bar</Name><FileId>10376363910205800448</FileId><Properties /><Attributes>Directory</Attributes></Directory><Directory><Name>pik</Name><FileId>12682206919419494400</FileId><Properties /><Attributes>Directory</Attributes></Directory><File><Name>test-file-4f7bddae-aa96-74d5-e535-2dee5bb1c4e7</Name><FileId>11529285414812647424</FileId><Properties><Content-Length>512</Content-Length></Properties><Attributes>Archive</Attributes></File><File><Name>test-file-50ac82ba-c9f1-6282-4877-9c5fe61d498b</Name><FileId>16140971433240035328</FileId><Properties><Content-Length>512</Content-Length></Properties><Attributes>Archive</Attributes></File></Entries><NextMarker /></EnumerationResults>"
    },
    {
      "RequestUri": "https://jalauzonnettest.file.core.windows.net/test-share-4fb7d62d-7253-2399-3b7a-73d6336b76b8/destinationFolder/bar?restype=directory",
      "RequestMethod": "PUT",
      "RequestHeaders": {
        "Accept": "application/xml",
        "Authorization": "Sanitized",
        "Content-Length": "0",
        "traceparent": "00-bf5f1b2f73ad790c6077fa96b6fc4907-de1b5f0bc0fbad4c-00",
        "User-Agent": "azsdk-net-Storage.Files.Shares/12.21.0-alpha.20241018.1 (.NET 8.0.10; Microsoft Windows 10.0.22631)",
        "x-ms-client-request-id": "Sanitized",
        "x-ms-date": "Fri, 18 Oct 2024 19:45:45 GMT",
        "x-ms-file-attributes": "None",
        "x-ms-file-creation-time": "Now",
        "x-ms-file-last-write-time": "Now",
        "x-ms-file-permission": "Inherit",
        "x-ms-return-client-request-id": "true",
        "x-ms-version": "2025-01-05"
      },
      "RequestBody": null,
      "StatusCode": 201,
      "ResponseHeaders": {
        "Content-Length": "0",
        "Date": "Fri, 18 Oct 2024 19:45:44 GMT",
        "ETag": "\"0x8DCEFAD751E8419\"",
        "Last-Modified": "Fri, 18 Oct 2024 19:45:45 GMT",
        "Server": [
          "Windows-Azure-File/1.0",
          "Microsoft-HTTPAPI/2.0"
        ],
        "x-ms-client-request-id": "Sanitized",
        "x-ms-file-attributes": "Directory",
        "x-ms-file-change-time": "2024-10-18T19:45:45.3082649Z",
        "x-ms-file-creation-time": "2024-10-18T19:45:45.3082649Z",
        "x-ms-file-id": "11529285414812647424",
        "x-ms-file-last-write-time": "2024-10-18T19:45:45.3082649Z",
        "x-ms-file-parent-id": "13835128424026341376",
        "x-ms-file-permission-key": "1597566016123626978*9146977694084461163",
        "x-ms-request-id": "76077242-201a-006e-2096-218fed000000",
        "x-ms-request-server-encrypted": "true",
        "x-ms-version": "2025-01-05"
      },
      "ResponseBody": null
    },
    {
      "RequestUri": "https://jalauzonnettest.file.core.windows.net/test-share-4fb7d62d-7253-2399-3b7a-73d6336b76b8/destinationFolder/pik?restype=directory",
      "RequestMethod": "PUT",
      "RequestHeaders": {
        "Accept": "application/xml",
        "Authorization": "Sanitized",
        "Content-Length": "0",
        "traceparent": "00-d5015e3940dd01751b939e4db82bb756-209fe35e3b140c09-00",
        "User-Agent": "azsdk-net-Storage.Files.Shares/12.21.0-alpha.20241018.1 (.NET 8.0.10; Microsoft Windows 10.0.22631)",
        "x-ms-client-request-id": "Sanitized",
        "x-ms-date": "Fri, 18 Oct 2024 19:45:45 GMT",
        "x-ms-file-attributes": "None",
        "x-ms-file-creation-time": "Now",
        "x-ms-file-last-write-time": "Now",
        "x-ms-file-permission": "Inherit",
        "x-ms-return-client-request-id": "true",
        "x-ms-version": "2025-01-05"
      },
      "RequestBody": null,
      "StatusCode": 201,
      "ResponseHeaders": {
        "Content-Length": "0",
        "Date": "Fri, 18 Oct 2024 19:45:44 GMT",
        "ETag": "\"0x8DCEFAD752560E7\"",
        "Last-Modified": "Fri, 18 Oct 2024 19:45:45 GMT",
        "Server": [
          "Windows-Azure-File/1.0",
          "Microsoft-HTTPAPI/2.0"
        ],
        "x-ms-client-request-id": "Sanitized",
        "x-ms-file-attributes": "Directory",
        "x-ms-file-change-time": "2024-10-18T19:45:45.3532391Z",
        "x-ms-file-creation-time": "2024-10-18T19:45:45.3532391Z",
        "x-ms-file-id": "16140971433240035328",
        "x-ms-file-last-write-time": "2024-10-18T19:45:45.3532391Z",
        "x-ms-file-parent-id": "13835128424026341376",
        "x-ms-file-permission-key": "1597566016123626978*9146977694084461163",
        "x-ms-request-id": "76077243-201a-006e-2196-218fed000000",
        "x-ms-request-server-encrypted": "true",
        "x-ms-version": "2025-01-05"
      },
      "ResponseBody": null
    },
    {
      "RequestUri": "https://jalauzonnettest.file.core.windows.net/test-share-08e9867f-f878-cd7b-4603-b0f487acd9b8/sourceFolder/bar?sv=Sanitized&ss=f&srt=sco&se=2024-10-19T19%3A45%3A44Z&sp=rwdxylacuptfi&sig=Sanitized&restype=directory&comp=list&include=Attributes",
      "RequestMethod": "GET",
      "RequestHeaders": {
        "Accept": "application/xml",
        "User-Agent": "azsdk-net-Storage.Files.Shares/12.21.0-alpha.20241018.1 (.NET 8.0.10; Microsoft Windows 10.0.22631)",
        "x-ms-client-request-id": "Sanitized",
        "x-ms-return-client-request-id": "true",
        "x-ms-version": "2025-01-05"
      },
      "RequestBody": null,
      "StatusCode": 200,
      "ResponseHeaders": {
        "Content-Type": "application/xml",
        "Date": "Fri, 18 Oct 2024 19:45:44 GMT",
        "Server": [
          "Windows-Azure-File/1.0",
          "Microsoft-HTTPAPI/2.0"
        ],
        "Transfer-Encoding": "chunked",
        "x-ms-client-request-id": "Sanitized",
        "x-ms-request-id": "76077244-201a-006e-2296-218fed000000",
        "x-ms-version": "2025-01-05"
      },
      "ResponseBody": "\uFEFF<?xml version=\"1.0\" encoding=\"utf-8\"?><EnumerationResults ServiceEndpoint=\"https://jalauzonnettest.file.core.windows.net/\" ShareName=\"test-share-08e9867f-f878-cd7b-4603-b0f487acd9b8\" DirectoryPath=\"sourceFolder/bar\"><DirectoryId>10376363910205800448</DirectoryId><Entries><File><Name>test-file-7b92c1f0-73c8-708d-ab33-3073049ce3d8</Name><FileId>14988049928633188352</FileId><Properties><Content-Length>512</Content-Length></Properties><Attributes>Archive</Attributes></File></Entries><NextMarker /></EnumerationResults>"
    },
    {
      "RequestUri": "https://jalauzonnettest.file.core.windows.net/test-share-08e9867f-f878-cd7b-4603-b0f487acd9b8/sourceFolder/test-file-50ac82ba-c9f1-6282-4877-9c5fe61d498b?sv=Sanitized&ss=f&srt=sco&se=2024-10-19T19%3A45%3A44Z&sp=rwdxylacuptfi&sig=Sanitized",
      "RequestMethod": "HEAD",
      "RequestHeaders": {
        "Accept": "application/xml",
        "traceparent": "00-9d3d42a759cdce84de77083bcaa6541f-ddd944bacbde848e-00",
        "User-Agent": "azsdk-net-Storage.Files.Shares/12.21.0-alpha.20241018.1 (.NET 8.0.10; Microsoft Windows 10.0.22631)",
        "x-ms-client-request-id": "Sanitized",
        "x-ms-return-client-request-id": "true",
        "x-ms-version": "2025-01-05"
      },
      "RequestBody": null,
      "StatusCode": 200,
      "ResponseHeaders": {
        "Cache-Control": "no-cache",
        "Content-Disposition": "inline",
        "Content-Language": [
          "en-US",
          "en-CA"
        ],
        "Content-Length": "512",
        "Content-Type": "application/octet-stream",
        "Date": "Fri, 18 Oct 2024 19:45:44 GMT",
        "ETag": "\"0x8DCEFAD74EC57E0\"",
        "Last-Modified": "Fri, 18 Oct 2024 19:45:44 GMT",
        "Server": [
          "Windows-Azure-File/1.0",
          "Microsoft-HTTPAPI/2.0"
        ],
        "x-ms-client-request-id": "Sanitized",
        "x-ms-file-attributes": "Archive",
        "x-ms-file-change-time": "2024-04-01T13:30:03.0000000Z",
        "x-ms-file-creation-time": "2024-04-01T09:05:55.0000000Z",
        "x-ms-file-id": "16140971433240035328",
        "x-ms-file-last-write-time": "2024-04-01T12:16:06.0000000Z",
        "x-ms-file-parent-id": "13835128424026341376",
        "x-ms-file-permission-key": "15442983316638046949*9146977694084461163",
        "x-ms-lease-state": "available",
        "x-ms-lease-status": "unlocked",
        "x-ms-meta-Capital": "letter",
        "x-ms-meta-foo": "bar",
        "x-ms-meta-meta": "data",
        "x-ms-meta-UPPER": "case",
        "x-ms-request-id": "f20e3fdb-001a-009d-2796-212878000000",
        "x-ms-server-encrypted": "true",
        "x-ms-type": "File",
        "x-ms-version": "2025-01-05"
      },
      "ResponseBody": null
    },
    {
      "RequestUri": "https://jalauzonnettest.file.core.windows.net/test-share-08e9867f-f878-cd7b-4603-b0f487acd9b8/sourceFolder/test-file-4f7bddae-aa96-74d5-e535-2dee5bb1c4e7?sv=Sanitized&ss=f&srt=sco&se=2024-10-19T19%3A45%3A44Z&sp=rwdxylacuptfi&sig=Sanitized",
      "RequestMethod": "HEAD",
      "RequestHeaders": {
        "Accept": "application/xml",
        "traceparent": "00-bfe6b58dcc4322bc9bfa3e16f46c6606-9fedc5dc78350c91-00",
        "User-Agent": "azsdk-net-Storage.Files.Shares/12.21.0-alpha.20241018.1 (.NET 8.0.10; Microsoft Windows 10.0.22631)",
        "x-ms-client-request-id": "Sanitized",
        "x-ms-return-client-request-id": "true",
        "x-ms-version": "2025-01-05"
      },
      "RequestBody": null,
      "StatusCode": 200,
      "ResponseHeaders": {
        "Cache-Control": "no-cache",
        "Content-Disposition": "inline",
        "Content-Language": [
          "en-US",
          "en-CA"
        ],
        "Content-Length": "512",
        "Content-Type": "application/octet-stream",
        "Date": "Fri, 18 Oct 2024 19:45:45 GMT",
        "ETag": "\"0x8DCEFAD74E505F7\"",
        "Last-Modified": "Fri, 18 Oct 2024 19:45:44 GMT",
        "Server": [
          "Windows-Azure-File/1.0",
          "Microsoft-HTTPAPI/2.0"
        ],
        "x-ms-client-request-id": "Sanitized",
        "x-ms-file-attributes": "Archive",
        "x-ms-file-change-time": "2024-04-01T13:30:03.0000000Z",
        "x-ms-file-creation-time": "2024-04-01T09:05:55.0000000Z",
        "x-ms-file-id": "11529285414812647424",
        "x-ms-file-last-write-time": "2024-04-01T12:16:06.0000000Z",
        "x-ms-file-parent-id": "13835128424026341376",
        "x-ms-file-permission-key": "15442983316638046949*9146977694084461163",
        "x-ms-lease-state": "available",
        "x-ms-lease-status": "unlocked",
        "x-ms-meta-Capital": "letter",
        "x-ms-meta-foo": "bar",
        "x-ms-meta-meta": "data",
        "x-ms-meta-UPPER": "case",
        "x-ms-request-id": "d2c6c1ed-801a-0015-6e96-21cd71000000",
        "x-ms-server-encrypted": "true",
        "x-ms-type": "File",
        "x-ms-version": "2025-01-05"
      },
      "ResponseBody": null
    },
    {
      "RequestUri": "https://jalauzonnettest.file.core.windows.net/test-share-08e9867f-f878-cd7b-4603-b0f487acd9b8/sourceFolder/pik?sv=Sanitized&ss=f&srt=sco&se=2024-10-19T19%3A45%3A44Z&sp=rwdxylacuptfi&sig=Sanitized&restype=directory&comp=list&include=Attributes",
      "RequestMethod": "GET",
      "RequestHeaders": {
        "Accept": "application/xml",
        "traceparent": "00-1df9c53158f8f3ee0b6a35eade1cb8f4-3b3b31d61c1ff966-00",
        "User-Agent": "azsdk-net-Storage.Files.Shares/12.21.0-alpha.20241018.1 (.NET 8.0.10; Microsoft Windows 10.0.22631)",
        "x-ms-client-request-id": "Sanitized",
        "x-ms-return-client-request-id": "true",
        "x-ms-version": "2025-01-05"
      },
      "RequestBody": null,
      "StatusCode": 200,
      "ResponseHeaders": {
        "Content-Type": "application/xml",
        "Date": "Fri, 18 Oct 2024 19:45:44 GMT",
        "Server": [
          "Windows-Azure-File/1.0",
          "Microsoft-HTTPAPI/2.0"
        ],
        "Transfer-Encoding": "chunked",
        "x-ms-client-request-id": "Sanitized",
        "x-ms-request-id": "f20e3fdd-001a-009d-2896-212878000000",
        "x-ms-version": "2025-01-05"
      },
      "ResponseBody": "\uFEFF<?xml version=\"1.0\" encoding=\"utf-8\"?><EnumerationResults ServiceEndpoint=\"https://jalauzonnettest.file.core.windows.net/\" ShareName=\"test-share-08e9867f-f878-cd7b-4603-b0f487acd9b8\" DirectoryPath=\"sourceFolder/pik\"><DirectoryId>12682206919419494400</DirectoryId><Entries><File><Name>test-file-34276066-a472-2de4-3f65-58c3c27f8e1d</Name><FileId>17293892937846882304</FileId><Properties><Content-Length>512</Content-Length></Properties><Attributes>Archive</Attributes></File></Entries><NextMarker /></EnumerationResults>"
    },
    {
      "RequestUri": "https://jalauzonnettest.file.core.windows.net/test-share-08e9867f-f878-cd7b-4603-b0f487acd9b8/sourceFolder/test-file-50ac82ba-c9f1-6282-4877-9c5fe61d498b?sv=Sanitized&ss=f&srt=sco&se=2024-10-19T19%3A45%3A44Z&sp=rwdxylacuptfi&sig=Sanitized",
      "RequestMethod": "HEAD",
      "RequestHeaders": {
        "Accept": "application/xml",
        "traceparent": "00-bbf6a278f175f425a7b4e0c97bc173f9-a2f1da6773385a07-00",
        "User-Agent": "azsdk-net-Storage.Files.Shares/12.21.0-alpha.20241018.1 (.NET 8.0.10; Microsoft Windows 10.0.22631)",
        "x-ms-client-request-id": "Sanitized",
        "x-ms-return-client-request-id": "true",
        "x-ms-version": "2025-01-05"
      },
      "RequestBody": null,
      "StatusCode": 200,
      "ResponseHeaders": {
        "Cache-Control": "no-cache",
        "Content-Disposition": "inline",
        "Content-Language": [
          "en-US",
          "en-CA"
        ],
        "Content-Length": "512",
        "Content-Type": "application/octet-stream",
        "Date": "Fri, 18 Oct 2024 19:45:45 GMT",
        "ETag": "\"0x8DCEFAD74EC57E0\"",
        "Last-Modified": "Fri, 18 Oct 2024 19:45:44 GMT",
        "Server": [
          "Windows-Azure-File/1.0",
          "Microsoft-HTTPAPI/2.0"
        ],
        "x-ms-client-request-id": "Sanitized",
        "x-ms-file-attributes": "Archive",
        "x-ms-file-change-time": "2024-04-01T13:30:03.0000000Z",
        "x-ms-file-creation-time": "2024-04-01T09:05:55.0000000Z",
        "x-ms-file-id": "16140971433240035328",
        "x-ms-file-last-write-time": "2024-04-01T12:16:06.0000000Z",
        "x-ms-file-parent-id": "13835128424026341376",
        "x-ms-file-permission-key": "15442983316638046949*9146977694084461163",
        "x-ms-lease-state": "available",
        "x-ms-lease-status": "unlocked",
        "x-ms-meta-Capital": "letter",
        "x-ms-meta-foo": "bar",
        "x-ms-meta-meta": "data",
        "x-ms-meta-UPPER": "case",
        "x-ms-request-id": "d2c6c1ef-801a-0015-6f96-21cd71000000",
        "x-ms-server-encrypted": "true",
        "x-ms-type": "File",
        "x-ms-version": "2025-01-05"
      },
      "ResponseBody": null
    },
    {
      "RequestUri": "https://jalauzonnettest.file.core.windows.net/test-share-08e9867f-f878-cd7b-4603-b0f487acd9b8/sourceFolder/bar/test-file-7b92c1f0-73c8-708d-ab33-3073049ce3d8?sv=Sanitized&ss=f&srt=sco&se=2024-10-19T19%3A45%3A44Z&sp=rwdxylacuptfi&sig=Sanitized",
      "RequestMethod": "HEAD",
      "RequestHeaders": {
        "Accept": "application/xml",
        "traceparent": "00-b739640516722325047c04be7a41ed79-9abf19ed6ecd89f5-00",
        "User-Agent": "azsdk-net-Storage.Files.Shares/12.21.0-alpha.20241018.1 (.NET 8.0.10; Microsoft Windows 10.0.22631)",
        "x-ms-client-request-id": "Sanitized",
        "x-ms-return-client-request-id": "true",
        "x-ms-version": "2025-01-05"
      },
      "RequestBody": null,
      "StatusCode": 200,
      "ResponseHeaders": {
        "Cache-Control": "no-cache",
        "Content-Disposition": "inline",
        "Content-Language": [
          "en-US",
          "en-CA"
        ],
        "Content-Length": "512",
        "Content-Type": "application/octet-stream",
        "Date": "Fri, 18 Oct 2024 19:45:44 GMT",
        "ETag": "\"0x8DCEFAD74FA3888\"",
        "Last-Modified": "Fri, 18 Oct 2024 19:45:45 GMT",
        "Server": [
          "Windows-Azure-File/1.0",
          "Microsoft-HTTPAPI/2.0"
        ],
        "x-ms-client-request-id": "Sanitized",
        "x-ms-file-attributes": "Archive",
        "x-ms-file-change-time": "2024-04-01T13:30:03.0000000Z",
        "x-ms-file-creation-time": "2024-04-01T09:05:55.0000000Z",
        "x-ms-file-id": "14988049928633188352",
        "x-ms-file-last-write-time": "2024-04-01T12:16:06.0000000Z",
        "x-ms-file-parent-id": "10376363910205800448",
        "x-ms-file-permission-key": "15442983316638046949*9146977694084461163",
        "x-ms-lease-state": "available",
        "x-ms-lease-status": "unlocked",
        "x-ms-meta-Capital": "letter",
        "x-ms-meta-foo": "bar",
        "x-ms-meta-meta": "data",
        "x-ms-meta-UPPER": "case",
        "x-ms-request-id": "76077245-201a-006e-2396-218fed000000",
        "x-ms-server-encrypted": "true",
        "x-ms-type": "File",
        "x-ms-version": "2025-01-05"
      },
      "ResponseBody": null
    },
    {
      "RequestUri": "https://jalauzonnettest.file.core.windows.net/test-share-08e9867f-f878-cd7b-4603-b0f487acd9b8/sourceFolder/test-file-4f7bddae-aa96-74d5-e535-2dee5bb1c4e7?sv=Sanitized&ss=f&srt=sco&se=2024-10-19T19%3A45%3A44Z&sp=rwdxylacuptfi&sig=Sanitized",
      "RequestMethod": "HEAD",
      "RequestHeaders": {
        "Accept": "application/xml",
        "traceparent": "00-6a65cfed99ffb7d24b4e4996412a041f-013a383ddd20a700-00",
        "User-Agent": "azsdk-net-Storage.Files.Shares/12.21.0-alpha.20241018.1 (.NET 8.0.10; Microsoft Windows 10.0.22631)",
        "x-ms-client-request-id": "Sanitized",
        "x-ms-return-client-request-id": "true",
        "x-ms-version": "2025-01-05"
      },
      "RequestBody": null,
      "StatusCode": 200,
      "ResponseHeaders": {
        "Cache-Control": "no-cache",
        "Content-Disposition": "inline",
        "Content-Language": [
          "en-US",
          "en-CA"
        ],
        "Content-Length": "512",
        "Content-Type": "application/octet-stream",
        "Date": "Fri, 18 Oct 2024 19:45:44 GMT",
        "ETag": "\"0x8DCEFAD74E505F7\"",
        "Last-Modified": "Fri, 18 Oct 2024 19:45:44 GMT",
        "Server": [
          "Windows-Azure-File/1.0",
          "Microsoft-HTTPAPI/2.0"
        ],
        "x-ms-client-request-id": "Sanitized",
        "x-ms-file-attributes": "Archive",
        "x-ms-file-change-time": "2024-04-01T13:30:03.0000000Z",
        "x-ms-file-creation-time": "2024-04-01T09:05:55.0000000Z",
        "x-ms-file-id": "11529285414812647424",
        "x-ms-file-last-write-time": "2024-04-01T12:16:06.0000000Z",
        "x-ms-file-parent-id": "13835128424026341376",
        "x-ms-file-permission-key": "15442983316638046949*9146977694084461163",
        "x-ms-lease-state": "available",
        "x-ms-lease-status": "unlocked",
        "x-ms-meta-Capital": "letter",
        "x-ms-meta-foo": "bar",
        "x-ms-meta-meta": "data",
        "x-ms-meta-UPPER": "case",
        "x-ms-request-id": "00681991-501a-005b-3196-21e3f9000000",
        "x-ms-server-encrypted": "true",
        "x-ms-type": "File",
        "x-ms-version": "2025-01-05"
      },
      "ResponseBody": null
    },
    {
      "RequestUri": "https://jalauzonnettest.file.core.windows.net/test-share-4fb7d62d-7253-2399-3b7a-73d6336b76b8/destinationFolder/test-file-50ac82ba-c9f1-6282-4877-9c5fe61d498b",
      "RequestMethod": "HEAD",
      "RequestHeaders": {
        "Accept": "application/xml",
        "Authorization": "Sanitized",
        "traceparent": "00-1efbeea700f429f38e16c5b12bd6d299-8be0dfea2e1b1c62-00",
        "User-Agent": "azsdk-net-Storage.Files.Shares/12.21.0-alpha.20241018.1 (.NET 8.0.10; Microsoft Windows 10.0.22631)",
        "x-ms-client-request-id": "Sanitized",
        "x-ms-date": "Fri, 18 Oct 2024 19:45:45 GMT",
        "x-ms-return-client-request-id": "true",
        "x-ms-version": "2025-01-05"
      },
      "RequestBody": null,
      "StatusCode": 404,
      "ResponseHeaders": {
        "Date": "Fri, 18 Oct 2024 19:45:44 GMT",
        "Server": [
          "Windows-Azure-File/1.0",
          "Microsoft-HTTPAPI/2.0"
        ],
        "Transfer-Encoding": "chunked",
        "x-ms-client-request-id": "Sanitized",
        "x-ms-error-code": "ResourceNotFound",
        "x-ms-request-id": "76077246-201a-006e-2496-218fed000000",
        "x-ms-version": "2025-01-05"
      },
      "ResponseBody": null
    },
    {
      "RequestUri": "https://jalauzonnettest.file.core.windows.net/test-share-08e9867f-f878-cd7b-4603-b0f487acd9b8/sourceFolder/pik/test-file-34276066-a472-2de4-3f65-58c3c27f8e1d?sv=Sanitized&ss=f&srt=sco&se=2024-10-19T19%3A45%3A44Z&sp=rwdxylacuptfi&sig=Sanitized",
      "RequestMethod": "HEAD",
      "RequestHeaders": {
        "Accept": "application/xml",
        "traceparent": "00-3b4b28264a1d1bae0943bc3642380682-c4696dcb85da726c-00",
        "User-Agent": "azsdk-net-Storage.Files.Shares/12.21.0-alpha.20241018.1 (.NET 8.0.10; Microsoft Windows 10.0.22631)",
        "x-ms-client-request-id": "Sanitized",
        "x-ms-return-client-request-id": "true",
        "x-ms-version": "2025-01-05"
      },
      "RequestBody": null,
      "StatusCode": 200,
      "ResponseHeaders": {
        "Cache-Control": "no-cache",
        "Content-Disposition": "inline",
        "Content-Language": [
          "en-US",
          "en-CA"
        ],
        "Content-Length": "512",
        "Content-Type": "application/octet-stream",
        "Date": "Fri, 18 Oct 2024 19:45:45 GMT",
        "ETag": "\"0x8DCEFAD75095184\"",
        "Last-Modified": "Fri, 18 Oct 2024 19:45:45 GMT",
        "Server": [
          "Windows-Azure-File/1.0",
          "Microsoft-HTTPAPI/2.0"
        ],
        "x-ms-client-request-id": "Sanitized",
        "x-ms-file-attributes": "Archive",
        "x-ms-file-change-time": "2024-04-01T13:30:03.0000000Z",
        "x-ms-file-creation-time": "2024-04-01T09:05:55.0000000Z",
        "x-ms-file-id": "17293892937846882304",
        "x-ms-file-last-write-time": "2024-04-01T12:16:06.0000000Z",
        "x-ms-file-parent-id": "12682206919419494400",
        "x-ms-file-permission-key": "15442983316638046949*9146977694084461163",
        "x-ms-lease-state": "available",
        "x-ms-lease-status": "unlocked",
        "x-ms-meta-Capital": "letter",
        "x-ms-meta-foo": "bar",
        "x-ms-meta-meta": "data",
        "x-ms-meta-UPPER": "case",
        "x-ms-request-id": "d2c6c1f2-801a-0015-7196-21cd71000000",
        "x-ms-server-encrypted": "true",
        "x-ms-type": "File",
        "x-ms-version": "2025-01-05"
      },
      "ResponseBody": null
    },
    {
      "RequestUri": "https://jalauzonnettest.file.core.windows.net/test-share-08e9867f-f878-cd7b-4603-b0f487acd9b8/sourceFolder/bar/test-file-7b92c1f0-73c8-708d-ab33-3073049ce3d8?sv=Sanitized&ss=f&srt=sco&se=2024-10-19T19%3A45%3A44Z&sp=rwdxylacuptfi&sig=Sanitized",
      "RequestMethod": "HEAD",
      "RequestHeaders": {
        "Accept": "application/xml",
        "traceparent": "00-405ff9d02a478a9708330b436d53dfff-63c2d20ece48475f-00",
        "User-Agent": "azsdk-net-Storage.Files.Shares/12.21.0-alpha.20241018.1 (.NET 8.0.10; Microsoft Windows 10.0.22631)",
        "x-ms-client-request-id": "Sanitized",
        "x-ms-return-client-request-id": "true",
        "x-ms-version": "2025-01-05"
      },
      "RequestBody": null,
      "StatusCode": 200,
      "ResponseHeaders": {
        "Cache-Control": "no-cache",
        "Content-Disposition": "inline",
        "Content-Language": [
          "en-US",
          "en-CA"
        ],
        "Content-Length": "512",
        "Content-Type": "application/octet-stream",
        "Date": "Fri, 18 Oct 2024 19:45:44 GMT",
        "ETag": "\"0x8DCEFAD74FA3888\"",
        "Last-Modified": "Fri, 18 Oct 2024 19:45:45 GMT",
        "Server": [
          "Windows-Azure-File/1.0",
          "Microsoft-HTTPAPI/2.0"
        ],
        "x-ms-client-request-id": "Sanitized",
        "x-ms-file-attributes": "Archive",
        "x-ms-file-change-time": "2024-04-01T13:30:03.0000000Z",
        "x-ms-file-creation-time": "2024-04-01T09:05:55.0000000Z",
        "x-ms-file-id": "14988049928633188352",
        "x-ms-file-last-write-time": "2024-04-01T12:16:06.0000000Z",
        "x-ms-file-parent-id": "10376363910205800448",
        "x-ms-file-permission-key": "15442983316638046949*9146977694084461163",
        "x-ms-lease-state": "available",
        "x-ms-lease-status": "unlocked",
        "x-ms-meta-Capital": "letter",
        "x-ms-meta-foo": "bar",
        "x-ms-meta-meta": "data",
        "x-ms-meta-UPPER": "case",
        "x-ms-request-id": "f20e3fde-001a-009d-2996-212878000000",
        "x-ms-server-encrypted": "true",
        "x-ms-type": "File",
        "x-ms-version": "2025-01-05"
      },
      "ResponseBody": null
    },
    {
      "RequestUri": "https://jalauzonnettest.file.core.windows.net/test-share-4fb7d62d-7253-2399-3b7a-73d6336b76b8/destinationFolder/test-file-4f7bddae-aa96-74d5-e535-2dee5bb1c4e7",
      "RequestMethod": "HEAD",
      "RequestHeaders": {
        "Accept": "application/xml",
        "Authorization": "Sanitized",
        "traceparent": "00-8cb97f06cd4f01d85a4e22012232f1f9-43ff0f1afa1dd1d3-00",
        "User-Agent": "azsdk-net-Storage.Files.Shares/12.21.0-alpha.20241018.1 (.NET 8.0.10; Microsoft Windows 10.0.22631)",
        "x-ms-client-request-id": "Sanitized",
        "x-ms-date": "Fri, 18 Oct 2024 19:45:45 GMT",
        "x-ms-return-client-request-id": "true",
        "x-ms-version": "2025-01-05"
      },
      "RequestBody": null,
      "StatusCode": 404,
      "ResponseHeaders": {
        "Date": "Fri, 18 Oct 2024 19:45:44 GMT",
        "Server": [
          "Windows-Azure-File/1.0",
          "Microsoft-HTTPAPI/2.0"
        ],
        "Transfer-Encoding": "chunked",
        "x-ms-client-request-id": "Sanitized",
        "x-ms-error-code": "ResourceNotFound",
        "x-ms-request-id": "00681993-501a-005b-3296-21e3f9000000",
        "x-ms-version": "2025-01-05"
      },
      "ResponseBody": null
    },
    {
      "RequestUri": "https://jalauzonnettest.file.core.windows.net/test-share-08e9867f-f878-cd7b-4603-b0f487acd9b8/sourceFolder/pik/test-file-34276066-a472-2de4-3f65-58c3c27f8e1d?sv=Sanitized&ss=f&srt=sco&se=2024-10-19T19%3A45%3A44Z&sp=rwdxylacuptfi&sig=Sanitized",
      "RequestMethod": "HEAD",
      "RequestHeaders": {
        "Accept": "application/xml",
        "traceparent": "00-e558fbdaaedcb746b59ecb4d0609bf03-cc631781ad211c0b-00",
        "User-Agent": "azsdk-net-Storage.Files.Shares/12.21.0-alpha.20241018.1 (.NET 8.0.10; Microsoft Windows 10.0.22631)",
        "x-ms-client-request-id": "Sanitized",
        "x-ms-return-client-request-id": "true",
        "x-ms-version": "2025-01-05"
      },
      "RequestBody": null,
      "StatusCode": 200,
      "ResponseHeaders": {
        "Cache-Control": "no-cache",
        "Content-Disposition": "inline",
        "Content-Language": [
          "en-US",
          "en-CA"
        ],
        "Content-Length": "512",
        "Content-Type": "application/octet-stream",
        "Date": "Fri, 18 Oct 2024 19:45:45 GMT",
        "ETag": "\"0x8DCEFAD75095184\"",
        "Last-Modified": "Fri, 18 Oct 2024 19:45:45 GMT",
        "Server": [
          "Windows-Azure-File/1.0",
          "Microsoft-HTTPAPI/2.0"
        ],
        "x-ms-client-request-id": "Sanitized",
        "x-ms-file-attributes": "Archive",
        "x-ms-file-change-time": "2024-04-01T13:30:03.0000000Z",
        "x-ms-file-creation-time": "2024-04-01T09:05:55.0000000Z",
        "x-ms-file-id": "17293892937846882304",
        "x-ms-file-last-write-time": "2024-04-01T12:16:06.0000000Z",
        "x-ms-file-parent-id": "12682206919419494400",
        "x-ms-file-permission-key": "15442983316638046949*9146977694084461163",
        "x-ms-lease-state": "available",
        "x-ms-lease-status": "unlocked",
        "x-ms-meta-Capital": "letter",
        "x-ms-meta-foo": "bar",
        "x-ms-meta-meta": "data",
        "x-ms-meta-UPPER": "case",
        "x-ms-request-id": "d2c6c1f3-801a-0015-7296-21cd71000000",
        "x-ms-server-encrypted": "true",
        "x-ms-type": "File",
        "x-ms-version": "2025-01-05"
      },
      "ResponseBody": null
    },
    {
      "RequestUri": "https://jalauzonnettest.file.core.windows.net/test-share-4fb7d62d-7253-2399-3b7a-73d6336b76b8/destinationFolder/bar/test-file-7b92c1f0-73c8-708d-ab33-3073049ce3d8",
      "RequestMethod": "HEAD",
      "RequestHeaders": {
        "Accept": "application/xml",
        "Authorization": "Sanitized",
        "traceparent": "00-10cab0a3d2c0fa53eb176f36a1464e44-cf7cb51dba11d074-00",
        "User-Agent": "azsdk-net-Storage.Files.Shares/12.21.0-alpha.20241018.1 (.NET 8.0.10; Microsoft Windows 10.0.22631)",
        "x-ms-client-request-id": "Sanitized",
        "x-ms-date": "Fri, 18 Oct 2024 19:45:45 GMT",
        "x-ms-return-client-request-id": "true",
        "x-ms-version": "2025-01-05"
      },
      "RequestBody": null,
      "StatusCode": 404,
      "ResponseHeaders": {
        "Date": "Fri, 18 Oct 2024 19:45:45 GMT",
        "Server": [
          "Windows-Azure-File/1.0",
          "Microsoft-HTTPAPI/2.0"
        ],
        "Transfer-Encoding": "chunked",
        "x-ms-client-request-id": "Sanitized",
        "x-ms-error-code": "ResourceNotFound",
        "x-ms-request-id": "76077247-201a-006e-2596-218fed000000",
        "x-ms-version": "2025-01-05"
      },
      "ResponseBody": null
    },
    {
      "RequestUri": "https://jalauzonnettest.file.core.windows.net/test-share-4fb7d62d-7253-2399-3b7a-73d6336b76b8/destinationFolder/test-file-50ac82ba-c9f1-6282-4877-9c5fe61d498b",
      "RequestMethod": "PUT",
      "RequestHeaders": {
        "Accept": "application/xml",
        "Authorization": "Sanitized",
        "Content-Length": "0",
        "traceparent": "00-36cca66db5b836ccdaca4517d7543cb0-d31ed71eb56b0c2b-00",
        "User-Agent": "azsdk-net-Storage.Files.Shares/12.21.0-alpha.20241018.1 (.NET 8.0.10; Microsoft Windows 10.0.22631)",
        "x-ms-cache-control": "no-cache",
        "x-ms-client-request-id": "Sanitized",
        "x-ms-content-disposition": "inline",
        "x-ms-content-language": "en-US,en-CA",
        "x-ms-content-length": "512",
        "x-ms-content-type": "application/octet-stream",
        "x-ms-date": "Fri, 18 Oct 2024 19:45:45 GMT",
        "x-ms-file-attributes": "Archive",
        "x-ms-file-change-time": "2024-04-01T13:30:03.0000000Z",
        "x-ms-file-creation-time": "2024-04-01T09:05:55.0000000Z",
        "x-ms-file-last-write-time": "2024-04-01T12:16:06.0000000Z",
        "x-ms-file-permission": "Inherit",
        "x-ms-meta-Capital": "letter",
        "x-ms-meta-foo": "bar",
        "x-ms-meta-meta": "data",
        "x-ms-meta-UPPER": "case",
        "x-ms-return-client-request-id": "true",
        "x-ms-type": "file",
        "x-ms-version": "2025-01-05"
      },
      "RequestBody": null,
      "StatusCode": 201,
      "ResponseHeaders": {
        "Content-Length": "0",
        "Date": "Fri, 18 Oct 2024 19:45:44 GMT",
        "ETag": "\"0x8DCEFAD75412237\"",
        "Last-Modified": "Fri, 18 Oct 2024 19:45:45 GMT",
        "Server": [
          "Windows-Azure-File/1.0",
          "Microsoft-HTTPAPI/2.0"
        ],
        "x-ms-client-request-id": "Sanitized",
        "x-ms-file-attributes": "Archive",
        "x-ms-file-change-time": "2024-04-01T13:30:03.0000000Z",
        "x-ms-file-creation-time": "2024-04-01T09:05:55.0000000Z",
        "x-ms-file-id": "13835093239654252544",
        "x-ms-file-last-write-time": "2024-04-01T12:16:06.0000000Z",
        "x-ms-file-parent-id": "13835128424026341376",
        "x-ms-file-permission-key": "15442983316638046949*9146977694084461163",
        "x-ms-request-id": "f20e3fdf-001a-009d-2a96-212878000000",
        "x-ms-request-server-encrypted": "true",
        "x-ms-version": "2025-01-05"
      },
      "ResponseBody": null
    },
    {
      "RequestUri": "https://jalauzonnettest.file.core.windows.net/test-share-4fb7d62d-7253-2399-3b7a-73d6336b76b8/destinationFolder/test-file-4f7bddae-aa96-74d5-e535-2dee5bb1c4e7",
      "RequestMethod": "PUT",
      "RequestHeaders": {
        "Accept": "application/xml",
        "Authorization": "Sanitized",
        "Content-Length": "0",
        "traceparent": "00-e13b59359636ae77e53bc48c68e80008-0cc671af7d3d46a1-00",
        "User-Agent": "azsdk-net-Storage.Files.Shares/12.21.0-alpha.20241018.1 (.NET 8.0.10; Microsoft Windows 10.0.22631)",
        "x-ms-cache-control": "no-cache",
        "x-ms-client-request-id": "Sanitized",
        "x-ms-content-disposition": "inline",
        "x-ms-content-language": "en-US,en-CA",
        "x-ms-content-length": "512",
        "x-ms-content-type": "application/octet-stream",
        "x-ms-date": "Fri, 18 Oct 2024 19:45:45 GMT",
        "x-ms-file-attributes": "Archive",
        "x-ms-file-change-time": "2024-04-01T13:30:03.0000000Z",
        "x-ms-file-creation-time": "2024-04-01T09:05:55.0000000Z",
        "x-ms-file-last-write-time": "2024-04-01T12:16:06.0000000Z",
        "x-ms-file-permission": "Inherit",
        "x-ms-meta-Capital": "letter",
        "x-ms-meta-foo": "bar",
        "x-ms-meta-meta": "data",
        "x-ms-meta-UPPER": "case",
        "x-ms-return-client-request-id": "true",
        "x-ms-type": "file",
        "x-ms-version": "2025-01-05"
      },
      "RequestBody": null,
      "StatusCode": 201,
      "ResponseHeaders": {
        "Content-Length": "0",
        "Date": "Fri, 18 Oct 2024 19:45:44 GMT",
        "ETag": "\"0x8DCEFAD75436BD2\"",
        "Last-Modified": "Fri, 18 Oct 2024 19:45:45 GMT",
        "Server": [
          "Windows-Azure-File/1.0",
          "Microsoft-HTTPAPI/2.0"
        ],
        "x-ms-client-request-id": "Sanitized",
        "x-ms-file-attributes": "Archive",
        "x-ms-file-change-time": "2024-04-01T13:30:03.0000000Z",
        "x-ms-file-creation-time": "2024-04-01T09:05:55.0000000Z",
        "x-ms-file-id": "13835163608398430208",
        "x-ms-file-last-write-time": "2024-04-01T12:16:06.0000000Z",
        "x-ms-file-parent-id": "13835128424026341376",
        "x-ms-file-permission-key": "15442983316638046949*9146977694084461163",
        "x-ms-request-id": "00681995-501a-005b-3396-21e3f9000000",
        "x-ms-request-server-encrypted": "true",
        "x-ms-version": "2025-01-05"
      },
      "ResponseBody": null
    },
    {
      "RequestUri": "https://jalauzonnettest.file.core.windows.net/test-share-4fb7d62d-7253-2399-3b7a-73d6336b76b8/destinationFolder/pik/test-file-34276066-a472-2de4-3f65-58c3c27f8e1d",
      "RequestMethod": "HEAD",
      "RequestHeaders": {
        "Accept": "application/xml",
        "Authorization": "Sanitized",
        "traceparent": "00-d40d5176b665a38674480ca1a946377d-136a97a65ca82d50-00",
        "User-Agent": "azsdk-net-Storage.Files.Shares/12.21.0-alpha.20241018.1 (.NET 8.0.10; Microsoft Windows 10.0.22631)",
        "x-ms-client-request-id": "Sanitized",
        "x-ms-date": "Fri, 18 Oct 2024 19:45:45 GMT",
        "x-ms-return-client-request-id": "true",
        "x-ms-version": "2025-01-05"
      },
      "RequestBody": null,
      "StatusCode": 404,
      "ResponseHeaders": {
        "Date": "Fri, 18 Oct 2024 19:45:45 GMT",
        "Server": [
          "Windows-Azure-File/1.0",
          "Microsoft-HTTPAPI/2.0"
        ],
        "Transfer-Encoding": "chunked",
        "x-ms-client-request-id": "Sanitized",
        "x-ms-error-code": "ResourceNotFound",
        "x-ms-request-id": "76077248-201a-006e-2696-218fed000000",
        "x-ms-version": "2025-01-05"
      },
      "ResponseBody": null
    },
    {
      "RequestUri": "https://jalauzonnettest.file.core.windows.net/test-share-4fb7d62d-7253-2399-3b7a-73d6336b76b8/destinationFolder/bar/test-file-7b92c1f0-73c8-708d-ab33-3073049ce3d8",
      "RequestMethod": "PUT",
      "RequestHeaders": {
        "Accept": "application/xml",
        "Authorization": "Sanitized",
        "Content-Length": "0",
        "traceparent": "00-85ede98aa660e855a99ebc57c58eb33e-72d728e14d7bd94f-00",
        "User-Agent": "azsdk-net-Storage.Files.Shares/12.21.0-alpha.20241018.1 (.NET 8.0.10; Microsoft Windows 10.0.22631)",
        "x-ms-cache-control": "no-cache",
        "x-ms-client-request-id": "Sanitized",
        "x-ms-content-disposition": "inline",
        "x-ms-content-language": "en-US,en-CA",
        "x-ms-content-length": "512",
        "x-ms-content-type": "application/octet-stream",
        "x-ms-date": "Fri, 18 Oct 2024 19:45:45 GMT",
        "x-ms-file-attributes": "Archive",
        "x-ms-file-change-time": "2024-04-01T13:30:03.0000000Z",
        "x-ms-file-creation-time": "2024-04-01T09:05:55.0000000Z",
        "x-ms-file-last-write-time": "2024-04-01T12:16:06.0000000Z",
        "x-ms-file-permission": "Inherit",
        "x-ms-meta-Capital": "letter",
        "x-ms-meta-foo": "bar",
        "x-ms-meta-meta": "data",
        "x-ms-meta-UPPER": "case",
        "x-ms-return-client-request-id": "true",
        "x-ms-type": "file",
        "x-ms-version": "2025-01-05"
      },
      "RequestBody": null,
      "StatusCode": 201,
      "ResponseHeaders": {
        "Content-Length": "0",
        "Date": "Fri, 18 Oct 2024 19:45:45 GMT",
        "ETag": "\"0x8DCEFAD75484D1A\"",
        "Last-Modified": "Fri, 18 Oct 2024 19:45:45 GMT",
        "Server": [
          "Windows-Azure-File/1.0",
          "Microsoft-HTTPAPI/2.0"
        ],
        "x-ms-client-request-id": "Sanitized",
        "x-ms-file-attributes": "Archive",
        "x-ms-file-change-time": "2024-04-01T13:30:03.0000000Z",
        "x-ms-file-creation-time": "2024-04-01T09:05:55.0000000Z",
        "x-ms-file-id": "13835075647468208128",
        "x-ms-file-last-write-time": "2024-04-01T12:16:06.0000000Z",
        "x-ms-file-parent-id": "11529285414812647424",
        "x-ms-file-permission-key": "15442983316638046949*9146977694084461163",
        "x-ms-request-id": "d2c6c1f6-801a-0015-7496-21cd71000000",
        "x-ms-request-server-encrypted": "true",
        "x-ms-version": "2025-01-05"
      },
      "ResponseBody": null
    },
    {
      "RequestUri": "https://jalauzonnettest.file.core.windows.net/test-share-4fb7d62d-7253-2399-3b7a-73d6336b76b8/destinationFolder/test-file-4f7bddae-aa96-74d5-e535-2dee5bb1c4e7?comp=range",
      "RequestMethod": "PUT",
      "RequestHeaders": {
        "Accept": "application/xml",
        "Authorization": "Sanitized",
        "Content-Length": "0",
        "traceparent": "00-e4aef2c11810e57439d428361de8ebd5-cb5a57f5fa7f95a7-00",
        "User-Agent": "azsdk-net-Storage.Files.Shares/12.21.0-alpha.20241018.1 (.NET 8.0.10; Microsoft Windows 10.0.22631)",
        "x-ms-client-request-id": "Sanitized",
        "x-ms-copy-source": "https://jalauzonnettest.file.core.windows.net/test-share-08e9867f-f878-cd7b-4603-b0f487acd9b8/sourceFolder/test-file-4f7bddae-aa96-74d5-e535-2dee5bb1c4e7?sv=sanitized-value&ss=f&srt=sco&se=2024-10-19T19%3A45%3A44Z&sp=rwdxylacuptfi&sig=Sanitized",
        "x-ms-date": "Fri, 18 Oct 2024 19:45:45 GMT",
        "x-ms-file-last-write-time": "Preserve",
        "x-ms-range": "bytes=0-511",
        "x-ms-return-client-request-id": "true",
        "x-ms-source-range": "bytes=0-511",
        "x-ms-version": "2025-01-05",
        "x-ms-write": "update"
      },
      "RequestBody": null,
      "StatusCode": 201,
      "ResponseHeaders": {
        "Content-Length": "0",
        "Date": "Fri, 18 Oct 2024 19:45:44 GMT",
        "ETag": "\"0x8DCEFAD754B59ED\"",
        "Last-Modified": "Fri, 18 Oct 2024 19:45:45 GMT",
        "Server": [
          "Windows-Azure-File/1.0",
          "Microsoft-HTTPAPI/2.0"
        ],
        "x-ms-client-request-id": "Sanitized",
        "x-ms-content-crc64": "6YKnaCgO5h0=",
        "x-ms-file-last-write-time": "2024-04-01T12:16:06.0000000Z",
        "x-ms-request-id": "00681996-501a-005b-3496-21e3f9000000",
        "x-ms-request-server-encrypted": "true",
        "x-ms-version": "2025-01-05"
      },
      "ResponseBody": null
    },
    {
      "RequestUri": "https://jalauzonnettest.file.core.windows.net/test-share-4fb7d62d-7253-2399-3b7a-73d6336b76b8/destinationFolder/test-file-50ac82ba-c9f1-6282-4877-9c5fe61d498b?comp=range",
      "RequestMethod": "PUT",
      "RequestHeaders": {
        "Accept": "application/xml",
        "Authorization": "Sanitized",
        "Content-Length": "0",
        "traceparent": "00-e2bc256a907dd0fd1a9dae3215cb239b-5abb57081dac60f5-00",
        "User-Agent": "azsdk-net-Storage.Files.Shares/12.21.0-alpha.20241018.1 (.NET 8.0.10; Microsoft Windows 10.0.22631)",
        "x-ms-client-request-id": "Sanitized",
        "x-ms-copy-source": "https://jalauzonnettest.file.core.windows.net/test-share-08e9867f-f878-cd7b-4603-b0f487acd9b8/sourceFolder/test-file-50ac82ba-c9f1-6282-4877-9c5fe61d498b?sv=sanitized-value&ss=f&srt=sco&se=2024-10-19T19%3A45%3A44Z&sp=rwdxylacuptfi&sig=Sanitized",
        "x-ms-date": "Fri, 18 Oct 2024 19:45:45 GMT",
        "x-ms-file-last-write-time": "Preserve",
        "x-ms-range": "bytes=0-511",
        "x-ms-return-client-request-id": "true",
        "x-ms-source-range": "bytes=0-511",
        "x-ms-version": "2025-01-05",
        "x-ms-write": "update"
      },
      "RequestBody": null,
      "StatusCode": 201,
      "ResponseHeaders": {
        "Content-Length": "0",
        "Date": "Fri, 18 Oct 2024 19:45:44 GMT",
        "ETag": "\"0x8DCEFAD754DA383\"",
        "Last-Modified": "Fri, 18 Oct 2024 19:45:45 GMT",
        "Server": [
          "Windows-Azure-File/1.0",
          "Microsoft-HTTPAPI/2.0"
        ],
        "x-ms-client-request-id": "Sanitized",
        "x-ms-content-crc64": "6YKnaCgO5h0=",
        "x-ms-file-last-write-time": "2024-04-01T12:16:06.0000000Z",
        "x-ms-request-id": "f20e3fe1-001a-009d-2b96-212878000000",
        "x-ms-request-server-encrypted": "true",
        "x-ms-version": "2025-01-05"
      },
      "ResponseBody": null
    },
    {
      "RequestUri": "https://jalauzonnettest.file.core.windows.net/test-share-4fb7d62d-7253-2399-3b7a-73d6336b76b8/destinationFolder/pik/test-file-34276066-a472-2de4-3f65-58c3c27f8e1d",
      "RequestMethod": "PUT",
      "RequestHeaders": {
        "Accept": "application/xml",
        "Authorization": "Sanitized",
        "Content-Length": "0",
        "traceparent": "00-02c8827fd546bca6500ae31341214daa-8a6cd363693668c4-00",
        "User-Agent": "azsdk-net-Storage.Files.Shares/12.21.0-alpha.20241018.1 (.NET 8.0.10; Microsoft Windows 10.0.22631)",
        "x-ms-cache-control": "no-cache",
        "x-ms-client-request-id": "Sanitized",
        "x-ms-content-disposition": "inline",
        "x-ms-content-language": "en-US,en-CA",
        "x-ms-content-length": "512",
        "x-ms-content-type": "application/octet-stream",
        "x-ms-date": "Fri, 18 Oct 2024 19:45:45 GMT",
        "x-ms-file-attributes": "Archive",
        "x-ms-file-change-time": "2024-04-01T13:30:03.0000000Z",
        "x-ms-file-creation-time": "2024-04-01T09:05:55.0000000Z",
        "x-ms-file-last-write-time": "2024-04-01T12:16:06.0000000Z",
        "x-ms-file-permission": "Inherit",
        "x-ms-meta-Capital": "letter",
        "x-ms-meta-foo": "bar",
        "x-ms-meta-meta": "data",
        "x-ms-meta-UPPER": "case",
        "x-ms-return-client-request-id": "true",
        "x-ms-type": "file",
        "x-ms-version": "2025-01-05"
      },
      "RequestBody": null,
      "StatusCode": 201,
      "ResponseHeaders": {
        "Content-Length": "0",
        "Date": "Fri, 18 Oct 2024 19:45:45 GMT",
        "ETag": "\"0x8DCEFAD754E3FAB\"",
        "Last-Modified": "Fri, 18 Oct 2024 19:45:45 GMT",
        "Server": [
          "Windows-Azure-File/1.0",
          "Microsoft-HTTPAPI/2.0"
        ],
        "x-ms-client-request-id": "Sanitized",
        "x-ms-file-attributes": "Archive",
        "x-ms-file-change-time": "2024-04-01T13:30:03.0000000Z",
        "x-ms-file-creation-time": "2024-04-01T09:05:55.0000000Z",
        "x-ms-file-id": "10376363910205800448",
        "x-ms-file-last-write-time": "2024-04-01T12:16:06.0000000Z",
        "x-ms-file-parent-id": "16140971433240035328",
        "x-ms-file-permission-key": "15442983316638046949*9146977694084461163",
        "x-ms-request-id": "76077249-201a-006e-2796-218fed000000",
        "x-ms-request-server-encrypted": "true",
        "x-ms-version": "2025-01-05"
      },
      "ResponseBody": null
    },
    {
      "RequestUri": "https://jalauzonnettest.file.core.windows.net/test-share-4fb7d62d-7253-2399-3b7a-73d6336b76b8/destinationFolder/bar/test-file-7b92c1f0-73c8-708d-ab33-3073049ce3d8?comp=range",
      "RequestMethod": "PUT",
      "RequestHeaders": {
        "Accept": "application/xml",
        "Authorization": "Sanitized",
        "Content-Length": "0",
        "traceparent": "00-91ba4a50ecb3749d6356771941aa8d5c-374a3f494d760d3c-00",
        "User-Agent": "azsdk-net-Storage.Files.Shares/12.21.0-alpha.20241018.1 (.NET 8.0.10; Microsoft Windows 10.0.22631)",
        "x-ms-client-request-id": "Sanitized",
        "x-ms-copy-source": "https://jalauzonnettest.file.core.windows.net/test-share-08e9867f-f878-cd7b-4603-b0f487acd9b8/sourceFolder/bar/test-file-7b92c1f0-73c8-708d-ab33-3073049ce3d8?sv=sanitized-value&ss=f&srt=sco&se=2024-10-19T19%3A45%3A44Z&sp=rwdxylacuptfi&sig=Sanitized",
        "x-ms-date": "Fri, 18 Oct 2024 19:45:45 GMT",
        "x-ms-file-last-write-time": "Preserve",
        "x-ms-range": "bytes=0-511",
        "x-ms-return-client-request-id": "true",
        "x-ms-source-range": "bytes=0-511",
        "x-ms-version": "2025-01-05",
        "x-ms-write": "update"
      },
      "RequestBody": null,
      "StatusCode": 201,
      "ResponseHeaders": {
        "Content-Length": "0",
        "Date": "Fri, 18 Oct 2024 19:45:45 GMT",
        "ETag": "\"0x8DCEFAD754FED23\"",
        "Last-Modified": "Fri, 18 Oct 2024 19:45:45 GMT",
        "Server": [
          "Windows-Azure-File/1.0",
          "Microsoft-HTTPAPI/2.0"
        ],
        "x-ms-client-request-id": "Sanitized",
        "x-ms-content-crc64": "6YKnaCgO5h0=",
        "x-ms-file-last-write-time": "2024-04-01T12:16:06.0000000Z",
        "x-ms-request-id": "d2c6c1f8-801a-0015-7596-21cd71000000",
        "x-ms-request-server-encrypted": "true",
        "x-ms-version": "2025-01-05"
      },
      "ResponseBody": null
    },
    {
      "RequestUri": "https://jalauzonnettest.file.core.windows.net/test-share-4fb7d62d-7253-2399-3b7a-73d6336b76b8/destinationFolder/pik/test-file-34276066-a472-2de4-3f65-58c3c27f8e1d?comp=range",
      "RequestMethod": "PUT",
      "RequestHeaders": {
        "Accept": "application/xml",
        "Authorization": "Sanitized",
        "Content-Length": "0",
        "traceparent": "00-bfeffe9c0a52fb39eef02e2db9d64900-78ba23457352f954-00",
        "User-Agent": "azsdk-net-Storage.Files.Shares/12.21.0-alpha.20241018.1 (.NET 8.0.10; Microsoft Windows 10.0.22631)",
        "x-ms-client-request-id": "Sanitized",
        "x-ms-copy-source": "https://jalauzonnettest.file.core.windows.net/test-share-08e9867f-f878-cd7b-4603-b0f487acd9b8/sourceFolder/pik/test-file-34276066-a472-2de4-3f65-58c3c27f8e1d?sv=sanitized-value&ss=f&srt=sco&se=2024-10-19T19%3A45%3A44Z&sp=rwdxylacuptfi&sig=Sanitized",
        "x-ms-date": "Fri, 18 Oct 2024 19:45:45 GMT",
        "x-ms-file-last-write-time": "Preserve",
        "x-ms-range": "bytes=0-511",
        "x-ms-return-client-request-id": "true",
        "x-ms-source-range": "bytes=0-511",
        "x-ms-version": "2025-01-05",
        "x-ms-write": "update"
      },
      "RequestBody": null,
      "StatusCode": 201,
      "ResponseHeaders": {
        "Content-Length": "0",
        "Date": "Fri, 18 Oct 2024 19:45:45 GMT",
        "ETag": "\"0x8DCEFAD755606B9\"",
        "Last-Modified": "Fri, 18 Oct 2024 19:45:45 GMT",
        "Server": [
          "Windows-Azure-File/1.0",
          "Microsoft-HTTPAPI/2.0"
        ],
        "x-ms-client-request-id": "Sanitized",
        "x-ms-content-crc64": "6YKnaCgO5h0=",
        "x-ms-file-last-write-time": "2024-04-01T12:16:06.0000000Z",
        "x-ms-request-id": "7607724a-201a-006e-2896-218fed000000",
        "x-ms-request-server-encrypted": "true",
        "x-ms-version": "2025-01-05"
      },
      "ResponseBody": null
    },
    {
      "RequestUri": "https://jalauzonnettest.file.core.windows.net/test-share-08e9867f-f878-cd7b-4603-b0f487acd9b8/sourceFolder?sv=Sanitized&ss=f&srt=sco&se=2024-10-19T19%3A45%3A44Z&sp=rwdxylacuptfi&sig=Sanitized&restype=directory&comp=list",
      "RequestMethod": "GET",
      "RequestHeaders": {
        "Accept": "application/xml",
        "traceparent": "00-7c807bfbcf7482206491ca7e86d33858-71bdac649f3c7551-00",
        "User-Agent": "azsdk-net-Storage.Files.Shares/12.21.0-alpha.20241018.1 (.NET 8.0.10; Microsoft Windows 10.0.22631)",
        "x-ms-client-request-id": "Sanitized",
        "x-ms-return-client-request-id": "true",
        "x-ms-version": "2025-01-05"
      },
      "RequestBody": null,
      "StatusCode": 200,
      "ResponseHeaders": {
        "Content-Type": "application/xml",
        "Date": "Fri, 18 Oct 2024 19:45:45 GMT",
        "Server": [
          "Windows-Azure-File/1.0",
          "Microsoft-HTTPAPI/2.0"
        ],
        "Transfer-Encoding": "chunked",
        "x-ms-client-request-id": "Sanitized",
        "x-ms-request-id": "7607724d-201a-006e-2a96-218fed000000",
        "x-ms-version": "2025-01-05"
      },
      "ResponseBody": "\uFEFF<?xml version=\"1.0\" encoding=\"utf-8\"?><EnumerationResults ServiceEndpoint=\"https://jalauzonnettest.file.core.windows.net/\" ShareName=\"test-share-08e9867f-f878-cd7b-4603-b0f487acd9b8\" DirectoryPath=\"sourceFolder\"><DirectoryId>13835128424026341376</DirectoryId><Entries><Directory><Name>bar</Name><FileId>10376363910205800448</FileId><Properties /></Directory><Directory><Name>pik</Name><FileId>12682206919419494400</FileId><Properties /></Directory><File><Name>test-file-4f7bddae-aa96-74d5-e535-2dee5bb1c4e7</Name><FileId>11529285414812647424</FileId><Properties><Content-Length>512</Content-Length></Properties></File><File><Name>test-file-50ac82ba-c9f1-6282-4877-9c5fe61d498b</Name><FileId>16140971433240035328</FileId><Properties><Content-Length>512</Content-Length></Properties></File></Entries><NextMarker /></EnumerationResults>"
    },
    {
      "RequestUri": "https://jalauzonnettest.file.core.windows.net/test-share-4fb7d62d-7253-2399-3b7a-73d6336b76b8/destinationFolder?restype=directory&comp=list",
      "RequestMethod": "GET",
      "RequestHeaders": {
        "Accept": "application/xml",
        "Authorization": "Sanitized",
        "traceparent": "00-12e726d1baa83a57ffafe77e40cd7b93-1171032d090b0027-00",
        "User-Agent": "azsdk-net-Storage.Files.Shares/12.21.0-alpha.20241018.1 (.NET 8.0.10; Microsoft Windows 10.0.22631)",
        "x-ms-client-request-id": "Sanitized",
        "x-ms-date": "Fri, 18 Oct 2024 19:45:45 GMT",
        "x-ms-return-client-request-id": "true",
        "x-ms-version": "2025-01-05"
      },
      "RequestBody": null,
      "StatusCode": 200,
      "ResponseHeaders": {
        "Content-Type": "application/xml",
        "Date": "Fri, 18 Oct 2024 19:45:45 GMT",
        "Server": [
          "Windows-Azure-File/1.0",
          "Microsoft-HTTPAPI/2.0"
        ],
        "Transfer-Encoding": "chunked",
        "x-ms-client-request-id": "Sanitized",
        "x-ms-request-id": "7607724e-201a-006e-2b96-218fed000000",
        "x-ms-version": "2025-01-05"
      },
      "ResponseBody": "\uFEFF<?xml version=\"1.0\" encoding=\"utf-8\"?><EnumerationResults ServiceEndpoint=\"https://jalauzonnettest.file.core.windows.net/\" ShareName=\"test-share-4fb7d62d-7253-2399-3b7a-73d6336b76b8\" DirectoryPath=\"destinationFolder\"><DirectoryId>13835128424026341376</DirectoryId><Entries><Directory><Name>bar</Name><FileId>11529285414812647424</FileId><Properties /></Directory><Directory><Name>pik</Name><FileId>16140971433240035328</FileId><Properties /></Directory><File><Name>test-file-4f7bddae-aa96-74d5-e535-2dee5bb1c4e7</Name><FileId>13835163608398430208</FileId><Properties><Content-Length>512</Content-Length></Properties></File><File><Name>test-file-50ac82ba-c9f1-6282-4877-9c5fe61d498b</Name><FileId>13835093239654252544</FileId><Properties><Content-Length>512</Content-Length></Properties></File></Entries><NextMarker /></EnumerationResults>"
    },
    {
      "RequestUri": "https://jalauzonnettest.file.core.windows.net/test-share-08e9867f-f878-cd7b-4603-b0f487acd9b8/sourceFolder/test-file-4f7bddae-aa96-74d5-e535-2dee5bb1c4e7?sv=Sanitized&ss=f&srt=sco&se=2024-10-19T19%3A45%3A44Z&sp=rwdxylacuptfi&sig=Sanitized",
      "RequestMethod": "HEAD",
      "RequestHeaders": {
        "Accept": "application/xml",
        "traceparent": "00-80d2a070c7d962118c33b3b7d56ca2b6-ef55acf529cec01f-00",
        "User-Agent": "azsdk-net-Storage.Files.Shares/12.21.0-alpha.20241018.1 (.NET 8.0.10; Microsoft Windows 10.0.22631)",
        "x-ms-client-request-id": "Sanitized",
        "x-ms-return-client-request-id": "true",
        "x-ms-version": "2025-01-05"
      },
      "RequestBody": null,
      "StatusCode": 200,
      "ResponseHeaders": {
        "Cache-Control": "no-cache",
        "Content-Disposition": "inline",
        "Content-Language": [
          "en-US",
          "en-CA"
        ],
        "Content-Length": "512",
        "Content-Type": "application/octet-stream",
        "Date": "Fri, 18 Oct 2024 19:45:45 GMT",
        "ETag": "\"0x8DCEFAD74E505F7\"",
        "Last-Modified": "Fri, 18 Oct 2024 19:45:44 GMT",
        "Server": [
          "Windows-Azure-File/1.0",
          "Microsoft-HTTPAPI/2.0"
        ],
        "x-ms-client-request-id": "Sanitized",
        "x-ms-file-attributes": "Archive",
        "x-ms-file-change-time": "2024-04-01T13:30:03.0000000Z",
        "x-ms-file-creation-time": "2024-04-01T09:05:55.0000000Z",
        "x-ms-file-id": "11529285414812647424",
        "x-ms-file-last-write-time": "2024-04-01T12:16:06.0000000Z",
        "x-ms-file-parent-id": "13835128424026341376",
        "x-ms-file-permission-key": "15442983316638046949*9146977694084461163",
        "x-ms-lease-state": "available",
        "x-ms-lease-status": "unlocked",
        "x-ms-meta-Capital": "letter",
        "x-ms-meta-foo": "bar",
        "x-ms-meta-meta": "data",
        "x-ms-meta-UPPER": "case",
        "x-ms-request-id": "7607724f-201a-006e-2c96-218fed000000",
        "x-ms-server-encrypted": "true",
        "x-ms-type": "File",
        "x-ms-version": "2025-01-05"
      },
      "ResponseBody": null
    },
    {
      "RequestUri": "https://jalauzonnettest.file.core.windows.net/test-share-4fb7d62d-7253-2399-3b7a-73d6336b76b8/destinationFolder/test-file-4f7bddae-aa96-74d5-e535-2dee5bb1c4e7",
      "RequestMethod": "HEAD",
      "RequestHeaders": {
        "Accept": "application/xml",
        "Authorization": "Sanitized",
        "traceparent": "00-371bc2886c36c1801ed4376ee0bfc01b-8e106536d96d2d5b-00",
        "User-Agent": "azsdk-net-Storage.Files.Shares/12.21.0-alpha.20241018.1 (.NET 8.0.10; Microsoft Windows 10.0.22631)",
        "x-ms-client-request-id": "Sanitized",
        "x-ms-date": "Fri, 18 Oct 2024 19:45:45 GMT",
        "x-ms-return-client-request-id": "true",
        "x-ms-version": "2025-01-05"
      },
      "RequestBody": null,
      "StatusCode": 200,
      "ResponseHeaders": {
        "Cache-Control": "no-cache",
        "Content-Disposition": "inline",
        "Content-Language": [
          "en-US",
          "en-CA"
        ],
        "Content-Length": "512",
        "Content-Type": "application/octet-stream",
        "Date": "Fri, 18 Oct 2024 19:45:45 GMT",
        "ETag": "\"0x8DCEFAD754B59ED\"",
        "Last-Modified": "Fri, 18 Oct 2024 19:45:45 GMT",
        "Server": [
          "Windows-Azure-File/1.0",
          "Microsoft-HTTPAPI/2.0"
        ],
        "x-ms-client-request-id": "Sanitized",
        "x-ms-file-attributes": "Archive",
        "x-ms-file-change-time": "2024-10-18T19:45:45.6020973Z",
        "x-ms-file-creation-time": "2024-04-01T09:05:55.0000000Z",
        "x-ms-file-id": "13835163608398430208",
        "x-ms-file-last-write-time": "2024-04-01T12:16:06.0000000Z",
        "x-ms-file-parent-id": "13835128424026341376",
        "x-ms-file-permission-key": "15442983316638046949*9146977694084461163",
        "x-ms-lease-state": "available",
        "x-ms-lease-status": "unlocked",
        "x-ms-meta-Capital": "letter",
        "x-ms-meta-foo": "bar",
        "x-ms-meta-meta": "data",
        "x-ms-meta-UPPER": "case",
        "x-ms-request-id": "76077250-201a-006e-2d96-218fed000000",
        "x-ms-server-encrypted": "true",
        "x-ms-type": "File",
        "x-ms-version": "2025-01-05"
      },
      "ResponseBody": null
    },
    {
      "RequestUri": "https://jalauzonnettest.file.core.windows.net/test-share-08e9867f-f878-cd7b-4603-b0f487acd9b8/sourceFolder/test-file-4f7bddae-aa96-74d5-e535-2dee5bb1c4e7?sv=Sanitized&ss=f&srt=sco&se=2024-10-19T19%3A45%3A44Z&sp=rwdxylacuptfi&sig=Sanitized",
      "RequestMethod": "GET",
      "RequestHeaders": {
        "Accept": "application/xml",
        "User-Agent": "azsdk-net-Storage.Files.Shares/12.21.0-alpha.20241018.1 (.NET 8.0.10; Microsoft Windows 10.0.22631)",
        "x-ms-client-request-id": "Sanitized",
        "x-ms-range": "bytes=0-4194303",
        "x-ms-return-client-request-id": "true",
        "x-ms-version": "2025-01-05"
      },
      "RequestBody": null,
      "StatusCode": 206,
      "ResponseHeaders": {
        "Accept-Ranges": "bytes",
        "Cache-Control": "no-cache",
        "Content-Disposition": "inline",
        "Content-Language": [
          "en-US",
          "en-CA"
        ],
        "Content-Length": "512",
        "Content-Range": "bytes 0-511/512",
        "Content-Type": "application/octet-stream",
        "Date": "Fri, 18 Oct 2024 19:45:45 GMT",
        "ETag": "\"0x8DCEFAD74E505F7\"",
        "Last-Modified": "Fri, 18 Oct 2024 19:45:44 GMT",
        "Server": [
          "Windows-Azure-File/1.0",
          "Microsoft-HTTPAPI/2.0"
        ],
        "x-ms-client-request-id": "Sanitized",
        "x-ms-file-attributes": "Archive",
        "x-ms-file-change-time": "2024-04-01T13:30:03.0000000Z",
        "x-ms-file-creation-time": "2024-04-01T09:05:55.0000000Z",
        "x-ms-file-id": "11529285414812647424",
        "x-ms-file-last-write-time": "2024-04-01T12:16:06.0000000Z",
        "x-ms-file-parent-id": "13835128424026341376",
        "x-ms-file-permission-key": "15442983316638046949*9146977694084461163",
        "x-ms-lease-state": "available",
        "x-ms-lease-status": "unlocked",
        "x-ms-meta-Capital": "letter",
        "x-ms-meta-foo": "bar",
        "x-ms-meta-meta": "data",
        "x-ms-meta-UPPER": "case",
        "x-ms-request-id": "76077251-201a-006e-2e96-218fed000000",
        "x-ms-server-encrypted": "true",
        "x-ms-type": "File",
        "x-ms-version": "2025-01-05"
      },
      "ResponseBody": "AAAAAAAAAAAAAAAAAAAAAAAAAAAAAAAAAAAAAAAAAAAAAAAAAAAAAAAAAAAAAAAAAAAAAAAAAAAAAAAAAAAAAAAAAAAAAAAAAAAAAAAAAAAAAAAAAAAAAAAAAAAAAAAAAAAAAAAAAAAAAAAAAAAAAAAAAAAAAAAAAAAAAAAAAAAAAAAAAAAAAAAAAAAAAAAAAAAAAAAAAAAAAAAAAAAAAAAAAAAAAAAAAAAAAAAAAAAAAAAAAAAAAAAAAAAAAAAAAAAAAAAAAAAAAAAAAAAAAAAAAAAAAAAAAAAAAAAAAAAAAAAAAAAAAAAAAAAAAAAAAAAAAAAAAAAAAAAAAAAAAAAAAAAAAAAAAAAAAAAAAAAAAAAAAAAAAAAAAAAAAAAAAAAAAAAAAAAAAAAAAAAAAAAAAAAAAAAAAAAAAAAAAAAAAAAAAAAAAAAAAAAAAAAAAAAAAAAAAAAAAAAAAAAAAAAAAAAAAAAAAAAAAAAAAAAAAAAAAAAAAAAAAAAAAAAAAAAAAAAAAAAAAAAAAAAAAAAAAAAAAAAAAAAAAAAAAAAAAAAAAAAAAAAAAAAAAAAAAAAAAAAAAAAAAAAAAAAAAAAAAAAAAAAAAAAAAAAAAAAAAAAAAAAAAAAAAAAAAAAAAAAAAAAAAAAAAAAAAAAAAAAAAAAAAAAAAAAAAAAAAAA="
    },
    {
      "RequestUri": "https://jalauzonnettest.file.core.windows.net/test-share-4fb7d62d-7253-2399-3b7a-73d6336b76b8/destinationFolder/test-file-4f7bddae-aa96-74d5-e535-2dee5bb1c4e7",
      "RequestMethod": "GET",
      "RequestHeaders": {
        "Accept": "application/xml",
        "Authorization": "Sanitized",
        "User-Agent": "azsdk-net-Storage.Files.Shares/12.21.0-alpha.20241018.1 (.NET 8.0.10; Microsoft Windows 10.0.22631)",
        "x-ms-client-request-id": "Sanitized",
        "x-ms-date": "Fri, 18 Oct 2024 19:45:46 GMT",
        "x-ms-range": "bytes=0-4194303",
        "x-ms-return-client-request-id": "true",
        "x-ms-version": "2025-01-05"
      },
      "RequestBody": null,
      "StatusCode": 206,
      "ResponseHeaders": {
        "Accept-Ranges": "bytes",
        "Cache-Control": "no-cache",
        "Content-Disposition": "inline",
        "Content-Language": [
          "en-US",
          "en-CA"
        ],
        "Content-Length": "512",
        "Content-Range": "bytes 0-511/512",
        "Content-Type": "application/octet-stream",
        "Date": "Fri, 18 Oct 2024 19:45:45 GMT",
        "ETag": "\"0x8DCEFAD754B59ED\"",
        "Last-Modified": "Fri, 18 Oct 2024 19:45:45 GMT",
        "Server": [
          "Windows-Azure-File/1.0",
          "Microsoft-HTTPAPI/2.0"
        ],
        "x-ms-client-request-id": "Sanitized",
        "x-ms-file-attributes": "Archive",
        "x-ms-file-change-time": "2024-10-18T19:45:45.6020973Z",
        "x-ms-file-creation-time": "2024-04-01T09:05:55.0000000Z",
        "x-ms-file-id": "13835163608398430208",
        "x-ms-file-last-write-time": "2024-04-01T12:16:06.0000000Z",
        "x-ms-file-parent-id": "13835128424026341376",
        "x-ms-file-permission-key": "15442983316638046949*9146977694084461163",
        "x-ms-lease-state": "available",
        "x-ms-lease-status": "unlocked",
        "x-ms-meta-Capital": "letter",
        "x-ms-meta-foo": "bar",
        "x-ms-meta-meta": "data",
        "x-ms-meta-UPPER": "case",
        "x-ms-request-id": "76077254-201a-006e-3096-218fed000000",
        "x-ms-server-encrypted": "true",
        "x-ms-type": "File",
        "x-ms-version": "2025-01-05"
      },
      "ResponseBody": "AAAAAAAAAAAAAAAAAAAAAAAAAAAAAAAAAAAAAAAAAAAAAAAAAAAAAAAAAAAAAAAAAAAAAAAAAAAAAAAAAAAAAAAAAAAAAAAAAAAAAAAAAAAAAAAAAAAAAAAAAAAAAAAAAAAAAAAAAAAAAAAAAAAAAAAAAAAAAAAAAAAAAAAAAAAAAAAAAAAAAAAAAAAAAAAAAAAAAAAAAAAAAAAAAAAAAAAAAAAAAAAAAAAAAAAAAAAAAAAAAAAAAAAAAAAAAAAAAAAAAAAAAAAAAAAAAAAAAAAAAAAAAAAAAAAAAAAAAAAAAAAAAAAAAAAAAAAAAAAAAAAAAAAAAAAAAAAAAAAAAAAAAAAAAAAAAAAAAAAAAAAAAAAAAAAAAAAAAAAAAAAAAAAAAAAAAAAAAAAAAAAAAAAAAAAAAAAAAAAAAAAAAAAAAAAAAAAAAAAAAAAAAAAAAAAAAAAAAAAAAAAAAAAAAAAAAAAAAAAAAAAAAAAAAAAAAAAAAAAAAAAAAAAAAAAAAAAAAAAAAAAAAAAAAAAAAAAAAAAAAAAAAAAAAAAAAAAAAAAAAAAAAAAAAAAAAAAAAAAAAAAAAAAAAAAAAAAAAAAAAAAAAAAAAAAAAAAAAAAAAAAAAAAAAAAAAAAAAAAAAAAAAAAAAAAAAAAAAAAAAAAAAAAAAAAAAAAAAAAAAAA="
    },
    {
      "RequestUri": "https://jalauzonnettest.file.core.windows.net/test-share-08e9867f-f878-cd7b-4603-b0f487acd9b8/sourceFolder/test-file-4f7bddae-aa96-74d5-e535-2dee5bb1c4e7?sv=Sanitized&ss=f&srt=sco&se=2024-10-19T19%3A45%3A44Z&sp=rwdxylacuptfi&sig=Sanitized",
      "RequestMethod": "HEAD",
      "RequestHeaders": {
        "Accept": "application/xml",
        "traceparent": "00-68881084b920cc04c8f5d1ad2861c259-ca2419b6bb8f135e-00",
        "User-Agent": "azsdk-net-Storage.Files.Shares/12.21.0-alpha.20241018.1 (.NET 8.0.10; Microsoft Windows 10.0.22631)",
        "x-ms-client-request-id": "Sanitized",
        "x-ms-return-client-request-id": "true",
        "x-ms-version": "2025-01-05"
      },
      "RequestBody": null,
      "StatusCode": 200,
      "ResponseHeaders": {
        "Cache-Control": "no-cache",
        "Content-Disposition": "inline",
        "Content-Language": [
          "en-US",
          "en-CA"
        ],
        "Content-Length": "512",
        "Content-Type": "application/octet-stream",
        "Date": "Fri, 18 Oct 2024 19:45:45 GMT",
        "ETag": "\"0x8DCEFAD74E505F7\"",
        "Last-Modified": "Fri, 18 Oct 2024 19:45:44 GMT",
        "Server": [
          "Windows-Azure-File/1.0",
          "Microsoft-HTTPAPI/2.0"
        ],
        "x-ms-client-request-id": "Sanitized",
        "x-ms-file-attributes": "Archive",
        "x-ms-file-change-time": "2024-04-01T13:30:03.0000000Z",
        "x-ms-file-creation-time": "2024-04-01T09:05:55.0000000Z",
        "x-ms-file-id": "11529285414812647424",
        "x-ms-file-last-write-time": "2024-04-01T12:16:06.0000000Z",
        "x-ms-file-parent-id": "13835128424026341376",
        "x-ms-file-permission-key": "15442983316638046949*9146977694084461163",
        "x-ms-lease-state": "available",
        "x-ms-lease-status": "unlocked",
        "x-ms-meta-Capital": "letter",
        "x-ms-meta-foo": "bar",
        "x-ms-meta-meta": "data",
        "x-ms-meta-UPPER": "case",
        "x-ms-request-id": "76077259-201a-006e-3396-218fed000000",
        "x-ms-server-encrypted": "true",
        "x-ms-type": "File",
        "x-ms-version": "2025-01-05"
      },
      "ResponseBody": null
    },
    {
      "RequestUri": "https://jalauzonnettest.file.core.windows.net/test-share-4fb7d62d-7253-2399-3b7a-73d6336b76b8/destinationFolder/test-file-4f7bddae-aa96-74d5-e535-2dee5bb1c4e7",
      "RequestMethod": "HEAD",
      "RequestHeaders": {
        "Accept": "application/xml",
        "Authorization": "Sanitized",
        "traceparent": "00-ff878c9fd7bfbcd699adcdfb43102152-fcbef33a5a652204-00",
        "User-Agent": "azsdk-net-Storage.Files.Shares/12.21.0-alpha.20241018.1 (.NET 8.0.10; Microsoft Windows 10.0.22631)",
        "x-ms-client-request-id": "Sanitized",
        "x-ms-date": "Fri, 18 Oct 2024 19:45:46 GMT",
        "x-ms-return-client-request-id": "true",
        "x-ms-version": "2025-01-05"
      },
      "RequestBody": null,
      "StatusCode": 200,
      "ResponseHeaders": {
        "Cache-Control": "no-cache",
        "Content-Disposition": "inline",
        "Content-Language": [
          "en-US",
          "en-CA"
        ],
        "Content-Length": "512",
        "Content-Type": "application/octet-stream",
        "Date": "Fri, 18 Oct 2024 19:45:45 GMT",
        "ETag": "\"0x8DCEFAD754B59ED\"",
        "Last-Modified": "Fri, 18 Oct 2024 19:45:45 GMT",
        "Server": [
          "Windows-Azure-File/1.0",
          "Microsoft-HTTPAPI/2.0"
        ],
        "x-ms-client-request-id": "Sanitized",
        "x-ms-file-attributes": "Archive",
        "x-ms-file-change-time": "2024-10-18T19:45:45.6020973Z",
        "x-ms-file-creation-time": "2024-04-01T09:05:55.0000000Z",
        "x-ms-file-id": "13835163608398430208",
        "x-ms-file-last-write-time": "2024-04-01T12:16:06.0000000Z",
        "x-ms-file-parent-id": "13835128424026341376",
        "x-ms-file-permission-key": "15442983316638046949*9146977694084461163",
        "x-ms-lease-state": "available",
        "x-ms-lease-status": "unlocked",
        "x-ms-meta-Capital": "letter",
        "x-ms-meta-foo": "bar",
        "x-ms-meta-meta": "data",
        "x-ms-meta-UPPER": "case",
        "x-ms-request-id": "7607725a-201a-006e-3496-218fed000000",
        "x-ms-server-encrypted": "true",
        "x-ms-type": "File",
        "x-ms-version": "2025-01-05"
      },
      "ResponseBody": null
    },
    {
      "RequestUri": "https://jalauzonnettest.file.core.windows.net/test-share-08e9867f-f878-cd7b-4603-b0f487acd9b8/sourceFolder/test-file-50ac82ba-c9f1-6282-4877-9c5fe61d498b?sv=Sanitized&ss=f&srt=sco&se=2024-10-19T19%3A45%3A44Z&sp=rwdxylacuptfi&sig=Sanitized",
      "RequestMethod": "HEAD",
      "RequestHeaders": {
        "Accept": "application/xml",
        "traceparent": "00-5970c50b0d1f7bebb4821c8b241cd91f-db7f81d5840999cf-00",
        "User-Agent": "azsdk-net-Storage.Files.Shares/12.21.0-alpha.20241018.1 (.NET 8.0.10; Microsoft Windows 10.0.22631)",
        "x-ms-client-request-id": "Sanitized",
        "x-ms-return-client-request-id": "true",
        "x-ms-version": "2025-01-05"
      },
      "RequestBody": null,
      "StatusCode": 200,
      "ResponseHeaders": {
        "Cache-Control": "no-cache",
        "Content-Disposition": "inline",
        "Content-Language": [
          "en-US",
          "en-CA"
        ],
        "Content-Length": "512",
        "Content-Type": "application/octet-stream",
        "Date": "Fri, 18 Oct 2024 19:45:45 GMT",
        "ETag": "\"0x8DCEFAD74EC57E0\"",
        "Last-Modified": "Fri, 18 Oct 2024 19:45:44 GMT",
        "Server": [
          "Windows-Azure-File/1.0",
          "Microsoft-HTTPAPI/2.0"
        ],
        "x-ms-client-request-id": "Sanitized",
        "x-ms-file-attributes": "Archive",
        "x-ms-file-change-time": "2024-04-01T13:30:03.0000000Z",
        "x-ms-file-creation-time": "2024-04-01T09:05:55.0000000Z",
        "x-ms-file-id": "16140971433240035328",
        "x-ms-file-last-write-time": "2024-04-01T12:16:06.0000000Z",
        "x-ms-file-parent-id": "13835128424026341376",
        "x-ms-file-permission-key": "15442983316638046949*9146977694084461163",
        "x-ms-lease-state": "available",
        "x-ms-lease-status": "unlocked",
        "x-ms-meta-Capital": "letter",
        "x-ms-meta-foo": "bar",
        "x-ms-meta-meta": "data",
        "x-ms-meta-UPPER": "case",
        "x-ms-request-id": "7607725b-201a-006e-3596-218fed000000",
        "x-ms-server-encrypted": "true",
        "x-ms-type": "File",
        "x-ms-version": "2025-01-05"
      },
      "ResponseBody": null
    },
    {
      "RequestUri": "https://jalauzonnettest.file.core.windows.net/test-share-4fb7d62d-7253-2399-3b7a-73d6336b76b8/destinationFolder/test-file-50ac82ba-c9f1-6282-4877-9c5fe61d498b",
      "RequestMethod": "HEAD",
      "RequestHeaders": {
        "Accept": "application/xml",
        "Authorization": "Sanitized",
        "traceparent": "00-a313636c967602283d15fc9c5a7b32ae-0cbd5e24f080acc7-00",
        "User-Agent": "azsdk-net-Storage.Files.Shares/12.21.0-alpha.20241018.1 (.NET 8.0.10; Microsoft Windows 10.0.22631)",
        "x-ms-client-request-id": "Sanitized",
        "x-ms-date": "Fri, 18 Oct 2024 19:45:46 GMT",
        "x-ms-return-client-request-id": "true",
        "x-ms-version": "2025-01-05"
      },
      "RequestBody": null,
      "StatusCode": 200,
      "ResponseHeaders": {
        "Cache-Control": "no-cache",
        "Content-Disposition": "inline",
        "Content-Language": [
          "en-US",
          "en-CA"
        ],
        "Content-Length": "512",
        "Content-Type": "application/octet-stream",
        "Date": "Fri, 18 Oct 2024 19:45:45 GMT",
        "ETag": "\"0x8DCEFAD754DA383\"",
        "Last-Modified": "Fri, 18 Oct 2024 19:45:45 GMT",
        "Server": [
          "Windows-Azure-File/1.0",
          "Microsoft-HTTPAPI/2.0"
        ],
        "x-ms-client-request-id": "Sanitized",
        "x-ms-file-attributes": "Archive",
        "x-ms-file-change-time": "2024-10-18T19:45:45.6170883Z",
        "x-ms-file-creation-time": "2024-04-01T09:05:55.0000000Z",
        "x-ms-file-id": "13835093239654252544",
        "x-ms-file-last-write-time": "2024-04-01T12:16:06.0000000Z",
        "x-ms-file-parent-id": "13835128424026341376",
        "x-ms-file-permission-key": "15442983316638046949*9146977694084461163",
        "x-ms-lease-state": "available",
        "x-ms-lease-status": "unlocked",
        "x-ms-meta-Capital": "letter",
        "x-ms-meta-foo": "bar",
        "x-ms-meta-meta": "data",
        "x-ms-meta-UPPER": "case",
        "x-ms-request-id": "7607725c-201a-006e-3696-218fed000000",
        "x-ms-server-encrypted": "true",
        "x-ms-type": "File",
        "x-ms-version": "2025-01-05"
      },
      "ResponseBody": null
    },
    {
      "RequestUri": "https://jalauzonnettest.file.core.windows.net/test-share-08e9867f-f878-cd7b-4603-b0f487acd9b8/sourceFolder/test-file-50ac82ba-c9f1-6282-4877-9c5fe61d498b?sv=Sanitized&ss=f&srt=sco&se=2024-10-19T19%3A45%3A44Z&sp=rwdxylacuptfi&sig=Sanitized",
      "RequestMethod": "GET",
      "RequestHeaders": {
        "Accept": "application/xml",
        "User-Agent": "azsdk-net-Storage.Files.Shares/12.21.0-alpha.20241018.1 (.NET 8.0.10; Microsoft Windows 10.0.22631)",
        "x-ms-client-request-id": "Sanitized",
        "x-ms-range": "bytes=0-4194303",
        "x-ms-return-client-request-id": "true",
        "x-ms-version": "2025-01-05"
      },
      "RequestBody": null,
      "StatusCode": 206,
      "ResponseHeaders": {
        "Accept-Ranges": "bytes",
        "Cache-Control": "no-cache",
        "Content-Disposition": "inline",
        "Content-Language": [
          "en-US",
          "en-CA"
        ],
        "Content-Length": "512",
        "Content-Range": "bytes 0-511/512",
        "Content-Type": "application/octet-stream",
        "Date": "Fri, 18 Oct 2024 19:45:45 GMT",
        "ETag": "\"0x8DCEFAD74EC57E0\"",
        "Last-Modified": "Fri, 18 Oct 2024 19:45:44 GMT",
        "Server": [
          "Windows-Azure-File/1.0",
          "Microsoft-HTTPAPI/2.0"
        ],
        "x-ms-client-request-id": "Sanitized",
        "x-ms-file-attributes": "Archive",
        "x-ms-file-change-time": "2024-04-01T13:30:03.0000000Z",
        "x-ms-file-creation-time": "2024-04-01T09:05:55.0000000Z",
        "x-ms-file-id": "16140971433240035328",
        "x-ms-file-last-write-time": "2024-04-01T12:16:06.0000000Z",
        "x-ms-file-parent-id": "13835128424026341376",
        "x-ms-file-permission-key": "15442983316638046949*9146977694084461163",
        "x-ms-lease-state": "available",
        "x-ms-lease-status": "unlocked",
        "x-ms-meta-Capital": "letter",
        "x-ms-meta-foo": "bar",
        "x-ms-meta-meta": "data",
        "x-ms-meta-UPPER": "case",
        "x-ms-request-id": "7607725d-201a-006e-3796-218fed000000",
        "x-ms-server-encrypted": "true",
        "x-ms-type": "File",
        "x-ms-version": "2025-01-05"
      },
      "ResponseBody": "AAAAAAAAAAAAAAAAAAAAAAAAAAAAAAAAAAAAAAAAAAAAAAAAAAAAAAAAAAAAAAAAAAAAAAAAAAAAAAAAAAAAAAAAAAAAAAAAAAAAAAAAAAAAAAAAAAAAAAAAAAAAAAAAAAAAAAAAAAAAAAAAAAAAAAAAAAAAAAAAAAAAAAAAAAAAAAAAAAAAAAAAAAAAAAAAAAAAAAAAAAAAAAAAAAAAAAAAAAAAAAAAAAAAAAAAAAAAAAAAAAAAAAAAAAAAAAAAAAAAAAAAAAAAAAAAAAAAAAAAAAAAAAAAAAAAAAAAAAAAAAAAAAAAAAAAAAAAAAAAAAAAAAAAAAAAAAAAAAAAAAAAAAAAAAAAAAAAAAAAAAAAAAAAAAAAAAAAAAAAAAAAAAAAAAAAAAAAAAAAAAAAAAAAAAAAAAAAAAAAAAAAAAAAAAAAAAAAAAAAAAAAAAAAAAAAAAAAAAAAAAAAAAAAAAAAAAAAAAAAAAAAAAAAAAAAAAAAAAAAAAAAAAAAAAAAAAAAAAAAAAAAAAAAAAAAAAAAAAAAAAAAAAAAAAAAAAAAAAAAAAAAAAAAAAAAAAAAAAAAAAAAAAAAAAAAAAAAAAAAAAAAAAAAAAAAAAAAAAAAAAAAAAAAAAAAAAAAAAAAAAAAAAAAAAAAAAAAAAAAAAAAAAAAAAAAAAAAAAAAAAA="
    },
    {
      "RequestUri": "https://jalauzonnettest.file.core.windows.net/test-share-4fb7d62d-7253-2399-3b7a-73d6336b76b8/destinationFolder/test-file-50ac82ba-c9f1-6282-4877-9c5fe61d498b",
      "RequestMethod": "GET",
      "RequestHeaders": {
        "Accept": "application/xml",
        "Authorization": "Sanitized",
        "User-Agent": "azsdk-net-Storage.Files.Shares/12.21.0-alpha.20241018.1 (.NET 8.0.10; Microsoft Windows 10.0.22631)",
        "x-ms-client-request-id": "Sanitized",
        "x-ms-date": "Fri, 18 Oct 2024 19:45:46 GMT",
        "x-ms-range": "bytes=0-4194303",
        "x-ms-return-client-request-id": "true",
        "x-ms-version": "2025-01-05"
      },
      "RequestBody": null,
      "StatusCode": 206,
      "ResponseHeaders": {
        "Accept-Ranges": "bytes",
        "Cache-Control": "no-cache",
        "Content-Disposition": "inline",
        "Content-Language": [
          "en-US",
          "en-CA"
        ],
        "Content-Length": "512",
        "Content-Range": "bytes 0-511/512",
        "Content-Type": "application/octet-stream",
        "Date": "Fri, 18 Oct 2024 19:45:45 GMT",
        "ETag": "\"0x8DCEFAD754DA383\"",
        "Last-Modified": "Fri, 18 Oct 2024 19:45:45 GMT",
        "Server": [
          "Windows-Azure-File/1.0",
          "Microsoft-HTTPAPI/2.0"
        ],
        "x-ms-client-request-id": "Sanitized",
        "x-ms-file-attributes": "Archive",
        "x-ms-file-change-time": "2024-10-18T19:45:45.6170883Z",
        "x-ms-file-creation-time": "2024-04-01T09:05:55.0000000Z",
        "x-ms-file-id": "13835093239654252544",
        "x-ms-file-last-write-time": "2024-04-01T12:16:06.0000000Z",
        "x-ms-file-parent-id": "13835128424026341376",
        "x-ms-file-permission-key": "15442983316638046949*9146977694084461163",
        "x-ms-lease-state": "available",
        "x-ms-lease-status": "unlocked",
        "x-ms-meta-Capital": "letter",
        "x-ms-meta-foo": "bar",
        "x-ms-meta-meta": "data",
        "x-ms-meta-UPPER": "case",
        "x-ms-request-id": "7607725e-201a-006e-3896-218fed000000",
        "x-ms-server-encrypted": "true",
        "x-ms-type": "File",
        "x-ms-version": "2025-01-05"
      },
      "ResponseBody": "AAAAAAAAAAAAAAAAAAAAAAAAAAAAAAAAAAAAAAAAAAAAAAAAAAAAAAAAAAAAAAAAAAAAAAAAAAAAAAAAAAAAAAAAAAAAAAAAAAAAAAAAAAAAAAAAAAAAAAAAAAAAAAAAAAAAAAAAAAAAAAAAAAAAAAAAAAAAAAAAAAAAAAAAAAAAAAAAAAAAAAAAAAAAAAAAAAAAAAAAAAAAAAAAAAAAAAAAAAAAAAAAAAAAAAAAAAAAAAAAAAAAAAAAAAAAAAAAAAAAAAAAAAAAAAAAAAAAAAAAAAAAAAAAAAAAAAAAAAAAAAAAAAAAAAAAAAAAAAAAAAAAAAAAAAAAAAAAAAAAAAAAAAAAAAAAAAAAAAAAAAAAAAAAAAAAAAAAAAAAAAAAAAAAAAAAAAAAAAAAAAAAAAAAAAAAAAAAAAAAAAAAAAAAAAAAAAAAAAAAAAAAAAAAAAAAAAAAAAAAAAAAAAAAAAAAAAAAAAAAAAAAAAAAAAAAAAAAAAAAAAAAAAAAAAAAAAAAAAAAAAAAAAAAAAAAAAAAAAAAAAAAAAAAAAAAAAAAAAAAAAAAAAAAAAAAAAAAAAAAAAAAAAAAAAAAAAAAAAAAAAAAAAAAAAAAAAAAAAAAAAAAAAAAAAAAAAAAAAAAAAAAAAAAAAAAAAAAAAAAAAAAAAAAAAAAAAAAAAAAAAA="
    },
    {
      "RequestUri": "https://jalauzonnettest.file.core.windows.net/test-share-08e9867f-f878-cd7b-4603-b0f487acd9b8/sourceFolder/test-file-50ac82ba-c9f1-6282-4877-9c5fe61d498b?sv=Sanitized&ss=f&srt=sco&se=2024-10-19T19%3A45%3A44Z&sp=rwdxylacuptfi&sig=Sanitized",
      "RequestMethod": "HEAD",
      "RequestHeaders": {
        "Accept": "application/xml",
        "traceparent": "00-7ec1e6cbb37377211fa73f7bceb8e6f3-2f24b0f31f512874-00",
        "User-Agent": "azsdk-net-Storage.Files.Shares/12.21.0-alpha.20241018.1 (.NET 8.0.10; Microsoft Windows 10.0.22631)",
        "x-ms-client-request-id": "Sanitized",
        "x-ms-return-client-request-id": "true",
        "x-ms-version": "2025-01-05"
      },
      "RequestBody": null,
      "StatusCode": 200,
      "ResponseHeaders": {
        "Cache-Control": "no-cache",
        "Content-Disposition": "inline",
        "Content-Language": [
          "en-US",
          "en-CA"
        ],
        "Content-Length": "512",
        "Content-Type": "application/octet-stream",
        "Date": "Fri, 18 Oct 2024 19:45:45 GMT",
        "ETag": "\"0x8DCEFAD74EC57E0\"",
        "Last-Modified": "Fri, 18 Oct 2024 19:45:44 GMT",
        "Server": [
          "Windows-Azure-File/1.0",
          "Microsoft-HTTPAPI/2.0"
        ],
        "x-ms-client-request-id": "Sanitized",
        "x-ms-file-attributes": "Archive",
        "x-ms-file-change-time": "2024-04-01T13:30:03.0000000Z",
        "x-ms-file-creation-time": "2024-04-01T09:05:55.0000000Z",
        "x-ms-file-id": "16140971433240035328",
        "x-ms-file-last-write-time": "2024-04-01T12:16:06.0000000Z",
        "x-ms-file-parent-id": "13835128424026341376",
        "x-ms-file-permission-key": "15442983316638046949*9146977694084461163",
        "x-ms-lease-state": "available",
        "x-ms-lease-status": "unlocked",
        "x-ms-meta-Capital": "letter",
        "x-ms-meta-foo": "bar",
        "x-ms-meta-meta": "data",
        "x-ms-meta-UPPER": "case",
        "x-ms-request-id": "7607725f-201a-006e-3996-218fed000000",
        "x-ms-server-encrypted": "true",
        "x-ms-type": "File",
        "x-ms-version": "2025-01-05"
      },
      "ResponseBody": null
    },
    {
      "RequestUri": "https://jalauzonnettest.file.core.windows.net/test-share-4fb7d62d-7253-2399-3b7a-73d6336b76b8/destinationFolder/test-file-50ac82ba-c9f1-6282-4877-9c5fe61d498b",
      "RequestMethod": "HEAD",
      "RequestHeaders": {
        "Accept": "application/xml",
        "Authorization": "Sanitized",
        "traceparent": "00-adba65fe9c266d9d14935c11984207ef-37d645d9938e37df-00",
        "User-Agent": "azsdk-net-Storage.Files.Shares/12.21.0-alpha.20241018.1 (.NET 8.0.10; Microsoft Windows 10.0.22631)",
        "x-ms-client-request-id": "Sanitized",
        "x-ms-date": "Fri, 18 Oct 2024 19:45:46 GMT",
        "x-ms-return-client-request-id": "true",
        "x-ms-version": "2025-01-05"
      },
      "RequestBody": null,
      "StatusCode": 200,
      "ResponseHeaders": {
        "Cache-Control": "no-cache",
        "Content-Disposition": "inline",
        "Content-Language": [
          "en-US",
          "en-CA"
        ],
        "Content-Length": "512",
        "Content-Type": "application/octet-stream",
        "Date": "Fri, 18 Oct 2024 19:45:45 GMT",
        "ETag": "\"0x8DCEFAD754DA383\"",
        "Last-Modified": "Fri, 18 Oct 2024 19:45:45 GMT",
        "Server": [
          "Windows-Azure-File/1.0",
          "Microsoft-HTTPAPI/2.0"
        ],
        "x-ms-client-request-id": "Sanitized",
        "x-ms-file-attributes": "Archive",
        "x-ms-file-change-time": "2024-10-18T19:45:45.6170883Z",
        "x-ms-file-creation-time": "2024-04-01T09:05:55.0000000Z",
        "x-ms-file-id": "13835093239654252544",
        "x-ms-file-last-write-time": "2024-04-01T12:16:06.0000000Z",
        "x-ms-file-parent-id": "13835128424026341376",
        "x-ms-file-permission-key": "15442983316638046949*9146977694084461163",
        "x-ms-lease-state": "available",
        "x-ms-lease-status": "unlocked",
        "x-ms-meta-Capital": "letter",
        "x-ms-meta-foo": "bar",
        "x-ms-meta-meta": "data",
        "x-ms-meta-UPPER": "case",
        "x-ms-request-id": "76077260-201a-006e-3a96-218fed000000",
        "x-ms-server-encrypted": "true",
        "x-ms-type": "File",
        "x-ms-version": "2025-01-05"
      },
      "ResponseBody": null
    },
    {
      "RequestUri": "https://jalauzonnettest.file.core.windows.net/test-share-4fb7d62d-7253-2399-3b7a-73d6336b76b8?restype=share",
      "RequestMethod": "DELETE",
      "RequestHeaders": {
        "Accept": "application/xml",
        "Authorization": "Sanitized",
        "traceparent": "00-f390a500948946a07653919472d3a24d-1f915e5ffde0798e-00",
        "User-Agent": "azsdk-net-Storage.Files.Shares/12.21.0-alpha.20241018.1 (.NET 8.0.10; Microsoft Windows 10.0.22631)",
        "x-ms-client-request-id": "Sanitized",
        "x-ms-date": "Fri, 18 Oct 2024 19:45:46 GMT",
        "x-ms-delete-snapshots": "include",
        "x-ms-return-client-request-id": "true",
        "x-ms-version": "2025-01-05"
      },
      "RequestBody": null,
      "StatusCode": 202,
      "ResponseHeaders": {
        "Content-Length": "0",
        "Date": "Fri, 18 Oct 2024 19:45:45 GMT",
        "Server": [
          "Windows-Azure-File/1.0",
          "Microsoft-HTTPAPI/2.0"
        ],
        "x-ms-client-request-id": "Sanitized",
        "x-ms-request-id": "76077261-201a-006e-3b96-218fed000000",
        "x-ms-version": "2025-01-05"
      },
      "ResponseBody": null
    },
    {
      "RequestUri": "https://jalauzonnettest.file.core.windows.net/test-share-08e9867f-f878-cd7b-4603-b0f487acd9b8?sv=Sanitized&ss=f&srt=sco&se=2024-10-19T19%3A45%3A44Z&sp=rwdxylacuptfi&sig=Sanitized&restype=share",
      "RequestMethod": "DELETE",
      "RequestHeaders": {
        "Accept": "application/xml",
        "traceparent": "00-2fca55915d658ff8deef08fe0e95fed1-dccbb58dc1dea289-00",
        "User-Agent": "azsdk-net-Storage.Files.Shares/12.21.0-alpha.20241018.1 (.NET 8.0.10; Microsoft Windows 10.0.22631)",
        "x-ms-client-request-id": "Sanitized",
        "x-ms-delete-snapshots": "include",
        "x-ms-return-client-request-id": "true",
        "x-ms-version": "2025-01-05"
      },
      "RequestBody": null,
      "StatusCode": 202,
      "ResponseHeaders": {
        "Content-Length": "0",
        "Date": "Fri, 18 Oct 2024 19:45:45 GMT",
        "Server": [
          "Windows-Azure-File/1.0",
          "Microsoft-HTTPAPI/2.0"
        ],
        "x-ms-client-request-id": "Sanitized",
        "x-ms-request-id": "76077262-201a-006e-3c96-218fed000000",
        "x-ms-version": "2025-01-05"
      },
      "ResponseBody": null
    }
  ],
  "Variables": {
    "DateTimeOffsetNow": "2024-10-18T12:45:44.7423962-07:00",
    "RandomSeed": "108536789",
    "Storage_TestConfigDefault": "ProductionTenant\njalauzonnettest\nU2FuaXRpemVk\nhttps://jalauzonnettest.blob.core.windows.net\nhttps://jalauzonnettest.file.core.windows.net\nhttps://jalauzonnettest.queue.core.windows.net\nhttps://jalauzonnettest.table.core.windows.net\n\n\n\n\nhttps://jalauzonnettest-secondary.blob.core.windows.net\nhttps://jalauzonnettest-secondary.file.core.windows.net\nhttps://jalauzonnettest-secondary.queue.core.windows.net\nhttps://jalauzonnettest-secondary.table.core.windows.net\nCloud\nBlobEndpoint=https://jalauzonnettest.blob.core.windows.net/;QueueEndpoint=https://jalauzonnettest.queue.core.windows.net/;FileEndpoint=https://jalauzonnettest.file.core.windows.net/;BlobSecondaryEndpoint=https://jalauzonnettest-secondary.blob.core.windows.net/;QueueSecondaryEndpoint=https://jalauzonnettest-secondary.queue.core.windows.net/;FileSecondaryEndpoint=https://jalauzonnettest-secondary.file.core.windows.net/;AccountName=jalauzonnettest;AccountKey=Sanitized\ntestscope1\n\n"
  }
}
