{
  "Entries": [
    {
      "RequestUri": "https://nickliuproductionacc.file.core.windows.net/test-share-05c7b560-cadd-9b58-26aa-33f44ec86c42?sv=Sanitized&ss=f&srt=sco&se=2025-05-01T15%3A38%3A58Z&sp=rwdxylacuptfi&sig=Sanitized&restype=share",
      "RequestMethod": "PUT",
      "RequestHeaders": {
        "Accept": "application/xml",
        "Content-Length": "0",
        "traceparent": "00-0065b682ebe0f3a1db26088e52b469ad-c7b6bd1bee312b68-00",
        "User-Agent": "azsdk-net-Storage.Files.Shares/12.23.0-alpha.20250430.1 (.NET 8.0.15; Microsoft Windows 10.0.26100)",
        "x-ms-client-request-id": "Sanitized",
        "x-ms-return-client-request-id": "true",
        "x-ms-version": "2025-07-05"
      },
      "RequestBody": null,
      "StatusCode": 201,
      "ResponseHeaders": {
        "Content-Length": "0",
        "Date": "Wed, 30 Apr 2025 15:38:56 GMT",
        "ETag": "\"0x8DD87FD1EB471E2\"",
        "Last-Modified": "Wed, 30 Apr 2025 15:38:56 GMT",
        "Server": [
          "Windows-Azure-File/1.0",
          "Microsoft-HTTPAPI/2.0"
        ],
        "x-ms-client-request-id": "Sanitized",
        "x-ms-request-id": "df31dfb1-f01a-000d-01e5-b9720e000000",
        "x-ms-version": "2025-07-05"
      },
      "ResponseBody": null
    },
    {
      "RequestUri": "https://nickliuproductionacc.file.core.windows.net/test-share-b7ddb8a5-9aa0-b274-e186-afeee8a9c2a9?restype=share",
      "RequestMethod": "PUT",
      "RequestHeaders": {
        "Accept": "application/xml",
        "Authorization": "Sanitized",
        "Content-Length": "0",
        "traceparent": "00-ab5892777a8213934bf2faf17b4ebebf-156ed562972323e4-00",
        "User-Agent": "azsdk-net-Storage.Files.Shares/12.23.0-alpha.20250430.1 (.NET 8.0.15; Microsoft Windows 10.0.26100)",
        "x-ms-client-request-id": "Sanitized",
        "x-ms-date": "Wed, 30 Apr 2025 15:38:59 GMT",
        "x-ms-return-client-request-id": "true",
        "x-ms-version": "2025-07-05"
      },
      "RequestBody": null,
      "StatusCode": 201,
      "ResponseHeaders": {
        "Content-Length": "0",
        "Date": "Wed, 30 Apr 2025 15:38:56 GMT",
        "ETag": "\"0x8DD87FD1EBD6685\"",
        "Last-Modified": "Wed, 30 Apr 2025 15:38:56 GMT",
        "Server": [
          "Windows-Azure-File/1.0",
          "Microsoft-HTTPAPI/2.0"
        ],
        "x-ms-client-request-id": "Sanitized",
        "x-ms-request-id": "df31dfb4-f01a-000d-02e5-b9720e000000",
        "x-ms-version": "2025-07-05"
      },
      "ResponseBody": null
    },
    {
      "RequestUri": "https://nickliuproductionacc.file.core.windows.net/test-share-05c7b560-cadd-9b58-26aa-33f44ec86c42/sourceFolder?sv=Sanitized&ss=f&srt=sco&se=2025-05-01T15%3A38%3A58Z&sp=rwdxylacuptfi&sig=Sanitized&restype=directory",
      "RequestMethod": "PUT",
      "RequestHeaders": {
        "Accept": "application/xml",
        "Content-Length": "0",
        "traceparent": "00-1ff7cd7a79a0e885cb0a86eefa3671ee-dc25d854543172dc-00",
        "User-Agent": "azsdk-net-Storage.Files.Shares/12.23.0-alpha.20250430.1 (.NET 8.0.15; Microsoft Windows 10.0.26100)",
        "x-ms-client-request-id": "Sanitized",
        "x-ms-return-client-request-id": "true",
        "x-ms-version": "2025-07-05"
      },
      "RequestBody": null,
      "StatusCode": 201,
      "ResponseHeaders": {
        "Content-Length": "0",
        "Date": "Wed, 30 Apr 2025 15:38:56 GMT",
        "ETag": "\"0x8DD87FD1ECDF297\"",
        "Last-Modified": "Wed, 30 Apr 2025 15:38:56 GMT",
        "Server": [
          "Windows-Azure-File/1.0",
          "Microsoft-HTTPAPI/2.0"
        ],
        "x-ms-client-request-id": "Sanitized",
        "x-ms-file-attributes": "Directory",
        "x-ms-file-change-time": "2025-04-30T15:38:56.9767575Z",
        "x-ms-file-creation-time": "2025-04-30T15:38:56.9767575Z",
        "x-ms-file-id": "13835128424026341376",
        "x-ms-file-last-write-time": "2025-04-30T15:38:56.9767575Z",
        "x-ms-file-parent-id": "0",
        "x-ms-file-permission-key": "13252330444922611895*16083086822043778878",
        "x-ms-request-id": "df31dfb6-f01a-000d-03e5-b9720e000000",
        "x-ms-request-server-encrypted": "true",
        "x-ms-version": "2025-07-05"
      },
      "ResponseBody": null
    },
    {
      "RequestUri": "https://nickliuproductionacc.file.core.windows.net/test-share-05c7b560-cadd-9b58-26aa-33f44ec86c42/sourceFolder/test-file-9e44ec42-cdaf-4cad-c873-446cc439a780?sv=Sanitized&ss=f&srt=sco&se=2025-05-01T15%3A38%3A58Z&sp=rwdxylacuptfi&sig=Sanitized",
      "RequestMethod": "PUT",
      "RequestHeaders": {
        "Accept": "application/xml",
        "Content-Length": "0",
        "traceparent": "00-1d341e844943bf4461419bff9bee7034-97b70d203412d1db-00",
        "User-Agent": "azsdk-net-Storage.Files.Shares/12.23.0-alpha.20250430.1 (.NET 8.0.15; Microsoft Windows 10.0.26100)",
        "x-ms-cache-control": "no-cache",
        "x-ms-client-request-id": "Sanitized",
        "x-ms-content-disposition": "inline",
        "x-ms-content-language": "en-US,en-CA",
        "x-ms-content-length": "0",
        "x-ms-file-attributes": "None",
        "x-ms-file-change-time": "2024-04-01T13:30:03.0000000Z",
        "x-ms-file-creation-time": "2024-04-01T09:05:55.0000000Z",
        "x-ms-file-last-write-time": "2024-04-01T12:16:06.0000000Z",
        "x-ms-meta-Capital": "letter",
        "x-ms-meta-foo": "bar",
        "x-ms-meta-meta": "data",
        "x-ms-meta-UPPER": "case",
        "x-ms-return-client-request-id": "true",
        "x-ms-type": "file",
        "x-ms-version": "2025-07-05"
      },
      "RequestBody": null,
      "StatusCode": 201,
      "ResponseHeaders": {
        "Content-Length": "0",
        "Date": "Wed, 30 Apr 2025 15:38:56 GMT",
        "ETag": "\"0x8DD87FD1EDBEC9E\"",
        "Last-Modified": "Wed, 30 Apr 2025 15:38:57 GMT",
        "Server": [
          "Windows-Azure-File/1.0",
          "Microsoft-HTTPAPI/2.0"
        ],
        "x-ms-client-request-id": "Sanitized",
        "x-ms-file-attributes": "Archive",
        "x-ms-file-change-time": "2024-04-01T13:30:03.0000000Z",
        "x-ms-file-creation-time": "2024-04-01T09:05:55.0000000Z",
        "x-ms-file-id": "11529285414812647424",
        "x-ms-file-last-write-time": "2024-04-01T12:16:06.0000000Z",
        "x-ms-file-parent-id": "13835128424026341376",
        "x-ms-file-permission-key": "8616074386732128176*16083086822043778878",
        "x-ms-request-id": "df31dfb7-f01a-000d-04e5-b9720e000000",
        "x-ms-request-server-encrypted": "true",
        "x-ms-version": "2025-07-05"
      },
      "ResponseBody": null
    },
    {
      "RequestUri": "https://nickliuproductionacc.file.core.windows.net/test-share-05c7b560-cadd-9b58-26aa-33f44ec86c42/sourceFolder/test-file-52a931a7-5886-c220-a833-3ac247ff02df?sv=Sanitized&ss=f&srt=sco&se=2025-05-01T15%3A38%3A58Z&sp=rwdxylacuptfi&sig=Sanitized",
      "RequestMethod": "PUT",
      "RequestHeaders": {
        "Accept": "application/xml",
        "Content-Length": "0",
        "traceparent": "00-d85defef995da3a651bc04a948dfdbb9-912b0e87f3371f44-00",
        "User-Agent": "azsdk-net-Storage.Files.Shares/12.23.0-alpha.20250430.1 (.NET 8.0.15; Microsoft Windows 10.0.26100)",
        "x-ms-cache-control": "no-cache",
        "x-ms-client-request-id": "Sanitized",
        "x-ms-content-disposition": "inline",
        "x-ms-content-language": "en-US,en-CA",
        "x-ms-content-length": "0",
        "x-ms-file-attributes": "None",
        "x-ms-file-change-time": "2024-04-01T13:30:03.0000000Z",
        "x-ms-file-creation-time": "2024-04-01T09:05:55.0000000Z",
        "x-ms-file-last-write-time": "2024-04-01T12:16:06.0000000Z",
        "x-ms-meta-Capital": "letter",
        "x-ms-meta-foo": "bar",
        "x-ms-meta-meta": "data",
        "x-ms-meta-UPPER": "case",
        "x-ms-return-client-request-id": "true",
        "x-ms-type": "file",
        "x-ms-version": "2025-07-05"
      },
      "RequestBody": null,
      "StatusCode": 201,
      "ResponseHeaders": {
        "Content-Length": "0",
        "Date": "Wed, 30 Apr 2025 15:38:56 GMT",
        "ETag": "\"0x8DD87FD1EE164C1\"",
        "Last-Modified": "Wed, 30 Apr 2025 15:38:57 GMT",
        "Server": [
          "Windows-Azure-File/1.0",
          "Microsoft-HTTPAPI/2.0"
        ],
        "x-ms-client-request-id": "Sanitized",
        "x-ms-file-attributes": "Archive",
        "x-ms-file-change-time": "2024-04-01T13:30:03.0000000Z",
        "x-ms-file-creation-time": "2024-04-01T09:05:55.0000000Z",
        "x-ms-file-id": "16140971433240035328",
        "x-ms-file-last-write-time": "2024-04-01T12:16:06.0000000Z",
        "x-ms-file-parent-id": "13835128424026341376",
        "x-ms-file-permission-key": "8616074386732128176*16083086822043778878",
        "x-ms-request-id": "df31dfb8-f01a-000d-05e5-b9720e000000",
        "x-ms-request-server-encrypted": "true",
        "x-ms-version": "2025-07-05"
      },
      "ResponseBody": null
    },
    {
      "RequestUri": "https://nickliuproductionacc.file.core.windows.net/test-share-05c7b560-cadd-9b58-26aa-33f44ec86c42/sourceFolder/bar?sv=Sanitized&ss=f&srt=sco&se=2025-05-01T15%3A38%3A58Z&sp=rwdxylacuptfi&sig=Sanitized&restype=directory",
      "RequestMethod": "PUT",
      "RequestHeaders": {
        "Accept": "application/xml",
        "Content-Length": "0",
        "traceparent": "00-846a6b2661ba2fd61c7fd487ce05528f-fa8814ca3fbcef1d-00",
        "User-Agent": "azsdk-net-Storage.Files.Shares/12.23.0-alpha.20250430.1 (.NET 8.0.15; Microsoft Windows 10.0.26100)",
        "x-ms-client-request-id": "Sanitized",
        "x-ms-return-client-request-id": "true",
        "x-ms-version": "2025-07-05"
      },
      "RequestBody": null,
      "StatusCode": 201,
      "ResponseHeaders": {
        "Content-Length": "0",
        "Date": "Wed, 30 Apr 2025 15:38:56 GMT",
        "ETag": "\"0x8DD87FD1EE61A65\"",
        "Last-Modified": "Wed, 30 Apr 2025 15:38:57 GMT",
        "Server": [
          "Windows-Azure-File/1.0",
          "Microsoft-HTTPAPI/2.0"
        ],
        "x-ms-client-request-id": "Sanitized",
        "x-ms-file-attributes": "Directory",
        "x-ms-file-change-time": "2025-04-30T15:38:57.1350629Z",
        "x-ms-file-creation-time": "2025-04-30T15:38:57.1350629Z",
        "x-ms-file-id": "10376363910205800448",
        "x-ms-file-last-write-time": "2025-04-30T15:38:57.1350629Z",
        "x-ms-file-parent-id": "13835128424026341376",
        "x-ms-file-permission-key": "13252330444922611895*16083086822043778878",
        "x-ms-request-id": "df31dfb9-f01a-000d-06e5-b9720e000000",
        "x-ms-request-server-encrypted": "true",
        "x-ms-version": "2025-07-05"
      },
      "ResponseBody": null
    },
    {
      "RequestUri": "https://nickliuproductionacc.file.core.windows.net/test-share-05c7b560-cadd-9b58-26aa-33f44ec86c42/sourceFolder/bar/test-file-7ef4786a-6d39-7def-ae58-bc27d77af0e0?sv=Sanitized&ss=f&srt=sco&se=2025-05-01T15%3A38%3A58Z&sp=rwdxylacuptfi&sig=Sanitized",
      "RequestMethod": "PUT",
      "RequestHeaders": {
        "Accept": "application/xml",
        "Content-Length": "0",
        "traceparent": "00-fe9b42804ceb02fb5bfd91d8b57a8ded-c28b9694a949492a-00",
        "User-Agent": "azsdk-net-Storage.Files.Shares/12.23.0-alpha.20250430.1 (.NET 8.0.15; Microsoft Windows 10.0.26100)",
        "x-ms-cache-control": "no-cache",
        "x-ms-client-request-id": "Sanitized",
        "x-ms-content-disposition": "inline",
        "x-ms-content-language": "en-US,en-CA",
        "x-ms-content-length": "0",
        "x-ms-file-attributes": "None",
        "x-ms-file-change-time": "2024-04-01T13:30:03.0000000Z",
        "x-ms-file-creation-time": "2024-04-01T09:05:55.0000000Z",
        "x-ms-file-last-write-time": "2024-04-01T12:16:06.0000000Z",
        "x-ms-meta-Capital": "letter",
        "x-ms-meta-foo": "bar",
        "x-ms-meta-meta": "data",
        "x-ms-meta-UPPER": "case",
        "x-ms-return-client-request-id": "true",
        "x-ms-type": "file",
        "x-ms-version": "2025-07-05"
      },
      "RequestBody": null,
      "StatusCode": 201,
      "ResponseHeaders": {
        "Content-Length": "0",
        "Date": "Wed, 30 Apr 2025 15:38:56 GMT",
        "ETag": "\"0x8DD87FD1EEAD007\"",
        "Last-Modified": "Wed, 30 Apr 2025 15:38:57 GMT",
        "Server": [
          "Windows-Azure-File/1.0",
          "Microsoft-HTTPAPI/2.0"
        ],
        "x-ms-client-request-id": "Sanitized",
        "x-ms-file-attributes": "Archive",
        "x-ms-file-change-time": "2024-04-01T13:30:03.0000000Z",
        "x-ms-file-creation-time": "2024-04-01T09:05:55.0000000Z",
        "x-ms-file-id": "14988049928633188352",
        "x-ms-file-last-write-time": "2024-04-01T12:16:06.0000000Z",
        "x-ms-file-parent-id": "10376363910205800448",
        "x-ms-file-permission-key": "8616074386732128176*16083086822043778878",
        "x-ms-request-id": "df31dfba-f01a-000d-07e5-b9720e000000",
        "x-ms-request-server-encrypted": "true",
        "x-ms-version": "2025-07-05"
      },
      "ResponseBody": null
    },
    {
      "RequestUri": "https://nickliuproductionacc.file.core.windows.net/test-share-05c7b560-cadd-9b58-26aa-33f44ec86c42/sourceFolder/pik?sv=Sanitized&ss=f&srt=sco&se=2025-05-01T15%3A38%3A58Z&sp=rwdxylacuptfi&sig=Sanitized&restype=directory",
      "RequestMethod": "PUT",
      "RequestHeaders": {
        "Accept": "application/xml",
        "Content-Length": "0",
        "traceparent": "00-036a3291db194f4adb186a6cce0f4af8-3ca7b5e67e6c32fe-00",
        "User-Agent": "azsdk-net-Storage.Files.Shares/12.23.0-alpha.20250430.1 (.NET 8.0.15; Microsoft Windows 10.0.26100)",
        "x-ms-client-request-id": "Sanitized",
        "x-ms-return-client-request-id": "true",
        "x-ms-version": "2025-07-05"
      },
      "RequestBody": null,
      "StatusCode": 201,
      "ResponseHeaders": {
        "Content-Length": "0",
        "Date": "Wed, 30 Apr 2025 15:38:56 GMT",
        "ETag": "\"0x8DD87FD1EEFFA58\"",
        "Last-Modified": "Wed, 30 Apr 2025 15:38:57 GMT",
        "Server": [
          "Windows-Azure-File/1.0",
          "Microsoft-HTTPAPI/2.0"
        ],
        "x-ms-client-request-id": "Sanitized",
        "x-ms-file-attributes": "Directory",
        "x-ms-file-change-time": "2025-04-30T15:38:57.1997784Z",
        "x-ms-file-creation-time": "2025-04-30T15:38:57.1997784Z",
        "x-ms-file-id": "12682206919419494400",
        "x-ms-file-last-write-time": "2025-04-30T15:38:57.1997784Z",
        "x-ms-file-parent-id": "13835128424026341376",
        "x-ms-file-permission-key": "13252330444922611895*16083086822043778878",
        "x-ms-request-id": "df31dfbe-f01a-000d-09e5-b9720e000000",
        "x-ms-request-server-encrypted": "true",
        "x-ms-version": "2025-07-05"
      },
      "ResponseBody": null
    },
    {
      "RequestUri": "https://nickliuproductionacc.file.core.windows.net/test-share-05c7b560-cadd-9b58-26aa-33f44ec86c42/sourceFolder/pik/test-file-0ff0c3f3-57b3-2bc8-b7ae-d95c4651609b?sv=Sanitized&ss=f&srt=sco&se=2025-05-01T15%3A38%3A58Z&sp=rwdxylacuptfi&sig=Sanitized",
      "RequestMethod": "PUT",
      "RequestHeaders": {
        "Accept": "application/xml",
        "Content-Length": "0",
        "traceparent": "00-ecbfb2267df325e4f7531ddaa26e64ae-d5ed87c8626b8fde-00",
        "User-Agent": "azsdk-net-Storage.Files.Shares/12.23.0-alpha.20250430.1 (.NET 8.0.15; Microsoft Windows 10.0.26100)",
        "x-ms-cache-control": "no-cache",
        "x-ms-client-request-id": "Sanitized",
        "x-ms-content-disposition": "inline",
        "x-ms-content-language": "en-US,en-CA",
        "x-ms-content-length": "0",
        "x-ms-file-attributes": "None",
        "x-ms-file-change-time": "2024-04-01T13:30:03.0000000Z",
        "x-ms-file-creation-time": "2024-04-01T09:05:55.0000000Z",
        "x-ms-file-last-write-time": "2024-04-01T12:16:06.0000000Z",
        "x-ms-meta-Capital": "letter",
        "x-ms-meta-foo": "bar",
        "x-ms-meta-meta": "data",
        "x-ms-meta-UPPER": "case",
        "x-ms-return-client-request-id": "true",
        "x-ms-type": "file",
        "x-ms-version": "2025-07-05"
      },
      "RequestBody": null,
      "StatusCode": 201,
      "ResponseHeaders": {
        "Content-Length": "0",
        "Date": "Wed, 30 Apr 2025 15:38:56 GMT",
        "ETag": "\"0x8DD87FD1EF524B4\"",
        "Last-Modified": "Wed, 30 Apr 2025 15:38:57 GMT",
        "Server": [
          "Windows-Azure-File/1.0",
          "Microsoft-HTTPAPI/2.0"
        ],
        "x-ms-client-request-id": "Sanitized",
        "x-ms-file-attributes": "Archive",
        "x-ms-file-change-time": "2024-04-01T13:30:03.0000000Z",
        "x-ms-file-creation-time": "2024-04-01T09:05:55.0000000Z",
        "x-ms-file-id": "17293892937846882304",
        "x-ms-file-last-write-time": "2024-04-01T12:16:06.0000000Z",
        "x-ms-file-parent-id": "12682206919419494400",
        "x-ms-file-permission-key": "8616074386732128176*16083086822043778878",
        "x-ms-request-id": "df31dfbf-f01a-000d-0ae5-b9720e000000",
        "x-ms-request-server-encrypted": "true",
        "x-ms-version": "2025-07-05"
      },
      "ResponseBody": null
    },
    {
      "RequestUri": "https://nickliuproductionacc.file.core.windows.net/test-share-b7ddb8a5-9aa0-b274-e186-afeee8a9c2a9/destinationFolder?restype=directory",
      "RequestMethod": "PUT",
      "RequestHeaders": {
        "Accept": "application/xml",
        "Authorization": "Sanitized",
        "Content-Length": "0",
        "traceparent": "00-f0300c565a9fd860d294cc83d41f9557-751f796e655e4da5-00",
        "User-Agent": "azsdk-net-Storage.Files.Shares/12.23.0-alpha.20250430.1 (.NET 8.0.15; Microsoft Windows 10.0.26100)",
        "x-ms-client-request-id": "Sanitized",
        "x-ms-date": "Wed, 30 Apr 2025 15:38:59 GMT",
        "x-ms-return-client-request-id": "true",
        "x-ms-version": "2025-07-05"
      },
      "RequestBody": null,
      "StatusCode": 201,
      "ResponseHeaders": {
        "Content-Length": "0",
        "Date": "Wed, 30 Apr 2025 15:38:56 GMT",
        "ETag": "\"0x8DD87FD1EFAEA8F\"",
        "Last-Modified": "Wed, 30 Apr 2025 15:38:57 GMT",
        "Server": [
          "Windows-Azure-File/1.0",
          "Microsoft-HTTPAPI/2.0"
        ],
        "x-ms-client-request-id": "Sanitized",
        "x-ms-file-attributes": "Directory",
        "x-ms-file-change-time": "2025-04-30T15:38:57.2714639Z",
        "x-ms-file-creation-time": "2025-04-30T15:38:57.2714639Z",
        "x-ms-file-id": "13835128424026341376",
        "x-ms-file-last-write-time": "2025-04-30T15:38:57.2714639Z",
        "x-ms-file-parent-id": "0",
        "x-ms-file-permission-key": "13252330444922611895*16083086822043778878",
        "x-ms-request-id": "df31dfc0-f01a-000d-0be5-b9720e000000",
        "x-ms-request-server-encrypted": "true",
        "x-ms-version": "2025-07-05"
      },
      "ResponseBody": null
    },
    {
      "RequestUri": "https://nickliuproductionacc.file.core.windows.net/test-share-05c7b560-cadd-9b58-26aa-33f44ec86c42?sv=Sanitized&ss=f&srt=sco&se=2025-05-01T15%3A38%3A58Z&sp=rwdxylacuptfi&sig=Sanitized&restype=share",
      "RequestMethod": "GET",
      "RequestHeaders": {
        "Accept": "application/xml",
        "traceparent": "00-c8b75fcb489f98b1af98abf62e411772-28e6d727fb10e4f3-00",
        "User-Agent": "azsdk-net-Storage.Files.Shares/12.23.0-alpha.20250430.1 (.NET 8.0.15; Microsoft Windows 10.0.26100)",
        "x-ms-client-request-id": "Sanitized",
        "x-ms-return-client-request-id": "true",
        "x-ms-version": "2025-07-05"
      },
      "RequestBody": null,
      "StatusCode": 200,
      "ResponseHeaders": {
        "Content-Length": "0",
        "Date": "Wed, 30 Apr 2025 15:38:56 GMT",
        "ETag": "\"0x8DD87FD1EB471E2\"",
        "Last-Modified": "Wed, 30 Apr 2025 15:38:56 GMT",
        "Server": [
          "Windows-Azure-File/1.0",
          "Microsoft-HTTPAPI/2.0"
        ],
        "x-ms-access-tier": "TransactionOptimized",
        "x-ms-access-tier-change-time": "Wed, 30 Apr 2025 15:38:56 GMT",
        "x-ms-client-request-id": "Sanitized",
        "x-ms-has-immutability-policy": "false",
        "x-ms-has-legal-hold": "false",
        "x-ms-lease-state": "available",
        "x-ms-lease-status": "unlocked",
        "x-ms-request-id": "df31dfc1-f01a-000d-0ce5-b9720e000000",
        "x-ms-share-quota": "102400",
        "x-ms-version": "2025-07-05"
      },
      "ResponseBody": null
    },
    {
      "RequestUri": "https://nickliuproductionacc.file.core.windows.net/test-share-b7ddb8a5-9aa0-b274-e186-afeee8a9c2a9?restype=share",
      "RequestMethod": "GET",
      "RequestHeaders": {
        "Accept": "application/xml",
        "Authorization": "Sanitized",
        "traceparent": "00-3413d28919a1b9ace7e6776d16288c34-bc8ca04355d1bebc-00",
        "User-Agent": "azsdk-net-Storage.Files.Shares/12.23.0-alpha.20250430.1 (.NET 8.0.15; Microsoft Windows 10.0.26100)",
        "x-ms-client-request-id": "Sanitized",
        "x-ms-date": "Wed, 30 Apr 2025 15:38:59 GMT",
        "x-ms-return-client-request-id": "true",
        "x-ms-version": "2025-07-05"
      },
      "RequestBody": null,
      "StatusCode": 200,
      "ResponseHeaders": {
        "Content-Length": "0",
        "Date": "Wed, 30 Apr 2025 15:38:56 GMT",
        "ETag": "\"0x8DD87FD1EBD6685\"",
        "Last-Modified": "Wed, 30 Apr 2025 15:38:56 GMT",
        "Server": [
          "Windows-Azure-File/1.0",
          "Microsoft-HTTPAPI/2.0"
        ],
        "x-ms-access-tier": "TransactionOptimized",
        "x-ms-access-tier-change-time": "Wed, 30 Apr 2025 15:38:56 GMT",
        "x-ms-client-request-id": "Sanitized",
        "x-ms-has-immutability-policy": "false",
        "x-ms-has-legal-hold": "false",
        "x-ms-lease-state": "available",
        "x-ms-lease-status": "unlocked",
        "x-ms-request-id": "df31dfc3-f01a-000d-0ee5-b9720e000000",
        "x-ms-share-quota": "102400",
        "x-ms-version": "2025-07-05"
      },
      "ResponseBody": null
    },
    {
      "RequestUri": "https://nickliuproductionacc.file.core.windows.net/test-share-05c7b560-cadd-9b58-26aa-33f44ec86c42/sourceFolder?sv=Sanitized&ss=f&srt=sco&se=2025-05-01T15%3A38%3A58Z&sp=rwdxylacuptfi&sig=Sanitized&restype=directory&comp=list&include=Attributes",
      "RequestMethod": "GET",
      "RequestHeaders": {
        "Accept": "application/xml",
        "traceparent": "00-ea653bfcfc1bea98a33b201f97f51e97-938b10ad06aa2539-00",
        "User-Agent": "azsdk-net-Storage.Files.Shares/12.23.0-alpha.20250430.1 (.NET 8.0.15; Microsoft Windows 10.0.26100)",
        "x-ms-client-request-id": "Sanitized",
        "x-ms-return-client-request-id": "true",
        "x-ms-version": "2025-07-05"
      },
      "RequestBody": null,
      "StatusCode": 200,
      "ResponseHeaders": {
        "Content-Type": "application/xml",
        "Date": "Wed, 30 Apr 2025 15:38:57 GMT",
        "Server": [
          "Windows-Azure-File/1.0",
          "Microsoft-HTTPAPI/2.0"
        ],
        "Transfer-Encoding": "chunked",
        "x-ms-client-request-id": "Sanitized",
        "x-ms-request-id": "df31dfc4-f01a-000d-0fe5-b9720e000000",
        "x-ms-version": "2025-07-05"
      },
      "ResponseBody": "\uFEFF<?xml version=\"1.0\" encoding=\"utf-8\"?><EnumerationResults ServiceEndpoint=\"https://nickliuproductionacc.file.core.windows.net/\" ShareName=\"test-share-05c7b560-cadd-9b58-26aa-33f44ec86c42\" DirectoryPath=\"sourceFolder\"><DirectoryId>13835128424026341376</DirectoryId><Entries><Directory><Name>bar</Name><FileId>10376363910205800448</FileId><Properties /><Attributes>Directory</Attributes></Directory><Directory><Name>pik</Name><FileId>12682206919419494400</FileId><Properties /><Attributes>Directory</Attributes></Directory><File><Name>test-file-52a931a7-5886-c220-a833-3ac247ff02df</Name><FileId>16140971433240035328</FileId><Properties><Content-Length>0</Content-Length></Properties><Attributes>Archive</Attributes></File><File><Name>test-file-9e44ec42-cdaf-4cad-c873-446cc439a780</Name><FileId>11529285414812647424</FileId><Properties><Content-Length>0</Content-Length></Properties><Attributes>Archive</Attributes></File></Entries><NextMarker /></EnumerationResults>"
    },
    {
      "RequestUri": "https://nickliuproductionacc.file.core.windows.net/test-share-05c7b560-cadd-9b58-26aa-33f44ec86c42/sourceFolder/bar?sv=Sanitized&ss=f&srt=sco&se=2025-05-01T15%3A38%3A58Z&sp=rwdxylacuptfi&sig=Sanitized&restype=directory",
      "RequestMethod": "GET",
      "RequestHeaders": {
        "Accept": "application/xml",
        "traceparent": "00-b87a95cfe356f365bc52ee3d2525932a-9754938efa391112-00",
        "User-Agent": "azsdk-net-Storage.Files.Shares/12.23.0-alpha.20250430.1 (.NET 8.0.15; Microsoft Windows 10.0.26100)",
        "x-ms-client-request-id": "Sanitized",
        "x-ms-return-client-request-id": "true",
        "x-ms-version": "2025-07-05"
      },
      "RequestBody": null,
      "StatusCode": 200,
      "ResponseHeaders": {
        "Content-Length": "0",
        "Date": "Wed, 30 Apr 2025 15:38:57 GMT",
        "ETag": "\"0x8DD87FD1EE61A65\"",
        "Last-Modified": "Wed, 30 Apr 2025 15:38:57 GMT",
        "Server": [
          "Windows-Azure-File/1.0",
          "Microsoft-HTTPAPI/2.0"
        ],
        "x-ms-client-request-id": "Sanitized",
        "x-ms-file-attributes": "Directory",
        "x-ms-file-change-time": "2025-04-30T15:38:57.1350629Z",
        "x-ms-file-creation-time": "2025-04-30T15:38:57.1350629Z",
        "x-ms-file-id": "10376363910205800448",
        "x-ms-file-last-write-time": "2025-04-30T15:38:57.1350629Z",
        "x-ms-file-parent-id": "13835128424026341376",
        "x-ms-file-permission-key": "13252330444922611895*16083086822043778878",
        "x-ms-request-id": "df31dfc5-f01a-000d-10e5-b9720e000000",
        "x-ms-server-encrypted": "true",
        "x-ms-version": "2025-07-05"
      },
      "ResponseBody": null
    },
    {
      "RequestUri": "https://nickliuproductionacc.file.core.windows.net/test-share-b7ddb8a5-9aa0-b274-e186-afeee8a9c2a9/destinationFolder/bar?restype=directory",
      "RequestMethod": "PUT",
      "RequestHeaders": {
        "Accept": "application/xml",
        "Authorization": "Sanitized",
        "Content-Length": "0",
        "traceparent": "00-3f90a34a06bf62decbaed203a01e8f5a-0332944b481979b5-00",
        "User-Agent": "azsdk-net-Storage.Files.Shares/12.23.0-alpha.20250430.1 (.NET 8.0.15; Microsoft Windows 10.0.26100)",
        "x-ms-client-request-id": "Sanitized",
        "x-ms-date": "Wed, 30 Apr 2025 15:38:59 GMT",
        "x-ms-file-attributes": "Directory",
        "x-ms-file-change-time": "2025-04-30T15:38:57.1350629Z",
        "x-ms-file-creation-time": "2025-04-30T15:38:57.1350629Z",
        "x-ms-file-last-write-time": "2025-04-30T15:38:57.1350629Z",
        "x-ms-return-client-request-id": "true",
        "x-ms-version": "2025-07-05"
      },
      "RequestBody": null,
      "StatusCode": 201,
      "ResponseHeaders": {
        "Content-Length": "0",
        "Date": "Wed, 30 Apr 2025 15:38:57 GMT",
        "ETag": "\"0x8DD87FD1F1EEBF5\"",
        "Last-Modified": "Wed, 30 Apr 2025 15:38:57 GMT",
        "Server": [
          "Windows-Azure-File/1.0",
          "Microsoft-HTTPAPI/2.0"
        ],
        "x-ms-client-request-id": "Sanitized",
        "x-ms-file-attributes": "Directory",
        "x-ms-file-change-time": "2025-04-30T15:38:57.1350629Z",
        "x-ms-file-creation-time": "2025-04-30T15:38:57.1350629Z",
        "x-ms-file-id": "11529285414812647424",
        "x-ms-file-last-write-time": "2025-04-30T15:38:57.1350629Z",
        "x-ms-file-parent-id": "13835128424026341376",
        "x-ms-file-permission-key": "13252330444922611895*16083086822043778878",
        "x-ms-request-id": "df31dfc6-f01a-000d-11e5-b9720e000000",
        "x-ms-request-server-encrypted": "true",
        "x-ms-version": "2025-07-05"
      },
      "ResponseBody": null
    },
    {
      "RequestUri": "https://nickliuproductionacc.file.core.windows.net/test-share-05c7b560-cadd-9b58-26aa-33f44ec86c42/sourceFolder/pik?sv=Sanitized&ss=f&srt=sco&se=2025-05-01T15%3A38%3A58Z&sp=rwdxylacuptfi&sig=Sanitized&restype=directory",
      "RequestMethod": "GET",
      "RequestHeaders": {
        "Accept": "application/xml",
        "traceparent": "00-3aec09096acb91da0cf16a2574e20d6e-4d0c0f862852a3a6-00",
        "User-Agent": "azsdk-net-Storage.Files.Shares/12.23.0-alpha.20250430.1 (.NET 8.0.15; Microsoft Windows 10.0.26100)",
        "x-ms-client-request-id": "Sanitized",
        "x-ms-return-client-request-id": "true",
        "x-ms-version": "2025-07-05"
      },
      "RequestBody": null,
      "StatusCode": 200,
      "ResponseHeaders": {
        "Content-Length": "0",
        "Date": "Wed, 30 Apr 2025 15:38:57 GMT",
        "ETag": "\"0x8DD87FD1EEFFA58\"",
        "Last-Modified": "Wed, 30 Apr 2025 15:38:57 GMT",
        "Server": [
          "Windows-Azure-File/1.0",
          "Microsoft-HTTPAPI/2.0"
        ],
        "x-ms-client-request-id": "Sanitized",
        "x-ms-file-attributes": "Directory",
        "x-ms-file-change-time": "2025-04-30T15:38:57.1997784Z",
        "x-ms-file-creation-time": "2025-04-30T15:38:57.1997784Z",
        "x-ms-file-id": "12682206919419494400",
        "x-ms-file-last-write-time": "2025-04-30T15:38:57.1997784Z",
        "x-ms-file-parent-id": "13835128424026341376",
        "x-ms-file-permission-key": "13252330444922611895*16083086822043778878",
        "x-ms-request-id": "df31dfc8-f01a-000d-12e5-b9720e000000",
        "x-ms-server-encrypted": "true",
        "x-ms-version": "2025-07-05"
      },
      "ResponseBody": null
    },
    {
      "RequestUri": "https://nickliuproductionacc.file.core.windows.net/test-share-b7ddb8a5-9aa0-b274-e186-afeee8a9c2a9/destinationFolder/pik?restype=directory",
      "RequestMethod": "PUT",
      "RequestHeaders": {
        "Accept": "application/xml",
        "Authorization": "Sanitized",
        "Content-Length": "0",
        "traceparent": "00-63b7296b76a3daf08d620f7d313a7599-2c3794f31d73a0cf-00",
        "User-Agent": "azsdk-net-Storage.Files.Shares/12.23.0-alpha.20250430.1 (.NET 8.0.15; Microsoft Windows 10.0.26100)",
        "x-ms-client-request-id": "Sanitized",
        "x-ms-date": "Wed, 30 Apr 2025 15:38:59 GMT",
        "x-ms-file-attributes": "Directory",
        "x-ms-file-change-time": "2025-04-30T15:38:57.1997784Z",
        "x-ms-file-creation-time": "2025-04-30T15:38:57.1997784Z",
        "x-ms-file-last-write-time": "2025-04-30T15:38:57.1997784Z",
        "x-ms-return-client-request-id": "true",
        "x-ms-version": "2025-07-05"
      },
      "RequestBody": null,
      "StatusCode": 201,
      "ResponseHeaders": {
        "Content-Length": "0",
        "Date": "Wed, 30 Apr 2025 15:38:57 GMT",
        "ETag": "\"0x8DD87FD1F28573F\"",
        "Last-Modified": "Wed, 30 Apr 2025 15:38:57 GMT",
        "Server": [
          "Windows-Azure-File/1.0",
          "Microsoft-HTTPAPI/2.0"
        ],
        "x-ms-client-request-id": "Sanitized",
        "x-ms-file-attributes": "Directory",
        "x-ms-file-change-time": "2025-04-30T15:38:57.1997784Z",
        "x-ms-file-creation-time": "2025-04-30T15:38:57.1997784Z",
        "x-ms-file-id": "16140971433240035328",
        "x-ms-file-last-write-time": "2025-04-30T15:38:57.1997784Z",
        "x-ms-file-parent-id": "13835128424026341376",
        "x-ms-file-permission-key": "13252330444922611895*16083086822043778878",
        "x-ms-request-id": "df31dfc9-f01a-000d-13e5-b9720e000000",
        "x-ms-request-server-encrypted": "true",
        "x-ms-version": "2025-07-05"
      },
      "ResponseBody": null
    },
    {
      "RequestUri": "https://nickliuproductionacc.file.core.windows.net/test-share-05c7b560-cadd-9b58-26aa-33f44ec86c42/sourceFolder/bar?sv=Sanitized&ss=f&srt=sco&se=2025-05-01T15%3A38%3A58Z&sp=rwdxylacuptfi&sig=Sanitized&restype=directory&comp=list&include=Attributes",
      "RequestMethod": "GET",
      "RequestHeaders": {
        "Accept": "application/xml",
        "traceparent": "00-602cde869ed07ac75a394cdba923c7af-89e6469c056c2320-00",
        "User-Agent": "azsdk-net-Storage.Files.Shares/12.23.0-alpha.20250430.1 (.NET 8.0.15; Microsoft Windows 10.0.26100)",
        "x-ms-client-request-id": "Sanitized",
        "x-ms-return-client-request-id": "true",
        "x-ms-version": "2025-07-05"
      },
      "RequestBody": null,
      "StatusCode": 200,
      "ResponseHeaders": {
        "Content-Type": "application/xml",
        "Date": "Wed, 30 Apr 2025 15:38:57 GMT",
        "Server": [
          "Windows-Azure-File/1.0",
          "Microsoft-HTTPAPI/2.0"
        ],
        "Transfer-Encoding": "chunked",
        "x-ms-client-request-id": "Sanitized",
        "x-ms-request-id": "df31dfca-f01a-000d-14e5-b9720e000000",
        "x-ms-version": "2025-07-05"
      },
      "ResponseBody": "\uFEFF<?xml version=\"1.0\" encoding=\"utf-8\"?><EnumerationResults ServiceEndpoint=\"https://nickliuproductionacc.file.core.windows.net/\" ShareName=\"test-share-05c7b560-cadd-9b58-26aa-33f44ec86c42\" DirectoryPath=\"sourceFolder/bar\"><DirectoryId>10376363910205800448</DirectoryId><Entries><File><Name>test-file-7ef4786a-6d39-7def-ae58-bc27d77af0e0</Name><FileId>14988049928633188352</FileId><Properties><Content-Length>0</Content-Length></Properties><Attributes>Archive</Attributes></File></Entries><NextMarker /></EnumerationResults>"
    },
    {
      "RequestUri": "https://nickliuproductionacc.file.core.windows.net/test-share-05c7b560-cadd-9b58-26aa-33f44ec86c42/sourceFolder/test-file-52a931a7-5886-c220-a833-3ac247ff02df?sv=Sanitized&ss=f&srt=sco&se=2025-05-01T15%3A38%3A58Z&sp=rwdxylacuptfi&sig=Sanitized",
      "RequestMethod": "HEAD",
      "RequestHeaders": {
        "Accept": "application/xml",
        "traceparent": "00-e396e0b36c0b001d23a3e8902f112c02-94035ba401bab426-00",
        "User-Agent": "azsdk-net-Storage.Files.Shares/12.23.0-alpha.20250430.1 (.NET 8.0.15; Microsoft Windows 10.0.26100)",
        "x-ms-client-request-id": "Sanitized",
        "x-ms-return-client-request-id": "true",
        "x-ms-version": "2025-07-05"
      },
      "RequestBody": null,
      "StatusCode": 200,
      "ResponseHeaders": {
        "Cache-Control": "no-cache",
        "Content-Disposition": "inline",
        "Content-Language": [
          "en-US",
          "en-CA"
        ],
        "Content-Length": "0",
        "Content-Type": "application/octet-stream",
        "Date": "Wed, 30 Apr 2025 15:38:57 GMT",
        "ETag": "\"0x8DD87FD1EE164C1\"",
        "Last-Modified": "Wed, 30 Apr 2025 15:38:57 GMT",
        "Server": [
          "Windows-Azure-File/1.0",
          "Microsoft-HTTPAPI/2.0"
        ],
        "x-ms-client-request-id": "Sanitized",
        "x-ms-file-attributes": "Archive",
        "x-ms-file-change-time": "2024-04-01T13:30:03.0000000Z",
        "x-ms-file-creation-time": "2024-04-01T09:05:55.0000000Z",
        "x-ms-file-id": "16140971433240035328",
        "x-ms-file-last-write-time": "2024-04-01T12:16:06.0000000Z",
        "x-ms-file-parent-id": "13835128424026341376",
        "x-ms-file-permission-key": "8616074386732128176*16083086822043778878",
        "x-ms-lease-state": "available",
        "x-ms-lease-status": "unlocked",
        "x-ms-meta-Capital": "letter",
        "x-ms-meta-foo": "bar",
        "x-ms-meta-meta": "data",
        "x-ms-meta-UPPER": "case",
        "x-ms-request-id": "df31dfcb-f01a-000d-15e5-b9720e000000",
        "x-ms-server-encrypted": "true",
        "x-ms-type": "File",
        "x-ms-version": "2025-07-05"
      },
      "ResponseBody": null
    },
    {
      "RequestUri": "https://nickliuproductionacc.file.core.windows.net/test-share-05c7b560-cadd-9b58-26aa-33f44ec86c42/sourceFolder/test-file-9e44ec42-cdaf-4cad-c873-446cc439a780?sv=Sanitized&ss=f&srt=sco&se=2025-05-01T15%3A38%3A58Z&sp=rwdxylacuptfi&sig=Sanitized",
      "RequestMethod": "HEAD",
      "RequestHeaders": {
        "Accept": "application/xml",
        "traceparent": "00-387d685a0e27a59a48778aead23c68d2-d1e32ce5da29c1f0-00",
        "User-Agent": "azsdk-net-Storage.Files.Shares/12.23.0-alpha.20250430.1 (.NET 8.0.15; Microsoft Windows 10.0.26100)",
        "x-ms-client-request-id": "Sanitized",
        "x-ms-return-client-request-id": "true",
        "x-ms-version": "2025-07-05"
      },
      "RequestBody": null,
      "StatusCode": 200,
      "ResponseHeaders": {
        "Cache-Control": "no-cache",
        "Content-Disposition": "inline",
        "Content-Language": [
          "en-US",
          "en-CA"
        ],
        "Content-Length": "0",
        "Content-Type": "application/octet-stream",
        "Date": "Wed, 30 Apr 2025 15:38:57 GMT",
        "ETag": "\"0x8DD87FD1EDBEC9E\"",
        "Last-Modified": "Wed, 30 Apr 2025 15:38:57 GMT",
        "Server": [
          "Windows-Azure-File/1.0",
          "Microsoft-HTTPAPI/2.0"
        ],
        "x-ms-client-request-id": "Sanitized",
        "x-ms-file-attributes": "Archive",
        "x-ms-file-change-time": "2024-04-01T13:30:03.0000000Z",
        "x-ms-file-creation-time": "2024-04-01T09:05:55.0000000Z",
        "x-ms-file-id": "11529285414812647424",
        "x-ms-file-last-write-time": "2024-04-01T12:16:06.0000000Z",
        "x-ms-file-parent-id": "13835128424026341376",
        "x-ms-file-permission-key": "8616074386732128176*16083086822043778878",
        "x-ms-lease-state": "available",
        "x-ms-lease-status": "unlocked",
        "x-ms-meta-Capital": "letter",
        "x-ms-meta-foo": "bar",
        "x-ms-meta-meta": "data",
        "x-ms-meta-UPPER": "case",
        "x-ms-request-id": "df31dfcc-f01a-000d-16e5-b9720e000000",
        "x-ms-server-encrypted": "true",
        "x-ms-type": "File",
        "x-ms-version": "2025-07-05"
      },
      "ResponseBody": null
    },
    {
      "RequestUri": "https://nickliuproductionacc.file.core.windows.net/test-share-05c7b560-cadd-9b58-26aa-33f44ec86c42/sourceFolder/bar/test-file-7ef4786a-6d39-7def-ae58-bc27d77af0e0?sv=Sanitized&ss=f&srt=sco&se=2025-05-01T15%3A38%3A58Z&sp=rwdxylacuptfi&sig=Sanitized",
      "RequestMethod": "HEAD",
      "RequestHeaders": {
        "Accept": "application/xml",
        "traceparent": "00-1ed46e7f9c256048e9f19d473c49b18d-f8d3e762174304c5-00",
        "User-Agent": "azsdk-net-Storage.Files.Shares/12.23.0-alpha.20250430.1 (.NET 8.0.15; Microsoft Windows 10.0.26100)",
        "x-ms-client-request-id": "Sanitized",
        "x-ms-return-client-request-id": "true",
        "x-ms-version": "2025-07-05"
      },
      "RequestBody": null,
      "StatusCode": 200,
      "ResponseHeaders": {
        "Cache-Control": "no-cache",
        "Content-Disposition": "inline",
        "Content-Language": [
          "en-US",
          "en-CA"
        ],
        "Content-Length": "0",
        "Content-Type": "application/octet-stream",
        "Date": "Wed, 30 Apr 2025 15:38:57 GMT",
        "ETag": "\"0x8DD87FD1EEAD007\"",
        "Last-Modified": "Wed, 30 Apr 2025 15:38:57 GMT",
        "Server": [
          "Windows-Azure-File/1.0",
          "Microsoft-HTTPAPI/2.0"
        ],
        "x-ms-client-request-id": "Sanitized",
        "x-ms-file-attributes": "Archive",
        "x-ms-file-change-time": "2024-04-01T13:30:03.0000000Z",
        "x-ms-file-creation-time": "2024-04-01T09:05:55.0000000Z",
        "x-ms-file-id": "14988049928633188352",
        "x-ms-file-last-write-time": "2024-04-01T12:16:06.0000000Z",
        "x-ms-file-parent-id": "10376363910205800448",
        "x-ms-file-permission-key": "8616074386732128176*16083086822043778878",
        "x-ms-lease-state": "available",
        "x-ms-lease-status": "unlocked",
        "x-ms-meta-Capital": "letter",
        "x-ms-meta-foo": "bar",
        "x-ms-meta-meta": "data",
        "x-ms-meta-UPPER": "case",
        "x-ms-request-id": "df31dfcd-f01a-000d-17e5-b9720e000000",
        "x-ms-server-encrypted": "true",
        "x-ms-type": "File",
        "x-ms-version": "2025-07-05"
      },
      "ResponseBody": null
    },
    {
      "RequestUri": "https://nickliuproductionacc.file.core.windows.net/test-share-05c7b560-cadd-9b58-26aa-33f44ec86c42/sourceFolder/pik?sv=Sanitized&ss=f&srt=sco&se=2025-05-01T15%3A38%3A58Z&sp=rwdxylacuptfi&sig=Sanitized&restype=directory&comp=list&include=Attributes",
      "RequestMethod": "GET",
      "RequestHeaders": {
        "Accept": "application/xml",
        "traceparent": "00-184e57a60abbba5b7a25c58dedba7280-6100555f5b6fe625-00",
        "User-Agent": "azsdk-net-Storage.Files.Shares/12.23.0-alpha.20250430.1 (.NET 8.0.15; Microsoft Windows 10.0.26100)",
        "x-ms-client-request-id": "Sanitized",
        "x-ms-return-client-request-id": "true",
        "x-ms-version": "2025-07-05"
      },
      "RequestBody": null,
      "StatusCode": 200,
      "ResponseHeaders": {
        "Content-Type": "application/xml",
        "Date": "Wed, 30 Apr 2025 15:38:57 GMT",
        "Server": [
          "Windows-Azure-File/1.0",
          "Microsoft-HTTPAPI/2.0"
        ],
        "Transfer-Encoding": "chunked",
        "x-ms-client-request-id": "Sanitized",
        "x-ms-request-id": "36e56859-001a-0054-4ee5-b9f58d000000",
        "x-ms-version": "2025-07-05"
      },
      "ResponseBody": "\uFEFF<?xml version=\"1.0\" encoding=\"utf-8\"?><EnumerationResults ServiceEndpoint=\"https://nickliuproductionacc.file.core.windows.net/\" ShareName=\"test-share-05c7b560-cadd-9b58-26aa-33f44ec86c42\" DirectoryPath=\"sourceFolder/pik\"><DirectoryId>12682206919419494400</DirectoryId><Entries><File><Name>test-file-0ff0c3f3-57b3-2bc8-b7ae-d95c4651609b</Name><FileId>17293892937846882304</FileId><Properties><Content-Length>0</Content-Length></Properties><Attributes>Archive</Attributes></File></Entries><NextMarker /></EnumerationResults>"
    },
    {
      "RequestUri": "https://nickliuproductionacc.file.core.windows.net/test-share-05c7b560-cadd-9b58-26aa-33f44ec86c42/sourceFolder/test-file-52a931a7-5886-c220-a833-3ac247ff02df?sv=Sanitized&ss=f&srt=sco&se=2025-05-01T15%3A38%3A58Z&sp=rwdxylacuptfi&sig=Sanitized",
      "RequestMethod": "HEAD",
      "RequestHeaders": {
        "Accept": "application/xml",
        "traceparent": "00-5428eba24ab70116dfd225461adc4060-83e1ed91658371f5-00",
        "User-Agent": "azsdk-net-Storage.Files.Shares/12.23.0-alpha.20250430.1 (.NET 8.0.15; Microsoft Windows 10.0.26100)",
        "x-ms-client-request-id": "Sanitized",
        "x-ms-return-client-request-id": "true",
        "x-ms-version": "2025-07-05"
      },
      "RequestBody": null,
      "StatusCode": 200,
      "ResponseHeaders": {
        "Cache-Control": "no-cache",
        "Content-Disposition": "inline",
        "Content-Language": [
          "en-US",
          "en-CA"
        ],
        "Content-Length": "0",
        "Content-Type": "application/octet-stream",
        "Date": "Wed, 30 Apr 2025 15:38:56 GMT",
        "ETag": "\"0x8DD87FD1EE164C1\"",
        "Last-Modified": "Wed, 30 Apr 2025 15:38:57 GMT",
        "Server": [
          "Windows-Azure-File/1.0",
          "Microsoft-HTTPAPI/2.0"
        ],
        "x-ms-client-request-id": "Sanitized",
        "x-ms-file-attributes": "Archive",
        "x-ms-file-change-time": "2024-04-01T13:30:03.0000000Z",
        "x-ms-file-creation-time": "2024-04-01T09:05:55.0000000Z",
        "x-ms-file-id": "16140971433240035328",
        "x-ms-file-last-write-time": "2024-04-01T12:16:06.0000000Z",
        "x-ms-file-parent-id": "13835128424026341376",
        "x-ms-file-permission-key": "8616074386732128176*16083086822043778878",
        "x-ms-lease-state": "available",
        "x-ms-lease-status": "unlocked",
        "x-ms-meta-Capital": "letter",
        "x-ms-meta-foo": "bar",
        "x-ms-meta-meta": "data",
        "x-ms-meta-UPPER": "case",
        "x-ms-request-id": "5efc719c-f01a-0040-60e5-b9bde2000000",
        "x-ms-server-encrypted": "true",
        "x-ms-type": "File",
        "x-ms-version": "2025-07-05"
      },
      "ResponseBody": null
    },
    {
      "RequestUri": "https://nickliuproductionacc.file.core.windows.net/test-share-05c7b560-cadd-9b58-26aa-33f44ec86c42/sourceFolder/bar/test-file-7ef4786a-6d39-7def-ae58-bc27d77af0e0?sv=Sanitized&ss=f&srt=sco&se=2025-05-01T15%3A38%3A58Z&sp=rwdxylacuptfi&sig=Sanitized",
      "RequestMethod": "HEAD",
      "RequestHeaders": {
        "Accept": "application/xml",
        "traceparent": "00-7689cb3dff42fa0c07c7584a125a6eae-b7345559916184ee-00",
        "User-Agent": "azsdk-net-Storage.Files.Shares/12.23.0-alpha.20250430.1 (.NET 8.0.15; Microsoft Windows 10.0.26100)",
        "x-ms-client-request-id": "Sanitized",
        "x-ms-return-client-request-id": "true",
        "x-ms-version": "2025-07-05"
      },
      "RequestBody": null,
      "StatusCode": 200,
      "ResponseHeaders": {
        "Cache-Control": "no-cache",
        "Content-Disposition": "inline",
        "Content-Language": [
          "en-US",
          "en-CA"
        ],
        "Content-Length": "0",
        "Content-Type": "application/octet-stream",
        "Date": "Wed, 30 Apr 2025 15:38:57 GMT",
        "ETag": "\"0x8DD87FD1EEAD007\"",
        "Last-Modified": "Wed, 30 Apr 2025 15:38:57 GMT",
        "Server": [
          "Windows-Azure-File/1.0",
          "Microsoft-HTTPAPI/2.0"
        ],
        "x-ms-client-request-id": "Sanitized",
        "x-ms-file-attributes": "Archive",
        "x-ms-file-change-time": "2024-04-01T13:30:03.0000000Z",
        "x-ms-file-creation-time": "2024-04-01T09:05:55.0000000Z",
        "x-ms-file-id": "14988049928633188352",
        "x-ms-file-last-write-time": "2024-04-01T12:16:06.0000000Z",
        "x-ms-file-parent-id": "10376363910205800448",
        "x-ms-file-permission-key": "8616074386732128176*16083086822043778878",
        "x-ms-lease-state": "available",
        "x-ms-lease-status": "unlocked",
        "x-ms-meta-Capital": "letter",
        "x-ms-meta-foo": "bar",
        "x-ms-meta-meta": "data",
        "x-ms-meta-UPPER": "case",
        "x-ms-request-id": "df31dfce-f01a-000d-18e5-b9720e000000",
        "x-ms-server-encrypted": "true",
        "x-ms-type": "File",
        "x-ms-version": "2025-07-05"
      },
      "ResponseBody": null
    },
    {
      "RequestUri": "https://nickliuproductionacc.file.core.windows.net/test-share-05c7b560-cadd-9b58-26aa-33f44ec86c42/sourceFolder/test-file-9e44ec42-cdaf-4cad-c873-446cc439a780?sv=Sanitized&ss=f&srt=sco&se=2025-05-01T15%3A38%3A58Z&sp=rwdxylacuptfi&sig=Sanitized",
      "RequestMethod": "HEAD",
      "RequestHeaders": {
        "Accept": "application/xml",
        "traceparent": "00-6867bffa103d429c8ddec0a3ef5c5252-5390ba2420c231a6-00",
        "User-Agent": "azsdk-net-Storage.Files.Shares/12.23.0-alpha.20250430.1 (.NET 8.0.15; Microsoft Windows 10.0.26100)",
        "x-ms-client-request-id": "Sanitized",
        "x-ms-return-client-request-id": "true",
        "x-ms-version": "2025-07-05"
      },
      "RequestBody": null,
      "StatusCode": 200,
      "ResponseHeaders": {
        "Cache-Control": "no-cache",
        "Content-Disposition": "inline",
        "Content-Language": [
          "en-US",
          "en-CA"
        ],
        "Content-Length": "0",
        "Content-Type": "application/octet-stream",
        "Date": "Wed, 30 Apr 2025 15:38:57 GMT",
        "ETag": "\"0x8DD87FD1EDBEC9E\"",
        "Last-Modified": "Wed, 30 Apr 2025 15:38:57 GMT",
        "Server": [
          "Windows-Azure-File/1.0",
          "Microsoft-HTTPAPI/2.0"
        ],
        "x-ms-client-request-id": "Sanitized",
        "x-ms-file-attributes": "Archive",
        "x-ms-file-change-time": "2024-04-01T13:30:03.0000000Z",
        "x-ms-file-creation-time": "2024-04-01T09:05:55.0000000Z",
        "x-ms-file-id": "11529285414812647424",
        "x-ms-file-last-write-time": "2024-04-01T12:16:06.0000000Z",
        "x-ms-file-parent-id": "13835128424026341376",
        "x-ms-file-permission-key": "8616074386732128176*16083086822043778878",
        "x-ms-lease-state": "available",
        "x-ms-lease-status": "unlocked",
        "x-ms-meta-Capital": "letter",
        "x-ms-meta-foo": "bar",
        "x-ms-meta-meta": "data",
        "x-ms-meta-UPPER": "case",
        "x-ms-request-id": "b2a2eaba-301a-005f-36e5-b90ee6000000",
        "x-ms-server-encrypted": "true",
        "x-ms-type": "File",
        "x-ms-version": "2025-07-05"
      },
      "ResponseBody": null
    },
    {
      "RequestUri": "https://nickliuproductionacc.file.core.windows.net/test-share-b7ddb8a5-9aa0-b274-e186-afeee8a9c2a9/destinationFolder/test-file-52a931a7-5886-c220-a833-3ac247ff02df",
      "RequestMethod": "HEAD",
      "RequestHeaders": {
        "Accept": "application/xml",
        "Authorization": "Sanitized",
        "traceparent": "00-1e4588aee5c7edb66009822b3bf86366-accfd973a0a8b960-00",
        "User-Agent": "azsdk-net-Storage.Files.Shares/12.23.0-alpha.20250430.1 (.NET 8.0.15; Microsoft Windows 10.0.26100)",
        "x-ms-client-request-id": "Sanitized",
        "x-ms-date": "Wed, 30 Apr 2025 15:39:00 GMT",
        "x-ms-return-client-request-id": "true",
        "x-ms-version": "2025-07-05"
      },
      "RequestBody": null,
      "StatusCode": 404,
      "ResponseHeaders": {
        "Date": "Wed, 30 Apr 2025 15:38:57 GMT",
        "Server": [
          "Windows-Azure-File/1.0",
          "Microsoft-HTTPAPI/2.0"
        ],
        "Transfer-Encoding": "chunked",
        "x-ms-client-request-id": "Sanitized",
        "x-ms-error-code": "ResourceNotFound",
        "x-ms-request-id": "5efc719e-f01a-0040-61e5-b9bde2000000",
        "x-ms-version": "2025-07-05"
      },
      "ResponseBody": null
    },
    {
      "RequestUri": "https://nickliuproductionacc.file.core.windows.net/test-share-05c7b560-cadd-9b58-26aa-33f44ec86c42/sourceFolder/pik/test-file-0ff0c3f3-57b3-2bc8-b7ae-d95c4651609b?sv=Sanitized&ss=f&srt=sco&se=2025-05-01T15%3A38%3A58Z&sp=rwdxylacuptfi&sig=Sanitized",
      "RequestMethod": "HEAD",
      "RequestHeaders": {
        "Accept": "application/xml",
        "traceparent": "00-888fd878ce5fed9f39c43770e827d985-1ed53e1370d9a24a-00",
        "User-Agent": "azsdk-net-Storage.Files.Shares/12.23.0-alpha.20250430.1 (.NET 8.0.15; Microsoft Windows 10.0.26100)",
        "x-ms-client-request-id": "Sanitized",
        "x-ms-return-client-request-id": "true",
        "x-ms-version": "2025-07-05"
      },
      "RequestBody": null,
      "StatusCode": 200,
      "ResponseHeaders": {
        "Cache-Control": "no-cache",
        "Content-Disposition": "inline",
        "Content-Language": [
          "en-US",
          "en-CA"
        ],
        "Content-Length": "0",
        "Content-Type": "application/octet-stream",
        "Date": "Wed, 30 Apr 2025 15:38:57 GMT",
        "ETag": "\"0x8DD87FD1EF524B4\"",
        "Last-Modified": "Wed, 30 Apr 2025 15:38:57 GMT",
        "Server": [
          "Windows-Azure-File/1.0",
          "Microsoft-HTTPAPI/2.0"
        ],
        "x-ms-client-request-id": "Sanitized",
        "x-ms-file-attributes": "Archive",
        "x-ms-file-change-time": "2024-04-01T13:30:03.0000000Z",
        "x-ms-file-creation-time": "2024-04-01T09:05:55.0000000Z",
        "x-ms-file-id": "17293892937846882304",
        "x-ms-file-last-write-time": "2024-04-01T12:16:06.0000000Z",
        "x-ms-file-parent-id": "12682206919419494400",
        "x-ms-file-permission-key": "8616074386732128176*16083086822043778878",
        "x-ms-lease-state": "available",
        "x-ms-lease-status": "unlocked",
        "x-ms-meta-Capital": "letter",
        "x-ms-meta-foo": "bar",
        "x-ms-meta-meta": "data",
        "x-ms-meta-UPPER": "case",
        "x-ms-request-id": "df31dfcf-f01a-000d-19e5-b9720e000000",
        "x-ms-server-encrypted": "true",
        "x-ms-type": "File",
        "x-ms-version": "2025-07-05"
      },
      "ResponseBody": null
    },
    {
      "RequestUri": "https://nickliuproductionacc.file.core.windows.net/test-share-b7ddb8a5-9aa0-b274-e186-afeee8a9c2a9/destinationFolder/bar/test-file-7ef4786a-6d39-7def-ae58-bc27d77af0e0",
      "RequestMethod": "HEAD",
      "RequestHeaders": {
        "Accept": "application/xml",
        "Authorization": "Sanitized",
        "traceparent": "00-4dd186f102a185166c20098c2a81c661-e8c5f0b89b6051bb-00",
        "User-Agent": "azsdk-net-Storage.Files.Shares/12.23.0-alpha.20250430.1 (.NET 8.0.15; Microsoft Windows 10.0.26100)",
        "x-ms-client-request-id": "Sanitized",
        "x-ms-date": "Wed, 30 Apr 2025 15:39:00 GMT",
        "x-ms-return-client-request-id": "true",
        "x-ms-version": "2025-07-05"
      },
      "RequestBody": null,
      "StatusCode": 404,
      "ResponseHeaders": {
        "Date": "Wed, 30 Apr 2025 15:38:57 GMT",
        "Server": [
          "Windows-Azure-File/1.0",
          "Microsoft-HTTPAPI/2.0"
        ],
        "Transfer-Encoding": "chunked",
        "x-ms-client-request-id": "Sanitized",
        "x-ms-error-code": "ResourceNotFound",
        "x-ms-request-id": "36e5685b-001a-0054-4fe5-b9f58d000000",
        "x-ms-version": "2025-07-05"
      },
      "ResponseBody": null
    },
    {
      "RequestUri": "https://nickliuproductionacc.file.core.windows.net/test-share-b7ddb8a5-9aa0-b274-e186-afeee8a9c2a9/destinationFolder/test-file-9e44ec42-cdaf-4cad-c873-446cc439a780",
      "RequestMethod": "HEAD",
      "RequestHeaders": {
        "Accept": "application/xml",
        "Authorization": "Sanitized",
        "traceparent": "00-38c401f97897781e2f5c1c59a6d667d0-42ffa668fcc571f6-00",
        "User-Agent": "azsdk-net-Storage.Files.Shares/12.23.0-alpha.20250430.1 (.NET 8.0.15; Microsoft Windows 10.0.26100)",
        "x-ms-client-request-id": "Sanitized",
        "x-ms-date": "Wed, 30 Apr 2025 15:39:00 GMT",
        "x-ms-return-client-request-id": "true",
        "x-ms-version": "2025-07-05"
      },
      "RequestBody": null,
      "StatusCode": 404,
      "ResponseHeaders": {
        "Date": "Wed, 30 Apr 2025 15:38:57 GMT",
        "Server": [
          "Windows-Azure-File/1.0",
          "Microsoft-HTTPAPI/2.0"
        ],
        "Transfer-Encoding": "chunked",
        "x-ms-client-request-id": "Sanitized",
        "x-ms-error-code": "ResourceNotFound",
        "x-ms-request-id": "b2a2eabd-301a-005f-37e5-b90ee6000000",
        "x-ms-version": "2025-07-05"
      },
      "ResponseBody": null
    },
    {
      "RequestUri": "https://nickliuproductionacc.file.core.windows.net/test-share-05c7b560-cadd-9b58-26aa-33f44ec86c42/sourceFolder/pik/test-file-0ff0c3f3-57b3-2bc8-b7ae-d95c4651609b?sv=Sanitized&ss=f&srt=sco&se=2025-05-01T15%3A38%3A58Z&sp=rwdxylacuptfi&sig=Sanitized",
      "RequestMethod": "HEAD",
      "RequestHeaders": {
        "Accept": "application/xml",
        "traceparent": "00-d989d645e4b74e3d096449cfdd382cfc-ba0257f0010c2321-00",
        "User-Agent": "azsdk-net-Storage.Files.Shares/12.23.0-alpha.20250430.1 (.NET 8.0.15; Microsoft Windows 10.0.26100)",
        "x-ms-client-request-id": "Sanitized",
        "x-ms-return-client-request-id": "true",
        "x-ms-version": "2025-07-05"
      },
      "RequestBody": null,
      "StatusCode": 200,
      "ResponseHeaders": {
        "Cache-Control": "no-cache",
        "Content-Disposition": "inline",
        "Content-Language": [
          "en-US",
          "en-CA"
        ],
        "Content-Length": "0",
        "Content-Type": "application/octet-stream",
        "Date": "Wed, 30 Apr 2025 15:38:57 GMT",
        "ETag": "\"0x8DD87FD1EF524B4\"",
        "Last-Modified": "Wed, 30 Apr 2025 15:38:57 GMT",
        "Server": [
          "Windows-Azure-File/1.0",
          "Microsoft-HTTPAPI/2.0"
        ],
        "x-ms-client-request-id": "Sanitized",
        "x-ms-file-attributes": "Archive",
        "x-ms-file-change-time": "2024-04-01T13:30:03.0000000Z",
        "x-ms-file-creation-time": "2024-04-01T09:05:55.0000000Z",
        "x-ms-file-id": "17293892937846882304",
        "x-ms-file-last-write-time": "2024-04-01T12:16:06.0000000Z",
        "x-ms-file-parent-id": "12682206919419494400",
        "x-ms-file-permission-key": "8616074386732128176*16083086822043778878",
        "x-ms-lease-state": "available",
        "x-ms-lease-status": "unlocked",
        "x-ms-meta-Capital": "letter",
        "x-ms-meta-foo": "bar",
        "x-ms-meta-meta": "data",
        "x-ms-meta-UPPER": "case",
        "x-ms-request-id": "df31dfd0-f01a-000d-1ae5-b9720e000000",
        "x-ms-server-encrypted": "true",
        "x-ms-type": "File",
        "x-ms-version": "2025-07-05"
      },
      "ResponseBody": null
    },
    {
      "RequestUri": "https://nickliuproductionacc.file.core.windows.net/test-share-b7ddb8a5-9aa0-b274-e186-afeee8a9c2a9/destinationFolder/bar/test-file-7ef4786a-6d39-7def-ae58-bc27d77af0e0",
      "RequestMethod": "PUT",
      "RequestHeaders": {
        "Accept": "application/xml",
        "Authorization": "Sanitized",
        "Content-Length": "0",
        "traceparent": "00-ad90661f33fa50c88e10081a610e339a-de483cff99a3f160-00",
        "User-Agent": "azsdk-net-Storage.Files.Shares/12.23.0-alpha.20250430.1 (.NET 8.0.15; Microsoft Windows 10.0.26100)",
        "x-ms-cache-control": "no-cache",
        "x-ms-client-request-id": "Sanitized",
        "x-ms-content-disposition": "inline",
        "x-ms-content-language": "en-US,en-CA",
        "x-ms-content-length": "0",
        "x-ms-content-type": "application/octet-stream",
        "x-ms-date": "Wed, 30 Apr 2025 15:39:00 GMT",
        "x-ms-file-attributes": "Archive",
        "x-ms-file-change-time": "2024-04-01T13:30:03.0000000Z",
        "x-ms-file-creation-time": "2024-04-01T09:05:55.0000000Z",
        "x-ms-file-last-write-time": "2024-04-01T12:16:06.0000000Z",
        "x-ms-meta-Capital": "letter",
        "x-ms-meta-foo": "bar",
        "x-ms-meta-meta": "data",
        "x-ms-meta-UPPER": "case",
        "x-ms-return-client-request-id": "true",
        "x-ms-type": "file",
        "x-ms-version": "2025-07-05"
      },
      "RequestBody": null,
      "StatusCode": 201,
      "ResponseHeaders": {
        "Content-Length": "0",
        "Date": "Wed, 30 Apr 2025 15:38:57 GMT",
        "ETag": "\"0x8DD87FD1F4A1134\"",
        "Last-Modified": "Wed, 30 Apr 2025 15:38:57 GMT",
        "Server": [
          "Windows-Azure-File/1.0",
          "Microsoft-HTTPAPI/2.0"
        ],
        "x-ms-client-request-id": "Sanitized",
        "x-ms-file-attributes": "Archive",
        "x-ms-file-change-time": "2024-04-01T13:30:03.0000000Z",
        "x-ms-file-creation-time": "2024-04-01T09:05:55.0000000Z",
        "x-ms-file-id": "13835093239654252544",
        "x-ms-file-last-write-time": "2024-04-01T12:16:06.0000000Z",
        "x-ms-file-parent-id": "11529285414812647424",
        "x-ms-file-permission-key": "8616074386732128176*16083086822043778878",
        "x-ms-request-id": "36e5685d-001a-0054-50e5-b9f58d000000",
        "x-ms-request-server-encrypted": "true",
        "x-ms-version": "2025-07-05"
      },
      "ResponseBody": null
    },
    {
      "RequestUri": "https://nickliuproductionacc.file.core.windows.net/test-share-b7ddb8a5-9aa0-b274-e186-afeee8a9c2a9/destinationFolder/test-file-52a931a7-5886-c220-a833-3ac247ff02df",
      "RequestMethod": "PUT",
      "RequestHeaders": {
        "Accept": "application/xml",
        "Authorization": "Sanitized",
        "Content-Length": "0",
        "traceparent": "00-29658bc1747320df8a03b585bdaf10b0-a72d6b791628dbb0-00",
        "User-Agent": "azsdk-net-Storage.Files.Shares/12.23.0-alpha.20250430.1 (.NET 8.0.15; Microsoft Windows 10.0.26100)",
        "x-ms-cache-control": "no-cache",
        "x-ms-client-request-id": "Sanitized",
        "x-ms-content-disposition": "inline",
        "x-ms-content-language": "en-US,en-CA",
        "x-ms-content-length": "0",
        "x-ms-content-type": "application/octet-stream",
        "x-ms-date": "Wed, 30 Apr 2025 15:39:00 GMT",
        "x-ms-file-attributes": "Archive",
        "x-ms-file-change-time": "2024-04-01T13:30:03.0000000Z",
        "x-ms-file-creation-time": "2024-04-01T09:05:55.0000000Z",
        "x-ms-file-last-write-time": "2024-04-01T12:16:06.0000000Z",
        "x-ms-meta-Capital": "letter",
        "x-ms-meta-foo": "bar",
        "x-ms-meta-meta": "data",
        "x-ms-meta-UPPER": "case",
        "x-ms-return-client-request-id": "true",
        "x-ms-type": "file",
        "x-ms-version": "2025-07-05"
      },
      "RequestBody": null,
      "StatusCode": 201,
      "ResponseHeaders": {
        "Content-Length": "0",
        "Date": "Wed, 30 Apr 2025 15:38:57 GMT",
        "ETag": "\"0x8DD87FD1F4A5EFF\"",
        "Last-Modified": "Wed, 30 Apr 2025 15:38:57 GMT",
        "Server": [
          "Windows-Azure-File/1.0",
          "Microsoft-HTTPAPI/2.0"
        ],
        "x-ms-client-request-id": "Sanitized",
        "x-ms-file-attributes": "Archive",
        "x-ms-file-change-time": "2024-04-01T13:30:03.0000000Z",
        "x-ms-file-creation-time": "2024-04-01T09:05:55.0000000Z",
        "x-ms-file-id": "13835163608398430208",
        "x-ms-file-last-write-time": "2024-04-01T12:16:06.0000000Z",
        "x-ms-file-parent-id": "13835128424026341376",
        "x-ms-file-permission-key": "8616074386732128176*16083086822043778878",
        "x-ms-request-id": "5efc71a0-f01a-0040-62e5-b9bde2000000",
        "x-ms-request-server-encrypted": "true",
        "x-ms-version": "2025-07-05"
      },
      "ResponseBody": null
    },
    {
      "RequestUri": "https://nickliuproductionacc.file.core.windows.net/test-share-b7ddb8a5-9aa0-b274-e186-afeee8a9c2a9/destinationFolder/test-file-9e44ec42-cdaf-4cad-c873-446cc439a780",
      "RequestMethod": "PUT",
      "RequestHeaders": {
        "Accept": "application/xml",
        "Authorization": "Sanitized",
        "Content-Length": "0",
        "traceparent": "00-6de8b89861f10d2d3ef1d226c9a82b7e-262291a03af3e213-00",
        "User-Agent": "azsdk-net-Storage.Files.Shares/12.23.0-alpha.20250430.1 (.NET 8.0.15; Microsoft Windows 10.0.26100)",
        "x-ms-cache-control": "no-cache",
        "x-ms-client-request-id": "Sanitized",
        "x-ms-content-disposition": "inline",
        "x-ms-content-language": "en-US,en-CA",
        "x-ms-content-length": "0",
        "x-ms-content-type": "application/octet-stream",
        "x-ms-date": "Wed, 30 Apr 2025 15:39:00 GMT",
        "x-ms-file-attributes": "Archive",
        "x-ms-file-change-time": "2024-04-01T13:30:03.0000000Z",
        "x-ms-file-creation-time": "2024-04-01T09:05:55.0000000Z",
        "x-ms-file-last-write-time": "2024-04-01T12:16:06.0000000Z",
        "x-ms-meta-Capital": "letter",
        "x-ms-meta-foo": "bar",
        "x-ms-meta-meta": "data",
        "x-ms-meta-UPPER": "case",
        "x-ms-return-client-request-id": "true",
        "x-ms-type": "file",
        "x-ms-version": "2025-07-05"
      },
      "RequestBody": null,
      "StatusCode": 201,
      "ResponseHeaders": {
        "Content-Length": "0",
        "Date": "Wed, 30 Apr 2025 15:38:57 GMT",
        "ETag": "\"0x8DD87FD1F4C31B2\"",
        "Last-Modified": "Wed, 30 Apr 2025 15:38:57 GMT",
        "Server": [
          "Windows-Azure-File/1.0",
          "Microsoft-HTTPAPI/2.0"
        ],
        "x-ms-client-request-id": "Sanitized",
        "x-ms-file-attributes": "Archive",
        "x-ms-file-change-time": "2024-04-01T13:30:03.0000000Z",
        "x-ms-file-creation-time": "2024-04-01T09:05:55.0000000Z",
        "x-ms-file-id": "13835075647468208128",
        "x-ms-file-last-write-time": "2024-04-01T12:16:06.0000000Z",
        "x-ms-file-parent-id": "13835128424026341376",
        "x-ms-file-permission-key": "8616074386732128176*16083086822043778878",
        "x-ms-request-id": "b2a2eabf-301a-005f-38e5-b90ee6000000",
        "x-ms-request-server-encrypted": "true",
        "x-ms-version": "2025-07-05"
      },
      "ResponseBody": null
    },
    {
      "RequestUri": "https://nickliuproductionacc.file.core.windows.net/test-share-b7ddb8a5-9aa0-b274-e186-afeee8a9c2a9/destinationFolder/pik/test-file-0ff0c3f3-57b3-2bc8-b7ae-d95c4651609b",
      "RequestMethod": "HEAD",
      "RequestHeaders": {
        "Accept": "application/xml",
        "Authorization": "Sanitized",
        "traceparent": "00-18d9dd2559f76eeee25504d37868e683-11d3fcd717cde107-00",
        "User-Agent": "azsdk-net-Storage.Files.Shares/12.23.0-alpha.20250430.1 (.NET 8.0.15; Microsoft Windows 10.0.26100)",
        "x-ms-client-request-id": "Sanitized",
        "x-ms-date": "Wed, 30 Apr 2025 15:39:00 GMT",
        "x-ms-return-client-request-id": "true",
        "x-ms-version": "2025-07-05"
      },
      "RequestBody": null,
      "StatusCode": 404,
      "ResponseHeaders": {
        "Date": "Wed, 30 Apr 2025 15:38:57 GMT",
        "Server": [
          "Windows-Azure-File/1.0",
          "Microsoft-HTTPAPI/2.0"
        ],
        "Transfer-Encoding": "chunked",
        "x-ms-client-request-id": "Sanitized",
        "x-ms-error-code": "ResourceNotFound",
        "x-ms-request-id": "df31dfd1-f01a-000d-1be5-b9720e000000",
        "x-ms-version": "2025-07-05"
      },
      "ResponseBody": null
    },
    {
      "RequestUri": "https://nickliuproductionacc.file.core.windows.net/test-share-b7ddb8a5-9aa0-b274-e186-afeee8a9c2a9/destinationFolder/bar/test-file-7ef4786a-6d39-7def-ae58-bc27d77af0e0?comp=properties",
      "RequestMethod": "PUT",
      "RequestHeaders": {
        "Accept": "application/xml",
        "Authorization": "Sanitized",
        "Content-Length": "0",
        "traceparent": "00-1627a8b170a9ebd8cca45ac91d7b93a8-f9c4f4ef1fe96809-00",
        "User-Agent": "azsdk-net-Storage.Files.Shares/12.23.0-alpha.20250430.1 (.NET 8.0.15; Microsoft Windows 10.0.26100)",
        "x-ms-cache-control": "no-cache",
        "x-ms-client-request-id": "Sanitized",
        "x-ms-content-disposition": "inline",
        "x-ms-content-language": "en-US,en-CA",
        "x-ms-content-type": "application/octet-stream",
        "x-ms-date": "Wed, 30 Apr 2025 15:39:00 GMT",
        "x-ms-file-attributes": "Archive",
        "x-ms-file-change-time": "2024-04-01T13:30:03.0000000Z",
        "x-ms-file-creation-time": "2024-04-01T09:05:55.0000000Z",
        "x-ms-file-last-write-time": "2024-04-01T12:16:06.0000000Z",
        "x-ms-return-client-request-id": "true",
        "x-ms-version": "2025-07-05"
      },
      "RequestBody": null,
      "StatusCode": 200,
      "ResponseHeaders": {
        "Content-Length": "0",
        "Date": "Wed, 30 Apr 2025 15:38:57 GMT",
        "ETag": "\"0x8DD87FD1F4FB035\"",
        "Last-Modified": "Wed, 30 Apr 2025 15:38:57 GMT",
        "Server": [
          "Windows-Azure-File/1.0",
          "Microsoft-HTTPAPI/2.0"
        ],
        "x-ms-client-request-id": "Sanitized",
        "x-ms-file-attributes": "Archive",
        "x-ms-file-change-time": "2024-04-01T13:30:03.0000000Z",
        "x-ms-file-creation-time": "2024-04-01T09:05:55.0000000Z",
        "x-ms-file-id": "13835093239654252544",
        "x-ms-file-last-write-time": "2024-04-01T12:16:06.0000000Z",
        "x-ms-file-parent-id": "11529285414812647424",
        "x-ms-file-permission-key": "8616074386732128176*16083086822043778878",
        "x-ms-request-id": "5efc71a1-f01a-0040-63e5-b9bde2000000",
        "x-ms-request-server-encrypted": "true",
        "x-ms-version": "2025-07-05"
      },
      "ResponseBody": null
    },
    {
      "RequestUri": "https://nickliuproductionacc.file.core.windows.net/test-share-b7ddb8a5-9aa0-b274-e186-afeee8a9c2a9/destinationFolder/test-file-52a931a7-5886-c220-a833-3ac247ff02df?comp=properties",
      "RequestMethod": "PUT",
      "RequestHeaders": {
        "Accept": "application/xml",
        "Authorization": "Sanitized",
        "Content-Length": "0",
        "traceparent": "00-49b0f143b7ef86c90d2cd60275b3f876-ac94f152fb6807a1-00",
        "User-Agent": "azsdk-net-Storage.Files.Shares/12.23.0-alpha.20250430.1 (.NET 8.0.15; Microsoft Windows 10.0.26100)",
        "x-ms-cache-control": "no-cache",
        "x-ms-client-request-id": "Sanitized",
        "x-ms-content-disposition": "inline",
        "x-ms-content-language": "en-US,en-CA",
        "x-ms-content-type": "application/octet-stream",
        "x-ms-date": "Wed, 30 Apr 2025 15:39:00 GMT",
        "x-ms-file-attributes": "Archive",
        "x-ms-file-change-time": "2024-04-01T13:30:03.0000000Z",
        "x-ms-file-creation-time": "2024-04-01T09:05:55.0000000Z",
        "x-ms-file-last-write-time": "2024-04-01T12:16:06.0000000Z",
        "x-ms-return-client-request-id": "true",
        "x-ms-version": "2025-07-05"
      },
      "RequestBody": null,
      "StatusCode": 200,
      "ResponseHeaders": {
        "Content-Length": "0",
        "Date": "Wed, 30 Apr 2025 15:38:57 GMT",
        "ETag": "\"0x8DD87FD1F5072A7\"",
        "Last-Modified": "Wed, 30 Apr 2025 15:38:57 GMT",
        "Server": [
          "Windows-Azure-File/1.0",
          "Microsoft-HTTPAPI/2.0"
        ],
        "x-ms-client-request-id": "Sanitized",
        "x-ms-file-attributes": "Archive",
        "x-ms-file-change-time": "2024-04-01T13:30:03.0000000Z",
        "x-ms-file-creation-time": "2024-04-01T09:05:55.0000000Z",
        "x-ms-file-id": "13835163608398430208",
        "x-ms-file-last-write-time": "2024-04-01T12:16:06.0000000Z",
        "x-ms-file-parent-id": "13835128424026341376",
        "x-ms-file-permission-key": "8616074386732128176*16083086822043778878",
        "x-ms-request-id": "36e5685e-001a-0054-51e5-b9f58d000000",
        "x-ms-request-server-encrypted": "true",
        "x-ms-version": "2025-07-05"
      },
      "ResponseBody": null
    },
    {
      "RequestUri": "https://nickliuproductionacc.file.core.windows.net/test-share-b7ddb8a5-9aa0-b274-e186-afeee8a9c2a9/destinationFolder/test-file-9e44ec42-cdaf-4cad-c873-446cc439a780?comp=properties",
      "RequestMethod": "PUT",
      "RequestHeaders": {
        "Accept": "application/xml",
        "Authorization": "Sanitized",
        "Content-Length": "0",
        "traceparent": "00-158e57d19b1d95af3953f5da8d2ba367-5a766b7a11bf0388-00",
        "User-Agent": "azsdk-net-Storage.Files.Shares/12.23.0-alpha.20250430.1 (.NET 8.0.15; Microsoft Windows 10.0.26100)",
        "x-ms-cache-control": "no-cache",
        "x-ms-client-request-id": "Sanitized",
        "x-ms-content-disposition": "inline",
        "x-ms-content-language": "en-US,en-CA",
        "x-ms-content-type": "application/octet-stream",
        "x-ms-date": "Wed, 30 Apr 2025 15:39:00 GMT",
        "x-ms-file-attributes": "Archive",
        "x-ms-file-change-time": "2024-04-01T13:30:03.0000000Z",
        "x-ms-file-creation-time": "2024-04-01T09:05:55.0000000Z",
        "x-ms-file-last-write-time": "2024-04-01T12:16:06.0000000Z",
        "x-ms-return-client-request-id": "true",
        "x-ms-version": "2025-07-05"
      },
      "RequestBody": null,
      "StatusCode": 200,
      "ResponseHeaders": {
        "Content-Length": "0",
        "Date": "Wed, 30 Apr 2025 15:38:57 GMT",
        "ETag": "\"0x8DD87FD1F513521\"",
        "Last-Modified": "Wed, 30 Apr 2025 15:38:57 GMT",
        "Server": [
          "Windows-Azure-File/1.0",
          "Microsoft-HTTPAPI/2.0"
        ],
        "x-ms-client-request-id": "Sanitized",
        "x-ms-file-attributes": "Archive",
        "x-ms-file-change-time": "2024-04-01T13:30:03.0000000Z",
        "x-ms-file-creation-time": "2024-04-01T09:05:55.0000000Z",
        "x-ms-file-id": "13835075647468208128",
        "x-ms-file-last-write-time": "2024-04-01T12:16:06.0000000Z",
        "x-ms-file-parent-id": "13835128424026341376",
        "x-ms-file-permission-key": "8616074386732128176*16083086822043778878",
        "x-ms-request-id": "b2a2eac0-301a-005f-39e5-b90ee6000000",
        "x-ms-request-server-encrypted": "true",
        "x-ms-version": "2025-07-05"
      },
      "ResponseBody": null
    },
    {
      "RequestUri": "https://nickliuproductionacc.file.core.windows.net/test-share-b7ddb8a5-9aa0-b274-e186-afeee8a9c2a9/destinationFolder/pik/test-file-0ff0c3f3-57b3-2bc8-b7ae-d95c4651609b",
      "RequestMethod": "PUT",
      "RequestHeaders": {
        "Accept": "application/xml",
        "Authorization": "Sanitized",
        "Content-Length": "0",
        "traceparent": "00-a77ea1190813b36f686ac9a6a4ba47c5-6ffda11be8de72fb-00",
        "User-Agent": "azsdk-net-Storage.Files.Shares/12.23.0-alpha.20250430.1 (.NET 8.0.15; Microsoft Windows 10.0.26100)",
        "x-ms-cache-control": "no-cache",
        "x-ms-client-request-id": "Sanitized",
        "x-ms-content-disposition": "inline",
        "x-ms-content-language": "en-US,en-CA",
        "x-ms-content-length": "0",
        "x-ms-content-type": "application/octet-stream",
        "x-ms-date": "Wed, 30 Apr 2025 15:39:00 GMT",
        "x-ms-file-attributes": "Archive",
        "x-ms-file-change-time": "2024-04-01T13:30:03.0000000Z",
        "x-ms-file-creation-time": "2024-04-01T09:05:55.0000000Z",
        "x-ms-file-last-write-time": "2024-04-01T12:16:06.0000000Z",
        "x-ms-meta-Capital": "letter",
        "x-ms-meta-foo": "bar",
        "x-ms-meta-meta": "data",
        "x-ms-meta-UPPER": "case",
        "x-ms-return-client-request-id": "true",
        "x-ms-type": "file",
        "x-ms-version": "2025-07-05"
      },
      "RequestBody": null,
      "StatusCode": 201,
      "ResponseHeaders": {
        "Content-Length": "0",
        "Date": "Wed, 30 Apr 2025 15:38:57 GMT",
        "ETag": "\"0x8DD87FD1F52932E\"",
        "Last-Modified": "Wed, 30 Apr 2025 15:38:57 GMT",
        "Server": [
          "Windows-Azure-File/1.0",
          "Microsoft-HTTPAPI/2.0"
        ],
        "x-ms-client-request-id": "Sanitized",
        "x-ms-file-attributes": "Archive",
        "x-ms-file-change-time": "2024-04-01T13:30:03.0000000Z",
        "x-ms-file-creation-time": "2024-04-01T09:05:55.0000000Z",
        "x-ms-file-id": "10376363910205800448",
        "x-ms-file-last-write-time": "2024-04-01T12:16:06.0000000Z",
        "x-ms-file-parent-id": "16140971433240035328",
        "x-ms-file-permission-key": "8616074386732128176*16083086822043778878",
        "x-ms-request-id": "df31dfd2-f01a-000d-1ce5-b9720e000000",
        "x-ms-request-server-encrypted": "true",
        "x-ms-version": "2025-07-05"
      },
      "ResponseBody": null
    },
    {
      "RequestUri": "https://nickliuproductionacc.file.core.windows.net/test-share-b7ddb8a5-9aa0-b274-e186-afeee8a9c2a9/destinationFolder/pik/test-file-0ff0c3f3-57b3-2bc8-b7ae-d95c4651609b?comp=properties",
      "RequestMethod": "PUT",
      "RequestHeaders": {
        "Accept": "application/xml",
        "Authorization": "Sanitized",
        "Content-Length": "0",
        "traceparent": "00-92de7d8748b2e30089caab5811839e95-39fc11a3b7aa01ed-00",
        "User-Agent": "azsdk-net-Storage.Files.Shares/12.23.0-alpha.20250430.1 (.NET 8.0.15; Microsoft Windows 10.0.26100)",
        "x-ms-cache-control": "no-cache",
        "x-ms-client-request-id": "Sanitized",
        "x-ms-content-disposition": "inline",
        "x-ms-content-language": "en-US,en-CA",
        "x-ms-content-type": "application/octet-stream",
        "x-ms-date": "Wed, 30 Apr 2025 15:39:00 GMT",
        "x-ms-file-attributes": "Archive",
        "x-ms-file-change-time": "2024-04-01T13:30:03.0000000Z",
        "x-ms-file-creation-time": "2024-04-01T09:05:55.0000000Z",
        "x-ms-file-last-write-time": "2024-04-01T12:16:06.0000000Z",
        "x-ms-return-client-request-id": "true",
        "x-ms-version": "2025-07-05"
      },
      "RequestBody": null,
      "StatusCode": 200,
      "ResponseHeaders": {
        "Content-Length": "0",
        "Date": "Wed, 30 Apr 2025 15:38:57 GMT",
        "ETag": "\"0x8DD87FD1F5748D1\"",
        "Last-Modified": "Wed, 30 Apr 2025 15:38:57 GMT",
        "Server": [
          "Windows-Azure-File/1.0",
          "Microsoft-HTTPAPI/2.0"
        ],
        "x-ms-client-request-id": "Sanitized",
        "x-ms-file-attributes": "Archive",
        "x-ms-file-change-time": "2024-04-01T13:30:03.0000000Z",
        "x-ms-file-creation-time": "2024-04-01T09:05:55.0000000Z",
        "x-ms-file-id": "10376363910205800448",
        "x-ms-file-last-write-time": "2024-04-01T12:16:06.0000000Z",
        "x-ms-file-parent-id": "16140971433240035328",
        "x-ms-file-permission-key": "8616074386732128176*16083086822043778878",
        "x-ms-request-id": "df31dfd3-f01a-000d-1de5-b9720e000000",
        "x-ms-request-server-encrypted": "true",
        "x-ms-version": "2025-07-05"
      },
      "ResponseBody": null
    },
    {
      "RequestUri": "https://nickliuproductionacc.file.core.windows.net/test-share-05c7b560-cadd-9b58-26aa-33f44ec86c42/sourceFolder?sv=Sanitized&ss=f&srt=sco&se=2025-05-01T15%3A38%3A58Z&sp=rwdxylacuptfi&sig=Sanitized&restype=directory&comp=list",
      "RequestMethod": "GET",
      "RequestHeaders": {
        "Accept": "application/xml",
        "traceparent": "00-03ad7434d0e5fb47c4b459321c079f00-5c3875548a00d582-00",
        "User-Agent": "azsdk-net-Storage.Files.Shares/12.23.0-alpha.20250430.1 (.NET 8.0.15; Microsoft Windows 10.0.26100)",
        "x-ms-client-request-id": "Sanitized",
        "x-ms-return-client-request-id": "true",
        "x-ms-version": "2025-07-05"
      },
      "RequestBody": null,
      "StatusCode": 200,
      "ResponseHeaders": {
        "Content-Type": "application/xml",
        "Date": "Wed, 30 Apr 2025 15:38:57 GMT",
        "Server": [
          "Windows-Azure-File/1.0",
          "Microsoft-HTTPAPI/2.0"
        ],
        "Transfer-Encoding": "chunked",
        "x-ms-client-request-id": "Sanitized",
        "x-ms-request-id": "df31dfd4-f01a-000d-1ee5-b9720e000000",
        "x-ms-version": "2025-07-05"
      },
      "ResponseBody": "\uFEFF<?xml version=\"1.0\" encoding=\"utf-8\"?><EnumerationResults ServiceEndpoint=\"https://nickliuproductionacc.file.core.windows.net/\" ShareName=\"test-share-05c7b560-cadd-9b58-26aa-33f44ec86c42\" DirectoryPath=\"sourceFolder\"><DirectoryId>13835128424026341376</DirectoryId><Entries><Directory><Name>bar</Name><FileId>10376363910205800448</FileId><Properties /></Directory><Directory><Name>pik</Name><FileId>12682206919419494400</FileId><Properties /></Directory><File><Name>test-file-52a931a7-5886-c220-a833-3ac247ff02df</Name><FileId>16140971433240035328</FileId><Properties><Content-Length>0</Content-Length></Properties></File><File><Name>test-file-9e44ec42-cdaf-4cad-c873-446cc439a780</Name><FileId>11529285414812647424</FileId><Properties><Content-Length>0</Content-Length></Properties></File></Entries><NextMarker /></EnumerationResults>"
    },
    {
      "RequestUri": "https://nickliuproductionacc.file.core.windows.net/test-share-b7ddb8a5-9aa0-b274-e186-afeee8a9c2a9/destinationFolder?restype=directory&comp=list",
      "RequestMethod": "GET",
      "RequestHeaders": {
        "Accept": "application/xml",
        "Authorization": "Sanitized",
        "traceparent": "00-8734f648c1c736fb5ad9c894c6a39cf3-f794dfec42ee20fc-00",
        "User-Agent": "azsdk-net-Storage.Files.Shares/12.23.0-alpha.20250430.1 (.NET 8.0.15; Microsoft Windows 10.0.26100)",
        "x-ms-client-request-id": "Sanitized",
        "x-ms-date": "Wed, 30 Apr 2025 15:39:00 GMT",
        "x-ms-return-client-request-id": "true",
        "x-ms-version": "2025-07-05"
      },
      "RequestBody": null,
      "StatusCode": 200,
      "ResponseHeaders": {
        "Content-Type": "application/xml",
        "Date": "Wed, 30 Apr 2025 15:38:57 GMT",
        "Server": [
          "Windows-Azure-File/1.0",
          "Microsoft-HTTPAPI/2.0"
        ],
        "Transfer-Encoding": "chunked",
        "x-ms-client-request-id": "Sanitized",
        "x-ms-request-id": "df31dfd5-f01a-000d-1fe5-b9720e000000",
        "x-ms-version": "2025-07-05"
      },
      "ResponseBody": "\uFEFF<?xml version=\"1.0\" encoding=\"utf-8\"?><EnumerationResults ServiceEndpoint=\"https://nickliuproductionacc.file.core.windows.net/\" ShareName=\"test-share-b7ddb8a5-9aa0-b274-e186-afeee8a9c2a9\" DirectoryPath=\"destinationFolder\"><DirectoryId>13835128424026341376</DirectoryId><Entries><Directory><Name>bar</Name><FileId>11529285414812647424</FileId><Properties /></Directory><Directory><Name>pik</Name><FileId>16140971433240035328</FileId><Properties /></Directory><File><Name>test-file-52a931a7-5886-c220-a833-3ac247ff02df</Name><FileId>13835163608398430208</FileId><Properties><Content-Length>0</Content-Length></Properties></File><File><Name>test-file-9e44ec42-cdaf-4cad-c873-446cc439a780</Name><FileId>13835075647468208128</FileId><Properties><Content-Length>0</Content-Length></Properties></File></Entries><NextMarker /></EnumerationResults>"
    },
    {
      "RequestUri": "https://nickliuproductionacc.file.core.windows.net/test-share-05c7b560-cadd-9b58-26aa-33f44ec86c42/sourceFolder/test-file-52a931a7-5886-c220-a833-3ac247ff02df?sv=Sanitized&ss=f&srt=sco&se=2025-05-01T15%3A38%3A58Z&sp=rwdxylacuptfi&sig=Sanitized",
      "RequestMethod": "HEAD",
      "RequestHeaders": {
        "Accept": "application/xml",
        "traceparent": "00-54a9b3887c61cec241fc723ce01962a7-f50c8e1223f89b8c-00",
        "User-Agent": "azsdk-net-Storage.Files.Shares/12.23.0-alpha.20250430.1 (.NET 8.0.15; Microsoft Windows 10.0.26100)",
        "x-ms-client-request-id": "Sanitized",
        "x-ms-return-client-request-id": "true",
        "x-ms-version": "2025-07-05"
      },
      "RequestBody": null,
      "StatusCode": 200,
      "ResponseHeaders": {
        "Cache-Control": "no-cache",
        "Content-Disposition": "inline",
        "Content-Language": [
          "en-US",
          "en-CA"
        ],
        "Content-Length": "0",
        "Content-Type": "application/octet-stream",
        "Date": "Wed, 30 Apr 2025 15:38:57 GMT",
        "ETag": "\"0x8DD87FD1EE164C1\"",
        "Last-Modified": "Wed, 30 Apr 2025 15:38:57 GMT",
        "Server": [
          "Windows-Azure-File/1.0",
          "Microsoft-HTTPAPI/2.0"
        ],
        "x-ms-client-request-id": "Sanitized",
        "x-ms-file-attributes": "Archive",
        "x-ms-file-change-time": "2024-04-01T13:30:03.0000000Z",
        "x-ms-file-creation-time": "2024-04-01T09:05:55.0000000Z",
        "x-ms-file-id": "16140971433240035328",
        "x-ms-file-last-write-time": "2024-04-01T12:16:06.0000000Z",
        "x-ms-file-parent-id": "13835128424026341376",
        "x-ms-file-permission-key": "8616074386732128176*16083086822043778878",
        "x-ms-lease-state": "available",
        "x-ms-lease-status": "unlocked",
        "x-ms-meta-Capital": "letter",
        "x-ms-meta-foo": "bar",
        "x-ms-meta-meta": "data",
        "x-ms-meta-UPPER": "case",
        "x-ms-request-id": "df31dfd6-f01a-000d-20e5-b9720e000000",
        "x-ms-server-encrypted": "true",
        "x-ms-type": "File",
        "x-ms-version": "2025-07-05"
      },
      "ResponseBody": null
    },
    {
      "RequestUri": "https://nickliuproductionacc.file.core.windows.net/test-share-b7ddb8a5-9aa0-b274-e186-afeee8a9c2a9/destinationFolder/test-file-52a931a7-5886-c220-a833-3ac247ff02df",
      "RequestMethod": "HEAD",
      "RequestHeaders": {
        "Accept": "application/xml",
        "Authorization": "Sanitized",
        "traceparent": "00-bd5f431e40d23f54bac063d09ff7ffeb-07d085153f3f08e7-00",
        "User-Agent": "azsdk-net-Storage.Files.Shares/12.23.0-alpha.20250430.1 (.NET 8.0.15; Microsoft Windows 10.0.26100)",
        "x-ms-client-request-id": "Sanitized",
        "x-ms-date": "Wed, 30 Apr 2025 15:39:00 GMT",
        "x-ms-return-client-request-id": "true",
        "x-ms-version": "2025-07-05"
      },
      "RequestBody": null,
      "StatusCode": 200,
      "ResponseHeaders": {
        "Cache-Control": "no-cache",
        "Content-Disposition": "inline",
        "Content-Language": [
          "en-US",
          "en-CA"
        ],
        "Content-Length": "0",
        "Content-Type": "application/octet-stream",
        "Date": "Wed, 30 Apr 2025 15:38:57 GMT",
        "ETag": "\"0x8DD87FD1F5072A7\"",
        "Last-Modified": "Wed, 30 Apr 2025 15:38:57 GMT",
        "Server": [
          "Windows-Azure-File/1.0",
          "Microsoft-HTTPAPI/2.0"
        ],
        "x-ms-client-request-id": "Sanitized",
        "x-ms-file-attributes": "Archive",
        "x-ms-file-change-time": "2024-04-01T13:30:03.0000000Z",
        "x-ms-file-creation-time": "2024-04-01T09:05:55.0000000Z",
        "x-ms-file-id": "13835163608398430208",
        "x-ms-file-last-write-time": "2024-04-01T12:16:06.0000000Z",
        "x-ms-file-parent-id": "13835128424026341376",
        "x-ms-file-permission-key": "8616074386732128176*16083086822043778878",
        "x-ms-lease-state": "available",
        "x-ms-lease-status": "unlocked",
        "x-ms-meta-Capital": "letter",
        "x-ms-meta-foo": "bar",
        "x-ms-meta-meta": "data",
        "x-ms-meta-UPPER": "case",
        "x-ms-request-id": "df31dfd7-f01a-000d-21e5-b9720e000000",
        "x-ms-server-encrypted": "true",
        "x-ms-type": "File",
        "x-ms-version": "2025-07-05"
      },
      "ResponseBody": null
    },
    {
      "RequestUri": "https://nickliuproductionacc.file.core.windows.net/test-share-05c7b560-cadd-9b58-26aa-33f44ec86c42/sourceFolder/test-file-52a931a7-5886-c220-a833-3ac247ff02df?sv=Sanitized&ss=f&srt=sco&se=2025-05-01T15%3A38%3A58Z&sp=rwdxylacuptfi&sig=Sanitized",
      "RequestMethod": "HEAD",
      "RequestHeaders": {
        "Accept": "application/xml",
        "traceparent": "00-efa72eb3e4b16425eb34e7f5b10fcb1c-126a2336e45d94e9-00",
        "User-Agent": "azsdk-net-Storage.Files.Shares/12.23.0-alpha.20250430.1 (.NET 8.0.15; Microsoft Windows 10.0.26100)",
        "x-ms-client-request-id": "Sanitized",
        "x-ms-return-client-request-id": "true",
        "x-ms-version": "2025-07-05"
      },
      "RequestBody": null,
      "StatusCode": 200,
      "ResponseHeaders": {
        "Cache-Control": "no-cache",
        "Content-Disposition": "inline",
        "Content-Language": [
          "en-US",
          "en-CA"
        ],
        "Content-Length": "0",
        "Content-Type": "application/octet-stream",
        "Date": "Wed, 30 Apr 2025 15:38:57 GMT",
        "ETag": "\"0x8DD87FD1EE164C1\"",
        "Last-Modified": "Wed, 30 Apr 2025 15:38:57 GMT",
        "Server": [
          "Windows-Azure-File/1.0",
          "Microsoft-HTTPAPI/2.0"
        ],
        "x-ms-client-request-id": "Sanitized",
        "x-ms-file-attributes": "Archive",
        "x-ms-file-change-time": "2024-04-01T13:30:03.0000000Z",
        "x-ms-file-creation-time": "2024-04-01T09:05:55.0000000Z",
        "x-ms-file-id": "16140971433240035328",
        "x-ms-file-last-write-time": "2024-04-01T12:16:06.0000000Z",
        "x-ms-file-parent-id": "13835128424026341376",
        "x-ms-file-permission-key": "8616074386732128176*16083086822043778878",
        "x-ms-lease-state": "available",
        "x-ms-lease-status": "unlocked",
        "x-ms-meta-Capital": "letter",
        "x-ms-meta-foo": "bar",
        "x-ms-meta-meta": "data",
        "x-ms-meta-UPPER": "case",
        "x-ms-request-id": "df31dfd8-f01a-000d-22e5-b9720e000000",
        "x-ms-server-encrypted": "true",
        "x-ms-type": "File",
        "x-ms-version": "2025-07-05"
      },
      "ResponseBody": null
    },
    {
      "RequestUri": "https://nickliuproductionacc.file.core.windows.net/test-share-b7ddb8a5-9aa0-b274-e186-afeee8a9c2a9/destinationFolder/test-file-52a931a7-5886-c220-a833-3ac247ff02df",
      "RequestMethod": "HEAD",
      "RequestHeaders": {
        "Accept": "application/xml",
        "Authorization": "Sanitized",
        "traceparent": "00-56abb47c898978efdcbdddff28007c86-d4b48b0e700eecdd-00",
        "User-Agent": "azsdk-net-Storage.Files.Shares/12.23.0-alpha.20250430.1 (.NET 8.0.15; Microsoft Windows 10.0.26100)",
        "x-ms-client-request-id": "Sanitized",
        "x-ms-date": "Wed, 30 Apr 2025 15:39:00 GMT",
        "x-ms-return-client-request-id": "true",
        "x-ms-version": "2025-07-05"
      },
      "RequestBody": null,
      "StatusCode": 200,
      "ResponseHeaders": {
        "Cache-Control": "no-cache",
        "Content-Disposition": "inline",
        "Content-Language": [
          "en-US",
          "en-CA"
        ],
        "Content-Length": "0",
        "Content-Type": "application/octet-stream",
        "Date": "Wed, 30 Apr 2025 15:38:57 GMT",
        "ETag": "\"0x8DD87FD1F5072A7\"",
        "Last-Modified": "Wed, 30 Apr 2025 15:38:57 GMT",
        "Server": [
          "Windows-Azure-File/1.0",
          "Microsoft-HTTPAPI/2.0"
        ],
        "x-ms-client-request-id": "Sanitized",
        "x-ms-file-attributes": "Archive",
        "x-ms-file-change-time": "2024-04-01T13:30:03.0000000Z",
        "x-ms-file-creation-time": "2024-04-01T09:05:55.0000000Z",
        "x-ms-file-id": "13835163608398430208",
        "x-ms-file-last-write-time": "2024-04-01T12:16:06.0000000Z",
        "x-ms-file-parent-id": "13835128424026341376",
        "x-ms-file-permission-key": "8616074386732128176*16083086822043778878",
        "x-ms-lease-state": "available",
        "x-ms-lease-status": "unlocked",
        "x-ms-meta-Capital": "letter",
        "x-ms-meta-foo": "bar",
        "x-ms-meta-meta": "data",
        "x-ms-meta-UPPER": "case",
        "x-ms-request-id": "df31dfd9-f01a-000d-23e5-b9720e000000",
        "x-ms-server-encrypted": "true",
        "x-ms-type": "File",
        "x-ms-version": "2025-07-05"
      },
      "ResponseBody": null
    },
    {
      "RequestUri": "https://nickliuproductionacc.file.core.windows.net/test-share-05c7b560-cadd-9b58-26aa-33f44ec86c42/sourceFolder/test-file-9e44ec42-cdaf-4cad-c873-446cc439a780?sv=Sanitized&ss=f&srt=sco&se=2025-05-01T15%3A38%3A58Z&sp=rwdxylacuptfi&sig=Sanitized",
      "RequestMethod": "HEAD",
      "RequestHeaders": {
        "Accept": "application/xml",
        "traceparent": "00-37f8be98770730827b77840381382819-c868246aa261c8f2-00",
        "User-Agent": "azsdk-net-Storage.Files.Shares/12.23.0-alpha.20250430.1 (.NET 8.0.15; Microsoft Windows 10.0.26100)",
        "x-ms-client-request-id": "Sanitized",
        "x-ms-return-client-request-id": "true",
        "x-ms-version": "2025-07-05"
      },
      "RequestBody": null,
      "StatusCode": 200,
      "ResponseHeaders": {
        "Cache-Control": "no-cache",
        "Content-Disposition": "inline",
        "Content-Language": [
          "en-US",
          "en-CA"
        ],
        "Content-Length": "0",
        "Content-Type": "application/octet-stream",
        "Date": "Wed, 30 Apr 2025 15:38:57 GMT",
        "ETag": "\"0x8DD87FD1EDBEC9E\"",
        "Last-Modified": "Wed, 30 Apr 2025 15:38:57 GMT",
        "Server": [
          "Windows-Azure-File/1.0",
          "Microsoft-HTTPAPI/2.0"
        ],
        "x-ms-client-request-id": "Sanitized",
        "x-ms-file-attributes": "Archive",
        "x-ms-file-change-time": "2024-04-01T13:30:03.0000000Z",
        "x-ms-file-creation-time": "2024-04-01T09:05:55.0000000Z",
        "x-ms-file-id": "11529285414812647424",
        "x-ms-file-last-write-time": "2024-04-01T12:16:06.0000000Z",
        "x-ms-file-parent-id": "13835128424026341376",
        "x-ms-file-permission-key": "8616074386732128176*16083086822043778878",
        "x-ms-lease-state": "available",
        "x-ms-lease-status": "unlocked",
        "x-ms-meta-Capital": "letter",
        "x-ms-meta-foo": "bar",
        "x-ms-meta-meta": "data",
        "x-ms-meta-UPPER": "case",
        "x-ms-request-id": "df31dfda-f01a-000d-24e5-b9720e000000",
        "x-ms-server-encrypted": "true",
        "x-ms-type": "File",
        "x-ms-version": "2025-07-05"
      },
      "ResponseBody": null
    },
    {
      "RequestUri": "https://nickliuproductionacc.file.core.windows.net/test-share-b7ddb8a5-9aa0-b274-e186-afeee8a9c2a9/destinationFolder/test-file-9e44ec42-cdaf-4cad-c873-446cc439a780",
      "RequestMethod": "HEAD",
      "RequestHeaders": {
        "Accept": "application/xml",
        "Authorization": "Sanitized",
        "traceparent": "00-ba3e621819ae0d021230e4f336273bff-630697908aa1ec41-00",
        "User-Agent": "azsdk-net-Storage.Files.Shares/12.23.0-alpha.20250430.1 (.NET 8.0.15; Microsoft Windows 10.0.26100)",
        "x-ms-client-request-id": "Sanitized",
        "x-ms-date": "Wed, 30 Apr 2025 15:39:00 GMT",
        "x-ms-return-client-request-id": "true",
        "x-ms-version": "2025-07-05"
      },
      "RequestBody": null,
      "StatusCode": 200,
      "ResponseHeaders": {
        "Cache-Control": "no-cache",
        "Content-Disposition": "inline",
        "Content-Language": [
          "en-US",
          "en-CA"
        ],
        "Content-Length": "0",
        "Content-Type": "application/octet-stream",
        "Date": "Wed, 30 Apr 2025 15:38:57 GMT",
        "ETag": "\"0x8DD87FD1F513521\"",
        "Last-Modified": "Wed, 30 Apr 2025 15:38:57 GMT",
        "Server": [
          "Windows-Azure-File/1.0",
          "Microsoft-HTTPAPI/2.0"
        ],
        "x-ms-client-request-id": "Sanitized",
        "x-ms-file-attributes": "Archive",
        "x-ms-file-change-time": "2024-04-01T13:30:03.0000000Z",
        "x-ms-file-creation-time": "2024-04-01T09:05:55.0000000Z",
        "x-ms-file-id": "13835075647468208128",
        "x-ms-file-last-write-time": "2024-04-01T12:16:06.0000000Z",
        "x-ms-file-parent-id": "13835128424026341376",
        "x-ms-file-permission-key": "8616074386732128176*16083086822043778878",
        "x-ms-lease-state": "available",
        "x-ms-lease-status": "unlocked",
        "x-ms-meta-Capital": "letter",
        "x-ms-meta-foo": "bar",
        "x-ms-meta-meta": "data",
        "x-ms-meta-UPPER": "case",
        "x-ms-request-id": "df31dfdb-f01a-000d-25e5-b9720e000000",
        "x-ms-server-encrypted": "true",
        "x-ms-type": "File",
        "x-ms-version": "2025-07-05"
      },
      "ResponseBody": null
    },
    {
      "RequestUri": "https://nickliuproductionacc.file.core.windows.net/test-share-05c7b560-cadd-9b58-26aa-33f44ec86c42/sourceFolder/test-file-9e44ec42-cdaf-4cad-c873-446cc439a780?sv=Sanitized&ss=f&srt=sco&se=2025-05-01T15%3A38%3A58Z&sp=rwdxylacuptfi&sig=Sanitized",
      "RequestMethod": "HEAD",
      "RequestHeaders": {
        "Accept": "application/xml",
        "traceparent": "00-26866a9c7dbd71a9445e4e7beebff547-75f716d8fe54a896-00",
        "User-Agent": "azsdk-net-Storage.Files.Shares/12.23.0-alpha.20250430.1 (.NET 8.0.15; Microsoft Windows 10.0.26100)",
        "x-ms-client-request-id": "Sanitized",
        "x-ms-return-client-request-id": "true",
        "x-ms-version": "2025-07-05"
      },
      "RequestBody": null,
      "StatusCode": 200,
      "ResponseHeaders": {
        "Cache-Control": "no-cache",
        "Content-Disposition": "inline",
        "Content-Language": [
          "en-US",
          "en-CA"
        ],
        "Content-Length": "0",
        "Content-Type": "application/octet-stream",
        "Date": "Wed, 30 Apr 2025 15:38:57 GMT",
        "ETag": "\"0x8DD87FD1EDBEC9E\"",
        "Last-Modified": "Wed, 30 Apr 2025 15:38:57 GMT",
        "Server": [
          "Windows-Azure-File/1.0",
          "Microsoft-HTTPAPI/2.0"
        ],
        "x-ms-client-request-id": "Sanitized",
        "x-ms-file-attributes": "Archive",
        "x-ms-file-change-time": "2024-04-01T13:30:03.0000000Z",
        "x-ms-file-creation-time": "2024-04-01T09:05:55.0000000Z",
        "x-ms-file-id": "11529285414812647424",
        "x-ms-file-last-write-time": "2024-04-01T12:16:06.0000000Z",
        "x-ms-file-parent-id": "13835128424026341376",
        "x-ms-file-permission-key": "8616074386732128176*16083086822043778878",
        "x-ms-lease-state": "available",
        "x-ms-lease-status": "unlocked",
        "x-ms-meta-Capital": "letter",
        "x-ms-meta-foo": "bar",
        "x-ms-meta-meta": "data",
        "x-ms-meta-UPPER": "case",
        "x-ms-request-id": "df31dfdc-f01a-000d-26e5-b9720e000000",
        "x-ms-server-encrypted": "true",
        "x-ms-type": "File",
        "x-ms-version": "2025-07-05"
      },
      "ResponseBody": null
    },
    {
      "RequestUri": "https://nickliuproductionacc.file.core.windows.net/test-share-b7ddb8a5-9aa0-b274-e186-afeee8a9c2a9/destinationFolder/test-file-9e44ec42-cdaf-4cad-c873-446cc439a780",
      "RequestMethod": "HEAD",
      "RequestHeaders": {
        "Accept": "application/xml",
        "Authorization": "Sanitized",
        "traceparent": "00-25b229dbff9285757091e97fcef947f4-49797cae46e43d6d-00",
        "User-Agent": "azsdk-net-Storage.Files.Shares/12.23.0-alpha.20250430.1 (.NET 8.0.15; Microsoft Windows 10.0.26100)",
        "x-ms-client-request-id": "Sanitized",
        "x-ms-date": "Wed, 30 Apr 2025 15:39:00 GMT",
        "x-ms-return-client-request-id": "true",
        "x-ms-version": "2025-07-05"
      },
      "RequestBody": null,
      "StatusCode": 200,
      "ResponseHeaders": {
        "Cache-Control": "no-cache",
        "Content-Disposition": "inline",
        "Content-Language": [
          "en-US",
          "en-CA"
        ],
        "Content-Length": "0",
        "Content-Type": "application/octet-stream",
        "Date": "Wed, 30 Apr 2025 15:38:57 GMT",
        "ETag": "\"0x8DD87FD1F513521\"",
        "Last-Modified": "Wed, 30 Apr 2025 15:38:57 GMT",
        "Server": [
          "Windows-Azure-File/1.0",
          "Microsoft-HTTPAPI/2.0"
        ],
        "x-ms-client-request-id": "Sanitized",
        "x-ms-file-attributes": "Archive",
        "x-ms-file-change-time": "2024-04-01T13:30:03.0000000Z",
        "x-ms-file-creation-time": "2024-04-01T09:05:55.0000000Z",
        "x-ms-file-id": "13835075647468208128",
        "x-ms-file-last-write-time": "2024-04-01T12:16:06.0000000Z",
        "x-ms-file-parent-id": "13835128424026341376",
        "x-ms-file-permission-key": "8616074386732128176*16083086822043778878",
        "x-ms-lease-state": "available",
        "x-ms-lease-status": "unlocked",
        "x-ms-meta-Capital": "letter",
        "x-ms-meta-foo": "bar",
        "x-ms-meta-meta": "data",
        "x-ms-meta-UPPER": "case",
        "x-ms-request-id": "df31dfdd-f01a-000d-27e5-b9720e000000",
        "x-ms-server-encrypted": "true",
        "x-ms-type": "File",
        "x-ms-version": "2025-07-05"
      },
      "ResponseBody": null
    },
    {
      "RequestUri": "https://nickliuproductionacc.file.core.windows.net/test-share-b7ddb8a5-9aa0-b274-e186-afeee8a9c2a9?restype=share",
      "RequestMethod": "DELETE",
      "RequestHeaders": {
        "Accept": "application/xml",
        "Authorization": "Sanitized",
        "traceparent": "00-fd85fd65b834ea2610b42806a5072115-1e9e4bc6cb4342f5-00",
        "User-Agent": "azsdk-net-Storage.Files.Shares/12.23.0-alpha.20250430.1 (.NET 8.0.15; Microsoft Windows 10.0.26100)",
        "x-ms-client-request-id": "Sanitized",
        "x-ms-date": "Wed, 30 Apr 2025 15:39:00 GMT",
        "x-ms-delete-snapshots": "include",
        "x-ms-return-client-request-id": "true",
        "x-ms-version": "2025-07-05"
      },
      "RequestBody": null,
      "StatusCode": 202,
      "ResponseHeaders": {
        "Content-Length": "0",
        "Date": "Wed, 30 Apr 2025 15:38:57 GMT",
        "Server": [
          "Windows-Azure-File/1.0",
          "Microsoft-HTTPAPI/2.0"
        ],
        "x-ms-client-request-id": "Sanitized",
        "x-ms-request-id": "df31dfde-f01a-000d-28e5-b9720e000000",
        "x-ms-version": "2025-07-05"
      },
      "ResponseBody": null
    },
    {
      "RequestUri": "https://nickliuproductionacc.file.core.windows.net/test-share-05c7b560-cadd-9b58-26aa-33f44ec86c42?sv=Sanitized&ss=f&srt=sco&se=2025-05-01T15%3A38%3A58Z&sp=rwdxylacuptfi&sig=Sanitized&restype=share",
      "RequestMethod": "DELETE",
      "RequestHeaders": {
        "Accept": "application/xml",
        "traceparent": "00-5dbb9d682e058fdca8a7287774d9fbad-2110b112bec0e4fe-00",
        "User-Agent": "azsdk-net-Storage.Files.Shares/12.23.0-alpha.20250430.1 (.NET 8.0.15; Microsoft Windows 10.0.26100)",
        "x-ms-client-request-id": "Sanitized",
        "x-ms-delete-snapshots": "include",
        "x-ms-return-client-request-id": "true",
        "x-ms-version": "2025-07-05"
      },
      "RequestBody": null,
      "StatusCode": 202,
      "ResponseHeaders": {
        "Content-Length": "0",
        "Date": "Wed, 30 Apr 2025 15:38:58 GMT",
        "Server": [
          "Windows-Azure-File/1.0",
          "Microsoft-HTTPAPI/2.0"
        ],
        "x-ms-client-request-id": "Sanitized",
        "x-ms-request-id": "df31dfdf-f01a-000d-29e5-b9720e000000",
        "x-ms-version": "2025-07-05"
      },
      "ResponseBody": null
    }
  ],
  "Variables": {
    "DateTimeOffsetNow": "2025-04-30T11:38:58.8535232-04:00",
    "RandomSeed": "728301379",
    "Storage_TestConfigDefault": "ProductionTenant\nnickliuproductionacc\nU2FuaXRpemVk\nhttps://nickliuproductionacc.blob.core.windows.net\nhttps://nickliuproductionacc.file.core.windows.net\nhttps://nickliuproductionacc.queue.core.windows.net\nhttps://nickliuproductionacc.table.core.windows.net\n\n\n\n\nhttps://nickliuproductionacc-secondary.blob.core.windows.net\nhttps://nickliuproductionacc-secondary.file.core.windows.net\nhttps://nickliuproductionacc-secondary.queue.core.windows.net\nhttps://nickliuproductionacc-secondary.table.core.windows.net\nCloud\nBlobEndpoint=https://nickliuproductionacc.blob.core.windows.net/;QueueEndpoint=https://nickliuproductionacc.queue.core.windows.net/;FileEndpoint=https://nickliuproductionacc.file.core.windows.net/;BlobSecondaryEndpoint=https://nickliuproductionacc-secondary.blob.core.windows.net/;QueueSecondaryEndpoint=https://nickliuproductionacc-secondary.queue.core.windows.net/;FileSecondaryEndpoint=https://nickliuproductionacc-secondary.file.core.windows.net/;AccountName=nickliuproductionacc;AccountKey=U2FuaXRpemVk\nEncryptionScope\n\n"
  }
}
