{
  "Entries": [
    {
      "RequestUri": "https://seancanaryfilepremium2.file.core.windows.net/test-share-97a48a53-fcf8-7509-6544-7c29d070648c?sv=Sanitized&ss=f&srt=sco&se=2025-04-16T17%3A37%3A24Z&sp=rwdxylacuptfi&sig=Sanitized&restype=share",
      "RequestMethod": "PUT",
      "RequestHeaders": {
        "Accept": "application/xml",
        "Content-Length": "0",
        "traceparent": "00-9e1f4404864d2c8eee0b5ba9d03473fb-8dfe085005b545c7-00",
        "User-Agent": "azsdk-net-Storage.Files.Shares/12.23.0-alpha.20250414.1 (.NET 8.0.15; Microsoft Windows 10.0.26100)",
        "x-ms-client-request-id": "Sanitized",
        "x-ms-enabled-protocols": "NFS",
        "x-ms-return-client-request-id": "true",
        "x-ms-version": "2025-05-05"
      },
      "RequestBody": null,
      "StatusCode": 201,
      "ResponseHeaders": {
        "Content-Length": "0",
        "Date": "Tue, 15 Apr 2025 17:37:20 GMT",
        "ETag": "\"0x8DD7C442CB5739A\"",
        "Last-Modified": "Tue, 15 Apr 2025 17:37:20 GMT",
        "Server": [
          "Windows-Azure-File/1.0",
          "Microsoft-HTTPAPI/2.0"
        ],
        "x-ms-client-request-id": "Sanitized",
        "x-ms-request-id": "51bf37d5-a01a-0029-4c2d-aed2fe000000",
        "x-ms-version": "2025-05-05"
      },
      "ResponseBody": null
    },
    {
      "RequestUri": "https://seancanaryfilepremium2.file.core.windows.net/test-share-0574816a-9de7-9a34-c1d9-f27525e1e90a?sv=Sanitized&ss=f&srt=sco&se=2025-04-16T17%3A37%3A24Z&sp=rwdxylacuptfi&sig=Sanitized&restype=share",
      "RequestMethod": "PUT",
      "RequestHeaders": {
        "Accept": "application/xml",
        "Content-Length": "0",
        "traceparent": "00-abc6ed68c319ab183d4293282ef5d49c-34cfd19a5c5871f9-00",
        "User-Agent": "azsdk-net-Storage.Files.Shares/12.23.0-alpha.20250414.1 (.NET 8.0.15; Microsoft Windows 10.0.26100)",
        "x-ms-client-request-id": "Sanitized",
        "x-ms-enabled-protocols": "NFS",
        "x-ms-return-client-request-id": "true",
        "x-ms-version": "2025-05-05"
      },
      "RequestBody": null,
      "StatusCode": 201,
      "ResponseHeaders": {
        "Content-Length": "0",
        "Date": "Tue, 15 Apr 2025 17:37:20 GMT",
        "ETag": "\"0x8DD7C442CBF5F5E\"",
        "Last-Modified": "Tue, 15 Apr 2025 17:37:20 GMT",
        "Server": [
          "Windows-Azure-File/1.0",
          "Microsoft-HTTPAPI/2.0"
        ],
        "x-ms-client-request-id": "Sanitized",
        "x-ms-request-id": "51bf37d9-a01a-0029-4f2d-aed2fe000000",
        "x-ms-version": "2025-05-05"
      },
      "ResponseBody": null
    },
    {
      "RequestUri": "https://seancanaryfilepremium2.file.core.windows.net/test-share-97a48a53-fcf8-7509-6544-7c29d070648c/sourceFolder?sv=Sanitized&ss=f&srt=sco&se=2025-04-16T17%3A37%3A24Z&sp=rwdxylacuptfi&sig=Sanitized&restype=directory",
      "RequestMethod": "PUT",
      "RequestHeaders": {
        "Accept": "application/xml",
        "Content-Length": "0",
        "traceparent": "00-38bd103c772c2dc1ef5fd9f771ebfe31-ce737697d9ee95cd-00",
        "User-Agent": "azsdk-net-Storage.Files.Shares/12.23.0-alpha.20250414.1 (.NET 8.0.15; Microsoft Windows 10.0.26100)",
        "x-ms-client-request-id": "Sanitized",
        "x-ms-file-creation-time": "2024-04-01T09:05:55.0000000Z",
        "x-ms-file-last-write-time": "2024-04-01T12:16:06.0000000Z",
        "x-ms-group": "123",
        "x-ms-meta-Capital": "letter",
        "x-ms-meta-foo": "bar",
        "x-ms-meta-meta": "data",
        "x-ms-meta-UPPER": "case",
        "x-ms-mode": "1777",
        "x-ms-owner": "345",
        "x-ms-return-client-request-id": "true",
        "x-ms-version": "2025-05-05"
      },
      "RequestBody": null,
      "StatusCode": 201,
      "ResponseHeaders": {
        "Content-Length": "0",
        "Date": "Tue, 15 Apr 2025 17:37:20 GMT",
        "ETag": "\"0x8DD7C442CC8C8E7\"",
        "Last-Modified": "Tue, 15 Apr 2025 17:37:20 GMT",
        "Server": [
          "Windows-Azure-File/1.0",
          "Microsoft-HTTPAPI/2.0"
        ],
        "x-ms-client-request-id": "Sanitized",
        "x-ms-file-change-time": "2025-04-15T17:37:20.7454951Z",
        "x-ms-file-creation-time": "2024-04-01T09:05:55.0000000Z",
        "x-ms-file-file-type": "Directory",
        "x-ms-file-id": "13835128424026341376",
        "x-ms-file-last-write-time": "2024-04-01T12:16:06.0000000Z",
        "x-ms-file-parent-id": "1",
        "x-ms-group": "123",
        "x-ms-mode": "1777",
        "x-ms-owner": "345",
        "x-ms-request-id": "51bf37dc-a01a-0029-512d-aed2fe000000",
        "x-ms-request-server-encrypted": "true",
        "x-ms-version": "2025-05-05"
      },
      "ResponseBody": null
    },
    {
      "RequestUri": "https://seancanaryfilepremium2.file.core.windows.net/test-share-97a48a53-fcf8-7509-6544-7c29d070648c/sourceFolder/item1?sv=Sanitized&ss=f&srt=sco&se=2025-04-16T17%3A37%3A24Z&sp=rwdxylacuptfi&sig=Sanitized",
      "RequestMethod": "PUT",
      "RequestHeaders": {
        "Accept": "application/xml",
        "Content-Length": "0",
        "traceparent": "00-dd346231b24ab19587ac996d1b299cd5-7a5563c087ece0b7-00",
        "User-Agent": "azsdk-net-Storage.Files.Shares/12.23.0-alpha.20250414.1 (.NET 8.0.15; Microsoft Windows 10.0.26100)",
        "x-ms-cache-control": "no-cache",
        "x-ms-client-request-id": "Sanitized",
        "x-ms-content-disposition": "inline",
        "x-ms-content-language": "en-US,en-CA",
        "x-ms-content-length": "1024",
        "x-ms-file-creation-time": "2024-04-01T09:05:55.0000000Z",
        "x-ms-file-last-write-time": "2024-04-01T12:16:06.0000000Z",
        "x-ms-group": "123",
        "x-ms-meta-Capital": "letter",
        "x-ms-meta-foo": "bar",
        "x-ms-meta-meta": "data",
        "x-ms-meta-UPPER": "case",
        "x-ms-mode": "1777",
        "x-ms-owner": "345",
        "x-ms-return-client-request-id": "true",
        "x-ms-type": "file",
        "x-ms-version": "2025-05-05"
      },
      "RequestBody": null,
      "StatusCode": 201,
      "ResponseHeaders": {
        "Content-Length": "0",
        "Date": "Tue, 15 Apr 2025 17:37:20 GMT",
        "ETag": "\"0x8DD7C442CD0D626\"",
        "Last-Modified": "Tue, 15 Apr 2025 17:37:20 GMT",
        "Server": [
          "Windows-Azure-File/1.0",
          "Microsoft-HTTPAPI/2.0"
        ],
        "x-ms-client-request-id": "Sanitized",
        "x-ms-file-change-time": "2025-04-15T17:37:20.7982630Z",
        "x-ms-file-creation-time": "2024-04-01T09:05:55.0000000Z",
        "x-ms-file-file-type": "Regular",
        "x-ms-file-id": "11529285414812647424",
        "x-ms-file-last-write-time": "2024-04-01T12:16:06.0000000Z",
        "x-ms-file-parent-id": "13835128424026341376",
        "x-ms-group": "123",
        "x-ms-mode": "1777",
        "x-ms-owner": "345",
        "x-ms-request-id": "51bf37dd-a01a-0029-522d-aed2fe000000",
        "x-ms-request-server-encrypted": "true",
        "x-ms-version": "2025-05-05"
      },
      "ResponseBody": null
    },
    {
      "RequestUri": "https://seancanaryfilepremium2.file.core.windows.net/test-share-97a48a53-fcf8-7509-6544-7c29d070648c/sourceFolder/item2?sv=Sanitized&ss=f&srt=sco&se=2025-04-16T17%3A37%3A24Z&sp=rwdxylacuptfi&sig=Sanitized",
      "RequestMethod": "PUT",
      "RequestHeaders": {
        "Accept": "application/xml",
        "Content-Length": "0",
        "traceparent": "00-951ba8eba265ac75498a2f4fa5b7247d-17d811d36cd13b85-00",
        "User-Agent": "azsdk-net-Storage.Files.Shares/12.23.0-alpha.20250414.1 (.NET 8.0.15; Microsoft Windows 10.0.26100)",
        "x-ms-cache-control": "no-cache",
        "x-ms-client-request-id": "Sanitized",
        "x-ms-content-disposition": "inline",
        "x-ms-content-language": "en-US,en-CA",
        "x-ms-content-length": "1024",
        "x-ms-file-creation-time": "2024-04-01T09:05:55.0000000Z",
        "x-ms-file-last-write-time": "2024-04-01T12:16:06.0000000Z",
        "x-ms-group": "123",
        "x-ms-meta-Capital": "letter",
        "x-ms-meta-foo": "bar",
        "x-ms-meta-meta": "data",
        "x-ms-meta-UPPER": "case",
        "x-ms-mode": "1777",
        "x-ms-owner": "345",
        "x-ms-return-client-request-id": "true",
        "x-ms-type": "file",
        "x-ms-version": "2025-05-05"
      },
      "RequestBody": null,
      "StatusCode": 201,
      "ResponseHeaders": {
        "Content-Length": "0",
        "Date": "Tue, 15 Apr 2025 17:37:20 GMT",
        "ETag": "\"0x8DD7C442CD8E365\"",
        "Last-Modified": "Tue, 15 Apr 2025 17:37:20 GMT",
        "Server": [
          "Windows-Azure-File/1.0",
          "Microsoft-HTTPAPI/2.0"
        ],
        "x-ms-client-request-id": "Sanitized",
        "x-ms-file-change-time": "2025-04-15T17:37:20.8510309Z",
        "x-ms-file-creation-time": "2024-04-01T09:05:55.0000000Z",
        "x-ms-file-file-type": "Regular",
        "x-ms-file-id": "16140971433240035328",
        "x-ms-file-last-write-time": "2024-04-01T12:16:06.0000000Z",
        "x-ms-file-parent-id": "13835128424026341376",
        "x-ms-group": "123",
        "x-ms-mode": "1777",
        "x-ms-owner": "345",
        "x-ms-request-id": "51bf37de-a01a-0029-532d-aed2fe000000",
        "x-ms-request-server-encrypted": "true",
        "x-ms-version": "2025-05-05"
      },
      "ResponseBody": null
    },
    {
      "RequestUri": "https://seancanaryfilepremium2.file.core.windows.net/test-share-97a48a53-fcf8-7509-6544-7c29d070648c/sourceFolder/bar?sv=Sanitized&ss=f&srt=sco&se=2025-04-16T17%3A37%3A24Z&sp=rwdxylacuptfi&sig=Sanitized&restype=directory",
      "RequestMethod": "PUT",
      "RequestHeaders": {
        "Accept": "application/xml",
        "Content-Length": "0",
        "traceparent": "00-7446a91d4e0a5f5e329c33a4dd2239b6-c6880c23ce0b3ce8-00",
        "User-Agent": "azsdk-net-Storage.Files.Shares/12.23.0-alpha.20250414.1 (.NET 8.0.15; Microsoft Windows 10.0.26100)",
        "x-ms-client-request-id": "Sanitized",
        "x-ms-file-creation-time": "2024-04-01T09:05:55.0000000Z",
        "x-ms-file-last-write-time": "2024-04-01T12:16:06.0000000Z",
        "x-ms-group": "123",
        "x-ms-meta-Capital": "letter",
        "x-ms-meta-foo": "bar",
        "x-ms-meta-meta": "data",
        "x-ms-meta-UPPER": "case",
        "x-ms-mode": "1777",
        "x-ms-owner": "345",
        "x-ms-return-client-request-id": "true",
        "x-ms-version": "2025-05-05"
      },
      "RequestBody": null,
      "StatusCode": 201,
      "ResponseHeaders": {
        "Content-Length": "0",
        "Date": "Tue, 15 Apr 2025 17:37:20 GMT",
        "ETag": "\"0x8DD7C442CE11787\"",
        "Last-Modified": "Tue, 15 Apr 2025 17:37:20 GMT",
        "Server": [
          "Windows-Azure-File/1.0",
          "Microsoft-HTTPAPI/2.0"
        ],
        "x-ms-client-request-id": "Sanitized",
        "x-ms-file-change-time": "2025-04-15T17:37:20.9047943Z",
        "x-ms-file-creation-time": "2024-04-01T09:05:55.0000000Z",
        "x-ms-file-file-type": "Directory",
        "x-ms-file-id": "10376363910205800448",
        "x-ms-file-last-write-time": "2024-04-01T12:16:06.0000000Z",
        "x-ms-file-parent-id": "13835128424026341376",
        "x-ms-group": "123",
        "x-ms-mode": "1777",
        "x-ms-owner": "345",
        "x-ms-request-id": "51bf37e0-a01a-0029-552d-aed2fe000000",
        "x-ms-request-server-encrypted": "true",
        "x-ms-version": "2025-05-05"
      },
      "ResponseBody": null
    },
    {
      "RequestUri": "https://seancanaryfilepremium2.file.core.windows.net/test-share-97a48a53-fcf8-7509-6544-7c29d070648c/sourceFolder/bar/item3?sv=Sanitized&ss=f&srt=sco&se=2025-04-16T17%3A37%3A24Z&sp=rwdxylacuptfi&sig=Sanitized",
      "RequestMethod": "PUT",
      "RequestHeaders": {
        "Accept": "application/xml",
        "Content-Length": "0",
        "traceparent": "00-841cb79bcabff3c10c1b66e33ac49ca3-03aeb071fcffde71-00",
        "User-Agent": "azsdk-net-Storage.Files.Shares/12.23.0-alpha.20250414.1 (.NET 8.0.15; Microsoft Windows 10.0.26100)",
        "x-ms-cache-control": "no-cache",
        "x-ms-client-request-id": "Sanitized",
        "x-ms-content-disposition": "inline",
        "x-ms-content-language": "en-US,en-CA",
        "x-ms-content-length": "1024",
        "x-ms-file-creation-time": "2024-04-01T09:05:55.0000000Z",
        "x-ms-file-last-write-time": "2024-04-01T12:16:06.0000000Z",
        "x-ms-group": "123",
        "x-ms-meta-Capital": "letter",
        "x-ms-meta-foo": "bar",
        "x-ms-meta-meta": "data",
        "x-ms-meta-UPPER": "case",
        "x-ms-mode": "1777",
        "x-ms-owner": "345",
        "x-ms-return-client-request-id": "true",
        "x-ms-type": "file",
        "x-ms-version": "2025-05-05"
      },
      "RequestBody": null,
      "StatusCode": 201,
      "ResponseHeaders": {
        "Content-Length": "0",
        "Date": "Tue, 15 Apr 2025 17:37:20 GMT",
        "ETag": "\"0x8DD7C442CE8FDDF\"",
        "Last-Modified": "Tue, 15 Apr 2025 17:37:20 GMT",
        "Server": [
          "Windows-Azure-File/1.0",
          "Microsoft-HTTPAPI/2.0"
        ],
        "x-ms-client-request-id": "Sanitized",
        "x-ms-file-change-time": "2025-04-15T17:37:20.9565663Z",
        "x-ms-file-creation-time": "2024-04-01T09:05:55.0000000Z",
        "x-ms-file-file-type": "Regular",
        "x-ms-file-id": "14988049928633188352",
        "x-ms-file-last-write-time": "2024-04-01T12:16:06.0000000Z",
        "x-ms-file-parent-id": "10376363910205800448",
        "x-ms-group": "123",
        "x-ms-mode": "1777",
        "x-ms-owner": "345",
        "x-ms-request-id": "51bf37e2-a01a-0029-572d-aed2fe000000",
        "x-ms-request-server-encrypted": "true",
        "x-ms-version": "2025-05-05"
      },
      "ResponseBody": null
    },
    {
      "RequestUri": "https://seancanaryfilepremium2.file.core.windows.net/test-share-97a48a53-fcf8-7509-6544-7c29d070648c/sourceFolder/pik?sv=Sanitized&ss=f&srt=sco&se=2025-04-16T17%3A37%3A24Z&sp=rwdxylacuptfi&sig=Sanitized&restype=directory",
      "RequestMethod": "PUT",
      "RequestHeaders": {
        "Accept": "application/xml",
        "Content-Length": "0",
        "traceparent": "00-700f4baf2a8813b75350c931ccb949ec-9afa56aeebdda493-00",
        "User-Agent": "azsdk-net-Storage.Files.Shares/12.23.0-alpha.20250414.1 (.NET 8.0.15; Microsoft Windows 10.0.26100)",
        "x-ms-client-request-id": "Sanitized",
        "x-ms-file-creation-time": "2024-04-01T09:05:55.0000000Z",
        "x-ms-file-last-write-time": "2024-04-01T12:16:06.0000000Z",
        "x-ms-group": "123",
        "x-ms-meta-Capital": "letter",
        "x-ms-meta-foo": "bar",
        "x-ms-meta-meta": "data",
        "x-ms-meta-UPPER": "case",
        "x-ms-mode": "1777",
        "x-ms-owner": "345",
        "x-ms-return-client-request-id": "true",
        "x-ms-version": "2025-05-05"
      },
      "RequestBody": null,
      "StatusCode": 201,
      "ResponseHeaders": {
        "Content-Length": "0",
        "Date": "Tue, 15 Apr 2025 17:37:20 GMT",
        "ETag": "\"0x8DD7C442CF0BD58\"",
        "Last-Modified": "Tue, 15 Apr 2025 17:37:21 GMT",
        "Server": [
          "Windows-Azure-File/1.0",
          "Microsoft-HTTPAPI/2.0"
        ],
        "x-ms-client-request-id": "Sanitized",
        "x-ms-file-change-time": "2025-04-15T17:37:21.0073432Z",
        "x-ms-file-creation-time": "2024-04-01T09:05:55.0000000Z",
        "x-ms-file-file-type": "Directory",
        "x-ms-file-id": "12682206919419494400",
        "x-ms-file-last-write-time": "2024-04-01T12:16:06.0000000Z",
        "x-ms-file-parent-id": "13835128424026341376",
        "x-ms-group": "123",
        "x-ms-mode": "1777",
        "x-ms-owner": "345",
        "x-ms-request-id": "51bf37e4-a01a-0029-592d-aed2fe000000",
        "x-ms-request-server-encrypted": "true",
        "x-ms-version": "2025-05-05"
      },
      "ResponseBody": null
    },
    {
      "RequestUri": "https://seancanaryfilepremium2.file.core.windows.net/test-share-97a48a53-fcf8-7509-6544-7c29d070648c/sourceFolder/pik/item4?sv=Sanitized&ss=f&srt=sco&se=2025-04-16T17%3A37%3A24Z&sp=rwdxylacuptfi&sig=Sanitized",
      "RequestMethod": "PUT",
      "RequestHeaders": {
        "Accept": "application/xml",
        "Content-Length": "0",
        "traceparent": "00-ae4738397ba4be671ddd3e22cce12230-716f397800130f1a-00",
        "User-Agent": "azsdk-net-Storage.Files.Shares/12.23.0-alpha.20250414.1 (.NET 8.0.15; Microsoft Windows 10.0.26100)",
        "x-ms-cache-control": "no-cache",
        "x-ms-client-request-id": "Sanitized",
        "x-ms-content-disposition": "inline",
        "x-ms-content-language": "en-US,en-CA",
        "x-ms-content-length": "1024",
        "x-ms-file-creation-time": "2024-04-01T09:05:55.0000000Z",
        "x-ms-file-last-write-time": "2024-04-01T12:16:06.0000000Z",
        "x-ms-group": "123",
        "x-ms-meta-Capital": "letter",
        "x-ms-meta-foo": "bar",
        "x-ms-meta-meta": "data",
        "x-ms-meta-UPPER": "case",
        "x-ms-mode": "1777",
        "x-ms-owner": "345",
        "x-ms-return-client-request-id": "true",
        "x-ms-type": "file",
        "x-ms-version": "2025-05-05"
      },
      "RequestBody": null,
      "StatusCode": 201,
      "ResponseHeaders": {
        "Content-Length": "0",
        "Date": "Tue, 15 Apr 2025 17:37:20 GMT",
        "ETag": "\"0x8DD7C442CF8A3B4\"",
        "Last-Modified": "Tue, 15 Apr 2025 17:37:21 GMT",
        "Server": [
          "Windows-Azure-File/1.0",
          "Microsoft-HTTPAPI/2.0"
        ],
        "x-ms-client-request-id": "Sanitized",
        "x-ms-file-change-time": "2025-04-15T17:37:21.0591156Z",
        "x-ms-file-creation-time": "2024-04-01T09:05:55.0000000Z",
        "x-ms-file-file-type": "Regular",
        "x-ms-file-id": "17293892937846882304",
        "x-ms-file-last-write-time": "2024-04-01T12:16:06.0000000Z",
        "x-ms-file-parent-id": "12682206919419494400",
        "x-ms-group": "123",
        "x-ms-mode": "1777",
        "x-ms-owner": "345",
        "x-ms-request-id": "51bf37e5-a01a-0029-5a2d-aed2fe000000",
        "x-ms-request-server-encrypted": "true",
        "x-ms-version": "2025-05-05"
      },
      "ResponseBody": null
    },
    {
      "RequestUri": "https://seancanaryfilepremium2.file.core.windows.net/test-share-0574816a-9de7-9a34-c1d9-f27525e1e90a/destFolder?sv=Sanitized&ss=f&srt=sco&se=2025-04-16T17%3A37%3A24Z&sp=rwdxylacuptfi&sig=Sanitized&restype=directory",
      "RequestMethod": "PUT",
      "RequestHeaders": {
        "Accept": "application/xml",
        "Content-Length": "0",
        "traceparent": "00-dc46aff64eec2b3d5f9b4ee2645dc324-7110b8bb9478b6f8-00",
        "User-Agent": "azsdk-net-Storage.Files.Shares/12.23.0-alpha.20250414.1 (.NET 8.0.15; Microsoft Windows 10.0.26100)",
        "x-ms-client-request-id": "Sanitized",
        "x-ms-return-client-request-id": "true",
        "x-ms-version": "2025-05-05"
      },
      "RequestBody": null,
      "StatusCode": 201,
      "ResponseHeaders": {
        "Content-Length": "0",
        "Date": "Tue, 15 Apr 2025 17:37:20 GMT",
        "ETag": "\"0x8DD7C442D008A02\"",
        "Last-Modified": "Tue, 15 Apr 2025 17:37:21 GMT",
        "Server": [
          "Windows-Azure-File/1.0",
          "Microsoft-HTTPAPI/2.0"
        ],
        "x-ms-client-request-id": "Sanitized",
        "x-ms-file-change-time": "2025-04-15T17:37:21.1108866Z",
        "x-ms-file-creation-time": "2025-04-15T17:37:21.1108866Z",
        "x-ms-file-file-type": "Directory",
        "x-ms-file-id": "13835128424026341376",
        "x-ms-file-last-write-time": "2025-04-15T17:37:21.1108866Z",
        "x-ms-file-parent-id": "1",
        "x-ms-group": "0",
        "x-ms-mode": "0755",
        "x-ms-owner": "0",
        "x-ms-request-id": "51bf37ea-a01a-0029-5f2d-aed2fe000000",
        "x-ms-request-server-encrypted": "true",
        "x-ms-version": "2025-05-05"
      },
      "ResponseBody": null
    },
    {
      "RequestUri": "https://seancanaryfilepremium2.file.core.windows.net/test-share-97a48a53-fcf8-7509-6544-7c29d070648c/sourceFolder?sv=Sanitized&ss=f&srt=sco&se=2025-04-16T17%3A37%3A24Z&sp=rwdxylacuptfi&sig=Sanitized&restype=directory&comp=list",
      "RequestMethod": "GET",
      "RequestHeaders": {
        "Accept": "application/xml",
        "traceparent": "00-68a52c2b123bfc5b93027a9872ab1596-a3b344b657286cfa-00",
        "User-Agent": "azsdk-net-Storage.Files.Shares/12.23.0-alpha.20250414.1 (.NET 8.0.15; Microsoft Windows 10.0.26100)",
        "x-ms-client-request-id": "Sanitized",
        "x-ms-return-client-request-id": "true",
        "x-ms-version": "2025-05-05"
      },
      "RequestBody": null,
      "StatusCode": 200,
      "ResponseHeaders": {
        "Content-Type": "application/xml",
        "Date": "Tue, 15 Apr 2025 17:37:20 GMT",
        "Server": [
          "Windows-Azure-File/1.0",
          "Microsoft-HTTPAPI/2.0"
        ],
        "Transfer-Encoding": "chunked",
        "x-ms-client-request-id": "Sanitized",
        "x-ms-request-id": "51bf37ec-a01a-0029-612d-aed2fe000000",
        "x-ms-version": "2025-05-05"
      },
      "ResponseBody": "\uFEFF<?xml version=\"1.0\" encoding=\"utf-8\"?><EnumerationResults ServiceEndpoint=\"https://seancanaryfilepremium2.file.core.windows.net/\" ShareName=\"test-share-97a48a53-fcf8-7509-6544-7c29d070648c\" DirectoryPath=\"sourceFolder\"><DirectoryId>13835128424026341376</DirectoryId><Entries><Directory><Name>bar</Name><FileId>10376363910205800448</FileId><Properties /></Directory><File><Name>item1</Name><FileId>11529285414812647424</FileId><Properties><Content-Length>1024</Content-Length></Properties></File><File><Name>item2</Name><FileId>16140971433240035328</FileId><Properties><Content-Length>1024</Content-Length></Properties></File><Directory><Name>pik</Name><FileId>12682206919419494400</FileId><Properties /></Directory></Entries><NextMarker /></EnumerationResults>"
    },
    {
      "RequestUri": "https://seancanaryfilepremium2.file.core.windows.net/test-share-97a48a53-fcf8-7509-6544-7c29d070648c/sourceFolder/bar?sv=Sanitized&ss=f&srt=sco&se=2025-04-16T17%3A37%3A24Z&sp=rwdxylacuptfi&sig=Sanitized&restype=directory",
      "RequestMethod": "GET",
      "RequestHeaders": {
        "Accept": "application/xml",
        "traceparent": "00-23d45ec9aa65063c99453b8c0ebb3b1c-4b6478969bc9e916-00",
        "User-Agent": "azsdk-net-Storage.Files.Shares/12.23.0-alpha.20250414.1 (.NET 8.0.15; Microsoft Windows 10.0.26100)",
        "x-ms-client-request-id": "Sanitized",
        "x-ms-return-client-request-id": "true",
        "x-ms-version": "2025-05-05"
      },
      "RequestBody": null,
      "StatusCode": 200,
      "ResponseHeaders": {
        "Content-Length": "0",
        "Date": "Tue, 15 Apr 2025 17:37:20 GMT",
        "ETag": "\"0x8DD7C442CE11787\"",
        "Last-Modified": "Tue, 15 Apr 2025 17:37:20 GMT",
        "Server": [
          "Windows-Azure-File/1.0",
          "Microsoft-HTTPAPI/2.0"
        ],
        "x-ms-client-request-id": "Sanitized",
        "x-ms-file-change-time": "2025-04-15T17:37:20.9575620Z",
        "x-ms-file-creation-time": "2024-04-01T09:05:55.0000000Z",
        "x-ms-file-file-type": "Directory",
        "x-ms-file-id": "10376363910205800448",
        "x-ms-file-last-write-time": "2025-04-15T17:37:20.9575620Z",
        "x-ms-file-parent-id": "13835128424026341376",
        "x-ms-group": "123",
        "x-ms-meta-Capital": "letter",
        "x-ms-meta-foo": "bar",
        "x-ms-meta-meta": "data",
        "x-ms-meta-UPPER": "case",
        "x-ms-mode": "1777",
        "x-ms-owner": "345",
        "x-ms-request-id": "51bf37ee-a01a-0029-632d-aed2fe000000",
        "x-ms-server-encrypted": "true",
        "x-ms-version": "2025-05-05"
      },
      "ResponseBody": null
    },
    {
      "RequestUri": "https://seancanaryfilepremium2.file.core.windows.net/test-share-0574816a-9de7-9a34-c1d9-f27525e1e90a/destFolder/bar?sv=Sanitized&ss=f&srt=sco&se=2025-04-16T17%3A37%3A24Z&sp=rwdxylacuptfi&sig=Sanitized&restype=directory",
      "RequestMethod": "PUT",
      "RequestHeaders": {
        "Accept": "application/xml",
        "Content-Length": "0",
        "traceparent": "00-6c76a83b5ca6caecd95d3e4da6a8c608-edca18a8585a132f-00",
        "User-Agent": "azsdk-net-Storage.Files.Shares/12.23.0-alpha.20250414.1 (.NET 8.0.15; Microsoft Windows 10.0.26100)",
        "x-ms-client-request-id": "Sanitized",
        "x-ms-file-creation-time": "2024-04-01T09:05:55.0000000Z",
        "x-ms-file-last-write-time": "2025-04-15T17:37:20.9575620Z",
        "x-ms-meta-Capital": "letter",
        "x-ms-meta-foo": "bar",
        "x-ms-meta-meta": "data",
        "x-ms-meta-UPPER": "case",
        "x-ms-return-client-request-id": "true",
        "x-ms-version": "2025-05-05"
      },
      "RequestBody": null,
      "StatusCode": 201,
      "ResponseHeaders": {
        "Content-Length": "0",
        "Date": "Tue, 15 Apr 2025 17:37:20 GMT",
        "ETag": "\"0x8DD7C442D19C1FD\"",
        "Last-Modified": "Tue, 15 Apr 2025 17:37:21 GMT",
        "Server": [
          "Windows-Azure-File/1.0",
          "Microsoft-HTTPAPI/2.0"
        ],
        "x-ms-client-request-id": "Sanitized",
        "x-ms-file-change-time": "2025-04-15T17:37:21.2761597Z",
        "x-ms-file-creation-time": "2024-04-01T09:05:55.0000000Z",
        "x-ms-file-file-type": "Directory",
        "x-ms-file-id": "11529285414812647424",
        "x-ms-file-last-write-time": "2025-04-15T17:37:20.9575620Z",
        "x-ms-file-parent-id": "13835128424026341376",
        "x-ms-group": "0",
        "x-ms-mode": "0755",
        "x-ms-owner": "0",
        "x-ms-request-id": "51bf37ef-a01a-0029-642d-aed2fe000000",
        "x-ms-request-server-encrypted": "true",
        "x-ms-version": "2025-05-05"
      },
      "ResponseBody": null
    },
    {
      "RequestUri": "https://seancanaryfilepremium2.file.core.windows.net/test-share-97a48a53-fcf8-7509-6544-7c29d070648c/sourceFolder/pik?sv=Sanitized&ss=f&srt=sco&se=2025-04-16T17%3A37%3A24Z&sp=rwdxylacuptfi&sig=Sanitized&restype=directory",
      "RequestMethod": "GET",
      "RequestHeaders": {
        "Accept": "application/xml",
        "traceparent": "00-2dffd66a9c37e5a04c01130a7785bc7f-b57c5f222e3949c3-00",
        "User-Agent": "azsdk-net-Storage.Files.Shares/12.23.0-alpha.20250414.1 (.NET 8.0.15; Microsoft Windows 10.0.26100)",
        "x-ms-client-request-id": "Sanitized",
        "x-ms-return-client-request-id": "true",
        "x-ms-version": "2025-05-05"
      },
      "RequestBody": null,
      "StatusCode": 200,
      "ResponseHeaders": {
        "Content-Length": "0",
        "Date": "Tue, 15 Apr 2025 17:37:20 GMT",
        "ETag": "\"0x8DD7C442CF0BD58\"",
        "Last-Modified": "Tue, 15 Apr 2025 17:37:21 GMT",
        "Server": [
          "Windows-Azure-File/1.0",
          "Microsoft-HTTPAPI/2.0"
        ],
        "x-ms-client-request-id": "Sanitized",
        "x-ms-file-change-time": "2025-04-15T17:37:21.0601110Z",
        "x-ms-file-creation-time": "2024-04-01T09:05:55.0000000Z",
        "x-ms-file-file-type": "Directory",
        "x-ms-file-id": "12682206919419494400",
        "x-ms-file-last-write-time": "2025-04-15T17:37:21.0601110Z",
        "x-ms-file-parent-id": "13835128424026341376",
        "x-ms-group": "123",
        "x-ms-meta-Capital": "letter",
        "x-ms-meta-foo": "bar",
        "x-ms-meta-meta": "data",
        "x-ms-meta-UPPER": "case",
        "x-ms-mode": "1777",
        "x-ms-owner": "345",
        "x-ms-request-id": "51bf37f0-a01a-0029-652d-aed2fe000000",
        "x-ms-server-encrypted": "true",
        "x-ms-version": "2025-05-05"
      },
      "ResponseBody": null
    },
    {
      "RequestUri": "https://seancanaryfilepremium2.file.core.windows.net/test-share-0574816a-9de7-9a34-c1d9-f27525e1e90a/destFolder/pik?sv=Sanitized&ss=f&srt=sco&se=2025-04-16T17%3A37%3A24Z&sp=rwdxylacuptfi&sig=Sanitized&restype=directory",
      "RequestMethod": "PUT",
      "RequestHeaders": {
        "Accept": "application/xml",
        "Content-Length": "0",
        "traceparent": "00-49d7fb9c438bc10a4fc97db77177951e-24300931a590ebf7-00",
        "User-Agent": "azsdk-net-Storage.Files.Shares/12.23.0-alpha.20250414.1 (.NET 8.0.15; Microsoft Windows 10.0.26100)",
        "x-ms-client-request-id": "Sanitized",
        "x-ms-file-creation-time": "2024-04-01T09:05:55.0000000Z",
        "x-ms-file-last-write-time": "2025-04-15T17:37:21.0601110Z",
        "x-ms-meta-Capital": "letter",
        "x-ms-meta-foo": "bar",
        "x-ms-meta-meta": "data",
        "x-ms-meta-UPPER": "case",
        "x-ms-return-client-request-id": "true",
        "x-ms-version": "2025-05-05"
      },
      "RequestBody": null,
      "StatusCode": 201,
      "ResponseHeaders": {
        "Content-Length": "0",
        "Date": "Tue, 15 Apr 2025 17:37:20 GMT",
        "ETag": "\"0x8DD7C442D28A55A\"",
        "Last-Modified": "Tue, 15 Apr 2025 17:37:21 GMT",
        "Server": [
          "Windows-Azure-File/1.0",
          "Microsoft-HTTPAPI/2.0"
        ],
        "x-ms-client-request-id": "Sanitized",
        "x-ms-file-change-time": "2025-04-15T17:37:21.3737306Z",
        "x-ms-file-creation-time": "2024-04-01T09:05:55.0000000Z",
        "x-ms-file-file-type": "Directory",
        "x-ms-file-id": "16140971433240035328",
        "x-ms-file-last-write-time": "2025-04-15T17:37:21.0601110Z",
        "x-ms-file-parent-id": "13835128424026341376",
        "x-ms-group": "0",
        "x-ms-mode": "0755",
        "x-ms-owner": "0",
        "x-ms-request-id": "51bf37f2-a01a-0029-672d-aed2fe000000",
        "x-ms-request-server-encrypted": "true",
        "x-ms-version": "2025-05-05"
      },
      "ResponseBody": null
    },
    {
      "RequestUri": "https://seancanaryfilepremium2.file.core.windows.net/test-share-97a48a53-fcf8-7509-6544-7c29d070648c/sourceFolder/bar?sv=Sanitized&ss=f&srt=sco&se=2025-04-16T17%3A37%3A24Z&sp=rwdxylacuptfi&sig=Sanitized&restype=directory&comp=list",
      "RequestMethod": "GET",
      "RequestHeaders": {
        "Accept": "application/xml",
        "traceparent": "00-5289a1ac0ed0e2996c86b090d0898d8f-efcdbc36f4a3f16d-00",
        "User-Agent": "azsdk-net-Storage.Files.Shares/12.23.0-alpha.20250414.1 (.NET 8.0.15; Microsoft Windows 10.0.26100)",
        "x-ms-client-request-id": "Sanitized",
        "x-ms-return-client-request-id": "true",
        "x-ms-version": "2025-05-05"
      },
      "RequestBody": null,
      "StatusCode": 200,
      "ResponseHeaders": {
        "Content-Type": "application/xml",
        "Date": "Tue, 15 Apr 2025 17:37:20 GMT",
        "Server": [
          "Windows-Azure-File/1.0",
          "Microsoft-HTTPAPI/2.0"
        ],
        "Transfer-Encoding": "chunked",
        "x-ms-client-request-id": "Sanitized",
        "x-ms-request-id": "51bf37f3-a01a-0029-682d-aed2fe000000",
        "x-ms-version": "2025-05-05"
      },
      "ResponseBody": "\uFEFF<?xml version=\"1.0\" encoding=\"utf-8\"?><EnumerationResults ServiceEndpoint=\"https://seancanaryfilepremium2.file.core.windows.net/\" ShareName=\"test-share-97a48a53-fcf8-7509-6544-7c29d070648c\" DirectoryPath=\"sourceFolder/bar\"><DirectoryId>10376363910205800448</DirectoryId><Entries><File><Name>item3</Name><FileId>14988049928633188352</FileId><Properties><Content-Length>1024</Content-Length></Properties></File></Entries><NextMarker /></EnumerationResults>"
    },
    {
      "RequestUri": "https://seancanaryfilepremium2.file.core.windows.net/test-share-97a48a53-fcf8-7509-6544-7c29d070648c/sourceFolder/item1?sv=Sanitized&ss=f&srt=sco&se=2025-04-16T17%3A37%3A24Z&sp=rwdxylacuptfi&sig=Sanitized",
      "RequestMethod": "HEAD",
      "RequestHeaders": {
        "Accept": "application/xml",
        "traceparent": "00-db2e9efc0c373399b8a5b4e18343cb9a-9ea55352c3912460-00",
        "User-Agent": "azsdk-net-Storage.Files.Shares/12.23.0-alpha.20250414.1 (.NET 8.0.15; Microsoft Windows 10.0.26100)",
        "x-ms-client-request-id": "Sanitized",
        "x-ms-return-client-request-id": "true",
        "x-ms-version": "2025-05-05"
      },
      "RequestBody": null,
      "StatusCode": 200,
      "ResponseHeaders": {
        "Cache-Control": "no-cache",
        "Content-Disposition": "inline",
        "Content-Language": [
          "en-US",
          "en-CA"
        ],
        "Content-Length": "1024",
        "Content-Type": "application/octet-stream",
        "Date": "Tue, 15 Apr 2025 17:37:20 GMT",
        "ETag": "\"0x8DD7C442CD0D626\"",
        "Last-Modified": "Tue, 15 Apr 2025 17:37:20 GMT",
        "Server": [
          "Windows-Azure-File/1.0",
          "Microsoft-HTTPAPI/2.0"
        ],
        "x-ms-client-request-id": "Sanitized",
        "x-ms-file-change-time": "2025-04-15T17:37:20.7982630Z",
        "x-ms-file-creation-time": "2024-04-01T09:05:55.0000000Z",
        "x-ms-file-file-type": "Regular",
        "x-ms-file-id": "11529285414812647424",
        "x-ms-file-last-write-time": "2024-04-01T12:16:06.0000000Z",
        "x-ms-file-parent-id": "13835128424026341376",
        "x-ms-group": "123",
        "x-ms-lease-state": "available",
        "x-ms-lease-status": "unlocked",
        "x-ms-link-count": "1",
        "x-ms-meta-Capital": "letter",
        "x-ms-meta-foo": "bar",
        "x-ms-meta-meta": "data",
        "x-ms-meta-UPPER": "case",
        "x-ms-mode": "1777",
        "x-ms-owner": "345",
        "x-ms-request-id": "53de7b55-901a-0032-062d-aeecfd000000",
        "x-ms-server-encrypted": "true",
        "x-ms-type": "File",
        "x-ms-version": "2025-05-05"
      },
      "ResponseBody": null
    },
    {
      "RequestUri": "https://seancanaryfilepremium2.file.core.windows.net/test-share-97a48a53-fcf8-7509-6544-7c29d070648c/sourceFolder/item2?sv=Sanitized&ss=f&srt=sco&se=2025-04-16T17%3A37%3A24Z&sp=rwdxylacuptfi&sig=Sanitized",
      "RequestMethod": "HEAD",
      "RequestHeaders": {
        "Accept": "application/xml",
        "traceparent": "00-be3c9df1665d6e8f86743d496d48d1be-f931b72ab6814ffd-00",
        "User-Agent": "azsdk-net-Storage.Files.Shares/12.23.0-alpha.20250414.1 (.NET 8.0.15; Microsoft Windows 10.0.26100)",
        "x-ms-client-request-id": "Sanitized",
        "x-ms-return-client-request-id": "true",
        "x-ms-version": "2025-05-05"
      },
      "RequestBody": null,
      "StatusCode": 200,
      "ResponseHeaders": {
        "Cache-Control": "no-cache",
        "Content-Disposition": "inline",
        "Content-Language": [
          "en-US",
          "en-CA"
        ],
        "Content-Length": "1024",
        "Content-Type": "application/octet-stream",
        "Date": "Tue, 15 Apr 2025 17:37:20 GMT",
        "ETag": "\"0x8DD7C442CD8E365\"",
        "Last-Modified": "Tue, 15 Apr 2025 17:37:20 GMT",
        "Server": [
          "Windows-Azure-File/1.0",
          "Microsoft-HTTPAPI/2.0"
        ],
        "x-ms-client-request-id": "Sanitized",
        "x-ms-file-change-time": "2025-04-15T17:37:20.8510309Z",
        "x-ms-file-creation-time": "2024-04-01T09:05:55.0000000Z",
        "x-ms-file-file-type": "Regular",
        "x-ms-file-id": "16140971433240035328",
        "x-ms-file-last-write-time": "2024-04-01T12:16:06.0000000Z",
        "x-ms-file-parent-id": "13835128424026341376",
        "x-ms-group": "123",
        "x-ms-lease-state": "available",
        "x-ms-lease-status": "unlocked",
        "x-ms-link-count": "1",
        "x-ms-meta-Capital": "letter",
        "x-ms-meta-foo": "bar",
        "x-ms-meta-meta": "data",
        "x-ms-meta-UPPER": "case",
        "x-ms-mode": "1777",
        "x-ms-owner": "345",
        "x-ms-request-id": "b535defc-601a-006b-7d2d-ae6b7e000000",
        "x-ms-server-encrypted": "true",
        "x-ms-type": "File",
        "x-ms-version": "2025-05-05"
      },
      "ResponseBody": null
    },
    {
      "RequestUri": "https://seancanaryfilepremium2.file.core.windows.net/test-share-97a48a53-fcf8-7509-6544-7c29d070648c/sourceFolder/pik?sv=Sanitized&ss=f&srt=sco&se=2025-04-16T17%3A37%3A24Z&sp=rwdxylacuptfi&sig=Sanitized&restype=directory&comp=list",
      "RequestMethod": "GET",
      "RequestHeaders": {
        "Accept": "application/xml",
        "traceparent": "00-9a643f164007629ff539d75202e85af0-e2e7e46b565e278b-00",
        "User-Agent": "azsdk-net-Storage.Files.Shares/12.23.0-alpha.20250414.1 (.NET 8.0.15; Microsoft Windows 10.0.26100)",
        "x-ms-client-request-id": "Sanitized",
        "x-ms-return-client-request-id": "true",
        "x-ms-version": "2025-05-05"
      },
      "RequestBody": null,
      "StatusCode": 200,
      "ResponseHeaders": {
        "Content-Type": "application/xml",
        "Date": "Tue, 15 Apr 2025 17:37:20 GMT",
        "Server": [
          "Windows-Azure-File/1.0",
          "Microsoft-HTTPAPI/2.0"
        ],
        "Transfer-Encoding": "chunked",
        "x-ms-client-request-id": "Sanitized",
        "x-ms-request-id": "51bf37f4-a01a-0029-692d-aed2fe000000",
        "x-ms-version": "2025-05-05"
      },
      "ResponseBody": "\uFEFF<?xml version=\"1.0\" encoding=\"utf-8\"?><EnumerationResults ServiceEndpoint=\"https://seancanaryfilepremium2.file.core.windows.net/\" ShareName=\"test-share-97a48a53-fcf8-7509-6544-7c29d070648c\" DirectoryPath=\"sourceFolder/pik\"><DirectoryId>12682206919419494400</DirectoryId><Entries><File><Name>item4</Name><FileId>17293892937846882304</FileId><Properties><Content-Length>1024</Content-Length></Properties></File></Entries><NextMarker /></EnumerationResults>"
    },
    {
      "RequestUri": "https://seancanaryfilepremium2.file.core.windows.net/test-share-97a48a53-fcf8-7509-6544-7c29d070648c/sourceFolder/item1?sv=Sanitized&ss=f&srt=sco&se=2025-04-16T17%3A37%3A24Z&sp=rwdxylacuptfi&sig=Sanitized",
      "RequestMethod": "HEAD",
      "RequestHeaders": {
        "Accept": "application/xml",
        "traceparent": "00-82d81af6c8222e34b9fab6d7d7852724-10a55de276f5e8fd-00",
        "User-Agent": "azsdk-net-Storage.Files.Shares/12.23.0-alpha.20250414.1 (.NET 8.0.15; Microsoft Windows 10.0.26100)",
        "x-ms-client-request-id": "Sanitized",
        "x-ms-return-client-request-id": "true",
        "x-ms-version": "2025-05-05"
      },
      "RequestBody": null,
      "StatusCode": 200,
      "ResponseHeaders": {
        "Cache-Control": "no-cache",
        "Content-Disposition": "inline",
        "Content-Language": [
          "en-US",
          "en-CA"
        ],
        "Content-Length": "1024",
        "Content-Type": "application/octet-stream",
        "Date": "Tue, 15 Apr 2025 17:37:21 GMT",
        "ETag": "\"0x8DD7C442CD0D626\"",
        "Last-Modified": "Tue, 15 Apr 2025 17:37:20 GMT",
        "Server": [
          "Windows-Azure-File/1.0",
          "Microsoft-HTTPAPI/2.0"
        ],
        "x-ms-client-request-id": "Sanitized",
        "x-ms-file-change-time": "2025-04-15T17:37:20.7982630Z",
        "x-ms-file-creation-time": "2024-04-01T09:05:55.0000000Z",
        "x-ms-file-file-type": "Regular",
        "x-ms-file-id": "11529285414812647424",
        "x-ms-file-last-write-time": "2024-04-01T12:16:06.0000000Z",
        "x-ms-file-parent-id": "13835128424026341376",
        "x-ms-group": "123",
        "x-ms-lease-state": "available",
        "x-ms-lease-status": "unlocked",
        "x-ms-link-count": "1",
        "x-ms-meta-Capital": "letter",
        "x-ms-meta-foo": "bar",
        "x-ms-meta-meta": "data",
        "x-ms-meta-UPPER": "case",
        "x-ms-mode": "1777",
        "x-ms-owner": "345",
        "x-ms-request-id": "53de7b57-901a-0032-072d-aeecfd000000",
        "x-ms-server-encrypted": "true",
        "x-ms-type": "File",
        "x-ms-version": "2025-05-05"
      },
      "ResponseBody": null
    },
    {
      "RequestUri": "https://seancanaryfilepremium2.file.core.windows.net/test-share-97a48a53-fcf8-7509-6544-7c29d070648c/sourceFolder/bar/item3?sv=Sanitized&ss=f&srt=sco&se=2025-04-16T17%3A37%3A24Z&sp=rwdxylacuptfi&sig=Sanitized",
      "RequestMethod": "HEAD",
      "RequestHeaders": {
        "Accept": "application/xml",
        "traceparent": "00-eb8b783c686e65b50826e1564c993faf-7e9323ce231e1705-00",
        "User-Agent": "azsdk-net-Storage.Files.Shares/12.23.0-alpha.20250414.1 (.NET 8.0.15; Microsoft Windows 10.0.26100)",
        "x-ms-client-request-id": "Sanitized",
        "x-ms-return-client-request-id": "true",
        "x-ms-version": "2025-05-05"
      },
      "RequestBody": null,
      "StatusCode": 200,
      "ResponseHeaders": {
        "Cache-Control": "no-cache",
        "Content-Disposition": "inline",
        "Content-Language": [
          "en-US",
          "en-CA"
        ],
        "Content-Length": "1024",
        "Content-Type": "application/octet-stream",
        "Date": "Tue, 15 Apr 2025 17:37:20 GMT",
        "ETag": "\"0x8DD7C442CE8FDDF\"",
        "Last-Modified": "Tue, 15 Apr 2025 17:37:20 GMT",
        "Server": [
          "Windows-Azure-File/1.0",
          "Microsoft-HTTPAPI/2.0"
        ],
        "x-ms-client-request-id": "Sanitized",
        "x-ms-file-change-time": "2025-04-15T17:37:20.9565663Z",
        "x-ms-file-creation-time": "2024-04-01T09:05:55.0000000Z",
        "x-ms-file-file-type": "Regular",
        "x-ms-file-id": "14988049928633188352",
        "x-ms-file-last-write-time": "2024-04-01T12:16:06.0000000Z",
        "x-ms-file-parent-id": "10376363910205800448",
        "x-ms-group": "123",
        "x-ms-lease-state": "available",
        "x-ms-lease-status": "unlocked",
        "x-ms-link-count": "1",
        "x-ms-meta-Capital": "letter",
        "x-ms-meta-foo": "bar",
        "x-ms-meta-meta": "data",
        "x-ms-meta-UPPER": "case",
        "x-ms-mode": "1777",
        "x-ms-owner": "345",
        "x-ms-request-id": "b535deff-601a-006b-7f2d-ae6b7e000000",
        "x-ms-server-encrypted": "true",
        "x-ms-type": "File",
        "x-ms-version": "2025-05-05"
      },
      "ResponseBody": null
    },
    {
      "RequestUri": "https://seancanaryfilepremium2.file.core.windows.net/test-share-0574816a-9de7-9a34-c1d9-f27525e1e90a/destFolder/item1?sv=Sanitized&ss=f&srt=sco&se=2025-04-16T17%3A37%3A24Z&sp=rwdxylacuptfi&sig=Sanitized",
      "RequestMethod": "HEAD",
      "RequestHeaders": {
        "Accept": "application/xml",
        "traceparent": "00-8d6cc2fb6bd960a83af017edabd2d005-c9432f23045f464d-00",
        "User-Agent": "azsdk-net-Storage.Files.Shares/12.23.0-alpha.20250414.1 (.NET 8.0.15; Microsoft Windows 10.0.26100)",
        "x-ms-client-request-id": "Sanitized",
        "x-ms-return-client-request-id": "true",
        "x-ms-version": "2025-05-05"
      },
      "RequestBody": null,
      "StatusCode": 404,
      "ResponseHeaders": {
        "Date": "Tue, 15 Apr 2025 17:37:21 GMT",
        "Server": [
          "Windows-Azure-File/1.0",
          "Microsoft-HTTPAPI/2.0"
        ],
        "Transfer-Encoding": "chunked",
        "x-ms-client-request-id": "Sanitized",
        "x-ms-error-code": "ResourceNotFound",
        "x-ms-request-id": "53de7b58-901a-0032-082d-aeecfd000000",
        "x-ms-version": "2025-05-05"
      },
      "ResponseBody": null
    },
    {
      "RequestUri": "https://seancanaryfilepremium2.file.core.windows.net/test-share-97a48a53-fcf8-7509-6544-7c29d070648c/sourceFolder/pik/item4?sv=Sanitized&ss=f&srt=sco&se=2025-04-16T17%3A37%3A24Z&sp=rwdxylacuptfi&sig=Sanitized",
      "RequestMethod": "HEAD",
      "RequestHeaders": {
        "Accept": "application/xml",
        "traceparent": "00-392b14af340b1f65fc814d61db477c50-6443b946a9028333-00",
        "User-Agent": "azsdk-net-Storage.Files.Shares/12.23.0-alpha.20250414.1 (.NET 8.0.15; Microsoft Windows 10.0.26100)",
        "x-ms-client-request-id": "Sanitized",
        "x-ms-return-client-request-id": "true",
        "x-ms-version": "2025-05-05"
      },
      "RequestBody": null,
      "StatusCode": 200,
      "ResponseHeaders": {
        "Cache-Control": "no-cache",
        "Content-Disposition": "inline",
        "Content-Language": [
          "en-US",
          "en-CA"
        ],
        "Content-Length": "1024",
        "Content-Type": "application/octet-stream",
        "Date": "Tue, 15 Apr 2025 17:37:21 GMT",
        "ETag": "\"0x8DD7C442CF8A3B4\"",
        "Last-Modified": "Tue, 15 Apr 2025 17:37:21 GMT",
        "Server": [
          "Windows-Azure-File/1.0",
          "Microsoft-HTTPAPI/2.0"
        ],
        "x-ms-client-request-id": "Sanitized",
        "x-ms-file-change-time": "2025-04-15T17:37:21.0591156Z",
        "x-ms-file-creation-time": "2024-04-01T09:05:55.0000000Z",
        "x-ms-file-file-type": "Regular",
        "x-ms-file-id": "17293892937846882304",
        "x-ms-file-last-write-time": "2024-04-01T12:16:06.0000000Z",
        "x-ms-file-parent-id": "12682206919419494400",
        "x-ms-group": "123",
        "x-ms-lease-state": "available",
        "x-ms-lease-status": "unlocked",
        "x-ms-link-count": "1",
        "x-ms-meta-Capital": "letter",
        "x-ms-meta-foo": "bar",
        "x-ms-meta-meta": "data",
        "x-ms-meta-UPPER": "case",
        "x-ms-mode": "1777",
        "x-ms-owner": "345",
        "x-ms-request-id": "b535df00-601a-006b-802d-ae6b7e000000",
        "x-ms-server-encrypted": "true",
        "x-ms-type": "File",
        "x-ms-version": "2025-05-05"
      },
      "ResponseBody": null
    },
    {
      "RequestUri": "https://seancanaryfilepremium2.file.core.windows.net/test-share-0574816a-9de7-9a34-c1d9-f27525e1e90a/destFolder/item1?sv=Sanitized&ss=f&srt=sco&se=2025-04-16T17%3A37%3A24Z&sp=rwdxylacuptfi&sig=Sanitized",
      "RequestMethod": "PUT",
      "RequestHeaders": {
        "Accept": "application/xml",
        "Content-Length": "0",
        "traceparent": "00-c81f648bb405077004d7edad7325d539-41f46792812c1ead-00",
        "User-Agent": "azsdk-net-Storage.Files.Shares/12.23.0-alpha.20250414.1 (.NET 8.0.15; Microsoft Windows 10.0.26100)",
        "x-ms-cache-control": "no-cache",
        "x-ms-client-request-id": "Sanitized",
        "x-ms-content-disposition": "inline",
        "x-ms-content-language": "en-US,en-CA",
        "x-ms-content-length": "1024",
        "x-ms-content-type": "application/octet-stream",
        "x-ms-file-creation-time": "2024-04-01T09:05:55.0000000Z",
        "x-ms-file-file-type": "Regular",
        "x-ms-file-last-write-time": "2024-04-01T12:16:06.0000000Z",
        "x-ms-meta-Capital": "letter",
        "x-ms-meta-foo": "bar",
        "x-ms-meta-meta": "data",
        "x-ms-meta-UPPER": "case",
        "x-ms-return-client-request-id": "true",
        "x-ms-type": "file",
        "x-ms-version": "2025-05-05"
      },
      "RequestBody": null,
      "StatusCode": 201,
      "ResponseHeaders": {
        "Content-Length": "0",
        "Date": "Tue, 15 Apr 2025 17:37:21 GMT",
        "ETag": "\"0x8DD7C442D48B379\"",
        "Last-Modified": "Tue, 15 Apr 2025 17:37:21 GMT",
        "Server": [
          "Windows-Azure-File/1.0",
          "Microsoft-HTTPAPI/2.0"
        ],
        "x-ms-client-request-id": "Sanitized",
        "x-ms-file-change-time": "2025-04-15T17:37:21.5838073Z",
        "x-ms-file-creation-time": "2024-04-01T09:05:55.0000000Z",
        "x-ms-file-file-type": "Regular",
        "x-ms-file-id": "13835093239654252544",
        "x-ms-file-last-write-time": "2024-04-01T12:16:06.0000000Z",
        "x-ms-file-parent-id": "13835128424026341376",
        "x-ms-group": "0",
        "x-ms-mode": "0664",
        "x-ms-owner": "0",
        "x-ms-request-id": "53de7b5a-901a-0032-092d-aeecfd000000",
        "x-ms-request-server-encrypted": "true",
        "x-ms-version": "2025-05-05"
      },
      "ResponseBody": null
    },
    {
      "RequestUri": "https://seancanaryfilepremium2.file.core.windows.net/test-share-0574816a-9de7-9a34-c1d9-f27525e1e90a/destFolder/item1?sv=Sanitized&ss=f&srt=sco&se=2025-04-16T17%3A37%3A24Z&sp=rwdxylacuptfi&sig=Sanitized&comp=range",
      "RequestMethod": "PUT",
      "RequestHeaders": {
        "Accept": "application/xml",
        "Content-Length": "0",
        "traceparent": "00-b33021dcf7e65d17de528f7e16540a83-76f2cfa2f6aa7056-00",
        "User-Agent": "azsdk-net-Storage.Files.Shares/12.23.0-alpha.20250414.1 (.NET 8.0.15; Microsoft Windows 10.0.26100)",
        "x-ms-client-request-id": "Sanitized",
        "x-ms-copy-source": "https://seancanaryfilepremium2.file.core.windows.net/test-share-97a48a53-fcf8-7509-6544-7c29d070648c/sourceFolder/item1?sv=sanitized-value&ss=f&srt=sco&se=2025-04-16T17%3A37%3A24Z&sp=rwdxylacuptfi&sig=Sanitized",
        "x-ms-file-last-write-time": "Preserve",
        "x-ms-range": "bytes=0-1023",
        "x-ms-return-client-request-id": "true",
        "x-ms-source-range": "bytes=0-1023",
        "x-ms-version": "2025-05-05",
        "x-ms-write": "update"
      },
      "RequestBody": null,
      "StatusCode": 201,
      "ResponseHeaders": {
        "Content-Length": "0",
        "Date": "Tue, 15 Apr 2025 17:37:21 GMT",
        "ETag": "\"0x8DD7C442D54DACB\"",
        "Last-Modified": "Tue, 15 Apr 2025 17:37:21 GMT",
        "Server": [
          "Windows-Azure-File/1.0",
          "Microsoft-HTTPAPI/2.0"
        ],
        "x-ms-client-request-id": "Sanitized",
        "x-ms-content-crc64": "iknlm7CyG2k=",
        "x-ms-file-last-write-time": "2024-04-01T12:16:06.0000000Z",
        "x-ms-request-id": "53de7b5b-901a-0032-0a2d-aeecfd000000",
        "x-ms-request-server-encrypted": "true",
        "x-ms-version": "2025-05-05"
      },
      "ResponseBody": null
    },
    {
      "RequestUri": "https://seancanaryfilepremium2.file.core.windows.net/test-share-0574816a-9de7-9a34-c1d9-f27525e1e90a/destFolder/item1?sv=Sanitized&ss=f&srt=sco&se=2025-04-16T17%3A37%3A24Z&sp=rwdxylacuptfi&sig=Sanitized&comp=properties",
      "RequestMethod": "PUT",
      "RequestHeaders": {
        "Accept": "application/xml",
        "Content-Length": "0",
        "traceparent": "00-aaf18d9dec3b5ecdc0edd39e84604112-cd69f76ede8f9e4f-00",
        "User-Agent": "azsdk-net-Storage.Files.Shares/12.23.0-alpha.20250414.1 (.NET 8.0.15; Microsoft Windows 10.0.26100)",
        "x-ms-cache-control": "no-cache",
        "x-ms-client-request-id": "Sanitized",
        "x-ms-content-disposition": "inline",
        "x-ms-content-language": "en-US,en-CA",
        "x-ms-content-type": "application/octet-stream",
        "x-ms-file-creation-time": "2024-04-01T09:05:55.0000000Z",
        "x-ms-file-last-write-time": "2024-04-01T12:16:06.0000000Z",
        "x-ms-return-client-request-id": "true",
        "x-ms-version": "2025-05-05"
      },
      "RequestBody": null,
      "StatusCode": 200,
      "ResponseHeaders": {
        "Content-Length": "0",
        "Date": "Tue, 15 Apr 2025 17:37:21 GMT",
        "ETag": "\"0x8DD7C442D5D0EEE\"",
        "Last-Modified": "Tue, 15 Apr 2025 17:37:21 GMT",
        "Server": [
          "Windows-Azure-File/1.0",
          "Microsoft-HTTPAPI/2.0"
        ],
        "x-ms-client-request-id": "Sanitized",
        "x-ms-file-change-time": "2025-04-15T17:37:21.7172206Z",
        "x-ms-file-creation-time": "2024-04-01T09:05:55.0000000Z",
        "x-ms-file-id": "13835093239654252544",
        "x-ms-file-last-write-time": "2024-04-01T12:16:06.0000000Z",
        "x-ms-file-parent-id": "13835128424026341376",
        "x-ms-group": "0",
        "x-ms-link-count": "1",
        "x-ms-mode": "0664",
        "x-ms-owner": "0",
        "x-ms-request-id": "53de7b5c-901a-0032-0b2d-aeecfd000000",
        "x-ms-request-server-encrypted": "true",
        "x-ms-version": "2025-05-05"
      },
      "ResponseBody": null
    },
    {
      "RequestUri": "https://seancanaryfilepremium2.file.core.windows.net/test-share-97a48a53-fcf8-7509-6544-7c29d070648c/sourceFolder/item2?sv=Sanitized&ss=f&srt=sco&se=2025-04-16T17%3A37%3A24Z&sp=rwdxylacuptfi&sig=Sanitized",
      "RequestMethod": "HEAD",
      "RequestHeaders": {
        "Accept": "application/xml",
        "traceparent": "00-707c543174d4e1054b9a099eff5c0581-fc3fc544ba944515-00",
        "User-Agent": "azsdk-net-Storage.Files.Shares/12.23.0-alpha.20250414.1 (.NET 8.0.15; Microsoft Windows 10.0.26100)",
        "x-ms-client-request-id": "Sanitized",
        "x-ms-return-client-request-id": "true",
        "x-ms-version": "2025-05-05"
      },
      "RequestBody": null,
      "StatusCode": 200,
      "ResponseHeaders": {
        "Cache-Control": "no-cache",
        "Content-Disposition": "inline",
        "Content-Language": [
          "en-US",
          "en-CA"
        ],
        "Content-Length": "1024",
        "Content-Type": "application/octet-stream",
        "Date": "Tue, 15 Apr 2025 17:37:21 GMT",
        "ETag": "\"0x8DD7C442CD8E365\"",
        "Last-Modified": "Tue, 15 Apr 2025 17:37:20 GMT",
        "Server": [
          "Windows-Azure-File/1.0",
          "Microsoft-HTTPAPI/2.0"
        ],
        "x-ms-client-request-id": "Sanitized",
        "x-ms-file-change-time": "2025-04-15T17:37:20.8510309Z",
        "x-ms-file-creation-time": "2024-04-01T09:05:55.0000000Z",
        "x-ms-file-file-type": "Regular",
        "x-ms-file-id": "16140971433240035328",
        "x-ms-file-last-write-time": "2024-04-01T12:16:06.0000000Z",
        "x-ms-file-parent-id": "13835128424026341376",
        "x-ms-group": "123",
        "x-ms-lease-state": "available",
        "x-ms-lease-status": "unlocked",
        "x-ms-link-count": "1",
        "x-ms-meta-Capital": "letter",
        "x-ms-meta-foo": "bar",
        "x-ms-meta-meta": "data",
        "x-ms-meta-UPPER": "case",
        "x-ms-mode": "1777",
        "x-ms-owner": "345",
        "x-ms-request-id": "53de7b5d-901a-0032-0c2d-aeecfd000000",
        "x-ms-server-encrypted": "true",
        "x-ms-type": "File",
        "x-ms-version": "2025-05-05"
      },
      "ResponseBody": null
    },
    {
      "RequestUri": "https://seancanaryfilepremium2.file.core.windows.net/test-share-0574816a-9de7-9a34-c1d9-f27525e1e90a/destFolder/item2?sv=Sanitized&ss=f&srt=sco&se=2025-04-16T17%3A37%3A24Z&sp=rwdxylacuptfi&sig=Sanitized",
      "RequestMethod": "HEAD",
      "RequestHeaders": {
        "Accept": "application/xml",
        "traceparent": "00-245050486edb1d6e8025744dde842760-eaaa6a34b3ada9dd-00",
        "User-Agent": "azsdk-net-Storage.Files.Shares/12.23.0-alpha.20250414.1 (.NET 8.0.15; Microsoft Windows 10.0.26100)",
        "x-ms-client-request-id": "Sanitized",
        "x-ms-return-client-request-id": "true",
        "x-ms-version": "2025-05-05"
      },
      "RequestBody": null,
      "StatusCode": 404,
      "ResponseHeaders": {
        "Date": "Tue, 15 Apr 2025 17:37:21 GMT",
        "Server": [
          "Windows-Azure-File/1.0",
          "Microsoft-HTTPAPI/2.0"
        ],
        "Transfer-Encoding": "chunked",
        "x-ms-client-request-id": "Sanitized",
        "x-ms-error-code": "ResourceNotFound",
        "x-ms-request-id": "53de7b5f-901a-0032-0e2d-aeecfd000000",
        "x-ms-version": "2025-05-05"
      },
      "ResponseBody": null
    },
    {
      "RequestUri": "https://seancanaryfilepremium2.file.core.windows.net/test-share-0574816a-9de7-9a34-c1d9-f27525e1e90a/destFolder/item2?sv=Sanitized&ss=f&srt=sco&se=2025-04-16T17%3A37%3A24Z&sp=rwdxylacuptfi&sig=Sanitized",
      "RequestMethod": "PUT",
      "RequestHeaders": {
        "Accept": "application/xml",
        "Content-Length": "0",
        "traceparent": "00-4039c7cf24d066d7c42783b330125f71-e8e153ea1828da79-00",
        "User-Agent": "azsdk-net-Storage.Files.Shares/12.23.0-alpha.20250414.1 (.NET 8.0.15; Microsoft Windows 10.0.26100)",
        "x-ms-cache-control": "no-cache",
        "x-ms-client-request-id": "Sanitized",
        "x-ms-content-disposition": "inline",
        "x-ms-content-language": "en-US,en-CA",
        "x-ms-content-length": "1024",
        "x-ms-content-type": "application/octet-stream",
        "x-ms-file-creation-time": "2024-04-01T09:05:55.0000000Z",
        "x-ms-file-file-type": "Regular",
        "x-ms-file-last-write-time": "2024-04-01T12:16:06.0000000Z",
        "x-ms-meta-Capital": "letter",
        "x-ms-meta-foo": "bar",
        "x-ms-meta-meta": "data",
        "x-ms-meta-UPPER": "case",
        "x-ms-return-client-request-id": "true",
        "x-ms-type": "file",
        "x-ms-version": "2025-05-05"
      },
      "RequestBody": null,
      "StatusCode": 201,
      "ResponseHeaders": {
        "Content-Length": "0",
        "Date": "Tue, 15 Apr 2025 17:37:21 GMT",
        "ETag": "\"0x8DD7C442D76BB96\"",
        "Last-Modified": "Tue, 15 Apr 2025 17:37:21 GMT",
        "Server": [
          "Windows-Azure-File/1.0",
          "Microsoft-HTTPAPI/2.0"
        ],
        "x-ms-client-request-id": "Sanitized",
        "x-ms-file-change-time": "2025-04-15T17:37:21.8854806Z",
        "x-ms-file-creation-time": "2024-04-01T09:05:55.0000000Z",
        "x-ms-file-file-type": "Regular",
        "x-ms-file-id": "11529250230440558592",
        "x-ms-file-last-write-time": "2024-04-01T12:16:06.0000000Z",
        "x-ms-file-parent-id": "13835128424026341376",
        "x-ms-group": "0",
        "x-ms-mode": "0664",
        "x-ms-owner": "0",
        "x-ms-request-id": "53de7b60-901a-0032-0f2d-aeecfd000000",
        "x-ms-request-server-encrypted": "true",
        "x-ms-version": "2025-05-05"
      },
      "ResponseBody": null
    },
    {
      "RequestUri": "https://seancanaryfilepremium2.file.core.windows.net/test-share-0574816a-9de7-9a34-c1d9-f27525e1e90a/destFolder/item2?sv=Sanitized&ss=f&srt=sco&se=2025-04-16T17%3A37%3A24Z&sp=rwdxylacuptfi&sig=Sanitized&comp=range",
      "RequestMethod": "PUT",
      "RequestHeaders": {
        "Accept": "application/xml",
        "Content-Length": "0",
        "traceparent": "00-268b16ff7abc2e4fc643341c2d1eaa9b-70c2af8598303908-00",
        "User-Agent": "azsdk-net-Storage.Files.Shares/12.23.0-alpha.20250414.1 (.NET 8.0.15; Microsoft Windows 10.0.26100)",
        "x-ms-client-request-id": "Sanitized",
        "x-ms-copy-source": "https://seancanaryfilepremium2.file.core.windows.net/test-share-97a48a53-fcf8-7509-6544-7c29d070648c/sourceFolder/item2?sv=sanitized-value&ss=f&srt=sco&se=2025-04-16T17%3A37%3A24Z&sp=rwdxylacuptfi&sig=Sanitized",
        "x-ms-file-last-write-time": "Preserve",
        "x-ms-range": "bytes=0-1023",
        "x-ms-return-client-request-id": "true",
        "x-ms-source-range": "bytes=0-1023",
        "x-ms-version": "2025-05-05",
        "x-ms-write": "update"
      },
      "RequestBody": null,
      "StatusCode": 201,
      "ResponseHeaders": {
        "Content-Length": "0",
        "Date": "Tue, 15 Apr 2025 17:37:21 GMT",
        "ETag": "\"0x8DD7C442D7E7B0C\"",
        "Last-Modified": "Tue, 15 Apr 2025 17:37:21 GMT",
        "Server": [
          "Windows-Azure-File/1.0",
          "Microsoft-HTTPAPI/2.0"
        ],
        "x-ms-client-request-id": "Sanitized",
        "x-ms-content-crc64": "iknlm7CyG2k=",
        "x-ms-file-last-write-time": "2024-04-01T12:16:06.0000000Z",
        "x-ms-request-id": "53de7b62-901a-0032-112d-aeecfd000000",
        "x-ms-request-server-encrypted": "true",
        "x-ms-version": "2025-05-05"
      },
      "ResponseBody": null
    },
    {
      "RequestUri": "https://seancanaryfilepremium2.file.core.windows.net/test-share-0574816a-9de7-9a34-c1d9-f27525e1e90a/destFolder/item2?sv=Sanitized&ss=f&srt=sco&se=2025-04-16T17%3A37%3A24Z&sp=rwdxylacuptfi&sig=Sanitized&comp=properties",
      "RequestMethod": "PUT",
      "RequestHeaders": {
        "Accept": "application/xml",
        "Content-Length": "0",
        "traceparent": "00-0dc6b397599d2c82f27fe1869f63b643-27a1b427e97b2db4-00",
        "User-Agent": "azsdk-net-Storage.Files.Shares/12.23.0-alpha.20250414.1 (.NET 8.0.15; Microsoft Windows 10.0.26100)",
        "x-ms-cache-control": "no-cache",
        "x-ms-client-request-id": "Sanitized",
        "x-ms-content-disposition": "inline",
        "x-ms-content-language": "en-US,en-CA",
        "x-ms-content-type": "application/octet-stream",
        "x-ms-file-creation-time": "2024-04-01T09:05:55.0000000Z",
        "x-ms-file-last-write-time": "2024-04-01T12:16:06.0000000Z",
        "x-ms-return-client-request-id": "true",
        "x-ms-version": "2025-05-05"
      },
      "RequestBody": null,
      "StatusCode": 200,
      "ResponseHeaders": {
        "Content-Length": "0",
        "Date": "Tue, 15 Apr 2025 17:37:21 GMT",
        "ETag": "\"0x8DD7C442D86AF2E\"",
        "Last-Modified": "Tue, 15 Apr 2025 17:37:21 GMT",
        "Server": [
          "Windows-Azure-File/1.0",
          "Microsoft-HTTPAPI/2.0"
        ],
        "x-ms-client-request-id": "Sanitized",
        "x-ms-file-change-time": "2025-04-15T17:37:21.9900206Z",
        "x-ms-file-creation-time": "2024-04-01T09:05:55.0000000Z",
        "x-ms-file-id": "11529250230440558592",
        "x-ms-file-last-write-time": "2024-04-01T12:16:06.0000000Z",
        "x-ms-file-parent-id": "13835128424026341376",
        "x-ms-group": "0",
        "x-ms-link-count": "1",
        "x-ms-mode": "0664",
        "x-ms-owner": "0",
        "x-ms-request-id": "53de7b63-901a-0032-122d-aeecfd000000",
        "x-ms-request-server-encrypted": "true",
        "x-ms-version": "2025-05-05"
      },
      "ResponseBody": null
    },
    {
      "RequestUri": "https://seancanaryfilepremium2.file.core.windows.net/test-share-97a48a53-fcf8-7509-6544-7c29d070648c/sourceFolder/bar/item3?sv=Sanitized&ss=f&srt=sco&se=2025-04-16T17%3A37%3A24Z&sp=rwdxylacuptfi&sig=Sanitized",
      "RequestMethod": "HEAD",
      "RequestHeaders": {
        "Accept": "application/xml",
        "traceparent": "00-eb2978c15a1aed92e3572d4fcb9c82de-31e0438a603899f8-00",
        "User-Agent": "azsdk-net-Storage.Files.Shares/12.23.0-alpha.20250414.1 (.NET 8.0.15; Microsoft Windows 10.0.26100)",
        "x-ms-client-request-id": "Sanitized",
        "x-ms-return-client-request-id": "true",
        "x-ms-version": "2025-05-05"
      },
      "RequestBody": null,
      "StatusCode": 200,
      "ResponseHeaders": {
        "Cache-Control": "no-cache",
        "Content-Disposition": "inline",
        "Content-Language": [
          "en-US",
          "en-CA"
        ],
        "Content-Length": "1024",
        "Content-Type": "application/octet-stream",
        "Date": "Tue, 15 Apr 2025 17:37:21 GMT",
        "ETag": "\"0x8DD7C442CE8FDDF\"",
        "Last-Modified": "Tue, 15 Apr 2025 17:37:20 GMT",
        "Server": [
          "Windows-Azure-File/1.0",
          "Microsoft-HTTPAPI/2.0"
        ],
        "x-ms-client-request-id": "Sanitized",
        "x-ms-file-change-time": "2025-04-15T17:37:20.9565663Z",
        "x-ms-file-creation-time": "2024-04-01T09:05:55.0000000Z",
        "x-ms-file-file-type": "Regular",
        "x-ms-file-id": "14988049928633188352",
        "x-ms-file-last-write-time": "2024-04-01T12:16:06.0000000Z",
        "x-ms-file-parent-id": "10376363910205800448",
        "x-ms-group": "123",
        "x-ms-lease-state": "available",
        "x-ms-lease-status": "unlocked",
        "x-ms-link-count": "1",
        "x-ms-meta-Capital": "letter",
        "x-ms-meta-foo": "bar",
        "x-ms-meta-meta": "data",
        "x-ms-meta-UPPER": "case",
        "x-ms-mode": "1777",
        "x-ms-owner": "345",
        "x-ms-request-id": "53de7b65-901a-0032-142d-aeecfd000000",
        "x-ms-server-encrypted": "true",
        "x-ms-type": "File",
        "x-ms-version": "2025-05-05"
      },
      "ResponseBody": null
    },
    {
      "RequestUri": "https://seancanaryfilepremium2.file.core.windows.net/test-share-0574816a-9de7-9a34-c1d9-f27525e1e90a/destFolder/bar/item3?sv=Sanitized&ss=f&srt=sco&se=2025-04-16T17%3A37%3A24Z&sp=rwdxylacuptfi&sig=Sanitized",
      "RequestMethod": "HEAD",
      "RequestHeaders": {
        "Accept": "application/xml",
        "traceparent": "00-d10c53b893bc3b856d03e48f265880d4-462a7cde58e739a7-00",
        "User-Agent": "azsdk-net-Storage.Files.Shares/12.23.0-alpha.20250414.1 (.NET 8.0.15; Microsoft Windows 10.0.26100)",
        "x-ms-client-request-id": "Sanitized",
        "x-ms-return-client-request-id": "true",
        "x-ms-version": "2025-05-05"
      },
      "RequestBody": null,
      "StatusCode": 404,
      "ResponseHeaders": {
        "Date": "Tue, 15 Apr 2025 17:37:21 GMT",
        "Server": [
          "Windows-Azure-File/1.0",
          "Microsoft-HTTPAPI/2.0"
        ],
        "Transfer-Encoding": "chunked",
        "x-ms-client-request-id": "Sanitized",
        "x-ms-error-code": "ResourceNotFound",
        "x-ms-request-id": "53de7b67-901a-0032-162d-aeecfd000000",
        "x-ms-version": "2025-05-05"
      },
      "ResponseBody": null
    },
    {
      "RequestUri": "https://seancanaryfilepremium2.file.core.windows.net/test-share-0574816a-9de7-9a34-c1d9-f27525e1e90a/destFolder/bar/item3?sv=Sanitized&ss=f&srt=sco&se=2025-04-16T17%3A37%3A24Z&sp=rwdxylacuptfi&sig=Sanitized",
      "RequestMethod": "PUT",
      "RequestHeaders": {
        "Accept": "application/xml",
        "Content-Length": "0",
        "traceparent": "00-784de1fc743ade68d1f7f04ef56c72f3-71f55b0d1e7878e0-00",
        "User-Agent": "azsdk-net-Storage.Files.Shares/12.23.0-alpha.20250414.1 (.NET 8.0.15; Microsoft Windows 10.0.26100)",
        "x-ms-cache-control": "no-cache",
        "x-ms-client-request-id": "Sanitized",
        "x-ms-content-disposition": "inline",
        "x-ms-content-language": "en-US,en-CA",
        "x-ms-content-length": "1024",
        "x-ms-content-type": "application/octet-stream",
        "x-ms-file-creation-time": "2024-04-01T09:05:55.0000000Z",
        "x-ms-file-file-type": "Regular",
        "x-ms-file-last-write-time": "2024-04-01T12:16:06.0000000Z",
        "x-ms-meta-Capital": "letter",
        "x-ms-meta-foo": "bar",
        "x-ms-meta-meta": "data",
        "x-ms-meta-UPPER": "case",
        "x-ms-return-client-request-id": "true",
        "x-ms-type": "file",
        "x-ms-version": "2025-05-05"
      },
      "RequestBody": null,
      "StatusCode": 201,
      "ResponseHeaders": {
        "Content-Length": "0",
        "Date": "Tue, 15 Apr 2025 17:37:21 GMT",
        "ETag": "\"0x8DD7C442D9ED6EC\"",
        "Last-Modified": "Tue, 15 Apr 2025 17:37:22 GMT",
        "Server": [
          "Windows-Azure-File/1.0",
          "Microsoft-HTTPAPI/2.0"
        ],
        "x-ms-client-request-id": "Sanitized",
        "x-ms-file-change-time": "2025-04-15T17:37:22.1483244Z",
        "x-ms-file-creation-time": "2024-04-01T09:05:55.0000000Z",
        "x-ms-file-file-type": "Regular",
        "x-ms-file-id": "16140936248867946496",
        "x-ms-file-last-write-time": "2024-04-01T12:16:06.0000000Z",
        "x-ms-file-parent-id": "11529285414812647424",
        "x-ms-group": "0",
        "x-ms-mode": "0664",
        "x-ms-owner": "0",
        "x-ms-request-id": "53de7b68-901a-0032-172d-aeecfd000000",
        "x-ms-request-server-encrypted": "true",
        "x-ms-version": "2025-05-05"
      },
      "ResponseBody": null
    },
    {
      "RequestUri": "https://seancanaryfilepremium2.file.core.windows.net/test-share-0574816a-9de7-9a34-c1d9-f27525e1e90a/destFolder/bar/item3?sv=Sanitized&ss=f&srt=sco&se=2025-04-16T17%3A37%3A24Z&sp=rwdxylacuptfi&sig=Sanitized&comp=range",
      "RequestMethod": "PUT",
      "RequestHeaders": {
        "Accept": "application/xml",
        "Content-Length": "0",
        "traceparent": "00-d95cc14204e73d039859fc6e5f437763-749a9edfe2244018-00",
        "User-Agent": "azsdk-net-Storage.Files.Shares/12.23.0-alpha.20250414.1 (.NET 8.0.15; Microsoft Windows 10.0.26100)",
        "x-ms-client-request-id": "Sanitized",
        "x-ms-copy-source": "https://seancanaryfilepremium2.file.core.windows.net/test-share-97a48a53-fcf8-7509-6544-7c29d070648c/sourceFolder/bar/item3?sv=sanitized-value&ss=f&srt=sco&se=2025-04-16T17%3A37%3A24Z&sp=rwdxylacuptfi&sig=Sanitized",
        "x-ms-file-last-write-time": "Preserve",
        "x-ms-range": "bytes=0-1023",
        "x-ms-return-client-request-id": "true",
        "x-ms-source-range": "bytes=0-1023",
        "x-ms-version": "2025-05-05",
        "x-ms-write": "update"
      },
      "RequestBody": null,
      "StatusCode": 201,
      "ResponseHeaders": {
        "Content-Length": "0",
        "Date": "Tue, 15 Apr 2025 17:37:21 GMT",
        "ETag": "\"0x8DD7C442DA8DDC1\"",
        "Last-Modified": "Tue, 15 Apr 2025 17:37:22 GMT",
        "Server": [
          "Windows-Azure-File/1.0",
          "Microsoft-HTTPAPI/2.0"
        ],
        "x-ms-client-request-id": "Sanitized",
        "x-ms-content-crc64": "iknlm7CyG2k=",
        "x-ms-file-last-write-time": "2024-04-01T12:16:06.0000000Z",
        "x-ms-request-id": "53de7b6a-901a-0032-182d-aeecfd000000",
        "x-ms-request-server-encrypted": "true",
        "x-ms-version": "2025-05-05"
      },
      "ResponseBody": null
    },
    {
      "RequestUri": "https://seancanaryfilepremium2.file.core.windows.net/test-share-0574816a-9de7-9a34-c1d9-f27525e1e90a/destFolder/bar/item3?sv=Sanitized&ss=f&srt=sco&se=2025-04-16T17%3A37%3A24Z&sp=rwdxylacuptfi&sig=Sanitized&comp=properties",
      "RequestMethod": "PUT",
      "RequestHeaders": {
        "Accept": "application/xml",
        "Content-Length": "0",
        "traceparent": "00-fe6162099651a10737b040cd605d96d4-b70d937e1fa58bd3-00",
        "User-Agent": "azsdk-net-Storage.Files.Shares/12.23.0-alpha.20250414.1 (.NET 8.0.15; Microsoft Windows 10.0.26100)",
        "x-ms-cache-control": "no-cache",
        "x-ms-client-request-id": "Sanitized",
        "x-ms-content-disposition": "inline",
        "x-ms-content-language": "en-US,en-CA",
        "x-ms-content-type": "application/octet-stream",
        "x-ms-file-creation-time": "2024-04-01T09:05:55.0000000Z",
        "x-ms-file-last-write-time": "2024-04-01T12:16:06.0000000Z",
        "x-ms-return-client-request-id": "true",
        "x-ms-version": "2025-05-05"
      },
      "RequestBody": null,
      "StatusCode": 200,
      "ResponseHeaders": {
        "Content-Length": "0",
        "Date": "Tue, 15 Apr 2025 17:37:21 GMT",
        "ETag": "\"0x8DD7C442DAFB3DE\"",
        "Last-Modified": "Tue, 15 Apr 2025 17:37:22 GMT",
        "Server": [
          "Windows-Azure-File/1.0",
          "Microsoft-HTTPAPI/2.0"
        ],
        "x-ms-client-request-id": "Sanitized",
        "x-ms-file-change-time": "2025-04-15T17:37:22.2588382Z",
        "x-ms-file-creation-time": "2024-04-01T09:05:55.0000000Z",
        "x-ms-file-id": "16140936248867946496",
        "x-ms-file-last-write-time": "2024-04-01T12:16:06.0000000Z",
        "x-ms-file-parent-id": "11529285414812647424",
        "x-ms-group": "0",
        "x-ms-link-count": "1",
        "x-ms-mode": "0664",
        "x-ms-owner": "0",
        "x-ms-request-id": "53de7b6c-901a-0032-1a2d-aeecfd000000",
        "x-ms-request-server-encrypted": "true",
        "x-ms-version": "2025-05-05"
      },
      "ResponseBody": null
    },
    {
      "RequestUri": "https://seancanaryfilepremium2.file.core.windows.net/test-share-97a48a53-fcf8-7509-6544-7c29d070648c/sourceFolder/pik/item4?sv=Sanitized&ss=f&srt=sco&se=2025-04-16T17%3A37%3A24Z&sp=rwdxylacuptfi&sig=Sanitized",
      "RequestMethod": "HEAD",
      "RequestHeaders": {
        "Accept": "application/xml",
        "traceparent": "00-3f4af485d8b62fff2546e4cb95ebf191-264dd351259d9673-00",
        "User-Agent": "azsdk-net-Storage.Files.Shares/12.23.0-alpha.20250414.1 (.NET 8.0.15; Microsoft Windows 10.0.26100)",
        "x-ms-client-request-id": "Sanitized",
        "x-ms-return-client-request-id": "true",
        "x-ms-version": "2025-05-05"
      },
      "RequestBody": null,
      "StatusCode": 200,
      "ResponseHeaders": {
        "Cache-Control": "no-cache",
        "Content-Disposition": "inline",
        "Content-Language": [
          "en-US",
          "en-CA"
        ],
        "Content-Length": "1024",
        "Content-Type": "application/octet-stream",
        "Date": "Tue, 15 Apr 2025 17:37:21 GMT",
        "ETag": "\"0x8DD7C442CF8A3B4\"",
        "Last-Modified": "Tue, 15 Apr 2025 17:37:21 GMT",
        "Server": [
          "Windows-Azure-File/1.0",
          "Microsoft-HTTPAPI/2.0"
        ],
        "x-ms-client-request-id": "Sanitized",
        "x-ms-file-change-time": "2025-04-15T17:37:21.0591156Z",
        "x-ms-file-creation-time": "2024-04-01T09:05:55.0000000Z",
        "x-ms-file-file-type": "Regular",
        "x-ms-file-id": "17293892937846882304",
        "x-ms-file-last-write-time": "2024-04-01T12:16:06.0000000Z",
        "x-ms-file-parent-id": "12682206919419494400",
        "x-ms-group": "123",
        "x-ms-lease-state": "available",
        "x-ms-lease-status": "unlocked",
        "x-ms-link-count": "1",
        "x-ms-meta-Capital": "letter",
        "x-ms-meta-foo": "bar",
        "x-ms-meta-meta": "data",
        "x-ms-meta-UPPER": "case",
        "x-ms-mode": "1777",
        "x-ms-owner": "345",
        "x-ms-request-id": "53de7b6d-901a-0032-1b2d-aeecfd000000",
        "x-ms-server-encrypted": "true",
        "x-ms-type": "File",
        "x-ms-version": "2025-05-05"
      },
      "ResponseBody": null
    },
    {
      "RequestUri": "https://seancanaryfilepremium2.file.core.windows.net/test-share-0574816a-9de7-9a34-c1d9-f27525e1e90a/destFolder/pik/item4?sv=Sanitized&ss=f&srt=sco&se=2025-04-16T17%3A37%3A24Z&sp=rwdxylacuptfi&sig=Sanitized",
      "RequestMethod": "HEAD",
      "RequestHeaders": {
        "Accept": "application/xml",
        "traceparent": "00-2101b3e0aae727e3679976210a342f5f-a928d37928aa44a8-00",
        "User-Agent": "azsdk-net-Storage.Files.Shares/12.23.0-alpha.20250414.1 (.NET 8.0.15; Microsoft Windows 10.0.26100)",
        "x-ms-client-request-id": "Sanitized",
        "x-ms-return-client-request-id": "true",
        "x-ms-version": "2025-05-05"
      },
      "RequestBody": null,
      "StatusCode": 404,
      "ResponseHeaders": {
        "Date": "Tue, 15 Apr 2025 17:37:21 GMT",
        "Server": [
          "Windows-Azure-File/1.0",
          "Microsoft-HTTPAPI/2.0"
        ],
        "Transfer-Encoding": "chunked",
        "x-ms-client-request-id": "Sanitized",
        "x-ms-error-code": "ResourceNotFound",
        "x-ms-request-id": "53de7b6e-901a-0032-1c2d-aeecfd000000",
        "x-ms-version": "2025-05-05"
      },
      "ResponseBody": null
    },
    {
      "RequestUri": "https://seancanaryfilepremium2.file.core.windows.net/test-share-0574816a-9de7-9a34-c1d9-f27525e1e90a/destFolder/pik/item4?sv=Sanitized&ss=f&srt=sco&se=2025-04-16T17%3A37%3A24Z&sp=rwdxylacuptfi&sig=Sanitized",
      "RequestMethod": "PUT",
      "RequestHeaders": {
        "Accept": "application/xml",
        "Content-Length": "0",
        "traceparent": "00-b74787810a5348805069ddcededd294f-6048be19121454e1-00",
        "User-Agent": "azsdk-net-Storage.Files.Shares/12.23.0-alpha.20250414.1 (.NET 8.0.15; Microsoft Windows 10.0.26100)",
        "x-ms-cache-control": "no-cache",
        "x-ms-client-request-id": "Sanitized",
        "x-ms-content-disposition": "inline",
        "x-ms-content-language": "en-US,en-CA",
        "x-ms-content-length": "1024",
        "x-ms-content-type": "application/octet-stream",
        "x-ms-file-creation-time": "2024-04-01T09:05:55.0000000Z",
        "x-ms-file-file-type": "Regular",
        "x-ms-file-last-write-time": "2024-04-01T12:16:06.0000000Z",
        "x-ms-meta-Capital": "letter",
        "x-ms-meta-foo": "bar",
        "x-ms-meta-meta": "data",
        "x-ms-meta-UPPER": "case",
        "x-ms-return-client-request-id": "true",
        "x-ms-type": "file",
        "x-ms-version": "2025-05-05"
      },
      "RequestBody": null,
      "StatusCode": 201,
      "ResponseHeaders": {
        "Content-Length": "0",
        "Date": "Tue, 15 Apr 2025 17:37:21 GMT",
        "ETag": "\"0x8DD7C442DC766EE\"",
        "Last-Modified": "Tue, 15 Apr 2025 17:37:22 GMT",
        "Server": [
          "Windows-Azure-File/1.0",
          "Microsoft-HTTPAPI/2.0"
        ],
        "x-ms-client-request-id": "Sanitized",
        "x-ms-file-change-time": "2025-04-15T17:37:22.4141550Z",
        "x-ms-file-creation-time": "2024-04-01T09:05:55.0000000Z",
        "x-ms-file-file-type": "Regular",
        "x-ms-file-id": "10376328725833711616",
        "x-ms-file-last-write-time": "2024-04-01T12:16:06.0000000Z",
        "x-ms-file-parent-id": "16140971433240035328",
        "x-ms-group": "0",
        "x-ms-mode": "0664",
        "x-ms-owner": "0",
        "x-ms-request-id": "53de7b6f-901a-0032-1d2d-aeecfd000000",
        "x-ms-request-server-encrypted": "true",
        "x-ms-version": "2025-05-05"
      },
      "ResponseBody": null
    },
    {
      "RequestUri": "https://seancanaryfilepremium2.file.core.windows.net/test-share-0574816a-9de7-9a34-c1d9-f27525e1e90a/destFolder/pik/item4?sv=Sanitized&ss=f&srt=sco&se=2025-04-16T17%3A37%3A24Z&sp=rwdxylacuptfi&sig=Sanitized&comp=range",
      "RequestMethod": "PUT",
      "RequestHeaders": {
        "Accept": "application/xml",
        "Content-Length": "0",
        "traceparent": "00-2af06ee7a07198e3cf21078a7c946d57-2627bdff3c393e7a-00",
        "User-Agent": "azsdk-net-Storage.Files.Shares/12.23.0-alpha.20250414.1 (.NET 8.0.15; Microsoft Windows 10.0.26100)",
        "x-ms-client-request-id": "Sanitized",
        "x-ms-copy-source": "https://seancanaryfilepremium2.file.core.windows.net/test-share-97a48a53-fcf8-7509-6544-7c29d070648c/sourceFolder/pik/item4?sv=sanitized-value&ss=f&srt=sco&se=2025-04-16T17%3A37%3A24Z&sp=rwdxylacuptfi&sig=Sanitized",
        "x-ms-file-last-write-time": "Preserve",
        "x-ms-range": "bytes=0-1023",
        "x-ms-return-client-request-id": "true",
        "x-ms-source-range": "bytes=0-1023",
        "x-ms-version": "2025-05-05",
        "x-ms-write": "update"
      },
      "RequestBody": null,
      "StatusCode": 201,
      "ResponseHeaders": {
        "Content-Length": "0",
        "Date": "Tue, 15 Apr 2025 17:37:21 GMT",
        "ETag": "\"0x8DD7C442DCF2664\"",
        "Last-Modified": "Tue, 15 Apr 2025 17:37:22 GMT",
        "Server": [
          "Windows-Azure-File/1.0",
          "Microsoft-HTTPAPI/2.0"
        ],
        "x-ms-client-request-id": "Sanitized",
        "x-ms-content-crc64": "iknlm7CyG2k=",
        "x-ms-file-last-write-time": "2024-04-01T12:16:06.0000000Z",
        "x-ms-request-id": "53de7b70-901a-0032-1e2d-aeecfd000000",
        "x-ms-request-server-encrypted": "true",
        "x-ms-version": "2025-05-05"
      },
      "ResponseBody": null
    },
    {
      "RequestUri": "https://seancanaryfilepremium2.file.core.windows.net/test-share-0574816a-9de7-9a34-c1d9-f27525e1e90a/destFolder/pik/item4?sv=Sanitized&ss=f&srt=sco&se=2025-04-16T17%3A37%3A24Z&sp=rwdxylacuptfi&sig=Sanitized&comp=properties",
      "RequestMethod": "PUT",
      "RequestHeaders": {
        "Accept": "application/xml",
        "Content-Length": "0",
        "traceparent": "00-791e2fe5a35a35192c784444992e59b3-d20cf1aeb7f79d60-00",
        "User-Agent": "azsdk-net-Storage.Files.Shares/12.23.0-alpha.20250414.1 (.NET 8.0.15; Microsoft Windows 10.0.26100)",
        "x-ms-cache-control": "no-cache",
        "x-ms-client-request-id": "Sanitized",
        "x-ms-content-disposition": "inline",
        "x-ms-content-language": "en-US,en-CA",
        "x-ms-content-type": "application/octet-stream",
        "x-ms-file-creation-time": "2024-04-01T09:05:55.0000000Z",
        "x-ms-file-last-write-time": "2024-04-01T12:16:06.0000000Z",
        "x-ms-return-client-request-id": "true",
        "x-ms-version": "2025-05-05"
      },
      "RequestBody": null,
      "StatusCode": 200,
      "ResponseHeaders": {
        "Content-Length": "0",
        "Date": "Tue, 15 Apr 2025 17:37:22 GMT",
        "ETag": "\"0x8DD7C442DD5D59D\"",
        "Last-Modified": "Tue, 15 Apr 2025 17:37:22 GMT",
        "Server": [
          "Windows-Azure-File/1.0",
          "Microsoft-HTTPAPI/2.0"
        ],
        "x-ms-client-request-id": "Sanitized",
        "x-ms-file-change-time": "2025-04-15T17:37:22.5087389Z",
        "x-ms-file-creation-time": "2024-04-01T09:05:55.0000000Z",
        "x-ms-file-id": "10376328725833711616",
        "x-ms-file-last-write-time": "2024-04-01T12:16:06.0000000Z",
        "x-ms-file-parent-id": "16140971433240035328",
        "x-ms-group": "0",
        "x-ms-link-count": "1",
        "x-ms-mode": "0664",
        "x-ms-owner": "0",
        "x-ms-request-id": "53de7b72-901a-0032-202d-aeecfd000000",
        "x-ms-request-server-encrypted": "true",
        "x-ms-version": "2025-05-05"
      },
      "ResponseBody": null
    },
    {
      "RequestUri": "https://seancanaryfilepremium2.file.core.windows.net/test-share-97a48a53-fcf8-7509-6544-7c29d070648c/sourceFolder?sv=Sanitized&ss=f&srt=sco&se=2025-04-16T17%3A37%3A24Z&sp=rwdxylacuptfi&sig=Sanitized&restype=directory&comp=list",
      "RequestMethod": "GET",
      "RequestHeaders": {
        "Accept": "application/xml",
        "traceparent": "00-402025f0a8e2da40bb3dc517e50ca138-578102bb296459ad-00",
        "User-Agent": "azsdk-net-Storage.Files.Shares/12.23.0-alpha.20250414.1 (.NET 8.0.15; Microsoft Windows 10.0.26100)",
        "x-ms-client-request-id": "Sanitized",
        "x-ms-return-client-request-id": "true",
        "x-ms-version": "2025-05-05"
      },
      "RequestBody": null,
      "StatusCode": 200,
      "ResponseHeaders": {
        "Content-Type": "application/xml",
        "Date": "Tue, 15 Apr 2025 17:37:22 GMT",
        "Server": [
          "Windows-Azure-File/1.0",
          "Microsoft-HTTPAPI/2.0"
        ],
        "Transfer-Encoding": "chunked",
        "x-ms-client-request-id": "Sanitized",
        "x-ms-request-id": "53de7b75-901a-0032-232d-aeecfd000000",
        "x-ms-version": "2025-05-05"
      },
      "ResponseBody": "\uFEFF<?xml version=\"1.0\" encoding=\"utf-8\"?><EnumerationResults ServiceEndpoint=\"https://seancanaryfilepremium2.file.core.windows.net/\" ShareName=\"test-share-97a48a53-fcf8-7509-6544-7c29d070648c\" DirectoryPath=\"sourceFolder\"><DirectoryId>13835128424026341376</DirectoryId><Entries><Directory><Name>bar</Name><FileId>10376363910205800448</FileId><Properties /></Directory><File><Name>item1</Name><FileId>11529285414812647424</FileId><Properties><Content-Length>1024</Content-Length></Properties></File><File><Name>item2</Name><FileId>16140971433240035328</FileId><Properties><Content-Length>1024</Content-Length></Properties></File><Directory><Name>pik</Name><FileId>12682206919419494400</FileId><Properties /></Directory></Entries><NextMarker /></EnumerationResults>"
    },
    {
      "RequestUri": "https://seancanaryfilepremium2.file.core.windows.net/test-share-0574816a-9de7-9a34-c1d9-f27525e1e90a/destFolder?sv=Sanitized&ss=f&srt=sco&se=2025-04-16T17%3A37%3A24Z&sp=rwdxylacuptfi&sig=Sanitized&restype=directory&comp=list",
      "RequestMethod": "GET",
      "RequestHeaders": {
        "Accept": "application/xml",
        "traceparent": "00-091b48d089962e4230c50f917e8e8154-9460c5ab26b9c324-00",
        "User-Agent": "azsdk-net-Storage.Files.Shares/12.23.0-alpha.20250414.1 (.NET 8.0.15; Microsoft Windows 10.0.26100)",
        "x-ms-client-request-id": "Sanitized",
        "x-ms-return-client-request-id": "true",
        "x-ms-version": "2025-05-05"
      },
      "RequestBody": null,
      "StatusCode": 200,
      "ResponseHeaders": {
        "Content-Type": "application/xml",
        "Date": "Tue, 15 Apr 2025 17:37:22 GMT",
        "Server": [
          "Windows-Azure-File/1.0",
          "Microsoft-HTTPAPI/2.0"
        ],
        "Transfer-Encoding": "chunked",
        "x-ms-client-request-id": "Sanitized",
        "x-ms-request-id": "53de7b76-901a-0032-242d-aeecfd000000",
        "x-ms-version": "2025-05-05"
      },
      "ResponseBody": "\uFEFF<?xml version=\"1.0\" encoding=\"utf-8\"?><EnumerationResults ServiceEndpoint=\"https://seancanaryfilepremium2.file.core.windows.net/\" ShareName=\"test-share-0574816a-9de7-9a34-c1d9-f27525e1e90a\" DirectoryPath=\"destFolder\"><DirectoryId>13835128424026341376</DirectoryId><Entries><Directory><Name>bar</Name><FileId>11529285414812647424</FileId><Properties /></Directory><File><Name>item1</Name><FileId>13835093239654252544</FileId><Properties><Content-Length>1024</Content-Length></Properties></File><File><Name>item2</Name><FileId>11529250230440558592</FileId><Properties><Content-Length>1024</Content-Length></Properties></File><Directory><Name>pik</Name><FileId>16140971433240035328</FileId><Properties /></Directory></Entries><NextMarker /></EnumerationResults>"
    },
    {
      "RequestUri": "https://seancanaryfilepremium2.file.core.windows.net/test-share-97a48a53-fcf8-7509-6544-7c29d070648c/sourceFolder/item1?sv=Sanitized&ss=f&srt=sco&se=2025-04-16T17%3A37%3A24Z&sp=rwdxylacuptfi&sig=Sanitized",
      "RequestMethod": "HEAD",
      "RequestHeaders": {
        "Accept": "application/xml",
        "traceparent": "00-4bf6a1c54a9b1cc32a1d49967a563285-d231f0f8d0421e97-00",
        "User-Agent": "azsdk-net-Storage.Files.Shares/12.23.0-alpha.20250414.1 (.NET 8.0.15; Microsoft Windows 10.0.26100)",
        "x-ms-client-request-id": "Sanitized",
        "x-ms-return-client-request-id": "true",
        "x-ms-version": "2025-05-05"
      },
      "RequestBody": null,
      "StatusCode": 200,
      "ResponseHeaders": {
        "Cache-Control": "no-cache",
        "Content-Disposition": "inline",
        "Content-Language": [
          "en-US",
          "en-CA"
        ],
        "Content-Length": "1024",
        "Content-Type": "application/octet-stream",
        "Date": "Tue, 15 Apr 2025 17:37:22 GMT",
        "ETag": "\"0x8DD7C442CD0D626\"",
        "Last-Modified": "Tue, 15 Apr 2025 17:37:20 GMT",
        "Server": [
          "Windows-Azure-File/1.0",
          "Microsoft-HTTPAPI/2.0"
        ],
        "x-ms-client-request-id": "Sanitized",
        "x-ms-file-change-time": "2025-04-15T17:37:20.7982630Z",
        "x-ms-file-creation-time": "2024-04-01T09:05:55.0000000Z",
        "x-ms-file-file-type": "Regular",
        "x-ms-file-id": "11529285414812647424",
        "x-ms-file-last-write-time": "2024-04-01T12:16:06.0000000Z",
        "x-ms-file-parent-id": "13835128424026341376",
        "x-ms-group": "123",
        "x-ms-lease-state": "available",
        "x-ms-lease-status": "unlocked",
        "x-ms-link-count": "1",
        "x-ms-meta-Capital": "letter",
        "x-ms-meta-foo": "bar",
        "x-ms-meta-meta": "data",
        "x-ms-meta-UPPER": "case",
        "x-ms-mode": "1777",
        "x-ms-owner": "345",
        "x-ms-request-id": "53de7b77-901a-0032-252d-aeecfd000000",
        "x-ms-server-encrypted": "true",
        "x-ms-type": "File",
        "x-ms-version": "2025-05-05"
      },
      "ResponseBody": null
    },
    {
      "RequestUri": "https://seancanaryfilepremium2.file.core.windows.net/test-share-0574816a-9de7-9a34-c1d9-f27525e1e90a/destFolder/item1?sv=Sanitized&ss=f&srt=sco&se=2025-04-16T17%3A37%3A24Z&sp=rwdxylacuptfi&sig=Sanitized",
      "RequestMethod": "HEAD",
      "RequestHeaders": {
        "Accept": "application/xml",
        "traceparent": "00-03ff165b71a68771cb50839308754f3d-5ec11e7cd2ce8764-00",
        "User-Agent": "azsdk-net-Storage.Files.Shares/12.23.0-alpha.20250414.1 (.NET 8.0.15; Microsoft Windows 10.0.26100)",
        "x-ms-client-request-id": "Sanitized",
        "x-ms-return-client-request-id": "true",
        "x-ms-version": "2025-05-05"
      },
      "RequestBody": null,
      "StatusCode": 200,
      "ResponseHeaders": {
        "Cache-Control": "no-cache",
        "Content-Disposition": "inline",
        "Content-Language": [
          "en-US",
          "en-CA"
        ],
        "Content-Length": "1024",
        "Content-Type": "application/octet-stream",
        "Date": "Tue, 15 Apr 2025 17:37:22 GMT",
        "ETag": "\"0x8DD7C442D5D0EEE\"",
        "Last-Modified": "Tue, 15 Apr 2025 17:37:21 GMT",
        "Server": [
          "Windows-Azure-File/1.0",
          "Microsoft-HTTPAPI/2.0"
        ],
        "x-ms-client-request-id": "Sanitized",
        "x-ms-file-change-time": "2025-04-15T17:37:21.7172206Z",
        "x-ms-file-creation-time": "2024-04-01T09:05:55.0000000Z",
        "x-ms-file-file-type": "Regular",
        "x-ms-file-id": "13835093239654252544",
        "x-ms-file-last-write-time": "2024-04-01T12:16:06.0000000Z",
        "x-ms-file-parent-id": "13835128424026341376",
        "x-ms-group": "0",
        "x-ms-lease-state": "available",
        "x-ms-lease-status": "unlocked",
        "x-ms-link-count": "1",
        "x-ms-meta-Capital": "letter",
        "x-ms-meta-foo": "bar",
        "x-ms-meta-meta": "data",
        "x-ms-meta-UPPER": "case",
        "x-ms-mode": "0664",
        "x-ms-owner": "0",
        "x-ms-request-id": "53de7b78-901a-0032-262d-aeecfd000000",
        "x-ms-server-encrypted": "true",
        "x-ms-type": "File",
        "x-ms-version": "2025-05-05"
      },
      "ResponseBody": null
    },
    {
      "RequestUri": "https://seancanaryfilepremium2.file.core.windows.net/test-share-97a48a53-fcf8-7509-6544-7c29d070648c/sourceFolder/item1?sv=Sanitized&ss=f&srt=sco&se=2025-04-16T17%3A37%3A24Z&sp=rwdxylacuptfi&sig=Sanitized",
      "RequestMethod": "GET",
      "RequestHeaders": {
        "Accept": "application/xml",
        "User-Agent": "azsdk-net-Storage.Files.Shares/12.23.0-alpha.20250414.1 (.NET 8.0.15; Microsoft Windows 10.0.26100)",
        "x-ms-client-request-id": "Sanitized",
        "x-ms-range": "bytes=0-1023",
        "x-ms-return-client-request-id": "true",
        "x-ms-version": "2025-05-05"
      },
      "RequestBody": null,
      "StatusCode": 206,
      "ResponseHeaders": {
        "Accept-Ranges": "bytes",
        "Cache-Control": "no-cache",
        "Content-Disposition": "inline",
        "Content-Language": [
          "en-US",
          "en-CA"
        ],
        "Content-Length": "1024",
        "Content-Range": "bytes 0-1023/1024",
        "Content-Type": "application/octet-stream",
        "Date": "Tue, 15 Apr 2025 17:37:22 GMT",
        "ETag": "\"0x8DD7C442CD0D626\"",
        "Last-Modified": "Tue, 15 Apr 2025 17:37:20 GMT",
        "Server": [
          "Windows-Azure-File/1.0",
          "Microsoft-HTTPAPI/2.0"
        ],
        "x-ms-client-request-id": "Sanitized",
        "x-ms-file-change-time": "2025-04-15T17:37:20.7982630Z",
        "x-ms-file-creation-time": "2024-04-01T09:05:55.0000000Z",
        "x-ms-file-id": "11529285414812647424",
        "x-ms-file-last-write-time": "2024-04-01T12:16:06.0000000Z",
        "x-ms-file-parent-id": "13835128424026341376",
        "x-ms-group": "123",
        "x-ms-lease-state": "available",
        "x-ms-lease-status": "unlocked",
        "x-ms-link-count": "1",
        "x-ms-meta-Capital": "letter",
        "x-ms-meta-foo": "bar",
        "x-ms-meta-meta": "data",
        "x-ms-meta-UPPER": "case",
        "x-ms-mode": "1777",
        "x-ms-owner": "345",
        "x-ms-request-id": "53de7b79-901a-0032-272d-aeecfd000000",
        "x-ms-server-encrypted": "true",
        "x-ms-type": "File",
        "x-ms-version": "2025-05-05"
      },
      "ResponseBody": "AAAAAAAAAAAAAAAAAAAAAAAAAAAAAAAAAAAAAAAAAAAAAAAAAAAAAAAAAAAAAAAAAAAAAAAAAAAAAAAAAAAAAAAAAAAAAAAAAAAAAAAAAAAAAAAAAAAAAAAAAAAAAAAAAAAAAAAAAAAAAAAAAAAAAAAAAAAAAAAAAAAAAAAAAAAAAAAAAAAAAAAAAAAAAAAAAAAAAAAAAAAAAAAAAAAAAAAAAAAAAAAAAAAAAAAAAAAAAAAAAAAAAAAAAAAAAAAAAAAAAAAAAAAAAAAAAAAAAAAAAAAAAAAAAAAAAAAAAAAAAAAAAAAAAAAAAAAAAAAAAAAAAAAAAAAAAAAAAAAAAAAAAAAAAAAAAAAAAAAAAAAAAAAAAAAAAAAAAAAAAAAAAAAAAAAAAAAAAAAAAAAAAAAAAAAAAAAAAAAAAAAAAAAAAAAAAAAAAAAAAAAAAAAAAAAAAAAAAAAAAAAAAAAAAAAAAAAAAAAAAAAAAAAAAAAAAAAAAAAAAAAAAAAAAAAAAAAAAAAAAAAAAAAAAAAAAAAAAAAAAAAAAAAAAAAAAAAAAAAAAAAAAAAAAAAAAAAAAAAAAAAAAAAAAAAAAAAAAAAAAAAAAAAAAAAAAAAAAAAAAAAAAAAAAAAAAAAAAAAAAAAAAAAAAAAAAAAAAAAAAAAAAAAAAAAAAAAAAAAAAAAAAAAAAAAAAAAAAAAAAAAAAAAAAAAAAAAAAAAAAAAAAAAAAAAAAAAAAAAAAAAAAAAAAAAAAAAAAAAAAAAAAAAAAAAAAAAAAAAAAAAAAAAAAAAAAAAAAAAAAAAAAAAAAAAAAAAAAAAAAAAAAAAAAAAAAAAAAAAAAAAAAAAAAAAAAAAAAAAAAAAAAAAAAAAAAAAAAAAAAAAAAAAAAAAAAAAAAAAAAAAAAAAAAAAAAAAAAAAAAAAAAAAAAAAAAAAAAAAAAAAAAAAAAAAAAAAAAAAAAAAAAAAAAAAAAAAAAAAAAAAAAAAAAAAAAAAAAAAAAAAAAAAAAAAAAAAAAAAAAAAAAAAAAAAAAAAAAAAAAAAAAAAAAAAAAAAAAAAAAAAAAAAAAAAAAAAAAAAAAAAAAAAAAAAAAAAAAAAAAAAAAAAAAAAAAAAAAAAAAAAAAAAAAAAAAAAAAAAAAAAAAAAAAAAAAAAAAAAAAAAAAAAAAAAAAAAAAAAAAAAAAAAAAAAAAAAAAAAAAAAAAAAAAAAAAAAAAAAAAAAAAAAAAAAAAAAAAAAAAAAAAAAAAAAAAAAAAAAAAAAAAAAAAAAAAAAAAAAAAAAAAAAAAAAAAAAAAAAAAAAAAAAAAAAAAAAAAAAAAAAAAAAAAAAAAAAAAAAAAAAAAAAAAAAAAAAAAAAAAAAAAA=="
    },
    {
      "RequestUri": "https://seancanaryfilepremium2.file.core.windows.net/test-share-0574816a-9de7-9a34-c1d9-f27525e1e90a/destFolder/item1?sv=Sanitized&ss=f&srt=sco&se=2025-04-16T17%3A37%3A24Z&sp=rwdxylacuptfi&sig=Sanitized",
      "RequestMethod": "GET",
      "RequestHeaders": {
        "Accept": "application/xml",
        "User-Agent": "azsdk-net-Storage.Files.Shares/12.23.0-alpha.20250414.1 (.NET 8.0.15; Microsoft Windows 10.0.26100)",
        "x-ms-client-request-id": "Sanitized",
        "x-ms-range": "bytes=0-1023",
        "x-ms-return-client-request-id": "true",
        "x-ms-version": "2025-05-05"
      },
      "RequestBody": null,
      "StatusCode": 206,
      "ResponseHeaders": {
        "Accept-Ranges": "bytes",
        "Cache-Control": "no-cache",
        "Content-Disposition": "inline",
        "Content-Language": [
          "en-US",
          "en-CA"
        ],
        "Content-Length": "1024",
        "Content-Range": "bytes 0-1023/1024",
        "Content-Type": "application/octet-stream",
        "Date": "Tue, 15 Apr 2025 17:37:22 GMT",
        "ETag": "\"0x8DD7C442D5D0EEE\"",
        "Last-Modified": "Tue, 15 Apr 2025 17:37:21 GMT",
        "Server": [
          "Windows-Azure-File/1.0",
          "Microsoft-HTTPAPI/2.0"
        ],
        "x-ms-client-request-id": "Sanitized",
        "x-ms-file-change-time": "2025-04-15T17:37:21.7172206Z",
        "x-ms-file-creation-time": "2024-04-01T09:05:55.0000000Z",
        "x-ms-file-id": "13835093239654252544",
        "x-ms-file-last-write-time": "2024-04-01T12:16:06.0000000Z",
        "x-ms-file-parent-id": "13835128424026341376",
        "x-ms-group": "0",
        "x-ms-lease-state": "available",
        "x-ms-lease-status": "unlocked",
        "x-ms-link-count": "1",
        "x-ms-meta-Capital": "letter",
        "x-ms-meta-foo": "bar",
        "x-ms-meta-meta": "data",
        "x-ms-meta-UPPER": "case",
        "x-ms-mode": "0664",
        "x-ms-owner": "0",
        "x-ms-request-id": "53de7b7a-901a-0032-282d-aeecfd000000",
        "x-ms-server-encrypted": "true",
        "x-ms-type": "File",
        "x-ms-version": "2025-05-05"
      },
      "ResponseBody": "AAAAAAAAAAAAAAAAAAAAAAAAAAAAAAAAAAAAAAAAAAAAAAAAAAAAAAAAAAAAAAAAAAAAAAAAAAAAAAAAAAAAAAAAAAAAAAAAAAAAAAAAAAAAAAAAAAAAAAAAAAAAAAAAAAAAAAAAAAAAAAAAAAAAAAAAAAAAAAAAAAAAAAAAAAAAAAAAAAAAAAAAAAAAAAAAAAAAAAAAAAAAAAAAAAAAAAAAAAAAAAAAAAAAAAAAAAAAAAAAAAAAAAAAAAAAAAAAAAAAAAAAAAAAAAAAAAAAAAAAAAAAAAAAAAAAAAAAAAAAAAAAAAAAAAAAAAAAAAAAAAAAAAAAAAAAAAAAAAAAAAAAAAAAAAAAAAAAAAAAAAAAAAAAAAAAAAAAAAAAAAAAAAAAAAAAAAAAAAAAAAAAAAAAAAAAAAAAAAAAAAAAAAAAAAAAAAAAAAAAAAAAAAAAAAAAAAAAAAAAAAAAAAAAAAAAAAAAAAAAAAAAAAAAAAAAAAAAAAAAAAAAAAAAAAAAAAAAAAAAAAAAAAAAAAAAAAAAAAAAAAAAAAAAAAAAAAAAAAAAAAAAAAAAAAAAAAAAAAAAAAAAAAAAAAAAAAAAAAAAAAAAAAAAAAAAAAAAAAAAAAAAAAAAAAAAAAAAAAAAAAAAAAAAAAAAAAAAAAAAAAAAAAAAAAAAAAAAAAAAAAAAAAAAAAAAAAAAAAAAAAAAAAAAAAAAAAAAAAAAAAAAAAAAAAAAAAAAAAAAAAAAAAAAAAAAAAAAAAAAAAAAAAAAAAAAAAAAAAAAAAAAAAAAAAAAAAAAAAAAAAAAAAAAAAAAAAAAAAAAAAAAAAAAAAAAAAAAAAAAAAAAAAAAAAAAAAAAAAAAAAAAAAAAAAAAAAAAAAAAAAAAAAAAAAAAAAAAAAAAAAAAAAAAAAAAAAAAAAAAAAAAAAAAAAAAAAAAAAAAAAAAAAAAAAAAAAAAAAAAAAAAAAAAAAAAAAAAAAAAAAAAAAAAAAAAAAAAAAAAAAAAAAAAAAAAAAAAAAAAAAAAAAAAAAAAAAAAAAAAAAAAAAAAAAAAAAAAAAAAAAAAAAAAAAAAAAAAAAAAAAAAAAAAAAAAAAAAAAAAAAAAAAAAAAAAAAAAAAAAAAAAAAAAAAAAAAAAAAAAAAAAAAAAAAAAAAAAAAAAAAAAAAAAAAAAAAAAAAAAAAAAAAAAAAAAAAAAAAAAAAAAAAAAAAAAAAAAAAAAAAAAAAAAAAAAAAAAAAAAAAAAAAAAAAAAAAAAAAAAAAAAAAAAAAAAAAAAAAAAAAAAAAAAAAAAAAAAAAAAAAAAAAAAAAAAAAAAAAAAAAAAAAAAAAAAAAAAAAAAAAAAAAAAAAAAAAAAAAAAAAAAAA=="
    },
    {
      "RequestUri": "https://seancanaryfilepremium2.file.core.windows.net/test-share-97a48a53-fcf8-7509-6544-7c29d070648c/sourceFolder/item1?sv=Sanitized&ss=f&srt=sco&se=2025-04-16T17%3A37%3A24Z&sp=rwdxylacuptfi&sig=Sanitized",
      "RequestMethod": "HEAD",
      "RequestHeaders": {
        "Accept": "application/xml",
        "traceparent": "00-1cb2de4ddfc4a9706fa5db8c97f9f602-ed46bf1605309dae-00",
        "User-Agent": "azsdk-net-Storage.Files.Shares/12.23.0-alpha.20250414.1 (.NET 8.0.15; Microsoft Windows 10.0.26100)",
        "x-ms-client-request-id": "Sanitized",
        "x-ms-return-client-request-id": "true",
        "x-ms-version": "2025-05-05"
      },
      "RequestBody": null,
      "StatusCode": 200,
      "ResponseHeaders": {
        "Cache-Control": "no-cache",
        "Content-Disposition": "inline",
        "Content-Language": [
          "en-US",
          "en-CA"
        ],
        "Content-Length": "1024",
        "Content-Type": "application/octet-stream",
        "Date": "Tue, 15 Apr 2025 17:37:22 GMT",
        "ETag": "\"0x8DD7C442CD0D626\"",
        "Last-Modified": "Tue, 15 Apr 2025 17:37:20 GMT",
        "Server": [
          "Windows-Azure-File/1.0",
          "Microsoft-HTTPAPI/2.0"
        ],
        "x-ms-client-request-id": "Sanitized",
        "x-ms-file-change-time": "2025-04-15T17:37:20.7982630Z",
        "x-ms-file-creation-time": "2024-04-01T09:05:55.0000000Z",
        "x-ms-file-file-type": "Regular",
        "x-ms-file-id": "11529285414812647424",
        "x-ms-file-last-write-time": "2024-04-01T12:16:06.0000000Z",
        "x-ms-file-parent-id": "13835128424026341376",
        "x-ms-group": "123",
        "x-ms-lease-state": "available",
        "x-ms-lease-status": "unlocked",
        "x-ms-link-count": "1",
        "x-ms-meta-Capital": "letter",
        "x-ms-meta-foo": "bar",
        "x-ms-meta-meta": "data",
        "x-ms-meta-UPPER": "case",
        "x-ms-mode": "1777",
        "x-ms-owner": "345",
        "x-ms-request-id": "53de7b7c-901a-0032-2a2d-aeecfd000000",
        "x-ms-server-encrypted": "true",
        "x-ms-type": "File",
        "x-ms-version": "2025-05-05"
      },
      "ResponseBody": null
    },
    {
      "RequestUri": "https://seancanaryfilepremium2.file.core.windows.net/test-share-0574816a-9de7-9a34-c1d9-f27525e1e90a/destFolder/item1?sv=Sanitized&ss=f&srt=sco&se=2025-04-16T17%3A37%3A24Z&sp=rwdxylacuptfi&sig=Sanitized",
      "RequestMethod": "HEAD",
      "RequestHeaders": {
        "Accept": "application/xml",
        "traceparent": "00-a83b6226e3501e482c047036a03e2d0f-cd816d09018ad857-00",
        "User-Agent": "azsdk-net-Storage.Files.Shares/12.23.0-alpha.20250414.1 (.NET 8.0.15; Microsoft Windows 10.0.26100)",
        "x-ms-client-request-id": "Sanitized",
        "x-ms-return-client-request-id": "true",
        "x-ms-version": "2025-05-05"
      },
      "RequestBody": null,
      "StatusCode": 200,
      "ResponseHeaders": {
        "Cache-Control": "no-cache",
        "Content-Disposition": "inline",
        "Content-Language": [
          "en-US",
          "en-CA"
        ],
        "Content-Length": "1024",
        "Content-Type": "application/octet-stream",
        "Date": "Tue, 15 Apr 2025 17:37:22 GMT",
        "ETag": "\"0x8DD7C442D5D0EEE\"",
        "Last-Modified": "Tue, 15 Apr 2025 17:37:21 GMT",
        "Server": [
          "Windows-Azure-File/1.0",
          "Microsoft-HTTPAPI/2.0"
        ],
        "x-ms-client-request-id": "Sanitized",
        "x-ms-file-change-time": "2025-04-15T17:37:21.7172206Z",
        "x-ms-file-creation-time": "2024-04-01T09:05:55.0000000Z",
        "x-ms-file-file-type": "Regular",
        "x-ms-file-id": "13835093239654252544",
        "x-ms-file-last-write-time": "2024-04-01T12:16:06.0000000Z",
        "x-ms-file-parent-id": "13835128424026341376",
        "x-ms-group": "0",
        "x-ms-lease-state": "available",
        "x-ms-lease-status": "unlocked",
        "x-ms-link-count": "1",
        "x-ms-meta-Capital": "letter",
        "x-ms-meta-foo": "bar",
        "x-ms-meta-meta": "data",
        "x-ms-meta-UPPER": "case",
        "x-ms-mode": "0664",
        "x-ms-owner": "0",
        "x-ms-request-id": "53de7b7d-901a-0032-2b2d-aeecfd000000",
        "x-ms-server-encrypted": "true",
        "x-ms-type": "File",
        "x-ms-version": "2025-05-05"
      },
      "ResponseBody": null
    },
    {
      "RequestUri": "https://seancanaryfilepremium2.file.core.windows.net/test-share-97a48a53-fcf8-7509-6544-7c29d070648c/sourceFolder/item2?sv=Sanitized&ss=f&srt=sco&se=2025-04-16T17%3A37%3A24Z&sp=rwdxylacuptfi&sig=Sanitized",
      "RequestMethod": "HEAD",
      "RequestHeaders": {
        "Accept": "application/xml",
        "traceparent": "00-ce6571528859428a57d02b6565a9505c-605f4005c0943295-00",
        "User-Agent": "azsdk-net-Storage.Files.Shares/12.23.0-alpha.20250414.1 (.NET 8.0.15; Microsoft Windows 10.0.26100)",
        "x-ms-client-request-id": "Sanitized",
        "x-ms-return-client-request-id": "true",
        "x-ms-version": "2025-05-05"
      },
      "RequestBody": null,
      "StatusCode": 200,
      "ResponseHeaders": {
        "Cache-Control": "no-cache",
        "Content-Disposition": "inline",
        "Content-Language": [
          "en-US",
          "en-CA"
        ],
        "Content-Length": "1024",
        "Content-Type": "application/octet-stream",
        "Date": "Tue, 15 Apr 2025 17:37:22 GMT",
        "ETag": "\"0x8DD7C442CD8E365\"",
        "Last-Modified": "Tue, 15 Apr 2025 17:37:20 GMT",
        "Server": [
          "Windows-Azure-File/1.0",
          "Microsoft-HTTPAPI/2.0"
        ],
        "x-ms-client-request-id": "Sanitized",
        "x-ms-file-change-time": "2025-04-15T17:37:20.8510309Z",
        "x-ms-file-creation-time": "2024-04-01T09:05:55.0000000Z",
        "x-ms-file-file-type": "Regular",
        "x-ms-file-id": "16140971433240035328",
        "x-ms-file-last-write-time": "2024-04-01T12:16:06.0000000Z",
        "x-ms-file-parent-id": "13835128424026341376",
        "x-ms-group": "123",
        "x-ms-lease-state": "available",
        "x-ms-lease-status": "unlocked",
        "x-ms-link-count": "1",
        "x-ms-meta-Capital": "letter",
        "x-ms-meta-foo": "bar",
        "x-ms-meta-meta": "data",
        "x-ms-meta-UPPER": "case",
        "x-ms-mode": "1777",
        "x-ms-owner": "345",
        "x-ms-request-id": "53de7b7e-901a-0032-2c2d-aeecfd000000",
        "x-ms-server-encrypted": "true",
        "x-ms-type": "File",
        "x-ms-version": "2025-05-05"
      },
      "ResponseBody": null
    },
    {
      "RequestUri": "https://seancanaryfilepremium2.file.core.windows.net/test-share-0574816a-9de7-9a34-c1d9-f27525e1e90a/destFolder/item2?sv=Sanitized&ss=f&srt=sco&se=2025-04-16T17%3A37%3A24Z&sp=rwdxylacuptfi&sig=Sanitized",
      "RequestMethod": "HEAD",
      "RequestHeaders": {
        "Accept": "application/xml",
        "traceparent": "00-543e1c6514206b64bdcd3b75f1bf7e3d-dbb972fa7104881c-00",
        "User-Agent": "azsdk-net-Storage.Files.Shares/12.23.0-alpha.20250414.1 (.NET 8.0.15; Microsoft Windows 10.0.26100)",
        "x-ms-client-request-id": "Sanitized",
        "x-ms-return-client-request-id": "true",
        "x-ms-version": "2025-05-05"
      },
      "RequestBody": null,
      "StatusCode": 200,
      "ResponseHeaders": {
        "Cache-Control": "no-cache",
        "Content-Disposition": "inline",
        "Content-Language": [
          "en-US",
          "en-CA"
        ],
        "Content-Length": "1024",
        "Content-Type": "application/octet-stream",
        "Date": "Tue, 15 Apr 2025 17:37:22 GMT",
        "ETag": "\"0x8DD7C442D86AF2E\"",
        "Last-Modified": "Tue, 15 Apr 2025 17:37:21 GMT",
        "Server": [
          "Windows-Azure-File/1.0",
          "Microsoft-HTTPAPI/2.0"
        ],
        "x-ms-client-request-id": "Sanitized",
        "x-ms-file-change-time": "2025-04-15T17:37:21.9900206Z",
        "x-ms-file-creation-time": "2024-04-01T09:05:55.0000000Z",
        "x-ms-file-file-type": "Regular",
        "x-ms-file-id": "11529250230440558592",
        "x-ms-file-last-write-time": "2024-04-01T12:16:06.0000000Z",
        "x-ms-file-parent-id": "13835128424026341376",
        "x-ms-group": "0",
        "x-ms-lease-state": "available",
        "x-ms-lease-status": "unlocked",
        "x-ms-link-count": "1",
        "x-ms-meta-Capital": "letter",
        "x-ms-meta-foo": "bar",
        "x-ms-meta-meta": "data",
        "x-ms-meta-UPPER": "case",
        "x-ms-mode": "0664",
        "x-ms-owner": "0",
        "x-ms-request-id": "53de7b7f-901a-0032-2d2d-aeecfd000000",
        "x-ms-server-encrypted": "true",
        "x-ms-type": "File",
        "x-ms-version": "2025-05-05"
      },
      "ResponseBody": null
    },
    {
      "RequestUri": "https://seancanaryfilepremium2.file.core.windows.net/test-share-97a48a53-fcf8-7509-6544-7c29d070648c/sourceFolder/item2?sv=Sanitized&ss=f&srt=sco&se=2025-04-16T17%3A37%3A24Z&sp=rwdxylacuptfi&sig=Sanitized",
      "RequestMethod": "GET",
      "RequestHeaders": {
        "Accept": "application/xml",
        "User-Agent": "azsdk-net-Storage.Files.Shares/12.23.0-alpha.20250414.1 (.NET 8.0.15; Microsoft Windows 10.0.26100)",
        "x-ms-client-request-id": "Sanitized",
        "x-ms-range": "bytes=0-1023",
        "x-ms-return-client-request-id": "true",
        "x-ms-version": "2025-05-05"
      },
      "RequestBody": null,
      "StatusCode": 206,
      "ResponseHeaders": {
        "Accept-Ranges": "bytes",
        "Cache-Control": "no-cache",
        "Content-Disposition": "inline",
        "Content-Language": [
          "en-US",
          "en-CA"
        ],
        "Content-Length": "1024",
        "Content-Range": "bytes 0-1023/1024",
        "Content-Type": "application/octet-stream",
        "Date": "Tue, 15 Apr 2025 17:37:22 GMT",
        "ETag": "\"0x8DD7C442CD8E365\"",
        "Last-Modified": "Tue, 15 Apr 2025 17:37:20 GMT",
        "Server": [
          "Windows-Azure-File/1.0",
          "Microsoft-HTTPAPI/2.0"
        ],
        "x-ms-client-request-id": "Sanitized",
        "x-ms-file-change-time": "2025-04-15T17:37:20.8510309Z",
        "x-ms-file-creation-time": "2024-04-01T09:05:55.0000000Z",
        "x-ms-file-id": "16140971433240035328",
        "x-ms-file-last-write-time": "2024-04-01T12:16:06.0000000Z",
        "x-ms-file-parent-id": "13835128424026341376",
        "x-ms-group": "123",
        "x-ms-lease-state": "available",
        "x-ms-lease-status": "unlocked",
        "x-ms-link-count": "1",
        "x-ms-meta-Capital": "letter",
        "x-ms-meta-foo": "bar",
        "x-ms-meta-meta": "data",
        "x-ms-meta-UPPER": "case",
        "x-ms-mode": "1777",
        "x-ms-owner": "345",
        "x-ms-request-id": "53de7b80-901a-0032-2e2d-aeecfd000000",
        "x-ms-server-encrypted": "true",
        "x-ms-type": "File",
        "x-ms-version": "2025-05-05"
      },
      "ResponseBody": "AAAAAAAAAAAAAAAAAAAAAAAAAAAAAAAAAAAAAAAAAAAAAAAAAAAAAAAAAAAAAAAAAAAAAAAAAAAAAAAAAAAAAAAAAAAAAAAAAAAAAAAAAAAAAAAAAAAAAAAAAAAAAAAAAAAAAAAAAAAAAAAAAAAAAAAAAAAAAAAAAAAAAAAAAAAAAAAAAAAAAAAAAAAAAAAAAAAAAAAAAAAAAAAAAAAAAAAAAAAAAAAAAAAAAAAAAAAAAAAAAAAAAAAAAAAAAAAAAAAAAAAAAAAAAAAAAAAAAAAAAAAAAAAAAAAAAAAAAAAAAAAAAAAAAAAAAAAAAAAAAAAAAAAAAAAAAAAAAAAAAAAAAAAAAAAAAAAAAAAAAAAAAAAAAAAAAAAAAAAAAAAAAAAAAAAAAAAAAAAAAAAAAAAAAAAAAAAAAAAAAAAAAAAAAAAAAAAAAAAAAAAAAAAAAAAAAAAAAAAAAAAAAAAAAAAAAAAAAAAAAAAAAAAAAAAAAAAAAAAAAAAAAAAAAAAAAAAAAAAAAAAAAAAAAAAAAAAAAAAAAAAAAAAAAAAAAAAAAAAAAAAAAAAAAAAAAAAAAAAAAAAAAAAAAAAAAAAAAAAAAAAAAAAAAAAAAAAAAAAAAAAAAAAAAAAAAAAAAAAAAAAAAAAAAAAAAAAAAAAAAAAAAAAAAAAAAAAAAAAAAAAAAAAAAAAAAAAAAAAAAAAAAAAAAAAAAAAAAAAAAAAAAAAAAAAAAAAAAAAAAAAAAAAAAAAAAAAAAAAAAAAAAAAAAAAAAAAAAAAAAAAAAAAAAAAAAAAAAAAAAAAAAAAAAAAAAAAAAAAAAAAAAAAAAAAAAAAAAAAAAAAAAAAAAAAAAAAAAAAAAAAAAAAAAAAAAAAAAAAAAAAAAAAAAAAAAAAAAAAAAAAAAAAAAAAAAAAAAAAAAAAAAAAAAAAAAAAAAAAAAAAAAAAAAAAAAAAAAAAAAAAAAAAAAAAAAAAAAAAAAAAAAAAAAAAAAAAAAAAAAAAAAAAAAAAAAAAAAAAAAAAAAAAAAAAAAAAAAAAAAAAAAAAAAAAAAAAAAAAAAAAAAAAAAAAAAAAAAAAAAAAAAAAAAAAAAAAAAAAAAAAAAAAAAAAAAAAAAAAAAAAAAAAAAAAAAAAAAAAAAAAAAAAAAAAAAAAAAAAAAAAAAAAAAAAAAAAAAAAAAAAAAAAAAAAAAAAAAAAAAAAAAAAAAAAAAAAAAAAAAAAAAAAAAAAAAAAAAAAAAAAAAAAAAAAAAAAAAAAAAAAAAAAAAAAAAAAAAAAAAAAAAAAAAAAAAAAAAAAAAAAAAAAAAAAAAAAAAAAAAAAAAAAAAAAAAAAAAAAAAAAAAAAAAAAAAAAAAAAAAAAAAA=="
    },
    {
      "RequestUri": "https://seancanaryfilepremium2.file.core.windows.net/test-share-0574816a-9de7-9a34-c1d9-f27525e1e90a/destFolder/item2?sv=Sanitized&ss=f&srt=sco&se=2025-04-16T17%3A37%3A24Z&sp=rwdxylacuptfi&sig=Sanitized",
      "RequestMethod": "GET",
      "RequestHeaders": {
        "Accept": "application/xml",
        "User-Agent": "azsdk-net-Storage.Files.Shares/12.23.0-alpha.20250414.1 (.NET 8.0.15; Microsoft Windows 10.0.26100)",
        "x-ms-client-request-id": "Sanitized",
        "x-ms-range": "bytes=0-1023",
        "x-ms-return-client-request-id": "true",
        "x-ms-version": "2025-05-05"
      },
      "RequestBody": null,
      "StatusCode": 206,
      "ResponseHeaders": {
        "Accept-Ranges": "bytes",
        "Cache-Control": "no-cache",
        "Content-Disposition": "inline",
        "Content-Language": [
          "en-US",
          "en-CA"
        ],
        "Content-Length": "1024",
        "Content-Range": "bytes 0-1023/1024",
        "Content-Type": "application/octet-stream",
        "Date": "Tue, 15 Apr 2025 17:37:22 GMT",
        "ETag": "\"0x8DD7C442D86AF2E\"",
        "Last-Modified": "Tue, 15 Apr 2025 17:37:21 GMT",
        "Server": [
          "Windows-Azure-File/1.0",
          "Microsoft-HTTPAPI/2.0"
        ],
        "x-ms-client-request-id": "Sanitized",
        "x-ms-file-change-time": "2025-04-15T17:37:21.9900206Z",
        "x-ms-file-creation-time": "2024-04-01T09:05:55.0000000Z",
        "x-ms-file-id": "11529250230440558592",
        "x-ms-file-last-write-time": "2024-04-01T12:16:06.0000000Z",
        "x-ms-file-parent-id": "13835128424026341376",
        "x-ms-group": "0",
        "x-ms-lease-state": "available",
        "x-ms-lease-status": "unlocked",
        "x-ms-link-count": "1",
        "x-ms-meta-Capital": "letter",
        "x-ms-meta-foo": "bar",
        "x-ms-meta-meta": "data",
        "x-ms-meta-UPPER": "case",
        "x-ms-mode": "0664",
        "x-ms-owner": "0",
        "x-ms-request-id": "53de7b81-901a-0032-2f2d-aeecfd000000",
        "x-ms-server-encrypted": "true",
        "x-ms-type": "File",
        "x-ms-version": "2025-05-05"
      },
      "ResponseBody": "AAAAAAAAAAAAAAAAAAAAAAAAAAAAAAAAAAAAAAAAAAAAAAAAAAAAAAAAAAAAAAAAAAAAAAAAAAAAAAAAAAAAAAAAAAAAAAAAAAAAAAAAAAAAAAAAAAAAAAAAAAAAAAAAAAAAAAAAAAAAAAAAAAAAAAAAAAAAAAAAAAAAAAAAAAAAAAAAAAAAAAAAAAAAAAAAAAAAAAAAAAAAAAAAAAAAAAAAAAAAAAAAAAAAAAAAAAAAAAAAAAAAAAAAAAAAAAAAAAAAAAAAAAAAAAAAAAAAAAAAAAAAAAAAAAAAAAAAAAAAAAAAAAAAAAAAAAAAAAAAAAAAAAAAAAAAAAAAAAAAAAAAAAAAAAAAAAAAAAAAAAAAAAAAAAAAAAAAAAAAAAAAAAAAAAAAAAAAAAAAAAAAAAAAAAAAAAAAAAAAAAAAAAAAAAAAAAAAAAAAAAAAAAAAAAAAAAAAAAAAAAAAAAAAAAAAAAAAAAAAAAAAAAAAAAAAAAAAAAAAAAAAAAAAAAAAAAAAAAAAAAAAAAAAAAAAAAAAAAAAAAAAAAAAAAAAAAAAAAAAAAAAAAAAAAAAAAAAAAAAAAAAAAAAAAAAAAAAAAAAAAAAAAAAAAAAAAAAAAAAAAAAAAAAAAAAAAAAAAAAAAAAAAAAAAAAAAAAAAAAAAAAAAAAAAAAAAAAAAAAAAAAAAAAAAAAAAAAAAAAAAAAAAAAAAAAAAAAAAAAAAAAAAAAAAAAAAAAAAAAAAAAAAAAAAAAAAAAAAAAAAAAAAAAAAAAAAAAAAAAAAAAAAAAAAAAAAAAAAAAAAAAAAAAAAAAAAAAAAAAAAAAAAAAAAAAAAAAAAAAAAAAAAAAAAAAAAAAAAAAAAAAAAAAAAAAAAAAAAAAAAAAAAAAAAAAAAAAAAAAAAAAAAAAAAAAAAAAAAAAAAAAAAAAAAAAAAAAAAAAAAAAAAAAAAAAAAAAAAAAAAAAAAAAAAAAAAAAAAAAAAAAAAAAAAAAAAAAAAAAAAAAAAAAAAAAAAAAAAAAAAAAAAAAAAAAAAAAAAAAAAAAAAAAAAAAAAAAAAAAAAAAAAAAAAAAAAAAAAAAAAAAAAAAAAAAAAAAAAAAAAAAAAAAAAAAAAAAAAAAAAAAAAAAAAAAAAAAAAAAAAAAAAAAAAAAAAAAAAAAAAAAAAAAAAAAAAAAAAAAAAAAAAAAAAAAAAAAAAAAAAAAAAAAAAAAAAAAAAAAAAAAAAAAAAAAAAAAAAAAAAAAAAAAAAAAAAAAAAAAAAAAAAAAAAAAAAAAAAAAAAAAAAAAAAAAAAAAAAAAAAAAAAAAAAAAAAAAAAAAAAAAAAAAAAAAAAAAAAAAAAAAAAAAAAAAAAAAAAAAAAAAAA=="
    },
    {
      "RequestUri": "https://seancanaryfilepremium2.file.core.windows.net/test-share-97a48a53-fcf8-7509-6544-7c29d070648c/sourceFolder/item2?sv=Sanitized&ss=f&srt=sco&se=2025-04-16T17%3A37%3A24Z&sp=rwdxylacuptfi&sig=Sanitized",
      "RequestMethod": "HEAD",
      "RequestHeaders": {
        "Accept": "application/xml",
        "traceparent": "00-c876896160c915b03e01369aabf16d0a-1672cbe0efee1a49-00",
        "User-Agent": "azsdk-net-Storage.Files.Shares/12.23.0-alpha.20250414.1 (.NET 8.0.15; Microsoft Windows 10.0.26100)",
        "x-ms-client-request-id": "Sanitized",
        "x-ms-return-client-request-id": "true",
        "x-ms-version": "2025-05-05"
      },
      "RequestBody": null,
      "StatusCode": 200,
      "ResponseHeaders": {
        "Cache-Control": "no-cache",
        "Content-Disposition": "inline",
        "Content-Language": [
          "en-US",
          "en-CA"
        ],
        "Content-Length": "1024",
        "Content-Type": "application/octet-stream",
        "Date": "Tue, 15 Apr 2025 17:37:22 GMT",
        "ETag": "\"0x8DD7C442CD8E365\"",
        "Last-Modified": "Tue, 15 Apr 2025 17:37:20 GMT",
        "Server": [
          "Windows-Azure-File/1.0",
          "Microsoft-HTTPAPI/2.0"
        ],
        "x-ms-client-request-id": "Sanitized",
        "x-ms-file-change-time": "2025-04-15T17:37:20.8510309Z",
        "x-ms-file-creation-time": "2024-04-01T09:05:55.0000000Z",
        "x-ms-file-file-type": "Regular",
        "x-ms-file-id": "16140971433240035328",
        "x-ms-file-last-write-time": "2024-04-01T12:16:06.0000000Z",
        "x-ms-file-parent-id": "13835128424026341376",
        "x-ms-group": "123",
        "x-ms-lease-state": "available",
        "x-ms-lease-status": "unlocked",
        "x-ms-link-count": "1",
        "x-ms-meta-Capital": "letter",
        "x-ms-meta-foo": "bar",
        "x-ms-meta-meta": "data",
        "x-ms-meta-UPPER": "case",
        "x-ms-mode": "1777",
        "x-ms-owner": "345",
        "x-ms-request-id": "53de7b83-901a-0032-302d-aeecfd000000",
        "x-ms-server-encrypted": "true",
        "x-ms-type": "File",
        "x-ms-version": "2025-05-05"
      },
      "ResponseBody": null
    },
    {
      "RequestUri": "https://seancanaryfilepremium2.file.core.windows.net/test-share-0574816a-9de7-9a34-c1d9-f27525e1e90a/destFolder/item2?sv=Sanitized&ss=f&srt=sco&se=2025-04-16T17%3A37%3A24Z&sp=rwdxylacuptfi&sig=Sanitized",
      "RequestMethod": "HEAD",
      "RequestHeaders": {
        "Accept": "application/xml",
        "traceparent": "00-5126b28e6bbec0589d92da5dc96cf92e-4d67832762cfbde2-00",
        "User-Agent": "azsdk-net-Storage.Files.Shares/12.23.0-alpha.20250414.1 (.NET 8.0.15; Microsoft Windows 10.0.26100)",
        "x-ms-client-request-id": "Sanitized",
        "x-ms-return-client-request-id": "true",
        "x-ms-version": "2025-05-05"
      },
      "RequestBody": null,
      "StatusCode": 200,
      "ResponseHeaders": {
        "Cache-Control": "no-cache",
        "Content-Disposition": "inline",
        "Content-Language": [
          "en-US",
          "en-CA"
        ],
        "Content-Length": "1024",
        "Content-Type": "application/octet-stream",
        "Date": "Tue, 15 Apr 2025 17:37:22 GMT",
        "ETag": "\"0x8DD7C442D86AF2E\"",
        "Last-Modified": "Tue, 15 Apr 2025 17:37:21 GMT",
        "Server": [
          "Windows-Azure-File/1.0",
          "Microsoft-HTTPAPI/2.0"
        ],
        "x-ms-client-request-id": "Sanitized",
        "x-ms-file-change-time": "2025-04-15T17:37:21.9900206Z",
        "x-ms-file-creation-time": "2024-04-01T09:05:55.0000000Z",
        "x-ms-file-file-type": "Regular",
        "x-ms-file-id": "11529250230440558592",
        "x-ms-file-last-write-time": "2024-04-01T12:16:06.0000000Z",
        "x-ms-file-parent-id": "13835128424026341376",
        "x-ms-group": "0",
        "x-ms-lease-state": "available",
        "x-ms-lease-status": "unlocked",
        "x-ms-link-count": "1",
        "x-ms-meta-Capital": "letter",
        "x-ms-meta-foo": "bar",
        "x-ms-meta-meta": "data",
        "x-ms-meta-UPPER": "case",
        "x-ms-mode": "0664",
        "x-ms-owner": "0",
        "x-ms-request-id": "53de7b84-901a-0032-312d-aeecfd000000",
        "x-ms-server-encrypted": "true",
        "x-ms-type": "File",
        "x-ms-version": "2025-05-05"
      },
      "ResponseBody": null
    },
    {
      "RequestUri": "https://seancanaryfilepremium2.file.core.windows.net/test-share-0574816a-9de7-9a34-c1d9-f27525e1e90a?sv=Sanitized&ss=f&srt=sco&se=2025-04-16T17%3A37%3A24Z&sp=rwdxylacuptfi&sig=Sanitized&restype=share",
      "RequestMethod": "DELETE",
      "RequestHeaders": {
        "Accept": "application/xml",
        "traceparent": "00-0d060620f2455a71d34e15460d76b7d9-ff4fa2c102d379e8-00",
        "User-Agent": "azsdk-net-Storage.Files.Shares/12.23.0-alpha.20250414.1 (.NET 8.0.15; Microsoft Windows 10.0.26100)",
        "x-ms-client-request-id": "Sanitized",
        "x-ms-delete-snapshots": "include",
        "x-ms-return-client-request-id": "true",
        "x-ms-version": "2025-05-05"
      },
      "RequestBody": null,
      "StatusCode": 202,
      "ResponseHeaders": {
        "Content-Length": "0",
        "Date": "Tue, 15 Apr 2025 17:37:22 GMT",
        "Server": [
          "Windows-Azure-File/1.0",
          "Microsoft-HTTPAPI/2.0"
        ],
        "x-ms-client-request-id": "Sanitized",
        "x-ms-request-id": "53de7b85-901a-0032-322d-aeecfd000000",
        "x-ms-version": "2025-05-05"
      },
      "ResponseBody": null
    },
    {
      "RequestUri": "https://seancanaryfilepremium2.file.core.windows.net/test-share-97a48a53-fcf8-7509-6544-7c29d070648c?sv=Sanitized&ss=f&srt=sco&se=2025-04-16T17%3A37%3A24Z&sp=rwdxylacuptfi&sig=Sanitized&restype=share",
      "RequestMethod": "DELETE",
      "RequestHeaders": {
        "Accept": "application/xml",
        "traceparent": "00-7c9526af6949021844b0e2617b707ba1-37b112325e8f6d15-00",
        "User-Agent": "azsdk-net-Storage.Files.Shares/12.23.0-alpha.20250414.1 (.NET 8.0.15; Microsoft Windows 10.0.26100)",
        "x-ms-client-request-id": "Sanitized",
        "x-ms-delete-snapshots": "include",
        "x-ms-return-client-request-id": "true",
        "x-ms-version": "2025-05-05"
      },
      "RequestBody": null,
      "StatusCode": 202,
      "ResponseHeaders": {
        "Content-Length": "0",
        "Date": "Tue, 15 Apr 2025 17:37:22 GMT",
        "Server": [
          "Windows-Azure-File/1.0",
          "Microsoft-HTTPAPI/2.0"
        ],
        "x-ms-client-request-id": "Sanitized",
        "x-ms-request-id": "53de7b86-901a-0032-332d-aeecfd000000",
        "x-ms-version": "2025-05-05"
      },
      "ResponseBody": null
    }
  ],
  "Variables": {
    "DateTimeOffsetNow": "2025-04-15T13:37:24.4362889-04:00",
    "RandomSeed": "2145622752",
    "Storage_TestConfigPremiumFile": "PremiumFileTenant\nseancanaryfilepremium2\nU2FuaXRpemVk\nhttps://seancanaryfilepremium2.blob.core.windows.net\nhttps://seancanaryfilepremium2.file.core.windows.net\nhttps://seancanaryfilepremium2.queue.core.windows.net\nhttps://seancanaryfilepremium2.table.core.windows.net\n\n\n\n\nhttps://seancanaryfilepremium2-secondary.blob.core.windows.net\nhttps://seancanaryfilepremium2-secondary.file.core.windows.net\nhttps://seancanaryfilepremium2-secondary.queue.core.windows.net\nhttps://seancanaryfilepremium2-secondary.table.core.windows.net\nCloud\nBlobEndpoint=https://seancanaryfilepremium2.blob.core.windows.net/;QueueEndpoint=https://seancanaryfilepremium2.queue.core.windows.net/;FileEndpoint=https://seancanaryfilepremium2.file.core.windows.net/;BlobSecondaryEndpoint=https://seancanaryfilepremium2-secondary.blob.core.windows.net/;QueueSecondaryEndpoint=https://seancanaryfilepremium2-secondary.queue.core.windows.net/;FileSecondaryEndpoint=https://seancanaryfilepremium2-secondary.file.core.windows.net/;AccountName=seancanaryfilepremium2;AccountKey=U2FuaXRpemVk\n\n\n"
  }
}
