{
  "Entries": [
    {
      "RequestUri": "https://nickliuproductionacc.file.core.windows.net/test-share-6b0e4ce8-2fd9-719b-a013-9c5184aed0e3?sv=Sanitized&ss=f&srt=sco&se=2025-08-13T19%3A51%3A15Z&sp=rwdxylacuptfi&sig=Sanitized&restype=share",
      "RequestMethod": "PUT",
      "RequestHeaders": {
        "Accept": "application/xml",
        "Content-Length": "0",
        "traceparent": "00-d253cd4f8758e8a84bf1036a6de08b12-4bb0cdd321ccb5e6-00",
        "User-Agent": "azsdk-net-Storage.Files.Shares/12.24.0-alpha.20250812.1 (.NET 8.0.19; Microsoft Windows 10.0.26100)",
        "x-ms-client-request-id": "Sanitized",
        "x-ms-return-client-request-id": "true",
        "x-ms-version": "2025-11-05"
      },
      "RequestBody": null,
      "StatusCode": 201,
      "ResponseHeaders": {
        "Content-Length": "0",
        "Date": "Tue, 12 Aug 2025 19:51:11 GMT",
        "ETag": "\"0x8DDD9D996A3344A\"",
        "Last-Modified": "Tue, 12 Aug 2025 19:51:11 GMT",
        "Server": [
          "Windows-Azure-File/1.0",
          "Microsoft-HTTPAPI/2.0"
        ],
        "x-ms-client-request-id": "Sanitized",
        "x-ms-request-id": "20cf6900-d01a-000a-6ac2-0b1e6d000000",
        "x-ms-version": "2025-11-05"
      },
      "ResponseBody": null
    },
    {
      "RequestUri": "https://nickliuproductionacc.file.core.windows.net/test-share-cbec93c6-8da5-89e7-9032-f60fb3b7bda8?restype=share",
      "RequestMethod": "PUT",
      "RequestHeaders": {
        "Accept": "application/xml",
        "Authorization": "Sanitized",
        "Content-Length": "0",
        "traceparent": "00-bdf790baad3e87874b81918ed12fd031-062f7e503370e0a3-00",
        "User-Agent": "azsdk-net-Storage.Files.Shares/12.24.0-alpha.20250812.1 (.NET 8.0.19; Microsoft Windows 10.0.26100)",
        "x-ms-client-request-id": "Sanitized",
        "x-ms-date": "Tue, 12 Aug 2025 19:51:15 GMT",
        "x-ms-return-client-request-id": "true",
        "x-ms-version": "2025-11-05"
      },
      "RequestBody": null,
      "StatusCode": 201,
      "ResponseHeaders": {
        "Content-Length": "0",
        "Date": "Tue, 12 Aug 2025 19:51:11 GMT",
        "ETag": "\"0x8DDD9D996A7AB25\"",
        "Last-Modified": "Tue, 12 Aug 2025 19:51:11 GMT",
        "Server": [
          "Windows-Azure-File/1.0",
          "Microsoft-HTTPAPI/2.0"
        ],
        "x-ms-client-request-id": "Sanitized",
        "x-ms-request-id": "20cf6902-d01a-000a-6bc2-0b1e6d000000",
        "x-ms-version": "2025-11-05"
      },
      "ResponseBody": null
    },
    {
      "RequestUri": "https://nickliuproductionacc.file.core.windows.net/test-share-6b0e4ce8-2fd9-719b-a013-9c5184aed0e3/sourceFolder?sv=Sanitized&ss=f&srt=sco&se=2025-08-13T19%3A51%3A15Z&sp=rwdxylacuptfi&sig=Sanitized&restype=directory",
      "RequestMethod": "PUT",
      "RequestHeaders": {
        "Accept": "application/xml",
        "Content-Length": "0",
        "traceparent": "00-c626804000463174b5bd2ccc3f23217e-b53dd535cee47247-00",
        "User-Agent": "azsdk-net-Storage.Files.Shares/12.24.0-alpha.20250812.1 (.NET 8.0.19; Microsoft Windows 10.0.26100)",
        "x-ms-client-request-id": "Sanitized",
        "x-ms-file-attributes": "Hidden|Directory",
        "x-ms-file-change-time": "2024-04-01T13:30:03.0000000Z",
        "x-ms-file-creation-time": "2024-04-01T09:05:55.0000000Z",
        "x-ms-file-last-write-time": "2024-04-01T12:16:06.0000000Z",
        "x-ms-file-permission": "O:BAG:BAD:(A;;FA;;;SY)(A;;FA;;;BA)(A;;0x1200a9;;;BU)S:NO_ACCESS_CONTROL",
        "x-ms-meta-Capital": "letter",
        "x-ms-meta-foo": "bar",
        "x-ms-meta-meta": "data",
        "x-ms-meta-UPPER": "case",
        "x-ms-return-client-request-id": "true",
        "x-ms-version": "2025-11-05"
      },
      "RequestBody": null,
      "StatusCode": 201,
      "ResponseHeaders": {
        "Content-Length": "0",
        "Date": "Tue, 12 Aug 2025 19:51:11 GMT",
        "ETag": "\"0x8DDD9D996AEB72E\"",
        "Last-Modified": "Tue, 12 Aug 2025 19:51:11 GMT",
        "Server": [
          "Windows-Azure-File/1.0",
          "Microsoft-HTTPAPI/2.0"
        ],
        "x-ms-client-request-id": "Sanitized",
        "x-ms-file-attributes": "Hidden | Directory",
        "x-ms-file-change-time": "2024-04-01T13:30:03.0000000Z",
        "x-ms-file-creation-time": "2024-04-01T09:05:55.0000000Z",
        "x-ms-file-id": "13835128424026341376",
        "x-ms-file-last-write-time": "2024-04-01T12:16:06.0000000Z",
        "x-ms-file-parent-id": "0",
        "x-ms-file-permission-key": "5039193815455859307*16083086822043778878",
        "x-ms-request-id": "20cf6904-d01a-000a-6cc2-0b1e6d000000",
        "x-ms-request-server-encrypted": "true",
        "x-ms-version": "2025-11-05"
      },
      "ResponseBody": null
    },
    {
      "RequestUri": "https://nickliuproductionacc.file.core.windows.net/test-share-6b0e4ce8-2fd9-719b-a013-9c5184aed0e3/sourceFolder/item1?sv=Sanitized&ss=f&srt=sco&se=2025-08-13T19%3A51%3A15Z&sp=rwdxylacuptfi&sig=Sanitized",
      "RequestMethod": "PUT",
      "RequestHeaders": {
        "Accept": "application/xml",
        "Content-Length": "0",
        "traceparent": "00-078d8305e6d2e9be458bfa8ab69b39bd-f242c0b4df824e46-00",
        "User-Agent": "azsdk-net-Storage.Files.Shares/12.24.0-alpha.20250812.1 (.NET 8.0.19; Microsoft Windows 10.0.26100)",
        "x-ms-cache-control": "no-cache",
        "x-ms-client-request-id": "Sanitized",
        "x-ms-content-disposition": "inline",
        "x-ms-content-language": "en-US,en-CA",
        "x-ms-content-length": "1024",
        "x-ms-file-attributes": "None",
        "x-ms-file-change-time": "2024-04-01T13:30:03.0000000Z",
        "x-ms-file-creation-time": "2024-04-01T09:05:55.0000000Z",
        "x-ms-file-last-write-time": "2024-04-01T12:16:06.0000000Z",
        "x-ms-meta-Capital": "letter",
        "x-ms-meta-foo": "bar",
        "x-ms-meta-meta": "data",
        "x-ms-meta-UPPER": "case",
        "x-ms-return-client-request-id": "true",
        "x-ms-type": "file",
        "x-ms-version": "2025-11-05"
      },
      "RequestBody": null,
      "StatusCode": 201,
      "ResponseHeaders": {
        "Content-Length": "0",
        "Date": "Tue, 12 Aug 2025 19:51:11 GMT",
        "ETag": "\"0x8DDD9D996B28376\"",
        "Last-Modified": "Tue, 12 Aug 2025 19:51:11 GMT",
        "Server": [
          "Windows-Azure-File/1.0",
          "Microsoft-HTTPAPI/2.0"
        ],
        "x-ms-client-request-id": "Sanitized",
        "x-ms-file-attributes": "Archive",
        "x-ms-file-change-time": "2024-04-01T13:30:03.0000000Z",
        "x-ms-file-creation-time": "2024-04-01T09:05:55.0000000Z",
        "x-ms-file-id": "11529285414812647424",
        "x-ms-file-last-write-time": "2024-04-01T12:16:06.0000000Z",
        "x-ms-file-parent-id": "13835128424026341376",
        "x-ms-file-permission-key": "15167526619900346915*16083086822043778878",
        "x-ms-request-id": "20cf6905-d01a-000a-6dc2-0b1e6d000000",
        "x-ms-request-server-encrypted": "true",
        "x-ms-version": "2025-11-05"
      },
      "ResponseBody": null
    },
    {
      "RequestUri": "https://nickliuproductionacc.file.core.windows.net/test-share-6b0e4ce8-2fd9-719b-a013-9c5184aed0e3/sourceFolder/item2?sv=Sanitized&ss=f&srt=sco&se=2025-08-13T19%3A51%3A15Z&sp=rwdxylacuptfi&sig=Sanitized",
      "RequestMethod": "PUT",
      "RequestHeaders": {
        "Accept": "application/xml",
        "Content-Length": "0",
        "traceparent": "00-c5edbb1866db9d859600ec1a48d15547-1f164959944ab53a-00",
        "User-Agent": "azsdk-net-Storage.Files.Shares/12.24.0-alpha.20250812.1 (.NET 8.0.19; Microsoft Windows 10.0.26100)",
        "x-ms-cache-control": "no-cache",
        "x-ms-client-request-id": "Sanitized",
        "x-ms-content-disposition": "inline",
        "x-ms-content-language": "en-US,en-CA",
        "x-ms-content-length": "1024",
        "x-ms-file-attributes": "None",
        "x-ms-file-change-time": "2024-04-01T13:30:03.0000000Z",
        "x-ms-file-creation-time": "2024-04-01T09:05:55.0000000Z",
        "x-ms-file-last-write-time": "2024-04-01T12:16:06.0000000Z",
        "x-ms-meta-Capital": "letter",
        "x-ms-meta-foo": "bar",
        "x-ms-meta-meta": "data",
        "x-ms-meta-UPPER": "case",
        "x-ms-return-client-request-id": "true",
        "x-ms-type": "file",
        "x-ms-version": "2025-11-05"
      },
      "RequestBody": null,
      "StatusCode": 201,
      "ResponseHeaders": {
        "Content-Length": "0",
        "Date": "Tue, 12 Aug 2025 19:51:11 GMT",
        "ETag": "\"0x8DDD9D996B76004\"",
        "Last-Modified": "Tue, 12 Aug 2025 19:51:11 GMT",
        "Server": [
          "Windows-Azure-File/1.0",
          "Microsoft-HTTPAPI/2.0"
        ],
        "x-ms-client-request-id": "Sanitized",
        "x-ms-file-attributes": "Archive",
        "x-ms-file-change-time": "2024-04-01T13:30:03.0000000Z",
        "x-ms-file-creation-time": "2024-04-01T09:05:55.0000000Z",
        "x-ms-file-id": "16140971433240035328",
        "x-ms-file-last-write-time": "2024-04-01T12:16:06.0000000Z",
        "x-ms-file-parent-id": "13835128424026341376",
        "x-ms-file-permission-key": "15167526619900346915*16083086822043778878",
        "x-ms-request-id": "20cf6906-d01a-000a-6ec2-0b1e6d000000",
        "x-ms-request-server-encrypted": "true",
        "x-ms-version": "2025-11-05"
      },
      "ResponseBody": null
    },
    {
      "RequestUri": "https://nickliuproductionacc.file.core.windows.net/test-share-6b0e4ce8-2fd9-719b-a013-9c5184aed0e3/sourceFolder/bar?sv=Sanitized&ss=f&srt=sco&se=2025-08-13T19%3A51%3A15Z&sp=rwdxylacuptfi&sig=Sanitized&restype=directory",
      "RequestMethod": "PUT",
      "RequestHeaders": {
        "Accept": "application/xml",
        "Content-Length": "0",
        "traceparent": "00-ad64c0023c4debfaa251f4cc3042df83-3efab34575ea74a5-00",
        "User-Agent": "azsdk-net-Storage.Files.Shares/12.24.0-alpha.20250812.1 (.NET 8.0.19; Microsoft Windows 10.0.26100)",
        "x-ms-client-request-id": "Sanitized",
        "x-ms-file-attributes": "Hidden|Directory",
        "x-ms-file-change-time": "2024-04-01T13:30:03.0000000Z",
        "x-ms-file-creation-time": "2024-04-01T09:05:55.0000000Z",
        "x-ms-file-last-write-time": "2024-04-01T12:16:06.0000000Z",
        "x-ms-file-permission": "O:BAG:BAD:(A;;FA;;;SY)(A;;FA;;;BA)(A;;0x1200a9;;;BU)S:NO_ACCESS_CONTROL",
        "x-ms-meta-Capital": "letter",
        "x-ms-meta-foo": "bar",
        "x-ms-meta-meta": "data",
        "x-ms-meta-UPPER": "case",
        "x-ms-return-client-request-id": "true",
        "x-ms-version": "2025-11-05"
      },
      "RequestBody": null,
      "StatusCode": 201,
      "ResponseHeaders": {
        "Content-Length": "0",
        "Date": "Tue, 12 Aug 2025 19:51:11 GMT",
        "ETag": "\"0x8DDD9D996BBC7E0\"",
        "Last-Modified": "Tue, 12 Aug 2025 19:51:11 GMT",
        "Server": [
          "Windows-Azure-File/1.0",
          "Microsoft-HTTPAPI/2.0"
        ],
        "x-ms-client-request-id": "Sanitized",
        "x-ms-file-attributes": "Hidden | Directory",
        "x-ms-file-change-time": "2024-04-01T13:30:03.0000000Z",
        "x-ms-file-creation-time": "2024-04-01T09:05:55.0000000Z",
        "x-ms-file-id": "10376363910205800448",
        "x-ms-file-last-write-time": "2024-04-01T12:16:06.0000000Z",
        "x-ms-file-parent-id": "13835128424026341376",
        "x-ms-file-permission-key": "5039193815455859307*16083086822043778878",
        "x-ms-request-id": "20cf6907-d01a-000a-6fc2-0b1e6d000000",
        "x-ms-request-server-encrypted": "true",
        "x-ms-version": "2025-11-05"
      },
      "ResponseBody": null
    },
    {
      "RequestUri": "https://nickliuproductionacc.file.core.windows.net/test-share-6b0e4ce8-2fd9-719b-a013-9c5184aed0e3/sourceFolder/bar/item3?sv=Sanitized&ss=f&srt=sco&se=2025-08-13T19%3A51%3A15Z&sp=rwdxylacuptfi&sig=Sanitized",
      "RequestMethod": "PUT",
      "RequestHeaders": {
        "Accept": "application/xml",
        "Content-Length": "0",
        "traceparent": "00-e06c3e11d6107984bcc5035799acca97-a5696ed81a7a6a41-00",
        "User-Agent": "azsdk-net-Storage.Files.Shares/12.24.0-alpha.20250812.1 (.NET 8.0.19; Microsoft Windows 10.0.26100)",
        "x-ms-cache-control": "no-cache",
        "x-ms-client-request-id": "Sanitized",
        "x-ms-content-disposition": "inline",
        "x-ms-content-language": "en-US,en-CA",
        "x-ms-content-length": "1024",
        "x-ms-file-attributes": "None",
        "x-ms-file-change-time": "2024-04-01T13:30:03.0000000Z",
        "x-ms-file-creation-time": "2024-04-01T09:05:55.0000000Z",
        "x-ms-file-last-write-time": "2024-04-01T12:16:06.0000000Z",
        "x-ms-meta-Capital": "letter",
        "x-ms-meta-foo": "bar",
        "x-ms-meta-meta": "data",
        "x-ms-meta-UPPER": "case",
        "x-ms-return-client-request-id": "true",
        "x-ms-type": "file",
        "x-ms-version": "2025-11-05"
      },
      "RequestBody": null,
      "StatusCode": 201,
      "ResponseHeaders": {
        "Content-Length": "0",
        "Date": "Tue, 12 Aug 2025 19:51:11 GMT",
        "ETag": "\"0x8DDD9D996C02FBD\"",
        "Last-Modified": "Tue, 12 Aug 2025 19:51:11 GMT",
        "Server": [
          "Windows-Azure-File/1.0",
          "Microsoft-HTTPAPI/2.0"
        ],
        "x-ms-client-request-id": "Sanitized",
        "x-ms-file-attributes": "Archive",
        "x-ms-file-change-time": "2024-04-01T13:30:03.0000000Z",
        "x-ms-file-creation-time": "2024-04-01T09:05:55.0000000Z",
        "x-ms-file-id": "14988049928633188352",
        "x-ms-file-last-write-time": "2024-04-01T12:16:06.0000000Z",
        "x-ms-file-parent-id": "10376363910205800448",
        "x-ms-file-permission-key": "15167526619900346915*16083086822043778878",
        "x-ms-request-id": "20cf6908-d01a-000a-70c2-0b1e6d000000",
        "x-ms-request-server-encrypted": "true",
        "x-ms-version": "2025-11-05"
      },
      "ResponseBody": null
    },
    {
      "RequestUri": "https://nickliuproductionacc.file.core.windows.net/test-share-6b0e4ce8-2fd9-719b-a013-9c5184aed0e3/sourceFolder/pik?sv=Sanitized&ss=f&srt=sco&se=2025-08-13T19%3A51%3A15Z&sp=rwdxylacuptfi&sig=Sanitized&restype=directory",
      "RequestMethod": "PUT",
      "RequestHeaders": {
        "Accept": "application/xml",
        "Content-Length": "0",
        "traceparent": "00-31f91f48da6e529c6c5877cce03cd4b1-08855cfed2d07a99-00",
        "User-Agent": "azsdk-net-Storage.Files.Shares/12.24.0-alpha.20250812.1 (.NET 8.0.19; Microsoft Windows 10.0.26100)",
        "x-ms-client-request-id": "Sanitized",
        "x-ms-file-attributes": "Hidden|Directory",
        "x-ms-file-change-time": "2024-04-01T13:30:03.0000000Z",
        "x-ms-file-creation-time": "2024-04-01T09:05:55.0000000Z",
        "x-ms-file-last-write-time": "2024-04-01T12:16:06.0000000Z",
        "x-ms-file-permission": "O:BAG:BAD:(A;;FA;;;SY)(A;;FA;;;BA)(A;;0x1200a9;;;BU)S:NO_ACCESS_CONTROL",
        "x-ms-meta-Capital": "letter",
        "x-ms-meta-foo": "bar",
        "x-ms-meta-meta": "data",
        "x-ms-meta-UPPER": "case",
        "x-ms-return-client-request-id": "true",
        "x-ms-version": "2025-11-05"
      },
      "RequestBody": null,
      "StatusCode": 201,
      "ResponseHeaders": {
        "Content-Length": "0",
        "Date": "Tue, 12 Aug 2025 19:51:11 GMT",
        "ETag": "\"0x8DDD9D996C4BE7A\"",
        "Last-Modified": "Tue, 12 Aug 2025 19:51:11 GMT",
        "Server": [
          "Windows-Azure-File/1.0",
          "Microsoft-HTTPAPI/2.0"
        ],
        "x-ms-client-request-id": "Sanitized",
        "x-ms-file-attributes": "Hidden | Directory",
        "x-ms-file-change-time": "2024-04-01T13:30:03.0000000Z",
        "x-ms-file-creation-time": "2024-04-01T09:05:55.0000000Z",
        "x-ms-file-id": "12682206919419494400",
        "x-ms-file-last-write-time": "2024-04-01T12:16:06.0000000Z",
        "x-ms-file-parent-id": "13835128424026341376",
        "x-ms-file-permission-key": "5039193815455859307*16083086822043778878",
        "x-ms-request-id": "20cf6909-d01a-000a-71c2-0b1e6d000000",
        "x-ms-request-server-encrypted": "true",
        "x-ms-version": "2025-11-05"
      },
      "ResponseBody": null
    },
    {
      "RequestUri": "https://nickliuproductionacc.file.core.windows.net/test-share-6b0e4ce8-2fd9-719b-a013-9c5184aed0e3/sourceFolder/pik/item4?sv=Sanitized&ss=f&srt=sco&se=2025-08-13T19%3A51%3A15Z&sp=rwdxylacuptfi&sig=Sanitized",
      "RequestMethod": "PUT",
      "RequestHeaders": {
        "Accept": "application/xml",
        "Content-Length": "0",
        "traceparent": "00-54efb9e6d17c3518de86b1b85114df15-fca7da3bcbcbd894-00",
        "User-Agent": "azsdk-net-Storage.Files.Shares/12.24.0-alpha.20250812.1 (.NET 8.0.19; Microsoft Windows 10.0.26100)",
        "x-ms-cache-control": "no-cache",
        "x-ms-client-request-id": "Sanitized",
        "x-ms-content-disposition": "inline",
        "x-ms-content-language": "en-US,en-CA",
        "x-ms-content-length": "1024",
        "x-ms-file-attributes": "None",
        "x-ms-file-change-time": "2024-04-01T13:30:03.0000000Z",
        "x-ms-file-creation-time": "2024-04-01T09:05:55.0000000Z",
        "x-ms-file-last-write-time": "2024-04-01T12:16:06.0000000Z",
        "x-ms-meta-Capital": "letter",
        "x-ms-meta-foo": "bar",
        "x-ms-meta-meta": "data",
        "x-ms-meta-UPPER": "case",
        "x-ms-return-client-request-id": "true",
        "x-ms-type": "file",
        "x-ms-version": "2025-11-05"
      },
      "RequestBody": null,
      "StatusCode": 201,
      "ResponseHeaders": {
        "Content-Length": "0",
        "Date": "Tue, 12 Aug 2025 19:51:11 GMT",
        "ETag": "\"0x8DDD9D996C8FF75\"",
        "Last-Modified": "Tue, 12 Aug 2025 19:51:11 GMT",
        "Server": [
          "Windows-Azure-File/1.0",
          "Microsoft-HTTPAPI/2.0"
        ],
        "x-ms-client-request-id": "Sanitized",
        "x-ms-file-attributes": "Archive",
        "x-ms-file-change-time": "2024-04-01T13:30:03.0000000Z",
        "x-ms-file-creation-time": "2024-04-01T09:05:55.0000000Z",
        "x-ms-file-id": "17293892937846882304",
        "x-ms-file-last-write-time": "2024-04-01T12:16:06.0000000Z",
        "x-ms-file-parent-id": "12682206919419494400",
        "x-ms-file-permission-key": "15167526619900346915*16083086822043778878",
        "x-ms-request-id": "20cf690a-d01a-000a-72c2-0b1e6d000000",
        "x-ms-request-server-encrypted": "true",
        "x-ms-version": "2025-11-05"
      },
      "ResponseBody": null
    },
    {
      "RequestUri": "https://nickliuproductionacc.file.core.windows.net/test-share-cbec93c6-8da5-89e7-9032-f60fb3b7bda8/destFolder?restype=directory",
      "RequestMethod": "PUT",
      "RequestHeaders": {
        "Accept": "application/xml",
        "Authorization": "Sanitized",
        "Content-Length": "0",
        "traceparent": "00-4d97601083e790885601915c8a0bf213-6d2eb15bddc8da27-00",
        "User-Agent": "azsdk-net-Storage.Files.Shares/12.24.0-alpha.20250812.1 (.NET 8.0.19; Microsoft Windows 10.0.26100)",
        "x-ms-client-request-id": "Sanitized",
        "x-ms-date": "Tue, 12 Aug 2025 19:51:16 GMT",
        "x-ms-file-attributes": "System|Directory",
        "x-ms-file-change-time": "2021-09-01T09:05:55.0000000Z",
        "x-ms-file-creation-time": "2021-08-01T09:05:55.0000000Z",
        "x-ms-file-last-write-time": "2021-10-01T09:05:55.0000000Z",
        "x-ms-file-permission": "O:S-1-5-21-2127521184-1604012920-1887927527-21560751G:S-1-5-21-2127521184-1604012920-1887927527-513D:AI(A;;FA;;;SY)(A;;FA;;;BA)(A;;0x1200a9;;;S-1-5-21-397955417-626881126-188441444-3053964)S:NO_ACCESS_CONTROL",
        "x-ms-meta-tagKey0": "tagValue0",
        "x-ms-meta-tagKey1": "tagValue1",
        "x-ms-return-client-request-id": "true",
        "x-ms-version": "2025-11-05"
      },
      "RequestBody": null,
      "StatusCode": 201,
      "ResponseHeaders": {
        "Content-Length": "0",
        "Date": "Tue, 12 Aug 2025 19:51:11 GMT",
        "ETag": "\"0x8DDD9D996CE50AB\"",
        "Last-Modified": "Tue, 12 Aug 2025 19:51:11 GMT",
        "Server": [
          "Windows-Azure-File/1.0",
          "Microsoft-HTTPAPI/2.0"
        ],
        "x-ms-client-request-id": "Sanitized",
        "x-ms-file-attributes": "System | Directory",
        "x-ms-file-change-time": "2021-09-01T09:05:55.0000000Z",
        "x-ms-file-creation-time": "2021-08-01T09:05:55.0000000Z",
        "x-ms-file-id": "13835128424026341376",
        "x-ms-file-last-write-time": "2021-10-01T09:05:55.0000000Z",
        "x-ms-file-parent-id": "0",
        "x-ms-file-permission-key": "4404247679626324875*16083086822043778878",
        "x-ms-request-id": "20cf690b-d01a-000a-73c2-0b1e6d000000",
        "x-ms-request-server-encrypted": "true",
        "x-ms-version": "2025-11-05"
      },
      "ResponseBody": null
    },
    {
      "RequestUri": "https://nickliuproductionacc.file.core.windows.net/test-share-cbec93c6-8da5-89e7-9032-f60fb3b7bda8/destFolder/item1",
      "RequestMethod": "PUT",
      "RequestHeaders": {
        "Accept": "application/xml",
        "Authorization": "Sanitized",
        "Content-Length": "0",
        "traceparent": "00-1ccb082613b62cb931d5a8a3f5f045b1-917ed008b8eef0c0-00",
        "User-Agent": "azsdk-net-Storage.Files.Shares/12.24.0-alpha.20250812.1 (.NET 8.0.19; Microsoft Windows 10.0.26100)",
        "x-ms-cache-control": "no-cache",
        "x-ms-client-request-id": "Sanitized",
        "x-ms-content-disposition": "inline",
        "x-ms-content-language": "en-US,en-CA",
        "x-ms-content-length": "1024",
        "x-ms-date": "Tue, 12 Aug 2025 19:51:16 GMT",
        "x-ms-file-attributes": "None",
        "x-ms-file-change-time": "2024-04-01T13:30:03.0000000Z",
        "x-ms-file-creation-time": "2024-04-01T09:05:55.0000000Z",
        "x-ms-file-last-write-time": "2024-04-01T12:16:06.0000000Z",
        "x-ms-meta-Capital": "letter",
        "x-ms-meta-foo": "bar",
        "x-ms-meta-meta": "data",
        "x-ms-meta-UPPER": "case",
        "x-ms-return-client-request-id": "true",
        "x-ms-type": "file",
        "x-ms-version": "2025-11-05"
      },
      "RequestBody": null,
      "StatusCode": 201,
      "ResponseHeaders": {
        "Content-Length": "0",
        "Date": "Tue, 12 Aug 2025 19:51:11 GMT",
        "ETag": "\"0x8DDD9D996D21CF8\"",
        "Last-Modified": "Tue, 12 Aug 2025 19:51:11 GMT",
        "Server": [
          "Windows-Azure-File/1.0",
          "Microsoft-HTTPAPI/2.0"
        ],
        "x-ms-client-request-id": "Sanitized",
        "x-ms-file-attributes": "Archive",
        "x-ms-file-change-time": "2024-04-01T13:30:03.0000000Z",
        "x-ms-file-creation-time": "2024-04-01T09:05:55.0000000Z",
        "x-ms-file-id": "11529285414812647424",
        "x-ms-file-last-write-time": "2024-04-01T12:16:06.0000000Z",
        "x-ms-file-parent-id": "13835128424026341376",
        "x-ms-file-permission-key": "15167526619900346915*16083086822043778878",
        "x-ms-request-id": "20cf690c-d01a-000a-74c2-0b1e6d000000",
        "x-ms-request-server-encrypted": "true",
        "x-ms-version": "2025-11-05"
      },
      "ResponseBody": null
    },
    {
      "RequestUri": "https://nickliuproductionacc.file.core.windows.net/test-share-cbec93c6-8da5-89e7-9032-f60fb3b7bda8/destFolder/item2",
      "RequestMethod": "PUT",
      "RequestHeaders": {
        "Accept": "application/xml",
        "Authorization": "Sanitized",
        "Content-Length": "0",
        "traceparent": "00-04fd6ceaf3983454e062fb5db375d7c2-413df28a0f4c02aa-00",
        "User-Agent": "azsdk-net-Storage.Files.Shares/12.24.0-alpha.20250812.1 (.NET 8.0.19; Microsoft Windows 10.0.26100)",
        "x-ms-cache-control": "no-cache",
        "x-ms-client-request-id": "Sanitized",
        "x-ms-content-disposition": "inline",
        "x-ms-content-language": "en-US,en-CA",
        "x-ms-content-length": "1024",
        "x-ms-date": "Tue, 12 Aug 2025 19:51:16 GMT",
        "x-ms-file-attributes": "None",
        "x-ms-file-change-time": "2024-04-01T13:30:03.0000000Z",
        "x-ms-file-creation-time": "2024-04-01T09:05:55.0000000Z",
        "x-ms-file-last-write-time": "2024-04-01T12:16:06.0000000Z",
        "x-ms-meta-Capital": "letter",
        "x-ms-meta-foo": "bar",
        "x-ms-meta-meta": "data",
        "x-ms-meta-UPPER": "case",
        "x-ms-return-client-request-id": "true",
        "x-ms-type": "file",
        "x-ms-version": "2025-11-05"
      },
      "RequestBody": null,
      "StatusCode": 201,
      "ResponseHeaders": {
        "Content-Length": "0",
        "Date": "Tue, 12 Aug 2025 19:51:11 GMT",
        "ETag": "\"0x8DDD9D996D684E4\"",
        "Last-Modified": "Tue, 12 Aug 2025 19:51:11 GMT",
        "Server": [
          "Windows-Azure-File/1.0",
          "Microsoft-HTTPAPI/2.0"
        ],
        "x-ms-client-request-id": "Sanitized",
        "x-ms-file-attributes": "Archive",
        "x-ms-file-change-time": "2024-04-01T13:30:03.0000000Z",
        "x-ms-file-creation-time": "2024-04-01T09:05:55.0000000Z",
        "x-ms-file-id": "16140971433240035328",
        "x-ms-file-last-write-time": "2024-04-01T12:16:06.0000000Z",
        "x-ms-file-parent-id": "13835128424026341376",
        "x-ms-file-permission-key": "15167526619900346915*16083086822043778878",
        "x-ms-request-id": "20cf690d-d01a-000a-75c2-0b1e6d000000",
        "x-ms-request-server-encrypted": "true",
        "x-ms-version": "2025-11-05"
      },
      "ResponseBody": null
    },
    {
      "RequestUri": "https://nickliuproductionacc.file.core.windows.net/test-share-cbec93c6-8da5-89e7-9032-f60fb3b7bda8/destFolder/bar?restype=directory",
      "RequestMethod": "PUT",
      "RequestHeaders": {
        "Accept": "application/xml",
        "Authorization": "Sanitized",
        "Content-Length": "0",
        "traceparent": "00-84dd4a293d98bfa63cc41398d1f5e110-6b1629f8ceb5ce01-00",
        "User-Agent": "azsdk-net-Storage.Files.Shares/12.24.0-alpha.20250812.1 (.NET 8.0.19; Microsoft Windows 10.0.26100)",
        "x-ms-client-request-id": "Sanitized",
        "x-ms-date": "Tue, 12 Aug 2025 19:51:16 GMT",
        "x-ms-file-attributes": "System|Directory",
        "x-ms-file-change-time": "2021-09-01T09:05:55.0000000Z",
        "x-ms-file-creation-time": "2021-08-01T09:05:55.0000000Z",
        "x-ms-file-last-write-time": "2021-10-01T09:05:55.0000000Z",
        "x-ms-file-permission": "O:S-1-5-21-2127521184-1604012920-1887927527-21560751G:S-1-5-21-2127521184-1604012920-1887927527-513D:AI(A;;FA;;;SY)(A;;FA;;;BA)(A;;0x1200a9;;;S-1-5-21-397955417-626881126-188441444-3053964)S:NO_ACCESS_CONTROL",
        "x-ms-meta-tagKey0": "tagValue0",
        "x-ms-meta-tagKey1": "tagValue1",
        "x-ms-return-client-request-id": "true",
        "x-ms-version": "2025-11-05"
      },
      "RequestBody": null,
      "StatusCode": 201,
      "ResponseHeaders": {
        "Content-Length": "0",
        "Date": "Tue, 12 Aug 2025 19:51:11 GMT",
        "ETag": "\"0x8DDD9D996DB139D\"",
        "Last-Modified": "Tue, 12 Aug 2025 19:51:11 GMT",
        "Server": [
          "Windows-Azure-File/1.0",
          "Microsoft-HTTPAPI/2.0"
        ],
        "x-ms-client-request-id": "Sanitized",
        "x-ms-file-attributes": "System | Directory",
        "x-ms-file-change-time": "2021-09-01T09:05:55.0000000Z",
        "x-ms-file-creation-time": "2021-08-01T09:05:55.0000000Z",
        "x-ms-file-id": "10376363910205800448",
        "x-ms-file-last-write-time": "2021-10-01T09:05:55.0000000Z",
        "x-ms-file-parent-id": "13835128424026341376",
        "x-ms-file-permission-key": "4404247679626324875*16083086822043778878",
        "x-ms-request-id": "20cf690e-d01a-000a-76c2-0b1e6d000000",
        "x-ms-request-server-encrypted": "true",
        "x-ms-version": "2025-11-05"
      },
      "ResponseBody": null
    },
    {
      "RequestUri": "https://nickliuproductionacc.file.core.windows.net/test-share-cbec93c6-8da5-89e7-9032-f60fb3b7bda8/destFolder/bar/item3",
      "RequestMethod": "PUT",
      "RequestHeaders": {
        "Accept": "application/xml",
        "Authorization": "Sanitized",
        "Content-Length": "0",
        "traceparent": "00-3c32ae4d617fc5f650aec179c2aa083d-ac7ff490648ea3cf-00",
        "User-Agent": "azsdk-net-Storage.Files.Shares/12.24.0-alpha.20250812.1 (.NET 8.0.19; Microsoft Windows 10.0.26100)",
        "x-ms-cache-control": "no-cache",
        "x-ms-client-request-id": "Sanitized",
        "x-ms-content-disposition": "inline",
        "x-ms-content-language": "en-US,en-CA",
        "x-ms-content-length": "1024",
        "x-ms-date": "Tue, 12 Aug 2025 19:51:16 GMT",
        "x-ms-file-attributes": "None",
        "x-ms-file-change-time": "2024-04-01T13:30:03.0000000Z",
        "x-ms-file-creation-time": "2024-04-01T09:05:55.0000000Z",
        "x-ms-file-last-write-time": "2024-04-01T12:16:06.0000000Z",
        "x-ms-meta-Capital": "letter",
        "x-ms-meta-foo": "bar",
        "x-ms-meta-meta": "data",
        "x-ms-meta-UPPER": "case",
        "x-ms-return-client-request-id": "true",
        "x-ms-type": "file",
        "x-ms-version": "2025-11-05"
      },
      "RequestBody": null,
      "StatusCode": 201,
      "ResponseHeaders": {
        "Content-Length": "0",
        "Date": "Tue, 12 Aug 2025 19:51:11 GMT",
        "ETag": "\"0x8DDD9D996DFA24F\"",
        "Last-Modified": "Tue, 12 Aug 2025 19:51:11 GMT",
        "Server": [
          "Windows-Azure-File/1.0",
          "Microsoft-HTTPAPI/2.0"
        ],
        "x-ms-client-request-id": "Sanitized",
        "x-ms-file-attributes": "Archive",
        "x-ms-file-change-time": "2024-04-01T13:30:03.0000000Z",
        "x-ms-file-creation-time": "2024-04-01T09:05:55.0000000Z",
        "x-ms-file-id": "14988049928633188352",
        "x-ms-file-last-write-time": "2024-04-01T12:16:06.0000000Z",
        "x-ms-file-parent-id": "10376363910205800448",
        "x-ms-file-permission-key": "15167526619900346915*16083086822043778878",
        "x-ms-request-id": "20cf690f-d01a-000a-77c2-0b1e6d000000",
        "x-ms-request-server-encrypted": "true",
        "x-ms-version": "2025-11-05"
      },
      "ResponseBody": null
    },
    {
      "RequestUri": "https://nickliuproductionacc.file.core.windows.net/test-share-cbec93c6-8da5-89e7-9032-f60fb3b7bda8/destFolder/pik?restype=directory",
      "RequestMethod": "PUT",
      "RequestHeaders": {
        "Accept": "application/xml",
        "Authorization": "Sanitized",
        "Content-Length": "0",
        "traceparent": "00-7f83bbfd0c5afa157ee613f95b779aed-4619fda1cafc098b-00",
        "User-Agent": "azsdk-net-Storage.Files.Shares/12.24.0-alpha.20250812.1 (.NET 8.0.19; Microsoft Windows 10.0.26100)",
        "x-ms-client-request-id": "Sanitized",
        "x-ms-date": "Tue, 12 Aug 2025 19:51:16 GMT",
        "x-ms-file-attributes": "System|Directory",
        "x-ms-file-change-time": "2021-09-01T09:05:55.0000000Z",
        "x-ms-file-creation-time": "2021-08-01T09:05:55.0000000Z",
        "x-ms-file-last-write-time": "2021-10-01T09:05:55.0000000Z",
        "x-ms-file-permission": "O:S-1-5-21-2127521184-1604012920-1887927527-21560751G:S-1-5-21-2127521184-1604012920-1887927527-513D:AI(A;;FA;;;SY)(A;;FA;;;BA)(A;;0x1200a9;;;S-1-5-21-397955417-626881126-188441444-3053964)S:NO_ACCESS_CONTROL",
        "x-ms-meta-tagKey0": "tagValue0",
        "x-ms-meta-tagKey1": "tagValue1",
        "x-ms-return-client-request-id": "true",
        "x-ms-version": "2025-11-05"
      },
      "RequestBody": null,
      "StatusCode": 201,
      "ResponseHeaders": {
        "Content-Length": "0",
        "Date": "Tue, 12 Aug 2025 19:51:11 GMT",
        "ETag": "\"0x8DDD9D996E4311C\"",
        "Last-Modified": "Tue, 12 Aug 2025 19:51:11 GMT",
        "Server": [
          "Windows-Azure-File/1.0",
          "Microsoft-HTTPAPI/2.0"
        ],
        "x-ms-client-request-id": "Sanitized",
        "x-ms-file-attributes": "System | Directory",
        "x-ms-file-change-time": "2021-09-01T09:05:55.0000000Z",
        "x-ms-file-creation-time": "2021-08-01T09:05:55.0000000Z",
        "x-ms-file-id": "12682206919419494400",
        "x-ms-file-last-write-time": "2021-10-01T09:05:55.0000000Z",
        "x-ms-file-parent-id": "13835128424026341376",
        "x-ms-file-permission-key": "4404247679626324875*16083086822043778878",
        "x-ms-request-id": "20cf6910-d01a-000a-78c2-0b1e6d000000",
        "x-ms-request-server-encrypted": "true",
        "x-ms-version": "2025-11-05"
      },
      "ResponseBody": null
    },
    {
      "RequestUri": "https://nickliuproductionacc.file.core.windows.net/test-share-cbec93c6-8da5-89e7-9032-f60fb3b7bda8/destFolder/pik/item4",
      "RequestMethod": "PUT",
      "RequestHeaders": {
        "Accept": "application/xml",
        "Authorization": "Sanitized",
        "Content-Length": "0",
        "traceparent": "00-95478699e4befbacfc35501ba35a182a-483d78d861180de4-00",
        "User-Agent": "azsdk-net-Storage.Files.Shares/12.24.0-alpha.20250812.1 (.NET 8.0.19; Microsoft Windows 10.0.26100)",
        "x-ms-cache-control": "no-cache",
        "x-ms-client-request-id": "Sanitized",
        "x-ms-content-disposition": "inline",
        "x-ms-content-language": "en-US,en-CA",
        "x-ms-content-length": "1024",
        "x-ms-date": "Tue, 12 Aug 2025 19:51:16 GMT",
        "x-ms-file-attributes": "None",
        "x-ms-file-change-time": "2024-04-01T13:30:03.0000000Z",
        "x-ms-file-creation-time": "2024-04-01T09:05:55.0000000Z",
        "x-ms-file-last-write-time": "2024-04-01T12:16:06.0000000Z",
        "x-ms-meta-Capital": "letter",
        "x-ms-meta-foo": "bar",
        "x-ms-meta-meta": "data",
        "x-ms-meta-UPPER": "case",
        "x-ms-return-client-request-id": "true",
        "x-ms-type": "file",
        "x-ms-version": "2025-11-05"
      },
      "RequestBody": null,
      "StatusCode": 201,
      "ResponseHeaders": {
        "Content-Length": "0",
        "Date": "Tue, 12 Aug 2025 19:51:11 GMT",
        "ETag": "\"0x8DDD9D996E898F8\"",
        "Last-Modified": "Tue, 12 Aug 2025 19:51:11 GMT",
        "Server": [
          "Windows-Azure-File/1.0",
          "Microsoft-HTTPAPI/2.0"
        ],
        "x-ms-client-request-id": "Sanitized",
        "x-ms-file-attributes": "Archive",
        "x-ms-file-change-time": "2024-04-01T13:30:03.0000000Z",
        "x-ms-file-creation-time": "2024-04-01T09:05:55.0000000Z",
        "x-ms-file-id": "17293892937846882304",
        "x-ms-file-last-write-time": "2024-04-01T12:16:06.0000000Z",
        "x-ms-file-parent-id": "12682206919419494400",
        "x-ms-file-permission-key": "15167526619900346915*16083086822043778878",
        "x-ms-request-id": "20cf6911-d01a-000a-79c2-0b1e6d000000",
        "x-ms-request-server-encrypted": "true",
        "x-ms-version": "2025-11-05"
      },
      "ResponseBody": null
    },
    {
      "RequestUri": "https://nickliuproductionacc.file.core.windows.net/test-share-6b0e4ce8-2fd9-719b-a013-9c5184aed0e3?sv=Sanitized&ss=f&srt=sco&se=2025-08-13T19%3A51%3A15Z&sp=rwdxylacuptfi&sig=Sanitized&restype=share",
      "RequestMethod": "GET",
      "RequestHeaders": {
        "Accept": "application/xml",
        "traceparent": "00-0c793a1da309fc9b30141e43c0f92d6a-46cde32914832c88-00",
        "User-Agent": "azsdk-net-Storage.Files.Shares/12.24.0-alpha.20250812.1 (.NET 8.0.19; Microsoft Windows 10.0.26100)",
        "x-ms-client-request-id": "Sanitized",
        "x-ms-return-client-request-id": "true",
        "x-ms-version": "2025-11-05"
      },
      "RequestBody": null,
      "StatusCode": 200,
      "ResponseHeaders": {
        "Content-Length": "0",
        "Date": "Tue, 12 Aug 2025 19:51:11 GMT",
        "ETag": "\"0x8DDD9D996A3344A\"",
        "Last-Modified": "Tue, 12 Aug 2025 19:51:11 GMT",
        "Server": [
          "Windows-Azure-File/1.0",
          "Microsoft-HTTPAPI/2.0"
        ],
        "x-ms-access-tier": "TransactionOptimized",
        "x-ms-access-tier-change-time": "Tue, 12 Aug 2025 19:51:11 GMT",
        "x-ms-client-request-id": "Sanitized",
        "x-ms-has-immutability-policy": "false",
        "x-ms-has-legal-hold": "false",
        "x-ms-lease-state": "available",
        "x-ms-lease-status": "unlocked",
        "x-ms-request-id": "20cf6913-d01a-000a-7ac2-0b1e6d000000",
        "x-ms-share-quota": "102400",
        "x-ms-version": "2025-11-05"
      },
      "ResponseBody": null
    },
    {
      "RequestUri": "https://nickliuproductionacc.file.core.windows.net/test-share-cbec93c6-8da5-89e7-9032-f60fb3b7bda8?restype=share",
      "RequestMethod": "GET",
      "RequestHeaders": {
        "Accept": "application/xml",
        "Authorization": "Sanitized",
        "traceparent": "00-aa4b425f73676bb13897dd0a2965a227-3fdcfc1bebc7df12-00",
        "User-Agent": "azsdk-net-Storage.Files.Shares/12.24.0-alpha.20250812.1 (.NET 8.0.19; Microsoft Windows 10.0.26100)",
        "x-ms-client-request-id": "Sanitized",
        "x-ms-date": "Tue, 12 Aug 2025 19:51:16 GMT",
        "x-ms-return-client-request-id": "true",
        "x-ms-version": "2025-11-05"
      },
      "RequestBody": null,
      "StatusCode": 200,
      "ResponseHeaders": {
        "Content-Length": "0",
        "Date": "Tue, 12 Aug 2025 19:51:11 GMT",
        "ETag": "\"0x8DDD9D996A7AB25\"",
        "Last-Modified": "Tue, 12 Aug 2025 19:51:11 GMT",
        "Server": [
          "Windows-Azure-File/1.0",
          "Microsoft-HTTPAPI/2.0"
        ],
        "x-ms-access-tier": "TransactionOptimized",
        "x-ms-access-tier-change-time": "Tue, 12 Aug 2025 19:51:11 GMT",
        "x-ms-client-request-id": "Sanitized",
        "x-ms-has-immutability-policy": "false",
        "x-ms-has-legal-hold": "false",
        "x-ms-lease-state": "available",
        "x-ms-lease-status": "unlocked",
        "x-ms-request-id": "20cf6914-d01a-000a-7bc2-0b1e6d000000",
        "x-ms-share-quota": "102400",
        "x-ms-version": "2025-11-05"
      },
      "ResponseBody": null
    },
    {
      "RequestUri": "https://nickliuproductionacc.file.core.windows.net/test-share-6b0e4ce8-2fd9-719b-a013-9c5184aed0e3/sourceFolder?sv=Sanitized&ss=f&srt=sco&se=2025-08-13T19%3A51%3A15Z&sp=rwdxylacuptfi&sig=Sanitized&restype=directory&comp=list&include=Attributes",
      "RequestMethod": "GET",
      "RequestHeaders": {
        "Accept": "application/xml",
        "User-Agent": "azsdk-net-Storage.Files.Shares/12.24.0-alpha.20250812.1 (.NET 8.0.19; Microsoft Windows 10.0.26100)",
        "x-ms-client-request-id": "Sanitized",
        "x-ms-return-client-request-id": "true",
        "x-ms-version": "2025-11-05"
      },
      "RequestBody": null,
      "StatusCode": 200,
      "ResponseHeaders": {
        "Content-Type": "application/xml",
        "Date": "Tue, 12 Aug 2025 19:51:12 GMT",
        "Server": [
          "Windows-Azure-File/1.0",
          "Microsoft-HTTPAPI/2.0"
        ],
        "Transfer-Encoding": "chunked",
        "x-ms-client-request-id": "Sanitized",
        "x-ms-request-id": "20cf6915-d01a-000a-7cc2-0b1e6d000000",
        "x-ms-version": "2025-11-05"
      },
      "ResponseBody": "\uFEFF<?xml version=\"1.0\" encoding=\"utf-8\"?><EnumerationResults ServiceEndpoint=\"https://nickliuproductionacc.file.core.windows.net/\" ShareName=\"test-share-6b0e4ce8-2fd9-719b-a013-9c5184aed0e3\" DirectoryPath=\"sourceFolder\"><DirectoryId>13835128424026341376</DirectoryId><Entries><Directory><Name>bar</Name><FileId>10376363910205800448</FileId><Properties /><Attributes>Hidden | Directory</Attributes></Directory><File><Name>item1</Name><FileId>11529285414812647424</FileId><Properties><Content-Length>1024</Content-Length></Properties><Attributes>Archive</Attributes></File><File><Name>item2</Name><FileId>16140971433240035328</FileId><Properties><Content-Length>1024</Content-Length></Properties><Attributes>Archive</Attributes></File><Directory><Name>pik</Name><FileId>12682206919419494400</FileId><Properties /><Attributes>Hidden | Directory</Attributes></Directory></Entries><NextMarker /></EnumerationResults>"
    },
    {
      "RequestUri": "https://nickliuproductionacc.file.core.windows.net/test-share-6b0e4ce8-2fd9-719b-a013-9c5184aed0e3/sourceFolder/bar?sv=Sanitized&ss=f&srt=sco&se=2025-08-13T19%3A51%3A15Z&sp=rwdxylacuptfi&sig=Sanitized&restype=directory",
      "RequestMethod": "GET",
      "RequestHeaders": {
        "Accept": "application/xml",
        "traceparent": "00-2105f7d03964040193bd24d072c0c0d2-3486fb40995e3e2a-00",
        "User-Agent": "azsdk-net-Storage.Files.Shares/12.24.0-alpha.20250812.1 (.NET 8.0.19; Microsoft Windows 10.0.26100)",
        "x-ms-client-request-id": "Sanitized",
        "x-ms-return-client-request-id": "true",
        "x-ms-version": "2025-11-05"
      },
      "RequestBody": null,
      "StatusCode": 200,
      "ResponseHeaders": {
        "Content-Length": "0",
        "Date": "Tue, 12 Aug 2025 19:51:12 GMT",
        "ETag": "\"0x8DDD9D996BBC7E0\"",
        "Last-Modified": "Tue, 12 Aug 2025 19:51:11 GMT",
        "Server": [
          "Windows-Azure-File/1.0",
          "Microsoft-HTTPAPI/2.0"
        ],
        "x-ms-client-request-id": "Sanitized",
        "x-ms-file-attributes": "Hidden | Directory",
        "x-ms-file-change-time": "2024-04-01T13:30:03.0000000Z",
        "x-ms-file-creation-time": "2024-04-01T09:05:55.0000000Z",
        "x-ms-file-id": "10376363910205800448",
        "x-ms-file-last-write-time": "2024-04-01T12:16:06.0000000Z",
        "x-ms-file-parent-id": "13835128424026341376",
        "x-ms-file-permission-key": "5039193815455859307*16083086822043778878",
        "x-ms-meta-Capital": "letter",
        "x-ms-meta-foo": "bar",
        "x-ms-meta-meta": "data",
        "x-ms-meta-UPPER": "case",
        "x-ms-request-id": "20cf6916-d01a-000a-7dc2-0b1e6d000000",
        "x-ms-server-encrypted": "true",
        "x-ms-version": "2025-11-05"
      },
      "ResponseBody": null
    },
    {
      "RequestUri": "https://nickliuproductionacc.file.core.windows.net/test-share-cbec93c6-8da5-89e7-9032-f60fb3b7bda8/destFolder/bar?restype=directory",
      "RequestMethod": "GET",
      "RequestHeaders": {
        "Accept": "application/xml",
        "Authorization": "Sanitized",
        "traceparent": "00-3bd01018613952896d687df998571ca0-b6496f76a8df4f03-00",
        "User-Agent": "azsdk-net-Storage.Files.Shares/12.24.0-alpha.20250812.1 (.NET 8.0.19; Microsoft Windows 10.0.26100)",
        "x-ms-client-request-id": "Sanitized",
        "x-ms-date": "Tue, 12 Aug 2025 19:51:16 GMT",
        "x-ms-return-client-request-id": "true",
        "x-ms-version": "2025-11-05"
      },
      "RequestBody": null,
      "StatusCode": 200,
      "ResponseHeaders": {
        "Content-Length": "0",
        "Date": "Tue, 12 Aug 2025 19:51:12 GMT",
        "ETag": "\"0x8DDD9D996DB139D\"",
        "Last-Modified": "Tue, 12 Aug 2025 19:51:11 GMT",
        "Server": [
          "Windows-Azure-File/1.0",
          "Microsoft-HTTPAPI/2.0"
        ],
        "x-ms-client-request-id": "Sanitized",
        "x-ms-file-attributes": "System | Directory",
        "x-ms-file-change-time": "2021-09-01T09:05:55.0000000Z",
        "x-ms-file-creation-time": "2021-08-01T09:05:55.0000000Z",
        "x-ms-file-id": "10376363910205800448",
        "x-ms-file-last-write-time": "2021-10-01T09:05:55.0000000Z",
        "x-ms-file-parent-id": "13835128424026341376",
        "x-ms-file-permission-key": "4404247679626324875*16083086822043778878",
        "x-ms-meta-tagKey0": "tagValue0",
        "x-ms-meta-tagKey1": "tagValue1",
        "x-ms-request-id": "20cf6917-d01a-000a-7ec2-0b1e6d000000",
        "x-ms-server-encrypted": "true",
        "x-ms-version": "2025-11-05"
      },
      "ResponseBody": null
    },
    {
      "RequestUri": "https://nickliuproductionacc.file.core.windows.net/test-share-cbec93c6-8da5-89e7-9032-f60fb3b7bda8?restype=share",
      "RequestMethod": "DELETE",
      "RequestHeaders": {
        "Accept": "application/xml",
        "Authorization": "Sanitized",
        "traceparent": "00-e0bb347f0a96cb7b367b91781403b588-04301cabc6e53a53-00",
        "User-Agent": "azsdk-net-Storage.Files.Shares/12.24.0-alpha.20250812.1 (.NET 8.0.19; Microsoft Windows 10.0.26100)",
        "x-ms-client-request-id": "Sanitized",
        "x-ms-date": "Tue, 12 Aug 2025 19:51:16 GMT",
        "x-ms-delete-snapshots": "include",
        "x-ms-return-client-request-id": "true",
        "x-ms-version": "2025-11-05"
      },
      "RequestBody": null,
      "StatusCode": 202,
      "ResponseHeaders": {
        "Content-Length": "0",
        "Date": "Tue, 12 Aug 2025 19:51:12 GMT",
        "Server": [
          "Windows-Azure-File/1.0",
          "Microsoft-HTTPAPI/2.0"
        ],
        "x-ms-client-request-id": "Sanitized",
        "x-ms-request-id": "20cf6918-d01a-000a-7fc2-0b1e6d000000",
        "x-ms-version": "2025-11-05"
      },
      "ResponseBody": null
    },
    {
      "RequestUri": "https://nickliuproductionacc.file.core.windows.net/test-share-6b0e4ce8-2fd9-719b-a013-9c5184aed0e3?sv=Sanitized&ss=f&srt=sco&se=2025-08-13T19%3A51%3A15Z&sp=rwdxylacuptfi&sig=Sanitized&restype=share",
      "RequestMethod": "DELETE",
      "RequestHeaders": {
        "Accept": "application/xml",
        "traceparent": "00-2ffc339f9d1070d94583bdcf1c701af2-3f03ddf5be130b5a-00",
        "User-Agent": "azsdk-net-Storage.Files.Shares/12.24.0-alpha.20250812.1 (.NET 8.0.19; Microsoft Windows 10.0.26100)",
        "x-ms-client-request-id": "Sanitized",
        "x-ms-delete-snapshots": "include",
        "x-ms-return-client-request-id": "true",
        "x-ms-version": "2025-11-05"
      },
      "RequestBody": null,
      "StatusCode": 202,
      "ResponseHeaders": {
        "Content-Length": "0",
        "Date": "Tue, 12 Aug 2025 19:51:12 GMT",
        "Server": [
          "Windows-Azure-File/1.0",
          "Microsoft-HTTPAPI/2.0"
        ],
        "x-ms-client-request-id": "Sanitized",
        "x-ms-request-id": "20cf6919-d01a-000a-80c2-0b1e6d000000",
        "x-ms-version": "2025-11-05"
      },
      "ResponseBody": null
    }
  ],
  "Variables": {
    "DateTimeOffsetNow": "2025-08-12T15:51:15.9374882-04:00",
    "RandomSeed": "1573976989",
    "Storage_TestConfigDefault": "ProductionTenant\nnickliuproductionacc\nU2FuaXRpemVk\nhttps://nickliuproductionacc.blob.core.windows.net\nhttps://nickliuproductionacc.file.core.windows.net\nhttps://nickliuproductionacc.queue.core.windows.net\nhttps://nickliuproductionacc.table.core.windows.net\n\n\n\n\nhttps://nickliuproductionacc-secondary.blob.core.windows.net\nhttps://nickliuproductionacc-secondary.file.core.windows.net\nhttps://nickliuproductionacc-secondary.queue.core.windows.net\nhttps://nickliuproductionacc-secondary.table.core.windows.net\nCloud\nBlobEndpoint=https://nickliuproductionacc.blob.core.windows.net/;QueueEndpoint=https://nickliuproductionacc.queue.core.windows.net/;FileEndpoint=https://nickliuproductionacc.file.core.windows.net/;BlobSecondaryEndpoint=https://nickliuproductionacc-secondary.blob.core.windows.net/;QueueSecondaryEndpoint=https://nickliuproductionacc-secondary.queue.core.windows.net/;FileSecondaryEndpoint=https://nickliuproductionacc-secondary.file.core.windows.net/;AccountName=nickliuproductionacc;AccountKey=U2FuaXRpemVk\nEncryptionScope\n\n"
  }
}
