{
  "Entries": [
    {
      "RequestUri": "https://seancanaryfilepremium2.file.core.windows.net/test-share-5fa5d82d-06d6-8441-34e7-d0223bd40f92?sv=Sanitized&ss=f&srt=sco&se=2025-04-15T16%3A29%3A32Z&sp=rwdxylacuptfi&sig=Sanitized&restype=share",
      "RequestMethod": "PUT",
      "RequestHeaders": {
        "Accept": "application/xml",
        "Content-Length": "0",
        "traceparent": "00-cd6da961b8b3240d2b28c51f6d1b1304-6372f8ce86318647-00",
        "User-Agent": "azsdk-net-Storage.Files.Shares/12.23.0-alpha.20250414.1 (.NET 8.0.15; Microsoft Windows 10.0.26100)",
        "x-ms-client-request-id": "Sanitized",
        "x-ms-enabled-protocols": "NFS",
        "x-ms-return-client-request-id": "true",
        "x-ms-version": "2025-05-05"
      },
      "RequestBody": null,
      "StatusCode": 201,
      "ResponseHeaders": {
        "Content-Length": "0",
        "Date": "Mon, 14 Apr 2025 16:29:24 GMT",
        "ETag": "\"0x8DD7B71852CD10B\"",
        "Last-Modified": "Mon, 14 Apr 2025 16:29:25 GMT",
        "Server": [
          "Windows-Azure-File/1.0",
          "Microsoft-HTTPAPI/2.0"
        ],
        "x-ms-client-request-id": "Sanitized",
        "x-ms-request-id": "535a75e1-901a-001d-655a-ade136000000",
        "x-ms-version": "2025-05-05"
      },
      "ResponseBody": null
    },
    {
      "RequestUri": "https://seancanaryfilepremium2.file.core.windows.net/test-share-b13aa4ad-b7b3-0da2-72d5-c45bbf0d4c92?sv=Sanitized&ss=f&srt=sco&se=2025-04-15T16%3A29%3A32Z&sp=rwdxylacuptfi&sig=Sanitized&restype=share",
      "RequestMethod": "PUT",
      "RequestHeaders": {
        "Accept": "application/xml",
        "Content-Length": "0",
        "traceparent": "00-d3bae90df1ef6d8154c34d171807a385-879271460fed4cdd-00",
        "User-Agent": "azsdk-net-Storage.Files.Shares/12.23.0-alpha.20250414.1 (.NET 8.0.15; Microsoft Windows 10.0.26100)",
        "x-ms-client-request-id": "Sanitized",
        "x-ms-enabled-protocols": "NFS",
        "x-ms-return-client-request-id": "true",
        "x-ms-version": "2025-05-05"
      },
      "RequestBody": null,
      "StatusCode": 201,
      "ResponseHeaders": {
        "Content-Length": "0",
        "Date": "Mon, 14 Apr 2025 16:29:24 GMT",
        "ETag": "\"0x8DD7B718538E238\"",
        "Last-Modified": "Mon, 14 Apr 2025 16:29:25 GMT",
        "Server": [
          "Windows-Azure-File/1.0",
          "Microsoft-HTTPAPI/2.0"
        ],
        "x-ms-client-request-id": "Sanitized",
        "x-ms-request-id": "535a75e3-901a-001d-665a-ade136000000",
        "x-ms-version": "2025-05-05"
      },
      "ResponseBody": null
    },
    {
      "RequestUri": "https://seancanaryfilepremium2.file.core.windows.net/test-share-5fa5d82d-06d6-8441-34e7-d0223bd40f92/sourceFolder?sv=Sanitized&ss=f&srt=sco&se=2025-04-15T16%3A29%3A32Z&sp=rwdxylacuptfi&sig=Sanitized&restype=directory",
      "RequestMethod": "PUT",
      "RequestHeaders": {
        "Accept": "application/xml",
        "Content-Length": "0",
        "traceparent": "00-0d98e4d23eb25a42e92b6a6aec3b2c3b-60bb4dc563877526-00",
        "User-Agent": "azsdk-net-Storage.Files.Shares/12.23.0-alpha.20250414.1 (.NET 8.0.15; Microsoft Windows 10.0.26100)",
        "x-ms-client-request-id": "Sanitized",
        "x-ms-file-creation-time": "2024-04-01T09:05:55.0000000Z",
        "x-ms-file-last-write-time": "2024-04-01T12:16:06.0000000Z",
        "x-ms-group": "123",
        "x-ms-meta-Capital": "letter",
        "x-ms-meta-foo": "bar",
        "x-ms-meta-meta": "data",
        "x-ms-meta-UPPER": "case",
        "x-ms-mode": "1777",
        "x-ms-owner": "345",
        "x-ms-return-client-request-id": "true",
        "x-ms-version": "2025-05-05"
      },
      "RequestBody": null,
      "StatusCode": 201,
      "ResponseHeaders": {
        "Content-Length": "0",
        "Date": "Mon, 14 Apr 2025 16:29:24 GMT",
        "ETag": "\"0x8DD7B718542E243\"",
        "Last-Modified": "Mon, 14 Apr 2025 16:29:25 GMT",
        "Server": [
          "Windows-Azure-File/1.0",
          "Microsoft-HTTPAPI/2.0"
        ],
        "x-ms-client-request-id": "Sanitized",
        "x-ms-file-change-time": "2025-04-14T16:29:25.3752387Z",
        "x-ms-file-creation-time": "2024-04-01T09:05:55.0000000Z",
        "x-ms-file-file-type": "Directory",
        "x-ms-file-id": "13835128424026341376",
        "x-ms-file-last-write-time": "2024-04-01T12:16:06.0000000Z",
        "x-ms-file-parent-id": "1",
        "x-ms-group": "123",
        "x-ms-mode": "1777",
        "x-ms-owner": "345",
        "x-ms-request-id": "535a75e5-901a-001d-675a-ade136000000",
        "x-ms-request-server-encrypted": "true",
        "x-ms-version": "2025-05-05"
      },
      "ResponseBody": null
    },
    {
      "RequestUri": "https://seancanaryfilepremium2.file.core.windows.net/test-share-5fa5d82d-06d6-8441-34e7-d0223bd40f92/sourceFolder/item1?sv=Sanitized&ss=f&srt=sco&se=2025-04-15T16%3A29%3A32Z&sp=rwdxylacuptfi&sig=Sanitized",
      "RequestMethod": "PUT",
      "RequestHeaders": {
        "Accept": "application/xml",
        "Content-Length": "0",
        "traceparent": "00-bf56eef2ef3fea69a639137bc8508b3e-1d61d96d64f51ec1-00",
        "User-Agent": "azsdk-net-Storage.Files.Shares/12.23.0-alpha.20250414.1 (.NET 8.0.15; Microsoft Windows 10.0.26100)",
        "x-ms-cache-control": "no-cache",
        "x-ms-client-request-id": "Sanitized",
        "x-ms-content-disposition": "inline",
        "x-ms-content-language": "en-US,en-CA",
        "x-ms-content-length": "1024",
        "x-ms-file-creation-time": "2024-04-01T09:05:55.0000000Z",
        "x-ms-file-last-write-time": "2024-04-01T12:16:06.0000000Z",
        "x-ms-group": "123",
        "x-ms-meta-Capital": "letter",
        "x-ms-meta-foo": "bar",
        "x-ms-meta-meta": "data",
        "x-ms-meta-UPPER": "case",
        "x-ms-mode": "1777",
        "x-ms-owner": "345",
        "x-ms-return-client-request-id": "true",
        "x-ms-type": "file",
        "x-ms-version": "2025-05-05"
      },
      "RequestBody": null,
      "StatusCode": 201,
      "ResponseHeaders": {
        "Content-Length": "0",
        "Date": "Mon, 14 Apr 2025 16:29:24 GMT",
        "ETag": "\"0x8DD7B71854AA1BE\"",
        "Last-Modified": "Mon, 14 Apr 2025 16:29:25 GMT",
        "Server": [
          "Windows-Azure-File/1.0",
          "Microsoft-HTTPAPI/2.0"
        ],
        "x-ms-client-request-id": "Sanitized",
        "x-ms-file-change-time": "2025-04-14T16:29:25.4260158Z",
        "x-ms-file-creation-time": "2024-04-01T09:05:55.0000000Z",
        "x-ms-file-file-type": "Regular",
        "x-ms-file-id": "11529285414812647424",
        "x-ms-file-last-write-time": "2024-04-01T12:16:06.0000000Z",
        "x-ms-file-parent-id": "13835128424026341376",
        "x-ms-group": "123",
        "x-ms-mode": "1777",
        "x-ms-owner": "345",
        "x-ms-request-id": "535a75e6-901a-001d-685a-ade136000000",
        "x-ms-request-server-encrypted": "true",
        "x-ms-version": "2025-05-05"
      },
      "ResponseBody": null
    },
    {
      "RequestUri": "https://seancanaryfilepremium2.file.core.windows.net/test-share-5fa5d82d-06d6-8441-34e7-d0223bd40f92/sourceFolder/item2?sv=Sanitized&ss=f&srt=sco&se=2025-04-15T16%3A29%3A32Z&sp=rwdxylacuptfi&sig=Sanitized",
      "RequestMethod": "PUT",
      "RequestHeaders": {
        "Accept": "application/xml",
        "Content-Length": "0",
        "traceparent": "00-a89d0f208b8a32af239f86fdf8cf6a4d-dfc2e86a2bc736c5-00",
        "User-Agent": "azsdk-net-Storage.Files.Shares/12.23.0-alpha.20250414.1 (.NET 8.0.15; Microsoft Windows 10.0.26100)",
        "x-ms-cache-control": "no-cache",
        "x-ms-client-request-id": "Sanitized",
        "x-ms-content-disposition": "inline",
        "x-ms-content-language": "en-US,en-CA",
        "x-ms-content-length": "1024",
        "x-ms-file-creation-time": "2024-04-01T09:05:55.0000000Z",
        "x-ms-file-last-write-time": "2024-04-01T12:16:06.0000000Z",
        "x-ms-group": "123",
        "x-ms-meta-Capital": "letter",
        "x-ms-meta-foo": "bar",
        "x-ms-meta-meta": "data",
        "x-ms-meta-UPPER": "case",
        "x-ms-mode": "1777",
        "x-ms-owner": "345",
        "x-ms-return-client-request-id": "true",
        "x-ms-type": "file",
        "x-ms-version": "2025-05-05"
      },
      "RequestBody": null,
      "StatusCode": 201,
      "ResponseHeaders": {
        "Content-Length": "0",
        "Date": "Mon, 14 Apr 2025 16:29:24 GMT",
        "ETag": "\"0x8DD7B718552AF01\"",
        "Last-Modified": "Mon, 14 Apr 2025 16:29:25 GMT",
        "Server": [
          "Windows-Azure-File/1.0",
          "Microsoft-HTTPAPI/2.0"
        ],
        "x-ms-client-request-id": "Sanitized",
        "x-ms-file-change-time": "2025-04-14T16:29:25.4787841Z",
        "x-ms-file-creation-time": "2024-04-01T09:05:55.0000000Z",
        "x-ms-file-file-type": "Regular",
        "x-ms-file-id": "16140971433240035328",
        "x-ms-file-last-write-time": "2024-04-01T12:16:06.0000000Z",
        "x-ms-file-parent-id": "13835128424026341376",
        "x-ms-group": "123",
        "x-ms-mode": "1777",
        "x-ms-owner": "345",
        "x-ms-request-id": "535a75e7-901a-001d-695a-ade136000000",
        "x-ms-request-server-encrypted": "true",
        "x-ms-version": "2025-05-05"
      },
      "ResponseBody": null
    },
    {
      "RequestUri": "https://seancanaryfilepremium2.file.core.windows.net/test-share-5fa5d82d-06d6-8441-34e7-d0223bd40f92/sourceFolder/bar?sv=Sanitized&ss=f&srt=sco&se=2025-04-15T16%3A29%3A32Z&sp=rwdxylacuptfi&sig=Sanitized&restype=directory",
      "RequestMethod": "PUT",
      "RequestHeaders": {
        "Accept": "application/xml",
        "Content-Length": "0",
        "traceparent": "00-f7f1b68dce268f56c9cc0a704b32d44c-1bbf696d7f8ef565-00",
        "User-Agent": "azsdk-net-Storage.Files.Shares/12.23.0-alpha.20250414.1 (.NET 8.0.15; Microsoft Windows 10.0.26100)",
        "x-ms-client-request-id": "Sanitized",
        "x-ms-file-creation-time": "2024-04-01T09:05:55.0000000Z",
        "x-ms-file-last-write-time": "2024-04-01T12:16:06.0000000Z",
        "x-ms-group": "123",
        "x-ms-meta-Capital": "letter",
        "x-ms-meta-foo": "bar",
        "x-ms-meta-meta": "data",
        "x-ms-meta-UPPER": "case",
        "x-ms-mode": "1777",
        "x-ms-owner": "345",
        "x-ms-return-client-request-id": "true",
        "x-ms-version": "2025-05-05"
      },
      "RequestBody": null,
      "StatusCode": 201,
      "ResponseHeaders": {
        "Content-Length": "0",
        "Date": "Mon, 14 Apr 2025 16:29:24 GMT",
        "ETag": "\"0x8DD7B71855ABC44\"",
        "Last-Modified": "Mon, 14 Apr 2025 16:29:25 GMT",
        "Server": [
          "Windows-Azure-File/1.0",
          "Microsoft-HTTPAPI/2.0"
        ],
        "x-ms-client-request-id": "Sanitized",
        "x-ms-file-change-time": "2025-04-14T16:29:25.5315524Z",
        "x-ms-file-creation-time": "2024-04-01T09:05:55.0000000Z",
        "x-ms-file-file-type": "Directory",
        "x-ms-file-id": "10376363910205800448",
        "x-ms-file-last-write-time": "2024-04-01T12:16:06.0000000Z",
        "x-ms-file-parent-id": "13835128424026341376",
        "x-ms-group": "123",
        "x-ms-mode": "1777",
        "x-ms-owner": "345",
        "x-ms-request-id": "535a75e8-901a-001d-6a5a-ade136000000",
        "x-ms-request-server-encrypted": "true",
        "x-ms-version": "2025-05-05"
      },
      "ResponseBody": null
    },
    {
      "RequestUri": "https://seancanaryfilepremium2.file.core.windows.net/test-share-5fa5d82d-06d6-8441-34e7-d0223bd40f92/sourceFolder/bar/item3?sv=Sanitized&ss=f&srt=sco&se=2025-04-15T16%3A29%3A32Z&sp=rwdxylacuptfi&sig=Sanitized",
      "RequestMethod": "PUT",
      "RequestHeaders": {
        "Accept": "application/xml",
        "Content-Length": "0",
        "traceparent": "00-2b87d04b022f501ae072e3fb219a8a9e-3548f915af6ac668-00",
        "User-Agent": "azsdk-net-Storage.Files.Shares/12.23.0-alpha.20250414.1 (.NET 8.0.15; Microsoft Windows 10.0.26100)",
        "x-ms-cache-control": "no-cache",
        "x-ms-client-request-id": "Sanitized",
        "x-ms-content-disposition": "inline",
        "x-ms-content-language": "en-US,en-CA",
        "x-ms-content-length": "1024",
        "x-ms-file-creation-time": "2024-04-01T09:05:55.0000000Z",
        "x-ms-file-last-write-time": "2024-04-01T12:16:06.0000000Z",
        "x-ms-group": "123",
        "x-ms-meta-Capital": "letter",
        "x-ms-meta-foo": "bar",
        "x-ms-meta-meta": "data",
        "x-ms-meta-UPPER": "case",
        "x-ms-mode": "1777",
        "x-ms-owner": "345",
        "x-ms-return-client-request-id": "true",
        "x-ms-type": "file",
        "x-ms-version": "2025-05-05"
      },
      "RequestBody": null,
      "StatusCode": 201,
      "ResponseHeaders": {
        "Content-Length": "0",
        "Date": "Mon, 14 Apr 2025 16:29:24 GMT",
        "ETag": "\"0x8DD7B71856254DA\"",
        "Last-Modified": "Mon, 14 Apr 2025 16:29:25 GMT",
        "Server": [
          "Windows-Azure-File/1.0",
          "Microsoft-HTTPAPI/2.0"
        ],
        "x-ms-client-request-id": "Sanitized",
        "x-ms-file-change-time": "2025-04-14T16:29:25.5813338Z",
        "x-ms-file-creation-time": "2024-04-01T09:05:55.0000000Z",
        "x-ms-file-file-type": "Regular",
        "x-ms-file-id": "14988049928633188352",
        "x-ms-file-last-write-time": "2024-04-01T12:16:06.0000000Z",
        "x-ms-file-parent-id": "10376363910205800448",
        "x-ms-group": "123",
        "x-ms-mode": "1777",
        "x-ms-owner": "345",
        "x-ms-request-id": "535a75e9-901a-001d-6b5a-ade136000000",
        "x-ms-request-server-encrypted": "true",
        "x-ms-version": "2025-05-05"
      },
      "ResponseBody": null
    },
    {
      "RequestUri": "https://seancanaryfilepremium2.file.core.windows.net/test-share-5fa5d82d-06d6-8441-34e7-d0223bd40f92/sourceFolder/pik?sv=Sanitized&ss=f&srt=sco&se=2025-04-15T16%3A29%3A32Z&sp=rwdxylacuptfi&sig=Sanitized&restype=directory",
      "RequestMethod": "PUT",
      "RequestHeaders": {
        "Accept": "application/xml",
        "Content-Length": "0",
        "traceparent": "00-29091a70828b4d7b0678b901351fc3db-ba596a619c838a2e-00",
        "User-Agent": "azsdk-net-Storage.Files.Shares/12.23.0-alpha.20250414.1 (.NET 8.0.15; Microsoft Windows 10.0.26100)",
        "x-ms-client-request-id": "Sanitized",
        "x-ms-file-creation-time": "2024-04-01T09:05:55.0000000Z",
        "x-ms-file-last-write-time": "2024-04-01T12:16:06.0000000Z",
        "x-ms-group": "123",
        "x-ms-meta-Capital": "letter",
        "x-ms-meta-foo": "bar",
        "x-ms-meta-meta": "data",
        "x-ms-meta-UPPER": "case",
        "x-ms-mode": "1777",
        "x-ms-owner": "345",
        "x-ms-return-client-request-id": "true",
        "x-ms-version": "2025-05-05"
      },
      "RequestBody": null,
      "StatusCode": 201,
      "ResponseHeaders": {
        "Content-Length": "0",
        "Date": "Mon, 14 Apr 2025 16:29:24 GMT",
        "ETag": "\"0x8DD7B718569C68C\"",
        "Last-Modified": "Mon, 14 Apr 2025 16:29:25 GMT",
        "Server": [
          "Windows-Azure-File/1.0",
          "Microsoft-HTTPAPI/2.0"
        ],
        "x-ms-client-request-id": "Sanitized",
        "x-ms-file-change-time": "2025-04-14T16:29:25.6301196Z",
        "x-ms-file-creation-time": "2024-04-01T09:05:55.0000000Z",
        "x-ms-file-file-type": "Directory",
        "x-ms-file-id": "12682206919419494400",
        "x-ms-file-last-write-time": "2024-04-01T12:16:06.0000000Z",
        "x-ms-file-parent-id": "13835128424026341376",
        "x-ms-group": "123",
        "x-ms-mode": "1777",
        "x-ms-owner": "345",
        "x-ms-request-id": "535a75ea-901a-001d-6c5a-ade136000000",
        "x-ms-request-server-encrypted": "true",
        "x-ms-version": "2025-05-05"
      },
      "ResponseBody": null
    },
    {
      "RequestUri": "https://seancanaryfilepremium2.file.core.windows.net/test-share-5fa5d82d-06d6-8441-34e7-d0223bd40f92/sourceFolder/pik/item4?sv=Sanitized&ss=f&srt=sco&se=2025-04-15T16%3A29%3A32Z&sp=rwdxylacuptfi&sig=Sanitized",
      "RequestMethod": "PUT",
      "RequestHeaders": {
        "Accept": "application/xml",
        "Content-Length": "0",
        "traceparent": "00-8a8a904ae29ba6e69bcd30fe87ca8b51-db283cda7df57f7f-00",
        "User-Agent": "azsdk-net-Storage.Files.Shares/12.23.0-alpha.20250414.1 (.NET 8.0.15; Microsoft Windows 10.0.26100)",
        "x-ms-cache-control": "no-cache",
        "x-ms-client-request-id": "Sanitized",
        "x-ms-content-disposition": "inline",
        "x-ms-content-language": "en-US,en-CA",
        "x-ms-content-length": "1024",
        "x-ms-file-creation-time": "2024-04-01T09:05:55.0000000Z",
        "x-ms-file-last-write-time": "2024-04-01T12:16:06.0000000Z",
        "x-ms-group": "123",
        "x-ms-meta-Capital": "letter",
        "x-ms-meta-foo": "bar",
        "x-ms-meta-meta": "data",
        "x-ms-meta-UPPER": "case",
        "x-ms-mode": "1777",
        "x-ms-owner": "345",
        "x-ms-return-client-request-id": "true",
        "x-ms-type": "file",
        "x-ms-version": "2025-05-05"
      },
      "RequestBody": null,
      "StatusCode": 201,
      "ResponseHeaders": {
        "Content-Length": "0",
        "Date": "Mon, 14 Apr 2025 16:29:24 GMT",
        "ETag": "\"0x8DD7B718571383E\"",
        "Last-Modified": "Mon, 14 Apr 2025 16:29:25 GMT",
        "Server": [
          "Windows-Azure-File/1.0",
          "Microsoft-HTTPAPI/2.0"
        ],
        "x-ms-client-request-id": "Sanitized",
        "x-ms-file-change-time": "2025-04-14T16:29:25.6789054Z",
        "x-ms-file-creation-time": "2024-04-01T09:05:55.0000000Z",
        "x-ms-file-file-type": "Regular",
        "x-ms-file-id": "17293892937846882304",
        "x-ms-file-last-write-time": "2024-04-01T12:16:06.0000000Z",
        "x-ms-file-parent-id": "12682206919419494400",
        "x-ms-group": "123",
        "x-ms-mode": "1777",
        "x-ms-owner": "345",
        "x-ms-request-id": "535a75eb-901a-001d-6d5a-ade136000000",
        "x-ms-request-server-encrypted": "true",
        "x-ms-version": "2025-05-05"
      },
      "ResponseBody": null
    },
    {
      "RequestUri": "https://seancanaryfilepremium2.file.core.windows.net/test-share-b13aa4ad-b7b3-0da2-72d5-c45bbf0d4c92/destFolder?sv=Sanitized&ss=f&srt=sco&se=2025-04-15T16%3A29%3A32Z&sp=rwdxylacuptfi&sig=Sanitized&restype=directory",
      "RequestMethod": "PUT",
      "RequestHeaders": {
        "Accept": "application/xml",
        "Content-Length": "0",
        "traceparent": "00-e8932dc0848f9908d4a48100dd70afca-cfdd4b6645f9f80e-00",
        "User-Agent": "azsdk-net-Storage.Files.Shares/12.23.0-alpha.20250414.1 (.NET 8.0.15; Microsoft Windows 10.0.26100)",
        "x-ms-client-request-id": "Sanitized",
        "x-ms-return-client-request-id": "true",
        "x-ms-version": "2025-05-05"
      },
      "RequestBody": null,
      "StatusCode": 201,
      "ResponseHeaders": {
        "Content-Length": "0",
        "Date": "Mon, 14 Apr 2025 16:29:25 GMT",
        "ETag": "\"0x8DD7B718578D0D4\"",
        "Last-Modified": "Mon, 14 Apr 2025 16:29:25 GMT",
        "Server": [
          "Windows-Azure-File/1.0",
          "Microsoft-HTTPAPI/2.0"
        ],
        "x-ms-client-request-id": "Sanitized",
        "x-ms-file-change-time": "2025-04-14T16:29:25.7286868Z",
        "x-ms-file-creation-time": "2025-04-14T16:29:25.7286868Z",
        "x-ms-file-file-type": "Directory",
        "x-ms-file-id": "13835128424026341376",
        "x-ms-file-last-write-time": "2025-04-14T16:29:25.7286868Z",
        "x-ms-file-parent-id": "1",
        "x-ms-group": "0",
        "x-ms-mode": "0755",
        "x-ms-owner": "0",
        "x-ms-request-id": "535a75ec-901a-001d-6e5a-ade136000000",
        "x-ms-request-server-encrypted": "true",
        "x-ms-version": "2025-05-05"
      },
      "ResponseBody": null
    },
    {
      "RequestUri": "https://seancanaryfilepremium2.file.core.windows.net/test-share-5fa5d82d-06d6-8441-34e7-d0223bd40f92/sourceFolder?sv=Sanitized&ss=f&srt=sco&se=2025-04-15T16%3A29%3A32Z&sp=rwdxylacuptfi&sig=Sanitized&restype=directory&comp=list",
      "RequestMethod": "GET",
      "RequestHeaders": {
        "Accept": "application/xml",
        "User-Agent": "azsdk-net-Storage.Files.Shares/12.23.0-alpha.20250414.1 (.NET 8.0.15; Microsoft Windows 10.0.26100)",
        "x-ms-client-request-id": "Sanitized",
        "x-ms-return-client-request-id": "true",
        "x-ms-version": "2025-05-05"
      },
      "RequestBody": null,
      "StatusCode": 200,
      "ResponseHeaders": {
        "Content-Type": "application/xml",
        "Date": "Mon, 14 Apr 2025 16:29:25 GMT",
        "Server": [
          "Windows-Azure-File/1.0",
          "Microsoft-HTTPAPI/2.0"
        ],
        "Transfer-Encoding": "chunked",
        "x-ms-client-request-id": "Sanitized",
        "x-ms-request-id": "535a75ed-901a-001d-6f5a-ade136000000",
        "x-ms-version": "2025-05-05"
      },
      "ResponseBody": "\uFEFF<?xml version=\"1.0\" encoding=\"utf-8\"?><EnumerationResults ServiceEndpoint=\"https://seancanaryfilepremium2.file.core.windows.net/\" ShareName=\"test-share-5fa5d82d-06d6-8441-34e7-d0223bd40f92\" DirectoryPath=\"sourceFolder\"><DirectoryId>13835128424026341376</DirectoryId><Entries><Directory><Name>bar</Name><FileId>10376363910205800448</FileId><Properties /></Directory><File><Name>item1</Name><FileId>11529285414812647424</FileId><Properties><Content-Length>1024</Content-Length></Properties></File><File><Name>item2</Name><FileId>16140971433240035328</FileId><Properties><Content-Length>1024</Content-Length></Properties></File><Directory><Name>pik</Name><FileId>12682206919419494400</FileId><Properties /></Directory></Entries><NextMarker /></EnumerationResults>"
    },
    {
      "RequestUri": "https://seancanaryfilepremium2.file.core.windows.net/test-share-5fa5d82d-06d6-8441-34e7-d0223bd40f92/sourceFolder/bar?sv=Sanitized&ss=f&srt=sco&se=2025-04-15T16%3A29%3A32Z&sp=rwdxylacuptfi&sig=Sanitized&restype=directory",
      "RequestMethod": "GET",
      "RequestHeaders": {
        "Accept": "application/xml",
        "traceparent": "00-886aa9b6104c6090c62655a34cb1df2b-7659be5c7520be35-00",
        "User-Agent": "azsdk-net-Storage.Files.Shares/12.23.0-alpha.20250414.1 (.NET 8.0.15; Microsoft Windows 10.0.26100)",
        "x-ms-client-request-id": "Sanitized",
        "x-ms-return-client-request-id": "true",
        "x-ms-version": "2025-05-05"
      },
      "RequestBody": null,
      "StatusCode": 200,
      "ResponseHeaders": {
        "Content-Length": "0",
        "Date": "Mon, 14 Apr 2025 16:29:25 GMT",
        "ETag": "\"0x8DD7B71855ABC44\"",
        "Last-Modified": "Mon, 14 Apr 2025 16:29:25 GMT",
        "Server": [
          "Windows-Azure-File/1.0",
          "Microsoft-HTTPAPI/2.0"
        ],
        "x-ms-client-request-id": "Sanitized",
        "x-ms-file-change-time": "2025-04-14T16:29:25.5823294Z",
        "x-ms-file-creation-time": "2024-04-01T09:05:55.0000000Z",
        "x-ms-file-file-type": "Directory",
        "x-ms-file-id": "10376363910205800448",
        "x-ms-file-last-write-time": "2025-04-14T16:29:25.5823294Z",
        "x-ms-file-parent-id": "13835128424026341376",
        "x-ms-group": "123",
        "x-ms-meta-Capital": "letter",
        "x-ms-meta-foo": "bar",
        "x-ms-meta-meta": "data",
        "x-ms-meta-UPPER": "case",
        "x-ms-mode": "1777",
        "x-ms-owner": "345",
        "x-ms-request-id": "535a75ee-901a-001d-705a-ade136000000",
        "x-ms-server-encrypted": "true",
        "x-ms-version": "2025-05-05"
      },
      "ResponseBody": null
    },
    {
      "RequestUri": "https://seancanaryfilepremium2.file.core.windows.net/test-share-b13aa4ad-b7b3-0da2-72d5-c45bbf0d4c92/destFolder/bar?sv=Sanitized&ss=f&srt=sco&se=2025-04-15T16%3A29%3A32Z&sp=rwdxylacuptfi&sig=Sanitized&restype=directory",
      "RequestMethod": "PUT",
      "RequestHeaders": {
        "Accept": "application/xml",
        "Content-Length": "0",
        "traceparent": "00-d63136998716fbc27461a2a7f87409e1-f248273c5ea01bf4-00",
        "User-Agent": "azsdk-net-Storage.Files.Shares/12.23.0-alpha.20250414.1 (.NET 8.0.15; Microsoft Windows 10.0.26100)",
        "x-ms-client-request-id": "Sanitized",
        "x-ms-file-creation-time": "2024-04-01T09:05:55.0000000Z",
        "x-ms-file-last-write-time": "2025-04-14T16:29:25.5823294Z",
        "x-ms-meta-Capital": "letter",
        "x-ms-meta-foo": "bar",
        "x-ms-meta-meta": "data",
        "x-ms-meta-UPPER": "case",
        "x-ms-return-client-request-id": "true",
        "x-ms-version": "2025-05-05"
      },
      "RequestBody": null,
      "StatusCode": 201,
      "ResponseHeaders": {
        "Content-Length": "0",
        "Date": "Mon, 14 Apr 2025 16:29:25 GMT",
        "ETag": "\"0x8DD7B718594503E\"",
        "Last-Modified": "Mon, 14 Apr 2025 16:29:25 GMT",
        "Server": [
          "Windows-Azure-File/1.0",
          "Microsoft-HTTPAPI/2.0"
        ],
        "x-ms-client-request-id": "Sanitized",
        "x-ms-file-change-time": "2025-04-14T16:29:25.9088958Z",
        "x-ms-file-creation-time": "2024-04-01T09:05:55.0000000Z",
        "x-ms-file-file-type": "Directory",
        "x-ms-file-id": "11529285414812647424",
        "x-ms-file-last-write-time": "2025-04-14T16:29:25.5823294Z",
        "x-ms-file-parent-id": "13835128424026341376",
        "x-ms-group": "0",
        "x-ms-mode": "0755",
        "x-ms-owner": "0",
        "x-ms-request-id": "535a75ef-901a-001d-715a-ade136000000",
        "x-ms-request-server-encrypted": "true",
        "x-ms-version": "2025-05-05"
      },
      "ResponseBody": null
    },
    {
      "RequestUri": "https://seancanaryfilepremium2.file.core.windows.net/test-share-5fa5d82d-06d6-8441-34e7-d0223bd40f92/sourceFolder/pik?sv=Sanitized&ss=f&srt=sco&se=2025-04-15T16%3A29%3A32Z&sp=rwdxylacuptfi&sig=Sanitized&restype=directory",
      "RequestMethod": "GET",
      "RequestHeaders": {
        "Accept": "application/xml",
        "traceparent": "00-febc6971cc9652d0ff315d9758f6045f-117860dc13e16f2c-00",
        "User-Agent": "azsdk-net-Storage.Files.Shares/12.23.0-alpha.20250414.1 (.NET 8.0.15; Microsoft Windows 10.0.26100)",
        "x-ms-client-request-id": "Sanitized",
        "x-ms-return-client-request-id": "true",
        "x-ms-version": "2025-05-05"
      },
      "RequestBody": null,
      "StatusCode": 200,
      "ResponseHeaders": {
        "Content-Length": "0",
        "Date": "Mon, 14 Apr 2025 16:29:25 GMT",
        "ETag": "\"0x8DD7B718569C68C\"",
        "Last-Modified": "Mon, 14 Apr 2025 16:29:25 GMT",
        "Server": [
          "Windows-Azure-File/1.0",
          "Microsoft-HTTPAPI/2.0"
        ],
        "x-ms-client-request-id": "Sanitized",
        "x-ms-file-change-time": "2025-04-14T16:29:25.6799010Z",
        "x-ms-file-creation-time": "2024-04-01T09:05:55.0000000Z",
        "x-ms-file-file-type": "Directory",
        "x-ms-file-id": "12682206919419494400",
        "x-ms-file-last-write-time": "2025-04-14T16:29:25.6799010Z",
        "x-ms-file-parent-id": "13835128424026341376",
        "x-ms-group": "123",
        "x-ms-meta-Capital": "letter",
        "x-ms-meta-foo": "bar",
        "x-ms-meta-meta": "data",
        "x-ms-meta-UPPER": "case",
        "x-ms-mode": "1777",
        "x-ms-owner": "345",
        "x-ms-request-id": "535a75f0-901a-001d-725a-ade136000000",
        "x-ms-server-encrypted": "true",
        "x-ms-version": "2025-05-05"
      },
      "ResponseBody": null
    },
    {
      "RequestUri": "https://seancanaryfilepremium2.file.core.windows.net/test-share-b13aa4ad-b7b3-0da2-72d5-c45bbf0d4c92/destFolder/pik?sv=Sanitized&ss=f&srt=sco&se=2025-04-15T16%3A29%3A32Z&sp=rwdxylacuptfi&sig=Sanitized&restype=directory",
      "RequestMethod": "PUT",
      "RequestHeaders": {
        "Accept": "application/xml",
        "Content-Length": "0",
        "traceparent": "00-0bd38e99bfc539e3fa80a13e07d701aa-bd9ca0fde4b3f135-00",
        "User-Agent": "azsdk-net-Storage.Files.Shares/12.23.0-alpha.20250414.1 (.NET 8.0.15; Microsoft Windows 10.0.26100)",
        "x-ms-client-request-id": "Sanitized",
        "x-ms-file-creation-time": "2024-04-01T09:05:55.0000000Z",
        "x-ms-file-last-write-time": "2025-04-14T16:29:25.6799010Z",
        "x-ms-meta-Capital": "letter",
        "x-ms-meta-foo": "bar",
        "x-ms-meta-meta": "data",
        "x-ms-meta-UPPER": "case",
        "x-ms-return-client-request-id": "true",
        "x-ms-version": "2025-05-05"
      },
      "RequestBody": null,
      "StatusCode": 201,
      "ResponseHeaders": {
        "Content-Length": "0",
        "Date": "Mon, 14 Apr 2025 16:29:25 GMT",
        "ETag": "\"0x8DD7B7185A2E5D7\"",
        "Last-Modified": "Mon, 14 Apr 2025 16:29:26 GMT",
        "Server": [
          "Windows-Azure-File/1.0",
          "Microsoft-HTTPAPI/2.0"
        ],
        "x-ms-client-request-id": "Sanitized",
        "x-ms-file-change-time": "2025-04-14T16:29:26.0044759Z",
        "x-ms-file-creation-time": "2024-04-01T09:05:55.0000000Z",
        "x-ms-file-file-type": "Directory",
        "x-ms-file-id": "16140971433240035328",
        "x-ms-file-last-write-time": "2025-04-14T16:29:25.6799010Z",
        "x-ms-file-parent-id": "13835128424026341376",
        "x-ms-group": "0",
        "x-ms-mode": "0755",
        "x-ms-owner": "0",
        "x-ms-request-id": "535a75f1-901a-001d-735a-ade136000000",
        "x-ms-request-server-encrypted": "true",
        "x-ms-version": "2025-05-05"
      },
      "ResponseBody": null
    },
    {
      "RequestUri": "https://seancanaryfilepremium2.file.core.windows.net/test-share-5fa5d82d-06d6-8441-34e7-d0223bd40f92/sourceFolder/bar?sv=Sanitized&ss=f&srt=sco&se=2025-04-15T16%3A29%3A32Z&sp=rwdxylacuptfi&sig=Sanitized&restype=directory&comp=list",
      "RequestMethod": "GET",
      "RequestHeaders": {
        "Accept": "application/xml",
        "User-Agent": "azsdk-net-Storage.Files.Shares/12.23.0-alpha.20250414.1 (.NET 8.0.15; Microsoft Windows 10.0.26100)",
        "x-ms-client-request-id": "Sanitized",
        "x-ms-return-client-request-id": "true",
        "x-ms-version": "2025-05-05"
      },
      "RequestBody": null,
      "StatusCode": 200,
      "ResponseHeaders": {
        "Content-Type": "application/xml",
        "Date": "Mon, 14 Apr 2025 16:29:25 GMT",
        "Server": [
          "Windows-Azure-File/1.0",
          "Microsoft-HTTPAPI/2.0"
        ],
        "Transfer-Encoding": "chunked",
        "x-ms-client-request-id": "Sanitized",
        "x-ms-request-id": "535a75f2-901a-001d-745a-ade136000000",
        "x-ms-version": "2025-05-05"
      },
      "ResponseBody": "\uFEFF<?xml version=\"1.0\" encoding=\"utf-8\"?><EnumerationResults ServiceEndpoint=\"https://seancanaryfilepremium2.file.core.windows.net/\" ShareName=\"test-share-5fa5d82d-06d6-8441-34e7-d0223bd40f92\" DirectoryPath=\"sourceFolder/bar\"><DirectoryId>10376363910205800448</DirectoryId><Entries><File><Name>item3</Name><FileId>14988049928633188352</FileId><Properties><Content-Length>1024</Content-Length></Properties></File></Entries><NextMarker /></EnumerationResults>"
    },
    {
      "RequestUri": "https://seancanaryfilepremium2.file.core.windows.net/test-share-5fa5d82d-06d6-8441-34e7-d0223bd40f92/sourceFolder/item1?sv=Sanitized&ss=f&srt=sco&se=2025-04-15T16%3A29%3A32Z&sp=rwdxylacuptfi&sig=Sanitized",
      "RequestMethod": "HEAD",
      "RequestHeaders": {
        "Accept": "application/xml",
        "traceparent": "00-e202500b7d03a9136f43dd29824b3ca7-f6e3636e6a4cf18d-00",
        "User-Agent": "azsdk-net-Storage.Files.Shares/12.23.0-alpha.20250414.1 (.NET 8.0.15; Microsoft Windows 10.0.26100)",
        "x-ms-client-request-id": "Sanitized",
        "x-ms-return-client-request-id": "true",
        "x-ms-version": "2025-05-05"
      },
      "RequestBody": null,
      "StatusCode": 200,
      "ResponseHeaders": {
        "Cache-Control": "no-cache",
        "Content-Disposition": "inline",
        "Content-Language": [
          "en-US",
          "en-CA"
        ],
        "Content-Length": "1024",
        "Content-Type": "application/octet-stream",
        "Date": "Mon, 14 Apr 2025 16:29:25 GMT",
        "ETag": "\"0x8DD7B71854AA1BE\"",
        "Last-Modified": "Mon, 14 Apr 2025 16:29:25 GMT",
        "Server": [
          "Windows-Azure-File/1.0",
          "Microsoft-HTTPAPI/2.0"
        ],
        "x-ms-client-request-id": "Sanitized",
        "x-ms-file-change-time": "2025-04-14T16:29:25.4260158Z",
        "x-ms-file-creation-time": "2024-04-01T09:05:55.0000000Z",
        "x-ms-file-file-type": "Regular",
        "x-ms-file-id": "11529285414812647424",
        "x-ms-file-last-write-time": "2024-04-01T12:16:06.0000000Z",
        "x-ms-file-parent-id": "13835128424026341376",
        "x-ms-group": "123",
        "x-ms-lease-state": "available",
        "x-ms-lease-status": "unlocked",
        "x-ms-link-count": "1",
        "x-ms-meta-Capital": "letter",
        "x-ms-meta-foo": "bar",
        "x-ms-meta-meta": "data",
        "x-ms-meta-UPPER": "case",
        "x-ms-mode": "1777",
        "x-ms-owner": "345",
        "x-ms-request-id": "9ba752ae-501a-0012-765a-ad975a000000",
        "x-ms-server-encrypted": "true",
        "x-ms-type": "File",
        "x-ms-version": "2025-05-05"
      },
      "ResponseBody": null
    },
    {
      "RequestUri": "https://seancanaryfilepremium2.file.core.windows.net/test-share-5fa5d82d-06d6-8441-34e7-d0223bd40f92/sourceFolder/item2?sv=Sanitized&ss=f&srt=sco&se=2025-04-15T16%3A29%3A32Z&sp=rwdxylacuptfi&sig=Sanitized",
      "RequestMethod": "HEAD",
      "RequestHeaders": {
        "Accept": "application/xml",
        "traceparent": "00-93ea84d81537fbe1f488fc19cd9be78b-2b70eed7065c40f7-00",
        "User-Agent": "azsdk-net-Storage.Files.Shares/12.23.0-alpha.20250414.1 (.NET 8.0.15; Microsoft Windows 10.0.26100)",
        "x-ms-client-request-id": "Sanitized",
        "x-ms-return-client-request-id": "true",
        "x-ms-version": "2025-05-05"
      },
      "RequestBody": null,
      "StatusCode": 200,
      "ResponseHeaders": {
        "Cache-Control": "no-cache",
        "Content-Disposition": "inline",
        "Content-Language": [
          "en-US",
          "en-CA"
        ],
        "Content-Length": "1024",
        "Content-Type": "application/octet-stream",
        "Date": "Mon, 14 Apr 2025 16:29:25 GMT",
        "ETag": "\"0x8DD7B718552AF01\"",
        "Last-Modified": "Mon, 14 Apr 2025 16:29:25 GMT",
        "Server": [
          "Windows-Azure-File/1.0",
          "Microsoft-HTTPAPI/2.0"
        ],
        "x-ms-client-request-id": "Sanitized",
        "x-ms-file-change-time": "2025-04-14T16:29:25.4787841Z",
        "x-ms-file-creation-time": "2024-04-01T09:05:55.0000000Z",
        "x-ms-file-file-type": "Regular",
        "x-ms-file-id": "16140971433240035328",
        "x-ms-file-last-write-time": "2024-04-01T12:16:06.0000000Z",
        "x-ms-file-parent-id": "13835128424026341376",
        "x-ms-group": "123",
        "x-ms-lease-state": "available",
        "x-ms-lease-status": "unlocked",
        "x-ms-link-count": "1",
        "x-ms-meta-Capital": "letter",
        "x-ms-meta-foo": "bar",
        "x-ms-meta-meta": "data",
        "x-ms-meta-UPPER": "case",
        "x-ms-mode": "1777",
        "x-ms-owner": "345",
        "x-ms-request-id": "4ac8ed9a-b01a-0025-3a5a-ad45f6000000",
        "x-ms-server-encrypted": "true",
        "x-ms-type": "File",
        "x-ms-version": "2025-05-05"
      },
      "ResponseBody": null
    },
    {
      "RequestUri": "https://seancanaryfilepremium2.file.core.windows.net/test-share-5fa5d82d-06d6-8441-34e7-d0223bd40f92/sourceFolder/pik?sv=Sanitized&ss=f&srt=sco&se=2025-04-15T16%3A29%3A32Z&sp=rwdxylacuptfi&sig=Sanitized&restype=directory&comp=list",
      "RequestMethod": "GET",
      "RequestHeaders": {
        "Accept": "application/xml",
        "traceparent": "00-9a16af8cfde9d0df0eb8a1f5f690c359-cbe276528889944e-00",
        "User-Agent": "azsdk-net-Storage.Files.Shares/12.23.0-alpha.20250414.1 (.NET 8.0.15; Microsoft Windows 10.0.26100)",
        "x-ms-client-request-id": "Sanitized",
        "x-ms-return-client-request-id": "true",
        "x-ms-version": "2025-05-05"
      },
      "RequestBody": null,
      "StatusCode": 200,
      "ResponseHeaders": {
        "Content-Type": "application/xml",
        "Date": "Mon, 14 Apr 2025 16:29:25 GMT",
        "Server": [
          "Windows-Azure-File/1.0",
          "Microsoft-HTTPAPI/2.0"
        ],
        "Transfer-Encoding": "chunked",
        "x-ms-client-request-id": "Sanitized",
        "x-ms-request-id": "535a75f3-901a-001d-755a-ade136000000",
        "x-ms-version": "2025-05-05"
      },
      "ResponseBody": "\uFEFF<?xml version=\"1.0\" encoding=\"utf-8\"?><EnumerationResults ServiceEndpoint=\"https://seancanaryfilepremium2.file.core.windows.net/\" ShareName=\"test-share-5fa5d82d-06d6-8441-34e7-d0223bd40f92\" DirectoryPath=\"sourceFolder/pik\"><DirectoryId>12682206919419494400</DirectoryId><Entries><File><Name>item4</Name><FileId>17293892937846882304</FileId><Properties><Content-Length>1024</Content-Length></Properties></File></Entries><NextMarker /></EnumerationResults>"
    },
    {
      "RequestUri": "https://seancanaryfilepremium2.file.core.windows.net/test-share-5fa5d82d-06d6-8441-34e7-d0223bd40f92/sourceFolder/bar/item3?sv=Sanitized&ss=f&srt=sco&se=2025-04-15T16%3A29%3A32Z&sp=rwdxylacuptfi&sig=Sanitized",
      "RequestMethod": "HEAD",
      "RequestHeaders": {
        "Accept": "application/xml",
        "traceparent": "00-48f46a0f3902050994dd4121b6937062-ac3bc19ecc72e275-00",
        "User-Agent": "azsdk-net-Storage.Files.Shares/12.23.0-alpha.20250414.1 (.NET 8.0.15; Microsoft Windows 10.0.26100)",
        "x-ms-client-request-id": "Sanitized",
        "x-ms-return-client-request-id": "true",
        "x-ms-version": "2025-05-05"
      },
      "RequestBody": null,
      "StatusCode": 200,
      "ResponseHeaders": {
        "Cache-Control": "no-cache",
        "Content-Disposition": "inline",
        "Content-Language": [
          "en-US",
          "en-CA"
        ],
        "Content-Length": "1024",
        "Content-Type": "application/octet-stream",
        "Date": "Mon, 14 Apr 2025 16:29:25 GMT",
        "ETag": "\"0x8DD7B71856254DA\"",
        "Last-Modified": "Mon, 14 Apr 2025 16:29:25 GMT",
        "Server": [
          "Windows-Azure-File/1.0",
          "Microsoft-HTTPAPI/2.0"
        ],
        "x-ms-client-request-id": "Sanitized",
        "x-ms-file-change-time": "2025-04-14T16:29:25.5813338Z",
        "x-ms-file-creation-time": "2024-04-01T09:05:55.0000000Z",
        "x-ms-file-file-type": "Regular",
        "x-ms-file-id": "14988049928633188352",
        "x-ms-file-last-write-time": "2024-04-01T12:16:06.0000000Z",
        "x-ms-file-parent-id": "10376363910205800448",
        "x-ms-group": "123",
        "x-ms-lease-state": "available",
        "x-ms-lease-status": "unlocked",
        "x-ms-link-count": "1",
        "x-ms-meta-Capital": "letter",
        "x-ms-meta-foo": "bar",
        "x-ms-meta-meta": "data",
        "x-ms-meta-UPPER": "case",
        "x-ms-mode": "1777",
        "x-ms-owner": "345",
        "x-ms-request-id": "9ba752b1-501a-0012-775a-ad975a000000",
        "x-ms-server-encrypted": "true",
        "x-ms-type": "File",
        "x-ms-version": "2025-05-05"
      },
      "ResponseBody": null
    },
    {
      "RequestUri": "https://seancanaryfilepremium2.file.core.windows.net/test-share-5fa5d82d-06d6-8441-34e7-d0223bd40f92/sourceFolder/item1?sv=Sanitized&ss=f&srt=sco&se=2025-04-15T16%3A29%3A32Z&sp=rwdxylacuptfi&sig=Sanitized",
      "RequestMethod": "HEAD",
      "RequestHeaders": {
        "Accept": "application/xml",
        "traceparent": "00-7373b8a4fdff469adee86baf39baf430-626cd1d4677f8899-00",
        "User-Agent": "azsdk-net-Storage.Files.Shares/12.23.0-alpha.20250414.1 (.NET 8.0.15; Microsoft Windows 10.0.26100)",
        "x-ms-client-request-id": "Sanitized",
        "x-ms-return-client-request-id": "true",
        "x-ms-version": "2025-05-05"
      },
      "RequestBody": null,
      "StatusCode": 200,
      "ResponseHeaders": {
        "Cache-Control": "no-cache",
        "Content-Disposition": "inline",
        "Content-Language": [
          "en-US",
          "en-CA"
        ],
        "Content-Length": "1024",
        "Content-Type": "application/octet-stream",
        "Date": "Mon, 14 Apr 2025 16:29:25 GMT",
        "ETag": "\"0x8DD7B71854AA1BE\"",
        "Last-Modified": "Mon, 14 Apr 2025 16:29:25 GMT",
        "Server": [
          "Windows-Azure-File/1.0",
          "Microsoft-HTTPAPI/2.0"
        ],
        "x-ms-client-request-id": "Sanitized",
        "x-ms-file-change-time": "2025-04-14T16:29:25.4260158Z",
        "x-ms-file-creation-time": "2024-04-01T09:05:55.0000000Z",
        "x-ms-file-file-type": "Regular",
        "x-ms-file-id": "11529285414812647424",
        "x-ms-file-last-write-time": "2024-04-01T12:16:06.0000000Z",
        "x-ms-file-parent-id": "13835128424026341376",
        "x-ms-group": "123",
        "x-ms-lease-state": "available",
        "x-ms-lease-status": "unlocked",
        "x-ms-link-count": "1",
        "x-ms-meta-Capital": "letter",
        "x-ms-meta-foo": "bar",
        "x-ms-meta-meta": "data",
        "x-ms-meta-UPPER": "case",
        "x-ms-mode": "1777",
        "x-ms-owner": "345",
        "x-ms-request-id": "fb950843-401a-0053-055a-adcfbe000000",
        "x-ms-server-encrypted": "true",
        "x-ms-type": "File",
        "x-ms-version": "2025-05-05"
      },
      "ResponseBody": null
    },
    {
      "RequestUri": "https://seancanaryfilepremium2.file.core.windows.net/test-share-5fa5d82d-06d6-8441-34e7-d0223bd40f92/sourceFolder/pik/item4?sv=Sanitized&ss=f&srt=sco&se=2025-04-15T16%3A29%3A32Z&sp=rwdxylacuptfi&sig=Sanitized",
      "RequestMethod": "HEAD",
      "RequestHeaders": {
        "Accept": "application/xml",
        "traceparent": "00-0b2fcb668716f07a18191ee66a3996d7-f5443002563c70b7-00",
        "User-Agent": "azsdk-net-Storage.Files.Shares/12.23.0-alpha.20250414.1 (.NET 8.0.15; Microsoft Windows 10.0.26100)",
        "x-ms-client-request-id": "Sanitized",
        "x-ms-return-client-request-id": "true",
        "x-ms-version": "2025-05-05"
      },
      "RequestBody": null,
      "StatusCode": 200,
      "ResponseHeaders": {
        "Cache-Control": "no-cache",
        "Content-Disposition": "inline",
        "Content-Language": [
          "en-US",
          "en-CA"
        ],
        "Content-Length": "1024",
        "Content-Type": "application/octet-stream",
        "Date": "Mon, 14 Apr 2025 16:29:25 GMT",
        "ETag": "\"0x8DD7B718571383E\"",
        "Last-Modified": "Mon, 14 Apr 2025 16:29:25 GMT",
        "Server": [
          "Windows-Azure-File/1.0",
          "Microsoft-HTTPAPI/2.0"
        ],
        "x-ms-client-request-id": "Sanitized",
        "x-ms-file-change-time": "2025-04-14T16:29:25.6789054Z",
        "x-ms-file-creation-time": "2024-04-01T09:05:55.0000000Z",
        "x-ms-file-file-type": "Regular",
        "x-ms-file-id": "17293892937846882304",
        "x-ms-file-last-write-time": "2024-04-01T12:16:06.0000000Z",
        "x-ms-file-parent-id": "12682206919419494400",
        "x-ms-group": "123",
        "x-ms-lease-state": "available",
        "x-ms-lease-status": "unlocked",
        "x-ms-link-count": "1",
        "x-ms-meta-Capital": "letter",
        "x-ms-meta-foo": "bar",
        "x-ms-meta-meta": "data",
        "x-ms-meta-UPPER": "case",
        "x-ms-mode": "1777",
        "x-ms-owner": "345",
        "x-ms-request-id": "9ba752b2-501a-0012-785a-ad975a000000",
        "x-ms-server-encrypted": "true",
        "x-ms-type": "File",
        "x-ms-version": "2025-05-05"
      },
      "ResponseBody": null
    },
    {
      "RequestUri": "https://seancanaryfilepremium2.file.core.windows.net/test-share-b13aa4ad-b7b3-0da2-72d5-c45bbf0d4c92/destFolder/item1?sv=Sanitized&ss=f&srt=sco&se=2025-04-15T16%3A29%3A32Z&sp=rwdxylacuptfi&sig=Sanitized",
      "RequestMethod": "HEAD",
      "RequestHeaders": {
        "Accept": "application/xml",
        "traceparent": "00-10fe37a160e51e26f3057ff11b1024d0-c926986180121558-00",
        "User-Agent": "azsdk-net-Storage.Files.Shares/12.23.0-alpha.20250414.1 (.NET 8.0.15; Microsoft Windows 10.0.26100)",
        "x-ms-client-request-id": "Sanitized",
        "x-ms-return-client-request-id": "true",
        "x-ms-version": "2025-05-05"
      },
      "RequestBody": null,
      "StatusCode": 404,
      "ResponseHeaders": {
        "Date": "Mon, 14 Apr 2025 16:29:25 GMT",
        "Server": [
          "Windows-Azure-File/1.0",
          "Microsoft-HTTPAPI/2.0"
        ],
        "Transfer-Encoding": "chunked",
        "x-ms-client-request-id": "Sanitized",
        "x-ms-error-code": "ResourceNotFound",
        "x-ms-request-id": "fb950845-401a-0053-065a-adcfbe000000",
        "x-ms-version": "2025-05-05"
      },
      "ResponseBody": null
    },
    {
      "RequestUri": "https://seancanaryfilepremium2.file.core.windows.net/test-share-b13aa4ad-b7b3-0da2-72d5-c45bbf0d4c92/destFolder/item1?sv=Sanitized&ss=f&srt=sco&se=2025-04-15T16%3A29%3A32Z&sp=rwdxylacuptfi&sig=Sanitized",
      "RequestMethod": "PUT",
      "RequestHeaders": {
        "Accept": "application/xml",
        "Content-Length": "0",
        "traceparent": "00-150954cbb7dde115325610d36f4a28a5-29d5dd115cd2b1f8-00",
        "User-Agent": "azsdk-net-Storage.Files.Shares/12.23.0-alpha.20250414.1 (.NET 8.0.15; Microsoft Windows 10.0.26100)",
        "x-ms-cache-control": "no-cache",
        "x-ms-client-request-id": "Sanitized",
        "x-ms-content-disposition": "inline",
        "x-ms-content-language": "en-US,en-CA",
        "x-ms-content-length": "1024",
        "x-ms-content-type": "application/octet-stream",
        "x-ms-file-creation-time": "2024-04-01T09:05:55.0000000Z",
        "x-ms-file-file-type": "Regular",
        "x-ms-file-last-write-time": "2024-04-01T12:16:06.0000000Z",
        "x-ms-meta-Capital": "letter",
        "x-ms-meta-foo": "bar",
        "x-ms-meta-meta": "data",
        "x-ms-meta-UPPER": "case",
        "x-ms-return-client-request-id": "true",
        "x-ms-type": "file",
        "x-ms-version": "2025-05-05"
      },
      "RequestBody": null,
      "StatusCode": 201,
      "ResponseHeaders": {
        "Content-Length": "0",
        "Date": "Mon, 14 Apr 2025 16:29:25 GMT",
        "ETag": "\"0x8DD7B7185C7A9A4\"",
        "Last-Modified": "Mon, 14 Apr 2025 16:29:26 GMT",
        "Server": [
          "Windows-Azure-File/1.0",
          "Microsoft-HTTPAPI/2.0"
        ],
        "x-ms-client-request-id": "Sanitized",
        "x-ms-file-change-time": "2025-04-14T16:29:26.2454180Z",
        "x-ms-file-creation-time": "2024-04-01T09:05:55.0000000Z",
        "x-ms-file-file-type": "Regular",
        "x-ms-file-id": "13835093239654252544",
        "x-ms-file-last-write-time": "2024-04-01T12:16:06.0000000Z",
        "x-ms-file-parent-id": "13835128424026341376",
        "x-ms-group": "0",
        "x-ms-mode": "0664",
        "x-ms-owner": "0",
        "x-ms-request-id": "fb950847-401a-0053-075a-adcfbe000000",
        "x-ms-request-server-encrypted": "true",
        "x-ms-version": "2025-05-05"
      },
      "ResponseBody": null
    },
    {
      "RequestUri": "https://seancanaryfilepremium2.file.core.windows.net/test-share-b13aa4ad-b7b3-0da2-72d5-c45bbf0d4c92/destFolder/item1?sv=Sanitized&ss=f&srt=sco&se=2025-04-15T16%3A29%3A32Z&sp=rwdxylacuptfi&sig=Sanitized&comp=range",
      "RequestMethod": "PUT",
      "RequestHeaders": {
        "Accept": "application/xml",
        "Content-Length": "0",
        "traceparent": "00-bae341b068dcd7ad88c2c52ff87e068a-b35f3672edcd1ffc-00",
        "User-Agent": "azsdk-net-Storage.Files.Shares/12.23.0-alpha.20250414.1 (.NET 8.0.15; Microsoft Windows 10.0.26100)",
        "x-ms-client-request-id": "Sanitized",
        "x-ms-copy-source": "https://seancanaryfilepremium2.file.core.windows.net/test-share-5fa5d82d-06d6-8441-34e7-d0223bd40f92/sourceFolder/item1?sv=sanitized-value&ss=f&srt=sco&se=2025-04-15T16%3A29%3A32Z&sp=rwdxylacuptfi&sig=Sanitized",
        "x-ms-file-last-write-time": "Preserve",
        "x-ms-range": "bytes=0-1023",
        "x-ms-return-client-request-id": "true",
        "x-ms-source-range": "bytes=0-1023",
        "x-ms-version": "2025-05-05",
        "x-ms-write": "update"
      },
      "RequestBody": null,
      "StatusCode": 201,
      "ResponseHeaders": {
        "Content-Length": "0",
        "Date": "Mon, 14 Apr 2025 16:29:25 GMT",
        "ETag": "\"0x8DD7B7185D41EC4\"",
        "Last-Modified": "Mon, 14 Apr 2025 16:29:26 GMT",
        "Server": [
          "Windows-Azure-File/1.0",
          "Microsoft-HTTPAPI/2.0"
        ],
        "x-ms-client-request-id": "Sanitized",
        "x-ms-content-crc64": "iknlm7CyG2k=",
        "x-ms-file-last-write-time": "2024-04-01T12:16:06.0000000Z",
        "x-ms-request-id": "fb950848-401a-0053-085a-adcfbe000000",
        "x-ms-request-server-encrypted": "true",
        "x-ms-version": "2025-05-05"
      },
      "ResponseBody": null
    },
    {
      "RequestUri": "https://seancanaryfilepremium2.file.core.windows.net/test-share-b13aa4ad-b7b3-0da2-72d5-c45bbf0d4c92/destFolder/item1?sv=Sanitized&ss=f&srt=sco&se=2025-04-15T16%3A29%3A32Z&sp=rwdxylacuptfi&sig=Sanitized&comp=properties",
      "RequestMethod": "PUT",
      "RequestHeaders": {
        "Accept": "application/xml",
        "Content-Length": "0",
        "traceparent": "00-4235ee537a4f91287b32f8aa796aaaac-f0153a839aa65adb-00",
        "User-Agent": "azsdk-net-Storage.Files.Shares/12.23.0-alpha.20250414.1 (.NET 8.0.15; Microsoft Windows 10.0.26100)",
        "x-ms-cache-control": "no-cache",
        "x-ms-client-request-id": "Sanitized",
        "x-ms-content-disposition": "inline",
        "x-ms-content-language": "en-US,en-CA",
        "x-ms-content-type": "application/octet-stream",
        "x-ms-file-creation-time": "2024-04-01T09:05:55.0000000Z",
        "x-ms-file-last-write-time": "2024-04-01T12:16:06.0000000Z",
        "x-ms-return-client-request-id": "true",
        "x-ms-version": "2025-05-05"
      },
      "RequestBody": null,
      "StatusCode": 200,
      "ResponseHeaders": {
        "Content-Length": "0",
        "Date": "Mon, 14 Apr 2025 16:29:25 GMT",
        "ETag": "\"0x8DD7B7185DD6327\"",
        "Last-Modified": "Mon, 14 Apr 2025 16:29:26 GMT",
        "Server": [
          "Windows-Azure-File/1.0",
          "Microsoft-HTTPAPI/2.0"
        ],
        "x-ms-client-request-id": "Sanitized",
        "x-ms-file-change-time": "2025-04-14T16:29:26.3877927Z",
        "x-ms-file-creation-time": "2024-04-01T09:05:55.0000000Z",
        "x-ms-file-id": "13835093239654252544",
        "x-ms-file-last-write-time": "2024-04-01T12:16:06.0000000Z",
        "x-ms-file-parent-id": "13835128424026341376",
        "x-ms-group": "0",
        "x-ms-link-count": "1",
        "x-ms-mode": "0664",
        "x-ms-owner": "0",
        "x-ms-request-id": "fb95084a-401a-0053-095a-adcfbe000000",
        "x-ms-request-server-encrypted": "true",
        "x-ms-version": "2025-05-05"
      },
      "ResponseBody": null
    },
    {
      "RequestUri": "https://seancanaryfilepremium2.file.core.windows.net/test-share-5fa5d82d-06d6-8441-34e7-d0223bd40f92/sourceFolder/item2?sv=Sanitized&ss=f&srt=sco&se=2025-04-15T16%3A29%3A32Z&sp=rwdxylacuptfi&sig=Sanitized",
      "RequestMethod": "HEAD",
      "RequestHeaders": {
        "Accept": "application/xml",
        "traceparent": "00-05f615188232bcddec3eb16c009160c3-0463cbe118e0552a-00",
        "User-Agent": "azsdk-net-Storage.Files.Shares/12.23.0-alpha.20250414.1 (.NET 8.0.15; Microsoft Windows 10.0.26100)",
        "x-ms-client-request-id": "Sanitized",
        "x-ms-return-client-request-id": "true",
        "x-ms-version": "2025-05-05"
      },
      "RequestBody": null,
      "StatusCode": 200,
      "ResponseHeaders": {
        "Cache-Control": "no-cache",
        "Content-Disposition": "inline",
        "Content-Language": [
          "en-US",
          "en-CA"
        ],
        "Content-Length": "1024",
        "Content-Type": "application/octet-stream",
        "Date": "Mon, 14 Apr 2025 16:29:25 GMT",
        "ETag": "\"0x8DD7B718552AF01\"",
        "Last-Modified": "Mon, 14 Apr 2025 16:29:25 GMT",
        "Server": [
          "Windows-Azure-File/1.0",
          "Microsoft-HTTPAPI/2.0"
        ],
        "x-ms-client-request-id": "Sanitized",
        "x-ms-file-change-time": "2025-04-14T16:29:25.4787841Z",
        "x-ms-file-creation-time": "2024-04-01T09:05:55.0000000Z",
        "x-ms-file-file-type": "Regular",
        "x-ms-file-id": "16140971433240035328",
        "x-ms-file-last-write-time": "2024-04-01T12:16:06.0000000Z",
        "x-ms-file-parent-id": "13835128424026341376",
        "x-ms-group": "123",
        "x-ms-lease-state": "available",
        "x-ms-lease-status": "unlocked",
        "x-ms-link-count": "1",
        "x-ms-meta-Capital": "letter",
        "x-ms-meta-foo": "bar",
        "x-ms-meta-meta": "data",
        "x-ms-meta-UPPER": "case",
        "x-ms-mode": "1777",
        "x-ms-owner": "345",
        "x-ms-request-id": "fb95084b-401a-0053-0a5a-adcfbe000000",
        "x-ms-server-encrypted": "true",
        "x-ms-type": "File",
        "x-ms-version": "2025-05-05"
      },
      "ResponseBody": null
    },
    {
      "RequestUri": "https://seancanaryfilepremium2.file.core.windows.net/test-share-b13aa4ad-b7b3-0da2-72d5-c45bbf0d4c92/destFolder/item2?sv=Sanitized&ss=f&srt=sco&se=2025-04-15T16%3A29%3A32Z&sp=rwdxylacuptfi&sig=Sanitized",
      "RequestMethod": "HEAD",
      "RequestHeaders": {
        "Accept": "application/xml",
        "traceparent": "00-38459fa41783d36d4bee8d3a1decd8c7-cccbabed47199f32-00",
        "User-Agent": "azsdk-net-Storage.Files.Shares/12.23.0-alpha.20250414.1 (.NET 8.0.15; Microsoft Windows 10.0.26100)",
        "x-ms-client-request-id": "Sanitized",
        "x-ms-return-client-request-id": "true",
        "x-ms-version": "2025-05-05"
      },
      "RequestBody": null,
      "StatusCode": 404,
      "ResponseHeaders": {
        "Date": "Mon, 14 Apr 2025 16:29:25 GMT",
        "Server": [
          "Windows-Azure-File/1.0",
          "Microsoft-HTTPAPI/2.0"
        ],
        "Transfer-Encoding": "chunked",
        "x-ms-client-request-id": "Sanitized",
        "x-ms-error-code": "ResourceNotFound",
        "x-ms-request-id": "fb95084c-401a-0053-0b5a-adcfbe000000",
        "x-ms-version": "2025-05-05"
      },
      "ResponseBody": null
    },
    {
      "RequestUri": "https://seancanaryfilepremium2.file.core.windows.net/test-share-b13aa4ad-b7b3-0da2-72d5-c45bbf0d4c92/destFolder/item2?sv=Sanitized&ss=f&srt=sco&se=2025-04-15T16%3A29%3A32Z&sp=rwdxylacuptfi&sig=Sanitized",
      "RequestMethod": "PUT",
      "RequestHeaders": {
        "Accept": "application/xml",
        "Content-Length": "0",
        "traceparent": "00-c656f434aa9b495b5d074e81bfb6f695-ea6f3dd490af9eb0-00",
        "User-Agent": "azsdk-net-Storage.Files.Shares/12.23.0-alpha.20250414.1 (.NET 8.0.15; Microsoft Windows 10.0.26100)",
        "x-ms-cache-control": "no-cache",
        "x-ms-client-request-id": "Sanitized",
        "x-ms-content-disposition": "inline",
        "x-ms-content-language": "en-US,en-CA",
        "x-ms-content-length": "1024",
        "x-ms-content-type": "application/octet-stream",
        "x-ms-file-creation-time": "2024-04-01T09:05:55.0000000Z",
        "x-ms-file-file-type": "Regular",
        "x-ms-file-last-write-time": "2024-04-01T12:16:06.0000000Z",
        "x-ms-meta-Capital": "letter",
        "x-ms-meta-foo": "bar",
        "x-ms-meta-meta": "data",
        "x-ms-meta-UPPER": "case",
        "x-ms-return-client-request-id": "true",
        "x-ms-type": "file",
        "x-ms-version": "2025-05-05"
      },
      "RequestBody": null,
      "StatusCode": 201,
      "ResponseHeaders": {
        "Content-Length": "0",
        "Date": "Mon, 14 Apr 2025 16:29:25 GMT",
        "ETag": "\"0x8DD7B7185FA8E60\"",
        "Last-Modified": "Mon, 14 Apr 2025 16:29:26 GMT",
        "Server": [
          "Windows-Azure-File/1.0",
          "Microsoft-HTTPAPI/2.0"
        ],
        "x-ms-client-request-id": "Sanitized",
        "x-ms-file-change-time": "2025-04-14T16:29:26.5789536Z",
        "x-ms-file-creation-time": "2024-04-01T09:05:55.0000000Z",
        "x-ms-file-file-type": "Regular",
        "x-ms-file-id": "11529250230440558592",
        "x-ms-file-last-write-time": "2024-04-01T12:16:06.0000000Z",
        "x-ms-file-parent-id": "13835128424026341376",
        "x-ms-group": "0",
        "x-ms-mode": "0664",
        "x-ms-owner": "0",
        "x-ms-request-id": "fb95084d-401a-0053-0c5a-adcfbe000000",
        "x-ms-request-server-encrypted": "true",
        "x-ms-version": "2025-05-05"
      },
      "ResponseBody": null
    },
    {
      "RequestUri": "https://seancanaryfilepremium2.file.core.windows.net/test-share-b13aa4ad-b7b3-0da2-72d5-c45bbf0d4c92/destFolder/item2?sv=Sanitized&ss=f&srt=sco&se=2025-04-15T16%3A29%3A32Z&sp=rwdxylacuptfi&sig=Sanitized&comp=range",
      "RequestMethod": "PUT",
      "RequestHeaders": {
        "Accept": "application/xml",
        "Content-Length": "0",
        "traceparent": "00-84717887e4c10615c15a9e5c056d248b-32d183fc2b472b46-00",
        "User-Agent": "azsdk-net-Storage.Files.Shares/12.23.0-alpha.20250414.1 (.NET 8.0.15; Microsoft Windows 10.0.26100)",
        "x-ms-client-request-id": "Sanitized",
        "x-ms-copy-source": "https://seancanaryfilepremium2.file.core.windows.net/test-share-5fa5d82d-06d6-8441-34e7-d0223bd40f92/sourceFolder/item2?sv=sanitized-value&ss=f&srt=sco&se=2025-04-15T16%3A29%3A32Z&sp=rwdxylacuptfi&sig=Sanitized",
        "x-ms-file-last-write-time": "Preserve",
        "x-ms-range": "bytes=0-1023",
        "x-ms-return-client-request-id": "true",
        "x-ms-source-range": "bytes=0-1023",
        "x-ms-version": "2025-05-05",
        "x-ms-write": "update"
      },
      "RequestBody": null,
      "StatusCode": 201,
      "ResponseHeaders": {
        "Content-Length": "0",
        "Date": "Mon, 14 Apr 2025 16:29:25 GMT",
        "ETag": "\"0x8DD7B7186046E54\"",
        "Last-Modified": "Mon, 14 Apr 2025 16:29:26 GMT",
        "Server": [
          "Windows-Azure-File/1.0",
          "Microsoft-HTTPAPI/2.0"
        ],
        "x-ms-client-request-id": "Sanitized",
        "x-ms-content-crc64": "iknlm7CyG2k=",
        "x-ms-file-last-write-time": "2024-04-01T12:16:06.0000000Z",
        "x-ms-request-id": "fb95084e-401a-0053-0d5a-adcfbe000000",
        "x-ms-request-server-encrypted": "true",
        "x-ms-version": "2025-05-05"
      },
      "ResponseBody": null
    },
    {
      "RequestUri": "https://seancanaryfilepremium2.file.core.windows.net/test-share-b13aa4ad-b7b3-0da2-72d5-c45bbf0d4c92/destFolder/item2?sv=Sanitized&ss=f&srt=sco&se=2025-04-15T16%3A29%3A32Z&sp=rwdxylacuptfi&sig=Sanitized&comp=properties",
      "RequestMethod": "PUT",
      "RequestHeaders": {
        "Accept": "application/xml",
        "Content-Length": "0",
        "traceparent": "00-5ff3a71b381148fa887029d6fc8a8ca4-4888226e96232c01-00",
        "User-Agent": "azsdk-net-Storage.Files.Shares/12.23.0-alpha.20250414.1 (.NET 8.0.15; Microsoft Windows 10.0.26100)",
        "x-ms-cache-control": "no-cache",
        "x-ms-client-request-id": "Sanitized",
        "x-ms-content-disposition": "inline",
        "x-ms-content-language": "en-US,en-CA",
        "x-ms-content-type": "application/octet-stream",
        "x-ms-file-creation-time": "2024-04-01T09:05:55.0000000Z",
        "x-ms-file-last-write-time": "2024-04-01T12:16:06.0000000Z",
        "x-ms-return-client-request-id": "true",
        "x-ms-version": "2025-05-05"
      },
      "RequestBody": null,
      "StatusCode": 200,
      "ResponseHeaders": {
        "Content-Length": "0",
        "Date": "Mon, 14 Apr 2025 16:29:25 GMT",
        "ETag": "\"0x8DD7B71860E0085\"",
        "Last-Modified": "Mon, 14 Apr 2025 16:29:26 GMT",
        "Server": [
          "Windows-Azure-File/1.0",
          "Microsoft-HTTPAPI/2.0"
        ],
        "x-ms-client-request-id": "Sanitized",
        "x-ms-file-change-time": "2025-04-14T16:29:26.7063941Z",
        "x-ms-file-creation-time": "2024-04-01T09:05:55.0000000Z",
        "x-ms-file-id": "11529250230440558592",
        "x-ms-file-last-write-time": "2024-04-01T12:16:06.0000000Z",
        "x-ms-file-parent-id": "13835128424026341376",
        "x-ms-group": "0",
        "x-ms-link-count": "1",
        "x-ms-mode": "0664",
        "x-ms-owner": "0",
        "x-ms-request-id": "fb95084f-401a-0053-0e5a-adcfbe000000",
        "x-ms-request-server-encrypted": "true",
        "x-ms-version": "2025-05-05"
      },
      "ResponseBody": null
    },
    {
      "RequestUri": "https://seancanaryfilepremium2.file.core.windows.net/test-share-5fa5d82d-06d6-8441-34e7-d0223bd40f92/sourceFolder/bar/item3?sv=Sanitized&ss=f&srt=sco&se=2025-04-15T16%3A29%3A32Z&sp=rwdxylacuptfi&sig=Sanitized",
      "RequestMethod": "HEAD",
      "RequestHeaders": {
        "Accept": "application/xml",
        "traceparent": "00-4c43c3ff2cd1fb2a7092591242479a49-b7468033db9f82fa-00",
        "User-Agent": "azsdk-net-Storage.Files.Shares/12.23.0-alpha.20250414.1 (.NET 8.0.15; Microsoft Windows 10.0.26100)",
        "x-ms-client-request-id": "Sanitized",
        "x-ms-return-client-request-id": "true",
        "x-ms-version": "2025-05-05"
      },
      "RequestBody": null,
      "StatusCode": 200,
      "ResponseHeaders": {
        "Cache-Control": "no-cache",
        "Content-Disposition": "inline",
        "Content-Language": [
          "en-US",
          "en-CA"
        ],
        "Content-Length": "1024",
        "Content-Type": "application/octet-stream",
        "Date": "Mon, 14 Apr 2025 16:29:25 GMT",
        "ETag": "\"0x8DD7B71856254DA\"",
        "Last-Modified": "Mon, 14 Apr 2025 16:29:25 GMT",
        "Server": [
          "Windows-Azure-File/1.0",
          "Microsoft-HTTPAPI/2.0"
        ],
        "x-ms-client-request-id": "Sanitized",
        "x-ms-file-change-time": "2025-04-14T16:29:25.5813338Z",
        "x-ms-file-creation-time": "2024-04-01T09:05:55.0000000Z",
        "x-ms-file-file-type": "Regular",
        "x-ms-file-id": "14988049928633188352",
        "x-ms-file-last-write-time": "2024-04-01T12:16:06.0000000Z",
        "x-ms-file-parent-id": "10376363910205800448",
        "x-ms-group": "123",
        "x-ms-lease-state": "available",
        "x-ms-lease-status": "unlocked",
        "x-ms-link-count": "1",
        "x-ms-meta-Capital": "letter",
        "x-ms-meta-foo": "bar",
        "x-ms-meta-meta": "data",
        "x-ms-meta-UPPER": "case",
        "x-ms-mode": "1777",
        "x-ms-owner": "345",
        "x-ms-request-id": "fb950850-401a-0053-0f5a-adcfbe000000",
        "x-ms-server-encrypted": "true",
        "x-ms-type": "File",
        "x-ms-version": "2025-05-05"
      },
      "ResponseBody": null
    },
    {
      "RequestUri": "https://seancanaryfilepremium2.file.core.windows.net/test-share-b13aa4ad-b7b3-0da2-72d5-c45bbf0d4c92/destFolder/bar/item3?sv=Sanitized&ss=f&srt=sco&se=2025-04-15T16%3A29%3A32Z&sp=rwdxylacuptfi&sig=Sanitized",
      "RequestMethod": "HEAD",
      "RequestHeaders": {
        "Accept": "application/xml",
        "traceparent": "00-f08f5c3a284bed6ee838e2907a34aa59-4836d5944c2b3b73-00",
        "User-Agent": "azsdk-net-Storage.Files.Shares/12.23.0-alpha.20250414.1 (.NET 8.0.15; Microsoft Windows 10.0.26100)",
        "x-ms-client-request-id": "Sanitized",
        "x-ms-return-client-request-id": "true",
        "x-ms-version": "2025-05-05"
      },
      "RequestBody": null,
      "StatusCode": 404,
      "ResponseHeaders": {
        "Date": "Mon, 14 Apr 2025 16:29:26 GMT",
        "Server": [
          "Windows-Azure-File/1.0",
          "Microsoft-HTTPAPI/2.0"
        ],
        "Transfer-Encoding": "chunked",
        "x-ms-client-request-id": "Sanitized",
        "x-ms-error-code": "ResourceNotFound",
        "x-ms-request-id": "fb950852-401a-0053-105a-adcfbe000000",
        "x-ms-version": "2025-05-05"
      },
      "ResponseBody": null
    },
    {
      "RequestUri": "https://seancanaryfilepremium2.file.core.windows.net/test-share-b13aa4ad-b7b3-0da2-72d5-c45bbf0d4c92/destFolder/bar/item3?sv=Sanitized&ss=f&srt=sco&se=2025-04-15T16%3A29%3A32Z&sp=rwdxylacuptfi&sig=Sanitized",
      "RequestMethod": "PUT",
      "RequestHeaders": {
        "Accept": "application/xml",
        "Content-Length": "0",
        "traceparent": "00-24249cbf4838ac4d1604331037f80ff6-fa144b7f97951c00-00",
        "User-Agent": "azsdk-net-Storage.Files.Shares/12.23.0-alpha.20250414.1 (.NET 8.0.15; Microsoft Windows 10.0.26100)",
        "x-ms-cache-control": "no-cache",
        "x-ms-client-request-id": "Sanitized",
        "x-ms-content-disposition": "inline",
        "x-ms-content-language": "en-US,en-CA",
        "x-ms-content-length": "1024",
        "x-ms-content-type": "application/octet-stream",
        "x-ms-file-creation-time": "2024-04-01T09:05:55.0000000Z",
        "x-ms-file-file-type": "Regular",
        "x-ms-file-last-write-time": "2024-04-01T12:16:06.0000000Z",
        "x-ms-meta-Capital": "letter",
        "x-ms-meta-foo": "bar",
        "x-ms-meta-meta": "data",
        "x-ms-meta-UPPER": "case",
        "x-ms-return-client-request-id": "true",
        "x-ms-type": "file",
        "x-ms-version": "2025-05-05"
      },
      "RequestBody": null,
      "StatusCode": 201,
      "ResponseHeaders": {
        "Content-Length": "0",
        "Date": "Mon, 14 Apr 2025 16:29:26 GMT",
        "ETag": "\"0x8DD7B71862CB0A5\"",
        "Last-Modified": "Mon, 14 Apr 2025 16:29:26 GMT",
        "Server": [
          "Windows-Azure-File/1.0",
          "Microsoft-HTTPAPI/2.0"
        ],
        "x-ms-client-request-id": "Sanitized",
        "x-ms-file-change-time": "2025-04-14T16:29:26.9075109Z",
        "x-ms-file-creation-time": "2024-04-01T09:05:55.0000000Z",
        "x-ms-file-file-type": "Regular",
        "x-ms-file-id": "16140936248867946496",
        "x-ms-file-last-write-time": "2024-04-01T12:16:06.0000000Z",
        "x-ms-file-parent-id": "11529285414812647424",
        "x-ms-group": "0",
        "x-ms-mode": "0664",
        "x-ms-owner": "0",
        "x-ms-request-id": "fb950853-401a-0053-115a-adcfbe000000",
        "x-ms-request-server-encrypted": "true",
        "x-ms-version": "2025-05-05"
      },
      "ResponseBody": null
    },
    {
      "RequestUri": "https://seancanaryfilepremium2.file.core.windows.net/test-share-b13aa4ad-b7b3-0da2-72d5-c45bbf0d4c92/destFolder/bar/item3?sv=Sanitized&ss=f&srt=sco&se=2025-04-15T16%3A29%3A32Z&sp=rwdxylacuptfi&sig=Sanitized&comp=range",
      "RequestMethod": "PUT",
      "RequestHeaders": {
        "Accept": "application/xml",
        "Content-Length": "0",
        "traceparent": "00-8d8a897f0bf6b5a6537b56cd4eae35c2-f602c18c7ebcb405-00",
        "User-Agent": "azsdk-net-Storage.Files.Shares/12.23.0-alpha.20250414.1 (.NET 8.0.15; Microsoft Windows 10.0.26100)",
        "x-ms-client-request-id": "Sanitized",
        "x-ms-copy-source": "https://seancanaryfilepremium2.file.core.windows.net/test-share-5fa5d82d-06d6-8441-34e7-d0223bd40f92/sourceFolder/bar/item3?sv=sanitized-value&ss=f&srt=sco&se=2025-04-15T16%3A29%3A32Z&sp=rwdxylacuptfi&sig=Sanitized",
        "x-ms-file-last-write-time": "Preserve",
        "x-ms-range": "bytes=0-1023",
        "x-ms-return-client-request-id": "true",
        "x-ms-source-range": "bytes=0-1023",
        "x-ms-version": "2025-05-05",
        "x-ms-write": "update"
      },
      "RequestBody": null,
      "StatusCode": 201,
      "ResponseHeaders": {
        "Content-Length": "0",
        "Date": "Mon, 14 Apr 2025 16:29:26 GMT",
        "ETag": "\"0x8DD7B71863669B8\"",
        "Last-Modified": "Mon, 14 Apr 2025 16:29:26 GMT",
        "Server": [
          "Windows-Azure-File/1.0",
          "Microsoft-HTTPAPI/2.0"
        ],
        "x-ms-client-request-id": "Sanitized",
        "x-ms-content-crc64": "iknlm7CyG2k=",
        "x-ms-file-last-write-time": "2024-04-01T12:16:06.0000000Z",
        "x-ms-request-id": "fb950855-401a-0053-135a-adcfbe000000",
        "x-ms-request-server-encrypted": "true",
        "x-ms-version": "2025-05-05"
      },
      "ResponseBody": null
    },
    {
      "RequestUri": "https://seancanaryfilepremium2.file.core.windows.net/test-share-b13aa4ad-b7b3-0da2-72d5-c45bbf0d4c92/destFolder/bar/item3?sv=Sanitized&ss=f&srt=sco&se=2025-04-15T16%3A29%3A32Z&sp=rwdxylacuptfi&sig=Sanitized&comp=properties",
      "RequestMethod": "PUT",
      "RequestHeaders": {
        "Accept": "application/xml",
        "Content-Length": "0",
        "traceparent": "00-7610bed66e801bca8779540e6a96eb3c-dd91015a32b82364-00",
        "User-Agent": "azsdk-net-Storage.Files.Shares/12.23.0-alpha.20250414.1 (.NET 8.0.15; Microsoft Windows 10.0.26100)",
        "x-ms-cache-control": "no-cache",
        "x-ms-client-request-id": "Sanitized",
        "x-ms-content-disposition": "inline",
        "x-ms-content-language": "en-US,en-CA",
        "x-ms-content-type": "application/octet-stream",
        "x-ms-file-creation-time": "2024-04-01T09:05:55.0000000Z",
        "x-ms-file-last-write-time": "2024-04-01T12:16:06.0000000Z",
        "x-ms-return-client-request-id": "true",
        "x-ms-version": "2025-05-05"
      },
      "RequestBody": null,
      "StatusCode": 200,
      "ResponseHeaders": {
        "Content-Length": "0",
        "Date": "Mon, 14 Apr 2025 16:29:26 GMT",
        "ETag": "\"0x8DD7B71863FAE1D\"",
        "Last-Modified": "Mon, 14 Apr 2025 16:29:27 GMT",
        "Server": [
          "Windows-Azure-File/1.0",
          "Microsoft-HTTPAPI/2.0"
        ],
        "x-ms-client-request-id": "Sanitized",
        "x-ms-file-change-time": "2025-04-14T16:29:27.0319645Z",
        "x-ms-file-creation-time": "2024-04-01T09:05:55.0000000Z",
        "x-ms-file-id": "16140936248867946496",
        "x-ms-file-last-write-time": "2024-04-01T12:16:06.0000000Z",
        "x-ms-file-parent-id": "11529285414812647424",
        "x-ms-group": "0",
        "x-ms-link-count": "1",
        "x-ms-mode": "0664",
        "x-ms-owner": "0",
        "x-ms-request-id": "fb950856-401a-0053-145a-adcfbe000000",
        "x-ms-request-server-encrypted": "true",
        "x-ms-version": "2025-05-05"
      },
      "ResponseBody": null
    },
    {
      "RequestUri": "https://seancanaryfilepremium2.file.core.windows.net/test-share-5fa5d82d-06d6-8441-34e7-d0223bd40f92/sourceFolder/pik/item4?sv=Sanitized&ss=f&srt=sco&se=2025-04-15T16%3A29%3A32Z&sp=rwdxylacuptfi&sig=Sanitized",
      "RequestMethod": "HEAD",
      "RequestHeaders": {
        "Accept": "application/xml",
        "traceparent": "00-2c033f6fcdedbe382bc85632c69a1690-03cae1621809cd34-00",
        "User-Agent": "azsdk-net-Storage.Files.Shares/12.23.0-alpha.20250414.1 (.NET 8.0.15; Microsoft Windows 10.0.26100)",
        "x-ms-client-request-id": "Sanitized",
        "x-ms-return-client-request-id": "true",
        "x-ms-version": "2025-05-05"
      },
      "RequestBody": null,
      "StatusCode": 200,
      "ResponseHeaders": {
        "Cache-Control": "no-cache",
        "Content-Disposition": "inline",
        "Content-Language": [
          "en-US",
          "en-CA"
        ],
        "Content-Length": "1024",
        "Content-Type": "application/octet-stream",
        "Date": "Mon, 14 Apr 2025 16:29:26 GMT",
        "ETag": "\"0x8DD7B718571383E\"",
        "Last-Modified": "Mon, 14 Apr 2025 16:29:25 GMT",
        "Server": [
          "Windows-Azure-File/1.0",
          "Microsoft-HTTPAPI/2.0"
        ],
        "x-ms-client-request-id": "Sanitized",
        "x-ms-file-change-time": "2025-04-14T16:29:25.6789054Z",
        "x-ms-file-creation-time": "2024-04-01T09:05:55.0000000Z",
        "x-ms-file-file-type": "Regular",
        "x-ms-file-id": "17293892937846882304",
        "x-ms-file-last-write-time": "2024-04-01T12:16:06.0000000Z",
        "x-ms-file-parent-id": "12682206919419494400",
        "x-ms-group": "123",
        "x-ms-lease-state": "available",
        "x-ms-lease-status": "unlocked",
        "x-ms-link-count": "1",
        "x-ms-meta-Capital": "letter",
        "x-ms-meta-foo": "bar",
        "x-ms-meta-meta": "data",
        "x-ms-meta-UPPER": "case",
        "x-ms-mode": "1777",
        "x-ms-owner": "345",
        "x-ms-request-id": "fb950859-401a-0053-155a-adcfbe000000",
        "x-ms-server-encrypted": "true",
        "x-ms-type": "File",
        "x-ms-version": "2025-05-05"
      },
      "ResponseBody": null
    },
    {
      "RequestUri": "https://seancanaryfilepremium2.file.core.windows.net/test-share-b13aa4ad-b7b3-0da2-72d5-c45bbf0d4c92/destFolder/pik/item4?sv=Sanitized&ss=f&srt=sco&se=2025-04-15T16%3A29%3A32Z&sp=rwdxylacuptfi&sig=Sanitized",
      "RequestMethod": "HEAD",
      "RequestHeaders": {
        "Accept": "application/xml",
        "traceparent": "00-cea3806e98c557d42b11dd0b905dd0b9-95030ab140d59346-00",
        "User-Agent": "azsdk-net-Storage.Files.Shares/12.23.0-alpha.20250414.1 (.NET 8.0.15; Microsoft Windows 10.0.26100)",
        "x-ms-client-request-id": "Sanitized",
        "x-ms-return-client-request-id": "true",
        "x-ms-version": "2025-05-05"
      },
      "RequestBody": null,
      "StatusCode": 404,
      "ResponseHeaders": {
        "Date": "Mon, 14 Apr 2025 16:29:26 GMT",
        "Server": [
          "Windows-Azure-File/1.0",
          "Microsoft-HTTPAPI/2.0"
        ],
        "Transfer-Encoding": "chunked",
        "x-ms-client-request-id": "Sanitized",
        "x-ms-error-code": "ResourceNotFound",
        "x-ms-request-id": "fb95085a-401a-0053-165a-adcfbe000000",
        "x-ms-version": "2025-05-05"
      },
      "ResponseBody": null
    },
    {
      "RequestUri": "https://seancanaryfilepremium2.file.core.windows.net/test-share-b13aa4ad-b7b3-0da2-72d5-c45bbf0d4c92/destFolder/pik/item4?sv=Sanitized&ss=f&srt=sco&se=2025-04-15T16%3A29%3A32Z&sp=rwdxylacuptfi&sig=Sanitized",
      "RequestMethod": "PUT",
      "RequestHeaders": {
        "Accept": "application/xml",
        "Content-Length": "0",
        "traceparent": "00-5bf4032720aa8d1c0232f604ae2a6650-0a6c84c1e5c8f8dc-00",
        "User-Agent": "azsdk-net-Storage.Files.Shares/12.23.0-alpha.20250414.1 (.NET 8.0.15; Microsoft Windows 10.0.26100)",
        "x-ms-cache-control": "no-cache",
        "x-ms-client-request-id": "Sanitized",
        "x-ms-content-disposition": "inline",
        "x-ms-content-language": "en-US,en-CA",
        "x-ms-content-length": "1024",
        "x-ms-content-type": "application/octet-stream",
        "x-ms-file-creation-time": "2024-04-01T09:05:55.0000000Z",
        "x-ms-file-file-type": "Regular",
        "x-ms-file-last-write-time": "2024-04-01T12:16:06.0000000Z",
        "x-ms-meta-Capital": "letter",
        "x-ms-meta-foo": "bar",
        "x-ms-meta-meta": "data",
        "x-ms-meta-UPPER": "case",
        "x-ms-return-client-request-id": "true",
        "x-ms-type": "file",
        "x-ms-version": "2025-05-05"
      },
      "RequestBody": null,
      "StatusCode": 201,
      "ResponseHeaders": {
        "Content-Length": "0",
        "Date": "Mon, 14 Apr 2025 16:29:26 GMT",
        "ETag": "\"0x8DD7B71865E375D\"",
        "Last-Modified": "Mon, 14 Apr 2025 16:29:27 GMT",
        "Server": [
          "Windows-Azure-File/1.0",
          "Microsoft-HTTPAPI/2.0"
        ],
        "x-ms-client-request-id": "Sanitized",
        "x-ms-file-change-time": "2025-04-14T16:29:27.2320861Z",
        "x-ms-file-creation-time": "2024-04-01T09:05:55.0000000Z",
        "x-ms-file-file-type": "Regular",
        "x-ms-file-id": "10376328725833711616",
        "x-ms-file-last-write-time": "2024-04-01T12:16:06.0000000Z",
        "x-ms-file-parent-id": "16140971433240035328",
        "x-ms-group": "0",
        "x-ms-mode": "0664",
        "x-ms-owner": "0",
        "x-ms-request-id": "fb95085b-401a-0053-175a-adcfbe000000",
        "x-ms-request-server-encrypted": "true",
        "x-ms-version": "2025-05-05"
      },
      "ResponseBody": null
    },
    {
      "RequestUri": "https://seancanaryfilepremium2.file.core.windows.net/test-share-b13aa4ad-b7b3-0da2-72d5-c45bbf0d4c92/destFolder/pik/item4?sv=Sanitized&ss=f&srt=sco&se=2025-04-15T16%3A29%3A32Z&sp=rwdxylacuptfi&sig=Sanitized&comp=range",
      "RequestMethod": "PUT",
      "RequestHeaders": {
        "Accept": "application/xml",
        "Content-Length": "0",
        "traceparent": "00-7e250cc06328af5d490a9bcf231d2b15-3fb90cfdf007d2bc-00",
        "User-Agent": "azsdk-net-Storage.Files.Shares/12.23.0-alpha.20250414.1 (.NET 8.0.15; Microsoft Windows 10.0.26100)",
        "x-ms-client-request-id": "Sanitized",
        "x-ms-copy-source": "https://seancanaryfilepremium2.file.core.windows.net/test-share-5fa5d82d-06d6-8441-34e7-d0223bd40f92/sourceFolder/pik/item4?sv=sanitized-value&ss=f&srt=sco&se=2025-04-15T16%3A29%3A32Z&sp=rwdxylacuptfi&sig=Sanitized",
        "x-ms-file-last-write-time": "Preserve",
        "x-ms-range": "bytes=0-1023",
        "x-ms-return-client-request-id": "true",
        "x-ms-source-range": "bytes=0-1023",
        "x-ms-version": "2025-05-05",
        "x-ms-write": "update"
      },
      "RequestBody": null,
      "StatusCode": 201,
      "ResponseHeaders": {
        "Content-Length": "0",
        "Date": "Mon, 14 Apr 2025 16:29:26 GMT",
        "ETag": "\"0x8DD7B7186683E35\"",
        "Last-Modified": "Mon, 14 Apr 2025 16:29:27 GMT",
        "Server": [
          "Windows-Azure-File/1.0",
          "Microsoft-HTTPAPI/2.0"
        ],
        "x-ms-client-request-id": "Sanitized",
        "x-ms-content-crc64": "iknlm7CyG2k=",
        "x-ms-file-last-write-time": "2024-04-01T12:16:06.0000000Z",
        "x-ms-request-id": "fb95085e-401a-0053-1a5a-adcfbe000000",
        "x-ms-request-server-encrypted": "true",
        "x-ms-version": "2025-05-05"
      },
      "ResponseBody": null
    },
    {
      "RequestUri": "https://seancanaryfilepremium2.file.core.windows.net/test-share-b13aa4ad-b7b3-0da2-72d5-c45bbf0d4c92/destFolder/pik/item4?sv=Sanitized&ss=f&srt=sco&se=2025-04-15T16%3A29%3A32Z&sp=rwdxylacuptfi&sig=Sanitized&comp=properties",
      "RequestMethod": "PUT",
      "RequestHeaders": {
        "Accept": "application/xml",
        "Content-Length": "0",
        "traceparent": "00-869a5da62df83f78ac6b913d016ae58b-67ce62cb40925730-00",
        "User-Agent": "azsdk-net-Storage.Files.Shares/12.23.0-alpha.20250414.1 (.NET 8.0.15; Microsoft Windows 10.0.26100)",
        "x-ms-cache-control": "no-cache",
        "x-ms-client-request-id": "Sanitized",
        "x-ms-content-disposition": "inline",
        "x-ms-content-language": "en-US,en-CA",
        "x-ms-content-type": "application/octet-stream",
        "x-ms-file-creation-time": "2024-04-01T09:05:55.0000000Z",
        "x-ms-file-last-write-time": "2024-04-01T12:16:06.0000000Z",
        "x-ms-return-client-request-id": "true",
        "x-ms-version": "2025-05-05"
      },
      "RequestBody": null,
      "StatusCode": 200,
      "ResponseHeaders": {
        "Content-Length": "0",
        "Date": "Mon, 14 Apr 2025 16:29:26 GMT",
        "ETag": "\"0x8DD7B71867134DB\"",
        "Last-Modified": "Mon, 14 Apr 2025 16:29:27 GMT",
        "Server": [
          "Windows-Azure-File/1.0",
          "Microsoft-HTTPAPI/2.0"
        ],
        "x-ms-client-request-id": "Sanitized",
        "x-ms-file-change-time": "2025-04-14T16:29:27.3565403Z",
        "x-ms-file-creation-time": "2024-04-01T09:05:55.0000000Z",
        "x-ms-file-id": "10376328725833711616",
        "x-ms-file-last-write-time": "2024-04-01T12:16:06.0000000Z",
        "x-ms-file-parent-id": "16140971433240035328",
        "x-ms-group": "0",
        "x-ms-link-count": "1",
        "x-ms-mode": "0664",
        "x-ms-owner": "0",
        "x-ms-request-id": "fb95085f-401a-0053-1b5a-adcfbe000000",
        "x-ms-request-server-encrypted": "true",
        "x-ms-version": "2025-05-05"
      },
      "ResponseBody": null
    },
    {
      "RequestUri": "https://seancanaryfilepremium2.file.core.windows.net/test-share-5fa5d82d-06d6-8441-34e7-d0223bd40f92/sourceFolder?sv=Sanitized&ss=f&srt=sco&se=2025-04-15T16%3A29%3A32Z&sp=rwdxylacuptfi&sig=Sanitized&restype=directory&comp=list",
      "RequestMethod": "GET",
      "RequestHeaders": {
        "Accept": "application/xml",
        "traceparent": "00-724a13cdb6b6d37e328221731f458f98-d66963a5cd750de4-00",
        "User-Agent": "azsdk-net-Storage.Files.Shares/12.23.0-alpha.20250414.1 (.NET 8.0.15; Microsoft Windows 10.0.26100)",
        "x-ms-client-request-id": "Sanitized",
        "x-ms-return-client-request-id": "true",
        "x-ms-version": "2025-05-05"
      },
      "RequestBody": null,
      "StatusCode": 200,
      "ResponseHeaders": {
        "Content-Type": "application/xml",
        "Date": "Mon, 14 Apr 2025 16:29:26 GMT",
        "Server": [
          "Windows-Azure-File/1.0",
          "Microsoft-HTTPAPI/2.0"
        ],
        "Transfer-Encoding": "chunked",
        "x-ms-client-request-id": "Sanitized",
        "x-ms-request-id": "fb950860-401a-0053-1c5a-adcfbe000000",
        "x-ms-version": "2025-05-05"
      },
      "ResponseBody": "\uFEFF<?xml version=\"1.0\" encoding=\"utf-8\"?><EnumerationResults ServiceEndpoint=\"https://seancanaryfilepremium2.file.core.windows.net/\" ShareName=\"test-share-5fa5d82d-06d6-8441-34e7-d0223bd40f92\" DirectoryPath=\"sourceFolder\"><DirectoryId>13835128424026341376</DirectoryId><Entries><Directory><Name>bar</Name><FileId>10376363910205800448</FileId><Properties /></Directory><File><Name>item1</Name><FileId>11529285414812647424</FileId><Properties><Content-Length>1024</Content-Length></Properties></File><File><Name>item2</Name><FileId>16140971433240035328</FileId><Properties><Content-Length>1024</Content-Length></Properties></File><Directory><Name>pik</Name><FileId>12682206919419494400</FileId><Properties /></Directory></Entries><NextMarker /></EnumerationResults>"
    },
    {
      "RequestUri": "https://seancanaryfilepremium2.file.core.windows.net/test-share-b13aa4ad-b7b3-0da2-72d5-c45bbf0d4c92/destFolder?sv=Sanitized&ss=f&srt=sco&se=2025-04-15T16%3A29%3A32Z&sp=rwdxylacuptfi&sig=Sanitized&restype=directory&comp=list",
      "RequestMethod": "GET",
      "RequestHeaders": {
        "Accept": "application/xml",
        "traceparent": "00-f51a2bbabfb66f7223c61cf4d4664a5a-9764693e276091f3-00",
        "User-Agent": "azsdk-net-Storage.Files.Shares/12.23.0-alpha.20250414.1 (.NET 8.0.15; Microsoft Windows 10.0.26100)",
        "x-ms-client-request-id": "Sanitized",
        "x-ms-return-client-request-id": "true",
        "x-ms-version": "2025-05-05"
      },
      "RequestBody": null,
      "StatusCode": 200,
      "ResponseHeaders": {
        "Content-Type": "application/xml",
        "Date": "Mon, 14 Apr 2025 16:29:26 GMT",
        "Server": [
          "Windows-Azure-File/1.0",
          "Microsoft-HTTPAPI/2.0"
        ],
        "Transfer-Encoding": "chunked",
        "x-ms-client-request-id": "Sanitized",
        "x-ms-request-id": "fb950861-401a-0053-1d5a-adcfbe000000",
        "x-ms-version": "2025-05-05"
      },
      "ResponseBody": "\uFEFF<?xml version=\"1.0\" encoding=\"utf-8\"?><EnumerationResults ServiceEndpoint=\"https://seancanaryfilepremium2.file.core.windows.net/\" ShareName=\"test-share-b13aa4ad-b7b3-0da2-72d5-c45bbf0d4c92\" DirectoryPath=\"destFolder\"><DirectoryId>13835128424026341376</DirectoryId><Entries><Directory><Name>bar</Name><FileId>11529285414812647424</FileId><Properties /></Directory><File><Name>item1</Name><FileId>13835093239654252544</FileId><Properties><Content-Length>1024</Content-Length></Properties></File><File><Name>item2</Name><FileId>11529250230440558592</FileId><Properties><Content-Length>1024</Content-Length></Properties></File><Directory><Name>pik</Name><FileId>16140971433240035328</FileId><Properties /></Directory></Entries><NextMarker /></EnumerationResults>"
    },
    {
      "RequestUri": "https://seancanaryfilepremium2.file.core.windows.net/test-share-5fa5d82d-06d6-8441-34e7-d0223bd40f92/sourceFolder/item1?sv=Sanitized&ss=f&srt=sco&se=2025-04-15T16%3A29%3A32Z&sp=rwdxylacuptfi&sig=Sanitized",
      "RequestMethod": "HEAD",
      "RequestHeaders": {
        "Accept": "application/xml",
        "traceparent": "00-b5fa083ace1e1ec6775477f6ffc73d06-46eb1749d8f285a2-00",
        "User-Agent": "azsdk-net-Storage.Files.Shares/12.23.0-alpha.20250414.1 (.NET 8.0.15; Microsoft Windows 10.0.26100)",
        "x-ms-client-request-id": "Sanitized",
        "x-ms-return-client-request-id": "true",
        "x-ms-version": "2025-05-05"
      },
      "RequestBody": null,
      "StatusCode": 200,
      "ResponseHeaders": {
        "Cache-Control": "no-cache",
        "Content-Disposition": "inline",
        "Content-Language": [
          "en-US",
          "en-CA"
        ],
        "Content-Length": "1024",
        "Content-Type": "application/octet-stream",
        "Date": "Mon, 14 Apr 2025 16:29:26 GMT",
        "ETag": "\"0x8DD7B71854AA1BE\"",
        "Last-Modified": "Mon, 14 Apr 2025 16:29:25 GMT",
        "Server": [
          "Windows-Azure-File/1.0",
          "Microsoft-HTTPAPI/2.0"
        ],
        "x-ms-client-request-id": "Sanitized",
        "x-ms-file-change-time": "2025-04-14T16:29:25.4260158Z",
        "x-ms-file-creation-time": "2024-04-01T09:05:55.0000000Z",
        "x-ms-file-file-type": "Regular",
        "x-ms-file-id": "11529285414812647424",
        "x-ms-file-last-write-time": "2024-04-01T12:16:06.0000000Z",
        "x-ms-file-parent-id": "13835128424026341376",
        "x-ms-group": "123",
        "x-ms-lease-state": "available",
        "x-ms-lease-status": "unlocked",
        "x-ms-link-count": "1",
        "x-ms-meta-Capital": "letter",
        "x-ms-meta-foo": "bar",
        "x-ms-meta-meta": "data",
        "x-ms-meta-UPPER": "case",
        "x-ms-mode": "1777",
        "x-ms-owner": "345",
        "x-ms-request-id": "fb950862-401a-0053-1e5a-adcfbe000000",
        "x-ms-server-encrypted": "true",
        "x-ms-type": "File",
        "x-ms-version": "2025-05-05"
      },
      "ResponseBody": null
    },
    {
      "RequestUri": "https://seancanaryfilepremium2.file.core.windows.net/test-share-b13aa4ad-b7b3-0da2-72d5-c45bbf0d4c92/destFolder/item1?sv=Sanitized&ss=f&srt=sco&se=2025-04-15T16%3A29%3A32Z&sp=rwdxylacuptfi&sig=Sanitized",
      "RequestMethod": "HEAD",
      "RequestHeaders": {
        "Accept": "application/xml",
        "traceparent": "00-29915f22bc2505bf9f9ac6a5957327c8-1ccc3e014bba48cd-00",
        "User-Agent": "azsdk-net-Storage.Files.Shares/12.23.0-alpha.20250414.1 (.NET 8.0.15; Microsoft Windows 10.0.26100)",
        "x-ms-client-request-id": "Sanitized",
        "x-ms-return-client-request-id": "true",
        "x-ms-version": "2025-05-05"
      },
      "RequestBody": null,
      "StatusCode": 200,
      "ResponseHeaders": {
        "Cache-Control": "no-cache",
        "Content-Disposition": "inline",
        "Content-Language": [
          "en-US",
          "en-CA"
        ],
        "Content-Length": "1024",
        "Content-Type": "application/octet-stream",
        "Date": "Mon, 14 Apr 2025 16:29:26 GMT",
        "ETag": "\"0x8DD7B7185DD6327\"",
        "Last-Modified": "Mon, 14 Apr 2025 16:29:26 GMT",
        "Server": [
          "Windows-Azure-File/1.0",
          "Microsoft-HTTPAPI/2.0"
        ],
        "x-ms-client-request-id": "Sanitized",
        "x-ms-file-change-time": "2025-04-14T16:29:26.3877927Z",
        "x-ms-file-creation-time": "2024-04-01T09:05:55.0000000Z",
        "x-ms-file-file-type": "Regular",
        "x-ms-file-id": "13835093239654252544",
        "x-ms-file-last-write-time": "2024-04-01T12:16:06.0000000Z",
        "x-ms-file-parent-id": "13835128424026341376",
        "x-ms-group": "0",
        "x-ms-lease-state": "available",
        "x-ms-lease-status": "unlocked",
        "x-ms-link-count": "1",
        "x-ms-meta-Capital": "letter",
        "x-ms-meta-foo": "bar",
        "x-ms-meta-meta": "data",
        "x-ms-meta-UPPER": "case",
        "x-ms-mode": "0664",
        "x-ms-owner": "0",
        "x-ms-request-id": "fb950863-401a-0053-1f5a-adcfbe000000",
        "x-ms-server-encrypted": "true",
        "x-ms-type": "File",
        "x-ms-version": "2025-05-05"
      },
      "ResponseBody": null
    },
    {
      "RequestUri": "https://seancanaryfilepremium2.file.core.windows.net/test-share-5fa5d82d-06d6-8441-34e7-d0223bd40f92/sourceFolder/item1?sv=Sanitized&ss=f&srt=sco&se=2025-04-15T16%3A29%3A32Z&sp=rwdxylacuptfi&sig=Sanitized",
      "RequestMethod": "GET",
      "RequestHeaders": {
        "Accept": "application/xml",
        "User-Agent": "azsdk-net-Storage.Files.Shares/12.23.0-alpha.20250414.1 (.NET 8.0.15; Microsoft Windows 10.0.26100)",
        "x-ms-client-request-id": "Sanitized",
        "x-ms-range": "bytes=0-1023",
        "x-ms-return-client-request-id": "true",
        "x-ms-version": "2025-05-05"
      },
      "RequestBody": null,
      "StatusCode": 206,
      "ResponseHeaders": {
        "Accept-Ranges": "bytes",
        "Cache-Control": "no-cache",
        "Content-Disposition": "inline",
        "Content-Language": [
          "en-US",
          "en-CA"
        ],
        "Content-Length": "1024",
        "Content-Range": "bytes 0-1023/1024",
        "Content-Type": "application/octet-stream",
        "Date": "Mon, 14 Apr 2025 16:29:26 GMT",
        "ETag": "\"0x8DD7B71854AA1BE\"",
        "Last-Modified": "Mon, 14 Apr 2025 16:29:25 GMT",
        "Server": [
          "Windows-Azure-File/1.0",
          "Microsoft-HTTPAPI/2.0"
        ],
        "x-ms-client-request-id": "Sanitized",
        "x-ms-file-change-time": "2025-04-14T16:29:25.4260158Z",
        "x-ms-file-creation-time": "2024-04-01T09:05:55.0000000Z",
        "x-ms-file-id": "11529285414812647424",
        "x-ms-file-last-write-time": "2024-04-01T12:16:06.0000000Z",
        "x-ms-file-parent-id": "13835128424026341376",
        "x-ms-group": "123",
        "x-ms-lease-state": "available",
        "x-ms-lease-status": "unlocked",
        "x-ms-link-count": "1",
        "x-ms-meta-Capital": "letter",
        "x-ms-meta-foo": "bar",
        "x-ms-meta-meta": "data",
        "x-ms-meta-UPPER": "case",
        "x-ms-mode": "1777",
        "x-ms-owner": "345",
        "x-ms-request-id": "fb950865-401a-0053-215a-adcfbe000000",
        "x-ms-server-encrypted": "true",
        "x-ms-type": "File",
        "x-ms-version": "2025-05-05"
      },
      "ResponseBody": "AAAAAAAAAAAAAAAAAAAAAAAAAAAAAAAAAAAAAAAAAAAAAAAAAAAAAAAAAAAAAAAAAAAAAAAAAAAAAAAAAAAAAAAAAAAAAAAAAAAAAAAAAAAAAAAAAAAAAAAAAAAAAAAAAAAAAAAAAAAAAAAAAAAAAAAAAAAAAAAAAAAAAAAAAAAAAAAAAAAAAAAAAAAAAAAAAAAAAAAAAAAAAAAAAAAAAAAAAAAAAAAAAAAAAAAAAAAAAAAAAAAAAAAAAAAAAAAAAAAAAAAAAAAAAAAAAAAAAAAAAAAAAAAAAAAAAAAAAAAAAAAAAAAAAAAAAAAAAAAAAAAAAAAAAAAAAAAAAAAAAAAAAAAAAAAAAAAAAAAAAAAAAAAAAAAAAAAAAAAAAAAAAAAAAAAAAAAAAAAAAAAAAAAAAAAAAAAAAAAAAAAAAAAAAAAAAAAAAAAAAAAAAAAAAAAAAAAAAAAAAAAAAAAAAAAAAAAAAAAAAAAAAAAAAAAAAAAAAAAAAAAAAAAAAAAAAAAAAAAAAAAAAAAAAAAAAAAAAAAAAAAAAAAAAAAAAAAAAAAAAAAAAAAAAAAAAAAAAAAAAAAAAAAAAAAAAAAAAAAAAAAAAAAAAAAAAAAAAAAAAAAAAAAAAAAAAAAAAAAAAAAAAAAAAAAAAAAAAAAAAAAAAAAAAAAAAAAAAAAAAAAAAAAAAAAAAAAAAAAAAAAAAAAAAAAAAAAAAAAAAAAAAAAAAAAAAAAAAAAAAAAAAAAAAAAAAAAAAAAAAAAAAAAAAAAAAAAAAAAAAAAAAAAAAAAAAAAAAAAAAAAAAAAAAAAAAAAAAAAAAAAAAAAAAAAAAAAAAAAAAAAAAAAAAAAAAAAAAAAAAAAAAAAAAAAAAAAAAAAAAAAAAAAAAAAAAAAAAAAAAAAAAAAAAAAAAAAAAAAAAAAAAAAAAAAAAAAAAAAAAAAAAAAAAAAAAAAAAAAAAAAAAAAAAAAAAAAAAAAAAAAAAAAAAAAAAAAAAAAAAAAAAAAAAAAAAAAAAAAAAAAAAAAAAAAAAAAAAAAAAAAAAAAAAAAAAAAAAAAAAAAAAAAAAAAAAAAAAAAAAAAAAAAAAAAAAAAAAAAAAAAAAAAAAAAAAAAAAAAAAAAAAAAAAAAAAAAAAAAAAAAAAAAAAAAAAAAAAAAAAAAAAAAAAAAAAAAAAAAAAAAAAAAAAAAAAAAAAAAAAAAAAAAAAAAAAAAAAAAAAAAAAAAAAAAAAAAAAAAAAAAAAAAAAAAAAAAAAAAAAAAAAAAAAAAAAAAAAAAAAAAAAAAAAAAAAAAAAAAAAAAAAAAAAAAAAAAAAAAAAAAAAAAAAAAAAAAAAAAAAAAAAAAAAAAAAAAAAAAAAAAAAA=="
    },
    {
      "RequestUri": "https://seancanaryfilepremium2.file.core.windows.net/test-share-b13aa4ad-b7b3-0da2-72d5-c45bbf0d4c92/destFolder/item1?sv=Sanitized&ss=f&srt=sco&se=2025-04-15T16%3A29%3A32Z&sp=rwdxylacuptfi&sig=Sanitized",
      "RequestMethod": "GET",
      "RequestHeaders": {
        "Accept": "application/xml",
        "User-Agent": "azsdk-net-Storage.Files.Shares/12.23.0-alpha.20250414.1 (.NET 8.0.15; Microsoft Windows 10.0.26100)",
        "x-ms-client-request-id": "Sanitized",
        "x-ms-range": "bytes=0-1023",
        "x-ms-return-client-request-id": "true",
        "x-ms-version": "2025-05-05"
      },
      "RequestBody": null,
      "StatusCode": 206,
      "ResponseHeaders": {
        "Accept-Ranges": "bytes",
        "Cache-Control": "no-cache",
        "Content-Disposition": "inline",
        "Content-Language": [
          "en-US",
          "en-CA"
        ],
        "Content-Length": "1024",
        "Content-Range": "bytes 0-1023/1024",
        "Content-Type": "application/octet-stream",
        "Date": "Mon, 14 Apr 2025 16:29:26 GMT",
        "ETag": "\"0x8DD7B7185DD6327\"",
        "Last-Modified": "Mon, 14 Apr 2025 16:29:26 GMT",
        "Server": [
          "Windows-Azure-File/1.0",
          "Microsoft-HTTPAPI/2.0"
        ],
        "x-ms-client-request-id": "Sanitized",
        "x-ms-file-change-time": "2025-04-14T16:29:26.3877927Z",
        "x-ms-file-creation-time": "2024-04-01T09:05:55.0000000Z",
        "x-ms-file-id": "13835093239654252544",
        "x-ms-file-last-write-time": "2024-04-01T12:16:06.0000000Z",
        "x-ms-file-parent-id": "13835128424026341376",
        "x-ms-group": "0",
        "x-ms-lease-state": "available",
        "x-ms-lease-status": "unlocked",
        "x-ms-link-count": "1",
        "x-ms-meta-Capital": "letter",
        "x-ms-meta-foo": "bar",
        "x-ms-meta-meta": "data",
        "x-ms-meta-UPPER": "case",
        "x-ms-mode": "0664",
        "x-ms-owner": "0",
        "x-ms-request-id": "fb950866-401a-0053-225a-adcfbe000000",
        "x-ms-server-encrypted": "true",
        "x-ms-type": "File",
        "x-ms-version": "2025-05-05"
      },
      "ResponseBody": "AAAAAAAAAAAAAAAAAAAAAAAAAAAAAAAAAAAAAAAAAAAAAAAAAAAAAAAAAAAAAAAAAAAAAAAAAAAAAAAAAAAAAAAAAAAAAAAAAAAAAAAAAAAAAAAAAAAAAAAAAAAAAAAAAAAAAAAAAAAAAAAAAAAAAAAAAAAAAAAAAAAAAAAAAAAAAAAAAAAAAAAAAAAAAAAAAAAAAAAAAAAAAAAAAAAAAAAAAAAAAAAAAAAAAAAAAAAAAAAAAAAAAAAAAAAAAAAAAAAAAAAAAAAAAAAAAAAAAAAAAAAAAAAAAAAAAAAAAAAAAAAAAAAAAAAAAAAAAAAAAAAAAAAAAAAAAAAAAAAAAAAAAAAAAAAAAAAAAAAAAAAAAAAAAAAAAAAAAAAAAAAAAAAAAAAAAAAAAAAAAAAAAAAAAAAAAAAAAAAAAAAAAAAAAAAAAAAAAAAAAAAAAAAAAAAAAAAAAAAAAAAAAAAAAAAAAAAAAAAAAAAAAAAAAAAAAAAAAAAAAAAAAAAAAAAAAAAAAAAAAAAAAAAAAAAAAAAAAAAAAAAAAAAAAAAAAAAAAAAAAAAAAAAAAAAAAAAAAAAAAAAAAAAAAAAAAAAAAAAAAAAAAAAAAAAAAAAAAAAAAAAAAAAAAAAAAAAAAAAAAAAAAAAAAAAAAAAAAAAAAAAAAAAAAAAAAAAAAAAAAAAAAAAAAAAAAAAAAAAAAAAAAAAAAAAAAAAAAAAAAAAAAAAAAAAAAAAAAAAAAAAAAAAAAAAAAAAAAAAAAAAAAAAAAAAAAAAAAAAAAAAAAAAAAAAAAAAAAAAAAAAAAAAAAAAAAAAAAAAAAAAAAAAAAAAAAAAAAAAAAAAAAAAAAAAAAAAAAAAAAAAAAAAAAAAAAAAAAAAAAAAAAAAAAAAAAAAAAAAAAAAAAAAAAAAAAAAAAAAAAAAAAAAAAAAAAAAAAAAAAAAAAAAAAAAAAAAAAAAAAAAAAAAAAAAAAAAAAAAAAAAAAAAAAAAAAAAAAAAAAAAAAAAAAAAAAAAAAAAAAAAAAAAAAAAAAAAAAAAAAAAAAAAAAAAAAAAAAAAAAAAAAAAAAAAAAAAAAAAAAAAAAAAAAAAAAAAAAAAAAAAAAAAAAAAAAAAAAAAAAAAAAAAAAAAAAAAAAAAAAAAAAAAAAAAAAAAAAAAAAAAAAAAAAAAAAAAAAAAAAAAAAAAAAAAAAAAAAAAAAAAAAAAAAAAAAAAAAAAAAAAAAAAAAAAAAAAAAAAAAAAAAAAAAAAAAAAAAAAAAAAAAAAAAAAAAAAAAAAAAAAAAAAAAAAAAAAAAAAAAAAAAAAAAAAAAAAAAAAAAAAAAAAAAAAAAAAAAAAAAAAAAAAAAAAAAAAAAAAAAAAAAA=="
    },
    {
      "RequestUri": "https://seancanaryfilepremium2.file.core.windows.net/test-share-5fa5d82d-06d6-8441-34e7-d0223bd40f92/sourceFolder/item1?sv=Sanitized&ss=f&srt=sco&se=2025-04-15T16%3A29%3A32Z&sp=rwdxylacuptfi&sig=Sanitized",
      "RequestMethod": "HEAD",
      "RequestHeaders": {
        "Accept": "application/xml",
        "traceparent": "00-a6adc7ab579a7f3ebe03ef429d79d5ab-65ee9d08d7df1a8f-00",
        "User-Agent": "azsdk-net-Storage.Files.Shares/12.23.0-alpha.20250414.1 (.NET 8.0.15; Microsoft Windows 10.0.26100)",
        "x-ms-client-request-id": "Sanitized",
        "x-ms-return-client-request-id": "true",
        "x-ms-version": "2025-05-05"
      },
      "RequestBody": null,
      "StatusCode": 200,
      "ResponseHeaders": {
        "Cache-Control": "no-cache",
        "Content-Disposition": "inline",
        "Content-Language": [
          "en-US",
          "en-CA"
        ],
        "Content-Length": "1024",
        "Content-Type": "application/octet-stream",
        "Date": "Mon, 14 Apr 2025 16:29:26 GMT",
        "ETag": "\"0x8DD7B71854AA1BE\"",
        "Last-Modified": "Mon, 14 Apr 2025 16:29:25 GMT",
        "Server": [
          "Windows-Azure-File/1.0",
          "Microsoft-HTTPAPI/2.0"
        ],
        "x-ms-client-request-id": "Sanitized",
        "x-ms-file-change-time": "2025-04-14T16:29:25.4260158Z",
        "x-ms-file-creation-time": "2024-04-01T09:05:55.0000000Z",
        "x-ms-file-file-type": "Regular",
        "x-ms-file-id": "11529285414812647424",
        "x-ms-file-last-write-time": "2024-04-01T12:16:06.0000000Z",
        "x-ms-file-parent-id": "13835128424026341376",
        "x-ms-group": "123",
        "x-ms-lease-state": "available",
        "x-ms-lease-status": "unlocked",
        "x-ms-link-count": "1",
        "x-ms-meta-Capital": "letter",
        "x-ms-meta-foo": "bar",
        "x-ms-meta-meta": "data",
        "x-ms-meta-UPPER": "case",
        "x-ms-mode": "1777",
        "x-ms-owner": "345",
        "x-ms-request-id": "fb950867-401a-0053-235a-adcfbe000000",
        "x-ms-server-encrypted": "true",
        "x-ms-type": "File",
        "x-ms-version": "2025-05-05"
      },
      "ResponseBody": null
    },
    {
      "RequestUri": "https://seancanaryfilepremium2.file.core.windows.net/test-share-b13aa4ad-b7b3-0da2-72d5-c45bbf0d4c92/destFolder/item1?sv=Sanitized&ss=f&srt=sco&se=2025-04-15T16%3A29%3A32Z&sp=rwdxylacuptfi&sig=Sanitized",
      "RequestMethod": "HEAD",
      "RequestHeaders": {
        "Accept": "application/xml",
        "traceparent": "00-d8398231d479f64c881c8ef12c691dfb-ed24ca9c2651b38d-00",
        "User-Agent": "azsdk-net-Storage.Files.Shares/12.23.0-alpha.20250414.1 (.NET 8.0.15; Microsoft Windows 10.0.26100)",
        "x-ms-client-request-id": "Sanitized",
        "x-ms-return-client-request-id": "true",
        "x-ms-version": "2025-05-05"
      },
      "RequestBody": null,
      "StatusCode": 200,
      "ResponseHeaders": {
        "Cache-Control": "no-cache",
        "Content-Disposition": "inline",
        "Content-Language": [
          "en-US",
          "en-CA"
        ],
        "Content-Length": "1024",
        "Content-Type": "application/octet-stream",
        "Date": "Mon, 14 Apr 2025 16:29:27 GMT",
        "ETag": "\"0x8DD7B7185DD6327\"",
        "Last-Modified": "Mon, 14 Apr 2025 16:29:26 GMT",
        "Server": [
          "Windows-Azure-File/1.0",
          "Microsoft-HTTPAPI/2.0"
        ],
        "x-ms-client-request-id": "Sanitized",
        "x-ms-file-change-time": "2025-04-14T16:29:26.3877927Z",
        "x-ms-file-creation-time": "2024-04-01T09:05:55.0000000Z",
        "x-ms-file-file-type": "Regular",
        "x-ms-file-id": "13835093239654252544",
        "x-ms-file-last-write-time": "2024-04-01T12:16:06.0000000Z",
        "x-ms-file-parent-id": "13835128424026341376",
        "x-ms-group": "0",
        "x-ms-lease-state": "available",
        "x-ms-lease-status": "unlocked",
        "x-ms-link-count": "1",
        "x-ms-meta-Capital": "letter",
        "x-ms-meta-foo": "bar",
        "x-ms-meta-meta": "data",
        "x-ms-meta-UPPER": "case",
        "x-ms-mode": "0664",
        "x-ms-owner": "0",
        "x-ms-request-id": "fb950868-401a-0053-245a-adcfbe000000",
        "x-ms-server-encrypted": "true",
        "x-ms-type": "File",
        "x-ms-version": "2025-05-05"
      },
      "ResponseBody": null
    },
    {
      "RequestUri": "https://seancanaryfilepremium2.file.core.windows.net/test-share-5fa5d82d-06d6-8441-34e7-d0223bd40f92/sourceFolder/item2?sv=Sanitized&ss=f&srt=sco&se=2025-04-15T16%3A29%3A32Z&sp=rwdxylacuptfi&sig=Sanitized",
      "RequestMethod": "HEAD",
      "RequestHeaders": {
        "Accept": "application/xml",
        "traceparent": "00-ccccc19bd8fb29a808336f3856f3388c-d6afa7200068a780-00",
        "User-Agent": "azsdk-net-Storage.Files.Shares/12.23.0-alpha.20250414.1 (.NET 8.0.15; Microsoft Windows 10.0.26100)",
        "x-ms-client-request-id": "Sanitized",
        "x-ms-return-client-request-id": "true",
        "x-ms-version": "2025-05-05"
      },
      "RequestBody": null,
      "StatusCode": 200,
      "ResponseHeaders": {
        "Cache-Control": "no-cache",
        "Content-Disposition": "inline",
        "Content-Language": [
          "en-US",
          "en-CA"
        ],
        "Content-Length": "1024",
        "Content-Type": "application/octet-stream",
        "Date": "Mon, 14 Apr 2025 16:29:27 GMT",
        "ETag": "\"0x8DD7B718552AF01\"",
        "Last-Modified": "Mon, 14 Apr 2025 16:29:25 GMT",
        "Server": [
          "Windows-Azure-File/1.0",
          "Microsoft-HTTPAPI/2.0"
        ],
        "x-ms-client-request-id": "Sanitized",
        "x-ms-file-change-time": "2025-04-14T16:29:25.4787841Z",
        "x-ms-file-creation-time": "2024-04-01T09:05:55.0000000Z",
        "x-ms-file-file-type": "Regular",
        "x-ms-file-id": "16140971433240035328",
        "x-ms-file-last-write-time": "2024-04-01T12:16:06.0000000Z",
        "x-ms-file-parent-id": "13835128424026341376",
        "x-ms-group": "123",
        "x-ms-lease-state": "available",
        "x-ms-lease-status": "unlocked",
        "x-ms-link-count": "1",
        "x-ms-meta-Capital": "letter",
        "x-ms-meta-foo": "bar",
        "x-ms-meta-meta": "data",
        "x-ms-meta-UPPER": "case",
        "x-ms-mode": "1777",
        "x-ms-owner": "345",
        "x-ms-request-id": "fb950869-401a-0053-255a-adcfbe000000",
        "x-ms-server-encrypted": "true",
        "x-ms-type": "File",
        "x-ms-version": "2025-05-05"
      },
      "ResponseBody": null
    },
    {
      "RequestUri": "https://seancanaryfilepremium2.file.core.windows.net/test-share-b13aa4ad-b7b3-0da2-72d5-c45bbf0d4c92/destFolder/item2?sv=Sanitized&ss=f&srt=sco&se=2025-04-15T16%3A29%3A32Z&sp=rwdxylacuptfi&sig=Sanitized",
      "RequestMethod": "HEAD",
      "RequestHeaders": {
        "Accept": "application/xml",
        "traceparent": "00-5a8024815dafa6583817d0f23e20e0ec-ff8bd6aacfe3cb39-00",
        "User-Agent": "azsdk-net-Storage.Files.Shares/12.23.0-alpha.20250414.1 (.NET 8.0.15; Microsoft Windows 10.0.26100)",
        "x-ms-client-request-id": "Sanitized",
        "x-ms-return-client-request-id": "true",
        "x-ms-version": "2025-05-05"
      },
      "RequestBody": null,
      "StatusCode": 200,
      "ResponseHeaders": {
        "Cache-Control": "no-cache",
        "Content-Disposition": "inline",
        "Content-Language": [
          "en-US",
          "en-CA"
        ],
        "Content-Length": "1024",
        "Content-Type": "application/octet-stream",
        "Date": "Mon, 14 Apr 2025 16:29:27 GMT",
        "ETag": "\"0x8DD7B71860E0085\"",
        "Last-Modified": "Mon, 14 Apr 2025 16:29:26 GMT",
        "Server": [
          "Windows-Azure-File/1.0",
          "Microsoft-HTTPAPI/2.0"
        ],
        "x-ms-client-request-id": "Sanitized",
        "x-ms-file-change-time": "2025-04-14T16:29:26.7063941Z",
        "x-ms-file-creation-time": "2024-04-01T09:05:55.0000000Z",
        "x-ms-file-file-type": "Regular",
        "x-ms-file-id": "11529250230440558592",
        "x-ms-file-last-write-time": "2024-04-01T12:16:06.0000000Z",
        "x-ms-file-parent-id": "13835128424026341376",
        "x-ms-group": "0",
        "x-ms-lease-state": "available",
        "x-ms-lease-status": "unlocked",
        "x-ms-link-count": "1",
        "x-ms-meta-Capital": "letter",
        "x-ms-meta-foo": "bar",
        "x-ms-meta-meta": "data",
        "x-ms-meta-UPPER": "case",
        "x-ms-mode": "0664",
        "x-ms-owner": "0",
        "x-ms-request-id": "fb95086a-401a-0053-265a-adcfbe000000",
        "x-ms-server-encrypted": "true",
        "x-ms-type": "File",
        "x-ms-version": "2025-05-05"
      },
      "ResponseBody": null
    },
    {
      "RequestUri": "https://seancanaryfilepremium2.file.core.windows.net/test-share-5fa5d82d-06d6-8441-34e7-d0223bd40f92/sourceFolder/item2?sv=Sanitized&ss=f&srt=sco&se=2025-04-15T16%3A29%3A32Z&sp=rwdxylacuptfi&sig=Sanitized",
      "RequestMethod": "GET",
      "RequestHeaders": {
        "Accept": "application/xml",
        "User-Agent": "azsdk-net-Storage.Files.Shares/12.23.0-alpha.20250414.1 (.NET 8.0.15; Microsoft Windows 10.0.26100)",
        "x-ms-client-request-id": "Sanitized",
        "x-ms-range": "bytes=0-1023",
        "x-ms-return-client-request-id": "true",
        "x-ms-version": "2025-05-05"
      },
      "RequestBody": null,
      "StatusCode": 206,
      "ResponseHeaders": {
        "Accept-Ranges": "bytes",
        "Cache-Control": "no-cache",
        "Content-Disposition": "inline",
        "Content-Language": [
          "en-US",
          "en-CA"
        ],
        "Content-Length": "1024",
        "Content-Range": "bytes 0-1023/1024",
        "Content-Type": "application/octet-stream",
        "Date": "Mon, 14 Apr 2025 16:29:27 GMT",
        "ETag": "\"0x8DD7B718552AF01\"",
        "Last-Modified": "Mon, 14 Apr 2025 16:29:25 GMT",
        "Server": [
          "Windows-Azure-File/1.0",
          "Microsoft-HTTPAPI/2.0"
        ],
        "x-ms-client-request-id": "Sanitized",
        "x-ms-file-change-time": "2025-04-14T16:29:25.4787841Z",
        "x-ms-file-creation-time": "2024-04-01T09:05:55.0000000Z",
        "x-ms-file-id": "16140971433240035328",
        "x-ms-file-last-write-time": "2024-04-01T12:16:06.0000000Z",
        "x-ms-file-parent-id": "13835128424026341376",
        "x-ms-group": "123",
        "x-ms-lease-state": "available",
        "x-ms-lease-status": "unlocked",
        "x-ms-link-count": "1",
        "x-ms-meta-Capital": "letter",
        "x-ms-meta-foo": "bar",
        "x-ms-meta-meta": "data",
        "x-ms-meta-UPPER": "case",
        "x-ms-mode": "1777",
        "x-ms-owner": "345",
        "x-ms-request-id": "fb95086b-401a-0053-275a-adcfbe000000",
        "x-ms-server-encrypted": "true",
        "x-ms-type": "File",
        "x-ms-version": "2025-05-05"
      },
      "ResponseBody": "AAAAAAAAAAAAAAAAAAAAAAAAAAAAAAAAAAAAAAAAAAAAAAAAAAAAAAAAAAAAAAAAAAAAAAAAAAAAAAAAAAAAAAAAAAAAAAAAAAAAAAAAAAAAAAAAAAAAAAAAAAAAAAAAAAAAAAAAAAAAAAAAAAAAAAAAAAAAAAAAAAAAAAAAAAAAAAAAAAAAAAAAAAAAAAAAAAAAAAAAAAAAAAAAAAAAAAAAAAAAAAAAAAAAAAAAAAAAAAAAAAAAAAAAAAAAAAAAAAAAAAAAAAAAAAAAAAAAAAAAAAAAAAAAAAAAAAAAAAAAAAAAAAAAAAAAAAAAAAAAAAAAAAAAAAAAAAAAAAAAAAAAAAAAAAAAAAAAAAAAAAAAAAAAAAAAAAAAAAAAAAAAAAAAAAAAAAAAAAAAAAAAAAAAAAAAAAAAAAAAAAAAAAAAAAAAAAAAAAAAAAAAAAAAAAAAAAAAAAAAAAAAAAAAAAAAAAAAAAAAAAAAAAAAAAAAAAAAAAAAAAAAAAAAAAAAAAAAAAAAAAAAAAAAAAAAAAAAAAAAAAAAAAAAAAAAAAAAAAAAAAAAAAAAAAAAAAAAAAAAAAAAAAAAAAAAAAAAAAAAAAAAAAAAAAAAAAAAAAAAAAAAAAAAAAAAAAAAAAAAAAAAAAAAAAAAAAAAAAAAAAAAAAAAAAAAAAAAAAAAAAAAAAAAAAAAAAAAAAAAAAAAAAAAAAAAAAAAAAAAAAAAAAAAAAAAAAAAAAAAAAAAAAAAAAAAAAAAAAAAAAAAAAAAAAAAAAAAAAAAAAAAAAAAAAAAAAAAAAAAAAAAAAAAAAAAAAAAAAAAAAAAAAAAAAAAAAAAAAAAAAAAAAAAAAAAAAAAAAAAAAAAAAAAAAAAAAAAAAAAAAAAAAAAAAAAAAAAAAAAAAAAAAAAAAAAAAAAAAAAAAAAAAAAAAAAAAAAAAAAAAAAAAAAAAAAAAAAAAAAAAAAAAAAAAAAAAAAAAAAAAAAAAAAAAAAAAAAAAAAAAAAAAAAAAAAAAAAAAAAAAAAAAAAAAAAAAAAAAAAAAAAAAAAAAAAAAAAAAAAAAAAAAAAAAAAAAAAAAAAAAAAAAAAAAAAAAAAAAAAAAAAAAAAAAAAAAAAAAAAAAAAAAAAAAAAAAAAAAAAAAAAAAAAAAAAAAAAAAAAAAAAAAAAAAAAAAAAAAAAAAAAAAAAAAAAAAAAAAAAAAAAAAAAAAAAAAAAAAAAAAAAAAAAAAAAAAAAAAAAAAAAAAAAAAAAAAAAAAAAAAAAAAAAAAAAAAAAAAAAAAAAAAAAAAAAAAAAAAAAAAAAAAAAAAAAAAAAAAAAAAAAAAAAAAAAAAAAAAAAAAAAAAAAAAAAAAAAAAAAAAAAAA=="
    },
    {
      "RequestUri": "https://seancanaryfilepremium2.file.core.windows.net/test-share-b13aa4ad-b7b3-0da2-72d5-c45bbf0d4c92/destFolder/item2?sv=Sanitized&ss=f&srt=sco&se=2025-04-15T16%3A29%3A32Z&sp=rwdxylacuptfi&sig=Sanitized",
      "RequestMethod": "GET",
      "RequestHeaders": {
        "Accept": "application/xml",
        "User-Agent": "azsdk-net-Storage.Files.Shares/12.23.0-alpha.20250414.1 (.NET 8.0.15; Microsoft Windows 10.0.26100)",
        "x-ms-client-request-id": "Sanitized",
        "x-ms-range": "bytes=0-1023",
        "x-ms-return-client-request-id": "true",
        "x-ms-version": "2025-05-05"
      },
      "RequestBody": null,
      "StatusCode": 206,
      "ResponseHeaders": {
        "Accept-Ranges": "bytes",
        "Cache-Control": "no-cache",
        "Content-Disposition": "inline",
        "Content-Language": [
          "en-US",
          "en-CA"
        ],
        "Content-Length": "1024",
        "Content-Range": "bytes 0-1023/1024",
        "Content-Type": "application/octet-stream",
        "Date": "Mon, 14 Apr 2025 16:29:27 GMT",
        "ETag": "\"0x8DD7B71860E0085\"",
        "Last-Modified": "Mon, 14 Apr 2025 16:29:26 GMT",
        "Server": [
          "Windows-Azure-File/1.0",
          "Microsoft-HTTPAPI/2.0"
        ],
        "x-ms-client-request-id": "Sanitized",
        "x-ms-file-change-time": "2025-04-14T16:29:26.7063941Z",
        "x-ms-file-creation-time": "2024-04-01T09:05:55.0000000Z",
        "x-ms-file-id": "11529250230440558592",
        "x-ms-file-last-write-time": "2024-04-01T12:16:06.0000000Z",
        "x-ms-file-parent-id": "13835128424026341376",
        "x-ms-group": "0",
        "x-ms-lease-state": "available",
        "x-ms-lease-status": "unlocked",
        "x-ms-link-count": "1",
        "x-ms-meta-Capital": "letter",
        "x-ms-meta-foo": "bar",
        "x-ms-meta-meta": "data",
        "x-ms-meta-UPPER": "case",
        "x-ms-mode": "0664",
        "x-ms-owner": "0",
        "x-ms-request-id": "fb95086c-401a-0053-285a-adcfbe000000",
        "x-ms-server-encrypted": "true",
        "x-ms-type": "File",
        "x-ms-version": "2025-05-05"
      },
      "ResponseBody": "AAAAAAAAAAAAAAAAAAAAAAAAAAAAAAAAAAAAAAAAAAAAAAAAAAAAAAAAAAAAAAAAAAAAAAAAAAAAAAAAAAAAAAAAAAAAAAAAAAAAAAAAAAAAAAAAAAAAAAAAAAAAAAAAAAAAAAAAAAAAAAAAAAAAAAAAAAAAAAAAAAAAAAAAAAAAAAAAAAAAAAAAAAAAAAAAAAAAAAAAAAAAAAAAAAAAAAAAAAAAAAAAAAAAAAAAAAAAAAAAAAAAAAAAAAAAAAAAAAAAAAAAAAAAAAAAAAAAAAAAAAAAAAAAAAAAAAAAAAAAAAAAAAAAAAAAAAAAAAAAAAAAAAAAAAAAAAAAAAAAAAAAAAAAAAAAAAAAAAAAAAAAAAAAAAAAAAAAAAAAAAAAAAAAAAAAAAAAAAAAAAAAAAAAAAAAAAAAAAAAAAAAAAAAAAAAAAAAAAAAAAAAAAAAAAAAAAAAAAAAAAAAAAAAAAAAAAAAAAAAAAAAAAAAAAAAAAAAAAAAAAAAAAAAAAAAAAAAAAAAAAAAAAAAAAAAAAAAAAAAAAAAAAAAAAAAAAAAAAAAAAAAAAAAAAAAAAAAAAAAAAAAAAAAAAAAAAAAAAAAAAAAAAAAAAAAAAAAAAAAAAAAAAAAAAAAAAAAAAAAAAAAAAAAAAAAAAAAAAAAAAAAAAAAAAAAAAAAAAAAAAAAAAAAAAAAAAAAAAAAAAAAAAAAAAAAAAAAAAAAAAAAAAAAAAAAAAAAAAAAAAAAAAAAAAAAAAAAAAAAAAAAAAAAAAAAAAAAAAAAAAAAAAAAAAAAAAAAAAAAAAAAAAAAAAAAAAAAAAAAAAAAAAAAAAAAAAAAAAAAAAAAAAAAAAAAAAAAAAAAAAAAAAAAAAAAAAAAAAAAAAAAAAAAAAAAAAAAAAAAAAAAAAAAAAAAAAAAAAAAAAAAAAAAAAAAAAAAAAAAAAAAAAAAAAAAAAAAAAAAAAAAAAAAAAAAAAAAAAAAAAAAAAAAAAAAAAAAAAAAAAAAAAAAAAAAAAAAAAAAAAAAAAAAAAAAAAAAAAAAAAAAAAAAAAAAAAAAAAAAAAAAAAAAAAAAAAAAAAAAAAAAAAAAAAAAAAAAAAAAAAAAAAAAAAAAAAAAAAAAAAAAAAAAAAAAAAAAAAAAAAAAAAAAAAAAAAAAAAAAAAAAAAAAAAAAAAAAAAAAAAAAAAAAAAAAAAAAAAAAAAAAAAAAAAAAAAAAAAAAAAAAAAAAAAAAAAAAAAAAAAAAAAAAAAAAAAAAAAAAAAAAAAAAAAAAAAAAAAAAAAAAAAAAAAAAAAAAAAAAAAAAAAAAAAAAAAAAAAAAAAAAAAAAAAAAAAAAAAAAAAAAAAAAAAAAAAAAAAAAAAAAAA=="
    },
    {
      "RequestUri": "https://seancanaryfilepremium2.file.core.windows.net/test-share-5fa5d82d-06d6-8441-34e7-d0223bd40f92/sourceFolder/item2?sv=Sanitized&ss=f&srt=sco&se=2025-04-15T16%3A29%3A32Z&sp=rwdxylacuptfi&sig=Sanitized",
      "RequestMethod": "HEAD",
      "RequestHeaders": {
        "Accept": "application/xml",
        "traceparent": "00-66cbaaa13024fee7e918a62ec4f794de-f40e5973f5e8eed7-00",
        "User-Agent": "azsdk-net-Storage.Files.Shares/12.23.0-alpha.20250414.1 (.NET 8.0.15; Microsoft Windows 10.0.26100)",
        "x-ms-client-request-id": "Sanitized",
        "x-ms-return-client-request-id": "true",
        "x-ms-version": "2025-05-05"
      },
      "RequestBody": null,
      "StatusCode": 200,
      "ResponseHeaders": {
        "Cache-Control": "no-cache",
        "Content-Disposition": "inline",
        "Content-Language": [
          "en-US",
          "en-CA"
        ],
        "Content-Length": "1024",
        "Content-Type": "application/octet-stream",
        "Date": "Mon, 14 Apr 2025 16:29:27 GMT",
        "ETag": "\"0x8DD7B718552AF01\"",
        "Last-Modified": "Mon, 14 Apr 2025 16:29:25 GMT",
        "Server": [
          "Windows-Azure-File/1.0",
          "Microsoft-HTTPAPI/2.0"
        ],
        "x-ms-client-request-id": "Sanitized",
        "x-ms-file-change-time": "2025-04-14T16:29:25.4787841Z",
        "x-ms-file-creation-time": "2024-04-01T09:05:55.0000000Z",
        "x-ms-file-file-type": "Regular",
        "x-ms-file-id": "16140971433240035328",
        "x-ms-file-last-write-time": "2024-04-01T12:16:06.0000000Z",
        "x-ms-file-parent-id": "13835128424026341376",
        "x-ms-group": "123",
        "x-ms-lease-state": "available",
        "x-ms-lease-status": "unlocked",
        "x-ms-link-count": "1",
        "x-ms-meta-Capital": "letter",
        "x-ms-meta-foo": "bar",
        "x-ms-meta-meta": "data",
        "x-ms-meta-UPPER": "case",
        "x-ms-mode": "1777",
        "x-ms-owner": "345",
        "x-ms-request-id": "fb950870-401a-0053-2a5a-adcfbe000000",
        "x-ms-server-encrypted": "true",
        "x-ms-type": "File",
        "x-ms-version": "2025-05-05"
      },
      "ResponseBody": null
    },
    {
      "RequestUri": "https://seancanaryfilepremium2.file.core.windows.net/test-share-b13aa4ad-b7b3-0da2-72d5-c45bbf0d4c92/destFolder/item2?sv=Sanitized&ss=f&srt=sco&se=2025-04-15T16%3A29%3A32Z&sp=rwdxylacuptfi&sig=Sanitized",
      "RequestMethod": "HEAD",
      "RequestHeaders": {
        "Accept": "application/xml",
        "traceparent": "00-dedd3c0f7c1e7375cb74843e1be79144-789f589de89cbae1-00",
        "User-Agent": "azsdk-net-Storage.Files.Shares/12.23.0-alpha.20250414.1 (.NET 8.0.15; Microsoft Windows 10.0.26100)",
        "x-ms-client-request-id": "Sanitized",
        "x-ms-return-client-request-id": "true",
        "x-ms-version": "2025-05-05"
      },
      "RequestBody": null,
      "StatusCode": 200,
      "ResponseHeaders": {
        "Cache-Control": "no-cache",
        "Content-Disposition": "inline",
        "Content-Language": [
          "en-US",
          "en-CA"
        ],
        "Content-Length": "1024",
        "Content-Type": "application/octet-stream",
        "Date": "Mon, 14 Apr 2025 16:29:27 GMT",
        "ETag": "\"0x8DD7B71860E0085\"",
        "Last-Modified": "Mon, 14 Apr 2025 16:29:26 GMT",
        "Server": [
          "Windows-Azure-File/1.0",
          "Microsoft-HTTPAPI/2.0"
        ],
        "x-ms-client-request-id": "Sanitized",
        "x-ms-file-change-time": "2025-04-14T16:29:26.7063941Z",
        "x-ms-file-creation-time": "2024-04-01T09:05:55.0000000Z",
        "x-ms-file-file-type": "Regular",
        "x-ms-file-id": "11529250230440558592",
        "x-ms-file-last-write-time": "2024-04-01T12:16:06.0000000Z",
        "x-ms-file-parent-id": "13835128424026341376",
        "x-ms-group": "0",
        "x-ms-lease-state": "available",
        "x-ms-lease-status": "unlocked",
        "x-ms-link-count": "1",
        "x-ms-meta-Capital": "letter",
        "x-ms-meta-foo": "bar",
        "x-ms-meta-meta": "data",
        "x-ms-meta-UPPER": "case",
        "x-ms-mode": "0664",
        "x-ms-owner": "0",
        "x-ms-request-id": "fb950871-401a-0053-2b5a-adcfbe000000",
        "x-ms-server-encrypted": "true",
        "x-ms-type": "File",
        "x-ms-version": "2025-05-05"
      },
      "ResponseBody": null
    },
    {
      "RequestUri": "https://seancanaryfilepremium2.file.core.windows.net/test-share-b13aa4ad-b7b3-0da2-72d5-c45bbf0d4c92?sv=Sanitized&ss=f&srt=sco&se=2025-04-15T16%3A29%3A32Z&sp=rwdxylacuptfi&sig=Sanitized&restype=share",
      "RequestMethod": "DELETE",
      "RequestHeaders": {
        "Accept": "application/xml",
        "traceparent": "00-a39dd4f228b7f7bef8942fffd0e5c396-d93dd7fa8967695d-00",
        "User-Agent": "azsdk-net-Storage.Files.Shares/12.23.0-alpha.20250414.1 (.NET 8.0.15; Microsoft Windows 10.0.26100)",
        "x-ms-client-request-id": "Sanitized",
        "x-ms-delete-snapshots": "include",
        "x-ms-return-client-request-id": "true",
        "x-ms-version": "2025-05-05"
      },
      "RequestBody": null,
      "StatusCode": 202,
      "ResponseHeaders": {
        "Content-Length": "0",
        "Date": "Mon, 14 Apr 2025 16:29:27 GMT",
        "Server": [
          "Windows-Azure-File/1.0",
          "Microsoft-HTTPAPI/2.0"
        ],
        "x-ms-client-request-id": "Sanitized",
        "x-ms-request-id": "fb950872-401a-0053-2c5a-adcfbe000000",
        "x-ms-version": "2025-05-05"
      },
      "ResponseBody": null
    },
    {
      "RequestUri": "https://seancanaryfilepremium2.file.core.windows.net/test-share-5fa5d82d-06d6-8441-34e7-d0223bd40f92?sv=Sanitized&ss=f&srt=sco&se=2025-04-15T16%3A29%3A32Z&sp=rwdxylacuptfi&sig=Sanitized&restype=share",
      "RequestMethod": "DELETE",
      "RequestHeaders": {
        "Accept": "application/xml",
        "traceparent": "00-f6aa81ad6bdf19bd3e4f4aa038543f63-fb26a1fe86c44e08-00",
        "User-Agent": "azsdk-net-Storage.Files.Shares/12.23.0-alpha.20250414.1 (.NET 8.0.15; Microsoft Windows 10.0.26100)",
        "x-ms-client-request-id": "Sanitized",
        "x-ms-delete-snapshots": "include",
        "x-ms-return-client-request-id": "true",
        "x-ms-version": "2025-05-05"
      },
      "RequestBody": null,
      "StatusCode": 202,
      "ResponseHeaders": {
        "Content-Length": "0",
        "Date": "Mon, 14 Apr 2025 16:29:27 GMT",
        "Server": [
          "Windows-Azure-File/1.0",
          "Microsoft-HTTPAPI/2.0"
        ],
        "x-ms-client-request-id": "Sanitized",
        "x-ms-request-id": "fb950873-401a-0053-2d5a-adcfbe000000",
        "x-ms-version": "2025-05-05"
      },
      "ResponseBody": null
    }
  ],
  "Variables": {
    "DateTimeOffsetNow": "2025-04-14T12:29:32.9389033-04:00",
    "RandomSeed": "1985403527",
    "Storage_TestConfigPremiumFile": "PremiumFileTenant\nseancanaryfilepremium2\nU2FuaXRpemVk\nhttps://seancanaryfilepremium2.blob.core.windows.net\nhttps://seancanaryfilepremium2.file.core.windows.net\nhttps://seancanaryfilepremium2.queue.core.windows.net\nhttps://seancanaryfilepremium2.table.core.windows.net\n\n\n\n\nhttps://seancanaryfilepremium2-secondary.blob.core.windows.net\nhttps://seancanaryfilepremium2-secondary.file.core.windows.net\nhttps://seancanaryfilepremium2-secondary.queue.core.windows.net\nhttps://seancanaryfilepremium2-secondary.table.core.windows.net\nCloud\nBlobEndpoint=https://seancanaryfilepremium2.blob.core.windows.net/;QueueEndpoint=https://seancanaryfilepremium2.queue.core.windows.net/;FileEndpoint=https://seancanaryfilepremium2.file.core.windows.net/;BlobSecondaryEndpoint=https://seancanaryfilepremium2-secondary.blob.core.windows.net/;QueueSecondaryEndpoint=https://seancanaryfilepremium2-secondary.queue.core.windows.net/;FileSecondaryEndpoint=https://seancanaryfilepremium2-secondary.file.core.windows.net/;AccountName=seancanaryfilepremium2;AccountKey=U2FuaXRpemVk\n\n\n"
  }
}
