{
  "Entries": [
    {
      "RequestUri": "https://nickliuproductionacc.file.core.windows.net/test-share-b2f3e775-1cec-8aaf-bdc8-f2f8502c7246?sv=Sanitized&ss=f&srt=sco&se=2025-04-16T00%3A39%3A06Z&sp=rwdxylacuptfi&sig=Sanitized&restype=share",
      "RequestMethod": "PUT",
      "RequestHeaders": {
        "Accept": "application/xml",
        "Content-Length": "0",
        "traceparent": "00-9079403a71ce089eb56247781f2b375d-d5e517337e05f82b-00",
        "User-Agent": "azsdk-net-Storage.Files.Shares/12.23.0-alpha.20250414.1 (.NET 8.0.15; Microsoft Windows 10.0.26100)",
        "x-ms-client-request-id": "Sanitized",
        "x-ms-return-client-request-id": "true",
        "x-ms-version": "2025-05-05"
      },
      "RequestBody": null,
      "StatusCode": 201,
      "ResponseHeaders": {
        "Content-Length": "0",
        "Date": "Tue, 15 Apr 2025 00:39:05 GMT",
        "ETag": "\"0x8DD7BB5ED6C2914\"",
        "Last-Modified": "Tue, 15 Apr 2025 00:39:05 GMT",
        "Server": [
          "Windows-Azure-File/1.0",
          "Microsoft-HTTPAPI/2.0"
        ],
        "x-ms-client-request-id": "Sanitized",
        "x-ms-request-id": "9cc88f27-001a-0044-7c9e-ad30e5000000",
        "x-ms-version": "2025-05-05"
      },
      "ResponseBody": null
    },
    {
      "RequestUri": "https://nickliuproductionacc.file.core.windows.net/test-share-3b819868-bcf7-c882-efa8-c665bed6089a?restype=share",
      "RequestMethod": "PUT",
      "RequestHeaders": {
        "Accept": "application/xml",
        "Authorization": "Sanitized",
        "Content-Length": "0",
        "traceparent": "00-889e5705038b18224551c939d8cf4f2f-5d4e07e779cba530-00",
        "User-Agent": "azsdk-net-Storage.Files.Shares/12.23.0-alpha.20250414.1 (.NET 8.0.15; Microsoft Windows 10.0.26100)",
        "x-ms-client-request-id": "Sanitized",
        "x-ms-date": "Tue, 15 Apr 2025 00:39:06 GMT",
        "x-ms-return-client-request-id": "true",
        "x-ms-version": "2025-05-05"
      },
      "RequestBody": null,
      "StatusCode": 201,
      "ResponseHeaders": {
        "Content-Length": "0",
        "Date": "Tue, 15 Apr 2025 00:39:05 GMT",
        "ETag": "\"0x8DD7BB5ED7216E5\"",
        "Last-Modified": "Tue, 15 Apr 2025 00:39:05 GMT",
        "Server": [
          "Windows-Azure-File/1.0",
          "Microsoft-HTTPAPI/2.0"
        ],
        "x-ms-client-request-id": "Sanitized",
        "x-ms-request-id": "9cc88f29-001a-0044-7d9e-ad30e5000000",
        "x-ms-version": "2025-05-05"
      },
      "ResponseBody": null
    },
    {
      "RequestUri": "https://nickliuproductionacc.file.core.windows.net/test-share-b2f3e775-1cec-8aaf-bdc8-f2f8502c7246/sourceFolder?sv=Sanitized&ss=f&srt=sco&se=2025-04-16T00%3A39%3A06Z&sp=rwdxylacuptfi&sig=Sanitized&restype=directory",
      "RequestMethod": "PUT",
      "RequestHeaders": {
        "Accept": "application/xml",
        "Content-Length": "0",
        "traceparent": "00-3408d261fe6a86a936dc7b4a7143f904-01f95078950cfc0d-00",
        "User-Agent": "azsdk-net-Storage.Files.Shares/12.23.0-alpha.20250414.1 (.NET 8.0.15; Microsoft Windows 10.0.26100)",
        "x-ms-client-request-id": "Sanitized",
        "x-ms-file-attributes": "None",
        "x-ms-file-change-time": "2024-04-01T13:30:03.0000000Z",
        "x-ms-file-creation-time": "2024-04-01T09:05:55.0000000Z",
        "x-ms-file-last-write-time": "2024-04-01T12:16:06.0000000Z",
        "x-ms-file-permission": "O:S-1-5-21-2127521184-1604012920-1887927527-21560751G:S-1-5-21-2127521184-1604012920-1887927527-513D:AI(A;;FA;;;SY)(A;;FA;;;BA)(A;;0x1200a9;;;S-1-5-21-397955417-626881126-188441444-3053964)S:NO_ACCESS_CONTROL",
        "x-ms-meta-Capital": "letter",
        "x-ms-meta-foo": "bar",
        "x-ms-meta-meta": "data",
        "x-ms-meta-UPPER": "case",
        "x-ms-return-client-request-id": "true",
        "x-ms-version": "2025-05-05"
      },
      "RequestBody": null,
      "StatusCode": 201,
      "ResponseHeaders": {
        "Content-Length": "0",
        "Date": "Tue, 15 Apr 2025 00:39:05 GMT",
        "ETag": "\"0x8DD7BB5ED7C876B\"",
        "Last-Modified": "Tue, 15 Apr 2025 00:39:06 GMT",
        "Server": [
          "Windows-Azure-File/1.0",
          "Microsoft-HTTPAPI/2.0"
        ],
        "x-ms-client-request-id": "Sanitized",
        "x-ms-file-attributes": "Directory",
        "x-ms-file-change-time": "2024-04-01T13:30:03.0000000Z",
        "x-ms-file-creation-time": "2024-04-01T09:05:55.0000000Z",
        "x-ms-file-id": "13835128424026341376",
        "x-ms-file-last-write-time": "2024-04-01T12:16:06.0000000Z",
        "x-ms-file-parent-id": "0",
        "x-ms-file-permission-key": "4404247679626324875*16083086822043778878",
        "x-ms-request-id": "9cc88f2b-001a-0044-7e9e-ad30e5000000",
        "x-ms-request-server-encrypted": "true",
        "x-ms-version": "2025-05-05"
      },
      "ResponseBody": null
    },
    {
      "RequestUri": "https://nickliuproductionacc.file.core.windows.net/test-share-b2f3e775-1cec-8aaf-bdc8-f2f8502c7246/sourceFolder/item1?sv=Sanitized&ss=f&srt=sco&se=2025-04-16T00%3A39%3A06Z&sp=rwdxylacuptfi&sig=Sanitized",
      "RequestMethod": "PUT",
      "RequestHeaders": {
        "Accept": "application/xml",
        "Content-Length": "0",
        "traceparent": "00-c89105af3314b7f340a577ac252d02e6-2e194d0465558c5f-00",
        "User-Agent": "azsdk-net-Storage.Files.Shares/12.23.0-alpha.20250414.1 (.NET 8.0.15; Microsoft Windows 10.0.26100)",
        "x-ms-cache-control": "no-cache",
        "x-ms-client-request-id": "Sanitized",
        "x-ms-content-disposition": "inline",
        "x-ms-content-language": "en-US,en-CA",
        "x-ms-content-length": "1024",
        "x-ms-file-attributes": "None",
        "x-ms-file-change-time": "2024-04-01T13:30:03.0000000Z",
        "x-ms-file-creation-time": "2024-04-01T09:05:55.0000000Z",
        "x-ms-file-last-write-time": "2024-04-01T12:16:06.0000000Z",
        "x-ms-meta-Capital": "letter",
        "x-ms-meta-foo": "bar",
        "x-ms-meta-meta": "data",
        "x-ms-meta-UPPER": "case",
        "x-ms-return-client-request-id": "true",
        "x-ms-type": "file",
        "x-ms-version": "2025-05-05"
      },
      "RequestBody": null,
      "StatusCode": 201,
      "ResponseHeaders": {
        "Content-Length": "0",
        "Date": "Tue, 15 Apr 2025 00:39:05 GMT",
        "ETag": "\"0x8DD7BB5ED868E56\"",
        "Last-Modified": "Tue, 15 Apr 2025 00:39:06 GMT",
        "Server": [
          "Windows-Azure-File/1.0",
          "Microsoft-HTTPAPI/2.0"
        ],
        "x-ms-client-request-id": "Sanitized",
        "x-ms-file-attributes": "Archive",
        "x-ms-file-change-time": "2024-04-01T13:30:03.0000000Z",
        "x-ms-file-creation-time": "2024-04-01T09:05:55.0000000Z",
        "x-ms-file-id": "11529285414812647424",
        "x-ms-file-last-write-time": "2024-04-01T12:16:06.0000000Z",
        "x-ms-file-parent-id": "13835128424026341376",
        "x-ms-file-permission-key": "7007476287933614363*16083086822043778878",
        "x-ms-request-id": "9cc88f2c-001a-0044-7f9e-ad30e5000000",
        "x-ms-request-server-encrypted": "true",
        "x-ms-version": "2025-05-05"
      },
      "ResponseBody": null
    },
    {
      "RequestUri": "https://nickliuproductionacc.file.core.windows.net/test-share-b2f3e775-1cec-8aaf-bdc8-f2f8502c7246/sourceFolder/item2?sv=Sanitized&ss=f&srt=sco&se=2025-04-16T00%3A39%3A06Z&sp=rwdxylacuptfi&sig=Sanitized",
      "RequestMethod": "PUT",
      "RequestHeaders": {
        "Accept": "application/xml",
        "Content-Length": "0",
        "traceparent": "00-e38e8088b4cf498383c51401b0b38564-615c5cd73c82ff52-00",
        "User-Agent": "azsdk-net-Storage.Files.Shares/12.23.0-alpha.20250414.1 (.NET 8.0.15; Microsoft Windows 10.0.26100)",
        "x-ms-cache-control": "no-cache",
        "x-ms-client-request-id": "Sanitized",
        "x-ms-content-disposition": "inline",
        "x-ms-content-language": "en-US,en-CA",
        "x-ms-content-length": "1024",
        "x-ms-file-attributes": "None",
        "x-ms-file-change-time": "2024-04-01T13:30:03.0000000Z",
        "x-ms-file-creation-time": "2024-04-01T09:05:55.0000000Z",
        "x-ms-file-last-write-time": "2024-04-01T12:16:06.0000000Z",
        "x-ms-meta-Capital": "letter",
        "x-ms-meta-foo": "bar",
        "x-ms-meta-meta": "data",
        "x-ms-meta-UPPER": "case",
        "x-ms-return-client-request-id": "true",
        "x-ms-type": "file",
        "x-ms-version": "2025-05-05"
      },
      "RequestBody": null,
      "StatusCode": 201,
      "ResponseHeaders": {
        "Content-Length": "0",
        "Date": "Tue, 15 Apr 2025 00:39:05 GMT",
        "ETag": "\"0x8DD7BB5ED8BB89E\"",
        "Last-Modified": "Tue, 15 Apr 2025 00:39:06 GMT",
        "Server": [
          "Windows-Azure-File/1.0",
          "Microsoft-HTTPAPI/2.0"
        ],
        "x-ms-client-request-id": "Sanitized",
        "x-ms-file-attributes": "Archive",
        "x-ms-file-change-time": "2024-04-01T13:30:03.0000000Z",
        "x-ms-file-creation-time": "2024-04-01T09:05:55.0000000Z",
        "x-ms-file-id": "16140971433240035328",
        "x-ms-file-last-write-time": "2024-04-01T12:16:06.0000000Z",
        "x-ms-file-parent-id": "13835128424026341376",
        "x-ms-file-permission-key": "7007476287933614363*16083086822043778878",
        "x-ms-request-id": "9cc88f2d-001a-0044-809e-ad30e5000000",
        "x-ms-request-server-encrypted": "true",
        "x-ms-version": "2025-05-05"
      },
      "ResponseBody": null
    },
    {
      "RequestUri": "https://nickliuproductionacc.file.core.windows.net/test-share-b2f3e775-1cec-8aaf-bdc8-f2f8502c7246/sourceFolder/bar?sv=Sanitized&ss=f&srt=sco&se=2025-04-16T00%3A39%3A06Z&sp=rwdxylacuptfi&sig=Sanitized&restype=directory",
      "RequestMethod": "PUT",
      "RequestHeaders": {
        "Accept": "application/xml",
        "Content-Length": "0",
        "traceparent": "00-9b015585364489e7678b9ca828c2b919-029eb7aeb74b30fb-00",
        "User-Agent": "azsdk-net-Storage.Files.Shares/12.23.0-alpha.20250414.1 (.NET 8.0.15; Microsoft Windows 10.0.26100)",
        "x-ms-client-request-id": "Sanitized",
        "x-ms-return-client-request-id": "true",
        "x-ms-version": "2025-05-05"
      },
      "RequestBody": null,
      "StatusCode": 201,
      "ResponseHeaders": {
        "Content-Length": "0",
        "Date": "Tue, 15 Apr 2025 00:39:05 GMT",
        "ETag": "\"0x8DD7BB5ED90E2FD\"",
        "Last-Modified": "Tue, 15 Apr 2025 00:39:06 GMT",
        "Server": [
          "Windows-Azure-File/1.0",
          "Microsoft-HTTPAPI/2.0"
        ],
        "x-ms-client-request-id": "Sanitized",
        "x-ms-file-attributes": "Directory",
        "x-ms-file-change-time": "2025-04-15T00:39:06.1470973Z",
        "x-ms-file-creation-time": "2025-04-15T00:39:06.1470973Z",
        "x-ms-file-id": "10376363910205800448",
        "x-ms-file-last-write-time": "2025-04-15T00:39:06.1470973Z",
        "x-ms-file-parent-id": "13835128424026341376",
        "x-ms-file-permission-key": "7007476287933614363*16083086822043778878",
        "x-ms-request-id": "9cc88f2e-001a-0044-019e-ad30e5000000",
        "x-ms-request-server-encrypted": "true",
        "x-ms-version": "2025-05-05"
      },
      "ResponseBody": null
    },
    {
      "RequestUri": "https://nickliuproductionacc.file.core.windows.net/test-share-b2f3e775-1cec-8aaf-bdc8-f2f8502c7246/sourceFolder/bar/item3?sv=Sanitized&ss=f&srt=sco&se=2025-04-16T00%3A39%3A06Z&sp=rwdxylacuptfi&sig=Sanitized",
      "RequestMethod": "PUT",
      "RequestHeaders": {
        "Accept": "application/xml",
        "Content-Length": "0",
        "traceparent": "00-f9a4aa6371e2328236acbc2903d3792c-4d3fd76f77c2abd8-00",
        "User-Agent": "azsdk-net-Storage.Files.Shares/12.23.0-alpha.20250414.1 (.NET 8.0.15; Microsoft Windows 10.0.26100)",
        "x-ms-cache-control": "no-cache",
        "x-ms-client-request-id": "Sanitized",
        "x-ms-content-disposition": "inline",
        "x-ms-content-language": "en-US,en-CA",
        "x-ms-content-length": "1024",
        "x-ms-file-attributes": "None",
        "x-ms-file-change-time": "2024-04-01T13:30:03.0000000Z",
        "x-ms-file-creation-time": "2024-04-01T09:05:55.0000000Z",
        "x-ms-file-last-write-time": "2024-04-01T12:16:06.0000000Z",
        "x-ms-meta-Capital": "letter",
        "x-ms-meta-foo": "bar",
        "x-ms-meta-meta": "data",
        "x-ms-meta-UPPER": "case",
        "x-ms-return-client-request-id": "true",
        "x-ms-type": "file",
        "x-ms-version": "2025-05-05"
      },
      "RequestBody": null,
      "StatusCode": 201,
      "ResponseHeaders": {
        "Content-Length": "0",
        "Date": "Tue, 15 Apr 2025 00:39:05 GMT",
        "ETag": "\"0x8DD7BB5ED954ADB\"",
        "Last-Modified": "Tue, 15 Apr 2025 00:39:06 GMT",
        "Server": [
          "Windows-Azure-File/1.0",
          "Microsoft-HTTPAPI/2.0"
        ],
        "x-ms-client-request-id": "Sanitized",
        "x-ms-file-attributes": "Archive",
        "x-ms-file-change-time": "2024-04-01T13:30:03.0000000Z",
        "x-ms-file-creation-time": "2024-04-01T09:05:55.0000000Z",
        "x-ms-file-id": "14988049928633188352",
        "x-ms-file-last-write-time": "2024-04-01T12:16:06.0000000Z",
        "x-ms-file-parent-id": "10376363910205800448",
        "x-ms-file-permission-key": "7007476287933614363*16083086822043778878",
        "x-ms-request-id": "9cc88f2f-001a-0044-029e-ad30e5000000",
        "x-ms-request-server-encrypted": "true",
        "x-ms-version": "2025-05-05"
      },
      "ResponseBody": null
    },
    {
      "RequestUri": "https://nickliuproductionacc.file.core.windows.net/test-share-b2f3e775-1cec-8aaf-bdc8-f2f8502c7246/sourceFolder/pik?sv=Sanitized&ss=f&srt=sco&se=2025-04-16T00%3A39%3A06Z&sp=rwdxylacuptfi&sig=Sanitized&restype=directory",
      "RequestMethod": "PUT",
      "RequestHeaders": {
        "Accept": "application/xml",
        "Content-Length": "0",
        "traceparent": "00-928fe400c1137cc200ec316df527cf65-b8f36bad4c80be05-00",
        "User-Agent": "azsdk-net-Storage.Files.Shares/12.23.0-alpha.20250414.1 (.NET 8.0.15; Microsoft Windows 10.0.26100)",
        "x-ms-client-request-id": "Sanitized",
        "x-ms-return-client-request-id": "true",
        "x-ms-version": "2025-05-05"
      },
      "RequestBody": null,
      "StatusCode": 201,
      "ResponseHeaders": {
        "Content-Length": "0",
        "Date": "Tue, 15 Apr 2025 00:39:05 GMT",
        "ETag": "\"0x8DD7BB5ED9A9C0F\"",
        "Last-Modified": "Tue, 15 Apr 2025 00:39:06 GMT",
        "Server": [
          "Windows-Azure-File/1.0",
          "Microsoft-HTTPAPI/2.0"
        ],
        "x-ms-client-request-id": "Sanitized",
        "x-ms-file-attributes": "Directory",
        "x-ms-file-change-time": "2025-04-15T00:39:06.2108175Z",
        "x-ms-file-creation-time": "2025-04-15T00:39:06.2108175Z",
        "x-ms-file-id": "12682206919419494400",
        "x-ms-file-last-write-time": "2025-04-15T00:39:06.2108175Z",
        "x-ms-file-parent-id": "13835128424026341376",
        "x-ms-file-permission-key": "7007476287933614363*16083086822043778878",
        "x-ms-request-id": "9cc88f30-001a-0044-039e-ad30e5000000",
        "x-ms-request-server-encrypted": "true",
        "x-ms-version": "2025-05-05"
      },
      "ResponseBody": null
    },
    {
      "RequestUri": "https://nickliuproductionacc.file.core.windows.net/test-share-b2f3e775-1cec-8aaf-bdc8-f2f8502c7246/sourceFolder/pik/item4?sv=Sanitized&ss=f&srt=sco&se=2025-04-16T00%3A39%3A06Z&sp=rwdxylacuptfi&sig=Sanitized",
      "RequestMethod": "PUT",
      "RequestHeaders": {
        "Accept": "application/xml",
        "Content-Length": "0",
        "traceparent": "00-4bda535e5628948fe79ca02002d2e11d-f239392149220047-00",
        "User-Agent": "azsdk-net-Storage.Files.Shares/12.23.0-alpha.20250414.1 (.NET 8.0.15; Microsoft Windows 10.0.26100)",
        "x-ms-cache-control": "no-cache",
        "x-ms-client-request-id": "Sanitized",
        "x-ms-content-disposition": "inline",
        "x-ms-content-language": "en-US,en-CA",
        "x-ms-content-length": "1024",
        "x-ms-file-attributes": "None",
        "x-ms-file-change-time": "2024-04-01T13:30:03.0000000Z",
        "x-ms-file-creation-time": "2024-04-01T09:05:55.0000000Z",
        "x-ms-file-last-write-time": "2024-04-01T12:16:06.0000000Z",
        "x-ms-meta-Capital": "letter",
        "x-ms-meta-foo": "bar",
        "x-ms-meta-meta": "data",
        "x-ms-meta-UPPER": "case",
        "x-ms-return-client-request-id": "true",
        "x-ms-type": "file",
        "x-ms-version": "2025-05-05"
      },
      "RequestBody": null,
      "StatusCode": 201,
      "ResponseHeaders": {
        "Content-Length": "0",
        "Date": "Tue, 15 Apr 2025 00:39:05 GMT",
        "ETag": "\"0x8DD7BB5ED9F2ACB\"",
        "Last-Modified": "Tue, 15 Apr 2025 00:39:06 GMT",
        "Server": [
          "Windows-Azure-File/1.0",
          "Microsoft-HTTPAPI/2.0"
        ],
        "x-ms-client-request-id": "Sanitized",
        "x-ms-file-attributes": "Archive",
        "x-ms-file-change-time": "2024-04-01T13:30:03.0000000Z",
        "x-ms-file-creation-time": "2024-04-01T09:05:55.0000000Z",
        "x-ms-file-id": "17293892937846882304",
        "x-ms-file-last-write-time": "2024-04-01T12:16:06.0000000Z",
        "x-ms-file-parent-id": "12682206919419494400",
        "x-ms-file-permission-key": "7007476287933614363*16083086822043778878",
        "x-ms-request-id": "9cc88f31-001a-0044-049e-ad30e5000000",
        "x-ms-request-server-encrypted": "true",
        "x-ms-version": "2025-05-05"
      },
      "ResponseBody": null
    },
    {
      "RequestUri": "https://nickliuproductionacc.file.core.windows.net/test-share-3b819868-bcf7-c882-efa8-c665bed6089a/destFolder?restype=directory",
      "RequestMethod": "PUT",
      "RequestHeaders": {
        "Accept": "application/xml",
        "Authorization": "Sanitized",
        "Content-Length": "0",
        "traceparent": "00-16f666ecb3c55bfda6d919a5e308bca2-ea65d0d0bce40643-00",
        "User-Agent": "azsdk-net-Storage.Files.Shares/12.23.0-alpha.20250414.1 (.NET 8.0.15; Microsoft Windows 10.0.26100)",
        "x-ms-client-request-id": "Sanitized",
        "x-ms-date": "Tue, 15 Apr 2025 00:39:06 GMT",
        "x-ms-return-client-request-id": "true",
        "x-ms-version": "2025-05-05"
      },
      "RequestBody": null,
      "StatusCode": 201,
      "ResponseHeaders": {
        "Content-Length": "0",
        "Date": "Tue, 15 Apr 2025 00:39:05 GMT",
        "ETag": "\"0x8DD7BB5EDA45526\"",
        "Last-Modified": "Tue, 15 Apr 2025 00:39:06 GMT",
        "Server": [
          "Windows-Azure-File/1.0",
          "Microsoft-HTTPAPI/2.0"
        ],
        "x-ms-client-request-id": "Sanitized",
        "x-ms-file-attributes": "Directory",
        "x-ms-file-change-time": "2025-04-15T00:39:06.2745382Z",
        "x-ms-file-creation-time": "2025-04-15T00:39:06.2745382Z",
        "x-ms-file-id": "13835128424026341376",
        "x-ms-file-last-write-time": "2025-04-15T00:39:06.2745382Z",
        "x-ms-file-parent-id": "0",
        "x-ms-file-permission-key": "13252330444922611895*16083086822043778878",
        "x-ms-request-id": "9cc88f32-001a-0044-059e-ad30e5000000",
        "x-ms-request-server-encrypted": "true",
        "x-ms-version": "2025-05-05"
      },
      "ResponseBody": null
    },
    {
      "RequestUri": "https://nickliuproductionacc.file.core.windows.net/test-share-b2f3e775-1cec-8aaf-bdc8-f2f8502c7246/sourceFolder?sv=Sanitized&ss=f&srt=sco&se=2025-04-16T00%3A39%3A06Z&sp=rwdxylacuptfi&sig=Sanitized&restype=directory&comp=list&include=Attributes",
      "RequestMethod": "GET",
      "RequestHeaders": {
        "Accept": "application/xml",
        "User-Agent": "azsdk-net-Storage.Files.Shares/12.23.0-alpha.20250414.1 (.NET 8.0.15; Microsoft Windows 10.0.26100)",
        "x-ms-client-request-id": "Sanitized",
        "x-ms-return-client-request-id": "true",
        "x-ms-version": "2025-05-05"
      },
      "RequestBody": null,
      "StatusCode": 200,
      "ResponseHeaders": {
        "Content-Type": "application/xml",
        "Date": "Tue, 15 Apr 2025 00:39:05 GMT",
        "Server": [
          "Windows-Azure-File/1.0",
          "Microsoft-HTTPAPI/2.0"
        ],
        "Transfer-Encoding": "chunked",
        "x-ms-client-request-id": "Sanitized",
        "x-ms-request-id": "9cc88f33-001a-0044-069e-ad30e5000000",
        "x-ms-version": "2025-05-05"
      },
      "ResponseBody": "\uFEFF<?xml version=\"1.0\" encoding=\"utf-8\"?><EnumerationResults ServiceEndpoint=\"https://nickliuproductionacc.file.core.windows.net/\" ShareName=\"test-share-b2f3e775-1cec-8aaf-bdc8-f2f8502c7246\" DirectoryPath=\"sourceFolder\"><DirectoryId>13835128424026341376</DirectoryId><Entries><Directory><Name>bar</Name><FileId>10376363910205800448</FileId><Properties /><Attributes>Directory</Attributes></Directory><File><Name>item1</Name><FileId>11529285414812647424</FileId><Properties><Content-Length>1024</Content-Length></Properties><Attributes>Archive</Attributes></File><File><Name>item2</Name><FileId>16140971433240035328</FileId><Properties><Content-Length>1024</Content-Length></Properties><Attributes>Archive</Attributes></File><Directory><Name>pik</Name><FileId>12682206919419494400</FileId><Properties /><Attributes>Directory</Attributes></Directory></Entries><NextMarker /></EnumerationResults>"
    },
    {
      "RequestUri": "https://nickliuproductionacc.file.core.windows.net/test-share-b2f3e775-1cec-8aaf-bdc8-f2f8502c7246/sourceFolder/bar?sv=Sanitized&ss=f&srt=sco&se=2025-04-16T00%3A39%3A06Z&sp=rwdxylacuptfi&sig=Sanitized&restype=directory",
      "RequestMethod": "GET",
      "RequestHeaders": {
        "Accept": "application/xml",
        "traceparent": "00-be6bb8c002b9362b8dfa4ce2e624c8f6-4490a8f6b8e58455-00",
        "User-Agent": "azsdk-net-Storage.Files.Shares/12.23.0-alpha.20250414.1 (.NET 8.0.15; Microsoft Windows 10.0.26100)",
        "x-ms-client-request-id": "Sanitized",
        "x-ms-return-client-request-id": "true",
        "x-ms-version": "2025-05-05"
      },
      "RequestBody": null,
      "StatusCode": 200,
      "ResponseHeaders": {
        "Content-Length": "0",
        "Date": "Tue, 15 Apr 2025 00:39:05 GMT",
        "ETag": "\"0x8DD7BB5ED90E2FD\"",
        "Last-Modified": "Tue, 15 Apr 2025 00:39:06 GMT",
        "Server": [
          "Windows-Azure-File/1.0",
          "Microsoft-HTTPAPI/2.0"
        ],
        "x-ms-client-request-id": "Sanitized",
        "x-ms-file-attributes": "Directory",
        "x-ms-file-change-time": "2025-04-15T00:39:06.1470973Z",
        "x-ms-file-creation-time": "2025-04-15T00:39:06.1470973Z",
        "x-ms-file-id": "10376363910205800448",
        "x-ms-file-last-write-time": "2025-04-15T00:39:06.1470973Z",
        "x-ms-file-parent-id": "13835128424026341376",
        "x-ms-file-permission-key": "7007476287933614363*16083086822043778878",
        "x-ms-request-id": "9cc88f34-001a-0044-079e-ad30e5000000",
        "x-ms-server-encrypted": "true",
        "x-ms-version": "2025-05-05"
      },
      "ResponseBody": null
    },
    {
      "RequestUri": "https://nickliuproductionacc.file.core.windows.net/test-share-3b819868-bcf7-c882-efa8-c665bed6089a/destFolder/bar?restype=directory",
      "RequestMethod": "PUT",
      "RequestHeaders": {
        "Accept": "application/xml",
        "Authorization": "Sanitized",
        "Content-Length": "0",
        "traceparent": "00-e3527169931048648ba6457c02eb5ddf-3d3173a41bf87b58-00",
        "User-Agent": "azsdk-net-Storage.Files.Shares/12.23.0-alpha.20250414.1 (.NET 8.0.15; Microsoft Windows 10.0.26100)",
        "x-ms-client-request-id": "Sanitized",
        "x-ms-date": "Tue, 15 Apr 2025 00:39:07 GMT",
        "x-ms-file-attributes": "Directory",
        "x-ms-file-change-time": "2025-04-15T00:39:06.1470973Z",
        "x-ms-file-creation-time": "2025-04-15T00:39:06.1470973Z",
        "x-ms-file-last-write-time": "2025-04-15T00:39:06.1470973Z",
        "x-ms-return-client-request-id": "true",
        "x-ms-version": "2025-05-05"
      },
      "RequestBody": null,
      "StatusCode": 201,
      "ResponseHeaders": {
        "Content-Length": "0",
        "Date": "Tue, 15 Apr 2025 00:39:05 GMT",
        "ETag": "\"0x8DD7BB5EDB3FB04\"",
        "Last-Modified": "Tue, 15 Apr 2025 00:39:06 GMT",
        "Server": [
          "Windows-Azure-File/1.0",
          "Microsoft-HTTPAPI/2.0"
        ],
        "x-ms-client-request-id": "Sanitized",
        "x-ms-file-attributes": "Directory",
        "x-ms-file-change-time": "2025-04-15T00:39:06.1470973Z",
        "x-ms-file-creation-time": "2025-04-15T00:39:06.1470973Z",
        "x-ms-file-id": "11529285414812647424",
        "x-ms-file-last-write-time": "2025-04-15T00:39:06.1470973Z",
        "x-ms-file-parent-id": "13835128424026341376",
        "x-ms-file-permission-key": "13252330444922611895*16083086822043778878",
        "x-ms-request-id": "9cc88f35-001a-0044-089e-ad30e5000000",
        "x-ms-request-server-encrypted": "true",
        "x-ms-version": "2025-05-05"
      },
      "ResponseBody": null
    },
    {
      "RequestUri": "https://nickliuproductionacc.file.core.windows.net/test-share-b2f3e775-1cec-8aaf-bdc8-f2f8502c7246/sourceFolder/pik?sv=Sanitized&ss=f&srt=sco&se=2025-04-16T00%3A39%3A06Z&sp=rwdxylacuptfi&sig=Sanitized&restype=directory",
      "RequestMethod": "GET",
      "RequestHeaders": {
        "Accept": "application/xml",
        "traceparent": "00-053b173af25ae42fe0ce1f9fbc96f407-203b46a75b5f6923-00",
        "User-Agent": "azsdk-net-Storage.Files.Shares/12.23.0-alpha.20250414.1 (.NET 8.0.15; Microsoft Windows 10.0.26100)",
        "x-ms-client-request-id": "Sanitized",
        "x-ms-return-client-request-id": "true",
        "x-ms-version": "2025-05-05"
      },
      "RequestBody": null,
      "StatusCode": 200,
      "ResponseHeaders": {
        "Content-Length": "0",
        "Date": "Tue, 15 Apr 2025 00:39:05 GMT",
        "ETag": "\"0x8DD7BB5ED9A9C0F\"",
        "Last-Modified": "Tue, 15 Apr 2025 00:39:06 GMT",
        "Server": [
          "Windows-Azure-File/1.0",
          "Microsoft-HTTPAPI/2.0"
        ],
        "x-ms-client-request-id": "Sanitized",
        "x-ms-file-attributes": "Directory",
        "x-ms-file-change-time": "2025-04-15T00:39:06.2108175Z",
        "x-ms-file-creation-time": "2025-04-15T00:39:06.2108175Z",
        "x-ms-file-id": "12682206919419494400",
        "x-ms-file-last-write-time": "2025-04-15T00:39:06.2108175Z",
        "x-ms-file-parent-id": "13835128424026341376",
        "x-ms-file-permission-key": "7007476287933614363*16083086822043778878",
        "x-ms-request-id": "9cc88f36-001a-0044-099e-ad30e5000000",
        "x-ms-server-encrypted": "true",
        "x-ms-version": "2025-05-05"
      },
      "ResponseBody": null
    },
    {
      "RequestUri": "https://nickliuproductionacc.file.core.windows.net/test-share-3b819868-bcf7-c882-efa8-c665bed6089a/destFolder/pik?restype=directory",
      "RequestMethod": "PUT",
      "RequestHeaders": {
        "Accept": "application/xml",
        "Authorization": "Sanitized",
        "Content-Length": "0",
        "traceparent": "00-148cdc70573fbae2c0e53cf5f92f264d-0d688fc8a5c06a5f-00",
        "User-Agent": "azsdk-net-Storage.Files.Shares/12.23.0-alpha.20250414.1 (.NET 8.0.15; Microsoft Windows 10.0.26100)",
        "x-ms-client-request-id": "Sanitized",
        "x-ms-date": "Tue, 15 Apr 2025 00:39:07 GMT",
        "x-ms-file-attributes": "Directory",
        "x-ms-file-change-time": "2025-04-15T00:39:06.2108175Z",
        "x-ms-file-creation-time": "2025-04-15T00:39:06.2108175Z",
        "x-ms-file-last-write-time": "2025-04-15T00:39:06.2108175Z",
        "x-ms-return-client-request-id": "true",
        "x-ms-version": "2025-05-05"
      },
      "RequestBody": null,
      "StatusCode": 201,
      "ResponseHeaders": {
        "Content-Length": "0",
        "Date": "Tue, 15 Apr 2025 00:39:05 GMT",
        "ETag": "\"0x8DD7BB5EDBFD493\"",
        "Last-Modified": "Tue, 15 Apr 2025 00:39:06 GMT",
        "Server": [
          "Windows-Azure-File/1.0",
          "Microsoft-HTTPAPI/2.0"
        ],
        "x-ms-client-request-id": "Sanitized",
        "x-ms-file-attributes": "Directory",
        "x-ms-file-change-time": "2025-04-15T00:39:06.2108175Z",
        "x-ms-file-creation-time": "2025-04-15T00:39:06.2108175Z",
        "x-ms-file-id": "16140971433240035328",
        "x-ms-file-last-write-time": "2025-04-15T00:39:06.2108175Z",
        "x-ms-file-parent-id": "13835128424026341376",
        "x-ms-file-permission-key": "13252330444922611895*16083086822043778878",
        "x-ms-request-id": "9cc88f37-001a-0044-0a9e-ad30e5000000",
        "x-ms-request-server-encrypted": "true",
        "x-ms-version": "2025-05-05"
      },
      "ResponseBody": null
    },
    {
      "RequestUri": "https://nickliuproductionacc.file.core.windows.net/test-share-b2f3e775-1cec-8aaf-bdc8-f2f8502c7246/sourceFolder/bar?sv=Sanitized&ss=f&srt=sco&se=2025-04-16T00%3A39%3A06Z&sp=rwdxylacuptfi&sig=Sanitized&restype=directory&comp=list&include=Attributes",
      "RequestMethod": "GET",
      "RequestHeaders": {
        "Accept": "application/xml",
        "User-Agent": "azsdk-net-Storage.Files.Shares/12.23.0-alpha.20250414.1 (.NET 8.0.15; Microsoft Windows 10.0.26100)",
        "x-ms-client-request-id": "Sanitized",
        "x-ms-return-client-request-id": "true",
        "x-ms-version": "2025-05-05"
      },
      "RequestBody": null,
      "StatusCode": 200,
      "ResponseHeaders": {
        "Content-Type": "application/xml",
        "Date": "Tue, 15 Apr 2025 00:39:05 GMT",
        "Server": [
          "Windows-Azure-File/1.0",
          "Microsoft-HTTPAPI/2.0"
        ],
        "Transfer-Encoding": "chunked",
        "x-ms-client-request-id": "Sanitized",
        "x-ms-request-id": "9cc88f38-001a-0044-0b9e-ad30e5000000",
        "x-ms-version": "2025-05-05"
      },
      "ResponseBody": "\uFEFF<?xml version=\"1.0\" encoding=\"utf-8\"?><EnumerationResults ServiceEndpoint=\"https://nickliuproductionacc.file.core.windows.net/\" ShareName=\"test-share-b2f3e775-1cec-8aaf-bdc8-f2f8502c7246\" DirectoryPath=\"sourceFolder/bar\"><DirectoryId>10376363910205800448</DirectoryId><Entries><File><Name>item3</Name><FileId>14988049928633188352</FileId><Properties><Content-Length>1024</Content-Length></Properties><Attributes>Archive</Attributes></File></Entries><NextMarker /></EnumerationResults>"
    },
    {
      "RequestUri": "https://nickliuproductionacc.file.core.windows.net/test-share-b2f3e775-1cec-8aaf-bdc8-f2f8502c7246/sourceFolder/item1?sv=Sanitized&ss=f&srt=sco&se=2025-04-16T00%3A39%3A06Z&sp=rwdxylacuptfi&sig=Sanitized",
      "RequestMethod": "HEAD",
      "RequestHeaders": {
        "Accept": "application/xml",
        "traceparent": "00-dd90b683fc88dbc1231bac0737c6e380-21ba098c0a0cd644-00",
        "User-Agent": "azsdk-net-Storage.Files.Shares/12.23.0-alpha.20250414.1 (.NET 8.0.15; Microsoft Windows 10.0.26100)",
        "x-ms-client-request-id": "Sanitized",
        "x-ms-return-client-request-id": "true",
        "x-ms-version": "2025-05-05"
      },
      "RequestBody": null,
      "StatusCode": 200,
      "ResponseHeaders": {
        "Cache-Control": "no-cache",
        "Content-Disposition": "inline",
        "Content-Language": [
          "en-US",
          "en-CA"
        ],
        "Content-Length": "1024",
        "Content-Type": "application/octet-stream",
        "Date": "Tue, 15 Apr 2025 00:39:06 GMT",
        "ETag": "\"0x8DD7BB5ED868E56\"",
        "Last-Modified": "Tue, 15 Apr 2025 00:39:06 GMT",
        "Server": [
          "Windows-Azure-File/1.0",
          "Microsoft-HTTPAPI/2.0"
        ],
        "x-ms-client-request-id": "Sanitized",
        "x-ms-file-attributes": "Archive",
        "x-ms-file-change-time": "2024-04-01T13:30:03.0000000Z",
        "x-ms-file-creation-time": "2024-04-01T09:05:55.0000000Z",
        "x-ms-file-id": "11529285414812647424",
        "x-ms-file-last-write-time": "2024-04-01T12:16:06.0000000Z",
        "x-ms-file-parent-id": "13835128424026341376",
        "x-ms-file-permission-key": "7007476287933614363*16083086822043778878",
        "x-ms-lease-state": "available",
        "x-ms-lease-status": "unlocked",
        "x-ms-meta-Capital": "letter",
        "x-ms-meta-foo": "bar",
        "x-ms-meta-meta": "data",
        "x-ms-meta-UPPER": "case",
        "x-ms-request-id": "f9d001cf-801a-004a-6b9e-ad1955000000",
        "x-ms-server-encrypted": "true",
        "x-ms-type": "File",
        "x-ms-version": "2025-05-05"
      },
      "ResponseBody": null
    },
    {
      "RequestUri": "https://nickliuproductionacc.file.core.windows.net/test-share-b2f3e775-1cec-8aaf-bdc8-f2f8502c7246/sourceFolder/pik?sv=Sanitized&ss=f&srt=sco&se=2025-04-16T00%3A39%3A06Z&sp=rwdxylacuptfi&sig=Sanitized&restype=directory&comp=list&include=Attributes",
      "RequestMethod": "GET",
      "RequestHeaders": {
        "Accept": "application/xml",
        "traceparent": "00-8e390997f464f0934bc099e8eaf40a9d-9437550ae5efc042-00",
        "User-Agent": "azsdk-net-Storage.Files.Shares/12.23.0-alpha.20250414.1 (.NET 8.0.15; Microsoft Windows 10.0.26100)",
        "x-ms-client-request-id": "Sanitized",
        "x-ms-return-client-request-id": "true",
        "x-ms-version": "2025-05-05"
      },
      "RequestBody": null,
      "StatusCode": 200,
      "ResponseHeaders": {
        "Content-Type": "application/xml",
        "Date": "Tue, 15 Apr 2025 00:39:05 GMT",
        "Server": [
          "Windows-Azure-File/1.0",
          "Microsoft-HTTPAPI/2.0"
        ],
        "Transfer-Encoding": "chunked",
        "x-ms-client-request-id": "Sanitized",
        "x-ms-request-id": "9cc88f39-001a-0044-0c9e-ad30e5000000",
        "x-ms-version": "2025-05-05"
      },
      "ResponseBody": "\uFEFF<?xml version=\"1.0\" encoding=\"utf-8\"?><EnumerationResults ServiceEndpoint=\"https://nickliuproductionacc.file.core.windows.net/\" ShareName=\"test-share-b2f3e775-1cec-8aaf-bdc8-f2f8502c7246\" DirectoryPath=\"sourceFolder/pik\"><DirectoryId>12682206919419494400</DirectoryId><Entries><File><Name>item4</Name><FileId>17293892937846882304</FileId><Properties><Content-Length>1024</Content-Length></Properties><Attributes>Archive</Attributes></File></Entries><NextMarker /></EnumerationResults>"
    },
    {
      "RequestUri": "https://nickliuproductionacc.file.core.windows.net/test-share-b2f3e775-1cec-8aaf-bdc8-f2f8502c7246/sourceFolder/item2?sv=Sanitized&ss=f&srt=sco&se=2025-04-16T00%3A39%3A06Z&sp=rwdxylacuptfi&sig=Sanitized",
      "RequestMethod": "HEAD",
      "RequestHeaders": {
        "Accept": "application/xml",
        "traceparent": "00-a5dba6ebed0fb2577557dd4e849c6eda-ab3f44f85281c868-00",
        "User-Agent": "azsdk-net-Storage.Files.Shares/12.23.0-alpha.20250414.1 (.NET 8.0.15; Microsoft Windows 10.0.26100)",
        "x-ms-client-request-id": "Sanitized",
        "x-ms-return-client-request-id": "true",
        "x-ms-version": "2025-05-05"
      },
      "RequestBody": null,
      "StatusCode": 200,
      "ResponseHeaders": {
        "Cache-Control": "no-cache",
        "Content-Disposition": "inline",
        "Content-Language": [
          "en-US",
          "en-CA"
        ],
        "Content-Length": "1024",
        "Content-Type": "application/octet-stream",
        "Date": "Tue, 15 Apr 2025 00:39:05 GMT",
        "ETag": "\"0x8DD7BB5ED8BB89E\"",
        "Last-Modified": "Tue, 15 Apr 2025 00:39:06 GMT",
        "Server": [
          "Windows-Azure-File/1.0",
          "Microsoft-HTTPAPI/2.0"
        ],
        "x-ms-client-request-id": "Sanitized",
        "x-ms-file-attributes": "Archive",
        "x-ms-file-change-time": "2024-04-01T13:30:03.0000000Z",
        "x-ms-file-creation-time": "2024-04-01T09:05:55.0000000Z",
        "x-ms-file-id": "16140971433240035328",
        "x-ms-file-last-write-time": "2024-04-01T12:16:06.0000000Z",
        "x-ms-file-parent-id": "13835128424026341376",
        "x-ms-file-permission-key": "7007476287933614363*16083086822043778878",
        "x-ms-lease-state": "available",
        "x-ms-lease-status": "unlocked",
        "x-ms-meta-Capital": "letter",
        "x-ms-meta-foo": "bar",
        "x-ms-meta-meta": "data",
        "x-ms-meta-UPPER": "case",
        "x-ms-request-id": "7897fd4b-601a-000f-219e-adccb6000000",
        "x-ms-server-encrypted": "true",
        "x-ms-type": "File",
        "x-ms-version": "2025-05-05"
      },
      "ResponseBody": null
    },
    {
      "RequestUri": "https://nickliuproductionacc.file.core.windows.net/test-share-b2f3e775-1cec-8aaf-bdc8-f2f8502c7246/sourceFolder/bar/item3?sv=Sanitized&ss=f&srt=sco&se=2025-04-16T00%3A39%3A06Z&sp=rwdxylacuptfi&sig=Sanitized",
      "RequestMethod": "HEAD",
      "RequestHeaders": {
        "Accept": "application/xml",
        "traceparent": "00-8124bc06c854af92d794434b9578df42-06766fed3d679e33-00",
        "User-Agent": "azsdk-net-Storage.Files.Shares/12.23.0-alpha.20250414.1 (.NET 8.0.15; Microsoft Windows 10.0.26100)",
        "x-ms-client-request-id": "Sanitized",
        "x-ms-return-client-request-id": "true",
        "x-ms-version": "2025-05-05"
      },
      "RequestBody": null,
      "StatusCode": 200,
      "ResponseHeaders": {
        "Cache-Control": "no-cache",
        "Content-Disposition": "inline",
        "Content-Language": [
          "en-US",
          "en-CA"
        ],
        "Content-Length": "1024",
        "Content-Type": "application/octet-stream",
        "Date": "Tue, 15 Apr 2025 00:39:06 GMT",
        "ETag": "\"0x8DD7BB5ED954ADB\"",
        "Last-Modified": "Tue, 15 Apr 2025 00:39:06 GMT",
        "Server": [
          "Windows-Azure-File/1.0",
          "Microsoft-HTTPAPI/2.0"
        ],
        "x-ms-client-request-id": "Sanitized",
        "x-ms-file-attributes": "Archive",
        "x-ms-file-change-time": "2024-04-01T13:30:03.0000000Z",
        "x-ms-file-creation-time": "2024-04-01T09:05:55.0000000Z",
        "x-ms-file-id": "14988049928633188352",
        "x-ms-file-last-write-time": "2024-04-01T12:16:06.0000000Z",
        "x-ms-file-parent-id": "10376363910205800448",
        "x-ms-file-permission-key": "7007476287933614363*16083086822043778878",
        "x-ms-lease-state": "available",
        "x-ms-lease-status": "unlocked",
        "x-ms-meta-Capital": "letter",
        "x-ms-meta-foo": "bar",
        "x-ms-meta-meta": "data",
        "x-ms-meta-UPPER": "case",
        "x-ms-request-id": "f9d001d4-801a-004a-6e9e-ad1955000000",
        "x-ms-server-encrypted": "true",
        "x-ms-type": "File",
        "x-ms-version": "2025-05-05"
      },
      "ResponseBody": null
    },
    {
      "RequestUri": "https://nickliuproductionacc.file.core.windows.net/test-share-b2f3e775-1cec-8aaf-bdc8-f2f8502c7246/sourceFolder/item1?sv=Sanitized&ss=f&srt=sco&se=2025-04-16T00%3A39%3A06Z&sp=rwdxylacuptfi&sig=Sanitized",
      "RequestMethod": "HEAD",
      "RequestHeaders": {
        "Accept": "application/xml",
        "traceparent": "00-c217441e08a578b9eecb2773c151a884-1af41af010e0e5b7-00",
        "User-Agent": "azsdk-net-Storage.Files.Shares/12.23.0-alpha.20250414.1 (.NET 8.0.15; Microsoft Windows 10.0.26100)",
        "x-ms-client-request-id": "Sanitized",
        "x-ms-return-client-request-id": "true",
        "x-ms-version": "2025-05-05"
      },
      "RequestBody": null,
      "StatusCode": 200,
      "ResponseHeaders": {
        "Cache-Control": "no-cache",
        "Content-Disposition": "inline",
        "Content-Language": [
          "en-US",
          "en-CA"
        ],
        "Content-Length": "1024",
        "Content-Type": "application/octet-stream",
        "Date": "Tue, 15 Apr 2025 00:39:06 GMT",
        "ETag": "\"0x8DD7BB5ED868E56\"",
        "Last-Modified": "Tue, 15 Apr 2025 00:39:06 GMT",
        "Server": [
          "Windows-Azure-File/1.0",
          "Microsoft-HTTPAPI/2.0"
        ],
        "x-ms-client-request-id": "Sanitized",
        "x-ms-file-attributes": "Archive",
        "x-ms-file-change-time": "2024-04-01T13:30:03.0000000Z",
        "x-ms-file-creation-time": "2024-04-01T09:05:55.0000000Z",
        "x-ms-file-id": "11529285414812647424",
        "x-ms-file-last-write-time": "2024-04-01T12:16:06.0000000Z",
        "x-ms-file-parent-id": "13835128424026341376",
        "x-ms-file-permission-key": "7007476287933614363*16083086822043778878",
        "x-ms-lease-state": "available",
        "x-ms-lease-status": "unlocked",
        "x-ms-meta-Capital": "letter",
        "x-ms-meta-foo": "bar",
        "x-ms-meta-meta": "data",
        "x-ms-meta-UPPER": "case",
        "x-ms-request-id": "81949f98-b01a-0051-689e-ad2756000000",
        "x-ms-server-encrypted": "true",
        "x-ms-type": "File",
        "x-ms-version": "2025-05-05"
      },
      "ResponseBody": null
    },
    {
      "RequestUri": "https://nickliuproductionacc.file.core.windows.net/test-share-b2f3e775-1cec-8aaf-bdc8-f2f8502c7246/sourceFolder/pik/item4?sv=Sanitized&ss=f&srt=sco&se=2025-04-16T00%3A39%3A06Z&sp=rwdxylacuptfi&sig=Sanitized",
      "RequestMethod": "HEAD",
      "RequestHeaders": {
        "Accept": "application/xml",
        "traceparent": "00-ca8131c51fc8b670d75e15a4490c0b2b-3c17451895e1bc7e-00",
        "User-Agent": "azsdk-net-Storage.Files.Shares/12.23.0-alpha.20250414.1 (.NET 8.0.15; Microsoft Windows 10.0.26100)",
        "x-ms-client-request-id": "Sanitized",
        "x-ms-return-client-request-id": "true",
        "x-ms-version": "2025-05-05"
      },
      "RequestBody": null,
      "StatusCode": 200,
      "ResponseHeaders": {
        "Cache-Control": "no-cache",
        "Content-Disposition": "inline",
        "Content-Language": [
          "en-US",
          "en-CA"
        ],
        "Content-Length": "1024",
        "Content-Type": "application/octet-stream",
        "Date": "Tue, 15 Apr 2025 00:39:05 GMT",
        "ETag": "\"0x8DD7BB5ED9F2ACB\"",
        "Last-Modified": "Tue, 15 Apr 2025 00:39:06 GMT",
        "Server": [
          "Windows-Azure-File/1.0",
          "Microsoft-HTTPAPI/2.0"
        ],
        "x-ms-client-request-id": "Sanitized",
        "x-ms-file-attributes": "Archive",
        "x-ms-file-change-time": "2024-04-01T13:30:03.0000000Z",
        "x-ms-file-creation-time": "2024-04-01T09:05:55.0000000Z",
        "x-ms-file-id": "17293892937846882304",
        "x-ms-file-last-write-time": "2024-04-01T12:16:06.0000000Z",
        "x-ms-file-parent-id": "12682206919419494400",
        "x-ms-file-permission-key": "7007476287933614363*16083086822043778878",
        "x-ms-lease-state": "available",
        "x-ms-lease-status": "unlocked",
        "x-ms-meta-Capital": "letter",
        "x-ms-meta-foo": "bar",
        "x-ms-meta-meta": "data",
        "x-ms-meta-UPPER": "case",
        "x-ms-request-id": "7897fd52-601a-000f-259e-adccb6000000",
        "x-ms-server-encrypted": "true",
        "x-ms-type": "File",
        "x-ms-version": "2025-05-05"
      },
      "ResponseBody": null
    },
    {
      "RequestUri": "https://nickliuproductionacc.file.core.windows.net/test-share-3b819868-bcf7-c882-efa8-c665bed6089a/destFolder/item1",
      "RequestMethod": "HEAD",
      "RequestHeaders": {
        "Accept": "application/xml",
        "Authorization": "Sanitized",
        "traceparent": "00-7a791e5378632e8828adecbdb3aee651-d0fcc98ac9edc2a4-00",
        "User-Agent": "azsdk-net-Storage.Files.Shares/12.23.0-alpha.20250414.1 (.NET 8.0.15; Microsoft Windows 10.0.26100)",
        "x-ms-client-request-id": "Sanitized",
        "x-ms-date": "Tue, 15 Apr 2025 00:39:07 GMT",
        "x-ms-return-client-request-id": "true",
        "x-ms-version": "2025-05-05"
      },
      "RequestBody": null,
      "StatusCode": 404,
      "ResponseHeaders": {
        "Date": "Tue, 15 Apr 2025 00:39:06 GMT",
        "Server": [
          "Windows-Azure-File/1.0",
          "Microsoft-HTTPAPI/2.0"
        ],
        "Transfer-Encoding": "chunked",
        "x-ms-client-request-id": "Sanitized",
        "x-ms-error-code": "ResourceNotFound",
        "x-ms-request-id": "81949f9c-b01a-0051-699e-ad2756000000",
        "x-ms-version": "2025-05-05"
      },
      "ResponseBody": null
    },
    {
      "RequestUri": "https://nickliuproductionacc.file.core.windows.net/test-share-3b819868-bcf7-c882-efa8-c665bed6089a/destFolder/item1",
      "RequestMethod": "PUT",
      "RequestHeaders": {
        "Accept": "application/xml",
        "Authorization": "Sanitized",
        "Content-Length": "0",
        "traceparent": "00-7882a2bacdcfd9da18a186b2aab418e8-7b7254dea3ae2e7c-00",
        "User-Agent": "azsdk-net-Storage.Files.Shares/12.23.0-alpha.20250414.1 (.NET 8.0.15; Microsoft Windows 10.0.26100)",
        "x-ms-cache-control": "no-cache",
        "x-ms-client-request-id": "Sanitized",
        "x-ms-content-disposition": "inline",
        "x-ms-content-language": "en-US,en-CA",
        "x-ms-content-length": "1024",
        "x-ms-content-type": "application/octet-stream",
        "x-ms-date": "Tue, 15 Apr 2025 00:39:07 GMT",
        "x-ms-file-attributes": "Archive",
        "x-ms-file-change-time": "2024-04-01T13:30:03.0000000Z",
        "x-ms-file-creation-time": "2024-04-01T09:05:55.0000000Z",
        "x-ms-file-last-write-time": "2024-04-01T12:16:06.0000000Z",
        "x-ms-meta-Capital": "letter",
        "x-ms-meta-foo": "bar",
        "x-ms-meta-meta": "data",
        "x-ms-meta-UPPER": "case",
        "x-ms-return-client-request-id": "true",
        "x-ms-type": "file",
        "x-ms-version": "2025-05-05"
      },
      "RequestBody": null,
      "StatusCode": 201,
      "ResponseHeaders": {
        "Content-Length": "0",
        "Date": "Tue, 15 Apr 2025 00:39:06 GMT",
        "ETag": "\"0x8DD7BB5EDD9F605\"",
        "Last-Modified": "Tue, 15 Apr 2025 00:39:06 GMT",
        "Server": [
          "Windows-Azure-File/1.0",
          "Microsoft-HTTPAPI/2.0"
        ],
        "x-ms-client-request-id": "Sanitized",
        "x-ms-file-attributes": "Archive",
        "x-ms-file-change-time": "2024-04-01T13:30:03.0000000Z",
        "x-ms-file-creation-time": "2024-04-01T09:05:55.0000000Z",
        "x-ms-file-id": "13835093239654252544",
        "x-ms-file-last-write-time": "2024-04-01T12:16:06.0000000Z",
        "x-ms-file-parent-id": "13835128424026341376",
        "x-ms-file-permission-key": "8616074386732128176*16083086822043778878",
        "x-ms-request-id": "81949f9e-b01a-0051-6a9e-ad2756000000",
        "x-ms-request-server-encrypted": "true",
        "x-ms-version": "2025-05-05"
      },
      "ResponseBody": null
    },
    {
      "RequestUri": "https://nickliuproductionacc.file.core.windows.net/test-share-3b819868-bcf7-c882-efa8-c665bed6089a/destFolder/item1?comp=range",
      "RequestMethod": "PUT",
      "RequestHeaders": {
        "Accept": "application/xml",
        "Authorization": "Sanitized",
        "Content-Length": "0",
        "traceparent": "00-60b0f9e73981fb6ecdad5c5e5cd3bdc5-05fe41743adbcfc7-00",
        "User-Agent": "azsdk-net-Storage.Files.Shares/12.23.0-alpha.20250414.1 (.NET 8.0.15; Microsoft Windows 10.0.26100)",
        "x-ms-client-request-id": "Sanitized",
        "x-ms-copy-source": "https://nickliuproductionacc.file.core.windows.net/test-share-b2f3e775-1cec-8aaf-bdc8-f2f8502c7246/sourceFolder/item1?sv=sanitized-value&ss=f&srt=sco&se=2025-04-16T00%3A39%3A06Z&sp=rwdxylacuptfi&sig=Sanitized",
        "x-ms-date": "Tue, 15 Apr 2025 00:39:07 GMT",
        "x-ms-file-last-write-time": "Preserve",
        "x-ms-range": "bytes=0-1023",
        "x-ms-return-client-request-id": "true",
        "x-ms-source-range": "bytes=0-1023",
        "x-ms-version": "2025-05-05",
        "x-ms-write": "update"
      },
      "RequestBody": null,
      "StatusCode": 201,
      "ResponseHeaders": {
        "Content-Length": "0",
        "Date": "Tue, 15 Apr 2025 00:39:06 GMT",
        "ETag": "\"0x8DD7BB5EDE1DC65\"",
        "Last-Modified": "Tue, 15 Apr 2025 00:39:06 GMT",
        "Server": [
          "Windows-Azure-File/1.0",
          "Microsoft-HTTPAPI/2.0"
        ],
        "x-ms-client-request-id": "Sanitized",
        "x-ms-content-crc64": "iknlm7CyG2k=",
        "x-ms-file-last-write-time": "2024-04-01T12:16:06.0000000Z",
        "x-ms-request-id": "81949f9f-b01a-0051-6b9e-ad2756000000",
        "x-ms-request-server-encrypted": "true",
        "x-ms-version": "2025-05-05"
      },
      "ResponseBody": null
    },
    {
      "RequestUri": "https://nickliuproductionacc.file.core.windows.net/test-share-3b819868-bcf7-c882-efa8-c665bed6089a/destFolder/item1?comp=properties",
      "RequestMethod": "PUT",
      "RequestHeaders": {
        "Accept": "application/xml",
        "Authorization": "Sanitized",
        "Content-Length": "0",
        "traceparent": "00-48b6f4e0cde50eeceb36f6484757a77c-fc770a6a84ccf468-00",
        "User-Agent": "azsdk-net-Storage.Files.Shares/12.23.0-alpha.20250414.1 (.NET 8.0.15; Microsoft Windows 10.0.26100)",
        "x-ms-cache-control": "no-cache",
        "x-ms-client-request-id": "Sanitized",
        "x-ms-content-disposition": "inline",
        "x-ms-content-language": "en-US,en-CA",
        "x-ms-content-type": "application/octet-stream",
        "x-ms-date": "Tue, 15 Apr 2025 00:39:07 GMT",
        "x-ms-file-attributes": "Archive",
        "x-ms-file-change-time": "2024-04-01T13:30:03.0000000Z",
        "x-ms-file-creation-time": "2024-04-01T09:05:55.0000000Z",
        "x-ms-file-last-write-time": "2024-04-01T12:16:06.0000000Z",
        "x-ms-return-client-request-id": "true",
        "x-ms-version": "2025-05-05"
      },
      "RequestBody": null,
      "StatusCode": 200,
      "ResponseHeaders": {
        "Content-Length": "0",
        "Date": "Tue, 15 Apr 2025 00:39:06 GMT",
        "ETag": "\"0x8DD7BB5EDE5F678\"",
        "Last-Modified": "Tue, 15 Apr 2025 00:39:06 GMT",
        "Server": [
          "Windows-Azure-File/1.0",
          "Microsoft-HTTPAPI/2.0"
        ],
        "x-ms-client-request-id": "Sanitized",
        "x-ms-file-attributes": "Archive",
        "x-ms-file-change-time": "2024-04-01T13:30:03.0000000Z",
        "x-ms-file-creation-time": "2024-04-01T09:05:55.0000000Z",
        "x-ms-file-id": "13835093239654252544",
        "x-ms-file-last-write-time": "2024-04-01T12:16:06.0000000Z",
        "x-ms-file-parent-id": "13835128424026341376",
        "x-ms-file-permission-key": "8616074386732128176*16083086822043778878",
        "x-ms-request-id": "81949fa0-b01a-0051-6c9e-ad2756000000",
        "x-ms-request-server-encrypted": "true",
        "x-ms-version": "2025-05-05"
      },
      "ResponseBody": null
    },
    {
      "RequestUri": "https://nickliuproductionacc.file.core.windows.net/test-share-b2f3e775-1cec-8aaf-bdc8-f2f8502c7246/sourceFolder/item2?sv=Sanitized&ss=f&srt=sco&se=2025-04-16T00%3A39%3A06Z&sp=rwdxylacuptfi&sig=Sanitized",
      "RequestMethod": "HEAD",
      "RequestHeaders": {
        "Accept": "application/xml",
        "traceparent": "00-7395febb50ca18d16cd5781d4bfb0e85-0aba940d032c58a1-00",
        "User-Agent": "azsdk-net-Storage.Files.Shares/12.23.0-alpha.20250414.1 (.NET 8.0.15; Microsoft Windows 10.0.26100)",
        "x-ms-client-request-id": "Sanitized",
        "x-ms-return-client-request-id": "true",
        "x-ms-version": "2025-05-05"
      },
      "RequestBody": null,
      "StatusCode": 200,
      "ResponseHeaders": {
        "Cache-Control": "no-cache",
        "Content-Disposition": "inline",
        "Content-Language": [
          "en-US",
          "en-CA"
        ],
        "Content-Length": "1024",
        "Content-Type": "application/octet-stream",
        "Date": "Tue, 15 Apr 2025 00:39:06 GMT",
        "ETag": "\"0x8DD7BB5ED8BB89E\"",
        "Last-Modified": "Tue, 15 Apr 2025 00:39:06 GMT",
        "Server": [
          "Windows-Azure-File/1.0",
          "Microsoft-HTTPAPI/2.0"
        ],
        "x-ms-client-request-id": "Sanitized",
        "x-ms-file-attributes": "Archive",
        "x-ms-file-change-time": "2024-04-01T13:30:03.0000000Z",
        "x-ms-file-creation-time": "2024-04-01T09:05:55.0000000Z",
        "x-ms-file-id": "16140971433240035328",
        "x-ms-file-last-write-time": "2024-04-01T12:16:06.0000000Z",
        "x-ms-file-parent-id": "13835128424026341376",
        "x-ms-file-permission-key": "7007476287933614363*16083086822043778878",
        "x-ms-lease-state": "available",
        "x-ms-lease-status": "unlocked",
        "x-ms-meta-Capital": "letter",
        "x-ms-meta-foo": "bar",
        "x-ms-meta-meta": "data",
        "x-ms-meta-UPPER": "case",
        "x-ms-request-id": "81949fa1-b01a-0051-6d9e-ad2756000000",
        "x-ms-server-encrypted": "true",
        "x-ms-type": "File",
        "x-ms-version": "2025-05-05"
      },
      "ResponseBody": null
    },
    {
      "RequestUri": "https://nickliuproductionacc.file.core.windows.net/test-share-3b819868-bcf7-c882-efa8-c665bed6089a/destFolder/item2",
      "RequestMethod": "HEAD",
      "RequestHeaders": {
        "Accept": "application/xml",
        "Authorization": "Sanitized",
        "traceparent": "00-513307480e980eaf0f77afbed03e9e98-0721e566b8db7285-00",
        "User-Agent": "azsdk-net-Storage.Files.Shares/12.23.0-alpha.20250414.1 (.NET 8.0.15; Microsoft Windows 10.0.26100)",
        "x-ms-client-request-id": "Sanitized",
        "x-ms-date": "Tue, 15 Apr 2025 00:39:07 GMT",
        "x-ms-return-client-request-id": "true",
        "x-ms-version": "2025-05-05"
      },
      "RequestBody": null,
      "StatusCode": 404,
      "ResponseHeaders": {
        "Date": "Tue, 15 Apr 2025 00:39:06 GMT",
        "Server": [
          "Windows-Azure-File/1.0",
          "Microsoft-HTTPAPI/2.0"
        ],
        "Transfer-Encoding": "chunked",
        "x-ms-client-request-id": "Sanitized",
        "x-ms-error-code": "ResourceNotFound",
        "x-ms-request-id": "81949fa2-b01a-0051-6e9e-ad2756000000",
        "x-ms-version": "2025-05-05"
      },
      "ResponseBody": null
    },
    {
      "RequestUri": "https://nickliuproductionacc.file.core.windows.net/test-share-3b819868-bcf7-c882-efa8-c665bed6089a/destFolder/item2",
      "RequestMethod": "PUT",
      "RequestHeaders": {
        "Accept": "application/xml",
        "Authorization": "Sanitized",
        "Content-Length": "0",
        "traceparent": "00-afacd5dcf78c072b75b2b60c5a42aab2-8b84a02ae8efa784-00",
        "User-Agent": "azsdk-net-Storage.Files.Shares/12.23.0-alpha.20250414.1 (.NET 8.0.15; Microsoft Windows 10.0.26100)",
        "x-ms-cache-control": "no-cache",
        "x-ms-client-request-id": "Sanitized",
        "x-ms-content-disposition": "inline",
        "x-ms-content-language": "en-US,en-CA",
        "x-ms-content-length": "1024",
        "x-ms-content-type": "application/octet-stream",
        "x-ms-date": "Tue, 15 Apr 2025 00:39:07 GMT",
        "x-ms-file-attributes": "Archive",
        "x-ms-file-change-time": "2024-04-01T13:30:03.0000000Z",
        "x-ms-file-creation-time": "2024-04-01T09:05:55.0000000Z",
        "x-ms-file-last-write-time": "2024-04-01T12:16:06.0000000Z",
        "x-ms-meta-Capital": "letter",
        "x-ms-meta-foo": "bar",
        "x-ms-meta-meta": "data",
        "x-ms-meta-UPPER": "case",
        "x-ms-return-client-request-id": "true",
        "x-ms-type": "file",
        "x-ms-version": "2025-05-05"
      },
      "RequestBody": null,
      "StatusCode": 201,
      "ResponseHeaders": {
        "Content-Length": "0",
        "Date": "Tue, 15 Apr 2025 00:39:06 GMT",
        "ETag": "\"0x8DD7BB5EDF46536\"",
        "Last-Modified": "Tue, 15 Apr 2025 00:39:06 GMT",
        "Server": [
          "Windows-Azure-File/1.0",
          "Microsoft-HTTPAPI/2.0"
        ],
        "x-ms-client-request-id": "Sanitized",
        "x-ms-file-attributes": "Archive",
        "x-ms-file-change-time": "2024-04-01T13:30:03.0000000Z",
        "x-ms-file-creation-time": "2024-04-01T09:05:55.0000000Z",
        "x-ms-file-id": "11529250230440558592",
        "x-ms-file-last-write-time": "2024-04-01T12:16:06.0000000Z",
        "x-ms-file-parent-id": "13835128424026341376",
        "x-ms-file-permission-key": "8616074386732128176*16083086822043778878",
        "x-ms-request-id": "81949fa3-b01a-0051-6f9e-ad2756000000",
        "x-ms-request-server-encrypted": "true",
        "x-ms-version": "2025-05-05"
      },
      "ResponseBody": null
    },
    {
      "RequestUri": "https://nickliuproductionacc.file.core.windows.net/test-share-3b819868-bcf7-c882-efa8-c665bed6089a/destFolder/item2?comp=range",
      "RequestMethod": "PUT",
      "RequestHeaders": {
        "Accept": "application/xml",
        "Authorization": "Sanitized",
        "Content-Length": "0",
        "traceparent": "00-116552dc1c5c822b158a4bafc60424ac-fd5390350ce019a6-00",
        "User-Agent": "azsdk-net-Storage.Files.Shares/12.23.0-alpha.20250414.1 (.NET 8.0.15; Microsoft Windows 10.0.26100)",
        "x-ms-client-request-id": "Sanitized",
        "x-ms-copy-source": "https://nickliuproductionacc.file.core.windows.net/test-share-b2f3e775-1cec-8aaf-bdc8-f2f8502c7246/sourceFolder/item2?sv=sanitized-value&ss=f&srt=sco&se=2025-04-16T00%3A39%3A06Z&sp=rwdxylacuptfi&sig=Sanitized",
        "x-ms-date": "Tue, 15 Apr 2025 00:39:07 GMT",
        "x-ms-file-last-write-time": "Preserve",
        "x-ms-range": "bytes=0-1023",
        "x-ms-return-client-request-id": "true",
        "x-ms-source-range": "bytes=0-1023",
        "x-ms-version": "2025-05-05",
        "x-ms-write": "update"
      },
      "RequestBody": null,
      "StatusCode": 201,
      "ResponseHeaders": {
        "Content-Length": "0",
        "Date": "Tue, 15 Apr 2025 00:39:06 GMT",
        "ETag": "\"0x8DD7BB5EE0BA3AC\"",
        "Last-Modified": "Tue, 15 Apr 2025 00:39:06 GMT",
        "Server": [
          "Windows-Azure-File/1.0",
          "Microsoft-HTTPAPI/2.0"
        ],
        "x-ms-client-request-id": "Sanitized",
        "x-ms-content-crc64": "iknlm7CyG2k=",
        "x-ms-file-last-write-time": "2024-04-01T12:16:06.0000000Z",
        "x-ms-request-id": "81949fa4-b01a-0051-709e-ad2756000000",
        "x-ms-request-server-encrypted": "true",
        "x-ms-version": "2025-05-05"
      },
      "ResponseBody": null
    },
    {
      "RequestUri": "https://nickliuproductionacc.file.core.windows.net/test-share-3b819868-bcf7-c882-efa8-c665bed6089a/destFolder/item2?comp=properties",
      "RequestMethod": "PUT",
      "RequestHeaders": {
        "Accept": "application/xml",
        "Authorization": "Sanitized",
        "Content-Length": "0",
        "traceparent": "00-a6c5e0bd1ec256c8630db69c7fbb77d9-e04963ffa33e1396-00",
        "User-Agent": "azsdk-net-Storage.Files.Shares/12.23.0-alpha.20250414.1 (.NET 8.0.15; Microsoft Windows 10.0.26100)",
        "x-ms-cache-control": "no-cache",
        "x-ms-client-request-id": "Sanitized",
        "x-ms-content-disposition": "inline",
        "x-ms-content-language": "en-US,en-CA",
        "x-ms-content-type": "application/octet-stream",
        "x-ms-date": "Tue, 15 Apr 2025 00:39:07 GMT",
        "x-ms-file-attributes": "Archive",
        "x-ms-file-change-time": "2024-04-01T13:30:03.0000000Z",
        "x-ms-file-creation-time": "2024-04-01T09:05:55.0000000Z",
        "x-ms-file-last-write-time": "2024-04-01T12:16:06.0000000Z",
        "x-ms-return-client-request-id": "true",
        "x-ms-version": "2025-05-05"
      },
      "RequestBody": null,
      "StatusCode": 200,
      "ResponseHeaders": {
        "Content-Length": "0",
        "Date": "Tue, 15 Apr 2025 00:39:06 GMT",
        "ETag": "\"0x8DD7BB5EE0FBDC5\"",
        "Last-Modified": "Tue, 15 Apr 2025 00:39:06 GMT",
        "Server": [
          "Windows-Azure-File/1.0",
          "Microsoft-HTTPAPI/2.0"
        ],
        "x-ms-client-request-id": "Sanitized",
        "x-ms-file-attributes": "Archive",
        "x-ms-file-change-time": "2024-04-01T13:30:03.0000000Z",
        "x-ms-file-creation-time": "2024-04-01T09:05:55.0000000Z",
        "x-ms-file-id": "11529250230440558592",
        "x-ms-file-last-write-time": "2024-04-01T12:16:06.0000000Z",
        "x-ms-file-parent-id": "13835128424026341376",
        "x-ms-file-permission-key": "8616074386732128176*16083086822043778878",
        "x-ms-request-id": "81949fa5-b01a-0051-719e-ad2756000000",
        "x-ms-request-server-encrypted": "true",
        "x-ms-version": "2025-05-05"
      },
      "ResponseBody": null
    },
    {
      "RequestUri": "https://nickliuproductionacc.file.core.windows.net/test-share-b2f3e775-1cec-8aaf-bdc8-f2f8502c7246/sourceFolder/bar/item3?sv=Sanitized&ss=f&srt=sco&se=2025-04-16T00%3A39%3A06Z&sp=rwdxylacuptfi&sig=Sanitized",
      "RequestMethod": "HEAD",
      "RequestHeaders": {
        "Accept": "application/xml",
        "traceparent": "00-9f438990044e4bc92b8536cf0f57cc39-48a207dd9d649222-00",
        "User-Agent": "azsdk-net-Storage.Files.Shares/12.23.0-alpha.20250414.1 (.NET 8.0.15; Microsoft Windows 10.0.26100)",
        "x-ms-client-request-id": "Sanitized",
        "x-ms-return-client-request-id": "true",
        "x-ms-version": "2025-05-05"
      },
      "RequestBody": null,
      "StatusCode": 200,
      "ResponseHeaders": {
        "Cache-Control": "no-cache",
        "Content-Disposition": "inline",
        "Content-Language": [
          "en-US",
          "en-CA"
        ],
        "Content-Length": "1024",
        "Content-Type": "application/octet-stream",
        "Date": "Tue, 15 Apr 2025 00:39:06 GMT",
        "ETag": "\"0x8DD7BB5ED954ADB\"",
        "Last-Modified": "Tue, 15 Apr 2025 00:39:06 GMT",
        "Server": [
          "Windows-Azure-File/1.0",
          "Microsoft-HTTPAPI/2.0"
        ],
        "x-ms-client-request-id": "Sanitized",
        "x-ms-file-attributes": "Archive",
        "x-ms-file-change-time": "2024-04-01T13:30:03.0000000Z",
        "x-ms-file-creation-time": "2024-04-01T09:05:55.0000000Z",
        "x-ms-file-id": "14988049928633188352",
        "x-ms-file-last-write-time": "2024-04-01T12:16:06.0000000Z",
        "x-ms-file-parent-id": "10376363910205800448",
        "x-ms-file-permission-key": "7007476287933614363*16083086822043778878",
        "x-ms-lease-state": "available",
        "x-ms-lease-status": "unlocked",
        "x-ms-meta-Capital": "letter",
        "x-ms-meta-foo": "bar",
        "x-ms-meta-meta": "data",
        "x-ms-meta-UPPER": "case",
        "x-ms-request-id": "81949fa6-b01a-0051-729e-ad2756000000",
        "x-ms-server-encrypted": "true",
        "x-ms-type": "File",
        "x-ms-version": "2025-05-05"
      },
      "ResponseBody": null
    },
    {
      "RequestUri": "https://nickliuproductionacc.file.core.windows.net/test-share-3b819868-bcf7-c882-efa8-c665bed6089a/destFolder/bar/item3",
      "RequestMethod": "HEAD",
      "RequestHeaders": {
        "Accept": "application/xml",
        "Authorization": "Sanitized",
        "traceparent": "00-868ed35e6b950d6348eb88255fcb4468-9e04f8a682844ce5-00",
        "User-Agent": "azsdk-net-Storage.Files.Shares/12.23.0-alpha.20250414.1 (.NET 8.0.15; Microsoft Windows 10.0.26100)",
        "x-ms-client-request-id": "Sanitized",
        "x-ms-date": "Tue, 15 Apr 2025 00:39:07 GMT",
        "x-ms-return-client-request-id": "true",
        "x-ms-version": "2025-05-05"
      },
      "RequestBody": null,
      "StatusCode": 404,
      "ResponseHeaders": {
        "Date": "Tue, 15 Apr 2025 00:39:06 GMT",
        "Server": [
          "Windows-Azure-File/1.0",
          "Microsoft-HTTPAPI/2.0"
        ],
        "Transfer-Encoding": "chunked",
        "x-ms-client-request-id": "Sanitized",
        "x-ms-error-code": "ResourceNotFound",
        "x-ms-request-id": "81949fa7-b01a-0051-739e-ad2756000000",
        "x-ms-version": "2025-05-05"
      },
      "ResponseBody": null
    },
    {
      "RequestUri": "https://nickliuproductionacc.file.core.windows.net/test-share-3b819868-bcf7-c882-efa8-c665bed6089a/destFolder/bar/item3",
      "RequestMethod": "PUT",
      "RequestHeaders": {
        "Accept": "application/xml",
        "Authorization": "Sanitized",
        "Content-Length": "0",
        "traceparent": "00-74b96317070e0fde24adc1e71dcf0b8b-0fd7dcd05ee7bd1f-00",
        "User-Agent": "azsdk-net-Storage.Files.Shares/12.23.0-alpha.20250414.1 (.NET 8.0.15; Microsoft Windows 10.0.26100)",
        "x-ms-cache-control": "no-cache",
        "x-ms-client-request-id": "Sanitized",
        "x-ms-content-disposition": "inline",
        "x-ms-content-language": "en-US,en-CA",
        "x-ms-content-length": "1024",
        "x-ms-content-type": "application/octet-stream",
        "x-ms-date": "Tue, 15 Apr 2025 00:39:07 GMT",
        "x-ms-file-attributes": "Archive",
        "x-ms-file-change-time": "2024-04-01T13:30:03.0000000Z",
        "x-ms-file-creation-time": "2024-04-01T09:05:55.0000000Z",
        "x-ms-file-last-write-time": "2024-04-01T12:16:06.0000000Z",
        "x-ms-meta-Capital": "letter",
        "x-ms-meta-foo": "bar",
        "x-ms-meta-meta": "data",
        "x-ms-meta-UPPER": "case",
        "x-ms-return-client-request-id": "true",
        "x-ms-type": "file",
        "x-ms-version": "2025-05-05"
      },
      "RequestBody": null,
      "StatusCode": 201,
      "ResponseHeaders": {
        "Content-Length": "0",
        "Date": "Tue, 15 Apr 2025 00:39:06 GMT",
        "ETag": "\"0x8DD7BB5EE24671A\"",
        "Last-Modified": "Tue, 15 Apr 2025 00:39:07 GMT",
        "Server": [
          "Windows-Azure-File/1.0",
          "Microsoft-HTTPAPI/2.0"
        ],
        "x-ms-client-request-id": "Sanitized",
        "x-ms-file-attributes": "Archive",
        "x-ms-file-change-time": "2024-04-01T13:30:03.0000000Z",
        "x-ms-file-creation-time": "2024-04-01T09:05:55.0000000Z",
        "x-ms-file-id": "16140936248867946496",
        "x-ms-file-last-write-time": "2024-04-01T12:16:06.0000000Z",
        "x-ms-file-parent-id": "11529285414812647424",
        "x-ms-file-permission-key": "8616074386732128176*16083086822043778878",
        "x-ms-request-id": "81949fa8-b01a-0051-749e-ad2756000000",
        "x-ms-request-server-encrypted": "true",
        "x-ms-version": "2025-05-05"
      },
      "ResponseBody": null
    },
    {
      "RequestUri": "https://nickliuproductionacc.file.core.windows.net/test-share-3b819868-bcf7-c882-efa8-c665bed6089a/destFolder/bar/item3?comp=range",
      "RequestMethod": "PUT",
      "RequestHeaders": {
        "Accept": "application/xml",
        "Authorization": "Sanitized",
        "Content-Length": "0",
        "traceparent": "00-65cc40a84284d8afdd75ac5f0193b10e-a95f4050fc80f8b5-00",
        "User-Agent": "azsdk-net-Storage.Files.Shares/12.23.0-alpha.20250414.1 (.NET 8.0.15; Microsoft Windows 10.0.26100)",
        "x-ms-client-request-id": "Sanitized",
        "x-ms-copy-source": "https://nickliuproductionacc.file.core.windows.net/test-share-b2f3e775-1cec-8aaf-bdc8-f2f8502c7246/sourceFolder/bar/item3?sv=sanitized-value&ss=f&srt=sco&se=2025-04-16T00%3A39%3A06Z&sp=rwdxylacuptfi&sig=Sanitized",
        "x-ms-date": "Tue, 15 Apr 2025 00:39:07 GMT",
        "x-ms-file-last-write-time": "Preserve",
        "x-ms-range": "bytes=0-1023",
        "x-ms-return-client-request-id": "true",
        "x-ms-source-range": "bytes=0-1023",
        "x-ms-version": "2025-05-05",
        "x-ms-write": "update"
      },
      "RequestBody": null,
      "StatusCode": 201,
      "ResponseHeaders": {
        "Content-Length": "0",
        "Date": "Tue, 15 Apr 2025 00:39:06 GMT",
        "ETag": "\"0x8DD7BB5EE2AC896\"",
        "Last-Modified": "Tue, 15 Apr 2025 00:39:07 GMT",
        "Server": [
          "Windows-Azure-File/1.0",
          "Microsoft-HTTPAPI/2.0"
        ],
        "x-ms-client-request-id": "Sanitized",
        "x-ms-content-crc64": "iknlm7CyG2k=",
        "x-ms-file-last-write-time": "2024-04-01T12:16:06.0000000Z",
        "x-ms-request-id": "81949fa9-b01a-0051-759e-ad2756000000",
        "x-ms-request-server-encrypted": "true",
        "x-ms-version": "2025-05-05"
      },
      "ResponseBody": null
    },
    {
      "RequestUri": "https://nickliuproductionacc.file.core.windows.net/test-share-3b819868-bcf7-c882-efa8-c665bed6089a/destFolder/bar/item3?comp=properties",
      "RequestMethod": "PUT",
      "RequestHeaders": {
        "Accept": "application/xml",
        "Authorization": "Sanitized",
        "Content-Length": "0",
        "traceparent": "00-6d089cd9d01b96510fcf0db36b3b37af-19ef7abc55434b1d-00",
        "User-Agent": "azsdk-net-Storage.Files.Shares/12.23.0-alpha.20250414.1 (.NET 8.0.15; Microsoft Windows 10.0.26100)",
        "x-ms-cache-control": "no-cache",
        "x-ms-client-request-id": "Sanitized",
        "x-ms-content-disposition": "inline",
        "x-ms-content-language": "en-US,en-CA",
        "x-ms-content-type": "application/octet-stream",
        "x-ms-date": "Tue, 15 Apr 2025 00:39:07 GMT",
        "x-ms-file-attributes": "Archive",
        "x-ms-file-change-time": "2024-04-01T13:30:03.0000000Z",
        "x-ms-file-creation-time": "2024-04-01T09:05:55.0000000Z",
        "x-ms-file-last-write-time": "2024-04-01T12:16:06.0000000Z",
        "x-ms-return-client-request-id": "true",
        "x-ms-version": "2025-05-05"
      },
      "RequestBody": null,
      "StatusCode": 200,
      "ResponseHeaders": {
        "Content-Length": "0",
        "Date": "Tue, 15 Apr 2025 00:39:06 GMT",
        "ETag": "\"0x8DD7BB5EE2F3072\"",
        "Last-Modified": "Tue, 15 Apr 2025 00:39:07 GMT",
        "Server": [
          "Windows-Azure-File/1.0",
          "Microsoft-HTTPAPI/2.0"
        ],
        "x-ms-client-request-id": "Sanitized",
        "x-ms-file-attributes": "Archive",
        "x-ms-file-change-time": "2024-04-01T13:30:03.0000000Z",
        "x-ms-file-creation-time": "2024-04-01T09:05:55.0000000Z",
        "x-ms-file-id": "16140936248867946496",
        "x-ms-file-last-write-time": "2024-04-01T12:16:06.0000000Z",
        "x-ms-file-parent-id": "11529285414812647424",
        "x-ms-file-permission-key": "8616074386732128176*16083086822043778878",
        "x-ms-request-id": "81949faa-b01a-0051-769e-ad2756000000",
        "x-ms-request-server-encrypted": "true",
        "x-ms-version": "2025-05-05"
      },
      "ResponseBody": null
    },
    {
      "RequestUri": "https://nickliuproductionacc.file.core.windows.net/test-share-b2f3e775-1cec-8aaf-bdc8-f2f8502c7246/sourceFolder/pik/item4?sv=Sanitized&ss=f&srt=sco&se=2025-04-16T00%3A39%3A06Z&sp=rwdxylacuptfi&sig=Sanitized",
      "RequestMethod": "HEAD",
      "RequestHeaders": {
        "Accept": "application/xml",
        "traceparent": "00-685430e706d4797a9d864100988d5997-0c8a4eb8c521dce6-00",
        "User-Agent": "azsdk-net-Storage.Files.Shares/12.23.0-alpha.20250414.1 (.NET 8.0.15; Microsoft Windows 10.0.26100)",
        "x-ms-client-request-id": "Sanitized",
        "x-ms-return-client-request-id": "true",
        "x-ms-version": "2025-05-05"
      },
      "RequestBody": null,
      "StatusCode": 200,
      "ResponseHeaders": {
        "Cache-Control": "no-cache",
        "Content-Disposition": "inline",
        "Content-Language": [
          "en-US",
          "en-CA"
        ],
        "Content-Length": "1024",
        "Content-Type": "application/octet-stream",
        "Date": "Tue, 15 Apr 2025 00:39:06 GMT",
        "ETag": "\"0x8DD7BB5ED9F2ACB\"",
        "Last-Modified": "Tue, 15 Apr 2025 00:39:06 GMT",
        "Server": [
          "Windows-Azure-File/1.0",
          "Microsoft-HTTPAPI/2.0"
        ],
        "x-ms-client-request-id": "Sanitized",
        "x-ms-file-attributes": "Archive",
        "x-ms-file-change-time": "2024-04-01T13:30:03.0000000Z",
        "x-ms-file-creation-time": "2024-04-01T09:05:55.0000000Z",
        "x-ms-file-id": "17293892937846882304",
        "x-ms-file-last-write-time": "2024-04-01T12:16:06.0000000Z",
        "x-ms-file-parent-id": "12682206919419494400",
        "x-ms-file-permission-key": "7007476287933614363*16083086822043778878",
        "x-ms-lease-state": "available",
        "x-ms-lease-status": "unlocked",
        "x-ms-meta-Capital": "letter",
        "x-ms-meta-foo": "bar",
        "x-ms-meta-meta": "data",
        "x-ms-meta-UPPER": "case",
        "x-ms-request-id": "81949fab-b01a-0051-779e-ad2756000000",
        "x-ms-server-encrypted": "true",
        "x-ms-type": "File",
        "x-ms-version": "2025-05-05"
      },
      "ResponseBody": null
    },
    {
      "RequestUri": "https://nickliuproductionacc.file.core.windows.net/test-share-3b819868-bcf7-c882-efa8-c665bed6089a/destFolder/pik/item4",
      "RequestMethod": "HEAD",
      "RequestHeaders": {
        "Accept": "application/xml",
        "Authorization": "Sanitized",
        "traceparent": "00-00f133d7fb64f89f1df80cf463a2f5f4-8da7aeffb819b69f-00",
        "User-Agent": "azsdk-net-Storage.Files.Shares/12.23.0-alpha.20250414.1 (.NET 8.0.15; Microsoft Windows 10.0.26100)",
        "x-ms-client-request-id": "Sanitized",
        "x-ms-date": "Tue, 15 Apr 2025 00:39:07 GMT",
        "x-ms-return-client-request-id": "true",
        "x-ms-version": "2025-05-05"
      },
      "RequestBody": null,
      "StatusCode": 404,
      "ResponseHeaders": {
        "Date": "Tue, 15 Apr 2025 00:39:06 GMT",
        "Server": [
          "Windows-Azure-File/1.0",
          "Microsoft-HTTPAPI/2.0"
        ],
        "Transfer-Encoding": "chunked",
        "x-ms-client-request-id": "Sanitized",
        "x-ms-error-code": "ResourceNotFound",
        "x-ms-request-id": "81949fac-b01a-0051-789e-ad2756000000",
        "x-ms-version": "2025-05-05"
      },
      "ResponseBody": null
    },
    {
      "RequestUri": "https://nickliuproductionacc.file.core.windows.net/test-share-3b819868-bcf7-c882-efa8-c665bed6089a/destFolder/pik/item4",
      "RequestMethod": "PUT",
      "RequestHeaders": {
        "Accept": "application/xml",
        "Authorization": "Sanitized",
        "Content-Length": "0",
        "traceparent": "00-df0dda384b8479598cb87e2ad3d5c7b1-2489a8fa1a6b8855-00",
        "User-Agent": "azsdk-net-Storage.Files.Shares/12.23.0-alpha.20250414.1 (.NET 8.0.15; Microsoft Windows 10.0.26100)",
        "x-ms-cache-control": "no-cache",
        "x-ms-client-request-id": "Sanitized",
        "x-ms-content-disposition": "inline",
        "x-ms-content-language": "en-US,en-CA",
        "x-ms-content-length": "1024",
        "x-ms-content-type": "application/octet-stream",
        "x-ms-date": "Tue, 15 Apr 2025 00:39:07 GMT",
        "x-ms-file-attributes": "Archive",
        "x-ms-file-change-time": "2024-04-01T13:30:03.0000000Z",
        "x-ms-file-creation-time": "2024-04-01T09:05:55.0000000Z",
        "x-ms-file-last-write-time": "2024-04-01T12:16:06.0000000Z",
        "x-ms-meta-Capital": "letter",
        "x-ms-meta-foo": "bar",
        "x-ms-meta-meta": "data",
        "x-ms-meta-UPPER": "case",
        "x-ms-return-client-request-id": "true",
        "x-ms-type": "file",
        "x-ms-version": "2025-05-05"
      },
      "RequestBody": null,
      "StatusCode": 201,
      "ResponseHeaders": {
        "Content-Length": "0",
        "Date": "Tue, 15 Apr 2025 00:39:06 GMT",
        "ETag": "\"0x8DD7BB5EE3D784A\"",
        "Last-Modified": "Tue, 15 Apr 2025 00:39:07 GMT",
        "Server": [
          "Windows-Azure-File/1.0",
          "Microsoft-HTTPAPI/2.0"
        ],
        "x-ms-client-request-id": "Sanitized",
        "x-ms-file-attributes": "Archive",
        "x-ms-file-change-time": "2024-04-01T13:30:03.0000000Z",
        "x-ms-file-creation-time": "2024-04-01T09:05:55.0000000Z",
        "x-ms-file-id": "10376328725833711616",
        "x-ms-file-last-write-time": "2024-04-01T12:16:06.0000000Z",
        "x-ms-file-parent-id": "16140971433240035328",
        "x-ms-file-permission-key": "8616074386732128176*16083086822043778878",
        "x-ms-request-id": "81949fad-b01a-0051-799e-ad2756000000",
        "x-ms-request-server-encrypted": "true",
        "x-ms-version": "2025-05-05"
      },
      "ResponseBody": null
    },
    {
      "RequestUri": "https://nickliuproductionacc.file.core.windows.net/test-share-3b819868-bcf7-c882-efa8-c665bed6089a/destFolder/pik/item4?comp=range",
      "RequestMethod": "PUT",
      "RequestHeaders": {
        "Accept": "application/xml",
        "Authorization": "Sanitized",
        "Content-Length": "0",
        "traceparent": "00-6fc7b6e4e91054205bcccdac3111a135-4236ae269e381033-00",
        "User-Agent": "azsdk-net-Storage.Files.Shares/12.23.0-alpha.20250414.1 (.NET 8.0.15; Microsoft Windows 10.0.26100)",
        "x-ms-client-request-id": "Sanitized",
        "x-ms-copy-source": "https://nickliuproductionacc.file.core.windows.net/test-share-b2f3e775-1cec-8aaf-bdc8-f2f8502c7246/sourceFolder/pik/item4?sv=sanitized-value&ss=f&srt=sco&se=2025-04-16T00%3A39%3A06Z&sp=rwdxylacuptfi&sig=Sanitized",
        "x-ms-date": "Tue, 15 Apr 2025 00:39:08 GMT",
        "x-ms-file-last-write-time": "Preserve",
        "x-ms-range": "bytes=0-1023",
        "x-ms-return-client-request-id": "true",
        "x-ms-source-range": "bytes=0-1023",
        "x-ms-version": "2025-05-05",
        "x-ms-write": "update"
      },
      "RequestBody": null,
      "StatusCode": 201,
      "ResponseHeaders": {
        "Content-Length": "0",
        "Date": "Tue, 15 Apr 2025 00:39:06 GMT",
        "ETag": "\"0x8DD7BB5EE48419E\"",
        "Last-Modified": "Tue, 15 Apr 2025 00:39:07 GMT",
        "Server": [
          "Windows-Azure-File/1.0",
          "Microsoft-HTTPAPI/2.0"
        ],
        "x-ms-client-request-id": "Sanitized",
        "x-ms-content-crc64": "iknlm7CyG2k=",
        "x-ms-file-last-write-time": "2024-04-01T12:16:06.0000000Z",
        "x-ms-request-id": "81949fae-b01a-0051-7a9e-ad2756000000",
        "x-ms-request-server-encrypted": "true",
        "x-ms-version": "2025-05-05"
      },
      "ResponseBody": null
    },
    {
      "RequestUri": "https://nickliuproductionacc.file.core.windows.net/test-share-3b819868-bcf7-c882-efa8-c665bed6089a/destFolder/pik/item4?comp=properties",
      "RequestMethod": "PUT",
      "RequestHeaders": {
        "Accept": "application/xml",
        "Authorization": "Sanitized",
        "Content-Length": "0",
        "traceparent": "00-aeef6f4eadd621ce649425c782d70be6-2138d5ba40b6e0b0-00",
        "User-Agent": "azsdk-net-Storage.Files.Shares/12.23.0-alpha.20250414.1 (.NET 8.0.15; Microsoft Windows 10.0.26100)",
        "x-ms-cache-control": "no-cache",
        "x-ms-client-request-id": "Sanitized",
        "x-ms-content-disposition": "inline",
        "x-ms-content-language": "en-US,en-CA",
        "x-ms-content-type": "application/octet-stream",
        "x-ms-date": "Tue, 15 Apr 2025 00:39:08 GMT",
        "x-ms-file-attributes": "Archive",
        "x-ms-file-change-time": "2024-04-01T13:30:03.0000000Z",
        "x-ms-file-creation-time": "2024-04-01T09:05:55.0000000Z",
        "x-ms-file-last-write-time": "2024-04-01T12:16:06.0000000Z",
        "x-ms-return-client-request-id": "true",
        "x-ms-version": "2025-05-05"
      },
      "RequestBody": null,
      "StatusCode": 200,
      "ResponseHeaders": {
        "Content-Length": "0",
        "Date": "Tue, 15 Apr 2025 00:39:07 GMT",
        "ETag": "\"0x8DD7BB5EE4C34D4\"",
        "Last-Modified": "Tue, 15 Apr 2025 00:39:07 GMT",
        "Server": [
          "Windows-Azure-File/1.0",
          "Microsoft-HTTPAPI/2.0"
        ],
        "x-ms-client-request-id": "Sanitized",
        "x-ms-file-attributes": "Archive",
        "x-ms-file-change-time": "2024-04-01T13:30:03.0000000Z",
        "x-ms-file-creation-time": "2024-04-01T09:05:55.0000000Z",
        "x-ms-file-id": "10376328725833711616",
        "x-ms-file-last-write-time": "2024-04-01T12:16:06.0000000Z",
        "x-ms-file-parent-id": "16140971433240035328",
        "x-ms-file-permission-key": "8616074386732128176*16083086822043778878",
        "x-ms-request-id": "81949faf-b01a-0051-7b9e-ad2756000000",
        "x-ms-request-server-encrypted": "true",
        "x-ms-version": "2025-05-05"
      },
      "ResponseBody": null
    },
    {
      "RequestUri": "https://nickliuproductionacc.file.core.windows.net/test-share-b2f3e775-1cec-8aaf-bdc8-f2f8502c7246/sourceFolder?sv=Sanitized&ss=f&srt=sco&se=2025-04-16T00%3A39%3A06Z&sp=rwdxylacuptfi&sig=Sanitized&restype=directory&comp=list",
      "RequestMethod": "GET",
      "RequestHeaders": {
        "Accept": "application/xml",
        "traceparent": "00-6f3ae2ba6f364b8907c12990d85991ac-8aaa7589b9f28833-00",
        "User-Agent": "azsdk-net-Storage.Files.Shares/12.23.0-alpha.20250414.1 (.NET 8.0.15; Microsoft Windows 10.0.26100)",
        "x-ms-client-request-id": "Sanitized",
        "x-ms-return-client-request-id": "true",
        "x-ms-version": "2025-05-05"
      },
      "RequestBody": null,
      "StatusCode": 200,
      "ResponseHeaders": {
        "Content-Type": "application/xml",
        "Date": "Tue, 15 Apr 2025 00:39:07 GMT",
        "Server": [
          "Windows-Azure-File/1.0",
          "Microsoft-HTTPAPI/2.0"
        ],
        "Transfer-Encoding": "chunked",
        "x-ms-client-request-id": "Sanitized",
        "x-ms-request-id": "81949fb0-b01a-0051-7c9e-ad2756000000",
        "x-ms-version": "2025-05-05"
      },
      "ResponseBody": "\uFEFF<?xml version=\"1.0\" encoding=\"utf-8\"?><EnumerationResults ServiceEndpoint=\"https://nickliuproductionacc.file.core.windows.net/\" ShareName=\"test-share-b2f3e775-1cec-8aaf-bdc8-f2f8502c7246\" DirectoryPath=\"sourceFolder\"><DirectoryId>13835128424026341376</DirectoryId><Entries><Directory><Name>bar</Name><FileId>10376363910205800448</FileId><Properties /></Directory><File><Name>item1</Name><FileId>11529285414812647424</FileId><Properties><Content-Length>1024</Content-Length></Properties></File><File><Name>item2</Name><FileId>16140971433240035328</FileId><Properties><Content-Length>1024</Content-Length></Properties></File><Directory><Name>pik</Name><FileId>12682206919419494400</FileId><Properties /></Directory></Entries><NextMarker /></EnumerationResults>"
    },
    {
      "RequestUri": "https://nickliuproductionacc.file.core.windows.net/test-share-3b819868-bcf7-c882-efa8-c665bed6089a/destFolder?restype=directory&comp=list",
      "RequestMethod": "GET",
      "RequestHeaders": {
        "Accept": "application/xml",
        "Authorization": "Sanitized",
        "traceparent": "00-57b34abf26c2b16d1f7382efd9dac840-862e67a3913e2a08-00",
        "User-Agent": "azsdk-net-Storage.Files.Shares/12.23.0-alpha.20250414.1 (.NET 8.0.15; Microsoft Windows 10.0.26100)",
        "x-ms-client-request-id": "Sanitized",
        "x-ms-date": "Tue, 15 Apr 2025 00:39:08 GMT",
        "x-ms-return-client-request-id": "true",
        "x-ms-version": "2025-05-05"
      },
      "RequestBody": null,
      "StatusCode": 200,
      "ResponseHeaders": {
        "Content-Type": "application/xml",
        "Date": "Tue, 15 Apr 2025 00:39:07 GMT",
        "Server": [
          "Windows-Azure-File/1.0",
          "Microsoft-HTTPAPI/2.0"
        ],
        "Transfer-Encoding": "chunked",
        "x-ms-client-request-id": "Sanitized",
        "x-ms-request-id": "81949fb1-b01a-0051-7d9e-ad2756000000",
        "x-ms-version": "2025-05-05"
      },
      "ResponseBody": "\uFEFF<?xml version=\"1.0\" encoding=\"utf-8\"?><EnumerationResults ServiceEndpoint=\"https://nickliuproductionacc.file.core.windows.net/\" ShareName=\"test-share-3b819868-bcf7-c882-efa8-c665bed6089a\" DirectoryPath=\"destFolder\"><DirectoryId>13835128424026341376</DirectoryId><Entries><Directory><Name>bar</Name><FileId>11529285414812647424</FileId><Properties /></Directory><File><Name>item1</Name><FileId>13835093239654252544</FileId><Properties><Content-Length>1024</Content-Length></Properties></File><File><Name>item2</Name><FileId>11529250230440558592</FileId><Properties><Content-Length>1024</Content-Length></Properties></File><Directory><Name>pik</Name><FileId>16140971433240035328</FileId><Properties /></Directory></Entries><NextMarker /></EnumerationResults>"
    },
    {
      "RequestUri": "https://nickliuproductionacc.file.core.windows.net/test-share-b2f3e775-1cec-8aaf-bdc8-f2f8502c7246/sourceFolder/item1?sv=Sanitized&ss=f&srt=sco&se=2025-04-16T00%3A39%3A06Z&sp=rwdxylacuptfi&sig=Sanitized",
      "RequestMethod": "HEAD",
      "RequestHeaders": {
        "Accept": "application/xml",
        "traceparent": "00-ca4f143227407ff5ae0a8ecde55c0d60-ad300d46e9418502-00",
        "User-Agent": "azsdk-net-Storage.Files.Shares/12.23.0-alpha.20250414.1 (.NET 8.0.15; Microsoft Windows 10.0.26100)",
        "x-ms-client-request-id": "Sanitized",
        "x-ms-return-client-request-id": "true",
        "x-ms-version": "2025-05-05"
      },
      "RequestBody": null,
      "StatusCode": 200,
      "ResponseHeaders": {
        "Cache-Control": "no-cache",
        "Content-Disposition": "inline",
        "Content-Language": [
          "en-US",
          "en-CA"
        ],
        "Content-Length": "1024",
        "Content-Type": "application/octet-stream",
        "Date": "Tue, 15 Apr 2025 00:39:07 GMT",
        "ETag": "\"0x8DD7BB5ED868E56\"",
        "Last-Modified": "Tue, 15 Apr 2025 00:39:06 GMT",
        "Server": [
          "Windows-Azure-File/1.0",
          "Microsoft-HTTPAPI/2.0"
        ],
        "x-ms-client-request-id": "Sanitized",
        "x-ms-file-attributes": "Archive",
        "x-ms-file-change-time": "2024-04-01T13:30:03.0000000Z",
        "x-ms-file-creation-time": "2024-04-01T09:05:55.0000000Z",
        "x-ms-file-id": "11529285414812647424",
        "x-ms-file-last-write-time": "2024-04-01T12:16:06.0000000Z",
        "x-ms-file-parent-id": "13835128424026341376",
        "x-ms-file-permission-key": "7007476287933614363*16083086822043778878",
        "x-ms-lease-state": "available",
        "x-ms-lease-status": "unlocked",
        "x-ms-meta-Capital": "letter",
        "x-ms-meta-foo": "bar",
        "x-ms-meta-meta": "data",
        "x-ms-meta-UPPER": "case",
        "x-ms-request-id": "81949fb2-b01a-0051-7e9e-ad2756000000",
        "x-ms-server-encrypted": "true",
        "x-ms-type": "File",
        "x-ms-version": "2025-05-05"
      },
      "ResponseBody": null
    },
    {
      "RequestUri": "https://nickliuproductionacc.file.core.windows.net/test-share-3b819868-bcf7-c882-efa8-c665bed6089a/destFolder/item1",
      "RequestMethod": "HEAD",
      "RequestHeaders": {
        "Accept": "application/xml",
        "Authorization": "Sanitized",
        "traceparent": "00-3cc345c29b63cad8c446da782a3f83c8-abf54d8db09082a3-00",
        "User-Agent": "azsdk-net-Storage.Files.Shares/12.23.0-alpha.20250414.1 (.NET 8.0.15; Microsoft Windows 10.0.26100)",
        "x-ms-client-request-id": "Sanitized",
        "x-ms-date": "Tue, 15 Apr 2025 00:39:08 GMT",
        "x-ms-return-client-request-id": "true",
        "x-ms-version": "2025-05-05"
      },
      "RequestBody": null,
      "StatusCode": 200,
      "ResponseHeaders": {
        "Cache-Control": "no-cache",
        "Content-Disposition": "inline",
        "Content-Language": [
          "en-US",
          "en-CA"
        ],
        "Content-Length": "1024",
        "Content-Type": "application/octet-stream",
        "Date": "Tue, 15 Apr 2025 00:39:07 GMT",
        "ETag": "\"0x8DD7BB5EDE5F678\"",
        "Last-Modified": "Tue, 15 Apr 2025 00:39:06 GMT",
        "Server": [
          "Windows-Azure-File/1.0",
          "Microsoft-HTTPAPI/2.0"
        ],
        "x-ms-client-request-id": "Sanitized",
        "x-ms-file-attributes": "Archive",
        "x-ms-file-change-time": "2024-04-01T13:30:03.0000000Z",
        "x-ms-file-creation-time": "2024-04-01T09:05:55.0000000Z",
        "x-ms-file-id": "13835093239654252544",
        "x-ms-file-last-write-time": "2024-04-01T12:16:06.0000000Z",
        "x-ms-file-parent-id": "13835128424026341376",
        "x-ms-file-permission-key": "8616074386732128176*16083086822043778878",
        "x-ms-lease-state": "available",
        "x-ms-lease-status": "unlocked",
        "x-ms-meta-Capital": "letter",
        "x-ms-meta-foo": "bar",
        "x-ms-meta-meta": "data",
        "x-ms-meta-UPPER": "case",
        "x-ms-request-id": "81949fb3-b01a-0051-7f9e-ad2756000000",
        "x-ms-server-encrypted": "true",
        "x-ms-type": "File",
        "x-ms-version": "2025-05-05"
      },
      "ResponseBody": null
    },
    {
      "RequestUri": "https://nickliuproductionacc.file.core.windows.net/test-share-b2f3e775-1cec-8aaf-bdc8-f2f8502c7246/sourceFolder/item1?sv=Sanitized&ss=f&srt=sco&se=2025-04-16T00%3A39%3A06Z&sp=rwdxylacuptfi&sig=Sanitized",
      "RequestMethod": "GET",
      "RequestHeaders": {
        "Accept": "application/xml",
        "User-Agent": "azsdk-net-Storage.Files.Shares/12.23.0-alpha.20250414.1 (.NET 8.0.15; Microsoft Windows 10.0.26100)",
        "x-ms-client-request-id": "Sanitized",
        "x-ms-range": "bytes=0-1023",
        "x-ms-return-client-request-id": "true",
        "x-ms-version": "2025-05-05"
      },
      "RequestBody": null,
      "StatusCode": 206,
      "ResponseHeaders": {
        "Accept-Ranges": "bytes",
        "Cache-Control": "no-cache",
        "Content-Disposition": "inline",
        "Content-Language": [
          "en-US",
          "en-CA"
        ],
        "Content-Length": "1024",
        "Content-Range": "bytes 0-1023/1024",
        "Content-Type": "application/octet-stream",
        "Date": "Tue, 15 Apr 2025 00:39:07 GMT",
        "ETag": "\"0x8DD7BB5ED868E56\"",
        "Last-Modified": "Tue, 15 Apr 2025 00:39:06 GMT",
        "Server": [
          "Windows-Azure-File/1.0",
          "Microsoft-HTTPAPI/2.0"
        ],
        "x-ms-client-request-id": "Sanitized",
        "x-ms-file-attributes": "Archive",
        "x-ms-file-change-time": "2024-04-01T13:30:03.0000000Z",
        "x-ms-file-creation-time": "2024-04-01T09:05:55.0000000Z",
        "x-ms-file-id": "11529285414812647424",
        "x-ms-file-last-write-time": "2024-04-01T12:16:06.0000000Z",
        "x-ms-file-parent-id": "13835128424026341376",
        "x-ms-file-permission-key": "7007476287933614363*16083086822043778878",
        "x-ms-lease-state": "available",
        "x-ms-lease-status": "unlocked",
        "x-ms-meta-Capital": "letter",
        "x-ms-meta-foo": "bar",
        "x-ms-meta-meta": "data",
        "x-ms-meta-UPPER": "case",
        "x-ms-request-id": "81949fb4-b01a-0051-809e-ad2756000000",
        "x-ms-server-encrypted": "true",
        "x-ms-type": "File",
        "x-ms-version": "2025-05-05"
      },
      "ResponseBody": "AAAAAAAAAAAAAAAAAAAAAAAAAAAAAAAAAAAAAAAAAAAAAAAAAAAAAAAAAAAAAAAAAAAAAAAAAAAAAAAAAAAAAAAAAAAAAAAAAAAAAAAAAAAAAAAAAAAAAAAAAAAAAAAAAAAAAAAAAAAAAAAAAAAAAAAAAAAAAAAAAAAAAAAAAAAAAAAAAAAAAAAAAAAAAAAAAAAAAAAAAAAAAAAAAAAAAAAAAAAAAAAAAAAAAAAAAAAAAAAAAAAAAAAAAAAAAAAAAAAAAAAAAAAAAAAAAAAAAAAAAAAAAAAAAAAAAAAAAAAAAAAAAAAAAAAAAAAAAAAAAAAAAAAAAAAAAAAAAAAAAAAAAAAAAAAAAAAAAAAAAAAAAAAAAAAAAAAAAAAAAAAAAAAAAAAAAAAAAAAAAAAAAAAAAAAAAAAAAAAAAAAAAAAAAAAAAAAAAAAAAAAAAAAAAAAAAAAAAAAAAAAAAAAAAAAAAAAAAAAAAAAAAAAAAAAAAAAAAAAAAAAAAAAAAAAAAAAAAAAAAAAAAAAAAAAAAAAAAAAAAAAAAAAAAAAAAAAAAAAAAAAAAAAAAAAAAAAAAAAAAAAAAAAAAAAAAAAAAAAAAAAAAAAAAAAAAAAAAAAAAAAAAAAAAAAAAAAAAAAAAAAAAAAAAAAAAAAAAAAAAAAAAAAAAAAAAAAAAAAAAAAAAAAAAAAAAAAAAAAAAAAAAAAAAAAAAAAAAAAAAAAAAAAAAAAAAAAAAAAAAAAAAAAAAAAAAAAAAAAAAAAAAAAAAAAAAAAAAAAAAAAAAAAAAAAAAAAAAAAAAAAAAAAAAAAAAAAAAAAAAAAAAAAAAAAAAAAAAAAAAAAAAAAAAAAAAAAAAAAAAAAAAAAAAAAAAAAAAAAAAAAAAAAAAAAAAAAAAAAAAAAAAAAAAAAAAAAAAAAAAAAAAAAAAAAAAAAAAAAAAAAAAAAAAAAAAAAAAAAAAAAAAAAAAAAAAAAAAAAAAAAAAAAAAAAAAAAAAAAAAAAAAAAAAAAAAAAAAAAAAAAAAAAAAAAAAAAAAAAAAAAAAAAAAAAAAAAAAAAAAAAAAAAAAAAAAAAAAAAAAAAAAAAAAAAAAAAAAAAAAAAAAAAAAAAAAAAAAAAAAAAAAAAAAAAAAAAAAAAAAAAAAAAAAAAAAAAAAAAAAAAAAAAAAAAAAAAAAAAAAAAAAAAAAAAAAAAAAAAAAAAAAAAAAAAAAAAAAAAAAAAAAAAAAAAAAAAAAAAAAAAAAAAAAAAAAAAAAAAAAAAAAAAAAAAAAAAAAAAAAAAAAAAAAAAAAAAAAAAAAAAAAAAAAAAAAAAAAAAAAAAAAAAAAAAAAAAAAAAAAAAAAAAAAAAAAAAAAAAAAAAAAA=="
    },
    {
      "RequestUri": "https://nickliuproductionacc.file.core.windows.net/test-share-3b819868-bcf7-c882-efa8-c665bed6089a/destFolder/item1",
      "RequestMethod": "GET",
      "RequestHeaders": {
        "Accept": "application/xml",
        "Authorization": "Sanitized",
        "User-Agent": "azsdk-net-Storage.Files.Shares/12.23.0-alpha.20250414.1 (.NET 8.0.15; Microsoft Windows 10.0.26100)",
        "x-ms-client-request-id": "Sanitized",
        "x-ms-date": "Tue, 15 Apr 2025 00:39:08 GMT",
        "x-ms-range": "bytes=0-1023",
        "x-ms-return-client-request-id": "true",
        "x-ms-version": "2025-05-05"
      },
      "RequestBody": null,
      "StatusCode": 206,
      "ResponseHeaders": {
        "Accept-Ranges": "bytes",
        "Cache-Control": "no-cache",
        "Content-Disposition": "inline",
        "Content-Language": [
          "en-US",
          "en-CA"
        ],
        "Content-Length": "1024",
        "Content-Range": "bytes 0-1023/1024",
        "Content-Type": "application/octet-stream",
        "Date": "Tue, 15 Apr 2025 00:39:07 GMT",
        "ETag": "\"0x8DD7BB5EDE5F678\"",
        "Last-Modified": "Tue, 15 Apr 2025 00:39:06 GMT",
        "Server": [
          "Windows-Azure-File/1.0",
          "Microsoft-HTTPAPI/2.0"
        ],
        "x-ms-client-request-id": "Sanitized",
        "x-ms-file-attributes": "Archive",
        "x-ms-file-change-time": "2024-04-01T13:30:03.0000000Z",
        "x-ms-file-creation-time": "2024-04-01T09:05:55.0000000Z",
        "x-ms-file-id": "13835093239654252544",
        "x-ms-file-last-write-time": "2024-04-01T12:16:06.0000000Z",
        "x-ms-file-parent-id": "13835128424026341376",
        "x-ms-file-permission-key": "8616074386732128176*16083086822043778878",
        "x-ms-lease-state": "available",
        "x-ms-lease-status": "unlocked",
        "x-ms-meta-Capital": "letter",
        "x-ms-meta-foo": "bar",
        "x-ms-meta-meta": "data",
        "x-ms-meta-UPPER": "case",
        "x-ms-request-id": "81949fb5-b01a-0051-019e-ad2756000000",
        "x-ms-server-encrypted": "true",
        "x-ms-type": "File",
        "x-ms-version": "2025-05-05"
      },
      "ResponseBody": "AAAAAAAAAAAAAAAAAAAAAAAAAAAAAAAAAAAAAAAAAAAAAAAAAAAAAAAAAAAAAAAAAAAAAAAAAAAAAAAAAAAAAAAAAAAAAAAAAAAAAAAAAAAAAAAAAAAAAAAAAAAAAAAAAAAAAAAAAAAAAAAAAAAAAAAAAAAAAAAAAAAAAAAAAAAAAAAAAAAAAAAAAAAAAAAAAAAAAAAAAAAAAAAAAAAAAAAAAAAAAAAAAAAAAAAAAAAAAAAAAAAAAAAAAAAAAAAAAAAAAAAAAAAAAAAAAAAAAAAAAAAAAAAAAAAAAAAAAAAAAAAAAAAAAAAAAAAAAAAAAAAAAAAAAAAAAAAAAAAAAAAAAAAAAAAAAAAAAAAAAAAAAAAAAAAAAAAAAAAAAAAAAAAAAAAAAAAAAAAAAAAAAAAAAAAAAAAAAAAAAAAAAAAAAAAAAAAAAAAAAAAAAAAAAAAAAAAAAAAAAAAAAAAAAAAAAAAAAAAAAAAAAAAAAAAAAAAAAAAAAAAAAAAAAAAAAAAAAAAAAAAAAAAAAAAAAAAAAAAAAAAAAAAAAAAAAAAAAAAAAAAAAAAAAAAAAAAAAAAAAAAAAAAAAAAAAAAAAAAAAAAAAAAAAAAAAAAAAAAAAAAAAAAAAAAAAAAAAAAAAAAAAAAAAAAAAAAAAAAAAAAAAAAAAAAAAAAAAAAAAAAAAAAAAAAAAAAAAAAAAAAAAAAAAAAAAAAAAAAAAAAAAAAAAAAAAAAAAAAAAAAAAAAAAAAAAAAAAAAAAAAAAAAAAAAAAAAAAAAAAAAAAAAAAAAAAAAAAAAAAAAAAAAAAAAAAAAAAAAAAAAAAAAAAAAAAAAAAAAAAAAAAAAAAAAAAAAAAAAAAAAAAAAAAAAAAAAAAAAAAAAAAAAAAAAAAAAAAAAAAAAAAAAAAAAAAAAAAAAAAAAAAAAAAAAAAAAAAAAAAAAAAAAAAAAAAAAAAAAAAAAAAAAAAAAAAAAAAAAAAAAAAAAAAAAAAAAAAAAAAAAAAAAAAAAAAAAAAAAAAAAAAAAAAAAAAAAAAAAAAAAAAAAAAAAAAAAAAAAAAAAAAAAAAAAAAAAAAAAAAAAAAAAAAAAAAAAAAAAAAAAAAAAAAAAAAAAAAAAAAAAAAAAAAAAAAAAAAAAAAAAAAAAAAAAAAAAAAAAAAAAAAAAAAAAAAAAAAAAAAAAAAAAAAAAAAAAAAAAAAAAAAAAAAAAAAAAAAAAAAAAAAAAAAAAAAAAAAAAAAAAAAAAAAAAAAAAAAAAAAAAAAAAAAAAAAAAAAAAAAAAAAAAAAAAAAAAAAAAAAAAAAAAAAAAAAAAAAAAAAAAAAAAAAAAAAAAAAAAAAAAAAAAAAAAAAAAAAAAAAAAAAA=="
    },
    {
      "RequestUri": "https://nickliuproductionacc.file.core.windows.net/test-share-b2f3e775-1cec-8aaf-bdc8-f2f8502c7246/sourceFolder/item1?sv=Sanitized&ss=f&srt=sco&se=2025-04-16T00%3A39%3A06Z&sp=rwdxylacuptfi&sig=Sanitized",
      "RequestMethod": "HEAD",
      "RequestHeaders": {
        "Accept": "application/xml",
        "traceparent": "00-e6efdaa2a36623193ad87c4613555823-0593a5f169993d95-00",
        "User-Agent": "azsdk-net-Storage.Files.Shares/12.23.0-alpha.20250414.1 (.NET 8.0.15; Microsoft Windows 10.0.26100)",
        "x-ms-client-request-id": "Sanitized",
        "x-ms-return-client-request-id": "true",
        "x-ms-version": "2025-05-05"
      },
      "RequestBody": null,
      "StatusCode": 200,
      "ResponseHeaders": {
        "Cache-Control": "no-cache",
        "Content-Disposition": "inline",
        "Content-Language": [
          "en-US",
          "en-CA"
        ],
        "Content-Length": "1024",
        "Content-Type": "application/octet-stream",
        "Date": "Tue, 15 Apr 2025 00:39:07 GMT",
        "ETag": "\"0x8DD7BB5ED868E56\"",
        "Last-Modified": "Tue, 15 Apr 2025 00:39:06 GMT",
        "Server": [
          "Windows-Azure-File/1.0",
          "Microsoft-HTTPAPI/2.0"
        ],
        "x-ms-client-request-id": "Sanitized",
        "x-ms-file-attributes": "Archive",
        "x-ms-file-change-time": "2024-04-01T13:30:03.0000000Z",
        "x-ms-file-creation-time": "2024-04-01T09:05:55.0000000Z",
        "x-ms-file-id": "11529285414812647424",
        "x-ms-file-last-write-time": "2024-04-01T12:16:06.0000000Z",
        "x-ms-file-parent-id": "13835128424026341376",
        "x-ms-file-permission-key": "7007476287933614363*16083086822043778878",
        "x-ms-lease-state": "available",
        "x-ms-lease-status": "unlocked",
        "x-ms-meta-Capital": "letter",
        "x-ms-meta-foo": "bar",
        "x-ms-meta-meta": "data",
        "x-ms-meta-UPPER": "case",
        "x-ms-request-id": "81949fb6-b01a-0051-029e-ad2756000000",
        "x-ms-server-encrypted": "true",
        "x-ms-type": "File",
        "x-ms-version": "2025-05-05"
      },
      "ResponseBody": null
    },
    {
      "RequestUri": "https://nickliuproductionacc.file.core.windows.net/test-share-3b819868-bcf7-c882-efa8-c665bed6089a/destFolder/item1",
      "RequestMethod": "HEAD",
      "RequestHeaders": {
        "Accept": "application/xml",
        "Authorization": "Sanitized",
        "traceparent": "00-94ae614369771ca94edcc26f8e6863c1-0a93ca34a30c4df8-00",
        "User-Agent": "azsdk-net-Storage.Files.Shares/12.23.0-alpha.20250414.1 (.NET 8.0.15; Microsoft Windows 10.0.26100)",
        "x-ms-client-request-id": "Sanitized",
        "x-ms-date": "Tue, 15 Apr 2025 00:39:08 GMT",
        "x-ms-return-client-request-id": "true",
        "x-ms-version": "2025-05-05"
      },
      "RequestBody": null,
      "StatusCode": 200,
      "ResponseHeaders": {
        "Cache-Control": "no-cache",
        "Content-Disposition": "inline",
        "Content-Language": [
          "en-US",
          "en-CA"
        ],
        "Content-Length": "1024",
        "Content-Type": "application/octet-stream",
        "Date": "Tue, 15 Apr 2025 00:39:07 GMT",
        "ETag": "\"0x8DD7BB5EDE5F678\"",
        "Last-Modified": "Tue, 15 Apr 2025 00:39:06 GMT",
        "Server": [
          "Windows-Azure-File/1.0",
          "Microsoft-HTTPAPI/2.0"
        ],
        "x-ms-client-request-id": "Sanitized",
        "x-ms-file-attributes": "Archive",
        "x-ms-file-change-time": "2024-04-01T13:30:03.0000000Z",
        "x-ms-file-creation-time": "2024-04-01T09:05:55.0000000Z",
        "x-ms-file-id": "13835093239654252544",
        "x-ms-file-last-write-time": "2024-04-01T12:16:06.0000000Z",
        "x-ms-file-parent-id": "13835128424026341376",
        "x-ms-file-permission-key": "8616074386732128176*16083086822043778878",
        "x-ms-lease-state": "available",
        "x-ms-lease-status": "unlocked",
        "x-ms-meta-Capital": "letter",
        "x-ms-meta-foo": "bar",
        "x-ms-meta-meta": "data",
        "x-ms-meta-UPPER": "case",
        "x-ms-request-id": "81949fb7-b01a-0051-039e-ad2756000000",
        "x-ms-server-encrypted": "true",
        "x-ms-type": "File",
        "x-ms-version": "2025-05-05"
      },
      "ResponseBody": null
    },
    {
      "RequestUri": "https://nickliuproductionacc.file.core.windows.net/test-share-b2f3e775-1cec-8aaf-bdc8-f2f8502c7246/sourceFolder/item2?sv=Sanitized&ss=f&srt=sco&se=2025-04-16T00%3A39%3A06Z&sp=rwdxylacuptfi&sig=Sanitized",
      "RequestMethod": "HEAD",
      "RequestHeaders": {
        "Accept": "application/xml",
        "traceparent": "00-a90a7b221696744d3e9666d8418012e3-a104a8e3d52e6fbe-00",
        "User-Agent": "azsdk-net-Storage.Files.Shares/12.23.0-alpha.20250414.1 (.NET 8.0.15; Microsoft Windows 10.0.26100)",
        "x-ms-client-request-id": "Sanitized",
        "x-ms-return-client-request-id": "true",
        "x-ms-version": "2025-05-05"
      },
      "RequestBody": null,
      "StatusCode": 200,
      "ResponseHeaders": {
        "Cache-Control": "no-cache",
        "Content-Disposition": "inline",
        "Content-Language": [
          "en-US",
          "en-CA"
        ],
        "Content-Length": "1024",
        "Content-Type": "application/octet-stream",
        "Date": "Tue, 15 Apr 2025 00:39:07 GMT",
        "ETag": "\"0x8DD7BB5ED8BB89E\"",
        "Last-Modified": "Tue, 15 Apr 2025 00:39:06 GMT",
        "Server": [
          "Windows-Azure-File/1.0",
          "Microsoft-HTTPAPI/2.0"
        ],
        "x-ms-client-request-id": "Sanitized",
        "x-ms-file-attributes": "Archive",
        "x-ms-file-change-time": "2024-04-01T13:30:03.0000000Z",
        "x-ms-file-creation-time": "2024-04-01T09:05:55.0000000Z",
        "x-ms-file-id": "16140971433240035328",
        "x-ms-file-last-write-time": "2024-04-01T12:16:06.0000000Z",
        "x-ms-file-parent-id": "13835128424026341376",
        "x-ms-file-permission-key": "7007476287933614363*16083086822043778878",
        "x-ms-lease-state": "available",
        "x-ms-lease-status": "unlocked",
        "x-ms-meta-Capital": "letter",
        "x-ms-meta-foo": "bar",
        "x-ms-meta-meta": "data",
        "x-ms-meta-UPPER": "case",
        "x-ms-request-id": "81949fb8-b01a-0051-049e-ad2756000000",
        "x-ms-server-encrypted": "true",
        "x-ms-type": "File",
        "x-ms-version": "2025-05-05"
      },
      "ResponseBody": null
    },
    {
      "RequestUri": "https://nickliuproductionacc.file.core.windows.net/test-share-3b819868-bcf7-c882-efa8-c665bed6089a/destFolder/item2",
      "RequestMethod": "HEAD",
      "RequestHeaders": {
        "Accept": "application/xml",
        "Authorization": "Sanitized",
        "traceparent": "00-16d7afed05ca16e251131aa739f1edca-05ae0bfce343e4ad-00",
        "User-Agent": "azsdk-net-Storage.Files.Shares/12.23.0-alpha.20250414.1 (.NET 8.0.15; Microsoft Windows 10.0.26100)",
        "x-ms-client-request-id": "Sanitized",
        "x-ms-date": "Tue, 15 Apr 2025 00:39:08 GMT",
        "x-ms-return-client-request-id": "true",
        "x-ms-version": "2025-05-05"
      },
      "RequestBody": null,
      "StatusCode": 200,
      "ResponseHeaders": {
        "Cache-Control": "no-cache",
        "Content-Disposition": "inline",
        "Content-Language": [
          "en-US",
          "en-CA"
        ],
        "Content-Length": "1024",
        "Content-Type": "application/octet-stream",
        "Date": "Tue, 15 Apr 2025 00:39:07 GMT",
        "ETag": "\"0x8DD7BB5EE0FBDC5\"",
        "Last-Modified": "Tue, 15 Apr 2025 00:39:06 GMT",
        "Server": [
          "Windows-Azure-File/1.0",
          "Microsoft-HTTPAPI/2.0"
        ],
        "x-ms-client-request-id": "Sanitized",
        "x-ms-file-attributes": "Archive",
        "x-ms-file-change-time": "2024-04-01T13:30:03.0000000Z",
        "x-ms-file-creation-time": "2024-04-01T09:05:55.0000000Z",
        "x-ms-file-id": "11529250230440558592",
        "x-ms-file-last-write-time": "2024-04-01T12:16:06.0000000Z",
        "x-ms-file-parent-id": "13835128424026341376",
        "x-ms-file-permission-key": "8616074386732128176*16083086822043778878",
        "x-ms-lease-state": "available",
        "x-ms-lease-status": "unlocked",
        "x-ms-meta-Capital": "letter",
        "x-ms-meta-foo": "bar",
        "x-ms-meta-meta": "data",
        "x-ms-meta-UPPER": "case",
        "x-ms-request-id": "81949fb9-b01a-0051-059e-ad2756000000",
        "x-ms-server-encrypted": "true",
        "x-ms-type": "File",
        "x-ms-version": "2025-05-05"
      },
      "ResponseBody": null
    },
    {
      "RequestUri": "https://nickliuproductionacc.file.core.windows.net/test-share-b2f3e775-1cec-8aaf-bdc8-f2f8502c7246/sourceFolder/item2?sv=Sanitized&ss=f&srt=sco&se=2025-04-16T00%3A39%3A06Z&sp=rwdxylacuptfi&sig=Sanitized",
      "RequestMethod": "GET",
      "RequestHeaders": {
        "Accept": "application/xml",
        "User-Agent": "azsdk-net-Storage.Files.Shares/12.23.0-alpha.20250414.1 (.NET 8.0.15; Microsoft Windows 10.0.26100)",
        "x-ms-client-request-id": "Sanitized",
        "x-ms-range": "bytes=0-1023",
        "x-ms-return-client-request-id": "true",
        "x-ms-version": "2025-05-05"
      },
      "RequestBody": null,
      "StatusCode": 206,
      "ResponseHeaders": {
        "Accept-Ranges": "bytes",
        "Cache-Control": "no-cache",
        "Content-Disposition": "inline",
        "Content-Language": [
          "en-US",
          "en-CA"
        ],
        "Content-Length": "1024",
        "Content-Range": "bytes 0-1023/1024",
        "Content-Type": "application/octet-stream",
        "Date": "Tue, 15 Apr 2025 00:39:07 GMT",
        "ETag": "\"0x8DD7BB5ED8BB89E\"",
        "Last-Modified": "Tue, 15 Apr 2025 00:39:06 GMT",
        "Server": [
          "Windows-Azure-File/1.0",
          "Microsoft-HTTPAPI/2.0"
        ],
        "x-ms-client-request-id": "Sanitized",
        "x-ms-file-attributes": "Archive",
        "x-ms-file-change-time": "2024-04-01T13:30:03.0000000Z",
        "x-ms-file-creation-time": "2024-04-01T09:05:55.0000000Z",
        "x-ms-file-id": "16140971433240035328",
        "x-ms-file-last-write-time": "2024-04-01T12:16:06.0000000Z",
        "x-ms-file-parent-id": "13835128424026341376",
        "x-ms-file-permission-key": "7007476287933614363*16083086822043778878",
        "x-ms-lease-state": "available",
        "x-ms-lease-status": "unlocked",
        "x-ms-meta-Capital": "letter",
        "x-ms-meta-foo": "bar",
        "x-ms-meta-meta": "data",
        "x-ms-meta-UPPER": "case",
        "x-ms-request-id": "81949fba-b01a-0051-069e-ad2756000000",
        "x-ms-server-encrypted": "true",
        "x-ms-type": "File",
        "x-ms-version": "2025-05-05"
      },
      "ResponseBody": "AAAAAAAAAAAAAAAAAAAAAAAAAAAAAAAAAAAAAAAAAAAAAAAAAAAAAAAAAAAAAAAAAAAAAAAAAAAAAAAAAAAAAAAAAAAAAAAAAAAAAAAAAAAAAAAAAAAAAAAAAAAAAAAAAAAAAAAAAAAAAAAAAAAAAAAAAAAAAAAAAAAAAAAAAAAAAAAAAAAAAAAAAAAAAAAAAAAAAAAAAAAAAAAAAAAAAAAAAAAAAAAAAAAAAAAAAAAAAAAAAAAAAAAAAAAAAAAAAAAAAAAAAAAAAAAAAAAAAAAAAAAAAAAAAAAAAAAAAAAAAAAAAAAAAAAAAAAAAAAAAAAAAAAAAAAAAAAAAAAAAAAAAAAAAAAAAAAAAAAAAAAAAAAAAAAAAAAAAAAAAAAAAAAAAAAAAAAAAAAAAAAAAAAAAAAAAAAAAAAAAAAAAAAAAAAAAAAAAAAAAAAAAAAAAAAAAAAAAAAAAAAAAAAAAAAAAAAAAAAAAAAAAAAAAAAAAAAAAAAAAAAAAAAAAAAAAAAAAAAAAAAAAAAAAAAAAAAAAAAAAAAAAAAAAAAAAAAAAAAAAAAAAAAAAAAAAAAAAAAAAAAAAAAAAAAAAAAAAAAAAAAAAAAAAAAAAAAAAAAAAAAAAAAAAAAAAAAAAAAAAAAAAAAAAAAAAAAAAAAAAAAAAAAAAAAAAAAAAAAAAAAAAAAAAAAAAAAAAAAAAAAAAAAAAAAAAAAAAAAAAAAAAAAAAAAAAAAAAAAAAAAAAAAAAAAAAAAAAAAAAAAAAAAAAAAAAAAAAAAAAAAAAAAAAAAAAAAAAAAAAAAAAAAAAAAAAAAAAAAAAAAAAAAAAAAAAAAAAAAAAAAAAAAAAAAAAAAAAAAAAAAAAAAAAAAAAAAAAAAAAAAAAAAAAAAAAAAAAAAAAAAAAAAAAAAAAAAAAAAAAAAAAAAAAAAAAAAAAAAAAAAAAAAAAAAAAAAAAAAAAAAAAAAAAAAAAAAAAAAAAAAAAAAAAAAAAAAAAAAAAAAAAAAAAAAAAAAAAAAAAAAAAAAAAAAAAAAAAAAAAAAAAAAAAAAAAAAAAAAAAAAAAAAAAAAAAAAAAAAAAAAAAAAAAAAAAAAAAAAAAAAAAAAAAAAAAAAAAAAAAAAAAAAAAAAAAAAAAAAAAAAAAAAAAAAAAAAAAAAAAAAAAAAAAAAAAAAAAAAAAAAAAAAAAAAAAAAAAAAAAAAAAAAAAAAAAAAAAAAAAAAAAAAAAAAAAAAAAAAAAAAAAAAAAAAAAAAAAAAAAAAAAAAAAAAAAAAAAAAAAAAAAAAAAAAAAAAAAAAAAAAAAAAAAAAAAAAAAAAAAAAAAAAAAAAAAAAAAAAAAAAAAAAAAAAAAAAAAAAAAAAAAA=="
    },
    {
      "RequestUri": "https://nickliuproductionacc.file.core.windows.net/test-share-3b819868-bcf7-c882-efa8-c665bed6089a/destFolder/item2",
      "RequestMethod": "GET",
      "RequestHeaders": {
        "Accept": "application/xml",
        "Authorization": "Sanitized",
        "User-Agent": "azsdk-net-Storage.Files.Shares/12.23.0-alpha.20250414.1 (.NET 8.0.15; Microsoft Windows 10.0.26100)",
        "x-ms-client-request-id": "Sanitized",
        "x-ms-date": "Tue, 15 Apr 2025 00:39:08 GMT",
        "x-ms-range": "bytes=0-1023",
        "x-ms-return-client-request-id": "true",
        "x-ms-version": "2025-05-05"
      },
      "RequestBody": null,
      "StatusCode": 206,
      "ResponseHeaders": {
        "Accept-Ranges": "bytes",
        "Cache-Control": "no-cache",
        "Content-Disposition": "inline",
        "Content-Language": [
          "en-US",
          "en-CA"
        ],
        "Content-Length": "1024",
        "Content-Range": "bytes 0-1023/1024",
        "Content-Type": "application/octet-stream",
        "Date": "Tue, 15 Apr 2025 00:39:07 GMT",
        "ETag": "\"0x8DD7BB5EE0FBDC5\"",
        "Last-Modified": "Tue, 15 Apr 2025 00:39:06 GMT",
        "Server": [
          "Windows-Azure-File/1.0",
          "Microsoft-HTTPAPI/2.0"
        ],
        "x-ms-client-request-id": "Sanitized",
        "x-ms-file-attributes": "Archive",
        "x-ms-file-change-time": "2024-04-01T13:30:03.0000000Z",
        "x-ms-file-creation-time": "2024-04-01T09:05:55.0000000Z",
        "x-ms-file-id": "11529250230440558592",
        "x-ms-file-last-write-time": "2024-04-01T12:16:06.0000000Z",
        "x-ms-file-parent-id": "13835128424026341376",
        "x-ms-file-permission-key": "8616074386732128176*16083086822043778878",
        "x-ms-lease-state": "available",
        "x-ms-lease-status": "unlocked",
        "x-ms-meta-Capital": "letter",
        "x-ms-meta-foo": "bar",
        "x-ms-meta-meta": "data",
        "x-ms-meta-UPPER": "case",
        "x-ms-request-id": "81949fbb-b01a-0051-079e-ad2756000000",
        "x-ms-server-encrypted": "true",
        "x-ms-type": "File",
        "x-ms-version": "2025-05-05"
      },
      "ResponseBody": "AAAAAAAAAAAAAAAAAAAAAAAAAAAAAAAAAAAAAAAAAAAAAAAAAAAAAAAAAAAAAAAAAAAAAAAAAAAAAAAAAAAAAAAAAAAAAAAAAAAAAAAAAAAAAAAAAAAAAAAAAAAAAAAAAAAAAAAAAAAAAAAAAAAAAAAAAAAAAAAAAAAAAAAAAAAAAAAAAAAAAAAAAAAAAAAAAAAAAAAAAAAAAAAAAAAAAAAAAAAAAAAAAAAAAAAAAAAAAAAAAAAAAAAAAAAAAAAAAAAAAAAAAAAAAAAAAAAAAAAAAAAAAAAAAAAAAAAAAAAAAAAAAAAAAAAAAAAAAAAAAAAAAAAAAAAAAAAAAAAAAAAAAAAAAAAAAAAAAAAAAAAAAAAAAAAAAAAAAAAAAAAAAAAAAAAAAAAAAAAAAAAAAAAAAAAAAAAAAAAAAAAAAAAAAAAAAAAAAAAAAAAAAAAAAAAAAAAAAAAAAAAAAAAAAAAAAAAAAAAAAAAAAAAAAAAAAAAAAAAAAAAAAAAAAAAAAAAAAAAAAAAAAAAAAAAAAAAAAAAAAAAAAAAAAAAAAAAAAAAAAAAAAAAAAAAAAAAAAAAAAAAAAAAAAAAAAAAAAAAAAAAAAAAAAAAAAAAAAAAAAAAAAAAAAAAAAAAAAAAAAAAAAAAAAAAAAAAAAAAAAAAAAAAAAAAAAAAAAAAAAAAAAAAAAAAAAAAAAAAAAAAAAAAAAAAAAAAAAAAAAAAAAAAAAAAAAAAAAAAAAAAAAAAAAAAAAAAAAAAAAAAAAAAAAAAAAAAAAAAAAAAAAAAAAAAAAAAAAAAAAAAAAAAAAAAAAAAAAAAAAAAAAAAAAAAAAAAAAAAAAAAAAAAAAAAAAAAAAAAAAAAAAAAAAAAAAAAAAAAAAAAAAAAAAAAAAAAAAAAAAAAAAAAAAAAAAAAAAAAAAAAAAAAAAAAAAAAAAAAAAAAAAAAAAAAAAAAAAAAAAAAAAAAAAAAAAAAAAAAAAAAAAAAAAAAAAAAAAAAAAAAAAAAAAAAAAAAAAAAAAAAAAAAAAAAAAAAAAAAAAAAAAAAAAAAAAAAAAAAAAAAAAAAAAAAAAAAAAAAAAAAAAAAAAAAAAAAAAAAAAAAAAAAAAAAAAAAAAAAAAAAAAAAAAAAAAAAAAAAAAAAAAAAAAAAAAAAAAAAAAAAAAAAAAAAAAAAAAAAAAAAAAAAAAAAAAAAAAAAAAAAAAAAAAAAAAAAAAAAAAAAAAAAAAAAAAAAAAAAAAAAAAAAAAAAAAAAAAAAAAAAAAAAAAAAAAAAAAAAAAAAAAAAAAAAAAAAAAAAAAAAAAAAAAAAAAAAAAAAAAAAAAAAAAAAAAAAAAAAAAAAAAAAAAAAAAAAAAAAAAAAAAA=="
    },
    {
      "RequestUri": "https://nickliuproductionacc.file.core.windows.net/test-share-b2f3e775-1cec-8aaf-bdc8-f2f8502c7246/sourceFolder/item2?sv=Sanitized&ss=f&srt=sco&se=2025-04-16T00%3A39%3A06Z&sp=rwdxylacuptfi&sig=Sanitized",
      "RequestMethod": "HEAD",
      "RequestHeaders": {
        "Accept": "application/xml",
        "traceparent": "00-2140f9450d0f7a2f09bfc6c3debd8cf6-6e7862b6eafb84e3-00",
        "User-Agent": "azsdk-net-Storage.Files.Shares/12.23.0-alpha.20250414.1 (.NET 8.0.15; Microsoft Windows 10.0.26100)",
        "x-ms-client-request-id": "Sanitized",
        "x-ms-return-client-request-id": "true",
        "x-ms-version": "2025-05-05"
      },
      "RequestBody": null,
      "StatusCode": 200,
      "ResponseHeaders": {
        "Cache-Control": "no-cache",
        "Content-Disposition": "inline",
        "Content-Language": [
          "en-US",
          "en-CA"
        ],
        "Content-Length": "1024",
        "Content-Type": "application/octet-stream",
        "Date": "Tue, 15 Apr 2025 00:39:07 GMT",
        "ETag": "\"0x8DD7BB5ED8BB89E\"",
        "Last-Modified": "Tue, 15 Apr 2025 00:39:06 GMT",
        "Server": [
          "Windows-Azure-File/1.0",
          "Microsoft-HTTPAPI/2.0"
        ],
        "x-ms-client-request-id": "Sanitized",
        "x-ms-file-attributes": "Archive",
        "x-ms-file-change-time": "2024-04-01T13:30:03.0000000Z",
        "x-ms-file-creation-time": "2024-04-01T09:05:55.0000000Z",
        "x-ms-file-id": "16140971433240035328",
        "x-ms-file-last-write-time": "2024-04-01T12:16:06.0000000Z",
        "x-ms-file-parent-id": "13835128424026341376",
        "x-ms-file-permission-key": "7007476287933614363*16083086822043778878",
        "x-ms-lease-state": "available",
        "x-ms-lease-status": "unlocked",
        "x-ms-meta-Capital": "letter",
        "x-ms-meta-foo": "bar",
        "x-ms-meta-meta": "data",
        "x-ms-meta-UPPER": "case",
        "x-ms-request-id": "81949fbc-b01a-0051-089e-ad2756000000",
        "x-ms-server-encrypted": "true",
        "x-ms-type": "File",
        "x-ms-version": "2025-05-05"
      },
      "ResponseBody": null
    },
    {
      "RequestUri": "https://nickliuproductionacc.file.core.windows.net/test-share-3b819868-bcf7-c882-efa8-c665bed6089a/destFolder/item2",
      "RequestMethod": "HEAD",
      "RequestHeaders": {
        "Accept": "application/xml",
        "Authorization": "Sanitized",
        "traceparent": "00-5aa18f28c05833520d6c82cd9b84a918-4dd9e9ecde761cca-00",
        "User-Agent": "azsdk-net-Storage.Files.Shares/12.23.0-alpha.20250414.1 (.NET 8.0.15; Microsoft Windows 10.0.26100)",
        "x-ms-client-request-id": "Sanitized",
        "x-ms-date": "Tue, 15 Apr 2025 00:39:08 GMT",
        "x-ms-return-client-request-id": "true",
        "x-ms-version": "2025-05-05"
      },
      "RequestBody": null,
      "StatusCode": 200,
      "ResponseHeaders": {
        "Cache-Control": "no-cache",
        "Content-Disposition": "inline",
        "Content-Language": [
          "en-US",
          "en-CA"
        ],
        "Content-Length": "1024",
        "Content-Type": "application/octet-stream",
        "Date": "Tue, 15 Apr 2025 00:39:07 GMT",
        "ETag": "\"0x8DD7BB5EE0FBDC5\"",
        "Last-Modified": "Tue, 15 Apr 2025 00:39:06 GMT",
        "Server": [
          "Windows-Azure-File/1.0",
          "Microsoft-HTTPAPI/2.0"
        ],
        "x-ms-client-request-id": "Sanitized",
        "x-ms-file-attributes": "Archive",
        "x-ms-file-change-time": "2024-04-01T13:30:03.0000000Z",
        "x-ms-file-creation-time": "2024-04-01T09:05:55.0000000Z",
        "x-ms-file-id": "11529250230440558592",
        "x-ms-file-last-write-time": "2024-04-01T12:16:06.0000000Z",
        "x-ms-file-parent-id": "13835128424026341376",
        "x-ms-file-permission-key": "8616074386732128176*16083086822043778878",
        "x-ms-lease-state": "available",
        "x-ms-lease-status": "unlocked",
        "x-ms-meta-Capital": "letter",
        "x-ms-meta-foo": "bar",
        "x-ms-meta-meta": "data",
        "x-ms-meta-UPPER": "case",
        "x-ms-request-id": "81949fbd-b01a-0051-099e-ad2756000000",
        "x-ms-server-encrypted": "true",
        "x-ms-type": "File",
        "x-ms-version": "2025-05-05"
      },
      "ResponseBody": null
    },
    {
      "RequestUri": "https://nickliuproductionacc.file.core.windows.net/test-share-3b819868-bcf7-c882-efa8-c665bed6089a?restype=share",
      "RequestMethod": "DELETE",
      "RequestHeaders": {
        "Accept": "application/xml",
        "Authorization": "Sanitized",
        "traceparent": "00-60da52fc62128a207ebd4270cf5a38fd-c970ff9f9b80de78-00",
        "User-Agent": "azsdk-net-Storage.Files.Shares/12.23.0-alpha.20250414.1 (.NET 8.0.15; Microsoft Windows 10.0.26100)",
        "x-ms-client-request-id": "Sanitized",
        "x-ms-date": "Tue, 15 Apr 2025 00:39:08 GMT",
        "x-ms-delete-snapshots": "include",
        "x-ms-return-client-request-id": "true",
        "x-ms-version": "2025-05-05"
      },
      "RequestBody": null,
      "StatusCode": 202,
      "ResponseHeaders": {
        "Content-Length": "0",
        "Date": "Tue, 15 Apr 2025 00:39:07 GMT",
        "Server": [
          "Windows-Azure-File/1.0",
          "Microsoft-HTTPAPI/2.0"
        ],
        "x-ms-client-request-id": "Sanitized",
        "x-ms-request-id": "81949fbe-b01a-0051-0a9e-ad2756000000",
        "x-ms-version": "2025-05-05"
      },
      "ResponseBody": null
    },
    {
      "RequestUri": "https://nickliuproductionacc.file.core.windows.net/test-share-b2f3e775-1cec-8aaf-bdc8-f2f8502c7246?sv=Sanitized&ss=f&srt=sco&se=2025-04-16T00%3A39%3A06Z&sp=rwdxylacuptfi&sig=Sanitized&restype=share",
      "RequestMethod": "DELETE",
      "RequestHeaders": {
        "Accept": "application/xml",
        "traceparent": "00-3bf1bafc71dde9e438d6253c2f414307-81313a88c8a418a6-00",
        "User-Agent": "azsdk-net-Storage.Files.Shares/12.23.0-alpha.20250414.1 (.NET 8.0.15; Microsoft Windows 10.0.26100)",
        "x-ms-client-request-id": "Sanitized",
        "x-ms-delete-snapshots": "include",
        "x-ms-return-client-request-id": "true",
        "x-ms-version": "2025-05-05"
      },
      "RequestBody": null,
      "StatusCode": 202,
      "ResponseHeaders": {
        "Content-Length": "0",
        "Date": "Tue, 15 Apr 2025 00:39:07 GMT",
        "Server": [
          "Windows-Azure-File/1.0",
          "Microsoft-HTTPAPI/2.0"
        ],
        "x-ms-client-request-id": "Sanitized",
        "x-ms-request-id": "81949fbf-b01a-0051-0b9e-ad2756000000",
        "x-ms-version": "2025-05-05"
      },
      "ResponseBody": null
    }
  ],
  "Variables": {
    "DateTimeOffsetNow": "2025-04-14T20:39:06.6109588-04:00",
    "RandomSeed": "1540683330",
    "Storage_TestConfigDefault": "ProductionTenant\nnickliuproductionacc\nU2FuaXRpemVk\nhttps://nickliuproductionacc.blob.core.windows.net\nhttps://nickliuproductionacc.file.core.windows.net\nhttps://nickliuproductionacc.queue.core.windows.net\nhttps://nickliuproductionacc.table.core.windows.net\n\n\n\n\nhttps://nickliuproductionacc-secondary.blob.core.windows.net\nhttps://nickliuproductionacc-secondary.file.core.windows.net\nhttps://nickliuproductionacc-secondary.queue.core.windows.net\nhttps://nickliuproductionacc-secondary.table.core.windows.net\nCloud\nBlobEndpoint=https://nickliuproductionacc.blob.core.windows.net/;QueueEndpoint=https://nickliuproductionacc.queue.core.windows.net/;FileEndpoint=https://nickliuproductionacc.file.core.windows.net/;BlobSecondaryEndpoint=https://nickliuproductionacc-secondary.blob.core.windows.net/;QueueSecondaryEndpoint=https://nickliuproductionacc-secondary.queue.core.windows.net/;FileSecondaryEndpoint=https://nickliuproductionacc-secondary.file.core.windows.net/;AccountName=nickliuproductionacc;AccountKey=U2FuaXRpemVk\nEncryptionScope\n\n"
  }
}
