{
  "Entries": [
    {
      "RequestUri": "https://xmfxscnbn9pe18ex.file.preprod.core.windows.net/test-share-61de89b4-5678-90ef-a82f-a5cb6b222882?sv=Sanitized&ss=f&srt=sco&se=2025-05-15T20%3A07%3A39Z&sp=rwdxylacuptfi&sig=Sanitized&restype=share",
      "RequestMethod": "PUT",
      "RequestHeaders": {
        "Accept": "application/xml",
        "Content-Length": "0",
        "traceparent": "00-dafc41401e4c653cdc36ecd9e7ad5931-67c24f85fe523b8b-00",
        "User-Agent": "azsdk-net-Storage.Files.Shares/12.23.0-alpha.20250514.1 (.NET 8.0.16; Microsoft Windows 10.0.26100)",
        "x-ms-client-request-id": "Sanitized",
        "x-ms-return-client-request-id": "true",
        "x-ms-version": "2025-07-05"
      },
      "RequestBody": null,
      "StatusCode": 201,
      "ResponseHeaders": {
        "Date": "Wed, 14 May 2025 20:07:36 GMT",
        "ETag": "\"0x8DD9322F8CFE792\"",
        "Last-Modified": "Wed, 14 May 2025 20:07:36 GMT",
        "Server": [
          "Windows-Azure-File/1.0",
          "Microsoft-HTTPAPI/2.0"
        ],
        "Transfer-Encoding": "chunked",
        "x-ms-client-request-id": "Sanitized",
        "x-ms-request-id": "1abc8751-901a-0013-120b-c5f507000000",
        "x-ms-version": "2025-07-05"
      },
      "ResponseBody": null
    },
    {
      "RequestUri": "https://xmfxscnbn9pe18ex.file.preprod.core.windows.net/test-share-0d152632-e02b-c421-dd08-802af1ddbdee?restype=share",
      "RequestMethod": "PUT",
      "RequestHeaders": {
        "Accept": "application/xml",
        "Authorization": "Sanitized",
        "Content-Length": "0",
        "traceparent": "00-4f33865458283b239b75e8195ab89b9f-5c42cb399b1adb66-00",
        "User-Agent": "azsdk-net-Storage.Files.Shares/12.23.0-alpha.20250514.1 (.NET 8.0.16; Microsoft Windows 10.0.26100)",
        "x-ms-client-request-id": "Sanitized",
        "x-ms-date": "Wed, 14 May 2025 20:07:39 GMT",
        "x-ms-return-client-request-id": "true",
        "x-ms-version": "2025-07-05"
      },
      "RequestBody": null,
      "StatusCode": 201,
      "ResponseHeaders": {
        "Date": "Wed, 14 May 2025 20:07:36 GMT",
        "ETag": "\"0x8DD9322F8D50BAE\"",
        "Last-Modified": "Wed, 14 May 2025 20:07:36 GMT",
        "Server": [
          "Windows-Azure-File/1.0",
          "Microsoft-HTTPAPI/2.0"
        ],
        "Transfer-Encoding": "chunked",
        "x-ms-client-request-id": "Sanitized",
        "x-ms-request-id": "1abc8754-901a-0013-130b-c5f507000000",
        "x-ms-version": "2025-07-05"
      },
      "ResponseBody": null
    },
    {
      "RequestUri": "https://xmfxscnbn9pe18ex.file.preprod.core.windows.net/test-share-61de89b4-5678-90ef-a82f-a5cb6b222882/sourceFolder?sv=Sanitized&ss=f&srt=sco&se=2025-05-15T20%3A07%3A39Z&sp=rwdxylacuptfi&sig=Sanitized&restype=directory",
      "RequestMethod": "PUT",
      "RequestHeaders": {
        "Accept": "application/xml",
        "Content-Length": "0",
        "traceparent": "00-5c714497a7fe84d5e533c5a2aa5ea82d-54a84d29e41bf538-00",
        "User-Agent": "azsdk-net-Storage.Files.Shares/12.23.0-alpha.20250514.1 (.NET 8.0.16; Microsoft Windows 10.0.26100)",
        "x-ms-client-request-id": "Sanitized",
        "x-ms-file-attributes": "None",
        "x-ms-file-change-time": "2024-04-01T13:30:03.0000000Z",
        "x-ms-file-creation-time": "2024-04-01T09:05:55.0000000Z",
        "x-ms-file-last-write-time": "2024-04-01T12:16:06.0000000Z",
        "x-ms-file-permission": "O:S-1-5-21-2127521184-1604012920-1887927527-21560751G:S-1-5-21-2127521184-1604012920-1887927527-513D:AI(A;;FA;;;SY)(A;;FA;;;BA)(A;;0x1200a9;;;S-1-5-21-397955417-626881126-188441444-3053964)S:NO_ACCESS_CONTROL",
        "x-ms-meta-Capital": "letter",
        "x-ms-meta-foo": "bar",
        "x-ms-meta-meta": "data",
        "x-ms-meta-UPPER": "case",
        "x-ms-return-client-request-id": "true",
        "x-ms-version": "2025-07-05"
      },
      "RequestBody": null,
      "StatusCode": 201,
      "ResponseHeaders": {
        "Date": "Wed, 14 May 2025 20:07:36 GMT",
        "ETag": "\"0x8DD9322F8D9A266\"",
        "Last-Modified": "Wed, 14 May 2025 20:07:36 GMT",
        "Server": [
          "Windows-Azure-File/1.0",
          "Microsoft-HTTPAPI/2.0"
        ],
        "Transfer-Encoding": "chunked",
        "x-ms-client-request-id": "Sanitized",
        "x-ms-file-attributes": "Directory",
        "x-ms-file-change-time": "2024-04-01T13:30:03.0000000Z",
        "x-ms-file-creation-time": "2024-04-01T09:05:55.0000000Z",
        "x-ms-file-id": "13835128424026341376",
        "x-ms-file-last-write-time": "2024-04-01T12:16:06.0000000Z",
        "x-ms-file-parent-id": "0",
        "x-ms-file-permission-key": "10398108252533272584*8241620249767961789",
        "x-ms-request-id": "1abc8756-901a-0013-140b-c5f507000000",
        "x-ms-request-server-encrypted": "true",
        "x-ms-version": "2025-07-05"
      },
      "ResponseBody": null
    },
    {
      "RequestUri": "https://xmfxscnbn9pe18ex.file.preprod.core.windows.net/test-share-61de89b4-5678-90ef-a82f-a5cb6b222882/sourceFolder/item1?sv=Sanitized&ss=f&srt=sco&se=2025-05-15T20%3A07%3A39Z&sp=rwdxylacuptfi&sig=Sanitized",
      "RequestMethod": "PUT",
      "RequestHeaders": {
        "Accept": "application/xml",
        "Content-Length": "0",
        "traceparent": "00-85bda06ab673670f730e1604df00d939-1c8f3e9626ad973f-00",
        "User-Agent": "azsdk-net-Storage.Files.Shares/12.23.0-alpha.20250514.1 (.NET 8.0.16; Microsoft Windows 10.0.26100)",
        "x-ms-cache-control": "no-cache",
        "x-ms-client-request-id": "Sanitized",
        "x-ms-content-disposition": "inline",
        "x-ms-content-language": "en-US,en-CA",
        "x-ms-content-length": "1024",
        "x-ms-file-attributes": "None",
        "x-ms-file-change-time": "2024-04-01T13:30:03.0000000Z",
        "x-ms-file-creation-time": "2024-04-01T09:05:55.0000000Z",
        "x-ms-file-last-write-time": "2024-04-01T12:16:06.0000000Z",
        "x-ms-meta-Capital": "letter",
        "x-ms-meta-foo": "bar",
        "x-ms-meta-meta": "data",
        "x-ms-meta-UPPER": "case",
        "x-ms-return-client-request-id": "true",
        "x-ms-type": "file",
        "x-ms-version": "2025-07-05"
      },
      "RequestBody": null,
      "StatusCode": 201,
      "ResponseHeaders": {
        "Date": "Wed, 14 May 2025 20:07:36 GMT",
        "ETag": "\"0x8DD9322F8DDE370\"",
        "Last-Modified": "Wed, 14 May 2025 20:07:36 GMT",
        "Server": [
          "Windows-Azure-File/1.0",
          "Microsoft-HTTPAPI/2.0"
        ],
        "Transfer-Encoding": "chunked",
        "x-ms-client-request-id": "Sanitized",
        "x-ms-file-attributes": "Archive",
        "x-ms-file-change-time": "2024-04-01T13:30:03.0000000Z",
        "x-ms-file-creation-time": "2024-04-01T09:05:55.0000000Z",
        "x-ms-file-id": "11529285414812647424",
        "x-ms-file-last-write-time": "2024-04-01T12:16:06.0000000Z",
        "x-ms-file-parent-id": "13835128424026341376",
        "x-ms-file-permission-key": "7644204433482997301*8241620249767961789",
        "x-ms-request-id": "1abc8757-901a-0013-150b-c5f507000000",
        "x-ms-request-server-encrypted": "true",
        "x-ms-version": "2025-07-05"
      },
      "ResponseBody": null
    },
    {
      "RequestUri": "https://xmfxscnbn9pe18ex.file.preprod.core.windows.net/test-share-61de89b4-5678-90ef-a82f-a5cb6b222882/sourceFolder/item2?sv=Sanitized&ss=f&srt=sco&se=2025-05-15T20%3A07%3A39Z&sp=rwdxylacuptfi&sig=Sanitized",
      "RequestMethod": "PUT",
      "RequestHeaders": {
        "Accept": "application/xml",
        "Content-Length": "0",
        "traceparent": "00-6698d6db2c2e1e24c243866e3c9a9107-a1f9f6e3558d88ba-00",
        "User-Agent": "azsdk-net-Storage.Files.Shares/12.23.0-alpha.20250514.1 (.NET 8.0.16; Microsoft Windows 10.0.26100)",
        "x-ms-cache-control": "no-cache",
        "x-ms-client-request-id": "Sanitized",
        "x-ms-content-disposition": "inline",
        "x-ms-content-language": "en-US,en-CA",
        "x-ms-content-length": "1024",
        "x-ms-file-attributes": "None",
        "x-ms-file-change-time": "2024-04-01T13:30:03.0000000Z",
        "x-ms-file-creation-time": "2024-04-01T09:05:55.0000000Z",
        "x-ms-file-last-write-time": "2024-04-01T12:16:06.0000000Z",
        "x-ms-meta-Capital": "letter",
        "x-ms-meta-foo": "bar",
        "x-ms-meta-meta": "data",
        "x-ms-meta-UPPER": "case",
        "x-ms-return-client-request-id": "true",
        "x-ms-type": "file",
        "x-ms-version": "2025-07-05"
      },
      "RequestBody": null,
      "StatusCode": 201,
      "ResponseHeaders": {
        "Date": "Wed, 14 May 2025 20:07:36 GMT",
        "ETag": "\"0x8DD9322F8E2BFEA\"",
        "Last-Modified": "Wed, 14 May 2025 20:07:37 GMT",
        "Server": [
          "Windows-Azure-File/1.0",
          "Microsoft-HTTPAPI/2.0"
        ],
        "Transfer-Encoding": "chunked",
        "x-ms-client-request-id": "Sanitized",
        "x-ms-file-attributes": "Archive",
        "x-ms-file-change-time": "2024-04-01T13:30:03.0000000Z",
        "x-ms-file-creation-time": "2024-04-01T09:05:55.0000000Z",
        "x-ms-file-id": "16140971433240035328",
        "x-ms-file-last-write-time": "2024-04-01T12:16:06.0000000Z",
        "x-ms-file-parent-id": "13835128424026341376",
        "x-ms-file-permission-key": "7644204433482997301*8241620249767961789",
        "x-ms-request-id": "1abc8758-901a-0013-160b-c5f507000000",
        "x-ms-request-server-encrypted": "true",
        "x-ms-version": "2025-07-05"
      },
      "ResponseBody": null
    },
    {
      "RequestUri": "https://xmfxscnbn9pe18ex.file.preprod.core.windows.net/test-share-61de89b4-5678-90ef-a82f-a5cb6b222882/sourceFolder/bar?sv=Sanitized&ss=f&srt=sco&se=2025-05-15T20%3A07%3A39Z&sp=rwdxylacuptfi&sig=Sanitized&restype=directory",
      "RequestMethod": "PUT",
      "RequestHeaders": {
        "Accept": "application/xml",
        "Content-Length": "0",
        "traceparent": "00-b087e2034693eb74263f9104f083698d-d1fdc1436ef7262a-00",
        "User-Agent": "azsdk-net-Storage.Files.Shares/12.23.0-alpha.20250514.1 (.NET 8.0.16; Microsoft Windows 10.0.26100)",
        "x-ms-client-request-id": "Sanitized",
        "x-ms-return-client-request-id": "true",
        "x-ms-version": "2025-07-05"
      },
      "RequestBody": null,
      "StatusCode": 201,
      "ResponseHeaders": {
        "Date": "Wed, 14 May 2025 20:07:36 GMT",
        "ETag": "\"0x8DD9322F8E6D9FE\"",
        "Last-Modified": "Wed, 14 May 2025 20:07:37 GMT",
        "Server": [
          "Windows-Azure-File/1.0",
          "Microsoft-HTTPAPI/2.0"
        ],
        "Transfer-Encoding": "chunked",
        "x-ms-client-request-id": "Sanitized",
        "x-ms-file-attributes": "Directory",
        "x-ms-file-change-time": "2025-05-14T20:07:37.0528254Z",
        "x-ms-file-creation-time": "2025-05-14T20:07:37.0528254Z",
        "x-ms-file-id": "10376363910205800448",
        "x-ms-file-last-write-time": "2025-05-14T20:07:37.0528254Z",
        "x-ms-file-parent-id": "13835128424026341376",
        "x-ms-file-permission-key": "7644204433482997301*8241620249767961789",
        "x-ms-request-id": "1abc8759-901a-0013-170b-c5f507000000",
        "x-ms-request-server-encrypted": "true",
        "x-ms-version": "2025-07-05"
      },
      "ResponseBody": null
    },
    {
      "RequestUri": "https://xmfxscnbn9pe18ex.file.preprod.core.windows.net/test-share-61de89b4-5678-90ef-a82f-a5cb6b222882/sourceFolder/bar/item3?sv=Sanitized&ss=f&srt=sco&se=2025-05-15T20%3A07%3A39Z&sp=rwdxylacuptfi&sig=Sanitized",
      "RequestMethod": "PUT",
      "RequestHeaders": {
        "Accept": "application/xml",
        "Content-Length": "0",
        "traceparent": "00-8a65c3f441124aeff624bf0fe33046bc-17e8eec6c2e8714f-00",
        "User-Agent": "azsdk-net-Storage.Files.Shares/12.23.0-alpha.20250514.1 (.NET 8.0.16; Microsoft Windows 10.0.26100)",
        "x-ms-cache-control": "no-cache",
        "x-ms-client-request-id": "Sanitized",
        "x-ms-content-disposition": "inline",
        "x-ms-content-language": "en-US,en-CA",
        "x-ms-content-length": "1024",
        "x-ms-file-attributes": "None",
        "x-ms-file-change-time": "2024-04-01T13:30:03.0000000Z",
        "x-ms-file-creation-time": "2024-04-01T09:05:55.0000000Z",
        "x-ms-file-last-write-time": "2024-04-01T12:16:06.0000000Z",
        "x-ms-meta-Capital": "letter",
        "x-ms-meta-foo": "bar",
        "x-ms-meta-meta": "data",
        "x-ms-meta-UPPER": "case",
        "x-ms-return-client-request-id": "true",
        "x-ms-type": "file",
        "x-ms-version": "2025-07-05"
      },
      "RequestBody": null,
      "StatusCode": 201,
      "ResponseHeaders": {
        "Date": "Wed, 14 May 2025 20:07:36 GMT",
        "ETag": "\"0x8DD9322F8EAF416\"",
        "Last-Modified": "Wed, 14 May 2025 20:07:37 GMT",
        "Server": [
          "Windows-Azure-File/1.0",
          "Microsoft-HTTPAPI/2.0"
        ],
        "Transfer-Encoding": "chunked",
        "x-ms-client-request-id": "Sanitized",
        "x-ms-file-attributes": "Archive",
        "x-ms-file-change-time": "2024-04-01T13:30:03.0000000Z",
        "x-ms-file-creation-time": "2024-04-01T09:05:55.0000000Z",
        "x-ms-file-id": "14988049928633188352",
        "x-ms-file-last-write-time": "2024-04-01T12:16:06.0000000Z",
        "x-ms-file-parent-id": "10376363910205800448",
        "x-ms-file-permission-key": "7644204433482997301*8241620249767961789",
        "x-ms-request-id": "1abc875a-901a-0013-180b-c5f507000000",
        "x-ms-request-server-encrypted": "true",
        "x-ms-version": "2025-07-05"
      },
      "ResponseBody": null
    },
    {
      "RequestUri": "https://xmfxscnbn9pe18ex.file.preprod.core.windows.net/test-share-61de89b4-5678-90ef-a82f-a5cb6b222882/sourceFolder/pik?sv=Sanitized&ss=f&srt=sco&se=2025-05-15T20%3A07%3A39Z&sp=rwdxylacuptfi&sig=Sanitized&restype=directory",
      "RequestMethod": "PUT",
      "RequestHeaders": {
        "Accept": "application/xml",
        "Content-Length": "0",
        "traceparent": "00-c416299ffaf5bac0b027a3ce32511619-86509324d436d01f-00",
        "User-Agent": "azsdk-net-Storage.Files.Shares/12.23.0-alpha.20250514.1 (.NET 8.0.16; Microsoft Windows 10.0.26100)",
        "x-ms-client-request-id": "Sanitized",
        "x-ms-return-client-request-id": "true",
        "x-ms-version": "2025-07-05"
      },
      "RequestBody": null,
      "StatusCode": 201,
      "ResponseHeaders": {
        "Date": "Wed, 14 May 2025 20:07:36 GMT",
        "ETag": "\"0x8DD9322F8EF0E27\"",
        "Last-Modified": "Wed, 14 May 2025 20:07:37 GMT",
        "Server": [
          "Windows-Azure-File/1.0",
          "Microsoft-HTTPAPI/2.0"
        ],
        "Transfer-Encoding": "chunked",
        "x-ms-client-request-id": "Sanitized",
        "x-ms-file-attributes": "Directory",
        "x-ms-file-change-time": "2025-05-14T20:07:37.1065895Z",
        "x-ms-file-creation-time": "2025-05-14T20:07:37.1065895Z",
        "x-ms-file-id": "12682206919419494400",
        "x-ms-file-last-write-time": "2025-05-14T20:07:37.1065895Z",
        "x-ms-file-parent-id": "13835128424026341376",
        "x-ms-file-permission-key": "7644204433482997301*8241620249767961789",
        "x-ms-request-id": "1abc875b-901a-0013-190b-c5f507000000",
        "x-ms-request-server-encrypted": "true",
        "x-ms-version": "2025-07-05"
      },
      "ResponseBody": null
    },
    {
      "RequestUri": "https://xmfxscnbn9pe18ex.file.preprod.core.windows.net/test-share-61de89b4-5678-90ef-a82f-a5cb6b222882/sourceFolder/pik/item4?sv=Sanitized&ss=f&srt=sco&se=2025-05-15T20%3A07%3A39Z&sp=rwdxylacuptfi&sig=Sanitized",
      "RequestMethod": "PUT",
      "RequestHeaders": {
        "Accept": "application/xml",
        "Content-Length": "0",
        "traceparent": "00-9f61a837a96e1addb15e1b896b9b1b44-f25d1d12e883e7e5-00",
        "User-Agent": "azsdk-net-Storage.Files.Shares/12.23.0-alpha.20250514.1 (.NET 8.0.16; Microsoft Windows 10.0.26100)",
        "x-ms-cache-control": "no-cache",
        "x-ms-client-request-id": "Sanitized",
        "x-ms-content-disposition": "inline",
        "x-ms-content-language": "en-US,en-CA",
        "x-ms-content-length": "1024",
        "x-ms-file-attributes": "None",
        "x-ms-file-change-time": "2024-04-01T13:30:03.0000000Z",
        "x-ms-file-creation-time": "2024-04-01T09:05:55.0000000Z",
        "x-ms-file-last-write-time": "2024-04-01T12:16:06.0000000Z",
        "x-ms-meta-Capital": "letter",
        "x-ms-meta-foo": "bar",
        "x-ms-meta-meta": "data",
        "x-ms-meta-UPPER": "case",
        "x-ms-return-client-request-id": "true",
        "x-ms-type": "file",
        "x-ms-version": "2025-07-05"
      },
      "RequestBody": null,
      "StatusCode": 201,
      "ResponseHeaders": {
        "Date": "Wed, 14 May 2025 20:07:36 GMT",
        "ETag": "\"0x8DD9322F8F34F25\"",
        "Last-Modified": "Wed, 14 May 2025 20:07:37 GMT",
        "Server": [
          "Windows-Azure-File/1.0",
          "Microsoft-HTTPAPI/2.0"
        ],
        "Transfer-Encoding": "chunked",
        "x-ms-client-request-id": "Sanitized",
        "x-ms-file-attributes": "Archive",
        "x-ms-file-change-time": "2024-04-01T13:30:03.0000000Z",
        "x-ms-file-creation-time": "2024-04-01T09:05:55.0000000Z",
        "x-ms-file-id": "17293892937846882304",
        "x-ms-file-last-write-time": "2024-04-01T12:16:06.0000000Z",
        "x-ms-file-parent-id": "12682206919419494400",
        "x-ms-file-permission-key": "7644204433482997301*8241620249767961789",
        "x-ms-request-id": "1abc875c-901a-0013-1a0b-c5f507000000",
        "x-ms-request-server-encrypted": "true",
        "x-ms-version": "2025-07-05"
      },
      "ResponseBody": null
    },
    {
      "RequestUri": "https://xmfxscnbn9pe18ex.file.preprod.core.windows.net/test-share-0d152632-e02b-c421-dd08-802af1ddbdee/destFolder?restype=directory",
      "RequestMethod": "PUT",
      "RequestHeaders": {
        "Accept": "application/xml",
        "Authorization": "Sanitized",
        "Content-Length": "0",
        "traceparent": "00-769f0f9e5dde1c09358e29f5211ef5c0-f97b8ff7617a3058-00",
        "User-Agent": "azsdk-net-Storage.Files.Shares/12.23.0-alpha.20250514.1 (.NET 8.0.16; Microsoft Windows 10.0.26100)",
        "x-ms-client-request-id": "Sanitized",
        "x-ms-date": "Wed, 14 May 2025 20:07:39 GMT",
        "x-ms-return-client-request-id": "true",
        "x-ms-version": "2025-07-05"
      },
      "RequestBody": null,
      "StatusCode": 201,
      "ResponseHeaders": {
        "Date": "Wed, 14 May 2025 20:07:36 GMT",
        "ETag": "\"0x8DD9322F8F7DDE3\"",
        "Last-Modified": "Wed, 14 May 2025 20:07:37 GMT",
        "Server": [
          "Windows-Azure-File/1.0",
          "Microsoft-HTTPAPI/2.0"
        ],
        "Transfer-Encoding": "chunked",
        "x-ms-client-request-id": "Sanitized",
        "x-ms-file-attributes": "Directory",
        "x-ms-file-change-time": "2025-05-14T20:07:37.1643363Z",
        "x-ms-file-creation-time": "2025-05-14T20:07:37.1643363Z",
        "x-ms-file-id": "13835128424026341376",
        "x-ms-file-last-write-time": "2025-05-14T20:07:37.1643363Z",
        "x-ms-file-parent-id": "0",
        "x-ms-file-permission-key": "1926199100249633588*8241620249767961789",
        "x-ms-request-id": "1abc875d-901a-0013-1b0b-c5f507000000",
        "x-ms-request-server-encrypted": "true",
        "x-ms-version": "2025-07-05"
      },
      "ResponseBody": null
    },
    {
      "RequestUri": "https://xmfxscnbn9pe18ex.file.preprod.core.windows.net/test-share-61de89b4-5678-90ef-a82f-a5cb6b222882?sv=Sanitized&ss=f&srt=sco&se=2025-05-15T20%3A07%3A39Z&sp=rwdxylacuptfi&sig=Sanitized&restype=share",
      "RequestMethod": "GET",
      "RequestHeaders": {
        "Accept": "application/xml",
        "traceparent": "00-8265e41976770415d229af651fd041b6-55eead43527c9354-00",
        "User-Agent": "azsdk-net-Storage.Files.Shares/12.23.0-alpha.20250514.1 (.NET 8.0.16; Microsoft Windows 10.0.26100)",
        "x-ms-client-request-id": "Sanitized",
        "x-ms-return-client-request-id": "true",
        "x-ms-version": "2025-07-05"
      },
      "RequestBody": null,
      "StatusCode": 200,
      "ResponseHeaders": {
        "Date": "Wed, 14 May 2025 20:07:36 GMT",
        "ETag": "\"0x8DD9322F8CFE792\"",
        "Last-Modified": "Wed, 14 May 2025 20:07:36 GMT",
        "Server": [
          "Windows-Azure-File/1.0",
          "Microsoft-HTTPAPI/2.0"
        ],
        "Transfer-Encoding": "chunked",
        "x-ms-access-tier": "TransactionOptimized",
        "x-ms-access-tier-change-time": "Wed, 14 May 2025 20:07:36 GMT",
        "x-ms-client-request-id": "Sanitized",
        "x-ms-enabled-protocols": "SMB",
        "x-ms-has-immutability-policy": "false",
        "x-ms-has-legal-hold": "false",
        "x-ms-lease-state": "available",
        "x-ms-lease-status": "unlocked",
        "x-ms-request-id": "1abc875e-901a-0013-1c0b-c5f507000000",
        "x-ms-share-quota": "102400",
        "x-ms-version": "2025-07-05"
      },
      "ResponseBody": null
    },
    {
      "RequestUri": "https://xmfxscnbn9pe18ex.file.preprod.core.windows.net/test-share-0d152632-e02b-c421-dd08-802af1ddbdee?restype=share",
      "RequestMethod": "GET",
      "RequestHeaders": {
        "Accept": "application/xml",
        "Authorization": "Sanitized",
        "traceparent": "00-d65e375f2119ee8f00e983c3053f8a54-d644dff851cf8070-00",
        "User-Agent": "azsdk-net-Storage.Files.Shares/12.23.0-alpha.20250514.1 (.NET 8.0.16; Microsoft Windows 10.0.26100)",
        "x-ms-client-request-id": "Sanitized",
        "x-ms-date": "Wed, 14 May 2025 20:07:39 GMT",
        "x-ms-return-client-request-id": "true",
        "x-ms-version": "2025-07-05"
      },
      "RequestBody": null,
      "StatusCode": 200,
      "ResponseHeaders": {
        "Date": "Wed, 14 May 2025 20:07:36 GMT",
        "ETag": "\"0x8DD9322F8D50BAE\"",
        "Last-Modified": "Wed, 14 May 2025 20:07:36 GMT",
        "Server": [
          "Windows-Azure-File/1.0",
          "Microsoft-HTTPAPI/2.0"
        ],
        "Transfer-Encoding": "chunked",
        "x-ms-access-tier": "TransactionOptimized",
        "x-ms-access-tier-change-time": "Wed, 14 May 2025 20:07:36 GMT",
        "x-ms-client-request-id": "Sanitized",
        "x-ms-enabled-protocols": "SMB",
        "x-ms-has-immutability-policy": "false",
        "x-ms-has-legal-hold": "false",
        "x-ms-lease-state": "available",
        "x-ms-lease-status": "unlocked",
        "x-ms-request-id": "1abc875f-901a-0013-1d0b-c5f507000000",
        "x-ms-share-quota": "102400",
        "x-ms-version": "2025-07-05"
      },
      "ResponseBody": null
    },
    {
      "RequestUri": "https://xmfxscnbn9pe18ex.file.preprod.core.windows.net/test-share-61de89b4-5678-90ef-a82f-a5cb6b222882/sourceFolder?sv=Sanitized&ss=f&srt=sco&se=2025-05-15T20%3A07%3A39Z&sp=rwdxylacuptfi&sig=Sanitized&restype=directory&comp=list&include=Attributes%2CPermissionKey",
      "RequestMethod": "GET",
      "RequestHeaders": {
        "Accept": "application/xml",
        "traceparent": "00-7d6b26b924fab99baef86e8c02d2221c-96c2aa55661bb793-00",
        "User-Agent": "azsdk-net-Storage.Files.Shares/12.23.0-alpha.20250514.1 (.NET 8.0.16; Microsoft Windows 10.0.26100)",
        "x-ms-client-request-id": "Sanitized",
        "x-ms-return-client-request-id": "true",
        "x-ms-version": "2025-07-05"
      },
      "RequestBody": null,
      "StatusCode": 200,
      "ResponseHeaders": {
        "Content-Type": "application/xml",
        "Date": "Wed, 14 May 2025 20:07:36 GMT",
        "Server": [
          "Windows-Azure-File/1.0",
          "Microsoft-HTTPAPI/2.0"
        ],
        "Transfer-Encoding": "chunked",
        "x-ms-client-request-id": "Sanitized",
        "x-ms-request-id": "1abc8760-901a-0013-1e0b-c5f507000000",
        "x-ms-version": "2025-07-05"
      },
      "ResponseBody": "\uFEFF<?xml version=\"1.0\" encoding=\"utf-8\"?><EnumerationResults ServiceEndpoint=\"https://xmfxscnbn9pe18ex.file.preprod.core.windows.net/\" ShareName=\"test-share-61de89b4-5678-90ef-a82f-a5cb6b222882\" DirectoryPath=\"sourceFolder\"><DirectoryId>13835128424026341376</DirectoryId><Entries><Directory><Name>bar</Name><FileId>10376363910205800448</FileId><Properties /><Attributes>Directory</Attributes><PermissionKey>7644204433482997301*8241620249767961789</PermissionKey></Directory><File><Name>item1</Name><FileId>11529285414812647424</FileId><Properties><Content-Length>1024</Content-Length></Properties><Attributes>Archive</Attributes><PermissionKey>7644204433482997301*8241620249767961789</PermissionKey></File><File><Name>item2</Name><FileId>16140971433240035328</FileId><Properties><Content-Length>1024</Content-Length></Properties><Attributes>Archive</Attributes><PermissionKey>7644204433482997301*8241620249767961789</PermissionKey></File><Directory><Name>pik</Name><FileId>12682206919419494400</FileId><Properties /><Attributes>Directory</Attributes><PermissionKey>7644204433482997301*8241620249767961789</PermissionKey></Directory></Entries><NextMarker /></EnumerationResults>"
    },
    {
      "RequestUri": "https://xmfxscnbn9pe18ex.file.preprod.core.windows.net/test-share-61de89b4-5678-90ef-a82f-a5cb6b222882?sv=Sanitized&ss=f&srt=sco&se=2025-05-15T20%3A07%3A39Z&sp=rwdxylacuptfi&sig=Sanitized&restype=share&comp=filepermission",
      "RequestMethod": "GET",
      "RequestHeaders": {
        "Accept": "application/json",
        "traceparent": "00-39ed8483ea12baaf86ddc43b990b5a52-3f2c8503b3ba8324-00",
        "User-Agent": "azsdk-net-Storage.Files.Shares/12.23.0-alpha.20250514.1 (.NET 8.0.16; Microsoft Windows 10.0.26100)",
        "x-ms-client-request-id": "Sanitized",
        "x-ms-file-permission-key": "7644204433482997301*8241620249767961789",
        "x-ms-return-client-request-id": "true",
        "x-ms-version": "2025-07-05"
      },
      "RequestBody": null,
      "StatusCode": 200,
      "ResponseHeaders": {
        "Content-Length": "149",
        "Date": "Wed, 14 May 2025 20:07:36 GMT",
        "Server": [
          "Windows-Azure-File/1.0",
          "Microsoft-HTTPAPI/2.0"
        ],
        "x-ms-client-request-id": "Sanitized",
        "x-ms-request-id": "1abc8761-901a-0013-1f0b-c5f507000000",
        "x-ms-version": "2025-07-05"
      },
      "ResponseBody": "eyJwZXJtaXNzaW9uIjoiTzpTWUc6U1lEOihBOztGQTs7O1NZKShBOztGQTs7O1MtMS01LTg1LTgwMDEwMTYxMy0zNDA0NjcyMjIwLTEyNjE0NDE0NDMtMzIyNzgwMDc5NC0yMjk2MjQ5NzQ3KShBOztGQTs7O0JBKShBOzs7OztPVykiLCJmb3JtYXQiOiJzZGRsIn0="
    },
    {
      "RequestUri": "https://xmfxscnbn9pe18ex.file.preprod.core.windows.net/test-share-0d152632-e02b-c421-dd08-802af1ddbdee?restype=share&comp=filepermission",
      "RequestMethod": "PUT",
      "RequestHeaders": {
        "Accept": "application/xml",
        "Authorization": "Sanitized",
        "Content-Length": "133",
        "Content-Type": "application/json",
        "traceparent": "00-3bbbf72091cecd87ebc3237e0f6b7dd8-105f84dfd809f6be-00",
        "User-Agent": "azsdk-net-Storage.Files.Shares/12.23.0-alpha.20250514.1 (.NET 8.0.16; Microsoft Windows 10.0.26100)",
        "x-ms-client-request-id": "Sanitized",
        "x-ms-date": "Wed, 14 May 2025 20:07:40 GMT",
        "x-ms-return-client-request-id": "true",
        "x-ms-version": "2025-07-05"
      },
      "RequestBody": {
        "permission": "O:SYG:SYD:(A;;FA;;;SY)(A;;FA;;;S-1-5-85-800101613-3404672220-1261441443-3227800794-2296249747)(A;;FA;;;BA)(A;;;;;OW)"
      },
      "StatusCode": 201,
      "ResponseHeaders": {
        "Date": "Wed, 14 May 2025 20:07:36 GMT",
        "Server": [
          "Windows-Azure-File/1.0",
          "Microsoft-HTTPAPI/2.0"
        ],
        "Transfer-Encoding": "chunked",
        "x-ms-client-request-id": "Sanitized",
        "x-ms-file-permission-key": "3255633128955156629*8241620249767961789",
        "x-ms-request-id": "1abc8762-901a-0013-200b-c5f507000000",
        "x-ms-version": "2025-07-05"
      },
      "ResponseBody": null
    },
    {
      "RequestUri": "https://xmfxscnbn9pe18ex.file.preprod.core.windows.net/test-share-61de89b4-5678-90ef-a82f-a5cb6b222882/sourceFolder/bar?sv=Sanitized&ss=f&srt=sco&se=2025-05-15T20%3A07%3A39Z&sp=rwdxylacuptfi&sig=Sanitized&restype=directory",
      "RequestMethod": "GET",
      "RequestHeaders": {
        "Accept": "application/xml",
        "traceparent": "00-a7a1e88e5237ae99e1082b66defc2f62-7ca50c7c588e892f-00",
        "User-Agent": "azsdk-net-Storage.Files.Shares/12.23.0-alpha.20250514.1 (.NET 8.0.16; Microsoft Windows 10.0.26100)",
        "x-ms-client-request-id": "Sanitized",
        "x-ms-return-client-request-id": "true",
        "x-ms-version": "2025-07-05"
      },
      "RequestBody": null,
      "StatusCode": 200,
      "ResponseHeaders": {
        "Date": "Wed, 14 May 2025 20:07:36 GMT",
        "ETag": "\"0x8DD9322F8E6D9FE\"",
        "Last-Modified": "Wed, 14 May 2025 20:07:37 GMT",
        "Server": [
          "Windows-Azure-File/1.0",
          "Microsoft-HTTPAPI/2.0"
        ],
        "Transfer-Encoding": "chunked",
        "x-ms-client-request-id": "Sanitized",
        "x-ms-file-attributes": "Directory",
        "x-ms-file-change-time": "2025-05-14T20:07:37.0528254Z",
        "x-ms-file-creation-time": "2025-05-14T20:07:37.0528254Z",
        "x-ms-file-id": "10376363910205800448",
        "x-ms-file-last-write-time": "2025-05-14T20:07:37.0528254Z",
        "x-ms-file-parent-id": "13835128424026341376",
        "x-ms-file-permission-key": "7644204433482997301*8241620249767961789",
        "x-ms-request-id": "1abc8763-901a-0013-210b-c5f507000000",
        "x-ms-server-encrypted": "true",
        "x-ms-version": "2025-07-05"
      },
      "ResponseBody": null
    },
    {
      "RequestUri": "https://xmfxscnbn9pe18ex.file.preprod.core.windows.net/test-share-0d152632-e02b-c421-dd08-802af1ddbdee/destFolder/bar?restype=directory",
      "RequestMethod": "PUT",
      "RequestHeaders": {
        "Accept": "application/xml",
        "Authorization": "Sanitized",
        "Content-Length": "0",
        "traceparent": "00-8f31fd53cbc082b2b3c50c71fd81179b-5746bd57882e33e3-00",
        "User-Agent": "azsdk-net-Storage.Files.Shares/12.23.0-alpha.20250514.1 (.NET 8.0.16; Microsoft Windows 10.0.26100)",
        "x-ms-client-request-id": "Sanitized",
        "x-ms-date": "Wed, 14 May 2025 20:07:40 GMT",
        "x-ms-file-attributes": "Directory",
        "x-ms-file-change-time": "2025-05-14T20:07:37.0528254Z",
        "x-ms-file-creation-time": "2025-05-14T20:07:37.0528254Z",
        "x-ms-file-last-write-time": "2025-05-14T20:07:37.0528254Z",
        "x-ms-file-permission-key": "3255633128955156629*8241620249767961789",
        "x-ms-return-client-request-id": "true",
        "x-ms-version": "2025-07-05"
      },
      "RequestBody": null,
      "StatusCode": 201,
      "ResponseHeaders": {
        "Date": "Wed, 14 May 2025 20:07:36 GMT",
        "ETag": "\"0x8DD9322F9157DD5\"",
        "Last-Modified": "Wed, 14 May 2025 20:07:37 GMT",
        "Server": [
          "Windows-Azure-File/1.0",
          "Microsoft-HTTPAPI/2.0"
        ],
        "Transfer-Encoding": "chunked",
        "x-ms-client-request-id": "Sanitized",
        "x-ms-file-attributes": "Directory",
        "x-ms-file-change-time": "2025-05-14T20:07:37.0528254Z",
        "x-ms-file-creation-time": "2025-05-14T20:07:37.0528254Z",
        "x-ms-file-id": "11529285414812647424",
        "x-ms-file-last-write-time": "2025-05-14T20:07:37.0528254Z",
        "x-ms-file-parent-id": "13835128424026341376",
        "x-ms-file-permission-key": "7346430682703463653*8241620249767961789",
        "x-ms-request-id": "1abc8764-901a-0013-220b-c5f507000000",
        "x-ms-request-server-encrypted": "true",
        "x-ms-version": "2025-07-05"
      },
      "ResponseBody": null
    },
    {
      "RequestUri": "https://xmfxscnbn9pe18ex.file.preprod.core.windows.net/test-share-61de89b4-5678-90ef-a82f-a5cb6b222882/sourceFolder/pik?sv=Sanitized&ss=f&srt=sco&se=2025-05-15T20%3A07%3A39Z&sp=rwdxylacuptfi&sig=Sanitized&restype=directory",
      "RequestMethod": "GET",
      "RequestHeaders": {
        "Accept": "application/xml",
        "traceparent": "00-3dc67b0d14fd593701353e7d553182dc-874ce8af1681af91-00",
        "User-Agent": "azsdk-net-Storage.Files.Shares/12.23.0-alpha.20250514.1 (.NET 8.0.16; Microsoft Windows 10.0.26100)",
        "x-ms-client-request-id": "Sanitized",
        "x-ms-return-client-request-id": "true",
        "x-ms-version": "2025-07-05"
      },
      "RequestBody": null,
      "StatusCode": 200,
      "ResponseHeaders": {
        "Date": "Wed, 14 May 2025 20:07:36 GMT",
        "ETag": "\"0x8DD9322F8EF0E27\"",
        "Last-Modified": "Wed, 14 May 2025 20:07:37 GMT",
        "Server": [
          "Windows-Azure-File/1.0",
          "Microsoft-HTTPAPI/2.0"
        ],
        "Transfer-Encoding": "chunked",
        "x-ms-client-request-id": "Sanitized",
        "x-ms-file-attributes": "Directory",
        "x-ms-file-change-time": "2025-05-14T20:07:37.1065895Z",
        "x-ms-file-creation-time": "2025-05-14T20:07:37.1065895Z",
        "x-ms-file-id": "12682206919419494400",
        "x-ms-file-last-write-time": "2025-05-14T20:07:37.1065895Z",
        "x-ms-file-parent-id": "13835128424026341376",
        "x-ms-file-permission-key": "7644204433482997301*8241620249767961789",
        "x-ms-request-id": "1abc8765-901a-0013-230b-c5f507000000",
        "x-ms-server-encrypted": "true",
        "x-ms-version": "2025-07-05"
      },
      "ResponseBody": null
    },
    {
      "RequestUri": "https://xmfxscnbn9pe18ex.file.preprod.core.windows.net/test-share-0d152632-e02b-c421-dd08-802af1ddbdee/destFolder/pik?restype=directory",
      "RequestMethod": "PUT",
      "RequestHeaders": {
        "Accept": "application/xml",
        "Authorization": "Sanitized",
        "Content-Length": "0",
        "traceparent": "00-e2e6b079ecccfa47f58b03fdd1a12c46-97d49eaaed3a6b10-00",
        "User-Agent": "azsdk-net-Storage.Files.Shares/12.23.0-alpha.20250514.1 (.NET 8.0.16; Microsoft Windows 10.0.26100)",
        "x-ms-client-request-id": "Sanitized",
        "x-ms-date": "Wed, 14 May 2025 20:07:40 GMT",
        "x-ms-file-attributes": "Directory",
        "x-ms-file-change-time": "2025-05-14T20:07:37.1065895Z",
        "x-ms-file-creation-time": "2025-05-14T20:07:37.1065895Z",
        "x-ms-file-last-write-time": "2025-05-14T20:07:37.1065895Z",
        "x-ms-file-permission-key": "3255633128955156629*8241620249767961789",
        "x-ms-return-client-request-id": "true",
        "x-ms-version": "2025-07-05"
      },
      "RequestBody": null,
      "StatusCode": 201,
      "ResponseHeaders": {
        "Date": "Wed, 14 May 2025 20:07:36 GMT",
        "ETag": "\"0x8DD9322F91E4D8C\"",
        "Last-Modified": "Wed, 14 May 2025 20:07:37 GMT",
        "Server": [
          "Windows-Azure-File/1.0",
          "Microsoft-HTTPAPI/2.0"
        ],
        "Transfer-Encoding": "chunked",
        "x-ms-client-request-id": "Sanitized",
        "x-ms-file-attributes": "Directory",
        "x-ms-file-change-time": "2025-05-14T20:07:37.1065895Z",
        "x-ms-file-creation-time": "2025-05-14T20:07:37.1065895Z",
        "x-ms-file-id": "16140971433240035328",
        "x-ms-file-last-write-time": "2025-05-14T20:07:37.1065895Z",
        "x-ms-file-parent-id": "13835128424026341376",
        "x-ms-file-permission-key": "7346430682703463653*8241620249767961789",
        "x-ms-request-id": "1abc8766-901a-0013-240b-c5f507000000",
        "x-ms-request-server-encrypted": "true",
        "x-ms-version": "2025-07-05"
      },
      "ResponseBody": null
    },
    {
      "RequestUri": "https://xmfxscnbn9pe18ex.file.preprod.core.windows.net/test-share-61de89b4-5678-90ef-a82f-a5cb6b222882/sourceFolder/bar?sv=Sanitized&ss=f&srt=sco&se=2025-05-15T20%3A07%3A39Z&sp=rwdxylacuptfi&sig=Sanitized&restype=directory&comp=list&include=Attributes%2CPermissionKey",
      "RequestMethod": "GET",
      "RequestHeaders": {
        "Accept": "application/xml",
        "traceparent": "00-ebd6b648c38b601922e67aa265e06b94-8cbce77c973698f4-00",
        "User-Agent": "azsdk-net-Storage.Files.Shares/12.23.0-alpha.20250514.1 (.NET 8.0.16; Microsoft Windows 10.0.26100)",
        "x-ms-client-request-id": "Sanitized",
        "x-ms-return-client-request-id": "true",
        "x-ms-version": "2025-07-05"
      },
      "RequestBody": null,
      "StatusCode": 200,
      "ResponseHeaders": {
        "Content-Type": "application/xml",
        "Date": "Wed, 14 May 2025 20:07:36 GMT",
        "Server": [
          "Windows-Azure-File/1.0",
          "Microsoft-HTTPAPI/2.0"
        ],
        "Transfer-Encoding": "chunked",
        "x-ms-client-request-id": "Sanitized",
        "x-ms-request-id": "1abc8767-901a-0013-250b-c5f507000000",
        "x-ms-version": "2025-07-05"
      },
      "ResponseBody": "\uFEFF<?xml version=\"1.0\" encoding=\"utf-8\"?><EnumerationResults ServiceEndpoint=\"https://xmfxscnbn9pe18ex.file.preprod.core.windows.net/\" ShareName=\"test-share-61de89b4-5678-90ef-a82f-a5cb6b222882\" DirectoryPath=\"sourceFolder/bar\"><DirectoryId>10376363910205800448</DirectoryId><Entries><File><Name>item3</Name><FileId>14988049928633188352</FileId><Properties><Content-Length>1024</Content-Length></Properties><Attributes>Archive</Attributes><PermissionKey>7644204433482997301*8241620249767961789</PermissionKey></File></Entries><NextMarker /></EnumerationResults>"
    },
    {
      "RequestUri": "https://xmfxscnbn9pe18ex.file.preprod.core.windows.net/test-share-61de89b4-5678-90ef-a82f-a5cb6b222882/sourceFolder/item2?sv=Sanitized&ss=f&srt=sco&se=2025-05-15T20%3A07%3A39Z&sp=rwdxylacuptfi&sig=Sanitized",
      "RequestMethod": "HEAD",
      "RequestHeaders": {
        "Accept": "application/xml",
        "traceparent": "00-94b662f59f1665caae38001f6650be93-7b4eef8811629fe4-00",
        "User-Agent": "azsdk-net-Storage.Files.Shares/12.23.0-alpha.20250514.1 (.NET 8.0.16; Microsoft Windows 10.0.26100)",
        "x-ms-client-request-id": "Sanitized",
        "x-ms-return-client-request-id": "true",
        "x-ms-version": "2025-07-05"
      },
      "RequestBody": null,
      "StatusCode": 200,
      "ResponseHeaders": {
        "Cache-Control": "no-cache",
        "Content-Disposition": "inline",
        "Content-Language": [
          "en-US",
          "en-CA"
        ],
        "Content-Length": "1024",
        "Content-Type": "application/octet-stream",
        "Date": "Wed, 14 May 2025 20:07:36 GMT",
        "ETag": "\"0x8DD9322F8E2BFEA\"",
        "Last-Modified": "Wed, 14 May 2025 20:07:37 GMT",
        "Server": [
          "Windows-Azure-File/1.0",
          "Microsoft-HTTPAPI/2.0"
        ],
        "x-ms-client-request-id": "Sanitized",
        "x-ms-file-attributes": "Archive",
        "x-ms-file-change-time": "2024-04-01T13:30:03.0000000Z",
        "x-ms-file-creation-time": "2024-04-01T09:05:55.0000000Z",
        "x-ms-file-id": "16140971433240035328",
        "x-ms-file-last-write-time": "2024-04-01T12:16:06.0000000Z",
        "x-ms-file-parent-id": "13835128424026341376",
        "x-ms-file-permission-key": "7644204433482997301*8241620249767961789",
        "x-ms-lease-state": "available",
        "x-ms-lease-status": "unlocked",
        "x-ms-meta-Capital": "letter",
        "x-ms-meta-foo": "bar",
        "x-ms-meta-meta": "data",
        "x-ms-meta-UPPER": "case",
        "x-ms-request-id": "6077625d-001a-001d-1d0b-c5190c000000",
        "x-ms-server-encrypted": "true",
        "x-ms-type": "File",
        "x-ms-version": "2025-07-05"
      },
      "ResponseBody": null
    },
    {
      "RequestUri": "https://xmfxscnbn9pe18ex.file.preprod.core.windows.net/test-share-61de89b4-5678-90ef-a82f-a5cb6b222882/sourceFolder/item1?sv=Sanitized&ss=f&srt=sco&se=2025-05-15T20%3A07%3A39Z&sp=rwdxylacuptfi&sig=Sanitized",
      "RequestMethod": "HEAD",
      "RequestHeaders": {
        "Accept": "application/xml",
        "traceparent": "00-17bf87c7347b7bb1b9667d4bb934d85a-c83a520d452c52dc-00",
        "User-Agent": "azsdk-net-Storage.Files.Shares/12.23.0-alpha.20250514.1 (.NET 8.0.16; Microsoft Windows 10.0.26100)",
        "x-ms-client-request-id": "Sanitized",
        "x-ms-return-client-request-id": "true",
        "x-ms-version": "2025-07-05"
      },
      "RequestBody": null,
      "StatusCode": 200,
      "ResponseHeaders": {
        "Cache-Control": "no-cache",
        "Content-Disposition": "inline",
        "Content-Language": [
          "en-US",
          "en-CA"
        ],
        "Content-Length": "1024",
        "Content-Type": "application/octet-stream",
        "Date": "Wed, 14 May 2025 20:07:36 GMT",
        "ETag": "\"0x8DD9322F8DDE370\"",
        "Last-Modified": "Wed, 14 May 2025 20:07:36 GMT",
        "Server": [
          "Windows-Azure-File/1.0",
          "Microsoft-HTTPAPI/2.0"
        ],
        "x-ms-client-request-id": "Sanitized",
        "x-ms-file-attributes": "Archive",
        "x-ms-file-change-time": "2024-04-01T13:30:03.0000000Z",
        "x-ms-file-creation-time": "2024-04-01T09:05:55.0000000Z",
        "x-ms-file-id": "11529285414812647424",
        "x-ms-file-last-write-time": "2024-04-01T12:16:06.0000000Z",
        "x-ms-file-parent-id": "13835128424026341376",
        "x-ms-file-permission-key": "7644204433482997301*8241620249767961789",
        "x-ms-lease-state": "available",
        "x-ms-lease-status": "unlocked",
        "x-ms-meta-Capital": "letter",
        "x-ms-meta-foo": "bar",
        "x-ms-meta-meta": "data",
        "x-ms-meta-UPPER": "case",
        "x-ms-request-id": "7f687dd2-401a-0011-760b-c5f7fd000000",
        "x-ms-server-encrypted": "true",
        "x-ms-type": "File",
        "x-ms-version": "2025-07-05"
      },
      "ResponseBody": null
    },
    {
      "RequestUri": "https://xmfxscnbn9pe18ex.file.preprod.core.windows.net/test-share-61de89b4-5678-90ef-a82f-a5cb6b222882/sourceFolder/pik?sv=Sanitized&ss=f&srt=sco&se=2025-05-15T20%3A07%3A39Z&sp=rwdxylacuptfi&sig=Sanitized&restype=directory&comp=list&include=Attributes%2CPermissionKey",
      "RequestMethod": "GET",
      "RequestHeaders": {
        "Accept": "application/xml",
        "traceparent": "00-ccdea73823f71d292fcb115afd6e534f-e966aa3ec0bda66d-00",
        "User-Agent": "azsdk-net-Storage.Files.Shares/12.23.0-alpha.20250514.1 (.NET 8.0.16; Microsoft Windows 10.0.26100)",
        "x-ms-client-request-id": "Sanitized",
        "x-ms-return-client-request-id": "true",
        "x-ms-version": "2025-07-05"
      },
      "RequestBody": null,
      "StatusCode": 200,
      "ResponseHeaders": {
        "Content-Type": "application/xml",
        "Date": "Wed, 14 May 2025 20:07:36 GMT",
        "Server": [
          "Windows-Azure-File/1.0",
          "Microsoft-HTTPAPI/2.0"
        ],
        "Transfer-Encoding": "chunked",
        "x-ms-client-request-id": "Sanitized",
        "x-ms-request-id": "1abc8768-901a-0013-260b-c5f507000000",
        "x-ms-version": "2025-07-05"
      },
      "ResponseBody": "\uFEFF<?xml version=\"1.0\" encoding=\"utf-8\"?><EnumerationResults ServiceEndpoint=\"https://xmfxscnbn9pe18ex.file.preprod.core.windows.net/\" ShareName=\"test-share-61de89b4-5678-90ef-a82f-a5cb6b222882\" DirectoryPath=\"sourceFolder/pik\"><DirectoryId>12682206919419494400</DirectoryId><Entries><File><Name>item4</Name><FileId>17293892937846882304</FileId><Properties><Content-Length>1024</Content-Length></Properties><Attributes>Archive</Attributes><PermissionKey>7644204433482997301*8241620249767961789</PermissionKey></File></Entries><NextMarker /></EnumerationResults>"
    },
    {
      "RequestUri": "https://xmfxscnbn9pe18ex.file.preprod.core.windows.net/test-share-61de89b4-5678-90ef-a82f-a5cb6b222882/sourceFolder/item1?sv=Sanitized&ss=f&srt=sco&se=2025-05-15T20%3A07%3A39Z&sp=rwdxylacuptfi&sig=Sanitized",
      "RequestMethod": "HEAD",
      "RequestHeaders": {
        "Accept": "application/xml",
        "traceparent": "00-88dd06e3645547d1d9144111143cd02e-d9d2daa5a03d9b3c-00",
        "User-Agent": "azsdk-net-Storage.Files.Shares/12.23.0-alpha.20250514.1 (.NET 8.0.16; Microsoft Windows 10.0.26100)",
        "x-ms-client-request-id": "Sanitized",
        "x-ms-return-client-request-id": "true",
        "x-ms-version": "2025-07-05"
      },
      "RequestBody": null,
      "StatusCode": 200,
      "ResponseHeaders": {
        "Cache-Control": "no-cache",
        "Content-Disposition": "inline",
        "Content-Language": [
          "en-US",
          "en-CA"
        ],
        "Content-Length": "1024",
        "Content-Type": "application/octet-stream",
        "Date": "Wed, 14 May 2025 20:07:36 GMT",
        "ETag": "\"0x8DD9322F8DDE370\"",
        "Last-Modified": "Wed, 14 May 2025 20:07:36 GMT",
        "Server": [
          "Windows-Azure-File/1.0",
          "Microsoft-HTTPAPI/2.0"
        ],
        "x-ms-client-request-id": "Sanitized",
        "x-ms-file-attributes": "Archive",
        "x-ms-file-change-time": "2024-04-01T13:30:03.0000000Z",
        "x-ms-file-creation-time": "2024-04-01T09:05:55.0000000Z",
        "x-ms-file-id": "11529285414812647424",
        "x-ms-file-last-write-time": "2024-04-01T12:16:06.0000000Z",
        "x-ms-file-parent-id": "13835128424026341376",
        "x-ms-file-permission-key": "7644204433482997301*8241620249767961789",
        "x-ms-lease-state": "available",
        "x-ms-lease-status": "unlocked",
        "x-ms-meta-Capital": "letter",
        "x-ms-meta-foo": "bar",
        "x-ms-meta-meta": "data",
        "x-ms-meta-UPPER": "case",
        "x-ms-request-id": "7f687dd9-401a-0011-7b0b-c5f7fd000000",
        "x-ms-server-encrypted": "true",
        "x-ms-type": "File",
        "x-ms-version": "2025-07-05"
      },
      "ResponseBody": null
    },
    {
      "RequestUri": "https://xmfxscnbn9pe18ex.file.preprod.core.windows.net/test-share-61de89b4-5678-90ef-a82f-a5cb6b222882/sourceFolder/bar/item3?sv=Sanitized&ss=f&srt=sco&se=2025-05-15T20%3A07%3A39Z&sp=rwdxylacuptfi&sig=Sanitized",
      "RequestMethod": "HEAD",
      "RequestHeaders": {
        "Accept": "application/xml",
        "traceparent": "00-30d5dbf2b5fd366390fae59ed686c0ae-817207dbbfd2daf7-00",
        "User-Agent": "azsdk-net-Storage.Files.Shares/12.23.0-alpha.20250514.1 (.NET 8.0.16; Microsoft Windows 10.0.26100)",
        "x-ms-client-request-id": "Sanitized",
        "x-ms-return-client-request-id": "true",
        "x-ms-version": "2025-07-05"
      },
      "RequestBody": null,
      "StatusCode": 200,
      "ResponseHeaders": {
        "Cache-Control": "no-cache",
        "Content-Disposition": "inline",
        "Content-Language": [
          "en-US",
          "en-CA"
        ],
        "Content-Length": "1024",
        "Content-Type": "application/octet-stream",
        "Date": "Wed, 14 May 2025 20:07:36 GMT",
        "ETag": "\"0x8DD9322F8EAF416\"",
        "Last-Modified": "Wed, 14 May 2025 20:07:37 GMT",
        "Server": [
          "Windows-Azure-File/1.0",
          "Microsoft-HTTPAPI/2.0"
        ],
        "x-ms-client-request-id": "Sanitized",
        "x-ms-file-attributes": "Archive",
        "x-ms-file-change-time": "2024-04-01T13:30:03.0000000Z",
        "x-ms-file-creation-time": "2024-04-01T09:05:55.0000000Z",
        "x-ms-file-id": "14988049928633188352",
        "x-ms-file-last-write-time": "2024-04-01T12:16:06.0000000Z",
        "x-ms-file-parent-id": "10376363910205800448",
        "x-ms-file-permission-key": "7644204433482997301*8241620249767961789",
        "x-ms-lease-state": "available",
        "x-ms-lease-status": "unlocked",
        "x-ms-meta-Capital": "letter",
        "x-ms-meta-foo": "bar",
        "x-ms-meta-meta": "data",
        "x-ms-meta-UPPER": "case",
        "x-ms-request-id": "60776266-001a-001d-220b-c5190c000000",
        "x-ms-server-encrypted": "true",
        "x-ms-type": "File",
        "x-ms-version": "2025-07-05"
      },
      "ResponseBody": null
    },
    {
      "RequestUri": "https://xmfxscnbn9pe18ex.file.preprod.core.windows.net/test-share-61de89b4-5678-90ef-a82f-a5cb6b222882/sourceFolder/item2?sv=Sanitized&ss=f&srt=sco&se=2025-05-15T20%3A07%3A39Z&sp=rwdxylacuptfi&sig=Sanitized",
      "RequestMethod": "HEAD",
      "RequestHeaders": {
        "Accept": "application/xml",
        "traceparent": "00-8fbbeedad79dc4b52a5245a6efce8cc0-8805e78b60341a85-00",
        "User-Agent": "azsdk-net-Storage.Files.Shares/12.23.0-alpha.20250514.1 (.NET 8.0.16; Microsoft Windows 10.0.26100)",
        "x-ms-client-request-id": "Sanitized",
        "x-ms-return-client-request-id": "true",
        "x-ms-version": "2025-07-05"
      },
      "RequestBody": null,
      "StatusCode": 200,
      "ResponseHeaders": {
        "Cache-Control": "no-cache",
        "Content-Disposition": "inline",
        "Content-Language": [
          "en-US",
          "en-CA"
        ],
        "Content-Length": "1024",
        "Content-Type": "application/octet-stream",
        "Date": "Wed, 14 May 2025 20:07:36 GMT",
        "ETag": "\"0x8DD9322F8E2BFEA\"",
        "Last-Modified": "Wed, 14 May 2025 20:07:37 GMT",
        "Server": [
          "Windows-Azure-File/1.0",
          "Microsoft-HTTPAPI/2.0"
        ],
        "x-ms-client-request-id": "Sanitized",
        "x-ms-file-attributes": "Archive",
        "x-ms-file-change-time": "2024-04-01T13:30:03.0000000Z",
        "x-ms-file-creation-time": "2024-04-01T09:05:55.0000000Z",
        "x-ms-file-id": "16140971433240035328",
        "x-ms-file-last-write-time": "2024-04-01T12:16:06.0000000Z",
        "x-ms-file-parent-id": "13835128424026341376",
        "x-ms-file-permission-key": "7644204433482997301*8241620249767961789",
        "x-ms-lease-state": "available",
        "x-ms-lease-status": "unlocked",
        "x-ms-meta-Capital": "letter",
        "x-ms-meta-foo": "bar",
        "x-ms-meta-meta": "data",
        "x-ms-meta-UPPER": "case",
        "x-ms-request-id": "c6fab7e0-701a-0019-7e0b-c5ec8e000000",
        "x-ms-server-encrypted": "true",
        "x-ms-type": "File",
        "x-ms-version": "2025-07-05"
      },
      "ResponseBody": null
    },
    {
      "RequestUri": "https://xmfxscnbn9pe18ex.file.preprod.core.windows.net/test-share-61de89b4-5678-90ef-a82f-a5cb6b222882/sourceFolder/pik/item4?sv=Sanitized&ss=f&srt=sco&se=2025-05-15T20%3A07%3A39Z&sp=rwdxylacuptfi&sig=Sanitized",
      "RequestMethod": "HEAD",
      "RequestHeaders": {
        "Accept": "application/xml",
        "traceparent": "00-126dd67e84f66806625a849e179743bc-d2fbf1daff635d3a-00",
        "User-Agent": "azsdk-net-Storage.Files.Shares/12.23.0-alpha.20250514.1 (.NET 8.0.16; Microsoft Windows 10.0.26100)",
        "x-ms-client-request-id": "Sanitized",
        "x-ms-return-client-request-id": "true",
        "x-ms-version": "2025-07-05"
      },
      "RequestBody": null,
      "StatusCode": 200,
      "ResponseHeaders": {
        "Cache-Control": "no-cache",
        "Content-Disposition": "inline",
        "Content-Language": [
          "en-US",
          "en-CA"
        ],
        "Content-Length": "1024",
        "Content-Type": "application/octet-stream",
        "Date": "Wed, 14 May 2025 20:07:36 GMT",
        "ETag": "\"0x8DD9322F8F34F25\"",
        "Last-Modified": "Wed, 14 May 2025 20:07:37 GMT",
        "Server": [
          "Windows-Azure-File/1.0",
          "Microsoft-HTTPAPI/2.0"
        ],
        "x-ms-client-request-id": "Sanitized",
        "x-ms-file-attributes": "Archive",
        "x-ms-file-change-time": "2024-04-01T13:30:03.0000000Z",
        "x-ms-file-creation-time": "2024-04-01T09:05:55.0000000Z",
        "x-ms-file-id": "17293892937846882304",
        "x-ms-file-last-write-time": "2024-04-01T12:16:06.0000000Z",
        "x-ms-file-parent-id": "12682206919419494400",
        "x-ms-file-permission-key": "7644204433482997301*8241620249767961789",
        "x-ms-lease-state": "available",
        "x-ms-lease-status": "unlocked",
        "x-ms-meta-Capital": "letter",
        "x-ms-meta-foo": "bar",
        "x-ms-meta-meta": "data",
        "x-ms-meta-UPPER": "case",
        "x-ms-request-id": "7f687ddb-401a-0011-7d0b-c5f7fd000000",
        "x-ms-server-encrypted": "true",
        "x-ms-type": "File",
        "x-ms-version": "2025-07-05"
      },
      "ResponseBody": null
    },
    {
      "RequestUri": "https://xmfxscnbn9pe18ex.file.preprod.core.windows.net/test-share-61de89b4-5678-90ef-a82f-a5cb6b222882/sourceFolder/item1?sv=Sanitized&ss=f&srt=sco&se=2025-05-15T20%3A07%3A39Z&sp=rwdxylacuptfi&sig=Sanitized",
      "RequestMethod": "HEAD",
      "RequestHeaders": {
        "Accept": "application/xml",
        "traceparent": "00-c6bd74d0dc170164241d5cefba977791-5f8c592faf03f8b0-00",
        "User-Agent": "azsdk-net-Storage.Files.Shares/12.23.0-alpha.20250514.1 (.NET 8.0.16; Microsoft Windows 10.0.26100)",
        "x-ms-client-request-id": "Sanitized",
        "x-ms-return-client-request-id": "true",
        "x-ms-version": "2025-07-05"
      },
      "RequestBody": null,
      "StatusCode": 200,
      "ResponseHeaders": {
        "Cache-Control": "no-cache",
        "Content-Disposition": "inline",
        "Content-Language": [
          "en-US",
          "en-CA"
        ],
        "Content-Length": "1024",
        "Content-Type": "application/octet-stream",
        "Date": "Wed, 14 May 2025 20:07:36 GMT",
        "ETag": "\"0x8DD9322F8DDE370\"",
        "Last-Modified": "Wed, 14 May 2025 20:07:36 GMT",
        "Server": [
          "Windows-Azure-File/1.0",
          "Microsoft-HTTPAPI/2.0"
        ],
        "x-ms-client-request-id": "Sanitized",
        "x-ms-file-attributes": "Archive",
        "x-ms-file-change-time": "2024-04-01T13:30:03.0000000Z",
        "x-ms-file-creation-time": "2024-04-01T09:05:55.0000000Z",
        "x-ms-file-id": "11529285414812647424",
        "x-ms-file-last-write-time": "2024-04-01T12:16:06.0000000Z",
        "x-ms-file-parent-id": "13835128424026341376",
        "x-ms-file-permission-key": "7644204433482997301*8241620249767961789",
        "x-ms-lease-state": "available",
        "x-ms-lease-status": "unlocked",
        "x-ms-meta-Capital": "letter",
        "x-ms-meta-foo": "bar",
        "x-ms-meta-meta": "data",
        "x-ms-meta-UPPER": "case",
        "x-ms-request-id": "6077626a-001a-001d-260b-c5190c000000",
        "x-ms-server-encrypted": "true",
        "x-ms-type": "File",
        "x-ms-version": "2025-07-05"
      },
      "ResponseBody": null
    },
    {
      "RequestUri": "https://xmfxscnbn9pe18ex.file.preprod.core.windows.net/test-share-61de89b4-5678-90ef-a82f-a5cb6b222882/sourceFolder/bar/item3?sv=Sanitized&ss=f&srt=sco&se=2025-05-15T20%3A07%3A39Z&sp=rwdxylacuptfi&sig=Sanitized",
      "RequestMethod": "HEAD",
      "RequestHeaders": {
        "Accept": "application/xml",
        "traceparent": "00-e19d1d8815a8f246cd9000ce9c195420-cdf087d647e90563-00",
        "User-Agent": "azsdk-net-Storage.Files.Shares/12.23.0-alpha.20250514.1 (.NET 8.0.16; Microsoft Windows 10.0.26100)",
        "x-ms-client-request-id": "Sanitized",
        "x-ms-return-client-request-id": "true",
        "x-ms-version": "2025-07-05"
      },
      "RequestBody": null,
      "StatusCode": 200,
      "ResponseHeaders": {
        "Cache-Control": "no-cache",
        "Content-Disposition": "inline",
        "Content-Language": [
          "en-US",
          "en-CA"
        ],
        "Content-Length": "1024",
        "Content-Type": "application/octet-stream",
        "Date": "Wed, 14 May 2025 20:07:36 GMT",
        "ETag": "\"0x8DD9322F8EAF416\"",
        "Last-Modified": "Wed, 14 May 2025 20:07:37 GMT",
        "Server": [
          "Windows-Azure-File/1.0",
          "Microsoft-HTTPAPI/2.0"
        ],
        "x-ms-client-request-id": "Sanitized",
        "x-ms-file-attributes": "Archive",
        "x-ms-file-change-time": "2024-04-01T13:30:03.0000000Z",
        "x-ms-file-creation-time": "2024-04-01T09:05:55.0000000Z",
        "x-ms-file-id": "14988049928633188352",
        "x-ms-file-last-write-time": "2024-04-01T12:16:06.0000000Z",
        "x-ms-file-parent-id": "10376363910205800448",
        "x-ms-file-permission-key": "7644204433482997301*8241620249767961789",
        "x-ms-lease-state": "available",
        "x-ms-lease-status": "unlocked",
        "x-ms-meta-Capital": "letter",
        "x-ms-meta-foo": "bar",
        "x-ms-meta-meta": "data",
        "x-ms-meta-UPPER": "case",
        "x-ms-request-id": "1abc8769-901a-0013-270b-c5f507000000",
        "x-ms-server-encrypted": "true",
        "x-ms-type": "File",
        "x-ms-version": "2025-07-05"
      },
      "ResponseBody": null
    },
    {
      "RequestUri": "https://xmfxscnbn9pe18ex.file.preprod.core.windows.net/test-share-61de89b4-5678-90ef-a82f-a5cb6b222882/sourceFolder/pik/item4?sv=Sanitized&ss=f&srt=sco&se=2025-05-15T20%3A07%3A39Z&sp=rwdxylacuptfi&sig=Sanitized",
      "RequestMethod": "HEAD",
      "RequestHeaders": {
        "Accept": "application/xml",
        "traceparent": "00-d8e80db7dbdd1f38c85e52619edc4900-0ebb81226b5df45c-00",
        "User-Agent": "azsdk-net-Storage.Files.Shares/12.23.0-alpha.20250514.1 (.NET 8.0.16; Microsoft Windows 10.0.26100)",
        "x-ms-client-request-id": "Sanitized",
        "x-ms-return-client-request-id": "true",
        "x-ms-version": "2025-07-05"
      },
      "RequestBody": null,
      "StatusCode": 200,
      "ResponseHeaders": {
        "Cache-Control": "no-cache",
        "Content-Disposition": "inline",
        "Content-Language": [
          "en-US",
          "en-CA"
        ],
        "Content-Length": "1024",
        "Content-Type": "application/octet-stream",
        "Date": "Wed, 14 May 2025 20:07:36 GMT",
        "ETag": "\"0x8DD9322F8F34F25\"",
        "Last-Modified": "Wed, 14 May 2025 20:07:37 GMT",
        "Server": [
          "Windows-Azure-File/1.0",
          "Microsoft-HTTPAPI/2.0"
        ],
        "x-ms-client-request-id": "Sanitized",
        "x-ms-file-attributes": "Archive",
        "x-ms-file-change-time": "2024-04-01T13:30:03.0000000Z",
        "x-ms-file-creation-time": "2024-04-01T09:05:55.0000000Z",
        "x-ms-file-id": "17293892937846882304",
        "x-ms-file-last-write-time": "2024-04-01T12:16:06.0000000Z",
        "x-ms-file-parent-id": "12682206919419494400",
        "x-ms-file-permission-key": "7644204433482997301*8241620249767961789",
        "x-ms-lease-state": "available",
        "x-ms-lease-status": "unlocked",
        "x-ms-meta-Capital": "letter",
        "x-ms-meta-foo": "bar",
        "x-ms-meta-meta": "data",
        "x-ms-meta-UPPER": "case",
        "x-ms-request-id": "1abc876a-901a-0013-280b-c5f507000000",
        "x-ms-server-encrypted": "true",
        "x-ms-type": "File",
        "x-ms-version": "2025-07-05"
      },
      "ResponseBody": null
    },
    {
      "RequestUri": "https://xmfxscnbn9pe18ex.file.preprod.core.windows.net/test-share-0d152632-e02b-c421-dd08-802af1ddbdee/destFolder/item1",
      "RequestMethod": "HEAD",
      "RequestHeaders": {
        "Accept": "application/xml",
        "Authorization": "Sanitized",
        "traceparent": "00-0a83944bbb10b7ba6f55f0be8b7d2bfb-e5e7d151b7caf7b4-00",
        "User-Agent": "azsdk-net-Storage.Files.Shares/12.23.0-alpha.20250514.1 (.NET 8.0.16; Microsoft Windows 10.0.26100)",
        "x-ms-client-request-id": "Sanitized",
        "x-ms-date": "Wed, 14 May 2025 20:07:40 GMT",
        "x-ms-return-client-request-id": "true",
        "x-ms-version": "2025-07-05"
      },
      "RequestBody": null,
      "StatusCode": 404,
      "ResponseHeaders": {
        "Date": "Wed, 14 May 2025 20:07:36 GMT",
        "Server": [
          "Windows-Azure-File/1.0",
          "Microsoft-HTTPAPI/2.0"
        ],
        "Transfer-Encoding": "chunked",
        "x-ms-client-request-id": "Sanitized",
        "x-ms-error-code": "ResourceNotFound",
        "x-ms-request-id": "7f687ddc-401a-0011-7e0b-c5f7fd000000",
        "x-ms-version": "2025-07-05"
      },
      "ResponseBody": null
    },
    {
      "RequestUri": "https://xmfxscnbn9pe18ex.file.preprod.core.windows.net/test-share-0d152632-e02b-c421-dd08-802af1ddbdee/destFolder/item1",
      "RequestMethod": "PUT",
      "RequestHeaders": {
        "Accept": "application/xml",
        "Authorization": "Sanitized",
        "Content-Length": "0",
        "traceparent": "00-6b346af2cf90cf912b2f26142bdbd3a9-403d384ac845f52a-00",
        "User-Agent": "azsdk-net-Storage.Files.Shares/12.23.0-alpha.20250514.1 (.NET 8.0.16; Microsoft Windows 10.0.26100)",
        "x-ms-cache-control": "no-cache",
        "x-ms-client-request-id": "Sanitized",
        "x-ms-content-disposition": "inline",
        "x-ms-content-language": "en-US,en-CA",
        "x-ms-content-length": "1024",
        "x-ms-content-type": "application/octet-stream",
        "x-ms-date": "Wed, 14 May 2025 20:07:40 GMT",
        "x-ms-file-attributes": "Archive",
        "x-ms-file-change-time": "2024-04-01T13:30:03.0000000Z",
        "x-ms-file-creation-time": "2024-04-01T09:05:55.0000000Z",
        "x-ms-file-last-write-time": "2024-04-01T12:16:06.0000000Z",
        "x-ms-file-permission-key": "3255633128955156629*8241620249767961789",
        "x-ms-meta-Capital": "letter",
        "x-ms-meta-foo": "bar",
        "x-ms-meta-meta": "data",
        "x-ms-meta-UPPER": "case",
        "x-ms-return-client-request-id": "true",
        "x-ms-type": "file",
        "x-ms-version": "2025-07-05"
      },
      "RequestBody": null,
      "StatusCode": 201,
      "ResponseHeaders": {
        "Date": "Wed, 14 May 2025 20:07:36 GMT",
        "ETag": "\"0x8DD9322F9351752\"",
        "Last-Modified": "Wed, 14 May 2025 20:07:37 GMT",
        "Server": [
          "Windows-Azure-File/1.0",
          "Microsoft-HTTPAPI/2.0"
        ],
        "Transfer-Encoding": "chunked",
        "x-ms-client-request-id": "Sanitized",
        "x-ms-file-attributes": "Archive",
        "x-ms-file-change-time": "2024-04-01T13:30:03.0000000Z",
        "x-ms-file-creation-time": "2024-04-01T09:05:55.0000000Z",
        "x-ms-file-id": "13835093239654252544",
        "x-ms-file-last-write-time": "2024-04-01T12:16:06.0000000Z",
        "x-ms-file-parent-id": "13835128424026341376",
        "x-ms-file-permission-key": "7346430682703463653*8241620249767961789",
        "x-ms-request-id": "7f687dde-401a-0011-7f0b-c5f7fd000000",
        "x-ms-request-server-encrypted": "true",
        "x-ms-version": "2025-07-05"
      },
      "ResponseBody": null
    },
    {
      "RequestUri": "https://xmfxscnbn9pe18ex.file.preprod.core.windows.net/test-share-0d152632-e02b-c421-dd08-802af1ddbdee/destFolder/item1?comp=range",
      "RequestMethod": "PUT",
      "RequestHeaders": {
        "Accept": "application/xml",
        "Authorization": "Sanitized",
        "Content-Length": "0",
        "traceparent": "00-3a283dbf2a690a899b09ea4590fc571f-601d621ecff09cc0-00",
        "User-Agent": "azsdk-net-Storage.Files.Shares/12.23.0-alpha.20250514.1 (.NET 8.0.16; Microsoft Windows 10.0.26100)",
        "x-ms-client-request-id": "Sanitized",
        "x-ms-copy-source": "https://xmfxscnbn9pe18ex.file.preprod.core.windows.net/test-share-61de89b4-5678-90ef-a82f-a5cb6b222882/sourceFolder/item1?sv=sanitized-value&ss=f&srt=sco&se=2025-05-15T20%3A07%3A39Z&sp=rwdxylacuptfi&sig=Sanitized",
        "x-ms-date": "Wed, 14 May 2025 20:07:40 GMT",
        "x-ms-file-last-write-time": "Preserve",
        "x-ms-range": "bytes=0-1023",
        "x-ms-return-client-request-id": "true",
        "x-ms-source-range": "bytes=0-1023",
        "x-ms-version": "2025-07-05",
        "x-ms-write": "update"
      },
      "RequestBody": null,
      "StatusCode": 201,
      "ResponseHeaders": {
        "Date": "Wed, 14 May 2025 20:07:36 GMT",
        "ETag": "\"0x8DD9322F93BC68F\"",
        "Last-Modified": "Wed, 14 May 2025 20:07:37 GMT",
        "Server": [
          "Windows-Azure-File/1.0",
          "Microsoft-HTTPAPI/2.0"
        ],
        "Transfer-Encoding": "chunked",
        "x-ms-client-request-id": "Sanitized",
        "x-ms-content-crc64": "iknlm7CyG2k=",
        "x-ms-file-last-write-time": "2024-04-01T12:16:06.0000000Z",
        "x-ms-request-id": "7f687de1-401a-0011-020b-c5f7fd000000",
        "x-ms-request-server-encrypted": "true",
        "x-ms-version": "2025-07-05"
      },
      "ResponseBody": null
    },
    {
      "RequestUri": "https://xmfxscnbn9pe18ex.file.preprod.core.windows.net/test-share-0d152632-e02b-c421-dd08-802af1ddbdee/destFolder/item1?comp=properties",
      "RequestMethod": "PUT",
      "RequestHeaders": {
        "Accept": "application/xml",
        "Authorization": "Sanitized",
        "Content-Length": "0",
        "traceparent": "00-066dfd25caa58a7492f60abf246d13cd-83afa7edcfe072bd-00",
        "User-Agent": "azsdk-net-Storage.Files.Shares/12.23.0-alpha.20250514.1 (.NET 8.0.16; Microsoft Windows 10.0.26100)",
        "x-ms-cache-control": "no-cache",
        "x-ms-client-request-id": "Sanitized",
        "x-ms-content-disposition": "inline",
        "x-ms-content-language": "en-US,en-CA",
        "x-ms-content-type": "application/octet-stream",
        "x-ms-date": "Wed, 14 May 2025 20:07:40 GMT",
        "x-ms-file-attributes": "Archive",
        "x-ms-file-change-time": "2024-04-01T13:30:03.0000000Z",
        "x-ms-file-creation-time": "2024-04-01T09:05:55.0000000Z",
        "x-ms-file-last-write-time": "2024-04-01T12:16:06.0000000Z",
        "x-ms-file-permission-key": "3255633128955156629*8241620249767961789",
        "x-ms-return-client-request-id": "true",
        "x-ms-version": "2025-07-05"
      },
      "RequestBody": null,
      "StatusCode": 200,
      "ResponseHeaders": {
        "Date": "Wed, 14 May 2025 20:07:36 GMT",
        "ETag": "\"0x8DD9322F93FB9C1\"",
        "Last-Modified": "Wed, 14 May 2025 20:07:37 GMT",
        "Server": [
          "Windows-Azure-File/1.0",
          "Microsoft-HTTPAPI/2.0"
        ],
        "Transfer-Encoding": "chunked",
        "x-ms-client-request-id": "Sanitized",
        "x-ms-file-attributes": "Archive",
        "x-ms-file-change-time": "2024-04-01T13:30:03.0000000Z",
        "x-ms-file-creation-time": "2024-04-01T09:05:55.0000000Z",
        "x-ms-file-id": "13835093239654252544",
        "x-ms-file-last-write-time": "2024-04-01T12:16:06.0000000Z",
        "x-ms-file-parent-id": "13835128424026341376",
        "x-ms-file-permission-key": "3255633128955156629*8241620249767961789",
        "x-ms-request-id": "7f687de4-401a-0011-050b-c5f7fd000000",
        "x-ms-request-server-encrypted": "true",
        "x-ms-version": "2025-07-05"
      },
      "ResponseBody": null
    },
    {
      "RequestUri": "https://xmfxscnbn9pe18ex.file.preprod.core.windows.net/test-share-61de89b4-5678-90ef-a82f-a5cb6b222882/sourceFolder/item2?sv=Sanitized&ss=f&srt=sco&se=2025-05-15T20%3A07%3A39Z&sp=rwdxylacuptfi&sig=Sanitized",
      "RequestMethod": "HEAD",
      "RequestHeaders": {
        "Accept": "application/xml",
        "traceparent": "00-af0a0760b7cd147faa73aac95a22c414-39b5ebf6d54770e1-00",
        "User-Agent": "azsdk-net-Storage.Files.Shares/12.23.0-alpha.20250514.1 (.NET 8.0.16; Microsoft Windows 10.0.26100)",
        "x-ms-client-request-id": "Sanitized",
        "x-ms-return-client-request-id": "true",
        "x-ms-version": "2025-07-05"
      },
      "RequestBody": null,
      "StatusCode": 200,
      "ResponseHeaders": {
        "Cache-Control": "no-cache",
        "Content-Disposition": "inline",
        "Content-Language": [
          "en-US",
          "en-CA"
        ],
        "Content-Length": "1024",
        "Content-Type": "application/octet-stream",
        "Date": "Wed, 14 May 2025 20:07:36 GMT",
        "ETag": "\"0x8DD9322F8E2BFEA\"",
        "Last-Modified": "Wed, 14 May 2025 20:07:37 GMT",
        "Server": [
          "Windows-Azure-File/1.0",
          "Microsoft-HTTPAPI/2.0"
        ],
        "x-ms-client-request-id": "Sanitized",
        "x-ms-file-attributes": "Archive",
        "x-ms-file-change-time": "2024-04-01T13:30:03.0000000Z",
        "x-ms-file-creation-time": "2024-04-01T09:05:55.0000000Z",
        "x-ms-file-id": "16140971433240035328",
        "x-ms-file-last-write-time": "2024-04-01T12:16:06.0000000Z",
        "x-ms-file-parent-id": "13835128424026341376",
        "x-ms-file-permission-key": "7644204433482997301*8241620249767961789",
        "x-ms-lease-state": "available",
        "x-ms-lease-status": "unlocked",
        "x-ms-meta-Capital": "letter",
        "x-ms-meta-foo": "bar",
        "x-ms-meta-meta": "data",
        "x-ms-meta-UPPER": "case",
        "x-ms-request-id": "7f687ded-401a-0011-0e0b-c5f7fd000000",
        "x-ms-server-encrypted": "true",
        "x-ms-type": "File",
        "x-ms-version": "2025-07-05"
      },
      "ResponseBody": null
    },
    {
      "RequestUri": "https://xmfxscnbn9pe18ex.file.preprod.core.windows.net/test-share-0d152632-e02b-c421-dd08-802af1ddbdee/destFolder/item2",
      "RequestMethod": "HEAD",
      "RequestHeaders": {
        "Accept": "application/xml",
        "Authorization": "Sanitized",
        "traceparent": "00-5ea456586baa1b1d74e919cd07d83f65-60c3fc712def8871-00",
        "User-Agent": "azsdk-net-Storage.Files.Shares/12.23.0-alpha.20250514.1 (.NET 8.0.16; Microsoft Windows 10.0.26100)",
        "x-ms-client-request-id": "Sanitized",
        "x-ms-date": "Wed, 14 May 2025 20:07:40 GMT",
        "x-ms-return-client-request-id": "true",
        "x-ms-version": "2025-07-05"
      },
      "RequestBody": null,
      "StatusCode": 404,
      "ResponseHeaders": {
        "Date": "Wed, 14 May 2025 20:07:36 GMT",
        "Server": [
          "Windows-Azure-File/1.0",
          "Microsoft-HTTPAPI/2.0"
        ],
        "Transfer-Encoding": "chunked",
        "x-ms-client-request-id": "Sanitized",
        "x-ms-error-code": "ResourceNotFound",
        "x-ms-request-id": "7f687df4-401a-0011-140b-c5f7fd000000",
        "x-ms-version": "2025-07-05"
      },
      "ResponseBody": null
    },
    {
      "RequestUri": "https://xmfxscnbn9pe18ex.file.preprod.core.windows.net/test-share-0d152632-e02b-c421-dd08-802af1ddbdee/destFolder/item2",
      "RequestMethod": "PUT",
      "RequestHeaders": {
        "Accept": "application/xml",
        "Authorization": "Sanitized",
        "Content-Length": "0",
        "traceparent": "00-06770028325bdfcff626ebf7a990b4ed-475a8c5ccfd4919b-00",
        "User-Agent": "azsdk-net-Storage.Files.Shares/12.23.0-alpha.20250514.1 (.NET 8.0.16; Microsoft Windows 10.0.26100)",
        "x-ms-cache-control": "no-cache",
        "x-ms-client-request-id": "Sanitized",
        "x-ms-content-disposition": "inline",
        "x-ms-content-language": "en-US,en-CA",
        "x-ms-content-length": "1024",
        "x-ms-content-type": "application/octet-stream",
        "x-ms-date": "Wed, 14 May 2025 20:07:40 GMT",
        "x-ms-file-attributes": "Archive",
        "x-ms-file-change-time": "2024-04-01T13:30:03.0000000Z",
        "x-ms-file-creation-time": "2024-04-01T09:05:55.0000000Z",
        "x-ms-file-last-write-time": "2024-04-01T12:16:06.0000000Z",
        "x-ms-file-permission-key": "3255633128955156629*8241620249767961789",
        "x-ms-meta-Capital": "letter",
        "x-ms-meta-foo": "bar",
        "x-ms-meta-meta": "data",
        "x-ms-meta-UPPER": "case",
        "x-ms-return-client-request-id": "true",
        "x-ms-type": "file",
        "x-ms-version": "2025-07-05"
      },
      "RequestBody": null,
      "StatusCode": 201,
      "ResponseHeaders": {
        "Date": "Wed, 14 May 2025 20:07:36 GMT",
        "ETag": "\"0x8DD9322F94F11D6\"",
        "Last-Modified": "Wed, 14 May 2025 20:07:37 GMT",
        "Server": [
          "Windows-Azure-File/1.0",
          "Microsoft-HTTPAPI/2.0"
        ],
        "Transfer-Encoding": "chunked",
        "x-ms-client-request-id": "Sanitized",
        "x-ms-file-attributes": "Archive",
        "x-ms-file-change-time": "2024-04-01T13:30:03.0000000Z",
        "x-ms-file-creation-time": "2024-04-01T09:05:55.0000000Z",
        "x-ms-file-id": "11529250230440558592",
        "x-ms-file-last-write-time": "2024-04-01T12:16:06.0000000Z",
        "x-ms-file-parent-id": "13835128424026341376",
        "x-ms-file-permission-key": "7346430682703463653*8241620249767961789",
        "x-ms-request-id": "7f687df8-401a-0011-190b-c5f7fd000000",
        "x-ms-request-server-encrypted": "true",
        "x-ms-version": "2025-07-05"
      },
      "ResponseBody": null
    },
    {
      "RequestUri": "https://xmfxscnbn9pe18ex.file.preprod.core.windows.net/test-share-0d152632-e02b-c421-dd08-802af1ddbdee/destFolder/item2?comp=range",
      "RequestMethod": "PUT",
      "RequestHeaders": {
        "Accept": "application/xml",
        "Authorization": "Sanitized",
        "Content-Length": "0",
        "traceparent": "00-6ac947ddd160e7d5ac7e531ecdb2af3a-cd839ff9b3c1e61d-00",
        "User-Agent": "azsdk-net-Storage.Files.Shares/12.23.0-alpha.20250514.1 (.NET 8.0.16; Microsoft Windows 10.0.26100)",
        "x-ms-client-request-id": "Sanitized",
        "x-ms-copy-source": "https://xmfxscnbn9pe18ex.file.preprod.core.windows.net/test-share-61de89b4-5678-90ef-a82f-a5cb6b222882/sourceFolder/item2?sv=sanitized-value&ss=f&srt=sco&se=2025-05-15T20%3A07%3A39Z&sp=rwdxylacuptfi&sig=Sanitized",
        "x-ms-date": "Wed, 14 May 2025 20:07:40 GMT",
        "x-ms-file-last-write-time": "Preserve",
        "x-ms-range": "bytes=0-1023",
        "x-ms-return-client-request-id": "true",
        "x-ms-source-range": "bytes=0-1023",
        "x-ms-version": "2025-07-05",
        "x-ms-write": "update"
      },
      "RequestBody": null,
      "StatusCode": 201,
      "ResponseHeaders": {
        "Date": "Wed, 14 May 2025 20:07:36 GMT",
        "ETag": "\"0x8DD9322F954630E\"",
        "Last-Modified": "Wed, 14 May 2025 20:07:37 GMT",
        "Server": [
          "Windows-Azure-File/1.0",
          "Microsoft-HTTPAPI/2.0"
        ],
        "Transfer-Encoding": "chunked",
        "x-ms-client-request-id": "Sanitized",
        "x-ms-content-crc64": "iknlm7CyG2k=",
        "x-ms-file-last-write-time": "2024-04-01T12:16:06.0000000Z",
        "x-ms-request-id": "7f687dfc-401a-0011-1d0b-c5f7fd000000",
        "x-ms-request-server-encrypted": "true",
        "x-ms-version": "2025-07-05"
      },
      "ResponseBody": null
    },
    {
      "RequestUri": "https://xmfxscnbn9pe18ex.file.preprod.core.windows.net/test-share-0d152632-e02b-c421-dd08-802af1ddbdee/destFolder/item2?comp=properties",
      "RequestMethod": "PUT",
      "RequestHeaders": {
        "Accept": "application/xml",
        "Authorization": "Sanitized",
        "Content-Length": "0",
        "traceparent": "00-ac8c26949c07a3c493f786bf29830bbc-b346fd1a6a12bca6-00",
        "User-Agent": "azsdk-net-Storage.Files.Shares/12.23.0-alpha.20250514.1 (.NET 8.0.16; Microsoft Windows 10.0.26100)",
        "x-ms-cache-control": "no-cache",
        "x-ms-client-request-id": "Sanitized",
        "x-ms-content-disposition": "inline",
        "x-ms-content-language": "en-US,en-CA",
        "x-ms-content-type": "application/octet-stream",
        "x-ms-date": "Wed, 14 May 2025 20:07:40 GMT",
        "x-ms-file-attributes": "Archive",
        "x-ms-file-change-time": "2024-04-01T13:30:03.0000000Z",
        "x-ms-file-creation-time": "2024-04-01T09:05:55.0000000Z",
        "x-ms-file-last-write-time": "2024-04-01T12:16:06.0000000Z",
        "x-ms-file-permission-key": "3255633128955156629*8241620249767961789",
        "x-ms-return-client-request-id": "true",
        "x-ms-version": "2025-07-05"
      },
      "RequestBody": null,
      "StatusCode": 200,
      "ResponseHeaders": {
        "Date": "Wed, 14 May 2025 20:07:36 GMT",
        "ETag": "\"0x8DD9322F9587D23\"",
        "Last-Modified": "Wed, 14 May 2025 20:07:37 GMT",
        "Server": [
          "Windows-Azure-File/1.0",
          "Microsoft-HTTPAPI/2.0"
        ],
        "Transfer-Encoding": "chunked",
        "x-ms-client-request-id": "Sanitized",
        "x-ms-file-attributes": "Archive",
        "x-ms-file-change-time": "2024-04-01T13:30:03.0000000Z",
        "x-ms-file-creation-time": "2024-04-01T09:05:55.0000000Z",
        "x-ms-file-id": "11529250230440558592",
        "x-ms-file-last-write-time": "2024-04-01T12:16:06.0000000Z",
        "x-ms-file-parent-id": "13835128424026341376",
        "x-ms-file-permission-key": "3255633128955156629*8241620249767961789",
        "x-ms-request-id": "7f687dfd-401a-0011-1e0b-c5f7fd000000",
        "x-ms-request-server-encrypted": "true",
        "x-ms-version": "2025-07-05"
      },
      "ResponseBody": null
    },
    {
      "RequestUri": "https://xmfxscnbn9pe18ex.file.preprod.core.windows.net/test-share-61de89b4-5678-90ef-a82f-a5cb6b222882/sourceFolder/bar/item3?sv=Sanitized&ss=f&srt=sco&se=2025-05-15T20%3A07%3A39Z&sp=rwdxylacuptfi&sig=Sanitized",
      "RequestMethod": "HEAD",
      "RequestHeaders": {
        "Accept": "application/xml",
        "traceparent": "00-48074ecf28943e3dc5ed1aa2e42b036a-0dd4e1864645f801-00",
        "User-Agent": "azsdk-net-Storage.Files.Shares/12.23.0-alpha.20250514.1 (.NET 8.0.16; Microsoft Windows 10.0.26100)",
        "x-ms-client-request-id": "Sanitized",
        "x-ms-return-client-request-id": "true",
        "x-ms-version": "2025-07-05"
      },
      "RequestBody": null,
      "StatusCode": 200,
      "ResponseHeaders": {
        "Cache-Control": "no-cache",
        "Content-Disposition": "inline",
        "Content-Language": [
          "en-US",
          "en-CA"
        ],
        "Content-Length": "1024",
        "Content-Type": "application/octet-stream",
        "Date": "Wed, 14 May 2025 20:07:37 GMT",
        "ETag": "\"0x8DD9322F8EAF416\"",
        "Last-Modified": "Wed, 14 May 2025 20:07:37 GMT",
        "Server": [
          "Windows-Azure-File/1.0",
          "Microsoft-HTTPAPI/2.0"
        ],
        "x-ms-client-request-id": "Sanitized",
        "x-ms-file-attributes": "Archive",
        "x-ms-file-change-time": "2024-04-01T13:30:03.0000000Z",
        "x-ms-file-creation-time": "2024-04-01T09:05:55.0000000Z",
        "x-ms-file-id": "14988049928633188352",
        "x-ms-file-last-write-time": "2024-04-01T12:16:06.0000000Z",
        "x-ms-file-parent-id": "10376363910205800448",
        "x-ms-file-permission-key": "7644204433482997301*8241620249767961789",
        "x-ms-lease-state": "available",
        "x-ms-lease-status": "unlocked",
        "x-ms-meta-Capital": "letter",
        "x-ms-meta-foo": "bar",
        "x-ms-meta-meta": "data",
        "x-ms-meta-UPPER": "case",
        "x-ms-request-id": "7f687e00-401a-0011-210b-c5f7fd000000",
        "x-ms-server-encrypted": "true",
        "x-ms-type": "File",
        "x-ms-version": "2025-07-05"
      },
      "ResponseBody": null
    },
    {
      "RequestUri": "https://xmfxscnbn9pe18ex.file.preprod.core.windows.net/test-share-0d152632-e02b-c421-dd08-802af1ddbdee/destFolder/bar/item3",
      "RequestMethod": "HEAD",
      "RequestHeaders": {
        "Accept": "application/xml",
        "Authorization": "Sanitized",
        "traceparent": "00-3705901a1091cfbbffdb5263e07de111-b56ac7e1e067bcb0-00",
        "User-Agent": "azsdk-net-Storage.Files.Shares/12.23.0-alpha.20250514.1 (.NET 8.0.16; Microsoft Windows 10.0.26100)",
        "x-ms-client-request-id": "Sanitized",
        "x-ms-date": "Wed, 14 May 2025 20:07:40 GMT",
        "x-ms-return-client-request-id": "true",
        "x-ms-version": "2025-07-05"
      },
      "RequestBody": null,
      "StatusCode": 404,
      "ResponseHeaders": {
        "Date": "Wed, 14 May 2025 20:07:37 GMT",
        "Server": [
          "Windows-Azure-File/1.0",
          "Microsoft-HTTPAPI/2.0"
        ],
        "Transfer-Encoding": "chunked",
        "x-ms-client-request-id": "Sanitized",
        "x-ms-error-code": "ResourceNotFound",
        "x-ms-request-id": "7f687e01-401a-0011-220b-c5f7fd000000",
        "x-ms-version": "2025-07-05"
      },
      "ResponseBody": null
    },
    {
      "RequestUri": "https://xmfxscnbn9pe18ex.file.preprod.core.windows.net/test-share-0d152632-e02b-c421-dd08-802af1ddbdee/destFolder/bar/item3",
      "RequestMethod": "PUT",
      "RequestHeaders": {
        "Accept": "application/xml",
        "Authorization": "Sanitized",
        "Content-Length": "0",
        "traceparent": "00-04e63995653e9b8829c951584c62b65d-e22ebc74a2970c21-00",
        "User-Agent": "azsdk-net-Storage.Files.Shares/12.23.0-alpha.20250514.1 (.NET 8.0.16; Microsoft Windows 10.0.26100)",
        "x-ms-cache-control": "no-cache",
        "x-ms-client-request-id": "Sanitized",
        "x-ms-content-disposition": "inline",
        "x-ms-content-language": "en-US,en-CA",
        "x-ms-content-length": "1024",
        "x-ms-content-type": "application/octet-stream",
        "x-ms-date": "Wed, 14 May 2025 20:07:40 GMT",
        "x-ms-file-attributes": "Archive",
        "x-ms-file-change-time": "2024-04-01T13:30:03.0000000Z",
        "x-ms-file-creation-time": "2024-04-01T09:05:55.0000000Z",
        "x-ms-file-last-write-time": "2024-04-01T12:16:06.0000000Z",
        "x-ms-file-permission-key": "3255633128955156629*8241620249767961789",
        "x-ms-meta-Capital": "letter",
        "x-ms-meta-foo": "bar",
        "x-ms-meta-meta": "data",
        "x-ms-meta-UPPER": "case",
        "x-ms-return-client-request-id": "true",
        "x-ms-type": "file",
        "x-ms-version": "2025-07-05"
      },
      "RequestBody": null,
      "StatusCode": 201,
      "ResponseHeaders": {
        "Date": "Wed, 14 May 2025 20:07:37 GMT",
        "ETag": "\"0x8DD9322F966C4FC\"",
        "Last-Modified": "Wed, 14 May 2025 20:07:37 GMT",
        "Server": [
          "Windows-Azure-File/1.0",
          "Microsoft-HTTPAPI/2.0"
        ],
        "Transfer-Encoding": "chunked",
        "x-ms-client-request-id": "Sanitized",
        "x-ms-file-attributes": "Archive",
        "x-ms-file-change-time": "2024-04-01T13:30:03.0000000Z",
        "x-ms-file-creation-time": "2024-04-01T09:05:55.0000000Z",
        "x-ms-file-id": "16140936248867946496",
        "x-ms-file-last-write-time": "2024-04-01T12:16:06.0000000Z",
        "x-ms-file-parent-id": "11529285414812647424",
        "x-ms-file-permission-key": "7346430682703463653*8241620249767961789",
        "x-ms-request-id": "7f687e04-401a-0011-250b-c5f7fd000000",
        "x-ms-request-server-encrypted": "true",
        "x-ms-version": "2025-07-05"
      },
      "ResponseBody": null
    },
    {
      "RequestUri": "https://xmfxscnbn9pe18ex.file.preprod.core.windows.net/test-share-0d152632-e02b-c421-dd08-802af1ddbdee/destFolder/bar/item3?comp=range",
      "RequestMethod": "PUT",
      "RequestHeaders": {
        "Accept": "application/xml",
        "Authorization": "Sanitized",
        "Content-Length": "0",
        "traceparent": "00-0ffb739ae7107f73878a4086eb603c57-b83980052eec0991-00",
        "User-Agent": "azsdk-net-Storage.Files.Shares/12.23.0-alpha.20250514.1 (.NET 8.0.16; Microsoft Windows 10.0.26100)",
        "x-ms-client-request-id": "Sanitized",
        "x-ms-copy-source": "https://xmfxscnbn9pe18ex.file.preprod.core.windows.net/test-share-61de89b4-5678-90ef-a82f-a5cb6b222882/sourceFolder/bar/item3?sv=sanitized-value&ss=f&srt=sco&se=2025-05-15T20%3A07%3A39Z&sp=rwdxylacuptfi&sig=Sanitized",
        "x-ms-date": "Wed, 14 May 2025 20:07:40 GMT",
        "x-ms-file-last-write-time": "Preserve",
        "x-ms-range": "bytes=0-1023",
        "x-ms-return-client-request-id": "true",
        "x-ms-source-range": "bytes=0-1023",
        "x-ms-version": "2025-07-05",
        "x-ms-write": "update"
      },
      "RequestBody": null,
      "StatusCode": 201,
      "ResponseHeaders": {
        "Date": "Wed, 14 May 2025 20:07:37 GMT",
        "ETag": "\"0x8DD9322F96BEF4E\"",
        "Last-Modified": "Wed, 14 May 2025 20:07:37 GMT",
        "Server": [
          "Windows-Azure-File/1.0",
          "Microsoft-HTTPAPI/2.0"
        ],
        "Transfer-Encoding": "chunked",
        "x-ms-client-request-id": "Sanitized",
        "x-ms-content-crc64": "iknlm7CyG2k=",
        "x-ms-file-last-write-time": "2024-04-01T12:16:06.0000000Z",
        "x-ms-request-id": "7f687e07-401a-0011-280b-c5f7fd000000",
        "x-ms-request-server-encrypted": "true",
        "x-ms-version": "2025-07-05"
      },
      "ResponseBody": null
    },
    {
      "RequestUri": "https://xmfxscnbn9pe18ex.file.preprod.core.windows.net/test-share-0d152632-e02b-c421-dd08-802af1ddbdee/destFolder/bar/item3?comp=properties",
      "RequestMethod": "PUT",
      "RequestHeaders": {
        "Accept": "application/xml",
        "Authorization": "Sanitized",
        "Content-Length": "0",
        "traceparent": "00-f3e27569afad516d2122232b8e9cee82-b7041d80fb50a84d-00",
        "User-Agent": "azsdk-net-Storage.Files.Shares/12.23.0-alpha.20250514.1 (.NET 8.0.16; Microsoft Windows 10.0.26100)",
        "x-ms-cache-control": "no-cache",
        "x-ms-client-request-id": "Sanitized",
        "x-ms-content-disposition": "inline",
        "x-ms-content-language": "en-US,en-CA",
        "x-ms-content-type": "application/octet-stream",
        "x-ms-date": "Wed, 14 May 2025 20:07:40 GMT",
        "x-ms-file-attributes": "Archive",
        "x-ms-file-change-time": "2024-04-01T13:30:03.0000000Z",
        "x-ms-file-creation-time": "2024-04-01T09:05:55.0000000Z",
        "x-ms-file-last-write-time": "2024-04-01T12:16:06.0000000Z",
        "x-ms-file-permission-key": "3255633128955156629*8241620249767961789",
        "x-ms-return-client-request-id": "true",
        "x-ms-version": "2025-07-05"
      },
      "RequestBody": null,
      "StatusCode": 200,
      "ResponseHeaders": {
        "Date": "Wed, 14 May 2025 20:07:37 GMT",
        "ETag": "\"0x8DD9322F96FBB9E\"",
        "Last-Modified": "Wed, 14 May 2025 20:07:37 GMT",
        "Server": [
          "Windows-Azure-File/1.0",
          "Microsoft-HTTPAPI/2.0"
        ],
        "Transfer-Encoding": "chunked",
        "x-ms-client-request-id": "Sanitized",
        "x-ms-file-attributes": "Archive",
        "x-ms-file-change-time": "2024-04-01T13:30:03.0000000Z",
        "x-ms-file-creation-time": "2024-04-01T09:05:55.0000000Z",
        "x-ms-file-id": "16140936248867946496",
        "x-ms-file-last-write-time": "2024-04-01T12:16:06.0000000Z",
        "x-ms-file-parent-id": "11529285414812647424",
        "x-ms-file-permission-key": "3255633128955156629*8241620249767961789",
        "x-ms-request-id": "7f687e0b-401a-0011-2b0b-c5f7fd000000",
        "x-ms-request-server-encrypted": "true",
        "x-ms-version": "2025-07-05"
      },
      "ResponseBody": null
    },
    {
      "RequestUri": "https://xmfxscnbn9pe18ex.file.preprod.core.windows.net/test-share-61de89b4-5678-90ef-a82f-a5cb6b222882/sourceFolder/pik/item4?sv=Sanitized&ss=f&srt=sco&se=2025-05-15T20%3A07%3A39Z&sp=rwdxylacuptfi&sig=Sanitized",
      "RequestMethod": "HEAD",
      "RequestHeaders": {
        "Accept": "application/xml",
        "traceparent": "00-153588f0d89797496171ef49e8a7c17d-268efc67e58457e4-00",
        "User-Agent": "azsdk-net-Storage.Files.Shares/12.23.0-alpha.20250514.1 (.NET 8.0.16; Microsoft Windows 10.0.26100)",
        "x-ms-client-request-id": "Sanitized",
        "x-ms-return-client-request-id": "true",
        "x-ms-version": "2025-07-05"
      },
      "RequestBody": null,
      "StatusCode": 200,
      "ResponseHeaders": {
        "Cache-Control": "no-cache",
        "Content-Disposition": "inline",
        "Content-Language": [
          "en-US",
          "en-CA"
        ],
        "Content-Length": "1024",
        "Content-Type": "application/octet-stream",
        "Date": "Wed, 14 May 2025 20:07:37 GMT",
        "ETag": "\"0x8DD9322F8F34F25\"",
        "Last-Modified": "Wed, 14 May 2025 20:07:37 GMT",
        "Server": [
          "Windows-Azure-File/1.0",
          "Microsoft-HTTPAPI/2.0"
        ],
        "x-ms-client-request-id": "Sanitized",
        "x-ms-file-attributes": "Archive",
        "x-ms-file-change-time": "2024-04-01T13:30:03.0000000Z",
        "x-ms-file-creation-time": "2024-04-01T09:05:55.0000000Z",
        "x-ms-file-id": "17293892937846882304",
        "x-ms-file-last-write-time": "2024-04-01T12:16:06.0000000Z",
        "x-ms-file-parent-id": "12682206919419494400",
        "x-ms-file-permission-key": "7644204433482997301*8241620249767961789",
        "x-ms-lease-state": "available",
        "x-ms-lease-status": "unlocked",
        "x-ms-meta-Capital": "letter",
        "x-ms-meta-foo": "bar",
        "x-ms-meta-meta": "data",
        "x-ms-meta-UPPER": "case",
        "x-ms-request-id": "7f687e0e-401a-0011-2e0b-c5f7fd000000",
        "x-ms-server-encrypted": "true",
        "x-ms-type": "File",
        "x-ms-version": "2025-07-05"
      },
      "ResponseBody": null
    },
    {
      "RequestUri": "https://xmfxscnbn9pe18ex.file.preprod.core.windows.net/test-share-0d152632-e02b-c421-dd08-802af1ddbdee/destFolder/pik/item4",
      "RequestMethod": "HEAD",
      "RequestHeaders": {
        "Accept": "application/xml",
        "Authorization": "Sanitized",
        "traceparent": "00-a9eb3322c218f442d045353dc1a0853c-2511f08d2facfe08-00",
        "User-Agent": "azsdk-net-Storage.Files.Shares/12.23.0-alpha.20250514.1 (.NET 8.0.16; Microsoft Windows 10.0.26100)",
        "x-ms-client-request-id": "Sanitized",
        "x-ms-date": "Wed, 14 May 2025 20:07:40 GMT",
        "x-ms-return-client-request-id": "true",
        "x-ms-version": "2025-07-05"
      },
      "RequestBody": null,
      "StatusCode": 404,
      "ResponseHeaders": {
        "Date": "Wed, 14 May 2025 20:07:37 GMT",
        "Server": [
          "Windows-Azure-File/1.0",
          "Microsoft-HTTPAPI/2.0"
        ],
        "Transfer-Encoding": "chunked",
        "x-ms-client-request-id": "Sanitized",
        "x-ms-error-code": "ResourceNotFound",
        "x-ms-request-id": "7f687e11-401a-0011-310b-c5f7fd000000",
        "x-ms-version": "2025-07-05"
      },
      "ResponseBody": null
    },
    {
      "RequestUri": "https://xmfxscnbn9pe18ex.file.preprod.core.windows.net/test-share-0d152632-e02b-c421-dd08-802af1ddbdee/destFolder/pik/item4",
      "RequestMethod": "PUT",
      "RequestHeaders": {
        "Accept": "application/xml",
        "Authorization": "Sanitized",
        "Content-Length": "0",
        "traceparent": "00-29c7e18920645e31029fcd38b0abcd95-09987cb8976d9d18-00",
        "User-Agent": "azsdk-net-Storage.Files.Shares/12.23.0-alpha.20250514.1 (.NET 8.0.16; Microsoft Windows 10.0.26100)",
        "x-ms-cache-control": "no-cache",
        "x-ms-client-request-id": "Sanitized",
        "x-ms-content-disposition": "inline",
        "x-ms-content-language": "en-US,en-CA",
        "x-ms-content-length": "1024",
        "x-ms-content-type": "application/octet-stream",
        "x-ms-date": "Wed, 14 May 2025 20:07:40 GMT",
        "x-ms-file-attributes": "Archive",
        "x-ms-file-change-time": "2024-04-01T13:30:03.0000000Z",
        "x-ms-file-creation-time": "2024-04-01T09:05:55.0000000Z",
        "x-ms-file-last-write-time": "2024-04-01T12:16:06.0000000Z",
        "x-ms-file-permission-key": "3255633128955156629*8241620249767961789",
        "x-ms-meta-Capital": "letter",
        "x-ms-meta-foo": "bar",
        "x-ms-meta-meta": "data",
        "x-ms-meta-UPPER": "case",
        "x-ms-return-client-request-id": "true",
        "x-ms-type": "file",
        "x-ms-version": "2025-07-05"
      },
      "RequestBody": null,
      "StatusCode": 201,
      "ResponseHeaders": {
        "Date": "Wed, 14 May 2025 20:07:37 GMT",
        "ETag": "\"0x8DD9322F97D1A13\"",
        "Last-Modified": "Wed, 14 May 2025 20:07:38 GMT",
        "Server": [
          "Windows-Azure-File/1.0",
          "Microsoft-HTTPAPI/2.0"
        ],
        "Transfer-Encoding": "chunked",
        "x-ms-client-request-id": "Sanitized",
        "x-ms-file-attributes": "Archive",
        "x-ms-file-change-time": "2024-04-01T13:30:03.0000000Z",
        "x-ms-file-creation-time": "2024-04-01T09:05:55.0000000Z",
        "x-ms-file-id": "10376328725833711616",
        "x-ms-file-last-write-time": "2024-04-01T12:16:06.0000000Z",
        "x-ms-file-parent-id": "16140971433240035328",
        "x-ms-file-permission-key": "7346430682703463653*8241620249767961789",
        "x-ms-request-id": "7f687e12-401a-0011-320b-c5f7fd000000",
        "x-ms-request-server-encrypted": "true",
        "x-ms-version": "2025-07-05"
      },
      "ResponseBody": null
    },
    {
      "RequestUri": "https://xmfxscnbn9pe18ex.file.preprod.core.windows.net/test-share-0d152632-e02b-c421-dd08-802af1ddbdee/destFolder/pik/item4?comp=range",
      "RequestMethod": "PUT",
      "RequestHeaders": {
        "Accept": "application/xml",
        "Authorization": "Sanitized",
        "Content-Length": "0",
        "traceparent": "00-1e8d213aeebd33bfcaed583bcb70c889-a8ada2d90fc681b0-00",
        "User-Agent": "azsdk-net-Storage.Files.Shares/12.23.0-alpha.20250514.1 (.NET 8.0.16; Microsoft Windows 10.0.26100)",
        "x-ms-client-request-id": "Sanitized",
        "x-ms-copy-source": "https://xmfxscnbn9pe18ex.file.preprod.core.windows.net/test-share-61de89b4-5678-90ef-a82f-a5cb6b222882/sourceFolder/pik/item4?sv=sanitized-value&ss=f&srt=sco&se=2025-05-15T20%3A07%3A39Z&sp=rwdxylacuptfi&sig=Sanitized",
        "x-ms-date": "Wed, 14 May 2025 20:07:40 GMT",
        "x-ms-file-last-write-time": "Preserve",
        "x-ms-range": "bytes=0-1023",
        "x-ms-return-client-request-id": "true",
        "x-ms-source-range": "bytes=0-1023",
        "x-ms-version": "2025-07-05",
        "x-ms-write": "update"
      },
      "RequestBody": null,
      "StatusCode": 201,
      "ResponseHeaders": {
        "Date": "Wed, 14 May 2025 20:07:37 GMT",
        "ETag": "\"0x8DD9322F9826B50\"",
        "Last-Modified": "Wed, 14 May 2025 20:07:38 GMT",
        "Server": [
          "Windows-Azure-File/1.0",
          "Microsoft-HTTPAPI/2.0"
        ],
        "Transfer-Encoding": "chunked",
        "x-ms-client-request-id": "Sanitized",
        "x-ms-content-crc64": "iknlm7CyG2k=",
        "x-ms-file-last-write-time": "2024-04-01T12:16:06.0000000Z",
        "x-ms-request-id": "7f687e18-401a-0011-380b-c5f7fd000000",
        "x-ms-request-server-encrypted": "true",
        "x-ms-version": "2025-07-05"
      },
      "ResponseBody": null
    },
    {
      "RequestUri": "https://xmfxscnbn9pe18ex.file.preprod.core.windows.net/test-share-0d152632-e02b-c421-dd08-802af1ddbdee/destFolder/pik/item4?comp=properties",
      "RequestMethod": "PUT",
      "RequestHeaders": {
        "Accept": "application/xml",
        "Authorization": "Sanitized",
        "Content-Length": "0",
        "traceparent": "00-e378be31f63a835ac7b7cafeb6ce5415-32fdd84d3094522d-00",
        "User-Agent": "azsdk-net-Storage.Files.Shares/12.23.0-alpha.20250514.1 (.NET 8.0.16; Microsoft Windows 10.0.26100)",
        "x-ms-cache-control": "no-cache",
        "x-ms-client-request-id": "Sanitized",
        "x-ms-content-disposition": "inline",
        "x-ms-content-language": "en-US,en-CA",
        "x-ms-content-type": "application/octet-stream",
        "x-ms-date": "Wed, 14 May 2025 20:07:40 GMT",
        "x-ms-file-attributes": "Archive",
        "x-ms-file-change-time": "2024-04-01T13:30:03.0000000Z",
        "x-ms-file-creation-time": "2024-04-01T09:05:55.0000000Z",
        "x-ms-file-last-write-time": "2024-04-01T12:16:06.0000000Z",
        "x-ms-file-permission-key": "3255633128955156629*8241620249767961789",
        "x-ms-return-client-request-id": "true",
        "x-ms-version": "2025-07-05"
      },
      "RequestBody": null,
      "StatusCode": 200,
      "ResponseHeaders": {
        "Date": "Wed, 14 May 2025 20:07:37 GMT",
        "ETag": "\"0x8DD9322F986379D\"",
        "Last-Modified": "Wed, 14 May 2025 20:07:38 GMT",
        "Server": [
          "Windows-Azure-File/1.0",
          "Microsoft-HTTPAPI/2.0"
        ],
        "Transfer-Encoding": "chunked",
        "x-ms-client-request-id": "Sanitized",
        "x-ms-file-attributes": "Archive",
        "x-ms-file-change-time": "2024-04-01T13:30:03.0000000Z",
        "x-ms-file-creation-time": "2024-04-01T09:05:55.0000000Z",
        "x-ms-file-id": "10376328725833711616",
        "x-ms-file-last-write-time": "2024-04-01T12:16:06.0000000Z",
        "x-ms-file-parent-id": "16140971433240035328",
        "x-ms-file-permission-key": "3255633128955156629*8241620249767961789",
        "x-ms-request-id": "7f687e1b-401a-0011-3b0b-c5f7fd000000",
        "x-ms-request-server-encrypted": "true",
        "x-ms-version": "2025-07-05"
      },
      "ResponseBody": null
    },
    {
      "RequestUri": "https://xmfxscnbn9pe18ex.file.preprod.core.windows.net/test-share-61de89b4-5678-90ef-a82f-a5cb6b222882/sourceFolder?sv=Sanitized&ss=f&srt=sco&se=2025-05-15T20%3A07%3A39Z&sp=rwdxylacuptfi&sig=Sanitized&restype=directory&comp=list",
      "RequestMethod": "GET",
      "RequestHeaders": {
        "Accept": "application/xml",
        "traceparent": "00-f0efee24fbbfb8fb73ea2fbadf4cd3ab-a954ad5ea6a1dfe8-00",
        "User-Agent": "azsdk-net-Storage.Files.Shares/12.23.0-alpha.20250514.1 (.NET 8.0.16; Microsoft Windows 10.0.26100)",
        "x-ms-client-request-id": "Sanitized",
        "x-ms-return-client-request-id": "true",
        "x-ms-version": "2025-07-05"
      },
      "RequestBody": null,
      "StatusCode": 200,
      "ResponseHeaders": {
        "Content-Type": "application/xml",
        "Date": "Wed, 14 May 2025 20:07:37 GMT",
        "Server": [
          "Windows-Azure-File/1.0",
          "Microsoft-HTTPAPI/2.0"
        ],
        "Transfer-Encoding": "chunked",
        "x-ms-client-request-id": "Sanitized",
        "x-ms-request-id": "7f687e1c-401a-0011-3c0b-c5f7fd000000",
        "x-ms-version": "2025-07-05"
      },
      "ResponseBody": "\uFEFF<?xml version=\"1.0\" encoding=\"utf-8\"?><EnumerationResults ServiceEndpoint=\"https://xmfxscnbn9pe18ex.file.preprod.core.windows.net/\" ShareName=\"test-share-61de89b4-5678-90ef-a82f-a5cb6b222882\" DirectoryPath=\"sourceFolder\"><DirectoryId>13835128424026341376</DirectoryId><Entries><Directory><Name>bar</Name><FileId>10376363910205800448</FileId><Properties /></Directory><File><Name>item1</Name><FileId>11529285414812647424</FileId><Properties><Content-Length>1024</Content-Length></Properties></File><File><Name>item2</Name><FileId>16140971433240035328</FileId><Properties><Content-Length>1024</Content-Length></Properties></File><Directory><Name>pik</Name><FileId>12682206919419494400</FileId><Properties /></Directory></Entries><NextMarker /></EnumerationResults>"
    },
    {
      "RequestUri": "https://xmfxscnbn9pe18ex.file.preprod.core.windows.net/test-share-0d152632-e02b-c421-dd08-802af1ddbdee/destFolder?restype=directory&comp=list",
      "RequestMethod": "GET",
      "RequestHeaders": {
        "Accept": "application/xml",
        "Authorization": "Sanitized",
        "traceparent": "00-85679dc3baa1117f0b1323467d88ce5a-1369a2e4383e1160-00",
        "User-Agent": "azsdk-net-Storage.Files.Shares/12.23.0-alpha.20250514.1 (.NET 8.0.16; Microsoft Windows 10.0.26100)",
        "x-ms-client-request-id": "Sanitized",
        "x-ms-date": "Wed, 14 May 2025 20:07:40 GMT",
        "x-ms-return-client-request-id": "true",
        "x-ms-version": "2025-07-05"
      },
      "RequestBody": null,
      "StatusCode": 200,
      "ResponseHeaders": {
        "Content-Type": "application/xml",
        "Date": "Wed, 14 May 2025 20:07:37 GMT",
        "Server": [
          "Windows-Azure-File/1.0",
          "Microsoft-HTTPAPI/2.0"
        ],
        "Transfer-Encoding": "chunked",
        "x-ms-client-request-id": "Sanitized",
        "x-ms-request-id": "7f687e1f-401a-0011-3f0b-c5f7fd000000",
        "x-ms-version": "2025-07-05"
      },
      "ResponseBody": "\uFEFF<?xml version=\"1.0\" encoding=\"utf-8\"?><EnumerationResults ServiceEndpoint=\"https://xmfxscnbn9pe18ex.file.preprod.core.windows.net/\" ShareName=\"test-share-0d152632-e02b-c421-dd08-802af1ddbdee\" DirectoryPath=\"destFolder\"><DirectoryId>13835128424026341376</DirectoryId><Entries><Directory><Name>bar</Name><FileId>11529285414812647424</FileId><Properties /></Directory><File><Name>item1</Name><FileId>13835093239654252544</FileId><Properties><Content-Length>1024</Content-Length></Properties></File><File><Name>item2</Name><FileId>11529250230440558592</FileId><Properties><Content-Length>1024</Content-Length></Properties></File><Directory><Name>pik</Name><FileId>16140971433240035328</FileId><Properties /></Directory></Entries><NextMarker /></EnumerationResults>"
    },
    {
      "RequestUri": "https://xmfxscnbn9pe18ex.file.preprod.core.windows.net/test-share-61de89b4-5678-90ef-a82f-a5cb6b222882/sourceFolder/item1?sv=Sanitized&ss=f&srt=sco&se=2025-05-15T20%3A07%3A39Z&sp=rwdxylacuptfi&sig=Sanitized",
      "RequestMethod": "HEAD",
      "RequestHeaders": {
        "Accept": "application/xml",
        "traceparent": "00-c515d280e9e3ac90681cb21fe068fd5c-608b0d6afbe7273b-00",
        "User-Agent": "azsdk-net-Storage.Files.Shares/12.23.0-alpha.20250514.1 (.NET 8.0.16; Microsoft Windows 10.0.26100)",
        "x-ms-client-request-id": "Sanitized",
        "x-ms-return-client-request-id": "true",
        "x-ms-version": "2025-07-05"
      },
      "RequestBody": null,
      "StatusCode": 200,
      "ResponseHeaders": {
        "Cache-Control": "no-cache",
        "Content-Disposition": "inline",
        "Content-Language": [
          "en-US",
          "en-CA"
        ],
        "Content-Length": "1024",
        "Content-Type": "application/octet-stream",
        "Date": "Wed, 14 May 2025 20:07:37 GMT",
        "ETag": "\"0x8DD9322F8DDE370\"",
        "Last-Modified": "Wed, 14 May 2025 20:07:36 GMT",
        "Server": [
          "Windows-Azure-File/1.0",
          "Microsoft-HTTPAPI/2.0"
        ],
        "x-ms-client-request-id": "Sanitized",
        "x-ms-file-attributes": "Archive",
        "x-ms-file-change-time": "2024-04-01T13:30:03.0000000Z",
        "x-ms-file-creation-time": "2024-04-01T09:05:55.0000000Z",
        "x-ms-file-id": "11529285414812647424",
        "x-ms-file-last-write-time": "2024-04-01T12:16:06.0000000Z",
        "x-ms-file-parent-id": "13835128424026341376",
        "x-ms-file-permission-key": "7644204433482997301*8241620249767961789",
        "x-ms-lease-state": "available",
        "x-ms-lease-status": "unlocked",
        "x-ms-meta-Capital": "letter",
        "x-ms-meta-foo": "bar",
        "x-ms-meta-meta": "data",
        "x-ms-meta-UPPER": "case",
        "x-ms-request-id": "7f687e24-401a-0011-440b-c5f7fd000000",
        "x-ms-server-encrypted": "true",
        "x-ms-type": "File",
        "x-ms-version": "2025-07-05"
      },
      "ResponseBody": null
    },
    {
      "RequestUri": "https://xmfxscnbn9pe18ex.file.preprod.core.windows.net/test-share-0d152632-e02b-c421-dd08-802af1ddbdee/destFolder/item1",
      "RequestMethod": "HEAD",
      "RequestHeaders": {
        "Accept": "application/xml",
        "Authorization": "Sanitized",
        "traceparent": "00-bab66b8e10696da293ef9cda5a46d323-0d8f9448fb22fa7f-00",
        "User-Agent": "azsdk-net-Storage.Files.Shares/12.23.0-alpha.20250514.1 (.NET 8.0.16; Microsoft Windows 10.0.26100)",
        "x-ms-client-request-id": "Sanitized",
        "x-ms-date": "Wed, 14 May 2025 20:07:40 GMT",
        "x-ms-return-client-request-id": "true",
        "x-ms-version": "2025-07-05"
      },
      "RequestBody": null,
      "StatusCode": 200,
      "ResponseHeaders": {
        "Cache-Control": "no-cache",
        "Content-Disposition": "inline",
        "Content-Language": [
          "en-US",
          "en-CA"
        ],
        "Content-Length": "1024",
        "Content-Type": "application/octet-stream",
        "Date": "Wed, 14 May 2025 20:07:37 GMT",
        "ETag": "\"0x8DD9322F93FB9C1\"",
        "Last-Modified": "Wed, 14 May 2025 20:07:37 GMT",
        "Server": [
          "Windows-Azure-File/1.0",
          "Microsoft-HTTPAPI/2.0"
        ],
        "x-ms-client-request-id": "Sanitized",
        "x-ms-file-attributes": "Archive",
        "x-ms-file-change-time": "2024-04-01T13:30:03.0000000Z",
        "x-ms-file-creation-time": "2024-04-01T09:05:55.0000000Z",
        "x-ms-file-id": "13835093239654252544",
        "x-ms-file-last-write-time": "2024-04-01T12:16:06.0000000Z",
        "x-ms-file-parent-id": "13835128424026341376",
        "x-ms-file-permission-key": "3255633128955156629*8241620249767961789",
        "x-ms-lease-state": "available",
        "x-ms-lease-status": "unlocked",
        "x-ms-meta-Capital": "letter",
        "x-ms-meta-foo": "bar",
        "x-ms-meta-meta": "data",
        "x-ms-meta-UPPER": "case",
        "x-ms-request-id": "7f687e25-401a-0011-450b-c5f7fd000000",
        "x-ms-server-encrypted": "true",
        "x-ms-type": "File",
        "x-ms-version": "2025-07-05"
      },
      "ResponseBody": null
    },
    {
      "RequestUri": "https://xmfxscnbn9pe18ex.file.preprod.core.windows.net/test-share-61de89b4-5678-90ef-a82f-a5cb6b222882/sourceFolder/item1?sv=Sanitized&ss=f&srt=sco&se=2025-05-15T20%3A07%3A39Z&sp=rwdxylacuptfi&sig=Sanitized",
      "RequestMethod": "GET",
      "RequestHeaders": {
        "Accept": "application/xml",
        "User-Agent": "azsdk-net-Storage.Files.Shares/12.23.0-alpha.20250514.1 (.NET 8.0.16; Microsoft Windows 10.0.26100)",
        "x-ms-client-request-id": "Sanitized",
        "x-ms-range": "bytes=0-1023",
        "x-ms-return-client-request-id": "true",
        "x-ms-version": "2025-07-05"
      },
      "RequestBody": null,
      "StatusCode": 206,
      "ResponseHeaders": {
        "Accept-Ranges": "bytes",
        "Cache-Control": "no-cache",
        "Content-Disposition": "inline",
        "Content-Language": [
          "en-US",
          "en-CA"
        ],
        "Content-Length": "1024",
        "Content-Range": "bytes 0-1023/1024",
        "Content-Type": "application/octet-stream",
        "Date": "Wed, 14 May 2025 20:07:37 GMT",
        "ETag": "\"0x8DD9322F8DDE370\"",
        "Last-Modified": "Wed, 14 May 2025 20:07:36 GMT",
        "Server": [
          "Windows-Azure-File/1.0",
          "Microsoft-HTTPAPI/2.0"
        ],
        "x-ms-client-request-id": "Sanitized",
        "x-ms-file-attributes": "Archive",
        "x-ms-file-change-time": "2024-04-01T13:30:03.0000000Z",
        "x-ms-file-creation-time": "2024-04-01T09:05:55.0000000Z",
        "x-ms-file-id": "11529285414812647424",
        "x-ms-file-last-write-time": "2024-04-01T12:16:06.0000000Z",
        "x-ms-file-parent-id": "13835128424026341376",
        "x-ms-file-permission-key": "7644204433482997301*8241620249767961789",
        "x-ms-lease-state": "available",
        "x-ms-lease-status": "unlocked",
        "x-ms-meta-Capital": "letter",
        "x-ms-meta-foo": "bar",
        "x-ms-meta-meta": "data",
        "x-ms-meta-UPPER": "case",
        "x-ms-request-id": "7f687e29-401a-0011-470b-c5f7fd000000",
        "x-ms-server-encrypted": "true",
        "x-ms-type": "File",
        "x-ms-version": "2025-07-05"
      },
      "ResponseBody": "AAAAAAAAAAAAAAAAAAAAAAAAAAAAAAAAAAAAAAAAAAAAAAAAAAAAAAAAAAAAAAAAAAAAAAAAAAAAAAAAAAAAAAAAAAAAAAAAAAAAAAAAAAAAAAAAAAAAAAAAAAAAAAAAAAAAAAAAAAAAAAAAAAAAAAAAAAAAAAAAAAAAAAAAAAAAAAAAAAAAAAAAAAAAAAAAAAAAAAAAAAAAAAAAAAAAAAAAAAAAAAAAAAAAAAAAAAAAAAAAAAAAAAAAAAAAAAAAAAAAAAAAAAAAAAAAAAAAAAAAAAAAAAAAAAAAAAAAAAAAAAAAAAAAAAAAAAAAAAAAAAAAAAAAAAAAAAAAAAAAAAAAAAAAAAAAAAAAAAAAAAAAAAAAAAAAAAAAAAAAAAAAAAAAAAAAAAAAAAAAAAAAAAAAAAAAAAAAAAAAAAAAAAAAAAAAAAAAAAAAAAAAAAAAAAAAAAAAAAAAAAAAAAAAAAAAAAAAAAAAAAAAAAAAAAAAAAAAAAAAAAAAAAAAAAAAAAAAAAAAAAAAAAAAAAAAAAAAAAAAAAAAAAAAAAAAAAAAAAAAAAAAAAAAAAAAAAAAAAAAAAAAAAAAAAAAAAAAAAAAAAAAAAAAAAAAAAAAAAAAAAAAAAAAAAAAAAAAAAAAAAAAAAAAAAAAAAAAAAAAAAAAAAAAAAAAAAAAAAAAAAAAAAAAAAAAAAAAAAAAAAAAAAAAAAAAAAAAAAAAAAAAAAAAAAAAAAAAAAAAAAAAAAAAAAAAAAAAAAAAAAAAAAAAAAAAAAAAAAAAAAAAAAAAAAAAAAAAAAAAAAAAAAAAAAAAAAAAAAAAAAAAAAAAAAAAAAAAAAAAAAAAAAAAAAAAAAAAAAAAAAAAAAAAAAAAAAAAAAAAAAAAAAAAAAAAAAAAAAAAAAAAAAAAAAAAAAAAAAAAAAAAAAAAAAAAAAAAAAAAAAAAAAAAAAAAAAAAAAAAAAAAAAAAAAAAAAAAAAAAAAAAAAAAAAAAAAAAAAAAAAAAAAAAAAAAAAAAAAAAAAAAAAAAAAAAAAAAAAAAAAAAAAAAAAAAAAAAAAAAAAAAAAAAAAAAAAAAAAAAAAAAAAAAAAAAAAAAAAAAAAAAAAAAAAAAAAAAAAAAAAAAAAAAAAAAAAAAAAAAAAAAAAAAAAAAAAAAAAAAAAAAAAAAAAAAAAAAAAAAAAAAAAAAAAAAAAAAAAAAAAAAAAAAAAAAAAAAAAAAAAAAAAAAAAAAAAAAAAAAAAAAAAAAAAAAAAAAAAAAAAAAAAAAAAAAAAAAAAAAAAAAAAAAAAAAAAAAAAAAAAAAAAAAAAAAAAAAAAAAAAAAAAAAAAAAAAAAAAAAAAAAAAAAAAAAAAAAAAAAAAAAAA=="
    },
    {
      "RequestUri": "https://xmfxscnbn9pe18ex.file.preprod.core.windows.net/test-share-0d152632-e02b-c421-dd08-802af1ddbdee/destFolder/item1",
      "RequestMethod": "GET",
      "RequestHeaders": {
        "Accept": "application/xml",
        "Authorization": "Sanitized",
        "User-Agent": "azsdk-net-Storage.Files.Shares/12.23.0-alpha.20250514.1 (.NET 8.0.16; Microsoft Windows 10.0.26100)",
        "x-ms-client-request-id": "Sanitized",
        "x-ms-date": "Wed, 14 May 2025 20:07:40 GMT",
        "x-ms-range": "bytes=0-1023",
        "x-ms-return-client-request-id": "true",
        "x-ms-version": "2025-07-05"
      },
      "RequestBody": null,
      "StatusCode": 206,
      "ResponseHeaders": {
        "Accept-Ranges": "bytes",
        "Cache-Control": "no-cache",
        "Content-Disposition": "inline",
        "Content-Language": [
          "en-US",
          "en-CA"
        ],
        "Content-Length": "1024",
        "Content-Range": "bytes 0-1023/1024",
        "Content-Type": "application/octet-stream",
        "Date": "Wed, 14 May 2025 20:07:37 GMT",
        "ETag": "\"0x8DD9322F93FB9C1\"",
        "Last-Modified": "Wed, 14 May 2025 20:07:37 GMT",
        "Server": [
          "Windows-Azure-File/1.0",
          "Microsoft-HTTPAPI/2.0"
        ],
        "x-ms-client-request-id": "Sanitized",
        "x-ms-file-attributes": "Archive",
        "x-ms-file-change-time": "2024-04-01T13:30:03.0000000Z",
        "x-ms-file-creation-time": "2024-04-01T09:05:55.0000000Z",
        "x-ms-file-id": "13835093239654252544",
        "x-ms-file-last-write-time": "2024-04-01T12:16:06.0000000Z",
        "x-ms-file-parent-id": "13835128424026341376",
        "x-ms-file-permission-key": "3255633128955156629*8241620249767961789",
        "x-ms-lease-state": "available",
        "x-ms-lease-status": "unlocked",
        "x-ms-meta-Capital": "letter",
        "x-ms-meta-foo": "bar",
        "x-ms-meta-meta": "data",
        "x-ms-meta-UPPER": "case",
        "x-ms-request-id": "7f687e2a-401a-0011-480b-c5f7fd000000",
        "x-ms-server-encrypted": "true",
        "x-ms-type": "File",
        "x-ms-version": "2025-07-05"
      },
      "ResponseBody": "AAAAAAAAAAAAAAAAAAAAAAAAAAAAAAAAAAAAAAAAAAAAAAAAAAAAAAAAAAAAAAAAAAAAAAAAAAAAAAAAAAAAAAAAAAAAAAAAAAAAAAAAAAAAAAAAAAAAAAAAAAAAAAAAAAAAAAAAAAAAAAAAAAAAAAAAAAAAAAAAAAAAAAAAAAAAAAAAAAAAAAAAAAAAAAAAAAAAAAAAAAAAAAAAAAAAAAAAAAAAAAAAAAAAAAAAAAAAAAAAAAAAAAAAAAAAAAAAAAAAAAAAAAAAAAAAAAAAAAAAAAAAAAAAAAAAAAAAAAAAAAAAAAAAAAAAAAAAAAAAAAAAAAAAAAAAAAAAAAAAAAAAAAAAAAAAAAAAAAAAAAAAAAAAAAAAAAAAAAAAAAAAAAAAAAAAAAAAAAAAAAAAAAAAAAAAAAAAAAAAAAAAAAAAAAAAAAAAAAAAAAAAAAAAAAAAAAAAAAAAAAAAAAAAAAAAAAAAAAAAAAAAAAAAAAAAAAAAAAAAAAAAAAAAAAAAAAAAAAAAAAAAAAAAAAAAAAAAAAAAAAAAAAAAAAAAAAAAAAAAAAAAAAAAAAAAAAAAAAAAAAAAAAAAAAAAAAAAAAAAAAAAAAAAAAAAAAAAAAAAAAAAAAAAAAAAAAAAAAAAAAAAAAAAAAAAAAAAAAAAAAAAAAAAAAAAAAAAAAAAAAAAAAAAAAAAAAAAAAAAAAAAAAAAAAAAAAAAAAAAAAAAAAAAAAAAAAAAAAAAAAAAAAAAAAAAAAAAAAAAAAAAAAAAAAAAAAAAAAAAAAAAAAAAAAAAAAAAAAAAAAAAAAAAAAAAAAAAAAAAAAAAAAAAAAAAAAAAAAAAAAAAAAAAAAAAAAAAAAAAAAAAAAAAAAAAAAAAAAAAAAAAAAAAAAAAAAAAAAAAAAAAAAAAAAAAAAAAAAAAAAAAAAAAAAAAAAAAAAAAAAAAAAAAAAAAAAAAAAAAAAAAAAAAAAAAAAAAAAAAAAAAAAAAAAAAAAAAAAAAAAAAAAAAAAAAAAAAAAAAAAAAAAAAAAAAAAAAAAAAAAAAAAAAAAAAAAAAAAAAAAAAAAAAAAAAAAAAAAAAAAAAAAAAAAAAAAAAAAAAAAAAAAAAAAAAAAAAAAAAAAAAAAAAAAAAAAAAAAAAAAAAAAAAAAAAAAAAAAAAAAAAAAAAAAAAAAAAAAAAAAAAAAAAAAAAAAAAAAAAAAAAAAAAAAAAAAAAAAAAAAAAAAAAAAAAAAAAAAAAAAAAAAAAAAAAAAAAAAAAAAAAAAAAAAAAAAAAAAAAAAAAAAAAAAAAAAAAAAAAAAAAAAAAAAAAAAAAAAAAAAAAAAAAAAAAAAAAAAAAAAAAAAAAAAAAAAAAAAAAAAAAAA=="
    },
    {
      "RequestUri": "https://xmfxscnbn9pe18ex.file.preprod.core.windows.net/test-share-61de89b4-5678-90ef-a82f-a5cb6b222882/sourceFolder/item1?sv=Sanitized&ss=f&srt=sco&se=2025-05-15T20%3A07%3A39Z&sp=rwdxylacuptfi&sig=Sanitized",
      "RequestMethod": "HEAD",
      "RequestHeaders": {
        "Accept": "application/xml",
        "traceparent": "00-39606c9b9796b54e1579cd6e587db5be-8912f335b1f881c7-00",
        "User-Agent": "azsdk-net-Storage.Files.Shares/12.23.0-alpha.20250514.1 (.NET 8.0.16; Microsoft Windows 10.0.26100)",
        "x-ms-client-request-id": "Sanitized",
        "x-ms-return-client-request-id": "true",
        "x-ms-version": "2025-07-05"
      },
      "RequestBody": null,
      "StatusCode": 200,
      "ResponseHeaders": {
        "Cache-Control": "no-cache",
        "Content-Disposition": "inline",
        "Content-Language": [
          "en-US",
          "en-CA"
        ],
        "Content-Length": "1024",
        "Content-Type": "application/octet-stream",
        "Date": "Wed, 14 May 2025 20:07:37 GMT",
        "ETag": "\"0x8DD9322F8DDE370\"",
        "Last-Modified": "Wed, 14 May 2025 20:07:36 GMT",
        "Server": [
          "Windows-Azure-File/1.0",
          "Microsoft-HTTPAPI/2.0"
        ],
        "x-ms-client-request-id": "Sanitized",
        "x-ms-file-attributes": "Archive",
        "x-ms-file-change-time": "2024-04-01T13:30:03.0000000Z",
        "x-ms-file-creation-time": "2024-04-01T09:05:55.0000000Z",
        "x-ms-file-id": "11529285414812647424",
        "x-ms-file-last-write-time": "2024-04-01T12:16:06.0000000Z",
        "x-ms-file-parent-id": "13835128424026341376",
        "x-ms-file-permission-key": "7644204433482997301*8241620249767961789",
        "x-ms-lease-state": "available",
        "x-ms-lease-status": "unlocked",
        "x-ms-meta-Capital": "letter",
        "x-ms-meta-foo": "bar",
        "x-ms-meta-meta": "data",
        "x-ms-meta-UPPER": "case",
        "x-ms-request-id": "7f687e2b-401a-0011-490b-c5f7fd000000",
        "x-ms-server-encrypted": "true",
        "x-ms-type": "File",
        "x-ms-version": "2025-07-05"
      },
      "ResponseBody": null
    },
    {
      "RequestUri": "https://xmfxscnbn9pe18ex.file.preprod.core.windows.net/test-share-0d152632-e02b-c421-dd08-802af1ddbdee/destFolder/item1",
      "RequestMethod": "HEAD",
      "RequestHeaders": {
        "Accept": "application/xml",
        "Authorization": "Sanitized",
        "traceparent": "00-6dc9ac963de43df8a179bc7a0561fd87-1666dcd2ad1145a6-00",
        "User-Agent": "azsdk-net-Storage.Files.Shares/12.23.0-alpha.20250514.1 (.NET 8.0.16; Microsoft Windows 10.0.26100)",
        "x-ms-client-request-id": "Sanitized",
        "x-ms-date": "Wed, 14 May 2025 20:07:41 GMT",
        "x-ms-return-client-request-id": "true",
        "x-ms-version": "2025-07-05"
      },
      "RequestBody": null,
      "StatusCode": 200,
      "ResponseHeaders": {
        "Cache-Control": "no-cache",
        "Content-Disposition": "inline",
        "Content-Language": [
          "en-US",
          "en-CA"
        ],
        "Content-Length": "1024",
        "Content-Type": "application/octet-stream",
        "Date": "Wed, 14 May 2025 20:07:37 GMT",
        "ETag": "\"0x8DD9322F93FB9C1\"",
        "Last-Modified": "Wed, 14 May 2025 20:07:37 GMT",
        "Server": [
          "Windows-Azure-File/1.0",
          "Microsoft-HTTPAPI/2.0"
        ],
        "x-ms-client-request-id": "Sanitized",
        "x-ms-file-attributes": "Archive",
        "x-ms-file-change-time": "2024-04-01T13:30:03.0000000Z",
        "x-ms-file-creation-time": "2024-04-01T09:05:55.0000000Z",
        "x-ms-file-id": "13835093239654252544",
        "x-ms-file-last-write-time": "2024-04-01T12:16:06.0000000Z",
        "x-ms-file-parent-id": "13835128424026341376",
        "x-ms-file-permission-key": "3255633128955156629*8241620249767961789",
        "x-ms-lease-state": "available",
        "x-ms-lease-status": "unlocked",
        "x-ms-meta-Capital": "letter",
        "x-ms-meta-foo": "bar",
        "x-ms-meta-meta": "data",
        "x-ms-meta-UPPER": "case",
        "x-ms-request-id": "7f687e2c-401a-0011-4a0b-c5f7fd000000",
        "x-ms-server-encrypted": "true",
        "x-ms-type": "File",
        "x-ms-version": "2025-07-05"
      },
      "ResponseBody": null
    },
    {
      "RequestUri": "https://xmfxscnbn9pe18ex.file.preprod.core.windows.net/test-share-61de89b4-5678-90ef-a82f-a5cb6b222882?sv=Sanitized&ss=f&srt=sco&se=2025-05-15T20%3A07%3A39Z&sp=rwdxylacuptfi&sig=Sanitized&restype=share&comp=filepermission",
      "RequestMethod": "GET",
      "RequestHeaders": {
        "Accept": "application/json",
        "traceparent": "00-e77d977a44934f909820e78b0e773291-9a0eee984186b694-00",
        "User-Agent": "azsdk-net-Storage.Files.Shares/12.23.0-alpha.20250514.1 (.NET 8.0.16; Microsoft Windows 10.0.26100)",
        "x-ms-client-request-id": "Sanitized",
        "x-ms-file-permission-key": "7644204433482997301*8241620249767961789",
        "x-ms-return-client-request-id": "true",
        "x-ms-version": "2025-07-05"
      },
      "RequestBody": null,
      "StatusCode": 200,
      "ResponseHeaders": {
        "Content-Length": "149",
        "Date": "Wed, 14 May 2025 20:07:37 GMT",
        "Server": [
          "Windows-Azure-File/1.0",
          "Microsoft-HTTPAPI/2.0"
        ],
        "x-ms-client-request-id": "Sanitized",
        "x-ms-request-id": "7f687e2e-401a-0011-4c0b-c5f7fd000000",
        "x-ms-version": "2025-07-05"
      },
      "ResponseBody": "eyJwZXJtaXNzaW9uIjoiTzpTWUc6U1lEOihBOztGQTs7O1NZKShBOztGQTs7O1MtMS01LTg1LTgwMDEwMTYxMy0zNDA0NjcyMjIwLTEyNjE0NDE0NDMtMzIyNzgwMDc5NC0yMjk2MjQ5NzQ3KShBOztGQTs7O0JBKShBOzs7OztPVykiLCJmb3JtYXQiOiJzZGRsIn0="
    },
    {
      "RequestUri": "https://xmfxscnbn9pe18ex.file.preprod.core.windows.net/test-share-0d152632-e02b-c421-dd08-802af1ddbdee?restype=share&comp=filepermission",
      "RequestMethod": "GET",
      "RequestHeaders": {
        "Accept": "application/json",
        "Authorization": "Sanitized",
        "traceparent": "00-5c70720a37335ee55548cdfda911d293-737313da5979c847-00",
        "User-Agent": "azsdk-net-Storage.Files.Shares/12.23.0-alpha.20250514.1 (.NET 8.0.16; Microsoft Windows 10.0.26100)",
        "x-ms-client-request-id": "Sanitized",
        "x-ms-date": "Wed, 14 May 2025 20:07:41 GMT",
        "x-ms-file-permission-key": "3255633128955156629*8241620249767961789",
        "x-ms-return-client-request-id": "true",
        "x-ms-version": "2025-07-05"
      },
      "RequestBody": null,
      "StatusCode": 200,
      "ResponseHeaders": {
        "Content-Length": "168",
        "Date": "Wed, 14 May 2025 20:07:37 GMT",
        "Server": [
          "Windows-Azure-File/1.0",
          "Microsoft-HTTPAPI/2.0"
        ],
        "x-ms-client-request-id": "Sanitized",
        "x-ms-request-id": "7f687e2f-401a-0011-4d0b-c5f7fd000000",
        "x-ms-version": "2025-07-05"
      },
      "ResponseBody": "eyJwZXJtaXNzaW9uIjoiTzpTWUc6U1lEOihBOztGQTs7O1NZKShBOztGQTs7O1MtMS01LTg1LTgwMDEwMTYxMy0zNDA0NjcyMjIwLTEyNjE0NDE0NDMtMzIyNzgwMDc5NC0yMjk2MjQ5NzQ3KShBOztGQTs7O0JBKShBOzs7OztPVylTOk5PX0FDQ0VTU19DT05UUk9MIiwiZm9ybWF0Ijoic2RkbCJ9"
    },
    {
      "RequestUri": "https://xmfxscnbn9pe18ex.file.preprod.core.windows.net/test-share-61de89b4-5678-90ef-a82f-a5cb6b222882/sourceFolder/item2?sv=Sanitized&ss=f&srt=sco&se=2025-05-15T20%3A07%3A39Z&sp=rwdxylacuptfi&sig=Sanitized",
      "RequestMethod": "HEAD",
      "RequestHeaders": {
        "Accept": "application/xml",
        "traceparent": "00-84fdc14b4d9ed5c32c00ca60c0993109-d1edfa708f5ceec6-00",
        "User-Agent": "azsdk-net-Storage.Files.Shares/12.23.0-alpha.20250514.1 (.NET 8.0.16; Microsoft Windows 10.0.26100)",
        "x-ms-client-request-id": "Sanitized",
        "x-ms-return-client-request-id": "true",
        "x-ms-version": "2025-07-05"
      },
      "RequestBody": null,
      "StatusCode": 200,
      "ResponseHeaders": {
        "Cache-Control": "no-cache",
        "Content-Disposition": "inline",
        "Content-Language": [
          "en-US",
          "en-CA"
        ],
        "Content-Length": "1024",
        "Content-Type": "application/octet-stream",
        "Date": "Wed, 14 May 2025 20:07:37 GMT",
        "ETag": "\"0x8DD9322F8E2BFEA\"",
        "Last-Modified": "Wed, 14 May 2025 20:07:37 GMT",
        "Server": [
          "Windows-Azure-File/1.0",
          "Microsoft-HTTPAPI/2.0"
        ],
        "x-ms-client-request-id": "Sanitized",
        "x-ms-file-attributes": "Archive",
        "x-ms-file-change-time": "2024-04-01T13:30:03.0000000Z",
        "x-ms-file-creation-time": "2024-04-01T09:05:55.0000000Z",
        "x-ms-file-id": "16140971433240035328",
        "x-ms-file-last-write-time": "2024-04-01T12:16:06.0000000Z",
        "x-ms-file-parent-id": "13835128424026341376",
        "x-ms-file-permission-key": "7644204433482997301*8241620249767961789",
        "x-ms-lease-state": "available",
        "x-ms-lease-status": "unlocked",
        "x-ms-meta-Capital": "letter",
        "x-ms-meta-foo": "bar",
        "x-ms-meta-meta": "data",
        "x-ms-meta-UPPER": "case",
        "x-ms-request-id": "7f687e33-401a-0011-510b-c5f7fd000000",
        "x-ms-server-encrypted": "true",
        "x-ms-type": "File",
        "x-ms-version": "2025-07-05"
      },
      "ResponseBody": null
    },
    {
      "RequestUri": "https://xmfxscnbn9pe18ex.file.preprod.core.windows.net/test-share-0d152632-e02b-c421-dd08-802af1ddbdee/destFolder/item2",
      "RequestMethod": "HEAD",
      "RequestHeaders": {
        "Accept": "application/xml",
        "Authorization": "Sanitized",
        "traceparent": "00-8f5da391b207b0572d8f091e5ad26a30-f9467ec349d71002-00",
        "User-Agent": "azsdk-net-Storage.Files.Shares/12.23.0-alpha.20250514.1 (.NET 8.0.16; Microsoft Windows 10.0.26100)",
        "x-ms-client-request-id": "Sanitized",
        "x-ms-date": "Wed, 14 May 2025 20:07:41 GMT",
        "x-ms-return-client-request-id": "true",
        "x-ms-version": "2025-07-05"
      },
      "RequestBody": null,
      "StatusCode": 200,
      "ResponseHeaders": {
        "Cache-Control": "no-cache",
        "Content-Disposition": "inline",
        "Content-Language": [
          "en-US",
          "en-CA"
        ],
        "Content-Length": "1024",
        "Content-Type": "application/octet-stream",
        "Date": "Wed, 14 May 2025 20:07:37 GMT",
        "ETag": "\"0x8DD9322F9587D23\"",
        "Last-Modified": "Wed, 14 May 2025 20:07:37 GMT",
        "Server": [
          "Windows-Azure-File/1.0",
          "Microsoft-HTTPAPI/2.0"
        ],
        "x-ms-client-request-id": "Sanitized",
        "x-ms-file-attributes": "Archive",
        "x-ms-file-change-time": "2024-04-01T13:30:03.0000000Z",
        "x-ms-file-creation-time": "2024-04-01T09:05:55.0000000Z",
        "x-ms-file-id": "11529250230440558592",
        "x-ms-file-last-write-time": "2024-04-01T12:16:06.0000000Z",
        "x-ms-file-parent-id": "13835128424026341376",
        "x-ms-file-permission-key": "3255633128955156629*8241620249767961789",
        "x-ms-lease-state": "available",
        "x-ms-lease-status": "unlocked",
        "x-ms-meta-Capital": "letter",
        "x-ms-meta-foo": "bar",
        "x-ms-meta-meta": "data",
        "x-ms-meta-UPPER": "case",
        "x-ms-request-id": "7f687e36-401a-0011-540b-c5f7fd000000",
        "x-ms-server-encrypted": "true",
        "x-ms-type": "File",
        "x-ms-version": "2025-07-05"
      },
      "ResponseBody": null
    },
    {
      "RequestUri": "https://xmfxscnbn9pe18ex.file.preprod.core.windows.net/test-share-61de89b4-5678-90ef-a82f-a5cb6b222882/sourceFolder/item2?sv=Sanitized&ss=f&srt=sco&se=2025-05-15T20%3A07%3A39Z&sp=rwdxylacuptfi&sig=Sanitized",
      "RequestMethod": "GET",
      "RequestHeaders": {
        "Accept": "application/xml",
        "User-Agent": "azsdk-net-Storage.Files.Shares/12.23.0-alpha.20250514.1 (.NET 8.0.16; Microsoft Windows 10.0.26100)",
        "x-ms-client-request-id": "Sanitized",
        "x-ms-range": "bytes=0-1023",
        "x-ms-return-client-request-id": "true",
        "x-ms-version": "2025-07-05"
      },
      "RequestBody": null,
      "StatusCode": 206,
      "ResponseHeaders": {
        "Accept-Ranges": "bytes",
        "Cache-Control": "no-cache",
        "Content-Disposition": "inline",
        "Content-Language": [
          "en-US",
          "en-CA"
        ],
        "Content-Length": "1024",
        "Content-Range": "bytes 0-1023/1024",
        "Content-Type": "application/octet-stream",
        "Date": "Wed, 14 May 2025 20:07:37 GMT",
        "ETag": "\"0x8DD9322F8E2BFEA\"",
        "Last-Modified": "Wed, 14 May 2025 20:07:37 GMT",
        "Server": [
          "Windows-Azure-File/1.0",
          "Microsoft-HTTPAPI/2.0"
        ],
        "x-ms-client-request-id": "Sanitized",
        "x-ms-file-attributes": "Archive",
        "x-ms-file-change-time": "2024-04-01T13:30:03.0000000Z",
        "x-ms-file-creation-time": "2024-04-01T09:05:55.0000000Z",
        "x-ms-file-id": "16140971433240035328",
        "x-ms-file-last-write-time": "2024-04-01T12:16:06.0000000Z",
        "x-ms-file-parent-id": "13835128424026341376",
        "x-ms-file-permission-key": "7644204433482997301*8241620249767961789",
        "x-ms-lease-state": "available",
        "x-ms-lease-status": "unlocked",
        "x-ms-meta-Capital": "letter",
        "x-ms-meta-foo": "bar",
        "x-ms-meta-meta": "data",
        "x-ms-meta-UPPER": "case",
        "x-ms-request-id": "7f687e37-401a-0011-550b-c5f7fd000000",
        "x-ms-server-encrypted": "true",
        "x-ms-type": "File",
        "x-ms-version": "2025-07-05"
      },
      "ResponseBody": "AAAAAAAAAAAAAAAAAAAAAAAAAAAAAAAAAAAAAAAAAAAAAAAAAAAAAAAAAAAAAAAAAAAAAAAAAAAAAAAAAAAAAAAAAAAAAAAAAAAAAAAAAAAAAAAAAAAAAAAAAAAAAAAAAAAAAAAAAAAAAAAAAAAAAAAAAAAAAAAAAAAAAAAAAAAAAAAAAAAAAAAAAAAAAAAAAAAAAAAAAAAAAAAAAAAAAAAAAAAAAAAAAAAAAAAAAAAAAAAAAAAAAAAAAAAAAAAAAAAAAAAAAAAAAAAAAAAAAAAAAAAAAAAAAAAAAAAAAAAAAAAAAAAAAAAAAAAAAAAAAAAAAAAAAAAAAAAAAAAAAAAAAAAAAAAAAAAAAAAAAAAAAAAAAAAAAAAAAAAAAAAAAAAAAAAAAAAAAAAAAAAAAAAAAAAAAAAAAAAAAAAAAAAAAAAAAAAAAAAAAAAAAAAAAAAAAAAAAAAAAAAAAAAAAAAAAAAAAAAAAAAAAAAAAAAAAAAAAAAAAAAAAAAAAAAAAAAAAAAAAAAAAAAAAAAAAAAAAAAAAAAAAAAAAAAAAAAAAAAAAAAAAAAAAAAAAAAAAAAAAAAAAAAAAAAAAAAAAAAAAAAAAAAAAAAAAAAAAAAAAAAAAAAAAAAAAAAAAAAAAAAAAAAAAAAAAAAAAAAAAAAAAAAAAAAAAAAAAAAAAAAAAAAAAAAAAAAAAAAAAAAAAAAAAAAAAAAAAAAAAAAAAAAAAAAAAAAAAAAAAAAAAAAAAAAAAAAAAAAAAAAAAAAAAAAAAAAAAAAAAAAAAAAAAAAAAAAAAAAAAAAAAAAAAAAAAAAAAAAAAAAAAAAAAAAAAAAAAAAAAAAAAAAAAAAAAAAAAAAAAAAAAAAAAAAAAAAAAAAAAAAAAAAAAAAAAAAAAAAAAAAAAAAAAAAAAAAAAAAAAAAAAAAAAAAAAAAAAAAAAAAAAAAAAAAAAAAAAAAAAAAAAAAAAAAAAAAAAAAAAAAAAAAAAAAAAAAAAAAAAAAAAAAAAAAAAAAAAAAAAAAAAAAAAAAAAAAAAAAAAAAAAAAAAAAAAAAAAAAAAAAAAAAAAAAAAAAAAAAAAAAAAAAAAAAAAAAAAAAAAAAAAAAAAAAAAAAAAAAAAAAAAAAAAAAAAAAAAAAAAAAAAAAAAAAAAAAAAAAAAAAAAAAAAAAAAAAAAAAAAAAAAAAAAAAAAAAAAAAAAAAAAAAAAAAAAAAAAAAAAAAAAAAAAAAAAAAAAAAAAAAAAAAAAAAAAAAAAAAAAAAAAAAAAAAAAAAAAAAAAAAAAAAAAAAAAAAAAAAAAAAAAAAAAAAAAAAAAAAAAAAAAAAAAAAAAAAAAAAAAAAAAAAAAAAAAAAAAAAAAAAAAA=="
    },
    {
      "RequestUri": "https://xmfxscnbn9pe18ex.file.preprod.core.windows.net/test-share-0d152632-e02b-c421-dd08-802af1ddbdee/destFolder/item2",
      "RequestMethod": "GET",
      "RequestHeaders": {
        "Accept": "application/xml",
        "Authorization": "Sanitized",
        "User-Agent": "azsdk-net-Storage.Files.Shares/12.23.0-alpha.20250514.1 (.NET 8.0.16; Microsoft Windows 10.0.26100)",
        "x-ms-client-request-id": "Sanitized",
        "x-ms-date": "Wed, 14 May 2025 20:07:41 GMT",
        "x-ms-range": "bytes=0-1023",
        "x-ms-return-client-request-id": "true",
        "x-ms-version": "2025-07-05"
      },
      "RequestBody": null,
      "StatusCode": 206,
      "ResponseHeaders": {
        "Accept-Ranges": "bytes",
        "Cache-Control": "no-cache",
        "Content-Disposition": "inline",
        "Content-Language": [
          "en-US",
          "en-CA"
        ],
        "Content-Length": "1024",
        "Content-Range": "bytes 0-1023/1024",
        "Content-Type": "application/octet-stream",
        "Date": "Wed, 14 May 2025 20:07:37 GMT",
        "ETag": "\"0x8DD9322F9587D23\"",
        "Last-Modified": "Wed, 14 May 2025 20:07:37 GMT",
        "Server": [
          "Windows-Azure-File/1.0",
          "Microsoft-HTTPAPI/2.0"
        ],
        "x-ms-client-request-id": "Sanitized",
        "x-ms-file-attributes": "Archive",
        "x-ms-file-change-time": "2024-04-01T13:30:03.0000000Z",
        "x-ms-file-creation-time": "2024-04-01T09:05:55.0000000Z",
        "x-ms-file-id": "11529250230440558592",
        "x-ms-file-last-write-time": "2024-04-01T12:16:06.0000000Z",
        "x-ms-file-parent-id": "13835128424026341376",
        "x-ms-file-permission-key": "3255633128955156629*8241620249767961789",
        "x-ms-lease-state": "available",
        "x-ms-lease-status": "unlocked",
        "x-ms-meta-Capital": "letter",
        "x-ms-meta-foo": "bar",
        "x-ms-meta-meta": "data",
        "x-ms-meta-UPPER": "case",
        "x-ms-request-id": "7f687e38-401a-0011-560b-c5f7fd000000",
        "x-ms-server-encrypted": "true",
        "x-ms-type": "File",
        "x-ms-version": "2025-07-05"
      },
      "ResponseBody": "AAAAAAAAAAAAAAAAAAAAAAAAAAAAAAAAAAAAAAAAAAAAAAAAAAAAAAAAAAAAAAAAAAAAAAAAAAAAAAAAAAAAAAAAAAAAAAAAAAAAAAAAAAAAAAAAAAAAAAAAAAAAAAAAAAAAAAAAAAAAAAAAAAAAAAAAAAAAAAAAAAAAAAAAAAAAAAAAAAAAAAAAAAAAAAAAAAAAAAAAAAAAAAAAAAAAAAAAAAAAAAAAAAAAAAAAAAAAAAAAAAAAAAAAAAAAAAAAAAAAAAAAAAAAAAAAAAAAAAAAAAAAAAAAAAAAAAAAAAAAAAAAAAAAAAAAAAAAAAAAAAAAAAAAAAAAAAAAAAAAAAAAAAAAAAAAAAAAAAAAAAAAAAAAAAAAAAAAAAAAAAAAAAAAAAAAAAAAAAAAAAAAAAAAAAAAAAAAAAAAAAAAAAAAAAAAAAAAAAAAAAAAAAAAAAAAAAAAAAAAAAAAAAAAAAAAAAAAAAAAAAAAAAAAAAAAAAAAAAAAAAAAAAAAAAAAAAAAAAAAAAAAAAAAAAAAAAAAAAAAAAAAAAAAAAAAAAAAAAAAAAAAAAAAAAAAAAAAAAAAAAAAAAAAAAAAAAAAAAAAAAAAAAAAAAAAAAAAAAAAAAAAAAAAAAAAAAAAAAAAAAAAAAAAAAAAAAAAAAAAAAAAAAAAAAAAAAAAAAAAAAAAAAAAAAAAAAAAAAAAAAAAAAAAAAAAAAAAAAAAAAAAAAAAAAAAAAAAAAAAAAAAAAAAAAAAAAAAAAAAAAAAAAAAAAAAAAAAAAAAAAAAAAAAAAAAAAAAAAAAAAAAAAAAAAAAAAAAAAAAAAAAAAAAAAAAAAAAAAAAAAAAAAAAAAAAAAAAAAAAAAAAAAAAAAAAAAAAAAAAAAAAAAAAAAAAAAAAAAAAAAAAAAAAAAAAAAAAAAAAAAAAAAAAAAAAAAAAAAAAAAAAAAAAAAAAAAAAAAAAAAAAAAAAAAAAAAAAAAAAAAAAAAAAAAAAAAAAAAAAAAAAAAAAAAAAAAAAAAAAAAAAAAAAAAAAAAAAAAAAAAAAAAAAAAAAAAAAAAAAAAAAAAAAAAAAAAAAAAAAAAAAAAAAAAAAAAAAAAAAAAAAAAAAAAAAAAAAAAAAAAAAAAAAAAAAAAAAAAAAAAAAAAAAAAAAAAAAAAAAAAAAAAAAAAAAAAAAAAAAAAAAAAAAAAAAAAAAAAAAAAAAAAAAAAAAAAAAAAAAAAAAAAAAAAAAAAAAAAAAAAAAAAAAAAAAAAAAAAAAAAAAAAAAAAAAAAAAAAAAAAAAAAAAAAAAAAAAAAAAAAAAAAAAAAAAAAAAAAAAAAAAAAAAAAAAAAAAAAAAAAAAAAAAAAAAAAAAAAAAAAAAAA=="
    },
    {
      "RequestUri": "https://xmfxscnbn9pe18ex.file.preprod.core.windows.net/test-share-61de89b4-5678-90ef-a82f-a5cb6b222882/sourceFolder/item2?sv=Sanitized&ss=f&srt=sco&se=2025-05-15T20%3A07%3A39Z&sp=rwdxylacuptfi&sig=Sanitized",
      "RequestMethod": "HEAD",
      "RequestHeaders": {
        "Accept": "application/xml",
        "traceparent": "00-efadc9d322e5c1497fff7cd1ff6a114f-48c9d2d87ad16673-00",
        "User-Agent": "azsdk-net-Storage.Files.Shares/12.23.0-alpha.20250514.1 (.NET 8.0.16; Microsoft Windows 10.0.26100)",
        "x-ms-client-request-id": "Sanitized",
        "x-ms-return-client-request-id": "true",
        "x-ms-version": "2025-07-05"
      },
      "RequestBody": null,
      "StatusCode": 200,
      "ResponseHeaders": {
        "Cache-Control": "no-cache",
        "Content-Disposition": "inline",
        "Content-Language": [
          "en-US",
          "en-CA"
        ],
        "Content-Length": "1024",
        "Content-Type": "application/octet-stream",
        "Date": "Wed, 14 May 2025 20:07:37 GMT",
        "ETag": "\"0x8DD9322F8E2BFEA\"",
        "Last-Modified": "Wed, 14 May 2025 20:07:37 GMT",
        "Server": [
          "Windows-Azure-File/1.0",
          "Microsoft-HTTPAPI/2.0"
        ],
        "x-ms-client-request-id": "Sanitized",
        "x-ms-file-attributes": "Archive",
        "x-ms-file-change-time": "2024-04-01T13:30:03.0000000Z",
        "x-ms-file-creation-time": "2024-04-01T09:05:55.0000000Z",
        "x-ms-file-id": "16140971433240035328",
        "x-ms-file-last-write-time": "2024-04-01T12:16:06.0000000Z",
        "x-ms-file-parent-id": "13835128424026341376",
        "x-ms-file-permission-key": "7644204433482997301*8241620249767961789",
        "x-ms-lease-state": "available",
        "x-ms-lease-status": "unlocked",
        "x-ms-meta-Capital": "letter",
        "x-ms-meta-foo": "bar",
        "x-ms-meta-meta": "data",
        "x-ms-meta-UPPER": "case",
        "x-ms-request-id": "7f687e39-401a-0011-570b-c5f7fd000000",
        "x-ms-server-encrypted": "true",
        "x-ms-type": "File",
        "x-ms-version": "2025-07-05"
      },
      "ResponseBody": null
    },
    {
      "RequestUri": "https://xmfxscnbn9pe18ex.file.preprod.core.windows.net/test-share-0d152632-e02b-c421-dd08-802af1ddbdee/destFolder/item2",
      "RequestMethod": "HEAD",
      "RequestHeaders": {
        "Accept": "application/xml",
        "Authorization": "Sanitized",
        "traceparent": "00-8f869ae8be5e82eb3bd35a2fb0c63487-fcb53bab1cc82b9e-00",
        "User-Agent": "azsdk-net-Storage.Files.Shares/12.23.0-alpha.20250514.1 (.NET 8.0.16; Microsoft Windows 10.0.26100)",
        "x-ms-client-request-id": "Sanitized",
        "x-ms-date": "Wed, 14 May 2025 20:07:41 GMT",
        "x-ms-return-client-request-id": "true",
        "x-ms-version": "2025-07-05"
      },
      "RequestBody": null,
      "StatusCode": 200,
      "ResponseHeaders": {
        "Cache-Control": "no-cache",
        "Content-Disposition": "inline",
        "Content-Language": [
          "en-US",
          "en-CA"
        ],
        "Content-Length": "1024",
        "Content-Type": "application/octet-stream",
        "Date": "Wed, 14 May 2025 20:07:37 GMT",
        "ETag": "\"0x8DD9322F9587D23\"",
        "Last-Modified": "Wed, 14 May 2025 20:07:37 GMT",
        "Server": [
          "Windows-Azure-File/1.0",
          "Microsoft-HTTPAPI/2.0"
        ],
        "x-ms-client-request-id": "Sanitized",
        "x-ms-file-attributes": "Archive",
        "x-ms-file-change-time": "2024-04-01T13:30:03.0000000Z",
        "x-ms-file-creation-time": "2024-04-01T09:05:55.0000000Z",
        "x-ms-file-id": "11529250230440558592",
        "x-ms-file-last-write-time": "2024-04-01T12:16:06.0000000Z",
        "x-ms-file-parent-id": "13835128424026341376",
        "x-ms-file-permission-key": "3255633128955156629*8241620249767961789",
        "x-ms-lease-state": "available",
        "x-ms-lease-status": "unlocked",
        "x-ms-meta-Capital": "letter",
        "x-ms-meta-foo": "bar",
        "x-ms-meta-meta": "data",
        "x-ms-meta-UPPER": "case",
        "x-ms-request-id": "7f687e3a-401a-0011-580b-c5f7fd000000",
        "x-ms-server-encrypted": "true",
        "x-ms-type": "File",
        "x-ms-version": "2025-07-05"
      },
      "ResponseBody": null
    },
    {
      "RequestUri": "https://xmfxscnbn9pe18ex.file.preprod.core.windows.net/test-share-61de89b4-5678-90ef-a82f-a5cb6b222882?sv=Sanitized&ss=f&srt=sco&se=2025-05-15T20%3A07%3A39Z&sp=rwdxylacuptfi&sig=Sanitized&restype=share&comp=filepermission",
      "RequestMethod": "GET",
      "RequestHeaders": {
        "Accept": "application/json",
        "traceparent": "00-c7abc65d8b0a4ef72642b7a04a457a8f-3c9f204326b4fd06-00",
        "User-Agent": "azsdk-net-Storage.Files.Shares/12.23.0-alpha.20250514.1 (.NET 8.0.16; Microsoft Windows 10.0.26100)",
        "x-ms-client-request-id": "Sanitized",
        "x-ms-file-permission-key": "7644204433482997301*8241620249767961789",
        "x-ms-return-client-request-id": "true",
        "x-ms-version": "2025-07-05"
      },
      "RequestBody": null,
      "StatusCode": 200,
      "ResponseHeaders": {
        "Content-Length": "149",
        "Date": "Wed, 14 May 2025 20:07:37 GMT",
        "Server": [
          "Windows-Azure-File/1.0",
          "Microsoft-HTTPAPI/2.0"
        ],
        "x-ms-client-request-id": "Sanitized",
        "x-ms-request-id": "7f687e3b-401a-0011-590b-c5f7fd000000",
        "x-ms-version": "2025-07-05"
      },
      "ResponseBody": "eyJwZXJtaXNzaW9uIjoiTzpTWUc6U1lEOihBOztGQTs7O1NZKShBOztGQTs7O1MtMS01LTg1LTgwMDEwMTYxMy0zNDA0NjcyMjIwLTEyNjE0NDE0NDMtMzIyNzgwMDc5NC0yMjk2MjQ5NzQ3KShBOztGQTs7O0JBKShBOzs7OztPVykiLCJmb3JtYXQiOiJzZGRsIn0="
    },
    {
      "RequestUri": "https://xmfxscnbn9pe18ex.file.preprod.core.windows.net/test-share-0d152632-e02b-c421-dd08-802af1ddbdee?restype=share&comp=filepermission",
      "RequestMethod": "GET",
      "RequestHeaders": {
        "Accept": "application/json",
        "Authorization": "Sanitized",
        "traceparent": "00-9099a2e495babf8de6c1f2d9641f0e0d-600fd0e60bd44f66-00",
        "User-Agent": "azsdk-net-Storage.Files.Shares/12.23.0-alpha.20250514.1 (.NET 8.0.16; Microsoft Windows 10.0.26100)",
        "x-ms-client-request-id": "Sanitized",
        "x-ms-date": "Wed, 14 May 2025 20:07:41 GMT",
        "x-ms-file-permission-key": "3255633128955156629*8241620249767961789",
        "x-ms-return-client-request-id": "true",
        "x-ms-version": "2025-07-05"
      },
      "RequestBody": null,
      "StatusCode": 200,
      "ResponseHeaders": {
        "Content-Length": "168",
        "Date": "Wed, 14 May 2025 20:07:37 GMT",
        "Server": [
          "Windows-Azure-File/1.0",
          "Microsoft-HTTPAPI/2.0"
        ],
        "x-ms-client-request-id": "Sanitized",
        "x-ms-request-id": "7f687e3c-401a-0011-5a0b-c5f7fd000000",
        "x-ms-version": "2025-07-05"
      },
      "ResponseBody": "eyJwZXJtaXNzaW9uIjoiTzpTWUc6U1lEOihBOztGQTs7O1NZKShBOztGQTs7O1MtMS01LTg1LTgwMDEwMTYxMy0zNDA0NjcyMjIwLTEyNjE0NDE0NDMtMzIyNzgwMDc5NC0yMjk2MjQ5NzQ3KShBOztGQTs7O0JBKShBOzs7OztPVylTOk5PX0FDQ0VTU19DT05UUk9MIiwiZm9ybWF0Ijoic2RkbCJ9"
    },
    {
      "RequestUri": "https://xmfxscnbn9pe18ex.file.preprod.core.windows.net/test-share-0d152632-e02b-c421-dd08-802af1ddbdee?restype=share",
      "RequestMethod": "DELETE",
      "RequestHeaders": {
        "Accept": "application/xml",
        "Authorization": "Sanitized",
        "traceparent": "00-34ccf9d0eb594c51123e19390aee455d-c42402ef093a0dba-00",
        "User-Agent": "azsdk-net-Storage.Files.Shares/12.23.0-alpha.20250514.1 (.NET 8.0.16; Microsoft Windows 10.0.26100)",
        "x-ms-client-request-id": "Sanitized",
        "x-ms-date": "Wed, 14 May 2025 20:07:41 GMT",
        "x-ms-delete-snapshots": "include",
        "x-ms-return-client-request-id": "true",
        "x-ms-version": "2025-07-05"
      },
      "RequestBody": null,
      "StatusCode": 202,
      "ResponseHeaders": {
        "Date": "Wed, 14 May 2025 20:07:37 GMT",
        "Server": [
          "Windows-Azure-File/1.0",
          "Microsoft-HTTPAPI/2.0"
        ],
        "Transfer-Encoding": "chunked",
        "x-ms-client-request-id": "Sanitized",
        "x-ms-request-id": "7f687e3d-401a-0011-5b0b-c5f7fd000000",
        "x-ms-version": "2025-07-05"
      },
      "ResponseBody": null
    },
    {
      "RequestUri": "https://xmfxscnbn9pe18ex.file.preprod.core.windows.net/test-share-61de89b4-5678-90ef-a82f-a5cb6b222882?sv=Sanitized&ss=f&srt=sco&se=2025-05-15T20%3A07%3A39Z&sp=rwdxylacuptfi&sig=Sanitized&restype=share",
      "RequestMethod": "DELETE",
      "RequestHeaders": {
        "Accept": "application/xml",
        "traceparent": "00-0885debcc50ad0db8d0b7c88bffdacb8-c94b618cf381fe36-00",
        "User-Agent": "azsdk-net-Storage.Files.Shares/12.23.0-alpha.20250514.1 (.NET 8.0.16; Microsoft Windows 10.0.26100)",
        "x-ms-client-request-id": "Sanitized",
        "x-ms-delete-snapshots": "include",
        "x-ms-return-client-request-id": "true",
        "x-ms-version": "2025-07-05"
      },
      "RequestBody": null,
      "StatusCode": 202,
      "ResponseHeaders": {
        "Date": "Wed, 14 May 2025 20:07:37 GMT",
        "Server": [
          "Windows-Azure-File/1.0",
          "Microsoft-HTTPAPI/2.0"
        ],
        "Transfer-Encoding": "chunked",
        "x-ms-client-request-id": "Sanitized",
        "x-ms-request-id": "7f687e3e-401a-0011-5c0b-c5f7fd000000",
        "x-ms-version": "2025-07-05"
      },
      "ResponseBody": null
    }
  ],
  "Variables": {
    "DateTimeOffsetNow": "2025-05-14T16:07:39.6025888-04:00",
    "RandomSeed": "584681020",
    "Storage_TestConfigDefault": "ProductionTenant\nxmfxscnbn9pe18ex\nU2FuaXRpemVk\nhttps://xmfxscnbn9pe18ex.blob.preprod.core.windows.net\nhttps://xmfxscnbn9pe18ex.file.preprod.core.windows.net\nhttps://xmfxscnbn9pe18ex.queue.core.windows.net\nhttps://xmfxscnbn9pe18ex.table.core.windows.net\n\n\n\n\nhttps://xmfxscnbn9pe18ex-secondary.blob.core.windows.net\nhttps://xmfxscnbn9pe18ex-secondary.file.core.windows.net\nhttps://xmfxscnbn9pe18ex-secondary.queue.core.windows.net\nhttps://xmfxscnbn9pe18ex-secondary.table.core.windows.net\nCloud\nBlobEndpoint=https://xmfxscnbn9pe18ex.blob.preprod.core.windows.net/;QueueEndpoint=https://xmfxscnbn9pe18ex.queue.core.windows.net/;FileEndpoint=https://xmfxscnbn9pe18ex.file.preprod.core.windows.net/;BlobSecondaryEndpoint=https://xmfxscnbn9pe18ex-secondary.blob.core.windows.net/;QueueSecondaryEndpoint=https://xmfxscnbn9pe18ex-secondary.queue.core.windows.net/;FileSecondaryEndpoint=https://xmfxscnbn9pe18ex-secondary.file.core.windows.net/;AccountName=xmfxscnbn9pe18ex;AccountKey=U2FuaXRpemVk\nEncryptionScope\n\n"
  }
}
