{
  "Entries": [
    {
      "RequestUri": "https://seancanaryfilepremium2.file.core.windows.net/test-share-74c085f4-0df1-a2be-eea8-d310d0bb2e23?sv=Sanitized&ss=f&srt=sco&se=2025-05-15T19%3A45%3A46Z&sp=rwdxylacuptfi&sig=Sanitized&restype=share",
      "RequestMethod": "PUT",
      "RequestHeaders": {
        "Accept": "application/xml",
        "Content-Length": "0",
        "traceparent": "00-b02c35d79a939a95aa489d92a1861110-9f90eb699c5f20b4-00",
        "User-Agent": "azsdk-net-Storage.Files.Shares/12.23.0-alpha.20250514.1 (.NET 8.0.16; Microsoft Windows 10.0.26100)",
        "x-ms-client-request-id": "Sanitized",
        "x-ms-enabled-protocols": "NFS",
        "x-ms-return-client-request-id": "true",
        "x-ms-version": "2025-07-05"
      },
      "RequestBody": null,
      "StatusCode": 201,
      "ResponseHeaders": {
        "Content-Length": "0",
        "Date": "Wed, 14 May 2025 19:45:44 GMT",
        "ETag": "\"0x8DD931FEA65C249\"",
        "Last-Modified": "Wed, 14 May 2025 19:45:44 GMT",
        "Server": [
          "Windows-Azure-File/1.0",
          "Microsoft-HTTPAPI/2.0"
        ],
        "x-ms-client-request-id": "Sanitized",
        "x-ms-request-id": "ca9c20cc-801a-004c-4f08-c57cba000000",
        "x-ms-version": "2025-07-05"
      },
      "ResponseBody": null
    },
    {
      "RequestUri": "https://seancanaryfilepremium2.file.core.windows.net/test-share-e2f04eb3-fcc1-1ba2-1a34-a300f1643a9c?sv=Sanitized&ss=f&srt=sco&se=2025-05-15T19%3A45%3A46Z&sp=rwdxylacuptfi&sig=Sanitized&restype=share",
      "RequestMethod": "PUT",
      "RequestHeaders": {
        "Accept": "application/xml",
        "Content-Length": "0",
        "traceparent": "00-3d1548e143b9d04db45cee9cdf3151a0-1dc359b11275bd1d-00",
        "User-Agent": "azsdk-net-Storage.Files.Shares/12.23.0-alpha.20250514.1 (.NET 8.0.16; Microsoft Windows 10.0.26100)",
        "x-ms-client-request-id": "Sanitized",
        "x-ms-enabled-protocols": "NFS",
        "x-ms-return-client-request-id": "true",
        "x-ms-version": "2025-07-05"
      },
      "RequestBody": null,
      "StatusCode": 201,
      "ResponseHeaders": {
        "Content-Length": "0",
        "Date": "Wed, 14 May 2025 19:45:44 GMT",
        "ETag": "\"0x8DD931FEA706EBD\"",
        "Last-Modified": "Wed, 14 May 2025 19:45:44 GMT",
        "Server": [
          "Windows-Azure-File/1.0",
          "Microsoft-HTTPAPI/2.0"
        ],
        "x-ms-client-request-id": "Sanitized",
        "x-ms-request-id": "ca9c20d0-801a-004c-5108-c57cba000000",
        "x-ms-version": "2025-07-05"
      },
      "ResponseBody": null
    },
    {
      "RequestUri": "https://seancanaryfilepremium2.file.core.windows.net/test-share-74c085f4-0df1-a2be-eea8-d310d0bb2e23/sourceFolder?sv=Sanitized&ss=f&srt=sco&se=2025-05-15T19%3A45%3A46Z&sp=rwdxylacuptfi&sig=Sanitized&restype=directory",
      "RequestMethod": "PUT",
      "RequestHeaders": {
        "Accept": "application/xml",
        "Content-Length": "0",
        "traceparent": "00-0208f6daeabc3597d44a2ef1674b9d91-b95d36aee8ca1bc3-00",
        "User-Agent": "azsdk-net-Storage.Files.Shares/12.23.0-alpha.20250514.1 (.NET 8.0.16; Microsoft Windows 10.0.26100)",
        "x-ms-client-request-id": "Sanitized",
        "x-ms-file-creation-time": "2024-04-01T09:05:55.0000000Z",
        "x-ms-file-last-write-time": "2024-04-01T12:16:06.0000000Z",
        "x-ms-group": "123",
        "x-ms-meta-Capital": "letter",
        "x-ms-meta-foo": "bar",
        "x-ms-meta-meta": "data",
        "x-ms-meta-UPPER": "case",
        "x-ms-mode": "1777",
        "x-ms-owner": "345",
        "x-ms-return-client-request-id": "true",
        "x-ms-version": "2025-07-05"
      },
      "RequestBody": null,
      "StatusCode": 201,
      "ResponseHeaders": {
        "Content-Length": "0",
        "Date": "Wed, 14 May 2025 19:45:44 GMT",
        "ETag": "\"0x8DD931FEA7A1A89\"",
        "Last-Modified": "Wed, 14 May 2025 19:45:44 GMT",
        "Server": [
          "Windows-Azure-File/1.0",
          "Microsoft-HTTPAPI/2.0"
        ],
        "x-ms-client-request-id": "Sanitized",
        "x-ms-file-change-time": "2025-05-14T19:45:44.3618441Z",
        "x-ms-file-creation-time": "2024-04-01T09:05:55.0000000Z",
        "x-ms-file-file-type": "Directory",
        "x-ms-file-id": "13835128424026341376",
        "x-ms-file-last-write-time": "2024-04-01T12:16:06.0000000Z",
        "x-ms-file-parent-id": "1",
        "x-ms-group": "123",
        "x-ms-mode": "1777",
        "x-ms-owner": "345",
        "x-ms-request-id": "ca9c20d4-801a-004c-5308-c57cba000000",
        "x-ms-request-server-encrypted": "true",
        "x-ms-version": "2025-07-05"
      },
      "ResponseBody": null
    },
    {
      "RequestUri": "https://seancanaryfilepremium2.file.core.windows.net/test-share-74c085f4-0df1-a2be-eea8-d310d0bb2e23/sourceFolder/item1?sv=Sanitized&ss=f&srt=sco&se=2025-05-15T19%3A45%3A46Z&sp=rwdxylacuptfi&sig=Sanitized",
      "RequestMethod": "PUT",
      "RequestHeaders": {
        "Accept": "application/xml",
        "Content-Length": "0",
        "traceparent": "00-8f3771f3046c35a0a325b320a77569de-e5e19a01ef4311bf-00",
        "User-Agent": "azsdk-net-Storage.Files.Shares/12.23.0-alpha.20250514.1 (.NET 8.0.16; Microsoft Windows 10.0.26100)",
        "x-ms-client-request-id": "Sanitized",
        "x-ms-content-length": "1024",
        "x-ms-return-client-request-id": "true",
        "x-ms-type": "file",
        "x-ms-version": "2025-07-05"
      },
      "RequestBody": null,
      "StatusCode": 201,
      "ResponseHeaders": {
        "Content-Length": "0",
        "Date": "Wed, 14 May 2025 19:45:44 GMT",
        "ETag": "\"0x8DD931FEA831127\"",
        "Last-Modified": "Wed, 14 May 2025 19:45:44 GMT",
        "Server": [
          "Windows-Azure-File/1.0",
          "Microsoft-HTTPAPI/2.0"
        ],
        "x-ms-client-request-id": "Sanitized",
        "x-ms-file-change-time": "2025-05-14T19:45:44.4205863Z",
        "x-ms-file-creation-time": "2025-05-14T19:45:44.4205863Z",
        "x-ms-file-file-type": "Regular",
        "x-ms-file-id": "11529285414812647424",
        "x-ms-file-last-write-time": "2025-05-14T19:45:44.4205863Z",
        "x-ms-file-parent-id": "13835128424026341376",
        "x-ms-group": "0",
        "x-ms-mode": "0664",
        "x-ms-owner": "0",
        "x-ms-request-id": "ca9c20d7-801a-004c-5508-c57cba000000",
        "x-ms-request-server-encrypted": "true",
        "x-ms-version": "2025-07-05"
      },
      "ResponseBody": null
    },
    {
      "RequestUri": "https://seancanaryfilepremium2.file.core.windows.net/test-share-74c085f4-0df1-a2be-eea8-d310d0bb2e23/sourceFolder/item1-hardlink?sv=Sanitized&ss=f&srt=sco&se=2025-05-15T19%3A45%3A46Z&sp=rwdxylacuptfi&sig=Sanitized&restype=hardlink",
      "RequestMethod": "PUT",
      "RequestHeaders": {
        "Accept": "application/xml",
        "Content-Length": "0",
        "traceparent": "00-cbf3475dd4bd15ca2e17768cc2c51ea9-741f4f812743f5dc-00",
        "User-Agent": "azsdk-net-Storage.Files.Shares/12.23.0-alpha.20250514.1 (.NET 8.0.16; Microsoft Windows 10.0.26100)",
        "x-ms-client-request-id": "Sanitized",
        "x-ms-file-target-file": "/sourceFolder/item1",
        "x-ms-return-client-request-id": "true",
        "x-ms-type": "file",
        "x-ms-version": "2025-07-05"
      },
      "RequestBody": null,
      "StatusCode": 201,
      "ResponseHeaders": {
        "Content-Length": "0",
        "Date": "Wed, 14 May 2025 19:45:44 GMT",
        "ETag": "\"0x8DD931FEA8C7C72\"",
        "Last-Modified": "Wed, 14 May 2025 19:45:44 GMT",
        "Server": [
          "Windows-Azure-File/1.0",
          "Microsoft-HTTPAPI/2.0"
        ],
        "x-ms-client-request-id": "Sanitized",
        "x-ms-file-change-time": "2025-05-14T19:45:44.4823154Z",
        "x-ms-file-creation-time": "2025-05-14T19:45:44.4205863Z",
        "x-ms-file-file-type": "Regular",
        "x-ms-file-id": "11529285414812647424",
        "x-ms-file-last-write-time": "2025-05-14T19:45:44.4205863Z",
        "x-ms-file-parent-id": "13835128424026341376",
        "x-ms-group": "0",
        "x-ms-link-count": "2",
        "x-ms-mode": "0664",
        "x-ms-owner": "0",
        "x-ms-request-id": "ca9c20d9-801a-004c-5708-c57cba000000",
        "x-ms-request-server-encrypted": "false",
        "x-ms-version": "2025-07-05"
      },
      "ResponseBody": null
    },
    {
      "RequestUri": "https://seancanaryfilepremium2.file.core.windows.net/test-share-74c085f4-0df1-a2be-eea8-d310d0bb2e23/sourceFolder/item1-hardlink?sv=Sanitized&ss=f&srt=sco&se=2025-05-15T19%3A45%3A46Z&sp=rwdxylacuptfi&sig=Sanitized",
      "RequestMethod": "HEAD",
      "RequestHeaders": {
        "Accept": "application/xml",
        "traceparent": "00-67d665bcc7f9198147443dca90f6536f-014e315322ce8d74-00",
        "User-Agent": "azsdk-net-Storage.Files.Shares/12.23.0-alpha.20250514.1 (.NET 8.0.16; Microsoft Windows 10.0.26100)",
        "x-ms-client-request-id": "Sanitized",
        "x-ms-return-client-request-id": "true",
        "x-ms-version": "2025-07-05"
      },
      "RequestBody": null,
      "StatusCode": 200,
      "ResponseHeaders": {
        "Content-Length": "1024",
        "Content-Type": "application/octet-stream",
        "Date": "Wed, 14 May 2025 19:45:44 GMT",
        "ETag": "\"0x8DD931FEA8C7C72\"",
        "Last-Modified": "Wed, 14 May 2025 19:45:44 GMT",
        "Server": [
          "Windows-Azure-File/1.0",
          "Microsoft-HTTPAPI/2.0"
        ],
        "x-ms-client-request-id": "Sanitized",
        "x-ms-file-change-time": "2025-05-14T19:45:44.4823154Z",
        "x-ms-file-creation-time": "2025-05-14T19:45:44.4205863Z",
        "x-ms-file-file-type": "Regular",
        "x-ms-file-id": "11529285414812647424",
        "x-ms-file-last-write-time": "2025-05-14T19:45:44.4205863Z",
        "x-ms-file-parent-id": "13835128424026341376",
        "x-ms-group": "0",
        "x-ms-lease-state": "available",
        "x-ms-lease-status": "unlocked",
        "x-ms-link-count": "2",
        "x-ms-mode": "0664",
        "x-ms-owner": "0",
        "x-ms-request-id": "ca9c20db-801a-004c-5908-c57cba000000",
        "x-ms-server-encrypted": "true",
        "x-ms-type": "File",
        "x-ms-version": "2025-07-05"
      },
      "ResponseBody": null
    },
    {
      "RequestUri": "https://seancanaryfilepremium2.file.core.windows.net/test-share-e2f04eb3-fcc1-1ba2-1a34-a300f1643a9c/destFolder?sv=Sanitized&ss=f&srt=sco&se=2025-05-15T19%3A45%3A46Z&sp=rwdxylacuptfi&sig=Sanitized&restype=directory",
      "RequestMethod": "PUT",
      "RequestHeaders": {
        "Accept": "application/xml",
        "Content-Length": "0",
        "traceparent": "00-5d70bacc628bde731500066f8cde0d4c-3398d259ddf55e5f-00",
        "User-Agent": "azsdk-net-Storage.Files.Shares/12.23.0-alpha.20250514.1 (.NET 8.0.16; Microsoft Windows 10.0.26100)",
        "x-ms-client-request-id": "Sanitized",
        "x-ms-return-client-request-id": "true",
        "x-ms-version": "2025-07-05"
      },
      "RequestBody": null,
      "StatusCode": 201,
      "ResponseHeaders": {
        "Content-Length": "0",
        "Date": "Wed, 14 May 2025 19:45:44 GMT",
        "ETag": "\"0x8DD931FEA9E1BE9\"",
        "Last-Modified": "Wed, 14 May 2025 19:45:44 GMT",
        "Server": [
          "Windows-Azure-File/1.0",
          "Microsoft-HTTPAPI/2.0"
        ],
        "x-ms-client-request-id": "Sanitized",
        "x-ms-file-change-time": "2025-05-14T19:45:44.5978089Z",
        "x-ms-file-creation-time": "2025-05-14T19:45:44.5978089Z",
        "x-ms-file-file-type": "Directory",
        "x-ms-file-id": "13835128424026341376",
        "x-ms-file-last-write-time": "2025-05-14T19:45:44.5978089Z",
        "x-ms-file-parent-id": "1",
        "x-ms-group": "0",
        "x-ms-mode": "0755",
        "x-ms-owner": "0",
        "x-ms-request-id": "ca9c20de-801a-004c-5b08-c57cba000000",
        "x-ms-request-server-encrypted": "true",
        "x-ms-version": "2025-07-05"
      },
      "ResponseBody": null
    },
    {
      "RequestUri": "https://seancanaryfilepremium2.file.core.windows.net/test-share-74c085f4-0df1-a2be-eea8-d310d0bb2e23?sv=Sanitized&ss=f&srt=sco&se=2025-05-15T19%3A45%3A46Z&sp=rwdxylacuptfi&sig=Sanitized&restype=share",
      "RequestMethod": "GET",
      "RequestHeaders": {
        "Accept": "application/xml",
        "traceparent": "00-f208e0f28a1a472cef54afa51af8b2b4-1db1548636f27e62-00",
        "User-Agent": "azsdk-net-Storage.Files.Shares/12.23.0-alpha.20250514.1 (.NET 8.0.16; Microsoft Windows 10.0.26100)",
        "x-ms-client-request-id": "Sanitized",
        "x-ms-return-client-request-id": "true",
        "x-ms-version": "2025-07-05"
      },
      "RequestBody": null,
      "StatusCode": 200,
      "ResponseHeaders": {
        "Content-Length": "0",
        "Date": "Wed, 14 May 2025 19:45:44 GMT",
        "ETag": "\"0x8DD931FEA65C249\"",
        "Last-Modified": "Wed, 14 May 2025 19:45:44 GMT",
        "Server": [
          "Windows-Azure-File/1.0",
          "Microsoft-HTTPAPI/2.0"
        ],
        "x-ms-access-tier": "Premium",
        "x-ms-client-request-id": "Sanitized",
        "x-ms-enable-snapshot-virtual-directory-access": "true",
        "x-ms-enabled-protocols": "NFS",
        "x-ms-has-immutability-policy": "false",
        "x-ms-has-legal-hold": "false",
        "x-ms-lease-state": "available",
        "x-ms-lease-status": "unlocked",
        "x-ms-request-id": "ca9c20df-801a-004c-5c08-c57cba000000",
        "x-ms-root-squash": "NoRootSquash",
        "x-ms-share-next-allowed-quota-downgrade-time": "Wed, 14 May 2025 19:45:44 GMT",
        "x-ms-share-paid-bursting-enabled": "false",
        "x-ms-share-provisioned-bandwidth-mibps": "110",
        "x-ms-share-provisioned-egress-mbps": "110",
        "x-ms-share-provisioned-ingress-mbps": "110",
        "x-ms-share-provisioned-iops": "3100",
        "x-ms-share-quota": "100",
        "x-ms-version": "2025-07-05"
      },
      "ResponseBody": null
    },
    {
      "RequestUri": "https://seancanaryfilepremium2.file.core.windows.net/test-share-e2f04eb3-fcc1-1ba2-1a34-a300f1643a9c?sv=Sanitized&ss=f&srt=sco&se=2025-05-15T19%3A45%3A46Z&sp=rwdxylacuptfi&sig=Sanitized&restype=share",
      "RequestMethod": "GET",
      "RequestHeaders": {
        "Accept": "application/xml",
        "traceparent": "00-6b12374081fdcbad08a82fa657325cfb-e88b94e4891891e3-00",
        "User-Agent": "azsdk-net-Storage.Files.Shares/12.23.0-alpha.20250514.1 (.NET 8.0.16; Microsoft Windows 10.0.26100)",
        "x-ms-client-request-id": "Sanitized",
        "x-ms-return-client-request-id": "true",
        "x-ms-version": "2025-07-05"
      },
      "RequestBody": null,
      "StatusCode": 200,
      "ResponseHeaders": {
        "Content-Length": "0",
        "Date": "Wed, 14 May 2025 19:45:44 GMT",
        "ETag": "\"0x8DD931FEA706EBD\"",
        "Last-Modified": "Wed, 14 May 2025 19:45:44 GMT",
        "Server": [
          "Windows-Azure-File/1.0",
          "Microsoft-HTTPAPI/2.0"
        ],
        "x-ms-access-tier": "Premium",
        "x-ms-client-request-id": "Sanitized",
        "x-ms-enable-snapshot-virtual-directory-access": "true",
        "x-ms-enabled-protocols": "NFS",
        "x-ms-has-immutability-policy": "false",
        "x-ms-has-legal-hold": "false",
        "x-ms-lease-state": "available",
        "x-ms-lease-status": "unlocked",
        "x-ms-request-id": "ca9c20e2-801a-004c-5f08-c57cba000000",
        "x-ms-root-squash": "NoRootSquash",
        "x-ms-share-next-allowed-quota-downgrade-time": "Wed, 14 May 2025 19:45:44 GMT",
        "x-ms-share-paid-bursting-enabled": "false",
        "x-ms-share-provisioned-bandwidth-mibps": "110",
        "x-ms-share-provisioned-egress-mbps": "110",
        "x-ms-share-provisioned-ingress-mbps": "110",
        "x-ms-share-provisioned-iops": "3100",
        "x-ms-share-quota": "100",
        "x-ms-version": "2025-07-05"
      },
      "ResponseBody": null
    },
    {
      "RequestUri": "https://seancanaryfilepremium2.file.core.windows.net/test-share-74c085f4-0df1-a2be-eea8-d310d0bb2e23/sourceFolder?sv=Sanitized&ss=f&srt=sco&se=2025-05-15T19%3A45%3A46Z&sp=rwdxylacuptfi&sig=Sanitized&restype=directory&comp=list",
      "RequestMethod": "GET",
      "RequestHeaders": {
        "Accept": "application/xml",
        "traceparent": "00-ba3c7c72986a60f73fb5247894b75963-974cc14aeda949bd-00",
        "User-Agent": "azsdk-net-Storage.Files.Shares/12.23.0-alpha.20250514.1 (.NET 8.0.16; Microsoft Windows 10.0.26100)",
        "x-ms-client-request-id": "Sanitized",
        "x-ms-return-client-request-id": "true",
        "x-ms-version": "2025-07-05"
      },
      "RequestBody": null,
      "StatusCode": 200,
      "ResponseHeaders": {
        "Content-Type": "application/xml",
        "Date": "Wed, 14 May 2025 19:45:44 GMT",
        "Server": [
          "Windows-Azure-File/1.0",
          "Microsoft-HTTPAPI/2.0"
        ],
        "Transfer-Encoding": "chunked",
        "x-ms-client-request-id": "Sanitized",
        "x-ms-request-id": "ca9c20e4-801a-004c-6108-c57cba000000",
        "x-ms-version": "2025-07-05"
      },
      "ResponseBody": "\uFEFF<?xml version=\"1.0\" encoding=\"utf-8\"?><EnumerationResults ServiceEndpoint=\"https://seancanaryfilepremium2.file.core.windows.net/\" ShareName=\"test-share-74c085f4-0df1-a2be-eea8-d310d0bb2e23\" DirectoryPath=\"sourceFolder\"><DirectoryId>13835128424026341376</DirectoryId><Entries><File><Name>item1</Name><FileId>11529285414812647424</FileId><Properties><Content-Length>1024</Content-Length></Properties></File><File><Name>item1-hardlink</Name><FileId>11529285414812647424</FileId><Properties><Content-Length>1024</Content-Length></Properties></File></Entries><NextMarker /></EnumerationResults>"
    },
    {
      "RequestUri": "https://seancanaryfilepremium2.file.core.windows.net/test-share-74c085f4-0df1-a2be-eea8-d310d0bb2e23/sourceFolder/item1-hardlink?sv=Sanitized&ss=f&srt=sco&se=2025-05-15T19%3A45%3A46Z&sp=rwdxylacuptfi&sig=Sanitized",
      "RequestMethod": "HEAD",
      "RequestHeaders": {
        "Accept": "application/xml",
        "traceparent": "00-1bf9752a7cad35021d040ad88f6f3885-b40f454e423bca83-00",
        "User-Agent": "azsdk-net-Storage.Files.Shares/12.23.0-alpha.20250514.1 (.NET 8.0.16; Microsoft Windows 10.0.26100)",
        "x-ms-client-request-id": "Sanitized",
        "x-ms-return-client-request-id": "true",
        "x-ms-version": "2025-07-05"
      },
      "RequestBody": null,
      "StatusCode": 200,
      "ResponseHeaders": {
        "Content-Length": "1024",
        "Content-Type": "application/octet-stream",
        "Date": "Wed, 14 May 2025 19:45:44 GMT",
        "ETag": "\"0x8DD931FEA8C7C72\"",
        "Last-Modified": "Wed, 14 May 2025 19:45:44 GMT",
        "Server": [
          "Windows-Azure-File/1.0",
          "Microsoft-HTTPAPI/2.0"
        ],
        "x-ms-client-request-id": "Sanitized",
        "x-ms-file-change-time": "2025-05-14T19:45:44.4823154Z",
        "x-ms-file-creation-time": "2025-05-14T19:45:44.4205863Z",
        "x-ms-file-file-type": "Regular",
        "x-ms-file-id": "11529285414812647424",
        "x-ms-file-last-write-time": "2025-05-14T19:45:44.4205863Z",
        "x-ms-file-parent-id": "13835128424026341376",
        "x-ms-group": "0",
        "x-ms-lease-state": "available",
        "x-ms-lease-status": "unlocked",
        "x-ms-link-count": "2",
        "x-ms-mode": "0664",
        "x-ms-owner": "0",
        "x-ms-request-id": "ca9c20e5-801a-004c-6208-c57cba000000",
        "x-ms-server-encrypted": "true",
        "x-ms-type": "File",
        "x-ms-version": "2025-07-05"
      },
      "ResponseBody": null
    },
    {
      "RequestUri": "https://seancanaryfilepremium2.file.core.windows.net/test-share-74c085f4-0df1-a2be-eea8-d310d0bb2e23/sourceFolder/item1?sv=Sanitized&ss=f&srt=sco&se=2025-05-15T19%3A45%3A46Z&sp=rwdxylacuptfi&sig=Sanitized",
      "RequestMethod": "HEAD",
      "RequestHeaders": {
        "Accept": "application/xml",
        "traceparent": "00-54bd49f2a419af33c4fdb47efa4539e2-e991408e7899685a-00",
        "User-Agent": "azsdk-net-Storage.Files.Shares/12.23.0-alpha.20250514.1 (.NET 8.0.16; Microsoft Windows 10.0.26100)",
        "x-ms-client-request-id": "Sanitized",
        "x-ms-return-client-request-id": "true",
        "x-ms-version": "2025-07-05"
      },
      "RequestBody": null,
      "StatusCode": 200,
      "ResponseHeaders": {
        "Content-Length": "1024",
        "Content-Type": "application/octet-stream",
        "Date": "Wed, 14 May 2025 19:45:44 GMT",
        "ETag": "\"0x8DD931FEA8C7C72\"",
        "Last-Modified": "Wed, 14 May 2025 19:45:44 GMT",
        "Server": [
          "Windows-Azure-File/1.0",
          "Microsoft-HTTPAPI/2.0"
        ],
        "x-ms-client-request-id": "Sanitized",
        "x-ms-file-change-time": "2025-05-14T19:45:44.4823154Z",
        "x-ms-file-creation-time": "2025-05-14T19:45:44.4205863Z",
        "x-ms-file-file-type": "Regular",
        "x-ms-file-id": "11529285414812647424",
        "x-ms-file-last-write-time": "2025-05-14T19:45:44.4205863Z",
        "x-ms-file-parent-id": "13835128424026341376",
        "x-ms-group": "0",
        "x-ms-lease-state": "available",
        "x-ms-lease-status": "unlocked",
        "x-ms-link-count": "2",
        "x-ms-mode": "0664",
        "x-ms-owner": "0",
        "x-ms-request-id": "2dbea7d8-101a-004e-4f08-c5c202000000",
        "x-ms-server-encrypted": "true",
        "x-ms-type": "File",
        "x-ms-version": "2025-07-05"
      },
      "ResponseBody": null
    },
    {
      "RequestUri": "https://seancanaryfilepremium2.file.core.windows.net/test-share-74c085f4-0df1-a2be-eea8-d310d0bb2e23/sourceFolder/item1-hardlink?sv=Sanitized&ss=f&srt=sco&se=2025-05-15T19%3A45%3A46Z&sp=rwdxylacuptfi&sig=Sanitized",
      "RequestMethod": "HEAD",
      "RequestHeaders": {
        "Accept": "application/xml",
        "traceparent": "00-59a248dcea1ee22f5c14fd8657b9f26a-821a52c76b7f7e9b-00",
        "User-Agent": "azsdk-net-Storage.Files.Shares/12.23.0-alpha.20250514.1 (.NET 8.0.16; Microsoft Windows 10.0.26100)",
        "x-ms-client-request-id": "Sanitized",
        "x-ms-return-client-request-id": "true",
        "x-ms-version": "2025-07-05"
      },
      "RequestBody": null,
      "StatusCode": 200,
      "ResponseHeaders": {
        "Content-Length": "1024",
        "Content-Type": "application/octet-stream",
        "Date": "Wed, 14 May 2025 19:45:44 GMT",
        "ETag": "\"0x8DD931FEA8C7C72\"",
        "Last-Modified": "Wed, 14 May 2025 19:45:44 GMT",
        "Server": [
          "Windows-Azure-File/1.0",
          "Microsoft-HTTPAPI/2.0"
        ],
        "x-ms-client-request-id": "Sanitized",
        "x-ms-file-change-time": "2025-05-14T19:45:44.4823154Z",
        "x-ms-file-creation-time": "2025-05-14T19:45:44.4205863Z",
        "x-ms-file-file-type": "Regular",
        "x-ms-file-id": "11529285414812647424",
        "x-ms-file-last-write-time": "2025-05-14T19:45:44.4205863Z",
        "x-ms-file-parent-id": "13835128424026341376",
        "x-ms-group": "0",
        "x-ms-lease-state": "available",
        "x-ms-lease-status": "unlocked",
        "x-ms-link-count": "2",
        "x-ms-mode": "0664",
        "x-ms-owner": "0",
        "x-ms-request-id": "ca9c20e8-801a-004c-6508-c57cba000000",
        "x-ms-server-encrypted": "true",
        "x-ms-type": "File",
        "x-ms-version": "2025-07-05"
      },
      "ResponseBody": null
    },
    {
      "RequestUri": "https://seancanaryfilepremium2.file.core.windows.net/test-share-74c085f4-0df1-a2be-eea8-d310d0bb2e23/sourceFolder/item1?sv=Sanitized&ss=f&srt=sco&se=2025-05-15T19%3A45%3A46Z&sp=rwdxylacuptfi&sig=Sanitized",
      "RequestMethod": "HEAD",
      "RequestHeaders": {
        "Accept": "application/xml",
        "traceparent": "00-d47e6b6ab0ba6fa89102bb5bc828f0cd-247ec6fa85456ffb-00",
        "User-Agent": "azsdk-net-Storage.Files.Shares/12.23.0-alpha.20250514.1 (.NET 8.0.16; Microsoft Windows 10.0.26100)",
        "x-ms-client-request-id": "Sanitized",
        "x-ms-return-client-request-id": "true",
        "x-ms-version": "2025-07-05"
      },
      "RequestBody": null,
      "StatusCode": 200,
      "ResponseHeaders": {
        "Content-Length": "1024",
        "Content-Type": "application/octet-stream",
        "Date": "Wed, 14 May 2025 19:45:44 GMT",
        "ETag": "\"0x8DD931FEA8C7C72\"",
        "Last-Modified": "Wed, 14 May 2025 19:45:44 GMT",
        "Server": [
          "Windows-Azure-File/1.0",
          "Microsoft-HTTPAPI/2.0"
        ],
        "x-ms-client-request-id": "Sanitized",
        "x-ms-file-change-time": "2025-05-14T19:45:44.4823154Z",
        "x-ms-file-creation-time": "2025-05-14T19:45:44.4205863Z",
        "x-ms-file-file-type": "Regular",
        "x-ms-file-id": "11529285414812647424",
        "x-ms-file-last-write-time": "2025-05-14T19:45:44.4205863Z",
        "x-ms-file-parent-id": "13835128424026341376",
        "x-ms-group": "0",
        "x-ms-lease-state": "available",
        "x-ms-lease-status": "unlocked",
        "x-ms-link-count": "2",
        "x-ms-mode": "0664",
        "x-ms-owner": "0",
        "x-ms-request-id": "2dbea7db-101a-004e-5108-c5c202000000",
        "x-ms-server-encrypted": "true",
        "x-ms-type": "File",
        "x-ms-version": "2025-07-05"
      },
      "ResponseBody": null
    },
    {
      "RequestUri": "https://seancanaryfilepremium2.file.core.windows.net/test-share-74c085f4-0df1-a2be-eea8-d310d0bb2e23/sourceFolder/item1-hardlink?sv=Sanitized&ss=f&srt=sco&se=2025-05-15T19%3A45%3A46Z&sp=rwdxylacuptfi&sig=Sanitized",
      "RequestMethod": "HEAD",
      "RequestHeaders": {
        "Accept": "application/xml",
        "traceparent": "00-d170f4c9e1fa9349e647a8549223f936-a7fa468b552ba675-00",
        "User-Agent": "azsdk-net-Storage.Files.Shares/12.23.0-alpha.20250514.1 (.NET 8.0.16; Microsoft Windows 10.0.26100)",
        "x-ms-client-request-id": "Sanitized",
        "x-ms-return-client-request-id": "true",
        "x-ms-version": "2025-07-05"
      },
      "RequestBody": null,
      "StatusCode": 200,
      "ResponseHeaders": {
        "Content-Length": "1024",
        "Content-Type": "application/octet-stream",
        "Date": "Wed, 14 May 2025 19:45:44 GMT",
        "ETag": "\"0x8DD931FEA8C7C72\"",
        "Last-Modified": "Wed, 14 May 2025 19:45:44 GMT",
        "Server": [
          "Windows-Azure-File/1.0",
          "Microsoft-HTTPAPI/2.0"
        ],
        "x-ms-client-request-id": "Sanitized",
        "x-ms-file-change-time": "2025-05-14T19:45:44.4823154Z",
        "x-ms-file-creation-time": "2025-05-14T19:45:44.4205863Z",
        "x-ms-file-file-type": "Regular",
        "x-ms-file-id": "11529285414812647424",
        "x-ms-file-last-write-time": "2025-05-14T19:45:44.4205863Z",
        "x-ms-file-parent-id": "13835128424026341376",
        "x-ms-group": "0",
        "x-ms-lease-state": "available",
        "x-ms-lease-status": "unlocked",
        "x-ms-link-count": "2",
        "x-ms-mode": "0664",
        "x-ms-owner": "0",
        "x-ms-request-id": "ca9c20e9-801a-004c-6608-c57cba000000",
        "x-ms-server-encrypted": "true",
        "x-ms-type": "File",
        "x-ms-version": "2025-07-05"
      },
      "ResponseBody": null
    },
    {
      "RequestUri": "https://seancanaryfilepremium2.file.core.windows.net/test-share-e2f04eb3-fcc1-1ba2-1a34-a300f1643a9c/destFolder/item1-hardlink?sv=Sanitized&ss=f&srt=sco&se=2025-05-15T19%3A45%3A46Z&sp=rwdxylacuptfi&sig=Sanitized",
      "RequestMethod": "HEAD",
      "RequestHeaders": {
        "Accept": "application/xml",
        "traceparent": "00-08653d66c6cdf0e8e9af0c0e26ec0fc1-ac8967d28962122a-00",
        "User-Agent": "azsdk-net-Storage.Files.Shares/12.23.0-alpha.20250514.1 (.NET 8.0.16; Microsoft Windows 10.0.26100)",
        "x-ms-client-request-id": "Sanitized",
        "x-ms-return-client-request-id": "true",
        "x-ms-version": "2025-07-05"
      },
      "RequestBody": null,
      "StatusCode": 404,
      "ResponseHeaders": {
        "Date": "Wed, 14 May 2025 19:45:44 GMT",
        "Server": [
          "Windows-Azure-File/1.0",
          "Microsoft-HTTPAPI/2.0"
        ],
        "Transfer-Encoding": "chunked",
        "x-ms-client-request-id": "Sanitized",
        "x-ms-error-code": "ResourceNotFound",
        "x-ms-request-id": "ca9c20eb-801a-004c-6808-c57cba000000",
        "x-ms-version": "2025-07-05"
      },
      "ResponseBody": null
    },
    {
      "RequestUri": "https://seancanaryfilepremium2.file.core.windows.net/test-share-e2f04eb3-fcc1-1ba2-1a34-a300f1643a9c/destFolder/item1-hardlink?sv=Sanitized&ss=f&srt=sco&se=2025-05-15T19%3A45%3A46Z&sp=rwdxylacuptfi&sig=Sanitized",
      "RequestMethod": "PUT",
      "RequestHeaders": {
        "Accept": "application/xml",
        "Content-Length": "0",
        "traceparent": "00-fd042deecce5ec6353cfd3b413f86b80-d1bd947a81e65bf9-00",
        "User-Agent": "azsdk-net-Storage.Files.Shares/12.23.0-alpha.20250514.1 (.NET 8.0.16; Microsoft Windows 10.0.26100)",
        "x-ms-client-request-id": "Sanitized",
        "x-ms-content-length": "1024",
        "x-ms-content-type": "application/octet-stream",
        "x-ms-file-creation-time": "2025-05-14T19:45:44.4205863Z",
        "x-ms-file-file-type": "Regular",
        "x-ms-file-last-write-time": "2025-05-14T19:45:44.4205863Z",
        "x-ms-group": "0",
        "x-ms-mode": "0664",
        "x-ms-owner": "0",
        "x-ms-return-client-request-id": "true",
        "x-ms-type": "file",
        "x-ms-version": "2025-07-05"
      },
      "RequestBody": null,
      "StatusCode": 201,
      "ResponseHeaders": {
        "Content-Length": "0",
        "Date": "Wed, 14 May 2025 19:45:45 GMT",
        "ETag": "\"0x8DD931FEAE755C6\"",
        "Last-Modified": "Wed, 14 May 2025 19:45:45 GMT",
        "Server": [
          "Windows-Azure-File/1.0",
          "Microsoft-HTTPAPI/2.0"
        ],
        "x-ms-client-request-id": "Sanitized",
        "x-ms-file-change-time": "2025-05-14T19:45:45.0777030Z",
        "x-ms-file-creation-time": "2025-05-14T19:45:44.4205863Z",
        "x-ms-file-file-type": "Regular",
        "x-ms-file-id": "11529285414812647424",
        "x-ms-file-last-write-time": "2025-05-14T19:45:44.4205863Z",
        "x-ms-file-parent-id": "13835128424026341376",
        "x-ms-group": "0",
        "x-ms-mode": "0664",
        "x-ms-owner": "0",
        "x-ms-request-id": "ca9c20ee-801a-004c-6b08-c57cba000000",
        "x-ms-request-server-encrypted": "true",
        "x-ms-version": "2025-07-05"
      },
      "ResponseBody": null
    },
    {
      "RequestUri": "https://seancanaryfilepremium2.file.core.windows.net/test-share-e2f04eb3-fcc1-1ba2-1a34-a300f1643a9c/destFolder/item1-hardlink?sv=Sanitized&ss=f&srt=sco&se=2025-05-15T19%3A45%3A46Z&sp=rwdxylacuptfi&sig=Sanitized&comp=range",
      "RequestMethod": "PUT",
      "RequestHeaders": {
        "Accept": "application/xml",
        "Content-Length": "0",
        "traceparent": "00-2f46aa68c6368ef442cb73e0ce4bab34-99c6e517e92ebd9f-00",
        "User-Agent": "azsdk-net-Storage.Files.Shares/12.23.0-alpha.20250514.1 (.NET 8.0.16; Microsoft Windows 10.0.26100)",
        "x-ms-client-request-id": "Sanitized",
        "x-ms-copy-source": "https://seancanaryfilepremium2.file.core.windows.net/test-share-74c085f4-0df1-a2be-eea8-d310d0bb2e23/sourceFolder/item1-hardlink?sv=sanitized-value&ss=f&srt=sco&se=2025-05-15T19%3A45%3A46Z&sp=rwdxylacuptfi&sig=Sanitized",
        "x-ms-file-last-write-time": "Preserve",
        "x-ms-range": "bytes=0-1023",
        "x-ms-return-client-request-id": "true",
        "x-ms-source-range": "bytes=0-1023",
        "x-ms-version": "2025-07-05",
        "x-ms-write": "update"
      },
      "RequestBody": null,
      "StatusCode": 201,
      "ResponseHeaders": {
        "Content-Length": "0",
        "Date": "Wed, 14 May 2025 19:45:45 GMT",
        "ETag": "\"0x8DD931FEAF576B5\"",
        "Last-Modified": "Wed, 14 May 2025 19:45:45 GMT",
        "Server": [
          "Windows-Azure-File/1.0",
          "Microsoft-HTTPAPI/2.0"
        ],
        "x-ms-client-request-id": "Sanitized",
        "x-ms-content-crc64": "iknlm7CyG2k=",
        "x-ms-file-last-write-time": "2025-05-14T19:45:44.4205863Z",
        "x-ms-request-id": "ca9c20f0-801a-004c-6c08-c57cba000000",
        "x-ms-request-server-encrypted": "true",
        "x-ms-version": "2025-07-05"
      },
      "ResponseBody": null
    },
    {
      "RequestUri": "https://seancanaryfilepremium2.file.core.windows.net/test-share-e2f04eb3-fcc1-1ba2-1a34-a300f1643a9c/destFolder/item1-hardlink?sv=Sanitized&ss=f&srt=sco&se=2025-05-15T19%3A45%3A46Z&sp=rwdxylacuptfi&sig=Sanitized&comp=properties",
      "RequestMethod": "PUT",
      "RequestHeaders": {
        "Accept": "application/xml",
        "Content-Length": "0",
        "traceparent": "00-8c97d1d9f3868bfb8a9fbce09e7f52ce-7963de9a9131b241-00",
        "User-Agent": "azsdk-net-Storage.Files.Shares/12.23.0-alpha.20250514.1 (.NET 8.0.16; Microsoft Windows 10.0.26100)",
        "x-ms-client-request-id": "Sanitized",
        "x-ms-content-type": "application/octet-stream",
        "x-ms-file-creation-time": "2025-05-14T19:45:44.4205863Z",
        "x-ms-file-last-write-time": "2025-05-14T19:45:44.4205863Z",
        "x-ms-return-client-request-id": "true",
        "x-ms-version": "2025-07-05"
      },
      "RequestBody": null,
      "StatusCode": 200,
      "ResponseHeaders": {
        "Content-Length": "0",
        "Date": "Wed, 14 May 2025 19:45:45 GMT",
        "ETag": "\"0x8DD931FEAFDAAE2\"",
        "Last-Modified": "Wed, 14 May 2025 19:45:45 GMT",
        "Server": [
          "Windows-Azure-File/1.0",
          "Microsoft-HTTPAPI/2.0"
        ],
        "x-ms-client-request-id": "Sanitized",
        "x-ms-file-change-time": "2025-05-14T19:45:45.2240610Z",
        "x-ms-file-creation-time": "2025-05-14T19:45:44.4205863Z",
        "x-ms-file-id": "11529285414812647424",
        "x-ms-file-last-write-time": "2025-05-14T19:45:44.4205863Z",
        "x-ms-file-parent-id": "13835128424026341376",
        "x-ms-group": "0",
        "x-ms-link-count": "1",
        "x-ms-mode": "0664",
        "x-ms-owner": "0",
        "x-ms-request-id": "ca9c20f4-801a-004c-6f08-c57cba000000",
        "x-ms-request-server-encrypted": "true",
        "x-ms-version": "2025-07-05"
      },
      "ResponseBody": null
    },
    {
      "RequestUri": "https://seancanaryfilepremium2.file.core.windows.net/test-share-74c085f4-0df1-a2be-eea8-d310d0bb2e23/sourceFolder/item1?sv=Sanitized&ss=f&srt=sco&se=2025-05-15T19%3A45%3A46Z&sp=rwdxylacuptfi&sig=Sanitized",
      "RequestMethod": "HEAD",
      "RequestHeaders": {
        "Accept": "application/xml",
        "traceparent": "00-d097ae679b598e7cdbdda82e1e932bbf-7a02bb9f01cc4cdf-00",
        "User-Agent": "azsdk-net-Storage.Files.Shares/12.23.0-alpha.20250514.1 (.NET 8.0.16; Microsoft Windows 10.0.26100)",
        "x-ms-client-request-id": "Sanitized",
        "x-ms-return-client-request-id": "true",
        "x-ms-version": "2025-07-05"
      },
      "RequestBody": null,
      "StatusCode": 200,
      "ResponseHeaders": {
        "Content-Length": "1024",
        "Content-Type": "application/octet-stream",
        "Date": "Wed, 14 May 2025 19:45:45 GMT",
        "ETag": "\"0x8DD931FEA8C7C72\"",
        "Last-Modified": "Wed, 14 May 2025 19:45:44 GMT",
        "Server": [
          "Windows-Azure-File/1.0",
          "Microsoft-HTTPAPI/2.0"
        ],
        "x-ms-client-request-id": "Sanitized",
        "x-ms-file-change-time": "2025-05-14T19:45:44.4823154Z",
        "x-ms-file-creation-time": "2025-05-14T19:45:44.4205863Z",
        "x-ms-file-file-type": "Regular",
        "x-ms-file-id": "11529285414812647424",
        "x-ms-file-last-write-time": "2025-05-14T19:45:44.4205863Z",
        "x-ms-file-parent-id": "13835128424026341376",
        "x-ms-group": "0",
        "x-ms-lease-state": "available",
        "x-ms-lease-status": "unlocked",
        "x-ms-link-count": "2",
        "x-ms-mode": "0664",
        "x-ms-owner": "0",
        "x-ms-request-id": "ca9c20f6-801a-004c-7108-c57cba000000",
        "x-ms-server-encrypted": "true",
        "x-ms-type": "File",
        "x-ms-version": "2025-07-05"
      },
      "ResponseBody": null
    },
    {
      "RequestUri": "https://seancanaryfilepremium2.file.core.windows.net/test-share-e2f04eb3-fcc1-1ba2-1a34-a300f1643a9c/destFolder/item1?sv=Sanitized&ss=f&srt=sco&se=2025-05-15T19%3A45%3A46Z&sp=rwdxylacuptfi&sig=Sanitized",
      "RequestMethod": "HEAD",
      "RequestHeaders": {
        "Accept": "application/xml",
        "traceparent": "00-cd0fd778de9a4995494e4d4150a046c4-97dda4fdfa08d98f-00",
        "User-Agent": "azsdk-net-Storage.Files.Shares/12.23.0-alpha.20250514.1 (.NET 8.0.16; Microsoft Windows 10.0.26100)",
        "x-ms-client-request-id": "Sanitized",
        "x-ms-return-client-request-id": "true",
        "x-ms-version": "2025-07-05"
      },
      "RequestBody": null,
      "StatusCode": 404,
      "ResponseHeaders": {
        "Date": "Wed, 14 May 2025 19:45:45 GMT",
        "Server": [
          "Windows-Azure-File/1.0",
          "Microsoft-HTTPAPI/2.0"
        ],
        "Transfer-Encoding": "chunked",
        "x-ms-client-request-id": "Sanitized",
        "x-ms-error-code": "ResourceNotFound",
        "x-ms-request-id": "ca9c20f8-801a-004c-7308-c57cba000000",
        "x-ms-version": "2025-07-05"
      },
      "ResponseBody": null
    },
    {
      "RequestUri": "https://seancanaryfilepremium2.file.core.windows.net/test-share-e2f04eb3-fcc1-1ba2-1a34-a300f1643a9c/destFolder/item1?sv=Sanitized&ss=f&srt=sco&se=2025-05-15T19%3A45%3A46Z&sp=rwdxylacuptfi&sig=Sanitized",
      "RequestMethod": "PUT",
      "RequestHeaders": {
        "Accept": "application/xml",
        "Content-Length": "0",
        "traceparent": "00-abda30df694c3114b8283db48bb25b7b-569970b566785a60-00",
        "User-Agent": "azsdk-net-Storage.Files.Shares/12.23.0-alpha.20250514.1 (.NET 8.0.16; Microsoft Windows 10.0.26100)",
        "x-ms-client-request-id": "Sanitized",
        "x-ms-content-length": "1024",
        "x-ms-content-type": "application/octet-stream",
        "x-ms-file-creation-time": "2025-05-14T19:45:44.4205863Z",
        "x-ms-file-file-type": "Regular",
        "x-ms-file-last-write-time": "2025-05-14T19:45:44.4205863Z",
        "x-ms-group": "0",
        "x-ms-mode": "0664",
        "x-ms-owner": "0",
        "x-ms-return-client-request-id": "true",
        "x-ms-type": "file",
        "x-ms-version": "2025-07-05"
      },
      "RequestBody": null,
      "StatusCode": 201,
      "ResponseHeaders": {
        "Content-Length": "0",
        "Date": "Wed, 14 May 2025 19:45:45 GMT",
        "ETag": "\"0x8DD931FEB199EFA\"",
        "Last-Modified": "Wed, 14 May 2025 19:45:45 GMT",
        "Server": [
          "Windows-Azure-File/1.0",
          "Microsoft-HTTPAPI/2.0"
        ],
        "x-ms-client-request-id": "Sanitized",
        "x-ms-file-change-time": "2025-05-14T19:45:45.4072570Z",
        "x-ms-file-creation-time": "2025-05-14T19:45:44.4205863Z",
        "x-ms-file-file-type": "Regular",
        "x-ms-file-id": "16140971433240035328",
        "x-ms-file-last-write-time": "2025-05-14T19:45:44.4205863Z",
        "x-ms-file-parent-id": "13835128424026341376",
        "x-ms-group": "0",
        "x-ms-mode": "0664",
        "x-ms-owner": "0",
        "x-ms-request-id": "ca9c20f9-801a-004c-7408-c57cba000000",
        "x-ms-request-server-encrypted": "true",
        "x-ms-version": "2025-07-05"
      },
      "ResponseBody": null
    },
    {
      "RequestUri": "https://seancanaryfilepremium2.file.core.windows.net/test-share-e2f04eb3-fcc1-1ba2-1a34-a300f1643a9c/destFolder/item1?sv=Sanitized&ss=f&srt=sco&se=2025-05-15T19%3A45%3A46Z&sp=rwdxylacuptfi&sig=Sanitized&comp=range",
      "RequestMethod": "PUT",
      "RequestHeaders": {
        "Accept": "application/xml",
        "Content-Length": "0",
        "traceparent": "00-dc377610cb9c987876be8c31be1711f2-1e29b388be9dcb33-00",
        "User-Agent": "azsdk-net-Storage.Files.Shares/12.23.0-alpha.20250514.1 (.NET 8.0.16; Microsoft Windows 10.0.26100)",
        "x-ms-client-request-id": "Sanitized",
        "x-ms-copy-source": "https://seancanaryfilepremium2.file.core.windows.net/test-share-74c085f4-0df1-a2be-eea8-d310d0bb2e23/sourceFolder/item1?sv=sanitized-value&ss=f&srt=sco&se=2025-05-15T19%3A45%3A46Z&sp=rwdxylacuptfi&sig=Sanitized",
        "x-ms-file-last-write-time": "Preserve",
        "x-ms-range": "bytes=0-1023",
        "x-ms-return-client-request-id": "true",
        "x-ms-source-range": "bytes=0-1023",
        "x-ms-version": "2025-07-05",
        "x-ms-write": "update"
      },
      "RequestBody": null,
      "StatusCode": 201,
      "ResponseHeaders": {
        "Content-Length": "0",
        "Date": "Wed, 14 May 2025 19:45:45 GMT",
        "ETag": "\"0x8DD931FEB23A5D7\"",
        "Last-Modified": "Wed, 14 May 2025 19:45:45 GMT",
        "Server": [
          "Windows-Azure-File/1.0",
          "Microsoft-HTTPAPI/2.0"
        ],
        "x-ms-client-request-id": "Sanitized",
        "x-ms-content-crc64": "iknlm7CyG2k=",
        "x-ms-file-last-write-time": "2025-05-14T19:45:44.4205863Z",
        "x-ms-request-id": "ca9c20fd-801a-004c-7708-c57cba000000",
        "x-ms-request-server-encrypted": "true",
        "x-ms-version": "2025-07-05"
      },
      "ResponseBody": null
    },
    {
      "RequestUri": "https://seancanaryfilepremium2.file.core.windows.net/test-share-e2f04eb3-fcc1-1ba2-1a34-a300f1643a9c/destFolder/item1?sv=Sanitized&ss=f&srt=sco&se=2025-05-15T19%3A45%3A46Z&sp=rwdxylacuptfi&sig=Sanitized&comp=properties",
      "RequestMethod": "PUT",
      "RequestHeaders": {
        "Accept": "application/xml",
        "Content-Length": "0",
        "traceparent": "00-22d78679a0fc5e9532db045cd4aefea4-15bc8a3636730507-00",
        "User-Agent": "azsdk-net-Storage.Files.Shares/12.23.0-alpha.20250514.1 (.NET 8.0.16; Microsoft Windows 10.0.26100)",
        "x-ms-client-request-id": "Sanitized",
        "x-ms-content-type": "application/octet-stream",
        "x-ms-file-creation-time": "2025-05-14T19:45:44.4205863Z",
        "x-ms-file-last-write-time": "2025-05-14T19:45:44.4205863Z",
        "x-ms-return-client-request-id": "true",
        "x-ms-version": "2025-07-05"
      },
      "RequestBody": null,
      "StatusCode": 200,
      "ResponseHeaders": {
        "Content-Length": "0",
        "Date": "Wed, 14 May 2025 19:45:45 GMT",
        "ETag": "\"0x8DD931FEB2C27C9\"",
        "Last-Modified": "Wed, 14 May 2025 19:45:45 GMT",
        "Server": [
          "Windows-Azure-File/1.0",
          "Microsoft-HTTPAPI/2.0"
        ],
        "x-ms-client-request-id": "Sanitized",
        "x-ms-file-change-time": "2025-05-14T19:45:45.5287241Z",
        "x-ms-file-creation-time": "2025-05-14T19:45:44.4205863Z",
        "x-ms-file-id": "16140971433240035328",
        "x-ms-file-last-write-time": "2025-05-14T19:45:44.4205863Z",
        "x-ms-file-parent-id": "13835128424026341376",
        "x-ms-group": "0",
        "x-ms-link-count": "1",
        "x-ms-mode": "0664",
        "x-ms-owner": "0",
        "x-ms-request-id": "ca9c20fe-801a-004c-7808-c57cba000000",
        "x-ms-request-server-encrypted": "true",
        "x-ms-version": "2025-07-05"
      },
      "ResponseBody": null
    },
    {
      "RequestUri": "https://seancanaryfilepremium2.file.core.windows.net/test-share-74c085f4-0df1-a2be-eea8-d310d0bb2e23/sourceFolder?sv=Sanitized&ss=f&srt=sco&se=2025-05-15T19%3A45%3A46Z&sp=rwdxylacuptfi&sig=Sanitized&restype=directory&comp=list",
      "RequestMethod": "GET",
      "RequestHeaders": {
        "Accept": "application/xml",
        "traceparent": "00-33d6e1d68505a8ef13448bee9a8ad48d-85965dd237220f67-00",
        "User-Agent": "azsdk-net-Storage.Files.Shares/12.23.0-alpha.20250514.1 (.NET 8.0.16; Microsoft Windows 10.0.26100)",
        "x-ms-client-request-id": "Sanitized",
        "x-ms-return-client-request-id": "true",
        "x-ms-version": "2025-07-05"
      },
      "RequestBody": null,
      "StatusCode": 200,
      "ResponseHeaders": {
        "Content-Type": "application/xml",
        "Date": "Wed, 14 May 2025 19:45:45 GMT",
        "Server": [
          "Windows-Azure-File/1.0",
          "Microsoft-HTTPAPI/2.0"
        ],
        "Transfer-Encoding": "chunked",
        "x-ms-client-request-id": "Sanitized",
        "x-ms-request-id": "ca9c2101-801a-004c-7b08-c57cba000000",
        "x-ms-version": "2025-07-05"
      },
      "ResponseBody": "\uFEFF<?xml version=\"1.0\" encoding=\"utf-8\"?><EnumerationResults ServiceEndpoint=\"https://seancanaryfilepremium2.file.core.windows.net/\" ShareName=\"test-share-74c085f4-0df1-a2be-eea8-d310d0bb2e23\" DirectoryPath=\"sourceFolder\"><DirectoryId>13835128424026341376</DirectoryId><Entries><File><Name>item1</Name><FileId>11529285414812647424</FileId><Properties><Content-Length>1024</Content-Length></Properties></File><File><Name>item1-hardlink</Name><FileId>11529285414812647424</FileId><Properties><Content-Length>1024</Content-Length></Properties></File></Entries><NextMarker /></EnumerationResults>"
    },
    {
      "RequestUri": "https://seancanaryfilepremium2.file.core.windows.net/test-share-e2f04eb3-fcc1-1ba2-1a34-a300f1643a9c/destFolder?sv=Sanitized&ss=f&srt=sco&se=2025-05-15T19%3A45%3A46Z&sp=rwdxylacuptfi&sig=Sanitized&restype=directory&comp=list",
      "RequestMethod": "GET",
      "RequestHeaders": {
        "Accept": "application/xml",
        "traceparent": "00-602c7d1cec059753a43410f4bf20298c-74caba6a96428a06-00",
        "User-Agent": "azsdk-net-Storage.Files.Shares/12.23.0-alpha.20250514.1 (.NET 8.0.16; Microsoft Windows 10.0.26100)",
        "x-ms-client-request-id": "Sanitized",
        "x-ms-return-client-request-id": "true",
        "x-ms-version": "2025-07-05"
      },
      "RequestBody": null,
      "StatusCode": 200,
      "ResponseHeaders": {
        "Content-Type": "application/xml",
        "Date": "Wed, 14 May 2025 19:45:45 GMT",
        "Server": [
          "Windows-Azure-File/1.0",
          "Microsoft-HTTPAPI/2.0"
        ],
        "Transfer-Encoding": "chunked",
        "x-ms-client-request-id": "Sanitized",
        "x-ms-request-id": "ca9c2103-801a-004c-7d08-c57cba000000",
        "x-ms-version": "2025-07-05"
      },
      "ResponseBody": "\uFEFF<?xml version=\"1.0\" encoding=\"utf-8\"?><EnumerationResults ServiceEndpoint=\"https://seancanaryfilepremium2.file.core.windows.net/\" ShareName=\"test-share-e2f04eb3-fcc1-1ba2-1a34-a300f1643a9c\" DirectoryPath=\"destFolder\"><DirectoryId>13835128424026341376</DirectoryId><Entries><File><Name>item1</Name><FileId>16140971433240035328</FileId><Properties><Content-Length>1024</Content-Length></Properties></File><File><Name>item1-hardlink</Name><FileId>11529285414812647424</FileId><Properties><Content-Length>1024</Content-Length></Properties></File></Entries><NextMarker /></EnumerationResults>"
    },
    {
      "RequestUri": "https://seancanaryfilepremium2.file.core.windows.net/test-share-74c085f4-0df1-a2be-eea8-d310d0bb2e23/sourceFolder/item1?sv=Sanitized&ss=f&srt=sco&se=2025-05-15T19%3A45%3A46Z&sp=rwdxylacuptfi&sig=Sanitized",
      "RequestMethod": "HEAD",
      "RequestHeaders": {
        "Accept": "application/xml",
        "traceparent": "00-8452c56d67816cf3b3c012b9f26642d9-f696cae0320807eb-00",
        "User-Agent": "azsdk-net-Storage.Files.Shares/12.23.0-alpha.20250514.1 (.NET 8.0.16; Microsoft Windows 10.0.26100)",
        "x-ms-client-request-id": "Sanitized",
        "x-ms-return-client-request-id": "true",
        "x-ms-version": "2025-07-05"
      },
      "RequestBody": null,
      "StatusCode": 200,
      "ResponseHeaders": {
        "Content-Length": "1024",
        "Content-Type": "application/octet-stream",
        "Date": "Wed, 14 May 2025 19:45:45 GMT",
        "ETag": "\"0x8DD931FEA8C7C72\"",
        "Last-Modified": "Wed, 14 May 2025 19:45:44 GMT",
        "Server": [
          "Windows-Azure-File/1.0",
          "Microsoft-HTTPAPI/2.0"
        ],
        "x-ms-client-request-id": "Sanitized",
        "x-ms-file-change-time": "2025-05-14T19:45:44.4823154Z",
        "x-ms-file-creation-time": "2025-05-14T19:45:44.4205863Z",
        "x-ms-file-file-type": "Regular",
        "x-ms-file-id": "11529285414812647424",
        "x-ms-file-last-write-time": "2025-05-14T19:45:44.4205863Z",
        "x-ms-file-parent-id": "13835128424026341376",
        "x-ms-group": "0",
        "x-ms-lease-state": "available",
        "x-ms-lease-status": "unlocked",
        "x-ms-link-count": "2",
        "x-ms-mode": "0664",
        "x-ms-owner": "0",
        "x-ms-request-id": "ca9c2104-801a-004c-7e08-c57cba000000",
        "x-ms-server-encrypted": "true",
        "x-ms-type": "File",
        "x-ms-version": "2025-07-05"
      },
      "ResponseBody": null
    },
    {
      "RequestUri": "https://seancanaryfilepremium2.file.core.windows.net/test-share-e2f04eb3-fcc1-1ba2-1a34-a300f1643a9c/destFolder/item1?sv=Sanitized&ss=f&srt=sco&se=2025-05-15T19%3A45%3A46Z&sp=rwdxylacuptfi&sig=Sanitized",
      "RequestMethod": "HEAD",
      "RequestHeaders": {
        "Accept": "application/xml",
        "traceparent": "00-b26db4cff7cf215f8e8434bd04d2a6dc-ab2853861170c0ad-00",
        "User-Agent": "azsdk-net-Storage.Files.Shares/12.23.0-alpha.20250514.1 (.NET 8.0.16; Microsoft Windows 10.0.26100)",
        "x-ms-client-request-id": "Sanitized",
        "x-ms-return-client-request-id": "true",
        "x-ms-version": "2025-07-05"
      },
      "RequestBody": null,
      "StatusCode": 200,
      "ResponseHeaders": {
        "Content-Length": "1024",
        "Content-Type": "application/octet-stream",
        "Date": "Wed, 14 May 2025 19:45:45 GMT",
        "ETag": "\"0x8DD931FEB2C27C9\"",
        "Last-Modified": "Wed, 14 May 2025 19:45:45 GMT",
        "Server": [
          "Windows-Azure-File/1.0",
          "Microsoft-HTTPAPI/2.0"
        ],
        "x-ms-client-request-id": "Sanitized",
        "x-ms-file-change-time": "2025-05-14T19:45:45.5287241Z",
        "x-ms-file-creation-time": "2025-05-14T19:45:44.4205863Z",
        "x-ms-file-file-type": "Regular",
        "x-ms-file-id": "16140971433240035328",
        "x-ms-file-last-write-time": "2025-05-14T19:45:44.4205863Z",
        "x-ms-file-parent-id": "13835128424026341376",
        "x-ms-group": "0",
        "x-ms-lease-state": "available",
        "x-ms-lease-status": "unlocked",
        "x-ms-link-count": "1",
        "x-ms-mode": "0664",
        "x-ms-owner": "0",
        "x-ms-request-id": "ca9c2106-801a-004c-8008-c57cba000000",
        "x-ms-server-encrypted": "true",
        "x-ms-type": "File",
        "x-ms-version": "2025-07-05"
      },
      "ResponseBody": null
    },
    {
      "RequestUri": "https://seancanaryfilepremium2.file.core.windows.net/test-share-74c085f4-0df1-a2be-eea8-d310d0bb2e23/sourceFolder/item1?sv=Sanitized&ss=f&srt=sco&se=2025-05-15T19%3A45%3A46Z&sp=rwdxylacuptfi&sig=Sanitized",
      "RequestMethod": "GET",
      "RequestHeaders": {
        "Accept": "application/xml",
        "User-Agent": "azsdk-net-Storage.Files.Shares/12.23.0-alpha.20250514.1 (.NET 8.0.16; Microsoft Windows 10.0.26100)",
        "x-ms-client-request-id": "Sanitized",
        "x-ms-range": "bytes=0-1023",
        "x-ms-return-client-request-id": "true",
        "x-ms-version": "2025-07-05"
      },
      "RequestBody": null,
      "StatusCode": 206,
      "ResponseHeaders": {
        "Accept-Ranges": "bytes",
        "Content-Length": "1024",
        "Content-Range": "bytes 0-1023/1024",
        "Content-Type": "application/octet-stream",
        "Date": "Wed, 14 May 2025 19:45:45 GMT",
        "ETag": "\"0x8DD931FEA8C7C72\"",
        "Last-Modified": "Wed, 14 May 2025 19:45:44 GMT",
        "Server": [
          "Windows-Azure-File/1.0",
          "Microsoft-HTTPAPI/2.0"
        ],
        "x-ms-client-request-id": "Sanitized",
        "x-ms-file-change-time": "2025-05-14T19:45:44.4823154Z",
        "x-ms-file-creation-time": "2025-05-14T19:45:44.4205863Z",
        "x-ms-file-id": "11529285414812647424",
        "x-ms-file-last-write-time": "2025-05-14T19:45:44.4205863Z",
        "x-ms-file-parent-id": "13835128424026341376",
        "x-ms-group": "0",
        "x-ms-lease-state": "available",
        "x-ms-lease-status": "unlocked",
        "x-ms-link-count": "2",
        "x-ms-mode": "0664",
        "x-ms-owner": "0",
        "x-ms-request-id": "ca9c2109-801a-004c-0208-c57cba000000",
        "x-ms-server-encrypted": "true",
        "x-ms-type": "File",
        "x-ms-version": "2025-07-05"
      },
      "ResponseBody": "AAAAAAAAAAAAAAAAAAAAAAAAAAAAAAAAAAAAAAAAAAAAAAAAAAAAAAAAAAAAAAAAAAAAAAAAAAAAAAAAAAAAAAAAAAAAAAAAAAAAAAAAAAAAAAAAAAAAAAAAAAAAAAAAAAAAAAAAAAAAAAAAAAAAAAAAAAAAAAAAAAAAAAAAAAAAAAAAAAAAAAAAAAAAAAAAAAAAAAAAAAAAAAAAAAAAAAAAAAAAAAAAAAAAAAAAAAAAAAAAAAAAAAAAAAAAAAAAAAAAAAAAAAAAAAAAAAAAAAAAAAAAAAAAAAAAAAAAAAAAAAAAAAAAAAAAAAAAAAAAAAAAAAAAAAAAAAAAAAAAAAAAAAAAAAAAAAAAAAAAAAAAAAAAAAAAAAAAAAAAAAAAAAAAAAAAAAAAAAAAAAAAAAAAAAAAAAAAAAAAAAAAAAAAAAAAAAAAAAAAAAAAAAAAAAAAAAAAAAAAAAAAAAAAAAAAAAAAAAAAAAAAAAAAAAAAAAAAAAAAAAAAAAAAAAAAAAAAAAAAAAAAAAAAAAAAAAAAAAAAAAAAAAAAAAAAAAAAAAAAAAAAAAAAAAAAAAAAAAAAAAAAAAAAAAAAAAAAAAAAAAAAAAAAAAAAAAAAAAAAAAAAAAAAAAAAAAAAAAAAAAAAAAAAAAAAAAAAAAAAAAAAAAAAAAAAAAAAAAAAAAAAAAAAAAAAAAAAAAAAAAAAAAAAAAAAAAAAAAAAAAAAAAAAAAAAAAAAAAAAAAAAAAAAAAAAAAAAAAAAAAAAAAAAAAAAAAAAAAAAAAAAAAAAAAAAAAAAAAAAAAAAAAAAAAAAAAAAAAAAAAAAAAAAAAAAAAAAAAAAAAAAAAAAAAAAAAAAAAAAAAAAAAAAAAAAAAAAAAAAAAAAAAAAAAAAAAAAAAAAAAAAAAAAAAAAAAAAAAAAAAAAAAAAAAAAAAAAAAAAAAAAAAAAAAAAAAAAAAAAAAAAAAAAAAAAAAAAAAAAAAAAAAAAAAAAAAAAAAAAAAAAAAAAAAAAAAAAAAAAAAAAAAAAAAAAAAAAAAAAAAAAAAAAAAAAAAAAAAAAAAAAAAAAAAAAAAAAAAAAAAAAAAAAAAAAAAAAAAAAAAAAAAAAAAAAAAAAAAAAAAAAAAAAAAAAAAAAAAAAAAAAAAAAAAAAAAAAAAAAAAAAAAAAAAAAAAAAAAAAAAAAAAAAAAAAAAAAAAAAAAAAAAAAAAAAAAAAAAAAAAAAAAAAAAAAAAAAAAAAAAAAAAAAAAAAAAAAAAAAAAAAAAAAAAAAAAAAAAAAAAAAAAAAAAAAAAAAAAAAAAAAAAAAAAAAAAAAAAAAAAAAAAAAAAAAAAAAAAAAAAAAAAAAAAAAAAAAAAAAAAAAAA=="
    },
    {
      "RequestUri": "https://seancanaryfilepremium2.file.core.windows.net/test-share-e2f04eb3-fcc1-1ba2-1a34-a300f1643a9c/destFolder/item1?sv=Sanitized&ss=f&srt=sco&se=2025-05-15T19%3A45%3A46Z&sp=rwdxylacuptfi&sig=Sanitized",
      "RequestMethod": "GET",
      "RequestHeaders": {
        "Accept": "application/xml",
        "User-Agent": "azsdk-net-Storage.Files.Shares/12.23.0-alpha.20250514.1 (.NET 8.0.16; Microsoft Windows 10.0.26100)",
        "x-ms-client-request-id": "Sanitized",
        "x-ms-range": "bytes=0-1023",
        "x-ms-return-client-request-id": "true",
        "x-ms-version": "2025-07-05"
      },
      "RequestBody": null,
      "StatusCode": 206,
      "ResponseHeaders": {
        "Accept-Ranges": "bytes",
        "Content-Length": "1024",
        "Content-Range": "bytes 0-1023/1024",
        "Content-Type": "application/octet-stream",
        "Date": "Wed, 14 May 2025 19:45:45 GMT",
        "ETag": "\"0x8DD931FEB2C27C9\"",
        "Last-Modified": "Wed, 14 May 2025 19:45:45 GMT",
        "Server": [
          "Windows-Azure-File/1.0",
          "Microsoft-HTTPAPI/2.0"
        ],
        "x-ms-client-request-id": "Sanitized",
        "x-ms-file-change-time": "2025-05-14T19:45:45.5287241Z",
        "x-ms-file-creation-time": "2025-05-14T19:45:44.4205863Z",
        "x-ms-file-id": "16140971433240035328",
        "x-ms-file-last-write-time": "2025-05-14T19:45:44.4205863Z",
        "x-ms-file-parent-id": "13835128424026341376",
        "x-ms-group": "0",
        "x-ms-lease-state": "available",
        "x-ms-lease-status": "unlocked",
        "x-ms-link-count": "1",
        "x-ms-mode": "0664",
        "x-ms-owner": "0",
        "x-ms-request-id": "ca9c210b-801a-004c-0408-c57cba000000",
        "x-ms-server-encrypted": "true",
        "x-ms-type": "File",
        "x-ms-version": "2025-07-05"
      },
      "ResponseBody": "AAAAAAAAAAAAAAAAAAAAAAAAAAAAAAAAAAAAAAAAAAAAAAAAAAAAAAAAAAAAAAAAAAAAAAAAAAAAAAAAAAAAAAAAAAAAAAAAAAAAAAAAAAAAAAAAAAAAAAAAAAAAAAAAAAAAAAAAAAAAAAAAAAAAAAAAAAAAAAAAAAAAAAAAAAAAAAAAAAAAAAAAAAAAAAAAAAAAAAAAAAAAAAAAAAAAAAAAAAAAAAAAAAAAAAAAAAAAAAAAAAAAAAAAAAAAAAAAAAAAAAAAAAAAAAAAAAAAAAAAAAAAAAAAAAAAAAAAAAAAAAAAAAAAAAAAAAAAAAAAAAAAAAAAAAAAAAAAAAAAAAAAAAAAAAAAAAAAAAAAAAAAAAAAAAAAAAAAAAAAAAAAAAAAAAAAAAAAAAAAAAAAAAAAAAAAAAAAAAAAAAAAAAAAAAAAAAAAAAAAAAAAAAAAAAAAAAAAAAAAAAAAAAAAAAAAAAAAAAAAAAAAAAAAAAAAAAAAAAAAAAAAAAAAAAAAAAAAAAAAAAAAAAAAAAAAAAAAAAAAAAAAAAAAAAAAAAAAAAAAAAAAAAAAAAAAAAAAAAAAAAAAAAAAAAAAAAAAAAAAAAAAAAAAAAAAAAAAAAAAAAAAAAAAAAAAAAAAAAAAAAAAAAAAAAAAAAAAAAAAAAAAAAAAAAAAAAAAAAAAAAAAAAAAAAAAAAAAAAAAAAAAAAAAAAAAAAAAAAAAAAAAAAAAAAAAAAAAAAAAAAAAAAAAAAAAAAAAAAAAAAAAAAAAAAAAAAAAAAAAAAAAAAAAAAAAAAAAAAAAAAAAAAAAAAAAAAAAAAAAAAAAAAAAAAAAAAAAAAAAAAAAAAAAAAAAAAAAAAAAAAAAAAAAAAAAAAAAAAAAAAAAAAAAAAAAAAAAAAAAAAAAAAAAAAAAAAAAAAAAAAAAAAAAAAAAAAAAAAAAAAAAAAAAAAAAAAAAAAAAAAAAAAAAAAAAAAAAAAAAAAAAAAAAAAAAAAAAAAAAAAAAAAAAAAAAAAAAAAAAAAAAAAAAAAAAAAAAAAAAAAAAAAAAAAAAAAAAAAAAAAAAAAAAAAAAAAAAAAAAAAAAAAAAAAAAAAAAAAAAAAAAAAAAAAAAAAAAAAAAAAAAAAAAAAAAAAAAAAAAAAAAAAAAAAAAAAAAAAAAAAAAAAAAAAAAAAAAAAAAAAAAAAAAAAAAAAAAAAAAAAAAAAAAAAAAAAAAAAAAAAAAAAAAAAAAAAAAAAAAAAAAAAAAAAAAAAAAAAAAAAAAAAAAAAAAAAAAAAAAAAAAAAAAAAAAAAAAAAAAAAAAAAAAAAAAAAAAAAAAAAAAAAAAAAAAAAAAAAAAAAAAAAAAAAAAAAAAAAAAAAAAAA=="
    },
    {
      "RequestUri": "https://seancanaryfilepremium2.file.core.windows.net/test-share-74c085f4-0df1-a2be-eea8-d310d0bb2e23/sourceFolder/item1?sv=Sanitized&ss=f&srt=sco&se=2025-05-15T19%3A45%3A46Z&sp=rwdxylacuptfi&sig=Sanitized",
      "RequestMethod": "HEAD",
      "RequestHeaders": {
        "Accept": "application/xml",
        "traceparent": "00-53f55218aacc87746c0a711ef9c96ac1-9c1b4cf5d009418f-00",
        "User-Agent": "azsdk-net-Storage.Files.Shares/12.23.0-alpha.20250514.1 (.NET 8.0.16; Microsoft Windows 10.0.26100)",
        "x-ms-client-request-id": "Sanitized",
        "x-ms-return-client-request-id": "true",
        "x-ms-version": "2025-07-05"
      },
      "RequestBody": null,
      "StatusCode": 200,
      "ResponseHeaders": {
        "Content-Length": "1024",
        "Content-Type": "application/octet-stream",
        "Date": "Wed, 14 May 2025 19:45:45 GMT",
        "ETag": "\"0x8DD931FEA8C7C72\"",
        "Last-Modified": "Wed, 14 May 2025 19:45:44 GMT",
        "Server": [
          "Windows-Azure-File/1.0",
          "Microsoft-HTTPAPI/2.0"
        ],
        "x-ms-client-request-id": "Sanitized",
        "x-ms-file-change-time": "2025-05-14T19:45:44.4823154Z",
        "x-ms-file-creation-time": "2025-05-14T19:45:44.4205863Z",
        "x-ms-file-file-type": "Regular",
        "x-ms-file-id": "11529285414812647424",
        "x-ms-file-last-write-time": "2025-05-14T19:45:44.4205863Z",
        "x-ms-file-parent-id": "13835128424026341376",
        "x-ms-group": "0",
        "x-ms-lease-state": "available",
        "x-ms-lease-status": "unlocked",
        "x-ms-link-count": "2",
        "x-ms-mode": "0664",
        "x-ms-owner": "0",
        "x-ms-request-id": "ca9c210e-801a-004c-0608-c57cba000000",
        "x-ms-server-encrypted": "true",
        "x-ms-type": "File",
        "x-ms-version": "2025-07-05"
      },
      "ResponseBody": null
    },
    {
      "RequestUri": "https://seancanaryfilepremium2.file.core.windows.net/test-share-e2f04eb3-fcc1-1ba2-1a34-a300f1643a9c/destFolder/item1?sv=Sanitized&ss=f&srt=sco&se=2025-05-15T19%3A45%3A46Z&sp=rwdxylacuptfi&sig=Sanitized",
      "RequestMethod": "HEAD",
      "RequestHeaders": {
        "Accept": "application/xml",
        "traceparent": "00-fb67e58ae39d8d4a36e300d16b6745a0-4336c0aeb451be96-00",
        "User-Agent": "azsdk-net-Storage.Files.Shares/12.23.0-alpha.20250514.1 (.NET 8.0.16; Microsoft Windows 10.0.26100)",
        "x-ms-client-request-id": "Sanitized",
        "x-ms-return-client-request-id": "true",
        "x-ms-version": "2025-07-05"
      },
      "RequestBody": null,
      "StatusCode": 200,
      "ResponseHeaders": {
        "Content-Length": "1024",
        "Content-Type": "application/octet-stream",
        "Date": "Wed, 14 May 2025 19:45:45 GMT",
        "ETag": "\"0x8DD931FEB2C27C9\"",
        "Last-Modified": "Wed, 14 May 2025 19:45:45 GMT",
        "Server": [
          "Windows-Azure-File/1.0",
          "Microsoft-HTTPAPI/2.0"
        ],
        "x-ms-client-request-id": "Sanitized",
        "x-ms-file-change-time": "2025-05-14T19:45:45.5287241Z",
        "x-ms-file-creation-time": "2025-05-14T19:45:44.4205863Z",
        "x-ms-file-file-type": "Regular",
        "x-ms-file-id": "16140971433240035328",
        "x-ms-file-last-write-time": "2025-05-14T19:45:44.4205863Z",
        "x-ms-file-parent-id": "13835128424026341376",
        "x-ms-group": "0",
        "x-ms-lease-state": "available",
        "x-ms-lease-status": "unlocked",
        "x-ms-link-count": "1",
        "x-ms-mode": "0664",
        "x-ms-owner": "0",
        "x-ms-request-id": "ca9c2110-801a-004c-0808-c57cba000000",
        "x-ms-server-encrypted": "true",
        "x-ms-type": "File",
        "x-ms-version": "2025-07-05"
      },
      "ResponseBody": null
    },
    {
      "RequestUri": "https://seancanaryfilepremium2.file.core.windows.net/test-share-74c085f4-0df1-a2be-eea8-d310d0bb2e23/sourceFolder/item1-hardlink?sv=Sanitized&ss=f&srt=sco&se=2025-05-15T19%3A45%3A46Z&sp=rwdxylacuptfi&sig=Sanitized",
      "RequestMethod": "HEAD",
      "RequestHeaders": {
        "Accept": "application/xml",
        "traceparent": "00-7d58305d29cfe15207a6265299512599-b69245615a998472-00",
        "User-Agent": "azsdk-net-Storage.Files.Shares/12.23.0-alpha.20250514.1 (.NET 8.0.16; Microsoft Windows 10.0.26100)",
        "x-ms-client-request-id": "Sanitized",
        "x-ms-return-client-request-id": "true",
        "x-ms-version": "2025-07-05"
      },
      "RequestBody": null,
      "StatusCode": 200,
      "ResponseHeaders": {
        "Content-Length": "1024",
        "Content-Type": "application/octet-stream",
        "Date": "Wed, 14 May 2025 19:45:46 GMT",
        "ETag": "\"0x8DD931FEA8C7C72\"",
        "Last-Modified": "Wed, 14 May 2025 19:45:44 GMT",
        "Server": [
          "Windows-Azure-File/1.0",
          "Microsoft-HTTPAPI/2.0"
        ],
        "x-ms-client-request-id": "Sanitized",
        "x-ms-file-change-time": "2025-05-14T19:45:44.4823154Z",
        "x-ms-file-creation-time": "2025-05-14T19:45:44.4205863Z",
        "x-ms-file-file-type": "Regular",
        "x-ms-file-id": "11529285414812647424",
        "x-ms-file-last-write-time": "2025-05-14T19:45:44.4205863Z",
        "x-ms-file-parent-id": "13835128424026341376",
        "x-ms-group": "0",
        "x-ms-lease-state": "available",
        "x-ms-lease-status": "unlocked",
        "x-ms-link-count": "2",
        "x-ms-mode": "0664",
        "x-ms-owner": "0",
        "x-ms-request-id": "ca9c2112-801a-004c-0a08-c57cba000000",
        "x-ms-server-encrypted": "true",
        "x-ms-type": "File",
        "x-ms-version": "2025-07-05"
      },
      "ResponseBody": null
    },
    {
      "RequestUri": "https://seancanaryfilepremium2.file.core.windows.net/test-share-e2f04eb3-fcc1-1ba2-1a34-a300f1643a9c/destFolder/item1-hardlink?sv=Sanitized&ss=f&srt=sco&se=2025-05-15T19%3A45%3A46Z&sp=rwdxylacuptfi&sig=Sanitized",
      "RequestMethod": "HEAD",
      "RequestHeaders": {
        "Accept": "application/xml",
        "traceparent": "00-20b6f0fd84aa8133c2b688d2c3305195-87cbc6b59e2c06f9-00",
        "User-Agent": "azsdk-net-Storage.Files.Shares/12.23.0-alpha.20250514.1 (.NET 8.0.16; Microsoft Windows 10.0.26100)",
        "x-ms-client-request-id": "Sanitized",
        "x-ms-return-client-request-id": "true",
        "x-ms-version": "2025-07-05"
      },
      "RequestBody": null,
      "StatusCode": 200,
      "ResponseHeaders": {
        "Content-Length": "1024",
        "Content-Type": "application/octet-stream",
        "Date": "Wed, 14 May 2025 19:45:46 GMT",
        "ETag": "\"0x8DD931FEAFDAAE2\"",
        "Last-Modified": "Wed, 14 May 2025 19:45:45 GMT",
        "Server": [
          "Windows-Azure-File/1.0",
          "Microsoft-HTTPAPI/2.0"
        ],
        "x-ms-client-request-id": "Sanitized",
        "x-ms-file-change-time": "2025-05-14T19:45:45.2240610Z",
        "x-ms-file-creation-time": "2025-05-14T19:45:44.4205863Z",
        "x-ms-file-file-type": "Regular",
        "x-ms-file-id": "11529285414812647424",
        "x-ms-file-last-write-time": "2025-05-14T19:45:44.4205863Z",
        "x-ms-file-parent-id": "13835128424026341376",
        "x-ms-group": "0",
        "x-ms-lease-state": "available",
        "x-ms-lease-status": "unlocked",
        "x-ms-link-count": "1",
        "x-ms-mode": "0664",
        "x-ms-owner": "0",
        "x-ms-request-id": "ca9c2113-801a-004c-0b08-c57cba000000",
        "x-ms-server-encrypted": "true",
        "x-ms-type": "File",
        "x-ms-version": "2025-07-05"
      },
      "ResponseBody": null
    },
    {
      "RequestUri": "https://seancanaryfilepremium2.file.core.windows.net/test-share-74c085f4-0df1-a2be-eea8-d310d0bb2e23/sourceFolder/item1-hardlink?sv=Sanitized&ss=f&srt=sco&se=2025-05-15T19%3A45%3A46Z&sp=rwdxylacuptfi&sig=Sanitized",
      "RequestMethod": "GET",
      "RequestHeaders": {
        "Accept": "application/xml",
        "User-Agent": "azsdk-net-Storage.Files.Shares/12.23.0-alpha.20250514.1 (.NET 8.0.16; Microsoft Windows 10.0.26100)",
        "x-ms-client-request-id": "Sanitized",
        "x-ms-range": "bytes=0-1023",
        "x-ms-return-client-request-id": "true",
        "x-ms-version": "2025-07-05"
      },
      "RequestBody": null,
      "StatusCode": 206,
      "ResponseHeaders": {
        "Accept-Ranges": "bytes",
        "Content-Length": "1024",
        "Content-Range": "bytes 0-1023/1024",
        "Content-Type": "application/octet-stream",
        "Date": "Wed, 14 May 2025 19:45:46 GMT",
        "ETag": "\"0x8DD931FEA8C7C72\"",
        "Last-Modified": "Wed, 14 May 2025 19:45:44 GMT",
        "Server": [
          "Windows-Azure-File/1.0",
          "Microsoft-HTTPAPI/2.0"
        ],
        "x-ms-client-request-id": "Sanitized",
        "x-ms-file-change-time": "2025-05-14T19:45:44.4823154Z",
        "x-ms-file-creation-time": "2025-05-14T19:45:44.4205863Z",
        "x-ms-file-id": "11529285414812647424",
        "x-ms-file-last-write-time": "2025-05-14T19:45:44.4205863Z",
        "x-ms-file-parent-id": "13835128424026341376",
        "x-ms-group": "0",
        "x-ms-lease-state": "available",
        "x-ms-lease-status": "unlocked",
        "x-ms-link-count": "2",
        "x-ms-mode": "0664",
        "x-ms-owner": "0",
        "x-ms-request-id": "ca9c2116-801a-004c-0e08-c57cba000000",
        "x-ms-server-encrypted": "true",
        "x-ms-type": "File",
        "x-ms-version": "2025-07-05"
      },
      "ResponseBody": "AAAAAAAAAAAAAAAAAAAAAAAAAAAAAAAAAAAAAAAAAAAAAAAAAAAAAAAAAAAAAAAAAAAAAAAAAAAAAAAAAAAAAAAAAAAAAAAAAAAAAAAAAAAAAAAAAAAAAAAAAAAAAAAAAAAAAAAAAAAAAAAAAAAAAAAAAAAAAAAAAAAAAAAAAAAAAAAAAAAAAAAAAAAAAAAAAAAAAAAAAAAAAAAAAAAAAAAAAAAAAAAAAAAAAAAAAAAAAAAAAAAAAAAAAAAAAAAAAAAAAAAAAAAAAAAAAAAAAAAAAAAAAAAAAAAAAAAAAAAAAAAAAAAAAAAAAAAAAAAAAAAAAAAAAAAAAAAAAAAAAAAAAAAAAAAAAAAAAAAAAAAAAAAAAAAAAAAAAAAAAAAAAAAAAAAAAAAAAAAAAAAAAAAAAAAAAAAAAAAAAAAAAAAAAAAAAAAAAAAAAAAAAAAAAAAAAAAAAAAAAAAAAAAAAAAAAAAAAAAAAAAAAAAAAAAAAAAAAAAAAAAAAAAAAAAAAAAAAAAAAAAAAAAAAAAAAAAAAAAAAAAAAAAAAAAAAAAAAAAAAAAAAAAAAAAAAAAAAAAAAAAAAAAAAAAAAAAAAAAAAAAAAAAAAAAAAAAAAAAAAAAAAAAAAAAAAAAAAAAAAAAAAAAAAAAAAAAAAAAAAAAAAAAAAAAAAAAAAAAAAAAAAAAAAAAAAAAAAAAAAAAAAAAAAAAAAAAAAAAAAAAAAAAAAAAAAAAAAAAAAAAAAAAAAAAAAAAAAAAAAAAAAAAAAAAAAAAAAAAAAAAAAAAAAAAAAAAAAAAAAAAAAAAAAAAAAAAAAAAAAAAAAAAAAAAAAAAAAAAAAAAAAAAAAAAAAAAAAAAAAAAAAAAAAAAAAAAAAAAAAAAAAAAAAAAAAAAAAAAAAAAAAAAAAAAAAAAAAAAAAAAAAAAAAAAAAAAAAAAAAAAAAAAAAAAAAAAAAAAAAAAAAAAAAAAAAAAAAAAAAAAAAAAAAAAAAAAAAAAAAAAAAAAAAAAAAAAAAAAAAAAAAAAAAAAAAAAAAAAAAAAAAAAAAAAAAAAAAAAAAAAAAAAAAAAAAAAAAAAAAAAAAAAAAAAAAAAAAAAAAAAAAAAAAAAAAAAAAAAAAAAAAAAAAAAAAAAAAAAAAAAAAAAAAAAAAAAAAAAAAAAAAAAAAAAAAAAAAAAAAAAAAAAAAAAAAAAAAAAAAAAAAAAAAAAAAAAAAAAAAAAAAAAAAAAAAAAAAAAAAAAAAAAAAAAAAAAAAAAAAAAAAAAAAAAAAAAAAAAAAAAAAAAAAAAAAAAAAAAAAAAAAAAAAAAAAAAAAAAAAAAAAAAAAAAAAAAAAAAAAAAAAAAAAAAAAAAAAAAAAAAAAA=="
    },
    {
      "RequestUri": "https://seancanaryfilepremium2.file.core.windows.net/test-share-e2f04eb3-fcc1-1ba2-1a34-a300f1643a9c/destFolder/item1-hardlink?sv=Sanitized&ss=f&srt=sco&se=2025-05-15T19%3A45%3A46Z&sp=rwdxylacuptfi&sig=Sanitized",
      "RequestMethod": "GET",
      "RequestHeaders": {
        "Accept": "application/xml",
        "User-Agent": "azsdk-net-Storage.Files.Shares/12.23.0-alpha.20250514.1 (.NET 8.0.16; Microsoft Windows 10.0.26100)",
        "x-ms-client-request-id": "Sanitized",
        "x-ms-range": "bytes=0-1023",
        "x-ms-return-client-request-id": "true",
        "x-ms-version": "2025-07-05"
      },
      "RequestBody": null,
      "StatusCode": 206,
      "ResponseHeaders": {
        "Accept-Ranges": "bytes",
        "Content-Length": "1024",
        "Content-Range": "bytes 0-1023/1024",
        "Content-Type": "application/octet-stream",
        "Date": "Wed, 14 May 2025 19:45:46 GMT",
        "ETag": "\"0x8DD931FEAFDAAE2\"",
        "Last-Modified": "Wed, 14 May 2025 19:45:45 GMT",
        "Server": [
          "Windows-Azure-File/1.0",
          "Microsoft-HTTPAPI/2.0"
        ],
        "x-ms-client-request-id": "Sanitized",
        "x-ms-file-change-time": "2025-05-14T19:45:45.2240610Z",
        "x-ms-file-creation-time": "2025-05-14T19:45:44.4205863Z",
        "x-ms-file-id": "11529285414812647424",
        "x-ms-file-last-write-time": "2025-05-14T19:45:44.4205863Z",
        "x-ms-file-parent-id": "13835128424026341376",
        "x-ms-group": "0",
        "x-ms-lease-state": "available",
        "x-ms-lease-status": "unlocked",
        "x-ms-link-count": "1",
        "x-ms-mode": "0664",
        "x-ms-owner": "0",
        "x-ms-request-id": "ca9c2118-801a-004c-1008-c57cba000000",
        "x-ms-server-encrypted": "true",
        "x-ms-type": "File",
        "x-ms-version": "2025-07-05"
      },
      "ResponseBody": "AAAAAAAAAAAAAAAAAAAAAAAAAAAAAAAAAAAAAAAAAAAAAAAAAAAAAAAAAAAAAAAAAAAAAAAAAAAAAAAAAAAAAAAAAAAAAAAAAAAAAAAAAAAAAAAAAAAAAAAAAAAAAAAAAAAAAAAAAAAAAAAAAAAAAAAAAAAAAAAAAAAAAAAAAAAAAAAAAAAAAAAAAAAAAAAAAAAAAAAAAAAAAAAAAAAAAAAAAAAAAAAAAAAAAAAAAAAAAAAAAAAAAAAAAAAAAAAAAAAAAAAAAAAAAAAAAAAAAAAAAAAAAAAAAAAAAAAAAAAAAAAAAAAAAAAAAAAAAAAAAAAAAAAAAAAAAAAAAAAAAAAAAAAAAAAAAAAAAAAAAAAAAAAAAAAAAAAAAAAAAAAAAAAAAAAAAAAAAAAAAAAAAAAAAAAAAAAAAAAAAAAAAAAAAAAAAAAAAAAAAAAAAAAAAAAAAAAAAAAAAAAAAAAAAAAAAAAAAAAAAAAAAAAAAAAAAAAAAAAAAAAAAAAAAAAAAAAAAAAAAAAAAAAAAAAAAAAAAAAAAAAAAAAAAAAAAAAAAAAAAAAAAAAAAAAAAAAAAAAAAAAAAAAAAAAAAAAAAAAAAAAAAAAAAAAAAAAAAAAAAAAAAAAAAAAAAAAAAAAAAAAAAAAAAAAAAAAAAAAAAAAAAAAAAAAAAAAAAAAAAAAAAAAAAAAAAAAAAAAAAAAAAAAAAAAAAAAAAAAAAAAAAAAAAAAAAAAAAAAAAAAAAAAAAAAAAAAAAAAAAAAAAAAAAAAAAAAAAAAAAAAAAAAAAAAAAAAAAAAAAAAAAAAAAAAAAAAAAAAAAAAAAAAAAAAAAAAAAAAAAAAAAAAAAAAAAAAAAAAAAAAAAAAAAAAAAAAAAAAAAAAAAAAAAAAAAAAAAAAAAAAAAAAAAAAAAAAAAAAAAAAAAAAAAAAAAAAAAAAAAAAAAAAAAAAAAAAAAAAAAAAAAAAAAAAAAAAAAAAAAAAAAAAAAAAAAAAAAAAAAAAAAAAAAAAAAAAAAAAAAAAAAAAAAAAAAAAAAAAAAAAAAAAAAAAAAAAAAAAAAAAAAAAAAAAAAAAAAAAAAAAAAAAAAAAAAAAAAAAAAAAAAAAAAAAAAAAAAAAAAAAAAAAAAAAAAAAAAAAAAAAAAAAAAAAAAAAAAAAAAAAAAAAAAAAAAAAAAAAAAAAAAAAAAAAAAAAAAAAAAAAAAAAAAAAAAAAAAAAAAAAAAAAAAAAAAAAAAAAAAAAAAAAAAAAAAAAAAAAAAAAAAAAAAAAAAAAAAAAAAAAAAAAAAAAAAAAAAAAAAAAAAAAAAAAAAAAAAAAAAAAAAAAAAAAAAAAAAAAAAAAAAAAAAAAAAAAAAAAAAAAAAA=="
    },
    {
      "RequestUri": "https://seancanaryfilepremium2.file.core.windows.net/test-share-74c085f4-0df1-a2be-eea8-d310d0bb2e23/sourceFolder/item1-hardlink?sv=Sanitized&ss=f&srt=sco&se=2025-05-15T19%3A45%3A46Z&sp=rwdxylacuptfi&sig=Sanitized",
      "RequestMethod": "HEAD",
      "RequestHeaders": {
        "Accept": "application/xml",
        "traceparent": "00-96a4b69b1aef0d19375c576bfb391a6f-98c58094f5685042-00",
        "User-Agent": "azsdk-net-Storage.Files.Shares/12.23.0-alpha.20250514.1 (.NET 8.0.16; Microsoft Windows 10.0.26100)",
        "x-ms-client-request-id": "Sanitized",
        "x-ms-return-client-request-id": "true",
        "x-ms-version": "2025-07-05"
      },
      "RequestBody": null,
      "StatusCode": 200,
      "ResponseHeaders": {
        "Content-Length": "1024",
        "Content-Type": "application/octet-stream",
        "Date": "Wed, 14 May 2025 19:45:46 GMT",
        "ETag": "\"0x8DD931FEA8C7C72\"",
        "Last-Modified": "Wed, 14 May 2025 19:45:44 GMT",
        "Server": [
          "Windows-Azure-File/1.0",
          "Microsoft-HTTPAPI/2.0"
        ],
        "x-ms-client-request-id": "Sanitized",
        "x-ms-file-change-time": "2025-05-14T19:45:44.4823154Z",
        "x-ms-file-creation-time": "2025-05-14T19:45:44.4205863Z",
        "x-ms-file-file-type": "Regular",
        "x-ms-file-id": "11529285414812647424",
        "x-ms-file-last-write-time": "2025-05-14T19:45:44.4205863Z",
        "x-ms-file-parent-id": "13835128424026341376",
        "x-ms-group": "0",
        "x-ms-lease-state": "available",
        "x-ms-lease-status": "unlocked",
        "x-ms-link-count": "2",
        "x-ms-mode": "0664",
        "x-ms-owner": "0",
        "x-ms-request-id": "ca9c2119-801a-004c-1108-c57cba000000",
        "x-ms-server-encrypted": "true",
        "x-ms-type": "File",
        "x-ms-version": "2025-07-05"
      },
      "ResponseBody": null
    },
    {
      "RequestUri": "https://seancanaryfilepremium2.file.core.windows.net/test-share-e2f04eb3-fcc1-1ba2-1a34-a300f1643a9c/destFolder/item1-hardlink?sv=Sanitized&ss=f&srt=sco&se=2025-05-15T19%3A45%3A46Z&sp=rwdxylacuptfi&sig=Sanitized",
      "RequestMethod": "HEAD",
      "RequestHeaders": {
        "Accept": "application/xml",
        "traceparent": "00-58a13fc9b8573cb4ddc3f017d6e1621a-1fb7883f000db05b-00",
        "User-Agent": "azsdk-net-Storage.Files.Shares/12.23.0-alpha.20250514.1 (.NET 8.0.16; Microsoft Windows 10.0.26100)",
        "x-ms-client-request-id": "Sanitized",
        "x-ms-return-client-request-id": "true",
        "x-ms-version": "2025-07-05"
      },
      "RequestBody": null,
      "StatusCode": 200,
      "ResponseHeaders": {
        "Content-Length": "1024",
        "Content-Type": "application/octet-stream",
        "Date": "Wed, 14 May 2025 19:45:46 GMT",
        "ETag": "\"0x8DD931FEAFDAAE2\"",
        "Last-Modified": "Wed, 14 May 2025 19:45:45 GMT",
        "Server": [
          "Windows-Azure-File/1.0",
          "Microsoft-HTTPAPI/2.0"
        ],
        "x-ms-client-request-id": "Sanitized",
        "x-ms-file-change-time": "2025-05-14T19:45:45.2240610Z",
        "x-ms-file-creation-time": "2025-05-14T19:45:44.4205863Z",
        "x-ms-file-file-type": "Regular",
        "x-ms-file-id": "11529285414812647424",
        "x-ms-file-last-write-time": "2025-05-14T19:45:44.4205863Z",
        "x-ms-file-parent-id": "13835128424026341376",
        "x-ms-group": "0",
        "x-ms-lease-state": "available",
        "x-ms-lease-status": "unlocked",
        "x-ms-link-count": "1",
        "x-ms-mode": "0664",
        "x-ms-owner": "0",
        "x-ms-request-id": "ca9c211b-801a-004c-1308-c57cba000000",
        "x-ms-server-encrypted": "true",
        "x-ms-type": "File",
        "x-ms-version": "2025-07-05"
      },
      "ResponseBody": null
    },
    {
      "RequestUri": "https://seancanaryfilepremium2.file.core.windows.net/test-share-e2f04eb3-fcc1-1ba2-1a34-a300f1643a9c/destFolder/item1-hardlink?sv=Sanitized&ss=f&srt=sco&se=2025-05-15T19%3A45%3A46Z&sp=rwdxylacuptfi&sig=Sanitized",
      "RequestMethod": "HEAD",
      "RequestHeaders": {
        "Accept": "application/xml",
        "traceparent": "00-faedef96c1963988f9f18ead445cd7de-b689b89f5998d221-00",
        "User-Agent": "azsdk-net-Storage.Files.Shares/12.23.0-alpha.20250514.1 (.NET 8.0.16; Microsoft Windows 10.0.26100)",
        "x-ms-client-request-id": "Sanitized",
        "x-ms-return-client-request-id": "true",
        "x-ms-version": "2025-07-05"
      },
      "RequestBody": null,
      "StatusCode": 200,
      "ResponseHeaders": {
        "Content-Length": "1024",
        "Content-Type": "application/octet-stream",
        "Date": "Wed, 14 May 2025 19:45:46 GMT",
        "ETag": "\"0x8DD931FEAFDAAE2\"",
        "Last-Modified": "Wed, 14 May 2025 19:45:45 GMT",
        "Server": [
          "Windows-Azure-File/1.0",
          "Microsoft-HTTPAPI/2.0"
        ],
        "x-ms-client-request-id": "Sanitized",
        "x-ms-file-change-time": "2025-05-14T19:45:45.2240610Z",
        "x-ms-file-creation-time": "2025-05-14T19:45:44.4205863Z",
        "x-ms-file-file-type": "Regular",
        "x-ms-file-id": "11529285414812647424",
        "x-ms-file-last-write-time": "2025-05-14T19:45:44.4205863Z",
        "x-ms-file-parent-id": "13835128424026341376",
        "x-ms-group": "0",
        "x-ms-lease-state": "available",
        "x-ms-lease-status": "unlocked",
        "x-ms-link-count": "1",
        "x-ms-mode": "0664",
        "x-ms-owner": "0",
        "x-ms-request-id": "ca9c211d-801a-004c-1508-c57cba000000",
        "x-ms-server-encrypted": "true",
        "x-ms-type": "File",
        "x-ms-version": "2025-07-05"
      },
      "ResponseBody": null
    },
    {
      "RequestUri": "https://seancanaryfilepremium2.file.core.windows.net/test-share-e2f04eb3-fcc1-1ba2-1a34-a300f1643a9c?sv=Sanitized&ss=f&srt=sco&se=2025-05-15T19%3A45%3A46Z&sp=rwdxylacuptfi&sig=Sanitized&restype=share",
      "RequestMethod": "DELETE",
      "RequestHeaders": {
        "Accept": "application/xml",
        "traceparent": "00-327a796fe3062141e69c8ab50a85f6e3-fe3356f8ac749b0b-00",
        "User-Agent": "azsdk-net-Storage.Files.Shares/12.23.0-alpha.20250514.1 (.NET 8.0.16; Microsoft Windows 10.0.26100)",
        "x-ms-client-request-id": "Sanitized",
        "x-ms-delete-snapshots": "include",
        "x-ms-return-client-request-id": "true",
        "x-ms-version": "2025-07-05"
      },
      "RequestBody": null,
      "StatusCode": 202,
      "ResponseHeaders": {
        "Content-Length": "0",
        "Date": "Wed, 14 May 2025 19:45:46 GMT",
        "Server": [
          "Windows-Azure-File/1.0",
          "Microsoft-HTTPAPI/2.0"
        ],
        "x-ms-client-request-id": "Sanitized",
        "x-ms-request-id": "ca9c211f-801a-004c-1708-c57cba000000",
        "x-ms-version": "2025-07-05"
      },
      "ResponseBody": null
    },
    {
      "RequestUri": "https://seancanaryfilepremium2.file.core.windows.net/test-share-74c085f4-0df1-a2be-eea8-d310d0bb2e23?sv=Sanitized&ss=f&srt=sco&se=2025-05-15T19%3A45%3A46Z&sp=rwdxylacuptfi&sig=Sanitized&restype=share",
      "RequestMethod": "DELETE",
      "RequestHeaders": {
        "Accept": "application/xml",
        "traceparent": "00-83b8c234166cea1cc6ffc24c47694496-5934a2692c27b01d-00",
        "User-Agent": "azsdk-net-Storage.Files.Shares/12.23.0-alpha.20250514.1 (.NET 8.0.16; Microsoft Windows 10.0.26100)",
        "x-ms-client-request-id": "Sanitized",
        "x-ms-delete-snapshots": "include",
        "x-ms-return-client-request-id": "true",
        "x-ms-version": "2025-07-05"
      },
      "RequestBody": null,
      "StatusCode": 202,
      "ResponseHeaders": {
        "Content-Length": "0",
        "Date": "Wed, 14 May 2025 19:45:46 GMT",
        "Server": [
          "Windows-Azure-File/1.0",
          "Microsoft-HTTPAPI/2.0"
        ],
        "x-ms-client-request-id": "Sanitized",
        "x-ms-request-id": "ca9c2123-801a-004c-1a08-c57cba000000",
        "x-ms-version": "2025-07-05"
      },
      "ResponseBody": null
    }
  ],
  "Variables": {
    "DateTimeOffsetNow": "2025-05-14T15:45:46.8504305-04:00",
    "RandomSeed": "829958476",
    "Storage_TestConfigPremiumFile": "PremiumFileTenant\nseancanaryfilepremium2\nU2FuaXRpemVk\nhttps://seancanaryfilepremium2.blob.core.windows.net\nhttps://seancanaryfilepremium2.file.core.windows.net\nhttps://seancanaryfilepremium2.queue.core.windows.net\nhttps://seancanaryfilepremium2.table.core.windows.net\n\n\n\n\nhttps://seancanaryfilepremium2-secondary.blob.core.windows.net\nhttps://seancanaryfilepremium2-secondary.file.core.windows.net\nhttps://seancanaryfilepremium2-secondary.queue.core.windows.net\nhttps://seancanaryfilepremium2-secondary.table.core.windows.net\nCloud\nBlobEndpoint=https://seancanaryfilepremium2.blob.core.windows.net/;QueueEndpoint=https://seancanaryfilepremium2.queue.core.windows.net/;FileEndpoint=https://seancanaryfilepremium2.file.core.windows.net/;BlobSecondaryEndpoint=https://seancanaryfilepremium2-secondary.blob.core.windows.net/;QueueSecondaryEndpoint=https://seancanaryfilepremium2-secondary.queue.core.windows.net/;FileSecondaryEndpoint=https://seancanaryfilepremium2-secondary.file.core.windows.net/;AccountName=seancanaryfilepremium2;AccountKey=U2FuaXRpemVk\n\n\n"
  }
}
