{
  "Entries": [
    {
      "RequestUri": "https://keyvault_name.vault.azure.net/secrets/backupRestoreSecretName-canrecoveradeletedsecretnonexisting-/?api-version=7.5-preview.1",
      "RequestMethod": "GET",
      "RequestHeaders": {
        "Accept": "application/json",
        "Accept-Encoding": "gzip, deflate, br",
        "Accept-Language": "en-US",
        "Connection": "keep-alive",
        "Referer": "http://localhost:9330/",
        "sec-ch-ua": "",
        "sec-ch-ua-mobile": "?0",
        "sec-ch-ua-platform": "\u0022\u0022",
        "Sec-Fetch-Dest": "empty",
        "Sec-Fetch-Mode": "cors",
        "Sec-Fetch-Site": "same-site",
        "User-Agent": "Mozilla/5.0 (X11; Linux x86_64) AppleWebKit/537.36 (KHTML, like Gecko) HeadlessChrome/112.0.5614.0 Safari/537.36",
        "x-ms-client-request-id": "795f699f-2e7a-4069-9799-997096754825",
        "x-ms-useragent": "azsdk-js-keyvault-secrets/4.8.0-beta.1 core-rest-pipeline/1.12.0 OS"
      },
      "RequestBody": null,
      "StatusCode": 401,
      "ResponseHeaders": {
        "Cache-Control": "no-cache",
        "Content-Length": "97",
        "Content-Type": "application/json; charset=utf-8",
        "Date": "Wed, 30 Aug 2023 00:27:46 GMT",
        "Expires": "-1",
        "Pragma": "no-cache",
        "Strict-Transport-Security": "max-age=31536000;includeSubDomains",
        "WWW-Authenticate": "Bearer authorization=\u0022https://login.microsoftonline.com/12345678-1234-1234-1234-123456789012\u0022, resource=\u0022https://vault.azure.net\u0022",
        "X-Content-Type-Options": "nosniff",
        "x-ms-client-request-id": "795f699f-2e7a-4069-9799-997096754825",
        "x-ms-keyvault-network-info": "conn_type=Ipv4;addr=131.107.8.61;act_addr_fam=InterNetwork;",
        "x-ms-keyvault-region": "northcentralus",
        "x-ms-keyvault-service-version": "1.9.950.1",
        "x-ms-request-id": "8b0486f5-217b-408e-83c9-7abe5ebf1208"
      },
      "ResponseBody": {
        "error": {
          "code": "Unauthorized",
          "message": "AKV10000: Request is missing a Bearer or PoP token."
        }
      }
    },
    {
      "RequestUri": "https://keyvault_name.vault.azure.net/secrets/backupRestoreSecretName-canrecoveradeletedsecretnonexisting-/?api-version=7.5-preview.1",
      "RequestMethod": "GET",
      "RequestHeaders": {
        "Accept": "application/json",
        "Accept-Encoding": "gzip, deflate, br",
        "Accept-Language": "en-US",
        "Authorization": "Sanitized",
        "Connection": "keep-alive",
        "Referer": "http://localhost:9330/",
        "sec-ch-ua": "",
        "sec-ch-ua-mobile": "?0",
        "sec-ch-ua-platform": "\u0022\u0022",
        "Sec-Fetch-Dest": "empty",
        "Sec-Fetch-Mode": "cors",
        "Sec-Fetch-Site": "same-site",
        "User-Agent": "Mozilla/5.0 (X11; Linux x86_64) AppleWebKit/537.36 (KHTML, like Gecko) HeadlessChrome/112.0.5614.0 Safari/537.36",
        "x-ms-client-request-id": "795f699f-2e7a-4069-9799-997096754825",
        "x-ms-useragent": "azsdk-js-keyvault-secrets/4.8.0-beta.1 core-rest-pipeline/1.12.0 OS"
      },
      "RequestBody": null,
      "StatusCode": 404,
      "ResponseHeaders": {
        "Cache-Control": "no-cache",
        "Content-Length": "357",
        "Content-Type": "application/json; charset=utf-8",
        "Date": "Wed, 30 Aug 2023 00:27:47 GMT",
        "Expires": "-1",
        "Pragma": "no-cache",
        "Strict-Transport-Security": "max-age=31536000;includeSubDomains",
        "X-Content-Type-Options": "nosniff",
        "x-ms-client-request-id": "795f699f-2e7a-4069-9799-997096754825",
        "x-ms-keyvault-network-info": "conn_type=Ipv4;addr=131.107.8.61;act_addr_fam=InterNetwork;",
        "x-ms-keyvault-rbac-assignment-id": "91779ecb-9756-5960-8eff-50b8b477d31a",
        "x-ms-keyvault-rbac-cache": "ra_age=2280;da_age=2280;rd_age=2280;brd_age=1920;ra_notif_age=4466;dec_lev=1;",
        "x-ms-keyvault-region": "northcentralus",
        "x-ms-keyvault-service-version": "1.9.950.1",
        "x-ms-request-id": "c9484f0c-07cd-4f3f-ac63-e94005335380"
      },
      "ResponseBody": {
        "error": {
          "code": "SecretNotFound",
          "message": "A secret with (name/id) backupRestoreSecretName-canrecoveradeletedsecretnonexisting- was not found in this key vault. If you recently deleted this secret you may be able to recover it using the correct recovery command. For help resolving this issue, please see https://go.microsoft.com/fwlink/?linkid=2125182"
        }
      }
    },
    {
      "RequestUri": "https://keyvault_name.vault.azure.net/deletedsecrets/backupRestoreSecretName-canrecoveradeletedsecretnonexisting-/recover?api-version=7.5-preview.1",
      "RequestMethod": "POST",
      "RequestHeaders": {
        "Accept": "application/json",
        "Accept-Encoding": "gzip, deflate, br",
        "Accept-Language": "en-US",
        "Authorization": "Sanitized",
        "Connection": "keep-alive",
        "Content-Length": "0",
        "Referer": "http://localhost:9330/",
        "sec-ch-ua": "",
        "sec-ch-ua-mobile": "?0",
        "sec-ch-ua-platform": "\u0022\u0022",
        "Sec-Fetch-Dest": "empty",
        "Sec-Fetch-Mode": "cors",
        "Sec-Fetch-Site": "same-site",
        "User-Agent": "Mozilla/5.0 (X11; Linux x86_64) AppleWebKit/537.36 (KHTML, like Gecko) HeadlessChrome/112.0.5614.0 Safari/537.36",
        "x-ms-client-request-id": "90468020-a7af-4cb7-8e5e-217c9f024ee5",
        "x-ms-useragent": "azsdk-js-keyvault-secrets/4.8.0-beta.1 core-rest-pipeline/1.12.0 OS"
      },
      "RequestBody": null,
      "StatusCode": 404,
      "ResponseHeaders": {
        "Cache-Control": "no-cache",
        "Content-Length": "357",
        "Content-Type": "application/json; charset=utf-8",
        "Date": "Wed, 30 Aug 2023 00:27:47 GMT",
        "Expires": "-1",
        "Pragma": "no-cache",
        "Strict-Transport-Security": "max-age=31536000;includeSubDomains",
        "X-Content-Type-Options": "nosniff",
        "x-ms-client-request-id": "90468020-a7af-4cb7-8e5e-217c9f024ee5",
        "x-ms-keyvault-network-info": "conn_type=Ipv4;addr=131.107.8.61;act_addr_fam=InterNetwork;",
        "x-ms-keyvault-rbac-assignment-id": "91779ecb-9756-5960-8eff-50b8b477d31a",
        "x-ms-keyvault-rbac-cache": "ra_age=2281;da_age=2280;rd_age=2280;brd_age=1920;ra_notif_age=4466;dec_lev=1;",
        "x-ms-keyvault-region": "northcentralus",
        "x-ms-keyvault-service-version": "1.9.950.1",
        "x-ms-request-id": "c6853129-b418-422b-834a-94cece824845"
      },
      "ResponseBody": {
        "error": {
          "code": "SecretNotFound",
          "message": "A secret with (name/id) backupRestoreSecretName-canrecoveradeletedsecretnonexisting- was not found in this key vault. If you recently deleted this secret you may be able to recover it using the correct recovery command. For help resolving this issue, please see https://go.microsoft.com/fwlink/?linkid=2125182"
        }
      }
    }
  ],
  "Variables": {}
}
