{
  "Entries": [
    {
      "RequestUri": "https://fakestorageaccount.blob.core.windows.net/container169768452984004597?restype=container",
      "RequestMethod": "PUT",
      "RequestHeaders": {
        "Accept": "application/xml",
        "Accept-Encoding": "gzip, deflate, br",
        "Accept-Language": "en-US",
        "Connection": "keep-alive",
        "Content-Length": "0",
        "Origin": "http://localhost:9876",
        "Referer": "http://localhost:9876/",
        "sec-ch-ua": "",
        "sec-ch-ua-mobile": "?0",
        "sec-ch-ua-platform": "\u0022\u0022",
        "Sec-Fetch-Dest": "empty",
        "Sec-Fetch-Mode": "cors",
        "Sec-Fetch-Site": "same-site",
        "User-Agent": "Mozilla/5.0 (Windows NT 10.0; Win64; x64) AppleWebKit/537.36 (KHTML, like Gecko) HeadlessChrome/112.0.5614.0 Safari/537.36",
        "x-ms-client-request-id": "e9c08ac4-ba51-4967-9c3d-ed31d72f2dde",
        "x-ms-useragent": "azsdk-js-azure-storage-blob/12.20.0 core-rest-pipeline/1.12.2 OS",
        "x-ms-version": "2023-08-03"
      },
      "RequestBody": null,
      "StatusCode": 201,
      "ResponseHeaders": {
        "Access-Control-Allow-Origin": "*",
        "Access-Control-Expose-Headers": "x-ms-request-id,x-ms-client-request-id,Server,x-ms-version,Last-Modified,ETag,Content-Length,Date,Transfer-Encoding",
        "Content-Length": "0",
        "Date": "Thu, 19 Oct 2023 03:02:09 GMT",
        "ETag": "\u00220x8DBD04FC9A57201\u0022",
        "Last-Modified": "Thu, 19 Oct 2023 03:02:10 GMT",
        "Server": [
          "Windows-Azure-Blob/1.0",
          "Microsoft-HTTPAPI/2.0"
        ],
        "x-ms-client-request-id": "e9c08ac4-ba51-4967-9c3d-ed31d72f2dde",
        "x-ms-request-id": "9e183ece-601e-0034-0938-02a0e9000000",
        "x-ms-version": "2023-08-03"
      },
      "ResponseBody": null
    },
    {
      "RequestUri": "https://fakestorageaccount.blob.core.windows.net/container169768452984004597/blob169768452995001296?",
      "RequestMethod": "PUT",
      "RequestHeaders": {
        "Accept": "application/xml",
        "Accept-Encoding": "gzip, deflate, br",
        "Accept-Language": "en-US",
        "Connection": "keep-alive",
        "Content-Length": "11",
        "Content-Type": "application/octet-stream",
        "Origin": "http://localhost:9876",
        "Referer": "http://localhost:9876/",
        "sec-ch-ua": "",
        "sec-ch-ua-mobile": "?0",
        "sec-ch-ua-platform": "\u0022\u0022",
        "Sec-Fetch-Dest": "empty",
        "Sec-Fetch-Mode": "cors",
        "Sec-Fetch-Site": "same-site",
        "User-Agent": "Mozilla/5.0 (Windows NT 10.0; Win64; x64) AppleWebKit/537.36 (KHTML, like Gecko) HeadlessChrome/112.0.5614.0 Safari/537.36",
        "x-ms-blob-type": "BlockBlob",
        "x-ms-client-request-id": "4063ce74-5a89-47db-8b5e-7e94035038ef",
        "x-ms-useragent": "azsdk-js-azure-storage-blob/12.20.0 core-rest-pipeline/1.12.2 OS",
        "x-ms-version": "2023-08-03"
      },
      "RequestBody": "SGVsbG8gV29ybGQ=",
      "StatusCode": 201,
      "ResponseHeaders": {
        "Access-Control-Allow-Origin": "*",
        "Access-Control-Expose-Headers": "x-ms-request-id,x-ms-client-request-id,Server,x-ms-version,x-ms-content-crc64,Content-MD5,Last-Modified,ETag,x-ms-request-server-encrypted,x-ms-version-id,Content-Length,Date,Transfer-Encoding",
        "Content-Length": "0",
        "Content-MD5": "sQqNsWTgdUEFt6mb5y4/5Q==",
        "Date": "Thu, 19 Oct 2023 03:02:09 GMT",
        "ETag": "\u00220x8DBD04FC9B6E427\u0022",
        "Last-Modified": "Thu, 19 Oct 2023 03:02:10 GMT",
        "Server": [
          "Windows-Azure-Blob/1.0",
          "Microsoft-HTTPAPI/2.0"
        ],
        "x-ms-client-request-id": "4063ce74-5a89-47db-8b5e-7e94035038ef",
        "x-ms-content-crc64": "YeJLfssylmU=",
        "x-ms-request-id": "9e183f35-601e-0034-5f38-02a0e9000000",
        "x-ms-request-server-encrypted": "true",
        "x-ms-version": "2023-08-03",
        "x-ms-version-id": "2023-10-19T03:02:10.8257319Z"
      },
      "ResponseBody": null
    },
    {
      "RequestUri": "https://fakestorageaccount.blob.core.windows.net/container169768452984004597/blob169768452995001296?comp=lease",
      "RequestMethod": "PUT",
      "RequestHeaders": {
        "Accept": "application/xml",
        "Accept-Encoding": "gzip, deflate, br",
        "Accept-Language": "en-US",
        "Connection": "keep-alive",
        "Content-Length": "0",
        "Origin": "http://localhost:9876",
        "Referer": "http://localhost:9876/",
        "sec-ch-ua": "",
        "sec-ch-ua-mobile": "?0",
        "sec-ch-ua-platform": "\u0022\u0022",
        "Sec-Fetch-Dest": "empty",
        "Sec-Fetch-Mode": "cors",
        "Sec-Fetch-Site": "same-site",
        "User-Agent": "Mozilla/5.0 (Windows NT 10.0; Win64; x64) AppleWebKit/537.36 (KHTML, like Gecko) HeadlessChrome/112.0.5614.0 Safari/537.36",
        "x-ms-client-request-id": "97414c83-c734-45c4-81fb-3ec5e9174624",
        "x-ms-lease-action": "acquire",
        "x-ms-lease-duration": "30",
        "x-ms-proposed-lease-id": "e65742a7-1007-4b36-b780-9996057daea7",
        "x-ms-useragent": "azsdk-js-azure-storage-blob/12.20.0 core-rest-pipeline/1.12.2 OS",
        "x-ms-version": "2023-08-03"
      },
      "RequestBody": null,
      "StatusCode": 201,
      "ResponseHeaders": {
        "Access-Control-Allow-Origin": "*",
        "Access-Control-Expose-Headers": "x-ms-request-id,x-ms-client-request-id,Server,x-ms-version,x-ms-lease-id,Last-Modified,ETag,Content-Length,Date,Transfer-Encoding",
        "Content-Length": "0",
        "Date": "Thu, 19 Oct 2023 03:02:10 GMT",
        "ETag": "\u00220x8DBD04FC9B6E427\u0022",
        "Last-Modified": "Thu, 19 Oct 2023 03:02:10 GMT",
        "Server": [
          "Windows-Azure-Blob/1.0",
          "Microsoft-HTTPAPI/2.0"
        ],
        "x-ms-client-request-id": "97414c83-c734-45c4-81fb-3ec5e9174624",
        "x-ms-lease-id": "e65742a7-1007-4b36-b780-9996057daea7",
        "x-ms-request-id": "9e183f70-601e-0034-1238-02a0e9000000",
        "x-ms-version": "2023-08-03"
      },
      "ResponseBody": null
    },
    {
      "RequestUri": "https://fakestorageaccount.blob.core.windows.net/container169768452984004597/blob169768452995001296?",
      "RequestMethod": "HEAD",
      "RequestHeaders": {
        "Accept": "application/xml",
        "Accept-Encoding": "gzip, deflate, br",
        "Accept-Language": "en-US",
        "Connection": "keep-alive",
        "Origin": "http://localhost:9876",
        "Referer": "http://localhost:9876/",
        "sec-ch-ua": "",
        "sec-ch-ua-mobile": "?0",
        "sec-ch-ua-platform": "\u0022\u0022",
        "Sec-Fetch-Dest": "empty",
        "Sec-Fetch-Mode": "cors",
        "Sec-Fetch-Site": "same-site",
        "User-Agent": "Mozilla/5.0 (Windows NT 10.0; Win64; x64) AppleWebKit/537.36 (KHTML, like Gecko) HeadlessChrome/112.0.5614.0 Safari/537.36",
        "x-ms-client-request-id": "e73e882a-6d1d-4c39-b0c9-3c4996e4ebb8",
        "x-ms-lease-id": "e65742a7-1007-4b36-b780-9996057daea7",
        "x-ms-useragent": "azsdk-js-azure-storage-blob/12.20.0 core-rest-pipeline/1.12.2 OS",
        "x-ms-version": "2023-08-03"
      },
      "RequestBody": null,
      "StatusCode": 200,
      "ResponseHeaders": {
        "Accept-Ranges": "bytes",
        "Access-Control-Allow-Origin": "*",
        "Access-Control-Expose-Headers": "x-ms-request-id,x-ms-client-request-id,Server,x-ms-version,x-ms-version-id,x-ms-is-current-version,Content-Type,Last-Modified,ETag,x-ms-creation-time,Content-MD5,x-ms-lease-status,x-ms-lease-state,x-ms-lease-duration,x-ms-blob-type,x-ms-server-encrypted,x-ms-access-tier,x-ms-access-tier-inferred,Accept-Ranges,Content-Length,Date,Transfer-Encoding",
        "Content-Length": "11",
        "Content-MD5": "sQqNsWTgdUEFt6mb5y4/5Q==",
        "Content-Type": "application/octet-stream",
        "Date": "Thu, 19 Oct 2023 03:02:10 GMT",
        "ETag": "\u00220x8DBD04FC9B6E427\u0022",
        "Last-Modified": "Thu, 19 Oct 2023 03:02:10 GMT",
        "Server": [
          "Windows-Azure-Blob/1.0",
          "Microsoft-HTTPAPI/2.0"
        ],
        "x-ms-access-tier": "Hot",
        "x-ms-access-tier-inferred": "true",
        "x-ms-blob-type": "BlockBlob",
        "x-ms-client-request-id": "e73e882a-6d1d-4c39-b0c9-3c4996e4ebb8",
        "x-ms-creation-time": "Thu, 19 Oct 2023 03:02:10 GMT",
        "x-ms-is-current-version": "true",
        "x-ms-lease-duration": "fixed",
        "x-ms-lease-state": "leased",
        "x-ms-lease-status": "locked",
        "x-ms-request-id": "9e183fbe-601e-0034-5c38-02a0e9000000",
        "x-ms-server-encrypted": "true",
        "x-ms-version": "2023-08-03",
        "x-ms-version-id": "2023-10-19T03:02:10.8257319Z"
      },
      "ResponseBody": null
    },
    {
      "RequestUri": "https://fakestorageaccount.blob.core.windows.net/container169768452984004597/blob169768452995001296?",
      "RequestMethod": "HEAD",
      "RequestHeaders": {
        "Accept": "application/xml",
        "Accept-Encoding": "gzip, deflate, br",
        "Accept-Language": "en-US",
        "Connection": "keep-alive",
        "Origin": "http://localhost:9876",
        "Referer": "http://localhost:9876/",
        "sec-ch-ua": "",
        "sec-ch-ua-mobile": "?0",
        "sec-ch-ua-platform": "\u0022\u0022",
        "Sec-Fetch-Dest": "empty",
        "Sec-Fetch-Mode": "cors",
        "Sec-Fetch-Site": "same-site",
        "User-Agent": "Mozilla/5.0 (Windows NT 10.0; Win64; x64) AppleWebKit/537.36 (KHTML, like Gecko) HeadlessChrome/112.0.5614.0 Safari/537.36",
        "x-ms-client-request-id": "9fee116e-6616-4298-895e-0552e1930b9d",
        "x-ms-lease-id": "ca761232ed4211cebacd00aa0057b223",
        "x-ms-useragent": "azsdk-js-azure-storage-blob/12.20.0 core-rest-pipeline/1.12.2 OS",
        "x-ms-version": "2023-08-03"
      },
      "RequestBody": null,
      "StatusCode": 412,
      "ResponseHeaders": {
        "Access-Control-Allow-Origin": "*",
        "Access-Control-Expose-Headers": "x-ms-request-id,x-ms-client-request-id,Server,x-ms-version,x-ms-error-code,Content-Length,Date,Transfer-Encoding",
        "Date": "Thu, 19 Oct 2023 03:02:10 GMT",
        "Server": [
          "Windows-Azure-Blob/1.0",
          "Microsoft-HTTPAPI/2.0"
        ],
        "Transfer-Encoding": "chunked",
        "x-ms-client-request-id": "9fee116e-6616-4298-895e-0552e1930b9d",
        "x-ms-error-code": "LeaseIdMismatchWithBlobOperation",
        "x-ms-request-id": "9e183ffc-601e-0034-1538-02a0e9000000",
        "x-ms-version": "2023-08-03"
      },
      "ResponseBody": null
    },
    {
      "RequestUri": "https://fakestorageaccount.blob.core.windows.net/container169768452984004597?restype=container",
      "RequestMethod": "DELETE",
      "RequestHeaders": {
        "Accept": "application/xml",
        "Accept-Encoding": "gzip, deflate, br",
        "Accept-Language": "en-US",
        "Connection": "keep-alive",
        "Origin": "http://localhost:9876",
        "Referer": "http://localhost:9876/",
        "sec-ch-ua": "",
        "sec-ch-ua-mobile": "?0",
        "sec-ch-ua-platform": "\u0022\u0022",
        "Sec-Fetch-Dest": "empty",
        "Sec-Fetch-Mode": "cors",
        "Sec-Fetch-Site": "same-site",
        "User-Agent": "Mozilla/5.0 (Windows NT 10.0; Win64; x64) AppleWebKit/537.36 (KHTML, like Gecko) HeadlessChrome/112.0.5614.0 Safari/537.36",
        "x-ms-client-request-id": "ce8e3076-7bd3-4c9d-9b6c-7cb7cb6092da",
        "x-ms-useragent": "azsdk-js-azure-storage-blob/12.20.0 core-rest-pipeline/1.12.2 OS",
        "x-ms-version": "2023-08-03"
      },
      "RequestBody": null,
      "StatusCode": 202,
      "ResponseHeaders": {
        "Access-Control-Allow-Origin": "*",
        "Access-Control-Expose-Headers": "x-ms-request-id,x-ms-client-request-id,Server,x-ms-version,Content-Length,Date,Transfer-Encoding",
        "Content-Length": "0",
        "Date": "Thu, 19 Oct 2023 03:02:10 GMT",
        "Server": [
          "Windows-Azure-Blob/1.0",
          "Microsoft-HTTPAPI/2.0"
        ],
        "x-ms-client-request-id": "ce8e3076-7bd3-4c9d-9b6c-7cb7cb6092da",
        "x-ms-request-id": "9e184025-601e-0034-3d38-02a0e9000000",
        "x-ms-version": "2023-08-03"
      },
      "ResponseBody": null
    }
  ],
  "Variables": {
    "blob": "blob169768452995001296",
    "container": "container169768452984004597",
    "proposedLeaseId": "e65742a7-1007-4b36-b780-9996057daea7"
  }
}
