{
  "Entries": [
    {
      "RequestUri": "https://amandadev2.blob.core.windows.net/test-container-5e680b87-f4e8-9170-c220-30899bde9053?restype=container",
      "RequestMethod": "PUT",
      "RequestHeaders": {
        "Accept": "application/xml",
        "Authorization": "Sanitized",
        "Content-Length": "0",
        "traceparent": "00-a6bd40263e161049a23fdb65da31e623-494d14f5ddc90a18-00",
        "User-Agent": "azsdk-net-Storage.Blobs/12.20.0-alpha.20240408.1 (.NET 6.0.28; Microsoft Windows 10.0.22635)",
        "x-ms-blob-public-access": "container",
        "x-ms-client-request-id": "c1666ebb-dd04-5ec8-0980-38735331b104",
        "x-ms-date": "Wed, 10 Apr 2024 04:38:51 GMT",
        "x-ms-return-client-request-id": "true",
        "x-ms-version": "2024-05-04"
      },
      "RequestBody": null,
      "StatusCode": 201,
      "ResponseHeaders": {
        "Content-Length": "0",
        "Date": "Wed, 10 Apr 2024 04:38:51 GMT",
        "ETag": "\u00220x8DC59181F87A4BA\u0022",
        "Last-Modified": "Wed, 10 Apr 2024 04:38:52 GMT",
        "Server": [
          "Windows-Azure-Blob/1.0",
          "Microsoft-HTTPAPI/2.0"
        ],
        "x-ms-client-request-id": "c1666ebb-dd04-5ec8-0980-38735331b104",
        "x-ms-request-id": "63c9f066-b01e-0048-0e00-8b68d6000000",
        "x-ms-version": "2024-05-04"
      },
      "ResponseBody": null
    },
    {
      "RequestUri": "https://amandadev2.blob.core.windows.net/test-container-bc644fd6-89e4-d611-a23a-113994e557b9?restype=container",
      "RequestMethod": "PUT",
      "RequestHeaders": {
        "Accept": "application/xml",
        "Authorization": "Sanitized",
        "Content-Length": "0",
        "traceparent": "00-3f15265f7d7e9f482b2b37127c88067f-7122dc7bc3e131e5-00",
        "User-Agent": "azsdk-net-Storage.Blobs/12.20.0-alpha.20240408.1 (.NET 6.0.28; Microsoft Windows 10.0.22635)",
        "x-ms-blob-public-access": "container",
        "x-ms-client-request-id": "eab45bfd-06a4-3146-5c90-1ecacc8ec924",
        "x-ms-date": "Wed, 10 Apr 2024 04:38:52 GMT",
        "x-ms-return-client-request-id": "true",
        "x-ms-version": "2024-05-04"
      },
      "RequestBody": null,
      "StatusCode": 201,
      "ResponseHeaders": {
        "Content-Length": "0",
        "Date": "Wed, 10 Apr 2024 04:38:51 GMT",
        "ETag": "\u00220x8DC59181F926CCF\u0022",
        "Last-Modified": "Wed, 10 Apr 2024 04:38:52 GMT",
        "Server": [
          "Windows-Azure-Blob/1.0",
          "Microsoft-HTTPAPI/2.0"
        ],
        "x-ms-client-request-id": "eab45bfd-06a4-3146-5c90-1ecacc8ec924",
        "x-ms-request-id": "63c9f0d5-b01e-0048-4800-8b68d6000000",
        "x-ms-version": "2024-05-04"
      },
      "ResponseBody": null
    },
    {
      "RequestUri": "https://amandadev2.blob.core.windows.net/test-container-5e680b87-f4e8-9170-c220-30899bde9053/test-blob-4f167e29-8362-088b-0097-8c9fd2a55dad",
      "RequestMethod": "PUT",
      "RequestHeaders": {
        "Accept": "application/xml",
        "Authorization": "Sanitized",
        "Content-Length": "0",
        "If-None-Match": "*",
        "traceparent": "00-d4b2c1bf9378c81d8fb650e24f19a348-de89da58fdb3c711-00",
        "User-Agent": "azsdk-net-Storage.Blobs/12.20.0-alpha.20240408.1 (.NET 6.0.28; Microsoft Windows 10.0.22635)",
        "x-ms-blob-cache-control": "no-cache",
        "x-ms-blob-content-disposition": "inline",
        "x-ms-blob-content-language": "en-US",
        "x-ms-blob-content-length": "0",
        "x-ms-blob-content-type": "application/octet-stream",
        "x-ms-blob-type": "PageBlob",
        "x-ms-client-request-id": "fa41937b-8adf-79b9-cfac-e90c7aa75fb6",
        "x-ms-date": "Wed, 10 Apr 2024 04:38:52 GMT",
        "x-ms-meta-Capital": "letter",
        "x-ms-meta-foo": "bar",
        "x-ms-meta-meta": "data",
        "x-ms-meta-UPPER": "case",
        "x-ms-return-client-request-id": "true",
        "x-ms-version": "2024-05-04"
      },
      "RequestBody": null,
      "StatusCode": 201,
      "ResponseHeaders": {
        "Content-Length": "0",
        "Date": "Wed, 10 Apr 2024 04:38:51 GMT",
        "ETag": "\u00220x8DC59181F9BE187\u0022",
        "Last-Modified": "Wed, 10 Apr 2024 04:38:52 GMT",
        "Server": [
          "Windows-Azure-Blob/1.0",
          "Microsoft-HTTPAPI/2.0"
        ],
        "x-ms-client-request-id": "fa41937b-8adf-79b9-cfac-e90c7aa75fb6",
        "x-ms-request-id": "63c9f12d-b01e-0048-7200-8b68d6000000",
        "x-ms-request-server-encrypted": "true",
        "x-ms-version": "2024-05-04",
        "x-ms-version-id": "2024-04-10T04:38:52.4164487Z"
      },
      "ResponseBody": null
    },
    {
      "RequestUri": "https://amandadev2.blob.core.windows.net/test-container-5e680b87-f4e8-9170-c220-30899bde9053/test-blob-4f167e29-8362-088b-0097-8c9fd2a55dad?sv=2024-05-04\u0026se=2024-04-11T04%3A38%3A52Z\u0026sr=b\u0026sp=racwdxyltmei\u0026sig=Sanitized",
      "RequestMethod": "HEAD",
      "RequestHeaders": {
        "Accept": "application/xml",
        "traceparent": "00-bdb76c9aae80c123edf4546c95b563c5-f8979194ba4400ff-00",
        "User-Agent": "azsdk-net-Storage.Blobs/12.20.0-alpha.20240408.1 (.NET 6.0.28; Microsoft Windows 10.0.22635)",
        "x-ms-client-request-id": "3eb51a3d-2a19-eb4e-a085-911ff9f3c72b",
        "x-ms-return-client-request-id": "true",
        "x-ms-version": "2024-05-04"
      },
      "RequestBody": null,
      "StatusCode": 200,
      "ResponseHeaders": {
        "Accept-Ranges": "bytes",
        "Cache-Control": "no-cache",
        "Content-Disposition": "inline",
        "Content-Language": "en-US",
        "Content-Length": "0",
        "Content-Type": "application/octet-stream",
        "Date": "Wed, 10 Apr 2024 04:38:51 GMT",
        "ETag": "\u00220x8DC59181F9BE187\u0022",
        "Last-Modified": "Wed, 10 Apr 2024 04:38:52 GMT",
        "Server": [
          "Windows-Azure-Blob/1.0",
          "Microsoft-HTTPAPI/2.0"
        ],
        "x-ms-blob-sequence-number": "0",
        "x-ms-blob-type": "PageBlob",
        "x-ms-client-request-id": "3eb51a3d-2a19-eb4e-a085-911ff9f3c72b",
        "x-ms-creation-time": "Wed, 10 Apr 2024 04:38:52 GMT",
        "x-ms-is-current-version": "true",
        "x-ms-lease-state": "available",
        "x-ms-lease-status": "unlocked",
        "x-ms-meta-Capital": "letter",
        "x-ms-meta-foo": "bar",
        "x-ms-meta-meta": "data",
        "x-ms-meta-UPPER": "case",
        "x-ms-request-id": "63c9f1ce-b01e-0048-4600-8b68d6000000",
        "x-ms-server-encrypted": "true",
        "x-ms-version": "2024-05-04",
        "x-ms-version-id": "2024-04-10T04:38:52.4164487Z"
      },
      "ResponseBody": null
    },
    {
      "RequestUri": "https://amandadev2.blob.core.windows.net/test-container-bc644fd6-89e4-d611-a23a-113994e557b9/test-blob-d66a7132-9052-bcf3-68bf-91c5b2a3587c?sv=2024-05-04\u0026se=2024-04-11T04%3A38%3A52Z\u0026sr=b\u0026sp=racwdxyltmei\u0026sig=Sanitized",
      "RequestMethod": "PUT",
      "RequestHeaders": {
        "Accept": "application/xml",
        "Content-Length": "0",
        "If-None-Match": "*",
        "traceparent": "00-a207a53dcc14d15db09d602aaf723e6c-3af38c2beccd73fa-00",
        "User-Agent": "azsdk-net-Storage.Blobs/12.20.0-alpha.20240408.1 (.NET 6.0.28; Microsoft Windows 10.0.22635)",
        "x-ms-blob-content-length": "0",
        "x-ms-blob-type": "PageBlob",
        "x-ms-client-request-id": "98877be4-19ee-6b62-9c38-9eded0aedc48",
        "x-ms-return-client-request-id": "true",
        "x-ms-version": "2024-05-04"
      },
      "RequestBody": null,
      "StatusCode": 201,
      "ResponseHeaders": {
        "Content-Length": "0",
        "Date": "Wed, 10 Apr 2024 04:38:51 GMT",
        "ETag": "\u00220x8DC59181FB9C56D\u0022",
        "Last-Modified": "Wed, 10 Apr 2024 04:38:52 GMT",
        "Server": [
          "Windows-Azure-Blob/1.0",
          "Microsoft-HTTPAPI/2.0"
        ],
        "x-ms-client-request-id": "98877be4-19ee-6b62-9c38-9eded0aedc48",
        "x-ms-request-id": "63c9f225-b01e-0048-6f00-8b68d6000000",
        "x-ms-request-server-encrypted": "true",
        "x-ms-version": "2024-05-04",
        "x-ms-version-id": "2024-04-10T04:38:52.6123373Z"
      },
      "ResponseBody": null
    },
    {
      "RequestUri": "https://amandadev2.blob.core.windows.net/test-container-5e680b87-f4e8-9170-c220-30899bde9053/test-blob-4f167e29-8362-088b-0097-8c9fd2a55dad?sv=2024-05-04\u0026se=2024-04-11T04%3A38%3A52Z\u0026sr=b\u0026sp=racwdxyltmei\u0026sig=Sanitized",
      "RequestMethod": "HEAD",
      "RequestHeaders": {
        "Accept": "application/xml",
        "traceparent": "00-e4939cd84c253224022b891bcc1bf712-6fd4f9dec29212f6-00",
        "User-Agent": "azsdk-net-Storage.Blobs/12.20.0-alpha.20240408.1 (.NET 6.0.28; Microsoft Windows 10.0.22635)",
        "x-ms-client-request-id": "7d3b314c-2e6b-393c-0b0a-f34b8274fff4",
        "x-ms-return-client-request-id": "true",
        "x-ms-version": "2024-05-04"
      },
      "RequestBody": null,
      "StatusCode": 200,
      "ResponseHeaders": {
        "Accept-Ranges": "bytes",
        "Cache-Control": "no-cache",
        "Content-Disposition": "inline",
        "Content-Language": "en-US",
        "Content-Length": "0",
        "Content-Type": "application/octet-stream",
        "Date": "Wed, 10 Apr 2024 04:38:52 GMT",
        "ETag": "\u00220x8DC59181F9BE187\u0022",
        "Last-Modified": "Wed, 10 Apr 2024 04:38:52 GMT",
        "Server": [
          "Windows-Azure-Blob/1.0",
          "Microsoft-HTTPAPI/2.0"
        ],
        "x-ms-blob-sequence-number": "0",
        "x-ms-blob-type": "PageBlob",
        "x-ms-client-request-id": "7d3b314c-2e6b-393c-0b0a-f34b8274fff4",
        "x-ms-creation-time": "Wed, 10 Apr 2024 04:38:52 GMT",
        "x-ms-is-current-version": "true",
        "x-ms-lease-state": "available",
        "x-ms-lease-status": "unlocked",
        "x-ms-meta-Capital": "letter",
        "x-ms-meta-foo": "bar",
        "x-ms-meta-meta": "data",
        "x-ms-meta-UPPER": "case",
        "x-ms-request-id": "63c9f346-b01e-0048-0c00-8b68d6000000",
        "x-ms-server-encrypted": "true",
        "x-ms-version": "2024-05-04",
        "x-ms-version-id": "2024-04-10T04:38:52.4164487Z"
      },
      "ResponseBody": null
    },
    {
      "RequestUri": "https://amandadev2.blob.core.windows.net/test-container-bc644fd6-89e4-d611-a23a-113994e557b9/test-blob-d66a7132-9052-bcf3-68bf-91c5b2a3587c?sv=2024-05-04\u0026se=2024-04-11T04%3A38%3A52Z\u0026sr=b\u0026sp=racwdxyltmei\u0026sig=Sanitized",
      "RequestMethod": "HEAD",
      "RequestHeaders": {
        "Accept": "application/xml",
        "traceparent": "00-ff999365acfc0040edc02b7427d650b9-9d637a1c7ae2ce56-00",
        "User-Agent": "azsdk-net-Storage.Blobs/12.20.0-alpha.20240408.1 (.NET 6.0.28; Microsoft Windows 10.0.22635)",
        "x-ms-client-request-id": "9f926c73-5e72-ccdd-02f7-0b8758479a53",
        "x-ms-return-client-request-id": "true",
        "x-ms-version": "2024-05-04"
      },
      "RequestBody": null,
      "StatusCode": 200,
      "ResponseHeaders": {
        "Accept-Ranges": "bytes",
        "Content-Length": "0",
        "Content-Type": "application/octet-stream",
        "Date": "Wed, 10 Apr 2024 04:38:52 GMT",
        "ETag": "\u00220x8DC59181FB9C56D\u0022",
        "Last-Modified": "Wed, 10 Apr 2024 04:38:52 GMT",
        "Server": [
          "Windows-Azure-Blob/1.0",
          "Microsoft-HTTPAPI/2.0"
        ],
        "x-ms-blob-sequence-number": "0",
        "x-ms-blob-type": "PageBlob",
        "x-ms-client-request-id": "9f926c73-5e72-ccdd-02f7-0b8758479a53",
        "x-ms-creation-time": "Wed, 10 Apr 2024 04:38:52 GMT",
        "x-ms-is-current-version": "true",
        "x-ms-lease-state": "available",
        "x-ms-lease-status": "unlocked",
        "x-ms-request-id": "63c9f3b3-b01e-0048-4900-8b68d6000000",
        "x-ms-server-encrypted": "true",
        "x-ms-version": "2024-05-04",
        "x-ms-version-id": "2024-04-10T04:38:52.6123373Z"
      },
      "ResponseBody": null
    },
    {
      "RequestUri": "https://amandadev2.blob.core.windows.net/test-container-bc644fd6-89e4-d611-a23a-113994e557b9/test-blob-d66a7132-9052-bcf3-68bf-91c5b2a3587c?sv=2024-05-04\u0026se=2024-04-11T04%3A38%3A52Z\u0026sr=b\u0026sp=racwdxyltmei\u0026sig=Sanitized",
      "RequestMethod": "HEAD",
      "RequestHeaders": {
        "Accept": "application/xml",
        "traceparent": "00-f4d0688528b1a31f90fccfa4d43a1f96-3578c15f13e4a5ae-00",
        "User-Agent": "azsdk-net-Storage.Blobs/12.20.0-alpha.20240408.1 (.NET 6.0.28; Microsoft Windows 10.0.22635)",
        "x-ms-client-request-id": "15d7152f-60e2-5a81-74c7-e44617463fa1",
        "x-ms-return-client-request-id": "true",
        "x-ms-version": "2024-05-04"
      },
      "RequestBody": null,
      "StatusCode": 200,
      "ResponseHeaders": {
        "Accept-Ranges": "bytes",
        "Content-Length": "0",
        "Content-Type": "application/octet-stream",
        "Date": "Wed, 10 Apr 2024 04:38:52 GMT",
        "ETag": "\u00220x8DC59181FB9C56D\u0022",
        "Last-Modified": "Wed, 10 Apr 2024 04:38:52 GMT",
        "Server": [
          "Windows-Azure-Blob/1.0",
          "Microsoft-HTTPAPI/2.0"
        ],
        "x-ms-blob-sequence-number": "0",
        "x-ms-blob-type": "PageBlob",
        "x-ms-client-request-id": "15d7152f-60e2-5a81-74c7-e44617463fa1",
        "x-ms-creation-time": "Wed, 10 Apr 2024 04:38:52 GMT",
        "x-ms-is-current-version": "true",
        "x-ms-lease-state": "available",
        "x-ms-lease-status": "unlocked",
        "x-ms-request-id": "63c9f3fb-b01e-0048-6f00-8b68d6000000",
        "x-ms-server-encrypted": "true",
        "x-ms-version": "2024-05-04",
        "x-ms-version-id": "2024-04-10T04:38:52.6123373Z"
      },
      "ResponseBody": null
    },
    {
      "RequestUri": "https://amandadev2.blob.core.windows.net/test-container-bc644fd6-89e4-d611-a23a-113994e557b9/test-blob-d66a7132-9052-bcf3-68bf-91c5b2a3587c?sv=2024-05-04\u0026se=2024-04-11T04%3A38%3A52Z\u0026sr=b\u0026sp=racwdxyltmei\u0026sig=Sanitized\u0026comp=tags",
      "RequestMethod": "GET",
      "RequestHeaders": {
        "Accept": "application/xml",
        "traceparent": "00-acf71f4956ec586aa5b3f463649ca71b-4daefd9a64196ff4-00",
        "User-Agent": "azsdk-net-Storage.Blobs/12.20.0-alpha.20240408.1 (.NET 6.0.28; Microsoft Windows 10.0.22635)",
        "x-ms-client-request-id": "4258dd3b-856f-8571-2671-c963f9ae111d",
        "x-ms-return-client-request-id": "true",
        "x-ms-version": "2024-05-04"
      },
      "RequestBody": null,
      "StatusCode": 200,
      "ResponseHeaders": {
        "Content-Length": "64",
        "Content-Type": "application/xml",
        "Date": "Wed, 10 Apr 2024 04:38:52 GMT",
        "Server": [
          "Windows-Azure-Blob/1.0",
          "Microsoft-HTTPAPI/2.0"
        ],
        "x-ms-client-request-id": "4258dd3b-856f-8571-2671-c963f9ae111d",
        "x-ms-request-id": "63c9f44c-b01e-0048-1a00-8b68d6000000",
        "x-ms-version": "2024-05-04"
      },
      "ResponseBody": [
        "\uFEFF\u003C?xml version=\u00221.0\u0022 encoding=\u0022utf-8\u0022?\u003E\n",
        "\u003CTags\u003E\u003CTagSet/\u003E\u003C/Tags\u003E"
      ]
    },
    {
      "RequestUri": "https://amandadev2.blob.core.windows.net/test-container-bc644fd6-89e4-d611-a23a-113994e557b9?restype=container",
      "RequestMethod": "DELETE",
      "RequestHeaders": {
        "Accept": "application/xml",
        "Authorization": "Sanitized",
        "traceparent": "00-2342f99194ee4f01c190122c24df73dc-0d26650540608057-00",
        "User-Agent": "azsdk-net-Storage.Blobs/12.20.0-alpha.20240408.1 (.NET 6.0.28; Microsoft Windows 10.0.22635)",
        "x-ms-client-request-id": "3a0a1558-fded-4a31-0c9f-b0a0d34f9bc9",
        "x-ms-date": "Wed, 10 Apr 2024 04:38:52 GMT",
        "x-ms-return-client-request-id": "true",
        "x-ms-version": "2024-05-04"
      },
      "RequestBody": null,
      "StatusCode": 202,
      "ResponseHeaders": {
        "Content-Length": "0",
        "Date": "Wed, 10 Apr 2024 04:38:52 GMT",
        "Server": [
          "Windows-Azure-Blob/1.0",
          "Microsoft-HTTPAPI/2.0"
        ],
        "x-ms-client-request-id": "3a0a1558-fded-4a31-0c9f-b0a0d34f9bc9",
        "x-ms-request-id": "63c9f4a5-b01e-0048-4e00-8b68d6000000",
        "x-ms-version": "2024-05-04"
      },
      "ResponseBody": null
    },
    {
      "RequestUri": "https://amandadev2.blob.core.windows.net/test-container-5e680b87-f4e8-9170-c220-30899bde9053?restype=container",
      "RequestMethod": "DELETE",
      "RequestHeaders": {
        "Accept": "application/xml",
        "Authorization": "Sanitized",
        "traceparent": "00-93cfd61af3bc942b5bf8efe730d52fdd-04b280a6ccf4db97-00",
        "User-Agent": "azsdk-net-Storage.Blobs/12.20.0-alpha.20240408.1 (.NET 6.0.28; Microsoft Windows 10.0.22635)",
        "x-ms-client-request-id": "e40a31e0-d7a3-662f-c1e5-d36e357bbd13",
        "x-ms-date": "Wed, 10 Apr 2024 04:38:52 GMT",
        "x-ms-return-client-request-id": "true",
        "x-ms-version": "2024-05-04"
      },
      "RequestBody": null,
      "StatusCode": 202,
      "ResponseHeaders": {
        "Content-Length": "0",
        "Date": "Wed, 10 Apr 2024 04:38:52 GMT",
        "Server": [
          "Windows-Azure-Blob/1.0",
          "Microsoft-HTTPAPI/2.0"
        ],
        "x-ms-client-request-id": "e40a31e0-d7a3-662f-c1e5-d36e357bbd13",
        "x-ms-request-id": "63c9f503-b01e-0048-7d00-8b68d6000000",
        "x-ms-version": "2024-05-04"
      },
      "ResponseBody": null
    }
  ],
  "Variables": {
    "DateTimeOffsetNow": "2024-04-09T21:38:52.1540975-07:00",
    "RandomSeed": "1922098157",
    "Storage_TestConfigDefault": "ProductionTenant\namandadev2\nU2FuaXRpemVk\nhttps://amandadev2.blob.core.windows.net\nhttps://amandadev2.file.core.windows.net\nhttps://amandadev2.queue.core.windows.net\nhttps://amandadev2.table.core.windows.net\n\n\n\n\nhttps://amandadev2-secondary.blob.core.windows.net\nhttps://amandadev2-secondary.file.core.windows.net\nhttps://amandadev2-secondary.queue.core.windows.net\nhttps://amandadev2-secondary.table.core.windows.net\n\nSanitized\n\n\nCloud\nBlobEndpoint=https://amandadev2.blob.core.windows.net/;QueueEndpoint=https://amandadev2.queue.core.windows.net/;FileEndpoint=https://amandadev2.file.core.windows.net/;BlobSecondaryEndpoint=https://amandadev2-secondary.blob.core.windows.net/;QueueSecondaryEndpoint=https://amandadev2-secondary.queue.core.windows.net/;FileSecondaryEndpoint=https://amandadev2-secondary.file.core.windows.net/;AccountName=amandadev2;AccountKey=Sanitized\nencryptionScope\n\n"
  }
}
