{
  "Entries": [
    {
      "RequestUri": "https://Sanitized.blob.core.windows.net/filesystem171617465084006570?restype=container",
      "RequestMethod": "PUT",
      "RequestHeaders": {
        "Accept": "application/xml",
        "Authorization": "Sanitized",
        "Connection": "keep-alive",
        "Content-Length": "0",
        "User-Agent": "azsdk-js-azure-storage-blob/12.23.0-beta.2 core-rest-pipeline/1.16.1 Node/18.19.0 OS/(x64-Windows_NT-10.0.22631)",
        "x-ms-client-request-id": "Sanitized",
        "x-ms-date": "Mon, 20 May 2024 03:10:50 GMT",
        "x-ms-version": "2023-11-03"
      },
      "RequestBody": null,
      "StatusCode": 201,
      "ResponseHeaders": {
        "Content-Length": "0",
        "Date": "Mon, 20 May 2024 03:10:50 GMT",
        "ETag": "\"0x8DC787A74121C7C\"",
        "Last-Modified": "Mon, 20 May 2024 03:10:50 GMT",
        "Server": [
          "Windows-Azure-Blob/1.0",
          "Microsoft-HTTPAPI/2.0"
        ],
        "x-ms-client-request-id": "Sanitized",
        "x-ms-request-id": "Sanitized",
        "x-ms-version": "2023-11-03"
      },
      "ResponseBody": null
    },
    {
      "RequestUri": "https://Sanitized.dfs.core.windows.net/filesystem171617465084006570/file171617465096402114?resource=file",
      "RequestMethod": "PUT",
      "RequestHeaders": {
        "Accept": "application/json",
        "Authorization": "Sanitized",
        "Connection": "keep-alive",
        "Content-Length": "0",
        "User-Agent": "azsdk-js-azure-storage-blob/12.23.0-beta.2 core-rest-pipeline/1.16.1 Node/18.19.0 OS/(x64-Windows_NT-10.0.22631)",
        "x-ms-client-request-id": "Sanitized",
        "x-ms-date": "Mon, 20 May 2024 03:10:50 GMT",
        "x-ms-version": "2023-11-03"
      },
      "RequestBody": null,
      "StatusCode": 201,
      "ResponseHeaders": {
        "Content-Length": "0",
        "Date": "Mon, 20 May 2024 03:10:50 GMT",
        "ETag": "\"0x8DC787A7428CD15\"",
        "Last-Modified": "Mon, 20 May 2024 03:10:50 GMT",
        "Server": [
          "Windows-Azure-HDFS/1.0",
          "Microsoft-HTTPAPI/2.0"
        ],
        "x-ms-client-request-id": "Sanitized",
        "x-ms-request-id": "Sanitized",
        "x-ms-request-server-encrypted": "true",
        "x-ms-version": "2023-11-03"
      },
      "ResponseBody": null
    },
    {
      "RequestUri": "https://Sanitized.dfs.core.windows.net/filesystem171617465084006570/file171617465096402114?position=0&action=append",
      "RequestMethod": "PATCH",
      "RequestHeaders": {
        "Accept": "application/json",
        "Authorization": "Sanitized",
        "Connection": "keep-alive",
        "Content-Length": "11",
        "Content-Type": "application/json",
        "User-Agent": "azsdk-js-azure-storage-blob/12.23.0-beta.2 core-rest-pipeline/1.16.1 Node/18.19.0 OS/(x64-Windows_NT-10.0.22631)",
        "x-ms-client-request-id": "Sanitized",
        "x-ms-date": "Mon, 20 May 2024 03:10:51 GMT",
        "x-ms-version": "2023-11-03"
      },
      "RequestBody": "Hello World",
      "StatusCode": 202,
      "ResponseHeaders": {
        "Content-Length": "0",
        "Date": "Mon, 20 May 2024 03:10:50 GMT",
        "Server": [
          "Windows-Azure-HDFS/1.0",
          "Microsoft-HTTPAPI/2.0"
        ],
        "x-ms-client-request-id": "Sanitized",
        "x-ms-request-id": "Sanitized",
        "x-ms-request-server-encrypted": "true",
        "x-ms-version": "2023-11-03"
      },
      "ResponseBody": null
    },
    {
      "RequestUri": "https://Sanitized.dfs.core.windows.net/filesystem171617465084006570/file171617465096402114?position=11&action=flush",
      "RequestMethod": "PATCH",
      "RequestHeaders": {
        "Accept": "application/json",
        "Authorization": "Sanitized",
        "Connection": "keep-alive",
        "Content-Length": "0",
        "User-Agent": "azsdk-js-azure-storage-blob/12.23.0-beta.2 core-rest-pipeline/1.16.1 Node/18.19.0 OS/(x64-Windows_NT-10.0.22631)",
        "x-ms-client-request-id": "Sanitized",
        "x-ms-date": "Mon, 20 May 2024 03:10:51 GMT",
        "x-ms-version": "2023-11-03"
      },
      "RequestBody": null,
      "StatusCode": 200,
      "ResponseHeaders": {
        "Content-Length": "0",
        "Date": "Mon, 20 May 2024 03:10:50 GMT",
        "ETag": "\"0x8DC787A744DB636\"",
        "Last-Modified": "Mon, 20 May 2024 03:10:51 GMT",
        "Server": [
          "Windows-Azure-HDFS/1.0",
          "Microsoft-HTTPAPI/2.0"
        ],
        "x-ms-client-request-id": "Sanitized",
        "x-ms-request-id": "Sanitized",
        "x-ms-request-server-encrypted": "false",
        "x-ms-version": "2023-11-03"
      },
      "ResponseBody": null
    },
    {
      "RequestUri": "https://Sanitized.dfs.core.windows.net/filesystem171617465084006570/directory171617465132607585?resource=directory",
      "RequestMethod": "PUT",
      "RequestHeaders": {
        "Accept": "application/json",
        "Authorization": "Sanitized",
        "Connection": "keep-alive",
        "Content-Length": "0",
        "User-Agent": "azsdk-js-azure-storage-blob/12.23.0-beta.2 core-rest-pipeline/1.16.1 Node/18.19.0 OS/(x64-Windows_NT-10.0.22631)",
        "x-ms-client-request-id": "Sanitized",
        "x-ms-date": "Mon, 20 May 2024 03:10:51 GMT",
        "x-ms-version": "2023-11-03"
      },
      "RequestBody": null,
      "StatusCode": 201,
      "ResponseHeaders": {
        "Content-Length": "0",
        "Date": "Mon, 20 May 2024 03:10:50 GMT",
        "ETag": "\"0x8DC787A745F325E\"",
        "Last-Modified": "Mon, 20 May 2024 03:10:51 GMT",
        "Server": [
          "Windows-Azure-HDFS/1.0",
          "Microsoft-HTTPAPI/2.0"
        ],
        "x-ms-client-request-id": "Sanitized",
        "x-ms-request-id": "Sanitized",
        "x-ms-request-server-encrypted": "true",
        "x-ms-version": "2023-11-03"
      },
      "ResponseBody": null
    },
    {
      "RequestUri": "https://Sanitized.dfs.core.windows.net/filesystem171617465084006570/directory171617465132607585/subdirectory1171617465132605476?resource=directory",
      "RequestMethod": "PUT",
      "RequestHeaders": {
        "Accept": "application/json",
        "Authorization": "Sanitized",
        "Connection": "keep-alive",
        "Content-Length": "0",
        "User-Agent": "azsdk-js-azure-storage-blob/12.23.0-beta.2 core-rest-pipeline/1.16.1 Node/18.19.0 OS/(x64-Windows_NT-10.0.22631)",
        "x-ms-client-request-id": "Sanitized",
        "x-ms-date": "Mon, 20 May 2024 03:10:51 GMT",
        "x-ms-version": "2023-11-03"
      },
      "RequestBody": null,
      "StatusCode": 201,
      "ResponseHeaders": {
        "Content-Length": "0",
        "Date": "Mon, 20 May 2024 03:10:50 GMT",
        "ETag": "\"0x8DC787A7470FBCE\"",
        "Last-Modified": "Mon, 20 May 2024 03:10:51 GMT",
        "Server": [
          "Windows-Azure-HDFS/1.0",
          "Microsoft-HTTPAPI/2.0"
        ],
        "x-ms-client-request-id": "Sanitized",
        "x-ms-request-id": "Sanitized",
        "x-ms-request-server-encrypted": "true",
        "x-ms-version": "2023-11-03"
      },
      "ResponseBody": null
    },
    {
      "RequestUri": "https://Sanitized.dfs.core.windows.net/filesystem171617465084006570/directory171617465132607585/subdirectory2171617465132609215?resource=directory",
      "RequestMethod": "PUT",
      "RequestHeaders": {
        "Accept": "application/json",
        "Authorization": "Sanitized",
        "Connection": "keep-alive",
        "Content-Length": "0",
        "User-Agent": "azsdk-js-azure-storage-blob/12.23.0-beta.2 core-rest-pipeline/1.16.1 Node/18.19.0 OS/(x64-Windows_NT-10.0.22631)",
        "x-ms-client-request-id": "Sanitized",
        "x-ms-date": "Mon, 20 May 2024 03:10:51 GMT",
        "x-ms-version": "2023-11-03"
      },
      "RequestBody": null,
      "StatusCode": 201,
      "ResponseHeaders": {
        "Content-Length": "0",
        "Date": "Mon, 20 May 2024 03:10:50 GMT",
        "ETag": "\"0x8DC787A7481EE26\"",
        "Last-Modified": "Mon, 20 May 2024 03:10:51 GMT",
        "Server": [
          "Windows-Azure-HDFS/1.0",
          "Microsoft-HTTPAPI/2.0"
        ],
        "x-ms-client-request-id": "Sanitized",
        "x-ms-request-id": "Sanitized",
        "x-ms-request-server-encrypted": "true",
        "x-ms-version": "2023-11-03"
      },
      "ResponseBody": null
    },
    {
      "RequestUri": "https://Sanitized.dfs.core.windows.net/filesystem171617465084006570/directory171617465132607585/subdirectory1171617465132605476/fileName1171617465132600443?resource=file",
      "RequestMethod": "PUT",
      "RequestHeaders": {
        "Accept": "application/json",
        "Authorization": "Sanitized",
        "Connection": "keep-alive",
        "Content-Length": "0",
        "User-Agent": "azsdk-js-azure-storage-blob/12.23.0-beta.2 core-rest-pipeline/1.16.1 Node/18.19.0 OS/(x64-Windows_NT-10.0.22631)",
        "x-ms-client-request-id": "Sanitized",
        "x-ms-date": "Mon, 20 May 2024 03:10:51 GMT",
        "x-ms-version": "2023-11-03"
      },
      "RequestBody": null,
      "StatusCode": 201,
      "ResponseHeaders": {
        "Content-Length": "0",
        "Date": "Mon, 20 May 2024 03:10:50 GMT",
        "ETag": "\"0x8DC787A74944565\"",
        "Last-Modified": "Mon, 20 May 2024 03:10:51 GMT",
        "Server": [
          "Windows-Azure-HDFS/1.0",
          "Microsoft-HTTPAPI/2.0"
        ],
        "x-ms-client-request-id": "Sanitized",
        "x-ms-request-id": "Sanitized",
        "x-ms-request-server-encrypted": "true",
        "x-ms-version": "2023-11-03"
      },
      "ResponseBody": null
    },
    {
      "RequestUri": "https://Sanitized.dfs.core.windows.net/filesystem171617465084006570/directory171617465132607585/subdirectory1171617465132605476/fileName2171617465132602228?resource=file",
      "RequestMethod": "PUT",
      "RequestHeaders": {
        "Accept": "application/json",
        "Authorization": "Sanitized",
        "Connection": "keep-alive",
        "Content-Length": "0",
        "User-Agent": "azsdk-js-azure-storage-blob/12.23.0-beta.2 core-rest-pipeline/1.16.1 Node/18.19.0 OS/(x64-Windows_NT-10.0.22631)",
        "x-ms-client-request-id": "Sanitized",
        "x-ms-date": "Mon, 20 May 2024 03:10:51 GMT",
        "x-ms-version": "2023-11-03"
      },
      "RequestBody": null,
      "StatusCode": 201,
      "ResponseHeaders": {
        "Content-Length": "0",
        "Date": "Mon, 20 May 2024 03:10:51 GMT",
        "ETag": "\"0x8DC787A74A5B013\"",
        "Last-Modified": "Mon, 20 May 2024 03:10:51 GMT",
        "Server": [
          "Windows-Azure-HDFS/1.0",
          "Microsoft-HTTPAPI/2.0"
        ],
        "x-ms-client-request-id": "Sanitized",
        "x-ms-request-id": "Sanitized",
        "x-ms-request-server-encrypted": "true",
        "x-ms-version": "2023-11-03"
      },
      "ResponseBody": null
    },
    {
      "RequestUri": "https://Sanitized.dfs.core.windows.net/filesystem171617465084006570/directory171617465132607585/subdirectory2171617465132609215/fileName3171617465132602361?resource=file",
      "RequestMethod": "PUT",
      "RequestHeaders": {
        "Accept": "application/json",
        "Authorization": "Sanitized",
        "Connection": "keep-alive",
        "Content-Length": "0",
        "User-Agent": "azsdk-js-azure-storage-blob/12.23.0-beta.2 core-rest-pipeline/1.16.1 Node/18.19.0 OS/(x64-Windows_NT-10.0.22631)",
        "x-ms-client-request-id": "Sanitized",
        "x-ms-date": "Mon, 20 May 2024 03:10:51 GMT",
        "x-ms-version": "2023-11-03"
      },
      "RequestBody": null,
      "StatusCode": 201,
      "ResponseHeaders": {
        "Content-Length": "0",
        "Date": "Mon, 20 May 2024 03:10:51 GMT",
        "ETag": "\"0x8DC787A74B7ADCC\"",
        "Last-Modified": "Mon, 20 May 2024 03:10:51 GMT",
        "Server": [
          "Windows-Azure-HDFS/1.0",
          "Microsoft-HTTPAPI/2.0"
        ],
        "x-ms-client-request-id": "Sanitized",
        "x-ms-request-id": "Sanitized",
        "x-ms-request-server-encrypted": "true",
        "x-ms-version": "2023-11-03"
      },
      "ResponseBody": null
    },
    {
      "RequestUri": "https://Sanitized.dfs.core.windows.net/filesystem171617465084006570/directory171617465132607585/subdirectory2171617465132609215/fileName4171617465132603880?resource=file",
      "RequestMethod": "PUT",
      "RequestHeaders": {
        "Accept": "application/json",
        "Authorization": "Sanitized",
        "Connection": "keep-alive",
        "Content-Length": "0",
        "User-Agent": "azsdk-js-azure-storage-blob/12.23.0-beta.2 core-rest-pipeline/1.16.1 Node/18.19.0 OS/(x64-Windows_NT-10.0.22631)",
        "x-ms-client-request-id": "Sanitized",
        "x-ms-date": "Mon, 20 May 2024 03:10:52 GMT",
        "x-ms-version": "2023-11-03"
      },
      "RequestBody": null,
      "StatusCode": 201,
      "ResponseHeaders": {
        "Content-Length": "0",
        "Date": "Mon, 20 May 2024 03:10:51 GMT",
        "ETag": "\"0x8DC787A74C91444\"",
        "Last-Modified": "Mon, 20 May 2024 03:10:52 GMT",
        "Server": [
          "Windows-Azure-HDFS/1.0",
          "Microsoft-HTTPAPI/2.0"
        ],
        "x-ms-client-request-id": "Sanitized",
        "x-ms-request-id": "Sanitized",
        "x-ms-request-server-encrypted": "true",
        "x-ms-version": "2023-11-03"
      },
      "ResponseBody": null
    },
    {
      "RequestUri": "https://Sanitized.dfs.core.windows.net/filesystem171617465084006570/directory171617465132607585?maxRecords=2&mode=set&action=setAccessControlRecursive",
      "RequestMethod": "PATCH",
      "RequestHeaders": {
        "Accept": "application/json",
        "Authorization": "Sanitized",
        "Connection": "keep-alive",
        "Content-Length": "0",
        "User-Agent": "azsdk-js-azure-storage-blob/12.23.0-beta.2 core-rest-pipeline/1.16.1 Node/18.19.0 OS/(x64-Windows_NT-10.0.22631)",
        "x-ms-acl": "user::rwx,user:ec3595d6-2c17-4696-8caa-7e139758d24a:rw-,group::rw-,mask::rwx,other::---",
        "x-ms-client-request-id": "Sanitized",
        "x-ms-date": "Mon, 20 May 2024 03:10:52 GMT",
        "x-ms-version": "2023-11-03"
      },
      "RequestBody": null,
      "StatusCode": 200,
      "ResponseHeaders": {
        "Date": "Mon, 20 May 2024 03:10:51 GMT",
        "Server": [
          "Windows-Azure-HDFS/1.0",
          "Microsoft-HTTPAPI/2.0"
        ],
        "Transfer-Encoding": "chunked",
        "x-ms-client-request-id": "Sanitized",
        "x-ms-continuation": "VBaRxJPs7K3tpa4BGKwBGKYBL2VtbWFmdWxsdGVzdGRrATAxREE4Q0FGODY5MUExMzEvZmlsZXN5c3RlbTE3MTYxNzQ2NTA4NDAwNjU3MAEwMURBQUE2MzUxOUNCODkwL2RpcmVjdG9yeTE3MTYxNzQ2NTEzMjYwNzU4NS9zdWJkaXJlY3RvcnkxMTcxNjE3NDY1MTMyNjA1NDc2L2ZpbGVOYW1lMTE3MTYxNzQ2NTEzMjYwMDQ0MxYAAAA=",
        "x-ms-namespace-enabled": "true",
        "x-ms-request-id": "Sanitized",
        "x-ms-version": "2023-11-03"
      },
      "ResponseBody": "eyJkaXJlY3Rvcmllc1N1Y2Nlc3NmdWwiOjIsImZhaWxlZEVudHJpZXMiOltdLCJmYWlsdXJlQ291bnQiOjAsImZpbGVzU3VjY2Vzc2Z1bCI6MH0K"
    },
    {
      "RequestUri": "https://Sanitized.dfs.core.windows.net/filesystem171617465084006570/directory171617465132607585?continuation=VBaRxJPs7K3tpa4BGKwBGKYBL2VtbWFmdWxsdGVzdGRrATAxREE4Q0FGODY5MUExMzEvZmlsZXN5c3RlbTE3MTYxNzQ2NTA4NDAwNjU3MAEwMURBQUE2MzUxOUNCODkwL2RpcmVjdG9yeTE3MTYxNzQ2NTEzMjYwNzU4NS9zdWJkaXJlY3RvcnkxMTcxNjE3NDY1MTMyNjA1NDc2L2ZpbGVOYW1lMTE3MTYxNzQ2NTEzMjYwMDQ0MxYAAAA%3D&maxRecords=2&mode=set&action=setAccessControlRecursive",
      "RequestMethod": "PATCH",
      "RequestHeaders": {
        "Accept": "application/json",
        "Authorization": "Sanitized",
        "Connection": "keep-alive",
        "Content-Length": "0",
        "User-Agent": "azsdk-js-azure-storage-blob/12.23.0-beta.2 core-rest-pipeline/1.16.1 Node/18.19.0 OS/(x64-Windows_NT-10.0.22631)",
        "x-ms-acl": "user::rwx,user:ec3595d6-2c17-4696-8caa-7e139758d24a:rw-,group::rw-,mask::rwx,other::---",
        "x-ms-client-request-id": "Sanitized",
        "x-ms-date": "Mon, 20 May 2024 03:10:52 GMT",
        "x-ms-version": "2023-11-03"
      },
      "RequestBody": null,
      "StatusCode": 200,
      "ResponseHeaders": {
        "Date": "Mon, 20 May 2024 03:10:51 GMT",
        "Server": [
          "Windows-Azure-HDFS/1.0",
          "Microsoft-HTTPAPI/2.0"
        ],
        "Transfer-Encoding": "chunked",
        "x-ms-client-request-id": "Sanitized",
        "x-ms-continuation": "VBbI2+jn1qCx2u8BGJABGIoBL2VtbWFmdWxsdGVzdGRrATAxREE4Q0FGODY5MUExMzEvZmlsZXN5c3RlbTE3MTYxNzQ2NTA4NDAwNjU3MAEwMURBQUE2MzUxOUNCODkwL2RpcmVjdG9yeTE3MTYxNzQ2NTEzMjYwNzU4NS9zdWJkaXJlY3RvcnkyMTcxNjE3NDY1MTMyNjA5MjE1FgAAAA==",
        "x-ms-namespace-enabled": "true",
        "x-ms-request-id": "Sanitized",
        "x-ms-version": "2023-11-03"
      },
      "ResponseBody": "eyJkaXJlY3Rvcmllc1N1Y2Nlc3NmdWwiOjAsImZhaWxlZEVudHJpZXMiOltdLCJmYWlsdXJlQ291bnQiOjAsImZpbGVzU3VjY2Vzc2Z1bCI6Mn0K"
    },
    {
      "RequestUri": "https://Sanitized.dfs.core.windows.net/filesystem171617465084006570/directory171617465132607585?continuation=VBbI2%2Bjn1qCx2u8BGJABGIoBL2VtbWFmdWxsdGVzdGRrATAxREE4Q0FGODY5MUExMzEvZmlsZXN5c3RlbTE3MTYxNzQ2NTA4NDAwNjU3MAEwMURBQUE2MzUxOUNCODkwL2RpcmVjdG9yeTE3MTYxNzQ2NTEzMjYwNzU4NS9zdWJkaXJlY3RvcnkyMTcxNjE3NDY1MTMyNjA5MjE1FgAAAA%3D%3D&maxRecords=2&mode=set&action=setAccessControlRecursive",
      "RequestMethod": "PATCH",
      "RequestHeaders": {
        "Accept": "application/json",
        "Authorization": "Sanitized",
        "Connection": "keep-alive",
        "Content-Length": "0",
        "User-Agent": "azsdk-js-azure-storage-blob/12.23.0-beta.2 core-rest-pipeline/1.16.1 Node/18.19.0 OS/(x64-Windows_NT-10.0.22631)",
        "x-ms-acl": "user::rwx,user:ec3595d6-2c17-4696-8caa-7e139758d24a:rw-,group::rw-,mask::rwx,other::---",
        "x-ms-client-request-id": "Sanitized",
        "x-ms-date": "Mon, 20 May 2024 03:10:52 GMT",
        "x-ms-version": "2023-11-03"
      },
      "RequestBody": null,
      "StatusCode": 200,
      "ResponseHeaders": {
        "Date": "Mon, 20 May 2024 03:10:51 GMT",
        "Server": [
          "Windows-Azure-HDFS/1.0",
          "Microsoft-HTTPAPI/2.0"
        ],
        "Transfer-Encoding": "chunked",
        "x-ms-client-request-id": "Sanitized",
        "x-ms-continuation": "VBbF4pvWr+TvirUBGKwBGKYBL2VtbWFmdWxsdGVzdGRrATAxREE4Q0FGODY5MUExMzEvZmlsZXN5c3RlbTE3MTYxNzQ2NTA4NDAwNjU3MAEwMURBQUE2MzUxOUNCODkwL2RpcmVjdG9yeTE3MTYxNzQ2NTEzMjYwNzU4NS9zdWJkaXJlY3RvcnkyMTcxNjE3NDY1MTMyNjA5MjE1L2ZpbGVOYW1lNDE3MTYxNzQ2NTEzMjYwMzg4MBYAAAA=",
        "x-ms-namespace-enabled": "true",
        "x-ms-request-id": "Sanitized",
        "x-ms-version": "2023-11-03"
      },
      "ResponseBody": "eyJkaXJlY3Rvcmllc1N1Y2Nlc3NmdWwiOjEsImZhaWxlZEVudHJpZXMiOltdLCJmYWlsdXJlQ291bnQiOjAsImZpbGVzU3VjY2Vzc2Z1bCI6MX0K"
    },
    {
      "RequestUri": "https://Sanitized.dfs.core.windows.net/filesystem171617465084006570/directory171617465132607585?continuation=VBbF4pvWr%2BTvirUBGKwBGKYBL2VtbWFmdWxsdGVzdGRrATAxREE4Q0FGODY5MUExMzEvZmlsZXN5c3RlbTE3MTYxNzQ2NTA4NDAwNjU3MAEwMURBQUE2MzUxOUNCODkwL2RpcmVjdG9yeTE3MTYxNzQ2NTEzMjYwNzU4NS9zdWJkaXJlY3RvcnkyMTcxNjE3NDY1MTMyNjA5MjE1L2ZpbGVOYW1lNDE3MTYxNzQ2NTEzMjYwMzg4MBYAAAA%3D&maxRecords=2&mode=set&action=setAccessControlRecursive",
      "RequestMethod": "PATCH",
      "RequestHeaders": {
        "Accept": "application/json",
        "Authorization": "Sanitized",
        "Connection": "keep-alive",
        "Content-Length": "0",
        "User-Agent": "azsdk-js-azure-storage-blob/12.23.0-beta.2 core-rest-pipeline/1.16.1 Node/18.19.0 OS/(x64-Windows_NT-10.0.22631)",
        "x-ms-acl": "user::rwx,user:ec3595d6-2c17-4696-8caa-7e139758d24a:rw-,group::rw-,mask::rwx,other::---",
        "x-ms-client-request-id": "Sanitized",
        "x-ms-date": "Mon, 20 May 2024 03:10:52 GMT",
        "x-ms-version": "2023-11-03"
      },
      "RequestBody": null,
      "StatusCode": 200,
      "ResponseHeaders": {
        "Date": "Mon, 20 May 2024 03:10:51 GMT",
        "Server": [
          "Windows-Azure-HDFS/1.0",
          "Microsoft-HTTPAPI/2.0"
        ],
        "Transfer-Encoding": "chunked",
        "x-ms-client-request-id": "Sanitized",
        "x-ms-namespace-enabled": "true",
        "x-ms-request-id": "Sanitized",
        "x-ms-version": "2023-11-03"
      },
      "ResponseBody": "eyJkaXJlY3Rvcmllc1N1Y2Nlc3NmdWwiOjAsImZhaWxlZEVudHJpZXMiOltdLCJmYWlsdXJlQ291bnQiOjAsImZpbGVzU3VjY2Vzc2Z1bCI6MX0K"
    },
    {
      "RequestUri": "https://Sanitized.blob.core.windows.net/filesystem171617465084006570?restype=container",
      "RequestMethod": "DELETE",
      "RequestHeaders": {
        "Accept": "application/xml",
        "Authorization": "Sanitized",
        "Connection": "keep-alive",
        "User-Agent": "azsdk-js-azure-storage-blob/12.23.0-beta.2 core-rest-pipeline/1.16.1 Node/18.19.0 OS/(x64-Windows_NT-10.0.22631)",
        "x-ms-client-request-id": "Sanitized",
        "x-ms-date": "Mon, 20 May 2024 03:10:52 GMT",
        "x-ms-version": "2023-11-03"
      },
      "RequestBody": null,
      "StatusCode": 202,
      "ResponseHeaders": {
        "Content-Length": "0",
        "Date": "Mon, 20 May 2024 03:10:52 GMT",
        "Server": [
          "Windows-Azure-Blob/1.0",
          "Microsoft-HTTPAPI/2.0"
        ],
        "x-ms-client-request-id": "Sanitized",
        "x-ms-request-id": "Sanitized",
        "x-ms-version": "2023-11-03"
      },
      "ResponseBody": null
    }
  ],
  "Variables": {
    "directory": "directory171617465132607585",
    "file": "file171617465096402114",
    "fileName1": "fileName1171617465132600443",
    "fileName2": "fileName2171617465132602228",
    "fileName3": "fileName3171617465132602361",
    "fileName4": "fileName4171617465132603880",
    "filesystem": "filesystem171617465084006570",
    "subdirectory1": "subdirectory1171617465132605476",
    "subdirectory2": "subdirectory2171617465132609215"
  }
}
