{
  "Entries": [
    {
      "RequestUri": "https://Sanitized.azure.com/subscriptions/00000000-0000-0000-0000-000000000000/resourceGroups/00000/providers/Microsoft.MachineLearningServices/workspaces/00000?api-version=2024-07-01-preview",
      "RequestMethod": "GET",
      "RequestHeaders": {
        "Accept": "*/*",
        "Accept-Encoding": "gzip, deflate",
        "Connection": "keep-alive",
        "Content-Type": "application/json",
        "User-Agent": "azure-ai-evaluation/1.3.0"
      },
      "RequestBody": null,
      "StatusCode": 200,
      "ResponseHeaders": {
        "Cache-Control": "no-cache",
        "Content-Length": "2752",
        "Content-Type": "application/json; charset=utf-8",
        "Date": "Sat, 01 Mar 2025 13:37:17 GMT",
        "Expires": "-1",
        "Pragma": "no-cache",
        "Request-Context": "appId=cid-v1:2d2e8e63-272e-4b3c-8598-4ee570a0e70d",
        "Strict-Transport-Security": "max-age=31536000; includeSubDomains",
        "Vary": "Accept-Encoding",
        "x-aml-cluster": "vienna-eastus2-02",
        "X-Cache": "CONFIG_NOCACHE",
        "X-Content-Type-Options": "nosniff",
        "x-ms-correlation-request-id": "65fef64a-72ba-4aab-868d-e71645b67ad7",
        "x-ms-ratelimit-remaining-subscription-global-reads": "16499",
        "x-ms-ratelimit-remaining-subscription-reads": "1099",
        "x-ms-response-type": "standard",
        "x-ms-routing-request-id": "WESTCENTRALUS:20250301T133717Z:65fef64a-72ba-4aab-868d-e71645b67ad7",
        "X-MSEdge-Ref": "Ref A: 91514D4B36DB4CFAAC9F7FFB09326FE0 Ref B: CO6AA3150219029 Ref C: 2025-03-01T13:37:17Z",
        "x-request-time": "0.030"
      },
      "ResponseBody": {
        "id": "Sanitized",
        "name": "Sanitized",
        "type": "Microsoft.MachineLearningServices/workspaces",
        "location": "eastus2",
        "tags": {
          "AgentsEndpointUri": "https://eastus2.api.azureml.ms/agents/v1.0/subscriptions/00000000-0000-0000-0000-000000000000/resourceGroups/00000/providers/Microsoft.MachineLearningServices/workspaces/00000"
        },
        "etag": null,
        "properties": {
          "friendlyName": "Sanitized",
          "description": "",
          "storageAccount": "Sanitized",
          "keyVault": "/subscriptions/00000000-0000-0000-0000-000000000000/resourceGroups/00000/providers/Microsoft.KeyVault/vaults/kv-hancwang744741462197",
          "applicationInsights": "/subscriptions/00000000-0000-0000-0000-000000000000/resourceGroups/00000/providers/microsoft.insights/components/darrens-best-app-insights",
          "hbiWorkspace": false,
          "tenantId": "00000000-0000-0000-0000-000000000000",
          "imageBuildCompute": null,
          "provisioningState": "Succeeded",
          "managedNetwork": {
            "isolationMode": "Disabled",
            "networkId": "7cbf3ad8-a4c9-4db2-8c2b-4a3499944fd7"
          },
          "allowRoleAssignmentOnRG": false,
          "v1LegacyMode": false,
          "softDeleteEnabled": false,
          "containerRegistry": "/subscriptions/00000000-0000-0000-0000-000000000000/resourceGroups/00000/providers/Microsoft.ContainerRegistry/registries/ef63c8a763be45079ed1896d5e95cb46",
          "creationTime": "2024-07-25T23:22:51.1716884Z",
          "notebookInfo": {
            "resourceId": "992ddb20b0ee49d8a9ca877c8c46bafb",
            "fqdn": "ml-hancwang-eus2-0-eastus2-7cbf3ad8-a4c9-4db2-8c2b-4a3499944fd7.eastus2.notebooks.azure.net",
            "isPrivateLinkEnabled": false,
            "notebookPreparationError": null
          },
          "storageHnsEnabled": false,
          "workspaceId": "7cbf3ad8-a4c9-4db2-8c2b-4a3499944fd7",
          "linkedModelInventoryArmId": null,
          "privateLinkCount": 0,
          "publicNetworkAccess": "Enabled",
          "ipAllowlist": [],
          "discoveryUrl": "https://eastus2.api.azureml.ms/discovery",
          "mlFlowTrackingUri": "azureml://eastus2.api.azureml.ms/mlflow/v1.0/subscriptions/00000000-0000-0000-0000-000000000000/resourceGroups/00000/providers/Microsoft.MachineLearningServices/workspaces/00000",
          "serverlessComputeSettings": null,
          "EnableSoftwareBillOfMaterials": false,
          "sdkTelemetryAppInsightsKey": "e1f7b545-6243-4abf-ba76-c5691d2edb62",
          "sasGetterUri": "",
          "hubResourceId": "/subscriptions/00000000-0000-0000-0000-000000000000/resourceGroups/00000/providers/Microsoft.MachineLearningServices/workspaces/00000",
          "enableDataIsolation": true,
          "systemDatastoresAuthMode": "accesskey",
          "enableServiceSideCMKEncryption": false
        },
        "identity": {
          "type": "SystemAssigned",
          "principalId": "00000000-0000-0000-0000-000000000000",
          "tenantId": "00000000-0000-0000-0000-000000000000"
        },
        "kind": "Project",
        "sku": {
          "name": "Sanitized",
          "tier": "Basic"
        },
        "systemData": {
          "createdAt": "2024-07-25T23:22:51.1716884Z",
          "createdBy": "Sanitized",
          "createdByType": "Application",
          "lastModifiedAt": "2024-12-06T18:58:00.6453817Z",
          "lastModifiedBy": "Sanitized",
          "lastModifiedByType": "User"
        }
      }
    },
    {
      "RequestUri": "https://Sanitized.api.azureml.ms/mlflow/v2.0/subscriptions/00000000-0000-0000-0000-000000000000/resourceGroups/00000/providers/Microsoft.MachineLearningServices/workspaces/00000/api/2.0/mlflow/runs/create",
      "RequestMethod": "POST",
      "RequestHeaders": {
        "Accept": "*/*",
        "Accept-Encoding": "gzip, deflate",
        "Connection": "keep-alive",
        "Content-Length": "161",
        "Content-Type": "application/json",
        "User-Agent": "promptflow/1.3.0"
      },
      "RequestBody": {
        "experiment_id": "0",
        "user_id": "azure-ai-evaluation",
        "start_time": "1730444400000",
        "tags": [
          {
            "key": "mlflow.user",
            "value": "azure-ai-evaluation"
          }
        ],
        "run_name": "test"
      },
      "StatusCode": 200,
      "ResponseHeaders": {
        "Connection": "keep-alive",
        "Content-Encoding": "gzip",
        "Content-Type": "application/json; charset=utf-8",
        "Date": "Sat, 01 Mar 2025 13:37:18 GMT",
        "mise-correlation-id": "a0b2832d-f550-486b-a52c-5971fd6db83a",
        "Request-Context": "appId=cid-v1:2d2e8e63-272e-4b3c-8598-4ee570a0e70d",
        "Strict-Transport-Security": "max-age=31536000; includeSubDomains; preload",
        "Transfer-Encoding": "chunked",
        "Vary": "Accept-Encoding",
        "x-aml-cluster": "vienna-eastus2-01",
        "X-Content-Type-Options": "nosniff",
        "x-ms-response-type": "standard",
        "x-request-time": "0.137"
      },
      "ResponseBody": {
        "run": {
          "info": {
            "run_uuid": "060d26d5-896b-4578-a657-d6e56c6f15f3",
            "experiment_id": "8adf3ecb-f708-4735-9964-0a7192f0afa5",
            "run_name": "test",
            "user_id": "234c104b-152e-4b30-8318-1e7d3a65957f",
            "status": "RUNNING",
            "start_time": "1730444400000",
            "artifact_uri": "azureml://eastus2.api.azureml.ms/mlflow/v2.0/subscriptions/00000000-0000-0000-0000-000000000000/resourceGroups/00000/providers/Microsoft.MachineLearningServices/workspaces/00000/experiments/0/runs/060d26d5-896b-4578-a657-d6e56c6f15f3/artifacts",
            "lifecycle_stage": "active",
            "run_id": "060d26d5-896b-4578-a657-d6e56c6f15f3"
          },
          "data": {
            "tags": [
              {
                "key": "mlflow.user",
                "value": "azure-ai-evaluation"
              },
              {
                "key": "mlflow.rootRunId",
                "value": "060d26d5-896b-4578-a657-d6e56c6f15f3"
              },
              {
                "key": "mlflow.runName",
                "value": "test"
              },
              {
                "key": "mlflow.user",
                "value": "Waqas Javed"
              }
            ]
          },
          "inputs": {}
        }
      }
    },
    {
      "RequestUri": "https://Sanitized.api.azureml.ms/mlflow/v2.0/subscriptions/00000000-0000-0000-0000-000000000000/resourceGroups/00000/providers/Microsoft.MachineLearningServices/workspaces/00000/api/2.0/mlflow/runs/log-metric",
      "RequestMethod": "POST",
      "RequestHeaders": {
        "Accept": "*/*",
        "Accept-Encoding": "gzip, deflate",
        "Connection": "keep-alive",
        "Content-Length": "162",
        "Content-Type": "application/json",
        "User-Agent": "promptflow/1.3.0"
      },
      "RequestBody": {
        "run_uuid": "060d26d5-896b-4578-a657-d6e56c6f15f3",
        "key": "MA==",
        "value": 0.54,
        "timestamp": "1730444410000",
        "step": 0,
        "run_id": "060d26d5-896b-4578-a657-d6e56c6f15f3"
      },
      "StatusCode": 200,
      "ResponseHeaders": {
        "Connection": "keep-alive",
        "Content-Length": "3",
        "Content-Type": "application/json; charset=utf-8",
        "Date": "Sat, 01 Mar 2025 13:37:19 GMT",
        "mise-correlation-id": "f30cd2d9-6434-4f13-b736-9e6afca7454f",
        "Request-Context": "appId=cid-v1:2d2e8e63-272e-4b3c-8598-4ee570a0e70d",
        "Strict-Transport-Security": "max-age=31536000; includeSubDomains; preload",
        "x-aml-cluster": "vienna-eastus2-01",
        "X-Content-Type-Options": "nosniff",
        "x-ms-response-type": "standard",
        "x-request-time": "0.818"
      },
      "ResponseBody": {}
    },
    {
      "RequestUri": "https://Sanitized.api.azureml.ms/mlflow/v2.0/subscriptions/00000000-0000-0000-0000-000000000000/resourceGroups/00000/providers/Microsoft.MachineLearningServices/workspaces/00000/api/2.0/mlflow/runs/update",
      "RequestMethod": "POST",
      "RequestHeaders": {
        "Accept": "*/*",
        "Accept-Encoding": "gzip, deflate",
        "Connection": "keep-alive",
        "Content-Length": "146",
        "Content-Type": "application/json",
        "User-Agent": "promptflow/1.3.0"
      },
      "RequestBody": {
        "run_uuid": "060d26d5-896b-4578-a657-d6e56c6f15f3",
        "status": "FINISHED",
        "end_time": "1730444460000",
        "run_id": "060d26d5-896b-4578-a657-d6e56c6f15f3"
      },
      "StatusCode": 200,
      "ResponseHeaders": {
        "Connection": "keep-alive",
        "Content-Encoding": "gzip",
        "Content-Type": "application/json; charset=utf-8",
        "Date": "Sat, 01 Mar 2025 13:37:19 GMT",
        "mise-correlation-id": "bdbeec46-dea6-481b-ad85-cfc7accc0225",
        "Request-Context": "appId=cid-v1:2d2e8e63-272e-4b3c-8598-4ee570a0e70d",
        "Strict-Transport-Security": "max-age=31536000; includeSubDomains; preload",
        "Transfer-Encoding": "chunked",
        "Vary": "Accept-Encoding",
        "x-aml-cluster": "vienna-eastus2-01",
        "X-Content-Type-Options": "nosniff",
        "x-ms-response-type": "standard",
        "x-request-time": "0.327"
      },
      "ResponseBody": {
        "run_info": {
          "run_uuid": "060d26d5-896b-4578-a657-d6e56c6f15f3",
          "experiment_id": "8adf3ecb-f708-4735-9964-0a7192f0afa5",
          "run_name": "test",
          "user_id": "234c104b-152e-4b30-8318-1e7d3a65957f",
          "status": "FINISHED",
          "start_time": "1730444400000",
          "end_time": "1730444460000",
          "lifecycle_stage": "active",
          "run_id": "060d26d5-896b-4578-a657-d6e56c6f15f3"
        }
      }
    }
  ],
  "Variables": {}
}
