{
  "Entries": [
    {
      "RequestUri": "https://Sanitized.azure.com/subscriptions/00000000-0000-0000-0000-000000000000/resourceGroups/00000/providers/Microsoft.MachineLearningServices/workspaces/00000?api-version=2024-07-01-preview",
      "RequestMethod": "GET",
      "RequestHeaders": {
        "Accept": "*/*",
        "Accept-Encoding": "gzip, deflate",
        "Connection": "keep-alive",
        "Content-Type": "application/json",
        "User-Agent": "azure-ai-evaluation/1.4.0"
      },
      "RequestBody": null,
      "StatusCode": 200,
      "ResponseHeaders": {
        "Cache-Control": "no-cache",
        "Content-Length": "2340",
        "Content-Type": "application/json; charset=utf-8",
        "Date": "Tue, 25 Mar 2025 14:48:43 GMT",
        "Expires": "-1",
        "Pragma": "no-cache",
        "Request-Context": "appId=cid-v1:2d2e8e63-272e-4b3c-8598-4ee570a0e70d",
        "Strict-Transport-Security": "max-age=31536000; includeSubDomains",
        "Vary": "Accept-Encoding",
        "x-aml-cluster": "vienna-eastus2-01",
        "X-Cache": "CONFIG_NOCACHE",
        "X-Content-Type-Options": "nosniff",
        "x-ms-correlation-request-id": "9827e3a3-aede-4a9b-ae43-3e7b0f7f5b64",
        "x-ms-ratelimit-remaining-subscription-global-reads": "16499",
        "x-ms-ratelimit-remaining-subscription-reads": "1099",
        "x-ms-response-type": "standard",
        "x-ms-routing-request-id": "CENTRALUS:20250325T144843Z:9827e3a3-aede-4a9b-ae43-3e7b0f7f5b64",
        "X-MSEdge-Ref": "Ref A: F44A0C39786C4578B8FF7E9808968A6F Ref B: MNZ221060608021 Ref C: 2025-03-25T14:48:43Z",
        "x-request-time": "0.046"
      },
      "ResponseBody": {
        "id": "Sanitized",
        "name": "Sanitized",
        "type": "Microsoft.MachineLearningServices/workspaces",
        "location": "eastus2",
        "tags": {},
        "etag": null,
        "properties": {
          "friendlyName": "Sanitized",
          "description": "",
          "storageAccount": "Sanitized",
          "keyVault": "/subscriptions/00000000-0000-0000-0000-000000000000/resourceGroups/00000/providers/Microsoft.KeyVault/vaults/kv-ralphe-eus2-eval-sdk",
          "applicationInsights": "/subscriptions/00000000-0000-0000-0000-000000000000/resourceGroups/00000/providers/Microsoft.Insights/components/app-insghts-ralphe-eus2-eval-sdk",
          "hbiWorkspace": false,
          "tenantId": "00000000-0000-0000-0000-000000000000",
          "imageBuildCompute": null,
          "provisioningState": "Succeeded",
          "managedNetwork": {
            "isolationMode": "Disabled"
          },
          "allowRoleAssignmentOnRG": false,
          "v1LegacyMode": false,
          "softDeleteEnabled": false,
          "creationTime": "2025-01-09T20:49:23.7728685Z",
          "notebookInfo": {
            "resourceId": "ed8ed45b33604f8c81e626ec1cb6c742",
            "fqdn": "ml-ai-proj-eus2-ra-eastus2-75672839-9ef1-49d4-8974-4541177d2224.eastus2.notebooks.azure.net",
            "isPrivateLinkEnabled": false,
            "notebookPreparationError": null
          },
          "storageHnsEnabled": false,
          "workspaceId": "75672839-9ef1-49d4-8974-4541177d2224",
          "linkedModelInventoryArmId": null,
          "privateLinkCount": 0,
          "publicNetworkAccess": "Enabled",
          "ipAllowlist": [],
          "discoveryUrl": "https://eastus2.api.azureml.ms/discovery",
          "mlFlowTrackingUri": "azureml://eastus2.api.azureml.ms/mlflow/v1.0/subscriptions/00000000-0000-0000-0000-000000000000/resourceGroups/00000/providers/Microsoft.MachineLearningServices/workspaces/00000",
          "serverlessComputeSettings": null,
          "EnableSoftwareBillOfMaterials": false,
          "sdkTelemetryAppInsightsKey": "066b0d89-53d2-4b58-8bc8-ac382527e4fb",
          "sasGetterUri": "",
          "hubResourceId": "/subscriptions/00000000-0000-0000-0000-000000000000/resourceGroups/00000/providers/Microsoft.MachineLearningServices/workspaces/00000",
          "enableDataIsolation": true,
          "systemDatastoresAuthMode": "identity",
          "enableServiceSideCMKEncryption": false
        },
        "identity": {
          "type": "SystemAssigned",
          "principalId": "00000000-0000-0000-0000-000000000000",
          "tenantId": "00000000-0000-0000-0000-000000000000"
        },
        "kind": "Project",
        "sku": {
          "name": "Sanitized",
          "tier": "Basic"
        },
        "systemData": {
          "createdAt": "2025-01-09T20:49:23.7728685Z",
          "createdBy": "Sanitized",
          "createdByType": "Application",
          "lastModifiedAt": "2025-01-09T20:49:23.7728685Z",
          "lastModifiedBy": "Sanitized",
          "lastModifiedByType": "Application"
        }
      }
    },
    {
      "RequestUri": "https://Sanitized.api.azureml.ms/mlflow/v2.0/subscriptions/00000000-0000-0000-0000-000000000000/resourceGroups/00000/providers/Microsoft.MachineLearningServices/workspaces/00000/api/2.0/mlflow/runs/create",
      "RequestMethod": "POST",
      "RequestHeaders": {
        "Accept": "*/*",
        "Accept-Encoding": "gzip, deflate",
        "Connection": "keep-alive",
        "Content-Length": "161",
        "Content-Type": "application/json",
        "User-Agent": "promptflow/1.4.0"
      },
      "RequestBody": {
        "experiment_id": "0",
        "user_id": "azure-ai-evaluation",
        "start_time": "1730433600000",
        "tags": [
          {
            "key": "mlflow.user",
            "value": "azure-ai-evaluation"
          }
        ],
        "run_name": "test"
      },
      "StatusCode": 200,
      "ResponseHeaders": {
        "Connection": "keep-alive",
        "Content-Encoding": "gzip",
        "Content-Type": "application/json; charset=utf-8",
        "Date": "Tue, 25 Mar 2025 14:48:44 GMT",
        "mise-correlation-id": "a93ef37e-c4c3-4c64-8512-b0908136abb5",
        "Request-Context": "appId=cid-v1:2d2e8e63-272e-4b3c-8598-4ee570a0e70d",
        "Strict-Transport-Security": "max-age=31536000; includeSubDomains; preload",
        "Transfer-Encoding": "chunked",
        "Vary": "Accept-Encoding",
        "x-aml-cluster": "vienna-eastus2-01",
        "X-Content-Type-Options": "nosniff",
        "x-ms-response-type": "standard",
        "x-request-time": "0.387"
      },
      "ResponseBody": {
        "run": {
          "info": {
            "run_uuid": "47ba4fdd-ca92-4ece-8c3b-188bb404740f",
            "experiment_id": "44f87b2d-c683-4c64-9545-2081571c054c",
            "run_name": "test",
            "user_id": "948a0784-c4b0-4988-8ac9-592e3cb95ade",
            "status": "RUNNING",
            "start_time": "1730433600000",
            "artifact_uri": "azureml://eastus2.api.azureml.ms/mlflow/v2.0/subscriptions/00000000-0000-0000-0000-000000000000/resourceGroups/00000/providers/Microsoft.MachineLearningServices/workspaces/00000/experiments/0/runs/47ba4fdd-ca92-4ece-8c3b-188bb404740f/artifacts",
            "lifecycle_stage": "active",
            "run_id": "47ba4fdd-ca92-4ece-8c3b-188bb404740f"
          },
          "data": {
            "tags": [
              {
                "key": "mlflow.user",
                "value": "azure-ai-evaluation"
              },
              {
                "key": "mlflow.rootRunId",
                "value": "47ba4fdd-ca92-4ece-8c3b-188bb404740f"
              },
              {
                "key": "mlflow.runName",
                "value": "test"
              },
              {
                "key": "mlflow.user",
                "value": "Miles Holland"
              }
            ]
          },
          "inputs": {}
        }
      }
    },
    {
      "RequestUri": "https://Sanitized.azure.com/subscriptions/00000000-0000-0000-0000-000000000000/resourceGroups/00000/providers/Microsoft.MachineLearningServices/workspaces/00000/datastores?api-version=2024-07-01-preview&isDefault=True&count=1&orderByAsc=false",
      "RequestMethod": "GET",
      "RequestHeaders": {
        "Accept": "*/*",
        "Accept-Encoding": "gzip, deflate",
        "Connection": "keep-alive",
        "Content-Type": "application/json",
        "User-Agent": "azure-ai-evaluation/1.4.0"
      },
      "RequestBody": null,
      "StatusCode": 200,
      "ResponseHeaders": {
        "Cache-Control": "no-cache",
        "Content-Length": "737",
        "Content-Type": "application/json; charset=utf-8",
        "Date": "Tue, 25 Mar 2025 14:48:44 GMT",
        "Expires": "-1",
        "Pragma": "no-cache",
        "Request-Context": "appId=cid-v1:2d2e8e63-272e-4b3c-8598-4ee570a0e70d",
        "Strict-Transport-Security": "max-age=31536000; includeSubDomains",
        "Vary": "Accept-Encoding",
        "x-aml-cluster": "vienna-eastus2-02",
        "X-Cache": "CONFIG_NOCACHE",
        "X-Content-Type-Options": "nosniff",
        "x-ms-correlation-request-id": "d0675d0f-f6a2-4a1d-b79b-f63ca9c3ac80",
        "x-ms-operation-identifier": "tenantId=72f988bf-86f1-41af-91ab-2d7cd011db47,objectId=948a0784-c4b0-4988-8ac9-592e3cb95ade/centralus/3ad21f25-471f-4964-ab36-5fb49ab7ea12",
        "x-ms-ratelimit-remaining-subscription-global-reads": "16499",
        "x-ms-ratelimit-remaining-subscription-reads": "1099",
        "x-ms-response-type": "standard",
        "x-ms-routing-request-id": "CENTRALUS:20250325T144844Z:d0675d0f-f6a2-4a1d-b79b-f63ca9c3ac80",
        "X-MSEdge-Ref": "Ref A: 054D0EE79AB84F29BF2B1E51B48948F6 Ref B: MNZ221060608021 Ref C: 2025-03-25T14:48:44Z",
        "x-request-time": "0.168"
      },
      "ResponseBody": {
        "value": [
          {
            "id": "Sanitized",
            "name": "Sanitized",
            "type": "Microsoft.MachineLearningServices/workspaces/00000",
            "properties": {
              "description": null,
              "tags": null,
              "properties": null,
              "isDefault": true,
              "credentials": {
                "credentialsType": "None"
              },
              "subscriptionId": "e72e5254-f265-4e95-9bd2-9ee8e7329051",
              "resourceGroup": "Sanitized",
              "datastoreType": "AzureBlob",
              "accountName": "Sanitized",
              "containerName": "75672839-9ef1-49d4-8974-4541177d2224-azureml-blobstore",
              "endpoint": "core.windows.net",
              "protocol": "https",
              "serviceDataAccessAuthIdentity": "WorkspaceSystemAssignedIdentity"
            },
            "systemData": {
              "createdAt": "2025-01-09T20:49:36.2357684+00:00",
              "lastModifiedAt": "2025-01-09T20:49:36.7504401+00:00",
              "lastModifiedBy": "Sanitized",
              "lastModifiedByType": "Application"
            }
          }
        ]
      }
    },
    {
      "RequestUri": "https://Sanitized.blob.core.windows.net/75672839-9ef1-49d4-8974-4541177d2224-azureml-blobstore/promptflow/PromptFlowArtifacts/47ba4fdd-ca92-4ece-8c3b-188bb404740f/instance_results.jsonl",
      "RequestMethod": "PUT",
      "RequestHeaders": {
        "Accept": "application/xml",
        "Accept-Encoding": "gzip, deflate",
        "Connection": "keep-alive",
        "Content-Length": "11",
        "Content-Type": "application/octet-stream",
        "User-Agent": "azsdk-python-storage-blob/12.22.0 Python/3.10.8 (Linux-5.15.167.4-microsoft-standard-WSL2-x86_64-with-glibc2.31)",
        "x-ms-blob-type": "BlockBlob",
        "x-ms-date": "Tue, 25 Mar 2025 14:48:45 GMT",
        "x-ms-version": "2024-08-04"
      },
      "RequestBody": "eyJmMSI6IDAuNX0=",
      "StatusCode": 201,
      "ResponseHeaders": {
        "Content-Length": "0",
        "Content-MD5": "diUhBBdPqiF5HmMm8IgKdw==",
        "Date": "Tue, 25 Mar 2025 14:48:46 GMT",
        "ETag": "\"0x8DD6BAC25A5BCFB\"",
        "Last-Modified": "Tue, 25 Mar 2025 14:48:46 GMT",
        "Server": [
          "Windows-Azure-Blob/1.0",
          "Microsoft-HTTPAPI/2.0"
        ],
        "x-ms-content-crc64": "5eDdDLCk6vg=",
        "x-ms-request-server-encrypted": "true",
        "x-ms-version": "2024-08-04"
      },
      "ResponseBody": null
    },
    {
      "RequestUri": "https://Sanitized.blob.core.windows.net/75672839-9ef1-49d4-8974-4541177d2224-azureml-blobstore/promptflow/PromptFlowArtifacts/47ba4fdd-ca92-4ece-8c3b-188bb404740f/internal_dir/test.json",
      "RequestMethod": "PUT",
      "RequestHeaders": {
        "Accept": "application/xml",
        "Accept-Encoding": "gzip, deflate",
        "Connection": "keep-alive",
        "Content-Length": "20",
        "Content-Type": "application/octet-stream",
        "User-Agent": "azsdk-python-storage-blob/12.22.0 Python/3.10.8 (Linux-5.15.167.4-microsoft-standard-WSL2-x86_64-with-glibc2.31)",
        "x-ms-blob-type": "BlockBlob",
        "x-ms-date": "Tue, 25 Mar 2025 14:48:47 GMT",
        "x-ms-version": "2024-08-04"
      },
      "RequestBody": "eyJpbnRlcm5hbF9mMSI6IDAuNn0=",
      "StatusCode": 201,
      "ResponseHeaders": {
        "Content-Length": "0",
        "Content-MD5": "ajrc77H5/pKmiiAzHB+q7A==",
        "Date": "Tue, 25 Mar 2025 14:48:46 GMT",
        "ETag": "\"0x8DD6BAC25B7AA37\"",
        "Last-Modified": "Tue, 25 Mar 2025 14:48:46 GMT",
        "Server": [
          "Windows-Azure-Blob/1.0",
          "Microsoft-HTTPAPI/2.0"
        ],
        "x-ms-content-crc64": "+o3ucAmEJMI=",
        "x-ms-request-server-encrypted": "true",
        "x-ms-version": "2024-08-04"
      },
      "ResponseBody": null
    },
    {
      "RequestUri": "https://Sanitized.azure.com/subscriptions/00000000-0000-0000-0000-000000000000/resourceGroups/00000/providers/Microsoft.MachineLearningServices/workspaces/00000/datastores?api-version=2024-07-01-preview&isDefault=True&count=1&orderByAsc=false",
      "RequestMethod": "GET",
      "RequestHeaders": {
        "Accept": "*/*",
        "Accept-Encoding": "gzip, deflate",
        "Connection": "keep-alive",
        "Content-Type": "application/json",
        "User-Agent": "azure-ai-evaluation/1.4.0"
      },
      "RequestBody": null,
      "StatusCode": 200,
      "ResponseHeaders": {
        "Cache-Control": "no-cache",
        "Content-Length": "737",
        "Content-Type": "application/json; charset=utf-8",
        "Date": "Tue, 25 Mar 2025 14:48:46 GMT",
        "Expires": "-1",
        "Pragma": "no-cache",
        "Request-Context": "appId=cid-v1:2d2e8e63-272e-4b3c-8598-4ee570a0e70d",
        "Strict-Transport-Security": "max-age=31536000; includeSubDomains",
        "Vary": "Accept-Encoding",
        "x-aml-cluster": "vienna-eastus2-02",
        "X-Cache": "CONFIG_NOCACHE",
        "X-Content-Type-Options": "nosniff",
        "x-ms-correlation-request-id": "a94f0d7e-3b37-48bc-a62b-118b2fec17e1",
        "x-ms-operation-identifier": "tenantId=72f988bf-86f1-41af-91ab-2d7cd011db47,objectId=948a0784-c4b0-4988-8ac9-592e3cb95ade/centralus/25610d9c-2797-4132-91db-2e29ceb06276",
        "x-ms-ratelimit-remaining-subscription-global-reads": "16499",
        "x-ms-ratelimit-remaining-subscription-reads": "1099",
        "x-ms-response-type": "standard",
        "x-ms-routing-request-id": "CENTRALUS:20250325T144847Z:a94f0d7e-3b37-48bc-a62b-118b2fec17e1",
        "X-MSEdge-Ref": "Ref A: 789BD06F2B0544EF99AE1DEFB610EFA8 Ref B: MNZ221060608021 Ref C: 2025-03-25T14:48:46Z",
        "x-request-time": "0.091"
      },
      "ResponseBody": {
        "value": [
          {
            "id": "Sanitized",
            "name": "Sanitized",
            "type": "Microsoft.MachineLearningServices/workspaces/00000",
            "properties": {
              "description": null,
              "tags": null,
              "properties": null,
              "isDefault": true,
              "credentials": {
                "credentialsType": "None"
              },
              "subscriptionId": "e72e5254-f265-4e95-9bd2-9ee8e7329051",
              "resourceGroup": "Sanitized",
              "datastoreType": "AzureBlob",
              "accountName": "Sanitized",
              "containerName": "75672839-9ef1-49d4-8974-4541177d2224-azureml-blobstore",
              "endpoint": "core.windows.net",
              "protocol": "https",
              "serviceDataAccessAuthIdentity": "WorkspaceSystemAssignedIdentity"
            },
            "systemData": {
              "createdAt": "2025-01-09T20:49:36.2357684+00:00",
              "lastModifiedAt": "2025-01-09T20:49:36.7504401+00:00",
              "lastModifiedBy": "Sanitized",
              "lastModifiedByType": "Application"
            }
          }
        ]
      }
    },
    {
      "RequestUri": "https://Sanitized.blob.core.windows.net/75672839-9ef1-49d4-8974-4541177d2224-azureml-blobstore/promptflow/PromptFlowArtifacts/47ba4fdd-ca92-4ece-8c3b-188bb404740f/instance_results.jsonl",
      "RequestMethod": "PUT",
      "RequestHeaders": {
        "Accept": "application/xml",
        "Accept-Encoding": "gzip, deflate",
        "Connection": "keep-alive",
        "Content-Length": "11",
        "Content-Type": "application/octet-stream",
        "User-Agent": "azsdk-python-storage-blob/12.22.0 Python/3.10.8 (Linux-5.15.167.4-microsoft-standard-WSL2-x86_64-with-glibc2.31)",
        "x-ms-blob-type": "BlockBlob",
        "x-ms-date": "Tue, 25 Mar 2025 14:48:48 GMT",
        "x-ms-version": "2024-08-04"
      },
      "RequestBody": "eyJmMSI6IDAuNX0=",
      "StatusCode": 201,
      "ResponseHeaders": {
        "Content-Length": "0",
        "Content-MD5": "diUhBBdPqiF5HmMm8IgKdw==",
        "Date": "Tue, 25 Mar 2025 14:48:47 GMT",
        "ETag": "\"0x8DD6BAC2636F959\"",
        "Last-Modified": "Tue, 25 Mar 2025 14:48:47 GMT",
        "Server": [
          "Windows-Azure-Blob/1.0",
          "Microsoft-HTTPAPI/2.0"
        ],
        "x-ms-content-crc64": "5eDdDLCk6vg=",
        "x-ms-request-server-encrypted": "true",
        "x-ms-version": "2024-08-04"
      },
      "ResponseBody": null
    },
    {
      "RequestUri": "https://Sanitized.blob.core.windows.net/75672839-9ef1-49d4-8974-4541177d2224-azureml-blobstore/promptflow/PromptFlowArtifacts/47ba4fdd-ca92-4ece-8c3b-188bb404740f/internal_dir/test.json",
      "RequestMethod": "PUT",
      "RequestHeaders": {
        "Accept": "application/xml",
        "Accept-Encoding": "gzip, deflate",
        "Connection": "keep-alive",
        "Content-Length": "20",
        "Content-Type": "application/octet-stream",
        "User-Agent": "azsdk-python-storage-blob/12.22.0 Python/3.10.8 (Linux-5.15.167.4-microsoft-standard-WSL2-x86_64-with-glibc2.31)",
        "x-ms-blob-type": "BlockBlob",
        "x-ms-date": "Tue, 25 Mar 2025 14:48:48 GMT",
        "x-ms-version": "2024-08-04"
      },
      "RequestBody": "eyJpbnRlcm5hbF9mMSI6IDAuNn0=",
      "StatusCode": 201,
      "ResponseHeaders": {
        "Content-Length": "0",
        "Content-MD5": "ajrc77H5/pKmiiAzHB+q7A==",
        "Date": "Tue, 25 Mar 2025 14:48:47 GMT",
        "ETag": "\"0x8DD6BAC263D5ACC\"",
        "Last-Modified": "Tue, 25 Mar 2025 14:48:47 GMT",
        "Server": [
          "Windows-Azure-Blob/1.0",
          "Microsoft-HTTPAPI/2.0"
        ],
        "x-ms-content-crc64": "+o3ucAmEJMI=",
        "x-ms-request-server-encrypted": "true",
        "x-ms-version": "2024-08-04"
      },
      "ResponseBody": null
    },
    {
      "RequestUri": "https://Sanitized.api.azureml.ms/artifact/v2.0/subscriptions/00000000-0000-0000-0000-000000000000/resourceGroups/00000/providers/Microsoft.MachineLearningServices/workspaces/00000/artifacts/register",
      "RequestMethod": "POST",
      "RequestHeaders": {
        "Accept": "*/*",
        "Accept-Encoding": "gzip, deflate",
        "Connection": "keep-alive",
        "Content-Length": "263",
        "Content-Type": "application/json",
        "User-Agent": "promptflow/1.4.0"
      },
      "RequestBody": {
        "origin": "ExperimentRun",
        "container": "dcid.47ba4fdd-ca92-4ece-8c3b-188bb404740f",
        "path": "instance_results.jsonl",
        "dataPath": {
          "dataStoreName": "Sanitized",
          "relativePath": "promptflow/PromptFlowArtifacts/47ba4fdd-ca92-4ece-8c3b-188bb404740f/instance_results.jsonl"
        }
      },
      "StatusCode": 200,
      "ResponseHeaders": {
        "Connection": "keep-alive",
        "Content-Encoding": "gzip",
        "Content-Type": "application/json; charset=utf-8",
        "Date": "Tue, 25 Mar 2025 14:48:47 GMT",
        "mise-correlation-id": "551f0be2-1fbc-42ad-b91e-317ebe6bca09",
        "Request-Context": "appId=cid-v1:2d2e8e63-272e-4b3c-8598-4ee570a0e70d",
        "Strict-Transport-Security": "max-age=31536000; includeSubDomains; preload",
        "Transfer-Encoding": "chunked",
        "Vary": "Accept-Encoding",
        "x-aml-cluster": "vienna-eastus2-01",
        "X-Content-Type-Options": "nosniff",
        "x-ms-response-type": "standard",
        "x-request-time": "0.216"
      },
      "ResponseBody": {
        "artifactId": "ExperimentRun/dcid.47ba4fdd-ca92-4ece-8c3b-188bb404740f/instance_results.jsonl",
        "origin": "ExperimentRun",
        "container": "dcid.47ba4fdd-ca92-4ece-8c3b-188bb404740f",
        "path": "instance_results.jsonl",
        "etag": "Sanitized",
        "createdTime": "2025-03-25T14:48:47.9005709+00:00",
        "dataPath": {
          "dataStoreName": "Sanitized",
          "relativePath": "promptflow/PromptFlowArtifacts/47ba4fdd-ca92-4ece-8c3b-188bb404740f/instance_results.jsonl"
        },
        "tags": {}
      }
    },
    {
      "RequestUri": "https://Sanitized.api.azureml.ms/mlflow/v2.0/subscriptions/00000000-0000-0000-0000-000000000000/resourceGroups/00000/providers/Microsoft.MachineLearningServices/workspaces/00000/api/2.0/mlflow/runs/update",
      "RequestMethod": "POST",
      "RequestHeaders": {
        "Accept": "*/*",
        "Accept-Encoding": "gzip, deflate",
        "Connection": "keep-alive",
        "Content-Length": "146",
        "Content-Type": "application/json",
        "User-Agent": "promptflow/1.4.0"
      },
      "RequestBody": {
        "run_uuid": "47ba4fdd-ca92-4ece-8c3b-188bb404740f",
        "status": "FINISHED",
        "end_time": "1730433660000",
        "run_id": "47ba4fdd-ca92-4ece-8c3b-188bb404740f"
      },
      "StatusCode": 200,
      "ResponseHeaders": {
        "Connection": "keep-alive",
        "Content-Encoding": "gzip",
        "Content-Type": "application/json; charset=utf-8",
        "Date": "Tue, 25 Mar 2025 14:48:49 GMT",
        "mise-correlation-id": "276d0323-b5ed-49fb-a003-cfc602acf17e",
        "Request-Context": "appId=cid-v1:2d2e8e63-272e-4b3c-8598-4ee570a0e70d",
        "Strict-Transport-Security": "max-age=31536000; includeSubDomains; preload",
        "Transfer-Encoding": "chunked",
        "Vary": "Accept-Encoding",
        "x-aml-cluster": "vienna-eastus2-01",
        "X-Content-Type-Options": "nosniff",
        "x-ms-response-type": "standard",
        "x-request-time": "1.551"
      },
      "ResponseBody": {
        "run_info": {
          "run_uuid": "47ba4fdd-ca92-4ece-8c3b-188bb404740f",
          "experiment_id": "44f87b2d-c683-4c64-9545-2081571c054c",
          "run_name": "test",
          "user_id": "948a0784-c4b0-4988-8ac9-592e3cb95ade",
          "status": "FINISHED",
          "start_time": "1730433600000",
          "end_time": "1730433660000",
          "lifecycle_stage": "active",
          "run_id": "47ba4fdd-ca92-4ece-8c3b-188bb404740f"
        }
      }
    }
  ],
  "Variables": {}
}
