{
  "Entries": [
    {
      "RequestUri": "https://Sanitized.azure.com/subscriptions/00000000-0000-0000-0000-000000000000/resourceGroups/00000/providers/Microsoft.MachineLearningServices/workspaces/00000?api-version=2023-08-01-preview",
      "RequestMethod": "GET",
      "RequestHeaders": {
        "Accept": "*/*",
        "Accept-Encoding": "gzip, deflate",
        "Connection": "keep-alive",
        "User-Agent": "azure-ai-evaluation/1.10.0 test/1.0.0"
      },
      "RequestBody": null,
      "StatusCode": 200,
      "ResponseHeaders": {
        "azureml-served-by-cluster": "vienna-swedencentral-02",
        "Cache-Control": "no-cache",
        "Content-Length": "2652",
        "Content-Type": "application/json; charset=utf-8",
        "Date": "Tue, 08 Jul 2025 20:33:11 GMT",
        "Expires": "-1",
        "Pragma": "no-cache",
        "Request-Context": "appId=",
        "Strict-Transport-Security": "max-age=31536000; includeSubDomains",
        "Vary": "Accept-Encoding",
        "X-Cache": "CONFIG_NOCACHE",
        "X-Content-Type-Options": "nosniff",
        "x-ms-correlation-request-id": "786c2dbc-f67d-466e-afc9-a908aef6f8e3",
        "x-ms-ratelimit-remaining-subscription-global-reads": "16499",
        "x-ms-ratelimit-remaining-subscription-reads": "1099",
        "x-ms-response-type": "standard",
        "x-ms-routing-request-id": "EASTUS:20250708T203312Z:786c2dbc-f67d-466e-afc9-a908aef6f8e3",
        "X-MSEdge-Ref": "Ref A: 277B707816D04BBF8504F014D6B24E0C Ref B: BL2AA2010205029 Ref C: 2025-07-08T20:33:11Z",
        "x-request-time": "0.029"
      },
      "ResponseBody": {
        "id": "Sanitized",
        "name": "Sanitized",
        "type": "Microsoft.MachineLearningServices/workspaces",
        "location": "swedencentral",
        "tags": {},
        "etag": null,
        "properties": {
          "friendlyName": "Sanitized",
          "description": "",
          "storageAccount": "Sanitized",
          "keyVault": "/subscriptions/00000000-0000-0000-0000-000000000000/resourceGroups/00000/providers/Microsoft.KeyVault/vaults/kv-naarkalg999971652049",
          "applicationInsights": "/subscriptions/00000000-0000-0000-0000-000000000000/resourceGroups/00000/providers/Microsoft.Insights/components/appi-naarkalgaihub999971652049",
          "hbiWorkspace": false,
          "tenantId": "00000000-0000-0000-0000-000000000000",
          "imageBuildCompute": null,
          "provisioningState": "Succeeded",
          "managedNetwork": {
            "isolationMode": "Disabled",
            "enableNetworkMonitor": false
          },
          "allowRoleAssignmentOnRG": false,
          "v1LegacyMode": false,
          "softDeleteEnabled": false,
          "containerRegistry": "/subscriptions/00000000-0000-0000-0000-000000000000/resourceGroups/00000/providers/Microsoft.ContainerRegistry/registries/crnaarkalgaihub999971652049",
          "creationTime": "2024-02-23T16:47:15.0571150Z",
          "notebookInfo": {
            "resourceId": "a86387ce0b73461f8fa3015d52a3de12",
            "fqdn": "ml-naarkalga-swedencentral-0b8e0cff-981b-4bca-8a3c-6ee2ffedfd6d.swedencentral.notebooks.azure.net",
            "isPrivateLinkEnabled": false,
            "notebookPreparationError": null
          },
          "storageHnsEnabled": false,
          "workspaceId": "4bcc385f-5984-4898-929d-6baafe4a1e2b",
          "linkedModelInventoryArmId": null,
          "privateLinkCount": 0,
          "publicNetworkAccess": "Enabled",
          "ipAllowlist": [],
          "networkAcls": {
            "defaultAction": "Allow",
            "bypass": "",
            "ipRules": [],
            "resourceAccessRules": []
          },
          "discoveryUrl": "https://swedencentral.api.azureml.ms/discovery",
          "mlFlowTrackingUri": "azureml://swedencentral.api.azureml.ms/mlflow/v1.0/subscriptions/00000000-0000-0000-0000-000000000000/resourceGroups/00000/providers/Microsoft.MachineLearningServices/workspaces/00000",
          "serverlessComputeSettings": null,
          "EnableSoftwareBillOfMaterials": false,
          "sdkTelemetryAppInsightsKey": "ecfc0110-6630-4d5b-935f-f8d304673557",
          "sasGetterUri": "",
          "hubResourceId": "/subscriptions/00000000-0000-0000-0000-000000000000/resourceGroups/00000/providers/Microsoft.MachineLearningServices/workspaces/00000",
          "enableDataIsolation": true,
          "systemDatastoresAuthMode": "accesskey",
          "enableServiceSideCMKEncryption": false
        },
        "identity": {
          "type": "SystemAssigned",
          "principalId": "00000000-0000-0000-0000-000000000000",
          "tenantId": "00000000-0000-0000-0000-000000000000"
        },
        "kind": "Project",
        "sku": {
          "name": "Sanitized",
          "tier": "Basic"
        },
        "systemData": {
          "createdAt": "2024-02-23T16:47:15.057115Z",
          "createdBy": "Sanitized",
          "createdByType": "Application",
          "lastModifiedAt": "2024-02-23T16:47:15.057115Z",
          "lastModifiedBy": "Sanitized",
          "lastModifiedByType": "Application"
        }
      }
    },
    {
      "RequestUri": "https://Sanitized.api.azureml.ms/raisvc/v1.0/subscriptions/00000000-0000-0000-0000-000000000000/resourceGroups/00000/providers/Microsoft.MachineLearningServices/workspaces/00000/checkannotation",
      "RequestMethod": "GET",
      "RequestHeaders": {
        "Accept": "*/*",
        "Accept-Encoding": "gzip, deflate",
        "Connection": "keep-alive",
        "User-Agent": "azure-ai-evaluation/1.10.0 test/1.0.0"
      },
      "RequestBody": null,
      "StatusCode": 200,
      "ResponseHeaders": {
        "azureml-served-by-cluster": "vienna-swedencentral-01",
        "Connection": "keep-alive",
        "Content-Length": "141",
        "Content-Type": "application/json; charset=utf-8",
        "Date": "Tue, 08 Jul 2025 20:33:12 GMT",
        "mise-correlation-id": "3d0dd0b2-c905-43d9-80f1-8d33bbfdad4b",
        "Request-Context": "appId=",
        "Strict-Transport-Security": "max-age=31536000; includeSubDomains; preload",
        "X-Content-Type-Options": "nosniff",
        "x-ms-response-type": "standard",
        "x-request-time": "0.042"
      },
      "ResponseBody": [
        "[\n",
        "  \"content harm\",\n",
        "  \"xpia\",\n",
        "  \"code vulnerability\",\n",
        "  \"inference sensitive attributes\",\n",
        "  \"groundedness\",\n",
        "  \"protected material\",\n",
        "  \"eci\"\n",
        "]"
      ]
    },
    {
      "RequestUri": "https://Sanitized.api.azureml.ms/raisvc/v1.0/subscriptions/00000000-0000-0000-0000-000000000000/resourceGroups/00000/providers/Microsoft.MachineLearningServices/workspaces/00000/submitannotation",
      "RequestMethod": "POST",
      "RequestHeaders": {
        "Accept": "*/*",
        "Accept-Encoding": "gzip, deflate",
        "Connection": "keep-alive",
        "Content-Length": "313",
        "Content-Type": "application/json",
        "User-Agent": "azure-ai-evaluation/1.10.0 test/1.0.0 (type=evaluator; subtype=GroundednessProEvaluator)"
      },
      "RequestBody": {
        "UserTextList": [
          "{\"question\": \"\", \"answer\": \"Paris\", \"context\": \"{'global_context': 'Global context', 'query_context': 'Customer wants to know the capital of France', 'response_context': 'Paris is the capital of France'}\"}"
        ],
        "AnnotationTask": "groundedness",
        "MetricList": [
          "generic_groundedness"
        ]
      },
      "StatusCode": 202,
      "ResponseHeaders": {
        "azureml-served-by-cluster": "vienna-swedencentral-01",
        "Connection": "keep-alive",
        "Content-Length": "276",
        "Content-Type": "application/json; charset=utf-8",
        "Date": "Tue, 08 Jul 2025 20:33:13 GMT",
        "Location": "https://example.com",
        "mise-correlation-id": "8089611f-5d21-4572-a77a-9df49f44c968",
        "Request-Context": "appId=",
        "Strict-Transport-Security": "max-age=31536000; includeSubDomains; preload",
        "X-Content-Type-Options": "nosniff",
        "x-ms-response-type": "standard",
        "x-request-time": "0.061"
      },
      "ResponseBody": {
        "location": "https://swedencentral.api.azureml.ms/raisvc/v1.0/subscriptions/00000000-0000-0000-0000-000000000000/resourceGroups/00000/providers/Microsoft.MachineLearningServices/workspaces/00000/operations/57ce5807-5cd9-4c43-8cba-d35867a87e07",
        "operationResult": null
      }
    },
    {
      "RequestUri": "https://Sanitized.api.azureml.ms/raisvc/v1.0/subscriptions/00000000-0000-0000-0000-000000000000/resourceGroups/00000/providers/Microsoft.MachineLearningServices/workspaces/00000/operations/57ce5807-5cd9-4c43-8cba-d35867a87e07",
      "RequestMethod": "GET",
      "RequestHeaders": {
        "Accept": "*/*",
        "Accept-Encoding": "gzip, deflate",
        "Connection": "keep-alive",
        "User-Agent": "azure-ai-evaluation/1.10.0 test/1.0.0"
      },
      "RequestBody": null,
      "StatusCode": 202,
      "ResponseHeaders": {
        "azureml-served-by-cluster": "vienna-swedencentral-01",
        "Connection": "keep-alive",
        "Content-Length": "0",
        "Date": "Tue, 08 Jul 2025 20:33:14 GMT",
        "mise-correlation-id": "723ed31d-4c84-4dbf-b1af-6514fe248c59",
        "Request-Context": "appId=",
        "Strict-Transport-Security": "max-age=31536000; includeSubDomains; preload",
        "X-Content-Type-Options": "nosniff",
        "x-ms-response-type": "standard",
        "x-request-time": "0.020"
      },
      "ResponseBody": null
    },
    {
      "RequestUri": "https://Sanitized.api.azureml.ms/raisvc/v1.0/subscriptions/00000000-0000-0000-0000-000000000000/resourceGroups/00000/providers/Microsoft.MachineLearningServices/workspaces/00000/operations/57ce5807-5cd9-4c43-8cba-d35867a87e07",
      "RequestMethod": "GET",
      "RequestHeaders": {
        "Accept": "*/*",
        "Accept-Encoding": "gzip, deflate",
        "Connection": "keep-alive",
        "User-Agent": "azure-ai-evaluation/1.10.0 test/1.0.0"
      },
      "RequestBody": null,
      "StatusCode": 202,
      "ResponseHeaders": {
        "azureml-served-by-cluster": "vienna-swedencentral-01",
        "Connection": "keep-alive",
        "Content-Length": "0",
        "Date": "Tue, 08 Jul 2025 20:33:16 GMT",
        "mise-correlation-id": "e2735edd-4c19-4822-944d-b75c4f0b3a7f",
        "Request-Context": "appId=",
        "Strict-Transport-Security": "max-age=31536000; includeSubDomains; preload",
        "X-Content-Type-Options": "nosniff",
        "x-ms-response-type": "standard",
        "x-request-time": "0.017"
      },
      "ResponseBody": null
    },
    {
      "RequestUri": "https://Sanitized.api.azureml.ms/raisvc/v1.0/subscriptions/00000000-0000-0000-0000-000000000000/resourceGroups/00000/providers/Microsoft.MachineLearningServices/workspaces/00000/operations/57ce5807-5cd9-4c43-8cba-d35867a87e07",
      "RequestMethod": "GET",
      "RequestHeaders": {
        "Accept": "*/*",
        "Accept-Encoding": "gzip, deflate",
        "Connection": "keep-alive",
        "User-Agent": "azure-ai-evaluation/1.10.0 test/1.0.0"
      },
      "RequestBody": null,
      "StatusCode": 200,
      "ResponseHeaders": {
        "azureml-served-by-cluster": "vienna-swedencentral-01",
        "Connection": "keep-alive",
        "Content-Length": "123",
        "Content-Type": "application/json; charset=utf-8",
        "Date": "Tue, 08 Jul 2025 20:33:21 GMT",
        "mise-correlation-id": "93a54919-74be-456c-8784-888d707c4388",
        "Request-Context": "appId=",
        "Strict-Transport-Security": "max-age=31536000; includeSubDomains; preload",
        "X-Content-Type-Options": "nosniff",
        "x-ms-response-type": "standard",
        "x-request-time": "0.041"
      },
      "ResponseBody": [
        "[\n",
        "  {\n",
        "    \"generic_groundedness\": \"{\\\"label\\\":\\\"5\\\",\\\"reasoning\\\":\\\"All Contents are grounded\\\",\\\"version\\\":\\\"0.1\\\"}\"\n",
        "  }\n",
        "]"
      ]
    },
    {
      "RequestUri": "https://Sanitized.azure.com/subscriptions/00000000-0000-0000-0000-000000000000/resourceGroups/00000/providers/Microsoft.MachineLearningServices/workspaces/00000?api-version=2023-08-01-preview",
      "RequestMethod": "GET",
      "RequestHeaders": {
        "Accept": "*/*",
        "Accept-Encoding": "gzip, deflate",
        "Connection": "keep-alive",
        "User-Agent": "azure-ai-evaluation/1.10.0 test/1.0.0"
      },
      "RequestBody": null,
      "StatusCode": 200,
      "ResponseHeaders": {
        "azureml-served-by-cluster": "vienna-swedencentral-02",
        "Cache-Control": "no-cache",
        "Content-Length": "2652",
        "Content-Type": "application/json; charset=utf-8",
        "Date": "Tue, 08 Jul 2025 20:33:22 GMT",
        "Expires": "-1",
        "Pragma": "no-cache",
        "Request-Context": "appId=",
        "Strict-Transport-Security": "max-age=31536000; includeSubDomains",
        "Vary": "Accept-Encoding",
        "X-Cache": "CONFIG_NOCACHE",
        "X-Content-Type-Options": "nosniff",
        "x-ms-correlation-request-id": "1787ce00-ba87-4cda-9f8c-ee85dddaee4e",
        "x-ms-ratelimit-remaining-subscription-global-reads": "16499",
        "x-ms-ratelimit-remaining-subscription-reads": "1099",
        "x-ms-response-type": "standard",
        "x-ms-routing-request-id": "EASTUS:20250708T203323Z:1787ce00-ba87-4cda-9f8c-ee85dddaee4e",
        "X-MSEdge-Ref": "Ref A: A00FAEA609E24A34AFBF81E3A65450BC Ref B: BL2AA2010205029 Ref C: 2025-07-08T20:33:22Z",
        "x-request-time": "0.028"
      },
      "ResponseBody": {
        "id": "Sanitized",
        "name": "Sanitized",
        "type": "Microsoft.MachineLearningServices/workspaces",
        "location": "swedencentral",
        "tags": {},
        "etag": null,
        "properties": {
          "friendlyName": "Sanitized",
          "description": "",
          "storageAccount": "Sanitized",
          "keyVault": "/subscriptions/00000000-0000-0000-0000-000000000000/resourceGroups/00000/providers/Microsoft.KeyVault/vaults/kv-naarkalg999971652049",
          "applicationInsights": "/subscriptions/00000000-0000-0000-0000-000000000000/resourceGroups/00000/providers/Microsoft.Insights/components/appi-naarkalgaihub999971652049",
          "hbiWorkspace": false,
          "tenantId": "00000000-0000-0000-0000-000000000000",
          "imageBuildCompute": null,
          "provisioningState": "Succeeded",
          "managedNetwork": {
            "isolationMode": "Disabled",
            "enableNetworkMonitor": false
          },
          "allowRoleAssignmentOnRG": false,
          "v1LegacyMode": false,
          "softDeleteEnabled": false,
          "containerRegistry": "/subscriptions/00000000-0000-0000-0000-000000000000/resourceGroups/00000/providers/Microsoft.ContainerRegistry/registries/crnaarkalgaihub999971652049",
          "creationTime": "2024-02-23T16:47:15.0571150Z",
          "notebookInfo": {
            "resourceId": "a86387ce0b73461f8fa3015d52a3de12",
            "fqdn": "ml-naarkalga-swedencentral-0b8e0cff-981b-4bca-8a3c-6ee2ffedfd6d.swedencentral.notebooks.azure.net",
            "isPrivateLinkEnabled": false,
            "notebookPreparationError": null
          },
          "storageHnsEnabled": false,
          "workspaceId": "4bcc385f-5984-4898-929d-6baafe4a1e2b",
          "linkedModelInventoryArmId": null,
          "privateLinkCount": 0,
          "publicNetworkAccess": "Enabled",
          "ipAllowlist": [],
          "networkAcls": {
            "defaultAction": "Allow",
            "bypass": "",
            "ipRules": [],
            "resourceAccessRules": []
          },
          "discoveryUrl": "https://swedencentral.api.azureml.ms/discovery",
          "mlFlowTrackingUri": "azureml://swedencentral.api.azureml.ms/mlflow/v1.0/subscriptions/00000000-0000-0000-0000-000000000000/resourceGroups/00000/providers/Microsoft.MachineLearningServices/workspaces/00000",
          "serverlessComputeSettings": null,
          "EnableSoftwareBillOfMaterials": false,
          "sdkTelemetryAppInsightsKey": "ecfc0110-6630-4d5b-935f-f8d304673557",
          "sasGetterUri": "",
          "hubResourceId": "/subscriptions/00000000-0000-0000-0000-000000000000/resourceGroups/00000/providers/Microsoft.MachineLearningServices/workspaces/00000",
          "enableDataIsolation": true,
          "systemDatastoresAuthMode": "accesskey",
          "enableServiceSideCMKEncryption": false
        },
        "identity": {
          "type": "SystemAssigned",
          "principalId": "00000000-0000-0000-0000-000000000000",
          "tenantId": "00000000-0000-0000-0000-000000000000"
        },
        "kind": "Project",
        "sku": {
          "name": "Sanitized",
          "tier": "Basic"
        },
        "systemData": {
          "createdAt": "2024-02-23T16:47:15.057115Z",
          "createdBy": "Sanitized",
          "createdByType": "Application",
          "lastModifiedAt": "2024-02-23T16:47:15.057115Z",
          "lastModifiedBy": "Sanitized",
          "lastModifiedByType": "Application"
        }
      }
    },
    {
      "RequestUri": "https://Sanitized.api.azureml.ms/raisvc/v1.0/subscriptions/00000000-0000-0000-0000-000000000000/resourceGroups/00000/providers/Microsoft.MachineLearningServices/workspaces/00000/checkannotation",
      "RequestMethod": "GET",
      "RequestHeaders": {
        "Accept": "*/*",
        "Accept-Encoding": "gzip, deflate",
        "Connection": "keep-alive",
        "User-Agent": "azure-ai-evaluation/1.10.0 test/1.0.0"
      },
      "RequestBody": null,
      "StatusCode": 200,
      "ResponseHeaders": {
        "azureml-served-by-cluster": "vienna-swedencentral-01",
        "Connection": "keep-alive",
        "Content-Length": "141",
        "Content-Type": "application/json; charset=utf-8",
        "Date": "Tue, 08 Jul 2025 20:33:24 GMT",
        "mise-correlation-id": "9c7c9560-a167-4237-83cb-bdd779dca0d4",
        "Request-Context": "appId=",
        "Strict-Transport-Security": "max-age=31536000; includeSubDomains; preload",
        "X-Content-Type-Options": "nosniff",
        "x-ms-response-type": "standard",
        "x-request-time": "0.017"
      },
      "ResponseBody": [
        "[\n",
        "  \"content harm\",\n",
        "  \"xpia\",\n",
        "  \"code vulnerability\",\n",
        "  \"inference sensitive attributes\",\n",
        "  \"groundedness\",\n",
        "  \"protected material\",\n",
        "  \"eci\"\n",
        "]"
      ]
    },
    {
      "RequestUri": "https://Sanitized.api.azureml.ms/raisvc/v1.0/subscriptions/00000000-0000-0000-0000-000000000000/resourceGroups/00000/providers/Microsoft.MachineLearningServices/workspaces/00000/submitannotation",
      "RequestMethod": "POST",
      "RequestHeaders": {
        "Accept": "*/*",
        "Accept-Encoding": "gzip, deflate",
        "Connection": "keep-alive",
        "Content-Length": "319",
        "Content-Type": "application/json",
        "User-Agent": "azure-ai-evaluation/1.10.0 test/1.0.0 (type=evaluator; subtype=GroundednessProEvaluator)"
      },
      "RequestBody": {
        "UserTextList": [
          "{\"question\": \"\", \"answer\": \"Honolulu\", \"context\": \"{'global_context': 'Global context', 'query_context': 'Customer wants to know the capital of Hawaii', 'response_context': 'Honolulu is the capital of Hawaii'}\"}"
        ],
        "AnnotationTask": "groundedness",
        "MetricList": [
          "generic_groundedness"
        ]
      },
      "StatusCode": 202,
      "ResponseHeaders": {
        "azureml-served-by-cluster": "vienna-swedencentral-01",
        "Connection": "keep-alive",
        "Content-Length": "276",
        "Content-Type": "application/json; charset=utf-8",
        "Date": "Tue, 08 Jul 2025 20:33:24 GMT",
        "Location": "https://example.com",
        "mise-correlation-id": "585987d1-03ea-427a-9015-a545e176ce41",
        "Request-Context": "appId=",
        "Strict-Transport-Security": "max-age=31536000; includeSubDomains; preload",
        "X-Content-Type-Options": "nosniff",
        "x-ms-response-type": "standard",
        "x-request-time": "0.056"
      },
      "ResponseBody": {
        "location": "https://swedencentral.api.azureml.ms/raisvc/v1.0/subscriptions/00000000-0000-0000-0000-000000000000/resourceGroups/00000/providers/Microsoft.MachineLearningServices/workspaces/00000/operations/325f46ac-b8a7-485a-aa7b-f334c344bd75",
        "operationResult": null
      }
    },
    {
      "RequestUri": "https://Sanitized.api.azureml.ms/raisvc/v1.0/subscriptions/00000000-0000-0000-0000-000000000000/resourceGroups/00000/providers/Microsoft.MachineLearningServices/workspaces/00000/operations/325f46ac-b8a7-485a-aa7b-f334c344bd75",
      "RequestMethod": "GET",
      "RequestHeaders": {
        "Accept": "*/*",
        "Accept-Encoding": "gzip, deflate",
        "Connection": "keep-alive",
        "User-Agent": "azure-ai-evaluation/1.10.0 test/1.0.0"
      },
      "RequestBody": null,
      "StatusCode": 202,
      "ResponseHeaders": {
        "azureml-served-by-cluster": "vienna-swedencentral-01",
        "Connection": "keep-alive",
        "Content-Length": "0",
        "Date": "Tue, 08 Jul 2025 20:33:25 GMT",
        "mise-correlation-id": "5f9f86c8-b49f-40f3-a875-5b8ebf2ead12",
        "Request-Context": "appId=",
        "Strict-Transport-Security": "max-age=31536000; includeSubDomains; preload",
        "X-Content-Type-Options": "nosniff",
        "x-ms-response-type": "standard",
        "x-request-time": "0.029"
      },
      "ResponseBody": null
    },
    {
      "RequestUri": "https://Sanitized.api.azureml.ms/raisvc/v1.0/subscriptions/00000000-0000-0000-0000-000000000000/resourceGroups/00000/providers/Microsoft.MachineLearningServices/workspaces/00000/operations/325f46ac-b8a7-485a-aa7b-f334c344bd75",
      "RequestMethod": "GET",
      "RequestHeaders": {
        "Accept": "*/*",
        "Accept-Encoding": "gzip, deflate",
        "Connection": "keep-alive",
        "User-Agent": "azure-ai-evaluation/1.10.0 test/1.0.0"
      },
      "RequestBody": null,
      "StatusCode": 200,
      "ResponseHeaders": {
        "azureml-served-by-cluster": "vienna-swedencentral-01",
        "Connection": "keep-alive",
        "Content-Length": "123",
        "Content-Type": "application/json; charset=utf-8",
        "Date": "Tue, 08 Jul 2025 20:33:27 GMT",
        "mise-correlation-id": "7d5cbb12-9c3f-4ba8-b286-6bd3f8ac4174",
        "Request-Context": "appId=",
        "Strict-Transport-Security": "max-age=31536000; includeSubDomains; preload",
        "X-Content-Type-Options": "nosniff",
        "x-ms-response-type": "standard",
        "x-request-time": "0.012"
      },
      "ResponseBody": [
        "[\n",
        "  {\n",
        "    \"generic_groundedness\": \"{\\\"label\\\":\\\"5\\\",\\\"reasoning\\\":\\\"All Contents are grounded\\\",\\\"version\\\":\\\"0.1\\\"}\"\n",
        "  }\n",
        "]"
      ]
    }
  ],
  "Variables": {}
}
