{
  "Entries": [
    {
      "RequestUri": "https://Sanitized.api.azureml.ms/agents/v1.0/subscriptions/00000000-0000-0000-0000-000000000000/resourceGroups/00000/providers/Microsoft.MachineLearningServices/workspaces/00000/assistants?api-version=2025_05_01",
      "RequestMethod": "POST",
      "RequestHeaders": {
        "Accept": "application/json",
        "Accept-Encoding": "gzip, deflate",
        "Connection": "keep-alive",
        "Content-Length": "395",
        "Content-Type": "application/json",
        "User-Agent": "azsdk-python-ai-agents/1.0.0b1 Python/3.12.4 (Windows-11-10.0.26100-SP0)"
      },
      "RequestBody": {
        "instructions": "You are helpful agent",
        "model": "gpt-4o",
        "name": "my-agent",
        "tool_resources": {},
        "tools": [
          {
            "type": "function",
            "function": {
              "name": "convert_temperature",
              "description": "Converts temperature from Celsius to Fahrenheit.",
              "parameters": {
                "type": "object",
                "properties": {
                  "celsius": {
                    "type": "number",
                    "description": "Temperature in Celsius."
                  }
                },
                "required": [
                  "celsius"
                ]
              }
            }
          }
        ]
      },
      "StatusCode": 200,
      "ResponseHeaders": {
        "apim-request-id": "1a05acb8-08fd-4ecc-8b14-27419828e3de",
        "azureml-served-by-cluster": "vienna-westus-01",
        "Connection": "keep-alive",
        "Content-Encoding": "gzip",
        "Content-Type": "application/json",
        "Date": "Mon, 12 May 2025 21:50:12 GMT",
        "openai-organization": "20ba836fffc34ede8203166d666c74ef",
        "openai-processing-ms": "71",
        "openai-version": "2020-10-01",
        "Request-Context": "appId=cid-v1:2d2e8e63-272e-4b3c-8598-4ee570a0e70d",
        "Strict-Transport-Security": "max-age=31536000; includeSubDomains; preload",
        "Transfer-Encoding": "chunked",
        "Vary": "Accept-Encoding",
        "X-Content-Type-Options": "nosniff",
        "x-ms-middleware-request-id": "1a05acb8-08fd-4ecc-8b14-27419828e3de",
        "x-ms-region": "West US",
        "x-ms-response-type": "standard",
        "X-Request-ID": "0b41461d8501f3b7b028fbf9f25b8cb2",
        "x-request-time": "0.318"
      },
      "ResponseBody": {
        "id": "asst_HeBk71n2f8oJcp23750MVlQt",
        "object": "assistant",
        "created_at": 1747086612,
        "name": "my-agent",
        "description": null,
        "model": "gpt-4o",
        "instructions": "You are helpful agent",
        "tools": [
          {
            "type": "function",
            "function": {
              "name": "convert_temperature",
              "description": "Converts temperature from Celsius to Fahrenheit.",
              "parameters": {
                "type": "object",
                "properties": {
                  "celsius": {
                    "type": "number",
                    "description": "Temperature in Celsius."
                  }
                },
                "required": [
                  "celsius"
                ]
              },
              "strict": false
            }
          }
        ],
        "top_p": 1.0,
        "temperature": 1.0,
        "tool_resources": {},
        "metadata": {},
        "response_format": "auto"
      }
    },
    {
      "RequestUri": "https://Sanitized.api.azureml.ms/agents/v1.0/subscriptions/00000000-0000-0000-0000-000000000000/resourceGroups/00000/providers/Microsoft.MachineLearningServices/workspaces/00000/threads?api-version=2025_05_01",
      "RequestMethod": "POST",
      "RequestHeaders": {
        "Accept": "application/json",
        "Accept-Encoding": "gzip, deflate",
        "Connection": "keep-alive",
        "Content-Length": "2",
        "Content-Type": "application/json",
        "User-Agent": "azsdk-python-ai-agents/1.0.0b1 Python/3.12.4 (Windows-11-10.0.26100-SP0)"
      },
      "RequestBody": {},
      "StatusCode": 200,
      "ResponseHeaders": {
        "apim-request-id": "c44cc483-d127-4a08-a4b5-db0b22ae2f90",
        "azureml-served-by-cluster": "vienna-westus-01",
        "Connection": "keep-alive",
        "Content-Length": "137",
        "Content-Type": "application/json",
        "Date": "Mon, 12 May 2025 21:50:13 GMT",
        "openai-organization": "20ba836fffc34ede8203166d666c74ef",
        "openai-processing-ms": "94",
        "openai-version": "2020-10-01",
        "Request-Context": "appId=cid-v1:2d2e8e63-272e-4b3c-8598-4ee570a0e70d",
        "Strict-Transport-Security": "max-age=31536000; includeSubDomains; preload",
        "X-Content-Type-Options": "nosniff",
        "x-ms-middleware-request-id": "5c522573-6ca1-4f75-9c66-5158e0b0a079",
        "x-ms-region": "West US",
        "x-ms-response-type": "standard",
        "X-Request-ID": "53e172a3991bfc009e0c85f4faa0063b",
        "x-request-time": "0.298"
      },
      "ResponseBody": {
        "id": "thread_lTKqta7O6aC5Qyi4qxAs9dWA",
        "object": "thread",
        "created_at": 1747086613,
        "metadata": {},
        "tool_resources": {}
      }
    },
    {
      "RequestUri": "https://Sanitized.api.azureml.ms/agents/v1.0/subscriptions/00000000-0000-0000-0000-000000000000/resourceGroups/00000/providers/Microsoft.MachineLearningServices/workspaces/00000/threads/thread_lTKqta7O6aC5Qyi4qxAs9dWA/messages?api-version=2025_05_01",
      "RequestMethod": "POST",
      "RequestHeaders": {
        "Accept": "application/json",
        "Accept-Encoding": "gzip, deflate",
        "Connection": "keep-alive",
        "Content-Length": "79",
        "Content-Type": "application/json",
        "User-Agent": "azsdk-python-ai-agents/1.0.0b1 Python/3.12.4 (Windows-11-10.0.26100-SP0)"
      },
      "RequestBody": {
        "content": "Hello, what is 32 degrees Celsius in Fahrenheit?",
        "role": "user"
      },
      "StatusCode": 200,
      "ResponseHeaders": {
        "apim-request-id": "6fd23498-fd24-4ddc-9d6c-9c63a298aca6",
        "azureml-served-by-cluster": "vienna-westus-01",
        "Connection": "keep-alive",
        "Content-Encoding": "gzip",
        "Content-Type": "application/json",
        "Date": "Mon, 12 May 2025 21:50:13 GMT",
        "openai-organization": "20ba836fffc34ede8203166d666c74ef",
        "openai-processing-ms": "99",
        "openai-version": "2020-10-01",
        "Request-Context": "appId=cid-v1:2d2e8e63-272e-4b3c-8598-4ee570a0e70d",
        "Strict-Transport-Security": "max-age=31536000; includeSubDomains; preload",
        "Transfer-Encoding": "chunked",
        "Vary": "Accept-Encoding",
        "X-Content-Type-Options": "nosniff",
        "x-ms-middleware-request-id": "79e91cce-9f77-4a95-9c2d-afcec1259de9",
        "x-ms-region": "West US",
        "x-ms-response-type": "standard",
        "X-Request-ID": "d212954cc3a0dfca9ab59c7b20429164",
        "x-request-time": "0.296"
      },
      "ResponseBody": {
        "id": "msg_DCTLEhOPceL2fLBMJwHccDpa",
        "object": "thread.message",
        "created_at": 1747086613,
        "assistant_id": null,
        "thread_id": "thread_lTKqta7O6aC5Qyi4qxAs9dWA",
        "run_id": null,
        "role": "user",
        "content": [
          {
            "type": "text",
            "text": {
              "value": "Hello, what is 32 degrees Celsius in Fahrenheit?",
              "annotations": []
            }
          }
        ],
        "attachments": [],
        "metadata": {}
      }
    },
    {
      "RequestUri": "https://Sanitized.api.azureml.ms/agents/v1.0/subscriptions/00000000-0000-0000-0000-000000000000/resourceGroups/00000/providers/Microsoft.MachineLearningServices/workspaces/00000/threads/thread_lTKqta7O6aC5Qyi4qxAs9dWA/runs?api-version=2025_05_01",
      "RequestMethod": "POST",
      "RequestHeaders": {
        "Accept": "application/json",
        "Accept-Encoding": "gzip, deflate",
        "Connection": "keep-alive",
        "Content-Length": "66",
        "Content-Type": "application/json",
        "User-Agent": "azsdk-python-ai-agents/1.0.0b1 Python/3.12.4 (Windows-11-10.0.26100-SP0)"
      },
      "RequestBody": {
        "assistant_id": "asst_HeBk71n2f8oJcp23750MVlQt",
        "stream": false
      },
      "StatusCode": 200,
      "ResponseHeaders": {
        "apim-request-id": "406eb440-4fee-4dff-b0fb-d7a9b5b2d768",
        "azureml-served-by-cluster": "vienna-westus-01",
        "Connection": "keep-alive",
        "Content-Encoding": "gzip",
        "Content-Type": "application/json",
        "Date": "Mon, 12 May 2025 21:50:14 GMT",
        "openai-organization": "20ba836fffc34ede8203166d666c74ef",
        "openai-processing-ms": "392",
        "openai-version": "2020-10-01",
        "Request-Context": "appId=cid-v1:2d2e8e63-272e-4b3c-8598-4ee570a0e70d",
        "Strict-Transport-Security": "max-age=31536000; includeSubDomains; preload",
        "Transfer-Encoding": "chunked",
        "Vary": "Accept-Encoding",
        "X-Content-Type-Options": "nosniff",
        "x-ms-middleware-request-id": "76719261-18ac-480f-bb03-ddd1014ea417",
        "x-ms-region": "West US",
        "x-ms-response-type": "standard",
        "X-Request-ID": "e32d67b8ce07532c2be011d4d9601df6",
        "x-request-time": "0.755"
      },
      "ResponseBody": {
        "id": "run_MKr9ToFLZSsvAeLcaYTNmekC",
        "object": "thread.run",
        "created_at": 1747086614,
        "assistant_id": "asst_HeBk71n2f8oJcp23750MVlQt",
        "thread_id": "thread_lTKqta7O6aC5Qyi4qxAs9dWA",
        "status": "queued",
        "started_at": null,
        "expires_at": 1747087214,
        "cancelled_at": null,
        "failed_at": null,
        "completed_at": null,
        "required_action": null,
        "last_error": null,
        "model": "gpt-4o",
        "instructions": "You are helpful agent",
        "tools": [
          {
            "type": "function",
            "function": {
              "name": "convert_temperature",
              "description": "Converts temperature from Celsius to Fahrenheit.",
              "parameters": {
                "type": "object",
                "properties": {
                  "celsius": {
                    "type": "number",
                    "description": "Temperature in Celsius."
                  }
                },
                "required": [
                  "celsius"
                ]
              },
              "strict": false
            }
          }
        ],
        "tool_resources": {},
        "metadata": {},
        "temperature": 1.0,
        "top_p": 1.0,
        "max_completion_tokens": null,
        "max_prompt_tokens": null,
        "truncation_strategy": {
          "type": "auto",
          "last_messages": null
        },
        "incomplete_details": null,
        "usage": null,
        "response_format": "auto",
        "tool_choice": "auto",
        "parallel_tool_calls": true
      }
    },
    {
      "RequestUri": "https://Sanitized.api.azureml.ms/agents/v1.0/subscriptions/00000000-0000-0000-0000-000000000000/resourceGroups/00000/providers/Microsoft.MachineLearningServices/workspaces/00000/threads/thread_lTKqta7O6aC5Qyi4qxAs9dWA/runs/Sanitized?api-version=2025_05_01",
      "RequestMethod": "GET",
      "RequestHeaders": {
        "Accept": "application/json",
        "Accept-Encoding": "gzip, deflate",
        "Connection": "keep-alive",
        "User-Agent": "azsdk-python-ai-agents/1.0.0b1 Python/3.12.4 (Windows-11-10.0.26100-SP0)"
      },
      "RequestBody": null,
      "StatusCode": 200,
      "ResponseHeaders": {
        "apim-request-id": "9e878251-bcaf-4e76-b35e-cac3421743e3",
        "azureml-served-by-cluster": "vienna-westus-01",
        "Connection": "keep-alive",
        "Content-Encoding": "gzip",
        "Content-Type": "application/json",
        "Date": "Mon, 12 May 2025 21:50:15 GMT",
        "openai-organization": "20ba836fffc34ede8203166d666c74ef",
        "openai-processing-ms": "218",
        "openai-version": "2020-10-01",
        "Request-Context": "appId=cid-v1:2d2e8e63-272e-4b3c-8598-4ee570a0e70d",
        "Strict-Transport-Security": "max-age=31536000; includeSubDomains; preload",
        "Transfer-Encoding": "chunked",
        "Vary": "Accept-Encoding",
        "X-Content-Type-Options": "nosniff",
        "x-ms-middleware-request-id": "37f44dd1-cecf-41c0-8229-4567ed9992dd",
        "x-ms-region": "West US",
        "x-ms-response-type": "standard",
        "X-Request-ID": "ca501fb57f6d9942e0bbfab60df2c3dd",
        "x-request-time": "0.449"
      },
      "ResponseBody": {
        "id": "run_MKr9ToFLZSsvAeLcaYTNmekC",
        "object": "thread.run",
        "created_at": 1747086614,
        "assistant_id": "asst_HeBk71n2f8oJcp23750MVlQt",
        "thread_id": "thread_lTKqta7O6aC5Qyi4qxAs9dWA",
        "status": "requires_action",
        "started_at": 1747086614,
        "expires_at": 1747122614,
        "cancelled_at": null,
        "failed_at": null,
        "completed_at": null,
        "required_action": {
          "type": "submit_tool_outputs",
          "submit_tool_outputs": {
            "tool_calls": [
              {
                "id": "call_2tgAQw2fYAuwD5yNiQGJJ6ct",
                "type": "function",
                "function": {
                  "name": "convert_temperature",
                  "arguments": "{\"celsius\":32}"
                }
              }
            ]
          }
        },
        "last_error": null,
        "model": "gpt-4o",
        "instructions": "You are helpful agent",
        "tools": [
          {
            "type": "function",
            "function": {
              "name": "convert_temperature",
              "description": "Converts temperature from Celsius to Fahrenheit.",
              "parameters": {
                "type": "object",
                "properties": {
                  "celsius": {
                    "type": "number",
                    "description": "Temperature in Celsius."
                  }
                },
                "required": [
                  "celsius"
                ]
              },
              "strict": false
            }
          }
        ],
        "tool_resources": {},
        "metadata": {},
        "temperature": 1.0,
        "top_p": 1.0,
        "max_completion_tokens": null,
        "max_prompt_tokens": null,
        "truncation_strategy": {
          "type": "auto",
          "last_messages": null
        },
        "incomplete_details": null,
        "usage": null,
        "response_format": "auto",
        "tool_choice": "auto",
        "parallel_tool_calls": true
      }
    },
    {
      "RequestUri": "https://Sanitized.api.azureml.ms/agents/v1.0/subscriptions/00000000-0000-0000-0000-000000000000/resourceGroups/00000/providers/Microsoft.MachineLearningServices/workspaces/00000/threads/thread_lTKqta7O6aC5Qyi4qxAs9dWA/runs/Sanitized/submit_tool_outputs?api-version=2025_05_01",
      "RequestMethod": "POST",
      "RequestHeaders": {
        "Accept": "application/json",
        "Accept-Encoding": "gzip, deflate",
        "Connection": "keep-alive",
        "Content-Length": "122",
        "Content-Type": "application/json",
        "User-Agent": "azsdk-python-ai-agents/1.0.0b1 Python/3.12.4 (Windows-11-10.0.26100-SP0)"
      },
      "RequestBody": {
        "stream": false,
        "tool_outputs": [
          {
            "tool_call_id": "call_2tgAQw2fYAuwD5yNiQGJJ6ct",
            "output": "{\"fahrenheit\": 89.6}"
          }
        ]
      },
      "StatusCode": 200,
      "ResponseHeaders": {
        "apim-request-id": "f844e01c-b77a-4ac5-b1e9-03b4b6d3e333",
        "azureml-served-by-cluster": "vienna-westus-01",
        "Connection": "keep-alive",
        "Content-Encoding": "gzip",
        "Content-Type": "application/json",
        "Date": "Mon, 12 May 2025 21:50:16 GMT",
        "openai-organization": "20ba836fffc34ede8203166d666c74ef",
        "openai-processing-ms": "189",
        "openai-version": "2020-10-01",
        "Request-Context": "appId=cid-v1:2d2e8e63-272e-4b3c-8598-4ee570a0e70d",
        "Strict-Transport-Security": "max-age=31536000; includeSubDomains; preload",
        "Transfer-Encoding": "chunked",
        "Vary": "Accept-Encoding",
        "X-Content-Type-Options": "nosniff",
        "x-ms-middleware-request-id": "14c72adf-a2ac-4175-8c98-3cded551e46f",
        "x-ms-region": "West US",
        "x-ms-response-type": "standard",
        "X-Request-ID": "533ea94b1f3866a289acdd852cd0f0dc",
        "x-request-time": "0.463"
      },
      "ResponseBody": {
        "id": "run_MKr9ToFLZSsvAeLcaYTNmekC",
        "object": "thread.run",
        "created_at": 1747086614,
        "assistant_id": "asst_HeBk71n2f8oJcp23750MVlQt",
        "thread_id": "thread_lTKqta7O6aC5Qyi4qxAs9dWA",
        "status": "queued",
        "started_at": 1747086614,
        "expires_at": 1747122614,
        "cancelled_at": null,
        "failed_at": null,
        "completed_at": null,
        "required_action": null,
        "last_error": null,
        "model": "gpt-4o",
        "instructions": "You are helpful agent",
        "tools": [
          {
            "type": "function",
            "function": {
              "name": "convert_temperature",
              "description": "Converts temperature from Celsius to Fahrenheit.",
              "parameters": {
                "type": "object",
                "properties": {
                  "celsius": {
                    "type": "number",
                    "description": "Temperature in Celsius."
                  }
                },
                "required": [
                  "celsius"
                ]
              },
              "strict": false
            }
          }
        ],
        "tool_resources": {},
        "metadata": {},
        "temperature": 1.0,
        "top_p": 1.0,
        "max_completion_tokens": null,
        "max_prompt_tokens": null,
        "truncation_strategy": {
          "type": "auto",
          "last_messages": null
        },
        "incomplete_details": null,
        "usage": null,
        "response_format": "auto",
        "tool_choice": "auto",
        "parallel_tool_calls": true
      }
    },
    {
      "RequestUri": "https://Sanitized.api.azureml.ms/agents/v1.0/subscriptions/00000000-0000-0000-0000-000000000000/resourceGroups/00000/providers/Microsoft.MachineLearningServices/workspaces/00000/threads/thread_lTKqta7O6aC5Qyi4qxAs9dWA/runs/Sanitized?api-version=2025_05_01",
      "RequestMethod": "GET",
      "RequestHeaders": {
        "Accept": "application/json",
        "Accept-Encoding": "gzip, deflate",
        "Connection": "keep-alive",
        "User-Agent": "azsdk-python-ai-agents/1.0.0b1 Python/3.12.4 (Windows-11-10.0.26100-SP0)"
      },
      "RequestBody": null,
      "StatusCode": 200,
      "ResponseHeaders": {
        "apim-request-id": "dcf97bfe-79ec-49bc-b61c-c7964884d4c3",
        "azureml-served-by-cluster": "vienna-westus-01",
        "Connection": "keep-alive",
        "Content-Encoding": "gzip",
        "Content-Type": "application/json",
        "Date": "Mon, 12 May 2025 21:50:17 GMT",
        "openai-organization": "20ba836fffc34ede8203166d666c74ef",
        "openai-processing-ms": "98",
        "openai-version": "2020-10-01",
        "Request-Context": "appId=cid-v1:2d2e8e63-272e-4b3c-8598-4ee570a0e70d",
        "Strict-Transport-Security": "max-age=31536000; includeSubDomains; preload",
        "Transfer-Encoding": "chunked",
        "Vary": "Accept-Encoding",
        "X-Content-Type-Options": "nosniff",
        "x-ms-middleware-request-id": "516dee25-a4cb-4055-81b1-4738f6f377ae",
        "x-ms-region": "West US",
        "x-ms-response-type": "standard",
        "X-Request-ID": "de646468cb673f5623c85bc8526e8d14",
        "x-request-time": "0.378"
      },
      "ResponseBody": {
        "id": "run_MKr9ToFLZSsvAeLcaYTNmekC",
        "object": "thread.run",
        "created_at": 1747086614,
        "assistant_id": "asst_HeBk71n2f8oJcp23750MVlQt",
        "thread_id": "thread_lTKqta7O6aC5Qyi4qxAs9dWA",
        "status": "completed",
        "started_at": 1747086616,
        "expires_at": null,
        "cancelled_at": null,
        "failed_at": null,
        "completed_at": 1747086617,
        "required_action": null,
        "last_error": null,
        "model": "gpt-4o",
        "instructions": "You are helpful agent",
        "tools": [
          {
            "type": "function",
            "function": {
              "name": "convert_temperature",
              "description": "Converts temperature from Celsius to Fahrenheit.",
              "parameters": {
                "type": "object",
                "properties": {
                  "celsius": {
                    "type": "number",
                    "description": "Temperature in Celsius."
                  }
                },
                "required": [
                  "celsius"
                ]
              },
              "strict": false
            }
          }
        ],
        "tool_resources": {},
        "metadata": {},
        "temperature": 1.0,
        "top_p": 1.0,
        "max_completion_tokens": null,
        "max_prompt_tokens": null,
        "truncation_strategy": {
          "type": "auto",
          "last_messages": null
        },
        "incomplete_details": null,
        "usage": {
          "prompt_tokens": 641,
          "completion_tokens": 31,
          "total_tokens": 672,
          "prompt_token_details": {
            "cached_tokens": 0
          }
        },
        "response_format": "auto",
        "tool_choice": "auto",
        "parallel_tool_calls": true
      }
    },
    {
      "RequestUri": "https://Sanitized.api.azureml.ms/agents/v1.0/subscriptions/00000000-0000-0000-0000-000000000000/resourceGroups/00000/providers/Microsoft.MachineLearningServices/workspaces/00000/threads/thread_lTKqta7O6aC5Qyi4qxAs9dWA/messages?run_id=run_MKr9ToFLZSsvAeLcaYTNmekC&api-version=2025_05_01",
      "RequestMethod": "GET",
      "RequestHeaders": {
        "Accept": "application/json",
        "Accept-Encoding": "gzip, deflate",
        "Connection": "keep-alive",
        "User-Agent": "azsdk-python-ai-agents/1.0.0b1 Python/3.12.4 (Windows-11-10.0.26100-SP0)"
      },
      "RequestBody": null,
      "StatusCode": 200,
      "ResponseHeaders": {
        "apim-request-id": "67357da9-2f3d-478e-9191-4e2dcbb3c8c5",
        "azureml-served-by-cluster": "vienna-westus-01",
        "Connection": "keep-alive",
        "Content-Encoding": "gzip",
        "Content-Type": "application/json",
        "Date": "Mon, 12 May 2025 21:50:18 GMT",
        "openai-organization": "20ba836fffc34ede8203166d666c74ef",
        "openai-processing-ms": "181",
        "openai-version": "2020-10-01",
        "Request-Context": "appId=cid-v1:2d2e8e63-272e-4b3c-8598-4ee570a0e70d",
        "Strict-Transport-Security": "max-age=31536000; includeSubDomains; preload",
        "Transfer-Encoding": "chunked",
        "Vary": "Accept-Encoding",
        "X-Content-Type-Options": "nosniff",
        "x-ms-middleware-request-id": "f4a0e665-42c0-4a67-a664-9c01ea7735c6",
        "x-ms-region": "West US",
        "x-ms-response-type": "standard",
        "X-Request-ID": "1ef0839e8336f19568da866c506305ed",
        "x-request-time": "0.403"
      },
      "ResponseBody": {
        "object": "list",
        "data": [
          {
            "id": "msg_bFqqFQYJsZvFST6oPlQZ63X5",
            "object": "thread.message",
            "created_at": 1747086616,
            "assistant_id": "asst_HeBk71n2f8oJcp23750MVlQt",
            "thread_id": "thread_lTKqta7O6aC5Qyi4qxAs9dWA",
            "run_id": "run_MKr9ToFLZSsvAeLcaYTNmekC",
            "role": "assistant",
            "content": [
              {
                "type": "text",
                "text": {
                  "value": "32 degrees Celsius is equal to 89.6 degrees Fahrenheit.",
                  "annotations": []
                }
              }
            ],
            "attachments": [],
            "metadata": {}
          }
        ],
        "first_id": "msg_bFqqFQYJsZvFST6oPlQZ63X5",
        "last_id": "msg_bFqqFQYJsZvFST6oPlQZ63X5",
        "has_more": false
      }
    },
    {
      "RequestUri": "https://Sanitized.api.azureml.ms/agents/v1.0/subscriptions/00000000-0000-0000-0000-000000000000/resourceGroups/00000/providers/Microsoft.MachineLearningServices/workspaces/00000/threads/thread_lTKqta7O6aC5Qyi4qxAs9dWA/messages?run_id=run_MKr9ToFLZSsvAeLcaYTNmekC&api-version=2025_05_01&after=msg_bFqqFQYJsZvFST6oPlQZ63X5",
      "RequestMethod": "GET",
      "RequestHeaders": {
        "Accept": "application/json",
        "Accept-Encoding": "gzip, deflate",
        "Connection": "keep-alive",
        "User-Agent": "azsdk-python-ai-agents/1.0.0b1 Python/3.12.4 (Windows-11-10.0.26100-SP0)"
      },
      "RequestBody": null,
      "StatusCode": 200,
      "ResponseHeaders": {
        "apim-request-id": "d1af48e9-2b5a-44a6-9897-d713ddecdc72",
        "azureml-served-by-cluster": "vienna-westus-01",
        "Connection": "keep-alive",
        "Content-Length": "96",
        "Content-Type": "application/json",
        "Date": "Mon, 12 May 2025 21:50:19 GMT",
        "openai-organization": "20ba836fffc34ede8203166d666c74ef",
        "openai-processing-ms": "180",
        "openai-version": "2020-10-01",
        "Request-Context": "appId=cid-v1:2d2e8e63-272e-4b3c-8598-4ee570a0e70d",
        "Strict-Transport-Security": "max-age=31536000; includeSubDomains; preload",
        "X-Content-Type-Options": "nosniff",
        "x-ms-middleware-request-id": "5d856453-073c-4ec2-ac37-7ce20a8bbdbc",
        "x-ms-region": "West US",
        "x-ms-response-type": "standard",
        "X-Request-ID": "ef26da8e37713042a764a49414280a6a",
        "x-request-time": "0.760"
      },
      "ResponseBody": {
        "object": "list",
        "data": [],
        "first_id": null,
        "last_id": null,
        "has_more": false
      }
    },
    {
      "RequestUri": "https://Sanitized.api.azureml.ms/agents/v1.0/subscriptions/00000000-0000-0000-0000-000000000000/resourceGroups/00000/providers/Microsoft.MachineLearningServices/workspaces/00000/assistants/asst_HeBk71n2f8oJcp23750MVlQt?api-version=2025_05_01",
      "RequestMethod": "DELETE",
      "RequestHeaders": {
        "Accept": "application/json",
        "Accept-Encoding": "gzip, deflate",
        "Connection": "keep-alive",
        "Content-Length": "0",
        "User-Agent": "azsdk-python-ai-agents/1.0.0b1 Python/3.12.4 (Windows-11-10.0.26100-SP0)"
      },
      "RequestBody": null,
      "StatusCode": 200,
      "ResponseHeaders": {
        "apim-request-id": "1617d1e8-d301-43d7-9fce-a5013ea23dff",
        "azureml-served-by-cluster": "vienna-westus-01",
        "Connection": "keep-alive",
        "Content-Length": "95",
        "Content-Type": "application/json",
        "Date": "Mon, 12 May 2025 21:50:19 GMT",
        "openai-organization": "20ba836fffc34ede8203166d666c74ef",
        "openai-processing-ms": "83",
        "openai-version": "2020-10-01",
        "Request-Context": "appId=cid-v1:2d2e8e63-272e-4b3c-8598-4ee570a0e70d",
        "Strict-Transport-Security": "max-age=31536000; includeSubDomains; preload",
        "X-Content-Type-Options": "nosniff",
        "x-ms-middleware-request-id": "fb4b48a2-c76a-40b5-aab7-87f07f6bb6cb",
        "x-ms-region": "West US",
        "x-ms-response-type": "standard",
        "X-Request-ID": "338a0c2ed6945bf3d8bafecb63288f59",
        "x-request-time": "0.303"
      },
      "ResponseBody": {
        "id": "asst_HeBk71n2f8oJcp23750MVlQt",
        "object": "assistant.deleted",
        "deleted": true
      }
    }
  ],
  "Variables": {}
}
