{
  "Entries": [
    {
      "RequestUri": "https://Sanitized.api.azureml.ms/agents/v1.0/subscriptions/00000000-0000-0000-0000-000000000000/resourceGroups/00000/providers/Microsoft.MachineLearningServices/workspaces/00000/vector_stores?api-version=v1",
      "RequestMethod": "POST",
      "RequestHeaders": {
        "Accept": "application/json",
        "Accept-Encoding": "gzip, deflate",
        "Content-Length": "47",
        "Content-Type": "application/json",
        "User-Agent": "azsdk-python-ai-agents/1.0.0b1 Python/3.11.5 (Windows-10-10.0.26100-SP0)"
      },
      "RequestBody": {
        "file_ids": [],
        "name": "sample_vector_store"
      },
      "StatusCode": 200,
      "ResponseHeaders": {
        "apim-request-id": "a3e35bc9-55bd-44b2-9f7b-591bd23e98fe",
        "azureml-served-by-cluster": "vienna-westus-02",
        "Connection": "keep-alive",
        "Content-Encoding": "gzip",
        "Content-Type": "application/json",
        "Date": "Thu, 01 May 2025 22:34:15 GMT",
        "openai-organization": "20ba836fffc34ede8203166d666c74ef",
        "openai-processing-ms": "501",
        "openai-version": "2020-10-01",
        "Request-Context": "appId=cid-v1:2d2e8e63-272e-4b3c-8598-4ee570a0e70d",
        "Strict-Transport-Security": "max-age=31536000; includeSubDomains; preload",
        "Transfer-Encoding": "chunked",
        "Vary": "Accept-Encoding",
        "X-Content-Type-Options": "nosniff",
        "x-ms-middleware-request-id": "01cd386f-cb15-49f6-b877-c11d0a8e90e2",
        "x-ms-region": "West US",
        "x-ms-response-type": "standard",
        "X-Request-ID": "62b6b6fbf9159a1641c3835776d25e3a",
        "x-request-time": "0.735"
      },
      "ResponseBody": {
        "id": "vs_9yYzvP4GDf5K49sTY68UfBaF",
        "object": "vector_store",
        "name": "sample_vector_store",
        "status": "completed",
        "usage_bytes": 0,
        "created_at": 1746138855,
        "file_counts": {
          "in_progress": 0,
          "completed": 0,
          "failed": 0,
          "cancelled": 0,
          "total": 0
        },
        "metadata": {},
        "expires_after": null,
        "expires_at": null,
        "last_active_at": 1746138855
      }
    },
    {
      "RequestUri": "https://Sanitized.api.azureml.ms/agents/v1.0/subscriptions/00000000-0000-0000-0000-000000000000/resourceGroups/00000/providers/Microsoft.MachineLearningServices/workspaces/00000/vector_stores/vs_000000000000000000000000/file_batches?api-version=v1",
      "RequestMethod": "POST",
      "RequestHeaders": {
        "Accept": "application/json",
        "Accept-Encoding": "gzip, deflate",
        "Content-Length": "224",
        "Content-Type": "application/json",
        "User-Agent": "azsdk-python-ai-agents/1.0.0b1 Python/3.11.5 (Windows-10-10.0.26100-SP0)"
      },
      "RequestBody": {
        "data_sources": [
          {
            "uri": "azureml://subscriptions/00000000-0000-0000-0000-000000000000/resourcegroups/00000/workspaces/00000/datastores/workspaceblobstore/paths/LocalUpload/00000000000/product_info_1.md",
            "type": "uri_asset"
          }
        ]
      },
      "StatusCode": 200,
      "ResponseHeaders": {
        "apim-request-id": "a3696f89-ef1f-40ad-bf0c-3b511949c2be",
        "azureml-served-by-cluster": "vienna-westus-02",
        "Connection": "keep-alive",
        "Content-Encoding": "gzip",
        "Content-Type": "application/json",
        "Date": "Thu, 01 May 2025 22:34:25 GMT",
        "openai-organization": "20ba836fffc34ede8203166d666c74ef",
        "openai-processing-ms": "9227",
        "openai-version": "2020-10-01",
        "Request-Context": "appId=cid-v1:2d2e8e63-272e-4b3c-8598-4ee570a0e70d",
        "Strict-Transport-Security": "max-age=31536000; includeSubDomains; preload",
        "Transfer-Encoding": "chunked",
        "Vary": "Accept-Encoding",
        "X-Content-Type-Options": "nosniff",
        "x-ms-middleware-request-id": "c6766818-b866-4f1d-94bf-2b018add9f03",
        "x-ms-region": "West US",
        "x-ms-response-type": "standard",
        "X-Request-ID": "a728dd350cfd1199987c29131bf429c9",
        "x-request-time": "9.530"
      },
      "ResponseBody": {
        "id": "vsfb_d72212abb23d437baf94dac904a18f75",
        "object": "vector_store.file_batch",
        "created_at": 1746138865,
        "status": "in_progress",
        "vector_store_id": "vs_9yYzvP4GDf5K49sTY68UfBaF",
        "file_counts": {
          "in_progress": 1,
          "completed": 0,
          "failed": 0,
          "cancelled": 0,
          "total": 1
        }
      }
    },
    {
      "RequestUri": "https://Sanitized.api.azureml.ms/agents/v1.0/subscriptions/00000000-0000-0000-0000-000000000000/resourceGroups/00000/providers/Microsoft.MachineLearningServices/workspaces/00000/vector_stores/vs_000000000000000000000000/file_batches/vsfb_d72212abb23d437baf94dac904a18f75?api-version=v1",
      "RequestMethod": "GET",
      "RequestHeaders": {
        "Accept": "application/json",
        "Accept-Encoding": "gzip, deflate",
        "User-Agent": "azsdk-python-ai-agents/1.0.0b1 Python/3.11.5 (Windows-10-10.0.26100-SP0)"
      },
      "RequestBody": null,
      "StatusCode": 200,
      "ResponseHeaders": {
        "apim-request-id": "3217af36-643e-4556-b5ae-73e5c54f1835",
        "azureml-served-by-cluster": "vienna-westus-02",
        "Connection": "keep-alive",
        "Content-Encoding": "gzip",
        "Content-Type": "application/json",
        "Date": "Thu, 01 May 2025 22:34:26 GMT",
        "openai-organization": "20ba836fffc34ede8203166d666c74ef",
        "openai-processing-ms": "136",
        "openai-version": "2020-10-01",
        "Request-Context": "appId=cid-v1:2d2e8e63-272e-4b3c-8598-4ee570a0e70d",
        "Strict-Transport-Security": "max-age=31536000; includeSubDomains; preload",
        "Transfer-Encoding": "chunked",
        "Vary": "Accept-Encoding",
        "X-Content-Type-Options": "nosniff",
        "x-ms-middleware-request-id": "09660002-1308-48af-bdd3-1d1d0af3694a",
        "x-ms-region": "West US",
        "x-ms-response-type": "standard",
        "X-Request-ID": "9bf413b764c4bc92f79aa8ccb120bb52",
        "x-request-time": "0.397"
      },
      "ResponseBody": {
        "id": "vsfb_d72212abb23d437baf94dac904a18f75",
        "object": "vector_store.file_batch",
        "created_at": 1746138866,
        "status": "completed",
        "vector_store_id": "vs_9yYzvP4GDf5K49sTY68UfBaF",
        "file_counts": {
          "in_progress": 0,
          "completed": 1,
          "failed": 0,
          "cancelled": 0,
          "total": 1
        }
      }
    },
    {
      "RequestUri": "https://Sanitized.api.azureml.ms/agents/v1.0/subscriptions/00000000-0000-0000-0000-000000000000/resourceGroups/00000/providers/Microsoft.MachineLearningServices/workspaces/00000/assistants?api-version=v1",
      "RequestMethod": "POST",
      "RequestHeaders": {
        "Accept": "application/json",
        "Accept-Encoding": "gzip, deflate",
        "Content-Length": "259",
        "Content-Type": "application/json",
        "User-Agent": "azsdk-python-ai-agents/1.0.0b1 Python/3.11.5 (Windows-10-10.0.26100-SP0)"
      },
      "RequestBody": {
        "instructions": "Hello, you are helpful agent and can search information from uploaded files",
        "model": "gpt-4",
        "name": "my-agent",
        "tool_resources": {
          "file_search": {
            "vector_store_ids": [
              "vs_9yYzvP4GDf5K49sTY68UfBaF"
            ]
          }
        },
        "tools": [
          {
            "type": "file_search"
          }
        ]
      },
      "StatusCode": 200,
      "ResponseHeaders": {
        "apim-request-id": "6132d62e-2290-49af-87c2-006c475f5d8b",
        "azureml-served-by-cluster": "vienna-westus-02",
        "Connection": "keep-alive",
        "Content-Encoding": "gzip",
        "Content-Type": "application/json",
        "Date": "Thu, 01 May 2025 22:34:27 GMT",
        "openai-organization": "20ba836fffc34ede8203166d666c74ef",
        "openai-processing-ms": "83",
        "openai-version": "2020-10-01",
        "Request-Context": "appId=cid-v1:2d2e8e63-272e-4b3c-8598-4ee570a0e70d",
        "Strict-Transport-Security": "max-age=31536000; includeSubDomains; preload",
        "Transfer-Encoding": "chunked",
        "Vary": "Accept-Encoding",
        "X-Content-Type-Options": "nosniff",
        "x-ms-middleware-request-id": "6132d62e-2290-49af-87c2-006c475f5d8b",
        "x-ms-region": "West US",
        "x-ms-response-type": "standard",
        "X-Request-ID": "049ad8fb28f63aa7ec366d3625839155",
        "x-request-time": "0.337"
      },
      "ResponseBody": {
        "id": "asst_nudBJWpixsfEjYtoODoppPhf",
        "object": "assistant",
        "created_at": 1746138867,
        "name": "my-agent",
        "description": null,
        "model": "gpt-4",
        "instructions": "Hello, you are helpful agent and can search information from uploaded files",
        "tools": [
          {
            "type": "file_search"
          }
        ],
        "top_p": 1.0,
        "temperature": 1.0,
        "tool_resources": {
          "file_search": {
            "vector_store_ids": [
              "vs_9yYzvP4GDf5K49sTY68UfBaF"
            ]
          }
        },
        "metadata": {},
        "response_format": "auto"
      }
    },
    {
      "RequestUri": "https://Sanitized.api.azureml.ms/agents/v1.0/subscriptions/00000000-0000-0000-0000-000000000000/resourceGroups/00000/providers/Microsoft.MachineLearningServices/workspaces/00000/threads?api-version=v1",
      "RequestMethod": "POST",
      "RequestHeaders": {
        "Accept": "application/json",
        "Accept-Encoding": "gzip, deflate",
        "Content-Length": "2",
        "Content-Type": "application/json",
        "User-Agent": "azsdk-python-ai-agents/1.0.0b1 Python/3.11.5 (Windows-10-10.0.26100-SP0)"
      },
      "RequestBody": {},
      "StatusCode": 200,
      "ResponseHeaders": {
        "apim-request-id": "e34bb240-bbd9-4c08-b39e-4987bb90f09c",
        "azureml-served-by-cluster": "vienna-westus-02",
        "Connection": "keep-alive",
        "Content-Length": "137",
        "Content-Type": "application/json",
        "Date": "Thu, 01 May 2025 22:34:27 GMT",
        "openai-organization": "20ba836fffc34ede8203166d666c74ef",
        "openai-processing-ms": "81",
        "openai-version": "2020-10-01",
        "Request-Context": "appId=cid-v1:2d2e8e63-272e-4b3c-8598-4ee570a0e70d",
        "Strict-Transport-Security": "max-age=31536000; includeSubDomains; preload",
        "X-Content-Type-Options": "nosniff",
        "x-ms-middleware-request-id": "3f960837-f58f-4257-8a6e-2e504029c98d",
        "x-ms-region": "West US",
        "x-ms-response-type": "standard",
        "X-Request-ID": "a9aeaaa6819d2cd32156912bec561d01",
        "x-request-time": "0.325"
      },
      "ResponseBody": {
        "id": "thread_F8wvIvNUE6lsgmLLqcLAGJiG",
        "object": "thread",
        "created_at": 1746138867,
        "metadata": {},
        "tool_resources": {}
      }
    },
    {
      "RequestUri": "https://Sanitized.api.azureml.ms/agents/v1.0/subscriptions/00000000-0000-0000-0000-000000000000/resourceGroups/00000/providers/Microsoft.MachineLearningServices/workspaces/00000/threads/thread_F8wvIvNUE6lsgmLLqcLAGJiG/messages?api-version=v1",
      "RequestMethod": "POST",
      "RequestHeaders": {
        "Accept": "application/json",
        "Accept-Encoding": "gzip, deflate",
        "Content-Length": "60",
        "Content-Type": "application/json",
        "User-Agent": "azsdk-python-ai-agents/1.0.0b1 Python/3.11.5 (Windows-10-10.0.26100-SP0)"
      },
      "RequestBody": {
        "content": "What does the attachment say?",
        "role": "user"
      },
      "StatusCode": 200,
      "ResponseHeaders": {
        "apim-request-id": "483f9dc0-67dd-4473-95a0-9322ed1ee692",
        "azureml-served-by-cluster": "vienna-westus-02",
        "Connection": "keep-alive",
        "Content-Encoding": "gzip",
        "Content-Type": "application/json",
        "Date": "Thu, 01 May 2025 22:34:27 GMT",
        "openai-organization": "20ba836fffc34ede8203166d666c74ef",
        "openai-processing-ms": "42",
        "openai-version": "2020-10-01",
        "Request-Context": "appId=cid-v1:2d2e8e63-272e-4b3c-8598-4ee570a0e70d",
        "Strict-Transport-Security": "max-age=31536000; includeSubDomains; preload",
        "Transfer-Encoding": "chunked",
        "Vary": "Accept-Encoding",
        "X-Content-Type-Options": "nosniff",
        "x-ms-middleware-request-id": "b57db4a3-c6cf-47da-bae1-ea4ceafe7b5c",
        "x-ms-region": "West US",
        "x-ms-response-type": "standard",
        "X-Request-ID": "d34a881a00b846aa3f55f9977de4a3ca",
        "x-request-time": "0.273"
      },
      "ResponseBody": {
        "id": "msg_UyjXSnI0NNJLHf1sHkI60TIr",
        "object": "thread.message",
        "created_at": 1746138867,
        "assistant_id": null,
        "thread_id": "thread_F8wvIvNUE6lsgmLLqcLAGJiG",
        "run_id": null,
        "role": "user",
        "content": [
          {
            "type": "text",
            "text": {
              "value": "What does the attachment say?",
              "annotations": []
            }
          }
        ],
        "attachments": [],
        "metadata": {}
      }
    },
    {
      "RequestUri": "https://Sanitized.api.azureml.ms/agents/v1.0/subscriptions/00000000-0000-0000-0000-000000000000/resourceGroups/00000/providers/Microsoft.MachineLearningServices/workspaces/00000/threads/thread_F8wvIvNUE6lsgmLLqcLAGJiG/runs?api-version=v1",
      "RequestMethod": "POST",
      "RequestHeaders": {
        "Accept": "application/json",
        "Accept-Encoding": "gzip, deflate",
        "Content-Length": "65",
        "Content-Type": "application/json",
        "User-Agent": "azsdk-python-ai-agents/1.0.0b1 Python/3.11.5 (Windows-10-10.0.26100-SP0)"
      },
      "RequestBody": {
        "assistant_id": "asst_nudBJWpixsfEjYtoODoppPhf",
        "stream": true
      },
      "StatusCode": 200,
      "ResponseHeaders": {
        "apim-request-id": "28b18011-1f11-446f-900b-f1d038c7bf63",
        "azureml-served-by-cluster": "vienna-westus-02",
        "Connection": "keep-alive",
        "Content-Type": "text/event-stream; charset=utf-8",
        "Date": "Thu, 01 May 2025 22:34:28 GMT",
        "openai-organization": "20ba836fffc34ede8203166d666c74ef",
        "openai-processing-ms": "275",
        "openai-version": "2020-10-01",
        "Request-Context": "appId=cid-v1:2d2e8e63-272e-4b3c-8598-4ee570a0e70d",
        "Strict-Transport-Security": "max-age=31536000; includeSubDomains; preload",
        "Transfer-Encoding": "chunked",
        "X-Content-Type-Options": "nosniff",
        "x-ms-middleware-request-id": "3ba28b94-0e7c-469e-a20b-0c19c1fd7c24",
        "x-ms-region": "West US",
        "x-ms-response-type": "standard",
        "X-Request-ID": "ff557066a0983decc1ab53927b869e67",
        "x-request-time": "0.679"
      },
      "ResponseBody": [
        "event: thread.run.created\n",
        "data: {\"id\":\"run_UaES4p8m5nWDGZq6DsRCGYRv\",\"object\":\"thread.run\",\"created_at\":1746138868,\"assistant_id\":\"asst_nudBJWpixsfEjYtoODoppPhf\",\"thread_id\":\"thread_F8wvIvNUE6lsgmLLqcLAGJiG\",\"status\":\"queued\",\"started_at\":null,\"expires_at\":1746139468,\"cancelled_at\":null,\"failed_at\":null,\"completed_at\":null,\"required_action\":null,\"last_error\":null,\"model\":\"gpt-4\",\"instructions\":\"Hello, you are helpful agent and can search information from uploaded files\",\"tools\":[{\"type\":\"file_search\"}],\"tool_resources\":{\"code_interpreter\":{\"file_ids\":[]}},\"metadata\":{},\"temperature\":1.0,\"top_p\":1.0,\"max_completion_tokens\":null,\"max_prompt_tokens\":null,\"truncation_strategy\":{\"type\":\"auto\",\"last_messages\":null},\"incomplete_details\":null,\"usage\":null,\"response_format\":\"auto\",\"tool_choice\":\"auto\",\"parallel_tool_calls\":true}\n\n",
        "event: thread.run.queued\n",
        "data: {\"id\":\"run_UaES4p8m5nWDGZq6DsRCGYRv\",\"object\":\"thread.run\",\"created_at\":1746138868,\"assistant_id\":\"asst_nudBJWpixsfEjYtoODoppPhf\",\"thread_id\":\"thread_F8wvIvNUE6lsgmLLqcLAGJiG\",\"status\":\"queued\",\"started_at\":null,\"expires_at\":1746139468,\"cancelled_at\":null,\"failed_at\":null,\"completed_at\":null,\"required_action\":null,\"last_error\":null,\"model\":\"gpt-4\",\"instructions\":\"Hello, you are helpful agent and can search information from uploaded files\",\"tools\":[{\"type\":\"file_search\"}],\"tool_resources\":{\"code_interpreter\":{\"file_ids\":[]}},\"metadata\":{},\"temperature\":1.0,\"top_p\":1.0,\"max_completion_tokens\":null,\"max_prompt_tokens\":null,\"truncation_strategy\":{\"type\":\"auto\",\"last_messages\":null},\"incomplete_details\":null,\"usage\":null,\"response_format\":\"auto\",\"tool_choice\":\"auto\",\"parallel_tool_calls\":true}\n\n",
        "event: thread.run.in_progress\n",
        "data: {\"id\":\"run_UaES4p8m5nWDGZq6DsRCGYRv\",\"object\":\"thread.run\",\"created_at\":1746138868,\"assistant_id\":\"asst_nudBJWpixsfEjYtoODoppPhf\",\"thread_id\":\"thread_F8wvIvNUE6lsgmLLqcLAGJiG\",\"status\":\"in_progress\",\"started_at\":1746138868,\"expires_at\":1746139468,\"cancelled_at\":null,\"failed_at\":null,\"completed_at\":null,\"required_action\":null,\"last_error\":null,\"model\":\"gpt-4\",\"instructions\":\"Hello, you are helpful agent and can search information from uploaded files\",\"tools\":[{\"type\":\"file_search\"}],\"tool_resources\":{\"code_interpreter\":{\"file_ids\":[]}},\"metadata\":{},\"temperature\":1.0,\"top_p\":1.0,\"max_completion_tokens\":null,\"max_prompt_tokens\":null,\"truncation_strategy\":{\"type\":\"auto\",\"last_messages\":null},\"incomplete_details\":null,\"usage\":null,\"response_format\":\"auto\",\"tool_choice\":\"auto\",\"parallel_tool_calls\":true}\n\n",
        "event: thread.run.step.created\n",
        "data: {\"id\":\"step_oxaWp5sYNY4fSNgenTK98saQ\",\"object\":\"thread.run.step\",\"created_at\":1746138869,\"run_id\":\"run_UaES4p8m5nWDGZq6DsRCGYRv\",\"assistant_id\":\"asst_nudBJWpixsfEjYtoODoppPhf\",\"thread_id\":\"thread_F8wvIvNUE6lsgmLLqcLAGJiG\",\"type\":\"tool_calls\",\"status\":\"in_progress\",\"cancelled_at\":null,\"completed_at\":null,\"expires_at\":1746139468,\"failed_at\":null,\"last_error\":null,\"step_details\":{\"type\":\"tool_calls\",\"tool_calls\":[]},\"usage\":null}\n\n",
        "event: thread.run.step.in_progress\n",
        "data: {\"id\":\"step_oxaWp5sYNY4fSNgenTK98saQ\",\"object\":\"thread.run.step\",\"created_at\":1746138869,\"run_id\":\"run_UaES4p8m5nWDGZq6DsRCGYRv\",\"assistant_id\":\"asst_nudBJWpixsfEjYtoODoppPhf\",\"thread_id\":\"thread_F8wvIvNUE6lsgmLLqcLAGJiG\",\"type\":\"tool_calls\",\"status\":\"in_progress\",\"cancelled_at\":null,\"completed_at\":null,\"expires_at\":1746139468,\"failed_at\":null,\"last_error\":null,\"step_details\":{\"type\":\"tool_calls\",\"tool_calls\":[]},\"usage\":null}\n\n",
        "event: thread.run.step.delta\n",
        "data: {\"id\":\"step_oxaWp5sYNY4fSNgenTK98saQ\",\"object\":\"thread.run.step.delta\",\"delta\":{\"step_details\":{\"type\":\"tool_calls\",\"tool_calls\":[{\"index\":0,\"id\":\"call_lSFzOmpqQ0Pm6EMpK20nMdzq\",\"type\":\"file_search\",\"file_search\":{\"ranking_options\":{\"ranker\":\"default_2024_08_21\",\"score_threshold\":0.0},\"results\":[]}}]}}}\n\n",
        "event: thread.run.step.completed\n",
        "data: {\"id\":\"step_oxaWp5sYNY4fSNgenTK98saQ\",\"object\":\"thread.run.step\",\"created_at\":1746138869,\"run_id\":\"run_UaES4p8m5nWDGZq6DsRCGYRv\",\"assistant_id\":\"asst_nudBJWpixsfEjYtoODoppPhf\",\"thread_id\":\"thread_F8wvIvNUE6lsgmLLqcLAGJiG\",\"type\":\"tool_calls\",\"status\":\"completed\",\"cancelled_at\":null,\"completed_at\":1746138869,\"expires_at\":1746139468,\"failed_at\":null,\"last_error\":null,\"step_details\":{\"type\":\"tool_calls\",\"tool_calls\":[{\"id\":\"call_lSFzOmpqQ0Pm6EMpK20nMdzq\",\"type\":\"file_search\",\"file_search\":{\"ranking_options\":{\"ranker\":\"default_2024_08_21\",\"score_threshold\":0.0},\"results\":[]}}]},\"usage\":{\"prompt_tokens\":644,\"completion_tokens\":11,\"total_tokens\":655,\"prompt_token_details\":{\"cached_tokens\":0}}}\n\n",
        "event: thread.run.step.created\n",
        "data: {\"id\":\"step_kL6Whr1fFvo5RupAEhNXFDjY\",\"object\":\"thread.run.step\",\"created_at\":1746138869,\"run_id\":\"run_UaES4p8m5nWDGZq6DsRCGYRv\",\"assistant_id\":\"asst_nudBJWpixsfEjYtoODoppPhf\",\"thread_id\":\"thread_F8wvIvNUE6lsgmLLqcLAGJiG\",\"type\":\"message_creation\",\"status\":\"in_progress\",\"cancelled_at\":null,\"completed_at\":null,\"expires_at\":1746139468,\"failed_at\":null,\"last_error\":null,\"step_details\":{\"type\":\"message_creation\",\"message_creation\":{\"message_id\":\"msg_VL9CwTzvZuH1BGy8OCy1QB5X\"}},\"usage\":null}\n\n",
        "event: thread.run.step.in_progress\n",
        "data: {\"id\":\"step_kL6Whr1fFvo5RupAEhNXFDjY\",\"object\":\"thread.run.step\",\"created_at\":1746138869,\"run_id\":\"run_UaES4p8m5nWDGZq6DsRCGYRv\",\"assistant_id\":\"asst_nudBJWpixsfEjYtoODoppPhf\",\"thread_id\":\"thread_F8wvIvNUE6lsgmLLqcLAGJiG\",\"type\":\"message_creation\",\"status\":\"in_progress\",\"cancelled_at\":null,\"completed_at\":null,\"expires_at\":1746139468,\"failed_at\":null,\"last_error\":null,\"step_details\":{\"type\":\"message_creation\",\"message_creation\":{\"message_id\":\"msg_VL9CwTzvZuH1BGy8OCy1QB5X\"}},\"usage\":null}\n\n",
        "event: thread.message.created\n",
        "data: {\"id\":\"msg_VL9CwTzvZuH1BGy8OCy1QB5X\",\"object\":\"thread.message\",\"created_at\":1746138869,\"assistant_id\":\"asst_nudBJWpixsfEjYtoODoppPhf\",\"thread_id\":\"thread_F8wvIvNUE6lsgmLLqcLAGJiG\",\"run_id\":\"run_UaES4p8m5nWDGZq6DsRCGYRv\",\"status\":\"in_progress\",\"incomplete_details\":null,\"incomplete_at\":null,\"completed_at\":null,\"role\":\"assistant\",\"content\":[],\"attachments\":[],\"metadata\":{}}\n\n",
        "event: thread.message.in_progress\n",
        "data: {\"id\":\"msg_VL9CwTzvZuH1BGy8OCy1QB5X\",\"object\":\"thread.message\",\"created_at\":1746138869,\"assistant_id\":\"asst_nudBJWpixsfEjYtoODoppPhf\",\"thread_id\":\"thread_F8wvIvNUE6lsgmLLqcLAGJiG\",\"run_id\":\"run_UaES4p8m5nWDGZq6DsRCGYRv\",\"status\":\"in_progress\",\"incomplete_details\":null,\"incomplete_at\":null,\"completed_at\":null,\"role\":\"assistant\",\"content\":[],\"attachments\":[],\"metadata\":{}}\n\n",
        "event: thread.message.delta\n",
        "data: {\"id\":\"msg_VL9CwTzvZuH1BGy8OCy1QB5X\",\"object\":\"thread.message.delta\",\"delta\":{\"content\":[{\"index\":0,\"type\":\"text\",\"text\":{\"value\":\"It\",\"annotations\":[]}}]}}\n\n",
        "event: thread.message.delta\n",
        "data: {\"id\":\"msg_VL9CwTzvZuH1BGy8OCy1QB5X\",\"object\":\"thread.message.delta\",\"delta\":{\"content\":[{\"index\":0,\"type\":\"text\",\"text\":{\"value\":\" seems\"}}]}}\n\n",
        "event: thread.message.delta\n",
        "data: {\"id\":\"msg_VL9CwTzvZuH1BGy8OCy1QB5X\",\"object\":\"thread.message.delta\",\"delta\":{\"content\":[{\"index\":0,\"type\":\"text\",\"text\":{\"value\":\" there\"}}]}}\n\n",
        "event: thread.message.delta\n",
        "data: {\"id\":\"msg_VL9CwTzvZuH1BGy8OCy1QB5X\",\"object\":\"thread.message.delta\",\"delta\":{\"content\":[{\"index\":0,\"type\":\"text\",\"text\":{\"value\":\" was\"}}]}}\n\n",
        "event: thread.message.delta\n",
        "data: {\"id\":\"msg_VL9CwTzvZuH1BGy8OCy1QB5X\",\"object\":\"thread.message.delta\",\"delta\":{\"content\":[{\"index\":0,\"type\":\"text\",\"text\":{\"value\":\" an\"}}]}}\n\n",
        "event: thread.message.delta\n",
        "data: {\"id\":\"msg_VL9CwTzvZuH1BGy8OCy1QB5X\",\"object\":\"thread.message.delta\",\"delta\":{\"content\":[{\"index\":0,\"type\":\"text\",\"text\":{\"value\":\" issue\"}}]}}\n\n",
        "event: thread.message.delta\n",
        "data: {\"id\":\"msg_VL9CwTzvZuH1BGy8OCy1QB5X\",\"object\":\"thread.message.delta\",\"delta\":{\"content\":[{\"index\":0,\"type\":\"text\",\"text\":{\"value\":\" retrieving\"}}]}}\n\n",
        "event: thread.message.delta\n",
        "data: {\"id\":\"msg_VL9CwTzvZuH1BGy8OCy1QB5X\",\"object\":\"thread.message.delta\",\"delta\":{\"content\":[{\"index\":0,\"type\":\"text\",\"text\":{\"value\":\" content\"}}]}}\n\n",
        "event: thread.message.delta\n",
        "data: {\"id\":\"msg_VL9CwTzvZuH1BGy8OCy1QB5X\",\"object\":\"thread.message.delta\",\"delta\":{\"content\":[{\"index\":0,\"type\":\"text\",\"text\":{\"value\":\" from\"}}]}}\n\n",
        "event: thread.message.delta\n",
        "data: {\"id\":\"msg_VL9CwTzvZuH1BGy8OCy1QB5X\",\"object\":\"thread.message.delta\",\"delta\":{\"content\":[{\"index\":0,\"type\":\"text\",\"text\":{\"value\":\" the\"}}]}}\n\n",
        "event: thread.message.delta\n",
        "data: {\"id\":\"msg_VL9CwTzvZuH1BGy8OCy1QB5X\",\"object\":\"thread.message.delta\",\"delta\":{\"content\":[{\"index\":0,\"type\":\"text\",\"text\":{\"value\":\" uploaded\"}}]}}\n\n",
        "event: thread.message.delta\n",
        "data: {\"id\":\"msg_VL9CwTzvZuH1BGy8OCy1QB5X\",\"object\":\"thread.message.delta\",\"delta\":{\"content\":[{\"index\":0,\"type\":\"text\",\"text\":{\"value\":\" attachment\"}}]}}\n\n",
        "event: thread.message.delta\n",
        "data: {\"id\":\"msg_VL9CwTzvZuH1BGy8OCy1QB5X\",\"object\":\"thread.message.delta\",\"delta\":{\"content\":[{\"index\":0,\"type\":\"text\",\"text\":{\"value\":\".\"}}]}}\n\n",
        "event: thread.message.delta\n",
        "data: {\"id\":\"msg_VL9CwTzvZuH1BGy8OCy1QB5X\",\"object\":\"thread.message.delta\",\"delta\":{\"content\":[{\"index\":0,\"type\":\"text\",\"text\":{\"value\":\" Could\"}}]}}\n\n",
        "event: thread.message.delta\n",
        "data: {\"id\":\"msg_VL9CwTzvZuH1BGy8OCy1QB5X\",\"object\":\"thread.message.delta\",\"delta\":{\"content\":[{\"index\":0,\"type\":\"text\",\"text\":{\"value\":\" you\"}}]}}\n\n",
        "event: thread.message.delta\n",
        "data: {\"id\":\"msg_VL9CwTzvZuH1BGy8OCy1QB5X\",\"object\":\"thread.message.delta\",\"delta\":{\"content\":[{\"index\":0,\"type\":\"text\",\"text\":{\"value\":\" specify\"}}]}}\n\n",
        "event: thread.message.delta\n",
        "data: {\"id\":\"msg_VL9CwTzvZuH1BGy8OCy1QB5X\",\"object\":\"thread.message.delta\",\"delta\":{\"content\":[{\"index\":0,\"type\":\"text\",\"text\":{\"value\":\" the\"}}]}}\n\n",
        "event: thread.message.delta\n",
        "data: {\"id\":\"msg_VL9CwTzvZuH1BGy8OCy1QB5X\",\"object\":\"thread.message.delta\",\"delta\":{\"content\":[{\"index\":0,\"type\":\"text\",\"text\":{\"value\":\" topic\"}}]}}\n\n",
        "event: thread.message.delta\n",
        "data: {\"id\":\"msg_VL9CwTzvZuH1BGy8OCy1QB5X\",\"object\":\"thread.message.delta\",\"delta\":{\"content\":[{\"index\":0,\"type\":\"text\",\"text\":{\"value\":\" or\"}}]}}\n\n",
        "event: thread.message.delta\n",
        "data: {\"id\":\"msg_VL9CwTzvZuH1BGy8OCy1QB5X\",\"object\":\"thread.message.delta\",\"delta\":{\"content\":[{\"index\":0,\"type\":\"text\",\"text\":{\"value\":\" type\"}}]}}\n\n",
        "event: thread.message.delta\n",
        "data: {\"id\":\"msg_VL9CwTzvZuH1BGy8OCy1QB5X\",\"object\":\"thread.message.delta\",\"delta\":{\"content\":[{\"index\":0,\"type\":\"text\",\"text\":{\"value\":\" of\"}}]}}\n\n",
        "event: thread.message.delta\n",
        "data: {\"id\":\"msg_VL9CwTzvZuH1BGy8OCy1QB5X\",\"object\":\"thread.message.delta\",\"delta\":{\"content\":[{\"index\":0,\"type\":\"text\",\"text\":{\"value\":\" information\"}}]}}\n\n",
        "event: thread.message.delta\n",
        "data: {\"id\":\"msg_VL9CwTzvZuH1BGy8OCy1QB5X\",\"object\":\"thread.message.delta\",\"delta\":{\"content\":[{\"index\":0,\"type\":\"text\",\"text\":{\"value\":\" you\"}}]}}\n\n",
        "event: thread.message.delta\n",
        "data: {\"id\":\"msg_VL9CwTzvZuH1BGy8OCy1QB5X\",\"object\":\"thread.message.delta\",\"delta\":{\"content\":[{\"index\":0,\"type\":\"text\",\"text\":{\"value\":\" are\"}}]}}\n\n",
        "event: thread.message.delta\n",
        "data: {\"id\":\"msg_VL9CwTzvZuH1BGy8OCy1QB5X\",\"object\":\"thread.message.delta\",\"delta\":{\"content\":[{\"index\":0,\"type\":\"text\",\"text\":{\"value\":\" looking\"}}]}}\n\n",
        "event: thread.message.delta\n",
        "data: {\"id\":\"msg_VL9CwTzvZuH1BGy8OCy1QB5X\",\"object\":\"thread.message.delta\",\"delta\":{\"content\":[{\"index\":0,\"type\":\"text\",\"text\":{\"value\":\" for\"}}]}}\n\n",
        "event: thread.message.delta\n",
        "data: {\"id\":\"msg_VL9CwTzvZuH1BGy8OCy1QB5X\",\"object\":\"thread.message.delta\",\"delta\":{\"content\":[{\"index\":0,\"type\":\"text\",\"text\":{\"value\":\"?\"}}]}}\n\n",
        "event: thread.message.delta\n",
        "data: {\"id\":\"msg_VL9CwTzvZuH1BGy8OCy1QB5X\",\"object\":\"thread.message.delta\",\"delta\":{\"content\":[{\"index\":0,\"type\":\"text\",\"text\":{\"value\":\" That\"}}]}}\n\n",
        "event: thread.message.delta\n",
        "data: {\"id\":\"msg_VL9CwTzvZuH1BGy8OCy1QB5X\",\"object\":\"thread.message.delta\",\"delta\":{\"content\":[{\"index\":0,\"type\":\"text\",\"text\":{\"value\":\" would\"}}]}}\n\n",
        "event: thread.message.delta\n",
        "data: {\"id\":\"msg_VL9CwTzvZuH1BGy8OCy1QB5X\",\"object\":\"thread.message.delta\",\"delta\":{\"content\":[{\"index\":0,\"type\":\"text\",\"text\":{\"value\":\" help\"}}]}}\n\n",
        "event: thread.message.delta\n",
        "data: {\"id\":\"msg_VL9CwTzvZuH1BGy8OCy1QB5X\",\"object\":\"thread.message.delta\",\"delta\":{\"content\":[{\"index\":0,\"type\":\"text\",\"text\":{\"value\":\" in\"}}]}}\n\n",
        "event: thread.message.delta\n",
        "data: {\"id\":\"msg_VL9CwTzvZuH1BGy8OCy1QB5X\",\"object\":\"thread.message.delta\",\"delta\":{\"content\":[{\"index\":0,\"type\":\"text\",\"text\":{\"value\":\" conducting\"}}]}}\n\n",
        "event: thread.message.delta\n",
        "data: {\"id\":\"msg_VL9CwTzvZuH1BGy8OCy1QB5X\",\"object\":\"thread.message.delta\",\"delta\":{\"content\":[{\"index\":0,\"type\":\"text\",\"text\":{\"value\":\" a\"}}]}}\n\n",
        "event: thread.message.delta\n",
        "data: {\"id\":\"msg_VL9CwTzvZuH1BGy8OCy1QB5X\",\"object\":\"thread.message.delta\",\"delta\":{\"content\":[{\"index\":0,\"type\":\"text\",\"text\":{\"value\":\" more\"}}]}}\n\n",
        "event: thread.message.delta\n",
        "data: {\"id\":\"msg_VL9CwTzvZuH1BGy8OCy1QB5X\",\"object\":\"thread.message.delta\",\"delta\":{\"content\":[{\"index\":0,\"type\":\"text\",\"text\":{\"value\":\" focused\"}}]}}\n\n",
        "event: thread.message.delta\n",
        "data: {\"id\":\"msg_VL9CwTzvZuH1BGy8OCy1QB5X\",\"object\":\"thread.message.delta\",\"delta\":{\"content\":[{\"index\":0,\"type\":\"text\",\"text\":{\"value\":\" search\"}}]}}\n\n",
        "event: thread.message.delta\n",
        "data: {\"id\":\"msg_VL9CwTzvZuH1BGy8OCy1QB5X\",\"object\":\"thread.message.delta\",\"delta\":{\"content\":[{\"index\":0,\"type\":\"text\",\"text\":{\"value\":\".\"}}]}}\n\n",
        "event: thread.message.completed\n",
        "data: {\"id\":\"msg_VL9CwTzvZuH1BGy8OCy1QB5X\",\"object\":\"thread.message\",\"created_at\":1746138869,\"assistant_id\":\"asst_nudBJWpixsfEjYtoODoppPhf\",\"thread_id\":\"thread_F8wvIvNUE6lsgmLLqcLAGJiG\",\"run_id\":\"run_UaES4p8m5nWDGZq6DsRCGYRv\",\"status\":\"completed\",\"incomplete_details\":null,\"incomplete_at\":null,\"completed_at\":1746138870,\"role\":\"assistant\",\"content\":[{\"type\":\"text\",\"text\":{\"value\":\"It seems there was an issue retrieving content from the uploaded attachment. Could you specify the topic or type of information you are looking for? That would help in conducting a more focused search.\",\"annotations\":[]}}],\"attachments\":[],\"metadata\":{}}\n\n",
        "event: thread.run.step.completed\n",
        "data: {\"id\":\"step_kL6Whr1fFvo5RupAEhNXFDjY\",\"object\":\"thread.run.step\",\"created_at\":1746138869,\"run_id\":\"run_UaES4p8m5nWDGZq6DsRCGYRv\",\"assistant_id\":\"asst_nudBJWpixsfEjYtoODoppPhf\",\"thread_id\":\"thread_F8wvIvNUE6lsgmLLqcLAGJiG\",\"type\":\"message_creation\",\"status\":\"completed\",\"cancelled_at\":null,\"completed_at\":1746138870,\"expires_at\":1746139468,\"failed_at\":null,\"last_error\":null,\"step_details\":{\"type\":\"message_creation\",\"message_creation\":{\"message_id\":\"msg_VL9CwTzvZuH1BGy8OCy1QB5X\"}},\"usage\":{\"prompt_tokens\":693,\"completion_tokens\":39,\"total_tokens\":732,\"prompt_token_details\":{\"cached_tokens\":0}}}\n\n",
        "event: thread.run.completed\n",
        "data: {\"id\":\"run_UaES4p8m5nWDGZq6DsRCGYRv\",\"object\":\"thread.run\",\"created_at\":1746138868,\"assistant_id\":\"asst_nudBJWpixsfEjYtoODoppPhf\",\"thread_id\":\"thread_F8wvIvNUE6lsgmLLqcLAGJiG\",\"status\":\"completed\",\"started_at\":1746138868,\"expires_at\":null,\"cancelled_at\":null,\"failed_at\":null,\"completed_at\":1746138870,\"required_action\":null,\"last_error\":null,\"model\":\"gpt-4\",\"instructions\":\"Hello, you are helpful agent and can search information from uploaded files\",\"tools\":[{\"type\":\"file_search\"}],\"tool_resources\":{\"code_interpreter\":{\"file_ids\":[]}},\"metadata\":{},\"temperature\":1.0,\"top_p\":1.0,\"max_completion_tokens\":null,\"max_prompt_tokens\":null,\"truncation_strategy\":{\"type\":\"auto\",\"last_messages\":null},\"incomplete_details\":null,\"usage\":{\"prompt_tokens\":1337,\"completion_tokens\":50,\"total_tokens\":1387,\"prompt_token_details\":{\"cached_tokens\":0}},\"response_format\":\"auto\",\"tool_choice\":\"auto\",\"parallel_tool_calls\":true}\n\n",
        "event: done\n",
        "data: [DONE]\n\n"
      ]
    },
    {
      "RequestUri": "https://Sanitized.api.azureml.ms/agents/v1.0/subscriptions/00000000-0000-0000-0000-000000000000/resourceGroups/00000/providers/Microsoft.MachineLearningServices/workspaces/00000/threads/thread_F8wvIvNUE6lsgmLLqcLAGJiG/runs/Sanitized?api-version=v1",
      "RequestMethod": "GET",
      "RequestHeaders": {
        "Accept": "application/json",
        "Accept-Encoding": "gzip, deflate",
        "User-Agent": "azsdk-python-ai-agents/1.0.0b1 Python/3.11.5 (Windows-10-10.0.26100-SP0)"
      },
      "RequestBody": null,
      "StatusCode": 200,
      "ResponseHeaders": {
        "apim-request-id": "272f3e46-f520-4a31-9f48-fad1b361f7ec",
        "azureml-served-by-cluster": "vienna-westus-02",
        "Connection": "keep-alive",
        "Content-Encoding": "gzip",
        "Content-Type": "application/json",
        "Date": "Thu, 01 May 2025 22:34:31 GMT",
        "openai-organization": "20ba836fffc34ede8203166d666c74ef",
        "openai-processing-ms": "94",
        "openai-version": "2020-10-01",
        "Request-Context": "appId=cid-v1:2d2e8e63-272e-4b3c-8598-4ee570a0e70d",
        "Strict-Transport-Security": "max-age=31536000; includeSubDomains; preload",
        "Transfer-Encoding": "chunked",
        "Vary": "Accept-Encoding",
        "X-Content-Type-Options": "nosniff",
        "x-ms-middleware-request-id": "2d735da5-d257-4c67-bc15-2bcdf4774c04",
        "x-ms-region": "West US",
        "x-ms-response-type": "standard",
        "X-Request-ID": "74699d16b10e2f10bc3339e3e5c04be8",
        "x-request-time": "0.342"
      },
      "ResponseBody": {
        "id": "run_UaES4p8m5nWDGZq6DsRCGYRv",
        "object": "thread.run",
        "created_at": 1746138868,
        "assistant_id": "asst_nudBJWpixsfEjYtoODoppPhf",
        "thread_id": "thread_F8wvIvNUE6lsgmLLqcLAGJiG",
        "status": "completed",
        "started_at": 1746138868,
        "expires_at": null,
        "cancelled_at": null,
        "failed_at": null,
        "completed_at": 1746138870,
        "required_action": null,
        "last_error": null,
        "model": "gpt-4",
        "instructions": "Hello, you are helpful agent and can search information from uploaded files",
        "tools": [
          {
            "type": "file_search"
          }
        ],
        "tool_resources": {},
        "metadata": {},
        "temperature": 1.0,
        "top_p": 1.0,
        "max_completion_tokens": null,
        "max_prompt_tokens": null,
        "truncation_strategy": {
          "type": "auto",
          "last_messages": null
        },
        "incomplete_details": null,
        "usage": {
          "prompt_tokens": 1337,
          "completion_tokens": 50,
          "total_tokens": 1387,
          "prompt_token_details": {
            "cached_tokens": 0
          }
        },
        "response_format": "auto",
        "tool_choice": "auto",
        "parallel_tool_calls": true
      }
    },
    {
      "RequestUri": "https://Sanitized.api.azureml.ms/agents/v1.0/subscriptions/00000000-0000-0000-0000-000000000000/resourceGroups/00000/providers/Microsoft.MachineLearningServices/workspaces/00000/vector_stores/vs_000000000000000000000000?api-version=v1",
      "RequestMethod": "DELETE",
      "RequestHeaders": {
        "Accept": "application/json",
        "Accept-Encoding": "gzip, deflate",
        "Content-Length": "0",
        "User-Agent": "azsdk-python-ai-agents/1.0.0b1 Python/3.11.5 (Windows-10-10.0.26100-SP0)"
      },
      "RequestBody": null,
      "StatusCode": 200,
      "ResponseHeaders": {
        "apim-request-id": "05faa354-5ad4-4c30-9da9-eecc736c101d",
        "azureml-served-by-cluster": "vienna-westus-02",
        "Connection": "keep-alive",
        "Content-Length": "96",
        "Content-Type": "application/json",
        "Date": "Thu, 01 May 2025 22:34:32 GMT",
        "openai-organization": "20ba836fffc34ede8203166d666c74ef",
        "openai-processing-ms": "682",
        "openai-version": "2020-10-01",
        "Request-Context": "appId=cid-v1:2d2e8e63-272e-4b3c-8598-4ee570a0e70d",
        "Strict-Transport-Security": "max-age=31536000; includeSubDomains; preload",
        "X-Content-Type-Options": "nosniff",
        "x-ms-middleware-request-id": "744de77a-fcbb-4bec-b3c4-8e3d00fcd6a0",
        "x-ms-region": "West US",
        "x-ms-response-type": "standard",
        "X-Request-ID": "d1a770fe793303289caa349ecfbb28ee",
        "x-request-time": "0.924"
      },
      "ResponseBody": {
        "id": "vs_9yYzvP4GDf5K49sTY68UfBaF",
        "object": "vector_store.deleted",
        "deleted": true
      }
    },
    {
      "RequestUri": "https://Sanitized.api.azureml.ms/agents/v1.0/subscriptions/00000000-0000-0000-0000-000000000000/resourceGroups/00000/providers/Microsoft.MachineLearningServices/workspaces/00000/threads/thread_F8wvIvNUE6lsgmLLqcLAGJiG/messages?api-version=v1",
      "RequestMethod": "GET",
      "RequestHeaders": {
        "Accept": "application/json",
        "Accept-Encoding": "gzip, deflate",
        "User-Agent": "azsdk-python-ai-agents/1.0.0b1 Python/3.11.5 (Windows-10-10.0.26100-SP0)"
      },
      "RequestBody": null,
      "StatusCode": 200,
      "ResponseHeaders": {
        "apim-request-id": "9a060251-3a09-467a-a526-6c706d2e9339",
        "azureml-served-by-cluster": "vienna-westus-02",
        "Connection": "keep-alive",
        "Content-Encoding": "gzip",
        "Content-Type": "application/json",
        "Date": "Thu, 01 May 2025 22:34:32 GMT",
        "openai-organization": "20ba836fffc34ede8203166d666c74ef",
        "openai-processing-ms": "78",
        "openai-version": "2020-10-01",
        "Request-Context": "appId=cid-v1:2d2e8e63-272e-4b3c-8598-4ee570a0e70d",
        "Strict-Transport-Security": "max-age=31536000; includeSubDomains; preload",
        "Transfer-Encoding": "chunked",
        "Vary": "Accept-Encoding",
        "X-Content-Type-Options": "nosniff",
        "x-ms-middleware-request-id": "805fc6d5-2f04-4424-b4fc-c01bcb54725d",
        "x-ms-region": "West US",
        "x-ms-response-type": "standard",
        "X-Request-ID": "4a8129678805c8e54a1378056ba764a6",
        "x-request-time": "0.381"
      },
      "ResponseBody": {
        "object": "list",
        "data": [
          {
            "id": "msg_VL9CwTzvZuH1BGy8OCy1QB5X",
            "object": "thread.message",
            "created_at": 1746138869,
            "assistant_id": "asst_nudBJWpixsfEjYtoODoppPhf",
            "thread_id": "thread_F8wvIvNUE6lsgmLLqcLAGJiG",
            "run_id": "run_UaES4p8m5nWDGZq6DsRCGYRv",
            "role": "assistant",
            "content": [
              {
                "type": "text",
                "text": {
                  "value": "It seems there was an issue retrieving content from the uploaded attachment. Could you specify the topic or type of information you are looking for? That would help in conducting a more focused search.",
                  "annotations": []
                }
              }
            ],
            "attachments": [],
            "metadata": {}
          },
          {
            "id": "msg_UyjXSnI0NNJLHf1sHkI60TIr",
            "object": "thread.message",
            "created_at": 1746138867,
            "assistant_id": null,
            "thread_id": "thread_F8wvIvNUE6lsgmLLqcLAGJiG",
            "run_id": null,
            "role": "user",
            "content": [
              {
                "type": "text",
                "text": {
                  "value": "What does the attachment say?",
                  "annotations": []
                }
              }
            ],
            "attachments": [],
            "metadata": {}
          }
        ],
        "first_id": "msg_VL9CwTzvZuH1BGy8OCy1QB5X",
        "last_id": "msg_UyjXSnI0NNJLHf1sHkI60TIr",
        "has_more": false
      }
    },
    {
      "RequestUri": "https://Sanitized.api.azureml.ms/agents/v1.0/subscriptions/00000000-0000-0000-0000-000000000000/resourceGroups/00000/providers/Microsoft.MachineLearningServices/workspaces/00000/assistants/asst_nudBJWpixsfEjYtoODoppPhf?api-version=v1",
      "RequestMethod": "DELETE",
      "RequestHeaders": {
        "Accept": "application/json",
        "Accept-Encoding": "gzip, deflate",
        "Content-Length": "0",
        "User-Agent": "azsdk-python-ai-agents/1.0.0b1 Python/3.11.5 (Windows-10-10.0.26100-SP0)"
      },
      "RequestBody": null,
      "StatusCode": 200,
      "ResponseHeaders": {
        "apim-request-id": "2a177ddb-33d9-4cdc-a090-cdb32e929888",
        "azureml-served-by-cluster": "vienna-westus-02",
        "Connection": "keep-alive",
        "Content-Length": "95",
        "Content-Type": "application/json",
        "Date": "Thu, 01 May 2025 22:34:32 GMT",
        "openai-organization": "20ba836fffc34ede8203166d666c74ef",
        "openai-processing-ms": "77",
        "openai-version": "2020-10-01",
        "Request-Context": "appId=cid-v1:2d2e8e63-272e-4b3c-8598-4ee570a0e70d",
        "Strict-Transport-Security": "max-age=31536000; includeSubDomains; preload",
        "X-Content-Type-Options": "nosniff",
        "x-ms-middleware-request-id": "97d8447d-6298-4b50-bb8e-3eff432f1850",
        "x-ms-region": "West US",
        "x-ms-response-type": "standard",
        "X-Request-ID": "fa1ffa3185919e2d6616f1688a2d15b6",
        "x-request-time": "0.301"
      },
      "ResponseBody": {
        "id": "asst_nudBJWpixsfEjYtoODoppPhf",
        "object": "assistant.deleted",
        "deleted": true
      }
    }
  ],
  "Variables": {}
}
