{
  "Entries": [
    {
      "RequestUri": "https://Sanitized.api.azureml.ms/agents/v1.0/subscriptions/00000000-0000-0000-0000-000000000000/resourceGroups/00000/providers/Microsoft.MachineLearningServices/workspaces/00000/vector_stores?api-version=2025-05-15-preview",
      "RequestMethod": "POST",
      "RequestHeaders": {
        "Accept": "application/json",
        "Accept-Encoding": "gzip, deflate",
        "Content-Length": "47",
        "Content-Type": "application/json",
        "User-Agent": "azsdk-python-ai-agents/1.0.0b1 Python/3.11.5 (Windows-10-10.0.26100-SP0)"
      },
      "RequestBody": {
        "file_ids": [],
        "name": "sample_vector_store"
      },
      "StatusCode": 200,
      "ResponseHeaders": {
        "apim-request-id": "48d99093-3547-4a00-a135-2f33db65fee1",
        "Connection": "keep-alive",
        "Content-Encoding": "gzip",
        "Content-Type": "application/json",
        "Date": "Mon, 28 Apr 2025 20:25:19 GMT",
        "openai-organization": "20ba836fffc34ede8203166d666c74ef",
        "openai-processing-ms": "454",
        "openai-version": "2020-10-01",
        "Request-Context": "appId=cid-v1:2d2e8e63-272e-4b3c-8598-4ee570a0e70d",
        "Strict-Transport-Security": "max-age=31536000; includeSubDomains; preload",
        "Transfer-Encoding": "chunked",
        "Vary": "Accept-Encoding",
        "x-aml-cluster": "vienna-westus-02",
        "X-Content-Type-Options": "nosniff",
        "x-ms-middleware-request-id": "5afcd2a6-b693-4f59-8afc-3586c7b18891",
        "x-ms-region": "West US",
        "x-ms-response-type": "standard",
        "X-Request-ID": "deaa92c4e9323b34245f69e5706ee7ba",
        "x-request-time": "0.677"
      },
      "ResponseBody": {
        "id": "vs_bN4eqwCscsqQ6o09JbdT0SjW",
        "object": "vector_store",
        "name": "sample_vector_store",
        "status": "completed",
        "usage_bytes": 0,
        "created_at": 1745871919,
        "file_counts": {
          "in_progress": 0,
          "completed": 0,
          "failed": 0,
          "cancelled": 0,
          "total": 0
        },
        "metadata": {},
        "expires_after": null,
        "expires_at": null,
        "last_active_at": 1745871919
      }
    },
    {
      "RequestUri": "https://Sanitized.api.azureml.ms/agents/v1.0/subscriptions/00000000-0000-0000-0000-000000000000/resourceGroups/00000/providers/Microsoft.MachineLearningServices/workspaces/00000/vector_stores/vs_000000000000000000000000/files?api-version=2025-05-15-preview",
      "RequestMethod": "POST",
      "RequestHeaders": {
        "Accept": "application/json",
        "Accept-Encoding": "gzip, deflate",
        "Content-Length": "221",
        "Content-Type": "application/json",
        "User-Agent": "azsdk-python-ai-agents/1.0.0b1 Python/3.11.5 (Windows-10-10.0.26100-SP0)"
      },
      "RequestBody": {
        "data_source": {
          "uri": "azureml://subscriptions/00000000-0000-0000-0000-000000000000/resourcegroups/00000/workspaces/00000/datastores/workspaceblobstore/paths/LocalUpload/00000000000/product_info_1.md",
          "type": "uri_asset"
        }
      },
      "StatusCode": 200,
      "ResponseHeaders": {
        "apim-request-id": "dcdcf4be-6e63-40a8-b25a-0618d3f548ef",
        "Connection": "keep-alive",
        "Content-Encoding": "gzip",
        "Content-Type": "application/json",
        "Date": "Mon, 28 Apr 2025 20:25:27 GMT",
        "openai-organization": "20ba836fffc34ede8203166d666c74ef",
        "openai-processing-ms": "8138",
        "openai-version": "2020-10-01",
        "Request-Context": "appId=cid-v1:2d2e8e63-272e-4b3c-8598-4ee570a0e70d",
        "Strict-Transport-Security": "max-age=31536000; includeSubDomains; preload",
        "Transfer-Encoding": "chunked",
        "Vary": "Accept-Encoding",
        "x-aml-cluster": "vienna-westus-02",
        "X-Content-Type-Options": "nosniff",
        "x-ms-middleware-request-id": "3b01fd2f-cc38-4db3-a1e8-f483b01333ea",
        "x-ms-region": "West US",
        "x-ms-response-type": "standard",
        "X-Request-ID": "116acf6b3a6f9b58c9fd086f4eb36890",
        "x-request-time": "8.365"
      },
      "ResponseBody": {
        "id": "assistant-3sEbT5TWQ3HczPqAQuqNm8",
        "object": "vector_store.file",
        "usage_bytes": 0,
        "created_at": 1745871927,
        "vector_store_id": "vs_bN4eqwCscsqQ6o09JbdT0SjW",
        "status": "in_progress",
        "last_error": null,
        "chunking_strategy": {
          "type": "static",
          "static": {
            "max_chunk_size_tokens": 800,
            "chunk_overlap_tokens": 400
          }
        }
      }
    },
    {
      "RequestUri": "https://Sanitized.api.azureml.ms/agents/v1.0/subscriptions/00000000-0000-0000-0000-000000000000/resourceGroups/00000/providers/Microsoft.MachineLearningServices/workspaces/00000/assistants?api-version=2025-05-15-preview",
      "RequestMethod": "POST",
      "RequestHeaders": {
        "Accept": "application/json",
        "Accept-Encoding": "gzip, deflate",
        "Content-Length": "259",
        "Content-Type": "application/json",
        "User-Agent": "azsdk-python-ai-agents/1.0.0b1 Python/3.11.5 (Windows-10-10.0.26100-SP0)"
      },
      "RequestBody": {
        "instructions": "Hello, you are helpful agent and can search information from uploaded files",
        "model": "gpt-4",
        "name": "my-agent",
        "tool_resources": {
          "file_search": {
            "vector_store_ids": [
              "vs_bN4eqwCscsqQ6o09JbdT0SjW"
            ]
          }
        },
        "tools": [
          {
            "type": "file_search"
          }
        ]
      },
      "StatusCode": 200,
      "ResponseHeaders": {
        "apim-request-id": "021be723-97bf-4556-b204-0780933582ad",
        "Connection": "keep-alive",
        "Content-Encoding": "gzip",
        "Content-Type": "application/json",
        "Date": "Mon, 28 Apr 2025 20:25:27 GMT",
        "openai-organization": "20ba836fffc34ede8203166d666c74ef",
        "openai-processing-ms": "84",
        "openai-version": "2020-10-01",
        "Request-Context": "appId=cid-v1:2d2e8e63-272e-4b3c-8598-4ee570a0e70d",
        "Strict-Transport-Security": "max-age=31536000; includeSubDomains; preload",
        "Transfer-Encoding": "chunked",
        "Vary": "Accept-Encoding",
        "x-aml-cluster": "vienna-westus-02",
        "X-Content-Type-Options": "nosniff",
        "x-ms-middleware-request-id": "021be723-97bf-4556-b204-0780933582ad",
        "x-ms-region": "West US",
        "x-ms-response-type": "standard",
        "X-Request-ID": "4a53bd8d54fda5db18413d013bb5d61b",
        "x-request-time": "0.339"
      },
      "ResponseBody": {
        "id": "asst_msQCFKuCmgGdF1T3vh8Iegk4",
        "object": "assistant",
        "created_at": 1745871927,
        "name": "my-agent",
        "description": null,
        "model": "gpt-4",
        "instructions": "Hello, you are helpful agent and can search information from uploaded files",
        "tools": [
          {
            "type": "file_search"
          }
        ],
        "top_p": 1.0,
        "temperature": 1.0,
        "tool_resources": {
          "file_search": {
            "vector_store_ids": [
              "vs_bN4eqwCscsqQ6o09JbdT0SjW"
            ]
          }
        },
        "metadata": {},
        "response_format": "auto"
      }
    },
    {
      "RequestUri": "https://Sanitized.api.azureml.ms/agents/v1.0/subscriptions/00000000-0000-0000-0000-000000000000/resourceGroups/00000/providers/Microsoft.MachineLearningServices/workspaces/00000/threads?api-version=2025-05-15-preview",
      "RequestMethod": "POST",
      "RequestHeaders": {
        "Accept": "application/json",
        "Accept-Encoding": "gzip, deflate",
        "Content-Length": "2",
        "Content-Type": "application/json",
        "User-Agent": "azsdk-python-ai-agents/1.0.0b1 Python/3.11.5 (Windows-10-10.0.26100-SP0)"
      },
      "RequestBody": {},
      "StatusCode": 200,
      "ResponseHeaders": {
        "apim-request-id": "04c18b3b-de05-48e3-a54c-66e040944eca",
        "Connection": "keep-alive",
        "Content-Length": "137",
        "Content-Type": "application/json",
        "Date": "Mon, 28 Apr 2025 20:25:28 GMT",
        "openai-organization": "20ba836fffc34ede8203166d666c74ef",
        "openai-processing-ms": "71",
        "openai-version": "2020-10-01",
        "Request-Context": "appId=cid-v1:2d2e8e63-272e-4b3c-8598-4ee570a0e70d",
        "Strict-Transport-Security": "max-age=31536000; includeSubDomains; preload",
        "x-aml-cluster": "vienna-westus-02",
        "X-Content-Type-Options": "nosniff",
        "x-ms-middleware-request-id": "18afeae1-212f-4c4f-9cd7-93ced45e5de6",
        "x-ms-region": "West US",
        "x-ms-response-type": "standard",
        "X-Request-ID": "6daed6bf7ac19bf343b5b7978ac4ac11",
        "x-request-time": "0.285"
      },
      "ResponseBody": {
        "id": "thread_I0Nc5a5KI0xLHWWB8bGePutd",
        "object": "thread",
        "created_at": 1745871928,
        "metadata": {},
        "tool_resources": {}
      }
    },
    {
      "RequestUri": "https://Sanitized.api.azureml.ms/agents/v1.0/subscriptions/00000000-0000-0000-0000-000000000000/resourceGroups/00000/providers/Microsoft.MachineLearningServices/workspaces/00000/threads/thread_I0Nc5a5KI0xLHWWB8bGePutd/messages?api-version=2025-05-15-preview",
      "RequestMethod": "POST",
      "RequestHeaders": {
        "Accept": "application/json",
        "Accept-Encoding": "gzip, deflate",
        "Content-Length": "60",
        "Content-Type": "application/json",
        "User-Agent": "azsdk-python-ai-agents/1.0.0b1 Python/3.11.5 (Windows-10-10.0.26100-SP0)"
      },
      "RequestBody": {
        "content": "What does the attachment say?",
        "role": "user"
      },
      "StatusCode": 200,
      "ResponseHeaders": {
        "apim-request-id": "e582828d-98fc-4bdb-a78c-9db27a973ee7",
        "Connection": "keep-alive",
        "Content-Encoding": "gzip",
        "Content-Type": "application/json",
        "Date": "Mon, 28 Apr 2025 20:25:28 GMT",
        "openai-organization": "20ba836fffc34ede8203166d666c74ef",
        "openai-processing-ms": "48",
        "openai-version": "2020-10-01",
        "Request-Context": "appId=cid-v1:2d2e8e63-272e-4b3c-8598-4ee570a0e70d",
        "Strict-Transport-Security": "max-age=31536000; includeSubDomains; preload",
        "Transfer-Encoding": "chunked",
        "Vary": "Accept-Encoding",
        "x-aml-cluster": "vienna-westus-02",
        "X-Content-Type-Options": "nosniff",
        "x-ms-middleware-request-id": "d0f1ea75-5613-4e6b-8d46-6033cb3cd09c",
        "x-ms-region": "West US",
        "x-ms-response-type": "standard",
        "X-Request-ID": "8994cbe4881f6cdd0b57cdafe6edb522",
        "x-request-time": "0.283"
      },
      "ResponseBody": {
        "id": "msg_gEQvl51yevzf9y2KciweZx7s",
        "object": "thread.message",
        "created_at": 1745871928,
        "assistant_id": null,
        "thread_id": "thread_I0Nc5a5KI0xLHWWB8bGePutd",
        "run_id": null,
        "role": "user",
        "content": [
          {
            "type": "text",
            "text": {
              "value": "What does the attachment say?",
              "annotations": []
            }
          }
        ],
        "attachments": [],
        "metadata": {}
      }
    },
    {
      "RequestUri": "https://Sanitized.api.azureml.ms/agents/v1.0/subscriptions/00000000-0000-0000-0000-000000000000/resourceGroups/00000/providers/Microsoft.MachineLearningServices/workspaces/00000/threads/thread_I0Nc5a5KI0xLHWWB8bGePutd/runs?api-version=2025-05-15-preview",
      "RequestMethod": "POST",
      "RequestHeaders": {
        "Accept": "application/json",
        "Accept-Encoding": "gzip, deflate",
        "Content-Length": "65",
        "Content-Type": "application/json",
        "User-Agent": "azsdk-python-ai-agents/1.0.0b1 Python/3.11.5 (Windows-10-10.0.26100-SP0)"
      },
      "RequestBody": {
        "assistant_id": "asst_msQCFKuCmgGdF1T3vh8Iegk4",
        "stream": true
      },
      "StatusCode": 200,
      "ResponseHeaders": {
        "apim-request-id": "08ade029-fc69-4ae2-b05d-a21e95a9449b",
        "Connection": "keep-alive",
        "Content-Type": "text/event-stream; charset=utf-8",
        "Date": "Mon, 28 Apr 2025 20:25:28 GMT",
        "openai-organization": "20ba836fffc34ede8203166d666c74ef",
        "openai-processing-ms": "191",
        "openai-version": "2020-10-01",
        "Request-Context": "appId=cid-v1:2d2e8e63-272e-4b3c-8598-4ee570a0e70d",
        "Strict-Transport-Security": "max-age=31536000; includeSubDomains; preload",
        "Transfer-Encoding": "chunked",
        "x-aml-cluster": "vienna-westus-02",
        "X-Content-Type-Options": "nosniff",
        "x-ms-middleware-request-id": "f5ef4689-e2a6-4585-b5ce-a4ea32dadd66",
        "x-ms-region": "West US",
        "x-ms-response-type": "standard",
        "X-Request-ID": "501dec4bf6422cb7f151d521864bd35c",
        "x-request-time": "0.447"
      },
      "ResponseBody": [
        "event: thread.run.created\n",
        "data: {\"id\":\"run_zN5FinCe15U5bTVZo6nRp7O7\",\"object\":\"thread.run\",\"created_at\":1745871928,\"assistant_id\":\"asst_msQCFKuCmgGdF1T3vh8Iegk4\",\"thread_id\":\"thread_I0Nc5a5KI0xLHWWB8bGePutd\",\"status\":\"queued\",\"started_at\":null,\"expires_at\":1745872528,\"cancelled_at\":null,\"failed_at\":null,\"completed_at\":null,\"required_action\":null,\"last_error\":null,\"model\":\"gpt-4\",\"instructions\":\"Hello, you are helpful agent and can search information from uploaded files\",\"tools\":[{\"type\":\"file_search\"}],\"tool_resources\":{\"code_interpreter\":{\"file_ids\":[]}},\"metadata\":{},\"temperature\":1.0,\"top_p\":1.0,\"max_completion_tokens\":null,\"max_prompt_tokens\":null,\"truncation_strategy\":{\"type\":\"auto\",\"last_messages\":null},\"incomplete_details\":null,\"usage\":null,\"response_format\":\"auto\",\"tool_choice\":\"auto\",\"parallel_tool_calls\":true}\n\n",
        "event: thread.run.queued\n",
        "data: {\"id\":\"run_zN5FinCe15U5bTVZo6nRp7O7\",\"object\":\"thread.run\",\"created_at\":1745871928,\"assistant_id\":\"asst_msQCFKuCmgGdF1T3vh8Iegk4\",\"thread_id\":\"thread_I0Nc5a5KI0xLHWWB8bGePutd\",\"status\":\"queued\",\"started_at\":null,\"expires_at\":1745872528,\"cancelled_at\":null,\"failed_at\":null,\"completed_at\":null,\"required_action\":null,\"last_error\":null,\"model\":\"gpt-4\",\"instructions\":\"Hello, you are helpful agent and can search information from uploaded files\",\"tools\":[{\"type\":\"file_search\"}],\"tool_resources\":{\"code_interpreter\":{\"file_ids\":[]}},\"metadata\":{},\"temperature\":1.0,\"top_p\":1.0,\"max_completion_tokens\":null,\"max_prompt_tokens\":null,\"truncation_strategy\":{\"type\":\"auto\",\"last_messages\":null},\"incomplete_details\":null,\"usage\":null,\"response_format\":\"auto\",\"tool_choice\":\"auto\",\"parallel_tool_calls\":true}\n\n",
        "event: thread.run.in_progress\n",
        "data: {\"id\":\"run_zN5FinCe15U5bTVZo6nRp7O7\",\"object\":\"thread.run\",\"created_at\":1745871928,\"assistant_id\":\"asst_msQCFKuCmgGdF1T3vh8Iegk4\",\"thread_id\":\"thread_I0Nc5a5KI0xLHWWB8bGePutd\",\"status\":\"in_progress\",\"started_at\":1745871929,\"expires_at\":1745872528,\"cancelled_at\":null,\"failed_at\":null,\"completed_at\":null,\"required_action\":null,\"last_error\":null,\"model\":\"gpt-4\",\"instructions\":\"Hello, you are helpful agent and can search information from uploaded files\",\"tools\":[{\"type\":\"file_search\"}],\"tool_resources\":{\"code_interpreter\":{\"file_ids\":[]}},\"metadata\":{},\"temperature\":1.0,\"top_p\":1.0,\"max_completion_tokens\":null,\"max_prompt_tokens\":null,\"truncation_strategy\":{\"type\":\"auto\",\"last_messages\":null},\"incomplete_details\":null,\"usage\":null,\"response_format\":\"auto\",\"tool_choice\":\"auto\",\"parallel_tool_calls\":true}\n\n",
        "event: thread.run.step.created\n",
        "data: {\"id\":\"step_vtc0HuS2cCQWeFvuWnWO92NV\",\"object\":\"thread.run.step\",\"created_at\":1745871929,\"run_id\":\"run_zN5FinCe15U5bTVZo6nRp7O7\",\"assistant_id\":\"asst_msQCFKuCmgGdF1T3vh8Iegk4\",\"thread_id\":\"thread_I0Nc5a5KI0xLHWWB8bGePutd\",\"type\":\"message_creation\",\"status\":\"in_progress\",\"cancelled_at\":null,\"completed_at\":null,\"expires_at\":1745872528,\"failed_at\":null,\"last_error\":null,\"step_details\":{\"type\":\"message_creation\",\"message_creation\":{\"message_id\":\"msg_eHHfes19BCoDs4yDgLPShjrl\"}},\"usage\":null}\n\n",
        "event: thread.run.step.in_progress\n",
        "data: {\"id\":\"step_vtc0HuS2cCQWeFvuWnWO92NV\",\"object\":\"thread.run.step\",\"created_at\":1745871929,\"run_id\":\"run_zN5FinCe15U5bTVZo6nRp7O7\",\"assistant_id\":\"asst_msQCFKuCmgGdF1T3vh8Iegk4\",\"thread_id\":\"thread_I0Nc5a5KI0xLHWWB8bGePutd\",\"type\":\"message_creation\",\"status\":\"in_progress\",\"cancelled_at\":null,\"completed_at\":null,\"expires_at\":1745872528,\"failed_at\":null,\"last_error\":null,\"step_details\":{\"type\":\"message_creation\",\"message_creation\":{\"message_id\":\"msg_eHHfes19BCoDs4yDgLPShjrl\"}},\"usage\":null}\n\n",
        "event: thread.message.created\n",
        "data: {\"id\":\"msg_eHHfes19BCoDs4yDgLPShjrl\",\"object\":\"thread.message\",\"created_at\":1745871929,\"assistant_id\":\"asst_msQCFKuCmgGdF1T3vh8Iegk4\",\"thread_id\":\"thread_I0Nc5a5KI0xLHWWB8bGePutd\",\"run_id\":\"run_zN5FinCe15U5bTVZo6nRp7O7\",\"status\":\"in_progress\",\"incomplete_details\":null,\"incomplete_at\":null,\"completed_at\":null,\"role\":\"assistant\",\"content\":[],\"attachments\":[],\"metadata\":{}}\n\n",
        "event: thread.message.in_progress\n",
        "data: {\"id\":\"msg_eHHfes19BCoDs4yDgLPShjrl\",\"object\":\"thread.message\",\"created_at\":1745871929,\"assistant_id\":\"asst_msQCFKuCmgGdF1T3vh8Iegk4\",\"thread_id\":\"thread_I0Nc5a5KI0xLHWWB8bGePutd\",\"run_id\":\"run_zN5FinCe15U5bTVZo6nRp7O7\",\"status\":\"in_progress\",\"incomplete_details\":null,\"incomplete_at\":null,\"completed_at\":null,\"role\":\"assistant\",\"content\":[],\"attachments\":[],\"metadata\":{}}\n\n",
        "event: thread.message.delta\n",
        "data: {\"id\":\"msg_eHHfes19BCoDs4yDgLPShjrl\",\"object\":\"thread.message.delta\",\"delta\":{\"content\":[{\"index\":0,\"type\":\"text\",\"text\":{\"value\":\"I\",\"annotations\":[]}}]}}\n\n",
        "event: thread.message.delta\n",
        "data: {\"id\":\"msg_eHHfes19BCoDs4yDgLPShjrl\",\"object\":\"thread.message.delta\",\"delta\":{\"content\":[{\"index\":0,\"type\":\"text\",\"text\":{\"value\":\" don\"}}]}}\n\n",
        "event: thread.message.delta\n",
        "data: {\"id\":\"msg_eHHfes19BCoDs4yDgLPShjrl\",\"object\":\"thread.message.delta\",\"delta\":{\"content\":[{\"index\":0,\"type\":\"text\",\"text\":{\"value\":\"'t\"}}]}}\n\n",
        "event: thread.message.delta\n",
        "data: {\"id\":\"msg_eHHfes19BCoDs4yDgLPShjrl\",\"object\":\"thread.message.delta\",\"delta\":{\"content\":[{\"index\":0,\"type\":\"text\",\"text\":{\"value\":\" have\"}}]}}\n\n",
        "event: thread.message.delta\n",
        "data: {\"id\":\"msg_eHHfes19BCoDs4yDgLPShjrl\",\"object\":\"thread.message.delta\",\"delta\":{\"content\":[{\"index\":0,\"type\":\"text\",\"text\":{\"value\":\" the\"}}]}}\n\n",
        "event: thread.message.delta\n",
        "data: {\"id\":\"msg_eHHfes19BCoDs4yDgLPShjrl\",\"object\":\"thread.message.delta\",\"delta\":{\"content\":[{\"index\":0,\"type\":\"text\",\"text\":{\"value\":\" capability\"}}]}}\n\n",
        "event: thread.message.delta\n",
        "data: {\"id\":\"msg_eHHfes19BCoDs4yDgLPShjrl\",\"object\":\"thread.message.delta\",\"delta\":{\"content\":[{\"index\":0,\"type\":\"text\",\"text\":{\"value\":\" to\"}}]}}\n\n",
        "event: thread.message.delta\n",
        "data: {\"id\":\"msg_eHHfes19BCoDs4yDgLPShjrl\",\"object\":\"thread.message.delta\",\"delta\":{\"content\":[{\"index\":0,\"type\":\"text\",\"text\":{\"value\":\" automatically\"}}]}}\n\n",
        "event: thread.message.delta\n",
        "data: {\"id\":\"msg_eHHfes19BCoDs4yDgLPShjrl\",\"object\":\"thread.message.delta\",\"delta\":{\"content\":[{\"index\":0,\"type\":\"text\",\"text\":{\"value\":\" understand\"}}]}}\n\n",
        "event: thread.message.delta\n",
        "data: {\"id\":\"msg_eHHfes19BCoDs4yDgLPShjrl\",\"object\":\"thread.message.delta\",\"delta\":{\"content\":[{\"index\":0,\"type\":\"text\",\"text\":{\"value\":\" the\"}}]}}\n\n",
        "event: thread.message.delta\n",
        "data: {\"id\":\"msg_eHHfes19BCoDs4yDgLPShjrl\",\"object\":\"thread.message.delta\",\"delta\":{\"content\":[{\"index\":0,\"type\":\"text\",\"text\":{\"value\":\" content\"}}]}}\n\n",
        "event: thread.message.delta\n",
        "data: {\"id\":\"msg_eHHfes19BCoDs4yDgLPShjrl\",\"object\":\"thread.message.delta\",\"delta\":{\"content\":[{\"index\":0,\"type\":\"text\",\"text\":{\"value\":\" of\"}}]}}\n\n",
        "event: thread.message.delta\n",
        "data: {\"id\":\"msg_eHHfes19BCoDs4yDgLPShjrl\",\"object\":\"thread.message.delta\",\"delta\":{\"content\":[{\"index\":0,\"type\":\"text\",\"text\":{\"value\":\" files\"}}]}}\n\n",
        "event: thread.message.delta\n",
        "data: {\"id\":\"msg_eHHfes19BCoDs4yDgLPShjrl\",\"object\":\"thread.message.delta\",\"delta\":{\"content\":[{\"index\":0,\"type\":\"text\",\"text\":{\"value\":\" unless\"}}]}}\n\n",
        "event: thread.message.delta\n",
        "data: {\"id\":\"msg_eHHfes19BCoDs4yDgLPShjrl\",\"object\":\"thread.message.delta\",\"delta\":{\"content\":[{\"index\":0,\"type\":\"text\",\"text\":{\"value\":\" specific\"}}]}}\n\n",
        "event: thread.message.delta\n",
        "data: {\"id\":\"msg_eHHfes19BCoDs4yDgLPShjrl\",\"object\":\"thread.message.delta\",\"delta\":{\"content\":[{\"index\":0,\"type\":\"text\",\"text\":{\"value\":\" questions\"}}]}}\n\n",
        "event: thread.message.delta\n",
        "data: {\"id\":\"msg_eHHfes19BCoDs4yDgLPShjrl\",\"object\":\"thread.message.delta\",\"delta\":{\"content\":[{\"index\":0,\"type\":\"text\",\"text\":{\"value\":\" or\"}}]}}\n\n",
        "event: thread.message.delta\n",
        "data: {\"id\":\"msg_eHHfes19BCoDs4yDgLPShjrl\",\"object\":\"thread.message.delta\",\"delta\":{\"content\":[{\"index\":0,\"type\":\"text\",\"text\":{\"value\":\" inquiries\"}}]}}\n\n",
        "event: thread.message.delta\n",
        "data: {\"id\":\"msg_eHHfes19BCoDs4yDgLPShjrl\",\"object\":\"thread.message.delta\",\"delta\":{\"content\":[{\"index\":0,\"type\":\"text\",\"text\":{\"value\":\" about\"}}]}}\n\n",
        "event: thread.message.delta\n",
        "data: {\"id\":\"msg_eHHfes19BCoDs4yDgLPShjrl\",\"object\":\"thread.message.delta\",\"delta\":{\"content\":[{\"index\":0,\"type\":\"text\",\"text\":{\"value\":\" the\"}}]}}\n\n",
        "event: thread.message.delta\n",
        "data: {\"id\":\"msg_eHHfes19BCoDs4yDgLPShjrl\",\"object\":\"thread.message.delta\",\"delta\":{\"content\":[{\"index\":0,\"type\":\"text\",\"text\":{\"value\":\" file\"}}]}}\n\n",
        "event: thread.message.delta\n",
        "data: {\"id\":\"msg_eHHfes19BCoDs4yDgLPShjrl\",\"object\":\"thread.message.delta\",\"delta\":{\"content\":[{\"index\":0,\"type\":\"text\",\"text\":{\"value\":\"'s\"}}]}}\n\n",
        "event: thread.message.delta\n",
        "data: {\"id\":\"msg_eHHfes19BCoDs4yDgLPShjrl\",\"object\":\"thread.message.delta\",\"delta\":{\"content\":[{\"index\":0,\"type\":\"text\",\"text\":{\"value\":\" contents\"}}]}}\n\n",
        "event: thread.message.delta\n",
        "data: {\"id\":\"msg_eHHfes19BCoDs4yDgLPShjrl\",\"object\":\"thread.message.delta\",\"delta\":{\"content\":[{\"index\":0,\"type\":\"text\",\"text\":{\"value\":\" are\"}}]}}\n\n",
        "event: thread.message.delta\n",
        "data: {\"id\":\"msg_eHHfes19BCoDs4yDgLPShjrl\",\"object\":\"thread.message.delta\",\"delta\":{\"content\":[{\"index\":0,\"type\":\"text\",\"text\":{\"value\":\" made\"}}]}}\n\n",
        "event: thread.message.delta\n",
        "data: {\"id\":\"msg_eHHfes19BCoDs4yDgLPShjrl\",\"object\":\"thread.message.delta\",\"delta\":{\"content\":[{\"index\":0,\"type\":\"text\",\"text\":{\"value\":\".\"}}]}}\n\n",
        "event: thread.message.delta\n",
        "data: {\"id\":\"msg_eHHfes19BCoDs4yDgLPShjrl\",\"object\":\"thread.message.delta\",\"delta\":{\"content\":[{\"index\":0,\"type\":\"text\",\"text\":{\"value\":\" Please\"}}]}}\n\n",
        "event: thread.message.delta\n",
        "data: {\"id\":\"msg_eHHfes19BCoDs4yDgLPShjrl\",\"object\":\"thread.message.delta\",\"delta\":{\"content\":[{\"index\":0,\"type\":\"text\",\"text\":{\"value\":\" provide\"}}]}}\n\n",
        "event: thread.message.delta\n",
        "data: {\"id\":\"msg_eHHfes19BCoDs4yDgLPShjrl\",\"object\":\"thread.message.delta\",\"delta\":{\"content\":[{\"index\":0,\"type\":\"text\",\"text\":{\"value\":\" a\"}}]}}\n\n",
        "event: thread.message.delta\n",
        "data: {\"id\":\"msg_eHHfes19BCoDs4yDgLPShjrl\",\"object\":\"thread.message.delta\",\"delta\":{\"content\":[{\"index\":0,\"type\":\"text\",\"text\":{\"value\":\" specific\"}}]}}\n\n",
        "event: thread.message.delta\n",
        "data: {\"id\":\"msg_eHHfes19BCoDs4yDgLPShjrl\",\"object\":\"thread.message.delta\",\"delta\":{\"content\":[{\"index\":0,\"type\":\"text\",\"text\":{\"value\":\" question\"}}]}}\n\n",
        "event: thread.message.delta\n",
        "data: {\"id\":\"msg_eHHfes19BCoDs4yDgLPShjrl\",\"object\":\"thread.message.delta\",\"delta\":{\"content\":[{\"index\":0,\"type\":\"text\",\"text\":{\"value\":\" or\"}}]}}\n\n",
        "event: thread.message.delta\n",
        "data: {\"id\":\"msg_eHHfes19BCoDs4yDgLPShjrl\",\"object\":\"thread.message.delta\",\"delta\":{\"content\":[{\"index\":0,\"type\":\"text\",\"text\":{\"value\":\" area\"}}]}}\n\n",
        "event: thread.message.delta\n",
        "data: {\"id\":\"msg_eHHfes19BCoDs4yDgLPShjrl\",\"object\":\"thread.message.delta\",\"delta\":{\"content\":[{\"index\":0,\"type\":\"text\",\"text\":{\"value\":\" of\"}}]}}\n\n",
        "event: thread.message.delta\n",
        "data: {\"id\":\"msg_eHHfes19BCoDs4yDgLPShjrl\",\"object\":\"thread.message.delta\",\"delta\":{\"content\":[{\"index\":0,\"type\":\"text\",\"text\":{\"value\":\" interest\"}}]}}\n\n",
        "event: thread.message.delta\n",
        "data: {\"id\":\"msg_eHHfes19BCoDs4yDgLPShjrl\",\"object\":\"thread.message.delta\",\"delta\":{\"content\":[{\"index\":0,\"type\":\"text\",\"text\":{\"value\":\" for\"}}]}}\n\n",
        "event: thread.message.delta\n",
        "data: {\"id\":\"msg_eHHfes19BCoDs4yDgLPShjrl\",\"object\":\"thread.message.delta\",\"delta\":{\"content\":[{\"index\":0,\"type\":\"text\",\"text\":{\"value\":\" me\"}}]}}\n\n",
        "event: thread.message.delta\n",
        "data: {\"id\":\"msg_eHHfes19BCoDs4yDgLPShjrl\",\"object\":\"thread.message.delta\",\"delta\":{\"content\":[{\"index\":0,\"type\":\"text\",\"text\":{\"value\":\" to\"}}]}}\n\n",
        "event: thread.message.delta\n",
        "data: {\"id\":\"msg_eHHfes19BCoDs4yDgLPShjrl\",\"object\":\"thread.message.delta\",\"delta\":{\"content\":[{\"index\":0,\"type\":\"text\",\"text\":{\"value\":\" search\"}}]}}\n\n",
        "event: thread.message.delta\n",
        "data: {\"id\":\"msg_eHHfes19BCoDs4yDgLPShjrl\",\"object\":\"thread.message.delta\",\"delta\":{\"content\":[{\"index\":0,\"type\":\"text\",\"text\":{\"value\":\" within\"}}]}}\n\n",
        "event: thread.message.delta\n",
        "data: {\"id\":\"msg_eHHfes19BCoDs4yDgLPShjrl\",\"object\":\"thread.message.delta\",\"delta\":{\"content\":[{\"index\":0,\"type\":\"text\",\"text\":{\"value\":\" the\"}}]}}\n\n",
        "event: thread.message.delta\n",
        "data: {\"id\":\"msg_eHHfes19BCoDs4yDgLPShjrl\",\"object\":\"thread.message.delta\",\"delta\":{\"content\":[{\"index\":0,\"type\":\"text\",\"text\":{\"value\":\" uploaded\"}}]}}\n\n",
        "event: thread.message.delta\n",
        "data: {\"id\":\"msg_eHHfes19BCoDs4yDgLPShjrl\",\"object\":\"thread.message.delta\",\"delta\":{\"content\":[{\"index\":0,\"type\":\"text\",\"text\":{\"value\":\" file\"}}]}}\n\n",
        "event: thread.message.delta\n",
        "data: {\"id\":\"msg_eHHfes19BCoDs4yDgLPShjrl\",\"object\":\"thread.message.delta\",\"delta\":{\"content\":[{\"index\":0,\"type\":\"text\",\"text\":{\"value\":\".\"}}]}}\n\n",
        "event: thread.message.completed\n",
        "data: {\"id\":\"msg_eHHfes19BCoDs4yDgLPShjrl\",\"object\":\"thread.message\",\"created_at\":1745871929,\"assistant_id\":\"asst_msQCFKuCmgGdF1T3vh8Iegk4\",\"thread_id\":\"thread_I0Nc5a5KI0xLHWWB8bGePutd\",\"run_id\":\"run_zN5FinCe15U5bTVZo6nRp7O7\",\"status\":\"completed\",\"incomplete_details\":null,\"incomplete_at\":null,\"completed_at\":1745871930,\"role\":\"assistant\",\"content\":[{\"type\":\"text\",\"text\":{\"value\":\"I don't have the capability to automatically understand the content of files unless specific questions or inquiries about the file's contents are made. Please provide a specific question or area of interest for me to search within the uploaded file.\",\"annotations\":[]}}],\"attachments\":[],\"metadata\":{}}\n\n",
        "event: thread.run.step.completed\n",
        "data: {\"id\":\"step_vtc0HuS2cCQWeFvuWnWO92NV\",\"object\":\"thread.run.step\",\"created_at\":1745871929,\"run_id\":\"run_zN5FinCe15U5bTVZo6nRp7O7\",\"assistant_id\":\"asst_msQCFKuCmgGdF1T3vh8Iegk4\",\"thread_id\":\"thread_I0Nc5a5KI0xLHWWB8bGePutd\",\"type\":\"message_creation\",\"status\":\"completed\",\"cancelled_at\":null,\"completed_at\":1745871930,\"expires_at\":1745872528,\"failed_at\":null,\"last_error\":null,\"step_details\":{\"type\":\"message_creation\",\"message_creation\":{\"message_id\":\"msg_eHHfes19BCoDs4yDgLPShjrl\"}},\"usage\":{\"prompt_tokens\":644,\"completion_tokens\":46,\"total_tokens\":690,\"prompt_token_details\":{\"cached_tokens\":0}}}\n\n",
        "event: thread.run.completed\n",
        "data: {\"id\":\"run_zN5FinCe15U5bTVZo6nRp7O7\",\"object\":\"thread.run\",\"created_at\":1745871928,\"assistant_id\":\"asst_msQCFKuCmgGdF1T3vh8Iegk4\",\"thread_id\":\"thread_I0Nc5a5KI0xLHWWB8bGePutd\",\"status\":\"completed\",\"started_at\":1745871929,\"expires_at\":null,\"cancelled_at\":null,\"failed_at\":null,\"completed_at\":1745871930,\"required_action\":null,\"last_error\":null,\"model\":\"gpt-4\",\"instructions\":\"Hello, you are helpful agent and can search information from uploaded files\",\"tools\":[{\"type\":\"file_search\"}],\"tool_resources\":{\"code_interpreter\":{\"file_ids\":[]}},\"metadata\":{},\"temperature\":1.0,\"top_p\":1.0,\"max_completion_tokens\":null,\"max_prompt_tokens\":null,\"truncation_strategy\":{\"type\":\"auto\",\"last_messages\":null},\"incomplete_details\":null,\"usage\":{\"prompt_tokens\":644,\"completion_tokens\":46,\"total_tokens\":690,\"prompt_token_details\":{\"cached_tokens\":0}},\"response_format\":\"auto\",\"tool_choice\":\"auto\",\"parallel_tool_calls\":true}\n\n",
        "event: done\n",
        "data: [DONE]\n\n"
      ]
    },
    {
      "RequestUri": "https://Sanitized.api.azureml.ms/agents/v1.0/subscriptions/00000000-0000-0000-0000-000000000000/resourceGroups/00000/providers/Microsoft.MachineLearningServices/workspaces/00000/threads/thread_I0Nc5a5KI0xLHWWB8bGePutd/runs/Sanitized?api-version=2025-05-15-preview",
      "RequestMethod": "GET",
      "RequestHeaders": {
        "Accept": "application/json",
        "Accept-Encoding": "gzip, deflate",
        "User-Agent": "azsdk-python-ai-agents/1.0.0b1 Python/3.11.5 (Windows-10-10.0.26100-SP0)"
      },
      "RequestBody": null,
      "StatusCode": 200,
      "ResponseHeaders": {
        "apim-request-id": "4c37930b-3826-4179-a56c-37e11c62e679",
        "Connection": "keep-alive",
        "Content-Encoding": "gzip",
        "Content-Type": "application/json",
        "Date": "Mon, 28 Apr 2025 20:25:31 GMT",
        "openai-organization": "20ba836fffc34ede8203166d666c74ef",
        "openai-processing-ms": "101",
        "openai-version": "2020-10-01",
        "Request-Context": "appId=cid-v1:2d2e8e63-272e-4b3c-8598-4ee570a0e70d",
        "Strict-Transport-Security": "max-age=31536000; includeSubDomains; preload",
        "Transfer-Encoding": "chunked",
        "Vary": "Accept-Encoding",
        "x-aml-cluster": "vienna-westus-02",
        "X-Content-Type-Options": "nosniff",
        "x-ms-middleware-request-id": "ecb40fe1-e2ff-407d-a825-fa7c93a178c0",
        "x-ms-region": "West US",
        "x-ms-response-type": "standard",
        "X-Request-ID": "9d192b96a3a28db043570e80135ccff8",
        "x-request-time": "0.353"
      },
      "ResponseBody": {
        "id": "run_zN5FinCe15U5bTVZo6nRp7O7",
        "object": "thread.run",
        "created_at": 1745871928,
        "assistant_id": "asst_msQCFKuCmgGdF1T3vh8Iegk4",
        "thread_id": "thread_I0Nc5a5KI0xLHWWB8bGePutd",
        "status": "completed",
        "started_at": 1745871929,
        "expires_at": null,
        "cancelled_at": null,
        "failed_at": null,
        "completed_at": 1745871930,
        "required_action": null,
        "last_error": null,
        "model": "gpt-4",
        "instructions": "Hello, you are helpful agent and can search information from uploaded files",
        "tools": [
          {
            "type": "file_search"
          }
        ],
        "tool_resources": {},
        "metadata": {},
        "temperature": 1.0,
        "top_p": 1.0,
        "max_completion_tokens": null,
        "max_prompt_tokens": null,
        "truncation_strategy": {
          "type": "auto",
          "last_messages": null
        },
        "incomplete_details": null,
        "usage": {
          "prompt_tokens": 644,
          "completion_tokens": 46,
          "total_tokens": 690,
          "prompt_token_details": {
            "cached_tokens": 0
          }
        },
        "response_format": "auto",
        "tool_choice": "auto",
        "parallel_tool_calls": true
      }
    },
    {
      "RequestUri": "https://Sanitized.api.azureml.ms/agents/v1.0/subscriptions/00000000-0000-0000-0000-000000000000/resourceGroups/00000/providers/Microsoft.MachineLearningServices/workspaces/00000/vector_stores/vs_000000000000000000000000?api-version=2025-05-15-preview",
      "RequestMethod": "DELETE",
      "RequestHeaders": {
        "Accept": "application/json",
        "Accept-Encoding": "gzip, deflate",
        "Content-Length": "0",
        "User-Agent": "azsdk-python-ai-agents/1.0.0b1 Python/3.11.5 (Windows-10-10.0.26100-SP0)"
      },
      "RequestBody": null,
      "StatusCode": 200,
      "ResponseHeaders": {
        "apim-request-id": "0225c7b4-8b71-4675-a552-dee0d80678ab",
        "Connection": "keep-alive",
        "Content-Length": "96",
        "Content-Type": "application/json",
        "Date": "Mon, 28 Apr 2025 20:25:32 GMT",
        "openai-organization": "20ba836fffc34ede8203166d666c74ef",
        "openai-processing-ms": "693",
        "openai-version": "2020-10-01",
        "Request-Context": "appId=cid-v1:2d2e8e63-272e-4b3c-8598-4ee570a0e70d",
        "Strict-Transport-Security": "max-age=31536000; includeSubDomains; preload",
        "x-aml-cluster": "vienna-westus-02",
        "X-Content-Type-Options": "nosniff",
        "x-ms-middleware-request-id": "96714c10-dc84-4444-8a08-589800e5b64c",
        "x-ms-region": "West US",
        "x-ms-response-type": "standard",
        "X-Request-ID": "43b6f782d72bb6aae5bfe072152c71a9",
        "x-request-time": "0.921"
      },
      "ResponseBody": {
        "id": "vs_bN4eqwCscsqQ6o09JbdT0SjW",
        "object": "vector_store.deleted",
        "deleted": true
      }
    },
    {
      "RequestUri": "https://Sanitized.api.azureml.ms/agents/v1.0/subscriptions/00000000-0000-0000-0000-000000000000/resourceGroups/00000/providers/Microsoft.MachineLearningServices/workspaces/00000/threads/thread_I0Nc5a5KI0xLHWWB8bGePutd/messages?api-version=2025-05-15-preview",
      "RequestMethod": "GET",
      "RequestHeaders": {
        "Accept": "application/json",
        "Accept-Encoding": "gzip, deflate",
        "User-Agent": "azsdk-python-ai-agents/1.0.0b1 Python/3.11.5 (Windows-10-10.0.26100-SP0)"
      },
      "RequestBody": null,
      "StatusCode": 200,
      "ResponseHeaders": {
        "apim-request-id": "c331f0b6-12dc-421a-8f6f-6268b80c5214",
        "Connection": "keep-alive",
        "Content-Encoding": "gzip",
        "Content-Type": "application/json",
        "Date": "Mon, 28 Apr 2025 20:25:32 GMT",
        "openai-organization": "20ba836fffc34ede8203166d666c74ef",
        "openai-processing-ms": "75",
        "openai-version": "2020-10-01",
        "Request-Context": "appId=cid-v1:2d2e8e63-272e-4b3c-8598-4ee570a0e70d",
        "Strict-Transport-Security": "max-age=31536000; includeSubDomains; preload",
        "Transfer-Encoding": "chunked",
        "Vary": "Accept-Encoding",
        "x-aml-cluster": "vienna-westus-02",
        "X-Content-Type-Options": "nosniff",
        "x-ms-middleware-request-id": "569d0360-88a9-4ae3-aaf4-e49e866fefc7",
        "x-ms-region": "West US",
        "x-ms-response-type": "standard",
        "X-Request-ID": "efccb9bde3656af71ef163c0a4491841",
        "x-request-time": "0.289"
      },
      "ResponseBody": {
        "object": "list",
        "data": [
          {
            "id": "msg_eHHfes19BCoDs4yDgLPShjrl",
            "object": "thread.message",
            "created_at": 1745871929,
            "assistant_id": "asst_msQCFKuCmgGdF1T3vh8Iegk4",
            "thread_id": "thread_I0Nc5a5KI0xLHWWB8bGePutd",
            "run_id": "run_zN5FinCe15U5bTVZo6nRp7O7",
            "role": "assistant",
            "content": [
              {
                "type": "text",
                "text": {
                  "value": "I don't have the capability to automatically understand the content of files unless specific questions or inquiries about the file's contents are made. Please provide a specific question or area of interest for me to search within the uploaded file.",
                  "annotations": []
                }
              }
            ],
            "attachments": [],
            "metadata": {}
          },
          {
            "id": "msg_gEQvl51yevzf9y2KciweZx7s",
            "object": "thread.message",
            "created_at": 1745871928,
            "assistant_id": null,
            "thread_id": "thread_I0Nc5a5KI0xLHWWB8bGePutd",
            "run_id": null,
            "role": "user",
            "content": [
              {
                "type": "text",
                "text": {
                  "value": "What does the attachment say?",
                  "annotations": []
                }
              }
            ],
            "attachments": [],
            "metadata": {}
          }
        ],
        "first_id": "msg_eHHfes19BCoDs4yDgLPShjrl",
        "last_id": "msg_gEQvl51yevzf9y2KciweZx7s",
        "has_more": false
      }
    },
    {
      "RequestUri": "https://Sanitized.api.azureml.ms/agents/v1.0/subscriptions/00000000-0000-0000-0000-000000000000/resourceGroups/00000/providers/Microsoft.MachineLearningServices/workspaces/00000/assistants/asst_msQCFKuCmgGdF1T3vh8Iegk4?api-version=2025-05-15-preview",
      "RequestMethod": "DELETE",
      "RequestHeaders": {
        "Accept": "application/json",
        "Accept-Encoding": "gzip, deflate",
        "Content-Length": "0",
        "User-Agent": "azsdk-python-ai-agents/1.0.0b1 Python/3.11.5 (Windows-10-10.0.26100-SP0)"
      },
      "RequestBody": null,
      "StatusCode": 200,
      "ResponseHeaders": {
        "apim-request-id": "12969af0-dd1c-42ca-86af-4e3c9b78c858",
        "Connection": "keep-alive",
        "Content-Length": "95",
        "Content-Type": "application/json",
        "Date": "Mon, 28 Apr 2025 20:25:33 GMT",
        "openai-organization": "20ba836fffc34ede8203166d666c74ef",
        "openai-processing-ms": "29",
        "openai-version": "2020-10-01",
        "Request-Context": "appId=cid-v1:2d2e8e63-272e-4b3c-8598-4ee570a0e70d",
        "Strict-Transport-Security": "max-age=31536000; includeSubDomains; preload",
        "x-aml-cluster": "vienna-westus-02",
        "X-Content-Type-Options": "nosniff",
        "x-ms-middleware-request-id": "7862eee8-8cf8-4489-8b21-1748213a727f",
        "x-ms-region": "West US",
        "x-ms-response-type": "standard",
        "X-Request-ID": "97d26bc610ceef7b9c142e0418ec0127",
        "x-request-time": "0.285"
      },
      "ResponseBody": {
        "id": "asst_msQCFKuCmgGdF1T3vh8Iegk4",
        "object": "assistant.deleted",
        "deleted": true
      }
    }
  ],
  "Variables": {}
}
