{
  "Entries": [
    {
      "RequestUri": "https://Sanitized.api.azureml.ms/agents/v1.0/subscriptions/00000000-0000-0000-0000-000000000000/resourceGroups/00000/providers/Microsoft.MachineLearningServices/workspaces/00000/vector_stores?api-version=2025-05-15-preview",
      "RequestMethod": "POST",
      "RequestHeaders": {
        "Accept": "application/json",
        "Accept-Encoding": "gzip, deflate",
        "Connection": "keep-alive",
        "Content-Length": "280",
        "Content-Type": "application/json",
        "User-Agent": "azsdk-python-ai-agents/1.1.0b2 Python/3.11.5 (Windows-10-10.0.26100-SP0)"
      },
      "RequestBody": {
        "configuration": {
          "data_sources": [
            {
              "uri": "azureml://subscriptions/00000000-0000-0000-0000-000000000000/resourcegroups/00000/workspaces/00000/datastores/workspaceblobstore/paths/LocalUpload/00000000000/product_info_1.md",
              "type": "uri_asset"
            }
          ]
        },
        "file_ids": [],
        "name": "my_vectorstore"
      },
      "StatusCode": 200,
      "ResponseHeaders": {
        "apim-request-id": "38a98a27-c26c-4e2e-8466-9c68d5ae637c",
        "azureml-served-by-cluster": "vienna-westus-01",
        "Connection": "keep-alive",
        "Content-Encoding": "gzip",
        "Content-Type": "application/json",
        "Date": "Tue, 10 Jun 2025 23:08:38 GMT",
        "openai-organization": "20ba836fffc34ede8203166d666c74ef",
        "openai-processing-ms": "4115",
        "openai-version": "2020-10-01",
        "Request-Context": "appId=cid-v1:2d2e8e63-272e-4b3c-8598-4ee570a0e70d",
        "Strict-Transport-Security": "max-age=31536000; includeSubDomains; preload",
        "Transfer-Encoding": "chunked",
        "Vary": "Accept-Encoding",
        "X-Content-Type-Options": "nosniff",
        "x-ms-middleware-request-id": "129cda65-b73b-4df0-8e0c-592720e4a9e4",
        "x-ms-region": "West US",
        "x-ms-response-type": "standard",
        "X-Request-ID": "681966941ad0e799edf0876e306ce905",
        "x-request-time": "4.805"
      },
      "ResponseBody": {
        "id": "vs_7xvMqz9HMyCKauq1ddI6jGax",
        "object": "vector_store",
        "name": "my_vectorstore",
        "status": "in_progress",
        "usage_bytes": 0,
        "created_at": 1749596915,
        "file_counts": {
          "in_progress": 1,
          "completed": 0,
          "failed": 0,
          "cancelled": 0,
          "total": 1
        },
        "metadata": {},
        "expires_after": null,
        "expires_at": null,
        "last_active_at": 1749596915
      }
    },
    {
      "RequestUri": "https://Sanitized.api.azureml.ms/agents/v1.0/subscriptions/00000000-0000-0000-0000-000000000000/resourceGroups/00000/providers/Microsoft.MachineLearningServices/workspaces/00000/vector_stores/vs_000000000000000000000000?api-version=2025-05-15-preview",
      "RequestMethod": "GET",
      "RequestHeaders": {
        "Accept": "application/json",
        "Accept-Encoding": "gzip, deflate",
        "Connection": "keep-alive",
        "User-Agent": "azsdk-python-ai-agents/1.1.0b2 Python/3.11.5 (Windows-10-10.0.26100-SP0)"
      },
      "RequestBody": null,
      "StatusCode": 200,
      "ResponseHeaders": {
        "apim-request-id": "dd9de8c4-cfa7-46a2-98ef-15757a535403",
        "azureml-served-by-cluster": "vienna-westus-01",
        "Connection": "keep-alive",
        "Content-Encoding": "gzip",
        "Content-Type": "application/json",
        "Date": "Tue, 10 Jun 2025 23:08:40 GMT",
        "openai-organization": "20ba836fffc34ede8203166d666c74ef",
        "openai-processing-ms": "114",
        "openai-version": "2020-10-01",
        "Request-Context": "appId=cid-v1:2d2e8e63-272e-4b3c-8598-4ee570a0e70d",
        "Strict-Transport-Security": "max-age=31536000; includeSubDomains; preload",
        "Transfer-Encoding": "chunked",
        "Vary": "Accept-Encoding",
        "X-Content-Type-Options": "nosniff",
        "x-ms-middleware-request-id": "2f591c89-67d9-48a1-a911-75598f262a43",
        "x-ms-region": "West US",
        "x-ms-response-type": "standard",
        "X-Request-ID": "50c7e01c79a8d1d938ef7b8d6f7dec3b",
        "x-request-time": "0.566"
      },
      "ResponseBody": {
        "id": "vs_7xvMqz9HMyCKauq1ddI6jGax",
        "object": "vector_store",
        "name": "my_vectorstore",
        "status": "completed",
        "usage_bytes": 2237,
        "created_at": 1749596915,
        "file_counts": {
          "in_progress": 0,
          "completed": 1,
          "failed": 0,
          "cancelled": 0,
          "total": 1
        },
        "metadata": {},
        "expires_after": null,
        "expires_at": null,
        "last_active_at": 1749596915
      }
    },
    {
      "RequestUri": "https://Sanitized.api.azureml.ms/agents/v1.0/subscriptions/00000000-0000-0000-0000-000000000000/resourceGroups/00000/providers/Microsoft.MachineLearningServices/workspaces/00000/assistants?api-version=2025-05-15-preview",
      "RequestMethod": "POST",
      "RequestHeaders": {
        "Accept": "application/json",
        "Accept-Encoding": "gzip, deflate",
        "Connection": "keep-alive",
        "Content-Length": "260",
        "Content-Type": "application/json",
        "User-Agent": "azsdk-python-ai-agents/1.1.0b2 Python/3.11.5 (Windows-10-10.0.26100-SP0)"
      },
      "RequestBody": {
        "instructions": "Hello, you are helpful agent and can search information from uploaded files",
        "model": "gpt-4o",
        "name": "my-agent",
        "tool_resources": {
          "file_search": {
            "vector_store_ids": [
              "vs_7xvMqz9HMyCKauq1ddI6jGax"
            ]
          }
        },
        "tools": [
          {
            "type": "file_search"
          }
        ]
      },
      "StatusCode": 200,
      "ResponseHeaders": {
        "apim-request-id": "f37a2b76-596f-405c-9c88-8317f3a00f53",
        "azureml-served-by-cluster": "vienna-westus-01",
        "Connection": "keep-alive",
        "Content-Encoding": "gzip",
        "Content-Type": "application/json",
        "Date": "Tue, 10 Jun 2025 23:08:41 GMT",
        "openai-organization": "20ba836fffc34ede8203166d666c74ef",
        "openai-processing-ms": "87",
        "openai-version": "2020-10-01",
        "Request-Context": "appId=cid-v1:2d2e8e63-272e-4b3c-8598-4ee570a0e70d",
        "Strict-Transport-Security": "max-age=31536000; includeSubDomains; preload",
        "Transfer-Encoding": "chunked",
        "Vary": "Accept-Encoding",
        "X-Content-Type-Options": "nosniff",
        "x-ms-middleware-request-id": "f37a2b76-596f-405c-9c88-8317f3a00f53",
        "x-ms-region": "West US",
        "x-ms-response-type": "standard",
        "X-Request-ID": "a257bacf944752bcc8586f5238aa0a24",
        "x-request-time": "0.348"
      },
      "ResponseBody": {
        "id": "asst_rw3cD2S7NPIa7Aydm3H00706",
        "object": "assistant",
        "created_at": 1749596921,
        "name": "my-agent",
        "description": null,
        "model": "gpt-4o",
        "instructions": "Hello, you are helpful agent and can search information from uploaded files",
        "tools": [
          {
            "type": "file_search"
          }
        ],
        "top_p": 1.0,
        "temperature": 1.0,
        "tool_resources": {
          "file_search": {
            "vector_store_ids": [
              "vs_7xvMqz9HMyCKauq1ddI6jGax"
            ]
          }
        },
        "metadata": {},
        "response_format": "auto"
      }
    },
    {
      "RequestUri": "https://Sanitized.api.azureml.ms/agents/v1.0/subscriptions/00000000-0000-0000-0000-000000000000/resourceGroups/00000/providers/Microsoft.MachineLearningServices/workspaces/00000/threads?api-version=2025-05-15-preview",
      "RequestMethod": "POST",
      "RequestHeaders": {
        "Accept": "application/json",
        "Accept-Encoding": "gzip, deflate",
        "Connection": "keep-alive",
        "Content-Length": "2",
        "Content-Type": "application/json",
        "User-Agent": "azsdk-python-ai-agents/1.1.0b2 Python/3.11.5 (Windows-10-10.0.26100-SP0)"
      },
      "RequestBody": {},
      "StatusCode": 200,
      "ResponseHeaders": {
        "apim-request-id": "493c554c-9073-4b24-bdbc-6e1993f30e5c",
        "azureml-served-by-cluster": "vienna-westus-01",
        "Connection": "keep-alive",
        "Content-Length": "137",
        "Content-Type": "application/json",
        "Date": "Tue, 10 Jun 2025 23:08:41 GMT",
        "openai-organization": "20ba836fffc34ede8203166d666c74ef",
        "openai-processing-ms": "66",
        "openai-version": "2020-10-01",
        "Request-Context": "appId=cid-v1:2d2e8e63-272e-4b3c-8598-4ee570a0e70d",
        "Strict-Transport-Security": "max-age=31536000; includeSubDomains; preload",
        "X-Content-Type-Options": "nosniff",
        "x-ms-middleware-request-id": "9986bdc4-80b7-4bb3-9e15-bd717c6962bf",
        "x-ms-region": "West US",
        "x-ms-response-type": "standard",
        "X-Request-ID": "fbe5a95404546a22fb0742a5983d2389",
        "x-request-time": "0.300"
      },
      "ResponseBody": {
        "id": "thread_MVViUlj4BvsTLj7hKpYV6325",
        "object": "thread",
        "created_at": 1749596921,
        "metadata": {},
        "tool_resources": {}
      }
    },
    {
      "RequestUri": "https://Sanitized.api.azureml.ms/agents/v1.0/subscriptions/00000000-0000-0000-0000-000000000000/resourceGroups/00000/providers/Microsoft.MachineLearningServices/workspaces/00000/threads/thread_MVViUlj4BvsTLj7hKpYV6325/messages?api-version=2025-05-15-preview",
      "RequestMethod": "POST",
      "RequestHeaders": {
        "Accept": "application/json",
        "Accept-Encoding": "gzip, deflate",
        "Connection": "keep-alive",
        "Content-Length": "72",
        "Content-Type": "application/json",
        "User-Agent": "azsdk-python-ai-agents/1.1.0b2 Python/3.11.5 (Windows-10-10.0.26100-SP0)"
      },
      "RequestBody": {
        "content": "What Contoso Galaxy Innovations produces?",
        "role": "user"
      },
      "StatusCode": 200,
      "ResponseHeaders": {
        "apim-request-id": "6d98565a-19cf-45ca-b57b-3a716ac1f540",
        "azureml-served-by-cluster": "vienna-westus-01",
        "Connection": "keep-alive",
        "Content-Encoding": "gzip",
        "Content-Type": "application/json",
        "Date": "Tue, 10 Jun 2025 23:08:41 GMT",
        "openai-organization": "20ba836fffc34ede8203166d666c74ef",
        "openai-processing-ms": "93",
        "openai-version": "2020-10-01",
        "Request-Context": "appId=cid-v1:2d2e8e63-272e-4b3c-8598-4ee570a0e70d",
        "Strict-Transport-Security": "max-age=31536000; includeSubDomains; preload",
        "Transfer-Encoding": "chunked",
        "Vary": "Accept-Encoding",
        "X-Content-Type-Options": "nosniff",
        "x-ms-middleware-request-id": "39b6414f-8527-4e83-b4cf-13ec1d705485",
        "x-ms-region": "West US",
        "x-ms-response-type": "standard",
        "X-Request-ID": "19f045c3b0ab98bf731f880877ce0df3",
        "x-request-time": "0.320"
      },
      "ResponseBody": {
        "id": "msg_HYdQSEH3UfrYRzlFOFgG2ssI",
        "object": "thread.message",
        "created_at": 1749596921,
        "assistant_id": null,
        "thread_id": "thread_MVViUlj4BvsTLj7hKpYV6325",
        "run_id": null,
        "role": "user",
        "content": [
          {
            "type": "text",
            "text": {
              "value": "What Contoso Galaxy Innovations produces?",
              "annotations": []
            }
          }
        ],
        "attachments": [],
        "metadata": {}
      }
    },
    {
      "RequestUri": "https://Sanitized.api.azureml.ms/agents/v1.0/subscriptions/00000000-0000-0000-0000-000000000000/resourceGroups/00000/providers/Microsoft.MachineLearningServices/workspaces/00000/threads/thread_MVViUlj4BvsTLj7hKpYV6325/runs?api-version=2025-05-15-preview&include%5B%5D=step_details.tool_calls%5B%2A%5D.file_search.results%5B%2A%5D.content",
      "RequestMethod": "POST",
      "RequestHeaders": {
        "Accept": "application/json",
        "Accept-Encoding": "gzip, deflate",
        "Connection": "keep-alive",
        "Content-Length": "66",
        "Content-Type": "application/json",
        "User-Agent": "azsdk-python-ai-agents/1.1.0b2 Python/3.11.5 (Windows-10-10.0.26100-SP0)"
      },
      "RequestBody": {
        "assistant_id": "asst_rw3cD2S7NPIa7Aydm3H00706",
        "stream": false
      },
      "StatusCode": 200,
      "ResponseHeaders": {
        "apim-request-id": "a475a210-4066-4a50-bda9-04c2ab7669b4",
        "azureml-served-by-cluster": "vienna-westus-01",
        "Connection": "keep-alive",
        "Content-Encoding": "gzip",
        "Content-Type": "application/json",
        "Date": "Tue, 10 Jun 2025 23:08:42 GMT",
        "openai-organization": "20ba836fffc34ede8203166d666c74ef",
        "openai-processing-ms": "179",
        "openai-version": "2020-10-01",
        "Request-Context": "appId=cid-v1:2d2e8e63-272e-4b3c-8598-4ee570a0e70d",
        "Strict-Transport-Security": "max-age=31536000; includeSubDomains; preload",
        "Transfer-Encoding": "chunked",
        "Vary": "Accept-Encoding",
        "X-Content-Type-Options": "nosniff",
        "x-ms-middleware-request-id": "4d829b0b-524c-4717-9d06-74ff2eb78fa3",
        "x-ms-region": "West US",
        "x-ms-response-type": "standard",
        "X-Request-ID": "e6067b2c0dd0bff28870bda5e19f8407",
        "x-request-time": "0.839"
      },
      "ResponseBody": {
        "id": "run_jafKAstgLqhcAHIhB4mHPQhc",
        "object": "thread.run",
        "created_at": 1749596922,
        "assistant_id": "asst_rw3cD2S7NPIa7Aydm3H00706",
        "thread_id": "thread_MVViUlj4BvsTLj7hKpYV6325",
        "status": "queued",
        "started_at": null,
        "expires_at": 1749597522,
        "cancelled_at": null,
        "failed_at": null,
        "completed_at": null,
        "required_action": null,
        "last_error": null,
        "model": "gpt-4o",
        "instructions": "Hello, you are helpful agent and can search information from uploaded files",
        "tools": [
          {
            "type": "file_search"
          }
        ],
        "tool_resources": {},
        "metadata": {},
        "temperature": 1.0,
        "top_p": 1.0,
        "max_completion_tokens": null,
        "max_prompt_tokens": null,
        "truncation_strategy": {
          "type": "auto",
          "last_messages": null
        },
        "incomplete_details": null,
        "usage": null,
        "response_format": "auto",
        "tool_choice": "auto",
        "parallel_tool_calls": true
      }
    },
    {
      "RequestUri": "https://Sanitized.api.azureml.ms/agents/v1.0/subscriptions/00000000-0000-0000-0000-000000000000/resourceGroups/00000/providers/Microsoft.MachineLearningServices/workspaces/00000/threads/thread_MVViUlj4BvsTLj7hKpYV6325/runs/Sanitized?api-version=2025-05-15-preview",
      "RequestMethod": "GET",
      "RequestHeaders": {
        "Accept": "application/json",
        "Accept-Encoding": "gzip, deflate",
        "Connection": "keep-alive",
        "User-Agent": "azsdk-python-ai-agents/1.1.0b2 Python/3.11.5 (Windows-10-10.0.26100-SP0)"
      },
      "RequestBody": null,
      "StatusCode": 200,
      "ResponseHeaders": {
        "apim-request-id": "a46ebd03-272f-418a-bdfd-0c20450ee2c6",
        "azureml-served-by-cluster": "vienna-westus-01",
        "Connection": "keep-alive",
        "Content-Encoding": "gzip",
        "Content-Type": "application/json",
        "Date": "Tue, 10 Jun 2025 23:08:44 GMT",
        "openai-organization": "20ba836fffc34ede8203166d666c74ef",
        "openai-processing-ms": "101",
        "openai-version": "2020-10-01",
        "Request-Context": "appId=cid-v1:2d2e8e63-272e-4b3c-8598-4ee570a0e70d",
        "Strict-Transport-Security": "max-age=31536000; includeSubDomains; preload",
        "Transfer-Encoding": "chunked",
        "Vary": "Accept-Encoding",
        "X-Content-Type-Options": "nosniff",
        "x-ms-middleware-request-id": "3bd12981-3472-4537-b96a-55a88bd1e7b1",
        "x-ms-region": "West US",
        "x-ms-response-type": "standard",
        "X-Request-ID": "40b628e8730034c2b362774bcab8d449",
        "x-request-time": "0.373"
      },
      "ResponseBody": {
        "id": "run_jafKAstgLqhcAHIhB4mHPQhc",
        "object": "thread.run",
        "created_at": 1749596922,
        "assistant_id": "asst_rw3cD2S7NPIa7Aydm3H00706",
        "thread_id": "thread_MVViUlj4BvsTLj7hKpYV6325",
        "status": "in_progress",
        "started_at": 1749596922,
        "expires_at": 1749597522,
        "cancelled_at": null,
        "failed_at": null,
        "completed_at": null,
        "required_action": null,
        "last_error": null,
        "model": "gpt-4o",
        "instructions": "Hello, you are helpful agent and can search information from uploaded files",
        "tools": [
          {
            "type": "file_search"
          }
        ],
        "tool_resources": {},
        "metadata": {},
        "temperature": 1.0,
        "top_p": 1.0,
        "max_completion_tokens": null,
        "max_prompt_tokens": null,
        "truncation_strategy": {
          "type": "auto",
          "last_messages": null
        },
        "incomplete_details": null,
        "usage": null,
        "response_format": "auto",
        "tool_choice": "auto",
        "parallel_tool_calls": true
      }
    },
    {
      "RequestUri": "https://Sanitized.api.azureml.ms/agents/v1.0/subscriptions/00000000-0000-0000-0000-000000000000/resourceGroups/00000/providers/Microsoft.MachineLearningServices/workspaces/00000/threads/thread_MVViUlj4BvsTLj7hKpYV6325/runs/Sanitized?api-version=2025-05-15-preview",
      "RequestMethod": "GET",
      "RequestHeaders": {
        "Accept": "application/json",
        "Accept-Encoding": "gzip, deflate",
        "Connection": "keep-alive",
        "User-Agent": "azsdk-python-ai-agents/1.1.0b2 Python/3.11.5 (Windows-10-10.0.26100-SP0)"
      },
      "RequestBody": null,
      "StatusCode": 200,
      "ResponseHeaders": {
        "apim-request-id": "d2a0780e-34d2-4150-8f79-1c9da0a854ab",
        "azureml-served-by-cluster": "vienna-westus-01",
        "Connection": "keep-alive",
        "Content-Encoding": "gzip",
        "Content-Type": "application/json",
        "Date": "Tue, 10 Jun 2025 23:08:45 GMT",
        "openai-organization": "20ba836fffc34ede8203166d666c74ef",
        "openai-processing-ms": "103",
        "openai-version": "2020-10-01",
        "Request-Context": "appId=cid-v1:2d2e8e63-272e-4b3c-8598-4ee570a0e70d",
        "Strict-Transport-Security": "max-age=31536000; includeSubDomains; preload",
        "Transfer-Encoding": "chunked",
        "Vary": "Accept-Encoding",
        "X-Content-Type-Options": "nosniff",
        "x-ms-middleware-request-id": "fd1c5a98-1d19-4c1f-bbeb-d437b57933d7",
        "x-ms-region": "West US",
        "x-ms-response-type": "standard",
        "X-Request-ID": "ea021a6b78976dbb4462889187a5e0d9",
        "x-request-time": "0.322"
      },
      "ResponseBody": {
        "id": "run_jafKAstgLqhcAHIhB4mHPQhc",
        "object": "thread.run",
        "created_at": 1749596922,
        "assistant_id": "asst_rw3cD2S7NPIa7Aydm3H00706",
        "thread_id": "thread_MVViUlj4BvsTLj7hKpYV6325",
        "status": "completed",
        "started_at": 1749596922,
        "expires_at": null,
        "cancelled_at": null,
        "failed_at": null,
        "completed_at": 1749596925,
        "required_action": null,
        "last_error": null,
        "model": "gpt-4o",
        "instructions": "Hello, you are helpful agent and can search information from uploaded files",
        "tools": [
          {
            "type": "file_search"
          }
        ],
        "tool_resources": {},
        "metadata": {},
        "temperature": 1.0,
        "top_p": 1.0,
        "max_completion_tokens": null,
        "max_prompt_tokens": null,
        "truncation_strategy": {
          "type": "auto",
          "last_messages": null
        },
        "incomplete_details": null,
        "usage": {
          "prompt_tokens": 1991,
          "completion_tokens": 80,
          "total_tokens": 2071,
          "prompt_token_details": {
            "cached_tokens": 0
          }
        },
        "response_format": "auto",
        "tool_choice": "auto",
        "parallel_tool_calls": true
      }
    },
    {
      "RequestUri": "https://Sanitized.api.azureml.ms/agents/v1.0/subscriptions/00000000-0000-0000-0000-000000000000/resourceGroups/00000/providers/Microsoft.MachineLearningServices/workspaces/00000/threads/thread_MVViUlj4BvsTLj7hKpYV6325/runs/Sanitized/steps?include%5B%5D=step_details.tool_calls%5B%2A%5D.file_search.results%5B%2A%5D.content&api-version=2025-05-15-preview",
      "RequestMethod": "GET",
      "RequestHeaders": {
        "Accept": "application/json",
        "Accept-Encoding": "gzip, deflate",
        "Connection": "keep-alive",
        "User-Agent": "azsdk-python-ai-agents/1.1.0b2 Python/3.11.5 (Windows-10-10.0.26100-SP0)"
      },
      "RequestBody": null,
      "StatusCode": 200,
      "ResponseHeaders": {
        "apim-request-id": "6beb0c62-71f7-46b0-ba92-1fffe7fc6ddd",
        "azureml-served-by-cluster": "vienna-westus-01",
        "Connection": "keep-alive",
        "Content-Encoding": "gzip",
        "Content-Type": "application/json",
        "Date": "Tue, 10 Jun 2025 23:08:46 GMT",
        "openai-organization": "20ba836fffc34ede8203166d666c74ef",
        "openai-processing-ms": "100",
        "openai-version": "2020-10-01",
        "Request-Context": "appId=cid-v1:2d2e8e63-272e-4b3c-8598-4ee570a0e70d",
        "Strict-Transport-Security": "max-age=31536000; includeSubDomains; preload",
        "Transfer-Encoding": "chunked",
        "Vary": "Accept-Encoding",
        "X-Content-Type-Options": "nosniff",
        "x-ms-middleware-request-id": "c6f3e1cf-4b16-4132-a67f-030b7d74b3d3",
        "x-ms-region": "West US",
        "x-ms-response-type": "standard",
        "X-Request-ID": "3ff6c3a7fb1b05f09e50c209bd12c160",
        "x-request-time": "0.343"
      },
      "ResponseBody": {
        "object": "list",
        "data": [
          {
            "id": "step_bccVjuM8e9f9kCOdk53fUOZ3",
            "object": "thread.run.step",
            "created_at": 1749596924,
            "run_id": "run_jafKAstgLqhcAHIhB4mHPQhc",
            "assistant_id": "asst_rw3cD2S7NPIa7Aydm3H00706",
            "thread_id": "thread_MVViUlj4BvsTLj7hKpYV6325",
            "type": "message_creation",
            "status": "completed",
            "cancelled_at": null,
            "completed_at": 1749596925,
            "expires_at": null,
            "failed_at": null,
            "last_error": null,
            "step_details": {
              "type": "message_creation",
              "message_creation": {
                "message_id": "msg_6QqixfZiYi51JptqMpuGIdOH"
              }
            },
            "usage": {
              "prompt_tokens": 1319,
              "completion_tokens": 64,
              "total_tokens": 1383,
              "prompt_token_details": {
                "cached_tokens": 0
              }
            }
          },
          {
            "id": "step_NFveEOTaU1BJJPVoCwOgifP8",
            "object": "thread.run.step",
            "created_at": 1749596923,
            "run_id": "run_jafKAstgLqhcAHIhB4mHPQhc",
            "assistant_id": "asst_rw3cD2S7NPIa7Aydm3H00706",
            "thread_id": "thread_MVViUlj4BvsTLj7hKpYV6325",
            "type": "tool_calls",
            "status": "completed",
            "cancelled_at": null,
            "completed_at": 1749596924,
            "expires_at": null,
            "failed_at": null,
            "last_error": null,
            "step_details": {
              "type": "tool_calls",
              "tool_calls": [
                {
                  "id": "call_Zszyw5MquyjlNsareuZKqnad",
                  "type": "file_search",
                  "file_search": {
                    "ranking_options": {
                      "ranker": "default_2024_08_21",
                      "score_threshold": 0.0
                    },
                    "results": [
                      {
                        "file_id": "assistant-2RMcsjRGzqceNhLWsmpwaS",
                        "file_name": "azureml://subscriptions/00000000-0000-0000-0000-000000000000/resourcegroups/00000/workspaces/00000/datastores/workspaceblobstore/paths/LocalUpload/99ccdcf221d468b60f565d5708f6ce1d/product_info_1.md",
                        "score": 0.03333333507180214,
                        "attributes": {},
                        "content": [
                          {
                            "type": "text",
                            "text": "# Information about product item_number: 1\r\n\r\n## Brand\r\nContoso Galaxy Innovations\r\n\r\n## Category\r\nSmart Eyewear\r\n\r\n## Features\r\n- Augmented Reality interface\r\n- Voice-controlled AI assistant\r\n- HD video recording with 3D audio\r\n- UV protection and blue light filtering\r\n- Wireless charging with extended battery life\r\n\r\n## User Guide\r\n\r\n### 1. Introduction\r\nIntroduction to your new SmartView Glasses\r\n\r\n### 2. Product Overview\r\nOverview of features and controls\r\n\r\n### 3. Sizing and Fit\r\nFinding your perfect fit and style adjustments\r\n\r\n### 4. Proper Care and Maintenance\r\nCleaning and caring for your SmartView Glasses\r\n\r\n### 5. Break-in Period\r\nAdjusting to the augmented reality experience\r\n\r\n### 6. Safety Tips\r\nSafety guidelines for public and private spaces\r\n\r\n### 7. Troubleshooting\r\nQuick fixes for common issues\r\n\r\n## Warranty Information\r\nTwo-year limited warranty on all electronic components\r\n\r\n## Contact Information\r\nCustomer Support at support@contoso-galaxy-innovations.com\r\n\r\n## Return Policy\r\n30-day return policy with no questions asked\r\n\r\n## FAQ\r\n- How to sync your SmartView Glasses with your devices\r\n- Troubleshooting connection issues\r\n- Customizing your augmented reality environment"
                          }
                        ]
                      }
                    ]
                  }
                }
              ]
            },
            "usage": {
              "prompt_tokens": 672,
              "completion_tokens": 16,
              "total_tokens": 688,
              "prompt_token_details": {
                "cached_tokens": 0
              }
            }
          }
        ],
        "first_id": "step_bccVjuM8e9f9kCOdk53fUOZ3",
        "last_id": "step_NFveEOTaU1BJJPVoCwOgifP8",
        "has_more": false
      }
    },
    {
      "RequestUri": "https://Sanitized.api.azureml.ms/agents/v1.0/subscriptions/00000000-0000-0000-0000-000000000000/resourceGroups/00000/providers/Microsoft.MachineLearningServices/workspaces/00000/threads/thread_MVViUlj4BvsTLj7hKpYV6325/runs/Sanitized/steps?include%5B%5D=step_details.tool_calls%5B%2A%5D.file_search.results%5B%2A%5D.content&api-version=2025-05-15-preview&after=step_NFveEOTaU1BJJPVoCwOgifP8",
      "RequestMethod": "GET",
      "RequestHeaders": {
        "Accept": "application/json",
        "Accept-Encoding": "gzip, deflate",
        "Connection": "keep-alive",
        "User-Agent": "azsdk-python-ai-agents/1.1.0b2 Python/3.11.5 (Windows-10-10.0.26100-SP0)"
      },
      "RequestBody": null,
      "StatusCode": 200,
      "ResponseHeaders": {
        "apim-request-id": "5aa5a879-271a-4097-b66b-d94873cb553c",
        "azureml-served-by-cluster": "vienna-westus-01",
        "Connection": "keep-alive",
        "Content-Length": "96",
        "Content-Type": "application/json",
        "Date": "Tue, 10 Jun 2025 23:08:46 GMT",
        "openai-organization": "20ba836fffc34ede8203166d666c74ef",
        "openai-processing-ms": "74",
        "openai-version": "2020-10-01",
        "Request-Context": "appId=cid-v1:2d2e8e63-272e-4b3c-8598-4ee570a0e70d",
        "Strict-Transport-Security": "max-age=31536000; includeSubDomains; preload",
        "X-Content-Type-Options": "nosniff",
        "x-ms-middleware-request-id": "b8a381d5-07ed-4e4f-9183-6ffa59c91ca1",
        "x-ms-region": "West US",
        "x-ms-response-type": "standard",
        "X-Request-ID": "07ccfb72cd6e5dce7aa7f6c1d26f198a",
        "x-request-time": "0.300"
      },
      "ResponseBody": {
        "object": "list",
        "data": [],
        "first_id": null,
        "last_id": null,
        "has_more": false
      }
    },
    {
      "RequestUri": "https://Sanitized.api.azureml.ms/agents/v1.0/subscriptions/00000000-0000-0000-0000-000000000000/resourceGroups/00000/providers/Microsoft.MachineLearningServices/workspaces/00000/threads/thread_MVViUlj4BvsTLj7hKpYV6325/runs/Sanitized/steps/step_NFveEOTaU1BJJPVoCwOgifP8?api-version=2025-05-15-preview&include%5B%5D=step_details.tool_calls%5B%2A%5D.file_search.results%5B%2A%5D.content",
      "RequestMethod": "GET",
      "RequestHeaders": {
        "Accept": "application/json",
        "Accept-Encoding": "gzip, deflate",
        "Connection": "keep-alive",
        "User-Agent": "azsdk-python-ai-agents/1.1.0b2 Python/3.11.5 (Windows-10-10.0.26100-SP0)"
      },
      "RequestBody": null,
      "StatusCode": 200,
      "ResponseHeaders": {
        "apim-request-id": "b390f0cd-f81e-4411-ae16-1f29341e1470",
        "azureml-served-by-cluster": "vienna-westus-01",
        "Connection": "keep-alive",
        "Content-Encoding": "gzip",
        "Content-Type": "application/json",
        "Date": "Tue, 10 Jun 2025 23:08:46 GMT",
        "openai-organization": "20ba836fffc34ede8203166d666c74ef",
        "openai-processing-ms": "85",
        "openai-version": "2020-10-01",
        "Request-Context": "appId=cid-v1:2d2e8e63-272e-4b3c-8598-4ee570a0e70d",
        "Strict-Transport-Security": "max-age=31536000; includeSubDomains; preload",
        "Transfer-Encoding": "chunked",
        "Vary": "Accept-Encoding",
        "X-Content-Type-Options": "nosniff",
        "x-ms-middleware-request-id": "2f0680fb-acfb-444f-99f6-c95eef3bd4ac",
        "x-ms-region": "West US",
        "x-ms-response-type": "standard",
        "X-Request-ID": "94854c762ad8721c9712da2356adf1f5",
        "x-request-time": "0.400"
      },
      "ResponseBody": {
        "id": "step_NFveEOTaU1BJJPVoCwOgifP8",
        "object": "thread.run.step",
        "created_at": 1749596923,
        "run_id": "run_jafKAstgLqhcAHIhB4mHPQhc",
        "assistant_id": "asst_rw3cD2S7NPIa7Aydm3H00706",
        "thread_id": "thread_MVViUlj4BvsTLj7hKpYV6325",
        "type": "tool_calls",
        "status": "completed",
        "cancelled_at": null,
        "completed_at": 1749596924,
        "expires_at": null,
        "failed_at": null,
        "last_error": null,
        "step_details": {
          "type": "tool_calls",
          "tool_calls": [
            {
              "id": "call_Zszyw5MquyjlNsareuZKqnad",
              "type": "file_search",
              "file_search": {
                "ranking_options": {
                  "ranker": "default_2024_08_21",
                  "score_threshold": 0.0
                },
                "results": [
                  {
                    "file_id": "assistant-2RMcsjRGzqceNhLWsmpwaS",
                    "file_name": "azureml://subscriptions/00000000-0000-0000-0000-000000000000/resourcegroups/00000/workspaces/00000/datastores/workspaceblobstore/paths/LocalUpload/99ccdcf221d468b60f565d5708f6ce1d/product_info_1.md",
                    "score": 0.03333333507180214,
                    "attributes": {},
                    "content": [
                      {
                        "type": "text",
                        "text": "# Information about product item_number: 1\r\n\r\n## Brand\r\nContoso Galaxy Innovations\r\n\r\n## Category\r\nSmart Eyewear\r\n\r\n## Features\r\n- Augmented Reality interface\r\n- Voice-controlled AI assistant\r\n- HD video recording with 3D audio\r\n- UV protection and blue light filtering\r\n- Wireless charging with extended battery life\r\n\r\n## User Guide\r\n\r\n### 1. Introduction\r\nIntroduction to your new SmartView Glasses\r\n\r\n### 2. Product Overview\r\nOverview of features and controls\r\n\r\n### 3. Sizing and Fit\r\nFinding your perfect fit and style adjustments\r\n\r\n### 4. Proper Care and Maintenance\r\nCleaning and caring for your SmartView Glasses\r\n\r\n### 5. Break-in Period\r\nAdjusting to the augmented reality experience\r\n\r\n### 6. Safety Tips\r\nSafety guidelines for public and private spaces\r\n\r\n### 7. Troubleshooting\r\nQuick fixes for common issues\r\n\r\n## Warranty Information\r\nTwo-year limited warranty on all electronic components\r\n\r\n## Contact Information\r\nCustomer Support at support@contoso-galaxy-innovations.com\r\n\r\n## Return Policy\r\n30-day return policy with no questions asked\r\n\r\n## FAQ\r\n- How to sync your SmartView Glasses with your devices\r\n- Troubleshooting connection issues\r\n- Customizing your augmented reality environment"
                      }
                    ]
                  }
                ]
              }
            }
          ]
        },
        "usage": {
          "prompt_tokens": 672,
          "completion_tokens": 16,
          "total_tokens": 688,
          "prompt_token_details": {
            "cached_tokens": 0
          }
        }
      }
    },
    {
      "RequestUri": "https://Sanitized.api.azureml.ms/agents/v1.0/subscriptions/00000000-0000-0000-0000-000000000000/resourceGroups/00000/providers/Microsoft.MachineLearningServices/workspaces/00000/threads/thread_MVViUlj4BvsTLj7hKpYV6325/messages?api-version=2025-05-15-preview",
      "RequestMethod": "GET",
      "RequestHeaders": {
        "Accept": "application/json",
        "Accept-Encoding": "gzip, deflate",
        "Connection": "keep-alive",
        "User-Agent": "azsdk-python-ai-agents/1.1.0b2 Python/3.11.5 (Windows-10-10.0.26100-SP0)"
      },
      "RequestBody": null,
      "StatusCode": 200,
      "ResponseHeaders": {
        "apim-request-id": "a7d7f428-eb21-42ff-804a-8b0af2889fdd",
        "azureml-served-by-cluster": "vienna-westus-01",
        "Connection": "keep-alive",
        "Content-Encoding": "gzip",
        "Content-Type": "application/json",
        "Date": "Tue, 10 Jun 2025 23:08:47 GMT",
        "openai-organization": "20ba836fffc34ede8203166d666c74ef",
        "openai-processing-ms": "81",
        "openai-version": "2020-10-01",
        "Request-Context": "appId=cid-v1:2d2e8e63-272e-4b3c-8598-4ee570a0e70d",
        "Strict-Transport-Security": "max-age=31536000; includeSubDomains; preload",
        "Transfer-Encoding": "chunked",
        "Vary": "Accept-Encoding",
        "X-Content-Type-Options": "nosniff",
        "x-ms-middleware-request-id": "f9412711-7515-45ea-8018-2a7151f5ccde",
        "x-ms-region": "West US",
        "x-ms-response-type": "standard",
        "X-Request-ID": "6daaea4c0c6f19e79344f6a6ca05bdb1",
        "x-request-time": "0.313"
      },
      "ResponseBody": {
        "object": "list",
        "data": [
          {
            "id": "msg_6QqixfZiYi51JptqMpuGIdOH",
            "object": "thread.message",
            "created_at": 1749596924,
            "assistant_id": "asst_rw3cD2S7NPIa7Aydm3H00706",
            "thread_id": "thread_MVViUlj4BvsTLj7hKpYV6325",
            "run_id": "run_jafKAstgLqhcAHIhB4mHPQhc",
            "role": "assistant",
            "content": [
              {
                "type": "text",
                "text": {
                  "value": "Contoso Galaxy Innovations produces smart eyewear called \"SmartView Glasses.\" These glasses include features like an augmented reality interface, a voice-controlled AI assistant, HD video recording with 3D audio, UV protection, blue light filtering, wireless charging, and extended battery life【4:0†source】.",
                  "annotations": [
                    {
                      "type": "file_citation",
                      "text": "【4:0†source】",
                      "start_index": 294,
                      "end_index": 306,
                      "file_citation": {
                        "file_id": "assistant-2RMcsjRGzqceNhLWsmpwaS"
                      }
                    }
                  ]
                }
              }
            ],
            "attachments": [],
            "metadata": {}
          },
          {
            "id": "msg_HYdQSEH3UfrYRzlFOFgG2ssI",
            "object": "thread.message",
            "created_at": 1749596921,
            "assistant_id": null,
            "thread_id": "thread_MVViUlj4BvsTLj7hKpYV6325",
            "run_id": null,
            "role": "user",
            "content": [
              {
                "type": "text",
                "text": {
                  "value": "What Contoso Galaxy Innovations produces?",
                  "annotations": []
                }
              }
            ],
            "attachments": [],
            "metadata": {}
          }
        ],
        "first_id": "msg_6QqixfZiYi51JptqMpuGIdOH",
        "last_id": "msg_HYdQSEH3UfrYRzlFOFgG2ssI",
        "has_more": false
      }
    },
    {
      "RequestUri": "https://Sanitized.api.azureml.ms/agents/v1.0/subscriptions/00000000-0000-0000-0000-000000000000/resourceGroups/00000/providers/Microsoft.MachineLearningServices/workspaces/00000/threads/thread_MVViUlj4BvsTLj7hKpYV6325/messages?api-version=2025-05-15-preview&after=msg_HYdQSEH3UfrYRzlFOFgG2ssI",
      "RequestMethod": "GET",
      "RequestHeaders": {
        "Accept": "application/json",
        "Accept-Encoding": "gzip, deflate",
        "Connection": "keep-alive",
        "User-Agent": "azsdk-python-ai-agents/1.1.0b2 Python/3.11.5 (Windows-10-10.0.26100-SP0)"
      },
      "RequestBody": null,
      "StatusCode": 200,
      "ResponseHeaders": {
        "apim-request-id": "28502333-55ca-42dc-92de-e57c41b92c5b",
        "azureml-served-by-cluster": "vienna-westus-01",
        "Connection": "keep-alive",
        "Content-Length": "96",
        "Content-Type": "application/json",
        "Date": "Tue, 10 Jun 2025 23:08:47 GMT",
        "openai-organization": "20ba836fffc34ede8203166d666c74ef",
        "openai-processing-ms": "84",
        "openai-version": "2020-10-01",
        "Request-Context": "appId=cid-v1:2d2e8e63-272e-4b3c-8598-4ee570a0e70d",
        "Strict-Transport-Security": "max-age=31536000; includeSubDomains; preload",
        "X-Content-Type-Options": "nosniff",
        "x-ms-middleware-request-id": "ae9ab04a-133f-4493-9ea6-4089d48f89be",
        "x-ms-region": "West US",
        "x-ms-response-type": "standard",
        "X-Request-ID": "d872c10b7cd7517c4c719c6ab033f6f1",
        "x-request-time": "0.274"
      },
      "ResponseBody": {
        "object": "list",
        "data": [],
        "first_id": null,
        "last_id": null,
        "has_more": false
      }
    },
    {
      "RequestUri": "https://Sanitized.api.azureml.ms/agents/v1.0/subscriptions/00000000-0000-0000-0000-000000000000/resourceGroups/00000/providers/Microsoft.MachineLearningServices/workspaces/00000/vector_stores/vs_000000000000000000000000?api-version=2025-05-15-preview",
      "RequestMethod": "DELETE",
      "RequestHeaders": {
        "Accept": "application/json",
        "Accept-Encoding": "gzip, deflate",
        "Connection": "keep-alive",
        "Content-Length": "0",
        "User-Agent": "azsdk-python-ai-agents/1.1.0b2 Python/3.11.5 (Windows-10-10.0.26100-SP0)"
      },
      "RequestBody": null,
      "StatusCode": 200,
      "ResponseHeaders": {
        "apim-request-id": "3c671643-7e0f-401c-a3d1-61301da96cc8",
        "azureml-served-by-cluster": "vienna-westus-01",
        "Connection": "keep-alive",
        "Content-Length": "96",
        "Content-Type": "application/json",
        "Date": "Tue, 10 Jun 2025 23:08:50 GMT",
        "openai-organization": "20ba836fffc34ede8203166d666c74ef",
        "openai-processing-ms": "2246",
        "openai-version": "2020-10-01",
        "Request-Context": "appId=cid-v1:2d2e8e63-272e-4b3c-8598-4ee570a0e70d",
        "Strict-Transport-Security": "max-age=31536000; includeSubDomains; preload",
        "X-Content-Type-Options": "nosniff",
        "x-ms-middleware-request-id": "b92ab2a3-70fc-4089-aba0-b980dde5a78e",
        "x-ms-region": "West US",
        "x-ms-response-type": "standard",
        "X-Request-ID": "1dd8f6fa2765f91a997013fbcde4c8cd",
        "x-request-time": "2.563"
      },
      "ResponseBody": {
        "id": "vs_7xvMqz9HMyCKauq1ddI6jGax",
        "object": "vector_store.deleted",
        "deleted": true
      }
    },
    {
      "RequestUri": "https://Sanitized.api.azureml.ms/agents/v1.0/subscriptions/00000000-0000-0000-0000-000000000000/resourceGroups/00000/providers/Microsoft.MachineLearningServices/workspaces/00000/assistants/asst_rw3cD2S7NPIa7Aydm3H00706?api-version=2025-05-15-preview",
      "RequestMethod": "DELETE",
      "RequestHeaders": {
        "Accept": "application/json",
        "Accept-Encoding": "gzip, deflate",
        "Connection": "keep-alive",
        "Content-Length": "0",
        "User-Agent": "azsdk-python-ai-agents/1.1.0b2 Python/3.11.5 (Windows-10-10.0.26100-SP0)"
      },
      "RequestBody": null,
      "StatusCode": 200,
      "ResponseHeaders": {
        "apim-request-id": "2ee00f34-4401-44b6-8843-68fbe66ee960",
        "azureml-served-by-cluster": "vienna-westus-01",
        "Connection": "keep-alive",
        "Content-Length": "95",
        "Content-Type": "application/json",
        "Date": "Tue, 10 Jun 2025 23:08:50 GMT",
        "openai-organization": "20ba836fffc34ede8203166d666c74ef",
        "openai-processing-ms": "170",
        "openai-version": "2020-10-01",
        "Request-Context": "appId=cid-v1:2d2e8e63-272e-4b3c-8598-4ee570a0e70d",
        "Strict-Transport-Security": "max-age=31536000; includeSubDomains; preload",
        "X-Content-Type-Options": "nosniff",
        "x-ms-middleware-request-id": "0fa92f08-8749-4fdb-9ad7-9ebad817184c",
        "x-ms-region": "West US",
        "x-ms-response-type": "standard",
        "X-Request-ID": "e6b6e1ba3222c455bb3add725d6f5bc8",
        "x-request-time": "0.392"
      },
      "ResponseBody": {
        "id": "asst_rw3cD2S7NPIa7Aydm3H00706",
        "object": "assistant.deleted",
        "deleted": true
      }
    },
    {
      "RequestUri": "https://Sanitized.api.azureml.ms/agents/v1.0/subscriptions/00000000-0000-0000-0000-000000000000/resourceGroups/00000/providers/Microsoft.MachineLearningServices/workspaces/00000/vector_stores?api-version=2025-05-15-preview",
      "RequestMethod": "POST",
      "RequestHeaders": {
        "Accept": "application/json",
        "Accept-Encoding": "gzip, deflate",
        "Connection": "keep-alive",
        "Content-Length": "280",
        "Content-Type": "application/json",
        "User-Agent": "azsdk-python-ai-agents/1.1.0b2 Python/3.11.5 (Windows-10-10.0.26100-SP0)"
      },
      "RequestBody": {
        "configuration": {
          "data_sources": [
            {
              "uri": "azureml://subscriptions/00000000-0000-0000-0000-000000000000/resourcegroups/00000/workspaces/00000/datastores/workspaceblobstore/paths/LocalUpload/00000000000/product_info_1.md",
              "type": "uri_asset"
            }
          ]
        },
        "file_ids": [],
        "name": "my_vectorstore"
      },
      "StatusCode": 200,
      "ResponseHeaders": {
        "apim-request-id": "429adfbd-413a-499e-9dd5-e050375628f3",
        "azureml-served-by-cluster": "vienna-westus-01",
        "Connection": "keep-alive",
        "Content-Encoding": "gzip",
        "Content-Type": "application/json",
        "Date": "Tue, 10 Jun 2025 23:08:56 GMT",
        "openai-organization": "20ba836fffc34ede8203166d666c74ef",
        "openai-processing-ms": "3299",
        "openai-version": "2020-10-01",
        "Request-Context": "appId=cid-v1:2d2e8e63-272e-4b3c-8598-4ee570a0e70d",
        "Strict-Transport-Security": "max-age=31536000; includeSubDomains; preload",
        "Transfer-Encoding": "chunked",
        "Vary": "Accept-Encoding",
        "X-Content-Type-Options": "nosniff",
        "x-ms-middleware-request-id": "aa0c447a-baa9-46d1-b769-a0cd5ed923ec",
        "x-ms-region": "West US",
        "x-ms-response-type": "standard",
        "X-Request-ID": "1e54e9b6e46d9173815b5b37cdd34ba6",
        "x-request-time": "3.500"
      },
      "ResponseBody": {
        "id": "vs_ejwetpGjfJ8Bt2Y70Gepmmwc",
        "object": "vector_store",
        "name": "my_vectorstore",
        "status": "in_progress",
        "usage_bytes": 0,
        "created_at": 1749596933,
        "file_counts": {
          "in_progress": 1,
          "completed": 0,
          "failed": 0,
          "cancelled": 0,
          "total": 1
        },
        "metadata": {},
        "expires_after": null,
        "expires_at": null,
        "last_active_at": 1749596933
      }
    },
    {
      "RequestUri": "https://Sanitized.api.azureml.ms/agents/v1.0/subscriptions/00000000-0000-0000-0000-000000000000/resourceGroups/00000/providers/Microsoft.MachineLearningServices/workspaces/00000/vector_stores/vs_000000000000000000000000?api-version=2025-05-15-preview",
      "RequestMethod": "GET",
      "RequestHeaders": {
        "Accept": "application/json",
        "Accept-Encoding": "gzip, deflate",
        "Connection": "keep-alive",
        "User-Agent": "azsdk-python-ai-agents/1.1.0b2 Python/3.11.5 (Windows-10-10.0.26100-SP0)"
      },
      "RequestBody": null,
      "StatusCode": 200,
      "ResponseHeaders": {
        "apim-request-id": "64e5ca5c-f8ca-4462-8bd3-a541c7441bb7",
        "azureml-served-by-cluster": "vienna-westus-01",
        "Connection": "keep-alive",
        "Content-Encoding": "gzip",
        "Content-Type": "application/json",
        "Date": "Tue, 10 Jun 2025 23:08:58 GMT",
        "openai-organization": "20ba836fffc34ede8203166d666c74ef",
        "openai-processing-ms": "89",
        "openai-version": "2020-10-01",
        "Request-Context": "appId=cid-v1:2d2e8e63-272e-4b3c-8598-4ee570a0e70d",
        "Strict-Transport-Security": "max-age=31536000; includeSubDomains; preload",
        "Transfer-Encoding": "chunked",
        "Vary": "Accept-Encoding",
        "X-Content-Type-Options": "nosniff",
        "x-ms-middleware-request-id": "74fe0c94-cba9-4758-8b5f-85d0ef2f4557",
        "x-ms-region": "West US",
        "x-ms-response-type": "standard",
        "X-Request-ID": "9c98730d3f1ec852578e5255a1e18c83",
        "x-request-time": "0.313"
      },
      "ResponseBody": {
        "id": "vs_ejwetpGjfJ8Bt2Y70Gepmmwc",
        "object": "vector_store",
        "name": "my_vectorstore",
        "status": "completed",
        "usage_bytes": 2237,
        "created_at": 1749596933,
        "file_counts": {
          "in_progress": 0,
          "completed": 1,
          "failed": 0,
          "cancelled": 0,
          "total": 1
        },
        "metadata": {},
        "expires_after": null,
        "expires_at": null,
        "last_active_at": 1749596933
      }
    },
    {
      "RequestUri": "https://Sanitized.api.azureml.ms/agents/v1.0/subscriptions/00000000-0000-0000-0000-000000000000/resourceGroups/00000/providers/Microsoft.MachineLearningServices/workspaces/00000/assistants?api-version=2025-05-15-preview",
      "RequestMethod": "POST",
      "RequestHeaders": {
        "Accept": "application/json",
        "Accept-Encoding": "gzip, deflate",
        "Connection": "keep-alive",
        "Content-Length": "260",
        "Content-Type": "application/json",
        "User-Agent": "azsdk-python-ai-agents/1.1.0b2 Python/3.11.5 (Windows-10-10.0.26100-SP0)"
      },
      "RequestBody": {
        "instructions": "Hello, you are helpful agent and can search information from uploaded files",
        "model": "gpt-4o",
        "name": "my-agent",
        "tool_resources": {
          "file_search": {
            "vector_store_ids": [
              "vs_ejwetpGjfJ8Bt2Y70Gepmmwc"
            ]
          }
        },
        "tools": [
          {
            "type": "file_search"
          }
        ]
      },
      "StatusCode": 200,
      "ResponseHeaders": {
        "apim-request-id": "e190c87b-39c3-453c-88c3-e9c8afa86850",
        "azureml-served-by-cluster": "vienna-westus-01",
        "Connection": "keep-alive",
        "Content-Encoding": "gzip",
        "Content-Type": "application/json",
        "Date": "Tue, 10 Jun 2025 23:08:58 GMT",
        "openai-organization": "20ba836fffc34ede8203166d666c74ef",
        "openai-processing-ms": "86",
        "openai-version": "2020-10-01",
        "Request-Context": "appId=cid-v1:2d2e8e63-272e-4b3c-8598-4ee570a0e70d",
        "Strict-Transport-Security": "max-age=31536000; includeSubDomains; preload",
        "Transfer-Encoding": "chunked",
        "Vary": "Accept-Encoding",
        "X-Content-Type-Options": "nosniff",
        "x-ms-middleware-request-id": "e190c87b-39c3-453c-88c3-e9c8afa86850",
        "x-ms-region": "West US",
        "x-ms-response-type": "standard",
        "X-Request-ID": "4e4a386d3f5ea7710bf1661a401402db",
        "x-request-time": "0.339"
      },
      "ResponseBody": {
        "id": "asst_oY1r6YTXwxZpTv0AT9xpKiXb",
        "object": "assistant",
        "created_at": 1749596938,
        "name": "my-agent",
        "description": null,
        "model": "gpt-4o",
        "instructions": "Hello, you are helpful agent and can search information from uploaded files",
        "tools": [
          {
            "type": "file_search"
          }
        ],
        "top_p": 1.0,
        "temperature": 1.0,
        "tool_resources": {
          "file_search": {
            "vector_store_ids": [
              "vs_ejwetpGjfJ8Bt2Y70Gepmmwc"
            ]
          }
        },
        "metadata": {},
        "response_format": "auto"
      }
    },
    {
      "RequestUri": "https://Sanitized.api.azureml.ms/agents/v1.0/subscriptions/00000000-0000-0000-0000-000000000000/resourceGroups/00000/providers/Microsoft.MachineLearningServices/workspaces/00000/threads?api-version=2025-05-15-preview",
      "RequestMethod": "POST",
      "RequestHeaders": {
        "Accept": "application/json",
        "Accept-Encoding": "gzip, deflate",
        "Connection": "keep-alive",
        "Content-Length": "2",
        "Content-Type": "application/json",
        "User-Agent": "azsdk-python-ai-agents/1.1.0b2 Python/3.11.5 (Windows-10-10.0.26100-SP0)"
      },
      "RequestBody": {},
      "StatusCode": 200,
      "ResponseHeaders": {
        "apim-request-id": "93ff3946-5a84-468c-a962-2b36a47877d5",
        "azureml-served-by-cluster": "vienna-westus-01",
        "Connection": "keep-alive",
        "Content-Length": "137",
        "Content-Type": "application/json",
        "Date": "Tue, 10 Jun 2025 23:08:58 GMT",
        "openai-organization": "20ba836fffc34ede8203166d666c74ef",
        "openai-processing-ms": "71",
        "openai-version": "2020-10-01",
        "Request-Context": "appId=cid-v1:2d2e8e63-272e-4b3c-8598-4ee570a0e70d",
        "Strict-Transport-Security": "max-age=31536000; includeSubDomains; preload",
        "X-Content-Type-Options": "nosniff",
        "x-ms-middleware-request-id": "42c07d01-5660-463f-a59f-d7f6f8069f00",
        "x-ms-region": "West US",
        "x-ms-response-type": "standard",
        "X-Request-ID": "696618b15f1a6ffb8cd6ac6d1b5a345b",
        "x-request-time": "0.244"
      },
      "ResponseBody": {
        "id": "thread_DKl61zCKMTahMKlxX93TPP49",
        "object": "thread",
        "created_at": 1749596938,
        "metadata": {},
        "tool_resources": {}
      }
    },
    {
      "RequestUri": "https://Sanitized.api.azureml.ms/agents/v1.0/subscriptions/00000000-0000-0000-0000-000000000000/resourceGroups/00000/providers/Microsoft.MachineLearningServices/workspaces/00000/threads/thread_DKl61zCKMTahMKlxX93TPP49/messages?api-version=2025-05-15-preview",
      "RequestMethod": "POST",
      "RequestHeaders": {
        "Accept": "application/json",
        "Accept-Encoding": "gzip, deflate",
        "Connection": "keep-alive",
        "Content-Length": "72",
        "Content-Type": "application/json",
        "User-Agent": "azsdk-python-ai-agents/1.1.0b2 Python/3.11.5 (Windows-10-10.0.26100-SP0)"
      },
      "RequestBody": {
        "content": "What Contoso Galaxy Innovations produces?",
        "role": "user"
      },
      "StatusCode": 200,
      "ResponseHeaders": {
        "apim-request-id": "668fc786-d737-4457-afd4-0fc7b0a3e92d",
        "azureml-served-by-cluster": "vienna-westus-01",
        "Connection": "keep-alive",
        "Content-Encoding": "gzip",
        "Content-Type": "application/json",
        "Date": "Tue, 10 Jun 2025 23:08:59 GMT",
        "openai-organization": "20ba836fffc34ede8203166d666c74ef",
        "openai-processing-ms": "110",
        "openai-version": "2020-10-01",
        "Request-Context": "appId=cid-v1:2d2e8e63-272e-4b3c-8598-4ee570a0e70d",
        "Strict-Transport-Security": "max-age=31536000; includeSubDomains; preload",
        "Transfer-Encoding": "chunked",
        "Vary": "Accept-Encoding",
        "X-Content-Type-Options": "nosniff",
        "x-ms-middleware-request-id": "926f0cce-0239-4af2-990a-b423de58a0e0",
        "x-ms-region": "West US",
        "x-ms-response-type": "standard",
        "X-Request-ID": "d9de5c8afbb67e4329c103ffa1462a42",
        "x-request-time": "0.283"
      },
      "ResponseBody": {
        "id": "msg_BXEwnWPqfkBlS3LBtcISj7b4",
        "object": "thread.message",
        "created_at": 1749596939,
        "assistant_id": null,
        "thread_id": "thread_DKl61zCKMTahMKlxX93TPP49",
        "run_id": null,
        "role": "user",
        "content": [
          {
            "type": "text",
            "text": {
              "value": "What Contoso Galaxy Innovations produces?",
              "annotations": []
            }
          }
        ],
        "attachments": [],
        "metadata": {}
      }
    },
    {
      "RequestUri": "https://Sanitized.api.azureml.ms/agents/v1.0/subscriptions/00000000-0000-0000-0000-000000000000/resourceGroups/00000/providers/Microsoft.MachineLearningServices/workspaces/00000/threads/thread_DKl61zCKMTahMKlxX93TPP49/runs?api-version=2025-05-15-preview",
      "RequestMethod": "POST",
      "RequestHeaders": {
        "Accept": "application/json",
        "Accept-Encoding": "gzip, deflate",
        "Connection": "keep-alive",
        "Content-Length": "66",
        "Content-Type": "application/json",
        "User-Agent": "azsdk-python-ai-agents/1.1.0b2 Python/3.11.5 (Windows-10-10.0.26100-SP0)"
      },
      "RequestBody": {
        "assistant_id": "asst_oY1r6YTXwxZpTv0AT9xpKiXb",
        "stream": false
      },
      "StatusCode": 200,
      "ResponseHeaders": {
        "apim-request-id": "0aee9d91-9e6a-473c-ae5f-9be95312e919",
        "azureml-served-by-cluster": "vienna-westus-01",
        "Connection": "keep-alive",
        "Content-Encoding": "gzip",
        "Content-Type": "application/json",
        "Date": "Tue, 10 Jun 2025 23:08:59 GMT",
        "openai-organization": "20ba836fffc34ede8203166d666c74ef",
        "openai-processing-ms": "172",
        "openai-version": "2020-10-01",
        "Request-Context": "appId=cid-v1:2d2e8e63-272e-4b3c-8598-4ee570a0e70d",
        "Strict-Transport-Security": "max-age=31536000; includeSubDomains; preload",
        "Transfer-Encoding": "chunked",
        "Vary": "Accept-Encoding",
        "X-Content-Type-Options": "nosniff",
        "x-ms-middleware-request-id": "044d6569-2802-4e8a-a2b8-8652993cdc56",
        "x-ms-region": "West US",
        "x-ms-response-type": "standard",
        "X-Request-ID": "54c6b1e654dc1c90e912bc85d4dbe623",
        "x-request-time": "0.407"
      },
      "ResponseBody": {
        "id": "run_MiLarYK81QcFucnPXzUxH2ZW",
        "object": "thread.run",
        "created_at": 1749596939,
        "assistant_id": "asst_oY1r6YTXwxZpTv0AT9xpKiXb",
        "thread_id": "thread_DKl61zCKMTahMKlxX93TPP49",
        "status": "queued",
        "started_at": null,
        "expires_at": 1749597539,
        "cancelled_at": null,
        "failed_at": null,
        "completed_at": null,
        "required_action": null,
        "last_error": null,
        "model": "gpt-4o",
        "instructions": "Hello, you are helpful agent and can search information from uploaded files",
        "tools": [
          {
            "type": "file_search"
          }
        ],
        "tool_resources": {},
        "metadata": {},
        "temperature": 1.0,
        "top_p": 1.0,
        "max_completion_tokens": null,
        "max_prompt_tokens": null,
        "truncation_strategy": {
          "type": "auto",
          "last_messages": null
        },
        "incomplete_details": null,
        "usage": null,
        "response_format": "auto",
        "tool_choice": "auto",
        "parallel_tool_calls": true
      }
    },
    {
      "RequestUri": "https://Sanitized.api.azureml.ms/agents/v1.0/subscriptions/00000000-0000-0000-0000-000000000000/resourceGroups/00000/providers/Microsoft.MachineLearningServices/workspaces/00000/threads/thread_DKl61zCKMTahMKlxX93TPP49/runs/Sanitized?api-version=2025-05-15-preview",
      "RequestMethod": "GET",
      "RequestHeaders": {
        "Accept": "application/json",
        "Accept-Encoding": "gzip, deflate",
        "Connection": "keep-alive",
        "User-Agent": "azsdk-python-ai-agents/1.1.0b2 Python/3.11.5 (Windows-10-10.0.26100-SP0)"
      },
      "RequestBody": null,
      "StatusCode": 200,
      "ResponseHeaders": {
        "apim-request-id": "b68c880e-0de8-48a7-bb55-46082153db76",
        "azureml-served-by-cluster": "vienna-westus-01",
        "Connection": "keep-alive",
        "Content-Encoding": "gzip",
        "Content-Type": "application/json",
        "Date": "Tue, 10 Jun 2025 23:09:01 GMT",
        "openai-organization": "20ba836fffc34ede8203166d666c74ef",
        "openai-processing-ms": "98",
        "openai-version": "2020-10-01",
        "Request-Context": "appId=cid-v1:2d2e8e63-272e-4b3c-8598-4ee570a0e70d",
        "Strict-Transport-Security": "max-age=31536000; includeSubDomains; preload",
        "Transfer-Encoding": "chunked",
        "Vary": "Accept-Encoding",
        "X-Content-Type-Options": "nosniff",
        "x-ms-middleware-request-id": "0e17847b-d399-41b0-8189-202b1142ef22",
        "x-ms-region": "West US",
        "x-ms-response-type": "standard",
        "X-Request-ID": "ae0fa43540dacf8ebaeba06a8cb22d64",
        "x-request-time": "0.298"
      },
      "ResponseBody": {
        "id": "run_MiLarYK81QcFucnPXzUxH2ZW",
        "object": "thread.run",
        "created_at": 1749596939,
        "assistant_id": "asst_oY1r6YTXwxZpTv0AT9xpKiXb",
        "thread_id": "thread_DKl61zCKMTahMKlxX93TPP49",
        "status": "in_progress",
        "started_at": 1749596939,
        "expires_at": 1749597539,
        "cancelled_at": null,
        "failed_at": null,
        "completed_at": null,
        "required_action": null,
        "last_error": null,
        "model": "gpt-4o",
        "instructions": "Hello, you are helpful agent and can search information from uploaded files",
        "tools": [
          {
            "type": "file_search"
          }
        ],
        "tool_resources": {},
        "metadata": {},
        "temperature": 1.0,
        "top_p": 1.0,
        "max_completion_tokens": null,
        "max_prompt_tokens": null,
        "truncation_strategy": {
          "type": "auto",
          "last_messages": null
        },
        "incomplete_details": null,
        "usage": null,
        "response_format": "auto",
        "tool_choice": "auto",
        "parallel_tool_calls": true
      }
    },
    {
      "RequestUri": "https://Sanitized.api.azureml.ms/agents/v1.0/subscriptions/00000000-0000-0000-0000-000000000000/resourceGroups/00000/providers/Microsoft.MachineLearningServices/workspaces/00000/threads/thread_DKl61zCKMTahMKlxX93TPP49/runs/Sanitized?api-version=2025-05-15-preview",
      "RequestMethod": "GET",
      "RequestHeaders": {
        "Accept": "application/json",
        "Accept-Encoding": "gzip, deflate",
        "Connection": "keep-alive",
        "User-Agent": "azsdk-python-ai-agents/1.1.0b2 Python/3.11.5 (Windows-10-10.0.26100-SP0)"
      },
      "RequestBody": null,
      "StatusCode": 200,
      "ResponseHeaders": {
        "apim-request-id": "809807c6-56b2-4234-a989-d25af7de0c68",
        "azureml-served-by-cluster": "vienna-westus-01",
        "Connection": "keep-alive",
        "Content-Encoding": "gzip",
        "Content-Type": "application/json",
        "Date": "Tue, 10 Jun 2025 23:09:02 GMT",
        "openai-organization": "20ba836fffc34ede8203166d666c74ef",
        "openai-processing-ms": "41",
        "openai-version": "2020-10-01",
        "Request-Context": "appId=cid-v1:2d2e8e63-272e-4b3c-8598-4ee570a0e70d",
        "Strict-Transport-Security": "max-age=31536000; includeSubDomains; preload",
        "Transfer-Encoding": "chunked",
        "Vary": "Accept-Encoding",
        "X-Content-Type-Options": "nosniff",
        "x-ms-middleware-request-id": "c6375ca9-da3c-44fe-a8bf-559a7a2fb751",
        "x-ms-region": "West US",
        "x-ms-response-type": "standard",
        "X-Request-ID": "1088908175328e664e82242ed4f348bf",
        "x-request-time": "0.240"
      },
      "ResponseBody": {
        "id": "run_MiLarYK81QcFucnPXzUxH2ZW",
        "object": "thread.run",
        "created_at": 1749596939,
        "assistant_id": "asst_oY1r6YTXwxZpTv0AT9xpKiXb",
        "thread_id": "thread_DKl61zCKMTahMKlxX93TPP49",
        "status": "in_progress",
        "started_at": 1749596939,
        "expires_at": 1749597539,
        "cancelled_at": null,
        "failed_at": null,
        "completed_at": null,
        "required_action": null,
        "last_error": null,
        "model": "gpt-4o",
        "instructions": "Hello, you are helpful agent and can search information from uploaded files",
        "tools": [
          {
            "type": "file_search"
          }
        ],
        "tool_resources": {},
        "metadata": {},
        "temperature": 1.0,
        "top_p": 1.0,
        "max_completion_tokens": null,
        "max_prompt_tokens": null,
        "truncation_strategy": {
          "type": "auto",
          "last_messages": null
        },
        "incomplete_details": null,
        "usage": null,
        "response_format": "auto",
        "tool_choice": "auto",
        "parallel_tool_calls": true
      }
    },
    {
      "RequestUri": "https://Sanitized.api.azureml.ms/agents/v1.0/subscriptions/00000000-0000-0000-0000-000000000000/resourceGroups/00000/providers/Microsoft.MachineLearningServices/workspaces/00000/threads/thread_DKl61zCKMTahMKlxX93TPP49/runs/Sanitized?api-version=2025-05-15-preview",
      "RequestMethod": "GET",
      "RequestHeaders": {
        "Accept": "application/json",
        "Accept-Encoding": "gzip, deflate",
        "Connection": "keep-alive",
        "User-Agent": "azsdk-python-ai-agents/1.1.0b2 Python/3.11.5 (Windows-10-10.0.26100-SP0)"
      },
      "RequestBody": null,
      "StatusCode": 200,
      "ResponseHeaders": {
        "apim-request-id": "d535fac6-9345-45fb-b4f2-cfb490db293f",
        "azureml-served-by-cluster": "vienna-westus-01",
        "Connection": "keep-alive",
        "Content-Encoding": "gzip",
        "Content-Type": "application/json",
        "Date": "Tue, 10 Jun 2025 23:09:03 GMT",
        "openai-organization": "20ba836fffc34ede8203166d666c74ef",
        "openai-processing-ms": "90",
        "openai-version": "2020-10-01",
        "Request-Context": "appId=cid-v1:2d2e8e63-272e-4b3c-8598-4ee570a0e70d",
        "Strict-Transport-Security": "max-age=31536000; includeSubDomains; preload",
        "Transfer-Encoding": "chunked",
        "Vary": "Accept-Encoding",
        "X-Content-Type-Options": "nosniff",
        "x-ms-middleware-request-id": "26247e49-cc5c-41c3-bfa7-64fed9b710e7",
        "x-ms-region": "West US",
        "x-ms-response-type": "standard",
        "X-Request-ID": "ba0c10a14eb92f009fa0fe77cf33dad5",
        "x-request-time": "0.259"
      },
      "ResponseBody": {
        "id": "run_MiLarYK81QcFucnPXzUxH2ZW",
        "object": "thread.run",
        "created_at": 1749596939,
        "assistant_id": "asst_oY1r6YTXwxZpTv0AT9xpKiXb",
        "thread_id": "thread_DKl61zCKMTahMKlxX93TPP49",
        "status": "completed",
        "started_at": 1749596939,
        "expires_at": null,
        "cancelled_at": null,
        "failed_at": null,
        "completed_at": 1749596943,
        "required_action": null,
        "last_error": null,
        "model": "gpt-4o",
        "instructions": "Hello, you are helpful agent and can search information from uploaded files",
        "tools": [
          {
            "type": "file_search"
          }
        ],
        "tool_resources": {},
        "metadata": {},
        "temperature": 1.0,
        "top_p": 1.0,
        "max_completion_tokens": null,
        "max_prompt_tokens": null,
        "truncation_strategy": {
          "type": "auto",
          "last_messages": null
        },
        "incomplete_details": null,
        "usage": {
          "prompt_tokens": 1997,
          "completion_tokens": 84,
          "total_tokens": 2081,
          "prompt_token_details": {
            "cached_tokens": 0
          }
        },
        "response_format": "auto",
        "tool_choice": "auto",
        "parallel_tool_calls": true
      }
    },
    {
      "RequestUri": "https://Sanitized.api.azureml.ms/agents/v1.0/subscriptions/00000000-0000-0000-0000-000000000000/resourceGroups/00000/providers/Microsoft.MachineLearningServices/workspaces/00000/threads/thread_DKl61zCKMTahMKlxX93TPP49/runs/Sanitized/steps?api-version=2025-05-15-preview",
      "RequestMethod": "GET",
      "RequestHeaders": {
        "Accept": "application/json",
        "Accept-Encoding": "gzip, deflate",
        "Connection": "keep-alive",
        "User-Agent": "azsdk-python-ai-agents/1.1.0b2 Python/3.11.5 (Windows-10-10.0.26100-SP0)"
      },
      "RequestBody": null,
      "StatusCode": 200,
      "ResponseHeaders": {
        "apim-request-id": "18818a46-e1bc-4cff-ba24-24cef31e2e3d",
        "azureml-served-by-cluster": "vienna-westus-01",
        "Connection": "keep-alive",
        "Content-Encoding": "gzip",
        "Content-Type": "application/json",
        "Date": "Tue, 10 Jun 2025 23:09:04 GMT",
        "openai-organization": "20ba836fffc34ede8203166d666c74ef",
        "openai-processing-ms": "100",
        "openai-version": "2020-10-01",
        "Request-Context": "appId=cid-v1:2d2e8e63-272e-4b3c-8598-4ee570a0e70d",
        "Strict-Transport-Security": "max-age=31536000; includeSubDomains; preload",
        "Transfer-Encoding": "chunked",
        "Vary": "Accept-Encoding",
        "X-Content-Type-Options": "nosniff",
        "x-ms-middleware-request-id": "6cc3abca-689a-4d31-ac4e-b77908b85f3b",
        "x-ms-region": "West US",
        "x-ms-response-type": "standard",
        "X-Request-ID": "f9c386e0af367bf29fefab25e29c8630",
        "x-request-time": "0.290"
      },
      "ResponseBody": {
        "object": "list",
        "data": [
          {
            "id": "step_y0UREOEXZ32nqtgyBuVCRmME",
            "object": "thread.run.step",
            "created_at": 1749596943,
            "run_id": "run_MiLarYK81QcFucnPXzUxH2ZW",
            "assistant_id": "asst_oY1r6YTXwxZpTv0AT9xpKiXb",
            "thread_id": "thread_DKl61zCKMTahMKlxX93TPP49",
            "type": "message_creation",
            "status": "completed",
            "cancelled_at": null,
            "completed_at": 1749596943,
            "expires_at": null,
            "failed_at": null,
            "last_error": null,
            "step_details": {
              "type": "message_creation",
              "message_creation": {
                "message_id": "msg_r9BsOUXCDSTRto75Wh7NiGX1"
              }
            },
            "usage": {
              "prompt_tokens": 1325,
              "completion_tokens": 62,
              "total_tokens": 1387,
              "prompt_token_details": {
                "cached_tokens": 0
              }
            }
          },
          {
            "id": "step_oJYuKsWSGT5TYO7LukUwaWnk",
            "object": "thread.run.step",
            "created_at": 1749596940,
            "run_id": "run_MiLarYK81QcFucnPXzUxH2ZW",
            "assistant_id": "asst_oY1r6YTXwxZpTv0AT9xpKiXb",
            "thread_id": "thread_DKl61zCKMTahMKlxX93TPP49",
            "type": "tool_calls",
            "status": "completed",
            "cancelled_at": null,
            "completed_at": 1749596943,
            "expires_at": null,
            "failed_at": null,
            "last_error": null,
            "step_details": {
              "type": "tool_calls",
              "tool_calls": [
                {
                  "id": "call_jrR6b6bM6LocQDr0roe83sb5",
                  "type": "file_search",
                  "file_search": {
                    "ranking_options": {
                      "ranker": "default_2024_08_21",
                      "score_threshold": 0.0
                    },
                    "results": [
                      {
                        "file_id": "assistant-CC2Y1oa39XFeMCU1UDnaJD",
                        "file_name": "azureml://subscriptions/00000000-0000-0000-0000-000000000000/resourcegroups/00000/workspaces/00000/datastores/workspaceblobstore/paths/LocalUpload/99ccdcf221d468b60f565d5708f6ce1d/product_info_1.md",
                        "score": 0.03333333507180214,
                        "attributes": {}
                      }
                    ]
                  }
                }
              ]
            },
            "usage": {
              "prompt_tokens": 672,
              "completion_tokens": 22,
              "total_tokens": 694,
              "prompt_token_details": {
                "cached_tokens": 0
              }
            }
          }
        ],
        "first_id": "step_y0UREOEXZ32nqtgyBuVCRmME",
        "last_id": "step_oJYuKsWSGT5TYO7LukUwaWnk",
        "has_more": false
      }
    },
    {
      "RequestUri": "https://Sanitized.api.azureml.ms/agents/v1.0/subscriptions/00000000-0000-0000-0000-000000000000/resourceGroups/00000/providers/Microsoft.MachineLearningServices/workspaces/00000/threads/thread_DKl61zCKMTahMKlxX93TPP49/runs/Sanitized/steps?api-version=2025-05-15-preview&after=step_oJYuKsWSGT5TYO7LukUwaWnk",
      "RequestMethod": "GET",
      "RequestHeaders": {
        "Accept": "application/json",
        "Accept-Encoding": "gzip, deflate",
        "Connection": "keep-alive",
        "User-Agent": "azsdk-python-ai-agents/1.1.0b2 Python/3.11.5 (Windows-10-10.0.26100-SP0)"
      },
      "RequestBody": null,
      "StatusCode": 200,
      "ResponseHeaders": {
        "apim-request-id": "cc509d4c-32c3-4d7b-a850-97bea09466fa",
        "azureml-served-by-cluster": "vienna-westus-01",
        "Connection": "keep-alive",
        "Content-Length": "96",
        "Content-Type": "application/json",
        "Date": "Tue, 10 Jun 2025 23:09:04 GMT",
        "openai-organization": "20ba836fffc34ede8203166d666c74ef",
        "openai-processing-ms": "72",
        "openai-version": "2020-10-01",
        "Request-Context": "appId=cid-v1:2d2e8e63-272e-4b3c-8598-4ee570a0e70d",
        "Strict-Transport-Security": "max-age=31536000; includeSubDomains; preload",
        "X-Content-Type-Options": "nosniff",
        "x-ms-middleware-request-id": "28b809da-b814-43d2-874b-bca33ebad240",
        "x-ms-region": "West US",
        "x-ms-response-type": "standard",
        "X-Request-ID": "5218221c0175dbe2433aaaf158bf75b4",
        "x-request-time": "0.283"
      },
      "ResponseBody": {
        "object": "list",
        "data": [],
        "first_id": null,
        "last_id": null,
        "has_more": false
      }
    },
    {
      "RequestUri": "https://Sanitized.api.azureml.ms/agents/v1.0/subscriptions/00000000-0000-0000-0000-000000000000/resourceGroups/00000/providers/Microsoft.MachineLearningServices/workspaces/00000/threads/thread_DKl61zCKMTahMKlxX93TPP49/runs/Sanitized/steps/step_oJYuKsWSGT5TYO7LukUwaWnk?api-version=2025-05-15-preview",
      "RequestMethod": "GET",
      "RequestHeaders": {
        "Accept": "application/json",
        "Accept-Encoding": "gzip, deflate",
        "Connection": "keep-alive",
        "User-Agent": "azsdk-python-ai-agents/1.1.0b2 Python/3.11.5 (Windows-10-10.0.26100-SP0)"
      },
      "RequestBody": null,
      "StatusCode": 200,
      "ResponseHeaders": {
        "apim-request-id": "8ae7b4b7-726a-424b-8143-319e0bf30b06",
        "azureml-served-by-cluster": "vienna-westus-01",
        "Connection": "keep-alive",
        "Content-Encoding": "gzip",
        "Content-Type": "application/json",
        "Date": "Tue, 10 Jun 2025 23:09:04 GMT",
        "openai-organization": "20ba836fffc34ede8203166d666c74ef",
        "openai-processing-ms": "80",
        "openai-version": "2020-10-01",
        "Request-Context": "appId=cid-v1:2d2e8e63-272e-4b3c-8598-4ee570a0e70d",
        "Strict-Transport-Security": "max-age=31536000; includeSubDomains; preload",
        "Transfer-Encoding": "chunked",
        "Vary": "Accept-Encoding",
        "X-Content-Type-Options": "nosniff",
        "x-ms-middleware-request-id": "e7c64acd-24fa-4365-8015-571bbd9f8f95",
        "x-ms-region": "West US",
        "x-ms-response-type": "standard",
        "X-Request-ID": "ecfef66bcfe02291fb859f07dc2bd7a9",
        "x-request-time": "0.276"
      },
      "ResponseBody": {
        "id": "step_oJYuKsWSGT5TYO7LukUwaWnk",
        "object": "thread.run.step",
        "created_at": 1749596940,
        "run_id": "run_MiLarYK81QcFucnPXzUxH2ZW",
        "assistant_id": "asst_oY1r6YTXwxZpTv0AT9xpKiXb",
        "thread_id": "thread_DKl61zCKMTahMKlxX93TPP49",
        "type": "tool_calls",
        "status": "completed",
        "cancelled_at": null,
        "completed_at": 1749596943,
        "expires_at": null,
        "failed_at": null,
        "last_error": null,
        "step_details": {
          "type": "tool_calls",
          "tool_calls": [
            {
              "id": "call_jrR6b6bM6LocQDr0roe83sb5",
              "type": "file_search",
              "file_search": {
                "ranking_options": {
                  "ranker": "default_2024_08_21",
                  "score_threshold": 0.0
                },
                "results": [
                  {
                    "file_id": "assistant-CC2Y1oa39XFeMCU1UDnaJD",
                    "file_name": "azureml://subscriptions/00000000-0000-0000-0000-000000000000/resourcegroups/00000/workspaces/00000/datastores/workspaceblobstore/paths/LocalUpload/99ccdcf221d468b60f565d5708f6ce1d/product_info_1.md",
                    "score": 0.03333333507180214,
                    "attributes": {}
                  }
                ]
              }
            }
          ]
        },
        "usage": {
          "prompt_tokens": 672,
          "completion_tokens": 22,
          "total_tokens": 694,
          "prompt_token_details": {
            "cached_tokens": 0
          }
        }
      }
    },
    {
      "RequestUri": "https://Sanitized.api.azureml.ms/agents/v1.0/subscriptions/00000000-0000-0000-0000-000000000000/resourceGroups/00000/providers/Microsoft.MachineLearningServices/workspaces/00000/threads/thread_DKl61zCKMTahMKlxX93TPP49/messages?api-version=2025-05-15-preview",
      "RequestMethod": "GET",
      "RequestHeaders": {
        "Accept": "application/json",
        "Accept-Encoding": "gzip, deflate",
        "Connection": "keep-alive",
        "User-Agent": "azsdk-python-ai-agents/1.1.0b2 Python/3.11.5 (Windows-10-10.0.26100-SP0)"
      },
      "RequestBody": null,
      "StatusCode": 200,
      "ResponseHeaders": {
        "apim-request-id": "6308674d-295a-49c4-bc62-ce3bacceed58",
        "azureml-served-by-cluster": "vienna-westus-01",
        "Connection": "keep-alive",
        "Content-Encoding": "gzip",
        "Content-Type": "application/json",
        "Date": "Tue, 10 Jun 2025 23:09:05 GMT",
        "openai-organization": "20ba836fffc34ede8203166d666c74ef",
        "openai-processing-ms": "29",
        "openai-version": "2020-10-01",
        "Request-Context": "appId=cid-v1:2d2e8e63-272e-4b3c-8598-4ee570a0e70d",
        "Strict-Transport-Security": "max-age=31536000; includeSubDomains; preload",
        "Transfer-Encoding": "chunked",
        "Vary": "Accept-Encoding",
        "X-Content-Type-Options": "nosniff",
        "x-ms-middleware-request-id": "5fb507cc-f03d-4912-937d-cb8e487af369",
        "x-ms-region": "West US",
        "x-ms-response-type": "standard",
        "X-Request-ID": "d8713070d4688160150e292a9c4d9dd9",
        "x-request-time": "0.214"
      },
      "ResponseBody": {
        "object": "list",
        "data": [
          {
            "id": "msg_r9BsOUXCDSTRto75Wh7NiGX1",
            "object": "thread.message",
            "created_at": 1749596943,
            "assistant_id": "asst_oY1r6YTXwxZpTv0AT9xpKiXb",
            "thread_id": "thread_DKl61zCKMTahMKlxX93TPP49",
            "run_id": "run_MiLarYK81QcFucnPXzUxH2ZW",
            "role": "assistant",
            "content": [
              {
                "type": "text",
                "text": {
                  "value": "Contoso Galaxy Innovations produces \"SmartView Glasses,\" which are smart eyewear with features such as augmented reality, voice-controlled AI assistance, HD video recording combined with 3D audio, UV protection, blue light filtering, and wireless charging with extended battery life【4:0†source】.",
                  "annotations": [
                    {
                      "type": "file_citation",
                      "text": "【4:0†source】",
                      "start_index": 282,
                      "end_index": 294,
                      "file_citation": {
                        "file_id": "assistant-CC2Y1oa39XFeMCU1UDnaJD"
                      }
                    }
                  ]
                }
              }
            ],
            "attachments": [],
            "metadata": {}
          },
          {
            "id": "msg_BXEwnWPqfkBlS3LBtcISj7b4",
            "object": "thread.message",
            "created_at": 1749596939,
            "assistant_id": null,
            "thread_id": "thread_DKl61zCKMTahMKlxX93TPP49",
            "run_id": null,
            "role": "user",
            "content": [
              {
                "type": "text",
                "text": {
                  "value": "What Contoso Galaxy Innovations produces?",
                  "annotations": []
                }
              }
            ],
            "attachments": [],
            "metadata": {}
          }
        ],
        "first_id": "msg_r9BsOUXCDSTRto75Wh7NiGX1",
        "last_id": "msg_BXEwnWPqfkBlS3LBtcISj7b4",
        "has_more": false
      }
    },
    {
      "RequestUri": "https://Sanitized.api.azureml.ms/agents/v1.0/subscriptions/00000000-0000-0000-0000-000000000000/resourceGroups/00000/providers/Microsoft.MachineLearningServices/workspaces/00000/threads/thread_DKl61zCKMTahMKlxX93TPP49/messages?api-version=2025-05-15-preview&after=msg_BXEwnWPqfkBlS3LBtcISj7b4",
      "RequestMethod": "GET",
      "RequestHeaders": {
        "Accept": "application/json",
        "Accept-Encoding": "gzip, deflate",
        "Connection": "keep-alive",
        "User-Agent": "azsdk-python-ai-agents/1.1.0b2 Python/3.11.5 (Windows-10-10.0.26100-SP0)"
      },
      "RequestBody": null,
      "StatusCode": 200,
      "ResponseHeaders": {
        "apim-request-id": "896bdd47-4de3-4657-943c-d50c1b8305e5",
        "azureml-served-by-cluster": "vienna-westus-01",
        "Connection": "keep-alive",
        "Content-Length": "96",
        "Content-Type": "application/json",
        "Date": "Tue, 10 Jun 2025 23:09:06 GMT",
        "openai-organization": "20ba836fffc34ede8203166d666c74ef",
        "openai-processing-ms": "532",
        "openai-version": "2020-10-01",
        "Request-Context": "appId=cid-v1:2d2e8e63-272e-4b3c-8598-4ee570a0e70d",
        "Strict-Transport-Security": "max-age=31536000; includeSubDomains; preload",
        "X-Content-Type-Options": "nosniff",
        "x-ms-middleware-request-id": "c8a1ed8c-db33-46e9-933d-77d86cb004ab",
        "x-ms-region": "West US",
        "x-ms-response-type": "standard",
        "X-Request-ID": "3ce04988b5ded3a4aacf11cf02bedcb5",
        "x-request-time": "0.807"
      },
      "ResponseBody": {
        "object": "list",
        "data": [],
        "first_id": null,
        "last_id": null,
        "has_more": false
      }
    },
    {
      "RequestUri": "https://Sanitized.api.azureml.ms/agents/v1.0/subscriptions/00000000-0000-0000-0000-000000000000/resourceGroups/00000/providers/Microsoft.MachineLearningServices/workspaces/00000/vector_stores/vs_000000000000000000000000?api-version=2025-05-15-preview",
      "RequestMethod": "DELETE",
      "RequestHeaders": {
        "Accept": "application/json",
        "Accept-Encoding": "gzip, deflate",
        "Connection": "keep-alive",
        "Content-Length": "0",
        "User-Agent": "azsdk-python-ai-agents/1.1.0b2 Python/3.11.5 (Windows-10-10.0.26100-SP0)"
      },
      "RequestBody": null,
      "StatusCode": 200,
      "ResponseHeaders": {
        "apim-request-id": "1b49e120-2f99-4841-af49-387abe441533",
        "azureml-served-by-cluster": "vienna-westus-01",
        "Connection": "keep-alive",
        "Content-Length": "96",
        "Content-Type": "application/json",
        "Date": "Tue, 10 Jun 2025 23:09:07 GMT",
        "openai-organization": "20ba836fffc34ede8203166d666c74ef",
        "openai-processing-ms": "640",
        "openai-version": "2020-10-01",
        "Request-Context": "appId=cid-v1:2d2e8e63-272e-4b3c-8598-4ee570a0e70d",
        "Strict-Transport-Security": "max-age=31536000; includeSubDomains; preload",
        "X-Content-Type-Options": "nosniff",
        "x-ms-middleware-request-id": "12ab80f5-3639-424d-b230-ba4d76d118db",
        "x-ms-region": "West US",
        "x-ms-response-type": "standard",
        "X-Request-ID": "b7667d1063d2e0b54ab63b5c8506ded6",
        "x-request-time": "0.852"
      },
      "ResponseBody": {
        "id": "vs_ejwetpGjfJ8Bt2Y70Gepmmwc",
        "object": "vector_store.deleted",
        "deleted": true
      }
    },
    {
      "RequestUri": "https://Sanitized.api.azureml.ms/agents/v1.0/subscriptions/00000000-0000-0000-0000-000000000000/resourceGroups/00000/providers/Microsoft.MachineLearningServices/workspaces/00000/assistants/asst_oY1r6YTXwxZpTv0AT9xpKiXb?api-version=2025-05-15-preview",
      "RequestMethod": "DELETE",
      "RequestHeaders": {
        "Accept": "application/json",
        "Accept-Encoding": "gzip, deflate",
        "Connection": "keep-alive",
        "Content-Length": "0",
        "User-Agent": "azsdk-python-ai-agents/1.1.0b2 Python/3.11.5 (Windows-10-10.0.26100-SP0)"
      },
      "RequestBody": null,
      "StatusCode": 200,
      "ResponseHeaders": {
        "apim-request-id": "e446e715-7f4d-48d3-b373-aa7460ef9e85",
        "azureml-served-by-cluster": "vienna-westus-01",
        "Connection": "keep-alive",
        "Content-Length": "95",
        "Content-Type": "application/json",
        "Date": "Tue, 10 Jun 2025 23:09:07 GMT",
        "openai-organization": "20ba836fffc34ede8203166d666c74ef",
        "openai-processing-ms": "81",
        "openai-version": "2020-10-01",
        "Request-Context": "appId=cid-v1:2d2e8e63-272e-4b3c-8598-4ee570a0e70d",
        "Strict-Transport-Security": "max-age=31536000; includeSubDomains; preload",
        "X-Content-Type-Options": "nosniff",
        "x-ms-middleware-request-id": "9716768e-3bd8-4286-a8b4-cff6462bf83d",
        "x-ms-region": "West US",
        "x-ms-response-type": "standard",
        "X-Request-ID": "cb1660064e72674943d4b88c4a4b72ea",
        "x-request-time": "0.319"
      },
      "ResponseBody": {
        "id": "asst_oY1r6YTXwxZpTv0AT9xpKiXb",
        "object": "assistant.deleted",
        "deleted": true
      }
    }
  ],
  "Variables": {}
}
