{
  "Entries": [
    {
      "RequestUri": "https://Sanitized.api.azureml.ms/agents/v1.0/subscriptions/00000000-0000-0000-0000-000000000000/resourceGroups/00000/providers/Microsoft.MachineLearningServices/workspaces/00000/assistants?api-version=2025-05-15-preview",
      "RequestMethod": "POST",
      "RequestHeaders": {
        "Accept": "application/json",
        "Accept-Encoding": "gzip, deflate",
        "Connection": "keep-alive",
        "Content-Length": "80",
        "Content-Type": "application/json",
        "User-Agent": "azsdk-python-ai-agents/1.0.0b1 Python/3.12.4 (Windows-11-10.0.26100-SP0)"
      },
      "RequestBody": {
        "instructions": "You are helpful agent",
        "model": "gpt-4o",
        "name": "my-agent"
      },
      "StatusCode": 200,
      "ResponseHeaders": {
        "apim-request-id": "af9dae87-769d-465d-8d83-09e33b418ee0",
        "azureml-served-by-cluster": "vienna-westus-02",
        "Connection": "keep-alive",
        "Content-Encoding": "gzip",
        "Content-Type": "application/json",
        "Date": "Tue, 13 May 2025 02:12:58 GMT",
        "openai-organization": "20ba836fffc34ede8203166d666c74ef",
        "openai-processing-ms": "70",
        "openai-version": "2020-10-01",
        "Request-Context": "appId=cid-v1:2d2e8e63-272e-4b3c-8598-4ee570a0e70d",
        "Strict-Transport-Security": "max-age=31536000; includeSubDomains; preload",
        "Transfer-Encoding": "chunked",
        "Vary": "Accept-Encoding",
        "X-Content-Type-Options": "nosniff",
        "x-ms-middleware-request-id": "af9dae87-769d-465d-8d83-09e33b418ee0",
        "x-ms-region": "West US",
        "x-ms-response-type": "standard",
        "X-Request-ID": "7ea4e2e75e0d42b5e6358fccf21bbb8d",
        "x-request-time": "0.273"
      },
      "ResponseBody": {
        "id": "asst_UJBnjmGPP1AvOeKsJSSEi540",
        "object": "assistant",
        "created_at": 1747102378,
        "name": "my-agent",
        "description": null,
        "model": "gpt-4o",
        "instructions": "You are helpful agent",
        "tools": [],
        "top_p": 1.0,
        "temperature": 1.0,
        "tool_resources": {},
        "metadata": {},
        "response_format": "auto"
      }
    },
    {
      "RequestUri": "https://Sanitized.api.azureml.ms/agents/v1.0/subscriptions/00000000-0000-0000-0000-000000000000/resourceGroups/00000/providers/Microsoft.MachineLearningServices/workspaces/00000/threads/runs?api-version=2025-05-15-preview",
      "RequestMethod": "POST",
      "RequestHeaders": {
        "Accept": "application/json",
        "Accept-Encoding": "gzip, deflate",
        "Connection": "keep-alive",
        "Content-Length": "99",
        "Content-Type": "application/json",
        "User-Agent": "azsdk-python-ai-agents/1.0.0b1 Python/3.12.4 (Windows-11-10.0.26100-SP0)"
      },
      "RequestBody": {
        "assistant_id": "asst_UJBnjmGPP1AvOeKsJSSEi540",
        "metadata": {
          "key1": "value1",
          "key2": "value2"
        }
      },
      "StatusCode": 200,
      "ResponseHeaders": {
        "apim-request-id": "5300a86d-9ef3-459d-8a50-e32f915fea28",
        "azureml-served-by-cluster": "vienna-westus-02",
        "Connection": "keep-alive",
        "Content-Encoding": "gzip",
        "Content-Type": "application/json",
        "Date": "Tue, 13 May 2025 02:12:59 GMT",
        "openai-organization": "20ba836fffc34ede8203166d666c74ef",
        "openai-processing-ms": "167",
        "openai-version": "2020-10-01",
        "Request-Context": "appId=cid-v1:2d2e8e63-272e-4b3c-8598-4ee570a0e70d",
        "Strict-Transport-Security": "max-age=31536000; includeSubDomains; preload",
        "Transfer-Encoding": "chunked",
        "Vary": "Accept-Encoding",
        "X-Content-Type-Options": "nosniff",
        "x-ms-middleware-request-id": "d43a88ad-536f-4678-9ff0-1353273da1fd",
        "x-ms-region": "West US",
        "x-ms-response-type": "standard",
        "X-Request-ID": "677014abb6953634fb04c6a5535e166f",
        "x-request-time": "0.455"
      },
      "ResponseBody": {
        "id": "run_BjNDflXLlaVfBEx7dRVoc1P6",
        "object": "thread.run",
        "created_at": 1747102379,
        "assistant_id": "asst_UJBnjmGPP1AvOeKsJSSEi540",
        "thread_id": "thread_gAIPFXpwH7eIaIs7wYSfqsri",
        "status": "queued",
        "started_at": null,
        "expires_at": 1747102979,
        "cancelled_at": null,
        "failed_at": null,
        "completed_at": null,
        "required_action": null,
        "last_error": null,
        "model": "gpt-4o",
        "instructions": "You are helpful agent",
        "tools": [],
        "tool_resources": {},
        "metadata": {
          "key1": "value1",
          "key2": "value2"
        },
        "temperature": 1.0,
        "top_p": 1.0,
        "max_completion_tokens": null,
        "max_prompt_tokens": null,
        "truncation_strategy": {
          "type": "auto",
          "last_messages": null
        },
        "incomplete_details": null,
        "usage": null,
        "response_format": "auto",
        "tool_choice": "auto",
        "parallel_tool_calls": true
      }
    },
    {
      "RequestUri": "https://Sanitized.api.azureml.ms/agents/v1.0/subscriptions/00000000-0000-0000-0000-000000000000/resourceGroups/00000/providers/Microsoft.MachineLearningServices/workspaces/00000/threads/thread_gAIPFXpwH7eIaIs7wYSfqsri?api-version=2025-05-15-preview",
      "RequestMethod": "GET",
      "RequestHeaders": {
        "Accept": "application/json",
        "Accept-Encoding": "gzip, deflate",
        "Connection": "keep-alive",
        "User-Agent": "azsdk-python-ai-agents/1.0.0b1 Python/3.12.4 (Windows-11-10.0.26100-SP0)"
      },
      "RequestBody": null,
      "StatusCode": 200,
      "ResponseHeaders": {
        "apim-request-id": "98aa268a-39dc-46ef-a1cd-29e3381e12fb",
        "azureml-served-by-cluster": "vienna-westus-02",
        "Connection": "keep-alive",
        "Content-Encoding": "gzip",
        "Content-Type": "application/json",
        "Date": "Tue, 13 May 2025 02:12:59 GMT",
        "openai-organization": "20ba836fffc34ede8203166d666c74ef",
        "openai-processing-ms": "100",
        "openai-version": "2020-10-01",
        "Request-Context": "appId=cid-v1:2d2e8e63-272e-4b3c-8598-4ee570a0e70d",
        "Strict-Transport-Security": "max-age=31536000; includeSubDomains; preload",
        "Transfer-Encoding": "chunked",
        "Vary": "Accept-Encoding",
        "X-Content-Type-Options": "nosniff",
        "x-ms-middleware-request-id": "46459482-6d10-4be9-bf41-37e0a1285631",
        "x-ms-region": "West US",
        "x-ms-response-type": "standard",
        "X-Request-ID": "475fdf005faec7fe9d3735fa552f6768",
        "x-request-time": "0.345"
      },
      "ResponseBody": {
        "id": "thread_gAIPFXpwH7eIaIs7wYSfqsri",
        "object": "thread",
        "created_at": 1747102379,
        "metadata": {
          "key1": "value1",
          "key2": "value2"
        },
        "tool_resources": {
          "code_interpreter": {
            "file_ids": []
          },
          "azure_ai_search": {
            "indexes": []
          }
        }
      }
    },
    {
      "RequestUri": "https://Sanitized.api.azureml.ms/agents/v1.0/subscriptions/00000000-0000-0000-0000-000000000000/resourceGroups/00000/providers/Microsoft.MachineLearningServices/workspaces/00000/threads/thread_gAIPFXpwH7eIaIs7wYSfqsri/runs/Sanitized?api-version=2025-05-15-preview",
      "RequestMethod": "GET",
      "RequestHeaders": {
        "Accept": "application/json",
        "Accept-Encoding": "gzip, deflate",
        "Connection": "keep-alive",
        "User-Agent": "azsdk-python-ai-agents/1.0.0b1 Python/3.12.4 (Windows-11-10.0.26100-SP0)"
      },
      "RequestBody": null,
      "StatusCode": 200,
      "ResponseHeaders": {
        "apim-request-id": "5d7a67b8-29e1-4500-94a7-658976f5097b",
        "azureml-served-by-cluster": "vienna-westus-02",
        "Connection": "keep-alive",
        "Content-Encoding": "gzip",
        "Content-Type": "application/json",
        "Date": "Tue, 13 May 2025 02:13:01 GMT",
        "openai-organization": "20ba836fffc34ede8203166d666c74ef",
        "openai-processing-ms": "102",
        "openai-version": "2020-10-01",
        "Request-Context": "appId=cid-v1:2d2e8e63-272e-4b3c-8598-4ee570a0e70d",
        "Strict-Transport-Security": "max-age=31536000; includeSubDomains; preload",
        "Transfer-Encoding": "chunked",
        "Vary": "Accept-Encoding",
        "X-Content-Type-Options": "nosniff",
        "x-ms-middleware-request-id": "23cb7d67-1f73-42d6-811e-41d8d1c09d47",
        "x-ms-region": "West US",
        "x-ms-response-type": "standard",
        "X-Request-ID": "bfe9b101585b8335d4d0903cf9b6a588",
        "x-request-time": "0.314"
      },
      "ResponseBody": {
        "id": "run_BjNDflXLlaVfBEx7dRVoc1P6",
        "object": "thread.run",
        "created_at": 1747102379,
        "assistant_id": "asst_UJBnjmGPP1AvOeKsJSSEi540",
        "thread_id": "thread_gAIPFXpwH7eIaIs7wYSfqsri",
        "status": "in_progress",
        "started_at": 1747102379,
        "expires_at": 1747102979,
        "cancelled_at": null,
        "failed_at": null,
        "completed_at": null,
        "required_action": null,
        "last_error": null,
        "model": "gpt-4o",
        "instructions": "You are helpful agent",
        "tools": [],
        "tool_resources": {},
        "metadata": {
          "key1": "value1",
          "key2": "value2"
        },
        "temperature": 1.0,
        "top_p": 1.0,
        "max_completion_tokens": null,
        "max_prompt_tokens": null,
        "truncation_strategy": {
          "type": "auto",
          "last_messages": null
        },
        "incomplete_details": null,
        "usage": null,
        "response_format": "auto",
        "tool_choice": "auto",
        "parallel_tool_calls": true
      }
    },
    {
      "RequestUri": "https://Sanitized.api.azureml.ms/agents/v1.0/subscriptions/00000000-0000-0000-0000-000000000000/resourceGroups/00000/providers/Microsoft.MachineLearningServices/workspaces/00000/threads/thread_gAIPFXpwH7eIaIs7wYSfqsri/runs/Sanitized?api-version=2025-05-15-preview",
      "RequestMethod": "GET",
      "RequestHeaders": {
        "Accept": "application/json",
        "Accept-Encoding": "gzip, deflate",
        "Connection": "keep-alive",
        "User-Agent": "azsdk-python-ai-agents/1.0.0b1 Python/3.12.4 (Windows-11-10.0.26100-SP0)"
      },
      "RequestBody": null,
      "StatusCode": 200,
      "ResponseHeaders": {
        "apim-request-id": "3be05e03-792e-438c-b8aa-b181e48ba272",
        "azureml-served-by-cluster": "vienna-westus-02",
        "Connection": "keep-alive",
        "Content-Encoding": "gzip",
        "Content-Type": "application/json",
        "Date": "Tue, 13 May 2025 02:13:02 GMT",
        "openai-organization": "20ba836fffc34ede8203166d666c74ef",
        "openai-processing-ms": "63",
        "openai-version": "2020-10-01",
        "Request-Context": "appId=cid-v1:2d2e8e63-272e-4b3c-8598-4ee570a0e70d",
        "Strict-Transport-Security": "max-age=31536000; includeSubDomains; preload",
        "Transfer-Encoding": "chunked",
        "Vary": "Accept-Encoding",
        "X-Content-Type-Options": "nosniff",
        "x-ms-middleware-request-id": "5dd558d6-9174-4786-94a6-be6cfab16f08",
        "x-ms-region": "West US",
        "x-ms-response-type": "standard",
        "X-Request-ID": "30dcb4eb3da061537234a8e8e2470441",
        "x-request-time": "0.359"
      },
      "ResponseBody": {
        "id": "run_BjNDflXLlaVfBEx7dRVoc1P6",
        "object": "thread.run",
        "created_at": 1747102379,
        "assistant_id": "asst_UJBnjmGPP1AvOeKsJSSEi540",
        "thread_id": "thread_gAIPFXpwH7eIaIs7wYSfqsri",
        "status": "completed",
        "started_at": 1747102379,
        "expires_at": null,
        "cancelled_at": null,
        "failed_at": null,
        "completed_at": 1747102381,
        "required_action": null,
        "last_error": null,
        "model": "gpt-4o",
        "instructions": "You are helpful agent",
        "tools": [],
        "tool_resources": {},
        "metadata": {
          "key1": "value1",
          "key2": "value2"
        },
        "temperature": 1.0,
        "top_p": 1.0,
        "max_completion_tokens": null,
        "max_prompt_tokens": null,
        "truncation_strategy": {
          "type": "auto",
          "last_messages": null
        },
        "incomplete_details": null,
        "usage": {
          "prompt_tokens": 53,
          "completion_tokens": 12,
          "total_tokens": 65,
          "prompt_token_details": {
            "cached_tokens": 0
          }
        },
        "response_format": "auto",
        "tool_choice": "auto",
        "parallel_tool_calls": true
      }
    },
    {
      "RequestUri": "https://Sanitized.api.azureml.ms/agents/v1.0/subscriptions/00000000-0000-0000-0000-000000000000/resourceGroups/00000/providers/Microsoft.MachineLearningServices/workspaces/00000/assistants/asst_UJBnjmGPP1AvOeKsJSSEi540?api-version=2025-05-15-preview",
      "RequestMethod": "DELETE",
      "RequestHeaders": {
        "Accept": "application/json",
        "Accept-Encoding": "gzip, deflate",
        "Connection": "keep-alive",
        "Content-Length": "0",
        "User-Agent": "azsdk-python-ai-agents/1.0.0b1 Python/3.12.4 (Windows-11-10.0.26100-SP0)"
      },
      "RequestBody": null,
      "StatusCode": 200,
      "ResponseHeaders": {
        "apim-request-id": "0d461391-2ccc-4047-89dd-6118079a8ce0",
        "azureml-served-by-cluster": "vienna-westus-02",
        "Connection": "keep-alive",
        "Content-Length": "95",
        "Content-Type": "application/json",
        "Date": "Tue, 13 May 2025 02:13:02 GMT",
        "openai-organization": "20ba836fffc34ede8203166d666c74ef",
        "openai-processing-ms": "100",
        "openai-version": "2020-10-01",
        "Request-Context": "appId=cid-v1:2d2e8e63-272e-4b3c-8598-4ee570a0e70d",
        "Strict-Transport-Security": "max-age=31536000; includeSubDomains; preload",
        "X-Content-Type-Options": "nosniff",
        "x-ms-middleware-request-id": "88cb0782-991a-4097-9237-27ce45fd5f64",
        "x-ms-region": "West US",
        "x-ms-response-type": "standard",
        "X-Request-ID": "ef8c9801c28d4b134ce82b94333b7e17",
        "x-request-time": "0.342"
      },
      "ResponseBody": {
        "id": "asst_UJBnjmGPP1AvOeKsJSSEi540",
        "object": "assistant.deleted",
        "deleted": true
      }
    }
  ],
  "Variables": {}
}
