{
  "Entries": [
    {
      "RequestUri": "https://Sanitized.api.azureml.ms/agents/v1.0/subscriptions/00000000-0000-0000-0000-000000000000/resourceGroups/00000/providers/Microsoft.MachineLearningServices/workspaces/00000/assistants?api-version=2025-05-15-preview",
      "RequestMethod": "POST",
      "RequestHeaders": {
        "Accept": "application/json",
        "Accept-Encoding": "gzip, deflate",
        "Connection": "keep-alive",
        "Content-Length": "80",
        "Content-Type": "application/json",
        "User-Agent": "azsdk-python-ai-agents/1.0.0b1 Python/3.11.5 (Windows-10-10.0.26100-SP0)"
      },
      "RequestBody": {
        "instructions": "You are helpful agent",
        "model": "gpt-4o",
        "name": "my-agent"
      },
      "StatusCode": 200,
      "ResponseHeaders": {
        "apim-request-id": "b24028cb-a139-4abf-988a-3e3761f74164",
        "Connection": "keep-alive",
        "Content-Encoding": "gzip",
        "Content-Type": "application/json",
        "Date": "Mon, 28 Apr 2025 20:41:38 GMT",
        "openai-organization": "20ba836fffc34ede8203166d666c74ef",
        "openai-processing-ms": "49",
        "openai-version": "2020-10-01",
        "Request-Context": "appId=cid-v1:2d2e8e63-272e-4b3c-8598-4ee570a0e70d",
        "Strict-Transport-Security": "max-age=31536000; includeSubDomains; preload",
        "Transfer-Encoding": "chunked",
        "Vary": "Accept-Encoding",
        "x-aml-cluster": "vienna-westus-02",
        "X-Content-Type-Options": "nosniff",
        "x-ms-middleware-request-id": "b24028cb-a139-4abf-988a-3e3761f74164",
        "x-ms-region": "West US",
        "x-ms-response-type": "standard",
        "X-Request-ID": "ef123097a661a263f6312d61714b7cff",
        "x-request-time": "0.282"
      },
      "ResponseBody": {
        "id": "asst_Z7O1fhidKzftVQNgUr6zj1sa",
        "object": "assistant",
        "created_at": 1745872898,
        "name": "my-agent",
        "description": null,
        "model": "gpt-4o",
        "instructions": "You are helpful agent",
        "tools": [],
        "top_p": 1.0,
        "temperature": 1.0,
        "tool_resources": {},
        "metadata": {},
        "response_format": "auto"
      }
    },
    {
      "RequestUri": "https://Sanitized.api.azureml.ms/agents/v1.0/subscriptions/00000000-0000-0000-0000-000000000000/resourceGroups/00000/providers/Microsoft.MachineLearningServices/workspaces/00000/threads?api-version=2025-05-15-preview",
      "RequestMethod": "POST",
      "RequestHeaders": {
        "Accept": "application/json",
        "Accept-Encoding": "gzip, deflate",
        "Connection": "keep-alive",
        "Content-Length": "2",
        "Content-Type": "application/json",
        "User-Agent": "azsdk-python-ai-agents/1.0.0b1 Python/3.11.5 (Windows-10-10.0.26100-SP0)"
      },
      "RequestBody": {},
      "StatusCode": 200,
      "ResponseHeaders": {
        "apim-request-id": "59105537-ac73-4165-b72b-3b665c3c66ee",
        "Connection": "keep-alive",
        "Content-Length": "137",
        "Content-Type": "application/json",
        "Date": "Mon, 28 Apr 2025 20:41:39 GMT",
        "openai-organization": "20ba836fffc34ede8203166d666c74ef",
        "openai-processing-ms": "70",
        "openai-version": "2020-10-01",
        "Request-Context": "appId=cid-v1:2d2e8e63-272e-4b3c-8598-4ee570a0e70d",
        "Strict-Transport-Security": "max-age=31536000; includeSubDomains; preload",
        "x-aml-cluster": "vienna-westus-02",
        "X-Content-Type-Options": "nosniff",
        "x-ms-middleware-request-id": "0e5f302e-a0fc-4abf-95c9-38632530a58c",
        "x-ms-region": "West US",
        "x-ms-response-type": "standard",
        "X-Request-ID": "c1d3ebe268bd76b0485b7388d8391434",
        "x-request-time": "0.304"
      },
      "ResponseBody": {
        "id": "thread_nempgxk2gtIhoxExhV0UUhXR",
        "object": "thread",
        "created_at": 1745872899,
        "metadata": {},
        "tool_resources": {}
      }
    },
    {
      "RequestUri": "https://Sanitized.api.azureml.ms/agents/v1.0/subscriptions/00000000-0000-0000-0000-000000000000/resourceGroups/00000/providers/Microsoft.MachineLearningServices/workspaces/00000/threads/thread_nempgxk2gtIhoxExhV0UUhXR?api-version=2025-05-15-preview",
      "RequestMethod": "GET",
      "RequestHeaders": {
        "Accept": "application/json",
        "Accept-Encoding": "gzip, deflate",
        "Connection": "keep-alive",
        "User-Agent": "azsdk-python-ai-agents/1.0.0b1 Python/3.11.5 (Windows-10-10.0.26100-SP0)"
      },
      "RequestBody": null,
      "StatusCode": 200,
      "ResponseHeaders": {
        "apim-request-id": "a2962f10-226c-440e-a005-259c5cc17aaa",
        "Connection": "keep-alive",
        "Content-Length": "245",
        "Content-Type": "application/json",
        "Date": "Mon, 28 Apr 2025 20:41:39 GMT",
        "openai-organization": "20ba836fffc34ede8203166d666c74ef",
        "openai-processing-ms": "73",
        "openai-version": "2020-10-01",
        "Request-Context": "appId=cid-v1:2d2e8e63-272e-4b3c-8598-4ee570a0e70d",
        "Strict-Transport-Security": "max-age=31536000; includeSubDomains; preload",
        "x-aml-cluster": "vienna-westus-02",
        "X-Content-Type-Options": "nosniff",
        "x-ms-middleware-request-id": "83657e0d-4448-4d55-bdc8-1531a5a779f0",
        "x-ms-region": "West US",
        "x-ms-response-type": "standard",
        "X-Request-ID": "a6203c1fd2c00091f2062868e61acf8a",
        "x-request-time": "0.421"
      },
      "ResponseBody": {
        "id": "thread_nempgxk2gtIhoxExhV0UUhXR",
        "object": "thread",
        "created_at": 1745872899,
        "metadata": {},
        "tool_resources": {
          "code_interpreter": {
            "file_ids": []
          },
          "azure_ai_search": {
            "indexes": []
          }
        }
      }
    },
    {
      "RequestUri": "https://Sanitized.api.azureml.ms/agents/v1.0/subscriptions/00000000-0000-0000-0000-000000000000/resourceGroups/00000/providers/Microsoft.MachineLearningServices/workspaces/00000/assistants/asst_Z7O1fhidKzftVQNgUr6zj1sa?api-version=2025-05-15-preview",
      "RequestMethod": "DELETE",
      "RequestHeaders": {
        "Accept": "application/json",
        "Accept-Encoding": "gzip, deflate",
        "Connection": "keep-alive",
        "Content-Length": "0",
        "User-Agent": "azsdk-python-ai-agents/1.0.0b1 Python/3.11.5 (Windows-10-10.0.26100-SP0)"
      },
      "RequestBody": null,
      "StatusCode": 200,
      "ResponseHeaders": {
        "apim-request-id": "fa03cca1-612c-471b-a618-e07cdf83361d",
        "Connection": "keep-alive",
        "Content-Length": "95",
        "Content-Type": "application/json",
        "Date": "Mon, 28 Apr 2025 20:41:40 GMT",
        "openai-organization": "20ba836fffc34ede8203166d666c74ef",
        "openai-processing-ms": "86",
        "openai-version": "2020-10-01",
        "Request-Context": "appId=cid-v1:2d2e8e63-272e-4b3c-8598-4ee570a0e70d",
        "Strict-Transport-Security": "max-age=31536000; includeSubDomains; preload",
        "x-aml-cluster": "vienna-westus-02",
        "X-Content-Type-Options": "nosniff",
        "x-ms-middleware-request-id": "ba1d0b9a-914a-4be7-905e-eb5c4c740741",
        "x-ms-region": "West US",
        "x-ms-response-type": "standard",
        "X-Request-ID": "34f62a4e2d9febf714a895eaeed17ffb",
        "x-request-time": "0.298"
      },
      "ResponseBody": {
        "id": "asst_Z7O1fhidKzftVQNgUr6zj1sa",
        "object": "assistant.deleted",
        "deleted": true
      }
    }
  ],
  "Variables": {}
}
