{
  "Entries": [
    {
      "RequestUri": "https://Sanitized.services.ai.azure.com/api/projects/00000/assistants?api-version=2025-05-15-preview",
      "RequestMethod": "POST",
      "RequestHeaders": {
        "Accept": "application/json",
        "Accept-Encoding": "gzip, deflate",
        "Connection": "keep-alive",
        "Content-Length": "168",
        "Content-Type": "application/json",
        "User-Agent": "azsdk-python-ai-agents/1.1.0b5 Python/3.11.5 (Windows-10-10.0.26100-SP0)"
      },
      "RequestBody": {
        "instructions": "Your job is to get the stock price of a company. If asked for the Microsoft stock price, always return $350.",
        "model": "gpt-4o",
        "name": "stock_bot"
      },
      "StatusCode": 200,
      "ResponseHeaders": {
        "apim-request-id": "e0412cf3-3256-4902-b1cf-1b4cb3be0c2e",
        "azureml-served-by-cluster": "vienna-westus-01",
        "Content-Encoding": "gzip",
        "Content-Type": "application/json",
        "Date": "Wed, 06 Aug 2025 22:35:36 GMT",
        "openai-organization": "cb9727c486de4b1ca13cbe1a48f2d59a",
        "openai-processing-ms": "509",
        "openai-version": "2020-10-01",
        "Request-Context": "appId=cid-v1:2d2e8e63-272e-4b3c-8598-4ee570a0e70d",
        "Strict-Transport-Security": "max-age=31536000; includeSubDomains; preload",
        "Transfer-Encoding": "chunked",
        "Vary": "Accept-Encoding",
        "X-Content-Type-Options": "nosniff",
        "x-ms-middleware-request-id": "dba5baa0-927e-4dcd-83e9-66da377cae12",
        "x-ms-region": "West US",
        "x-ms-response-type": "standard",
        "X-Request-ID": "d4a1a9b5e727daa0c67e0f2cb9f0ae1c",
        "x-request-time": "0.749"
      },
      "ResponseBody": {
        "id": "asst_4n9MQn7nPdzg9Nu7eYu6sslO",
        "object": "assistant",
        "created_at": 1754519736,
        "name": "stock_bot",
        "description": null,
        "model": "gpt-4o",
        "instructions": "Your job is to get the stock price of a company. If asked for the Microsoft stock price, always return $350.",
        "tools": [],
        "top_p": 1.0,
        "temperature": 1.0,
        "tool_resources": {},
        "metadata": {},
        "response_format": "auto"
      }
    },
    {
      "RequestUri": "https://Sanitized.services.ai.azure.com/api/projects/00000/assistants?api-version=2025-05-15-preview",
      "RequestMethod": "POST",
      "RequestHeaders": {
        "Accept": "application/json",
        "Accept-Encoding": "gzip, deflate",
        "Connection": "keep-alive",
        "Content-Length": "336",
        "Content-Type": "application/json",
        "User-Agent": "azsdk-python-ai-agents/1.1.0b5 Python/3.11.5 (Windows-10-10.0.26100-SP0)"
      },
      "RequestBody": {
        "instructions": "You are a helpful assistant, and use the connected agents to get stock prices.",
        "model": "gpt-4o",
        "name": "my-assistant",
        "tool_resources": {},
        "tools": [
          {
            "type": "connected_agent",
            "connected_agent": {
              "id": "asst_4n9MQn7nPdzg9Nu7eYu6sslO",
              "name": "stock_bot",
              "description": "Gets the stock price of a company"
            }
          }
        ]
      },
      "StatusCode": 200,
      "ResponseHeaders": {
        "apim-request-id": "19675a0e-560d-4f33-9b93-063f5b5626b1",
        "azureml-served-by-cluster": "vienna-westus-01",
        "Content-Encoding": "gzip",
        "Content-Type": "application/json",
        "Date": "Wed, 06 Aug 2025 22:35:36 GMT",
        "openai-organization": "cb9727c486de4b1ca13cbe1a48f2d59a",
        "openai-processing-ms": "454",
        "openai-version": "2020-10-01",
        "Request-Context": "appId=cid-v1:2d2e8e63-272e-4b3c-8598-4ee570a0e70d",
        "Strict-Transport-Security": "max-age=31536000; includeSubDomains; preload",
        "Transfer-Encoding": "chunked",
        "Vary": "Accept-Encoding",
        "X-Content-Type-Options": "nosniff",
        "x-ms-middleware-request-id": "99c73de5-30c4-4cd9-91d9-ce5f1ad73989",
        "x-ms-region": "West US",
        "x-ms-response-type": "standard",
        "X-Request-ID": "49b227faf06a2caf87ca68bcb248bee6",
        "x-request-time": "0.680"
      },
      "ResponseBody": {
        "id": "asst_GarOD4Sp6mLUiRtXZbPQeEjl",
        "object": "assistant",
        "created_at": 1754519737,
        "name": "my-assistant",
        "description": null,
        "model": "gpt-4o",
        "instructions": "You are a helpful assistant, and use the connected agents to get stock prices.",
        "tools": [
          {
            "type": "connected_agent",
            "connected_agent": {
              "name": "stock_bot",
              "description": "Gets the stock price of a company",
              "id": "asst_4n9MQn7nPdzg9Nu7eYu6sslO"
            }
          }
        ],
        "top_p": 1.0,
        "temperature": 1.0,
        "tool_resources": {},
        "metadata": {},
        "response_format": "auto"
      }
    },
    {
      "RequestUri": "https://Sanitized.services.ai.azure.com/api/projects/00000/threads?api-version=2025-05-15-preview",
      "RequestMethod": "POST",
      "RequestHeaders": {
        "Accept": "application/json",
        "Accept-Encoding": "gzip, deflate",
        "Connection": "keep-alive",
        "Content-Length": "2",
        "Content-Type": "application/json",
        "User-Agent": "azsdk-python-ai-agents/1.1.0b5 Python/3.11.5 (Windows-10-10.0.26100-SP0)"
      },
      "RequestBody": {},
      "StatusCode": 200,
      "ResponseHeaders": {
        "apim-request-id": "d306e36e-c6c0-4299-ac39-f918670ec90c",
        "azureml-served-by-cluster": "vienna-westus-01",
        "Content-Length": "137",
        "Content-Type": "application/json",
        "Date": "Wed, 06 Aug 2025 22:35:37 GMT",
        "openai-organization": "cb9727c486de4b1ca13cbe1a48f2d59a",
        "openai-processing-ms": "74",
        "openai-version": "2020-10-01",
        "Request-Context": "appId=cid-v1:2d2e8e63-272e-4b3c-8598-4ee570a0e70d",
        "Strict-Transport-Security": "max-age=31536000; includeSubDomains; preload",
        "X-Content-Type-Options": "nosniff",
        "x-ms-middleware-request-id": "cf62ab49-59ce-4a91-8b92-fc1624e8dbc1",
        "x-ms-region": "West US",
        "x-ms-response-type": "standard",
        "X-Request-ID": "acd377cecdb54c18883e4425a01c5cfb",
        "x-request-time": "0.278"
      },
      "ResponseBody": {
        "id": "thread_bhT5wLxsDJKa4DVlproxa9Ii",
        "object": "thread",
        "created_at": 1754519737,
        "metadata": {},
        "tool_resources": {}
      }
    },
    {
      "RequestUri": "https://Sanitized.services.ai.azure.com/api/projects/00000/threads/thread_bhT5wLxsDJKa4DVlproxa9Ii/messages?api-version=2025-05-15-preview",
      "RequestMethod": "POST",
      "RequestHeaders": {
        "Accept": "application/json",
        "Accept-Encoding": "gzip, deflate",
        "Connection": "keep-alive",
        "Content-Length": "68",
        "Content-Type": "application/json",
        "User-Agent": "azsdk-python-ai-agents/1.1.0b5 Python/3.11.5 (Windows-10-10.0.26100-SP0)"
      },
      "RequestBody": {
        "content": "What is the stock price of Microsoft?",
        "role": "user"
      },
      "StatusCode": 200,
      "ResponseHeaders": {
        "apim-request-id": "458bf4be-80db-4480-a643-d67cdbfdc1dd",
        "azureml-served-by-cluster": "vienna-westus-01",
        "Content-Encoding": "gzip",
        "Content-Type": "application/json",
        "Date": "Wed, 06 Aug 2025 22:35:37 GMT",
        "openai-organization": "cb9727c486de4b1ca13cbe1a48f2d59a",
        "openai-processing-ms": "208",
        "openai-version": "2020-10-01",
        "Request-Context": "appId=cid-v1:2d2e8e63-272e-4b3c-8598-4ee570a0e70d",
        "Strict-Transport-Security": "max-age=31536000; includeSubDomains; preload",
        "Transfer-Encoding": "chunked",
        "Vary": "Accept-Encoding",
        "X-Content-Type-Options": "nosniff",
        "x-ms-middleware-request-id": "ff37dffe-b0d5-4d91-adb1-a6d2870571b6",
        "x-ms-region": "West US",
        "x-ms-response-type": "standard",
        "X-Request-ID": "a1bc12c5cfb70b06ea1c36f3cbc7c367",
        "x-request-time": "0.401"
      },
      "ResponseBody": {
        "id": "msg_GpPPToJmjH6W4g2FHy0OUBvV",
        "object": "thread.message",
        "created_at": 1754519738,
        "assistant_id": null,
        "thread_id": "thread_bhT5wLxsDJKa4DVlproxa9Ii",
        "run_id": null,
        "role": "user",
        "content": [
          {
            "type": "text",
            "text": {
              "value": "What is the stock price of Microsoft?",
              "annotations": []
            }
          }
        ],
        "attachments": [],
        "metadata": {}
      }
    },
    {
      "RequestUri": "https://Sanitized.services.ai.azure.com/api/projects/00000/threads/thread_bhT5wLxsDJKa4DVlproxa9Ii/runs?api-version=2025-05-15-preview",
      "RequestMethod": "POST",
      "RequestHeaders": {
        "Accept": "application/json",
        "Accept-Encoding": "gzip, deflate",
        "Connection": "keep-alive",
        "Content-Length": "65",
        "Content-Type": "application/json",
        "User-Agent": "azsdk-python-ai-agents/1.1.0b5 Python/3.11.5 (Windows-10-10.0.26100-SP0)"
      },
      "RequestBody": {
        "assistant_id": "asst_GarOD4Sp6mLUiRtXZbPQeEjl",
        "stream": true
      },
      "StatusCode": 200,
      "ResponseHeaders": {
        "apim-request-id": "85670327-4a85-40ca-a1b0-767bbe52baaf",
        "azureml-served-by-cluster": "vienna-westus-01",
        "Content-Type": "text/event-stream; charset=utf-8",
        "Date": "Wed, 06 Aug 2025 22:35:39 GMT",
        "openai-organization": "cb9727c486de4b1ca13cbe1a48f2d59a",
        "openai-processing-ms": "530",
        "openai-version": "2020-10-01",
        "Request-Context": "appId=cid-v1:2d2e8e63-272e-4b3c-8598-4ee570a0e70d",
        "Strict-Transport-Security": "max-age=31536000; includeSubDomains; preload",
        "Transfer-Encoding": "chunked",
        "X-Content-Type-Options": "nosniff",
        "x-ms-middleware-request-id": "8202cf63-68dd-49ec-b194-3582bda927fc",
        "x-ms-region": "West US",
        "x-ms-response-type": "standard",
        "X-Request-ID": "05a03eec708003e86db0fd9f01a309ad",
        "x-request-time": "1.690"
      },
      "ResponseBody": [
        "event: thread.run.created\n",
        "data: {\"id\":\"run_W2leXEp540D9EN3AVFNwrvRI\",\"object\":\"thread.run\",\"created_at\":1754519739,\"assistant_id\":\"asst_GarOD4Sp6mLUiRtXZbPQeEjl\",\"thread_id\":\"thread_bhT5wLxsDJKa4DVlproxa9Ii\",\"status\":\"queued\",\"started_at\":null,\"expires_at\":1754521539,\"cancelled_at\":null,\"failed_at\":null,\"completed_at\":null,\"required_action\":null,\"last_error\":null,\"model\":\"gpt-4o\",\"instructions\":\"You are a helpful assistant, and use the connected agents to get stock prices.\",\"tools\":[{\"type\":\"connected_agent\",\"connected_agent\":{\"name\":\"stock_bot\",\"description\":\"Gets the stock price of a company\",\"id\":\"asst_4n9MQn7nPdzg9Nu7eYu6sslO\"}}],\"tool_resources\":{\"code_interpreter\":{\"file_ids\":[]}},\"metadata\":{},\"temperature\":1.0,\"top_p\":1.0,\"max_completion_tokens\":null,\"max_prompt_tokens\":null,\"truncation_strategy\":{\"type\":\"auto\",\"last_messages\":null},\"incomplete_details\":null,\"usage\":null,\"response_format\":\"auto\",\"tool_choice\":\"auto\",\"parallel_tool_calls\":true}\n\n",
        "event: thread.run.queued\n",
        "data: {\"id\":\"run_W2leXEp540D9EN3AVFNwrvRI\",\"object\":\"thread.run\",\"created_at\":1754519739,\"assistant_id\":\"asst_GarOD4Sp6mLUiRtXZbPQeEjl\",\"thread_id\":\"thread_bhT5wLxsDJKa4DVlproxa9Ii\",\"status\":\"queued\",\"started_at\":null,\"expires_at\":1754521539,\"cancelled_at\":null,\"failed_at\":null,\"completed_at\":null,\"required_action\":null,\"last_error\":null,\"model\":\"gpt-4o\",\"instructions\":\"You are a helpful assistant, and use the connected agents to get stock prices.\",\"tools\":[{\"type\":\"connected_agent\",\"connected_agent\":{\"name\":\"stock_bot\",\"description\":\"Gets the stock price of a company\",\"id\":\"asst_4n9MQn7nPdzg9Nu7eYu6sslO\"}}],\"tool_resources\":{\"code_interpreter\":{\"file_ids\":[]}},\"metadata\":{},\"temperature\":1.0,\"top_p\":1.0,\"max_completion_tokens\":null,\"max_prompt_tokens\":null,\"truncation_strategy\":{\"type\":\"auto\",\"last_messages\":null},\"incomplete_details\":null,\"usage\":null,\"response_format\":\"auto\",\"tool_choice\":\"auto\",\"parallel_tool_calls\":true}\n\n",
        "event: thread.run.in_progress\n",
        "data: {\"id\":\"run_W2leXEp540D9EN3AVFNwrvRI\",\"object\":\"thread.run\",\"created_at\":1754519739,\"assistant_id\":\"asst_GarOD4Sp6mLUiRtXZbPQeEjl\",\"thread_id\":\"thread_bhT5wLxsDJKa4DVlproxa9Ii\",\"status\":\"in_progress\",\"started_at\":1754519740,\"expires_at\":1754521539,\"cancelled_at\":null,\"failed_at\":null,\"completed_at\":null,\"required_action\":null,\"last_error\":null,\"model\":\"gpt-4o\",\"instructions\":\"You are a helpful assistant, and use the connected agents to get stock prices.\",\"tools\":[{\"type\":\"connected_agent\",\"connected_agent\":{\"name\":\"stock_bot\",\"description\":\"Gets the stock price of a company\",\"id\":\"asst_4n9MQn7nPdzg9Nu7eYu6sslO\"}}],\"tool_resources\":{\"code_interpreter\":{\"file_ids\":[]}},\"metadata\":{},\"temperature\":1.0,\"top_p\":1.0,\"max_completion_tokens\":null,\"max_prompt_tokens\":null,\"truncation_strategy\":{\"type\":\"auto\",\"last_messages\":null},\"incomplete_details\":null,\"usage\":null,\"response_format\":\"auto\",\"tool_choice\":\"auto\",\"parallel_tool_calls\":true}\n\n",
        "event: thread.run.step.created\n",
        "data: {\"id\":\"step_hMuvcnVClC3YCzVQKobgOKxc\",\"object\":\"thread.run.step\",\"created_at\":1754519741,\"run_id\":\"run_W2leXEp540D9EN3AVFNwrvRI\",\"assistant_id\":\"asst_GarOD4Sp6mLUiRtXZbPQeEjl\",\"thread_id\":\"thread_bhT5wLxsDJKa4DVlproxa9Ii\",\"type\":\"tool_calls\",\"status\":\"in_progress\",\"cancelled_at\":null,\"completed_at\":null,\"expires_at\":1754521539,\"failed_at\":null,\"last_error\":null,\"step_details\":{\"type\":\"tool_calls\",\"tool_calls\":[]},\"usage\":null}\n\n",
        "event: thread.run.step.in_progress\n",
        "data: {\"id\":\"step_hMuvcnVClC3YCzVQKobgOKxc\",\"object\":\"thread.run.step\",\"created_at\":1754519741,\"run_id\":\"run_W2leXEp540D9EN3AVFNwrvRI\",\"assistant_id\":\"asst_GarOD4Sp6mLUiRtXZbPQeEjl\",\"thread_id\":\"thread_bhT5wLxsDJKa4DVlproxa9Ii\",\"type\":\"tool_calls\",\"status\":\"in_progress\",\"cancelled_at\":null,\"completed_at\":null,\"expires_at\":1754521539,\"failed_at\":null,\"last_error\":null,\"step_details\":{\"type\":\"tool_calls\",\"tool_calls\":[]},\"usage\":null}\n\n",
        "event: thread.run.step.delta\n",
        "data: {\"id\":\"step_hMuvcnVClC3YCzVQKobgOKxc\",\"object\":\"thread.run.step.delta\",\"delta\":{\"step_details\":{\"type\":\"tool_calls\",\"tool_calls\":[{\"index\":0,\"id\":\"call_j0TzYMbTWD5bjOSsEutPBVjP\",\"type\":\"connected_agent\",\"connected_agent\":{\"name\":\"stock_bot\",\"arguments\":\"\",\"output\":\"\",\"run_id\":null,\"thread_id\":null,\"assistant_id\":null}}]}}}\n\n",
        "event: thread.run.step.delta\n",
        "data: {\"id\":\"step_hMuvcnVClC3YCzVQKobgOKxc\",\"object\":\"thread.run.step.delta\",\"delta\":{\"step_details\":{\"type\":\"tool_calls\",\"tool_calls\":[{\"index\":0,\"type\":\"connected_agent\",\"connected_agent\":{\"arguments\":\"{\\\"\"}}]}}}\n\n",
        "event: thread.run.step.delta\n",
        "data: {\"id\":\"step_hMuvcnVClC3YCzVQKobgOKxc\",\"object\":\"thread.run.step.delta\",\"delta\":{\"step_details\":{\"type\":\"tool_calls\",\"tool_calls\":[{\"index\":0,\"type\":\"connected_agent\",\"connected_agent\":{\"arguments\":\"query\"}}]}}}\n\n",
        "event: thread.run.step.delta\n",
        "data: {\"id\":\"step_hMuvcnVClC3YCzVQKobgOKxc\",\"object\":\"thread.run.step.delta\",\"delta\":{\"step_details\":{\"type\":\"tool_calls\",\"tool_calls\":[{\"index\":0,\"type\":\"connected_agent\",\"connected_agent\":{\"arguments\":\"\\\":\\\"\"}}]}}}\n\n",
        "event: thread.run.step.delta\n",
        "data: {\"id\":\"step_hMuvcnVClC3YCzVQKobgOKxc\",\"object\":\"thread.run.step.delta\",\"delta\":{\"step_details\":{\"type\":\"tool_calls\",\"tool_calls\":[{\"index\":0,\"type\":\"connected_agent\",\"connected_agent\":{\"arguments\":\"current\"}}]}}}\n\n",
        "event: thread.run.step.delta\n",
        "data: {\"id\":\"step_hMuvcnVClC3YCzVQKobgOKxc\",\"object\":\"thread.run.step.delta\",\"delta\":{\"step_details\":{\"type\":\"tool_calls\",\"tool_calls\":[{\"index\":0,\"type\":\"connected_agent\",\"connected_agent\":{\"arguments\":\" stock\"}}]}}}\n\n",
        "event: thread.run.step.delta\n",
        "data: {\"id\":\"step_hMuvcnVClC3YCzVQKobgOKxc\",\"object\":\"thread.run.step.delta\",\"delta\":{\"step_details\":{\"type\":\"tool_calls\",\"tool_calls\":[{\"index\":0,\"type\":\"connected_agent\",\"connected_agent\":{\"arguments\":\" price\"}}]}}}\n\n",
        "event: thread.run.step.delta\n",
        "data: {\"id\":\"step_hMuvcnVClC3YCzVQKobgOKxc\",\"object\":\"thread.run.step.delta\",\"delta\":{\"step_details\":{\"type\":\"tool_calls\",\"tool_calls\":[{\"index\":0,\"type\":\"connected_agent\",\"connected_agent\":{\"arguments\":\" of\"}}]}}}\n\n",
        "event: thread.run.step.delta\n",
        "data: {\"id\":\"step_hMuvcnVClC3YCzVQKobgOKxc\",\"object\":\"thread.run.step.delta\",\"delta\":{\"step_details\":{\"type\":\"tool_calls\",\"tool_calls\":[{\"index\":0,\"type\":\"connected_agent\",\"connected_agent\":{\"arguments\":\" Microsoft\"}}]}}}\n\n",
        "event: thread.run.step.delta\n",
        "data: {\"id\":\"step_hMuvcnVClC3YCzVQKobgOKxc\",\"object\":\"thread.run.step.delta\",\"delta\":{\"step_details\":{\"type\":\"tool_calls\",\"tool_calls\":[{\"index\":0,\"type\":\"connected_agent\",\"connected_agent\":{\"arguments\":\"\\\"}\"}}]}}}\n\n",
        "event: thread.run.step.delta\n",
        "data: {\"id\":\"step_hMuvcnVClC3YCzVQKobgOKxc\",\"object\":\"thread.run.step.delta\",\"delta\":{\"step_details\":{\"type\":\"tool_calls\",\"tool_calls\":[{\"index\":0,\"type\":\"connected_agent\",\"connected_agent\":{\"output\":\"The current stock price of Microsoft is $350.\",\"run_id\":\"run_BKDHUfLnDMPZxqQsQwKjaNuz\",\"thread_id\":\"thread_2NHQhKbVXFMUy0ZVN0P458MZ\",\"assistant_id\":\"asst_4n9MQn7nPdzg9Nu7eYu6sslO\"}}]}}}\n\n",
        "event: thread.run.step.completed\n",
        "data: {\"id\":\"step_hMuvcnVClC3YCzVQKobgOKxc\",\"object\":\"thread.run.step\",\"created_at\":1754519741,\"run_id\":\"run_W2leXEp540D9EN3AVFNwrvRI\",\"assistant_id\":\"asst_GarOD4Sp6mLUiRtXZbPQeEjl\",\"thread_id\":\"thread_bhT5wLxsDJKa4DVlproxa9Ii\",\"type\":\"tool_calls\",\"status\":\"completed\",\"cancelled_at\":null,\"completed_at\":1754519747,\"expires_at\":1754521539,\"failed_at\":null,\"last_error\":null,\"step_details\":{\"type\":\"tool_calls\",\"tool_calls\":[{\"id\":\"call_j0TzYMbTWD5bjOSsEutPBVjP\",\"type\":\"connected_agent\",\"connected_agent\":{\"name\":\"stock_bot\",\"arguments\":\"{\\\"query\\\":\\\"current stock price of Microsoft\\\"}\",\"output\":\"The current stock price of Microsoft is $350.\",\"run_id\":\"run_BKDHUfLnDMPZxqQsQwKjaNuz\",\"thread_id\":\"thread_2NHQhKbVXFMUy0ZVN0P458MZ\",\"assistant_id\":\"asst_4n9MQn7nPdzg9Nu7eYu6sslO\"}}]},\"usage\":{\"prompt_tokens\":191,\"completion_tokens\":20,\"total_tokens\":211,\"prompt_token_details\":{\"cached_tokens\":0}}}\n\n",
        "event: thread.run.step.created\n",
        "data: {\"id\":\"step_YLqpmiyD3IX7JXbPUFINLaf3\",\"object\":\"thread.run.step\",\"created_at\":1754519747,\"run_id\":\"run_W2leXEp540D9EN3AVFNwrvRI\",\"assistant_id\":\"asst_GarOD4Sp6mLUiRtXZbPQeEjl\",\"thread_id\":\"thread_bhT5wLxsDJKa4DVlproxa9Ii\",\"type\":\"message_creation\",\"status\":\"in_progress\",\"cancelled_at\":null,\"completed_at\":null,\"expires_at\":1754521539,\"failed_at\":null,\"last_error\":null,\"step_details\":{\"type\":\"message_creation\",\"message_creation\":{\"message_id\":\"msg_NbylBBJgCMiOK5vYkYK872dQ\"}},\"usage\":null}\n\n",
        "event: thread.run.step.in_progress\n",
        "data: {\"id\":\"step_YLqpmiyD3IX7JXbPUFINLaf3\",\"object\":\"thread.run.step\",\"created_at\":1754519747,\"run_id\":\"run_W2leXEp540D9EN3AVFNwrvRI\",\"assistant_id\":\"asst_GarOD4Sp6mLUiRtXZbPQeEjl\",\"thread_id\":\"thread_bhT5wLxsDJKa4DVlproxa9Ii\",\"type\":\"message_creation\",\"status\":\"in_progress\",\"cancelled_at\":null,\"completed_at\":null,\"expires_at\":1754521539,\"failed_at\":null,\"last_error\":null,\"step_details\":{\"type\":\"message_creation\",\"message_creation\":{\"message_id\":\"msg_NbylBBJgCMiOK5vYkYK872dQ\"}},\"usage\":null}\n\n",
        "event: thread.message.created\n",
        "data: {\"id\":\"msg_NbylBBJgCMiOK5vYkYK872dQ\",\"object\":\"thread.message\",\"created_at\":1754519747,\"assistant_id\":\"asst_GarOD4Sp6mLUiRtXZbPQeEjl\",\"thread_id\":\"thread_bhT5wLxsDJKa4DVlproxa9Ii\",\"run_id\":\"run_W2leXEp540D9EN3AVFNwrvRI\",\"status\":\"in_progress\",\"incomplete_details\":null,\"incomplete_at\":null,\"completed_at\":null,\"role\":\"assistant\",\"content\":[],\"attachments\":[],\"metadata\":{}}\n\n",
        "event: thread.message.in_progress\n",
        "data: {\"id\":\"msg_NbylBBJgCMiOK5vYkYK872dQ\",\"object\":\"thread.message\",\"created_at\":1754519747,\"assistant_id\":\"asst_GarOD4Sp6mLUiRtXZbPQeEjl\",\"thread_id\":\"thread_bhT5wLxsDJKa4DVlproxa9Ii\",\"run_id\":\"run_W2leXEp540D9EN3AVFNwrvRI\",\"status\":\"in_progress\",\"incomplete_details\":null,\"incomplete_at\":null,\"completed_at\":null,\"role\":\"assistant\",\"content\":[],\"attachments\":[],\"metadata\":{}}\n\n",
        "event: thread.message.delta\n",
        "data: {\"id\":\"msg_NbylBBJgCMiOK5vYkYK872dQ\",\"object\":\"thread.message.delta\",\"delta\":{\"content\":[{\"index\":0,\"type\":\"text\",\"text\":{\"value\":\"The\",\"annotations\":[]}}]}}\n\n",
        "event: thread.message.delta\n",
        "data: {\"id\":\"msg_NbylBBJgCMiOK5vYkYK872dQ\",\"object\":\"thread.message.delta\",\"delta\":{\"content\":[{\"index\":0,\"type\":\"text\",\"text\":{\"value\":\" current\"}}]}}\n\n",
        "event: thread.message.delta\n",
        "data: {\"id\":\"msg_NbylBBJgCMiOK5vYkYK872dQ\",\"object\":\"thread.message.delta\",\"delta\":{\"content\":[{\"index\":0,\"type\":\"text\",\"text\":{\"value\":\" stock\"}}]}}\n\n",
        "event: thread.message.delta\n",
        "data: {\"id\":\"msg_NbylBBJgCMiOK5vYkYK872dQ\",\"object\":\"thread.message.delta\",\"delta\":{\"content\":[{\"index\":0,\"type\":\"text\",\"text\":{\"value\":\" price\"}}]}}\n\n",
        "event: thread.message.delta\n",
        "data: {\"id\":\"msg_NbylBBJgCMiOK5vYkYK872dQ\",\"object\":\"thread.message.delta\",\"delta\":{\"content\":[{\"index\":0,\"type\":\"text\",\"text\":{\"value\":\" of\"}}]}}\n\n",
        "event: thread.message.delta\n",
        "data: {\"id\":\"msg_NbylBBJgCMiOK5vYkYK872dQ\",\"object\":\"thread.message.delta\",\"delta\":{\"content\":[{\"index\":0,\"type\":\"text\",\"text\":{\"value\":\" Microsoft\"}}]}}\n\n",
        "event: thread.message.delta\n",
        "data: {\"id\":\"msg_NbylBBJgCMiOK5vYkYK872dQ\",\"object\":\"thread.message.delta\",\"delta\":{\"content\":[{\"index\":0,\"type\":\"text\",\"text\":{\"value\":\" is\"}}]}}\n\n",
        "event: thread.message.delta\n",
        "data: {\"id\":\"msg_NbylBBJgCMiOK5vYkYK872dQ\",\"object\":\"thread.message.delta\",\"delta\":{\"content\":[{\"index\":0,\"type\":\"text\",\"text\":{\"value\":\" $\"}}]}}\n\n",
        "event: thread.message.delta\n",
        "data: {\"id\":\"msg_NbylBBJgCMiOK5vYkYK872dQ\",\"object\":\"thread.message.delta\",\"delta\":{\"content\":[{\"index\":0,\"type\":\"text\",\"text\":{\"value\":\"350\"}}]}}\n\n",
        "event: thread.message.delta\n",
        "data: {\"id\":\"msg_NbylBBJgCMiOK5vYkYK872dQ\",\"object\":\"thread.message.delta\",\"delta\":{\"content\":[{\"index\":0,\"type\":\"text\",\"text\":{\"value\":\" \"}}]}}\n\n",
        "event: thread.message.delta\n",
        "data: {\"id\":\"msg_NbylBBJgCMiOK5vYkYK872dQ\",\"object\":\"thread.message.delta\",\"delta\":{\"content\":[{\"index\":0,\"type\":\"text\",\"text\":{\"value\":\".\"}}]}}\n\n",
        "event: thread.message.completed\n",
        "data: {\"id\":\"msg_NbylBBJgCMiOK5vYkYK872dQ\",\"object\":\"thread.message\",\"created_at\":1754519747,\"assistant_id\":\"asst_GarOD4Sp6mLUiRtXZbPQeEjl\",\"thread_id\":\"thread_bhT5wLxsDJKa4DVlproxa9Ii\",\"run_id\":\"run_W2leXEp540D9EN3AVFNwrvRI\",\"status\":\"completed\",\"incomplete_details\":null,\"incomplete_at\":null,\"completed_at\":1754519748,\"role\":\"assistant\",\"content\":[{\"type\":\"text\",\"text\":{\"value\":\"The current stock price of Microsoft is $350 .\",\"annotations\":[]}}],\"attachments\":[],\"metadata\":{}}\n\n",
        "event: thread.run.step.completed\n",
        "data: {\"id\":\"step_YLqpmiyD3IX7JXbPUFINLaf3\",\"object\":\"thread.run.step\",\"created_at\":1754519747,\"run_id\":\"run_W2leXEp540D9EN3AVFNwrvRI\",\"assistant_id\":\"asst_GarOD4Sp6mLUiRtXZbPQeEjl\",\"thread_id\":\"thread_bhT5wLxsDJKa4DVlproxa9Ii\",\"type\":\"message_creation\",\"status\":\"completed\",\"cancelled_at\":null,\"completed_at\":1754519748,\"expires_at\":1754521539,\"failed_at\":null,\"last_error\":null,\"step_details\":{\"type\":\"message_creation\",\"message_creation\":{\"message_id\":\"msg_NbylBBJgCMiOK5vYkYK872dQ\"}},\"usage\":{\"prompt_tokens\":228,\"completion_tokens\":19,\"total_tokens\":247,\"prompt_token_details\":{\"cached_tokens\":0}}}\n\n",
        "event: thread.run.completed\n",
        "data: {\"id\":\"run_W2leXEp540D9EN3AVFNwrvRI\",\"object\":\"thread.run\",\"created_at\":1754519739,\"assistant_id\":\"asst_GarOD4Sp6mLUiRtXZbPQeEjl\",\"thread_id\":\"thread_bhT5wLxsDJKa4DVlproxa9Ii\",\"status\":\"completed\",\"started_at\":1754519740,\"expires_at\":null,\"cancelled_at\":null,\"failed_at\":null,\"completed_at\":1754519748,\"required_action\":null,\"last_error\":null,\"model\":\"gpt-4o\",\"instructions\":\"You are a helpful assistant, and use the connected agents to get stock prices.\",\"tools\":[{\"type\":\"connected_agent\",\"connected_agent\":{\"name\":\"stock_bot\",\"description\":\"Gets the stock price of a company\",\"id\":\"asst_4n9MQn7nPdzg9Nu7eYu6sslO\"}}],\"tool_resources\":{\"code_interpreter\":{\"file_ids\":[]}},\"metadata\":{},\"temperature\":1.0,\"top_p\":1.0,\"max_completion_tokens\":null,\"max_prompt_tokens\":null,\"truncation_strategy\":{\"type\":\"auto\",\"last_messages\":null},\"incomplete_details\":null,\"usage\":{\"prompt_tokens\":419,\"completion_tokens\":39,\"total_tokens\":458,\"prompt_token_details\":{\"cached_tokens\":0}},\"response_format\":\"auto\",\"tool_choice\":\"auto\",\"parallel_tool_calls\":true}\n\n",
        "event: done\n",
        "data: [DONE]\n\n"
      ]
    },
    {
      "RequestUri": "https://Sanitized.services.ai.azure.com/api/projects/00000/assistants/asst_GarOD4Sp6mLUiRtXZbPQeEjl?api-version=2025-05-15-preview",
      "RequestMethod": "DELETE",
      "RequestHeaders": {
        "Accept": "application/json",
        "Accept-Encoding": "gzip, deflate",
        "Connection": "keep-alive",
        "Content-Length": "0",
        "User-Agent": "azsdk-python-ai-agents/1.1.0b5 Python/3.11.5 (Windows-10-10.0.26100-SP0)"
      },
      "RequestBody": null,
      "StatusCode": 200,
      "ResponseHeaders": {
        "apim-request-id": "81633ddb-bd06-43c0-8963-137197a15a04",
        "azureml-served-by-cluster": "vienna-westus-01",
        "Content-Length": "95",
        "Content-Type": "application/json",
        "Date": "Wed, 06 Aug 2025 22:35:48 GMT",
        "openai-organization": "cb9727c486de4b1ca13cbe1a48f2d59a",
        "openai-processing-ms": "542",
        "openai-version": "2020-10-01",
        "Request-Context": "appId=cid-v1:2d2e8e63-272e-4b3c-8598-4ee570a0e70d",
        "Strict-Transport-Security": "max-age=31536000; includeSubDomains; preload",
        "X-Content-Type-Options": "nosniff",
        "x-ms-middleware-request-id": "283e39d0-852c-4e30-ae83-a3e927753592",
        "x-ms-region": "West US",
        "x-ms-response-type": "standard",
        "X-Request-ID": "03ecf90342244a56122d755ccd261862",
        "x-request-time": "0.724"
      },
      "ResponseBody": {
        "id": "asst_GarOD4Sp6mLUiRtXZbPQeEjl",
        "object": "assistant.deleted",
        "deleted": true
      }
    },
    {
      "RequestUri": "https://Sanitized.services.ai.azure.com/api/projects/00000/threads/thread_bhT5wLxsDJKa4DVlproxa9Ii?api-version=2025-05-15-preview",
      "RequestMethod": "DELETE",
      "RequestHeaders": {
        "Accept": "application/json",
        "Accept-Encoding": "gzip, deflate",
        "Connection": "keep-alive",
        "Content-Length": "0",
        "User-Agent": "azsdk-python-ai-agents/1.1.0b5 Python/3.11.5 (Windows-10-10.0.26100-SP0)"
      },
      "RequestBody": null,
      "StatusCode": 200,
      "ResponseHeaders": {
        "apim-request-id": "4ebcb72c-2d4e-4b1c-a715-2734468cef8f",
        "azureml-served-by-cluster": "vienna-westus-01",
        "Content-Length": "94",
        "Content-Type": "application/json",
        "Date": "Wed, 06 Aug 2025 22:35:48 GMT",
        "openai-organization": "cb9727c486de4b1ca13cbe1a48f2d59a",
        "openai-processing-ms": "114",
        "openai-version": "2020-10-01",
        "Request-Context": "appId=cid-v1:2d2e8e63-272e-4b3c-8598-4ee570a0e70d",
        "Strict-Transport-Security": "max-age=31536000; includeSubDomains; preload",
        "X-Content-Type-Options": "nosniff",
        "x-ms-middleware-request-id": "cefa2bd9-858a-4811-8659-d960984f3ccd",
        "x-ms-region": "West US",
        "x-ms-response-type": "standard",
        "X-Request-ID": "0dd33c1e6f8366ab3e98d5ab00939372",
        "x-request-time": "0.299"
      },
      "ResponseBody": {
        "id": "thread_bhT5wLxsDJKa4DVlproxa9Ii",
        "object": "thread.deleted",
        "deleted": true
      }
    },
    {
      "RequestUri": "https://Sanitized.services.ai.azure.com/api/projects/00000/assistants/asst_4n9MQn7nPdzg9Nu7eYu6sslO?api-version=2025-05-15-preview",
      "RequestMethod": "DELETE",
      "RequestHeaders": {
        "Accept": "application/json",
        "Accept-Encoding": "gzip, deflate",
        "Connection": "keep-alive",
        "Content-Length": "0",
        "User-Agent": "azsdk-python-ai-agents/1.1.0b5 Python/3.11.5 (Windows-10-10.0.26100-SP0)"
      },
      "RequestBody": null,
      "StatusCode": 200,
      "ResponseHeaders": {
        "apim-request-id": "b6b0efe0-4d50-4f9d-8d0d-0e54269517e5",
        "azureml-served-by-cluster": "vienna-westus-01",
        "Content-Length": "95",
        "Content-Type": "application/json",
        "Date": "Wed, 06 Aug 2025 22:35:49 GMT",
        "openai-organization": "cb9727c486de4b1ca13cbe1a48f2d59a",
        "openai-processing-ms": "165",
        "openai-version": "2020-10-01",
        "Request-Context": "appId=cid-v1:2d2e8e63-272e-4b3c-8598-4ee570a0e70d",
        "Strict-Transport-Security": "max-age=31536000; includeSubDomains; preload",
        "X-Content-Type-Options": "nosniff",
        "x-ms-middleware-request-id": "17032366-fcb1-49ce-b57c-9cd141d91f1b",
        "x-ms-region": "West US",
        "x-ms-response-type": "standard",
        "X-Request-ID": "c1abf6c1ac6ef093f19966d49e62534e",
        "x-request-time": "0.343"
      },
      "ResponseBody": {
        "id": "asst_4n9MQn7nPdzg9Nu7eYu6sslO",
        "object": "assistant.deleted",
        "deleted": true
      }
    }
  ],
  "Variables": {}
}
