{
  "Entries": [
    {
      "RequestUri": "https://Sanitized.services.ai.azure.com/api/projects/00000/assistants?api-version=2025-05-15-preview",
      "RequestMethod": "POST",
      "RequestHeaders": {
        "Accept": "application/json",
        "Accept-Encoding": "gzip, deflate",
        "Content-Length": "85",
        "Content-Type": "application/json",
        "traceparent": "00-1c165237b3805c460ce7de1d184bcd8b-1730a0fedae6ffc8-01",
        "User-Agent": "azsdk-python-ai-agents/1.1.0b3 Python/3.12.10 (Windows-11-10.0.26100-SP0)"
      },
      "RequestBody": {
        "instructions": "You are helpful agent",
        "model": "gpt-4o-mini",
        "name": "my-agent"
      },
      "StatusCode": 200,
      "ResponseHeaders": {
        "apim-request-id": "01609cf8-c3a5-449c-8d13-a16ba1429e19",
        "azureml-served-by-cluster": "vienna-eastus2-02",
        "Content-Encoding": "gzip",
        "Content-Type": "application/json",
        "Date": "Thu, 26 Jun 2025 20:55:58 GMT",
        "openai-organization": "b3f57ef86dc8407e81d647f33978d2a2",
        "openai-processing-ms": "49",
        "openai-version": "2020-10-01",
        "Request-Context": "appId=cid-v1:2d2e8e63-272e-4b3c-8598-4ee570a0e70d",
        "Strict-Transport-Security": "max-age=31536000; includeSubDomains; preload",
        "Transfer-Encoding": "chunked",
        "Vary": "Accept-Encoding",
        "X-Content-Type-Options": "nosniff",
        "x-ms-middleware-request-id": "2d1fbe72-693d-4cc8-b5c0-205292aa98ab",
        "x-ms-region": "East US 2",
        "x-ms-response-type": "standard",
        "X-Request-ID": "e3acba6cb7a4574b4b7325056eca8b63",
        "x-request-time": "0.201"
      },
      "ResponseBody": {
        "id": "asst_vAaNsnXsJF8TOUbofXLHfslR",
        "object": "assistant",
        "created_at": 1750971358,
        "name": "my-agent",
        "description": null,
        "model": "gpt-4o-mini",
        "instructions": "You are helpful agent",
        "tools": [],
        "top_p": 1.0,
        "temperature": 1.0,
        "tool_resources": {},
        "metadata": {},
        "response_format": "auto"
      }
    },
    {
      "RequestUri": "https://Sanitized.services.ai.azure.com/api/projects/00000/threads?api-version=2025-05-15-preview",
      "RequestMethod": "POST",
      "RequestHeaders": {
        "Accept": "application/json",
        "Accept-Encoding": "gzip, deflate",
        "Content-Length": "2",
        "Content-Type": "application/json",
        "traceparent": "00-df7592b0d22ef50ae34026e78c202d8e-3bcbc4d7fc9048aa-01",
        "User-Agent": "azsdk-python-ai-agents/1.1.0b3 Python/3.12.10 (Windows-11-10.0.26100-SP0)"
      },
      "RequestBody": {},
      "StatusCode": 200,
      "ResponseHeaders": {
        "apim-request-id": "61ac0a12-6643-4842-8167-8f47f3bb49a0",
        "azureml-served-by-cluster": "vienna-eastus2-02",
        "Content-Length": "137",
        "Content-Type": "application/json",
        "Date": "Thu, 26 Jun 2025 20:55:58 GMT",
        "openai-organization": "b3f57ef86dc8407e81d647f33978d2a2",
        "openai-processing-ms": "74",
        "openai-version": "2020-10-01",
        "Request-Context": "appId=cid-v1:2d2e8e63-272e-4b3c-8598-4ee570a0e70d",
        "Strict-Transport-Security": "max-age=31536000; includeSubDomains; preload",
        "X-Content-Type-Options": "nosniff",
        "x-ms-middleware-request-id": "4586394c-99c5-433f-be91-75ca31d53761",
        "x-ms-region": "East US 2",
        "x-ms-response-type": "standard",
        "X-Request-ID": "ace6561a8bcba42ebf78b9e2b8ab7821",
        "x-request-time": "0.218"
      },
      "ResponseBody": {
        "id": "thread_vNbDX7WpYohhNf2QkBHZXYUS",
        "object": "thread",
        "created_at": 1750971359,
        "metadata": {},
        "tool_resources": {}
      }
    },
    {
      "RequestUri": "https://Sanitized.services.ai.azure.com/api/projects/00000/threads/thread_vNbDX7WpYohhNf2QkBHZXYUS/messages?api-version=2025-05-15-preview",
      "RequestMethod": "POST",
      "RequestHeaders": {
        "Accept": "application/json",
        "Accept-Encoding": "gzip, deflate",
        "Content-Length": "52",
        "Content-Type": "application/json",
        "traceparent": "00-933becfe47ccfd6567146842d880b1ec-393e7691fc9bf432-01",
        "User-Agent": "azsdk-python-ai-agents/1.1.0b3 Python/3.12.10 (Windows-11-10.0.26100-SP0)"
      },
      "RequestBody": {
        "content": "Hello, tell me a joke",
        "role": "user"
      },
      "StatusCode": 200,
      "ResponseHeaders": {
        "apim-request-id": "63ce9a01-a194-4285-95c5-b2a91d3feafa",
        "azureml-served-by-cluster": "vienna-eastus2-02",
        "Content-Encoding": "gzip",
        "Content-Type": "application/json",
        "Date": "Thu, 26 Jun 2025 20:55:58 GMT",
        "openai-organization": "b3f57ef86dc8407e81d647f33978d2a2",
        "openai-processing-ms": "145",
        "openai-version": "2020-10-01",
        "Request-Context": "appId=cid-v1:2d2e8e63-272e-4b3c-8598-4ee570a0e70d",
        "Strict-Transport-Security": "max-age=31536000; includeSubDomains; preload",
        "Transfer-Encoding": "chunked",
        "Vary": "Accept-Encoding",
        "X-Content-Type-Options": "nosniff",
        "x-ms-middleware-request-id": "f70e1a3c-0895-426c-b787-526b9c9045da",
        "x-ms-region": "East US 2",
        "x-ms-response-type": "standard",
        "X-Request-ID": "396604fd7ac4129de05a89f13f0a5cd9",
        "x-request-time": "0.289"
      },
      "ResponseBody": {
        "id": "msg_hoMsNbwng22VZLMFRXHo9WVK",
        "object": "thread.message",
        "created_at": 1750971359,
        "assistant_id": null,
        "thread_id": "thread_vNbDX7WpYohhNf2QkBHZXYUS",
        "run_id": null,
        "role": "user",
        "content": [
          {
            "type": "text",
            "text": {
              "value": "Hello, tell me a joke",
              "annotations": []
            }
          }
        ],
        "attachments": [],
        "metadata": {}
      }
    },
    {
      "RequestUri": "https://Sanitized.services.ai.azure.com/api/projects/00000/threads/thread_vNbDX7WpYohhNf2QkBHZXYUS/runs?api-version=2025-05-15-preview",
      "RequestMethod": "POST",
      "RequestHeaders": {
        "Accept": "application/json",
        "Accept-Encoding": "gzip, deflate",
        "Content-Length": "66",
        "Content-Type": "application/json",
        "traceparent": "00-81a70e02230fa69ffe1a2701e572bcaf-5c259aaa35324d97-01",
        "User-Agent": "azsdk-python-ai-agents/1.1.0b3 Python/3.12.10 (Windows-11-10.0.26100-SP0)"
      },
      "RequestBody": {
        "assistant_id": "asst_vAaNsnXsJF8TOUbofXLHfslR",
        "stream": false
      },
      "StatusCode": 200,
      "ResponseHeaders": {
        "apim-request-id": "94608d2e-67f8-499b-94f8-6e3eb95fdb96",
        "azureml-served-by-cluster": "vienna-eastus2-02",
        "Content-Encoding": "gzip",
        "Content-Type": "application/json",
        "Date": "Thu, 26 Jun 2025 20:55:59 GMT",
        "openai-organization": "b3f57ef86dc8407e81d647f33978d2a2",
        "openai-processing-ms": "185",
        "openai-version": "2020-10-01",
        "Request-Context": "appId=cid-v1:2d2e8e63-272e-4b3c-8598-4ee570a0e70d",
        "Strict-Transport-Security": "max-age=31536000; includeSubDomains; preload",
        "Transfer-Encoding": "chunked",
        "Vary": "Accept-Encoding",
        "X-Content-Type-Options": "nosniff",
        "x-ms-middleware-request-id": "7ddba481-6aca-464a-ab34-62f59873e840",
        "x-ms-region": "East US 2",
        "x-ms-response-type": "standard",
        "X-Request-ID": "16ae81024aa678ce6e76aea29f9cd186",
        "x-request-time": "0.972"
      },
      "ResponseBody": {
        "id": "run_hDQ1ZxRMI06mtztbvjOh9gE3",
        "object": "thread.run",
        "created_at": 1750971360,
        "assistant_id": "asst_vAaNsnXsJF8TOUbofXLHfslR",
        "thread_id": "thread_vNbDX7WpYohhNf2QkBHZXYUS",
        "status": "queued",
        "started_at": null,
        "expires_at": 1750971960,
        "cancelled_at": null,
        "failed_at": null,
        "completed_at": null,
        "required_action": null,
        "last_error": null,
        "model": "gpt-4o-mini",
        "instructions": "You are helpful agent",
        "tools": [],
        "tool_resources": {},
        "metadata": {},
        "temperature": 1.0,
        "top_p": 1.0,
        "max_completion_tokens": null,
        "max_prompt_tokens": null,
        "truncation_strategy": {
          "type": "auto",
          "last_messages": null
        },
        "incomplete_details": null,
        "usage": null,
        "response_format": "auto",
        "tool_choice": "auto",
        "parallel_tool_calls": true
      }
    },
    {
      "RequestUri": "https://Sanitized.services.ai.azure.com/api/projects/00000/threads/thread_vNbDX7WpYohhNf2QkBHZXYUS/runs/Sanitized?api-version=2025-05-15-preview",
      "RequestMethod": "GET",
      "RequestHeaders": {
        "Accept": "application/json",
        "Accept-Encoding": "gzip, deflate",
        "traceparent": "00-6f6e6e6c407a46ff7147252468be6b0d-72fcbe6c200c0328-01",
        "User-Agent": "azsdk-python-ai-agents/1.1.0b3 Python/3.12.10 (Windows-11-10.0.26100-SP0)"
      },
      "RequestBody": null,
      "StatusCode": 200,
      "ResponseHeaders": {
        "apim-request-id": "37bcf6aa-4d2c-4e29-89fe-c230133220f0",
        "azureml-served-by-cluster": "vienna-eastus2-02",
        "Content-Encoding": "gzip",
        "Content-Type": "application/json",
        "Date": "Thu, 26 Jun 2025 20:56:01 GMT",
        "openai-organization": "b3f57ef86dc8407e81d647f33978d2a2",
        "openai-processing-ms": "164",
        "openai-version": "2020-10-01",
        "Request-Context": "appId=cid-v1:2d2e8e63-272e-4b3c-8598-4ee570a0e70d",
        "Strict-Transport-Security": "max-age=31536000; includeSubDomains; preload",
        "Transfer-Encoding": "chunked",
        "Vary": "Accept-Encoding",
        "X-Content-Type-Options": "nosniff",
        "x-ms-middleware-request-id": "f7845097-86e1-4d89-b186-e13e031ee1c1",
        "x-ms-region": "East US 2",
        "x-ms-response-type": "standard",
        "X-Request-ID": "6433d0f79cc4ab6da3ad042965df3bff",
        "x-request-time": "0.320"
      },
      "ResponseBody": {
        "id": "run_hDQ1ZxRMI06mtztbvjOh9gE3",
        "object": "thread.run",
        "created_at": 1750971360,
        "assistant_id": "asst_vAaNsnXsJF8TOUbofXLHfslR",
        "thread_id": "thread_vNbDX7WpYohhNf2QkBHZXYUS",
        "status": "completed",
        "started_at": 1750971360,
        "expires_at": null,
        "cancelled_at": null,
        "failed_at": null,
        "completed_at": 1750971361,
        "required_action": null,
        "last_error": null,
        "model": "gpt-4o-mini",
        "instructions": "You are helpful agent",
        "tools": [],
        "tool_resources": {},
        "metadata": {},
        "temperature": 1.0,
        "top_p": 1.0,
        "max_completion_tokens": null,
        "max_prompt_tokens": null,
        "truncation_strategy": {
          "type": "auto",
          "last_messages": null
        },
        "incomplete_details": null,
        "usage": {
          "prompt_tokens": 63,
          "completion_tokens": 14,
          "total_tokens": 77,
          "prompt_token_details": {
            "cached_tokens": 0
          }
        },
        "response_format": "auto",
        "tool_choice": "auto",
        "parallel_tool_calls": true
      }
    },
    {
      "RequestUri": "https://Sanitized.services.ai.azure.com/api/projects/00000/assistants/asst_vAaNsnXsJF8TOUbofXLHfslR?api-version=2025-05-15-preview",
      "RequestMethod": "DELETE",
      "RequestHeaders": {
        "Accept": "application/json",
        "Accept-Encoding": "gzip, deflate",
        "Content-Length": "0",
        "traceparent": "00-1a7dca1cb0b6f7af337386b27e272ec7-990da6bb212cc633-01",
        "User-Agent": "azsdk-python-ai-agents/1.1.0b3 Python/3.12.10 (Windows-11-10.0.26100-SP0)"
      },
      "RequestBody": null,
      "StatusCode": 200,
      "ResponseHeaders": {
        "apim-request-id": "dbf18e17-54c3-4c22-8837-521c300cb44f",
        "azureml-served-by-cluster": "vienna-eastus2-02",
        "Content-Length": "95",
        "Content-Type": "application/json",
        "Date": "Thu, 26 Jun 2025 20:56:01 GMT",
        "openai-organization": "b3f57ef86dc8407e81d647f33978d2a2",
        "openai-processing-ms": "89",
        "openai-version": "2020-10-01",
        "Request-Context": "appId=cid-v1:2d2e8e63-272e-4b3c-8598-4ee570a0e70d",
        "Strict-Transport-Security": "max-age=31536000; includeSubDomains; preload",
        "X-Content-Type-Options": "nosniff",
        "x-ms-middleware-request-id": "2cf4e998-f7c2-4314-a301-2a25abd86740",
        "x-ms-region": "East US 2",
        "x-ms-response-type": "standard",
        "X-Request-ID": "1c3845af247217c487d992b729d5c6e7",
        "x-request-time": "0.230"
      },
      "ResponseBody": {
        "id": "asst_vAaNsnXsJF8TOUbofXLHfslR",
        "object": "assistant.deleted",
        "deleted": true
      }
    },
    {
      "RequestUri": "https://Sanitized.services.ai.azure.com/api/projects/00000/threads/thread_vNbDX7WpYohhNf2QkBHZXYUS/messages?api-version=2025-05-15-preview",
      "RequestMethod": "GET",
      "RequestHeaders": {
        "Accept": "application/json",
        "Accept-Encoding": "gzip, deflate",
        "traceparent": "00-622ef5f7214b63281d01a1b9cfa5249d-aac7d9252d8e9af9-01",
        "User-Agent": "azsdk-python-ai-agents/1.1.0b3 Python/3.12.10 (Windows-11-10.0.26100-SP0)"
      },
      "RequestBody": null,
      "StatusCode": 200,
      "ResponseHeaders": {
        "apim-request-id": "385672d6-128c-4ebc-adcc-915dd8d18f13",
        "azureml-served-by-cluster": "vienna-eastus2-02",
        "Content-Encoding": "gzip",
        "Content-Type": "application/json",
        "Date": "Thu, 26 Jun 2025 20:56:01 GMT",
        "openai-organization": "b3f57ef86dc8407e81d647f33978d2a2",
        "openai-processing-ms": "83",
        "openai-version": "2020-10-01",
        "Request-Context": "appId=cid-v1:2d2e8e63-272e-4b3c-8598-4ee570a0e70d",
        "Strict-Transport-Security": "max-age=31536000; includeSubDomains; preload",
        "Transfer-Encoding": "chunked",
        "Vary": "Accept-Encoding",
        "X-Content-Type-Options": "nosniff",
        "x-ms-middleware-request-id": "e1a6f1ba-13c4-4eeb-8223-cd82f2e1b11d",
        "x-ms-region": "East US 2",
        "x-ms-response-type": "standard",
        "X-Request-ID": "2286176bfb6f416618ee565f8fbd7f75",
        "x-request-time": "0.236"
      },
      "ResponseBody": {
        "object": "list",
        "data": [
          {
            "id": "msg_COzmtxCi8Dm7R185QFTYO0eV",
            "object": "thread.message",
            "created_at": 1750971361,
            "assistant_id": "asst_vAaNsnXsJF8TOUbofXLHfslR",
            "thread_id": "thread_vNbDX7WpYohhNf2QkBHZXYUS",
            "run_id": "run_hDQ1ZxRMI06mtztbvjOh9gE3",
            "role": "assistant",
            "content": [
              {
                "type": "text",
                "text": {
                  "value": "Why don't scientists trust atoms?\n\nBecause they make up everything!",
                  "annotations": []
                }
              }
            ],
            "attachments": [],
            "metadata": {}
          },
          {
            "id": "msg_hoMsNbwng22VZLMFRXHo9WVK",
            "object": "thread.message",
            "created_at": 1750971359,
            "assistant_id": null,
            "thread_id": "thread_vNbDX7WpYohhNf2QkBHZXYUS",
            "run_id": null,
            "role": "user",
            "content": [
              {
                "type": "text",
                "text": {
                  "value": "Hello, tell me a joke",
                  "annotations": []
                }
              }
            ],
            "attachments": [],
            "metadata": {}
          }
        ],
        "first_id": "msg_COzmtxCi8Dm7R185QFTYO0eV",
        "last_id": "msg_hoMsNbwng22VZLMFRXHo9WVK",
        "has_more": false
      }
    },
    {
      "RequestUri": "https://Sanitized.services.ai.azure.com/api/projects/00000/threads/thread_vNbDX7WpYohhNf2QkBHZXYUS/messages?api-version=2025-05-15-preview&after=msg_hoMsNbwng22VZLMFRXHo9WVK",
      "RequestMethod": "GET",
      "RequestHeaders": {
        "Accept": "application/json",
        "Accept-Encoding": "gzip, deflate",
        "traceparent": "00-0fb0e18565401566e90782f6ac7dc81c-cc4bd736219b9115-01",
        "User-Agent": "azsdk-python-ai-agents/1.1.0b3 Python/3.12.10 (Windows-11-10.0.26100-SP0)"
      },
      "RequestBody": null,
      "StatusCode": 200,
      "ResponseHeaders": {
        "apim-request-id": "3f343b37-f30c-434c-baf2-8fb0d2867f9f",
        "azureml-served-by-cluster": "vienna-eastus2-02",
        "Content-Length": "96",
        "Content-Type": "application/json",
        "Date": "Thu, 26 Jun 2025 20:56:02 GMT",
        "openai-organization": "b3f57ef86dc8407e81d647f33978d2a2",
        "openai-processing-ms": "84",
        "openai-version": "2020-10-01",
        "Request-Context": "appId=cid-v1:2d2e8e63-272e-4b3c-8598-4ee570a0e70d",
        "Strict-Transport-Security": "max-age=31536000; includeSubDomains; preload",
        "X-Content-Type-Options": "nosniff",
        "x-ms-middleware-request-id": "dfefdf4a-eef8-49f5-8bc9-6a0d5d35be69",
        "x-ms-region": "East US 2",
        "x-ms-response-type": "standard",
        "X-Request-ID": "ad484fe83d629cd6b43e379ef34ac979",
        "x-request-time": "0.208"
      },
      "ResponseBody": {
        "object": "list",
        "data": [],
        "first_id": null,
        "last_id": null,
        "has_more": false
      }
    }
  ],
  "Variables": {}
}
