{
  "Entries": [
    {
      "RequestUri": "https://Sanitized.api.azureml.ms/agents/v1.0/subscriptions/00000000-0000-0000-0000-000000000000/resourceGroups/00000/providers/Microsoft.MachineLearningServices/workspaces/00000/assistants?api-version=v1",
      "RequestMethod": "POST",
      "RequestHeaders": {
        "Accept": "application/json",
        "Accept-Encoding": "gzip, deflate",
        "Connection": "keep-alive",
        "Content-Length": "413",
        "Content-Type": "application/json",
        "traceparent": "00-80c3945465e772c04eceda533e84d3e2-1823b19a07fd1744-01",
        "User-Agent": "azsdk-python-ai-agents/1.0.0b1 Python/3.11.5 (Windows-10-10.0.26100-SP0)"
      },
      "RequestBody": {
        "instructions": "You are helpful agent",
        "model": "gpt-4o",
        "name": "my-agent",
        "tool_resources": {},
        "tools": [
          {
            "type": "function",
            "function": {
              "name": "fetch_weather",
              "description": "Fetches the weather information for the specified location.",
              "parameters": {
                "type": "object",
                "properties": {
                  "location": {
                    "type": "string",
                    "description": "The location to fetch weather for."
                  }
                },
                "required": [
                  "location"
                ]
              }
            }
          }
        ]
      },
      "StatusCode": 200,
      "ResponseHeaders": {
        "apim-request-id": "d114cb58-08f7-4e5d-8167-67fd4fb1d684",
        "azureml-served-by-cluster": "vienna-westus-01",
        "Connection": "keep-alive",
        "Content-Encoding": "gzip",
        "Content-Type": "application/json",
        "Date": "Sat, 03 May 2025 03:55:46 GMT",
        "openai-organization": "20ba836fffc34ede8203166d666c74ef",
        "openai-processing-ms": "77",
        "openai-version": "2020-10-01",
        "Request-Context": "appId=cid-v1:2d2e8e63-272e-4b3c-8598-4ee570a0e70d",
        "Strict-Transport-Security": "max-age=31536000; includeSubDomains; preload",
        "Transfer-Encoding": "chunked",
        "Vary": "Accept-Encoding",
        "X-Content-Type-Options": "nosniff",
        "x-ms-middleware-request-id": "d114cb58-08f7-4e5d-8167-67fd4fb1d684",
        "x-ms-region": "West US",
        "x-ms-response-type": "standard",
        "X-Request-ID": "1c801a916aea150a2afd730d750da7fb",
        "x-request-time": "0.346"
      },
      "ResponseBody": {
        "id": "asst_cS1EqcD46lUeR8znYvuRjawb",
        "object": "assistant",
        "created_at": 1746244546,
        "name": "my-agent",
        "description": null,
        "model": "gpt-4o",
        "instructions": "You are helpful agent",
        "tools": [
          {
            "type": "function",
            "function": {
              "name": "fetch_weather",
              "description": "Fetches the weather information for the specified location.",
              "parameters": {
                "type": "object",
                "properties": {
                  "location": {
                    "type": "string",
                    "description": "The location to fetch weather for."
                  }
                },
                "required": [
                  "location"
                ]
              },
              "strict": false
            }
          }
        ],
        "top_p": 1.0,
        "temperature": 1.0,
        "tool_resources": {},
        "metadata": {},
        "response_format": "auto"
      }
    },
    {
      "RequestUri": "https://Sanitized.api.azureml.ms/agents/v1.0/subscriptions/00000000-0000-0000-0000-000000000000/resourceGroups/00000/providers/Microsoft.MachineLearningServices/workspaces/00000/threads?api-version=v1",
      "RequestMethod": "POST",
      "RequestHeaders": {
        "Accept": "application/json",
        "Accept-Encoding": "gzip, deflate",
        "Connection": "keep-alive",
        "Content-Length": "2",
        "Content-Type": "application/json",
        "traceparent": "00-3773b7c6305fe47f6d95e371e22779ad-7d1034ed69794015-01",
        "User-Agent": "azsdk-python-ai-agents/1.0.0b1 Python/3.11.5 (Windows-10-10.0.26100-SP0)"
      },
      "RequestBody": {},
      "StatusCode": 200,
      "ResponseHeaders": {
        "apim-request-id": "f3099f7e-b0f7-414b-be73-52b9c247154f",
        "azureml-served-by-cluster": "vienna-westus-01",
        "Connection": "keep-alive",
        "Content-Length": "137",
        "Content-Type": "application/json",
        "Date": "Sat, 03 May 2025 03:55:47 GMT",
        "openai-organization": "20ba836fffc34ede8203166d666c74ef",
        "openai-processing-ms": "70",
        "openai-version": "2020-10-01",
        "Request-Context": "appId=cid-v1:2d2e8e63-272e-4b3c-8598-4ee570a0e70d",
        "Strict-Transport-Security": "max-age=31536000; includeSubDomains; preload",
        "X-Content-Type-Options": "nosniff",
        "x-ms-middleware-request-id": "987ea94c-3efb-4d2c-b3ae-358c782575a6",
        "x-ms-region": "West US",
        "x-ms-response-type": "standard",
        "X-Request-ID": "f7adbca9bd7dacc7c95dad5082fcaf8d",
        "x-request-time": "0.312"
      },
      "ResponseBody": {
        "id": "thread_va195urhGBewvbbAJPx9uznI",
        "object": "thread",
        "created_at": 1746244547,
        "metadata": {},
        "tool_resources": {}
      }
    },
    {
      "RequestUri": "https://Sanitized.api.azureml.ms/agents/v1.0/subscriptions/00000000-0000-0000-0000-000000000000/resourceGroups/00000/providers/Microsoft.MachineLearningServices/workspaces/00000/threads/thread_va195urhGBewvbbAJPx9uznI/messages?api-version=v1",
      "RequestMethod": "POST",
      "RequestHeaders": {
        "Accept": "application/json",
        "Accept-Encoding": "gzip, deflate",
        "Connection": "keep-alive",
        "Content-Length": "63",
        "Content-Type": "application/json",
        "traceparent": "00-a7f295847a44b17168b185261ae2fff3-a3e8044fbc04da05-01",
        "User-Agent": "azsdk-python-ai-agents/1.0.0b1 Python/3.11.5 (Windows-10-10.0.26100-SP0)"
      },
      "RequestBody": {
        "content": "What is the weather in New York?",
        "role": "user"
      },
      "StatusCode": 200,
      "ResponseHeaders": {
        "apim-request-id": "49642d9c-c290-49b4-93ec-fcc2e9e76532",
        "azureml-served-by-cluster": "vienna-westus-01",
        "Connection": "keep-alive",
        "Content-Encoding": "gzip",
        "Content-Type": "application/json",
        "Date": "Sat, 03 May 2025 03:55:47 GMT",
        "openai-organization": "20ba836fffc34ede8203166d666c74ef",
        "openai-processing-ms": "64",
        "openai-version": "2020-10-01",
        "Request-Context": "appId=cid-v1:2d2e8e63-272e-4b3c-8598-4ee570a0e70d",
        "Strict-Transport-Security": "max-age=31536000; includeSubDomains; preload",
        "Transfer-Encoding": "chunked",
        "Vary": "Accept-Encoding",
        "X-Content-Type-Options": "nosniff",
        "x-ms-middleware-request-id": "a1a2993f-92b1-4874-8e99-1fa707be5e24",
        "x-ms-region": "West US",
        "x-ms-response-type": "standard",
        "X-Request-ID": "0c8e510af524cc5749a8abd11dc1bc9f",
        "x-request-time": "0.289"
      },
      "ResponseBody": {
        "id": "msg_gIZ94k97qHta9ljkE4eIILGp",
        "object": "thread.message",
        "created_at": 1746244547,
        "assistant_id": null,
        "thread_id": "thread_va195urhGBewvbbAJPx9uznI",
        "run_id": null,
        "role": "user",
        "content": [
          {
            "type": "text",
            "text": {
              "value": "What is the weather in New York?",
              "annotations": []
            }
          }
        ],
        "attachments": [],
        "metadata": {}
      }
    },
    {
      "RequestUri": "https://Sanitized.api.azureml.ms/agents/v1.0/subscriptions/00000000-0000-0000-0000-000000000000/resourceGroups/00000/providers/Microsoft.MachineLearningServices/workspaces/00000/threads/thread_va195urhGBewvbbAJPx9uznI/runs?api-version=v1",
      "RequestMethod": "POST",
      "RequestHeaders": {
        "Accept": "application/json",
        "Accept-Encoding": "gzip, deflate",
        "Connection": "keep-alive",
        "Content-Length": "65",
        "Content-Type": "application/json",
        "traceparent": "00-8c1ab182e313eaa03d584f57b408e479-fabc41e99363fe17-01",
        "User-Agent": "azsdk-python-ai-agents/1.0.0b1 Python/3.11.5 (Windows-10-10.0.26100-SP0)"
      },
      "RequestBody": {
        "assistant_id": "asst_cS1EqcD46lUeR8znYvuRjawb",
        "stream": true
      },
      "StatusCode": 200,
      "ResponseHeaders": {
        "apim-request-id": "6dc96981-d2ba-49ca-a4d9-1b0eeb798f74",
        "azureml-served-by-cluster": "vienna-westus-01",
        "Connection": "keep-alive",
        "Content-Type": "text/event-stream; charset=utf-8",
        "Date": "Sat, 03 May 2025 03:55:48 GMT",
        "openai-organization": "20ba836fffc34ede8203166d666c74ef",
        "openai-processing-ms": "210",
        "openai-version": "2020-10-01",
        "Request-Context": "appId=cid-v1:2d2e8e63-272e-4b3c-8598-4ee570a0e70d",
        "Strict-Transport-Security": "max-age=31536000; includeSubDomains; preload",
        "Transfer-Encoding": "chunked",
        "X-Content-Type-Options": "nosniff",
        "x-ms-middleware-request-id": "00b53da3-62a3-4cba-95a7-8f2418076b6e",
        "x-ms-region": "West US",
        "x-ms-response-type": "standard",
        "X-Request-ID": "8612d571650eb5cc5f4527f6924472ab",
        "x-request-time": "0.489"
      },
      "ResponseBody": [
        "event: thread.run.created\n",
        "data: {\"id\":\"run_TQSKJ7lcDxMv3UEhr9QmTpoE\",\"object\":\"thread.run\",\"created_at\":1746244547,\"assistant_id\":\"asst_cS1EqcD46lUeR8znYvuRjawb\",\"thread_id\":\"thread_va195urhGBewvbbAJPx9uznI\",\"status\":\"queued\",\"started_at\":null,\"expires_at\":1746245147,\"cancelled_at\":null,\"failed_at\":null,\"completed_at\":null,\"required_action\":null,\"last_error\":null,\"model\":\"gpt-4o\",\"instructions\":\"You are helpful agent\",\"tools\":[{\"type\":\"function\",\"function\":{\"name\":\"fetch_weather\",\"description\":\"Fetches the weather information for the specified location.\",\"parameters\":{\"type\":\"object\",\"properties\":{\"location\":{\"type\":\"string\",\"description\":\"The location to fetch weather for.\"}},\"required\":[\"location\"]},\"strict\":false}}],\"tool_resources\":{\"code_interpreter\":{\"file_ids\":[]}},\"metadata\":{},\"temperature\":1.0,\"top_p\":1.0,\"max_completion_tokens\":null,\"max_prompt_tokens\":null,\"truncation_strategy\":{\"type\":\"auto\",\"last_messages\":null},\"incomplete_details\":null,\"usage\":null,\"response_format\":\"auto\",\"tool_choice\":\"auto\",\"parallel_tool_calls\":true}\n\n",
        "event: thread.run.queued\n",
        "data: {\"id\":\"run_TQSKJ7lcDxMv3UEhr9QmTpoE\",\"object\":\"thread.run\",\"created_at\":1746244547,\"assistant_id\":\"asst_cS1EqcD46lUeR8znYvuRjawb\",\"thread_id\":\"thread_va195urhGBewvbbAJPx9uznI\",\"status\":\"queued\",\"started_at\":null,\"expires_at\":1746245147,\"cancelled_at\":null,\"failed_at\":null,\"completed_at\":null,\"required_action\":null,\"last_error\":null,\"model\":\"gpt-4o\",\"instructions\":\"You are helpful agent\",\"tools\":[{\"type\":\"function\",\"function\":{\"name\":\"fetch_weather\",\"description\":\"Fetches the weather information for the specified location.\",\"parameters\":{\"type\":\"object\",\"properties\":{\"location\":{\"type\":\"string\",\"description\":\"The location to fetch weather for.\"}},\"required\":[\"location\"]},\"strict\":false}}],\"tool_resources\":{\"code_interpreter\":{\"file_ids\":[]}},\"metadata\":{},\"temperature\":1.0,\"top_p\":1.0,\"max_completion_tokens\":null,\"max_prompt_tokens\":null,\"truncation_strategy\":{\"type\":\"auto\",\"last_messages\":null},\"incomplete_details\":null,\"usage\":null,\"response_format\":\"auto\",\"tool_choice\":\"auto\",\"parallel_tool_calls\":true}\n\n",
        "event: thread.run.in_progress\n",
        "data: {\"id\":\"run_TQSKJ7lcDxMv3UEhr9QmTpoE\",\"object\":\"thread.run\",\"created_at\":1746244547,\"assistant_id\":\"asst_cS1EqcD46lUeR8znYvuRjawb\",\"thread_id\":\"thread_va195urhGBewvbbAJPx9uznI\",\"status\":\"in_progress\",\"started_at\":1746244548,\"expires_at\":1746245147,\"cancelled_at\":null,\"failed_at\":null,\"completed_at\":null,\"required_action\":null,\"last_error\":null,\"model\":\"gpt-4o\",\"instructions\":\"You are helpful agent\",\"tools\":[{\"type\":\"function\",\"function\":{\"name\":\"fetch_weather\",\"description\":\"Fetches the weather information for the specified location.\",\"parameters\":{\"type\":\"object\",\"properties\":{\"location\":{\"type\":\"string\",\"description\":\"The location to fetch weather for.\"}},\"required\":[\"location\"]},\"strict\":false}}],\"tool_resources\":{\"code_interpreter\":{\"file_ids\":[]}},\"metadata\":{},\"temperature\":1.0,\"top_p\":1.0,\"max_completion_tokens\":null,\"max_prompt_tokens\":null,\"truncation_strategy\":{\"type\":\"auto\",\"last_messages\":null},\"incomplete_details\":null,\"usage\":null,\"response_format\":\"auto\",\"tool_choice\":\"auto\",\"parallel_tool_calls\":true}\n\n",
        "event: thread.run.step.created\n",
        "data: {\"id\":\"step_gi95QT7EqDvd3CAZhNkcU0vs\",\"object\":\"thread.run.step\",\"created_at\":1746244549,\"run_id\":\"run_TQSKJ7lcDxMv3UEhr9QmTpoE\",\"assistant_id\":\"asst_cS1EqcD46lUeR8znYvuRjawb\",\"thread_id\":\"thread_va195urhGBewvbbAJPx9uznI\",\"type\":\"tool_calls\",\"status\":\"in_progress\",\"cancelled_at\":null,\"completed_at\":null,\"expires_at\":1746245147,\"failed_at\":null,\"last_error\":null,\"step_details\":{\"type\":\"tool_calls\",\"tool_calls\":[]},\"usage\":null}\n\n",
        "event: thread.run.step.in_progress\n",
        "data: {\"id\":\"step_gi95QT7EqDvd3CAZhNkcU0vs\",\"object\":\"thread.run.step\",\"created_at\":1746244549,\"run_id\":\"run_TQSKJ7lcDxMv3UEhr9QmTpoE\",\"assistant_id\":\"asst_cS1EqcD46lUeR8znYvuRjawb\",\"thread_id\":\"thread_va195urhGBewvbbAJPx9uznI\",\"type\":\"tool_calls\",\"status\":\"in_progress\",\"cancelled_at\":null,\"completed_at\":null,\"expires_at\":1746245147,\"failed_at\":null,\"last_error\":null,\"step_details\":{\"type\":\"tool_calls\",\"tool_calls\":[]},\"usage\":null}\n\n",
        "event: thread.run.step.delta\n",
        "data: {\"id\":\"step_gi95QT7EqDvd3CAZhNkcU0vs\",\"object\":\"thread.run.step.delta\",\"delta\":{\"step_details\":{\"type\":\"tool_calls\",\"tool_calls\":[{\"index\":0,\"id\":\"call_o7KOWZwu91tsguDRHIEArgFG\",\"type\":\"function\",\"function\":{\"name\":\"fetch_weather\",\"arguments\":\"\",\"output\":null}}]}}}\n\n",
        "event: thread.run.step.delta\n",
        "data: {\"id\":\"step_gi95QT7EqDvd3CAZhNkcU0vs\",\"object\":\"thread.run.step.delta\",\"delta\":{\"step_details\":{\"type\":\"tool_calls\",\"tool_calls\":[{\"index\":0,\"type\":\"function\",\"function\":{\"arguments\":\"{\\\"\"}}]}}}\n\n",
        "event: thread.run.step.delta\n",
        "data: {\"id\":\"step_gi95QT7EqDvd3CAZhNkcU0vs\",\"object\":\"thread.run.step.delta\",\"delta\":{\"step_details\":{\"type\":\"tool_calls\",\"tool_calls\":[{\"index\":0,\"type\":\"function\",\"function\":{\"arguments\":\"location\"}}]}}}\n\n",
        "event: thread.run.step.delta\n",
        "data: {\"id\":\"step_gi95QT7EqDvd3CAZhNkcU0vs\",\"object\":\"thread.run.step.delta\",\"delta\":{\"step_details\":{\"type\":\"tool_calls\",\"tool_calls\":[{\"index\":0,\"type\":\"function\",\"function\":{\"arguments\":\"\\\":\\\"\"}}]}}}\n\n",
        "event: thread.run.step.delta\n",
        "data: {\"id\":\"step_gi95QT7EqDvd3CAZhNkcU0vs\",\"object\":\"thread.run.step.delta\",\"delta\":{\"step_details\":{\"type\":\"tool_calls\",\"tool_calls\":[{\"index\":0,\"type\":\"function\",\"function\":{\"arguments\":\"New\"}}]}}}\n\n",
        "event: thread.run.step.delta\n",
        "data: {\"id\":\"step_gi95QT7EqDvd3CAZhNkcU0vs\",\"object\":\"thread.run.step.delta\",\"delta\":{\"step_details\":{\"type\":\"tool_calls\",\"tool_calls\":[{\"index\":0,\"type\":\"function\",\"function\":{\"arguments\":\" York\"}}]}}}\n\n",
        "event: thread.run.step.delta\n",
        "data: {\"id\":\"step_gi95QT7EqDvd3CAZhNkcU0vs\",\"object\":\"thread.run.step.delta\",\"delta\":{\"step_details\":{\"type\":\"tool_calls\",\"tool_calls\":[{\"index\":0,\"type\":\"function\",\"function\":{\"arguments\":\"\\\"}\"}}]}}}\n\n",
        "event: thread.run.requires_action\n",
        "data: {\"id\":\"run_TQSKJ7lcDxMv3UEhr9QmTpoE\",\"object\":\"thread.run\",\"created_at\":1746244547,\"assistant_id\":\"asst_cS1EqcD46lUeR8znYvuRjawb\",\"thread_id\":\"thread_va195urhGBewvbbAJPx9uznI\",\"status\":\"requires_action\",\"started_at\":1746244548,\"expires_at\":1746280547,\"cancelled_at\":null,\"failed_at\":null,\"completed_at\":null,\"required_action\":{\"type\":\"submit_tool_outputs\",\"submit_tool_outputs\":{\"tool_calls\":[{\"id\":\"call_o7KOWZwu91tsguDRHIEArgFG\",\"type\":\"function\",\"function\":{\"name\":\"fetch_weather\",\"arguments\":\"{\\\"location\\\":\\\"New York\\\"}\"}}]}},\"last_error\":null,\"model\":\"gpt-4o\",\"instructions\":\"You are helpful agent\",\"tools\":[{\"type\":\"function\",\"function\":{\"name\":\"fetch_weather\",\"description\":\"Fetches the weather information for the specified location.\",\"parameters\":{\"type\":\"object\",\"properties\":{\"location\":{\"type\":\"string\",\"description\":\"The location to fetch weather for.\"}},\"required\":[\"location\"]},\"strict\":false}}],\"tool_resources\":{\"code_interpreter\":{\"file_ids\":[]}},\"metadata\":{},\"temperature\":1.0,\"top_p\":1.0,\"max_completion_tokens\":null,\"max_prompt_tokens\":null,\"truncation_strategy\":{\"type\":\"auto\",\"last_messages\":null},\"incomplete_details\":null,\"usage\":null,\"response_format\":\"auto\",\"tool_choice\":\"auto\",\"parallel_tool_calls\":true}\n\n",
        "event: done\n",
        "data: [DONE]\n\n"
      ]
    },
    {
      "RequestUri": "https://Sanitized.api.azureml.ms/agents/v1.0/subscriptions/00000000-0000-0000-0000-000000000000/resourceGroups/00000/providers/Microsoft.MachineLearningServices/workspaces/00000/threads/thread_va195urhGBewvbbAJPx9uznI/runs/Sanitized/submit_tool_outputs?api-version=v1",
      "RequestMethod": "POST",
      "RequestHeaders": {
        "Accept": "application/json",
        "Accept-Encoding": "gzip, deflate",
        "Connection": "keep-alive",
        "Content-Length": "123",
        "Content-Type": "application/json",
        "traceparent": "00-8c1ab182e313eaa03d584f57b408e479-2252770f9b14322e-01",
        "User-Agent": "azsdk-python-ai-agents/1.0.0b1 Python/3.11.5 (Windows-10-10.0.26100-SP0)"
      },
      "RequestBody": {
        "stream": true,
        "tool_outputs": [
          {
            "tool_call_id": "call_o7KOWZwu91tsguDRHIEArgFG",
            "output": "{\"weather\": \"Sunny\"}"
          }
        ]
      },
      "StatusCode": 200,
      "ResponseHeaders": {
        "apim-request-id": "48708b82-4b7f-4ff2-8ad1-8cfb88c7ebdc",
        "azureml-served-by-cluster": "vienna-westus-01",
        "Connection": "keep-alive",
        "Content-Type": "text/event-stream; charset=utf-8",
        "Date": "Sat, 03 May 2025 03:55:49 GMT",
        "openai-organization": "20ba836fffc34ede8203166d666c74ef",
        "openai-processing-ms": "105",
        "openai-version": "2020-10-01",
        "Request-Context": "appId=cid-v1:2d2e8e63-272e-4b3c-8598-4ee570a0e70d",
        "Strict-Transport-Security": "max-age=31536000; includeSubDomains; preload",
        "Transfer-Encoding": "chunked",
        "X-Content-Type-Options": "nosniff",
        "x-ms-middleware-request-id": "eb659cd0-57ff-4e13-9362-039a20308e48",
        "x-ms-region": "West US",
        "x-ms-response-type": "standard",
        "X-Request-ID": "2379c0146add589e1e62b6440423df0c",
        "x-request-time": "0.404"
      },
      "ResponseBody": [
        "event: thread.run.step.completed\n",
        "data: {\"id\":\"step_gi95QT7EqDvd3CAZhNkcU0vs\",\"object\":\"thread.run.step\",\"created_at\":1746244549,\"run_id\":\"run_TQSKJ7lcDxMv3UEhr9QmTpoE\",\"assistant_id\":\"asst_cS1EqcD46lUeR8znYvuRjawb\",\"thread_id\":\"thread_va195urhGBewvbbAJPx9uznI\",\"type\":\"tool_calls\",\"status\":\"completed\",\"cancelled_at\":null,\"completed_at\":1746244549,\"expires_at\":1746280547,\"failed_at\":null,\"last_error\":null,\"step_details\":{\"type\":\"tool_calls\",\"tool_calls\":[{\"id\":\"call_o7KOWZwu91tsguDRHIEArgFG\",\"type\":\"function\",\"function\":{\"name\":\"fetch_weather\",\"arguments\":\"{\\\"location\\\":\\\"New York\\\"}\",\"output\":\"{\\\"weather\\\": \\\"Sunny\\\"}\"}}]},\"usage\":{\"prompt_tokens\":306,\"completion_tokens\":16,\"total_tokens\":322,\"prompt_token_details\":{\"cached_tokens\":0}}}\n\n",
        "event: thread.run.queued\n",
        "data: {\"id\":\"run_TQSKJ7lcDxMv3UEhr9QmTpoE\",\"object\":\"thread.run\",\"created_at\":1746244547,\"assistant_id\":\"asst_cS1EqcD46lUeR8znYvuRjawb\",\"thread_id\":\"thread_va195urhGBewvbbAJPx9uznI\",\"status\":\"queued\",\"started_at\":1746244548,\"expires_at\":1746280547,\"cancelled_at\":null,\"failed_at\":null,\"completed_at\":null,\"required_action\":null,\"last_error\":null,\"model\":\"gpt-4o\",\"instructions\":\"You are helpful agent\",\"tools\":[{\"type\":\"function\",\"function\":{\"name\":\"fetch_weather\",\"description\":\"Fetches the weather information for the specified location.\",\"parameters\":{\"type\":\"object\",\"properties\":{\"location\":{\"type\":\"string\",\"description\":\"The location to fetch weather for.\"}},\"required\":[\"location\"]},\"strict\":false}}],\"tool_resources\":{\"code_interpreter\":{\"file_ids\":[]}},\"metadata\":{},\"temperature\":1.0,\"top_p\":1.0,\"max_completion_tokens\":null,\"max_prompt_tokens\":null,\"truncation_strategy\":{\"type\":\"auto\",\"last_messages\":null},\"incomplete_details\":null,\"usage\":null,\"response_format\":\"auto\",\"tool_choice\":\"auto\",\"parallel_tool_calls\":true}\n\n",
        "event: thread.run.in_progress\n",
        "data: {\"id\":\"run_TQSKJ7lcDxMv3UEhr9QmTpoE\",\"object\":\"thread.run\",\"created_at\":1746244547,\"assistant_id\":\"asst_cS1EqcD46lUeR8znYvuRjawb\",\"thread_id\":\"thread_va195urhGBewvbbAJPx9uznI\",\"status\":\"in_progress\",\"started_at\":1746244550,\"expires_at\":1746280547,\"cancelled_at\":null,\"failed_at\":null,\"completed_at\":null,\"required_action\":null,\"last_error\":null,\"model\":\"gpt-4o\",\"instructions\":\"You are helpful agent\",\"tools\":[{\"type\":\"function\",\"function\":{\"name\":\"fetch_weather\",\"description\":\"Fetches the weather information for the specified location.\",\"parameters\":{\"type\":\"object\",\"properties\":{\"location\":{\"type\":\"string\",\"description\":\"The location to fetch weather for.\"}},\"required\":[\"location\"]},\"strict\":false}}],\"tool_resources\":{\"code_interpreter\":{\"file_ids\":[]}},\"metadata\":{},\"temperature\":1.0,\"top_p\":1.0,\"max_completion_tokens\":null,\"max_prompt_tokens\":null,\"truncation_strategy\":{\"type\":\"auto\",\"last_messages\":null},\"incomplete_details\":null,\"usage\":null,\"response_format\":\"auto\",\"tool_choice\":\"auto\",\"parallel_tool_calls\":true}\n\n",
        "event: thread.run.step.created\n",
        "data: {\"id\":\"step_m6iJiO4HAeaxHJw8o4kUlROZ\",\"object\":\"thread.run.step\",\"created_at\":1746244550,\"run_id\":\"run_TQSKJ7lcDxMv3UEhr9QmTpoE\",\"assistant_id\":\"asst_cS1EqcD46lUeR8znYvuRjawb\",\"thread_id\":\"thread_va195urhGBewvbbAJPx9uznI\",\"type\":\"message_creation\",\"status\":\"in_progress\",\"cancelled_at\":null,\"completed_at\":null,\"expires_at\":1746280547,\"failed_at\":null,\"last_error\":null,\"step_details\":{\"type\":\"message_creation\",\"message_creation\":{\"message_id\":\"msg_3fqA7sEF5G2ncLLCDQJxNWhk\"}},\"usage\":null}\n\n",
        "event: thread.run.step.in_progress\n",
        "data: {\"id\":\"step_m6iJiO4HAeaxHJw8o4kUlROZ\",\"object\":\"thread.run.step\",\"created_at\":1746244550,\"run_id\":\"run_TQSKJ7lcDxMv3UEhr9QmTpoE\",\"assistant_id\":\"asst_cS1EqcD46lUeR8znYvuRjawb\",\"thread_id\":\"thread_va195urhGBewvbbAJPx9uznI\",\"type\":\"message_creation\",\"status\":\"in_progress\",\"cancelled_at\":null,\"completed_at\":null,\"expires_at\":1746280547,\"failed_at\":null,\"last_error\":null,\"step_details\":{\"type\":\"message_creation\",\"message_creation\":{\"message_id\":\"msg_3fqA7sEF5G2ncLLCDQJxNWhk\"}},\"usage\":null}\n\n",
        "event: thread.message.created\n",
        "data: {\"id\":\"msg_3fqA7sEF5G2ncLLCDQJxNWhk\",\"object\":\"thread.message\",\"created_at\":1746244550,\"assistant_id\":\"asst_cS1EqcD46lUeR8znYvuRjawb\",\"thread_id\":\"thread_va195urhGBewvbbAJPx9uznI\",\"run_id\":\"run_TQSKJ7lcDxMv3UEhr9QmTpoE\",\"status\":\"in_progress\",\"incomplete_details\":null,\"incomplete_at\":null,\"completed_at\":null,\"role\":\"assistant\",\"content\":[],\"attachments\":[],\"metadata\":{}}\n\n",
        "event: thread.message.in_progress\n",
        "data: {\"id\":\"msg_3fqA7sEF5G2ncLLCDQJxNWhk\",\"object\":\"thread.message\",\"created_at\":1746244550,\"assistant_id\":\"asst_cS1EqcD46lUeR8znYvuRjawb\",\"thread_id\":\"thread_va195urhGBewvbbAJPx9uznI\",\"run_id\":\"run_TQSKJ7lcDxMv3UEhr9QmTpoE\",\"status\":\"in_progress\",\"incomplete_details\":null,\"incomplete_at\":null,\"completed_at\":null,\"role\":\"assistant\",\"content\":[],\"attachments\":[],\"metadata\":{}}\n\n",
        "event: thread.message.delta\n",
        "data: {\"id\":\"msg_3fqA7sEF5G2ncLLCDQJxNWhk\",\"object\":\"thread.message.delta\",\"delta\":{\"content\":[{\"index\":0,\"type\":\"text\",\"text\":{\"value\":\"The\",\"annotations\":[]}}]}}\n\n",
        "event: thread.message.delta\n",
        "data: {\"id\":\"msg_3fqA7sEF5G2ncLLCDQJxNWhk\",\"object\":\"thread.message.delta\",\"delta\":{\"content\":[{\"index\":0,\"type\":\"text\",\"text\":{\"value\":\" weather\"}}]}}\n\n",
        "event: thread.message.delta\n",
        "data: {\"id\":\"msg_3fqA7sEF5G2ncLLCDQJxNWhk\",\"object\":\"thread.message.delta\",\"delta\":{\"content\":[{\"index\":0,\"type\":\"text\",\"text\":{\"value\":\" in\"}}]}}\n\n",
        "event: thread.message.delta\n",
        "data: {\"id\":\"msg_3fqA7sEF5G2ncLLCDQJxNWhk\",\"object\":\"thread.message.delta\",\"delta\":{\"content\":[{\"index\":0,\"type\":\"text\",\"text\":{\"value\":\" New\"}}]}}\n\n",
        "event: thread.message.delta\n",
        "data: {\"id\":\"msg_3fqA7sEF5G2ncLLCDQJxNWhk\",\"object\":\"thread.message.delta\",\"delta\":{\"content\":[{\"index\":0,\"type\":\"text\",\"text\":{\"value\":\" York\"}}]}}\n\n",
        "event: thread.message.delta\n",
        "data: {\"id\":\"msg_3fqA7sEF5G2ncLLCDQJxNWhk\",\"object\":\"thread.message.delta\",\"delta\":{\"content\":[{\"index\":0,\"type\":\"text\",\"text\":{\"value\":\" is\"}}]}}\n\n",
        "event: thread.message.delta\n",
        "data: {\"id\":\"msg_3fqA7sEF5G2ncLLCDQJxNWhk\",\"object\":\"thread.message.delta\",\"delta\":{\"content\":[{\"index\":0,\"type\":\"text\",\"text\":{\"value\":\" sunny\"}}]}}\n\n",
        "event: thread.message.delta\n",
        "data: {\"id\":\"msg_3fqA7sEF5G2ncLLCDQJxNWhk\",\"object\":\"thread.message.delta\",\"delta\":{\"content\":[{\"index\":0,\"type\":\"text\",\"text\":{\"value\":\".\"}}]}}\n\n",
        "event: thread.message.completed\n",
        "data: {\"id\":\"msg_3fqA7sEF5G2ncLLCDQJxNWhk\",\"object\":\"thread.message\",\"created_at\":1746244550,\"assistant_id\":\"asst_cS1EqcD46lUeR8znYvuRjawb\",\"thread_id\":\"thread_va195urhGBewvbbAJPx9uznI\",\"run_id\":\"run_TQSKJ7lcDxMv3UEhr9QmTpoE\",\"status\":\"completed\",\"incomplete_details\":null,\"incomplete_at\":null,\"completed_at\":1746244551,\"role\":\"assistant\",\"content\":[{\"type\":\"text\",\"text\":{\"value\":\"The weather in New York is sunny.\",\"annotations\":[]}}],\"attachments\":[],\"metadata\":{}}\n\n",
        "event: thread.run.step.completed\n",
        "data: {\"id\":\"step_m6iJiO4HAeaxHJw8o4kUlROZ\",\"object\":\"thread.run.step\",\"created_at\":1746244550,\"run_id\":\"run_TQSKJ7lcDxMv3UEhr9QmTpoE\",\"assistant_id\":\"asst_cS1EqcD46lUeR8znYvuRjawb\",\"thread_id\":\"thread_va195urhGBewvbbAJPx9uznI\",\"type\":\"message_creation\",\"status\":\"completed\",\"cancelled_at\":null,\"completed_at\":1746244551,\"expires_at\":1746280547,\"failed_at\":null,\"last_error\":null,\"step_details\":{\"type\":\"message_creation\",\"message_creation\":{\"message_id\":\"msg_3fqA7sEF5G2ncLLCDQJxNWhk\"}},\"usage\":{\"prompt_tokens\":336,\"completion_tokens\":10,\"total_tokens\":346,\"prompt_token_details\":{\"cached_tokens\":0}}}\n\n",
        "event: thread.run.completed\n",
        "data: {\"id\":\"run_TQSKJ7lcDxMv3UEhr9QmTpoE\",\"object\":\"thread.run\",\"created_at\":1746244547,\"assistant_id\":\"asst_cS1EqcD46lUeR8znYvuRjawb\",\"thread_id\":\"thread_va195urhGBewvbbAJPx9uznI\",\"status\":\"completed\",\"started_at\":1746244550,\"expires_at\":null,\"cancelled_at\":null,\"failed_at\":null,\"completed_at\":1746244551,\"required_action\":null,\"last_error\":null,\"model\":\"gpt-4o\",\"instructions\":\"You are helpful agent\",\"tools\":[{\"type\":\"function\",\"function\":{\"name\":\"fetch_weather\",\"description\":\"Fetches the weather information for the specified location.\",\"parameters\":{\"type\":\"object\",\"properties\":{\"location\":{\"type\":\"string\",\"description\":\"The location to fetch weather for.\"}},\"required\":[\"location\"]},\"strict\":false}}],\"tool_resources\":{\"code_interpreter\":{\"file_ids\":[]}},\"metadata\":{},\"temperature\":1.0,\"top_p\":1.0,\"max_completion_tokens\":null,\"max_prompt_tokens\":null,\"truncation_strategy\":{\"type\":\"auto\",\"last_messages\":null},\"incomplete_details\":null,\"usage\":{\"prompt_tokens\":642,\"completion_tokens\":26,\"total_tokens\":668,\"prompt_token_details\":{\"cached_tokens\":0}},\"response_format\":\"auto\",\"tool_choice\":\"auto\",\"parallel_tool_calls\":true}\n\n",
        "event: done\n",
        "data: [DONE]\n\n"
      ]
    },
    {
      "RequestUri": "https://Sanitized.api.azureml.ms/agents/v1.0/subscriptions/00000000-0000-0000-0000-000000000000/resourceGroups/00000/providers/Microsoft.MachineLearningServices/workspaces/00000/assistants/asst_cS1EqcD46lUeR8znYvuRjawb?api-version=v1",
      "RequestMethod": "DELETE",
      "RequestHeaders": {
        "Accept": "application/json",
        "Accept-Encoding": "gzip, deflate",
        "Connection": "keep-alive",
        "Content-Length": "0",
        "traceparent": "00-b6523328a757b419b1e997599b599907-30d05ada4991a3f9-01",
        "User-Agent": "azsdk-python-ai-agents/1.0.0b1 Python/3.11.5 (Windows-10-10.0.26100-SP0)"
      },
      "RequestBody": null,
      "StatusCode": 200,
      "ResponseHeaders": {
        "apim-request-id": "e82350d1-5a3b-401b-b589-0763e705061e",
        "azureml-served-by-cluster": "vienna-westus-01",
        "Connection": "keep-alive",
        "Content-Length": "95",
        "Content-Type": "application/json",
        "Date": "Sat, 03 May 2025 03:55:51 GMT",
        "openai-organization": "20ba836fffc34ede8203166d666c74ef",
        "openai-processing-ms": "34",
        "openai-version": "2020-10-01",
        "Request-Context": "appId=cid-v1:2d2e8e63-272e-4b3c-8598-4ee570a0e70d",
        "Strict-Transport-Security": "max-age=31536000; includeSubDomains; preload",
        "X-Content-Type-Options": "nosniff",
        "x-ms-middleware-request-id": "db3395ee-47ee-4857-baae-9c763c149a04",
        "x-ms-region": "West US",
        "x-ms-response-type": "standard",
        "X-Request-ID": "e8d34874538b199dadc9d141f8aaf972",
        "x-request-time": "0.267"
      },
      "ResponseBody": {
        "id": "asst_cS1EqcD46lUeR8znYvuRjawb",
        "object": "assistant.deleted",
        "deleted": true
      }
    },
    {
      "RequestUri": "https://Sanitized.api.azureml.ms/agents/v1.0/subscriptions/00000000-0000-0000-0000-000000000000/resourceGroups/00000/providers/Microsoft.MachineLearningServices/workspaces/00000/threads/thread_va195urhGBewvbbAJPx9uznI/messages?api-version=v1",
      "RequestMethod": "GET",
      "RequestHeaders": {
        "Accept": "application/json",
        "Accept-Encoding": "gzip, deflate",
        "Connection": "keep-alive",
        "traceparent": "00-ce20f8e7af0d07d8851d14ca496ebb2c-a377b61ee0f3f547-01",
        "User-Agent": "azsdk-python-ai-agents/1.0.0b1 Python/3.11.5 (Windows-10-10.0.26100-SP0)"
      },
      "RequestBody": null,
      "StatusCode": 200,
      "ResponseHeaders": {
        "apim-request-id": "8bc88549-5cc9-4aff-99db-f4dc8081cae4",
        "azureml-served-by-cluster": "vienna-westus-01",
        "Connection": "keep-alive",
        "Content-Encoding": "gzip",
        "Content-Type": "application/json",
        "Date": "Sat, 03 May 2025 03:55:51 GMT",
        "openai-organization": "20ba836fffc34ede8203166d666c74ef",
        "openai-processing-ms": "41",
        "openai-version": "2020-10-01",
        "Request-Context": "appId=cid-v1:2d2e8e63-272e-4b3c-8598-4ee570a0e70d",
        "Strict-Transport-Security": "max-age=31536000; includeSubDomains; preload",
        "Transfer-Encoding": "chunked",
        "Vary": "Accept-Encoding",
        "X-Content-Type-Options": "nosniff",
        "x-ms-middleware-request-id": "4289a9de-0aa7-4533-a81c-f781b7dd2f7d",
        "x-ms-region": "West US",
        "x-ms-response-type": "standard",
        "X-Request-ID": "8b896ee190ab468425c8d08a170ea3c2",
        "x-request-time": "0.302"
      },
      "ResponseBody": {
        "object": "list",
        "data": [
          {
            "id": "msg_3fqA7sEF5G2ncLLCDQJxNWhk",
            "object": "thread.message",
            "created_at": 1746244550,
            "assistant_id": "asst_cS1EqcD46lUeR8znYvuRjawb",
            "thread_id": "thread_va195urhGBewvbbAJPx9uznI",
            "run_id": "run_TQSKJ7lcDxMv3UEhr9QmTpoE",
            "role": "assistant",
            "content": [
              {
                "type": "text",
                "text": {
                  "value": "The weather in New York is sunny.",
                  "annotations": []
                }
              }
            ],
            "attachments": [],
            "metadata": {}
          },
          {
            "id": "msg_gIZ94k97qHta9ljkE4eIILGp",
            "object": "thread.message",
            "created_at": 1746244547,
            "assistant_id": null,
            "thread_id": "thread_va195urhGBewvbbAJPx9uznI",
            "run_id": null,
            "role": "user",
            "content": [
              {
                "type": "text",
                "text": {
                  "value": "What is the weather in New York?",
                  "annotations": []
                }
              }
            ],
            "attachments": [],
            "metadata": {}
          }
        ],
        "first_id": "msg_3fqA7sEF5G2ncLLCDQJxNWhk",
        "last_id": "msg_gIZ94k97qHta9ljkE4eIILGp",
        "has_more": false
      }
    },
    {
      "RequestUri": "https://Sanitized.api.azureml.ms/agents/v1.0/subscriptions/00000000-0000-0000-0000-000000000000/resourceGroups/00000/providers/Microsoft.MachineLearningServices/workspaces/00000/threads/thread_va195urhGBewvbbAJPx9uznI/messages?api-version=v1&after=msg_gIZ94k97qHta9ljkE4eIILGp",
      "RequestMethod": "GET",
      "RequestHeaders": {
        "Accept": "application/json",
        "Accept-Encoding": "gzip, deflate",
        "Connection": "keep-alive",
        "traceparent": "00-ce20f8e7af0d07d8851d14ca496ebb2c-a377b61ee0f3f547-01",
        "User-Agent": "azsdk-python-ai-agents/1.0.0b1 Python/3.11.5 (Windows-10-10.0.26100-SP0)"
      },
      "RequestBody": null,
      "StatusCode": 200,
      "ResponseHeaders": {
        "apim-request-id": "53bfbc64-0a31-49bb-9d5d-34b6aaddc910",
        "azureml-served-by-cluster": "vienna-westus-01",
        "Connection": "keep-alive",
        "Content-Length": "96",
        "Content-Type": "application/json",
        "Date": "Sat, 03 May 2025 03:55:52 GMT",
        "openai-organization": "20ba836fffc34ede8203166d666c74ef",
        "openai-processing-ms": "74",
        "openai-version": "2020-10-01",
        "Request-Context": "appId=cid-v1:2d2e8e63-272e-4b3c-8598-4ee570a0e70d",
        "Strict-Transport-Security": "max-age=31536000; includeSubDomains; preload",
        "X-Content-Type-Options": "nosniff",
        "x-ms-middleware-request-id": "4522e1ae-dd4d-4e9e-9a87-879170ee75f3",
        "x-ms-region": "West US",
        "x-ms-response-type": "standard",
        "X-Request-ID": "a524875371aa246de7906be7385c0f6d",
        "x-request-time": "0.327"
      },
      "ResponseBody": {
        "object": "list",
        "data": [],
        "first_id": null,
        "last_id": null,
        "has_more": false
      }
    }
  ],
  "Variables": {}
}
