{
  "Entries": [
    {
      "RequestUri": "https://Sanitized.api.azureml.ms/agents/v1.0/subscriptions/00000000-0000-0000-0000-000000000000/resourceGroups/00000/providers/Microsoft.MachineLearningServices/workspaces/00000/assistants?api-version=v1",
      "RequestMethod": "POST",
      "RequestHeaders": {
        "Accept": "application/json",
        "Accept-Encoding": "gzip, deflate",
        "Connection": "keep-alive",
        "Content-Length": "80",
        "Content-Type": "application/json",
        "User-Agent": "azsdk-python-ai-agents/1.0.0b1 Python/3.11.5 (Windows-10-10.0.26100-SP0)"
      },
      "RequestBody": {
        "instructions": "You are helpful agent",
        "model": "gpt-4o",
        "name": "my-agent"
      },
      "StatusCode": 200,
      "ResponseHeaders": {
        "apim-request-id": "eb9c522e-c75d-47a7-8722-3bbddbdf35b6",
        "azureml-served-by-cluster": "vienna-westus-01",
        "Connection": "keep-alive",
        "Content-Encoding": "gzip",
        "Content-Type": "application/json",
        "Date": "Sat, 03 May 2025 03:28:33 GMT",
        "openai-organization": "20ba836fffc34ede8203166d666c74ef",
        "openai-processing-ms": "18",
        "openai-version": "2020-10-01",
        "Request-Context": "appId=cid-v1:2d2e8e63-272e-4b3c-8598-4ee570a0e70d",
        "Strict-Transport-Security": "max-age=31536000; includeSubDomains; preload",
        "Transfer-Encoding": "chunked",
        "Vary": "Accept-Encoding",
        "X-Content-Type-Options": "nosniff",
        "x-ms-middleware-request-id": "eb9c522e-c75d-47a7-8722-3bbddbdf35b6",
        "x-ms-region": "West US",
        "x-ms-response-type": "standard",
        "X-Request-ID": "63ffa515f302fe9e0cb33af59ce54d04",
        "x-request-time": "0.239"
      },
      "ResponseBody": {
        "id": "asst_44vmdeH9cvmDnGqxEME0hrUu",
        "object": "assistant",
        "created_at": 1746242913,
        "name": "my-agent",
        "description": null,
        "model": "gpt-4o",
        "instructions": "You are helpful agent",
        "tools": [],
        "top_p": 1.0,
        "temperature": 1.0,
        "tool_resources": {},
        "metadata": {},
        "response_format": "auto"
      }
    },
    {
      "RequestUri": "https://Sanitized.api.azureml.ms/agents/v1.0/subscriptions/00000000-0000-0000-0000-000000000000/resourceGroups/00000/providers/Microsoft.MachineLearningServices/workspaces/00000/threads?api-version=v1",
      "RequestMethod": "POST",
      "RequestHeaders": {
        "Accept": "application/json",
        "Accept-Encoding": "gzip, deflate",
        "Connection": "keep-alive",
        "Content-Length": "2",
        "Content-Type": "application/json",
        "User-Agent": "azsdk-python-ai-agents/1.0.0b1 Python/3.11.5 (Windows-10-10.0.26100-SP0)"
      },
      "RequestBody": {},
      "StatusCode": 200,
      "ResponseHeaders": {
        "apim-request-id": "f8531a9c-bde2-4594-8915-40564ff026a3",
        "azureml-served-by-cluster": "vienna-westus-01",
        "Connection": "keep-alive",
        "Content-Length": "137",
        "Content-Type": "application/json",
        "Date": "Sat, 03 May 2025 03:28:33 GMT",
        "openai-organization": "20ba836fffc34ede8203166d666c74ef",
        "openai-processing-ms": "24",
        "openai-version": "2020-10-01",
        "Request-Context": "appId=cid-v1:2d2e8e63-272e-4b3c-8598-4ee570a0e70d",
        "Strict-Transport-Security": "max-age=31536000; includeSubDomains; preload",
        "X-Content-Type-Options": "nosniff",
        "x-ms-middleware-request-id": "2ff97e8e-2891-4ca1-bd16-e2ab6178fbe5",
        "x-ms-region": "West US",
        "x-ms-response-type": "standard",
        "X-Request-ID": "63d119e8aca03e895f55bc4f0d856af4",
        "x-request-time": "0.261"
      },
      "ResponseBody": {
        "id": "thread_oxNfNk1LzTdYVVPqLOjlyfLp",
        "object": "thread",
        "created_at": 1746242913,
        "metadata": {},
        "tool_resources": {}
      }
    },
    {
      "RequestUri": "https://Sanitized.api.azureml.ms/agents/v1.0/subscriptions/00000000-0000-0000-0000-000000000000/resourceGroups/00000/providers/Microsoft.MachineLearningServices/workspaces/00000/threads/thread_oxNfNk1LzTdYVVPqLOjlyfLp/messages?api-version=v1",
      "RequestMethod": "POST",
      "RequestHeaders": {
        "Accept": "application/json",
        "Accept-Encoding": "gzip, deflate",
        "Connection": "keep-alive",
        "Content-Length": "52",
        "Content-Type": "application/json",
        "User-Agent": "azsdk-python-ai-agents/1.0.0b1 Python/3.11.5 (Windows-10-10.0.26100-SP0)"
      },
      "RequestBody": {
        "content": "Hello, tell me a joke",
        "role": "user"
      },
      "StatusCode": 200,
      "ResponseHeaders": {
        "apim-request-id": "86a6ef2e-a1e6-4760-9697-59cf844a5ad3",
        "azureml-served-by-cluster": "vienna-westus-01",
        "Connection": "keep-alive",
        "Content-Encoding": "gzip",
        "Content-Type": "application/json",
        "Date": "Sat, 03 May 2025 03:28:34 GMT",
        "openai-organization": "20ba836fffc34ede8203166d666c74ef",
        "openai-processing-ms": "44",
        "openai-version": "2020-10-01",
        "Request-Context": "appId=cid-v1:2d2e8e63-272e-4b3c-8598-4ee570a0e70d",
        "Strict-Transport-Security": "max-age=31536000; includeSubDomains; preload",
        "Transfer-Encoding": "chunked",
        "Vary": "Accept-Encoding",
        "X-Content-Type-Options": "nosniff",
        "x-ms-middleware-request-id": "01f0a33a-ef43-4b2a-9d96-a8ed3cf04ae1",
        "x-ms-region": "West US",
        "x-ms-response-type": "standard",
        "X-Request-ID": "9bbf648dacd928916a7b908deccc33c5",
        "x-request-time": "0.278"
      },
      "ResponseBody": {
        "id": "msg_a6EZEdqB6u2ElJ0bunlxRGFD",
        "object": "thread.message",
        "created_at": 1746242914,
        "assistant_id": null,
        "thread_id": "thread_oxNfNk1LzTdYVVPqLOjlyfLp",
        "run_id": null,
        "role": "user",
        "content": [
          {
            "type": "text",
            "text": {
              "value": "Hello, tell me a joke",
              "annotations": []
            }
          }
        ],
        "attachments": [],
        "metadata": {}
      }
    },
    {
      "RequestUri": "https://Sanitized.api.azureml.ms/agents/v1.0/subscriptions/00000000-0000-0000-0000-000000000000/resourceGroups/00000/providers/Microsoft.MachineLearningServices/workspaces/00000/threads/thread_oxNfNk1LzTdYVVPqLOjlyfLp/messages?api-version=v1",
      "RequestMethod": "POST",
      "RequestHeaders": {
        "Accept": "application/json",
        "Accept-Encoding": "gzip, deflate",
        "Connection": "keep-alive",
        "Content-Length": "58",
        "Content-Type": "application/json",
        "User-Agent": "azsdk-python-ai-agents/1.0.0b1 Python/3.11.5 (Windows-10-10.0.26100-SP0)"
      },
      "RequestBody": {
        "content": "Hello, tell me another joke",
        "role": "user"
      },
      "StatusCode": 200,
      "ResponseHeaders": {
        "apim-request-id": "f5e5985e-6f45-4de3-b8f1-4654b293c5e0",
        "azureml-served-by-cluster": "vienna-westus-01",
        "Connection": "keep-alive",
        "Content-Encoding": "gzip",
        "Content-Type": "application/json",
        "Date": "Sat, 03 May 2025 03:28:34 GMT",
        "openai-organization": "20ba836fffc34ede8203166d666c74ef",
        "openai-processing-ms": "69",
        "openai-version": "2020-10-01",
        "Request-Context": "appId=cid-v1:2d2e8e63-272e-4b3c-8598-4ee570a0e70d",
        "Strict-Transport-Security": "max-age=31536000; includeSubDomains; preload",
        "Transfer-Encoding": "chunked",
        "Vary": "Accept-Encoding",
        "X-Content-Type-Options": "nosniff",
        "x-ms-middleware-request-id": "487bfe00-ff25-45d8-a40b-716c23880c1f",
        "x-ms-region": "West US",
        "x-ms-response-type": "standard",
        "X-Request-ID": "048339d83cfa8aa3e31c69103b42173b",
        "x-request-time": "0.265"
      },
      "ResponseBody": {
        "id": "msg_jKCweBbz0CEHhFzbhBA8QiKk",
        "object": "thread.message",
        "created_at": 1746242914,
        "assistant_id": null,
        "thread_id": "thread_oxNfNk1LzTdYVVPqLOjlyfLp",
        "run_id": null,
        "role": "user",
        "content": [
          {
            "type": "text",
            "text": {
              "value": "Hello, tell me another joke",
              "annotations": []
            }
          }
        ],
        "attachments": [],
        "metadata": {}
      }
    },
    {
      "RequestUri": "https://Sanitized.api.azureml.ms/agents/v1.0/subscriptions/00000000-0000-0000-0000-000000000000/resourceGroups/00000/providers/Microsoft.MachineLearningServices/workspaces/00000/threads/thread_oxNfNk1LzTdYVVPqLOjlyfLp/messages?api-version=v1",
      "RequestMethod": "POST",
      "RequestHeaders": {
        "Accept": "application/json",
        "Accept-Encoding": "gzip, deflate",
        "Connection": "keep-alive",
        "Content-Length": "58",
        "Content-Type": "application/json",
        "User-Agent": "azsdk-python-ai-agents/1.0.0b1 Python/3.11.5 (Windows-10-10.0.26100-SP0)"
      },
      "RequestBody": {
        "content": "Hello, tell me a third joke",
        "role": "user"
      },
      "StatusCode": 200,
      "ResponseHeaders": {
        "apim-request-id": "7693909e-2775-4b2e-8c88-079155720c61",
        "azureml-served-by-cluster": "vienna-westus-01",
        "Connection": "keep-alive",
        "Content-Encoding": "gzip",
        "Content-Type": "application/json",
        "Date": "Sat, 03 May 2025 03:28:34 GMT",
        "openai-organization": "20ba836fffc34ede8203166d666c74ef",
        "openai-processing-ms": "100",
        "openai-version": "2020-10-01",
        "Request-Context": "appId=cid-v1:2d2e8e63-272e-4b3c-8598-4ee570a0e70d",
        "Strict-Transport-Security": "max-age=31536000; includeSubDomains; preload",
        "Transfer-Encoding": "chunked",
        "Vary": "Accept-Encoding",
        "X-Content-Type-Options": "nosniff",
        "x-ms-middleware-request-id": "8cbfae32-7459-4010-98f1-9c52fbbe2148",
        "x-ms-region": "West US",
        "x-ms-response-type": "standard",
        "X-Request-ID": "0bce36c67e10b118db3e1c75e635f240",
        "x-request-time": "0.293"
      },
      "ResponseBody": {
        "id": "msg_WBkR2VMqvn52fm5MgQxQ2oWf",
        "object": "thread.message",
        "created_at": 1746242914,
        "assistant_id": null,
        "thread_id": "thread_oxNfNk1LzTdYVVPqLOjlyfLp",
        "run_id": null,
        "role": "user",
        "content": [
          {
            "type": "text",
            "text": {
              "value": "Hello, tell me a third joke",
              "annotations": []
            }
          }
        ],
        "attachments": [],
        "metadata": {}
      }
    },
    {
      "RequestUri": "https://Sanitized.api.azureml.ms/agents/v1.0/subscriptions/00000000-0000-0000-0000-000000000000/resourceGroups/00000/providers/Microsoft.MachineLearningServices/workspaces/00000/assistants/asst_44vmdeH9cvmDnGqxEME0hrUu?api-version=v1",
      "RequestMethod": "DELETE",
      "RequestHeaders": {
        "Accept": "application/json",
        "Accept-Encoding": "gzip, deflate",
        "Connection": "keep-alive",
        "Content-Length": "0",
        "User-Agent": "azsdk-python-ai-agents/1.0.0b1 Python/3.11.5 (Windows-10-10.0.26100-SP0)"
      },
      "RequestBody": null,
      "StatusCode": 200,
      "ResponseHeaders": {
        "apim-request-id": "04f66a8f-b5a9-4013-bb8f-d31aa1885dbb",
        "azureml-served-by-cluster": "vienna-westus-01",
        "Connection": "keep-alive",
        "Content-Length": "95",
        "Content-Type": "application/json",
        "Date": "Sat, 03 May 2025 03:28:35 GMT",
        "openai-organization": "20ba836fffc34ede8203166d666c74ef",
        "openai-processing-ms": "77",
        "openai-version": "2020-10-01",
        "Request-Context": "appId=cid-v1:2d2e8e63-272e-4b3c-8598-4ee570a0e70d",
        "Strict-Transport-Security": "max-age=31536000; includeSubDomains; preload",
        "X-Content-Type-Options": "nosniff",
        "x-ms-middleware-request-id": "2b7a944b-af6d-4e03-902e-96a4cb425600",
        "x-ms-region": "West US",
        "x-ms-response-type": "standard",
        "X-Request-ID": "70246779267c615abb80dc462535a9ea",
        "x-request-time": "0.284"
      },
      "ResponseBody": {
        "id": "asst_44vmdeH9cvmDnGqxEME0hrUu",
        "object": "assistant.deleted",
        "deleted": true
      }
    }
  ],
  "Variables": {}
}
