{
  "Entries": [
    {
      "RequestUri": "https://Sanitized.services.ai.azure.com/api/projects/00000/assistants?api-version=2025-05-15-preview",
      "RequestMethod": "POST",
      "RequestHeaders": {
        "Accept": "application/json",
        "Accept-Encoding": "gzip, deflate",
        "Content-Length": "391",
        "Content-Type": "application/json",
        "User-Agent": "azsdk-python-ai-agents/1.2.0b3 Python/3.11.5 (Windows-10-10.0.26100-SP0)"
      },
      "RequestBody": {
        "instructions": "You are helpful agent",
        "model": "gpt-4o",
        "name": "my-assistant",
        "tool_resources": {},
        "tools": [
          {
            "type": "fabric_dataagent",
            "fabric_dataagent": {
              "connections": [
                {
                  "connection_id": "/subscriptions/00000000-0000-0000-0000-000000000000/resourceGroups/00000/providers/Microsoft.CognitiveServices/accounts/westus-projxkmb/projects/projectxkmb/connections/foundry-linda"
                }
              ]
            }
          }
        ]
      },
      "StatusCode": 200,
      "ResponseHeaders": {
        "apim-request-id": "9fb98fe9-39bc-4fad-bce1-a20ea62ad66f",
        "azureml-served-by-cluster": "vienna-westus-01",
        "Content-Encoding": "gzip",
        "Content-Type": "application/json",
        "Date": "Tue, 19 Aug 2025 21:38:33 GMT",
        "openai-organization": "cb9727c486de4b1ca13cbe1a48f2d59a",
        "openai-processing-ms": "529",
        "openai-version": "2020-10-01",
        "Request-Context": "appId=cid-v1:2d2e8e63-272e-4b3c-8598-4ee570a0e70d",
        "Strict-Transport-Security": "max-age=31536000; includeSubDomains; preload",
        "Transfer-Encoding": "chunked",
        "Vary": "Accept-Encoding",
        "X-Content-Type-Options": "nosniff",
        "x-ms-middleware-request-id": "19ff52f0-8358-4540-81f0-cedaf242db41",
        "x-ms-region": "West US",
        "x-ms-response-type": "standard",
        "X-Request-ID": "e25815c82a753537f555bc57d7e73714",
        "x-request-time": "0.956"
      },
      "ResponseBody": {
        "id": "asst_uJ00I3igddtfDG9dcRVchDPB",
        "object": "assistant",
        "created_at": 1755639513,
        "name": "my-assistant",
        "description": null,
        "model": "gpt-4o",
        "instructions": "You are helpful agent",
        "tools": [
          {
            "type": "fabric_dataagent",
            "fabric_dataagent": {
              "instructions": null,
              "connections": [
                {
                  "connection_id": "/subscriptions/00000000-0000-0000-0000-000000000000/resourceGroups/00000/providers/Microsoft.CognitiveServices/accounts/westus-projxkmb/projects/projectxkmb/connections/foundry-linda",
                  "instructions": null
                }
              ]
            }
          }
        ],
        "top_p": 1.0,
        "temperature": 1.0,
        "tool_resources": {},
        "metadata": {},
        "response_format": "auto"
      }
    },
    {
      "RequestUri": "https://Sanitized.services.ai.azure.com/api/projects/00000/threads?api-version=2025-05-15-preview",
      "RequestMethod": "POST",
      "RequestHeaders": {
        "Accept": "application/json",
        "Accept-Encoding": "gzip, deflate",
        "Content-Length": "2",
        "Content-Type": "application/json",
        "User-Agent": "azsdk-python-ai-agents/1.2.0b3 Python/3.11.5 (Windows-10-10.0.26100-SP0)"
      },
      "RequestBody": {},
      "StatusCode": 200,
      "ResponseHeaders": {
        "apim-request-id": "03706423-33b6-4ce8-8e90-8daff00cbc79",
        "azureml-served-by-cluster": "vienna-westus-01",
        "Content-Length": "137",
        "Content-Type": "application/json",
        "Date": "Tue, 19 Aug 2025 21:38:34 GMT",
        "openai-organization": "cb9727c486de4b1ca13cbe1a48f2d59a",
        "openai-processing-ms": "72",
        "openai-version": "2020-10-01",
        "Request-Context": "appId=cid-v1:2d2e8e63-272e-4b3c-8598-4ee570a0e70d",
        "Strict-Transport-Security": "max-age=31536000; includeSubDomains; preload",
        "X-Content-Type-Options": "nosniff",
        "x-ms-middleware-request-id": "bd8cd37d-d6e2-4b89-8114-eba52a7fa10b",
        "x-ms-region": "West US",
        "x-ms-response-type": "standard",
        "X-Request-ID": "10a895d31d870db45a9642460d6e7b34",
        "x-request-time": "0.339"
      },
      "ResponseBody": {
        "id": "thread_bIHAOCFUBq5pbEQ4WxGtL2KV",
        "object": "thread",
        "created_at": 1755639514,
        "metadata": {},
        "tool_resources": {}
      }
    },
    {
      "RequestUri": "https://Sanitized.services.ai.azure.com/api/projects/00000/threads/thread_bIHAOCFUBq5pbEQ4WxGtL2KV/messages?api-version=2025-05-15-preview",
      "RequestMethod": "POST",
      "RequestHeaders": {
        "Accept": "application/json",
        "Accept-Encoding": "gzip, deflate",
        "Content-Length": "87",
        "Content-Type": "application/json",
        "User-Agent": "azsdk-python-ai-agents/1.2.0b3 Python/3.11.5 (Windows-10-10.0.26100-SP0)"
      },
      "RequestBody": {
        "content": "What are top 3 weather events with largest revenue loss?",
        "role": "user"
      },
      "StatusCode": 200,
      "ResponseHeaders": {
        "apim-request-id": "a9d7f54d-8c23-4e8e-b33b-c906e94ee4aa",
        "azureml-served-by-cluster": "vienna-westus-01",
        "Content-Encoding": "gzip",
        "Content-Type": "application/json",
        "Date": "Tue, 19 Aug 2025 21:38:34 GMT",
        "openai-organization": "cb9727c486de4b1ca13cbe1a48f2d59a",
        "openai-processing-ms": "226",
        "openai-version": "2020-10-01",
        "Request-Context": "appId=cid-v1:2d2e8e63-272e-4b3c-8598-4ee570a0e70d",
        "Strict-Transport-Security": "max-age=31536000; includeSubDomains; preload",
        "Transfer-Encoding": "chunked",
        "Vary": "Accept-Encoding",
        "X-Content-Type-Options": "nosniff",
        "x-ms-middleware-request-id": "80dce3fb-0130-405c-9362-6781143ea6bb",
        "x-ms-region": "West US",
        "x-ms-response-type": "standard",
        "X-Request-ID": "4fc5830eaf92799b0c17cd856d08b74b",
        "x-request-time": "0.451"
      },
      "ResponseBody": {
        "id": "msg_MVAIwVcsslXSNCKJLCWqURJb",
        "object": "thread.message",
        "created_at": 1755639514,
        "assistant_id": null,
        "thread_id": "thread_bIHAOCFUBq5pbEQ4WxGtL2KV",
        "run_id": null,
        "role": "user",
        "content": [
          {
            "type": "text",
            "text": {
              "value": "What are top 3 weather events with largest revenue loss?",
              "annotations": []
            }
          }
        ],
        "attachments": [],
        "metadata": {}
      }
    },
    {
      "RequestUri": "https://Sanitized.services.ai.azure.com/api/projects/00000/threads/thread_bIHAOCFUBq5pbEQ4WxGtL2KV/runs?api-version=2025-05-15-preview",
      "RequestMethod": "POST",
      "RequestHeaders": {
        "Accept": "application/json",
        "Accept-Encoding": "gzip, deflate",
        "Content-Length": "66",
        "Content-Type": "application/json",
        "User-Agent": "azsdk-python-ai-agents/1.2.0b3 Python/3.11.5 (Windows-10-10.0.26100-SP0)"
      },
      "RequestBody": {
        "assistant_id": "asst_uJ00I3igddtfDG9dcRVchDPB",
        "stream": false
      },
      "StatusCode": 200,
      "ResponseHeaders": {
        "apim-request-id": "1b60ae2b-585b-4e6b-9374-8e65deb904bd",
        "azureml-served-by-cluster": "vienna-westus-01",
        "Content-Encoding": "gzip",
        "Content-Type": "application/json",
        "Date": "Tue, 19 Aug 2025 21:38:36 GMT",
        "openai-organization": "cb9727c486de4b1ca13cbe1a48f2d59a",
        "openai-processing-ms": "421",
        "openai-version": "2020-10-01",
        "Request-Context": "appId=cid-v1:2d2e8e63-272e-4b3c-8598-4ee570a0e70d",
        "Strict-Transport-Security": "max-age=31536000; includeSubDomains; preload",
        "Transfer-Encoding": "chunked",
        "Vary": "Accept-Encoding",
        "X-Content-Type-Options": "nosniff",
        "x-ms-middleware-request-id": "1f93615f-cca6-4b67-b070-8ee8caa10928",
        "x-ms-region": "West US",
        "x-ms-response-type": "standard",
        "X-Request-ID": "7330389ddc6db488fd3892ce152c92b1",
        "x-request-time": "1.977"
      },
      "ResponseBody": {
        "id": "run_FkNV2xQqGlHi9lUxfehx1qQD",
        "object": "thread.run",
        "created_at": 1755639516,
        "assistant_id": "asst_uJ00I3igddtfDG9dcRVchDPB",
        "thread_id": "thread_bIHAOCFUBq5pbEQ4WxGtL2KV",
        "status": "queued",
        "started_at": null,
        "expires_at": 1755641316,
        "cancelled_at": null,
        "failed_at": null,
        "completed_at": null,
        "required_action": null,
        "last_error": null,
        "model": "gpt-4o",
        "instructions": "You are helpful agent",
        "tools": [
          {
            "type": "fabric_dataagent",
            "fabric_dataagent": {
              "instructions": null,
              "connections": [
                {
                  "connection_id": "/subscriptions/00000000-0000-0000-0000-000000000000/resourceGroups/00000/providers/Microsoft.CognitiveServices/accounts/westus-projxkmb/projects/projectxkmb/connections/foundry-linda",
                  "instructions": null
                }
              ]
            }
          }
        ],
        "tool_resources": {},
        "metadata": {},
        "temperature": 1.0,
        "top_p": 1.0,
        "max_completion_tokens": null,
        "max_prompt_tokens": null,
        "truncation_strategy": {
          "type": "auto",
          "last_messages": null
        },
        "incomplete_details": null,
        "usage": null,
        "response_format": "auto",
        "tool_choice": "auto",
        "parallel_tool_calls": true
      }
    },
    {
      "RequestUri": "https://Sanitized.services.ai.azure.com/api/projects/00000/threads/thread_bIHAOCFUBq5pbEQ4WxGtL2KV/runs/Sanitized?api-version=2025-05-15-preview",
      "RequestMethod": "GET",
      "RequestHeaders": {
        "Accept": "application/json",
        "Accept-Encoding": "gzip, deflate",
        "User-Agent": "azsdk-python-ai-agents/1.2.0b3 Python/3.11.5 (Windows-10-10.0.26100-SP0)"
      },
      "RequestBody": null,
      "StatusCode": 200,
      "ResponseHeaders": {
        "apim-request-id": "091c954f-3471-4490-9054-d804685935e7",
        "azureml-served-by-cluster": "vienna-westus-01",
        "Content-Encoding": "gzip",
        "Content-Type": "application/json",
        "Date": "Tue, 19 Aug 2025 21:38:38 GMT",
        "openai-organization": "cb9727c486de4b1ca13cbe1a48f2d59a",
        "openai-processing-ms": "872",
        "openai-version": "2020-10-01",
        "Request-Context": "appId=cid-v1:2d2e8e63-272e-4b3c-8598-4ee570a0e70d",
        "Strict-Transport-Security": "max-age=31536000; includeSubDomains; preload",
        "Transfer-Encoding": "chunked",
        "Vary": "Accept-Encoding",
        "X-Content-Type-Options": "nosniff",
        "x-ms-middleware-request-id": "9a09aee6-c6f9-44bd-ac7a-15487c9770a9",
        "x-ms-region": "West US",
        "x-ms-response-type": "standard",
        "X-Request-ID": "f25422a87ccea71dcddb0f88f7adc4af",
        "x-request-time": "1.187"
      },
      "ResponseBody": {
        "id": "run_FkNV2xQqGlHi9lUxfehx1qQD",
        "object": "thread.run",
        "created_at": 1755639516,
        "assistant_id": "asst_uJ00I3igddtfDG9dcRVchDPB",
        "thread_id": "thread_bIHAOCFUBq5pbEQ4WxGtL2KV",
        "status": "in_progress",
        "started_at": 1755639516,
        "expires_at": 1755641316,
        "cancelled_at": null,
        "failed_at": null,
        "completed_at": null,
        "required_action": null,
        "last_error": null,
        "model": "gpt-4o",
        "instructions": "You are helpful agent",
        "tools": [
          {
            "type": "fabric_dataagent",
            "fabric_dataagent": {
              "instructions": null,
              "connections": [
                {
                  "connection_id": "/subscriptions/00000000-0000-0000-0000-000000000000/resourceGroups/00000/providers/Microsoft.CognitiveServices/accounts/westus-projxkmb/projects/projectxkmb/connections/foundry-linda",
                  "instructions": null
                }
              ]
            }
          }
        ],
        "tool_resources": {},
        "metadata": {},
        "temperature": 1.0,
        "top_p": 1.0,
        "max_completion_tokens": null,
        "max_prompt_tokens": null,
        "truncation_strategy": {
          "type": "auto",
          "last_messages": null
        },
        "incomplete_details": null,
        "usage": null,
        "response_format": "auto",
        "tool_choice": "auto",
        "parallel_tool_calls": true
      }
    },
    {
      "RequestUri": "https://Sanitized.services.ai.azure.com/api/projects/00000/threads/thread_bIHAOCFUBq5pbEQ4WxGtL2KV/runs/Sanitized?api-version=2025-05-15-preview",
      "RequestMethod": "GET",
      "RequestHeaders": {
        "Accept": "application/json",
        "Accept-Encoding": "gzip, deflate",
        "User-Agent": "azsdk-python-ai-agents/1.2.0b3 Python/3.11.5 (Windows-10-10.0.26100-SP0)"
      },
      "RequestBody": null,
      "StatusCode": 200,
      "ResponseHeaders": {
        "apim-request-id": "eb255ca8-0fc9-45ef-a70a-d8121cd15e04",
        "azureml-served-by-cluster": "vienna-westus-01",
        "Content-Encoding": "gzip",
        "Content-Type": "application/json",
        "Date": "Tue, 19 Aug 2025 21:38:40 GMT",
        "openai-organization": "cb9727c486de4b1ca13cbe1a48f2d59a",
        "openai-processing-ms": "434",
        "openai-version": "2020-10-01",
        "Request-Context": "appId=cid-v1:2d2e8e63-272e-4b3c-8598-4ee570a0e70d",
        "Strict-Transport-Security": "max-age=31536000; includeSubDomains; preload",
        "Transfer-Encoding": "chunked",
        "Vary": "Accept-Encoding",
        "X-Content-Type-Options": "nosniff",
        "x-ms-middleware-request-id": "9b9abd4c-b325-40a8-a2de-59836b593585",
        "x-ms-region": "West US",
        "x-ms-response-type": "standard",
        "X-Request-ID": "0893d50bb1e913236072ad2aaa4279d1",
        "x-request-time": "0.690"
      },
      "ResponseBody": {
        "id": "run_FkNV2xQqGlHi9lUxfehx1qQD",
        "object": "thread.run",
        "created_at": 1755639516,
        "assistant_id": "asst_uJ00I3igddtfDG9dcRVchDPB",
        "thread_id": "thread_bIHAOCFUBq5pbEQ4WxGtL2KV",
        "status": "in_progress",
        "started_at": 1755639516,
        "expires_at": 1755641316,
        "cancelled_at": null,
        "failed_at": null,
        "completed_at": null,
        "required_action": null,
        "last_error": null,
        "model": "gpt-4o",
        "instructions": "You are helpful agent",
        "tools": [
          {
            "type": "fabric_dataagent",
            "fabric_dataagent": {
              "instructions": null,
              "connections": [
                {
                  "connection_id": "/subscriptions/00000000-0000-0000-0000-000000000000/resourceGroups/00000/providers/Microsoft.CognitiveServices/accounts/westus-projxkmb/projects/projectxkmb/connections/foundry-linda",
                  "instructions": null
                }
              ]
            }
          }
        ],
        "tool_resources": {},
        "metadata": {},
        "temperature": 1.0,
        "top_p": 1.0,
        "max_completion_tokens": null,
        "max_prompt_tokens": null,
        "truncation_strategy": {
          "type": "auto",
          "last_messages": null
        },
        "incomplete_details": null,
        "usage": null,
        "response_format": "auto",
        "tool_choice": "auto",
        "parallel_tool_calls": true
      }
    },
    {
      "RequestUri": "https://Sanitized.services.ai.azure.com/api/projects/00000/threads/thread_bIHAOCFUBq5pbEQ4WxGtL2KV/runs/Sanitized?api-version=2025-05-15-preview",
      "RequestMethod": "GET",
      "RequestHeaders": {
        "Accept": "application/json",
        "Accept-Encoding": "gzip, deflate",
        "User-Agent": "azsdk-python-ai-agents/1.2.0b3 Python/3.11.5 (Windows-10-10.0.26100-SP0)"
      },
      "RequestBody": null,
      "StatusCode": 200,
      "ResponseHeaders": {
        "apim-request-id": "9db2687c-94eb-44ce-bcb7-a17c8cfd5e1e",
        "azureml-served-by-cluster": "vienna-westus-01",
        "Content-Encoding": "gzip",
        "Content-Type": "application/json",
        "Date": "Tue, 19 Aug 2025 21:38:42 GMT",
        "openai-organization": "cb9727c486de4b1ca13cbe1a48f2d59a",
        "openai-processing-ms": "176",
        "openai-version": "2020-10-01",
        "Request-Context": "appId=cid-v1:2d2e8e63-272e-4b3c-8598-4ee570a0e70d",
        "Strict-Transport-Security": "max-age=31536000; includeSubDomains; preload",
        "Transfer-Encoding": "chunked",
        "Vary": "Accept-Encoding",
        "X-Content-Type-Options": "nosniff",
        "x-ms-middleware-request-id": "c81c3a2a-2276-4dc1-8f4f-a15e1608096c",
        "x-ms-region": "West US",
        "x-ms-response-type": "standard",
        "X-Request-ID": "76c5ebbd07511219ac54b9c2261f076d",
        "x-request-time": "0.399"
      },
      "ResponseBody": {
        "id": "run_FkNV2xQqGlHi9lUxfehx1qQD",
        "object": "thread.run",
        "created_at": 1755639516,
        "assistant_id": "asst_uJ00I3igddtfDG9dcRVchDPB",
        "thread_id": "thread_bIHAOCFUBq5pbEQ4WxGtL2KV",
        "status": "in_progress",
        "started_at": 1755639516,
        "expires_at": 1755641316,
        "cancelled_at": null,
        "failed_at": null,
        "completed_at": null,
        "required_action": null,
        "last_error": null,
        "model": "gpt-4o",
        "instructions": "You are helpful agent",
        "tools": [
          {
            "type": "fabric_dataagent",
            "fabric_dataagent": {
              "instructions": null,
              "connections": [
                {
                  "connection_id": "/subscriptions/00000000-0000-0000-0000-000000000000/resourceGroups/00000/providers/Microsoft.CognitiveServices/accounts/westus-projxkmb/projects/projectxkmb/connections/foundry-linda",
                  "instructions": null
                }
              ]
            }
          }
        ],
        "tool_resources": {},
        "metadata": {},
        "temperature": 1.0,
        "top_p": 1.0,
        "max_completion_tokens": null,
        "max_prompt_tokens": null,
        "truncation_strategy": {
          "type": "auto",
          "last_messages": null
        },
        "incomplete_details": null,
        "usage": null,
        "response_format": "auto",
        "tool_choice": "auto",
        "parallel_tool_calls": true
      }
    },
    {
      "RequestUri": "https://Sanitized.services.ai.azure.com/api/projects/00000/threads/thread_bIHAOCFUBq5pbEQ4WxGtL2KV/runs/Sanitized?api-version=2025-05-15-preview",
      "RequestMethod": "GET",
      "RequestHeaders": {
        "Accept": "application/json",
        "Accept-Encoding": "gzip, deflate",
        "User-Agent": "azsdk-python-ai-agents/1.2.0b3 Python/3.11.5 (Windows-10-10.0.26100-SP0)"
      },
      "RequestBody": null,
      "StatusCode": 200,
      "ResponseHeaders": {
        "apim-request-id": "e8fc0692-e688-47ac-8525-cb099bd45bbc",
        "azureml-served-by-cluster": "vienna-westus-01",
        "Content-Encoding": "gzip",
        "Content-Type": "application/json",
        "Date": "Tue, 19 Aug 2025 21:38:43 GMT",
        "openai-organization": "cb9727c486de4b1ca13cbe1a48f2d59a",
        "openai-processing-ms": "217",
        "openai-version": "2020-10-01",
        "Request-Context": "appId=cid-v1:2d2e8e63-272e-4b3c-8598-4ee570a0e70d",
        "Strict-Transport-Security": "max-age=31536000; includeSubDomains; preload",
        "Transfer-Encoding": "chunked",
        "Vary": "Accept-Encoding",
        "X-Content-Type-Options": "nosniff",
        "x-ms-middleware-request-id": "c17d18e5-b257-4b8b-b7f0-b36556a5a93a",
        "x-ms-region": "West US",
        "x-ms-response-type": "standard",
        "X-Request-ID": "1351a3cf1cc4a2241d6bcbad3a5ab3e3",
        "x-request-time": "0.435"
      },
      "ResponseBody": {
        "id": "run_FkNV2xQqGlHi9lUxfehx1qQD",
        "object": "thread.run",
        "created_at": 1755639516,
        "assistant_id": "asst_uJ00I3igddtfDG9dcRVchDPB",
        "thread_id": "thread_bIHAOCFUBq5pbEQ4WxGtL2KV",
        "status": "in_progress",
        "started_at": 1755639516,
        "expires_at": 1755641316,
        "cancelled_at": null,
        "failed_at": null,
        "completed_at": null,
        "required_action": null,
        "last_error": null,
        "model": "gpt-4o",
        "instructions": "You are helpful agent",
        "tools": [
          {
            "type": "fabric_dataagent",
            "fabric_dataagent": {
              "instructions": null,
              "connections": [
                {
                  "connection_id": "/subscriptions/00000000-0000-0000-0000-000000000000/resourceGroups/00000/providers/Microsoft.CognitiveServices/accounts/westus-projxkmb/projects/projectxkmb/connections/foundry-linda",
                  "instructions": null
                }
              ]
            }
          }
        ],
        "tool_resources": {},
        "metadata": {},
        "temperature": 1.0,
        "top_p": 1.0,
        "max_completion_tokens": null,
        "max_prompt_tokens": null,
        "truncation_strategy": {
          "type": "auto",
          "last_messages": null
        },
        "incomplete_details": null,
        "usage": null,
        "response_format": "auto",
        "tool_choice": "auto",
        "parallel_tool_calls": true
      }
    },
    {
      "RequestUri": "https://Sanitized.services.ai.azure.com/api/projects/00000/threads/thread_bIHAOCFUBq5pbEQ4WxGtL2KV/runs/Sanitized?api-version=2025-05-15-preview",
      "RequestMethod": "GET",
      "RequestHeaders": {
        "Accept": "application/json",
        "Accept-Encoding": "gzip, deflate",
        "User-Agent": "azsdk-python-ai-agents/1.2.0b3 Python/3.11.5 (Windows-10-10.0.26100-SP0)"
      },
      "RequestBody": null,
      "StatusCode": 200,
      "ResponseHeaders": {
        "apim-request-id": "88a665b6-ad96-4a86-b3e3-f3d2290bc61c",
        "azureml-served-by-cluster": "vienna-westus-01",
        "Content-Encoding": "gzip",
        "Content-Type": "application/json",
        "Date": "Tue, 19 Aug 2025 21:38:45 GMT",
        "openai-organization": "cb9727c486de4b1ca13cbe1a48f2d59a",
        "openai-processing-ms": "167",
        "openai-version": "2020-10-01",
        "Request-Context": "appId=cid-v1:2d2e8e63-272e-4b3c-8598-4ee570a0e70d",
        "Strict-Transport-Security": "max-age=31536000; includeSubDomains; preload",
        "Transfer-Encoding": "chunked",
        "Vary": "Accept-Encoding",
        "X-Content-Type-Options": "nosniff",
        "x-ms-middleware-request-id": "e1f33669-42bb-4d50-895b-e430f25db62f",
        "x-ms-region": "West US",
        "x-ms-response-type": "standard",
        "X-Request-ID": "c722df5808d74dd15ac810aca2196209",
        "x-request-time": "0.371"
      },
      "ResponseBody": {
        "id": "run_FkNV2xQqGlHi9lUxfehx1qQD",
        "object": "thread.run",
        "created_at": 1755639516,
        "assistant_id": "asst_uJ00I3igddtfDG9dcRVchDPB",
        "thread_id": "thread_bIHAOCFUBq5pbEQ4WxGtL2KV",
        "status": "in_progress",
        "started_at": 1755639516,
        "expires_at": 1755641316,
        "cancelled_at": null,
        "failed_at": null,
        "completed_at": null,
        "required_action": null,
        "last_error": null,
        "model": "gpt-4o",
        "instructions": "You are helpful agent",
        "tools": [
          {
            "type": "fabric_dataagent",
            "fabric_dataagent": {
              "instructions": null,
              "connections": [
                {
                  "connection_id": "/subscriptions/00000000-0000-0000-0000-000000000000/resourceGroups/00000/providers/Microsoft.CognitiveServices/accounts/westus-projxkmb/projects/projectxkmb/connections/foundry-linda",
                  "instructions": null
                }
              ]
            }
          }
        ],
        "tool_resources": {},
        "metadata": {},
        "temperature": 1.0,
        "top_p": 1.0,
        "max_completion_tokens": null,
        "max_prompt_tokens": null,
        "truncation_strategy": {
          "type": "auto",
          "last_messages": null
        },
        "incomplete_details": null,
        "usage": null,
        "response_format": "auto",
        "tool_choice": "auto",
        "parallel_tool_calls": true
      }
    },
    {
      "RequestUri": "https://Sanitized.services.ai.azure.com/api/projects/00000/threads/thread_bIHAOCFUBq5pbEQ4WxGtL2KV/runs/Sanitized?api-version=2025-05-15-preview",
      "RequestMethod": "GET",
      "RequestHeaders": {
        "Accept": "application/json",
        "Accept-Encoding": "gzip, deflate",
        "User-Agent": "azsdk-python-ai-agents/1.2.0b3 Python/3.11.5 (Windows-10-10.0.26100-SP0)"
      },
      "RequestBody": null,
      "StatusCode": 200,
      "ResponseHeaders": {
        "apim-request-id": "123d742c-3020-4a99-9af4-d36bbe9d3950",
        "azureml-served-by-cluster": "vienna-westus-01",
        "Content-Encoding": "gzip",
        "Content-Type": "application/json",
        "Date": "Tue, 19 Aug 2025 21:38:46 GMT",
        "openai-organization": "cb9727c486de4b1ca13cbe1a48f2d59a",
        "openai-processing-ms": "161",
        "openai-version": "2020-10-01",
        "Request-Context": "appId=cid-v1:2d2e8e63-272e-4b3c-8598-4ee570a0e70d",
        "Strict-Transport-Security": "max-age=31536000; includeSubDomains; preload",
        "Transfer-Encoding": "chunked",
        "Vary": "Accept-Encoding",
        "X-Content-Type-Options": "nosniff",
        "x-ms-middleware-request-id": "a07595e0-6027-46cd-b19e-9e830a374f18",
        "x-ms-region": "West US",
        "x-ms-response-type": "standard",
        "X-Request-ID": "e791730fd1bfb5ce2a29661e44624290",
        "x-request-time": "0.351"
      },
      "ResponseBody": {
        "id": "run_FkNV2xQqGlHi9lUxfehx1qQD",
        "object": "thread.run",
        "created_at": 1755639516,
        "assistant_id": "asst_uJ00I3igddtfDG9dcRVchDPB",
        "thread_id": "thread_bIHAOCFUBq5pbEQ4WxGtL2KV",
        "status": "in_progress",
        "started_at": 1755639516,
        "expires_at": 1755641316,
        "cancelled_at": null,
        "failed_at": null,
        "completed_at": null,
        "required_action": null,
        "last_error": null,
        "model": "gpt-4o",
        "instructions": "You are helpful agent",
        "tools": [
          {
            "type": "fabric_dataagent",
            "fabric_dataagent": {
              "instructions": null,
              "connections": [
                {
                  "connection_id": "/subscriptions/00000000-0000-0000-0000-000000000000/resourceGroups/00000/providers/Microsoft.CognitiveServices/accounts/westus-projxkmb/projects/projectxkmb/connections/foundry-linda",
                  "instructions": null
                }
              ]
            }
          }
        ],
        "tool_resources": {},
        "metadata": {},
        "temperature": 1.0,
        "top_p": 1.0,
        "max_completion_tokens": null,
        "max_prompt_tokens": null,
        "truncation_strategy": {
          "type": "auto",
          "last_messages": null
        },
        "incomplete_details": null,
        "usage": null,
        "response_format": "auto",
        "tool_choice": "auto",
        "parallel_tool_calls": true
      }
    },
    {
      "RequestUri": "https://Sanitized.services.ai.azure.com/api/projects/00000/threads/thread_bIHAOCFUBq5pbEQ4WxGtL2KV/runs/Sanitized?api-version=2025-05-15-preview",
      "RequestMethod": "GET",
      "RequestHeaders": {
        "Accept": "application/json",
        "Accept-Encoding": "gzip, deflate",
        "User-Agent": "azsdk-python-ai-agents/1.2.0b3 Python/3.11.5 (Windows-10-10.0.26100-SP0)"
      },
      "RequestBody": null,
      "StatusCode": 200,
      "ResponseHeaders": {
        "apim-request-id": "584ed7a8-d413-4cb1-92a3-2d963b605298",
        "azureml-served-by-cluster": "vienna-westus-01",
        "Content-Encoding": "gzip",
        "Content-Type": "application/json",
        "Date": "Tue, 19 Aug 2025 21:38:48 GMT",
        "openai-organization": "cb9727c486de4b1ca13cbe1a48f2d59a",
        "openai-processing-ms": "165",
        "openai-version": "2020-10-01",
        "Request-Context": "appId=cid-v1:2d2e8e63-272e-4b3c-8598-4ee570a0e70d",
        "Strict-Transport-Security": "max-age=31536000; includeSubDomains; preload",
        "Transfer-Encoding": "chunked",
        "Vary": "Accept-Encoding",
        "X-Content-Type-Options": "nosniff",
        "x-ms-middleware-request-id": "e63292f6-81ae-4e64-8975-79fc5d07791e",
        "x-ms-region": "West US",
        "x-ms-response-type": "standard",
        "X-Request-ID": "4fb79a651592bfd0d21acb25e6a16445",
        "x-request-time": "0.372"
      },
      "ResponseBody": {
        "id": "run_FkNV2xQqGlHi9lUxfehx1qQD",
        "object": "thread.run",
        "created_at": 1755639516,
        "assistant_id": "asst_uJ00I3igddtfDG9dcRVchDPB",
        "thread_id": "thread_bIHAOCFUBq5pbEQ4WxGtL2KV",
        "status": "in_progress",
        "started_at": 1755639516,
        "expires_at": 1755641316,
        "cancelled_at": null,
        "failed_at": null,
        "completed_at": null,
        "required_action": null,
        "last_error": null,
        "model": "gpt-4o",
        "instructions": "You are helpful agent",
        "tools": [
          {
            "type": "fabric_dataagent",
            "fabric_dataagent": {
              "instructions": null,
              "connections": [
                {
                  "connection_id": "/subscriptions/00000000-0000-0000-0000-000000000000/resourceGroups/00000/providers/Microsoft.CognitiveServices/accounts/westus-projxkmb/projects/projectxkmb/connections/foundry-linda",
                  "instructions": null
                }
              ]
            }
          }
        ],
        "tool_resources": {},
        "metadata": {},
        "temperature": 1.0,
        "top_p": 1.0,
        "max_completion_tokens": null,
        "max_prompt_tokens": null,
        "truncation_strategy": {
          "type": "auto",
          "last_messages": null
        },
        "incomplete_details": null,
        "usage": null,
        "response_format": "auto",
        "tool_choice": "auto",
        "parallel_tool_calls": true
      }
    },
    {
      "RequestUri": "https://Sanitized.services.ai.azure.com/api/projects/00000/threads/thread_bIHAOCFUBq5pbEQ4WxGtL2KV/runs/Sanitized?api-version=2025-05-15-preview",
      "RequestMethod": "GET",
      "RequestHeaders": {
        "Accept": "application/json",
        "Accept-Encoding": "gzip, deflate",
        "User-Agent": "azsdk-python-ai-agents/1.2.0b3 Python/3.11.5 (Windows-10-10.0.26100-SP0)"
      },
      "RequestBody": null,
      "StatusCode": 200,
      "ResponseHeaders": {
        "apim-request-id": "3b89bbe7-a5f8-47be-8403-ee73b5c14dc9",
        "azureml-served-by-cluster": "vienna-westus-01",
        "Content-Encoding": "gzip",
        "Content-Type": "application/json",
        "Date": "Tue, 19 Aug 2025 21:38:49 GMT",
        "openai-organization": "cb9727c486de4b1ca13cbe1a48f2d59a",
        "openai-processing-ms": "181",
        "openai-version": "2020-10-01",
        "Request-Context": "appId=cid-v1:2d2e8e63-272e-4b3c-8598-4ee570a0e70d",
        "Strict-Transport-Security": "max-age=31536000; includeSubDomains; preload",
        "Transfer-Encoding": "chunked",
        "Vary": "Accept-Encoding",
        "X-Content-Type-Options": "nosniff",
        "x-ms-middleware-request-id": "66300f4e-f8b3-4c19-bf50-ebcb0762b05d",
        "x-ms-region": "West US",
        "x-ms-response-type": "standard",
        "X-Request-ID": "12e9dad3211a10edc1f434d8fd77d079",
        "x-request-time": "0.419"
      },
      "ResponseBody": {
        "id": "run_FkNV2xQqGlHi9lUxfehx1qQD",
        "object": "thread.run",
        "created_at": 1755639516,
        "assistant_id": "asst_uJ00I3igddtfDG9dcRVchDPB",
        "thread_id": "thread_bIHAOCFUBq5pbEQ4WxGtL2KV",
        "status": "in_progress",
        "started_at": 1755639516,
        "expires_at": 1755641316,
        "cancelled_at": null,
        "failed_at": null,
        "completed_at": null,
        "required_action": null,
        "last_error": null,
        "model": "gpt-4o",
        "instructions": "You are helpful agent",
        "tools": [
          {
            "type": "fabric_dataagent",
            "fabric_dataagent": {
              "instructions": null,
              "connections": [
                {
                  "connection_id": "/subscriptions/00000000-0000-0000-0000-000000000000/resourceGroups/00000/providers/Microsoft.CognitiveServices/accounts/westus-projxkmb/projects/projectxkmb/connections/foundry-linda",
                  "instructions": null
                }
              ]
            }
          }
        ],
        "tool_resources": {},
        "metadata": {},
        "temperature": 1.0,
        "top_p": 1.0,
        "max_completion_tokens": null,
        "max_prompt_tokens": null,
        "truncation_strategy": {
          "type": "auto",
          "last_messages": null
        },
        "incomplete_details": null,
        "usage": null,
        "response_format": "auto",
        "tool_choice": "auto",
        "parallel_tool_calls": true
      }
    },
    {
      "RequestUri": "https://Sanitized.services.ai.azure.com/api/projects/00000/threads/thread_bIHAOCFUBq5pbEQ4WxGtL2KV/runs/Sanitized?api-version=2025-05-15-preview",
      "RequestMethod": "GET",
      "RequestHeaders": {
        "Accept": "application/json",
        "Accept-Encoding": "gzip, deflate",
        "User-Agent": "azsdk-python-ai-agents/1.2.0b3 Python/3.11.5 (Windows-10-10.0.26100-SP0)"
      },
      "RequestBody": null,
      "StatusCode": 200,
      "ResponseHeaders": {
        "apim-request-id": "8785cf5e-b33b-4d36-aa60-8441300315aa",
        "azureml-served-by-cluster": "vienna-westus-01",
        "Content-Encoding": "gzip",
        "Content-Type": "application/json",
        "Date": "Tue, 19 Aug 2025 21:38:51 GMT",
        "openai-organization": "cb9727c486de4b1ca13cbe1a48f2d59a",
        "openai-processing-ms": "109",
        "openai-version": "2020-10-01",
        "Request-Context": "appId=cid-v1:2d2e8e63-272e-4b3c-8598-4ee570a0e70d",
        "Strict-Transport-Security": "max-age=31536000; includeSubDomains; preload",
        "Transfer-Encoding": "chunked",
        "Vary": "Accept-Encoding",
        "X-Content-Type-Options": "nosniff",
        "x-ms-middleware-request-id": "f0094019-2930-4e0f-85ab-72d5bc8f4dbb",
        "x-ms-region": "West US",
        "x-ms-response-type": "standard",
        "X-Request-ID": "4b9571b884f3f3606e652bc932763f85",
        "x-request-time": "0.307"
      },
      "ResponseBody": {
        "id": "run_FkNV2xQqGlHi9lUxfehx1qQD",
        "object": "thread.run",
        "created_at": 1755639516,
        "assistant_id": "asst_uJ00I3igddtfDG9dcRVchDPB",
        "thread_id": "thread_bIHAOCFUBq5pbEQ4WxGtL2KV",
        "status": "in_progress",
        "started_at": 1755639516,
        "expires_at": 1755641316,
        "cancelled_at": null,
        "failed_at": null,
        "completed_at": null,
        "required_action": null,
        "last_error": null,
        "model": "gpt-4o",
        "instructions": "You are helpful agent",
        "tools": [
          {
            "type": "fabric_dataagent",
            "fabric_dataagent": {
              "instructions": null,
              "connections": [
                {
                  "connection_id": "/subscriptions/00000000-0000-0000-0000-000000000000/resourceGroups/00000/providers/Microsoft.CognitiveServices/accounts/westus-projxkmb/projects/projectxkmb/connections/foundry-linda",
                  "instructions": null
                }
              ]
            }
          }
        ],
        "tool_resources": {},
        "metadata": {},
        "temperature": 1.0,
        "top_p": 1.0,
        "max_completion_tokens": null,
        "max_prompt_tokens": null,
        "truncation_strategy": {
          "type": "auto",
          "last_messages": null
        },
        "incomplete_details": null,
        "usage": null,
        "response_format": "auto",
        "tool_choice": "auto",
        "parallel_tool_calls": true
      }
    },
    {
      "RequestUri": "https://Sanitized.services.ai.azure.com/api/projects/00000/threads/thread_bIHAOCFUBq5pbEQ4WxGtL2KV/runs/Sanitized?api-version=2025-05-15-preview",
      "RequestMethod": "GET",
      "RequestHeaders": {
        "Accept": "application/json",
        "Accept-Encoding": "gzip, deflate",
        "User-Agent": "azsdk-python-ai-agents/1.2.0b3 Python/3.11.5 (Windows-10-10.0.26100-SP0)"
      },
      "RequestBody": null,
      "StatusCode": 200,
      "ResponseHeaders": {
        "apim-request-id": "762bb225-b65d-4bc7-a2af-eb378282f846",
        "azureml-served-by-cluster": "vienna-westus-01",
        "Content-Encoding": "gzip",
        "Content-Type": "application/json",
        "Date": "Tue, 19 Aug 2025 21:38:52 GMT",
        "openai-organization": "cb9727c486de4b1ca13cbe1a48f2d59a",
        "openai-processing-ms": "241",
        "openai-version": "2020-10-01",
        "Request-Context": "appId=cid-v1:2d2e8e63-272e-4b3c-8598-4ee570a0e70d",
        "Strict-Transport-Security": "max-age=31536000; includeSubDomains; preload",
        "Transfer-Encoding": "chunked",
        "Vary": "Accept-Encoding",
        "X-Content-Type-Options": "nosniff",
        "x-ms-middleware-request-id": "9d8af696-bc42-4ca5-9d25-1f3319023364",
        "x-ms-region": "West US",
        "x-ms-response-type": "standard",
        "X-Request-ID": "85ed9e3c8c82fafa06da89479fd00155",
        "x-request-time": "0.420"
      },
      "ResponseBody": {
        "id": "run_FkNV2xQqGlHi9lUxfehx1qQD",
        "object": "thread.run",
        "created_at": 1755639516,
        "assistant_id": "asst_uJ00I3igddtfDG9dcRVchDPB",
        "thread_id": "thread_bIHAOCFUBq5pbEQ4WxGtL2KV",
        "status": "in_progress",
        "started_at": 1755639516,
        "expires_at": 1755641316,
        "cancelled_at": null,
        "failed_at": null,
        "completed_at": null,
        "required_action": null,
        "last_error": null,
        "model": "gpt-4o",
        "instructions": "You are helpful agent",
        "tools": [
          {
            "type": "fabric_dataagent",
            "fabric_dataagent": {
              "instructions": null,
              "connections": [
                {
                  "connection_id": "/subscriptions/00000000-0000-0000-0000-000000000000/resourceGroups/00000/providers/Microsoft.CognitiveServices/accounts/westus-projxkmb/projects/projectxkmb/connections/foundry-linda",
                  "instructions": null
                }
              ]
            }
          }
        ],
        "tool_resources": {},
        "metadata": {},
        "temperature": 1.0,
        "top_p": 1.0,
        "max_completion_tokens": null,
        "max_prompt_tokens": null,
        "truncation_strategy": {
          "type": "auto",
          "last_messages": null
        },
        "incomplete_details": null,
        "usage": null,
        "response_format": "auto",
        "tool_choice": "auto",
        "parallel_tool_calls": true
      }
    },
    {
      "RequestUri": "https://Sanitized.services.ai.azure.com/api/projects/00000/threads/thread_bIHAOCFUBq5pbEQ4WxGtL2KV/runs/Sanitized?api-version=2025-05-15-preview",
      "RequestMethod": "GET",
      "RequestHeaders": {
        "Accept": "application/json",
        "Accept-Encoding": "gzip, deflate",
        "User-Agent": "azsdk-python-ai-agents/1.2.0b3 Python/3.11.5 (Windows-10-10.0.26100-SP0)"
      },
      "RequestBody": null,
      "StatusCode": 200,
      "ResponseHeaders": {
        "apim-request-id": "b0344519-709e-4887-b52f-e7eb0498a17f",
        "azureml-served-by-cluster": "vienna-westus-01",
        "Content-Encoding": "gzip",
        "Content-Type": "application/json",
        "Date": "Tue, 19 Aug 2025 21:38:54 GMT",
        "openai-organization": "cb9727c486de4b1ca13cbe1a48f2d59a",
        "openai-processing-ms": "213",
        "openai-version": "2020-10-01",
        "Request-Context": "appId=cid-v1:2d2e8e63-272e-4b3c-8598-4ee570a0e70d",
        "Strict-Transport-Security": "max-age=31536000; includeSubDomains; preload",
        "Transfer-Encoding": "chunked",
        "Vary": "Accept-Encoding",
        "X-Content-Type-Options": "nosniff",
        "x-ms-middleware-request-id": "03d2cbb3-e12e-4354-acc2-ea671b19c846",
        "x-ms-region": "West US",
        "x-ms-response-type": "standard",
        "X-Request-ID": "2447922305cbaeb59c105189f943d674",
        "x-request-time": "0.424"
      },
      "ResponseBody": {
        "id": "run_FkNV2xQqGlHi9lUxfehx1qQD",
        "object": "thread.run",
        "created_at": 1755639516,
        "assistant_id": "asst_uJ00I3igddtfDG9dcRVchDPB",
        "thread_id": "thread_bIHAOCFUBq5pbEQ4WxGtL2KV",
        "status": "in_progress",
        "started_at": 1755639516,
        "expires_at": 1755641316,
        "cancelled_at": null,
        "failed_at": null,
        "completed_at": null,
        "required_action": null,
        "last_error": null,
        "model": "gpt-4o",
        "instructions": "You are helpful agent",
        "tools": [
          {
            "type": "fabric_dataagent",
            "fabric_dataagent": {
              "instructions": null,
              "connections": [
                {
                  "connection_id": "/subscriptions/00000000-0000-0000-0000-000000000000/resourceGroups/00000/providers/Microsoft.CognitiveServices/accounts/westus-projxkmb/projects/projectxkmb/connections/foundry-linda",
                  "instructions": null
                }
              ]
            }
          }
        ],
        "tool_resources": {},
        "metadata": {},
        "temperature": 1.0,
        "top_p": 1.0,
        "max_completion_tokens": null,
        "max_prompt_tokens": null,
        "truncation_strategy": {
          "type": "auto",
          "last_messages": null
        },
        "incomplete_details": null,
        "usage": null,
        "response_format": "auto",
        "tool_choice": "auto",
        "parallel_tool_calls": true
      }
    },
    {
      "RequestUri": "https://Sanitized.services.ai.azure.com/api/projects/00000/threads/thread_bIHAOCFUBq5pbEQ4WxGtL2KV/runs/Sanitized?api-version=2025-05-15-preview",
      "RequestMethod": "GET",
      "RequestHeaders": {
        "Accept": "application/json",
        "Accept-Encoding": "gzip, deflate",
        "User-Agent": "azsdk-python-ai-agents/1.2.0b3 Python/3.11.5 (Windows-10-10.0.26100-SP0)"
      },
      "RequestBody": null,
      "StatusCode": 200,
      "ResponseHeaders": {
        "apim-request-id": "83344221-f2a1-435d-b4ae-963c4b95225a",
        "azureml-served-by-cluster": "vienna-westus-01",
        "Content-Encoding": "gzip",
        "Content-Type": "application/json",
        "Date": "Tue, 19 Aug 2025 21:38:55 GMT",
        "openai-organization": "cb9727c486de4b1ca13cbe1a48f2d59a",
        "openai-processing-ms": "135",
        "openai-version": "2020-10-01",
        "Request-Context": "appId=cid-v1:2d2e8e63-272e-4b3c-8598-4ee570a0e70d",
        "Strict-Transport-Security": "max-age=31536000; includeSubDomains; preload",
        "Transfer-Encoding": "chunked",
        "Vary": "Accept-Encoding",
        "X-Content-Type-Options": "nosniff",
        "x-ms-middleware-request-id": "36987510-adb2-4eff-b520-c2b95e139dc8",
        "x-ms-region": "West US",
        "x-ms-response-type": "standard",
        "X-Request-ID": "4483d802c8a4604f9456a66e5ae6ac3d",
        "x-request-time": "0.352"
      },
      "ResponseBody": {
        "id": "run_FkNV2xQqGlHi9lUxfehx1qQD",
        "object": "thread.run",
        "created_at": 1755639516,
        "assistant_id": "asst_uJ00I3igddtfDG9dcRVchDPB",
        "thread_id": "thread_bIHAOCFUBq5pbEQ4WxGtL2KV",
        "status": "in_progress",
        "started_at": 1755639516,
        "expires_at": 1755641316,
        "cancelled_at": null,
        "failed_at": null,
        "completed_at": null,
        "required_action": null,
        "last_error": null,
        "model": "gpt-4o",
        "instructions": "You are helpful agent",
        "tools": [
          {
            "type": "fabric_dataagent",
            "fabric_dataagent": {
              "instructions": null,
              "connections": [
                {
                  "connection_id": "/subscriptions/00000000-0000-0000-0000-000000000000/resourceGroups/00000/providers/Microsoft.CognitiveServices/accounts/westus-projxkmb/projects/projectxkmb/connections/foundry-linda",
                  "instructions": null
                }
              ]
            }
          }
        ],
        "tool_resources": {},
        "metadata": {},
        "temperature": 1.0,
        "top_p": 1.0,
        "max_completion_tokens": null,
        "max_prompt_tokens": null,
        "truncation_strategy": {
          "type": "auto",
          "last_messages": null
        },
        "incomplete_details": null,
        "usage": null,
        "response_format": "auto",
        "tool_choice": "auto",
        "parallel_tool_calls": true
      }
    },
    {
      "RequestUri": "https://Sanitized.services.ai.azure.com/api/projects/00000/threads/thread_bIHAOCFUBq5pbEQ4WxGtL2KV/runs/Sanitized?api-version=2025-05-15-preview",
      "RequestMethod": "GET",
      "RequestHeaders": {
        "Accept": "application/json",
        "Accept-Encoding": "gzip, deflate",
        "User-Agent": "azsdk-python-ai-agents/1.2.0b3 Python/3.11.5 (Windows-10-10.0.26100-SP0)"
      },
      "RequestBody": null,
      "StatusCode": 200,
      "ResponseHeaders": {
        "apim-request-id": "6f7e99da-ea20-4983-b349-50bdb24da831",
        "azureml-served-by-cluster": "vienna-westus-01",
        "Content-Encoding": "gzip",
        "Content-Type": "application/json",
        "Date": "Tue, 19 Aug 2025 21:38:57 GMT",
        "openai-organization": "cb9727c486de4b1ca13cbe1a48f2d59a",
        "openai-processing-ms": "197",
        "openai-version": "2020-10-01",
        "Request-Context": "appId=cid-v1:2d2e8e63-272e-4b3c-8598-4ee570a0e70d",
        "Strict-Transport-Security": "max-age=31536000; includeSubDomains; preload",
        "Transfer-Encoding": "chunked",
        "Vary": "Accept-Encoding",
        "X-Content-Type-Options": "nosniff",
        "x-ms-middleware-request-id": "b6298182-56d6-40bd-9f95-4506d9269a8c",
        "x-ms-region": "West US",
        "x-ms-response-type": "standard",
        "X-Request-ID": "f13d65bf84f5b6763ef96a34f453e8c5",
        "x-request-time": "0.383"
      },
      "ResponseBody": {
        "id": "run_FkNV2xQqGlHi9lUxfehx1qQD",
        "object": "thread.run",
        "created_at": 1755639516,
        "assistant_id": "asst_uJ00I3igddtfDG9dcRVchDPB",
        "thread_id": "thread_bIHAOCFUBq5pbEQ4WxGtL2KV",
        "status": "in_progress",
        "started_at": 1755639516,
        "expires_at": 1755641316,
        "cancelled_at": null,
        "failed_at": null,
        "completed_at": null,
        "required_action": null,
        "last_error": null,
        "model": "gpt-4o",
        "instructions": "You are helpful agent",
        "tools": [
          {
            "type": "fabric_dataagent",
            "fabric_dataagent": {
              "instructions": null,
              "connections": [
                {
                  "connection_id": "/subscriptions/00000000-0000-0000-0000-000000000000/resourceGroups/00000/providers/Microsoft.CognitiveServices/accounts/westus-projxkmb/projects/projectxkmb/connections/foundry-linda",
                  "instructions": null
                }
              ]
            }
          }
        ],
        "tool_resources": {},
        "metadata": {},
        "temperature": 1.0,
        "top_p": 1.0,
        "max_completion_tokens": null,
        "max_prompt_tokens": null,
        "truncation_strategy": {
          "type": "auto",
          "last_messages": null
        },
        "incomplete_details": null,
        "usage": null,
        "response_format": "auto",
        "tool_choice": "auto",
        "parallel_tool_calls": true
      }
    },
    {
      "RequestUri": "https://Sanitized.services.ai.azure.com/api/projects/00000/threads/thread_bIHAOCFUBq5pbEQ4WxGtL2KV/runs/Sanitized?api-version=2025-05-15-preview",
      "RequestMethod": "GET",
      "RequestHeaders": {
        "Accept": "application/json",
        "Accept-Encoding": "gzip, deflate",
        "User-Agent": "azsdk-python-ai-agents/1.2.0b3 Python/3.11.5 (Windows-10-10.0.26100-SP0)"
      },
      "RequestBody": null,
      "StatusCode": 200,
      "ResponseHeaders": {
        "apim-request-id": "f4bad7d8-bdda-48fc-a7af-49a70569fce7",
        "azureml-served-by-cluster": "vienna-westus-01",
        "Content-Encoding": "gzip",
        "Content-Type": "application/json",
        "Date": "Tue, 19 Aug 2025 21:38:59 GMT",
        "openai-organization": "cb9727c486de4b1ca13cbe1a48f2d59a",
        "openai-processing-ms": "834",
        "openai-version": "2020-10-01",
        "Request-Context": "appId=cid-v1:2d2e8e63-272e-4b3c-8598-4ee570a0e70d",
        "Strict-Transport-Security": "max-age=31536000; includeSubDomains; preload",
        "Transfer-Encoding": "chunked",
        "Vary": "Accept-Encoding",
        "X-Content-Type-Options": "nosniff",
        "x-ms-middleware-request-id": "c4ffc064-ac74-499d-a40e-5b43e839489a",
        "x-ms-region": "West US",
        "x-ms-response-type": "standard",
        "X-Request-ID": "854b52346ecf05ab77e1b6d00aec8942",
        "x-request-time": "1.112"
      },
      "ResponseBody": {
        "id": "run_FkNV2xQqGlHi9lUxfehx1qQD",
        "object": "thread.run",
        "created_at": 1755639516,
        "assistant_id": "asst_uJ00I3igddtfDG9dcRVchDPB",
        "thread_id": "thread_bIHAOCFUBq5pbEQ4WxGtL2KV",
        "status": "in_progress",
        "started_at": 1755639516,
        "expires_at": 1755641316,
        "cancelled_at": null,
        "failed_at": null,
        "completed_at": null,
        "required_action": null,
        "last_error": null,
        "model": "gpt-4o",
        "instructions": "You are helpful agent",
        "tools": [
          {
            "type": "fabric_dataagent",
            "fabric_dataagent": {
              "instructions": null,
              "connections": [
                {
                  "connection_id": "/subscriptions/00000000-0000-0000-0000-000000000000/resourceGroups/00000/providers/Microsoft.CognitiveServices/accounts/westus-projxkmb/projects/projectxkmb/connections/foundry-linda",
                  "instructions": null
                }
              ]
            }
          }
        ],
        "tool_resources": {},
        "metadata": {},
        "temperature": 1.0,
        "top_p": 1.0,
        "max_completion_tokens": null,
        "max_prompt_tokens": null,
        "truncation_strategy": {
          "type": "auto",
          "last_messages": null
        },
        "incomplete_details": null,
        "usage": null,
        "response_format": "auto",
        "tool_choice": "auto",
        "parallel_tool_calls": true
      }
    },
    {
      "RequestUri": "https://Sanitized.services.ai.azure.com/api/projects/00000/threads/thread_bIHAOCFUBq5pbEQ4WxGtL2KV/runs/Sanitized?api-version=2025-05-15-preview",
      "RequestMethod": "GET",
      "RequestHeaders": {
        "Accept": "application/json",
        "Accept-Encoding": "gzip, deflate",
        "User-Agent": "azsdk-python-ai-agents/1.2.0b3 Python/3.11.5 (Windows-10-10.0.26100-SP0)"
      },
      "RequestBody": null,
      "StatusCode": 200,
      "ResponseHeaders": {
        "apim-request-id": "ee8fea53-05d3-4c8c-a1fd-0094c5f645fb",
        "azureml-served-by-cluster": "vienna-westus-01",
        "Content-Encoding": "gzip",
        "Content-Type": "application/json",
        "Date": "Tue, 19 Aug 2025 21:39:01 GMT",
        "openai-organization": "cb9727c486de4b1ca13cbe1a48f2d59a",
        "openai-processing-ms": "162",
        "openai-version": "2020-10-01",
        "Request-Context": "appId=cid-v1:2d2e8e63-272e-4b3c-8598-4ee570a0e70d",
        "Strict-Transport-Security": "max-age=31536000; includeSubDomains; preload",
        "Transfer-Encoding": "chunked",
        "Vary": "Accept-Encoding",
        "X-Content-Type-Options": "nosniff",
        "x-ms-middleware-request-id": "578943c7-5057-4334-8b0b-9ac50dc3824a",
        "x-ms-region": "West US",
        "x-ms-response-type": "standard",
        "X-Request-ID": "c43ae29130686b9414c4c683cfbd8997",
        "x-request-time": "0.361"
      },
      "ResponseBody": {
        "id": "run_FkNV2xQqGlHi9lUxfehx1qQD",
        "object": "thread.run",
        "created_at": 1755639516,
        "assistant_id": "asst_uJ00I3igddtfDG9dcRVchDPB",
        "thread_id": "thread_bIHAOCFUBq5pbEQ4WxGtL2KV",
        "status": "completed",
        "started_at": 1755639516,
        "expires_at": null,
        "cancelled_at": null,
        "failed_at": null,
        "completed_at": 1755639540,
        "required_action": null,
        "last_error": null,
        "model": "gpt-4o",
        "instructions": "You are helpful agent",
        "tools": [
          {
            "type": "fabric_dataagent",
            "fabric_dataagent": {
              "instructions": null,
              "connections": [
                {
                  "connection_id": "/subscriptions/00000000-0000-0000-0000-000000000000/resourceGroups/00000/providers/Microsoft.CognitiveServices/accounts/westus-projxkmb/projects/projectxkmb/connections/foundry-linda",
                  "instructions": null
                }
              ]
            }
          }
        ],
        "tool_resources": {},
        "metadata": {},
        "temperature": 1.0,
        "top_p": 1.0,
        "max_completion_tokens": null,
        "max_prompt_tokens": null,
        "truncation_strategy": {
          "type": "auto",
          "last_messages": null
        },
        "incomplete_details": null,
        "usage": {
          "prompt_tokens": 658,
          "completion_tokens": 96,
          "total_tokens": 754,
          "prompt_token_details": {
            "cached_tokens": 0
          }
        },
        "response_format": "auto",
        "tool_choice": "auto",
        "parallel_tool_calls": true
      }
    },
    {
      "RequestUri": "https://Sanitized.services.ai.azure.com/api/projects/00000/threads/thread_bIHAOCFUBq5pbEQ4WxGtL2KV/messages?api-version=2025-05-15-preview",
      "RequestMethod": "GET",
      "RequestHeaders": {
        "Accept": "application/json",
        "Accept-Encoding": "gzip, deflate",
        "User-Agent": "azsdk-python-ai-agents/1.2.0b3 Python/3.11.5 (Windows-10-10.0.26100-SP0)"
      },
      "RequestBody": null,
      "StatusCode": 200,
      "ResponseHeaders": {
        "apim-request-id": "a52e8ff8-df7c-455d-882f-e97db4bd9564",
        "azureml-served-by-cluster": "vienna-westus-01",
        "Content-Encoding": "gzip",
        "Content-Type": "application/json",
        "Date": "Tue, 19 Aug 2025 21:39:01 GMT",
        "openai-organization": "cb9727c486de4b1ca13cbe1a48f2d59a",
        "openai-processing-ms": "315",
        "openai-version": "2020-10-01",
        "Request-Context": "appId=cid-v1:2d2e8e63-272e-4b3c-8598-4ee570a0e70d",
        "Strict-Transport-Security": "max-age=31536000; includeSubDomains; preload",
        "Transfer-Encoding": "chunked",
        "Vary": "Accept-Encoding",
        "X-Content-Type-Options": "nosniff",
        "x-ms-middleware-request-id": "6d8b34c8-1a98-4a17-be58-03c0e25eaf7d",
        "x-ms-region": "West US",
        "x-ms-response-type": "standard",
        "X-Request-ID": "3c11219e2214e2ea43d598135a20386d",
        "x-request-time": "0.532"
      },
      "ResponseBody": {
        "object": "list",
        "data": [
          {
            "id": "msg_V3c1PzDCB6m8IN2iuPh7BXaF",
            "object": "thread.message",
            "created_at": 1755639539,
            "assistant_id": "asst_uJ00I3igddtfDG9dcRVchDPB",
            "thread_id": "thread_bIHAOCFUBq5pbEQ4WxGtL2KV",
            "run_id": "run_FkNV2xQqGlHi9lUxfehx1qQD",
            "role": "assistant",
            "content": [
              {
                "type": "text",
                "text": {
                  "value": "The top three weather events with the largest revenue losses, considering combined property and crop damages, are:\n\n1. **Drought** - $700,000,000 loss\n2. **Frost/Freeze** - $568,750,000 loss\n3. **Flood (Blairstown)** - $500,005,000 loss【3:0†source】.",
                  "annotations": [
                    {
                      "type": "url_citation",
                      "text": "【3:0†source】",
                      "start_index": 236,
                      "end_index": 248,
                      "url_citation": {
                        "url": "https://msit.fabric.microsoft.com/datahub/artifacts/98042b9e-11cb-422d-bd97-5873411aa7c8",
                        "title": "Fabric Data Agent"
                      }
                    }
                  ]
                }
              }
            ],
            "attachments": [],
            "metadata": {}
          },
          {
            "id": "msg_MVAIwVcsslXSNCKJLCWqURJb",
            "object": "thread.message",
            "created_at": 1755639514,
            "assistant_id": null,
            "thread_id": "thread_bIHAOCFUBq5pbEQ4WxGtL2KV",
            "run_id": null,
            "role": "user",
            "content": [
              {
                "type": "text",
                "text": {
                  "value": "What are top 3 weather events with largest revenue loss?",
                  "annotations": []
                }
              }
            ],
            "attachments": [],
            "metadata": {}
          }
        ],
        "first_id": "msg_V3c1PzDCB6m8IN2iuPh7BXaF",
        "last_id": "msg_MVAIwVcsslXSNCKJLCWqURJb",
        "has_more": false
      }
    },
    {
      "RequestUri": "https://Sanitized.services.ai.azure.com/api/projects/00000/threads/thread_bIHAOCFUBq5pbEQ4WxGtL2KV/messages?api-version=2025-05-15-preview&after=msg_MVAIwVcsslXSNCKJLCWqURJb",
      "RequestMethod": "GET",
      "RequestHeaders": {
        "Accept": "application/json",
        "Accept-Encoding": "gzip, deflate",
        "User-Agent": "azsdk-python-ai-agents/1.2.0b3 Python/3.11.5 (Windows-10-10.0.26100-SP0)"
      },
      "RequestBody": null,
      "StatusCode": 200,
      "ResponseHeaders": {
        "apim-request-id": "3bff39d7-c5a1-4dab-80f1-c15943fbc67d",
        "azureml-served-by-cluster": "vienna-westus-01",
        "Content-Length": "96",
        "Content-Type": "application/json",
        "Date": "Tue, 19 Aug 2025 21:39:02 GMT",
        "openai-organization": "cb9727c486de4b1ca13cbe1a48f2d59a",
        "openai-processing-ms": "100",
        "openai-version": "2020-10-01",
        "Request-Context": "appId=cid-v1:2d2e8e63-272e-4b3c-8598-4ee570a0e70d",
        "Strict-Transport-Security": "max-age=31536000; includeSubDomains; preload",
        "X-Content-Type-Options": "nosniff",
        "x-ms-middleware-request-id": "8ca9876f-99be-40f3-a901-7fb6563ee8bf",
        "x-ms-region": "West US",
        "x-ms-response-type": "standard",
        "X-Request-ID": "9b707bd263a8aae87c9b4668e98e85a1",
        "x-request-time": "0.310"
      },
      "ResponseBody": {
        "object": "list",
        "data": [],
        "first_id": null,
        "last_id": null,
        "has_more": false
      }
    },
    {
      "RequestUri": "https://Sanitized.services.ai.azure.com/api/projects/00000/threads/thread_bIHAOCFUBq5pbEQ4WxGtL2KV/runs/Sanitized/steps?api-version=2025-05-15-preview",
      "RequestMethod": "GET",
      "RequestHeaders": {
        "Accept": "application/json",
        "Accept-Encoding": "gzip, deflate",
        "User-Agent": "azsdk-python-ai-agents/1.2.0b3 Python/3.11.5 (Windows-10-10.0.26100-SP0)"
      },
      "RequestBody": null,
      "StatusCode": 200,
      "ResponseHeaders": {
        "apim-request-id": "ddea0420-0f9d-4ffe-97ee-03c929108e50",
        "azureml-served-by-cluster": "vienna-westus-01",
        "Content-Encoding": "gzip",
        "Content-Type": "application/json",
        "Date": "Tue, 19 Aug 2025 21:39:02 GMT",
        "openai-organization": "cb9727c486de4b1ca13cbe1a48f2d59a",
        "openai-processing-ms": "382",
        "openai-version": "2020-10-01",
        "Request-Context": "appId=cid-v1:2d2e8e63-272e-4b3c-8598-4ee570a0e70d",
        "Strict-Transport-Security": "max-age=31536000; includeSubDomains; preload",
        "Transfer-Encoding": "chunked",
        "Vary": "Accept-Encoding",
        "X-Content-Type-Options": "nosniff",
        "x-ms-middleware-request-id": "9c1c4233-438b-44d4-9577-450af316b704",
        "x-ms-region": "West US",
        "x-ms-response-type": "standard",
        "X-Request-ID": "bf3b37f7e8b0e38efc2d173233b65f43",
        "x-request-time": "0.584"
      },
      "ResponseBody": {
        "object": "list",
        "data": [
          {
            "id": "step_tUjg4hgaTxHHttxwqTv8MCMW",
            "object": "thread.run.step",
            "created_at": 1755639539,
            "run_id": "run_FkNV2xQqGlHi9lUxfehx1qQD",
            "assistant_id": "asst_uJ00I3igddtfDG9dcRVchDPB",
            "thread_id": "thread_bIHAOCFUBq5pbEQ4WxGtL2KV",
            "type": "message_creation",
            "status": "completed",
            "cancelled_at": null,
            "completed_at": 1755639540,
            "expires_at": null,
            "failed_at": null,
            "last_error": null,
            "step_details": {
              "type": "message_creation",
              "message_creation": {
                "message_id": "msg_V3c1PzDCB6m8IN2iuPh7BXaF"
              }
            },
            "usage": {
              "prompt_tokens": 441,
              "completion_tokens": 80,
              "total_tokens": 521,
              "prompt_token_details": {
                "cached_tokens": 0
              }
            }
          },
          {
            "id": "step_hjwP1b5KFkZrwMXxbDVMSjv9",
            "object": "thread.run.step",
            "created_at": 1755639517,
            "run_id": "run_FkNV2xQqGlHi9lUxfehx1qQD",
            "assistant_id": "asst_uJ00I3igddtfDG9dcRVchDPB",
            "thread_id": "thread_bIHAOCFUBq5pbEQ4WxGtL2KV",
            "type": "tool_calls",
            "status": "completed",
            "cancelled_at": null,
            "completed_at": 1755639539,
            "expires_at": null,
            "failed_at": null,
            "last_error": null,
            "step_details": {
              "type": "tool_calls",
              "tool_calls": [
                {
                  "id": "call_cjpQku6OIWdYvgkIQwASo12i",
                  "type": "fabric_dataagent",
                  "fabric_dataagent": {
                    "input": "\"top weather events with largest revenue loss\"",
                    "output": "【3:0†source】 \nHere are the top weather events that resulted in the largest revenue losses (combined property and crop damages):\n\n1. Drought – $700,000,000 loss\n2. Frost/Freeze – $568,750,000 loss\n3. Flood (Blairstown) – $500,005,000 loss\n4. Wildfire – $500,000,000 loss\n5. Drought – $344,000,000 loss\n6. Wildfire – $321,000,000 loss\n7. Tornado (Mullinville) – $250,000,000 loss\n8. Tornado (Enterprise Muni Arpt) – $250,000,000 loss\n9. Wildfire – $165,700,000 loss\n10. Frost/Freeze – $155,000,000 loss\n\nIf you need further details on any specific event, let me know!"
                  }
                }
              ]
            },
            "usage": {
              "prompt_tokens": 217,
              "completion_tokens": 16,
              "total_tokens": 233,
              "prompt_token_details": {
                "cached_tokens": 0
              }
            }
          }
        ],
        "first_id": "step_tUjg4hgaTxHHttxwqTv8MCMW",
        "last_id": "step_hjwP1b5KFkZrwMXxbDVMSjv9",
        "has_more": false
      }
    },
    {
      "RequestUri": "https://Sanitized.services.ai.azure.com/api/projects/00000/threads/thread_bIHAOCFUBq5pbEQ4WxGtL2KV/runs/Sanitized/steps?api-version=2025-05-15-preview&after=step_hjwP1b5KFkZrwMXxbDVMSjv9",
      "RequestMethod": "GET",
      "RequestHeaders": {
        "Accept": "application/json",
        "Accept-Encoding": "gzip, deflate",
        "User-Agent": "azsdk-python-ai-agents/1.2.0b3 Python/3.11.5 (Windows-10-10.0.26100-SP0)"
      },
      "RequestBody": null,
      "StatusCode": 200,
      "ResponseHeaders": {
        "apim-request-id": "841a11bb-8153-497e-b8d5-7b9e24726a5e",
        "azureml-served-by-cluster": "vienna-westus-01",
        "Content-Length": "96",
        "Content-Type": "application/json",
        "Date": "Tue, 19 Aug 2025 21:39:03 GMT",
        "openai-organization": "cb9727c486de4b1ca13cbe1a48f2d59a",
        "openai-processing-ms": "232",
        "openai-version": "2020-10-01",
        "Request-Context": "appId=cid-v1:2d2e8e63-272e-4b3c-8598-4ee570a0e70d",
        "Strict-Transport-Security": "max-age=31536000; includeSubDomains; preload",
        "X-Content-Type-Options": "nosniff",
        "x-ms-middleware-request-id": "2ebe1d78-88be-4e2d-b748-010e910927b4",
        "x-ms-region": "West US",
        "x-ms-response-type": "standard",
        "X-Request-ID": "24ea39ccf7e1ecaab8cf9b233e9e9b67",
        "x-request-time": "0.413"
      },
      "ResponseBody": {
        "object": "list",
        "data": [],
        "first_id": null,
        "last_id": null,
        "has_more": false
      }
    },
    {
      "RequestUri": "https://Sanitized.services.ai.azure.com/api/projects/00000/assistants/asst_uJ00I3igddtfDG9dcRVchDPB?api-version=2025-05-15-preview",
      "RequestMethod": "DELETE",
      "RequestHeaders": {
        "Accept": "application/json",
        "Accept-Encoding": "gzip, deflate",
        "Content-Length": "0",
        "User-Agent": "azsdk-python-ai-agents/1.2.0b3 Python/3.11.5 (Windows-10-10.0.26100-SP0)"
      },
      "RequestBody": null,
      "StatusCode": 200,
      "ResponseHeaders": {
        "apim-request-id": "e634bd55-117a-431c-9b4d-707dae1145c8",
        "azureml-served-by-cluster": "vienna-westus-01",
        "Content-Length": "95",
        "Content-Type": "application/json",
        "Date": "Tue, 19 Aug 2025 21:39:04 GMT",
        "openai-organization": "cb9727c486de4b1ca13cbe1a48f2d59a",
        "openai-processing-ms": "311",
        "openai-version": "2020-10-01",
        "Request-Context": "appId=cid-v1:2d2e8e63-272e-4b3c-8598-4ee570a0e70d",
        "Strict-Transport-Security": "max-age=31536000; includeSubDomains; preload",
        "X-Content-Type-Options": "nosniff",
        "x-ms-middleware-request-id": "2b547284-3346-4771-bd20-93af6cd8b311",
        "x-ms-region": "West US",
        "x-ms-response-type": "standard",
        "X-Request-ID": "d17cdd257b1d971943df1c97aa25d634",
        "x-request-time": "0.610"
      },
      "ResponseBody": {
        "id": "asst_uJ00I3igddtfDG9dcRVchDPB",
        "object": "assistant.deleted",
        "deleted": true
      }
    },
    {
      "RequestUri": "https://Sanitized.services.ai.azure.com/api/projects/00000/threads/thread_bIHAOCFUBq5pbEQ4WxGtL2KV?api-version=2025-05-15-preview",
      "RequestMethod": "DELETE",
      "RequestHeaders": {
        "Accept": "application/json",
        "Accept-Encoding": "gzip, deflate",
        "Content-Length": "0",
        "User-Agent": "azsdk-python-ai-agents/1.2.0b3 Python/3.11.5 (Windows-10-10.0.26100-SP0)"
      },
      "RequestBody": null,
      "StatusCode": 200,
      "ResponseHeaders": {
        "apim-request-id": "6d9ad736-cdbc-43bf-bbf0-599acf0c6c7b",
        "azureml-served-by-cluster": "vienna-westus-01",
        "Content-Length": "94",
        "Content-Type": "application/json",
        "Date": "Tue, 19 Aug 2025 21:39:04 GMT",
        "openai-organization": "cb9727c486de4b1ca13cbe1a48f2d59a",
        "openai-processing-ms": "83",
        "openai-version": "2020-10-01",
        "Request-Context": "appId=cid-v1:2d2e8e63-272e-4b3c-8598-4ee570a0e70d",
        "Strict-Transport-Security": "max-age=31536000; includeSubDomains; preload",
        "X-Content-Type-Options": "nosniff",
        "x-ms-middleware-request-id": "05150841-f01b-491e-bcaa-a291c6645107",
        "x-ms-region": "West US",
        "x-ms-response-type": "standard",
        "X-Request-ID": "92dd580142f19d3b9bbb5413ec9683c7",
        "x-request-time": "0.307"
      },
      "ResponseBody": {
        "id": "thread_bIHAOCFUBq5pbEQ4WxGtL2KV",
        "object": "thread.deleted",
        "deleted": true
      }
    }
  ],
  "Variables": {}
}
