{
  "Entries": [
    {
      "RequestUri": "https://Sanitized.api.azureml.ms/agents/v1.0/subscriptions/00000000-0000-0000-0000-000000000000/resourceGroups/00000/providers/Microsoft.MachineLearningServices/workspaces/00000/assistants?api-version=2025-05-15-preview",
      "RequestMethod": "POST",
      "RequestHeaders": {
        "Accept": "application/json",
        "Accept-Encoding": "gzip, deflate",
        "Connection": "keep-alive",
        "Content-Length": "80",
        "Content-Type": "application/json",
        "User-Agent": "azsdk-python-ai-agents/1.0.0b1 Python/3.12.4 (Windows-11-10.0.26100-SP0)"
      },
      "RequestBody": {
        "instructions": "You are helpful agent",
        "model": "gpt-4o",
        "name": "my-agent"
      },
      "StatusCode": 200,
      "ResponseHeaders": {
        "apim-request-id": "7827fa9f-02ed-4e85-b2f0-fc3c48b5e9ab",
        "azureml-served-by-cluster": "vienna-westus-02",
        "Connection": "keep-alive",
        "Content-Encoding": "gzip",
        "Content-Type": "application/json",
        "Date": "Tue, 13 May 2025 02:09:26 GMT",
        "openai-organization": "20ba836fffc34ede8203166d666c74ef",
        "openai-processing-ms": "72",
        "openai-version": "2020-10-01",
        "Request-Context": "appId=cid-v1:2d2e8e63-272e-4b3c-8598-4ee570a0e70d",
        "Strict-Transport-Security": "max-age=31536000; includeSubDomains; preload",
        "Transfer-Encoding": "chunked",
        "Vary": "Accept-Encoding",
        "X-Content-Type-Options": "nosniff",
        "x-ms-middleware-request-id": "7827fa9f-02ed-4e85-b2f0-fc3c48b5e9ab",
        "x-ms-region": "West US",
        "x-ms-response-type": "standard",
        "X-Request-ID": "d2158d5390b710a733ecbbc7f653d2d6",
        "x-request-time": "0.285"
      },
      "ResponseBody": {
        "id": "asst_Ls2zcO9MOsF4dkCAtBcLDKYA",
        "object": "assistant",
        "created_at": 1747102166,
        "name": "my-agent",
        "description": null,
        "model": "gpt-4o",
        "instructions": "You are helpful agent",
        "tools": [],
        "top_p": 1.0,
        "temperature": 1.0,
        "tool_resources": {},
        "metadata": {},
        "response_format": "auto"
      }
    },
    {
      "RequestUri": "https://Sanitized.api.azureml.ms/agents/v1.0/subscriptions/00000000-0000-0000-0000-000000000000/resourceGroups/00000/providers/Microsoft.MachineLearningServices/workspaces/00000/threads?api-version=2025-05-15-preview",
      "RequestMethod": "POST",
      "RequestHeaders": {
        "Accept": "application/json",
        "Accept-Encoding": "gzip, deflate",
        "Connection": "keep-alive",
        "Content-Length": "2",
        "Content-Type": "application/json",
        "User-Agent": "azsdk-python-ai-agents/1.0.0b1 Python/3.12.4 (Windows-11-10.0.26100-SP0)"
      },
      "RequestBody": {},
      "StatusCode": 200,
      "ResponseHeaders": {
        "apim-request-id": "3056f2c4-ac5a-472a-bbe6-5c0e75e2413e",
        "azureml-served-by-cluster": "vienna-westus-02",
        "Connection": "keep-alive",
        "Content-Length": "137",
        "Content-Type": "application/json",
        "Date": "Tue, 13 May 2025 02:09:26 GMT",
        "openai-organization": "20ba836fffc34ede8203166d666c74ef",
        "openai-processing-ms": "25",
        "openai-version": "2020-10-01",
        "Request-Context": "appId=cid-v1:2d2e8e63-272e-4b3c-8598-4ee570a0e70d",
        "Strict-Transport-Security": "max-age=31536000; includeSubDomains; preload",
        "X-Content-Type-Options": "nosniff",
        "x-ms-middleware-request-id": "31ea85fa-a9df-4efc-b6af-fc1211c1bf09",
        "x-ms-region": "West US",
        "x-ms-response-type": "standard",
        "X-Request-ID": "00e1e5a414d2ac1de4f15e764b4cde75",
        "x-request-time": "0.229"
      },
      "ResponseBody": {
        "id": "thread_i3FJDOtLnM5KKfKtHY2U7jz8",
        "object": "thread",
        "created_at": 1747102166,
        "metadata": {},
        "tool_resources": {}
      }
    },
    {
      "RequestUri": "https://Sanitized.api.azureml.ms/agents/v1.0/subscriptions/00000000-0000-0000-0000-000000000000/resourceGroups/00000/providers/Microsoft.MachineLearningServices/workspaces/00000/threads/thread_i3FJDOtLnM5KKfKtHY2U7jz8/messages?api-version=2025-05-15-preview",
      "RequestMethod": "POST",
      "RequestHeaders": {
        "Accept": "application/json",
        "Accept-Encoding": "gzip, deflate",
        "Connection": "keep-alive",
        "Content-Length": "52",
        "Content-Type": "application/json",
        "User-Agent": "azsdk-python-ai-agents/1.0.0b1 Python/3.12.4 (Windows-11-10.0.26100-SP0)"
      },
      "RequestBody": {
        "content": "Hello, tell me a joke",
        "role": "user"
      },
      "StatusCode": 200,
      "ResponseHeaders": {
        "apim-request-id": "19602065-6cc0-42a9-b90e-3c941a2cef92",
        "azureml-served-by-cluster": "vienna-westus-02",
        "Connection": "close",
        "Content-Encoding": "gzip",
        "Content-Type": "application/json",
        "Date": "Tue, 13 May 2025 02:09:26 GMT",
        "openai-organization": "20ba836fffc34ede8203166d666c74ef",
        "openai-processing-ms": "46",
        "openai-version": "2020-10-01",
        "Request-Context": "appId=cid-v1:2d2e8e63-272e-4b3c-8598-4ee570a0e70d",
        "Strict-Transport-Security": "max-age=31536000; includeSubDomains; preload",
        "Transfer-Encoding": "chunked",
        "Vary": "Accept-Encoding",
        "X-Content-Type-Options": "nosniff",
        "x-ms-middleware-request-id": "1e4b1ecd-b057-4554-b6a6-5dc1de3418a5",
        "x-ms-region": "West US",
        "x-ms-response-type": "standard",
        "X-Request-ID": "0fe04c6d2d96b793528fb1b17997a8d7",
        "x-request-time": "0.238"
      },
      "ResponseBody": {
        "id": "msg_d4TC9HOZGQONvi0Aymznf4lh",
        "object": "thread.message",
        "created_at": 1747102166,
        "assistant_id": null,
        "thread_id": "thread_i3FJDOtLnM5KKfKtHY2U7jz8",
        "run_id": null,
        "role": "user",
        "content": [
          {
            "type": "text",
            "text": {
              "value": "Hello, tell me a joke",
              "annotations": []
            }
          }
        ],
        "attachments": [],
        "metadata": {}
      }
    },
    {
      "RequestUri": "https://Sanitized.api.azureml.ms/agents/v1.0/subscriptions/00000000-0000-0000-0000-000000000000/resourceGroups/00000/providers/Microsoft.MachineLearningServices/workspaces/00000/threads/thread_i3FJDOtLnM5KKfKtHY2U7jz8/runs?api-version=2025-05-15-preview",
      "RequestMethod": "POST",
      "RequestHeaders": {
        "Accept": "application/json",
        "Accept-Encoding": "gzip, deflate",
        "Connection": "keep-alive",
        "Content-Length": "66",
        "Content-Type": "application/json",
        "User-Agent": "azsdk-python-ai-agents/1.0.0b1 Python/3.12.4 (Windows-11-10.0.26100-SP0)"
      },
      "RequestBody": {
        "assistant_id": "asst_Ls2zcO9MOsF4dkCAtBcLDKYA",
        "stream": false
      },
      "StatusCode": 200,
      "ResponseHeaders": {
        "apim-request-id": "339cc908-bd4c-4290-b438-7b77e898d0c4",
        "azureml-served-by-cluster": "vienna-westus-02",
        "Connection": "keep-alive",
        "Content-Encoding": "gzip",
        "Content-Type": "application/json",
        "Date": "Tue, 13 May 2025 02:09:28 GMT",
        "openai-organization": "20ba836fffc34ede8203166d666c74ef",
        "openai-processing-ms": "171",
        "openai-version": "2020-10-01",
        "Request-Context": "appId=cid-v1:2d2e8e63-272e-4b3c-8598-4ee570a0e70d",
        "Strict-Transport-Security": "max-age=31536000; includeSubDomains; preload",
        "Transfer-Encoding": "chunked",
        "Vary": "Accept-Encoding",
        "X-Content-Type-Options": "nosniff",
        "x-ms-middleware-request-id": "6bf951dc-fd7d-47d5-a607-262bd817512e",
        "x-ms-region": "West US",
        "x-ms-response-type": "standard",
        "X-Request-ID": "e34f4af712ca778bc4ab072311d64c4b",
        "x-request-time": "0.431"
      },
      "ResponseBody": {
        "id": "run_rf7TXWYSV7hAiyCuJoosizJ0",
        "object": "thread.run",
        "created_at": 1747102168,
        "assistant_id": "asst_Ls2zcO9MOsF4dkCAtBcLDKYA",
        "thread_id": "thread_i3FJDOtLnM5KKfKtHY2U7jz8",
        "status": "queued",
        "started_at": null,
        "expires_at": 1747102768,
        "cancelled_at": null,
        "failed_at": null,
        "completed_at": null,
        "required_action": null,
        "last_error": null,
        "model": "gpt-4o",
        "instructions": "You are helpful agent",
        "tools": [],
        "tool_resources": {},
        "metadata": {},
        "temperature": 1.0,
        "top_p": 1.0,
        "max_completion_tokens": null,
        "max_prompt_tokens": null,
        "truncation_strategy": {
          "type": "auto",
          "last_messages": null
        },
        "incomplete_details": null,
        "usage": null,
        "response_format": "auto",
        "tool_choice": "auto",
        "parallel_tool_calls": true
      }
    },
    {
      "RequestUri": "https://Sanitized.api.azureml.ms/agents/v1.0/subscriptions/00000000-0000-0000-0000-000000000000/resourceGroups/00000/providers/Microsoft.MachineLearningServices/workspaces/00000/threads/thread_i3FJDOtLnM5KKfKtHY2U7jz8/runs/Sanitized?api-version=2025-05-15-preview",
      "RequestMethod": "GET",
      "RequestHeaders": {
        "Accept": "application/json",
        "Accept-Encoding": "gzip, deflate",
        "Connection": "keep-alive",
        "User-Agent": "azsdk-python-ai-agents/1.0.0b1 Python/3.12.4 (Windows-11-10.0.26100-SP0)"
      },
      "RequestBody": null,
      "StatusCode": 200,
      "ResponseHeaders": {
        "apim-request-id": "3199c0d4-f84c-4219-832c-6b1c20745383",
        "azureml-served-by-cluster": "vienna-westus-02",
        "Connection": "keep-alive",
        "Content-Encoding": "gzip",
        "Content-Type": "application/json",
        "Date": "Tue, 13 May 2025 02:09:30 GMT",
        "openai-organization": "20ba836fffc34ede8203166d666c74ef",
        "openai-processing-ms": "114",
        "openai-version": "2020-10-01",
        "Request-Context": "appId=cid-v1:2d2e8e63-272e-4b3c-8598-4ee570a0e70d",
        "Strict-Transport-Security": "max-age=31536000; includeSubDomains; preload",
        "Transfer-Encoding": "chunked",
        "Vary": "Accept-Encoding",
        "X-Content-Type-Options": "nosniff",
        "x-ms-middleware-request-id": "4ace8a75-3ca2-4ded-9c51-01c03ba8464f",
        "x-ms-region": "West US",
        "x-ms-response-type": "standard",
        "X-Request-ID": "c2805747d9b0a5f087bcef1fb022eb3c",
        "x-request-time": "0.354"
      },
      "ResponseBody": {
        "id": "run_rf7TXWYSV7hAiyCuJoosizJ0",
        "object": "thread.run",
        "created_at": 1747102168,
        "assistant_id": "asst_Ls2zcO9MOsF4dkCAtBcLDKYA",
        "thread_id": "thread_i3FJDOtLnM5KKfKtHY2U7jz8",
        "status": "completed",
        "started_at": 1747102168,
        "expires_at": null,
        "cancelled_at": null,
        "failed_at": null,
        "completed_at": 1747102169,
        "required_action": null,
        "last_error": null,
        "model": "gpt-4o",
        "instructions": "You are helpful agent",
        "tools": [],
        "tool_resources": {},
        "metadata": {},
        "temperature": 1.0,
        "top_p": 1.0,
        "max_completion_tokens": null,
        "max_prompt_tokens": null,
        "truncation_strategy": {
          "type": "auto",
          "last_messages": null
        },
        "incomplete_details": null,
        "usage": {
          "prompt_tokens": 63,
          "completion_tokens": 29,
          "total_tokens": 92,
          "prompt_token_details": {
            "cached_tokens": 0
          }
        },
        "response_format": "auto",
        "tool_choice": "auto",
        "parallel_tool_calls": true
      }
    },
    {
      "RequestUri": "https://Sanitized.api.azureml.ms/agents/v1.0/subscriptions/00000000-0000-0000-0000-000000000000/resourceGroups/00000/providers/Microsoft.MachineLearningServices/workspaces/00000/assistants/asst_Ls2zcO9MOsF4dkCAtBcLDKYA?api-version=2025-05-15-preview",
      "RequestMethod": "DELETE",
      "RequestHeaders": {
        "Accept": "application/json",
        "Accept-Encoding": "gzip, deflate",
        "Connection": "keep-alive",
        "Content-Length": "0",
        "User-Agent": "azsdk-python-ai-agents/1.0.0b1 Python/3.12.4 (Windows-11-10.0.26100-SP0)"
      },
      "RequestBody": null,
      "StatusCode": 200,
      "ResponseHeaders": {
        "apim-request-id": "27553f1f-839d-44c8-b12f-2d75fe58d2bf",
        "azureml-served-by-cluster": "vienna-westus-02",
        "Connection": "keep-alive",
        "Content-Length": "95",
        "Content-Type": "application/json",
        "Date": "Tue, 13 May 2025 02:09:30 GMT",
        "openai-organization": "20ba836fffc34ede8203166d666c74ef",
        "openai-processing-ms": "140",
        "openai-version": "2020-10-01",
        "Request-Context": "appId=cid-v1:2d2e8e63-272e-4b3c-8598-4ee570a0e70d",
        "Strict-Transport-Security": "max-age=31536000; includeSubDomains; preload",
        "X-Content-Type-Options": "nosniff",
        "x-ms-middleware-request-id": "e6ccc52f-85f3-4342-8fa0-9a23e5e612e8",
        "x-ms-region": "West US",
        "x-ms-response-type": "standard",
        "X-Request-ID": "fad769af2320d412208f9df692b10162",
        "x-request-time": "0.372"
      },
      "ResponseBody": {
        "id": "asst_Ls2zcO9MOsF4dkCAtBcLDKYA",
        "object": "assistant.deleted",
        "deleted": true
      }
    }
  ],
  "Variables": {}
}
