{
  "Entries": [
    {
      "RequestUri": "https://Sanitized.api.azureml.ms/agents/v1.0/subscriptions/00000000-0000-0000-0000-000000000000/resourceGroups/00000/providers/Microsoft.MachineLearningServices/workspaces/00000/threads?api-version=v1",
      "RequestMethod": "POST",
      "RequestHeaders": {
        "Accept": "application/json",
        "Accept-Encoding": "gzip, deflate",
        "Content-Length": "2",
        "Content-Type": "application/json",
        "User-Agent": "azsdk-python-ai-agents/1.0.0b1 Python/3.11.5 (Windows-10-10.0.26100-SP0)"
      },
      "RequestBody": {},
      "StatusCode": 200,
      "ResponseHeaders": {
        "apim-request-id": "16570873-7a49-4def-ac98-a8e7b0dddfbf",
        "azureml-served-by-cluster": "vienna-westus-02",
        "Connection": "keep-alive",
        "Content-Length": "137",
        "Content-Type": "application/json",
        "Date": "Sat, 03 May 2025 03:41:04 GMT",
        "openai-organization": "20ba836fffc34ede8203166d666c74ef",
        "openai-processing-ms": "71",
        "openai-version": "2020-10-01",
        "Request-Context": "appId=cid-v1:2d2e8e63-272e-4b3c-8598-4ee570a0e70d",
        "Strict-Transport-Security": "max-age=31536000; includeSubDomains; preload",
        "X-Content-Type-Options": "nosniff",
        "x-ms-middleware-request-id": "9c1c2d30-24d1-4d04-bdb3-dbab6928cdf4",
        "x-ms-region": "West US",
        "x-ms-response-type": "standard",
        "X-Request-ID": "ba9aaf12bce04a0f2c6dc79040c1e1e4",
        "x-request-time": "0.286"
      },
      "ResponseBody": {
        "id": "thread_2yvLNxCGtvzkkKE4DQ14oY7t",
        "object": "thread",
        "created_at": 1746243664,
        "metadata": {},
        "tool_resources": {}
      }
    },
    {
      "RequestUri": "https://Sanitized.api.azureml.ms/agents/v1.0/subscriptions/00000000-0000-0000-0000-000000000000/resourceGroups/00000/providers/Microsoft.MachineLearningServices/workspaces/00000/threads/thread_2yvLNxCGtvzkkKE4DQ14oY7t/messages?api-version=v1",
      "RequestMethod": "POST",
      "RequestHeaders": {
        "Accept": "application/json",
        "Accept-Encoding": "gzip, deflate",
        "Content-Length": "52",
        "Content-Type": "application/json",
        "User-Agent": "azsdk-python-ai-agents/1.0.0b1 Python/3.11.5 (Windows-10-10.0.26100-SP0)"
      },
      "RequestBody": {
        "content": "Hello, tell me a joke",
        "role": "user"
      },
      "StatusCode": 200,
      "ResponseHeaders": {
        "apim-request-id": "3e2bdbbc-ca85-49e7-9a90-409afbfab17c",
        "azureml-served-by-cluster": "vienna-westus-02",
        "Connection": "keep-alive",
        "Content-Encoding": "gzip",
        "Content-Type": "application/json",
        "Date": "Sat, 03 May 2025 03:41:04 GMT",
        "openai-organization": "20ba836fffc34ede8203166d666c74ef",
        "openai-processing-ms": "89",
        "openai-version": "2020-10-01",
        "Request-Context": "appId=cid-v1:2d2e8e63-272e-4b3c-8598-4ee570a0e70d",
        "Strict-Transport-Security": "max-age=31536000; includeSubDomains; preload",
        "Transfer-Encoding": "chunked",
        "Vary": "Accept-Encoding",
        "X-Content-Type-Options": "nosniff",
        "x-ms-middleware-request-id": "cfbc48f3-4864-449a-b1da-d6362fb4aac0",
        "x-ms-region": "West US",
        "x-ms-response-type": "standard",
        "X-Request-ID": "e60bce8a759c22ade24f0520c20551c9",
        "x-request-time": "0.366"
      },
      "ResponseBody": {
        "id": "msg_hNJVaTrupp8W8VsLZg9mxsyL",
        "object": "thread.message",
        "created_at": 1746243664,
        "assistant_id": null,
        "thread_id": "thread_2yvLNxCGtvzkkKE4DQ14oY7t",
        "run_id": null,
        "role": "user",
        "content": [
          {
            "type": "text",
            "text": {
              "value": "Hello, tell me a joke",
              "annotations": []
            }
          }
        ],
        "attachments": [],
        "metadata": {}
      }
    },
    {
      "RequestUri": "https://Sanitized.api.azureml.ms/agents/v1.0/subscriptions/00000000-0000-0000-0000-000000000000/resourceGroups/00000/providers/Microsoft.MachineLearningServices/workspaces/00000/threads/thread_2yvLNxCGtvzkkKE4DQ14oY7t/messages/msg_hNJVaTrupp8W8VsLZg9mxsyL?api-version=v1",
      "RequestMethod": "POST",
      "RequestHeaders": {
        "Accept": "application/json",
        "Accept-Encoding": "gzip, deflate",
        "Content-Length": "50",
        "Content-Type": "application/json",
        "User-Agent": "azsdk-python-ai-agents/1.0.0b1 Python/3.11.5 (Windows-10-10.0.26100-SP0)"
      },
      "RequestBody": {
        "metadata": {
          "key1": "value1",
          "key2": "value2"
        }
      },
      "StatusCode": 200,
      "ResponseHeaders": {
        "apim-request-id": "56c6f7ae-7368-4003-88d4-e431ba6e2ea6",
        "azureml-served-by-cluster": "vienna-westus-02",
        "Connection": "keep-alive",
        "Content-Encoding": "gzip",
        "Content-Type": "application/json",
        "Date": "Sat, 03 May 2025 03:41:04 GMT",
        "openai-organization": "20ba836fffc34ede8203166d666c74ef",
        "openai-processing-ms": "78",
        "openai-version": "2020-10-01",
        "Request-Context": "appId=cid-v1:2d2e8e63-272e-4b3c-8598-4ee570a0e70d",
        "Strict-Transport-Security": "max-age=31536000; includeSubDomains; preload",
        "Transfer-Encoding": "chunked",
        "Vary": "Accept-Encoding",
        "X-Content-Type-Options": "nosniff",
        "x-ms-middleware-request-id": "0e4dbd66-233a-4ffa-b2a8-4b9baf17e942",
        "x-ms-region": "West US",
        "x-ms-response-type": "standard",
        "X-Request-ID": "c4c87044f5f60e38beeb34244045d25d",
        "x-request-time": "0.318"
      },
      "ResponseBody": {
        "id": "msg_hNJVaTrupp8W8VsLZg9mxsyL",
        "object": "thread.message",
        "created_at": 1746243664,
        "assistant_id": null,
        "thread_id": "thread_2yvLNxCGtvzkkKE4DQ14oY7t",
        "run_id": null,
        "role": "user",
        "content": [
          {
            "type": "text",
            "text": {
              "value": "Hello, tell me a joke",
              "annotations": []
            }
          }
        ],
        "file_ids": [],
        "metadata": {
          "key1": "value1",
          "key2": "value2"
        }
      }
    }
  ],
  "Variables": {}
}
