{
  "Entries": [
    {
      "RequestUri": "https://management.azure.com/tenants?api-version=2022-12-01",
      "RequestMethod": "GET",
      "RequestHeaders": {
        "Accept": "application/json",
        "Authorization": "Sanitized",
        "traceparent": "00-269e738a3b8cf76b7d1e9771038c52a8-1fa67a66ef8871c9-00",
        "User-Agent": "azsdk-net-ResourceManager/1.7.0 (.NET 6.0.23; Microsoft Windows 10.0.22621)",
        "x-ms-client-request-id": "a0e6c0ed96923c337e1ec623590aedba",
        "x-ms-return-client-request-id": "true"
      },
      "RequestBody": null,
      "StatusCode": 200,
      "ResponseHeaders": {
        "Cache-Control": "no-cache",
        "Content-Length": "140",
        "Content-Type": "application/json; charset=utf-8",
        "Date": "Tue, 24 Oct 2023 01:35:32 GMT",
        "Expires": "-1",
        "Pragma": "no-cache",
        "Strict-Transport-Security": "max-age=31536000; includeSubDomains",
        "X-Content-Type-Options": "nosniff",
        "x-ms-correlation-request-id": "6827ad47-f77f-4552-86c0-1702c2f447fa",
        "x-ms-ratelimit-remaining-tenant-reads": "11998",
        "x-ms-request-id": "6827ad47-f77f-4552-86c0-1702c2f447fa",
        "x-ms-routing-request-id": "WESTUS2:20231024T013532Z:6827ad47-f77f-4552-86c0-1702c2f447fa"
      },
      "ResponseBody": {
        "value": [
          {
            "id": "/tenants/a73527ee-8243-45dd-8920-ec148d4ad0f8",
            "tenantId": "a73527ee-8243-45dd-8920-ec148d4ad0f8",
            "tenantCategory": "Home"
          }
        ]
      }
    },
    {
      "RequestUri": "https://management.azure.com/subscriptions/cca0326c-4c31-46d8-8fcb-c67023a46f4b?api-version=2022-12-01",
      "RequestMethod": "GET",
      "RequestHeaders": {
        "Accept": "application/json",
        "Authorization": "Sanitized",
        "traceparent": "00-01a87feaeda12b11d2039ffe69fa6fb1-e832a699f66f9e92-00",
        "User-Agent": "azsdk-net-ResourceManager/1.7.0 (.NET 6.0.23; Microsoft Windows 10.0.22621)",
        "x-ms-client-request-id": "a798bc8054627c16ca479ad76a400451",
        "x-ms-return-client-request-id": "true"
      },
      "RequestBody": null,
      "StatusCode": 200,
      "ResponseHeaders": {
        "Cache-Control": "no-cache",
        "Content-Length": "408",
        "Content-Type": "application/json; charset=utf-8",
        "Date": "Tue, 24 Oct 2023 01:35:32 GMT",
        "Expires": "-1",
        "Pragma": "no-cache",
        "Strict-Transport-Security": "max-age=31536000; includeSubDomains",
        "X-Content-Type-Options": "nosniff",
        "x-ms-correlation-request-id": "3d7875b5-e5d1-486c-92d2-adaff9e7207f",
        "x-ms-ratelimit-remaining-subscription-reads": "11996",
        "x-ms-request-id": "3d7875b5-e5d1-486c-92d2-adaff9e7207f",
        "x-ms-routing-request-id": "WESTUS2:20231024T013532Z:3d7875b5-e5d1-486c-92d2-adaff9e7207f"
      },
      "ResponseBody": {
        "id": "/subscriptions/cca0326c-4c31-46d8-8fcb-c67023a46f4b",
        "authorizationSource": "RoleBased",
        "managedByTenants": [],
        "subscriptionId": "cca0326c-4c31-46d8-8fcb-c67023a46f4b",
        "tenantId": "a73527ee-8243-45dd-8920-ec148d4ad0f8",
        "displayName": "Microsoft Azure Sponsorship 2",
        "state": "Enabled",
        "subscriptionPolicies": {
          "locationPlacementId": "Public_2014-09-01",
          "quotaId": "Sponsored_2016-01-01",
          "spendingLimit": "Off"
        }
      }
    },
    {
      "RequestUri": "https://management.azure.com/subscriptions/cca0326c-4c31-46d8-8fcb-c67023a46f4b/providers/Microsoft.Support/fileWorkspaces/dotnet_test_workspacename2/files/dotnet_test_filename1.txt?api-version=2022-09-01-preview",
      "RequestMethod": "GET",
      "RequestHeaders": {
        "Accept": "application/json",
        "Authorization": "Sanitized",
        "traceparent": "00-38e15c2ad4526acd8e4398deacfc6573-1e6ae3dcebb5e2fe-00",
        "User-Agent": "azsdk-net-ResourceManager.Support/1.1.0-alpha.20231023.1 (.NET 6.0.23; Microsoft Windows 10.0.22621)",
        "x-ms-client-request-id": "8966aff5b90a02eafa40a8284e30a043",
        "x-ms-return-client-request-id": "true"
      },
      "RequestBody": null,
      "StatusCode": 200,
      "ResponseHeaders": {
        "Cache-Control": "no-cache",
        "Content-Length": "338",
        "Content-Type": "application/json; charset=utf-8",
        "Date": "Tue, 24 Oct 2023 01:35:33 GMT",
        "Expires": "-1",
        "Pragma": "no-cache",
        "Server": "Kestrel",
        "Strict-Transport-Security": "max-age=31536000; includeSubDomains",
        "X-Content-Type-Options": "nosniff",
        "x-ms-correlation-request-id": "7f50fc37-2088-4c49-a828-fc1f01154392",
        "x-ms-ratelimit-remaining-subscription-reads": "11995",
        "x-ms-request-id": "7f50fc37-2088-4c49-a828-fc1f01154392",
        "x-ms-routing-request-id": "WESTUS2:20231024T013533Z:7f50fc37-2088-4c49-a828-fc1f01154392"
      },
      "ResponseBody": {
        "id": "/subscriptions/cca0326c-4c31-46d8-8fcb-c67023a46f4b/providers/Microsoft.Support/fileWorkspaces/dotnet_test_workspacename2/files/dotnet_test_filename1.txt",
        "name": "dotnet_test_filename1.txt",
        "type": "Microsoft.Support/files",
        "properties": {
          "createdOn": "2023-10-23T21:51:41Z",
          "fileSize": 2796204,
          "chunkSize": 2621440,
          "numberOfChunks": 2
        }
      }
    }
  ],
  "Variables": {
    "AZURE_AUTHORITY_HOST": "https://login.microsoftonline.com",
    "RandomSeed": "111714985",
    "RESOURCE_MANAGER_URL": null,
    "SUBSCRIPTION_ID": "cca0326c-4c31-46d8-8fcb-c67023a46f4b"
  }
}
