{
  "Entries": [
    {
      "RequestUri": "https://management.azure.com/tenants?api-version=2022-12-01",
      "RequestMethod": "GET",
      "RequestHeaders": {
        "Accept": "application/json",
        "Authorization": "Sanitized",
        "traceparent": "00-0e022b5f998e460f340568182ba2c3e2-564b6e7091ce10b3-00",
        "User-Agent": "azsdk-net-ResourceManager/1.7.0 (.NET 6.0.23; Microsoft Windows 10.0.22621)",
        "x-ms-client-request-id": "4737330231198b6044ccbdc8f30e95ec",
        "x-ms-return-client-request-id": "true"
      },
      "RequestBody": null,
      "StatusCode": 200,
      "ResponseHeaders": {
        "Cache-Control": "no-cache",
        "Content-Length": "140",
        "Content-Type": "application/json; charset=utf-8",
        "Date": "Mon, 23 Oct 2023 21:52:06 GMT",
        "Expires": "-1",
        "Pragma": "no-cache",
        "Strict-Transport-Security": "max-age=31536000; includeSubDomains",
        "X-Content-Type-Options": "nosniff",
        "x-ms-correlation-request-id": "5d29d022-ee78-4208-8a80-88ac332ef7e2",
        "x-ms-ratelimit-remaining-tenant-reads": "11996",
        "x-ms-request-id": "5d29d022-ee78-4208-8a80-88ac332ef7e2",
        "x-ms-routing-request-id": "WESTUS2:20231023T215207Z:5d29d022-ee78-4208-8a80-88ac332ef7e2"
      },
      "ResponseBody": {
        "value": [
          {
            "id": "/tenants/a73527ee-8243-45dd-8920-ec148d4ad0f8",
            "tenantId": "a73527ee-8243-45dd-8920-ec148d4ad0f8",
            "tenantCategory": "Home"
          }
        ]
      }
    },
    {
      "RequestUri": "https://management.azure.com/subscriptions/cca0326c-4c31-46d8-8fcb-c67023a46f4b?api-version=2022-12-01",
      "RequestMethod": "GET",
      "RequestHeaders": {
        "Accept": "application/json",
        "Authorization": "Sanitized",
        "traceparent": "00-41c0dc8bdd23f7dd4fe6b9bf78ee7826-d848cac7ffa9bf52-00",
        "User-Agent": "azsdk-net-ResourceManager/1.7.0 (.NET 6.0.23; Microsoft Windows 10.0.22621)",
        "x-ms-client-request-id": "68f86744575cab5bbc4db4b03d6a0f52",
        "x-ms-return-client-request-id": "true"
      },
      "RequestBody": null,
      "StatusCode": 200,
      "ResponseHeaders": {
        "Cache-Control": "no-cache",
        "Content-Length": "408",
        "Content-Type": "application/json; charset=utf-8",
        "Date": "Mon, 23 Oct 2023 21:52:06 GMT",
        "Expires": "-1",
        "Pragma": "no-cache",
        "Strict-Transport-Security": "max-age=31536000; includeSubDomains",
        "X-Content-Type-Options": "nosniff",
        "x-ms-correlation-request-id": "9da52216-4025-475f-91c5-830ff6cee189",
        "x-ms-ratelimit-remaining-subscription-reads": "11992",
        "x-ms-request-id": "9da52216-4025-475f-91c5-830ff6cee189",
        "x-ms-routing-request-id": "WESTUS2:20231023T215207Z:9da52216-4025-475f-91c5-830ff6cee189"
      },
      "ResponseBody": {
        "id": "/subscriptions/cca0326c-4c31-46d8-8fcb-c67023a46f4b",
        "authorizationSource": "RoleBased",
        "managedByTenants": [],
        "subscriptionId": "cca0326c-4c31-46d8-8fcb-c67023a46f4b",
        "tenantId": "a73527ee-8243-45dd-8920-ec148d4ad0f8",
        "displayName": "Microsoft Azure Sponsorship 2",
        "state": "Enabled",
        "subscriptionPolicies": {
          "locationPlacementId": "Public_2014-09-01",
          "quotaId": "Sponsored_2016-01-01",
          "spendingLimit": "Off"
        }
      }
    },
    {
      "RequestUri": "https://management.azure.com/subscriptions/cca0326c-4c31-46d8-8fcb-c67023a46f4b/providers/Microsoft.Support/fileWorkspaces/dotnet_test_workspacename2/files?api-version=2022-09-01-preview",
      "RequestMethod": "GET",
      "RequestHeaders": {
        "Accept": "application/json",
        "Authorization": "Sanitized",
        "traceparent": "00-c0ec32b58621fadd96e7ceeb4d131239-b10fda4eb158cc24-00",
        "User-Agent": "azsdk-net-ResourceManager.Support/1.1.0-alpha.20231020.1 (.NET 6.0.23; Microsoft Windows 10.0.22621)",
        "x-ms-client-request-id": "4289cbb0de0a63859edc0a5eb2e8b253",
        "x-ms-return-client-request-id": "true"
      },
      "RequestBody": null,
      "StatusCode": 200,
      "ResponseHeaders": {
        "Cache-Control": "no-cache",
        "Content-Length": "703",
        "Content-Type": "application/json; charset=utf-8",
        "Date": "Mon, 23 Oct 2023 21:52:07 GMT",
        "Expires": "-1",
        "Pragma": "no-cache",
        "Server": "Kestrel",
        "Strict-Transport-Security": "max-age=31536000; includeSubDomains",
        "X-Content-Type-Options": "nosniff",
        "x-ms-correlation-request-id": "155f2640-96bb-405f-b275-c440df6183b4",
        "x-ms-ratelimit-remaining-subscription-reads": "11991",
        "x-ms-request-id": "155f2640-96bb-405f-b275-c440df6183b4",
        "x-ms-routing-request-id": "WESTUS2:20231023T215208Z:155f2640-96bb-405f-b275-c440df6183b4"
      },
      "ResponseBody": {
        "value": [
          {
            "id": "/subscriptions/cca0326c-4c31-46d8-8fcb-c67023a46f4b/providers/Microsoft.Support/fileWorkspaces/dotnet_test_workspacename2/files/dotnet_test_filename1.txt",
            "name": "dotnet_test_filename1.txt",
            "type": "Microsoft.Support/files",
            "properties": {
              "createdOn": "2023-10-23T21:51:41Z",
              "fileSize": 2796204,
              "chunkSize": 2621440,
              "numberOfChunks": 2
            }
          },
          {
            "id": "/subscriptions/cca0326c-4c31-46d8-8fcb-c67023a46f4b/providers/Microsoft.Support/fileWorkspaces/dotnet_test_workspacename2/files/dotnet_sdk_test_638336695186445757.txt",
            "name": "dotnet_sdk_test_638336695186445757.txt",
            "type": "Microsoft.Support/files",
            "properties": {
              "createdOn": "2023-10-23T21:52:00Z",
              "fileSize": 4,
              "chunkSize": 4,
              "numberOfChunks": 1
            }
          }
        ]
      }
    }
  ],
  "Variables": {
    "AZURE_AUTHORITY_HOST": "https://login.microsoftonline.com",
    "RandomSeed": "1461991101",
    "RESOURCE_MANAGER_URL": null,
    "SUBSCRIPTION_ID": "cca0326c-4c31-46d8-8fcb-c67023a46f4b"
  }
}
