{
  "Entries": [
    {
      "RequestUri": "https://camaiaor-localtests.cognitiveservices.azure.com/formrecognizer/documentClassifiers:build?api-version=2023-07-31",
      "RequestMethod": "POST",
      "RequestHeaders": {
        "Accept": "application/json",
        "Authorization": "Sanitized",
        "Content-Length": "641",
        "Content-Type": "application/json",
        "traceparent": "00-2504c2f16026203de81052b665e4a41e-963e8f35a3290a3e-00",
        "User-Agent": "azsdk-net-AI.FormRecognizer/4.2.0-alpha.20241007.1 (.NET 8.0.8; Microsoft Windows 10.0.26100)",
        "x-ms-client-request-id": "Sanitized",
        "x-ms-return-client-request-id": "true"
      },
      "RequestBody": {
        "classifierId": "506974182",
        "docTypes": {
          "IRS-1040-A": {
            "azureBlobSource": {
              "containerUrl": "https://sanitized.blob.core.windows.net",
              "prefix": "IRS-1040-A/train"
            }
          },
          "IRS-1040-B": {
            "azureBlobSource": {
              "containerUrl": "https://sanitized.blob.core.windows.net",
              "prefix": "IRS-1040-B/train"
            }
          },
          "IRS-1040-C": {
            "azureBlobSource": {
              "containerUrl": "https://sanitized.blob.core.windows.net",
              "prefix": "IRS-1040-C/train"
            }
          },
          "IRS-1040-D": {
            "azureBlobSource": {
              "containerUrl": "https://sanitized.blob.core.windows.net",
              "prefix": "IRS-1040-D/train"
            }
          },
          "IRS-1040-E": {
            "azureBlobSource": {
              "containerUrl": "https://sanitized.blob.core.windows.net",
              "prefix": "IRS-1040-E/train"
            }
          }
        }
      },
      "StatusCode": 202,
      "ResponseHeaders": {
        "apim-request-id": "2cc874b7-84b7-43e0-87fc-b97f07828a17",
        "Content-Length": "0",
        "Date": "Mon, 07 Oct 2024 19:38:25 GMT",
        "operation-location": "https://camaiaor-localtests.cognitiveservices.azure.com/formrecognizer/operations/31438038093_2cc874b7-84b7-43e0-87fc-b97f07828a17?api-version=2023-07-31",
        "Strict-Transport-Security": "max-age=31536000; includeSubDomains; preload",
        "X-Content-Type-Options": "nosniff",
        "x-envoy-upstream-service-time": "262",
        "x-ms-region": "East US"
      },
      "ResponseBody": null
    },
    {
      "RequestUri": "https://camaiaor-localtests.cognitiveservices.azure.com/formrecognizer/operations/31438038093_2cc874b7-84b7-43e0-87fc-b97f07828a17?api-version=2023-07-31",
      "RequestMethod": "GET",
      "RequestHeaders": {
        "Accept": "application/json",
        "Authorization": "Sanitized",
        "traceparent": "00-2504c2f16026203de81052b665e4a41e-d57972f6cef87ca8-00",
        "User-Agent": "azsdk-net-AI.FormRecognizer/4.2.0-alpha.20241007.1 (.NET 8.0.8; Microsoft Windows 10.0.26100)",
        "x-ms-client-request-id": "Sanitized",
        "x-ms-return-client-request-id": "true"
      },
      "RequestBody": null,
      "StatusCode": 200,
      "ResponseHeaders": {
        "apim-request-id": "56edc8e2-3f07-463e-a8ef-f40e836b4f1b",
        "Content-Length": "377",
        "Content-Type": "application/json",
        "Date": "Mon, 07 Oct 2024 19:38:25 GMT",
        "Strict-Transport-Security": "max-age=31536000; includeSubDomains; preload",
        "X-Content-Type-Options": "nosniff",
        "x-envoy-upstream-service-time": "37",
        "x-ms-region": "East US"
      },
      "ResponseBody": {
        "operationId": "31438038093_2cc874b7-84b7-43e0-87fc-b97f07828a17",
        "kind": "documentClassifierBuild",
        "status": "notStarted",
        "createdDateTime": "2024-10-07T19:38:26Z",
        "lastUpdatedDateTime": "2024-10-07T19:38:26Z",
        "resourceLocation": "https://camaiaor-localtests.cognitiveservices.azure.com/formrecognizer/documentClassifiers/506974182?api-version=2023-07-31"
      }
    },
    {
      "RequestUri": "https://camaiaor-localtests.cognitiveservices.azure.com/formrecognizer/operations/31438038093_2cc874b7-84b7-43e0-87fc-b97f07828a17?api-version=2023-07-31",
      "RequestMethod": "GET",
      "RequestHeaders": {
        "Accept": "application/json",
        "Authorization": "Sanitized",
        "traceparent": "00-2504c2f16026203de81052b665e4a41e-b850898a31fca35f-00",
        "User-Agent": "azsdk-net-AI.FormRecognizer/4.2.0-alpha.20241007.1 (.NET 8.0.8; Microsoft Windows 10.0.26100)",
        "x-ms-client-request-id": "Sanitized",
        "x-ms-return-client-request-id": "true"
      },
      "RequestBody": null,
      "StatusCode": 200,
      "ResponseHeaders": {
        "apim-request-id": "def43b90-63b8-47a9-b430-b590ff82306f",
        "Content-Length": "377",
        "Content-Type": "application/json",
        "Date": "Mon, 07 Oct 2024 19:38:27 GMT",
        "Strict-Transport-Security": "max-age=31536000; includeSubDomains; preload",
        "X-Content-Type-Options": "nosniff",
        "x-envoy-upstream-service-time": "7",
        "x-ms-region": "East US"
      },
      "ResponseBody": {
        "operationId": "31438038093_2cc874b7-84b7-43e0-87fc-b97f07828a17",
        "kind": "documentClassifierBuild",
        "status": "notStarted",
        "createdDateTime": "2024-10-07T19:38:26Z",
        "lastUpdatedDateTime": "2024-10-07T19:38:26Z",
        "resourceLocation": "https://camaiaor-localtests.cognitiveservices.azure.com/formrecognizer/documentClassifiers/506974182?api-version=2023-07-31"
      }
    },
    {
      "RequestUri": "https://camaiaor-localtests.cognitiveservices.azure.com/formrecognizer/operations/31438038093_2cc874b7-84b7-43e0-87fc-b97f07828a17?api-version=2023-07-31",
      "RequestMethod": "GET",
      "RequestHeaders": {
        "Accept": "application/json",
        "Authorization": "Sanitized",
        "traceparent": "00-2504c2f16026203de81052b665e4a41e-a0621fd2ea8901f9-00",
        "User-Agent": "azsdk-net-AI.FormRecognizer/4.2.0-alpha.20241007.1 (.NET 8.0.8; Microsoft Windows 10.0.26100)",
        "x-ms-client-request-id": "Sanitized",
        "x-ms-return-client-request-id": "true"
      },
      "RequestBody": null,
      "StatusCode": 200,
      "ResponseHeaders": {
        "apim-request-id": "5cf61e68-afc4-493e-809f-7c8d5f08b425",
        "Content-Length": "377",
        "Content-Type": "application/json",
        "Date": "Mon, 07 Oct 2024 19:38:28 GMT",
        "Strict-Transport-Security": "max-age=31536000; includeSubDomains; preload",
        "X-Content-Type-Options": "nosniff",
        "x-envoy-upstream-service-time": "11",
        "x-ms-region": "East US"
      },
      "ResponseBody": {
        "operationId": "31438038093_2cc874b7-84b7-43e0-87fc-b97f07828a17",
        "kind": "documentClassifierBuild",
        "status": "notStarted",
        "createdDateTime": "2024-10-07T19:38:26Z",
        "lastUpdatedDateTime": "2024-10-07T19:38:26Z",
        "resourceLocation": "https://camaiaor-localtests.cognitiveservices.azure.com/formrecognizer/documentClassifiers/506974182?api-version=2023-07-31"
      }
    },
    {
      "RequestUri": "https://camaiaor-localtests.cognitiveservices.azure.com/formrecognizer/operations/31438038093_2cc874b7-84b7-43e0-87fc-b97f07828a17?api-version=2023-07-31",
      "RequestMethod": "GET",
      "RequestHeaders": {
        "Accept": "application/json",
        "Authorization": "Sanitized",
        "traceparent": "00-2504c2f16026203de81052b665e4a41e-182143c60498876a-00",
        "User-Agent": "azsdk-net-AI.FormRecognizer/4.2.0-alpha.20241007.1 (.NET 8.0.8; Microsoft Windows 10.0.26100)",
        "x-ms-client-request-id": "Sanitized",
        "x-ms-return-client-request-id": "true"
      },
      "RequestBody": null,
      "StatusCode": 200,
      "ResponseHeaders": {
        "apim-request-id": "c62160ea-48f6-4cc1-9528-03f114dfc22f",
        "Content-Length": "377",
        "Content-Type": "application/json",
        "Date": "Mon, 07 Oct 2024 19:38:29 GMT",
        "Strict-Transport-Security": "max-age=31536000; includeSubDomains; preload",
        "X-Content-Type-Options": "nosniff",
        "x-envoy-upstream-service-time": "7",
        "x-ms-region": "East US"
      },
      "ResponseBody": {
        "operationId": "31438038093_2cc874b7-84b7-43e0-87fc-b97f07828a17",
        "kind": "documentClassifierBuild",
        "status": "notStarted",
        "createdDateTime": "2024-10-07T19:38:26Z",
        "lastUpdatedDateTime": "2024-10-07T19:38:26Z",
        "resourceLocation": "https://camaiaor-localtests.cognitiveservices.azure.com/formrecognizer/documentClassifiers/506974182?api-version=2023-07-31"
      }
    },
    {
      "RequestUri": "https://camaiaor-localtests.cognitiveservices.azure.com/formrecognizer/operations/31438038093_2cc874b7-84b7-43e0-87fc-b97f07828a17?api-version=2023-07-31",
      "RequestMethod": "GET",
      "RequestHeaders": {
        "Accept": "application/json",
        "Authorization": "Sanitized",
        "traceparent": "00-2504c2f16026203de81052b665e4a41e-3bed3cbd177d4125-00",
        "User-Agent": "azsdk-net-AI.FormRecognizer/4.2.0-alpha.20241007.1 (.NET 8.0.8; Microsoft Windows 10.0.26100)",
        "x-ms-client-request-id": "Sanitized",
        "x-ms-return-client-request-id": "true"
      },
      "RequestBody": null,
      "StatusCode": 200,
      "ResponseHeaders": {
        "apim-request-id": "77de0a02-305d-4b5f-9180-a6bbe0323fa1",
        "Content-Length": "377",
        "Content-Type": "application/json",
        "Date": "Mon, 07 Oct 2024 19:38:30 GMT",
        "Strict-Transport-Security": "max-age=31536000; includeSubDomains; preload",
        "X-Content-Type-Options": "nosniff",
        "x-envoy-upstream-service-time": "8",
        "x-ms-region": "East US"
      },
      "ResponseBody": {
        "operationId": "31438038093_2cc874b7-84b7-43e0-87fc-b97f07828a17",
        "kind": "documentClassifierBuild",
        "status": "notStarted",
        "createdDateTime": "2024-10-07T19:38:26Z",
        "lastUpdatedDateTime": "2024-10-07T19:38:26Z",
        "resourceLocation": "https://camaiaor-localtests.cognitiveservices.azure.com/formrecognizer/documentClassifiers/506974182?api-version=2023-07-31"
      }
    },
    {
      "RequestUri": "https://camaiaor-localtests.cognitiveservices.azure.com/formrecognizer/operations/31438038093_2cc874b7-84b7-43e0-87fc-b97f07828a17?api-version=2023-07-31",
      "RequestMethod": "GET",
      "RequestHeaders": {
        "Accept": "application/json",
        "Authorization": "Sanitized",
        "traceparent": "00-2504c2f16026203de81052b665e4a41e-23127fc259b9cf48-00",
        "User-Agent": "azsdk-net-AI.FormRecognizer/4.2.0-alpha.20241007.1 (.NET 8.0.8; Microsoft Windows 10.0.26100)",
        "x-ms-client-request-id": "Sanitized",
        "x-ms-return-client-request-id": "true"
      },
      "RequestBody": null,
      "StatusCode": 200,
      "ResponseHeaders": {
        "apim-request-id": "7317fa69-0928-47d3-b50b-cfa045d88666",
        "Content-Length": "377",
        "Content-Type": "application/json",
        "Date": "Mon, 07 Oct 2024 19:38:31 GMT",
        "Strict-Transport-Security": "max-age=31536000; includeSubDomains; preload",
        "X-Content-Type-Options": "nosniff",
        "x-envoy-upstream-service-time": "8",
        "x-ms-region": "East US"
      },
      "ResponseBody": {
        "operationId": "31438038093_2cc874b7-84b7-43e0-87fc-b97f07828a17",
        "kind": "documentClassifierBuild",
        "status": "notStarted",
        "createdDateTime": "2024-10-07T19:38:26Z",
        "lastUpdatedDateTime": "2024-10-07T19:38:26Z",
        "resourceLocation": "https://camaiaor-localtests.cognitiveservices.azure.com/formrecognizer/documentClassifiers/506974182?api-version=2023-07-31"
      }
    },
    {
      "RequestUri": "https://camaiaor-localtests.cognitiveservices.azure.com/formrecognizer/operations/31438038093_2cc874b7-84b7-43e0-87fc-b97f07828a17?api-version=2023-07-31",
      "RequestMethod": "GET",
      "RequestHeaders": {
        "Accept": "application/json",
        "Authorization": "Sanitized",
        "traceparent": "00-2504c2f16026203de81052b665e4a41e-4d3da65a08abe1dc-00",
        "User-Agent": "azsdk-net-AI.FormRecognizer/4.2.0-alpha.20241007.1 (.NET 8.0.8; Microsoft Windows 10.0.26100)",
        "x-ms-client-request-id": "Sanitized",
        "x-ms-return-client-request-id": "true"
      },
      "RequestBody": null,
      "StatusCode": 200,
      "ResponseHeaders": {
        "apim-request-id": "2d275537-3d6a-4eaf-b216-e1381db9e4e8",
        "Content-Length": "377",
        "Content-Type": "application/json",
        "Date": "Mon, 07 Oct 2024 19:38:32 GMT",
        "Strict-Transport-Security": "max-age=31536000; includeSubDomains; preload",
        "X-Content-Type-Options": "nosniff",
        "x-envoy-upstream-service-time": "6",
        "x-ms-region": "East US"
      },
      "ResponseBody": {
        "operationId": "31438038093_2cc874b7-84b7-43e0-87fc-b97f07828a17",
        "kind": "documentClassifierBuild",
        "status": "notStarted",
        "createdDateTime": "2024-10-07T19:38:26Z",
        "lastUpdatedDateTime": "2024-10-07T19:38:26Z",
        "resourceLocation": "https://camaiaor-localtests.cognitiveservices.azure.com/formrecognizer/documentClassifiers/506974182?api-version=2023-07-31"
      }
    },
    {
      "RequestUri": "https://camaiaor-localtests.cognitiveservices.azure.com/formrecognizer/operations/31438038093_2cc874b7-84b7-43e0-87fc-b97f07828a17?api-version=2023-07-31",
      "RequestMethod": "GET",
      "RequestHeaders": {
        "Accept": "application/json",
        "Authorization": "Sanitized",
        "traceparent": "00-2504c2f16026203de81052b665e4a41e-479504c99979f551-00",
        "User-Agent": "azsdk-net-AI.FormRecognizer/4.2.0-alpha.20241007.1 (.NET 8.0.8; Microsoft Windows 10.0.26100)",
        "x-ms-client-request-id": "Sanitized",
        "x-ms-return-client-request-id": "true"
      },
      "RequestBody": null,
      "StatusCode": 200,
      "ResponseHeaders": {
        "apim-request-id": "7ef08b0c-cf6e-4e12-8791-5665e81b9aa9",
        "Content-Length": "377",
        "Content-Type": "application/json",
        "Date": "Mon, 07 Oct 2024 19:38:33 GMT",
        "Strict-Transport-Security": "max-age=31536000; includeSubDomains; preload",
        "X-Content-Type-Options": "nosniff",
        "x-envoy-upstream-service-time": "7",
        "x-ms-region": "East US"
      },
      "ResponseBody": {
        "operationId": "31438038093_2cc874b7-84b7-43e0-87fc-b97f07828a17",
        "kind": "documentClassifierBuild",
        "status": "notStarted",
        "createdDateTime": "2024-10-07T19:38:26Z",
        "lastUpdatedDateTime": "2024-10-07T19:38:26Z",
        "resourceLocation": "https://camaiaor-localtests.cognitiveservices.azure.com/formrecognizer/documentClassifiers/506974182?api-version=2023-07-31"
      }
    },
    {
      "RequestUri": "https://camaiaor-localtests.cognitiveservices.azure.com/formrecognizer/operations/31438038093_2cc874b7-84b7-43e0-87fc-b97f07828a17?api-version=2023-07-31",
      "RequestMethod": "GET",
      "RequestHeaders": {
        "Accept": "application/json",
        "Authorization": "Sanitized",
        "traceparent": "00-2504c2f16026203de81052b665e4a41e-7c8b585ac71f2b3d-00",
        "User-Agent": "azsdk-net-AI.FormRecognizer/4.2.0-alpha.20241007.1 (.NET 8.0.8; Microsoft Windows 10.0.26100)",
        "x-ms-client-request-id": "Sanitized",
        "x-ms-return-client-request-id": "true"
      },
      "RequestBody": null,
      "StatusCode": 200,
      "ResponseHeaders": {
        "apim-request-id": "4c8c23d5-4e94-450b-85c7-27be6c20ef84",
        "Content-Length": "377",
        "Content-Type": "application/json",
        "Date": "Mon, 07 Oct 2024 19:38:34 GMT",
        "Strict-Transport-Security": "max-age=31536000; includeSubDomains; preload",
        "X-Content-Type-Options": "nosniff",
        "x-envoy-upstream-service-time": "6",
        "x-ms-region": "East US"
      },
      "ResponseBody": {
        "operationId": "31438038093_2cc874b7-84b7-43e0-87fc-b97f07828a17",
        "kind": "documentClassifierBuild",
        "status": "notStarted",
        "createdDateTime": "2024-10-07T19:38:26Z",
        "lastUpdatedDateTime": "2024-10-07T19:38:26Z",
        "resourceLocation": "https://camaiaor-localtests.cognitiveservices.azure.com/formrecognizer/documentClassifiers/506974182?api-version=2023-07-31"
      }
    },
    {
      "RequestUri": "https://camaiaor-localtests.cognitiveservices.azure.com/formrecognizer/operations/31438038093_2cc874b7-84b7-43e0-87fc-b97f07828a17?api-version=2023-07-31",
      "RequestMethod": "GET",
      "RequestHeaders": {
        "Accept": "application/json",
        "Authorization": "Sanitized",
        "traceparent": "00-2504c2f16026203de81052b665e4a41e-d8ae355ca8573348-00",
        "User-Agent": "azsdk-net-AI.FormRecognizer/4.2.0-alpha.20241007.1 (.NET 8.0.8; Microsoft Windows 10.0.26100)",
        "x-ms-client-request-id": "Sanitized",
        "x-ms-return-client-request-id": "true"
      },
      "RequestBody": null,
      "StatusCode": 200,
      "ResponseHeaders": {
        "apim-request-id": "34e5ebcc-e30a-42e1-bede-8c06186631ca",
        "Content-Length": "377",
        "Content-Type": "application/json",
        "Date": "Mon, 07 Oct 2024 19:38:35 GMT",
        "Strict-Transport-Security": "max-age=31536000; includeSubDomains; preload",
        "X-Content-Type-Options": "nosniff",
        "x-envoy-upstream-service-time": "7",
        "x-ms-region": "East US"
      },
      "ResponseBody": {
        "operationId": "31438038093_2cc874b7-84b7-43e0-87fc-b97f07828a17",
        "kind": "documentClassifierBuild",
        "status": "notStarted",
        "createdDateTime": "2024-10-07T19:38:26Z",
        "lastUpdatedDateTime": "2024-10-07T19:38:26Z",
        "resourceLocation": "https://camaiaor-localtests.cognitiveservices.azure.com/formrecognizer/documentClassifiers/506974182?api-version=2023-07-31"
      }
    },
    {
      "RequestUri": "https://camaiaor-localtests.cognitiveservices.azure.com/formrecognizer/operations/31438038093_2cc874b7-84b7-43e0-87fc-b97f07828a17?api-version=2023-07-31",
      "RequestMethod": "GET",
      "RequestHeaders": {
        "Accept": "application/json",
        "Authorization": "Sanitized",
        "traceparent": "00-2504c2f16026203de81052b665e4a41e-c3a642c5ff7664c5-00",
        "User-Agent": "azsdk-net-AI.FormRecognizer/4.2.0-alpha.20241007.1 (.NET 8.0.8; Microsoft Windows 10.0.26100)",
        "x-ms-client-request-id": "Sanitized",
        "x-ms-return-client-request-id": "true"
      },
      "RequestBody": null,
      "StatusCode": 200,
      "ResponseHeaders": {
        "apim-request-id": "dbc91d66-7517-4ea0-bf10-ba2a55243aa2",
        "Content-Length": "377",
        "Content-Type": "application/json",
        "Date": "Mon, 07 Oct 2024 19:38:36 GMT",
        "Strict-Transport-Security": "max-age=31536000; includeSubDomains; preload",
        "X-Content-Type-Options": "nosniff",
        "x-envoy-upstream-service-time": "6",
        "x-ms-region": "East US"
      },
      "ResponseBody": {
        "operationId": "31438038093_2cc874b7-84b7-43e0-87fc-b97f07828a17",
        "kind": "documentClassifierBuild",
        "status": "notStarted",
        "createdDateTime": "2024-10-07T19:38:26Z",
        "lastUpdatedDateTime": "2024-10-07T19:38:26Z",
        "resourceLocation": "https://camaiaor-localtests.cognitiveservices.azure.com/formrecognizer/documentClassifiers/506974182?api-version=2023-07-31"
      }
    },
    {
      "RequestUri": "https://camaiaor-localtests.cognitiveservices.azure.com/formrecognizer/operations/31438038093_2cc874b7-84b7-43e0-87fc-b97f07828a17?api-version=2023-07-31",
      "RequestMethod": "GET",
      "RequestHeaders": {
        "Accept": "application/json",
        "Authorization": "Sanitized",
        "traceparent": "00-2504c2f16026203de81052b665e4a41e-4ce9702a0f72da23-00",
        "User-Agent": "azsdk-net-AI.FormRecognizer/4.2.0-alpha.20241007.1 (.NET 8.0.8; Microsoft Windows 10.0.26100)",
        "x-ms-client-request-id": "Sanitized",
        "x-ms-return-client-request-id": "true"
      },
      "RequestBody": null,
      "StatusCode": 200,
      "ResponseHeaders": {
        "apim-request-id": "d14dd9c1-5cda-42a8-9398-fed639ce2b27",
        "Content-Length": "374",
        "Content-Type": "application/json",
        "Date": "Mon, 07 Oct 2024 19:38:37 GMT",
        "Strict-Transport-Security": "max-age=31536000; includeSubDomains; preload",
        "X-Content-Type-Options": "nosniff",
        "x-envoy-upstream-service-time": "9",
        "x-ms-region": "East US"
      },
      "ResponseBody": {
        "operationId": "31438038093_2cc874b7-84b7-43e0-87fc-b97f07828a17",
        "kind": "documentClassifierBuild",
        "status": "running",
        "createdDateTime": "2024-10-07T19:38:26Z",
        "lastUpdatedDateTime": "2024-10-07T19:38:38Z",
        "resourceLocation": "https://camaiaor-localtests.cognitiveservices.azure.com/formrecognizer/documentClassifiers/506974182?api-version=2023-07-31"
      }
    },
    {
      "RequestUri": "https://camaiaor-localtests.cognitiveservices.azure.com/formrecognizer/operations/31438038093_2cc874b7-84b7-43e0-87fc-b97f07828a17?api-version=2023-07-31",
      "RequestMethod": "GET",
      "RequestHeaders": {
        "Accept": "application/json",
        "Authorization": "Sanitized",
        "traceparent": "00-2504c2f16026203de81052b665e4a41e-21569670b4adb219-00",
        "User-Agent": "azsdk-net-AI.FormRecognizer/4.2.0-alpha.20241007.1 (.NET 8.0.8; Microsoft Windows 10.0.26100)",
        "x-ms-client-request-id": "Sanitized",
        "x-ms-return-client-request-id": "true"
      },
      "RequestBody": null,
      "StatusCode": 200,
      "ResponseHeaders": {
        "apim-request-id": "5714c31b-b3a3-4033-8a00-03d4ce9d130e",
        "Content-Length": "374",
        "Content-Type": "application/json",
        "Date": "Mon, 07 Oct 2024 19:38:39 GMT",
        "Strict-Transport-Security": "max-age=31536000; includeSubDomains; preload",
        "X-Content-Type-Options": "nosniff",
        "x-envoy-upstream-service-time": "8",
        "x-ms-region": "East US"
      },
      "ResponseBody": {
        "operationId": "31438038093_2cc874b7-84b7-43e0-87fc-b97f07828a17",
        "kind": "documentClassifierBuild",
        "status": "running",
        "createdDateTime": "2024-10-07T19:38:26Z",
        "lastUpdatedDateTime": "2024-10-07T19:38:38Z",
        "resourceLocation": "https://camaiaor-localtests.cognitiveservices.azure.com/formrecognizer/documentClassifiers/506974182?api-version=2023-07-31"
      }
    },
    {
      "RequestUri": "https://camaiaor-localtests.cognitiveservices.azure.com/formrecognizer/operations/31438038093_2cc874b7-84b7-43e0-87fc-b97f07828a17?api-version=2023-07-31",
      "RequestMethod": "GET",
      "RequestHeaders": {
        "Accept": "application/json",
        "Authorization": "Sanitized",
        "traceparent": "00-2504c2f16026203de81052b665e4a41e-58f757af7ec8a9d4-00",
        "User-Agent": "azsdk-net-AI.FormRecognizer/4.2.0-alpha.20241007.1 (.NET 8.0.8; Microsoft Windows 10.0.26100)",
        "x-ms-client-request-id": "Sanitized",
        "x-ms-return-client-request-id": "true"
      },
      "RequestBody": null,
      "StatusCode": 200,
      "ResponseHeaders": {
        "apim-request-id": "452df4bf-18e1-4b11-8e9c-854ec1c48147",
        "Content-Length": "374",
        "Content-Type": "application/json",
        "Date": "Mon, 07 Oct 2024 19:38:40 GMT",
        "Strict-Transport-Security": "max-age=31536000; includeSubDomains; preload",
        "X-Content-Type-Options": "nosniff",
        "x-envoy-upstream-service-time": "7",
        "x-ms-region": "East US"
      },
      "ResponseBody": {
        "operationId": "31438038093_2cc874b7-84b7-43e0-87fc-b97f07828a17",
        "kind": "documentClassifierBuild",
        "status": "running",
        "createdDateTime": "2024-10-07T19:38:26Z",
        "lastUpdatedDateTime": "2024-10-07T19:38:38Z",
        "resourceLocation": "https://camaiaor-localtests.cognitiveservices.azure.com/formrecognizer/documentClassifiers/506974182?api-version=2023-07-31"
      }
    },
    {
      "RequestUri": "https://camaiaor-localtests.cognitiveservices.azure.com/formrecognizer/operations/31438038093_2cc874b7-84b7-43e0-87fc-b97f07828a17?api-version=2023-07-31",
      "RequestMethod": "GET",
      "RequestHeaders": {
        "Accept": "application/json",
        "Authorization": "Sanitized",
        "traceparent": "00-2504c2f16026203de81052b665e4a41e-62fa1096c1a2e8f0-00",
        "User-Agent": "azsdk-net-AI.FormRecognizer/4.2.0-alpha.20241007.1 (.NET 8.0.8; Microsoft Windows 10.0.26100)",
        "x-ms-client-request-id": "Sanitized",
        "x-ms-return-client-request-id": "true"
      },
      "RequestBody": null,
      "StatusCode": 200,
      "ResponseHeaders": {
        "apim-request-id": "0e82220f-b053-4b5f-a28a-70c53c0ca848",
        "Content-Length": "374",
        "Content-Type": "application/json",
        "Date": "Mon, 07 Oct 2024 19:38:41 GMT",
        "Strict-Transport-Security": "max-age=31536000; includeSubDomains; preload",
        "X-Content-Type-Options": "nosniff",
        "x-envoy-upstream-service-time": "8",
        "x-ms-region": "East US"
      },
      "ResponseBody": {
        "operationId": "31438038093_2cc874b7-84b7-43e0-87fc-b97f07828a17",
        "kind": "documentClassifierBuild",
        "status": "running",
        "createdDateTime": "2024-10-07T19:38:26Z",
        "lastUpdatedDateTime": "2024-10-07T19:38:38Z",
        "resourceLocation": "https://camaiaor-localtests.cognitiveservices.azure.com/formrecognizer/documentClassifiers/506974182?api-version=2023-07-31"
      }
    },
    {
      "RequestUri": "https://camaiaor-localtests.cognitiveservices.azure.com/formrecognizer/operations/31438038093_2cc874b7-84b7-43e0-87fc-b97f07828a17?api-version=2023-07-31",
      "RequestMethod": "GET",
      "RequestHeaders": {
        "Accept": "application/json",
        "Authorization": "Sanitized",
        "traceparent": "00-2504c2f16026203de81052b665e4a41e-e1307750261227bb-00",
        "User-Agent": "azsdk-net-AI.FormRecognizer/4.2.0-alpha.20241007.1 (.NET 8.0.8; Microsoft Windows 10.0.26100)",
        "x-ms-client-request-id": "Sanitized",
        "x-ms-return-client-request-id": "true"
      },
      "RequestBody": null,
      "StatusCode": 200,
      "ResponseHeaders": {
        "apim-request-id": "9d275701-1c48-46e8-9617-ecc8f8017d0c",
        "Content-Length": "374",
        "Content-Type": "application/json",
        "Date": "Mon, 07 Oct 2024 19:38:42 GMT",
        "Strict-Transport-Security": "max-age=31536000; includeSubDomains; preload",
        "X-Content-Type-Options": "nosniff",
        "x-envoy-upstream-service-time": "8",
        "x-ms-region": "East US"
      },
      "ResponseBody": {
        "operationId": "31438038093_2cc874b7-84b7-43e0-87fc-b97f07828a17",
        "kind": "documentClassifierBuild",
        "status": "running",
        "createdDateTime": "2024-10-07T19:38:26Z",
        "lastUpdatedDateTime": "2024-10-07T19:38:38Z",
        "resourceLocation": "https://camaiaor-localtests.cognitiveservices.azure.com/formrecognizer/documentClassifiers/506974182?api-version=2023-07-31"
      }
    },
    {
      "RequestUri": "https://camaiaor-localtests.cognitiveservices.azure.com/formrecognizer/operations/31438038093_2cc874b7-84b7-43e0-87fc-b97f07828a17?api-version=2023-07-31",
      "RequestMethod": "GET",
      "RequestHeaders": {
        "Accept": "application/json",
        "Authorization": "Sanitized",
        "traceparent": "00-2504c2f16026203de81052b665e4a41e-ffdc2ad86f40214a-00",
        "User-Agent": "azsdk-net-AI.FormRecognizer/4.2.0-alpha.20241007.1 (.NET 8.0.8; Microsoft Windows 10.0.26100)",
        "x-ms-client-request-id": "Sanitized",
        "x-ms-return-client-request-id": "true"
      },
      "RequestBody": null,
      "StatusCode": 200,
      "ResponseHeaders": {
        "apim-request-id": "67d58eb6-1245-4a40-9030-90f961708188",
        "Content-Length": "374",
        "Content-Type": "application/json",
        "Date": "Mon, 07 Oct 2024 19:38:43 GMT",
        "Strict-Transport-Security": "max-age=31536000; includeSubDomains; preload",
        "X-Content-Type-Options": "nosniff",
        "x-envoy-upstream-service-time": "7",
        "x-ms-region": "East US"
      },
      "ResponseBody": {
        "operationId": "31438038093_2cc874b7-84b7-43e0-87fc-b97f07828a17",
        "kind": "documentClassifierBuild",
        "status": "running",
        "createdDateTime": "2024-10-07T19:38:26Z",
        "lastUpdatedDateTime": "2024-10-07T19:38:38Z",
        "resourceLocation": "https://camaiaor-localtests.cognitiveservices.azure.com/formrecognizer/documentClassifiers/506974182?api-version=2023-07-31"
      }
    },
    {
      "RequestUri": "https://camaiaor-localtests.cognitiveservices.azure.com/formrecognizer/operations/31438038093_2cc874b7-84b7-43e0-87fc-b97f07828a17?api-version=2023-07-31",
      "RequestMethod": "GET",
      "RequestHeaders": {
        "Accept": "application/json",
        "Authorization": "Sanitized",
        "traceparent": "00-2504c2f16026203de81052b665e4a41e-e66cdaa6c4b47aff-00",
        "User-Agent": "azsdk-net-AI.FormRecognizer/4.2.0-alpha.20241007.1 (.NET 8.0.8; Microsoft Windows 10.0.26100)",
        "x-ms-client-request-id": "Sanitized",
        "x-ms-return-client-request-id": "true"
      },
      "RequestBody": null,
      "StatusCode": 200,
      "ResponseHeaders": {
        "apim-request-id": "9f903c4d-bfe2-407e-b928-2541959526e1",
        "Content-Length": "374",
        "Content-Type": "application/json",
        "Date": "Mon, 07 Oct 2024 19:38:44 GMT",
        "Strict-Transport-Security": "max-age=31536000; includeSubDomains; preload",
        "X-Content-Type-Options": "nosniff",
        "x-envoy-upstream-service-time": "7",
        "x-ms-region": "East US"
      },
      "ResponseBody": {
        "operationId": "31438038093_2cc874b7-84b7-43e0-87fc-b97f07828a17",
        "kind": "documentClassifierBuild",
        "status": "running",
        "createdDateTime": "2024-10-07T19:38:26Z",
        "lastUpdatedDateTime": "2024-10-07T19:38:38Z",
        "resourceLocation": "https://camaiaor-localtests.cognitiveservices.azure.com/formrecognizer/documentClassifiers/506974182?api-version=2023-07-31"
      }
    },
    {
      "RequestUri": "https://camaiaor-localtests.cognitiveservices.azure.com/formrecognizer/operations/31438038093_2cc874b7-84b7-43e0-87fc-b97f07828a17?api-version=2023-07-31",
      "RequestMethod": "GET",
      "RequestHeaders": {
        "Accept": "application/json",
        "Authorization": "Sanitized",
        "traceparent": "00-2504c2f16026203de81052b665e4a41e-f6067cb806449d66-00",
        "User-Agent": "azsdk-net-AI.FormRecognizer/4.2.0-alpha.20241007.1 (.NET 8.0.8; Microsoft Windows 10.0.26100)",
        "x-ms-client-request-id": "Sanitized",
        "x-ms-return-client-request-id": "true"
      },
      "RequestBody": null,
      "StatusCode": 200,
      "ResponseHeaders": {
        "apim-request-id": "510d102b-5864-46b4-ad15-cf0f1a0b6e20",
        "Content-Length": "374",
        "Content-Type": "application/json",
        "Date": "Mon, 07 Oct 2024 19:38:45 GMT",
        "Strict-Transport-Security": "max-age=31536000; includeSubDomains; preload",
        "X-Content-Type-Options": "nosniff",
        "x-envoy-upstream-service-time": "8",
        "x-ms-region": "East US"
      },
      "ResponseBody": {
        "operationId": "31438038093_2cc874b7-84b7-43e0-87fc-b97f07828a17",
        "kind": "documentClassifierBuild",
        "status": "running",
        "createdDateTime": "2024-10-07T19:38:26Z",
        "lastUpdatedDateTime": "2024-10-07T19:38:38Z",
        "resourceLocation": "https://camaiaor-localtests.cognitiveservices.azure.com/formrecognizer/documentClassifiers/506974182?api-version=2023-07-31"
      }
    },
    {
      "RequestUri": "https://camaiaor-localtests.cognitiveservices.azure.com/formrecognizer/operations/31438038093_2cc874b7-84b7-43e0-87fc-b97f07828a17?api-version=2023-07-31",
      "RequestMethod": "GET",
      "RequestHeaders": {
        "Accept": "application/json",
        "Authorization": "Sanitized",
        "traceparent": "00-2504c2f16026203de81052b665e4a41e-8a8b3a048957ad77-00",
        "User-Agent": "azsdk-net-AI.FormRecognizer/4.2.0-alpha.20241007.1 (.NET 8.0.8; Microsoft Windows 10.0.26100)",
        "x-ms-client-request-id": "Sanitized",
        "x-ms-return-client-request-id": "true"
      },
      "RequestBody": null,
      "StatusCode": 200,
      "ResponseHeaders": {
        "apim-request-id": "065a688c-8933-418b-a789-1b74be60ae6e",
        "Content-Length": "1136",
        "Content-Type": "application/json",
        "Date": "Mon, 07 Oct 2024 19:38:46 GMT",
        "Strict-Transport-Security": "max-age=31536000; includeSubDomains; preload",
        "X-Content-Type-Options": "nosniff",
        "x-envoy-upstream-service-time": "8",
        "x-ms-region": "East US"
      },
      "ResponseBody": {
        "operationId": "31438038093_2cc874b7-84b7-43e0-87fc-b97f07828a17",
        "kind": "documentClassifierBuild",
        "status": "succeeded",
        "createdDateTime": "2024-10-07T19:38:26Z",
        "lastUpdatedDateTime": "2024-10-07T19:38:47Z",
        "resourceLocation": "https://camaiaor-localtests.cognitiveservices.azure.com/formrecognizer/documentClassifiers/506974182?api-version=2023-07-31",
        "percentCompleted": 100,
        "result": {
          "classifierId": "506974182",
          "createdDateTime": "2024-10-07T19:38:47Z",
          "expirationDateTime": "2026-10-07T19:38:47Z",
          "apiVersion": "2023-07-31",
          "docTypes": {
            "IRS-1040-A": {
              "azureBlobSource": {
                "containerUrl": "https://sanitized.blob.core.windows.net",
                "prefix": "IRS-1040-A/train"
              }
            },
            "IRS-1040-B": {
              "azureBlobSource": {
                "containerUrl": "https://sanitized.blob.core.windows.net",
                "prefix": "IRS-1040-B/train"
              }
            },
            "IRS-1040-C": {
              "azureBlobSource": {
                "containerUrl": "https://sanitized.blob.core.windows.net",
                "prefix": "IRS-1040-C/train"
              }
            },
            "IRS-1040-D": {
              "azureBlobSource": {
                "containerUrl": "https://sanitized.blob.core.windows.net",
                "prefix": "IRS-1040-D/train"
              }
            },
            "IRS-1040-E": {
              "azureBlobSource": {
                "containerUrl": "https://sanitized.blob.core.windows.net",
                "prefix": "IRS-1040-E/train"
              }
            }
          }
        }
      }
    },
    {
      "RequestUri": "https://camaiaor-localtests.cognitiveservices.azure.com/formrecognizer/documentClassifiers/506974182?api-version=2023-07-31",
      "RequestMethod": "DELETE",
      "RequestHeaders": {
        "Accept": "application/json",
        "Ocp-Apim-Subscription-Key": "Sanitized",
        "traceparent": "00-d8e0958db5e65d13caf02bb9ffdba70e-d20745d461ae90de-00",
        "User-Agent": "azsdk-net-AI.FormRecognizer/4.2.0-alpha.20241007.1 (.NET 8.0.8; Microsoft Windows 10.0.26100)",
        "x-ms-client-request-id": "Sanitized",
        "x-ms-return-client-request-id": "true"
      },
      "RequestBody": null,
      "StatusCode": 204,
      "ResponseHeaders": {
        "apim-request-id": "bc278d89-106b-4c3a-b0fb-eb3d1e1d6699",
        "Content-Length": "0",
        "Date": "Mon, 07 Oct 2024 19:38:46 GMT",
        "Strict-Transport-Security": "max-age=31536000; includeSubDomains; preload",
        "X-Content-Type-Options": "nosniff",
        "x-envoy-upstream-service-time": "44",
        "x-ms-region": "East US"
      },
      "ResponseBody": null
    }
  ],
  "Variables": {
    "API_KEY": "Sanitized",
    "CLASSIFIER_BLOB_CONTAINER_SAS_URL": "https://sanitized.blob.core.windows.net",
    "ENDPOINT": "https://camaiaor-localtests.cognitiveservices.azure.com/",
    "RandomSeed": "1982198204"
  }
}
