{
  "Entries": [
    {
      "RequestUri": "https://REDACTED/subscriptions/00000000-0000-0000-0000-000000000000/resourcegroups/rgsql89162b6e2e?api-version=2022-09-01",
      "RequestMethod": "PUT",
      "RequestHeaders": {
        "Accept": "application/json",
        "Authorization": "Sanitized",
        "Content-Length": "21",
        "Content-Type": "application/json",
        "Date": "Tue, 25 Jul 2023 05:55:51 GMT",
        "User-Agent": "azsdk-java-com.azure.resourcemanager.resources/2.29.0-beta.1 (17.0.1; Windows 11; 10.0)",
        "x-ms-client-request-id": "be02bf9c-13c1-47ef-9787-8d28ba3d318e",
        "x-ms-return-client-request-id": "true"
      },
      "RequestBody": {
        "location": "eastus"
      },
      "StatusCode": 201,
      "ResponseHeaders": {
        "Cache-Control": "no-cache",
        "Content-Length": "227",
        "Content-Type": "application/json; charset=utf-8",
        "Date": "Tue, 25 Jul 2023 05:55:58 GMT",
        "Expires": "-1",
        "Pragma": "no-cache",
        "Strict-Transport-Security": "max-age=31536000; includeSubDomains",
        "X-Content-Type-Options": "nosniff",
        "x-ms-correlation-request-id": "5b92ead0-9056-4692-b65b-fabbdc4de7a3",
        "x-ms-ratelimit-remaining-subscription-writes": "1199",
        "x-ms-request-id": "5b92ead0-9056-4692-b65b-fabbdc4de7a3",
        "x-ms-routing-request-id": "SOUTHEASTASIA:20230725T055558Z:5b92ead0-9056-4692-b65b-fabbdc4de7a3"
      },
      "ResponseBody": {
        "id": "/subscriptions/ec0aa5f7-9e78-40c9-85cd-535c6305b380/resourceGroups/rgsql89162b6e2e",
        "name": "rgsql89162b6e2e",
        "type": "Microsoft.Resources/resourceGroups",
        "location": "eastus",
        "properties": {
          "provisioningState": "Succeeded"
        }
      }
    },
    {
      "RequestUri": "https://REDACTED/subscriptions/00000000-0000-0000-0000-000000000000/resourceGroups/rgsql89162b6e2e/providers/Microsoft.Sql/servers/javasqlserver455713?api-version=2021-11-01",
      "RequestMethod": "PUT",
      "RequestHeaders": {
        "Accept": "application/json",
        "Authorization": "Sanitized",
        "Content-Length": "118",
        "Content-Type": "application/json",
        "Date": "Tue, 25 Jul 2023 05:55:57 GMT",
        "User-Agent": "azsdk-java-com.azure.resourcemanager.sql/2.29.0-beta.1 (17.0.1; Windows 11; 10.0)",
        "x-ms-client-request-id": "83fb8c84-3448-4000-8f40-d68d08034a48",
        "x-ms-return-client-request-id": "true"
      },
      "RequestBody": {
        "location": "eastus",
        "tags": {},
        "properties": {
          "administratorLogin": "userName",
          "administratorLoginPassword": "REDACTED"
        }
      },
      "StatusCode": 202,
      "ResponseHeaders": {
        "Azure-AsyncOperation": "https://management.azure.com/subscriptions/ec0aa5f7-9e78-40c9-85cd-535c6305b380/resourceGroups/rgsql89162b6e2e/providers/Microsoft.Sql/locations/eastus/serverAzureAsyncOperation/abfbb8cd-32a3-4477-ae4b-e19a4b88d68c?api-version=2021-11-01",
        "Cache-Control": "no-cache",
        "Content-Length": "74",
        "Content-Type": "application/json; charset=utf-8",
        "Date": "Tue, 25 Jul 2023 05:56:03 GMT",
        "Expires": "-1",
        "Location": "https://management.azure.com/subscriptions/ec0aa5f7-9e78-40c9-85cd-535c6305b380/resourceGroups/rgsql89162b6e2e/providers/Microsoft.Sql/locations/eastus/serverOperationResults/abfbb8cd-32a3-4477-ae4b-e19a4b88d68c?api-version=2021-11-01",
        "Pragma": "no-cache",
        "Retry-After": "0",
        "Server": "Microsoft-HTTPAPI/2.0",
        "Strict-Transport-Security": "max-age=31536000; includeSubDomains",
        "X-Content-Type-Options": "nosniff",
        "x-ms-correlation-request-id": "2d547f03-8d8d-4485-804a-996427a7ef92",
        "x-ms-ratelimit-remaining-subscription-writes": "1196",
        "x-ms-request-id": "abfbb8cd-32a3-4477-ae4b-e19a4b88d68c",
        "x-ms-routing-request-id": "SOUTHEASTASIA:20230725T055603Z:2d547f03-8d8d-4485-804a-996427a7ef92"
      },
      "ResponseBody": {
        "operation": "UpsertLogicalServer",
        "startTime": "2023-07-25T05:56:03.037Z"
      }
    },
    {
      "RequestUri": "https://REDACTED/subscriptions/00000000-0000-0000-0000-000000000000/resourceGroups/rgsql89162b6e2e/providers/Microsoft.Sql/locations/eastus/serverAzureAsyncOperation/abfbb8cd-32a3-4477-ae4b-e19a4b88d68c?api-version=2021-11-01",
      "RequestMethod": "GET",
      "RequestHeaders": {
        "Accept": "application/json",
        "Authorization": "Sanitized",
        "Date": "Tue, 25 Jul 2023 05:56:03 GMT",
        "User-Agent": "azsdk-java-com.azure.resourcemanager.sql/2.29.0-beta.1 (17.0.1; Windows 11; 10.0)",
        "x-ms-client-request-id": "5a6da970-b2f8-4173-9f6c-33772b0a21ab",
        "x-ms-return-client-request-id": "true"
      },
      "RequestBody": null,
      "StatusCode": 200,
      "ResponseHeaders": {
        "Cache-Control": "no-cache",
        "Content-Length": "108",
        "Content-Type": "application/json; charset=utf-8",
        "Date": "Tue, 25 Jul 2023 05:56:04 GMT",
        "Expires": "-1",
        "Pragma": "no-cache",
        "Retry-After": "0",
        "Server": "Microsoft-HTTPAPI/2.0",
        "Strict-Transport-Security": "max-age=31536000; includeSubDomains",
        "X-Content-Type-Options": "nosniff",
        "x-ms-correlation-request-id": "1cb1799b-8c87-49a9-884a-c273df138027",
        "x-ms-ratelimit-remaining-subscription-reads": "11998",
        "x-ms-request-id": "c0e6cbeb-e428-407b-945d-b5583738cee3",
        "x-ms-routing-request-id": "SOUTHEASTASIA:20230725T055604Z:1cb1799b-8c87-49a9-884a-c273df138027"
      },
      "ResponseBody": {
        "name": "abfbb8cd-32a3-4477-ae4b-e19a4b88d68c",
        "status": "InProgress",
        "startTime": "2023-07-25T05:56:03.037Z"
      }
    },
    {
      "RequestUri": "https://REDACTED/subscriptions/00000000-0000-0000-0000-000000000000/resourceGroups/rgsql89162b6e2e/providers/Microsoft.Sql/locations/eastus/serverAzureAsyncOperation/abfbb8cd-32a3-4477-ae4b-e19a4b88d68c?api-version=2021-11-01",
      "RequestMethod": "GET",
      "RequestHeaders": {
        "Accept": "application/json",
        "Authorization": "Sanitized",
        "Date": "Tue, 25 Jul 2023 05:56:05 GMT",
        "User-Agent": "azsdk-java-com.azure.resourcemanager.sql/2.29.0-beta.1 (17.0.1; Windows 11; 10.0)",
        "x-ms-client-request-id": "81f2cad6-5611-4b81-8741-75b994227fd6",
        "x-ms-return-client-request-id": "true"
      },
      "RequestBody": null,
      "StatusCode": 200,
      "ResponseHeaders": {
        "Cache-Control": "no-cache",
        "Content-Length": "108",
        "Content-Type": "application/json; charset=utf-8",
        "Date": "Tue, 25 Jul 2023 05:56:05 GMT",
        "Expires": "-1",
        "Pragma": "no-cache",
        "Retry-After": "0",
        "Server": "Microsoft-HTTPAPI/2.0",
        "Strict-Transport-Security": "max-age=31536000; includeSubDomains",
        "X-Content-Type-Options": "nosniff",
        "x-ms-correlation-request-id": "2feb35fd-0eb5-4b49-b45e-a7e4ec6b9cc8",
        "x-ms-ratelimit-remaining-subscription-reads": "11998",
        "x-ms-request-id": "d644470a-c392-4e44-a4e8-e062899a9015",
        "x-ms-routing-request-id": "SOUTHEASTASIA:20230725T055606Z:2feb35fd-0eb5-4b49-b45e-a7e4ec6b9cc8"
      },
      "ResponseBody": {
        "name": "abfbb8cd-32a3-4477-ae4b-e19a4b88d68c",
        "status": "InProgress",
        "startTime": "2023-07-25T05:56:03.037Z"
      }
    },
    {
      "RequestUri": "https://REDACTED/subscriptions/00000000-0000-0000-0000-000000000000/resourceGroups/rgsql89162b6e2e/providers/Microsoft.Sql/locations/eastus/serverAzureAsyncOperation/abfbb8cd-32a3-4477-ae4b-e19a4b88d68c?api-version=2021-11-01",
      "RequestMethod": "GET",
      "RequestHeaders": {
        "Accept": "application/json",
        "Authorization": "Sanitized",
        "Date": "Tue, 25 Jul 2023 05:56:06 GMT",
        "User-Agent": "azsdk-java-com.azure.resourcemanager.sql/2.29.0-beta.1 (17.0.1; Windows 11; 10.0)",
        "x-ms-client-request-id": "b301aa26-68c9-4c17-95c9-079aed814ce3",
        "x-ms-return-client-request-id": "true"
      },
      "RequestBody": null,
      "StatusCode": 200,
      "ResponseHeaders": {
        "Cache-Control": "no-cache",
        "Content-Length": "108",
        "Content-Type": "application/json; charset=utf-8",
        "Date": "Tue, 25 Jul 2023 05:56:07 GMT",
        "Expires": "-1",
        "Pragma": "no-cache",
        "Retry-After": "0",
        "Server": "Microsoft-HTTPAPI/2.0",
        "Strict-Transport-Security": "max-age=31536000; includeSubDomains",
        "X-Content-Type-Options": "nosniff",
        "x-ms-correlation-request-id": "632e4884-54d2-46ab-8dc4-d804903b859c",
        "x-ms-ratelimit-remaining-subscription-reads": "11944",
        "x-ms-request-id": "4ee3c80f-cdba-4b1b-84cb-38c2703e2992",
        "x-ms-routing-request-id": "SOUTHEASTASIA:20230725T055607Z:632e4884-54d2-46ab-8dc4-d804903b859c"
      },
      "ResponseBody": {
        "name": "abfbb8cd-32a3-4477-ae4b-e19a4b88d68c",
        "status": "InProgress",
        "startTime": "2023-07-25T05:56:03.037Z"
      }
    },
    {
      "RequestUri": "https://REDACTED/subscriptions/00000000-0000-0000-0000-000000000000/resourceGroups/rgsql89162b6e2e/providers/Microsoft.Sql/locations/eastus/serverAzureAsyncOperation/abfbb8cd-32a3-4477-ae4b-e19a4b88d68c?api-version=2021-11-01",
      "RequestMethod": "GET",
      "RequestHeaders": {
        "Accept": "application/json",
        "Authorization": "Sanitized",
        "Date": "Tue, 25 Jul 2023 05:56:07 GMT",
        "User-Agent": "azsdk-java-com.azure.resourcemanager.sql/2.29.0-beta.1 (17.0.1; Windows 11; 10.0)",
        "x-ms-client-request-id": "c9451b49-0f69-4433-8d49-9282d16f8204",
        "x-ms-return-client-request-id": "true"
      },
      "RequestBody": null,
      "StatusCode": 200,
      "ResponseHeaders": {
        "Cache-Control": "no-cache",
        "Content-Length": "108",
        "Content-Type": "application/json; charset=utf-8",
        "Date": "Tue, 25 Jul 2023 05:56:08 GMT",
        "Expires": "-1",
        "Pragma": "no-cache",
        "Retry-After": "0",
        "Server": "Microsoft-HTTPAPI/2.0",
        "Strict-Transport-Security": "max-age=31536000; includeSubDomains",
        "X-Content-Type-Options": "nosniff",
        "x-ms-correlation-request-id": "ba3bae42-beca-45e8-83fd-b31f5997347d",
        "x-ms-ratelimit-remaining-subscription-reads": "11991",
        "x-ms-request-id": "a0a0eafd-3e8c-48a7-8b84-b124c9003d87",
        "x-ms-routing-request-id": "SOUTHEASTASIA:20230725T055608Z:ba3bae42-beca-45e8-83fd-b31f5997347d"
      },
      "ResponseBody": {
        "name": "abfbb8cd-32a3-4477-ae4b-e19a4b88d68c",
        "status": "InProgress",
        "startTime": "2023-07-25T05:56:03.037Z"
      }
    },
    {
      "RequestUri": "https://REDACTED/subscriptions/00000000-0000-0000-0000-000000000000/resourceGroups/rgsql89162b6e2e/providers/Microsoft.Sql/locations/eastus/serverAzureAsyncOperation/abfbb8cd-32a3-4477-ae4b-e19a4b88d68c?api-version=2021-11-01",
      "RequestMethod": "GET",
      "RequestHeaders": {
        "Accept": "application/json",
        "Authorization": "Sanitized",
        "Date": "Tue, 25 Jul 2023 05:56:28 GMT",
        "User-Agent": "azsdk-java-com.azure.resourcemanager.sql/2.29.0-beta.1 (17.0.1; Windows 11; 10.0)",
        "x-ms-client-request-id": "12c1aa4a-788a-4eed-ba6f-594d911f115c",
        "x-ms-return-client-request-id": "true"
      },
      "RequestBody": null,
      "StatusCode": 200,
      "ResponseHeaders": {
        "Cache-Control": "no-cache",
        "Content-Length": "108",
        "Content-Type": "application/json; charset=utf-8",
        "Date": "Tue, 25 Jul 2023 05:56:29 GMT",
        "Expires": "-1",
        "Pragma": "no-cache",
        "Retry-After": "0",
        "Server": "Microsoft-HTTPAPI/2.0",
        "Strict-Transport-Security": "max-age=31536000; includeSubDomains",
        "X-Content-Type-Options": "nosniff",
        "x-ms-correlation-request-id": "3c47f5da-9a90-4a56-a9b8-82d81b14c8c8",
        "x-ms-ratelimit-remaining-subscription-reads": "11988",
        "x-ms-request-id": "c071e330-4e63-4122-ab07-8c24d2191c09",
        "x-ms-routing-request-id": "SOUTHEASTASIA:20230725T055629Z:3c47f5da-9a90-4a56-a9b8-82d81b14c8c8"
      },
      "ResponseBody": {
        "name": "abfbb8cd-32a3-4477-ae4b-e19a4b88d68c",
        "status": "InProgress",
        "startTime": "2023-07-25T05:56:03.037Z"
      }
    },
    {
      "RequestUri": "https://REDACTED/subscriptions/00000000-0000-0000-0000-000000000000/resourceGroups/rgsql89162b6e2e/providers/Microsoft.Sql/locations/eastus/serverAzureAsyncOperation/abfbb8cd-32a3-4477-ae4b-e19a4b88d68c?api-version=2021-11-01",
      "RequestMethod": "GET",
      "RequestHeaders": {
        "Accept": "application/json",
        "Authorization": "Sanitized",
        "Date": "Tue, 25 Jul 2023 05:56:48 GMT",
        "User-Agent": "azsdk-java-com.azure.resourcemanager.sql/2.29.0-beta.1 (17.0.1; Windows 11; 10.0)",
        "x-ms-client-request-id": "efd7e955-63cb-448e-ac16-875085965cfd",
        "x-ms-return-client-request-id": "true"
      },
      "RequestBody": null,
      "StatusCode": 200,
      "ResponseHeaders": {
        "Cache-Control": "no-cache",
        "Content-Length": "108",
        "Content-Type": "application/json; charset=utf-8",
        "Date": "Tue, 25 Jul 2023 05:56:49 GMT",
        "Expires": "-1",
        "Pragma": "no-cache",
        "Retry-After": "0",
        "Server": "Microsoft-HTTPAPI/2.0",
        "Strict-Transport-Security": "max-age=31536000; includeSubDomains",
        "X-Content-Type-Options": "nosniff",
        "x-ms-correlation-request-id": "7b47b86f-4077-4af3-ba91-8d3b40cba028",
        "x-ms-ratelimit-remaining-subscription-reads": "11984",
        "x-ms-request-id": "7069a6c0-c939-4758-917e-d59aad1c08be",
        "x-ms-routing-request-id": "SOUTHEASTASIA:20230725T055649Z:7b47b86f-4077-4af3-ba91-8d3b40cba028"
      },
      "ResponseBody": {
        "name": "abfbb8cd-32a3-4477-ae4b-e19a4b88d68c",
        "status": "InProgress",
        "startTime": "2023-07-25T05:56:03.037Z"
      }
    },
    {
      "RequestUri": "https://REDACTED/subscriptions/00000000-0000-0000-0000-000000000000/resourceGroups/rgsql89162b6e2e/providers/Microsoft.Sql/locations/eastus/serverAzureAsyncOperation/abfbb8cd-32a3-4477-ae4b-e19a4b88d68c?api-version=2021-11-01",
      "RequestMethod": "GET",
      "RequestHeaders": {
        "Accept": "application/json",
        "Authorization": "Sanitized",
        "Date": "Tue, 25 Jul 2023 05:57:09 GMT",
        "User-Agent": "azsdk-java-com.azure.resourcemanager.sql/2.29.0-beta.1 (17.0.1; Windows 11; 10.0)",
        "x-ms-client-request-id": "4e2f6872-dd04-45af-bb85-6a9de61357dd",
        "x-ms-return-client-request-id": "true"
      },
      "RequestBody": null,
      "StatusCode": 200,
      "ResponseHeaders": {
        "Cache-Control": "no-cache",
        "Content-Length": "107",
        "Content-Type": "application/json; charset=utf-8",
        "Date": "Tue, 25 Jul 2023 05:57:09 GMT",
        "Expires": "-1",
        "Pragma": "no-cache",
        "Retry-After": "0",
        "Server": "Microsoft-HTTPAPI/2.0",
        "Strict-Transport-Security": "max-age=31536000; includeSubDomains",
        "X-Content-Type-Options": "nosniff",
        "x-ms-correlation-request-id": "0ac23e60-a8f7-4c90-9775-a675c43befcc",
        "x-ms-ratelimit-remaining-subscription-reads": "11986",
        "x-ms-request-id": "a1a68a41-e54f-48ab-a5bc-113edf53af1c",
        "x-ms-routing-request-id": "SOUTHEASTASIA:20230725T055710Z:0ac23e60-a8f7-4c90-9775-a675c43befcc"
      },
      "ResponseBody": {
        "name": "abfbb8cd-32a3-4477-ae4b-e19a4b88d68c",
        "status": "Succeeded",
        "startTime": "2023-07-25T05:56:03.037Z"
      }
    },
    {
      "RequestUri": "https://REDACTED/subscriptions/00000000-0000-0000-0000-000000000000/resourceGroups/rgsql89162b6e2e/providers/Microsoft.Sql/servers/javasqlserver455713?api-version=2021-11-01",
      "RequestMethod": "GET",
      "RequestHeaders": {
        "Accept": "application/json",
        "Authorization": "Sanitized",
        "Date": "Tue, 25 Jul 2023 05:57:09 GMT",
        "User-Agent": "azsdk-java-com.azure.resourcemanager.sql/2.29.0-beta.1 (17.0.1; Windows 11; 10.0)",
        "x-ms-client-request-id": "03e66f71-f8d4-4168-bf4a-663064e8baf5",
        "x-ms-return-client-request-id": "true"
      },
      "RequestBody": null,
      "StatusCode": 200,
      "ResponseHeaders": {
        "Cache-Control": "no-cache",
        "Content-Length": "532",
        "Content-Type": "application/json; charset=utf-8",
        "Date": "Tue, 25 Jul 2023 05:57:10 GMT",
        "Expires": "-1",
        "Pragma": "no-cache",
        "Server": "Microsoft-HTTPAPI/2.0",
        "Strict-Transport-Security": "max-age=31536000; includeSubDomains",
        "X-Content-Type-Options": "nosniff",
        "x-ms-correlation-request-id": "4bc8ec44-80aa-4889-8e76-b90b30339d98",
        "x-ms-ratelimit-remaining-subscription-reads": "11953",
        "x-ms-request-id": "e5cc644b-275a-4d95-809b-30851e7c3d5e",
        "x-ms-routing-request-id": "SOUTHEASTASIA:20230725T055710Z:4bc8ec44-80aa-4889-8e76-b90b30339d98"
      },
      "ResponseBody": {
        "kind": "v12.0",
        "properties": {
          "administratorLogin": "userName",
          "version": "12.0",
          "state": "Ready",
          "fullyQualifiedDomainName": "javasqlserver455713.database.windows.net",
          "privateEndpointConnections": [],
          "minimalTlsVersion": "None",
          "publicNetworkAccess": "Enabled",
          "restrictOutboundNetworkAccess": "Disabled"
        },
        "location": "eastus",
        "tags": {},
        "id": "/subscriptions/ec0aa5f7-9e78-40c9-85cd-535c6305b380/resourceGroups/rgsql89162b6e2e/providers/Microsoft.Sql/servers/javasqlserver455713",
        "name": "javasqlserver455713",
        "type": "Microsoft.Sql/servers"
      }
    },
    {
      "RequestUri": "https://REDACTED/subscriptions/00000000-0000-0000-0000-000000000000/resourceGroups/rgsql89162b6e2e/providers/Microsoft.Sql/servers/javasqlserver455713/firewallRules/AllowAllWindowsAzureIps?api-version=2021-11-01",
      "RequestMethod": "PUT",
      "RequestHeaders": {
        "Accept": "application/json",
        "Authorization": "Sanitized",
        "Content-Length": "68",
        "Content-Type": "application/json",
        "Date": "Tue, 25 Jul 2023 05:57:10 GMT",
        "User-Agent": "azsdk-java-com.azure.resourcemanager.sql/2.29.0-beta.1 (17.0.1; Windows 11; 10.0)",
        "x-ms-client-request-id": "49904266-8c78-4995-ad00-e5311835933e",
        "x-ms-return-client-request-id": "true"
      },
      "RequestBody": {
        "properties": {
          "startIpAddress": "0.0.0.0",
          "endIpAddress": "0.0.0.0"
        }
      },
      "StatusCode": 200,
      "ResponseHeaders": {
        "Cache-Control": "no-cache",
        "Content-Length": "326",
        "Content-Type": "application/json; charset=utf-8",
        "Date": "Tue, 25 Jul 2023 05:57:13 GMT",
        "Expires": "-1",
        "Pragma": "no-cache",
        "Server": "Microsoft-HTTPAPI/2.0",
        "Strict-Transport-Security": "max-age=31536000; includeSubDomains",
        "X-Content-Type-Options": "nosniff",
        "x-ms-correlation-request-id": "cbb287b1-65d0-43d9-97b5-2d5bb9ce9af4",
        "x-ms-ratelimit-remaining-subscription-writes": "1199",
        "x-ms-request-id": "0f2fa971-a6b3-4beb-8acf-c08393aa3627",
        "x-ms-routing-request-id": "SOUTHEASTASIA:20230725T055713Z:cbb287b1-65d0-43d9-97b5-2d5bb9ce9af4"
      },
      "ResponseBody": {
        "properties": {
          "startIpAddress": "0.0.0.0",
          "endIpAddress": "0.0.0.0"
        },
        "id": "/subscriptions/ec0aa5f7-9e78-40c9-85cd-535c6305b380/resourceGroups/rgsql89162b6e2e/providers/Microsoft.Sql/servers/javasqlserver455713/firewallRules/AllowAllWindowsAzureIps",
        "name": "AllowAllWindowsAzureIps",
        "type": "Microsoft.Sql/servers/firewallRules"
      }
    },
    {
      "RequestUri": "https://REDACTED/subscriptions/00000000-0000-0000-0000-000000000000/resourceGroups/rgsql89162b6e2e/providers/Microsoft.Sql/servers/javasqlserver455713/databases/myTestDatabase2?api-version=2021-11-01",
      "RequestMethod": "PUT",
      "RequestHeaders": {
        "Accept": "application/json",
        "Authorization": "Sanitized",
        "Content-Length": "102",
        "Content-Type": "application/json",
        "Date": "Tue, 25 Jul 2023 05:57:13 GMT",
        "User-Agent": "azsdk-java-com.azure.resourcemanager.sql/2.29.0-beta.1 (17.0.1; Windows 11; 10.0)",
        "x-ms-client-request-id": "86a97ce6-d95f-48a7-b8c9-1ada4e5d4d77",
        "x-ms-return-client-request-id": "true"
      },
      "RequestBody": {
        "location": "eastus",
        "sku": {
          "name": "S0",
          "tier": "Standard"
        },
        "properties": {
          "maxSizeBytes": 268435456000
        }
      },
      "StatusCode": 202,
      "ResponseHeaders": {
        "Azure-AsyncOperation": "https://management.azure.com/subscriptions/ec0aa5f7-9e78-40c9-85cd-535c6305b380/resourceGroups/rgsql89162b6e2e/providers/Microsoft.Sql/locations/eastus/databaseAzureAsyncOperation/3bd605ef-7ae9-4555-a590-b4162e1ab006?api-version=2021-11-01",
        "Cache-Control": "no-cache",
        "Content-Length": "76",
        "Content-Type": "application/json; charset=utf-8",
        "Date": "Tue, 25 Jul 2023 05:57:18 GMT",
        "Expires": "-1",
        "Location": "https://management.azure.com/subscriptions/ec0aa5f7-9e78-40c9-85cd-535c6305b380/resourceGroups/rgsql89162b6e2e/providers/Microsoft.Sql/locations/eastus/databaseOperationResults/3bd605ef-7ae9-4555-a590-b4162e1ab006?api-version=2021-11-01",
        "Pragma": "no-cache",
        "Retry-After": "0",
        "Server": "Microsoft-HTTPAPI/2.0",
        "Strict-Transport-Security": "max-age=31536000; includeSubDomains",
        "X-Content-Type-Options": "nosniff",
        "x-ms-correlation-request-id": "784b8df1-cf60-43ba-8769-61f80a0ecf10",
        "x-ms-ratelimit-remaining-subscription-writes": "1198",
        "x-ms-request-id": "3bd605ef-7ae9-4555-a590-b4162e1ab006",
        "x-ms-routing-request-id": "SOUTHEASTASIA:20230725T055719Z:784b8df1-cf60-43ba-8769-61f80a0ecf10"
      },
      "ResponseBody": {
        "operation": "CreateLogicalDatabase",
        "startTime": "2023-07-25T05:57:19.563Z"
      }
    },
    {
      "RequestUri": "https://REDACTED/subscriptions/00000000-0000-0000-0000-000000000000/resourceGroups/rgsql89162b6e2e/providers/Microsoft.Sql/locations/eastus/databaseAzureAsyncOperation/3bd605ef-7ae9-4555-a590-b4162e1ab006?api-version=2021-11-01",
      "RequestMethod": "GET",
      "RequestHeaders": {
        "Accept": "application/json",
        "Authorization": "Sanitized",
        "Date": "Tue, 25 Jul 2023 05:57:34 GMT",
        "User-Agent": "azsdk-java-com.azure.resourcemanager.sql/2.29.0-beta.1 (17.0.1; Windows 11; 10.0)",
        "x-ms-client-request-id": "0eba756d-cf44-4f70-9964-c47474f15b60",
        "x-ms-return-client-request-id": "true"
      },
      "RequestBody": null,
      "StatusCode": 200,
      "ResponseHeaders": {
        "Cache-Control": "no-cache",
        "Content-Length": "108",
        "Content-Type": "application/json; charset=utf-8",
        "Date": "Tue, 25 Jul 2023 05:57:34 GMT",
        "Expires": "-1",
        "Pragma": "no-cache",
        "Retry-After": "0",
        "Server": "Microsoft-HTTPAPI/2.0",
        "Strict-Transport-Security": "max-age=31536000; includeSubDomains",
        "X-Content-Type-Options": "nosniff",
        "x-ms-correlation-request-id": "5e58703d-16b5-42b4-8ff0-a47b9cd46334",
        "x-ms-ratelimit-remaining-subscription-reads": "11980",
        "x-ms-request-id": "7b2e6b93-1867-4362-b92d-42b51ff9aa80",
        "x-ms-routing-request-id": "SOUTHEASTASIA:20230725T055735Z:5e58703d-16b5-42b4-8ff0-a47b9cd46334"
      },
      "ResponseBody": {
        "name": "3bd605ef-7ae9-4555-a590-b4162e1ab006",
        "status": "InProgress",
        "startTime": "2023-07-25T05:57:19.563Z"
      }
    },
    {
      "RequestUri": "https://REDACTED/subscriptions/00000000-0000-0000-0000-000000000000/resourceGroups/rgsql89162b6e2e/providers/Microsoft.Sql/locations/eastus/databaseAzureAsyncOperation/3bd605ef-7ae9-4555-a590-b4162e1ab006?api-version=2021-11-01",
      "RequestMethod": "GET",
      "RequestHeaders": {
        "Accept": "application/json",
        "Authorization": "Sanitized",
        "Date": "Tue, 25 Jul 2023 05:57:49 GMT",
        "User-Agent": "azsdk-java-com.azure.resourcemanager.sql/2.29.0-beta.1 (17.0.1; Windows 11; 10.0)",
        "x-ms-client-request-id": "44253438-e617-4f61-8e86-40377e7975dc",
        "x-ms-return-client-request-id": "true"
      },
      "RequestBody": null,
      "StatusCode": 200,
      "ResponseHeaders": {
        "Cache-Control": "no-cache",
        "Content-Length": "108",
        "Content-Type": "application/json; charset=utf-8",
        "Date": "Tue, 25 Jul 2023 05:57:50 GMT",
        "Expires": "-1",
        "Pragma": "no-cache",
        "Retry-After": "0",
        "Server": "Microsoft-HTTPAPI/2.0",
        "Strict-Transport-Security": "max-age=31536000; includeSubDomains",
        "X-Content-Type-Options": "nosniff",
        "x-ms-correlation-request-id": "685ccbd9-03c3-4005-a35e-68946152cfd8",
        "x-ms-ratelimit-remaining-subscription-reads": "11976",
        "x-ms-request-id": "3b67b9d9-0d8b-4072-b17b-5536e99e5fcb",
        "x-ms-routing-request-id": "SOUTHEASTASIA:20230725T055750Z:685ccbd9-03c3-4005-a35e-68946152cfd8"
      },
      "ResponseBody": {
        "name": "3bd605ef-7ae9-4555-a590-b4162e1ab006",
        "status": "InProgress",
        "startTime": "2023-07-25T05:57:19.563Z"
      }
    },
    {
      "RequestUri": "https://REDACTED/subscriptions/00000000-0000-0000-0000-000000000000/resourceGroups/rgsql89162b6e2e/providers/Microsoft.Sql/locations/eastus/databaseAzureAsyncOperation/3bd605ef-7ae9-4555-a590-b4162e1ab006?api-version=2021-11-01",
      "RequestMethod": "GET",
      "RequestHeaders": {
        "Accept": "application/json",
        "Authorization": "Sanitized",
        "Date": "Tue, 25 Jul 2023 05:58:04 GMT",
        "User-Agent": "azsdk-java-com.azure.resourcemanager.sql/2.29.0-beta.1 (17.0.1; Windows 11; 10.0)",
        "x-ms-client-request-id": "e4aa2199-5663-45a2-aa8b-726c05a4e03c",
        "x-ms-return-client-request-id": "true"
      },
      "RequestBody": null,
      "StatusCode": 200,
      "ResponseHeaders": {
        "Cache-Control": "no-cache",
        "Content-Length": "108",
        "Content-Type": "application/json; charset=utf-8",
        "Date": "Tue, 25 Jul 2023 05:58:05 GMT",
        "Expires": "-1",
        "Pragma": "no-cache",
        "Retry-After": "0",
        "Server": "Microsoft-HTTPAPI/2.0",
        "Strict-Transport-Security": "max-age=31536000; includeSubDomains",
        "X-Content-Type-Options": "nosniff",
        "x-ms-correlation-request-id": "52f9667d-7395-4141-9d4c-5b6639be6c92",
        "x-ms-ratelimit-remaining-subscription-reads": "11910",
        "x-ms-request-id": "d19fa4e6-b53f-4a52-ba97-028291e0c61f",
        "x-ms-routing-request-id": "SOUTHEASTASIA:20230725T055806Z:52f9667d-7395-4141-9d4c-5b6639be6c92"
      },
      "ResponseBody": {
        "name": "3bd605ef-7ae9-4555-a590-b4162e1ab006",
        "status": "InProgress",
        "startTime": "2023-07-25T05:57:19.563Z"
      }
    },
    {
      "RequestUri": "https://REDACTED/subscriptions/00000000-0000-0000-0000-000000000000/resourceGroups/rgsql89162b6e2e/providers/Microsoft.Sql/locations/eastus/databaseAzureAsyncOperation/3bd605ef-7ae9-4555-a590-b4162e1ab006?api-version=2021-11-01",
      "RequestMethod": "GET",
      "RequestHeaders": {
        "Accept": "application/json",
        "Authorization": "Sanitized",
        "Date": "Tue, 25 Jul 2023 05:58:20 GMT",
        "User-Agent": "azsdk-java-com.azure.resourcemanager.sql/2.29.0-beta.1 (17.0.1; Windows 11; 10.0)",
        "x-ms-client-request-id": "f0d5252f-369b-492f-a85f-f45c5a64cda5",
        "x-ms-return-client-request-id": "true"
      },
      "RequestBody": null,
      "StatusCode": 200,
      "ResponseHeaders": {
        "Cache-Control": "no-cache",
        "Content-Length": "107",
        "Content-Type": "application/json; charset=utf-8",
        "Date": "Tue, 25 Jul 2023 05:58:21 GMT",
        "Expires": "-1",
        "Pragma": "no-cache",
        "Retry-After": "0",
        "Server": "Microsoft-HTTPAPI/2.0",
        "Strict-Transport-Security": "max-age=31536000; includeSubDomains",
        "X-Content-Type-Options": "nosniff",
        "x-ms-correlation-request-id": "5989e8ce-afe0-4bf6-b220-bac25903023a",
        "x-ms-ratelimit-remaining-subscription-reads": "11930",
        "x-ms-request-id": "b5fc4237-93c3-411f-932d-ef30ad22405a",
        "x-ms-routing-request-id": "SOUTHEASTASIA:20230725T055821Z:5989e8ce-afe0-4bf6-b220-bac25903023a"
      },
      "ResponseBody": {
        "name": "3bd605ef-7ae9-4555-a590-b4162e1ab006",
        "status": "Succeeded",
        "startTime": "2023-07-25T05:57:19.563Z"
      }
    },
    {
      "RequestUri": "https://REDACTED/subscriptions/00000000-0000-0000-0000-000000000000/resourceGroups/rgsql89162b6e2e/providers/Microsoft.Sql/servers/javasqlserver455713/databases/myTestDatabase2?api-version=2021-11-01",
      "RequestMethod": "GET",
      "RequestHeaders": {
        "Accept": "application/json",
        "Authorization": "Sanitized",
        "Date": "Tue, 25 Jul 2023 05:58:20 GMT",
        "User-Agent": "azsdk-java-com.azure.resourcemanager.sql/2.29.0-beta.1 (17.0.1; Windows 11; 10.0)",
        "x-ms-client-request-id": "54cce9f9-9e6b-416e-bdeb-1c8f6de5f80a",
        "x-ms-return-client-request-id": "true"
      },
      "RequestBody": null,
      "StatusCode": 200,
      "ResponseHeaders": {
        "Cache-Control": "no-cache",
        "Content-Length": "1090",
        "Content-Type": "application/json; charset=utf-8",
        "Date": "Tue, 25 Jul 2023 05:58:21 GMT",
        "Expires": "-1",
        "Pragma": "no-cache",
        "Server": "Microsoft-HTTPAPI/2.0",
        "Strict-Transport-Security": "max-age=31536000; includeSubDomains",
        "X-Content-Type-Options": "nosniff",
        "x-ms-correlation-request-id": "7c1f9e5d-37bc-4fbd-9c26-56775575f92f",
        "x-ms-ratelimit-remaining-subscription-reads": "11929",
        "x-ms-request-id": "7eb4c5b4-80ef-4840-91ba-6ad82ad74229",
        "x-ms-routing-request-id": "SOUTHEASTASIA:20230725T055822Z:7c1f9e5d-37bc-4fbd-9c26-56775575f92f"
      },
      "ResponseBody": {
        "sku": {
          "name": "Standard",
          "tier": "Standard",
          "capacity": 10
        },
        "kind": "v12.0,user",
        "properties": {
          "collation": "SQL_Latin1_General_CP1_CI_AS",
          "maxSizeBytes": 268435456000,
          "status": "Online",
          "databaseId": "f25c5c34-8ab0-4594-a0ee-369d24ef562d",
          "creationDate": "2023-07-25T05:58:09.877Z",
          "currentServiceObjectiveName": "S0",
          "requestedServiceObjectiveName": "S0",
          "defaultSecondaryLocation": "westus",
          "catalogCollation": "SQL_Latin1_General_CP1_CI_AS",
          "zoneRedundant": false,
          "readScale": "Disabled",
          "currentSku": {
            "name": "Standard",
            "tier": "Standard",
            "capacity": 10
          },
          "currentBackupStorageRedundancy": "Geo",
          "requestedBackupStorageRedundancy": "Geo",
          "maintenanceConfigurationId": "/subscriptions/ec0aa5f7-9e78-40c9-85cd-535c6305b380/providers/Microsoft.Maintenance/publicMaintenanceConfigurations/SQL_Default",
          "isLedgerOn": false,
          "isInfraEncryptionEnabled": false
        },
        "location": "eastus",
        "id": "/subscriptions/ec0aa5f7-9e78-40c9-85cd-535c6305b380/resourceGroups/rgsql89162b6e2e/providers/Microsoft.Sql/servers/javasqlserver455713/databases/myTestDatabase2",
        "name": "myTestDatabase2",
        "type": "Microsoft.Sql/servers/databases"
      }
    },
    {
      "RequestUri": "https://REDACTED/subscriptions/00000000-0000-0000-0000-000000000000/resourceGroups/rgsql89162b6e2e/providers/Microsoft.Sql/servers/javasqlserver455713/databases?api-version=2021-11-01",
      "RequestMethod": "GET",
      "RequestHeaders": {
        "Accept": "application/json",
        "Authorization": "Sanitized",
        "Content-Length": "0",
        "Content-Type": "application/json",
        "Date": "Tue, 25 Jul 2023 05:58:21 GMT",
        "User-Agent": "azsdk-java-com.azure.resourcemanager.sql/2.29.0-beta.1 (17.0.1; Windows 11; 10.0)",
        "x-ms-client-request-id": "0145560a-cc62-4877-a8c1-d563498bd2d5",
        "x-ms-return-client-request-id": "true"
      },
      "RequestBody": null,
      "StatusCode": 200,
      "ResponseHeaders": {
        "Cache-Control": "no-cache",
        "Content-Length": "2329",
        "Content-Type": "application/json; charset=utf-8",
        "Date": "Tue, 25 Jul 2023 05:58:22 GMT",
        "Expires": "-1",
        "Pragma": "no-cache",
        "Server": "Microsoft-HTTPAPI/2.0",
        "Strict-Transport-Security": "max-age=31536000; includeSubDomains",
        "X-Content-Type-Options": "nosniff",
        "x-ms-correlation-request-id": "e9eedfc0-67bc-4c13-a903-7ee1e7c710ca",
        "x-ms-ratelimit-remaining-subscription-reads": "11928",
        "x-ms-request-id": "f22424b6-10c4-41ef-adf1-ed4f48a3b72f",
        "x-ms-routing-request-id": "SOUTHEASTASIA:20230725T055822Z:e9eedfc0-67bc-4c13-a903-7ee1e7c710ca"
      },
      "ResponseBody": {
        "value": [
          {
            "sku": {
              "name": "Standard",
              "tier": "Standard",
              "capacity": 10
            },
            "kind": "v12.0,user",
            "properties": {
              "collation": "SQL_Latin1_General_CP1_CI_AS",
              "maxSizeBytes": 268435456000,
              "status": "Online",
              "databaseId": "f25c5c34-8ab0-4594-a0ee-369d24ef562d",
              "creationDate": "2023-07-25T05:58:09.877Z",
              "currentServiceObjectiveName": "S0",
              "requestedServiceObjectiveName": "S0",
              "defaultSecondaryLocation": "westus",
              "catalogCollation": "SQL_Latin1_General_CP1_CI_AS",
              "zoneRedundant": false,
              "readScale": "Disabled",
              "currentSku": {
                "name": "Standard",
                "tier": "Standard",
                "capacity": 10
              },
              "currentBackupStorageRedundancy": "Geo",
              "requestedBackupStorageRedundancy": "Geo",
              "maintenanceConfigurationId": "/subscriptions/ec0aa5f7-9e78-40c9-85cd-535c6305b380/providers/Microsoft.Maintenance/publicMaintenanceConfigurations/SQL_Default",
              "isLedgerOn": false,
              "isInfraEncryptionEnabled": false
            },
            "location": "eastus",
            "id": "/subscriptions/ec0aa5f7-9e78-40c9-85cd-535c6305b380/resourceGroups/rgsql89162b6e2e/providers/Microsoft.Sql/servers/javasqlserver455713/databases/myTestDatabase2",
            "name": "myTestDatabase2",
            "type": "Microsoft.Sql/servers/databases"
          },
          {
            "sku": {
              "name": "System",
              "tier": "System",
              "capacity": 0
            },
            "kind": "v12.0,system",
            "managedBy": "/subscriptions/ec0aa5f7-9e78-40c9-85cd-535c6305b380/resourceGroups/rgsql89162b6e2e/providers/Microsoft.Sql/servers/javasqlserver455713",
            "properties": {
              "collation": "SQL_Latin1_General_CP1_CI_AS",
              "maxSizeBytes": 53687091200,
              "status": "Online",
              "databaseId": "9d8db567-2b43-480c-b32b-5c3057c38710",
              "creationDate": "2023-07-25T05:56:54.393Z",
              "currentServiceObjectiveName": "System2",
              "requestedServiceObjectiveName": "System2",
              "defaultSecondaryLocation": "westus",
              "catalogCollation": "SQL_Latin1_General_CP1_CI_AS",
              "zoneRedundant": false,
              "readScale": "Disabled",
              "currentSku": {
                "name": "System",
                "tier": "System",
                "capacity": 0
              },
              "currentBackupStorageRedundancy": "Local",
              "requestedBackupStorageRedundancy": "Local",
              "maintenanceConfigurationId": "/subscriptions/ec0aa5f7-9e78-40c9-85cd-535c6305b380/providers/Microsoft.Maintenance/publicMaintenanceConfigurations/SQL_Default",
              "isLedgerOn": false,
              "isInfraEncryptionEnabled": false
            },
            "location": "eastus",
            "id": "/subscriptions/ec0aa5f7-9e78-40c9-85cd-535c6305b380/resourceGroups/rgsql89162b6e2e/providers/Microsoft.Sql/servers/javasqlserver455713/databases/master",
            "name": "master",
            "type": "Microsoft.Sql/servers/databases"
          }
        ]
      }
    },
    {
      "RequestUri": "https://REDACTED/subscriptions/00000000-0000-0000-0000-000000000000/resourceGroups/rgsql89162b6e2e/providers/Microsoft.Storage/storageAccounts/sqlsa3968273db1?api-version=2022-09-01",
      "RequestMethod": "PUT",
      "RequestHeaders": {
        "Accept": "application/json",
        "Authorization": "Sanitized",
        "Content-Length": "266",
        "Content-Type": "application/json",
        "Date": "Tue, 25 Jul 2023 05:58:22 GMT",
        "User-Agent": "azsdk-java-com.azure.resourcemanager.storage/2.29.0-beta.1 (17.0.1; Windows 11; 10.0)",
        "x-ms-client-request-id": "2e212259-1824-4c22-87e5-de22007c6f0a",
        "x-ms-return-client-request-id": "true"
      },
      "RequestBody": {
        "sku": {
          "name": "Standard_RAGRS"
        },
        "kind": "StorageV2",
        "location": "eastus",
        "tags": {},
        "properties": {
          "encryption": {
            "services": {
              "blob": {
                "enabled": true
              },
              "file": {
                "enabled": true
              }
            },
            "keySource": "Microsoft.Storage"
          },
          "supportsHttpsTrafficOnly": true,
          "minimumTlsVersion": "TLS1_2"
        }
      },
      "StatusCode": 202,
      "ResponseHeaders": {
        "Cache-Control": "no-cache",
        "Content-Length": "0",
        "Content-Type": "text/plain; charset=utf-8",
        "Date": "Tue, 25 Jul 2023 05:58:31 GMT",
        "Expires": "-1",
        "Location": "https://management.azure.com/subscriptions/ec0aa5f7-9e78-40c9-85cd-535c6305b380/providers/Microsoft.Storage/locations/eastus/asyncoperations/5cd4be45-535e-426b-9644-d9be5b1c00d5?monitor=true\u0026api-version=2022-09-01",
        "Pragma": "no-cache",
        "Retry-After": "0",
        "Server": "Microsoft-Azure-Storage-Resource-Provider/1.0,Microsoft-HTTPAPI/2.0 Microsoft-HTTPAPI/2.0",
        "Strict-Transport-Security": "max-age=31536000; includeSubDomains",
        "X-Content-Type-Options": "nosniff",
        "x-ms-client-request-id": "2e212259-1824-4c22-87e5-de22007c6f0a",
        "x-ms-correlation-request-id": "28946eb5-b12d-42ce-a9ef-35f1f9bf607d",
        "x-ms-ratelimit-remaining-subscription-writes": "1190",
        "x-ms-request-id": "5cd4be45-535e-426b-9644-d9be5b1c00d5",
        "x-ms-routing-request-id": "SOUTHEASTASIA:20230725T055831Z:28946eb5-b12d-42ce-a9ef-35f1f9bf607d"
      },
      "ResponseBody": null
    },
    {
      "RequestUri": "https://REDACTED/subscriptions/00000000-0000-0000-0000-000000000000/providers/Microsoft.Storage/locations/eastus/asyncoperations/5cd4be45-535e-426b-9644-d9be5b1c00d5?monitor=true\u0026api-version=2022-09-01",
      "RequestMethod": "GET",
      "RequestHeaders": {
        "Accept": "application/json",
        "Authorization": "Sanitized",
        "Date": "Tue, 25 Jul 2023 05:58:47 GMT",
        "User-Agent": "azsdk-java-com.azure.resourcemanager.storage/2.29.0-beta.1 (17.0.1; Windows 11; 10.0)",
        "x-ms-client-request-id": "215d083c-39c2-442b-b063-1f3bf62f32e7",
        "x-ms-return-client-request-id": "true"
      },
      "RequestBody": null,
      "StatusCode": 200,
      "ResponseHeaders": {
        "Cache-Control": "no-cache",
        "Content-Length": "1833",
        "Content-Type": "application/json",
        "Date": "Tue, 25 Jul 2023 05:58:48 GMT",
        "Expires": "-1",
        "Pragma": "no-cache",
        "Server": "Microsoft-Azure-Storage-Resource-Provider/1.0,Microsoft-HTTPAPI/2.0 Microsoft-HTTPAPI/2.0",
        "Strict-Transport-Security": "max-age=31536000; includeSubDomains",
        "X-Content-Type-Options": "nosniff",
        "x-ms-client-request-id": "215d083c-39c2-442b-b063-1f3bf62f32e7",
        "x-ms-correlation-request-id": "4021df6d-24f8-4229-8a87-c290ebe1e579",
        "x-ms-ratelimit-remaining-subscription-reads": "11955",
        "x-ms-request-id": "ea468fe9-5fe7-404d-a2e4-fc58384dc9b9",
        "x-ms-routing-request-id": "SOUTHEASTASIA:20230725T055848Z:4021df6d-24f8-4229-8a87-c290ebe1e579"
      },
      "ResponseBody": {
        "sku": {
          "name": "Standard_RAGRS",
          "tier": "Standard"
        },
        "kind": "StorageV2",
        "id": "/subscriptions/ec0aa5f7-9e78-40c9-85cd-535c6305b380/resourceGroups/rgsql89162b6e2e/providers/Microsoft.Storage/storageAccounts/sqlsa3968273db1",
        "name": "sqlsa3968273db1",
        "type": "Microsoft.Storage/storageAccounts",
        "location": "eastus",
        "tags": {},
        "properties": {
          "keyCreationTime": {
            "key1": "2023-07-25T05:58:26.9368805Z",
            "key2": "2023-07-25T05:58:26.9368805Z"
          },
          "privateEndpointConnections": [],
          "minimumTlsVersion": "TLS1_2",
          "allowBlobPublicAccess": true,
          "networkAcls": {
            "bypass": "AzureServices",
            "virtualNetworkRules": [],
            "ipRules": [],
            "defaultAction": "Allow"
          },
          "supportsHttpsTrafficOnly": true,
          "encryption": {
            "services": {
              "file": {
                "keyType": "Account",
                "enabled": true,
                "lastEnabledTime": "2023-07-25T05:58:26.9368805Z"
              },
              "blob": {
                "keyType": "Account",
                "enabled": true,
                "lastEnabledTime": "2023-07-25T05:58:26.9368805Z"
              }
            },
            "keySource": "Microsoft.Storage"
          },
          "accessTier": "Hot",
          "provisioningState": "Succeeded",
          "creationTime": "2023-07-25T05:58:26.7650077Z",
          "primaryEndpoints": {
            "dfs": "https://sqlsa3968273db1.dfs.core.windows.net/",
            "web": "https://sqlsa3968273db1.z13.web.core.windows.net/",
            "blob": "https://sqlsa3968273db1.blob.core.windows.net/",
            "queue": "https://sqlsa3968273db1.queue.core.windows.net/",
            "table": "https://sqlsa3968273db1.table.core.windows.net/",
            "file": "https://sqlsa3968273db1.file.core.windows.net/"
          },
          "primaryLocation": "eastus",
          "statusOfPrimary": "available",
          "secondaryLocation": "westus",
          "statusOfSecondary": "available",
          "secondaryEndpoints": {
            "dfs": "https://sqlsa3968273db1-secondary.dfs.core.windows.net/",
            "web": "https://sqlsa3968273db1-secondary.z13.web.core.windows.net/",
            "blob": "https://sqlsa3968273db1-secondary.blob.core.windows.net/",
            "queue": "https://sqlsa3968273db1-secondary.queue.core.windows.net/",
            "table": "https://sqlsa3968273db1-secondary.table.core.windows.net/"
          }
        }
      }
    },
    {
      "RequestUri": "https://REDACTED/subscriptions/00000000-0000-0000-0000-000000000000/resourceGroups/rgsql89162b6e2e/providers/Microsoft.Storage/storageAccounts/sqlsa3968273db1?api-version=2022-09-01",
      "RequestMethod": "GET",
      "RequestHeaders": {
        "Accept": "application/json",
        "Authorization": "Sanitized",
        "Content-Length": "0",
        "Content-Type": "application/json",
        "Date": "Tue, 25 Jul 2023 05:58:48 GMT",
        "User-Agent": "azsdk-java-com.azure.resourcemanager.storage/2.29.0-beta.1 (17.0.1; Windows 11; 10.0)",
        "x-ms-client-request-id": "b2204393-b308-4e18-aaac-82950ab5404b",
        "x-ms-return-client-request-id": "true"
      },
      "RequestBody": null,
      "StatusCode": 200,
      "ResponseHeaders": {
        "Cache-Control": "no-cache",
        "Content-Length": "1833",
        "Content-Type": "application/json",
        "Date": "Tue, 25 Jul 2023 05:58:49 GMT",
        "Expires": "-1",
        "Pragma": "no-cache",
        "Server": "Microsoft-Azure-Storage-Resource-Provider/1.0,Microsoft-HTTPAPI/2.0 Microsoft-HTTPAPI/2.0",
        "Strict-Transport-Security": "max-age=31536000; includeSubDomains",
        "X-Content-Type-Options": "nosniff",
        "x-ms-client-request-id": "b2204393-b308-4e18-aaac-82950ab5404b",
        "x-ms-correlation-request-id": "41fca07b-998e-4cb2-8b46-2f7a5abee4a6",
        "x-ms-ratelimit-remaining-subscription-reads": "11954",
        "x-ms-request-id": "84709064-122a-4fbd-a30e-1b33a0afec8b",
        "x-ms-routing-request-id": "SOUTHEASTASIA:20230725T055849Z:41fca07b-998e-4cb2-8b46-2f7a5abee4a6"
      },
      "ResponseBody": {
        "sku": {
          "name": "Standard_RAGRS",
          "tier": "Standard"
        },
        "kind": "StorageV2",
        "id": "/subscriptions/ec0aa5f7-9e78-40c9-85cd-535c6305b380/resourceGroups/rgsql89162b6e2e/providers/Microsoft.Storage/storageAccounts/sqlsa3968273db1",
        "name": "sqlsa3968273db1",
        "type": "Microsoft.Storage/storageAccounts",
        "location": "eastus",
        "tags": {},
        "properties": {
          "keyCreationTime": {
            "key1": "2023-07-25T05:58:26.9368805Z",
            "key2": "2023-07-25T05:58:26.9368805Z"
          },
          "privateEndpointConnections": [],
          "minimumTlsVersion": "TLS1_2",
          "allowBlobPublicAccess": true,
          "networkAcls": {
            "bypass": "AzureServices",
            "virtualNetworkRules": [],
            "ipRules": [],
            "defaultAction": "Allow"
          },
          "supportsHttpsTrafficOnly": true,
          "encryption": {
            "services": {
              "file": {
                "keyType": "Account",
                "enabled": true,
                "lastEnabledTime": "2023-07-25T05:58:26.9368805Z"
              },
              "blob": {
                "keyType": "Account",
                "enabled": true,
                "lastEnabledTime": "2023-07-25T05:58:26.9368805Z"
              }
            },
            "keySource": "Microsoft.Storage"
          },
          "accessTier": "Hot",
          "provisioningState": "Succeeded",
          "creationTime": "2023-07-25T05:58:26.7650077Z",
          "primaryEndpoints": {
            "dfs": "https://sqlsa3968273db1.dfs.core.windows.net/",
            "web": "https://sqlsa3968273db1.z13.web.core.windows.net/",
            "blob": "https://sqlsa3968273db1.blob.core.windows.net/",
            "queue": "https://sqlsa3968273db1.queue.core.windows.net/",
            "table": "https://sqlsa3968273db1.table.core.windows.net/",
            "file": "https://sqlsa3968273db1.file.core.windows.net/"
          },
          "primaryLocation": "eastus",
          "statusOfPrimary": "available",
          "secondaryLocation": "westus",
          "statusOfSecondary": "available",
          "secondaryEndpoints": {
            "dfs": "https://sqlsa3968273db1-secondary.dfs.core.windows.net/",
            "web": "https://sqlsa3968273db1-secondary.z13.web.core.windows.net/",
            "blob": "https://sqlsa3968273db1-secondary.blob.core.windows.net/",
            "queue": "https://sqlsa3968273db1-secondary.queue.core.windows.net/",
            "table": "https://sqlsa3968273db1-secondary.table.core.windows.net/"
          }
        }
      }
    },
    {
      "RequestUri": "https://REDACTED/subscriptions/00000000-0000-0000-0000-000000000000/resourceGroups/rgsql89162b6e2e/providers/Microsoft.Storage/storageAccounts/sqlsa3968273db1/listKeys?api-version=2022-09-01",
      "RequestMethod": "POST",
      "RequestHeaders": {
        "Accept": "application/json",
        "Authorization": "Sanitized",
        "Content-Length": "0",
        "Content-Type": "application/json",
        "Date": "Tue, 25 Jul 2023 05:58:48 GMT",
        "User-Agent": "azsdk-java-com.azure.resourcemanager.storage/2.29.0-beta.1 (17.0.1; Windows 11; 10.0)",
        "x-ms-client-request-id": "02ac1209-a61f-45af-9fef-a60bb4f6ef73",
        "x-ms-return-client-request-id": "true"
      },
      "RequestBody": null,
      "StatusCode": 200,
      "ResponseHeaders": {
        "Cache-Control": "no-cache",
        "Content-Length": "220",
        "Content-Type": "application/json",
        "Date": "Tue, 25 Jul 2023 05:58:50 GMT",
        "Expires": "-1",
        "Pragma": "no-cache",
        "Server": "Microsoft-Azure-Storage-Resource-Provider/1.0,Microsoft-HTTPAPI/2.0 Microsoft-HTTPAPI/2.0",
        "Strict-Transport-Security": "max-age=31536000; includeSubDomains",
        "X-Content-Type-Options": "nosniff",
        "x-ms-client-request-id": "02ac1209-a61f-45af-9fef-a60bb4f6ef73",
        "x-ms-correlation-request-id": "50d8facb-3e42-40e4-8fcf-3f4dd007f2bb",
        "x-ms-ratelimit-remaining-subscription-resource-requests": "11998",
        "x-ms-request-id": "de31a3ce-5a7c-4de5-9170-48285aec7e22",
        "x-ms-routing-request-id": "SOUTHEASTASIA:20230725T055850Z:50d8facb-3e42-40e4-8fcf-3f4dd007f2bb"
      },
      "ResponseBody": {
        "keys": [
          {
            "creationTime": "2023-07-25T05:58:26.9368805Z",
            "keyName": "key1",
            "value": "REDACTED",
            "permissions": "FULL"
          },
          {
            "creationTime": "2023-07-25T05:58:26.9368805Z",
            "keyName": "key2",
            "value": "REDACTED",
            "permissions": "FULL"
          }
        ]
      }
    },
    {
      "RequestUri": "https://REDACTED/subscriptions/00000000-0000-0000-0000-000000000000/resourceGroups/rgsql89162b6e2e/providers/Microsoft.Sql/servers/javasqlserver455713/databases/myTestDatabase2/securityAlertPolicies/myPolicy?api-version=2021-11-01",
      "RequestMethod": "PUT",
      "RequestHeaders": {
        "Accept": "application/json",
        "Authorization": "Sanitized",
        "Content-Length": "253",
        "Content-Type": "application/json",
        "Date": "Tue, 25 Jul 2023 05:58:50 GMT",
        "User-Agent": "azsdk-java-com.azure.resourcemanager.sql/2.29.0-beta.1 (17.0.1; Windows 11; 10.0)",
        "x-ms-client-request-id": "9474a4e9-1fdf-49b9-932f-9872e04e0bac",
        "x-ms-return-client-request-id": "true"
      },
      "RequestBody": {
        "properties": {
          "state": "Enabled",
          "disabledAlerts": [
            "Sql_Injection"
          ],
          "storageEndpoint": "https://sqlsa3968273db1.blob.core.windows.net/",
          "storageAccountAccessKey": "zwtq4Nc8IueM5aqiw9CMqNDdlZ0UvYeiL9VympwoUfjrBAaF3YzrVrG\u002BGSaLOmAYzqS4Z2xB2qBS\u002BAStIU28eQ=="
        }
      },
      "StatusCode": 200,
      "ResponseHeaders": {
        "Cache-Control": "no-cache",
        "Content-Length": "546",
        "Content-Type": "application/json; charset=utf-8",
        "Date": "Tue, 25 Jul 2023 05:58:51 GMT",
        "Expires": "-1",
        "Pragma": "no-cache",
        "Server": "Microsoft-HTTPAPI/2.0",
        "Strict-Transport-Security": "max-age=31536000; includeSubDomains",
        "X-Content-Type-Options": "nosniff",
        "x-ms-correlation-request-id": "1816c998-f48a-4960-8a6b-153e878f1a17",
        "x-ms-ratelimit-remaining-subscription-writes": "1179",
        "x-ms-request-id": "4239903b-c569-4e3c-93f3-938767141548",
        "x-ms-routing-request-id": "SOUTHEASTASIA:20230725T055852Z:1816c998-f48a-4960-8a6b-153e878f1a17"
      },
      "ResponseBody": {
        "properties": {
          "state": "Enabled",
          "disabledAlerts": [
            "Sql_Injection"
          ],
          "emailAddresses": [],
          "emailAccountAdmins": false,
          "storageEndpoint": "https://sqlsa3968273db1.blob.core.windows.net/",
          "storageAccountAccessKey": "",
          "retentionDays": 0,
          "creationTime": "0001-01-01T00:00:00Z"
        },
        "id": "/subscriptions/ec0aa5f7-9e78-40c9-85cd-535c6305b380/resourceGroups/rgsql89162b6e2e/providers/Microsoft.Sql/servers/javasqlserver455713/databases/myTestDatabase2/securityAlertPolicies/Default",
        "name": "Default",
        "type": "Microsoft.Sql/servers/databases/securityAlertPolicies"
      }
    },
    {
      "RequestUri": "https://REDACTED/subscriptions/00000000-0000-0000-0000-000000000000/resourceGroups/rgsql89162b6e2e/providers/Microsoft.Sql/servers/javasqlserver455713/databases/myTestDatabase2?api-version=2021-11-01",
      "RequestMethod": "GET",
      "RequestHeaders": {
        "Accept": "application/json",
        "Authorization": "Sanitized",
        "Content-Length": "0",
        "Content-Type": "application/json",
        "Date": "Tue, 25 Jul 2023 05:58:51 GMT",
        "User-Agent": "azsdk-java-com.azure.resourcemanager.sql/2.29.0-beta.1 (17.0.1; Windows 11; 10.0)",
        "x-ms-client-request-id": "c707311a-c2e4-4d15-b969-b8a9e0d430d1",
        "x-ms-return-client-request-id": "true"
      },
      "RequestBody": null,
      "StatusCode": 200,
      "ResponseHeaders": {
        "Cache-Control": "no-cache",
        "Content-Length": "1090",
        "Content-Type": "application/json; charset=utf-8",
        "Date": "Tue, 25 Jul 2023 05:58:52 GMT",
        "Expires": "-1",
        "Pragma": "no-cache",
        "Server": "Microsoft-HTTPAPI/2.0",
        "Strict-Transport-Security": "max-age=31536000; includeSubDomains",
        "X-Content-Type-Options": "nosniff",
        "x-ms-correlation-request-id": "ac3e98bc-c4e5-4dc9-93de-1ce970fe53d8",
        "x-ms-ratelimit-remaining-subscription-reads": "11887",
        "x-ms-request-id": "944c43ce-c314-48ba-a002-cbd3eb59c074",
        "x-ms-routing-request-id": "SOUTHEASTASIA:20230725T055853Z:ac3e98bc-c4e5-4dc9-93de-1ce970fe53d8"
      },
      "ResponseBody": {
        "sku": {
          "name": "Standard",
          "tier": "Standard",
          "capacity": 10
        },
        "kind": "v12.0,user",
        "properties": {
          "collation": "SQL_Latin1_General_CP1_CI_AS",
          "maxSizeBytes": 268435456000,
          "status": "Online",
          "databaseId": "f25c5c34-8ab0-4594-a0ee-369d24ef562d",
          "creationDate": "2023-07-25T05:58:09.877Z",
          "currentServiceObjectiveName": "S0",
          "requestedServiceObjectiveName": "S0",
          "defaultSecondaryLocation": "westus",
          "catalogCollation": "SQL_Latin1_General_CP1_CI_AS",
          "zoneRedundant": false,
          "readScale": "Disabled",
          "currentSku": {
            "name": "Standard",
            "tier": "Standard",
            "capacity": 10
          },
          "currentBackupStorageRedundancy": "Geo",
          "requestedBackupStorageRedundancy": "Geo",
          "maintenanceConfigurationId": "/subscriptions/ec0aa5f7-9e78-40c9-85cd-535c6305b380/providers/Microsoft.Maintenance/publicMaintenanceConfigurations/SQL_Default",
          "isLedgerOn": false,
          "isInfraEncryptionEnabled": false
        },
        "location": "eastus",
        "id": "/subscriptions/ec0aa5f7-9e78-40c9-85cd-535c6305b380/resourceGroups/rgsql89162b6e2e/providers/Microsoft.Sql/servers/javasqlserver455713/databases/myTestDatabase2",
        "name": "myTestDatabase2",
        "type": "Microsoft.Sql/servers/databases"
      }
    },
    {
      "RequestUri": "https://REDACTED/subscriptions/00000000-0000-0000-0000-000000000000/resourceGroups/rgsql89162b6e2e/providers/Microsoft.Sql/servers/javasqlserver455713/databases/myTestDatabase2/securityAlertPolicies/default?api-version=2021-11-01",
      "RequestMethod": "GET",
      "RequestHeaders": {
        "Accept": "application/json",
        "Authorization": "Sanitized",
        "Content-Length": "0",
        "Content-Type": "application/json",
        "Date": "Tue, 25 Jul 2023 05:58:52 GMT",
        "User-Agent": "azsdk-java-com.azure.resourcemanager.sql/2.29.0-beta.1 (17.0.1; Windows 11; 10.0)",
        "x-ms-client-request-id": "8b0e0de0-a743-4286-a667-125d7e8bc242",
        "x-ms-return-client-request-id": "true"
      },
      "RequestBody": null,
      "StatusCode": 200,
      "ResponseHeaders": {
        "Cache-Control": "no-cache",
        "Content-Length": "552",
        "Content-Type": "application/json; charset=utf-8",
        "Date": "Tue, 25 Jul 2023 05:58:53 GMT",
        "Expires": "-1",
        "Pragma": "no-cache",
        "Server": "Microsoft-HTTPAPI/2.0",
        "Strict-Transport-Security": "max-age=31536000; includeSubDomains",
        "X-Content-Type-Options": "nosniff",
        "x-ms-correlation-request-id": "321c5e4c-fa47-489b-9b8d-f0ae8e947ca6",
        "x-ms-ratelimit-remaining-subscription-reads": "11886",
        "x-ms-request-id": "d49bd87a-3af2-4ab1-95a6-7c3e6c650857",
        "x-ms-routing-request-id": "SOUTHEASTASIA:20230725T055854Z:321c5e4c-fa47-489b-9b8d-f0ae8e947ca6"
      },
      "ResponseBody": {
        "properties": {
          "state": "Enabled",
          "disabledAlerts": [
            "Sql_Injection"
          ],
          "emailAddresses": [
            ""
          ],
          "emailAccountAdmins": false,
          "storageEndpoint": "https://sqlsa3968273db1.blob.core.windows.net/",
          "storageAccountAccessKey": "",
          "retentionDays": 0,
          "creationTime": "2023-07-25T05:58:51.657Z"
        },
        "id": "/subscriptions/ec0aa5f7-9e78-40c9-85cd-535c6305b380/resourceGroups/rgsql89162b6e2e/providers/Microsoft.Sql/servers/javasqlserver455713/databases/myTestDatabase2/securityAlertPolicies/Default",
        "name": "Default",
        "type": "Microsoft.Sql/servers/databases/securityAlertPolicies"
      }
    },
    {
      "RequestUri": "https://REDACTED/subscriptions/00000000-0000-0000-0000-000000000000/resourceGroups/rgsql89162b6e2e/providers/Microsoft.Sql/servers/javasqlserver455713/databases/myTestDatabase2/transparentDataEncryption/current?api-version=2021-11-01",
      "RequestMethod": "GET",
      "RequestHeaders": {
        "Accept": "application/json",
        "Authorization": "Sanitized",
        "Content-Length": "0",
        "Content-Type": "application/json",
        "Date": "Tue, 25 Jul 2023 05:58:53 GMT",
        "User-Agent": "azsdk-java-com.azure.resourcemanager.sql/2.29.0-beta.1 (17.0.1; Windows 11; 10.0)",
        "x-ms-client-request-id": "648b698d-9e80-4b80-b216-c7fa28aad5de",
        "x-ms-return-client-request-id": "true"
      },
      "RequestBody": null,
      "StatusCode": 200,
      "ResponseHeaders": {
        "Cache-Control": "no-cache",
        "Content-Length": "320",
        "Content-Type": "application/json; charset=utf-8",
        "Date": "Tue, 25 Jul 2023 05:58:53 GMT",
        "Expires": "-1",
        "Pragma": "no-cache",
        "Server": "Microsoft-HTTPAPI/2.0",
        "Strict-Transport-Security": "max-age=31536000; includeSubDomains",
        "X-Content-Type-Options": "nosniff",
        "x-ms-correlation-request-id": "1afbf07e-db87-4aad-9c0b-7bd9b64e7e02",
        "x-ms-ratelimit-remaining-subscription-reads": "11885",
        "x-ms-request-id": "32189c99-5692-4dd9-b746-ea3836872680",
        "x-ms-routing-request-id": "SOUTHEASTASIA:20230725T055854Z:1afbf07e-db87-4aad-9c0b-7bd9b64e7e02"
      },
      "ResponseBody": {
        "properties": {
          "state": "Enabled"
        },
        "id": "/subscriptions/ec0aa5f7-9e78-40c9-85cd-535c6305b380/resourceGroups/rgsql89162b6e2e/providers/Microsoft.Sql/servers/javasqlserver455713/databases/myTestDatabase2/transparentDataEncryption/Current",
        "name": "Current",
        "type": "Microsoft.Sql/servers/databases/transparentDataEncryption"
      }
    },
    {
      "RequestUri": "https://REDACTED/subscriptions/00000000-0000-0000-0000-000000000000/resourceGroups/rgsql89162b6e2e/providers/Microsoft.Sql/servers/javasqlserver455713/databases/myTestDatabase2/transparentDataEncryption/current?api-version=2021-11-01",
      "RequestMethod": "PUT",
      "RequestHeaders": {
        "Accept": "application/json",
        "Authorization": "Sanitized",
        "Content-Length": "34",
        "Content-Type": "application/json",
        "Date": "Tue, 25 Jul 2023 05:58:54 GMT",
        "User-Agent": "azsdk-java-com.azure.resourcemanager.sql/2.29.0-beta.1 (17.0.1; Windows 11; 10.0)",
        "x-ms-client-request-id": "f4f38820-d3c3-4865-bd26-73c10ab9d689",
        "x-ms-return-client-request-id": "true"
      },
      "RequestBody": {
        "properties": {
          "state": "Enabled"
        }
      },
      "StatusCode": 202,
      "ResponseHeaders": {
        "Azure-AsyncOperation": "https://management.azure.com/subscriptions/ec0aa5f7-9e78-40c9-85cd-535c6305b380/resourceGroups/rgsql89162b6e2e/providers/Microsoft.Sql/locations/eastus/transparentDataEncryptionAzureAsyncOperation/84f6f41e-6efb-4bed-8d32-9bb8dbe0a110?api-version=2021-11-01",
        "Cache-Control": "no-cache",
        "Content-Length": "75",
        "Content-Type": "application/json; charset=utf-8",
        "Date": "Tue, 25 Jul 2023 05:58:54 GMT",
        "Expires": "-1",
        "Location": "https://management.azure.com/subscriptions/ec0aa5f7-9e78-40c9-85cd-535c6305b380/resourceGroups/rgsql89162b6e2e/providers/Microsoft.Sql/locations/eastus/transparentDataEncryptionOperationResults/84f6f41e-6efb-4bed-8d32-9bb8dbe0a110?api-version=2021-11-01",
        "Pragma": "no-cache",
        "Retry-After": "0",
        "Server": "Microsoft-HTTPAPI/2.0",
        "Strict-Transport-Security": "max-age=31536000; includeSubDomains",
        "X-Content-Type-Options": "nosniff",
        "x-ms-correlation-request-id": "d0febc2c-868d-4713-b3cf-f002e48e5736",
        "x-ms-ratelimit-remaining-subscription-writes": "1178",
        "x-ms-request-id": "84f6f41e-6efb-4bed-8d32-9bb8dbe0a110",
        "x-ms-routing-request-id": "SOUTHEASTASIA:20230725T055855Z:d0febc2c-868d-4713-b3cf-f002e48e5736"
      },
      "ResponseBody": {
        "operation": "UpdateLogicalDatabase",
        "startTime": "2023-07-25T05:58:55.25Z"
      }
    },
    {
      "RequestUri": "https://REDACTED/subscriptions/00000000-0000-0000-0000-000000000000/resourceGroups/rgsql89162b6e2e/providers/Microsoft.Sql/locations/eastus/transparentDataEncryptionAzureAsyncOperation/84f6f41e-6efb-4bed-8d32-9bb8dbe0a110?api-version=2021-11-01",
      "RequestMethod": "GET",
      "RequestHeaders": {
        "Accept": "application/json",
        "Authorization": "Sanitized",
        "Date": "Tue, 25 Jul 2023 05:59:09 GMT",
        "User-Agent": "azsdk-java-com.azure.resourcemanager.sql/2.29.0-beta.1 (17.0.1; Windows 11; 10.0)",
        "x-ms-client-request-id": "30d964c3-08bb-4f73-a727-a73496124d61",
        "x-ms-return-client-request-id": "true"
      },
      "RequestBody": null,
      "StatusCode": 200,
      "ResponseHeaders": {
        "Cache-Control": "no-cache",
        "Content-Length": "106",
        "Content-Type": "application/json; charset=utf-8",
        "Date": "Tue, 25 Jul 2023 05:59:10 GMT",
        "Expires": "-1",
        "Pragma": "no-cache",
        "Server": "Microsoft-HTTPAPI/2.0",
        "Strict-Transport-Security": "max-age=31536000; includeSubDomains",
        "X-Content-Type-Options": "nosniff",
        "x-ms-correlation-request-id": "97f002aa-f9c1-46b5-b567-3aa8401e1379",
        "x-ms-ratelimit-remaining-subscription-reads": "11943",
        "x-ms-request-id": "41aa37f0-a55f-420a-81bd-7342fede4854",
        "x-ms-routing-request-id": "SOUTHEASTASIA:20230725T055910Z:97f002aa-f9c1-46b5-b567-3aa8401e1379"
      },
      "ResponseBody": {
        "name": "84f6f41e-6efb-4bed-8d32-9bb8dbe0a110",
        "status": "Succeeded",
        "startTime": "2023-07-25T05:58:55.25Z"
      }
    },
    {
      "RequestUri": "https://REDACTED/subscriptions/00000000-0000-0000-0000-000000000000/resourceGroups/rgsql89162b6e2e/providers/Microsoft.Sql/servers/javasqlserver455713/databases/myTestDatabase2/transparentDataEncryption/current?api-version=2021-11-01",
      "RequestMethod": "GET",
      "RequestHeaders": {
        "Accept": "application/json",
        "Authorization": "Sanitized",
        "Date": "Tue, 25 Jul 2023 05:59:10 GMT",
        "User-Agent": "azsdk-java-com.azure.resourcemanager.sql/2.29.0-beta.1 (17.0.1; Windows 11; 10.0)",
        "x-ms-client-request-id": "32de332e-65e9-4db5-909d-ab0570bfba5c",
        "x-ms-return-client-request-id": "true"
      },
      "RequestBody": null,
      "StatusCode": 200,
      "ResponseHeaders": {
        "Cache-Control": "no-cache",
        "Content-Length": "320",
        "Content-Type": "application/json; charset=utf-8",
        "Date": "Tue, 25 Jul 2023 05:59:10 GMT",
        "Expires": "-1",
        "Pragma": "no-cache",
        "Server": "Microsoft-HTTPAPI/2.0",
        "Strict-Transport-Security": "max-age=31536000; includeSubDomains",
        "X-Content-Type-Options": "nosniff",
        "x-ms-correlation-request-id": "99608c9d-da8c-4116-ad3c-1222d643d4b8",
        "x-ms-ratelimit-remaining-subscription-reads": "11942",
        "x-ms-request-id": "8d9120e4-04fe-45e7-8d5e-a6e1c60918d9",
        "x-ms-routing-request-id": "SOUTHEASTASIA:20230725T055911Z:99608c9d-da8c-4116-ad3c-1222d643d4b8"
      },
      "ResponseBody": {
        "properties": {
          "state": "Enabled"
        },
        "id": "/subscriptions/ec0aa5f7-9e78-40c9-85cd-535c6305b380/resourceGroups/rgsql89162b6e2e/providers/Microsoft.Sql/servers/javasqlserver455713/databases/myTestDatabase2/transparentDataEncryption/Current",
        "name": "Current",
        "type": "Microsoft.Sql/servers/databases/transparentDataEncryption"
      }
    },
    {
      "RequestUri": "https://REDACTED/subscriptions/00000000-0000-0000-0000-000000000000/resourceGroups/rgsql89162b6e2e/providers/Microsoft.Sql/servers/javasqlserver455713/databases/myTestDatabase2/transparentDataEncryption/current?api-version=2021-11-01",
      "RequestMethod": "GET",
      "RequestHeaders": {
        "Accept": "application/json",
        "Authorization": "Sanitized",
        "Content-Length": "0",
        "Content-Type": "application/json",
        "Date": "Tue, 25 Jul 2023 05:59:10 GMT",
        "User-Agent": "azsdk-java-com.azure.resourcemanager.sql/2.29.0-beta.1 (17.0.1; Windows 11; 10.0)",
        "x-ms-client-request-id": "2feaa326-bc47-4c33-a139-2349964a142b",
        "x-ms-return-client-request-id": "true"
      },
      "RequestBody": null,
      "StatusCode": 200,
      "ResponseHeaders": {
        "Cache-Control": "no-cache",
        "Content-Length": "320",
        "Content-Type": "application/json; charset=utf-8",
        "Date": "Tue, 25 Jul 2023 05:59:11 GMT",
        "Expires": "-1",
        "Pragma": "no-cache",
        "Server": "Microsoft-HTTPAPI/2.0",
        "Strict-Transport-Security": "max-age=31536000; includeSubDomains",
        "X-Content-Type-Options": "nosniff",
        "x-ms-correlation-request-id": "c47b3624-8794-48b6-8260-90e6e517740c",
        "x-ms-ratelimit-remaining-subscription-reads": "11941",
        "x-ms-request-id": "307727b1-be39-4226-8fc7-b892d4bac24f",
        "x-ms-routing-request-id": "SOUTHEASTASIA:20230725T055912Z:c47b3624-8794-48b6-8260-90e6e517740c"
      },
      "ResponseBody": {
        "properties": {
          "state": "Enabled"
        },
        "id": "/subscriptions/ec0aa5f7-9e78-40c9-85cd-535c6305b380/resourceGroups/rgsql89162b6e2e/providers/Microsoft.Sql/servers/javasqlserver455713/databases/myTestDatabase2/transparentDataEncryption/Current",
        "name": "Current",
        "type": "Microsoft.Sql/servers/databases/transparentDataEncryption"
      }
    },
    {
      "RequestUri": "https://REDACTED/subscriptions/00000000-0000-0000-0000-000000000000/resourceGroups/rgsql89162b6e2e/providers/Microsoft.Sql/servers/javasqlserver455713/databases/myTestDatabase2/transparentDataEncryption/current?api-version=2021-11-01",
      "RequestMethod": "GET",
      "RequestHeaders": {
        "Accept": "application/json",
        "Authorization": "Sanitized",
        "Content-Length": "0",
        "Content-Type": "application/json",
        "Date": "Tue, 25 Jul 2023 05:59:11 GMT",
        "User-Agent": "azsdk-java-com.azure.resourcemanager.sql/2.29.0-beta.1 (17.0.1; Windows 11; 10.0)",
        "x-ms-client-request-id": "b4264466-dc15-4aff-bba3-906817092dd1",
        "x-ms-return-client-request-id": "true"
      },
      "RequestBody": null,
      "StatusCode": 200,
      "ResponseHeaders": {
        "Cache-Control": "no-cache",
        "Content-Length": "320",
        "Content-Type": "application/json; charset=utf-8",
        "Date": "Tue, 25 Jul 2023 05:59:11 GMT",
        "Expires": "-1",
        "Pragma": "no-cache",
        "Server": "Microsoft-HTTPAPI/2.0",
        "Strict-Transport-Security": "max-age=31536000; includeSubDomains",
        "X-Content-Type-Options": "nosniff",
        "x-ms-correlation-request-id": "36ed6b42-0a5d-4ee3-bd63-b43533a08287",
        "x-ms-ratelimit-remaining-subscription-reads": "11940",
        "x-ms-request-id": "d536776d-92e4-40c7-95d1-4226e5ae6dbe",
        "x-ms-routing-request-id": "SOUTHEASTASIA:20230725T055912Z:36ed6b42-0a5d-4ee3-bd63-b43533a08287"
      },
      "ResponseBody": {
        "properties": {
          "state": "Enabled"
        },
        "id": "/subscriptions/ec0aa5f7-9e78-40c9-85cd-535c6305b380/resourceGroups/rgsql89162b6e2e/providers/Microsoft.Sql/servers/javasqlserver455713/databases/myTestDatabase2/transparentDataEncryption/Current",
        "name": "Current",
        "type": "Microsoft.Sql/servers/databases/transparentDataEncryption"
      }
    },
    {
      "RequestUri": "https://REDACTED/subscriptions/00000000-0000-0000-0000-000000000000/resourceGroups/rgsql89162b6e2e/providers/Microsoft.Sql/servers/javasqlserver455713/databases/myTestDatabase2/transparentDataEncryption/current?api-version=2021-11-01",
      "RequestMethod": "PUT",
      "RequestHeaders": {
        "Accept": "application/json",
        "Authorization": "Sanitized",
        "Content-Length": "35",
        "Content-Type": "application/json",
        "Date": "Tue, 25 Jul 2023 05:59:11 GMT",
        "User-Agent": "azsdk-java-com.azure.resourcemanager.sql/2.29.0-beta.1 (17.0.1; Windows 11; 10.0)",
        "x-ms-client-request-id": "83a49b8a-b54c-4a4c-b7f3-17bb0f7a7446",
        "x-ms-return-client-request-id": "true"
      },
      "RequestBody": {
        "properties": {
          "state": "Disabled"
        }
      },
      "StatusCode": 202,
      "ResponseHeaders": {
        "Azure-AsyncOperation": "https://management.azure.com/subscriptions/ec0aa5f7-9e78-40c9-85cd-535c6305b380/resourceGroups/rgsql89162b6e2e/providers/Microsoft.Sql/locations/eastus/transparentDataEncryptionAzureAsyncOperation/a29f9848-fd92-4a3f-bf9f-577116ebb73e?api-version=2021-11-01",
        "Cache-Control": "no-cache",
        "Content-Length": "76",
        "Content-Type": "application/json; charset=utf-8",
        "Date": "Tue, 25 Jul 2023 05:59:12 GMT",
        "Expires": "-1",
        "Location": "https://management.azure.com/subscriptions/ec0aa5f7-9e78-40c9-85cd-535c6305b380/resourceGroups/rgsql89162b6e2e/providers/Microsoft.Sql/locations/eastus/transparentDataEncryptionOperationResults/a29f9848-fd92-4a3f-bf9f-577116ebb73e?api-version=2021-11-01",
        "Pragma": "no-cache",
        "Retry-After": "0",
        "Server": "Microsoft-HTTPAPI/2.0",
        "Strict-Transport-Security": "max-age=31536000; includeSubDomains",
        "X-Content-Type-Options": "nosniff",
        "x-ms-correlation-request-id": "259be0b6-900f-4910-8831-054f739507d9",
        "x-ms-ratelimit-remaining-subscription-writes": "1182",
        "x-ms-request-id": "a29f9848-fd92-4a3f-bf9f-577116ebb73e",
        "x-ms-routing-request-id": "SOUTHEASTASIA:20230725T055913Z:259be0b6-900f-4910-8831-054f739507d9"
      },
      "ResponseBody": {
        "operation": "UpdateLogicalDatabase",
        "startTime": "2023-07-25T05:59:13.153Z"
      }
    },
    {
      "RequestUri": "https://REDACTED/subscriptions/00000000-0000-0000-0000-000000000000/resourceGroups/rgsql89162b6e2e/providers/Microsoft.Sql/locations/eastus/transparentDataEncryptionAzureAsyncOperation/a29f9848-fd92-4a3f-bf9f-577116ebb73e?api-version=2021-11-01",
      "RequestMethod": "GET",
      "RequestHeaders": {
        "Accept": "application/json",
        "Authorization": "Sanitized",
        "Date": "Tue, 25 Jul 2023 05:59:27 GMT",
        "User-Agent": "azsdk-java-com.azure.resourcemanager.sql/2.29.0-beta.1 (17.0.1; Windows 11; 10.0)",
        "x-ms-client-request-id": "400063f1-a9fa-4419-a961-37d5fdeaff8b",
        "x-ms-return-client-request-id": "true"
      },
      "RequestBody": null,
      "StatusCode": 200,
      "ResponseHeaders": {
        "Cache-Control": "no-cache",
        "Content-Length": "107",
        "Content-Type": "application/json; charset=utf-8",
        "Date": "Tue, 25 Jul 2023 05:59:28 GMT",
        "Expires": "-1",
        "Pragma": "no-cache",
        "Server": "Microsoft-HTTPAPI/2.0",
        "Strict-Transport-Security": "max-age=31536000; includeSubDomains",
        "X-Content-Type-Options": "nosniff",
        "x-ms-correlation-request-id": "ed13d51f-a347-4858-ad16-cbb4af23dff1",
        "x-ms-ratelimit-remaining-subscription-reads": "11956",
        "x-ms-request-id": "e1e4c74e-0fd8-48b7-997a-8de4c278aae3",
        "x-ms-routing-request-id": "SOUTHEASTASIA:20230725T055928Z:ed13d51f-a347-4858-ad16-cbb4af23dff1"
      },
      "ResponseBody": {
        "name": "a29f9848-fd92-4a3f-bf9f-577116ebb73e",
        "status": "Succeeded",
        "startTime": "2023-07-25T05:59:13.153Z"
      }
    },
    {
      "RequestUri": "https://REDACTED/subscriptions/00000000-0000-0000-0000-000000000000/resourceGroups/rgsql89162b6e2e/providers/Microsoft.Sql/servers/javasqlserver455713/databases/myTestDatabase2/transparentDataEncryption/current?api-version=2021-11-01",
      "RequestMethod": "GET",
      "RequestHeaders": {
        "Accept": "application/json",
        "Authorization": "Sanitized",
        "Date": "Tue, 25 Jul 2023 05:59:28 GMT",
        "User-Agent": "azsdk-java-com.azure.resourcemanager.sql/2.29.0-beta.1 (17.0.1; Windows 11; 10.0)",
        "x-ms-client-request-id": "5bbf4a24-7e55-4d61-a6e1-756d1b60194f",
        "x-ms-return-client-request-id": "true"
      },
      "RequestBody": null,
      "StatusCode": 200,
      "ResponseHeaders": {
        "Cache-Control": "no-cache",
        "Content-Length": "321",
        "Content-Type": "application/json; charset=utf-8",
        "Date": "Tue, 25 Jul 2023 05:59:29 GMT",
        "Expires": "-1",
        "Pragma": "no-cache",
        "Server": "Microsoft-HTTPAPI/2.0",
        "Strict-Transport-Security": "max-age=31536000; includeSubDomains",
        "X-Content-Type-Options": "nosniff",
        "x-ms-correlation-request-id": "7fc787a4-a2bb-4c7c-8bc4-28644b350e0d",
        "x-ms-ratelimit-remaining-subscription-reads": "11955",
        "x-ms-request-id": "30e94b04-c1d4-4302-bf23-baa30091d208",
        "x-ms-routing-request-id": "SOUTHEASTASIA:20230725T055929Z:7fc787a4-a2bb-4c7c-8bc4-28644b350e0d"
      },
      "ResponseBody": {
        "properties": {
          "state": "Disabled"
        },
        "id": "/subscriptions/ec0aa5f7-9e78-40c9-85cd-535c6305b380/resourceGroups/rgsql89162b6e2e/providers/Microsoft.Sql/servers/javasqlserver455713/databases/myTestDatabase2/transparentDataEncryption/Current",
        "name": "Current",
        "type": "Microsoft.Sql/servers/databases/transparentDataEncryption"
      }
    },
    {
      "RequestUri": "https://REDACTED/subscriptions/00000000-0000-0000-0000-000000000000/resourceGroups/rgsql89162b6e2e/providers/Microsoft.Sql/servers/javasqlserver455713/databases/myTestDatabase2/transparentDataEncryption/current?api-version=2021-11-01",
      "RequestMethod": "GET",
      "RequestHeaders": {
        "Accept": "application/json",
        "Authorization": "Sanitized",
        "Content-Length": "0",
        "Content-Type": "application/json",
        "Date": "Tue, 25 Jul 2023 05:59:28 GMT",
        "User-Agent": "azsdk-java-com.azure.resourcemanager.sql/2.29.0-beta.1 (17.0.1; Windows 11; 10.0)",
        "x-ms-client-request-id": "f262816c-eb0f-4d03-bf62-088a33a85bcb",
        "x-ms-return-client-request-id": "true"
      },
      "RequestBody": null,
      "StatusCode": 200,
      "ResponseHeaders": {
        "Cache-Control": "no-cache",
        "Content-Length": "321",
        "Content-Type": "application/json; charset=utf-8",
        "Date": "Tue, 25 Jul 2023 05:59:29 GMT",
        "Expires": "-1",
        "Pragma": "no-cache",
        "Server": "Microsoft-HTTPAPI/2.0",
        "Strict-Transport-Security": "max-age=31536000; includeSubDomains",
        "X-Content-Type-Options": "nosniff",
        "x-ms-correlation-request-id": "74fb00f9-acb4-4db9-83bf-bc4034d4b27e",
        "x-ms-ratelimit-remaining-subscription-reads": "11897",
        "x-ms-request-id": "3d7c62c2-1ead-4bfc-8761-cae6d9302d57",
        "x-ms-routing-request-id": "SOUTHEASTASIA:20230725T055930Z:74fb00f9-acb4-4db9-83bf-bc4034d4b27e"
      },
      "ResponseBody": {
        "properties": {
          "state": "Disabled"
        },
        "id": "/subscriptions/ec0aa5f7-9e78-40c9-85cd-535c6305b380/resourceGroups/rgsql89162b6e2e/providers/Microsoft.Sql/servers/javasqlserver455713/databases/myTestDatabase2/transparentDataEncryption/Current",
        "name": "Current",
        "type": "Microsoft.Sql/servers/databases/transparentDataEncryption"
      }
    },
    {
      "RequestUri": "https://REDACTED/subscriptions/00000000-0000-0000-0000-000000000000/resourceGroups/rgsql89162b6e2e/providers/Microsoft.Sql/servers/javasqlserver455713?api-version=2021-11-01",
      "RequestMethod": "GET",
      "RequestHeaders": {
        "Accept": "application/json",
        "Authorization": "Sanitized",
        "Content-Length": "0",
        "Content-Type": "application/json",
        "Date": "Tue, 25 Jul 2023 05:59:29 GMT",
        "User-Agent": "azsdk-java-com.azure.resourcemanager.sql/2.29.0-beta.1 (17.0.1; Windows 11; 10.0)",
        "x-ms-client-request-id": "fc8bbdcb-5f9c-451b-a120-6eb3fd8a7db5",
        "x-ms-return-client-request-id": "true"
      },
      "RequestBody": null,
      "StatusCode": 200,
      "ResponseHeaders": {
        "Cache-Control": "no-cache",
        "Content-Length": "532",
        "Content-Type": "application/json; charset=utf-8",
        "Date": "Tue, 25 Jul 2023 05:59:30 GMT",
        "Expires": "-1",
        "Pragma": "no-cache",
        "Server": "Microsoft-HTTPAPI/2.0",
        "Strict-Transport-Security": "max-age=31536000; includeSubDomains",
        "X-Content-Type-Options": "nosniff",
        "x-ms-correlation-request-id": "6ddffc1e-0309-4c8a-a770-c3917af46c96",
        "x-ms-ratelimit-remaining-subscription-reads": "11896",
        "x-ms-request-id": "d69ce25c-aa7e-4285-aa48-6f392ff09254",
        "x-ms-routing-request-id": "SOUTHEASTASIA:20230725T055930Z:6ddffc1e-0309-4c8a-a770-c3917af46c96"
      },
      "ResponseBody": {
        "kind": "v12.0",
        "properties": {
          "administratorLogin": "userName",
          "version": "12.0",
          "state": "Ready",
          "fullyQualifiedDomainName": "javasqlserver455713.database.windows.net",
          "privateEndpointConnections": [],
          "minimalTlsVersion": "None",
          "publicNetworkAccess": "Enabled",
          "restrictOutboundNetworkAccess": "Disabled"
        },
        "location": "eastus",
        "tags": {},
        "id": "/subscriptions/ec0aa5f7-9e78-40c9-85cd-535c6305b380/resourceGroups/rgsql89162b6e2e/providers/Microsoft.Sql/servers/javasqlserver455713",
        "name": "javasqlserver455713",
        "type": "Microsoft.Sql/servers"
      }
    },
    {
      "RequestUri": "https://REDACTED/subscriptions/00000000-0000-0000-0000-000000000000/resourceGroups/rgsql89162b6e2e/providers/Microsoft.Sql/servers/javasqlserver455713/elasticPools/testElasticPool?api-version=2021-11-01",
      "RequestMethod": "PUT",
      "RequestHeaders": {
        "Accept": "application/json",
        "Authorization": "Sanitized",
        "Content-Length": "69",
        "Content-Type": "application/json",
        "Date": "Tue, 25 Jul 2023 05:59:30 GMT",
        "User-Agent": "azsdk-java-com.azure.resourcemanager.sql/2.29.0-beta.1 (17.0.1; Windows 11; 10.0)",
        "x-ms-client-request-id": "14f5504c-445b-40be-87ca-a77fe99dc8a5",
        "x-ms-return-client-request-id": "true"
      },
      "RequestBody": {
        "location": "eastus",
        "sku": {
          "name": "StandardPool",
          "tier": "Standard"
        }
      },
      "StatusCode": 202,
      "ResponseHeaders": {
        "Azure-AsyncOperation": "https://management.azure.com/subscriptions/ec0aa5f7-9e78-40c9-85cd-535c6305b380/resourceGroups/rgsql89162b6e2e/providers/Microsoft.Sql/locations/eastus/elasticPoolAzureAsyncOperation/942cbd5e-06b0-4814-a284-60f08efd43ab?api-version=2021-11-01",
        "Cache-Control": "no-cache",
        "Content-Length": "79",
        "Content-Type": "application/json; charset=utf-8",
        "Date": "Tue, 25 Jul 2023 05:59:34 GMT",
        "Expires": "-1",
        "Location": "https://management.azure.com/subscriptions/ec0aa5f7-9e78-40c9-85cd-535c6305b380/resourceGroups/rgsql89162b6e2e/providers/Microsoft.Sql/locations/eastus/elasticPoolOperationResults/942cbd5e-06b0-4814-a284-60f08efd43ab?api-version=2021-11-01",
        "Pragma": "no-cache",
        "Retry-After": "0",
        "Server": "Microsoft-HTTPAPI/2.0",
        "Strict-Transport-Security": "max-age=31536000; includeSubDomains",
        "X-Content-Type-Options": "nosniff",
        "x-ms-correlation-request-id": "42418742-73b9-4a76-9d92-dadd385de29e",
        "x-ms-ratelimit-remaining-subscription-writes": "1183",
        "x-ms-request-id": "942cbd5e-06b0-4814-a284-60f08efd43ab",
        "x-ms-routing-request-id": "SOUTHEASTASIA:20230725T055934Z:42418742-73b9-4a76-9d92-dadd385de29e"
      },
      "ResponseBody": {
        "operation": "CreateLogicalElasticPool",
        "startTime": "2023-07-25T05:59:32.757Z"
      }
    },
    {
      "RequestUri": "https://REDACTED/subscriptions/00000000-0000-0000-0000-000000000000/resourceGroups/rgsql89162b6e2e/providers/Microsoft.Sql/locations/eastus/elasticPoolAzureAsyncOperation/942cbd5e-06b0-4814-a284-60f08efd43ab?api-version=2021-11-01",
      "RequestMethod": "GET",
      "RequestHeaders": {
        "Accept": "application/json",
        "Authorization": "Sanitized",
        "Date": "Tue, 25 Jul 2023 05:59:49 GMT",
        "User-Agent": "azsdk-java-com.azure.resourcemanager.sql/2.29.0-beta.1 (17.0.1; Windows 11; 10.0)",
        "x-ms-client-request-id": "537b91dd-d6cd-47b7-a91a-0aba27591cd4",
        "x-ms-return-client-request-id": "true"
      },
      "RequestBody": null,
      "StatusCode": 200,
      "ResponseHeaders": {
        "Cache-Control": "no-cache",
        "Content-Length": "108",
        "Content-Type": "application/json; charset=utf-8",
        "Date": "Tue, 25 Jul 2023 05:59:49 GMT",
        "Expires": "-1",
        "Pragma": "no-cache",
        "Retry-After": "0",
        "Server": "Microsoft-HTTPAPI/2.0",
        "Strict-Transport-Security": "max-age=31536000; includeSubDomains",
        "X-Content-Type-Options": "nosniff",
        "x-ms-correlation-request-id": "6921caf5-6f8e-49fc-a244-1c5231ea3236",
        "x-ms-ratelimit-remaining-subscription-reads": "11892",
        "x-ms-request-id": "0dc7846f-9577-46ed-a224-7eb4293d3f06",
        "x-ms-routing-request-id": "SOUTHEASTASIA:20230725T055950Z:6921caf5-6f8e-49fc-a244-1c5231ea3236"
      },
      "ResponseBody": {
        "name": "942cbd5e-06b0-4814-a284-60f08efd43ab",
        "status": "InProgress",
        "startTime": "2023-07-25T05:59:32.757Z"
      }
    },
    {
      "RequestUri": "https://REDACTED/subscriptions/00000000-0000-0000-0000-000000000000/resourceGroups/rgsql89162b6e2e/providers/Microsoft.Sql/locations/eastus/elasticPoolAzureAsyncOperation/942cbd5e-06b0-4814-a284-60f08efd43ab?api-version=2021-11-01",
      "RequestMethod": "GET",
      "RequestHeaders": {
        "Accept": "application/json",
        "Authorization": "Sanitized",
        "Date": "Tue, 25 Jul 2023 06:00:04 GMT",
        "User-Agent": "azsdk-java-com.azure.resourcemanager.sql/2.29.0-beta.1 (17.0.1; Windows 11; 10.0)",
        "x-ms-client-request-id": "bfef3d26-0d0e-4bae-98e6-4d7f68742910",
        "x-ms-return-client-request-id": "true"
      },
      "RequestBody": null,
      "StatusCode": 200,
      "ResponseHeaders": {
        "Cache-Control": "no-cache",
        "Content-Length": "108",
        "Content-Type": "application/json; charset=utf-8",
        "Date": "Tue, 25 Jul 2023 06:00:04 GMT",
        "Expires": "-1",
        "Pragma": "no-cache",
        "Retry-After": "0",
        "Server": "Microsoft-HTTPAPI/2.0",
        "Strict-Transport-Security": "max-age=31536000; includeSubDomains",
        "X-Content-Type-Options": "nosniff",
        "x-ms-correlation-request-id": "259c0a22-005e-4399-91ca-38d83d6d9c0c",
        "x-ms-ratelimit-remaining-subscription-reads": "11931",
        "x-ms-request-id": "8a69ce79-239a-4733-b7e3-419c59667317",
        "x-ms-routing-request-id": "SOUTHEASTASIA:20230725T060005Z:259c0a22-005e-4399-91ca-38d83d6d9c0c"
      },
      "ResponseBody": {
        "name": "942cbd5e-06b0-4814-a284-60f08efd43ab",
        "status": "InProgress",
        "startTime": "2023-07-25T05:59:32.757Z"
      }
    },
    {
      "RequestUri": "https://REDACTED/subscriptions/00000000-0000-0000-0000-000000000000/resourceGroups/rgsql89162b6e2e/providers/Microsoft.Sql/locations/eastus/elasticPoolAzureAsyncOperation/942cbd5e-06b0-4814-a284-60f08efd43ab?api-version=2021-11-01",
      "RequestMethod": "GET",
      "RequestHeaders": {
        "Accept": "application/json",
        "Authorization": "Sanitized",
        "Date": "Tue, 25 Jul 2023 06:00:20 GMT",
        "User-Agent": "azsdk-java-com.azure.resourcemanager.sql/2.29.0-beta.1 (17.0.1; Windows 11; 10.0)",
        "x-ms-client-request-id": "867c3351-f4c2-495b-b751-56c9267d6d1a",
        "x-ms-return-client-request-id": "true"
      },
      "RequestBody": null,
      "StatusCode": 200,
      "ResponseHeaders": {
        "Cache-Control": "no-cache",
        "Content-Length": "107",
        "Content-Type": "application/json; charset=utf-8",
        "Date": "Tue, 25 Jul 2023 06:00:20 GMT",
        "Expires": "-1",
        "Pragma": "no-cache",
        "Retry-After": "0",
        "Server": "Microsoft-HTTPAPI/2.0",
        "Strict-Transport-Security": "max-age=31536000; includeSubDomains",
        "X-Content-Type-Options": "nosniff",
        "x-ms-correlation-request-id": "5d85844e-ebff-4abf-84ba-1226596cde74",
        "x-ms-ratelimit-remaining-subscription-reads": "11924",
        "x-ms-request-id": "ebcde21d-a31a-4613-ab46-ab38748ad8cf",
        "x-ms-routing-request-id": "SOUTHEASTASIA:20230725T060021Z:5d85844e-ebff-4abf-84ba-1226596cde74"
      },
      "ResponseBody": {
        "name": "942cbd5e-06b0-4814-a284-60f08efd43ab",
        "status": "Succeeded",
        "startTime": "2023-07-25T05:59:32.757Z"
      }
    },
    {
      "RequestUri": "https://REDACTED/subscriptions/00000000-0000-0000-0000-000000000000/resourceGroups/rgsql89162b6e2e/providers/Microsoft.Sql/servers/javasqlserver455713/elasticPools/testElasticPool?api-version=2021-11-01",
      "RequestMethod": "GET",
      "RequestHeaders": {
        "Accept": "application/json",
        "Authorization": "Sanitized",
        "Date": "Tue, 25 Jul 2023 06:00:20 GMT",
        "User-Agent": "azsdk-java-com.azure.resourcemanager.sql/2.29.0-beta.1 (17.0.1; Windows 11; 10.0)",
        "x-ms-client-request-id": "79177a26-c3c2-4168-993a-0c47148f14c6",
        "x-ms-return-client-request-id": "true"
      },
      "RequestBody": null,
      "StatusCode": 200,
      "ResponseHeaders": {
        "Cache-Control": "no-cache",
        "Content-Length": "681",
        "Content-Type": "application/json; charset=utf-8",
        "Date": "Tue, 25 Jul 2023 06:00:21 GMT",
        "Expires": "-1",
        "Pragma": "no-cache",
        "Server": "Microsoft-HTTPAPI/2.0",
        "Strict-Transport-Security": "max-age=31536000; includeSubDomains",
        "X-Content-Type-Options": "nosniff",
        "x-ms-correlation-request-id": "0761c0f8-3294-4f6c-92ce-e2bd3d0f5ebf",
        "x-ms-ratelimit-remaining-subscription-reads": "11923",
        "x-ms-request-id": "f3326221-859a-488f-8194-54778e822dc1",
        "x-ms-routing-request-id": "SOUTHEASTASIA:20230725T060021Z:0761c0f8-3294-4f6c-92ce-e2bd3d0f5ebf"
      },
      "ResponseBody": {
        "sku": {
          "name": "StandardPool",
          "tier": "Standard",
          "capacity": 100
        },
        "kind": "pool",
        "properties": {
          "state": "Ready",
          "creationDate": "2023-07-25T05:59:34.99Z",
          "maxSizeBytes": 107374182400,
          "perDatabaseSettings": {
            "minCapacity": 0.0,
            "maxCapacity": 100.0
          },
          "zoneRedundant": false,
          "maintenanceConfigurationId": "/subscriptions/ec0aa5f7-9e78-40c9-85cd-535c6305b380/providers/Microsoft.Maintenance/publicMaintenanceConfigurations/SQL_Default"
        },
        "location": "eastus",
        "id": "/subscriptions/ec0aa5f7-9e78-40c9-85cd-535c6305b380/resourceGroups/rgsql89162b6e2e/providers/Microsoft.Sql/servers/javasqlserver455713/elasticPools/testElasticPool",
        "name": "testElasticPool",
        "type": "Microsoft.Sql/servers/elasticPools"
      }
    },
    {
      "RequestUri": "https://REDACTED/subscriptions/00000000-0000-0000-0000-000000000000/resourceGroups/rgsql89162b6e2e/providers/Microsoft.Sql/servers/javasqlserver455713/databases/anotherDatabase?api-version=2021-11-01",
      "RequestMethod": "PUT",
      "RequestHeaders": {
        "Accept": "application/json",
        "Authorization": "Sanitized",
        "Content-Length": "420",
        "Content-Type": "application/json",
        "Date": "Tue, 25 Jul 2023 06:00:21 GMT",
        "User-Agent": "azsdk-java-com.azure.resourcemanager.sql/2.29.0-beta.1 (17.0.1; Windows 11; 10.0)",
        "x-ms-client-request-id": "441cac9c-4027-4637-9654-81e01940887d",
        "x-ms-return-client-request-id": "true"
      },
      "RequestBody": {
        "location": "eastus",
        "properties": {
          "createMode": "Copy",
          "elasticPoolId": "/subscriptions/ec0aa5f7-9e78-40c9-85cd-535c6305b380/resourcegroups/rgsql89162b6e2e/providers/Microsoft.Sql/servers/javasqlserver455713/elasticPools/testElasticPool",
          "sourceDatabaseId": "/subscriptions/ec0aa5f7-9e78-40c9-85cd-535c6305b380/resourceGroups/rgsql89162b6e2e/providers/Microsoft.Sql/servers/javasqlserver455713/databases/myTestDatabase2"
        }
      },
      "StatusCode": 202,
      "ResponseHeaders": {
        "Azure-AsyncOperation": "https://management.azure.com/subscriptions/ec0aa5f7-9e78-40c9-85cd-535c6305b380/resourceGroups/rgsql89162b6e2e/providers/Microsoft.Sql/locations/eastus/databaseAzureAsyncOperation/156a2962-140b-4204-8abd-81c90c9c579d?api-version=2021-11-01",
        "Cache-Control": "no-cache",
        "Content-Length": "75",
        "Content-Type": "application/json; charset=utf-8",
        "Date": "Tue, 25 Jul 2023 06:00:24 GMT",
        "Expires": "-1",
        "Location": "https://management.azure.com/subscriptions/ec0aa5f7-9e78-40c9-85cd-535c6305b380/resourceGroups/rgsql89162b6e2e/providers/Microsoft.Sql/locations/eastus/databaseOperationResults/156a2962-140b-4204-8abd-81c90c9c579d?api-version=2021-11-01",
        "Pragma": "no-cache",
        "Retry-After": "0",
        "Server": "Microsoft-HTTPAPI/2.0",
        "Strict-Transport-Security": "max-age=31536000; includeSubDomains",
        "X-Content-Type-Options": "nosniff",
        "x-ms-correlation-request-id": "50e575ab-fd13-490d-a569-a2e4b111c4b1",
        "x-ms-ratelimit-remaining-subscription-writes": "1185",
        "x-ms-request-id": "443b17ad-085b-4b57-966c-c248e587a953",
        "x-ms-routing-request-id": "SOUTHEASTASIA:20230725T060024Z:50e575ab-fd13-490d-a569-a2e4b111c4b1"
      },
      "ResponseBody": {
        "operation": "CreateDatabaseAsCopy",
        "startTime": "2023-07-25T06:00:24.713Z"
      }
    },
    {
      "RequestUri": "https://REDACTED/subscriptions/00000000-0000-0000-0000-000000000000/resourceGroups/rgsql89162b6e2e/providers/Microsoft.Sql/locations/eastus/databaseAzureAsyncOperation/156a2962-140b-4204-8abd-81c90c9c579d?api-version=2021-11-01",
      "RequestMethod": "GET",
      "RequestHeaders": {
        "Accept": "application/json",
        "Authorization": "Sanitized",
        "Date": "Tue, 25 Jul 2023 06:00:39 GMT",
        "User-Agent": "azsdk-java-com.azure.resourcemanager.sql/2.29.0-beta.1 (17.0.1; Windows 11; 10.0)",
        "x-ms-client-request-id": "e297598f-9850-46e0-8c25-ed68f167f40b",
        "x-ms-return-client-request-id": "true"
      },
      "RequestBody": null,
      "StatusCode": 200,
      "ResponseHeaders": {
        "Cache-Control": "no-cache",
        "Content-Length": "107",
        "Content-Type": "application/json; charset=utf-8",
        "Date": "Tue, 25 Jul 2023 06:00:39 GMT",
        "Expires": "-1",
        "Pragma": "no-cache",
        "Retry-After": "0",
        "Server": "Microsoft-HTTPAPI/2.0",
        "Strict-Transport-Security": "max-age=31536000; includeSubDomains",
        "X-Content-Type-Options": "nosniff",
        "x-ms-correlation-request-id": "c77fdda8-1f9e-4852-a1bb-0fcf4e0c08d7",
        "x-ms-ratelimit-remaining-subscription-reads": "11912",
        "x-ms-request-id": "09ed693b-f745-468a-bdb4-35a29ddb480d",
        "x-ms-routing-request-id": "SOUTHEASTASIA:20230725T060040Z:c77fdda8-1f9e-4852-a1bb-0fcf4e0c08d7"
      },
      "ResponseBody": {
        "name": "156a2962-140b-4204-8abd-81c90c9c579d",
        "status": "InProgress",
        "startTime": "2023-07-25T06:00:24.93Z"
      }
    },
    {
      "RequestUri": "https://REDACTED/subscriptions/00000000-0000-0000-0000-000000000000/resourceGroups/rgsql89162b6e2e/providers/Microsoft.Sql/locations/eastus/databaseAzureAsyncOperation/156a2962-140b-4204-8abd-81c90c9c579d?api-version=2021-11-01",
      "RequestMethod": "GET",
      "RequestHeaders": {
        "Accept": "application/json",
        "Authorization": "Sanitized",
        "Date": "Tue, 25 Jul 2023 06:00:54 GMT",
        "User-Agent": "azsdk-java-com.azure.resourcemanager.sql/2.29.0-beta.1 (17.0.1; Windows 11; 10.0)",
        "x-ms-client-request-id": "3c9cfd51-46ab-40df-b182-fd8064f5eb90",
        "x-ms-return-client-request-id": "true"
      },
      "RequestBody": null,
      "StatusCode": 200,
      "ResponseHeaders": {
        "Cache-Control": "no-cache",
        "Content-Length": "107",
        "Content-Type": "application/json; charset=utf-8",
        "Date": "Tue, 25 Jul 2023 06:00:55 GMT",
        "Expires": "-1",
        "Pragma": "no-cache",
        "Retry-After": "0",
        "Server": "Microsoft-HTTPAPI/2.0",
        "Strict-Transport-Security": "max-age=31536000; includeSubDomains",
        "X-Content-Type-Options": "nosniff",
        "x-ms-correlation-request-id": "c19547a2-9c87-42e8-a256-e613dc0e3fff",
        "x-ms-ratelimit-remaining-subscription-reads": "11994",
        "x-ms-request-id": "aca56fa4-75db-4554-b682-5263062d2d13",
        "x-ms-routing-request-id": "SOUTHEASTASIA:20230725T060055Z:c19547a2-9c87-42e8-a256-e613dc0e3fff"
      },
      "ResponseBody": {
        "name": "156a2962-140b-4204-8abd-81c90c9c579d",
        "status": "InProgress",
        "startTime": "2023-07-25T06:00:24.93Z"
      }
    },
    {
      "RequestUri": "https://REDACTED/subscriptions/00000000-0000-0000-0000-000000000000/resourceGroups/rgsql89162b6e2e/providers/Microsoft.Sql/locations/eastus/databaseAzureAsyncOperation/156a2962-140b-4204-8abd-81c90c9c579d?api-version=2021-11-01",
      "RequestMethod": "GET",
      "RequestHeaders": {
        "Accept": "application/json",
        "Authorization": "Sanitized",
        "Date": "Tue, 25 Jul 2023 06:01:10 GMT",
        "User-Agent": "azsdk-java-com.azure.resourcemanager.sql/2.29.0-beta.1 (17.0.1; Windows 11; 10.0)",
        "x-ms-client-request-id": "fe55d268-71ef-4685-a0c2-9a9d59bec588",
        "x-ms-return-client-request-id": "true"
      },
      "RequestBody": null,
      "StatusCode": 200,
      "ResponseHeaders": {
        "Cache-Control": "no-cache",
        "Content-Length": "107",
        "Content-Type": "application/json; charset=utf-8",
        "Date": "Tue, 25 Jul 2023 06:01:10 GMT",
        "Expires": "-1",
        "Pragma": "no-cache",
        "Retry-After": "0",
        "Server": "Microsoft-HTTPAPI/2.0",
        "Strict-Transport-Security": "max-age=31536000; includeSubDomains",
        "X-Content-Type-Options": "nosniff",
        "x-ms-correlation-request-id": "0e83e0f5-64d5-42da-9a27-2d76d0e84f1b",
        "x-ms-ratelimit-remaining-subscription-reads": "11905",
        "x-ms-request-id": "c54bb631-b1bd-46de-98d9-842dd79034cc",
        "x-ms-routing-request-id": "SOUTHEASTASIA:20230725T060111Z:0e83e0f5-64d5-42da-9a27-2d76d0e84f1b"
      },
      "ResponseBody": {
        "name": "156a2962-140b-4204-8abd-81c90c9c579d",
        "status": "InProgress",
        "startTime": "2023-07-25T06:00:24.93Z"
      }
    },
    {
      "RequestUri": "https://REDACTED/subscriptions/00000000-0000-0000-0000-000000000000/resourceGroups/rgsql89162b6e2e/providers/Microsoft.Sql/locations/eastus/databaseAzureAsyncOperation/156a2962-140b-4204-8abd-81c90c9c579d?api-version=2021-11-01",
      "RequestMethod": "GET",
      "RequestHeaders": {
        "Accept": "application/json",
        "Authorization": "Sanitized",
        "Date": "Tue, 25 Jul 2023 06:01:25 GMT",
        "User-Agent": "azsdk-java-com.azure.resourcemanager.sql/2.29.0-beta.1 (17.0.1; Windows 11; 10.0)",
        "x-ms-client-request-id": "1d9c5567-4d2a-4e8e-bac1-3a2e2dae8f3f",
        "x-ms-return-client-request-id": "true"
      },
      "RequestBody": null,
      "StatusCode": 200,
      "ResponseHeaders": {
        "Cache-Control": "no-cache",
        "Content-Length": "106",
        "Content-Type": "application/json; charset=utf-8",
        "Date": "Tue, 25 Jul 2023 06:01:25 GMT",
        "Expires": "-1",
        "Pragma": "no-cache",
        "Retry-After": "0",
        "Server": "Microsoft-HTTPAPI/2.0",
        "Strict-Transport-Security": "max-age=31536000; includeSubDomains",
        "X-Content-Type-Options": "nosniff",
        "x-ms-correlation-request-id": "dea339b4-2279-4754-ab3a-1b6bc27d416d",
        "x-ms-ratelimit-remaining-subscription-reads": "11992",
        "x-ms-request-id": "68f6f59d-8320-4449-b620-244a15cfde25",
        "x-ms-routing-request-id": "SOUTHEASTASIA:20230725T060126Z:dea339b4-2279-4754-ab3a-1b6bc27d416d"
      },
      "ResponseBody": {
        "name": "156a2962-140b-4204-8abd-81c90c9c579d",
        "status": "Succeeded",
        "startTime": "2023-07-25T06:00:24.93Z"
      }
    },
    {
      "RequestUri": "https://REDACTED/subscriptions/00000000-0000-0000-0000-000000000000/resourceGroups/rgsql89162b6e2e/providers/Microsoft.Sql/servers/javasqlserver455713/databases/anotherDatabase?api-version=2021-11-01",
      "RequestMethod": "GET",
      "RequestHeaders": {
        "Accept": "application/json",
        "Authorization": "Sanitized",
        "Date": "Tue, 25 Jul 2023 06:01:25 GMT",
        "User-Agent": "azsdk-java-com.azure.resourcemanager.sql/2.29.0-beta.1 (17.0.1; Windows 11; 10.0)",
        "x-ms-client-request-id": "ae58eec4-ddd9-43c3-b6bd-83b4d6cbcfcb",
        "x-ms-return-client-request-id": "true"
      },
      "RequestBody": null,
      "StatusCode": 200,
      "ResponseHeaders": {
        "Cache-Control": "no-cache",
        "Content-Length": "1299",
        "Content-Type": "application/json; charset=utf-8",
        "Date": "Tue, 25 Jul 2023 06:01:26 GMT",
        "Expires": "-1",
        "Pragma": "no-cache",
        "Server": "Microsoft-HTTPAPI/2.0",
        "Strict-Transport-Security": "max-age=31536000; includeSubDomains",
        "X-Content-Type-Options": "nosniff",
        "x-ms-correlation-request-id": "98b07c3e-a0d7-43c6-8c03-83ea367d8145",
        "x-ms-ratelimit-remaining-subscription-reads": "11991",
        "x-ms-request-id": "07bd319b-733a-4eae-a54c-3af5185002cd",
        "x-ms-routing-request-id": "SOUTHEASTASIA:20230725T060127Z:98b07c3e-a0d7-43c6-8c03-83ea367d8145"
      },
      "ResponseBody": {
        "sku": {
          "name": "ElasticPool",
          "tier": "Standard",
          "capacity": 0
        },
        "kind": "v12.0,user,pool",
        "properties": {
          "collation": "SQL_Latin1_General_CP1_CI_AS",
          "maxSizeBytes": 268435456000,
          "elasticPoolId": "/subscriptions/ec0aa5f7-9e78-40c9-85cd-535c6305b380/resourceGroups/rgsql89162b6e2e/providers/Microsoft.Sql/servers/javasqlserver455713/elasticPools/testElasticPool",
          "status": "Online",
          "databaseId": "f2ff7bd3-02a9-4242-9ee7-6d545c901b50",
          "creationDate": "2023-07-25T06:01:04.513Z",
          "currentServiceObjectiveName": "ElasticPool",
          "requestedServiceObjectiveName": "ElasticPool",
          "defaultSecondaryLocation": "westus",
          "catalogCollation": "SQL_Latin1_General_CP1_CI_AS",
          "zoneRedundant": false,
          "readScale": "Disabled",
          "currentSku": {
            "name": "ElasticPool",
            "tier": "Standard",
            "capacity": 0
          },
          "currentBackupStorageRedundancy": "Geo",
          "requestedBackupStorageRedundancy": "Geo",
          "maintenanceConfigurationId": "/subscriptions/ec0aa5f7-9e78-40c9-85cd-535c6305b380/providers/Microsoft.Maintenance/publicMaintenanceConfigurations/SQL_Default",
          "isLedgerOn": false,
          "isInfraEncryptionEnabled": false
        },
        "location": "eastus",
        "id": "/subscriptions/ec0aa5f7-9e78-40c9-85cd-535c6305b380/resourceGroups/rgsql89162b6e2e/providers/Microsoft.Sql/servers/javasqlserver455713/databases/anotherDatabase",
        "name": "anotherDatabase",
        "type": "Microsoft.Sql/servers/databases"
      }
    },
    {
      "RequestUri": "https://REDACTED/subscriptions/00000000-0000-0000-0000-000000000000/resourceGroups/rgsql89162b6e2e/providers/Microsoft.Sql/servers/javasqlserver455713/databases/anotherDatabase?api-version=2021-11-01",
      "RequestMethod": "DELETE",
      "RequestHeaders": {
        "Accept": "application/json;q=0.9",
        "Authorization": "Sanitized",
        "Content-Length": "0",
        "Content-Type": "application/json",
        "Date": "Tue, 25 Jul 2023 06:01:26 GMT",
        "User-Agent": "azsdk-java-com.azure.resourcemanager.sql/2.29.0-beta.1 (17.0.1; Windows 11; 10.0)",
        "x-ms-client-request-id": "b84f64d5-8ebd-40cc-b773-fbeab997e9cd",
        "x-ms-return-client-request-id": "true"
      },
      "RequestBody": null,
      "StatusCode": 202,
      "ResponseHeaders": {
        "Azure-AsyncOperation": "https://management.azure.com/subscriptions/ec0aa5f7-9e78-40c9-85cd-535c6305b380/resourceGroups/rgsql89162b6e2e/providers/Microsoft.Sql/locations/eastus/databaseAzureAsyncOperation/30bb0194-b6cf-43b4-a5d6-9e17bafb9998?api-version=2021-11-01",
        "Cache-Control": "no-cache",
        "Content-Length": "73",
        "Content-Type": "application/json; charset=utf-8",
        "Date": "Tue, 25 Jul 2023 06:01:27 GMT",
        "Expires": "-1",
        "Location": "https://management.azure.com/subscriptions/ec0aa5f7-9e78-40c9-85cd-535c6305b380/resourceGroups/rgsql89162b6e2e/providers/Microsoft.Sql/locations/eastus/databaseOperationResults/30bb0194-b6cf-43b4-a5d6-9e17bafb9998?api-version=2021-11-01",
        "Pragma": "no-cache",
        "Retry-After": "0",
        "Server": "Microsoft-HTTPAPI/2.0",
        "Strict-Transport-Security": "max-age=31536000; includeSubDomains",
        "X-Content-Type-Options": "nosniff",
        "x-ms-correlation-request-id": "9d1cdf92-3e91-4e2a-8ce2-4c8791234e77",
        "x-ms-ratelimit-remaining-subscription-deletes": "14999",
        "x-ms-request-id": "30bb0194-b6cf-43b4-a5d6-9e17bafb9998",
        "x-ms-routing-request-id": "SOUTHEASTASIA:20230725T060128Z:9d1cdf92-3e91-4e2a-8ce2-4c8791234e77"
      },
      "ResponseBody": {
        "operation": "DropLogicalDatabase",
        "startTime": "2023-07-25T06:01:28.22Z"
      }
    },
    {
      "RequestUri": "https://REDACTED/subscriptions/00000000-0000-0000-0000-000000000000/resourceGroups/rgsql89162b6e2e/providers/Microsoft.Sql/locations/eastus/databaseAzureAsyncOperation/30bb0194-b6cf-43b4-a5d6-9e17bafb9998?api-version=2021-11-01",
      "RequestMethod": "GET",
      "RequestHeaders": {
        "Accept": "application/json",
        "Authorization": "Sanitized",
        "Date": "Tue, 25 Jul 2023 06:01:42 GMT",
        "User-Agent": "azsdk-java-com.azure.resourcemanager.sql/2.29.0-beta.1 (17.0.1; Windows 11; 10.0)",
        "x-ms-client-request-id": "faf7ea8b-b397-476a-8c36-092361e10b34",
        "x-ms-return-client-request-id": "true"
      },
      "RequestBody": null,
      "StatusCode": 200,
      "ResponseHeaders": {
        "Cache-Control": "no-cache",
        "Content-Length": "106",
        "Content-Type": "application/json; charset=utf-8",
        "Date": "Tue, 25 Jul 2023 06:01:43 GMT",
        "Expires": "-1",
        "Pragma": "no-cache",
        "Retry-After": "0",
        "Server": "Microsoft-HTTPAPI/2.0",
        "Strict-Transport-Security": "max-age=31536000; includeSubDomains",
        "X-Content-Type-Options": "nosniff",
        "x-ms-correlation-request-id": "31ba91ef-5f47-4997-8bad-e2f0eebe25d4",
        "x-ms-ratelimit-remaining-subscription-reads": "11986",
        "x-ms-request-id": "20812d96-adbc-49e8-ad6e-9c82e0ce2029",
        "x-ms-routing-request-id": "SOUTHEASTASIA:20230725T060143Z:31ba91ef-5f47-4997-8bad-e2f0eebe25d4"
      },
      "ResponseBody": {
        "name": "30bb0194-b6cf-43b4-a5d6-9e17bafb9998",
        "status": "Succeeded",
        "startTime": "2023-07-25T06:01:28.22Z"
      }
    },
    {
      "RequestUri": "https://REDACTED/subscriptions/00000000-0000-0000-0000-000000000000/resourceGroups/rgsql89162b6e2e/providers/Microsoft.Sql/locations/eastus/databaseOperationResults/30bb0194-b6cf-43b4-a5d6-9e17bafb9998?api-version=2021-11-01",
      "RequestMethod": "GET",
      "RequestHeaders": {
        "Accept": "application/json",
        "Authorization": "Sanitized",
        "Date": "Tue, 25 Jul 2023 06:01:43 GMT",
        "User-Agent": "azsdk-java-com.azure.resourcemanager.sql/2.29.0-beta.1 (17.0.1; Windows 11; 10.0)",
        "x-ms-client-request-id": "859a882a-3cde-4f5f-a50f-32923a2b608c",
        "x-ms-return-client-request-id": "true"
      },
      "RequestBody": null,
      "StatusCode": 200,
      "ResponseHeaders": {
        "Cache-Control": "no-cache",
        "Content-Length": "0",
        "Date": "Tue, 25 Jul 2023 06:01:43 GMT",
        "Expires": "-1",
        "Pragma": "no-cache",
        "Server": "Microsoft-HTTPAPI/2.0",
        "Strict-Transport-Security": "max-age=31536000; includeSubDomains",
        "X-Content-Type-Options": "nosniff",
        "x-ms-correlation-request-id": "9492ed47-a5cc-4335-855e-c928b91ace70",
        "x-ms-ratelimit-remaining-subscription-reads": "11985",
        "x-ms-request-id": "14f481a3-f0ec-4396-9e68-77bc17b58882",
        "x-ms-routing-request-id": "SOUTHEASTASIA:20230725T060144Z:9492ed47-a5cc-4335-855e-c928b91ace70"
      },
      "ResponseBody": null
    },
    {
      "RequestUri": "https://REDACTED/subscriptions/00000000-0000-0000-0000-000000000000/resourceGroups/rgsql89162b6e2e/providers/Microsoft.Sql/servers/javasqlserver455713/databases/myTestDatabase2?api-version=2021-11-01",
      "RequestMethod": "GET",
      "RequestHeaders": {
        "Accept": "application/json",
        "Authorization": "Sanitized",
        "Content-Length": "0",
        "Content-Type": "application/json",
        "Date": "Tue, 25 Jul 2023 06:01:43 GMT",
        "User-Agent": "azsdk-java-com.azure.resourcemanager.sql/2.29.0-beta.1 (17.0.1; Windows 11; 10.0)",
        "x-ms-client-request-id": "d21d105e-96ac-41cd-9cf2-df6f1b007b8a",
        "x-ms-return-client-request-id": "true"
      },
      "RequestBody": null,
      "StatusCode": 200,
      "ResponseHeaders": {
        "Cache-Control": "no-cache",
        "Content-Length": "1090",
        "Content-Type": "application/json; charset=utf-8",
        "Date": "Tue, 25 Jul 2023 06:01:44 GMT",
        "Expires": "-1",
        "Pragma": "no-cache",
        "Server": "Microsoft-HTTPAPI/2.0",
        "Strict-Transport-Security": "max-age=31536000; includeSubDomains",
        "X-Content-Type-Options": "nosniff",
        "x-ms-correlation-request-id": "842c1469-da41-41f0-8421-677229cd1d76",
        "x-ms-ratelimit-remaining-subscription-reads": "11984",
        "x-ms-request-id": "5478bb47-42a1-44c6-8fae-871cb0fb0d17",
        "x-ms-routing-request-id": "SOUTHEASTASIA:20230725T060144Z:842c1469-da41-41f0-8421-677229cd1d76"
      },
      "ResponseBody": {
        "sku": {
          "name": "Standard",
          "tier": "Standard",
          "capacity": 10
        },
        "kind": "v12.0,user",
        "properties": {
          "collation": "SQL_Latin1_General_CP1_CI_AS",
          "maxSizeBytes": 268435456000,
          "status": "Online",
          "databaseId": "f25c5c34-8ab0-4594-a0ee-369d24ef562d",
          "creationDate": "2023-07-25T05:58:09.877Z",
          "currentServiceObjectiveName": "S0",
          "requestedServiceObjectiveName": "S0",
          "defaultSecondaryLocation": "westus",
          "catalogCollation": "SQL_Latin1_General_CP1_CI_AS",
          "zoneRedundant": false,
          "readScale": "Disabled",
          "currentSku": {
            "name": "Standard",
            "tier": "Standard",
            "capacity": 10
          },
          "currentBackupStorageRedundancy": "Geo",
          "requestedBackupStorageRedundancy": "Geo",
          "maintenanceConfigurationId": "/subscriptions/ec0aa5f7-9e78-40c9-85cd-535c6305b380/providers/Microsoft.Maintenance/publicMaintenanceConfigurations/SQL_Default",
          "isLedgerOn": false,
          "isInfraEncryptionEnabled": false
        },
        "location": "eastus",
        "id": "/subscriptions/ec0aa5f7-9e78-40c9-85cd-535c6305b380/resourceGroups/rgsql89162b6e2e/providers/Microsoft.Sql/servers/javasqlserver455713/databases/myTestDatabase2",
        "name": "myTestDatabase2",
        "type": "Microsoft.Sql/servers/databases"
      }
    },
    {
      "RequestUri": "https://REDACTED/subscriptions/00000000-0000-0000-0000-000000000000/resourceGroups/rgsql89162b6e2e/providers/Microsoft.Sql/servers/javasqlserver455713/databases?api-version=2021-11-01",
      "RequestMethod": "GET",
      "RequestHeaders": {
        "Accept": "application/json",
        "Authorization": "Sanitized",
        "Content-Length": "0",
        "Content-Type": "application/json",
        "Date": "Tue, 25 Jul 2023 06:01:44 GMT",
        "User-Agent": "azsdk-java-com.azure.resourcemanager.sql/2.29.0-beta.1 (17.0.1; Windows 11; 10.0)",
        "x-ms-client-request-id": "62d27e6c-57c3-49b5-ba5f-09ab7d013fa5",
        "x-ms-return-client-request-id": "true"
      },
      "RequestBody": null,
      "StatusCode": 200,
      "ResponseHeaders": {
        "Cache-Control": "no-cache",
        "Content-Length": "2329",
        "Content-Type": "application/json; charset=utf-8",
        "Date": "Tue, 25 Jul 2023 06:01:44 GMT",
        "Expires": "-1",
        "Pragma": "no-cache",
        "Server": "Microsoft-HTTPAPI/2.0",
        "Strict-Transport-Security": "max-age=31536000; includeSubDomains",
        "X-Content-Type-Options": "nosniff",
        "x-ms-correlation-request-id": "ada8056c-92ff-457d-816d-fae4ca410515",
        "x-ms-ratelimit-remaining-subscription-reads": "11983",
        "x-ms-request-id": "6f813909-c35b-4268-a8aa-5acddff0b57a",
        "x-ms-routing-request-id": "SOUTHEASTASIA:20230725T060145Z:ada8056c-92ff-457d-816d-fae4ca410515"
      },
      "ResponseBody": {
        "value": [
          {
            "sku": {
              "name": "Standard",
              "tier": "Standard",
              "capacity": 10
            },
            "kind": "v12.0,user",
            "properties": {
              "collation": "SQL_Latin1_General_CP1_CI_AS",
              "maxSizeBytes": 268435456000,
              "status": "Online",
              "databaseId": "f25c5c34-8ab0-4594-a0ee-369d24ef562d",
              "creationDate": "2023-07-25T05:58:09.877Z",
              "currentServiceObjectiveName": "S0",
              "requestedServiceObjectiveName": "S0",
              "defaultSecondaryLocation": "westus",
              "catalogCollation": "SQL_Latin1_General_CP1_CI_AS",
              "zoneRedundant": false,
              "readScale": "Disabled",
              "currentSku": {
                "name": "Standard",
                "tier": "Standard",
                "capacity": 10
              },
              "currentBackupStorageRedundancy": "Geo",
              "requestedBackupStorageRedundancy": "Geo",
              "maintenanceConfigurationId": "/subscriptions/ec0aa5f7-9e78-40c9-85cd-535c6305b380/providers/Microsoft.Maintenance/publicMaintenanceConfigurations/SQL_Default",
              "isLedgerOn": false,
              "isInfraEncryptionEnabled": false
            },
            "location": "eastus",
            "id": "/subscriptions/ec0aa5f7-9e78-40c9-85cd-535c6305b380/resourceGroups/rgsql89162b6e2e/providers/Microsoft.Sql/servers/javasqlserver455713/databases/myTestDatabase2",
            "name": "myTestDatabase2",
            "type": "Microsoft.Sql/servers/databases"
          },
          {
            "sku": {
              "name": "System",
              "tier": "System",
              "capacity": 0
            },
            "kind": "v12.0,system",
            "managedBy": "/subscriptions/ec0aa5f7-9e78-40c9-85cd-535c6305b380/resourceGroups/rgsql89162b6e2e/providers/Microsoft.Sql/servers/javasqlserver455713",
            "properties": {
              "collation": "SQL_Latin1_General_CP1_CI_AS",
              "maxSizeBytes": 53687091200,
              "status": "Online",
              "databaseId": "9d8db567-2b43-480c-b32b-5c3057c38710",
              "creationDate": "2023-07-25T05:56:54.393Z",
              "currentServiceObjectiveName": "System2",
              "requestedServiceObjectiveName": "System2",
              "defaultSecondaryLocation": "westus",
              "catalogCollation": "SQL_Latin1_General_CP1_CI_AS",
              "zoneRedundant": false,
              "readScale": "Disabled",
              "currentSku": {
                "name": "System",
                "tier": "System",
                "capacity": 0
              },
              "currentBackupStorageRedundancy": "Local",
              "requestedBackupStorageRedundancy": "Local",
              "maintenanceConfigurationId": "/subscriptions/ec0aa5f7-9e78-40c9-85cd-535c6305b380/providers/Microsoft.Maintenance/publicMaintenanceConfigurations/SQL_Default",
              "isLedgerOn": false,
              "isInfraEncryptionEnabled": false
            },
            "location": "eastus",
            "id": "/subscriptions/ec0aa5f7-9e78-40c9-85cd-535c6305b380/resourceGroups/rgsql89162b6e2e/providers/Microsoft.Sql/servers/javasqlserver455713/databases/master",
            "name": "master",
            "type": "Microsoft.Sql/servers/databases"
          }
        ]
      }
    },
    {
      "RequestUri": "https://REDACTED/subscriptions/00000000-0000-0000-0000-000000000000/resourceGroups/rgsql89162b6e2e/providers/Microsoft.Sql/servers/javasqlserver455713/databases/myTestDatabase2?api-version=2021-11-01",
      "RequestMethod": "DELETE",
      "RequestHeaders": {
        "Accept": "application/json;q=0.9",
        "Authorization": "Sanitized",
        "Content-Length": "0",
        "Content-Type": "application/json",
        "Date": "Tue, 25 Jul 2023 06:01:44 GMT",
        "User-Agent": "azsdk-java-com.azure.resourcemanager.sql/2.29.0-beta.1 (17.0.1; Windows 11; 10.0)",
        "x-ms-client-request-id": "861d5ad8-25b8-4cf7-9f43-a5c01388da29",
        "x-ms-return-client-request-id": "true"
      },
      "RequestBody": null,
      "StatusCode": 202,
      "ResponseHeaders": {
        "Azure-AsyncOperation": "https://management.azure.com/subscriptions/ec0aa5f7-9e78-40c9-85cd-535c6305b380/resourceGroups/rgsql89162b6e2e/providers/Microsoft.Sql/locations/eastus/databaseAzureAsyncOperation/f4408f0d-aaaf-439e-8318-184ae5f27d31?api-version=2021-11-01",
        "Cache-Control": "no-cache",
        "Content-Length": "74",
        "Content-Type": "application/json; charset=utf-8",
        "Date": "Tue, 25 Jul 2023 06:01:45 GMT",
        "Expires": "-1",
        "Location": "https://management.azure.com/subscriptions/ec0aa5f7-9e78-40c9-85cd-535c6305b380/resourceGroups/rgsql89162b6e2e/providers/Microsoft.Sql/locations/eastus/databaseOperationResults/f4408f0d-aaaf-439e-8318-184ae5f27d31?api-version=2021-11-01",
        "Pragma": "no-cache",
        "Retry-After": "0",
        "Server": "Microsoft-HTTPAPI/2.0",
        "Strict-Transport-Security": "max-age=31536000; includeSubDomains",
        "X-Content-Type-Options": "nosniff",
        "x-ms-correlation-request-id": "5db0d40c-9f38-4965-a919-4608bff6482c",
        "x-ms-ratelimit-remaining-subscription-deletes": "14998",
        "x-ms-request-id": "f4408f0d-aaaf-439e-8318-184ae5f27d31",
        "x-ms-routing-request-id": "SOUTHEASTASIA:20230725T060146Z:5db0d40c-9f38-4965-a919-4608bff6482c"
      },
      "ResponseBody": {
        "operation": "DropLogicalDatabase",
        "startTime": "2023-07-25T06:01:46.383Z"
      }
    },
    {
      "RequestUri": "https://REDACTED/subscriptions/00000000-0000-0000-0000-000000000000/resourceGroups/rgsql89162b6e2e/providers/Microsoft.Sql/locations/eastus/databaseAzureAsyncOperation/f4408f0d-aaaf-439e-8318-184ae5f27d31?api-version=2021-11-01",
      "RequestMethod": "GET",
      "RequestHeaders": {
        "Accept": "application/json",
        "Authorization": "Sanitized",
        "Date": "Tue, 25 Jul 2023 06:02:00 GMT",
        "User-Agent": "azsdk-java-com.azure.resourcemanager.sql/2.29.0-beta.1 (17.0.1; Windows 11; 10.0)",
        "x-ms-client-request-id": "4acc1873-9689-416b-a6fd-d33342a36cfb",
        "x-ms-return-client-request-id": "true"
      },
      "RequestBody": null,
      "StatusCode": 200,
      "ResponseHeaders": {
        "Cache-Control": "no-cache",
        "Content-Length": "107",
        "Content-Type": "application/json; charset=utf-8",
        "Date": "Tue, 25 Jul 2023 06:02:01 GMT",
        "Expires": "-1",
        "Pragma": "no-cache",
        "Retry-After": "0",
        "Server": "Microsoft-HTTPAPI/2.0",
        "Strict-Transport-Security": "max-age=31536000; includeSubDomains",
        "X-Content-Type-Options": "nosniff",
        "x-ms-correlation-request-id": "44bba640-448a-41ce-a54e-28e510a6bd92",
        "x-ms-ratelimit-remaining-subscription-reads": "11976",
        "x-ms-request-id": "35abec99-f23e-436d-bd75-b182e0ca7372",
        "x-ms-routing-request-id": "SOUTHEASTASIA:20230725T060201Z:44bba640-448a-41ce-a54e-28e510a6bd92"
      },
      "ResponseBody": {
        "name": "f4408f0d-aaaf-439e-8318-184ae5f27d31",
        "status": "Succeeded",
        "startTime": "2023-07-25T06:01:46.383Z"
      }
    },
    {
      "RequestUri": "https://REDACTED/subscriptions/00000000-0000-0000-0000-000000000000/resourceGroups/rgsql89162b6e2e/providers/Microsoft.Sql/locations/eastus/databaseOperationResults/f4408f0d-aaaf-439e-8318-184ae5f27d31?api-version=2021-11-01",
      "RequestMethod": "GET",
      "RequestHeaders": {
        "Accept": "application/json",
        "Authorization": "Sanitized",
        "Date": "Tue, 25 Jul 2023 06:02:01 GMT",
        "User-Agent": "azsdk-java-com.azure.resourcemanager.sql/2.29.0-beta.1 (17.0.1; Windows 11; 10.0)",
        "x-ms-client-request-id": "f555856b-f24a-42f3-b9e7-284be9290c2e",
        "x-ms-return-client-request-id": "true"
      },
      "RequestBody": null,
      "StatusCode": 200,
      "ResponseHeaders": {
        "Cache-Control": "no-cache",
        "Content-Length": "0",
        "Date": "Tue, 25 Jul 2023 06:02:01 GMT",
        "Expires": "-1",
        "Pragma": "no-cache",
        "Server": "Microsoft-HTTPAPI/2.0",
        "Strict-Transport-Security": "max-age=31536000; includeSubDomains",
        "X-Content-Type-Options": "nosniff",
        "x-ms-correlation-request-id": "a108fa0a-74ef-423f-a660-dc3f2c62ed9f",
        "x-ms-ratelimit-remaining-subscription-reads": "11975",
        "x-ms-request-id": "6caec478-1a37-4c95-a31c-28de209b034e",
        "x-ms-routing-request-id": "SOUTHEASTASIA:20230725T060202Z:a108fa0a-74ef-423f-a660-dc3f2c62ed9f"
      },
      "ResponseBody": null
    },
    {
      "RequestUri": "https://REDACTED/subscriptions/00000000-0000-0000-0000-000000000000/resourceGroups/rgsql89162b6e2e/providers/Microsoft.Sql/servers/javasqlserver455713?api-version=2021-11-01",
      "RequestMethod": "GET",
      "RequestHeaders": {
        "Accept": "application/json",
        "Authorization": "Sanitized",
        "Content-Length": "0",
        "Content-Type": "application/json",
        "Date": "Tue, 25 Jul 2023 06:02:01 GMT",
        "User-Agent": "azsdk-java-com.azure.resourcemanager.sql/2.29.0-beta.1 (17.0.1; Windows 11; 10.0)",
        "x-ms-client-request-id": "5f5b7768-1303-4ec7-b0d9-3418f983c2df",
        "x-ms-return-client-request-id": "true"
      },
      "RequestBody": null,
      "StatusCode": 200,
      "ResponseHeaders": {
        "Cache-Control": "no-cache",
        "Content-Length": "532",
        "Content-Type": "application/json; charset=utf-8",
        "Date": "Tue, 25 Jul 2023 06:02:02 GMT",
        "Expires": "-1",
        "Pragma": "no-cache",
        "Server": "Microsoft-HTTPAPI/2.0",
        "Strict-Transport-Security": "max-age=31536000; includeSubDomains",
        "X-Content-Type-Options": "nosniff",
        "x-ms-correlation-request-id": "aa667c3b-1c12-4945-bf2d-a8db864cae5a",
        "x-ms-ratelimit-remaining-subscription-reads": "11974",
        "x-ms-request-id": "68cc74bf-2797-4d7c-9f79-c6d978f66670",
        "x-ms-routing-request-id": "SOUTHEASTASIA:20230725T060202Z:aa667c3b-1c12-4945-bf2d-a8db864cae5a"
      },
      "ResponseBody": {
        "kind": "v12.0",
        "properties": {
          "administratorLogin": "userName",
          "version": "12.0",
          "state": "Ready",
          "fullyQualifiedDomainName": "javasqlserver455713.database.windows.net",
          "privateEndpointConnections": [],
          "minimalTlsVersion": "None",
          "publicNetworkAccess": "Enabled",
          "restrictOutboundNetworkAccess": "Disabled"
        },
        "location": "eastus",
        "tags": {},
        "id": "/subscriptions/ec0aa5f7-9e78-40c9-85cd-535c6305b380/resourceGroups/rgsql89162b6e2e/providers/Microsoft.Sql/servers/javasqlserver455713",
        "name": "javasqlserver455713",
        "type": "Microsoft.Sql/servers"
      }
    },
    {
      "RequestUri": "https://REDACTED/subscriptions/00000000-0000-0000-0000-000000000000/resourceGroups/rgsql89162b6e2e/providers/Microsoft.Sql/servers/javasqlserver455713/databases/myTestDatabase2?api-version=2021-11-01",
      "RequestMethod": "GET",
      "RequestHeaders": {
        "Accept": "application/json",
        "Authorization": "Sanitized",
        "Content-Length": "0",
        "Content-Type": "application/json",
        "Date": "Tue, 25 Jul 2023 06:02:02 GMT",
        "User-Agent": "azsdk-java-com.azure.resourcemanager.sql/2.29.0-beta.1 (17.0.1; Windows 11; 10.0)",
        "x-ms-client-request-id": "a53730e4-459b-4115-ab12-522a6735add0",
        "x-ms-return-client-request-id": "true"
      },
      "RequestBody": null,
      "StatusCode": 404,
      "ResponseHeaders": {
        "Cache-Control": "no-cache",
        "Content-Length": "157",
        "Content-Type": "application/json; charset=utf-8",
        "Date": "Tue, 25 Jul 2023 06:02:02 GMT",
        "Expires": "-1",
        "Pragma": "no-cache",
        "Server": "Microsoft-HTTPAPI/2.0",
        "Strict-Transport-Security": "max-age=31536000; includeSubDomains",
        "X-Content-Type-Options": "nosniff",
        "x-ms-correlation-request-id": "c91f11aa-aeeb-457c-9da3-0c888efbf493",
        "x-ms-ratelimit-remaining-subscription-reads": "11973",
        "x-ms-request-id": "0083c5b8-5d8a-4571-85b7-f55376bc00e7",
        "x-ms-routing-request-id": "SOUTHEASTASIA:20230725T060203Z:c91f11aa-aeeb-457c-9da3-0c888efbf493"
      },
      "ResponseBody": {
        "error": {
          "code": "ResourceNotFound",
          "message": "The requested resource of type \u0027Microsoft.Sql/servers/databases\u0027 with name \u0027myTestDatabase2\u0027 was not found."
        }
      }
    },
    {
      "RequestUri": "https://REDACTED/subscriptions/00000000-0000-0000-0000-000000000000/resourceGroups/rgsql89162b6e2e/providers/Microsoft.Sql/servers/javasqlserver455713/databases/newDatabase?api-version=2021-11-01",
      "RequestMethod": "PUT",
      "RequestHeaders": {
        "Accept": "application/json",
        "Authorization": "Sanitized",
        "Content-Length": "145",
        "Content-Type": "application/json",
        "Date": "Tue, 25 Jul 2023 06:02:02 GMT",
        "User-Agent": "azsdk-java-com.azure.resourcemanager.sql/2.29.0-beta.1 (17.0.1; Windows 11; 10.0)",
        "x-ms-client-request-id": "b0da591a-2f35-44ee-b2bb-895394bf835a",
        "x-ms-return-client-request-id": "true"
      },
      "RequestBody": {
        "location": "eastus",
        "sku": {
          "name": "S0",
          "tier": "Standard"
        },
        "properties": {
          "collation": "SQL_Latin1_General_CP1_CI_AS",
          "maxSizeBytes": 268435456000
        }
      },
      "StatusCode": 202,
      "ResponseHeaders": {
        "Azure-AsyncOperation": "https://management.azure.com/subscriptions/ec0aa5f7-9e78-40c9-85cd-535c6305b380/resourceGroups/rgsql89162b6e2e/providers/Microsoft.Sql/locations/eastus/databaseAzureAsyncOperation/d4c0e658-1745-43e1-b2d7-ef9867fad069?api-version=2021-11-01",
        "Cache-Control": "no-cache",
        "Content-Length": "75",
        "Content-Type": "application/json; charset=utf-8",
        "Date": "Tue, 25 Jul 2023 06:02:06 GMT",
        "Expires": "-1",
        "Location": "https://management.azure.com/subscriptions/ec0aa5f7-9e78-40c9-85cd-535c6305b380/resourceGroups/rgsql89162b6e2e/providers/Microsoft.Sql/locations/eastus/databaseOperationResults/d4c0e658-1745-43e1-b2d7-ef9867fad069?api-version=2021-11-01",
        "Pragma": "no-cache",
        "Retry-After": "0",
        "Server": "Microsoft-HTTPAPI/2.0",
        "Strict-Transport-Security": "max-age=31536000; includeSubDomains",
        "X-Content-Type-Options": "nosniff",
        "x-ms-correlation-request-id": "120be022-777e-405e-9669-4267702f2542",
        "x-ms-ratelimit-remaining-subscription-writes": "1197",
        "x-ms-request-id": "d4c0e658-1745-43e1-b2d7-ef9867fad069",
        "x-ms-routing-request-id": "SOUTHEASTASIA:20230725T060207Z:120be022-777e-405e-9669-4267702f2542"
      },
      "ResponseBody": {
        "operation": "CreateLogicalDatabase",
        "startTime": "2023-07-25T06:02:07.23Z"
      }
    },
    {
      "RequestUri": "https://REDACTED/subscriptions/00000000-0000-0000-0000-000000000000/resourceGroups/rgsql89162b6e2e/providers/Microsoft.Sql/locations/eastus/databaseAzureAsyncOperation/d4c0e658-1745-43e1-b2d7-ef9867fad069?api-version=2021-11-01",
      "RequestMethod": "GET",
      "RequestHeaders": {
        "Accept": "application/json",
        "Authorization": "Sanitized",
        "Date": "Tue, 25 Jul 2023 06:02:21 GMT",
        "User-Agent": "azsdk-java-com.azure.resourcemanager.sql/2.29.0-beta.1 (17.0.1; Windows 11; 10.0)",
        "x-ms-client-request-id": "6e6cb327-2c91-4648-940b-e299e699cc76",
        "x-ms-return-client-request-id": "true"
      },
      "RequestBody": null,
      "StatusCode": 200,
      "ResponseHeaders": {
        "Cache-Control": "no-cache",
        "Content-Length": "107",
        "Content-Type": "application/json; charset=utf-8",
        "Date": "Tue, 25 Jul 2023 06:02:22 GMT",
        "Expires": "-1",
        "Pragma": "no-cache",
        "Retry-After": "0",
        "Server": "Microsoft-HTTPAPI/2.0",
        "Strict-Transport-Security": "max-age=31536000; includeSubDomains",
        "X-Content-Type-Options": "nosniff",
        "x-ms-correlation-request-id": "21e9fcb8-52db-4236-8c21-488ae6fd0cb1",
        "x-ms-ratelimit-remaining-subscription-reads": "11848",
        "x-ms-request-id": "8339a7f6-5a71-46e6-ac23-ef515254cf2d",
        "x-ms-routing-request-id": "SOUTHEASTASIA:20230725T060222Z:21e9fcb8-52db-4236-8c21-488ae6fd0cb1"
      },
      "ResponseBody": {
        "name": "d4c0e658-1745-43e1-b2d7-ef9867fad069",
        "status": "InProgress",
        "startTime": "2023-07-25T06:02:07.23Z"
      }
    },
    {
      "RequestUri": "https://REDACTED/subscriptions/00000000-0000-0000-0000-000000000000/resourceGroups/rgsql89162b6e2e/providers/Microsoft.Sql/locations/eastus/databaseAzureAsyncOperation/d4c0e658-1745-43e1-b2d7-ef9867fad069?api-version=2021-11-01",
      "RequestMethod": "GET",
      "RequestHeaders": {
        "Accept": "application/json",
        "Authorization": "Sanitized",
        "Date": "Tue, 25 Jul 2023 06:02:37 GMT",
        "User-Agent": "azsdk-java-com.azure.resourcemanager.sql/2.29.0-beta.1 (17.0.1; Windows 11; 10.0)",
        "x-ms-client-request-id": "23478bfa-993a-4ceb-a32e-e1d67278815d",
        "x-ms-return-client-request-id": "true"
      },
      "RequestBody": null,
      "StatusCode": 200,
      "ResponseHeaders": {
        "Cache-Control": "no-cache",
        "Content-Length": "107",
        "Content-Type": "application/json; charset=utf-8",
        "Date": "Tue, 25 Jul 2023 06:02:37 GMT",
        "Expires": "-1",
        "Pragma": "no-cache",
        "Retry-After": "0",
        "Server": "Microsoft-HTTPAPI/2.0",
        "Strict-Transport-Security": "max-age=31536000; includeSubDomains",
        "X-Content-Type-Options": "nosniff",
        "x-ms-correlation-request-id": "45de9d31-1876-4ce2-8859-15f496c3942b",
        "x-ms-ratelimit-remaining-subscription-reads": "11842",
        "x-ms-request-id": "05031d84-851e-42f1-99e4-7890a5ca4aed",
        "x-ms-routing-request-id": "SOUTHEASTASIA:20230725T060238Z:45de9d31-1876-4ce2-8859-15f496c3942b"
      },
      "ResponseBody": {
        "name": "d4c0e658-1745-43e1-b2d7-ef9867fad069",
        "status": "InProgress",
        "startTime": "2023-07-25T06:02:07.23Z"
      }
    },
    {
      "RequestUri": "https://REDACTED/subscriptions/00000000-0000-0000-0000-000000000000/resourceGroups/rgsql89162b6e2e/providers/Microsoft.Sql/locations/eastus/databaseAzureAsyncOperation/d4c0e658-1745-43e1-b2d7-ef9867fad069?api-version=2021-11-01",
      "RequestMethod": "GET",
      "RequestHeaders": {
        "Accept": "application/json",
        "Authorization": "Sanitized",
        "Date": "Tue, 25 Jul 2023 06:02:52 GMT",
        "User-Agent": "azsdk-java-com.azure.resourcemanager.sql/2.29.0-beta.1 (17.0.1; Windows 11; 10.0)",
        "x-ms-client-request-id": "0e6bfa95-c422-42a5-8e6f-7f35b78886ae",
        "x-ms-return-client-request-id": "true"
      },
      "RequestBody": null,
      "StatusCode": 200,
      "ResponseHeaders": {
        "Cache-Control": "no-cache",
        "Content-Length": "106",
        "Content-Type": "application/json; charset=utf-8",
        "Date": "Tue, 25 Jul 2023 06:02:53 GMT",
        "Expires": "-1",
        "Pragma": "no-cache",
        "Retry-After": "0",
        "Server": "Microsoft-HTTPAPI/2.0",
        "Strict-Transport-Security": "max-age=31536000; includeSubDomains",
        "X-Content-Type-Options": "nosniff",
        "x-ms-correlation-request-id": "8db06abf-da79-46a6-aafe-1a40d727729d",
        "x-ms-ratelimit-remaining-subscription-reads": "11833",
        "x-ms-request-id": "67f68a37-c87e-4a84-9078-f71dcd3b2039",
        "x-ms-routing-request-id": "SOUTHEASTASIA:20230725T060253Z:8db06abf-da79-46a6-aafe-1a40d727729d"
      },
      "ResponseBody": {
        "name": "d4c0e658-1745-43e1-b2d7-ef9867fad069",
        "status": "Succeeded",
        "startTime": "2023-07-25T06:02:07.23Z"
      }
    },
    {
      "RequestUri": "https://REDACTED/subscriptions/00000000-0000-0000-0000-000000000000/resourceGroups/rgsql89162b6e2e/providers/Microsoft.Sql/servers/javasqlserver455713/databases/newDatabase?api-version=2021-11-01",
      "RequestMethod": "GET",
      "RequestHeaders": {
        "Accept": "application/json",
        "Authorization": "Sanitized",
        "Date": "Tue, 25 Jul 2023 06:02:52 GMT",
        "User-Agent": "azsdk-java-com.azure.resourcemanager.sql/2.29.0-beta.1 (17.0.1; Windows 11; 10.0)",
        "x-ms-client-request-id": "3d63d011-a97c-4910-bfa8-ceb4d61cc190",
        "x-ms-return-client-request-id": "true"
      },
      "RequestBody": null,
      "StatusCode": 200,
      "ResponseHeaders": {
        "Cache-Control": "no-cache",
        "Content-Length": "1082",
        "Content-Type": "application/json; charset=utf-8",
        "Date": "Tue, 25 Jul 2023 06:02:54 GMT",
        "Expires": "-1",
        "Pragma": "no-cache",
        "Server": "Microsoft-HTTPAPI/2.0",
        "Strict-Transport-Security": "max-age=31536000; includeSubDomains",
        "X-Content-Type-Options": "nosniff",
        "x-ms-correlation-request-id": "33c33cad-ae49-4de8-a2d5-2d84d894d0ae",
        "x-ms-ratelimit-remaining-subscription-reads": "11832",
        "x-ms-request-id": "c63ba65f-2535-47bb-95bb-42324d7df865",
        "x-ms-routing-request-id": "SOUTHEASTASIA:20230725T060254Z:33c33cad-ae49-4de8-a2d5-2d84d894d0ae"
      },
      "ResponseBody": {
        "sku": {
          "name": "Standard",
          "tier": "Standard",
          "capacity": 10
        },
        "kind": "v12.0,user",
        "properties": {
          "collation": "SQL_Latin1_General_CP1_CI_AS",
          "maxSizeBytes": 268435456000,
          "status": "Online",
          "databaseId": "d88c820a-4bd7-4d0f-8c33-d68100dfae95",
          "creationDate": "2023-07-25T06:02:50.683Z",
          "currentServiceObjectiveName": "S0",
          "requestedServiceObjectiveName": "S0",
          "defaultSecondaryLocation": "westus",
          "catalogCollation": "SQL_Latin1_General_CP1_CI_AS",
          "zoneRedundant": false,
          "readScale": "Disabled",
          "currentSku": {
            "name": "Standard",
            "tier": "Standard",
            "capacity": 10
          },
          "currentBackupStorageRedundancy": "Geo",
          "requestedBackupStorageRedundancy": "Geo",
          "maintenanceConfigurationId": "/subscriptions/ec0aa5f7-9e78-40c9-85cd-535c6305b380/providers/Microsoft.Maintenance/publicMaintenanceConfigurations/SQL_Default",
          "isLedgerOn": false,
          "isInfraEncryptionEnabled": false
        },
        "location": "eastus",
        "id": "/subscriptions/ec0aa5f7-9e78-40c9-85cd-535c6305b380/resourceGroups/rgsql89162b6e2e/providers/Microsoft.Sql/servers/javasqlserver455713/databases/newDatabase",
        "name": "newDatabase",
        "type": "Microsoft.Sql/servers/databases"
      }
    },
    {
      "RequestUri": "https://REDACTED/subscriptions/00000000-0000-0000-0000-000000000000/resourceGroups/rgsql89162b6e2e/providers/Microsoft.Sql/servers/javasqlserver455713/databases/newDatabase/move?api-version=2021-11-01",
      "RequestMethod": "POST",
      "RequestHeaders": {
        "Accept": "application/json;q=0.9",
        "Authorization": "Sanitized",
        "Content-Length": "169",
        "Content-Type": "application/json",
        "Date": "Tue, 25 Jul 2023 06:02:53 GMT",
        "User-Agent": "azsdk-java-com.azure.resourcemanager.sql/2.29.0-beta.1 (17.0.1; Windows 11; 10.0)",
        "x-ms-client-request-id": "3ddbfd2f-80d5-4ee9-99c9-a4cae8635fb1",
        "x-ms-return-client-request-id": "true"
      },
      "RequestBody": {
        "id": "/subscriptions/ec0aa5f7-9e78-40c9-85cd-535c6305b380/resourceGroups/rgsql89162b6e2e/providers/Microsoft.Sql/servers/javasqlserver455713/databases/renamedDatabase"
      },
      "StatusCode": 200,
      "ResponseHeaders": {
        "Cache-Control": "no-cache",
        "Content-Length": "0",
        "Date": "Tue, 25 Jul 2023 06:03:16 GMT",
        "Expires": "-1",
        "Pragma": "no-cache",
        "Server": "Microsoft-HTTPAPI/2.0",
        "Strict-Transport-Security": "max-age=31536000; includeSubDomains",
        "X-Content-Type-Options": "nosniff",
        "x-ms-correlation-request-id": "64864626-4874-4bbd-b641-5eb1dee62800",
        "x-ms-ratelimit-remaining-subscription-writes": "1199",
        "x-ms-request-id": "c8e6d032-3633-49af-a1c9-6d567cdd761c",
        "x-ms-routing-request-id": "SOUTHEASTASIA:20230725T060316Z:64864626-4874-4bbd-b641-5eb1dee62800"
      },
      "ResponseBody": null
    },
    {
      "RequestUri": "https://REDACTED/subscriptions/00000000-0000-0000-0000-000000000000/resourceGroups/rgsql89162b6e2e/providers/Microsoft.Sql/servers/javasqlserver455713/databases/renamedDatabase?api-version=2021-11-01",
      "RequestMethod": "GET",
      "RequestHeaders": {
        "Accept": "application/json",
        "Authorization": "Sanitized",
        "Content-Length": "0",
        "Content-Type": "application/json",
        "Date": "Tue, 25 Jul 2023 06:03:16 GMT",
        "User-Agent": "azsdk-java-com.azure.resourcemanager.sql/2.29.0-beta.1 (17.0.1; Windows 11; 10.0)",
        "x-ms-client-request-id": "3eb499e4-bb90-41b3-98cb-a03e9c54450d",
        "x-ms-return-client-request-id": "true"
      },
      "RequestBody": null,
      "StatusCode": 200,
      "ResponseHeaders": {
        "Cache-Control": "no-cache",
        "Content-Length": "1090",
        "Content-Type": "application/json; charset=utf-8",
        "Date": "Tue, 25 Jul 2023 06:03:18 GMT",
        "Expires": "-1",
        "Pragma": "no-cache",
        "Server": "Microsoft-HTTPAPI/2.0",
        "Strict-Transport-Security": "max-age=31536000; includeSubDomains",
        "X-Content-Type-Options": "nosniff",
        "x-ms-correlation-request-id": "75fb1e4d-914a-4a03-8c3f-63ceb5741a39",
        "x-ms-ratelimit-remaining-subscription-reads": "11992",
        "x-ms-request-id": "40c63b87-bcf9-448d-8599-eb708aadc418",
        "x-ms-routing-request-id": "SOUTHEASTASIA:20230725T060318Z:75fb1e4d-914a-4a03-8c3f-63ceb5741a39"
      },
      "ResponseBody": {
        "sku": {
          "name": "Standard",
          "tier": "Standard",
          "capacity": 10
        },
        "kind": "v12.0,user",
        "properties": {
          "collation": "SQL_Latin1_General_CP1_CI_AS",
          "maxSizeBytes": 268435456000,
          "status": "Online",
          "databaseId": "d88c820a-4bd7-4d0f-8c33-d68100dfae95",
          "creationDate": "2023-07-25T06:02:50.683Z",
          "currentServiceObjectiveName": "S0",
          "requestedServiceObjectiveName": "S0",
          "defaultSecondaryLocation": "westus",
          "catalogCollation": "SQL_Latin1_General_CP1_CI_AS",
          "zoneRedundant": false,
          "readScale": "Disabled",
          "currentSku": {
            "name": "Standard",
            "tier": "Standard",
            "capacity": 10
          },
          "currentBackupStorageRedundancy": "Geo",
          "requestedBackupStorageRedundancy": "Geo",
          "maintenanceConfigurationId": "/subscriptions/ec0aa5f7-9e78-40c9-85cd-535c6305b380/providers/Microsoft.Maintenance/publicMaintenanceConfigurations/SQL_Default",
          "isLedgerOn": false,
          "isInfraEncryptionEnabled": false
        },
        "location": "eastus",
        "id": "/subscriptions/ec0aa5f7-9e78-40c9-85cd-535c6305b380/resourceGroups/rgsql89162b6e2e/providers/Microsoft.Sql/servers/javasqlserver455713/databases/renamedDatabase",
        "name": "renamedDatabase",
        "type": "Microsoft.Sql/servers/databases"
      }
    },
    {
      "RequestUri": "https://REDACTED/subscriptions/00000000-0000-0000-0000-000000000000/resourceGroups/rgsql89162b6e2e/providers/Microsoft.Sql/servers/javasqlserver455713/databases/renamedDatabase?api-version=2021-11-01",
      "RequestMethod": "DELETE",
      "RequestHeaders": {
        "Accept": "application/json;q=0.9",
        "Authorization": "Sanitized",
        "Content-Length": "0",
        "Content-Type": "application/json",
        "Date": "Tue, 25 Jul 2023 06:03:18 GMT",
        "User-Agent": "azsdk-java-com.azure.resourcemanager.sql/2.29.0-beta.1 (17.0.1; Windows 11; 10.0)",
        "x-ms-client-request-id": "8805bbc9-d850-4586-bb6d-52515dfe5bf7",
        "x-ms-return-client-request-id": "true"
      },
      "RequestBody": null,
      "StatusCode": 202,
      "ResponseHeaders": {
        "Azure-AsyncOperation": "https://management.azure.com/subscriptions/ec0aa5f7-9e78-40c9-85cd-535c6305b380/resourceGroups/rgsql89162b6e2e/providers/Microsoft.Sql/locations/eastus/databaseAzureAsyncOperation/408629af-fdd3-440a-8ea3-e3b2877fef14?api-version=2021-11-01",
        "Cache-Control": "no-cache",
        "Content-Length": "74",
        "Content-Type": "application/json; charset=utf-8",
        "Date": "Tue, 25 Jul 2023 06:03:19 GMT",
        "Expires": "-1",
        "Location": "https://management.azure.com/subscriptions/ec0aa5f7-9e78-40c9-85cd-535c6305b380/resourceGroups/rgsql89162b6e2e/providers/Microsoft.Sql/locations/eastus/databaseOperationResults/408629af-fdd3-440a-8ea3-e3b2877fef14?api-version=2021-11-01",
        "Pragma": "no-cache",
        "Retry-After": "0",
        "Server": "Microsoft-HTTPAPI/2.0",
        "Strict-Transport-Security": "max-age=31536000; includeSubDomains",
        "X-Content-Type-Options": "nosniff",
        "x-ms-correlation-request-id": "4b568acb-5ae5-49e4-8ba7-cccc2e2af457",
        "x-ms-ratelimit-remaining-subscription-deletes": "14999",
        "x-ms-request-id": "408629af-fdd3-440a-8ea3-e3b2877fef14",
        "x-ms-routing-request-id": "SOUTHEASTASIA:20230725T060319Z:4b568acb-5ae5-49e4-8ba7-cccc2e2af457"
      },
      "ResponseBody": {
        "operation": "DropLogicalDatabase",
        "startTime": "2023-07-25T06:03:19.697Z"
      }
    },
    {
      "RequestUri": "https://REDACTED/subscriptions/00000000-0000-0000-0000-000000000000/resourceGroups/rgsql89162b6e2e/providers/Microsoft.Sql/locations/eastus/databaseAzureAsyncOperation/408629af-fdd3-440a-8ea3-e3b2877fef14?api-version=2021-11-01",
      "RequestMethod": "GET",
      "RequestHeaders": {
        "Accept": "application/json",
        "Authorization": "Sanitized",
        "Date": "Tue, 25 Jul 2023 06:03:34 GMT",
        "User-Agent": "azsdk-java-com.azure.resourcemanager.sql/2.29.0-beta.1 (17.0.1; Windows 11; 10.0)",
        "x-ms-client-request-id": "8bbc4cff-6011-4966-bb69-be968b64cb37",
        "x-ms-return-client-request-id": "true"
      },
      "RequestBody": null,
      "StatusCode": 200,
      "ResponseHeaders": {
        "Cache-Control": "no-cache",
        "Content-Length": "107",
        "Content-Type": "application/json; charset=utf-8",
        "Date": "Tue, 25 Jul 2023 06:03:34 GMT",
        "Expires": "-1",
        "Pragma": "no-cache",
        "Retry-After": "0",
        "Server": "Microsoft-HTTPAPI/2.0",
        "Strict-Transport-Security": "max-age=31536000; includeSubDomains",
        "X-Content-Type-Options": "nosniff",
        "x-ms-correlation-request-id": "799b77dd-21d5-445b-8c81-bbfb1e237db3",
        "x-ms-ratelimit-remaining-subscription-reads": "11995",
        "x-ms-request-id": "d813b546-ee60-4b01-8593-06e0cf3eec39",
        "x-ms-routing-request-id": "SOUTHEASTASIA:20230725T060335Z:799b77dd-21d5-445b-8c81-bbfb1e237db3"
      },
      "ResponseBody": {
        "name": "408629af-fdd3-440a-8ea3-e3b2877fef14",
        "status": "Succeeded",
        "startTime": "2023-07-25T06:03:19.697Z"
      }
    },
    {
      "RequestUri": "https://REDACTED/subscriptions/00000000-0000-0000-0000-000000000000/resourceGroups/rgsql89162b6e2e/providers/Microsoft.Sql/locations/eastus/databaseOperationResults/408629af-fdd3-440a-8ea3-e3b2877fef14?api-version=2021-11-01",
      "RequestMethod": "GET",
      "RequestHeaders": {
        "Accept": "application/json",
        "Authorization": "Sanitized",
        "Date": "Tue, 25 Jul 2023 06:03:34 GMT",
        "User-Agent": "azsdk-java-com.azure.resourcemanager.sql/2.29.0-beta.1 (17.0.1; Windows 11; 10.0)",
        "x-ms-client-request-id": "276c033d-a26b-4652-a605-afd3f0e8787c",
        "x-ms-return-client-request-id": "true"
      },
      "RequestBody": null,
      "StatusCode": 200,
      "ResponseHeaders": {
        "Cache-Control": "no-cache",
        "Content-Length": "0",
        "Date": "Tue, 25 Jul 2023 06:03:34 GMT",
        "Expires": "-1",
        "Pragma": "no-cache",
        "Server": "Microsoft-HTTPAPI/2.0",
        "Strict-Transport-Security": "max-age=31536000; includeSubDomains",
        "X-Content-Type-Options": "nosniff",
        "x-ms-correlation-request-id": "ea164ea9-1b9d-4048-b490-6c197dc87ac7",
        "x-ms-ratelimit-remaining-subscription-reads": "11994",
        "x-ms-request-id": "89d77cb8-fd9a-43c2-9fc5-e3362b569733",
        "x-ms-routing-request-id": "SOUTHEASTASIA:20230725T060335Z:ea164ea9-1b9d-4048-b490-6c197dc87ac7"
      },
      "ResponseBody": null
    },
    {
      "RequestUri": "https://REDACTED/subscriptions/00000000-0000-0000-0000-000000000000/resourceGroups/rgsql89162b6e2e/providers/Microsoft.Sql/servers/javasqlserver455713?api-version=2021-11-01",
      "RequestMethod": "DELETE",
      "RequestHeaders": {
        "Accept": "application/json;q=0.9",
        "Authorization": "Sanitized",
        "Content-Length": "0",
        "Content-Type": "application/json",
        "Date": "Tue, 25 Jul 2023 06:03:34 GMT",
        "User-Agent": "azsdk-java-com.azure.resourcemanager.sql/2.29.0-beta.1 (17.0.1; Windows 11; 10.0)",
        "x-ms-client-request-id": "a530570b-247a-4461-b3f2-aecda97725ff",
        "x-ms-return-client-request-id": "true"
      },
      "RequestBody": null,
      "StatusCode": 202,
      "ResponseHeaders": {
        "Azure-AsyncOperation": "https://management.azure.com/subscriptions/ec0aa5f7-9e78-40c9-85cd-535c6305b380/resourceGroups/rgsql89162b6e2e/providers/Microsoft.Sql/locations/eastus/serverAzureAsyncOperation/e9aab494-d275-4e53-b454-2f0d935b3e95?api-version=2021-11-01",
        "Cache-Control": "no-cache",
        "Content-Length": "72",
        "Content-Type": "application/json; charset=utf-8",
        "Date": "Tue, 25 Jul 2023 06:03:35 GMT",
        "Expires": "-1",
        "Location": "https://management.azure.com/subscriptions/ec0aa5f7-9e78-40c9-85cd-535c6305b380/resourceGroups/rgsql89162b6e2e/providers/Microsoft.Sql/locations/eastus/serverOperationResults/e9aab494-d275-4e53-b454-2f0d935b3e95?api-version=2021-11-01",
        "Pragma": "no-cache",
        "Retry-After": "0",
        "Server": "Microsoft-HTTPAPI/2.0",
        "Strict-Transport-Security": "max-age=31536000; includeSubDomains",
        "X-Content-Type-Options": "nosniff",
        "x-ms-correlation-request-id": "47a5052c-d4a4-4000-94d9-b648d0f29f58",
        "x-ms-ratelimit-remaining-subscription-deletes": "14998",
        "x-ms-request-id": "e9aab494-d275-4e53-b454-2f0d935b3e95",
        "x-ms-routing-request-id": "SOUTHEASTASIA:20230725T060336Z:47a5052c-d4a4-4000-94d9-b648d0f29f58"
      },
      "ResponseBody": {
        "operation": "DropLogicalServer",
        "startTime": "2023-07-25T06:03:36.373Z"
      }
    },
    {
      "RequestUri": "https://REDACTED/subscriptions/00000000-0000-0000-0000-000000000000/resourceGroups/rgsql89162b6e2e/providers/Microsoft.Sql/locations/eastus/serverAzureAsyncOperation/e9aab494-d275-4e53-b454-2f0d935b3e95?api-version=2021-11-01",
      "RequestMethod": "GET",
      "RequestHeaders": {
        "Accept": "application/json",
        "Authorization": "Sanitized",
        "Date": "Tue, 25 Jul 2023 06:03:50 GMT",
        "User-Agent": "azsdk-java-com.azure.resourcemanager.sql/2.29.0-beta.1 (17.0.1; Windows 11; 10.0)",
        "x-ms-client-request-id": "6ae1fc9e-0e3d-4443-a2f4-361ce5ef8f54",
        "x-ms-return-client-request-id": "true"
      },
      "RequestBody": null,
      "StatusCode": 200,
      "ResponseHeaders": {
        "Cache-Control": "no-cache",
        "Content-Length": "107",
        "Content-Type": "application/json; charset=utf-8",
        "Date": "Tue, 25 Jul 2023 06:03:51 GMT",
        "Expires": "-1",
        "Pragma": "no-cache",
        "Retry-After": "0",
        "Server": "Microsoft-HTTPAPI/2.0",
        "Strict-Transport-Security": "max-age=31536000; includeSubDomains",
        "X-Content-Type-Options": "nosniff",
        "x-ms-correlation-request-id": "f226a97a-0f3d-40a3-954d-7f368382fcc0",
        "x-ms-ratelimit-remaining-subscription-reads": "11963",
        "x-ms-request-id": "3b090500-d8b8-4b6d-9bb2-44e7b00315a7",
        "x-ms-routing-request-id": "SOUTHEASTASIA:20230725T060351Z:f226a97a-0f3d-40a3-954d-7f368382fcc0"
      },
      "ResponseBody": {
        "name": "e9aab494-d275-4e53-b454-2f0d935b3e95",
        "status": "Succeeded",
        "startTime": "2023-07-25T06:03:36.373Z"
      }
    },
    {
      "RequestUri": "https://REDACTED/subscriptions/00000000-0000-0000-0000-000000000000/resourceGroups/rgsql89162b6e2e/providers/Microsoft.Sql/locations/eastus/serverOperationResults/e9aab494-d275-4e53-b454-2f0d935b3e95?api-version=2021-11-01",
      "RequestMethod": "GET",
      "RequestHeaders": {
        "Accept": "application/json",
        "Authorization": "Sanitized",
        "Date": "Tue, 25 Jul 2023 06:03:51 GMT",
        "User-Agent": "azsdk-java-com.azure.resourcemanager.sql/2.29.0-beta.1 (17.0.1; Windows 11; 10.0)",
        "x-ms-client-request-id": "28dffe53-9a78-4606-abbc-0e03cf94d4c3",
        "x-ms-return-client-request-id": "true"
      },
      "RequestBody": null,
      "StatusCode": 200,
      "ResponseHeaders": {
        "Cache-Control": "no-cache",
        "Content-Length": "0",
        "Date": "Tue, 25 Jul 2023 06:03:51 GMT",
        "Expires": "-1",
        "Pragma": "no-cache",
        "Server": "Microsoft-HTTPAPI/2.0",
        "Strict-Transport-Security": "max-age=31536000; includeSubDomains",
        "X-Content-Type-Options": "nosniff",
        "x-ms-correlation-request-id": "1fca55d9-86e7-4d6c-b137-55ff8a175690",
        "x-ms-ratelimit-remaining-subscription-reads": "11962",
        "x-ms-request-id": "9126773a-cadb-4c4c-b304-4d79d78191a1",
        "x-ms-routing-request-id": "SOUTHEASTASIA:20230725T060352Z:1fca55d9-86e7-4d6c-b137-55ff8a175690"
      },
      "ResponseBody": null
    },
    {
      "RequestUri": "https://REDACTED/subscriptions/00000000-0000-0000-0000-000000000000/resourceGroups/rgsql89162b6e2e/providers/Microsoft.Sql/servers/javasqlserver455713?api-version=2021-11-01",
      "RequestMethod": "GET",
      "RequestHeaders": {
        "Accept": "application/json",
        "Authorization": "Sanitized",
        "Content-Length": "0",
        "Content-Type": "application/json",
        "Date": "Tue, 25 Jul 2023 06:03:51 GMT",
        "User-Agent": "azsdk-java-com.azure.resourcemanager.sql/2.29.0-beta.1 (17.0.1; Windows 11; 10.0)",
        "x-ms-client-request-id": "40ab72b9-d6fc-4e19-8fd5-2a8d15d59907",
        "x-ms-return-client-request-id": "true"
      },
      "RequestBody": null,
      "StatusCode": 404,
      "ResponseHeaders": {
        "Cache-Control": "no-cache",
        "Content-Length": "151",
        "Content-Type": "application/json; charset=utf-8",
        "Date": "Tue, 25 Jul 2023 06:03:52 GMT",
        "Expires": "-1",
        "Pragma": "no-cache",
        "Server": "Microsoft-HTTPAPI/2.0",
        "Strict-Transport-Security": "max-age=31536000; includeSubDomains",
        "X-Content-Type-Options": "nosniff",
        "x-ms-correlation-request-id": "8ab81209-bef5-4f8e-8a28-f3329c1d4de1",
        "x-ms-ratelimit-remaining-subscription-reads": "11988",
        "x-ms-request-id": "e2d89827-8a6b-441d-b21e-60f977dfc8a9",
        "x-ms-routing-request-id": "SOUTHEASTASIA:20230725T060352Z:8ab81209-bef5-4f8e-8a28-f3329c1d4de1"
      },
      "ResponseBody": {
        "error": {
          "code": "ResourceNotFound",
          "message": "The requested resource of type \u0027Microsoft.Sql/servers\u0027 with name \u0027javasqlserver455713\u0027 was not found."
        }
      }
    },
    {
      "RequestUri": "https://REDACTED/subscriptions/00000000-0000-0000-0000-000000000000/resourcegroups/rgsql89162b6e2e?api-version=2022-09-01",
      "RequestMethod": "DELETE",
      "RequestHeaders": {
        "Accept": "application/json",
        "Authorization": "Sanitized",
        "Content-Length": "0",
        "Content-Type": "application/json",
        "Date": "Tue, 25 Jul 2023 06:03:53 GMT",
        "User-Agent": "azsdk-java-com.azure.resourcemanager.resources/2.29.0-beta.1 (17.0.1; Windows 11; 10.0)",
        "x-ms-client-request-id": "74fa4905-483b-40be-af23-d27ed285d59d",
        "x-ms-return-client-request-id": "true"
      },
      "RequestBody": null,
      "StatusCode": 202,
      "ResponseHeaders": {
        "Cache-Control": "no-cache",
        "Content-Length": "0",
        "Date": "Tue, 25 Jul 2023 06:03:59 GMT",
        "Expires": "-1",
        "Location": "https://management.azure.com/subscriptions/ec0aa5f7-9e78-40c9-85cd-535c6305b380/operationresults/eyJqb2JJZCI6IlJFU09VUkNFR1JPVVBERUxFVElPTkpPQi1SR1NRTDg5MTYyQjZFMkUtRUFTVFVTIiwiam9iTG9jYXRpb24iOiJlYXN0dXMifQ?api-version=2022-09-01",
        "Pragma": "no-cache",
        "Retry-After": "0",
        "Strict-Transport-Security": "max-age=31536000; includeSubDomains",
        "X-Content-Type-Options": "nosniff",
        "x-ms-correlation-request-id": "a1e03fa3-baea-4f25-9e18-92bd129860c2",
        "x-ms-ratelimit-remaining-subscription-deletes": "14997",
        "x-ms-request-id": "a1e03fa3-baea-4f25-9e18-92bd129860c2",
        "x-ms-routing-request-id": "SOUTHEASTASIA:20230725T060359Z:a1e03fa3-baea-4f25-9e18-92bd129860c2"
      },
      "ResponseBody": null
    }
  ],
  "Variables": {
    "0": "rgsql89162b6e2e",
    "1": "javasqlserver455713",
    "2": "sqlsa3968273db1"
  }
}
