{
  "Entries": [
    {
      "RequestUri": "https://sanitized.communication.azure.com/identities?api-version=2021-03-07",
      "RequestMethod": "POST",
      "RequestHeaders": {
        "Accept": "application/json",
        "Authorization": "Sanitized",
        "Content-Length": "2",
        "Content-Type": "application/json",
        "traceparent": "00-2ec5f5496ff589c8d1d68b8601b66390-326acecccec70146-00",
        "User-Agent": "azsdk-net-Communication.Identity/1.3.0-alpha.20230920.1 (.NET 7.0.11; Microsoft Windows 10.0.22621)",
        "x-ms-client-request-id": "ee1e37005978e253385e2994fba10e76",
        "x-ms-content-sha256": "Sanitized",
        "x-ms-date": "Thu, 21 Sep 2023 21:08:40 GMT",
        "x-ms-return-client-request-id": "true"
      },
      "RequestBody": {},
      "StatusCode": 201,
      "ResponseHeaders": {
        "api-supported-versions": "2020-07-20-preview2, 2021-02-22-preview1, 2021-03-07, 2021-10-31-preview, 2021-11-01, 2022-06-01, 2022-10-01, 2023-08-01, 2023-10-01",
        "Content-Length": "101",
        "Content-Type": "application/json; charset=utf-8",
        "Date": "Thu, 21 Sep 2023 21:08:40 GMT",
        "MS-CV": "Y8bJSk1WT0q6MWL0gv2UNQ.0",
        "Request-Context": "appId=",
        "Strict-Transport-Security": "max-age=2592000",
        "X-Azure-Ref": "02LAMZQAAAADqOo0elkgDTYrhaGApD5jVWVZSMzExMDAwMTE1MDIxAGYwOWE0YzEzLTIxZjEtNDhlYy05Y2Y3LTY2NTQ1Njg0YjY0Mg==",
        "X-Cache": "CONFIG_NOCACHE",
        "x-ms-client-request-id": "ee1e37005978e253385e2994fba10e76",
        "X-Processing-Time": "19ms"
      },
      "ResponseBody": {
        "identity": {
          "id": "8:acs:8b1e6004-98fe-4e87-80c1-56087ffec93b_0000001b-5974-71c3-addc-3b3a0d000377"
        }
      }
    },
    {
      "RequestUri": "https://sanitized.communication.azure.com/identities?api-version=2021-03-07",
      "RequestMethod": "POST",
      "RequestHeaders": {
        "Accept": "application/json",
        "Authorization": "Sanitized",
        "Content-Length": "2",
        "Content-Type": "application/json",
        "traceparent": "00-653d694f5bedce636c423e43b74f92a9-deffc3171be3ced4-00",
        "User-Agent": "azsdk-net-Communication.Identity/1.3.0-alpha.20230920.1 (.NET 7.0.11; Microsoft Windows 10.0.22621)",
        "x-ms-client-request-id": "31385bd5936e7ed872c59eb2d0467991",
        "x-ms-content-sha256": "Sanitized",
        "x-ms-date": "Thu, 21 Sep 2023 21:08:40 GMT",
        "x-ms-return-client-request-id": "true"
      },
      "RequestBody": {},
      "StatusCode": 201,
      "ResponseHeaders": {
        "api-supported-versions": "2020-07-20-preview2, 2021-02-22-preview1, 2021-03-07, 2021-10-31-preview, 2021-11-01, 2022-06-01, 2022-10-01, 2023-08-01, 2023-10-01",
        "Content-Length": "101",
        "Content-Type": "application/json; charset=utf-8",
        "Date": "Thu, 21 Sep 2023 21:08:40 GMT",
        "MS-CV": "TEUC5Fvhg02RcoACzvWCRg.0",
        "Request-Context": "appId=",
        "Strict-Transport-Security": "max-age=2592000",
        "X-Azure-Ref": "02LAMZQAAAAAKkjlTGVyBQ6bLcSb5lhxqWVZSMzExMDAwMTE1MDIxAGYwOWE0YzEzLTIxZjEtNDhlYy05Y2Y3LTY2NTQ1Njg0YjY0Mg==",
        "X-Cache": "CONFIG_NOCACHE",
        "x-ms-client-request-id": "31385bd5936e7ed872c59eb2d0467991",
        "X-Processing-Time": "16ms"
      },
      "ResponseBody": {
        "identity": {
          "id": "8:acs:8b1e6004-98fe-4e87-80c1-56087ffec93b_0000001b-5974-71f1-addc-3b3a0d000378"
        }
      }
    },
    {
      "RequestUri": "https://sanitized.communication.azure.com/rooms?api-version=2023-06-14",
      "RequestMethod": "POST",
      "RequestHeaders": {
        "Accept": "application/json",
        "Authorization": "Sanitized",
        "Content-Length": "273",
        "Content-Type": "application/json",
        "Repeatability-First-Sent": "Thu, 21 Sep 2023 21:08:40 GMT",
        "Repeatability-Request-ID": "6e84af0a-8be4-41fa-bb07-841328321ceb",
        "traceparent": "00-982a5bb15b6a69e3c65e3f7046b35744-025f2d2c12ae0d9d-00",
        "User-Agent": "azsdk-net-Communication.Rooms/1.1.0-alpha.20230920.1 (.NET 7.0.11; Microsoft Windows 10.0.22621)",
        "x-ms-client-request-id": "a82190330426cd4f1bdb42616a95bf67",
        "x-ms-content-sha256": "Sanitized",
        "x-ms-date": "Thu, 21 Sep 2023 21:08:40 GMT",
        "x-ms-return-client-request-id": "true"
      },
      "RequestBody": {
        "validFrom": "Sanitized",
        "validUntil": "Sanitized",
        "participants": {
          "8:acs:8b1e6004-98fe-4e87-80c1-56087ffec93b_0000001b-5974-71c3-addc-3b3a0d000377": {
            "role": "Presenter"
          },
          "8:acs:8b1e6004-98fe-4e87-80c1-56087ffec93b_0000001b-5974-71f1-addc-3b3a0d000378": {
            "role": "Presenter"
          }
        }
      },
      "StatusCode": 201,
      "ResponseHeaders": {
        "api-deprecated-versions": "2021-04-07, 2022-02-01",
        "api-supported-versions": "2023-03-31-preview, 2023-06-14, 2023-10-30-preview",
        "Content-Type": "application/json; charset=utf-8",
        "Date": "Thu, 21 Sep 2023 21:08:40 GMT",
        "Location": "99499275431945565",
        "MS-CV": "U9d6ZjU4Q0mHSDYLUb0lqQ.0",
        "Repeatability-Result": "accepted",
        "Request-Context": "appId=",
        "Transfer-Encoding": "chunked",
        "X-Azure-Ref": "02LAMZQAAAAAREqFNu9SIQpQEcanJm1LWWVZSMzExMDAwMTE1MDIxAGYwOWE0YzEzLTIxZjEtNDhlYy05Y2Y3LTY2NTQ1Njg0YjY0Mg==",
        "X-Cache": "CONFIG_NOCACHE"
      },
      "ResponseBody": {
        "id": "99499275431945565",
        "createdAt": "2023-09-21T21:08:40.757613\u002B00:00",
        "validFrom": "2023-09-21T21:08:40.2486141\u002B00:00",
        "validUntil": "2023-09-22T21:08:40.2486141\u002B00:00"
      }
    },
    {
      "RequestUri": "https://sanitized.communication.azure.com/identities?api-version=2021-03-07",
      "RequestMethod": "POST",
      "RequestHeaders": {
        "Accept": "application/json",
        "Authorization": "Sanitized",
        "Content-Length": "2",
        "Content-Type": "application/json",
        "traceparent": "00-0314d7cc5ef8fe75e899143a3ffea945-483825ab6172c01a-00",
        "User-Agent": "azsdk-net-Communication.Identity/1.3.0-alpha.20230920.1 (.NET 7.0.11; Microsoft Windows 10.0.22621)",
        "x-ms-client-request-id": "c67c579c73fd6c995e9f7cb3bba011f1",
        "x-ms-content-sha256": "Sanitized",
        "x-ms-date": "Thu, 21 Sep 2023 21:08:40 GMT",
        "x-ms-return-client-request-id": "true"
      },
      "RequestBody": {},
      "StatusCode": 201,
      "ResponseHeaders": {
        "api-supported-versions": "2020-07-20-preview2, 2021-02-22-preview1, 2021-03-07, 2021-10-31-preview, 2021-11-01, 2022-06-01, 2022-10-01, 2023-08-01, 2023-10-01",
        "Content-Length": "101",
        "Content-Type": "application/json; charset=utf-8",
        "Date": "Thu, 21 Sep 2023 21:08:40 GMT",
        "MS-CV": "s\u002B6haLf60UK0u1FUG/uygg.0",
        "Request-Context": "appId=",
        "Strict-Transport-Security": "max-age=2592000",
        "X-Azure-Ref": "02LAMZQAAAAAG0nlnE4LWQavxDCNqe0kRWVZSMzExMDAwMTE1MDIxAGYwOWE0YzEzLTIxZjEtNDhlYy05Y2Y3LTY2NTQ1Njg0YjY0Mg==",
        "X-Cache": "CONFIG_NOCACHE",
        "x-ms-client-request-id": "c67c579c73fd6c995e9f7cb3bba011f1",
        "X-Processing-Time": "14ms"
      },
      "ResponseBody": {
        "identity": {
          "id": "8:acs:8b1e6004-98fe-4e87-80c1-56087ffec93b_0000001b-5974-7331-addc-3b3a0d00037a"
        }
      }
    },
    {
      "RequestUri": "https://sanitized.communication.azure.com/rooms/Sanitized/participants?api-version=2023-06-14",
      "RequestMethod": "PATCH",
      "RequestHeaders": {
        "Accept": "application/json",
        "Authorization": "Sanitized",
        "Content-Length": "222",
        "Content-Type": "application/merge-patch\u002Bjson",
        "traceparent": "00-c6a290e08e5aea06369be5f0be4e97ef-61db084a23b7937c-00",
        "User-Agent": "azsdk-net-Communication.Rooms/1.1.0-alpha.20230920.1 (.NET 7.0.11; Microsoft Windows 10.0.22621)",
        "x-ms-client-request-id": "6b6097e46680d1500c6b1692517614dd",
        "x-ms-content-sha256": "Sanitized",
        "x-ms-date": "Thu, 21 Sep 2023 21:08:40 GMT",
        "x-ms-return-client-request-id": "true"
      },
      "RequestBody": {
        "participants": {
          "8:acs:8b1e6004-98fe-4e87-80c1-56087ffec93b_0000001b-5974-71f1-addc-3b3a0d000378": {
            "role": "Attendee"
          },
          "8:acs:8b1e6004-98fe-4e87-80c1-56087ffec93b_0000001b-5974-7331-addc-3b3a0d00037a": {
            "role": "Consumer"
          }
        }
      },
      "StatusCode": 200,
      "ResponseHeaders": {
        "api-deprecated-versions": "2022-02-01",
        "api-supported-versions": "2023-03-31-preview, 2023-06-14, 2023-10-30-preview",
        "Content-Type": "application/json; charset=utf-8",
        "Date": "Thu, 21 Sep 2023 21:08:41 GMT",
        "MS-CV": "M48P221sYU\u002BqisMwLp5tmA.0",
        "Request-Context": "appId=",
        "Transfer-Encoding": "chunked",
        "X-Azure-Ref": "02LAMZQAAAACpn9J9EWmjTaLOxBvKwR5oWVZSMzExMDAwMTE1MDIxAGYwOWE0YzEzLTIxZjEtNDhlYy05Y2Y3LTY2NTQ1Njg0YjY0Mg==",
        "X-Cache": "CONFIG_NOCACHE"
      },
      "ResponseBody": {}
    },
    {
      "RequestUri": "https://sanitized.communication.azure.com/rooms/Sanitized/participants?api-version=2023-06-14",
      "RequestMethod": "PATCH",
      "RequestHeaders": {
        "Accept": "application/json",
        "Authorization": "Sanitized",
        "Content-Length": "192",
        "Content-Type": "application/merge-patch\u002Bjson",
        "traceparent": "00-838d1a96702bed5d12fc268ec49e5a81-6b6c77a68e2cd5d2-00",
        "User-Agent": "azsdk-net-Communication.Rooms/1.1.0-alpha.20230920.1 (.NET 7.0.11; Microsoft Windows 10.0.22621)",
        "x-ms-client-request-id": "79163705b3cac093f7b44986889c127a",
        "x-ms-content-sha256": "Sanitized",
        "x-ms-date": "Thu, 21 Sep 2023 21:08:41 GMT",
        "x-ms-return-client-request-id": "true"
      },
      "RequestBody": {
        "participants": {
          "8:acs:8b1e6004-98fe-4e87-80c1-56087ffec93b_0000001b-5974-71c3-addc-3b3a0d000377": null,
          "8:acs:8b1e6004-98fe-4e87-80c1-56087ffec93b_0000001b-5974-71f1-addc-3b3a0d000378": null
        }
      },
      "StatusCode": 200,
      "ResponseHeaders": {
        "api-deprecated-versions": "2022-02-01",
        "api-supported-versions": "2023-03-31-preview, 2023-06-14, 2023-10-30-preview",
        "Content-Type": "application/json; charset=utf-8",
        "Date": "Thu, 21 Sep 2023 21:08:41 GMT",
        "MS-CV": "cAdBRbq5zUa4U9I108//6w.0",
        "Request-Context": "appId=",
        "Transfer-Encoding": "chunked",
        "X-Azure-Ref": "02bAMZQAAAACGYbWXny94RaNeFx9IPuIcWVZSMzExMDAwMTE1MDIxAGYwOWE0YzEzLTIxZjEtNDhlYy05Y2Y3LTY2NTQ1Njg0YjY0Mg==",
        "X-Cache": "CONFIG_NOCACHE"
      },
      "ResponseBody": {}
    },
    {
      "RequestUri": "https://sanitized.communication.azure.com/rooms/Sanitized/participants?api-version=2023-06-14",
      "RequestMethod": "GET",
      "RequestHeaders": {
        "Accept": "application/json",
        "Authorization": "Sanitized",
        "traceparent": "00-170fabafd06fa7987c04fd0c31bbbc9e-f6a683f9f399c010-00",
        "User-Agent": "azsdk-net-Communication.Rooms/1.1.0-alpha.20230920.1 (.NET 7.0.11; Microsoft Windows 10.0.22621)",
        "x-ms-client-request-id": "d27c51ca543435e707abba925d061be8",
        "x-ms-content-sha256": "Sanitized",
        "x-ms-date": "Thu, 21 Sep 2023 21:08:41 GMT",
        "x-ms-return-client-request-id": "true"
      },
      "RequestBody": null,
      "StatusCode": 200,
      "ResponseHeaders": {
        "api-deprecated-versions": "2022-02-01",
        "api-supported-versions": "2023-03-31-preview, 2023-06-14, 2023-10-30-preview",
        "Content-Type": "application/json; charset=utf-8",
        "Date": "Thu, 21 Sep 2023 21:08:42 GMT",
        "MS-CV": "VEWVlN6OW0\u002BuZWFjABj4fQ.0",
        "Request-Context": "appId=",
        "Transfer-Encoding": "chunked",
        "X-Azure-Ref": "02rAMZQAAAAC0VVKIlWnOTpk4m9rjeCwBWVZSMzExMDAwMTE1MDIxAGYwOWE0YzEzLTIxZjEtNDhlYy05Y2Y3LTY2NTQ1Njg0YjY0Mg==",
        "X-Cache": "CONFIG_NOCACHE"
      },
      "ResponseBody": {
        "value": [
          {
            "rawId": "8:acs:8b1e6004-98fe-4e87-80c1-56087ffec93b_0000001b-5974-7331-addc-3b3a0d00037a",
            "role": "Consumer"
          }
        ]
      }
    }
  ],
  "Variables": {
    "COMMUNICATION_CONNECTION_STRING_ROOMS": "endpoint=https://rooms-ppe-eastus.ppe.communication.azure.net/;accesskey=Kg==",
    "RandomSeed": "45431944"
  }
}
