{
  "Entries": [
    {
      "RequestUri": "https://Sanitized.azure.com/api/projects/00000/assistants?api-version=2025-05-15-preview",
      "RequestMethod": "POST",
      "RequestHeaders": {
        "Accept": "application/json",
        "Accept-Encoding": "gzip, deflate, br, zstd",
        "Authorization": "Sanitized",
        "Connection": "keep-alive",
        "Content-Length": "75",
        "Content-Type": "application/json",
        "Referer": "http://Sanitized.azure.com/",
        "sec-ch-ua": "\"Not)A;Brand\";v=\"8\", \"Chromium\";v=\"138\", \"HeadlessChrome\";v=\"138\"",
        "sec-ch-ua-mobile": "?0",
        "sec-ch-ua-platform": "\"Windows\"",
        "Sec-Fetch-Dest": "empty",
        "Sec-Fetch-Mode": "cors",
        "Sec-Fetch-Site": "same-site",
        "User-Agent": "Mozilla/5.0 (Windows NT 10.0; Win64; x64) AppleWebKit/537.36 (KHTML, like Gecko) HeadlessChrome/138.0.7204.23 Safari/537.36",
        "x-ms-client-request-id": "Sanitized",
        "x-ms-useragent": "azsdk-js-client azsdk-js-api azsdk-js-ai-agents/1.1.0-beta.1 core-rest-pipeline/1.21.1 Chromium/138 OS/x86-Windows-19.0.0"
      },
      "RequestBody": {
        "model": "gpt-4o",
        "name": "my-agent",
        "instructions": "You are helpful agent"
      },
      "StatusCode": 200,
      "ResponseHeaders": {
        "apim-request-id": "fb0a8531-8f95-4211-bd0e-eed0396cd80e",
        "azureml-served-by-cluster": "vienna-westus-01",
        "Content-Encoding": "gzip",
        "Content-Type": "application/json",
        "Date": "Tue, 29 Jul 2025 23:42:21 GMT",
        "openai-organization": "66c5ccd76cfe4bc79b7e2650cae937d0",
        "openai-processing-ms": "81",
        "openai-version": "2020-10-01",
        "Request-Context": "appId=cid-v1:2d2e8e63-272e-4b3c-8598-4ee570a0e70d",
        "Strict-Transport-Security": "max-age=31536000; includeSubDomains; preload",
        "Transfer-Encoding": "chunked",
        "Vary": "Accept-Encoding",
        "X-Content-Type-Options": "nosniff",
        "x-ms-middleware-request-id": "ff0c367c-21de-454a-b4d7-1e1668e050b1",
        "x-ms-region": "West US",
        "x-ms-response-type": "standard",
        "X-Request-ID": "1fdd19b98d026d242507c31e051ae101",
        "x-request-time": "0.176"
      },
      "ResponseBody": {
        "id": "asst_lnfMRgmULCsCq1GGtzPpHZ22",
        "object": "assistant",
        "created_at": 1753832542,
        "name": "my-agent",
        "description": null,
        "model": "gpt-4o",
        "instructions": "You are helpful agent",
        "tools": [],
        "top_p": 1.0,
        "temperature": 1.0,
        "tool_resources": {},
        "metadata": {},
        "response_format": "auto"
      }
    },
    {
      "RequestUri": "https://Sanitized.azure.com/api/projects/00000/threads?api-version=2025-05-15-preview",
      "RequestMethod": "POST",
      "RequestHeaders": {
        "Accept": "application/json",
        "Accept-Encoding": "gzip, deflate, br, zstd",
        "Authorization": "Sanitized",
        "Connection": "keep-alive",
        "Content-Length": "2",
        "Content-Type": "application/json",
        "Referer": "http://Sanitized.azure.com/",
        "sec-ch-ua": "\"Not)A;Brand\";v=\"8\", \"Chromium\";v=\"138\", \"HeadlessChrome\";v=\"138\"",
        "sec-ch-ua-mobile": "?0",
        "sec-ch-ua-platform": "\"Windows\"",
        "Sec-Fetch-Dest": "empty",
        "Sec-Fetch-Mode": "cors",
        "Sec-Fetch-Site": "same-site",
        "User-Agent": "Mozilla/5.0 (Windows NT 10.0; Win64; x64) AppleWebKit/537.36 (KHTML, like Gecko) HeadlessChrome/138.0.7204.23 Safari/537.36",
        "x-ms-client-request-id": "Sanitized",
        "x-ms-useragent": "azsdk-js-client azsdk-js-api azsdk-js-ai-agents/1.1.0-beta.1 core-rest-pipeline/1.21.1 Chromium/138 OS/x86-Windows-19.0.0"
      },
      "RequestBody": {},
      "StatusCode": 200,
      "ResponseHeaders": {
        "apim-request-id": "2632dc29-a9de-4ef5-9dce-8d236c14a822",
        "azureml-served-by-cluster": "vienna-westus-01",
        "Content-Length": "137",
        "Content-Type": "application/json",
        "Date": "Tue, 29 Jul 2025 23:42:21 GMT",
        "openai-organization": "66c5ccd76cfe4bc79b7e2650cae937d0",
        "openai-processing-ms": "69",
        "openai-version": "2020-10-01",
        "Request-Context": "appId=cid-v1:2d2e8e63-272e-4b3c-8598-4ee570a0e70d",
        "Strict-Transport-Security": "max-age=31536000; includeSubDomains; preload",
        "X-Content-Type-Options": "nosniff",
        "x-ms-middleware-request-id": "231d9fb9-7abb-4146-8e0e-c257acd546ea",
        "x-ms-region": "West US",
        "x-ms-response-type": "standard",
        "X-Request-ID": "807b80ee9d2f99ad59dfbd8a63631036",
        "x-request-time": "0.161"
      },
      "ResponseBody": {
        "id": "thread_LMLgASfJJ5nPWIw54zFJIfER",
        "object": "thread",
        "created_at": 1753832542,
        "metadata": {},
        "tool_resources": {}
      }
    },
    {
      "RequestUri": "https://Sanitized.azure.com/api/projects/00000/threads/thread_LMLgASfJJ5nPWIw54zFJIfER/messages?api-version=2025-05-15-preview",
      "RequestMethod": "POST",
      "RequestHeaders": {
        "Accept": "application/json",
        "Accept-Encoding": "gzip, deflate, br, zstd",
        "Authorization": "Sanitized",
        "Connection": "keep-alive",
        "Content-Length": "57",
        "Content-Type": "application/json",
        "Referer": "http://Sanitized.azure.com/",
        "sec-ch-ua": "\"Not)A;Brand\";v=\"8\", \"Chromium\";v=\"138\", \"HeadlessChrome\";v=\"138\"",
        "sec-ch-ua-mobile": "?0",
        "sec-ch-ua-platform": "\"Windows\"",
        "Sec-Fetch-Dest": "empty",
        "Sec-Fetch-Mode": "cors",
        "Sec-Fetch-Site": "same-site",
        "User-Agent": "Mozilla/5.0 (Windows NT 10.0; Win64; x64) AppleWebKit/537.36 (KHTML, like Gecko) HeadlessChrome/138.0.7204.23 Safari/537.36",
        "x-ms-client-request-id": "Sanitized",
        "x-ms-useragent": "azsdk-js-client azsdk-js-api azsdk-js-ai-agents/1.1.0-beta.1 core-rest-pipeline/1.21.1 Chromium/138 OS/x86-Windows-19.0.0"
      },
      "RequestBody": {
        "role": "user",
        "content": "Please introduce banana to me"
      },
      "StatusCode": 200,
      "ResponseHeaders": {
        "apim-request-id": "0db2033b-6062-4aff-a3ba-2479d4e049dd",
        "azureml-served-by-cluster": "vienna-westus-01",
        "Content-Encoding": "gzip",
        "Content-Type": "application/json",
        "Date": "Tue, 29 Jul 2025 23:42:22 GMT",
        "openai-organization": "66c5ccd76cfe4bc79b7e2650cae937d0",
        "openai-processing-ms": "98",
        "openai-version": "2020-10-01",
        "Request-Context": "appId=cid-v1:2d2e8e63-272e-4b3c-8598-4ee570a0e70d",
        "Strict-Transport-Security": "max-age=31536000; includeSubDomains; preload",
        "Transfer-Encoding": "chunked",
        "Vary": "Accept-Encoding",
        "X-Content-Type-Options": "nosniff",
        "x-ms-middleware-request-id": "2385cfa0-14a7-468a-926c-d4c69440c46e",
        "x-ms-region": "West US",
        "x-ms-response-type": "standard",
        "X-Request-ID": "d9be03bedca2626d982ccbb34c04317e",
        "x-request-time": "0.208"
      },
      "ResponseBody": {
        "id": "msg_S477Lj0bzUsYEcsE6Rnnd4B7",
        "object": "thread.message",
        "created_at": 1753832542,
        "assistant_id": null,
        "thread_id": "thread_LMLgASfJJ5nPWIw54zFJIfER",
        "run_id": null,
        "role": "user",
        "content": [
          {
            "type": "text",
            "text": {
              "value": "Please introduce banana to me",
              "annotations": []
            }
          }
        ],
        "attachments": [],
        "metadata": {}
      }
    },
    {
      "RequestUri": "https://Sanitized.azure.com/api/projects/00000/threads/thread_LMLgASfJJ5nPWIw54zFJIfER/runs?api-version=2025-05-15-preview",
      "RequestMethod": "POST",
      "RequestHeaders": {
        "Accept": "application/json",
        "Accept-Encoding": "gzip, deflate, br, zstd",
        "Authorization": "Sanitized",
        "Connection": "keep-alive",
        "Content-Length": "427",
        "Content-Type": "application/json",
        "Referer": "http://Sanitized.azure.com/",
        "sec-ch-ua": "\"Not)A;Brand\";v=\"8\", \"Chromium\";v=\"138\", \"HeadlessChrome\";v=\"138\"",
        "sec-ch-ua-mobile": "?0",
        "sec-ch-ua-platform": "\"Windows\"",
        "Sec-Fetch-Dest": "empty",
        "Sec-Fetch-Mode": "cors",
        "Sec-Fetch-Site": "same-site",
        "User-Agent": "Mozilla/5.0 (Windows NT 10.0; Win64; x64) AppleWebKit/537.36 (KHTML, like Gecko) HeadlessChrome/138.0.7204.23 Safari/537.36",
        "x-ms-client-request-id": "Sanitized",
        "x-ms-useragent": "azsdk-js-client azsdk-js-api azsdk-js-ai-agents/1.1.0-beta.1 core-rest-pipeline/1.21.1 Chromium/138 OS/x86-Windows-19.0.0"
      },
      "RequestBody": {
        "assistant_id": "asst_lnfMRgmULCsCq1GGtzPpHZ22",
        "response_format": {
          "type": "json_schema",
          "json_schema": {
            "description": "Response from the agent",
            "name": "AgentResponse",
            "schema": {
              "type": "object",
              "properties": {
                "name": {
                  "type": "string",
                  "description": "Name of the fruit"
                },
                "color": {
                  "type": "string",
                  "description": "Color of the fruit"
                },
                "taste": {
                  "type": "string",
                  "description": "Taste of the fruit"
                }
              },
              "required": [
                "name",
                "color",
                "taste"
              ]
            }
          }
        }
      },
      "StatusCode": 200,
      "ResponseHeaders": {
        "apim-request-id": "1767e4da-dced-4359-8b14-26718c812801",
        "azureml-served-by-cluster": "vienna-westus-01",
        "Content-Encoding": "gzip",
        "Content-Type": "application/json",
        "Date": "Tue, 29 Jul 2025 23:42:23 GMT",
        "openai-organization": "66c5ccd76cfe4bc79b7e2650cae937d0",
        "openai-processing-ms": "206",
        "openai-version": "2020-10-01",
        "Request-Context": "appId=cid-v1:2d2e8e63-272e-4b3c-8598-4ee570a0e70d",
        "Strict-Transport-Security": "max-age=31536000; includeSubDomains; preload",
        "Transfer-Encoding": "chunked",
        "Vary": "Accept-Encoding",
        "X-Content-Type-Options": "nosniff",
        "x-ms-middleware-request-id": "81d72e5e-8bcc-4998-8b07-083d7f369365",
        "x-ms-region": "West US",
        "x-ms-response-type": "standard",
        "X-Request-ID": "54d35186e6da514b66694e31e5a3cf32",
        "x-request-time": "1.430"
      },
      "ResponseBody": {
        "id": "run_9KRCJNlCH4SpzWbpJUyAYjcZ",
        "object": "thread.run",
        "created_at": 1753832544,
        "assistant_id": "asst_lnfMRgmULCsCq1GGtzPpHZ22",
        "thread_id": "thread_LMLgASfJJ5nPWIw54zFJIfER",
        "status": "queued",
        "started_at": null,
        "expires_at": 1753834344,
        "cancelled_at": null,
        "failed_at": null,
        "completed_at": null,
        "required_action": null,
        "last_error": null,
        "model": "gpt-4o",
        "instructions": "You are helpful agent",
        "tools": [],
        "tool_resources": {},
        "metadata": {},
        "temperature": 1.0,
        "top_p": 1.0,
        "max_completion_tokens": null,
        "max_prompt_tokens": null,
        "truncation_strategy": {
          "type": "auto",
          "last_messages": null
        },
        "incomplete_details": null,
        "usage": null,
        "response_format": {
          "type": "json_schema",
          "json_schema": {
            "name": "AgentResponse",
            "description": "Response from the agent",
            "schema": {
              "type": "object",
              "properties": {
                "name": {
                  "type": "string",
                  "description": "Name of the fruit"
                },
                "color": {
                  "type": "string",
                  "description": "Color of the fruit"
                },
                "taste": {
                  "type": "string",
                  "description": "Taste of the fruit"
                }
              },
              "required": [
                "name",
                "color",
                "taste"
              ]
            },
            "strict": false
          }
        },
        "tool_choice": "auto",
        "parallel_tool_calls": true
      }
    },
    {
      "RequestUri": "https://Sanitized.azure.com/api/projects/00000/threads/thread_LMLgASfJJ5nPWIw54zFJIfER/runs/run_9KRCJNlCH4SpzWbpJUyAYjcZ?api-version=2025-05-15-preview",
      "RequestMethod": "GET",
      "RequestHeaders": {
        "Accept": "application/json",
        "Accept-Encoding": "gzip, deflate, br, zstd",
        "Authorization": "Sanitized",
        "Connection": "keep-alive",
        "Referer": "http://Sanitized.azure.com/",
        "sec-ch-ua": "\"Not)A;Brand\";v=\"8\", \"Chromium\";v=\"138\", \"HeadlessChrome\";v=\"138\"",
        "sec-ch-ua-mobile": "?0",
        "sec-ch-ua-platform": "\"Windows\"",
        "Sec-Fetch-Dest": "empty",
        "Sec-Fetch-Mode": "cors",
        "Sec-Fetch-Site": "same-site",
        "User-Agent": "Mozilla/5.0 (Windows NT 10.0; Win64; x64) AppleWebKit/537.36 (KHTML, like Gecko) HeadlessChrome/138.0.7204.23 Safari/537.36",
        "x-ms-client-request-id": "Sanitized",
        "x-ms-useragent": "azsdk-js-client azsdk-js-api azsdk-js-ai-agents/1.1.0-beta.1 core-rest-pipeline/1.21.1 Chromium/138 OS/x86-Windows-19.0.0"
      },
      "RequestBody": null,
      "StatusCode": 200,
      "ResponseHeaders": {
        "apim-request-id": "5e08a2e6-9c26-425f-a3b3-41607a3d3019",
        "azureml-served-by-cluster": "vienna-westus-01",
        "Content-Encoding": "gzip",
        "Content-Type": "application/json",
        "Date": "Tue, 29 Jul 2025 23:42:24 GMT",
        "openai-organization": "66c5ccd76cfe4bc79b7e2650cae937d0",
        "openai-processing-ms": "93",
        "openai-version": "2020-10-01",
        "Request-Context": "appId=cid-v1:2d2e8e63-272e-4b3c-8598-4ee570a0e70d",
        "Strict-Transport-Security": "max-age=31536000; includeSubDomains; preload",
        "Transfer-Encoding": "chunked",
        "Vary": "Accept-Encoding",
        "X-Content-Type-Options": "nosniff",
        "x-ms-middleware-request-id": "23145651-1cbb-42d3-87bb-2de28f42f272",
        "x-ms-region": "West US",
        "x-ms-response-type": "standard",
        "X-Request-ID": "4d8e8a7dc2e265b1e442b74509db6bf3",
        "x-request-time": "0.190"
      },
      "ResponseBody": {
        "id": "run_9KRCJNlCH4SpzWbpJUyAYjcZ",
        "object": "thread.run",
        "created_at": 1753832544,
        "assistant_id": "asst_lnfMRgmULCsCq1GGtzPpHZ22",
        "thread_id": "thread_LMLgASfJJ5nPWIw54zFJIfER",
        "status": "in_progress",
        "started_at": 1753832544,
        "expires_at": 1753834344,
        "cancelled_at": null,
        "failed_at": null,
        "completed_at": null,
        "required_action": null,
        "last_error": null,
        "model": "gpt-4o",
        "instructions": "You are helpful agent",
        "tools": [],
        "tool_resources": {},
        "metadata": {},
        "temperature": 1.0,
        "top_p": 1.0,
        "max_completion_tokens": null,
        "max_prompt_tokens": null,
        "truncation_strategy": {
          "type": "auto",
          "last_messages": null
        },
        "incomplete_details": null,
        "usage": null,
        "response_format": {
          "type": "json_schema",
          "json_schema": {
            "name": "AgentResponse",
            "description": "Response from the agent",
            "schema": {
              "type": "object",
              "properties": {
                "name": {
                  "type": "string",
                  "description": "Name of the fruit"
                },
                "color": {
                  "type": "string",
                  "description": "Color of the fruit"
                },
                "taste": {
                  "type": "string",
                  "description": "Taste of the fruit"
                }
              },
              "required": [
                "name",
                "color",
                "taste"
              ]
            },
            "strict": false
          }
        },
        "tool_choice": "auto",
        "parallel_tool_calls": true
      }
    },
    {
      "RequestUri": "https://Sanitized.azure.com/api/projects/00000/threads/thread_LMLgASfJJ5nPWIw54zFJIfER/runs/run_9KRCJNlCH4SpzWbpJUyAYjcZ?api-version=2025-05-15-preview",
      "RequestMethod": "GET",
      "RequestHeaders": {
        "Accept": "application/json",
        "Accept-Encoding": "gzip, deflate, br, zstd",
        "Authorization": "Sanitized",
        "Connection": "keep-alive",
        "Referer": "http://Sanitized.azure.com/",
        "sec-ch-ua": "\"Not)A;Brand\";v=\"8\", \"Chromium\";v=\"138\", \"HeadlessChrome\";v=\"138\"",
        "sec-ch-ua-mobile": "?0",
        "sec-ch-ua-platform": "\"Windows\"",
        "Sec-Fetch-Dest": "empty",
        "Sec-Fetch-Mode": "cors",
        "Sec-Fetch-Site": "same-site",
        "User-Agent": "Mozilla/5.0 (Windows NT 10.0; Win64; x64) AppleWebKit/537.36 (KHTML, like Gecko) HeadlessChrome/138.0.7204.23 Safari/537.36",
        "x-ms-client-request-id": "Sanitized",
        "x-ms-useragent": "azsdk-js-client azsdk-js-api azsdk-js-ai-agents/1.1.0-beta.1 core-rest-pipeline/1.21.1 Chromium/138 OS/x86-Windows-19.0.0"
      },
      "RequestBody": null,
      "StatusCode": 200,
      "ResponseHeaders": {
        "apim-request-id": "3794ca68-53eb-4b6a-ae46-0a6bb6518b23",
        "azureml-served-by-cluster": "vienna-westus-01",
        "Content-Encoding": "gzip",
        "Content-Type": "application/json",
        "Date": "Tue, 29 Jul 2025 23:42:25 GMT",
        "openai-organization": "66c5ccd76cfe4bc79b7e2650cae937d0",
        "openai-processing-ms": "100",
        "openai-version": "2020-10-01",
        "Request-Context": "appId=cid-v1:2d2e8e63-272e-4b3c-8598-4ee570a0e70d",
        "Strict-Transport-Security": "max-age=31536000; includeSubDomains; preload",
        "Transfer-Encoding": "chunked",
        "Vary": "Accept-Encoding",
        "X-Content-Type-Options": "nosniff",
        "x-ms-middleware-request-id": "6461bbe6-0e7f-4ebc-8d7b-4c9a485cd181",
        "x-ms-region": "West US",
        "x-ms-response-type": "standard",
        "X-Request-ID": "ebed58b8c25a46dd84b3fb84da6b6e1d",
        "x-request-time": "0.203"
      },
      "ResponseBody": {
        "id": "run_9KRCJNlCH4SpzWbpJUyAYjcZ",
        "object": "thread.run",
        "created_at": 1753832544,
        "assistant_id": "asst_lnfMRgmULCsCq1GGtzPpHZ22",
        "thread_id": "thread_LMLgASfJJ5nPWIw54zFJIfER",
        "status": "completed",
        "started_at": 1753832544,
        "expires_at": null,
        "cancelled_at": null,
        "failed_at": null,
        "completed_at": 1753832545,
        "required_action": null,
        "last_error": null,
        "model": "gpt-4o",
        "instructions": "You are helpful agent",
        "tools": [],
        "tool_resources": {},
        "metadata": {},
        "temperature": 1.0,
        "top_p": 1.0,
        "max_completion_tokens": null,
        "max_prompt_tokens": null,
        "truncation_strategy": {
          "type": "auto",
          "last_messages": null
        },
        "incomplete_details": null,
        "usage": {
          "prompt_tokens": 130,
          "completion_tokens": 15,
          "total_tokens": 145,
          "prompt_token_details": {
            "cached_tokens": 0
          }
        },
        "response_format": {
          "type": "json_schema",
          "json_schema": {
            "name": "AgentResponse",
            "description": "Response from the agent",
            "schema": {
              "type": "object",
              "properties": {
                "name": {
                  "type": "string",
                  "description": "Name of the fruit"
                },
                "color": {
                  "type": "string",
                  "description": "Color of the fruit"
                },
                "taste": {
                  "type": "string",
                  "description": "Taste of the fruit"
                }
              },
              "required": [
                "name",
                "color",
                "taste"
              ]
            },
            "strict": false
          }
        },
        "tool_choice": "auto",
        "parallel_tool_calls": true
      }
    },
    {
      "RequestUri": "https://Sanitized.azure.com/api/projects/00000/threads/thread_LMLgASfJJ5nPWIw54zFJIfER/runs/run_9KRCJNlCH4SpzWbpJUyAYjcZ?api-version=2025-05-15-preview",
      "RequestMethod": "GET",
      "RequestHeaders": {
        "Accept": "application/json",
        "Accept-Encoding": "gzip, deflate, br, zstd",
        "Authorization": "Sanitized",
        "Connection": "keep-alive",
        "Referer": "http://Sanitized.azure.com/",
        "sec-ch-ua": "\"Not)A;Brand\";v=\"8\", \"Chromium\";v=\"138\", \"HeadlessChrome\";v=\"138\"",
        "sec-ch-ua-mobile": "?0",
        "sec-ch-ua-platform": "\"Windows\"",
        "Sec-Fetch-Dest": "empty",
        "Sec-Fetch-Mode": "cors",
        "Sec-Fetch-Site": "same-site",
        "User-Agent": "Mozilla/5.0 (Windows NT 10.0; Win64; x64) AppleWebKit/537.36 (KHTML, like Gecko) HeadlessChrome/138.0.7204.23 Safari/537.36",
        "x-ms-client-request-id": "Sanitized",
        "x-ms-useragent": "azsdk-js-client azsdk-js-api azsdk-js-ai-agents/1.1.0-beta.1 core-rest-pipeline/1.21.1 Chromium/138 OS/x86-Windows-19.0.0"
      },
      "RequestBody": null,
      "StatusCode": 200,
      "ResponseHeaders": {
        "apim-request-id": "629f0c51-00e5-4314-a524-274258aa81a5",
        "azureml-served-by-cluster": "vienna-westus-01",
        "Content-Encoding": "gzip",
        "Content-Type": "application/json",
        "Date": "Tue, 29 Jul 2025 23:42:25 GMT",
        "openai-organization": "66c5ccd76cfe4bc79b7e2650cae937d0",
        "openai-processing-ms": "99",
        "openai-version": "2020-10-01",
        "Request-Context": "appId=cid-v1:2d2e8e63-272e-4b3c-8598-4ee570a0e70d",
        "Strict-Transport-Security": "max-age=31536000; includeSubDomains; preload",
        "Transfer-Encoding": "chunked",
        "Vary": "Accept-Encoding",
        "X-Content-Type-Options": "nosniff",
        "x-ms-middleware-request-id": "64c76262-3096-4add-ab82-f8cab697785f",
        "x-ms-region": "West US",
        "x-ms-response-type": "standard",
        "X-Request-ID": "c706745c86689ba9102444443f644ab1",
        "x-request-time": "0.183"
      },
      "ResponseBody": {
        "id": "run_9KRCJNlCH4SpzWbpJUyAYjcZ",
        "object": "thread.run",
        "created_at": 1753832544,
        "assistant_id": "asst_lnfMRgmULCsCq1GGtzPpHZ22",
        "thread_id": "thread_LMLgASfJJ5nPWIw54zFJIfER",
        "status": "completed",
        "started_at": 1753832544,
        "expires_at": null,
        "cancelled_at": null,
        "failed_at": null,
        "completed_at": 1753832545,
        "required_action": null,
        "last_error": null,
        "model": "gpt-4o",
        "instructions": "You are helpful agent",
        "tools": [],
        "tool_resources": {},
        "metadata": {},
        "temperature": 1.0,
        "top_p": 1.0,
        "max_completion_tokens": null,
        "max_prompt_tokens": null,
        "truncation_strategy": {
          "type": "auto",
          "last_messages": null
        },
        "incomplete_details": null,
        "usage": {
          "prompt_tokens": 130,
          "completion_tokens": 15,
          "total_tokens": 145,
          "prompt_token_details": {
            "cached_tokens": 0
          }
        },
        "response_format": {
          "type": "json_schema",
          "json_schema": {
            "name": "AgentResponse",
            "description": "Response from the agent",
            "schema": {
              "type": "object",
              "properties": {
                "name": {
                  "type": "string",
                  "description": "Name of the fruit"
                },
                "color": {
                  "type": "string",
                  "description": "Color of the fruit"
                },
                "taste": {
                  "type": "string",
                  "description": "Taste of the fruit"
                }
              },
              "required": [
                "name",
                "color",
                "taste"
              ]
            },
            "strict": false
          }
        },
        "tool_choice": "auto",
        "parallel_tool_calls": true
      }
    },
    {
      "RequestUri": "https://Sanitized.azure.com/api/projects/00000/assistants/asst_lnfMRgmULCsCq1GGtzPpHZ22?api-version=2025-05-15-preview",
      "RequestMethod": "DELETE",
      "RequestHeaders": {
        "Accept": "application/json",
        "Accept-Encoding": "gzip, deflate, br, zstd",
        "Authorization": "Sanitized",
        "Connection": "keep-alive",
        "Referer": "http://Sanitized.azure.com/",
        "sec-ch-ua": "\"Not)A;Brand\";v=\"8\", \"Chromium\";v=\"138\", \"HeadlessChrome\";v=\"138\"",
        "sec-ch-ua-mobile": "?0",
        "sec-ch-ua-platform": "\"Windows\"",
        "Sec-Fetch-Dest": "empty",
        "Sec-Fetch-Mode": "cors",
        "Sec-Fetch-Site": "same-site",
        "User-Agent": "Mozilla/5.0 (Windows NT 10.0; Win64; x64) AppleWebKit/537.36 (KHTML, like Gecko) HeadlessChrome/138.0.7204.23 Safari/537.36",
        "x-ms-client-request-id": "Sanitized",
        "x-ms-useragent": "azsdk-js-client azsdk-js-api azsdk-js-ai-agents/1.1.0-beta.1 core-rest-pipeline/1.21.1 Chromium/138 OS/x86-Windows-19.0.0"
      },
      "RequestBody": null,
      "StatusCode": 200,
      "ResponseHeaders": {
        "apim-request-id": "561d639e-c66d-4ffc-9df2-21ac15185a1a",
        "azureml-served-by-cluster": "vienna-westus-01",
        "Content-Length": "95",
        "Content-Type": "application/json",
        "Date": "Tue, 29 Jul 2025 23:42:25 GMT",
        "openai-organization": "66c5ccd76cfe4bc79b7e2650cae937d0",
        "openai-processing-ms": "91",
        "openai-version": "2020-10-01",
        "Request-Context": "appId=cid-v1:2d2e8e63-272e-4b3c-8598-4ee570a0e70d",
        "Strict-Transport-Security": "max-age=31536000; includeSubDomains; preload",
        "X-Content-Type-Options": "nosniff",
        "x-ms-middleware-request-id": "7c1d8d80-2898-4725-8053-0647128bf4ba",
        "x-ms-region": "West US",
        "x-ms-response-type": "standard",
        "X-Request-ID": "36c3796fd592e7a0916d62add924e6f7",
        "x-request-time": "0.170"
      },
      "ResponseBody": {
        "id": "asst_lnfMRgmULCsCq1GGtzPpHZ22",
        "object": "assistant.deleted",
        "deleted": true
      }
    },
    {
      "RequestUri": "https://Sanitized.azure.com/api/projects/00000/threads/thread_LMLgASfJJ5nPWIw54zFJIfER?api-version=2025-05-15-preview",
      "RequestMethod": "DELETE",
      "RequestHeaders": {
        "Accept": "application/json",
        "Accept-Encoding": "gzip, deflate, br, zstd",
        "Authorization": "Sanitized",
        "Connection": "keep-alive",
        "Referer": "http://Sanitized.azure.com/",
        "sec-ch-ua": "\"Not)A;Brand\";v=\"8\", \"Chromium\";v=\"138\", \"HeadlessChrome\";v=\"138\"",
        "sec-ch-ua-mobile": "?0",
        "sec-ch-ua-platform": "\"Windows\"",
        "Sec-Fetch-Dest": "empty",
        "Sec-Fetch-Mode": "cors",
        "Sec-Fetch-Site": "same-site",
        "User-Agent": "Mozilla/5.0 (Windows NT 10.0; Win64; x64) AppleWebKit/537.36 (KHTML, like Gecko) HeadlessChrome/138.0.7204.23 Safari/537.36",
        "x-ms-client-request-id": "Sanitized",
        "x-ms-useragent": "azsdk-js-client azsdk-js-api azsdk-js-ai-agents/1.1.0-beta.1 core-rest-pipeline/1.21.1 Chromium/138 OS/x86-Windows-19.0.0"
      },
      "RequestBody": null,
      "StatusCode": 200,
      "ResponseHeaders": {
        "apim-request-id": "96d07577-80b4-4737-9e9f-65d1b2b7f9e3",
        "azureml-served-by-cluster": "vienna-westus-01",
        "Content-Length": "94",
        "Content-Type": "application/json",
        "Date": "Tue, 29 Jul 2025 23:42:26 GMT",
        "openai-organization": "66c5ccd76cfe4bc79b7e2650cae937d0",
        "openai-processing-ms": "83",
        "openai-version": "2020-10-01",
        "Request-Context": "appId=cid-v1:2d2e8e63-272e-4b3c-8598-4ee570a0e70d",
        "Strict-Transport-Security": "max-age=31536000; includeSubDomains; preload",
        "X-Content-Type-Options": "nosniff",
        "x-ms-middleware-request-id": "ad70e27d-feff-4135-94a7-726ab61fc7c4",
        "x-ms-region": "West US",
        "x-ms-response-type": "standard",
        "X-Request-ID": "bfa2e58a19cd4886b8be56c735cc6829",
        "x-request-time": "0.150"
      },
      "ResponseBody": {
        "id": "thread_LMLgASfJJ5nPWIw54zFJIfER",
        "object": "thread.deleted",
        "deleted": true
      }
    }
  ],
  "Variables": {}
}
