{
  "Entries": [
    {
      "RequestUri": "https://keyvault_name.vault.azure.net/certificates/issuers/CRUDCertificateName-cancreatereadanddeleteacertificateissuer-?api-version=7.5",
      "RequestMethod": "PUT",
      "RequestHeaders": {
        "Accept": "application/json",
        "Accept-Encoding": "gzip,deflate",
        "Connection": "keep-alive",
        "Content-Length": "0",
        "Content-Type": "application/json",
        "User-Agent": "azsdk-js-keyvault-certificates/4.8.0 core-rest-pipeline/1.14.1 Node/v18.19.0 OS/(x64-Linux-5.15.133.1-microsoft-standard-WSL2)",
        "x-ms-client-request-id": "799c8e20-284e-4a27-935e-c909b655dab8"
      },
      "RequestBody": null,
      "StatusCode": 401,
      "ResponseHeaders": {
        "Cache-Control": "no-cache",
        "Content-Length": "97",
        "Content-Type": "application/json; charset=utf-8",
        "Date": "Thu, 08 Feb 2024 20:35:29 GMT",
        "Expires": "-1",
        "Pragma": "no-cache",
        "Strict-Transport-Security": "max-age=31536000;includeSubDomains",
        "WWW-Authenticate": "Bearer authorization=\u0022https://login.microsoftonline.com/12345678-1234-1234-1234-123456789012\u0022, resource=\u0022https://vault.azure.net\u0022",
        "X-Content-Type-Options": "nosniff",
        "x-ms-client-request-id": "799c8e20-284e-4a27-935e-c909b655dab8",
        "x-ms-keyvault-network-info": "conn_type=Ipv4;addr=131.107.1.202;act_addr_fam=InterNetwork;",
        "x-ms-keyvault-region": "australiaeast",
        "x-ms-keyvault-service-version": "1.9.1272.1",
        "x-ms-request-id": "fa9be5bf-371b-48e8-8ac0-2340455e9784"
      },
      "ResponseBody": {
        "error": {
          "code": "Unauthorized",
          "message": "AKV10000: Request is missing a Bearer or PoP token."
        }
      }
    },
    {
      "RequestUri": "https://keyvault_name.vault.azure.net/certificates/issuers/CRUDCertificateName-cancreatereadanddeleteacertificateissuer-?api-version=7.5",
      "RequestMethod": "PUT",
      "RequestHeaders": {
        "Accept": "application/json",
        "Accept-Encoding": "gzip,deflate",
        "Authorization": "Sanitized",
        "Connection": "keep-alive",
        "Content-Length": "188",
        "Content-Type": "application/json",
        "User-Agent": "azsdk-js-keyvault-certificates/4.8.0 core-rest-pipeline/1.14.1 Node/v18.19.0 OS/(x64-Linux-5.15.133.1-microsoft-standard-WSL2)",
        "x-ms-client-request-id": "799c8e20-284e-4a27-935e-c909b655dab8"
      },
      "RequestBody": {
        "provider": "Test",
        "credentials": {
          "account_id": "keyvaultuser"
        },
        "org_details": {
          "admin_details": [
            {
              "first_name": "John",
              "last_name": "Doe",
              "email": "admin@microsoft.com",
              "phone": "4255555555"
            }
          ]
        }
      },
      "StatusCode": 200,
      "ResponseHeaders": {
        "Cache-Control": "no-cache",
        "Content-Length": "396",
        "Content-Type": "application/json; charset=utf-8",
        "Date": "Thu, 08 Feb 2024 20:35:29 GMT",
        "Expires": "-1",
        "Pragma": "no-cache",
        "Strict-Transport-Security": "max-age=31536000;includeSubDomains",
        "X-Content-Type-Options": "nosniff",
        "x-ms-client-request-id": "799c8e20-284e-4a27-935e-c909b655dab8",
        "x-ms-keyvault-network-info": "conn_type=Ipv4;addr=131.107.1.202;act_addr_fam=InterNetwork;",
        "x-ms-keyvault-rbac-assignment-id": "9288c9d3806353ff9a0dc9dafe162848",
        "x-ms-keyvault-region": "australiaeast",
        "x-ms-keyvault-service-version": "1.9.1272.1",
        "x-ms-request-id": "8a52ccf8-feaa-4a00-8196-a7cf2f8cf9fb"
      },
      "ResponseBody": {
        "id": "https://keyvault_name.vault.azure.net/certificates/issuers/CRUDCertificateName-cancreatereadanddeleteacertificateissuer-",
        "provider": "Test",
        "credentials": {
          "account_id": "keyvaultuser"
        },
        "org_details": {
          "zip": 0,
          "admin_details": [
            {
              "first_name": "John",
              "last_name": "Doe",
              "email": "admin@microsoft.com",
              "phone": "4255555555"
            }
          ]
        },
        "attributes": {
          "enabled": true,
          "created": 1707424530,
          "updated": 1707424530
        }
      }
    },
    {
      "RequestUri": "https://keyvault_name.vault.azure.net/certificates/CRUDCertificateName-cancreatereadanddeleteacertificateissuer-/create?api-version=7.5",
      "RequestMethod": "POST",
      "RequestHeaders": {
        "Accept": "application/json",
        "Accept-Encoding": "gzip,deflate",
        "Authorization": "Sanitized",
        "Connection": "keep-alive",
        "Content-Length": "206",
        "Content-Type": "application/json",
        "User-Agent": "azsdk-js-keyvault-certificates/4.8.0 core-rest-pipeline/1.14.1 Node/v18.19.0 OS/(x64-Linux-5.15.133.1-microsoft-standard-WSL2)",
        "x-ms-client-request-id": "3ab9e11a-e37b-4942-81c0-eb219c34f32f"
      },
      "RequestBody": {
        "policy": {
          "key_props": {},
          "secret_props": {},
          "x509_props": {
            "subject": "cn=MyCert",
            "sans": {}
          },
          "issuer": {
            "name": "CRUDCertificateName-cancreatereadanddeleteacertificateissuer-"
          },
          "attributes": {}
        },
        "attributes": {}
      },
      "StatusCode": 202,
      "ResponseHeaders": {
        "Cache-Control": "no-cache",
        "Content-Length": "1389",
        "Content-Type": "application/json; charset=utf-8",
        "Date": "Thu, 08 Feb 2024 20:35:30 GMT",
        "Expires": "-1",
        "Location": "https://keyvault_name.vault.azure.net/certificates/CRUDCertificateName-cancreatereadanddeleteacertificateissuer-/pending?api-version=7.5\u0026request_id=6b39383cdda64c7fb1cb5203b45e770f",
        "Pragma": "no-cache",
        "Retry-After": "10",
        "Strict-Transport-Security": "max-age=31536000;includeSubDomains",
        "X-Content-Type-Options": "nosniff",
        "x-ms-client-request-id": "3ab9e11a-e37b-4942-81c0-eb219c34f32f",
        "x-ms-keyvault-network-info": "conn_type=Ipv4;addr=131.107.1.202;act_addr_fam=InterNetwork;",
        "x-ms-keyvault-rbac-assignment-id": "9288c9d3806353ff9a0dc9dafe162848",
        "x-ms-keyvault-region": "australiaeast",
        "x-ms-keyvault-service-version": "1.9.1272.1",
        "x-ms-request-id": "6f1a0110-cc9e-42ed-8bb1-4805efeb6000"
      },
      "ResponseBody": {
        "id": "https://keyvault_name.vault.azure.net/certificates/CRUDCertificateName-cancreatereadanddeleteacertificateissuer-/pending",
        "issuer": {
          "name": "CRUDCertificateName-cancreatereadanddeleteacertificateissuer-"
        },
        "csr": "MIICoTCCAYkCAQAwETEPMA0GA1UEAxMGTXlDZXJ0MIIBIjANBgkqhkiG9w0BAQEFAAOCAQ8AMIIBCgKCAQEA2PNQdtgRONBRs0SKsjiawCpuurWhFFEi9s4NQyfv\u002BFkXc8waSfRZbdmtF2nA4u0qAbj1zfd\u002BOh5pLzgzEi7ODReSvcPvkvbz9EjWMF1cgQHNoDhX6cQE6XGGSGkKDvQPfanO/3eAs1yW0bRfDPbwkOvBolQGkjBsz9lErfxxFte76K1aDYO\u002BvZ\u002BN7Ud\u002Bt\u002Bxy3fGvdDIg7aB543B6TTd1MNxQNc4UCEGEFrCvG0MIPgJwWW1h2832pHWYKCAU02WUEMaTKbWUAkJ4ceFgd6XzDxyF0N1vSel9iP/e3716RPpxYsJ5UQ\u002Bo9nHEum53EleO\u002B0Ap9cblKcA8TAZVzL5eqQIDAQABoEswSQYJKoZIhvcNAQkOMTwwOjAOBgNVHQ8BAf8EBAMCBaAwHQYDVR0lBBYwFAYIKwYBBQUHAwEGCCsGAQUFBwMCMAkGA1UdEwQCMAAwDQYJKoZIhvcNAQELBQADggEBAFsuEHYnrFAmyBsZCxzNmMu3r1Bbgptdp3nre9kPR0Q64KD/zKEDvgj8qPsw2DiZQXrR1zRQ6m79blxWAjeh4XIltR2MZxF26QIUABA6yV3nXMUxkVCw\u002BSFFPVHlSjq1kjRtbPPFS/3uQmc4\u002BI3sXhm5rciukzgV53mJRYSlJ6MUdw/pUk/xUcwDVBFTS4uG\u002BOk3aFS4UVEILC8saSlZALZNPNmH0fUUsHAOs4Xk4idAH/eoagbbRCyLnNrwucv6pRogcQkgxcElzQwYs4s5BU9iHT21RTySWXUlzKxXL9Gh0h70LiMNmaPi6TKp\u002BsKNdfYlWzALxxE3ESmx/jHyjlI=",
        "cancellation_requested": false,
        "status": "inProgress",
        "status_details": "Pending certificate created. Certificate request is in progress. This may take some time based on the issuer provider. Please check again later.",
        "request_id": "6b39383cdda64c7fb1cb5203b45e770f"
      }
    },
    {
      "RequestUri": "https://keyvault_name.vault.azure.net/certificates/CRUDCertificateName-cancreatereadanddeleteacertificateissuer-/pending?api-version=7.5",
      "RequestMethod": "GET",
      "RequestHeaders": {
        "Accept": "application/json",
        "Accept-Encoding": "gzip,deflate",
        "Authorization": "Sanitized",
        "Connection": "keep-alive",
        "User-Agent": "azsdk-js-keyvault-certificates/4.8.0 core-rest-pipeline/1.14.1 Node/v18.19.0 OS/(x64-Linux-5.15.133.1-microsoft-standard-WSL2)",
        "x-ms-client-request-id": "7176f922-f74e-49db-a00a-437e1e2e3e4b"
      },
      "RequestBody": null,
      "StatusCode": 200,
      "ResponseHeaders": {
        "Cache-Control": "no-cache",
        "Content-Length": "1389",
        "Content-Type": "application/json; charset=utf-8",
        "Date": "Thu, 08 Feb 2024 20:35:30 GMT",
        "Expires": "-1",
        "Pragma": "no-cache",
        "Retry-After": "10",
        "Strict-Transport-Security": "max-age=31536000;includeSubDomains",
        "X-Content-Type-Options": "nosniff",
        "x-ms-client-request-id": "7176f922-f74e-49db-a00a-437e1e2e3e4b",
        "x-ms-keyvault-network-info": "conn_type=Ipv4;addr=131.107.1.202;act_addr_fam=InterNetwork;",
        "x-ms-keyvault-rbac-assignment-id": "9288c9d3806353ff9a0dc9dafe162848",
        "x-ms-keyvault-region": "australiaeast",
        "x-ms-keyvault-service-version": "1.9.1272.1",
        "x-ms-request-id": "6d7075cd-5582-4e34-86d2-64bd537c8ca1"
      },
      "ResponseBody": {
        "id": "https://keyvault_name.vault.azure.net/certificates/CRUDCertificateName-cancreatereadanddeleteacertificateissuer-/pending",
        "issuer": {
          "name": "CRUDCertificateName-cancreatereadanddeleteacertificateissuer-"
        },
        "csr": "MIICoTCCAYkCAQAwETEPMA0GA1UEAxMGTXlDZXJ0MIIBIjANBgkqhkiG9w0BAQEFAAOCAQ8AMIIBCgKCAQEA2PNQdtgRONBRs0SKsjiawCpuurWhFFEi9s4NQyfv\u002BFkXc8waSfRZbdmtF2nA4u0qAbj1zfd\u002BOh5pLzgzEi7ODReSvcPvkvbz9EjWMF1cgQHNoDhX6cQE6XGGSGkKDvQPfanO/3eAs1yW0bRfDPbwkOvBolQGkjBsz9lErfxxFte76K1aDYO\u002BvZ\u002BN7Ud\u002Bt\u002Bxy3fGvdDIg7aB543B6TTd1MNxQNc4UCEGEFrCvG0MIPgJwWW1h2832pHWYKCAU02WUEMaTKbWUAkJ4ceFgd6XzDxyF0N1vSel9iP/e3716RPpxYsJ5UQ\u002Bo9nHEum53EleO\u002B0Ap9cblKcA8TAZVzL5eqQIDAQABoEswSQYJKoZIhvcNAQkOMTwwOjAOBgNVHQ8BAf8EBAMCBaAwHQYDVR0lBBYwFAYIKwYBBQUHAwEGCCsGAQUFBwMCMAkGA1UdEwQCMAAwDQYJKoZIhvcNAQELBQADggEBAFsuEHYnrFAmyBsZCxzNmMu3r1Bbgptdp3nre9kPR0Q64KD/zKEDvgj8qPsw2DiZQXrR1zRQ6m79blxWAjeh4XIltR2MZxF26QIUABA6yV3nXMUxkVCw\u002BSFFPVHlSjq1kjRtbPPFS/3uQmc4\u002BI3sXhm5rciukzgV53mJRYSlJ6MUdw/pUk/xUcwDVBFTS4uG\u002BOk3aFS4UVEILC8saSlZALZNPNmH0fUUsHAOs4Xk4idAH/eoagbbRCyLnNrwucv6pRogcQkgxcElzQwYs4s5BU9iHT21RTySWXUlzKxXL9Gh0h70LiMNmaPi6TKp\u002BsKNdfYlWzALxxE3ESmx/jHyjlI=",
        "cancellation_requested": false,
        "status": "inProgress",
        "status_details": "Pending certificate created. Certificate request is in progress. This may take some time based on the issuer provider. Please check again later.",
        "request_id": "6b39383cdda64c7fb1cb5203b45e770f"
      }
    },
    {
      "RequestUri": "https://keyvault_name.vault.azure.net/certificates/CRUDCertificateName-cancreatereadanddeleteacertificateissuer-/?api-version=7.5",
      "RequestMethod": "GET",
      "RequestHeaders": {
        "Accept": "application/json",
        "Accept-Encoding": "gzip,deflate",
        "Authorization": "Sanitized",
        "Connection": "keep-alive",
        "User-Agent": "azsdk-js-keyvault-certificates/4.8.0 core-rest-pipeline/1.14.1 Node/v18.19.0 OS/(x64-Linux-5.15.133.1-microsoft-standard-WSL2)",
        "x-ms-client-request-id": "aaec6d34-d2e6-4802-8641-343c95328390"
      },
      "RequestBody": null,
      "StatusCode": 200,
      "ResponseHeaders": {
        "Cache-Control": "no-cache",
        "Content-Length": "1193",
        "Content-Type": "application/json; charset=utf-8",
        "Date": "Thu, 08 Feb 2024 20:35:31 GMT",
        "Expires": "-1",
        "Pragma": "no-cache",
        "Strict-Transport-Security": "max-age=31536000;includeSubDomains",
        "X-Content-Type-Options": "nosniff",
        "x-ms-client-request-id": "aaec6d34-d2e6-4802-8641-343c95328390",
        "x-ms-keyvault-network-info": "conn_type=Ipv4;addr=131.107.1.202;act_addr_fam=InterNetwork;",
        "x-ms-keyvault-rbac-assignment-id": "9288c9d3806353ff9a0dc9dafe162848",
        "x-ms-keyvault-region": "australiaeast",
        "x-ms-keyvault-service-version": "1.9.1272.1",
        "x-ms-request-id": "f0d45593-5136-468e-a330-732fdabbf960"
      },
      "ResponseBody": {
        "id": "https://keyvault_name.vault.azure.net/certificates/CRUDCertificateName-cancreatereadanddeleteacertificateissuer-/9e7406a10eee45dcb16c6923fef88e3b",
        "attributes": {
          "enabled": false,
          "nbf": 1707423930,
          "exp": 1739046930,
          "created": 1707424531,
          "updated": 1707424531,
          "recoveryLevel": "CustomizedRecoverable\u002BPurgeable",
          "recoverableDays": 7
        },
        "policy": {
          "id": "https://keyvault_name.vault.azure.net/certificates/CRUDCertificateName-cancreatereadanddeleteacertificateissuer-/policy",
          "key_props": {
            "exportable": true,
            "kty": "RSA",
            "key_size": 2048,
            "reuse_key": false
          },
          "secret_props": {
            "contentType": "application/x-pkcs12"
          },
          "x509_props": {
            "subject": "cn=MyCert",
            "sans": {},
            "ekus": [
              "1.3.6.1.5.5.7.3.1",
              "1.3.6.1.5.5.7.3.2"
            ],
            "key_usage": [
              "digitalSignature",
              "keyEncipherment"
            ],
            "validity_months": 12,
            "basic_constraints": {
              "ca": false
            }
          },
          "lifetime_actions": [
            {
              "trigger": {
                "lifetime_percentage": 80
              },
              "action": {
                "action_type": "AutoRenew"
              }
            }
          ],
          "issuer": {
            "name": "CRUDCertificateName-cancreatereadanddeleteacertificateissuer-"
          },
          "attributes": {
            "enabled": true,
            "created": 1707424531,
            "updated": 1707424531
          }
        },
        "pending": {
          "id": "https://keyvault_name.vault.azure.net/certificates/CRUDCertificateName-cancreatereadanddeleteacertificateissuer-/pending"
        }
      }
    },
    {
      "RequestUri": "https://keyvault_name.vault.azure.net/certificates/issuers/CRUDCertificateName-cancreatereadanddeleteacertificateissuer-?api-version=7.5",
      "RequestMethod": "GET",
      "RequestHeaders": {
        "Accept": "application/json",
        "Accept-Encoding": "gzip,deflate",
        "Authorization": "Sanitized",
        "Connection": "keep-alive",
        "User-Agent": "azsdk-js-keyvault-certificates/4.8.0 core-rest-pipeline/1.14.1 Node/v18.19.0 OS/(x64-Linux-5.15.133.1-microsoft-standard-WSL2)",
        "x-ms-client-request-id": "a53898d9-4a91-4af4-bbbb-774325c3b1a0"
      },
      "RequestBody": null,
      "StatusCode": 200,
      "ResponseHeaders": {
        "Cache-Control": "no-cache",
        "Content-Length": "396",
        "Content-Type": "application/json; charset=utf-8",
        "Date": "Thu, 08 Feb 2024 20:35:31 GMT",
        "Expires": "-1",
        "Pragma": "no-cache",
        "Strict-Transport-Security": "max-age=31536000;includeSubDomains",
        "X-Content-Type-Options": "nosniff",
        "x-ms-client-request-id": "a53898d9-4a91-4af4-bbbb-774325c3b1a0",
        "x-ms-keyvault-network-info": "conn_type=Ipv4;addr=131.107.1.202;act_addr_fam=InterNetwork;",
        "x-ms-keyvault-rbac-assignment-id": "9288c9d3806353ff9a0dc9dafe162848",
        "x-ms-keyvault-region": "australiaeast",
        "x-ms-keyvault-service-version": "1.9.1272.1",
        "x-ms-request-id": "4b7e6742-1293-430c-b0ad-005e7734f86a"
      },
      "ResponseBody": {
        "id": "https://keyvault_name.vault.azure.net/certificates/issuers/CRUDCertificateName-cancreatereadanddeleteacertificateissuer-",
        "provider": "Test",
        "credentials": {
          "account_id": "keyvaultuser"
        },
        "org_details": {
          "zip": 0,
          "admin_details": [
            {
              "first_name": "John",
              "last_name": "Doe",
              "email": "admin@microsoft.com",
              "phone": "4255555555"
            }
          ]
        },
        "attributes": {
          "enabled": true,
          "created": 1707424530,
          "updated": 1707424530
        }
      }
    },
    {
      "RequestUri": "https://keyvault_name.vault.azure.net/certificates/issuers/CRUDCertificateName-cancreatereadanddeleteacertificateissuer-?api-version=7.5",
      "RequestMethod": "PATCH",
      "RequestHeaders": {
        "Accept": "application/json",
        "Accept-Encoding": "gzip,deflate",
        "Authorization": "Sanitized",
        "Connection": "keep-alive",
        "Content-Length": "171",
        "Content-Type": "application/json",
        "User-Agent": "azsdk-js-keyvault-certificates/4.8.0 core-rest-pipeline/1.14.1 Node/v18.19.0 OS/(x64-Linux-5.15.133.1-microsoft-standard-WSL2)",
        "x-ms-client-request-id": "2ad15bce-a9a0-4c84-90af-3104cef8cbdf"
      },
      "RequestBody": {
        "credentials": {
          "account_id": "keyvaultuser2"
        },
        "org_details": {
          "admin_details": [
            {
              "first_name": "John",
              "last_name": "Doe",
              "email": "admin@microsoft.com",
              "phone": "4255555555"
            }
          ]
        }
      },
      "StatusCode": 200,
      "ResponseHeaders": {
        "Cache-Control": "no-cache",
        "Content-Length": "397",
        "Content-Type": "application/json; charset=utf-8",
        "Date": "Thu, 08 Feb 2024 20:35:31 GMT",
        "Expires": "-1",
        "Pragma": "no-cache",
        "Strict-Transport-Security": "max-age=31536000;includeSubDomains",
        "X-Content-Type-Options": "nosniff",
        "x-ms-client-request-id": "2ad15bce-a9a0-4c84-90af-3104cef8cbdf",
        "x-ms-keyvault-network-info": "conn_type=Ipv4;addr=131.107.1.202;act_addr_fam=InterNetwork;",
        "x-ms-keyvault-rbac-assignment-id": "9288c9d3806353ff9a0dc9dafe162848",
        "x-ms-keyvault-region": "australiaeast",
        "x-ms-keyvault-service-version": "1.9.1272.1",
        "x-ms-request-id": "2af30526-d3e4-4e19-a0fc-e8c5b9fdf157"
      },
      "ResponseBody": {
        "id": "https://keyvault_name.vault.azure.net/certificates/issuers/CRUDCertificateName-cancreatereadanddeleteacertificateissuer-",
        "provider": "Test",
        "credentials": {
          "account_id": "keyvaultuser2"
        },
        "org_details": {
          "zip": 0,
          "admin_details": [
            {
              "first_name": "John",
              "last_name": "Doe",
              "email": "admin@microsoft.com",
              "phone": "4255555555"
            }
          ]
        },
        "attributes": {
          "enabled": true,
          "created": 1707424530,
          "updated": 1707424532
        }
      }
    },
    {
      "RequestUri": "https://keyvault_name.vault.azure.net/certificates/issuers/CRUDCertificateName-cancreatereadanddeleteacertificateissuer-?api-version=7.5",
      "RequestMethod": "GET",
      "RequestHeaders": {
        "Accept": "application/json",
        "Accept-Encoding": "gzip,deflate",
        "Authorization": "Sanitized",
        "Connection": "keep-alive",
        "User-Agent": "azsdk-js-keyvault-certificates/4.8.0 core-rest-pipeline/1.14.1 Node/v18.19.0 OS/(x64-Linux-5.15.133.1-microsoft-standard-WSL2)",
        "x-ms-client-request-id": "5beab271-0297-4bde-b837-6b0a4f244187"
      },
      "RequestBody": null,
      "StatusCode": 200,
      "ResponseHeaders": {
        "Cache-Control": "no-cache",
        "Content-Length": "397",
        "Content-Type": "application/json; charset=utf-8",
        "Date": "Thu, 08 Feb 2024 20:35:31 GMT",
        "Expires": "-1",
        "Pragma": "no-cache",
        "Strict-Transport-Security": "max-age=31536000;includeSubDomains",
        "X-Content-Type-Options": "nosniff",
        "x-ms-client-request-id": "5beab271-0297-4bde-b837-6b0a4f244187",
        "x-ms-keyvault-network-info": "conn_type=Ipv4;addr=131.107.1.202;act_addr_fam=InterNetwork;",
        "x-ms-keyvault-rbac-assignment-id": "9288c9d3806353ff9a0dc9dafe162848",
        "x-ms-keyvault-region": "australiaeast",
        "x-ms-keyvault-service-version": "1.9.1272.1",
        "x-ms-request-id": "06f6623e-598a-4fa8-8f52-9c0bd1d4ac00"
      },
      "ResponseBody": {
        "id": "https://keyvault_name.vault.azure.net/certificates/issuers/CRUDCertificateName-cancreatereadanddeleteacertificateissuer-",
        "provider": "Test",
        "credentials": {
          "account_id": "keyvaultuser2"
        },
        "org_details": {
          "zip": 0,
          "admin_details": [
            {
              "first_name": "John",
              "last_name": "Doe",
              "email": "admin@microsoft.com",
              "phone": "4255555555"
            }
          ]
        },
        "attributes": {
          "enabled": true,
          "created": 1707424530,
          "updated": 1707424532
        }
      }
    },
    {
      "RequestUri": "https://keyvault_name.vault.azure.net/certificates/issuers/CRUDCertificateName-cancreatereadanddeleteacertificateissuer-?api-version=7.5",
      "RequestMethod": "DELETE",
      "RequestHeaders": {
        "Accept": "application/json",
        "Accept-Encoding": "gzip,deflate",
        "Authorization": "Sanitized",
        "Connection": "keep-alive",
        "User-Agent": "azsdk-js-keyvault-certificates/4.8.0 core-rest-pipeline/1.14.1 Node/v18.19.0 OS/(x64-Linux-5.15.133.1-microsoft-standard-WSL2)",
        "x-ms-client-request-id": "92e245fd-f540-4e2d-8f28-ef707409e244"
      },
      "RequestBody": null,
      "StatusCode": 200,
      "ResponseHeaders": {
        "Cache-Control": "no-cache",
        "Content-Length": "397",
        "Content-Type": "application/json; charset=utf-8",
        "Date": "Thu, 08 Feb 2024 20:35:31 GMT",
        "Expires": "-1",
        "Pragma": "no-cache",
        "Strict-Transport-Security": "max-age=31536000;includeSubDomains",
        "X-Content-Type-Options": "nosniff",
        "x-ms-client-request-id": "92e245fd-f540-4e2d-8f28-ef707409e244",
        "x-ms-keyvault-network-info": "conn_type=Ipv4;addr=131.107.1.202;act_addr_fam=InterNetwork;",
        "x-ms-keyvault-rbac-assignment-id": "9288c9d3806353ff9a0dc9dafe162848",
        "x-ms-keyvault-region": "australiaeast",
        "x-ms-keyvault-service-version": "1.9.1272.1",
        "x-ms-request-id": "152c72fa-f381-435d-b257-cef0157c8935"
      },
      "ResponseBody": {
        "id": "https://keyvault_name.vault.azure.net/certificates/issuers/CRUDCertificateName-cancreatereadanddeleteacertificateissuer-",
        "provider": "Test",
        "credentials": {
          "account_id": "keyvaultuser2"
        },
        "org_details": {
          "zip": 0,
          "admin_details": [
            {
              "first_name": "John",
              "last_name": "Doe",
              "email": "admin@microsoft.com",
              "phone": "4255555555"
            }
          ]
        },
        "attributes": {
          "enabled": true,
          "created": 1707424530,
          "updated": 1707424532
        }
      }
    },
    {
      "RequestUri": "https://keyvault_name.vault.azure.net/certificates/issuers/CRUDCertificateName-cancreatereadanddeleteacertificateissuer-?api-version=7.5",
      "RequestMethod": "GET",
      "RequestHeaders": {
        "Accept": "application/json",
        "Accept-Encoding": "gzip,deflate",
        "Authorization": "Sanitized",
        "Connection": "keep-alive",
        "User-Agent": "azsdk-js-keyvault-certificates/4.8.0 core-rest-pipeline/1.14.1 Node/v18.19.0 OS/(x64-Linux-5.15.133.1-microsoft-standard-WSL2)",
        "x-ms-client-request-id": "c86b2de5-b73e-4f20-ae47-fc2f692f0f1e"
      },
      "RequestBody": null,
      "StatusCode": 404,
      "ResponseHeaders": {
        "Cache-Control": "no-cache",
        "Content-Length": "75",
        "Content-Type": "application/json; charset=utf-8",
        "Date": "Thu, 08 Feb 2024 20:35:32 GMT",
        "Expires": "-1",
        "Pragma": "no-cache",
        "Strict-Transport-Security": "max-age=31536000;includeSubDomains",
        "X-Content-Type-Options": "nosniff",
        "x-ms-client-request-id": "c86b2de5-b73e-4f20-ae47-fc2f692f0f1e",
        "x-ms-keyvault-network-info": "conn_type=Ipv4;addr=131.107.1.202;act_addr_fam=InterNetwork;",
        "x-ms-keyvault-rbac-assignment-id": "9288c9d3806353ff9a0dc9dafe162848",
        "x-ms-keyvault-region": "australiaeast",
        "x-ms-keyvault-service-version": "1.9.1272.1",
        "x-ms-request-id": "1e06f834-dfae-47a5-a1cd-fa86f55e07fe"
      },
      "ResponseBody": {
        "error": {
          "code": "CertificateIssuerNotFound",
          "message": "Issuer not found"
        }
      }
    }
  ],
  "Variables": {}
}
