{
  "Entries": [
    {
      "RequestUri": "https://Sanitized.vault.azure.net/certificates/contacts?api-version=7.5",
      "RequestMethod": "PUT",
      "RequestHeaders": {
        "Accept": "application/json",
        "Accept-Encoding": "gzip,deflate",
        "Connection": "keep-alive",
        "Content-Length": "0",
        "Content-Type": "application/json",
        "User-Agent": "azsdk-js-keyvault-certificates/4.8.1 core-rest-pipeline/1.16.1 Node/20.12.2 OS/(x64-Linux-5.15.146.1-microsoft-standard-WSL2)",
        "x-ms-client-request-id": "Sanitized"
      },
      "RequestBody": null,
      "StatusCode": 401,
      "ResponseHeaders": {
        "Cache-Control": "no-cache",
        "Content-Length": "97",
        "Content-Type": "application/json; charset=utf-8",
        "Date": "Fri, 07 Jun 2024 16:34:57 GMT",
        "Expires": "-1",
        "Pragma": "no-cache",
        "Strict-Transport-Security": "max-age=31536000;includeSubDomains",
        "WWW-Authenticate": "Bearer authorization=\"https://login.microsoftonline.com/72f988bf-86f1-41af-91ab-2d7cd011db47\", resource=\"https://vault.azure.net\"",
        "X-Content-Type-Options": "nosniff",
        "x-ms-client-request-id": "Sanitized",
        "x-ms-keyvault-network-info": "conn_type=Ipv4;addr=131.107.1.185;act_addr_fam=InterNetwork;",
        "x-ms-keyvault-region": "westus",
        "x-ms-keyvault-service-version": "1.9.1504.1",
        "x-ms-request-id": "Sanitized"
      },
      "ResponseBody": {
        "error": {
          "code": "Unauthorized",
          "message": "AKV10000: Request is missing a Bearer or PoP token."
        }
      }
    },
    {
      "RequestUri": "https://Sanitized.vault.azure.net/certificates/contacts?api-version=7.5",
      "RequestMethod": "PUT",
      "RequestHeaders": {
        "Accept": "application/json",
        "Accept-Encoding": "gzip,deflate",
        "Authorization": "Sanitized",
        "Connection": "keep-alive",
        "Content-Length": "122",
        "Content-Type": "application/json",
        "User-Agent": "azsdk-js-keyvault-certificates/4.8.1 core-rest-pipeline/1.16.1 Node/20.12.2 OS/(x64-Linux-5.15.146.1-microsoft-standard-WSL2)",
        "x-ms-client-request-id": "Sanitized"
      },
      "RequestBody": {
        "contacts": [
          {
            "email": "a@a.com",
            "name": "a",
            "phone": "111111111111"
          },
          {
            "email": "b@b.com",
            "name": "b",
            "phone": "222222222222"
          }
        ]
      },
      "StatusCode": 200,
      "ResponseHeaders": {
        "Cache-Control": "no-cache",
        "Content-Length": "189",
        "Content-Type": "application/json; charset=utf-8",
        "Date": "Fri, 07 Jun 2024 16:34:59 GMT",
        "Expires": "-1",
        "Pragma": "no-cache",
        "Strict-Transport-Security": "max-age=31536000;includeSubDomains",
        "X-Content-Type-Options": "nosniff",
        "x-ms-client-request-id": "Sanitized",
        "x-ms-keyvault-network-info": "conn_type=Ipv4;addr=131.107.1.185;act_addr_fam=InterNetwork;",
        "x-ms-keyvault-rbac-assignment-id": "effcde4ed8cf56e2a589b88abe5107bc",
        "x-ms-keyvault-region": "westus",
        "x-ms-keyvault-service-version": "1.9.1504.1",
        "x-ms-request-id": "Sanitized"
      },
      "ResponseBody": {
        "id": "https://keyvault_name.vault.azure.net/certificates/contacts",
        "contacts": [
          {
            "email": "a@a.com",
            "name": "a",
            "phone": "111111111111"
          },
          {
            "email": "b@b.com",
            "name": "b",
            "phone": "222222222222"
          }
        ]
      }
    },
    {
      "RequestUri": "https://Sanitized.vault.azure.net/certificates/contacts?api-version=7.5",
      "RequestMethod": "GET",
      "RequestHeaders": {
        "Accept": "application/json",
        "Accept-Encoding": "gzip,deflate",
        "Authorization": "Sanitized",
        "Connection": "keep-alive",
        "User-Agent": "azsdk-js-keyvault-certificates/4.8.1 core-rest-pipeline/1.16.1 Node/20.12.2 OS/(x64-Linux-5.15.146.1-microsoft-standard-WSL2)",
        "x-ms-client-request-id": "Sanitized"
      },
      "RequestBody": null,
      "StatusCode": 200,
      "ResponseHeaders": {
        "Cache-Control": "no-cache",
        "Content-Length": "189",
        "Content-Type": "application/json; charset=utf-8",
        "Date": "Fri, 07 Jun 2024 16:35:01 GMT",
        "Expires": "-1",
        "Pragma": "no-cache",
        "Strict-Transport-Security": "max-age=31536000;includeSubDomains",
        "X-Content-Type-Options": "nosniff",
        "x-ms-client-request-id": "Sanitized",
        "x-ms-keyvault-network-info": "conn_type=Ipv4;addr=131.107.1.185;act_addr_fam=InterNetwork;",
        "x-ms-keyvault-rbac-assignment-id": "effcde4ed8cf56e2a589b88abe5107bc",
        "x-ms-keyvault-region": "westus",
        "x-ms-keyvault-service-version": "1.9.1504.1",
        "x-ms-request-id": "Sanitized"
      },
      "ResponseBody": {
        "id": "https://keyvault_name.vault.azure.net/certificates/contacts",
        "contacts": [
          {
            "email": "a@a.com",
            "name": "a",
            "phone": "111111111111"
          },
          {
            "email": "b@b.com",
            "name": "b",
            "phone": "222222222222"
          }
        ]
      }
    },
    {
      "RequestUri": "https://Sanitized.vault.azure.net/certificates/contacts?api-version=7.5",
      "RequestMethod": "DELETE",
      "RequestHeaders": {
        "Accept": "application/json",
        "Accept-Encoding": "gzip,deflate",
        "Authorization": "Sanitized",
        "Connection": "keep-alive",
        "User-Agent": "azsdk-js-keyvault-certificates/4.8.1 core-rest-pipeline/1.16.1 Node/20.12.2 OS/(x64-Linux-5.15.146.1-microsoft-standard-WSL2)",
        "x-ms-client-request-id": "Sanitized"
      },
      "RequestBody": null,
      "StatusCode": 200,
      "ResponseHeaders": {
        "Cache-Control": "no-cache",
        "Content-Length": "189",
        "Content-Type": "application/json; charset=utf-8",
        "Date": "Fri, 07 Jun 2024 16:35:01 GMT",
        "Expires": "-1",
        "Pragma": "no-cache",
        "Strict-Transport-Security": "max-age=31536000;includeSubDomains",
        "X-Content-Type-Options": "nosniff",
        "x-ms-client-request-id": "Sanitized",
        "x-ms-keyvault-network-info": "conn_type=Ipv4;addr=131.107.1.185;act_addr_fam=InterNetwork;",
        "x-ms-keyvault-rbac-assignment-id": "effcde4ed8cf56e2a589b88abe5107bc",
        "x-ms-keyvault-region": "westus",
        "x-ms-keyvault-service-version": "1.9.1504.1",
        "x-ms-request-id": "Sanitized"
      },
      "ResponseBody": {
        "id": "https://keyvault_name.vault.azure.net/certificates/contacts",
        "contacts": [
          {
            "email": "a@a.com",
            "name": "a",
            "phone": "111111111111"
          },
          {
            "email": "b@b.com",
            "name": "b",
            "phone": "222222222222"
          }
        ]
      }
    },
    {
      "RequestUri": "https://Sanitized.vault.azure.net/certificates/contacts?api-version=7.5",
      "RequestMethod": "GET",
      "RequestHeaders": {
        "Accept": "application/json",
        "Accept-Encoding": "gzip,deflate",
        "Authorization": "Sanitized",
        "Connection": "keep-alive",
        "User-Agent": "azsdk-js-keyvault-certificates/4.8.1 core-rest-pipeline/1.16.1 Node/20.12.2 OS/(x64-Linux-5.15.146.1-microsoft-standard-WSL2)",
        "x-ms-client-request-id": "Sanitized"
      },
      "RequestBody": null,
      "StatusCode": 404,
      "ResponseHeaders": {
        "Cache-Control": "no-cache",
        "Content-Length": "68",
        "Content-Type": "application/json; charset=utf-8",
        "Date": "Fri, 07 Jun 2024 16:35:01 GMT",
        "Expires": "-1",
        "Pragma": "no-cache",
        "Strict-Transport-Security": "max-age=31536000;includeSubDomains",
        "X-Content-Type-Options": "nosniff",
        "x-ms-client-request-id": "Sanitized",
        "x-ms-keyvault-network-info": "conn_type=Ipv4;addr=131.107.1.185;act_addr_fam=InterNetwork;",
        "x-ms-keyvault-rbac-assignment-id": "effcde4ed8cf56e2a589b88abe5107bc",
        "x-ms-keyvault-region": "westus",
        "x-ms-keyvault-service-version": "1.9.1504.1",
        "x-ms-request-id": "Sanitized"
      },
      "ResponseBody": {
        "error": {
          "code": "ContactsNotFound",
          "message": "Contacts not found"
        }
      }
    }
  ],
  "Variables": {}
}
