{
  "Entries": [
    {
      "RequestUri": "https://jalauzonnettest.blob.core.windows.net/test-container-ec173047-d4d2-bd16-5a3b-86528b6fef8d?restype=container",
      "RequestMethod": "PUT",
      "RequestHeaders": {
        "Accept": "application/xml",
        "Authorization": "Sanitized",
        "Content-Length": "0",
        "traceparent": "00-56163af24a9889d5980c6f5ff2f92c79-4c128375481757ee-00",
        "User-Agent": "azsdk-net-Storage.Blobs/12.24.0-alpha.20250129.1 (.NET 8.0.12; Microsoft Windows 10.0.22631)",
        "x-ms-client-request-id": "Sanitized",
        "x-ms-date": "Thu, 30 Jan 2025 01:24:50 GMT",
        "x-ms-return-client-request-id": "true",
        "x-ms-version": "2025-05-05"
      },
      "RequestBody": null,
      "StatusCode": 201,
      "ResponseHeaders": {
        "Content-Length": "0",
        "Date": "Thu, 30 Jan 2025 01:24:49 GMT",
        "ETag": "\"0x8DD40CCE436F8CB\"",
        "Last-Modified": "Thu, 30 Jan 2025 01:24:50 GMT",
        "Server": [
          "Windows-Azure-Blob/1.0",
          "Microsoft-HTTPAPI/2.0"
        ],
        "x-ms-client-request-id": "Sanitized",
        "x-ms-request-id": "d20904eb-f01e-0020-55b5-72a165000000",
        "x-ms-version": "2025-05-05"
      },
      "ResponseBody": null
    },
    {
      "RequestUri": "https://jalauzonnettest.blob.core.windows.net/test-container-e09a5ff8-9eee-9469-c9bf-f17df3d89838?restype=container",
      "RequestMethod": "PUT",
      "RequestHeaders": {
        "Accept": "application/xml",
        "Authorization": "Sanitized",
        "Content-Length": "0",
        "traceparent": "00-51a5e156d06f4f78e9e610978d70dfd7-4909b29a572171b4-00",
        "User-Agent": "azsdk-net-Storage.Blobs/12.24.0-alpha.20250129.1 (.NET 8.0.12; Microsoft Windows 10.0.22631)",
        "x-ms-client-request-id": "Sanitized",
        "x-ms-date": "Thu, 30 Jan 2025 01:24:50 GMT",
        "x-ms-return-client-request-id": "true",
        "x-ms-version": "2025-05-05"
      },
      "RequestBody": null,
      "StatusCode": 201,
      "ResponseHeaders": {
        "Content-Length": "0",
        "Date": "Thu, 30 Jan 2025 01:24:49 GMT",
        "ETag": "\"0x8DD40CCE4402496\"",
        "Last-Modified": "Thu, 30 Jan 2025 01:24:50 GMT",
        "Server": [
          "Windows-Azure-Blob/1.0",
          "Microsoft-HTTPAPI/2.0"
        ],
        "x-ms-client-request-id": "Sanitized",
        "x-ms-request-id": "d20904f4-f01e-0020-5cb5-72a165000000",
        "x-ms-version": "2025-05-05"
      },
      "ResponseBody": null
    },
    {
      "RequestUri": "https://jalauzonnettest.blob.core.windows.net/test-container-ec173047-d4d2-bd16-5a3b-86528b6fef8d/test-blob-0fbe2115-e012-bb43-9193-f90b2e413ca9",
      "RequestMethod": "PUT",
      "RequestHeaders": {
        "Accept": "application/xml",
        "Authorization": "Sanitized",
        "Content-Length": "0",
        "If-None-Match": "*",
        "traceparent": "00-d02336f947f05e2b71bf8ee1100b1822-682c6dc50f234b53-00",
        "User-Agent": "azsdk-net-Storage.Blobs/12.24.0-alpha.20250129.1 (.NET 8.0.12; Microsoft Windows 10.0.22631)",
        "x-ms-blob-cache-control": "no-cache",
        "x-ms-blob-content-disposition": "inline",
        "x-ms-blob-content-language": "en-US",
        "x-ms-blob-content-length": "1024",
        "x-ms-blob-content-type": "text/plain",
        "x-ms-blob-type": "PageBlob",
        "x-ms-client-request-id": "Sanitized",
        "x-ms-date": "Thu, 30 Jan 2025 01:24:50 GMT",
        "x-ms-meta-Capital": "letter",
        "x-ms-meta-foo": "bar",
        "x-ms-meta-meta": "data",
        "x-ms-meta-UPPER": "case",
        "x-ms-return-client-request-id": "true",
        "x-ms-version": "2025-05-05"
      },
      "RequestBody": null,
      "StatusCode": 201,
      "ResponseHeaders": {
        "Content-Length": "0",
        "Date": "Thu, 30 Jan 2025 01:24:49 GMT",
        "ETag": "\"0x8DD40CCE44936A0\"",
        "Last-Modified": "Thu, 30 Jan 2025 01:24:50 GMT",
        "Server": [
          "Windows-Azure-Blob/1.0",
          "Microsoft-HTTPAPI/2.0"
        ],
        "x-ms-client-request-id": "Sanitized",
        "x-ms-request-id": "d20904f8-f01e-0020-5fb5-72a165000000",
        "x-ms-request-server-encrypted": "true",
        "x-ms-version": "2025-05-05",
        "x-ms-version-id": "2025-01-30T01:24:50.3987872Z"
      },
      "ResponseBody": null
    },
    {
      "RequestUri": "https://jalauzonnettest.blob.core.windows.net/test-container-ec173047-d4d2-bd16-5a3b-86528b6fef8d/test-blob-0fbe2115-e012-bb43-9193-f90b2e413ca9?comp=page",
      "RequestMethod": "PUT",
      "RequestHeaders": {
        "Accept": "application/xml",
        "Authorization": "Sanitized",
        "Content-Length": "1024",
        "Content-Type": "application/octet-stream",
        "traceparent": "00-46ea24a49f783fd279a25d68a064ce3b-802f600cb1f6577a-00",
        "User-Agent": "azsdk-net-Storage.Blobs/12.24.0-alpha.20250129.1 (.NET 8.0.12; Microsoft Windows 10.0.22631)",
        "x-ms-client-request-id": "Sanitized",
        "x-ms-date": "Thu, 30 Jan 2025 01:24:50 GMT",
        "x-ms-page-write": "update",
        "x-ms-range": "bytes=0-1023",
        "x-ms-return-client-request-id": "true",
        "x-ms-version": "2025-05-05"
      },
      "RequestBody": "4JJdnWtUX0x6pTyKvTHvPD8eiQxdbCp6LQswCGmSDi9Dlh/tpVH4Y6FWL6wCrDmxfrGxA9O24XRn4nBfI1bi6JYMRiYRApftJiVqBz1+eIDRf4q44QpcjbWrhsLhmD9Kc0YV9WYSoHwaw9ytS9k36GrvjaTMKgaMr7lxZnvUDI3mIJT2aYIavt8Nnh0tr0Hbc51Y8QqbfUg/iUasoTkARbZPxytFQX/n1c7EvozpXgB4lfLdexuCSqJMtt88bh2lDVhm3ugVlTIecBw71r67VitFNAtGIsmbzHyJ+Yqfq2exHrEzgn8XYv/Avwr+RnPjkF+09jkRX+qPyhJrjJynfsW0irgNh9SrLtELhmK+nYUJpmkr6rQtn7/GpLdtrNZjGUFFSby71giKCchnBtmI0C2MYuYze5MQh+r4RuMdPoL7qGwheVPJTdBgoOHsxZnmPtSJ4EnwMJ2uNMLRw48lbcpGbF1sZ1fawxUW0tuxJMJREggPk144C3fPc0SQ94pAOzMXplg7edd8rhw02l7C/BAAgLCGFdlrDWHmnPQSSsyK1Zanmn1pFZgxkuVCBDAZDXY0kHfZuiVZq5n3Vd3iamRPqQXHGmGTl2oXVIP0KQgwzI593rlVsBpwTu/jcb+7TieB8lorUfMUofkMwmWiZYGQx4lOZYyq+vnqV8tyryWqXAVbczatBHqbaD3ASO61zuhtUqo2bemb1vhhQfonovHTYWVfRvJK48IOsvxP6rEKNYjjBFx7c+8cwJw+S8OAdMZL7OaIVYj2Im/nKLrtTOxGVwtyRJ2VWO12Q4VVDJf/jj42A/3KgeD/7OLslEs0L3Sv+PS3Di8otpT5EhECoBbY55p8tkjve9Urcle7qMOiQhQRpRSiSIAODU1o0W/O/UzLE62wuHgrwHwfi5vYbQ3RVs/98foCNp4aban7hqllXXUL75QW8Ymb5uWXgr3kNp8/l3uf0AxRyd0OlkrOLzrTuS4mzX54umRGYQoVa7PhNjcJu+8uxoxouSW3CFs+zLarw8iPvWghxtwWWW8BPF4qLWATxXRKpPOhvRRYwbIJB5RUaqfqUXjO6PQSGGwdZ3zHjNr7KwdCYB/V7f9UyAUqDFLarNK3P9vnRdx/OIyHhFWXkTTXDtuNEgmIFWR4eR/v5wsaQrupD03/E+YrwieSTWmpvTbQU/12TZrILyp3bsu8kFCAbUGa7YHn1/v1YU/h9cf6z7zpH5QOo/Ug4OAiiKQbbjLWEuAoDs+16HsCgetK5jlifJ8O03G8cslLegyhxE9W2vMdC+Lm0sDtNDYZCyIK1fqmwAsFDJvBGqAX3JTCFCQrq6b3LNtXfKneIZ86o2amQaQS+gRDUM1YXA==",
      "StatusCode": 201,
      "ResponseHeaders": {
        "Content-Length": "0",
        "Date": "Thu, 30 Jan 2025 01:24:49 GMT",
        "ETag": "\"0x8DD40CCE44FEC5F\"",
        "Last-Modified": "Thu, 30 Jan 2025 01:24:50 GMT",
        "Server": [
          "Windows-Azure-Blob/1.0",
          "Microsoft-HTTPAPI/2.0"
        ],
        "x-ms-blob-sequence-number": "0",
        "x-ms-client-request-id": "Sanitized",
        "x-ms-content-crc64": "sCnSZFEOaHk=",
        "x-ms-request-id": "d20904f9-f01e-0020-60b5-72a165000000",
        "x-ms-request-server-encrypted": "true",
        "x-ms-version": "2025-05-05"
      },
      "ResponseBody": null
    },
    {
      "RequestUri": "https://jalauzonnettest.blob.core.windows.net/test-container-ec173047-d4d2-bd16-5a3b-86528b6fef8d/test-blob-0fbe2115-e012-bb43-9193-f90b2e413ca9?sv=Sanitized&se=2025-01-31T01%3A24%3A50Z&sr=b&sp=racwdxyltmei&sig=Sanitized",
      "RequestMethod": "HEAD",
      "RequestHeaders": {
        "Accept": "application/xml",
        "traceparent": "00-f8f93d415e363c97ce96c7a2ab6c5340-e4905780e6d302db-00",
        "User-Agent": "azsdk-net-Storage.Blobs/12.24.0-alpha.20250129.1 (.NET 8.0.12; Microsoft Windows 10.0.22631)",
        "x-ms-client-request-id": "Sanitized",
        "x-ms-return-client-request-id": "true",
        "x-ms-version": "2025-05-05"
      },
      "RequestBody": null,
      "StatusCode": 200,
      "ResponseHeaders": {
        "Accept-Ranges": "bytes",
        "Cache-Control": "no-cache",
        "Content-Disposition": "inline",
        "Content-Language": "en-US",
        "Content-Length": "1024",
        "Content-Type": "text/plain",
        "Date": "Thu, 30 Jan 2025 01:24:49 GMT",
        "ETag": "\"0x8DD40CCE44FEC5F\"",
        "Last-Modified": "Thu, 30 Jan 2025 01:24:50 GMT",
        "Server": [
          "Windows-Azure-Blob/1.0",
          "Microsoft-HTTPAPI/2.0"
        ],
        "x-ms-blob-sequence-number": "0",
        "x-ms-blob-type": "PageBlob",
        "x-ms-client-request-id": "Sanitized",
        "x-ms-creation-time": "Thu, 30 Jan 2025 01:24:50 GMT",
        "x-ms-is-current-version": "true",
        "x-ms-lease-state": "available",
        "x-ms-lease-status": "unlocked",
        "x-ms-meta-Capital": "letter",
        "x-ms-meta-foo": "bar",
        "x-ms-meta-meta": "data",
        "x-ms-meta-UPPER": "case",
        "x-ms-request-id": "d20904fc-f01e-0020-63b5-72a165000000",
        "x-ms-server-encrypted": "true",
        "x-ms-version": "2025-05-05",
        "x-ms-version-id": "2025-01-30T01:24:50.3987872Z"
      },
      "ResponseBody": null
    },
    {
      "RequestUri": "https://jalauzonnettest.blob.core.windows.net/test-container-e09a5ff8-9eee-9469-c9bf-f17df3d89838/test-blob-d872a204-3b32-ae96-74f3-7c5ec134456c?sv=Sanitized&se=2025-01-31T01%3A24%3A50Z&sr=b&sp=racwdxyltmei&sig=Sanitized",
      "RequestMethod": "PUT",
      "RequestHeaders": {
        "Accept": "application/xml",
        "Content-Length": "0",
        "If-None-Match": "*",
        "traceparent": "00-b116209c3034a489f43ca532a4df6ae9-4c0edfa7c7b53907-00",
        "User-Agent": "azsdk-net-Storage.Blobs/12.24.0-alpha.20250129.1 (.NET 8.0.12; Microsoft Windows 10.0.22631)",
        "x-ms-blob-type": "BlockBlob",
        "x-ms-client-request-id": "Sanitized",
        "x-ms-copy-source": "https://jalauzonnettest.blob.core.windows.net/test-container-ec173047-d4d2-bd16-5a3b-86528b6fef8d/test-blob-0fbe2115-e012-bb43-9193-f90b2e413ca9?sv=sanitized-value&se=2025-01-31T01%3A24%3A50Z&sr=b&sp=racwdxyltmei&sig=Sanitized",
        "x-ms-return-client-request-id": "true",
        "x-ms-version": "2025-05-05"
      },
      "RequestBody": null,
      "StatusCode": 201,
      "ResponseHeaders": {
        "Content-Length": "0",
        "Date": "Thu, 30 Jan 2025 01:24:50 GMT",
        "ETag": "\"0x8DD40CCE4601697\"",
        "Last-Modified": "Thu, 30 Jan 2025 01:24:50 GMT",
        "Server": [
          "Windows-Azure-Blob/1.0",
          "Microsoft-HTTPAPI/2.0"
        ],
        "x-ms-client-request-id": "Sanitized",
        "x-ms-content-crc64": "sCnSZFEOaHk=",
        "x-ms-request-id": "d20904fe-f01e-0020-65b5-72a165000000",
        "x-ms-request-server-encrypted": "true",
        "x-ms-version": "2025-05-05",
        "x-ms-version-id": "2025-01-30T01:24:50.5486999Z"
      },
      "ResponseBody": null
    },
    {
      "RequestUri": "https://jalauzonnettest.blob.core.windows.net/test-container-ec173047-d4d2-bd16-5a3b-86528b6fef8d/test-blob-0fbe2115-e012-bb43-9193-f90b2e413ca9?sv=Sanitized&se=2025-01-31T01%3A24%3A50Z&sr=b&sp=racwdxyltmei&sig=Sanitized",
      "RequestMethod": "HEAD",
      "RequestHeaders": {
        "Accept": "application/xml",
        "traceparent": "00-edf1079f38a6164076112d09855d1826-2f6423574d42f140-00",
        "User-Agent": "azsdk-net-Storage.Blobs/12.24.0-alpha.20250129.1 (.NET 8.0.12; Microsoft Windows 10.0.22631)",
        "x-ms-client-request-id": "Sanitized",
        "x-ms-return-client-request-id": "true",
        "x-ms-version": "2025-05-05"
      },
      "RequestBody": null,
      "StatusCode": 200,
      "ResponseHeaders": {
        "Accept-Ranges": "bytes",
        "Cache-Control": "no-cache",
        "Content-Disposition": "inline",
        "Content-Language": "en-US",
        "Content-Length": "1024",
        "Content-Type": "text/plain",
        "Date": "Thu, 30 Jan 2025 01:24:50 GMT",
        "ETag": "\"0x8DD40CCE44FEC5F\"",
        "Last-Modified": "Thu, 30 Jan 2025 01:24:50 GMT",
        "Server": [
          "Windows-Azure-Blob/1.0",
          "Microsoft-HTTPAPI/2.0"
        ],
        "x-ms-blob-sequence-number": "0",
        "x-ms-blob-type": "PageBlob",
        "x-ms-client-request-id": "Sanitized",
        "x-ms-creation-time": "Thu, 30 Jan 2025 01:24:50 GMT",
        "x-ms-is-current-version": "true",
        "x-ms-lease-state": "available",
        "x-ms-lease-status": "unlocked",
        "x-ms-meta-Capital": "letter",
        "x-ms-meta-foo": "bar",
        "x-ms-meta-meta": "data",
        "x-ms-meta-UPPER": "case",
        "x-ms-request-id": "d2090508-f01e-0020-6db5-72a165000000",
        "x-ms-server-encrypted": "true",
        "x-ms-version": "2025-05-05",
        "x-ms-version-id": "2025-01-30T01:24:50.3987872Z"
      },
      "ResponseBody": null
    },
    {
      "RequestUri": "https://jalauzonnettest.blob.core.windows.net/test-container-e09a5ff8-9eee-9469-c9bf-f17df3d89838/test-blob-d872a204-3b32-ae96-74f3-7c5ec134456c?sv=Sanitized&se=2025-01-31T01%3A24%3A50Z&sr=b&sp=racwdxyltmei&sig=Sanitized",
      "RequestMethod": "HEAD",
      "RequestHeaders": {
        "Accept": "application/xml",
        "traceparent": "00-a69277bd82f1797bc119629d18b51e7c-b07d2e9c3c47bb5f-00",
        "User-Agent": "azsdk-net-Storage.Blobs/12.24.0-alpha.20250129.1 (.NET 8.0.12; Microsoft Windows 10.0.22631)",
        "x-ms-client-request-id": "Sanitized",
        "x-ms-return-client-request-id": "true",
        "x-ms-version": "2025-05-05"
      },
      "RequestBody": null,
      "StatusCode": 200,
      "ResponseHeaders": {
        "Accept-Ranges": "bytes",
        "Cache-Control": "no-cache",
        "Content-Disposition": "inline",
        "Content-Language": "en-US",
        "Content-Length": "1024",
        "Content-MD5": "iivbiB6ZWh2V2B1mX6zHww==",
        "Content-Type": "text/plain",
        "Date": "Thu, 30 Jan 2025 01:24:50 GMT",
        "ETag": "\"0x8DD40CCE4601697\"",
        "Last-Modified": "Thu, 30 Jan 2025 01:24:50 GMT",
        "Server": [
          "Windows-Azure-Blob/1.0",
          "Microsoft-HTTPAPI/2.0"
        ],
        "x-ms-access-tier": "Hot",
        "x-ms-access-tier-inferred": "true",
        "x-ms-blob-type": "BlockBlob",
        "x-ms-client-request-id": "Sanitized",
        "x-ms-creation-time": "Thu, 30 Jan 2025 01:24:50 GMT",
        "x-ms-is-current-version": "true",
        "x-ms-last-access-time": "Thu, 30 Jan 2025 01:24:50 GMT",
        "x-ms-lease-state": "available",
        "x-ms-lease-status": "unlocked",
        "x-ms-meta-Capital": "letter",
        "x-ms-meta-foo": "bar",
        "x-ms-meta-meta": "data",
        "x-ms-meta-UPPER": "case",
        "x-ms-request-id": "d2090509-f01e-0020-6eb5-72a165000000",
        "x-ms-server-encrypted": "true",
        "x-ms-version": "2025-05-05",
        "x-ms-version-id": "2025-01-30T01:24:50.5486999Z"
      },
      "ResponseBody": null
    },
    {
      "RequestUri": "https://jalauzonnettest.blob.core.windows.net/test-container-ec173047-d4d2-bd16-5a3b-86528b6fef8d/test-blob-0fbe2115-e012-bb43-9193-f90b2e413ca9?sv=Sanitized&se=2025-01-31T01%3A24%3A50Z&sr=b&sp=racwdxyltmei&sig=Sanitized",
      "RequestMethod": "GET",
      "RequestHeaders": {
        "Accept": "application/xml",
        "If-Match": "\"0x8DD40CCE44FEC5F\"",
        "User-Agent": "azsdk-net-Storage.Blobs/12.24.0-alpha.20250129.1 (.NET 8.0.12; Microsoft Windows 10.0.22631)",
        "x-ms-client-request-id": "Sanitized",
        "x-ms-range": "bytes=0-4194303",
        "x-ms-return-client-request-id": "true",
        "x-ms-version": "2025-05-05"
      },
      "RequestBody": null,
      "StatusCode": 206,
      "ResponseHeaders": {
        "Accept-Ranges": "bytes",
        "Cache-Control": "no-cache",
        "Content-Disposition": "inline",
        "Content-Language": "en-US",
        "Content-Length": "1842",
        "Content-Range": "bytes 0-1023/1024",
        "Content-Type": "text/plain",
        "Date": "Thu, 30 Jan 2025 01:24:50 GMT",
        "ETag": "\"0x8DD40CCE44FEC5F\"",
        "Last-Modified": "Thu, 30 Jan 2025 01:24:50 GMT",
        "Server": [
          "Windows-Azure-Blob/1.0",
          "Microsoft-HTTPAPI/2.0"
        ],
        "x-ms-blob-sequence-number": "0",
        "x-ms-blob-type": "PageBlob",
        "x-ms-client-request-id": "Sanitized",
        "x-ms-creation-time": "Thu, 30 Jan 2025 01:24:50 GMT",
        "x-ms-is-current-version": "true",
        "x-ms-lease-state": "available",
        "x-ms-lease-status": "unlocked",
        "x-ms-meta-Capital": "letter",
        "x-ms-meta-foo": "bar",
        "x-ms-meta-meta": "data",
        "x-ms-meta-UPPER": "case",
        "x-ms-request-id": "d209050c-f01e-0020-71b5-72a165000000",
        "x-ms-server-encrypted": "true",
        "x-ms-version": "2025-05-05",
        "x-ms-version-id": "2025-01-30T01:24:50.3987872Z"
      },
      "ResponseBody": [
        "��]�kT_Lz�<��1�<?\u001E�\f]l*z-\u000B0\bi�\u000E/C�\u001F��Q�c�V/�\u0002�9�~��\u0003Ӷ�tg�p_#V��\fF&\u0011\u0002��&%j\u0007=~x��\u007F���\n",
        "\\������?JsF\u0015�f\u0012�|\u001A�ܭK�7�j\uF364�*\u0006���qf{�\f�� ��i�\u001A��\r",
        "�\u001D-�A�s�X�\n",
        "�}H?�F��9\u0000E�O�+EA\u007F���ľ��^\u0000x���{\u001B�J�L��<n\u001D�\r",
        "Xf��\u0015�2\u001Ep\u001C;־�V+E4\u000BF\"ɛ�|�����g�\u001E�3�\u007F\u0017b���\n",
        "�Fs�_��9\u0011_��\u0012k���~Ŵ��\r",
        "�ԫ.�\u000B�b���\t�i+�-��Ƥ�m��c\u0019AEI���\b�\t�g\u0006و�-�b�3{�\u0010���F�\u001D>���l!yS�M�`���ř�>ԉ�I�0��4��Ï%m�Fl]lgW��\u0015\u0016�۱$�Q\u0012\b\u000F�^8\u000Bw�sD���@;3\u0017�X;y�|�\u001C4�^��\u0010\u0000���\u0015�k\r",
        "a��\u0012J̊Ֆ��}i\u0015�1��B\u00040\u0019\r",
        "v4�wٺ%Y���U��jdO�\u0005�\u001Aa��j\u0017T��)\b0̎}\u07B9U�\u001ApN��q��N'��Z+Q�\u0014��\f�e�e��ǉNe�����W�r�%�\\\u0005[s6�\u0004z�h=�H���mR�6m���aA�'���ae_F�J��\u000E��O�\n",
        "5��\u0004\\{s�\u001C��>KÀt�K��U��\"o�(��L�FW\u000BrD��X�vC�U\f���>6\u0003�ʁ�����K4/t����\u000E/(���\u0012\u0011\u0002�\u0016��|�H�{�+rW��âB\u0014\u0011�\u0014�H�\u000E\r",
        "Mh�o��L�\u0013���x+�|\u001F���m\r",
        "�V����\u00026�\u001Am����e]u\u000B�\u0016��嗂��6�?�{��\fQ��\u000E�J�/:ӹ.&�~x�dFa\n",
        "\u0015k��67\t��.ƌh�%�\b[>̶��ȏ�h!��\u0016Yo\u0001<^*-`\u0013�tJ��\u0014X��\t\u0007�Tj��Qx���\u0012\u0018l\u001Dg|ǌ��+\u0007B`\u001F���T�\u0005*\fRڬҷ?��E�\u007F8���U��4�\u000Eۍ\u0012\t�\u0015dxy\u001F��\u000B\u001AB��\u000FM�\u0013�+�'�Mi��6�S�vM��/*wn˼�P�mA������aO����ϼ�\u001F�\u000E�� ��\"��\u001Bn2�\u0012�(\u000Eϵ�{\u0002��J�9b|�\u000E�q�r�Kz\f��OV��\u001D\u000B�����46\u0019\u000B\"\n",
        "����\u000B\u0005\f��\u001A�\u0017ܔ�\u0014$+���,�W|��!�:�f�A�\u0012�\u0004CP�X\\"
      ]
    },
    {
      "RequestUri": "https://jalauzonnettest.blob.core.windows.net/test-container-e09a5ff8-9eee-9469-c9bf-f17df3d89838/test-blob-d872a204-3b32-ae96-74f3-7c5ec134456c?sv=Sanitized&se=2025-01-31T01%3A24%3A50Z&sr=b&sp=racwdxyltmei&sig=Sanitized",
      "RequestMethod": "GET",
      "RequestHeaders": {
        "Accept": "application/xml",
        "If-Match": "\"0x8DD40CCE4601697\"",
        "User-Agent": "azsdk-net-Storage.Blobs/12.24.0-alpha.20250129.1 (.NET 8.0.12; Microsoft Windows 10.0.22631)",
        "x-ms-client-request-id": "Sanitized",
        "x-ms-range": "bytes=0-4194303",
        "x-ms-return-client-request-id": "true",
        "x-ms-version": "2025-05-05"
      },
      "RequestBody": null,
      "StatusCode": 206,
      "ResponseHeaders": {
        "Accept-Ranges": "bytes",
        "Cache-Control": "no-cache",
        "Content-Disposition": "inline",
        "Content-Language": "en-US",
        "Content-Length": "1842",
        "Content-Range": "bytes 0-1023/1024",
        "Content-Type": "text/plain",
        "Date": "Thu, 30 Jan 2025 01:24:50 GMT",
        "ETag": "\"0x8DD40CCE4601697\"",
        "Last-Modified": "Thu, 30 Jan 2025 01:24:50 GMT",
        "Server": [
          "Windows-Azure-Blob/1.0",
          "Microsoft-HTTPAPI/2.0"
        ],
        "x-ms-blob-content-md5": "iivbiB6ZWh2V2B1mX6zHww==",
        "x-ms-blob-type": "BlockBlob",
        "x-ms-client-request-id": "Sanitized",
        "x-ms-creation-time": "Thu, 30 Jan 2025 01:24:50 GMT",
        "x-ms-is-current-version": "true",
        "x-ms-last-access-time": "Thu, 30 Jan 2025 01:24:50 GMT",
        "x-ms-lease-state": "available",
        "x-ms-lease-status": "unlocked",
        "x-ms-meta-Capital": "letter",
        "x-ms-meta-foo": "bar",
        "x-ms-meta-meta": "data",
        "x-ms-meta-UPPER": "case",
        "x-ms-request-id": "d209050d-f01e-0020-72b5-72a165000000",
        "x-ms-server-encrypted": "true",
        "x-ms-version": "2025-05-05",
        "x-ms-version-id": "2025-01-30T01:24:50.5486999Z"
      },
      "ResponseBody": [
        "��]�kT_Lz�<��1�<?\u001E�\f]l*z-\u000B0\bi�\u000E/C�\u001F��Q�c�V/�\u0002�9�~��\u0003Ӷ�tg�p_#V��\fF&\u0011\u0002��&%j\u0007=~x��\u007F���\n",
        "\\������?JsF\u0015�f\u0012�|\u001A�ܭK�7�j\uF364�*\u0006���qf{�\f�� ��i�\u001A��\r",
        "�\u001D-�A�s�X�\n",
        "�}H?�F��9\u0000E�O�+EA\u007F���ľ��^\u0000x���{\u001B�J�L��<n\u001D�\r",
        "Xf��\u0015�2\u001Ep\u001C;־�V+E4\u000BF\"ɛ�|�����g�\u001E�3�\u007F\u0017b���\n",
        "�Fs�_��9\u0011_��\u0012k���~Ŵ��\r",
        "�ԫ.�\u000B�b���\t�i+�-��Ƥ�m��c\u0019AEI���\b�\t�g\u0006و�-�b�3{�\u0010���F�\u001D>���l!yS�M�`���ř�>ԉ�I�0��4��Ï%m�Fl]lgW��\u0015\u0016�۱$�Q\u0012\b\u000F�^8\u000Bw�sD���@;3\u0017�X;y�|�\u001C4�^��\u0010\u0000���\u0015�k\r",
        "a��\u0012J̊Ֆ��}i\u0015�1��B\u00040\u0019\r",
        "v4�wٺ%Y���U��jdO�\u0005�\u001Aa��j\u0017T��)\b0̎}\u07B9U�\u001ApN��q��N'��Z+Q�\u0014��\f�e�e��ǉNe�����W�r�%�\\\u0005[s6�\u0004z�h=�H���mR�6m���aA�'���ae_F�J��\u000E��O�\n",
        "5��\u0004\\{s�\u001C��>KÀt�K��U��\"o�(��L�FW\u000BrD��X�vC�U\f���>6\u0003�ʁ�����K4/t����\u000E/(���\u0012\u0011\u0002�\u0016��|�H�{�+rW��âB\u0014\u0011�\u0014�H�\u000E\r",
        "Mh�o��L�\u0013���x+�|\u001F���m\r",
        "�V����\u00026�\u001Am����e]u\u000B�\u0016��嗂��6�?�{��\fQ��\u000E�J�/:ӹ.&�~x�dFa\n",
        "\u0015k��67\t��.ƌh�%�\b[>̶��ȏ�h!��\u0016Yo\u0001<^*-`\u0013�tJ��\u0014X��\t\u0007�Tj��Qx���\u0012\u0018l\u001Dg|ǌ��+\u0007B`\u001F���T�\u0005*\fRڬҷ?��E�\u007F8���U��4�\u000Eۍ\u0012\t�\u0015dxy\u001F��\u000B\u001AB��\u000FM�\u0013�+�'�Mi��6�S�vM��/*wn˼�P�mA������aO����ϼ�\u001F�\u000E�� ��\"��\u001Bn2�\u0012�(\u000Eϵ�{\u0002��J�9b|�\u000E�q�r�Kz\f��OV��\u001D\u000B�����46\u0019\u000B\"\n",
        "����\u000B\u0005\f��\u001A�\u0017ܔ�\u0014$+���,�W|��!�:�f�A�\u0012�\u0004CP�X\\"
      ]
    },
    {
      "RequestUri": "https://jalauzonnettest.blob.core.windows.net/test-container-ec173047-d4d2-bd16-5a3b-86528b6fef8d/test-blob-0fbe2115-e012-bb43-9193-f90b2e413ca9?sv=Sanitized&se=2025-01-31T01%3A24%3A50Z&sr=b&sp=racwdxyltmei&sig=Sanitized",
      "RequestMethod": "HEAD",
      "RequestHeaders": {
        "Accept": "application/xml",
        "traceparent": "00-ac397a082f106981abca3f68254128f2-e7a552dacd749533-00",
        "User-Agent": "azsdk-net-Storage.Blobs/12.24.0-alpha.20250129.1 (.NET 8.0.12; Microsoft Windows 10.0.22631)",
        "x-ms-client-request-id": "Sanitized",
        "x-ms-return-client-request-id": "true",
        "x-ms-version": "2025-05-05"
      },
      "RequestBody": null,
      "StatusCode": 200,
      "ResponseHeaders": {
        "Accept-Ranges": "bytes",
        "Cache-Control": "no-cache",
        "Content-Disposition": "inline",
        "Content-Language": "en-US",
        "Content-Length": "1024",
        "Content-Type": "text/plain",
        "Date": "Thu, 30 Jan 2025 01:24:50 GMT",
        "ETag": "\"0x8DD40CCE44FEC5F\"",
        "Last-Modified": "Thu, 30 Jan 2025 01:24:50 GMT",
        "Server": [
          "Windows-Azure-Blob/1.0",
          "Microsoft-HTTPAPI/2.0"
        ],
        "x-ms-blob-sequence-number": "0",
        "x-ms-blob-type": "PageBlob",
        "x-ms-client-request-id": "Sanitized",
        "x-ms-creation-time": "Thu, 30 Jan 2025 01:24:50 GMT",
        "x-ms-is-current-version": "true",
        "x-ms-lease-state": "available",
        "x-ms-lease-status": "unlocked",
        "x-ms-meta-Capital": "letter",
        "x-ms-meta-foo": "bar",
        "x-ms-meta-meta": "data",
        "x-ms-meta-UPPER": "case",
        "x-ms-request-id": "d209050f-f01e-0020-74b5-72a165000000",
        "x-ms-server-encrypted": "true",
        "x-ms-version": "2025-05-05",
        "x-ms-version-id": "2025-01-30T01:24:50.3987872Z"
      },
      "ResponseBody": null
    },
    {
      "RequestUri": "https://jalauzonnettest.blob.core.windows.net/test-container-e09a5ff8-9eee-9469-c9bf-f17df3d89838/test-blob-d872a204-3b32-ae96-74f3-7c5ec134456c?sv=Sanitized&se=2025-01-31T01%3A24%3A50Z&sr=b&sp=racwdxyltmei&sig=Sanitized",
      "RequestMethod": "HEAD",
      "RequestHeaders": {
        "Accept": "application/xml",
        "traceparent": "00-a6a602c2b8d9912d55182b221d225df3-b5fdf3f90a63ed26-00",
        "User-Agent": "azsdk-net-Storage.Blobs/12.24.0-alpha.20250129.1 (.NET 8.0.12; Microsoft Windows 10.0.22631)",
        "x-ms-client-request-id": "Sanitized",
        "x-ms-return-client-request-id": "true",
        "x-ms-version": "2025-05-05"
      },
      "RequestBody": null,
      "StatusCode": 200,
      "ResponseHeaders": {
        "Accept-Ranges": "bytes",
        "Cache-Control": "no-cache",
        "Content-Disposition": "inline",
        "Content-Language": "en-US",
        "Content-Length": "1024",
        "Content-MD5": "iivbiB6ZWh2V2B1mX6zHww==",
        "Content-Type": "text/plain",
        "Date": "Thu, 30 Jan 2025 01:24:50 GMT",
        "ETag": "\"0x8DD40CCE4601697\"",
        "Last-Modified": "Thu, 30 Jan 2025 01:24:50 GMT",
        "Server": [
          "Windows-Azure-Blob/1.0",
          "Microsoft-HTTPAPI/2.0"
        ],
        "x-ms-access-tier": "Hot",
        "x-ms-access-tier-inferred": "true",
        "x-ms-blob-type": "BlockBlob",
        "x-ms-client-request-id": "Sanitized",
        "x-ms-creation-time": "Thu, 30 Jan 2025 01:24:50 GMT",
        "x-ms-is-current-version": "true",
        "x-ms-last-access-time": "Thu, 30 Jan 2025 01:24:50 GMT",
        "x-ms-lease-state": "available",
        "x-ms-lease-status": "unlocked",
        "x-ms-meta-Capital": "letter",
        "x-ms-meta-foo": "bar",
        "x-ms-meta-meta": "data",
        "x-ms-meta-UPPER": "case",
        "x-ms-request-id": "d2090511-f01e-0020-76b5-72a165000000",
        "x-ms-server-encrypted": "true",
        "x-ms-version": "2025-05-05",
        "x-ms-version-id": "2025-01-30T01:24:50.5486999Z"
      },
      "ResponseBody": null
    },
    {
      "RequestUri": "https://jalauzonnettest.blob.core.windows.net/test-container-e09a5ff8-9eee-9469-c9bf-f17df3d89838?restype=container",
      "RequestMethod": "DELETE",
      "RequestHeaders": {
        "Accept": "application/xml",
        "Authorization": "Sanitized",
        "traceparent": "00-fb1d7020bbcc6f0dc1b15b8e14016c10-877b2168d318c089-00",
        "User-Agent": "azsdk-net-Storage.Blobs/12.24.0-alpha.20250129.1 (.NET 8.0.12; Microsoft Windows 10.0.22631)",
        "x-ms-client-request-id": "Sanitized",
        "x-ms-date": "Thu, 30 Jan 2025 01:24:50 GMT",
        "x-ms-return-client-request-id": "true",
        "x-ms-version": "2025-05-05"
      },
      "RequestBody": null,
      "StatusCode": 202,
      "ResponseHeaders": {
        "Content-Length": "0",
        "Date": "Thu, 30 Jan 2025 01:24:50 GMT",
        "Server": [
          "Windows-Azure-Blob/1.0",
          "Microsoft-HTTPAPI/2.0"
        ],
        "x-ms-client-request-id": "Sanitized",
        "x-ms-request-id": "d2090513-f01e-0020-77b5-72a165000000",
        "x-ms-version": "2025-05-05"
      },
      "ResponseBody": null
    },
    {
      "RequestUri": "https://jalauzonnettest.blob.core.windows.net/test-container-ec173047-d4d2-bd16-5a3b-86528b6fef8d?restype=container",
      "RequestMethod": "DELETE",
      "RequestHeaders": {
        "Accept": "application/xml",
        "Authorization": "Sanitized",
        "traceparent": "00-d994336e7b0330c668d33ada087508a9-c9934857ed8a91bc-00",
        "User-Agent": "azsdk-net-Storage.Blobs/12.24.0-alpha.20250129.1 (.NET 8.0.12; Microsoft Windows 10.0.22631)",
        "x-ms-client-request-id": "Sanitized",
        "x-ms-date": "Thu, 30 Jan 2025 01:24:51 GMT",
        "x-ms-return-client-request-id": "true",
        "x-ms-version": "2025-05-05"
      },
      "RequestBody": null,
      "StatusCode": 202,
      "ResponseHeaders": {
        "Content-Length": "0",
        "Date": "Thu, 30 Jan 2025 01:24:50 GMT",
        "Server": [
          "Windows-Azure-Blob/1.0",
          "Microsoft-HTTPAPI/2.0"
        ],
        "x-ms-client-request-id": "Sanitized",
        "x-ms-request-id": "d2090516-f01e-0020-78b5-72a165000000",
        "x-ms-version": "2025-05-05"
      },
      "ResponseBody": null
    }
  ],
  "Variables": {
    "DateTimeOffsetNow": "2025-01-29T17:24:50.4605742-08:00",
    "RandomSeed": "462102331",
    "Storage_TestConfigDefault": "ProductionTenant\njalauzonnettest\nU2FuaXRpemVk\nhttps://jalauzonnettest.blob.core.windows.net\nhttps://jalauzonnettest.file.core.windows.net\nhttps://jalauzonnettest.queue.core.windows.net\nhttps://jalauzonnettest.table.core.windows.net\n\n\n\n\nhttps://jalauzonnettest-secondary.blob.core.windows.net\nhttps://jalauzonnettest-secondary.file.core.windows.net\nhttps://jalauzonnettest-secondary.queue.core.windows.net\nhttps://jalauzonnettest-secondary.table.core.windows.net\nCloud\nBlobEndpoint=https://jalauzonnettest.blob.core.windows.net/;QueueEndpoint=https://jalauzonnettest.queue.core.windows.net/;FileEndpoint=https://jalauzonnettest.file.core.windows.net/;BlobSecondaryEndpoint=https://jalauzonnettest-secondary.blob.core.windows.net/;QueueSecondaryEndpoint=https://jalauzonnettest-secondary.queue.core.windows.net/;FileSecondaryEndpoint=https://jalauzonnettest-secondary.file.core.windows.net/;AccountName=jalauzonnettest;AccountKey=U2FuaXRpemVk\ntestscope1\n\n"
  }
}
