{
  "Entries": [
    {
      "RequestUri": "https://seancanary.blob.core.windows.net/test-container-0ffa1a97-efba-eb28-2640-f1ad51e2618d?restype=container",
      "RequestMethod": "PUT",
      "RequestHeaders": {
        "Accept": "application/xml",
        "Authorization": "Sanitized",
        "Content-Length": "0",
        "traceparent": "00-08afda29020b25f9118080cd23aa0835-651e32070ac5326d-00",
        "User-Agent": "azsdk-net-Storage.Blobs/12.21.0-alpha.20240606.1 (.NET 7.0.20; Microsoft Windows 10.0.22631)",
        "x-ms-client-request-id": "Sanitized",
        "x-ms-date": "Fri, 07 Jun 2024 01:27:24 GMT",
        "x-ms-return-client-request-id": "true",
        "x-ms-version": "2024-08-04"
      },
      "RequestBody": null,
      "StatusCode": 201,
      "ResponseHeaders": {
        "Content-Length": "0",
        "Date": "Fri, 07 Jun 2024 01:27:26 GMT",
        "ETag": "\"0x8DC8690FD44685B\"",
        "Last-Modified": "Fri, 07 Jun 2024 01:27:26 GMT",
        "Server": [
          "Windows-Azure-Blob/1.0",
          "Microsoft-HTTPAPI/2.0"
        ],
        "x-ms-client-request-id": "Sanitized",
        "x-ms-request-id": "dc74a9f7-d01e-00de-2d79-b8e2c7000000",
        "x-ms-version": "2024-08-04"
      },
      "ResponseBody": null
    },
    {
      "RequestUri": "https://seancanary.blob.core.windows.net/test-container-f5c25213-12b7-c512-e998-72dd9a1fdde4?restype=container",
      "RequestMethod": "PUT",
      "RequestHeaders": {
        "Accept": "application/xml",
        "Authorization": "Sanitized",
        "Content-Length": "0",
        "traceparent": "00-c425300a762aa1340bf825c6033d0fbb-a977f1166cd85b76-00",
        "User-Agent": "azsdk-net-Storage.Blobs/12.21.0-alpha.20240606.1 (.NET 7.0.20; Microsoft Windows 10.0.22631)",
        "x-ms-client-request-id": "Sanitized",
        "x-ms-date": "Fri, 07 Jun 2024 01:27:24 GMT",
        "x-ms-return-client-request-id": "true",
        "x-ms-version": "2024-08-04"
      },
      "RequestBody": null,
      "StatusCode": 201,
      "ResponseHeaders": {
        "Content-Length": "0",
        "Date": "Fri, 07 Jun 2024 01:27:26 GMT",
        "ETag": "\"0x8DC8690FD53A958\"",
        "Last-Modified": "Fri, 07 Jun 2024 01:27:26 GMT",
        "Server": [
          "Windows-Azure-Blob/1.0",
          "Microsoft-HTTPAPI/2.0"
        ],
        "x-ms-client-request-id": "Sanitized",
        "x-ms-request-id": "dc74aa25-d01e-00de-4a79-b8e2c7000000",
        "x-ms-version": "2024-08-04"
      },
      "ResponseBody": null
    },
    {
      "RequestUri": "https://seancanary.blob.core.windows.net/test-container-0ffa1a97-efba-eb28-2640-f1ad51e2618d/test-blob-dddf968c-8b8c-be89-1ae8-e2532a636d48",
      "RequestMethod": "PUT",
      "RequestHeaders": {
        "Accept": "application/xml",
        "Authorization": "Sanitized",
        "Content-Length": "0",
        "If-None-Match": "*",
        "traceparent": "00-e3f744a5a3f86e60d48100514693b36d-815c2ac5a0580de3-00",
        "User-Agent": "azsdk-net-Storage.Blobs/12.21.0-alpha.20240606.1 (.NET 7.0.20; Microsoft Windows 10.0.22631)",
        "x-ms-blob-cache-control": "no-cache",
        "x-ms-blob-content-disposition": "inline",
        "x-ms-blob-content-language": "en-US",
        "x-ms-blob-content-length": "2048",
        "x-ms-blob-content-type": "text/plain",
        "x-ms-blob-type": "PageBlob",
        "x-ms-client-request-id": "Sanitized",
        "x-ms-date": "Fri, 07 Jun 2024 01:27:24 GMT",
        "x-ms-meta-Capital": "letter",
        "x-ms-meta-foo": "bar",
        "x-ms-meta-meta": "data",
        "x-ms-meta-UPPER": "case",
        "x-ms-return-client-request-id": "true",
        "x-ms-version": "2024-08-04"
      },
      "RequestBody": null,
      "StatusCode": 201,
      "ResponseHeaders": {
        "Content-Length": "0",
        "Date": "Fri, 07 Jun 2024 01:27:26 GMT",
        "ETag": "\"0x8DC8690FD5F9ECD\"",
        "Last-Modified": "Fri, 07 Jun 2024 01:27:26 GMT",
        "Server": [
          "Windows-Azure-Blob/1.0",
          "Microsoft-HTTPAPI/2.0"
        ],
        "x-ms-client-request-id": "Sanitized",
        "x-ms-request-id": "dc74aa3c-d01e-00de-5c79-b8e2c7000000",
        "x-ms-request-server-encrypted": "true",
        "x-ms-version": "2024-08-04",
        "x-ms-version-id": "2024-06-07T01:27:26.4082637Z"
      },
      "ResponseBody": null
    },
    {
      "RequestUri": "https://seancanary.blob.core.windows.net/test-container-0ffa1a97-efba-eb28-2640-f1ad51e2618d/test-blob-dddf968c-8b8c-be89-1ae8-e2532a636d48?comp=page",
      "RequestMethod": "PUT",
      "RequestHeaders": {
        "Accept": "application/xml",
        "Authorization": "Sanitized",
        "Content-Length": "2048",
        "Content-Type": "application/octet-stream",
        "traceparent": "00-438349a2780e66f48d997827a1bf4bcb-533b48e80d2300b2-00",
        "User-Agent": "azsdk-net-Storage.Blobs/12.21.0-alpha.20240606.1 (.NET 7.0.20; Microsoft Windows 10.0.22631)",
        "x-ms-client-request-id": "Sanitized",
        "x-ms-date": "Fri, 07 Jun 2024 01:27:24 GMT",
        "x-ms-page-write": "update",
        "x-ms-range": "bytes=0-2047",
        "x-ms-return-client-request-id": "true",
        "x-ms-version": "2024-08-04"
      },
      "RequestBody": "AMuKqMH8qdxJvClviiBXcr1n+DzjPqJdpGWNFMzOMuFUIdjE6oRKqSoaUBcOWbgfpGX8a0REO8EpLQNbb5UPeopIGmlIkoc5HE8Sye2KTkqtbXBn0sacEOUWm72A7zmUCtWNxT9O1xHdw071MnHTnt64rgIkqKjDqwmEMffKuC0Vfb8Y/YgLXpVfiQ54p95zQvzfx0A2cGItyho2yqUZEwog37Syu6BVrU9sxR6ZSgQrEO/76vDt3g1c6zNu1ZPvRnUDWMcpwIZbihrxyqpEk38WCrm2HSkaMwGnVtBt5ti7fX+olfI8AVBon2DW/BRiGFezWMraOShM6STGgmm27qNCNU0rm/2N2QlpTn7IQzbsRD54uY4N4URXXKvNdn7msrG9lMbHN31ZJn/AcOqqhKbu2T4rPTQUNFMJ0z5SwGKKg5zNCq9vJQzBH5MPTXFZrdgF350/unR8qWBzvmQ+B2YcNe1O3Hn2frMyah6hBOfiryZmTODESsgnUWFP/Geoghcs8heDCtBeD2HpDU9W2qR5kQ4917uFV+okJ4sXp4FMiugGdRLPXqVWCDx/2z140Xa91mtZaqtcp5osXuNERmffnYNnT2WSqTJo589+BnytrFUUWdEW8x88qs13owDBEcHVnz26EIERKy058IPb3qEefrKNL+yWyaljK6WXGgUyp9UNqWY/85vUAy6j3AOcYMwsWCRNNOLUPtaUVuXcehAnB0mtzjQ734sWuSy+8uymxsrZasLg5HLzOWuPq5y2+IgdfNW67pKX8XmZN3q1FUvp7Y8bAg9ORyLWupTJqzTvYMGjoHYW7Ng3QnhIR634PSMfpb0MmvV4zzWz4zP+zUZFqta5EnTU0wG348CXBv913nxxqQV24sXLKtFBYwikOXQyApzWPiuuS9K8VLc04cg1PQW3jSRAz8cR7eejkm/4E6pMZANjnp9Rwl4zuo0Ol0gIDCUC7axQ8jPVxVFDC7hjw0EM6HzF0p9mZcrFDRQ5AlafmoZJ9iX+/HLQjdlNDrelz/dMAa7LQzqGm4fhiuQem8L6pHAxGcwcDuwK9ETFGFcTID0d7QCn01ZMwlqeHHGNsfEWUmlGc7YqL/PCwU/1wIIwzmqnAa7BU9Aa5VZxffJ6fEJSrsbtzKyH8r0N5REHVgHXbk0H5rBDVf+ZLI5fuLIBR0UMoxK8QgG9Hw7wtG2+Eo5Umg+kc5WSDlnGVKAeKDoLDJ7M+rPvGytMScaiU6GS2hn/Ch6iXNOvepS49u5gn/fU5KfO8hjbZH7kWCnO77u4M3mHHx0baa/KHIAfNyQ966rOzm75w+gAJKWfvgSq4IrZ/8J02H/ZuHv4BNWXuy1Zpmx/ACFMv3CRh/p4e6urIDz1RjdiyBIq9RXzAL8TaGh4RReXK+BpjEBS41GFYTzQTeSZonX1991ZVAsMWb6xfh6SADWTE/RbjLn3EOXBpZPYI7Paesbzgk45PdbVXDOCoGUz8mAGPDnvPRW8/uf4mK53MzUK1gRXn37nWtUehi+FdG+AjbIy0uZ56zyxNoNnQaQnXin+d8ph3FPiH+Jk0bflNol3dwv8RGFOkerHpmj6gBgw9icGh/2kH7FeT7IEFRqFywD578mZKxnIr+bgmTXr6J7JM9uP36+M0ldZnfWuSXvQQttoAJBOlsoOPtgXxIV7c2cUO+E/9etQbR1yP40kGWVqD1dagucOepwQgaHWdQ7S3iqNmg6akUzvF5Nz3Fc86iRyrLQuIPB/BcFELnRJefgOn2Fjln9X0H4KamtUmp1F05d9Y8hZo705DZRMVWLYpp2bZDz12VOlG9s1I7aFK2sj/1rdzBYvtfykKYnqCnscMsTNuDZgUPpD2EjsI38GtOEpKVYH+tmHbK5AUbDJuhFgGfHyt3I0wq5gmfTOQpF8nXSnweElFDfqRkyHIP9JeR02jAqOFP1v9GanpmHluSkcw7Q7IvkwOwS5B3ElraKvFx/Wl7WH7Yh3OMx6fm3WBYwjalxKDlckBlAF1Q2MSUfD949BDiFzldYrxOostb2W4wHkAkJGZAjIspFkghh66+6FtobelPdrr9WGH0ps91CTbvELp0YEfZKHeVuQDhK9sdj8p/42uE8KeVNtv0W+W7tB0RQnbkOogDn0Vxqb2qDCyW5xcE9RXLWiAS7zlr1MyB2gTz3+lUKVVCfFQmE0bp6zq/bXTOtr73RehW0Utel7p478+4tixDMr3BwoixpTbZOQP+vHdXwyNV/JnxDUgJ89SpvTOHISUObDq3DPQmNaChfahHX+tDISysYsmSQiVlt960F+gDUgfe8EBMkLY/L7bpX4+vwpPpVpwW2s5rbCoFQUUVch24riuQaF+bBpBmfUMCqPKVxfU6ysFb7Hc5c4QWN09xGa2pMKFUD1o0Xl/7sG2LaLM3b4tP6rdcXLG0ZvTbdM9Q5WOVaXhBMcaq9nxhYDwZvhrA7te0IS72TOPvr6hlaNmQqsr59f9K9i3EpORK+vyFmqjqCpX3nLQ0nyyUUZIeRZ2SwLVhH8gbheip/4xKu0HnagT/e14zqR4GxVbStpSbpm9WqCpHFIrgzoStTa03+eParPeNHso/byeXWlphSM9UHkkc5BMXoEWKHrzZhltw3ttzCBmdDoelFzkCr8owf4XFWT9UKwXAsvyyAwAdZejcJouO7jClxw+xZ9zaFQB7WZ8nBD0cHKPFokUc2wuHl7FQNnk+oYFFH4IvorM48=",
      "StatusCode": 201,
      "ResponseHeaders": {
        "Content-Length": "0",
        "Date": "Fri, 07 Jun 2024 01:27:26 GMT",
        "ETag": "\"0x8DC8690FD6A2542\"",
        "Last-Modified": "Fri, 07 Jun 2024 01:27:26 GMT",
        "Server": [
          "Windows-Azure-Blob/1.0",
          "Microsoft-HTTPAPI/2.0"
        ],
        "x-ms-blob-sequence-number": "0",
        "x-ms-client-request-id": "Sanitized",
        "x-ms-content-crc64": "ihCylZcVEtk=",
        "x-ms-request-id": "dc74aa59-d01e-00de-7179-b8e2c7000000",
        "x-ms-request-server-encrypted": "true",
        "x-ms-version": "2024-08-04"
      },
      "ResponseBody": null
    },
    {
      "RequestUri": "https://seancanary.blob.core.windows.net/test-container-0ffa1a97-efba-eb28-2640-f1ad51e2618d/test-blob-dddf968c-8b8c-be89-1ae8-e2532a636d48?sv=Sanitized&se=2024-06-08T01%3A27%3A24Z&sr=b&sp=racwdxyltmei&sig=Sanitized",
      "RequestMethod": "HEAD",
      "RequestHeaders": {
        "Accept": "application/xml",
        "traceparent": "00-d3719f0888191f8027f25378e1e12d96-520f6b98db78baf2-00",
        "User-Agent": "azsdk-net-Storage.Blobs/12.21.0-alpha.20240606.1 (.NET 7.0.20; Microsoft Windows 10.0.22631)",
        "x-ms-client-request-id": "Sanitized",
        "x-ms-return-client-request-id": "true",
        "x-ms-version": "2024-08-04"
      },
      "RequestBody": null,
      "StatusCode": 200,
      "ResponseHeaders": {
        "Accept-Ranges": "bytes",
        "Access-Control-Allow-Origin": "*",
        "Access-Control-Expose-Headers": "x-ms-request-id,x-ms-client-request-id,Server,x-ms-version,x-ms-version-id,x-ms-is-current-version,x-ms-meta-foo,x-ms-meta-meta,x-ms-meta-Capital,x-ms-meta-UPPER,Content-Type,Content-Language,Cache-Control,Last-Modified,ETag,x-ms-creation-time,x-ms-lease-status,x-ms-lease-state,x-ms-blob-type,x-ms-blob-sequence-number,Content-Disposition,x-ms-server-encrypted,Accept-Ranges,Content-Length,Date,Transfer-Encoding",
        "Cache-Control": "no-cache",
        "Content-Disposition": "inline",
        "Content-Language": "en-US",
        "Content-Length": "2048",
        "Content-Type": "text/plain",
        "Date": "Fri, 07 Jun 2024 01:27:26 GMT",
        "ETag": "\"0x8DC8690FD6A2542\"",
        "Last-Modified": "Fri, 07 Jun 2024 01:27:26 GMT",
        "Server": [
          "Windows-Azure-Blob/1.0",
          "Microsoft-HTTPAPI/2.0"
        ],
        "x-ms-blob-sequence-number": "0",
        "x-ms-blob-type": "PageBlob",
        "x-ms-client-request-id": "Sanitized",
        "x-ms-creation-time": "Fri, 07 Jun 2024 01:27:26 GMT",
        "x-ms-is-current-version": "true",
        "x-ms-lease-state": "available",
        "x-ms-lease-status": "unlocked",
        "x-ms-meta-Capital": "letter",
        "x-ms-meta-foo": "bar",
        "x-ms-meta-meta": "data",
        "x-ms-meta-UPPER": "case",
        "x-ms-request-id": "dc74aa80-d01e-00de-0a79-b8e2c7000000",
        "x-ms-server-encrypted": "true",
        "x-ms-version": "2024-08-04",
        "x-ms-version-id": "2024-06-07T01:27:26.4082637Z"
      },
      "ResponseBody": null
    },
    {
      "RequestUri": "https://seancanary.blob.core.windows.net/test-container-f5c25213-12b7-c512-e998-72dd9a1fdde4/test-blob-a71e403e-2129-1864-1c20-e391327960e5?sv=Sanitized&se=2024-06-08T01%3A27%3A24Z&sr=b&sp=racwdxyltmei&sig=Sanitized",
      "RequestMethod": "PUT",
      "RequestHeaders": {
        "Accept": "application/xml",
        "Content-Length": "0",
        "If-None-Match": "*",
        "traceparent": "00-a78b0d5167adcd1da40a85fc23964cf9-6b3b05d2ebf9f22b-00",
        "User-Agent": "azsdk-net-Storage.Blobs/12.21.0-alpha.20240606.1 (.NET 7.0.20; Microsoft Windows 10.0.22631)",
        "x-ms-blob-type": "BlockBlob",
        "x-ms-client-request-id": "Sanitized",
        "x-ms-copy-source": "https://seancanary.blob.core.windows.net/test-container-0ffa1a97-efba-eb28-2640-f1ad51e2618d/test-blob-dddf968c-8b8c-be89-1ae8-e2532a636d48?sv=Sanitized&se=2024-06-08T01%3A27%3A24Z&sr=b&sp=racwdxyltmei&sig=Sanitized",
        "x-ms-return-client-request-id": "true",
        "x-ms-version": "2024-08-04"
      },
      "RequestBody": null,
      "StatusCode": 201,
      "ResponseHeaders": {
        "Content-Length": "0",
        "Date": "Fri, 07 Jun 2024 01:27:26 GMT",
        "ETag": "\"0x8DC8690FD8E4BFD\"",
        "Last-Modified": "Fri, 07 Jun 2024 01:27:26 GMT",
        "Server": [
          "Windows-Azure-Blob/1.0",
          "Microsoft-HTTPAPI/2.0"
        ],
        "x-ms-client-request-id": "Sanitized",
        "x-ms-content-crc64": "ihCylZcVEtk=",
        "x-ms-request-id": "dc74aa99-d01e-00de-1b79-b8e2c7000000",
        "x-ms-request-server-encrypted": "true",
        "x-ms-version": "2024-08-04",
        "x-ms-version-id": "2024-06-07T01:27:26.7141629Z"
      },
      "ResponseBody": null
    },
    {
      "RequestUri": "https://seancanary.blob.core.windows.net/test-container-0ffa1a97-efba-eb28-2640-f1ad51e2618d/test-blob-dddf968c-8b8c-be89-1ae8-e2532a636d48?sv=Sanitized&se=2024-06-08T01%3A27%3A24Z&sr=b&sp=racwdxyltmei&sig=Sanitized",
      "RequestMethod": "HEAD",
      "RequestHeaders": {
        "Accept": "application/xml",
        "traceparent": "00-654629f3cbb465a858105f111d5145cf-9e551d8bbb06ba64-00",
        "User-Agent": "azsdk-net-Storage.Blobs/12.21.0-alpha.20240606.1 (.NET 7.0.20; Microsoft Windows 10.0.22631)",
        "x-ms-client-request-id": "Sanitized",
        "x-ms-return-client-request-id": "true",
        "x-ms-version": "2024-08-04"
      },
      "RequestBody": null,
      "StatusCode": 200,
      "ResponseHeaders": {
        "Accept-Ranges": "bytes",
        "Access-Control-Allow-Origin": "*",
        "Access-Control-Expose-Headers": "x-ms-request-id,x-ms-client-request-id,Server,x-ms-version,x-ms-version-id,x-ms-is-current-version,x-ms-meta-foo,x-ms-meta-meta,x-ms-meta-Capital,x-ms-meta-UPPER,Content-Type,Content-Language,Cache-Control,Last-Modified,ETag,x-ms-creation-time,x-ms-lease-status,x-ms-lease-state,x-ms-blob-type,x-ms-blob-sequence-number,Content-Disposition,x-ms-server-encrypted,Accept-Ranges,Content-Length,Date,Transfer-Encoding",
        "Cache-Control": "no-cache",
        "Content-Disposition": "inline",
        "Content-Language": "en-US",
        "Content-Length": "2048",
        "Content-Type": "text/plain",
        "Date": "Fri, 07 Jun 2024 01:27:26 GMT",
        "ETag": "\"0x8DC8690FD6A2542\"",
        "Last-Modified": "Fri, 07 Jun 2024 01:27:26 GMT",
        "Server": [
          "Windows-Azure-Blob/1.0",
          "Microsoft-HTTPAPI/2.0"
        ],
        "x-ms-blob-sequence-number": "0",
        "x-ms-blob-type": "PageBlob",
        "x-ms-client-request-id": "Sanitized",
        "x-ms-creation-time": "Fri, 07 Jun 2024 01:27:26 GMT",
        "x-ms-is-current-version": "true",
        "x-ms-lease-state": "available",
        "x-ms-lease-status": "unlocked",
        "x-ms-meta-Capital": "letter",
        "x-ms-meta-foo": "bar",
        "x-ms-meta-meta": "data",
        "x-ms-meta-UPPER": "case",
        "x-ms-request-id": "dc74aaf8-d01e-00de-5b79-b8e2c7000000",
        "x-ms-server-encrypted": "true",
        "x-ms-version": "2024-08-04",
        "x-ms-version-id": "2024-06-07T01:27:26.4082637Z"
      },
      "ResponseBody": null
    },
    {
      "RequestUri": "https://seancanary.blob.core.windows.net/test-container-f5c25213-12b7-c512-e998-72dd9a1fdde4/test-blob-a71e403e-2129-1864-1c20-e391327960e5?sv=Sanitized&se=2024-06-08T01%3A27%3A24Z&sr=b&sp=racwdxyltmei&sig=Sanitized",
      "RequestMethod": "HEAD",
      "RequestHeaders": {
        "Accept": "application/xml",
        "traceparent": "00-e4f4806bab9a55ea65aa8c048475ce9d-969c250dc7ccdbfb-00",
        "User-Agent": "azsdk-net-Storage.Blobs/12.21.0-alpha.20240606.1 (.NET 7.0.20; Microsoft Windows 10.0.22631)",
        "x-ms-client-request-id": "Sanitized",
        "x-ms-return-client-request-id": "true",
        "x-ms-version": "2024-08-04"
      },
      "RequestBody": null,
      "StatusCode": 200,
      "ResponseHeaders": {
        "Accept-Ranges": "bytes",
        "Access-Control-Allow-Origin": "*",
        "Access-Control-Expose-Headers": "x-ms-request-id,x-ms-client-request-id,Server,x-ms-version,x-ms-version-id,x-ms-is-current-version,x-ms-meta-foo,x-ms-meta-meta,x-ms-meta-Capital,x-ms-meta-UPPER,Content-Type,Content-Language,Cache-Control,Last-Modified,ETag,x-ms-creation-time,Content-MD5,x-ms-lease-status,x-ms-lease-state,x-ms-blob-type,Content-Disposition,x-ms-server-encrypted,x-ms-access-tier,x-ms-access-tier-inferred,Accept-Ranges,Content-Length,Date,Transfer-Encoding",
        "Cache-Control": "no-cache",
        "Content-Disposition": "inline",
        "Content-Language": "en-US",
        "Content-Length": "2048",
        "Content-MD5": "oKxeUk/Os0DU3ePtUwdt1g==",
        "Content-Type": "text/plain",
        "Date": "Fri, 07 Jun 2024 01:27:26 GMT",
        "ETag": "\"0x8DC8690FD8E4BFD\"",
        "Last-Modified": "Fri, 07 Jun 2024 01:27:26 GMT",
        "Server": [
          "Windows-Azure-Blob/1.0",
          "Microsoft-HTTPAPI/2.0"
        ],
        "x-ms-access-tier": "Hot",
        "x-ms-access-tier-inferred": "true",
        "x-ms-blob-type": "BlockBlob",
        "x-ms-client-request-id": "Sanitized",
        "x-ms-creation-time": "Fri, 07 Jun 2024 01:27:26 GMT",
        "x-ms-is-current-version": "true",
        "x-ms-lease-state": "available",
        "x-ms-lease-status": "unlocked",
        "x-ms-meta-Capital": "letter",
        "x-ms-meta-foo": "bar",
        "x-ms-meta-meta": "data",
        "x-ms-meta-UPPER": "case",
        "x-ms-request-id": "dc74ab0a-d01e-00de-6679-b8e2c7000000",
        "x-ms-server-encrypted": "true",
        "x-ms-version": "2024-08-04",
        "x-ms-version-id": "2024-06-07T01:27:26.7141629Z"
      },
      "ResponseBody": null
    },
    {
      "RequestUri": "https://seancanary.blob.core.windows.net/test-container-0ffa1a97-efba-eb28-2640-f1ad51e2618d/test-blob-dddf968c-8b8c-be89-1ae8-e2532a636d48?sv=Sanitized&se=2024-06-08T01%3A27%3A24Z&sr=b&sp=racwdxyltmei&sig=Sanitized",
      "RequestMethod": "GET",
      "RequestHeaders": {
        "Accept": "application/xml",
        "If-Match": "\"0x8DC8690FD6A2542\"",
        "User-Agent": "azsdk-net-Storage.Blobs/12.21.0-alpha.20240606.1 (.NET 7.0.20; Microsoft Windows 10.0.22631)",
        "x-ms-client-request-id": "Sanitized",
        "x-ms-range": "bytes=0-4194303",
        "x-ms-return-client-request-id": "true",
        "x-ms-version": "2024-08-04"
      },
      "RequestBody": null,
      "StatusCode": 206,
      "ResponseHeaders": {
        "Accept-Ranges": "bytes",
        "Access-Control-Allow-Origin": "*",
        "Access-Control-Expose-Headers": "x-ms-request-id,x-ms-client-request-id,Server,x-ms-version,x-ms-version-id,x-ms-is-current-version,x-ms-meta-foo,x-ms-meta-meta,x-ms-meta-Capital,x-ms-meta-UPPER,Content-Type,Content-Language,Cache-Control,Last-Modified,ETag,x-ms-creation-time,x-ms-lease-status,x-ms-lease-state,x-ms-blob-type,x-ms-blob-sequence-number,Content-Disposition,x-ms-server-encrypted,Accept-Ranges,Content-Length,Date,Transfer-Encoding",
        "Cache-Control": "no-cache",
        "Content-Disposition": "inline",
        "Content-Language": "en-US",
        "Content-Length": "3682",
        "Content-Range": "bytes 0-2047/2048",
        "Content-Type": "text/plain",
        "Date": "Fri, 07 Jun 2024 01:27:27 GMT",
        "ETag": "\"0x8DC8690FD6A2542\"",
        "Last-Modified": "Fri, 07 Jun 2024 01:27:26 GMT",
        "Server": [
          "Windows-Azure-Blob/1.0",
          "Microsoft-HTTPAPI/2.0"
        ],
        "x-ms-blob-sequence-number": "0",
        "x-ms-blob-type": "PageBlob",
        "x-ms-client-request-id": "Sanitized",
        "x-ms-creation-time": "Fri, 07 Jun 2024 01:27:26 GMT",
        "x-ms-is-current-version": "true",
        "x-ms-lease-state": "available",
        "x-ms-lease-status": "unlocked",
        "x-ms-meta-Capital": "letter",
        "x-ms-meta-foo": "bar",
        "x-ms-meta-meta": "data",
        "x-ms-meta-UPPER": "case",
        "x-ms-request-id": "dc74ab22-d01e-00de-7779-b8e2c7000000",
        "x-ms-server-encrypted": "true",
        "x-ms-version": "2024-08-04",
        "x-ms-version-id": "2024-06-07T01:27:26.4082637Z"
      },
      "ResponseBody": [
        "\u0000ˊ�����I�)o� Wr�g�<�>�]�e�\u0014��2�T!���J�*\u001AP\u0017\u000EY�\u001F�e�kDD;�)-\u0003[o�\u000Fz�H\u001AiH��9\u001CO\u0012��NJ�mpg�Ɯ\u0010�\u0016����9�\n",
        "Ս�?N�\u0011��N�2qӞ\u07B8�\u0002$��ë\t�1�ʸ-\u0015}�\u0018��\u000B^�_�\u000Ex��sB���@6pb-�\u001A6ʥ\u0019\u0013\n",
        " ߴ���U�Ol�\u001E�J\u0004+\u0010������\r",
        "\\�3nՓ�Fu\u0003X�)��[�\u001A�ʪD�\u007F\u0016\n",
        "��\u001D)\u001A3\u0001�V�m�ػ}\u007F���<\u0001Ph�`��\u0014b\u0018W�X��9(L�$Ƃi��B5M+����\tiN~�C6�D>x��\r",
        "�DW\\��v~沱����7}Y&\u007F�pꪄ���>+=4\u00144S\t�>R�b����\n",
        "�o%\f�\u001F�\u000FMqY��\u0005ߝ?�t|�`s�d>\u0007f\u001C5�N�y�~�2j\u001E�\u0004��&fL��J�'QaO�g��\u0017,�\u0017�\n",
        "�^\u000Fa�\r",
        "OVڤy�\u000E=\u05FB�W�$'�\u0017��L��\u0006u\u0012�^�V\b<\u007F�=x�v��kYj�\\��,^�DFgߝ�gOe��2h��~\u0006|��U\u0014Y�\u0016�\u001F<��w�\u0000�\u0011�՟=�\u0010�\u0011+-9���ޡ\u001E~��/�ɩc+��\u001A\u00052��\r",
        "�f?��\u0003.��\u0003�`�,X$M4��>֔V��z\u0010'\u0007I��4;ߋ\u0016�,������j���r�9k������\u001D|պ\uE497�y�7z�\u0015K��\u001B\u0002\u000FNG\"ֺ�ɫ4�`���v\u0016��7BxHG��=#\u001F��\f��x�5��3��FE�ֹ\u0012t��\u0001����\u0006�u�|q�\u0005v���*�Ac\b�9t2\u0002��>+�KҼT�4��5=\u0005��$@��\u0011�磒o�\u0013�Ld\u0003c��Q�^3��\u000E�H\b\f%\u0002��P�3��QC\u000B�c�A\f�|�ҟfe��\r",
        "\u00149\u0002V���I�%��rЍ�M\u000E����L\u0001��C:�����\u001E����p1\u0019�\u001C\u000E�\n",
        "�D�\u0018W\u0013 =\u001D�\u0000��VL�Z�\u001Cq���\u0016RiFs�*/���O���0�j�\u0001��S�\u001A�Vq}�z|BR���̬��\r",
        "�\u0011\u0007V\u0001�nM\u0007�CU��,�_��\u0001GE\f�\u0012�B\u0001�\u001F\u000E�m�\u0012�T�\u000F�s��\u000EY�T�\u001E(:\u000B\f�����\u001B+LIƢS���\u0019�\n",
        "\u001E�\\ӯz����`������\u0018�d~�X)�ﻸ3y�\u001F\u001D\u001Bi��\u001C�\u001F7$=���n���\u0000$���\u0004������t�\u007Fٸ{�\u0004\u0557�-Y�l\u007F\u0000!L�p���x{�� <�F7b�\u0012*�\u0015�\u0000�\u0013hhxE\u0017�+�i�@R�Q�a<�M䙢u���YT\u000B\fY��~\u001E�\u00005�\u0013�[���\u0010�����#��z��N9=��\\3��e3�`\u0006<9�=\u0015������w35\n",
        "�\u0004W�~�Z�\u001E�/�to���2��y�<�6�gA�'^)�w�a�S�\u001F�dѷ�6�ww\u000B�DaN��Ǧh��\u00180�'\u0006���\u001F�^O�\u0004\u0015\u001A��\u0000��ə+\u0019ȯ���5���3ۏ߯��WY���I{�B�h\u0000�N��\u000E>�\u0017ą{sg\u0014;�?��Pm\u001Dr?�$\u0019ej\u000FWZ��\u000Ez�\u0010���u\u000E��*��\u000E��L�\u0017�s�W<�$r��. �\u007F\u0005�D.tIy�\u000E�ac�\u007FW�~\n",
        "jkT��Eӗ}c�Y��9\r",
        "�LUbئ��d<��S�\u001B�5#��+k#�Z��\u0016/���)��\n",
        "{\u001C2�\u03786`P�C�H�#\u007F\u0006��))V\u0007�هl�@Q�ɺ\u0011`\u0019��r4®`���B�|�t���%\u00147�FL� �Iy\u001D6�\n",
        "�\u0014�o�f��a�)\u001Cô;\"�0;\u0004�\u0007q%���\u0017\u001F֗���w8�z~m�\u0005�#j\\J\u000EW$\u0006P\u0005�\r",
        "�IG���A\u000E!s��+��,����\u0001�\u0002BFd\bȲ�d�\u0018z�\uE176�ޔ�k�Ն\u001FJl�P�n�\u000B�F\u0004}��y[�\u000E\u0012������6�O\n",
        "ySm�E�[�A�\u0014'nC��9�W\u001A�ڠ��nqpOQ\\��\u0001.�L�\u001D�O=��B�T'�Ba4n�����L�k�t^�m\u0014��{�����b�3+�\u001C(�\u001ASm��?��u|25_ɟ\u0010Ԁ�=J��8r\u0012P�ëp�BcZ\n",
        "\u0017ڄu��2\u0012��,�$\"V[}�A~�5 }�\u0004\u0004�\u000Bc��n����)>�i�m��\u00A0T\u0014QW!ۊ�\u0006���i\u0006g�0*�)\\_S��\u0015��s�8Act�\u0011�ړ\n",
        "\u0015@��E���\u0006ض�3v����u��\u001BFoM�L�\u000EV9V��\u0013\u001Cj�g�\u0016\u0003���\u000E�{B\u0012�d�>���V��\n",
        "���_��b�JND���Y����_y�CI��E\u0019!�Y�,\u000BV\u0011���^���ī�\u001Ev�O���:��lUm+iI�f�j��qH�\f�J���\u007F�=��x����yu��\u0014��A��A1z\u0004X��͘e�\r",
        "��0����zQs�*��\u0007�\\U��B�\\\u000B/� 0\u0001�^��h���\n",
        "\\p�\u0016}͡P\u0007���pC���<Z$QͰ�y{\u0015\u0003g��\u0018\u0014Q�\"�+3�"
      ]
    },
    {
      "RequestUri": "https://seancanary.blob.core.windows.net/test-container-f5c25213-12b7-c512-e998-72dd9a1fdde4/test-blob-a71e403e-2129-1864-1c20-e391327960e5?sv=Sanitized&se=2024-06-08T01%3A27%3A24Z&sr=b&sp=racwdxyltmei&sig=Sanitized",
      "RequestMethod": "GET",
      "RequestHeaders": {
        "Accept": "application/xml",
        "If-Match": "\"0x8DC8690FD8E4BFD\"",
        "User-Agent": "azsdk-net-Storage.Blobs/12.21.0-alpha.20240606.1 (.NET 7.0.20; Microsoft Windows 10.0.22631)",
        "x-ms-client-request-id": "Sanitized",
        "x-ms-range": "bytes=0-4194303",
        "x-ms-return-client-request-id": "true",
        "x-ms-version": "2024-08-04"
      },
      "RequestBody": null,
      "StatusCode": 206,
      "ResponseHeaders": {
        "Accept-Ranges": "bytes",
        "Access-Control-Allow-Origin": "*",
        "Access-Control-Expose-Headers": "x-ms-request-id,x-ms-client-request-id,Server,x-ms-version,x-ms-version-id,x-ms-is-current-version,x-ms-meta-foo,x-ms-meta-meta,x-ms-meta-Capital,x-ms-meta-UPPER,Content-Type,Content-Language,Cache-Control,Last-Modified,ETag,x-ms-creation-time,x-ms-blob-content-md5,x-ms-lease-status,x-ms-lease-state,x-ms-blob-type,Content-Disposition,x-ms-server-encrypted,Accept-Ranges,Content-Length,Date,Transfer-Encoding",
        "Cache-Control": "no-cache",
        "Content-Disposition": "inline",
        "Content-Language": "en-US",
        "Content-Length": "3682",
        "Content-Range": "bytes 0-2047/2048",
        "Content-Type": "text/plain",
        "Date": "Fri, 07 Jun 2024 01:27:27 GMT",
        "ETag": "\"0x8DC8690FD8E4BFD\"",
        "Last-Modified": "Fri, 07 Jun 2024 01:27:26 GMT",
        "Server": [
          "Windows-Azure-Blob/1.0",
          "Microsoft-HTTPAPI/2.0"
        ],
        "x-ms-blob-content-md5": "oKxeUk/Os0DU3ePtUwdt1g==",
        "x-ms-blob-type": "BlockBlob",
        "x-ms-client-request-id": "Sanitized",
        "x-ms-creation-time": "Fri, 07 Jun 2024 01:27:26 GMT",
        "x-ms-is-current-version": "true",
        "x-ms-lease-state": "available",
        "x-ms-lease-status": "unlocked",
        "x-ms-meta-Capital": "letter",
        "x-ms-meta-foo": "bar",
        "x-ms-meta-meta": "data",
        "x-ms-meta-UPPER": "case",
        "x-ms-request-id": "dc74ab34-d01e-00de-0379-b8e2c7000000",
        "x-ms-server-encrypted": "true",
        "x-ms-version": "2024-08-04",
        "x-ms-version-id": "2024-06-07T01:27:26.7141629Z"
      },
      "ResponseBody": [
        "\u0000ˊ�����I�)o� Wr�g�<�>�]�e�\u0014��2�T!���J�*\u001AP\u0017\u000EY�\u001F�e�kDD;�)-\u0003[o�\u000Fz�H\u001AiH��9\u001CO\u0012��NJ�mpg�Ɯ\u0010�\u0016����9�\n",
        "Ս�?N�\u0011��N�2qӞ\u07B8�\u0002$��ë\t�1�ʸ-\u0015}�\u0018��\u000B^�_�\u000Ex��sB���@6pb-�\u001A6ʥ\u0019\u0013\n",
        " ߴ���U�Ol�\u001E�J\u0004+\u0010������\r",
        "\\�3nՓ�Fu\u0003X�)��[�\u001A�ʪD�\u007F\u0016\n",
        "��\u001D)\u001A3\u0001�V�m�ػ}\u007F���<\u0001Ph�`��\u0014b\u0018W�X��9(L�$Ƃi��B5M+����\tiN~�C6�D>x��\r",
        "�DW\\��v~沱����7}Y&\u007F�pꪄ���>+=4\u00144S\t�>R�b����\n",
        "�o%\f�\u001F�\u000FMqY��\u0005ߝ?�t|�`s�d>\u0007f\u001C5�N�y�~�2j\u001E�\u0004��&fL��J�'QaO�g��\u0017,�\u0017�\n",
        "�^\u000Fa�\r",
        "OVڤy�\u000E=\u05FB�W�$'�\u0017��L��\u0006u\u0012�^�V\b<\u007F�=x�v��kYj�\\��,^�DFgߝ�gOe��2h��~\u0006|��U\u0014Y�\u0016�\u001F<��w�\u0000�\u0011�՟=�\u0010�\u0011+-9���ޡ\u001E~��/�ɩc+��\u001A\u00052��\r",
        "�f?��\u0003.��\u0003�`�,X$M4��>֔V��z\u0010'\u0007I��4;ߋ\u0016�,������j���r�9k������\u001D|պ\uE497�y�7z�\u0015K��\u001B\u0002\u000FNG\"ֺ�ɫ4�`���v\u0016��7BxHG��=#\u001F��\f��x�5��3��FE�ֹ\u0012t��\u0001����\u0006�u�|q�\u0005v���*�Ac\b�9t2\u0002��>+�KҼT�4��5=\u0005��$@��\u0011�磒o�\u0013�Ld\u0003c��Q�^3��\u000E�H\b\f%\u0002��P�3��QC\u000B�c�A\f�|�ҟfe��\r",
        "\u00149\u0002V���I�%��rЍ�M\u000E����L\u0001��C:�����\u001E����p1\u0019�\u001C\u000E�\n",
        "�D�\u0018W\u0013 =\u001D�\u0000��VL�Z�\u001Cq���\u0016RiFs�*/���O���0�j�\u0001��S�\u001A�Vq}�z|BR���̬��\r",
        "�\u0011\u0007V\u0001�nM\u0007�CU��,�_��\u0001GE\f�\u0012�B\u0001�\u001F\u000E�m�\u0012�T�\u000F�s��\u000EY�T�\u001E(:\u000B\f�����\u001B+LIƢS���\u0019�\n",
        "\u001E�\\ӯz����`������\u0018�d~�X)�ﻸ3y�\u001F\u001D\u001Bi��\u001C�\u001F7$=���n���\u0000$���\u0004������t�\u007Fٸ{�\u0004\u0557�-Y�l\u007F\u0000!L�p���x{�� <�F7b�\u0012*�\u0015�\u0000�\u0013hhxE\u0017�+�i�@R�Q�a<�M䙢u���YT\u000B\fY��~\u001E�\u00005�\u0013�[���\u0010�����#��z��N9=��\\3��e3�`\u0006<9�=\u0015������w35\n",
        "�\u0004W�~�Z�\u001E�/�to���2��y�<�6�gA�'^)�w�a�S�\u001F�dѷ�6�ww\u000B�DaN��Ǧh��\u00180�'\u0006���\u001F�^O�\u0004\u0015\u001A��\u0000��ə+\u0019ȯ���5���3ۏ߯��WY���I{�B�h\u0000�N��\u000E>�\u0017ą{sg\u0014;�?��Pm\u001Dr?�$\u0019ej\u000FWZ��\u000Ez�\u0010���u\u000E��*��\u000E��L�\u0017�s�W<�$r��. �\u007F\u0005�D.tIy�\u000E�ac�\u007FW�~\n",
        "jkT��Eӗ}c�Y��9\r",
        "�LUbئ��d<��S�\u001B�5#��+k#�Z��\u0016/���)��\n",
        "{\u001C2�\u03786`P�C�H�#\u007F\u0006��))V\u0007�هl�@Q�ɺ\u0011`\u0019��r4®`���B�|�t���%\u00147�FL� �Iy\u001D6�\n",
        "�\u0014�o�f��a�)\u001Cô;\"�0;\u0004�\u0007q%���\u0017\u001F֗���w8�z~m�\u0005�#j\\J\u000EW$\u0006P\u0005�\r",
        "�IG���A\u000E!s��+��,����\u0001�\u0002BFd\bȲ�d�\u0018z�\uE176�ޔ�k�Ն\u001FJl�P�n�\u000B�F\u0004}��y[�\u000E\u0012������6�O\n",
        "ySm�E�[�A�\u0014'nC��9�W\u001A�ڠ��nqpOQ\\��\u0001.�L�\u001D�O=��B�T'�Ba4n�����L�k�t^�m\u0014��{�����b�3+�\u001C(�\u001ASm��?��u|25_ɟ\u0010Ԁ�=J��8r\u0012P�ëp�BcZ\n",
        "\u0017ڄu��2\u0012��,�$\"V[}�A~�5 }�\u0004\u0004�\u000Bc��n����)>�i�m��\u00A0T\u0014QW!ۊ�\u0006���i\u0006g�0*�)\\_S��\u0015��s�8Act�\u0011�ړ\n",
        "\u0015@��E���\u0006ض�3v����u��\u001BFoM�L�\u000EV9V��\u0013\u001Cj�g�\u0016\u0003���\u000E�{B\u0012�d�>���V��\n",
        "���_��b�JND���Y����_y�CI��E\u0019!�Y�,\u000BV\u0011���^���ī�\u001Ev�O���:��lUm+iI�f�j��qH�\f�J���\u007F�=��x����yu��\u0014��A��A1z\u0004X��͘e�\r",
        "��0����zQs�*��\u0007�\\U��B�\\\u000B/� 0\u0001�^��h���\n",
        "\\p�\u0016}͡P\u0007���pC���<Z$QͰ�y{\u0015\u0003g��\u0018\u0014Q�\"�+3�"
      ]
    },
    {
      "RequestUri": "https://seancanary.blob.core.windows.net/test-container-f5c25213-12b7-c512-e998-72dd9a1fdde4?restype=container",
      "RequestMethod": "DELETE",
      "RequestHeaders": {
        "Accept": "application/xml",
        "Authorization": "Sanitized",
        "traceparent": "00-a795b5a4d24f16e440ba93510b101b6a-1e03fa103ba6ea7f-00",
        "User-Agent": "azsdk-net-Storage.Blobs/12.21.0-alpha.20240606.1 (.NET 7.0.20; Microsoft Windows 10.0.22631)",
        "x-ms-client-request-id": "Sanitized",
        "x-ms-date": "Fri, 07 Jun 2024 01:27:25 GMT",
        "x-ms-return-client-request-id": "true",
        "x-ms-version": "2024-08-04"
      },
      "RequestBody": null,
      "StatusCode": 202,
      "ResponseHeaders": {
        "Content-Length": "0",
        "Date": "Fri, 07 Jun 2024 01:27:27 GMT",
        "Server": [
          "Windows-Azure-Blob/1.0",
          "Microsoft-HTTPAPI/2.0"
        ],
        "x-ms-client-request-id": "Sanitized",
        "x-ms-request-id": "dc74ab44-d01e-00de-0e79-b8e2c7000000",
        "x-ms-version": "2024-08-04"
      },
      "ResponseBody": null
    },
    {
      "RequestUri": "https://seancanary.blob.core.windows.net/test-container-0ffa1a97-efba-eb28-2640-f1ad51e2618d?restype=container",
      "RequestMethod": "DELETE",
      "RequestHeaders": {
        "Accept": "application/xml",
        "Authorization": "Sanitized",
        "traceparent": "00-6e612ceabe7ef5b836bbd4a6565cfcb2-f64c2ce8b150105a-00",
        "User-Agent": "azsdk-net-Storage.Blobs/12.21.0-alpha.20240606.1 (.NET 7.0.20; Microsoft Windows 10.0.22631)",
        "x-ms-client-request-id": "Sanitized",
        "x-ms-date": "Fri, 07 Jun 2024 01:27:25 GMT",
        "x-ms-return-client-request-id": "true",
        "x-ms-version": "2024-08-04"
      },
      "RequestBody": null,
      "StatusCode": 202,
      "ResponseHeaders": {
        "Content-Length": "0",
        "Date": "Fri, 07 Jun 2024 01:27:27 GMT",
        "Server": [
          "Windows-Azure-Blob/1.0",
          "Microsoft-HTTPAPI/2.0"
        ],
        "x-ms-client-request-id": "Sanitized",
        "x-ms-request-id": "dc74ab52-d01e-00de-1879-b8e2c7000000",
        "x-ms-version": "2024-08-04"
      },
      "ResponseBody": null
    }
  ],
  "Variables": {
    "DateTimeOffsetNow": "2024-06-06T20:27:24.9776361-05:00",
    "RandomSeed": "825610475",
    "Storage_TestConfigDefault": "ProductionTenant\nseancanary\nU2FuaXRpemVk\nhttps://seancanary.blob.core.windows.net\nhttps://seancanary.file.core.windows.net\nhttps://seancanary.queue.core.windows.net\nhttps://seancanary.table.core.windows.net\n\n\n\n\nhttps://seancanary-secondary.blob.core.windows.net\nhttps://seancanary-secondary.file.core.windows.net\nhttps://seancanary-secondary.queue.core.windows.net\nhttps://seancanary-secondary.table.core.windows.net\nCloud\nBlobEndpoint=https://seancanary.blob.core.windows.net/;QueueEndpoint=https://seancanary.queue.core.windows.net/;FileEndpoint=https://seancanary.file.core.windows.net/;BlobSecondaryEndpoint=https://seancanary-secondary.blob.core.windows.net/;QueueSecondaryEndpoint=https://seancanary-secondary.queue.core.windows.net/;FileSecondaryEndpoint=https://seancanary-secondary.file.core.windows.net/;AccountName=seancanary;AccountKey=Sanitized\nseanscope1\n\n"
  }
}
