{
  "Entries": [
    {
      "RequestUri": "https://amandadev2.blob.core.windows.net/test-container-91b3bff6-45fc-8540-7bfd-72ed8df9d672?restype=container",
      "RequestMethod": "PUT",
      "RequestHeaders": {
        "Accept": "application/xml",
        "Authorization": "Sanitized",
        "Content-Length": "0",
        "traceparent": "00-172540554bb96403eb34db5f337d6392-d5a0f5912317908f-00",
        "User-Agent": "azsdk-net-Storage.Blobs/12.20.0-alpha.20240325.1 (.NET 6.0.28; Microsoft Windows 10.0.22635)",
        "x-ms-blob-public-access": "container",
        "x-ms-client-request-id": "99c4aeba-893b-57d2-2290-09b434f4291a",
        "x-ms-date": "Wed, 27 Mar 2024 23:07:24 GMT",
        "x-ms-return-client-request-id": "true",
        "x-ms-version": "2024-05-04"
      },
      "RequestBody": null,
      "StatusCode": 201,
      "ResponseHeaders": {
        "Content-Length": "0",
        "Date": "Wed, 27 Mar 2024 23:07:25 GMT",
        "ETag": "\u00220x8DC4EB2AAE274EF\u0022",
        "Last-Modified": "Wed, 27 Mar 2024 23:07:25 GMT",
        "Server": [
          "Windows-Azure-Blob/1.0",
          "Microsoft-HTTPAPI/2.0"
        ],
        "x-ms-client-request-id": "99c4aeba-893b-57d2-2290-09b434f4291a",
        "x-ms-request-id": "ee560d45-601e-0006-649b-80465e000000",
        "x-ms-version": "2024-05-04"
      },
      "ResponseBody": null
    },
    {
      "RequestUri": "https://amandadev2.blob.core.windows.net/test-container-6accbf03-5098-111e-92e8-b63b1a05c809?restype=container",
      "RequestMethod": "PUT",
      "RequestHeaders": {
        "Accept": "application/xml",
        "Authorization": "Sanitized",
        "Content-Length": "0",
        "traceparent": "00-65930ea21b290ef446b1479076ca03b2-e62b12122d50fcf5-00",
        "User-Agent": "azsdk-net-Storage.Blobs/12.20.0-alpha.20240325.1 (.NET 6.0.28; Microsoft Windows 10.0.22635)",
        "x-ms-blob-public-access": "container",
        "x-ms-client-request-id": "fd381097-47a5-6988-90b2-0753d2973c1d",
        "x-ms-date": "Wed, 27 Mar 2024 23:07:24 GMT",
        "x-ms-return-client-request-id": "true",
        "x-ms-version": "2024-05-04"
      },
      "RequestBody": null,
      "StatusCode": 201,
      "ResponseHeaders": {
        "Content-Length": "0",
        "Date": "Wed, 27 Mar 2024 23:07:25 GMT",
        "ETag": "\u00220x8DC4EB2AAF33C7E\u0022",
        "Last-Modified": "Wed, 27 Mar 2024 23:07:25 GMT",
        "Server": [
          "Windows-Azure-Blob/1.0",
          "Microsoft-HTTPAPI/2.0"
        ],
        "x-ms-client-request-id": "fd381097-47a5-6988-90b2-0753d2973c1d",
        "x-ms-request-id": "ee560d73-601e-0006-0c9b-80465e000000",
        "x-ms-version": "2024-05-04"
      },
      "ResponseBody": null
    },
    {
      "RequestUri": "https://amandadev2.blob.core.windows.net/test-container-91b3bff6-45fc-8540-7bfd-72ed8df9d672/test-blob-e369ffc8-4bc1-c6e5-881a-4c093ef13519",
      "RequestMethod": "PUT",
      "RequestHeaders": {
        "Accept": "application/xml",
        "Authorization": "Sanitized",
        "Content-Length": "0",
        "If-None-Match": "*",
        "traceparent": "00-c8ad248e4a54fadd5afb3c89e1be7d6e-12e61f33110839a0-00",
        "User-Agent": "azsdk-net-Storage.Blobs/12.20.0-alpha.20240325.1 (.NET 6.0.28; Microsoft Windows 10.0.22635)",
        "x-ms-blob-content-length": "512",
        "x-ms-blob-type": "PageBlob",
        "x-ms-client-request-id": "21a6c50f-8dc1-1893-3a4b-ec75541087f0",
        "x-ms-date": "Wed, 27 Mar 2024 23:07:24 GMT",
        "x-ms-return-client-request-id": "true",
        "x-ms-version": "2024-05-04"
      },
      "RequestBody": null,
      "StatusCode": 201,
      "ResponseHeaders": {
        "Content-Length": "0",
        "Date": "Wed, 27 Mar 2024 23:07:25 GMT",
        "ETag": "\u00220x8DC4EB2AB03E75B\u0022",
        "Last-Modified": "Wed, 27 Mar 2024 23:07:26 GMT",
        "Server": [
          "Windows-Azure-Blob/1.0",
          "Microsoft-HTTPAPI/2.0"
        ],
        "x-ms-client-request-id": "21a6c50f-8dc1-1893-3a4b-ec75541087f0",
        "x-ms-request-id": "ee560da8-601e-0006-399b-80465e000000",
        "x-ms-request-server-encrypted": "true",
        "x-ms-version": "2024-05-04",
        "x-ms-version-id": "2024-03-27T23:07:26.0072795Z"
      },
      "ResponseBody": null
    },
    {
      "RequestUri": "https://amandadev2.blob.core.windows.net/test-container-91b3bff6-45fc-8540-7bfd-72ed8df9d672/test-blob-e369ffc8-4bc1-c6e5-881a-4c093ef13519?comp=page",
      "RequestMethod": "PUT",
      "RequestHeaders": {
        "Accept": "application/xml",
        "Authorization": "Sanitized",
        "Content-Length": "512",
        "Content-Type": "application/octet-stream",
        "traceparent": "00-d141303a2c1da2c1acf2c16b8bad6730-c957905f9bd08aa9-00",
        "User-Agent": "azsdk-net-Storage.Blobs/12.20.0-alpha.20240325.1 (.NET 6.0.28; Microsoft Windows 10.0.22635)",
        "x-ms-client-request-id": "8bf45bd6-c4a1-a187-27fb-147579852e7d",
        "x-ms-date": "Wed, 27 Mar 2024 23:07:24 GMT",
        "x-ms-page-write": "update",
        "x-ms-range": "bytes=0-511",
        "x-ms-return-client-request-id": "true",
        "x-ms-version": "2024-05-04"
      },
      "RequestBody": "bdfy91zbO7mM\u002B5cX0qW7VjgqgVrIcmlPz0gKlth0T0mHN0mjLYzI6nKpipieDTjB8B2Not8vYPpuoycU0aThGKtNkJpcFymsYpbnHufQscIPSaW65qxqV9dONYpktBnNyHLtUH2dZdn04EBISEESnvFlBIf\u002BJjH\u002B4zjDDeKfR619GVV142FEceTMxQVsIQ\u002BVO5eY/7CRzqFB7m1E2lf2VZmSyy7rnbqQIJKjMmErksEpLdJLBkj960q0NPT0AJeM1nBs2lbgqZ3cCN4d7pxAFVyrGqyFq09QlN/jN2nFmyD6F1vxv7hrSYQ0bv1p4P2ucx6YSOXrByogG0V3/XE0Fmy\u002BItdBT1akQNEnUDxS57ThNcRKLVM6Dw8x0KNy80sSAFeQq70mbCTI9AgUw7btzjSQlcet6ekZgxPHD36zMUyFFVDkwTv3usiggThKJktYQwJu4l6DZBZudieqX12lFcK8jq5mCAz5mdr/DWixz13Hb8x8RE7uAbA5dksUTVtr\u002Bmx1jped8Tr1dUmDhFeuvKfK4vCQKNBzzY39LJHB5Ux\u002BkxL7O0DFKn2Shs8Fa31Zi7qkSWpr29KbAcAKoMWoNI/9BPBEsoFmBLhy/qEAbmIQo6DXHJvhE7hAYDmAu4m36VJACGaMFdk4PUWy\u002BNwwmpNe\u002Bvwk0Bf0G/E3BFFH5kk=",
      "StatusCode": 201,
      "ResponseHeaders": {
        "Content-Length": "0",
        "Date": "Wed, 27 Mar 2024 23:07:25 GMT",
        "ETag": "\u00220x8DC4EB2AB15BF14\u0022",
        "Last-Modified": "Wed, 27 Mar 2024 23:07:26 GMT",
        "Server": [
          "Windows-Azure-Blob/1.0",
          "Microsoft-HTTPAPI/2.0"
        ],
        "x-ms-blob-sequence-number": "0",
        "x-ms-client-request-id": "8bf45bd6-c4a1-a187-27fb-147579852e7d",
        "x-ms-content-crc64": "xGMgk8zxyuQ=",
        "x-ms-request-id": "ee560dee-601e-0006-7b9b-80465e000000",
        "x-ms-request-server-encrypted": "true",
        "x-ms-version": "2024-05-04"
      },
      "ResponseBody": null
    },
    {
      "RequestUri": "https://amandadev2.blob.core.windows.net/test-container-91b3bff6-45fc-8540-7bfd-72ed8df9d672/test-blob-e369ffc8-4bc1-c6e5-881a-4c093ef13519?sv=2024-05-04\u0026se=2024-03-28T23%3A07%3A24Z\u0026sr=b\u0026sp=racwdxyltmei\u0026sig=Sanitized",
      "RequestMethod": "HEAD",
      "RequestHeaders": {
        "Accept": "application/xml",
        "traceparent": "00-30248b8ebd0543b0df900062f509fd60-93469151f02e94a0-00",
        "User-Agent": "azsdk-net-Storage.Blobs/12.20.0-alpha.20240325.1 (.NET 6.0.28; Microsoft Windows 10.0.22635)",
        "x-ms-client-request-id": "f89effac-fc1c-924f-74e2-16cccc64b4dc",
        "x-ms-return-client-request-id": "true",
        "x-ms-version": "2024-05-04"
      },
      "RequestBody": null,
      "StatusCode": 200,
      "ResponseHeaders": {
        "Accept-Ranges": "bytes",
        "Content-Length": "512",
        "Content-Type": "application/octet-stream",
        "Date": "Wed, 27 Mar 2024 23:07:26 GMT",
        "ETag": "\u00220x8DC4EB2AB15BF14\u0022",
        "Last-Modified": "Wed, 27 Mar 2024 23:07:26 GMT",
        "Server": [
          "Windows-Azure-Blob/1.0",
          "Microsoft-HTTPAPI/2.0"
        ],
        "x-ms-blob-sequence-number": "0",
        "x-ms-blob-type": "PageBlob",
        "x-ms-client-request-id": "f89effac-fc1c-924f-74e2-16cccc64b4dc",
        "x-ms-creation-time": "Wed, 27 Mar 2024 23:07:26 GMT",
        "x-ms-is-current-version": "true",
        "x-ms-lease-state": "available",
        "x-ms-lease-status": "unlocked",
        "x-ms-request-id": "ee560e64-601e-0006-6b9b-80465e000000",
        "x-ms-server-encrypted": "true",
        "x-ms-version": "2024-05-04",
        "x-ms-version-id": "2024-03-27T23:07:26.0072795Z"
      },
      "ResponseBody": null
    },
    {
      "RequestUri": "https://amandadev2.blob.core.windows.net/test-container-6accbf03-5098-111e-92e8-b63b1a05c809/test-blob-0aa3d050-cacd-0363-c8c9-4e8234e4df87?sv=2024-05-04\u0026se=2024-03-28T23%3A07%3A24Z\u0026sr=b\u0026sp=racwdxyltmei\u0026sig=Sanitized",
      "RequestMethod": "PUT",
      "RequestHeaders": {
        "Accept": "application/xml",
        "Content-Length": "0",
        "If-None-Match": "*",
        "traceparent": "00-bf1784c7d9cfb35ca80d173c93eb9cee-a9fefd50aaae4c79-00",
        "User-Agent": "azsdk-net-Storage.Blobs/12.20.0-alpha.20240325.1 (.NET 6.0.28; Microsoft Windows 10.0.22635)",
        "x-ms-blob-type": "BlockBlob",
        "x-ms-client-request-id": "79c81214-36e7-4361-5ef5-e5c9c6466187",
        "x-ms-copy-source": "https://amandadev2.blob.core.windows.net/test-container-91b3bff6-45fc-8540-7bfd-72ed8df9d672/test-blob-e369ffc8-4bc1-c6e5-881a-4c093ef13519?sv=2024-05-04\u0026se=2024-03-28T23%3A07%3A24Z\u0026sr=b\u0026sp=racwdxyltmei\u0026sig=Sanitized",
        "x-ms-return-client-request-id": "true",
        "x-ms-version": "2024-05-04"
      },
      "RequestBody": null,
      "StatusCode": 201,
      "ResponseHeaders": {
        "Content-Length": "0",
        "Date": "Wed, 27 Mar 2024 23:07:26 GMT",
        "ETag": "\u00220x8DC4EB2AB385D41\u0022",
        "Last-Modified": "Wed, 27 Mar 2024 23:07:26 GMT",
        "Server": [
          "Windows-Azure-Blob/1.0",
          "Microsoft-HTTPAPI/2.0"
        ],
        "x-ms-client-request-id": "79c81214-36e7-4361-5ef5-e5c9c6466187",
        "x-ms-content-crc64": "xGMgk8zxyuQ=",
        "x-ms-request-id": "ee560ec2-601e-0006-479b-80465e000000",
        "x-ms-request-server-encrypted": "true",
        "x-ms-version": "2024-05-04",
        "x-ms-version-id": "2024-03-27T23:07:26.3510849Z"
      },
      "ResponseBody": null
    },
    {
      "RequestUri": "https://amandadev2.blob.core.windows.net/test-container-91b3bff6-45fc-8540-7bfd-72ed8df9d672/test-blob-e369ffc8-4bc1-c6e5-881a-4c093ef13519?sv=2024-05-04\u0026se=2024-03-28T23%3A07%3A24Z\u0026sr=b\u0026sp=racwdxyltmei\u0026sig=Sanitized",
      "RequestMethod": "HEAD",
      "RequestHeaders": {
        "Accept": "application/xml",
        "traceparent": "00-925c222108b07a0c2650f1b5eef2e40a-3cd884e42ae3443f-00",
        "User-Agent": "azsdk-net-Storage.Blobs/12.20.0-alpha.20240325.1 (.NET 6.0.28; Microsoft Windows 10.0.22635)",
        "x-ms-client-request-id": "bab8255f-3a9c-12f5-8fd9-25bb5f783402",
        "x-ms-return-client-request-id": "true",
        "x-ms-version": "2024-05-04"
      },
      "RequestBody": null,
      "StatusCode": 200,
      "ResponseHeaders": {
        "Accept-Ranges": "bytes",
        "Content-Length": "512",
        "Content-Type": "application/octet-stream",
        "Date": "Wed, 27 Mar 2024 23:07:26 GMT",
        "ETag": "\u00220x8DC4EB2AB15BF14\u0022",
        "Last-Modified": "Wed, 27 Mar 2024 23:07:26 GMT",
        "Server": [
          "Windows-Azure-Blob/1.0",
          "Microsoft-HTTPAPI/2.0"
        ],
        "x-ms-blob-sequence-number": "0",
        "x-ms-blob-type": "PageBlob",
        "x-ms-client-request-id": "bab8255f-3a9c-12f5-8fd9-25bb5f783402",
        "x-ms-creation-time": "Wed, 27 Mar 2024 23:07:26 GMT",
        "x-ms-is-current-version": "true",
        "x-ms-lease-state": "available",
        "x-ms-lease-status": "unlocked",
        "x-ms-request-id": "ee561027-601e-0006-1f9b-80465e000000",
        "x-ms-server-encrypted": "true",
        "x-ms-version": "2024-05-04",
        "x-ms-version-id": "2024-03-27T23:07:26.0072795Z"
      },
      "ResponseBody": null
    },
    {
      "RequestUri": "https://amandadev2.blob.core.windows.net/test-container-6accbf03-5098-111e-92e8-b63b1a05c809/test-blob-0aa3d050-cacd-0363-c8c9-4e8234e4df87?sv=2024-05-04\u0026se=2024-03-28T23%3A07%3A24Z\u0026sr=b\u0026sp=racwdxyltmei\u0026sig=Sanitized",
      "RequestMethod": "HEAD",
      "RequestHeaders": {
        "Accept": "application/xml",
        "traceparent": "00-70444cc8d3b72be5f0041857fd85d32a-ed42e64d00c3c7ae-00",
        "User-Agent": "azsdk-net-Storage.Blobs/12.20.0-alpha.20240325.1 (.NET 6.0.28; Microsoft Windows 10.0.22635)",
        "x-ms-client-request-id": "a069ae68-a68d-8aea-ecf0-9f3f3e960845",
        "x-ms-return-client-request-id": "true",
        "x-ms-version": "2024-05-04"
      },
      "RequestBody": null,
      "StatusCode": 200,
      "ResponseHeaders": {
        "Accept-Ranges": "bytes",
        "Content-Length": "512",
        "Content-MD5": "gjrjqLEVohkUpVZXwp2/dQ==",
        "Content-Type": "application/octet-stream",
        "Date": "Wed, 27 Mar 2024 23:07:26 GMT",
        "ETag": "\u00220x8DC4EB2AB385D41\u0022",
        "Last-Modified": "Wed, 27 Mar 2024 23:07:26 GMT",
        "Server": [
          "Windows-Azure-Blob/1.0",
          "Microsoft-HTTPAPI/2.0"
        ],
        "x-ms-access-tier": "Hot",
        "x-ms-access-tier-inferred": "true",
        "x-ms-blob-type": "BlockBlob",
        "x-ms-client-request-id": "a069ae68-a68d-8aea-ecf0-9f3f3e960845",
        "x-ms-creation-time": "Wed, 27 Mar 2024 23:07:26 GMT",
        "x-ms-is-current-version": "true",
        "x-ms-lease-state": "available",
        "x-ms-lease-status": "unlocked",
        "x-ms-request-id": "ee561098-601e-0006-0f9b-80465e000000",
        "x-ms-server-encrypted": "true",
        "x-ms-version": "2024-05-04",
        "x-ms-version-id": "2024-03-27T23:07:26.3510849Z"
      },
      "ResponseBody": null
    },
    {
      "RequestUri": "https://amandadev2.blob.core.windows.net/test-container-91b3bff6-45fc-8540-7bfd-72ed8df9d672/test-blob-e369ffc8-4bc1-c6e5-881a-4c093ef13519?sv=2024-05-04\u0026se=2024-03-28T23%3A07%3A24Z\u0026sr=b\u0026sp=racwdxyltmei\u0026sig=Sanitized",
      "RequestMethod": "GET",
      "RequestHeaders": {
        "Accept": "application/xml",
        "If-Match": "\u00220x8DC4EB2AB15BF14\u0022",
        "User-Agent": "azsdk-net-Storage.Blobs/12.20.0-alpha.20240325.1 (.NET 6.0.28; Microsoft Windows 10.0.22635)",
        "x-ms-client-request-id": "b052ecf2-930f-be74-2dda-374bb498722a",
        "x-ms-range": "bytes=0-4194303",
        "x-ms-return-client-request-id": "true",
        "x-ms-version": "2024-05-04"
      },
      "RequestBody": null,
      "StatusCode": 206,
      "ResponseHeaders": {
        "Accept-Ranges": "bytes",
        "Content-Length": "512",
        "Content-Range": "bytes 0-511/512",
        "Content-Type": "application/octet-stream",
        "Date": "Wed, 27 Mar 2024 23:07:26 GMT",
        "ETag": "\u00220x8DC4EB2AB15BF14\u0022",
        "Last-Modified": "Wed, 27 Mar 2024 23:07:26 GMT",
        "Server": [
          "Windows-Azure-Blob/1.0",
          "Microsoft-HTTPAPI/2.0"
        ],
        "x-ms-blob-sequence-number": "0",
        "x-ms-blob-type": "PageBlob",
        "x-ms-client-request-id": "b052ecf2-930f-be74-2dda-374bb498722a",
        "x-ms-creation-time": "Wed, 27 Mar 2024 23:07:26 GMT",
        "x-ms-is-current-version": "true",
        "x-ms-lease-state": "available",
        "x-ms-lease-status": "unlocked",
        "x-ms-request-id": "ee561115-601e-0006-079b-80465e000000",
        "x-ms-server-encrypted": "true",
        "x-ms-version": "2024-05-04",
        "x-ms-version-id": "2024-03-27T23:07:26.0072795Z"
      },
      "ResponseBody": "bdfy91zbO7mM\u002B5cX0qW7VjgqgVrIcmlPz0gKlth0T0mHN0mjLYzI6nKpipieDTjB8B2Not8vYPpuoycU0aThGKtNkJpcFymsYpbnHufQscIPSaW65qxqV9dONYpktBnNyHLtUH2dZdn04EBISEESnvFlBIf\u002BJjH\u002B4zjDDeKfR619GVV142FEceTMxQVsIQ\u002BVO5eY/7CRzqFB7m1E2lf2VZmSyy7rnbqQIJKjMmErksEpLdJLBkj960q0NPT0AJeM1nBs2lbgqZ3cCN4d7pxAFVyrGqyFq09QlN/jN2nFmyD6F1vxv7hrSYQ0bv1p4P2ucx6YSOXrByogG0V3/XE0Fmy\u002BItdBT1akQNEnUDxS57ThNcRKLVM6Dw8x0KNy80sSAFeQq70mbCTI9AgUw7btzjSQlcet6ekZgxPHD36zMUyFFVDkwTv3usiggThKJktYQwJu4l6DZBZudieqX12lFcK8jq5mCAz5mdr/DWixz13Hb8x8RE7uAbA5dksUTVtr\u002Bmx1jped8Tr1dUmDhFeuvKfK4vCQKNBzzY39LJHB5Ux\u002BkxL7O0DFKn2Shs8Fa31Zi7qkSWpr29KbAcAKoMWoNI/9BPBEsoFmBLhy/qEAbmIQo6DXHJvhE7hAYDmAu4m36VJACGaMFdk4PUWy\u002BNwwmpNe\u002Bvwk0Bf0G/E3BFFH5kk="
    },
    {
      "RequestUri": "https://amandadev2.blob.core.windows.net/test-container-6accbf03-5098-111e-92e8-b63b1a05c809/test-blob-0aa3d050-cacd-0363-c8c9-4e8234e4df87?sv=2024-05-04\u0026se=2024-03-28T23%3A07%3A24Z\u0026sr=b\u0026sp=racwdxyltmei\u0026sig=Sanitized",
      "RequestMethod": "GET",
      "RequestHeaders": {
        "Accept": "application/xml",
        "If-Match": "\u00220x8DC4EB2AB385D41\u0022",
        "User-Agent": "azsdk-net-Storage.Blobs/12.20.0-alpha.20240325.1 (.NET 6.0.28; Microsoft Windows 10.0.22635)",
        "x-ms-client-request-id": "514c1a63-5743-dd36-3933-16e731af57b5",
        "x-ms-range": "bytes=0-4194303",
        "x-ms-return-client-request-id": "true",
        "x-ms-version": "2024-05-04"
      },
      "RequestBody": null,
      "StatusCode": 206,
      "ResponseHeaders": {
        "Accept-Ranges": "bytes",
        "Content-Length": "512",
        "Content-Range": "bytes 0-511/512",
        "Content-Type": "application/octet-stream",
        "Date": "Wed, 27 Mar 2024 23:07:26 GMT",
        "ETag": "\u00220x8DC4EB2AB385D41\u0022",
        "Last-Modified": "Wed, 27 Mar 2024 23:07:26 GMT",
        "Server": [
          "Windows-Azure-Blob/1.0",
          "Microsoft-HTTPAPI/2.0"
        ],
        "x-ms-blob-content-md5": "gjrjqLEVohkUpVZXwp2/dQ==",
        "x-ms-blob-type": "BlockBlob",
        "x-ms-client-request-id": "514c1a63-5743-dd36-3933-16e731af57b5",
        "x-ms-creation-time": "Wed, 27 Mar 2024 23:07:26 GMT",
        "x-ms-is-current-version": "true",
        "x-ms-lease-state": "available",
        "x-ms-lease-status": "unlocked",
        "x-ms-request-id": "ee5611a4-601e-0006-0f9b-80465e000000",
        "x-ms-server-encrypted": "true",
        "x-ms-version": "2024-05-04",
        "x-ms-version-id": "2024-03-27T23:07:26.3510849Z"
      },
      "ResponseBody": "bdfy91zbO7mM\u002B5cX0qW7VjgqgVrIcmlPz0gKlth0T0mHN0mjLYzI6nKpipieDTjB8B2Not8vYPpuoycU0aThGKtNkJpcFymsYpbnHufQscIPSaW65qxqV9dONYpktBnNyHLtUH2dZdn04EBISEESnvFlBIf\u002BJjH\u002B4zjDDeKfR619GVV142FEceTMxQVsIQ\u002BVO5eY/7CRzqFB7m1E2lf2VZmSyy7rnbqQIJKjMmErksEpLdJLBkj960q0NPT0AJeM1nBs2lbgqZ3cCN4d7pxAFVyrGqyFq09QlN/jN2nFmyD6F1vxv7hrSYQ0bv1p4P2ucx6YSOXrByogG0V3/XE0Fmy\u002BItdBT1akQNEnUDxS57ThNcRKLVM6Dw8x0KNy80sSAFeQq70mbCTI9AgUw7btzjSQlcet6ekZgxPHD36zMUyFFVDkwTv3usiggThKJktYQwJu4l6DZBZudieqX12lFcK8jq5mCAz5mdr/DWixz13Hb8x8RE7uAbA5dksUTVtr\u002Bmx1jped8Tr1dUmDhFeuvKfK4vCQKNBzzY39LJHB5Ux\u002BkxL7O0DFKn2Shs8Fa31Zi7qkSWpr29KbAcAKoMWoNI/9BPBEsoFmBLhy/qEAbmIQo6DXHJvhE7hAYDmAu4m36VJACGaMFdk4PUWy\u002BNwwmpNe\u002Bvwk0Bf0G/E3BFFH5kk="
    },
    {
      "RequestUri": "https://amandadev2.blob.core.windows.net/test-container-6accbf03-5098-111e-92e8-b63b1a05c809?restype=container",
      "RequestMethod": "DELETE",
      "RequestHeaders": {
        "Accept": "application/xml",
        "Authorization": "Sanitized",
        "traceparent": "00-012e1604800d075c5b68a82ec41bbae4-35554b79935bbab3-00",
        "User-Agent": "azsdk-net-Storage.Blobs/12.20.0-alpha.20240325.1 (.NET 6.0.28; Microsoft Windows 10.0.22635)",
        "x-ms-client-request-id": "99e7fecf-214b-ffe6-3ff4-9ee68d8ecd04",
        "x-ms-date": "Wed, 27 Mar 2024 23:07:25 GMT",
        "x-ms-return-client-request-id": "true",
        "x-ms-version": "2024-05-04"
      },
      "RequestBody": null,
      "StatusCode": 202,
      "ResponseHeaders": {
        "Content-Length": "0",
        "Date": "Wed, 27 Mar 2024 23:07:26 GMT",
        "Server": [
          "Windows-Azure-Blob/1.0",
          "Microsoft-HTTPAPI/2.0"
        ],
        "x-ms-client-request-id": "99e7fecf-214b-ffe6-3ff4-9ee68d8ecd04",
        "x-ms-request-id": "ee56120e-601e-0006-6f9b-80465e000000",
        "x-ms-version": "2024-05-04"
      },
      "ResponseBody": null
    },
    {
      "RequestUri": "https://amandadev2.blob.core.windows.net/test-container-91b3bff6-45fc-8540-7bfd-72ed8df9d672?restype=container",
      "RequestMethod": "DELETE",
      "RequestHeaders": {
        "Accept": "application/xml",
        "Authorization": "Sanitized",
        "traceparent": "00-c88dd2949d830e9be786a9d3719308f6-09fd0261ac529a94-00",
        "User-Agent": "azsdk-net-Storage.Blobs/12.20.0-alpha.20240325.1 (.NET 6.0.28; Microsoft Windows 10.0.22635)",
        "x-ms-client-request-id": "33179722-bdc7-7369-e9e5-caec1684c1e7",
        "x-ms-date": "Wed, 27 Mar 2024 23:07:25 GMT",
        "x-ms-return-client-request-id": "true",
        "x-ms-version": "2024-05-04"
      },
      "RequestBody": null,
      "StatusCode": 202,
      "ResponseHeaders": {
        "Content-Length": "0",
        "Date": "Wed, 27 Mar 2024 23:07:27 GMT",
        "Server": [
          "Windows-Azure-Blob/1.0",
          "Microsoft-HTTPAPI/2.0"
        ],
        "x-ms-client-request-id": "33179722-bdc7-7369-e9e5-caec1684c1e7",
        "x-ms-request-id": "ee56125f-601e-0006-3c9b-80465e000000",
        "x-ms-version": "2024-05-04"
      },
      "ResponseBody": null
    }
  ],
  "Variables": {
    "DateTimeOffsetNow": "2024-03-27T16:07:24.7460237-07:00",
    "RandomSeed": "645580810",
    "Storage_TestConfigDefault": "ProductionTenant\namandadev2\nU2FuaXRpemVk\nhttps://amandadev2.blob.core.windows.net\nhttps://amandadev2.file.core.windows.net\nhttps://amandadev2.queue.core.windows.net\nhttps://amandadev2.table.core.windows.net\n\n\n\n\nhttps://amandadev2-secondary.blob.core.windows.net\nhttps://amandadev2-secondary.file.core.windows.net\nhttps://amandadev2-secondary.queue.core.windows.net\nhttps://amandadev2-secondary.table.core.windows.net\n\nSanitized\n\n\nCloud\nBlobEndpoint=https://amandadev2.blob.core.windows.net/;QueueEndpoint=https://amandadev2.queue.core.windows.net/;FileEndpoint=https://amandadev2.file.core.windows.net/;BlobSecondaryEndpoint=https://amandadev2-secondary.blob.core.windows.net/;QueueSecondaryEndpoint=https://amandadev2-secondary.queue.core.windows.net/;FileSecondaryEndpoint=https://amandadev2-secondary.file.core.windows.net/;AccountName=amandadev2;AccountKey=Sanitized\nencryptionScope\n\n"
  }
}
