{
  "Entries": [
    {
      "RequestUri": "https://fakeHost.api.wus2.digitaltwins.azure.net/models/dtmi%3Aexample%3Afloor%3B16447287?includeModelDefinition=true&api-version=2023-10-31",
      "RequestMethod": "GET",
      "RequestHeaders": {
        "Accept": "application/json",
        "Authorization": "Sanitized",
        "traceparent": "00-85d2ba61070fffe9c5d5186483f6c1ec-b008df0f2e8dee85-00",
        "User-Agent": "azsdk-net-DigitalTwins.Core/1.6.0-alpha.20250502.1 (.NET 9.0.4; Microsoft Windows 10.0.26100)",
        "x-ms-client-request-id": "Sanitized",
        "x-ms-return-client-request-id": "true"
      },
      "RequestBody": null,
      "StatusCode": 404,
      "ResponseHeaders": {
        "Content-Length": "212",
        "Content-Type": "application/json; charset=utf-8",
        "Date": "Fri, 02 May 2025 20:52:54 GMT",
        "mise-correlation-id": "e0b66ba9-2c9c-40a5-8250-6e390a38ce43",
        "Strict-Transport-Security": "max-age=2592000",
        "traceresponse": "00-85d2ba61070fffe9c5d5186483f6c1ec-6959df1d8dbb5271-01",
        "x-ms-error-code": "ModelNotFound"
      },
      "ResponseBody": {
        "error": {
          "code": "ModelNotFound",
          "message": "There is no Model(s) available that matches the provided id(s) dtmi:example:floor;16447287. Check that the Model ID provided is valid by doing a Model_List API call."
        }
      }
    },
    {
      "RequestUri": "https://fakeHost.api.wus2.digitaltwins.azure.net/models/dtmi%3Aexample%3Aroom%3B113440011?includeModelDefinition=true&api-version=2023-10-31",
      "RequestMethod": "GET",
      "RequestHeaders": {
        "Accept": "application/json",
        "Authorization": "Sanitized",
        "traceparent": "00-97ba1e2581bd75d357ffc06c2798541c-6a87c87c2b1a52df-00",
        "User-Agent": "azsdk-net-DigitalTwins.Core/1.6.0-alpha.20250502.1 (.NET 9.0.4; Microsoft Windows 10.0.26100)",
        "x-ms-client-request-id": "Sanitized",
        "x-ms-return-client-request-id": "true"
      },
      "RequestBody": null,
      "StatusCode": 404,
      "ResponseHeaders": {
        "Content-Length": "212",
        "Content-Type": "application/json; charset=utf-8",
        "Date": "Fri, 02 May 2025 20:52:54 GMT",
        "mise-correlation-id": "32b888cf-c83d-4405-8928-1d9e83dffb61",
        "Strict-Transport-Security": "max-age=2592000",
        "traceresponse": "00-97ba1e2581bd75d357ffc06c2798541c-629e25db29d6e6b8-01",
        "x-ms-error-code": "ModelNotFound"
      },
      "ResponseBody": {
        "error": {
          "code": "ModelNotFound",
          "message": "There is no Model(s) available that matches the provided id(s) dtmi:example:room;113440011. Check that the Model ID provided is valid by doing a Model_List API call."
        }
      }
    },
    {
      "RequestUri": "https://fakeHost.api.wus2.digitaltwins.azure.net/models?api-version=2023-10-31",
      "RequestMethod": "POST",
      "RequestHeaders": {
        "Accept": "application/json",
        "Authorization": "Sanitized",
        "Content-Length": "804",
        "Content-Type": "application/json",
        "traceparent": "00-ecf9e52d371231a3eca9ac6e913c3b17-1d6b16864a32f79b-00",
        "User-Agent": "azsdk-net-DigitalTwins.Core/1.6.0-alpha.20250502.1 (.NET 9.0.4; Microsoft Windows 10.0.26100)",
        "x-ms-client-request-id": "Sanitized",
        "x-ms-return-client-request-id": "true"
      },
      "RequestBody": "[{    \"@id\": \"dtmi:example:room;113440011\",    \"@type\": \"Interface\",    \"displayName\": \"Room\",    \"description\": \"An enclosure inside a building.\",    \"contents\": [        {            \"@type\": \"Relationship\",            \"name\": \"containedIn\",            \"target\": \"dtmi:example:floor;16447287\"        },        {            \"@type\": \"Property\",            \"name\": \"Temperature\",            \"schema\": \"double\"        },        {            \"@type\": \"Property\",            \"name\": \"Humidity\",            \"schema\": \"double\"        },        {            \"@type\": \"Property\",            \"name\": \"IsOccupied\",            \"schema\": \"boolean\"        },        {            \"@type\": \"Property\",            \"name\": \"EmployeeId\",            \"schema\": \"string\"        }    ],    \"@context\": \"dtmi:dtdl:context;2\"}]",
      "StatusCode": 201,
      "ResponseHeaders": {
        "Content-Length": "193",
        "Content-Type": "application/json; charset=utf-8",
        "Date": "Fri, 02 May 2025 20:52:54 GMT",
        "mise-correlation-id": "d7621439-dd35-4c84-98a4-7a6ec661b63f",
        "Strict-Transport-Security": "max-age=2592000",
        "traceresponse": "00-ecf9e52d371231a3eca9ac6e913c3b17-4eb135a122e1b3c7-01"
      },
      "ResponseBody": "[{\"id\":\"dtmi:example:room;113440011\",\"description\":{\"en\":\"An enclosure inside a building.\"},\"displayName\":{\"en\":\"Room\"},\"decommissioned\":false,\"uploadTime\":\"2025-05-02T20:52:55.2766635+00:00\"}]"
    },
    {
      "RequestUri": "https://fakeHost.api.wus2.digitaltwins.azure.net/models?api-version=2023-10-31",
      "RequestMethod": "GET",
      "RequestHeaders": {
        "Accept": "application/json",
        "Authorization": "Sanitized",
        "traceparent": "00-825eb07417fed3b70d11e45531048f7f-3436d09cd66df59e-00",
        "User-Agent": "azsdk-net-DigitalTwins.Core/1.6.0-alpha.20250502.1 (.NET 9.0.4; Microsoft Windows 10.0.26100)",
        "x-ms-client-request-id": "Sanitized",
        "x-ms-return-client-request-id": "true"
      },
      "RequestBody": null,
      "StatusCode": 200,
      "ResponseHeaders": {
        "Content-Length": "219",
        "Content-Type": "application/json; charset=utf-8",
        "Date": "Fri, 02 May 2025 20:52:54 GMT",
        "mise-correlation-id": "140f7a7b-08a8-4df0-b304-61e880e722d4",
        "Strict-Transport-Security": "max-age=2592000",
        "traceresponse": "00-825eb07417fed3b70d11e45531048f7f-dc024299e5bf4522-01"
      },
      "ResponseBody": {
        "value": [
          {
            "id": "dtmi:example:room;113440011",
            "description": {
              "en": "An enclosure inside a building."
            },
            "displayName": {
              "en": "Room"
            },
            "decommissioned": false,
            "uploadTime": "2025-05-02T20:52:55.2766635+00:00"
          }
        ],
        "nextLink": null
      }
    },
    {
      "RequestUri": "https://fakeHost.api.wus2.digitaltwins.azure.net/digitaltwins/roomTwin1234685680?api-version=2023-10-31",
      "RequestMethod": "GET",
      "RequestHeaders": {
        "Accept": "application/json",
        "Authorization": "Sanitized",
        "traceparent": "00-cb1d8441ff89d9d740cbd8d009ab0e9f-b9970f17948d2ccf-00",
        "User-Agent": "azsdk-net-DigitalTwins.Core/1.6.0-alpha.20250502.1 (.NET 9.0.4; Microsoft Windows 10.0.26100)",
        "x-ms-client-request-id": "Sanitized",
        "x-ms-return-client-request-id": "true"
      },
      "RequestBody": null,
      "StatusCode": 404,
      "ResponseHeaders": {
        "Content-Length": "272",
        "Content-Type": "application/json; charset=utf-8",
        "Date": "Fri, 02 May 2025 20:52:55 GMT",
        "mise-correlation-id": "787c9529-d30f-437d-81f2-7b2c1b2fd700",
        "Strict-Transport-Security": "max-age=2592000",
        "traceresponse": "00-cb1d8441ff89d9d740cbd8d009ab0e9f-66272be2b3778a99-01",
        "x-ms-error-code": "DigitalTwinNotFound"
      },
      "ResponseBody": {
        "error": {
          "code": "DigitalTwinNotFound",
          "message": "There is no digital twin instance that exists with the ID roomTwin1234685680. Please verify that the twin id is valid and ensure that the twin is not deleted. See section on querying the twins https://aka.ms/adtv2query."
        }
      }
    },
    {
      "RequestUri": "https://fakeHost.api.wus2.digitaltwins.azure.net/digitaltwins/roomTwin1234685680?api-version=2023-10-31",
      "RequestMethod": "PUT",
      "RequestHeaders": {
        "Accept": "application/json",
        "Authorization": "Sanitized",
        "Content-Length": "154",
        "Content-Type": "application/json",
        "traceparent": "00-2182bd10debdd107ddf64663815549ee-3ea3731fb66834e5-00",
        "User-Agent": "azsdk-net-DigitalTwins.Core/1.6.0-alpha.20250502.1 (.NET 9.0.4; Microsoft Windows 10.0.26100)",
        "x-ms-client-request-id": "Sanitized",
        "x-ms-return-client-request-id": "true"
      },
      "RequestBody": {
        "$dtId": null,
        "$etag": null,
        "Temperature": 80,
        "Humidity": 25,
        "IsOccupied": true,
        "EmployeeId": "Employee1",
        "$metadata": {
          "$model": "dtmi:example:room;113440011"
        }
      },
      "StatusCode": 200,
      "ResponseHeaders": {
        "Content-Length": "510",
        "Content-Type": "application/json; charset=utf-8",
        "Date": "Fri, 02 May 2025 20:52:55 GMT",
        "ETag": "W/\"7b68e760-5f7e-4a39-9b2a-44b192b7bbc9\"",
        "mise-correlation-id": "a30d478f-c3d1-4cda-b232-a346a6d11c79",
        "Strict-Transport-Security": "max-age=2592000",
        "traceresponse": "00-2182bd10debdd107ddf64663815549ee-16e4e7147f21b2b1-01"
      },
      "ResponseBody": {
        "$dtId": "roomTwin1234685680",
        "$etag": "W/\"7b68e760-5f7e-4a39-9b2a-44b192b7bbc9\"",
        "Temperature": 80,
        "Humidity": 25,
        "IsOccupied": true,
        "EmployeeId": "Employee1",
        "$metadata": {
          "$model": "dtmi:example:room;113440011",
          "$lastUpdateTime": "2025-05-02T20:52:55.9384464Z",
          "Temperature": {
            "lastUpdateTime": "2025-05-02T20:52:55.9384464Z"
          },
          "Humidity": {
            "lastUpdateTime": "2025-05-02T20:52:55.9384464Z"
          },
          "IsOccupied": {
            "lastUpdateTime": "2025-05-02T20:52:55.9384464Z"
          },
          "EmployeeId": {
            "lastUpdateTime": "2025-05-02T20:52:55.9384464Z"
          }
        }
      }
    },
    {
      "RequestUri": "https://fakeHost.api.wus2.digitaltwins.azure.net/digitaltwins/roomTwin76537216?api-version=2023-10-31",
      "RequestMethod": "GET",
      "RequestHeaders": {
        "Accept": "application/json",
        "Authorization": "Sanitized",
        "traceparent": "00-6262e3e102f255a935bd1b91b9852216-34b9746afae7b2e4-00",
        "User-Agent": "azsdk-net-DigitalTwins.Core/1.6.0-alpha.20250502.1 (.NET 9.0.4; Microsoft Windows 10.0.26100)",
        "x-ms-client-request-id": "Sanitized",
        "x-ms-return-client-request-id": "true"
      },
      "RequestBody": null,
      "StatusCode": 404,
      "ResponseHeaders": {
        "Content-Length": "270",
        "Content-Type": "application/json; charset=utf-8",
        "Date": "Fri, 02 May 2025 20:52:55 GMT",
        "mise-correlation-id": "e287a959-f193-4d75-bd5d-642463c4168e",
        "Strict-Transport-Security": "max-age=2592000",
        "traceresponse": "00-6262e3e102f255a935bd1b91b9852216-3246d49a03b171d4-01",
        "x-ms-error-code": "DigitalTwinNotFound"
      },
      "ResponseBody": {
        "error": {
          "code": "DigitalTwinNotFound",
          "message": "There is no digital twin instance that exists with the ID roomTwin76537216. Please verify that the twin id is valid and ensure that the twin is not deleted. See section on querying the twins https://aka.ms/adtv2query."
        }
      }
    },
    {
      "RequestUri": "https://fakeHost.api.wus2.digitaltwins.azure.net/digitaltwins/roomTwin76537216?api-version=2023-10-31",
      "RequestMethod": "PUT",
      "RequestHeaders": {
        "Accept": "application/json",
        "Authorization": "Sanitized",
        "Content-Length": "154",
        "Content-Type": "application/json",
        "traceparent": "00-eaa49ed39392acff835ad0718437d9bc-8d5590f004cfaa52-00",
        "User-Agent": "azsdk-net-DigitalTwins.Core/1.6.0-alpha.20250502.1 (.NET 9.0.4; Microsoft Windows 10.0.26100)",
        "x-ms-client-request-id": "Sanitized",
        "x-ms-return-client-request-id": "true"
      },
      "RequestBody": {
        "$dtId": null,
        "$etag": null,
        "Temperature": 80,
        "Humidity": 25,
        "IsOccupied": true,
        "EmployeeId": "Employee1",
        "$metadata": {
          "$model": "dtmi:example:room;113440011"
        }
      },
      "StatusCode": 200,
      "ResponseHeaders": {
        "Content-Length": "508",
        "Content-Type": "application/json; charset=utf-8",
        "Date": "Fri, 02 May 2025 20:52:55 GMT",
        "ETag": "W/\"890df737-05e3-4c2f-b952-4631edc4bd74\"",
        "mise-correlation-id": "76c324cb-754b-4521-aca5-da0fa86f1676",
        "Strict-Transport-Security": "max-age=2592000",
        "traceresponse": "00-eaa49ed39392acff835ad0718437d9bc-5927a4b09ad56b33-01"
      },
      "ResponseBody": {
        "$dtId": "roomTwin76537216",
        "$etag": "W/\"890df737-05e3-4c2f-b952-4631edc4bd74\"",
        "Temperature": 80,
        "Humidity": 25,
        "IsOccupied": true,
        "EmployeeId": "Employee1",
        "$metadata": {
          "$model": "dtmi:example:room;113440011",
          "$lastUpdateTime": "2025-05-02T20:52:56.1907138Z",
          "Temperature": {
            "lastUpdateTime": "2025-05-02T20:52:56.1907138Z"
          },
          "Humidity": {
            "lastUpdateTime": "2025-05-02T20:52:56.1907138Z"
          },
          "IsOccupied": {
            "lastUpdateTime": "2025-05-02T20:52:56.1907138Z"
          },
          "EmployeeId": {
            "lastUpdateTime": "2025-05-02T20:52:56.1907138Z"
          }
        }
      }
    },
    {
      "RequestUri": "https://fakeHost.api.wus2.digitaltwins.azure.net/digitaltwins/roomTwin1378363561?api-version=2023-10-31",
      "RequestMethod": "GET",
      "RequestHeaders": {
        "Accept": "application/json",
        "Authorization": "Sanitized",
        "traceparent": "00-7be74a305410a22d900eb27a8ddfcd55-c633782e72cf3fb6-00",
        "User-Agent": "azsdk-net-DigitalTwins.Core/1.6.0-alpha.20250502.1 (.NET 9.0.4; Microsoft Windows 10.0.26100)",
        "x-ms-client-request-id": "Sanitized",
        "x-ms-return-client-request-id": "true"
      },
      "RequestBody": null,
      "StatusCode": 404,
      "ResponseHeaders": {
        "Content-Length": "272",
        "Content-Type": "application/json; charset=utf-8",
        "Date": "Fri, 02 May 2025 20:52:56 GMT",
        "mise-correlation-id": "6c2e9628-0a9e-47de-9eba-a1748f31ed97",
        "Strict-Transport-Security": "max-age=2592000",
        "traceresponse": "00-7be74a305410a22d900eb27a8ddfcd55-ee8d466acd6750f1-01",
        "x-ms-error-code": "DigitalTwinNotFound"
      },
      "ResponseBody": {
        "error": {
          "code": "DigitalTwinNotFound",
          "message": "There is no digital twin instance that exists with the ID roomTwin1378363561. Please verify that the twin id is valid and ensure that the twin is not deleted. See section on querying the twins https://aka.ms/adtv2query."
        }
      }
    },
    {
      "RequestUri": "https://fakeHost.api.wus2.digitaltwins.azure.net/digitaltwins/roomTwin1378363561?api-version=2023-10-31",
      "RequestMethod": "PUT",
      "RequestHeaders": {
        "Accept": "application/json",
        "Authorization": "Sanitized",
        "Content-Length": "154",
        "Content-Type": "application/json",
        "traceparent": "00-ddec1e8d95ed756552fe7a5a001af1c0-ac01f277f7b9198f-00",
        "User-Agent": "azsdk-net-DigitalTwins.Core/1.6.0-alpha.20250502.1 (.NET 9.0.4; Microsoft Windows 10.0.26100)",
        "x-ms-client-request-id": "Sanitized",
        "x-ms-return-client-request-id": "true"
      },
      "RequestBody": {
        "$dtId": null,
        "$etag": null,
        "Temperature": 80,
        "Humidity": 25,
        "IsOccupied": true,
        "EmployeeId": "Employee1",
        "$metadata": {
          "$model": "dtmi:example:room;113440011"
        }
      },
      "StatusCode": 200,
      "ResponseHeaders": {
        "Content-Length": "510",
        "Content-Type": "application/json; charset=utf-8",
        "Date": "Fri, 02 May 2025 20:52:56 GMT",
        "ETag": "W/\"37dc718e-1275-42eb-af08-e7c7901b7cbb\"",
        "mise-correlation-id": "25c51b2c-3b5e-4b90-9491-177bf110298e",
        "Strict-Transport-Security": "max-age=2592000",
        "traceresponse": "00-ddec1e8d95ed756552fe7a5a001af1c0-7f99838039ca8025-01"
      },
      "ResponseBody": {
        "$dtId": "roomTwin1378363561",
        "$etag": "W/\"37dc718e-1275-42eb-af08-e7c7901b7cbb\"",
        "Temperature": 80,
        "Humidity": 25,
        "IsOccupied": true,
        "EmployeeId": "Employee1",
        "$metadata": {
          "$model": "dtmi:example:room;113440011",
          "$lastUpdateTime": "2025-05-02T20:52:56.6336253Z",
          "Temperature": {
            "lastUpdateTime": "2025-05-02T20:52:56.6336253Z"
          },
          "Humidity": {
            "lastUpdateTime": "2025-05-02T20:52:56.6336253Z"
          },
          "IsOccupied": {
            "lastUpdateTime": "2025-05-02T20:52:56.6336253Z"
          },
          "EmployeeId": {
            "lastUpdateTime": "2025-05-02T20:52:56.6336253Z"
          }
        }
      }
    },
    {
      "RequestUri": "https://fakeHost.api.wus2.digitaltwins.azure.net/digitaltwins/roomTwin72801996?api-version=2023-10-31",
      "RequestMethod": "GET",
      "RequestHeaders": {
        "Accept": "application/json",
        "Authorization": "Sanitized",
        "traceparent": "00-3489f815b32ccbe39fb5f85ecd5f10ef-d66654266fe49da8-00",
        "User-Agent": "azsdk-net-DigitalTwins.Core/1.6.0-alpha.20250502.1 (.NET 9.0.4; Microsoft Windows 10.0.26100)",
        "x-ms-client-request-id": "Sanitized",
        "x-ms-return-client-request-id": "true"
      },
      "RequestBody": null,
      "StatusCode": 404,
      "ResponseHeaders": {
        "Content-Length": "270",
        "Content-Type": "application/json; charset=utf-8",
        "Date": "Fri, 02 May 2025 20:52:56 GMT",
        "mise-correlation-id": "8a59cc42-aff5-41d7-9a10-a8bb7ecd83fd",
        "Strict-Transport-Security": "max-age=2592000",
        "traceresponse": "00-3489f815b32ccbe39fb5f85ecd5f10ef-635862f5fec2f111-01",
        "x-ms-error-code": "DigitalTwinNotFound"
      },
      "ResponseBody": {
        "error": {
          "code": "DigitalTwinNotFound",
          "message": "There is no digital twin instance that exists with the ID roomTwin72801996. Please verify that the twin id is valid and ensure that the twin is not deleted. See section on querying the twins https://aka.ms/adtv2query."
        }
      }
    },
    {
      "RequestUri": "https://fakeHost.api.wus2.digitaltwins.azure.net/digitaltwins/roomTwin72801996?api-version=2023-10-31",
      "RequestMethod": "PUT",
      "RequestHeaders": {
        "Accept": "application/json",
        "Authorization": "Sanitized",
        "Content-Length": "154",
        "Content-Type": "application/json",
        "traceparent": "00-fc9d5c91975db043f0550867ec5f25a3-54447d7b77d4b146-00",
        "User-Agent": "azsdk-net-DigitalTwins.Core/1.6.0-alpha.20250502.1 (.NET 9.0.4; Microsoft Windows 10.0.26100)",
        "x-ms-client-request-id": "Sanitized",
        "x-ms-return-client-request-id": "true"
      },
      "RequestBody": {
        "$dtId": null,
        "$etag": null,
        "Temperature": 80,
        "Humidity": 25,
        "IsOccupied": true,
        "EmployeeId": "Employee1",
        "$metadata": {
          "$model": "dtmi:example:room;113440011"
        }
      },
      "StatusCode": 200,
      "ResponseHeaders": {
        "Content-Length": "508",
        "Content-Type": "application/json; charset=utf-8",
        "Date": "Fri, 02 May 2025 20:52:56 GMT",
        "ETag": "W/\"c7dd9ce7-2bff-41d5-8c92-86da113764a7\"",
        "mise-correlation-id": "32e57c8c-7bb5-4d4d-8bd9-71421839eaa1",
        "Strict-Transport-Security": "max-age=2592000",
        "traceresponse": "00-fc9d5c91975db043f0550867ec5f25a3-bf22901dbd71e224-01"
      },
      "ResponseBody": {
        "$dtId": "roomTwin72801996",
        "$etag": "W/\"c7dd9ce7-2bff-41d5-8c92-86da113764a7\"",
        "Temperature": 80,
        "Humidity": 25,
        "IsOccupied": true,
        "EmployeeId": "Employee1",
        "$metadata": {
          "$model": "dtmi:example:room;113440011",
          "$lastUpdateTime": "2025-05-02T20:52:56.9833767Z",
          "Temperature": {
            "lastUpdateTime": "2025-05-02T20:52:56.9833767Z"
          },
          "Humidity": {
            "lastUpdateTime": "2025-05-02T20:52:56.9833767Z"
          },
          "IsOccupied": {
            "lastUpdateTime": "2025-05-02T20:52:56.9833767Z"
          },
          "EmployeeId": {
            "lastUpdateTime": "2025-05-02T20:52:56.9833767Z"
          }
        }
      }
    },
    {
      "RequestUri": "https://fakeHost.api.wus2.digitaltwins.azure.net/digitaltwins/roomTwin604718504?api-version=2023-10-31",
      "RequestMethod": "GET",
      "RequestHeaders": {
        "Accept": "application/json",
        "Authorization": "Sanitized",
        "traceparent": "00-444e6a26a3a90c216e5e5b7c3c710ffc-0a354176ab5d65ed-00",
        "User-Agent": "azsdk-net-DigitalTwins.Core/1.6.0-alpha.20250502.1 (.NET 9.0.4; Microsoft Windows 10.0.26100)",
        "x-ms-client-request-id": "Sanitized",
        "x-ms-return-client-request-id": "true"
      },
      "RequestBody": null,
      "StatusCode": 404,
      "ResponseHeaders": {
        "Content-Length": "271",
        "Content-Type": "application/json; charset=utf-8",
        "Date": "Fri, 02 May 2025 20:52:56 GMT",
        "mise-correlation-id": "d713098b-1453-4473-8799-8e882f2874e1",
        "Strict-Transport-Security": "max-age=2592000",
        "traceresponse": "00-444e6a26a3a90c216e5e5b7c3c710ffc-d6db4905f812afb9-01",
        "x-ms-error-code": "DigitalTwinNotFound"
      },
      "ResponseBody": {
        "error": {
          "code": "DigitalTwinNotFound",
          "message": "There is no digital twin instance that exists with the ID roomTwin604718504. Please verify that the twin id is valid and ensure that the twin is not deleted. See section on querying the twins https://aka.ms/adtv2query."
        }
      }
    },
    {
      "RequestUri": "https://fakeHost.api.wus2.digitaltwins.azure.net/digitaltwins/roomTwin604718504?api-version=2023-10-31",
      "RequestMethod": "PUT",
      "RequestHeaders": {
        "Accept": "application/json",
        "Authorization": "Sanitized",
        "Content-Length": "154",
        "Content-Type": "application/json",
        "traceparent": "00-00e18285b686bb24e7c2846b648855f4-8a76dd523060182c-00",
        "User-Agent": "azsdk-net-DigitalTwins.Core/1.6.0-alpha.20250502.1 (.NET 9.0.4; Microsoft Windows 10.0.26100)",
        "x-ms-client-request-id": "Sanitized",
        "x-ms-return-client-request-id": "true"
      },
      "RequestBody": {
        "$dtId": null,
        "$etag": null,
        "Temperature": 80,
        "Humidity": 25,
        "IsOccupied": true,
        "EmployeeId": "Employee1",
        "$metadata": {
          "$model": "dtmi:example:room;113440011"
        }
      },
      "StatusCode": 200,
      "ResponseHeaders": {
        "Content-Length": "509",
        "Content-Type": "application/json; charset=utf-8",
        "Date": "Fri, 02 May 2025 20:52:56 GMT",
        "ETag": "W/\"cce7baa2-b9ca-4b67-9b8f-f58ea91f05f5\"",
        "mise-correlation-id": "dd81587f-0fa3-4eed-a746-0d80d07a9c15",
        "Strict-Transport-Security": "max-age=2592000",
        "traceresponse": "00-00e18285b686bb24e7c2846b648855f4-fe244b21932c3ba2-01"
      },
      "ResponseBody": {
        "$dtId": "roomTwin604718504",
        "$etag": "W/\"cce7baa2-b9ca-4b67-9b8f-f58ea91f05f5\"",
        "Temperature": 80,
        "Humidity": 25,
        "IsOccupied": true,
        "EmployeeId": "Employee1",
        "$metadata": {
          "$model": "dtmi:example:room;113440011",
          "$lastUpdateTime": "2025-05-02T20:52:57.2218879Z",
          "Temperature": {
            "lastUpdateTime": "2025-05-02T20:52:57.2218879Z"
          },
          "Humidity": {
            "lastUpdateTime": "2025-05-02T20:52:57.2218879Z"
          },
          "IsOccupied": {
            "lastUpdateTime": "2025-05-02T20:52:57.2218879Z"
          },
          "EmployeeId": {
            "lastUpdateTime": "2025-05-02T20:52:57.2218879Z"
          }
        }
      }
    },
    {
      "RequestUri": "https://fakeHost.api.wus2.digitaltwins.azure.net/digitaltwins/roomTwin731844292?api-version=2023-10-31",
      "RequestMethod": "GET",
      "RequestHeaders": {
        "Accept": "application/json",
        "Authorization": "Sanitized",
        "traceparent": "00-3af11412ebd89cb26ae6b817a83c9eba-7d3c0447ed71b80c-00",
        "User-Agent": "azsdk-net-DigitalTwins.Core/1.6.0-alpha.20250502.1 (.NET 9.0.4; Microsoft Windows 10.0.26100)",
        "x-ms-client-request-id": "Sanitized",
        "x-ms-return-client-request-id": "true"
      },
      "RequestBody": null,
      "StatusCode": 404,
      "ResponseHeaders": {
        "Content-Length": "271",
        "Content-Type": "application/json; charset=utf-8",
        "Date": "Fri, 02 May 2025 20:52:56 GMT",
        "mise-correlation-id": "2ebc9ae5-2915-4d4c-a655-50b1dcdb21d7",
        "Strict-Transport-Security": "max-age=2592000",
        "traceresponse": "00-3af11412ebd89cb26ae6b817a83c9eba-1399bddeafc22653-01",
        "x-ms-error-code": "DigitalTwinNotFound"
      },
      "ResponseBody": {
        "error": {
          "code": "DigitalTwinNotFound",
          "message": "There is no digital twin instance that exists with the ID roomTwin731844292. Please verify that the twin id is valid and ensure that the twin is not deleted. See section on querying the twins https://aka.ms/adtv2query."
        }
      }
    },
    {
      "RequestUri": "https://fakeHost.api.wus2.digitaltwins.azure.net/digitaltwins/roomTwin731844292?api-version=2023-10-31",
      "RequestMethod": "PUT",
      "RequestHeaders": {
        "Accept": "application/json",
        "Authorization": "Sanitized",
        "Content-Length": "154",
        "Content-Type": "application/json",
        "traceparent": "00-f8decc46bafb9ff5b7ea5aec0e67cb54-b53c15e68a228976-00",
        "User-Agent": "azsdk-net-DigitalTwins.Core/1.6.0-alpha.20250502.1 (.NET 9.0.4; Microsoft Windows 10.0.26100)",
        "x-ms-client-request-id": "Sanitized",
        "x-ms-return-client-request-id": "true"
      },
      "RequestBody": {
        "$dtId": null,
        "$etag": null,
        "Temperature": 80,
        "Humidity": 25,
        "IsOccupied": true,
        "EmployeeId": "Employee1",
        "$metadata": {
          "$model": "dtmi:example:room;113440011"
        }
      },
      "StatusCode": 200,
      "ResponseHeaders": {
        "Content-Length": "509",
        "Content-Type": "application/json; charset=utf-8",
        "Date": "Fri, 02 May 2025 20:52:57 GMT",
        "ETag": "W/\"158b4081-7865-48af-a8d6-e93db2eb04e6\"",
        "mise-correlation-id": "abec5345-c774-477f-b79f-8c58889a5104",
        "Strict-Transport-Security": "max-age=2592000",
        "traceresponse": "00-f8decc46bafb9ff5b7ea5aec0e67cb54-3c674093e13e4c27-01"
      },
      "ResponseBody": {
        "$dtId": "roomTwin731844292",
        "$etag": "W/\"158b4081-7865-48af-a8d6-e93db2eb04e6\"",
        "Temperature": 80,
        "Humidity": 25,
        "IsOccupied": true,
        "EmployeeId": "Employee1",
        "$metadata": {
          "$model": "dtmi:example:room;113440011",
          "$lastUpdateTime": "2025-05-02T20:52:57.4829669Z",
          "Temperature": {
            "lastUpdateTime": "2025-05-02T20:52:57.4829669Z"
          },
          "Humidity": {
            "lastUpdateTime": "2025-05-02T20:52:57.4829669Z"
          },
          "IsOccupied": {
            "lastUpdateTime": "2025-05-02T20:52:57.4829669Z"
          },
          "EmployeeId": {
            "lastUpdateTime": "2025-05-02T20:52:57.4829669Z"
          }
        }
      }
    },
    {
      "RequestUri": "https://fakeHost.api.wus2.digitaltwins.azure.net/digitaltwins/roomTwin6771348?api-version=2023-10-31",
      "RequestMethod": "GET",
      "RequestHeaders": {
        "Accept": "application/json",
        "Authorization": "Sanitized",
        "traceparent": "00-0ecf8c90e20a07e22a43bb3eaceffa42-26194dd9e5e6a55e-00",
        "User-Agent": "azsdk-net-DigitalTwins.Core/1.6.0-alpha.20250502.1 (.NET 9.0.4; Microsoft Windows 10.0.26100)",
        "x-ms-client-request-id": "Sanitized",
        "x-ms-return-client-request-id": "true"
      },
      "RequestBody": null,
      "StatusCode": 404,
      "ResponseHeaders": {
        "Content-Length": "269",
        "Content-Type": "application/json; charset=utf-8",
        "Date": "Fri, 02 May 2025 20:52:57 GMT",
        "mise-correlation-id": "799eccf8-91d1-41de-b92f-2a3d67f513a3",
        "Strict-Transport-Security": "max-age=2592000",
        "traceresponse": "00-0ecf8c90e20a07e22a43bb3eaceffa42-9ece56caba331639-01",
        "x-ms-error-code": "DigitalTwinNotFound"
      },
      "ResponseBody": {
        "error": {
          "code": "DigitalTwinNotFound",
          "message": "There is no digital twin instance that exists with the ID roomTwin6771348. Please verify that the twin id is valid and ensure that the twin is not deleted. See section on querying the twins https://aka.ms/adtv2query."
        }
      }
    },
    {
      "RequestUri": "https://fakeHost.api.wus2.digitaltwins.azure.net/digitaltwins/roomTwin6771348?api-version=2023-10-31",
      "RequestMethod": "PUT",
      "RequestHeaders": {
        "Accept": "application/json",
        "Authorization": "Sanitized",
        "Content-Length": "154",
        "Content-Type": "application/json",
        "traceparent": "00-eecf031205ce99b1e95f49feae610f2d-ce67d656375d8a5b-00",
        "User-Agent": "azsdk-net-DigitalTwins.Core/1.6.0-alpha.20250502.1 (.NET 9.0.4; Microsoft Windows 10.0.26100)",
        "x-ms-client-request-id": "Sanitized",
        "x-ms-return-client-request-id": "true"
      },
      "RequestBody": {
        "$dtId": null,
        "$etag": null,
        "Temperature": 80,
        "Humidity": 25,
        "IsOccupied": true,
        "EmployeeId": "Employee1",
        "$metadata": {
          "$model": "dtmi:example:room;113440011"
        }
      },
      "StatusCode": 200,
      "ResponseHeaders": {
        "Content-Length": "507",
        "Content-Type": "application/json; charset=utf-8",
        "Date": "Fri, 02 May 2025 20:52:57 GMT",
        "ETag": "W/\"58ab1390-d863-4330-abd8-ba90ba4b4889\"",
        "mise-correlation-id": "969955b0-6330-435b-b8b9-7e483ec0972d",
        "Strict-Transport-Security": "max-age=2592000",
        "traceresponse": "00-eecf031205ce99b1e95f49feae610f2d-3249a3c6966014a7-01"
      },
      "ResponseBody": {
        "$dtId": "roomTwin6771348",
        "$etag": "W/\"58ab1390-d863-4330-abd8-ba90ba4b4889\"",
        "Temperature": 80,
        "Humidity": 25,
        "IsOccupied": true,
        "EmployeeId": "Employee1",
        "$metadata": {
          "$model": "dtmi:example:room;113440011",
          "$lastUpdateTime": "2025-05-02T20:52:57.6407707Z",
          "Temperature": {
            "lastUpdateTime": "2025-05-02T20:52:57.6407707Z"
          },
          "Humidity": {
            "lastUpdateTime": "2025-05-02T20:52:57.6407707Z"
          },
          "IsOccupied": {
            "lastUpdateTime": "2025-05-02T20:52:57.6407707Z"
          },
          "EmployeeId": {
            "lastUpdateTime": "2025-05-02T20:52:57.6407707Z"
          }
        }
      }
    },
    {
      "RequestUri": "https://fakeHost.api.wus2.digitaltwins.azure.net/digitaltwins/roomTwin710620259?api-version=2023-10-31",
      "RequestMethod": "GET",
      "RequestHeaders": {
        "Accept": "application/json",
        "Authorization": "Sanitized",
        "traceparent": "00-78f635a5768af6c7d8a182ee1d5b3436-70b31e9b9ff3b9e6-00",
        "User-Agent": "azsdk-net-DigitalTwins.Core/1.6.0-alpha.20250502.1 (.NET 9.0.4; Microsoft Windows 10.0.26100)",
        "x-ms-client-request-id": "Sanitized",
        "x-ms-return-client-request-id": "true"
      },
      "RequestBody": null,
      "StatusCode": 404,
      "ResponseHeaders": {
        "Content-Length": "271",
        "Content-Type": "application/json; charset=utf-8",
        "Date": "Fri, 02 May 2025 20:52:57 GMT",
        "mise-correlation-id": "29eb9a4f-8682-4418-b1d9-309ff080376f",
        "Strict-Transport-Security": "max-age=2592000",
        "traceresponse": "00-78f635a5768af6c7d8a182ee1d5b3436-4aedb9a6bbcfd7d3-01",
        "x-ms-error-code": "DigitalTwinNotFound"
      },
      "ResponseBody": {
        "error": {
          "code": "DigitalTwinNotFound",
          "message": "There is no digital twin instance that exists with the ID roomTwin710620259. Please verify that the twin id is valid and ensure that the twin is not deleted. See section on querying the twins https://aka.ms/adtv2query."
        }
      }
    },
    {
      "RequestUri": "https://fakeHost.api.wus2.digitaltwins.azure.net/digitaltwins/roomTwin710620259?api-version=2023-10-31",
      "RequestMethod": "PUT",
      "RequestHeaders": {
        "Accept": "application/json",
        "Authorization": "Sanitized",
        "Content-Length": "154",
        "Content-Type": "application/json",
        "traceparent": "00-3faaf53c0a2d2b6ed3959a1e99a3c456-4e9b576feb8dfd58-00",
        "User-Agent": "azsdk-net-DigitalTwins.Core/1.6.0-alpha.20250502.1 (.NET 9.0.4; Microsoft Windows 10.0.26100)",
        "x-ms-client-request-id": "Sanitized",
        "x-ms-return-client-request-id": "true"
      },
      "RequestBody": {
        "$dtId": null,
        "$etag": null,
        "Temperature": 80,
        "Humidity": 25,
        "IsOccupied": true,
        "EmployeeId": "Employee1",
        "$metadata": {
          "$model": "dtmi:example:room;113440011"
        }
      },
      "StatusCode": 200,
      "ResponseHeaders": {
        "Content-Length": "509",
        "Content-Type": "application/json; charset=utf-8",
        "Date": "Fri, 02 May 2025 20:52:57 GMT",
        "ETag": "W/\"73919cf5-7676-4710-b227-b1bc0c44651b\"",
        "mise-correlation-id": "899073bc-9a29-4c49-aa18-6bad070a7dd0",
        "Strict-Transport-Security": "max-age=2592000",
        "traceresponse": "00-3faaf53c0a2d2b6ed3959a1e99a3c456-e20bf88652d92280-01"
      },
      "ResponseBody": {
        "$dtId": "roomTwin710620259",
        "$etag": "W/\"73919cf5-7676-4710-b227-b1bc0c44651b\"",
        "Temperature": 80,
        "Humidity": 25,
        "IsOccupied": true,
        "EmployeeId": "Employee1",
        "$metadata": {
          "$model": "dtmi:example:room;113440011",
          "$lastUpdateTime": "2025-05-02T20:52:57.8561883Z",
          "Temperature": {
            "lastUpdateTime": "2025-05-02T20:52:57.8561883Z"
          },
          "Humidity": {
            "lastUpdateTime": "2025-05-02T20:52:57.8561883Z"
          },
          "IsOccupied": {
            "lastUpdateTime": "2025-05-02T20:52:57.8561883Z"
          },
          "EmployeeId": {
            "lastUpdateTime": "2025-05-02T20:52:57.8561883Z"
          }
        }
      }
    },
    {
      "RequestUri": "https://fakeHost.api.wus2.digitaltwins.azure.net/digitaltwins/roomTwin136106921?api-version=2023-10-31",
      "RequestMethod": "GET",
      "RequestHeaders": {
        "Accept": "application/json",
        "Authorization": "Sanitized",
        "traceparent": "00-2638a6e8db8a71ea5b66035dbc1d1653-7ca4fbc25739f2f7-00",
        "User-Agent": "azsdk-net-DigitalTwins.Core/1.6.0-alpha.20250502.1 (.NET 9.0.4; Microsoft Windows 10.0.26100)",
        "x-ms-client-request-id": "Sanitized",
        "x-ms-return-client-request-id": "true"
      },
      "RequestBody": null,
      "StatusCode": 404,
      "ResponseHeaders": {
        "Content-Length": "271",
        "Content-Type": "application/json; charset=utf-8",
        "Date": "Fri, 02 May 2025 20:52:57 GMT",
        "mise-correlation-id": "d790f627-a8de-453f-b55f-4d5b8124716c",
        "Strict-Transport-Security": "max-age=2592000",
        "traceresponse": "00-2638a6e8db8a71ea5b66035dbc1d1653-a3e1f279f7bd9487-01",
        "x-ms-error-code": "DigitalTwinNotFound"
      },
      "ResponseBody": {
        "error": {
          "code": "DigitalTwinNotFound",
          "message": "There is no digital twin instance that exists with the ID roomTwin136106921. Please verify that the twin id is valid and ensure that the twin is not deleted. See section on querying the twins https://aka.ms/adtv2query."
        }
      }
    },
    {
      "RequestUri": "https://fakeHost.api.wus2.digitaltwins.azure.net/digitaltwins/roomTwin136106921?api-version=2023-10-31",
      "RequestMethod": "PUT",
      "RequestHeaders": {
        "Accept": "application/json",
        "Authorization": "Sanitized",
        "Content-Length": "154",
        "Content-Type": "application/json",
        "traceparent": "00-f8e2cbb399b169d7e278ce5760216784-fb8f6c93e0ab8b17-00",
        "User-Agent": "azsdk-net-DigitalTwins.Core/1.6.0-alpha.20250502.1 (.NET 9.0.4; Microsoft Windows 10.0.26100)",
        "x-ms-client-request-id": "Sanitized",
        "x-ms-return-client-request-id": "true"
      },
      "RequestBody": {
        "$dtId": null,
        "$etag": null,
        "Temperature": 80,
        "Humidity": 25,
        "IsOccupied": true,
        "EmployeeId": "Employee1",
        "$metadata": {
          "$model": "dtmi:example:room;113440011"
        }
      },
      "StatusCode": 200,
      "ResponseHeaders": {
        "Content-Length": "509",
        "Content-Type": "application/json; charset=utf-8",
        "Date": "Fri, 02 May 2025 20:52:57 GMT",
        "ETag": "W/\"3999c97d-3cf6-4c73-a2f9-4c635aed6cad\"",
        "mise-correlation-id": "ac2c98db-e783-40a9-971f-26358b127efa",
        "Strict-Transport-Security": "max-age=2592000",
        "traceresponse": "00-f8e2cbb399b169d7e278ce5760216784-7b1805dd8bfb4fd2-01"
      },
      "ResponseBody": {
        "$dtId": "roomTwin136106921",
        "$etag": "W/\"3999c97d-3cf6-4c73-a2f9-4c635aed6cad\"",
        "Temperature": 80,
        "Humidity": 25,
        "IsOccupied": true,
        "EmployeeId": "Employee1",
        "$metadata": {
          "$model": "dtmi:example:room;113440011",
          "$lastUpdateTime": "2025-05-02T20:52:58.0992495Z",
          "Temperature": {
            "lastUpdateTime": "2025-05-02T20:52:58.0992495Z"
          },
          "Humidity": {
            "lastUpdateTime": "2025-05-02T20:52:58.0992495Z"
          },
          "IsOccupied": {
            "lastUpdateTime": "2025-05-02T20:52:58.0992495Z"
          },
          "EmployeeId": {
            "lastUpdateTime": "2025-05-02T20:52:58.0992495Z"
          }
        }
      }
    },
    {
      "RequestUri": "https://fakeHost.api.wus2.digitaltwins.azure.net/digitaltwins/roomTwin1032716688?api-version=2023-10-31",
      "RequestMethod": "GET",
      "RequestHeaders": {
        "Accept": "application/json",
        "Authorization": "Sanitized",
        "traceparent": "00-e8e46d40de174de3f218a71bd0ee968b-a138fcfb947ae559-00",
        "User-Agent": "azsdk-net-DigitalTwins.Core/1.6.0-alpha.20250502.1 (.NET 9.0.4; Microsoft Windows 10.0.26100)",
        "x-ms-client-request-id": "Sanitized",
        "x-ms-return-client-request-id": "true"
      },
      "RequestBody": null,
      "StatusCode": 404,
      "ResponseHeaders": {
        "Content-Length": "272",
        "Content-Type": "application/json; charset=utf-8",
        "Date": "Fri, 02 May 2025 20:52:57 GMT",
        "mise-correlation-id": "cc542d33-fda7-4c04-a6a1-3d8378806816",
        "Strict-Transport-Security": "max-age=2592000",
        "traceresponse": "00-e8e46d40de174de3f218a71bd0ee968b-36bdb512db4bcd6d-01",
        "x-ms-error-code": "DigitalTwinNotFound"
      },
      "ResponseBody": {
        "error": {
          "code": "DigitalTwinNotFound",
          "message": "There is no digital twin instance that exists with the ID roomTwin1032716688. Please verify that the twin id is valid and ensure that the twin is not deleted. See section on querying the twins https://aka.ms/adtv2query."
        }
      }
    },
    {
      "RequestUri": "https://fakeHost.api.wus2.digitaltwins.azure.net/digitaltwins/roomTwin1032716688?api-version=2023-10-31",
      "RequestMethod": "PUT",
      "RequestHeaders": {
        "Accept": "application/json",
        "Authorization": "Sanitized",
        "Content-Length": "154",
        "Content-Type": "application/json",
        "traceparent": "00-e6f10b14d90f6020c134c660c8c48ad3-4c1d6f2c7ce72796-00",
        "User-Agent": "azsdk-net-DigitalTwins.Core/1.6.0-alpha.20250502.1 (.NET 9.0.4; Microsoft Windows 10.0.26100)",
        "x-ms-client-request-id": "Sanitized",
        "x-ms-return-client-request-id": "true"
      },
      "RequestBody": {
        "$dtId": null,
        "$etag": null,
        "Temperature": 80,
        "Humidity": 25,
        "IsOccupied": true,
        "EmployeeId": "Employee1",
        "$metadata": {
          "$model": "dtmi:example:room;113440011"
        }
      },
      "StatusCode": 200,
      "ResponseHeaders": {
        "Content-Length": "510",
        "Content-Type": "application/json; charset=utf-8",
        "Date": "Fri, 02 May 2025 20:52:57 GMT",
        "ETag": "W/\"ad7fc645-2746-4a24-ae53-874603d3164f\"",
        "mise-correlation-id": "eaec1771-ae0b-4f58-be9f-334e589b2967",
        "Strict-Transport-Security": "max-age=2592000",
        "traceresponse": "00-e6f10b14d90f6020c134c660c8c48ad3-a4dc63eadd256c6e-01"
      },
      "ResponseBody": {
        "$dtId": "roomTwin1032716688",
        "$etag": "W/\"ad7fc645-2746-4a24-ae53-874603d3164f\"",
        "Temperature": 80,
        "Humidity": 25,
        "IsOccupied": true,
        "EmployeeId": "Employee1",
        "$metadata": {
          "$model": "dtmi:example:room;113440011",
          "$lastUpdateTime": "2025-05-02T20:52:58.2494336Z",
          "Temperature": {
            "lastUpdateTime": "2025-05-02T20:52:58.2494336Z"
          },
          "Humidity": {
            "lastUpdateTime": "2025-05-02T20:52:58.2494336Z"
          },
          "IsOccupied": {
            "lastUpdateTime": "2025-05-02T20:52:58.2494336Z"
          },
          "EmployeeId": {
            "lastUpdateTime": "2025-05-02T20:52:58.2494336Z"
          }
        }
      }
    },
    {
      "RequestUri": "https://fakeHost.api.wus2.digitaltwins.azure.net/query?api-version=2023-10-31",
      "RequestMethod": "POST",
      "RequestHeaders": {
        "Accept": "application/json",
        "Authorization": "Sanitized",
        "Content-Length": "38",
        "Content-Type": "application/json",
        "max-items-per-page": "5",
        "traceparent": "00-be05c014475ab54765047dc3d1da9f19-54ac617591d75c9c-00",
        "User-Agent": "azsdk-net-DigitalTwins.Core/1.6.0-alpha.20250502.1 (.NET 9.0.4; Microsoft Windows 10.0.26100)",
        "x-ms-client-request-id": "Sanitized",
        "x-ms-return-client-request-id": "true"
      },
      "RequestBody": {
        "query": "SELECT * FROM digitaltwins"
      },
      "StatusCode": 200,
      "ResponseHeaders": {
        "Content-Type": "application/json; charset=utf-8",
        "Date": "Fri, 02 May 2025 20:52:58 GMT",
        "mise-correlation-id": "7dd503ed-bf5f-4798-83d4-8cf8a0e6251d",
        "query-charge": "2.8",
        "Strict-Transport-Security": "max-age=2592000",
        "traceresponse": "00-be05c014475ab54765047dc3d1da9f19-99ce74344a5b6a97-01",
        "Transfer-Encoding": "chunked"
      },
      "ResponseBody": {
        "value": [],
        "continuationToken": null
      }
    },
    {
      "RequestUri": "https://fakeHost.api.wus2.digitaltwins.azure.net/query?api-version=2023-10-31",
      "RequestMethod": "POST",
      "RequestHeaders": {
        "Accept": "application/json",
        "Authorization": "Sanitized",
        "Content-Length": "38",
        "Content-Type": "application/json",
        "max-items-per-page": "5",
        "traceparent": "00-71b574d59996d971ef915a97840ee5af-33f12a7bbc7096a0-00",
        "User-Agent": "azsdk-net-DigitalTwins.Core/1.6.0-alpha.20250502.1 (.NET 9.0.4; Microsoft Windows 10.0.26100)",
        "x-ms-client-request-id": "Sanitized",
        "x-ms-return-client-request-id": "true"
      },
      "RequestBody": {
        "query": "SELECT * FROM digitaltwins"
      },
      "StatusCode": 200,
      "ResponseHeaders": {
        "Content-Type": "application/json; charset=utf-8",
        "Date": "Fri, 02 May 2025 20:52:58 GMT",
        "mise-correlation-id": "ac39b660-45f2-4656-8ea7-00eaa6e472bf",
        "query-charge": "2.8",
        "Strict-Transport-Security": "max-age=2592000",
        "traceresponse": "00-71b574d59996d971ef915a97840ee5af-08427815cec1e093-01",
        "Transfer-Encoding": "chunked"
      },
      "ResponseBody": {
        "value": [],
        "continuationToken": null
      }
    },
    {
      "RequestUri": "https://fakeHost.api.wus2.digitaltwins.azure.net/query?api-version=2023-10-31",
      "RequestMethod": "POST",
      "RequestHeaders": {
        "Accept": "application/json",
        "Authorization": "Sanitized",
        "Content-Length": "38",
        "Content-Type": "application/json",
        "max-items-per-page": "5",
        "traceparent": "00-3f8422192e9e0d34daaca57e35bd807d-67a3fc8628fd59e6-00",
        "User-Agent": "azsdk-net-DigitalTwins.Core/1.6.0-alpha.20250502.1 (.NET 9.0.4; Microsoft Windows 10.0.26100)",
        "x-ms-client-request-id": "Sanitized",
        "x-ms-return-client-request-id": "true"
      },
      "RequestBody": {
        "query": "SELECT * FROM digitaltwins"
      },
      "StatusCode": 200,
      "ResponseHeaders": {
        "Content-Type": "application/json; charset=utf-8",
        "Date": "Fri, 02 May 2025 20:52:58 GMT",
        "mise-correlation-id": "6817ff1a-11db-4b83-ad8c-99a47dbc5362",
        "query-charge": "2.8",
        "Strict-Transport-Security": "max-age=2592000",
        "traceresponse": "00-3f8422192e9e0d34daaca57e35bd807d-2b34c722b7e05a90-01",
        "Transfer-Encoding": "chunked"
      },
      "ResponseBody": {
        "value": [],
        "continuationToken": null
      }
    },
    {
      "RequestUri": "https://fakeHost.api.wus2.digitaltwins.azure.net/query?api-version=2023-10-31",
      "RequestMethod": "POST",
      "RequestHeaders": {
        "Accept": "application/json",
        "Authorization": "Sanitized",
        "Content-Length": "38",
        "Content-Type": "application/json",
        "max-items-per-page": "5",
        "traceparent": "00-e28e081803a16d8e0da41332cd7ef5ae-4d795c8819f74be3-00",
        "User-Agent": "azsdk-net-DigitalTwins.Core/1.6.0-alpha.20250502.1 (.NET 9.0.4; Microsoft Windows 10.0.26100)",
        "x-ms-client-request-id": "Sanitized",
        "x-ms-return-client-request-id": "true"
      },
      "RequestBody": {
        "query": "SELECT * FROM digitaltwins"
      },
      "StatusCode": 200,
      "ResponseHeaders": {
        "Content-Type": "application/json; charset=utf-8",
        "Date": "Fri, 02 May 2025 20:52:58 GMT",
        "mise-correlation-id": "2b8dcd78-fa46-415e-b0bf-9577a6219ec3",
        "query-charge": "2.8",
        "Strict-Transport-Security": "max-age=2592000",
        "traceresponse": "00-e28e081803a16d8e0da41332cd7ef5ae-24cfda9b8cf384b9-01",
        "Transfer-Encoding": "chunked"
      },
      "ResponseBody": {
        "value": [],
        "continuationToken": null
      }
    },
    {
      "RequestUri": "https://fakeHost.api.wus2.digitaltwins.azure.net/query?api-version=2023-10-31",
      "RequestMethod": "POST",
      "RequestHeaders": {
        "Accept": "application/json",
        "Authorization": "Sanitized",
        "Content-Length": "38",
        "Content-Type": "application/json",
        "max-items-per-page": "5",
        "traceparent": "00-c2ac1d861e27f0ff42e6ce794d9b2c0d-63d2ed0cdd53145e-00",
        "User-Agent": "azsdk-net-DigitalTwins.Core/1.6.0-alpha.20250502.1 (.NET 9.0.4; Microsoft Windows 10.0.26100)",
        "x-ms-client-request-id": "Sanitized",
        "x-ms-return-client-request-id": "true"
      },
      "RequestBody": {
        "query": "SELECT * FROM digitaltwins"
      },
      "StatusCode": 200,
      "ResponseHeaders": {
        "Content-Type": "application/json; charset=utf-8",
        "Date": "Fri, 02 May 2025 20:52:58 GMT",
        "mise-correlation-id": "7186f968-edc2-4276-9af1-bc1b4d68ba64",
        "query-charge": "2.8",
        "Strict-Transport-Security": "max-age=2592000",
        "traceresponse": "00-c2ac1d861e27f0ff42e6ce794d9b2c0d-6f7e7e7f341c539f-01",
        "Transfer-Encoding": "chunked"
      },
      "ResponseBody": {
        "value": [],
        "continuationToken": null
      }
    },
    {
      "RequestUri": "https://fakeHost.api.wus2.digitaltwins.azure.net/query?api-version=2023-10-31",
      "RequestMethod": "POST",
      "RequestHeaders": {
        "Accept": "application/json",
        "Authorization": "Sanitized",
        "Content-Length": "38",
        "Content-Type": "application/json",
        "max-items-per-page": "5",
        "traceparent": "00-9f1d3e32cef77aebd2e49af907618790-e78c6a8410d7c321-00",
        "User-Agent": "azsdk-net-DigitalTwins.Core/1.6.0-alpha.20250502.1 (.NET 9.0.4; Microsoft Windows 10.0.26100)",
        "x-ms-client-request-id": "Sanitized",
        "x-ms-return-client-request-id": "true"
      },
      "RequestBody": {
        "query": "SELECT * FROM digitaltwins"
      },
      "StatusCode": 200,
      "ResponseHeaders": {
        "Content-Type": "application/json; charset=utf-8",
        "Date": "Fri, 02 May 2025 20:52:58 GMT",
        "mise-correlation-id": "bced7308-b14d-4a98-ae6c-5c2f21a5a86c",
        "query-charge": "2.8",
        "Strict-Transport-Security": "max-age=2592000",
        "traceresponse": "00-9f1d3e32cef77aebd2e49af907618790-361e20fb5c218899-01",
        "Transfer-Encoding": "chunked"
      },
      "ResponseBody": {
        "value": [],
        "continuationToken": null
      }
    },
    {
      "RequestUri": "https://fakeHost.api.wus2.digitaltwins.azure.net/query?api-version=2023-10-31",
      "RequestMethod": "POST",
      "RequestHeaders": {
        "Accept": "application/json",
        "Authorization": "Sanitized",
        "Content-Length": "38",
        "Content-Type": "application/json",
        "max-items-per-page": "5",
        "traceparent": "00-73f36c0edcaae9e671c0aba73eba5bee-a12e4b5833d0947f-00",
        "User-Agent": "azsdk-net-DigitalTwins.Core/1.6.0-alpha.20250502.1 (.NET 9.0.4; Microsoft Windows 10.0.26100)",
        "x-ms-client-request-id": "Sanitized",
        "x-ms-return-client-request-id": "true"
      },
      "RequestBody": {
        "query": "SELECT * FROM digitaltwins"
      },
      "StatusCode": 200,
      "ResponseHeaders": {
        "Content-Type": "application/json; charset=utf-8",
        "Date": "Fri, 02 May 2025 20:52:58 GMT",
        "mise-correlation-id": "47f438ba-e422-4a50-9794-a7d260cfca60",
        "query-charge": "2.8",
        "Strict-Transport-Security": "max-age=2592000",
        "traceresponse": "00-73f36c0edcaae9e671c0aba73eba5bee-264fa51a04963d87-01",
        "Transfer-Encoding": "chunked"
      },
      "ResponseBody": {
        "value": [],
        "continuationToken": null
      }
    },
    {
      "RequestUri": "https://fakeHost.api.wus2.digitaltwins.azure.net/query?api-version=2023-10-31",
      "RequestMethod": "POST",
      "RequestHeaders": {
        "Accept": "application/json",
        "Authorization": "Sanitized",
        "Content-Length": "38",
        "Content-Type": "application/json",
        "max-items-per-page": "5",
        "traceparent": "00-c3a1b1afd8cf15fbc00a06967ec1d816-cda2628b11929fe9-00",
        "User-Agent": "azsdk-net-DigitalTwins.Core/1.6.0-alpha.20250502.1 (.NET 9.0.4; Microsoft Windows 10.0.26100)",
        "x-ms-client-request-id": "Sanitized",
        "x-ms-return-client-request-id": "true"
      },
      "RequestBody": {
        "query": "SELECT * FROM digitaltwins"
      },
      "StatusCode": 200,
      "ResponseHeaders": {
        "Content-Type": "application/json; charset=utf-8",
        "Date": "Fri, 02 May 2025 20:52:58 GMT",
        "mise-correlation-id": "09876bcf-8914-4bcd-8941-4d6b594af3f4",
        "query-charge": "2.8",
        "Strict-Transport-Security": "max-age=2592000",
        "traceresponse": "00-c3a1b1afd8cf15fbc00a06967ec1d816-4b5926389dd13611-01",
        "Transfer-Encoding": "chunked"
      },
      "ResponseBody": {
        "value": [],
        "continuationToken": null
      }
    },
    {
      "RequestUri": "https://fakeHost.api.wus2.digitaltwins.azure.net/query?api-version=2023-10-31",
      "RequestMethod": "POST",
      "RequestHeaders": {
        "Accept": "application/json",
        "Authorization": "Sanitized",
        "Content-Length": "38",
        "Content-Type": "application/json",
        "max-items-per-page": "5",
        "traceparent": "00-a193bab0f42c91a8c748a2416accde53-e99c5d8cf479e1c0-00",
        "User-Agent": "azsdk-net-DigitalTwins.Core/1.6.0-alpha.20250502.1 (.NET 9.0.4; Microsoft Windows 10.0.26100)",
        "x-ms-client-request-id": "Sanitized",
        "x-ms-return-client-request-id": "true"
      },
      "RequestBody": {
        "query": "SELECT * FROM digitaltwins"
      },
      "StatusCode": 200,
      "ResponseHeaders": {
        "Content-Type": "application/json; charset=utf-8",
        "Date": "Fri, 02 May 2025 20:52:58 GMT",
        "mise-correlation-id": "adc4dc98-ad53-4739-b223-5370df89a9bd",
        "query-charge": "2.8",
        "Strict-Transport-Security": "max-age=2592000",
        "traceresponse": "00-a193bab0f42c91a8c748a2416accde53-f1ebab78676458c4-01",
        "Transfer-Encoding": "chunked"
      },
      "ResponseBody": {
        "value": [],
        "continuationToken": null
      }
    },
    {
      "RequestUri": "https://fakeHost.api.wus2.digitaltwins.azure.net/query?api-version=2023-10-31",
      "RequestMethod": "POST",
      "RequestHeaders": {
        "Accept": "application/json",
        "Authorization": "Sanitized",
        "Content-Length": "38",
        "Content-Type": "application/json",
        "max-items-per-page": "5",
        "traceparent": "00-0c55eb13571cc53fd9f57ef198d99da3-ad842a53ac64a970-00",
        "User-Agent": "azsdk-net-DigitalTwins.Core/1.6.0-alpha.20250502.1 (.NET 9.0.4; Microsoft Windows 10.0.26100)",
        "x-ms-client-request-id": "Sanitized",
        "x-ms-return-client-request-id": "true"
      },
      "RequestBody": {
        "query": "SELECT * FROM digitaltwins"
      },
      "StatusCode": 200,
      "ResponseHeaders": {
        "Content-Type": "application/json; charset=utf-8",
        "Date": "Fri, 02 May 2025 20:52:59 GMT",
        "mise-correlation-id": "1bb1eb22-99a2-41af-81bc-45708182d69f",
        "query-charge": "2.8",
        "Strict-Transport-Security": "max-age=2592000",
        "traceresponse": "00-0c55eb13571cc53fd9f57ef198d99da3-33a71443ef097896-01",
        "Transfer-Encoding": "chunked"
      },
      "ResponseBody": {
        "value": [],
        "continuationToken": null
      }
    },
    {
      "RequestUri": "https://fakeHost.api.wus2.digitaltwins.azure.net/query?api-version=2023-10-31",
      "RequestMethod": "POST",
      "RequestHeaders": {
        "Accept": "application/json",
        "Authorization": "Sanitized",
        "Content-Length": "38",
        "Content-Type": "application/json",
        "max-items-per-page": "5",
        "traceparent": "00-4bc239eb967a61acbd5a3d722556536e-a5076196e32fb6a9-00",
        "User-Agent": "azsdk-net-DigitalTwins.Core/1.6.0-alpha.20250502.1 (.NET 9.0.4; Microsoft Windows 10.0.26100)",
        "x-ms-client-request-id": "Sanitized",
        "x-ms-return-client-request-id": "true"
      },
      "RequestBody": {
        "query": "SELECT * FROM digitaltwins"
      },
      "StatusCode": 200,
      "ResponseHeaders": {
        "Content-Type": "application/json; charset=utf-8",
        "Date": "Fri, 02 May 2025 20:52:59 GMT",
        "mise-correlation-id": "68ed3989-f73a-45e8-8072-6f39c2d86eed",
        "query-charge": "2.8",
        "Strict-Transport-Security": "max-age=2592000",
        "traceresponse": "00-4bc239eb967a61acbd5a3d722556536e-570e3f1e427efadc-01",
        "Transfer-Encoding": "chunked"
      },
      "ResponseBody": {
        "value": [],
        "continuationToken": null
      }
    },
    {
      "RequestUri": "https://fakeHost.api.wus2.digitaltwins.azure.net/query?api-version=2023-10-31",
      "RequestMethod": "POST",
      "RequestHeaders": {
        "Accept": "application/json",
        "Authorization": "Sanitized",
        "Content-Length": "38",
        "Content-Type": "application/json",
        "max-items-per-page": "5",
        "traceparent": "00-dc51d914ce3665451aae745bedc14f7c-09c150277f541d64-00",
        "User-Agent": "azsdk-net-DigitalTwins.Core/1.6.0-alpha.20250502.1 (.NET 9.0.4; Microsoft Windows 10.0.26100)",
        "x-ms-client-request-id": "Sanitized",
        "x-ms-return-client-request-id": "true"
      },
      "RequestBody": {
        "query": "SELECT * FROM digitaltwins"
      },
      "StatusCode": 200,
      "ResponseHeaders": {
        "Content-Type": "application/json; charset=utf-8",
        "Date": "Fri, 02 May 2025 20:52:59 GMT",
        "mise-correlation-id": "1bdcad6d-b82c-47c6-9a1e-3b824dc87cc9",
        "query-charge": "2.8",
        "Strict-Transport-Security": "max-age=2592000",
        "traceresponse": "00-dc51d914ce3665451aae745bedc14f7c-6fa5aad6b48e9f92-01",
        "Transfer-Encoding": "chunked"
      },
      "ResponseBody": {
        "value": [],
        "continuationToken": null
      }
    },
    {
      "RequestUri": "https://fakeHost.api.wus2.digitaltwins.azure.net/query?api-version=2023-10-31",
      "RequestMethod": "POST",
      "RequestHeaders": {
        "Accept": "application/json",
        "Authorization": "Sanitized",
        "Content-Length": "38",
        "Content-Type": "application/json",
        "max-items-per-page": "5",
        "traceparent": "00-a22577c6790ef9585576c29e30cc7413-abb202ee79f761dc-00",
        "User-Agent": "azsdk-net-DigitalTwins.Core/1.6.0-alpha.20250502.1 (.NET 9.0.4; Microsoft Windows 10.0.26100)",
        "x-ms-client-request-id": "Sanitized",
        "x-ms-return-client-request-id": "true"
      },
      "RequestBody": {
        "query": "SELECT * FROM digitaltwins"
      },
      "StatusCode": 200,
      "ResponseHeaders": {
        "Content-Type": "application/json; charset=utf-8",
        "Date": "Fri, 02 May 2025 20:52:59 GMT",
        "mise-correlation-id": "44499520-394a-441d-bb89-64e6e7fbd8d6",
        "query-charge": "2.8",
        "Strict-Transport-Security": "max-age=2592000",
        "traceresponse": "00-a22577c6790ef9585576c29e30cc7413-cb339acf4219adfc-01",
        "Transfer-Encoding": "chunked"
      },
      "ResponseBody": {
        "value": [],
        "continuationToken": null
      }
    },
    {
      "RequestUri": "https://fakeHost.api.wus2.digitaltwins.azure.net/query?api-version=2023-10-31",
      "RequestMethod": "POST",
      "RequestHeaders": {
        "Accept": "application/json",
        "Authorization": "Sanitized",
        "Content-Length": "38",
        "Content-Type": "application/json",
        "max-items-per-page": "5",
        "traceparent": "00-1eade4d5fe7929828ea487a5622717a8-0e6e81aaca544393-00",
        "User-Agent": "azsdk-net-DigitalTwins.Core/1.6.0-alpha.20250502.1 (.NET 9.0.4; Microsoft Windows 10.0.26100)",
        "x-ms-client-request-id": "Sanitized",
        "x-ms-return-client-request-id": "true"
      },
      "RequestBody": {
        "query": "SELECT * FROM digitaltwins"
      },
      "StatusCode": 200,
      "ResponseHeaders": {
        "Content-Type": "application/json; charset=utf-8",
        "Date": "Fri, 02 May 2025 20:52:59 GMT",
        "mise-correlation-id": "f688873d-a08b-470a-a015-b83368c9c051",
        "query-charge": "2.8",
        "Strict-Transport-Security": "max-age=2592000",
        "traceresponse": "00-1eade4d5fe7929828ea487a5622717a8-b991e7353f984efc-01",
        "Transfer-Encoding": "chunked"
      },
      "ResponseBody": {
        "value": [],
        "continuationToken": null
      }
    },
    {
      "RequestUri": "https://fakeHost.api.wus2.digitaltwins.azure.net/query?api-version=2023-10-31",
      "RequestMethod": "POST",
      "RequestHeaders": {
        "Accept": "application/json",
        "Authorization": "Sanitized",
        "Content-Length": "38",
        "Content-Type": "application/json",
        "max-items-per-page": "5",
        "traceparent": "00-565f1578b40ddebe1dcfd7a8b5faaf51-9222c4501d6d9237-00",
        "User-Agent": "azsdk-net-DigitalTwins.Core/1.6.0-alpha.20250502.1 (.NET 9.0.4; Microsoft Windows 10.0.26100)",
        "x-ms-client-request-id": "Sanitized",
        "x-ms-return-client-request-id": "true"
      },
      "RequestBody": {
        "query": "SELECT * FROM digitaltwins"
      },
      "StatusCode": 200,
      "ResponseHeaders": {
        "Content-Type": "application/json; charset=utf-8",
        "Date": "Fri, 02 May 2025 20:52:59 GMT",
        "mise-correlation-id": "abaa0660-e365-4c9d-9273-1cadba85a369",
        "query-charge": "2.8",
        "Strict-Transport-Security": "max-age=2592000",
        "traceresponse": "00-565f1578b40ddebe1dcfd7a8b5faaf51-b94b8ccffa204198-01",
        "Transfer-Encoding": "chunked"
      },
      "ResponseBody": {
        "value": [],
        "continuationToken": null
      }
    },
    {
      "RequestUri": "https://fakeHost.api.wus2.digitaltwins.azure.net/query?api-version=2023-10-31",
      "RequestMethod": "POST",
      "RequestHeaders": {
        "Accept": "application/json",
        "Authorization": "Sanitized",
        "Content-Length": "38",
        "Content-Type": "application/json",
        "max-items-per-page": "5",
        "traceparent": "00-57632e70aae5baa892a61f2ee555fdc9-d6d85261fa2d27fe-00",
        "User-Agent": "azsdk-net-DigitalTwins.Core/1.6.0-alpha.20250502.1 (.NET 9.0.4; Microsoft Windows 10.0.26100)",
        "x-ms-client-request-id": "Sanitized",
        "x-ms-return-client-request-id": "true"
      },
      "RequestBody": {
        "query": "SELECT * FROM digitaltwins"
      },
      "StatusCode": 200,
      "ResponseHeaders": {
        "Content-Type": "application/json; charset=utf-8",
        "Date": "Fri, 02 May 2025 20:52:59 GMT",
        "mise-correlation-id": "25210646-fdc4-45bd-8878-974120ce5f78",
        "query-charge": "2.8",
        "Strict-Transport-Security": "max-age=2592000",
        "traceresponse": "00-57632e70aae5baa892a61f2ee555fdc9-5f9db57b9a587c6a-01",
        "Transfer-Encoding": "chunked"
      },
      "ResponseBody": {
        "value": [],
        "continuationToken": null
      }
    },
    {
      "RequestUri": "https://fakeHost.api.wus2.digitaltwins.azure.net/query?api-version=2023-10-31",
      "RequestMethod": "POST",
      "RequestHeaders": {
        "Accept": "application/json",
        "Authorization": "Sanitized",
        "Content-Length": "38",
        "Content-Type": "application/json",
        "max-items-per-page": "5",
        "traceparent": "00-5ebce9738067b5139a40964320b1d7a9-e7b2d02534d72d4a-00",
        "User-Agent": "azsdk-net-DigitalTwins.Core/1.6.0-alpha.20250502.1 (.NET 9.0.4; Microsoft Windows 10.0.26100)",
        "x-ms-client-request-id": "Sanitized",
        "x-ms-return-client-request-id": "true"
      },
      "RequestBody": {
        "query": "SELECT * FROM digitaltwins"
      },
      "StatusCode": 200,
      "ResponseHeaders": {
        "Content-Type": "application/json; charset=utf-8",
        "Date": "Fri, 02 May 2025 20:52:59 GMT",
        "mise-correlation-id": "365887dd-c525-4dc4-8772-1a25a4eebddb",
        "query-charge": "2.8",
        "Strict-Transport-Security": "max-age=2592000",
        "traceresponse": "00-5ebce9738067b5139a40964320b1d7a9-10d7cfcba39fb700-01",
        "Transfer-Encoding": "chunked"
      },
      "ResponseBody": {
        "value": [],
        "continuationToken": null
      }
    },
    {
      "RequestUri": "https://fakeHost.api.wus2.digitaltwins.azure.net/query?api-version=2023-10-31",
      "RequestMethod": "POST",
      "RequestHeaders": {
        "Accept": "application/json",
        "Authorization": "Sanitized",
        "Content-Length": "38",
        "Content-Type": "application/json",
        "max-items-per-page": "5",
        "traceparent": "00-e75baada5dbf8edb0ff00b115b723f5e-d70db94411aa1df3-00",
        "User-Agent": "azsdk-net-DigitalTwins.Core/1.6.0-alpha.20250502.1 (.NET 9.0.4; Microsoft Windows 10.0.26100)",
        "x-ms-client-request-id": "Sanitized",
        "x-ms-return-client-request-id": "true"
      },
      "RequestBody": {
        "query": "SELECT * FROM digitaltwins"
      },
      "StatusCode": 200,
      "ResponseHeaders": {
        "Content-Type": "application/json; charset=utf-8",
        "Date": "Fri, 02 May 2025 20:52:59 GMT",
        "mise-correlation-id": "fd1f14dc-09ac-4cf8-95ca-ddf933fbe39f",
        "query-charge": "2.8",
        "Strict-Transport-Security": "max-age=2592000",
        "traceresponse": "00-e75baada5dbf8edb0ff00b115b723f5e-9cefd008f02d1ed1-01",
        "Transfer-Encoding": "chunked"
      },
      "ResponseBody": {
        "value": [],
        "continuationToken": null
      }
    },
    {
      "RequestUri": "https://fakeHost.api.wus2.digitaltwins.azure.net/query?api-version=2023-10-31",
      "RequestMethod": "POST",
      "RequestHeaders": {
        "Accept": "application/json",
        "Authorization": "Sanitized",
        "Content-Length": "38",
        "Content-Type": "application/json",
        "max-items-per-page": "5",
        "traceparent": "00-f343ee891e01289d7836dadcbe42e1f8-15b6d15412e6c998-00",
        "User-Agent": "azsdk-net-DigitalTwins.Core/1.6.0-alpha.20250502.1 (.NET 9.0.4; Microsoft Windows 10.0.26100)",
        "x-ms-client-request-id": "Sanitized",
        "x-ms-return-client-request-id": "true"
      },
      "RequestBody": {
        "query": "SELECT * FROM digitaltwins"
      },
      "StatusCode": 200,
      "ResponseHeaders": {
        "Content-Type": "application/json; charset=utf-8",
        "Date": "Fri, 02 May 2025 20:52:59 GMT",
        "mise-correlation-id": "c2c302bb-612f-482d-9305-0d13b250ce55",
        "query-charge": "2.8",
        "Strict-Transport-Security": "max-age=2592000",
        "traceresponse": "00-f343ee891e01289d7836dadcbe42e1f8-e2c718f8097593dd-01",
        "Transfer-Encoding": "chunked"
      },
      "ResponseBody": {
        "value": [],
        "continuationToken": null
      }
    },
    {
      "RequestUri": "https://fakeHost.api.wus2.digitaltwins.azure.net/query?api-version=2023-10-31",
      "RequestMethod": "POST",
      "RequestHeaders": {
        "Accept": "application/json",
        "Authorization": "Sanitized",
        "Content-Length": "38",
        "Content-Type": "application/json",
        "max-items-per-page": "5",
        "traceparent": "00-580e58c035d5918262a049f4a9300170-f09de31f7c44906d-00",
        "User-Agent": "azsdk-net-DigitalTwins.Core/1.6.0-alpha.20250502.1 (.NET 9.0.4; Microsoft Windows 10.0.26100)",
        "x-ms-client-request-id": "Sanitized",
        "x-ms-return-client-request-id": "true"
      },
      "RequestBody": {
        "query": "SELECT * FROM digitaltwins"
      },
      "StatusCode": 200,
      "ResponseHeaders": {
        "Content-Type": "application/json; charset=utf-8",
        "Date": "Fri, 02 May 2025 20:52:59 GMT",
        "mise-correlation-id": "a4c895cc-0a4f-4f91-8e3a-711632e1b006",
        "query-charge": "2.8",
        "Strict-Transport-Security": "max-age=2592000",
        "traceresponse": "00-580e58c035d5918262a049f4a9300170-e5529388fafec756-01",
        "Transfer-Encoding": "chunked"
      },
      "ResponseBody": {
        "value": [],
        "continuationToken": null
      }
    },
    {
      "RequestUri": "https://fakeHost.api.wus2.digitaltwins.azure.net/query?api-version=2023-10-31",
      "RequestMethod": "POST",
      "RequestHeaders": {
        "Accept": "application/json",
        "Authorization": "Sanitized",
        "Content-Length": "38",
        "Content-Type": "application/json",
        "max-items-per-page": "5",
        "traceparent": "00-60448d433f4b93f604fb74e6b434ca08-50a34d64185e26f7-00",
        "User-Agent": "azsdk-net-DigitalTwins.Core/1.6.0-alpha.20250502.1 (.NET 9.0.4; Microsoft Windows 10.0.26100)",
        "x-ms-client-request-id": "Sanitized",
        "x-ms-return-client-request-id": "true"
      },
      "RequestBody": {
        "query": "SELECT * FROM digitaltwins"
      },
      "StatusCode": 200,
      "ResponseHeaders": {
        "Content-Type": "application/json; charset=utf-8",
        "Date": "Fri, 02 May 2025 20:52:59 GMT",
        "mise-correlation-id": "e83b0897-baaf-42bb-bb77-dfb93d8c6e37",
        "query-charge": "2.8",
        "Strict-Transport-Security": "max-age=2592000",
        "traceresponse": "00-60448d433f4b93f604fb74e6b434ca08-84b95bfb6d169452-01",
        "Transfer-Encoding": "chunked"
      },
      "ResponseBody": {
        "value": [],
        "continuationToken": null
      }
    },
    {
      "RequestUri": "https://fakeHost.api.wus2.digitaltwins.azure.net/query?api-version=2023-10-31",
      "RequestMethod": "POST",
      "RequestHeaders": {
        "Accept": "application/json",
        "Authorization": "Sanitized",
        "Content-Length": "38",
        "Content-Type": "application/json",
        "max-items-per-page": "5",
        "traceparent": "00-b93bdfe2b8e2d86cf2545ce89fe31933-53439093180ad8e0-00",
        "User-Agent": "azsdk-net-DigitalTwins.Core/1.6.0-alpha.20250502.1 (.NET 9.0.4; Microsoft Windows 10.0.26100)",
        "x-ms-client-request-id": "Sanitized",
        "x-ms-return-client-request-id": "true"
      },
      "RequestBody": {
        "query": "SELECT * FROM digitaltwins"
      },
      "StatusCode": 200,
      "ResponseHeaders": {
        "Content-Type": "application/json; charset=utf-8",
        "Date": "Fri, 02 May 2025 20:52:59 GMT",
        "mise-correlation-id": "ae4d3ede-a3c0-46ac-a2bc-b35e4dbf9b5e",
        "query-charge": "2.8",
        "Strict-Transport-Security": "max-age=2592000",
        "traceresponse": "00-b93bdfe2b8e2d86cf2545ce89fe31933-d35c719daf0baf75-01",
        "Transfer-Encoding": "chunked"
      },
      "ResponseBody": {
        "value": [],
        "continuationToken": null
      }
    },
    {
      "RequestUri": "https://fakeHost.api.wus2.digitaltwins.azure.net/query?api-version=2023-10-31",
      "RequestMethod": "POST",
      "RequestHeaders": {
        "Accept": "application/json",
        "Authorization": "Sanitized",
        "Content-Length": "38",
        "Content-Type": "application/json",
        "max-items-per-page": "5",
        "traceparent": "00-406f209fffeceea7ce3683d77c10b097-dddd97183eae92e8-00",
        "User-Agent": "azsdk-net-DigitalTwins.Core/1.6.0-alpha.20250502.1 (.NET 9.0.4; Microsoft Windows 10.0.26100)",
        "x-ms-client-request-id": "Sanitized",
        "x-ms-return-client-request-id": "true"
      },
      "RequestBody": {
        "query": "SELECT * FROM digitaltwins"
      },
      "StatusCode": 200,
      "ResponseHeaders": {
        "Content-Type": "application/json; charset=utf-8",
        "Date": "Fri, 02 May 2025 20:52:59 GMT",
        "mise-correlation-id": "847f8f7a-98a9-4581-b860-35ef8a80585b",
        "query-charge": "3.21",
        "Strict-Transport-Security": "max-age=2592000",
        "traceresponse": "00-406f209fffeceea7ce3683d77c10b097-a2bc1cfbd004269c-01",
        "Transfer-Encoding": "chunked"
      },
      "ResponseBody": {
        "value": [
          {
            "$dtId": "roomTwin1378363561",
            "$etag": "W/\"37dc718e-1275-42eb-af08-e7c7901b7cbb\"",
            "Temperature": 80,
            "Humidity": 25,
            "IsOccupied": true,
            "EmployeeId": "Employee1",
            "$metadata": {
              "$model": "dtmi:example:room;113440011",
              "$lastUpdateTime": "2025-05-02T20:52:56.6336253Z",
              "Temperature": {
                "lastUpdateTime": "2025-05-02T20:52:56.6336253Z"
              },
              "Humidity": {
                "lastUpdateTime": "2025-05-02T20:52:56.6336253Z"
              },
              "IsOccupied": {
                "lastUpdateTime": "2025-05-02T20:52:56.6336253Z"
              },
              "EmployeeId": {
                "lastUpdateTime": "2025-05-02T20:52:56.6336253Z"
              }
            }
          },
          {
            "$dtId": "roomTwin76537216",
            "$etag": "W/\"890df737-05e3-4c2f-b952-4631edc4bd74\"",
            "Temperature": 80,
            "Humidity": 25,
            "IsOccupied": true,
            "EmployeeId": "Employee1",
            "$metadata": {
              "$model": "dtmi:example:room;113440011",
              "$lastUpdateTime": "2025-05-02T20:52:56.1907138Z",
              "Temperature": {
                "lastUpdateTime": "2025-05-02T20:52:56.1907138Z"
              },
              "Humidity": {
                "lastUpdateTime": "2025-05-02T20:52:56.1907138Z"
              },
              "IsOccupied": {
                "lastUpdateTime": "2025-05-02T20:52:56.1907138Z"
              },
              "EmployeeId": {
                "lastUpdateTime": "2025-05-02T20:52:56.1907138Z"
              }
            }
          },
          {
            "$dtId": "roomTwin6771348",
            "$etag": "W/\"58ab1390-d863-4330-abd8-ba90ba4b4889\"",
            "Temperature": 80,
            "Humidity": 25,
            "IsOccupied": true,
            "EmployeeId": "Employee1",
            "$metadata": {
              "$model": "dtmi:example:room;113440011",
              "$lastUpdateTime": "2025-05-02T20:52:57.6407707Z",
              "Temperature": {
                "lastUpdateTime": "2025-05-02T20:52:57.6407707Z"
              },
              "Humidity": {
                "lastUpdateTime": "2025-05-02T20:52:57.6407707Z"
              },
              "IsOccupied": {
                "lastUpdateTime": "2025-05-02T20:52:57.6407707Z"
              },
              "EmployeeId": {
                "lastUpdateTime": "2025-05-02T20:52:57.6407707Z"
              }
            }
          },
          {
            "$dtId": "roomTwin731844292",
            "$etag": "W/\"158b4081-7865-48af-a8d6-e93db2eb04e6\"",
            "Temperature": 80,
            "Humidity": 25,
            "IsOccupied": true,
            "EmployeeId": "Employee1",
            "$metadata": {
              "$model": "dtmi:example:room;113440011",
              "$lastUpdateTime": "2025-05-02T20:52:57.4829669Z",
              "Temperature": {
                "lastUpdateTime": "2025-05-02T20:52:57.4829669Z"
              },
              "Humidity": {
                "lastUpdateTime": "2025-05-02T20:52:57.4829669Z"
              },
              "IsOccupied": {
                "lastUpdateTime": "2025-05-02T20:52:57.4829669Z"
              },
              "EmployeeId": {
                "lastUpdateTime": "2025-05-02T20:52:57.4829669Z"
              }
            }
          },
          {
            "$dtId": "roomTwin604718504",
            "$etag": "W/\"cce7baa2-b9ca-4b67-9b8f-f58ea91f05f5\"",
            "Temperature": 80,
            "Humidity": 25,
            "IsOccupied": true,
            "EmployeeId": "Employee1",
            "$metadata": {
              "$model": "dtmi:example:room;113440011",
              "$lastUpdateTime": "2025-05-02T20:52:57.2218879Z",
              "Temperature": {
                "lastUpdateTime": "2025-05-02T20:52:57.2218879Z"
              },
              "Humidity": {
                "lastUpdateTime": "2025-05-02T20:52:57.2218879Z"
              },
              "IsOccupied": {
                "lastUpdateTime": "2025-05-02T20:52:57.2218879Z"
              },
              "EmployeeId": {
                "lastUpdateTime": "2025-05-02T20:52:57.2218879Z"
              }
            }
          }
        ],
        "continuationToken": "{\"_t\":2,\"_s\":null,\"_rc\":\"[{\\\"token\\\":\\\"+RID:~xYQMAPGDobwFAAAAAAAAAA==#RT:1#TRC:5#ISV:2#IEO:65567#QCF:8#FPC:AQUAAAAAAAAABgAAAAAAAAA=\\\",\\\"range\\\":{\\\"min\\\":\\\"\\\",\\\"max\\\":\\\"FF\\\"}}]\",\"_q\":\"SELECT * FROM digitaltwins\",\"_id\":\"ba8245d8-8915-4d71-80c8-e7a95468a7b2\",\"_tr\":5,\"_pn\":1}"
      }
    },
    {
      "RequestUri": "https://fakeHost.api.wus2.digitaltwins.azure.net/query?api-version=2023-10-31",
      "RequestMethod": "POST",
      "RequestHeaders": {
        "Accept": "application/json",
        "Authorization": "Sanitized",
        "Content-Length": "485",
        "Content-Type": "application/json",
        "max-items-per-page": "5",
        "traceparent": "00-7e898727b28d2a7f56ce98da274b4051-b084f0018a87348a-00",
        "User-Agent": "azsdk-net-DigitalTwins.Core/1.6.0-alpha.20250502.1 (.NET 9.0.4; Microsoft Windows 10.0.26100)",
        "x-ms-client-request-id": "Sanitized",
        "x-ms-return-client-request-id": "true"
      },
      "RequestBody": {
        "continuationToken": "{\"_t\":2,\"_s\":null,\"_rc\":\"[{\\\"token\\\":\\\"+RID:~xYQMAPGDobwFAAAAAAAAAA==#RT:1#TRC:5#ISV:2#IEO:65567#QCF:8#FPC:AQUAAAAAAAAABgAAAAAAAAA=\\\",\\\"range\\\":{\\\"min\\\":\\\"\\\",\\\"max\\\":\\\"FF\\\"}}]\",\"_q\":\"SELECT * FROM digitaltwins\",\"_id\":\"ba8245d8-8915-4d71-80c8-e7a95468a7b2\",\"_tr\":5,\"_pn\":1}"
      },
      "StatusCode": 200,
      "ResponseHeaders": {
        "Content-Type": "application/json; charset=utf-8",
        "Date": "Fri, 02 May 2025 20:52:59 GMT",
        "mise-correlation-id": "2bebff06-5fd1-4235-9401-7c7a0b43b1d3",
        "query-charge": "2.78",
        "Strict-Transport-Security": "max-age=2592000",
        "traceresponse": "00-7e898727b28d2a7f56ce98da274b4051-be6b5660edb3b1e0-01",
        "Transfer-Encoding": "chunked"
      },
      "ResponseBody": {
        "value": [
          {
            "$dtId": "roomTwin72801996",
            "$etag": "W/\"c7dd9ce7-2bff-41d5-8c92-86da113764a7\"",
            "Temperature": 80,
            "Humidity": 25,
            "IsOccupied": true,
            "EmployeeId": "Employee1",
            "$metadata": {
              "$model": "dtmi:example:room;113440011",
              "$lastUpdateTime": "2025-05-02T20:52:56.9833767Z",
              "Temperature": {
                "lastUpdateTime": "2025-05-02T20:52:56.9833767Z"
              },
              "Humidity": {
                "lastUpdateTime": "2025-05-02T20:52:56.9833767Z"
              },
              "IsOccupied": {
                "lastUpdateTime": "2025-05-02T20:52:56.9833767Z"
              },
              "EmployeeId": {
                "lastUpdateTime": "2025-05-02T20:52:56.9833767Z"
              }
            }
          }
        ],
        "continuationToken": null
      }
    },
    {
      "RequestUri": "https://fakeHost.api.wus2.digitaltwins.azure.net/query?api-version=2023-10-31",
      "RequestMethod": "POST",
      "RequestHeaders": {
        "Accept": "application/json",
        "Authorization": "Sanitized",
        "Content-Length": "38",
        "Content-Type": "application/json",
        "max-items-per-page": "5",
        "traceparent": "00-8c710f66a496553fa5965005b68bb968-1946e4e0e0752115-00",
        "User-Agent": "azsdk-net-DigitalTwins.Core/1.6.0-alpha.20250502.1 (.NET 9.0.4; Microsoft Windows 10.0.26100)",
        "x-ms-client-request-id": "Sanitized",
        "x-ms-return-client-request-id": "true"
      },
      "RequestBody": {
        "query": "SELECT * FROM digitaltwins"
      },
      "StatusCode": 200,
      "ResponseHeaders": {
        "Content-Type": "application/json; charset=utf-8",
        "Date": "Fri, 02 May 2025 20:52:59 GMT",
        "mise-correlation-id": "71141866-79a9-4fac-9858-2dc5acf48d46",
        "query-charge": "3.21",
        "Strict-Transport-Security": "max-age=2592000",
        "traceresponse": "00-8c710f66a496553fa5965005b68bb968-a4e331cb1cbb92f8-01",
        "Transfer-Encoding": "chunked"
      },
      "ResponseBody": {
        "value": [
          {
            "$dtId": "roomTwin1378363561",
            "$etag": "W/\"37dc718e-1275-42eb-af08-e7c7901b7cbb\"",
            "Temperature": 80,
            "Humidity": 25,
            "IsOccupied": true,
            "EmployeeId": "Employee1",
            "$metadata": {
              "$model": "dtmi:example:room;113440011",
              "$lastUpdateTime": "2025-05-02T20:52:56.6336253Z",
              "Temperature": {
                "lastUpdateTime": "2025-05-02T20:52:56.6336253Z"
              },
              "Humidity": {
                "lastUpdateTime": "2025-05-02T20:52:56.6336253Z"
              },
              "IsOccupied": {
                "lastUpdateTime": "2025-05-02T20:52:56.6336253Z"
              },
              "EmployeeId": {
                "lastUpdateTime": "2025-05-02T20:52:56.6336253Z"
              }
            }
          },
          {
            "$dtId": "roomTwin76537216",
            "$etag": "W/\"890df737-05e3-4c2f-b952-4631edc4bd74\"",
            "Temperature": 80,
            "Humidity": 25,
            "IsOccupied": true,
            "EmployeeId": "Employee1",
            "$metadata": {
              "$model": "dtmi:example:room;113440011",
              "$lastUpdateTime": "2025-05-02T20:52:56.1907138Z",
              "Temperature": {
                "lastUpdateTime": "2025-05-02T20:52:56.1907138Z"
              },
              "Humidity": {
                "lastUpdateTime": "2025-05-02T20:52:56.1907138Z"
              },
              "IsOccupied": {
                "lastUpdateTime": "2025-05-02T20:52:56.1907138Z"
              },
              "EmployeeId": {
                "lastUpdateTime": "2025-05-02T20:52:56.1907138Z"
              }
            }
          },
          {
            "$dtId": "roomTwin6771348",
            "$etag": "W/\"58ab1390-d863-4330-abd8-ba90ba4b4889\"",
            "Temperature": 80,
            "Humidity": 25,
            "IsOccupied": true,
            "EmployeeId": "Employee1",
            "$metadata": {
              "$model": "dtmi:example:room;113440011",
              "$lastUpdateTime": "2025-05-02T20:52:57.6407707Z",
              "Temperature": {
                "lastUpdateTime": "2025-05-02T20:52:57.6407707Z"
              },
              "Humidity": {
                "lastUpdateTime": "2025-05-02T20:52:57.6407707Z"
              },
              "IsOccupied": {
                "lastUpdateTime": "2025-05-02T20:52:57.6407707Z"
              },
              "EmployeeId": {
                "lastUpdateTime": "2025-05-02T20:52:57.6407707Z"
              }
            }
          },
          {
            "$dtId": "roomTwin731844292",
            "$etag": "W/\"158b4081-7865-48af-a8d6-e93db2eb04e6\"",
            "Temperature": 80,
            "Humidity": 25,
            "IsOccupied": true,
            "EmployeeId": "Employee1",
            "$metadata": {
              "$model": "dtmi:example:room;113440011",
              "$lastUpdateTime": "2025-05-02T20:52:57.4829669Z",
              "Temperature": {
                "lastUpdateTime": "2025-05-02T20:52:57.4829669Z"
              },
              "Humidity": {
                "lastUpdateTime": "2025-05-02T20:52:57.4829669Z"
              },
              "IsOccupied": {
                "lastUpdateTime": "2025-05-02T20:52:57.4829669Z"
              },
              "EmployeeId": {
                "lastUpdateTime": "2025-05-02T20:52:57.4829669Z"
              }
            }
          },
          {
            "$dtId": "roomTwin604718504",
            "$etag": "W/\"cce7baa2-b9ca-4b67-9b8f-f58ea91f05f5\"",
            "Temperature": 80,
            "Humidity": 25,
            "IsOccupied": true,
            "EmployeeId": "Employee1",
            "$metadata": {
              "$model": "dtmi:example:room;113440011",
              "$lastUpdateTime": "2025-05-02T20:52:57.2218879Z",
              "Temperature": {
                "lastUpdateTime": "2025-05-02T20:52:57.2218879Z"
              },
              "Humidity": {
                "lastUpdateTime": "2025-05-02T20:52:57.2218879Z"
              },
              "IsOccupied": {
                "lastUpdateTime": "2025-05-02T20:52:57.2218879Z"
              },
              "EmployeeId": {
                "lastUpdateTime": "2025-05-02T20:52:57.2218879Z"
              }
            }
          }
        ],
        "continuationToken": "{\"_t\":2,\"_s\":null,\"_rc\":\"[{\\\"token\\\":\\\"+RID:~xYQMAPGDobwFAAAAAAAAAA==#RT:1#TRC:5#ISV:2#IEO:65567#QCF:8#FPC:AQUAAAAAAAAACgAAAAAAAAA=\\\",\\\"range\\\":{\\\"min\\\":\\\"\\\",\\\"max\\\":\\\"FF\\\"}}]\",\"_q\":\"SELECT * FROM digitaltwins\",\"_id\":\"41deacc5-0c8b-4b58-a2a6-a7f266c0149b\",\"_tr\":5,\"_pn\":1}"
      }
    },
    {
      "RequestUri": "https://fakeHost.api.wus2.digitaltwins.azure.net/query?api-version=2023-10-31",
      "RequestMethod": "POST",
      "RequestHeaders": {
        "Accept": "application/json",
        "Authorization": "Sanitized",
        "Content-Length": "485",
        "Content-Type": "application/json",
        "max-items-per-page": "5",
        "traceparent": "00-f29dc22e7119180bfe1f1c6b63c10a24-59fe446da8690f12-00",
        "User-Agent": "azsdk-net-DigitalTwins.Core/1.6.0-alpha.20250502.1 (.NET 9.0.4; Microsoft Windows 10.0.26100)",
        "x-ms-client-request-id": "Sanitized",
        "x-ms-return-client-request-id": "true"
      },
      "RequestBody": {
        "continuationToken": "{\"_t\":2,\"_s\":null,\"_rc\":\"[{\\\"token\\\":\\\"+RID:~xYQMAPGDobwFAAAAAAAAAA==#RT:1#TRC:5#ISV:2#IEO:65567#QCF:8#FPC:AQUAAAAAAAAACgAAAAAAAAA=\\\",\\\"range\\\":{\\\"min\\\":\\\"\\\",\\\"max\\\":\\\"FF\\\"}}]\",\"_q\":\"SELECT * FROM digitaltwins\",\"_id\":\"41deacc5-0c8b-4b58-a2a6-a7f266c0149b\",\"_tr\":5,\"_pn\":1}"
      },
      "StatusCode": 200,
      "ResponseHeaders": {
        "Content-Type": "application/json; charset=utf-8",
        "Date": "Fri, 02 May 2025 20:52:59 GMT",
        "mise-correlation-id": "8e05a0b9-f850-4ee4-876c-27dc3ad5cc0a",
        "query-charge": "3.11",
        "Strict-Transport-Security": "max-age=2592000",
        "traceresponse": "00-f29dc22e7119180bfe1f1c6b63c10a24-c5f387949d411d98-01",
        "Transfer-Encoding": "chunked"
      },
      "ResponseBody": {
        "value": [
          {
            "$dtId": "roomTwin72801996",
            "$etag": "W/\"c7dd9ce7-2bff-41d5-8c92-86da113764a7\"",
            "Temperature": 80,
            "Humidity": 25,
            "IsOccupied": true,
            "EmployeeId": "Employee1",
            "$metadata": {
              "$model": "dtmi:example:room;113440011",
              "$lastUpdateTime": "2025-05-02T20:52:56.9833767Z",
              "Temperature": {
                "lastUpdateTime": "2025-05-02T20:52:56.9833767Z"
              },
              "Humidity": {
                "lastUpdateTime": "2025-05-02T20:52:56.9833767Z"
              },
              "IsOccupied": {
                "lastUpdateTime": "2025-05-02T20:52:56.9833767Z"
              },
              "EmployeeId": {
                "lastUpdateTime": "2025-05-02T20:52:56.9833767Z"
              }
            }
          },
          {
            "$dtId": "roomTwin710620259",
            "$etag": "W/\"73919cf5-7676-4710-b227-b1bc0c44651b\"",
            "Temperature": 80,
            "Humidity": 25,
            "IsOccupied": true,
            "EmployeeId": "Employee1",
            "$metadata": {
              "$model": "dtmi:example:room;113440011",
              "$lastUpdateTime": "2025-05-02T20:52:57.8561883Z",
              "Temperature": {
                "lastUpdateTime": "2025-05-02T20:52:57.8561883Z"
              },
              "Humidity": {
                "lastUpdateTime": "2025-05-02T20:52:57.8561883Z"
              },
              "IsOccupied": {
                "lastUpdateTime": "2025-05-02T20:52:57.8561883Z"
              },
              "EmployeeId": {
                "lastUpdateTime": "2025-05-02T20:52:57.8561883Z"
              }
            }
          },
          {
            "$dtId": "roomTwin136106921",
            "$etag": "W/\"3999c97d-3cf6-4c73-a2f9-4c635aed6cad\"",
            "Temperature": 80,
            "Humidity": 25,
            "IsOccupied": true,
            "EmployeeId": "Employee1",
            "$metadata": {
              "$model": "dtmi:example:room;113440011",
              "$lastUpdateTime": "2025-05-02T20:52:58.0992495Z",
              "Temperature": {
                "lastUpdateTime": "2025-05-02T20:52:58.0992495Z"
              },
              "Humidity": {
                "lastUpdateTime": "2025-05-02T20:52:58.0992495Z"
              },
              "IsOccupied": {
                "lastUpdateTime": "2025-05-02T20:52:58.0992495Z"
              },
              "EmployeeId": {
                "lastUpdateTime": "2025-05-02T20:52:58.0992495Z"
              }
            }
          },
          {
            "$dtId": "roomTwin1032716688",
            "$etag": "W/\"ad7fc645-2746-4a24-ae53-874603d3164f\"",
            "Temperature": 80,
            "Humidity": 25,
            "IsOccupied": true,
            "EmployeeId": "Employee1",
            "$metadata": {
              "$model": "dtmi:example:room;113440011",
              "$lastUpdateTime": "2025-05-02T20:52:58.2494336Z",
              "Temperature": {
                "lastUpdateTime": "2025-05-02T20:52:58.2494336Z"
              },
              "Humidity": {
                "lastUpdateTime": "2025-05-02T20:52:58.2494336Z"
              },
              "IsOccupied": {
                "lastUpdateTime": "2025-05-02T20:52:58.2494336Z"
              },
              "EmployeeId": {
                "lastUpdateTime": "2025-05-02T20:52:58.2494336Z"
              }
            }
          },
          {
            "$dtId": "roomTwin1234685680",
            "$etag": "W/\"7b68e760-5f7e-4a39-9b2a-44b192b7bbc9\"",
            "Temperature": 80,
            "Humidity": 25,
            "IsOccupied": true,
            "EmployeeId": "Employee1",
            "$metadata": {
              "$model": "dtmi:example:room;113440011",
              "$lastUpdateTime": "2025-05-02T20:52:55.9384464Z",
              "Temperature": {
                "lastUpdateTime": "2025-05-02T20:52:55.9384464Z"
              },
              "Humidity": {
                "lastUpdateTime": "2025-05-02T20:52:55.9384464Z"
              },
              "IsOccupied": {
                "lastUpdateTime": "2025-05-02T20:52:55.9384464Z"
              },
              "EmployeeId": {
                "lastUpdateTime": "2025-05-02T20:52:55.9384464Z"
              }
            }
          }
        ],
        "continuationToken": null
      }
    },
    {
      "RequestUri": "https://fakeHost.api.wus2.digitaltwins.azure.net/models/dtmi%3Aexample%3Aroom%3B113440011?api-version=2023-10-31",
      "RequestMethod": "DELETE",
      "RequestHeaders": {
        "Accept": "application/json",
        "Authorization": "Sanitized",
        "traceparent": "00-5ba3bdd7410126363d4f4e8a78a86006-efc2031959ae3092-00",
        "User-Agent": "azsdk-net-DigitalTwins.Core/1.6.0-alpha.20250502.1 (.NET 9.0.4; Microsoft Windows 10.0.26100)",
        "x-ms-client-request-id": "Sanitized",
        "x-ms-return-client-request-id": "true"
      },
      "RequestBody": null,
      "StatusCode": 204,
      "ResponseHeaders": {
        "Content-Length": "0",
        "Date": "Fri, 02 May 2025 20:53:00 GMT",
        "mise-correlation-id": "d4b1babd-3efe-4015-b780-5657b26497da",
        "Strict-Transport-Security": "max-age=2592000",
        "traceresponse": "00-5ba3bdd7410126363d4f4e8a78a86006-9d7743301c837af0-01"
      },
      "ResponseBody": null
    }
  ],
  "Variables": {
    "DIGITALTWINS_URL": "https://fakeHost.api.wus2.digitaltwins.azure.net",
    "RandomSeed": "1576931711"
  }
}
