{
  "Entries": [
    {
      "RequestUri": "https://managedhsmvaultname.managedhsm.azure.net/keys/selective-restore-test-key3e139cc/create?api-version=7.5",
      "RequestMethod": "POST",
      "RequestHeaders": {
        "Accept": "application/json",
        "Accept-Encoding": "gzip, deflate",
        "Connection": "keep-alive",
        "Content-Length": "0",
        "Content-Type": "application/json",
        "User-Agent": "azsdk-python-keyvault-keys/4.9.0b2 Python/3.10.12 (Linux-5.15.90.1-microsoft-standard-WSL2-x86_64-with-glibc2.35)"
      },
      "RequestBody": null,
      "StatusCode": 401,
      "ResponseHeaders": {
        "Cache-Control": "no-cache",
        "Content-Length": "0",
        "Content-Security-Policy": "default-src \u0027self\u0027",
        "Content-Type": "application/json; charset=utf-8",
        "Strict-Transport-Security": "max-age=31536000; includeSubDomains",
        "WWW-Authenticate": "Bearer authorization=\u0022https://login.microsoftonline.com/00000000-0000-0000-0000-000000000000\u0022, resource=\u0022https://managedhsm.azure.net\u0022",
        "X-Content-Type-Options": "nosniff",
        "X-Frame-Options": "SAMEORIGIN",
        "x-ms-server-latency": "1"
      },
      "ResponseBody": null
    },
    {
      "RequestUri": "https://login.microsoftonline.com/00000000-0000-0000-0000-000000000000/v2.0/.well-known/openid-configuration",
      "RequestMethod": "GET",
      "RequestHeaders": {
        "Accept": "*/*",
        "Accept-Encoding": "gzip, deflate",
        "Connection": "keep-alive",
        "User-Agent": "azsdk-python-identity/1.15.0b2 Python/3.10.12 (Linux-5.15.90.1-microsoft-standard-WSL2-x86_64-with-glibc2.35)"
      },
      "RequestBody": null,
      "StatusCode": 200,
      "ResponseHeaders": {
        "Access-Control-Allow-Methods": "GET, OPTIONS",
        "Access-Control-Allow-Origin": "*",
        "Cache-Control": "max-age=86400, private",
        "Content-Length": "1753",
        "Content-Security-Policy-Report-Only": "script-src \u0027self\u0027 \u0027nonce-hmBozNAbkDxV45LwdqZ42g\u0027 \u0027unsafe-eval\u0027 \u0027unsafe-inline\u0027 \u0027report-sample\u0027; object-src \u0027none\u0027; base-uri \u0027self\u0027; report-uri https://csp.microsoft.com/report/ESTS-UX-All",
        "Content-Type": "application/json; charset=utf-8",
        "Date": "Tue, 19 Sep 2023 22:26:29 GMT",
        "P3P": "CP=\u0022DSP CUR OTPi IND OTRi ONL FIN\u0022",
        "Set-Cookie": [
          "fpc=AqAFSMmHwu9EjMHJAAZl1uFuNWSNBQAAAMEWnNwOAAAA; expires=Thu, 19-Oct-2023 22:26:29 GMT; path=/; secure; HttpOnly; SameSite=None",
          "x-ms-gateway-slice=estsfd; path=/; secure; samesite=none; httponly"
        ],
        "Strict-Transport-Security": "max-age=31536000; includeSubDomains",
        "X-Content-Type-Options": "nosniff",
        "x-ms-ests-server": "2.1.16368.8 - WUS3 ProdSlices",
        "X-XSS-Protection": "0"
      },
      "ResponseBody": {
        "token_endpoint": "https://login.microsoftonline.com/00000000-0000-0000-0000-000000000000/oauth2/v2.0/token",
        "token_endpoint_auth_methods_supported": [
          "client_secret_post",
          "private_key_jwt",
          "client_secret_basic"
        ],
        "jwks_uri": "https://login.microsoftonline.com/00000000-0000-0000-0000-000000000000/discovery/v2.0/keys",
        "response_modes_supported": [
          "query",
          "fragment",
          "form_post"
        ],
        "subject_types_supported": [
          "pairwise"
        ],
        "id_token_signing_alg_values_supported": [
          "RS256"
        ],
        "response_types_supported": [
          "code",
          "id_token",
          "code id_token",
          "id_token token"
        ],
        "scopes_supported": [
          "openid",
          "profile",
          "email",
          "offline_access"
        ],
        "issuer": "https://login.microsoftonline.com/00000000-0000-0000-0000-000000000000/v2.0",
        "request_uri_parameter_supported": false,
        "userinfo_endpoint": "https://graph.microsoft.com/oidc/userinfo",
        "authorization_endpoint": "https://login.microsoftonline.com/00000000-0000-0000-0000-000000000000/oauth2/v2.0/authorize",
        "device_authorization_endpoint": "https://login.microsoftonline.com/00000000-0000-0000-0000-000000000000/oauth2/v2.0/devicecode",
        "http_logout_supported": true,
        "frontchannel_logout_supported": true,
        "end_session_endpoint": "https://login.microsoftonline.com/00000000-0000-0000-0000-000000000000/oauth2/v2.0/logout",
        "claims_supported": [
          "sub",
          "iss",
          "cloud_instance_name",
          "cloud_instance_host_name",
          "cloud_graph_host_name",
          "msgraph_host",
          "aud",
          "exp",
          "iat",
          "auth_time",
          "acr",
          "nonce",
          "preferred_username",
          "name",
          "tid",
          "ver",
          "at_hash",
          "c_hash",
          "email"
        ],
        "kerberos_endpoint": "https://login.microsoftonline.com/00000000-0000-0000-0000-000000000000/kerberos",
        "tenant_region_scope": "WW",
        "cloud_instance_name": "microsoftonline.com",
        "cloud_graph_host_name": "graph.windows.net",
        "msgraph_host": "graph.microsoft.com",
        "rbac_url": "https://pas.windows.net"
      }
    },
    {
      "RequestUri": "https://login.microsoftonline.com/common/discovery/instance?api-version=1.1\u0026authorization_endpoint=https://login.microsoftonline.com/common/oauth2/authorize",
      "RequestMethod": "GET",
      "RequestHeaders": {
        "Accept": "application/json",
        "Accept-Encoding": "gzip, deflate",
        "Connection": "keep-alive",
        "Cookie": "fpc=AqAFSMmHwu9EjMHJAAZl1uFuNWSNBQAAAMEWnNwOAAAA; x-ms-gateway-slice=estsfd",
        "User-Agent": "azsdk-python-identity/1.15.0b2 Python/3.10.12 (Linux-5.15.90.1-microsoft-standard-WSL2-x86_64-with-glibc2.35)"
      },
      "RequestBody": null,
      "StatusCode": 200,
      "ResponseHeaders": {
        "Access-Control-Allow-Methods": "GET, OPTIONS",
        "Access-Control-Allow-Origin": "*",
        "Cache-Control": "max-age=86400, private",
        "Content-Length": "945",
        "Content-Type": "application/json; charset=utf-8",
        "Date": "Tue, 19 Sep 2023 22:26:29 GMT",
        "P3P": "CP=\u0022DSP CUR OTPi IND OTRi ONL FIN\u0022",
        "Set-Cookie": [
          "fpc=AqAFSMmHwu9EjMHJAAZl1uFuNWSNBQAAAMEWnNwOAAAA; expires=Thu, 19-Oct-2023 22:26:29 GMT; path=/; secure; HttpOnly; SameSite=None",
          "x-ms-gateway-slice=estsfd; path=/; secure; samesite=none; httponly"
        ],
        "Strict-Transport-Security": "max-age=31536000; includeSubDomains",
        "X-Content-Type-Options": "nosniff",
        "x-ms-ests-server": "2.1.16314.5 - NCUS ProdSlices",
        "X-XSS-Protection": "0"
      },
      "ResponseBody": {
        "tenant_discovery_endpoint": "https://login.microsoftonline.com/common/.well-known/openid-configuration",
        "api-version": "1.1",
        "metadata": [
          {
            "preferred_network": "login.microsoftonline.com",
            "preferred_cache": "login.windows.net",
            "aliases": [
              "login.microsoftonline.com",
              "login.windows.net",
              "login.microsoft.com",
              "sts.windows.net"
            ]
          },
          {
            "preferred_network": "login.partner.microsoftonline.cn",
            "preferred_cache": "login.partner.microsoftonline.cn",
            "aliases": [
              "login.partner.microsoftonline.cn",
              "login.chinacloudapi.cn"
            ]
          },
          {
            "preferred_network": "login.microsoftonline.de",
            "preferred_cache": "login.microsoftonline.de",
            "aliases": [
              "login.microsoftonline.de"
            ]
          },
          {
            "preferred_network": "login.microsoftonline.us",
            "preferred_cache": "login.microsoftonline.us",
            "aliases": [
              "login.microsoftonline.us",
              "login.usgovcloudapi.net"
            ]
          },
          {
            "preferred_network": "login-us.microsoftonline.com",
            "preferred_cache": "login-us.microsoftonline.com",
            "aliases": [
              "login-us.microsoftonline.com"
            ]
          }
        ]
      }
    },
    {
      "RequestUri": "https://managedhsmvaultname.managedhsm.azure.net/keys/selective-restore-test-key3e139cc/create?api-version=7.5",
      "RequestMethod": "POST",
      "RequestHeaders": {
        "Accept": "application/json",
        "Accept-Encoding": "gzip, deflate",
        "Connection": "keep-alive",
        "Content-Length": "14",
        "Content-Type": "application/json",
        "User-Agent": "azsdk-python-keyvault-keys/4.9.0b2 Python/3.10.12 (Linux-5.15.90.1-microsoft-standard-WSL2-x86_64-with-glibc2.35)"
      },
      "RequestBody": {
        "kty": "RSA"
      },
      "StatusCode": 200,
      "ResponseHeaders": {
        "Cache-Control": "no-cache",
        "Content-Length": "745",
        "Content-Security-Policy": "default-src \u0027self\u0027",
        "Content-Type": "application/json; charset=utf-8",
        "Strict-Transport-Security": "max-age=31536000; includeSubDomains",
        "X-Content-Type-Options": "nosniff",
        "X-Frame-Options": "SAMEORIGIN",
        "x-ms-keyvault-network-info": "conn_type=Ipv4;addr=172.92.159.124;act_addr_fam=Ipv4;",
        "x-ms-keyvault-region": "westus",
        "x-ms-server-latency": "175"
      },
      "ResponseBody": {
        "attributes": {
          "created": 1695162389,
          "enabled": true,
          "exportable": false,
          "recoverableDays": 7,
          "recoveryLevel": "CustomizedRecoverable\u002BPurgeable",
          "updated": 1695162389
        },
        "key": {
          "e": "AQAB",
          "key_ops": [
            "wrapKey",
            "decrypt",
            "encrypt",
            "unwrapKey",
            "sign",
            "verify"
          ],
          "kid": "https://managedhsmvaultname.managedhsm.azure.net/keys/selective-restore-test-key3e139cc/b5046b00e2b84517941a5662f569116a",
          "kty": "RSA-HSM",
          "n": "8Ud681SgyevLlBd4-AghqpSjIC5acv01itIPC5cO5-WRdCoQzD0s0e-y181_-xEcEig0OOi_pbD4qc6alevDmGcMGYzpJ8B4cKDiVvbK6ju4DfF6AS7ATeyhf6R-VwkNpJFxYaKSgUgLKUg4_PyCDW9w5RrvPyOw7FE9Vujqo2wG9WCQJqNsxeviA0RSPY2LKE4Gjz5DD1YwNnPi6ZVA1tcinsycCgg1a9qfgjeIxPiZZ45bUPQFDo0b8voYMnWayZ1PHUE2X1wiuJwbLtbHpOI153iKJg-QPWirX_TYXIBkth6kpk1YJ_NjFQNZ5ExXqJr_sMvZNRDc6vs9JkjZmw"
        }
      }
    },
    {
      "RequestUri": "https://managedhsmvaultname.managedhsm.azure.net/backup?api-version=7.2",
      "RequestMethod": "POST",
      "RequestHeaders": {
        "Accept": "application/json",
        "Accept-Encoding": "gzip, deflate",
        "Connection": "keep-alive",
        "Content-Length": "0",
        "Content-Type": "application/json",
        "User-Agent": "azsdk-python-keyvault-administration/4.4.0b2 Python/3.10.12 (Linux-5.15.90.1-microsoft-standard-WSL2-x86_64-with-glibc2.35)"
      },
      "RequestBody": null,
      "StatusCode": 401,
      "ResponseHeaders": {
        "Cache-Control": "no-cache",
        "Content-Length": "0",
        "Content-Security-Policy": "default-src \u0027self\u0027",
        "Content-Type": "application/json; charset=utf-8",
        "Strict-Transport-Security": "max-age=31536000; includeSubDomains",
        "WWW-Authenticate": "Bearer authorization=\u0022https://login.microsoftonline.com/00000000-0000-0000-0000-000000000000\u0022, resource=\u0022https://managedhsm.azure.net\u0022",
        "X-Content-Type-Options": "nosniff",
        "X-Frame-Options": "SAMEORIGIN",
        "x-ms-server-latency": "1"
      },
      "ResponseBody": null
    },
    {
      "RequestUri": "https://login.microsoftonline.com/00000000-0000-0000-0000-000000000000/v2.0/.well-known/openid-configuration",
      "RequestMethod": "GET",
      "RequestHeaders": {
        "Accept": "*/*",
        "Accept-Encoding": "gzip, deflate",
        "Connection": "keep-alive",
        "User-Agent": "azsdk-python-identity/1.15.0b2 Python/3.10.12 (Linux-5.15.90.1-microsoft-standard-WSL2-x86_64-with-glibc2.35)"
      },
      "RequestBody": null,
      "StatusCode": 200,
      "ResponseHeaders": {
        "Access-Control-Allow-Methods": "GET, OPTIONS",
        "Access-Control-Allow-Origin": "*",
        "Cache-Control": "max-age=86400, private",
        "Content-Length": "1753",
        "Content-Type": "application/json; charset=utf-8",
        "Date": "Tue, 19 Sep 2023 22:26:29 GMT",
        "P3P": "CP=\u0022DSP CUR OTPi IND OTRi ONL FIN\u0022",
        "Set-Cookie": [
          "fpc=AqAFSMmHwu9EjMHJAAZl1uFuNWSNBgAAAMEWnNwOAAAA; expires=Thu, 19-Oct-2023 22:26:30 GMT; path=/; secure; HttpOnly; SameSite=None",
          "x-ms-gateway-slice=estsfd; path=/; secure; samesite=none; httponly"
        ],
        "Strict-Transport-Security": "max-age=31536000; includeSubDomains",
        "X-Content-Type-Options": "nosniff",
        "x-ms-ests-server": "2.1.16368.8 - NCUS ProdSlices",
        "X-XSS-Protection": "0"
      },
      "ResponseBody": {
        "token_endpoint": "https://login.microsoftonline.com/00000000-0000-0000-0000-000000000000/oauth2/v2.0/token",
        "token_endpoint_auth_methods_supported": [
          "client_secret_post",
          "private_key_jwt",
          "client_secret_basic"
        ],
        "jwks_uri": "https://login.microsoftonline.com/00000000-0000-0000-0000-000000000000/discovery/v2.0/keys",
        "response_modes_supported": [
          "query",
          "fragment",
          "form_post"
        ],
        "subject_types_supported": [
          "pairwise"
        ],
        "id_token_signing_alg_values_supported": [
          "RS256"
        ],
        "response_types_supported": [
          "code",
          "id_token",
          "code id_token",
          "id_token token"
        ],
        "scopes_supported": [
          "openid",
          "profile",
          "email",
          "offline_access"
        ],
        "issuer": "https://login.microsoftonline.com/00000000-0000-0000-0000-000000000000/v2.0",
        "request_uri_parameter_supported": false,
        "userinfo_endpoint": "https://graph.microsoft.com/oidc/userinfo",
        "authorization_endpoint": "https://login.microsoftonline.com/00000000-0000-0000-0000-000000000000/oauth2/v2.0/authorize",
        "device_authorization_endpoint": "https://login.microsoftonline.com/00000000-0000-0000-0000-000000000000/oauth2/v2.0/devicecode",
        "http_logout_supported": true,
        "frontchannel_logout_supported": true,
        "end_session_endpoint": "https://login.microsoftonline.com/00000000-0000-0000-0000-000000000000/oauth2/v2.0/logout",
        "claims_supported": [
          "sub",
          "iss",
          "cloud_instance_name",
          "cloud_instance_host_name",
          "cloud_graph_host_name",
          "msgraph_host",
          "aud",
          "exp",
          "iat",
          "auth_time",
          "acr",
          "nonce",
          "preferred_username",
          "name",
          "tid",
          "ver",
          "at_hash",
          "c_hash",
          "email"
        ],
        "kerberos_endpoint": "https://login.microsoftonline.com/00000000-0000-0000-0000-000000000000/kerberos",
        "tenant_region_scope": "WW",
        "cloud_instance_name": "microsoftonline.com",
        "cloud_graph_host_name": "graph.windows.net",
        "msgraph_host": "graph.microsoft.com",
        "rbac_url": "https://pas.windows.net"
      }
    },
    {
      "RequestUri": "https://login.microsoftonline.com/common/discovery/instance?api-version=1.1\u0026authorization_endpoint=https://login.microsoftonline.com/common/oauth2/authorize",
      "RequestMethod": "GET",
      "RequestHeaders": {
        "Accept": "application/json",
        "Accept-Encoding": "gzip, deflate",
        "Connection": "keep-alive",
        "Cookie": "fpc=AqAFSMmHwu9EjMHJAAZl1uFuNWSNBgAAAMEWnNwOAAAA; x-ms-gateway-slice=estsfd",
        "User-Agent": "azsdk-python-identity/1.15.0b2 Python/3.10.12 (Linux-5.15.90.1-microsoft-standard-WSL2-x86_64-with-glibc2.35)"
      },
      "RequestBody": null,
      "StatusCode": 200,
      "ResponseHeaders": {
        "Access-Control-Allow-Methods": "GET, OPTIONS",
        "Access-Control-Allow-Origin": "*",
        "Cache-Control": "max-age=86400, private",
        "Content-Length": "945",
        "Content-Type": "application/json; charset=utf-8",
        "Date": "Tue, 19 Sep 2023 22:26:30 GMT",
        "P3P": "CP=\u0022DSP CUR OTPi IND OTRi ONL FIN\u0022",
        "Set-Cookie": [
          "fpc=AqAFSMmHwu9EjMHJAAZl1uFuNWSNBgAAAMEWnNwOAAAA; expires=Thu, 19-Oct-2023 22:26:30 GMT; path=/; secure; HttpOnly; SameSite=None",
          "x-ms-gateway-slice=estsfd; path=/; secure; samesite=none; httponly"
        ],
        "Strict-Transport-Security": "max-age=31536000; includeSubDomains",
        "X-Content-Type-Options": "nosniff",
        "x-ms-ests-server": "2.1.16314.5 - NCUS ProdSlices",
        "X-XSS-Protection": "0"
      },
      "ResponseBody": {
        "tenant_discovery_endpoint": "https://login.microsoftonline.com/common/.well-known/openid-configuration",
        "api-version": "1.1",
        "metadata": [
          {
            "preferred_network": "login.microsoftonline.com",
            "preferred_cache": "login.windows.net",
            "aliases": [
              "login.microsoftonline.com",
              "login.windows.net",
              "login.microsoft.com",
              "sts.windows.net"
            ]
          },
          {
            "preferred_network": "login.partner.microsoftonline.cn",
            "preferred_cache": "login.partner.microsoftonline.cn",
            "aliases": [
              "login.partner.microsoftonline.cn",
              "login.chinacloudapi.cn"
            ]
          },
          {
            "preferred_network": "login.microsoftonline.de",
            "preferred_cache": "login.microsoftonline.de",
            "aliases": [
              "login.microsoftonline.de"
            ]
          },
          {
            "preferred_network": "login.microsoftonline.us",
            "preferred_cache": "login.microsoftonline.us",
            "aliases": [
              "login.microsoftonline.us",
              "login.usgovcloudapi.net"
            ]
          },
          {
            "preferred_network": "login-us.microsoftonline.com",
            "preferred_cache": "login-us.microsoftonline.com",
            "aliases": [
              "login-us.microsoftonline.com"
            ]
          }
        ]
      }
    },
    {
      "RequestUri": "https://managedhsmvaultname.managedhsm.azure.net/backup?api-version=7.2",
      "RequestMethod": "POST",
      "RequestHeaders": {
        "Accept": "application/json",
        "Accept-Encoding": "gzip, deflate",
        "Connection": "keep-alive",
        "Content-Length": "146",
        "Content-Type": "application/json",
        "User-Agent": "azsdk-python-keyvault-administration/4.4.0b2 Python/3.10.12 (Linux-5.15.90.1-microsoft-standard-WSL2-x86_64-with-glibc2.35)"
      },
      "RequestBody": {
        "storageResourceUri": "https://blob_storage_account_name.blob.keyvault_endpoint_suffix/backup",
        "token": "fake-sas",
        "useManagedIdentity": false
      },
      "StatusCode": 202,
      "ResponseHeaders": {
        "api-supported-versions": "20180927, 20211111",
        "azure-asyncoperation": "https://managedhsmvaultname.managedhsm.azure.net/backup/17b846384eb44dc69c96081ee6f15730/pending",
        "Cache-Control": "no-cache",
        "Content-Length": "174",
        "Content-Security-Policy": "default-src \u0027self\u0027",
        "Content-Type": "application/json; charset=utf-8",
        "Date": "Tue, 19 Sep 2023 22:26:30 GMT",
        "Retry-After": "10",
        "Server": "Kestrel",
        "Strict-Transport-Security": "max-age=31536000; includeSubDomains",
        "X-Content-Type-Options": "nosniff",
        "X-Frame-Options": "SAMEORIGIN",
        "x-ms-keyvault-network-info": "conn_type=Ipv4;addr=172.92.159.124;act_addr_fam=Ipv4;",
        "x-ms-keyvault-region": "westus",
        "x-ms-server-latency": "312"
      },
      "ResponseBody": {
        "status": "InProgress",
        "statusDetails": null,
        "error": null,
        "startTime": 1695162390,
        "endTime": null,
        "jobId": "17b846384eb44dc69c96081ee6f15730",
        "azureStorageBlobContainerUri": null
      }
    },
    {
      "RequestUri": "https://managedhsmvaultname.managedhsm.azure.net/backup/17b846384eb44dc69c96081ee6f15730/pending",
      "RequestMethod": "GET",
      "RequestHeaders": {
        "Accept": "*/*",
        "Accept-Encoding": "gzip, deflate",
        "Connection": "keep-alive",
        "User-Agent": "azsdk-python-keyvault-administration/4.4.0b2 Python/3.10.12 (Linux-5.15.90.1-microsoft-standard-WSL2-x86_64-with-glibc2.35)"
      },
      "RequestBody": null,
      "StatusCode": 200,
      "ResponseHeaders": {
        "api-supported-versions": "20180927, 20211111",
        "Cache-Control": "no-cache",
        "Content-Length": "174",
        "Content-Security-Policy": "default-src \u0027self\u0027",
        "Content-Type": "application/json; charset=utf-8",
        "Date": "Tue, 19 Sep 2023 22:26:30 GMT",
        "Server": "Kestrel",
        "Strict-Transport-Security": "max-age=31536000; includeSubDomains",
        "X-Content-Type-Options": "nosniff",
        "X-Frame-Options": "SAMEORIGIN",
        "x-ms-build-version": "1.0.20230831-2-9231e16f-07-lkg",
        "x-ms-keyvault-network-info": "conn_type=Ipv4;addr=172.92.159.124;act_addr_fam=Ipv4;",
        "x-ms-keyvault-region": "westus",
        "x-ms-server-latency": "186"
      },
      "ResponseBody": {
        "azureStorageBlobContainerUri": null,
        "endTime": null,
        "error": null,
        "jobId": "17b846384eb44dc69c96081ee6f15730",
        "startTime": 1695162390,
        "status": "InProgress",
        "statusDetails": null
      }
    },
    {
      "RequestUri": "https://managedhsmvaultname.managedhsm.azure.net/backup/17b846384eb44dc69c96081ee6f15730/pending",
      "RequestMethod": "GET",
      "RequestHeaders": {
        "Accept": "*/*",
        "Accept-Encoding": "gzip, deflate",
        "Connection": "keep-alive",
        "User-Agent": "azsdk-python-keyvault-administration/4.4.0b2 Python/3.10.12 (Linux-5.15.90.1-microsoft-standard-WSL2-x86_64-with-glibc2.35)"
      },
      "RequestBody": null,
      "StatusCode": 200,
      "ResponseHeaders": {
        "api-supported-versions": "20180927, 20211111",
        "Cache-Control": "no-cache",
        "Content-Length": "174",
        "Content-Security-Policy": "default-src \u0027self\u0027",
        "Content-Type": "application/json; charset=utf-8",
        "Date": "Tue, 19 Sep 2023 22:26:35 GMT",
        "Server": "Kestrel",
        "Strict-Transport-Security": "max-age=31536000; includeSubDomains",
        "X-Content-Type-Options": "nosniff",
        "X-Frame-Options": "SAMEORIGIN",
        "x-ms-build-version": "1.0.20230831-2-9231e16f-07-lkg",
        "x-ms-keyvault-network-info": "conn_type=Ipv4;addr=172.92.159.124;act_addr_fam=Ipv4;",
        "x-ms-keyvault-region": "westus",
        "x-ms-server-latency": "236"
      },
      "ResponseBody": {
        "azureStorageBlobContainerUri": null,
        "endTime": null,
        "error": null,
        "jobId": "17b846384eb44dc69c96081ee6f15730",
        "startTime": 1695162390,
        "status": "InProgress",
        "statusDetails": null
      }
    },
    {
      "RequestUri": "https://managedhsmvaultname.managedhsm.azure.net/backup/17b846384eb44dc69c96081ee6f15730/pending",
      "RequestMethod": "GET",
      "RequestHeaders": {
        "Accept": "*/*",
        "Accept-Encoding": "gzip, deflate",
        "Connection": "keep-alive",
        "User-Agent": "azsdk-python-keyvault-administration/4.4.0b2 Python/3.10.12 (Linux-5.15.90.1-microsoft-standard-WSL2-x86_64-with-glibc2.35)"
      },
      "RequestBody": null,
      "StatusCode": 200,
      "ResponseHeaders": {
        "api-supported-versions": "20180927, 20211111",
        "Cache-Control": "no-cache",
        "Content-Length": "283",
        "Content-Security-Policy": "default-src \u0027self\u0027",
        "Content-Type": "application/json; charset=utf-8",
        "Date": "Tue, 19 Sep 2023 22:26:41 GMT",
        "Server": "Kestrel",
        "Strict-Transport-Security": "max-age=31536000; includeSubDomains",
        "X-Content-Type-Options": "nosniff",
        "X-Frame-Options": "SAMEORIGIN",
        "x-ms-build-version": "1.0.20230831-2-9231e16f-07-lkg",
        "x-ms-keyvault-network-info": "conn_type=Ipv4;addr=172.92.159.124;act_addr_fam=Ipv4;",
        "x-ms-keyvault-region": "westus",
        "x-ms-server-latency": "146"
      },
      "ResponseBody": {
        "azureStorageBlobContainerUri": "https://blob_storage_account_name.blob.keyvault_endpoint_suffix/backup/mhsm-mcpatinokvhsm-2023091922263089",
        "endTime": 1695162398,
        "error": null,
        "jobId": "17b846384eb44dc69c96081ee6f15730",
        "startTime": 1695162390,
        "status": "Succeeded",
        "statusDetails": null
      }
    },
    {
      "RequestUri": "https://managedhsmvaultname.managedhsm.azure.net/keys/selective-restore-test-key3e139cc/restore?api-version=7.2",
      "RequestMethod": "PUT",
      "RequestHeaders": {
        "Accept": "application/json",
        "Accept-Encoding": "gzip, deflate",
        "Connection": "keep-alive",
        "Content-Length": "219",
        "Content-Type": "application/json",
        "User-Agent": "azsdk-python-keyvault-administration/4.4.0b2 Python/3.10.12 (Linux-5.15.90.1-microsoft-standard-WSL2-x86_64-with-glibc2.35)"
      },
      "RequestBody": {
        "sasTokenParameters": {
          "storageResourceUri": "https://blob_storage_account_name.blob.keyvault_endpoint_suffix/backup",
          "token": "fake-sas",
          "useManagedIdentity": false
        },
        "folder": "mhsm-mcpatinokvhsm-2023091922263089"
      },
      "StatusCode": 202,
      "ResponseHeaders": {
        "api-supported-versions": "20180927, 20211111",
        "azure-asyncoperation": "https://managedhsmvaultname.managedhsm.azure.net/restore/08f61178495740dfbc8156dc68cbd171/pending",
        "Cache-Control": "no-cache",
        "Content-Length": "138",
        "Content-Security-Policy": "default-src \u0027self\u0027",
        "Content-Type": "application/json; charset=utf-8",
        "Date": "Tue, 19 Sep 2023 22:26:41 GMT",
        "Retry-After": "10",
        "Server": "Kestrel",
        "Strict-Transport-Security": "max-age=31536000; includeSubDomains",
        "X-Content-Type-Options": "nosniff",
        "X-Frame-Options": "SAMEORIGIN",
        "x-ms-keyvault-network-info": "conn_type=Ipv4;addr=172.92.159.124;act_addr_fam=Ipv4;",
        "x-ms-keyvault-region": "westus",
        "x-ms-server-latency": "334"
      },
      "ResponseBody": {
        "endTime": null,
        "error": null,
        "jobId": "08f61178495740dfbc8156dc68cbd171",
        "startTime": 1695162401,
        "status": "InProgress",
        "statusDetails": null
      }
    },
    {
      "RequestUri": "https://managedhsmvaultname.managedhsm.azure.net/restore/08f61178495740dfbc8156dc68cbd171/pending",
      "RequestMethod": "GET",
      "RequestHeaders": {
        "Accept": "*/*",
        "Accept-Encoding": "gzip, deflate",
        "Connection": "keep-alive",
        "User-Agent": "azsdk-python-keyvault-administration/4.4.0b2 Python/3.10.12 (Linux-5.15.90.1-microsoft-standard-WSL2-x86_64-with-glibc2.35)"
      },
      "RequestBody": null,
      "StatusCode": 200,
      "ResponseHeaders": {
        "api-supported-versions": "20180927, 20211111",
        "Cache-Control": "no-cache",
        "Content-Length": "138",
        "Content-Security-Policy": "default-src \u0027self\u0027",
        "Content-Type": "application/json; charset=utf-8",
        "Date": "Tue, 19 Sep 2023 22:26:41 GMT",
        "Server": "Kestrel",
        "Strict-Transport-Security": "max-age=31536000; includeSubDomains",
        "X-Content-Type-Options": "nosniff",
        "X-Frame-Options": "SAMEORIGIN",
        "x-ms-build-version": "1.0.20230831-2-9231e16f-07-lkg",
        "x-ms-keyvault-network-info": "conn_type=Ipv4;addr=172.92.159.124;act_addr_fam=Ipv4;",
        "x-ms-keyvault-region": "westus",
        "x-ms-server-latency": "160"
      },
      "ResponseBody": {
        "endTime": null,
        "error": null,
        "jobId": "08f61178495740dfbc8156dc68cbd171",
        "startTime": 1695162401,
        "status": "InProgress",
        "statusDetails": null
      }
    },
    {
      "RequestUri": "https://managedhsmvaultname.managedhsm.azure.net/restore/08f61178495740dfbc8156dc68cbd171/pending",
      "RequestMethod": "GET",
      "RequestHeaders": {
        "Accept": "*/*",
        "Accept-Encoding": "gzip, deflate",
        "Connection": "keep-alive",
        "User-Agent": "azsdk-python-keyvault-administration/4.4.0b2 Python/3.10.12 (Linux-5.15.90.1-microsoft-standard-WSL2-x86_64-with-glibc2.35)"
      },
      "RequestBody": null,
      "StatusCode": 200,
      "ResponseHeaders": {
        "api-supported-versions": "20180927, 20211111",
        "Cache-Control": "no-cache",
        "Content-Length": "138",
        "Content-Security-Policy": "default-src \u0027self\u0027",
        "Content-Type": "application/json; charset=utf-8",
        "Date": "Tue, 19 Sep 2023 22:26:47 GMT",
        "Server": "Kestrel",
        "Strict-Transport-Security": "max-age=31536000; includeSubDomains",
        "X-Content-Type-Options": "nosniff",
        "X-Frame-Options": "SAMEORIGIN",
        "x-ms-build-version": "1.0.20230831-2-9231e16f-07-lkg",
        "x-ms-keyvault-network-info": "conn_type=Ipv4;addr=172.92.159.124;act_addr_fam=Ipv4;",
        "x-ms-keyvault-region": "westus",
        "x-ms-server-latency": "167"
      },
      "ResponseBody": {
        "endTime": null,
        "error": null,
        "jobId": "08f61178495740dfbc8156dc68cbd171",
        "startTime": 1695162401,
        "status": "InProgress",
        "statusDetails": null
      }
    },
    {
      "RequestUri": "https://managedhsmvaultname.managedhsm.azure.net/restore/08f61178495740dfbc8156dc68cbd171/pending",
      "RequestMethod": "GET",
      "RequestHeaders": {
        "Accept": "*/*",
        "Accept-Encoding": "gzip, deflate",
        "Connection": "keep-alive",
        "User-Agent": "azsdk-python-keyvault-administration/4.4.0b2 Python/3.10.12 (Linux-5.15.90.1-microsoft-standard-WSL2-x86_64-with-glibc2.35)"
      },
      "RequestBody": null,
      "StatusCode": 200,
      "ResponseHeaders": {
        "api-supported-versions": "20180927, 20211111",
        "Cache-Control": "no-cache",
        "Content-Length": "138",
        "Content-Security-Policy": "default-src \u0027self\u0027",
        "Content-Type": "application/json; charset=utf-8",
        "Date": "Tue, 19 Sep 2023 22:26:52 GMT",
        "Server": "Kestrel",
        "Strict-Transport-Security": "max-age=31536000; includeSubDomains",
        "X-Content-Type-Options": "nosniff",
        "X-Frame-Options": "SAMEORIGIN",
        "x-ms-build-version": "1.0.20230831-2-9231e16f-07-lkg",
        "x-ms-keyvault-network-info": "conn_type=Ipv4;addr=172.92.159.124;act_addr_fam=Ipv4;",
        "x-ms-keyvault-region": "westus",
        "x-ms-server-latency": "306"
      },
      "ResponseBody": {
        "endTime": null,
        "error": null,
        "jobId": "08f61178495740dfbc8156dc68cbd171",
        "startTime": 1695162401,
        "status": "InProgress",
        "statusDetails": null
      }
    },
    {
      "RequestUri": "https://managedhsmvaultname.managedhsm.azure.net/restore/08f61178495740dfbc8156dc68cbd171/pending",
      "RequestMethod": "GET",
      "RequestHeaders": {
        "Accept": "*/*",
        "Accept-Encoding": "gzip, deflate",
        "Connection": "keep-alive",
        "User-Agent": "azsdk-python-keyvault-administration/4.4.0b2 Python/3.10.12 (Linux-5.15.90.1-microsoft-standard-WSL2-x86_64-with-glibc2.35)"
      },
      "RequestBody": null,
      "StatusCode": 200,
      "ResponseHeaders": {
        "api-supported-versions": "20180927, 20211111",
        "Cache-Control": "no-cache",
        "Content-Length": "233",
        "Content-Security-Policy": "default-src \u0027self\u0027",
        "Content-Type": "application/json; charset=utf-8",
        "Date": "Tue, 19 Sep 2023 22:26:57 GMT",
        "Server": "Kestrel",
        "Strict-Transport-Security": "max-age=31536000; includeSubDomains",
        "X-Content-Type-Options": "nosniff",
        "X-Frame-Options": "SAMEORIGIN",
        "x-ms-build-version": "1.0.20230831-2-9231e16f-07-lkg",
        "x-ms-keyvault-network-info": "conn_type=Ipv4;addr=172.92.159.124;act_addr_fam=Ipv4;",
        "x-ms-keyvault-region": "westus",
        "x-ms-server-latency": "156"
      },
      "ResponseBody": {
        "endTime": 1695162412,
        "error": null,
        "jobId": "08f61178495740dfbc8156dc68cbd171",
        "startTime": 1695162401,
        "status": "Succeeded",
        "statusDetails": "Number of successful key versions restored: 0, Number of key versions could not overwrite: 2"
      }
    }
  ],
  "Variables": {}
}
