{
  "Entries": [
    {
      "RequestUri": "https://managedhsmvaultname.managedhsm.azure.net/backup?api-version=7.5-preview.1",
      "RequestMethod": "POST",
      "RequestHeaders": {
        "Accept": "application/json",
        "Accept-Encoding": "gzip, deflate",
        "Connection": "keep-alive",
        "Content-Length": "0",
        "Content-Type": "application/json",
        "User-Agent": "azsdk-python-keyvault-administration/4.4.0b2 Python/3.10.12 (Linux-5.15.90.1-microsoft-standard-WSL2-x86_64-with-glibc2.35)"
      },
      "RequestBody": null,
      "StatusCode": 401,
      "ResponseHeaders": {
        "Cache-Control": "no-cache",
        "Content-Length": "0",
        "Content-Security-Policy": "default-src \u0027self\u0027",
        "Content-Type": "application/json; charset=utf-8",
        "Strict-Transport-Security": "max-age=31536000; includeSubDomains",
        "WWW-Authenticate": "Bearer authorization=\u0022https://login.microsoftonline.com/00000000-0000-0000-0000-000000000000\u0022, resource=\u0022https://managedhsm.azure.net\u0022",
        "X-Content-Type-Options": "nosniff",
        "X-Frame-Options": "SAMEORIGIN",
        "x-ms-server-latency": "1"
      },
      "ResponseBody": null
    },
    {
      "RequestUri": "https://login.microsoftonline.com/00000000-0000-0000-0000-000000000000/v2.0/.well-known/openid-configuration",
      "RequestMethod": "GET",
      "RequestHeaders": {
        "Accept": "*/*",
        "Accept-Encoding": "gzip, deflate",
        "Connection": "keep-alive",
        "User-Agent": "azsdk-python-identity/1.15.0b2 Python/3.10.12 (Linux-5.15.90.1-microsoft-standard-WSL2-x86_64-with-glibc2.35)"
      },
      "RequestBody": null,
      "StatusCode": 200,
      "ResponseHeaders": {
        "Access-Control-Allow-Methods": "GET, OPTIONS",
        "Access-Control-Allow-Origin": "*",
        "Cache-Control": "max-age=86400, private",
        "Content-Length": "1753",
        "Content-Type": "application/json; charset=utf-8",
        "Date": "Tue, 19 Sep 2023 21:37:37 GMT",
        "P3P": "CP=\u0022DSP CUR OTPi IND OTRi ONL FIN\u0022",
        "Set-Cookie": [
          "fpc=AmtbwkFKSNlKnEFR2r4KUM9uNWSNAwAAAOYKnNwOAAAA; expires=Thu, 19-Oct-2023 21:37:37 GMT; path=/; secure; HttpOnly; SameSite=None",
          "x-ms-gateway-slice=estsfd; path=/; secure; samesite=none; httponly"
        ],
        "Strict-Transport-Security": "max-age=31536000; includeSubDomains",
        "X-Content-Type-Options": "nosniff",
        "x-ms-ests-server": "2.1.16368.8 - NCUS ProdSlices",
        "X-XSS-Protection": "0"
      },
      "ResponseBody": {
        "token_endpoint": "https://login.microsoftonline.com/00000000-0000-0000-0000-000000000000/oauth2/v2.0/token",
        "token_endpoint_auth_methods_supported": [
          "client_secret_post",
          "private_key_jwt",
          "client_secret_basic"
        ],
        "jwks_uri": "https://login.microsoftonline.com/00000000-0000-0000-0000-000000000000/discovery/v2.0/keys",
        "response_modes_supported": [
          "query",
          "fragment",
          "form_post"
        ],
        "subject_types_supported": [
          "pairwise"
        ],
        "id_token_signing_alg_values_supported": [
          "RS256"
        ],
        "response_types_supported": [
          "code",
          "id_token",
          "code id_token",
          "id_token token"
        ],
        "scopes_supported": [
          "openid",
          "profile",
          "email",
          "offline_access"
        ],
        "issuer": "https://login.microsoftonline.com/00000000-0000-0000-0000-000000000000/v2.0",
        "request_uri_parameter_supported": false,
        "userinfo_endpoint": "https://graph.microsoft.com/oidc/userinfo",
        "authorization_endpoint": "https://login.microsoftonline.com/00000000-0000-0000-0000-000000000000/oauth2/v2.0/authorize",
        "device_authorization_endpoint": "https://login.microsoftonline.com/00000000-0000-0000-0000-000000000000/oauth2/v2.0/devicecode",
        "http_logout_supported": true,
        "frontchannel_logout_supported": true,
        "end_session_endpoint": "https://login.microsoftonline.com/00000000-0000-0000-0000-000000000000/oauth2/v2.0/logout",
        "claims_supported": [
          "sub",
          "iss",
          "cloud_instance_name",
          "cloud_instance_host_name",
          "cloud_graph_host_name",
          "msgraph_host",
          "aud",
          "exp",
          "iat",
          "auth_time",
          "acr",
          "nonce",
          "preferred_username",
          "name",
          "tid",
          "ver",
          "at_hash",
          "c_hash",
          "email"
        ],
        "kerberos_endpoint": "https://login.microsoftonline.com/00000000-0000-0000-0000-000000000000/kerberos",
        "tenant_region_scope": "WW",
        "cloud_instance_name": "microsoftonline.com",
        "cloud_graph_host_name": "graph.windows.net",
        "msgraph_host": "graph.microsoft.com",
        "rbac_url": "https://pas.windows.net"
      }
    },
    {
      "RequestUri": "https://login.microsoftonline.com/common/discovery/instance?api-version=1.1\u0026authorization_endpoint=https://login.microsoftonline.com/common/oauth2/authorize",
      "RequestMethod": "GET",
      "RequestHeaders": {
        "Accept": "application/json",
        "Accept-Encoding": "gzip, deflate",
        "Connection": "keep-alive",
        "Cookie": "fpc=AmtbwkFKSNlKnEFR2r4KUM9uNWSNAwAAAOYKnNwOAAAA; x-ms-gateway-slice=estsfd",
        "User-Agent": "azsdk-python-identity/1.15.0b2 Python/3.10.12 (Linux-5.15.90.1-microsoft-standard-WSL2-x86_64-with-glibc2.35)"
      },
      "RequestBody": null,
      "StatusCode": 200,
      "ResponseHeaders": {
        "Access-Control-Allow-Methods": "GET, OPTIONS",
        "Access-Control-Allow-Origin": "*",
        "Cache-Control": "max-age=86400, private",
        "Content-Length": "945",
        "Content-Type": "application/json; charset=utf-8",
        "Date": "Tue, 19 Sep 2023 21:37:37 GMT",
        "P3P": "CP=\u0022DSP CUR OTPi IND OTRi ONL FIN\u0022",
        "Set-Cookie": [
          "fpc=AmtbwkFKSNlKnEFR2r4KUM9uNWSNAwAAAOYKnNwOAAAA; expires=Thu, 19-Oct-2023 21:37:37 GMT; path=/; secure; HttpOnly; SameSite=None",
          "x-ms-gateway-slice=estsfd; path=/; secure; samesite=none; httponly"
        ],
        "Strict-Transport-Security": "max-age=31536000; includeSubDomains",
        "X-Content-Type-Options": "nosniff",
        "x-ms-ests-server": "2.1.16314.5 - EUS ProdSlices",
        "X-XSS-Protection": "0"
      },
      "ResponseBody": {
        "tenant_discovery_endpoint": "https://login.microsoftonline.com/common/.well-known/openid-configuration",
        "api-version": "1.1",
        "metadata": [
          {
            "preferred_network": "login.microsoftonline.com",
            "preferred_cache": "login.windows.net",
            "aliases": [
              "login.microsoftonline.com",
              "login.windows.net",
              "login.microsoft.com",
              "sts.windows.net"
            ]
          },
          {
            "preferred_network": "login.partner.microsoftonline.cn",
            "preferred_cache": "login.partner.microsoftonline.cn",
            "aliases": [
              "login.partner.microsoftonline.cn",
              "login.chinacloudapi.cn"
            ]
          },
          {
            "preferred_network": "login.microsoftonline.de",
            "preferred_cache": "login.microsoftonline.de",
            "aliases": [
              "login.microsoftonline.de"
            ]
          },
          {
            "preferred_network": "login.microsoftonline.us",
            "preferred_cache": "login.microsoftonline.us",
            "aliases": [
              "login.microsoftonline.us",
              "login.usgovcloudapi.net"
            ]
          },
          {
            "preferred_network": "login-us.microsoftonline.com",
            "preferred_cache": "login-us.microsoftonline.com",
            "aliases": [
              "login-us.microsoftonline.com"
            ]
          }
        ]
      }
    },
    {
      "RequestUri": "https://managedhsmvaultname.managedhsm.azure.net/backup?api-version=7.5-preview.1",
      "RequestMethod": "POST",
      "RequestHeaders": {
        "Accept": "application/json",
        "Accept-Encoding": "gzip, deflate",
        "Connection": "keep-alive",
        "Content-Length": "146",
        "Content-Type": "application/json",
        "User-Agent": "azsdk-python-keyvault-administration/4.4.0b2 Python/3.10.12 (Linux-5.15.90.1-microsoft-standard-WSL2-x86_64-with-glibc2.35)"
      },
      "RequestBody": {
        "storageResourceUri": "https://blob_storage_account_name.blob.keyvault_endpoint_suffix/backup",
        "token": "fake-sas",
        "useManagedIdentity": false
      },
      "StatusCode": 202,
      "ResponseHeaders": {
        "api-supported-versions": "20180927, 20211111",
        "azure-asyncoperation": "https://managedhsmvaultname.managedhsm.azure.net/backup/0c929b75a11040d3ac3eb072393024fa/pending",
        "Cache-Control": "no-cache",
        "Content-Length": "174",
        "Content-Security-Policy": "default-src \u0027self\u0027",
        "Content-Type": "application/json; charset=utf-8",
        "Date": "Tue, 19 Sep 2023 21:37:38 GMT",
        "Retry-After": "10",
        "Server": "Kestrel",
        "Strict-Transport-Security": "max-age=31536000; includeSubDomains",
        "X-Content-Type-Options": "nosniff",
        "X-Frame-Options": "SAMEORIGIN",
        "x-ms-keyvault-network-info": "conn_type=Ipv4;addr=172.92.159.124;act_addr_fam=Ipv4;",
        "x-ms-keyvault-region": "westus",
        "x-ms-server-latency": "296"
      },
      "ResponseBody": {
        "status": "InProgress",
        "statusDetails": null,
        "error": null,
        "startTime": 1695159458,
        "endTime": null,
        "jobId": "0c929b75a11040d3ac3eb072393024fa",
        "azureStorageBlobContainerUri": null
      }
    },
    {
      "RequestUri": "https://managedhsmvaultname.managedhsm.azure.net/backup/0c929b75a11040d3ac3eb072393024fa/pending",
      "RequestMethod": "GET",
      "RequestHeaders": {
        "Accept": "*/*",
        "Accept-Encoding": "gzip, deflate",
        "Connection": "keep-alive",
        "User-Agent": "azsdk-python-keyvault-administration/4.4.0b2 Python/3.10.12 (Linux-5.15.90.1-microsoft-standard-WSL2-x86_64-with-glibc2.35)"
      },
      "RequestBody": null,
      "StatusCode": 200,
      "ResponseHeaders": {
        "api-supported-versions": "20180927, 20211111",
        "Cache-Control": "no-cache",
        "Content-Length": "174",
        "Content-Security-Policy": "default-src \u0027self\u0027",
        "Content-Type": "application/json; charset=utf-8",
        "Date": "Tue, 19 Sep 2023 21:37:37 GMT",
        "Server": "Kestrel",
        "Strict-Transport-Security": "max-age=31536000; includeSubDomains",
        "X-Content-Type-Options": "nosniff",
        "X-Frame-Options": "SAMEORIGIN",
        "x-ms-build-version": "1.0.20230831-2-9231e16f-07-lkg",
        "x-ms-keyvault-network-info": "conn_type=Ipv4;addr=172.92.159.124;act_addr_fam=Ipv4;",
        "x-ms-keyvault-region": "westus",
        "x-ms-server-latency": "202"
      },
      "ResponseBody": {
        "azureStorageBlobContainerUri": null,
        "endTime": null,
        "error": null,
        "jobId": "0c929b75a11040d3ac3eb072393024fa",
        "startTime": 1695159458,
        "status": "InProgress",
        "statusDetails": null
      }
    },
    {
      "RequestUri": "https://managedhsmvaultname.managedhsm.azure.net/backup/0c929b75a11040d3ac3eb072393024fa/pending?api-version=7.5-preview.1",
      "RequestMethod": "GET",
      "RequestHeaders": {
        "Accept": "application/json",
        "Accept-Encoding": "gzip, deflate",
        "Connection": "keep-alive",
        "User-Agent": "azsdk-python-keyvault-administration/4.4.0b2 Python/3.10.12 (Linux-5.15.90.1-microsoft-standard-WSL2-x86_64-with-glibc2.35)"
      },
      "RequestBody": null,
      "StatusCode": 200,
      "ResponseHeaders": {
        "api-supported-versions": "20180927, 20211111",
        "Cache-Control": "no-cache",
        "Content-Length": "174",
        "Content-Security-Policy": "default-src \u0027self\u0027",
        "Content-Type": "application/json; charset=utf-8",
        "Date": "Tue, 19 Sep 2023 21:37:38 GMT",
        "Server": "Kestrel",
        "Strict-Transport-Security": "max-age=31536000; includeSubDomains",
        "X-Content-Type-Options": "nosniff",
        "X-Frame-Options": "SAMEORIGIN",
        "x-ms-build-version": "1.0.20230831-2-9231e16f-07-lkg",
        "x-ms-keyvault-network-info": "conn_type=Ipv4;addr=172.92.159.124;act_addr_fam=Ipv4;",
        "x-ms-keyvault-region": "westus",
        "x-ms-server-latency": "249"
      },
      "ResponseBody": {
        "azureStorageBlobContainerUri": null,
        "endTime": null,
        "error": null,
        "jobId": "0c929b75a11040d3ac3eb072393024fa",
        "startTime": 1695159458,
        "status": "InProgress",
        "statusDetails": null
      }
    },
    {
      "RequestUri": "https://managedhsmvaultname.managedhsm.azure.net/backup/0c929b75a11040d3ac3eb072393024fa/pending",
      "RequestMethod": "GET",
      "RequestHeaders": {
        "Accept": "*/*",
        "Accept-Encoding": "gzip, deflate",
        "Connection": "keep-alive",
        "User-Agent": "azsdk-python-keyvault-administration/4.4.0b2 Python/3.10.12 (Linux-5.15.90.1-microsoft-standard-WSL2-x86_64-with-glibc2.35)"
      },
      "RequestBody": null,
      "StatusCode": 200,
      "ResponseHeaders": {
        "api-supported-versions": "20180927, 20211111",
        "Cache-Control": "no-cache",
        "Content-Length": "174",
        "Content-Security-Policy": "default-src \u0027self\u0027",
        "Content-Type": "application/json; charset=utf-8",
        "Date": "Tue, 19 Sep 2023 21:37:38 GMT",
        "Server": "Kestrel",
        "Strict-Transport-Security": "max-age=31536000; includeSubDomains",
        "X-Content-Type-Options": "nosniff",
        "X-Frame-Options": "SAMEORIGIN",
        "x-ms-build-version": "1.0.20230831-2-9231e16f-07-lkg",
        "x-ms-keyvault-network-info": "conn_type=Ipv4;addr=172.92.159.124;act_addr_fam=Ipv4;",
        "x-ms-keyvault-region": "westus",
        "x-ms-server-latency": "186"
      },
      "ResponseBody": {
        "azureStorageBlobContainerUri": null,
        "endTime": null,
        "error": null,
        "jobId": "0c929b75a11040d3ac3eb072393024fa",
        "startTime": 1695159458,
        "status": "InProgress",
        "statusDetails": null
      }
    },
    {
      "RequestUri": "https://managedhsmvaultname.managedhsm.azure.net/backup/0c929b75a11040d3ac3eb072393024fa/pending",
      "RequestMethod": "GET",
      "RequestHeaders": {
        "Accept": "*/*",
        "Accept-Encoding": "gzip, deflate",
        "Connection": "keep-alive",
        "User-Agent": "azsdk-python-keyvault-administration/4.4.0b2 Python/3.10.12 (Linux-5.15.90.1-microsoft-standard-WSL2-x86_64-with-glibc2.35)"
      },
      "RequestBody": null,
      "StatusCode": 200,
      "ResponseHeaders": {
        "api-supported-versions": "20180927, 20211111",
        "Cache-Control": "no-cache",
        "Content-Length": "174",
        "Content-Security-Policy": "default-src \u0027self\u0027",
        "Content-Type": "application/json; charset=utf-8",
        "Date": "Tue, 19 Sep 2023 21:37:43 GMT",
        "Server": "Kestrel",
        "Strict-Transport-Security": "max-age=31536000; includeSubDomains",
        "X-Content-Type-Options": "nosniff",
        "X-Frame-Options": "SAMEORIGIN",
        "x-ms-build-version": "1.0.20230831-2-9231e16f-07-lkg",
        "x-ms-keyvault-network-info": "conn_type=Ipv4;addr=172.92.159.124;act_addr_fam=Ipv4;",
        "x-ms-keyvault-region": "westus",
        "x-ms-server-latency": "300"
      },
      "ResponseBody": {
        "azureStorageBlobContainerUri": null,
        "endTime": null,
        "error": null,
        "jobId": "0c929b75a11040d3ac3eb072393024fa",
        "startTime": 1695159458,
        "status": "InProgress",
        "statusDetails": null
      }
    },
    {
      "RequestUri": "https://managedhsmvaultname.managedhsm.azure.net/backup/0c929b75a11040d3ac3eb072393024fa/pending",
      "RequestMethod": "GET",
      "RequestHeaders": {
        "Accept": "*/*",
        "Accept-Encoding": "gzip, deflate",
        "Connection": "keep-alive",
        "User-Agent": "azsdk-python-keyvault-administration/4.4.0b2 Python/3.10.12 (Linux-5.15.90.1-microsoft-standard-WSL2-x86_64-with-glibc2.35)"
      },
      "RequestBody": null,
      "StatusCode": 200,
      "ResponseHeaders": {
        "api-supported-versions": "20180927, 20211111",
        "Cache-Control": "no-cache",
        "Content-Length": "174",
        "Content-Security-Policy": "default-src \u0027self\u0027",
        "Content-Type": "application/json; charset=utf-8",
        "Date": "Tue, 19 Sep 2023 21:37:43 GMT",
        "Server": "Kestrel",
        "Strict-Transport-Security": "max-age=31536000; includeSubDomains",
        "X-Content-Type-Options": "nosniff",
        "X-Frame-Options": "SAMEORIGIN",
        "x-ms-build-version": "1.0.20230831-2-9231e16f-07-lkg",
        "x-ms-keyvault-network-info": "conn_type=Ipv4;addr=172.92.159.124;act_addr_fam=Ipv4;",
        "x-ms-keyvault-region": "westus",
        "x-ms-server-latency": "186"
      },
      "ResponseBody": {
        "azureStorageBlobContainerUri": null,
        "endTime": null,
        "error": null,
        "jobId": "0c929b75a11040d3ac3eb072393024fa",
        "startTime": 1695159458,
        "status": "InProgress",
        "statusDetails": null
      }
    },
    {
      "RequestUri": "https://managedhsmvaultname.managedhsm.azure.net/backup/0c929b75a11040d3ac3eb072393024fa/pending",
      "RequestMethod": "GET",
      "RequestHeaders": {
        "Accept": "*/*",
        "Accept-Encoding": "gzip, deflate",
        "Connection": "keep-alive",
        "User-Agent": "azsdk-python-keyvault-administration/4.4.0b2 Python/3.10.12 (Linux-5.15.90.1-microsoft-standard-WSL2-x86_64-with-glibc2.35)"
      },
      "RequestBody": null,
      "StatusCode": 200,
      "ResponseHeaders": {
        "api-supported-versions": "20180927, 20211111",
        "Cache-Control": "no-cache",
        "Content-Length": "283",
        "Content-Security-Policy": "default-src \u0027self\u0027",
        "Content-Type": "application/json; charset=utf-8",
        "Date": "Tue, 19 Sep 2023 21:37:48 GMT",
        "Server": "Kestrel",
        "Strict-Transport-Security": "max-age=31536000; includeSubDomains",
        "X-Content-Type-Options": "nosniff",
        "X-Frame-Options": "SAMEORIGIN",
        "x-ms-build-version": "1.0.20230831-2-9231e16f-07-lkg",
        "x-ms-keyvault-network-info": "conn_type=Ipv4;addr=172.92.159.124;act_addr_fam=Ipv4;",
        "x-ms-keyvault-region": "westus",
        "x-ms-server-latency": "169"
      },
      "ResponseBody": {
        "azureStorageBlobContainerUri": "https://blob_storage_account_name.blob.keyvault_endpoint_suffix/backup/mhsm-mcpatinokvhsm-2023091921373814",
        "endTime": 1695159464,
        "error": null,
        "jobId": "0c929b75a11040d3ac3eb072393024fa",
        "startTime": 1695159458,
        "status": "Succeeded",
        "statusDetails": null
      }
    },
    {
      "RequestUri": "https://managedhsmvaultname.managedhsm.azure.net/backup/0c929b75a11040d3ac3eb072393024fa/pending",
      "RequestMethod": "GET",
      "RequestHeaders": {
        "Accept": "*/*",
        "Accept-Encoding": "gzip, deflate",
        "Connection": "keep-alive",
        "User-Agent": "azsdk-python-keyvault-administration/4.4.0b2 Python/3.10.12 (Linux-5.15.90.1-microsoft-standard-WSL2-x86_64-with-glibc2.35)"
      },
      "RequestBody": null,
      "StatusCode": 200,
      "ResponseHeaders": {
        "api-supported-versions": "20180927, 20211111",
        "Cache-Control": "no-cache",
        "Content-Length": "283",
        "Content-Security-Policy": "default-src \u0027self\u0027",
        "Content-Type": "application/json; charset=utf-8",
        "Date": "Tue, 19 Sep 2023 21:37:48 GMT",
        "Server": "Kestrel",
        "Strict-Transport-Security": "max-age=31536000; includeSubDomains",
        "X-Content-Type-Options": "nosniff",
        "X-Frame-Options": "SAMEORIGIN",
        "x-ms-build-version": "1.0.20230831-2-9231e16f-07-lkg",
        "x-ms-keyvault-network-info": "conn_type=Ipv4;addr=172.92.159.124;act_addr_fam=Ipv4;",
        "x-ms-keyvault-region": "westus",
        "x-ms-server-latency": "164"
      },
      "ResponseBody": {
        "azureStorageBlobContainerUri": "https://blob_storage_account_name.blob.keyvault_endpoint_suffix/backup/mhsm-mcpatinokvhsm-2023091921373814",
        "endTime": 1695159464,
        "error": null,
        "jobId": "0c929b75a11040d3ac3eb072393024fa",
        "startTime": 1695159458,
        "status": "Succeeded",
        "statusDetails": null
      }
    },
    {
      "RequestUri": "https://managedhsmvaultname.managedhsm.azure.net/backup/0c929b75a11040d3ac3eb072393024fa/pending?api-version=7.5-preview.1",
      "RequestMethod": "GET",
      "RequestHeaders": {
        "Accept": "application/json",
        "Accept-Encoding": "gzip, deflate",
        "Connection": "keep-alive",
        "User-Agent": "azsdk-python-keyvault-administration/4.4.0b2 Python/3.10.12 (Linux-5.15.90.1-microsoft-standard-WSL2-x86_64-with-glibc2.35)"
      },
      "RequestBody": null,
      "StatusCode": 200,
      "ResponseHeaders": {
        "api-supported-versions": "20180927, 20211111",
        "Cache-Control": "no-cache",
        "Content-Length": "283",
        "Content-Security-Policy": "default-src \u0027self\u0027",
        "Content-Type": "application/json; charset=utf-8",
        "Date": "Tue, 19 Sep 2023 21:37:48 GMT",
        "Server": "Kestrel",
        "Strict-Transport-Security": "max-age=31536000; includeSubDomains",
        "X-Content-Type-Options": "nosniff",
        "X-Frame-Options": "SAMEORIGIN",
        "x-ms-build-version": "1.0.20230831-2-9231e16f-07-lkg",
        "x-ms-keyvault-network-info": "conn_type=Ipv4;addr=172.92.159.124;act_addr_fam=Ipv4;",
        "x-ms-keyvault-region": "westus",
        "x-ms-server-latency": "199"
      },
      "ResponseBody": {
        "azureStorageBlobContainerUri": "https://blob_storage_account_name.blob.keyvault_endpoint_suffix/backup/mhsm-mcpatinokvhsm-2023091921373814",
        "endTime": 1695159464,
        "error": null,
        "jobId": "0c929b75a11040d3ac3eb072393024fa",
        "startTime": 1695159458,
        "status": "Succeeded",
        "statusDetails": null
      }
    },
    {
      "RequestUri": "https://managedhsmvaultname.managedhsm.azure.net/restore?api-version=7.5-preview.1",
      "RequestMethod": "PUT",
      "RequestHeaders": {
        "Accept": "application/json",
        "Accept-Encoding": "gzip, deflate",
        "Connection": "keep-alive",
        "Content-Length": "228",
        "Content-Type": "application/json",
        "User-Agent": "azsdk-python-keyvault-administration/4.4.0b2 Python/3.10.12 (Linux-5.15.90.1-microsoft-standard-WSL2-x86_64-with-glibc2.35)"
      },
      "RequestBody": {
        "sasTokenParameters": {
          "storageResourceUri": "https://blob_storage_account_name.blob.keyvault_endpoint_suffix/backup",
          "token": "fake-sas",
          "useManagedIdentity": false
        },
        "folderToRestore": "mhsm-mcpatinokvhsm-2023091921373814"
      },
      "StatusCode": 202,
      "ResponseHeaders": {
        "api-supported-versions": "20180927, 20211111",
        "azure-asyncoperation": "https://managedhsmvaultname.managedhsm.azure.net/restore/8e5d2a6d295944dc9ad684c76b5746ca/pending",
        "Cache-Control": "no-cache",
        "Content-Length": "138",
        "Content-Security-Policy": "default-src \u0027self\u0027",
        "Content-Type": "application/json; charset=utf-8",
        "Date": "Tue, 19 Sep 2023 21:37:49 GMT",
        "Retry-After": "10",
        "Server": "Kestrel",
        "Strict-Transport-Security": "max-age=31536000; includeSubDomains",
        "X-Content-Type-Options": "nosniff",
        "X-Frame-Options": "SAMEORIGIN",
        "x-ms-keyvault-network-info": "conn_type=Ipv4;addr=172.92.159.124;act_addr_fam=Ipv4;",
        "x-ms-keyvault-region": "westus",
        "x-ms-server-latency": "345"
      },
      "ResponseBody": {
        "endTime": null,
        "error": null,
        "jobId": "8e5d2a6d295944dc9ad684c76b5746ca",
        "startTime": 1695159469,
        "status": "InProgress",
        "statusDetails": null
      }
    },
    {
      "RequestUri": "https://managedhsmvaultname.managedhsm.azure.net/restore/8e5d2a6d295944dc9ad684c76b5746ca/pending",
      "RequestMethod": "GET",
      "RequestHeaders": {
        "Accept": "*/*",
        "Accept-Encoding": "gzip, deflate",
        "Connection": "keep-alive",
        "User-Agent": "azsdk-python-keyvault-administration/4.4.0b2 Python/3.10.12 (Linux-5.15.90.1-microsoft-standard-WSL2-x86_64-with-glibc2.35)"
      },
      "RequestBody": null,
      "StatusCode": 200,
      "ResponseHeaders": {
        "api-supported-versions": "20180927, 20211111",
        "Cache-Control": "no-cache",
        "Content-Length": "138",
        "Content-Security-Policy": "default-src \u0027self\u0027",
        "Content-Type": "application/json; charset=utf-8",
        "Date": "Tue, 19 Sep 2023 21:37:49 GMT",
        "Server": "Kestrel",
        "Strict-Transport-Security": "max-age=31536000; includeSubDomains",
        "X-Content-Type-Options": "nosniff",
        "X-Frame-Options": "SAMEORIGIN",
        "x-ms-build-version": "1.0.20230831-2-9231e16f-07-lkg",
        "x-ms-keyvault-network-info": "conn_type=Ipv4;addr=172.92.159.124;act_addr_fam=Ipv4;",
        "x-ms-keyvault-region": "westus",
        "x-ms-server-latency": "148"
      },
      "ResponseBody": {
        "endTime": null,
        "error": null,
        "jobId": "8e5d2a6d295944dc9ad684c76b5746ca",
        "startTime": 1695159469,
        "status": "InProgress",
        "statusDetails": null
      }
    },
    {
      "RequestUri": "https://managedhsmvaultname.managedhsm.azure.net/restore/8e5d2a6d295944dc9ad684c76b5746ca/pending?api-version=7.5-preview.1",
      "RequestMethod": "GET",
      "RequestHeaders": {
        "Accept": "application/json",
        "Accept-Encoding": "gzip, deflate",
        "Connection": "keep-alive",
        "User-Agent": "azsdk-python-keyvault-administration/4.4.0b2 Python/3.10.12 (Linux-5.15.90.1-microsoft-standard-WSL2-x86_64-with-glibc2.35)"
      },
      "RequestBody": null,
      "StatusCode": 200,
      "ResponseHeaders": {
        "api-supported-versions": "20180927, 20211111",
        "Cache-Control": "no-cache",
        "Content-Length": "138",
        "Content-Security-Policy": "default-src \u0027self\u0027",
        "Content-Type": "application/json; charset=utf-8",
        "Date": "Tue, 19 Sep 2023 21:37:49 GMT",
        "Server": "Kestrel",
        "Strict-Transport-Security": "max-age=31536000; includeSubDomains",
        "X-Content-Type-Options": "nosniff",
        "X-Frame-Options": "SAMEORIGIN",
        "x-ms-build-version": "1.0.20230831-2-9231e16f-07-lkg",
        "x-ms-keyvault-network-info": "conn_type=Ipv4;addr=172.92.159.124;act_addr_fam=Ipv4;",
        "x-ms-keyvault-region": "westus",
        "x-ms-server-latency": "192"
      },
      "ResponseBody": {
        "endTime": null,
        "error": null,
        "jobId": "8e5d2a6d295944dc9ad684c76b5746ca",
        "startTime": 1695159469,
        "status": "InProgress",
        "statusDetails": null
      }
    },
    {
      "RequestUri": "https://managedhsmvaultname.managedhsm.azure.net/restore/8e5d2a6d295944dc9ad684c76b5746ca/pending",
      "RequestMethod": "GET",
      "RequestHeaders": {
        "Accept": "*/*",
        "Accept-Encoding": "gzip, deflate",
        "Connection": "keep-alive",
        "User-Agent": "azsdk-python-keyvault-administration/4.4.0b2 Python/3.10.12 (Linux-5.15.90.1-microsoft-standard-WSL2-x86_64-with-glibc2.35)"
      },
      "RequestBody": null,
      "StatusCode": 200,
      "ResponseHeaders": {
        "api-supported-versions": "20180927, 20211111",
        "Cache-Control": "no-cache",
        "Content-Length": "138",
        "Content-Security-Policy": "default-src \u0027self\u0027",
        "Content-Type": "application/json; charset=utf-8",
        "Date": "Tue, 19 Sep 2023 21:37:50 GMT",
        "Server": "Kestrel",
        "Strict-Transport-Security": "max-age=31536000; includeSubDomains",
        "X-Content-Type-Options": "nosniff",
        "X-Frame-Options": "SAMEORIGIN",
        "x-ms-build-version": "1.0.20230831-2-9231e16f-07-lkg",
        "x-ms-keyvault-network-info": "conn_type=Ipv4;addr=172.92.159.124;act_addr_fam=Ipv4;",
        "x-ms-keyvault-region": "westus",
        "x-ms-server-latency": "647"
      },
      "ResponseBody": {
        "endTime": null,
        "error": null,
        "jobId": "8e5d2a6d295944dc9ad684c76b5746ca",
        "startTime": 1695159469,
        "status": "InProgress",
        "statusDetails": null
      }
    },
    {
      "RequestUri": "https://managedhsmvaultname.managedhsm.azure.net/restore/8e5d2a6d295944dc9ad684c76b5746ca/pending",
      "RequestMethod": "GET",
      "RequestHeaders": {
        "Accept": "*/*",
        "Accept-Encoding": "gzip, deflate",
        "Connection": "keep-alive",
        "User-Agent": "azsdk-python-keyvault-administration/4.4.0b2 Python/3.10.12 (Linux-5.15.90.1-microsoft-standard-WSL2-x86_64-with-glibc2.35)"
      },
      "RequestBody": null,
      "StatusCode": 200,
      "ResponseHeaders": {
        "api-supported-versions": "20180927, 20211111",
        "Cache-Control": "no-cache",
        "Content-Length": "138",
        "Content-Security-Policy": "default-src \u0027self\u0027",
        "Content-Type": "application/json; charset=utf-8",
        "Date": "Tue, 19 Sep 2023 21:37:54 GMT",
        "Server": "Kestrel",
        "Strict-Transport-Security": "max-age=31536000; includeSubDomains",
        "X-Content-Type-Options": "nosniff",
        "X-Frame-Options": "SAMEORIGIN",
        "x-ms-build-version": "1.0.20230831-2-9231e16f-07-lkg",
        "x-ms-keyvault-network-info": "conn_type=Ipv4;addr=172.92.159.124;act_addr_fam=Ipv4;",
        "x-ms-keyvault-region": "westus",
        "x-ms-server-latency": "194"
      },
      "ResponseBody": {
        "endTime": null,
        "error": null,
        "jobId": "8e5d2a6d295944dc9ad684c76b5746ca",
        "startTime": 1695159469,
        "status": "InProgress",
        "statusDetails": null
      }
    },
    {
      "RequestUri": "https://managedhsmvaultname.managedhsm.azure.net/restore/8e5d2a6d295944dc9ad684c76b5746ca/pending",
      "RequestMethod": "GET",
      "RequestHeaders": {
        "Accept": "*/*",
        "Accept-Encoding": "gzip, deflate",
        "Connection": "keep-alive",
        "User-Agent": "azsdk-python-keyvault-administration/4.4.0b2 Python/3.10.12 (Linux-5.15.90.1-microsoft-standard-WSL2-x86_64-with-glibc2.35)"
      },
      "RequestBody": null,
      "StatusCode": 200,
      "ResponseHeaders": {
        "api-supported-versions": "20180927, 20211111",
        "Cache-Control": "no-cache",
        "Content-Length": "143",
        "Content-Security-Policy": "default-src \u0027self\u0027",
        "Content-Type": "application/json; charset=utf-8",
        "Date": "Tue, 19 Sep 2023 21:37:55 GMT",
        "Server": "Kestrel",
        "Strict-Transport-Security": "max-age=31536000; includeSubDomains",
        "X-Content-Type-Options": "nosniff",
        "X-Frame-Options": "SAMEORIGIN",
        "x-ms-build-version": "1.0.20230831-2-9231e16f-07-lkg",
        "x-ms-keyvault-network-info": "conn_type=Ipv4;addr=172.92.159.124;act_addr_fam=Ipv4;",
        "x-ms-keyvault-region": "westus",
        "x-ms-server-latency": "143"
      },
      "ResponseBody": {
        "endTime": 1695159475,
        "error": null,
        "jobId": "8e5d2a6d295944dc9ad684c76b5746ca",
        "startTime": 1695159469,
        "status": "Succeeded",
        "statusDetails": null
      }
    },
    {
      "RequestUri": "https://managedhsmvaultname.managedhsm.azure.net/restore/8e5d2a6d295944dc9ad684c76b5746ca/pending",
      "RequestMethod": "GET",
      "RequestHeaders": {
        "Accept": "*/*",
        "Accept-Encoding": "gzip, deflate",
        "Connection": "keep-alive",
        "User-Agent": "azsdk-python-keyvault-administration/4.4.0b2 Python/3.10.12 (Linux-5.15.90.1-microsoft-standard-WSL2-x86_64-with-glibc2.35)"
      },
      "RequestBody": null,
      "StatusCode": 200,
      "ResponseHeaders": {
        "api-supported-versions": "20180927, 20211111",
        "Cache-Control": "no-cache",
        "Content-Length": "143",
        "Content-Security-Policy": "default-src \u0027self\u0027",
        "Content-Type": "application/json; charset=utf-8",
        "Date": "Tue, 19 Sep 2023 21:37:59 GMT",
        "Server": "Kestrel",
        "Strict-Transport-Security": "max-age=31536000; includeSubDomains",
        "X-Content-Type-Options": "nosniff",
        "X-Frame-Options": "SAMEORIGIN",
        "x-ms-build-version": "1.0.20230831-2-9231e16f-07-lkg",
        "x-ms-keyvault-network-info": "conn_type=Ipv4;addr=172.92.159.124;act_addr_fam=Ipv4;",
        "x-ms-keyvault-region": "westus",
        "x-ms-server-latency": "196"
      },
      "ResponseBody": {
        "endTime": 1695159475,
        "error": null,
        "jobId": "8e5d2a6d295944dc9ad684c76b5746ca",
        "startTime": 1695159469,
        "status": "Succeeded",
        "statusDetails": null
      }
    }
  ],
  "Variables": {}
}
