{
  "Entries": [
    {
      "RequestUri": "https://amandapreprod.file.core.windows.net/test-share-af98b000-a742-fe4d-d107-f8ec631f74fd?restype=share",
      "RequestMethod": "PUT",
      "RequestHeaders": {
        "Accept": "application/xml",
        "Authorization": "Sanitized",
        "Content-Length": "0",
        "traceparent": "00-68280733f4a1ad1b73351a053aec523d-64f41115e984e21c-00",
        "User-Agent": "azsdk-net-Storage.Files.Shares/12.22.0-alpha.20250306.1 (.NET 8.0.13; Microsoft Windows 10.0.22635)",
        "x-ms-client-request-id": "Sanitized",
        "x-ms-date": "Fri, 07 Mar 2025 01:17:53 GMT",
        "x-ms-return-client-request-id": "true",
        "x-ms-version": "2025-05-05"
      },
      "RequestBody": null,
      "StatusCode": 201,
      "ResponseHeaders": {
        "Content-Length": "0",
        "Date": "Fri, 07 Mar 2025 01:17:52 GMT",
        "ETag": "\"0x8DD5D15E2623E0D\"",
        "Last-Modified": "Fri, 07 Mar 2025 01:17:53 GMT",
        "Server": [
          "Windows-Azure-File/1.0",
          "Microsoft-HTTPAPI/2.0"
        ],
        "x-ms-client-request-id": "Sanitized",
        "x-ms-request-id": "ecf5d353-401a-0006-45fe-8e930b000000",
        "x-ms-version": "2025-05-05"
      },
      "ResponseBody": null
    },
    {
      "RequestUri": "https://amandapreprod.blob.core.windows.net/test-container-81eaf988-7d3a-6d67-1429-afef5bcab839?restype=container",
      "RequestMethod": "PUT",
      "RequestHeaders": {
        "Accept": "application/xml",
        "Authorization": "Sanitized",
        "Content-Length": "0",
        "traceparent": "00-c37cbca4c0faade84c6e99aa178c8dfd-e931868c6ee7bbea-00",
        "User-Agent": "azsdk-net-Storage.Blobs/12.24.0-alpha.20250306.1 (.NET 8.0.13; Microsoft Windows 10.0.22635)",
        "x-ms-client-request-id": "Sanitized",
        "x-ms-date": "Fri, 07 Mar 2025 01:17:53 GMT",
        "x-ms-return-client-request-id": "true",
        "x-ms-version": "2025-05-05"
      },
      "RequestBody": null,
      "StatusCode": 201,
      "ResponseHeaders": {
        "Content-Length": "0",
        "Date": "Fri, 07 Mar 2025 01:17:52 GMT",
        "ETag": "\"0x8DD5D15E26D544D\"",
        "Last-Modified": "Fri, 07 Mar 2025 01:17:53 GMT",
        "Server": [
          "Windows-Azure-Blob/1.0",
          "Microsoft-HTTPAPI/2.0"
        ],
        "x-ms-client-request-id": "Sanitized",
        "x-ms-request-id": "f73edf5c-601e-002e-67fe-8ef2a3000000",
        "x-ms-version": "2025-05-05"
      },
      "ResponseBody": null
    },
    {
      "RequestUri": "https://amandapreprod.file.core.windows.net/test-share-af98b000-a742-fe4d-d107-f8ec631f74fd/sourceFolder?restype=directory",
      "RequestMethod": "PUT",
      "RequestHeaders": {
        "Accept": "application/xml",
        "Authorization": "Sanitized",
        "Content-Length": "0",
        "traceparent": "00-9928ab9564e6c63663d4847d472db038-59e1b810e4606bf5-00",
        "User-Agent": "azsdk-net-Storage.Files.Shares/12.22.0-alpha.20250306.1 (.NET 8.0.13; Microsoft Windows 10.0.22635)",
        "x-ms-client-request-id": "Sanitized",
        "x-ms-date": "Fri, 07 Mar 2025 01:17:53 GMT",
        "x-ms-return-client-request-id": "true",
        "x-ms-version": "2025-05-05"
      },
      "RequestBody": null,
      "StatusCode": 201,
      "ResponseHeaders": {
        "Content-Length": "0",
        "Date": "Fri, 07 Mar 2025 01:17:52 GMT",
        "ETag": "\"0x8DD5D15E2772C5A\"",
        "Last-Modified": "Fri, 07 Mar 2025 01:17:53 GMT",
        "Server": [
          "Windows-Azure-File/1.0",
          "Microsoft-HTTPAPI/2.0"
        ],
        "x-ms-client-request-id": "Sanitized",
        "x-ms-file-attributes": "Directory",
        "x-ms-file-change-time": "2025-03-07T01:17:53.1635802Z",
        "x-ms-file-creation-time": "2025-03-07T01:17:53.1635802Z",
        "x-ms-file-id": "13835128424026341376",
        "x-ms-file-last-write-time": "2025-03-07T01:17:53.1635802Z",
        "x-ms-file-parent-id": "0",
        "x-ms-file-permission-key": "8016861625448480706*547956186189310027",
        "x-ms-request-id": "ecf5d355-401a-0006-46fe-8e930b000000",
        "x-ms-request-server-encrypted": "true",
        "x-ms-version": "2025-05-05"
      },
      "ResponseBody": null
    },
    {
      "RequestUri": "https://amandapreprod.file.core.windows.net/test-share-af98b000-a742-fe4d-d107-f8ec631f74fd/sourceFolder/test-file-d9b8d137-567f-7860-6f00-8d662926d16f",
      "RequestMethod": "PUT",
      "RequestHeaders": {
        "Accept": "application/xml",
        "Authorization": "Sanitized",
        "Content-Length": "0",
        "traceparent": "00-e8b5272dcff6ded713ef301dba2e96c6-2901924048a74103-00",
        "User-Agent": "azsdk-net-Storage.Files.Shares/12.22.0-alpha.20250306.1 (.NET 8.0.13; Microsoft Windows 10.0.22635)",
        "x-ms-client-request-id": "Sanitized",
        "x-ms-content-length": "1024",
        "x-ms-date": "Fri, 07 Mar 2025 01:17:53 GMT",
        "x-ms-return-client-request-id": "true",
        "x-ms-type": "file",
        "x-ms-version": "2025-05-05"
      },
      "RequestBody": null,
      "StatusCode": 201,
      "ResponseHeaders": {
        "Content-Length": "0",
        "Date": "Fri, 07 Mar 2025 01:17:53 GMT",
        "ETag": "\"0x8DD5D15E27FFC0E\"",
        "Last-Modified": "Fri, 07 Mar 2025 01:17:53 GMT",
        "Server": [
          "Windows-Azure-File/1.0",
          "Microsoft-HTTPAPI/2.0"
        ],
        "x-ms-client-request-id": "Sanitized",
        "x-ms-file-attributes": "Archive",
        "x-ms-file-change-time": "2025-03-07T01:17:53.2213262Z",
        "x-ms-file-creation-time": "2025-03-07T01:17:53.2213262Z",
        "x-ms-file-id": "11529285414812647424",
        "x-ms-file-last-write-time": "2025-03-07T01:17:53.2213262Z",
        "x-ms-file-parent-id": "13835128424026341376",
        "x-ms-file-permission-key": "12626496306092130501*547956186189310027",
        "x-ms-request-id": "ecf5d359-401a-0006-48fe-8e930b000000",
        "x-ms-request-server-encrypted": "true",
        "x-ms-version": "2025-05-05"
      },
      "ResponseBody": null
    },
    {
      "RequestUri": "https://amandapreprod.file.core.windows.net/test-share-af98b000-a742-fe4d-d107-f8ec631f74fd/sourceFolder/test-file-fcf940e0-5e2c-e143-b35f-92ad7de43c1c",
      "RequestMethod": "PUT",
      "RequestHeaders": {
        "Accept": "application/xml",
        "Authorization": "Sanitized",
        "Content-Length": "0",
        "traceparent": "00-b7f0d880107c7f315d8523d0398985d2-a934e8d497ed55c6-00",
        "User-Agent": "azsdk-net-Storage.Files.Shares/12.22.0-alpha.20250306.1 (.NET 8.0.13; Microsoft Windows 10.0.22635)",
        "x-ms-client-request-id": "Sanitized",
        "x-ms-content-length": "1024",
        "x-ms-date": "Fri, 07 Mar 2025 01:17:53 GMT",
        "x-ms-return-client-request-id": "true",
        "x-ms-type": "file",
        "x-ms-version": "2025-05-05"
      },
      "RequestBody": null,
      "StatusCode": 201,
      "ResponseHeaders": {
        "Content-Length": "0",
        "Date": "Fri, 07 Mar 2025 01:17:53 GMT",
        "ETag": "\"0x8DD5D15E2891989\"",
        "Last-Modified": "Fri, 07 Mar 2025 01:17:53 GMT",
        "Server": [
          "Windows-Azure-File/1.0",
          "Microsoft-HTTPAPI/2.0"
        ],
        "x-ms-client-request-id": "Sanitized",
        "x-ms-file-attributes": "Archive",
        "x-ms-file-change-time": "2025-03-07T01:17:53.2810633Z",
        "x-ms-file-creation-time": "2025-03-07T01:17:53.2810633Z",
        "x-ms-file-id": "16140971433240035328",
        "x-ms-file-last-write-time": "2025-03-07T01:17:53.2810633Z",
        "x-ms-file-parent-id": "13835128424026341376",
        "x-ms-file-permission-key": "12626496306092130501*547956186189310027",
        "x-ms-request-id": "ecf5d35a-401a-0006-49fe-8e930b000000",
        "x-ms-request-server-encrypted": "true",
        "x-ms-version": "2025-05-05"
      },
      "ResponseBody": null
    },
    {
      "RequestUri": "https://amandapreprod.file.core.windows.net/test-share-af98b000-a742-fe4d-d107-f8ec631f74fd/sourceFolder/bar?restype=directory",
      "RequestMethod": "PUT",
      "RequestHeaders": {
        "Accept": "application/xml",
        "Authorization": "Sanitized",
        "Content-Length": "0",
        "traceparent": "00-0cd02f0bb61f2fa40d4afbb7c8466c8a-5f0ea56c42b192ce-00",
        "User-Agent": "azsdk-net-Storage.Files.Shares/12.22.0-alpha.20250306.1 (.NET 8.0.13; Microsoft Windows 10.0.22635)",
        "x-ms-client-request-id": "Sanitized",
        "x-ms-date": "Fri, 07 Mar 2025 01:17:53 GMT",
        "x-ms-return-client-request-id": "true",
        "x-ms-version": "2025-05-05"
      },
      "RequestBody": null,
      "StatusCode": 201,
      "ResponseHeaders": {
        "Content-Length": "0",
        "Date": "Fri, 07 Mar 2025 01:17:53 GMT",
        "ETag": "\"0x8DD5D15E2923708\"",
        "Last-Modified": "Fri, 07 Mar 2025 01:17:53 GMT",
        "Server": [
          "Windows-Azure-File/1.0",
          "Microsoft-HTTPAPI/2.0"
        ],
        "x-ms-client-request-id": "Sanitized",
        "x-ms-file-attributes": "Directory",
        "x-ms-file-change-time": "2025-03-07T01:17:53.3408008Z",
        "x-ms-file-creation-time": "2025-03-07T01:17:53.3408008Z",
        "x-ms-file-id": "10376363910205800448",
        "x-ms-file-last-write-time": "2025-03-07T01:17:53.3408008Z",
        "x-ms-file-parent-id": "13835128424026341376",
        "x-ms-file-permission-key": "8016861625448480706*547956186189310027",
        "x-ms-request-id": "ecf5d35c-401a-0006-4afe-8e930b000000",
        "x-ms-request-server-encrypted": "true",
        "x-ms-version": "2025-05-05"
      },
      "ResponseBody": null
    },
    {
      "RequestUri": "https://amandapreprod.file.core.windows.net/test-share-af98b000-a742-fe4d-d107-f8ec631f74fd/sourceFolder/bar/test-file-4dd7692c-9767-bb28-141e-6f75717cb158",
      "RequestMethod": "PUT",
      "RequestHeaders": {
        "Accept": "application/xml",
        "Authorization": "Sanitized",
        "Content-Length": "0",
        "traceparent": "00-b5bf466f1829ea613657cc1ba1c9f2e5-dcc8236dfd52efa2-00",
        "User-Agent": "azsdk-net-Storage.Files.Shares/12.22.0-alpha.20250306.1 (.NET 8.0.13; Microsoft Windows 10.0.22635)",
        "x-ms-client-request-id": "Sanitized",
        "x-ms-content-length": "1024",
        "x-ms-date": "Fri, 07 Mar 2025 01:17:53 GMT",
        "x-ms-return-client-request-id": "true",
        "x-ms-type": "file",
        "x-ms-version": "2025-05-05"
      },
      "RequestBody": null,
      "StatusCode": 201,
      "ResponseHeaders": {
        "Content-Length": "0",
        "Date": "Fri, 07 Mar 2025 01:17:53 GMT",
        "ETag": "\"0x8DD5D15E29B5480\"",
        "Last-Modified": "Fri, 07 Mar 2025 01:17:53 GMT",
        "Server": [
          "Windows-Azure-File/1.0",
          "Microsoft-HTTPAPI/2.0"
        ],
        "x-ms-client-request-id": "Sanitized",
        "x-ms-file-attributes": "Archive",
        "x-ms-file-change-time": "2025-03-07T01:17:53.4005376Z",
        "x-ms-file-creation-time": "2025-03-07T01:17:53.4005376Z",
        "x-ms-file-id": "14988049928633188352",
        "x-ms-file-last-write-time": "2025-03-07T01:17:53.4005376Z",
        "x-ms-file-parent-id": "10376363910205800448",
        "x-ms-file-permission-key": "12626496306092130501*547956186189310027",
        "x-ms-request-id": "ecf5d35d-401a-0006-4bfe-8e930b000000",
        "x-ms-request-server-encrypted": "true",
        "x-ms-version": "2025-05-05"
      },
      "ResponseBody": null
    },
    {
      "RequestUri": "https://amandapreprod.file.core.windows.net/test-share-af98b000-a742-fe4d-d107-f8ec631f74fd/sourceFolder/pik?restype=directory",
      "RequestMethod": "PUT",
      "RequestHeaders": {
        "Accept": "application/xml",
        "Authorization": "Sanitized",
        "Content-Length": "0",
        "traceparent": "00-78906b1aa02b4abd6f9051634c90c23f-9fa485bbb4c44c7f-00",
        "User-Agent": "azsdk-net-Storage.Files.Shares/12.22.0-alpha.20250306.1 (.NET 8.0.13; Microsoft Windows 10.0.22635)",
        "x-ms-client-request-id": "Sanitized",
        "x-ms-date": "Fri, 07 Mar 2025 01:17:53 GMT",
        "x-ms-return-client-request-id": "true",
        "x-ms-version": "2025-05-05"
      },
      "RequestBody": null,
      "StatusCode": 201,
      "ResponseHeaders": {
        "Content-Length": "0",
        "Date": "Fri, 07 Mar 2025 01:17:53 GMT",
        "ETag": "\"0x8DD5D15E2A50D85\"",
        "Last-Modified": "Fri, 07 Mar 2025 01:17:53 GMT",
        "Server": [
          "Windows-Azure-File/1.0",
          "Microsoft-HTTPAPI/2.0"
        ],
        "x-ms-client-request-id": "Sanitized",
        "x-ms-file-attributes": "Directory",
        "x-ms-file-change-time": "2025-03-07T01:17:53.4642565Z",
        "x-ms-file-creation-time": "2025-03-07T01:17:53.4642565Z",
        "x-ms-file-id": "12682206919419494400",
        "x-ms-file-last-write-time": "2025-03-07T01:17:53.4642565Z",
        "x-ms-file-parent-id": "13835128424026341376",
        "x-ms-file-permission-key": "8016861625448480706*547956186189310027",
        "x-ms-request-id": "ecf5d35e-401a-0006-4cfe-8e930b000000",
        "x-ms-request-server-encrypted": "true",
        "x-ms-version": "2025-05-05"
      },
      "ResponseBody": null
    },
    {
      "RequestUri": "https://amandapreprod.file.core.windows.net/test-share-af98b000-a742-fe4d-d107-f8ec631f74fd/sourceFolder/pik/test-file-0d8cea74-34ce-9933-8875-9854e05212e7",
      "RequestMethod": "PUT",
      "RequestHeaders": {
        "Accept": "application/xml",
        "Authorization": "Sanitized",
        "Content-Length": "0",
        "traceparent": "00-a7df46b8eb29fa981cc6e76ed07834ad-53025ff1863cf6cd-00",
        "User-Agent": "azsdk-net-Storage.Files.Shares/12.22.0-alpha.20250306.1 (.NET 8.0.13; Microsoft Windows 10.0.22635)",
        "x-ms-client-request-id": "Sanitized",
        "x-ms-content-length": "1024",
        "x-ms-date": "Fri, 07 Mar 2025 01:17:53 GMT",
        "x-ms-return-client-request-id": "true",
        "x-ms-type": "file",
        "x-ms-version": "2025-05-05"
      },
      "RequestBody": null,
      "StatusCode": 201,
      "ResponseHeaders": {
        "Content-Length": "0",
        "Date": "Fri, 07 Mar 2025 01:17:53 GMT",
        "ETag": "\"0x8DD5D15E2ADB65C\"",
        "Last-Modified": "Fri, 07 Mar 2025 01:17:53 GMT",
        "Server": [
          "Windows-Azure-File/1.0",
          "Microsoft-HTTPAPI/2.0"
        ],
        "x-ms-client-request-id": "Sanitized",
        "x-ms-file-attributes": "Archive",
        "x-ms-file-change-time": "2025-03-07T01:17:53.5210076Z",
        "x-ms-file-creation-time": "2025-03-07T01:17:53.5210076Z",
        "x-ms-file-id": "17293892937846882304",
        "x-ms-file-last-write-time": "2025-03-07T01:17:53.5210076Z",
        "x-ms-file-parent-id": "12682206919419494400",
        "x-ms-file-permission-key": "12626496306092130501*547956186189310027",
        "x-ms-request-id": "ecf5d35f-401a-0006-4dfe-8e930b000000",
        "x-ms-request-server-encrypted": "true",
        "x-ms-version": "2025-05-05"
      },
      "ResponseBody": null
    },
    {
      "RequestUri": "https://amandapreprod.file.core.windows.net/test-share-af98b000-a742-fe4d-d107-f8ec631f74fd/sourceFolder?sv=Sanitized&se=2025-03-08T01%3A17%3A53Z&sr=s&sp=rcwdl&sig=Sanitized&restype=directory&comp=list&include=Attributes",
      "RequestMethod": "GET",
      "RequestHeaders": {
        "Accept": "application/xml",
        "User-Agent": "azsdk-net-Storage.Files.Shares/12.22.0-alpha.20250306.1 (.NET 8.0.13; Microsoft Windows 10.0.22635)",
        "x-ms-client-request-id": "Sanitized",
        "x-ms-return-client-request-id": "true",
        "x-ms-version": "2025-05-05"
      },
      "RequestBody": null,
      "StatusCode": 200,
      "ResponseHeaders": {
        "Content-Type": "application/xml",
        "Date": "Fri, 07 Mar 2025 01:17:53 GMT",
        "Server": [
          "Windows-Azure-File/1.0",
          "Microsoft-HTTPAPI/2.0"
        ],
        "Transfer-Encoding": "chunked",
        "x-ms-client-request-id": "Sanitized",
        "x-ms-request-id": "ecf5d360-401a-0006-4efe-8e930b000000",
        "x-ms-version": "2025-05-05"
      },
      "ResponseBody": "\uFEFF<?xml version=\"1.0\" encoding=\"utf-8\"?><EnumerationResults ServiceEndpoint=\"https://amandapreprod.file.core.windows.net/\" ShareName=\"test-share-af98b000-a742-fe4d-d107-f8ec631f74fd\" DirectoryPath=\"sourceFolder\"><DirectoryId>13835128424026341376</DirectoryId><Entries><Directory><Name>bar</Name><FileId>10376363910205800448</FileId><Properties /><Attributes>Directory</Attributes></Directory><Directory><Name>pik</Name><FileId>12682206919419494400</FileId><Properties /><Attributes>Directory</Attributes></Directory><File><Name>test-file-d9b8d137-567f-7860-6f00-8d662926d16f</Name><FileId>11529285414812647424</FileId><Properties><Content-Length>1024</Content-Length></Properties><Attributes>Archive</Attributes></File><File><Name>test-file-fcf940e0-5e2c-e143-b35f-92ad7de43c1c</Name><FileId>16140971433240035328</FileId><Properties><Content-Length>1024</Content-Length></Properties><Attributes>Archive</Attributes></File></Entries><NextMarker /></EnumerationResults>"
    },
    {
      "RequestUri": "https://amandapreprod.file.core.windows.net/test-share-af98b000-a742-fe4d-d107-f8ec631f74fd/sourceFolder/bar?sv=Sanitized&se=2025-03-08T01%3A17%3A53Z&sr=s&sp=rcwdl&sig=Sanitized&restype=directory&comp=list&include=Attributes",
      "RequestMethod": "GET",
      "RequestHeaders": {
        "Accept": "application/xml",
        "User-Agent": "azsdk-net-Storage.Files.Shares/12.22.0-alpha.20250306.1 (.NET 8.0.13; Microsoft Windows 10.0.22635)",
        "x-ms-client-request-id": "Sanitized",
        "x-ms-return-client-request-id": "true",
        "x-ms-version": "2025-05-05"
      },
      "RequestBody": null,
      "StatusCode": 200,
      "ResponseHeaders": {
        "Content-Type": "application/xml",
        "Date": "Fri, 07 Mar 2025 01:17:53 GMT",
        "Server": [
          "Windows-Azure-File/1.0",
          "Microsoft-HTTPAPI/2.0"
        ],
        "Transfer-Encoding": "chunked",
        "x-ms-client-request-id": "Sanitized",
        "x-ms-request-id": "ecf5d361-401a-0006-4ffe-8e930b000000",
        "x-ms-version": "2025-05-05"
      },
      "ResponseBody": "\uFEFF<?xml version=\"1.0\" encoding=\"utf-8\"?><EnumerationResults ServiceEndpoint=\"https://amandapreprod.file.core.windows.net/\" ShareName=\"test-share-af98b000-a742-fe4d-d107-f8ec631f74fd\" DirectoryPath=\"sourceFolder/bar\"><DirectoryId>10376363910205800448</DirectoryId><Entries><File><Name>test-file-4dd7692c-9767-bb28-141e-6f75717cb158</Name><FileId>14988049928633188352</FileId><Properties><Content-Length>1024</Content-Length></Properties><Attributes>Archive</Attributes></File></Entries><NextMarker /></EnumerationResults>"
    },
    {
      "RequestUri": "https://amandapreprod.file.core.windows.net/test-share-af98b000-a742-fe4d-d107-f8ec631f74fd/sourceFolder/test-file-fcf940e0-5e2c-e143-b35f-92ad7de43c1c?sv=Sanitized&se=2025-03-08T01%3A17%3A53Z&sr=s&sp=rcwdl&sig=Sanitized",
      "RequestMethod": "HEAD",
      "RequestHeaders": {
        "Accept": "application/xml",
        "traceparent": "00-4fb618b12fc563e6e38f6e5d168bac07-52fb62d846fab329-00",
        "User-Agent": "azsdk-net-Storage.Files.Shares/12.22.0-alpha.20250306.1 (.NET 8.0.13; Microsoft Windows 10.0.22635)",
        "x-ms-client-request-id": "Sanitized",
        "x-ms-return-client-request-id": "true",
        "x-ms-version": "2025-05-05"
      },
      "RequestBody": null,
      "StatusCode": 200,
      "ResponseHeaders": {
        "Content-Length": "1024",
        "Content-Type": "application/octet-stream",
        "Date": "Fri, 07 Mar 2025 01:17:52 GMT",
        "ETag": "\"0x8DD5D15E2891989\"",
        "Last-Modified": "Fri, 07 Mar 2025 01:17:53 GMT",
        "Server": [
          "Windows-Azure-File/1.0",
          "Microsoft-HTTPAPI/2.0"
        ],
        "x-ms-client-request-id": "Sanitized",
        "x-ms-file-attributes": "Archive",
        "x-ms-file-change-time": "2025-03-07T01:17:53.2810633Z",
        "x-ms-file-creation-time": "2025-03-07T01:17:53.2810633Z",
        "x-ms-file-id": "16140971433240035328",
        "x-ms-file-last-write-time": "2025-03-07T01:17:53.2810633Z",
        "x-ms-file-parent-id": "13835128424026341376",
        "x-ms-file-permission-key": "12626496306092130501*547956186189310027",
        "x-ms-lease-state": "available",
        "x-ms-lease-status": "unlocked",
        "x-ms-request-id": "bf08e63d-301a-006e-34fe-8ef59b000000",
        "x-ms-server-encrypted": "true",
        "x-ms-type": "File",
        "x-ms-version": "2025-05-05"
      },
      "ResponseBody": null
    },
    {
      "RequestUri": "https://amandapreprod.file.core.windows.net/test-share-af98b000-a742-fe4d-d107-f8ec631f74fd/sourceFolder/test-file-d9b8d137-567f-7860-6f00-8d662926d16f?sv=Sanitized&se=2025-03-08T01%3A17%3A53Z&sr=s&sp=rcwdl&sig=Sanitized",
      "RequestMethod": "HEAD",
      "RequestHeaders": {
        "Accept": "application/xml",
        "traceparent": "00-33283077187ab44519854361a5625f06-65d2301e65d973ed-00",
        "User-Agent": "azsdk-net-Storage.Files.Shares/12.22.0-alpha.20250306.1 (.NET 8.0.13; Microsoft Windows 10.0.22635)",
        "x-ms-client-request-id": "Sanitized",
        "x-ms-return-client-request-id": "true",
        "x-ms-version": "2025-05-05"
      },
      "RequestBody": null,
      "StatusCode": 200,
      "ResponseHeaders": {
        "Content-Length": "1024",
        "Content-Type": "application/octet-stream",
        "Date": "Fri, 07 Mar 2025 01:17:53 GMT",
        "ETag": "\"0x8DD5D15E27FFC0E\"",
        "Last-Modified": "Fri, 07 Mar 2025 01:17:53 GMT",
        "Server": [
          "Windows-Azure-File/1.0",
          "Microsoft-HTTPAPI/2.0"
        ],
        "x-ms-client-request-id": "Sanitized",
        "x-ms-file-attributes": "Archive",
        "x-ms-file-change-time": "2025-03-07T01:17:53.2213262Z",
        "x-ms-file-creation-time": "2025-03-07T01:17:53.2213262Z",
        "x-ms-file-id": "11529285414812647424",
        "x-ms-file-last-write-time": "2025-03-07T01:17:53.2213262Z",
        "x-ms-file-parent-id": "13835128424026341376",
        "x-ms-file-permission-key": "12626496306092130501*547956186189310027",
        "x-ms-lease-state": "available",
        "x-ms-lease-status": "unlocked",
        "x-ms-request-id": "05cfb7a6-e01a-0052-0ffe-8edc5c000000",
        "x-ms-server-encrypted": "true",
        "x-ms-type": "File",
        "x-ms-version": "2025-05-05"
      },
      "ResponseBody": null
    },
    {
      "RequestUri": "https://amandapreprod.file.core.windows.net/test-share-af98b000-a742-fe4d-d107-f8ec631f74fd/sourceFolder/pik?sv=Sanitized&se=2025-03-08T01%3A17%3A53Z&sr=s&sp=rcwdl&sig=Sanitized&restype=directory&comp=list&include=Attributes",
      "RequestMethod": "GET",
      "RequestHeaders": {
        "Accept": "application/xml",
        "traceparent": "00-284e3f5f1d6991fcc726cb05bf9e7d64-593ef33b168f3af3-00",
        "User-Agent": "azsdk-net-Storage.Files.Shares/12.22.0-alpha.20250306.1 (.NET 8.0.13; Microsoft Windows 10.0.22635)",
        "x-ms-client-request-id": "Sanitized",
        "x-ms-return-client-request-id": "true",
        "x-ms-version": "2025-05-05"
      },
      "RequestBody": null,
      "StatusCode": 200,
      "ResponseHeaders": {
        "Content-Type": "application/xml",
        "Date": "Fri, 07 Mar 2025 01:17:53 GMT",
        "Server": [
          "Windows-Azure-File/1.0",
          "Microsoft-HTTPAPI/2.0"
        ],
        "Transfer-Encoding": "chunked",
        "x-ms-client-request-id": "Sanitized",
        "x-ms-request-id": "ecf5d363-401a-0006-50fe-8e930b000000",
        "x-ms-version": "2025-05-05"
      },
      "ResponseBody": "\uFEFF<?xml version=\"1.0\" encoding=\"utf-8\"?><EnumerationResults ServiceEndpoint=\"https://amandapreprod.file.core.windows.net/\" ShareName=\"test-share-af98b000-a742-fe4d-d107-f8ec631f74fd\" DirectoryPath=\"sourceFolder/pik\"><DirectoryId>12682206919419494400</DirectoryId><Entries><File><Name>test-file-0d8cea74-34ce-9933-8875-9854e05212e7</Name><FileId>17293892937846882304</FileId><Properties><Content-Length>1024</Content-Length></Properties><Attributes>Archive</Attributes></File></Entries><NextMarker /></EnumerationResults>"
    },
    {
      "RequestUri": "https://amandapreprod.file.core.windows.net/test-share-af98b000-a742-fe4d-d107-f8ec631f74fd/sourceFolder/bar/test-file-4dd7692c-9767-bb28-141e-6f75717cb158?sv=Sanitized&se=2025-03-08T01%3A17%3A53Z&sr=s&sp=rcwdl&sig=Sanitized",
      "RequestMethod": "HEAD",
      "RequestHeaders": {
        "Accept": "application/xml",
        "traceparent": "00-03dbd68c356896bec376c6a4087fbd04-4d1cf0c04205eccf-00",
        "User-Agent": "azsdk-net-Storage.Files.Shares/12.22.0-alpha.20250306.1 (.NET 8.0.13; Microsoft Windows 10.0.22635)",
        "x-ms-client-request-id": "Sanitized",
        "x-ms-return-client-request-id": "true",
        "x-ms-version": "2025-05-05"
      },
      "RequestBody": null,
      "StatusCode": 200,
      "ResponseHeaders": {
        "Content-Length": "1024",
        "Content-Type": "application/octet-stream",
        "Date": "Fri, 07 Mar 2025 01:17:53 GMT",
        "ETag": "\"0x8DD5D15E29B5480\"",
        "Last-Modified": "Fri, 07 Mar 2025 01:17:53 GMT",
        "Server": [
          "Windows-Azure-File/1.0",
          "Microsoft-HTTPAPI/2.0"
        ],
        "x-ms-client-request-id": "Sanitized",
        "x-ms-file-attributes": "Archive",
        "x-ms-file-change-time": "2025-03-07T01:17:53.4005376Z",
        "x-ms-file-creation-time": "2025-03-07T01:17:53.4005376Z",
        "x-ms-file-id": "14988049928633188352",
        "x-ms-file-last-write-time": "2025-03-07T01:17:53.4005376Z",
        "x-ms-file-parent-id": "10376363910205800448",
        "x-ms-file-permission-key": "12626496306092130501*547956186189310027",
        "x-ms-lease-state": "available",
        "x-ms-lease-status": "unlocked",
        "x-ms-request-id": "194366c6-601a-005c-0efe-8ef5ec000000",
        "x-ms-server-encrypted": "true",
        "x-ms-type": "File",
        "x-ms-version": "2025-05-05"
      },
      "ResponseBody": null
    },
    {
      "RequestUri": "https://amandapreprod.file.core.windows.net/test-share-af98b000-a742-fe4d-d107-f8ec631f74fd/sourceFolder/test-file-fcf940e0-5e2c-e143-b35f-92ad7de43c1c?sv=Sanitized&se=2025-03-08T01%3A17%3A53Z&sr=s&sp=rcwdl&sig=Sanitized",
      "RequestMethod": "HEAD",
      "RequestHeaders": {
        "Accept": "application/xml",
        "traceparent": "00-3e1fcb7b33b88b257acbebbd2ea3c1e7-4c31b49844849be3-00",
        "User-Agent": "azsdk-net-Storage.Files.Shares/12.22.0-alpha.20250306.1 (.NET 8.0.13; Microsoft Windows 10.0.22635)",
        "x-ms-client-request-id": "Sanitized",
        "x-ms-return-client-request-id": "true",
        "x-ms-version": "2025-05-05"
      },
      "RequestBody": null,
      "StatusCode": 200,
      "ResponseHeaders": {
        "Content-Length": "1024",
        "Content-Type": "application/octet-stream",
        "Date": "Fri, 07 Mar 2025 01:17:52 GMT",
        "ETag": "\"0x8DD5D15E2891989\"",
        "Last-Modified": "Fri, 07 Mar 2025 01:17:53 GMT",
        "Server": [
          "Windows-Azure-File/1.0",
          "Microsoft-HTTPAPI/2.0"
        ],
        "x-ms-client-request-id": "Sanitized",
        "x-ms-file-attributes": "Archive",
        "x-ms-file-change-time": "2025-03-07T01:17:53.2810633Z",
        "x-ms-file-creation-time": "2025-03-07T01:17:53.2810633Z",
        "x-ms-file-id": "16140971433240035328",
        "x-ms-file-last-write-time": "2025-03-07T01:17:53.2810633Z",
        "x-ms-file-parent-id": "13835128424026341376",
        "x-ms-file-permission-key": "12626496306092130501*547956186189310027",
        "x-ms-lease-state": "available",
        "x-ms-lease-status": "unlocked",
        "x-ms-request-id": "bf08e63f-301a-006e-35fe-8ef59b000000",
        "x-ms-server-encrypted": "true",
        "x-ms-type": "File",
        "x-ms-version": "2025-05-05"
      },
      "ResponseBody": null
    },
    {
      "RequestUri": "https://amandapreprod.file.core.windows.net/test-share-af98b000-a742-fe4d-d107-f8ec631f74fd/sourceFolder/test-file-d9b8d137-567f-7860-6f00-8d662926d16f?sv=Sanitized&se=2025-03-08T01%3A17%3A53Z&sr=s&sp=rcwdl&sig=Sanitized",
      "RequestMethod": "HEAD",
      "RequestHeaders": {
        "Accept": "application/xml",
        "traceparent": "00-a6d9466dfd5e3982c0ade14dd7588cb2-212c058789dcc091-00",
        "User-Agent": "azsdk-net-Storage.Files.Shares/12.22.0-alpha.20250306.1 (.NET 8.0.13; Microsoft Windows 10.0.22635)",
        "x-ms-client-request-id": "Sanitized",
        "x-ms-return-client-request-id": "true",
        "x-ms-version": "2025-05-05"
      },
      "RequestBody": null,
      "StatusCode": 200,
      "ResponseHeaders": {
        "Content-Length": "1024",
        "Content-Type": "application/octet-stream",
        "Date": "Fri, 07 Mar 2025 01:17:53 GMT",
        "ETag": "\"0x8DD5D15E27FFC0E\"",
        "Last-Modified": "Fri, 07 Mar 2025 01:17:53 GMT",
        "Server": [
          "Windows-Azure-File/1.0",
          "Microsoft-HTTPAPI/2.0"
        ],
        "x-ms-client-request-id": "Sanitized",
        "x-ms-file-attributes": "Archive",
        "x-ms-file-change-time": "2025-03-07T01:17:53.2213262Z",
        "x-ms-file-creation-time": "2025-03-07T01:17:53.2213262Z",
        "x-ms-file-id": "11529285414812647424",
        "x-ms-file-last-write-time": "2025-03-07T01:17:53.2213262Z",
        "x-ms-file-parent-id": "13835128424026341376",
        "x-ms-file-permission-key": "12626496306092130501*547956186189310027",
        "x-ms-lease-state": "available",
        "x-ms-lease-status": "unlocked",
        "x-ms-request-id": "05cfb7a8-e01a-0052-10fe-8edc5c000000",
        "x-ms-server-encrypted": "true",
        "x-ms-type": "File",
        "x-ms-version": "2025-05-05"
      },
      "ResponseBody": null
    },
    {
      "RequestUri": "https://amandapreprod.file.core.windows.net/test-share-af98b000-a742-fe4d-d107-f8ec631f74fd/sourceFolder/bar/test-file-4dd7692c-9767-bb28-141e-6f75717cb158?sv=Sanitized&se=2025-03-08T01%3A17%3A53Z&sr=s&sp=rcwdl&sig=Sanitized",
      "RequestMethod": "HEAD",
      "RequestHeaders": {
        "Accept": "application/xml",
        "traceparent": "00-03303e397062dd11c7f519afea9f7457-f5cecbecbeabb7b5-00",
        "User-Agent": "azsdk-net-Storage.Files.Shares/12.22.0-alpha.20250306.1 (.NET 8.0.13; Microsoft Windows 10.0.22635)",
        "x-ms-client-request-id": "Sanitized",
        "x-ms-return-client-request-id": "true",
        "x-ms-version": "2025-05-05"
      },
      "RequestBody": null,
      "StatusCode": 200,
      "ResponseHeaders": {
        "Content-Length": "1024",
        "Content-Type": "application/octet-stream",
        "Date": "Fri, 07 Mar 2025 01:17:53 GMT",
        "ETag": "\"0x8DD5D15E29B5480\"",
        "Last-Modified": "Fri, 07 Mar 2025 01:17:53 GMT",
        "Server": [
          "Windows-Azure-File/1.0",
          "Microsoft-HTTPAPI/2.0"
        ],
        "x-ms-client-request-id": "Sanitized",
        "x-ms-file-attributes": "Archive",
        "x-ms-file-change-time": "2025-03-07T01:17:53.4005376Z",
        "x-ms-file-creation-time": "2025-03-07T01:17:53.4005376Z",
        "x-ms-file-id": "14988049928633188352",
        "x-ms-file-last-write-time": "2025-03-07T01:17:53.4005376Z",
        "x-ms-file-parent-id": "10376363910205800448",
        "x-ms-file-permission-key": "12626496306092130501*547956186189310027",
        "x-ms-lease-state": "available",
        "x-ms-lease-status": "unlocked",
        "x-ms-request-id": "194366c8-601a-005c-0ffe-8ef5ec000000",
        "x-ms-server-encrypted": "true",
        "x-ms-type": "File",
        "x-ms-version": "2025-05-05"
      },
      "ResponseBody": null
    },
    {
      "RequestUri": "https://amandapreprod.file.core.windows.net/test-share-af98b000-a742-fe4d-d107-f8ec631f74fd/sourceFolder/pik/test-file-0d8cea74-34ce-9933-8875-9854e05212e7?sv=Sanitized&se=2025-03-08T01%3A17%3A53Z&sr=s&sp=rcwdl&sig=Sanitized",
      "RequestMethod": "HEAD",
      "RequestHeaders": {
        "Accept": "application/xml",
        "traceparent": "00-dd7cbaa725685441545ec549568625ea-be0eb64ffcc3ee56-00",
        "User-Agent": "azsdk-net-Storage.Files.Shares/12.22.0-alpha.20250306.1 (.NET 8.0.13; Microsoft Windows 10.0.22635)",
        "x-ms-client-request-id": "Sanitized",
        "x-ms-return-client-request-id": "true",
        "x-ms-version": "2025-05-05"
      },
      "RequestBody": null,
      "StatusCode": 200,
      "ResponseHeaders": {
        "Content-Length": "1024",
        "Content-Type": "application/octet-stream",
        "Date": "Fri, 07 Mar 2025 01:17:52 GMT",
        "ETag": "\"0x8DD5D15E2ADB65C\"",
        "Last-Modified": "Fri, 07 Mar 2025 01:17:53 GMT",
        "Server": [
          "Windows-Azure-File/1.0",
          "Microsoft-HTTPAPI/2.0"
        ],
        "x-ms-client-request-id": "Sanitized",
        "x-ms-file-attributes": "Archive",
        "x-ms-file-change-time": "2025-03-07T01:17:53.5210076Z",
        "x-ms-file-creation-time": "2025-03-07T01:17:53.5210076Z",
        "x-ms-file-id": "17293892937846882304",
        "x-ms-file-last-write-time": "2025-03-07T01:17:53.5210076Z",
        "x-ms-file-parent-id": "12682206919419494400",
        "x-ms-file-permission-key": "12626496306092130501*547956186189310027",
        "x-ms-lease-state": "available",
        "x-ms-lease-status": "unlocked",
        "x-ms-request-id": "bf08e640-301a-006e-36fe-8ef59b000000",
        "x-ms-server-encrypted": "true",
        "x-ms-type": "File",
        "x-ms-version": "2025-05-05"
      },
      "ResponseBody": null
    },
    {
      "RequestUri": "https://amandapreprod.blob.core.windows.net/test-container-81eaf988-7d3a-6d67-1429-afef5bcab839/destFolder/test-file-fcf940e0-5e2c-e143-b35f-92ad7de43c1c",
      "RequestMethod": "PUT",
      "RequestHeaders": {
        "Accept": "application/xml",
        "Authorization": "Sanitized",
        "Content-Length": "0",
        "If-None-Match": "*",
        "traceparent": "00-9fa2fa0c1272d02b013a114e195a5622-42ffce5f3b64d30b-00",
        "User-Agent": "azsdk-net-Storage.Blobs/12.24.0-alpha.20250306.1 (.NET 8.0.13; Microsoft Windows 10.0.22635)",
        "x-ms-blob-content-length": "1024",
        "x-ms-blob-content-type": "application/octet-stream",
        "x-ms-blob-type": "PageBlob",
        "x-ms-client-request-id": "Sanitized",
        "x-ms-date": "Fri, 07 Mar 2025 01:17:53 GMT",
        "x-ms-return-client-request-id": "true",
        "x-ms-version": "2025-05-05"
      },
      "RequestBody": null,
      "StatusCode": 201,
      "ResponseHeaders": {
        "Content-Length": "0",
        "Date": "Fri, 07 Mar 2025 01:17:52 GMT",
        "ETag": "\"0x8DD5D15E2D65DF6\"",
        "Last-Modified": "Fri, 07 Mar 2025 01:17:53 GMT",
        "Server": [
          "Windows-Azure-Blob/1.0",
          "Microsoft-HTTPAPI/2.0"
        ],
        "x-ms-client-request-id": "Sanitized",
        "x-ms-request-id": "f73ee01c-601e-002e-09fe-8ef2a3000000",
        "x-ms-request-server-encrypted": "true",
        "x-ms-version": "2025-05-05"
      },
      "ResponseBody": null
    },
    {
      "RequestUri": "https://amandapreprod.blob.core.windows.net/test-container-81eaf988-7d3a-6d67-1429-afef5bcab839/destFolder/test-file-d9b8d137-567f-7860-6f00-8d662926d16f",
      "RequestMethod": "PUT",
      "RequestHeaders": {
        "Accept": "application/xml",
        "Authorization": "Sanitized",
        "Content-Length": "0",
        "If-None-Match": "*",
        "traceparent": "00-1299ad78e0bd452a3da0ec62f10ed5d0-b1caded4161ef6b3-00",
        "User-Agent": "azsdk-net-Storage.Blobs/12.24.0-alpha.20250306.1 (.NET 8.0.13; Microsoft Windows 10.0.22635)",
        "x-ms-blob-content-length": "1024",
        "x-ms-blob-content-type": "application/octet-stream",
        "x-ms-blob-type": "PageBlob",
        "x-ms-client-request-id": "Sanitized",
        "x-ms-date": "Fri, 07 Mar 2025 01:17:53 GMT",
        "x-ms-return-client-request-id": "true",
        "x-ms-version": "2025-05-05"
      },
      "RequestBody": null,
      "StatusCode": 201,
      "ResponseHeaders": {
        "Content-Length": "0",
        "Date": "Fri, 07 Mar 2025 01:17:53 GMT",
        "ETag": "\"0x8DD5D15E2D85792\"",
        "Last-Modified": "Fri, 07 Mar 2025 01:17:53 GMT",
        "Server": [
          "Windows-Azure-Blob/1.0",
          "Microsoft-HTTPAPI/2.0"
        ],
        "x-ms-client-request-id": "Sanitized",
        "x-ms-request-id": "0152f99d-f01e-0003-25fe-8e41d0000000",
        "x-ms-request-server-encrypted": "true",
        "x-ms-version": "2025-05-05"
      },
      "ResponseBody": null
    },
    {
      "RequestUri": "https://amandapreprod.file.core.windows.net/test-share-af98b000-a742-fe4d-d107-f8ec631f74fd/sourceFolder/pik/test-file-0d8cea74-34ce-9933-8875-9854e05212e7?sv=Sanitized&se=2025-03-08T01%3A17%3A53Z&sr=s&sp=rcwdl&sig=Sanitized",
      "RequestMethod": "HEAD",
      "RequestHeaders": {
        "Accept": "application/xml",
        "traceparent": "00-93eb569be4890a3bd2e5c2df77c037af-1a3d758b86d758ec-00",
        "User-Agent": "azsdk-net-Storage.Files.Shares/12.22.0-alpha.20250306.1 (.NET 8.0.13; Microsoft Windows 10.0.22635)",
        "x-ms-client-request-id": "Sanitized",
        "x-ms-return-client-request-id": "true",
        "x-ms-version": "2025-05-05"
      },
      "RequestBody": null,
      "StatusCode": 200,
      "ResponseHeaders": {
        "Content-Length": "1024",
        "Content-Type": "application/octet-stream",
        "Date": "Fri, 07 Mar 2025 01:17:53 GMT",
        "ETag": "\"0x8DD5D15E2ADB65C\"",
        "Last-Modified": "Fri, 07 Mar 2025 01:17:53 GMT",
        "Server": [
          "Windows-Azure-File/1.0",
          "Microsoft-HTTPAPI/2.0"
        ],
        "x-ms-client-request-id": "Sanitized",
        "x-ms-file-attributes": "Archive",
        "x-ms-file-change-time": "2025-03-07T01:17:53.5210076Z",
        "x-ms-file-creation-time": "2025-03-07T01:17:53.5210076Z",
        "x-ms-file-id": "17293892937846882304",
        "x-ms-file-last-write-time": "2025-03-07T01:17:53.5210076Z",
        "x-ms-file-parent-id": "12682206919419494400",
        "x-ms-file-permission-key": "12626496306092130501*547956186189310027",
        "x-ms-lease-state": "available",
        "x-ms-lease-status": "unlocked",
        "x-ms-request-id": "bf08e642-301a-006e-37fe-8ef59b000000",
        "x-ms-server-encrypted": "true",
        "x-ms-type": "File",
        "x-ms-version": "2025-05-05"
      },
      "ResponseBody": null
    },
    {
      "RequestUri": "https://amandapreprod.blob.core.windows.net/test-container-81eaf988-7d3a-6d67-1429-afef5bcab839/destFolder/bar/test-file-4dd7692c-9767-bb28-141e-6f75717cb158",
      "RequestMethod": "PUT",
      "RequestHeaders": {
        "Accept": "application/xml",
        "Authorization": "Sanitized",
        "Content-Length": "0",
        "If-None-Match": "*",
        "traceparent": "00-a5b43c62f6792e9148ea30ba1a8de1c9-23d37ec8532b8433-00",
        "User-Agent": "azsdk-net-Storage.Blobs/12.24.0-alpha.20250306.1 (.NET 8.0.13; Microsoft Windows 10.0.22635)",
        "x-ms-blob-content-length": "1024",
        "x-ms-blob-content-type": "application/octet-stream",
        "x-ms-blob-type": "PageBlob",
        "x-ms-client-request-id": "Sanitized",
        "x-ms-date": "Fri, 07 Mar 2025 01:17:53 GMT",
        "x-ms-return-client-request-id": "true",
        "x-ms-version": "2025-05-05"
      },
      "RequestBody": null,
      "StatusCode": 201,
      "ResponseHeaders": {
        "Content-Length": "0",
        "Date": "Fri, 07 Mar 2025 01:17:52 GMT",
        "ETag": "\"0x8DD5D15E2DEDFED\"",
        "Last-Modified": "Fri, 07 Mar 2025 01:17:53 GMT",
        "Server": [
          "Windows-Azure-Blob/1.0",
          "Microsoft-HTTPAPI/2.0"
        ],
        "x-ms-client-request-id": "Sanitized",
        "x-ms-request-id": "f73ee02e-601e-002e-17fe-8ef2a3000000",
        "x-ms-request-server-encrypted": "true",
        "x-ms-version": "2025-05-05"
      },
      "ResponseBody": null
    },
    {
      "RequestUri": "https://amandapreprod.blob.core.windows.net/test-container-81eaf988-7d3a-6d67-1429-afef5bcab839/destFolder/test-file-fcf940e0-5e2c-e143-b35f-92ad7de43c1c?comp=page",
      "RequestMethod": "PUT",
      "RequestHeaders": {
        "Accept": "application/xml",
        "Authorization": "Sanitized",
        "Content-Length": "0",
        "If-None-Match": "*",
        "traceparent": "00-74a2d87db259501cd21189557a720f5c-5beeea7db8ad5f8a-00",
        "User-Agent": "azsdk-net-Storage.Blobs/12.24.0-alpha.20250306.1 (.NET 8.0.13; Microsoft Windows 10.0.22635)",
        "x-ms-client-request-id": "Sanitized",
        "x-ms-copy-source": "https://amandapreprod.file.core.windows.net/test-share-af98b000-a742-fe4d-d107-f8ec631f74fd/sourceFolder/test-file-fcf940e0-5e2c-e143-b35f-92ad7de43c1c?sv=sanitized-value&se=2025-03-08T01%3A17%3A53Z&sr=s&sp=rcwdl&sig=Sanitized",
        "x-ms-date": "Fri, 07 Mar 2025 01:17:53 GMT",
        "x-ms-page-write": "update",
        "x-ms-range": "bytes=0-1023",
        "x-ms-return-client-request-id": "true",
        "x-ms-source-range": "bytes=0-1023",
        "x-ms-version": "2025-05-05"
      },
      "RequestBody": null,
      "StatusCode": 201,
      "ResponseHeaders": {
        "Content-Length": "0",
        "Date": "Fri, 07 Mar 2025 01:17:53 GMT",
        "ETag": "\"0x8DD5D15E2E03DF8\"",
        "Last-Modified": "Fri, 07 Mar 2025 01:17:53 GMT",
        "Server": [
          "Windows-Azure-Blob/1.0",
          "Microsoft-HTTPAPI/2.0"
        ],
        "x-ms-blob-sequence-number": "0",
        "x-ms-client-request-id": "Sanitized",
        "x-ms-content-crc64": "iknlm7CyG2k=",
        "x-ms-request-id": "dcf5151d-001e-0028-2ffe-8ec11c000000",
        "x-ms-request-server-encrypted": "true",
        "x-ms-version": "2025-05-05"
      },
      "ResponseBody": null
    },
    {
      "RequestUri": "https://amandapreprod.blob.core.windows.net/test-container-81eaf988-7d3a-6d67-1429-afef5bcab839/destFolder/test-file-d9b8d137-567f-7860-6f00-8d662926d16f?comp=page",
      "RequestMethod": "PUT",
      "RequestHeaders": {
        "Accept": "application/xml",
        "Authorization": "Sanitized",
        "Content-Length": "0",
        "If-None-Match": "*",
        "traceparent": "00-15b93b316a6998c536285a4a89b65e80-004603ccd340d3ef-00",
        "User-Agent": "azsdk-net-Storage.Blobs/12.24.0-alpha.20250306.1 (.NET 8.0.13; Microsoft Windows 10.0.22635)",
        "x-ms-client-request-id": "Sanitized",
        "x-ms-copy-source": "https://amandapreprod.file.core.windows.net/test-share-af98b000-a742-fe4d-d107-f8ec631f74fd/sourceFolder/test-file-d9b8d137-567f-7860-6f00-8d662926d16f?sv=sanitized-value&se=2025-03-08T01%3A17%3A53Z&sr=s&sp=rcwdl&sig=Sanitized",
        "x-ms-date": "Fri, 07 Mar 2025 01:17:53 GMT",
        "x-ms-page-write": "update",
        "x-ms-range": "bytes=0-1023",
        "x-ms-return-client-request-id": "true",
        "x-ms-source-range": "bytes=0-1023",
        "x-ms-version": "2025-05-05"
      },
      "RequestBody": null,
      "StatusCode": 201,
      "ResponseHeaders": {
        "Content-Length": "0",
        "Date": "Fri, 07 Mar 2025 01:17:53 GMT",
        "ETag": "\"0x8DD5D15E2E19BFD\"",
        "Last-Modified": "Fri, 07 Mar 2025 01:17:53 GMT",
        "Server": [
          "Windows-Azure-Blob/1.0",
          "Microsoft-HTTPAPI/2.0"
        ],
        "x-ms-blob-sequence-number": "0",
        "x-ms-client-request-id": "Sanitized",
        "x-ms-content-crc64": "iknlm7CyG2k=",
        "x-ms-request-id": "0152f9bc-f01e-0003-42fe-8e41d0000000",
        "x-ms-request-server-encrypted": "true",
        "x-ms-version": "2025-05-05"
      },
      "ResponseBody": null
    },
    {
      "RequestUri": "https://amandapreprod.blob.core.windows.net/test-container-81eaf988-7d3a-6d67-1429-afef5bcab839/destFolder/bar/test-file-4dd7692c-9767-bb28-141e-6f75717cb158?comp=page",
      "RequestMethod": "PUT",
      "RequestHeaders": {
        "Accept": "application/xml",
        "Authorization": "Sanitized",
        "Content-Length": "0",
        "If-None-Match": "*",
        "traceparent": "00-969967278dfcf9d955c93b80ed4865e4-fac17e8a8e21e1f3-00",
        "User-Agent": "azsdk-net-Storage.Blobs/12.24.0-alpha.20250306.1 (.NET 8.0.13; Microsoft Windows 10.0.22635)",
        "x-ms-client-request-id": "Sanitized",
        "x-ms-copy-source": "https://amandapreprod.file.core.windows.net/test-share-af98b000-a742-fe4d-d107-f8ec631f74fd/sourceFolder/bar/test-file-4dd7692c-9767-bb28-141e-6f75717cb158?sv=sanitized-value&se=2025-03-08T01%3A17%3A53Z&sr=s&sp=rcwdl&sig=Sanitized",
        "x-ms-date": "Fri, 07 Mar 2025 01:17:53 GMT",
        "x-ms-page-write": "update",
        "x-ms-range": "bytes=0-1023",
        "x-ms-return-client-request-id": "true",
        "x-ms-source-range": "bytes=0-1023",
        "x-ms-version": "2025-05-05"
      },
      "RequestBody": null,
      "StatusCode": 201,
      "ResponseHeaders": {
        "Content-Length": "0",
        "Date": "Fri, 07 Mar 2025 01:17:52 GMT",
        "ETag": "\"0x8DD5D15E2E82457\"",
        "Last-Modified": "Fri, 07 Mar 2025 01:17:53 GMT",
        "Server": [
          "Windows-Azure-Blob/1.0",
          "Microsoft-HTTPAPI/2.0"
        ],
        "x-ms-blob-sequence-number": "0",
        "x-ms-client-request-id": "Sanitized",
        "x-ms-content-crc64": "iknlm7CyG2k=",
        "x-ms-request-id": "f73ee03d-601e-002e-26fe-8ef2a3000000",
        "x-ms-request-server-encrypted": "true",
        "x-ms-version": "2025-05-05"
      },
      "ResponseBody": null
    },
    {
      "RequestUri": "https://amandapreprod.blob.core.windows.net/test-container-81eaf988-7d3a-6d67-1429-afef5bcab839/destFolder/pik/test-file-0d8cea74-34ce-9933-8875-9854e05212e7",
      "RequestMethod": "PUT",
      "RequestHeaders": {
        "Accept": "application/xml",
        "Authorization": "Sanitized",
        "Content-Length": "0",
        "If-None-Match": "*",
        "traceparent": "00-99bb48cf7093741e48e47e86066e4a26-3bd09e9fd4522f27-00",
        "User-Agent": "azsdk-net-Storage.Blobs/12.24.0-alpha.20250306.1 (.NET 8.0.13; Microsoft Windows 10.0.22635)",
        "x-ms-blob-content-length": "1024",
        "x-ms-blob-content-type": "application/octet-stream",
        "x-ms-blob-type": "PageBlob",
        "x-ms-client-request-id": "Sanitized",
        "x-ms-date": "Fri, 07 Mar 2025 01:17:53 GMT",
        "x-ms-return-client-request-id": "true",
        "x-ms-version": "2025-05-05"
      },
      "RequestBody": null,
      "StatusCode": 201,
      "ResponseHeaders": {
        "Content-Length": "0",
        "Date": "Fri, 07 Mar 2025 01:17:53 GMT",
        "ETag": "\"0x8DD5D15E2E84B41\"",
        "Last-Modified": "Fri, 07 Mar 2025 01:17:53 GMT",
        "Server": [
          "Windows-Azure-Blob/1.0",
          "Microsoft-HTTPAPI/2.0"
        ],
        "x-ms-client-request-id": "Sanitized",
        "x-ms-request-id": "87993653-801e-0044-48fe-8e2a8b000000",
        "x-ms-request-server-encrypted": "true",
        "x-ms-version": "2025-05-05"
      },
      "ResponseBody": null
    },
    {
      "RequestUri": "https://amandapreprod.blob.core.windows.net/test-container-81eaf988-7d3a-6d67-1429-afef5bcab839/destFolder/pik/test-file-0d8cea74-34ce-9933-8875-9854e05212e7?comp=page",
      "RequestMethod": "PUT",
      "RequestHeaders": {
        "Accept": "application/xml",
        "Authorization": "Sanitized",
        "Content-Length": "0",
        "If-None-Match": "*",
        "traceparent": "00-e28637cb29bdf8b1f93ffd770e7ecb88-63d319fa739a5dd2-00",
        "User-Agent": "azsdk-net-Storage.Blobs/12.24.0-alpha.20250306.1 (.NET 8.0.13; Microsoft Windows 10.0.22635)",
        "x-ms-client-request-id": "Sanitized",
        "x-ms-copy-source": "https://amandapreprod.file.core.windows.net/test-share-af98b000-a742-fe4d-d107-f8ec631f74fd/sourceFolder/pik/test-file-0d8cea74-34ce-9933-8875-9854e05212e7?sv=sanitized-value&se=2025-03-08T01%3A17%3A53Z&sr=s&sp=rcwdl&sig=Sanitized",
        "x-ms-date": "Fri, 07 Mar 2025 01:17:53 GMT",
        "x-ms-page-write": "update",
        "x-ms-range": "bytes=0-1023",
        "x-ms-return-client-request-id": "true",
        "x-ms-source-range": "bytes=0-1023",
        "x-ms-version": "2025-05-05"
      },
      "RequestBody": null,
      "StatusCode": 201,
      "ResponseHeaders": {
        "Content-Length": "0",
        "Date": "Fri, 07 Mar 2025 01:17:53 GMT",
        "ETag": "\"0x8DD5D15E2F25222\"",
        "Last-Modified": "Fri, 07 Mar 2025 01:17:53 GMT",
        "Server": [
          "Windows-Azure-Blob/1.0",
          "Microsoft-HTTPAPI/2.0"
        ],
        "x-ms-blob-sequence-number": "0",
        "x-ms-client-request-id": "Sanitized",
        "x-ms-content-crc64": "iknlm7CyG2k=",
        "x-ms-request-id": "8799365c-801e-0044-50fe-8e2a8b000000",
        "x-ms-request-server-encrypted": "true",
        "x-ms-version": "2025-05-05"
      },
      "ResponseBody": null
    },
    {
      "RequestUri": "https://amandapreprod.file.core.windows.net/test-share-af98b000-a742-fe4d-d107-f8ec631f74fd/sourceFolder?restype=directory&comp=list",
      "RequestMethod": "GET",
      "RequestHeaders": {
        "Accept": "application/xml",
        "Authorization": "Sanitized",
        "User-Agent": "azsdk-net-Storage.Files.Shares/12.22.0-alpha.20250306.1 (.NET 8.0.13; Microsoft Windows 10.0.22635)",
        "x-ms-client-request-id": "Sanitized",
        "x-ms-date": "Fri, 07 Mar 2025 01:17:54 GMT",
        "x-ms-return-client-request-id": "true",
        "x-ms-version": "2025-05-05"
      },
      "RequestBody": null,
      "StatusCode": 200,
      "ResponseHeaders": {
        "Content-Type": "application/xml",
        "Date": "Fri, 07 Mar 2025 01:17:53 GMT",
        "Server": [
          "Windows-Azure-File/1.0",
          "Microsoft-HTTPAPI/2.0"
        ],
        "Transfer-Encoding": "chunked",
        "x-ms-client-request-id": "Sanitized",
        "x-ms-request-id": "bf08e643-301a-006e-38fe-8ef59b000000",
        "x-ms-version": "2025-05-05"
      },
      "ResponseBody": "\uFEFF<?xml version=\"1.0\" encoding=\"utf-8\"?><EnumerationResults ServiceEndpoint=\"https://amandapreprod.file.core.windows.net/\" ShareName=\"test-share-af98b000-a742-fe4d-d107-f8ec631f74fd\" DirectoryPath=\"sourceFolder\"><DirectoryId>13835128424026341376</DirectoryId><Entries><Directory><Name>bar</Name><FileId>10376363910205800448</FileId><Properties /></Directory><Directory><Name>pik</Name><FileId>12682206919419494400</FileId><Properties /></Directory><File><Name>test-file-d9b8d137-567f-7860-6f00-8d662926d16f</Name><FileId>11529285414812647424</FileId><Properties><Content-Length>1024</Content-Length></Properties></File><File><Name>test-file-fcf940e0-5e2c-e143-b35f-92ad7de43c1c</Name><FileId>16140971433240035328</FileId><Properties><Content-Length>1024</Content-Length></Properties></File></Entries><NextMarker /></EnumerationResults>"
    },
    {
      "RequestUri": "https://amandapreprod.file.core.windows.net/test-share-af98b000-a742-fe4d-d107-f8ec631f74fd/sourceFolder/bar?restype=directory&comp=list",
      "RequestMethod": "GET",
      "RequestHeaders": {
        "Accept": "application/xml",
        "Authorization": "Sanitized",
        "User-Agent": "azsdk-net-Storage.Files.Shares/12.22.0-alpha.20250306.1 (.NET 8.0.13; Microsoft Windows 10.0.22635)",
        "x-ms-client-request-id": "Sanitized",
        "x-ms-date": "Fri, 07 Mar 2025 01:17:54 GMT",
        "x-ms-return-client-request-id": "true",
        "x-ms-version": "2025-05-05"
      },
      "RequestBody": null,
      "StatusCode": 200,
      "ResponseHeaders": {
        "Content-Type": "application/xml",
        "Date": "Fri, 07 Mar 2025 01:17:53 GMT",
        "Server": [
          "Windows-Azure-File/1.0",
          "Microsoft-HTTPAPI/2.0"
        ],
        "Transfer-Encoding": "chunked",
        "x-ms-client-request-id": "Sanitized",
        "x-ms-request-id": "bf08e644-301a-006e-39fe-8ef59b000000",
        "x-ms-version": "2025-05-05"
      },
      "ResponseBody": "\uFEFF<?xml version=\"1.0\" encoding=\"utf-8\"?><EnumerationResults ServiceEndpoint=\"https://amandapreprod.file.core.windows.net/\" ShareName=\"test-share-af98b000-a742-fe4d-d107-f8ec631f74fd\" DirectoryPath=\"sourceFolder/bar\"><DirectoryId>10376363910205800448</DirectoryId><Entries><File><Name>test-file-4dd7692c-9767-bb28-141e-6f75717cb158</Name><FileId>14988049928633188352</FileId><Properties><Content-Length>1024</Content-Length></Properties></File></Entries><NextMarker /></EnumerationResults>"
    },
    {
      "RequestUri": "https://amandapreprod.file.core.windows.net/test-share-af98b000-a742-fe4d-d107-f8ec631f74fd/sourceFolder/pik?restype=directory&comp=list",
      "RequestMethod": "GET",
      "RequestHeaders": {
        "Accept": "application/xml",
        "Authorization": "Sanitized",
        "User-Agent": "azsdk-net-Storage.Files.Shares/12.22.0-alpha.20250306.1 (.NET 8.0.13; Microsoft Windows 10.0.22635)",
        "x-ms-client-request-id": "Sanitized",
        "x-ms-date": "Fri, 07 Mar 2025 01:17:54 GMT",
        "x-ms-return-client-request-id": "true",
        "x-ms-version": "2025-05-05"
      },
      "RequestBody": null,
      "StatusCode": 200,
      "ResponseHeaders": {
        "Content-Type": "application/xml",
        "Date": "Fri, 07 Mar 2025 01:17:53 GMT",
        "Server": [
          "Windows-Azure-File/1.0",
          "Microsoft-HTTPAPI/2.0"
        ],
        "Transfer-Encoding": "chunked",
        "x-ms-client-request-id": "Sanitized",
        "x-ms-request-id": "bf08e647-301a-006e-3bfe-8ef59b000000",
        "x-ms-version": "2025-05-05"
      },
      "ResponseBody": "\uFEFF<?xml version=\"1.0\" encoding=\"utf-8\"?><EnumerationResults ServiceEndpoint=\"https://amandapreprod.file.core.windows.net/\" ShareName=\"test-share-af98b000-a742-fe4d-d107-f8ec631f74fd\" DirectoryPath=\"sourceFolder/pik\"><DirectoryId>12682206919419494400</DirectoryId><Entries><File><Name>test-file-0d8cea74-34ce-9933-8875-9854e05212e7</Name><FileId>17293892937846882304</FileId><Properties><Content-Length>1024</Content-Length></Properties></File></Entries><NextMarker /></EnumerationResults>"
    },
    {
      "RequestUri": "https://amandapreprod.blob.core.windows.net/test-container-81eaf988-7d3a-6d67-1429-afef5bcab839?restype=container&comp=list&prefix=destFolder",
      "RequestMethod": "GET",
      "RequestHeaders": {
        "Accept": "application/xml",
        "Authorization": "Sanitized",
        "traceparent": "00-bc49e46c253ff4cc3fa7d77d7b5339f5-fefe7d86fe833908-00",
        "User-Agent": "azsdk-net-Storage.Blobs/12.24.0-alpha.20250306.1 (.NET 8.0.13; Microsoft Windows 10.0.22635)",
        "x-ms-client-request-id": "Sanitized",
        "x-ms-date": "Fri, 07 Mar 2025 01:17:54 GMT",
        "x-ms-return-client-request-id": "true",
        "x-ms-version": "2025-05-05"
      },
      "RequestBody": null,
      "StatusCode": 200,
      "ResponseHeaders": {
        "Content-Type": "application/xml",
        "Date": "Fri, 07 Mar 2025 01:17:53 GMT",
        "Server": [
          "Windows-Azure-Blob/1.0",
          "Microsoft-HTTPAPI/2.0"
        ],
        "Transfer-Encoding": "chunked",
        "x-ms-client-request-id": "Sanitized",
        "x-ms-request-id": "879936ae-801e-0044-17fe-8e2a8b000000",
        "x-ms-version": "2025-05-05"
      },
      "ResponseBody": "\uFEFF<?xml version=\"1.0\" encoding=\"utf-8\"?><EnumerationResults ServiceEndpoint=\"https://amandapreprod.blob.core.windows.net/\" ContainerName=\"test-container-81eaf988-7d3a-6d67-1429-afef5bcab839\"><Prefix>destFolder</Prefix><Blobs><Blob><Name>destFolder/bar/test-file-4dd7692c-9767-bb28-141e-6f75717cb158</Name><Properties><Creation-Time>Fri, 07 Mar 2025 01:17:53 GMT</Creation-Time><Last-Modified>Fri, 07 Mar 2025 01:17:53 GMT</Last-Modified><Etag>0x8DD5D15E2E82457</Etag><Content-Length>1024</Content-Length><Content-Type>application/octet-stream</Content-Type><Content-Encoding /><Content-Language /><Content-CRC64 /><Content-MD5 /><Cache-Control /><Content-Disposition /><x-ms-blob-sequence-number>0</x-ms-blob-sequence-number><BlobType>PageBlob</BlobType><LeaseStatus>unlocked</LeaseStatus><LeaseState>available</LeaseState><ServerEncrypted>true</ServerEncrypted></Properties><OrMetadata /></Blob><Blob><Name>destFolder/pik/test-file-0d8cea74-34ce-9933-8875-9854e05212e7</Name><Properties><Creation-Time>Fri, 07 Mar 2025 01:17:53 GMT</Creation-Time><Last-Modified>Fri, 07 Mar 2025 01:17:53 GMT</Last-Modified><Etag>0x8DD5D15E2F25222</Etag><Content-Length>1024</Content-Length><Content-Type>application/octet-stream</Content-Type><Content-Encoding /><Content-Language /><Content-CRC64 /><Content-MD5 /><Cache-Control /><Content-Disposition /><x-ms-blob-sequence-number>0</x-ms-blob-sequence-number><BlobType>PageBlob</BlobType><LeaseStatus>unlocked</LeaseStatus><LeaseState>available</LeaseState><ServerEncrypted>true</ServerEncrypted></Properties><OrMetadata /></Blob><Blob><Name>destFolder/test-file-d9b8d137-567f-7860-6f00-8d662926d16f</Name><Properties><Creation-Time>Fri, 07 Mar 2025 01:17:53 GMT</Creation-Time><Last-Modified>Fri, 07 Mar 2025 01:17:53 GMT</Last-Modified><Etag>0x8DD5D15E2E19BFD</Etag><Content-Length>1024</Content-Length><Content-Type>application/octet-stream</Content-Type><Content-Encoding /><Content-Language /><Content-CRC64 /><Content-MD5 /><Cache-Control /><Content-Disposition /><x-ms-blob-sequence-number>0</x-ms-blob-sequence-number><BlobType>PageBlob</BlobType><LeaseStatus>unlocked</LeaseStatus><LeaseState>available</LeaseState><ServerEncrypted>true</ServerEncrypted></Properties><OrMetadata /></Blob><Blob><Name>destFolder/test-file-fcf940e0-5e2c-e143-b35f-92ad7de43c1c</Name><Properties><Creation-Time>Fri, 07 Mar 2025 01:17:53 GMT</Creation-Time><Last-Modified>Fri, 07 Mar 2025 01:17:53 GMT</Last-Modified><Etag>0x8DD5D15E2E03DF8</Etag><Content-Length>1024</Content-Length><Content-Type>application/octet-stream</Content-Type><Content-Encoding /><Content-Language /><Content-CRC64 /><Content-MD5 /><Cache-Control /><Content-Disposition /><x-ms-blob-sequence-number>0</x-ms-blob-sequence-number><BlobType>PageBlob</BlobType><LeaseStatus>unlocked</LeaseStatus><LeaseState>available</LeaseState><ServerEncrypted>true</ServerEncrypted></Properties><OrMetadata /></Blob></Blobs><NextMarker /></EnumerationResults>"
    },
    {
      "RequestUri": "https://amandapreprod.file.core.windows.net/test-share-af98b000-a742-fe4d-d107-f8ec631f74fd/sourceFolder/bar/test-file-4dd7692c-9767-bb28-141e-6f75717cb158",
      "RequestMethod": "HEAD",
      "RequestHeaders": {
        "Accept": "application/xml",
        "Authorization": "Sanitized",
        "traceparent": "00-314b66454965bb401ffe2551d7c71e8e-eb700c22fed9967d-00",
        "User-Agent": "azsdk-net-Storage.Files.Shares/12.22.0-alpha.20250306.1 (.NET 8.0.13; Microsoft Windows 10.0.22635)",
        "x-ms-client-request-id": "Sanitized",
        "x-ms-date": "Fri, 07 Mar 2025 01:17:54 GMT",
        "x-ms-return-client-request-id": "true",
        "x-ms-version": "2025-05-05"
      },
      "RequestBody": null,
      "StatusCode": 200,
      "ResponseHeaders": {
        "Content-Length": "1024",
        "Content-Type": "application/octet-stream",
        "Date": "Fri, 07 Mar 2025 01:17:53 GMT",
        "ETag": "\"0x8DD5D15E29B5480\"",
        "Last-Modified": "Fri, 07 Mar 2025 01:17:53 GMT",
        "Server": [
          "Windows-Azure-File/1.0",
          "Microsoft-HTTPAPI/2.0"
        ],
        "x-ms-client-request-id": "Sanitized",
        "x-ms-file-attributes": "Archive",
        "x-ms-file-change-time": "2025-03-07T01:17:53.4005376Z",
        "x-ms-file-creation-time": "2025-03-07T01:17:53.4005376Z",
        "x-ms-file-id": "14988049928633188352",
        "x-ms-file-last-write-time": "2025-03-07T01:17:53.4005376Z",
        "x-ms-file-parent-id": "10376363910205800448",
        "x-ms-file-permission-key": "12626496306092130501*547956186189310027",
        "x-ms-lease-state": "available",
        "x-ms-lease-status": "unlocked",
        "x-ms-request-id": "bf08e649-301a-006e-3cfe-8ef59b000000",
        "x-ms-server-encrypted": "true",
        "x-ms-type": "File",
        "x-ms-version": "2025-05-05"
      },
      "ResponseBody": null
    },
    {
      "RequestUri": "https://amandapreprod.blob.core.windows.net/test-container-81eaf988-7d3a-6d67-1429-afef5bcab839/destFolder/bar/test-file-4dd7692c-9767-bb28-141e-6f75717cb158",
      "RequestMethod": "HEAD",
      "RequestHeaders": {
        "Accept": "application/xml",
        "Authorization": "Sanitized",
        "traceparent": "00-8e93d6a0850b66df33738358a3289588-5f3ab9956f30eab3-00",
        "User-Agent": "azsdk-net-Storage.Blobs/12.24.0-alpha.20250306.1 (.NET 8.0.13; Microsoft Windows 10.0.22635)",
        "x-ms-client-request-id": "Sanitized",
        "x-ms-date": "Fri, 07 Mar 2025 01:17:54 GMT",
        "x-ms-return-client-request-id": "true",
        "x-ms-version": "2025-05-05"
      },
      "RequestBody": null,
      "StatusCode": 200,
      "ResponseHeaders": {
        "Accept-Ranges": "bytes",
        "Content-Length": "1024",
        "Content-Type": "application/octet-stream",
        "Date": "Fri, 07 Mar 2025 01:17:53 GMT",
        "ETag": "\"0x8DD5D15E2E82457\"",
        "Last-Modified": "Fri, 07 Mar 2025 01:17:53 GMT",
        "Server": [
          "Windows-Azure-Blob/1.0",
          "Microsoft-HTTPAPI/2.0"
        ],
        "x-ms-blob-sequence-number": "0",
        "x-ms-blob-type": "PageBlob",
        "x-ms-client-request-id": "Sanitized",
        "x-ms-creation-time": "Fri, 07 Mar 2025 01:17:53 GMT",
        "x-ms-lease-state": "available",
        "x-ms-lease-status": "unlocked",
        "x-ms-request-id": "879936e6-801e-0044-4cfe-8e2a8b000000",
        "x-ms-server-encrypted": "true",
        "x-ms-version": "2025-05-05"
      },
      "ResponseBody": null
    },
    {
      "RequestUri": "https://amandapreprod.file.core.windows.net/test-share-af98b000-a742-fe4d-d107-f8ec631f74fd/sourceFolder/bar/test-file-4dd7692c-9767-bb28-141e-6f75717cb158",
      "RequestMethod": "GET",
      "RequestHeaders": {
        "Accept": "application/xml",
        "Authorization": "Sanitized",
        "User-Agent": "azsdk-net-Storage.Files.Shares/12.22.0-alpha.20250306.1 (.NET 8.0.13; Microsoft Windows 10.0.22635)",
        "x-ms-client-request-id": "Sanitized",
        "x-ms-date": "Fri, 07 Mar 2025 01:17:54 GMT",
        "x-ms-range": "bytes=0-1023",
        "x-ms-return-client-request-id": "true",
        "x-ms-version": "2025-05-05"
      },
      "RequestBody": null,
      "StatusCode": 206,
      "ResponseHeaders": {
        "Accept-Ranges": "bytes",
        "Content-Length": "1024",
        "Content-Range": "bytes 0-1023/1024",
        "Content-Type": "application/octet-stream",
        "Date": "Fri, 07 Mar 2025 01:17:53 GMT",
        "ETag": "\"0x8DD5D15E29B5480\"",
        "Last-Modified": "Fri, 07 Mar 2025 01:17:53 GMT",
        "Server": [
          "Windows-Azure-File/1.0",
          "Microsoft-HTTPAPI/2.0"
        ],
        "x-ms-client-request-id": "Sanitized",
        "x-ms-file-attributes": "Archive",
        "x-ms-file-change-time": "2025-03-07T01:17:53.4005376Z",
        "x-ms-file-creation-time": "2025-03-07T01:17:53.4005376Z",
        "x-ms-file-id": "14988049928633188352",
        "x-ms-file-last-write-time": "2025-03-07T01:17:53.4005376Z",
        "x-ms-file-parent-id": "10376363910205800448",
        "x-ms-file-permission-key": "12626496306092130501*547956186189310027",
        "x-ms-lease-state": "available",
        "x-ms-lease-status": "unlocked",
        "x-ms-request-id": "bf08e64a-301a-006e-3dfe-8ef59b000000",
        "x-ms-server-encrypted": "true",
        "x-ms-type": "File",
        "x-ms-version": "2025-05-05"
      },
      "ResponseBody": "AAAAAAAAAAAAAAAAAAAAAAAAAAAAAAAAAAAAAAAAAAAAAAAAAAAAAAAAAAAAAAAAAAAAAAAAAAAAAAAAAAAAAAAAAAAAAAAAAAAAAAAAAAAAAAAAAAAAAAAAAAAAAAAAAAAAAAAAAAAAAAAAAAAAAAAAAAAAAAAAAAAAAAAAAAAAAAAAAAAAAAAAAAAAAAAAAAAAAAAAAAAAAAAAAAAAAAAAAAAAAAAAAAAAAAAAAAAAAAAAAAAAAAAAAAAAAAAAAAAAAAAAAAAAAAAAAAAAAAAAAAAAAAAAAAAAAAAAAAAAAAAAAAAAAAAAAAAAAAAAAAAAAAAAAAAAAAAAAAAAAAAAAAAAAAAAAAAAAAAAAAAAAAAAAAAAAAAAAAAAAAAAAAAAAAAAAAAAAAAAAAAAAAAAAAAAAAAAAAAAAAAAAAAAAAAAAAAAAAAAAAAAAAAAAAAAAAAAAAAAAAAAAAAAAAAAAAAAAAAAAAAAAAAAAAAAAAAAAAAAAAAAAAAAAAAAAAAAAAAAAAAAAAAAAAAAAAAAAAAAAAAAAAAAAAAAAAAAAAAAAAAAAAAAAAAAAAAAAAAAAAAAAAAAAAAAAAAAAAAAAAAAAAAAAAAAAAAAAAAAAAAAAAAAAAAAAAAAAAAAAAAAAAAAAAAAAAAAAAAAAAAAAAAAAAAAAAAAAAAAAAAAAAAAAAAAAAAAAAAAAAAAAAAAAAAAAAAAAAAAAAAAAAAAAAAAAAAAAAAAAAAAAAAAAAAAAAAAAAAAAAAAAAAAAAAAAAAAAAAAAAAAAAAAAAAAAAAAAAAAAAAAAAAAAAAAAAAAAAAAAAAAAAAAAAAAAAAAAAAAAAAAAAAAAAAAAAAAAAAAAAAAAAAAAAAAAAAAAAAAAAAAAAAAAAAAAAAAAAAAAAAAAAAAAAAAAAAAAAAAAAAAAAAAAAAAAAAAAAAAAAAAAAAAAAAAAAAAAAAAAAAAAAAAAAAAAAAAAAAAAAAAAAAAAAAAAAAAAAAAAAAAAAAAAAAAAAAAAAAAAAAAAAAAAAAAAAAAAAAAAAAAAAAAAAAAAAAAAAAAAAAAAAAAAAAAAAAAAAAAAAAAAAAAAAAAAAAAAAAAAAAAAAAAAAAAAAAAAAAAAAAAAAAAAAAAAAAAAAAAAAAAAAAAAAAAAAAAAAAAAAAAAAAAAAAAAAAAAAAAAAAAAAAAAAAAAAAAAAAAAAAAAAAAAAAAAAAAAAAAAAAAAAAAAAAAAAAAAAAAAAAAAAAAAAAAAAAAAAAAAAAAAAAAAAAAAAAAAAAAAAAAAAAAAAAAAAAAAAAAAAAAAAAAAAAAAAAAAAAAAAAAAAAAAAAAAAAAAAAAAAAAAAAAAAAAAAAAAAAAAAAAAA=="
    },
    {
      "RequestUri": "https://amandapreprod.blob.core.windows.net/test-container-81eaf988-7d3a-6d67-1429-afef5bcab839/destFolder/bar/test-file-4dd7692c-9767-bb28-141e-6f75717cb158",
      "RequestMethod": "GET",
      "RequestHeaders": {
        "Accept": "application/xml",
        "Authorization": "Sanitized",
        "If-Match": "\"0x8DD5D15E2E82457\"",
        "User-Agent": "azsdk-net-Storage.Blobs/12.24.0-alpha.20250306.1 (.NET 8.0.13; Microsoft Windows 10.0.22635)",
        "x-ms-client-request-id": "Sanitized",
        "x-ms-date": "Fri, 07 Mar 2025 01:17:54 GMT",
        "x-ms-range": "bytes=0-1023",
        "x-ms-return-client-request-id": "true",
        "x-ms-version": "2025-05-05"
      },
      "RequestBody": null,
      "StatusCode": 206,
      "ResponseHeaders": {
        "Accept-Ranges": "bytes",
        "Content-Length": "1024",
        "Content-Range": "bytes 0-1023/1024",
        "Content-Type": "application/octet-stream",
        "Date": "Fri, 07 Mar 2025 01:17:53 GMT",
        "ETag": "\"0x8DD5D15E2E82457\"",
        "Last-Modified": "Fri, 07 Mar 2025 01:17:53 GMT",
        "Server": [
          "Windows-Azure-Blob/1.0",
          "Microsoft-HTTPAPI/2.0"
        ],
        "x-ms-blob-sequence-number": "0",
        "x-ms-blob-type": "PageBlob",
        "x-ms-client-request-id": "Sanitized",
        "x-ms-creation-time": "Fri, 07 Mar 2025 01:17:53 GMT",
        "x-ms-lease-state": "available",
        "x-ms-lease-status": "unlocked",
        "x-ms-request-id": "879936fc-801e-0044-5dfe-8e2a8b000000",
        "x-ms-server-encrypted": "true",
        "x-ms-version": "2025-05-05"
      },
      "ResponseBody": "AAAAAAAAAAAAAAAAAAAAAAAAAAAAAAAAAAAAAAAAAAAAAAAAAAAAAAAAAAAAAAAAAAAAAAAAAAAAAAAAAAAAAAAAAAAAAAAAAAAAAAAAAAAAAAAAAAAAAAAAAAAAAAAAAAAAAAAAAAAAAAAAAAAAAAAAAAAAAAAAAAAAAAAAAAAAAAAAAAAAAAAAAAAAAAAAAAAAAAAAAAAAAAAAAAAAAAAAAAAAAAAAAAAAAAAAAAAAAAAAAAAAAAAAAAAAAAAAAAAAAAAAAAAAAAAAAAAAAAAAAAAAAAAAAAAAAAAAAAAAAAAAAAAAAAAAAAAAAAAAAAAAAAAAAAAAAAAAAAAAAAAAAAAAAAAAAAAAAAAAAAAAAAAAAAAAAAAAAAAAAAAAAAAAAAAAAAAAAAAAAAAAAAAAAAAAAAAAAAAAAAAAAAAAAAAAAAAAAAAAAAAAAAAAAAAAAAAAAAAAAAAAAAAAAAAAAAAAAAAAAAAAAAAAAAAAAAAAAAAAAAAAAAAAAAAAAAAAAAAAAAAAAAAAAAAAAAAAAAAAAAAAAAAAAAAAAAAAAAAAAAAAAAAAAAAAAAAAAAAAAAAAAAAAAAAAAAAAAAAAAAAAAAAAAAAAAAAAAAAAAAAAAAAAAAAAAAAAAAAAAAAAAAAAAAAAAAAAAAAAAAAAAAAAAAAAAAAAAAAAAAAAAAAAAAAAAAAAAAAAAAAAAAAAAAAAAAAAAAAAAAAAAAAAAAAAAAAAAAAAAAAAAAAAAAAAAAAAAAAAAAAAAAAAAAAAAAAAAAAAAAAAAAAAAAAAAAAAAAAAAAAAAAAAAAAAAAAAAAAAAAAAAAAAAAAAAAAAAAAAAAAAAAAAAAAAAAAAAAAAAAAAAAAAAAAAAAAAAAAAAAAAAAAAAAAAAAAAAAAAAAAAAAAAAAAAAAAAAAAAAAAAAAAAAAAAAAAAAAAAAAAAAAAAAAAAAAAAAAAAAAAAAAAAAAAAAAAAAAAAAAAAAAAAAAAAAAAAAAAAAAAAAAAAAAAAAAAAAAAAAAAAAAAAAAAAAAAAAAAAAAAAAAAAAAAAAAAAAAAAAAAAAAAAAAAAAAAAAAAAAAAAAAAAAAAAAAAAAAAAAAAAAAAAAAAAAAAAAAAAAAAAAAAAAAAAAAAAAAAAAAAAAAAAAAAAAAAAAAAAAAAAAAAAAAAAAAAAAAAAAAAAAAAAAAAAAAAAAAAAAAAAAAAAAAAAAAAAAAAAAAAAAAAAAAAAAAAAAAAAAAAAAAAAAAAAAAAAAAAAAAAAAAAAAAAAAAAAAAAAAAAAAAAAAAAAAAAAAAAAAAAAAAAAAAAAAAAAAAAAAAAAAAAAAAAAAAAAAAAAAAAAAAAAAAAAAAAAAAAAAAAAAA=="
    },
    {
      "RequestUri": "https://amandapreprod.file.core.windows.net/test-share-af98b000-a742-fe4d-d107-f8ec631f74fd/sourceFolder/pik/test-file-0d8cea74-34ce-9933-8875-9854e05212e7",
      "RequestMethod": "HEAD",
      "RequestHeaders": {
        "Accept": "application/xml",
        "Authorization": "Sanitized",
        "traceparent": "00-abb9b11d1498b2cdff34e7806317effb-57eeaa36b2f511a1-00",
        "User-Agent": "azsdk-net-Storage.Files.Shares/12.22.0-alpha.20250306.1 (.NET 8.0.13; Microsoft Windows 10.0.22635)",
        "x-ms-client-request-id": "Sanitized",
        "x-ms-date": "Fri, 07 Mar 2025 01:17:54 GMT",
        "x-ms-return-client-request-id": "true",
        "x-ms-version": "2025-05-05"
      },
      "RequestBody": null,
      "StatusCode": 200,
      "ResponseHeaders": {
        "Content-Length": "1024",
        "Content-Type": "application/octet-stream",
        "Date": "Fri, 07 Mar 2025 01:17:53 GMT",
        "ETag": "\"0x8DD5D15E2ADB65C\"",
        "Last-Modified": "Fri, 07 Mar 2025 01:17:53 GMT",
        "Server": [
          "Windows-Azure-File/1.0",
          "Microsoft-HTTPAPI/2.0"
        ],
        "x-ms-client-request-id": "Sanitized",
        "x-ms-file-attributes": "Archive",
        "x-ms-file-change-time": "2025-03-07T01:17:53.5210076Z",
        "x-ms-file-creation-time": "2025-03-07T01:17:53.5210076Z",
        "x-ms-file-id": "17293892937846882304",
        "x-ms-file-last-write-time": "2025-03-07T01:17:53.5210076Z",
        "x-ms-file-parent-id": "12682206919419494400",
        "x-ms-file-permission-key": "12626496306092130501*547956186189310027",
        "x-ms-lease-state": "available",
        "x-ms-lease-status": "unlocked",
        "x-ms-request-id": "bf08e64b-301a-006e-3efe-8ef59b000000",
        "x-ms-server-encrypted": "true",
        "x-ms-type": "File",
        "x-ms-version": "2025-05-05"
      },
      "ResponseBody": null
    },
    {
      "RequestUri": "https://amandapreprod.blob.core.windows.net/test-container-81eaf988-7d3a-6d67-1429-afef5bcab839/destFolder/pik/test-file-0d8cea74-34ce-9933-8875-9854e05212e7",
      "RequestMethod": "HEAD",
      "RequestHeaders": {
        "Accept": "application/xml",
        "Authorization": "Sanitized",
        "traceparent": "00-2890d17544f21bb6d19b1fa8ef7b05a1-0d914d710fd25e73-00",
        "User-Agent": "azsdk-net-Storage.Blobs/12.24.0-alpha.20250306.1 (.NET 8.0.13; Microsoft Windows 10.0.22635)",
        "x-ms-client-request-id": "Sanitized",
        "x-ms-date": "Fri, 07 Mar 2025 01:17:54 GMT",
        "x-ms-return-client-request-id": "true",
        "x-ms-version": "2025-05-05"
      },
      "RequestBody": null,
      "StatusCode": 200,
      "ResponseHeaders": {
        "Accept-Ranges": "bytes",
        "Content-Length": "1024",
        "Content-Type": "application/octet-stream",
        "Date": "Fri, 07 Mar 2025 01:17:54 GMT",
        "ETag": "\"0x8DD5D15E2F25222\"",
        "Last-Modified": "Fri, 07 Mar 2025 01:17:53 GMT",
        "Server": [
          "Windows-Azure-Blob/1.0",
          "Microsoft-HTTPAPI/2.0"
        ],
        "x-ms-blob-sequence-number": "0",
        "x-ms-blob-type": "PageBlob",
        "x-ms-client-request-id": "Sanitized",
        "x-ms-creation-time": "Fri, 07 Mar 2025 01:17:53 GMT",
        "x-ms-lease-state": "available",
        "x-ms-lease-status": "unlocked",
        "x-ms-request-id": "87993710-801e-0044-6ffe-8e2a8b000000",
        "x-ms-server-encrypted": "true",
        "x-ms-version": "2025-05-05"
      },
      "ResponseBody": null
    },
    {
      "RequestUri": "https://amandapreprod.file.core.windows.net/test-share-af98b000-a742-fe4d-d107-f8ec631f74fd/sourceFolder/pik/test-file-0d8cea74-34ce-9933-8875-9854e05212e7",
      "RequestMethod": "GET",
      "RequestHeaders": {
        "Accept": "application/xml",
        "Authorization": "Sanitized",
        "User-Agent": "azsdk-net-Storage.Files.Shares/12.22.0-alpha.20250306.1 (.NET 8.0.13; Microsoft Windows 10.0.22635)",
        "x-ms-client-request-id": "Sanitized",
        "x-ms-date": "Fri, 07 Mar 2025 01:17:54 GMT",
        "x-ms-range": "bytes=0-1023",
        "x-ms-return-client-request-id": "true",
        "x-ms-version": "2025-05-05"
      },
      "RequestBody": null,
      "StatusCode": 206,
      "ResponseHeaders": {
        "Accept-Ranges": "bytes",
        "Content-Length": "1024",
        "Content-Range": "bytes 0-1023/1024",
        "Content-Type": "application/octet-stream",
        "Date": "Fri, 07 Mar 2025 01:17:53 GMT",
        "ETag": "\"0x8DD5D15E2ADB65C\"",
        "Last-Modified": "Fri, 07 Mar 2025 01:17:53 GMT",
        "Server": [
          "Windows-Azure-File/1.0",
          "Microsoft-HTTPAPI/2.0"
        ],
        "x-ms-client-request-id": "Sanitized",
        "x-ms-file-attributes": "Archive",
        "x-ms-file-change-time": "2025-03-07T01:17:53.5210076Z",
        "x-ms-file-creation-time": "2025-03-07T01:17:53.5210076Z",
        "x-ms-file-id": "17293892937846882304",
        "x-ms-file-last-write-time": "2025-03-07T01:17:53.5210076Z",
        "x-ms-file-parent-id": "12682206919419494400",
        "x-ms-file-permission-key": "12626496306092130501*547956186189310027",
        "x-ms-lease-state": "available",
        "x-ms-lease-status": "unlocked",
        "x-ms-request-id": "bf08e64c-301a-006e-3ffe-8ef59b000000",
        "x-ms-server-encrypted": "true",
        "x-ms-type": "File",
        "x-ms-version": "2025-05-05"
      },
      "ResponseBody": "AAAAAAAAAAAAAAAAAAAAAAAAAAAAAAAAAAAAAAAAAAAAAAAAAAAAAAAAAAAAAAAAAAAAAAAAAAAAAAAAAAAAAAAAAAAAAAAAAAAAAAAAAAAAAAAAAAAAAAAAAAAAAAAAAAAAAAAAAAAAAAAAAAAAAAAAAAAAAAAAAAAAAAAAAAAAAAAAAAAAAAAAAAAAAAAAAAAAAAAAAAAAAAAAAAAAAAAAAAAAAAAAAAAAAAAAAAAAAAAAAAAAAAAAAAAAAAAAAAAAAAAAAAAAAAAAAAAAAAAAAAAAAAAAAAAAAAAAAAAAAAAAAAAAAAAAAAAAAAAAAAAAAAAAAAAAAAAAAAAAAAAAAAAAAAAAAAAAAAAAAAAAAAAAAAAAAAAAAAAAAAAAAAAAAAAAAAAAAAAAAAAAAAAAAAAAAAAAAAAAAAAAAAAAAAAAAAAAAAAAAAAAAAAAAAAAAAAAAAAAAAAAAAAAAAAAAAAAAAAAAAAAAAAAAAAAAAAAAAAAAAAAAAAAAAAAAAAAAAAAAAAAAAAAAAAAAAAAAAAAAAAAAAAAAAAAAAAAAAAAAAAAAAAAAAAAAAAAAAAAAAAAAAAAAAAAAAAAAAAAAAAAAAAAAAAAAAAAAAAAAAAAAAAAAAAAAAAAAAAAAAAAAAAAAAAAAAAAAAAAAAAAAAAAAAAAAAAAAAAAAAAAAAAAAAAAAAAAAAAAAAAAAAAAAAAAAAAAAAAAAAAAAAAAAAAAAAAAAAAAAAAAAAAAAAAAAAAAAAAAAAAAAAAAAAAAAAAAAAAAAAAAAAAAAAAAAAAAAAAAAAAAAAAAAAAAAAAAAAAAAAAAAAAAAAAAAAAAAAAAAAAAAAAAAAAAAAAAAAAAAAAAAAAAAAAAAAAAAAAAAAAAAAAAAAAAAAAAAAAAAAAAAAAAAAAAAAAAAAAAAAAAAAAAAAAAAAAAAAAAAAAAAAAAAAAAAAAAAAAAAAAAAAAAAAAAAAAAAAAAAAAAAAAAAAAAAAAAAAAAAAAAAAAAAAAAAAAAAAAAAAAAAAAAAAAAAAAAAAAAAAAAAAAAAAAAAAAAAAAAAAAAAAAAAAAAAAAAAAAAAAAAAAAAAAAAAAAAAAAAAAAAAAAAAAAAAAAAAAAAAAAAAAAAAAAAAAAAAAAAAAAAAAAAAAAAAAAAAAAAAAAAAAAAAAAAAAAAAAAAAAAAAAAAAAAAAAAAAAAAAAAAAAAAAAAAAAAAAAAAAAAAAAAAAAAAAAAAAAAAAAAAAAAAAAAAAAAAAAAAAAAAAAAAAAAAAAAAAAAAAAAAAAAAAAAAAAAAAAAAAAAAAAAAAAAAAAAAAAAAAAAAAAAAAAAAAAAAAAAAAAAAAAAAAAAAAAAAAAAAAAAAAA=="
    },
    {
      "RequestUri": "https://amandapreprod.blob.core.windows.net/test-container-81eaf988-7d3a-6d67-1429-afef5bcab839/destFolder/pik/test-file-0d8cea74-34ce-9933-8875-9854e05212e7",
      "RequestMethod": "GET",
      "RequestHeaders": {
        "Accept": "application/xml",
        "Authorization": "Sanitized",
        "If-Match": "\"0x8DD5D15E2F25222\"",
        "User-Agent": "azsdk-net-Storage.Blobs/12.24.0-alpha.20250306.1 (.NET 8.0.13; Microsoft Windows 10.0.22635)",
        "x-ms-client-request-id": "Sanitized",
        "x-ms-date": "Fri, 07 Mar 2025 01:17:54 GMT",
        "x-ms-range": "bytes=0-1023",
        "x-ms-return-client-request-id": "true",
        "x-ms-version": "2025-05-05"
      },
      "RequestBody": null,
      "StatusCode": 206,
      "ResponseHeaders": {
        "Accept-Ranges": "bytes",
        "Content-Length": "1024",
        "Content-Range": "bytes 0-1023/1024",
        "Content-Type": "application/octet-stream",
        "Date": "Fri, 07 Mar 2025 01:17:54 GMT",
        "ETag": "\"0x8DD5D15E2F25222\"",
        "Last-Modified": "Fri, 07 Mar 2025 01:17:53 GMT",
        "Server": [
          "Windows-Azure-Blob/1.0",
          "Microsoft-HTTPAPI/2.0"
        ],
        "x-ms-blob-sequence-number": "0",
        "x-ms-blob-type": "PageBlob",
        "x-ms-client-request-id": "Sanitized",
        "x-ms-creation-time": "Fri, 07 Mar 2025 01:17:53 GMT",
        "x-ms-lease-state": "available",
        "x-ms-lease-status": "unlocked",
        "x-ms-request-id": "8799371b-801e-0044-7afe-8e2a8b000000",
        "x-ms-server-encrypted": "true",
        "x-ms-version": "2025-05-05"
      },
      "ResponseBody": "AAAAAAAAAAAAAAAAAAAAAAAAAAAAAAAAAAAAAAAAAAAAAAAAAAAAAAAAAAAAAAAAAAAAAAAAAAAAAAAAAAAAAAAAAAAAAAAAAAAAAAAAAAAAAAAAAAAAAAAAAAAAAAAAAAAAAAAAAAAAAAAAAAAAAAAAAAAAAAAAAAAAAAAAAAAAAAAAAAAAAAAAAAAAAAAAAAAAAAAAAAAAAAAAAAAAAAAAAAAAAAAAAAAAAAAAAAAAAAAAAAAAAAAAAAAAAAAAAAAAAAAAAAAAAAAAAAAAAAAAAAAAAAAAAAAAAAAAAAAAAAAAAAAAAAAAAAAAAAAAAAAAAAAAAAAAAAAAAAAAAAAAAAAAAAAAAAAAAAAAAAAAAAAAAAAAAAAAAAAAAAAAAAAAAAAAAAAAAAAAAAAAAAAAAAAAAAAAAAAAAAAAAAAAAAAAAAAAAAAAAAAAAAAAAAAAAAAAAAAAAAAAAAAAAAAAAAAAAAAAAAAAAAAAAAAAAAAAAAAAAAAAAAAAAAAAAAAAAAAAAAAAAAAAAAAAAAAAAAAAAAAAAAAAAAAAAAAAAAAAAAAAAAAAAAAAAAAAAAAAAAAAAAAAAAAAAAAAAAAAAAAAAAAAAAAAAAAAAAAAAAAAAAAAAAAAAAAAAAAAAAAAAAAAAAAAAAAAAAAAAAAAAAAAAAAAAAAAAAAAAAAAAAAAAAAAAAAAAAAAAAAAAAAAAAAAAAAAAAAAAAAAAAAAAAAAAAAAAAAAAAAAAAAAAAAAAAAAAAAAAAAAAAAAAAAAAAAAAAAAAAAAAAAAAAAAAAAAAAAAAAAAAAAAAAAAAAAAAAAAAAAAAAAAAAAAAAAAAAAAAAAAAAAAAAAAAAAAAAAAAAAAAAAAAAAAAAAAAAAAAAAAAAAAAAAAAAAAAAAAAAAAAAAAAAAAAAAAAAAAAAAAAAAAAAAAAAAAAAAAAAAAAAAAAAAAAAAAAAAAAAAAAAAAAAAAAAAAAAAAAAAAAAAAAAAAAAAAAAAAAAAAAAAAAAAAAAAAAAAAAAAAAAAAAAAAAAAAAAAAAAAAAAAAAAAAAAAAAAAAAAAAAAAAAAAAAAAAAAAAAAAAAAAAAAAAAAAAAAAAAAAAAAAAAAAAAAAAAAAAAAAAAAAAAAAAAAAAAAAAAAAAAAAAAAAAAAAAAAAAAAAAAAAAAAAAAAAAAAAAAAAAAAAAAAAAAAAAAAAAAAAAAAAAAAAAAAAAAAAAAAAAAAAAAAAAAAAAAAAAAAAAAAAAAAAAAAAAAAAAAAAAAAAAAAAAAAAAAAAAAAAAAAAAAAAAAAAAAAAAAAAAAAAAAAAAAAAAAAAAAAAAAAAAAAAAAAAAAAAAAAAAAAAAAAAAAAAAAAAAAAAAAA=="
    },
    {
      "RequestUri": "https://amandapreprod.file.core.windows.net/test-share-af98b000-a742-fe4d-d107-f8ec631f74fd/sourceFolder/test-file-d9b8d137-567f-7860-6f00-8d662926d16f",
      "RequestMethod": "HEAD",
      "RequestHeaders": {
        "Accept": "application/xml",
        "Authorization": "Sanitized",
        "traceparent": "00-cfdb2d4ebf80fcc28604bd25249e04a6-58aa5e77128d1ec0-00",
        "User-Agent": "azsdk-net-Storage.Files.Shares/12.22.0-alpha.20250306.1 (.NET 8.0.13; Microsoft Windows 10.0.22635)",
        "x-ms-client-request-id": "Sanitized",
        "x-ms-date": "Fri, 07 Mar 2025 01:17:54 GMT",
        "x-ms-return-client-request-id": "true",
        "x-ms-version": "2025-05-05"
      },
      "RequestBody": null,
      "StatusCode": 200,
      "ResponseHeaders": {
        "Content-Length": "1024",
        "Content-Type": "application/octet-stream",
        "Date": "Fri, 07 Mar 2025 01:17:54 GMT",
        "ETag": "\"0x8DD5D15E27FFC0E\"",
        "Last-Modified": "Fri, 07 Mar 2025 01:17:53 GMT",
        "Server": [
          "Windows-Azure-File/1.0",
          "Microsoft-HTTPAPI/2.0"
        ],
        "x-ms-client-request-id": "Sanitized",
        "x-ms-file-attributes": "Archive",
        "x-ms-file-change-time": "2025-03-07T01:17:53.2213262Z",
        "x-ms-file-creation-time": "2025-03-07T01:17:53.2213262Z",
        "x-ms-file-id": "11529285414812647424",
        "x-ms-file-last-write-time": "2025-03-07T01:17:53.2213262Z",
        "x-ms-file-parent-id": "13835128424026341376",
        "x-ms-file-permission-key": "12626496306092130501*547956186189310027",
        "x-ms-lease-state": "available",
        "x-ms-lease-status": "unlocked",
        "x-ms-request-id": "bf08e64d-301a-006e-40fe-8ef59b000000",
        "x-ms-server-encrypted": "true",
        "x-ms-type": "File",
        "x-ms-version": "2025-05-05"
      },
      "ResponseBody": null
    },
    {
      "RequestUri": "https://amandapreprod.blob.core.windows.net/test-container-81eaf988-7d3a-6d67-1429-afef5bcab839/destFolder/test-file-d9b8d137-567f-7860-6f00-8d662926d16f",
      "RequestMethod": "HEAD",
      "RequestHeaders": {
        "Accept": "application/xml",
        "Authorization": "Sanitized",
        "traceparent": "00-17313a27a269f904b7a15c3bda6c2596-213c6390b4eea77a-00",
        "User-Agent": "azsdk-net-Storage.Blobs/12.24.0-alpha.20250306.1 (.NET 8.0.13; Microsoft Windows 10.0.22635)",
        "x-ms-client-request-id": "Sanitized",
        "x-ms-date": "Fri, 07 Mar 2025 01:17:54 GMT",
        "x-ms-return-client-request-id": "true",
        "x-ms-version": "2025-05-05"
      },
      "RequestBody": null,
      "StatusCode": 200,
      "ResponseHeaders": {
        "Accept-Ranges": "bytes",
        "Content-Length": "1024",
        "Content-Type": "application/octet-stream",
        "Date": "Fri, 07 Mar 2025 01:17:54 GMT",
        "ETag": "\"0x8DD5D15E2E19BFD\"",
        "Last-Modified": "Fri, 07 Mar 2025 01:17:53 GMT",
        "Server": [
          "Windows-Azure-Blob/1.0",
          "Microsoft-HTTPAPI/2.0"
        ],
        "x-ms-blob-sequence-number": "0",
        "x-ms-blob-type": "PageBlob",
        "x-ms-client-request-id": "Sanitized",
        "x-ms-creation-time": "Fri, 07 Mar 2025 01:17:53 GMT",
        "x-ms-lease-state": "available",
        "x-ms-lease-status": "unlocked",
        "x-ms-request-id": "8799372e-801e-0044-09fe-8e2a8b000000",
        "x-ms-server-encrypted": "true",
        "x-ms-version": "2025-05-05"
      },
      "ResponseBody": null
    },
    {
      "RequestUri": "https://amandapreprod.file.core.windows.net/test-share-af98b000-a742-fe4d-d107-f8ec631f74fd/sourceFolder/test-file-d9b8d137-567f-7860-6f00-8d662926d16f",
      "RequestMethod": "GET",
      "RequestHeaders": {
        "Accept": "application/xml",
        "Authorization": "Sanitized",
        "User-Agent": "azsdk-net-Storage.Files.Shares/12.22.0-alpha.20250306.1 (.NET 8.0.13; Microsoft Windows 10.0.22635)",
        "x-ms-client-request-id": "Sanitized",
        "x-ms-date": "Fri, 07 Mar 2025 01:17:55 GMT",
        "x-ms-range": "bytes=0-1023",
        "x-ms-return-client-request-id": "true",
        "x-ms-version": "2025-05-05"
      },
      "RequestBody": null,
      "StatusCode": 206,
      "ResponseHeaders": {
        "Accept-Ranges": "bytes",
        "Content-Length": "1024",
        "Content-Range": "bytes 0-1023/1024",
        "Content-Type": "application/octet-stream",
        "Date": "Fri, 07 Mar 2025 01:17:54 GMT",
        "ETag": "\"0x8DD5D15E27FFC0E\"",
        "Last-Modified": "Fri, 07 Mar 2025 01:17:53 GMT",
        "Server": [
          "Windows-Azure-File/1.0",
          "Microsoft-HTTPAPI/2.0"
        ],
        "x-ms-client-request-id": "Sanitized",
        "x-ms-file-attributes": "Archive",
        "x-ms-file-change-time": "2025-03-07T01:17:53.2213262Z",
        "x-ms-file-creation-time": "2025-03-07T01:17:53.2213262Z",
        "x-ms-file-id": "11529285414812647424",
        "x-ms-file-last-write-time": "2025-03-07T01:17:53.2213262Z",
        "x-ms-file-parent-id": "13835128424026341376",
        "x-ms-file-permission-key": "12626496306092130501*547956186189310027",
        "x-ms-lease-state": "available",
        "x-ms-lease-status": "unlocked",
        "x-ms-request-id": "bf08e64e-301a-006e-41fe-8ef59b000000",
        "x-ms-server-encrypted": "true",
        "x-ms-type": "File",
        "x-ms-version": "2025-05-05"
      },
      "ResponseBody": "AAAAAAAAAAAAAAAAAAAAAAAAAAAAAAAAAAAAAAAAAAAAAAAAAAAAAAAAAAAAAAAAAAAAAAAAAAAAAAAAAAAAAAAAAAAAAAAAAAAAAAAAAAAAAAAAAAAAAAAAAAAAAAAAAAAAAAAAAAAAAAAAAAAAAAAAAAAAAAAAAAAAAAAAAAAAAAAAAAAAAAAAAAAAAAAAAAAAAAAAAAAAAAAAAAAAAAAAAAAAAAAAAAAAAAAAAAAAAAAAAAAAAAAAAAAAAAAAAAAAAAAAAAAAAAAAAAAAAAAAAAAAAAAAAAAAAAAAAAAAAAAAAAAAAAAAAAAAAAAAAAAAAAAAAAAAAAAAAAAAAAAAAAAAAAAAAAAAAAAAAAAAAAAAAAAAAAAAAAAAAAAAAAAAAAAAAAAAAAAAAAAAAAAAAAAAAAAAAAAAAAAAAAAAAAAAAAAAAAAAAAAAAAAAAAAAAAAAAAAAAAAAAAAAAAAAAAAAAAAAAAAAAAAAAAAAAAAAAAAAAAAAAAAAAAAAAAAAAAAAAAAAAAAAAAAAAAAAAAAAAAAAAAAAAAAAAAAAAAAAAAAAAAAAAAAAAAAAAAAAAAAAAAAAAAAAAAAAAAAAAAAAAAAAAAAAAAAAAAAAAAAAAAAAAAAAAAAAAAAAAAAAAAAAAAAAAAAAAAAAAAAAAAAAAAAAAAAAAAAAAAAAAAAAAAAAAAAAAAAAAAAAAAAAAAAAAAAAAAAAAAAAAAAAAAAAAAAAAAAAAAAAAAAAAAAAAAAAAAAAAAAAAAAAAAAAAAAAAAAAAAAAAAAAAAAAAAAAAAAAAAAAAAAAAAAAAAAAAAAAAAAAAAAAAAAAAAAAAAAAAAAAAAAAAAAAAAAAAAAAAAAAAAAAAAAAAAAAAAAAAAAAAAAAAAAAAAAAAAAAAAAAAAAAAAAAAAAAAAAAAAAAAAAAAAAAAAAAAAAAAAAAAAAAAAAAAAAAAAAAAAAAAAAAAAAAAAAAAAAAAAAAAAAAAAAAAAAAAAAAAAAAAAAAAAAAAAAAAAAAAAAAAAAAAAAAAAAAAAAAAAAAAAAAAAAAAAAAAAAAAAAAAAAAAAAAAAAAAAAAAAAAAAAAAAAAAAAAAAAAAAAAAAAAAAAAAAAAAAAAAAAAAAAAAAAAAAAAAAAAAAAAAAAAAAAAAAAAAAAAAAAAAAAAAAAAAAAAAAAAAAAAAAAAAAAAAAAAAAAAAAAAAAAAAAAAAAAAAAAAAAAAAAAAAAAAAAAAAAAAAAAAAAAAAAAAAAAAAAAAAAAAAAAAAAAAAAAAAAAAAAAAAAAAAAAAAAAAAAAAAAAAAAAAAAAAAAAAAAAAAAAAAAAAAAAAAAAAAAAAAAAAAAAAAAAAAAAAAAAAAAAAAA=="
    },
    {
      "RequestUri": "https://amandapreprod.blob.core.windows.net/test-container-81eaf988-7d3a-6d67-1429-afef5bcab839/destFolder/test-file-d9b8d137-567f-7860-6f00-8d662926d16f",
      "RequestMethod": "GET",
      "RequestHeaders": {
        "Accept": "application/xml",
        "Authorization": "Sanitized",
        "If-Match": "\"0x8DD5D15E2E19BFD\"",
        "User-Agent": "azsdk-net-Storage.Blobs/12.24.0-alpha.20250306.1 (.NET 8.0.13; Microsoft Windows 10.0.22635)",
        "x-ms-client-request-id": "Sanitized",
        "x-ms-date": "Fri, 07 Mar 2025 01:17:55 GMT",
        "x-ms-range": "bytes=0-1023",
        "x-ms-return-client-request-id": "true",
        "x-ms-version": "2025-05-05"
      },
      "RequestBody": null,
      "StatusCode": 206,
      "ResponseHeaders": {
        "Accept-Ranges": "bytes",
        "Content-Length": "1024",
        "Content-Range": "bytes 0-1023/1024",
        "Content-Type": "application/octet-stream",
        "Date": "Fri, 07 Mar 2025 01:17:54 GMT",
        "ETag": "\"0x8DD5D15E2E19BFD\"",
        "Last-Modified": "Fri, 07 Mar 2025 01:17:53 GMT",
        "Server": [
          "Windows-Azure-Blob/1.0",
          "Microsoft-HTTPAPI/2.0"
        ],
        "x-ms-blob-sequence-number": "0",
        "x-ms-blob-type": "PageBlob",
        "x-ms-client-request-id": "Sanitized",
        "x-ms-creation-time": "Fri, 07 Mar 2025 01:17:53 GMT",
        "x-ms-lease-state": "available",
        "x-ms-lease-status": "unlocked",
        "x-ms-request-id": "87993755-801e-0044-28fe-8e2a8b000000",
        "x-ms-server-encrypted": "true",
        "x-ms-version": "2025-05-05"
      },
      "ResponseBody": "AAAAAAAAAAAAAAAAAAAAAAAAAAAAAAAAAAAAAAAAAAAAAAAAAAAAAAAAAAAAAAAAAAAAAAAAAAAAAAAAAAAAAAAAAAAAAAAAAAAAAAAAAAAAAAAAAAAAAAAAAAAAAAAAAAAAAAAAAAAAAAAAAAAAAAAAAAAAAAAAAAAAAAAAAAAAAAAAAAAAAAAAAAAAAAAAAAAAAAAAAAAAAAAAAAAAAAAAAAAAAAAAAAAAAAAAAAAAAAAAAAAAAAAAAAAAAAAAAAAAAAAAAAAAAAAAAAAAAAAAAAAAAAAAAAAAAAAAAAAAAAAAAAAAAAAAAAAAAAAAAAAAAAAAAAAAAAAAAAAAAAAAAAAAAAAAAAAAAAAAAAAAAAAAAAAAAAAAAAAAAAAAAAAAAAAAAAAAAAAAAAAAAAAAAAAAAAAAAAAAAAAAAAAAAAAAAAAAAAAAAAAAAAAAAAAAAAAAAAAAAAAAAAAAAAAAAAAAAAAAAAAAAAAAAAAAAAAAAAAAAAAAAAAAAAAAAAAAAAAAAAAAAAAAAAAAAAAAAAAAAAAAAAAAAAAAAAAAAAAAAAAAAAAAAAAAAAAAAAAAAAAAAAAAAAAAAAAAAAAAAAAAAAAAAAAAAAAAAAAAAAAAAAAAAAAAAAAAAAAAAAAAAAAAAAAAAAAAAAAAAAAAAAAAAAAAAAAAAAAAAAAAAAAAAAAAAAAAAAAAAAAAAAAAAAAAAAAAAAAAAAAAAAAAAAAAAAAAAAAAAAAAAAAAAAAAAAAAAAAAAAAAAAAAAAAAAAAAAAAAAAAAAAAAAAAAAAAAAAAAAAAAAAAAAAAAAAAAAAAAAAAAAAAAAAAAAAAAAAAAAAAAAAAAAAAAAAAAAAAAAAAAAAAAAAAAAAAAAAAAAAAAAAAAAAAAAAAAAAAAAAAAAAAAAAAAAAAAAAAAAAAAAAAAAAAAAAAAAAAAAAAAAAAAAAAAAAAAAAAAAAAAAAAAAAAAAAAAAAAAAAAAAAAAAAAAAAAAAAAAAAAAAAAAAAAAAAAAAAAAAAAAAAAAAAAAAAAAAAAAAAAAAAAAAAAAAAAAAAAAAAAAAAAAAAAAAAAAAAAAAAAAAAAAAAAAAAAAAAAAAAAAAAAAAAAAAAAAAAAAAAAAAAAAAAAAAAAAAAAAAAAAAAAAAAAAAAAAAAAAAAAAAAAAAAAAAAAAAAAAAAAAAAAAAAAAAAAAAAAAAAAAAAAAAAAAAAAAAAAAAAAAAAAAAAAAAAAAAAAAAAAAAAAAAAAAAAAAAAAAAAAAAAAAAAAAAAAAAAAAAAAAAAAAAAAAAAAAAAAAAAAAAAAAAAAAAAAAAAAAAAAAAAAAAAAAAAAAAAAAAAAAAAAAAAAAAAAAAAAAAAAAAA=="
    },
    {
      "RequestUri": "https://amandapreprod.file.core.windows.net/test-share-af98b000-a742-fe4d-d107-f8ec631f74fd/sourceFolder/test-file-fcf940e0-5e2c-e143-b35f-92ad7de43c1c",
      "RequestMethod": "HEAD",
      "RequestHeaders": {
        "Accept": "application/xml",
        "Authorization": "Sanitized",
        "traceparent": "00-b0bd0ebd0ff932c3d2a83b2376bd4a0d-94da8b4f12134e58-00",
        "User-Agent": "azsdk-net-Storage.Files.Shares/12.22.0-alpha.20250306.1 (.NET 8.0.13; Microsoft Windows 10.0.22635)",
        "x-ms-client-request-id": "Sanitized",
        "x-ms-date": "Fri, 07 Mar 2025 01:17:55 GMT",
        "x-ms-return-client-request-id": "true",
        "x-ms-version": "2025-05-05"
      },
      "RequestBody": null,
      "StatusCode": 200,
      "ResponseHeaders": {
        "Content-Length": "1024",
        "Content-Type": "application/octet-stream",
        "Date": "Fri, 07 Mar 2025 01:17:54 GMT",
        "ETag": "\"0x8DD5D15E2891989\"",
        "Last-Modified": "Fri, 07 Mar 2025 01:17:53 GMT",
        "Server": [
          "Windows-Azure-File/1.0",
          "Microsoft-HTTPAPI/2.0"
        ],
        "x-ms-client-request-id": "Sanitized",
        "x-ms-file-attributes": "Archive",
        "x-ms-file-change-time": "2025-03-07T01:17:53.2810633Z",
        "x-ms-file-creation-time": "2025-03-07T01:17:53.2810633Z",
        "x-ms-file-id": "16140971433240035328",
        "x-ms-file-last-write-time": "2025-03-07T01:17:53.2810633Z",
        "x-ms-file-parent-id": "13835128424026341376",
        "x-ms-file-permission-key": "12626496306092130501*547956186189310027",
        "x-ms-lease-state": "available",
        "x-ms-lease-status": "unlocked",
        "x-ms-request-id": "bf08e64f-301a-006e-42fe-8ef59b000000",
        "x-ms-server-encrypted": "true",
        "x-ms-type": "File",
        "x-ms-version": "2025-05-05"
      },
      "ResponseBody": null
    },
    {
      "RequestUri": "https://amandapreprod.blob.core.windows.net/test-container-81eaf988-7d3a-6d67-1429-afef5bcab839/destFolder/test-file-fcf940e0-5e2c-e143-b35f-92ad7de43c1c",
      "RequestMethod": "HEAD",
      "RequestHeaders": {
        "Accept": "application/xml",
        "Authorization": "Sanitized",
        "traceparent": "00-6d57e16a7b34cf1f07019153a5d3f5bf-0168d152ede8185e-00",
        "User-Agent": "azsdk-net-Storage.Blobs/12.24.0-alpha.20250306.1 (.NET 8.0.13; Microsoft Windows 10.0.22635)",
        "x-ms-client-request-id": "Sanitized",
        "x-ms-date": "Fri, 07 Mar 2025 01:17:55 GMT",
        "x-ms-return-client-request-id": "true",
        "x-ms-version": "2025-05-05"
      },
      "RequestBody": null,
      "StatusCode": 200,
      "ResponseHeaders": {
        "Accept-Ranges": "bytes",
        "Content-Length": "1024",
        "Content-Type": "application/octet-stream",
        "Date": "Fri, 07 Mar 2025 01:17:54 GMT",
        "ETag": "\"0x8DD5D15E2E03DF8\"",
        "Last-Modified": "Fri, 07 Mar 2025 01:17:53 GMT",
        "Server": [
          "Windows-Azure-Blob/1.0",
          "Microsoft-HTTPAPI/2.0"
        ],
        "x-ms-blob-sequence-number": "0",
        "x-ms-blob-type": "PageBlob",
        "x-ms-client-request-id": "Sanitized",
        "x-ms-creation-time": "Fri, 07 Mar 2025 01:17:53 GMT",
        "x-ms-lease-state": "available",
        "x-ms-lease-status": "unlocked",
        "x-ms-request-id": "87993768-801e-0044-38fe-8e2a8b000000",
        "x-ms-server-encrypted": "true",
        "x-ms-version": "2025-05-05"
      },
      "ResponseBody": null
    },
    {
      "RequestUri": "https://amandapreprod.file.core.windows.net/test-share-af98b000-a742-fe4d-d107-f8ec631f74fd/sourceFolder/test-file-fcf940e0-5e2c-e143-b35f-92ad7de43c1c",
      "RequestMethod": "GET",
      "RequestHeaders": {
        "Accept": "application/xml",
        "Authorization": "Sanitized",
        "User-Agent": "azsdk-net-Storage.Files.Shares/12.22.0-alpha.20250306.1 (.NET 8.0.13; Microsoft Windows 10.0.22635)",
        "x-ms-client-request-id": "Sanitized",
        "x-ms-date": "Fri, 07 Mar 2025 01:17:55 GMT",
        "x-ms-range": "bytes=0-1023",
        "x-ms-return-client-request-id": "true",
        "x-ms-version": "2025-05-05"
      },
      "RequestBody": null,
      "StatusCode": 206,
      "ResponseHeaders": {
        "Accept-Ranges": "bytes",
        "Content-Length": "1024",
        "Content-Range": "bytes 0-1023/1024",
        "Content-Type": "application/octet-stream",
        "Date": "Fri, 07 Mar 2025 01:17:54 GMT",
        "ETag": "\"0x8DD5D15E2891989\"",
        "Last-Modified": "Fri, 07 Mar 2025 01:17:53 GMT",
        "Server": [
          "Windows-Azure-File/1.0",
          "Microsoft-HTTPAPI/2.0"
        ],
        "x-ms-client-request-id": "Sanitized",
        "x-ms-file-attributes": "Archive",
        "x-ms-file-change-time": "2025-03-07T01:17:53.2810633Z",
        "x-ms-file-creation-time": "2025-03-07T01:17:53.2810633Z",
        "x-ms-file-id": "16140971433240035328",
        "x-ms-file-last-write-time": "2025-03-07T01:17:53.2810633Z",
        "x-ms-file-parent-id": "13835128424026341376",
        "x-ms-file-permission-key": "12626496306092130501*547956186189310027",
        "x-ms-lease-state": "available",
        "x-ms-lease-status": "unlocked",
        "x-ms-request-id": "bf08e650-301a-006e-43fe-8ef59b000000",
        "x-ms-server-encrypted": "true",
        "x-ms-type": "File",
        "x-ms-version": "2025-05-05"
      },
      "ResponseBody": "AAAAAAAAAAAAAAAAAAAAAAAAAAAAAAAAAAAAAAAAAAAAAAAAAAAAAAAAAAAAAAAAAAAAAAAAAAAAAAAAAAAAAAAAAAAAAAAAAAAAAAAAAAAAAAAAAAAAAAAAAAAAAAAAAAAAAAAAAAAAAAAAAAAAAAAAAAAAAAAAAAAAAAAAAAAAAAAAAAAAAAAAAAAAAAAAAAAAAAAAAAAAAAAAAAAAAAAAAAAAAAAAAAAAAAAAAAAAAAAAAAAAAAAAAAAAAAAAAAAAAAAAAAAAAAAAAAAAAAAAAAAAAAAAAAAAAAAAAAAAAAAAAAAAAAAAAAAAAAAAAAAAAAAAAAAAAAAAAAAAAAAAAAAAAAAAAAAAAAAAAAAAAAAAAAAAAAAAAAAAAAAAAAAAAAAAAAAAAAAAAAAAAAAAAAAAAAAAAAAAAAAAAAAAAAAAAAAAAAAAAAAAAAAAAAAAAAAAAAAAAAAAAAAAAAAAAAAAAAAAAAAAAAAAAAAAAAAAAAAAAAAAAAAAAAAAAAAAAAAAAAAAAAAAAAAAAAAAAAAAAAAAAAAAAAAAAAAAAAAAAAAAAAAAAAAAAAAAAAAAAAAAAAAAAAAAAAAAAAAAAAAAAAAAAAAAAAAAAAAAAAAAAAAAAAAAAAAAAAAAAAAAAAAAAAAAAAAAAAAAAAAAAAAAAAAAAAAAAAAAAAAAAAAAAAAAAAAAAAAAAAAAAAAAAAAAAAAAAAAAAAAAAAAAAAAAAAAAAAAAAAAAAAAAAAAAAAAAAAAAAAAAAAAAAAAAAAAAAAAAAAAAAAAAAAAAAAAAAAAAAAAAAAAAAAAAAAAAAAAAAAAAAAAAAAAAAAAAAAAAAAAAAAAAAAAAAAAAAAAAAAAAAAAAAAAAAAAAAAAAAAAAAAAAAAAAAAAAAAAAAAAAAAAAAAAAAAAAAAAAAAAAAAAAAAAAAAAAAAAAAAAAAAAAAAAAAAAAAAAAAAAAAAAAAAAAAAAAAAAAAAAAAAAAAAAAAAAAAAAAAAAAAAAAAAAAAAAAAAAAAAAAAAAAAAAAAAAAAAAAAAAAAAAAAAAAAAAAAAAAAAAAAAAAAAAAAAAAAAAAAAAAAAAAAAAAAAAAAAAAAAAAAAAAAAAAAAAAAAAAAAAAAAAAAAAAAAAAAAAAAAAAAAAAAAAAAAAAAAAAAAAAAAAAAAAAAAAAAAAAAAAAAAAAAAAAAAAAAAAAAAAAAAAAAAAAAAAAAAAAAAAAAAAAAAAAAAAAAAAAAAAAAAAAAAAAAAAAAAAAAAAAAAAAAAAAAAAAAAAAAAAAAAAAAAAAAAAAAAAAAAAAAAAAAAAAAAAAAAAAAAAAAAAAAAAAAAAAAAAAAAAAAAAAAAAAAAAAAAAAAAAAAA=="
    },
    {
      "RequestUri": "https://amandapreprod.blob.core.windows.net/test-container-81eaf988-7d3a-6d67-1429-afef5bcab839/destFolder/test-file-fcf940e0-5e2c-e143-b35f-92ad7de43c1c",
      "RequestMethod": "GET",
      "RequestHeaders": {
        "Accept": "application/xml",
        "Authorization": "Sanitized",
        "If-Match": "\"0x8DD5D15E2E03DF8\"",
        "User-Agent": "azsdk-net-Storage.Blobs/12.24.0-alpha.20250306.1 (.NET 8.0.13; Microsoft Windows 10.0.22635)",
        "x-ms-client-request-id": "Sanitized",
        "x-ms-date": "Fri, 07 Mar 2025 01:17:55 GMT",
        "x-ms-range": "bytes=0-1023",
        "x-ms-return-client-request-id": "true",
        "x-ms-version": "2025-05-05"
      },
      "RequestBody": null,
      "StatusCode": 206,
      "ResponseHeaders": {
        "Accept-Ranges": "bytes",
        "Content-Length": "1024",
        "Content-Range": "bytes 0-1023/1024",
        "Content-Type": "application/octet-stream",
        "Date": "Fri, 07 Mar 2025 01:17:54 GMT",
        "ETag": "\"0x8DD5D15E2E03DF8\"",
        "Last-Modified": "Fri, 07 Mar 2025 01:17:53 GMT",
        "Server": [
          "Windows-Azure-Blob/1.0",
          "Microsoft-HTTPAPI/2.0"
        ],
        "x-ms-blob-sequence-number": "0",
        "x-ms-blob-type": "PageBlob",
        "x-ms-client-request-id": "Sanitized",
        "x-ms-creation-time": "Fri, 07 Mar 2025 01:17:53 GMT",
        "x-ms-lease-state": "available",
        "x-ms-lease-status": "unlocked",
        "x-ms-request-id": "8799378a-801e-0044-54fe-8e2a8b000000",
        "x-ms-server-encrypted": "true",
        "x-ms-version": "2025-05-05"
      },
      "ResponseBody": "AAAAAAAAAAAAAAAAAAAAAAAAAAAAAAAAAAAAAAAAAAAAAAAAAAAAAAAAAAAAAAAAAAAAAAAAAAAAAAAAAAAAAAAAAAAAAAAAAAAAAAAAAAAAAAAAAAAAAAAAAAAAAAAAAAAAAAAAAAAAAAAAAAAAAAAAAAAAAAAAAAAAAAAAAAAAAAAAAAAAAAAAAAAAAAAAAAAAAAAAAAAAAAAAAAAAAAAAAAAAAAAAAAAAAAAAAAAAAAAAAAAAAAAAAAAAAAAAAAAAAAAAAAAAAAAAAAAAAAAAAAAAAAAAAAAAAAAAAAAAAAAAAAAAAAAAAAAAAAAAAAAAAAAAAAAAAAAAAAAAAAAAAAAAAAAAAAAAAAAAAAAAAAAAAAAAAAAAAAAAAAAAAAAAAAAAAAAAAAAAAAAAAAAAAAAAAAAAAAAAAAAAAAAAAAAAAAAAAAAAAAAAAAAAAAAAAAAAAAAAAAAAAAAAAAAAAAAAAAAAAAAAAAAAAAAAAAAAAAAAAAAAAAAAAAAAAAAAAAAAAAAAAAAAAAAAAAAAAAAAAAAAAAAAAAAAAAAAAAAAAAAAAAAAAAAAAAAAAAAAAAAAAAAAAAAAAAAAAAAAAAAAAAAAAAAAAAAAAAAAAAAAAAAAAAAAAAAAAAAAAAAAAAAAAAAAAAAAAAAAAAAAAAAAAAAAAAAAAAAAAAAAAAAAAAAAAAAAAAAAAAAAAAAAAAAAAAAAAAAAAAAAAAAAAAAAAAAAAAAAAAAAAAAAAAAAAAAAAAAAAAAAAAAAAAAAAAAAAAAAAAAAAAAAAAAAAAAAAAAAAAAAAAAAAAAAAAAAAAAAAAAAAAAAAAAAAAAAAAAAAAAAAAAAAAAAAAAAAAAAAAAAAAAAAAAAAAAAAAAAAAAAAAAAAAAAAAAAAAAAAAAAAAAAAAAAAAAAAAAAAAAAAAAAAAAAAAAAAAAAAAAAAAAAAAAAAAAAAAAAAAAAAAAAAAAAAAAAAAAAAAAAAAAAAAAAAAAAAAAAAAAAAAAAAAAAAAAAAAAAAAAAAAAAAAAAAAAAAAAAAAAAAAAAAAAAAAAAAAAAAAAAAAAAAAAAAAAAAAAAAAAAAAAAAAAAAAAAAAAAAAAAAAAAAAAAAAAAAAAAAAAAAAAAAAAAAAAAAAAAAAAAAAAAAAAAAAAAAAAAAAAAAAAAAAAAAAAAAAAAAAAAAAAAAAAAAAAAAAAAAAAAAAAAAAAAAAAAAAAAAAAAAAAAAAAAAAAAAAAAAAAAAAAAAAAAAAAAAAAAAAAAAAAAAAAAAAAAAAAAAAAAAAAAAAAAAAAAAAAAAAAAAAAAAAAAAAAAAAAAAAAAAAAAAAAAAAAAAAAAAAAAAAAAAAAAAAAAAAAAAAAAAA=="
    },
    {
      "RequestUri": "https://amandapreprod.blob.core.windows.net/test-container-81eaf988-7d3a-6d67-1429-afef5bcab839?restype=container",
      "RequestMethod": "DELETE",
      "RequestHeaders": {
        "Accept": "application/xml",
        "Authorization": "Sanitized",
        "traceparent": "00-344c67040e5ec4c93f66a1293435e3ee-3274711becdc5a10-00",
        "User-Agent": "azsdk-net-Storage.Blobs/12.24.0-alpha.20250306.1 (.NET 8.0.13; Microsoft Windows 10.0.22635)",
        "x-ms-client-request-id": "Sanitized",
        "x-ms-date": "Fri, 07 Mar 2025 01:17:55 GMT",
        "x-ms-return-client-request-id": "true",
        "x-ms-version": "2025-05-05"
      },
      "RequestBody": null,
      "StatusCode": 202,
      "ResponseHeaders": {
        "Content-Length": "0",
        "Date": "Fri, 07 Mar 2025 01:17:54 GMT",
        "Server": [
          "Windows-Azure-Blob/1.0",
          "Microsoft-HTTPAPI/2.0"
        ],
        "x-ms-client-request-id": "Sanitized",
        "x-ms-request-id": "8799379d-801e-0044-62fe-8e2a8b000000",
        "x-ms-version": "2025-05-05"
      },
      "ResponseBody": null
    },
    {
      "RequestUri": "https://amandapreprod.file.core.windows.net/test-share-af98b000-a742-fe4d-d107-f8ec631f74fd?restype=share",
      "RequestMethod": "DELETE",
      "RequestHeaders": {
        "Accept": "application/xml",
        "Authorization": "Sanitized",
        "traceparent": "00-25191a03815fbe5e141d13dc67bc3529-a6009a820ce46290-00",
        "User-Agent": "azsdk-net-Storage.Files.Shares/12.22.0-alpha.20250306.1 (.NET 8.0.13; Microsoft Windows 10.0.22635)",
        "x-ms-client-request-id": "Sanitized",
        "x-ms-date": "Fri, 07 Mar 2025 01:17:55 GMT",
        "x-ms-delete-snapshots": "include",
        "x-ms-return-client-request-id": "true",
        "x-ms-version": "2025-05-05"
      },
      "RequestBody": null,
      "StatusCode": 202,
      "ResponseHeaders": {
        "Content-Length": "0",
        "Date": "Fri, 07 Mar 2025 01:17:54 GMT",
        "Server": [
          "Windows-Azure-File/1.0",
          "Microsoft-HTTPAPI/2.0"
        ],
        "x-ms-client-request-id": "Sanitized",
        "x-ms-request-id": "bf08e654-301a-006e-44fe-8ef59b000000",
        "x-ms-version": "2025-05-05"
      },
      "ResponseBody": null
    }
  ],
  "Variables": {
    "DateTimeOffsetNow": "2025-03-06T17:17:53.5690026-08:00",
    "RandomSeed": "773063794",
    "Storage_TestConfigDefault": "ProductionTenant\namandapreprod\nU2FuaXRpemVk\nhttps://amandapreprod.blob.core.windows.net\nhttps://amandapreprod.file.core.windows.net\nhttps://amandapreprod.queue.core.windows.net\nhttps://amandapreprod.table.core.windows.net\n\n\n\n\nhttps://amandapreprod-secondary.blob.core.windows.net\nhttps://amandapreprod-secondary.file.core.windows.net\nhttps://amandapreprod-secondary.queue.core.windows.net\nhttps://amandapreprod-secondary.table.core.windows.net\nCloud\nBlobEndpoint=https://amandapreprod.blob.core.windows.net/;QueueEndpoint=https://amandapreprod.queue.core.windows.net/;FileEndpoint=https://amandapreprod.file.core.windows.net/;BlobSecondaryEndpoint=https://amandapreprod-secondary.blob.core.windows.net/;QueueSecondaryEndpoint=https://amandapreprod-secondary.queue.core.windows.net/;FileSecondaryEndpoint=https://amandapreprod-secondary.file.core.windows.net/;AccountName=amandapreprod;AccountKey=U2FuaXRpemVk\nencryptionScope\n\n"
  }
}
