{
  "Entries": [
    {
      "RequestUri": "https://nickliuproductionacc.file.core.windows.net/test-share-3b25db29-09b9-e12b-1349-56de59742eeb?restype=share",
      "RequestMethod": "PUT",
      "RequestHeaders": {
        "Accept": "application/xml",
        "Authorization": "Sanitized",
        "Content-Length": "0",
        "traceparent": "00-60d0cbf8cbaacc8c5a54d3a98e9b2b21-0730530a92e9be0c-00",
        "User-Agent": "azsdk-net-Storage.Files.Shares/12.24.0-alpha.20250716.1 (.NET 8.0.18; Microsoft Windows 10.0.26100)",
        "x-ms-client-request-id": "Sanitized",
        "x-ms-date": "Thu, 17 Jul 2025 01:44:02 GMT",
        "x-ms-return-client-request-id": "true",
        "x-ms-version": "2025-11-05"
      },
      "RequestBody": null,
      "StatusCode": 201,
      "ResponseHeaders": {
        "Content-Length": "0",
        "Date": "Thu, 17 Jul 2025 01:44:01 GMT",
        "ETag": "\"0x8DDC4D3686232CD\"",
        "Last-Modified": "Thu, 17 Jul 2025 01:44:02 GMT",
        "Server": [
          "Windows-Azure-File/1.0",
          "Microsoft-HTTPAPI/2.0"
        ],
        "x-ms-client-request-id": "Sanitized",
        "x-ms-request-id": "5a0bf75c-001a-0009-1dbc-f6ff09000000",
        "x-ms-version": "2025-11-05"
      },
      "ResponseBody": null
    },
    {
      "RequestUri": "https://nickliuproductionacc.blob.core.windows.net/test-container-7b76b25a-9023-565c-2f2f-3afeacc9c954?restype=container",
      "RequestMethod": "PUT",
      "RequestHeaders": {
        "Accept": "application/xml",
        "Authorization": "Sanitized",
        "Content-Length": "0",
        "traceparent": "00-8ac45305dc14a111e56b0a36fbe2362a-4632785c0ba6a509-00",
        "User-Agent": "azsdk-net-Storage.Blobs/12.26.0-alpha.20250716.1 (.NET 8.0.18; Microsoft Windows 10.0.26100)",
        "x-ms-client-request-id": "Sanitized",
        "x-ms-date": "Thu, 17 Jul 2025 01:44:02 GMT",
        "x-ms-return-client-request-id": "true",
        "x-ms-version": "2025-11-05"
      },
      "RequestBody": null,
      "StatusCode": 201,
      "ResponseHeaders": {
        "Content-Length": "0",
        "Date": "Thu, 17 Jul 2025 01:44:01 GMT",
        "ETag": "\"0x8DDC4D368674071\"",
        "Last-Modified": "Thu, 17 Jul 2025 01:44:02 GMT",
        "Server": [
          "Windows-Azure-Blob/1.0",
          "Microsoft-HTTPAPI/2.0"
        ],
        "x-ms-client-request-id": "Sanitized",
        "x-ms-request-id": "c94f74ce-a01e-0010-15bc-f67fb2000000",
        "x-ms-version": "2025-11-05"
      },
      "ResponseBody": null
    },
    {
      "RequestUri": "https://nickliuproductionacc.file.core.windows.net/test-share-3b25db29-09b9-e12b-1349-56de59742eeb/sourceFolder?restype=directory",
      "RequestMethod": "PUT",
      "RequestHeaders": {
        "Accept": "application/xml",
        "Authorization": "Sanitized",
        "Content-Length": "0",
        "traceparent": "00-ee34c1fd9d0b70b6fab3c85bcd5016e3-404617a4861a9b13-00",
        "User-Agent": "azsdk-net-Storage.Files.Shares/12.24.0-alpha.20250716.1 (.NET 8.0.18; Microsoft Windows 10.0.26100)",
        "x-ms-client-request-id": "Sanitized",
        "x-ms-date": "Thu, 17 Jul 2025 01:44:02 GMT",
        "x-ms-return-client-request-id": "true",
        "x-ms-version": "2025-11-05"
      },
      "RequestBody": null,
      "StatusCode": 201,
      "ResponseHeaders": {
        "Content-Length": "0",
        "Date": "Thu, 17 Jul 2025 01:44:02 GMT",
        "ETag": "\"0x8DDC4D3686BDA14\"",
        "Last-Modified": "Thu, 17 Jul 2025 01:44:02 GMT",
        "Server": [
          "Windows-Azure-File/1.0",
          "Microsoft-HTTPAPI/2.0"
        ],
        "x-ms-client-request-id": "Sanitized",
        "x-ms-file-attributes": "Directory",
        "x-ms-file-change-time": "2025-07-17T01:44:02.5520660Z",
        "x-ms-file-creation-time": "2025-07-17T01:44:02.5520660Z",
        "x-ms-file-id": "13835128424026341376",
        "x-ms-file-last-write-time": "2025-07-17T01:44:02.5520660Z",
        "x-ms-file-parent-id": "0",
        "x-ms-file-permission-key": "13252330444922611895*16083086822043778878",
        "x-ms-request-id": "5a0bf75e-001a-0009-1ebc-f6ff09000000",
        "x-ms-request-server-encrypted": "true",
        "x-ms-version": "2025-11-05"
      },
      "ResponseBody": null
    },
    {
      "RequestUri": "https://nickliuproductionacc.file.core.windows.net/test-share-3b25db29-09b9-e12b-1349-56de59742eeb/sourceFolder/item1",
      "RequestMethod": "PUT",
      "RequestHeaders": {
        "Accept": "application/xml",
        "Authorization": "Sanitized",
        "Content-Length": "0",
        "traceparent": "00-9b46756e29f308732fb8d2cf816aa7d9-31ed82317775d297-00",
        "User-Agent": "azsdk-net-Storage.Files.Shares/12.24.0-alpha.20250716.1 (.NET 8.0.18; Microsoft Windows 10.0.26100)",
        "x-ms-client-request-id": "Sanitized",
        "x-ms-content-length": "1024",
        "x-ms-date": "Thu, 17 Jul 2025 01:44:02 GMT",
        "x-ms-return-client-request-id": "true",
        "x-ms-type": "file",
        "x-ms-version": "2025-11-05"
      },
      "RequestBody": null,
      "StatusCode": 201,
      "ResponseHeaders": {
        "Content-Length": "0",
        "Date": "Thu, 17 Jul 2025 01:44:02 GMT",
        "ETag": "\"0x8DDC4D3686FF428\"",
        "Last-Modified": "Thu, 17 Jul 2025 01:44:02 GMT",
        "Server": [
          "Windows-Azure-File/1.0",
          "Microsoft-HTTPAPI/2.0"
        ],
        "x-ms-client-request-id": "Sanitized",
        "x-ms-file-attributes": "Archive",
        "x-ms-file-change-time": "2025-07-17T01:44:02.5789480Z",
        "x-ms-file-creation-time": "2025-07-17T01:44:02.5789480Z",
        "x-ms-file-id": "11529285414812647424",
        "x-ms-file-last-write-time": "2025-07-17T01:44:02.5789480Z",
        "x-ms-file-parent-id": "13835128424026341376",
        "x-ms-file-permission-key": "8616074386732128176*16083086822043778878",
        "x-ms-request-id": "5a0bf82a-001a-0009-1fbc-f6ff09000000",
        "x-ms-request-server-encrypted": "true",
        "x-ms-version": "2025-11-05"
      },
      "ResponseBody": null
    },
    {
      "RequestUri": "https://nickliuproductionacc.blob.core.windows.net/test-container-7b76b25a-9023-565c-2f2f-3afeacc9c954/destPrefix/item1",
      "RequestMethod": "PUT",
      "RequestHeaders": {
        "Accept": "application/xml",
        "Authorization": "Sanitized",
        "Content-Length": "0",
        "If-None-Match": "*",
        "traceparent": "00-bf1a27958aadfc8406404be032f79435-6d4421fdec74d6c3-00",
        "User-Agent": "azsdk-net-Storage.Blobs/12.26.0-alpha.20250716.1 (.NET 8.0.18; Microsoft Windows 10.0.26100)",
        "x-ms-blob-content-length": "0",
        "x-ms-blob-type": "PageBlob",
        "x-ms-client-request-id": "Sanitized",
        "x-ms-date": "Thu, 17 Jul 2025 01:44:02 GMT",
        "x-ms-return-client-request-id": "true",
        "x-ms-version": "2025-11-05"
      },
      "RequestBody": null,
      "StatusCode": 201,
      "ResponseHeaders": {
        "Content-Length": "0",
        "Date": "Thu, 17 Jul 2025 01:44:01 GMT",
        "ETag": "\"0x8DDC4D368745825\"",
        "Last-Modified": "Thu, 17 Jul 2025 01:44:02 GMT",
        "Server": [
          "Windows-Azure-Blob/1.0",
          "Microsoft-HTTPAPI/2.0"
        ],
        "x-ms-client-request-id": "Sanitized",
        "x-ms-request-id": "c94f7528-a01e-0010-6abc-f67fb2000000",
        "x-ms-request-server-encrypted": "true",
        "x-ms-version": "2025-11-05",
        "x-ms-version-id": "2025-07-17T01:44:02.6077221Z"
      },
      "ResponseBody": null
    },
    {
      "RequestUri": "https://nickliuproductionacc.file.core.windows.net/test-share-3b25db29-09b9-e12b-1349-56de59742eeb/sourceFolder/test-file-d3c15b3e-0ad8-0855-1c5e-c1196c75089c",
      "RequestMethod": "PUT",
      "RequestHeaders": {
        "Accept": "application/xml",
        "Authorization": "Sanitized",
        "Content-Length": "0",
        "traceparent": "00-ec24cad4cdaa19705ae16cd1bd666d64-fc7b0766613b9efc-00",
        "User-Agent": "azsdk-net-Storage.Files.Shares/12.24.0-alpha.20250716.1 (.NET 8.0.18; Microsoft Windows 10.0.26100)",
        "x-ms-client-request-id": "Sanitized",
        "x-ms-content-length": "1024",
        "x-ms-date": "Thu, 17 Jul 2025 01:44:02 GMT",
        "x-ms-return-client-request-id": "true",
        "x-ms-type": "file",
        "x-ms-version": "2025-11-05"
      },
      "RequestBody": null,
      "StatusCode": 201,
      "ResponseHeaders": {
        "Content-Length": "0",
        "Date": "Thu, 17 Jul 2025 01:44:02 GMT",
        "ETag": "\"0x8DDC4D36877B3A7\"",
        "Last-Modified": "Thu, 17 Jul 2025 01:44:02 GMT",
        "Server": [
          "Windows-Azure-File/1.0",
          "Microsoft-HTTPAPI/2.0"
        ],
        "x-ms-client-request-id": "Sanitized",
        "x-ms-file-attributes": "Archive",
        "x-ms-file-change-time": "2025-07-17T01:44:02.6297255Z",
        "x-ms-file-creation-time": "2025-07-17T01:44:02.6297255Z",
        "x-ms-file-id": "16140971433240035328",
        "x-ms-file-last-write-time": "2025-07-17T01:44:02.6297255Z",
        "x-ms-file-parent-id": "13835128424026341376",
        "x-ms-file-permission-key": "8616074386732128176*16083086822043778878",
        "x-ms-request-id": "5a0bf83c-001a-0009-20bc-f6ff09000000",
        "x-ms-request-server-encrypted": "true",
        "x-ms-version": "2025-11-05"
      },
      "ResponseBody": null
    },
    {
      "RequestUri": "https://nickliuproductionacc.file.core.windows.net/test-share-3b25db29-09b9-e12b-1349-56de59742eeb/sourceFolder/bar?restype=directory",
      "RequestMethod": "PUT",
      "RequestHeaders": {
        "Accept": "application/xml",
        "Authorization": "Sanitized",
        "Content-Length": "0",
        "traceparent": "00-903355ed0af9686a4d4a21422847d33d-98ce77b6bcfa2704-00",
        "User-Agent": "azsdk-net-Storage.Files.Shares/12.24.0-alpha.20250716.1 (.NET 8.0.18; Microsoft Windows 10.0.26100)",
        "x-ms-client-request-id": "Sanitized",
        "x-ms-date": "Thu, 17 Jul 2025 01:44:02 GMT",
        "x-ms-return-client-request-id": "true",
        "x-ms-version": "2025-11-05"
      },
      "RequestBody": null,
      "StatusCode": 201,
      "ResponseHeaders": {
        "Content-Length": "0",
        "Date": "Thu, 17 Jul 2025 01:44:02 GMT",
        "ETag": "\"0x8DDC4D3687BF499\"",
        "Last-Modified": "Thu, 17 Jul 2025 01:44:02 GMT",
        "Server": [
          "Windows-Azure-File/1.0",
          "Microsoft-HTTPAPI/2.0"
        ],
        "x-ms-client-request-id": "Sanitized",
        "x-ms-file-attributes": "Directory",
        "x-ms-file-change-time": "2025-07-17T01:44:02.6576025Z",
        "x-ms-file-creation-time": "2025-07-17T01:44:02.6576025Z",
        "x-ms-file-id": "10376363910205800448",
        "x-ms-file-last-write-time": "2025-07-17T01:44:02.6576025Z",
        "x-ms-file-parent-id": "13835128424026341376",
        "x-ms-file-permission-key": "13252330444922611895*16083086822043778878",
        "x-ms-request-id": "5a0bf83d-001a-0009-21bc-f6ff09000000",
        "x-ms-request-server-encrypted": "true",
        "x-ms-version": "2025-11-05"
      },
      "ResponseBody": null
    },
    {
      "RequestUri": "https://nickliuproductionacc.file.core.windows.net/test-share-3b25db29-09b9-e12b-1349-56de59742eeb/sourceFolder/bar/test-file-cb09b597-94e9-cec2-93bb-37afaa0a3966",
      "RequestMethod": "PUT",
      "RequestHeaders": {
        "Accept": "application/xml",
        "Authorization": "Sanitized",
        "Content-Length": "0",
        "traceparent": "00-97289a1866869c14ea38316d3596c60a-fc91f3bf34be1c14-00",
        "User-Agent": "azsdk-net-Storage.Files.Shares/12.24.0-alpha.20250716.1 (.NET 8.0.18; Microsoft Windows 10.0.26100)",
        "x-ms-client-request-id": "Sanitized",
        "x-ms-content-length": "1024",
        "x-ms-date": "Thu, 17 Jul 2025 01:44:02 GMT",
        "x-ms-return-client-request-id": "true",
        "x-ms-type": "file",
        "x-ms-version": "2025-11-05"
      },
      "RequestBody": null,
      "StatusCode": 201,
      "ResponseHeaders": {
        "Content-Length": "0",
        "Date": "Thu, 17 Jul 2025 01:44:02 GMT",
        "ETag": "\"0x8DDC4D368805C7F\"",
        "Last-Modified": "Thu, 17 Jul 2025 01:44:02 GMT",
        "Server": [
          "Windows-Azure-File/1.0",
          "Microsoft-HTTPAPI/2.0"
        ],
        "x-ms-client-request-id": "Sanitized",
        "x-ms-file-attributes": "Archive",
        "x-ms-file-change-time": "2025-07-17T01:44:02.6864767Z",
        "x-ms-file-creation-time": "2025-07-17T01:44:02.6864767Z",
        "x-ms-file-id": "14988049928633188352",
        "x-ms-file-last-write-time": "2025-07-17T01:44:02.6864767Z",
        "x-ms-file-parent-id": "10376363910205800448",
        "x-ms-file-permission-key": "8616074386732128176*16083086822043778878",
        "x-ms-request-id": "5a0bf83e-001a-0009-22bc-f6ff09000000",
        "x-ms-request-server-encrypted": "true",
        "x-ms-version": "2025-11-05"
      },
      "ResponseBody": null
    },
    {
      "RequestUri": "https://nickliuproductionacc.file.core.windows.net/test-share-3b25db29-09b9-e12b-1349-56de59742eeb/sourceFolder/pik?restype=directory",
      "RequestMethod": "PUT",
      "RequestHeaders": {
        "Accept": "application/xml",
        "Authorization": "Sanitized",
        "Content-Length": "0",
        "traceparent": "00-4faf3d48bfe7edc81ad026e532823c55-8479dbd3d3cdaf66-00",
        "User-Agent": "azsdk-net-Storage.Files.Shares/12.24.0-alpha.20250716.1 (.NET 8.0.18; Microsoft Windows 10.0.26100)",
        "x-ms-client-request-id": "Sanitized",
        "x-ms-date": "Thu, 17 Jul 2025 01:44:02 GMT",
        "x-ms-return-client-request-id": "true",
        "x-ms-version": "2025-11-05"
      },
      "RequestBody": null,
      "StatusCode": 201,
      "ResponseHeaders": {
        "Content-Length": "0",
        "Date": "Thu, 17 Jul 2025 01:44:02 GMT",
        "ETag": "\"0x8DDC4D36884EB47\"",
        "Last-Modified": "Thu, 17 Jul 2025 01:44:02 GMT",
        "Server": [
          "Windows-Azure-File/1.0",
          "Microsoft-HTTPAPI/2.0"
        ],
        "x-ms-client-request-id": "Sanitized",
        "x-ms-file-attributes": "Directory",
        "x-ms-file-change-time": "2025-07-17T01:44:02.7163463Z",
        "x-ms-file-creation-time": "2025-07-17T01:44:02.7163463Z",
        "x-ms-file-id": "12682206919419494400",
        "x-ms-file-last-write-time": "2025-07-17T01:44:02.7163463Z",
        "x-ms-file-parent-id": "13835128424026341376",
        "x-ms-file-permission-key": "13252330444922611895*16083086822043778878",
        "x-ms-request-id": "5a0bf83f-001a-0009-23bc-f6ff09000000",
        "x-ms-request-server-encrypted": "true",
        "x-ms-version": "2025-11-05"
      },
      "ResponseBody": null
    },
    {
      "RequestUri": "https://nickliuproductionacc.file.core.windows.net/test-share-3b25db29-09b9-e12b-1349-56de59742eeb/sourceFolder/pik/test-file-3d911b91-f1d2-27bd-6968-0dc2d6132efc",
      "RequestMethod": "PUT",
      "RequestHeaders": {
        "Accept": "application/xml",
        "Authorization": "Sanitized",
        "Content-Length": "0",
        "traceparent": "00-8bca1497ee13a96a38716c09301f6686-11c9346088df4177-00",
        "User-Agent": "azsdk-net-Storage.Files.Shares/12.24.0-alpha.20250716.1 (.NET 8.0.18; Microsoft Windows 10.0.26100)",
        "x-ms-client-request-id": "Sanitized",
        "x-ms-content-length": "1024",
        "x-ms-date": "Thu, 17 Jul 2025 01:44:03 GMT",
        "x-ms-return-client-request-id": "true",
        "x-ms-type": "file",
        "x-ms-version": "2025-11-05"
      },
      "RequestBody": null,
      "StatusCode": 201,
      "ResponseHeaders": {
        "Content-Length": "0",
        "Date": "Thu, 17 Jul 2025 01:44:02 GMT",
        "ETag": "\"0x8DDC4D36889A0DC\"",
        "Last-Modified": "Thu, 17 Jul 2025 01:44:02 GMT",
        "Server": [
          "Windows-Azure-File/1.0",
          "Microsoft-HTTPAPI/2.0"
        ],
        "x-ms-client-request-id": "Sanitized",
        "x-ms-file-attributes": "Archive",
        "x-ms-file-change-time": "2025-07-17T01:44:02.7472092Z",
        "x-ms-file-creation-time": "2025-07-17T01:44:02.7472092Z",
        "x-ms-file-id": "17293892937846882304",
        "x-ms-file-last-write-time": "2025-07-17T01:44:02.7472092Z",
        "x-ms-file-parent-id": "12682206919419494400",
        "x-ms-file-permission-key": "8616074386732128176*16083086822043778878",
        "x-ms-request-id": "5a0bf840-001a-0009-24bc-f6ff09000000",
        "x-ms-request-server-encrypted": "true",
        "x-ms-version": "2025-11-05"
      },
      "ResponseBody": null
    },
    {
      "RequestUri": "https://nickliuproductionacc.file.core.windows.net/test-share-3b25db29-09b9-e12b-1349-56de59742eeb/sourceFolder?sv=Sanitized&se=2025-07-18T01%3A44%3A03Z&sr=s&sp=rcwdl&sig=Sanitized&restype=directory&comp=list",
      "RequestMethod": "GET",
      "RequestHeaders": {
        "Accept": "application/xml",
        "traceparent": "00-a9520e9a7691dde933a4960e6ee6062f-ad59476062149a44-00",
        "User-Agent": "azsdk-net-Storage.Files.Shares/12.24.0-alpha.20250716.1 (.NET 8.0.18; Microsoft Windows 10.0.26100)",
        "x-ms-client-request-id": "Sanitized",
        "x-ms-return-client-request-id": "true",
        "x-ms-version": "2025-11-05"
      },
      "RequestBody": null,
      "StatusCode": 200,
      "ResponseHeaders": {
        "Content-Type": "application/xml",
        "Date": "Thu, 17 Jul 2025 01:44:02 GMT",
        "Server": [
          "Windows-Azure-File/1.0",
          "Microsoft-HTTPAPI/2.0"
        ],
        "Transfer-Encoding": "chunked",
        "x-ms-client-request-id": "Sanitized",
        "x-ms-request-id": "5a0bf842-001a-0009-25bc-f6ff09000000",
        "x-ms-version": "2025-11-05"
      },
      "ResponseBody": "\uFEFF<?xml version=\"1.0\" encoding=\"utf-8\"?><EnumerationResults ServiceEndpoint=\"https://nickliuproductionacc.file.core.windows.net/\" ShareName=\"test-share-3b25db29-09b9-e12b-1349-56de59742eeb\" DirectoryPath=\"sourceFolder\"><DirectoryId>13835128424026341376</DirectoryId><Entries><Directory><Name>bar</Name><FileId>10376363910205800448</FileId><Properties /></Directory><File><Name>item1</Name><FileId>11529285414812647424</FileId><Properties><Content-Length>1024</Content-Length></Properties></File><Directory><Name>pik</Name><FileId>12682206919419494400</FileId><Properties /></Directory><File><Name>test-file-d3c15b3e-0ad8-0855-1c5e-c1196c75089c</Name><FileId>16140971433240035328</FileId><Properties><Content-Length>1024</Content-Length></Properties></File></Entries><NextMarker /></EnumerationResults>"
    },
    {
      "RequestUri": "https://nickliuproductionacc.file.core.windows.net/test-share-3b25db29-09b9-e12b-1349-56de59742eeb/sourceFolder/bar?sv=Sanitized&se=2025-07-18T01%3A44%3A03Z&sr=s&sp=rcwdl&sig=Sanitized&restype=directory",
      "RequestMethod": "GET",
      "RequestHeaders": {
        "Accept": "application/xml",
        "traceparent": "00-6cfc4b8c72189f08b0646e52581acfb1-3186318b306d803b-00",
        "User-Agent": "azsdk-net-Storage.Files.Shares/12.24.0-alpha.20250716.1 (.NET 8.0.18; Microsoft Windows 10.0.26100)",
        "x-ms-client-request-id": "Sanitized",
        "x-ms-return-client-request-id": "true",
        "x-ms-version": "2025-11-05"
      },
      "RequestBody": null,
      "StatusCode": 200,
      "ResponseHeaders": {
        "Content-Length": "0",
        "Date": "Thu, 17 Jul 2025 01:44:02 GMT",
        "ETag": "\"0x8DDC4D3687BF499\"",
        "Last-Modified": "Thu, 17 Jul 2025 01:44:02 GMT",
        "Server": [
          "Windows-Azure-File/1.0",
          "Microsoft-HTTPAPI/2.0"
        ],
        "x-ms-client-request-id": "Sanitized",
        "x-ms-file-attributes": "Directory",
        "x-ms-file-change-time": "2025-07-17T01:44:02.6576025Z",
        "x-ms-file-creation-time": "2025-07-17T01:44:02.6576025Z",
        "x-ms-file-id": "10376363910205800448",
        "x-ms-file-last-write-time": "2025-07-17T01:44:02.6576025Z",
        "x-ms-file-parent-id": "13835128424026341376",
        "x-ms-file-permission-key": "13252330444922611895*16083086822043778878",
        "x-ms-request-id": "5a0bf843-001a-0009-26bc-f6ff09000000",
        "x-ms-server-encrypted": "true",
        "x-ms-version": "2025-11-05"
      },
      "ResponseBody": null
    },
    {
      "RequestUri": "https://nickliuproductionacc.file.core.windows.net/test-share-3b25db29-09b9-e12b-1349-56de59742eeb/sourceFolder/pik?sv=Sanitized&se=2025-07-18T01%3A44%3A03Z&sr=s&sp=rcwdl&sig=Sanitized&restype=directory",
      "RequestMethod": "GET",
      "RequestHeaders": {
        "Accept": "application/xml",
        "traceparent": "00-d033edc261188be7404f58a29b68b05b-78fd66cdadcae08a-00",
        "User-Agent": "azsdk-net-Storage.Files.Shares/12.24.0-alpha.20250716.1 (.NET 8.0.18; Microsoft Windows 10.0.26100)",
        "x-ms-client-request-id": "Sanitized",
        "x-ms-return-client-request-id": "true",
        "x-ms-version": "2025-11-05"
      },
      "RequestBody": null,
      "StatusCode": 200,
      "ResponseHeaders": {
        "Content-Length": "0",
        "Date": "Thu, 17 Jul 2025 01:44:02 GMT",
        "ETag": "\"0x8DDC4D36884EB47\"",
        "Last-Modified": "Thu, 17 Jul 2025 01:44:02 GMT",
        "Server": [
          "Windows-Azure-File/1.0",
          "Microsoft-HTTPAPI/2.0"
        ],
        "x-ms-client-request-id": "Sanitized",
        "x-ms-file-attributes": "Directory",
        "x-ms-file-change-time": "2025-07-17T01:44:02.7163463Z",
        "x-ms-file-creation-time": "2025-07-17T01:44:02.7163463Z",
        "x-ms-file-id": "12682206919419494400",
        "x-ms-file-last-write-time": "2025-07-17T01:44:02.7163463Z",
        "x-ms-file-parent-id": "13835128424026341376",
        "x-ms-file-permission-key": "13252330444922611895*16083086822043778878",
        "x-ms-request-id": "5a0bf844-001a-0009-27bc-f6ff09000000",
        "x-ms-server-encrypted": "true",
        "x-ms-version": "2025-11-05"
      },
      "ResponseBody": null
    },
    {
      "RequestUri": "https://nickliuproductionacc.file.core.windows.net/test-share-3b25db29-09b9-e12b-1349-56de59742eeb/sourceFolder/bar?sv=Sanitized&se=2025-07-18T01%3A44%3A03Z&sr=s&sp=rcwdl&sig=Sanitized&restype=directory&comp=list",
      "RequestMethod": "GET",
      "RequestHeaders": {
        "Accept": "application/xml",
        "traceparent": "00-10fe299ac61eb2440305d298da032d4b-6f942ee1c5314924-00",
        "User-Agent": "azsdk-net-Storage.Files.Shares/12.24.0-alpha.20250716.1 (.NET 8.0.18; Microsoft Windows 10.0.26100)",
        "x-ms-client-request-id": "Sanitized",
        "x-ms-return-client-request-id": "true",
        "x-ms-version": "2025-11-05"
      },
      "RequestBody": null,
      "StatusCode": 200,
      "ResponseHeaders": {
        "Content-Type": "application/xml",
        "Date": "Thu, 17 Jul 2025 01:44:02 GMT",
        "Server": [
          "Windows-Azure-File/1.0",
          "Microsoft-HTTPAPI/2.0"
        ],
        "Transfer-Encoding": "chunked",
        "x-ms-client-request-id": "Sanitized",
        "x-ms-request-id": "5a0bf845-001a-0009-28bc-f6ff09000000",
        "x-ms-version": "2025-11-05"
      },
      "ResponseBody": "\uFEFF<?xml version=\"1.0\" encoding=\"utf-8\"?><EnumerationResults ServiceEndpoint=\"https://nickliuproductionacc.file.core.windows.net/\" ShareName=\"test-share-3b25db29-09b9-e12b-1349-56de59742eeb\" DirectoryPath=\"sourceFolder/bar\"><DirectoryId>10376363910205800448</DirectoryId><Entries><File><Name>test-file-cb09b597-94e9-cec2-93bb-37afaa0a3966</Name><FileId>14988049928633188352</FileId><Properties><Content-Length>1024</Content-Length></Properties></File></Entries><NextMarker /></EnumerationResults>"
    },
    {
      "RequestUri": "https://nickliuproductionacc.file.core.windows.net/test-share-3b25db29-09b9-e12b-1349-56de59742eeb/sourceFolder/pik?sv=Sanitized&se=2025-07-18T01%3A44%3A03Z&sr=s&sp=rcwdl&sig=Sanitized&restype=directory&comp=list",
      "RequestMethod": "GET",
      "RequestHeaders": {
        "Accept": "application/xml",
        "traceparent": "00-139851d4ab52143eba4363c04789fd6d-0b03094f24d97ad0-00",
        "User-Agent": "azsdk-net-Storage.Files.Shares/12.24.0-alpha.20250716.1 (.NET 8.0.18; Microsoft Windows 10.0.26100)",
        "x-ms-client-request-id": "Sanitized",
        "x-ms-return-client-request-id": "true",
        "x-ms-version": "2025-11-05"
      },
      "RequestBody": null,
      "StatusCode": 200,
      "ResponseHeaders": {
        "Content-Type": "application/xml",
        "Date": "Thu, 17 Jul 2025 01:44:02 GMT",
        "Server": [
          "Windows-Azure-File/1.0",
          "Microsoft-HTTPAPI/2.0"
        ],
        "Transfer-Encoding": "chunked",
        "x-ms-client-request-id": "Sanitized",
        "x-ms-request-id": "5a0bf848-001a-0009-29bc-f6ff09000000",
        "x-ms-version": "2025-11-05"
      },
      "ResponseBody": "\uFEFF<?xml version=\"1.0\" encoding=\"utf-8\"?><EnumerationResults ServiceEndpoint=\"https://nickliuproductionacc.file.core.windows.net/\" ShareName=\"test-share-3b25db29-09b9-e12b-1349-56de59742eeb\" DirectoryPath=\"sourceFolder/pik\"><DirectoryId>12682206919419494400</DirectoryId><Entries><File><Name>test-file-3d911b91-f1d2-27bd-6968-0dc2d6132efc</Name><FileId>17293892937846882304</FileId><Properties><Content-Length>1024</Content-Length></Properties></File></Entries><NextMarker /></EnumerationResults>"
    },
    {
      "RequestUri": "https://nickliuproductionacc.file.core.windows.net/test-share-3b25db29-09b9-e12b-1349-56de59742eeb/sourceFolder/test-file-d3c15b3e-0ad8-0855-1c5e-c1196c75089c?sv=Sanitized&se=2025-07-18T01%3A44%3A03Z&sr=s&sp=rcwdl&sig=Sanitized",
      "RequestMethod": "HEAD",
      "RequestHeaders": {
        "Accept": "application/xml",
        "traceparent": "00-722060efbfc5cd4c9130943e9df3553c-85d6d03a5953a49c-00",
        "User-Agent": "azsdk-net-Storage.Files.Shares/12.24.0-alpha.20250716.1 (.NET 8.0.18; Microsoft Windows 10.0.26100)",
        "x-ms-client-request-id": "Sanitized",
        "x-ms-return-client-request-id": "true",
        "x-ms-version": "2025-11-05"
      },
      "RequestBody": null,
      "StatusCode": 200,
      "ResponseHeaders": {
        "Content-Length": "1024",
        "Content-Type": "application/octet-stream",
        "Date": "Thu, 17 Jul 2025 01:44:02 GMT",
        "ETag": "\"0x8DDC4D36877B3A7\"",
        "Last-Modified": "Thu, 17 Jul 2025 01:44:02 GMT",
        "Server": [
          "Windows-Azure-File/1.0",
          "Microsoft-HTTPAPI/2.0"
        ],
        "x-ms-client-request-id": "Sanitized",
        "x-ms-file-attributes": "Archive",
        "x-ms-file-change-time": "2025-07-17T01:44:02.6297255Z",
        "x-ms-file-creation-time": "2025-07-17T01:44:02.6297255Z",
        "x-ms-file-id": "16140971433240035328",
        "x-ms-file-last-write-time": "2025-07-17T01:44:02.6297255Z",
        "x-ms-file-parent-id": "13835128424026341376",
        "x-ms-file-permission-key": "8616074386732128176*16083086822043778878",
        "x-ms-lease-state": "available",
        "x-ms-lease-status": "unlocked",
        "x-ms-request-id": "dbc50a69-001a-0036-14bc-f637aa000000",
        "x-ms-server-encrypted": "true",
        "x-ms-type": "File",
        "x-ms-version": "2025-11-05"
      },
      "ResponseBody": null
    },
    {
      "RequestUri": "https://nickliuproductionacc.file.core.windows.net/test-share-3b25db29-09b9-e12b-1349-56de59742eeb/sourceFolder/item1?sv=Sanitized&se=2025-07-18T01%3A44%3A03Z&sr=s&sp=rcwdl&sig=Sanitized",
      "RequestMethod": "HEAD",
      "RequestHeaders": {
        "Accept": "application/xml",
        "traceparent": "00-e85191b899071ae4c4e59b09f49cc760-5ce3952acb5a2487-00",
        "User-Agent": "azsdk-net-Storage.Files.Shares/12.24.0-alpha.20250716.1 (.NET 8.0.18; Microsoft Windows 10.0.26100)",
        "x-ms-client-request-id": "Sanitized",
        "x-ms-return-client-request-id": "true",
        "x-ms-version": "2025-11-05"
      },
      "RequestBody": null,
      "StatusCode": 200,
      "ResponseHeaders": {
        "Content-Length": "1024",
        "Content-Type": "application/octet-stream",
        "Date": "Thu, 17 Jul 2025 01:44:02 GMT",
        "ETag": "\"0x8DDC4D3686FF428\"",
        "Last-Modified": "Thu, 17 Jul 2025 01:44:02 GMT",
        "Server": [
          "Windows-Azure-File/1.0",
          "Microsoft-HTTPAPI/2.0"
        ],
        "x-ms-client-request-id": "Sanitized",
        "x-ms-file-attributes": "Archive",
        "x-ms-file-change-time": "2025-07-17T01:44:02.5789480Z",
        "x-ms-file-creation-time": "2025-07-17T01:44:02.5789480Z",
        "x-ms-file-id": "11529285414812647424",
        "x-ms-file-last-write-time": "2025-07-17T01:44:02.5789480Z",
        "x-ms-file-parent-id": "13835128424026341376",
        "x-ms-file-permission-key": "8616074386732128176*16083086822043778878",
        "x-ms-lease-state": "available",
        "x-ms-lease-status": "unlocked",
        "x-ms-request-id": "3a78801c-801a-005a-25bc-f6dc3d000000",
        "x-ms-server-encrypted": "true",
        "x-ms-type": "File",
        "x-ms-version": "2025-11-05"
      },
      "ResponseBody": null
    },
    {
      "RequestUri": "https://nickliuproductionacc.file.core.windows.net/test-share-3b25db29-09b9-e12b-1349-56de59742eeb/sourceFolder/bar/test-file-cb09b597-94e9-cec2-93bb-37afaa0a3966?sv=Sanitized&se=2025-07-18T01%3A44%3A03Z&sr=s&sp=rcwdl&sig=Sanitized",
      "RequestMethod": "HEAD",
      "RequestHeaders": {
        "Accept": "application/xml",
        "traceparent": "00-e64deb1079cea91558097489008c2da0-a93ecc97145c0ff4-00",
        "User-Agent": "azsdk-net-Storage.Files.Shares/12.24.0-alpha.20250716.1 (.NET 8.0.18; Microsoft Windows 10.0.26100)",
        "x-ms-client-request-id": "Sanitized",
        "x-ms-return-client-request-id": "true",
        "x-ms-version": "2025-11-05"
      },
      "RequestBody": null,
      "StatusCode": 200,
      "ResponseHeaders": {
        "Content-Length": "1024",
        "Content-Type": "application/octet-stream",
        "Date": "Thu, 17 Jul 2025 01:44:02 GMT",
        "ETag": "\"0x8DDC4D368805C7F\"",
        "Last-Modified": "Thu, 17 Jul 2025 01:44:02 GMT",
        "Server": [
          "Windows-Azure-File/1.0",
          "Microsoft-HTTPAPI/2.0"
        ],
        "x-ms-client-request-id": "Sanitized",
        "x-ms-file-attributes": "Archive",
        "x-ms-file-change-time": "2025-07-17T01:44:02.6864767Z",
        "x-ms-file-creation-time": "2025-07-17T01:44:02.6864767Z",
        "x-ms-file-id": "14988049928633188352",
        "x-ms-file-last-write-time": "2025-07-17T01:44:02.6864767Z",
        "x-ms-file-parent-id": "10376363910205800448",
        "x-ms-file-permission-key": "8616074386732128176*16083086822043778878",
        "x-ms-lease-state": "available",
        "x-ms-lease-status": "unlocked",
        "x-ms-request-id": "5a0bf84a-001a-0009-2abc-f6ff09000000",
        "x-ms-server-encrypted": "true",
        "x-ms-type": "File",
        "x-ms-version": "2025-11-05"
      },
      "ResponseBody": null
    },
    {
      "RequestUri": "https://nickliuproductionacc.blob.core.windows.net/test-container-7b76b25a-9023-565c-2f2f-3afeacc9c954/destPrefix/test-file-d3c15b3e-0ad8-0855-1c5e-c1196c75089c",
      "RequestMethod": "PUT",
      "RequestHeaders": {
        "Accept": "application/xml",
        "Authorization": "Sanitized",
        "Content-Length": "0",
        "traceparent": "00-78ca12f923ff817b05683df9d5ab5273-7cf7bdcf269a527b-00",
        "User-Agent": "azsdk-net-Storage.Blobs/12.26.0-alpha.20250716.1 (.NET 8.0.18; Microsoft Windows 10.0.26100)",
        "x-ms-blob-content-length": "1024",
        "x-ms-blob-content-type": "application/octet-stream",
        "x-ms-blob-type": "PageBlob",
        "x-ms-client-request-id": "Sanitized",
        "x-ms-date": "Thu, 17 Jul 2025 01:44:03 GMT",
        "x-ms-return-client-request-id": "true",
        "x-ms-version": "2025-11-05"
      },
      "RequestBody": null,
      "StatusCode": 201,
      "ResponseHeaders": {
        "Content-Length": "0",
        "Date": "Thu, 17 Jul 2025 01:44:02 GMT",
        "ETag": "\"0x8DDC4D368A2D4FF\"",
        "Last-Modified": "Thu, 17 Jul 2025 01:44:02 GMT",
        "Server": [
          "Windows-Azure-Blob/1.0",
          "Microsoft-HTTPAPI/2.0"
        ],
        "x-ms-client-request-id": "Sanitized",
        "x-ms-request-id": "c94f763b-a01e-0010-6bbc-f67fb2000000",
        "x-ms-request-server-encrypted": "true",
        "x-ms-version": "2025-11-05",
        "x-ms-version-id": "2025-07-17T01:44:02.9133794Z"
      },
      "ResponseBody": null
    },
    {
      "RequestUri": "https://nickliuproductionacc.file.core.windows.net/test-share-3b25db29-09b9-e12b-1349-56de59742eeb/sourceFolder/pik/test-file-3d911b91-f1d2-27bd-6968-0dc2d6132efc?sv=Sanitized&se=2025-07-18T01%3A44%3A03Z&sr=s&sp=rcwdl&sig=Sanitized",
      "RequestMethod": "HEAD",
      "RequestHeaders": {
        "Accept": "application/xml",
        "traceparent": "00-41a1b1dc1ea2f3d2cb0b21210bf53287-5e1a34f89f335ee4-00",
        "User-Agent": "azsdk-net-Storage.Files.Shares/12.24.0-alpha.20250716.1 (.NET 8.0.18; Microsoft Windows 10.0.26100)",
        "x-ms-client-request-id": "Sanitized",
        "x-ms-return-client-request-id": "true",
        "x-ms-version": "2025-11-05"
      },
      "RequestBody": null,
      "StatusCode": 200,
      "ResponseHeaders": {
        "Content-Length": "1024",
        "Content-Type": "application/octet-stream",
        "Date": "Thu, 17 Jul 2025 01:44:02 GMT",
        "ETag": "\"0x8DDC4D36889A0DC\"",
        "Last-Modified": "Thu, 17 Jul 2025 01:44:02 GMT",
        "Server": [
          "Windows-Azure-File/1.0",
          "Microsoft-HTTPAPI/2.0"
        ],
        "x-ms-client-request-id": "Sanitized",
        "x-ms-file-attributes": "Archive",
        "x-ms-file-change-time": "2025-07-17T01:44:02.7472092Z",
        "x-ms-file-creation-time": "2025-07-17T01:44:02.7472092Z",
        "x-ms-file-id": "17293892937846882304",
        "x-ms-file-last-write-time": "2025-07-17T01:44:02.7472092Z",
        "x-ms-file-parent-id": "12682206919419494400",
        "x-ms-file-permission-key": "8616074386732128176*16083086822043778878",
        "x-ms-lease-state": "available",
        "x-ms-lease-status": "unlocked",
        "x-ms-request-id": "3a78801e-801a-005a-26bc-f6dc3d000000",
        "x-ms-server-encrypted": "true",
        "x-ms-type": "File",
        "x-ms-version": "2025-11-05"
      },
      "ResponseBody": null
    },
    {
      "RequestUri": "https://nickliuproductionacc.blob.core.windows.net/test-container-7b76b25a-9023-565c-2f2f-3afeacc9c954/destPrefix/test-file-d3c15b3e-0ad8-0855-1c5e-c1196c75089c?comp=page",
      "RequestMethod": "PUT",
      "RequestHeaders": {
        "Accept": "application/xml",
        "Authorization": "Sanitized",
        "Content-Length": "0",
        "traceparent": "00-c41289498887e3efb30f06546f3dccb9-6e4120cfca5a1d5f-00",
        "User-Agent": "azsdk-net-Storage.Blobs/12.26.0-alpha.20250716.1 (.NET 8.0.18; Microsoft Windows 10.0.26100)",
        "x-ms-client-request-id": "Sanitized",
        "x-ms-copy-source": "https://nickliuproductionacc.file.core.windows.net/test-share-3b25db29-09b9-e12b-1349-56de59742eeb/sourceFolder/test-file-d3c15b3e-0ad8-0855-1c5e-c1196c75089c?sv=sanitized-value&se=2025-07-18T01%3A44%3A03Z&sr=s&sp=rcwdl&sig=Sanitized",
        "x-ms-date": "Thu, 17 Jul 2025 01:44:03 GMT",
        "x-ms-page-write": "update",
        "x-ms-range": "bytes=0-1023",
        "x-ms-return-client-request-id": "true",
        "x-ms-source-range": "bytes=0-1023",
        "x-ms-version": "2025-11-05"
      },
      "RequestBody": null,
      "StatusCode": 201,
      "ResponseHeaders": {
        "Content-Length": "0",
        "Date": "Thu, 17 Jul 2025 01:44:01 GMT",
        "ETag": "\"0x8DDC4D368A89AE4\"",
        "Last-Modified": "Thu, 17 Jul 2025 01:44:02 GMT",
        "Server": [
          "Windows-Azure-Blob/1.0",
          "Microsoft-HTTPAPI/2.0"
        ],
        "x-ms-blob-sequence-number": "0",
        "x-ms-client-request-id": "Sanitized",
        "x-ms-content-crc64": "iknlm7CyG2k=",
        "x-ms-request-id": "372db19b-501e-0059-7dbc-f63d59000000",
        "x-ms-request-server-encrypted": "true",
        "x-ms-version": "2025-11-05"
      },
      "ResponseBody": null
    },
    {
      "RequestUri": "https://nickliuproductionacc.blob.core.windows.net/test-container-7b76b25a-9023-565c-2f2f-3afeacc9c954/destPrefix/pik/test-file-3d911b91-f1d2-27bd-6968-0dc2d6132efc",
      "RequestMethod": "PUT",
      "RequestHeaders": {
        "Accept": "application/xml",
        "Authorization": "Sanitized",
        "Content-Length": "0",
        "traceparent": "00-a78089cbb3cdca0280e08f88fe2b8de4-15a5e7ad1174324e-00",
        "User-Agent": "azsdk-net-Storage.Blobs/12.26.0-alpha.20250716.1 (.NET 8.0.18; Microsoft Windows 10.0.26100)",
        "x-ms-blob-content-length": "1024",
        "x-ms-blob-content-type": "application/octet-stream",
        "x-ms-blob-type": "PageBlob",
        "x-ms-client-request-id": "Sanitized",
        "x-ms-date": "Thu, 17 Jul 2025 01:44:03 GMT",
        "x-ms-return-client-request-id": "true",
        "x-ms-version": "2025-11-05"
      },
      "RequestBody": null,
      "StatusCode": 201,
      "ResponseHeaders": {
        "Content-Length": "0",
        "Date": "Thu, 17 Jul 2025 01:44:02 GMT",
        "ETag": "\"0x8DDC4D368A90F89\"",
        "Last-Modified": "Thu, 17 Jul 2025 01:44:02 GMT",
        "Server": [
          "Windows-Azure-Blob/1.0",
          "Microsoft-HTTPAPI/2.0"
        ],
        "x-ms-client-request-id": "Sanitized",
        "x-ms-request-id": "bc333538-b01e-0033-79bc-f6e571000000",
        "x-ms-request-server-encrypted": "true",
        "x-ms-version": "2025-11-05",
        "x-ms-version-id": "2025-07-17T01:44:02.9532041Z"
      },
      "ResponseBody": null
    },
    {
      "RequestUri": "https://nickliuproductionacc.blob.core.windows.net/test-container-7b76b25a-9023-565c-2f2f-3afeacc9c954/destPrefix/pik/test-file-3d911b91-f1d2-27bd-6968-0dc2d6132efc?comp=page",
      "RequestMethod": "PUT",
      "RequestHeaders": {
        "Accept": "application/xml",
        "Authorization": "Sanitized",
        "Content-Length": "0",
        "traceparent": "00-9effd06570200e584a2001c960577a53-de8e966a6fe7a15f-00",
        "User-Agent": "azsdk-net-Storage.Blobs/12.26.0-alpha.20250716.1 (.NET 8.0.18; Microsoft Windows 10.0.26100)",
        "x-ms-client-request-id": "Sanitized",
        "x-ms-copy-source": "https://nickliuproductionacc.file.core.windows.net/test-share-3b25db29-09b9-e12b-1349-56de59742eeb/sourceFolder/pik/test-file-3d911b91-f1d2-27bd-6968-0dc2d6132efc?sv=sanitized-value&se=2025-07-18T01%3A44%3A03Z&sr=s&sp=rcwdl&sig=Sanitized",
        "x-ms-date": "Thu, 17 Jul 2025 01:44:03 GMT",
        "x-ms-page-write": "update",
        "x-ms-range": "bytes=0-1023",
        "x-ms-return-client-request-id": "true",
        "x-ms-source-range": "bytes=0-1023",
        "x-ms-version": "2025-11-05"
      },
      "RequestBody": null,
      "StatusCode": 201,
      "ResponseHeaders": {
        "Content-Length": "0",
        "Date": "Thu, 17 Jul 2025 01:44:02 GMT",
        "ETag": "\"0x8DDC4D368AD776C\"",
        "Last-Modified": "Thu, 17 Jul 2025 01:44:02 GMT",
        "Server": [
          "Windows-Azure-Blob/1.0",
          "Microsoft-HTTPAPI/2.0"
        ],
        "x-ms-blob-sequence-number": "0",
        "x-ms-client-request-id": "Sanitized",
        "x-ms-content-crc64": "iknlm7CyG2k=",
        "x-ms-request-id": "bc33354c-b01e-0033-0cbc-f6e571000000",
        "x-ms-request-server-encrypted": "true",
        "x-ms-version": "2025-11-05"
      },
      "ResponseBody": null
    },
    {
      "RequestUri": "https://nickliuproductionacc.blob.core.windows.net/test-container-7b76b25a-9023-565c-2f2f-3afeacc9c954/destPrefix/bar/test-file-cb09b597-94e9-cec2-93bb-37afaa0a3966",
      "RequestMethod": "PUT",
      "RequestHeaders": {
        "Accept": "application/xml",
        "Authorization": "Sanitized",
        "Content-Length": "0",
        "traceparent": "00-4fbfe9b32f638c16fb00077ddb42c760-0170830952e00af8-00",
        "User-Agent": "azsdk-net-Storage.Blobs/12.26.0-alpha.20250716.1 (.NET 8.0.18; Microsoft Windows 10.0.26100)",
        "x-ms-blob-content-length": "1024",
        "x-ms-blob-content-type": "application/octet-stream",
        "x-ms-blob-type": "PageBlob",
        "x-ms-client-request-id": "Sanitized",
        "x-ms-date": "Thu, 17 Jul 2025 01:44:03 GMT",
        "x-ms-return-client-request-id": "true",
        "x-ms-version": "2025-11-05"
      },
      "RequestBody": null,
      "StatusCode": 201,
      "ResponseHeaders": {
        "Content-Length": "0",
        "Date": "Thu, 17 Jul 2025 01:44:02 GMT",
        "ETag": "\"0x8DDC4D368AE60C8\"",
        "Last-Modified": "Thu, 17 Jul 2025 01:44:02 GMT",
        "Server": [
          "Windows-Azure-Blob/1.0",
          "Microsoft-HTTPAPI/2.0"
        ],
        "x-ms-client-request-id": "Sanitized",
        "x-ms-request-id": "c94f7673-a01e-0010-20bc-f67fb2000000",
        "x-ms-request-server-encrypted": "true",
        "x-ms-version": "2025-11-05",
        "x-ms-version-id": "2025-07-17T01:44:02.9880520Z"
      },
      "ResponseBody": null
    },
    {
      "RequestUri": "https://nickliuproductionacc.blob.core.windows.net/test-container-7b76b25a-9023-565c-2f2f-3afeacc9c954/destPrefix/bar/test-file-cb09b597-94e9-cec2-93bb-37afaa0a3966?comp=page",
      "RequestMethod": "PUT",
      "RequestHeaders": {
        "Accept": "application/xml",
        "Authorization": "Sanitized",
        "Content-Length": "0",
        "traceparent": "00-ab8a0fc9e34b344164135596f116dc13-5e76e05c2fde2ac5-00",
        "User-Agent": "azsdk-net-Storage.Blobs/12.26.0-alpha.20250716.1 (.NET 8.0.18; Microsoft Windows 10.0.26100)",
        "x-ms-client-request-id": "Sanitized",
        "x-ms-copy-source": "https://nickliuproductionacc.file.core.windows.net/test-share-3b25db29-09b9-e12b-1349-56de59742eeb/sourceFolder/bar/test-file-cb09b597-94e9-cec2-93bb-37afaa0a3966?sv=sanitized-value&se=2025-07-18T01%3A44%3A03Z&sr=s&sp=rcwdl&sig=Sanitized",
        "x-ms-date": "Thu, 17 Jul 2025 01:44:03 GMT",
        "x-ms-page-write": "update",
        "x-ms-range": "bytes=0-1023",
        "x-ms-return-client-request-id": "true",
        "x-ms-source-range": "bytes=0-1023",
        "x-ms-version": "2025-11-05"
      },
      "RequestBody": null,
      "StatusCode": 201,
      "ResponseHeaders": {
        "Content-Length": "0",
        "Date": "Thu, 17 Jul 2025 01:44:02 GMT",
        "ETag": "\"0x8DDC4D368B31668\"",
        "Last-Modified": "Thu, 17 Jul 2025 01:44:03 GMT",
        "Server": [
          "Windows-Azure-Blob/1.0",
          "Microsoft-HTTPAPI/2.0"
        ],
        "x-ms-blob-sequence-number": "0",
        "x-ms-client-request-id": "Sanitized",
        "x-ms-content-crc64": "iknlm7CyG2k=",
        "x-ms-request-id": "c94f767f-a01e-0010-2cbc-f67fb2000000",
        "x-ms-request-server-encrypted": "true",
        "x-ms-version": "2025-11-05"
      },
      "ResponseBody": null
    },
    {
      "RequestUri": "https://nickliuproductionacc.blob.core.windows.net/test-container-7b76b25a-9023-565c-2f2f-3afeacc9c954/destPrefix/item1",
      "RequestMethod": "PUT",
      "RequestHeaders": {
        "Accept": "application/xml",
        "Authorization": "Sanitized",
        "Content-Length": "0",
        "traceparent": "00-4a868ad8f194e2ebf94e6b7208fdba6c-aa656855bcf19a34-00",
        "User-Agent": "azsdk-net-Storage.Blobs/12.26.0-alpha.20250716.1 (.NET 8.0.18; Microsoft Windows 10.0.26100)",
        "x-ms-blob-content-length": "1024",
        "x-ms-blob-content-type": "application/octet-stream",
        "x-ms-blob-type": "PageBlob",
        "x-ms-client-request-id": "Sanitized",
        "x-ms-date": "Thu, 17 Jul 2025 01:44:03 GMT",
        "x-ms-return-client-request-id": "true",
        "x-ms-version": "2025-11-05"
      },
      "RequestBody": null,
      "StatusCode": 201,
      "ResponseHeaders": {
        "Content-Length": "0",
        "Date": "Thu, 17 Jul 2025 01:44:02 GMT",
        "ETag": "\"0x8DDC4D368A459E0\"",
        "Last-Modified": "Thu, 17 Jul 2025 01:44:02 GMT",
        "Server": [
          "Windows-Azure-Blob/1.0",
          "Microsoft-HTTPAPI/2.0"
        ],
        "x-ms-client-request-id": "Sanitized",
        "x-ms-request-id": "6b10e8bc-d01e-0047-77bc-f6d181000000",
        "x-ms-request-server-encrypted": "true",
        "x-ms-version": "2025-11-05",
        "x-ms-version-id": "2025-07-17T01:44:02.9233392Z"
      },
      "ResponseBody": null
    },
    {
      "RequestUri": "https://nickliuproductionacc.blob.core.windows.net/test-container-7b76b25a-9023-565c-2f2f-3afeacc9c954/destPrefix/item1?comp=page",
      "RequestMethod": "PUT",
      "RequestHeaders": {
        "Accept": "application/xml",
        "Authorization": "Sanitized",
        "Content-Length": "0",
        "traceparent": "00-11ae5f23924733cc2bd154e65edeef2d-2afa72cbf405bf73-00",
        "User-Agent": "azsdk-net-Storage.Blobs/12.26.0-alpha.20250716.1 (.NET 8.0.18; Microsoft Windows 10.0.26100)",
        "x-ms-client-request-id": "Sanitized",
        "x-ms-copy-source": "https://nickliuproductionacc.file.core.windows.net/test-share-3b25db29-09b9-e12b-1349-56de59742eeb/sourceFolder/item1?sv=sanitized-value&se=2025-07-18T01%3A44%3A03Z&sr=s&sp=rcwdl&sig=Sanitized",
        "x-ms-date": "Thu, 17 Jul 2025 01:44:03 GMT",
        "x-ms-page-write": "update",
        "x-ms-range": "bytes=0-1023",
        "x-ms-return-client-request-id": "true",
        "x-ms-source-range": "bytes=0-1023",
        "x-ms-version": "2025-11-05"
      },
      "RequestBody": null,
      "StatusCode": 201,
      "ResponseHeaders": {
        "Content-Length": "0",
        "Date": "Thu, 17 Jul 2025 01:44:02 GMT",
        "ETag": "\"0x8DDC4D368B7307B\"",
        "Last-Modified": "Thu, 17 Jul 2025 01:44:03 GMT",
        "Server": [
          "Windows-Azure-Blob/1.0",
          "Microsoft-HTTPAPI/2.0"
        ],
        "x-ms-blob-sequence-number": "0",
        "x-ms-client-request-id": "Sanitized",
        "x-ms-content-crc64": "iknlm7CyG2k=",
        "x-ms-request-id": "c94f769a-a01e-0010-44bc-f67fb2000000",
        "x-ms-request-server-encrypted": "true",
        "x-ms-version": "2025-11-05"
      },
      "ResponseBody": null
    },
    {
      "RequestUri": "https://nickliuproductionacc.file.core.windows.net/test-share-3b25db29-09b9-e12b-1349-56de59742eeb/sourceFolder?restype=directory&comp=list",
      "RequestMethod": "GET",
      "RequestHeaders": {
        "Accept": "application/xml",
        "Authorization": "Sanitized",
        "traceparent": "00-4681369484e964d68f09b406a5a0af0d-1aea02fb2d9a005f-00",
        "User-Agent": "azsdk-net-Storage.Files.Shares/12.24.0-alpha.20250716.1 (.NET 8.0.18; Microsoft Windows 10.0.26100)",
        "x-ms-client-request-id": "Sanitized",
        "x-ms-date": "Thu, 17 Jul 2025 01:44:03 GMT",
        "x-ms-return-client-request-id": "true",
        "x-ms-version": "2025-11-05"
      },
      "RequestBody": null,
      "StatusCode": 200,
      "ResponseHeaders": {
        "Content-Type": "application/xml",
        "Date": "Thu, 17 Jul 2025 01:44:02 GMT",
        "Server": [
          "Windows-Azure-File/1.0",
          "Microsoft-HTTPAPI/2.0"
        ],
        "Transfer-Encoding": "chunked",
        "x-ms-client-request-id": "Sanitized",
        "x-ms-request-id": "3a78801f-801a-005a-27bc-f6dc3d000000",
        "x-ms-version": "2025-11-05"
      },
      "ResponseBody": "\uFEFF<?xml version=\"1.0\" encoding=\"utf-8\"?><EnumerationResults ServiceEndpoint=\"https://nickliuproductionacc.file.core.windows.net/\" ShareName=\"test-share-3b25db29-09b9-e12b-1349-56de59742eeb\" DirectoryPath=\"sourceFolder\"><DirectoryId>13835128424026341376</DirectoryId><Entries><Directory><Name>bar</Name><FileId>10376363910205800448</FileId><Properties /></Directory><File><Name>item1</Name><FileId>11529285414812647424</FileId><Properties><Content-Length>1024</Content-Length></Properties></File><Directory><Name>pik</Name><FileId>12682206919419494400</FileId><Properties /></Directory><File><Name>test-file-d3c15b3e-0ad8-0855-1c5e-c1196c75089c</Name><FileId>16140971433240035328</FileId><Properties><Content-Length>1024</Content-Length></Properties></File></Entries><NextMarker /></EnumerationResults>"
    },
    {
      "RequestUri": "https://nickliuproductionacc.file.core.windows.net/test-share-3b25db29-09b9-e12b-1349-56de59742eeb/sourceFolder/bar?restype=directory&comp=list",
      "RequestMethod": "GET",
      "RequestHeaders": {
        "Accept": "application/xml",
        "Authorization": "Sanitized",
        "traceparent": "00-8c848c6bff61146f11f0d3f374ab7bab-187e9595a9baace6-00",
        "User-Agent": "azsdk-net-Storage.Files.Shares/12.24.0-alpha.20250716.1 (.NET 8.0.18; Microsoft Windows 10.0.26100)",
        "x-ms-client-request-id": "Sanitized",
        "x-ms-date": "Thu, 17 Jul 2025 01:44:03 GMT",
        "x-ms-return-client-request-id": "true",
        "x-ms-version": "2025-11-05"
      },
      "RequestBody": null,
      "StatusCode": 200,
      "ResponseHeaders": {
        "Content-Type": "application/xml",
        "Date": "Thu, 17 Jul 2025 01:44:02 GMT",
        "Server": [
          "Windows-Azure-File/1.0",
          "Microsoft-HTTPAPI/2.0"
        ],
        "Transfer-Encoding": "chunked",
        "x-ms-client-request-id": "Sanitized",
        "x-ms-request-id": "3a788020-801a-005a-28bc-f6dc3d000000",
        "x-ms-version": "2025-11-05"
      },
      "ResponseBody": "\uFEFF<?xml version=\"1.0\" encoding=\"utf-8\"?><EnumerationResults ServiceEndpoint=\"https://nickliuproductionacc.file.core.windows.net/\" ShareName=\"test-share-3b25db29-09b9-e12b-1349-56de59742eeb\" DirectoryPath=\"sourceFolder/bar\"><DirectoryId>10376363910205800448</DirectoryId><Entries><File><Name>test-file-cb09b597-94e9-cec2-93bb-37afaa0a3966</Name><FileId>14988049928633188352</FileId><Properties><Content-Length>1024</Content-Length></Properties></File></Entries><NextMarker /></EnumerationResults>"
    },
    {
      "RequestUri": "https://nickliuproductionacc.file.core.windows.net/test-share-3b25db29-09b9-e12b-1349-56de59742eeb/sourceFolder/pik?restype=directory&comp=list",
      "RequestMethod": "GET",
      "RequestHeaders": {
        "Accept": "application/xml",
        "Authorization": "Sanitized",
        "traceparent": "00-70f52c8149ff85ed524c4b047b5b8e77-9de45002da9ead41-00",
        "User-Agent": "azsdk-net-Storage.Files.Shares/12.24.0-alpha.20250716.1 (.NET 8.0.18; Microsoft Windows 10.0.26100)",
        "x-ms-client-request-id": "Sanitized",
        "x-ms-date": "Thu, 17 Jul 2025 01:44:03 GMT",
        "x-ms-return-client-request-id": "true",
        "x-ms-version": "2025-11-05"
      },
      "RequestBody": null,
      "StatusCode": 200,
      "ResponseHeaders": {
        "Content-Type": "application/xml",
        "Date": "Thu, 17 Jul 2025 01:44:02 GMT",
        "Server": [
          "Windows-Azure-File/1.0",
          "Microsoft-HTTPAPI/2.0"
        ],
        "Transfer-Encoding": "chunked",
        "x-ms-client-request-id": "Sanitized",
        "x-ms-request-id": "3a788021-801a-005a-29bc-f6dc3d000000",
        "x-ms-version": "2025-11-05"
      },
      "ResponseBody": "\uFEFF<?xml version=\"1.0\" encoding=\"utf-8\"?><EnumerationResults ServiceEndpoint=\"https://nickliuproductionacc.file.core.windows.net/\" ShareName=\"test-share-3b25db29-09b9-e12b-1349-56de59742eeb\" DirectoryPath=\"sourceFolder/pik\"><DirectoryId>12682206919419494400</DirectoryId><Entries><File><Name>test-file-3d911b91-f1d2-27bd-6968-0dc2d6132efc</Name><FileId>17293892937846882304</FileId><Properties><Content-Length>1024</Content-Length></Properties></File></Entries><NextMarker /></EnumerationResults>"
    },
    {
      "RequestUri": "https://nickliuproductionacc.blob.core.windows.net/test-container-7b76b25a-9023-565c-2f2f-3afeacc9c954?restype=container&comp=list&prefix=destPrefix",
      "RequestMethod": "GET",
      "RequestHeaders": {
        "Accept": "application/xml",
        "Authorization": "Sanitized",
        "traceparent": "00-391d6898390a8d0867b355842c0b80ce-827f72af0e8b61f0-00",
        "User-Agent": "azsdk-net-Storage.Blobs/12.26.0-alpha.20250716.1 (.NET 8.0.18; Microsoft Windows 10.0.26100)",
        "x-ms-client-request-id": "Sanitized",
        "x-ms-date": "Thu, 17 Jul 2025 01:44:03 GMT",
        "x-ms-return-client-request-id": "true",
        "x-ms-version": "2025-11-05"
      },
      "RequestBody": null,
      "StatusCode": 200,
      "ResponseHeaders": {
        "Content-Type": "application/xml",
        "Date": "Thu, 17 Jul 2025 01:44:02 GMT",
        "Server": [
          "Windows-Azure-Blob/1.0",
          "Microsoft-HTTPAPI/2.0"
        ],
        "Transfer-Encoding": "chunked",
        "x-ms-client-request-id": "Sanitized",
        "x-ms-request-id": "c94f778b-a01e-0010-1ebc-f67fb2000000",
        "x-ms-version": "2025-11-05"
      },
      "ResponseBody": "\uFEFF<?xml version=\"1.0\" encoding=\"utf-8\"?><EnumerationResults ServiceEndpoint=\"https://nickliuproductionacc.blob.core.windows.net/\" ContainerName=\"test-container-7b76b25a-9023-565c-2f2f-3afeacc9c954\"><Prefix>destPrefix</Prefix><Blobs><Blob><Name>destPrefix/bar/test-file-cb09b597-94e9-cec2-93bb-37afaa0a3966</Name><VersionId>2025-07-17T01:44:02.9880520Z</VersionId><IsCurrentVersion>true</IsCurrentVersion><Properties><Creation-Time>Thu, 17 Jul 2025 01:44:02 GMT</Creation-Time><Last-Modified>Thu, 17 Jul 2025 01:44:03 GMT</Last-Modified><Etag>0x8DDC4D368B31668</Etag><Content-Length>1024</Content-Length><Content-Type>application/octet-stream</Content-Type><Content-Encoding /><Content-Language /><Content-CRC64 /><Content-MD5 /><Cache-Control /><Content-Disposition /><x-ms-blob-sequence-number>0</x-ms-blob-sequence-number><BlobType>PageBlob</BlobType><LeaseStatus>unlocked</LeaseStatus><LeaseState>available</LeaseState><ServerEncrypted>true</ServerEncrypted></Properties><OrMetadata /></Blob><Blob><Name>destPrefix/item1</Name><VersionId>2025-07-17T01:44:02.9233392Z</VersionId><IsCurrentVersion>true</IsCurrentVersion><Properties><Creation-Time>Thu, 17 Jul 2025 01:44:03 GMT</Creation-Time><Last-Modified>Thu, 17 Jul 2025 01:44:03 GMT</Last-Modified><Etag>0x8DDC4D368B7307B</Etag><Content-Length>1024</Content-Length><Content-Type>application/octet-stream</Content-Type><Content-Encoding /><Content-Language /><Content-CRC64 /><Content-MD5 /><Cache-Control /><Content-Disposition /><x-ms-blob-sequence-number>0</x-ms-blob-sequence-number><BlobType>PageBlob</BlobType><LeaseStatus>unlocked</LeaseStatus><LeaseState>available</LeaseState><ServerEncrypted>true</ServerEncrypted></Properties><OrMetadata /></Blob><Blob><Name>destPrefix/pik/test-file-3d911b91-f1d2-27bd-6968-0dc2d6132efc</Name><VersionId>2025-07-17T01:44:02.9532041Z</VersionId><IsCurrentVersion>true</IsCurrentVersion><Properties><Creation-Time>Thu, 17 Jul 2025 01:44:02 GMT</Creation-Time><Last-Modified>Thu, 17 Jul 2025 01:44:02 GMT</Last-Modified><Etag>0x8DDC4D368AD776C</Etag><Content-Length>1024</Content-Length><Content-Type>application/octet-stream</Content-Type><Content-Encoding /><Content-Language /><Content-CRC64 /><Content-MD5 /><Cache-Control /><Content-Disposition /><x-ms-blob-sequence-number>0</x-ms-blob-sequence-number><BlobType>PageBlob</BlobType><LeaseStatus>unlocked</LeaseStatus><LeaseState>available</LeaseState><ServerEncrypted>true</ServerEncrypted></Properties><OrMetadata /></Blob><Blob><Name>destPrefix/test-file-d3c15b3e-0ad8-0855-1c5e-c1196c75089c</Name><VersionId>2025-07-17T01:44:02.9133794Z</VersionId><IsCurrentVersion>true</IsCurrentVersion><Properties><Creation-Time>Thu, 17 Jul 2025 01:44:02 GMT</Creation-Time><Last-Modified>Thu, 17 Jul 2025 01:44:02 GMT</Last-Modified><Etag>0x8DDC4D368A89AE4</Etag><Content-Length>1024</Content-Length><Content-Type>application/octet-stream</Content-Type><Content-Encoding /><Content-Language /><Content-CRC64 /><Content-MD5 /><Cache-Control /><Content-Disposition /><x-ms-blob-sequence-number>0</x-ms-blob-sequence-number><BlobType>PageBlob</BlobType><LeaseStatus>unlocked</LeaseStatus><LeaseState>available</LeaseState><ServerEncrypted>true</ServerEncrypted></Properties><OrMetadata /></Blob></Blobs><NextMarker /></EnumerationResults>"
    },
    {
      "RequestUri": "https://nickliuproductionacc.file.core.windows.net/test-share-3b25db29-09b9-e12b-1349-56de59742eeb/sourceFolder/bar/test-file-cb09b597-94e9-cec2-93bb-37afaa0a3966",
      "RequestMethod": "HEAD",
      "RequestHeaders": {
        "Accept": "application/xml",
        "Authorization": "Sanitized",
        "traceparent": "00-2b1f6ae10d12b12b296bac242f7b31ed-79358d7c19ec9a77-00",
        "User-Agent": "azsdk-net-Storage.Files.Shares/12.24.0-alpha.20250716.1 (.NET 8.0.18; Microsoft Windows 10.0.26100)",
        "x-ms-client-request-id": "Sanitized",
        "x-ms-date": "Thu, 17 Jul 2025 01:44:03 GMT",
        "x-ms-return-client-request-id": "true",
        "x-ms-version": "2025-11-05"
      },
      "RequestBody": null,
      "StatusCode": 200,
      "ResponseHeaders": {
        "Content-Length": "1024",
        "Content-Type": "application/octet-stream",
        "Date": "Thu, 17 Jul 2025 01:44:03 GMT",
        "ETag": "\"0x8DDC4D368805C7F\"",
        "Last-Modified": "Thu, 17 Jul 2025 01:44:02 GMT",
        "Server": [
          "Windows-Azure-File/1.0",
          "Microsoft-HTTPAPI/2.0"
        ],
        "x-ms-client-request-id": "Sanitized",
        "x-ms-file-attributes": "Archive",
        "x-ms-file-change-time": "2025-07-17T01:44:02.6864767Z",
        "x-ms-file-creation-time": "2025-07-17T01:44:02.6864767Z",
        "x-ms-file-id": "14988049928633188352",
        "x-ms-file-last-write-time": "2025-07-17T01:44:02.6864767Z",
        "x-ms-file-parent-id": "10376363910205800448",
        "x-ms-file-permission-key": "8616074386732128176*16083086822043778878",
        "x-ms-lease-state": "available",
        "x-ms-lease-status": "unlocked",
        "x-ms-request-id": "3a788022-801a-005a-2abc-f6dc3d000000",
        "x-ms-server-encrypted": "true",
        "x-ms-type": "File",
        "x-ms-version": "2025-11-05"
      },
      "ResponseBody": null
    },
    {
      "RequestUri": "https://nickliuproductionacc.blob.core.windows.net/test-container-7b76b25a-9023-565c-2f2f-3afeacc9c954/destPrefix/bar/test-file-cb09b597-94e9-cec2-93bb-37afaa0a3966",
      "RequestMethod": "HEAD",
      "RequestHeaders": {
        "Accept": "application/xml",
        "Authorization": "Sanitized",
        "traceparent": "00-20838aca5ea9f55dc48e5c455fd1fcdd-9dc839a46990564a-00",
        "User-Agent": "azsdk-net-Storage.Blobs/12.26.0-alpha.20250716.1 (.NET 8.0.18; Microsoft Windows 10.0.26100)",
        "x-ms-client-request-id": "Sanitized",
        "x-ms-date": "Thu, 17 Jul 2025 01:44:03 GMT",
        "x-ms-return-client-request-id": "true",
        "x-ms-version": "2025-11-05"
      },
      "RequestBody": null,
      "StatusCode": 200,
      "ResponseHeaders": {
        "Accept-Ranges": "bytes",
        "Content-Length": "1024",
        "Content-Type": "application/octet-stream",
        "Date": "Thu, 17 Jul 2025 01:44:02 GMT",
        "ETag": "\"0x8DDC4D368B31668\"",
        "Last-Modified": "Thu, 17 Jul 2025 01:44:03 GMT",
        "Server": [
          "Windows-Azure-Blob/1.0",
          "Microsoft-HTTPAPI/2.0"
        ],
        "x-ms-blob-sequence-number": "0",
        "x-ms-blob-type": "PageBlob",
        "x-ms-client-request-id": "Sanitized",
        "x-ms-creation-time": "Thu, 17 Jul 2025 01:44:02 GMT",
        "x-ms-is-current-version": "true",
        "x-ms-lease-state": "available",
        "x-ms-lease-status": "unlocked",
        "x-ms-request-id": "c94f77b2-a01e-0010-42bc-f67fb2000000",
        "x-ms-server-encrypted": "true",
        "x-ms-version": "2025-11-05",
        "x-ms-version-id": "2025-07-17T01:44:02.9880520Z"
      },
      "ResponseBody": null
    },
    {
      "RequestUri": "https://nickliuproductionacc.file.core.windows.net/test-share-3b25db29-09b9-e12b-1349-56de59742eeb/sourceFolder/bar/test-file-cb09b597-94e9-cec2-93bb-37afaa0a3966",
      "RequestMethod": "GET",
      "RequestHeaders": {
        "Accept": "application/xml",
        "Authorization": "Sanitized",
        "User-Agent": "azsdk-net-Storage.Files.Shares/12.24.0-alpha.20250716.1 (.NET 8.0.18; Microsoft Windows 10.0.26100)",
        "x-ms-client-request-id": "Sanitized",
        "x-ms-date": "Thu, 17 Jul 2025 01:44:03 GMT",
        "x-ms-range": "bytes=0-1023",
        "x-ms-return-client-request-id": "true",
        "x-ms-version": "2025-11-05"
      },
      "RequestBody": null,
      "StatusCode": 206,
      "ResponseHeaders": {
        "Accept-Ranges": "bytes",
        "Content-Length": "1024",
        "Content-Range": "bytes 0-1023/1024",
        "Content-Type": "application/octet-stream",
        "Date": "Thu, 17 Jul 2025 01:44:03 GMT",
        "ETag": "\"0x8DDC4D368805C7F\"",
        "Last-Modified": "Thu, 17 Jul 2025 01:44:02 GMT",
        "Server": [
          "Windows-Azure-File/1.0",
          "Microsoft-HTTPAPI/2.0"
        ],
        "x-ms-client-request-id": "Sanitized",
        "x-ms-file-attributes": "Archive",
        "x-ms-file-change-time": "2025-07-17T01:44:02.6864767Z",
        "x-ms-file-creation-time": "2025-07-17T01:44:02.6864767Z",
        "x-ms-file-id": "14988049928633188352",
        "x-ms-file-last-write-time": "2025-07-17T01:44:02.6864767Z",
        "x-ms-file-parent-id": "10376363910205800448",
        "x-ms-file-permission-key": "8616074386732128176*16083086822043778878",
        "x-ms-lease-state": "available",
        "x-ms-lease-status": "unlocked",
        "x-ms-request-id": "3a788023-801a-005a-2bbc-f6dc3d000000",
        "x-ms-server-encrypted": "true",
        "x-ms-type": "File",
        "x-ms-version": "2025-11-05"
      },
      "ResponseBody": "AAAAAAAAAAAAAAAAAAAAAAAAAAAAAAAAAAAAAAAAAAAAAAAAAAAAAAAAAAAAAAAAAAAAAAAAAAAAAAAAAAAAAAAAAAAAAAAAAAAAAAAAAAAAAAAAAAAAAAAAAAAAAAAAAAAAAAAAAAAAAAAAAAAAAAAAAAAAAAAAAAAAAAAAAAAAAAAAAAAAAAAAAAAAAAAAAAAAAAAAAAAAAAAAAAAAAAAAAAAAAAAAAAAAAAAAAAAAAAAAAAAAAAAAAAAAAAAAAAAAAAAAAAAAAAAAAAAAAAAAAAAAAAAAAAAAAAAAAAAAAAAAAAAAAAAAAAAAAAAAAAAAAAAAAAAAAAAAAAAAAAAAAAAAAAAAAAAAAAAAAAAAAAAAAAAAAAAAAAAAAAAAAAAAAAAAAAAAAAAAAAAAAAAAAAAAAAAAAAAAAAAAAAAAAAAAAAAAAAAAAAAAAAAAAAAAAAAAAAAAAAAAAAAAAAAAAAAAAAAAAAAAAAAAAAAAAAAAAAAAAAAAAAAAAAAAAAAAAAAAAAAAAAAAAAAAAAAAAAAAAAAAAAAAAAAAAAAAAAAAAAAAAAAAAAAAAAAAAAAAAAAAAAAAAAAAAAAAAAAAAAAAAAAAAAAAAAAAAAAAAAAAAAAAAAAAAAAAAAAAAAAAAAAAAAAAAAAAAAAAAAAAAAAAAAAAAAAAAAAAAAAAAAAAAAAAAAAAAAAAAAAAAAAAAAAAAAAAAAAAAAAAAAAAAAAAAAAAAAAAAAAAAAAAAAAAAAAAAAAAAAAAAAAAAAAAAAAAAAAAAAAAAAAAAAAAAAAAAAAAAAAAAAAAAAAAAAAAAAAAAAAAAAAAAAAAAAAAAAAAAAAAAAAAAAAAAAAAAAAAAAAAAAAAAAAAAAAAAAAAAAAAAAAAAAAAAAAAAAAAAAAAAAAAAAAAAAAAAAAAAAAAAAAAAAAAAAAAAAAAAAAAAAAAAAAAAAAAAAAAAAAAAAAAAAAAAAAAAAAAAAAAAAAAAAAAAAAAAAAAAAAAAAAAAAAAAAAAAAAAAAAAAAAAAAAAAAAAAAAAAAAAAAAAAAAAAAAAAAAAAAAAAAAAAAAAAAAAAAAAAAAAAAAAAAAAAAAAAAAAAAAAAAAAAAAAAAAAAAAAAAAAAAAAAAAAAAAAAAAAAAAAAAAAAAAAAAAAAAAAAAAAAAAAAAAAAAAAAAAAAAAAAAAAAAAAAAAAAAAAAAAAAAAAAAAAAAAAAAAAAAAAAAAAAAAAAAAAAAAAAAAAAAAAAAAAAAAAAAAAAAAAAAAAAAAAAAAAAAAAAAAAAAAAAAAAAAAAAAAAAAAAAAAAAAAAAAAAAAAAAAAAAAAAAAAAAAAAAAAAAAAAAAAAAAAAAAAAAAAAAAAAAA=="
    },
    {
      "RequestUri": "https://nickliuproductionacc.blob.core.windows.net/test-container-7b76b25a-9023-565c-2f2f-3afeacc9c954/destPrefix/bar/test-file-cb09b597-94e9-cec2-93bb-37afaa0a3966",
      "RequestMethod": "GET",
      "RequestHeaders": {
        "Accept": "application/xml",
        "Authorization": "Sanitized",
        "If-Match": "\"0x8DDC4D368B31668\"",
        "User-Agent": "azsdk-net-Storage.Blobs/12.26.0-alpha.20250716.1 (.NET 8.0.18; Microsoft Windows 10.0.26100)",
        "x-ms-client-request-id": "Sanitized",
        "x-ms-date": "Thu, 17 Jul 2025 01:44:03 GMT",
        "x-ms-range": "bytes=0-1023",
        "x-ms-return-client-request-id": "true",
        "x-ms-version": "2025-11-05"
      },
      "RequestBody": null,
      "StatusCode": 206,
      "ResponseHeaders": {
        "Accept-Ranges": "bytes",
        "Content-Length": "1024",
        "Content-Range": "bytes 0-1023/1024",
        "Content-Type": "application/octet-stream",
        "Date": "Thu, 17 Jul 2025 01:44:02 GMT",
        "ETag": "\"0x8DDC4D368B31668\"",
        "Last-Modified": "Thu, 17 Jul 2025 01:44:03 GMT",
        "Server": [
          "Windows-Azure-Blob/1.0",
          "Microsoft-HTTPAPI/2.0"
        ],
        "x-ms-blob-sequence-number": "0",
        "x-ms-blob-type": "PageBlob",
        "x-ms-client-request-id": "Sanitized",
        "x-ms-creation-time": "Thu, 17 Jul 2025 01:44:02 GMT",
        "x-ms-is-current-version": "true",
        "x-ms-lease-state": "available",
        "x-ms-lease-status": "unlocked",
        "x-ms-request-id": "c94f77d2-a01e-0010-5fbc-f67fb2000000",
        "x-ms-server-encrypted": "true",
        "x-ms-version": "2025-11-05",
        "x-ms-version-id": "2025-07-17T01:44:02.9880520Z"
      },
      "ResponseBody": "AAAAAAAAAAAAAAAAAAAAAAAAAAAAAAAAAAAAAAAAAAAAAAAAAAAAAAAAAAAAAAAAAAAAAAAAAAAAAAAAAAAAAAAAAAAAAAAAAAAAAAAAAAAAAAAAAAAAAAAAAAAAAAAAAAAAAAAAAAAAAAAAAAAAAAAAAAAAAAAAAAAAAAAAAAAAAAAAAAAAAAAAAAAAAAAAAAAAAAAAAAAAAAAAAAAAAAAAAAAAAAAAAAAAAAAAAAAAAAAAAAAAAAAAAAAAAAAAAAAAAAAAAAAAAAAAAAAAAAAAAAAAAAAAAAAAAAAAAAAAAAAAAAAAAAAAAAAAAAAAAAAAAAAAAAAAAAAAAAAAAAAAAAAAAAAAAAAAAAAAAAAAAAAAAAAAAAAAAAAAAAAAAAAAAAAAAAAAAAAAAAAAAAAAAAAAAAAAAAAAAAAAAAAAAAAAAAAAAAAAAAAAAAAAAAAAAAAAAAAAAAAAAAAAAAAAAAAAAAAAAAAAAAAAAAAAAAAAAAAAAAAAAAAAAAAAAAAAAAAAAAAAAAAAAAAAAAAAAAAAAAAAAAAAAAAAAAAAAAAAAAAAAAAAAAAAAAAAAAAAAAAAAAAAAAAAAAAAAAAAAAAAAAAAAAAAAAAAAAAAAAAAAAAAAAAAAAAAAAAAAAAAAAAAAAAAAAAAAAAAAAAAAAAAAAAAAAAAAAAAAAAAAAAAAAAAAAAAAAAAAAAAAAAAAAAAAAAAAAAAAAAAAAAAAAAAAAAAAAAAAAAAAAAAAAAAAAAAAAAAAAAAAAAAAAAAAAAAAAAAAAAAAAAAAAAAAAAAAAAAAAAAAAAAAAAAAAAAAAAAAAAAAAAAAAAAAAAAAAAAAAAAAAAAAAAAAAAAAAAAAAAAAAAAAAAAAAAAAAAAAAAAAAAAAAAAAAAAAAAAAAAAAAAAAAAAAAAAAAAAAAAAAAAAAAAAAAAAAAAAAAAAAAAAAAAAAAAAAAAAAAAAAAAAAAAAAAAAAAAAAAAAAAAAAAAAAAAAAAAAAAAAAAAAAAAAAAAAAAAAAAAAAAAAAAAAAAAAAAAAAAAAAAAAAAAAAAAAAAAAAAAAAAAAAAAAAAAAAAAAAAAAAAAAAAAAAAAAAAAAAAAAAAAAAAAAAAAAAAAAAAAAAAAAAAAAAAAAAAAAAAAAAAAAAAAAAAAAAAAAAAAAAAAAAAAAAAAAAAAAAAAAAAAAAAAAAAAAAAAAAAAAAAAAAAAAAAAAAAAAAAAAAAAAAAAAAAAAAAAAAAAAAAAAAAAAAAAAAAAAAAAAAAAAAAAAAAAAAAAAAAAAAAAAAAAAAAAAAAAAAAAAAAAAAAAAAAAAAAAAAAAAAAAAAAAAAAAAAAAAAAAAAAAAAAAAAAAAAAAAAAAAAA=="
    },
    {
      "RequestUri": "https://nickliuproductionacc.file.core.windows.net/test-share-3b25db29-09b9-e12b-1349-56de59742eeb/sourceFolder/item1",
      "RequestMethod": "HEAD",
      "RequestHeaders": {
        "Accept": "application/xml",
        "Authorization": "Sanitized",
        "traceparent": "00-48405183a360258bcc832f5eba579acb-4c1c82e633417b56-00",
        "User-Agent": "azsdk-net-Storage.Files.Shares/12.24.0-alpha.20250716.1 (.NET 8.0.18; Microsoft Windows 10.0.26100)",
        "x-ms-client-request-id": "Sanitized",
        "x-ms-date": "Thu, 17 Jul 2025 01:44:03 GMT",
        "x-ms-return-client-request-id": "true",
        "x-ms-version": "2025-11-05"
      },
      "RequestBody": null,
      "StatusCode": 200,
      "ResponseHeaders": {
        "Content-Length": "1024",
        "Content-Type": "application/octet-stream",
        "Date": "Thu, 17 Jul 2025 01:44:03 GMT",
        "ETag": "\"0x8DDC4D3686FF428\"",
        "Last-Modified": "Thu, 17 Jul 2025 01:44:02 GMT",
        "Server": [
          "Windows-Azure-File/1.0",
          "Microsoft-HTTPAPI/2.0"
        ],
        "x-ms-client-request-id": "Sanitized",
        "x-ms-file-attributes": "Archive",
        "x-ms-file-change-time": "2025-07-17T01:44:02.5789480Z",
        "x-ms-file-creation-time": "2025-07-17T01:44:02.5789480Z",
        "x-ms-file-id": "11529285414812647424",
        "x-ms-file-last-write-time": "2025-07-17T01:44:02.5789480Z",
        "x-ms-file-parent-id": "13835128424026341376",
        "x-ms-file-permission-key": "8616074386732128176*16083086822043778878",
        "x-ms-lease-state": "available",
        "x-ms-lease-status": "unlocked",
        "x-ms-request-id": "3a788024-801a-005a-2cbc-f6dc3d000000",
        "x-ms-server-encrypted": "true",
        "x-ms-type": "File",
        "x-ms-version": "2025-11-05"
      },
      "ResponseBody": null
    },
    {
      "RequestUri": "https://nickliuproductionacc.blob.core.windows.net/test-container-7b76b25a-9023-565c-2f2f-3afeacc9c954/destPrefix/item1",
      "RequestMethod": "HEAD",
      "RequestHeaders": {
        "Accept": "application/xml",
        "Authorization": "Sanitized",
        "traceparent": "00-10e0008bc85ec1715d747b577221d1e8-ef231ccd2a6441df-00",
        "User-Agent": "azsdk-net-Storage.Blobs/12.26.0-alpha.20250716.1 (.NET 8.0.18; Microsoft Windows 10.0.26100)",
        "x-ms-client-request-id": "Sanitized",
        "x-ms-date": "Thu, 17 Jul 2025 01:44:03 GMT",
        "x-ms-return-client-request-id": "true",
        "x-ms-version": "2025-11-05"
      },
      "RequestBody": null,
      "StatusCode": 200,
      "ResponseHeaders": {
        "Accept-Ranges": "bytes",
        "Content-Length": "1024",
        "Content-Type": "application/octet-stream",
        "Date": "Thu, 17 Jul 2025 01:44:02 GMT",
        "ETag": "\"0x8DDC4D368B7307B\"",
        "Last-Modified": "Thu, 17 Jul 2025 01:44:03 GMT",
        "Server": [
          "Windows-Azure-Blob/1.0",
          "Microsoft-HTTPAPI/2.0"
        ],
        "x-ms-blob-sequence-number": "0",
        "x-ms-blob-type": "PageBlob",
        "x-ms-client-request-id": "Sanitized",
        "x-ms-creation-time": "Thu, 17 Jul 2025 01:44:03 GMT",
        "x-ms-is-current-version": "true",
        "x-ms-lease-state": "available",
        "x-ms-lease-status": "unlocked",
        "x-ms-request-id": "c94f77f6-a01e-0010-01bc-f67fb2000000",
        "x-ms-server-encrypted": "true",
        "x-ms-version": "2025-11-05",
        "x-ms-version-id": "2025-07-17T01:44:02.9233392Z"
      },
      "ResponseBody": null
    },
    {
      "RequestUri": "https://nickliuproductionacc.file.core.windows.net/test-share-3b25db29-09b9-e12b-1349-56de59742eeb/sourceFolder/item1",
      "RequestMethod": "GET",
      "RequestHeaders": {
        "Accept": "application/xml",
        "Authorization": "Sanitized",
        "User-Agent": "azsdk-net-Storage.Files.Shares/12.24.0-alpha.20250716.1 (.NET 8.0.18; Microsoft Windows 10.0.26100)",
        "x-ms-client-request-id": "Sanitized",
        "x-ms-date": "Thu, 17 Jul 2025 01:44:03 GMT",
        "x-ms-range": "bytes=0-1023",
        "x-ms-return-client-request-id": "true",
        "x-ms-version": "2025-11-05"
      },
      "RequestBody": null,
      "StatusCode": 206,
      "ResponseHeaders": {
        "Accept-Ranges": "bytes",
        "Content-Length": "1024",
        "Content-Range": "bytes 0-1023/1024",
        "Content-Type": "application/octet-stream",
        "Date": "Thu, 17 Jul 2025 01:44:03 GMT",
        "ETag": "\"0x8DDC4D3686FF428\"",
        "Last-Modified": "Thu, 17 Jul 2025 01:44:02 GMT",
        "Server": [
          "Windows-Azure-File/1.0",
          "Microsoft-HTTPAPI/2.0"
        ],
        "x-ms-client-request-id": "Sanitized",
        "x-ms-file-attributes": "Archive",
        "x-ms-file-change-time": "2025-07-17T01:44:02.5789480Z",
        "x-ms-file-creation-time": "2025-07-17T01:44:02.5789480Z",
        "x-ms-file-id": "11529285414812647424",
        "x-ms-file-last-write-time": "2025-07-17T01:44:02.5789480Z",
        "x-ms-file-parent-id": "13835128424026341376",
        "x-ms-file-permission-key": "8616074386732128176*16083086822043778878",
        "x-ms-lease-state": "available",
        "x-ms-lease-status": "unlocked",
        "x-ms-request-id": "3a788025-801a-005a-2dbc-f6dc3d000000",
        "x-ms-server-encrypted": "true",
        "x-ms-type": "File",
        "x-ms-version": "2025-11-05"
      },
      "ResponseBody": "AAAAAAAAAAAAAAAAAAAAAAAAAAAAAAAAAAAAAAAAAAAAAAAAAAAAAAAAAAAAAAAAAAAAAAAAAAAAAAAAAAAAAAAAAAAAAAAAAAAAAAAAAAAAAAAAAAAAAAAAAAAAAAAAAAAAAAAAAAAAAAAAAAAAAAAAAAAAAAAAAAAAAAAAAAAAAAAAAAAAAAAAAAAAAAAAAAAAAAAAAAAAAAAAAAAAAAAAAAAAAAAAAAAAAAAAAAAAAAAAAAAAAAAAAAAAAAAAAAAAAAAAAAAAAAAAAAAAAAAAAAAAAAAAAAAAAAAAAAAAAAAAAAAAAAAAAAAAAAAAAAAAAAAAAAAAAAAAAAAAAAAAAAAAAAAAAAAAAAAAAAAAAAAAAAAAAAAAAAAAAAAAAAAAAAAAAAAAAAAAAAAAAAAAAAAAAAAAAAAAAAAAAAAAAAAAAAAAAAAAAAAAAAAAAAAAAAAAAAAAAAAAAAAAAAAAAAAAAAAAAAAAAAAAAAAAAAAAAAAAAAAAAAAAAAAAAAAAAAAAAAAAAAAAAAAAAAAAAAAAAAAAAAAAAAAAAAAAAAAAAAAAAAAAAAAAAAAAAAAAAAAAAAAAAAAAAAAAAAAAAAAAAAAAAAAAAAAAAAAAAAAAAAAAAAAAAAAAAAAAAAAAAAAAAAAAAAAAAAAAAAAAAAAAAAAAAAAAAAAAAAAAAAAAAAAAAAAAAAAAAAAAAAAAAAAAAAAAAAAAAAAAAAAAAAAAAAAAAAAAAAAAAAAAAAAAAAAAAAAAAAAAAAAAAAAAAAAAAAAAAAAAAAAAAAAAAAAAAAAAAAAAAAAAAAAAAAAAAAAAAAAAAAAAAAAAAAAAAAAAAAAAAAAAAAAAAAAAAAAAAAAAAAAAAAAAAAAAAAAAAAAAAAAAAAAAAAAAAAAAAAAAAAAAAAAAAAAAAAAAAAAAAAAAAAAAAAAAAAAAAAAAAAAAAAAAAAAAAAAAAAAAAAAAAAAAAAAAAAAAAAAAAAAAAAAAAAAAAAAAAAAAAAAAAAAAAAAAAAAAAAAAAAAAAAAAAAAAAAAAAAAAAAAAAAAAAAAAAAAAAAAAAAAAAAAAAAAAAAAAAAAAAAAAAAAAAAAAAAAAAAAAAAAAAAAAAAAAAAAAAAAAAAAAAAAAAAAAAAAAAAAAAAAAAAAAAAAAAAAAAAAAAAAAAAAAAAAAAAAAAAAAAAAAAAAAAAAAAAAAAAAAAAAAAAAAAAAAAAAAAAAAAAAAAAAAAAAAAAAAAAAAAAAAAAAAAAAAAAAAAAAAAAAAAAAAAAAAAAAAAAAAAAAAAAAAAAAAAAAAAAAAAAAAAAAAAAAAAAAAAAAAAAAAAAAAAAAAAAAAAAAAAAAAAAAAAAAAAAAAAAAAAA=="
    },
    {
      "RequestUri": "https://nickliuproductionacc.blob.core.windows.net/test-container-7b76b25a-9023-565c-2f2f-3afeacc9c954/destPrefix/item1",
      "RequestMethod": "GET",
      "RequestHeaders": {
        "Accept": "application/xml",
        "Authorization": "Sanitized",
        "If-Match": "\"0x8DDC4D368B7307B\"",
        "User-Agent": "azsdk-net-Storage.Blobs/12.26.0-alpha.20250716.1 (.NET 8.0.18; Microsoft Windows 10.0.26100)",
        "x-ms-client-request-id": "Sanitized",
        "x-ms-date": "Thu, 17 Jul 2025 01:44:03 GMT",
        "x-ms-range": "bytes=0-1023",
        "x-ms-return-client-request-id": "true",
        "x-ms-version": "2025-11-05"
      },
      "RequestBody": null,
      "StatusCode": 206,
      "ResponseHeaders": {
        "Accept-Ranges": "bytes",
        "Content-Length": "1024",
        "Content-Range": "bytes 0-1023/1024",
        "Content-Type": "application/octet-stream",
        "Date": "Thu, 17 Jul 2025 01:44:02 GMT",
        "ETag": "\"0x8DDC4D368B7307B\"",
        "Last-Modified": "Thu, 17 Jul 2025 01:44:03 GMT",
        "Server": [
          "Windows-Azure-Blob/1.0",
          "Microsoft-HTTPAPI/2.0"
        ],
        "x-ms-blob-sequence-number": "0",
        "x-ms-blob-type": "PageBlob",
        "x-ms-client-request-id": "Sanitized",
        "x-ms-creation-time": "Thu, 17 Jul 2025 01:44:03 GMT",
        "x-ms-is-current-version": "true",
        "x-ms-lease-state": "available",
        "x-ms-lease-status": "unlocked",
        "x-ms-request-id": "c94f7812-a01e-0010-1cbc-f67fb2000000",
        "x-ms-server-encrypted": "true",
        "x-ms-version": "2025-11-05",
        "x-ms-version-id": "2025-07-17T01:44:02.9233392Z"
      },
      "ResponseBody": "AAAAAAAAAAAAAAAAAAAAAAAAAAAAAAAAAAAAAAAAAAAAAAAAAAAAAAAAAAAAAAAAAAAAAAAAAAAAAAAAAAAAAAAAAAAAAAAAAAAAAAAAAAAAAAAAAAAAAAAAAAAAAAAAAAAAAAAAAAAAAAAAAAAAAAAAAAAAAAAAAAAAAAAAAAAAAAAAAAAAAAAAAAAAAAAAAAAAAAAAAAAAAAAAAAAAAAAAAAAAAAAAAAAAAAAAAAAAAAAAAAAAAAAAAAAAAAAAAAAAAAAAAAAAAAAAAAAAAAAAAAAAAAAAAAAAAAAAAAAAAAAAAAAAAAAAAAAAAAAAAAAAAAAAAAAAAAAAAAAAAAAAAAAAAAAAAAAAAAAAAAAAAAAAAAAAAAAAAAAAAAAAAAAAAAAAAAAAAAAAAAAAAAAAAAAAAAAAAAAAAAAAAAAAAAAAAAAAAAAAAAAAAAAAAAAAAAAAAAAAAAAAAAAAAAAAAAAAAAAAAAAAAAAAAAAAAAAAAAAAAAAAAAAAAAAAAAAAAAAAAAAAAAAAAAAAAAAAAAAAAAAAAAAAAAAAAAAAAAAAAAAAAAAAAAAAAAAAAAAAAAAAAAAAAAAAAAAAAAAAAAAAAAAAAAAAAAAAAAAAAAAAAAAAAAAAAAAAAAAAAAAAAAAAAAAAAAAAAAAAAAAAAAAAAAAAAAAAAAAAAAAAAAAAAAAAAAAAAAAAAAAAAAAAAAAAAAAAAAAAAAAAAAAAAAAAAAAAAAAAAAAAAAAAAAAAAAAAAAAAAAAAAAAAAAAAAAAAAAAAAAAAAAAAAAAAAAAAAAAAAAAAAAAAAAAAAAAAAAAAAAAAAAAAAAAAAAAAAAAAAAAAAAAAAAAAAAAAAAAAAAAAAAAAAAAAAAAAAAAAAAAAAAAAAAAAAAAAAAAAAAAAAAAAAAAAAAAAAAAAAAAAAAAAAAAAAAAAAAAAAAAAAAAAAAAAAAAAAAAAAAAAAAAAAAAAAAAAAAAAAAAAAAAAAAAAAAAAAAAAAAAAAAAAAAAAAAAAAAAAAAAAAAAAAAAAAAAAAAAAAAAAAAAAAAAAAAAAAAAAAAAAAAAAAAAAAAAAAAAAAAAAAAAAAAAAAAAAAAAAAAAAAAAAAAAAAAAAAAAAAAAAAAAAAAAAAAAAAAAAAAAAAAAAAAAAAAAAAAAAAAAAAAAAAAAAAAAAAAAAAAAAAAAAAAAAAAAAAAAAAAAAAAAAAAAAAAAAAAAAAAAAAAAAAAAAAAAAAAAAAAAAAAAAAAAAAAAAAAAAAAAAAAAAAAAAAAAAAAAAAAAAAAAAAAAAAAAAAAAAAAAAAAAAAAAAAAAAAAAAAAAAAAAAAAAAAAAAAAAAAAAAAAAAAAAAAAAAAAAAAAAAAA=="
    },
    {
      "RequestUri": "https://nickliuproductionacc.file.core.windows.net/test-share-3b25db29-09b9-e12b-1349-56de59742eeb/sourceFolder/pik/test-file-3d911b91-f1d2-27bd-6968-0dc2d6132efc",
      "RequestMethod": "HEAD",
      "RequestHeaders": {
        "Accept": "application/xml",
        "Authorization": "Sanitized",
        "traceparent": "00-ca4ac768eeadb2bc4c759737694ce1e7-34ae741f3792f582-00",
        "User-Agent": "azsdk-net-Storage.Files.Shares/12.24.0-alpha.20250716.1 (.NET 8.0.18; Microsoft Windows 10.0.26100)",
        "x-ms-client-request-id": "Sanitized",
        "x-ms-date": "Thu, 17 Jul 2025 01:44:03 GMT",
        "x-ms-return-client-request-id": "true",
        "x-ms-version": "2025-11-05"
      },
      "RequestBody": null,
      "StatusCode": 200,
      "ResponseHeaders": {
        "Content-Length": "1024",
        "Content-Type": "application/octet-stream",
        "Date": "Thu, 17 Jul 2025 01:44:03 GMT",
        "ETag": "\"0x8DDC4D36889A0DC\"",
        "Last-Modified": "Thu, 17 Jul 2025 01:44:02 GMT",
        "Server": [
          "Windows-Azure-File/1.0",
          "Microsoft-HTTPAPI/2.0"
        ],
        "x-ms-client-request-id": "Sanitized",
        "x-ms-file-attributes": "Archive",
        "x-ms-file-change-time": "2025-07-17T01:44:02.7472092Z",
        "x-ms-file-creation-time": "2025-07-17T01:44:02.7472092Z",
        "x-ms-file-id": "17293892937846882304",
        "x-ms-file-last-write-time": "2025-07-17T01:44:02.7472092Z",
        "x-ms-file-parent-id": "12682206919419494400",
        "x-ms-file-permission-key": "8616074386732128176*16083086822043778878",
        "x-ms-lease-state": "available",
        "x-ms-lease-status": "unlocked",
        "x-ms-request-id": "3a788026-801a-005a-2ebc-f6dc3d000000",
        "x-ms-server-encrypted": "true",
        "x-ms-type": "File",
        "x-ms-version": "2025-11-05"
      },
      "ResponseBody": null
    },
    {
      "RequestUri": "https://nickliuproductionacc.blob.core.windows.net/test-container-7b76b25a-9023-565c-2f2f-3afeacc9c954/destPrefix/pik/test-file-3d911b91-f1d2-27bd-6968-0dc2d6132efc",
      "RequestMethod": "HEAD",
      "RequestHeaders": {
        "Accept": "application/xml",
        "Authorization": "Sanitized",
        "traceparent": "00-36510df0ac05aac241afdef7d6621498-0abb2f4fb5ef6b0f-00",
        "User-Agent": "azsdk-net-Storage.Blobs/12.26.0-alpha.20250716.1 (.NET 8.0.18; Microsoft Windows 10.0.26100)",
        "x-ms-client-request-id": "Sanitized",
        "x-ms-date": "Thu, 17 Jul 2025 01:44:03 GMT",
        "x-ms-return-client-request-id": "true",
        "x-ms-version": "2025-11-05"
      },
      "RequestBody": null,
      "StatusCode": 200,
      "ResponseHeaders": {
        "Accept-Ranges": "bytes",
        "Content-Length": "1024",
        "Content-Type": "application/octet-stream",
        "Date": "Thu, 17 Jul 2025 01:44:02 GMT",
        "ETag": "\"0x8DDC4D368AD776C\"",
        "Last-Modified": "Thu, 17 Jul 2025 01:44:02 GMT",
        "Server": [
          "Windows-Azure-Blob/1.0",
          "Microsoft-HTTPAPI/2.0"
        ],
        "x-ms-blob-sequence-number": "0",
        "x-ms-blob-type": "PageBlob",
        "x-ms-client-request-id": "Sanitized",
        "x-ms-creation-time": "Thu, 17 Jul 2025 01:44:02 GMT",
        "x-ms-is-current-version": "true",
        "x-ms-lease-state": "available",
        "x-ms-lease-status": "unlocked",
        "x-ms-request-id": "c94f7827-a01e-0010-2dbc-f67fb2000000",
        "x-ms-server-encrypted": "true",
        "x-ms-version": "2025-11-05",
        "x-ms-version-id": "2025-07-17T01:44:02.9532041Z"
      },
      "ResponseBody": null
    },
    {
      "RequestUri": "https://nickliuproductionacc.file.core.windows.net/test-share-3b25db29-09b9-e12b-1349-56de59742eeb/sourceFolder/pik/test-file-3d911b91-f1d2-27bd-6968-0dc2d6132efc",
      "RequestMethod": "GET",
      "RequestHeaders": {
        "Accept": "application/xml",
        "Authorization": "Sanitized",
        "User-Agent": "azsdk-net-Storage.Files.Shares/12.24.0-alpha.20250716.1 (.NET 8.0.18; Microsoft Windows 10.0.26100)",
        "x-ms-client-request-id": "Sanitized",
        "x-ms-date": "Thu, 17 Jul 2025 01:44:03 GMT",
        "x-ms-range": "bytes=0-1023",
        "x-ms-return-client-request-id": "true",
        "x-ms-version": "2025-11-05"
      },
      "RequestBody": null,
      "StatusCode": 206,
      "ResponseHeaders": {
        "Accept-Ranges": "bytes",
        "Content-Length": "1024",
        "Content-Range": "bytes 0-1023/1024",
        "Content-Type": "application/octet-stream",
        "Date": "Thu, 17 Jul 2025 01:44:03 GMT",
        "ETag": "\"0x8DDC4D36889A0DC\"",
        "Last-Modified": "Thu, 17 Jul 2025 01:44:02 GMT",
        "Server": [
          "Windows-Azure-File/1.0",
          "Microsoft-HTTPAPI/2.0"
        ],
        "x-ms-client-request-id": "Sanitized",
        "x-ms-file-attributes": "Archive",
        "x-ms-file-change-time": "2025-07-17T01:44:02.7472092Z",
        "x-ms-file-creation-time": "2025-07-17T01:44:02.7472092Z",
        "x-ms-file-id": "17293892937846882304",
        "x-ms-file-last-write-time": "2025-07-17T01:44:02.7472092Z",
        "x-ms-file-parent-id": "12682206919419494400",
        "x-ms-file-permission-key": "8616074386732128176*16083086822043778878",
        "x-ms-lease-state": "available",
        "x-ms-lease-status": "unlocked",
        "x-ms-request-id": "3a788027-801a-005a-2fbc-f6dc3d000000",
        "x-ms-server-encrypted": "true",
        "x-ms-type": "File",
        "x-ms-version": "2025-11-05"
      },
      "ResponseBody": "AAAAAAAAAAAAAAAAAAAAAAAAAAAAAAAAAAAAAAAAAAAAAAAAAAAAAAAAAAAAAAAAAAAAAAAAAAAAAAAAAAAAAAAAAAAAAAAAAAAAAAAAAAAAAAAAAAAAAAAAAAAAAAAAAAAAAAAAAAAAAAAAAAAAAAAAAAAAAAAAAAAAAAAAAAAAAAAAAAAAAAAAAAAAAAAAAAAAAAAAAAAAAAAAAAAAAAAAAAAAAAAAAAAAAAAAAAAAAAAAAAAAAAAAAAAAAAAAAAAAAAAAAAAAAAAAAAAAAAAAAAAAAAAAAAAAAAAAAAAAAAAAAAAAAAAAAAAAAAAAAAAAAAAAAAAAAAAAAAAAAAAAAAAAAAAAAAAAAAAAAAAAAAAAAAAAAAAAAAAAAAAAAAAAAAAAAAAAAAAAAAAAAAAAAAAAAAAAAAAAAAAAAAAAAAAAAAAAAAAAAAAAAAAAAAAAAAAAAAAAAAAAAAAAAAAAAAAAAAAAAAAAAAAAAAAAAAAAAAAAAAAAAAAAAAAAAAAAAAAAAAAAAAAAAAAAAAAAAAAAAAAAAAAAAAAAAAAAAAAAAAAAAAAAAAAAAAAAAAAAAAAAAAAAAAAAAAAAAAAAAAAAAAAAAAAAAAAAAAAAAAAAAAAAAAAAAAAAAAAAAAAAAAAAAAAAAAAAAAAAAAAAAAAAAAAAAAAAAAAAAAAAAAAAAAAAAAAAAAAAAAAAAAAAAAAAAAAAAAAAAAAAAAAAAAAAAAAAAAAAAAAAAAAAAAAAAAAAAAAAAAAAAAAAAAAAAAAAAAAAAAAAAAAAAAAAAAAAAAAAAAAAAAAAAAAAAAAAAAAAAAAAAAAAAAAAAAAAAAAAAAAAAAAAAAAAAAAAAAAAAAAAAAAAAAAAAAAAAAAAAAAAAAAAAAAAAAAAAAAAAAAAAAAAAAAAAAAAAAAAAAAAAAAAAAAAAAAAAAAAAAAAAAAAAAAAAAAAAAAAAAAAAAAAAAAAAAAAAAAAAAAAAAAAAAAAAAAAAAAAAAAAAAAAAAAAAAAAAAAAAAAAAAAAAAAAAAAAAAAAAAAAAAAAAAAAAAAAAAAAAAAAAAAAAAAAAAAAAAAAAAAAAAAAAAAAAAAAAAAAAAAAAAAAAAAAAAAAAAAAAAAAAAAAAAAAAAAAAAAAAAAAAAAAAAAAAAAAAAAAAAAAAAAAAAAAAAAAAAAAAAAAAAAAAAAAAAAAAAAAAAAAAAAAAAAAAAAAAAAAAAAAAAAAAAAAAAAAAAAAAAAAAAAAAAAAAAAAAAAAAAAAAAAAAAAAAAAAAAAAAAAAAAAAAAAAAAAAAAAAAAAAAAAAAAAAAAAAAAAAAAAAAAAAAAAAAAAAAAAAAAAAAAAAAAAAAAAAAAAAAAAAAA=="
    },
    {
      "RequestUri": "https://nickliuproductionacc.blob.core.windows.net/test-container-7b76b25a-9023-565c-2f2f-3afeacc9c954/destPrefix/pik/test-file-3d911b91-f1d2-27bd-6968-0dc2d6132efc",
      "RequestMethod": "GET",
      "RequestHeaders": {
        "Accept": "application/xml",
        "Authorization": "Sanitized",
        "If-Match": "\"0x8DDC4D368AD776C\"",
        "User-Agent": "azsdk-net-Storage.Blobs/12.26.0-alpha.20250716.1 (.NET 8.0.18; Microsoft Windows 10.0.26100)",
        "x-ms-client-request-id": "Sanitized",
        "x-ms-date": "Thu, 17 Jul 2025 01:44:03 GMT",
        "x-ms-range": "bytes=0-1023",
        "x-ms-return-client-request-id": "true",
        "x-ms-version": "2025-11-05"
      },
      "RequestBody": null,
      "StatusCode": 206,
      "ResponseHeaders": {
        "Accept-Ranges": "bytes",
        "Content-Length": "1024",
        "Content-Range": "bytes 0-1023/1024",
        "Content-Type": "application/octet-stream",
        "Date": "Thu, 17 Jul 2025 01:44:02 GMT",
        "ETag": "\"0x8DDC4D368AD776C\"",
        "Last-Modified": "Thu, 17 Jul 2025 01:44:02 GMT",
        "Server": [
          "Windows-Azure-Blob/1.0",
          "Microsoft-HTTPAPI/2.0"
        ],
        "x-ms-blob-sequence-number": "0",
        "x-ms-blob-type": "PageBlob",
        "x-ms-client-request-id": "Sanitized",
        "x-ms-creation-time": "Thu, 17 Jul 2025 01:44:02 GMT",
        "x-ms-is-current-version": "true",
        "x-ms-lease-state": "available",
        "x-ms-lease-status": "unlocked",
        "x-ms-request-id": "c94f7849-a01e-0010-4bbc-f67fb2000000",
        "x-ms-server-encrypted": "true",
        "x-ms-version": "2025-11-05",
        "x-ms-version-id": "2025-07-17T01:44:02.9532041Z"
      },
      "ResponseBody": "AAAAAAAAAAAAAAAAAAAAAAAAAAAAAAAAAAAAAAAAAAAAAAAAAAAAAAAAAAAAAAAAAAAAAAAAAAAAAAAAAAAAAAAAAAAAAAAAAAAAAAAAAAAAAAAAAAAAAAAAAAAAAAAAAAAAAAAAAAAAAAAAAAAAAAAAAAAAAAAAAAAAAAAAAAAAAAAAAAAAAAAAAAAAAAAAAAAAAAAAAAAAAAAAAAAAAAAAAAAAAAAAAAAAAAAAAAAAAAAAAAAAAAAAAAAAAAAAAAAAAAAAAAAAAAAAAAAAAAAAAAAAAAAAAAAAAAAAAAAAAAAAAAAAAAAAAAAAAAAAAAAAAAAAAAAAAAAAAAAAAAAAAAAAAAAAAAAAAAAAAAAAAAAAAAAAAAAAAAAAAAAAAAAAAAAAAAAAAAAAAAAAAAAAAAAAAAAAAAAAAAAAAAAAAAAAAAAAAAAAAAAAAAAAAAAAAAAAAAAAAAAAAAAAAAAAAAAAAAAAAAAAAAAAAAAAAAAAAAAAAAAAAAAAAAAAAAAAAAAAAAAAAAAAAAAAAAAAAAAAAAAAAAAAAAAAAAAAAAAAAAAAAAAAAAAAAAAAAAAAAAAAAAAAAAAAAAAAAAAAAAAAAAAAAAAAAAAAAAAAAAAAAAAAAAAAAAAAAAAAAAAAAAAAAAAAAAAAAAAAAAAAAAAAAAAAAAAAAAAAAAAAAAAAAAAAAAAAAAAAAAAAAAAAAAAAAAAAAAAAAAAAAAAAAAAAAAAAAAAAAAAAAAAAAAAAAAAAAAAAAAAAAAAAAAAAAAAAAAAAAAAAAAAAAAAAAAAAAAAAAAAAAAAAAAAAAAAAAAAAAAAAAAAAAAAAAAAAAAAAAAAAAAAAAAAAAAAAAAAAAAAAAAAAAAAAAAAAAAAAAAAAAAAAAAAAAAAAAAAAAAAAAAAAAAAAAAAAAAAAAAAAAAAAAAAAAAAAAAAAAAAAAAAAAAAAAAAAAAAAAAAAAAAAAAAAAAAAAAAAAAAAAAAAAAAAAAAAAAAAAAAAAAAAAAAAAAAAAAAAAAAAAAAAAAAAAAAAAAAAAAAAAAAAAAAAAAAAAAAAAAAAAAAAAAAAAAAAAAAAAAAAAAAAAAAAAAAAAAAAAAAAAAAAAAAAAAAAAAAAAAAAAAAAAAAAAAAAAAAAAAAAAAAAAAAAAAAAAAAAAAAAAAAAAAAAAAAAAAAAAAAAAAAAAAAAAAAAAAAAAAAAAAAAAAAAAAAAAAAAAAAAAAAAAAAAAAAAAAAAAAAAAAAAAAAAAAAAAAAAAAAAAAAAAAAAAAAAAAAAAAAAAAAAAAAAAAAAAAAAAAAAAAAAAAAAAAAAAAAAAAAAAAAAAAAAAAAAAAAAAAAAAAAAAAAAAAAAAAAAAAAAAA=="
    },
    {
      "RequestUri": "https://nickliuproductionacc.file.core.windows.net/test-share-3b25db29-09b9-e12b-1349-56de59742eeb/sourceFolder/test-file-d3c15b3e-0ad8-0855-1c5e-c1196c75089c",
      "RequestMethod": "HEAD",
      "RequestHeaders": {
        "Accept": "application/xml",
        "Authorization": "Sanitized",
        "traceparent": "00-688f02c5762de9aa478b5f116430be1c-886a5adea0c5b990-00",
        "User-Agent": "azsdk-net-Storage.Files.Shares/12.24.0-alpha.20250716.1 (.NET 8.0.18; Microsoft Windows 10.0.26100)",
        "x-ms-client-request-id": "Sanitized",
        "x-ms-date": "Thu, 17 Jul 2025 01:44:03 GMT",
        "x-ms-return-client-request-id": "true",
        "x-ms-version": "2025-11-05"
      },
      "RequestBody": null,
      "StatusCode": 200,
      "ResponseHeaders": {
        "Content-Length": "1024",
        "Content-Type": "application/octet-stream",
        "Date": "Thu, 17 Jul 2025 01:44:03 GMT",
        "ETag": "\"0x8DDC4D36877B3A7\"",
        "Last-Modified": "Thu, 17 Jul 2025 01:44:02 GMT",
        "Server": [
          "Windows-Azure-File/1.0",
          "Microsoft-HTTPAPI/2.0"
        ],
        "x-ms-client-request-id": "Sanitized",
        "x-ms-file-attributes": "Archive",
        "x-ms-file-change-time": "2025-07-17T01:44:02.6297255Z",
        "x-ms-file-creation-time": "2025-07-17T01:44:02.6297255Z",
        "x-ms-file-id": "16140971433240035328",
        "x-ms-file-last-write-time": "2025-07-17T01:44:02.6297255Z",
        "x-ms-file-parent-id": "13835128424026341376",
        "x-ms-file-permission-key": "8616074386732128176*16083086822043778878",
        "x-ms-lease-state": "available",
        "x-ms-lease-status": "unlocked",
        "x-ms-request-id": "3a788028-801a-005a-30bc-f6dc3d000000",
        "x-ms-server-encrypted": "true",
        "x-ms-type": "File",
        "x-ms-version": "2025-11-05"
      },
      "ResponseBody": null
    },
    {
      "RequestUri": "https://nickliuproductionacc.blob.core.windows.net/test-container-7b76b25a-9023-565c-2f2f-3afeacc9c954/destPrefix/test-file-d3c15b3e-0ad8-0855-1c5e-c1196c75089c",
      "RequestMethod": "HEAD",
      "RequestHeaders": {
        "Accept": "application/xml",
        "Authorization": "Sanitized",
        "traceparent": "00-86c6c069ea0bc10105809002c93cd42a-f0ee654dfb26c45f-00",
        "User-Agent": "azsdk-net-Storage.Blobs/12.26.0-alpha.20250716.1 (.NET 8.0.18; Microsoft Windows 10.0.26100)",
        "x-ms-client-request-id": "Sanitized",
        "x-ms-date": "Thu, 17 Jul 2025 01:44:03 GMT",
        "x-ms-return-client-request-id": "true",
        "x-ms-version": "2025-11-05"
      },
      "RequestBody": null,
      "StatusCode": 200,
      "ResponseHeaders": {
        "Accept-Ranges": "bytes",
        "Content-Length": "1024",
        "Content-Type": "application/octet-stream",
        "Date": "Thu, 17 Jul 2025 01:44:02 GMT",
        "ETag": "\"0x8DDC4D368A89AE4\"",
        "Last-Modified": "Thu, 17 Jul 2025 01:44:02 GMT",
        "Server": [
          "Windows-Azure-Blob/1.0",
          "Microsoft-HTTPAPI/2.0"
        ],
        "x-ms-blob-sequence-number": "0",
        "x-ms-blob-type": "PageBlob",
        "x-ms-client-request-id": "Sanitized",
        "x-ms-creation-time": "Thu, 17 Jul 2025 01:44:02 GMT",
        "x-ms-is-current-version": "true",
        "x-ms-lease-state": "available",
        "x-ms-lease-status": "unlocked",
        "x-ms-request-id": "c94f7881-a01e-0010-7bbc-f67fb2000000",
        "x-ms-server-encrypted": "true",
        "x-ms-version": "2025-11-05",
        "x-ms-version-id": "2025-07-17T01:44:02.9133794Z"
      },
      "ResponseBody": null
    },
    {
      "RequestUri": "https://nickliuproductionacc.file.core.windows.net/test-share-3b25db29-09b9-e12b-1349-56de59742eeb/sourceFolder/test-file-d3c15b3e-0ad8-0855-1c5e-c1196c75089c",
      "RequestMethod": "GET",
      "RequestHeaders": {
        "Accept": "application/xml",
        "Authorization": "Sanitized",
        "User-Agent": "azsdk-net-Storage.Files.Shares/12.24.0-alpha.20250716.1 (.NET 8.0.18; Microsoft Windows 10.0.26100)",
        "x-ms-client-request-id": "Sanitized",
        "x-ms-date": "Thu, 17 Jul 2025 01:44:03 GMT",
        "x-ms-range": "bytes=0-1023",
        "x-ms-return-client-request-id": "true",
        "x-ms-version": "2025-11-05"
      },
      "RequestBody": null,
      "StatusCode": 206,
      "ResponseHeaders": {
        "Accept-Ranges": "bytes",
        "Content-Length": "1024",
        "Content-Range": "bytes 0-1023/1024",
        "Content-Type": "application/octet-stream",
        "Date": "Thu, 17 Jul 2025 01:44:03 GMT",
        "ETag": "\"0x8DDC4D36877B3A7\"",
        "Last-Modified": "Thu, 17 Jul 2025 01:44:02 GMT",
        "Server": [
          "Windows-Azure-File/1.0",
          "Microsoft-HTTPAPI/2.0"
        ],
        "x-ms-client-request-id": "Sanitized",
        "x-ms-file-attributes": "Archive",
        "x-ms-file-change-time": "2025-07-17T01:44:02.6297255Z",
        "x-ms-file-creation-time": "2025-07-17T01:44:02.6297255Z",
        "x-ms-file-id": "16140971433240035328",
        "x-ms-file-last-write-time": "2025-07-17T01:44:02.6297255Z",
        "x-ms-file-parent-id": "13835128424026341376",
        "x-ms-file-permission-key": "8616074386732128176*16083086822043778878",
        "x-ms-lease-state": "available",
        "x-ms-lease-status": "unlocked",
        "x-ms-request-id": "3a788029-801a-005a-31bc-f6dc3d000000",
        "x-ms-server-encrypted": "true",
        "x-ms-type": "File",
        "x-ms-version": "2025-11-05"
      },
      "ResponseBody": "AAAAAAAAAAAAAAAAAAAAAAAAAAAAAAAAAAAAAAAAAAAAAAAAAAAAAAAAAAAAAAAAAAAAAAAAAAAAAAAAAAAAAAAAAAAAAAAAAAAAAAAAAAAAAAAAAAAAAAAAAAAAAAAAAAAAAAAAAAAAAAAAAAAAAAAAAAAAAAAAAAAAAAAAAAAAAAAAAAAAAAAAAAAAAAAAAAAAAAAAAAAAAAAAAAAAAAAAAAAAAAAAAAAAAAAAAAAAAAAAAAAAAAAAAAAAAAAAAAAAAAAAAAAAAAAAAAAAAAAAAAAAAAAAAAAAAAAAAAAAAAAAAAAAAAAAAAAAAAAAAAAAAAAAAAAAAAAAAAAAAAAAAAAAAAAAAAAAAAAAAAAAAAAAAAAAAAAAAAAAAAAAAAAAAAAAAAAAAAAAAAAAAAAAAAAAAAAAAAAAAAAAAAAAAAAAAAAAAAAAAAAAAAAAAAAAAAAAAAAAAAAAAAAAAAAAAAAAAAAAAAAAAAAAAAAAAAAAAAAAAAAAAAAAAAAAAAAAAAAAAAAAAAAAAAAAAAAAAAAAAAAAAAAAAAAAAAAAAAAAAAAAAAAAAAAAAAAAAAAAAAAAAAAAAAAAAAAAAAAAAAAAAAAAAAAAAAAAAAAAAAAAAAAAAAAAAAAAAAAAAAAAAAAAAAAAAAAAAAAAAAAAAAAAAAAAAAAAAAAAAAAAAAAAAAAAAAAAAAAAAAAAAAAAAAAAAAAAAAAAAAAAAAAAAAAAAAAAAAAAAAAAAAAAAAAAAAAAAAAAAAAAAAAAAAAAAAAAAAAAAAAAAAAAAAAAAAAAAAAAAAAAAAAAAAAAAAAAAAAAAAAAAAAAAAAAAAAAAAAAAAAAAAAAAAAAAAAAAAAAAAAAAAAAAAAAAAAAAAAAAAAAAAAAAAAAAAAAAAAAAAAAAAAAAAAAAAAAAAAAAAAAAAAAAAAAAAAAAAAAAAAAAAAAAAAAAAAAAAAAAAAAAAAAAAAAAAAAAAAAAAAAAAAAAAAAAAAAAAAAAAAAAAAAAAAAAAAAAAAAAAAAAAAAAAAAAAAAAAAAAAAAAAAAAAAAAAAAAAAAAAAAAAAAAAAAAAAAAAAAAAAAAAAAAAAAAAAAAAAAAAAAAAAAAAAAAAAAAAAAAAAAAAAAAAAAAAAAAAAAAAAAAAAAAAAAAAAAAAAAAAAAAAAAAAAAAAAAAAAAAAAAAAAAAAAAAAAAAAAAAAAAAAAAAAAAAAAAAAAAAAAAAAAAAAAAAAAAAAAAAAAAAAAAAAAAAAAAAAAAAAAAAAAAAAAAAAAAAAAAAAAAAAAAAAAAAAAAAAAAAAAAAAAAAAAAAAAAAAAAAAAAAAAAAAAAAAAAAAAAAAAAAAAAAAAAAAAAAAAAAAAAAA=="
    },
    {
      "RequestUri": "https://nickliuproductionacc.blob.core.windows.net/test-container-7b76b25a-9023-565c-2f2f-3afeacc9c954/destPrefix/test-file-d3c15b3e-0ad8-0855-1c5e-c1196c75089c",
      "RequestMethod": "GET",
      "RequestHeaders": {
        "Accept": "application/xml",
        "Authorization": "Sanitized",
        "If-Match": "\"0x8DDC4D368A89AE4\"",
        "User-Agent": "azsdk-net-Storage.Blobs/12.26.0-alpha.20250716.1 (.NET 8.0.18; Microsoft Windows 10.0.26100)",
        "x-ms-client-request-id": "Sanitized",
        "x-ms-date": "Thu, 17 Jul 2025 01:44:03 GMT",
        "x-ms-range": "bytes=0-1023",
        "x-ms-return-client-request-id": "true",
        "x-ms-version": "2025-11-05"
      },
      "RequestBody": null,
      "StatusCode": 206,
      "ResponseHeaders": {
        "Accept-Ranges": "bytes",
        "Content-Length": "1024",
        "Content-Range": "bytes 0-1023/1024",
        "Content-Type": "application/octet-stream",
        "Date": "Thu, 17 Jul 2025 01:44:03 GMT",
        "ETag": "\"0x8DDC4D368A89AE4\"",
        "Last-Modified": "Thu, 17 Jul 2025 01:44:02 GMT",
        "Server": [
          "Windows-Azure-Blob/1.0",
          "Microsoft-HTTPAPI/2.0"
        ],
        "x-ms-blob-sequence-number": "0",
        "x-ms-blob-type": "PageBlob",
        "x-ms-client-request-id": "Sanitized",
        "x-ms-creation-time": "Thu, 17 Jul 2025 01:44:02 GMT",
        "x-ms-is-current-version": "true",
        "x-ms-lease-state": "available",
        "x-ms-lease-status": "unlocked",
        "x-ms-request-id": "c94f78ac-a01e-0010-23bc-f67fb2000000",
        "x-ms-server-encrypted": "true",
        "x-ms-version": "2025-11-05",
        "x-ms-version-id": "2025-07-17T01:44:02.9133794Z"
      },
      "ResponseBody": "AAAAAAAAAAAAAAAAAAAAAAAAAAAAAAAAAAAAAAAAAAAAAAAAAAAAAAAAAAAAAAAAAAAAAAAAAAAAAAAAAAAAAAAAAAAAAAAAAAAAAAAAAAAAAAAAAAAAAAAAAAAAAAAAAAAAAAAAAAAAAAAAAAAAAAAAAAAAAAAAAAAAAAAAAAAAAAAAAAAAAAAAAAAAAAAAAAAAAAAAAAAAAAAAAAAAAAAAAAAAAAAAAAAAAAAAAAAAAAAAAAAAAAAAAAAAAAAAAAAAAAAAAAAAAAAAAAAAAAAAAAAAAAAAAAAAAAAAAAAAAAAAAAAAAAAAAAAAAAAAAAAAAAAAAAAAAAAAAAAAAAAAAAAAAAAAAAAAAAAAAAAAAAAAAAAAAAAAAAAAAAAAAAAAAAAAAAAAAAAAAAAAAAAAAAAAAAAAAAAAAAAAAAAAAAAAAAAAAAAAAAAAAAAAAAAAAAAAAAAAAAAAAAAAAAAAAAAAAAAAAAAAAAAAAAAAAAAAAAAAAAAAAAAAAAAAAAAAAAAAAAAAAAAAAAAAAAAAAAAAAAAAAAAAAAAAAAAAAAAAAAAAAAAAAAAAAAAAAAAAAAAAAAAAAAAAAAAAAAAAAAAAAAAAAAAAAAAAAAAAAAAAAAAAAAAAAAAAAAAAAAAAAAAAAAAAAAAAAAAAAAAAAAAAAAAAAAAAAAAAAAAAAAAAAAAAAAAAAAAAAAAAAAAAAAAAAAAAAAAAAAAAAAAAAAAAAAAAAAAAAAAAAAAAAAAAAAAAAAAAAAAAAAAAAAAAAAAAAAAAAAAAAAAAAAAAAAAAAAAAAAAAAAAAAAAAAAAAAAAAAAAAAAAAAAAAAAAAAAAAAAAAAAAAAAAAAAAAAAAAAAAAAAAAAAAAAAAAAAAAAAAAAAAAAAAAAAAAAAAAAAAAAAAAAAAAAAAAAAAAAAAAAAAAAAAAAAAAAAAAAAAAAAAAAAAAAAAAAAAAAAAAAAAAAAAAAAAAAAAAAAAAAAAAAAAAAAAAAAAAAAAAAAAAAAAAAAAAAAAAAAAAAAAAAAAAAAAAAAAAAAAAAAAAAAAAAAAAAAAAAAAAAAAAAAAAAAAAAAAAAAAAAAAAAAAAAAAAAAAAAAAAAAAAAAAAAAAAAAAAAAAAAAAAAAAAAAAAAAAAAAAAAAAAAAAAAAAAAAAAAAAAAAAAAAAAAAAAAAAAAAAAAAAAAAAAAAAAAAAAAAAAAAAAAAAAAAAAAAAAAAAAAAAAAAAAAAAAAAAAAAAAAAAAAAAAAAAAAAAAAAAAAAAAAAAAAAAAAAAAAAAAAAAAAAAAAAAAAAAAAAAAAAAAAAAAAAAAAAAAAAAAAAAAAAAAAAAAAAAAAAAAAAAAAAAAAAAAAAAAAAAAAA=="
    },
    {
      "RequestUri": "https://nickliuproductionacc.blob.core.windows.net/test-container-7b76b25a-9023-565c-2f2f-3afeacc9c954?restype=container",
      "RequestMethod": "DELETE",
      "RequestHeaders": {
        "Accept": "application/xml",
        "Authorization": "Sanitized",
        "traceparent": "00-bb44b342af5fa6e0f3f8441d0853ffd2-b5225488425610b6-00",
        "User-Agent": "azsdk-net-Storage.Blobs/12.26.0-alpha.20250716.1 (.NET 8.0.18; Microsoft Windows 10.0.26100)",
        "x-ms-client-request-id": "Sanitized",
        "x-ms-date": "Thu, 17 Jul 2025 01:44:03 GMT",
        "x-ms-return-client-request-id": "true",
        "x-ms-version": "2025-11-05"
      },
      "RequestBody": null,
      "StatusCode": 202,
      "ResponseHeaders": {
        "Content-Length": "0",
        "Date": "Thu, 17 Jul 2025 01:44:03 GMT",
        "Server": [
          "Windows-Azure-Blob/1.0",
          "Microsoft-HTTPAPI/2.0"
        ],
        "x-ms-client-request-id": "Sanitized",
        "x-ms-request-id": "c94f78be-a01e-0010-34bc-f67fb2000000",
        "x-ms-version": "2025-11-05"
      },
      "ResponseBody": null
    },
    {
      "RequestUri": "https://nickliuproductionacc.file.core.windows.net/test-share-3b25db29-09b9-e12b-1349-56de59742eeb?restype=share",
      "RequestMethod": "DELETE",
      "RequestHeaders": {
        "Accept": "application/xml",
        "Authorization": "Sanitized",
        "traceparent": "00-2bf67f8257d9d263576df1cb3a940ea3-353ee3470deadc84-00",
        "User-Agent": "azsdk-net-Storage.Files.Shares/12.24.0-alpha.20250716.1 (.NET 8.0.18; Microsoft Windows 10.0.26100)",
        "x-ms-client-request-id": "Sanitized",
        "x-ms-date": "Thu, 17 Jul 2025 01:44:03 GMT",
        "x-ms-delete-snapshots": "include",
        "x-ms-return-client-request-id": "true",
        "x-ms-version": "2025-11-05"
      },
      "RequestBody": null,
      "StatusCode": 202,
      "ResponseHeaders": {
        "Content-Length": "0",
        "Date": "Thu, 17 Jul 2025 01:44:03 GMT",
        "Server": [
          "Windows-Azure-File/1.0",
          "Microsoft-HTTPAPI/2.0"
        ],
        "x-ms-client-request-id": "Sanitized",
        "x-ms-request-id": "3a78802a-801a-005a-32bc-f6dc3d000000",
        "x-ms-version": "2025-11-05"
      },
      "ResponseBody": null
    }
  ],
  "Variables": {
    "DateTimeOffsetNow": "2025-07-16T21:44:03.0400787-04:00",
    "RandomSeed": "70304600",
    "Storage_TestConfigDefault": "ProductionTenant\nnickliuproductionacc\nU2FuaXRpemVk\nhttps://nickliuproductionacc.blob.core.windows.net\nhttps://nickliuproductionacc.file.core.windows.net\nhttps://nickliuproductionacc.queue.core.windows.net\nhttps://nickliuproductionacc.table.core.windows.net\n\n\n\n\nhttps://nickliuproductionacc-secondary.blob.core.windows.net\nhttps://nickliuproductionacc-secondary.file.core.windows.net\nhttps://nickliuproductionacc-secondary.queue.core.windows.net\nhttps://nickliuproductionacc-secondary.table.core.windows.net\nCloud\nBlobEndpoint=https://nickliuproductionacc.blob.core.windows.net/;QueueEndpoint=https://nickliuproductionacc.queue.core.windows.net/;FileEndpoint=https://nickliuproductionacc.file.core.windows.net/;BlobSecondaryEndpoint=https://nickliuproductionacc-secondary.blob.core.windows.net/;QueueSecondaryEndpoint=https://nickliuproductionacc-secondary.queue.core.windows.net/;FileSecondaryEndpoint=https://nickliuproductionacc-secondary.file.core.windows.net/;AccountName=nickliuproductionacc;AccountKey=U2FuaXRpemVk\nEncryptionScope\n\n"
  }
}
