{
  "Entries": [
    {
      "RequestUri": "https://Sanitized.openai.azure.com/openai/assistants?api-version=2024-11-01-preview",
      "RequestMethod": "POST",
      "RequestHeaders": {
        "Accept": "application/json",
        "api-key": "Sanitized",
        "Content-Length": "23",
        "Content-Type": "application/json",
        "OpenAI-Beta": "assistants=v2",
        "User-Agent": "azsdk-net-AI.OpenAI/2.2.0-beta.1 (.NET 8.0.11; Microsoft Windows 10.0.26100)",
        "x-ms-client-request-id": "Sanitized"
      },
      "RequestBody": {
        "model": "gpt-4o-mini"
      },
      "StatusCode": 200,
      "ResponseHeaders": {
        "apim-request-id": "eb912ddf-2afe-483a-a339-429a33b57dc5",
        "Connection": "keep-alive",
        "Content-Length": "309",
        "Content-Type": "application/json",
        "Date": "Sat, 16 Nov 2024 01:17:30 GMT",
        "Strict-Transport-Security": "max-age=31536000; includeSubDomains; preload",
        "X-Content-Type-Options": "nosniff",
        "x-ms-client-request-id": "Sanitized",
        "x-ms-middleware-request-id": "eb912ddf-2afe-483a-a339-429a33b57dc5",
        "x-ms-region": "East US",
        "X-Request-ID": "fddc0eb3-19f5-448e-b089-db10760eef03"
      },
      "ResponseBody": {
        "id": "asst_BG0N2R87OPnuAV5eJTNWtjpC",
        "object": "assistant",
        "created_at": 1731719850,
        "name": null,
        "description": null,
        "model": "gpt-4o-mini",
        "instructions": null,
        "tools": [],
        "top_p": 1.0,
        "temperature": 1.0,
        "tool_resources": {},
        "metadata": {},
        "response_format": "auto"
      }
    },
    {
      "RequestUri": "https://Sanitized.openai.azure.com/openai/threads?api-version=2024-11-01-preview",
      "RequestMethod": "POST",
      "RequestHeaders": {
        "Accept": "application/json",
        "api-key": "Sanitized",
        "Content-Length": "0",
        "OpenAI-Beta": "assistants=v2",
        "User-Agent": "azsdk-net-AI.OpenAI/2.2.0-beta.1 (.NET 8.0.11; Microsoft Windows 10.0.26100)",
        "x-ms-client-request-id": "Sanitized"
      },
      "RequestBody": null,
      "StatusCode": 200,
      "ResponseHeaders": {
        "apim-request-id": "aa2d1756-a521-4ddb-bf28-0bcaf48532f0",
        "Connection": "keep-alive",
        "Content-Length": "137",
        "Content-Type": "application/json",
        "Date": "Sat, 16 Nov 2024 01:17:31 GMT",
        "Strict-Transport-Security": "max-age=31536000; includeSubDomains; preload",
        "X-Content-Type-Options": "nosniff",
        "x-ms-client-request-id": "Sanitized",
        "x-ms-middleware-request-id": "add5fc44-9baf-4b3c-883d-672f37e75c58",
        "x-ms-region": "East US",
        "X-Request-ID": "989087a6-fde8-4b7a-899d-1b2d62bcbdd5"
      },
      "ResponseBody": {
        "id": "thread_TXjPS8GYgxsnlBtwlmUCsraP",
        "object": "thread",
        "created_at": 1731719851,
        "metadata": {},
        "tool_resources": {}
      }
    },
    {
      "RequestUri": "https://Sanitized.openai.azure.com/openai/threads/thread_TXjPS8GYgxsnlBtwlmUCsraP/runs?api-version=2024-11-01-preview",
      "RequestMethod": "GET",
      "RequestHeaders": {
        "Accept": "application/json",
        "api-key": "Sanitized",
        "OpenAI-Beta": "assistants=v2",
        "User-Agent": "azsdk-net-AI.OpenAI/2.2.0-beta.1 (.NET 8.0.11; Microsoft Windows 10.0.26100)",
        "x-ms-client-request-id": "Sanitized"
      },
      "RequestBody": null,
      "StatusCode": 200,
      "ResponseHeaders": {
        "apim-request-id": "810130e8-5219-4bd6-a0a5-c2eb79b6a5eb",
        "Connection": "keep-alive",
        "Content-Length": "96",
        "Content-Type": "application/json",
        "Date": "Sat, 16 Nov 2024 01:17:31 GMT",
        "Strict-Transport-Security": "max-age=31536000; includeSubDomains; preload",
        "X-Content-Type-Options": "nosniff",
        "x-ms-client-request-id": "Sanitized",
        "x-ms-middleware-request-id": "987bfce9-8e99-48fd-84c6-bf8b4c883492",
        "x-ms-region": "East US",
        "X-Request-ID": "8ae4bd99-100a-4733-9930-bec6e097cc84"
      },
      "ResponseBody": {
        "object": "list",
        "data": [],
        "first_id": null,
        "last_id": null,
        "has_more": false
      }
    },
    {
      "RequestUri": "https://Sanitized.openai.azure.com/openai/threads/thread_TXjPS8GYgxsnlBtwlmUCsraP/messages?api-version=2024-11-01-preview",
      "RequestMethod": "POST",
      "RequestHeaders": {
        "Accept": "application/json",
        "api-key": "Sanitized",
        "Content-Length": "45",
        "Content-Type": "application/json",
        "OpenAI-Beta": "assistants=v2",
        "User-Agent": "azsdk-net-AI.OpenAI/2.2.0-beta.1 (.NET 8.0.11; Microsoft Windows 10.0.26100)",
        "x-ms-client-request-id": "Sanitized"
      },
      "RequestBody": {
        "role": "user",
        "content": "Hello, assistant!"
      },
      "StatusCode": 200,
      "ResponseHeaders": {
        "apim-request-id": "c6a41b97-cecc-464e-9689-0901bf23443a",
        "Connection": "keep-alive",
        "Content-Length": "391",
        "Content-Type": "application/json",
        "Date": "Sat, 16 Nov 2024 01:17:31 GMT",
        "Strict-Transport-Security": "max-age=31536000; includeSubDomains; preload",
        "X-Content-Type-Options": "nosniff",
        "x-ms-client-request-id": "Sanitized",
        "x-ms-middleware-request-id": "dde08fa9-2bed-40c5-8203-4bcb389d68f5",
        "x-ms-region": "East US",
        "X-Request-ID": "be0162d2-0bbd-42b6-9a82-0c47b298633b"
      },
      "ResponseBody": {
        "id": "msg_IMVc8YZKRwL2VRV128ukFmFd",
        "object": "thread.message",
        "created_at": 1731719851,
        "assistant_id": null,
        "thread_id": "thread_TXjPS8GYgxsnlBtwlmUCsraP",
        "run_id": null,
        "role": "user",
        "content": [
          {
            "type": "text",
            "text": {
              "value": "Hello, assistant!",
              "annotations": []
            }
          }
        ],
        "attachments": [],
        "metadata": {}
      }
    },
    {
      "RequestUri": "https://Sanitized.openai.azure.com/openai/threads/thread_TXjPS8GYgxsnlBtwlmUCsraP/runs?api-version=2024-11-01-preview",
      "RequestMethod": "POST",
      "RequestHeaders": {
        "Accept": "application/json",
        "api-key": "Sanitized",
        "Content-Length": "73",
        "Content-Type": "application/json",
        "OpenAI-Beta": "assistants=v2",
        "User-Agent": "azsdk-net-AI.OpenAI/2.2.0-beta.1 (.NET 8.0.11; Microsoft Windows 10.0.26100)",
        "x-ms-client-request-id": "Sanitized"
      },
      "RequestBody": {
        "assistant_id": "asst_BG0N2R87OPnuAV5eJTNWtjpC",
        "additional_messages": []
      },
      "StatusCode": 200,
      "ResponseHeaders": {
        "apim-request-id": "4e62a654-23a6-49f8-b6a0-f6aa3b68937c",
        "Connection": "keep-alive",
        "Content-Length": "804",
        "Content-Type": "application/json",
        "Date": "Sat, 16 Nov 2024 01:17:31 GMT",
        "Strict-Transport-Security": "max-age=31536000; includeSubDomains; preload",
        "X-Content-Type-Options": "nosniff",
        "x-ms-client-request-id": "Sanitized",
        "x-ms-middleware-request-id": "29b835c7-228f-4660-93a6-fb953476a3fb",
        "x-ms-region": "East US",
        "X-Request-ID": "742ef4bd-eef0-4e0b-994a-75288bc00a2b"
      },
      "ResponseBody": {
        "id": "run_cpQPlWt8hWBDm86pry0k14cq",
        "object": "thread.run",
        "created_at": 1731719851,
        "assistant_id": "asst_BG0N2R87OPnuAV5eJTNWtjpC",
        "thread_id": "thread_TXjPS8GYgxsnlBtwlmUCsraP",
        "status": "queued",
        "started_at": null,
        "expires_at": 1731720451,
        "cancelled_at": null,
        "failed_at": null,
        "completed_at": null,
        "required_action": null,
        "last_error": null,
        "model": "gpt-4o-mini",
        "instructions": null,
        "tools": [],
        "tool_resources": {},
        "metadata": {},
        "temperature": 1.0,
        "top_p": 1.0,
        "max_completion_tokens": null,
        "max_prompt_tokens": null,
        "truncation_strategy": {
          "type": "auto",
          "last_messages": null
        },
        "incomplete_details": null,
        "usage": null,
        "response_format": "auto",
        "tool_choice": "auto",
        "parallel_tool_calls": true
      }
    },
    {
      "RequestUri": "https://Sanitized.openai.azure.com/openai/threads/thread_TXjPS8GYgxsnlBtwlmUCsraP/runs/run_cpQPlWt8hWBDm86pry0k14cq?api-version=2024-11-01-preview",
      "RequestMethod": "GET",
      "RequestHeaders": {
        "Accept": "application/json",
        "api-key": "Sanitized",
        "OpenAI-Beta": "assistants=v2",
        "User-Agent": "azsdk-net-AI.OpenAI/2.2.0-beta.1 (.NET 8.0.11; Microsoft Windows 10.0.26100)",
        "x-ms-client-request-id": "Sanitized"
      },
      "RequestBody": null,
      "StatusCode": 200,
      "ResponseHeaders": {
        "apim-request-id": "1b7b96c5-5e5e-4ef5-baef-6d387ef0203a",
        "Connection": "keep-alive",
        "Content-Length": "815",
        "Content-Type": "application/json",
        "Date": "Sat, 16 Nov 2024 01:17:32 GMT",
        "Strict-Transport-Security": "max-age=31536000; includeSubDomains; preload",
        "X-Content-Type-Options": "nosniff",
        "x-ms-client-request-id": "Sanitized",
        "x-ms-middleware-request-id": "cb2f786f-5eff-46bf-8b80-c98b4980ccad",
        "x-ms-region": "East US",
        "X-Request-ID": "cf8002b0-4984-45ec-9bd9-04124161090e"
      },
      "ResponseBody": {
        "id": "run_cpQPlWt8hWBDm86pry0k14cq",
        "object": "thread.run",
        "created_at": 1731719851,
        "assistant_id": "asst_BG0N2R87OPnuAV5eJTNWtjpC",
        "thread_id": "thread_TXjPS8GYgxsnlBtwlmUCsraP",
        "status": "in_progress",
        "started_at": 1731719852,
        "expires_at": 1731720451,
        "cancelled_at": null,
        "failed_at": null,
        "completed_at": null,
        "required_action": null,
        "last_error": null,
        "model": "gpt-4o-mini",
        "instructions": null,
        "tools": [],
        "tool_resources": {},
        "metadata": {},
        "temperature": 1.0,
        "top_p": 1.0,
        "max_completion_tokens": null,
        "max_prompt_tokens": null,
        "truncation_strategy": {
          "type": "auto",
          "last_messages": null
        },
        "incomplete_details": null,
        "usage": null,
        "response_format": "auto",
        "tool_choice": "auto",
        "parallel_tool_calls": true
      }
    },
    {
      "RequestUri": "https://Sanitized.openai.azure.com/openai/threads/thread_TXjPS8GYgxsnlBtwlmUCsraP/runs?api-version=2024-11-01-preview",
      "RequestMethod": "GET",
      "RequestHeaders": {
        "Accept": "application/json",
        "api-key": "Sanitized",
        "OpenAI-Beta": "assistants=v2",
        "User-Agent": "azsdk-net-AI.OpenAI/2.2.0-beta.1 (.NET 8.0.11; Microsoft Windows 10.0.26100)",
        "x-ms-client-request-id": "Sanitized"
      },
      "RequestBody": null,
      "StatusCode": 200,
      "ResponseHeaders": {
        "apim-request-id": "2a6cda6c-f49f-4dc3-93d3-e65ea918ebd9",
        "Connection": "keep-alive",
        "Content-Length": "1099",
        "Content-Type": "application/json",
        "Date": "Sat, 16 Nov 2024 01:17:32 GMT",
        "Strict-Transport-Security": "max-age=31536000; includeSubDomains; preload",
        "X-Content-Type-Options": "nosniff",
        "x-ms-client-request-id": "Sanitized",
        "x-ms-middleware-request-id": "b26928b1-b685-4d7f-b5da-42c5b69524cd",
        "x-ms-region": "East US",
        "X-Request-ID": "8ee68961-a8c3-4a7b-9dc8-2cf01a0ceb65"
      },
      "ResponseBody": {
        "object": "list",
        "data": [
          {
            "id": "run_cpQPlWt8hWBDm86pry0k14cq",
            "object": "thread.run",
            "created_at": 1731719851,
            "assistant_id": "asst_BG0N2R87OPnuAV5eJTNWtjpC",
            "thread_id": "thread_TXjPS8GYgxsnlBtwlmUCsraP",
            "status": "in_progress",
            "started_at": 1731719852,
            "expires_at": 1731720451,
            "cancelled_at": null,
            "failed_at": null,
            "completed_at": null,
            "required_action": null,
            "last_error": null,
            "model": "gpt-4o-mini",
            "instructions": null,
            "tools": [],
            "tool_resources": {},
            "metadata": {},
            "temperature": 1.0,
            "top_p": 1.0,
            "max_completion_tokens": null,
            "max_prompt_tokens": null,
            "truncation_strategy": {
              "type": "auto",
              "last_messages": null
            },
            "incomplete_details": null,
            "usage": null,
            "response_format": "auto",
            "tool_choice": "auto",
            "parallel_tool_calls": true
          }
        ],
        "first_id": "run_cpQPlWt8hWBDm86pry0k14cq",
        "last_id": "run_cpQPlWt8hWBDm86pry0k14cq",
        "has_more": false
      }
    },
    {
      "RequestUri": "https://Sanitized.openai.azure.com/openai/threads/thread_TXjPS8GYgxsnlBtwlmUCsraP/messages?api-version=2024-11-01-preview",
      "RequestMethod": "GET",
      "RequestHeaders": {
        "Accept": "application/json",
        "api-key": "Sanitized",
        "OpenAI-Beta": "assistants=v2",
        "User-Agent": "azsdk-net-AI.OpenAI/2.2.0-beta.1 (.NET 8.0.11; Microsoft Windows 10.0.26100)",
        "x-ms-client-request-id": "Sanitized"
      },
      "RequestBody": null,
      "StatusCode": 200,
      "ResponseHeaders": {
        "apim-request-id": "240f9917-e7fa-4766-aa4a-d296c7d958b7",
        "Connection": "keep-alive",
        "Content-Length": "1171",
        "Content-Type": "application/json",
        "Date": "Sat, 16 Nov 2024 01:17:32 GMT",
        "Strict-Transport-Security": "max-age=31536000; includeSubDomains; preload",
        "X-Content-Type-Options": "nosniff",
        "x-ms-client-request-id": "Sanitized",
        "x-ms-middleware-request-id": "5ba4a314-a294-4dac-9272-9671cbb0b34a",
        "x-ms-region": "East US",
        "X-Request-ID": "8b645b68-7736-4590-9c6f-b145a2c1e80a"
      },
      "ResponseBody": {
        "object": "list",
        "data": [
          {
            "id": "msg_DAeXHH70JuO6cCUk4UOw66r1",
            "object": "thread.message",
            "created_at": 1731719852,
            "assistant_id": "asst_BG0N2R87OPnuAV5eJTNWtjpC",
            "thread_id": "thread_TXjPS8GYgxsnlBtwlmUCsraP",
            "run_id": "run_cpQPlWt8hWBDm86pry0k14cq",
            "role": "assistant",
            "content": [
              {
                "type": "text",
                "text": {
                  "value": "Hello! How can I assist you today?",
                  "annotations": []
                }
              }
            ],
            "attachments": [],
            "metadata": {}
          },
          {
            "id": "msg_IMVc8YZKRwL2VRV128ukFmFd",
            "object": "thread.message",
            "created_at": 1731719851,
            "assistant_id": null,
            "thread_id": "thread_TXjPS8GYgxsnlBtwlmUCsraP",
            "run_id": null,
            "role": "user",
            "content": [
              {
                "type": "text",
                "text": {
                  "value": "Hello, assistant!",
                  "annotations": []
                }
              }
            ],
            "attachments": [],
            "metadata": {}
          }
        ],
        "first_id": "msg_DAeXHH70JuO6cCUk4UOw66r1",
        "last_id": "msg_IMVc8YZKRwL2VRV128ukFmFd",
        "has_more": false
      }
    },
    {
      "RequestUri": "https://Sanitized.openai.azure.com/openai/threads/thread_TXjPS8GYgxsnlBtwlmUCsraP/runs/run_cpQPlWt8hWBDm86pry0k14cq?api-version=2024-11-01-preview",
      "RequestMethod": "GET",
      "RequestHeaders": {
        "Accept": "application/json",
        "api-key": "Sanitized",
        "OpenAI-Beta": "assistants=v2",
        "User-Agent": "azsdk-net-AI.OpenAI/2.2.0-beta.1 (.NET 8.0.11; Microsoft Windows 10.0.26100)",
        "x-ms-client-request-id": "Sanitized"
      },
      "RequestBody": null,
      "StatusCode": 200,
      "ResponseHeaders": {
        "apim-request-id": "b274ec81-a2fc-40fb-a768-8b6429631dca",
        "Connection": "keep-alive",
        "Content-Length": "891",
        "Content-Type": "application/json",
        "Date": "Sat, 16 Nov 2024 01:17:34 GMT",
        "Strict-Transport-Security": "max-age=31536000; includeSubDomains; preload",
        "X-Content-Type-Options": "nosniff",
        "x-ms-client-request-id": "Sanitized",
        "x-ms-middleware-request-id": "4bdb0f0a-7309-47d7-b230-95ac7f0e2077",
        "x-ms-region": "East US",
        "X-Request-ID": "976f5541-1c92-42c4-bf69-39a4d80614f4"
      },
      "ResponseBody": {
        "id": "run_cpQPlWt8hWBDm86pry0k14cq",
        "object": "thread.run",
        "created_at": 1731719851,
        "assistant_id": "asst_BG0N2R87OPnuAV5eJTNWtjpC",
        "thread_id": "thread_TXjPS8GYgxsnlBtwlmUCsraP",
        "status": "completed",
        "started_at": 1731719852,
        "expires_at": null,
        "cancelled_at": null,
        "failed_at": null,
        "completed_at": 1731719852,
        "required_action": null,
        "last_error": null,
        "model": "gpt-4o-mini",
        "instructions": null,
        "tools": [],
        "tool_resources": {},
        "metadata": {},
        "temperature": 1.0,
        "top_p": 1.0,
        "max_completion_tokens": null,
        "max_prompt_tokens": null,
        "truncation_strategy": {
          "type": "auto",
          "last_messages": null
        },
        "incomplete_details": null,
        "usage": {
          "prompt_tokens": 50,
          "completion_tokens": 11,
          "total_tokens": 61
        },
        "response_format": "auto",
        "tool_choice": "auto",
        "parallel_tool_calls": true
      }
    },
    {
      "RequestUri": "https://Sanitized.openai.azure.com/openai/threads/thread_TXjPS8GYgxsnlBtwlmUCsraP/messages?api-version=2024-11-01-preview",
      "RequestMethod": "GET",
      "RequestHeaders": {
        "Accept": "application/json",
        "api-key": "Sanitized",
        "OpenAI-Beta": "assistants=v2",
        "User-Agent": "azsdk-net-AI.OpenAI/2.2.0-beta.1 (.NET 8.0.11; Microsoft Windows 10.0.26100)",
        "x-ms-client-request-id": "Sanitized"
      },
      "RequestBody": null,
      "StatusCode": 200,
      "ResponseHeaders": {
        "apim-request-id": "98e642ca-5318-426e-a3cf-34932daa3f7f",
        "Connection": "keep-alive",
        "Content-Length": "1171",
        "Content-Type": "application/json",
        "Date": "Sat, 16 Nov 2024 01:17:35 GMT",
        "Strict-Transport-Security": "max-age=31536000; includeSubDomains; preload",
        "X-Content-Type-Options": "nosniff",
        "x-ms-client-request-id": "Sanitized",
        "x-ms-middleware-request-id": "443a06e9-2f8a-4c1b-8646-dfb0e87497ce",
        "x-ms-region": "East US",
        "X-Request-ID": "bf6f0f92-6e1a-46c0-ac3d-5ad04a1bbe44"
      },
      "ResponseBody": {
        "object": "list",
        "data": [
          {
            "id": "msg_DAeXHH70JuO6cCUk4UOw66r1",
            "object": "thread.message",
            "created_at": 1731719852,
            "assistant_id": "asst_BG0N2R87OPnuAV5eJTNWtjpC",
            "thread_id": "thread_TXjPS8GYgxsnlBtwlmUCsraP",
            "run_id": "run_cpQPlWt8hWBDm86pry0k14cq",
            "role": "assistant",
            "content": [
              {
                "type": "text",
                "text": {
                  "value": "Hello! How can I assist you today?",
                  "annotations": []
                }
              }
            ],
            "attachments": [],
            "metadata": {}
          },
          {
            "id": "msg_IMVc8YZKRwL2VRV128ukFmFd",
            "object": "thread.message",
            "created_at": 1731719851,
            "assistant_id": null,
            "thread_id": "thread_TXjPS8GYgxsnlBtwlmUCsraP",
            "run_id": null,
            "role": "user",
            "content": [
              {
                "type": "text",
                "text": {
                  "value": "Hello, assistant!",
                  "annotations": []
                }
              }
            ],
            "attachments": [],
            "metadata": {}
          }
        ],
        "first_id": "msg_DAeXHH70JuO6cCUk4UOw66r1",
        "last_id": "msg_IMVc8YZKRwL2VRV128ukFmFd",
        "has_more": false
      }
    },
    {
      "RequestUri": "https://Sanitized.openai.azure.com/openai/threads/thread_TXjPS8GYgxsnlBtwlmUCsraP/messages/msg_IMVc8YZKRwL2VRV128ukFmFd?api-version=2024-11-01-preview",
      "RequestMethod": "DELETE",
      "RequestHeaders": {
        "Accept": "application/json",
        "api-key": "Sanitized",
        "OpenAI-Beta": "assistants=v2",
        "User-Agent": "azsdk-net-AI.OpenAI/2.2.0-beta.1 (.NET 8.0.11; Microsoft Windows 10.0.26100)",
        "x-ms-client-request-id": "Sanitized"
      },
      "RequestBody": null,
      "StatusCode": 200,
      "ResponseHeaders": {
        "apim-request-id": "9feb15d1-5aaa-4ec3-86af-5992acc3fb95",
        "Connection": "keep-alive",
        "Content-Length": "99",
        "Content-Type": "application/json",
        "Date": "Sat, 16 Nov 2024 01:17:35 GMT",
        "Strict-Transport-Security": "max-age=31536000; includeSubDomains; preload",
        "X-Content-Type-Options": "nosniff",
        "x-ms-client-request-id": "Sanitized",
        "x-ms-middleware-request-id": "c0245da2-8092-4014-abec-0e821ad9039e",
        "x-ms-region": "East US",
        "X-Request-ID": "b15cc2b1-4459-4301-b410-76a63d109f4a"
      },
      "ResponseBody": {
        "id": "msg_IMVc8YZKRwL2VRV128ukFmFd",
        "object": "thread.message.deleted",
        "deleted": true
      }
    },
    {
      "RequestUri": "https://Sanitized.openai.azure.com/openai/assistants/asst_BG0N2R87OPnuAV5eJTNWtjpC?api-version=2024-11-01-preview",
      "RequestMethod": "DELETE",
      "RequestHeaders": {
        "Accept": "application/json",
        "api-key": "Sanitized",
        "OpenAI-Beta": "assistants=v2",
        "User-Agent": "azsdk-net-AI.OpenAI/2.2.0-beta.1 (.NET 8.0.11; Microsoft Windows 10.0.26100)",
        "x-ms-client-request-id": "Sanitized"
      },
      "RequestBody": null,
      "StatusCode": 200,
      "ResponseHeaders": {
        "apim-request-id": "1815c620-739c-4cef-b0d0-5bb8259e044a",
        "Connection": "keep-alive",
        "Content-Length": "95",
        "Content-Type": "application/json",
        "Date": "Sat, 16 Nov 2024 01:17:35 GMT",
        "Strict-Transport-Security": "max-age=31536000; includeSubDomains; preload",
        "X-Content-Type-Options": "nosniff",
        "x-ms-client-request-id": "Sanitized",
        "x-ms-middleware-request-id": "728da094-a218-4405-8b04-7a64d6920755",
        "x-ms-region": "East US",
        "X-Request-ID": "ccda54a1-28d6-46ed-bb9a-f395fe6d3a45"
      },
      "ResponseBody": {
        "id": "asst_BG0N2R87OPnuAV5eJTNWtjpC",
        "object": "assistant.deleted",
        "deleted": true
      }
    },
    {
      "RequestUri": "https://Sanitized.openai.azure.com/openai/threads/thread_TXjPS8GYgxsnlBtwlmUCsraP?api-version=2024-11-01-preview",
      "RequestMethod": "DELETE",
      "RequestHeaders": {
        "Accept": "application/json",
        "api-key": "Sanitized",
        "OpenAI-Beta": "assistants=v2",
        "User-Agent": "azsdk-net-AI.OpenAI/2.2.0-beta.1 (.NET 8.0.11; Microsoft Windows 10.0.26100)",
        "x-ms-client-request-id": "Sanitized"
      },
      "RequestBody": null,
      "StatusCode": 200,
      "ResponseHeaders": {
        "apim-request-id": "e8b856ad-d6ed-49b9-90e7-7e9851c9a316",
        "Connection": "keep-alive",
        "Content-Length": "94",
        "Content-Type": "application/json",
        "Date": "Sat, 16 Nov 2024 01:17:35 GMT",
        "Strict-Transport-Security": "max-age=31536000; includeSubDomains; preload",
        "X-Content-Type-Options": "nosniff",
        "x-ms-client-request-id": "Sanitized",
        "x-ms-middleware-request-id": "4002deaa-3c9a-4e9d-8795-feab1fa1acf7",
        "x-ms-region": "East US",
        "X-Request-ID": "4e0e15ca-1243-4d3e-967e-d20263bb900a"
      },
      "ResponseBody": {
        "id": "thread_TXjPS8GYgxsnlBtwlmUCsraP",
        "object": "thread.deleted",
        "deleted": true
      }
    }
  ],
  "Variables": {
    "RandomSeed": "1336372718"
  }
}
