{
  "Entries": [
    {
      "RequestUri": "https://Sanitized.openai.azure.com/openai/threads?api-version=2024-10-01-preview",
      "RequestMethod": "POST",
      "RequestHeaders": {
        "Accept": "application/json",
        "api-key": "Sanitized",
        "Content-Length": "0",
        "OpenAI-Beta": "assistants=v2",
        "User-Agent": "azsdk-net-AI.OpenAI/2.2.0-beta.1 (.NET 6.0.36; Microsoft Windows 10.0.22631)",
        "x-ms-client-request-id": "Sanitized"
      },
      "RequestBody": null,
      "StatusCode": 200,
      "ResponseHeaders": {
        "apim-request-id": "b9acbe7a-384b-413d-9c24-9135c882bc89",
        "Connection": "keep-alive",
        "Content-Length": "137",
        "Content-Type": "application/json",
        "Date": "Thu, 23 Jan 2025 16:22:40 GMT",
        "openai-organization": "1ae165719699410c9b5dba48cfaf5755",
        "openai-processing-ms": "68",
        "openai-version": "2020-10-01",
        "Strict-Transport-Security": "max-age=31536000; includeSubDomains; preload",
        "X-Content-Type-Options": "nosniff",
        "x-ms-middleware-request-id": "ff95ba71-771c-4aef-9d52-136c9e3d9a12",
        "x-ms-region": "East US",
        "X-Request-ID": "9875fd63-11f3-4bcb-9997-da8fed2e89a3"
      },
      "ResponseBody": {
        "id": "thread_EjbG0fAwHgUwu323RLFNVF2U",
        "object": "thread",
        "created_at": 1737649360,
        "metadata": {},
        "tool_resources": {}
      }
    },
    {
      "RequestUri": "https://Sanitized.openai.azure.com/openai/threads/thread_EjbG0fAwHgUwu323RLFNVF2U?api-version=2024-10-01-preview",
      "RequestMethod": "DELETE",
      "RequestHeaders": {
        "Accept": "application/json",
        "api-key": "Sanitized",
        "OpenAI-Beta": "assistants=v2",
        "User-Agent": "azsdk-net-AI.OpenAI/2.2.0-beta.1 (.NET 6.0.36; Microsoft Windows 10.0.22631)",
        "x-ms-client-request-id": "Sanitized"
      },
      "RequestBody": null,
      "StatusCode": 200,
      "ResponseHeaders": {
        "apim-request-id": "ec509e79-2d42-4f43-a497-d6733b1ab5b6",
        "Connection": "keep-alive",
        "Content-Length": "94",
        "Content-Type": "application/json",
        "Date": "Thu, 23 Jan 2025 16:22:40 GMT",
        "openai-organization": "1ae165719699410c9b5dba48cfaf5755",
        "openai-processing-ms": "83",
        "openai-version": "2020-10-01",
        "Strict-Transport-Security": "max-age=31536000; includeSubDomains; preload",
        "X-Content-Type-Options": "nosniff",
        "x-ms-middleware-request-id": "250d22bd-ede6-4d38-ac63-6cfed0c10201",
        "x-ms-region": "East US",
        "X-Request-ID": "3f22e9c7-ce37-4e01-881c-63d4131c8a2f"
      },
      "ResponseBody": {
        "id": "thread_EjbG0fAwHgUwu323RLFNVF2U",
        "object": "thread.deleted",
        "deleted": true
      }
    },
    {
      "RequestUri": "https://Sanitized.openai.azure.com/openai/threads?api-version=2024-10-01-preview",
      "RequestMethod": "POST",
      "RequestHeaders": {
        "Accept": "application/json",
        "api-key": "Sanitized",
        "Content-Length": "67",
        "Content-Type": "application/json",
        "OpenAI-Beta": "assistants=v2",
        "User-Agent": "azsdk-net-AI.OpenAI/2.2.0-beta.1 (.NET 6.0.36; Microsoft Windows 10.0.22631)",
        "x-ms-client-request-id": "Sanitized"
      },
      "RequestBody": {
        "metadata": {
          "threadMetadata": "threadMetadataValue"
        },
        "messages": []
      },
      "StatusCode": 200,
      "ResponseHeaders": {
        "apim-request-id": "427f1b15-da12-4528-b209-5e55cd30bfe3",
        "Connection": "keep-alive",
        "Content-Length": "184",
        "Content-Type": "application/json",
        "Date": "Thu, 23 Jan 2025 16:22:41 GMT",
        "openai-organization": "1ae165719699410c9b5dba48cfaf5755",
        "openai-processing-ms": "74",
        "openai-version": "2020-10-01",
        "Strict-Transport-Security": "max-age=31536000; includeSubDomains; preload",
        "X-Content-Type-Options": "nosniff",
        "x-ms-middleware-request-id": "9e3dbb86-077b-430c-9756-86c1c7438dd7",
        "x-ms-region": "East US",
        "X-Request-ID": "c8806a34-4819-41b6-ba07-e7eaf60cf8ea"
      },
      "ResponseBody": {
        "id": "thread_0RCUHbm7Jx5KJzpGheuuGSNx",
        "object": "thread",
        "created_at": 1737649361,
        "metadata": {
          "threadMetadata": "threadMetadataValue"
        },
        "tool_resources": {}
      }
    },
    {
      "RequestUri": "https://Sanitized.openai.azure.com/openai/threads/thread_0RCUHbm7Jx5KJzpGheuuGSNx?api-version=2024-10-01-preview",
      "RequestMethod": "GET",
      "RequestHeaders": {
        "Accept": "application/json",
        "api-key": "Sanitized",
        "OpenAI-Beta": "assistants=v2",
        "User-Agent": "azsdk-net-AI.OpenAI/2.2.0-beta.1 (.NET 6.0.36; Microsoft Windows 10.0.22631)",
        "x-ms-client-request-id": "Sanitized"
      },
      "RequestBody": null,
      "StatusCode": 200,
      "ResponseHeaders": {
        "apim-request-id": "d1836977-e1b6-4220-86cc-b6598c1c0664",
        "Connection": "keep-alive",
        "Content-Length": "292",
        "Content-Type": "application/json",
        "Date": "Thu, 23 Jan 2025 16:22:41 GMT",
        "openai-organization": "1ae165719699410c9b5dba48cfaf5755",
        "openai-processing-ms": "97",
        "openai-version": "2020-10-01",
        "Strict-Transport-Security": "max-age=31536000; includeSubDomains; preload",
        "X-Content-Type-Options": "nosniff",
        "x-ms-middleware-request-id": "b75c8f5a-1ea8-4edd-98b1-bfe97d342276",
        "x-ms-region": "East US",
        "X-Request-ID": "e65288a9-63d2-4bd7-8855-3118b1f18a55"
      },
      "ResponseBody": {
        "id": "thread_0RCUHbm7Jx5KJzpGheuuGSNx",
        "object": "thread",
        "created_at": 1737649361,
        "metadata": {
          "threadMetadata": "threadMetadataValue"
        },
        "tool_resources": {
          "code_interpreter": {
            "file_ids": []
          },
          "azure_ai_search": {
            "indexes": []
          }
        }
      }
    },
    {
      "RequestUri": "https://Sanitized.openai.azure.com/openai/threads/thread_0RCUHbm7Jx5KJzpGheuuGSNx?api-version=2024-10-01-preview",
      "RequestMethod": "POST",
      "RequestHeaders": {
        "Accept": "application/json",
        "api-key": "Sanitized",
        "Content-Length": "56",
        "Content-Type": "application/json",
        "OpenAI-Beta": "assistants=v2",
        "User-Agent": "azsdk-net-AI.OpenAI/2.2.0-beta.1 (.NET 6.0.36; Microsoft Windows 10.0.22631)",
        "x-ms-client-request-id": "Sanitized"
      },
      "RequestBody": {
        "metadata": {
          "threadMetadata": "newThreadMetadataValue"
        }
      },
      "StatusCode": 200,
      "ResponseHeaders": {
        "apim-request-id": "70b27cf6-b6fd-4741-adef-938e4bf77694",
        "Connection": "keep-alive",
        "Content-Length": "187",
        "Content-Type": "application/json",
        "Date": "Thu, 23 Jan 2025 16:22:41 GMT",
        "openai-organization": "1ae165719699410c9b5dba48cfaf5755",
        "openai-processing-ms": "82",
        "openai-version": "2020-10-01",
        "Strict-Transport-Security": "max-age=31536000; includeSubDomains; preload",
        "X-Content-Type-Options": "nosniff",
        "x-ms-middleware-request-id": "d9320f64-a23f-4012-bf0c-5f1ac5f50390",
        "x-ms-region": "East US",
        "X-Request-ID": "75a2c6dc-8e95-4e9c-8052-b3ae3ca3ed89"
      },
      "ResponseBody": {
        "id": "thread_0RCUHbm7Jx5KJzpGheuuGSNx",
        "object": "thread",
        "created_at": 1737649361,
        "metadata": {
          "threadMetadata": "newThreadMetadataValue"
        },
        "tool_resources": {}
      }
    },
    {
      "RequestUri": "https://Sanitized.openai.azure.com/openai/threads/thread_ODVKxpRtNPkJEMMOSp6BL312?api-version=2024-10-01-preview",
      "RequestMethod": "DELETE",
      "RequestHeaders": {
        "Accept": "application/json",
        "api-key": "Sanitized",
        "OpenAI-Beta": "assistants=v2",
        "User-Agent": "azsdk-net-AI.OpenAI/2.2.0-beta.1 (.NET 6.0.36; Microsoft Windows 10.0.22631)",
        "x-ms-client-request-id": "Sanitized"
      },
      "RequestBody": null,
      "StatusCode": 404,
      "ResponseHeaders": {
        "apim-request-id": "8331b653-9bf4-40fb-a4fa-fa71ed48b666",
        "Connection": "keep-alive",
        "Content-Length": "170",
        "Content-Type": "application/json",
        "Date": "Thu, 23 Jan 2025 16:22:41 GMT",
        "Strict-Transport-Security": "max-age=31536000; includeSubDomains; preload",
        "X-Content-Type-Options": "nosniff",
        "x-ms-region": "East US"
      },
      "ResponseBody": {
        "error": {
          "message": "No thread found with id 'thread_ODVKxpRtNPkJEMMOSp6BL312'.",
          "type": "invalid_request_error",
          "param": null,
          "code": null
        }
      }
    },
    {
      "RequestUri": "https://Sanitized.openai.azure.com/openai/threads/thread_EjbG0fAwHgUwu323RLFNVF2U?api-version=2024-10-01-preview",
      "RequestMethod": "DELETE",
      "RequestHeaders": {
        "Accept": "application/json",
        "api-key": "Sanitized",
        "OpenAI-Beta": "assistants=v2",
        "User-Agent": "azsdk-net-AI.OpenAI/2.2.0-beta.1 (.NET 6.0.36; Microsoft Windows 10.0.22631)",
        "x-ms-client-request-id": "Sanitized"
      },
      "RequestBody": null,
      "StatusCode": 404,
      "ResponseHeaders": {
        "apim-request-id": "8a76752a-4dbc-415b-ac88-03ea022541b8",
        "Connection": "keep-alive",
        "Content-Length": "170",
        "Content-Type": "application/json",
        "Date": "Thu, 23 Jan 2025 16:22:41 GMT",
        "Strict-Transport-Security": "max-age=31536000; includeSubDomains; preload",
        "X-Content-Type-Options": "nosniff",
        "x-ms-region": "East US"
      },
      "ResponseBody": {
        "error": {
          "message": "No thread found with id 'thread_EjbG0fAwHgUwu323RLFNVF2U'.",
          "type": "invalid_request_error",
          "param": null,
          "code": null
        }
      }
    },
    {
      "RequestUri": "https://Sanitized.openai.azure.com/openai/threads/thread_0RCUHbm7Jx5KJzpGheuuGSNx?api-version=2024-10-01-preview",
      "RequestMethod": "DELETE",
      "RequestHeaders": {
        "Accept": "application/json",
        "api-key": "Sanitized",
        "OpenAI-Beta": "assistants=v2",
        "User-Agent": "azsdk-net-AI.OpenAI/2.2.0-beta.1 (.NET 6.0.36; Microsoft Windows 10.0.22631)",
        "x-ms-client-request-id": "Sanitized"
      },
      "RequestBody": null,
      "StatusCode": 200,
      "ResponseHeaders": {
        "apim-request-id": "cb5afbec-1a84-467d-9fa5-0a068e8b81b3",
        "Connection": "keep-alive",
        "Content-Length": "94",
        "Content-Type": "application/json",
        "Date": "Thu, 23 Jan 2025 16:22:42 GMT",
        "openai-organization": "1ae165719699410c9b5dba48cfaf5755",
        "openai-processing-ms": "114",
        "openai-version": "2020-10-01",
        "Strict-Transport-Security": "max-age=31536000; includeSubDomains; preload",
        "X-Content-Type-Options": "nosniff",
        "x-ms-middleware-request-id": "882297c6-ebef-4a25-bf00-f11d5c53179e",
        "x-ms-region": "East US",
        "X-Request-ID": "61fba15a-dcce-4d0a-bdbc-48625f134cc1"
      },
      "ResponseBody": {
        "id": "thread_0RCUHbm7Jx5KJzpGheuuGSNx",
        "object": "thread.deleted",
        "deleted": true
      }
    }
  ],
  "Variables": {
    "RandomSeed": "539130952"
  }
}
