{
  "Entries": [
    {
      "RequestUri": "https://Sanitized.openai.azure.com/openai/assistants?api-version=2024-07-01-preview",
      "RequestMethod": "POST",
      "RequestHeaders": {
        "Accept": "application/json",
        "api-key": "Sanitized",
        "Content-Length": "156",
        "Content-Type": "application/json",
        "OpenAI-Beta": "assistants=v2",
        "User-Agent": "azsdk-net-AI.OpenAI/2.0.0-beta.5 (.NET 8.0.8; Microsoft Windows 10.0.22631)",
        "x-ms-client-request-id": "Sanitized"
      },
      "RequestBody": {
        "model": "gpt-4o-mini",
        "instructions": "Call the code interpreter tool when asked to visualize mathematical concepts.",
        "tools": [
          {
            "type": "code_interpreter"
          }
        ]
      },
      "StatusCode": 200,
      "ResponseHeaders": {
        "apim-request-id": "05674b18-8418-4a99-84e5-66ec7e976345",
        "Connection": "keep-alive",
        "Content-Length": "488",
        "Content-Type": "application/json",
        "Date": "Tue, 10 Sep 2024 21:11:02 GMT",
        "Strict-Transport-Security": "max-age=31536000; includeSubDomains; preload",
        "X-Content-Type-Options": "nosniff",
        "x-ms-client-request-id": "Sanitized",
        "x-ms-middleware-request-id": "05674b18-8418-4a99-84e5-66ec7e976345",
        "x-ms-region": "East US",
        "X-Request-ID": "af7ef262-2778-4c62-a2d6-69d5e5f3ce3c"
      },
      "ResponseBody": {
        "id": "asst_yTN6R9la8wVWklD0iQzUeHSv",
        "object": "assistant",
        "created_at": 1726002662,
        "name": null,
        "description": null,
        "model": "gpt-4o-mini",
        "instructions": "Call the code interpreter tool when asked to visualize mathematical concepts.",
        "tools": [
          {
            "type": "code_interpreter"
          }
        ],
        "top_p": 1.0,
        "temperature": 1.0,
        "tool_resources": {
          "code_interpreter": {
            "file_ids": []
          }
        },
        "metadata": {},
        "response_format": "auto"
      }
    },
    {
      "RequestUri": "https://Sanitized.openai.azure.com/openai/threads?api-version=2024-07-01-preview",
      "RequestMethod": "POST",
      "RequestHeaders": {
        "Accept": "application/json",
        "api-key": "Sanitized",
        "Content-Length": "84",
        "Content-Type": "application/json",
        "OpenAI-Beta": "assistants=v2",
        "User-Agent": "azsdk-net-AI.OpenAI/2.0.0-beta.5 (.NET 8.0.8; Microsoft Windows 10.0.22631)",
        "x-ms-client-request-id": "Sanitized"
      },
      "RequestBody": {
        "messages": [
          {
            "role": "user",
            "content": "Please graph the equation y = 3x + 4"
          }
        ]
      },
      "StatusCode": 200,
      "ResponseHeaders": {
        "apim-request-id": "4b7a3bd0-9715-4e0b-8439-c7909c974b2d",
        "Connection": "keep-alive",
        "Content-Length": "137",
        "Content-Type": "application/json",
        "Date": "Tue, 10 Sep 2024 21:11:02 GMT",
        "Strict-Transport-Security": "max-age=31536000; includeSubDomains; preload",
        "X-Content-Type-Options": "nosniff",
        "x-ms-client-request-id": "Sanitized",
        "x-ms-middleware-request-id": "f5cdec6e-f824-4b80-96a4-98732df19594",
        "x-ms-region": "East US",
        "X-Request-ID": "0ab8c873-dded-4a1b-a872-513589c7bbc3"
      },
      "ResponseBody": {
        "id": "thread_M9GHtBu8NCHupR62D2TcelHr",
        "object": "thread",
        "created_at": 1726002662,
        "metadata": {},
        "tool_resources": {}
      }
    },
    {
      "RequestUri": "https://Sanitized.openai.azure.com/openai/threads/thread_M9GHtBu8NCHupR62D2TcelHr/runs?api-version=2024-07-01-preview",
      "RequestMethod": "POST",
      "RequestHeaders": {
        "Accept": "application/json",
        "api-key": "Sanitized",
        "Content-Length": "73",
        "Content-Type": "application/json",
        "OpenAI-Beta": "assistants=v2",
        "User-Agent": "azsdk-net-AI.OpenAI/2.0.0-beta.5 (.NET 8.0.8; Microsoft Windows 10.0.22631)",
        "x-ms-client-request-id": "Sanitized"
      },
      "RequestBody": {
        "assistant_id": "asst_yTN6R9la8wVWklD0iQzUeHSv",
        "additional_messages": []
      },
      "StatusCode": 200,
      "ResponseHeaders": {
        "apim-request-id": "9b6d4803-fb1a-47a4-ae50-9034498613a8",
        "Connection": "keep-alive",
        "Content-Length": "927",
        "Content-Type": "application/json",
        "Date": "Tue, 10 Sep 2024 21:11:02 GMT",
        "Strict-Transport-Security": "max-age=31536000; includeSubDomains; preload",
        "X-Content-Type-Options": "nosniff",
        "x-ms-client-request-id": "Sanitized",
        "x-ms-middleware-request-id": "fbe4a1e6-5871-4caf-995d-e2c73a1c72f3",
        "x-ms-region": "East US",
        "X-Request-ID": "f368c9cf-fdaa-478d-b3ce-ddbdd874ba36"
      },
      "ResponseBody": {
        "id": "run_RPhKmzRdMhAedWBFBdKp6Uxl",
        "object": "thread.run",
        "created_at": 1726002662,
        "assistant_id": "asst_yTN6R9la8wVWklD0iQzUeHSv",
        "thread_id": "thread_M9GHtBu8NCHupR62D2TcelHr",
        "status": "queued",
        "started_at": null,
        "expires_at": 1726003262,
        "cancelled_at": null,
        "failed_at": null,
        "completed_at": null,
        "required_action": null,
        "last_error": null,
        "model": "gpt-4o-mini",
        "instructions": "Call the code interpreter tool when asked to visualize mathematical concepts.",
        "tools": [
          {
            "type": "code_interpreter"
          }
        ],
        "tool_resources": {},
        "metadata": {},
        "temperature": 1.0,
        "top_p": 1.0,
        "max_completion_tokens": null,
        "max_prompt_tokens": null,
        "truncation_strategy": {
          "type": "auto",
          "last_messages": null
        },
        "incomplete_details": null,
        "usage": null,
        "response_format": "auto",
        "tool_choice": "auto",
        "parallel_tool_calls": true
      }
    },
    {
      "RequestUri": "https://Sanitized.openai.azure.com/openai/threads/thread_M9GHtBu8NCHupR62D2TcelHr/runs/run_RPhKmzRdMhAedWBFBdKp6Uxl?api-version=2024-07-01-preview",
      "RequestMethod": "GET",
      "RequestHeaders": {
        "Accept": "application/json",
        "api-key": "Sanitized",
        "OpenAI-Beta": "assistants=v2",
        "User-Agent": "azsdk-net-AI.OpenAI/2.0.0-beta.5 (.NET 8.0.8; Microsoft Windows 10.0.22631)",
        "x-ms-client-request-id": "Sanitized"
      },
      "RequestBody": null,
      "StatusCode": 200,
      "ResponseHeaders": {
        "apim-request-id": "8a28b06d-0afa-4df0-99b2-fcc336324f27",
        "Connection": "keep-alive",
        "Content-Length": "938",
        "Content-Type": "application/json",
        "Date": "Tue, 10 Sep 2024 21:11:04 GMT",
        "Strict-Transport-Security": "max-age=31536000; includeSubDomains; preload",
        "X-Content-Type-Options": "nosniff",
        "x-ms-client-request-id": "Sanitized",
        "x-ms-middleware-request-id": "1639bcba-965b-4207-8111-eff1c788fc40",
        "x-ms-region": "East US",
        "X-Request-ID": "197f374a-14d8-4268-b039-04e8c9b3c226"
      },
      "ResponseBody": {
        "id": "run_RPhKmzRdMhAedWBFBdKp6Uxl",
        "object": "thread.run",
        "created_at": 1726002662,
        "assistant_id": "asst_yTN6R9la8wVWklD0iQzUeHSv",
        "thread_id": "thread_M9GHtBu8NCHupR62D2TcelHr",
        "status": "in_progress",
        "started_at": 1726002662,
        "expires_at": 1726003262,
        "cancelled_at": null,
        "failed_at": null,
        "completed_at": null,
        "required_action": null,
        "last_error": null,
        "model": "gpt-4o-mini",
        "instructions": "Call the code interpreter tool when asked to visualize mathematical concepts.",
        "tools": [
          {
            "type": "code_interpreter"
          }
        ],
        "tool_resources": {},
        "metadata": {},
        "temperature": 1.0,
        "top_p": 1.0,
        "max_completion_tokens": null,
        "max_prompt_tokens": null,
        "truncation_strategy": {
          "type": "auto",
          "last_messages": null
        },
        "incomplete_details": null,
        "usage": null,
        "response_format": "auto",
        "tool_choice": "auto",
        "parallel_tool_calls": true
      }
    },
    {
      "RequestUri": "https://Sanitized.openai.azure.com/openai/threads/thread_M9GHtBu8NCHupR62D2TcelHr/runs/run_RPhKmzRdMhAedWBFBdKp6Uxl?api-version=2024-07-01-preview",
      "RequestMethod": "GET",
      "RequestHeaders": {
        "Accept": "application/json",
        "api-key": "Sanitized",
        "OpenAI-Beta": "assistants=v2",
        "User-Agent": "azsdk-net-AI.OpenAI/2.0.0-beta.5 (.NET 8.0.8; Microsoft Windows 10.0.22631)",
        "x-ms-client-request-id": "Sanitized"
      },
      "RequestBody": null,
      "StatusCode": 200,
      "ResponseHeaders": {
        "apim-request-id": "84e25668-0144-4f59-9847-f6265a1be557",
        "Connection": "keep-alive",
        "Content-Length": "938",
        "Content-Type": "application/json",
        "Date": "Tue, 10 Sep 2024 21:11:07 GMT",
        "Strict-Transport-Security": "max-age=31536000; includeSubDomains; preload",
        "X-Content-Type-Options": "nosniff",
        "x-ms-client-request-id": "Sanitized",
        "x-ms-middleware-request-id": "6890fc99-571f-4dfb-ba75-eec9cd08f9e2",
        "x-ms-region": "East US",
        "X-Request-ID": "56f8dd2d-2aaf-46ae-aa68-2b1ca47e54ad"
      },
      "ResponseBody": {
        "id": "run_RPhKmzRdMhAedWBFBdKp6Uxl",
        "object": "thread.run",
        "created_at": 1726002662,
        "assistant_id": "asst_yTN6R9la8wVWklD0iQzUeHSv",
        "thread_id": "thread_M9GHtBu8NCHupR62D2TcelHr",
        "status": "in_progress",
        "started_at": 1726002662,
        "expires_at": 1726003262,
        "cancelled_at": null,
        "failed_at": null,
        "completed_at": null,
        "required_action": null,
        "last_error": null,
        "model": "gpt-4o-mini",
        "instructions": "Call the code interpreter tool when asked to visualize mathematical concepts.",
        "tools": [
          {
            "type": "code_interpreter"
          }
        ],
        "tool_resources": {},
        "metadata": {},
        "temperature": 1.0,
        "top_p": 1.0,
        "max_completion_tokens": null,
        "max_prompt_tokens": null,
        "truncation_strategy": {
          "type": "auto",
          "last_messages": null
        },
        "incomplete_details": null,
        "usage": null,
        "response_format": "auto",
        "tool_choice": "auto",
        "parallel_tool_calls": true
      }
    },
    {
      "RequestUri": "https://Sanitized.openai.azure.com/openai/threads/thread_M9GHtBu8NCHupR62D2TcelHr/runs/run_RPhKmzRdMhAedWBFBdKp6Uxl?api-version=2024-07-01-preview",
      "RequestMethod": "GET",
      "RequestHeaders": {
        "Accept": "application/json",
        "api-key": "Sanitized",
        "OpenAI-Beta": "assistants=v2",
        "User-Agent": "azsdk-net-AI.OpenAI/2.0.0-beta.5 (.NET 8.0.8; Microsoft Windows 10.0.22631)",
        "x-ms-client-request-id": "Sanitized"
      },
      "RequestBody": null,
      "StatusCode": 200,
      "ResponseHeaders": {
        "apim-request-id": "ae2fc914-2641-4975-84d7-3f18b9089873",
        "Connection": "keep-alive",
        "Content-Length": "1017",
        "Content-Type": "application/json",
        "Date": "Tue, 10 Sep 2024 21:11:09 GMT",
        "Strict-Transport-Security": "max-age=31536000; includeSubDomains; preload",
        "X-Content-Type-Options": "nosniff",
        "x-ms-client-request-id": "Sanitized",
        "x-ms-middleware-request-id": "7b13970e-5b0f-46c0-8542-b71827d5ab6d",
        "x-ms-region": "East US",
        "X-Request-ID": "c4502d24-29e5-404c-901d-a4b931c4f9a9"
      },
      "ResponseBody": {
        "id": "run_RPhKmzRdMhAedWBFBdKp6Uxl",
        "object": "thread.run",
        "created_at": 1726002662,
        "assistant_id": "asst_yTN6R9la8wVWklD0iQzUeHSv",
        "thread_id": "thread_M9GHtBu8NCHupR62D2TcelHr",
        "status": "completed",
        "started_at": 1726002662,
        "expires_at": null,
        "cancelled_at": null,
        "failed_at": null,
        "completed_at": 1726002668,
        "required_action": null,
        "last_error": null,
        "model": "gpt-4o-mini",
        "instructions": "Call the code interpreter tool when asked to visualize mathematical concepts.",
        "tools": [
          {
            "type": "code_interpreter"
          }
        ],
        "tool_resources": {},
        "metadata": {},
        "temperature": 1.0,
        "top_p": 1.0,
        "max_completion_tokens": null,
        "max_prompt_tokens": null,
        "truncation_strategy": {
          "type": "auto",
          "last_messages": null
        },
        "incomplete_details": null,
        "usage": {
          "prompt_tokens": 377,
          "completion_tokens": 272,
          "total_tokens": 649
        },
        "response_format": "auto",
        "tool_choice": "auto",
        "parallel_tool_calls": true
      }
    },
    {
      "RequestUri": "https://Sanitized.openai.azure.com/openai/threads/thread_M9GHtBu8NCHupR62D2TcelHr/runs/run_RPhKmzRdMhAedWBFBdKp6Uxl/steps?api-version=2024-07-01-preview",
      "RequestMethod": "GET",
      "RequestHeaders": {
        "Accept": "application/json",
        "api-key": "Sanitized",
        "OpenAI-Beta": "assistants=v2",
        "User-Agent": "azsdk-net-AI.OpenAI/2.0.0-beta.5 (.NET 8.0.8; Microsoft Windows 10.0.22631)",
        "x-ms-client-request-id": "Sanitized"
      },
      "RequestBody": null,
      "StatusCode": 200,
      "ResponseHeaders": {
        "apim-request-id": "8ff578c5-5d42-4a7d-af0c-86c11da3e6b8",
        "Connection": "keep-alive",
        "Content-Length": "2647",
        "Content-Type": "application/json",
        "Date": "Tue, 10 Sep 2024 21:11:09 GMT",
        "Strict-Transport-Security": "max-age=31536000; includeSubDomains; preload",
        "X-Content-Type-Options": "nosniff",
        "x-ms-client-request-id": "Sanitized",
        "x-ms-middleware-request-id": "fc8f0b21-da70-4a4b-80c9-0afe5d882faf",
        "x-ms-region": "East US",
        "X-Request-ID": "be23d18d-20e8-4211-aecd-f5af62ac5af0"
      },
      "ResponseBody": {
        "object": "list",
        "data": [
          {
            "id": "step_scqidg2MmWwY6kvAJbjv6aI7",
            "object": "thread.run.step",
            "created_at": 1726002668,
            "run_id": "run_RPhKmzRdMhAedWBFBdKp6Uxl",
            "assistant_id": "asst_yTN6R9la8wVWklD0iQzUeHSv",
            "thread_id": "thread_M9GHtBu8NCHupR62D2TcelHr",
            "type": "message_creation",
            "status": "completed",
            "cancelled_at": null,
            "completed_at": 1726002668,
            "expires_at": null,
            "failed_at": null,
            "last_error": null,
            "step_details": {
              "type": "message_creation",
              "message_creation": {
                "message_id": "msg_l00ghKC7keKrjnL2iavCfSfp"
              }
            },
            "usage": {
              "prompt_tokens": 377,
              "completion_tokens": 67,
              "total_tokens": 444
            }
          },
          {
            "id": "step_muUgkpEm4AK209wqiAJ42BRi",
            "object": "thread.run.step",
            "created_at": 1726002663,
            "run_id": "run_RPhKmzRdMhAedWBFBdKp6Uxl",
            "assistant_id": "asst_yTN6R9la8wVWklD0iQzUeHSv",
            "thread_id": "thread_M9GHtBu8NCHupR62D2TcelHr",
            "type": "tool_calls",
            "status": "completed",
            "cancelled_at": null,
            "completed_at": 1726002668,
            "expires_at": null,
            "failed_at": null,
            "last_error": null,
            "step_details": {
              "type": "tool_calls",
              "tool_calls": [
                {
                  "id": "call_SoC5QKJxo4CP7K0zl4JQ03Fn",
                  "type": "code_interpreter",
                  "code_interpreter": {
                    "input": "import numpy as np\nimport matplotlib.pyplot as plt\n\n# Define the range of x values\nx_values = np.linspace(-10, 10, 400)\n# Calculate the corresponding y values\ny_values = 3 * x_values + 4\n\n# Create the plot\nplt.figure(figsize=(10, 6))\nplt.plot(x_values, y_values, label='y = 3x + 4', color='blue')\nplt.title('Graph of the Equation y = 3x + 4')\nplt.xlabel('x')\nplt.ylabel('y')\nplt.axhline(0, color='black',linewidth=0.5, ls='--')\nplt.axvline(0, color='black',linewidth=0.5, ls='--')\nplt.grid(color = 'gray', linestyle = '--', linewidth = 0.5)\nplt.legend()\nplt.xlim(-10, 10)\nplt.ylim(-30, 40)\nplt.show()",
                    "outputs": [
                      {
                        "type": "image",
                        "image": {
                          "file_id": "assistant-FHjyhCipv3GEXeZbLZnSYXoN"
                        }
                      }
                    ]
                  }
                }
              ]
            },
            "usage": {
              "prompt_tokens": 0,
              "completion_tokens": 205,
              "total_tokens": 205
            }
          }
        ],
        "first_id": "step_scqidg2MmWwY6kvAJbjv6aI7",
        "last_id": "step_muUgkpEm4AK209wqiAJ42BRi",
        "has_more": false
      }
    },
    {
      "RequestUri": "https://Sanitized.openai.azure.com/openai/assistants/asst_yTN6R9la8wVWklD0iQzUeHSv?api-version=2024-07-01-preview",
      "RequestMethod": "DELETE",
      "RequestHeaders": {
        "Accept": "application/json",
        "api-key": "Sanitized",
        "OpenAI-Beta": "assistants=v2",
        "User-Agent": "azsdk-net-AI.OpenAI/2.0.0-beta.5 (.NET 8.0.8; Microsoft Windows 10.0.22631)",
        "x-ms-client-request-id": "Sanitized"
      },
      "RequestBody": null,
      "StatusCode": 200,
      "ResponseHeaders": {
        "apim-request-id": "70ea438f-cf9a-49db-950f-aabb6fba543d",
        "Connection": "keep-alive",
        "Content-Length": "95",
        "Content-Type": "application/json",
        "Date": "Tue, 10 Sep 2024 21:11:09 GMT",
        "Strict-Transport-Security": "max-age=31536000; includeSubDomains; preload",
        "X-Content-Type-Options": "nosniff",
        "x-ms-client-request-id": "Sanitized",
        "x-ms-middleware-request-id": "1d90c2d2-462b-4ac4-848f-c7e6ff8cb871",
        "x-ms-region": "East US",
        "X-Request-ID": "e4e662fa-fb1c-41e2-af2a-69bcaa00d81a"
      },
      "ResponseBody": {
        "id": "asst_yTN6R9la8wVWklD0iQzUeHSv",
        "object": "assistant.deleted",
        "deleted": true
      }
    },
    {
      "RequestUri": "https://Sanitized.openai.azure.com/openai/threads/thread_M9GHtBu8NCHupR62D2TcelHr?api-version=2024-07-01-preview",
      "RequestMethod": "DELETE",
      "RequestHeaders": {
        "Accept": "application/json",
        "api-key": "Sanitized",
        "OpenAI-Beta": "assistants=v2",
        "User-Agent": "azsdk-net-AI.OpenAI/2.0.0-beta.5 (.NET 8.0.8; Microsoft Windows 10.0.22631)",
        "x-ms-client-request-id": "Sanitized"
      },
      "RequestBody": null,
      "StatusCode": 200,
      "ResponseHeaders": {
        "apim-request-id": "2d071360-ddff-4fd4-8c30-b21d34995663",
        "Connection": "keep-alive",
        "Content-Length": "94",
        "Content-Type": "application/json",
        "Date": "Tue, 10 Sep 2024 21:11:10 GMT",
        "Strict-Transport-Security": "max-age=31536000; includeSubDomains; preload",
        "X-Content-Type-Options": "nosniff",
        "x-ms-client-request-id": "Sanitized",
        "x-ms-middleware-request-id": "254891be-8ac8-46f7-9c4c-80571d70a3a5",
        "x-ms-region": "East US",
        "X-Request-ID": "05060d42-7a23-433f-9a8f-0d4db770eee5"
      },
      "ResponseBody": {
        "id": "thread_M9GHtBu8NCHupR62D2TcelHr",
        "object": "thread.deleted",
        "deleted": true
      }
    }
  ],
  "Variables": {
    "RandomSeed": "1682768904"
  }
}
