{
  "Entries": [
    {
      "RequestUri": "https://camaiaor-localtests.cognitiveservices.azure.com/formrecognizer/v2.1/prebuilt/businessCard/analyze?includeTextDetails=false",
      "RequestMethod": "POST",
      "RequestHeaders": {
        "Accept": "application/json",
        "Authorization": "Sanitized",
        "Content-Length": "22",
        "Content-Type": "application/json",
        "traceparent": "00-e3ce382be80efb3ff09fce68c5ef3d12-eec8a3509f54b1d1-00",
        "User-Agent": "azsdk-net-AI.FormRecognizer/4.2.0-alpha.20241007.1 (.NET 8.0.8; Microsoft Windows 10.0.26100)",
        "x-ms-client-request-id": "Sanitized",
        "x-ms-return-client-request-id": "true"
      },
      "RequestBody": {
        "source": "Sanitized"
      },
      "StatusCode": 202,
      "ResponseHeaders": {
        "apim-request-id": "83235a81-5928-493c-9ded-36b04c02f13d",
        "azure-deprecating": "API version 2.1 will retire on 2027-09-30. (https://aka.ms/Azure-Docuement-Intelligence-V2-retirement)",
        "Content-Length": "0",
        "Date": "Mon, 07 Oct 2024 21:00:46 GMT",
        "Operation-Location": "https://camaiaor-localtests.cognitiveservices.azure.com/formrecognizer/v2.1/prebuilt/businessCard/analyzeResults/83235a81-5928-493c-9ded-36b04c02f13d",
        "Strict-Transport-Security": "max-age=31536000; includeSubDomains; preload",
        "X-Content-Type-Options": "nosniff",
        "x-envoy-upstream-service-time": "234",
        "x-ms-region": "East US"
      },
      "ResponseBody": null
    },
    {
      "RequestUri": "https://camaiaor-localtests.cognitiveservices.azure.com/formrecognizer/v2.1/prebuilt/businessCard/analyzeResults/83235a81-5928-493c-9ded-36b04c02f13d",
      "RequestMethod": "GET",
      "RequestHeaders": {
        "Accept": "application/json",
        "Authorization": "Sanitized",
        "User-Agent": "azsdk-net-AI.FormRecognizer/4.2.0-alpha.20241007.1 (.NET 8.0.8; Microsoft Windows 10.0.26100)",
        "x-ms-client-request-id": "Sanitized",
        "x-ms-return-client-request-id": "true"
      },
      "RequestBody": null,
      "StatusCode": 200,
      "ResponseHeaders": {
        "apim-request-id": "47f37184-529d-443e-b363-d17349205eb4",
        "azure-deprecating": "API version 2.1 will retire on 2027-09-30. (https://aka.ms/Azure-Docuement-Intelligence-V2-retirement)",
        "Content-Length": "106",
        "Content-Type": "application/json; charset=utf-8",
        "Date": "Mon, 07 Oct 2024 21:00:46 GMT",
        "Strict-Transport-Security": "max-age=31536000; includeSubDomains; preload",
        "X-Content-Type-Options": "nosniff",
        "x-envoy-upstream-service-time": "17",
        "x-ms-region": "East US"
      },
      "ResponseBody": {
        "status": "running",
        "createdDateTime": "2024-10-07T21:00:46Z",
        "lastUpdatedDateTime": "2024-10-07T21:00:46Z"
      }
    },
    {
      "RequestUri": "https://camaiaor-localtests.cognitiveservices.azure.com/formrecognizer/v2.1/prebuilt/businessCard/analyzeResults/83235a81-5928-493c-9ded-36b04c02f13d",
      "RequestMethod": "GET",
      "RequestHeaders": {
        "Accept": "application/json",
        "Authorization": "Sanitized",
        "User-Agent": "azsdk-net-AI.FormRecognizer/4.2.0-alpha.20241007.1 (.NET 8.0.8; Microsoft Windows 10.0.26100)",
        "x-ms-client-request-id": "Sanitized",
        "x-ms-return-client-request-id": "true"
      },
      "RequestBody": null,
      "StatusCode": 200,
      "ResponseHeaders": {
        "apim-request-id": "2b870474-2ba2-4242-a125-0d140965de96",
        "azure-deprecating": "API version 2.1 will retire on 2027-09-30. (https://aka.ms/Azure-Docuement-Intelligence-V2-retirement)",
        "Content-Length": "106",
        "Content-Type": "application/json; charset=utf-8",
        "Date": "Mon, 07 Oct 2024 21:00:47 GMT",
        "Strict-Transport-Security": "max-age=31536000; includeSubDomains; preload",
        "X-Content-Type-Options": "nosniff",
        "x-envoy-upstream-service-time": "14",
        "x-ms-region": "East US"
      },
      "ResponseBody": {
        "status": "running",
        "createdDateTime": "2024-10-07T21:00:46Z",
        "lastUpdatedDateTime": "2024-10-07T21:00:46Z"
      }
    },
    {
      "RequestUri": "https://camaiaor-localtests.cognitiveservices.azure.com/formrecognizer/v2.1/prebuilt/businessCard/analyzeResults/83235a81-5928-493c-9ded-36b04c02f13d",
      "RequestMethod": "GET",
      "RequestHeaders": {
        "Accept": "application/json",
        "Authorization": "Sanitized",
        "User-Agent": "azsdk-net-AI.FormRecognizer/4.2.0-alpha.20241007.1 (.NET 8.0.8; Microsoft Windows 10.0.26100)",
        "x-ms-client-request-id": "Sanitized",
        "x-ms-return-client-request-id": "true"
      },
      "RequestBody": null,
      "StatusCode": 200,
      "ResponseHeaders": {
        "apim-request-id": "37daf2ef-a517-47d6-84ba-617d6887b5a1",
        "azure-deprecating": "API version 2.1 will retire on 2027-09-30. (https://aka.ms/Azure-Docuement-Intelligence-V2-retirement)",
        "Content-Length": "2684",
        "Content-Type": "application/json; charset=utf-8",
        "Date": "Mon, 07 Oct 2024 21:00:48 GMT",
        "Strict-Transport-Security": "max-age=31536000; includeSubDomains; preload",
        "X-Content-Type-Options": "nosniff",
        "x-envoy-upstream-service-time": "28",
        "x-ms-region": "East US"
      },
      "ResponseBody": {
        "status": "succeeded",
        "createdDateTime": "2024-10-07T21:00:46Z",
        "lastUpdatedDateTime": "2024-10-07T21:00:48Z",
        "analyzeResult": {
          "version": "2.1.0",
          "readResults": [
            {
              "page": 1,
              "angle": -16.6836,
              "width": 4032,
              "height": 3024,
              "unit": "pixel"
            }
          ],
          "documentResults": [
            {
              "docType": "prebuilt:businesscard",
              "pageRange": [
                1,
                1
              ],
              "fields": {
                "Addresses": {
                  "type": "array",
                  "valueArray": [
                    {
                      "type": "string",
                      "valueString": "2 Kingdom Street Paddington, London, W2 6BD",
                      "text": "2 Kingdom Street Paddington, London, W2 6BD",
                      "boundingBox": [
                        1227.3,
                        2138.3,
                        2520.2,
                        1690.5,
                        2597,
                        1912.3,
                        1304.1,
                        2360.1
                      ],
                      "page": 1,
                      "confidence": 0.98
                    }
                  ]
                },
                "CompanyNames": {
                  "type": "array",
                  "valueArray": [
                    {
                      "type": "string",
                      "valueString": "Contoso",
                      "text": "Contoso",
                      "boundingBox": [
                        1146,
                        1926,
                        2224,
                        1587,
                        2285,
                        1756,
                        1202,
                        2099
                      ],
                      "page": 1,
                      "confidence": 0.168
                    }
                  ]
                },
                "ContactNames": {
                  "type": "array",
                  "valueArray": [
                    {
                      "type": "object",
                      "valueObject": {
                        "FirstName": {
                          "type": "string",
                          "valueString": "Avery",
                          "text": "Avery",
                          "boundingBox": [
                            666,
                            1102,
                            1111,
                            995,
                            1140,
                            1114,
                            696,
                            1216
                          ],
                          "page": 1
                        },
                        "LastName": {
                          "type": "string",
                          "valueString": "Smith",
                          "text": "Smith",
                          "boundingBox": [
                            1170,
                            981,
                            1571,
                            881,
                            1600,
                            1000,
                            1200,
                            1100
                          ],
                          "page": 1
                        }
                      },
                      "text": "Dr. Avery Smith",
                      "boundingBox": [
                        414.1,
                        1153,
                        1572,
                        880.8,
                        1601.3,
                        1005.6,
                        443.5,
                        1277.9
                      ],
                      "page": 1,
                      "confidence": 0.979
                    }
                  ]
                },
                "Departments": {
                  "type": "array",
                  "valueArray": [
                    {
                      "type": "string",
                      "valueString": "Cloud & Al Department",
                      "text": "Cloud & Al Department",
                      "boundingBox": [
                        473.6,
                        1409.5,
                        1586,
                        1134,
                        1607.3,
                        1219.8,
                        494.9,
                        1495.3
                      ],
                      "page": 1,
                      "confidence": 0.989
                    }
                  ]
                },
                "Emails": {
                  "type": "array",
                  "valueArray": [
                    {
                      "type": "string",
                      "valueString": "avery.smith@contoso.com",
                      "text": "avery.smith@contoso.com",
                      "boundingBox": [
                        2106,
                        934,
                        2908,
                        706,
                        2921,
                        769,
                        2122,
                        993
                      ],
                      "page": 1,
                      "confidence": 0.99
                    }
                  ]
                },
                "Faxes": {
                  "type": "array",
                  "valueArray": [
                    {
                      "type": "phoneNumber",
                      "text": "+44 (0) 20 6789 2345",
                      "boundingBox": [
                        2520.4,
                        1195.5,
                        3191.8,
                        983.5,
                        3215.8,
                        1059.2,
                        2544.3,
                        1271.3
                      ],
                      "page": 1,
                      "confidence": 0.99
                    }
                  ]
                },
                "JobTitles": {
                  "type": "array",
                  "valueArray": [
                    {
                      "type": "string",
                      "valueString": "Senior Researcher",
                      "text": "Senior Researcher",
                      "boundingBox": [
                        451,
                        1312,
                        1315.9,
                        1103.6,
                        1334.7,
                        1181.7,
                        469.8,
                        1390
                      ],
                      "page": 1,
                      "confidence": 0.99
                    }
                  ]
                },
                "MobilePhones": {
                  "type": "array",
                  "valueArray": [
                    {
                      "type": "phoneNumber",
                      "text": "+44 (0) 7911 123456",
                      "boundingBox": [
                        2426.8,
                        1040.1,
                        3065.5,
                        846,
                        3087.2,
                        917.6,
                        2448.5,
                        1111.7
                      ],
                      "page": 1,
                      "confidence": 0.99
                    }
                  ]
                },
                "Websites": {
                  "type": "array",
                  "valueArray": [
                    {
                      "type": "string",
                      "valueString": "https://www.contoso.com/",
                      "text": "https://www.contoso.com/",
                      "boundingBox": [
                        2120,
                        1003,
                        2981,
                        757,
                        3006,
                        824,
                        2139,
                        1075
                      ],
                      "page": 1,
                      "confidence": 0.99
                    }
                  ]
                },
                "WorkPhones": {
                  "type": "array",
                  "valueArray": [
                    {
                      "type": "phoneNumber",
                      "text": "+44 (0) 20 9876 5432",
                      "boundingBox": [
                        2468.2,
                        1118.1,
                        3130.3,
                        914.6,
                        3152.9,
                        988.2,
                        2490.8,
                        1191.6
                      ],
                      "page": 1,
                      "confidence": 0.989
                    }
                  ]
                }
              }
            }
          ]
        }
      }
    }
  ],
  "Variables": {
    "ENDPOINT": "https://camaiaor-localtests.cognitiveservices.azure.com/",
    "RandomSeed": "1360934290"
  }
}
