{
  "Entries": [
    {
      "RequestUri": "https://amandapreprod.blob.core.windows.net/test-container-2539fbec-772b-969c-6fd0-153ee4f10d7c?restype=container",
      "RequestMethod": "PUT",
      "RequestHeaders": {
        "Accept": "application/xml",
        "Authorization": "Sanitized",
        "Content-Length": "0",
        "traceparent": "00-b1f4cf159e2695b07d361abb942f7e47-7b64fcd0ff7d18f8-00",
        "User-Agent": "azsdk-net-Storage.Blobs/12.23.0-alpha.20241111.1 (.NET 6.0.35; Microsoft Windows 10.0.22635)",
        "x-ms-client-request-id": "Sanitized",
        "x-ms-date": "Mon, 11 Nov 2024 21:46:52 GMT",
        "x-ms-return-client-request-id": "true",
        "x-ms-version": "2025-01-05"
      },
      "RequestBody": null,
      "StatusCode": 201,
      "ResponseHeaders": {
        "Content-Length": "0",
        "Date": "Mon, 11 Nov 2024 21:46:54 GMT",
        "ETag": "\"0x8DD029A5BF66BF8\"",
        "Last-Modified": "Mon, 11 Nov 2024 21:46:54 GMT",
        "Server": [
          "Windows-Azure-Blob/1.0",
          "Microsoft-HTTPAPI/2.0"
        ],
        "x-ms-client-request-id": "Sanitized",
        "x-ms-request-id": "75a50640-401e-004b-5f83-345ce7000000",
        "x-ms-version": "2025-01-05"
      },
      "ResponseBody": null
    },
    {
      "RequestUri": "https://amandapreprod.file.core.windows.net/test-share-01a758fe-a961-0c40-1b2a-88268ac77ac9?restype=share",
      "RequestMethod": "PUT",
      "RequestHeaders": {
        "Accept": "application/xml",
        "Authorization": "Sanitized",
        "Content-Length": "0",
        "traceparent": "00-ccf61fb1464c1360a33695ceee080318-0d14d826896f97b2-00",
        "User-Agent": "azsdk-net-Storage.Files.Shares/12.21.0-alpha.20241111.1 (.NET 6.0.35; Microsoft Windows 10.0.22635)",
        "x-ms-client-request-id": "Sanitized",
        "x-ms-date": "Mon, 11 Nov 2024 21:46:52 GMT",
        "x-ms-return-client-request-id": "true",
        "x-ms-version": "2025-01-05"
      },
      "RequestBody": null,
      "StatusCode": 201,
      "ResponseHeaders": {
        "Content-Length": "0",
        "Date": "Mon, 11 Nov 2024 21:46:54 GMT",
        "ETag": "\"0x8DD029A5C006668\"",
        "Last-Modified": "Mon, 11 Nov 2024 21:46:54 GMT",
        "Server": [
          "Windows-Azure-File/1.0",
          "Microsoft-HTTPAPI/2.0"
        ],
        "x-ms-client-request-id": "Sanitized",
        "x-ms-request-id": "1bb26e9f-601a-004c-4383-343084000000",
        "x-ms-version": "2025-01-05"
      },
      "ResponseBody": null
    },
    {
      "RequestUri": "https://amandapreprod.blob.core.windows.net/test-container-2539fbec-772b-969c-6fd0-153ee4f10d7c/sourceFolder/test-file-a91fbf57-2b98-b547-cebc-ced2023fb433",
      "RequestMethod": "PUT",
      "RequestHeaders": {
        "Accept": "application/xml",
        "Authorization": "Sanitized",
        "Content-Length": "0",
        "If-None-Match": "*",
        "traceparent": "00-6a80a4193670de4991cf8235ef8787c1-659d9b7bd96944df-00",
        "User-Agent": "azsdk-net-Storage.Blobs/12.23.0-alpha.20241111.1 (.NET 6.0.35; Microsoft Windows 10.0.22635)",
        "x-ms-blob-cache-control": "no-cache",
        "x-ms-blob-content-disposition": "inline",
        "x-ms-blob-content-language": "en-US",
        "x-ms-blob-content-type": "text/plain",
        "x-ms-blob-type": "AppendBlob",
        "x-ms-client-request-id": "Sanitized",
        "x-ms-date": "Mon, 11 Nov 2024 21:46:52 GMT",
        "x-ms-meta-Capital": "letter",
        "x-ms-meta-foo": "bar",
        "x-ms-meta-meta": "data",
        "x-ms-meta-UPPER": "case",
        "x-ms-return-client-request-id": "true",
        "x-ms-version": "2025-01-05"
      },
      "RequestBody": null,
      "StatusCode": 201,
      "ResponseHeaders": {
        "Content-Length": "0",
        "Date": "Mon, 11 Nov 2024 21:46:54 GMT",
        "ETag": "\"0x8DD029A5C09BBA1\"",
        "Last-Modified": "Mon, 11 Nov 2024 21:46:54 GMT",
        "Server": [
          "Windows-Azure-Blob/1.0",
          "Microsoft-HTTPAPI/2.0"
        ],
        "x-ms-client-request-id": "Sanitized",
        "x-ms-request-id": "75a50675-401e-004b-0c83-345ce7000000",
        "x-ms-request-server-encrypted": "true",
        "x-ms-version": "2025-01-05"
      },
      "ResponseBody": null
    },
    {
      "RequestUri": "https://amandapreprod.blob.core.windows.net/test-container-2539fbec-772b-969c-6fd0-153ee4f10d7c/sourceFolder/test-file-35a56932-b6f2-e1ca-2735-0ebca0c2aa55",
      "RequestMethod": "PUT",
      "RequestHeaders": {
        "Accept": "application/xml",
        "Authorization": "Sanitized",
        "Content-Length": "0",
        "If-None-Match": "*",
        "traceparent": "00-35d1ddc5061b349c051c0a75a72cccc3-1261125ba3450be2-00",
        "User-Agent": "azsdk-net-Storage.Blobs/12.23.0-alpha.20241111.1 (.NET 6.0.35; Microsoft Windows 10.0.22635)",
        "x-ms-blob-cache-control": "no-cache",
        "x-ms-blob-content-disposition": "inline",
        "x-ms-blob-content-language": "en-US",
        "x-ms-blob-content-type": "text/plain",
        "x-ms-blob-type": "AppendBlob",
        "x-ms-client-request-id": "Sanitized",
        "x-ms-date": "Mon, 11 Nov 2024 21:46:52 GMT",
        "x-ms-meta-Capital": "letter",
        "x-ms-meta-foo": "bar",
        "x-ms-meta-meta": "data",
        "x-ms-meta-UPPER": "case",
        "x-ms-return-client-request-id": "true",
        "x-ms-version": "2025-01-05"
      },
      "RequestBody": null,
      "StatusCode": 201,
      "ResponseHeaders": {
        "Content-Length": "0",
        "Date": "Mon, 11 Nov 2024 21:46:54 GMT",
        "ETag": "\"0x8DD029A5C126480\"",
        "Last-Modified": "Mon, 11 Nov 2024 21:46:54 GMT",
        "Server": [
          "Windows-Azure-Blob/1.0",
          "Microsoft-HTTPAPI/2.0"
        ],
        "x-ms-client-request-id": "Sanitized",
        "x-ms-request-id": "75a5068d-401e-004b-2283-345ce7000000",
        "x-ms-request-server-encrypted": "true",
        "x-ms-version": "2025-01-05"
      },
      "ResponseBody": null
    },
    {
      "RequestUri": "https://amandapreprod.blob.core.windows.net/test-container-2539fbec-772b-969c-6fd0-153ee4f10d7c/sourceFolder/bar/test-file-af2fea0b-c91f-c376-09b0-f3e7b3c3e06b",
      "RequestMethod": "PUT",
      "RequestHeaders": {
        "Accept": "application/xml",
        "Authorization": "Sanitized",
        "Content-Length": "0",
        "If-None-Match": "*",
        "traceparent": "00-47fcf3dfd8e017a52183c1db6ad4b6bc-0a03e142796a5cb4-00",
        "User-Agent": "azsdk-net-Storage.Blobs/12.23.0-alpha.20241111.1 (.NET 6.0.35; Microsoft Windows 10.0.22635)",
        "x-ms-blob-cache-control": "no-cache",
        "x-ms-blob-content-disposition": "inline",
        "x-ms-blob-content-language": "en-US",
        "x-ms-blob-content-type": "text/plain",
        "x-ms-blob-type": "AppendBlob",
        "x-ms-client-request-id": "Sanitized",
        "x-ms-date": "Mon, 11 Nov 2024 21:46:52 GMT",
        "x-ms-meta-Capital": "letter",
        "x-ms-meta-foo": "bar",
        "x-ms-meta-meta": "data",
        "x-ms-meta-UPPER": "case",
        "x-ms-return-client-request-id": "true",
        "x-ms-version": "2025-01-05"
      },
      "RequestBody": null,
      "StatusCode": 201,
      "ResponseHeaders": {
        "Content-Length": "0",
        "Date": "Mon, 11 Nov 2024 21:46:54 GMT",
        "ETag": "\"0x8DD029A5C1B342D\"",
        "Last-Modified": "Mon, 11 Nov 2024 21:46:54 GMT",
        "Server": [
          "Windows-Azure-Blob/1.0",
          "Microsoft-HTTPAPI/2.0"
        ],
        "x-ms-client-request-id": "Sanitized",
        "x-ms-request-id": "75a506a8-401e-004b-3d83-345ce7000000",
        "x-ms-request-server-encrypted": "true",
        "x-ms-version": "2025-01-05"
      },
      "ResponseBody": null
    },
    {
      "RequestUri": "https://amandapreprod.blob.core.windows.net/test-container-2539fbec-772b-969c-6fd0-153ee4f10d7c/sourceFolder/pik/test-file-fb083828-1f4b-23d2-0bf2-556d6eeb4b2a",
      "RequestMethod": "PUT",
      "RequestHeaders": {
        "Accept": "application/xml",
        "Authorization": "Sanitized",
        "Content-Length": "0",
        "If-None-Match": "*",
        "traceparent": "00-6148796702c69c70d5aecc2141d7e826-f0b7ecb635372af4-00",
        "User-Agent": "azsdk-net-Storage.Blobs/12.23.0-alpha.20241111.1 (.NET 6.0.35; Microsoft Windows 10.0.22635)",
        "x-ms-blob-cache-control": "no-cache",
        "x-ms-blob-content-disposition": "inline",
        "x-ms-blob-content-language": "en-US",
        "x-ms-blob-content-type": "text/plain",
        "x-ms-blob-type": "AppendBlob",
        "x-ms-client-request-id": "Sanitized",
        "x-ms-date": "Mon, 11 Nov 2024 21:46:52 GMT",
        "x-ms-meta-Capital": "letter",
        "x-ms-meta-foo": "bar",
        "x-ms-meta-meta": "data",
        "x-ms-meta-UPPER": "case",
        "x-ms-return-client-request-id": "true",
        "x-ms-version": "2025-01-05"
      },
      "RequestBody": null,
      "StatusCode": 201,
      "ResponseHeaders": {
        "Content-Length": "0",
        "Date": "Mon, 11 Nov 2024 21:46:54 GMT",
        "ETag": "\"0x8DD029A5C23DD0E\"",
        "Last-Modified": "Mon, 11 Nov 2024 21:46:55 GMT",
        "Server": [
          "Windows-Azure-Blob/1.0",
          "Microsoft-HTTPAPI/2.0"
        ],
        "x-ms-client-request-id": "Sanitized",
        "x-ms-request-id": "75a506bd-401e-004b-4c83-345ce7000000",
        "x-ms-request-server-encrypted": "true",
        "x-ms-version": "2025-01-05"
      },
      "ResponseBody": null
    },
    {
      "RequestUri": "https://amandapreprod.file.core.windows.net/test-share-01a758fe-a961-0c40-1b2a-88268ac77ac9/destFolder?restype=directory",
      "RequestMethod": "PUT",
      "RequestHeaders": {
        "Accept": "application/xml",
        "Authorization": "Sanitized",
        "Content-Length": "0",
        "traceparent": "00-80c2c4aee4c3964bea45bae00fc2f8dc-2fbab90f3ac96738-00",
        "User-Agent": "azsdk-net-Storage.Files.Shares/12.21.0-alpha.20241111.1 (.NET 6.0.35; Microsoft Windows 10.0.22635)",
        "x-ms-client-request-id": "Sanitized",
        "x-ms-date": "Mon, 11 Nov 2024 21:46:52 GMT",
        "x-ms-file-attributes": "None",
        "x-ms-file-creation-time": "Now",
        "x-ms-file-last-write-time": "Now",
        "x-ms-file-permission": "Inherit",
        "x-ms-return-client-request-id": "true",
        "x-ms-version": "2025-01-05"
      },
      "RequestBody": null,
      "StatusCode": 201,
      "ResponseHeaders": {
        "Content-Length": "0",
        "Date": "Mon, 11 Nov 2024 21:46:54 GMT",
        "ETag": "\"0x8DD029A5C2D2F60\"",
        "Last-Modified": "Mon, 11 Nov 2024 21:46:55 GMT",
        "Server": [
          "Windows-Azure-File/1.0",
          "Microsoft-HTTPAPI/2.0"
        ],
        "x-ms-client-request-id": "Sanitized",
        "x-ms-file-attributes": "Directory",
        "x-ms-file-change-time": "2024-11-11T21:46:55.1162720Z",
        "x-ms-file-creation-time": "2024-11-11T21:46:55.1162720Z",
        "x-ms-file-id": "13835128424026341376",
        "x-ms-file-last-write-time": "2024-11-11T21:46:55.1162720Z",
        "x-ms-file-parent-id": "0",
        "x-ms-file-permission-key": "8016861625448480706*547956186189310027",
        "x-ms-request-id": "1bb26ea1-601a-004c-4483-343084000000",
        "x-ms-request-server-encrypted": "true",
        "x-ms-version": "2025-01-05"
      },
      "ResponseBody": null
    },
    {
      "RequestUri": "https://amandapreprod.blob.core.windows.net/test-container-2539fbec-772b-969c-6fd0-153ee4f10d7c?restype=container&comp=list&prefix=sourceFolder%2F&include=Metadata",
      "RequestMethod": "GET",
      "RequestHeaders": {
        "Accept": "application/xml",
        "Authorization": "Sanitized",
        "traceparent": "00-0468e80792595f02e3f8743d425a0800-763af874bba996fb-00",
        "User-Agent": "azsdk-net-Storage.Blobs/12.23.0-alpha.20241111.1 (.NET 6.0.35; Microsoft Windows 10.0.22635)",
        "x-ms-client-request-id": "Sanitized",
        "x-ms-date": "Mon, 11 Nov 2024 21:46:52 GMT",
        "x-ms-return-client-request-id": "true",
        "x-ms-version": "2025-01-05"
      },
      "RequestBody": null,
      "StatusCode": 200,
      "ResponseHeaders": {
        "Content-Type": "application/xml",
        "Date": "Mon, 11 Nov 2024 21:46:54 GMT",
        "Server": [
          "Windows-Azure-Blob/1.0",
          "Microsoft-HTTPAPI/2.0"
        ],
        "Transfer-Encoding": "chunked",
        "x-ms-client-request-id": "Sanitized",
        "x-ms-request-id": "75a50707-401e-004b-0a83-345ce7000000",
        "x-ms-version": "2025-01-05"
      },
      "ResponseBody": "\uFEFF<?xml version=\"1.0\" encoding=\"utf-8\"?><EnumerationResults ServiceEndpoint=\"https://amandapreprod.blob.core.windows.net/\" ContainerName=\"test-container-2539fbec-772b-969c-6fd0-153ee4f10d7c\"><Prefix>sourceFolder/</Prefix><Blobs><Blob><Name>sourceFolder/bar/test-file-af2fea0b-c91f-c376-09b0-f3e7b3c3e06b</Name><Properties><Creation-Time>Mon, 11 Nov 2024 21:46:54 GMT</Creation-Time><Last-Modified>Mon, 11 Nov 2024 21:46:54 GMT</Last-Modified><Etag>0x8DD029A5C1B342D</Etag><Content-Length>0</Content-Length><Content-Type>text/plain</Content-Type><Content-Encoding /><Content-Language>en-US</Content-Language><Content-CRC64 /><Content-MD5 /><Cache-Control>no-cache</Cache-Control><Content-Disposition>inline</Content-Disposition><BlobType>AppendBlob</BlobType><LeaseStatus>unlocked</LeaseStatus><LeaseState>available</LeaseState><ServerEncrypted>true</ServerEncrypted></Properties><Metadata><foo>bar</foo><meta>data</meta><Capital>letter</Capital><UPPER>case</UPPER></Metadata><OrMetadata /></Blob><Blob><Name>sourceFolder/pik/test-file-fb083828-1f4b-23d2-0bf2-556d6eeb4b2a</Name><Properties><Creation-Time>Mon, 11 Nov 2024 21:46:55 GMT</Creation-Time><Last-Modified>Mon, 11 Nov 2024 21:46:55 GMT</Last-Modified><Etag>0x8DD029A5C23DD0E</Etag><Content-Length>0</Content-Length><Content-Type>text/plain</Content-Type><Content-Encoding /><Content-Language>en-US</Content-Language><Content-CRC64 /><Content-MD5 /><Cache-Control>no-cache</Cache-Control><Content-Disposition>inline</Content-Disposition><BlobType>AppendBlob</BlobType><LeaseStatus>unlocked</LeaseStatus><LeaseState>available</LeaseState><ServerEncrypted>true</ServerEncrypted></Properties><Metadata><foo>bar</foo><meta>data</meta><Capital>letter</Capital><UPPER>case</UPPER></Metadata><OrMetadata /></Blob><Blob><Name>sourceFolder/test-file-35a56932-b6f2-e1ca-2735-0ebca0c2aa55</Name><Properties><Creation-Time>Mon, 11 Nov 2024 21:46:54 GMT</Creation-Time><Last-Modified>Mon, 11 Nov 2024 21:46:54 GMT</Last-Modified><Etag>0x8DD029A5C126480</Etag><Content-Length>0</Content-Length><Content-Type>text/plain</Content-Type><Content-Encoding /><Content-Language>en-US</Content-Language><Content-CRC64 /><Content-MD5 /><Cache-Control>no-cache</Cache-Control><Content-Disposition>inline</Content-Disposition><BlobType>AppendBlob</BlobType><LeaseStatus>unlocked</LeaseStatus><LeaseState>available</LeaseState><ServerEncrypted>true</ServerEncrypted></Properties><Metadata><foo>bar</foo><meta>data</meta><Capital>letter</Capital><UPPER>case</UPPER></Metadata><OrMetadata /></Blob><Blob><Name>sourceFolder/test-file-a91fbf57-2b98-b547-cebc-ced2023fb433</Name><Properties><Creation-Time>Mon, 11 Nov 2024 21:46:54 GMT</Creation-Time><Last-Modified>Mon, 11 Nov 2024 21:46:54 GMT</Last-Modified><Etag>0x8DD029A5C09BBA1</Etag><Content-Length>0</Content-Length><Content-Type>text/plain</Content-Type><Content-Encoding /><Content-Language>en-US</Content-Language><Content-CRC64 /><Content-MD5 /><Cache-Control>no-cache</Cache-Control><Content-Disposition>inline</Content-Disposition><BlobType>AppendBlob</BlobType><LeaseStatus>unlocked</LeaseStatus><LeaseState>available</LeaseState><ServerEncrypted>true</ServerEncrypted></Properties><Metadata><foo>bar</foo><meta>data</meta><Capital>letter</Capital><UPPER>case</UPPER></Metadata><OrMetadata /></Blob></Blobs><NextMarker /></EnumerationResults>"
    },
    {
      "RequestUri": "https://amandapreprod.file.core.windows.net/test-share-01a758fe-a961-0c40-1b2a-88268ac77ac9/destFolder/bar?sv=Sanitized&se=2024-11-12T21%3A46%3A52Z&sr=s&sp=rcwdl&sig=Sanitized&restype=directory",
      "RequestMethod": "PUT",
      "RequestHeaders": {
        "Accept": "application/xml",
        "Content-Length": "0",
        "traceparent": "00-1eb59cf9109e7db0ad7fe25a9659217a-1a1f9be972d9f3a2-00",
        "User-Agent": "azsdk-net-Storage.Files.Shares/12.21.0-alpha.20241111.1 (.NET 6.0.35; Microsoft Windows 10.0.22635)",
        "x-ms-client-request-id": "Sanitized",
        "x-ms-file-attributes": "None",
        "x-ms-file-creation-time": "Now",
        "x-ms-file-last-write-time": "Now",
        "x-ms-file-permission": "Inherit",
        "x-ms-return-client-request-id": "true",
        "x-ms-version": "2025-01-05"
      },
      "RequestBody": null,
      "StatusCode": 201,
      "ResponseHeaders": {
        "Content-Length": "0",
        "Date": "Mon, 11 Nov 2024 21:46:54 GMT",
        "ETag": "\"0x8DD029A5C4FF992\"",
        "Last-Modified": "Mon, 11 Nov 2024 21:46:55 GMT",
        "Server": [
          "Windows-Azure-File/1.0",
          "Microsoft-HTTPAPI/2.0"
        ],
        "x-ms-client-request-id": "Sanitized",
        "x-ms-file-attributes": "Directory",
        "x-ms-file-change-time": "2024-11-11T21:46:55.3442706Z",
        "x-ms-file-creation-time": "2024-11-11T21:46:55.3442706Z",
        "x-ms-file-id": "11529285414812647424",
        "x-ms-file-last-write-time": "2024-11-11T21:46:55.3442706Z",
        "x-ms-file-parent-id": "13835128424026341376",
        "x-ms-file-permission-key": "8016861625448480706*547956186189310027",
        "x-ms-request-id": "1bb26ea4-601a-004c-4583-343084000000",
        "x-ms-request-server-encrypted": "true",
        "x-ms-version": "2025-01-05"
      },
      "ResponseBody": null
    },
    {
      "RequestUri": "https://amandapreprod.file.core.windows.net/test-share-01a758fe-a961-0c40-1b2a-88268ac77ac9/destFolder/pik?sv=Sanitized&se=2024-11-12T21%3A46%3A52Z&sr=s&sp=rcwdl&sig=Sanitized&restype=directory",
      "RequestMethod": "PUT",
      "RequestHeaders": {
        "Accept": "application/xml",
        "Content-Length": "0",
        "traceparent": "00-18917a061e322eac556c45a96c8f5099-72097ca9bc7ae36e-00",
        "User-Agent": "azsdk-net-Storage.Files.Shares/12.21.0-alpha.20241111.1 (.NET 6.0.35; Microsoft Windows 10.0.22635)",
        "x-ms-client-request-id": "Sanitized",
        "x-ms-file-attributes": "None",
        "x-ms-file-creation-time": "Now",
        "x-ms-file-last-write-time": "Now",
        "x-ms-file-permission": "Inherit",
        "x-ms-return-client-request-id": "true",
        "x-ms-version": "2025-01-05"
      },
      "RequestBody": null,
      "StatusCode": 201,
      "ResponseHeaders": {
        "Content-Length": "0",
        "Date": "Mon, 11 Nov 2024 21:46:55 GMT",
        "ETag": "\"0x8DD029A5C598BC1\"",
        "Last-Modified": "Mon, 11 Nov 2024 21:46:55 GMT",
        "Server": [
          "Windows-Azure-File/1.0",
          "Microsoft-HTTPAPI/2.0"
        ],
        "x-ms-client-request-id": "Sanitized",
        "x-ms-file-attributes": "Directory",
        "x-ms-file-change-time": "2024-11-11T21:46:55.4069953Z",
        "x-ms-file-creation-time": "2024-11-11T21:46:55.4069953Z",
        "x-ms-file-id": "16140971433240035328",
        "x-ms-file-last-write-time": "2024-11-11T21:46:55.4069953Z",
        "x-ms-file-parent-id": "13835128424026341376",
        "x-ms-file-permission-key": "8016861625448480706*547956186189310027",
        "x-ms-request-id": "1bb26ea5-601a-004c-4683-343084000000",
        "x-ms-request-server-encrypted": "true",
        "x-ms-version": "2025-01-05"
      },
      "ResponseBody": null
    },
    {
      "RequestUri": "https://amandapreprod.file.core.windows.net/test-share-01a758fe-a961-0c40-1b2a-88268ac77ac9/destFolder/bar/test-file-af2fea0b-c91f-c376-09b0-f3e7b3c3e06b?sv=Sanitized&se=2024-11-12T21%3A46%3A52Z&sr=s&sp=rcwdl&sig=Sanitized",
      "RequestMethod": "HEAD",
      "RequestHeaders": {
        "Accept": "application/xml",
        "traceparent": "00-562807ba2e5be6e39d676bf6921d9eed-0456adb0f36279bb-00",
        "User-Agent": "azsdk-net-Storage.Files.Shares/12.21.0-alpha.20241111.1 (.NET 6.0.35; Microsoft Windows 10.0.22635)",
        "x-ms-client-request-id": "Sanitized",
        "x-ms-return-client-request-id": "true",
        "x-ms-version": "2025-01-05"
      },
      "RequestBody": null,
      "StatusCode": 404,
      "ResponseHeaders": {
        "Date": "Mon, 11 Nov 2024 21:46:54 GMT",
        "Server": [
          "Windows-Azure-File/1.0",
          "Microsoft-HTTPAPI/2.0"
        ],
        "Transfer-Encoding": "chunked",
        "x-ms-client-request-id": "Sanitized",
        "x-ms-error-code": "ResourceNotFound",
        "x-ms-request-id": "fc4fe4e0-901a-002a-6883-347fa4000000",
        "x-ms-version": "2025-01-05"
      },
      "ResponseBody": null
    },
    {
      "RequestUri": "https://amandapreprod.file.core.windows.net/test-share-01a758fe-a961-0c40-1b2a-88268ac77ac9/destFolder/bar/test-file-af2fea0b-c91f-c376-09b0-f3e7b3c3e06b?sv=Sanitized&se=2024-11-12T21%3A46%3A52Z&sr=s&sp=rcwdl&sig=Sanitized",
      "RequestMethod": "PUT",
      "RequestHeaders": {
        "Accept": "application/xml",
        "Content-Length": "0",
        "traceparent": "00-57944f1ef105ca3501261c891a7d3faa-ea8ec37ee9c0c063-00",
        "User-Agent": "azsdk-net-Storage.Files.Shares/12.21.0-alpha.20241111.1 (.NET 6.0.35; Microsoft Windows 10.0.22635)",
        "x-ms-cache-control": "no-cache",
        "x-ms-client-request-id": "Sanitized",
        "x-ms-content-disposition": "inline",
        "x-ms-content-encoding": "",
        "x-ms-content-language": "en-US,en-CA",
        "x-ms-content-length": "0",
        "x-ms-content-type": "text/plain",
        "x-ms-file-attributes": "None",
        "x-ms-file-change-time": "2024-04-01T13:30:03.0000000Z",
        "x-ms-file-creation-time": "2024-04-01T09:05:55.0000000Z",
        "x-ms-file-last-write-time": "2024-04-01T12:16:06.0000000Z",
        "x-ms-file-permission": "Inherit",
        "x-ms-meta-Capital": "letter",
        "x-ms-meta-foo": "bar",
        "x-ms-meta-meta": "data",
        "x-ms-meta-UPPER": "case",
        "x-ms-return-client-request-id": "true",
        "x-ms-type": "file",
        "x-ms-version": "2025-01-05"
      },
      "RequestBody": null,
      "StatusCode": 201,
      "ResponseHeaders": {
        "Content-Length": "0",
        "Date": "Mon, 11 Nov 2024 21:46:54 GMT",
        "ETag": "\"0x8DD029A5C67D390\"",
        "Last-Modified": "Mon, 11 Nov 2024 21:46:55 GMT",
        "Server": [
          "Windows-Azure-File/1.0",
          "Microsoft-HTTPAPI/2.0"
        ],
        "x-ms-client-request-id": "Sanitized",
        "x-ms-file-attributes": "Archive",
        "x-ms-file-change-time": "2024-04-01T13:30:03.0000000Z",
        "x-ms-file-creation-time": "2024-04-01T09:05:55.0000000Z",
        "x-ms-file-id": "13835093239654252544",
        "x-ms-file-last-write-time": "2024-04-01T12:16:06.0000000Z",
        "x-ms-file-parent-id": "11529285414812647424",
        "x-ms-file-permission-key": "12626496306092130501*547956186189310027",
        "x-ms-request-id": "fc4fe4e2-901a-002a-6983-347fa4000000",
        "x-ms-request-server-encrypted": "true",
        "x-ms-version": "2025-01-05"
      },
      "ResponseBody": null
    },
    {
      "RequestUri": "https://amandapreprod.file.core.windows.net/test-share-01a758fe-a961-0c40-1b2a-88268ac77ac9/destFolder/pik/test-file-fb083828-1f4b-23d2-0bf2-556d6eeb4b2a?sv=Sanitized&se=2024-11-12T21%3A46%3A52Z&sr=s&sp=rcwdl&sig=Sanitized",
      "RequestMethod": "HEAD",
      "RequestHeaders": {
        "Accept": "application/xml",
        "traceparent": "00-613ca31f2eeaf232795fc849689b738c-6a847c12f30cbbe0-00",
        "User-Agent": "azsdk-net-Storage.Files.Shares/12.21.0-alpha.20241111.1 (.NET 6.0.35; Microsoft Windows 10.0.22635)",
        "x-ms-client-request-id": "Sanitized",
        "x-ms-return-client-request-id": "true",
        "x-ms-version": "2025-01-05"
      },
      "RequestBody": null,
      "StatusCode": 404,
      "ResponseHeaders": {
        "Date": "Mon, 11 Nov 2024 21:46:55 GMT",
        "Server": [
          "Windows-Azure-File/1.0",
          "Microsoft-HTTPAPI/2.0"
        ],
        "Transfer-Encoding": "chunked",
        "x-ms-client-request-id": "Sanitized",
        "x-ms-error-code": "ResourceNotFound",
        "x-ms-request-id": "1bb26ea6-601a-004c-4783-343084000000",
        "x-ms-version": "2025-01-05"
      },
      "ResponseBody": null
    },
    {
      "RequestUri": "https://amandapreprod.file.core.windows.net/test-share-01a758fe-a961-0c40-1b2a-88268ac77ac9/destFolder/test-file-a91fbf57-2b98-b547-cebc-ced2023fb433?sv=Sanitized&se=2024-11-12T21%3A46%3A52Z&sr=s&sp=rcwdl&sig=Sanitized",
      "RequestMethod": "HEAD",
      "RequestHeaders": {
        "Accept": "application/xml",
        "traceparent": "00-bc77d8823c4007207354f49fc23cd138-6bc0bd9090073f22-00",
        "User-Agent": "azsdk-net-Storage.Files.Shares/12.21.0-alpha.20241111.1 (.NET 6.0.35; Microsoft Windows 10.0.22635)",
        "x-ms-client-request-id": "Sanitized",
        "x-ms-return-client-request-id": "true",
        "x-ms-version": "2025-01-05"
      },
      "RequestBody": null,
      "StatusCode": 404,
      "ResponseHeaders": {
        "Date": "Mon, 11 Nov 2024 21:46:55 GMT",
        "Server": [
          "Windows-Azure-File/1.0",
          "Microsoft-HTTPAPI/2.0"
        ],
        "Transfer-Encoding": "chunked",
        "x-ms-client-request-id": "Sanitized",
        "x-ms-error-code": "ResourceNotFound",
        "x-ms-request-id": "e0302476-301a-001c-1c83-34f2d4000000",
        "x-ms-version": "2025-01-05"
      },
      "ResponseBody": null
    },
    {
      "RequestUri": "https://amandapreprod.file.core.windows.net/test-share-01a758fe-a961-0c40-1b2a-88268ac77ac9/destFolder/test-file-35a56932-b6f2-e1ca-2735-0ebca0c2aa55?sv=Sanitized&se=2024-11-12T21%3A46%3A52Z&sr=s&sp=rcwdl&sig=Sanitized",
      "RequestMethod": "HEAD",
      "RequestHeaders": {
        "Accept": "application/xml",
        "traceparent": "00-a6d49ea09f8e456e4c75526092d3ca17-1db33f1eb065a409-00",
        "User-Agent": "azsdk-net-Storage.Files.Shares/12.21.0-alpha.20241111.1 (.NET 6.0.35; Microsoft Windows 10.0.22635)",
        "x-ms-client-request-id": "Sanitized",
        "x-ms-return-client-request-id": "true",
        "x-ms-version": "2025-01-05"
      },
      "RequestBody": null,
      "StatusCode": 404,
      "ResponseHeaders": {
        "Date": "Mon, 11 Nov 2024 21:46:54 GMT",
        "Server": [
          "Windows-Azure-File/1.0",
          "Microsoft-HTTPAPI/2.0"
        ],
        "Transfer-Encoding": "chunked",
        "x-ms-client-request-id": "Sanitized",
        "x-ms-error-code": "ResourceNotFound",
        "x-ms-request-id": "9999c322-501a-0057-3183-340e87000000",
        "x-ms-version": "2025-01-05"
      },
      "ResponseBody": null
    },
    {
      "RequestUri": "https://amandapreprod.file.core.windows.net/test-share-01a758fe-a961-0c40-1b2a-88268ac77ac9/destFolder/pik/test-file-fb083828-1f4b-23d2-0bf2-556d6eeb4b2a?sv=Sanitized&se=2024-11-12T21%3A46%3A52Z&sr=s&sp=rcwdl&sig=Sanitized",
      "RequestMethod": "PUT",
      "RequestHeaders": {
        "Accept": "application/xml",
        "Content-Length": "0",
        "traceparent": "00-444410448c678184b262cd9d97730112-d62a9531e99e4363-00",
        "User-Agent": "azsdk-net-Storage.Files.Shares/12.21.0-alpha.20241111.1 (.NET 6.0.35; Microsoft Windows 10.0.22635)",
        "x-ms-cache-control": "no-cache",
        "x-ms-client-request-id": "Sanitized",
        "x-ms-content-disposition": "inline",
        "x-ms-content-encoding": "",
        "x-ms-content-language": "en-US,en-CA",
        "x-ms-content-length": "0",
        "x-ms-content-type": "text/plain",
        "x-ms-file-attributes": "None",
        "x-ms-file-change-time": "2024-04-01T13:30:03.0000000Z",
        "x-ms-file-creation-time": "2024-04-01T09:05:55.0000000Z",
        "x-ms-file-last-write-time": "2024-04-01T12:16:06.0000000Z",
        "x-ms-file-permission": "Inherit",
        "x-ms-meta-Capital": "letter",
        "x-ms-meta-foo": "bar",
        "x-ms-meta-meta": "data",
        "x-ms-meta-UPPER": "case",
        "x-ms-return-client-request-id": "true",
        "x-ms-type": "file",
        "x-ms-version": "2025-01-05"
      },
      "RequestBody": null,
      "StatusCode": 201,
      "ResponseHeaders": {
        "Content-Length": "0",
        "Date": "Mon, 11 Nov 2024 21:46:55 GMT",
        "ETag": "\"0x8DD029A5C72EAAA\"",
        "Last-Modified": "Mon, 11 Nov 2024 21:46:55 GMT",
        "Server": [
          "Windows-Azure-File/1.0",
          "Microsoft-HTTPAPI/2.0"
        ],
        "x-ms-client-request-id": "Sanitized",
        "x-ms-file-attributes": "Archive",
        "x-ms-file-change-time": "2024-04-01T13:30:03.0000000Z",
        "x-ms-file-creation-time": "2024-04-01T09:05:55.0000000Z",
        "x-ms-file-id": "10376363910205800448",
        "x-ms-file-last-write-time": "2024-04-01T12:16:06.0000000Z",
        "x-ms-file-parent-id": "16140971433240035328",
        "x-ms-file-permission-key": "12626496306092130501*547956186189310027",
        "x-ms-request-id": "1bb26ea7-601a-004c-4883-343084000000",
        "x-ms-request-server-encrypted": "true",
        "x-ms-version": "2025-01-05"
      },
      "ResponseBody": null
    },
    {
      "RequestUri": "https://amandapreprod.file.core.windows.net/test-share-01a758fe-a961-0c40-1b2a-88268ac77ac9/destFolder/test-file-a91fbf57-2b98-b547-cebc-ced2023fb433?sv=Sanitized&se=2024-11-12T21%3A46%3A52Z&sr=s&sp=rcwdl&sig=Sanitized",
      "RequestMethod": "PUT",
      "RequestHeaders": {
        "Accept": "application/xml",
        "Content-Length": "0",
        "traceparent": "00-68a3df376f70887789d65017bf7feb45-08f5c9d9038f152d-00",
        "User-Agent": "azsdk-net-Storage.Files.Shares/12.21.0-alpha.20241111.1 (.NET 6.0.35; Microsoft Windows 10.0.22635)",
        "x-ms-cache-control": "no-cache",
        "x-ms-client-request-id": "Sanitized",
        "x-ms-content-disposition": "inline",
        "x-ms-content-encoding": "",
        "x-ms-content-language": "en-US,en-CA",
        "x-ms-content-length": "0",
        "x-ms-content-type": "text/plain",
        "x-ms-file-attributes": "None",
        "x-ms-file-change-time": "2024-04-01T13:30:03.0000000Z",
        "x-ms-file-creation-time": "2024-04-01T09:05:55.0000000Z",
        "x-ms-file-last-write-time": "2024-04-01T12:16:06.0000000Z",
        "x-ms-file-permission": "Inherit",
        "x-ms-meta-Capital": "letter",
        "x-ms-meta-foo": "bar",
        "x-ms-meta-meta": "data",
        "x-ms-meta-UPPER": "case",
        "x-ms-return-client-request-id": "true",
        "x-ms-type": "file",
        "x-ms-version": "2025-01-05"
      },
      "RequestBody": null,
      "StatusCode": 201,
      "ResponseHeaders": {
        "Content-Length": "0",
        "Date": "Mon, 11 Nov 2024 21:46:55 GMT",
        "ETag": "\"0x8DD029A5C76B6F3\"",
        "Last-Modified": "Mon, 11 Nov 2024 21:46:55 GMT",
        "Server": [
          "Windows-Azure-File/1.0",
          "Microsoft-HTTPAPI/2.0"
        ],
        "x-ms-client-request-id": "Sanitized",
        "x-ms-file-attributes": "Archive",
        "x-ms-file-change-time": "2024-04-01T13:30:03.0000000Z",
        "x-ms-file-creation-time": "2024-04-01T09:05:55.0000000Z",
        "x-ms-file-id": "13835163608398430208",
        "x-ms-file-last-write-time": "2024-04-01T12:16:06.0000000Z",
        "x-ms-file-parent-id": "13835128424026341376",
        "x-ms-file-permission-key": "12626496306092130501*547956186189310027",
        "x-ms-request-id": "e0302478-301a-001c-1d83-34f2d4000000",
        "x-ms-request-server-encrypted": "true",
        "x-ms-version": "2025-01-05"
      },
      "ResponseBody": null
    },
    {
      "RequestUri": "https://amandapreprod.file.core.windows.net/test-share-01a758fe-a961-0c40-1b2a-88268ac77ac9/destFolder/test-file-35a56932-b6f2-e1ca-2735-0ebca0c2aa55?sv=Sanitized&se=2024-11-12T21%3A46%3A52Z&sr=s&sp=rcwdl&sig=Sanitized",
      "RequestMethod": "PUT",
      "RequestHeaders": {
        "Accept": "application/xml",
        "Content-Length": "0",
        "traceparent": "00-cb3152d6c7d469c6d50d44f2cb9ba62f-8d9d9c97441749f7-00",
        "User-Agent": "azsdk-net-Storage.Files.Shares/12.21.0-alpha.20241111.1 (.NET 6.0.35; Microsoft Windows 10.0.22635)",
        "x-ms-cache-control": "no-cache",
        "x-ms-client-request-id": "Sanitized",
        "x-ms-content-disposition": "inline",
        "x-ms-content-encoding": "",
        "x-ms-content-language": "en-US,en-CA",
        "x-ms-content-length": "0",
        "x-ms-content-type": "text/plain",
        "x-ms-file-attributes": "None",
        "x-ms-file-change-time": "2024-04-01T13:30:03.0000000Z",
        "x-ms-file-creation-time": "2024-04-01T09:05:55.0000000Z",
        "x-ms-file-last-write-time": "2024-04-01T12:16:06.0000000Z",
        "x-ms-file-permission": "Inherit",
        "x-ms-meta-Capital": "letter",
        "x-ms-meta-foo": "bar",
        "x-ms-meta-meta": "data",
        "x-ms-meta-UPPER": "case",
        "x-ms-return-client-request-id": "true",
        "x-ms-type": "file",
        "x-ms-version": "2025-01-05"
      },
      "RequestBody": null,
      "StatusCode": 201,
      "ResponseHeaders": {
        "Content-Length": "0",
        "Date": "Mon, 11 Nov 2024 21:46:55 GMT",
        "ETag": "\"0x8DD029A5C792539\"",
        "Last-Modified": "Mon, 11 Nov 2024 21:46:55 GMT",
        "Server": [
          "Windows-Azure-File/1.0",
          "Microsoft-HTTPAPI/2.0"
        ],
        "x-ms-client-request-id": "Sanitized",
        "x-ms-file-attributes": "Archive",
        "x-ms-file-change-time": "2024-04-01T13:30:03.0000000Z",
        "x-ms-file-creation-time": "2024-04-01T09:05:55.0000000Z",
        "x-ms-file-id": "13835075647468208128",
        "x-ms-file-last-write-time": "2024-04-01T12:16:06.0000000Z",
        "x-ms-file-parent-id": "13835128424026341376",
        "x-ms-file-permission-key": "12626496306092130501*547956186189310027",
        "x-ms-request-id": "9999c324-501a-0057-3283-340e87000000",
        "x-ms-request-server-encrypted": "true",
        "x-ms-version": "2025-01-05"
      },
      "ResponseBody": null
    },
    {
      "RequestUri": "https://amandapreprod.blob.core.windows.net/test-container-2539fbec-772b-969c-6fd0-153ee4f10d7c?restype=container&comp=list&prefix=sourceFolder",
      "RequestMethod": "GET",
      "RequestHeaders": {
        "Accept": "application/xml",
        "Authorization": "Sanitized",
        "traceparent": "00-09d8247d0acc722ebc35d21af850bc34-aa42e3876ab743ab-00",
        "User-Agent": "azsdk-net-Storage.Blobs/12.23.0-alpha.20241111.1 (.NET 6.0.35; Microsoft Windows 10.0.22635)",
        "x-ms-client-request-id": "Sanitized",
        "x-ms-date": "Mon, 11 Nov 2024 21:46:53 GMT",
        "x-ms-return-client-request-id": "true",
        "x-ms-version": "2025-01-05"
      },
      "RequestBody": null,
      "StatusCode": 200,
      "ResponseHeaders": {
        "Content-Type": "application/xml",
        "Date": "Mon, 11 Nov 2024 21:46:55 GMT",
        "Server": [
          "Windows-Azure-Blob/1.0",
          "Microsoft-HTTPAPI/2.0"
        ],
        "Transfer-Encoding": "chunked",
        "x-ms-client-request-id": "Sanitized",
        "x-ms-request-id": "75a50833-401e-004b-2583-345ce7000000",
        "x-ms-version": "2025-01-05"
      },
      "ResponseBody": "\uFEFF<?xml version=\"1.0\" encoding=\"utf-8\"?><EnumerationResults ServiceEndpoint=\"https://amandapreprod.blob.core.windows.net/\" ContainerName=\"test-container-2539fbec-772b-969c-6fd0-153ee4f10d7c\"><Prefix>sourceFolder</Prefix><Blobs><Blob><Name>sourceFolder/bar/test-file-af2fea0b-c91f-c376-09b0-f3e7b3c3e06b</Name><Properties><Creation-Time>Mon, 11 Nov 2024 21:46:54 GMT</Creation-Time><Last-Modified>Mon, 11 Nov 2024 21:46:54 GMT</Last-Modified><Etag>0x8DD029A5C1B342D</Etag><Content-Length>0</Content-Length><Content-Type>text/plain</Content-Type><Content-Encoding /><Content-Language>en-US</Content-Language><Content-CRC64 /><Content-MD5 /><Cache-Control>no-cache</Cache-Control><Content-Disposition>inline</Content-Disposition><BlobType>AppendBlob</BlobType><LeaseStatus>unlocked</LeaseStatus><LeaseState>available</LeaseState><ServerEncrypted>true</ServerEncrypted></Properties><OrMetadata /></Blob><Blob><Name>sourceFolder/pik/test-file-fb083828-1f4b-23d2-0bf2-556d6eeb4b2a</Name><Properties><Creation-Time>Mon, 11 Nov 2024 21:46:55 GMT</Creation-Time><Last-Modified>Mon, 11 Nov 2024 21:46:55 GMT</Last-Modified><Etag>0x8DD029A5C23DD0E</Etag><Content-Length>0</Content-Length><Content-Type>text/plain</Content-Type><Content-Encoding /><Content-Language>en-US</Content-Language><Content-CRC64 /><Content-MD5 /><Cache-Control>no-cache</Cache-Control><Content-Disposition>inline</Content-Disposition><BlobType>AppendBlob</BlobType><LeaseStatus>unlocked</LeaseStatus><LeaseState>available</LeaseState><ServerEncrypted>true</ServerEncrypted></Properties><OrMetadata /></Blob><Blob><Name>sourceFolder/test-file-35a56932-b6f2-e1ca-2735-0ebca0c2aa55</Name><Properties><Creation-Time>Mon, 11 Nov 2024 21:46:54 GMT</Creation-Time><Last-Modified>Mon, 11 Nov 2024 21:46:54 GMT</Last-Modified><Etag>0x8DD029A5C126480</Etag><Content-Length>0</Content-Length><Content-Type>text/plain</Content-Type><Content-Encoding /><Content-Language>en-US</Content-Language><Content-CRC64 /><Content-MD5 /><Cache-Control>no-cache</Cache-Control><Content-Disposition>inline</Content-Disposition><BlobType>AppendBlob</BlobType><LeaseStatus>unlocked</LeaseStatus><LeaseState>available</LeaseState><ServerEncrypted>true</ServerEncrypted></Properties><OrMetadata /></Blob><Blob><Name>sourceFolder/test-file-a91fbf57-2b98-b547-cebc-ced2023fb433</Name><Properties><Creation-Time>Mon, 11 Nov 2024 21:46:54 GMT</Creation-Time><Last-Modified>Mon, 11 Nov 2024 21:46:54 GMT</Last-Modified><Etag>0x8DD029A5C09BBA1</Etag><Content-Length>0</Content-Length><Content-Type>text/plain</Content-Type><Content-Encoding /><Content-Language>en-US</Content-Language><Content-CRC64 /><Content-MD5 /><Cache-Control>no-cache</Cache-Control><Content-Disposition>inline</Content-Disposition><BlobType>AppendBlob</BlobType><LeaseStatus>unlocked</LeaseStatus><LeaseState>available</LeaseState><ServerEncrypted>true</ServerEncrypted></Properties><OrMetadata /></Blob></Blobs><NextMarker /></EnumerationResults>"
    },
    {
      "RequestUri": "https://amandapreprod.file.core.windows.net/test-share-01a758fe-a961-0c40-1b2a-88268ac77ac9/destFolder?restype=directory&comp=list",
      "RequestMethod": "GET",
      "RequestHeaders": {
        "Accept": "application/xml",
        "Authorization": "Sanitized",
        "traceparent": "00-a6ceaf3c18ee10f289dd7c998ad384f5-4a0616f8d12c6458-00",
        "User-Agent": "azsdk-net-Storage.Files.Shares/12.21.0-alpha.20241111.1 (.NET 6.0.35; Microsoft Windows 10.0.22635)",
        "x-ms-client-request-id": "Sanitized",
        "x-ms-date": "Mon, 11 Nov 2024 21:46:53 GMT",
        "x-ms-return-client-request-id": "true",
        "x-ms-version": "2025-01-05"
      },
      "RequestBody": null,
      "StatusCode": 200,
      "ResponseHeaders": {
        "Content-Type": "application/xml",
        "Date": "Mon, 11 Nov 2024 21:46:55 GMT",
        "Server": [
          "Windows-Azure-File/1.0",
          "Microsoft-HTTPAPI/2.0"
        ],
        "Transfer-Encoding": "chunked",
        "x-ms-client-request-id": "Sanitized",
        "x-ms-request-id": "9999c333-501a-0057-3383-340e87000000",
        "x-ms-version": "2025-01-05"
      },
      "ResponseBody": "\uFEFF<?xml version=\"1.0\" encoding=\"utf-8\"?><EnumerationResults ServiceEndpoint=\"https://amandapreprod.file.core.windows.net/\" ShareName=\"test-share-01a758fe-a961-0c40-1b2a-88268ac77ac9\" DirectoryPath=\"destFolder\"><DirectoryId>13835128424026341376</DirectoryId><Entries><Directory><Name>bar</Name><FileId>11529285414812647424</FileId><Properties /></Directory><Directory><Name>pik</Name><FileId>16140971433240035328</FileId><Properties /></Directory><File><Name>test-file-35a56932-b6f2-e1ca-2735-0ebca0c2aa55</Name><FileId>13835075647468208128</FileId><Properties><Content-Length>0</Content-Length></Properties></File><File><Name>test-file-a91fbf57-2b98-b547-cebc-ced2023fb433</Name><FileId>13835163608398430208</FileId><Properties><Content-Length>0</Content-Length></Properties></File></Entries><NextMarker /></EnumerationResults>"
    },
    {
      "RequestUri": "https://amandapreprod.file.core.windows.net/test-share-01a758fe-a961-0c40-1b2a-88268ac77ac9/destFolder/bar?restype=directory&comp=list",
      "RequestMethod": "GET",
      "RequestHeaders": {
        "Accept": "application/xml",
        "Authorization": "Sanitized",
        "traceparent": "00-af1c48d6ac48a1a9e86abc0aa88a346d-277cb5bc92e808f4-00",
        "User-Agent": "azsdk-net-Storage.Files.Shares/12.21.0-alpha.20241111.1 (.NET 6.0.35; Microsoft Windows 10.0.22635)",
        "x-ms-client-request-id": "Sanitized",
        "x-ms-date": "Mon, 11 Nov 2024 21:46:53 GMT",
        "x-ms-return-client-request-id": "true",
        "x-ms-version": "2025-01-05"
      },
      "RequestBody": null,
      "StatusCode": 200,
      "ResponseHeaders": {
        "Content-Type": "application/xml",
        "Date": "Mon, 11 Nov 2024 21:46:55 GMT",
        "Server": [
          "Windows-Azure-File/1.0",
          "Microsoft-HTTPAPI/2.0"
        ],
        "Transfer-Encoding": "chunked",
        "x-ms-client-request-id": "Sanitized",
        "x-ms-request-id": "9999c334-501a-0057-3483-340e87000000",
        "x-ms-version": "2025-01-05"
      },
      "ResponseBody": "\uFEFF<?xml version=\"1.0\" encoding=\"utf-8\"?><EnumerationResults ServiceEndpoint=\"https://amandapreprod.file.core.windows.net/\" ShareName=\"test-share-01a758fe-a961-0c40-1b2a-88268ac77ac9\" DirectoryPath=\"destFolder/bar\"><DirectoryId>11529285414812647424</DirectoryId><Entries><File><Name>test-file-af2fea0b-c91f-c376-09b0-f3e7b3c3e06b</Name><FileId>13835093239654252544</FileId><Properties><Content-Length>0</Content-Length></Properties></File></Entries><NextMarker /></EnumerationResults>"
    },
    {
      "RequestUri": "https://amandapreprod.file.core.windows.net/test-share-01a758fe-a961-0c40-1b2a-88268ac77ac9/destFolder/pik?restype=directory&comp=list",
      "RequestMethod": "GET",
      "RequestHeaders": {
        "Accept": "application/xml",
        "Authorization": "Sanitized",
        "traceparent": "00-38364f8f030b45d3782bff3f8e7d0536-4fafe85260add9c8-00",
        "User-Agent": "azsdk-net-Storage.Files.Shares/12.21.0-alpha.20241111.1 (.NET 6.0.35; Microsoft Windows 10.0.22635)",
        "x-ms-client-request-id": "Sanitized",
        "x-ms-date": "Mon, 11 Nov 2024 21:46:53 GMT",
        "x-ms-return-client-request-id": "true",
        "x-ms-version": "2025-01-05"
      },
      "RequestBody": null,
      "StatusCode": 200,
      "ResponseHeaders": {
        "Content-Type": "application/xml",
        "Date": "Mon, 11 Nov 2024 21:46:55 GMT",
        "Server": [
          "Windows-Azure-File/1.0",
          "Microsoft-HTTPAPI/2.0"
        ],
        "Transfer-Encoding": "chunked",
        "x-ms-client-request-id": "Sanitized",
        "x-ms-request-id": "9999c335-501a-0057-3583-340e87000000",
        "x-ms-version": "2025-01-05"
      },
      "ResponseBody": "\uFEFF<?xml version=\"1.0\" encoding=\"utf-8\"?><EnumerationResults ServiceEndpoint=\"https://amandapreprod.file.core.windows.net/\" ShareName=\"test-share-01a758fe-a961-0c40-1b2a-88268ac77ac9\" DirectoryPath=\"destFolder/pik\"><DirectoryId>16140971433240035328</DirectoryId><Entries><File><Name>test-file-fb083828-1f4b-23d2-0bf2-556d6eeb4b2a</Name><FileId>10376363910205800448</FileId><Properties><Content-Length>0</Content-Length></Properties></File></Entries><NextMarker /></EnumerationResults>"
    },
    {
      "RequestUri": "https://amandapreprod.blob.core.windows.net/test-container-2539fbec-772b-969c-6fd0-153ee4f10d7c/sourceFolder/bar/test-file-af2fea0b-c91f-c376-09b0-f3e7b3c3e06b",
      "RequestMethod": "HEAD",
      "RequestHeaders": {
        "Accept": "application/xml",
        "Authorization": "Sanitized",
        "traceparent": "00-bb2df18a23eb5f76977ea89b05ab1ac8-e5e29269d7c8e06e-00",
        "User-Agent": "azsdk-net-Storage.Blobs/12.23.0-alpha.20241111.1 (.NET 6.0.35; Microsoft Windows 10.0.22635)",
        "x-ms-client-request-id": "Sanitized",
        "x-ms-date": "Mon, 11 Nov 2024 21:46:53 GMT",
        "x-ms-return-client-request-id": "true",
        "x-ms-version": "2025-01-05"
      },
      "RequestBody": null,
      "StatusCode": 200,
      "ResponseHeaders": {
        "Accept-Ranges": "bytes",
        "Cache-Control": "no-cache",
        "Content-Disposition": "inline",
        "Content-Language": "en-US",
        "Content-Length": "0",
        "Content-Type": "text/plain",
        "Date": "Mon, 11 Nov 2024 21:46:55 GMT",
        "ETag": "\"0x8DD029A5C1B342D\"",
        "Last-Modified": "Mon, 11 Nov 2024 21:46:54 GMT",
        "Server": [
          "Windows-Azure-Blob/1.0",
          "Microsoft-HTTPAPI/2.0"
        ],
        "x-ms-blob-committed-block-count": "0",
        "x-ms-blob-type": "AppendBlob",
        "x-ms-client-request-id": "Sanitized",
        "x-ms-creation-time": "Mon, 11 Nov 2024 21:46:54 GMT",
        "x-ms-lease-state": "available",
        "x-ms-lease-status": "unlocked",
        "x-ms-meta-Capital": "letter",
        "x-ms-meta-foo": "bar",
        "x-ms-meta-meta": "data",
        "x-ms-meta-UPPER": "case",
        "x-ms-request-id": "75a508ee-401e-004b-5c83-345ce7000000",
        "x-ms-server-encrypted": "true",
        "x-ms-version": "2025-01-05"
      },
      "ResponseBody": null
    },
    {
      "RequestUri": "https://amandapreprod.file.core.windows.net/test-share-01a758fe-a961-0c40-1b2a-88268ac77ac9/destFolder/bar/test-file-af2fea0b-c91f-c376-09b0-f3e7b3c3e06b",
      "RequestMethod": "HEAD",
      "RequestHeaders": {
        "Accept": "application/xml",
        "Authorization": "Sanitized",
        "traceparent": "00-0d920d30469c8427599c84350208656c-9c17720e4a086bc3-00",
        "User-Agent": "azsdk-net-Storage.Files.Shares/12.21.0-alpha.20241111.1 (.NET 6.0.35; Microsoft Windows 10.0.22635)",
        "x-ms-client-request-id": "Sanitized",
        "x-ms-date": "Mon, 11 Nov 2024 21:46:53 GMT",
        "x-ms-return-client-request-id": "true",
        "x-ms-version": "2025-01-05"
      },
      "RequestBody": null,
      "StatusCode": 200,
      "ResponseHeaders": {
        "Cache-Control": "no-cache",
        "Content-Disposition": "inline",
        "Content-Language": [
          "en-US",
          "en-CA"
        ],
        "Content-Length": "0",
        "Content-Type": "text/plain",
        "Date": "Mon, 11 Nov 2024 21:46:55 GMT",
        "ETag": "\"0x8DD029A5C67D390\"",
        "Last-Modified": "Mon, 11 Nov 2024 21:46:55 GMT",
        "Server": [
          "Windows-Azure-File/1.0",
          "Microsoft-HTTPAPI/2.0"
        ],
        "x-ms-client-request-id": "Sanitized",
        "x-ms-file-attributes": "Archive",
        "x-ms-file-change-time": "2024-04-01T13:30:03.0000000Z",
        "x-ms-file-creation-time": "2024-04-01T09:05:55.0000000Z",
        "x-ms-file-id": "13835093239654252544",
        "x-ms-file-last-write-time": "2024-04-01T12:16:06.0000000Z",
        "x-ms-file-parent-id": "11529285414812647424",
        "x-ms-file-permission-key": "12626496306092130501*547956186189310027",
        "x-ms-lease-state": "available",
        "x-ms-lease-status": "unlocked",
        "x-ms-meta-Capital": "letter",
        "x-ms-meta-foo": "bar",
        "x-ms-meta-meta": "data",
        "x-ms-meta-UPPER": "case",
        "x-ms-request-id": "9999c336-501a-0057-3683-340e87000000",
        "x-ms-server-encrypted": "true",
        "x-ms-type": "File",
        "x-ms-version": "2025-01-05"
      },
      "ResponseBody": null
    },
    {
      "RequestUri": "https://amandapreprod.blob.core.windows.net/test-container-2539fbec-772b-969c-6fd0-153ee4f10d7c/sourceFolder/bar/test-file-af2fea0b-c91f-c376-09b0-f3e7b3c3e06b",
      "RequestMethod": "HEAD",
      "RequestHeaders": {
        "Accept": "application/xml",
        "Authorization": "Sanitized",
        "traceparent": "00-7991e7c1f07c865224f7b70ad0a28b5c-56b78f958b3b9c1a-00",
        "User-Agent": "azsdk-net-Storage.Blobs/12.23.0-alpha.20241111.1 (.NET 6.0.35; Microsoft Windows 10.0.22635)",
        "x-ms-client-request-id": "Sanitized",
        "x-ms-date": "Mon, 11 Nov 2024 21:46:53 GMT",
        "x-ms-return-client-request-id": "true",
        "x-ms-version": "2025-01-05"
      },
      "RequestBody": null,
      "StatusCode": 200,
      "ResponseHeaders": {
        "Accept-Ranges": "bytes",
        "Cache-Control": "no-cache",
        "Content-Disposition": "inline",
        "Content-Language": "en-US",
        "Content-Length": "0",
        "Content-Type": "text/plain",
        "Date": "Mon, 11 Nov 2024 21:46:55 GMT",
        "ETag": "\"0x8DD029A5C1B342D\"",
        "Last-Modified": "Mon, 11 Nov 2024 21:46:54 GMT",
        "Server": [
          "Windows-Azure-Blob/1.0",
          "Microsoft-HTTPAPI/2.0"
        ],
        "x-ms-blob-committed-block-count": "0",
        "x-ms-blob-type": "AppendBlob",
        "x-ms-client-request-id": "Sanitized",
        "x-ms-creation-time": "Mon, 11 Nov 2024 21:46:54 GMT",
        "x-ms-lease-state": "available",
        "x-ms-lease-status": "unlocked",
        "x-ms-meta-Capital": "letter",
        "x-ms-meta-foo": "bar",
        "x-ms-meta-meta": "data",
        "x-ms-meta-UPPER": "case",
        "x-ms-request-id": "75a5091a-401e-004b-0683-345ce7000000",
        "x-ms-server-encrypted": "true",
        "x-ms-version": "2025-01-05"
      },
      "ResponseBody": null
    },
    {
      "RequestUri": "https://amandapreprod.file.core.windows.net/test-share-01a758fe-a961-0c40-1b2a-88268ac77ac9/destFolder/bar/test-file-af2fea0b-c91f-c376-09b0-f3e7b3c3e06b",
      "RequestMethod": "HEAD",
      "RequestHeaders": {
        "Accept": "application/xml",
        "Authorization": "Sanitized",
        "traceparent": "00-e05c0877edf57b25abc3607a08526bc6-5b3ac81a0ceaaab0-00",
        "User-Agent": "azsdk-net-Storage.Files.Shares/12.21.0-alpha.20241111.1 (.NET 6.0.35; Microsoft Windows 10.0.22635)",
        "x-ms-client-request-id": "Sanitized",
        "x-ms-date": "Mon, 11 Nov 2024 21:46:53 GMT",
        "x-ms-return-client-request-id": "true",
        "x-ms-version": "2025-01-05"
      },
      "RequestBody": null,
      "StatusCode": 200,
      "ResponseHeaders": {
        "Cache-Control": "no-cache",
        "Content-Disposition": "inline",
        "Content-Language": [
          "en-US",
          "en-CA"
        ],
        "Content-Length": "0",
        "Content-Type": "text/plain",
        "Date": "Mon, 11 Nov 2024 21:46:55 GMT",
        "ETag": "\"0x8DD029A5C67D390\"",
        "Last-Modified": "Mon, 11 Nov 2024 21:46:55 GMT",
        "Server": [
          "Windows-Azure-File/1.0",
          "Microsoft-HTTPAPI/2.0"
        ],
        "x-ms-client-request-id": "Sanitized",
        "x-ms-file-attributes": "Archive",
        "x-ms-file-change-time": "2024-04-01T13:30:03.0000000Z",
        "x-ms-file-creation-time": "2024-04-01T09:05:55.0000000Z",
        "x-ms-file-id": "13835093239654252544",
        "x-ms-file-last-write-time": "2024-04-01T12:16:06.0000000Z",
        "x-ms-file-parent-id": "11529285414812647424",
        "x-ms-file-permission-key": "12626496306092130501*547956186189310027",
        "x-ms-lease-state": "available",
        "x-ms-lease-status": "unlocked",
        "x-ms-meta-Capital": "letter",
        "x-ms-meta-foo": "bar",
        "x-ms-meta-meta": "data",
        "x-ms-meta-UPPER": "case",
        "x-ms-request-id": "9999c338-501a-0057-3783-340e87000000",
        "x-ms-server-encrypted": "true",
        "x-ms-type": "File",
        "x-ms-version": "2025-01-05"
      },
      "ResponseBody": null
    },
    {
      "RequestUri": "https://amandapreprod.blob.core.windows.net/test-container-2539fbec-772b-969c-6fd0-153ee4f10d7c/sourceFolder/pik/test-file-fb083828-1f4b-23d2-0bf2-556d6eeb4b2a",
      "RequestMethod": "HEAD",
      "RequestHeaders": {
        "Accept": "application/xml",
        "Authorization": "Sanitized",
        "traceparent": "00-f566b1e0a150db29f8b828cb6af24d15-16b94cccce884d59-00",
        "User-Agent": "azsdk-net-Storage.Blobs/12.23.0-alpha.20241111.1 (.NET 6.0.35; Microsoft Windows 10.0.22635)",
        "x-ms-client-request-id": "Sanitized",
        "x-ms-date": "Mon, 11 Nov 2024 21:46:53 GMT",
        "x-ms-return-client-request-id": "true",
        "x-ms-version": "2025-01-05"
      },
      "RequestBody": null,
      "StatusCode": 200,
      "ResponseHeaders": {
        "Accept-Ranges": "bytes",
        "Cache-Control": "no-cache",
        "Content-Disposition": "inline",
        "Content-Language": "en-US",
        "Content-Length": "0",
        "Content-Type": "text/plain",
        "Date": "Mon, 11 Nov 2024 21:46:55 GMT",
        "ETag": "\"0x8DD029A5C23DD0E\"",
        "Last-Modified": "Mon, 11 Nov 2024 21:46:55 GMT",
        "Server": [
          "Windows-Azure-Blob/1.0",
          "Microsoft-HTTPAPI/2.0"
        ],
        "x-ms-blob-committed-block-count": "0",
        "x-ms-blob-type": "AppendBlob",
        "x-ms-client-request-id": "Sanitized",
        "x-ms-creation-time": "Mon, 11 Nov 2024 21:46:55 GMT",
        "x-ms-lease-state": "available",
        "x-ms-lease-status": "unlocked",
        "x-ms-meta-Capital": "letter",
        "x-ms-meta-foo": "bar",
        "x-ms-meta-meta": "data",
        "x-ms-meta-UPPER": "case",
        "x-ms-request-id": "75a50953-401e-004b-3d83-345ce7000000",
        "x-ms-server-encrypted": "true",
        "x-ms-version": "2025-01-05"
      },
      "ResponseBody": null
    },
    {
      "RequestUri": "https://amandapreprod.file.core.windows.net/test-share-01a758fe-a961-0c40-1b2a-88268ac77ac9/destFolder/pik/test-file-fb083828-1f4b-23d2-0bf2-556d6eeb4b2a",
      "RequestMethod": "HEAD",
      "RequestHeaders": {
        "Accept": "application/xml",
        "Authorization": "Sanitized",
        "traceparent": "00-3e535e69a923beded3ce25e1790171c7-f0aa0c32b68b49c1-00",
        "User-Agent": "azsdk-net-Storage.Files.Shares/12.21.0-alpha.20241111.1 (.NET 6.0.35; Microsoft Windows 10.0.22635)",
        "x-ms-client-request-id": "Sanitized",
        "x-ms-date": "Mon, 11 Nov 2024 21:46:53 GMT",
        "x-ms-return-client-request-id": "true",
        "x-ms-version": "2025-01-05"
      },
      "RequestBody": null,
      "StatusCode": 200,
      "ResponseHeaders": {
        "Cache-Control": "no-cache",
        "Content-Disposition": "inline",
        "Content-Language": [
          "en-US",
          "en-CA"
        ],
        "Content-Length": "0",
        "Content-Type": "text/plain",
        "Date": "Mon, 11 Nov 2024 21:46:55 GMT",
        "ETag": "\"0x8DD029A5C72EAAA\"",
        "Last-Modified": "Mon, 11 Nov 2024 21:46:55 GMT",
        "Server": [
          "Windows-Azure-File/1.0",
          "Microsoft-HTTPAPI/2.0"
        ],
        "x-ms-client-request-id": "Sanitized",
        "x-ms-file-attributes": "Archive",
        "x-ms-file-change-time": "2024-04-01T13:30:03.0000000Z",
        "x-ms-file-creation-time": "2024-04-01T09:05:55.0000000Z",
        "x-ms-file-id": "10376363910205800448",
        "x-ms-file-last-write-time": "2024-04-01T12:16:06.0000000Z",
        "x-ms-file-parent-id": "16140971433240035328",
        "x-ms-file-permission-key": "12626496306092130501*547956186189310027",
        "x-ms-lease-state": "available",
        "x-ms-lease-status": "unlocked",
        "x-ms-meta-Capital": "letter",
        "x-ms-meta-foo": "bar",
        "x-ms-meta-meta": "data",
        "x-ms-meta-UPPER": "case",
        "x-ms-request-id": "9999c33b-501a-0057-3883-340e87000000",
        "x-ms-server-encrypted": "true",
        "x-ms-type": "File",
        "x-ms-version": "2025-01-05"
      },
      "ResponseBody": null
    },
    {
      "RequestUri": "https://amandapreprod.blob.core.windows.net/test-container-2539fbec-772b-969c-6fd0-153ee4f10d7c/sourceFolder/pik/test-file-fb083828-1f4b-23d2-0bf2-556d6eeb4b2a",
      "RequestMethod": "HEAD",
      "RequestHeaders": {
        "Accept": "application/xml",
        "Authorization": "Sanitized",
        "traceparent": "00-2d913083723985408627187221e9f265-8e06f05a5d3c3c64-00",
        "User-Agent": "azsdk-net-Storage.Blobs/12.23.0-alpha.20241111.1 (.NET 6.0.35; Microsoft Windows 10.0.22635)",
        "x-ms-client-request-id": "Sanitized",
        "x-ms-date": "Mon, 11 Nov 2024 21:46:53 GMT",
        "x-ms-return-client-request-id": "true",
        "x-ms-version": "2025-01-05"
      },
      "RequestBody": null,
      "StatusCode": 200,
      "ResponseHeaders": {
        "Accept-Ranges": "bytes",
        "Cache-Control": "no-cache",
        "Content-Disposition": "inline",
        "Content-Language": "en-US",
        "Content-Length": "0",
        "Content-Type": "text/plain",
        "Date": "Mon, 11 Nov 2024 21:46:56 GMT",
        "ETag": "\"0x8DD029A5C23DD0E\"",
        "Last-Modified": "Mon, 11 Nov 2024 21:46:55 GMT",
        "Server": [
          "Windows-Azure-Blob/1.0",
          "Microsoft-HTTPAPI/2.0"
        ],
        "x-ms-blob-committed-block-count": "0",
        "x-ms-blob-type": "AppendBlob",
        "x-ms-client-request-id": "Sanitized",
        "x-ms-creation-time": "Mon, 11 Nov 2024 21:46:55 GMT",
        "x-ms-lease-state": "available",
        "x-ms-lease-status": "unlocked",
        "x-ms-meta-Capital": "letter",
        "x-ms-meta-foo": "bar",
        "x-ms-meta-meta": "data",
        "x-ms-meta-UPPER": "case",
        "x-ms-request-id": "75a50982-401e-004b-6b83-345ce7000000",
        "x-ms-server-encrypted": "true",
        "x-ms-version": "2025-01-05"
      },
      "ResponseBody": null
    },
    {
      "RequestUri": "https://amandapreprod.file.core.windows.net/test-share-01a758fe-a961-0c40-1b2a-88268ac77ac9/destFolder/pik/test-file-fb083828-1f4b-23d2-0bf2-556d6eeb4b2a",
      "RequestMethod": "HEAD",
      "RequestHeaders": {
        "Accept": "application/xml",
        "Authorization": "Sanitized",
        "traceparent": "00-2de4253352fda52cf2147cd3b84fd401-3242ca6b3f3ce165-00",
        "User-Agent": "azsdk-net-Storage.Files.Shares/12.21.0-alpha.20241111.1 (.NET 6.0.35; Microsoft Windows 10.0.22635)",
        "x-ms-client-request-id": "Sanitized",
        "x-ms-date": "Mon, 11 Nov 2024 21:46:53 GMT",
        "x-ms-return-client-request-id": "true",
        "x-ms-version": "2025-01-05"
      },
      "RequestBody": null,
      "StatusCode": 200,
      "ResponseHeaders": {
        "Cache-Control": "no-cache",
        "Content-Disposition": "inline",
        "Content-Language": [
          "en-US",
          "en-CA"
        ],
        "Content-Length": "0",
        "Content-Type": "text/plain",
        "Date": "Mon, 11 Nov 2024 21:46:55 GMT",
        "ETag": "\"0x8DD029A5C72EAAA\"",
        "Last-Modified": "Mon, 11 Nov 2024 21:46:55 GMT",
        "Server": [
          "Windows-Azure-File/1.0",
          "Microsoft-HTTPAPI/2.0"
        ],
        "x-ms-client-request-id": "Sanitized",
        "x-ms-file-attributes": "Archive",
        "x-ms-file-change-time": "2024-04-01T13:30:03.0000000Z",
        "x-ms-file-creation-time": "2024-04-01T09:05:55.0000000Z",
        "x-ms-file-id": "10376363910205800448",
        "x-ms-file-last-write-time": "2024-04-01T12:16:06.0000000Z",
        "x-ms-file-parent-id": "16140971433240035328",
        "x-ms-file-permission-key": "12626496306092130501*547956186189310027",
        "x-ms-lease-state": "available",
        "x-ms-lease-status": "unlocked",
        "x-ms-meta-Capital": "letter",
        "x-ms-meta-foo": "bar",
        "x-ms-meta-meta": "data",
        "x-ms-meta-UPPER": "case",
        "x-ms-request-id": "9999c33c-501a-0057-3983-340e87000000",
        "x-ms-server-encrypted": "true",
        "x-ms-type": "File",
        "x-ms-version": "2025-01-05"
      },
      "ResponseBody": null
    },
    {
      "RequestUri": "https://amandapreprod.blob.core.windows.net/test-container-2539fbec-772b-969c-6fd0-153ee4f10d7c/sourceFolder/test-file-35a56932-b6f2-e1ca-2735-0ebca0c2aa55",
      "RequestMethod": "HEAD",
      "RequestHeaders": {
        "Accept": "application/xml",
        "Authorization": "Sanitized",
        "traceparent": "00-0314799fbdeb0301d3545020d0d76bf9-f0ef6c086c038308-00",
        "User-Agent": "azsdk-net-Storage.Blobs/12.23.0-alpha.20241111.1 (.NET 6.0.35; Microsoft Windows 10.0.22635)",
        "x-ms-client-request-id": "Sanitized",
        "x-ms-date": "Mon, 11 Nov 2024 21:46:53 GMT",
        "x-ms-return-client-request-id": "true",
        "x-ms-version": "2025-01-05"
      },
      "RequestBody": null,
      "StatusCode": 200,
      "ResponseHeaders": {
        "Accept-Ranges": "bytes",
        "Cache-Control": "no-cache",
        "Content-Disposition": "inline",
        "Content-Language": "en-US",
        "Content-Length": "0",
        "Content-Type": "text/plain",
        "Date": "Mon, 11 Nov 2024 21:46:56 GMT",
        "ETag": "\"0x8DD029A5C126480\"",
        "Last-Modified": "Mon, 11 Nov 2024 21:46:54 GMT",
        "Server": [
          "Windows-Azure-Blob/1.0",
          "Microsoft-HTTPAPI/2.0"
        ],
        "x-ms-blob-committed-block-count": "0",
        "x-ms-blob-type": "AppendBlob",
        "x-ms-client-request-id": "Sanitized",
        "x-ms-creation-time": "Mon, 11 Nov 2024 21:46:54 GMT",
        "x-ms-lease-state": "available",
        "x-ms-lease-status": "unlocked",
        "x-ms-meta-Capital": "letter",
        "x-ms-meta-foo": "bar",
        "x-ms-meta-meta": "data",
        "x-ms-meta-UPPER": "case",
        "x-ms-request-id": "75a509a8-401e-004b-0f83-345ce7000000",
        "x-ms-server-encrypted": "true",
        "x-ms-version": "2025-01-05"
      },
      "ResponseBody": null
    },
    {
      "RequestUri": "https://amandapreprod.file.core.windows.net/test-share-01a758fe-a961-0c40-1b2a-88268ac77ac9/destFolder/test-file-35a56932-b6f2-e1ca-2735-0ebca0c2aa55",
      "RequestMethod": "HEAD",
      "RequestHeaders": {
        "Accept": "application/xml",
        "Authorization": "Sanitized",
        "traceparent": "00-4a44f14ce827e2708f083f8f8220104d-6ecf5146dc96d8bd-00",
        "User-Agent": "azsdk-net-Storage.Files.Shares/12.21.0-alpha.20241111.1 (.NET 6.0.35; Microsoft Windows 10.0.22635)",
        "x-ms-client-request-id": "Sanitized",
        "x-ms-date": "Mon, 11 Nov 2024 21:46:53 GMT",
        "x-ms-return-client-request-id": "true",
        "x-ms-version": "2025-01-05"
      },
      "RequestBody": null,
      "StatusCode": 200,
      "ResponseHeaders": {
        "Cache-Control": "no-cache",
        "Content-Disposition": "inline",
        "Content-Language": [
          "en-US",
          "en-CA"
        ],
        "Content-Length": "0",
        "Content-Type": "text/plain",
        "Date": "Mon, 11 Nov 2024 21:46:56 GMT",
        "ETag": "\"0x8DD029A5C792539\"",
        "Last-Modified": "Mon, 11 Nov 2024 21:46:55 GMT",
        "Server": [
          "Windows-Azure-File/1.0",
          "Microsoft-HTTPAPI/2.0"
        ],
        "x-ms-client-request-id": "Sanitized",
        "x-ms-file-attributes": "Archive",
        "x-ms-file-change-time": "2024-04-01T13:30:03.0000000Z",
        "x-ms-file-creation-time": "2024-04-01T09:05:55.0000000Z",
        "x-ms-file-id": "13835075647468208128",
        "x-ms-file-last-write-time": "2024-04-01T12:16:06.0000000Z",
        "x-ms-file-parent-id": "13835128424026341376",
        "x-ms-file-permission-key": "12626496306092130501*547956186189310027",
        "x-ms-lease-state": "available",
        "x-ms-lease-status": "unlocked",
        "x-ms-meta-Capital": "letter",
        "x-ms-meta-foo": "bar",
        "x-ms-meta-meta": "data",
        "x-ms-meta-UPPER": "case",
        "x-ms-request-id": "9999c33d-501a-0057-3a83-340e87000000",
        "x-ms-server-encrypted": "true",
        "x-ms-type": "File",
        "x-ms-version": "2025-01-05"
      },
      "ResponseBody": null
    },
    {
      "RequestUri": "https://amandapreprod.blob.core.windows.net/test-container-2539fbec-772b-969c-6fd0-153ee4f10d7c/sourceFolder/test-file-35a56932-b6f2-e1ca-2735-0ebca0c2aa55",
      "RequestMethod": "HEAD",
      "RequestHeaders": {
        "Accept": "application/xml",
        "Authorization": "Sanitized",
        "traceparent": "00-54c450d1a15b2ab54cd94c3125b19377-f9bd34a42dc010b7-00",
        "User-Agent": "azsdk-net-Storage.Blobs/12.23.0-alpha.20241111.1 (.NET 6.0.35; Microsoft Windows 10.0.22635)",
        "x-ms-client-request-id": "Sanitized",
        "x-ms-date": "Mon, 11 Nov 2024 21:46:54 GMT",
        "x-ms-return-client-request-id": "true",
        "x-ms-version": "2025-01-05"
      },
      "RequestBody": null,
      "StatusCode": 200,
      "ResponseHeaders": {
        "Accept-Ranges": "bytes",
        "Cache-Control": "no-cache",
        "Content-Disposition": "inline",
        "Content-Language": "en-US",
        "Content-Length": "0",
        "Content-Type": "text/plain",
        "Date": "Mon, 11 Nov 2024 21:46:56 GMT",
        "ETag": "\"0x8DD029A5C126480\"",
        "Last-Modified": "Mon, 11 Nov 2024 21:46:54 GMT",
        "Server": [
          "Windows-Azure-Blob/1.0",
          "Microsoft-HTTPAPI/2.0"
        ],
        "x-ms-blob-committed-block-count": "0",
        "x-ms-blob-type": "AppendBlob",
        "x-ms-client-request-id": "Sanitized",
        "x-ms-creation-time": "Mon, 11 Nov 2024 21:46:54 GMT",
        "x-ms-lease-state": "available",
        "x-ms-lease-status": "unlocked",
        "x-ms-meta-Capital": "letter",
        "x-ms-meta-foo": "bar",
        "x-ms-meta-meta": "data",
        "x-ms-meta-UPPER": "case",
        "x-ms-request-id": "75a509f7-401e-004b-5983-345ce7000000",
        "x-ms-server-encrypted": "true",
        "x-ms-version": "2025-01-05"
      },
      "ResponseBody": null
    },
    {
      "RequestUri": "https://amandapreprod.file.core.windows.net/test-share-01a758fe-a961-0c40-1b2a-88268ac77ac9/destFolder/test-file-35a56932-b6f2-e1ca-2735-0ebca0c2aa55",
      "RequestMethod": "HEAD",
      "RequestHeaders": {
        "Accept": "application/xml",
        "Authorization": "Sanitized",
        "traceparent": "00-1cacbbc63e15c08bf554a2406fb42fb5-81812819f3718dce-00",
        "User-Agent": "azsdk-net-Storage.Files.Shares/12.21.0-alpha.20241111.1 (.NET 6.0.35; Microsoft Windows 10.0.22635)",
        "x-ms-client-request-id": "Sanitized",
        "x-ms-date": "Mon, 11 Nov 2024 21:46:54 GMT",
        "x-ms-return-client-request-id": "true",
        "x-ms-version": "2025-01-05"
      },
      "RequestBody": null,
      "StatusCode": 200,
      "ResponseHeaders": {
        "Cache-Control": "no-cache",
        "Content-Disposition": "inline",
        "Content-Language": [
          "en-US",
          "en-CA"
        ],
        "Content-Length": "0",
        "Content-Type": "text/plain",
        "Date": "Mon, 11 Nov 2024 21:46:56 GMT",
        "ETag": "\"0x8DD029A5C792539\"",
        "Last-Modified": "Mon, 11 Nov 2024 21:46:55 GMT",
        "Server": [
          "Windows-Azure-File/1.0",
          "Microsoft-HTTPAPI/2.0"
        ],
        "x-ms-client-request-id": "Sanitized",
        "x-ms-file-attributes": "Archive",
        "x-ms-file-change-time": "2024-04-01T13:30:03.0000000Z",
        "x-ms-file-creation-time": "2024-04-01T09:05:55.0000000Z",
        "x-ms-file-id": "13835075647468208128",
        "x-ms-file-last-write-time": "2024-04-01T12:16:06.0000000Z",
        "x-ms-file-parent-id": "13835128424026341376",
        "x-ms-file-permission-key": "12626496306092130501*547956186189310027",
        "x-ms-lease-state": "available",
        "x-ms-lease-status": "unlocked",
        "x-ms-meta-Capital": "letter",
        "x-ms-meta-foo": "bar",
        "x-ms-meta-meta": "data",
        "x-ms-meta-UPPER": "case",
        "x-ms-request-id": "9999c33e-501a-0057-3b83-340e87000000",
        "x-ms-server-encrypted": "true",
        "x-ms-type": "File",
        "x-ms-version": "2025-01-05"
      },
      "ResponseBody": null
    },
    {
      "RequestUri": "https://amandapreprod.blob.core.windows.net/test-container-2539fbec-772b-969c-6fd0-153ee4f10d7c/sourceFolder/test-file-a91fbf57-2b98-b547-cebc-ced2023fb433",
      "RequestMethod": "HEAD",
      "RequestHeaders": {
        "Accept": "application/xml",
        "Authorization": "Sanitized",
        "traceparent": "00-1cd997e13cb39a102b7374e0f12b9a46-c657bc9b3954ddb4-00",
        "User-Agent": "azsdk-net-Storage.Blobs/12.23.0-alpha.20241111.1 (.NET 6.0.35; Microsoft Windows 10.0.22635)",
        "x-ms-client-request-id": "Sanitized",
        "x-ms-date": "Mon, 11 Nov 2024 21:46:54 GMT",
        "x-ms-return-client-request-id": "true",
        "x-ms-version": "2025-01-05"
      },
      "RequestBody": null,
      "StatusCode": 200,
      "ResponseHeaders": {
        "Accept-Ranges": "bytes",
        "Cache-Control": "no-cache",
        "Content-Disposition": "inline",
        "Content-Language": "en-US",
        "Content-Length": "0",
        "Content-Type": "text/plain",
        "Date": "Mon, 11 Nov 2024 21:46:56 GMT",
        "ETag": "\"0x8DD029A5C09BBA1\"",
        "Last-Modified": "Mon, 11 Nov 2024 21:46:54 GMT",
        "Server": [
          "Windows-Azure-Blob/1.0",
          "Microsoft-HTTPAPI/2.0"
        ],
        "x-ms-blob-committed-block-count": "0",
        "x-ms-blob-type": "AppendBlob",
        "x-ms-client-request-id": "Sanitized",
        "x-ms-creation-time": "Mon, 11 Nov 2024 21:46:54 GMT",
        "x-ms-lease-state": "available",
        "x-ms-lease-status": "unlocked",
        "x-ms-meta-Capital": "letter",
        "x-ms-meta-foo": "bar",
        "x-ms-meta-meta": "data",
        "x-ms-meta-UPPER": "case",
        "x-ms-request-id": "75a50a26-401e-004b-0683-345ce7000000",
        "x-ms-server-encrypted": "true",
        "x-ms-version": "2025-01-05"
      },
      "ResponseBody": null
    },
    {
      "RequestUri": "https://amandapreprod.file.core.windows.net/test-share-01a758fe-a961-0c40-1b2a-88268ac77ac9/destFolder/test-file-a91fbf57-2b98-b547-cebc-ced2023fb433",
      "RequestMethod": "HEAD",
      "RequestHeaders": {
        "Accept": "application/xml",
        "Authorization": "Sanitized",
        "traceparent": "00-158d572730c67492e75669eeb69bf8eb-c3bd184699762bd3-00",
        "User-Agent": "azsdk-net-Storage.Files.Shares/12.21.0-alpha.20241111.1 (.NET 6.0.35; Microsoft Windows 10.0.22635)",
        "x-ms-client-request-id": "Sanitized",
        "x-ms-date": "Mon, 11 Nov 2024 21:46:54 GMT",
        "x-ms-return-client-request-id": "true",
        "x-ms-version": "2025-01-05"
      },
      "RequestBody": null,
      "StatusCode": 200,
      "ResponseHeaders": {
        "Cache-Control": "no-cache",
        "Content-Disposition": "inline",
        "Content-Language": [
          "en-US",
          "en-CA"
        ],
        "Content-Length": "0",
        "Content-Type": "text/plain",
        "Date": "Mon, 11 Nov 2024 21:46:56 GMT",
        "ETag": "\"0x8DD029A5C76B6F3\"",
        "Last-Modified": "Mon, 11 Nov 2024 21:46:55 GMT",
        "Server": [
          "Windows-Azure-File/1.0",
          "Microsoft-HTTPAPI/2.0"
        ],
        "x-ms-client-request-id": "Sanitized",
        "x-ms-file-attributes": "Archive",
        "x-ms-file-change-time": "2024-04-01T13:30:03.0000000Z",
        "x-ms-file-creation-time": "2024-04-01T09:05:55.0000000Z",
        "x-ms-file-id": "13835163608398430208",
        "x-ms-file-last-write-time": "2024-04-01T12:16:06.0000000Z",
        "x-ms-file-parent-id": "13835128424026341376",
        "x-ms-file-permission-key": "12626496306092130501*547956186189310027",
        "x-ms-lease-state": "available",
        "x-ms-lease-status": "unlocked",
        "x-ms-meta-Capital": "letter",
        "x-ms-meta-foo": "bar",
        "x-ms-meta-meta": "data",
        "x-ms-meta-UPPER": "case",
        "x-ms-request-id": "9999c33f-501a-0057-3c83-340e87000000",
        "x-ms-server-encrypted": "true",
        "x-ms-type": "File",
        "x-ms-version": "2025-01-05"
      },
      "ResponseBody": null
    },
    {
      "RequestUri": "https://amandapreprod.blob.core.windows.net/test-container-2539fbec-772b-969c-6fd0-153ee4f10d7c/sourceFolder/test-file-a91fbf57-2b98-b547-cebc-ced2023fb433",
      "RequestMethod": "HEAD",
      "RequestHeaders": {
        "Accept": "application/xml",
        "Authorization": "Sanitized",
        "traceparent": "00-146c2d99af56a2859dfa33faacafa082-b73bec9e7b6b5715-00",
        "User-Agent": "azsdk-net-Storage.Blobs/12.23.0-alpha.20241111.1 (.NET 6.0.35; Microsoft Windows 10.0.22635)",
        "x-ms-client-request-id": "Sanitized",
        "x-ms-date": "Mon, 11 Nov 2024 21:46:54 GMT",
        "x-ms-return-client-request-id": "true",
        "x-ms-version": "2025-01-05"
      },
      "RequestBody": null,
      "StatusCode": 200,
      "ResponseHeaders": {
        "Accept-Ranges": "bytes",
        "Cache-Control": "no-cache",
        "Content-Disposition": "inline",
        "Content-Language": "en-US",
        "Content-Length": "0",
        "Content-Type": "text/plain",
        "Date": "Mon, 11 Nov 2024 21:46:56 GMT",
        "ETag": "\"0x8DD029A5C09BBA1\"",
        "Last-Modified": "Mon, 11 Nov 2024 21:46:54 GMT",
        "Server": [
          "Windows-Azure-Blob/1.0",
          "Microsoft-HTTPAPI/2.0"
        ],
        "x-ms-blob-committed-block-count": "0",
        "x-ms-blob-type": "AppendBlob",
        "x-ms-client-request-id": "Sanitized",
        "x-ms-creation-time": "Mon, 11 Nov 2024 21:46:54 GMT",
        "x-ms-lease-state": "available",
        "x-ms-lease-status": "unlocked",
        "x-ms-meta-Capital": "letter",
        "x-ms-meta-foo": "bar",
        "x-ms-meta-meta": "data",
        "x-ms-meta-UPPER": "case",
        "x-ms-request-id": "75a50a62-401e-004b-3c83-345ce7000000",
        "x-ms-server-encrypted": "true",
        "x-ms-version": "2025-01-05"
      },
      "ResponseBody": null
    },
    {
      "RequestUri": "https://amandapreprod.file.core.windows.net/test-share-01a758fe-a961-0c40-1b2a-88268ac77ac9/destFolder/test-file-a91fbf57-2b98-b547-cebc-ced2023fb433",
      "RequestMethod": "HEAD",
      "RequestHeaders": {
        "Accept": "application/xml",
        "Authorization": "Sanitized",
        "traceparent": "00-b24e7f33bff4efb5271028d7fdfda5ee-4cd7a81f78560e47-00",
        "User-Agent": "azsdk-net-Storage.Files.Shares/12.21.0-alpha.20241111.1 (.NET 6.0.35; Microsoft Windows 10.0.22635)",
        "x-ms-client-request-id": "Sanitized",
        "x-ms-date": "Mon, 11 Nov 2024 21:46:54 GMT",
        "x-ms-return-client-request-id": "true",
        "x-ms-version": "2025-01-05"
      },
      "RequestBody": null,
      "StatusCode": 200,
      "ResponseHeaders": {
        "Cache-Control": "no-cache",
        "Content-Disposition": "inline",
        "Content-Language": [
          "en-US",
          "en-CA"
        ],
        "Content-Length": "0",
        "Content-Type": "text/plain",
        "Date": "Mon, 11 Nov 2024 21:46:56 GMT",
        "ETag": "\"0x8DD029A5C76B6F3\"",
        "Last-Modified": "Mon, 11 Nov 2024 21:46:55 GMT",
        "Server": [
          "Windows-Azure-File/1.0",
          "Microsoft-HTTPAPI/2.0"
        ],
        "x-ms-client-request-id": "Sanitized",
        "x-ms-file-attributes": "Archive",
        "x-ms-file-change-time": "2024-04-01T13:30:03.0000000Z",
        "x-ms-file-creation-time": "2024-04-01T09:05:55.0000000Z",
        "x-ms-file-id": "13835163608398430208",
        "x-ms-file-last-write-time": "2024-04-01T12:16:06.0000000Z",
        "x-ms-file-parent-id": "13835128424026341376",
        "x-ms-file-permission-key": "12626496306092130501*547956186189310027",
        "x-ms-lease-state": "available",
        "x-ms-lease-status": "unlocked",
        "x-ms-meta-Capital": "letter",
        "x-ms-meta-foo": "bar",
        "x-ms-meta-meta": "data",
        "x-ms-meta-UPPER": "case",
        "x-ms-request-id": "9999c340-501a-0057-3d83-340e87000000",
        "x-ms-server-encrypted": "true",
        "x-ms-type": "File",
        "x-ms-version": "2025-01-05"
      },
      "ResponseBody": null
    },
    {
      "RequestUri": "https://amandapreprod.file.core.windows.net/test-share-01a758fe-a961-0c40-1b2a-88268ac77ac9?restype=share",
      "RequestMethod": "DELETE",
      "RequestHeaders": {
        "Accept": "application/xml",
        "Authorization": "Sanitized",
        "traceparent": "00-eb44e9331645c98f841d430013afd76a-b596b1412456cdc3-00",
        "User-Agent": "azsdk-net-Storage.Files.Shares/12.21.0-alpha.20241111.1 (.NET 6.0.35; Microsoft Windows 10.0.22635)",
        "x-ms-client-request-id": "Sanitized",
        "x-ms-date": "Mon, 11 Nov 2024 21:46:54 GMT",
        "x-ms-delete-snapshots": "include",
        "x-ms-return-client-request-id": "true",
        "x-ms-version": "2025-01-05"
      },
      "RequestBody": null,
      "StatusCode": 202,
      "ResponseHeaders": {
        "Content-Length": "0",
        "Date": "Mon, 11 Nov 2024 21:46:56 GMT",
        "Server": [
          "Windows-Azure-File/1.0",
          "Microsoft-HTTPAPI/2.0"
        ],
        "x-ms-client-request-id": "Sanitized",
        "x-ms-request-id": "9999c341-501a-0057-3e83-340e87000000",
        "x-ms-version": "2025-01-05"
      },
      "ResponseBody": null
    },
    {
      "RequestUri": "https://amandapreprod.blob.core.windows.net/test-container-2539fbec-772b-969c-6fd0-153ee4f10d7c?restype=container",
      "RequestMethod": "DELETE",
      "RequestHeaders": {
        "Accept": "application/xml",
        "Authorization": "Sanitized",
        "traceparent": "00-373e0d50ecccea71cdeefc60e45660a4-79ab2e046d1588a0-00",
        "User-Agent": "azsdk-net-Storage.Blobs/12.23.0-alpha.20241111.1 (.NET 6.0.35; Microsoft Windows 10.0.22635)",
        "x-ms-client-request-id": "Sanitized",
        "x-ms-date": "Mon, 11 Nov 2024 21:46:54 GMT",
        "x-ms-return-client-request-id": "true",
        "x-ms-version": "2025-01-05"
      },
      "RequestBody": null,
      "StatusCode": 202,
      "ResponseHeaders": {
        "Content-Length": "0",
        "Date": "Mon, 11 Nov 2024 21:46:56 GMT",
        "Server": [
          "Windows-Azure-Blob/1.0",
          "Microsoft-HTTPAPI/2.0"
        ],
        "x-ms-client-request-id": "Sanitized",
        "x-ms-request-id": "75a50ad3-401e-004b-2283-345ce7000000",
        "x-ms-version": "2025-01-05"
      },
      "ResponseBody": null
    }
  ],
  "Variables": {
    "DateTimeOffsetNow": "2024-11-11T13:46:52.4962055-08:00",
    "RandomSeed": "1441821501",
    "Storage_TestConfigDefault": "ProductionTenant\namandapreprod\nU2FuaXRpemVk\nhttps://amandapreprod.blob.core.windows.net\nhttps://amandapreprod.file.core.windows.net\nhttps://amandapreprod.queue.core.windows.net\nhttps://amandapreprod.table.core.windows.net\n\n\n\n\nhttps://amandapreprod-secondary.blob.core.windows.net\nhttps://amandapreprod-secondary.file.core.windows.net\nhttps://amandapreprod-secondary.queue.core.windows.net\nhttps://amandapreprod-secondary.table.core.windows.net\nCloud\nBlobEndpoint=https://amandapreprod.blob.core.windows.net/;QueueEndpoint=https://amandapreprod.queue.core.windows.net/;FileEndpoint=https://amandapreprod.file.core.windows.net/;BlobSecondaryEndpoint=https://amandapreprod-secondary.blob.core.windows.net/;QueueSecondaryEndpoint=https://amandapreprod-secondary.queue.core.windows.net/;FileSecondaryEndpoint=https://amandapreprod-secondary.file.core.windows.net/;AccountName=amandapreprod;AccountKey=Sanitized\nencryptionScope\n\n"
  }
}
