{
  "Entries": [
    {
      "RequestUri": "https://camaiaornettesting.cognitiveservices.azure.com/documentintelligence/documentModels/prebuilt-read:analyzeBatch?api-version=2024-11-30&stringIndexType=utf16CodeUnit",
      "RequestMethod": "POST",
      "RequestHeaders": {
        "Authorization": "Sanitized",
        "Content-Length": "166",
        "Content-Type": "application/json",
        "traceparent": "00-0d11ffaa6e9116601444066d69a97a10-d0b22b239bcc5788-00",
        "User-Agent": "azsdk-net-AI.DocumentIntelligence/1.0.0-alpha.20241213.1 (.NET 8.0.11; Microsoft Windows 10.0.26100)",
        "x-ms-client-request-id": "Sanitized",
        "x-ms-return-client-request-id": "true"
      },
      "RequestBody": {
        "azureBlobSource": {
          "containerUrl": "https://sanitized.blob.core.windows.net"
        },
        "resultContainerUrl": "https://sanitized.blob.core.windows.net",
        "overwriteExisting": true
      },
      "StatusCode": 202,
      "ResponseHeaders": {
        "apim-request-id": "ccc4024e-d03b-4c81-99f3-7cbfe9601eef",
        "Content-Length": "0",
        "Date": "Fri, 13 Dec 2024 20:51:47 GMT",
        "Operation-Location": "https://camaiaornettesting.cognitiveservices.azure.com/documentintelligence/documentModels/prebuilt-read/analyzeBatchResults/ccc4024e-d03b-4c81-99f3-7cbfe9601eef?api-version=2024-11-30",
        "Strict-Transport-Security": "max-age=31536000; includeSubDomains; preload",
        "X-Content-Type-Options": "nosniff",
        "x-envoy-upstream-service-time": "546",
        "x-ms-region": "East US"
      },
      "ResponseBody": null
    },
    {
      "RequestUri": "https://camaiaornettesting.cognitiveservices.azure.com/documentintelligence/documentModels/prebuilt-read/analyzeBatchResults/ccc4024e-d03b-4c81-99f3-7cbfe9601eef?api-version=2024-11-30",
      "RequestMethod": "GET",
      "RequestHeaders": {
        "Authorization": "Sanitized",
        "traceparent": "00-0d11ffaa6e9116601444066d69a97a10-7fa5d7ebd7421cef-00",
        "User-Agent": "azsdk-net-AI.DocumentIntelligence/1.0.0-alpha.20241213.1 (.NET 8.0.11; Microsoft Windows 10.0.26100)",
        "x-ms-client-request-id": "Sanitized",
        "x-ms-return-client-request-id": "true"
      },
      "RequestBody": null,
      "StatusCode": 200,
      "ResponseHeaders": {
        "apim-request-id": "1d2ef09e-d39b-4c51-9264-993396fecd6b",
        "Content-Length": "177",
        "Content-Type": "application/json; charset=utf-8",
        "Date": "Fri, 13 Dec 2024 20:51:50 GMT",
        "Strict-Transport-Security": "max-age=31536000; includeSubDomains; preload",
        "X-Content-Type-Options": "nosniff",
        "x-envoy-upstream-service-time": "3153",
        "x-ms-region": "East US"
      },
      "ResponseBody": {
        "resultId": "ccc4024e-d03b-4c81-99f3-7cbfe9601eef",
        "status": "running",
        "percentCompleted": 0,
        "createdDateTime": "2024-12-13T20:51:47Z",
        "lastUpdatedDateTime": "2024-12-13T20:51:47Z"
      }
    },
    {
      "RequestUri": "https://camaiaornettesting.cognitiveservices.azure.com/documentintelligence/documentModels/prebuilt-read/analyzeBatchResults/ccc4024e-d03b-4c81-99f3-7cbfe9601eef?api-version=2024-11-30",
      "RequestMethod": "GET",
      "RequestHeaders": {
        "Authorization": "Sanitized",
        "traceparent": "00-0d11ffaa6e9116601444066d69a97a10-60427481a801b6be-00",
        "User-Agent": "azsdk-net-AI.DocumentIntelligence/1.0.0-alpha.20241213.1 (.NET 8.0.11; Microsoft Windows 10.0.26100)",
        "x-ms-client-request-id": "Sanitized",
        "x-ms-return-client-request-id": "true"
      },
      "RequestBody": null,
      "StatusCode": 200,
      "ResponseHeaders": {
        "apim-request-id": "fa8ca01a-f51b-4776-b9e5-46e8b870b171",
        "Content-Length": "177",
        "Content-Type": "application/json; charset=utf-8",
        "Date": "Fri, 13 Dec 2024 20:51:54 GMT",
        "Strict-Transport-Security": "max-age=31536000; includeSubDomains; preload",
        "X-Content-Type-Options": "nosniff",
        "x-envoy-upstream-service-time": "3109",
        "x-ms-region": "East US"
      },
      "ResponseBody": {
        "resultId": "ccc4024e-d03b-4c81-99f3-7cbfe9601eef",
        "status": "running",
        "percentCompleted": 0,
        "createdDateTime": "2024-12-13T20:51:47Z",
        "lastUpdatedDateTime": "2024-12-13T20:51:47Z"
      }
    },
    {
      "RequestUri": "https://camaiaornettesting.cognitiveservices.azure.com/documentintelligence/documentModels/prebuilt-read/analyzeBatchResults/ccc4024e-d03b-4c81-99f3-7cbfe9601eef?api-version=2024-11-30",
      "RequestMethod": "GET",
      "RequestHeaders": {
        "Authorization": "Sanitized",
        "traceparent": "00-0d11ffaa6e9116601444066d69a97a10-c1e279d527cbb4a5-00",
        "User-Agent": "azsdk-net-AI.DocumentIntelligence/1.0.0-alpha.20241213.1 (.NET 8.0.11; Microsoft Windows 10.0.26100)",
        "x-ms-client-request-id": "Sanitized",
        "x-ms-return-client-request-id": "true"
      },
      "RequestBody": null,
      "StatusCode": 200,
      "ResponseHeaders": {
        "apim-request-id": "60a475bb-4b42-40e8-ad8b-6575bd77ed8f",
        "Content-Length": "177",
        "Content-Type": "application/json; charset=utf-8",
        "Date": "Fri, 13 Dec 2024 20:51:58 GMT",
        "Strict-Transport-Security": "max-age=31536000; includeSubDomains; preload",
        "X-Content-Type-Options": "nosniff",
        "x-envoy-upstream-service-time": "3071",
        "x-ms-region": "East US"
      },
      "ResponseBody": {
        "resultId": "ccc4024e-d03b-4c81-99f3-7cbfe9601eef",
        "status": "running",
        "percentCompleted": 0,
        "createdDateTime": "2024-12-13T20:51:47Z",
        "lastUpdatedDateTime": "2024-12-13T20:51:47Z"
      }
    },
    {
      "RequestUri": "https://camaiaornettesting.cognitiveservices.azure.com/documentintelligence/documentModels/prebuilt-read/analyzeBatchResults/ccc4024e-d03b-4c81-99f3-7cbfe9601eef?api-version=2024-11-30",
      "RequestMethod": "GET",
      "RequestHeaders": {
        "Authorization": "Sanitized",
        "traceparent": "00-0d11ffaa6e9116601444066d69a97a10-ccb0cf9f822f64d2-00",
        "User-Agent": "azsdk-net-AI.DocumentIntelligence/1.0.0-alpha.20241213.1 (.NET 8.0.11; Microsoft Windows 10.0.26100)",
        "x-ms-client-request-id": "Sanitized",
        "x-ms-return-client-request-id": "true"
      },
      "RequestBody": null,
      "StatusCode": 200,
      "ResponseHeaders": {
        "apim-request-id": "af81884a-6864-44c8-93bb-41919444a55b",
        "Content-Length": "177",
        "Content-Type": "application/json; charset=utf-8",
        "Date": "Fri, 13 Dec 2024 20:52:02 GMT",
        "Strict-Transport-Security": "max-age=31536000; includeSubDomains; preload",
        "X-Content-Type-Options": "nosniff",
        "x-envoy-upstream-service-time": "3097",
        "x-ms-region": "East US"
      },
      "ResponseBody": {
        "resultId": "ccc4024e-d03b-4c81-99f3-7cbfe9601eef",
        "status": "running",
        "percentCompleted": 0,
        "createdDateTime": "2024-12-13T20:51:47Z",
        "lastUpdatedDateTime": "2024-12-13T20:51:47Z"
      }
    },
    {
      "RequestUri": "https://camaiaornettesting.cognitiveservices.azure.com/documentintelligence/documentModels/prebuilt-read/analyzeBatchResults/ccc4024e-d03b-4c81-99f3-7cbfe9601eef?api-version=2024-11-30",
      "RequestMethod": "GET",
      "RequestHeaders": {
        "Authorization": "Sanitized",
        "traceparent": "00-0d11ffaa6e9116601444066d69a97a10-13486179f1d2920c-00",
        "User-Agent": "azsdk-net-AI.DocumentIntelligence/1.0.0-alpha.20241213.1 (.NET 8.0.11; Microsoft Windows 10.0.26100)",
        "x-ms-client-request-id": "Sanitized",
        "x-ms-return-client-request-id": "true"
      },
      "RequestBody": null,
      "StatusCode": 200,
      "ResponseHeaders": {
        "apim-request-id": "1aa93369-371e-466a-a069-c17d8c83f70e",
        "Content-Length": "177",
        "Content-Type": "application/json; charset=utf-8",
        "Date": "Fri, 13 Dec 2024 20:52:07 GMT",
        "Strict-Transport-Security": "max-age=31536000; includeSubDomains; preload",
        "X-Content-Type-Options": "nosniff",
        "x-envoy-upstream-service-time": "3121",
        "x-ms-region": "East US"
      },
      "ResponseBody": {
        "resultId": "ccc4024e-d03b-4c81-99f3-7cbfe9601eef",
        "status": "running",
        "percentCompleted": 0,
        "createdDateTime": "2024-12-13T20:51:47Z",
        "lastUpdatedDateTime": "2024-12-13T20:51:47Z"
      }
    },
    {
      "RequestUri": "https://camaiaornettesting.cognitiveservices.azure.com/documentintelligence/documentModels/prebuilt-read/analyzeBatchResults/ccc4024e-d03b-4c81-99f3-7cbfe9601eef?api-version=2024-11-30",
      "RequestMethod": "GET",
      "RequestHeaders": {
        "Authorization": "Sanitized",
        "traceparent": "00-0d11ffaa6e9116601444066d69a97a10-1fb86b8205a7211b-00",
        "User-Agent": "azsdk-net-AI.DocumentIntelligence/1.0.0-alpha.20241213.1 (.NET 8.0.11; Microsoft Windows 10.0.26100)",
        "x-ms-client-request-id": "Sanitized",
        "x-ms-return-client-request-id": "true"
      },
      "RequestBody": null,
      "StatusCode": 200,
      "ResponseHeaders": {
        "apim-request-id": "8cfa9627-c494-4270-9004-5520d140d427",
        "Content-Length": "177",
        "Content-Type": "application/json; charset=utf-8",
        "Date": "Fri, 13 Dec 2024 20:52:11 GMT",
        "Strict-Transport-Security": "max-age=31536000; includeSubDomains; preload",
        "X-Content-Type-Options": "nosniff",
        "x-envoy-upstream-service-time": "3092",
        "x-ms-region": "East US"
      },
      "ResponseBody": {
        "resultId": "ccc4024e-d03b-4c81-99f3-7cbfe9601eef",
        "status": "running",
        "percentCompleted": 0,
        "createdDateTime": "2024-12-13T20:51:47Z",
        "lastUpdatedDateTime": "2024-12-13T20:51:47Z"
      }
    },
    {
      "RequestUri": "https://camaiaornettesting.cognitiveservices.azure.com/documentintelligence/documentModels/prebuilt-read/analyzeBatchResults/ccc4024e-d03b-4c81-99f3-7cbfe9601eef?api-version=2024-11-30",
      "RequestMethod": "GET",
      "RequestHeaders": {
        "Authorization": "Sanitized",
        "traceparent": "00-0d11ffaa6e9116601444066d69a97a10-33a2a24408e87527-00",
        "User-Agent": "azsdk-net-AI.DocumentIntelligence/1.0.0-alpha.20241213.1 (.NET 8.0.11; Microsoft Windows 10.0.26100)",
        "x-ms-client-request-id": "Sanitized",
        "x-ms-return-client-request-id": "true"
      },
      "RequestBody": null,
      "StatusCode": 200,
      "ResponseHeaders": {
        "apim-request-id": "774c5697-f594-4c2c-9f88-7595984f1876",
        "Content-Length": "177",
        "Content-Type": "application/json; charset=utf-8",
        "Date": "Fri, 13 Dec 2024 20:52:15 GMT",
        "Strict-Transport-Security": "max-age=31536000; includeSubDomains; preload",
        "X-Content-Type-Options": "nosniff",
        "x-envoy-upstream-service-time": "3076",
        "x-ms-region": "East US"
      },
      "ResponseBody": {
        "resultId": "ccc4024e-d03b-4c81-99f3-7cbfe9601eef",
        "status": "running",
        "percentCompleted": 0,
        "createdDateTime": "2024-12-13T20:51:47Z",
        "lastUpdatedDateTime": "2024-12-13T20:51:47Z"
      }
    },
    {
      "RequestUri": "https://camaiaornettesting.cognitiveservices.azure.com/documentintelligence/documentModels/prebuilt-read/analyzeBatchResults/ccc4024e-d03b-4c81-99f3-7cbfe9601eef?api-version=2024-11-30",
      "RequestMethod": "GET",
      "RequestHeaders": {
        "Authorization": "Sanitized",
        "traceparent": "00-0d11ffaa6e9116601444066d69a97a10-661eccec733e3d0c-00",
        "User-Agent": "azsdk-net-AI.DocumentIntelligence/1.0.0-alpha.20241213.1 (.NET 8.0.11; Microsoft Windows 10.0.26100)",
        "x-ms-client-request-id": "Sanitized",
        "x-ms-return-client-request-id": "true"
      },
      "RequestBody": null,
      "StatusCode": 200,
      "ResponseHeaders": {
        "apim-request-id": "05cf7d71-9db3-4aa1-9de7-70490033727f",
        "Content-Length": "177",
        "Content-Type": "application/json; charset=utf-8",
        "Date": "Fri, 13 Dec 2024 20:52:19 GMT",
        "Strict-Transport-Security": "max-age=31536000; includeSubDomains; preload",
        "X-Content-Type-Options": "nosniff",
        "x-envoy-upstream-service-time": "3086",
        "x-ms-region": "East US"
      },
      "ResponseBody": {
        "resultId": "ccc4024e-d03b-4c81-99f3-7cbfe9601eef",
        "status": "running",
        "percentCompleted": 0,
        "createdDateTime": "2024-12-13T20:51:47Z",
        "lastUpdatedDateTime": "2024-12-13T20:51:47Z"
      }
    },
    {
      "RequestUri": "https://camaiaornettesting.cognitiveservices.azure.com/documentintelligence/documentModels/prebuilt-read/analyzeBatchResults/ccc4024e-d03b-4c81-99f3-7cbfe9601eef?api-version=2024-11-30",
      "RequestMethod": "GET",
      "RequestHeaders": {
        "Authorization": "Sanitized",
        "traceparent": "00-0d11ffaa6e9116601444066d69a97a10-c945a1f1846a582e-00",
        "User-Agent": "azsdk-net-AI.DocumentIntelligence/1.0.0-alpha.20241213.1 (.NET 8.0.11; Microsoft Windows 10.0.26100)",
        "x-ms-client-request-id": "Sanitized",
        "x-ms-return-client-request-id": "true"
      },
      "RequestBody": null,
      "StatusCode": 200,
      "ResponseHeaders": {
        "apim-request-id": "04abf777-6426-42a4-81ee-0519a8269302",
        "Content-Length": "177",
        "Content-Type": "application/json; charset=utf-8",
        "Date": "Fri, 13 Dec 2024 20:52:24 GMT",
        "Strict-Transport-Security": "max-age=31536000; includeSubDomains; preload",
        "X-Content-Type-Options": "nosniff",
        "x-envoy-upstream-service-time": "4108",
        "x-ms-region": "East US"
      },
      "ResponseBody": {
        "resultId": "ccc4024e-d03b-4c81-99f3-7cbfe9601eef",
        "status": "running",
        "percentCompleted": 0,
        "createdDateTime": "2024-12-13T20:51:47Z",
        "lastUpdatedDateTime": "2024-12-13T20:51:47Z"
      }
    },
    {
      "RequestUri": "https://camaiaornettesting.cognitiveservices.azure.com/documentintelligence/documentModels/prebuilt-read/analyzeBatchResults/ccc4024e-d03b-4c81-99f3-7cbfe9601eef?api-version=2024-11-30",
      "RequestMethod": "GET",
      "RequestHeaders": {
        "Authorization": "Sanitized",
        "traceparent": "00-0d11ffaa6e9116601444066d69a97a10-5bbeff3f574e4aa2-00",
        "User-Agent": "azsdk-net-AI.DocumentIntelligence/1.0.0-alpha.20241213.1 (.NET 8.0.11; Microsoft Windows 10.0.26100)",
        "x-ms-client-request-id": "Sanitized",
        "x-ms-return-client-request-id": "true"
      },
      "RequestBody": null,
      "StatusCode": 200,
      "ResponseHeaders": {
        "apim-request-id": "5433ad18-fd18-42e1-9147-1e08cd7f4710",
        "Content-Length": "177",
        "Content-Type": "application/json; charset=utf-8",
        "Date": "Fri, 13 Dec 2024 20:52:28 GMT",
        "Strict-Transport-Security": "max-age=31536000; includeSubDomains; preload",
        "X-Content-Type-Options": "nosniff",
        "x-envoy-upstream-service-time": "3083",
        "x-ms-region": "East US"
      },
      "ResponseBody": {
        "resultId": "ccc4024e-d03b-4c81-99f3-7cbfe9601eef",
        "status": "running",
        "percentCompleted": 0,
        "createdDateTime": "2024-12-13T20:51:47Z",
        "lastUpdatedDateTime": "2024-12-13T20:51:47Z"
      }
    },
    {
      "RequestUri": "https://camaiaornettesting.cognitiveservices.azure.com/documentintelligence/documentModels/prebuilt-read/analyzeBatchResults/ccc4024e-d03b-4c81-99f3-7cbfe9601eef?api-version=2024-11-30",
      "RequestMethod": "GET",
      "RequestHeaders": {
        "Authorization": "Sanitized",
        "traceparent": "00-0d11ffaa6e9116601444066d69a97a10-4cbaf26fb0f33df3-00",
        "User-Agent": "azsdk-net-AI.DocumentIntelligence/1.0.0-alpha.20241213.1 (.NET 8.0.11; Microsoft Windows 10.0.26100)",
        "x-ms-client-request-id": "Sanitized",
        "x-ms-return-client-request-id": "true"
      },
      "RequestBody": null,
      "StatusCode": 200,
      "ResponseHeaders": {
        "apim-request-id": "6c399611-f087-4b97-9c66-9cc5dc4d2cc8",
        "Content-Length": "177",
        "Content-Type": "application/json; charset=utf-8",
        "Date": "Fri, 13 Dec 2024 20:52:33 GMT",
        "Strict-Transport-Security": "max-age=31536000; includeSubDomains; preload",
        "X-Content-Type-Options": "nosniff",
        "x-envoy-upstream-service-time": "3092",
        "x-ms-region": "East US"
      },
      "ResponseBody": {
        "resultId": "ccc4024e-d03b-4c81-99f3-7cbfe9601eef",
        "status": "running",
        "percentCompleted": 0,
        "createdDateTime": "2024-12-13T20:51:47Z",
        "lastUpdatedDateTime": "2024-12-13T20:51:47Z"
      }
    },
    {
      "RequestUri": "https://camaiaornettesting.cognitiveservices.azure.com/documentintelligence/documentModels/prebuilt-read/analyzeBatchResults/ccc4024e-d03b-4c81-99f3-7cbfe9601eef?api-version=2024-11-30",
      "RequestMethod": "GET",
      "RequestHeaders": {
        "Authorization": "Sanitized",
        "traceparent": "00-0d11ffaa6e9116601444066d69a97a10-97ab56651595ba44-00",
        "User-Agent": "azsdk-net-AI.DocumentIntelligence/1.0.0-alpha.20241213.1 (.NET 8.0.11; Microsoft Windows 10.0.26100)",
        "x-ms-client-request-id": "Sanitized",
        "x-ms-return-client-request-id": "true"
      },
      "RequestBody": null,
      "StatusCode": 200,
      "ResponseHeaders": {
        "apim-request-id": "d7568cee-0219-4324-bdea-2ce72cde967f",
        "Content-Length": "177",
        "Content-Type": "application/json; charset=utf-8",
        "Date": "Fri, 13 Dec 2024 20:52:37 GMT",
        "Strict-Transport-Security": "max-age=31536000; includeSubDomains; preload",
        "X-Content-Type-Options": "nosniff",
        "x-envoy-upstream-service-time": "3084",
        "x-ms-region": "East US"
      },
      "ResponseBody": {
        "resultId": "ccc4024e-d03b-4c81-99f3-7cbfe9601eef",
        "status": "running",
        "percentCompleted": 0,
        "createdDateTime": "2024-12-13T20:51:47Z",
        "lastUpdatedDateTime": "2024-12-13T20:51:47Z"
      }
    },
    {
      "RequestUri": "https://camaiaornettesting.cognitiveservices.azure.com/documentintelligence/documentModels/prebuilt-read/analyzeBatchResults/ccc4024e-d03b-4c81-99f3-7cbfe9601eef?api-version=2024-11-30",
      "RequestMethod": "GET",
      "RequestHeaders": {
        "Authorization": "Sanitized",
        "traceparent": "00-0d11ffaa6e9116601444066d69a97a10-7aa4cd88185c96be-00",
        "User-Agent": "azsdk-net-AI.DocumentIntelligence/1.0.0-alpha.20241213.1 (.NET 8.0.11; Microsoft Windows 10.0.26100)",
        "x-ms-client-request-id": "Sanitized",
        "x-ms-return-client-request-id": "true"
      },
      "RequestBody": null,
      "StatusCode": 200,
      "ResponseHeaders": {
        "apim-request-id": "93436320-d5e5-4292-b4b0-93e6ed805744",
        "Content-Length": "177",
        "Content-Type": "application/json; charset=utf-8",
        "Date": "Fri, 13 Dec 2024 20:52:41 GMT",
        "Strict-Transport-Security": "max-age=31536000; includeSubDomains; preload",
        "X-Content-Type-Options": "nosniff",
        "x-envoy-upstream-service-time": "3172",
        "x-ms-region": "East US"
      },
      "ResponseBody": {
        "resultId": "ccc4024e-d03b-4c81-99f3-7cbfe9601eef",
        "status": "running",
        "percentCompleted": 0,
        "createdDateTime": "2024-12-13T20:51:47Z",
        "lastUpdatedDateTime": "2024-12-13T20:51:47Z"
      }
    },
    {
      "RequestUri": "https://camaiaornettesting.cognitiveservices.azure.com/documentintelligence/documentModels/prebuilt-read/analyzeBatchResults/ccc4024e-d03b-4c81-99f3-7cbfe9601eef?api-version=2024-11-30",
      "RequestMethod": "GET",
      "RequestHeaders": {
        "Authorization": "Sanitized",
        "traceparent": "00-0d11ffaa6e9116601444066d69a97a10-ad16a8977203962e-00",
        "User-Agent": "azsdk-net-AI.DocumentIntelligence/1.0.0-alpha.20241213.1 (.NET 8.0.11; Microsoft Windows 10.0.26100)",
        "x-ms-client-request-id": "Sanitized",
        "x-ms-return-client-request-id": "true"
      },
      "RequestBody": null,
      "StatusCode": 200,
      "ResponseHeaders": {
        "apim-request-id": "44fdd416-6484-4373-a2bc-fef5a4334231",
        "Content-Length": "177",
        "Content-Type": "application/json; charset=utf-8",
        "Date": "Fri, 13 Dec 2024 20:52:45 GMT",
        "Strict-Transport-Security": "max-age=31536000; includeSubDomains; preload",
        "X-Content-Type-Options": "nosniff",
        "x-envoy-upstream-service-time": "3104",
        "x-ms-region": "East US"
      },
      "ResponseBody": {
        "resultId": "ccc4024e-d03b-4c81-99f3-7cbfe9601eef",
        "status": "running",
        "percentCompleted": 0,
        "createdDateTime": "2024-12-13T20:51:47Z",
        "lastUpdatedDateTime": "2024-12-13T20:51:47Z"
      }
    },
    {
      "RequestUri": "https://camaiaornettesting.cognitiveservices.azure.com/documentintelligence/documentModels/prebuilt-read/analyzeBatchResults/ccc4024e-d03b-4c81-99f3-7cbfe9601eef?api-version=2024-11-30",
      "RequestMethod": "GET",
      "RequestHeaders": {
        "Authorization": "Sanitized",
        "traceparent": "00-0d11ffaa6e9116601444066d69a97a10-81ac5cb3dfda9945-00",
        "User-Agent": "azsdk-net-AI.DocumentIntelligence/1.0.0-alpha.20241213.1 (.NET 8.0.11; Microsoft Windows 10.0.26100)",
        "x-ms-client-request-id": "Sanitized",
        "x-ms-return-client-request-id": "true"
      },
      "RequestBody": null,
      "StatusCode": 200,
      "ResponseHeaders": {
        "apim-request-id": "ee39f757-0ffe-492e-ad2c-8b48534f62a8",
        "Content-Length": "177",
        "Content-Type": "application/json; charset=utf-8",
        "Date": "Fri, 13 Dec 2024 20:52:49 GMT",
        "Strict-Transport-Security": "max-age=31536000; includeSubDomains; preload",
        "X-Content-Type-Options": "nosniff",
        "x-envoy-upstream-service-time": "3070",
        "x-ms-region": "East US"
      },
      "ResponseBody": {
        "resultId": "ccc4024e-d03b-4c81-99f3-7cbfe9601eef",
        "status": "running",
        "percentCompleted": 0,
        "createdDateTime": "2024-12-13T20:51:47Z",
        "lastUpdatedDateTime": "2024-12-13T20:51:47Z"
      }
    },
    {
      "RequestUri": "https://camaiaornettesting.cognitiveservices.azure.com/documentintelligence/documentModels/prebuilt-read/analyzeBatchResults/ccc4024e-d03b-4c81-99f3-7cbfe9601eef?api-version=2024-11-30",
      "RequestMethod": "GET",
      "RequestHeaders": {
        "Authorization": "Sanitized",
        "traceparent": "00-0d11ffaa6e9116601444066d69a97a10-ae939e58010a96fa-00",
        "User-Agent": "azsdk-net-AI.DocumentIntelligence/1.0.0-alpha.20241213.1 (.NET 8.0.11; Microsoft Windows 10.0.26100)",
        "x-ms-client-request-id": "Sanitized",
        "x-ms-return-client-request-id": "true"
      },
      "RequestBody": null,
      "StatusCode": 200,
      "ResponseHeaders": {
        "apim-request-id": "b36ef929-325c-4b4e-a5be-fd343203ac1f",
        "Content-Length": "177",
        "Content-Type": "application/json; charset=utf-8",
        "Date": "Fri, 13 Dec 2024 20:52:54 GMT",
        "Strict-Transport-Security": "max-age=31536000; includeSubDomains; preload",
        "X-Content-Type-Options": "nosniff",
        "x-envoy-upstream-service-time": "3066",
        "x-ms-region": "East US"
      },
      "ResponseBody": {
        "resultId": "ccc4024e-d03b-4c81-99f3-7cbfe9601eef",
        "status": "running",
        "percentCompleted": 0,
        "createdDateTime": "2024-12-13T20:51:47Z",
        "lastUpdatedDateTime": "2024-12-13T20:51:47Z"
      }
    },
    {
      "RequestUri": "https://camaiaornettesting.cognitiveservices.azure.com/documentintelligence/documentModels/prebuilt-read/analyzeBatchResults/ccc4024e-d03b-4c81-99f3-7cbfe9601eef?api-version=2024-11-30",
      "RequestMethod": "GET",
      "RequestHeaders": {
        "Authorization": "Sanitized",
        "traceparent": "00-0d11ffaa6e9116601444066d69a97a10-e37be5fed5e90d82-00",
        "User-Agent": "azsdk-net-AI.DocumentIntelligence/1.0.0-alpha.20241213.1 (.NET 8.0.11; Microsoft Windows 10.0.26100)",
        "x-ms-client-request-id": "Sanitized",
        "x-ms-return-client-request-id": "true"
      },
      "RequestBody": null,
      "StatusCode": 200,
      "ResponseHeaders": {
        "apim-request-id": "5d35105b-1c1b-428c-a729-eba92a7ef7f1",
        "Content-Length": "177",
        "Content-Type": "application/json; charset=utf-8",
        "Date": "Fri, 13 Dec 2024 20:52:58 GMT",
        "Strict-Transport-Security": "max-age=31536000; includeSubDomains; preload",
        "X-Content-Type-Options": "nosniff",
        "x-envoy-upstream-service-time": "3078",
        "x-ms-region": "East US"
      },
      "ResponseBody": {
        "resultId": "ccc4024e-d03b-4c81-99f3-7cbfe9601eef",
        "status": "running",
        "percentCompleted": 0,
        "createdDateTime": "2024-12-13T20:51:47Z",
        "lastUpdatedDateTime": "2024-12-13T20:51:47Z"
      }
    },
    {
      "RequestUri": "https://camaiaornettesting.cognitiveservices.azure.com/documentintelligence/documentModels/prebuilt-read/analyzeBatchResults/ccc4024e-d03b-4c81-99f3-7cbfe9601eef?api-version=2024-11-30",
      "RequestMethod": "GET",
      "RequestHeaders": {
        "Authorization": "Sanitized",
        "traceparent": "00-0d11ffaa6e9116601444066d69a97a10-3e368e8a470d2fef-00",
        "User-Agent": "azsdk-net-AI.DocumentIntelligence/1.0.0-alpha.20241213.1 (.NET 8.0.11; Microsoft Windows 10.0.26100)",
        "x-ms-client-request-id": "Sanitized",
        "x-ms-return-client-request-id": "true"
      },
      "RequestBody": null,
      "StatusCode": 200,
      "ResponseHeaders": {
        "apim-request-id": "71099359-7a2e-4709-a7c2-9719b7d68f4b",
        "Content-Length": "177",
        "Content-Type": "application/json; charset=utf-8",
        "Date": "Fri, 13 Dec 2024 20:53:02 GMT",
        "Strict-Transport-Security": "max-age=31536000; includeSubDomains; preload",
        "X-Content-Type-Options": "nosniff",
        "x-envoy-upstream-service-time": "3073",
        "x-ms-region": "East US"
      },
      "ResponseBody": {
        "resultId": "ccc4024e-d03b-4c81-99f3-7cbfe9601eef",
        "status": "running",
        "percentCompleted": 0,
        "createdDateTime": "2024-12-13T20:51:47Z",
        "lastUpdatedDateTime": "2024-12-13T20:51:47Z"
      }
    },
    {
      "RequestUri": "https://camaiaornettesting.cognitiveservices.azure.com/documentintelligence/documentModels/prebuilt-read/analyzeBatchResults/ccc4024e-d03b-4c81-99f3-7cbfe9601eef?api-version=2024-11-30",
      "RequestMethod": "GET",
      "RequestHeaders": {
        "Authorization": "Sanitized",
        "traceparent": "00-0d11ffaa6e9116601444066d69a97a10-e9e771e1906d85f4-00",
        "User-Agent": "azsdk-net-AI.DocumentIntelligence/1.0.0-alpha.20241213.1 (.NET 8.0.11; Microsoft Windows 10.0.26100)",
        "x-ms-client-request-id": "Sanitized",
        "x-ms-return-client-request-id": "true"
      },
      "RequestBody": null,
      "StatusCode": 200,
      "ResponseHeaders": {
        "apim-request-id": "ca9803bc-ba02-4789-ba61-d0b146544ac3",
        "Content-Length": "177",
        "Content-Type": "application/json; charset=utf-8",
        "Date": "Fri, 13 Dec 2024 20:53:06 GMT",
        "Strict-Transport-Security": "max-age=31536000; includeSubDomains; preload",
        "X-Content-Type-Options": "nosniff",
        "x-envoy-upstream-service-time": "3103",
        "x-ms-region": "East US"
      },
      "ResponseBody": {
        "resultId": "ccc4024e-d03b-4c81-99f3-7cbfe9601eef",
        "status": "running",
        "percentCompleted": 0,
        "createdDateTime": "2024-12-13T20:51:47Z",
        "lastUpdatedDateTime": "2024-12-13T20:51:47Z"
      }
    },
    {
      "RequestUri": "https://camaiaornettesting.cognitiveservices.azure.com/documentintelligence/documentModels/prebuilt-read/analyzeBatchResults/ccc4024e-d03b-4c81-99f3-7cbfe9601eef?api-version=2024-11-30",
      "RequestMethod": "GET",
      "RequestHeaders": {
        "Authorization": "Sanitized",
        "traceparent": "00-0d11ffaa6e9116601444066d69a97a10-d989b7e094ef1933-00",
        "User-Agent": "azsdk-net-AI.DocumentIntelligence/1.0.0-alpha.20241213.1 (.NET 8.0.11; Microsoft Windows 10.0.26100)",
        "x-ms-client-request-id": "Sanitized",
        "x-ms-return-client-request-id": "true"
      },
      "RequestBody": null,
      "StatusCode": 200,
      "ResponseHeaders": {
        "apim-request-id": "daba10a5-515f-41e9-99c8-bee5b32d3209",
        "Content-Length": "177",
        "Content-Type": "application/json; charset=utf-8",
        "Date": "Fri, 13 Dec 2024 20:53:10 GMT",
        "Strict-Transport-Security": "max-age=31536000; includeSubDomains; preload",
        "X-Content-Type-Options": "nosniff",
        "x-envoy-upstream-service-time": "3075",
        "x-ms-region": "East US"
      },
      "ResponseBody": {
        "resultId": "ccc4024e-d03b-4c81-99f3-7cbfe9601eef",
        "status": "running",
        "percentCompleted": 0,
        "createdDateTime": "2024-12-13T20:51:47Z",
        "lastUpdatedDateTime": "2024-12-13T20:51:47Z"
      }
    },
    {
      "RequestUri": "https://camaiaornettesting.cognitiveservices.azure.com/documentintelligence/documentModels/prebuilt-read/analyzeBatchResults/ccc4024e-d03b-4c81-99f3-7cbfe9601eef?api-version=2024-11-30",
      "RequestMethod": "GET",
      "RequestHeaders": {
        "Authorization": "Sanitized",
        "traceparent": "00-0d11ffaa6e9116601444066d69a97a10-147fa21ffb799154-00",
        "User-Agent": "azsdk-net-AI.DocumentIntelligence/1.0.0-alpha.20241213.1 (.NET 8.0.11; Microsoft Windows 10.0.26100)",
        "x-ms-client-request-id": "Sanitized",
        "x-ms-return-client-request-id": "true"
      },
      "RequestBody": null,
      "StatusCode": 200,
      "ResponseHeaders": {
        "apim-request-id": "4ce47829-9c5a-4a28-bdcb-5bcbdc7704b3",
        "Content-Length": "1988",
        "Content-Type": "application/json; charset=utf-8",
        "Date": "Fri, 13 Dec 2024 20:53:11 GMT",
        "Strict-Transport-Security": "max-age=31536000; includeSubDomains; preload",
        "X-Content-Type-Options": "nosniff",
        "x-envoy-upstream-service-time": "30",
        "x-ms-region": "East US"
      },
      "ResponseBody": {
        "resultId": "ccc4024e-d03b-4c81-99f3-7cbfe9601eef",
        "status": "succeeded",
        "percentCompleted": 100,
        "createdDateTime": "2024-12-13T20:51:47Z",
        "lastUpdatedDateTime": "2024-12-13T20:51:47Z",
        "result": {
          "succeededCount": 6,
          "failedCount": 0,
          "skippedCount": 0,
          "details": [
            {
              "sourceUrl": "https://azuresdktrainingdata.blob.core.windows.net/trainingdata-batch/Evidence_of_Property__ACORD_27-H03c (1).pdf",
              "resultUrl": "https://azuresdktrainingdata.blob.core.windows.net/trainingdata-batch-result/Evidence_of_Property__ACORD_27-H03c%20(1).pdf.ocr.json",
              "status": "succeeded"
            },
            {
              "sourceUrl": "https://azuresdktrainingdata.blob.core.windows.net/trainingdata-batch/Evidence_of_Property__ACORD_27-H04c.pdf",
              "resultUrl": "https://azuresdktrainingdata.blob.core.windows.net/trainingdata-batch-result/Evidence_of_Property__ACORD_27-H04c.pdf.ocr.json",
              "status": "succeeded"
            },
            {
              "sourceUrl": "https://azuresdktrainingdata.blob.core.windows.net/trainingdata-batch/Evidence_of_Property__ACORD_27-H06c.pdf",
              "resultUrl": "https://azuresdktrainingdata.blob.core.windows.net/trainingdata-batch-result/Evidence_of_Property__ACORD_27-H06c.pdf.ocr.json",
              "status": "succeeded"
            },
            {
              "sourceUrl": "https://azuresdktrainingdata.blob.core.windows.net/trainingdata-batch/Evidence_of_Property__ACORD_27-H09c.pdf",
              "resultUrl": "https://azuresdktrainingdata.blob.core.windows.net/trainingdata-batch-result/Evidence_of_Property__ACORD_27-H09c.pdf.ocr.json",
              "status": "succeeded"
            },
            {
              "sourceUrl": "https://azuresdktrainingdata.blob.core.windows.net/trainingdata-batch/Evidence_of_Property__ACORD_27-H11c.pdf",
              "resultUrl": "https://azuresdktrainingdata.blob.core.windows.net/trainingdata-batch-result/Evidence_of_Property__ACORD_27-H11c.pdf.ocr.json",
              "status": "succeeded"
            },
            {
              "sourceUrl": "https://azuresdktrainingdata.blob.core.windows.net/trainingdata-batch/Evidence_of_Property__ACORD_27-H23c.pdf",
              "resultUrl": "https://azuresdktrainingdata.blob.core.windows.net/trainingdata-batch-result/Evidence_of_Property__ACORD_27-H23c.pdf.ocr.json",
              "status": "succeeded"
            }
          ]
        }
      }
    },
    {
      "RequestUri": "https://camaiaornettesting.cognitiveservices.azure.com/documentintelligence/documentModels/prebuilt-read/analyzeBatchResults/ccc4024e-d03b-4c81-99f3-7cbfe9601eef?api-version=2024-11-30",
      "RequestMethod": "GET",
      "RequestHeaders": {
        "Accept": "application/json",
        "Authorization": "Sanitized",
        "traceparent": "00-4b61e2bbc5e3567ab16f79d447526667-f41e71409e94599f-00",
        "User-Agent": "azsdk-net-AI.DocumentIntelligence/1.0.0-alpha.20241213.1 (.NET 8.0.11; Microsoft Windows 10.0.26100)",
        "x-ms-client-request-id": "Sanitized",
        "x-ms-return-client-request-id": "true"
      },
      "RequestBody": null,
      "StatusCode": 200,
      "ResponseHeaders": {
        "apim-request-id": "94371176-a2e5-47db-93c7-259a57a06a54",
        "Content-Length": "1988",
        "Content-Type": "application/json; charset=utf-8",
        "Date": "Fri, 13 Dec 2024 20:53:12 GMT",
        "Strict-Transport-Security": "max-age=31536000; includeSubDomains; preload",
        "X-Content-Type-Options": "nosniff",
        "x-envoy-upstream-service-time": "41",
        "x-ms-region": "East US"
      },
      "ResponseBody": {
        "resultId": "ccc4024e-d03b-4c81-99f3-7cbfe9601eef",
        "status": "succeeded",
        "percentCompleted": 100,
        "createdDateTime": "2024-12-13T20:51:47Z",
        "lastUpdatedDateTime": "2024-12-13T20:51:47Z",
        "result": {
          "succeededCount": 6,
          "failedCount": 0,
          "skippedCount": 0,
          "details": [
            {
              "sourceUrl": "https://azuresdktrainingdata.blob.core.windows.net/trainingdata-batch/Evidence_of_Property__ACORD_27-H03c (1).pdf",
              "resultUrl": "https://azuresdktrainingdata.blob.core.windows.net/trainingdata-batch-result/Evidence_of_Property__ACORD_27-H03c%20(1).pdf.ocr.json",
              "status": "succeeded"
            },
            {
              "sourceUrl": "https://azuresdktrainingdata.blob.core.windows.net/trainingdata-batch/Evidence_of_Property__ACORD_27-H04c.pdf",
              "resultUrl": "https://azuresdktrainingdata.blob.core.windows.net/trainingdata-batch-result/Evidence_of_Property__ACORD_27-H04c.pdf.ocr.json",
              "status": "succeeded"
            },
            {
              "sourceUrl": "https://azuresdktrainingdata.blob.core.windows.net/trainingdata-batch/Evidence_of_Property__ACORD_27-H06c.pdf",
              "resultUrl": "https://azuresdktrainingdata.blob.core.windows.net/trainingdata-batch-result/Evidence_of_Property__ACORD_27-H06c.pdf.ocr.json",
              "status": "succeeded"
            },
            {
              "sourceUrl": "https://azuresdktrainingdata.blob.core.windows.net/trainingdata-batch/Evidence_of_Property__ACORD_27-H09c.pdf",
              "resultUrl": "https://azuresdktrainingdata.blob.core.windows.net/trainingdata-batch-result/Evidence_of_Property__ACORD_27-H09c.pdf.ocr.json",
              "status": "succeeded"
            },
            {
              "sourceUrl": "https://azuresdktrainingdata.blob.core.windows.net/trainingdata-batch/Evidence_of_Property__ACORD_27-H11c.pdf",
              "resultUrl": "https://azuresdktrainingdata.blob.core.windows.net/trainingdata-batch-result/Evidence_of_Property__ACORD_27-H11c.pdf.ocr.json",
              "status": "succeeded"
            },
            {
              "sourceUrl": "https://azuresdktrainingdata.blob.core.windows.net/trainingdata-batch/Evidence_of_Property__ACORD_27-H23c.pdf",
              "resultUrl": "https://azuresdktrainingdata.blob.core.windows.net/trainingdata-batch-result/Evidence_of_Property__ACORD_27-H23c.pdf.ocr.json",
              "status": "succeeded"
            }
          ]
        }
      }
    }
  ],
  "Variables": {
    "BATCH_RESULT_BLOB_CONTAINER_SAS_URL": "https://sanitized.blob.core.windows.net",
    "BATCH_SOURCE_BLOB_CONTAINER_SAS_URL": "https://sanitized.blob.core.windows.net",
    "DateTimeOffsetNow": "2024-12-14T04:51:45.7821225+08:00",
    "ENDPOINT": "https://camaiaornettesting.cognitiveservices.azure.com/",
    "RandomSeed": "832444849"
  }
}