{
  "Entries": [
    {
      "RequestUri": "https://management.azure.com/subscriptions/1c835c29-68e9-40a7-8455-842925d04908?api-version=2022-12-01",
      "RequestMethod": "GET",
      "RequestHeaders": {
        "Accept": "application/json",
        "Authorization": "Sanitized",
        "traceparent": "00-a7a6db8dcabf4af3f12595718c41e0ce-8e415019ef3261fa-00",
        "User-Agent": "azsdk-net-ResourceManager/1.9.0 (.NET 7.0.14; Microsoft Windows 10.0.22635)",
        "x-ms-client-request-id": "69897c123dc1c9ca98d01dab131474c6",
        "x-ms-return-client-request-id": "true"
      },
      "RequestBody": null,
      "StatusCode": 200,
      "ResponseHeaders": {
        "Cache-Control": "no-cache",
        "Content-Length": "400",
        "Content-Type": "application/json; charset=utf-8",
        "Date": "Wed, 22 Nov 2023 14:06:02 GMT",
        "Expires": "-1",
        "Pragma": "no-cache",
        "Strict-Transport-Security": "max-age=31536000; includeSubDomains",
        "X-Content-Type-Options": "nosniff",
        "x-ms-correlation-request-id": "3265637f-dfd7-4d0f-ad24-3069d00b093a",
        "x-ms-ratelimit-remaining-subscription-reads": "11999",
        "x-ms-request-id": "3265637f-dfd7-4d0f-ad24-3069d00b093a",
        "x-ms-routing-request-id": "SOUTHAFRICANORTH:20231122T140603Z:3265637f-dfd7-4d0f-ad24-3069d00b093a"
      },
      "ResponseBody": {
        "id": "/subscriptions/1c835c29-68e9-40a7-8455-842925d04908",
        "authorizationSource": "RoleBased",
        "managedByTenants": [],
        "subscriptionId": "1c835c29-68e9-40a7-8455-842925d04908",
        "tenantId": "72f988bf-86f1-41af-91ab-2d7cd011db47",
        "displayName": "Liftr-Nginx-E2E-Test",
        "state": "Enabled",
        "subscriptionPolicies": {
          "locationPlacementId": "Internal_2014-09-01",
          "quotaId": "Internal_2014-09-01",
          "spendingLimit": "Off"
        }
      }
    },
    {
      "RequestUri": "https://management.azure.com/subscriptions/1c835c29-68e9-40a7-8455-842925d04908/resourcegroups/Default-Nginx-9580?api-version=2022-09-01",
      "RequestMethod": "PUT",
      "RequestHeaders": {
        "Accept": "application/json",
        "Authorization": "Sanitized",
        "Content-Length": "28",
        "Content-Type": "application/json",
        "traceparent": "00-9bde5cafda5590ee636a7332f6ebe8c7-547c5a2dda4138df-00",
        "User-Agent": "azsdk-net-ResourceManager/1.9.0 (.NET 7.0.14; Microsoft Windows 10.0.22635)",
        "x-ms-client-request-id": "83c1855c551ef6af38e40b96c58e5e62",
        "x-ms-return-client-request-id": "true"
      },
      "RequestBody": {
        "location": "westcentralus"
      },
      "StatusCode": 201,
      "ResponseHeaders": {
        "Cache-Control": "no-cache",
        "Content-Length": "240",
        "Content-Type": "application/json; charset=utf-8",
        "Date": "Wed, 22 Nov 2023 14:06:06 GMT",
        "Expires": "-1",
        "Pragma": "no-cache",
        "Strict-Transport-Security": "max-age=31536000; includeSubDomains",
        "X-Content-Type-Options": "nosniff",
        "x-ms-correlation-request-id": "55672b57-4f25-430a-8c0b-7ea79050b5ed",
        "x-ms-ratelimit-remaining-subscription-writes": "1199",
        "x-ms-request-id": "55672b57-4f25-430a-8c0b-7ea79050b5ed",
        "x-ms-routing-request-id": "SOUTHAFRICANORTH:20231122T140607Z:55672b57-4f25-430a-8c0b-7ea79050b5ed"
      },
      "ResponseBody": {
        "id": "/subscriptions/1c835c29-68e9-40a7-8455-842925d04908/resourceGroups/Default-Nginx-9580",
        "name": "Default-Nginx-9580",
        "type": "Microsoft.Resources/resourceGroups",
        "location": "westcentralus",
        "properties": {
          "provisioningState": "Succeeded"
        }
      }
    },
    {
      "RequestUri": "https://management.azure.com/subscriptions/1c835c29-68e9-40a7-8455-842925d04908/resourceGroups/Default-Nginx-9580/providers/Microsoft.Network/publicIPAddresses/testPublicIP-1456?api-version=**",
      "RequestMethod": "PUT",
      "RequestHeaders": {
        "Accept": "application/json",
        "Authorization": "Sanitized",
        "Content-Length": "137",
        "Content-Type": "application/json",
        "traceparent": "00-6904c164b88240a7a10eff368ddf2e23-17dffc31f48b9433-00",
        "User-Agent": "azsdk-net-ResourceManager.Network/1.5.0 (.NET 7.0.14; Microsoft Windows 10.0.22635)",
        "x-ms-client-request-id": "52a677caf9f6efcc96ff3871c9791ff2",
        "x-ms-return-client-request-id": "true"
      },
      "RequestBody": {
        "sku": {
          "name": "Standard"
        },
        "location": "westcentralus",
        "properties": {
          "publicIPAllocationMethod": "Static",
          "publicIPAddressVersion": "IPv4"
        }
      },
      "StatusCode": 201,
      "ResponseHeaders": {
        "Azure-AsyncNotification": "Enabled",
        "Azure-AsyncOperation": "https://management.azure.com/subscriptions/1c835c29-68e9-40a7-8455-842925d04908/providers/Microsoft.Network/locations/westcentralus/operations/26d7ad6e-472e-4129-bd4c-cc8da9c4edb1?api-version=2023-05-01",
        "Cache-Control": "no-cache",
        "Content-Length": "618",
        "Content-Type": "application/json; charset=utf-8",
        "Date": "Wed, 22 Nov 2023 14:06:10 GMT",
        "Expires": "-1",
        "Pragma": "no-cache",
        "Retry-After": "1",
        "Server": [
          "Microsoft-HTTPAPI/2.0",
          "Microsoft-HTTPAPI/2.0"
        ],
        "Strict-Transport-Security": "max-age=31536000; includeSubDomains",
        "X-Content-Type-Options": "nosniff",
        "x-ms-arm-service-request-id": "9b76deb3-e832-4bb9-afef-5a8d2dca46ed",
        "x-ms-client-request-id": "52a677caf9f6efcc96ff3871c9791ff2",
        "x-ms-correlation-request-id": "96a6c987-ef06-49df-8acd-a3f9c3c5c6a4",
        "x-ms-ratelimit-remaining-subscription-writes": "1198",
        "x-ms-request-id": "26d7ad6e-472e-4129-bd4c-cc8da9c4edb1",
        "x-ms-routing-request-id": "SOUTHAFRICANORTH:20231122T140610Z:96a6c987-ef06-49df-8acd-a3f9c3c5c6a4"
      },
      "ResponseBody": {
        "name": "testPublicIP-1456",
        "id": "/subscriptions/1c835c29-68e9-40a7-8455-842925d04908/resourceGroups/Default-Nginx-9580/providers/Microsoft.Network/publicIPAddresses/testPublicIP-1456",
        "etag": "W/\u002255eb854e-6e4e-45fa-9df4-45fadc83a114\u0022",
        "location": "westcentralus",
        "properties": {
          "provisioningState": "Updating",
          "resourceGuid": "1fd66b8e-7747-488f-9299-2bfe51b702c0",
          "publicIPAddressVersion": "IPv4",
          "publicIPAllocationMethod": "Static",
          "idleTimeoutInMinutes": 4,
          "ipTags": [],
          "ddosSettings": {
            "protectionMode": "VirtualNetworkInherited"
          }
        },
        "type": "Microsoft.Network/publicIPAddresses",
        "sku": {
          "name": "Standard",
          "tier": "Regional"
        }
      }
    },
    {
      "RequestUri": "https://management.azure.com/subscriptions/1c835c29-68e9-40a7-8455-842925d04908/providers/Microsoft.Network/locations/westcentralus/operations/26d7ad6e-472e-4129-bd4c-cc8da9c4edb1?api-version=**",
      "RequestMethod": "GET",
      "RequestHeaders": {
        "Authorization": "Sanitized",
        "traceparent": "00-6904c164b88240a7a10eff368ddf2e23-6f80b3b984ae0353-00",
        "User-Agent": "azsdk-net-ResourceManager/1.9.0 (.NET 7.0.14; Microsoft Windows 10.0.22635)",
        "x-ms-client-request-id": "4ea93aee0950c88eb72ebfb0bec71a91",
        "x-ms-return-client-request-id": "true"
      },
      "RequestBody": null,
      "StatusCode": 200,
      "ResponseHeaders": {
        "Cache-Control": "no-cache",
        "Content-Length": "22",
        "Content-Type": "application/json; charset=utf-8",
        "Date": "Wed, 22 Nov 2023 14:06:10 GMT",
        "Expires": "-1",
        "Pragma": "no-cache",
        "Server": [
          "Microsoft-HTTPAPI/2.0",
          "Microsoft-HTTPAPI/2.0"
        ],
        "Strict-Transport-Security": "max-age=31536000; includeSubDomains",
        "X-Content-Type-Options": "nosniff",
        "x-ms-arm-service-request-id": "0dbc21f1-e9ce-4411-bf94-047d21bbd51c",
        "x-ms-client-request-id": "4ea93aee0950c88eb72ebfb0bec71a91",
        "x-ms-correlation-request-id": "a61e8b86-558d-4da9-829c-a4b89a0c0098",
        "x-ms-ratelimit-remaining-subscription-reads": "11998",
        "x-ms-request-id": "577e8e8f-6063-4898-b296-0d3ef63bd536",
        "x-ms-routing-request-id": "SOUTHAFRICANORTH:20231122T140610Z:a61e8b86-558d-4da9-829c-a4b89a0c0098"
      },
      "ResponseBody": {
        "status": "Succeeded"
      }
    },
    {
      "RequestUri": "https://management.azure.com/subscriptions/1c835c29-68e9-40a7-8455-842925d04908/resourceGroups/Default-Nginx-9580/providers/Microsoft.Network/publicIPAddresses/testPublicIP-1456?api-version=**",
      "RequestMethod": "GET",
      "RequestHeaders": {
        "Authorization": "Sanitized",
        "traceparent": "00-6904c164b88240a7a10eff368ddf2e23-31429dcc8152eef5-00",
        "User-Agent": "azsdk-net-ResourceManager/1.9.0 (.NET 7.0.14; Microsoft Windows 10.0.22635)",
        "x-ms-client-request-id": "10efd277525ca3e59e33ca9e3b991c55",
        "x-ms-return-client-request-id": "true"
      },
      "RequestBody": null,
      "StatusCode": 200,
      "ResponseHeaders": {
        "Cache-Control": "no-cache",
        "Content-Length": "646",
        "Content-Type": "application/json; charset=utf-8",
        "Date": "Wed, 22 Nov 2023 14:06:11 GMT",
        "ETag": "W/\u00229f3f0110-923e-4728-9c0c-e67acdd59714\u0022",
        "Expires": "-1",
        "Pragma": "no-cache",
        "Server": [
          "Microsoft-HTTPAPI/2.0",
          "Microsoft-HTTPAPI/2.0"
        ],
        "Strict-Transport-Security": "max-age=31536000; includeSubDomains",
        "X-Content-Type-Options": "nosniff",
        "x-ms-arm-service-request-id": "3cc25d4d-6bf9-4f42-8241-51f7c43dc76c",
        "x-ms-client-request-id": "10efd277525ca3e59e33ca9e3b991c55",
        "x-ms-correlation-request-id": "979287fe-066e-483f-acf3-b85e63ef14bc",
        "x-ms-ratelimit-remaining-subscription-reads": "11997",
        "x-ms-request-id": "80eaae3f-ddf8-47f9-80d1-acaf3b0c053d",
        "x-ms-routing-request-id": "SOUTHAFRICANORTH:20231122T140611Z:979287fe-066e-483f-acf3-b85e63ef14bc"
      },
      "ResponseBody": {
        "name": "testPublicIP-1456",
        "id": "/subscriptions/1c835c29-68e9-40a7-8455-842925d04908/resourceGroups/Default-Nginx-9580/providers/Microsoft.Network/publicIPAddresses/testPublicIP-1456",
        "etag": "W/\u00229f3f0110-923e-4728-9c0c-e67acdd59714\u0022",
        "location": "westcentralus",
        "properties": {
          "provisioningState": "Succeeded",
          "resourceGuid": "1fd66b8e-7747-488f-9299-2bfe51b702c0",
          "ipAddress": "4.255.178.31",
          "publicIPAddressVersion": "IPv4",
          "publicIPAllocationMethod": "Static",
          "idleTimeoutInMinutes": 4,
          "ipTags": [],
          "ddosSettings": {
            "protectionMode": "VirtualNetworkInherited"
          }
        },
        "type": "Microsoft.Network/publicIPAddresses",
        "sku": {
          "name": "Standard",
          "tier": "Regional"
        }
      }
    },
    {
      "RequestUri": "https://management.azure.com/subscriptions/1c835c29-68e9-40a7-8455-842925d04908/resourceGroups/Default-Nginx-9580/providers/Microsoft.Network/networkSecurityGroups/testNSG-4991?api-version=**",
      "RequestMethod": "PUT",
      "RequestHeaders": {
        "Accept": "application/json",
        "Authorization": "Sanitized",
        "Content-Length": "642",
        "Content-Type": "application/json",
        "traceparent": "00-d22e5fb25e6f5ea105da764f7490c77a-1a1b29df443e7ad0-00",
        "User-Agent": "azsdk-net-ResourceManager.Network/1.5.0 (.NET 7.0.14; Microsoft Windows 10.0.22635)",
        "x-ms-client-request-id": "cf8f82f0a1d0bf953e1bc66729b4c13d",
        "x-ms-return-client-request-id": "true"
      },
      "RequestBody": {
        "location": "westcentralus",
        "properties": {
          "securityRules": [
            {
              "name": "http",
              "properties": {
                "protocol": "*",
                "sourcePortRange": "*",
                "sourceAddressPrefix": "*",
                "destinationAddressPrefix": "*",
                "destinationPortRanges": [
                  "80"
                ],
                "access": "Allow",
                "priority": 100,
                "direction": "Inbound"
              }
            },
            {
              "name": "NRMS-Rule-103",
              "properties": {
                "description": "Created by Azure Core Security managed policy, rule can be deleted but do not change source ips, please see aka.ms/cainsgpolicy",
                "protocol": "*",
                "sourcePortRange": "*",
                "destinationPortRange": "*",
                "sourceAddressPrefix": "CorpNetPublic",
                "destinationAddressPrefix": "*",
                "access": "Allow",
                "priority": 103,
                "direction": "Inbound"
              }
            }
          ]
        }
      },
      "StatusCode": 201,
      "ResponseHeaders": {
        "Azure-AsyncNotification": "Enabled",
        "Azure-AsyncOperation": "https://management.azure.com/subscriptions/1c835c29-68e9-40a7-8455-842925d04908/providers/Microsoft.Network/locations/westcentralus/operations/6c2a2f0b-7761-4c90-8a45-8ffd715f4901?api-version=2023-05-01",
        "Cache-Control": "no-cache",
        "Content-Length": "6369",
        "Content-Type": "application/json; charset=utf-8",
        "Date": "Wed, 22 Nov 2023 14:06:13 GMT",
        "Expires": "-1",
        "Pragma": "no-cache",
        "Retry-After": "1",
        "Server": [
          "Microsoft-HTTPAPI/2.0",
          "Microsoft-HTTPAPI/2.0"
        ],
        "Strict-Transport-Security": "max-age=31536000; includeSubDomains",
        "X-Content-Type-Options": "nosniff",
        "x-ms-arm-service-request-id": "59d0751c-ada1-4cc0-9f3e-fef77f8feea7",
        "x-ms-client-request-id": "cf8f82f0a1d0bf953e1bc66729b4c13d",
        "x-ms-correlation-request-id": "927b6be7-946a-43c9-97a0-5b793562cd70",
        "x-ms-ratelimit-remaining-subscription-writes": "1197",
        "x-ms-request-id": "6c2a2f0b-7761-4c90-8a45-8ffd715f4901",
        "x-ms-routing-request-id": "SOUTHAFRICANORTH:20231122T140613Z:927b6be7-946a-43c9-97a0-5b793562cd70"
      },
      "ResponseBody": {
        "name": "testNSG-4991",
        "id": "/subscriptions/1c835c29-68e9-40a7-8455-842925d04908/resourceGroups/Default-Nginx-9580/providers/Microsoft.Network/networkSecurityGroups/testNSG-4991",
        "etag": "W/\u002202aa3f13-68cd-425f-9fe4-9bd7e8b2ff3e\u0022",
        "type": "Microsoft.Network/networkSecurityGroups",
        "location": "westcentralus",
        "properties": {
          "provisioningState": "Updating",
          "resourceGuid": "29ffb5a0-adc3-4eca-85c7-642800f9238a",
          "securityRules": [
            {
              "name": "http",
              "id": "/subscriptions/1c835c29-68e9-40a7-8455-842925d04908/resourceGroups/Default-Nginx-9580/providers/Microsoft.Network/networkSecurityGroups/testNSG-4991/securityRules/http",
              "etag": "W/\u002202aa3f13-68cd-425f-9fe4-9bd7e8b2ff3e\u0022",
              "type": "Microsoft.Network/networkSecurityGroups/securityRules",
              "properties": {
                "provisioningState": "Updating",
                "protocol": "*",
                "sourcePortRange": "*",
                "sourceAddressPrefix": "*",
                "destinationAddressPrefix": "*",
                "access": "Allow",
                "priority": 100,
                "direction": "Inbound",
                "sourcePortRanges": [],
                "destinationPortRanges": [
                  "80"
                ],
                "sourceAddressPrefixes": [],
                "destinationAddressPrefixes": []
              }
            },
            {
              "name": "NRMS-Rule-103",
              "id": "/subscriptions/1c835c29-68e9-40a7-8455-842925d04908/resourceGroups/Default-Nginx-9580/providers/Microsoft.Network/networkSecurityGroups/testNSG-4991/securityRules/NRMS-Rule-103",
              "etag": "W/\u002202aa3f13-68cd-425f-9fe4-9bd7e8b2ff3e\u0022",
              "type": "Microsoft.Network/networkSecurityGroups/securityRules",
              "properties": {
                "provisioningState": "Updating",
                "description": "Created by Azure Core Security managed policy, rule can be deleted but do not change source ips, please see aka.ms/cainsgpolicy",
                "protocol": "*",
                "sourcePortRange": "*",
                "destinationPortRange": "*",
                "sourceAddressPrefix": "CorpNetPublic",
                "destinationAddressPrefix": "*",
                "access": "Allow",
                "priority": 103,
                "direction": "Inbound",
                "sourcePortRanges": [],
                "destinationPortRanges": [],
                "sourceAddressPrefixes": [],
                "destinationAddressPrefixes": []
              }
            }
          ],
          "defaultSecurityRules": [
            {
              "name": "AllowVnetInBound",
              "id": "/subscriptions/1c835c29-68e9-40a7-8455-842925d04908/resourceGroups/Default-Nginx-9580/providers/Microsoft.Network/networkSecurityGroups/testNSG-4991/defaultSecurityRules/AllowVnetInBound",
              "etag": "W/\u002202aa3f13-68cd-425f-9fe4-9bd7e8b2ff3e\u0022",
              "type": "Microsoft.Network/networkSecurityGroups/defaultSecurityRules",
              "properties": {
                "provisioningState": "Updating",
                "description": "Allow inbound traffic from all VMs in VNET",
                "protocol": "*",
                "sourcePortRange": "*",
                "destinationPortRange": "*",
                "sourceAddressPrefix": "VirtualNetwork",
                "destinationAddressPrefix": "VirtualNetwork",
                "access": "Allow",
                "priority": 65000,
                "direction": "Inbound",
                "sourcePortRanges": [],
                "destinationPortRanges": [],
                "sourceAddressPrefixes": [],
                "destinationAddressPrefixes": []
              }
            },
            {
              "name": "AllowAzureLoadBalancerInBound",
              "id": "/subscriptions/1c835c29-68e9-40a7-8455-842925d04908/resourceGroups/Default-Nginx-9580/providers/Microsoft.Network/networkSecurityGroups/testNSG-4991/defaultSecurityRules/AllowAzureLoadBalancerInBound",
              "etag": "W/\u002202aa3f13-68cd-425f-9fe4-9bd7e8b2ff3e\u0022",
              "type": "Microsoft.Network/networkSecurityGroups/defaultSecurityRules",
              "properties": {
                "provisioningState": "Updating",
                "description": "Allow inbound traffic from azure load balancer",
                "protocol": "*",
                "sourcePortRange": "*",
                "destinationPortRange": "*",
                "sourceAddressPrefix": "AzureLoadBalancer",
                "destinationAddressPrefix": "*",
                "access": "Allow",
                "priority": 65001,
                "direction": "Inbound",
                "sourcePortRanges": [],
                "destinationPortRanges": [],
                "sourceAddressPrefixes": [],
                "destinationAddressPrefixes": []
              }
            },
            {
              "name": "DenyAllInBound",
              "id": "/subscriptions/1c835c29-68e9-40a7-8455-842925d04908/resourceGroups/Default-Nginx-9580/providers/Microsoft.Network/networkSecurityGroups/testNSG-4991/defaultSecurityRules/DenyAllInBound",
              "etag": "W/\u002202aa3f13-68cd-425f-9fe4-9bd7e8b2ff3e\u0022",
              "type": "Microsoft.Network/networkSecurityGroups/defaultSecurityRules",
              "properties": {
                "provisioningState": "Updating",
                "description": "Deny all inbound traffic",
                "protocol": "*",
                "sourcePortRange": "*",
                "destinationPortRange": "*",
                "sourceAddressPrefix": "*",
                "destinationAddressPrefix": "*",
                "access": "Deny",
                "priority": 65500,
                "direction": "Inbound",
                "sourcePortRanges": [],
                "destinationPortRanges": [],
                "sourceAddressPrefixes": [],
                "destinationAddressPrefixes": []
              }
            },
            {
              "name": "AllowVnetOutBound",
              "id": "/subscriptions/1c835c29-68e9-40a7-8455-842925d04908/resourceGroups/Default-Nginx-9580/providers/Microsoft.Network/networkSecurityGroups/testNSG-4991/defaultSecurityRules/AllowVnetOutBound",
              "etag": "W/\u002202aa3f13-68cd-425f-9fe4-9bd7e8b2ff3e\u0022",
              "type": "Microsoft.Network/networkSecurityGroups/defaultSecurityRules",
              "properties": {
                "provisioningState": "Updating",
                "description": "Allow outbound traffic from all VMs to all VMs in VNET",
                "protocol": "*",
                "sourcePortRange": "*",
                "destinationPortRange": "*",
                "sourceAddressPrefix": "VirtualNetwork",
                "destinationAddressPrefix": "VirtualNetwork",
                "access": "Allow",
                "priority": 65000,
                "direction": "Outbound",
                "sourcePortRanges": [],
                "destinationPortRanges": [],
                "sourceAddressPrefixes": [],
                "destinationAddressPrefixes": []
              }
            },
            {
              "name": "AllowInternetOutBound",
              "id": "/subscriptions/1c835c29-68e9-40a7-8455-842925d04908/resourceGroups/Default-Nginx-9580/providers/Microsoft.Network/networkSecurityGroups/testNSG-4991/defaultSecurityRules/AllowInternetOutBound",
              "etag": "W/\u002202aa3f13-68cd-425f-9fe4-9bd7e8b2ff3e\u0022",
              "type": "Microsoft.Network/networkSecurityGroups/defaultSecurityRules",
              "properties": {
                "provisioningState": "Updating",
                "description": "Allow outbound traffic from all VMs to Internet",
                "protocol": "*",
                "sourcePortRange": "*",
                "destinationPortRange": "*",
                "sourceAddressPrefix": "*",
                "destinationAddressPrefix": "Internet",
                "access": "Allow",
                "priority": 65001,
                "direction": "Outbound",
                "sourcePortRanges": [],
                "destinationPortRanges": [],
                "sourceAddressPrefixes": [],
                "destinationAddressPrefixes": []
              }
            },
            {
              "name": "DenyAllOutBound",
              "id": "/subscriptions/1c835c29-68e9-40a7-8455-842925d04908/resourceGroups/Default-Nginx-9580/providers/Microsoft.Network/networkSecurityGroups/testNSG-4991/defaultSecurityRules/DenyAllOutBound",
              "etag": "W/\u002202aa3f13-68cd-425f-9fe4-9bd7e8b2ff3e\u0022",
              "type": "Microsoft.Network/networkSecurityGroups/defaultSecurityRules",
              "properties": {
                "provisioningState": "Updating",
                "description": "Deny all outbound traffic",
                "protocol": "*",
                "sourcePortRange": "*",
                "destinationPortRange": "*",
                "sourceAddressPrefix": "*",
                "destinationAddressPrefix": "*",
                "access": "Deny",
                "priority": 65500,
                "direction": "Outbound",
                "sourcePortRanges": [],
                "destinationPortRanges": [],
                "sourceAddressPrefixes": [],
                "destinationAddressPrefixes": []
              }
            }
          ]
        }
      }
    },
    {
      "RequestUri": "https://management.azure.com/subscriptions/1c835c29-68e9-40a7-8455-842925d04908/providers/Microsoft.Network/locations/westcentralus/operations/6c2a2f0b-7761-4c90-8a45-8ffd715f4901?api-version=**",
      "RequestMethod": "GET",
      "RequestHeaders": {
        "Authorization": "Sanitized",
        "traceparent": "00-d22e5fb25e6f5ea105da764f7490c77a-7ef65c70d70adfe9-00",
        "User-Agent": "azsdk-net-ResourceManager/1.9.0 (.NET 7.0.14; Microsoft Windows 10.0.22635)",
        "x-ms-client-request-id": "44ce6f69c28b30a65a501d371f3c757f",
        "x-ms-return-client-request-id": "true"
      },
      "RequestBody": null,
      "StatusCode": 200,
      "ResponseHeaders": {
        "Cache-Control": "no-cache",
        "Content-Length": "22",
        "Content-Type": "application/json; charset=utf-8",
        "Date": "Wed, 22 Nov 2023 14:06:13 GMT",
        "Expires": "-1",
        "Pragma": "no-cache",
        "Server": [
          "Microsoft-HTTPAPI/2.0",
          "Microsoft-HTTPAPI/2.0"
        ],
        "Strict-Transport-Security": "max-age=31536000; includeSubDomains",
        "X-Content-Type-Options": "nosniff",
        "x-ms-arm-service-request-id": "f2aac5fd-08fe-4bad-a57e-e9d9c1d28a63",
        "x-ms-client-request-id": "44ce6f69c28b30a65a501d371f3c757f",
        "x-ms-correlation-request-id": "519ddcce-8c16-4745-808d-010d9337d349",
        "x-ms-ratelimit-remaining-subscription-reads": "11996",
        "x-ms-request-id": "3a03fad5-f85a-4c78-a1e9-1563e15a5a50",
        "x-ms-routing-request-id": "SOUTHAFRICANORTH:20231122T140614Z:519ddcce-8c16-4745-808d-010d9337d349"
      },
      "ResponseBody": {
        "status": "Succeeded"
      }
    },
    {
      "RequestUri": "https://management.azure.com/subscriptions/1c835c29-68e9-40a7-8455-842925d04908/resourceGroups/Default-Nginx-9580/providers/Microsoft.Network/networkSecurityGroups/testNSG-4991?api-version=**",
      "RequestMethod": "GET",
      "RequestHeaders": {
        "Authorization": "Sanitized",
        "traceparent": "00-d22e5fb25e6f5ea105da764f7490c77a-9ec27c4371634459-00",
        "User-Agent": "azsdk-net-ResourceManager/1.9.0 (.NET 7.0.14; Microsoft Windows 10.0.22635)",
        "x-ms-client-request-id": "de0e6008021b0392e63ac9218455cfb1",
        "x-ms-return-client-request-id": "true"
      },
      "RequestBody": null,
      "StatusCode": 200,
      "ResponseHeaders": {
        "Cache-Control": "no-cache",
        "Content-Length": "6378",
        "Content-Type": "application/json; charset=utf-8",
        "Date": "Wed, 22 Nov 2023 14:06:14 GMT",
        "ETag": "W/\u00226f5936b7-8c3d-4782-b7b5-c8b8c4bdb1d9\u0022",
        "Expires": "-1",
        "Pragma": "no-cache",
        "Server": [
          "Microsoft-HTTPAPI/2.0",
          "Microsoft-HTTPAPI/2.0"
        ],
        "Strict-Transport-Security": "max-age=31536000; includeSubDomains",
        "X-Content-Type-Options": "nosniff",
        "x-ms-arm-service-request-id": "b4821f11-2782-43f6-b63d-2d6f39946b45",
        "x-ms-client-request-id": "de0e6008021b0392e63ac9218455cfb1",
        "x-ms-correlation-request-id": "40f82eb3-82a8-4172-bc3c-1cdd4b297d82",
        "x-ms-ratelimit-remaining-subscription-reads": "11995",
        "x-ms-request-id": "91625eb6-260b-4624-a137-1d70d3ff0f64",
        "x-ms-routing-request-id": "SOUTHAFRICANORTH:20231122T140614Z:40f82eb3-82a8-4172-bc3c-1cdd4b297d82"
      },
      "ResponseBody": {
        "name": "testNSG-4991",
        "id": "/subscriptions/1c835c29-68e9-40a7-8455-842925d04908/resourceGroups/Default-Nginx-9580/providers/Microsoft.Network/networkSecurityGroups/testNSG-4991",
        "etag": "W/\u00226f5936b7-8c3d-4782-b7b5-c8b8c4bdb1d9\u0022",
        "type": "Microsoft.Network/networkSecurityGroups",
        "location": "westcentralus",
        "properties": {
          "provisioningState": "Succeeded",
          "resourceGuid": "29ffb5a0-adc3-4eca-85c7-642800f9238a",
          "securityRules": [
            {
              "name": "http",
              "id": "/subscriptions/1c835c29-68e9-40a7-8455-842925d04908/resourceGroups/Default-Nginx-9580/providers/Microsoft.Network/networkSecurityGroups/testNSG-4991/securityRules/http",
              "etag": "W/\u00226f5936b7-8c3d-4782-b7b5-c8b8c4bdb1d9\u0022",
              "type": "Microsoft.Network/networkSecurityGroups/securityRules",
              "properties": {
                "provisioningState": "Succeeded",
                "protocol": "*",
                "sourcePortRange": "*",
                "sourceAddressPrefix": "*",
                "destinationAddressPrefix": "*",
                "access": "Allow",
                "priority": 100,
                "direction": "Inbound",
                "sourcePortRanges": [],
                "destinationPortRanges": [
                  "80"
                ],
                "sourceAddressPrefixes": [],
                "destinationAddressPrefixes": []
              }
            },
            {
              "name": "NRMS-Rule-103",
              "id": "/subscriptions/1c835c29-68e9-40a7-8455-842925d04908/resourceGroups/Default-Nginx-9580/providers/Microsoft.Network/networkSecurityGroups/testNSG-4991/securityRules/NRMS-Rule-103",
              "etag": "W/\u00226f5936b7-8c3d-4782-b7b5-c8b8c4bdb1d9\u0022",
              "type": "Microsoft.Network/networkSecurityGroups/securityRules",
              "properties": {
                "provisioningState": "Succeeded",
                "description": "Created by Azure Core Security managed policy, rule can be deleted but do not change source ips, please see aka.ms/cainsgpolicy",
                "protocol": "*",
                "sourcePortRange": "*",
                "destinationPortRange": "*",
                "sourceAddressPrefix": "CorpNetPublic",
                "destinationAddressPrefix": "*",
                "access": "Allow",
                "priority": 103,
                "direction": "Inbound",
                "sourcePortRanges": [],
                "destinationPortRanges": [],
                "sourceAddressPrefixes": [],
                "destinationAddressPrefixes": []
              }
            }
          ],
          "defaultSecurityRules": [
            {
              "name": "AllowVnetInBound",
              "id": "/subscriptions/1c835c29-68e9-40a7-8455-842925d04908/resourceGroups/Default-Nginx-9580/providers/Microsoft.Network/networkSecurityGroups/testNSG-4991/defaultSecurityRules/AllowVnetInBound",
              "etag": "W/\u00226f5936b7-8c3d-4782-b7b5-c8b8c4bdb1d9\u0022",
              "type": "Microsoft.Network/networkSecurityGroups/defaultSecurityRules",
              "properties": {
                "provisioningState": "Succeeded",
                "description": "Allow inbound traffic from all VMs in VNET",
                "protocol": "*",
                "sourcePortRange": "*",
                "destinationPortRange": "*",
                "sourceAddressPrefix": "VirtualNetwork",
                "destinationAddressPrefix": "VirtualNetwork",
                "access": "Allow",
                "priority": 65000,
                "direction": "Inbound",
                "sourcePortRanges": [],
                "destinationPortRanges": [],
                "sourceAddressPrefixes": [],
                "destinationAddressPrefixes": []
              }
            },
            {
              "name": "AllowAzureLoadBalancerInBound",
              "id": "/subscriptions/1c835c29-68e9-40a7-8455-842925d04908/resourceGroups/Default-Nginx-9580/providers/Microsoft.Network/networkSecurityGroups/testNSG-4991/defaultSecurityRules/AllowAzureLoadBalancerInBound",
              "etag": "W/\u00226f5936b7-8c3d-4782-b7b5-c8b8c4bdb1d9\u0022",
              "type": "Microsoft.Network/networkSecurityGroups/defaultSecurityRules",
              "properties": {
                "provisioningState": "Succeeded",
                "description": "Allow inbound traffic from azure load balancer",
                "protocol": "*",
                "sourcePortRange": "*",
                "destinationPortRange": "*",
                "sourceAddressPrefix": "AzureLoadBalancer",
                "destinationAddressPrefix": "*",
                "access": "Allow",
                "priority": 65001,
                "direction": "Inbound",
                "sourcePortRanges": [],
                "destinationPortRanges": [],
                "sourceAddressPrefixes": [],
                "destinationAddressPrefixes": []
              }
            },
            {
              "name": "DenyAllInBound",
              "id": "/subscriptions/1c835c29-68e9-40a7-8455-842925d04908/resourceGroups/Default-Nginx-9580/providers/Microsoft.Network/networkSecurityGroups/testNSG-4991/defaultSecurityRules/DenyAllInBound",
              "etag": "W/\u00226f5936b7-8c3d-4782-b7b5-c8b8c4bdb1d9\u0022",
              "type": "Microsoft.Network/networkSecurityGroups/defaultSecurityRules",
              "properties": {
                "provisioningState": "Succeeded",
                "description": "Deny all inbound traffic",
                "protocol": "*",
                "sourcePortRange": "*",
                "destinationPortRange": "*",
                "sourceAddressPrefix": "*",
                "destinationAddressPrefix": "*",
                "access": "Deny",
                "priority": 65500,
                "direction": "Inbound",
                "sourcePortRanges": [],
                "destinationPortRanges": [],
                "sourceAddressPrefixes": [],
                "destinationAddressPrefixes": []
              }
            },
            {
              "name": "AllowVnetOutBound",
              "id": "/subscriptions/1c835c29-68e9-40a7-8455-842925d04908/resourceGroups/Default-Nginx-9580/providers/Microsoft.Network/networkSecurityGroups/testNSG-4991/defaultSecurityRules/AllowVnetOutBound",
              "etag": "W/\u00226f5936b7-8c3d-4782-b7b5-c8b8c4bdb1d9\u0022",
              "type": "Microsoft.Network/networkSecurityGroups/defaultSecurityRules",
              "properties": {
                "provisioningState": "Succeeded",
                "description": "Allow outbound traffic from all VMs to all VMs in VNET",
                "protocol": "*",
                "sourcePortRange": "*",
                "destinationPortRange": "*",
                "sourceAddressPrefix": "VirtualNetwork",
                "destinationAddressPrefix": "VirtualNetwork",
                "access": "Allow",
                "priority": 65000,
                "direction": "Outbound",
                "sourcePortRanges": [],
                "destinationPortRanges": [],
                "sourceAddressPrefixes": [],
                "destinationAddressPrefixes": []
              }
            },
            {
              "name": "AllowInternetOutBound",
              "id": "/subscriptions/1c835c29-68e9-40a7-8455-842925d04908/resourceGroups/Default-Nginx-9580/providers/Microsoft.Network/networkSecurityGroups/testNSG-4991/defaultSecurityRules/AllowInternetOutBound",
              "etag": "W/\u00226f5936b7-8c3d-4782-b7b5-c8b8c4bdb1d9\u0022",
              "type": "Microsoft.Network/networkSecurityGroups/defaultSecurityRules",
              "properties": {
                "provisioningState": "Succeeded",
                "description": "Allow outbound traffic from all VMs to Internet",
                "protocol": "*",
                "sourcePortRange": "*",
                "destinationPortRange": "*",
                "sourceAddressPrefix": "*",
                "destinationAddressPrefix": "Internet",
                "access": "Allow",
                "priority": 65001,
                "direction": "Outbound",
                "sourcePortRanges": [],
                "destinationPortRanges": [],
                "sourceAddressPrefixes": [],
                "destinationAddressPrefixes": []
              }
            },
            {
              "name": "DenyAllOutBound",
              "id": "/subscriptions/1c835c29-68e9-40a7-8455-842925d04908/resourceGroups/Default-Nginx-9580/providers/Microsoft.Network/networkSecurityGroups/testNSG-4991/defaultSecurityRules/DenyAllOutBound",
              "etag": "W/\u00226f5936b7-8c3d-4782-b7b5-c8b8c4bdb1d9\u0022",
              "type": "Microsoft.Network/networkSecurityGroups/defaultSecurityRules",
              "properties": {
                "provisioningState": "Succeeded",
                "description": "Deny all outbound traffic",
                "protocol": "*",
                "sourcePortRange": "*",
                "destinationPortRange": "*",
                "sourceAddressPrefix": "*",
                "destinationAddressPrefix": "*",
                "access": "Deny",
                "priority": 65500,
                "direction": "Outbound",
                "sourcePortRanges": [],
                "destinationPortRanges": [],
                "sourceAddressPrefixes": [],
                "destinationAddressPrefixes": []
              }
            }
          ]
        }
      }
    },
    {
      "RequestUri": "https://management.azure.com/subscriptions/1c835c29-68e9-40a7-8455-842925d04908/resourceGroups/Default-Nginx-9580/providers/Microsoft.Network/virtualNetworks/testVNet-4592?api-version=**",
      "RequestMethod": "PUT",
      "RequestHeaders": {
        "Accept": "application/json",
        "Authorization": "Sanitized",
        "Content-Length": "1887",
        "Content-Type": "application/json",
        "traceparent": "00-187d1f6a444fde200d3169e44f90ecad-804aa7110e57580c-00",
        "User-Agent": "azsdk-net-ResourceManager.Network/1.5.0 (.NET 7.0.14; Microsoft Windows 10.0.22635)",
        "x-ms-client-request-id": "7ce6b9fd6ab2cf14f75dce6435ca3a9d",
        "x-ms-return-client-request-id": "true"
      },
      "RequestBody": {
        "location": "westcentralus",
        "properties": {
          "addressSpace": {
            "addressPrefixes": [
              "10.0.0.0/16"
            ]
          },
          "subnets": [
            {
              "name": "testSubnet-3354",
              "properties": {
                "addressPrefix": "10.0.2.0/24",
                "networkSecurityGroup": {
                  "id": "/subscriptions/1c835c29-68e9-40a7-8455-842925d04908/resourceGroups/Default-Nginx-9580/providers/Microsoft.Network/networkSecurityGroups/testNSG-4991",
                  "location": "westcentralus",
                  "properties": {
                    "securityRules": [
                      {
                        "id": "/subscriptions/1c835c29-68e9-40a7-8455-842925d04908/resourceGroups/Default-Nginx-9580/providers/Microsoft.Network/networkSecurityGroups/testNSG-4991/securityRules/http",
                        "name": "http",
                        "type": "Microsoft.Network/networkSecurityGroups/securityRules",
                        "properties": {
                          "protocol": "*",
                          "sourcePortRange": "*",
                          "sourceAddressPrefix": "*",
                          "sourceAddressPrefixes": [],
                          "destinationAddressPrefix": "*",
                          "destinationAddressPrefixes": [],
                          "sourcePortRanges": [],
                          "destinationPortRanges": [
                            "80"
                          ],
                          "access": "Allow",
                          "priority": 100,
                          "direction": "Inbound"
                        }
                      },
                      {
                        "id": "/subscriptions/1c835c29-68e9-40a7-8455-842925d04908/resourceGroups/Default-Nginx-9580/providers/Microsoft.Network/networkSecurityGroups/testNSG-4991/securityRules/NRMS-Rule-103",
                        "name": "NRMS-Rule-103",
                        "type": "Microsoft.Network/networkSecurityGroups/securityRules",
                        "properties": {
                          "description": "Created by Azure Core Security managed policy, rule can be deleted but do not change source ips, please see aka.ms/cainsgpolicy",
                          "protocol": "*",
                          "sourcePortRange": "*",
                          "destinationPortRange": "*",
                          "sourceAddressPrefix": "CorpNetPublic",
                          "sourceAddressPrefixes": [],
                          "destinationAddressPrefix": "*",
                          "destinationAddressPrefixes": [],
                          "sourcePortRanges": [],
                          "destinationPortRanges": [],
                          "access": "Allow",
                          "priority": 103,
                          "direction": "Inbound"
                        }
                      }
                    ]
                  }
                },
                "delegations": [
                  {
                    "name": "NGINX.NGINXPLUS/nginxDeployments",
                    "properties": {
                      "serviceName": "NGINX.NGINXPLUS/nginxDeployments"
                    }
                  }
                ],
                "privateEndpointNetworkPolicies": "Enabled",
                "privateLinkServiceNetworkPolicies": "Enabled"
              }
            }
          ]
        }
      },
      "StatusCode": 201,
      "ResponseHeaders": {
        "Azure-AsyncNotification": "Enabled",
        "Azure-AsyncOperation": "https://management.azure.com/subscriptions/1c835c29-68e9-40a7-8455-842925d04908/providers/Microsoft.Network/locations/westcentralus/operations/128e6d36-250a-48a0-8ca5-96df6b8dd55b?api-version=2023-05-01",
        "Cache-Control": "no-cache",
        "Content-Length": "1727",
        "Content-Type": "application/json; charset=utf-8",
        "Date": "Wed, 22 Nov 2023 14:06:16 GMT",
        "Expires": "-1",
        "Pragma": "no-cache",
        "Retry-After": "3",
        "Server": [
          "Microsoft-HTTPAPI/2.0",
          "Microsoft-HTTPAPI/2.0"
        ],
        "Strict-Transport-Security": "max-age=31536000; includeSubDomains",
        "X-Content-Type-Options": "nosniff",
        "x-ms-arm-service-request-id": "3c26bd22-32b0-4735-8289-ad9852477262",
        "x-ms-client-request-id": "7ce6b9fd6ab2cf14f75dce6435ca3a9d",
        "x-ms-correlation-request-id": "d108ad1a-5f04-43ee-bd7d-74b6d3fe6b92",
        "x-ms-ratelimit-remaining-subscription-writes": "1196",
        "x-ms-request-id": "128e6d36-250a-48a0-8ca5-96df6b8dd55b",
        "x-ms-routing-request-id": "SOUTHAFRICANORTH:20231122T140617Z:d108ad1a-5f04-43ee-bd7d-74b6d3fe6b92"
      },
      "ResponseBody": {
        "name": "testVNet-4592",
        "id": "/subscriptions/1c835c29-68e9-40a7-8455-842925d04908/resourceGroups/Default-Nginx-9580/providers/Microsoft.Network/virtualNetworks/testVNet-4592",
        "etag": "W/\u0022e48826b7-ea05-4fcd-bf3f-5614ae5e68be\u0022",
        "type": "Microsoft.Network/virtualNetworks",
        "location": "westcentralus",
        "properties": {
          "provisioningState": "Updating",
          "resourceGuid": "f3ca5821-8654-4084-bf31-f2ada37fea62",
          "addressSpace": {
            "addressPrefixes": [
              "10.0.0.0/16"
            ]
          },
          "subnets": [
            {
              "name": "testSubnet-3354",
              "id": "/subscriptions/1c835c29-68e9-40a7-8455-842925d04908/resourceGroups/Default-Nginx-9580/providers/Microsoft.Network/virtualNetworks/testVNet-4592/subnets/testSubnet-3354",
              "etag": "W/\u0022e48826b7-ea05-4fcd-bf3f-5614ae5e68be\u0022",
              "properties": {
                "provisioningState": "Updating",
                "addressPrefix": "10.0.2.0/24",
                "networkSecurityGroup": {
                  "id": "/subscriptions/1c835c29-68e9-40a7-8455-842925d04908/resourceGroups/Default-Nginx-9580/providers/Microsoft.Network/networkSecurityGroups/testNSG-4991"
                },
                "delegations": [
                  {
                    "name": "NGINX.NGINXPLUS/nginxDeployments",
                    "id": "/subscriptions/1c835c29-68e9-40a7-8455-842925d04908/resourceGroups/Default-Nginx-9580/providers/Microsoft.Network/virtualNetworks/testVNet-4592/subnets/testSubnet-3354/delegations/NGINX.NGINXPLUS/nginxDeployments",
                    "etag": "W/\u0022e48826b7-ea05-4fcd-bf3f-5614ae5e68be\u0022",
                    "properties": {
                      "provisioningState": "Succeeded",
                      "serviceName": "NGINX.NGINXPLUS/nginxDeployments",
                      "actions": [
                        "Microsoft.Network/virtualNetworks/subnets/join/action"
                      ]
                    },
                    "type": "Microsoft.Network/virtualNetworks/subnets/delegations"
                  }
                ],
                "privateEndpointNetworkPolicies": "Enabled",
                "privateLinkServiceNetworkPolicies": "Enabled"
              },
              "type": "Microsoft.Network/virtualNetworks/subnets"
            }
          ],
          "virtualNetworkPeerings": [],
          "enableDdosProtection": false
        }
      }
    },
    {
      "RequestUri": "https://management.azure.com/subscriptions/1c835c29-68e9-40a7-8455-842925d04908/providers/Microsoft.Network/locations/westcentralus/operations/128e6d36-250a-48a0-8ca5-96df6b8dd55b?api-version=**",
      "RequestMethod": "GET",
      "RequestHeaders": {
        "Authorization": "Sanitized",
        "traceparent": "00-187d1f6a444fde200d3169e44f90ecad-8fb98ae66ab80130-00",
        "User-Agent": "azsdk-net-ResourceManager/1.9.0 (.NET 7.0.14; Microsoft Windows 10.0.22635)",
        "x-ms-client-request-id": "bb3e6b3a8c99a4aec94b0b34358204ff",
        "x-ms-return-client-request-id": "true"
      },
      "RequestBody": null,
      "StatusCode": 200,
      "ResponseHeaders": {
        "Cache-Control": "no-cache",
        "Content-Length": "23",
        "Content-Type": "application/json; charset=utf-8",
        "Date": "Wed, 22 Nov 2023 14:06:17 GMT",
        "Expires": "-1",
        "Pragma": "no-cache",
        "Retry-After": "10",
        "Server": [
          "Microsoft-HTTPAPI/2.0",
          "Microsoft-HTTPAPI/2.0"
        ],
        "Strict-Transport-Security": "max-age=31536000; includeSubDomains",
        "X-Content-Type-Options": "nosniff",
        "x-ms-arm-service-request-id": "0ce50335-ed2d-4efb-869d-4769856d88e7",
        "x-ms-client-request-id": "bb3e6b3a8c99a4aec94b0b34358204ff",
        "x-ms-correlation-request-id": "255aa8c9-a107-40d8-8833-6b0983ef1382",
        "x-ms-ratelimit-remaining-subscription-reads": "11994",
        "x-ms-request-id": "4d5eac8c-05f4-4210-9cae-32810f936232",
        "x-ms-routing-request-id": "SOUTHAFRICANORTH:20231122T140617Z:255aa8c9-a107-40d8-8833-6b0983ef1382"
      },
      "ResponseBody": {
        "status": "InProgress"
      }
    },
    {
      "RequestUri": "https://management.azure.com/subscriptions/1c835c29-68e9-40a7-8455-842925d04908/providers/Microsoft.Network/locations/westcentralus/operations/128e6d36-250a-48a0-8ca5-96df6b8dd55b?api-version=**",
      "RequestMethod": "GET",
      "RequestHeaders": {
        "Authorization": "Sanitized",
        "traceparent": "00-187d1f6a444fde200d3169e44f90ecad-0c17b23d692fd5a4-00",
        "User-Agent": "azsdk-net-ResourceManager/1.9.0 (.NET 7.0.14; Microsoft Windows 10.0.22635)",
        "x-ms-client-request-id": "3f1ee6e6bd3296bedb1b1d60718e23f2",
        "x-ms-return-client-request-id": "true"
      },
      "RequestBody": null,
      "StatusCode": 200,
      "ResponseHeaders": {
        "Cache-Control": "no-cache",
        "Content-Length": "22",
        "Content-Type": "application/json; charset=utf-8",
        "Date": "Wed, 22 Nov 2023 14:06:27 GMT",
        "Expires": "-1",
        "Pragma": "no-cache",
        "Server": [
          "Microsoft-HTTPAPI/2.0",
          "Microsoft-HTTPAPI/2.0"
        ],
        "Strict-Transport-Security": "max-age=31536000; includeSubDomains",
        "X-Content-Type-Options": "nosniff",
        "x-ms-arm-service-request-id": "5a61750f-86f3-44f1-b6cf-b23567c3a40c",
        "x-ms-client-request-id": "3f1ee6e6bd3296bedb1b1d60718e23f2",
        "x-ms-correlation-request-id": "91eb405f-dae1-4bb6-a379-bb35d3023809",
        "x-ms-ratelimit-remaining-subscription-reads": "11993",
        "x-ms-request-id": "c742833f-7820-416e-b2ca-15b821bfa5ee",
        "x-ms-routing-request-id": "SOUTHAFRICANORTH:20231122T140627Z:91eb405f-dae1-4bb6-a379-bb35d3023809"
      },
      "ResponseBody": {
        "status": "Succeeded"
      }
    },
    {
      "RequestUri": "https://management.azure.com/subscriptions/1c835c29-68e9-40a7-8455-842925d04908/resourceGroups/Default-Nginx-9580/providers/Microsoft.Network/virtualNetworks/testVNet-4592?api-version=**",
      "RequestMethod": "GET",
      "RequestHeaders": {
        "Authorization": "Sanitized",
        "traceparent": "00-187d1f6a444fde200d3169e44f90ecad-3dec84ad6252cffc-00",
        "User-Agent": "azsdk-net-ResourceManager/1.9.0 (.NET 7.0.14; Microsoft Windows 10.0.22635)",
        "x-ms-client-request-id": "ca2a61db7e8baa04e2da75a95ba894dc",
        "x-ms-return-client-request-id": "true"
      },
      "RequestBody": null,
      "StatusCode": 200,
      "ResponseHeaders": {
        "Cache-Control": "no-cache",
        "Content-Length": "1729",
        "Content-Type": "application/json; charset=utf-8",
        "Date": "Wed, 22 Nov 2023 14:06:28 GMT",
        "ETag": "W/\u00228a6c8b89-4677-417b-9027-458e4ae35e2c\u0022",
        "Expires": "-1",
        "Pragma": "no-cache",
        "Server": [
          "Microsoft-HTTPAPI/2.0",
          "Microsoft-HTTPAPI/2.0"
        ],
        "Strict-Transport-Security": "max-age=31536000; includeSubDomains",
        "X-Content-Type-Options": "nosniff",
        "x-ms-arm-service-request-id": "2c4d2f7f-e361-46ba-9bfc-4dfbb5b79821",
        "x-ms-client-request-id": "ca2a61db7e8baa04e2da75a95ba894dc",
        "x-ms-correlation-request-id": "002ad6fe-a050-4fa9-9ccc-3c6557c3df23",
        "x-ms-ratelimit-remaining-subscription-reads": "11992",
        "x-ms-request-id": "cb579ee5-d1c9-41c7-8721-f8cc208c25c1",
        "x-ms-routing-request-id": "SOUTHAFRICANORTH:20231122T140628Z:002ad6fe-a050-4fa9-9ccc-3c6557c3df23"
      },
      "ResponseBody": {
        "name": "testVNet-4592",
        "id": "/subscriptions/1c835c29-68e9-40a7-8455-842925d04908/resourceGroups/Default-Nginx-9580/providers/Microsoft.Network/virtualNetworks/testVNet-4592",
        "etag": "W/\u00228a6c8b89-4677-417b-9027-458e4ae35e2c\u0022",
        "type": "Microsoft.Network/virtualNetworks",
        "location": "westcentralus",
        "properties": {
          "provisioningState": "Succeeded",
          "resourceGuid": "f3ca5821-8654-4084-bf31-f2ada37fea62",
          "addressSpace": {
            "addressPrefixes": [
              "10.0.0.0/16"
            ]
          },
          "subnets": [
            {
              "name": "testSubnet-3354",
              "id": "/subscriptions/1c835c29-68e9-40a7-8455-842925d04908/resourceGroups/Default-Nginx-9580/providers/Microsoft.Network/virtualNetworks/testVNet-4592/subnets/testSubnet-3354",
              "etag": "W/\u00228a6c8b89-4677-417b-9027-458e4ae35e2c\u0022",
              "properties": {
                "provisioningState": "Succeeded",
                "addressPrefix": "10.0.2.0/24",
                "networkSecurityGroup": {
                  "id": "/subscriptions/1c835c29-68e9-40a7-8455-842925d04908/resourceGroups/Default-Nginx-9580/providers/Microsoft.Network/networkSecurityGroups/testNSG-4991"
                },
                "delegations": [
                  {
                    "name": "NGINX.NGINXPLUS/nginxDeployments",
                    "id": "/subscriptions/1c835c29-68e9-40a7-8455-842925d04908/resourceGroups/Default-Nginx-9580/providers/Microsoft.Network/virtualNetworks/testVNet-4592/subnets/testSubnet-3354/delegations/NGINX.NGINXPLUS/nginxDeployments",
                    "etag": "W/\u00228a6c8b89-4677-417b-9027-458e4ae35e2c\u0022",
                    "properties": {
                      "provisioningState": "Succeeded",
                      "serviceName": "NGINX.NGINXPLUS/nginxDeployments",
                      "actions": [
                        "Microsoft.Network/virtualNetworks/subnets/join/action"
                      ]
                    },
                    "type": "Microsoft.Network/virtualNetworks/subnets/delegations"
                  }
                ],
                "privateEndpointNetworkPolicies": "Enabled",
                "privateLinkServiceNetworkPolicies": "Enabled"
              },
              "type": "Microsoft.Network/virtualNetworks/subnets"
            }
          ],
          "virtualNetworkPeerings": [],
          "enableDdosProtection": false
        }
      }
    },
    {
      "RequestUri": "https://management.azure.com/subscriptions/1c835c29-68e9-40a7-8455-842925d04908/resourceGroups/Default-Nginx-9580/providers/Nginx.NginxPlus/nginxDeployments/testDeployment-3759?api-version=2023-04-01",
      "RequestMethod": "PUT",
      "RequestHeaders": {
        "Accept": "application/json",
        "Authorization": "Sanitized",
        "Content-Length": "890",
        "Content-Type": "application/json",
        "traceparent": "00-c375d53d9431a7b270de75bec01431b4-aef1b128e9142284-00",
        "User-Agent": "azsdk-net-ResourceManager.Nginx/1.0.0-alpha.20231121.1 (.NET 7.0.14; Microsoft Windows 10.0.22635)",
        "x-ms-client-request-id": "c59ff84c42e67c3aaca7df7d6e4d323b",
        "x-ms-return-client-request-id": "true"
      },
      "RequestBody": {
        "identity": {
          "type": "UserAssigned",
          "userAssignedIdentities": {
            "/subscriptions/e3853e83-0d02-4fb3-b88f-05b5fd21aee2/resourcegroups/synthetics-integration-tests/providers/Microsoft.ManagedIdentity/userAssignedIdentities/integration-tests-mi": {}
          }
        },
        "properties": {
          "networkProfile": {
            "frontEndIPConfiguration": {
              "publicIPAddresses": [
                {
                  "id": "/subscriptions/1c835c29-68e9-40a7-8455-842925d04908/resourceGroups/Default-Nginx-9580/providers/Microsoft.Network/publicIPAddresses/testPublicIP-1456"
                }
              ]
            },
            "networkInterfaceConfiguration": {
              "subnetId": "/subscriptions/1c835c29-68e9-40a7-8455-842925d04908/resourceGroups/Default-Nginx-9580/providers/Microsoft.Network/virtualNetworks/testVNet-4592/subnets/testSubnet-3354"
            }
          },
          "enableDiagnosticsSupport": true,
          "scalingProperties": {
            "capacity": 10
          },
          "userProfile": {
            "preferredEmail": "test@mail.com"
          }
        },
        "sku": {
          "name": "standard_Monthly"
        },
        "tags": {},
        "location": "westcentralus"
      },
      "StatusCode": 201,
      "ResponseHeaders": {
        "Azure-AsyncOperation": "https://management.azure.com/providers/Nginx.NginxPlus/locations/WESTCENTRALUS/operationStatuses/c6c7c7c5-127d-4eb7-a8ee-41f5dcb5610a*5F4AF69E47D878874F7D5690EDDD4DDC25F83A99077855DF1FA406DBFED45AB0?api-version=2023-04-01\u0026t=638362587973387234\u0026c=MIIHADCCBeigAwIBAgITfAQLJaXGjL3sIjyx5QAABAslpTANBgkqhkiG9w0BAQsFADBEMRMwEQYKCZImiZPyLGQBGRYDR0JMMRMwEQYKCZImiZPyLGQBGRYDQU1FMRgwFgYDVQQDEw9BTUUgSW5mcmEgQ0EgMDUwHhcNMjMxMTAxMDUzNjA0WhcNMjQxMDI2MDUzNjA0WjBAMT4wPAYDVQQDEzVhc3luY29wZXJhdGlvbnNpZ25pbmdjZXJ0aWZpY2F0ZS5tYW5hZ2VtZW50LmF6dXJlLmNvbTCCASIwDQYJKoZIhvcNAQEBBQADggEPADCCAQoCggEBAOLHUO7dPGVIoruKLdzUNswYmek-Nljw_QxU2vLAMiVNqgHD_TDk8bAf1OzE0jMQ9YykRPzRz7TtZfN7cFjIs3D5mJLWvnug2wph85PUl0n6fMWhTHR1zCazHdfEcFCLsYctkDhhIcW0L7tSMU8rcXT9_y5SxiYVfFca-rWaJ6tpJpc2ixCWdfbW7OO0zEHxgMEOWDhmNZoA8knKo6OH0iW04aNo6HoJuUrvPwf5P6NlfROEd4DQOKF4gkUbzlaeCcVkwkS_ZNgQxTKBqZqY-Q9BQTvnnq1WKS1kicyyQbsSTCEq9qni0WLWZ0-fTNJp8ljSN4aPuZ8bGCCgtTJCRvUCAwEAAaOCA-0wggPpMCcGCSsGAQQBgjcVCgQaMBgwCgYIKwYBBQUHAwEwCgYIKwYBBQUHAwIwPQYJKwYBBAGCNxUHBDAwLgYmKwYBBAGCNxUIhpDjDYTVtHiE8Ys-hZvdFs6dEoFggvX2K4Py0SACAWQCAQowggHLBggrBgEFBQcBAQSCAb0wggG5MGMGCCsGAQUFBzAChldodHRwOi8vY3JsLm1pY3Jvc29mdC5jb20vcGtpaW5mcmEvQ2VydHMvQ08xUEtJSU5UQ0EwMS5BTUUuR0JMX0FNRSUyMEluZnJhJTIwQ0ElMjAwNS5jcnQwUwYIKwYBBQUHMAKGR2h0dHA6Ly9jcmwxLmFtZS5nYmwvYWlhL0NPMVBLSUlOVENBMDEuQU1FLkdCTF9BTUUlMjBJbmZyYSUyMENBJTIwMDUuY3J0MFMGCCsGAQUFBzAChkdodHRwOi8vY3JsMi5hbWUuZ2JsL2FpYS9DTzFQS0lJTlRDQTAxLkFNRS5HQkxfQU1FJTIwSW5mcmElMjBDQSUyMDA1LmNydDBTBggrBgEFBQcwAoZHaHR0cDovL2NybDMuYW1lLmdibC9haWEvQ08xUEtJSU5UQ0EwMS5BTUUuR0JMX0FNRSUyMEluZnJhJTIwQ0ElMjAwNS5jcnQwUwYIKwYBBQUHMAKGR2h0dHA6Ly9jcmw0LmFtZS5nYmwvYWlhL0NPMVBLSUlOVENBMDEuQU1FLkdCTF9BTUUlMjBJbmZyYSUyMENBJTIwMDUuY3J0MB0GA1UdDgQWBBQM39B_5hlROZQL6bGUve6R9sEqYjAOBgNVHQ8BAf8EBAMCBaAwggEmBgNVHR8EggEdMIIBGTCCARWgggERoIIBDYY_aHR0cDovL2NybC5taWNyb3NvZnQuY29tL3BraWluZnJhL0NSTC9BTUUlMjBJbmZyYSUyMENBJTIwMDUuY3JshjFodHRwOi8vY3JsMS5hbWUuZ2JsL2NybC9BTUUlMjBJbmZyYSUyMENBJTIwMDUuY3JshjFodHRwOi8vY3JsMi5hbWUuZ2JsL2NybC9BTUUlMjBJbmZyYSUyMENBJTIwMDUuY3JshjFodHRwOi8vY3JsMy5hbWUuZ2JsL2NybC9BTUUlMjBJbmZyYSUyMENBJTIwMDUuY3JshjFodHRwOi8vY3JsNC5hbWUuZ2JsL2NybC9BTUUlMjBJbmZyYSUyMENBJTIwMDUuY3JsMBcGA1UdIAQQMA4wDAYKKwYBBAGCN3sBATAfBgNVHSMEGDAWgBR61hmFKHlscXYeYPjzS--iBUIWHTAdBgNVHSUEFjAUBggrBgEFBQcDAQYIKwYBBQUHAwIwDQYJKoZIhvcNAQELBQADggEBAHsDVo-ubSySZd4FYJJzcvbu2RGLublq8xgAoGl9Jn-5zXXh0d0dSo9sYUruEmf4m6a5fl_ihkPtuaUSEA4aJeVGYNi0_RmMj42eIYHcT0kJI6SBebjMe5w97pOyrwCIkFJZt8dzXH61xgR1pxP7AUNRta8UJiNW2LW-tHESqFYdM1vy7psJr8GPGmCFFEsKKXF_D8JPy5jZeSmOGUDpAnIkLv9WBH5bgZtY04MH65HnKcpK-ibSQVEW-vC28USN1K6LWTUQeRQqn5ab_o3xar4VAxQblzVUO1VQ36cAgi1-47UUOGtjs7rkAUhkxzxO7Rwr5oYNiy8UzunbFY0cZEM\u0026s=ZqBpvfgQv-uoaxzey_ZCQCz7DyL-HlyJ-zGtUewb_wcRRQDOi8rPNkXH4n2O9nprsUJ9Lo5dXYKk0aE7zmU7B7_CcIeDZVQXVlcbCVwHIovW7Y83p0QZXR7Pc_RQIEHxU0z1RpooE7ivADD9M5lZNmku2ihNRzQnCdCpWIjAbeMdpTzffOIER4eUBRfozKMntevR17LIz9BJUEsA2BqIcsjwe_I8nTSY4K-RcZXxdaocNU6d6Vr-BaEEycPgQGy22FiX8UpaBVueZqYetemEpbV5haWwTEiHWTEPCfHwirx6K1cFONlkwTVWdUWKbUn8qd-QHuKeuddCkSPWCXJhJA\u0026h=DAWlvHZwLO4UuYFdqiSztRifK0vRSsUcn9YTU9SiI1Y",
        "Cache-Control": "no-cache",
        "Content-Length": "1608",
        "Content-Type": "application/json; charset=utf-8",
        "Date": "Wed, 22 Nov 2023 14:06:36 GMT",
        "ETag": "\u002202053399-0000-0600-0000-655e0aec0000\u0022",
        "Expires": "-1",
        "Location": "https://management.azure.com/providers/Nginx.NginxPlus/locations/WESTCENTRALUS/operationStatuses/c6c7c7c5-127d-4eb7-a8ee-41f5dcb5610a*5F4AF69E47D878874F7D5690EDDD4DDC25F83A99077855DF1FA406DBFED45AB0?api-version=2023-04-01\u0026t=638362587973387234\u0026c=MIIHADCCBeigAwIBAgITfAQLJaXGjL3sIjyx5QAABAslpTANBgkqhkiG9w0BAQsFADBEMRMwEQYKCZImiZPyLGQBGRYDR0JMMRMwEQYKCZImiZPyLGQBGRYDQU1FMRgwFgYDVQQDEw9BTUUgSW5mcmEgQ0EgMDUwHhcNMjMxMTAxMDUzNjA0WhcNMjQxMDI2MDUzNjA0WjBAMT4wPAYDVQQDEzVhc3luY29wZXJhdGlvbnNpZ25pbmdjZXJ0aWZpY2F0ZS5tYW5hZ2VtZW50LmF6dXJlLmNvbTCCASIwDQYJKoZIhvcNAQEBBQADggEPADCCAQoCggEBAOLHUO7dPGVIoruKLdzUNswYmek-Nljw_QxU2vLAMiVNqgHD_TDk8bAf1OzE0jMQ9YykRPzRz7TtZfN7cFjIs3D5mJLWvnug2wph85PUl0n6fMWhTHR1zCazHdfEcFCLsYctkDhhIcW0L7tSMU8rcXT9_y5SxiYVfFca-rWaJ6tpJpc2ixCWdfbW7OO0zEHxgMEOWDhmNZoA8knKo6OH0iW04aNo6HoJuUrvPwf5P6NlfROEd4DQOKF4gkUbzlaeCcVkwkS_ZNgQxTKBqZqY-Q9BQTvnnq1WKS1kicyyQbsSTCEq9qni0WLWZ0-fTNJp8ljSN4aPuZ8bGCCgtTJCRvUCAwEAAaOCA-0wggPpMCcGCSsGAQQBgjcVCgQaMBgwCgYIKwYBBQUHAwEwCgYIKwYBBQUHAwIwPQYJKwYBBAGCNxUHBDAwLgYmKwYBBAGCNxUIhpDjDYTVtHiE8Ys-hZvdFs6dEoFggvX2K4Py0SACAWQCAQowggHLBggrBgEFBQcBAQSCAb0wggG5MGMGCCsGAQUFBzAChldodHRwOi8vY3JsLm1pY3Jvc29mdC5jb20vcGtpaW5mcmEvQ2VydHMvQ08xUEtJSU5UQ0EwMS5BTUUuR0JMX0FNRSUyMEluZnJhJTIwQ0ElMjAwNS5jcnQwUwYIKwYBBQUHMAKGR2h0dHA6Ly9jcmwxLmFtZS5nYmwvYWlhL0NPMVBLSUlOVENBMDEuQU1FLkdCTF9BTUUlMjBJbmZyYSUyMENBJTIwMDUuY3J0MFMGCCsGAQUFBzAChkdodHRwOi8vY3JsMi5hbWUuZ2JsL2FpYS9DTzFQS0lJTlRDQTAxLkFNRS5HQkxfQU1FJTIwSW5mcmElMjBDQSUyMDA1LmNydDBTBggrBgEFBQcwAoZHaHR0cDovL2NybDMuYW1lLmdibC9haWEvQ08xUEtJSU5UQ0EwMS5BTUUuR0JMX0FNRSUyMEluZnJhJTIwQ0ElMjAwNS5jcnQwUwYIKwYBBQUHMAKGR2h0dHA6Ly9jcmw0LmFtZS5nYmwvYWlhL0NPMVBLSUlOVENBMDEuQU1FLkdCTF9BTUUlMjBJbmZyYSUyMENBJTIwMDUuY3J0MB0GA1UdDgQWBBQM39B_5hlROZQL6bGUve6R9sEqYjAOBgNVHQ8BAf8EBAMCBaAwggEmBgNVHR8EggEdMIIBGTCCARWgggERoIIBDYY_aHR0cDovL2NybC5taWNyb3NvZnQuY29tL3BraWluZnJhL0NSTC9BTUUlMjBJbmZyYSUyMENBJTIwMDUuY3JshjFodHRwOi8vY3JsMS5hbWUuZ2JsL2NybC9BTUUlMjBJbmZyYSUyMENBJTIwMDUuY3JshjFodHRwOi8vY3JsMi5hbWUuZ2JsL2NybC9BTUUlMjBJbmZyYSUyMENBJTIwMDUuY3JshjFodHRwOi8vY3JsMy5hbWUuZ2JsL2NybC9BTUUlMjBJbmZyYSUyMENBJTIwMDUuY3JshjFodHRwOi8vY3JsNC5hbWUuZ2JsL2NybC9BTUUlMjBJbmZyYSUyMENBJTIwMDUuY3JsMBcGA1UdIAQQMA4wDAYKKwYBBAGCN3sBATAfBgNVHSMEGDAWgBR61hmFKHlscXYeYPjzS--iBUIWHTAdBgNVHSUEFjAUBggrBgEFBQcDAQYIKwYBBQUHAwIwDQYJKoZIhvcNAQELBQADggEBAHsDVo-ubSySZd4FYJJzcvbu2RGLublq8xgAoGl9Jn-5zXXh0d0dSo9sYUruEmf4m6a5fl_ihkPtuaUSEA4aJeVGYNi0_RmMj42eIYHcT0kJI6SBebjMe5w97pOyrwCIkFJZt8dzXH61xgR1pxP7AUNRta8UJiNW2LW-tHESqFYdM1vy7psJr8GPGmCFFEsKKXF_D8JPy5jZeSmOGUDpAnIkLv9WBH5bgZtY04MH65HnKcpK-ibSQVEW-vC28USN1K6LWTUQeRQqn5ab_o3xar4VAxQblzVUO1VQ36cAgi1-47UUOGtjs7rkAUhkxzxO7Rwr5oYNiy8UzunbFY0cZEM\u0026s=ZqBpvfgQv-uoaxzey_ZCQCz7DyL-HlyJ-zGtUewb_wcRRQDOi8rPNkXH4n2O9nprsUJ9Lo5dXYKk0aE7zmU7B7_CcIeDZVQXVlcbCVwHIovW7Y83p0QZXR7Pc_RQIEHxU0z1RpooE7ivADD9M5lZNmku2ihNRzQnCdCpWIjAbeMdpTzffOIER4eUBRfozKMntevR17LIz9BJUEsA2BqIcsjwe_I8nTSY4K-RcZXxdaocNU6d6Vr-BaEEycPgQGy22FiX8UpaBVueZqYetemEpbV5haWwTEiHWTEPCfHwirx6K1cFONlkwTVWdUWKbUn8qd-QHuKeuddCkSPWCXJhJA\u0026h=DAWlvHZwLO4UuYFdqiSztRifK0vRSsUcn9YTU9SiI1Y",
        "Pragma": "no-cache",
        "Request-Context": "appId=cid-v1:0d872b79-fbba-4031-abaa-ef9aa3e0050d",
        "Strict-Transport-Security": "max-age=31536000; includeSubDomains",
        "X-Content-Type-Options": "nosniff",
        "x-ms-client-request-id": "c59ff84c42e67c3aaca7df7d6e4d323b",
        "x-ms-correlation-request-id": "a1212bcc-6990-4d9d-997a-7a4d8a43a883",
        "x-ms-providerhub-traffic": "True",
        "x-ms-ratelimit-remaining-subscription-writes": "1195",
        "x-ms-request-id": "c6c7c7c5-127d-4eb7-a8ee-41f5dcb5610a",
        "x-ms-routing-request-id": "SOUTHAFRICANORTH:20231122T140637Z:a1212bcc-6990-4d9d-997a-7a4d8a43a883"
      },
      "ResponseBody": {
        "id": "/subscriptions/1c835c29-68e9-40a7-8455-842925d04908/resourceGroups/Default-Nginx-9580/providers/Nginx.NginxPlus/nginxDeployments/testDeployment-3759",
        "name": "testDeployment-3759",
        "type": "nginx.nginxplus/nginxdeployments",
        "sku": {
          "name": "standard_Monthly"
        },
        "location": "westcentralus",
        "tags": {},
        "systemData": {
          "createdBy": "83e1fee6-9cf1-487c-afb2-b5822019b861",
          "createdByType": "Application",
          "createdAt": "2023-11-22T14:06:31.4008397Z",
          "lastModifiedBy": "83e1fee6-9cf1-487c-afb2-b5822019b861",
          "lastModifiedByType": "Application",
          "lastModifiedAt": "2023-11-22T14:06:31.4008397Z"
        },
        "identity": {
          "type": "UserAssigned",
          "userAssignedIdentities": {
            "/subscriptions/e3853e83-0d02-4fb3-b88f-05b5fd21aee2/resourcegroups/synthetics-integration-tests/providers/Microsoft.ManagedIdentity/userAssignedIdentities/integration-tests-mi": {
              "principalId": "9c8c1eab-1b64-4d95-bbba-04843012d190",
              "clientId": "cfcab166-335a-4af7-a61d-c7c07236688e"
            }
          }
        },
        "properties": {
          "provisioningState": "Accepted",
          "nginxVersion": null,
          "managedResourceGroup": null,
          "ipAddress": null,
          "networkProfile": {
            "frontEndIPConfiguration": {
              "publicIPAddresses": [
                {
                  "id": "/subscriptions/1c835c29-68e9-40a7-8455-842925d04908/resourceGroups/Default-Nginx-9580/providers/Microsoft.Network/publicIPAddresses/testPublicIP-1456"
                }
              ]
            },
            "networkInterfaceConfiguration": {
              "subnetId": "/subscriptions/1c835c29-68e9-40a7-8455-842925d04908/resourceGroups/Default-Nginx-9580/providers/Microsoft.Network/virtualNetworks/testVNet-4592/subnets/testSubnet-3354"
            }
          },
          "enableDiagnosticsSupport": true,
          "logging": null,
          "scalingProperties": {
            "capacity": 10
          },
          "userProfile": {
            "preferredEmail": "test@mail.com"
          }
        }
      }
    },
    {
      "RequestUri": "https://management.azure.com/providers/Nginx.NginxPlus/locations/WESTCENTRALUS/operationStatuses/c6c7c7c5-127d-4eb7-a8ee-41f5dcb5610a*5F4AF69E47D878874F7D5690EDDD4DDC25F83A99077855DF1FA406DBFED45AB0?api-version=2023-04-01\u0026t=638362587973387234\u0026c=MIIHADCCBeigAwIBAgITfAQLJaXGjL3sIjyx5QAABAslpTANBgkqhkiG9w0BAQsFADBEMRMwEQYKCZImiZPyLGQBGRYDR0JMMRMwEQYKCZImiZPyLGQBGRYDQU1FMRgwFgYDVQQDEw9BTUUgSW5mcmEgQ0EgMDUwHhcNMjMxMTAxMDUzNjA0WhcNMjQxMDI2MDUzNjA0WjBAMT4wPAYDVQQDEzVhc3luY29wZXJhdGlvbnNpZ25pbmdjZXJ0aWZpY2F0ZS5tYW5hZ2VtZW50LmF6dXJlLmNvbTCCASIwDQYJKoZIhvcNAQEBBQADggEPADCCAQoCggEBAOLHUO7dPGVIoruKLdzUNswYmek-Nljw_QxU2vLAMiVNqgHD_TDk8bAf1OzE0jMQ9YykRPzRz7TtZfN7cFjIs3D5mJLWvnug2wph85PUl0n6fMWhTHR1zCazHdfEcFCLsYctkDhhIcW0L7tSMU8rcXT9_y5SxiYVfFca-rWaJ6tpJpc2ixCWdfbW7OO0zEHxgMEOWDhmNZoA8knKo6OH0iW04aNo6HoJuUrvPwf5P6NlfROEd4DQOKF4gkUbzlaeCcVkwkS_ZNgQxTKBqZqY-Q9BQTvnnq1WKS1kicyyQbsSTCEq9qni0WLWZ0-fTNJp8ljSN4aPuZ8bGCCgtTJCRvUCAwEAAaOCA-0wggPpMCcGCSsGAQQBgjcVCgQaMBgwCgYIKwYBBQUHAwEwCgYIKwYBBQUHAwIwPQYJKwYBBAGCNxUHBDAwLgYmKwYBBAGCNxUIhpDjDYTVtHiE8Ys-hZvdFs6dEoFggvX2K4Py0SACAWQCAQowggHLBggrBgEFBQcBAQSCAb0wggG5MGMGCCsGAQUFBzAChldodHRwOi8vY3JsLm1pY3Jvc29mdC5jb20vcGtpaW5mcmEvQ2VydHMvQ08xUEtJSU5UQ0EwMS5BTUUuR0JMX0FNRSUyMEluZnJhJTIwQ0ElMjAwNS5jcnQwUwYIKwYBBQUHMAKGR2h0dHA6Ly9jcmwxLmFtZS5nYmwvYWlhL0NPMVBLSUlOVENBMDEuQU1FLkdCTF9BTUUlMjBJbmZyYSUyMENBJTIwMDUuY3J0MFMGCCsGAQUFBzAChkdodHRwOi8vY3JsMi5hbWUuZ2JsL2FpYS9DTzFQS0lJTlRDQTAxLkFNRS5HQkxfQU1FJTIwSW5mcmElMjBDQSUyMDA1LmNydDBTBggrBgEFBQcwAoZHaHR0cDovL2NybDMuYW1lLmdibC9haWEvQ08xUEtJSU5UQ0EwMS5BTUUuR0JMX0FNRSUyMEluZnJhJTIwQ0ElMjAwNS5jcnQwUwYIKwYBBQUHMAKGR2h0dHA6Ly9jcmw0LmFtZS5nYmwvYWlhL0NPMVBLSUlOVENBMDEuQU1FLkdCTF9BTUUlMjBJbmZyYSUyMENBJTIwMDUuY3J0MB0GA1UdDgQWBBQM39B_5hlROZQL6bGUve6R9sEqYjAOBgNVHQ8BAf8EBAMCBaAwggEmBgNVHR8EggEdMIIBGTCCARWgggERoIIBDYY_aHR0cDovL2NybC5taWNyb3NvZnQuY29tL3BraWluZnJhL0NSTC9BTUUlMjBJbmZyYSUyMENBJTIwMDUuY3JshjFodHRwOi8vY3JsMS5hbWUuZ2JsL2NybC9BTUUlMjBJbmZyYSUyMENBJTIwMDUuY3JshjFodHRwOi8vY3JsMi5hbWUuZ2JsL2NybC9BTUUlMjBJbmZyYSUyMENBJTIwMDUuY3JshjFodHRwOi8vY3JsMy5hbWUuZ2JsL2NybC9BTUUlMjBJbmZyYSUyMENBJTIwMDUuY3JshjFodHRwOi8vY3JsNC5hbWUuZ2JsL2NybC9BTUUlMjBJbmZyYSUyMENBJTIwMDUuY3JsMBcGA1UdIAQQMA4wDAYKKwYBBAGCN3sBATAfBgNVHSMEGDAWgBR61hmFKHlscXYeYPjzS--iBUIWHTAdBgNVHSUEFjAUBggrBgEFBQcDAQYIKwYBBQUHAwIwDQYJKoZIhvcNAQELBQADggEBAHsDVo-ubSySZd4FYJJzcvbu2RGLublq8xgAoGl9Jn-5zXXh0d0dSo9sYUruEmf4m6a5fl_ihkPtuaUSEA4aJeVGYNi0_RmMj42eIYHcT0kJI6SBebjMe5w97pOyrwCIkFJZt8dzXH61xgR1pxP7AUNRta8UJiNW2LW-tHESqFYdM1vy7psJr8GPGmCFFEsKKXF_D8JPy5jZeSmOGUDpAnIkLv9WBH5bgZtY04MH65HnKcpK-ibSQVEW-vC28USN1K6LWTUQeRQqn5ab_o3xar4VAxQblzVUO1VQ36cAgi1-47UUOGtjs7rkAUhkxzxO7Rwr5oYNiy8UzunbFY0cZEM\u0026s=ZqBpvfgQv-uoaxzey_ZCQCz7DyL-HlyJ-zGtUewb_wcRRQDOi8rPNkXH4n2O9nprsUJ9Lo5dXYKk0aE7zmU7B7_CcIeDZVQXVlcbCVwHIovW7Y83p0QZXR7Pc_RQIEHxU0z1RpooE7ivADD9M5lZNmku2ihNRzQnCdCpWIjAbeMdpTzffOIER4eUBRfozKMntevR17LIz9BJUEsA2BqIcsjwe_I8nTSY4K-RcZXxdaocNU6d6Vr-BaEEycPgQGy22FiX8UpaBVueZqYetemEpbV5haWwTEiHWTEPCfHwirx6K1cFONlkwTVWdUWKbUn8qd-QHuKeuddCkSPWCXJhJA\u0026h=DAWlvHZwLO4UuYFdqiSztRifK0vRSsUcn9YTU9SiI1Y",
      "RequestMethod": "GET",
      "RequestHeaders": {
        "Authorization": "Sanitized",
        "traceparent": "00-c375d53d9431a7b270de75bec01431b4-67b7a7df6c4e02d7-00",
        "User-Agent": "azsdk-net-ResourceManager/1.9.0 (.NET 7.0.14; Microsoft Windows 10.0.22635)",
        "x-ms-client-request-id": "791341865eef990c27ad1de39f873b94",
        "x-ms-return-client-request-id": "true"
      },
      "RequestBody": null,
      "StatusCode": 200,
      "ResponseHeaders": {
        "Cache-Control": "no-cache",
        "Content-Length": "517",
        "Content-Type": "application/json; charset=utf-8",
        "Date": "Wed, 22 Nov 2023 14:06:37 GMT",
        "ETag": "\u0022e201463d-0000-0600-0000-655e0aeb0000\u0022",
        "Expires": "-1",
        "Pragma": "no-cache",
        "Strict-Transport-Security": "max-age=31536000; includeSubDomains",
        "X-Content-Type-Options": "nosniff",
        "x-ms-client-request-id": "791341865eef990c27ad1de39f873b94",
        "x-ms-correlation-request-id": "cd57f517-a74f-4c5b-97cf-951b41b9b62c",
        "x-ms-ratelimit-remaining-tenant-reads": "11999",
        "x-ms-request-id": "58e13bd4-5771-4e25-be7d-7c7e4c209922",
        "x-ms-routing-request-id": "SOUTHAFRICANORTH:20231122T140637Z:cd57f517-a74f-4c5b-97cf-951b41b9b62c"
      },
      "ResponseBody": {
        "id": "/providers/Nginx.NginxPlus/locations/WESTCENTRALUS/operationStatuses/c6c7c7c5-127d-4eb7-a8ee-41f5dcb5610a*5F4AF69E47D878874F7D5690EDDD4DDC25F83A99077855DF1FA406DBFED45AB0",
        "name": "c6c7c7c5-127d-4eb7-a8ee-41f5dcb5610a*5F4AF69E47D878874F7D5690EDDD4DDC25F83A99077855DF1FA406DBFED45AB0",
        "resourceId": "/subscriptions/1c835c29-68e9-40a7-8455-842925d04908/resourceGroups/Default-Nginx-9580/providers/Nginx.NginxPlus/nginxDeployments/testDeployment-3759",
        "status": "Accepted",
        "startTime": "2023-11-22T14:06:35.8370389Z"
      }
    },
    {
      "RequestUri": "https://management.azure.com/providers/Nginx.NginxPlus/locations/WESTCENTRALUS/operationStatuses/c6c7c7c5-127d-4eb7-a8ee-41f5dcb5610a*5F4AF69E47D878874F7D5690EDDD4DDC25F83A99077855DF1FA406DBFED45AB0?api-version=2023-04-01\u0026t=638362587973387234\u0026c=MIIHADCCBeigAwIBAgITfAQLJaXGjL3sIjyx5QAABAslpTANBgkqhkiG9w0BAQsFADBEMRMwEQYKCZImiZPyLGQBGRYDR0JMMRMwEQYKCZImiZPyLGQBGRYDQU1FMRgwFgYDVQQDEw9BTUUgSW5mcmEgQ0EgMDUwHhcNMjMxMTAxMDUzNjA0WhcNMjQxMDI2MDUzNjA0WjBAMT4wPAYDVQQDEzVhc3luY29wZXJhdGlvbnNpZ25pbmdjZXJ0aWZpY2F0ZS5tYW5hZ2VtZW50LmF6dXJlLmNvbTCCASIwDQYJKoZIhvcNAQEBBQADggEPADCCAQoCggEBAOLHUO7dPGVIoruKLdzUNswYmek-Nljw_QxU2vLAMiVNqgHD_TDk8bAf1OzE0jMQ9YykRPzRz7TtZfN7cFjIs3D5mJLWvnug2wph85PUl0n6fMWhTHR1zCazHdfEcFCLsYctkDhhIcW0L7tSMU8rcXT9_y5SxiYVfFca-rWaJ6tpJpc2ixCWdfbW7OO0zEHxgMEOWDhmNZoA8knKo6OH0iW04aNo6HoJuUrvPwf5P6NlfROEd4DQOKF4gkUbzlaeCcVkwkS_ZNgQxTKBqZqY-Q9BQTvnnq1WKS1kicyyQbsSTCEq9qni0WLWZ0-fTNJp8ljSN4aPuZ8bGCCgtTJCRvUCAwEAAaOCA-0wggPpMCcGCSsGAQQBgjcVCgQaMBgwCgYIKwYBBQUHAwEwCgYIKwYBBQUHAwIwPQYJKwYBBAGCNxUHBDAwLgYmKwYBBAGCNxUIhpDjDYTVtHiE8Ys-hZvdFs6dEoFggvX2K4Py0SACAWQCAQowggHLBggrBgEFBQcBAQSCAb0wggG5MGMGCCsGAQUFBzAChldodHRwOi8vY3JsLm1pY3Jvc29mdC5jb20vcGtpaW5mcmEvQ2VydHMvQ08xUEtJSU5UQ0EwMS5BTUUuR0JMX0FNRSUyMEluZnJhJTIwQ0ElMjAwNS5jcnQwUwYIKwYBBQUHMAKGR2h0dHA6Ly9jcmwxLmFtZS5nYmwvYWlhL0NPMVBLSUlOVENBMDEuQU1FLkdCTF9BTUUlMjBJbmZyYSUyMENBJTIwMDUuY3J0MFMGCCsGAQUFBzAChkdodHRwOi8vY3JsMi5hbWUuZ2JsL2FpYS9DTzFQS0lJTlRDQTAxLkFNRS5HQkxfQU1FJTIwSW5mcmElMjBDQSUyMDA1LmNydDBTBggrBgEFBQcwAoZHaHR0cDovL2NybDMuYW1lLmdibC9haWEvQ08xUEtJSU5UQ0EwMS5BTUUuR0JMX0FNRSUyMEluZnJhJTIwQ0ElMjAwNS5jcnQwUwYIKwYBBQUHMAKGR2h0dHA6Ly9jcmw0LmFtZS5nYmwvYWlhL0NPMVBLSUlOVENBMDEuQU1FLkdCTF9BTUUlMjBJbmZyYSUyMENBJTIwMDUuY3J0MB0GA1UdDgQWBBQM39B_5hlROZQL6bGUve6R9sEqYjAOBgNVHQ8BAf8EBAMCBaAwggEmBgNVHR8EggEdMIIBGTCCARWgggERoIIBDYY_aHR0cDovL2NybC5taWNyb3NvZnQuY29tL3BraWluZnJhL0NSTC9BTUUlMjBJbmZyYSUyMENBJTIwMDUuY3JshjFodHRwOi8vY3JsMS5hbWUuZ2JsL2NybC9BTUUlMjBJbmZyYSUyMENBJTIwMDUuY3JshjFodHRwOi8vY3JsMi5hbWUuZ2JsL2NybC9BTUUlMjBJbmZyYSUyMENBJTIwMDUuY3JshjFodHRwOi8vY3JsMy5hbWUuZ2JsL2NybC9BTUUlMjBJbmZyYSUyMENBJTIwMDUuY3JshjFodHRwOi8vY3JsNC5hbWUuZ2JsL2NybC9BTUUlMjBJbmZyYSUyMENBJTIwMDUuY3JsMBcGA1UdIAQQMA4wDAYKKwYBBAGCN3sBATAfBgNVHSMEGDAWgBR61hmFKHlscXYeYPjzS--iBUIWHTAdBgNVHSUEFjAUBggrBgEFBQcDAQYIKwYBBQUHAwIwDQYJKoZIhvcNAQELBQADggEBAHsDVo-ubSySZd4FYJJzcvbu2RGLublq8xgAoGl9Jn-5zXXh0d0dSo9sYUruEmf4m6a5fl_ihkPtuaUSEA4aJeVGYNi0_RmMj42eIYHcT0kJI6SBebjMe5w97pOyrwCIkFJZt8dzXH61xgR1pxP7AUNRta8UJiNW2LW-tHESqFYdM1vy7psJr8GPGmCFFEsKKXF_D8JPy5jZeSmOGUDpAnIkLv9WBH5bgZtY04MH65HnKcpK-ibSQVEW-vC28USN1K6LWTUQeRQqn5ab_o3xar4VAxQblzVUO1VQ36cAgi1-47UUOGtjs7rkAUhkxzxO7Rwr5oYNiy8UzunbFY0cZEM\u0026s=ZqBpvfgQv-uoaxzey_ZCQCz7DyL-HlyJ-zGtUewb_wcRRQDOi8rPNkXH4n2O9nprsUJ9Lo5dXYKk0aE7zmU7B7_CcIeDZVQXVlcbCVwHIovW7Y83p0QZXR7Pc_RQIEHxU0z1RpooE7ivADD9M5lZNmku2ihNRzQnCdCpWIjAbeMdpTzffOIER4eUBRfozKMntevR17LIz9BJUEsA2BqIcsjwe_I8nTSY4K-RcZXxdaocNU6d6Vr-BaEEycPgQGy22FiX8UpaBVueZqYetemEpbV5haWwTEiHWTEPCfHwirx6K1cFONlkwTVWdUWKbUn8qd-QHuKeuddCkSPWCXJhJA\u0026h=DAWlvHZwLO4UuYFdqiSztRifK0vRSsUcn9YTU9SiI1Y",
      "RequestMethod": "GET",
      "RequestHeaders": {
        "Authorization": "Sanitized",
        "traceparent": "00-c375d53d9431a7b270de75bec01431b4-72f5ab493fa76796-00",
        "User-Agent": "azsdk-net-ResourceManager/1.9.0 (.NET 7.0.14; Microsoft Windows 10.0.22635)",
        "x-ms-client-request-id": "42813aa7c14f12848437e371e4e13597",
        "x-ms-return-client-request-id": "true"
      },
      "RequestBody": null,
      "StatusCode": 200,
      "ResponseHeaders": {
        "Cache-Control": "no-cache",
        "Content-Length": "517",
        "Content-Type": "application/json; charset=utf-8",
        "Date": "Wed, 22 Nov 2023 14:06:38 GMT",
        "ETag": "\u0022e201463d-0000-0600-0000-655e0aeb0000\u0022",
        "Expires": "-1",
        "Pragma": "no-cache",
        "Strict-Transport-Security": "max-age=31536000; includeSubDomains",
        "X-Content-Type-Options": "nosniff",
        "x-ms-client-request-id": "42813aa7c14f12848437e371e4e13597",
        "x-ms-correlation-request-id": "e2b2dfc5-7138-431d-802b-693cb2ccdc39",
        "x-ms-ratelimit-remaining-tenant-reads": "11998",
        "x-ms-request-id": "01a1b903-5352-47b9-bb25-e6f75274185d",
        "x-ms-routing-request-id": "SOUTHAFRICANORTH:20231122T140639Z:e2b2dfc5-7138-431d-802b-693cb2ccdc39"
      },
      "ResponseBody": {
        "id": "/providers/Nginx.NginxPlus/locations/WESTCENTRALUS/operationStatuses/c6c7c7c5-127d-4eb7-a8ee-41f5dcb5610a*5F4AF69E47D878874F7D5690EDDD4DDC25F83A99077855DF1FA406DBFED45AB0",
        "name": "c6c7c7c5-127d-4eb7-a8ee-41f5dcb5610a*5F4AF69E47D878874F7D5690EDDD4DDC25F83A99077855DF1FA406DBFED45AB0",
        "resourceId": "/subscriptions/1c835c29-68e9-40a7-8455-842925d04908/resourceGroups/Default-Nginx-9580/providers/Nginx.NginxPlus/nginxDeployments/testDeployment-3759",
        "status": "Accepted",
        "startTime": "2023-11-22T14:06:35.8370389Z"
      }
    },
    {
      "RequestUri": "https://management.azure.com/providers/Nginx.NginxPlus/locations/WESTCENTRALUS/operationStatuses/c6c7c7c5-127d-4eb7-a8ee-41f5dcb5610a*5F4AF69E47D878874F7D5690EDDD4DDC25F83A99077855DF1FA406DBFED45AB0?api-version=2023-04-01\u0026t=638362587973387234\u0026c=MIIHADCCBeigAwIBAgITfAQLJaXGjL3sIjyx5QAABAslpTANBgkqhkiG9w0BAQsFADBEMRMwEQYKCZImiZPyLGQBGRYDR0JMMRMwEQYKCZImiZPyLGQBGRYDQU1FMRgwFgYDVQQDEw9BTUUgSW5mcmEgQ0EgMDUwHhcNMjMxMTAxMDUzNjA0WhcNMjQxMDI2MDUzNjA0WjBAMT4wPAYDVQQDEzVhc3luY29wZXJhdGlvbnNpZ25pbmdjZXJ0aWZpY2F0ZS5tYW5hZ2VtZW50LmF6dXJlLmNvbTCCASIwDQYJKoZIhvcNAQEBBQADggEPADCCAQoCggEBAOLHUO7dPGVIoruKLdzUNswYmek-Nljw_QxU2vLAMiVNqgHD_TDk8bAf1OzE0jMQ9YykRPzRz7TtZfN7cFjIs3D5mJLWvnug2wph85PUl0n6fMWhTHR1zCazHdfEcFCLsYctkDhhIcW0L7tSMU8rcXT9_y5SxiYVfFca-rWaJ6tpJpc2ixCWdfbW7OO0zEHxgMEOWDhmNZoA8knKo6OH0iW04aNo6HoJuUrvPwf5P6NlfROEd4DQOKF4gkUbzlaeCcVkwkS_ZNgQxTKBqZqY-Q9BQTvnnq1WKS1kicyyQbsSTCEq9qni0WLWZ0-fTNJp8ljSN4aPuZ8bGCCgtTJCRvUCAwEAAaOCA-0wggPpMCcGCSsGAQQBgjcVCgQaMBgwCgYIKwYBBQUHAwEwCgYIKwYBBQUHAwIwPQYJKwYBBAGCNxUHBDAwLgYmKwYBBAGCNxUIhpDjDYTVtHiE8Ys-hZvdFs6dEoFggvX2K4Py0SACAWQCAQowggHLBggrBgEFBQcBAQSCAb0wggG5MGMGCCsGAQUFBzAChldodHRwOi8vY3JsLm1pY3Jvc29mdC5jb20vcGtpaW5mcmEvQ2VydHMvQ08xUEtJSU5UQ0EwMS5BTUUuR0JMX0FNRSUyMEluZnJhJTIwQ0ElMjAwNS5jcnQwUwYIKwYBBQUHMAKGR2h0dHA6Ly9jcmwxLmFtZS5nYmwvYWlhL0NPMVBLSUlOVENBMDEuQU1FLkdCTF9BTUUlMjBJbmZyYSUyMENBJTIwMDUuY3J0MFMGCCsGAQUFBzAChkdodHRwOi8vY3JsMi5hbWUuZ2JsL2FpYS9DTzFQS0lJTlRDQTAxLkFNRS5HQkxfQU1FJTIwSW5mcmElMjBDQSUyMDA1LmNydDBTBggrBgEFBQcwAoZHaHR0cDovL2NybDMuYW1lLmdibC9haWEvQ08xUEtJSU5UQ0EwMS5BTUUuR0JMX0FNRSUyMEluZnJhJTIwQ0ElMjAwNS5jcnQwUwYIKwYBBQUHMAKGR2h0dHA6Ly9jcmw0LmFtZS5nYmwvYWlhL0NPMVBLSUlOVENBMDEuQU1FLkdCTF9BTUUlMjBJbmZyYSUyMENBJTIwMDUuY3J0MB0GA1UdDgQWBBQM39B_5hlROZQL6bGUve6R9sEqYjAOBgNVHQ8BAf8EBAMCBaAwggEmBgNVHR8EggEdMIIBGTCCARWgggERoIIBDYY_aHR0cDovL2NybC5taWNyb3NvZnQuY29tL3BraWluZnJhL0NSTC9BTUUlMjBJbmZyYSUyMENBJTIwMDUuY3JshjFodHRwOi8vY3JsMS5hbWUuZ2JsL2NybC9BTUUlMjBJbmZyYSUyMENBJTIwMDUuY3JshjFodHRwOi8vY3JsMi5hbWUuZ2JsL2NybC9BTUUlMjBJbmZyYSUyMENBJTIwMDUuY3JshjFodHRwOi8vY3JsMy5hbWUuZ2JsL2NybC9BTUUlMjBJbmZyYSUyMENBJTIwMDUuY3JshjFodHRwOi8vY3JsNC5hbWUuZ2JsL2NybC9BTUUlMjBJbmZyYSUyMENBJTIwMDUuY3JsMBcGA1UdIAQQMA4wDAYKKwYBBAGCN3sBATAfBgNVHSMEGDAWgBR61hmFKHlscXYeYPjzS--iBUIWHTAdBgNVHSUEFjAUBggrBgEFBQcDAQYIKwYBBQUHAwIwDQYJKoZIhvcNAQELBQADggEBAHsDVo-ubSySZd4FYJJzcvbu2RGLublq8xgAoGl9Jn-5zXXh0d0dSo9sYUruEmf4m6a5fl_ihkPtuaUSEA4aJeVGYNi0_RmMj42eIYHcT0kJI6SBebjMe5w97pOyrwCIkFJZt8dzXH61xgR1pxP7AUNRta8UJiNW2LW-tHESqFYdM1vy7psJr8GPGmCFFEsKKXF_D8JPy5jZeSmOGUDpAnIkLv9WBH5bgZtY04MH65HnKcpK-ibSQVEW-vC28USN1K6LWTUQeRQqn5ab_o3xar4VAxQblzVUO1VQ36cAgi1-47UUOGtjs7rkAUhkxzxO7Rwr5oYNiy8UzunbFY0cZEM\u0026s=ZqBpvfgQv-uoaxzey_ZCQCz7DyL-HlyJ-zGtUewb_wcRRQDOi8rPNkXH4n2O9nprsUJ9Lo5dXYKk0aE7zmU7B7_CcIeDZVQXVlcbCVwHIovW7Y83p0QZXR7Pc_RQIEHxU0z1RpooE7ivADD9M5lZNmku2ihNRzQnCdCpWIjAbeMdpTzffOIER4eUBRfozKMntevR17LIz9BJUEsA2BqIcsjwe_I8nTSY4K-RcZXxdaocNU6d6Vr-BaEEycPgQGy22FiX8UpaBVueZqYetemEpbV5haWwTEiHWTEPCfHwirx6K1cFONlkwTVWdUWKbUn8qd-QHuKeuddCkSPWCXJhJA\u0026h=DAWlvHZwLO4UuYFdqiSztRifK0vRSsUcn9YTU9SiI1Y",
      "RequestMethod": "GET",
      "RequestHeaders": {
        "Authorization": "Sanitized",
        "traceparent": "00-c375d53d9431a7b270de75bec01431b4-b1b376c0919e8b91-00",
        "User-Agent": "azsdk-net-ResourceManager/1.9.0 (.NET 7.0.14; Microsoft Windows 10.0.22635)",
        "x-ms-client-request-id": "2cf6ac6cb939c94b0cbfacaa1c90c85a",
        "x-ms-return-client-request-id": "true"
      },
      "RequestBody": null,
      "StatusCode": 200,
      "ResponseHeaders": {
        "Cache-Control": "no-cache",
        "Content-Length": "517",
        "Content-Type": "application/json; charset=utf-8",
        "Date": "Wed, 22 Nov 2023 14:06:40 GMT",
        "ETag": "\u0022e201463d-0000-0600-0000-655e0aeb0000\u0022",
        "Expires": "-1",
        "Pragma": "no-cache",
        "Strict-Transport-Security": "max-age=31536000; includeSubDomains",
        "X-Content-Type-Options": "nosniff",
        "x-ms-client-request-id": "2cf6ac6cb939c94b0cbfacaa1c90c85a",
        "x-ms-correlation-request-id": "930c44d4-9721-423a-8897-f8e27a2ce6e7",
        "x-ms-ratelimit-remaining-tenant-reads": "11997",
        "x-ms-request-id": "efce7b8e-09a6-4f67-b436-18935369c5b2",
        "x-ms-routing-request-id": "SOUTHAFRICANORTH:20231122T140640Z:930c44d4-9721-423a-8897-f8e27a2ce6e7"
      },
      "ResponseBody": {
        "id": "/providers/Nginx.NginxPlus/locations/WESTCENTRALUS/operationStatuses/c6c7c7c5-127d-4eb7-a8ee-41f5dcb5610a*5F4AF69E47D878874F7D5690EDDD4DDC25F83A99077855DF1FA406DBFED45AB0",
        "name": "c6c7c7c5-127d-4eb7-a8ee-41f5dcb5610a*5F4AF69E47D878874F7D5690EDDD4DDC25F83A99077855DF1FA406DBFED45AB0",
        "resourceId": "/subscriptions/1c835c29-68e9-40a7-8455-842925d04908/resourceGroups/Default-Nginx-9580/providers/Nginx.NginxPlus/nginxDeployments/testDeployment-3759",
        "status": "Accepted",
        "startTime": "2023-11-22T14:06:35.8370389Z"
      }
    },
    {
      "RequestUri": "https://management.azure.com/providers/Nginx.NginxPlus/locations/WESTCENTRALUS/operationStatuses/c6c7c7c5-127d-4eb7-a8ee-41f5dcb5610a*5F4AF69E47D878874F7D5690EDDD4DDC25F83A99077855DF1FA406DBFED45AB0?api-version=2023-04-01\u0026t=638362587973387234\u0026c=MIIHADCCBeigAwIBAgITfAQLJaXGjL3sIjyx5QAABAslpTANBgkqhkiG9w0BAQsFADBEMRMwEQYKCZImiZPyLGQBGRYDR0JMMRMwEQYKCZImiZPyLGQBGRYDQU1FMRgwFgYDVQQDEw9BTUUgSW5mcmEgQ0EgMDUwHhcNMjMxMTAxMDUzNjA0WhcNMjQxMDI2MDUzNjA0WjBAMT4wPAYDVQQDEzVhc3luY29wZXJhdGlvbnNpZ25pbmdjZXJ0aWZpY2F0ZS5tYW5hZ2VtZW50LmF6dXJlLmNvbTCCASIwDQYJKoZIhvcNAQEBBQADggEPADCCAQoCggEBAOLHUO7dPGVIoruKLdzUNswYmek-Nljw_QxU2vLAMiVNqgHD_TDk8bAf1OzE0jMQ9YykRPzRz7TtZfN7cFjIs3D5mJLWvnug2wph85PUl0n6fMWhTHR1zCazHdfEcFCLsYctkDhhIcW0L7tSMU8rcXT9_y5SxiYVfFca-rWaJ6tpJpc2ixCWdfbW7OO0zEHxgMEOWDhmNZoA8knKo6OH0iW04aNo6HoJuUrvPwf5P6NlfROEd4DQOKF4gkUbzlaeCcVkwkS_ZNgQxTKBqZqY-Q9BQTvnnq1WKS1kicyyQbsSTCEq9qni0WLWZ0-fTNJp8ljSN4aPuZ8bGCCgtTJCRvUCAwEAAaOCA-0wggPpMCcGCSsGAQQBgjcVCgQaMBgwCgYIKwYBBQUHAwEwCgYIKwYBBQUHAwIwPQYJKwYBBAGCNxUHBDAwLgYmKwYBBAGCNxUIhpDjDYTVtHiE8Ys-hZvdFs6dEoFggvX2K4Py0SACAWQCAQowggHLBggrBgEFBQcBAQSCAb0wggG5MGMGCCsGAQUFBzAChldodHRwOi8vY3JsLm1pY3Jvc29mdC5jb20vcGtpaW5mcmEvQ2VydHMvQ08xUEtJSU5UQ0EwMS5BTUUuR0JMX0FNRSUyMEluZnJhJTIwQ0ElMjAwNS5jcnQwUwYIKwYBBQUHMAKGR2h0dHA6Ly9jcmwxLmFtZS5nYmwvYWlhL0NPMVBLSUlOVENBMDEuQU1FLkdCTF9BTUUlMjBJbmZyYSUyMENBJTIwMDUuY3J0MFMGCCsGAQUFBzAChkdodHRwOi8vY3JsMi5hbWUuZ2JsL2FpYS9DTzFQS0lJTlRDQTAxLkFNRS5HQkxfQU1FJTIwSW5mcmElMjBDQSUyMDA1LmNydDBTBggrBgEFBQcwAoZHaHR0cDovL2NybDMuYW1lLmdibC9haWEvQ08xUEtJSU5UQ0EwMS5BTUUuR0JMX0FNRSUyMEluZnJhJTIwQ0ElMjAwNS5jcnQwUwYIKwYBBQUHMAKGR2h0dHA6Ly9jcmw0LmFtZS5nYmwvYWlhL0NPMVBLSUlOVENBMDEuQU1FLkdCTF9BTUUlMjBJbmZyYSUyMENBJTIwMDUuY3J0MB0GA1UdDgQWBBQM39B_5hlROZQL6bGUve6R9sEqYjAOBgNVHQ8BAf8EBAMCBaAwggEmBgNVHR8EggEdMIIBGTCCARWgggERoIIBDYY_aHR0cDovL2NybC5taWNyb3NvZnQuY29tL3BraWluZnJhL0NSTC9BTUUlMjBJbmZyYSUyMENBJTIwMDUuY3JshjFodHRwOi8vY3JsMS5hbWUuZ2JsL2NybC9BTUUlMjBJbmZyYSUyMENBJTIwMDUuY3JshjFodHRwOi8vY3JsMi5hbWUuZ2JsL2NybC9BTUUlMjBJbmZyYSUyMENBJTIwMDUuY3JshjFodHRwOi8vY3JsMy5hbWUuZ2JsL2NybC9BTUUlMjBJbmZyYSUyMENBJTIwMDUuY3JshjFodHRwOi8vY3JsNC5hbWUuZ2JsL2NybC9BTUUlMjBJbmZyYSUyMENBJTIwMDUuY3JsMBcGA1UdIAQQMA4wDAYKKwYBBAGCN3sBATAfBgNVHSMEGDAWgBR61hmFKHlscXYeYPjzS--iBUIWHTAdBgNVHSUEFjAUBggrBgEFBQcDAQYIKwYBBQUHAwIwDQYJKoZIhvcNAQELBQADggEBAHsDVo-ubSySZd4FYJJzcvbu2RGLublq8xgAoGl9Jn-5zXXh0d0dSo9sYUruEmf4m6a5fl_ihkPtuaUSEA4aJeVGYNi0_RmMj42eIYHcT0kJI6SBebjMe5w97pOyrwCIkFJZt8dzXH61xgR1pxP7AUNRta8UJiNW2LW-tHESqFYdM1vy7psJr8GPGmCFFEsKKXF_D8JPy5jZeSmOGUDpAnIkLv9WBH5bgZtY04MH65HnKcpK-ibSQVEW-vC28USN1K6LWTUQeRQqn5ab_o3xar4VAxQblzVUO1VQ36cAgi1-47UUOGtjs7rkAUhkxzxO7Rwr5oYNiy8UzunbFY0cZEM\u0026s=ZqBpvfgQv-uoaxzey_ZCQCz7DyL-HlyJ-zGtUewb_wcRRQDOi8rPNkXH4n2O9nprsUJ9Lo5dXYKk0aE7zmU7B7_CcIeDZVQXVlcbCVwHIovW7Y83p0QZXR7Pc_RQIEHxU0z1RpooE7ivADD9M5lZNmku2ihNRzQnCdCpWIjAbeMdpTzffOIER4eUBRfozKMntevR17LIz9BJUEsA2BqIcsjwe_I8nTSY4K-RcZXxdaocNU6d6Vr-BaEEycPgQGy22FiX8UpaBVueZqYetemEpbV5haWwTEiHWTEPCfHwirx6K1cFONlkwTVWdUWKbUn8qd-QHuKeuddCkSPWCXJhJA\u0026h=DAWlvHZwLO4UuYFdqiSztRifK0vRSsUcn9YTU9SiI1Y",
      "RequestMethod": "GET",
      "RequestHeaders": {
        "Authorization": "Sanitized",
        "traceparent": "00-c375d53d9431a7b270de75bec01431b4-62267297e1cd8898-00",
        "User-Agent": "azsdk-net-ResourceManager/1.9.0 (.NET 7.0.14; Microsoft Windows 10.0.22635)",
        "x-ms-client-request-id": "0cb1c838f892c5e3bd01f4b77b9ab446",
        "x-ms-return-client-request-id": "true"
      },
      "RequestBody": null,
      "StatusCode": 200,
      "ResponseHeaders": {
        "Cache-Control": "no-cache",
        "Content-Length": "517",
        "Content-Type": "application/json; charset=utf-8",
        "Date": "Wed, 22 Nov 2023 14:06:41 GMT",
        "ETag": "\u0022e201463d-0000-0600-0000-655e0aeb0000\u0022",
        "Expires": "-1",
        "Pragma": "no-cache",
        "Strict-Transport-Security": "max-age=31536000; includeSubDomains",
        "X-Content-Type-Options": "nosniff",
        "x-ms-client-request-id": "0cb1c838f892c5e3bd01f4b77b9ab446",
        "x-ms-correlation-request-id": "c4551377-6e2f-4618-baa3-0732c9675145",
        "x-ms-ratelimit-remaining-tenant-reads": "11996",
        "x-ms-request-id": "84ba7fc3-6fb0-4206-8ae2-c903dae0ad42",
        "x-ms-routing-request-id": "SOUTHAFRICANORTH:20231122T140642Z:c4551377-6e2f-4618-baa3-0732c9675145"
      },
      "ResponseBody": {
        "id": "/providers/Nginx.NginxPlus/locations/WESTCENTRALUS/operationStatuses/c6c7c7c5-127d-4eb7-a8ee-41f5dcb5610a*5F4AF69E47D878874F7D5690EDDD4DDC25F83A99077855DF1FA406DBFED45AB0",
        "name": "c6c7c7c5-127d-4eb7-a8ee-41f5dcb5610a*5F4AF69E47D878874F7D5690EDDD4DDC25F83A99077855DF1FA406DBFED45AB0",
        "resourceId": "/subscriptions/1c835c29-68e9-40a7-8455-842925d04908/resourceGroups/Default-Nginx-9580/providers/Nginx.NginxPlus/nginxDeployments/testDeployment-3759",
        "status": "Accepted",
        "startTime": "2023-11-22T14:06:35.8370389Z"
      }
    },
    {
      "RequestUri": "https://management.azure.com/providers/Nginx.NginxPlus/locations/WESTCENTRALUS/operationStatuses/c6c7c7c5-127d-4eb7-a8ee-41f5dcb5610a*5F4AF69E47D878874F7D5690EDDD4DDC25F83A99077855DF1FA406DBFED45AB0?api-version=2023-04-01\u0026t=638362587973387234\u0026c=MIIHADCCBeigAwIBAgITfAQLJaXGjL3sIjyx5QAABAslpTANBgkqhkiG9w0BAQsFADBEMRMwEQYKCZImiZPyLGQBGRYDR0JMMRMwEQYKCZImiZPyLGQBGRYDQU1FMRgwFgYDVQQDEw9BTUUgSW5mcmEgQ0EgMDUwHhcNMjMxMTAxMDUzNjA0WhcNMjQxMDI2MDUzNjA0WjBAMT4wPAYDVQQDEzVhc3luY29wZXJhdGlvbnNpZ25pbmdjZXJ0aWZpY2F0ZS5tYW5hZ2VtZW50LmF6dXJlLmNvbTCCASIwDQYJKoZIhvcNAQEBBQADggEPADCCAQoCggEBAOLHUO7dPGVIoruKLdzUNswYmek-Nljw_QxU2vLAMiVNqgHD_TDk8bAf1OzE0jMQ9YykRPzRz7TtZfN7cFjIs3D5mJLWvnug2wph85PUl0n6fMWhTHR1zCazHdfEcFCLsYctkDhhIcW0L7tSMU8rcXT9_y5SxiYVfFca-rWaJ6tpJpc2ixCWdfbW7OO0zEHxgMEOWDhmNZoA8knKo6OH0iW04aNo6HoJuUrvPwf5P6NlfROEd4DQOKF4gkUbzlaeCcVkwkS_ZNgQxTKBqZqY-Q9BQTvnnq1WKS1kicyyQbsSTCEq9qni0WLWZ0-fTNJp8ljSN4aPuZ8bGCCgtTJCRvUCAwEAAaOCA-0wggPpMCcGCSsGAQQBgjcVCgQaMBgwCgYIKwYBBQUHAwEwCgYIKwYBBQUHAwIwPQYJKwYBBAGCNxUHBDAwLgYmKwYBBAGCNxUIhpDjDYTVtHiE8Ys-hZvdFs6dEoFggvX2K4Py0SACAWQCAQowggHLBggrBgEFBQcBAQSCAb0wggG5MGMGCCsGAQUFBzAChldodHRwOi8vY3JsLm1pY3Jvc29mdC5jb20vcGtpaW5mcmEvQ2VydHMvQ08xUEtJSU5UQ0EwMS5BTUUuR0JMX0FNRSUyMEluZnJhJTIwQ0ElMjAwNS5jcnQwUwYIKwYBBQUHMAKGR2h0dHA6Ly9jcmwxLmFtZS5nYmwvYWlhL0NPMVBLSUlOVENBMDEuQU1FLkdCTF9BTUUlMjBJbmZyYSUyMENBJTIwMDUuY3J0MFMGCCsGAQUFBzAChkdodHRwOi8vY3JsMi5hbWUuZ2JsL2FpYS9DTzFQS0lJTlRDQTAxLkFNRS5HQkxfQU1FJTIwSW5mcmElMjBDQSUyMDA1LmNydDBTBggrBgEFBQcwAoZHaHR0cDovL2NybDMuYW1lLmdibC9haWEvQ08xUEtJSU5UQ0EwMS5BTUUuR0JMX0FNRSUyMEluZnJhJTIwQ0ElMjAwNS5jcnQwUwYIKwYBBQUHMAKGR2h0dHA6Ly9jcmw0LmFtZS5nYmwvYWlhL0NPMVBLSUlOVENBMDEuQU1FLkdCTF9BTUUlMjBJbmZyYSUyMENBJTIwMDUuY3J0MB0GA1UdDgQWBBQM39B_5hlROZQL6bGUve6R9sEqYjAOBgNVHQ8BAf8EBAMCBaAwggEmBgNVHR8EggEdMIIBGTCCARWgggERoIIBDYY_aHR0cDovL2NybC5taWNyb3NvZnQuY29tL3BraWluZnJhL0NSTC9BTUUlMjBJbmZyYSUyMENBJTIwMDUuY3JshjFodHRwOi8vY3JsMS5hbWUuZ2JsL2NybC9BTUUlMjBJbmZyYSUyMENBJTIwMDUuY3JshjFodHRwOi8vY3JsMi5hbWUuZ2JsL2NybC9BTUUlMjBJbmZyYSUyMENBJTIwMDUuY3JshjFodHRwOi8vY3JsMy5hbWUuZ2JsL2NybC9BTUUlMjBJbmZyYSUyMENBJTIwMDUuY3JshjFodHRwOi8vY3JsNC5hbWUuZ2JsL2NybC9BTUUlMjBJbmZyYSUyMENBJTIwMDUuY3JsMBcGA1UdIAQQMA4wDAYKKwYBBAGCN3sBATAfBgNVHSMEGDAWgBR61hmFKHlscXYeYPjzS--iBUIWHTAdBgNVHSUEFjAUBggrBgEFBQcDAQYIKwYBBQUHAwIwDQYJKoZIhvcNAQELBQADggEBAHsDVo-ubSySZd4FYJJzcvbu2RGLublq8xgAoGl9Jn-5zXXh0d0dSo9sYUruEmf4m6a5fl_ihkPtuaUSEA4aJeVGYNi0_RmMj42eIYHcT0kJI6SBebjMe5w97pOyrwCIkFJZt8dzXH61xgR1pxP7AUNRta8UJiNW2LW-tHESqFYdM1vy7psJr8GPGmCFFEsKKXF_D8JPy5jZeSmOGUDpAnIkLv9WBH5bgZtY04MH65HnKcpK-ibSQVEW-vC28USN1K6LWTUQeRQqn5ab_o3xar4VAxQblzVUO1VQ36cAgi1-47UUOGtjs7rkAUhkxzxO7Rwr5oYNiy8UzunbFY0cZEM\u0026s=ZqBpvfgQv-uoaxzey_ZCQCz7DyL-HlyJ-zGtUewb_wcRRQDOi8rPNkXH4n2O9nprsUJ9Lo5dXYKk0aE7zmU7B7_CcIeDZVQXVlcbCVwHIovW7Y83p0QZXR7Pc_RQIEHxU0z1RpooE7ivADD9M5lZNmku2ihNRzQnCdCpWIjAbeMdpTzffOIER4eUBRfozKMntevR17LIz9BJUEsA2BqIcsjwe_I8nTSY4K-RcZXxdaocNU6d6Vr-BaEEycPgQGy22FiX8UpaBVueZqYetemEpbV5haWwTEiHWTEPCfHwirx6K1cFONlkwTVWdUWKbUn8qd-QHuKeuddCkSPWCXJhJA\u0026h=DAWlvHZwLO4UuYFdqiSztRifK0vRSsUcn9YTU9SiI1Y",
      "RequestMethod": "GET",
      "RequestHeaders": {
        "Authorization": "Sanitized",
        "traceparent": "00-c375d53d9431a7b270de75bec01431b4-9a8592cc74592a70-00",
        "User-Agent": "azsdk-net-ResourceManager/1.9.0 (.NET 7.0.14; Microsoft Windows 10.0.22635)",
        "x-ms-client-request-id": "f27685780e91ee5aefb7369015d9f5f3",
        "x-ms-return-client-request-id": "true"
      },
      "RequestBody": null,
      "StatusCode": 200,
      "ResponseHeaders": {
        "Cache-Control": "no-cache",
        "Content-Length": "517",
        "Content-Type": "application/json; charset=utf-8",
        "Date": "Wed, 22 Nov 2023 14:06:44 GMT",
        "ETag": "\u0022e201463d-0000-0600-0000-655e0aeb0000\u0022",
        "Expires": "-1",
        "Pragma": "no-cache",
        "Strict-Transport-Security": "max-age=31536000; includeSubDomains",
        "X-Content-Type-Options": "nosniff",
        "x-ms-client-request-id": "f27685780e91ee5aefb7369015d9f5f3",
        "x-ms-correlation-request-id": "a95fce7f-0e54-494c-a017-a7d81a53cae8",
        "x-ms-ratelimit-remaining-tenant-reads": "11995",
        "x-ms-request-id": "aa57e7b7-e9b5-4f68-bdf3-072e6b6bb692",
        "x-ms-routing-request-id": "SOUTHAFRICANORTH:20231122T140644Z:a95fce7f-0e54-494c-a017-a7d81a53cae8"
      },
      "ResponseBody": {
        "id": "/providers/Nginx.NginxPlus/locations/WESTCENTRALUS/operationStatuses/c6c7c7c5-127d-4eb7-a8ee-41f5dcb5610a*5F4AF69E47D878874F7D5690EDDD4DDC25F83A99077855DF1FA406DBFED45AB0",
        "name": "c6c7c7c5-127d-4eb7-a8ee-41f5dcb5610a*5F4AF69E47D878874F7D5690EDDD4DDC25F83A99077855DF1FA406DBFED45AB0",
        "resourceId": "/subscriptions/1c835c29-68e9-40a7-8455-842925d04908/resourceGroups/Default-Nginx-9580/providers/Nginx.NginxPlus/nginxDeployments/testDeployment-3759",
        "status": "Accepted",
        "startTime": "2023-11-22T14:06:35.8370389Z"
      }
    },
    {
      "RequestUri": "https://management.azure.com/providers/Nginx.NginxPlus/locations/WESTCENTRALUS/operationStatuses/c6c7c7c5-127d-4eb7-a8ee-41f5dcb5610a*5F4AF69E47D878874F7D5690EDDD4DDC25F83A99077855DF1FA406DBFED45AB0?api-version=2023-04-01\u0026t=638362587973387234\u0026c=MIIHADCCBeigAwIBAgITfAQLJaXGjL3sIjyx5QAABAslpTANBgkqhkiG9w0BAQsFADBEMRMwEQYKCZImiZPyLGQBGRYDR0JMMRMwEQYKCZImiZPyLGQBGRYDQU1FMRgwFgYDVQQDEw9BTUUgSW5mcmEgQ0EgMDUwHhcNMjMxMTAxMDUzNjA0WhcNMjQxMDI2MDUzNjA0WjBAMT4wPAYDVQQDEzVhc3luY29wZXJhdGlvbnNpZ25pbmdjZXJ0aWZpY2F0ZS5tYW5hZ2VtZW50LmF6dXJlLmNvbTCCASIwDQYJKoZIhvcNAQEBBQADggEPADCCAQoCggEBAOLHUO7dPGVIoruKLdzUNswYmek-Nljw_QxU2vLAMiVNqgHD_TDk8bAf1OzE0jMQ9YykRPzRz7TtZfN7cFjIs3D5mJLWvnug2wph85PUl0n6fMWhTHR1zCazHdfEcFCLsYctkDhhIcW0L7tSMU8rcXT9_y5SxiYVfFca-rWaJ6tpJpc2ixCWdfbW7OO0zEHxgMEOWDhmNZoA8knKo6OH0iW04aNo6HoJuUrvPwf5P6NlfROEd4DQOKF4gkUbzlaeCcVkwkS_ZNgQxTKBqZqY-Q9BQTvnnq1WKS1kicyyQbsSTCEq9qni0WLWZ0-fTNJp8ljSN4aPuZ8bGCCgtTJCRvUCAwEAAaOCA-0wggPpMCcGCSsGAQQBgjcVCgQaMBgwCgYIKwYBBQUHAwEwCgYIKwYBBQUHAwIwPQYJKwYBBAGCNxUHBDAwLgYmKwYBBAGCNxUIhpDjDYTVtHiE8Ys-hZvdFs6dEoFggvX2K4Py0SACAWQCAQowggHLBggrBgEFBQcBAQSCAb0wggG5MGMGCCsGAQUFBzAChldodHRwOi8vY3JsLm1pY3Jvc29mdC5jb20vcGtpaW5mcmEvQ2VydHMvQ08xUEtJSU5UQ0EwMS5BTUUuR0JMX0FNRSUyMEluZnJhJTIwQ0ElMjAwNS5jcnQwUwYIKwYBBQUHMAKGR2h0dHA6Ly9jcmwxLmFtZS5nYmwvYWlhL0NPMVBLSUlOVENBMDEuQU1FLkdCTF9BTUUlMjBJbmZyYSUyMENBJTIwMDUuY3J0MFMGCCsGAQUFBzAChkdodHRwOi8vY3JsMi5hbWUuZ2JsL2FpYS9DTzFQS0lJTlRDQTAxLkFNRS5HQkxfQU1FJTIwSW5mcmElMjBDQSUyMDA1LmNydDBTBggrBgEFBQcwAoZHaHR0cDovL2NybDMuYW1lLmdibC9haWEvQ08xUEtJSU5UQ0EwMS5BTUUuR0JMX0FNRSUyMEluZnJhJTIwQ0ElMjAwNS5jcnQwUwYIKwYBBQUHMAKGR2h0dHA6Ly9jcmw0LmFtZS5nYmwvYWlhL0NPMVBLSUlOVENBMDEuQU1FLkdCTF9BTUUlMjBJbmZyYSUyMENBJTIwMDUuY3J0MB0GA1UdDgQWBBQM39B_5hlROZQL6bGUve6R9sEqYjAOBgNVHQ8BAf8EBAMCBaAwggEmBgNVHR8EggEdMIIBGTCCARWgggERoIIBDYY_aHR0cDovL2NybC5taWNyb3NvZnQuY29tL3BraWluZnJhL0NSTC9BTUUlMjBJbmZyYSUyMENBJTIwMDUuY3JshjFodHRwOi8vY3JsMS5hbWUuZ2JsL2NybC9BTUUlMjBJbmZyYSUyMENBJTIwMDUuY3JshjFodHRwOi8vY3JsMi5hbWUuZ2JsL2NybC9BTUUlMjBJbmZyYSUyMENBJTIwMDUuY3JshjFodHRwOi8vY3JsMy5hbWUuZ2JsL2NybC9BTUUlMjBJbmZyYSUyMENBJTIwMDUuY3JshjFodHRwOi8vY3JsNC5hbWUuZ2JsL2NybC9BTUUlMjBJbmZyYSUyMENBJTIwMDUuY3JsMBcGA1UdIAQQMA4wDAYKKwYBBAGCN3sBATAfBgNVHSMEGDAWgBR61hmFKHlscXYeYPjzS--iBUIWHTAdBgNVHSUEFjAUBggrBgEFBQcDAQYIKwYBBQUHAwIwDQYJKoZIhvcNAQELBQADggEBAHsDVo-ubSySZd4FYJJzcvbu2RGLublq8xgAoGl9Jn-5zXXh0d0dSo9sYUruEmf4m6a5fl_ihkPtuaUSEA4aJeVGYNi0_RmMj42eIYHcT0kJI6SBebjMe5w97pOyrwCIkFJZt8dzXH61xgR1pxP7AUNRta8UJiNW2LW-tHESqFYdM1vy7psJr8GPGmCFFEsKKXF_D8JPy5jZeSmOGUDpAnIkLv9WBH5bgZtY04MH65HnKcpK-ibSQVEW-vC28USN1K6LWTUQeRQqn5ab_o3xar4VAxQblzVUO1VQ36cAgi1-47UUOGtjs7rkAUhkxzxO7Rwr5oYNiy8UzunbFY0cZEM\u0026s=ZqBpvfgQv-uoaxzey_ZCQCz7DyL-HlyJ-zGtUewb_wcRRQDOi8rPNkXH4n2O9nprsUJ9Lo5dXYKk0aE7zmU7B7_CcIeDZVQXVlcbCVwHIovW7Y83p0QZXR7Pc_RQIEHxU0z1RpooE7ivADD9M5lZNmku2ihNRzQnCdCpWIjAbeMdpTzffOIER4eUBRfozKMntevR17LIz9BJUEsA2BqIcsjwe_I8nTSY4K-RcZXxdaocNU6d6Vr-BaEEycPgQGy22FiX8UpaBVueZqYetemEpbV5haWwTEiHWTEPCfHwirx6K1cFONlkwTVWdUWKbUn8qd-QHuKeuddCkSPWCXJhJA\u0026h=DAWlvHZwLO4UuYFdqiSztRifK0vRSsUcn9YTU9SiI1Y",
      "RequestMethod": "GET",
      "RequestHeaders": {
        "Authorization": "Sanitized",
        "traceparent": "00-c375d53d9431a7b270de75bec01431b4-1eba8ecd0acba3e8-00",
        "User-Agent": "azsdk-net-ResourceManager/1.9.0 (.NET 7.0.14; Microsoft Windows 10.0.22635)",
        "x-ms-client-request-id": "1c38886f28307404c9306e38c4934e72",
        "x-ms-return-client-request-id": "true"
      },
      "RequestBody": null,
      "StatusCode": 200,
      "ResponseHeaders": {
        "Cache-Control": "no-cache",
        "Content-Length": "517",
        "Content-Type": "application/json; charset=utf-8",
        "Date": "Wed, 22 Nov 2023 14:06:48 GMT",
        "ETag": "\u0022e201463d-0000-0600-0000-655e0aeb0000\u0022",
        "Expires": "-1",
        "Pragma": "no-cache",
        "Strict-Transport-Security": "max-age=31536000; includeSubDomains",
        "X-Content-Type-Options": "nosniff",
        "x-ms-client-request-id": "1c38886f28307404c9306e38c4934e72",
        "x-ms-correlation-request-id": "3e2e53fb-e55c-4650-b5d2-ab4ba6d22b7d",
        "x-ms-ratelimit-remaining-tenant-reads": "11994",
        "x-ms-request-id": "20229a7b-6df2-41ca-858f-2b1a0cbaf48f",
        "x-ms-routing-request-id": "SOUTHAFRICANORTH:20231122T140649Z:3e2e53fb-e55c-4650-b5d2-ab4ba6d22b7d"
      },
      "ResponseBody": {
        "id": "/providers/Nginx.NginxPlus/locations/WESTCENTRALUS/operationStatuses/c6c7c7c5-127d-4eb7-a8ee-41f5dcb5610a*5F4AF69E47D878874F7D5690EDDD4DDC25F83A99077855DF1FA406DBFED45AB0",
        "name": "c6c7c7c5-127d-4eb7-a8ee-41f5dcb5610a*5F4AF69E47D878874F7D5690EDDD4DDC25F83A99077855DF1FA406DBFED45AB0",
        "resourceId": "/subscriptions/1c835c29-68e9-40a7-8455-842925d04908/resourceGroups/Default-Nginx-9580/providers/Nginx.NginxPlus/nginxDeployments/testDeployment-3759",
        "status": "Accepted",
        "startTime": "2023-11-22T14:06:35.8370389Z"
      }
    },
    {
      "RequestUri": "https://management.azure.com/providers/Nginx.NginxPlus/locations/WESTCENTRALUS/operationStatuses/c6c7c7c5-127d-4eb7-a8ee-41f5dcb5610a*5F4AF69E47D878874F7D5690EDDD4DDC25F83A99077855DF1FA406DBFED45AB0?api-version=2023-04-01\u0026t=638362587973387234\u0026c=MIIHADCCBeigAwIBAgITfAQLJaXGjL3sIjyx5QAABAslpTANBgkqhkiG9w0BAQsFADBEMRMwEQYKCZImiZPyLGQBGRYDR0JMMRMwEQYKCZImiZPyLGQBGRYDQU1FMRgwFgYDVQQDEw9BTUUgSW5mcmEgQ0EgMDUwHhcNMjMxMTAxMDUzNjA0WhcNMjQxMDI2MDUzNjA0WjBAMT4wPAYDVQQDEzVhc3luY29wZXJhdGlvbnNpZ25pbmdjZXJ0aWZpY2F0ZS5tYW5hZ2VtZW50LmF6dXJlLmNvbTCCASIwDQYJKoZIhvcNAQEBBQADggEPADCCAQoCggEBAOLHUO7dPGVIoruKLdzUNswYmek-Nljw_QxU2vLAMiVNqgHD_TDk8bAf1OzE0jMQ9YykRPzRz7TtZfN7cFjIs3D5mJLWvnug2wph85PUl0n6fMWhTHR1zCazHdfEcFCLsYctkDhhIcW0L7tSMU8rcXT9_y5SxiYVfFca-rWaJ6tpJpc2ixCWdfbW7OO0zEHxgMEOWDhmNZoA8knKo6OH0iW04aNo6HoJuUrvPwf5P6NlfROEd4DQOKF4gkUbzlaeCcVkwkS_ZNgQxTKBqZqY-Q9BQTvnnq1WKS1kicyyQbsSTCEq9qni0WLWZ0-fTNJp8ljSN4aPuZ8bGCCgtTJCRvUCAwEAAaOCA-0wggPpMCcGCSsGAQQBgjcVCgQaMBgwCgYIKwYBBQUHAwEwCgYIKwYBBQUHAwIwPQYJKwYBBAGCNxUHBDAwLgYmKwYBBAGCNxUIhpDjDYTVtHiE8Ys-hZvdFs6dEoFggvX2K4Py0SACAWQCAQowggHLBggrBgEFBQcBAQSCAb0wggG5MGMGCCsGAQUFBzAChldodHRwOi8vY3JsLm1pY3Jvc29mdC5jb20vcGtpaW5mcmEvQ2VydHMvQ08xUEtJSU5UQ0EwMS5BTUUuR0JMX0FNRSUyMEluZnJhJTIwQ0ElMjAwNS5jcnQwUwYIKwYBBQUHMAKGR2h0dHA6Ly9jcmwxLmFtZS5nYmwvYWlhL0NPMVBLSUlOVENBMDEuQU1FLkdCTF9BTUUlMjBJbmZyYSUyMENBJTIwMDUuY3J0MFMGCCsGAQUFBzAChkdodHRwOi8vY3JsMi5hbWUuZ2JsL2FpYS9DTzFQS0lJTlRDQTAxLkFNRS5HQkxfQU1FJTIwSW5mcmElMjBDQSUyMDA1LmNydDBTBggrBgEFBQcwAoZHaHR0cDovL2NybDMuYW1lLmdibC9haWEvQ08xUEtJSU5UQ0EwMS5BTUUuR0JMX0FNRSUyMEluZnJhJTIwQ0ElMjAwNS5jcnQwUwYIKwYBBQUHMAKGR2h0dHA6Ly9jcmw0LmFtZS5nYmwvYWlhL0NPMVBLSUlOVENBMDEuQU1FLkdCTF9BTUUlMjBJbmZyYSUyMENBJTIwMDUuY3J0MB0GA1UdDgQWBBQM39B_5hlROZQL6bGUve6R9sEqYjAOBgNVHQ8BAf8EBAMCBaAwggEmBgNVHR8EggEdMIIBGTCCARWgggERoIIBDYY_aHR0cDovL2NybC5taWNyb3NvZnQuY29tL3BraWluZnJhL0NSTC9BTUUlMjBJbmZyYSUyMENBJTIwMDUuY3JshjFodHRwOi8vY3JsMS5hbWUuZ2JsL2NybC9BTUUlMjBJbmZyYSUyMENBJTIwMDUuY3JshjFodHRwOi8vY3JsMi5hbWUuZ2JsL2NybC9BTUUlMjBJbmZyYSUyMENBJTIwMDUuY3JshjFodHRwOi8vY3JsMy5hbWUuZ2JsL2NybC9BTUUlMjBJbmZyYSUyMENBJTIwMDUuY3JshjFodHRwOi8vY3JsNC5hbWUuZ2JsL2NybC9BTUUlMjBJbmZyYSUyMENBJTIwMDUuY3JsMBcGA1UdIAQQMA4wDAYKKwYBBAGCN3sBATAfBgNVHSMEGDAWgBR61hmFKHlscXYeYPjzS--iBUIWHTAdBgNVHSUEFjAUBggrBgEFBQcDAQYIKwYBBQUHAwIwDQYJKoZIhvcNAQELBQADggEBAHsDVo-ubSySZd4FYJJzcvbu2RGLublq8xgAoGl9Jn-5zXXh0d0dSo9sYUruEmf4m6a5fl_ihkPtuaUSEA4aJeVGYNi0_RmMj42eIYHcT0kJI6SBebjMe5w97pOyrwCIkFJZt8dzXH61xgR1pxP7AUNRta8UJiNW2LW-tHESqFYdM1vy7psJr8GPGmCFFEsKKXF_D8JPy5jZeSmOGUDpAnIkLv9WBH5bgZtY04MH65HnKcpK-ibSQVEW-vC28USN1K6LWTUQeRQqn5ab_o3xar4VAxQblzVUO1VQ36cAgi1-47UUOGtjs7rkAUhkxzxO7Rwr5oYNiy8UzunbFY0cZEM\u0026s=ZqBpvfgQv-uoaxzey_ZCQCz7DyL-HlyJ-zGtUewb_wcRRQDOi8rPNkXH4n2O9nprsUJ9Lo5dXYKk0aE7zmU7B7_CcIeDZVQXVlcbCVwHIovW7Y83p0QZXR7Pc_RQIEHxU0z1RpooE7ivADD9M5lZNmku2ihNRzQnCdCpWIjAbeMdpTzffOIER4eUBRfozKMntevR17LIz9BJUEsA2BqIcsjwe_I8nTSY4K-RcZXxdaocNU6d6Vr-BaEEycPgQGy22FiX8UpaBVueZqYetemEpbV5haWwTEiHWTEPCfHwirx6K1cFONlkwTVWdUWKbUn8qd-QHuKeuddCkSPWCXJhJA\u0026h=DAWlvHZwLO4UuYFdqiSztRifK0vRSsUcn9YTU9SiI1Y",
      "RequestMethod": "GET",
      "RequestHeaders": {
        "Authorization": "Sanitized",
        "traceparent": "00-c375d53d9431a7b270de75bec01431b4-d498f160e65a273b-00",
        "User-Agent": "azsdk-net-ResourceManager/1.9.0 (.NET 7.0.14; Microsoft Windows 10.0.22635)",
        "x-ms-client-request-id": "9631660ad61a2ac96dc31ddbc253b0e4",
        "x-ms-return-client-request-id": "true"
      },
      "RequestBody": null,
      "StatusCode": 200,
      "ResponseHeaders": {
        "Cache-Control": "no-cache",
        "Content-Length": "517",
        "Content-Type": "application/json; charset=utf-8",
        "Date": "Wed, 22 Nov 2023 14:06:56 GMT",
        "ETag": "\u0022e201463d-0000-0600-0000-655e0aeb0000\u0022",
        "Expires": "-1",
        "Pragma": "no-cache",
        "Strict-Transport-Security": "max-age=31536000; includeSubDomains",
        "X-Content-Type-Options": "nosniff",
        "x-ms-client-request-id": "9631660ad61a2ac96dc31ddbc253b0e4",
        "x-ms-correlation-request-id": "0f8e5e53-dac2-480a-94e8-ffb0b96618c3",
        "x-ms-ratelimit-remaining-tenant-reads": "11993",
        "x-ms-request-id": "97213431-abcc-44d2-9fae-4146e1797e77",
        "x-ms-routing-request-id": "SOUTHAFRICANORTH:20231122T140657Z:0f8e5e53-dac2-480a-94e8-ffb0b96618c3"
      },
      "ResponseBody": {
        "id": "/providers/Nginx.NginxPlus/locations/WESTCENTRALUS/operationStatuses/c6c7c7c5-127d-4eb7-a8ee-41f5dcb5610a*5F4AF69E47D878874F7D5690EDDD4DDC25F83A99077855DF1FA406DBFED45AB0",
        "name": "c6c7c7c5-127d-4eb7-a8ee-41f5dcb5610a*5F4AF69E47D878874F7D5690EDDD4DDC25F83A99077855DF1FA406DBFED45AB0",
        "resourceId": "/subscriptions/1c835c29-68e9-40a7-8455-842925d04908/resourceGroups/Default-Nginx-9580/providers/Nginx.NginxPlus/nginxDeployments/testDeployment-3759",
        "status": "Accepted",
        "startTime": "2023-11-22T14:06:35.8370389Z"
      }
    },
    {
      "RequestUri": "https://management.azure.com/providers/Nginx.NginxPlus/locations/WESTCENTRALUS/operationStatuses/c6c7c7c5-127d-4eb7-a8ee-41f5dcb5610a*5F4AF69E47D878874F7D5690EDDD4DDC25F83A99077855DF1FA406DBFED45AB0?api-version=2023-04-01\u0026t=638362587973387234\u0026c=MIIHADCCBeigAwIBAgITfAQLJaXGjL3sIjyx5QAABAslpTANBgkqhkiG9w0BAQsFADBEMRMwEQYKCZImiZPyLGQBGRYDR0JMMRMwEQYKCZImiZPyLGQBGRYDQU1FMRgwFgYDVQQDEw9BTUUgSW5mcmEgQ0EgMDUwHhcNMjMxMTAxMDUzNjA0WhcNMjQxMDI2MDUzNjA0WjBAMT4wPAYDVQQDEzVhc3luY29wZXJhdGlvbnNpZ25pbmdjZXJ0aWZpY2F0ZS5tYW5hZ2VtZW50LmF6dXJlLmNvbTCCASIwDQYJKoZIhvcNAQEBBQADggEPADCCAQoCggEBAOLHUO7dPGVIoruKLdzUNswYmek-Nljw_QxU2vLAMiVNqgHD_TDk8bAf1OzE0jMQ9YykRPzRz7TtZfN7cFjIs3D5mJLWvnug2wph85PUl0n6fMWhTHR1zCazHdfEcFCLsYctkDhhIcW0L7tSMU8rcXT9_y5SxiYVfFca-rWaJ6tpJpc2ixCWdfbW7OO0zEHxgMEOWDhmNZoA8knKo6OH0iW04aNo6HoJuUrvPwf5P6NlfROEd4DQOKF4gkUbzlaeCcVkwkS_ZNgQxTKBqZqY-Q9BQTvnnq1WKS1kicyyQbsSTCEq9qni0WLWZ0-fTNJp8ljSN4aPuZ8bGCCgtTJCRvUCAwEAAaOCA-0wggPpMCcGCSsGAQQBgjcVCgQaMBgwCgYIKwYBBQUHAwEwCgYIKwYBBQUHAwIwPQYJKwYBBAGCNxUHBDAwLgYmKwYBBAGCNxUIhpDjDYTVtHiE8Ys-hZvdFs6dEoFggvX2K4Py0SACAWQCAQowggHLBggrBgEFBQcBAQSCAb0wggG5MGMGCCsGAQUFBzAChldodHRwOi8vY3JsLm1pY3Jvc29mdC5jb20vcGtpaW5mcmEvQ2VydHMvQ08xUEtJSU5UQ0EwMS5BTUUuR0JMX0FNRSUyMEluZnJhJTIwQ0ElMjAwNS5jcnQwUwYIKwYBBQUHMAKGR2h0dHA6Ly9jcmwxLmFtZS5nYmwvYWlhL0NPMVBLSUlOVENBMDEuQU1FLkdCTF9BTUUlMjBJbmZyYSUyMENBJTIwMDUuY3J0MFMGCCsGAQUFBzAChkdodHRwOi8vY3JsMi5hbWUuZ2JsL2FpYS9DTzFQS0lJTlRDQTAxLkFNRS5HQkxfQU1FJTIwSW5mcmElMjBDQSUyMDA1LmNydDBTBggrBgEFBQcwAoZHaHR0cDovL2NybDMuYW1lLmdibC9haWEvQ08xUEtJSU5UQ0EwMS5BTUUuR0JMX0FNRSUyMEluZnJhJTIwQ0ElMjAwNS5jcnQwUwYIKwYBBQUHMAKGR2h0dHA6Ly9jcmw0LmFtZS5nYmwvYWlhL0NPMVBLSUlOVENBMDEuQU1FLkdCTF9BTUUlMjBJbmZyYSUyMENBJTIwMDUuY3J0MB0GA1UdDgQWBBQM39B_5hlROZQL6bGUve6R9sEqYjAOBgNVHQ8BAf8EBAMCBaAwggEmBgNVHR8EggEdMIIBGTCCARWgggERoIIBDYY_aHR0cDovL2NybC5taWNyb3NvZnQuY29tL3BraWluZnJhL0NSTC9BTUUlMjBJbmZyYSUyMENBJTIwMDUuY3JshjFodHRwOi8vY3JsMS5hbWUuZ2JsL2NybC9BTUUlMjBJbmZyYSUyMENBJTIwMDUuY3JshjFodHRwOi8vY3JsMi5hbWUuZ2JsL2NybC9BTUUlMjBJbmZyYSUyMENBJTIwMDUuY3JshjFodHRwOi8vY3JsMy5hbWUuZ2JsL2NybC9BTUUlMjBJbmZyYSUyMENBJTIwMDUuY3JshjFodHRwOi8vY3JsNC5hbWUuZ2JsL2NybC9BTUUlMjBJbmZyYSUyMENBJTIwMDUuY3JsMBcGA1UdIAQQMA4wDAYKKwYBBAGCN3sBATAfBgNVHSMEGDAWgBR61hmFKHlscXYeYPjzS--iBUIWHTAdBgNVHSUEFjAUBggrBgEFBQcDAQYIKwYBBQUHAwIwDQYJKoZIhvcNAQELBQADggEBAHsDVo-ubSySZd4FYJJzcvbu2RGLublq8xgAoGl9Jn-5zXXh0d0dSo9sYUruEmf4m6a5fl_ihkPtuaUSEA4aJeVGYNi0_RmMj42eIYHcT0kJI6SBebjMe5w97pOyrwCIkFJZt8dzXH61xgR1pxP7AUNRta8UJiNW2LW-tHESqFYdM1vy7psJr8GPGmCFFEsKKXF_D8JPy5jZeSmOGUDpAnIkLv9WBH5bgZtY04MH65HnKcpK-ibSQVEW-vC28USN1K6LWTUQeRQqn5ab_o3xar4VAxQblzVUO1VQ36cAgi1-47UUOGtjs7rkAUhkxzxO7Rwr5oYNiy8UzunbFY0cZEM\u0026s=ZqBpvfgQv-uoaxzey_ZCQCz7DyL-HlyJ-zGtUewb_wcRRQDOi8rPNkXH4n2O9nprsUJ9Lo5dXYKk0aE7zmU7B7_CcIeDZVQXVlcbCVwHIovW7Y83p0QZXR7Pc_RQIEHxU0z1RpooE7ivADD9M5lZNmku2ihNRzQnCdCpWIjAbeMdpTzffOIER4eUBRfozKMntevR17LIz9BJUEsA2BqIcsjwe_I8nTSY4K-RcZXxdaocNU6d6Vr-BaEEycPgQGy22FiX8UpaBVueZqYetemEpbV5haWwTEiHWTEPCfHwirx6K1cFONlkwTVWdUWKbUn8qd-QHuKeuddCkSPWCXJhJA\u0026h=DAWlvHZwLO4UuYFdqiSztRifK0vRSsUcn9YTU9SiI1Y",
      "RequestMethod": "GET",
      "RequestHeaders": {
        "Authorization": "Sanitized",
        "traceparent": "00-c375d53d9431a7b270de75bec01431b4-89c38afe0c84c77e-00",
        "User-Agent": "azsdk-net-ResourceManager/1.9.0 (.NET 7.0.14; Microsoft Windows 10.0.22635)",
        "x-ms-client-request-id": "f248000b98615015810129619f22295b",
        "x-ms-return-client-request-id": "true"
      },
      "RequestBody": null,
      "StatusCode": 200,
      "ResponseHeaders": {
        "Cache-Control": "no-cache",
        "Content-Length": "517",
        "Content-Type": "application/json; charset=utf-8",
        "Date": "Wed, 22 Nov 2023 14:07:13 GMT",
        "ETag": "\u0022e201463d-0000-0600-0000-655e0aeb0000\u0022",
        "Expires": "-1",
        "Pragma": "no-cache",
        "Strict-Transport-Security": "max-age=31536000; includeSubDomains",
        "X-Content-Type-Options": "nosniff",
        "x-ms-client-request-id": "f248000b98615015810129619f22295b",
        "x-ms-correlation-request-id": "92587f08-8f44-4d96-8d78-bd33b19c2fae",
        "x-ms-ratelimit-remaining-tenant-reads": "11992",
        "x-ms-request-id": "44bbeab8-82ad-4bd6-9e7e-7f0373a9ddc4",
        "x-ms-routing-request-id": "SOUTHAFRICANORTH:20231122T140713Z:92587f08-8f44-4d96-8d78-bd33b19c2fae"
      },
      "ResponseBody": {
        "id": "/providers/Nginx.NginxPlus/locations/WESTCENTRALUS/operationStatuses/c6c7c7c5-127d-4eb7-a8ee-41f5dcb5610a*5F4AF69E47D878874F7D5690EDDD4DDC25F83A99077855DF1FA406DBFED45AB0",
        "name": "c6c7c7c5-127d-4eb7-a8ee-41f5dcb5610a*5F4AF69E47D878874F7D5690EDDD4DDC25F83A99077855DF1FA406DBFED45AB0",
        "resourceId": "/subscriptions/1c835c29-68e9-40a7-8455-842925d04908/resourceGroups/Default-Nginx-9580/providers/Nginx.NginxPlus/nginxDeployments/testDeployment-3759",
        "status": "Accepted",
        "startTime": "2023-11-22T14:06:35.8370389Z"
      }
    },
    {
      "RequestUri": "https://management.azure.com/providers/Nginx.NginxPlus/locations/WESTCENTRALUS/operationStatuses/c6c7c7c5-127d-4eb7-a8ee-41f5dcb5610a*5F4AF69E47D878874F7D5690EDDD4DDC25F83A99077855DF1FA406DBFED45AB0?api-version=2023-04-01\u0026t=638362587973387234\u0026c=MIIHADCCBeigAwIBAgITfAQLJaXGjL3sIjyx5QAABAslpTANBgkqhkiG9w0BAQsFADBEMRMwEQYKCZImiZPyLGQBGRYDR0JMMRMwEQYKCZImiZPyLGQBGRYDQU1FMRgwFgYDVQQDEw9BTUUgSW5mcmEgQ0EgMDUwHhcNMjMxMTAxMDUzNjA0WhcNMjQxMDI2MDUzNjA0WjBAMT4wPAYDVQQDEzVhc3luY29wZXJhdGlvbnNpZ25pbmdjZXJ0aWZpY2F0ZS5tYW5hZ2VtZW50LmF6dXJlLmNvbTCCASIwDQYJKoZIhvcNAQEBBQADggEPADCCAQoCggEBAOLHUO7dPGVIoruKLdzUNswYmek-Nljw_QxU2vLAMiVNqgHD_TDk8bAf1OzE0jMQ9YykRPzRz7TtZfN7cFjIs3D5mJLWvnug2wph85PUl0n6fMWhTHR1zCazHdfEcFCLsYctkDhhIcW0L7tSMU8rcXT9_y5SxiYVfFca-rWaJ6tpJpc2ixCWdfbW7OO0zEHxgMEOWDhmNZoA8knKo6OH0iW04aNo6HoJuUrvPwf5P6NlfROEd4DQOKF4gkUbzlaeCcVkwkS_ZNgQxTKBqZqY-Q9BQTvnnq1WKS1kicyyQbsSTCEq9qni0WLWZ0-fTNJp8ljSN4aPuZ8bGCCgtTJCRvUCAwEAAaOCA-0wggPpMCcGCSsGAQQBgjcVCgQaMBgwCgYIKwYBBQUHAwEwCgYIKwYBBQUHAwIwPQYJKwYBBAGCNxUHBDAwLgYmKwYBBAGCNxUIhpDjDYTVtHiE8Ys-hZvdFs6dEoFggvX2K4Py0SACAWQCAQowggHLBggrBgEFBQcBAQSCAb0wggG5MGMGCCsGAQUFBzAChldodHRwOi8vY3JsLm1pY3Jvc29mdC5jb20vcGtpaW5mcmEvQ2VydHMvQ08xUEtJSU5UQ0EwMS5BTUUuR0JMX0FNRSUyMEluZnJhJTIwQ0ElMjAwNS5jcnQwUwYIKwYBBQUHMAKGR2h0dHA6Ly9jcmwxLmFtZS5nYmwvYWlhL0NPMVBLSUlOVENBMDEuQU1FLkdCTF9BTUUlMjBJbmZyYSUyMENBJTIwMDUuY3J0MFMGCCsGAQUFBzAChkdodHRwOi8vY3JsMi5hbWUuZ2JsL2FpYS9DTzFQS0lJTlRDQTAxLkFNRS5HQkxfQU1FJTIwSW5mcmElMjBDQSUyMDA1LmNydDBTBggrBgEFBQcwAoZHaHR0cDovL2NybDMuYW1lLmdibC9haWEvQ08xUEtJSU5UQ0EwMS5BTUUuR0JMX0FNRSUyMEluZnJhJTIwQ0ElMjAwNS5jcnQwUwYIKwYBBQUHMAKGR2h0dHA6Ly9jcmw0LmFtZS5nYmwvYWlhL0NPMVBLSUlOVENBMDEuQU1FLkdCTF9BTUUlMjBJbmZyYSUyMENBJTIwMDUuY3J0MB0GA1UdDgQWBBQM39B_5hlROZQL6bGUve6R9sEqYjAOBgNVHQ8BAf8EBAMCBaAwggEmBgNVHR8EggEdMIIBGTCCARWgggERoIIBDYY_aHR0cDovL2NybC5taWNyb3NvZnQuY29tL3BraWluZnJhL0NSTC9BTUUlMjBJbmZyYSUyMENBJTIwMDUuY3JshjFodHRwOi8vY3JsMS5hbWUuZ2JsL2NybC9BTUUlMjBJbmZyYSUyMENBJTIwMDUuY3JshjFodHRwOi8vY3JsMi5hbWUuZ2JsL2NybC9BTUUlMjBJbmZyYSUyMENBJTIwMDUuY3JshjFodHRwOi8vY3JsMy5hbWUuZ2JsL2NybC9BTUUlMjBJbmZyYSUyMENBJTIwMDUuY3JshjFodHRwOi8vY3JsNC5hbWUuZ2JsL2NybC9BTUUlMjBJbmZyYSUyMENBJTIwMDUuY3JsMBcGA1UdIAQQMA4wDAYKKwYBBAGCN3sBATAfBgNVHSMEGDAWgBR61hmFKHlscXYeYPjzS--iBUIWHTAdBgNVHSUEFjAUBggrBgEFBQcDAQYIKwYBBQUHAwIwDQYJKoZIhvcNAQELBQADggEBAHsDVo-ubSySZd4FYJJzcvbu2RGLublq8xgAoGl9Jn-5zXXh0d0dSo9sYUruEmf4m6a5fl_ihkPtuaUSEA4aJeVGYNi0_RmMj42eIYHcT0kJI6SBebjMe5w97pOyrwCIkFJZt8dzXH61xgR1pxP7AUNRta8UJiNW2LW-tHESqFYdM1vy7psJr8GPGmCFFEsKKXF_D8JPy5jZeSmOGUDpAnIkLv9WBH5bgZtY04MH65HnKcpK-ibSQVEW-vC28USN1K6LWTUQeRQqn5ab_o3xar4VAxQblzVUO1VQ36cAgi1-47UUOGtjs7rkAUhkxzxO7Rwr5oYNiy8UzunbFY0cZEM\u0026s=ZqBpvfgQv-uoaxzey_ZCQCz7DyL-HlyJ-zGtUewb_wcRRQDOi8rPNkXH4n2O9nprsUJ9Lo5dXYKk0aE7zmU7B7_CcIeDZVQXVlcbCVwHIovW7Y83p0QZXR7Pc_RQIEHxU0z1RpooE7ivADD9M5lZNmku2ihNRzQnCdCpWIjAbeMdpTzffOIER4eUBRfozKMntevR17LIz9BJUEsA2BqIcsjwe_I8nTSY4K-RcZXxdaocNU6d6Vr-BaEEycPgQGy22FiX8UpaBVueZqYetemEpbV5haWwTEiHWTEPCfHwirx6K1cFONlkwTVWdUWKbUn8qd-QHuKeuddCkSPWCXJhJA\u0026h=DAWlvHZwLO4UuYFdqiSztRifK0vRSsUcn9YTU9SiI1Y",
      "RequestMethod": "GET",
      "RequestHeaders": {
        "Authorization": "Sanitized",
        "traceparent": "00-c375d53d9431a7b270de75bec01431b4-848cd33bda15344d-00",
        "User-Agent": "azsdk-net-ResourceManager/1.9.0 (.NET 7.0.14; Microsoft Windows 10.0.22635)",
        "x-ms-client-request-id": "af85c3695ea798d9bf0eae6d0a29b275",
        "x-ms-return-client-request-id": "true"
      },
      "RequestBody": null,
      "StatusCode": 200,
      "ResponseHeaders": {
        "Cache-Control": "no-cache",
        "Content-Length": "517",
        "Content-Type": "application/json; charset=utf-8",
        "Date": "Wed, 22 Nov 2023 14:07:45 GMT",
        "ETag": "\u0022e201463d-0000-0600-0000-655e0aeb0000\u0022",
        "Expires": "-1",
        "Pragma": "no-cache",
        "Strict-Transport-Security": "max-age=31536000; includeSubDomains",
        "X-Content-Type-Options": "nosniff",
        "x-ms-client-request-id": "af85c3695ea798d9bf0eae6d0a29b275",
        "x-ms-correlation-request-id": "ba7ebdeb-5c07-4e60-a6b9-f664606df421",
        "x-ms-ratelimit-remaining-tenant-reads": "11991",
        "x-ms-request-id": "55c85522-9946-4bc5-904d-9d230e1ed60f",
        "x-ms-routing-request-id": "SOUTHAFRICANORTH:20231122T140746Z:ba7ebdeb-5c07-4e60-a6b9-f664606df421"
      },
      "ResponseBody": {
        "id": "/providers/Nginx.NginxPlus/locations/WESTCENTRALUS/operationStatuses/c6c7c7c5-127d-4eb7-a8ee-41f5dcb5610a*5F4AF69E47D878874F7D5690EDDD4DDC25F83A99077855DF1FA406DBFED45AB0",
        "name": "c6c7c7c5-127d-4eb7-a8ee-41f5dcb5610a*5F4AF69E47D878874F7D5690EDDD4DDC25F83A99077855DF1FA406DBFED45AB0",
        "resourceId": "/subscriptions/1c835c29-68e9-40a7-8455-842925d04908/resourceGroups/Default-Nginx-9580/providers/Nginx.NginxPlus/nginxDeployments/testDeployment-3759",
        "status": "Accepted",
        "startTime": "2023-11-22T14:06:35.8370389Z"
      }
    },
    {
      "RequestUri": "https://management.azure.com/providers/Nginx.NginxPlus/locations/WESTCENTRALUS/operationStatuses/c6c7c7c5-127d-4eb7-a8ee-41f5dcb5610a*5F4AF69E47D878874F7D5690EDDD4DDC25F83A99077855DF1FA406DBFED45AB0?api-version=2023-04-01\u0026t=638362587973387234\u0026c=MIIHADCCBeigAwIBAgITfAQLJaXGjL3sIjyx5QAABAslpTANBgkqhkiG9w0BAQsFADBEMRMwEQYKCZImiZPyLGQBGRYDR0JMMRMwEQYKCZImiZPyLGQBGRYDQU1FMRgwFgYDVQQDEw9BTUUgSW5mcmEgQ0EgMDUwHhcNMjMxMTAxMDUzNjA0WhcNMjQxMDI2MDUzNjA0WjBAMT4wPAYDVQQDEzVhc3luY29wZXJhdGlvbnNpZ25pbmdjZXJ0aWZpY2F0ZS5tYW5hZ2VtZW50LmF6dXJlLmNvbTCCASIwDQYJKoZIhvcNAQEBBQADggEPADCCAQoCggEBAOLHUO7dPGVIoruKLdzUNswYmek-Nljw_QxU2vLAMiVNqgHD_TDk8bAf1OzE0jMQ9YykRPzRz7TtZfN7cFjIs3D5mJLWvnug2wph85PUl0n6fMWhTHR1zCazHdfEcFCLsYctkDhhIcW0L7tSMU8rcXT9_y5SxiYVfFca-rWaJ6tpJpc2ixCWdfbW7OO0zEHxgMEOWDhmNZoA8knKo6OH0iW04aNo6HoJuUrvPwf5P6NlfROEd4DQOKF4gkUbzlaeCcVkwkS_ZNgQxTKBqZqY-Q9BQTvnnq1WKS1kicyyQbsSTCEq9qni0WLWZ0-fTNJp8ljSN4aPuZ8bGCCgtTJCRvUCAwEAAaOCA-0wggPpMCcGCSsGAQQBgjcVCgQaMBgwCgYIKwYBBQUHAwEwCgYIKwYBBQUHAwIwPQYJKwYBBAGCNxUHBDAwLgYmKwYBBAGCNxUIhpDjDYTVtHiE8Ys-hZvdFs6dEoFggvX2K4Py0SACAWQCAQowggHLBggrBgEFBQcBAQSCAb0wggG5MGMGCCsGAQUFBzAChldodHRwOi8vY3JsLm1pY3Jvc29mdC5jb20vcGtpaW5mcmEvQ2VydHMvQ08xUEtJSU5UQ0EwMS5BTUUuR0JMX0FNRSUyMEluZnJhJTIwQ0ElMjAwNS5jcnQwUwYIKwYBBQUHMAKGR2h0dHA6Ly9jcmwxLmFtZS5nYmwvYWlhL0NPMVBLSUlOVENBMDEuQU1FLkdCTF9BTUUlMjBJbmZyYSUyMENBJTIwMDUuY3J0MFMGCCsGAQUFBzAChkdodHRwOi8vY3JsMi5hbWUuZ2JsL2FpYS9DTzFQS0lJTlRDQTAxLkFNRS5HQkxfQU1FJTIwSW5mcmElMjBDQSUyMDA1LmNydDBTBggrBgEFBQcwAoZHaHR0cDovL2NybDMuYW1lLmdibC9haWEvQ08xUEtJSU5UQ0EwMS5BTUUuR0JMX0FNRSUyMEluZnJhJTIwQ0ElMjAwNS5jcnQwUwYIKwYBBQUHMAKGR2h0dHA6Ly9jcmw0LmFtZS5nYmwvYWlhL0NPMVBLSUlOVENBMDEuQU1FLkdCTF9BTUUlMjBJbmZyYSUyMENBJTIwMDUuY3J0MB0GA1UdDgQWBBQM39B_5hlROZQL6bGUve6R9sEqYjAOBgNVHQ8BAf8EBAMCBaAwggEmBgNVHR8EggEdMIIBGTCCARWgggERoIIBDYY_aHR0cDovL2NybC5taWNyb3NvZnQuY29tL3BraWluZnJhL0NSTC9BTUUlMjBJbmZyYSUyMENBJTIwMDUuY3JshjFodHRwOi8vY3JsMS5hbWUuZ2JsL2NybC9BTUUlMjBJbmZyYSUyMENBJTIwMDUuY3JshjFodHRwOi8vY3JsMi5hbWUuZ2JsL2NybC9BTUUlMjBJbmZyYSUyMENBJTIwMDUuY3JshjFodHRwOi8vY3JsMy5hbWUuZ2JsL2NybC9BTUUlMjBJbmZyYSUyMENBJTIwMDUuY3JshjFodHRwOi8vY3JsNC5hbWUuZ2JsL2NybC9BTUUlMjBJbmZyYSUyMENBJTIwMDUuY3JsMBcGA1UdIAQQMA4wDAYKKwYBBAGCN3sBATAfBgNVHSMEGDAWgBR61hmFKHlscXYeYPjzS--iBUIWHTAdBgNVHSUEFjAUBggrBgEFBQcDAQYIKwYBBQUHAwIwDQYJKoZIhvcNAQELBQADggEBAHsDVo-ubSySZd4FYJJzcvbu2RGLublq8xgAoGl9Jn-5zXXh0d0dSo9sYUruEmf4m6a5fl_ihkPtuaUSEA4aJeVGYNi0_RmMj42eIYHcT0kJI6SBebjMe5w97pOyrwCIkFJZt8dzXH61xgR1pxP7AUNRta8UJiNW2LW-tHESqFYdM1vy7psJr8GPGmCFFEsKKXF_D8JPy5jZeSmOGUDpAnIkLv9WBH5bgZtY04MH65HnKcpK-ibSQVEW-vC28USN1K6LWTUQeRQqn5ab_o3xar4VAxQblzVUO1VQ36cAgi1-47UUOGtjs7rkAUhkxzxO7Rwr5oYNiy8UzunbFY0cZEM\u0026s=ZqBpvfgQv-uoaxzey_ZCQCz7DyL-HlyJ-zGtUewb_wcRRQDOi8rPNkXH4n2O9nprsUJ9Lo5dXYKk0aE7zmU7B7_CcIeDZVQXVlcbCVwHIovW7Y83p0QZXR7Pc_RQIEHxU0z1RpooE7ivADD9M5lZNmku2ihNRzQnCdCpWIjAbeMdpTzffOIER4eUBRfozKMntevR17LIz9BJUEsA2BqIcsjwe_I8nTSY4K-RcZXxdaocNU6d6Vr-BaEEycPgQGy22FiX8UpaBVueZqYetemEpbV5haWwTEiHWTEPCfHwirx6K1cFONlkwTVWdUWKbUn8qd-QHuKeuddCkSPWCXJhJA\u0026h=DAWlvHZwLO4UuYFdqiSztRifK0vRSsUcn9YTU9SiI1Y",
      "RequestMethod": "GET",
      "RequestHeaders": {
        "Authorization": "Sanitized",
        "traceparent": "00-c375d53d9431a7b270de75bec01431b4-fea861897f7e6ad6-00",
        "User-Agent": "azsdk-net-ResourceManager/1.9.0 (.NET 7.0.14; Microsoft Windows 10.0.22635)",
        "x-ms-client-request-id": "c32c8a7f5b4b721150e11518ac688a4a",
        "x-ms-return-client-request-id": "true"
      },
      "RequestBody": null,
      "StatusCode": 200,
      "ResponseHeaders": {
        "Cache-Control": "no-cache",
        "Content-Length": "588",
        "Content-Type": "application/json; charset=utf-8",
        "Date": "Wed, 22 Nov 2023 14:08:18 GMT",
        "ETag": "\u0022e201df44-0000-0600-0000-655e0b4b0000\u0022",
        "Expires": "-1",
        "Pragma": "no-cache",
        "Strict-Transport-Security": "max-age=31536000; includeSubDomains",
        "X-Content-Type-Options": "nosniff",
        "x-ms-client-request-id": "c32c8a7f5b4b721150e11518ac688a4a",
        "x-ms-correlation-request-id": "099c8e84-c0f0-434c-98c1-7258105670e6",
        "x-ms-ratelimit-remaining-tenant-reads": "11990",
        "x-ms-request-id": "a2f51adc-5008-4b65-a683-95e55708860c",
        "x-ms-routing-request-id": "SOUTHAFRICANORTH:20231122T140818Z:099c8e84-c0f0-434c-98c1-7258105670e6"
      },
      "ResponseBody": {
        "id": "/providers/Nginx.NginxPlus/locations/WESTCENTRALUS/operationStatuses/c6c7c7c5-127d-4eb7-a8ee-41f5dcb5610a*5F4AF69E47D878874F7D5690EDDD4DDC25F83A99077855DF1FA406DBFED45AB0",
        "name": "c6c7c7c5-127d-4eb7-a8ee-41f5dcb5610a*5F4AF69E47D878874F7D5690EDDD4DDC25F83A99077855DF1FA406DBFED45AB0",
        "resourceId": "/subscriptions/1c835c29-68e9-40a7-8455-842925d04908/resourceGroups/Default-Nginx-9580/providers/Nginx.NginxPlus/nginxDeployments/testDeployment-3759",
        "status": "Succeeded",
        "startTime": "2023-11-22T14:06:35.8370389Z",
        "endTime": "2023-11-22T14:08:11.1678927Z",
        "error": {},
        "properties": null
      }
    },
    {
      "RequestUri": "https://management.azure.com/subscriptions/1c835c29-68e9-40a7-8455-842925d04908/resourceGroups/Default-Nginx-9580/providers/Nginx.NginxPlus/nginxDeployments/testDeployment-3759?api-version=2023-04-01",
      "RequestMethod": "GET",
      "RequestHeaders": {
        "Authorization": "Sanitized",
        "traceparent": "00-c375d53d9431a7b270de75bec01431b4-0455c35794f7f6b6-00",
        "User-Agent": "azsdk-net-ResourceManager/1.9.0 (.NET 7.0.14; Microsoft Windows 10.0.22635)",
        "x-ms-client-request-id": "fe71c29901cdac3c27af3252e9a84557",
        "x-ms-return-client-request-id": "true"
      },
      "RequestBody": null,
      "StatusCode": 200,
      "ResponseHeaders": {
        "Cache-Control": "no-cache",
        "Content-Length": "1682",
        "Content-Type": "application/json; charset=utf-8",
        "Date": "Wed, 22 Nov 2023 14:08:19 GMT",
        "ETag": "\u002202056ba7-0000-0600-0000-655e0b4b0000\u0022",
        "Expires": "-1",
        "Pragma": "no-cache",
        "Strict-Transport-Security": "max-age=31536000; includeSubDomains",
        "X-Content-Type-Options": "nosniff",
        "x-ms-client-request-id": "fe71c29901cdac3c27af3252e9a84557",
        "x-ms-correlation-request-id": "e5303aad-c88e-4081-959e-abbd62c11d02",
        "x-ms-providerhub-traffic": "True",
        "x-ms-ratelimit-remaining-subscription-reads": "11991",
        "x-ms-request-id": "b4054991-94c1-4dec-baa1-c998b29d7334",
        "x-ms-routing-request-id": "SOUTHAFRICANORTH:20231122T140819Z:e5303aad-c88e-4081-959e-abbd62c11d02"
      },
      "ResponseBody": {
        "id": "/subscriptions/1c835c29-68e9-40a7-8455-842925d04908/resourceGroups/Default-Nginx-9580/providers/Nginx.NginxPlus/nginxDeployments/testDeployment-3759",
        "name": "testDeployment-3759",
        "type": "nginx.nginxplus/nginxdeployments",
        "sku": {
          "name": "standard_Monthly"
        },
        "location": "westcentralus",
        "tags": {},
        "systemData": {
          "createdBy": "83e1fee6-9cf1-487c-afb2-b5822019b861",
          "createdByType": "Application",
          "createdAt": "2023-11-22T14:06:31.4008397Z",
          "lastModifiedBy": "83e1fee6-9cf1-487c-afb2-b5822019b861",
          "lastModifiedByType": "Application",
          "lastModifiedAt": "2023-11-22T14:06:31.4008397Z"
        },
        "identity": {
          "type": "UserAssigned",
          "userAssignedIdentities": {
            "/subscriptions/e3853e83-0d02-4fb3-b88f-05b5fd21aee2/resourcegroups/synthetics-integration-tests/providers/Microsoft.ManagedIdentity/userAssignedIdentities/integration-tests-mi": {
              "principalId": "9c8c1eab-1b64-4d95-bbba-04843012d190",
              "clientId": "cfcab166-335a-4af7-a61d-c7c07236688e"
            }
          }
        },
        "properties": {
          "provisioningState": "Succeeded",
          "nginxVersion": "1.25.1 (nginx-plus-r30-p1)",
          "managedResourceGroup": "NGX_Default-Nginx-9580_testDeployment-3759_westcentralus",
          "ipAddress": "4.255.178.31",
          "networkProfile": {
            "frontEndIPConfiguration": {
              "publicIPAddresses": [
                {
                  "id": "/subscriptions/1c835c29-68e9-40a7-8455-842925d04908/resourceGroups/Default-Nginx-9580/providers/Microsoft.Network/publicIPAddresses/testPublicIP-1456"
                }
              ]
            },
            "networkInterfaceConfiguration": {
              "subnetId": "/subscriptions/1c835c29-68e9-40a7-8455-842925d04908/resourceGroups/Default-Nginx-9580/providers/Microsoft.Network/virtualNetworks/testVNet-4592/subnets/testSubnet-3354"
            }
          },
          "enableDiagnosticsSupport": true,
          "scalingProperties": {
            "capacity": 10
          },
          "userProfile": {
            "preferredEmail": "test@mail.com"
          }
        }
      }
    },
    {
      "RequestUri": "https://management.azure.com/subscriptions/1c835c29-68e9-40a7-8455-842925d04908/resourceGroups/Default-Nginx-9580/providers/Nginx.NginxPlus/nginxDeployments/testDeployment-3759/certificates/testCertificate-6728?api-version=2023-04-01",
      "RequestMethod": "PUT",
      "RequestHeaders": {
        "Accept": "application/json",
        "Authorization": "Sanitized",
        "Content-Length": "214",
        "Content-Type": "application/json",
        "traceparent": "00-cd83cc470059a1cfe25bffaa60604b43-1c8b106c40bfdcda-00",
        "User-Agent": "azsdk-net-ResourceManager.Nginx/1.0.0-alpha.20231121.1 (.NET 7.0.14; Microsoft Windows 10.0.22635)",
        "x-ms-client-request-id": "f615e1b30f65b20d135ec549c1ec5784",
        "x-ms-return-client-request-id": "true"
      },
      "RequestBody": {
        "properties": {
          "keyVirtualPath": "/etc/nginx/nginx.key",
          "certificateVirtualPath": "/etc/nginx/nginx.cert",
          "keyVaultSecretId": "https://integration-tests-kv.vault.azure.net/secrets/intcert"
        },
        "location": "westcentralus"
      },
      "StatusCode": 201,
      "ResponseHeaders": {
        "Azure-AsyncOperation": "https://management.azure.com/providers/Nginx.NginxPlus/locations/WESTCENTRALUS/operationStatuses/e8edd4a8-de5a-4768-aabc-ab299d09c477*F081520AB2E0DC8C94AE6FFA74FCC32A61A19E9FB00D0A5908D97685F53C680F?api-version=2023-04-01\u0026t=638362589012985751\u0026c=MIIHADCCBeigAwIBAgITfAQLJaXGjL3sIjyx5QAABAslpTANBgkqhkiG9w0BAQsFADBEMRMwEQYKCZImiZPyLGQBGRYDR0JMMRMwEQYKCZImiZPyLGQBGRYDQU1FMRgwFgYDVQQDEw9BTUUgSW5mcmEgQ0EgMDUwHhcNMjMxMTAxMDUzNjA0WhcNMjQxMDI2MDUzNjA0WjBAMT4wPAYDVQQDEzVhc3luY29wZXJhdGlvbnNpZ25pbmdjZXJ0aWZpY2F0ZS5tYW5hZ2VtZW50LmF6dXJlLmNvbTCCASIwDQYJKoZIhvcNAQEBBQADggEPADCCAQoCggEBAOLHUO7dPGVIoruKLdzUNswYmek-Nljw_QxU2vLAMiVNqgHD_TDk8bAf1OzE0jMQ9YykRPzRz7TtZfN7cFjIs3D5mJLWvnug2wph85PUl0n6fMWhTHR1zCazHdfEcFCLsYctkDhhIcW0L7tSMU8rcXT9_y5SxiYVfFca-rWaJ6tpJpc2ixCWdfbW7OO0zEHxgMEOWDhmNZoA8knKo6OH0iW04aNo6HoJuUrvPwf5P6NlfROEd4DQOKF4gkUbzlaeCcVkwkS_ZNgQxTKBqZqY-Q9BQTvnnq1WKS1kicyyQbsSTCEq9qni0WLWZ0-fTNJp8ljSN4aPuZ8bGCCgtTJCRvUCAwEAAaOCA-0wggPpMCcGCSsGAQQBgjcVCgQaMBgwCgYIKwYBBQUHAwEwCgYIKwYBBQUHAwIwPQYJKwYBBAGCNxUHBDAwLgYmKwYBBAGCNxUIhpDjDYTVtHiE8Ys-hZvdFs6dEoFggvX2K4Py0SACAWQCAQowggHLBggrBgEFBQcBAQSCAb0wggG5MGMGCCsGAQUFBzAChldodHRwOi8vY3JsLm1pY3Jvc29mdC5jb20vcGtpaW5mcmEvQ2VydHMvQ08xUEtJSU5UQ0EwMS5BTUUuR0JMX0FNRSUyMEluZnJhJTIwQ0ElMjAwNS5jcnQwUwYIKwYBBQUHMAKGR2h0dHA6Ly9jcmwxLmFtZS5nYmwvYWlhL0NPMVBLSUlOVENBMDEuQU1FLkdCTF9BTUUlMjBJbmZyYSUyMENBJTIwMDUuY3J0MFMGCCsGAQUFBzAChkdodHRwOi8vY3JsMi5hbWUuZ2JsL2FpYS9DTzFQS0lJTlRDQTAxLkFNRS5HQkxfQU1FJTIwSW5mcmElMjBDQSUyMDA1LmNydDBTBggrBgEFBQcwAoZHaHR0cDovL2NybDMuYW1lLmdibC9haWEvQ08xUEtJSU5UQ0EwMS5BTUUuR0JMX0FNRSUyMEluZnJhJTIwQ0ElMjAwNS5jcnQwUwYIKwYBBQUHMAKGR2h0dHA6Ly9jcmw0LmFtZS5nYmwvYWlhL0NPMVBLSUlOVENBMDEuQU1FLkdCTF9BTUUlMjBJbmZyYSUyMENBJTIwMDUuY3J0MB0GA1UdDgQWBBQM39B_5hlROZQL6bGUve6R9sEqYjAOBgNVHQ8BAf8EBAMCBaAwggEmBgNVHR8EggEdMIIBGTCCARWgggERoIIBDYY_aHR0cDovL2NybC5taWNyb3NvZnQuY29tL3BraWluZnJhL0NSTC9BTUUlMjBJbmZyYSUyMENBJTIwMDUuY3JshjFodHRwOi8vY3JsMS5hbWUuZ2JsL2NybC9BTUUlMjBJbmZyYSUyMENBJTIwMDUuY3JshjFodHRwOi8vY3JsMi5hbWUuZ2JsL2NybC9BTUUlMjBJbmZyYSUyMENBJTIwMDUuY3JshjFodHRwOi8vY3JsMy5hbWUuZ2JsL2NybC9BTUUlMjBJbmZyYSUyMENBJTIwMDUuY3JshjFodHRwOi8vY3JsNC5hbWUuZ2JsL2NybC9BTUUlMjBJbmZyYSUyMENBJTIwMDUuY3JsMBcGA1UdIAQQMA4wDAYKKwYBBAGCN3sBATAfBgNVHSMEGDAWgBR61hmFKHlscXYeYPjzS--iBUIWHTAdBgNVHSUEFjAUBggrBgEFBQcDAQYIKwYBBQUHAwIwDQYJKoZIhvcNAQELBQADggEBAHsDVo-ubSySZd4FYJJzcvbu2RGLublq8xgAoGl9Jn-5zXXh0d0dSo9sYUruEmf4m6a5fl_ihkPtuaUSEA4aJeVGYNi0_RmMj42eIYHcT0kJI6SBebjMe5w97pOyrwCIkFJZt8dzXH61xgR1pxP7AUNRta8UJiNW2LW-tHESqFYdM1vy7psJr8GPGmCFFEsKKXF_D8JPy5jZeSmOGUDpAnIkLv9WBH5bgZtY04MH65HnKcpK-ibSQVEW-vC28USN1K6LWTUQeRQqn5ab_o3xar4VAxQblzVUO1VQ36cAgi1-47UUOGtjs7rkAUhkxzxO7Rwr5oYNiy8UzunbFY0cZEM\u0026s=zv6GDRXp8uAMOKKuHBmrw1mibilmyjz0Uko8XZs9GGVM2Qf2HiGRmXLHU9lth04y0KLAuozeFu_1YmPMBohgzG_v0MV_buoAdSa6_oCr9cD4ntHyHBs3mQiI4zKA7ncfcqwovkJ6LkfuVPbJOxlUwy1yFSLm8M94TgJfy2WkMJr8oVIaAW0JgbabAoSne74Si0WhVAPB9FM9T6DlGGfEbKXmyj_gKqS0ygvp8mM57cI5DoIAEl8hMh520GZD7M6pljG-uwOZAIlDl22WNP6aPlCDACV75PKZLXaX1MZUCjcTvEA6zYp4loaioIvx_CQLwUn8LMvUkmufbXnb8zc-nA\u0026h=f6Ig4p_QQSuiiVo2RAm6MAd1XoKch-W-PpCf8QiyvkQ",
        "Cache-Control": "no-cache",
        "Content-Length": "798",
        "Content-Type": "application/json; charset=utf-8",
        "Date": "Wed, 22 Nov 2023 14:08:21 GMT",
        "ETag": "\u00222a00c3b7-0000-0600-0000-655e0b550000\u0022",
        "Expires": "-1",
        "Location": "https://management.azure.com/providers/Nginx.NginxPlus/locations/WESTCENTRALUS/operationStatuses/e8edd4a8-de5a-4768-aabc-ab299d09c477*F081520AB2E0DC8C94AE6FFA74FCC32A61A19E9FB00D0A5908D97685F53C680F?api-version=2023-04-01\u0026t=638362589012985751\u0026c=MIIHADCCBeigAwIBAgITfAQLJaXGjL3sIjyx5QAABAslpTANBgkqhkiG9w0BAQsFADBEMRMwEQYKCZImiZPyLGQBGRYDR0JMMRMwEQYKCZImiZPyLGQBGRYDQU1FMRgwFgYDVQQDEw9BTUUgSW5mcmEgQ0EgMDUwHhcNMjMxMTAxMDUzNjA0WhcNMjQxMDI2MDUzNjA0WjBAMT4wPAYDVQQDEzVhc3luY29wZXJhdGlvbnNpZ25pbmdjZXJ0aWZpY2F0ZS5tYW5hZ2VtZW50LmF6dXJlLmNvbTCCASIwDQYJKoZIhvcNAQEBBQADggEPADCCAQoCggEBAOLHUO7dPGVIoruKLdzUNswYmek-Nljw_QxU2vLAMiVNqgHD_TDk8bAf1OzE0jMQ9YykRPzRz7TtZfN7cFjIs3D5mJLWvnug2wph85PUl0n6fMWhTHR1zCazHdfEcFCLsYctkDhhIcW0L7tSMU8rcXT9_y5SxiYVfFca-rWaJ6tpJpc2ixCWdfbW7OO0zEHxgMEOWDhmNZoA8knKo6OH0iW04aNo6HoJuUrvPwf5P6NlfROEd4DQOKF4gkUbzlaeCcVkwkS_ZNgQxTKBqZqY-Q9BQTvnnq1WKS1kicyyQbsSTCEq9qni0WLWZ0-fTNJp8ljSN4aPuZ8bGCCgtTJCRvUCAwEAAaOCA-0wggPpMCcGCSsGAQQBgjcVCgQaMBgwCgYIKwYBBQUHAwEwCgYIKwYBBQUHAwIwPQYJKwYBBAGCNxUHBDAwLgYmKwYBBAGCNxUIhpDjDYTVtHiE8Ys-hZvdFs6dEoFggvX2K4Py0SACAWQCAQowggHLBggrBgEFBQcBAQSCAb0wggG5MGMGCCsGAQUFBzAChldodHRwOi8vY3JsLm1pY3Jvc29mdC5jb20vcGtpaW5mcmEvQ2VydHMvQ08xUEtJSU5UQ0EwMS5BTUUuR0JMX0FNRSUyMEluZnJhJTIwQ0ElMjAwNS5jcnQwUwYIKwYBBQUHMAKGR2h0dHA6Ly9jcmwxLmFtZS5nYmwvYWlhL0NPMVBLSUlOVENBMDEuQU1FLkdCTF9BTUUlMjBJbmZyYSUyMENBJTIwMDUuY3J0MFMGCCsGAQUFBzAChkdodHRwOi8vY3JsMi5hbWUuZ2JsL2FpYS9DTzFQS0lJTlRDQTAxLkFNRS5HQkxfQU1FJTIwSW5mcmElMjBDQSUyMDA1LmNydDBTBggrBgEFBQcwAoZHaHR0cDovL2NybDMuYW1lLmdibC9haWEvQ08xUEtJSU5UQ0EwMS5BTUUuR0JMX0FNRSUyMEluZnJhJTIwQ0ElMjAwNS5jcnQwUwYIKwYBBQUHMAKGR2h0dHA6Ly9jcmw0LmFtZS5nYmwvYWlhL0NPMVBLSUlOVENBMDEuQU1FLkdCTF9BTUUlMjBJbmZyYSUyMENBJTIwMDUuY3J0MB0GA1UdDgQWBBQM39B_5hlROZQL6bGUve6R9sEqYjAOBgNVHQ8BAf8EBAMCBaAwggEmBgNVHR8EggEdMIIBGTCCARWgggERoIIBDYY_aHR0cDovL2NybC5taWNyb3NvZnQuY29tL3BraWluZnJhL0NSTC9BTUUlMjBJbmZyYSUyMENBJTIwMDUuY3JshjFodHRwOi8vY3JsMS5hbWUuZ2JsL2NybC9BTUUlMjBJbmZyYSUyMENBJTIwMDUuY3JshjFodHRwOi8vY3JsMi5hbWUuZ2JsL2NybC9BTUUlMjBJbmZyYSUyMENBJTIwMDUuY3JshjFodHRwOi8vY3JsMy5hbWUuZ2JsL2NybC9BTUUlMjBJbmZyYSUyMENBJTIwMDUuY3JshjFodHRwOi8vY3JsNC5hbWUuZ2JsL2NybC9BTUUlMjBJbmZyYSUyMENBJTIwMDUuY3JsMBcGA1UdIAQQMA4wDAYKKwYBBAGCN3sBATAfBgNVHSMEGDAWgBR61hmFKHlscXYeYPjzS--iBUIWHTAdBgNVHSUEFjAUBggrBgEFBQcDAQYIKwYBBQUHAwIwDQYJKoZIhvcNAQELBQADggEBAHsDVo-ubSySZd4FYJJzcvbu2RGLublq8xgAoGl9Jn-5zXXh0d0dSo9sYUruEmf4m6a5fl_ihkPtuaUSEA4aJeVGYNi0_RmMj42eIYHcT0kJI6SBebjMe5w97pOyrwCIkFJZt8dzXH61xgR1pxP7AUNRta8UJiNW2LW-tHESqFYdM1vy7psJr8GPGmCFFEsKKXF_D8JPy5jZeSmOGUDpAnIkLv9WBH5bgZtY04MH65HnKcpK-ibSQVEW-vC28USN1K6LWTUQeRQqn5ab_o3xar4VAxQblzVUO1VQ36cAgi1-47UUOGtjs7rkAUhkxzxO7Rwr5oYNiy8UzunbFY0cZEM\u0026s=zv6GDRXp8uAMOKKuHBmrw1mibilmyjz0Uko8XZs9GGVM2Qf2HiGRmXLHU9lth04y0KLAuozeFu_1YmPMBohgzG_v0MV_buoAdSa6_oCr9cD4ntHyHBs3mQiI4zKA7ncfcqwovkJ6LkfuVPbJOxlUwy1yFSLm8M94TgJfy2WkMJr8oVIaAW0JgbabAoSne74Si0WhVAPB9FM9T6DlGGfEbKXmyj_gKqS0ygvp8mM57cI5DoIAEl8hMh520GZD7M6pljG-uwOZAIlDl22WNP6aPlCDACV75PKZLXaX1MZUCjcTvEA6zYp4loaioIvx_CQLwUn8LMvUkmufbXnb8zc-nA\u0026h=f6Ig4p_QQSuiiVo2RAm6MAd1XoKch-W-PpCf8QiyvkQ",
        "Pragma": "no-cache",
        "Request-Context": "appId=cid-v1:0d872b79-fbba-4031-abaa-ef9aa3e0050d",
        "Strict-Transport-Security": "max-age=31536000; includeSubDomains",
        "X-Content-Type-Options": "nosniff",
        "x-ms-client-request-id": "f615e1b30f65b20d135ec549c1ec5784",
        "x-ms-correlation-request-id": "5a203b4f-0df1-4e7e-adbf-26e1f8a8bfcb",
        "x-ms-providerhub-traffic": "True",
        "x-ms-ratelimit-remaining-subscription-writes": "1194",
        "x-ms-request-id": "e8edd4a8-de5a-4768-aabc-ab299d09c477",
        "x-ms-routing-request-id": "SOUTHAFRICANORTH:20231122T140821Z:5a203b4f-0df1-4e7e-adbf-26e1f8a8bfcb"
      },
      "ResponseBody": {
        "id": "/subscriptions/1c835c29-68e9-40a7-8455-842925d04908/resourceGroups/Default-Nginx-9580/providers/Nginx.NginxPlus/nginxDeployments/testDeployment-3759/certificates/testCertificate-6728",
        "name": "testCertificate-6728",
        "type": "nginx.nginxplus/nginxdeployments/certificates",
        "location": "westcentralus",
        "systemData": {
          "createdBy": "83e1fee6-9cf1-487c-afb2-b5822019b861",
          "createdByType": "Application",
          "createdAt": "2023-11-22T14:08:20.0797437Z",
          "lastModifiedBy": "83e1fee6-9cf1-487c-afb2-b5822019b861",
          "lastModifiedByType": "Application",
          "lastModifiedAt": "2023-11-22T14:08:20.0797437Z"
        },
        "properties": {
          "provisioningState": "Accepted",
          "keyVirtualPath": "/etc/nginx/nginx.key",
          "certificateVirtualPath": "/etc/nginx/nginx.cert",
          "keyVaultSecretId": "https://integration-tests-kv.vault.azure.net/secrets/intcert"
        }
      }
    },
    {
      "RequestUri": "https://management.azure.com/providers/Nginx.NginxPlus/locations/WESTCENTRALUS/operationStatuses/e8edd4a8-de5a-4768-aabc-ab299d09c477*F081520AB2E0DC8C94AE6FFA74FCC32A61A19E9FB00D0A5908D97685F53C680F?api-version=2023-04-01\u0026t=638362589012985751\u0026c=MIIHADCCBeigAwIBAgITfAQLJaXGjL3sIjyx5QAABAslpTANBgkqhkiG9w0BAQsFADBEMRMwEQYKCZImiZPyLGQBGRYDR0JMMRMwEQYKCZImiZPyLGQBGRYDQU1FMRgwFgYDVQQDEw9BTUUgSW5mcmEgQ0EgMDUwHhcNMjMxMTAxMDUzNjA0WhcNMjQxMDI2MDUzNjA0WjBAMT4wPAYDVQQDEzVhc3luY29wZXJhdGlvbnNpZ25pbmdjZXJ0aWZpY2F0ZS5tYW5hZ2VtZW50LmF6dXJlLmNvbTCCASIwDQYJKoZIhvcNAQEBBQADggEPADCCAQoCggEBAOLHUO7dPGVIoruKLdzUNswYmek-Nljw_QxU2vLAMiVNqgHD_TDk8bAf1OzE0jMQ9YykRPzRz7TtZfN7cFjIs3D5mJLWvnug2wph85PUl0n6fMWhTHR1zCazHdfEcFCLsYctkDhhIcW0L7tSMU8rcXT9_y5SxiYVfFca-rWaJ6tpJpc2ixCWdfbW7OO0zEHxgMEOWDhmNZoA8knKo6OH0iW04aNo6HoJuUrvPwf5P6NlfROEd4DQOKF4gkUbzlaeCcVkwkS_ZNgQxTKBqZqY-Q9BQTvnnq1WKS1kicyyQbsSTCEq9qni0WLWZ0-fTNJp8ljSN4aPuZ8bGCCgtTJCRvUCAwEAAaOCA-0wggPpMCcGCSsGAQQBgjcVCgQaMBgwCgYIKwYBBQUHAwEwCgYIKwYBBQUHAwIwPQYJKwYBBAGCNxUHBDAwLgYmKwYBBAGCNxUIhpDjDYTVtHiE8Ys-hZvdFs6dEoFggvX2K4Py0SACAWQCAQowggHLBggrBgEFBQcBAQSCAb0wggG5MGMGCCsGAQUFBzAChldodHRwOi8vY3JsLm1pY3Jvc29mdC5jb20vcGtpaW5mcmEvQ2VydHMvQ08xUEtJSU5UQ0EwMS5BTUUuR0JMX0FNRSUyMEluZnJhJTIwQ0ElMjAwNS5jcnQwUwYIKwYBBQUHMAKGR2h0dHA6Ly9jcmwxLmFtZS5nYmwvYWlhL0NPMVBLSUlOVENBMDEuQU1FLkdCTF9BTUUlMjBJbmZyYSUyMENBJTIwMDUuY3J0MFMGCCsGAQUFBzAChkdodHRwOi8vY3JsMi5hbWUuZ2JsL2FpYS9DTzFQS0lJTlRDQTAxLkFNRS5HQkxfQU1FJTIwSW5mcmElMjBDQSUyMDA1LmNydDBTBggrBgEFBQcwAoZHaHR0cDovL2NybDMuYW1lLmdibC9haWEvQ08xUEtJSU5UQ0EwMS5BTUUuR0JMX0FNRSUyMEluZnJhJTIwQ0ElMjAwNS5jcnQwUwYIKwYBBQUHMAKGR2h0dHA6Ly9jcmw0LmFtZS5nYmwvYWlhL0NPMVBLSUlOVENBMDEuQU1FLkdCTF9BTUUlMjBJbmZyYSUyMENBJTIwMDUuY3J0MB0GA1UdDgQWBBQM39B_5hlROZQL6bGUve6R9sEqYjAOBgNVHQ8BAf8EBAMCBaAwggEmBgNVHR8EggEdMIIBGTCCARWgggERoIIBDYY_aHR0cDovL2NybC5taWNyb3NvZnQuY29tL3BraWluZnJhL0NSTC9BTUUlMjBJbmZyYSUyMENBJTIwMDUuY3JshjFodHRwOi8vY3JsMS5hbWUuZ2JsL2NybC9BTUUlMjBJbmZyYSUyMENBJTIwMDUuY3JshjFodHRwOi8vY3JsMi5hbWUuZ2JsL2NybC9BTUUlMjBJbmZyYSUyMENBJTIwMDUuY3JshjFodHRwOi8vY3JsMy5hbWUuZ2JsL2NybC9BTUUlMjBJbmZyYSUyMENBJTIwMDUuY3JshjFodHRwOi8vY3JsNC5hbWUuZ2JsL2NybC9BTUUlMjBJbmZyYSUyMENBJTIwMDUuY3JsMBcGA1UdIAQQMA4wDAYKKwYBBAGCN3sBATAfBgNVHSMEGDAWgBR61hmFKHlscXYeYPjzS--iBUIWHTAdBgNVHSUEFjAUBggrBgEFBQcDAQYIKwYBBQUHAwIwDQYJKoZIhvcNAQELBQADggEBAHsDVo-ubSySZd4FYJJzcvbu2RGLublq8xgAoGl9Jn-5zXXh0d0dSo9sYUruEmf4m6a5fl_ihkPtuaUSEA4aJeVGYNi0_RmMj42eIYHcT0kJI6SBebjMe5w97pOyrwCIkFJZt8dzXH61xgR1pxP7AUNRta8UJiNW2LW-tHESqFYdM1vy7psJr8GPGmCFFEsKKXF_D8JPy5jZeSmOGUDpAnIkLv9WBH5bgZtY04MH65HnKcpK-ibSQVEW-vC28USN1K6LWTUQeRQqn5ab_o3xar4VAxQblzVUO1VQ36cAgi1-47UUOGtjs7rkAUhkxzxO7Rwr5oYNiy8UzunbFY0cZEM\u0026s=zv6GDRXp8uAMOKKuHBmrw1mibilmyjz0Uko8XZs9GGVM2Qf2HiGRmXLHU9lth04y0KLAuozeFu_1YmPMBohgzG_v0MV_buoAdSa6_oCr9cD4ntHyHBs3mQiI4zKA7ncfcqwovkJ6LkfuVPbJOxlUwy1yFSLm8M94TgJfy2WkMJr8oVIaAW0JgbabAoSne74Si0WhVAPB9FM9T6DlGGfEbKXmyj_gKqS0ygvp8mM57cI5DoIAEl8hMh520GZD7M6pljG-uwOZAIlDl22WNP6aPlCDACV75PKZLXaX1MZUCjcTvEA6zYp4loaioIvx_CQLwUn8LMvUkmufbXnb8zc-nA\u0026h=f6Ig4p_QQSuiiVo2RAm6MAd1XoKch-W-PpCf8QiyvkQ",
      "RequestMethod": "GET",
      "RequestHeaders": {
        "Authorization": "Sanitized",
        "traceparent": "00-cd83cc470059a1cfe25bffaa60604b43-0d51e87d8ba7a707-00",
        "User-Agent": "azsdk-net-ResourceManager/1.9.0 (.NET 7.0.14; Microsoft Windows 10.0.22635)",
        "x-ms-client-request-id": "86f8c8be5474b234644bbaa2776366c3",
        "x-ms-return-client-request-id": "true"
      },
      "RequestBody": null,
      "StatusCode": 200,
      "ResponseHeaders": {
        "Cache-Control": "no-cache",
        "Content-Length": "551",
        "Content-Type": "application/json; charset=utf-8",
        "Date": "Wed, 22 Nov 2023 14:08:21 GMT",
        "ETag": "\u0022e201ab45-0000-0600-0000-655e0b540000\u0022",
        "Expires": "-1",
        "Pragma": "no-cache",
        "Strict-Transport-Security": "max-age=31536000; includeSubDomains",
        "X-Content-Type-Options": "nosniff",
        "x-ms-client-request-id": "86f8c8be5474b234644bbaa2776366c3",
        "x-ms-correlation-request-id": "71bb6f1a-f458-4006-9589-b3000eedbf02",
        "x-ms-ratelimit-remaining-tenant-reads": "11989",
        "x-ms-request-id": "d0111417-10e4-40c9-bab6-0c7c2ed382b0",
        "x-ms-routing-request-id": "SOUTHAFRICANORTH:20231122T140821Z:71bb6f1a-f458-4006-9589-b3000eedbf02"
      },
      "ResponseBody": {
        "id": "/providers/Nginx.NginxPlus/locations/WESTCENTRALUS/operationStatuses/e8edd4a8-de5a-4768-aabc-ab299d09c477*F081520AB2E0DC8C94AE6FFA74FCC32A61A19E9FB00D0A5908D97685F53C680F",
        "name": "e8edd4a8-de5a-4768-aabc-ab299d09c477*F081520AB2E0DC8C94AE6FFA74FCC32A61A19E9FB00D0A5908D97685F53C680F",
        "resourceId": "/subscriptions/1c835c29-68e9-40a7-8455-842925d04908/resourceGroups/Default-Nginx-9580/providers/Nginx.NginxPlus/nginxDeployments/testDeployment-3759/certificates/testCertificate-6728",
        "status": "Accepted",
        "startTime": "2023-11-22T14:08:20.8640221Z"
      }
    },
    {
      "RequestUri": "https://management.azure.com/providers/Nginx.NginxPlus/locations/WESTCENTRALUS/operationStatuses/e8edd4a8-de5a-4768-aabc-ab299d09c477*F081520AB2E0DC8C94AE6FFA74FCC32A61A19E9FB00D0A5908D97685F53C680F?api-version=2023-04-01\u0026t=638362589012985751\u0026c=MIIHADCCBeigAwIBAgITfAQLJaXGjL3sIjyx5QAABAslpTANBgkqhkiG9w0BAQsFADBEMRMwEQYKCZImiZPyLGQBGRYDR0JMMRMwEQYKCZImiZPyLGQBGRYDQU1FMRgwFgYDVQQDEw9BTUUgSW5mcmEgQ0EgMDUwHhcNMjMxMTAxMDUzNjA0WhcNMjQxMDI2MDUzNjA0WjBAMT4wPAYDVQQDEzVhc3luY29wZXJhdGlvbnNpZ25pbmdjZXJ0aWZpY2F0ZS5tYW5hZ2VtZW50LmF6dXJlLmNvbTCCASIwDQYJKoZIhvcNAQEBBQADggEPADCCAQoCggEBAOLHUO7dPGVIoruKLdzUNswYmek-Nljw_QxU2vLAMiVNqgHD_TDk8bAf1OzE0jMQ9YykRPzRz7TtZfN7cFjIs3D5mJLWvnug2wph85PUl0n6fMWhTHR1zCazHdfEcFCLsYctkDhhIcW0L7tSMU8rcXT9_y5SxiYVfFca-rWaJ6tpJpc2ixCWdfbW7OO0zEHxgMEOWDhmNZoA8knKo6OH0iW04aNo6HoJuUrvPwf5P6NlfROEd4DQOKF4gkUbzlaeCcVkwkS_ZNgQxTKBqZqY-Q9BQTvnnq1WKS1kicyyQbsSTCEq9qni0WLWZ0-fTNJp8ljSN4aPuZ8bGCCgtTJCRvUCAwEAAaOCA-0wggPpMCcGCSsGAQQBgjcVCgQaMBgwCgYIKwYBBQUHAwEwCgYIKwYBBQUHAwIwPQYJKwYBBAGCNxUHBDAwLgYmKwYBBAGCNxUIhpDjDYTVtHiE8Ys-hZvdFs6dEoFggvX2K4Py0SACAWQCAQowggHLBggrBgEFBQcBAQSCAb0wggG5MGMGCCsGAQUFBzAChldodHRwOi8vY3JsLm1pY3Jvc29mdC5jb20vcGtpaW5mcmEvQ2VydHMvQ08xUEtJSU5UQ0EwMS5BTUUuR0JMX0FNRSUyMEluZnJhJTIwQ0ElMjAwNS5jcnQwUwYIKwYBBQUHMAKGR2h0dHA6Ly9jcmwxLmFtZS5nYmwvYWlhL0NPMVBLSUlOVENBMDEuQU1FLkdCTF9BTUUlMjBJbmZyYSUyMENBJTIwMDUuY3J0MFMGCCsGAQUFBzAChkdodHRwOi8vY3JsMi5hbWUuZ2JsL2FpYS9DTzFQS0lJTlRDQTAxLkFNRS5HQkxfQU1FJTIwSW5mcmElMjBDQSUyMDA1LmNydDBTBggrBgEFBQcwAoZHaHR0cDovL2NybDMuYW1lLmdibC9haWEvQ08xUEtJSU5UQ0EwMS5BTUUuR0JMX0FNRSUyMEluZnJhJTIwQ0ElMjAwNS5jcnQwUwYIKwYBBQUHMAKGR2h0dHA6Ly9jcmw0LmFtZS5nYmwvYWlhL0NPMVBLSUlOVENBMDEuQU1FLkdCTF9BTUUlMjBJbmZyYSUyMENBJTIwMDUuY3J0MB0GA1UdDgQWBBQM39B_5hlROZQL6bGUve6R9sEqYjAOBgNVHQ8BAf8EBAMCBaAwggEmBgNVHR8EggEdMIIBGTCCARWgggERoIIBDYY_aHR0cDovL2NybC5taWNyb3NvZnQuY29tL3BraWluZnJhL0NSTC9BTUUlMjBJbmZyYSUyMENBJTIwMDUuY3JshjFodHRwOi8vY3JsMS5hbWUuZ2JsL2NybC9BTUUlMjBJbmZyYSUyMENBJTIwMDUuY3JshjFodHRwOi8vY3JsMi5hbWUuZ2JsL2NybC9BTUUlMjBJbmZyYSUyMENBJTIwMDUuY3JshjFodHRwOi8vY3JsMy5hbWUuZ2JsL2NybC9BTUUlMjBJbmZyYSUyMENBJTIwMDUuY3JshjFodHRwOi8vY3JsNC5hbWUuZ2JsL2NybC9BTUUlMjBJbmZyYSUyMENBJTIwMDUuY3JsMBcGA1UdIAQQMA4wDAYKKwYBBAGCN3sBATAfBgNVHSMEGDAWgBR61hmFKHlscXYeYPjzS--iBUIWHTAdBgNVHSUEFjAUBggrBgEFBQcDAQYIKwYBBQUHAwIwDQYJKoZIhvcNAQELBQADggEBAHsDVo-ubSySZd4FYJJzcvbu2RGLublq8xgAoGl9Jn-5zXXh0d0dSo9sYUruEmf4m6a5fl_ihkPtuaUSEA4aJeVGYNi0_RmMj42eIYHcT0kJI6SBebjMe5w97pOyrwCIkFJZt8dzXH61xgR1pxP7AUNRta8UJiNW2LW-tHESqFYdM1vy7psJr8GPGmCFFEsKKXF_D8JPy5jZeSmOGUDpAnIkLv9WBH5bgZtY04MH65HnKcpK-ibSQVEW-vC28USN1K6LWTUQeRQqn5ab_o3xar4VAxQblzVUO1VQ36cAgi1-47UUOGtjs7rkAUhkxzxO7Rwr5oYNiy8UzunbFY0cZEM\u0026s=zv6GDRXp8uAMOKKuHBmrw1mibilmyjz0Uko8XZs9GGVM2Qf2HiGRmXLHU9lth04y0KLAuozeFu_1YmPMBohgzG_v0MV_buoAdSa6_oCr9cD4ntHyHBs3mQiI4zKA7ncfcqwovkJ6LkfuVPbJOxlUwy1yFSLm8M94TgJfy2WkMJr8oVIaAW0JgbabAoSne74Si0WhVAPB9FM9T6DlGGfEbKXmyj_gKqS0ygvp8mM57cI5DoIAEl8hMh520GZD7M6pljG-uwOZAIlDl22WNP6aPlCDACV75PKZLXaX1MZUCjcTvEA6zYp4loaioIvx_CQLwUn8LMvUkmufbXnb8zc-nA\u0026h=f6Ig4p_QQSuiiVo2RAm6MAd1XoKch-W-PpCf8QiyvkQ",
      "RequestMethod": "GET",
      "RequestHeaders": {
        "Authorization": "Sanitized",
        "traceparent": "00-cd83cc470059a1cfe25bffaa60604b43-bb2cbc2a018e5a52-00",
        "User-Agent": "azsdk-net-ResourceManager/1.9.0 (.NET 7.0.14; Microsoft Windows 10.0.22635)",
        "x-ms-client-request-id": "d586cddb9ffd0b9b63c777c974e4f48b",
        "x-ms-return-client-request-id": "true"
      },
      "RequestBody": null,
      "StatusCode": 200,
      "ResponseHeaders": {
        "Cache-Control": "no-cache",
        "Content-Length": "551",
        "Content-Type": "application/json; charset=utf-8",
        "Date": "Wed, 22 Nov 2023 14:08:22 GMT",
        "ETag": "\u0022e201ab45-0000-0600-0000-655e0b540000\u0022",
        "Expires": "-1",
        "Pragma": "no-cache",
        "Strict-Transport-Security": "max-age=31536000; includeSubDomains",
        "X-Content-Type-Options": "nosniff",
        "x-ms-client-request-id": "d586cddb9ffd0b9b63c777c974e4f48b",
        "x-ms-correlation-request-id": "4405a85f-6949-4d6f-af29-f7c1bf9da211",
        "x-ms-ratelimit-remaining-tenant-reads": "11988",
        "x-ms-request-id": "9f549107-b399-4091-b356-c3c182567d59",
        "x-ms-routing-request-id": "SOUTHAFRICANORTH:20231122T140823Z:4405a85f-6949-4d6f-af29-f7c1bf9da211"
      },
      "ResponseBody": {
        "id": "/providers/Nginx.NginxPlus/locations/WESTCENTRALUS/operationStatuses/e8edd4a8-de5a-4768-aabc-ab299d09c477*F081520AB2E0DC8C94AE6FFA74FCC32A61A19E9FB00D0A5908D97685F53C680F",
        "name": "e8edd4a8-de5a-4768-aabc-ab299d09c477*F081520AB2E0DC8C94AE6FFA74FCC32A61A19E9FB00D0A5908D97685F53C680F",
        "resourceId": "/subscriptions/1c835c29-68e9-40a7-8455-842925d04908/resourceGroups/Default-Nginx-9580/providers/Nginx.NginxPlus/nginxDeployments/testDeployment-3759/certificates/testCertificate-6728",
        "status": "Accepted",
        "startTime": "2023-11-22T14:08:20.8640221Z"
      }
    },
    {
      "RequestUri": "https://management.azure.com/providers/Nginx.NginxPlus/locations/WESTCENTRALUS/operationStatuses/e8edd4a8-de5a-4768-aabc-ab299d09c477*F081520AB2E0DC8C94AE6FFA74FCC32A61A19E9FB00D0A5908D97685F53C680F?api-version=2023-04-01\u0026t=638362589012985751\u0026c=MIIHADCCBeigAwIBAgITfAQLJaXGjL3sIjyx5QAABAslpTANBgkqhkiG9w0BAQsFADBEMRMwEQYKCZImiZPyLGQBGRYDR0JMMRMwEQYKCZImiZPyLGQBGRYDQU1FMRgwFgYDVQQDEw9BTUUgSW5mcmEgQ0EgMDUwHhcNMjMxMTAxMDUzNjA0WhcNMjQxMDI2MDUzNjA0WjBAMT4wPAYDVQQDEzVhc3luY29wZXJhdGlvbnNpZ25pbmdjZXJ0aWZpY2F0ZS5tYW5hZ2VtZW50LmF6dXJlLmNvbTCCASIwDQYJKoZIhvcNAQEBBQADggEPADCCAQoCggEBAOLHUO7dPGVIoruKLdzUNswYmek-Nljw_QxU2vLAMiVNqgHD_TDk8bAf1OzE0jMQ9YykRPzRz7TtZfN7cFjIs3D5mJLWvnug2wph85PUl0n6fMWhTHR1zCazHdfEcFCLsYctkDhhIcW0L7tSMU8rcXT9_y5SxiYVfFca-rWaJ6tpJpc2ixCWdfbW7OO0zEHxgMEOWDhmNZoA8knKo6OH0iW04aNo6HoJuUrvPwf5P6NlfROEd4DQOKF4gkUbzlaeCcVkwkS_ZNgQxTKBqZqY-Q9BQTvnnq1WKS1kicyyQbsSTCEq9qni0WLWZ0-fTNJp8ljSN4aPuZ8bGCCgtTJCRvUCAwEAAaOCA-0wggPpMCcGCSsGAQQBgjcVCgQaMBgwCgYIKwYBBQUHAwEwCgYIKwYBBQUHAwIwPQYJKwYBBAGCNxUHBDAwLgYmKwYBBAGCNxUIhpDjDYTVtHiE8Ys-hZvdFs6dEoFggvX2K4Py0SACAWQCAQowggHLBggrBgEFBQcBAQSCAb0wggG5MGMGCCsGAQUFBzAChldodHRwOi8vY3JsLm1pY3Jvc29mdC5jb20vcGtpaW5mcmEvQ2VydHMvQ08xUEtJSU5UQ0EwMS5BTUUuR0JMX0FNRSUyMEluZnJhJTIwQ0ElMjAwNS5jcnQwUwYIKwYBBQUHMAKGR2h0dHA6Ly9jcmwxLmFtZS5nYmwvYWlhL0NPMVBLSUlOVENBMDEuQU1FLkdCTF9BTUUlMjBJbmZyYSUyMENBJTIwMDUuY3J0MFMGCCsGAQUFBzAChkdodHRwOi8vY3JsMi5hbWUuZ2JsL2FpYS9DTzFQS0lJTlRDQTAxLkFNRS5HQkxfQU1FJTIwSW5mcmElMjBDQSUyMDA1LmNydDBTBggrBgEFBQcwAoZHaHR0cDovL2NybDMuYW1lLmdibC9haWEvQ08xUEtJSU5UQ0EwMS5BTUUuR0JMX0FNRSUyMEluZnJhJTIwQ0ElMjAwNS5jcnQwUwYIKwYBBQUHMAKGR2h0dHA6Ly9jcmw0LmFtZS5nYmwvYWlhL0NPMVBLSUlOVENBMDEuQU1FLkdCTF9BTUUlMjBJbmZyYSUyMENBJTIwMDUuY3J0MB0GA1UdDgQWBBQM39B_5hlROZQL6bGUve6R9sEqYjAOBgNVHQ8BAf8EBAMCBaAwggEmBgNVHR8EggEdMIIBGTCCARWgggERoIIBDYY_aHR0cDovL2NybC5taWNyb3NvZnQuY29tL3BraWluZnJhL0NSTC9BTUUlMjBJbmZyYSUyMENBJTIwMDUuY3JshjFodHRwOi8vY3JsMS5hbWUuZ2JsL2NybC9BTUUlMjBJbmZyYSUyMENBJTIwMDUuY3JshjFodHRwOi8vY3JsMi5hbWUuZ2JsL2NybC9BTUUlMjBJbmZyYSUyMENBJTIwMDUuY3JshjFodHRwOi8vY3JsMy5hbWUuZ2JsL2NybC9BTUUlMjBJbmZyYSUyMENBJTIwMDUuY3JshjFodHRwOi8vY3JsNC5hbWUuZ2JsL2NybC9BTUUlMjBJbmZyYSUyMENBJTIwMDUuY3JsMBcGA1UdIAQQMA4wDAYKKwYBBAGCN3sBATAfBgNVHSMEGDAWgBR61hmFKHlscXYeYPjzS--iBUIWHTAdBgNVHSUEFjAUBggrBgEFBQcDAQYIKwYBBQUHAwIwDQYJKoZIhvcNAQELBQADggEBAHsDVo-ubSySZd4FYJJzcvbu2RGLublq8xgAoGl9Jn-5zXXh0d0dSo9sYUruEmf4m6a5fl_ihkPtuaUSEA4aJeVGYNi0_RmMj42eIYHcT0kJI6SBebjMe5w97pOyrwCIkFJZt8dzXH61xgR1pxP7AUNRta8UJiNW2LW-tHESqFYdM1vy7psJr8GPGmCFFEsKKXF_D8JPy5jZeSmOGUDpAnIkLv9WBH5bgZtY04MH65HnKcpK-ibSQVEW-vC28USN1K6LWTUQeRQqn5ab_o3xar4VAxQblzVUO1VQ36cAgi1-47UUOGtjs7rkAUhkxzxO7Rwr5oYNiy8UzunbFY0cZEM\u0026s=zv6GDRXp8uAMOKKuHBmrw1mibilmyjz0Uko8XZs9GGVM2Qf2HiGRmXLHU9lth04y0KLAuozeFu_1YmPMBohgzG_v0MV_buoAdSa6_oCr9cD4ntHyHBs3mQiI4zKA7ncfcqwovkJ6LkfuVPbJOxlUwy1yFSLm8M94TgJfy2WkMJr8oVIaAW0JgbabAoSne74Si0WhVAPB9FM9T6DlGGfEbKXmyj_gKqS0ygvp8mM57cI5DoIAEl8hMh520GZD7M6pljG-uwOZAIlDl22WNP6aPlCDACV75PKZLXaX1MZUCjcTvEA6zYp4loaioIvx_CQLwUn8LMvUkmufbXnb8zc-nA\u0026h=f6Ig4p_QQSuiiVo2RAm6MAd1XoKch-W-PpCf8QiyvkQ",
      "RequestMethod": "GET",
      "RequestHeaders": {
        "Authorization": "Sanitized",
        "traceparent": "00-cd83cc470059a1cfe25bffaa60604b43-397c70c0c9b77006-00",
        "User-Agent": "azsdk-net-ResourceManager/1.9.0 (.NET 7.0.14; Microsoft Windows 10.0.22635)",
        "x-ms-client-request-id": "f88a29b6d0f30f109e945367eddbd61b",
        "x-ms-return-client-request-id": "true"
      },
      "RequestBody": null,
      "StatusCode": 200,
      "ResponseHeaders": {
        "Cache-Control": "no-cache",
        "Content-Length": "551",
        "Content-Type": "application/json; charset=utf-8",
        "Date": "Wed, 22 Nov 2023 14:08:24 GMT",
        "ETag": "\u0022e201ab45-0000-0600-0000-655e0b540000\u0022",
        "Expires": "-1",
        "Pragma": "no-cache",
        "Strict-Transport-Security": "max-age=31536000; includeSubDomains",
        "X-Content-Type-Options": "nosniff",
        "x-ms-client-request-id": "f88a29b6d0f30f109e945367eddbd61b",
        "x-ms-correlation-request-id": "e790d5e2-9eb3-4227-b651-55b509634fd6",
        "x-ms-ratelimit-remaining-tenant-reads": "11987",
        "x-ms-request-id": "670d7a61-44e0-46fc-bb2d-2d5958f5e7ee",
        "x-ms-routing-request-id": "SOUTHAFRICANORTH:20231122T140824Z:e790d5e2-9eb3-4227-b651-55b509634fd6"
      },
      "ResponseBody": {
        "id": "/providers/Nginx.NginxPlus/locations/WESTCENTRALUS/operationStatuses/e8edd4a8-de5a-4768-aabc-ab299d09c477*F081520AB2E0DC8C94AE6FFA74FCC32A61A19E9FB00D0A5908D97685F53C680F",
        "name": "e8edd4a8-de5a-4768-aabc-ab299d09c477*F081520AB2E0DC8C94AE6FFA74FCC32A61A19E9FB00D0A5908D97685F53C680F",
        "resourceId": "/subscriptions/1c835c29-68e9-40a7-8455-842925d04908/resourceGroups/Default-Nginx-9580/providers/Nginx.NginxPlus/nginxDeployments/testDeployment-3759/certificates/testCertificate-6728",
        "status": "Accepted",
        "startTime": "2023-11-22T14:08:20.8640221Z"
      }
    },
    {
      "RequestUri": "https://management.azure.com/providers/Nginx.NginxPlus/locations/WESTCENTRALUS/operationStatuses/e8edd4a8-de5a-4768-aabc-ab299d09c477*F081520AB2E0DC8C94AE6FFA74FCC32A61A19E9FB00D0A5908D97685F53C680F?api-version=2023-04-01\u0026t=638362589012985751\u0026c=MIIHADCCBeigAwIBAgITfAQLJaXGjL3sIjyx5QAABAslpTANBgkqhkiG9w0BAQsFADBEMRMwEQYKCZImiZPyLGQBGRYDR0JMMRMwEQYKCZImiZPyLGQBGRYDQU1FMRgwFgYDVQQDEw9BTUUgSW5mcmEgQ0EgMDUwHhcNMjMxMTAxMDUzNjA0WhcNMjQxMDI2MDUzNjA0WjBAMT4wPAYDVQQDEzVhc3luY29wZXJhdGlvbnNpZ25pbmdjZXJ0aWZpY2F0ZS5tYW5hZ2VtZW50LmF6dXJlLmNvbTCCASIwDQYJKoZIhvcNAQEBBQADggEPADCCAQoCggEBAOLHUO7dPGVIoruKLdzUNswYmek-Nljw_QxU2vLAMiVNqgHD_TDk8bAf1OzE0jMQ9YykRPzRz7TtZfN7cFjIs3D5mJLWvnug2wph85PUl0n6fMWhTHR1zCazHdfEcFCLsYctkDhhIcW0L7tSMU8rcXT9_y5SxiYVfFca-rWaJ6tpJpc2ixCWdfbW7OO0zEHxgMEOWDhmNZoA8knKo6OH0iW04aNo6HoJuUrvPwf5P6NlfROEd4DQOKF4gkUbzlaeCcVkwkS_ZNgQxTKBqZqY-Q9BQTvnnq1WKS1kicyyQbsSTCEq9qni0WLWZ0-fTNJp8ljSN4aPuZ8bGCCgtTJCRvUCAwEAAaOCA-0wggPpMCcGCSsGAQQBgjcVCgQaMBgwCgYIKwYBBQUHAwEwCgYIKwYBBQUHAwIwPQYJKwYBBAGCNxUHBDAwLgYmKwYBBAGCNxUIhpDjDYTVtHiE8Ys-hZvdFs6dEoFggvX2K4Py0SACAWQCAQowggHLBggrBgEFBQcBAQSCAb0wggG5MGMGCCsGAQUFBzAChldodHRwOi8vY3JsLm1pY3Jvc29mdC5jb20vcGtpaW5mcmEvQ2VydHMvQ08xUEtJSU5UQ0EwMS5BTUUuR0JMX0FNRSUyMEluZnJhJTIwQ0ElMjAwNS5jcnQwUwYIKwYBBQUHMAKGR2h0dHA6Ly9jcmwxLmFtZS5nYmwvYWlhL0NPMVBLSUlOVENBMDEuQU1FLkdCTF9BTUUlMjBJbmZyYSUyMENBJTIwMDUuY3J0MFMGCCsGAQUFBzAChkdodHRwOi8vY3JsMi5hbWUuZ2JsL2FpYS9DTzFQS0lJTlRDQTAxLkFNRS5HQkxfQU1FJTIwSW5mcmElMjBDQSUyMDA1LmNydDBTBggrBgEFBQcwAoZHaHR0cDovL2NybDMuYW1lLmdibC9haWEvQ08xUEtJSU5UQ0EwMS5BTUUuR0JMX0FNRSUyMEluZnJhJTIwQ0ElMjAwNS5jcnQwUwYIKwYBBQUHMAKGR2h0dHA6Ly9jcmw0LmFtZS5nYmwvYWlhL0NPMVBLSUlOVENBMDEuQU1FLkdCTF9BTUUlMjBJbmZyYSUyMENBJTIwMDUuY3J0MB0GA1UdDgQWBBQM39B_5hlROZQL6bGUve6R9sEqYjAOBgNVHQ8BAf8EBAMCBaAwggEmBgNVHR8EggEdMIIBGTCCARWgggERoIIBDYY_aHR0cDovL2NybC5taWNyb3NvZnQuY29tL3BraWluZnJhL0NSTC9BTUUlMjBJbmZyYSUyMENBJTIwMDUuY3JshjFodHRwOi8vY3JsMS5hbWUuZ2JsL2NybC9BTUUlMjBJbmZyYSUyMENBJTIwMDUuY3JshjFodHRwOi8vY3JsMi5hbWUuZ2JsL2NybC9BTUUlMjBJbmZyYSUyMENBJTIwMDUuY3JshjFodHRwOi8vY3JsMy5hbWUuZ2JsL2NybC9BTUUlMjBJbmZyYSUyMENBJTIwMDUuY3JshjFodHRwOi8vY3JsNC5hbWUuZ2JsL2NybC9BTUUlMjBJbmZyYSUyMENBJTIwMDUuY3JsMBcGA1UdIAQQMA4wDAYKKwYBBAGCN3sBATAfBgNVHSMEGDAWgBR61hmFKHlscXYeYPjzS--iBUIWHTAdBgNVHSUEFjAUBggrBgEFBQcDAQYIKwYBBQUHAwIwDQYJKoZIhvcNAQELBQADggEBAHsDVo-ubSySZd4FYJJzcvbu2RGLublq8xgAoGl9Jn-5zXXh0d0dSo9sYUruEmf4m6a5fl_ihkPtuaUSEA4aJeVGYNi0_RmMj42eIYHcT0kJI6SBebjMe5w97pOyrwCIkFJZt8dzXH61xgR1pxP7AUNRta8UJiNW2LW-tHESqFYdM1vy7psJr8GPGmCFFEsKKXF_D8JPy5jZeSmOGUDpAnIkLv9WBH5bgZtY04MH65HnKcpK-ibSQVEW-vC28USN1K6LWTUQeRQqn5ab_o3xar4VAxQblzVUO1VQ36cAgi1-47UUOGtjs7rkAUhkxzxO7Rwr5oYNiy8UzunbFY0cZEM\u0026s=zv6GDRXp8uAMOKKuHBmrw1mibilmyjz0Uko8XZs9GGVM2Qf2HiGRmXLHU9lth04y0KLAuozeFu_1YmPMBohgzG_v0MV_buoAdSa6_oCr9cD4ntHyHBs3mQiI4zKA7ncfcqwovkJ6LkfuVPbJOxlUwy1yFSLm8M94TgJfy2WkMJr8oVIaAW0JgbabAoSne74Si0WhVAPB9FM9T6DlGGfEbKXmyj_gKqS0ygvp8mM57cI5DoIAEl8hMh520GZD7M6pljG-uwOZAIlDl22WNP6aPlCDACV75PKZLXaX1MZUCjcTvEA6zYp4loaioIvx_CQLwUn8LMvUkmufbXnb8zc-nA\u0026h=f6Ig4p_QQSuiiVo2RAm6MAd1XoKch-W-PpCf8QiyvkQ",
      "RequestMethod": "GET",
      "RequestHeaders": {
        "Authorization": "Sanitized",
        "traceparent": "00-cd83cc470059a1cfe25bffaa60604b43-693f75704aa609a8-00",
        "User-Agent": "azsdk-net-ResourceManager/1.9.0 (.NET 7.0.14; Microsoft Windows 10.0.22635)",
        "x-ms-client-request-id": "f04dd836d2021f9e2cec23acdd6b3e7f",
        "x-ms-return-client-request-id": "true"
      },
      "RequestBody": null,
      "StatusCode": 200,
      "ResponseHeaders": {
        "Cache-Control": "no-cache",
        "Content-Length": "551",
        "Content-Type": "application/json; charset=utf-8",
        "Date": "Wed, 22 Nov 2023 14:08:25 GMT",
        "ETag": "\u0022e201ab45-0000-0600-0000-655e0b540000\u0022",
        "Expires": "-1",
        "Pragma": "no-cache",
        "Strict-Transport-Security": "max-age=31536000; includeSubDomains",
        "X-Content-Type-Options": "nosniff",
        "x-ms-client-request-id": "f04dd836d2021f9e2cec23acdd6b3e7f",
        "x-ms-correlation-request-id": "446b71aa-135a-481b-849d-d7fa262aa3ed",
        "x-ms-ratelimit-remaining-tenant-reads": "11986",
        "x-ms-request-id": "e6db852f-5252-4e6f-be9e-bf1e6304d3e4",
        "x-ms-routing-request-id": "SOUTHAFRICANORTH:20231122T140825Z:446b71aa-135a-481b-849d-d7fa262aa3ed"
      },
      "ResponseBody": {
        "id": "/providers/Nginx.NginxPlus/locations/WESTCENTRALUS/operationStatuses/e8edd4a8-de5a-4768-aabc-ab299d09c477*F081520AB2E0DC8C94AE6FFA74FCC32A61A19E9FB00D0A5908D97685F53C680F",
        "name": "e8edd4a8-de5a-4768-aabc-ab299d09c477*F081520AB2E0DC8C94AE6FFA74FCC32A61A19E9FB00D0A5908D97685F53C680F",
        "resourceId": "/subscriptions/1c835c29-68e9-40a7-8455-842925d04908/resourceGroups/Default-Nginx-9580/providers/Nginx.NginxPlus/nginxDeployments/testDeployment-3759/certificates/testCertificate-6728",
        "status": "Accepted",
        "startTime": "2023-11-22T14:08:20.8640221Z"
      }
    },
    {
      "RequestUri": "https://management.azure.com/providers/Nginx.NginxPlus/locations/WESTCENTRALUS/operationStatuses/e8edd4a8-de5a-4768-aabc-ab299d09c477*F081520AB2E0DC8C94AE6FFA74FCC32A61A19E9FB00D0A5908D97685F53C680F?api-version=2023-04-01\u0026t=638362589012985751\u0026c=MIIHADCCBeigAwIBAgITfAQLJaXGjL3sIjyx5QAABAslpTANBgkqhkiG9w0BAQsFADBEMRMwEQYKCZImiZPyLGQBGRYDR0JMMRMwEQYKCZImiZPyLGQBGRYDQU1FMRgwFgYDVQQDEw9BTUUgSW5mcmEgQ0EgMDUwHhcNMjMxMTAxMDUzNjA0WhcNMjQxMDI2MDUzNjA0WjBAMT4wPAYDVQQDEzVhc3luY29wZXJhdGlvbnNpZ25pbmdjZXJ0aWZpY2F0ZS5tYW5hZ2VtZW50LmF6dXJlLmNvbTCCASIwDQYJKoZIhvcNAQEBBQADggEPADCCAQoCggEBAOLHUO7dPGVIoruKLdzUNswYmek-Nljw_QxU2vLAMiVNqgHD_TDk8bAf1OzE0jMQ9YykRPzRz7TtZfN7cFjIs3D5mJLWvnug2wph85PUl0n6fMWhTHR1zCazHdfEcFCLsYctkDhhIcW0L7tSMU8rcXT9_y5SxiYVfFca-rWaJ6tpJpc2ixCWdfbW7OO0zEHxgMEOWDhmNZoA8knKo6OH0iW04aNo6HoJuUrvPwf5P6NlfROEd4DQOKF4gkUbzlaeCcVkwkS_ZNgQxTKBqZqY-Q9BQTvnnq1WKS1kicyyQbsSTCEq9qni0WLWZ0-fTNJp8ljSN4aPuZ8bGCCgtTJCRvUCAwEAAaOCA-0wggPpMCcGCSsGAQQBgjcVCgQaMBgwCgYIKwYBBQUHAwEwCgYIKwYBBQUHAwIwPQYJKwYBBAGCNxUHBDAwLgYmKwYBBAGCNxUIhpDjDYTVtHiE8Ys-hZvdFs6dEoFggvX2K4Py0SACAWQCAQowggHLBggrBgEFBQcBAQSCAb0wggG5MGMGCCsGAQUFBzAChldodHRwOi8vY3JsLm1pY3Jvc29mdC5jb20vcGtpaW5mcmEvQ2VydHMvQ08xUEtJSU5UQ0EwMS5BTUUuR0JMX0FNRSUyMEluZnJhJTIwQ0ElMjAwNS5jcnQwUwYIKwYBBQUHMAKGR2h0dHA6Ly9jcmwxLmFtZS5nYmwvYWlhL0NPMVBLSUlOVENBMDEuQU1FLkdCTF9BTUUlMjBJbmZyYSUyMENBJTIwMDUuY3J0MFMGCCsGAQUFBzAChkdodHRwOi8vY3JsMi5hbWUuZ2JsL2FpYS9DTzFQS0lJTlRDQTAxLkFNRS5HQkxfQU1FJTIwSW5mcmElMjBDQSUyMDA1LmNydDBTBggrBgEFBQcwAoZHaHR0cDovL2NybDMuYW1lLmdibC9haWEvQ08xUEtJSU5UQ0EwMS5BTUUuR0JMX0FNRSUyMEluZnJhJTIwQ0ElMjAwNS5jcnQwUwYIKwYBBQUHMAKGR2h0dHA6Ly9jcmw0LmFtZS5nYmwvYWlhL0NPMVBLSUlOVENBMDEuQU1FLkdCTF9BTUUlMjBJbmZyYSUyMENBJTIwMDUuY3J0MB0GA1UdDgQWBBQM39B_5hlROZQL6bGUve6R9sEqYjAOBgNVHQ8BAf8EBAMCBaAwggEmBgNVHR8EggEdMIIBGTCCARWgggERoIIBDYY_aHR0cDovL2NybC5taWNyb3NvZnQuY29tL3BraWluZnJhL0NSTC9BTUUlMjBJbmZyYSUyMENBJTIwMDUuY3JshjFodHRwOi8vY3JsMS5hbWUuZ2JsL2NybC9BTUUlMjBJbmZyYSUyMENBJTIwMDUuY3JshjFodHRwOi8vY3JsMi5hbWUuZ2JsL2NybC9BTUUlMjBJbmZyYSUyMENBJTIwMDUuY3JshjFodHRwOi8vY3JsMy5hbWUuZ2JsL2NybC9BTUUlMjBJbmZyYSUyMENBJTIwMDUuY3JshjFodHRwOi8vY3JsNC5hbWUuZ2JsL2NybC9BTUUlMjBJbmZyYSUyMENBJTIwMDUuY3JsMBcGA1UdIAQQMA4wDAYKKwYBBAGCN3sBATAfBgNVHSMEGDAWgBR61hmFKHlscXYeYPjzS--iBUIWHTAdBgNVHSUEFjAUBggrBgEFBQcDAQYIKwYBBQUHAwIwDQYJKoZIhvcNAQELBQADggEBAHsDVo-ubSySZd4FYJJzcvbu2RGLublq8xgAoGl9Jn-5zXXh0d0dSo9sYUruEmf4m6a5fl_ihkPtuaUSEA4aJeVGYNi0_RmMj42eIYHcT0kJI6SBebjMe5w97pOyrwCIkFJZt8dzXH61xgR1pxP7AUNRta8UJiNW2LW-tHESqFYdM1vy7psJr8GPGmCFFEsKKXF_D8JPy5jZeSmOGUDpAnIkLv9WBH5bgZtY04MH65HnKcpK-ibSQVEW-vC28USN1K6LWTUQeRQqn5ab_o3xar4VAxQblzVUO1VQ36cAgi1-47UUOGtjs7rkAUhkxzxO7Rwr5oYNiy8UzunbFY0cZEM\u0026s=zv6GDRXp8uAMOKKuHBmrw1mibilmyjz0Uko8XZs9GGVM2Qf2HiGRmXLHU9lth04y0KLAuozeFu_1YmPMBohgzG_v0MV_buoAdSa6_oCr9cD4ntHyHBs3mQiI4zKA7ncfcqwovkJ6LkfuVPbJOxlUwy1yFSLm8M94TgJfy2WkMJr8oVIaAW0JgbabAoSne74Si0WhVAPB9FM9T6DlGGfEbKXmyj_gKqS0ygvp8mM57cI5DoIAEl8hMh520GZD7M6pljG-uwOZAIlDl22WNP6aPlCDACV75PKZLXaX1MZUCjcTvEA6zYp4loaioIvx_CQLwUn8LMvUkmufbXnb8zc-nA\u0026h=f6Ig4p_QQSuiiVo2RAm6MAd1XoKch-W-PpCf8QiyvkQ",
      "RequestMethod": "GET",
      "RequestHeaders": {
        "Authorization": "Sanitized",
        "traceparent": "00-cd83cc470059a1cfe25bffaa60604b43-55bb876fbbe9e9c1-00",
        "User-Agent": "azsdk-net-ResourceManager/1.9.0 (.NET 7.0.14; Microsoft Windows 10.0.22635)",
        "x-ms-client-request-id": "4deb2f576dd80acfbd7736684b331e87",
        "x-ms-return-client-request-id": "true"
      },
      "RequestBody": null,
      "StatusCode": 200,
      "ResponseHeaders": {
        "Cache-Control": "no-cache",
        "Content-Length": "551",
        "Content-Type": "application/json; charset=utf-8",
        "Date": "Wed, 22 Nov 2023 14:08:27 GMT",
        "ETag": "\u0022e201ab45-0000-0600-0000-655e0b540000\u0022",
        "Expires": "-1",
        "Pragma": "no-cache",
        "Strict-Transport-Security": "max-age=31536000; includeSubDomains",
        "X-Content-Type-Options": "nosniff",
        "x-ms-client-request-id": "4deb2f576dd80acfbd7736684b331e87",
        "x-ms-correlation-request-id": "3477ba98-239f-449b-98e7-895ca2a2795f",
        "x-ms-ratelimit-remaining-tenant-reads": "11985",
        "x-ms-request-id": "c224e048-090e-49df-b8c4-0bb3d6cf15bd",
        "x-ms-routing-request-id": "SOUTHAFRICANORTH:20231122T140828Z:3477ba98-239f-449b-98e7-895ca2a2795f"
      },
      "ResponseBody": {
        "id": "/providers/Nginx.NginxPlus/locations/WESTCENTRALUS/operationStatuses/e8edd4a8-de5a-4768-aabc-ab299d09c477*F081520AB2E0DC8C94AE6FFA74FCC32A61A19E9FB00D0A5908D97685F53C680F",
        "name": "e8edd4a8-de5a-4768-aabc-ab299d09c477*F081520AB2E0DC8C94AE6FFA74FCC32A61A19E9FB00D0A5908D97685F53C680F",
        "resourceId": "/subscriptions/1c835c29-68e9-40a7-8455-842925d04908/resourceGroups/Default-Nginx-9580/providers/Nginx.NginxPlus/nginxDeployments/testDeployment-3759/certificates/testCertificate-6728",
        "status": "Accepted",
        "startTime": "2023-11-22T14:08:20.8640221Z"
      }
    },
    {
      "RequestUri": "https://management.azure.com/providers/Nginx.NginxPlus/locations/WESTCENTRALUS/operationStatuses/e8edd4a8-de5a-4768-aabc-ab299d09c477*F081520AB2E0DC8C94AE6FFA74FCC32A61A19E9FB00D0A5908D97685F53C680F?api-version=2023-04-01\u0026t=638362589012985751\u0026c=MIIHADCCBeigAwIBAgITfAQLJaXGjL3sIjyx5QAABAslpTANBgkqhkiG9w0BAQsFADBEMRMwEQYKCZImiZPyLGQBGRYDR0JMMRMwEQYKCZImiZPyLGQBGRYDQU1FMRgwFgYDVQQDEw9BTUUgSW5mcmEgQ0EgMDUwHhcNMjMxMTAxMDUzNjA0WhcNMjQxMDI2MDUzNjA0WjBAMT4wPAYDVQQDEzVhc3luY29wZXJhdGlvbnNpZ25pbmdjZXJ0aWZpY2F0ZS5tYW5hZ2VtZW50LmF6dXJlLmNvbTCCASIwDQYJKoZIhvcNAQEBBQADggEPADCCAQoCggEBAOLHUO7dPGVIoruKLdzUNswYmek-Nljw_QxU2vLAMiVNqgHD_TDk8bAf1OzE0jMQ9YykRPzRz7TtZfN7cFjIs3D5mJLWvnug2wph85PUl0n6fMWhTHR1zCazHdfEcFCLsYctkDhhIcW0L7tSMU8rcXT9_y5SxiYVfFca-rWaJ6tpJpc2ixCWdfbW7OO0zEHxgMEOWDhmNZoA8knKo6OH0iW04aNo6HoJuUrvPwf5P6NlfROEd4DQOKF4gkUbzlaeCcVkwkS_ZNgQxTKBqZqY-Q9BQTvnnq1WKS1kicyyQbsSTCEq9qni0WLWZ0-fTNJp8ljSN4aPuZ8bGCCgtTJCRvUCAwEAAaOCA-0wggPpMCcGCSsGAQQBgjcVCgQaMBgwCgYIKwYBBQUHAwEwCgYIKwYBBQUHAwIwPQYJKwYBBAGCNxUHBDAwLgYmKwYBBAGCNxUIhpDjDYTVtHiE8Ys-hZvdFs6dEoFggvX2K4Py0SACAWQCAQowggHLBggrBgEFBQcBAQSCAb0wggG5MGMGCCsGAQUFBzAChldodHRwOi8vY3JsLm1pY3Jvc29mdC5jb20vcGtpaW5mcmEvQ2VydHMvQ08xUEtJSU5UQ0EwMS5BTUUuR0JMX0FNRSUyMEluZnJhJTIwQ0ElMjAwNS5jcnQwUwYIKwYBBQUHMAKGR2h0dHA6Ly9jcmwxLmFtZS5nYmwvYWlhL0NPMVBLSUlOVENBMDEuQU1FLkdCTF9BTUUlMjBJbmZyYSUyMENBJTIwMDUuY3J0MFMGCCsGAQUFBzAChkdodHRwOi8vY3JsMi5hbWUuZ2JsL2FpYS9DTzFQS0lJTlRDQTAxLkFNRS5HQkxfQU1FJTIwSW5mcmElMjBDQSUyMDA1LmNydDBTBggrBgEFBQcwAoZHaHR0cDovL2NybDMuYW1lLmdibC9haWEvQ08xUEtJSU5UQ0EwMS5BTUUuR0JMX0FNRSUyMEluZnJhJTIwQ0ElMjAwNS5jcnQwUwYIKwYBBQUHMAKGR2h0dHA6Ly9jcmw0LmFtZS5nYmwvYWlhL0NPMVBLSUlOVENBMDEuQU1FLkdCTF9BTUUlMjBJbmZyYSUyMENBJTIwMDUuY3J0MB0GA1UdDgQWBBQM39B_5hlROZQL6bGUve6R9sEqYjAOBgNVHQ8BAf8EBAMCBaAwggEmBgNVHR8EggEdMIIBGTCCARWgggERoIIBDYY_aHR0cDovL2NybC5taWNyb3NvZnQuY29tL3BraWluZnJhL0NSTC9BTUUlMjBJbmZyYSUyMENBJTIwMDUuY3JshjFodHRwOi8vY3JsMS5hbWUuZ2JsL2NybC9BTUUlMjBJbmZyYSUyMENBJTIwMDUuY3JshjFodHRwOi8vY3JsMi5hbWUuZ2JsL2NybC9BTUUlMjBJbmZyYSUyMENBJTIwMDUuY3JshjFodHRwOi8vY3JsMy5hbWUuZ2JsL2NybC9BTUUlMjBJbmZyYSUyMENBJTIwMDUuY3JshjFodHRwOi8vY3JsNC5hbWUuZ2JsL2NybC9BTUUlMjBJbmZyYSUyMENBJTIwMDUuY3JsMBcGA1UdIAQQMA4wDAYKKwYBBAGCN3sBATAfBgNVHSMEGDAWgBR61hmFKHlscXYeYPjzS--iBUIWHTAdBgNVHSUEFjAUBggrBgEFBQcDAQYIKwYBBQUHAwIwDQYJKoZIhvcNAQELBQADggEBAHsDVo-ubSySZd4FYJJzcvbu2RGLublq8xgAoGl9Jn-5zXXh0d0dSo9sYUruEmf4m6a5fl_ihkPtuaUSEA4aJeVGYNi0_RmMj42eIYHcT0kJI6SBebjMe5w97pOyrwCIkFJZt8dzXH61xgR1pxP7AUNRta8UJiNW2LW-tHESqFYdM1vy7psJr8GPGmCFFEsKKXF_D8JPy5jZeSmOGUDpAnIkLv9WBH5bgZtY04MH65HnKcpK-ibSQVEW-vC28USN1K6LWTUQeRQqn5ab_o3xar4VAxQblzVUO1VQ36cAgi1-47UUOGtjs7rkAUhkxzxO7Rwr5oYNiy8UzunbFY0cZEM\u0026s=zv6GDRXp8uAMOKKuHBmrw1mibilmyjz0Uko8XZs9GGVM2Qf2HiGRmXLHU9lth04y0KLAuozeFu_1YmPMBohgzG_v0MV_buoAdSa6_oCr9cD4ntHyHBs3mQiI4zKA7ncfcqwovkJ6LkfuVPbJOxlUwy1yFSLm8M94TgJfy2WkMJr8oVIaAW0JgbabAoSne74Si0WhVAPB9FM9T6DlGGfEbKXmyj_gKqS0ygvp8mM57cI5DoIAEl8hMh520GZD7M6pljG-uwOZAIlDl22WNP6aPlCDACV75PKZLXaX1MZUCjcTvEA6zYp4loaioIvx_CQLwUn8LMvUkmufbXnb8zc-nA\u0026h=f6Ig4p_QQSuiiVo2RAm6MAd1XoKch-W-PpCf8QiyvkQ",
      "RequestMethod": "GET",
      "RequestHeaders": {
        "Authorization": "Sanitized",
        "traceparent": "00-cd83cc470059a1cfe25bffaa60604b43-c721293953e55764-00",
        "User-Agent": "azsdk-net-ResourceManager/1.9.0 (.NET 7.0.14; Microsoft Windows 10.0.22635)",
        "x-ms-client-request-id": "9c925bf10397e4898a6bcc06ad633133",
        "x-ms-return-client-request-id": "true"
      },
      "RequestBody": null,
      "StatusCode": 200,
      "ResponseHeaders": {
        "Cache-Control": "no-cache",
        "Content-Length": "551",
        "Content-Type": "application/json; charset=utf-8",
        "Date": "Wed, 22 Nov 2023 14:08:32 GMT",
        "ETag": "\u0022e201ab45-0000-0600-0000-655e0b540000\u0022",
        "Expires": "-1",
        "Pragma": "no-cache",
        "Strict-Transport-Security": "max-age=31536000; includeSubDomains",
        "X-Content-Type-Options": "nosniff",
        "x-ms-client-request-id": "9c925bf10397e4898a6bcc06ad633133",
        "x-ms-correlation-request-id": "4964a845-e390-4831-bbbd-90b5f0fd98e2",
        "x-ms-ratelimit-remaining-tenant-reads": "11984",
        "x-ms-request-id": "0c8795a1-e54c-4064-883e-d08c5a893ef6",
        "x-ms-routing-request-id": "SOUTHAFRICANORTH:20231122T140832Z:4964a845-e390-4831-bbbd-90b5f0fd98e2"
      },
      "ResponseBody": {
        "id": "/providers/Nginx.NginxPlus/locations/WESTCENTRALUS/operationStatuses/e8edd4a8-de5a-4768-aabc-ab299d09c477*F081520AB2E0DC8C94AE6FFA74FCC32A61A19E9FB00D0A5908D97685F53C680F",
        "name": "e8edd4a8-de5a-4768-aabc-ab299d09c477*F081520AB2E0DC8C94AE6FFA74FCC32A61A19E9FB00D0A5908D97685F53C680F",
        "resourceId": "/subscriptions/1c835c29-68e9-40a7-8455-842925d04908/resourceGroups/Default-Nginx-9580/providers/Nginx.NginxPlus/nginxDeployments/testDeployment-3759/certificates/testCertificate-6728",
        "status": "Accepted",
        "startTime": "2023-11-22T14:08:20.8640221Z"
      }
    },
    {
      "RequestUri": "https://management.azure.com/providers/Nginx.NginxPlus/locations/WESTCENTRALUS/operationStatuses/e8edd4a8-de5a-4768-aabc-ab299d09c477*F081520AB2E0DC8C94AE6FFA74FCC32A61A19E9FB00D0A5908D97685F53C680F?api-version=2023-04-01\u0026t=638362589012985751\u0026c=MIIHADCCBeigAwIBAgITfAQLJaXGjL3sIjyx5QAABAslpTANBgkqhkiG9w0BAQsFADBEMRMwEQYKCZImiZPyLGQBGRYDR0JMMRMwEQYKCZImiZPyLGQBGRYDQU1FMRgwFgYDVQQDEw9BTUUgSW5mcmEgQ0EgMDUwHhcNMjMxMTAxMDUzNjA0WhcNMjQxMDI2MDUzNjA0WjBAMT4wPAYDVQQDEzVhc3luY29wZXJhdGlvbnNpZ25pbmdjZXJ0aWZpY2F0ZS5tYW5hZ2VtZW50LmF6dXJlLmNvbTCCASIwDQYJKoZIhvcNAQEBBQADggEPADCCAQoCggEBAOLHUO7dPGVIoruKLdzUNswYmek-Nljw_QxU2vLAMiVNqgHD_TDk8bAf1OzE0jMQ9YykRPzRz7TtZfN7cFjIs3D5mJLWvnug2wph85PUl0n6fMWhTHR1zCazHdfEcFCLsYctkDhhIcW0L7tSMU8rcXT9_y5SxiYVfFca-rWaJ6tpJpc2ixCWdfbW7OO0zEHxgMEOWDhmNZoA8knKo6OH0iW04aNo6HoJuUrvPwf5P6NlfROEd4DQOKF4gkUbzlaeCcVkwkS_ZNgQxTKBqZqY-Q9BQTvnnq1WKS1kicyyQbsSTCEq9qni0WLWZ0-fTNJp8ljSN4aPuZ8bGCCgtTJCRvUCAwEAAaOCA-0wggPpMCcGCSsGAQQBgjcVCgQaMBgwCgYIKwYBBQUHAwEwCgYIKwYBBQUHAwIwPQYJKwYBBAGCNxUHBDAwLgYmKwYBBAGCNxUIhpDjDYTVtHiE8Ys-hZvdFs6dEoFggvX2K4Py0SACAWQCAQowggHLBggrBgEFBQcBAQSCAb0wggG5MGMGCCsGAQUFBzAChldodHRwOi8vY3JsLm1pY3Jvc29mdC5jb20vcGtpaW5mcmEvQ2VydHMvQ08xUEtJSU5UQ0EwMS5BTUUuR0JMX0FNRSUyMEluZnJhJTIwQ0ElMjAwNS5jcnQwUwYIKwYBBQUHMAKGR2h0dHA6Ly9jcmwxLmFtZS5nYmwvYWlhL0NPMVBLSUlOVENBMDEuQU1FLkdCTF9BTUUlMjBJbmZyYSUyMENBJTIwMDUuY3J0MFMGCCsGAQUFBzAChkdodHRwOi8vY3JsMi5hbWUuZ2JsL2FpYS9DTzFQS0lJTlRDQTAxLkFNRS5HQkxfQU1FJTIwSW5mcmElMjBDQSUyMDA1LmNydDBTBggrBgEFBQcwAoZHaHR0cDovL2NybDMuYW1lLmdibC9haWEvQ08xUEtJSU5UQ0EwMS5BTUUuR0JMX0FNRSUyMEluZnJhJTIwQ0ElMjAwNS5jcnQwUwYIKwYBBQUHMAKGR2h0dHA6Ly9jcmw0LmFtZS5nYmwvYWlhL0NPMVBLSUlOVENBMDEuQU1FLkdCTF9BTUUlMjBJbmZyYSUyMENBJTIwMDUuY3J0MB0GA1UdDgQWBBQM39B_5hlROZQL6bGUve6R9sEqYjAOBgNVHQ8BAf8EBAMCBaAwggEmBgNVHR8EggEdMIIBGTCCARWgggERoIIBDYY_aHR0cDovL2NybC5taWNyb3NvZnQuY29tL3BraWluZnJhL0NSTC9BTUUlMjBJbmZyYSUyMENBJTIwMDUuY3JshjFodHRwOi8vY3JsMS5hbWUuZ2JsL2NybC9BTUUlMjBJbmZyYSUyMENBJTIwMDUuY3JshjFodHRwOi8vY3JsMi5hbWUuZ2JsL2NybC9BTUUlMjBJbmZyYSUyMENBJTIwMDUuY3JshjFodHRwOi8vY3JsMy5hbWUuZ2JsL2NybC9BTUUlMjBJbmZyYSUyMENBJTIwMDUuY3JshjFodHRwOi8vY3JsNC5hbWUuZ2JsL2NybC9BTUUlMjBJbmZyYSUyMENBJTIwMDUuY3JsMBcGA1UdIAQQMA4wDAYKKwYBBAGCN3sBATAfBgNVHSMEGDAWgBR61hmFKHlscXYeYPjzS--iBUIWHTAdBgNVHSUEFjAUBggrBgEFBQcDAQYIKwYBBQUHAwIwDQYJKoZIhvcNAQELBQADggEBAHsDVo-ubSySZd4FYJJzcvbu2RGLublq8xgAoGl9Jn-5zXXh0d0dSo9sYUruEmf4m6a5fl_ihkPtuaUSEA4aJeVGYNi0_RmMj42eIYHcT0kJI6SBebjMe5w97pOyrwCIkFJZt8dzXH61xgR1pxP7AUNRta8UJiNW2LW-tHESqFYdM1vy7psJr8GPGmCFFEsKKXF_D8JPy5jZeSmOGUDpAnIkLv9WBH5bgZtY04MH65HnKcpK-ibSQVEW-vC28USN1K6LWTUQeRQqn5ab_o3xar4VAxQblzVUO1VQ36cAgi1-47UUOGtjs7rkAUhkxzxO7Rwr5oYNiy8UzunbFY0cZEM\u0026s=zv6GDRXp8uAMOKKuHBmrw1mibilmyjz0Uko8XZs9GGVM2Qf2HiGRmXLHU9lth04y0KLAuozeFu_1YmPMBohgzG_v0MV_buoAdSa6_oCr9cD4ntHyHBs3mQiI4zKA7ncfcqwovkJ6LkfuVPbJOxlUwy1yFSLm8M94TgJfy2WkMJr8oVIaAW0JgbabAoSne74Si0WhVAPB9FM9T6DlGGfEbKXmyj_gKqS0ygvp8mM57cI5DoIAEl8hMh520GZD7M6pljG-uwOZAIlDl22WNP6aPlCDACV75PKZLXaX1MZUCjcTvEA6zYp4loaioIvx_CQLwUn8LMvUkmufbXnb8zc-nA\u0026h=f6Ig4p_QQSuiiVo2RAm6MAd1XoKch-W-PpCf8QiyvkQ",
      "RequestMethod": "GET",
      "RequestHeaders": {
        "Authorization": "Sanitized",
        "traceparent": "00-cd83cc470059a1cfe25bffaa60604b43-401be3f5ff29ee56-00",
        "User-Agent": "azsdk-net-ResourceManager/1.9.0 (.NET 7.0.14; Microsoft Windows 10.0.22635)",
        "x-ms-client-request-id": "be10d45689efc8420842338a9c35d4f8",
        "x-ms-return-client-request-id": "true"
      },
      "RequestBody": null,
      "StatusCode": 200,
      "ResponseHeaders": {
        "Cache-Control": "no-cache",
        "Content-Length": "622",
        "Content-Type": "application/json; charset=utf-8",
        "Date": "Wed, 22 Nov 2023 14:08:40 GMT",
        "ETag": "\u0022e201c246-0000-0600-0000-655e0b620000\u0022",
        "Expires": "-1",
        "Pragma": "no-cache",
        "Strict-Transport-Security": "max-age=31536000; includeSubDomains",
        "X-Content-Type-Options": "nosniff",
        "x-ms-client-request-id": "be10d45689efc8420842338a9c35d4f8",
        "x-ms-correlation-request-id": "5bca37ef-3a30-4409-9b27-a847021173cc",
        "x-ms-ratelimit-remaining-tenant-reads": "11983",
        "x-ms-request-id": "875af77d-bdbb-40c8-b4d1-b1351684676e",
        "x-ms-routing-request-id": "SOUTHAFRICANORTH:20231122T140840Z:5bca37ef-3a30-4409-9b27-a847021173cc"
      },
      "ResponseBody": {
        "id": "/providers/Nginx.NginxPlus/locations/WESTCENTRALUS/operationStatuses/e8edd4a8-de5a-4768-aabc-ab299d09c477*F081520AB2E0DC8C94AE6FFA74FCC32A61A19E9FB00D0A5908D97685F53C680F",
        "name": "e8edd4a8-de5a-4768-aabc-ab299d09c477*F081520AB2E0DC8C94AE6FFA74FCC32A61A19E9FB00D0A5908D97685F53C680F",
        "resourceId": "/subscriptions/1c835c29-68e9-40a7-8455-842925d04908/resourceGroups/Default-Nginx-9580/providers/Nginx.NginxPlus/nginxDeployments/testDeployment-3759/certificates/testCertificate-6728",
        "status": "Succeeded",
        "startTime": "2023-11-22T14:08:20.8640221Z",
        "endTime": "2023-11-22T14:08:34.4783051Z",
        "error": {},
        "properties": null
      }
    },
    {
      "RequestUri": "https://management.azure.com/subscriptions/1c835c29-68e9-40a7-8455-842925d04908/resourceGroups/Default-Nginx-9580/providers/Nginx.NginxPlus/nginxDeployments/testDeployment-3759/certificates/testCertificate-6728?api-version=2023-04-01",
      "RequestMethod": "GET",
      "RequestHeaders": {
        "Authorization": "Sanitized",
        "traceparent": "00-cd83cc470059a1cfe25bffaa60604b43-46e05956046edcf6-00",
        "User-Agent": "azsdk-net-ResourceManager/1.9.0 (.NET 7.0.14; Microsoft Windows 10.0.22635)",
        "x-ms-client-request-id": "82bb9bcea2d854e8a607c26da1c95d5a",
        "x-ms-return-client-request-id": "true"
      },
      "RequestBody": null,
      "StatusCode": 200,
      "ResponseHeaders": {
        "Cache-Control": "no-cache",
        "Content-Length": "799",
        "Content-Type": "application/json; charset=utf-8",
        "Date": "Wed, 22 Nov 2023 14:08:41 GMT",
        "ETag": "\u00222a00e4b7-0000-0600-0000-655e0b620000\u0022",
        "Expires": "-1",
        "Pragma": "no-cache",
        "Strict-Transport-Security": "max-age=31536000; includeSubDomains",
        "X-Content-Type-Options": "nosniff",
        "x-ms-client-request-id": "82bb9bcea2d854e8a607c26da1c95d5a",
        "x-ms-correlation-request-id": "42d4deb0-b0e6-47a7-a4b1-bf1bf77e2743",
        "x-ms-providerhub-traffic": "True",
        "x-ms-ratelimit-remaining-subscription-reads": "11990",
        "x-ms-request-id": "2af6c252-4304-42f8-9e12-30a6cccad4a7",
        "x-ms-routing-request-id": "SOUTHAFRICANORTH:20231122T140841Z:42d4deb0-b0e6-47a7-a4b1-bf1bf77e2743"
      },
      "ResponseBody": {
        "id": "/subscriptions/1c835c29-68e9-40a7-8455-842925d04908/resourceGroups/Default-Nginx-9580/providers/Nginx.NginxPlus/nginxDeployments/testDeployment-3759/certificates/testCertificate-6728",
        "name": "testCertificate-6728",
        "type": "nginx.nginxplus/nginxdeployments/certificates",
        "location": "westcentralus",
        "systemData": {
          "createdBy": "83e1fee6-9cf1-487c-afb2-b5822019b861",
          "createdByType": "Application",
          "createdAt": "2023-11-22T14:08:20.0797437Z",
          "lastModifiedBy": "83e1fee6-9cf1-487c-afb2-b5822019b861",
          "lastModifiedByType": "Application",
          "lastModifiedAt": "2023-11-22T14:08:20.0797437Z"
        },
        "properties": {
          "provisioningState": "Succeeded",
          "keyVirtualPath": "/etc/nginx/nginx.key",
          "certificateVirtualPath": "/etc/nginx/nginx.cert",
          "keyVaultSecretId": "https://integration-tests-kv.vault.azure.net/secrets/intcert"
        }
      }
    },
    {
      "RequestUri": "https://management.azure.com/subscriptions/1c835c29-68e9-40a7-8455-842925d04908/resourceGroups/Default-Nginx-9580/providers/Nginx.NginxPlus/nginxDeployments/testDeployment-3759/certificates/testCertificate-6728?api-version=2023-04-01",
      "RequestMethod": "GET",
      "RequestHeaders": {
        "Accept": "application/json",
        "Authorization": "Sanitized",
        "traceparent": "00-d6c0c763121f4bacf09496b01c8ff6bc-6ed62576293f1fda-00",
        "User-Agent": "azsdk-net-ResourceManager.Nginx/1.0.0-alpha.20231121.1 (.NET 7.0.14; Microsoft Windows 10.0.22635)",
        "x-ms-client-request-id": "761203456023689818c99354cffe4855",
        "x-ms-return-client-request-id": "true"
      },
      "RequestBody": null,
      "StatusCode": 200,
      "ResponseHeaders": {
        "Cache-Control": "no-cache",
        "Content-Length": "799",
        "Content-Type": "application/json; charset=utf-8",
        "Date": "Wed, 22 Nov 2023 14:08:41 GMT",
        "ETag": "\u00222a00e4b7-0000-0600-0000-655e0b620000\u0022",
        "Expires": "-1",
        "Pragma": "no-cache",
        "Strict-Transport-Security": "max-age=31536000; includeSubDomains",
        "X-Content-Type-Options": "nosniff",
        "x-ms-client-request-id": "761203456023689818c99354cffe4855",
        "x-ms-correlation-request-id": "93ceb9bc-9a12-4a66-b005-8c754fc18343",
        "x-ms-providerhub-traffic": "True",
        "x-ms-ratelimit-remaining-subscription-reads": "11989",
        "x-ms-request-id": "de390fe6-0930-41ec-ace9-dde9fbece74b",
        "x-ms-routing-request-id": "SOUTHAFRICANORTH:20231122T140842Z:93ceb9bc-9a12-4a66-b005-8c754fc18343"
      },
      "ResponseBody": {
        "id": "/subscriptions/1c835c29-68e9-40a7-8455-842925d04908/resourceGroups/Default-Nginx-9580/providers/Nginx.NginxPlus/nginxDeployments/testDeployment-3759/certificates/testCertificate-6728",
        "name": "testCertificate-6728",
        "type": "nginx.nginxplus/nginxdeployments/certificates",
        "location": "westcentralus",
        "systemData": {
          "createdBy": "83e1fee6-9cf1-487c-afb2-b5822019b861",
          "createdByType": "Application",
          "createdAt": "2023-11-22T14:08:20.0797437Z",
          "lastModifiedBy": "83e1fee6-9cf1-487c-afb2-b5822019b861",
          "lastModifiedByType": "Application",
          "lastModifiedAt": "2023-11-22T14:08:20.0797437Z"
        },
        "properties": {
          "provisioningState": "Succeeded",
          "keyVirtualPath": "/etc/nginx/nginx.key",
          "certificateVirtualPath": "/etc/nginx/nginx.cert",
          "keyVaultSecretId": "https://integration-tests-kv.vault.azure.net/secrets/intcert"
        }
      }
    }
  ],
  "Variables": {
    "AZURE_AUTHORITY_HOST": "https://login.microsoftonline.com",
    "KeyVaultSecretId": "https://integration-tests-kv.vault.azure.net/secrets/intcert",
    "ManagedIdentityResourceID": "/subscriptions/e3853e83-0d02-4fb3-b88f-05b5fd21aee2/resourcegroups/synthetics-integration-tests/providers/Microsoft.ManagedIdentity/userAssignedIdentities/integration-tests-mi",
    "RandomSeed": "1358794223",
    "RESOURCE_MANAGER_URL": null,
    "SUBSCRIPTION_ID": "1c835c29-68e9-40a7-8455-842925d04908"
  }
}
