{
  "Entries": [
    {
      "RequestUri": "https://Sanitized.vault.azure.net/secrets/livekvtestsecret08a2f32bd?api-version=7.6-preview.2",
      "RequestMethod": "PUT",
      "RequestHeaders": {
        "Accept": "application/json",
        "Accept-Encoding": "gzip, deflate",
        "Content-Length": "0",
        "Content-Type": "application/json",
        "User-Agent": "azsdk-python-keyvault-secrets/4.10.0b1 Python/3.12.3 (Linux-5.15.167.4-microsoft-standard-WSL2-x86_64-with-glibc2.39)"
      },
      "RequestBody": null,
      "StatusCode": 401,
      "ResponseHeaders": {
        "Cache-Control": "no-cache",
        "Content-Length": "97",
        "Content-Type": "application/json; charset=utf-8",
        "Date": "Thu, 20 Mar 2025 04:24:49 GMT",
        "Expires": "-1",
        "Pragma": "no-cache",
        "Strict-Transport-Security": "max-age=31536000;includeSubDomains",
        "WWW-Authenticate": "Bearer authorization=\"https://login.microsoftonline.com/72f988bf-86f1-41af-91ab-2d7cd011db47\", resource=\"https://vault.azure.net\"",
        "X-Content-Type-Options": "nosniff",
        "x-ms-keyvault-network-info": "conn_type=Ipv4;addr=70.37.26.132;act_addr_fam=InterNetwork;",
        "x-ms-keyvault-region": "westus",
        "x-ms-keyvault-service-version": "1.9.2203.1"
      },
      "ResponseBody": {
        "error": {
          "code": "Unauthorized",
          "message": "AKV10000: Request is missing a Bearer or PoP token."
        }
      }
    },
    {
      "RequestUri": "https://Sanitized.vault.azure.net/secrets/livekvtestsecret08a2f32bd?api-version=7.6-preview.2",
      "RequestMethod": "PUT",
      "RequestHeaders": {
        "Accept": "application/json",
        "Accept-Encoding": "gzip, deflate",
        "Content-Length": "19",
        "Content-Type": "application/json",
        "User-Agent": "azsdk-python-keyvault-secrets/4.10.0b1 Python/3.12.3 (Linux-5.15.167.4-microsoft-standard-WSL2-x86_64-with-glibc2.39)"
      },
      "RequestBody": {
        "value": "value0"
      },
      "StatusCode": 200,
      "ResponseHeaders": {
        "Cache-Control": "no-cache",
        "Content-Length": "268",
        "Content-Type": "application/json; charset=utf-8",
        "Date": "Thu, 20 Mar 2025 04:24:52 GMT",
        "Expires": "-1",
        "Pragma": "no-cache",
        "Strict-Transport-Security": "max-age=31536000;includeSubDomains",
        "X-Content-Type-Options": "nosniff",
        "x-ms-keyvault-network-info": "conn_type=Ipv4;addr=70.37.26.132;act_addr_fam=InterNetwork;",
        "x-ms-keyvault-rbac-assignment-id": "b5c35adfb392538c8335a6643ca38efa",
        "x-ms-keyvault-region": "westus",
        "x-ms-keyvault-service-version": "1.9.2203.1"
      },
      "ResponseBody": {
        "id": "https://vaultname.vault.azure.net/secrets/livekvtestsecret08a2f32bd/9dc774c6a9214e259c3bdeeb130960d8",
        "value": "value0",
        "attributes": {
          "enabled": true,
          "created": 1742444692,
          "updated": 1742444692,
          "recoveryLevel": "CustomizedRecoverable+Purgeable",
          "recoverableDays": 7
        }
      }
    },
    {
      "RequestUri": "https://Sanitized.vault.azure.net/secrets/livekvtestsecret18a2f32bd?api-version=7.6-preview.2",
      "RequestMethod": "PUT",
      "RequestHeaders": {
        "Accept": "application/json",
        "Accept-Encoding": "gzip, deflate",
        "Content-Length": "19",
        "Content-Type": "application/json",
        "User-Agent": "azsdk-python-keyvault-secrets/4.10.0b1 Python/3.12.3 (Linux-5.15.167.4-microsoft-standard-WSL2-x86_64-with-glibc2.39)"
      },
      "RequestBody": {
        "value": "value1"
      },
      "StatusCode": 200,
      "ResponseHeaders": {
        "Cache-Control": "no-cache",
        "Content-Length": "268",
        "Content-Type": "application/json; charset=utf-8",
        "Date": "Thu, 20 Mar 2025 04:24:52 GMT",
        "Expires": "-1",
        "Pragma": "no-cache",
        "Strict-Transport-Security": "max-age=31536000;includeSubDomains",
        "X-Content-Type-Options": "nosniff",
        "x-ms-keyvault-network-info": "conn_type=Ipv4;addr=70.37.26.132;act_addr_fam=InterNetwork;",
        "x-ms-keyvault-rbac-assignment-id": "b5c35adfb392538c8335a6643ca38efa",
        "x-ms-keyvault-region": "westus",
        "x-ms-keyvault-service-version": "1.9.2203.1"
      },
      "ResponseBody": {
        "id": "https://vaultname.vault.azure.net/secrets/livekvtestsecret18a2f32bd/674f16943b5b4b9491a58ae0b97978dd",
        "value": "value1",
        "attributes": {
          "enabled": true,
          "created": 1742444692,
          "updated": 1742444692,
          "recoveryLevel": "CustomizedRecoverable+Purgeable",
          "recoverableDays": 7
        }
      }
    },
    {
      "RequestUri": "https://Sanitized.vault.azure.net/secrets/livekvtestsecret28a2f32bd?api-version=7.6-preview.2",
      "RequestMethod": "PUT",
      "RequestHeaders": {
        "Accept": "application/json",
        "Accept-Encoding": "gzip, deflate",
        "Content-Length": "19",
        "Content-Type": "application/json",
        "User-Agent": "azsdk-python-keyvault-secrets/4.10.0b1 Python/3.12.3 (Linux-5.15.167.4-microsoft-standard-WSL2-x86_64-with-glibc2.39)"
      },
      "RequestBody": {
        "value": "value2"
      },
      "StatusCode": 200,
      "ResponseHeaders": {
        "Cache-Control": "no-cache",
        "Content-Length": "268",
        "Content-Type": "application/json; charset=utf-8",
        "Date": "Thu, 20 Mar 2025 04:24:52 GMT",
        "Expires": "-1",
        "Pragma": "no-cache",
        "Strict-Transport-Security": "max-age=31536000;includeSubDomains",
        "X-Content-Type-Options": "nosniff",
        "x-ms-keyvault-network-info": "conn_type=Ipv4;addr=70.37.26.132;act_addr_fam=InterNetwork;",
        "x-ms-keyvault-rbac-assignment-id": "b5c35adfb392538c8335a6643ca38efa",
        "x-ms-keyvault-region": "westus",
        "x-ms-keyvault-service-version": "1.9.2203.1"
      },
      "ResponseBody": {
        "id": "https://vaultname.vault.azure.net/secrets/livekvtestsecret28a2f32bd/c4eb319ca711477dbb3062e2e84a0c65",
        "value": "value2",
        "attributes": {
          "enabled": true,
          "created": 1742444692,
          "updated": 1742444692,
          "recoveryLevel": "CustomizedRecoverable+Purgeable",
          "recoverableDays": 7
        }
      }
    },
    {
      "RequestUri": "https://Sanitized.vault.azure.net/secrets/livekvtestsecret38a2f32bd?api-version=7.6-preview.2",
      "RequestMethod": "PUT",
      "RequestHeaders": {
        "Accept": "application/json",
        "Accept-Encoding": "gzip, deflate",
        "Content-Length": "19",
        "Content-Type": "application/json",
        "User-Agent": "azsdk-python-keyvault-secrets/4.10.0b1 Python/3.12.3 (Linux-5.15.167.4-microsoft-standard-WSL2-x86_64-with-glibc2.39)"
      },
      "RequestBody": {
        "value": "value3"
      },
      "StatusCode": 200,
      "ResponseHeaders": {
        "Cache-Control": "no-cache",
        "Content-Length": "268",
        "Content-Type": "application/json; charset=utf-8",
        "Date": "Thu, 20 Mar 2025 04:24:53 GMT",
        "Expires": "-1",
        "Pragma": "no-cache",
        "Strict-Transport-Security": "max-age=31536000;includeSubDomains",
        "X-Content-Type-Options": "nosniff",
        "x-ms-keyvault-network-info": "conn_type=Ipv4;addr=70.37.26.132;act_addr_fam=InterNetwork;",
        "x-ms-keyvault-rbac-assignment-id": "b5c35adfb392538c8335a6643ca38efa",
        "x-ms-keyvault-region": "westus",
        "x-ms-keyvault-service-version": "1.9.2203.1"
      },
      "ResponseBody": {
        "id": "https://vaultname.vault.azure.net/secrets/livekvtestsecret38a2f32bd/f2ef45e9e5ea47edb9296065b6ac5319",
        "value": "value3",
        "attributes": {
          "enabled": true,
          "created": 1742444693,
          "updated": 1742444693,
          "recoveryLevel": "CustomizedRecoverable+Purgeable",
          "recoverableDays": 7
        }
      }
    },
    {
      "RequestUri": "https://Sanitized.vault.azure.net/secrets/livekvtestsecret48a2f32bd?api-version=7.6-preview.2",
      "RequestMethod": "PUT",
      "RequestHeaders": {
        "Accept": "application/json",
        "Accept-Encoding": "gzip, deflate",
        "Content-Length": "19",
        "Content-Type": "application/json",
        "User-Agent": "azsdk-python-keyvault-secrets/4.10.0b1 Python/3.12.3 (Linux-5.15.167.4-microsoft-standard-WSL2-x86_64-with-glibc2.39)"
      },
      "RequestBody": {
        "value": "value4"
      },
      "StatusCode": 200,
      "ResponseHeaders": {
        "Cache-Control": "no-cache",
        "Content-Length": "268",
        "Content-Type": "application/json; charset=utf-8",
        "Date": "Thu, 20 Mar 2025 04:24:53 GMT",
        "Expires": "-1",
        "Pragma": "no-cache",
        "Strict-Transport-Security": "max-age=31536000;includeSubDomains",
        "X-Content-Type-Options": "nosniff",
        "x-ms-keyvault-network-info": "conn_type=Ipv4;addr=70.37.26.132;act_addr_fam=InterNetwork;",
        "x-ms-keyvault-rbac-assignment-id": "b5c35adfb392538c8335a6643ca38efa",
        "x-ms-keyvault-region": "westus",
        "x-ms-keyvault-service-version": "1.9.2203.1"
      },
      "ResponseBody": {
        "id": "https://vaultname.vault.azure.net/secrets/livekvtestsecret48a2f32bd/165f14cff70f469b96c3fa8942d0fc1b",
        "value": "value4",
        "attributes": {
          "enabled": true,
          "created": 1742444693,
          "updated": 1742444693,
          "recoveryLevel": "CustomizedRecoverable+Purgeable",
          "recoverableDays": 7
        }
      }
    },
    {
      "RequestUri": "https://Sanitized.vault.azure.net/secrets/livekvtestsecret58a2f32bd?api-version=7.6-preview.2",
      "RequestMethod": "PUT",
      "RequestHeaders": {
        "Accept": "application/json",
        "Accept-Encoding": "gzip, deflate",
        "Content-Length": "19",
        "Content-Type": "application/json",
        "User-Agent": "azsdk-python-keyvault-secrets/4.10.0b1 Python/3.12.3 (Linux-5.15.167.4-microsoft-standard-WSL2-x86_64-with-glibc2.39)"
      },
      "RequestBody": {
        "value": "value5"
      },
      "StatusCode": 200,
      "ResponseHeaders": {
        "Cache-Control": "no-cache",
        "Content-Length": "268",
        "Content-Type": "application/json; charset=utf-8",
        "Date": "Thu, 20 Mar 2025 04:24:53 GMT",
        "Expires": "-1",
        "Pragma": "no-cache",
        "Strict-Transport-Security": "max-age=31536000;includeSubDomains",
        "X-Content-Type-Options": "nosniff",
        "x-ms-keyvault-network-info": "conn_type=Ipv4;addr=70.37.26.132;act_addr_fam=InterNetwork;",
        "x-ms-keyvault-rbac-assignment-id": "b5c35adfb392538c8335a6643ca38efa",
        "x-ms-keyvault-region": "westus",
        "x-ms-keyvault-service-version": "1.9.2203.1"
      },
      "ResponseBody": {
        "id": "https://vaultname.vault.azure.net/secrets/livekvtestsecret58a2f32bd/ec3d629facf84281bb8aa9b58aca6846",
        "value": "value5",
        "attributes": {
          "enabled": true,
          "created": 1742444693,
          "updated": 1742444693,
          "recoveryLevel": "CustomizedRecoverable+Purgeable",
          "recoverableDays": 7
        }
      }
    },
    {
      "RequestUri": "https://Sanitized.vault.azure.net/secrets/livekvtestsecret68a2f32bd?api-version=7.6-preview.2",
      "RequestMethod": "PUT",
      "RequestHeaders": {
        "Accept": "application/json",
        "Accept-Encoding": "gzip, deflate",
        "Content-Length": "19",
        "Content-Type": "application/json",
        "User-Agent": "azsdk-python-keyvault-secrets/4.10.0b1 Python/3.12.3 (Linux-5.15.167.4-microsoft-standard-WSL2-x86_64-with-glibc2.39)"
      },
      "RequestBody": {
        "value": "value6"
      },
      "StatusCode": 200,
      "ResponseHeaders": {
        "Cache-Control": "no-cache",
        "Content-Length": "268",
        "Content-Type": "application/json; charset=utf-8",
        "Date": "Thu, 20 Mar 2025 04:24:53 GMT",
        "Expires": "-1",
        "Pragma": "no-cache",
        "Strict-Transport-Security": "max-age=31536000;includeSubDomains",
        "X-Content-Type-Options": "nosniff",
        "x-ms-keyvault-network-info": "conn_type=Ipv4;addr=70.37.26.132;act_addr_fam=InterNetwork;",
        "x-ms-keyvault-rbac-assignment-id": "b5c35adfb392538c8335a6643ca38efa",
        "x-ms-keyvault-region": "westus",
        "x-ms-keyvault-service-version": "1.9.2203.1"
      },
      "ResponseBody": {
        "id": "https://vaultname.vault.azure.net/secrets/livekvtestsecret68a2f32bd/5efb4518b92f4c379b58f973fbcecf09",
        "value": "value6",
        "attributes": {
          "enabled": true,
          "created": 1742444693,
          "updated": 1742444693,
          "recoveryLevel": "CustomizedRecoverable+Purgeable",
          "recoverableDays": 7
        }
      }
    },
    {
      "RequestUri": "https://Sanitized.vault.azure.net/secrets/livekvtestsecret08a2f32bd?api-version=7.6-preview.2",
      "RequestMethod": "DELETE",
      "RequestHeaders": {
        "Accept": "application/json",
        "Accept-Encoding": "gzip, deflate",
        "Content-Length": "0",
        "User-Agent": "azsdk-python-keyvault-secrets/4.10.0b1 Python/3.12.3 (Linux-5.15.167.4-microsoft-standard-WSL2-x86_64-with-glibc2.39)"
      },
      "RequestBody": null,
      "StatusCode": 200,
      "ResponseHeaders": {
        "Cache-Control": "no-cache",
        "Content-Length": "398",
        "Content-Type": "application/json; charset=utf-8",
        "Date": "Thu, 20 Mar 2025 04:24:53 GMT",
        "Expires": "-1",
        "Pragma": "no-cache",
        "Strict-Transport-Security": "max-age=31536000;includeSubDomains",
        "X-Content-Type-Options": "nosniff",
        "x-ms-keyvault-network-info": "conn_type=Ipv4;addr=70.37.26.132;act_addr_fam=InterNetwork;",
        "x-ms-keyvault-rbac-assignment-id": "b5c35adfb392538c8335a6643ca38efa",
        "x-ms-keyvault-region": "westus",
        "x-ms-keyvault-service-version": "1.9.2203.1"
      },
      "ResponseBody": {
        "recoveryId": "https://vaultname.vault.azure.net/deletedsecrets/livekvtestsecret08a2f32bd",
        "deletedDate": 1742444693,
        "scheduledPurgeDate": 1743049493,
        "id": "https://vaultname.vault.azure.net/secrets/livekvtestsecret08a2f32bd/9dc774c6a9214e259c3bdeeb130960d8",
        "attributes": {
          "enabled": true,
          "created": 1742444692,
          "updated": 1742444692,
          "recoveryLevel": "CustomizedRecoverable+Purgeable",
          "recoverableDays": 7
        }
      }
    },
    {
      "RequestUri": "https://Sanitized.vault.azure.net/deletedsecrets/livekvtestsecret08a2f32bd?api-version=7.6-preview.2",
      "RequestMethod": "GET",
      "RequestHeaders": {
        "Accept": "application/json",
        "Accept-Encoding": "gzip, deflate",
        "User-Agent": "azsdk-python-keyvault-secrets/4.10.0b1 Python/3.12.3 (Linux-5.15.167.4-microsoft-standard-WSL2-x86_64-with-glibc2.39)"
      },
      "RequestBody": null,
      "StatusCode": 404,
      "ResponseHeaders": {
        "Cache-Control": "no-cache",
        "Content-Length": "99",
        "Content-Type": "application/json; charset=utf-8",
        "Date": "Thu, 20 Mar 2025 04:24:53 GMT",
        "Expires": "-1",
        "Pragma": "no-cache",
        "Strict-Transport-Security": "max-age=31536000;includeSubDomains",
        "X-Content-Type-Options": "nosniff",
        "x-ms-keyvault-network-info": "conn_type=Ipv4;addr=70.37.26.132;act_addr_fam=InterNetwork;",
        "x-ms-keyvault-rbac-assignment-id": "b5c35adfb392538c8335a6643ca38efa",
        "x-ms-keyvault-region": "westus",
        "x-ms-keyvault-service-version": "1.9.2203.1"
      },
      "ResponseBody": {
        "error": {
          "code": "SecretNotFound",
          "message": "Deleted Secret not found: livekvtestsecret08a2f32bd"
        }
      }
    },
    {
      "RequestUri": "https://Sanitized.vault.azure.net/deletedsecrets/livekvtestsecret08a2f32bd?api-version=7.6-preview.2",
      "RequestMethod": "GET",
      "RequestHeaders": {
        "Accept": "application/json",
        "Accept-Encoding": "gzip, deflate",
        "User-Agent": "azsdk-python-keyvault-secrets/4.10.0b1 Python/3.12.3 (Linux-5.15.167.4-microsoft-standard-WSL2-x86_64-with-glibc2.39)"
      },
      "RequestBody": null,
      "StatusCode": 200,
      "ResponseHeaders": {
        "Cache-Control": "no-cache",
        "Content-Length": "398",
        "Content-Type": "application/json; charset=utf-8",
        "Date": "Thu, 20 Mar 2025 04:24:55 GMT",
        "Expires": "-1",
        "Pragma": "no-cache",
        "Strict-Transport-Security": "max-age=31536000;includeSubDomains",
        "X-Content-Type-Options": "nosniff",
        "x-ms-keyvault-network-info": "conn_type=Ipv4;addr=70.37.26.132;act_addr_fam=InterNetwork;",
        "x-ms-keyvault-rbac-assignment-id": "b5c35adfb392538c8335a6643ca38efa",
        "x-ms-keyvault-region": "westus",
        "x-ms-keyvault-service-version": "1.9.2203.1"
      },
      "ResponseBody": {
        "recoveryId": "https://vaultname.vault.azure.net/deletedsecrets/livekvtestsecret08a2f32bd",
        "deletedDate": 1742444693,
        "scheduledPurgeDate": 1743049493,
        "id": "https://vaultname.vault.azure.net/secrets/livekvtestsecret08a2f32bd/9dc774c6a9214e259c3bdeeb130960d8",
        "attributes": {
          "enabled": true,
          "created": 1742444692,
          "updated": 1742444692,
          "recoveryLevel": "CustomizedRecoverable+Purgeable",
          "recoverableDays": 7
        }
      }
    },
    {
      "RequestUri": "https://Sanitized.vault.azure.net/secrets/livekvtestsecret18a2f32bd?api-version=7.6-preview.2",
      "RequestMethod": "DELETE",
      "RequestHeaders": {
        "Accept": "application/json",
        "Accept-Encoding": "gzip, deflate",
        "Content-Length": "0",
        "User-Agent": "azsdk-python-keyvault-secrets/4.10.0b1 Python/3.12.3 (Linux-5.15.167.4-microsoft-standard-WSL2-x86_64-with-glibc2.39)"
      },
      "RequestBody": null,
      "StatusCode": 200,
      "ResponseHeaders": {
        "Cache-Control": "no-cache",
        "Content-Length": "398",
        "Content-Type": "application/json; charset=utf-8",
        "Date": "Thu, 20 Mar 2025 04:24:55 GMT",
        "Expires": "-1",
        "Pragma": "no-cache",
        "Strict-Transport-Security": "max-age=31536000;includeSubDomains",
        "X-Content-Type-Options": "nosniff",
        "x-ms-keyvault-network-info": "conn_type=Ipv4;addr=70.37.26.132;act_addr_fam=InterNetwork;",
        "x-ms-keyvault-rbac-assignment-id": "b5c35adfb392538c8335a6643ca38efa",
        "x-ms-keyvault-region": "westus",
        "x-ms-keyvault-service-version": "1.9.2203.1"
      },
      "ResponseBody": {
        "recoveryId": "https://vaultname.vault.azure.net/deletedsecrets/livekvtestsecret18a2f32bd",
        "deletedDate": 1742444695,
        "scheduledPurgeDate": 1743049495,
        "id": "https://vaultname.vault.azure.net/secrets/livekvtestsecret18a2f32bd/674f16943b5b4b9491a58ae0b97978dd",
        "attributes": {
          "enabled": true,
          "created": 1742444692,
          "updated": 1742444692,
          "recoveryLevel": "CustomizedRecoverable+Purgeable",
          "recoverableDays": 7
        }
      }
    },
    {
      "RequestUri": "https://Sanitized.vault.azure.net/deletedsecrets/livekvtestsecret18a2f32bd?api-version=7.6-preview.2",
      "RequestMethod": "GET",
      "RequestHeaders": {
        "Accept": "application/json",
        "Accept-Encoding": "gzip, deflate",
        "User-Agent": "azsdk-python-keyvault-secrets/4.10.0b1 Python/3.12.3 (Linux-5.15.167.4-microsoft-standard-WSL2-x86_64-with-glibc2.39)"
      },
      "RequestBody": null,
      "StatusCode": 404,
      "ResponseHeaders": {
        "Cache-Control": "no-cache",
        "Content-Length": "99",
        "Content-Type": "application/json; charset=utf-8",
        "Date": "Thu, 20 Mar 2025 04:24:55 GMT",
        "Expires": "-1",
        "Pragma": "no-cache",
        "Strict-Transport-Security": "max-age=31536000;includeSubDomains",
        "X-Content-Type-Options": "nosniff",
        "x-ms-keyvault-network-info": "conn_type=Ipv4;addr=70.37.26.132;act_addr_fam=InterNetwork;",
        "x-ms-keyvault-rbac-assignment-id": "b5c35adfb392538c8335a6643ca38efa",
        "x-ms-keyvault-region": "westus",
        "x-ms-keyvault-service-version": "1.9.2203.1"
      },
      "ResponseBody": {
        "error": {
          "code": "SecretNotFound",
          "message": "Deleted Secret not found: livekvtestsecret18a2f32bd"
        }
      }
    },
    {
      "RequestUri": "https://Sanitized.vault.azure.net/deletedsecrets/livekvtestsecret18a2f32bd?api-version=7.6-preview.2",
      "RequestMethod": "GET",
      "RequestHeaders": {
        "Accept": "application/json",
        "Accept-Encoding": "gzip, deflate",
        "User-Agent": "azsdk-python-keyvault-secrets/4.10.0b1 Python/3.12.3 (Linux-5.15.167.4-microsoft-standard-WSL2-x86_64-with-glibc2.39)"
      },
      "RequestBody": null,
      "StatusCode": 200,
      "ResponseHeaders": {
        "Cache-Control": "no-cache",
        "Content-Length": "398",
        "Content-Type": "application/json; charset=utf-8",
        "Date": "Thu, 20 Mar 2025 04:24:57 GMT",
        "Expires": "-1",
        "Pragma": "no-cache",
        "Strict-Transport-Security": "max-age=31536000;includeSubDomains",
        "X-Content-Type-Options": "nosniff",
        "x-ms-keyvault-network-info": "conn_type=Ipv4;addr=70.37.26.132;act_addr_fam=InterNetwork;",
        "x-ms-keyvault-rbac-assignment-id": "b5c35adfb392538c8335a6643ca38efa",
        "x-ms-keyvault-region": "westus",
        "x-ms-keyvault-service-version": "1.9.2203.1"
      },
      "ResponseBody": {
        "recoveryId": "https://vaultname.vault.azure.net/deletedsecrets/livekvtestsecret18a2f32bd",
        "deletedDate": 1742444695,
        "scheduledPurgeDate": 1743049495,
        "id": "https://vaultname.vault.azure.net/secrets/livekvtestsecret18a2f32bd/674f16943b5b4b9491a58ae0b97978dd",
        "attributes": {
          "enabled": true,
          "created": 1742444692,
          "updated": 1742444692,
          "recoveryLevel": "CustomizedRecoverable+Purgeable",
          "recoverableDays": 7
        }
      }
    },
    {
      "RequestUri": "https://Sanitized.vault.azure.net/secrets/livekvtestsecret28a2f32bd?api-version=7.6-preview.2",
      "RequestMethod": "DELETE",
      "RequestHeaders": {
        "Accept": "application/json",
        "Accept-Encoding": "gzip, deflate",
        "Content-Length": "0",
        "User-Agent": "azsdk-python-keyvault-secrets/4.10.0b1 Python/3.12.3 (Linux-5.15.167.4-microsoft-standard-WSL2-x86_64-with-glibc2.39)"
      },
      "RequestBody": null,
      "StatusCode": 200,
      "ResponseHeaders": {
        "Cache-Control": "no-cache",
        "Content-Length": "398",
        "Content-Type": "application/json; charset=utf-8",
        "Date": "Thu, 20 Mar 2025 04:24:57 GMT",
        "Expires": "-1",
        "Pragma": "no-cache",
        "Strict-Transport-Security": "max-age=31536000;includeSubDomains",
        "X-Content-Type-Options": "nosniff",
        "x-ms-keyvault-network-info": "conn_type=Ipv4;addr=70.37.26.132;act_addr_fam=InterNetwork;",
        "x-ms-keyvault-rbac-assignment-id": "b5c35adfb392538c8335a6643ca38efa",
        "x-ms-keyvault-region": "westus",
        "x-ms-keyvault-service-version": "1.9.2203.1"
      },
      "ResponseBody": {
        "recoveryId": "https://vaultname.vault.azure.net/deletedsecrets/livekvtestsecret28a2f32bd",
        "deletedDate": 1742444697,
        "scheduledPurgeDate": 1743049497,
        "id": "https://vaultname.vault.azure.net/secrets/livekvtestsecret28a2f32bd/c4eb319ca711477dbb3062e2e84a0c65",
        "attributes": {
          "enabled": true,
          "created": 1742444692,
          "updated": 1742444692,
          "recoveryLevel": "CustomizedRecoverable+Purgeable",
          "recoverableDays": 7
        }
      }
    },
    {
      "RequestUri": "https://Sanitized.vault.azure.net/deletedsecrets/livekvtestsecret28a2f32bd?api-version=7.6-preview.2",
      "RequestMethod": "GET",
      "RequestHeaders": {
        "Accept": "application/json",
        "Accept-Encoding": "gzip, deflate",
        "User-Agent": "azsdk-python-keyvault-secrets/4.10.0b1 Python/3.12.3 (Linux-5.15.167.4-microsoft-standard-WSL2-x86_64-with-glibc2.39)"
      },
      "RequestBody": null,
      "StatusCode": 404,
      "ResponseHeaders": {
        "Cache-Control": "no-cache",
        "Content-Length": "99",
        "Content-Type": "application/json; charset=utf-8",
        "Date": "Thu, 20 Mar 2025 04:24:57 GMT",
        "Expires": "-1",
        "Pragma": "no-cache",
        "Strict-Transport-Security": "max-age=31536000;includeSubDomains",
        "X-Content-Type-Options": "nosniff",
        "x-ms-keyvault-network-info": "conn_type=Ipv4;addr=70.37.26.132;act_addr_fam=InterNetwork;",
        "x-ms-keyvault-rbac-assignment-id": "b5c35adfb392538c8335a6643ca38efa",
        "x-ms-keyvault-region": "westus",
        "x-ms-keyvault-service-version": "1.9.2203.1"
      },
      "ResponseBody": {
        "error": {
          "code": "SecretNotFound",
          "message": "Deleted Secret not found: livekvtestsecret28a2f32bd"
        }
      }
    },
    {
      "RequestUri": "https://Sanitized.vault.azure.net/deletedsecrets/livekvtestsecret28a2f32bd?api-version=7.6-preview.2",
      "RequestMethod": "GET",
      "RequestHeaders": {
        "Accept": "application/json",
        "Accept-Encoding": "gzip, deflate",
        "User-Agent": "azsdk-python-keyvault-secrets/4.10.0b1 Python/3.12.3 (Linux-5.15.167.4-microsoft-standard-WSL2-x86_64-with-glibc2.39)"
      },
      "RequestBody": null,
      "StatusCode": 200,
      "ResponseHeaders": {
        "Cache-Control": "no-cache",
        "Content-Length": "398",
        "Content-Type": "application/json; charset=utf-8",
        "Date": "Thu, 20 Mar 2025 04:24:59 GMT",
        "Expires": "-1",
        "Pragma": "no-cache",
        "Strict-Transport-Security": "max-age=31536000;includeSubDomains",
        "X-Content-Type-Options": "nosniff",
        "x-ms-keyvault-network-info": "conn_type=Ipv4;addr=70.37.26.132;act_addr_fam=InterNetwork;",
        "x-ms-keyvault-rbac-assignment-id": "b5c35adfb392538c8335a6643ca38efa",
        "x-ms-keyvault-region": "westus",
        "x-ms-keyvault-service-version": "1.9.2203.1"
      },
      "ResponseBody": {
        "recoveryId": "https://vaultname.vault.azure.net/deletedsecrets/livekvtestsecret28a2f32bd",
        "deletedDate": 1742444697,
        "scheduledPurgeDate": 1743049497,
        "id": "https://vaultname.vault.azure.net/secrets/livekvtestsecret28a2f32bd/c4eb319ca711477dbb3062e2e84a0c65",
        "attributes": {
          "enabled": true,
          "created": 1742444692,
          "updated": 1742444692,
          "recoveryLevel": "CustomizedRecoverable+Purgeable",
          "recoverableDays": 7
        }
      }
    },
    {
      "RequestUri": "https://Sanitized.vault.azure.net/secrets/livekvtestsecret38a2f32bd?api-version=7.6-preview.2",
      "RequestMethod": "DELETE",
      "RequestHeaders": {
        "Accept": "application/json",
        "Accept-Encoding": "gzip, deflate",
        "Content-Length": "0",
        "User-Agent": "azsdk-python-keyvault-secrets/4.10.0b1 Python/3.12.3 (Linux-5.15.167.4-microsoft-standard-WSL2-x86_64-with-glibc2.39)"
      },
      "RequestBody": null,
      "StatusCode": 200,
      "ResponseHeaders": {
        "Cache-Control": "no-cache",
        "Content-Length": "398",
        "Content-Type": "application/json; charset=utf-8",
        "Date": "Thu, 20 Mar 2025 04:24:59 GMT",
        "Expires": "-1",
        "Pragma": "no-cache",
        "Strict-Transport-Security": "max-age=31536000;includeSubDomains",
        "X-Content-Type-Options": "nosniff",
        "x-ms-keyvault-network-info": "conn_type=Ipv4;addr=70.37.26.132;act_addr_fam=InterNetwork;",
        "x-ms-keyvault-rbac-assignment-id": "b5c35adfb392538c8335a6643ca38efa",
        "x-ms-keyvault-region": "westus",
        "x-ms-keyvault-service-version": "1.9.2203.1"
      },
      "ResponseBody": {
        "recoveryId": "https://vaultname.vault.azure.net/deletedsecrets/livekvtestsecret38a2f32bd",
        "deletedDate": 1742444699,
        "scheduledPurgeDate": 1743049499,
        "id": "https://vaultname.vault.azure.net/secrets/livekvtestsecret38a2f32bd/f2ef45e9e5ea47edb9296065b6ac5319",
        "attributes": {
          "enabled": true,
          "created": 1742444693,
          "updated": 1742444693,
          "recoveryLevel": "CustomizedRecoverable+Purgeable",
          "recoverableDays": 7
        }
      }
    },
    {
      "RequestUri": "https://Sanitized.vault.azure.net/deletedsecrets/livekvtestsecret38a2f32bd?api-version=7.6-preview.2",
      "RequestMethod": "GET",
      "RequestHeaders": {
        "Accept": "application/json",
        "Accept-Encoding": "gzip, deflate",
        "User-Agent": "azsdk-python-keyvault-secrets/4.10.0b1 Python/3.12.3 (Linux-5.15.167.4-microsoft-standard-WSL2-x86_64-with-glibc2.39)"
      },
      "RequestBody": null,
      "StatusCode": 404,
      "ResponseHeaders": {
        "Cache-Control": "no-cache",
        "Content-Length": "99",
        "Content-Type": "application/json; charset=utf-8",
        "Date": "Thu, 20 Mar 2025 04:24:59 GMT",
        "Expires": "-1",
        "Pragma": "no-cache",
        "Strict-Transport-Security": "max-age=31536000;includeSubDomains",
        "X-Content-Type-Options": "nosniff",
        "x-ms-keyvault-network-info": "conn_type=Ipv4;addr=70.37.26.132;act_addr_fam=InterNetwork;",
        "x-ms-keyvault-rbac-assignment-id": "b5c35adfb392538c8335a6643ca38efa",
        "x-ms-keyvault-region": "westus",
        "x-ms-keyvault-service-version": "1.9.2203.1"
      },
      "ResponseBody": {
        "error": {
          "code": "SecretNotFound",
          "message": "Deleted Secret not found: livekvtestsecret38a2f32bd"
        }
      }
    },
    {
      "RequestUri": "https://Sanitized.vault.azure.net/deletedsecrets/livekvtestsecret38a2f32bd?api-version=7.6-preview.2",
      "RequestMethod": "GET",
      "RequestHeaders": {
        "Accept": "application/json",
        "Accept-Encoding": "gzip, deflate",
        "User-Agent": "azsdk-python-keyvault-secrets/4.10.0b1 Python/3.12.3 (Linux-5.15.167.4-microsoft-standard-WSL2-x86_64-with-glibc2.39)"
      },
      "RequestBody": null,
      "StatusCode": 200,
      "ResponseHeaders": {
        "Cache-Control": "no-cache",
        "Content-Length": "398",
        "Content-Type": "application/json; charset=utf-8",
        "Date": "Thu, 20 Mar 2025 04:25:01 GMT",
        "Expires": "-1",
        "Pragma": "no-cache",
        "Strict-Transport-Security": "max-age=31536000;includeSubDomains",
        "X-Content-Type-Options": "nosniff",
        "x-ms-keyvault-network-info": "conn_type=Ipv4;addr=70.37.26.132;act_addr_fam=InterNetwork;",
        "x-ms-keyvault-rbac-assignment-id": "b5c35adfb392538c8335a6643ca38efa",
        "x-ms-keyvault-region": "westus",
        "x-ms-keyvault-service-version": "1.9.2203.1"
      },
      "ResponseBody": {
        "recoveryId": "https://vaultname.vault.azure.net/deletedsecrets/livekvtestsecret38a2f32bd",
        "deletedDate": 1742444699,
        "scheduledPurgeDate": 1743049499,
        "id": "https://vaultname.vault.azure.net/secrets/livekvtestsecret38a2f32bd/f2ef45e9e5ea47edb9296065b6ac5319",
        "attributes": {
          "enabled": true,
          "created": 1742444693,
          "updated": 1742444693,
          "recoveryLevel": "CustomizedRecoverable+Purgeable",
          "recoverableDays": 7
        }
      }
    },
    {
      "RequestUri": "https://Sanitized.vault.azure.net/secrets/livekvtestsecret48a2f32bd?api-version=7.6-preview.2",
      "RequestMethod": "DELETE",
      "RequestHeaders": {
        "Accept": "application/json",
        "Accept-Encoding": "gzip, deflate",
        "Content-Length": "0",
        "User-Agent": "azsdk-python-keyvault-secrets/4.10.0b1 Python/3.12.3 (Linux-5.15.167.4-microsoft-standard-WSL2-x86_64-with-glibc2.39)"
      },
      "RequestBody": null,
      "StatusCode": 200,
      "ResponseHeaders": {
        "Cache-Control": "no-cache",
        "Content-Length": "398",
        "Content-Type": "application/json; charset=utf-8",
        "Date": "Thu, 20 Mar 2025 04:25:02 GMT",
        "Expires": "-1",
        "Pragma": "no-cache",
        "Strict-Transport-Security": "max-age=31536000;includeSubDomains",
        "X-Content-Type-Options": "nosniff",
        "x-ms-keyvault-network-info": "conn_type=Ipv4;addr=70.37.26.132;act_addr_fam=InterNetwork;",
        "x-ms-keyvault-rbac-assignment-id": "b5c35adfb392538c8335a6643ca38efa",
        "x-ms-keyvault-region": "westus",
        "x-ms-keyvault-service-version": "1.9.2203.1"
      },
      "ResponseBody": {
        "recoveryId": "https://vaultname.vault.azure.net/deletedsecrets/livekvtestsecret48a2f32bd",
        "deletedDate": 1742444702,
        "scheduledPurgeDate": 1743049502,
        "id": "https://vaultname.vault.azure.net/secrets/livekvtestsecret48a2f32bd/165f14cff70f469b96c3fa8942d0fc1b",
        "attributes": {
          "enabled": true,
          "created": 1742444693,
          "updated": 1742444693,
          "recoveryLevel": "CustomizedRecoverable+Purgeable",
          "recoverableDays": 7
        }
      }
    },
    {
      "RequestUri": "https://Sanitized.vault.azure.net/deletedsecrets/livekvtestsecret48a2f32bd?api-version=7.6-preview.2",
      "RequestMethod": "GET",
      "RequestHeaders": {
        "Accept": "application/json",
        "Accept-Encoding": "gzip, deflate",
        "User-Agent": "azsdk-python-keyvault-secrets/4.10.0b1 Python/3.12.3 (Linux-5.15.167.4-microsoft-standard-WSL2-x86_64-with-glibc2.39)"
      },
      "RequestBody": null,
      "StatusCode": 404,
      "ResponseHeaders": {
        "Cache-Control": "no-cache",
        "Content-Length": "99",
        "Content-Type": "application/json; charset=utf-8",
        "Date": "Thu, 20 Mar 2025 04:25:02 GMT",
        "Expires": "-1",
        "Pragma": "no-cache",
        "Strict-Transport-Security": "max-age=31536000;includeSubDomains",
        "X-Content-Type-Options": "nosniff",
        "x-ms-keyvault-network-info": "conn_type=Ipv4;addr=70.37.26.132;act_addr_fam=InterNetwork;",
        "x-ms-keyvault-rbac-assignment-id": "b5c35adfb392538c8335a6643ca38efa",
        "x-ms-keyvault-region": "westus",
        "x-ms-keyvault-service-version": "1.9.2203.1"
      },
      "ResponseBody": {
        "error": {
          "code": "SecretNotFound",
          "message": "Deleted Secret not found: livekvtestsecret48a2f32bd"
        }
      }
    },
    {
      "RequestUri": "https://Sanitized.vault.azure.net/deletedsecrets/livekvtestsecret48a2f32bd?api-version=7.6-preview.2",
      "RequestMethod": "GET",
      "RequestHeaders": {
        "Accept": "application/json",
        "Accept-Encoding": "gzip, deflate",
        "User-Agent": "azsdk-python-keyvault-secrets/4.10.0b1 Python/3.12.3 (Linux-5.15.167.4-microsoft-standard-WSL2-x86_64-with-glibc2.39)"
      },
      "RequestBody": null,
      "StatusCode": 200,
      "ResponseHeaders": {
        "Cache-Control": "no-cache",
        "Content-Length": "398",
        "Content-Type": "application/json; charset=utf-8",
        "Date": "Thu, 20 Mar 2025 04:25:04 GMT",
        "Expires": "-1",
        "Pragma": "no-cache",
        "Strict-Transport-Security": "max-age=31536000;includeSubDomains",
        "X-Content-Type-Options": "nosniff",
        "x-ms-keyvault-network-info": "conn_type=Ipv4;addr=70.37.26.132;act_addr_fam=InterNetwork;",
        "x-ms-keyvault-rbac-assignment-id": "b5c35adfb392538c8335a6643ca38efa",
        "x-ms-keyvault-region": "westus",
        "x-ms-keyvault-service-version": "1.9.2203.1"
      },
      "ResponseBody": {
        "recoveryId": "https://vaultname.vault.azure.net/deletedsecrets/livekvtestsecret48a2f32bd",
        "deletedDate": 1742444702,
        "scheduledPurgeDate": 1743049502,
        "id": "https://vaultname.vault.azure.net/secrets/livekvtestsecret48a2f32bd/165f14cff70f469b96c3fa8942d0fc1b",
        "attributes": {
          "enabled": true,
          "created": 1742444693,
          "updated": 1742444693,
          "recoveryLevel": "CustomizedRecoverable+Purgeable",
          "recoverableDays": 7
        }
      }
    },
    {
      "RequestUri": "https://Sanitized.vault.azure.net/secrets/livekvtestsecret58a2f32bd?api-version=7.6-preview.2",
      "RequestMethod": "DELETE",
      "RequestHeaders": {
        "Accept": "application/json",
        "Accept-Encoding": "gzip, deflate",
        "Content-Length": "0",
        "User-Agent": "azsdk-python-keyvault-secrets/4.10.0b1 Python/3.12.3 (Linux-5.15.167.4-microsoft-standard-WSL2-x86_64-with-glibc2.39)"
      },
      "RequestBody": null,
      "StatusCode": 200,
      "ResponseHeaders": {
        "Cache-Control": "no-cache",
        "Content-Length": "398",
        "Content-Type": "application/json; charset=utf-8",
        "Date": "Thu, 20 Mar 2025 04:25:04 GMT",
        "Expires": "-1",
        "Pragma": "no-cache",
        "Strict-Transport-Security": "max-age=31536000;includeSubDomains",
        "X-Content-Type-Options": "nosniff",
        "x-ms-keyvault-network-info": "conn_type=Ipv4;addr=70.37.26.132;act_addr_fam=InterNetwork;",
        "x-ms-keyvault-rbac-assignment-id": "b5c35adfb392538c8335a6643ca38efa",
        "x-ms-keyvault-region": "westus",
        "x-ms-keyvault-service-version": "1.9.2203.1"
      },
      "ResponseBody": {
        "recoveryId": "https://vaultname.vault.azure.net/deletedsecrets/livekvtestsecret58a2f32bd",
        "deletedDate": 1742444704,
        "scheduledPurgeDate": 1743049504,
        "id": "https://vaultname.vault.azure.net/secrets/livekvtestsecret58a2f32bd/ec3d629facf84281bb8aa9b58aca6846",
        "attributes": {
          "enabled": true,
          "created": 1742444693,
          "updated": 1742444693,
          "recoveryLevel": "CustomizedRecoverable+Purgeable",
          "recoverableDays": 7
        }
      }
    },
    {
      "RequestUri": "https://Sanitized.vault.azure.net/deletedsecrets/livekvtestsecret58a2f32bd?api-version=7.6-preview.2",
      "RequestMethod": "GET",
      "RequestHeaders": {
        "Accept": "application/json",
        "Accept-Encoding": "gzip, deflate",
        "User-Agent": "azsdk-python-keyvault-secrets/4.10.0b1 Python/3.12.3 (Linux-5.15.167.4-microsoft-standard-WSL2-x86_64-with-glibc2.39)"
      },
      "RequestBody": null,
      "StatusCode": 404,
      "ResponseHeaders": {
        "Cache-Control": "no-cache",
        "Content-Length": "99",
        "Content-Type": "application/json; charset=utf-8",
        "Date": "Thu, 20 Mar 2025 04:25:04 GMT",
        "Expires": "-1",
        "Pragma": "no-cache",
        "Strict-Transport-Security": "max-age=31536000;includeSubDomains",
        "X-Content-Type-Options": "nosniff",
        "x-ms-keyvault-network-info": "conn_type=Ipv4;addr=70.37.26.132;act_addr_fam=InterNetwork;",
        "x-ms-keyvault-rbac-assignment-id": "b5c35adfb392538c8335a6643ca38efa",
        "x-ms-keyvault-region": "westus",
        "x-ms-keyvault-service-version": "1.9.2203.1"
      },
      "ResponseBody": {
        "error": {
          "code": "SecretNotFound",
          "message": "Deleted Secret not found: livekvtestsecret58a2f32bd"
        }
      }
    },
    {
      "RequestUri": "https://Sanitized.vault.azure.net/deletedsecrets/livekvtestsecret58a2f32bd?api-version=7.6-preview.2",
      "RequestMethod": "GET",
      "RequestHeaders": {
        "Accept": "application/json",
        "Accept-Encoding": "gzip, deflate",
        "User-Agent": "azsdk-python-keyvault-secrets/4.10.0b1 Python/3.12.3 (Linux-5.15.167.4-microsoft-standard-WSL2-x86_64-with-glibc2.39)"
      },
      "RequestBody": null,
      "StatusCode": 200,
      "ResponseHeaders": {
        "Cache-Control": "no-cache",
        "Content-Length": "398",
        "Content-Type": "application/json; charset=utf-8",
        "Date": "Thu, 20 Mar 2025 04:25:06 GMT",
        "Expires": "-1",
        "Pragma": "no-cache",
        "Strict-Transport-Security": "max-age=31536000;includeSubDomains",
        "X-Content-Type-Options": "nosniff",
        "x-ms-keyvault-network-info": "conn_type=Ipv4;addr=70.37.26.132;act_addr_fam=InterNetwork;",
        "x-ms-keyvault-rbac-assignment-id": "b5c35adfb392538c8335a6643ca38efa",
        "x-ms-keyvault-region": "westus",
        "x-ms-keyvault-service-version": "1.9.2203.1"
      },
      "ResponseBody": {
        "recoveryId": "https://vaultname.vault.azure.net/deletedsecrets/livekvtestsecret58a2f32bd",
        "deletedDate": 1742444704,
        "scheduledPurgeDate": 1743049504,
        "id": "https://vaultname.vault.azure.net/secrets/livekvtestsecret58a2f32bd/ec3d629facf84281bb8aa9b58aca6846",
        "attributes": {
          "enabled": true,
          "created": 1742444693,
          "updated": 1742444693,
          "recoveryLevel": "CustomizedRecoverable+Purgeable",
          "recoverableDays": 7
        }
      }
    },
    {
      "RequestUri": "https://Sanitized.vault.azure.net/secrets/livekvtestsecret68a2f32bd?api-version=7.6-preview.2",
      "RequestMethod": "DELETE",
      "RequestHeaders": {
        "Accept": "application/json",
        "Accept-Encoding": "gzip, deflate",
        "Content-Length": "0",
        "User-Agent": "azsdk-python-keyvault-secrets/4.10.0b1 Python/3.12.3 (Linux-5.15.167.4-microsoft-standard-WSL2-x86_64-with-glibc2.39)"
      },
      "RequestBody": null,
      "StatusCode": 200,
      "ResponseHeaders": {
        "Cache-Control": "no-cache",
        "Content-Length": "398",
        "Content-Type": "application/json; charset=utf-8",
        "Date": "Thu, 20 Mar 2025 04:25:06 GMT",
        "Expires": "-1",
        "Pragma": "no-cache",
        "Strict-Transport-Security": "max-age=31536000;includeSubDomains",
        "X-Content-Type-Options": "nosniff",
        "x-ms-keyvault-network-info": "conn_type=Ipv4;addr=70.37.26.132;act_addr_fam=InterNetwork;",
        "x-ms-keyvault-rbac-assignment-id": "b5c35adfb392538c8335a6643ca38efa",
        "x-ms-keyvault-region": "westus",
        "x-ms-keyvault-service-version": "1.9.2203.1"
      },
      "ResponseBody": {
        "recoveryId": "https://vaultname.vault.azure.net/deletedsecrets/livekvtestsecret68a2f32bd",
        "deletedDate": 1742444706,
        "scheduledPurgeDate": 1743049506,
        "id": "https://vaultname.vault.azure.net/secrets/livekvtestsecret68a2f32bd/5efb4518b92f4c379b58f973fbcecf09",
        "attributes": {
          "enabled": true,
          "created": 1742444693,
          "updated": 1742444693,
          "recoveryLevel": "CustomizedRecoverable+Purgeable",
          "recoverableDays": 7
        }
      }
    },
    {
      "RequestUri": "https://Sanitized.vault.azure.net/deletedsecrets/livekvtestsecret68a2f32bd?api-version=7.6-preview.2",
      "RequestMethod": "GET",
      "RequestHeaders": {
        "Accept": "application/json",
        "Accept-Encoding": "gzip, deflate",
        "User-Agent": "azsdk-python-keyvault-secrets/4.10.0b1 Python/3.12.3 (Linux-5.15.167.4-microsoft-standard-WSL2-x86_64-with-glibc2.39)"
      },
      "RequestBody": null,
      "StatusCode": 404,
      "ResponseHeaders": {
        "Cache-Control": "no-cache",
        "Content-Length": "99",
        "Content-Type": "application/json; charset=utf-8",
        "Date": "Thu, 20 Mar 2025 04:25:06 GMT",
        "Expires": "-1",
        "Pragma": "no-cache",
        "Strict-Transport-Security": "max-age=31536000;includeSubDomains",
        "X-Content-Type-Options": "nosniff",
        "x-ms-keyvault-network-info": "conn_type=Ipv4;addr=70.37.26.132;act_addr_fam=InterNetwork;",
        "x-ms-keyvault-rbac-assignment-id": "b5c35adfb392538c8335a6643ca38efa",
        "x-ms-keyvault-region": "westus",
        "x-ms-keyvault-service-version": "1.9.2203.1"
      },
      "ResponseBody": {
        "error": {
          "code": "SecretNotFound",
          "message": "Deleted Secret not found: livekvtestsecret68a2f32bd"
        }
      }
    },
    {
      "RequestUri": "https://Sanitized.vault.azure.net/deletedsecrets/livekvtestsecret68a2f32bd?api-version=7.6-preview.2",
      "RequestMethod": "GET",
      "RequestHeaders": {
        "Accept": "application/json",
        "Accept-Encoding": "gzip, deflate",
        "User-Agent": "azsdk-python-keyvault-secrets/4.10.0b1 Python/3.12.3 (Linux-5.15.167.4-microsoft-standard-WSL2-x86_64-with-glibc2.39)"
      },
      "RequestBody": null,
      "StatusCode": 200,
      "ResponseHeaders": {
        "Cache-Control": "no-cache",
        "Content-Length": "398",
        "Content-Type": "application/json; charset=utf-8",
        "Date": "Thu, 20 Mar 2025 04:25:08 GMT",
        "Expires": "-1",
        "Pragma": "no-cache",
        "Strict-Transport-Security": "max-age=31536000;includeSubDomains",
        "X-Content-Type-Options": "nosniff",
        "x-ms-keyvault-network-info": "conn_type=Ipv4;addr=70.37.26.132;act_addr_fam=InterNetwork;",
        "x-ms-keyvault-rbac-assignment-id": "b5c35adfb392538c8335a6643ca38efa",
        "x-ms-keyvault-region": "westus",
        "x-ms-keyvault-service-version": "1.9.2203.1"
      },
      "ResponseBody": {
        "recoveryId": "https://vaultname.vault.azure.net/deletedsecrets/livekvtestsecret68a2f32bd",
        "deletedDate": 1742444706,
        "scheduledPurgeDate": 1743049506,
        "id": "https://vaultname.vault.azure.net/secrets/livekvtestsecret68a2f32bd/5efb4518b92f4c379b58f973fbcecf09",
        "attributes": {
          "enabled": true,
          "created": 1742444693,
          "updated": 1742444693,
          "recoveryLevel": "CustomizedRecoverable+Purgeable",
          "recoverableDays": 7
        }
      }
    },
    {
      "RequestUri": "https://Sanitized.vault.azure.net/deletedsecrets?api-version=7.6-preview.2",
      "RequestMethod": "GET",
      "RequestHeaders": {
        "Accept": "application/json",
        "Accept-Encoding": "gzip, deflate",
        "User-Agent": "azsdk-python-keyvault-secrets/4.10.0b1 Python/3.12.3 (Linux-5.15.167.4-microsoft-standard-WSL2-x86_64-with-glibc2.39)"
      },
      "RequestBody": null,
      "StatusCode": 200,
      "ResponseHeaders": {
        "Cache-Control": "no-cache",
        "Content-Length": "1483",
        "Content-Type": "application/json; charset=utf-8",
        "Date": "Thu, 20 Mar 2025 04:25:08 GMT",
        "Expires": "-1",
        "Pragma": "no-cache",
        "Strict-Transport-Security": "max-age=31536000;includeSubDomains",
        "X-Content-Type-Options": "nosniff",
        "x-ms-keyvault-network-info": "conn_type=Ipv4;addr=70.37.26.132;act_addr_fam=InterNetwork;",
        "x-ms-keyvault-rbac-assignment-id": "b5c35adfb392538c8335a6643ca38efa",
        "x-ms-keyvault-region": "westus",
        "x-ms-keyvault-service-version": "1.9.2203.1"
      },
      "ResponseBody": {
        "value": [
          {
            "recoveryId": "https://vaultname.vault.azure.net/deletedsecrets/livekvtestcrud-secretf7f233a9",
            "deletedDate": 1742444684,
            "scheduledPurgeDate": 1743049484,
            "contentType": "text/plain",
            "id": "https://vaultname.vault.azure.net/secrets/livekvtestcrud-secretf7f233a9",
            "attributes": {
              "enabled": false,
              "nbf": 1422864000,
              "exp": 2527401600,
              "created": 1742444682,
              "updated": 1742444683,
              "recoveryLevel": "CustomizedRecoverable+Purgeable",
              "recoverableDays": 7
            },
            "tags": {
              "foo": "updated tag"
            }
          },
          {
            "recoveryId": "https://vaultname.vault.azure.net/deletedsecrets/livekvtestsecret-name11583b21",
            "deletedDate": 1742444602,
            "scheduledPurgeDate": 1743049402,
            "contentType": "text/plain",
            "id": "https://vaultname.vault.azure.net/secrets/livekvtestsecret-name11583b21",
            "attributes": {
              "enabled": true,
              "exp": 2527401600,
              "created": 1742444602,
              "updated": 1742444602,
              "recoveryLevel": "CustomizedRecoverable+Purgeable",
              "recoverableDays": 7
            },
            "tags": {
              "foo": "updated tag"
            }
          },
          {
            "recoveryId": "https://vaultname.vault.azure.net/deletedsecrets/livekvtestsecret-namea19538a4",
            "deletedDate": 1742444522,
            "scheduledPurgeDate": 1743049322,
            "contentType": "text/plain",
            "id": "https://vaultname.vault.azure.net/secrets/livekvtestsecret-namea19538a4",
            "attributes": {
              "enabled": true,
              "exp": 2527401600,
              "created": 1742444522,
              "updated": 1742444522,
              "recoveryLevel": "CustomizedRecoverable+Purgeable",
              "recoverableDays": 7
            },
            "tags": {
              "foo": "updated tag"
            }
          }
        ],
        "nextLink": "https://vaultname.vault.azure.net:443/deletedsecrets?api-version=7.6-preview.2&$skiptoken=Sanitized"
      }
    },
    {
      "RequestUri": "https://Sanitized.vault.azure.net/deletedsecrets?api-version=7.6-preview.2&$skiptoken=Sanitized",
      "RequestMethod": "GET",
      "RequestHeaders": {
        "Accept": "*/*",
        "Accept-Encoding": "gzip, deflate",
        "User-Agent": "azsdk-python-keyvault-secrets/4.10.0b1 Python/3.12.3 (Linux-5.15.167.4-microsoft-standard-WSL2-x86_64-with-glibc2.39)"
      },
      "RequestBody": null,
      "StatusCode": 200,
      "ResponseHeaders": {
        "Cache-Control": "no-cache",
        "Content-Length": "1588",
        "Content-Type": "application/json; charset=utf-8",
        "Date": "Thu, 20 Mar 2025 04:25:08 GMT",
        "Expires": "-1",
        "Pragma": "no-cache",
        "Strict-Transport-Security": "max-age=31536000;includeSubDomains",
        "X-Content-Type-Options": "nosniff",
        "x-ms-keyvault-network-info": "conn_type=Ipv4;addr=70.37.26.132;act_addr_fam=InterNetwork;",
        "x-ms-keyvault-rbac-assignment-id": "b5c35adfb392538c8335a6643ca38efa",
        "x-ms-keyvault-region": "westus",
        "x-ms-keyvault-service-version": "1.9.2203.1"
      },
      "ResponseBody": {
        "value": [
          {
            "recoveryId": "https://vaultname.vault.azure.net/deletedsecrets/livekvtestsecret08a2f32bd",
            "deletedDate": 1742444693,
            "scheduledPurgeDate": 1743049493,
            "id": "https://vaultname.vault.azure.net/secrets/livekvtestsecret08a2f32bd",
            "attributes": {
              "enabled": true,
              "created": 1742444692,
              "updated": 1742444692,
              "recoveryLevel": "CustomizedRecoverable+Purgeable",
              "recoverableDays": 7
            }
          },
          {
            "recoveryId": "https://vaultname.vault.azure.net/deletedsecrets/livekvtestsecret18a2f32bd",
            "deletedDate": 1742444695,
            "scheduledPurgeDate": 1743049495,
            "id": "https://vaultname.vault.azure.net/secrets/livekvtestsecret18a2f32bd",
            "attributes": {
              "enabled": true,
              "created": 1742444692,
              "updated": 1742444692,
              "recoveryLevel": "CustomizedRecoverable+Purgeable",
              "recoverableDays": 7
            }
          },
          {
            "recoveryId": "https://vaultname.vault.azure.net/deletedsecrets/livekvtestsecret28a2f32bd",
            "deletedDate": 1742444697,
            "scheduledPurgeDate": 1743049497,
            "id": "https://vaultname.vault.azure.net/secrets/livekvtestsecret28a2f32bd",
            "attributes": {
              "enabled": true,
              "created": 1742444692,
              "updated": 1742444692,
              "recoveryLevel": "CustomizedRecoverable+Purgeable",
              "recoverableDays": 7
            }
          },
          {
            "recoveryId": "https://vaultname.vault.azure.net/deletedsecrets/livekvtestsecret38a2f32bd",
            "deletedDate": 1742444699,
            "scheduledPurgeDate": 1743049499,
            "id": "https://vaultname.vault.azure.net/secrets/livekvtestsecret38a2f32bd",
            "attributes": {
              "enabled": true,
              "created": 1742444693,
              "updated": 1742444693,
              "recoveryLevel": "CustomizedRecoverable+Purgeable",
              "recoverableDays": 7
            }
          }
        ],
        "nextLink": "https://vaultname.vault.azure.net:443/deletedsecrets?api-version=7.6-preview.2&$skiptoken=Sanitized"
      }
    },
    {
      "RequestUri": "https://Sanitized.vault.azure.net/deletedsecrets?api-version=7.6-preview.2&$skiptoken=Sanitized",
      "RequestMethod": "GET",
      "RequestHeaders": {
        "Accept": "*/*",
        "Accept-Encoding": "gzip, deflate",
        "User-Agent": "azsdk-python-keyvault-secrets/4.10.0b1 Python/3.12.3 (Linux-5.15.167.4-microsoft-standard-WSL2-x86_64-with-glibc2.39)"
      },
      "RequestBody": null,
      "StatusCode": 200,
      "ResponseHeaders": {
        "Cache-Control": "no-cache",
        "Content-Length": "1125",
        "Content-Type": "application/json; charset=utf-8",
        "Date": "Thu, 20 Mar 2025 04:25:08 GMT",
        "Expires": "-1",
        "Pragma": "no-cache",
        "Strict-Transport-Security": "max-age=31536000;includeSubDomains",
        "X-Content-Type-Options": "nosniff",
        "x-ms-keyvault-network-info": "conn_type=Ipv4;addr=70.37.26.132;act_addr_fam=InterNetwork;",
        "x-ms-keyvault-rbac-assignment-id": "b5c35adfb392538c8335a6643ca38efa",
        "x-ms-keyvault-region": "westus",
        "x-ms-keyvault-service-version": "1.9.2203.1"
      },
      "ResponseBody": {
        "value": [
          {
            "recoveryId": "https://vaultname.vault.azure.net/deletedsecrets/livekvtestsecret48a2f32bd",
            "deletedDate": 1742444702,
            "scheduledPurgeDate": 1743049502,
            "id": "https://vaultname.vault.azure.net/secrets/livekvtestsecret48a2f32bd",
            "attributes": {
              "enabled": true,
              "created": 1742444693,
              "updated": 1742444693,
              "recoveryLevel": "CustomizedRecoverable+Purgeable",
              "recoverableDays": 7
            }
          },
          {
            "recoveryId": "https://vaultname.vault.azure.net/deletedsecrets/livekvtestsecret58a2f32bd",
            "deletedDate": 1742444704,
            "scheduledPurgeDate": 1743049504,
            "id": "https://vaultname.vault.azure.net/secrets/livekvtestsecret58a2f32bd",
            "attributes": {
              "enabled": true,
              "created": 1742444693,
              "updated": 1742444693,
              "recoveryLevel": "CustomizedRecoverable+Purgeable",
              "recoverableDays": 7
            }
          },
          {
            "recoveryId": "https://vaultname.vault.azure.net/deletedsecrets/livekvtestsecret68a2f32bd",
            "deletedDate": 1742444706,
            "scheduledPurgeDate": 1743049506,
            "id": "https://vaultname.vault.azure.net/secrets/livekvtestsecret68a2f32bd",
            "attributes": {
              "enabled": true,
              "created": 1742444693,
              "updated": 1742444693,
              "recoveryLevel": "CustomizedRecoverable+Purgeable",
              "recoverableDays": 7
            }
          }
        ],
        "nextLink": null
      }
    }
  ],
  "Variables": {}
}
