{
  "Entries": [
    {
      "RequestUri": "https://vaultname.vault.azure.net/secrets/livekvtestsecret040bf29d7?api-version=7.3",
      "RequestMethod": "PUT",
      "RequestHeaders": {
        "Accept": "application/json",
        "Accept-Encoding": "gzip, deflate",
        "Content-Length": "0",
        "Content-Type": "application/json",
        "User-Agent": "azsdk-python-keyvault-secrets/4.7.0b1 Python/3.10.0 (Windows-10-10.0.22621-SP0)"
      },
      "RequestBody": null,
      "StatusCode": 401,
      "ResponseHeaders": {
        "Cache-Control": "no-cache",
        "Content-Length": "97",
        "Content-Type": "application/json; charset=utf-8",
        "Date": "Tue, 01 Nov 2022 19:45:15 GMT",
        "Expires": "-1",
        "Pragma": "no-cache",
        "Strict-Transport-Security": "max-age=31536000;includeSubDomains",
        "WWW-Authenticate": "Bearer authorization=\u0022https://login.windows.net/00000000-0000-0000-0000-000000000000\u0022, resource=\u0022https://vault.azure.net\u0022",
        "X-Content-Type-Options": "nosniff",
        "x-ms-keyvault-network-info": "conn_type=Ipv4;addr=172.92.159.124;act_addr_fam=InterNetwork;",
        "x-ms-keyvault-region": "canadacentral",
        "x-ms-keyvault-service-version": "1.9.576.1"
      },
      "ResponseBody": {
        "error": {
          "code": "Unauthorized",
          "message": "AKV10000: Request is missing a Bearer or PoP token."
        }
      }
    },
    {
      "RequestUri": "https://vaultname.vault.azure.net/secrets/livekvtestsecret040bf29d7?api-version=7.3",
      "RequestMethod": "PUT",
      "RequestHeaders": {
        "Accept": "application/json",
        "Accept-Encoding": "gzip, deflate",
        "Content-Length": "19",
        "Content-Type": "application/json",
        "User-Agent": "azsdk-python-keyvault-secrets/4.7.0b1 Python/3.10.0 (Windows-10-10.0.22621-SP0)"
      },
      "RequestBody": {
        "value": "value0"
      },
      "StatusCode": 200,
      "ResponseHeaders": {
        "Cache-Control": "no-cache",
        "Content-Length": "268",
        "Content-Type": "application/json; charset=utf-8",
        "Date": "Tue, 01 Nov 2022 19:45:16 GMT",
        "Expires": "-1",
        "Pragma": "no-cache",
        "Strict-Transport-Security": "max-age=31536000;includeSubDomains",
        "X-Content-Type-Options": "nosniff",
        "x-ms-keyvault-network-info": "conn_type=Ipv4;addr=172.92.159.124;act_addr_fam=InterNetwork;",
        "x-ms-keyvault-rbac-assignment-id": "5405cebb-0832-59fd-b49d-3c34f062a3f5",
        "x-ms-keyvault-rbac-cache": "ra_age=247;da_age=5645;rd_age=5645;brd_age=3186;ra_notif_age=631;dec_lev=1;",
        "x-ms-keyvault-region": "canadacentral",
        "x-ms-keyvault-service-version": "1.9.576.1"
      },
      "ResponseBody": {
        "value": "value0",
        "id": "https://vaultname.vault.azure.net/secrets/livekvtestsecret040bf29d7/e0388f54d028431a9d23a20c69baedaf",
        "attributes": {
          "enabled": true,
          "created": 1667331916,
          "updated": 1667331916,
          "recoveryLevel": "CustomizedRecoverable\u002BPurgeable",
          "recoverableDays": 7
        }
      }
    },
    {
      "RequestUri": "https://vaultname.vault.azure.net/secrets/livekvtestsecret140bf29d7?api-version=7.3",
      "RequestMethod": "PUT",
      "RequestHeaders": {
        "Accept": "application/json",
        "Accept-Encoding": "gzip, deflate",
        "Content-Length": "19",
        "Content-Type": "application/json",
        "User-Agent": "azsdk-python-keyvault-secrets/4.7.0b1 Python/3.10.0 (Windows-10-10.0.22621-SP0)"
      },
      "RequestBody": {
        "value": "value1"
      },
      "StatusCode": 200,
      "ResponseHeaders": {
        "Cache-Control": "no-cache",
        "Content-Length": "268",
        "Content-Type": "application/json; charset=utf-8",
        "Date": "Tue, 01 Nov 2022 19:45:16 GMT",
        "Expires": "-1",
        "Pragma": "no-cache",
        "Strict-Transport-Security": "max-age=31536000;includeSubDomains",
        "X-Content-Type-Options": "nosniff",
        "x-ms-keyvault-network-info": "conn_type=Ipv4;addr=172.92.159.124;act_addr_fam=InterNetwork;",
        "x-ms-keyvault-rbac-assignment-id": "5405cebb-0832-59fd-b49d-3c34f062a3f5",
        "x-ms-keyvault-rbac-cache": "ra_age=248;da_age=5645;rd_age=5645;brd_age=3186;ra_notif_age=631;dec_lev=1;",
        "x-ms-keyvault-region": "canadacentral",
        "x-ms-keyvault-service-version": "1.9.576.1"
      },
      "ResponseBody": {
        "value": "value1",
        "id": "https://vaultname.vault.azure.net/secrets/livekvtestsecret140bf29d7/3112099fdda84eda83d368a81c314259",
        "attributes": {
          "enabled": true,
          "created": 1667331916,
          "updated": 1667331916,
          "recoveryLevel": "CustomizedRecoverable\u002BPurgeable",
          "recoverableDays": 7
        }
      }
    },
    {
      "RequestUri": "https://vaultname.vault.azure.net/secrets/livekvtestsecret240bf29d7?api-version=7.3",
      "RequestMethod": "PUT",
      "RequestHeaders": {
        "Accept": "application/json",
        "Accept-Encoding": "gzip, deflate",
        "Content-Length": "19",
        "Content-Type": "application/json",
        "User-Agent": "azsdk-python-keyvault-secrets/4.7.0b1 Python/3.10.0 (Windows-10-10.0.22621-SP0)"
      },
      "RequestBody": {
        "value": "value2"
      },
      "StatusCode": 200,
      "ResponseHeaders": {
        "Cache-Control": "no-cache",
        "Content-Length": "268",
        "Content-Type": "application/json; charset=utf-8",
        "Date": "Tue, 01 Nov 2022 19:45:16 GMT",
        "Expires": "-1",
        "Pragma": "no-cache",
        "Strict-Transport-Security": "max-age=31536000;includeSubDomains",
        "X-Content-Type-Options": "nosniff",
        "x-ms-keyvault-network-info": "conn_type=Ipv4;addr=172.92.159.124;act_addr_fam=InterNetwork;",
        "x-ms-keyvault-rbac-assignment-id": "5405cebb-0832-59fd-b49d-3c34f062a3f5",
        "x-ms-keyvault-rbac-cache": "ra_age=248;da_age=5645;rd_age=5645;brd_age=3187;ra_notif_age=632;dec_lev=1;",
        "x-ms-keyvault-region": "canadacentral",
        "x-ms-keyvault-service-version": "1.9.576.1"
      },
      "ResponseBody": {
        "value": "value2",
        "id": "https://vaultname.vault.azure.net/secrets/livekvtestsecret240bf29d7/efa100cca59148798bbaf16b45e9d80f",
        "attributes": {
          "enabled": true,
          "created": 1667331916,
          "updated": 1667331916,
          "recoveryLevel": "CustomizedRecoverable\u002BPurgeable",
          "recoverableDays": 7
        }
      }
    },
    {
      "RequestUri": "https://vaultname.vault.azure.net/secrets/livekvtestsecret340bf29d7?api-version=7.3",
      "RequestMethod": "PUT",
      "RequestHeaders": {
        "Accept": "application/json",
        "Accept-Encoding": "gzip, deflate",
        "Content-Length": "19",
        "Content-Type": "application/json",
        "User-Agent": "azsdk-python-keyvault-secrets/4.7.0b1 Python/3.10.0 (Windows-10-10.0.22621-SP0)"
      },
      "RequestBody": {
        "value": "value3"
      },
      "StatusCode": 200,
      "ResponseHeaders": {
        "Cache-Control": "no-cache",
        "Content-Length": "268",
        "Content-Type": "application/json; charset=utf-8",
        "Date": "Tue, 01 Nov 2022 19:45:16 GMT",
        "Expires": "-1",
        "Pragma": "no-cache",
        "Strict-Transport-Security": "max-age=31536000;includeSubDomains",
        "X-Content-Type-Options": "nosniff",
        "x-ms-keyvault-network-info": "conn_type=Ipv4;addr=172.92.159.124;act_addr_fam=InterNetwork;",
        "x-ms-keyvault-rbac-assignment-id": "5405cebb-0832-59fd-b49d-3c34f062a3f5",
        "x-ms-keyvault-rbac-cache": "ra_age=248;da_age=5646;rd_age=5646;brd_age=3187;ra_notif_age=632;dec_lev=1;",
        "x-ms-keyvault-region": "canadacentral",
        "x-ms-keyvault-service-version": "1.9.576.1"
      },
      "ResponseBody": {
        "value": "value3",
        "id": "https://vaultname.vault.azure.net/secrets/livekvtestsecret340bf29d7/af90da54e38849a296d4eb382bdafac2",
        "attributes": {
          "enabled": true,
          "created": 1667331916,
          "updated": 1667331916,
          "recoveryLevel": "CustomizedRecoverable\u002BPurgeable",
          "recoverableDays": 7
        }
      }
    },
    {
      "RequestUri": "https://vaultname.vault.azure.net/secrets/livekvtestsecret440bf29d7?api-version=7.3",
      "RequestMethod": "PUT",
      "RequestHeaders": {
        "Accept": "application/json",
        "Accept-Encoding": "gzip, deflate",
        "Content-Length": "19",
        "Content-Type": "application/json",
        "User-Agent": "azsdk-python-keyvault-secrets/4.7.0b1 Python/3.10.0 (Windows-10-10.0.22621-SP0)"
      },
      "RequestBody": {
        "value": "value4"
      },
      "StatusCode": 200,
      "ResponseHeaders": {
        "Cache-Control": "no-cache",
        "Content-Length": "268",
        "Content-Type": "application/json; charset=utf-8",
        "Date": "Tue, 01 Nov 2022 19:45:16 GMT",
        "Expires": "-1",
        "Pragma": "no-cache",
        "Strict-Transport-Security": "max-age=31536000;includeSubDomains",
        "X-Content-Type-Options": "nosniff",
        "x-ms-keyvault-network-info": "conn_type=Ipv4;addr=172.92.159.124;act_addr_fam=InterNetwork;",
        "x-ms-keyvault-rbac-assignment-id": "5405cebb-0832-59fd-b49d-3c34f062a3f5",
        "x-ms-keyvault-rbac-cache": "ra_age=248;da_age=5646;rd_age=5646;brd_age=3187;ra_notif_age=632;dec_lev=1;",
        "x-ms-keyvault-region": "canadacentral",
        "x-ms-keyvault-service-version": "1.9.576.1"
      },
      "ResponseBody": {
        "value": "value4",
        "id": "https://vaultname.vault.azure.net/secrets/livekvtestsecret440bf29d7/3780d9f2908643f199825422afb91e43",
        "attributes": {
          "enabled": true,
          "created": 1667331917,
          "updated": 1667331917,
          "recoveryLevel": "CustomizedRecoverable\u002BPurgeable",
          "recoverableDays": 7
        }
      }
    },
    {
      "RequestUri": "https://vaultname.vault.azure.net/secrets/livekvtestsecret540bf29d7?api-version=7.3",
      "RequestMethod": "PUT",
      "RequestHeaders": {
        "Accept": "application/json",
        "Accept-Encoding": "gzip, deflate",
        "Content-Length": "19",
        "Content-Type": "application/json",
        "User-Agent": "azsdk-python-keyvault-secrets/4.7.0b1 Python/3.10.0 (Windows-10-10.0.22621-SP0)"
      },
      "RequestBody": {
        "value": "value5"
      },
      "StatusCode": 200,
      "ResponseHeaders": {
        "Cache-Control": "no-cache",
        "Content-Length": "268",
        "Content-Type": "application/json; charset=utf-8",
        "Date": "Tue, 01 Nov 2022 19:45:16 GMT",
        "Expires": "-1",
        "Pragma": "no-cache",
        "Strict-Transport-Security": "max-age=31536000;includeSubDomains",
        "X-Content-Type-Options": "nosniff",
        "x-ms-keyvault-network-info": "conn_type=Ipv4;addr=172.92.159.124;act_addr_fam=InterNetwork;",
        "x-ms-keyvault-rbac-assignment-id": "5405cebb-0832-59fd-b49d-3c34f062a3f5",
        "x-ms-keyvault-rbac-cache": "ra_age=248;da_age=5646;rd_age=5646;brd_age=3187;ra_notif_age=632;dec_lev=1;",
        "x-ms-keyvault-region": "canadacentral",
        "x-ms-keyvault-service-version": "1.9.576.1"
      },
      "ResponseBody": {
        "value": "value5",
        "id": "https://vaultname.vault.azure.net/secrets/livekvtestsecret540bf29d7/e18ba184f4de40168f41c3a82db17e58",
        "attributes": {
          "enabled": true,
          "created": 1667331917,
          "updated": 1667331917,
          "recoveryLevel": "CustomizedRecoverable\u002BPurgeable",
          "recoverableDays": 7
        }
      }
    },
    {
      "RequestUri": "https://vaultname.vault.azure.net/secrets/livekvtestsecret640bf29d7?api-version=7.3",
      "RequestMethod": "PUT",
      "RequestHeaders": {
        "Accept": "application/json",
        "Accept-Encoding": "gzip, deflate",
        "Content-Length": "19",
        "Content-Type": "application/json",
        "User-Agent": "azsdk-python-keyvault-secrets/4.7.0b1 Python/3.10.0 (Windows-10-10.0.22621-SP0)"
      },
      "RequestBody": {
        "value": "value6"
      },
      "StatusCode": 200,
      "ResponseHeaders": {
        "Cache-Control": "no-cache",
        "Content-Length": "268",
        "Content-Type": "application/json; charset=utf-8",
        "Date": "Tue, 01 Nov 2022 19:45:16 GMT",
        "Expires": "-1",
        "Pragma": "no-cache",
        "Strict-Transport-Security": "max-age=31536000;includeSubDomains",
        "X-Content-Type-Options": "nosniff",
        "x-ms-keyvault-network-info": "conn_type=Ipv4;addr=172.92.159.124;act_addr_fam=InterNetwork;",
        "x-ms-keyvault-rbac-assignment-id": "5405cebb-0832-59fd-b49d-3c34f062a3f5",
        "x-ms-keyvault-rbac-cache": "ra_age=248;da_age=5646;rd_age=5646;brd_age=3187;ra_notif_age=632;dec_lev=1;",
        "x-ms-keyvault-region": "canadacentral",
        "x-ms-keyvault-service-version": "1.9.576.1"
      },
      "ResponseBody": {
        "value": "value6",
        "id": "https://vaultname.vault.azure.net/secrets/livekvtestsecret640bf29d7/65a290fb814748ce939f65162436586b",
        "attributes": {
          "enabled": true,
          "created": 1667331917,
          "updated": 1667331917,
          "recoveryLevel": "CustomizedRecoverable\u002BPurgeable",
          "recoverableDays": 7
        }
      }
    },
    {
      "RequestUri": "https://vaultname.vault.azure.net/secrets/livekvtestsecret040bf29d7?api-version=7.3",
      "RequestMethod": "DELETE",
      "RequestHeaders": {
        "Accept": "application/json",
        "Accept-Encoding": "gzip, deflate",
        "Content-Length": "0",
        "User-Agent": "azsdk-python-keyvault-secrets/4.7.0b1 Python/3.10.0 (Windows-10-10.0.22621-SP0)"
      },
      "RequestBody": null,
      "StatusCode": 200,
      "ResponseHeaders": {
        "Cache-Control": "no-cache",
        "Content-Length": "398",
        "Content-Type": "application/json; charset=utf-8",
        "Date": "Tue, 01 Nov 2022 19:45:17 GMT",
        "Expires": "-1",
        "Pragma": "no-cache",
        "Strict-Transport-Security": "max-age=31536000;includeSubDomains",
        "X-Content-Type-Options": "nosniff",
        "x-ms-keyvault-network-info": "conn_type=Ipv4;addr=172.92.159.124;act_addr_fam=InterNetwork;",
        "x-ms-keyvault-rbac-assignment-id": "5405cebb-0832-59fd-b49d-3c34f062a3f5",
        "x-ms-keyvault-rbac-cache": "ra_age=249;da_age=5646;rd_age=5646;brd_age=3187;ra_notif_age=632;dec_lev=1;",
        "x-ms-keyvault-region": "canadacentral",
        "x-ms-keyvault-service-version": "1.9.576.1"
      },
      "ResponseBody": {
        "recoveryId": "https://vaultname.vault.azure.net/deletedsecrets/livekvtestsecret040bf29d7",
        "deletedDate": 1667331917,
        "scheduledPurgeDate": 1667936717,
        "id": "https://vaultname.vault.azure.net/secrets/livekvtestsecret040bf29d7/e0388f54d028431a9d23a20c69baedaf",
        "attributes": {
          "enabled": true,
          "created": 1667331916,
          "updated": 1667331916,
          "recoveryLevel": "CustomizedRecoverable\u002BPurgeable",
          "recoverableDays": 7
        }
      }
    },
    {
      "RequestUri": "https://vaultname.vault.azure.net/deletedsecrets/livekvtestsecret040bf29d7?api-version=7.3",
      "RequestMethod": "GET",
      "RequestHeaders": {
        "Accept": "application/json",
        "Accept-Encoding": "gzip, deflate",
        "User-Agent": "azsdk-python-keyvault-secrets/4.7.0b1 Python/3.10.0 (Windows-10-10.0.22621-SP0)"
      },
      "RequestBody": null,
      "StatusCode": 404,
      "ResponseHeaders": {
        "Cache-Control": "no-cache",
        "Content-Length": "99",
        "Content-Type": "application/json; charset=utf-8",
        "Date": "Tue, 01 Nov 2022 19:45:17 GMT",
        "Expires": "-1",
        "Pragma": "no-cache",
        "Strict-Transport-Security": "max-age=31536000;includeSubDomains",
        "X-Content-Type-Options": "nosniff",
        "x-ms-keyvault-network-info": "conn_type=Ipv4;addr=172.92.159.124;act_addr_fam=InterNetwork;",
        "x-ms-keyvault-rbac-assignment-id": "5405cebb-0832-59fd-b49d-3c34f062a3f5",
        "x-ms-keyvault-rbac-cache": "ra_age=249;da_age=5646;rd_age=5646;brd_age=3187;ra_notif_age=632;dec_lev=1;",
        "x-ms-keyvault-region": "canadacentral",
        "x-ms-keyvault-service-version": "1.9.576.1"
      },
      "ResponseBody": {
        "error": {
          "code": "SecretNotFound",
          "message": "Deleted Secret not found: livekvtestsecret040bf29d7"
        }
      }
    },
    {
      "RequestUri": "https://vaultname.vault.azure.net/deletedsecrets/livekvtestsecret040bf29d7?api-version=7.3",
      "RequestMethod": "GET",
      "RequestHeaders": {
        "Accept": "application/json",
        "Accept-Encoding": "gzip, deflate",
        "User-Agent": "azsdk-python-keyvault-secrets/4.7.0b1 Python/3.10.0 (Windows-10-10.0.22621-SP0)"
      },
      "RequestBody": null,
      "StatusCode": 200,
      "ResponseHeaders": {
        "Cache-Control": "no-cache",
        "Content-Length": "398",
        "Content-Type": "application/json; charset=utf-8",
        "Date": "Tue, 01 Nov 2022 19:45:19 GMT",
        "Expires": "-1",
        "Pragma": "no-cache",
        "Strict-Transport-Security": "max-age=31536000;includeSubDomains",
        "X-Content-Type-Options": "nosniff",
        "x-ms-keyvault-network-info": "conn_type=Ipv4;addr=172.92.159.124;act_addr_fam=InterNetwork;",
        "x-ms-keyvault-rbac-assignment-id": "5405cebb-0832-59fd-b49d-3c34f062a3f5",
        "x-ms-keyvault-rbac-cache": "ra_age=251;da_age=5648;rd_age=5648;brd_age=3190;ra_notif_age=635;dec_lev=0;",
        "x-ms-keyvault-region": "canadacentral",
        "x-ms-keyvault-service-version": "1.9.576.1"
      },
      "ResponseBody": {
        "recoveryId": "https://vaultname.vault.azure.net/deletedsecrets/livekvtestsecret040bf29d7",
        "deletedDate": 1667331917,
        "scheduledPurgeDate": 1667936717,
        "id": "https://vaultname.vault.azure.net/secrets/livekvtestsecret040bf29d7/e0388f54d028431a9d23a20c69baedaf",
        "attributes": {
          "enabled": true,
          "created": 1667331916,
          "updated": 1667331916,
          "recoveryLevel": "CustomizedRecoverable\u002BPurgeable",
          "recoverableDays": 7
        }
      }
    },
    {
      "RequestUri": "https://vaultname.vault.azure.net/secrets/livekvtestsecret140bf29d7?api-version=7.3",
      "RequestMethod": "DELETE",
      "RequestHeaders": {
        "Accept": "application/json",
        "Accept-Encoding": "gzip, deflate",
        "Content-Length": "0",
        "User-Agent": "azsdk-python-keyvault-secrets/4.7.0b1 Python/3.10.0 (Windows-10-10.0.22621-SP0)"
      },
      "RequestBody": null,
      "StatusCode": 200,
      "ResponseHeaders": {
        "Cache-Control": "no-cache",
        "Content-Length": "398",
        "Content-Type": "application/json; charset=utf-8",
        "Date": "Tue, 01 Nov 2022 19:45:19 GMT",
        "Expires": "-1",
        "Pragma": "no-cache",
        "Strict-Transport-Security": "max-age=31536000;includeSubDomains",
        "X-Content-Type-Options": "nosniff",
        "x-ms-keyvault-network-info": "conn_type=Ipv4;addr=172.92.159.124;act_addr_fam=InterNetwork;",
        "x-ms-keyvault-rbac-assignment-id": "5405cebb-0832-59fd-b49d-3c34f062a3f5",
        "x-ms-keyvault-rbac-cache": "ra_age=251;da_age=5648;rd_age=5648;brd_age=3190;ra_notif_age=635;dec_lev=1;",
        "x-ms-keyvault-region": "canadacentral",
        "x-ms-keyvault-service-version": "1.9.576.1"
      },
      "ResponseBody": {
        "recoveryId": "https://vaultname.vault.azure.net/deletedsecrets/livekvtestsecret140bf29d7",
        "deletedDate": 1667331919,
        "scheduledPurgeDate": 1667936719,
        "id": "https://vaultname.vault.azure.net/secrets/livekvtestsecret140bf29d7/3112099fdda84eda83d368a81c314259",
        "attributes": {
          "enabled": true,
          "created": 1667331916,
          "updated": 1667331916,
          "recoveryLevel": "CustomizedRecoverable\u002BPurgeable",
          "recoverableDays": 7
        }
      }
    },
    {
      "RequestUri": "https://vaultname.vault.azure.net/deletedsecrets/livekvtestsecret140bf29d7?api-version=7.3",
      "RequestMethod": "GET",
      "RequestHeaders": {
        "Accept": "application/json",
        "Accept-Encoding": "gzip, deflate",
        "User-Agent": "azsdk-python-keyvault-secrets/4.7.0b1 Python/3.10.0 (Windows-10-10.0.22621-SP0)"
      },
      "RequestBody": null,
      "StatusCode": 404,
      "ResponseHeaders": {
        "Cache-Control": "no-cache",
        "Content-Length": "99",
        "Content-Type": "application/json; charset=utf-8",
        "Date": "Tue, 01 Nov 2022 19:45:19 GMT",
        "Expires": "-1",
        "Pragma": "no-cache",
        "Strict-Transport-Security": "max-age=31536000;includeSubDomains",
        "X-Content-Type-Options": "nosniff",
        "x-ms-keyvault-network-info": "conn_type=Ipv4;addr=172.92.159.124;act_addr_fam=InterNetwork;",
        "x-ms-keyvault-rbac-assignment-id": "5405cebb-0832-59fd-b49d-3c34f062a3f5",
        "x-ms-keyvault-rbac-cache": "ra_age=251;da_age=5649;rd_age=5649;brd_age=3190;ra_notif_age=635;dec_lev=1;",
        "x-ms-keyvault-region": "canadacentral",
        "x-ms-keyvault-service-version": "1.9.576.1"
      },
      "ResponseBody": {
        "error": {
          "code": "SecretNotFound",
          "message": "Deleted Secret not found: livekvtestsecret140bf29d7"
        }
      }
    },
    {
      "RequestUri": "https://vaultname.vault.azure.net/deletedsecrets/livekvtestsecret140bf29d7?api-version=7.3",
      "RequestMethod": "GET",
      "RequestHeaders": {
        "Accept": "application/json",
        "Accept-Encoding": "gzip, deflate",
        "User-Agent": "azsdk-python-keyvault-secrets/4.7.0b1 Python/3.10.0 (Windows-10-10.0.22621-SP0)"
      },
      "RequestBody": null,
      "StatusCode": 404,
      "ResponseHeaders": {
        "Cache-Control": "no-cache",
        "Content-Length": "99",
        "Content-Type": "application/json; charset=utf-8",
        "Date": "Tue, 01 Nov 2022 19:45:21 GMT",
        "Expires": "-1",
        "Pragma": "no-cache",
        "Strict-Transport-Security": "max-age=31536000;includeSubDomains",
        "X-Content-Type-Options": "nosniff",
        "x-ms-keyvault-network-info": "conn_type=Ipv4;addr=172.92.159.124;act_addr_fam=InterNetwork;",
        "x-ms-keyvault-rbac-assignment-id": "5405cebb-0832-59fd-b49d-3c34f062a3f5",
        "x-ms-keyvault-rbac-cache": "ra_age=253;da_age=5651;rd_age=5651;brd_age=3192;ra_notif_age=637;dec_lev=0;",
        "x-ms-keyvault-region": "canadacentral",
        "x-ms-keyvault-service-version": "1.9.576.1"
      },
      "ResponseBody": {
        "error": {
          "code": "SecretNotFound",
          "message": "Deleted Secret not found: livekvtestsecret140bf29d7"
        }
      }
    },
    {
      "RequestUri": "https://vaultname.vault.azure.net/deletedsecrets/livekvtestsecret140bf29d7?api-version=7.3",
      "RequestMethod": "GET",
      "RequestHeaders": {
        "Accept": "application/json",
        "Accept-Encoding": "gzip, deflate",
        "User-Agent": "azsdk-python-keyvault-secrets/4.7.0b1 Python/3.10.0 (Windows-10-10.0.22621-SP0)"
      },
      "RequestBody": null,
      "StatusCode": 404,
      "ResponseHeaders": {
        "Cache-Control": "no-cache",
        "Content-Length": "99",
        "Content-Type": "application/json; charset=utf-8",
        "Date": "Tue, 01 Nov 2022 19:45:23 GMT",
        "Expires": "-1",
        "Pragma": "no-cache",
        "Strict-Transport-Security": "max-age=31536000;includeSubDomains",
        "X-Content-Type-Options": "nosniff",
        "x-ms-keyvault-network-info": "conn_type=Ipv4;addr=172.92.159.124;act_addr_fam=InterNetwork;",
        "x-ms-keyvault-rbac-assignment-id": "5405cebb-0832-59fd-b49d-3c34f062a3f5",
        "x-ms-keyvault-rbac-cache": "ra_age=255;da_age=5653;rd_age=5653;brd_age=3194;ra_notif_age=639;dec_lev=0;",
        "x-ms-keyvault-region": "canadacentral",
        "x-ms-keyvault-service-version": "1.9.576.1"
      },
      "ResponseBody": {
        "error": {
          "code": "SecretNotFound",
          "message": "Deleted Secret not found: livekvtestsecret140bf29d7"
        }
      }
    },
    {
      "RequestUri": "https://vaultname.vault.azure.net/deletedsecrets/livekvtestsecret140bf29d7?api-version=7.3",
      "RequestMethod": "GET",
      "RequestHeaders": {
        "Accept": "application/json",
        "Accept-Encoding": "gzip, deflate",
        "User-Agent": "azsdk-python-keyvault-secrets/4.7.0b1 Python/3.10.0 (Windows-10-10.0.22621-SP0)"
      },
      "RequestBody": null,
      "StatusCode": 200,
      "ResponseHeaders": {
        "Cache-Control": "no-cache",
        "Content-Length": "398",
        "Content-Type": "application/json; charset=utf-8",
        "Date": "Tue, 01 Nov 2022 19:45:25 GMT",
        "Expires": "-1",
        "Pragma": "no-cache",
        "Strict-Transport-Security": "max-age=31536000;includeSubDomains",
        "X-Content-Type-Options": "nosniff",
        "x-ms-keyvault-network-info": "conn_type=Ipv4;addr=172.92.159.124;act_addr_fam=InterNetwork;",
        "x-ms-keyvault-rbac-assignment-id": "5405cebb-0832-59fd-b49d-3c34f062a3f5",
        "x-ms-keyvault-rbac-cache": "ra_age=257;da_age=5655;rd_age=5655;brd_age=3196;ra_notif_age=641;dec_lev=0;",
        "x-ms-keyvault-region": "canadacentral",
        "x-ms-keyvault-service-version": "1.9.576.1"
      },
      "ResponseBody": {
        "recoveryId": "https://vaultname.vault.azure.net/deletedsecrets/livekvtestsecret140bf29d7",
        "deletedDate": 1667331919,
        "scheduledPurgeDate": 1667936719,
        "id": "https://vaultname.vault.azure.net/secrets/livekvtestsecret140bf29d7/3112099fdda84eda83d368a81c314259",
        "attributes": {
          "enabled": true,
          "created": 1667331916,
          "updated": 1667331916,
          "recoveryLevel": "CustomizedRecoverable\u002BPurgeable",
          "recoverableDays": 7
        }
      }
    },
    {
      "RequestUri": "https://vaultname.vault.azure.net/secrets/livekvtestsecret240bf29d7?api-version=7.3",
      "RequestMethod": "DELETE",
      "RequestHeaders": {
        "Accept": "application/json",
        "Accept-Encoding": "gzip, deflate",
        "Content-Length": "0",
        "User-Agent": "azsdk-python-keyvault-secrets/4.7.0b1 Python/3.10.0 (Windows-10-10.0.22621-SP0)"
      },
      "RequestBody": null,
      "StatusCode": 200,
      "ResponseHeaders": {
        "Cache-Control": "no-cache",
        "Content-Length": "398",
        "Content-Type": "application/json; charset=utf-8",
        "Date": "Tue, 01 Nov 2022 19:45:25 GMT",
        "Expires": "-1",
        "Pragma": "no-cache",
        "Strict-Transport-Security": "max-age=31536000;includeSubDomains",
        "X-Content-Type-Options": "nosniff",
        "x-ms-keyvault-network-info": "conn_type=Ipv4;addr=172.92.159.124;act_addr_fam=InterNetwork;",
        "x-ms-keyvault-rbac-assignment-id": "5405cebb-0832-59fd-b49d-3c34f062a3f5",
        "x-ms-keyvault-rbac-cache": "ra_age=257;da_age=5655;rd_age=5655;brd_age=3196;ra_notif_age=641;dec_lev=1;",
        "x-ms-keyvault-region": "canadacentral",
        "x-ms-keyvault-service-version": "1.9.576.1"
      },
      "ResponseBody": {
        "recoveryId": "https://vaultname.vault.azure.net/deletedsecrets/livekvtestsecret240bf29d7",
        "deletedDate": 1667331926,
        "scheduledPurgeDate": 1667936726,
        "id": "https://vaultname.vault.azure.net/secrets/livekvtestsecret240bf29d7/efa100cca59148798bbaf16b45e9d80f",
        "attributes": {
          "enabled": true,
          "created": 1667331916,
          "updated": 1667331916,
          "recoveryLevel": "CustomizedRecoverable\u002BPurgeable",
          "recoverableDays": 7
        }
      }
    },
    {
      "RequestUri": "https://vaultname.vault.azure.net/deletedsecrets/livekvtestsecret240bf29d7?api-version=7.3",
      "RequestMethod": "GET",
      "RequestHeaders": {
        "Accept": "application/json",
        "Accept-Encoding": "gzip, deflate",
        "User-Agent": "azsdk-python-keyvault-secrets/4.7.0b1 Python/3.10.0 (Windows-10-10.0.22621-SP0)"
      },
      "RequestBody": null,
      "StatusCode": 404,
      "ResponseHeaders": {
        "Cache-Control": "no-cache",
        "Content-Length": "99",
        "Content-Type": "application/json; charset=utf-8",
        "Date": "Tue, 01 Nov 2022 19:45:25 GMT",
        "Expires": "-1",
        "Pragma": "no-cache",
        "Strict-Transport-Security": "max-age=31536000;includeSubDomains",
        "X-Content-Type-Options": "nosniff",
        "x-ms-keyvault-network-info": "conn_type=Ipv4;addr=172.92.159.124;act_addr_fam=InterNetwork;",
        "x-ms-keyvault-rbac-assignment-id": "5405cebb-0832-59fd-b49d-3c34f062a3f5",
        "x-ms-keyvault-rbac-cache": "ra_age=258;da_age=5655;rd_age=5655;brd_age=3196;ra_notif_age=641;dec_lev=1;",
        "x-ms-keyvault-region": "canadacentral",
        "x-ms-keyvault-service-version": "1.9.576.1"
      },
      "ResponseBody": {
        "error": {
          "code": "SecretNotFound",
          "message": "Deleted Secret not found: livekvtestsecret240bf29d7"
        }
      }
    },
    {
      "RequestUri": "https://vaultname.vault.azure.net/deletedsecrets/livekvtestsecret240bf29d7?api-version=7.3",
      "RequestMethod": "GET",
      "RequestHeaders": {
        "Accept": "application/json",
        "Accept-Encoding": "gzip, deflate",
        "User-Agent": "azsdk-python-keyvault-secrets/4.7.0b1 Python/3.10.0 (Windows-10-10.0.22621-SP0)"
      },
      "RequestBody": null,
      "StatusCode": 404,
      "ResponseHeaders": {
        "Cache-Control": "no-cache",
        "Content-Length": "99",
        "Content-Type": "application/json; charset=utf-8",
        "Date": "Tue, 01 Nov 2022 19:45:27 GMT",
        "Expires": "-1",
        "Pragma": "no-cache",
        "Strict-Transport-Security": "max-age=31536000;includeSubDomains",
        "X-Content-Type-Options": "nosniff",
        "x-ms-keyvault-network-info": "conn_type=Ipv4;addr=172.92.159.124;act_addr_fam=InterNetwork;",
        "x-ms-keyvault-rbac-assignment-id": "5405cebb-0832-59fd-b49d-3c34f062a3f5",
        "x-ms-keyvault-rbac-cache": "ra_age=260;da_age=5657;rd_age=5657;brd_age=3199;ra_notif_age=644;dec_lev=0;",
        "x-ms-keyvault-region": "canadacentral",
        "x-ms-keyvault-service-version": "1.9.576.1"
      },
      "ResponseBody": {
        "error": {
          "code": "SecretNotFound",
          "message": "Deleted Secret not found: livekvtestsecret240bf29d7"
        }
      }
    },
    {
      "RequestUri": "https://vaultname.vault.azure.net/deletedsecrets/livekvtestsecret240bf29d7?api-version=7.3",
      "RequestMethod": "GET",
      "RequestHeaders": {
        "Accept": "application/json",
        "Accept-Encoding": "gzip, deflate",
        "User-Agent": "azsdk-python-keyvault-secrets/4.7.0b1 Python/3.10.0 (Windows-10-10.0.22621-SP0)"
      },
      "RequestBody": null,
      "StatusCode": 404,
      "ResponseHeaders": {
        "Cache-Control": "no-cache",
        "Content-Length": "99",
        "Content-Type": "application/json; charset=utf-8",
        "Date": "Tue, 01 Nov 2022 19:45:29 GMT",
        "Expires": "-1",
        "Pragma": "no-cache",
        "Strict-Transport-Security": "max-age=31536000;includeSubDomains",
        "X-Content-Type-Options": "nosniff",
        "x-ms-keyvault-network-info": "conn_type=Ipv4;addr=172.92.159.124;act_addr_fam=InterNetwork;",
        "x-ms-keyvault-rbac-assignment-id": "5405cebb-0832-59fd-b49d-3c34f062a3f5",
        "x-ms-keyvault-rbac-cache": "ra_age=262;da_age=5659;rd_age=5659;brd_age=3201;ra_notif_age=646;dec_lev=0;",
        "x-ms-keyvault-region": "canadacentral",
        "x-ms-keyvault-service-version": "1.9.576.1"
      },
      "ResponseBody": {
        "error": {
          "code": "SecretNotFound",
          "message": "Deleted Secret not found: livekvtestsecret240bf29d7"
        }
      }
    },
    {
      "RequestUri": "https://vaultname.vault.azure.net/deletedsecrets/livekvtestsecret240bf29d7?api-version=7.3",
      "RequestMethod": "GET",
      "RequestHeaders": {
        "Accept": "application/json",
        "Accept-Encoding": "gzip, deflate",
        "User-Agent": "azsdk-python-keyvault-secrets/4.7.0b1 Python/3.10.0 (Windows-10-10.0.22621-SP0)"
      },
      "RequestBody": null,
      "StatusCode": 200,
      "ResponseHeaders": {
        "Cache-Control": "no-cache",
        "Content-Length": "398",
        "Content-Type": "application/json; charset=utf-8",
        "Date": "Tue, 01 Nov 2022 19:45:32 GMT",
        "Expires": "-1",
        "Pragma": "no-cache",
        "Strict-Transport-Security": "max-age=31536000;includeSubDomains",
        "X-Content-Type-Options": "nosniff",
        "x-ms-keyvault-network-info": "conn_type=Ipv4;addr=172.92.159.124;act_addr_fam=InterNetwork;",
        "x-ms-keyvault-rbac-assignment-id": "5405cebb-0832-59fd-b49d-3c34f062a3f5",
        "x-ms-keyvault-rbac-cache": "ra_age=264;da_age=5662;rd_age=5662;brd_age=3203;ra_notif_age=648;dec_lev=0;",
        "x-ms-keyvault-region": "canadacentral",
        "x-ms-keyvault-service-version": "1.9.576.1"
      },
      "ResponseBody": {
        "recoveryId": "https://vaultname.vault.azure.net/deletedsecrets/livekvtestsecret240bf29d7",
        "deletedDate": 1667331926,
        "scheduledPurgeDate": 1667936726,
        "id": "https://vaultname.vault.azure.net/secrets/livekvtestsecret240bf29d7/efa100cca59148798bbaf16b45e9d80f",
        "attributes": {
          "enabled": true,
          "created": 1667331916,
          "updated": 1667331916,
          "recoveryLevel": "CustomizedRecoverable\u002BPurgeable",
          "recoverableDays": 7
        }
      }
    },
    {
      "RequestUri": "https://vaultname.vault.azure.net/secrets/livekvtestsecret340bf29d7?api-version=7.3",
      "RequestMethod": "DELETE",
      "RequestHeaders": {
        "Accept": "application/json",
        "Accept-Encoding": "gzip, deflate",
        "Content-Length": "0",
        "User-Agent": "azsdk-python-keyvault-secrets/4.7.0b1 Python/3.10.0 (Windows-10-10.0.22621-SP0)"
      },
      "RequestBody": null,
      "StatusCode": 200,
      "ResponseHeaders": {
        "Cache-Control": "no-cache",
        "Content-Length": "398",
        "Content-Type": "application/json; charset=utf-8",
        "Date": "Tue, 01 Nov 2022 19:45:32 GMT",
        "Expires": "-1",
        "Pragma": "no-cache",
        "Strict-Transport-Security": "max-age=31536000;includeSubDomains",
        "X-Content-Type-Options": "nosniff",
        "x-ms-keyvault-network-info": "conn_type=Ipv4;addr=172.92.159.124;act_addr_fam=InterNetwork;",
        "x-ms-keyvault-rbac-assignment-id": "5405cebb-0832-59fd-b49d-3c34f062a3f5",
        "x-ms-keyvault-rbac-cache": "ra_age=264;da_age=5662;rd_age=5662;brd_age=3203;ra_notif_age=648;dec_lev=1;",
        "x-ms-keyvault-region": "canadacentral",
        "x-ms-keyvault-service-version": "1.9.576.1"
      },
      "ResponseBody": {
        "recoveryId": "https://vaultname.vault.azure.net/deletedsecrets/livekvtestsecret340bf29d7",
        "deletedDate": 1667331933,
        "scheduledPurgeDate": 1667936733,
        "id": "https://vaultname.vault.azure.net/secrets/livekvtestsecret340bf29d7/af90da54e38849a296d4eb382bdafac2",
        "attributes": {
          "enabled": true,
          "created": 1667331916,
          "updated": 1667331916,
          "recoveryLevel": "CustomizedRecoverable\u002BPurgeable",
          "recoverableDays": 7
        }
      }
    },
    {
      "RequestUri": "https://vaultname.vault.azure.net/deletedsecrets/livekvtestsecret340bf29d7?api-version=7.3",
      "RequestMethod": "GET",
      "RequestHeaders": {
        "Accept": "application/json",
        "Accept-Encoding": "gzip, deflate",
        "User-Agent": "azsdk-python-keyvault-secrets/4.7.0b1 Python/3.10.0 (Windows-10-10.0.22621-SP0)"
      },
      "RequestBody": null,
      "StatusCode": 404,
      "ResponseHeaders": {
        "Cache-Control": "no-cache",
        "Content-Length": "99",
        "Content-Type": "application/json; charset=utf-8",
        "Date": "Tue, 01 Nov 2022 19:45:32 GMT",
        "Expires": "-1",
        "Pragma": "no-cache",
        "Strict-Transport-Security": "max-age=31536000;includeSubDomains",
        "X-Content-Type-Options": "nosniff",
        "x-ms-keyvault-network-info": "conn_type=Ipv4;addr=172.92.159.124;act_addr_fam=InterNetwork;",
        "x-ms-keyvault-rbac-assignment-id": "5405cebb-0832-59fd-b49d-3c34f062a3f5",
        "x-ms-keyvault-rbac-cache": "ra_age=264;da_age=5662;rd_age=5662;brd_age=3203;ra_notif_age=648;dec_lev=1;",
        "x-ms-keyvault-region": "canadacentral",
        "x-ms-keyvault-service-version": "1.9.576.1"
      },
      "ResponseBody": {
        "error": {
          "code": "SecretNotFound",
          "message": "Deleted Secret not found: livekvtestsecret340bf29d7"
        }
      }
    },
    {
      "RequestUri": "https://vaultname.vault.azure.net/deletedsecrets/livekvtestsecret340bf29d7?api-version=7.3",
      "RequestMethod": "GET",
      "RequestHeaders": {
        "Accept": "application/json",
        "Accept-Encoding": "gzip, deflate",
        "User-Agent": "azsdk-python-keyvault-secrets/4.7.0b1 Python/3.10.0 (Windows-10-10.0.22621-SP0)"
      },
      "RequestBody": null,
      "StatusCode": 200,
      "ResponseHeaders": {
        "Cache-Control": "no-cache",
        "Content-Length": "398",
        "Content-Type": "application/json; charset=utf-8",
        "Date": "Tue, 01 Nov 2022 19:45:34 GMT",
        "Expires": "-1",
        "Pragma": "no-cache",
        "Strict-Transport-Security": "max-age=31536000;includeSubDomains",
        "X-Content-Type-Options": "nosniff",
        "x-ms-keyvault-network-info": "conn_type=Ipv4;addr=172.92.159.124;act_addr_fam=InterNetwork;",
        "x-ms-keyvault-rbac-assignment-id": "5405cebb-0832-59fd-b49d-3c34f062a3f5",
        "x-ms-keyvault-rbac-cache": "ra_age=266;da_age=5664;rd_age=5664;brd_age=3205;ra_notif_age=650;dec_lev=0;",
        "x-ms-keyvault-region": "canadacentral",
        "x-ms-keyvault-service-version": "1.9.576.1"
      },
      "ResponseBody": {
        "recoveryId": "https://vaultname.vault.azure.net/deletedsecrets/livekvtestsecret340bf29d7",
        "deletedDate": 1667331933,
        "scheduledPurgeDate": 1667936733,
        "id": "https://vaultname.vault.azure.net/secrets/livekvtestsecret340bf29d7/af90da54e38849a296d4eb382bdafac2",
        "attributes": {
          "enabled": true,
          "created": 1667331916,
          "updated": 1667331916,
          "recoveryLevel": "CustomizedRecoverable\u002BPurgeable",
          "recoverableDays": 7
        }
      }
    },
    {
      "RequestUri": "https://vaultname.vault.azure.net/secrets/livekvtestsecret440bf29d7?api-version=7.3",
      "RequestMethod": "DELETE",
      "RequestHeaders": {
        "Accept": "application/json",
        "Accept-Encoding": "gzip, deflate",
        "Content-Length": "0",
        "User-Agent": "azsdk-python-keyvault-secrets/4.7.0b1 Python/3.10.0 (Windows-10-10.0.22621-SP0)"
      },
      "RequestBody": null,
      "StatusCode": 200,
      "ResponseHeaders": {
        "Cache-Control": "no-cache",
        "Content-Length": "398",
        "Content-Type": "application/json; charset=utf-8",
        "Date": "Tue, 01 Nov 2022 19:45:34 GMT",
        "Expires": "-1",
        "Pragma": "no-cache",
        "Strict-Transport-Security": "max-age=31536000;includeSubDomains",
        "X-Content-Type-Options": "nosniff",
        "x-ms-keyvault-network-info": "conn_type=Ipv4;addr=172.92.159.124;act_addr_fam=InterNetwork;",
        "x-ms-keyvault-rbac-assignment-id": "5405cebb-0832-59fd-b49d-3c34f062a3f5",
        "x-ms-keyvault-rbac-cache": "ra_age=266;da_age=5664;rd_age=5664;brd_age=3205;ra_notif_age=650;dec_lev=1;",
        "x-ms-keyvault-region": "canadacentral",
        "x-ms-keyvault-service-version": "1.9.576.1"
      },
      "ResponseBody": {
        "recoveryId": "https://vaultname.vault.azure.net/deletedsecrets/livekvtestsecret440bf29d7",
        "deletedDate": 1667331935,
        "scheduledPurgeDate": 1667936735,
        "id": "https://vaultname.vault.azure.net/secrets/livekvtestsecret440bf29d7/3780d9f2908643f199825422afb91e43",
        "attributes": {
          "enabled": true,
          "created": 1667331917,
          "updated": 1667331917,
          "recoveryLevel": "CustomizedRecoverable\u002BPurgeable",
          "recoverableDays": 7
        }
      }
    },
    {
      "RequestUri": "https://vaultname.vault.azure.net/deletedsecrets/livekvtestsecret440bf29d7?api-version=7.3",
      "RequestMethod": "GET",
      "RequestHeaders": {
        "Accept": "application/json",
        "Accept-Encoding": "gzip, deflate",
        "User-Agent": "azsdk-python-keyvault-secrets/4.7.0b1 Python/3.10.0 (Windows-10-10.0.22621-SP0)"
      },
      "RequestBody": null,
      "StatusCode": 404,
      "ResponseHeaders": {
        "Cache-Control": "no-cache",
        "Content-Length": "99",
        "Content-Type": "application/json; charset=utf-8",
        "Date": "Tue, 01 Nov 2022 19:45:34 GMT",
        "Expires": "-1",
        "Pragma": "no-cache",
        "Strict-Transport-Security": "max-age=31536000;includeSubDomains",
        "X-Content-Type-Options": "nosniff",
        "x-ms-keyvault-network-info": "conn_type=Ipv4;addr=172.92.159.124;act_addr_fam=InterNetwork;",
        "x-ms-keyvault-rbac-assignment-id": "5405cebb-0832-59fd-b49d-3c34f062a3f5",
        "x-ms-keyvault-rbac-cache": "ra_age=267;da_age=5664;rd_age=5664;brd_age=3205;ra_notif_age=650;dec_lev=1;",
        "x-ms-keyvault-region": "canadacentral",
        "x-ms-keyvault-service-version": "1.9.576.1"
      },
      "ResponseBody": {
        "error": {
          "code": "SecretNotFound",
          "message": "Deleted Secret not found: livekvtestsecret440bf29d7"
        }
      }
    },
    {
      "RequestUri": "https://vaultname.vault.azure.net/deletedsecrets/livekvtestsecret440bf29d7?api-version=7.3",
      "RequestMethod": "GET",
      "RequestHeaders": {
        "Accept": "application/json",
        "Accept-Encoding": "gzip, deflate",
        "User-Agent": "azsdk-python-keyvault-secrets/4.7.0b1 Python/3.10.0 (Windows-10-10.0.22621-SP0)"
      },
      "RequestBody": null,
      "StatusCode": 404,
      "ResponseHeaders": {
        "Cache-Control": "no-cache",
        "Content-Length": "99",
        "Content-Type": "application/json; charset=utf-8",
        "Date": "Tue, 01 Nov 2022 19:45:36 GMT",
        "Expires": "-1",
        "Pragma": "no-cache",
        "Strict-Transport-Security": "max-age=31536000;includeSubDomains",
        "X-Content-Type-Options": "nosniff",
        "x-ms-keyvault-network-info": "conn_type=Ipv4;addr=172.92.159.124;act_addr_fam=InterNetwork;",
        "x-ms-keyvault-rbac-assignment-id": "5405cebb-0832-59fd-b49d-3c34f062a3f5",
        "x-ms-keyvault-rbac-cache": "ra_age=269;da_age=5666;rd_age=5666;brd_age=3207;ra_notif_age=652;dec_lev=0;",
        "x-ms-keyvault-region": "canadacentral",
        "x-ms-keyvault-service-version": "1.9.576.1"
      },
      "ResponseBody": {
        "error": {
          "code": "SecretNotFound",
          "message": "Deleted Secret not found: livekvtestsecret440bf29d7"
        }
      }
    },
    {
      "RequestUri": "https://vaultname.vault.azure.net/deletedsecrets/livekvtestsecret440bf29d7?api-version=7.3",
      "RequestMethod": "GET",
      "RequestHeaders": {
        "Accept": "application/json",
        "Accept-Encoding": "gzip, deflate",
        "User-Agent": "azsdk-python-keyvault-secrets/4.7.0b1 Python/3.10.0 (Windows-10-10.0.22621-SP0)"
      },
      "RequestBody": null,
      "StatusCode": 404,
      "ResponseHeaders": {
        "Cache-Control": "no-cache",
        "Content-Length": "99",
        "Content-Type": "application/json; charset=utf-8",
        "Date": "Tue, 01 Nov 2022 19:45:39 GMT",
        "Expires": "-1",
        "Pragma": "no-cache",
        "Strict-Transport-Security": "max-age=31536000;includeSubDomains",
        "X-Content-Type-Options": "nosniff",
        "x-ms-keyvault-network-info": "conn_type=Ipv4;addr=172.92.159.124;act_addr_fam=InterNetwork;",
        "x-ms-keyvault-rbac-assignment-id": "5405cebb-0832-59fd-b49d-3c34f062a3f5",
        "x-ms-keyvault-rbac-cache": "ra_age=271;da_age=5668;rd_age=5668;brd_age=3210;ra_notif_age=655;dec_lev=0;",
        "x-ms-keyvault-region": "canadacentral",
        "x-ms-keyvault-service-version": "1.9.576.1"
      },
      "ResponseBody": {
        "error": {
          "code": "SecretNotFound",
          "message": "Deleted Secret not found: livekvtestsecret440bf29d7"
        }
      }
    },
    {
      "RequestUri": "https://vaultname.vault.azure.net/deletedsecrets/livekvtestsecret440bf29d7?api-version=7.3",
      "RequestMethod": "GET",
      "RequestHeaders": {
        "Accept": "application/json",
        "Accept-Encoding": "gzip, deflate",
        "User-Agent": "azsdk-python-keyvault-secrets/4.7.0b1 Python/3.10.0 (Windows-10-10.0.22621-SP0)"
      },
      "RequestBody": null,
      "StatusCode": 404,
      "ResponseHeaders": {
        "Cache-Control": "no-cache",
        "Content-Length": "99",
        "Content-Type": "application/json; charset=utf-8",
        "Date": "Tue, 01 Nov 2022 19:45:41 GMT",
        "Expires": "-1",
        "Pragma": "no-cache",
        "Strict-Transport-Security": "max-age=31536000;includeSubDomains",
        "X-Content-Type-Options": "nosniff",
        "x-ms-keyvault-network-info": "conn_type=Ipv4;addr=172.92.159.124;act_addr_fam=InterNetwork;",
        "x-ms-keyvault-rbac-assignment-id": "5405cebb-0832-59fd-b49d-3c34f062a3f5",
        "x-ms-keyvault-rbac-cache": "ra_age=273;da_age=5670;rd_age=5670;brd_age=3212;ra_notif_age=657;dec_lev=0;",
        "x-ms-keyvault-region": "canadacentral",
        "x-ms-keyvault-service-version": "1.9.576.1"
      },
      "ResponseBody": {
        "error": {
          "code": "SecretNotFound",
          "message": "Deleted Secret not found: livekvtestsecret440bf29d7"
        }
      }
    },
    {
      "RequestUri": "https://vaultname.vault.azure.net/deletedsecrets/livekvtestsecret440bf29d7?api-version=7.3",
      "RequestMethod": "GET",
      "RequestHeaders": {
        "Accept": "application/json",
        "Accept-Encoding": "gzip, deflate",
        "User-Agent": "azsdk-python-keyvault-secrets/4.7.0b1 Python/3.10.0 (Windows-10-10.0.22621-SP0)"
      },
      "RequestBody": null,
      "StatusCode": 200,
      "ResponseHeaders": {
        "Cache-Control": "no-cache",
        "Content-Length": "398",
        "Content-Type": "application/json; charset=utf-8",
        "Date": "Tue, 01 Nov 2022 19:45:43 GMT",
        "Expires": "-1",
        "Pragma": "no-cache",
        "Strict-Transport-Security": "max-age=31536000;includeSubDomains",
        "X-Content-Type-Options": "nosniff",
        "x-ms-keyvault-network-info": "conn_type=Ipv4;addr=172.92.159.124;act_addr_fam=InterNetwork;",
        "x-ms-keyvault-rbac-assignment-id": "5405cebb-0832-59fd-b49d-3c34f062a3f5",
        "x-ms-keyvault-rbac-cache": "ra_age=275;da_age=5673;rd_age=5673;brd_age=3214;ra_notif_age=659;dec_lev=0;",
        "x-ms-keyvault-region": "canadacentral",
        "x-ms-keyvault-service-version": "1.9.576.1"
      },
      "ResponseBody": {
        "recoveryId": "https://vaultname.vault.azure.net/deletedsecrets/livekvtestsecret440bf29d7",
        "deletedDate": 1667331935,
        "scheduledPurgeDate": 1667936735,
        "id": "https://vaultname.vault.azure.net/secrets/livekvtestsecret440bf29d7/3780d9f2908643f199825422afb91e43",
        "attributes": {
          "enabled": true,
          "created": 1667331917,
          "updated": 1667331917,
          "recoveryLevel": "CustomizedRecoverable\u002BPurgeable",
          "recoverableDays": 7
        }
      }
    },
    {
      "RequestUri": "https://vaultname.vault.azure.net/secrets/livekvtestsecret540bf29d7?api-version=7.3",
      "RequestMethod": "DELETE",
      "RequestHeaders": {
        "Accept": "application/json",
        "Accept-Encoding": "gzip, deflate",
        "Content-Length": "0",
        "User-Agent": "azsdk-python-keyvault-secrets/4.7.0b1 Python/3.10.0 (Windows-10-10.0.22621-SP0)"
      },
      "RequestBody": null,
      "StatusCode": 200,
      "ResponseHeaders": {
        "Cache-Control": "no-cache",
        "Content-Length": "398",
        "Content-Type": "application/json; charset=utf-8",
        "Date": "Tue, 01 Nov 2022 19:45:44 GMT",
        "Expires": "-1",
        "Pragma": "no-cache",
        "Strict-Transport-Security": "max-age=31536000;includeSubDomains",
        "X-Content-Type-Options": "nosniff",
        "x-ms-keyvault-network-info": "conn_type=Ipv4;addr=172.92.159.124;act_addr_fam=InterNetwork;",
        "x-ms-keyvault-rbac-assignment-id": "5405cebb-0832-59fd-b49d-3c34f062a3f5",
        "x-ms-keyvault-rbac-cache": "ra_age=275;da_age=5673;rd_age=5673;brd_age=3214;ra_notif_age=659;dec_lev=1;",
        "x-ms-keyvault-region": "canadacentral",
        "x-ms-keyvault-service-version": "1.9.576.1"
      },
      "ResponseBody": {
        "recoveryId": "https://vaultname.vault.azure.net/deletedsecrets/livekvtestsecret540bf29d7",
        "deletedDate": 1667331944,
        "scheduledPurgeDate": 1667936744,
        "id": "https://vaultname.vault.azure.net/secrets/livekvtestsecret540bf29d7/e18ba184f4de40168f41c3a82db17e58",
        "attributes": {
          "enabled": true,
          "created": 1667331917,
          "updated": 1667331917,
          "recoveryLevel": "CustomizedRecoverable\u002BPurgeable",
          "recoverableDays": 7
        }
      }
    },
    {
      "RequestUri": "https://vaultname.vault.azure.net/deletedsecrets/livekvtestsecret540bf29d7?api-version=7.3",
      "RequestMethod": "GET",
      "RequestHeaders": {
        "Accept": "application/json",
        "Accept-Encoding": "gzip, deflate",
        "User-Agent": "azsdk-python-keyvault-secrets/4.7.0b1 Python/3.10.0 (Windows-10-10.0.22621-SP0)"
      },
      "RequestBody": null,
      "StatusCode": 404,
      "ResponseHeaders": {
        "Cache-Control": "no-cache",
        "Content-Length": "99",
        "Content-Type": "application/json; charset=utf-8",
        "Date": "Tue, 01 Nov 2022 19:45:44 GMT",
        "Expires": "-1",
        "Pragma": "no-cache",
        "Strict-Transport-Security": "max-age=31536000;includeSubDomains",
        "X-Content-Type-Options": "nosniff",
        "x-ms-keyvault-network-info": "conn_type=Ipv4;addr=172.92.159.124;act_addr_fam=InterNetwork;",
        "x-ms-keyvault-rbac-assignment-id": "5405cebb-0832-59fd-b49d-3c34f062a3f5",
        "x-ms-keyvault-rbac-cache": "ra_age=276;da_age=5673;rd_age=5673;brd_age=3214;ra_notif_age=659;dec_lev=1;",
        "x-ms-keyvault-region": "canadacentral",
        "x-ms-keyvault-service-version": "1.9.576.1"
      },
      "ResponseBody": {
        "error": {
          "code": "SecretNotFound",
          "message": "Deleted Secret not found: livekvtestsecret540bf29d7"
        }
      }
    },
    {
      "RequestUri": "https://vaultname.vault.azure.net/deletedsecrets/livekvtestsecret540bf29d7?api-version=7.3",
      "RequestMethod": "GET",
      "RequestHeaders": {
        "Accept": "application/json",
        "Accept-Encoding": "gzip, deflate",
        "User-Agent": "azsdk-python-keyvault-secrets/4.7.0b1 Python/3.10.0 (Windows-10-10.0.22621-SP0)"
      },
      "RequestBody": null,
      "StatusCode": 200,
      "ResponseHeaders": {
        "Cache-Control": "no-cache",
        "Content-Length": "398",
        "Content-Type": "application/json; charset=utf-8",
        "Date": "Tue, 01 Nov 2022 19:45:46 GMT",
        "Expires": "-1",
        "Pragma": "no-cache",
        "Strict-Transport-Security": "max-age=31536000;includeSubDomains",
        "X-Content-Type-Options": "nosniff",
        "x-ms-keyvault-network-info": "conn_type=Ipv4;addr=172.92.159.124;act_addr_fam=InterNetwork;",
        "x-ms-keyvault-rbac-assignment-id": "5405cebb-0832-59fd-b49d-3c34f062a3f5",
        "x-ms-keyvault-rbac-cache": "ra_age=278;da_age=5675;rd_age=5675;brd_age=3216;ra_notif_age=661;dec_lev=0;",
        "x-ms-keyvault-region": "canadacentral",
        "x-ms-keyvault-service-version": "1.9.576.1"
      },
      "ResponseBody": {
        "recoveryId": "https://vaultname.vault.azure.net/deletedsecrets/livekvtestsecret540bf29d7",
        "deletedDate": 1667331944,
        "scheduledPurgeDate": 1667936744,
        "id": "https://vaultname.vault.azure.net/secrets/livekvtestsecret540bf29d7/e18ba184f4de40168f41c3a82db17e58",
        "attributes": {
          "enabled": true,
          "created": 1667331917,
          "updated": 1667331917,
          "recoveryLevel": "CustomizedRecoverable\u002BPurgeable",
          "recoverableDays": 7
        }
      }
    },
    {
      "RequestUri": "https://vaultname.vault.azure.net/secrets/livekvtestsecret640bf29d7?api-version=7.3",
      "RequestMethod": "DELETE",
      "RequestHeaders": {
        "Accept": "application/json",
        "Accept-Encoding": "gzip, deflate",
        "Content-Length": "0",
        "User-Agent": "azsdk-python-keyvault-secrets/4.7.0b1 Python/3.10.0 (Windows-10-10.0.22621-SP0)"
      },
      "RequestBody": null,
      "StatusCode": 200,
      "ResponseHeaders": {
        "Cache-Control": "no-cache",
        "Content-Length": "398",
        "Content-Type": "application/json; charset=utf-8",
        "Date": "Tue, 01 Nov 2022 19:45:46 GMT",
        "Expires": "-1",
        "Pragma": "no-cache",
        "Strict-Transport-Security": "max-age=31536000;includeSubDomains",
        "X-Content-Type-Options": "nosniff",
        "x-ms-keyvault-network-info": "conn_type=Ipv4;addr=172.92.159.124;act_addr_fam=InterNetwork;",
        "x-ms-keyvault-rbac-assignment-id": "5405cebb-0832-59fd-b49d-3c34f062a3f5",
        "x-ms-keyvault-rbac-cache": "ra_age=278;da_age=5675;rd_age=5675;brd_age=3217;ra_notif_age=661;dec_lev=1;",
        "x-ms-keyvault-region": "canadacentral",
        "x-ms-keyvault-service-version": "1.9.576.1"
      },
      "ResponseBody": {
        "recoveryId": "https://vaultname.vault.azure.net/deletedsecrets/livekvtestsecret640bf29d7",
        "deletedDate": 1667331946,
        "scheduledPurgeDate": 1667936746,
        "id": "https://vaultname.vault.azure.net/secrets/livekvtestsecret640bf29d7/65a290fb814748ce939f65162436586b",
        "attributes": {
          "enabled": true,
          "created": 1667331917,
          "updated": 1667331917,
          "recoveryLevel": "CustomizedRecoverable\u002BPurgeable",
          "recoverableDays": 7
        }
      }
    },
    {
      "RequestUri": "https://vaultname.vault.azure.net/deletedsecrets/livekvtestsecret640bf29d7?api-version=7.3",
      "RequestMethod": "GET",
      "RequestHeaders": {
        "Accept": "application/json",
        "Accept-Encoding": "gzip, deflate",
        "User-Agent": "azsdk-python-keyvault-secrets/4.7.0b1 Python/3.10.0 (Windows-10-10.0.22621-SP0)"
      },
      "RequestBody": null,
      "StatusCode": 404,
      "ResponseHeaders": {
        "Cache-Control": "no-cache",
        "Content-Length": "99",
        "Content-Type": "application/json; charset=utf-8",
        "Date": "Tue, 01 Nov 2022 19:45:46 GMT",
        "Expires": "-1",
        "Pragma": "no-cache",
        "Strict-Transport-Security": "max-age=31536000;includeSubDomains",
        "X-Content-Type-Options": "nosniff",
        "x-ms-keyvault-network-info": "conn_type=Ipv4;addr=172.92.159.124;act_addr_fam=InterNetwork;",
        "x-ms-keyvault-rbac-assignment-id": "5405cebb-0832-59fd-b49d-3c34f062a3f5",
        "x-ms-keyvault-rbac-cache": "ra_age=278;da_age=5676;rd_age=5676;brd_age=3217;ra_notif_age=662;dec_lev=1;",
        "x-ms-keyvault-region": "canadacentral",
        "x-ms-keyvault-service-version": "1.9.576.1"
      },
      "ResponseBody": {
        "error": {
          "code": "SecretNotFound",
          "message": "Deleted Secret not found: livekvtestsecret640bf29d7"
        }
      }
    },
    {
      "RequestUri": "https://vaultname.vault.azure.net/deletedsecrets/livekvtestsecret640bf29d7?api-version=7.3",
      "RequestMethod": "GET",
      "RequestHeaders": {
        "Accept": "application/json",
        "Accept-Encoding": "gzip, deflate",
        "User-Agent": "azsdk-python-keyvault-secrets/4.7.0b1 Python/3.10.0 (Windows-10-10.0.22621-SP0)"
      },
      "RequestBody": null,
      "StatusCode": 404,
      "ResponseHeaders": {
        "Cache-Control": "no-cache",
        "Content-Length": "99",
        "Content-Type": "application/json; charset=utf-8",
        "Date": "Tue, 01 Nov 2022 19:45:48 GMT",
        "Expires": "-1",
        "Pragma": "no-cache",
        "Strict-Transport-Security": "max-age=31536000;includeSubDomains",
        "X-Content-Type-Options": "nosniff",
        "x-ms-keyvault-network-info": "conn_type=Ipv4;addr=172.92.159.124;act_addr_fam=InterNetwork;",
        "x-ms-keyvault-rbac-assignment-id": "5405cebb-0832-59fd-b49d-3c34f062a3f5",
        "x-ms-keyvault-rbac-cache": "ra_age=280;da_age=5678;rd_age=5678;brd_age=3219;ra_notif_age=664;dec_lev=0;",
        "x-ms-keyvault-region": "canadacentral",
        "x-ms-keyvault-service-version": "1.9.576.1"
      },
      "ResponseBody": {
        "error": {
          "code": "SecretNotFound",
          "message": "Deleted Secret not found: livekvtestsecret640bf29d7"
        }
      }
    },
    {
      "RequestUri": "https://vaultname.vault.azure.net/deletedsecrets/livekvtestsecret640bf29d7?api-version=7.3",
      "RequestMethod": "GET",
      "RequestHeaders": {
        "Accept": "application/json",
        "Accept-Encoding": "gzip, deflate",
        "User-Agent": "azsdk-python-keyvault-secrets/4.7.0b1 Python/3.10.0 (Windows-10-10.0.22621-SP0)"
      },
      "RequestBody": null,
      "StatusCode": 200,
      "ResponseHeaders": {
        "Cache-Control": "no-cache",
        "Content-Length": "398",
        "Content-Type": "application/json; charset=utf-8",
        "Date": "Tue, 01 Nov 2022 19:45:50 GMT",
        "Expires": "-1",
        "Pragma": "no-cache",
        "Strict-Transport-Security": "max-age=31536000;includeSubDomains",
        "X-Content-Type-Options": "nosniff",
        "x-ms-keyvault-network-info": "conn_type=Ipv4;addr=172.92.159.124;act_addr_fam=InterNetwork;",
        "x-ms-keyvault-rbac-assignment-id": "5405cebb-0832-59fd-b49d-3c34f062a3f5",
        "x-ms-keyvault-rbac-cache": "ra_age=282;da_age=5680;rd_age=5680;brd_age=3221;ra_notif_age=666;dec_lev=0;",
        "x-ms-keyvault-region": "canadacentral",
        "x-ms-keyvault-service-version": "1.9.576.1"
      },
      "ResponseBody": {
        "recoveryId": "https://vaultname.vault.azure.net/deletedsecrets/livekvtestsecret640bf29d7",
        "deletedDate": 1667331946,
        "scheduledPurgeDate": 1667936746,
        "id": "https://vaultname.vault.azure.net/secrets/livekvtestsecret640bf29d7/65a290fb814748ce939f65162436586b",
        "attributes": {
          "enabled": true,
          "created": 1667331917,
          "updated": 1667331917,
          "recoveryLevel": "CustomizedRecoverable\u002BPurgeable",
          "recoverableDays": 7
        }
      }
    },
    {
      "RequestUri": "https://vaultname.vault.azure.net/deletedsecrets?api-version=7.3",
      "RequestMethod": "GET",
      "RequestHeaders": {
        "Accept": "application/json",
        "Accept-Encoding": "gzip, deflate",
        "User-Agent": "azsdk-python-keyvault-secrets/4.7.0b1 Python/3.10.0 (Windows-10-10.0.22621-SP0)"
      },
      "RequestBody": null,
      "StatusCode": 200,
      "ResponseHeaders": {
        "Cache-Control": "no-cache",
        "Content-Length": "354",
        "Content-Type": "application/json; charset=utf-8",
        "Date": "Tue, 01 Nov 2022 19:45:51 GMT",
        "Expires": "-1",
        "Pragma": "no-cache",
        "Strict-Transport-Security": "max-age=31536000;includeSubDomains",
        "X-Content-Type-Options": "nosniff",
        "x-ms-keyvault-network-info": "conn_type=Ipv4;addr=172.92.159.124;act_addr_fam=InterNetwork;",
        "x-ms-keyvault-rbac-assignment-id": "5405cebb-0832-59fd-b49d-3c34f062a3f5",
        "x-ms-keyvault-rbac-cache": "ra_age=282;da_age=5680;rd_age=5680;brd_age=3221;ra_notif_age=666;dec_lev=0;",
        "x-ms-keyvault-region": "canadacentral",
        "x-ms-keyvault-service-version": "1.9.576.1"
      },
      "ResponseBody": {
        "value": [],
        "nextLink": "https://vaultname.vault.azure.net:443/deletedsecrets?api-version=7.3\u0026$skiptoken=Sanitized"
      }
    },
    {
      "RequestUri": "https://vaultname.vault.azure.net/deletedsecrets?api-version=7.3\u0026$skiptoken=Sanitized",
      "RequestMethod": "GET",
      "RequestHeaders": {
        "Accept": "*/*",
        "Accept-Encoding": "gzip, deflate",
        "User-Agent": "azsdk-python-keyvault-secrets/4.7.0b1 Python/3.10.0 (Windows-10-10.0.22621-SP0)"
      },
      "RequestBody": null,
      "StatusCode": 200,
      "ResponseHeaders": {
        "Cache-Control": "no-cache",
        "Content-Length": "289",
        "Content-Type": "application/json; charset=utf-8",
        "Date": "Tue, 01 Nov 2022 19:45:51 GMT",
        "Expires": "-1",
        "Pragma": "no-cache",
        "Strict-Transport-Security": "max-age=31536000;includeSubDomains",
        "X-Content-Type-Options": "nosniff",
        "x-ms-keyvault-network-info": "conn_type=Ipv4;addr=172.92.159.124;act_addr_fam=InterNetwork;",
        "x-ms-keyvault-rbac-assignment-id": "5405cebb-0832-59fd-b49d-3c34f062a3f5",
        "x-ms-keyvault-rbac-cache": "ra_age=282;da_age=5680;rd_age=5680;brd_age=3221;ra_notif_age=666;dec_lev=0;",
        "x-ms-keyvault-region": "canadacentral",
        "x-ms-keyvault-service-version": "1.9.576.1"
      },
      "ResponseBody": {
        "value": [],
        "nextLink": "https://vaultname.vault.azure.net:443/deletedsecrets?api-version=7.3\u0026$skiptoken=Sanitized"
      }
    },
    {
      "RequestUri": "https://vaultname.vault.azure.net/deletedsecrets?api-version=7.3\u0026$skiptoken=Sanitized",
      "RequestMethod": "GET",
      "RequestHeaders": {
        "Accept": "*/*",
        "Accept-Encoding": "gzip, deflate",
        "User-Agent": "azsdk-python-keyvault-secrets/4.7.0b1 Python/3.10.0 (Windows-10-10.0.22621-SP0)"
      },
      "RequestBody": null,
      "StatusCode": 200,
      "ResponseHeaders": {
        "Cache-Control": "no-cache",
        "Content-Length": "354",
        "Content-Type": "application/json; charset=utf-8",
        "Date": "Tue, 01 Nov 2022 19:45:51 GMT",
        "Expires": "-1",
        "Pragma": "no-cache",
        "Strict-Transport-Security": "max-age=31536000;includeSubDomains",
        "X-Content-Type-Options": "nosniff",
        "x-ms-keyvault-network-info": "conn_type=Ipv4;addr=172.92.159.124;act_addr_fam=InterNetwork;",
        "x-ms-keyvault-rbac-assignment-id": "5405cebb-0832-59fd-b49d-3c34f062a3f5",
        "x-ms-keyvault-rbac-cache": "ra_age=283;da_age=5680;rd_age=5680;brd_age=3221;ra_notif_age=666;dec_lev=0;",
        "x-ms-keyvault-region": "canadacentral",
        "x-ms-keyvault-service-version": "1.9.576.1"
      },
      "ResponseBody": {
        "value": [],
        "nextLink": "https://vaultname.vault.azure.net:443/deletedsecrets?api-version=7.3\u0026$skiptoken=Sanitized"
      }
    },
    {
      "RequestUri": "https://vaultname.vault.azure.net/deletedsecrets?api-version=7.3\u0026$skiptoken=Sanitized",
      "RequestMethod": "GET",
      "RequestHeaders": {
        "Accept": "*/*",
        "Accept-Encoding": "gzip, deflate",
        "User-Agent": "azsdk-python-keyvault-secrets/4.7.0b1 Python/3.10.0 (Windows-10-10.0.22621-SP0)"
      },
      "RequestBody": null,
      "StatusCode": 200,
      "ResponseHeaders": {
        "Cache-Control": "no-cache",
        "Content-Length": "301",
        "Content-Type": "application/json; charset=utf-8",
        "Date": "Tue, 01 Nov 2022 19:45:51 GMT",
        "Expires": "-1",
        "Pragma": "no-cache",
        "Strict-Transport-Security": "max-age=31536000;includeSubDomains",
        "X-Content-Type-Options": "nosniff",
        "x-ms-keyvault-network-info": "conn_type=Ipv4;addr=172.92.159.124;act_addr_fam=InterNetwork;",
        "x-ms-keyvault-rbac-assignment-id": "5405cebb-0832-59fd-b49d-3c34f062a3f5",
        "x-ms-keyvault-rbac-cache": "ra_age=283;da_age=5680;rd_age=5680;brd_age=3222;ra_notif_age=667;dec_lev=0;",
        "x-ms-keyvault-region": "canadacentral",
        "x-ms-keyvault-service-version": "1.9.576.1"
      },
      "ResponseBody": {
        "value": [],
        "nextLink": "https://vaultname.vault.azure.net:443/deletedsecrets?api-version=7.3\u0026$skiptoken=Sanitized"
      }
    },
    {
      "RequestUri": "https://vaultname.vault.azure.net/deletedsecrets?api-version=7.3\u0026$skiptoken=Sanitized",
      "RequestMethod": "GET",
      "RequestHeaders": {
        "Accept": "*/*",
        "Accept-Encoding": "gzip, deflate",
        "User-Agent": "azsdk-python-keyvault-secrets/4.7.0b1 Python/3.10.0 (Windows-10-10.0.22621-SP0)"
      },
      "RequestBody": null,
      "StatusCode": 200,
      "ResponseHeaders": {
        "Cache-Control": "no-cache",
        "Content-Length": "2189",
        "Content-Type": "application/json; charset=utf-8",
        "Date": "Tue, 01 Nov 2022 19:45:51 GMT",
        "Expires": "-1",
        "Pragma": "no-cache",
        "Strict-Transport-Security": "max-age=31536000;includeSubDomains",
        "X-Content-Type-Options": "nosniff",
        "x-ms-keyvault-network-info": "conn_type=Ipv4;addr=172.92.159.124;act_addr_fam=InterNetwork;",
        "x-ms-keyvault-rbac-assignment-id": "5405cebb-0832-59fd-b49d-3c34f062a3f5",
        "x-ms-keyvault-rbac-cache": "ra_age=283;da_age=5681;rd_age=5681;brd_age=3222;ra_notif_age=667;dec_lev=0;",
        "x-ms-keyvault-region": "canadacentral",
        "x-ms-keyvault-service-version": "1.9.576.1"
      },
      "ResponseBody": {
        "value": [
          {
            "recoveryId": "https://vaultname.vault.azure.net/deletedsecrets/livekvtestsecret040bf29d7",
            "deletedDate": 1667331917,
            "scheduledPurgeDate": 1667936717,
            "id": "https://vaultname.vault.azure.net/secrets/livekvtestsecret040bf29d7",
            "attributes": {
              "enabled": true,
              "created": 1667331916,
              "updated": 1667331916,
              "recoveryLevel": "CustomizedRecoverable\u002BPurgeable",
              "recoverableDays": 7
            }
          },
          {
            "recoveryId": "https://vaultname.vault.azure.net/deletedsecrets/livekvtestsecret0995e2f28",
            "deletedDate": 1667331859,
            "scheduledPurgeDate": 1667936659,
            "id": "https://vaultname.vault.azure.net/secrets/livekvtestsecret0995e2f28",
            "attributes": {
              "enabled": true,
              "created": 1667331858,
              "updated": 1667331858,
              "recoveryLevel": "CustomizedRecoverable\u002BPurgeable",
              "recoverableDays": 7
            }
          },
          {
            "recoveryId": "https://vaultname.vault.azure.net/deletedsecrets/livekvtestsecret099672f29",
            "deletedDate": 1667331836,
            "scheduledPurgeDate": 1667936636,
            "id": "https://vaultname.vault.azure.net/secrets/livekvtestsecret099672f29",
            "attributes": {
              "enabled": true,
              "created": 1667331835,
              "updated": 1667331835,
              "recoveryLevel": "CustomizedRecoverable\u002BPurgeable",
              "recoverableDays": 7
            }
          },
          {
            "recoveryId": "https://vaultname.vault.azure.net/deletedsecrets/livekvtestsecret099702f2a",
            "deletedDate": 1667331813,
            "scheduledPurgeDate": 1667936613,
            "id": "https://vaultname.vault.azure.net/secrets/livekvtestsecret099702f2a",
            "attributes": {
              "enabled": true,
              "created": 1667331812,
              "updated": 1667331812,
              "recoveryLevel": "CustomizedRecoverable\u002BPurgeable",
              "recoverableDays": 7
            }
          },
          {
            "recoveryId": "https://vaultname.vault.azure.net/deletedsecrets/livekvtestsecret099792f2b",
            "deletedDate": 1667331788,
            "scheduledPurgeDate": 1667936588,
            "id": "https://vaultname.vault.azure.net/secrets/livekvtestsecret099792f2b",
            "attributes": {
              "enabled": true,
              "created": 1667331787,
              "updated": 1667331787,
              "recoveryLevel": "CustomizedRecoverable\u002BPurgeable",
              "recoverableDays": 7
            }
          }
        ],
        "nextLink": "https://vaultname.vault.azure.net:443/deletedsecrets?api-version=7.3\u0026$skiptoken=Sanitized"
      }
    },
    {
      "RequestUri": "https://vaultname.vault.azure.net/deletedsecrets?api-version=7.3\u0026$skiptoken=Sanitized",
      "RequestMethod": "GET",
      "RequestHeaders": {
        "Accept": "*/*",
        "Accept-Encoding": "gzip, deflate",
        "User-Agent": "azsdk-python-keyvault-secrets/4.7.0b1 Python/3.10.0 (Windows-10-10.0.22621-SP0)"
      },
      "RequestBody": null,
      "StatusCode": 200,
      "ResponseHeaders": {
        "Cache-Control": "no-cache",
        "Content-Length": "2130",
        "Content-Type": "application/json; charset=utf-8",
        "Date": "Tue, 01 Nov 2022 19:45:52 GMT",
        "Expires": "-1",
        "Pragma": "no-cache",
        "Strict-Transport-Security": "max-age=31536000;includeSubDomains",
        "X-Content-Type-Options": "nosniff",
        "x-ms-keyvault-network-info": "conn_type=Ipv4;addr=172.92.159.124;act_addr_fam=InterNetwork;",
        "x-ms-keyvault-rbac-assignment-id": "5405cebb-0832-59fd-b49d-3c34f062a3f5",
        "x-ms-keyvault-rbac-cache": "ra_age=283;da_age=5681;rd_age=5681;brd_age=3222;ra_notif_age=667;dec_lev=0;",
        "x-ms-keyvault-region": "canadacentral",
        "x-ms-keyvault-service-version": "1.9.576.1"
      },
      "ResponseBody": {
        "value": [
          {
            "recoveryId": "https://vaultname.vault.azure.net/deletedsecrets/livekvtestsecret0e25c3078",
            "deletedDate": 1667331881,
            "scheduledPurgeDate": 1667936681,
            "id": "https://vaultname.vault.azure.net/secrets/livekvtestsecret0e25c3078",
            "attributes": {
              "enabled": true,
              "created": 1667331880,
              "updated": 1667331880,
              "recoveryLevel": "CustomizedRecoverable\u002BPurgeable",
              "recoverableDays": 7
            }
          },
          {
            "recoveryId": "https://vaultname.vault.azure.net/deletedsecrets/livekvtestsecret140bf29d7",
            "deletedDate": 1667331919,
            "scheduledPurgeDate": 1667936719,
            "id": "https://vaultname.vault.azure.net/secrets/livekvtestsecret140bf29d7",
            "attributes": {
              "enabled": true,
              "created": 1667331916,
              "updated": 1667331916,
              "recoveryLevel": "CustomizedRecoverable\u002BPurgeable",
              "recoverableDays": 7
            }
          },
          {
            "recoveryId": "https://vaultname.vault.azure.net/deletedsecrets/livekvtestsecret1995e2f28",
            "deletedDate": 1667331861,
            "scheduledPurgeDate": 1667936661,
            "id": "https://vaultname.vault.azure.net/secrets/livekvtestsecret1995e2f28",
            "attributes": {
              "enabled": true,
              "created": 1667331858,
              "updated": 1667331858,
              "recoveryLevel": "CustomizedRecoverable\u002BPurgeable",
              "recoverableDays": 7
            }
          },
          {
            "recoveryId": "https://vaultname.vault.azure.net/deletedsecrets/livekvtestsecret199672f29",
            "deletedDate": 1667331838,
            "scheduledPurgeDate": 1667936638,
            "id": "https://vaultname.vault.azure.net/secrets/livekvtestsecret199672f29",
            "attributes": {
              "enabled": true,
              "created": 1667331835,
              "updated": 1667331835,
              "recoveryLevel": "CustomizedRecoverable\u002BPurgeable",
              "recoverableDays": 7
            }
          },
          {
            "recoveryId": "https://vaultname.vault.azure.net/deletedsecrets/livekvtestsecret199702f2a",
            "deletedDate": 1667331815,
            "scheduledPurgeDate": 1667936615,
            "id": "https://vaultname.vault.azure.net/secrets/livekvtestsecret199702f2a",
            "attributes": {
              "enabled": true,
              "created": 1667331812,
              "updated": 1667331812,
              "recoveryLevel": "CustomizedRecoverable\u002BPurgeable",
              "recoverableDays": 7
            }
          }
        ],
        "nextLink": "https://vaultname.vault.azure.net:443/deletedsecrets?api-version=7.3\u0026$skiptoken=Sanitized"
      }
    },
    {
      "RequestUri": "https://vaultname.vault.azure.net/deletedsecrets?api-version=7.3\u0026$skiptoken=Sanitized",
      "RequestMethod": "GET",
      "RequestHeaders": {
        "Accept": "*/*",
        "Accept-Encoding": "gzip, deflate",
        "User-Agent": "azsdk-python-keyvault-secrets/4.7.0b1 Python/3.10.0 (Windows-10-10.0.22621-SP0)"
      },
      "RequestBody": null,
      "StatusCode": 200,
      "ResponseHeaders": {
        "Cache-Control": "no-cache",
        "Content-Length": "1457",
        "Content-Type": "application/json; charset=utf-8",
        "Date": "Tue, 01 Nov 2022 19:45:52 GMT",
        "Expires": "-1",
        "Pragma": "no-cache",
        "Strict-Transport-Security": "max-age=31536000;includeSubDomains",
        "X-Content-Type-Options": "nosniff",
        "x-ms-keyvault-network-info": "conn_type=Ipv4;addr=172.92.159.124;act_addr_fam=InterNetwork;",
        "x-ms-keyvault-rbac-assignment-id": "5405cebb-0832-59fd-b49d-3c34f062a3f5",
        "x-ms-keyvault-rbac-cache": "ra_age=283;da_age=5681;rd_age=5681;brd_age=3222;ra_notif_age=667;dec_lev=0;",
        "x-ms-keyvault-region": "canadacentral",
        "x-ms-keyvault-service-version": "1.9.576.1"
      },
      "ResponseBody": {
        "value": [
          {
            "recoveryId": "https://vaultname.vault.azure.net/deletedsecrets/livekvtestsecret199792f2b",
            "deletedDate": 1667331792,
            "scheduledPurgeDate": 1667936592,
            "id": "https://vaultname.vault.azure.net/secrets/livekvtestsecret199792f2b",
            "attributes": {
              "enabled": true,
              "created": 1667331787,
              "updated": 1667331787,
              "recoveryLevel": "CustomizedRecoverable\u002BPurgeable",
              "recoverableDays": 7
            }
          },
          {
            "recoveryId": "https://vaultname.vault.azure.net/deletedsecrets/livekvtestsecret1e25c3078",
            "deletedDate": 1667331885,
            "scheduledPurgeDate": 1667936685,
            "id": "https://vaultname.vault.azure.net/secrets/livekvtestsecret1e25c3078",
            "attributes": {
              "enabled": true,
              "created": 1667331881,
              "updated": 1667331881,
              "recoveryLevel": "CustomizedRecoverable\u002BPurgeable",
              "recoverableDays": 7
            }
          },
          {
            "recoveryId": "https://vaultname.vault.azure.net/deletedsecrets/livekvtestsecret240bf29d7",
            "deletedDate": 1667331926,
            "scheduledPurgeDate": 1667936726,
            "id": "https://vaultname.vault.azure.net/secrets/livekvtestsecret240bf29d7",
            "attributes": {
              "enabled": true,
              "created": 1667331916,
              "updated": 1667331916,
              "recoveryLevel": "CustomizedRecoverable\u002BPurgeable",
              "recoverableDays": 7
            }
          }
        ],
        "nextLink": "https://vaultname.vault.azure.net:443/deletedsecrets?api-version=7.3\u0026$skiptoken=Sanitized"
      }
    },
    {
      "RequestUri": "https://vaultname.vault.azure.net/deletedsecrets?api-version=7.3\u0026$skiptoken=Sanitized",
      "RequestMethod": "GET",
      "RequestHeaders": {
        "Accept": "*/*",
        "Accept-Encoding": "gzip, deflate",
        "User-Agent": "azsdk-python-keyvault-secrets/4.7.0b1 Python/3.10.0 (Windows-10-10.0.22621-SP0)"
      },
      "RequestBody": null,
      "StatusCode": 200,
      "ResponseHeaders": {
        "Cache-Control": "no-cache",
        "Content-Length": "2496",
        "Content-Type": "application/json; charset=utf-8",
        "Date": "Tue, 01 Nov 2022 19:45:52 GMT",
        "Expires": "-1",
        "Pragma": "no-cache",
        "Strict-Transport-Security": "max-age=31536000;includeSubDomains",
        "X-Content-Type-Options": "nosniff",
        "x-ms-keyvault-network-info": "conn_type=Ipv4;addr=172.92.159.124;act_addr_fam=InterNetwork;",
        "x-ms-keyvault-rbac-assignment-id": "5405cebb-0832-59fd-b49d-3c34f062a3f5",
        "x-ms-keyvault-rbac-cache": "ra_age=284;da_age=5681;rd_age=5681;brd_age=3223;ra_notif_age=668;dec_lev=0;",
        "x-ms-keyvault-region": "canadacentral",
        "x-ms-keyvault-service-version": "1.9.576.1"
      },
      "ResponseBody": {
        "value": [
          {
            "recoveryId": "https://vaultname.vault.azure.net/deletedsecrets/livekvtestsecret2995e2f28",
            "deletedDate": 1667331866,
            "scheduledPurgeDate": 1667936666,
            "id": "https://vaultname.vault.azure.net/secrets/livekvtestsecret2995e2f28",
            "attributes": {
              "enabled": true,
              "created": 1667331858,
              "updated": 1667331858,
              "recoveryLevel": "CustomizedRecoverable\u002BPurgeable",
              "recoverableDays": 7
            }
          },
          {
            "recoveryId": "https://vaultname.vault.azure.net/deletedsecrets/livekvtestsecret299672f29",
            "deletedDate": 1667331841,
            "scheduledPurgeDate": 1667936641,
            "id": "https://vaultname.vault.azure.net/secrets/livekvtestsecret299672f29",
            "attributes": {
              "enabled": true,
              "created": 1667331835,
              "updated": 1667331835,
              "recoveryLevel": "CustomizedRecoverable\u002BPurgeable",
              "recoverableDays": 7
            }
          },
          {
            "recoveryId": "https://vaultname.vault.azure.net/deletedsecrets/livekvtestsecret299702f2a",
            "deletedDate": 1667331817,
            "scheduledPurgeDate": 1667936617,
            "id": "https://vaultname.vault.azure.net/secrets/livekvtestsecret299702f2a",
            "attributes": {
              "enabled": true,
              "created": 1667331812,
              "updated": 1667331812,
              "recoveryLevel": "CustomizedRecoverable\u002BPurgeable",
              "recoverableDays": 7
            }
          },
          {
            "recoveryId": "https://vaultname.vault.azure.net/deletedsecrets/livekvtestsecret299792f2b",
            "deletedDate": 1667331794,
            "scheduledPurgeDate": 1667936594,
            "id": "https://vaultname.vault.azure.net/secrets/livekvtestsecret299792f2b",
            "attributes": {
              "enabled": true,
              "created": 1667331787,
              "updated": 1667331787,
              "recoveryLevel": "CustomizedRecoverable\u002BPurgeable",
              "recoverableDays": 7
            }
          },
          {
            "recoveryId": "https://vaultname.vault.azure.net/deletedsecrets/livekvtestsecret2e25c3078",
            "deletedDate": 1667331887,
            "scheduledPurgeDate": 1667936687,
            "id": "https://vaultname.vault.azure.net/secrets/livekvtestsecret2e25c3078",
            "attributes": {
              "enabled": true,
              "created": 1667331881,
              "updated": 1667331881,
              "recoveryLevel": "CustomizedRecoverable\u002BPurgeable",
              "recoverableDays": 7
            }
          },
          {
            "recoveryId": "https://vaultname.vault.azure.net/deletedsecrets/livekvtestsecret340bf29d7",
            "deletedDate": 1667331933,
            "scheduledPurgeDate": 1667936733,
            "id": "https://vaultname.vault.azure.net/secrets/livekvtestsecret340bf29d7",
            "attributes": {
              "enabled": true,
              "created": 1667331916,
              "updated": 1667331916,
              "recoveryLevel": "CustomizedRecoverable\u002BPurgeable",
              "recoverableDays": 7
            }
          }
        ],
        "nextLink": "https://vaultname.vault.azure.net:443/deletedsecrets?api-version=7.3\u0026$skiptoken=Sanitized"
      }
    },
    {
      "RequestUri": "https://vaultname.vault.azure.net/deletedsecrets?api-version=7.3\u0026$skiptoken=Sanitized",
      "RequestMethod": "GET",
      "RequestHeaders": {
        "Accept": "*/*",
        "Accept-Encoding": "gzip, deflate",
        "User-Agent": "azsdk-python-keyvault-secrets/4.7.0b1 Python/3.10.0 (Windows-10-10.0.22621-SP0)"
      },
      "RequestBody": null,
      "StatusCode": 200,
      "ResponseHeaders": {
        "Cache-Control": "no-cache",
        "Content-Length": "2189",
        "Content-Type": "application/json; charset=utf-8",
        "Date": "Tue, 01 Nov 2022 19:45:52 GMT",
        "Expires": "-1",
        "Pragma": "no-cache",
        "Strict-Transport-Security": "max-age=31536000;includeSubDomains",
        "X-Content-Type-Options": "nosniff",
        "x-ms-keyvault-network-info": "conn_type=Ipv4;addr=172.92.159.124;act_addr_fam=InterNetwork;",
        "x-ms-keyvault-rbac-assignment-id": "5405cebb-0832-59fd-b49d-3c34f062a3f5",
        "x-ms-keyvault-rbac-cache": "ra_age=284;da_age=5682;rd_age=5682;brd_age=3223;ra_notif_age=668;dec_lev=0;",
        "x-ms-keyvault-region": "canadacentral",
        "x-ms-keyvault-service-version": "1.9.576.1"
      },
      "ResponseBody": {
        "value": [
          {
            "recoveryId": "https://vaultname.vault.azure.net/deletedsecrets/livekvtestsecret3995e2f28",
            "deletedDate": 1667331868,
            "scheduledPurgeDate": 1667936668,
            "id": "https://vaultname.vault.azure.net/secrets/livekvtestsecret3995e2f28",
            "attributes": {
              "enabled": true,
              "created": 1667331858,
              "updated": 1667331858,
              "recoveryLevel": "CustomizedRecoverable\u002BPurgeable",
              "recoverableDays": 7
            }
          },
          {
            "recoveryId": "https://vaultname.vault.azure.net/deletedsecrets/livekvtestsecret399672f29",
            "deletedDate": 1667331844,
            "scheduledPurgeDate": 1667936644,
            "id": "https://vaultname.vault.azure.net/secrets/livekvtestsecret399672f29",
            "attributes": {
              "enabled": true,
              "created": 1667331835,
              "updated": 1667331835,
              "recoveryLevel": "CustomizedRecoverable\u002BPurgeable",
              "recoverableDays": 7
            }
          },
          {
            "recoveryId": "https://vaultname.vault.azure.net/deletedsecrets/livekvtestsecret399702f2a",
            "deletedDate": 1667331820,
            "scheduledPurgeDate": 1667936620,
            "id": "https://vaultname.vault.azure.net/secrets/livekvtestsecret399702f2a",
            "attributes": {
              "enabled": true,
              "created": 1667331812,
              "updated": 1667331812,
              "recoveryLevel": "CustomizedRecoverable\u002BPurgeable",
              "recoverableDays": 7
            }
          },
          {
            "recoveryId": "https://vaultname.vault.azure.net/deletedsecrets/livekvtestsecret399792f2b",
            "deletedDate": 1667331797,
            "scheduledPurgeDate": 1667936597,
            "id": "https://vaultname.vault.azure.net/secrets/livekvtestsecret399792f2b",
            "attributes": {
              "enabled": true,
              "created": 1667331787,
              "updated": 1667331787,
              "recoveryLevel": "CustomizedRecoverable\u002BPurgeable",
              "recoverableDays": 7
            }
          },
          {
            "recoveryId": "https://vaultname.vault.azure.net/deletedsecrets/livekvtestsecret3e25c3078",
            "deletedDate": 1667331892,
            "scheduledPurgeDate": 1667936692,
            "id": "https://vaultname.vault.azure.net/secrets/livekvtestsecret3e25c3078",
            "attributes": {
              "enabled": true,
              "created": 1667331881,
              "updated": 1667331881,
              "recoveryLevel": "CustomizedRecoverable\u002BPurgeable",
              "recoverableDays": 7
            }
          }
        ],
        "nextLink": "https://vaultname.vault.azure.net:443/deletedsecrets?api-version=7.3\u0026$skiptoken=Sanitized"
      }
    },
    {
      "RequestUri": "https://vaultname.vault.azure.net/deletedsecrets?api-version=7.3\u0026$skiptoken=Sanitized",
      "RequestMethod": "GET",
      "RequestHeaders": {
        "Accept": "*/*",
        "Accept-Encoding": "gzip, deflate",
        "User-Agent": "azsdk-python-keyvault-secrets/4.7.0b1 Python/3.10.0 (Windows-10-10.0.22621-SP0)"
      },
      "RequestBody": null,
      "StatusCode": 200,
      "ResponseHeaders": {
        "Cache-Control": "no-cache",
        "Content-Length": "2130",
        "Content-Type": "application/json; charset=utf-8",
        "Date": "Tue, 01 Nov 2022 19:45:53 GMT",
        "Expires": "-1",
        "Pragma": "no-cache",
        "Strict-Transport-Security": "max-age=31536000;includeSubDomains",
        "X-Content-Type-Options": "nosniff",
        "x-ms-keyvault-network-info": "conn_type=Ipv4;addr=172.92.159.124;act_addr_fam=InterNetwork;",
        "x-ms-keyvault-rbac-assignment-id": "5405cebb-0832-59fd-b49d-3c34f062a3f5",
        "x-ms-keyvault-rbac-cache": "ra_age=284;da_age=5682;rd_age=5682;brd_age=3223;ra_notif_age=668;dec_lev=0;",
        "x-ms-keyvault-region": "canadacentral",
        "x-ms-keyvault-service-version": "1.9.576.1"
      },
      "ResponseBody": {
        "value": [
          {
            "recoveryId": "https://vaultname.vault.azure.net/deletedsecrets/livekvtestsecret440bf29d7",
            "deletedDate": 1667331935,
            "scheduledPurgeDate": 1667936735,
            "id": "https://vaultname.vault.azure.net/secrets/livekvtestsecret440bf29d7",
            "attributes": {
              "enabled": true,
              "created": 1667331917,
              "updated": 1667331917,
              "recoveryLevel": "CustomizedRecoverable\u002BPurgeable",
              "recoverableDays": 7
            }
          },
          {
            "recoveryId": "https://vaultname.vault.azure.net/deletedsecrets/livekvtestsecret4995e2f28",
            "deletedDate": 1667331870,
            "scheduledPurgeDate": 1667936670,
            "id": "https://vaultname.vault.azure.net/secrets/livekvtestsecret4995e2f28",
            "attributes": {
              "enabled": true,
              "created": 1667331858,
              "updated": 1667331858,
              "recoveryLevel": "CustomizedRecoverable\u002BPurgeable",
              "recoverableDays": 7
            }
          },
          {
            "recoveryId": "https://vaultname.vault.azure.net/deletedsecrets/livekvtestsecret499672f29",
            "deletedDate": 1667331846,
            "scheduledPurgeDate": 1667936646,
            "id": "https://vaultname.vault.azure.net/secrets/livekvtestsecret499672f29",
            "attributes": {
              "enabled": true,
              "created": 1667331835,
              "updated": 1667331835,
              "recoveryLevel": "CustomizedRecoverable\u002BPurgeable",
              "recoverableDays": 7
            }
          },
          {
            "recoveryId": "https://vaultname.vault.azure.net/deletedsecrets/livekvtestsecret499702f2a",
            "deletedDate": 1667331822,
            "scheduledPurgeDate": 1667936622,
            "id": "https://vaultname.vault.azure.net/secrets/livekvtestsecret499702f2a",
            "attributes": {
              "enabled": true,
              "created": 1667331812,
              "updated": 1667331812,
              "recoveryLevel": "CustomizedRecoverable\u002BPurgeable",
              "recoverableDays": 7
            }
          },
          {
            "recoveryId": "https://vaultname.vault.azure.net/deletedsecrets/livekvtestsecret499792f2b",
            "deletedDate": 1667331799,
            "scheduledPurgeDate": 1667936599,
            "id": "https://vaultname.vault.azure.net/secrets/livekvtestsecret499792f2b",
            "attributes": {
              "enabled": true,
              "created": 1667331787,
              "updated": 1667331787,
              "recoveryLevel": "CustomizedRecoverable\u002BPurgeable",
              "recoverableDays": 7
            }
          }
        ],
        "nextLink": "https://vaultname.vault.azure.net:443/deletedsecrets?api-version=7.3\u0026$skiptoken=Sanitized"
      }
    },
    {
      "RequestUri": "https://vaultname.vault.azure.net/deletedsecrets?api-version=7.3\u0026$skiptoken=Sanitized",
      "RequestMethod": "GET",
      "RequestHeaders": {
        "Accept": "*/*",
        "Accept-Encoding": "gzip, deflate",
        "User-Agent": "azsdk-python-keyvault-secrets/4.7.0b1 Python/3.10.0 (Windows-10-10.0.22621-SP0)"
      },
      "RequestBody": null,
      "StatusCode": 200,
      "ResponseHeaders": {
        "Cache-Control": "no-cache",
        "Content-Length": "1823",
        "Content-Type": "application/json; charset=utf-8",
        "Date": "Tue, 01 Nov 2022 19:45:53 GMT",
        "Expires": "-1",
        "Pragma": "no-cache",
        "Strict-Transport-Security": "max-age=31536000;includeSubDomains",
        "X-Content-Type-Options": "nosniff",
        "x-ms-keyvault-network-info": "conn_type=Ipv4;addr=172.92.159.124;act_addr_fam=InterNetwork;",
        "x-ms-keyvault-rbac-assignment-id": "5405cebb-0832-59fd-b49d-3c34f062a3f5",
        "x-ms-keyvault-rbac-cache": "ra_age=284;da_age=5682;rd_age=5682;brd_age=3223;ra_notif_age=668;dec_lev=0;",
        "x-ms-keyvault-region": "canadacentral",
        "x-ms-keyvault-service-version": "1.9.576.1"
      },
      "ResponseBody": {
        "value": [
          {
            "recoveryId": "https://vaultname.vault.azure.net/deletedsecrets/livekvtestsecret4e25c3078",
            "deletedDate": 1667331897,
            "scheduledPurgeDate": 1667936697,
            "id": "https://vaultname.vault.azure.net/secrets/livekvtestsecret4e25c3078",
            "attributes": {
              "enabled": true,
              "created": 1667331881,
              "updated": 1667331881,
              "recoveryLevel": "CustomizedRecoverable\u002BPurgeable",
              "recoverableDays": 7
            }
          },
          {
            "recoveryId": "https://vaultname.vault.azure.net/deletedsecrets/livekvtestsecret540bf29d7",
            "deletedDate": 1667331944,
            "scheduledPurgeDate": 1667936744,
            "id": "https://vaultname.vault.azure.net/secrets/livekvtestsecret540bf29d7",
            "attributes": {
              "enabled": true,
              "created": 1667331917,
              "updated": 1667331917,
              "recoveryLevel": "CustomizedRecoverable\u002BPurgeable",
              "recoverableDays": 7
            }
          },
          {
            "recoveryId": "https://vaultname.vault.azure.net/deletedsecrets/livekvtestsecret5995e2f28",
            "deletedDate": 1667331873,
            "scheduledPurgeDate": 1667936673,
            "id": "https://vaultname.vault.azure.net/secrets/livekvtestsecret5995e2f28",
            "attributes": {
              "enabled": true,
              "created": 1667331858,
              "updated": 1667331858,
              "recoveryLevel": "CustomizedRecoverable\u002BPurgeable",
              "recoverableDays": 7
            }
          },
          {
            "recoveryId": "https://vaultname.vault.azure.net/deletedsecrets/livekvtestsecret599672f29",
            "deletedDate": 1667331848,
            "scheduledPurgeDate": 1667936648,
            "id": "https://vaultname.vault.azure.net/secrets/livekvtestsecret599672f29",
            "attributes": {
              "enabled": true,
              "created": 1667331836,
              "updated": 1667331836,
              "recoveryLevel": "CustomizedRecoverable\u002BPurgeable",
              "recoverableDays": 7
            }
          }
        ],
        "nextLink": "https://vaultname.vault.azure.net:443/deletedsecrets?api-version=7.3\u0026$skiptoken=Sanitized"
      }
    },
    {
      "RequestUri": "https://vaultname.vault.azure.net/deletedsecrets?api-version=7.3\u0026$skiptoken=Sanitized",
      "RequestMethod": "GET",
      "RequestHeaders": {
        "Accept": "*/*",
        "Accept-Encoding": "gzip, deflate",
        "User-Agent": "azsdk-python-keyvault-secrets/4.7.0b1 Python/3.10.0 (Windows-10-10.0.22621-SP0)"
      },
      "RequestBody": null,
      "StatusCode": 200,
      "ResponseHeaders": {
        "Cache-Control": "no-cache",
        "Content-Length": "1764",
        "Content-Type": "application/json; charset=utf-8",
        "Date": "Tue, 01 Nov 2022 19:45:53 GMT",
        "Expires": "-1",
        "Pragma": "no-cache",
        "Strict-Transport-Security": "max-age=31536000;includeSubDomains",
        "X-Content-Type-Options": "nosniff",
        "x-ms-keyvault-network-info": "conn_type=Ipv4;addr=172.92.159.124;act_addr_fam=InterNetwork;",
        "x-ms-keyvault-rbac-assignment-id": "5405cebb-0832-59fd-b49d-3c34f062a3f5",
        "x-ms-keyvault-rbac-cache": "ra_age=285;da_age=5682;rd_age=5682;brd_age=3223;ra_notif_age=668;dec_lev=0;",
        "x-ms-keyvault-region": "canadacentral",
        "x-ms-keyvault-service-version": "1.9.576.1"
      },
      "ResponseBody": {
        "value": [
          {
            "recoveryId": "https://vaultname.vault.azure.net/deletedsecrets/livekvtestsecret599702f2a",
            "deletedDate": 1667331825,
            "scheduledPurgeDate": 1667936625,
            "id": "https://vaultname.vault.azure.net/secrets/livekvtestsecret599702f2a",
            "attributes": {
              "enabled": true,
              "created": 1667331812,
              "updated": 1667331812,
              "recoveryLevel": "CustomizedRecoverable\u002BPurgeable",
              "recoverableDays": 7
            }
          },
          {
            "recoveryId": "https://vaultname.vault.azure.net/deletedsecrets/livekvtestsecret599792f2b",
            "deletedDate": 1667331802,
            "scheduledPurgeDate": 1667936602,
            "id": "https://vaultname.vault.azure.net/secrets/livekvtestsecret599792f2b",
            "attributes": {
              "enabled": true,
              "created": 1667331787,
              "updated": 1667331787,
              "recoveryLevel": "CustomizedRecoverable\u002BPurgeable",
              "recoverableDays": 7
            }
          },
          {
            "recoveryId": "https://vaultname.vault.azure.net/deletedsecrets/livekvtestsecret5e25c3078",
            "deletedDate": 1667331899,
            "scheduledPurgeDate": 1667936699,
            "id": "https://vaultname.vault.azure.net/secrets/livekvtestsecret5e25c3078",
            "attributes": {
              "enabled": true,
              "created": 1667331881,
              "updated": 1667331881,
              "recoveryLevel": "CustomizedRecoverable\u002BPurgeable",
              "recoverableDays": 7
            }
          },
          {
            "recoveryId": "https://vaultname.vault.azure.net/deletedsecrets/livekvtestsecret640bf29d7",
            "deletedDate": 1667331946,
            "scheduledPurgeDate": 1667936746,
            "id": "https://vaultname.vault.azure.net/secrets/livekvtestsecret640bf29d7",
            "attributes": {
              "enabled": true,
              "created": 1667331917,
              "updated": 1667331917,
              "recoveryLevel": "CustomizedRecoverable\u002BPurgeable",
              "recoverableDays": 7
            }
          }
        ],
        "nextLink": "https://vaultname.vault.azure.net:443/deletedsecrets?api-version=7.3\u0026$skiptoken=Sanitized"
      }
    },
    {
      "RequestUri": "https://vaultname.vault.azure.net/deletedsecrets?api-version=7.3\u0026$skiptoken=Sanitized",
      "RequestMethod": "GET",
      "RequestHeaders": {
        "Accept": "*/*",
        "Accept-Encoding": "gzip, deflate",
        "User-Agent": "azsdk-python-keyvault-secrets/4.7.0b1 Python/3.10.0 (Windows-10-10.0.22621-SP0)"
      },
      "RequestBody": null,
      "StatusCode": 200,
      "ResponseHeaders": {
        "Cache-Control": "no-cache",
        "Content-Length": "1857",
        "Content-Type": "application/json; charset=utf-8",
        "Date": "Tue, 01 Nov 2022 19:45:53 GMT",
        "Expires": "-1",
        "Pragma": "no-cache",
        "Strict-Transport-Security": "max-age=31536000;includeSubDomains",
        "X-Content-Type-Options": "nosniff",
        "x-ms-keyvault-network-info": "conn_type=Ipv4;addr=172.92.159.124;act_addr_fam=InterNetwork;",
        "x-ms-keyvault-rbac-assignment-id": "5405cebb-0832-59fd-b49d-3c34f062a3f5",
        "x-ms-keyvault-rbac-cache": "ra_age=285;da_age=5682;rd_age=5682;brd_age=3224;ra_notif_age=669;dec_lev=0;",
        "x-ms-keyvault-region": "canadacentral",
        "x-ms-keyvault-service-version": "1.9.576.1"
      },
      "ResponseBody": {
        "value": [
          {
            "recoveryId": "https://vaultname.vault.azure.net/deletedsecrets/livekvtestsecret6995e2f28",
            "deletedDate": 1667331875,
            "scheduledPurgeDate": 1667936675,
            "id": "https://vaultname.vault.azure.net/secrets/livekvtestsecret6995e2f28",
            "attributes": {
              "enabled": true,
              "created": 1667331859,
              "updated": 1667331859,
              "recoveryLevel": "CustomizedRecoverable\u002BPurgeable",
              "recoverableDays": 7
            }
          },
          {
            "recoveryId": "https://vaultname.vault.azure.net/deletedsecrets/livekvtestsecret699672f29",
            "deletedDate": 1667331853,
            "scheduledPurgeDate": 1667936653,
            "id": "https://vaultname.vault.azure.net/secrets/livekvtestsecret699672f29",
            "attributes": {
              "enabled": true,
              "created": 1667331836,
              "updated": 1667331836,
              "recoveryLevel": "CustomizedRecoverable\u002BPurgeable",
              "recoverableDays": 7
            }
          },
          {
            "recoveryId": "https://vaultname.vault.azure.net/deletedsecrets/livekvtestsecret699702f2a",
            "deletedDate": 1667331829,
            "scheduledPurgeDate": 1667936629,
            "id": "https://vaultname.vault.azure.net/secrets/livekvtestsecret699702f2a",
            "attributes": {
              "enabled": true,
              "created": 1667331812,
              "updated": 1667331812,
              "recoveryLevel": "CustomizedRecoverable\u002BPurgeable",
              "recoverableDays": 7
            }
          },
          {
            "recoveryId": "https://vaultname.vault.azure.net/deletedsecrets/livekvtestsecret699792f2b",
            "deletedDate": 1667331806,
            "scheduledPurgeDate": 1667936606,
            "id": "https://vaultname.vault.azure.net/secrets/livekvtestsecret699792f2b",
            "attributes": {
              "enabled": true,
              "created": 1667331788,
              "updated": 1667331788,
              "recoveryLevel": "CustomizedRecoverable\u002BPurgeable",
              "recoverableDays": 7
            }
          },
          {
            "recoveryId": "https://vaultname.vault.azure.net/deletedsecrets/livekvtestsecret6e25c3078",
            "deletedDate": 1667331902,
            "scheduledPurgeDate": 1667936702,
            "id": "https://vaultname.vault.azure.net/secrets/livekvtestsecret6e25c3078",
            "attributes": {
              "enabled": true,
              "created": 1667331881,
              "updated": 1667331881,
              "recoveryLevel": "CustomizedRecoverable\u002BPurgeable",
              "recoverableDays": 7
            }
          }
        ],
        "nextLink": null
      }
    }
  ],
  "Variables": {}
}
