{
  "Entries": [
    {
      "RequestUri": "https://vaultname.vault.azure.net/secrets/livekvtestsec50712c77?api-version=7.5",
      "RequestMethod": "PUT",
      "RequestHeaders": {
        "Accept": "application/json",
        "Accept-Encoding": "gzip, deflate",
        "Content-Length": "0",
        "Content-Type": "application/json",
        "User-Agent": "azsdk-python-keyvault-secrets/4.8.0b3 Python/3.10.12 (Linux-5.15.133.1-microsoft-standard-WSL2-x86_64-with-glibc2.35)"
      },
      "RequestBody": null,
      "StatusCode": 401,
      "ResponseHeaders": {
        "Cache-Control": "no-cache",
        "Content-Length": "97",
        "Content-Type": "application/json; charset=utf-8",
        "Date": "Wed, 07 Feb 2024 19:28:56 GMT",
        "Expires": "-1",
        "Pragma": "no-cache",
        "Strict-Transport-Security": "max-age=31536000;includeSubDomains",
        "WWW-Authenticate": "Bearer authorization=\u0022https://login.microsoftonline.com/00000000-0000-0000-0000-000000000000\u0022, resource=\u0022https://vault.azure.net\u0022",
        "X-Content-Type-Options": "nosniff",
        "x-ms-keyvault-network-info": "conn_type=Ipv4;addr=172.92.159.124;act_addr_fam=InterNetwork;",
        "x-ms-keyvault-region": "uksouth",
        "x-ms-keyvault-service-version": "1.9.1272.1"
      },
      "ResponseBody": {
        "error": {
          "code": "Unauthorized",
          "message": "AKV10000: Request is missing a Bearer or PoP token."
        }
      }
    },
    {
      "RequestUri": "https://vaultname.vault.azure.net/secrets/livekvtestsec50712c77?api-version=7.5",
      "RequestMethod": "PUT",
      "RequestHeaders": {
        "Accept": "application/json",
        "Accept-Encoding": "gzip, deflate",
        "Content-Length": "19",
        "Content-Type": "application/json",
        "User-Agent": "azsdk-python-keyvault-secrets/4.8.0b3 Python/3.10.12 (Linux-5.15.133.1-microsoft-standard-WSL2-x86_64-with-glibc2.35)"
      },
      "RequestBody": {
        "value": "secVal"
      },
      "StatusCode": 200,
      "ResponseHeaders": {
        "Cache-Control": "no-cache",
        "Content-Length": "264",
        "Content-Type": "application/json; charset=utf-8",
        "Date": "Wed, 07 Feb 2024 19:29:00 GMT",
        "Expires": "-1",
        "Pragma": "no-cache",
        "Strict-Transport-Security": "max-age=31536000;includeSubDomains",
        "X-Content-Type-Options": "nosniff",
        "x-ms-keyvault-network-info": "conn_type=Ipv4;addr=172.92.159.124;act_addr_fam=InterNetwork;",
        "x-ms-keyvault-rbac-assignment-id": "1f186f561dfc4305b09bf8d8405cca29",
        "x-ms-keyvault-region": "uksouth",
        "x-ms-keyvault-service-version": "1.9.1272.1"
      },
      "ResponseBody": {
        "value": "secVal",
        "id": "https://vaultname.vault.azure.net/secrets/livekvtestsec50712c77/fb655700df0743aaad490814caaa8209",
        "attributes": {
          "enabled": true,
          "created": 1707334140,
          "updated": 1707334140,
          "recoveryLevel": "CustomizedRecoverable\u002BPurgeable",
          "recoverableDays": 7
        }
      }
    },
    {
      "RequestUri": "https://vaultname.vault.azure.net/secrets/livekvtestsec50712c77?api-version=7.5",
      "RequestMethod": "PUT",
      "RequestHeaders": {
        "Accept": "application/json",
        "Accept-Encoding": "gzip, deflate",
        "Content-Length": "19",
        "Content-Type": "application/json",
        "User-Agent": "azsdk-python-keyvault-secrets/4.8.0b3 Python/3.10.12 (Linux-5.15.133.1-microsoft-standard-WSL2-x86_64-with-glibc2.35)"
      },
      "RequestBody": {
        "value": "secVal"
      },
      "StatusCode": 200,
      "ResponseHeaders": {
        "Cache-Control": "no-cache",
        "Content-Length": "264",
        "Content-Type": "application/json; charset=utf-8",
        "Date": "Wed, 07 Feb 2024 19:29:00 GMT",
        "Expires": "-1",
        "Pragma": "no-cache",
        "Strict-Transport-Security": "max-age=31536000;includeSubDomains",
        "X-Content-Type-Options": "nosniff",
        "x-ms-keyvault-network-info": "conn_type=Ipv4;addr=172.92.159.124;act_addr_fam=InterNetwork;",
        "x-ms-keyvault-rbac-assignment-id": "1f186f561dfc4305b09bf8d8405cca29",
        "x-ms-keyvault-region": "uksouth",
        "x-ms-keyvault-service-version": "1.9.1272.1"
      },
      "ResponseBody": {
        "value": "secVal",
        "id": "https://vaultname.vault.azure.net/secrets/livekvtestsec50712c77/0295f952f7894353b85244172d3e358b",
        "attributes": {
          "enabled": true,
          "created": 1707334140,
          "updated": 1707334140,
          "recoveryLevel": "CustomizedRecoverable\u002BPurgeable",
          "recoverableDays": 7
        }
      }
    },
    {
      "RequestUri": "https://vaultname.vault.azure.net/secrets/livekvtestsec50712c77?api-version=7.5",
      "RequestMethod": "PUT",
      "RequestHeaders": {
        "Accept": "application/json",
        "Accept-Encoding": "gzip, deflate",
        "Content-Length": "19",
        "Content-Type": "application/json",
        "User-Agent": "azsdk-python-keyvault-secrets/4.8.0b3 Python/3.10.12 (Linux-5.15.133.1-microsoft-standard-WSL2-x86_64-with-glibc2.35)"
      },
      "RequestBody": {
        "value": "secVal"
      },
      "StatusCode": 200,
      "ResponseHeaders": {
        "Cache-Control": "no-cache",
        "Content-Length": "264",
        "Content-Type": "application/json; charset=utf-8",
        "Date": "Wed, 07 Feb 2024 19:29:00 GMT",
        "Expires": "-1",
        "Pragma": "no-cache",
        "Strict-Transport-Security": "max-age=31536000;includeSubDomains",
        "X-Content-Type-Options": "nosniff",
        "x-ms-keyvault-network-info": "conn_type=Ipv4;addr=172.92.159.124;act_addr_fam=InterNetwork;",
        "x-ms-keyvault-rbac-assignment-id": "1f186f561dfc4305b09bf8d8405cca29",
        "x-ms-keyvault-region": "uksouth",
        "x-ms-keyvault-service-version": "1.9.1272.1"
      },
      "ResponseBody": {
        "value": "secVal",
        "id": "https://vaultname.vault.azure.net/secrets/livekvtestsec50712c77/5539593351a14758befdcf6939abf3b6",
        "attributes": {
          "enabled": true,
          "created": 1707334140,
          "updated": 1707334140,
          "recoveryLevel": "CustomizedRecoverable\u002BPurgeable",
          "recoverableDays": 7
        }
      }
    },
    {
      "RequestUri": "https://vaultname.vault.azure.net/secrets/livekvtestsec50712c77?api-version=7.5",
      "RequestMethod": "PUT",
      "RequestHeaders": {
        "Accept": "application/json",
        "Accept-Encoding": "gzip, deflate",
        "Content-Length": "19",
        "Content-Type": "application/json",
        "User-Agent": "azsdk-python-keyvault-secrets/4.8.0b3 Python/3.10.12 (Linux-5.15.133.1-microsoft-standard-WSL2-x86_64-with-glibc2.35)"
      },
      "RequestBody": {
        "value": "secVal"
      },
      "StatusCode": 200,
      "ResponseHeaders": {
        "Cache-Control": "no-cache",
        "Content-Length": "264",
        "Content-Type": "application/json; charset=utf-8",
        "Date": "Wed, 07 Feb 2024 19:29:00 GMT",
        "Expires": "-1",
        "Pragma": "no-cache",
        "Strict-Transport-Security": "max-age=31536000;includeSubDomains",
        "X-Content-Type-Options": "nosniff",
        "x-ms-keyvault-network-info": "conn_type=Ipv4;addr=172.92.159.124;act_addr_fam=InterNetwork;",
        "x-ms-keyvault-rbac-assignment-id": "1f186f561dfc4305b09bf8d8405cca29",
        "x-ms-keyvault-region": "uksouth",
        "x-ms-keyvault-service-version": "1.9.1272.1"
      },
      "ResponseBody": {
        "value": "secVal",
        "id": "https://vaultname.vault.azure.net/secrets/livekvtestsec50712c77/16dbf0447bc443f697ab0210eda8621a",
        "attributes": {
          "enabled": true,
          "created": 1707334140,
          "updated": 1707334140,
          "recoveryLevel": "CustomizedRecoverable\u002BPurgeable",
          "recoverableDays": 7
        }
      }
    },
    {
      "RequestUri": "https://vaultname.vault.azure.net/secrets/livekvtestsec50712c77?api-version=7.5",
      "RequestMethod": "PUT",
      "RequestHeaders": {
        "Accept": "application/json",
        "Accept-Encoding": "gzip, deflate",
        "Content-Length": "19",
        "Content-Type": "application/json",
        "User-Agent": "azsdk-python-keyvault-secrets/4.8.0b3 Python/3.10.12 (Linux-5.15.133.1-microsoft-standard-WSL2-x86_64-with-glibc2.35)"
      },
      "RequestBody": {
        "value": "secVal"
      },
      "StatusCode": 200,
      "ResponseHeaders": {
        "Cache-Control": "no-cache",
        "Content-Length": "264",
        "Content-Type": "application/json; charset=utf-8",
        "Date": "Wed, 07 Feb 2024 19:29:01 GMT",
        "Expires": "-1",
        "Pragma": "no-cache",
        "Strict-Transport-Security": "max-age=31536000;includeSubDomains",
        "X-Content-Type-Options": "nosniff",
        "x-ms-keyvault-network-info": "conn_type=Ipv4;addr=172.92.159.124;act_addr_fam=InterNetwork;",
        "x-ms-keyvault-rbac-assignment-id": "1f186f561dfc4305b09bf8d8405cca29",
        "x-ms-keyvault-region": "uksouth",
        "x-ms-keyvault-service-version": "1.9.1272.1"
      },
      "ResponseBody": {
        "value": "secVal",
        "id": "https://vaultname.vault.azure.net/secrets/livekvtestsec50712c77/a1e5c7f396ad4cf5acd4dc6d00da6538",
        "attributes": {
          "enabled": true,
          "created": 1707334141,
          "updated": 1707334141,
          "recoveryLevel": "CustomizedRecoverable\u002BPurgeable",
          "recoverableDays": 7
        }
      }
    },
    {
      "RequestUri": "https://vaultname.vault.azure.net/secrets/livekvtestsec50712c77?api-version=7.5",
      "RequestMethod": "PUT",
      "RequestHeaders": {
        "Accept": "application/json",
        "Accept-Encoding": "gzip, deflate",
        "Content-Length": "19",
        "Content-Type": "application/json",
        "User-Agent": "azsdk-python-keyvault-secrets/4.8.0b3 Python/3.10.12 (Linux-5.15.133.1-microsoft-standard-WSL2-x86_64-with-glibc2.35)"
      },
      "RequestBody": {
        "value": "secVal"
      },
      "StatusCode": 200,
      "ResponseHeaders": {
        "Cache-Control": "no-cache",
        "Content-Length": "264",
        "Content-Type": "application/json; charset=utf-8",
        "Date": "Wed, 07 Feb 2024 19:29:01 GMT",
        "Expires": "-1",
        "Pragma": "no-cache",
        "Strict-Transport-Security": "max-age=31536000;includeSubDomains",
        "X-Content-Type-Options": "nosniff",
        "x-ms-keyvault-network-info": "conn_type=Ipv4;addr=172.92.159.124;act_addr_fam=InterNetwork;",
        "x-ms-keyvault-rbac-assignment-id": "1f186f561dfc4305b09bf8d8405cca29",
        "x-ms-keyvault-region": "uksouth",
        "x-ms-keyvault-service-version": "1.9.1272.1"
      },
      "ResponseBody": {
        "value": "secVal",
        "id": "https://vaultname.vault.azure.net/secrets/livekvtestsec50712c77/4ce91c23e4874e2580df833f5e7ad67c",
        "attributes": {
          "enabled": true,
          "created": 1707334141,
          "updated": 1707334141,
          "recoveryLevel": "CustomizedRecoverable\u002BPurgeable",
          "recoverableDays": 7
        }
      }
    },
    {
      "RequestUri": "https://vaultname.vault.azure.net/secrets/livekvtestsec50712c77?api-version=7.5",
      "RequestMethod": "PUT",
      "RequestHeaders": {
        "Accept": "application/json",
        "Accept-Encoding": "gzip, deflate",
        "Content-Length": "19",
        "Content-Type": "application/json",
        "User-Agent": "azsdk-python-keyvault-secrets/4.8.0b3 Python/3.10.12 (Linux-5.15.133.1-microsoft-standard-WSL2-x86_64-with-glibc2.35)"
      },
      "RequestBody": {
        "value": "secVal"
      },
      "StatusCode": 200,
      "ResponseHeaders": {
        "Cache-Control": "no-cache",
        "Content-Length": "264",
        "Content-Type": "application/json; charset=utf-8",
        "Date": "Wed, 07 Feb 2024 19:29:01 GMT",
        "Expires": "-1",
        "Pragma": "no-cache",
        "Strict-Transport-Security": "max-age=31536000;includeSubDomains",
        "X-Content-Type-Options": "nosniff",
        "x-ms-keyvault-network-info": "conn_type=Ipv4;addr=172.92.159.124;act_addr_fam=InterNetwork;",
        "x-ms-keyvault-rbac-assignment-id": "1f186f561dfc4305b09bf8d8405cca29",
        "x-ms-keyvault-region": "uksouth",
        "x-ms-keyvault-service-version": "1.9.1272.1"
      },
      "ResponseBody": {
        "value": "secVal",
        "id": "https://vaultname.vault.azure.net/secrets/livekvtestsec50712c77/8a65db23cab04d0da19b77810341caa7",
        "attributes": {
          "enabled": true,
          "created": 1707334141,
          "updated": 1707334141,
          "recoveryLevel": "CustomizedRecoverable\u002BPurgeable",
          "recoverableDays": 7
        }
      }
    },
    {
      "RequestUri": "https://vaultname.vault.azure.net/secrets/livekvtestsec50712c77/versions?maxresults=6\u0026api-version=7.5",
      "RequestMethod": "GET",
      "RequestHeaders": {
        "Accept": "application/json",
        "Accept-Encoding": "gzip, deflate",
        "User-Agent": "azsdk-python-keyvault-secrets/4.8.0b3 Python/3.10.12 (Linux-5.15.133.1-microsoft-standard-WSL2-x86_64-with-glibc2.35)"
      },
      "RequestBody": null,
      "StatusCode": 200,
      "ResponseHeaders": {
        "Cache-Control": "no-cache",
        "Content-Length": "1873",
        "Content-Type": "application/json; charset=utf-8",
        "Date": "Wed, 07 Feb 2024 19:29:01 GMT",
        "Expires": "-1",
        "Pragma": "no-cache",
        "Strict-Transport-Security": "max-age=31536000;includeSubDomains",
        "X-Content-Type-Options": "nosniff",
        "x-ms-keyvault-network-info": "conn_type=Ipv4;addr=172.92.159.124;act_addr_fam=InterNetwork;",
        "x-ms-keyvault-rbac-assignment-id": "1f186f561dfc4305b09bf8d8405cca29",
        "x-ms-keyvault-region": "uksouth",
        "x-ms-keyvault-service-version": "1.9.1272.1"
      },
      "ResponseBody": {
        "value": [
          {
            "id": "https://vaultname.vault.azure.net/secrets/livekvtestsec50712c77/0295f952f7894353b85244172d3e358b",
            "attributes": {
              "enabled": true,
              "created": 1707334140,
              "updated": 1707334140,
              "recoveryLevel": "CustomizedRecoverable\u002BPurgeable",
              "recoverableDays": 7
            }
          },
          {
            "id": "https://vaultname.vault.azure.net/secrets/livekvtestsec50712c77/16dbf0447bc443f697ab0210eda8621a",
            "attributes": {
              "enabled": true,
              "created": 1707334140,
              "updated": 1707334140,
              "recoveryLevel": "CustomizedRecoverable\u002BPurgeable",
              "recoverableDays": 7
            }
          },
          {
            "id": "https://vaultname.vault.azure.net/secrets/livekvtestsec50712c77/4ce91c23e4874e2580df833f5e7ad67c",
            "attributes": {
              "enabled": true,
              "created": 1707334141,
              "updated": 1707334141,
              "recoveryLevel": "CustomizedRecoverable\u002BPurgeable",
              "recoverableDays": 7
            }
          },
          {
            "id": "https://vaultname.vault.azure.net/secrets/livekvtestsec50712c77/5539593351a14758befdcf6939abf3b6",
            "attributes": {
              "enabled": true,
              "created": 1707334140,
              "updated": 1707334140,
              "recoveryLevel": "CustomizedRecoverable\u002BPurgeable",
              "recoverableDays": 7
            }
          },
          {
            "id": "https://vaultname.vault.azure.net/secrets/livekvtestsec50712c77/8a65db23cab04d0da19b77810341caa7",
            "attributes": {
              "enabled": true,
              "created": 1707334141,
              "updated": 1707334141,
              "recoveryLevel": "CustomizedRecoverable\u002BPurgeable",
              "recoverableDays": 7
            }
          },
          {
            "id": "https://vaultname.vault.azure.net/secrets/livekvtestsec50712c77/a1e5c7f396ad4cf5acd4dc6d00da6538",
            "attributes": {
              "enabled": true,
              "created": 1707334141,
              "updated": 1707334141,
              "recoveryLevel": "CustomizedRecoverable\u002BPurgeable",
              "recoverableDays": 7
            }
          }
        ],
        "nextLink": "https://vaultname.vault.azure.net:443/secrets/livekvtestsec50712c77/versions?api-version=7.5\u0026$skiptoken=eyJOZXh0TWFya2VyIjoiMiExNDAhTURBd01EWXhJWE5sWTNKbGRDOU1TVlpGUzFaVVJWTlVVMFZETlRBM01USkROemN2UmtJMk5UVTNNREJFUmpBM05ETkJRVUZFTkRrd09ERTBRMEZCUVRneU1Ea2hNREF3TURJNElUazVPVGt0TVRJdE16RlVNak02TlRrNk5Ua3VPVGs1T1RrNU9Wb2giLCJUYXJnZXRMb2NhdGlvbiI6MH0\u0026maxresults=6"
      }
    },
    {
      "RequestUri": "https://vaultname.vault.azure.net/secrets/livekvtestsec50712c77/versions?api-version=7.5\u0026$skiptoken=eyJOZXh0TWFya2VyIjoiMiExNDAhTURBd01EWXhJWE5sWTNKbGRDOU1TVlpGUzFaVVJWTlVVMFZETlRBM01USkROemN2UmtJMk5UVTNNREJFUmpBM05ETkJRVUZFTkRrd09ERTBRMEZCUVRneU1Ea2hNREF3TURJNElUazVPVGt0TVRJdE16RlVNak02TlRrNk5Ua3VPVGs1T1RrNU9Wb2giLCJUYXJnZXRMb2NhdGlvbiI6MH0\u0026maxresults=6",
      "RequestMethod": "GET",
      "RequestHeaders": {
        "Accept": "*/*",
        "Accept-Encoding": "gzip, deflate",
        "User-Agent": "azsdk-python-keyvault-secrets/4.8.0b3 Python/3.10.12 (Linux-5.15.133.1-microsoft-standard-WSL2-x86_64-with-glibc2.35)"
      },
      "RequestBody": null,
      "StatusCode": 200,
      "ResponseHeaders": {
        "Cache-Control": "no-cache",
        "Content-Length": "275",
        "Content-Type": "application/json; charset=utf-8",
        "Date": "Wed, 07 Feb 2024 19:29:01 GMT",
        "Expires": "-1",
        "Pragma": "no-cache",
        "Strict-Transport-Security": "max-age=31536000;includeSubDomains",
        "X-Content-Type-Options": "nosniff",
        "x-ms-keyvault-network-info": "conn_type=Ipv4;addr=172.92.159.124;act_addr_fam=InterNetwork;",
        "x-ms-keyvault-rbac-assignment-id": "1f186f561dfc4305b09bf8d8405cca29",
        "x-ms-keyvault-region": "uksouth",
        "x-ms-keyvault-service-version": "1.9.1272.1"
      },
      "ResponseBody": {
        "value": [
          {
            "id": "https://vaultname.vault.azure.net/secrets/livekvtestsec50712c77/fb655700df0743aaad490814caaa8209",
            "attributes": {
              "enabled": true,
              "created": 1707334140,
              "updated": 1707334140,
              "recoveryLevel": "CustomizedRecoverable\u002BPurgeable",
              "recoverableDays": 7
            }
          }
        ],
        "nextLink": null
      }
    }
  ],
  "Variables": {}
}
