{
  "Entries": [
    {
      "RequestUri": "https://vaultname.vault.azure.net/secrets/livekvtestsecret-name75eb3514?api-version=7.5",
      "RequestMethod": "PUT",
      "RequestHeaders": {
        "Accept": "application/json",
        "Accept-Encoding": "gzip, deflate",
        "Connection": "keep-alive",
        "Content-Length": "0",
        "Content-Type": "application/json",
        "User-Agent": "azsdk-python-keyvault-secrets/4.8.0b3 Python/3.10.12 (Linux-5.15.133.1-microsoft-standard-WSL2-x86_64-with-glibc2.35)"
      },
      "RequestBody": null,
      "StatusCode": 401,
      "ResponseHeaders": {
        "Cache-Control": "no-cache",
        "Content-Length": "97",
        "Content-Type": "application/json; charset=utf-8",
        "Date": "Wed, 07 Feb 2024 19:24:55 GMT",
        "Expires": "-1",
        "Pragma": "no-cache",
        "Strict-Transport-Security": "max-age=31536000;includeSubDomains",
        "WWW-Authenticate": "Bearer authorization=\u0022https://login.microsoftonline.com/00000000-0000-0000-0000-000000000000\u0022, resource=\u0022https://vault.azure.net\u0022",
        "X-Content-Type-Options": "nosniff",
        "x-ms-keyvault-network-info": "conn_type=Ipv4;addr=172.92.159.124;act_addr_fam=InterNetwork;",
        "x-ms-keyvault-region": "uksouth",
        "x-ms-keyvault-service-version": "1.9.1272.1"
      },
      "ResponseBody": {
        "error": {
          "code": "Unauthorized",
          "message": "AKV10000: Request is missing a Bearer or PoP token."
        }
      }
    },
    {
      "RequestUri": "https://vaultname.vault.azure.net/secrets/livekvtestsecret-name75eb3514?api-version=7.5",
      "RequestMethod": "PUT",
      "RequestHeaders": {
        "Accept": "application/json",
        "Accept-Encoding": "gzip, deflate",
        "Connection": "keep-alive",
        "Content-Length": "60",
        "Content-Type": "application/json",
        "User-Agent": "azsdk-python-keyvault-secrets/4.8.0b3 Python/3.10.12 (Linux-5.15.133.1-microsoft-standard-WSL2-x86_64-with-glibc2.35)"
      },
      "RequestBody": {
        "value": "secret-value",
        "attributes": {
          "exp": 2527401600
        }
      },
      "StatusCode": 200,
      "ResponseHeaders": {
        "Cache-Control": "no-cache",
        "Content-Length": "295",
        "Content-Type": "application/json; charset=utf-8",
        "Date": "Wed, 07 Feb 2024 19:24:59 GMT",
        "Expires": "-1",
        "Pragma": "no-cache",
        "Strict-Transport-Security": "max-age=31536000;includeSubDomains",
        "X-Content-Type-Options": "nosniff",
        "x-ms-keyvault-network-info": "conn_type=Ipv4;addr=172.92.159.124;act_addr_fam=InterNetwork;",
        "x-ms-keyvault-rbac-assignment-id": "1f186f561dfc4305b09bf8d8405cca29",
        "x-ms-keyvault-region": "uksouth",
        "x-ms-keyvault-service-version": "1.9.1272.1"
      },
      "ResponseBody": {
        "value": "secret-value",
        "id": "https://vaultname.vault.azure.net/secrets/livekvtestsecret-name75eb3514/7b46e21fb0e546758301c3a6316b7a8b",
        "attributes": {
          "enabled": true,
          "exp": 2527401600,
          "created": 1707333899,
          "updated": 1707333899,
          "recoveryLevel": "CustomizedRecoverable\u002BPurgeable",
          "recoverableDays": 7
        }
      }
    },
    {
      "RequestUri": "https://vaultname.vault.azure.net/secrets/livekvtestsecret-name75eb3514/?api-version=7.5",
      "RequestMethod": "GET",
      "RequestHeaders": {
        "Accept": "application/json",
        "Accept-Encoding": "gzip, deflate",
        "Connection": "keep-alive",
        "User-Agent": "azsdk-python-keyvault-secrets/4.8.0b3 Python/3.10.12 (Linux-5.15.133.1-microsoft-standard-WSL2-x86_64-with-glibc2.35)"
      },
      "RequestBody": null,
      "StatusCode": 200,
      "ResponseHeaders": {
        "Cache-Control": "no-cache",
        "Content-Length": "295",
        "Content-Type": "application/json; charset=utf-8",
        "Date": "Wed, 07 Feb 2024 19:24:59 GMT",
        "Expires": "-1",
        "Pragma": "no-cache",
        "Strict-Transport-Security": "max-age=31536000;includeSubDomains",
        "X-Content-Type-Options": "nosniff",
        "x-ms-keyvault-network-info": "conn_type=Ipv4;addr=172.92.159.124;act_addr_fam=InterNetwork;",
        "x-ms-keyvault-rbac-assignment-id": "1f186f561dfc4305b09bf8d8405cca29",
        "x-ms-keyvault-region": "uksouth",
        "x-ms-keyvault-service-version": "1.9.1272.1"
      },
      "ResponseBody": {
        "value": "secret-value",
        "id": "https://vaultname.vault.azure.net/secrets/livekvtestsecret-name75eb3514/7b46e21fb0e546758301c3a6316b7a8b",
        "attributes": {
          "enabled": true,
          "exp": 2527401600,
          "created": 1707333899,
          "updated": 1707333899,
          "recoveryLevel": "CustomizedRecoverable\u002BPurgeable",
          "recoverableDays": 7
        }
      }
    },
    {
      "RequestUri": "https://vaultname.vault.azure.net/secrets/livekvtestsecret-name75eb3514/7b46e21fb0e546758301c3a6316b7a8b?api-version=7.5",
      "RequestMethod": "GET",
      "RequestHeaders": {
        "Accept": "application/json",
        "Accept-Encoding": "gzip, deflate",
        "Connection": "keep-alive",
        "User-Agent": "azsdk-python-keyvault-secrets/4.8.0b3 Python/3.10.12 (Linux-5.15.133.1-microsoft-standard-WSL2-x86_64-with-glibc2.35)"
      },
      "RequestBody": null,
      "StatusCode": 200,
      "ResponseHeaders": {
        "Cache-Control": "no-cache",
        "Content-Length": "295",
        "Content-Type": "application/json; charset=utf-8",
        "Date": "Wed, 07 Feb 2024 19:24:59 GMT",
        "Expires": "-1",
        "Pragma": "no-cache",
        "Strict-Transport-Security": "max-age=31536000;includeSubDomains",
        "X-Content-Type-Options": "nosniff",
        "x-ms-keyvault-network-info": "conn_type=Ipv4;addr=172.92.159.124;act_addr_fam=InterNetwork;",
        "x-ms-keyvault-rbac-assignment-id": "1f186f561dfc4305b09bf8d8405cca29",
        "x-ms-keyvault-region": "uksouth",
        "x-ms-keyvault-service-version": "1.9.1272.1"
      },
      "ResponseBody": {
        "value": "secret-value",
        "id": "https://vaultname.vault.azure.net/secrets/livekvtestsecret-name75eb3514/7b46e21fb0e546758301c3a6316b7a8b",
        "attributes": {
          "enabled": true,
          "exp": 2527401600,
          "created": 1707333899,
          "updated": 1707333899,
          "recoveryLevel": "CustomizedRecoverable\u002BPurgeable",
          "recoverableDays": 7
        }
      }
    },
    {
      "RequestUri": "https://vaultname.vault.azure.net/secrets/livekvtestsecret-name75eb3514/?api-version=7.5",
      "RequestMethod": "PATCH",
      "RequestHeaders": {
        "Accept": "application/json",
        "Accept-Encoding": "gzip, deflate",
        "Connection": "keep-alive",
        "Content-Length": "61",
        "Content-Type": "application/json",
        "User-Agent": "azsdk-python-keyvault-secrets/4.8.0b3 Python/3.10.12 (Linux-5.15.133.1-microsoft-standard-WSL2-x86_64-with-glibc2.35)"
      },
      "RequestBody": {
        "contentType": "text/plain",
        "tags": {
          "foo": "updated tag"
        }
      },
      "StatusCode": 200,
      "ResponseHeaders": {
        "Cache-Control": "no-cache",
        "Content-Length": "328",
        "Content-Type": "application/json; charset=utf-8",
        "Date": "Wed, 07 Feb 2024 19:24:59 GMT",
        "Expires": "-1",
        "Pragma": "no-cache",
        "Strict-Transport-Security": "max-age=31536000;includeSubDomains",
        "X-Content-Type-Options": "nosniff",
        "x-ms-keyvault-network-info": "conn_type=Ipv4;addr=172.92.159.124;act_addr_fam=InterNetwork;",
        "x-ms-keyvault-rbac-assignment-id": "1f186f561dfc4305b09bf8d8405cca29",
        "x-ms-keyvault-region": "uksouth",
        "x-ms-keyvault-service-version": "1.9.1272.1"
      },
      "ResponseBody": {
        "contentType": "text/plain",
        "id": "https://vaultname.vault.azure.net/secrets/livekvtestsecret-name75eb3514/7b46e21fb0e546758301c3a6316b7a8b",
        "attributes": {
          "enabled": true,
          "exp": 2527401600,
          "created": 1707333899,
          "updated": 1707333900,
          "recoveryLevel": "CustomizedRecoverable\u002BPurgeable",
          "recoverableDays": 7
        },
        "tags": {
          "foo": "updated tag"
        }
      }
    },
    {
      "RequestUri": "https://vaultname.vault.azure.net/secrets/livekvtestsecret-name75eb3514?api-version=7.5",
      "RequestMethod": "DELETE",
      "RequestHeaders": {
        "Accept": "application/json",
        "Accept-Encoding": "gzip, deflate",
        "Connection": "keep-alive",
        "Content-Length": "0",
        "User-Agent": "azsdk-python-keyvault-secrets/4.8.0b3 Python/3.10.12 (Linux-5.15.133.1-microsoft-standard-WSL2-x86_64-with-glibc2.35)"
      },
      "RequestBody": null,
      "StatusCode": 200,
      "ResponseHeaders": {
        "Cache-Control": "no-cache",
        "Content-Length": "479",
        "Content-Type": "application/json; charset=utf-8",
        "Date": "Wed, 07 Feb 2024 19:25:00 GMT",
        "Expires": "-1",
        "Pragma": "no-cache",
        "Strict-Transport-Security": "max-age=31536000;includeSubDomains",
        "X-Content-Type-Options": "nosniff",
        "x-ms-keyvault-network-info": "conn_type=Ipv4;addr=172.92.159.124;act_addr_fam=InterNetwork;",
        "x-ms-keyvault-rbac-assignment-id": "1f186f561dfc4305b09bf8d8405cca29",
        "x-ms-keyvault-region": "uksouth",
        "x-ms-keyvault-service-version": "1.9.1272.1"
      },
      "ResponseBody": {
        "recoveryId": "https://vaultname.vault.azure.net/deletedsecrets/livekvtestsecret-name75eb3514",
        "deletedDate": 1707333900,
        "scheduledPurgeDate": 1707938700,
        "contentType": "text/plain",
        "id": "https://vaultname.vault.azure.net/secrets/livekvtestsecret-name75eb3514/7b46e21fb0e546758301c3a6316b7a8b",
        "attributes": {
          "enabled": true,
          "exp": 2527401600,
          "created": 1707333899,
          "updated": 1707333900,
          "recoveryLevel": "CustomizedRecoverable\u002BPurgeable",
          "recoverableDays": 7
        },
        "tags": {
          "foo": "updated tag"
        }
      }
    },
    {
      "RequestUri": "https://vaultname.vault.azure.net/deletedsecrets/livekvtestsecret-name75eb3514?api-version=7.5",
      "RequestMethod": "GET",
      "RequestHeaders": {
        "Accept": "application/json",
        "Accept-Encoding": "gzip, deflate",
        "Connection": "keep-alive",
        "User-Agent": "azsdk-python-keyvault-secrets/4.8.0b3 Python/3.10.12 (Linux-5.15.133.1-microsoft-standard-WSL2-x86_64-with-glibc2.35)"
      },
      "RequestBody": null,
      "StatusCode": 404,
      "ResponseHeaders": {
        "Cache-Control": "no-cache",
        "Content-Length": "103",
        "Content-Type": "application/json; charset=utf-8",
        "Date": "Wed, 07 Feb 2024 19:25:00 GMT",
        "Expires": "-1",
        "Pragma": "no-cache",
        "Strict-Transport-Security": "max-age=31536000;includeSubDomains",
        "X-Content-Type-Options": "nosniff",
        "x-ms-keyvault-network-info": "conn_type=Ipv4;addr=172.92.159.124;act_addr_fam=InterNetwork;",
        "x-ms-keyvault-rbac-assignment-id": "1f186f561dfc4305b09bf8d8405cca29",
        "x-ms-keyvault-region": "uksouth",
        "x-ms-keyvault-service-version": "1.9.1272.1"
      },
      "ResponseBody": {
        "error": {
          "code": "SecretNotFound",
          "message": "Deleted Secret not found: livekvtestsecret-name75eb3514"
        }
      }
    },
    {
      "RequestUri": "https://vaultname.vault.azure.net/deletedsecrets/livekvtestsecret-name75eb3514?api-version=7.5",
      "RequestMethod": "GET",
      "RequestHeaders": {
        "Accept": "application/json",
        "Accept-Encoding": "gzip, deflate",
        "Connection": "keep-alive",
        "User-Agent": "azsdk-python-keyvault-secrets/4.8.0b3 Python/3.10.12 (Linux-5.15.133.1-microsoft-standard-WSL2-x86_64-with-glibc2.35)"
      },
      "RequestBody": null,
      "StatusCode": 200,
      "ResponseHeaders": {
        "Cache-Control": "no-cache",
        "Content-Length": "479",
        "Content-Type": "application/json; charset=utf-8",
        "Date": "Wed, 07 Feb 2024 19:25:02 GMT",
        "Expires": "-1",
        "Pragma": "no-cache",
        "Strict-Transport-Security": "max-age=31536000;includeSubDomains",
        "X-Content-Type-Options": "nosniff",
        "x-ms-keyvault-network-info": "conn_type=Ipv4;addr=172.92.159.124;act_addr_fam=InterNetwork;",
        "x-ms-keyvault-rbac-assignment-id": "1f186f561dfc4305b09bf8d8405cca29",
        "x-ms-keyvault-region": "uksouth",
        "x-ms-keyvault-service-version": "1.9.1272.1"
      },
      "ResponseBody": {
        "recoveryId": "https://vaultname.vault.azure.net/deletedsecrets/livekvtestsecret-name75eb3514",
        "deletedDate": 1707333900,
        "scheduledPurgeDate": 1707938700,
        "contentType": "text/plain",
        "id": "https://vaultname.vault.azure.net/secrets/livekvtestsecret-name75eb3514/7b46e21fb0e546758301c3a6316b7a8b",
        "attributes": {
          "enabled": true,
          "exp": 2527401600,
          "created": 1707333899,
          "updated": 1707333900,
          "recoveryLevel": "CustomizedRecoverable\u002BPurgeable",
          "recoverableDays": 7
        },
        "tags": {
          "foo": "updated tag"
        }
      }
    }
  ],
  "Variables": {}
}
