{
  "Entries": [
    {
      "RequestUri": "https://vaultname.vault.azure.net/secrets/livekvtestsecret0ea832903?api-version=7.2",
      "RequestMethod": "PUT",
      "RequestHeaders": {
        "Accept": "application/json",
        "Accept-Encoding": "gzip, deflate",
        "Content-Length": "0",
        "Content-Type": "application/json",
        "User-Agent": "azsdk-python-keyvault-secrets/4.7.0b1 Python/3.10.0 (Windows-10-10.0.22621-SP0)"
      },
      "RequestBody": null,
      "StatusCode": 401,
      "ResponseHeaders": {
        "Cache-Control": "no-cache",
        "Content-Length": "97",
        "Content-Type": "application/json; charset=utf-8",
        "Date": "Tue, 01 Nov 2022 19:48:26 GMT",
        "Expires": "-1",
        "Pragma": "no-cache",
        "Strict-Transport-Security": "max-age=31536000;includeSubDomains",
        "WWW-Authenticate": "Bearer authorization=\u0022https://login.windows.net/00000000-0000-0000-0000-000000000000\u0022, resource=\u0022https://vault.azure.net\u0022",
        "X-Content-Type-Options": "nosniff",
        "x-ms-keyvault-network-info": "conn_type=Ipv4;addr=172.92.159.124;act_addr_fam=InterNetwork;",
        "x-ms-keyvault-region": "canadacentral",
        "x-ms-keyvault-service-version": "1.9.576.1"
      },
      "ResponseBody": {
        "error": {
          "code": "Unauthorized",
          "message": "AKV10000: Request is missing a Bearer or PoP token."
        }
      }
    },
    {
      "RequestUri": "https://vaultname.vault.azure.net/secrets/livekvtestsecret0ea832903?api-version=7.2",
      "RequestMethod": "PUT",
      "RequestHeaders": {
        "Accept": "application/json",
        "Accept-Encoding": "gzip, deflate",
        "Content-Length": "19",
        "Content-Type": "application/json",
        "User-Agent": "azsdk-python-keyvault-secrets/4.7.0b1 Python/3.10.0 (Windows-10-10.0.22621-SP0)"
      },
      "RequestBody": {
        "value": "value0"
      },
      "StatusCode": 200,
      "ResponseHeaders": {
        "Cache-Control": "no-cache",
        "Content-Length": "268",
        "Content-Type": "application/json; charset=utf-8",
        "Date": "Tue, 01 Nov 2022 19:48:26 GMT",
        "Expires": "-1",
        "Pragma": "no-cache",
        "Strict-Transport-Security": "max-age=31536000;includeSubDomains",
        "X-Content-Type-Options": "nosniff",
        "x-ms-keyvault-network-info": "conn_type=Ipv4;addr=172.92.159.124;act_addr_fam=InterNetwork;",
        "x-ms-keyvault-rbac-assignment-id": "5405cebb-0832-59fd-b49d-3c34f062a3f5",
        "x-ms-keyvault-rbac-cache": "ra_age=438;da_age=5836;rd_age=5836;brd_age=3377;ra_notif_age=822;dec_lev=1;",
        "x-ms-keyvault-region": "canadacentral",
        "x-ms-keyvault-service-version": "1.9.576.1"
      },
      "ResponseBody": {
        "value": "value0",
        "id": "https://vaultname.vault.azure.net/secrets/livekvtestsecret0ea832903/b48bdddb2a4147fb820fc55ae80d01f7",
        "attributes": {
          "enabled": true,
          "created": 1667332107,
          "updated": 1667332107,
          "recoveryLevel": "CustomizedRecoverable\u002BPurgeable",
          "recoverableDays": 7
        }
      }
    },
    {
      "RequestUri": "https://vaultname.vault.azure.net/secrets/livekvtestsecret1ea832903?api-version=7.2",
      "RequestMethod": "PUT",
      "RequestHeaders": {
        "Accept": "application/json",
        "Accept-Encoding": "gzip, deflate",
        "Content-Length": "19",
        "Content-Type": "application/json",
        "User-Agent": "azsdk-python-keyvault-secrets/4.7.0b1 Python/3.10.0 (Windows-10-10.0.22621-SP0)"
      },
      "RequestBody": {
        "value": "value1"
      },
      "StatusCode": 200,
      "ResponseHeaders": {
        "Cache-Control": "no-cache",
        "Content-Length": "268",
        "Content-Type": "application/json; charset=utf-8",
        "Date": "Tue, 01 Nov 2022 19:48:26 GMT",
        "Expires": "-1",
        "Pragma": "no-cache",
        "Strict-Transport-Security": "max-age=31536000;includeSubDomains",
        "X-Content-Type-Options": "nosniff",
        "x-ms-keyvault-network-info": "conn_type=Ipv4;addr=172.92.159.124;act_addr_fam=InterNetwork;",
        "x-ms-keyvault-rbac-assignment-id": "5405cebb-0832-59fd-b49d-3c34f062a3f5",
        "x-ms-keyvault-rbac-cache": "ra_age=438;da_age=5836;rd_age=5836;brd_age=3377;ra_notif_age=822;dec_lev=1;",
        "x-ms-keyvault-region": "canadacentral",
        "x-ms-keyvault-service-version": "1.9.576.1"
      },
      "ResponseBody": {
        "value": "value1",
        "id": "https://vaultname.vault.azure.net/secrets/livekvtestsecret1ea832903/1877c994681a4392b5f0237b87205603",
        "attributes": {
          "enabled": true,
          "created": 1667332107,
          "updated": 1667332107,
          "recoveryLevel": "CustomizedRecoverable\u002BPurgeable",
          "recoverableDays": 7
        }
      }
    },
    {
      "RequestUri": "https://vaultname.vault.azure.net/secrets/livekvtestsecret2ea832903?api-version=7.2",
      "RequestMethod": "PUT",
      "RequestHeaders": {
        "Accept": "application/json",
        "Accept-Encoding": "gzip, deflate",
        "Content-Length": "19",
        "Content-Type": "application/json",
        "User-Agent": "azsdk-python-keyvault-secrets/4.7.0b1 Python/3.10.0 (Windows-10-10.0.22621-SP0)"
      },
      "RequestBody": {
        "value": "value2"
      },
      "StatusCode": 200,
      "ResponseHeaders": {
        "Cache-Control": "no-cache",
        "Content-Length": "268",
        "Content-Type": "application/json; charset=utf-8",
        "Date": "Tue, 01 Nov 2022 19:48:26 GMT",
        "Expires": "-1",
        "Pragma": "no-cache",
        "Strict-Transport-Security": "max-age=31536000;includeSubDomains",
        "X-Content-Type-Options": "nosniff",
        "x-ms-keyvault-network-info": "conn_type=Ipv4;addr=172.92.159.124;act_addr_fam=InterNetwork;",
        "x-ms-keyvault-rbac-assignment-id": "5405cebb-0832-59fd-b49d-3c34f062a3f5",
        "x-ms-keyvault-rbac-cache": "ra_age=439;da_age=5836;rd_age=5836;brd_age=3377;ra_notif_age=822;dec_lev=1;",
        "x-ms-keyvault-region": "canadacentral",
        "x-ms-keyvault-service-version": "1.9.576.1"
      },
      "ResponseBody": {
        "value": "value2",
        "id": "https://vaultname.vault.azure.net/secrets/livekvtestsecret2ea832903/4f7e5daab8084ef580c28273d44f3555",
        "attributes": {
          "enabled": true,
          "created": 1667332107,
          "updated": 1667332107,
          "recoveryLevel": "CustomizedRecoverable\u002BPurgeable",
          "recoverableDays": 7
        }
      }
    },
    {
      "RequestUri": "https://vaultname.vault.azure.net/secrets/livekvtestsecret3ea832903?api-version=7.2",
      "RequestMethod": "PUT",
      "RequestHeaders": {
        "Accept": "application/json",
        "Accept-Encoding": "gzip, deflate",
        "Content-Length": "19",
        "Content-Type": "application/json",
        "User-Agent": "azsdk-python-keyvault-secrets/4.7.0b1 Python/3.10.0 (Windows-10-10.0.22621-SP0)"
      },
      "RequestBody": {
        "value": "value3"
      },
      "StatusCode": 200,
      "ResponseHeaders": {
        "Cache-Control": "no-cache",
        "Content-Length": "268",
        "Content-Type": "application/json; charset=utf-8",
        "Date": "Tue, 01 Nov 2022 19:48:26 GMT",
        "Expires": "-1",
        "Pragma": "no-cache",
        "Strict-Transport-Security": "max-age=31536000;includeSubDomains",
        "X-Content-Type-Options": "nosniff",
        "x-ms-keyvault-network-info": "conn_type=Ipv4;addr=172.92.159.124;act_addr_fam=InterNetwork;",
        "x-ms-keyvault-rbac-assignment-id": "5405cebb-0832-59fd-b49d-3c34f062a3f5",
        "x-ms-keyvault-rbac-cache": "ra_age=439;da_age=5836;rd_age=5836;brd_age=3378;ra_notif_age=823;dec_lev=1;",
        "x-ms-keyvault-region": "canadacentral",
        "x-ms-keyvault-service-version": "1.9.576.1"
      },
      "ResponseBody": {
        "value": "value3",
        "id": "https://vaultname.vault.azure.net/secrets/livekvtestsecret3ea832903/161dcd32b5e94579bb0e4e14a968b6c8",
        "attributes": {
          "enabled": true,
          "created": 1667332107,
          "updated": 1667332107,
          "recoveryLevel": "CustomizedRecoverable\u002BPurgeable",
          "recoverableDays": 7
        }
      }
    },
    {
      "RequestUri": "https://vaultname.vault.azure.net/secrets/livekvtestsecret4ea832903?api-version=7.2",
      "RequestMethod": "PUT",
      "RequestHeaders": {
        "Accept": "application/json",
        "Accept-Encoding": "gzip, deflate",
        "Content-Length": "19",
        "Content-Type": "application/json",
        "User-Agent": "azsdk-python-keyvault-secrets/4.7.0b1 Python/3.10.0 (Windows-10-10.0.22621-SP0)"
      },
      "RequestBody": {
        "value": "value4"
      },
      "StatusCode": 200,
      "ResponseHeaders": {
        "Cache-Control": "no-cache",
        "Content-Length": "268",
        "Content-Type": "application/json; charset=utf-8",
        "Date": "Tue, 01 Nov 2022 19:48:27 GMT",
        "Expires": "-1",
        "Pragma": "no-cache",
        "Strict-Transport-Security": "max-age=31536000;includeSubDomains",
        "X-Content-Type-Options": "nosniff",
        "x-ms-keyvault-network-info": "conn_type=Ipv4;addr=172.92.159.124;act_addr_fam=InterNetwork;",
        "x-ms-keyvault-rbac-assignment-id": "5405cebb-0832-59fd-b49d-3c34f062a3f5",
        "x-ms-keyvault-rbac-cache": "ra_age=439;da_age=5836;rd_age=5836;brd_age=3378;ra_notif_age=823;dec_lev=1;",
        "x-ms-keyvault-region": "canadacentral",
        "x-ms-keyvault-service-version": "1.9.576.1"
      },
      "ResponseBody": {
        "value": "value4",
        "id": "https://vaultname.vault.azure.net/secrets/livekvtestsecret4ea832903/9e3930889ef746d2af481181ae532910",
        "attributes": {
          "enabled": true,
          "created": 1667332107,
          "updated": 1667332107,
          "recoveryLevel": "CustomizedRecoverable\u002BPurgeable",
          "recoverableDays": 7
        }
      }
    },
    {
      "RequestUri": "https://vaultname.vault.azure.net/secrets/livekvtestsecret5ea832903?api-version=7.2",
      "RequestMethod": "PUT",
      "RequestHeaders": {
        "Accept": "application/json",
        "Accept-Encoding": "gzip, deflate",
        "Content-Length": "19",
        "Content-Type": "application/json",
        "User-Agent": "azsdk-python-keyvault-secrets/4.7.0b1 Python/3.10.0 (Windows-10-10.0.22621-SP0)"
      },
      "RequestBody": {
        "value": "value5"
      },
      "StatusCode": 200,
      "ResponseHeaders": {
        "Cache-Control": "no-cache",
        "Content-Length": "268",
        "Content-Type": "application/json; charset=utf-8",
        "Date": "Tue, 01 Nov 2022 19:48:27 GMT",
        "Expires": "-1",
        "Pragma": "no-cache",
        "Strict-Transport-Security": "max-age=31536000;includeSubDomains",
        "X-Content-Type-Options": "nosniff",
        "x-ms-keyvault-network-info": "conn_type=Ipv4;addr=172.92.159.124;act_addr_fam=InterNetwork;",
        "x-ms-keyvault-rbac-assignment-id": "5405cebb-0832-59fd-b49d-3c34f062a3f5",
        "x-ms-keyvault-rbac-cache": "ra_age=439;da_age=5837;rd_age=5837;brd_age=3378;ra_notif_age=823;dec_lev=1;",
        "x-ms-keyvault-region": "canadacentral",
        "x-ms-keyvault-service-version": "1.9.576.1"
      },
      "ResponseBody": {
        "value": "value5",
        "id": "https://vaultname.vault.azure.net/secrets/livekvtestsecret5ea832903/6e7f05525e5c4b34bcaa800fd2f9766d",
        "attributes": {
          "enabled": true,
          "created": 1667332108,
          "updated": 1667332108,
          "recoveryLevel": "CustomizedRecoverable\u002BPurgeable",
          "recoverableDays": 7
        }
      }
    },
    {
      "RequestUri": "https://vaultname.vault.azure.net/secrets/livekvtestsecret6ea832903?api-version=7.2",
      "RequestMethod": "PUT",
      "RequestHeaders": {
        "Accept": "application/json",
        "Accept-Encoding": "gzip, deflate",
        "Content-Length": "19",
        "Content-Type": "application/json",
        "User-Agent": "azsdk-python-keyvault-secrets/4.7.0b1 Python/3.10.0 (Windows-10-10.0.22621-SP0)"
      },
      "RequestBody": {
        "value": "value6"
      },
      "StatusCode": 200,
      "ResponseHeaders": {
        "Cache-Control": "no-cache",
        "Content-Length": "268",
        "Content-Type": "application/json; charset=utf-8",
        "Date": "Tue, 01 Nov 2022 19:48:27 GMT",
        "Expires": "-1",
        "Pragma": "no-cache",
        "Strict-Transport-Security": "max-age=31536000;includeSubDomains",
        "X-Content-Type-Options": "nosniff",
        "x-ms-keyvault-network-info": "conn_type=Ipv4;addr=172.92.159.124;act_addr_fam=InterNetwork;",
        "x-ms-keyvault-rbac-assignment-id": "5405cebb-0832-59fd-b49d-3c34f062a3f5",
        "x-ms-keyvault-rbac-cache": "ra_age=439;da_age=5837;rd_age=5837;brd_age=3378;ra_notif_age=823;dec_lev=1;",
        "x-ms-keyvault-region": "canadacentral",
        "x-ms-keyvault-service-version": "1.9.576.1"
      },
      "ResponseBody": {
        "value": "value6",
        "id": "https://vaultname.vault.azure.net/secrets/livekvtestsecret6ea832903/a14f1e0af93c4a89bcad01123d92a594",
        "attributes": {
          "enabled": true,
          "created": 1667332108,
          "updated": 1667332108,
          "recoveryLevel": "CustomizedRecoverable\u002BPurgeable",
          "recoverableDays": 7
        }
      }
    },
    {
      "RequestUri": "https://vaultname.vault.azure.net/secrets/livekvtestsecret0ea832903?api-version=7.2",
      "RequestMethod": "DELETE",
      "RequestHeaders": {
        "Accept": "application/json",
        "Accept-Encoding": "gzip, deflate",
        "Content-Length": "0",
        "User-Agent": "azsdk-python-keyvault-secrets/4.7.0b1 Python/3.10.0 (Windows-10-10.0.22621-SP0)"
      },
      "RequestBody": null,
      "StatusCode": 200,
      "ResponseHeaders": {
        "Cache-Control": "no-cache",
        "Content-Length": "398",
        "Content-Type": "application/json; charset=utf-8",
        "Date": "Tue, 01 Nov 2022 19:48:27 GMT",
        "Expires": "-1",
        "Pragma": "no-cache",
        "Strict-Transport-Security": "max-age=31536000;includeSubDomains",
        "X-Content-Type-Options": "nosniff",
        "x-ms-keyvault-network-info": "conn_type=Ipv4;addr=172.92.159.124;act_addr_fam=InterNetwork;",
        "x-ms-keyvault-rbac-assignment-id": "5405cebb-0832-59fd-b49d-3c34f062a3f5",
        "x-ms-keyvault-rbac-cache": "ra_age=439;da_age=5837;rd_age=5837;brd_age=3378;ra_notif_age=823;dec_lev=1;",
        "x-ms-keyvault-region": "canadacentral",
        "x-ms-keyvault-service-version": "1.9.576.1"
      },
      "ResponseBody": {
        "recoveryId": "https://vaultname.vault.azure.net/deletedsecrets/livekvtestsecret0ea832903",
        "deletedDate": 1667332108,
        "scheduledPurgeDate": 1667936908,
        "id": "https://vaultname.vault.azure.net/secrets/livekvtestsecret0ea832903/b48bdddb2a4147fb820fc55ae80d01f7",
        "attributes": {
          "enabled": true,
          "created": 1667332107,
          "updated": 1667332107,
          "recoveryLevel": "CustomizedRecoverable\u002BPurgeable",
          "recoverableDays": 7
        }
      }
    },
    {
      "RequestUri": "https://vaultname.vault.azure.net/deletedsecrets/livekvtestsecret0ea832903?api-version=7.2",
      "RequestMethod": "GET",
      "RequestHeaders": {
        "Accept": "application/json",
        "Accept-Encoding": "gzip, deflate",
        "User-Agent": "azsdk-python-keyvault-secrets/4.7.0b1 Python/3.10.0 (Windows-10-10.0.22621-SP0)"
      },
      "RequestBody": null,
      "StatusCode": 404,
      "ResponseHeaders": {
        "Cache-Control": "no-cache",
        "Content-Length": "99",
        "Content-Type": "application/json; charset=utf-8",
        "Date": "Tue, 01 Nov 2022 19:48:27 GMT",
        "Expires": "-1",
        "Pragma": "no-cache",
        "Strict-Transport-Security": "max-age=31536000;includeSubDomains",
        "X-Content-Type-Options": "nosniff",
        "x-ms-keyvault-network-info": "conn_type=Ipv4;addr=172.92.159.124;act_addr_fam=InterNetwork;",
        "x-ms-keyvault-rbac-assignment-id": "5405cebb-0832-59fd-b49d-3c34f062a3f5",
        "x-ms-keyvault-rbac-cache": "ra_age=439;da_age=5837;rd_age=5837;brd_age=3378;ra_notif_age=823;dec_lev=1;",
        "x-ms-keyvault-region": "canadacentral",
        "x-ms-keyvault-service-version": "1.9.576.1"
      },
      "ResponseBody": {
        "error": {
          "code": "SecretNotFound",
          "message": "Deleted Secret not found: livekvtestsecret0ea832903"
        }
      }
    },
    {
      "RequestUri": "https://vaultname.vault.azure.net/deletedsecrets/livekvtestsecret0ea832903?api-version=7.2",
      "RequestMethod": "GET",
      "RequestHeaders": {
        "Accept": "application/json",
        "Accept-Encoding": "gzip, deflate",
        "User-Agent": "azsdk-python-keyvault-secrets/4.7.0b1 Python/3.10.0 (Windows-10-10.0.22621-SP0)"
      },
      "RequestBody": null,
      "StatusCode": 200,
      "ResponseHeaders": {
        "Cache-Control": "no-cache",
        "Content-Length": "398",
        "Content-Type": "application/json; charset=utf-8",
        "Date": "Tue, 01 Nov 2022 19:48:29 GMT",
        "Expires": "-1",
        "Pragma": "no-cache",
        "Strict-Transport-Security": "max-age=31536000;includeSubDomains",
        "X-Content-Type-Options": "nosniff",
        "x-ms-keyvault-network-info": "conn_type=Ipv4;addr=172.92.159.124;act_addr_fam=InterNetwork;",
        "x-ms-keyvault-rbac-assignment-id": "5405cebb-0832-59fd-b49d-3c34f062a3f5",
        "x-ms-keyvault-rbac-cache": "ra_age=442;da_age=5839;rd_age=5839;brd_age=3380;ra_notif_age=825;dec_lev=0;",
        "x-ms-keyvault-region": "canadacentral",
        "x-ms-keyvault-service-version": "1.9.576.1"
      },
      "ResponseBody": {
        "recoveryId": "https://vaultname.vault.azure.net/deletedsecrets/livekvtestsecret0ea832903",
        "deletedDate": 1667332108,
        "scheduledPurgeDate": 1667936908,
        "id": "https://vaultname.vault.azure.net/secrets/livekvtestsecret0ea832903/b48bdddb2a4147fb820fc55ae80d01f7",
        "attributes": {
          "enabled": true,
          "created": 1667332107,
          "updated": 1667332107,
          "recoveryLevel": "CustomizedRecoverable\u002BPurgeable",
          "recoverableDays": 7
        }
      }
    },
    {
      "RequestUri": "https://vaultname.vault.azure.net/secrets/livekvtestsecret1ea832903?api-version=7.2",
      "RequestMethod": "DELETE",
      "RequestHeaders": {
        "Accept": "application/json",
        "Accept-Encoding": "gzip, deflate",
        "Content-Length": "0",
        "User-Agent": "azsdk-python-keyvault-secrets/4.7.0b1 Python/3.10.0 (Windows-10-10.0.22621-SP0)"
      },
      "RequestBody": null,
      "StatusCode": 200,
      "ResponseHeaders": {
        "Cache-Control": "no-cache",
        "Content-Length": "398",
        "Content-Type": "application/json; charset=utf-8",
        "Date": "Tue, 01 Nov 2022 19:48:29 GMT",
        "Expires": "-1",
        "Pragma": "no-cache",
        "Strict-Transport-Security": "max-age=31536000;includeSubDomains",
        "X-Content-Type-Options": "nosniff",
        "x-ms-keyvault-network-info": "conn_type=Ipv4;addr=172.92.159.124;act_addr_fam=InterNetwork;",
        "x-ms-keyvault-rbac-assignment-id": "5405cebb-0832-59fd-b49d-3c34f062a3f5",
        "x-ms-keyvault-rbac-cache": "ra_age=442;da_age=5839;rd_age=5839;brd_age=3380;ra_notif_age=825;dec_lev=1;",
        "x-ms-keyvault-region": "canadacentral",
        "x-ms-keyvault-service-version": "1.9.576.1"
      },
      "ResponseBody": {
        "recoveryId": "https://vaultname.vault.azure.net/deletedsecrets/livekvtestsecret1ea832903",
        "deletedDate": 1667332110,
        "scheduledPurgeDate": 1667936910,
        "id": "https://vaultname.vault.azure.net/secrets/livekvtestsecret1ea832903/1877c994681a4392b5f0237b87205603",
        "attributes": {
          "enabled": true,
          "created": 1667332107,
          "updated": 1667332107,
          "recoveryLevel": "CustomizedRecoverable\u002BPurgeable",
          "recoverableDays": 7
        }
      }
    },
    {
      "RequestUri": "https://vaultname.vault.azure.net/deletedsecrets/livekvtestsecret1ea832903?api-version=7.2",
      "RequestMethod": "GET",
      "RequestHeaders": {
        "Accept": "application/json",
        "Accept-Encoding": "gzip, deflate",
        "User-Agent": "azsdk-python-keyvault-secrets/4.7.0b1 Python/3.10.0 (Windows-10-10.0.22621-SP0)"
      },
      "RequestBody": null,
      "StatusCode": 404,
      "ResponseHeaders": {
        "Cache-Control": "no-cache",
        "Content-Length": "99",
        "Content-Type": "application/json; charset=utf-8",
        "Date": "Tue, 01 Nov 2022 19:48:29 GMT",
        "Expires": "-1",
        "Pragma": "no-cache",
        "Strict-Transport-Security": "max-age=31536000;includeSubDomains",
        "X-Content-Type-Options": "nosniff",
        "x-ms-keyvault-network-info": "conn_type=Ipv4;addr=172.92.159.124;act_addr_fam=InterNetwork;",
        "x-ms-keyvault-rbac-assignment-id": "5405cebb-0832-59fd-b49d-3c34f062a3f5",
        "x-ms-keyvault-rbac-cache": "ra_age=442;da_age=5839;rd_age=5839;brd_age=3381;ra_notif_age=826;dec_lev=1;",
        "x-ms-keyvault-region": "canadacentral",
        "x-ms-keyvault-service-version": "1.9.576.1"
      },
      "ResponseBody": {
        "error": {
          "code": "SecretNotFound",
          "message": "Deleted Secret not found: livekvtestsecret1ea832903"
        }
      }
    },
    {
      "RequestUri": "https://vaultname.vault.azure.net/deletedsecrets/livekvtestsecret1ea832903?api-version=7.2",
      "RequestMethod": "GET",
      "RequestHeaders": {
        "Accept": "application/json",
        "Accept-Encoding": "gzip, deflate",
        "User-Agent": "azsdk-python-keyvault-secrets/4.7.0b1 Python/3.10.0 (Windows-10-10.0.22621-SP0)"
      },
      "RequestBody": null,
      "StatusCode": 200,
      "ResponseHeaders": {
        "Cache-Control": "no-cache",
        "Content-Length": "398",
        "Content-Type": "application/json; charset=utf-8",
        "Date": "Tue, 01 Nov 2022 19:48:32 GMT",
        "Expires": "-1",
        "Pragma": "no-cache",
        "Strict-Transport-Security": "max-age=31536000;includeSubDomains",
        "X-Content-Type-Options": "nosniff",
        "x-ms-keyvault-network-info": "conn_type=Ipv4;addr=172.92.159.124;act_addr_fam=InterNetwork;",
        "x-ms-keyvault-rbac-assignment-id": "5405cebb-0832-59fd-b49d-3c34f062a3f5",
        "x-ms-keyvault-rbac-cache": "ra_age=444;da_age=5842;rd_age=5842;brd_age=3383;ra_notif_age=828;dec_lev=0;",
        "x-ms-keyvault-region": "canadacentral",
        "x-ms-keyvault-service-version": "1.9.576.1"
      },
      "ResponseBody": {
        "recoveryId": "https://vaultname.vault.azure.net/deletedsecrets/livekvtestsecret1ea832903",
        "deletedDate": 1667332110,
        "scheduledPurgeDate": 1667936910,
        "id": "https://vaultname.vault.azure.net/secrets/livekvtestsecret1ea832903/1877c994681a4392b5f0237b87205603",
        "attributes": {
          "enabled": true,
          "created": 1667332107,
          "updated": 1667332107,
          "recoveryLevel": "CustomizedRecoverable\u002BPurgeable",
          "recoverableDays": 7
        }
      }
    },
    {
      "RequestUri": "https://vaultname.vault.azure.net/secrets/livekvtestsecret2ea832903?api-version=7.2",
      "RequestMethod": "DELETE",
      "RequestHeaders": {
        "Accept": "application/json",
        "Accept-Encoding": "gzip, deflate",
        "Content-Length": "0",
        "User-Agent": "azsdk-python-keyvault-secrets/4.7.0b1 Python/3.10.0 (Windows-10-10.0.22621-SP0)"
      },
      "RequestBody": null,
      "StatusCode": 200,
      "ResponseHeaders": {
        "Cache-Control": "no-cache",
        "Content-Length": "398",
        "Content-Type": "application/json; charset=utf-8",
        "Date": "Tue, 01 Nov 2022 19:48:32 GMT",
        "Expires": "-1",
        "Pragma": "no-cache",
        "Strict-Transport-Security": "max-age=31536000;includeSubDomains",
        "X-Content-Type-Options": "nosniff",
        "x-ms-keyvault-network-info": "conn_type=Ipv4;addr=172.92.159.124;act_addr_fam=InterNetwork;",
        "x-ms-keyvault-rbac-assignment-id": "5405cebb-0832-59fd-b49d-3c34f062a3f5",
        "x-ms-keyvault-rbac-cache": "ra_age=444;da_age=5842;rd_age=5842;brd_age=3383;ra_notif_age=828;dec_lev=1;",
        "x-ms-keyvault-region": "canadacentral",
        "x-ms-keyvault-service-version": "1.9.576.1"
      },
      "ResponseBody": {
        "recoveryId": "https://vaultname.vault.azure.net/deletedsecrets/livekvtestsecret2ea832903",
        "deletedDate": 1667332113,
        "scheduledPurgeDate": 1667936913,
        "id": "https://vaultname.vault.azure.net/secrets/livekvtestsecret2ea832903/4f7e5daab8084ef580c28273d44f3555",
        "attributes": {
          "enabled": true,
          "created": 1667332107,
          "updated": 1667332107,
          "recoveryLevel": "CustomizedRecoverable\u002BPurgeable",
          "recoverableDays": 7
        }
      }
    },
    {
      "RequestUri": "https://vaultname.vault.azure.net/deletedsecrets/livekvtestsecret2ea832903?api-version=7.2",
      "RequestMethod": "GET",
      "RequestHeaders": {
        "Accept": "application/json",
        "Accept-Encoding": "gzip, deflate",
        "User-Agent": "azsdk-python-keyvault-secrets/4.7.0b1 Python/3.10.0 (Windows-10-10.0.22621-SP0)"
      },
      "RequestBody": null,
      "StatusCode": 404,
      "ResponseHeaders": {
        "Cache-Control": "no-cache",
        "Content-Length": "99",
        "Content-Type": "application/json; charset=utf-8",
        "Date": "Tue, 01 Nov 2022 19:48:32 GMT",
        "Expires": "-1",
        "Pragma": "no-cache",
        "Strict-Transport-Security": "max-age=31536000;includeSubDomains",
        "X-Content-Type-Options": "nosniff",
        "x-ms-keyvault-network-info": "conn_type=Ipv4;addr=172.92.159.124;act_addr_fam=InterNetwork;",
        "x-ms-keyvault-rbac-assignment-id": "5405cebb-0832-59fd-b49d-3c34f062a3f5",
        "x-ms-keyvault-rbac-cache": "ra_age=444;da_age=5842;rd_age=5842;brd_age=3383;ra_notif_age=828;dec_lev=1;",
        "x-ms-keyvault-region": "canadacentral",
        "x-ms-keyvault-service-version": "1.9.576.1"
      },
      "ResponseBody": {
        "error": {
          "code": "SecretNotFound",
          "message": "Deleted Secret not found: livekvtestsecret2ea832903"
        }
      }
    },
    {
      "RequestUri": "https://vaultname.vault.azure.net/deletedsecrets/livekvtestsecret2ea832903?api-version=7.2",
      "RequestMethod": "GET",
      "RequestHeaders": {
        "Accept": "application/json",
        "Accept-Encoding": "gzip, deflate",
        "User-Agent": "azsdk-python-keyvault-secrets/4.7.0b1 Python/3.10.0 (Windows-10-10.0.22621-SP0)"
      },
      "RequestBody": null,
      "StatusCode": 200,
      "ResponseHeaders": {
        "Cache-Control": "no-cache",
        "Content-Length": "398",
        "Content-Type": "application/json; charset=utf-8",
        "Date": "Tue, 01 Nov 2022 19:48:34 GMT",
        "Expires": "-1",
        "Pragma": "no-cache",
        "Strict-Transport-Security": "max-age=31536000;includeSubDomains",
        "X-Content-Type-Options": "nosniff",
        "x-ms-keyvault-network-info": "conn_type=Ipv4;addr=172.92.159.124;act_addr_fam=InterNetwork;",
        "x-ms-keyvault-rbac-assignment-id": "5405cebb-0832-59fd-b49d-3c34f062a3f5",
        "x-ms-keyvault-rbac-cache": "ra_age=446;da_age=5844;rd_age=5844;brd_age=3385;ra_notif_age=830;dec_lev=0;",
        "x-ms-keyvault-region": "canadacentral",
        "x-ms-keyvault-service-version": "1.9.576.1"
      },
      "ResponseBody": {
        "recoveryId": "https://vaultname.vault.azure.net/deletedsecrets/livekvtestsecret2ea832903",
        "deletedDate": 1667332113,
        "scheduledPurgeDate": 1667936913,
        "id": "https://vaultname.vault.azure.net/secrets/livekvtestsecret2ea832903/4f7e5daab8084ef580c28273d44f3555",
        "attributes": {
          "enabled": true,
          "created": 1667332107,
          "updated": 1667332107,
          "recoveryLevel": "CustomizedRecoverable\u002BPurgeable",
          "recoverableDays": 7
        }
      }
    },
    {
      "RequestUri": "https://vaultname.vault.azure.net/secrets/livekvtestsecret3ea832903?api-version=7.2",
      "RequestMethod": "DELETE",
      "RequestHeaders": {
        "Accept": "application/json",
        "Accept-Encoding": "gzip, deflate",
        "Content-Length": "0",
        "User-Agent": "azsdk-python-keyvault-secrets/4.7.0b1 Python/3.10.0 (Windows-10-10.0.22621-SP0)"
      },
      "RequestBody": null,
      "StatusCode": 200,
      "ResponseHeaders": {
        "Cache-Control": "no-cache",
        "Content-Length": "398",
        "Content-Type": "application/json; charset=utf-8",
        "Date": "Tue, 01 Nov 2022 19:48:34 GMT",
        "Expires": "-1",
        "Pragma": "no-cache",
        "Strict-Transport-Security": "max-age=31536000;includeSubDomains",
        "X-Content-Type-Options": "nosniff",
        "x-ms-keyvault-network-info": "conn_type=Ipv4;addr=172.92.159.124;act_addr_fam=InterNetwork;",
        "x-ms-keyvault-rbac-assignment-id": "5405cebb-0832-59fd-b49d-3c34f062a3f5",
        "x-ms-keyvault-rbac-cache": "ra_age=446;da_age=5844;rd_age=5844;brd_age=3385;ra_notif_age=830;dec_lev=1;",
        "x-ms-keyvault-region": "canadacentral",
        "x-ms-keyvault-service-version": "1.9.576.1"
      },
      "ResponseBody": {
        "recoveryId": "https://vaultname.vault.azure.net/deletedsecrets/livekvtestsecret3ea832903",
        "deletedDate": 1667332115,
        "scheduledPurgeDate": 1667936915,
        "id": "https://vaultname.vault.azure.net/secrets/livekvtestsecret3ea832903/161dcd32b5e94579bb0e4e14a968b6c8",
        "attributes": {
          "enabled": true,
          "created": 1667332107,
          "updated": 1667332107,
          "recoveryLevel": "CustomizedRecoverable\u002BPurgeable",
          "recoverableDays": 7
        }
      }
    },
    {
      "RequestUri": "https://vaultname.vault.azure.net/deletedsecrets/livekvtestsecret3ea832903?api-version=7.2",
      "RequestMethod": "GET",
      "RequestHeaders": {
        "Accept": "application/json",
        "Accept-Encoding": "gzip, deflate",
        "User-Agent": "azsdk-python-keyvault-secrets/4.7.0b1 Python/3.10.0 (Windows-10-10.0.22621-SP0)"
      },
      "RequestBody": null,
      "StatusCode": 404,
      "ResponseHeaders": {
        "Cache-Control": "no-cache",
        "Content-Length": "99",
        "Content-Type": "application/json; charset=utf-8",
        "Date": "Tue, 01 Nov 2022 19:48:34 GMT",
        "Expires": "-1",
        "Pragma": "no-cache",
        "Strict-Transport-Security": "max-age=31536000;includeSubDomains",
        "X-Content-Type-Options": "nosniff",
        "x-ms-keyvault-network-info": "conn_type=Ipv4;addr=172.92.159.124;act_addr_fam=InterNetwork;",
        "x-ms-keyvault-rbac-assignment-id": "5405cebb-0832-59fd-b49d-3c34f062a3f5",
        "x-ms-keyvault-rbac-cache": "ra_age=447;da_age=5845;rd_age=5845;brd_age=3386;ra_notif_age=831;dec_lev=1;",
        "x-ms-keyvault-region": "canadacentral",
        "x-ms-keyvault-service-version": "1.9.576.1"
      },
      "ResponseBody": {
        "error": {
          "code": "SecretNotFound",
          "message": "Deleted Secret not found: livekvtestsecret3ea832903"
        }
      }
    },
    {
      "RequestUri": "https://vaultname.vault.azure.net/deletedsecrets/livekvtestsecret3ea832903?api-version=7.2",
      "RequestMethod": "GET",
      "RequestHeaders": {
        "Accept": "application/json",
        "Accept-Encoding": "gzip, deflate",
        "User-Agent": "azsdk-python-keyvault-secrets/4.7.0b1 Python/3.10.0 (Windows-10-10.0.22621-SP0)"
      },
      "RequestBody": null,
      "StatusCode": 200,
      "ResponseHeaders": {
        "Cache-Control": "no-cache",
        "Content-Length": "398",
        "Content-Type": "application/json; charset=utf-8",
        "Date": "Tue, 01 Nov 2022 19:48:38 GMT",
        "Expires": "-1",
        "Pragma": "no-cache",
        "Strict-Transport-Security": "max-age=31536000;includeSubDomains",
        "X-Content-Type-Options": "nosniff",
        "x-ms-keyvault-network-info": "conn_type=Ipv4;addr=172.92.159.124;act_addr_fam=InterNetwork;",
        "x-ms-keyvault-rbac-assignment-id": "5405cebb-0832-59fd-b49d-3c34f062a3f5",
        "x-ms-keyvault-rbac-cache": "ra_age=449;da_age=5847;rd_age=5847;brd_age=3388;ra_notif_age=833;dec_lev=0;",
        "x-ms-keyvault-region": "canadacentral",
        "x-ms-keyvault-service-version": "1.9.576.1"
      },
      "ResponseBody": {
        "recoveryId": "https://vaultname.vault.azure.net/deletedsecrets/livekvtestsecret3ea832903",
        "deletedDate": 1667332115,
        "scheduledPurgeDate": 1667936915,
        "id": "https://vaultname.vault.azure.net/secrets/livekvtestsecret3ea832903/161dcd32b5e94579bb0e4e14a968b6c8",
        "attributes": {
          "enabled": true,
          "created": 1667332107,
          "updated": 1667332107,
          "recoveryLevel": "CustomizedRecoverable\u002BPurgeable",
          "recoverableDays": 7
        }
      }
    },
    {
      "RequestUri": "https://vaultname.vault.azure.net/secrets/livekvtestsecret4ea832903?api-version=7.2",
      "RequestMethod": "DELETE",
      "RequestHeaders": {
        "Accept": "application/json",
        "Accept-Encoding": "gzip, deflate",
        "Content-Length": "0",
        "User-Agent": "azsdk-python-keyvault-secrets/4.7.0b1 Python/3.10.0 (Windows-10-10.0.22621-SP0)"
      },
      "RequestBody": null,
      "StatusCode": 200,
      "ResponseHeaders": {
        "Cache-Control": "no-cache",
        "Content-Length": "398",
        "Content-Type": "application/json; charset=utf-8",
        "Date": "Tue, 01 Nov 2022 19:48:38 GMT",
        "Expires": "-1",
        "Pragma": "no-cache",
        "Strict-Transport-Security": "max-age=31536000;includeSubDomains",
        "X-Content-Type-Options": "nosniff",
        "x-ms-keyvault-network-info": "conn_type=Ipv4;addr=172.92.159.124;act_addr_fam=InterNetwork;",
        "x-ms-keyvault-rbac-assignment-id": "5405cebb-0832-59fd-b49d-3c34f062a3f5",
        "x-ms-keyvault-rbac-cache": "ra_age=449;da_age=5847;rd_age=5847;brd_age=3388;ra_notif_age=833;dec_lev=1;",
        "x-ms-keyvault-region": "canadacentral",
        "x-ms-keyvault-service-version": "1.9.576.1"
      },
      "ResponseBody": {
        "recoveryId": "https://vaultname.vault.azure.net/deletedsecrets/livekvtestsecret4ea832903",
        "deletedDate": 1667332118,
        "scheduledPurgeDate": 1667936918,
        "id": "https://vaultname.vault.azure.net/secrets/livekvtestsecret4ea832903/9e3930889ef746d2af481181ae532910",
        "attributes": {
          "enabled": true,
          "created": 1667332107,
          "updated": 1667332107,
          "recoveryLevel": "CustomizedRecoverable\u002BPurgeable",
          "recoverableDays": 7
        }
      }
    },
    {
      "RequestUri": "https://vaultname.vault.azure.net/deletedsecrets/livekvtestsecret4ea832903?api-version=7.2",
      "RequestMethod": "GET",
      "RequestHeaders": {
        "Accept": "application/json",
        "Accept-Encoding": "gzip, deflate",
        "User-Agent": "azsdk-python-keyvault-secrets/4.7.0b1 Python/3.10.0 (Windows-10-10.0.22621-SP0)"
      },
      "RequestBody": null,
      "StatusCode": 404,
      "ResponseHeaders": {
        "Cache-Control": "no-cache",
        "Content-Length": "99",
        "Content-Type": "application/json; charset=utf-8",
        "Date": "Tue, 01 Nov 2022 19:48:38 GMT",
        "Expires": "-1",
        "Pragma": "no-cache",
        "Strict-Transport-Security": "max-age=31536000;includeSubDomains",
        "X-Content-Type-Options": "nosniff",
        "x-ms-keyvault-network-info": "conn_type=Ipv4;addr=172.92.159.124;act_addr_fam=InterNetwork;",
        "x-ms-keyvault-rbac-assignment-id": "5405cebb-0832-59fd-b49d-3c34f062a3f5",
        "x-ms-keyvault-rbac-cache": "ra_age=449;da_age=5847;rd_age=5847;brd_age=3388;ra_notif_age=833;dec_lev=1;",
        "x-ms-keyvault-region": "canadacentral",
        "x-ms-keyvault-service-version": "1.9.576.1"
      },
      "ResponseBody": {
        "error": {
          "code": "SecretNotFound",
          "message": "Deleted Secret not found: livekvtestsecret4ea832903"
        }
      }
    },
    {
      "RequestUri": "https://vaultname.vault.azure.net/deletedsecrets/livekvtestsecret4ea832903?api-version=7.2",
      "RequestMethod": "GET",
      "RequestHeaders": {
        "Accept": "application/json",
        "Accept-Encoding": "gzip, deflate",
        "User-Agent": "azsdk-python-keyvault-secrets/4.7.0b1 Python/3.10.0 (Windows-10-10.0.22621-SP0)"
      },
      "RequestBody": null,
      "StatusCode": 200,
      "ResponseHeaders": {
        "Cache-Control": "no-cache",
        "Content-Length": "398",
        "Content-Type": "application/json; charset=utf-8",
        "Date": "Tue, 01 Nov 2022 19:48:40 GMT",
        "Expires": "-1",
        "Pragma": "no-cache",
        "Strict-Transport-Security": "max-age=31536000;includeSubDomains",
        "X-Content-Type-Options": "nosniff",
        "x-ms-keyvault-network-info": "conn_type=Ipv4;addr=172.92.159.124;act_addr_fam=InterNetwork;",
        "x-ms-keyvault-rbac-assignment-id": "5405cebb-0832-59fd-b49d-3c34f062a3f5",
        "x-ms-keyvault-rbac-cache": "ra_age=451;da_age=5849;rd_age=5849;brd_age=3390;ra_notif_age=835;dec_lev=0;",
        "x-ms-keyvault-region": "canadacentral",
        "x-ms-keyvault-service-version": "1.9.576.1"
      },
      "ResponseBody": {
        "recoveryId": "https://vaultname.vault.azure.net/deletedsecrets/livekvtestsecret4ea832903",
        "deletedDate": 1667332118,
        "scheduledPurgeDate": 1667936918,
        "id": "https://vaultname.vault.azure.net/secrets/livekvtestsecret4ea832903/9e3930889ef746d2af481181ae532910",
        "attributes": {
          "enabled": true,
          "created": 1667332107,
          "updated": 1667332107,
          "recoveryLevel": "CustomizedRecoverable\u002BPurgeable",
          "recoverableDays": 7
        }
      }
    },
    {
      "RequestUri": "https://vaultname.vault.azure.net/secrets/livekvtestsecret5ea832903?api-version=7.2",
      "RequestMethod": "DELETE",
      "RequestHeaders": {
        "Accept": "application/json",
        "Accept-Encoding": "gzip, deflate",
        "Content-Length": "0",
        "User-Agent": "azsdk-python-keyvault-secrets/4.7.0b1 Python/3.10.0 (Windows-10-10.0.22621-SP0)"
      },
      "RequestBody": null,
      "StatusCode": 200,
      "ResponseHeaders": {
        "Cache-Control": "no-cache",
        "Content-Length": "398",
        "Content-Type": "application/json; charset=utf-8",
        "Date": "Tue, 01 Nov 2022 19:48:40 GMT",
        "Expires": "-1",
        "Pragma": "no-cache",
        "Strict-Transport-Security": "max-age=31536000;includeSubDomains",
        "X-Content-Type-Options": "nosniff",
        "x-ms-keyvault-network-info": "conn_type=Ipv4;addr=172.92.159.124;act_addr_fam=InterNetwork;",
        "x-ms-keyvault-rbac-assignment-id": "5405cebb-0832-59fd-b49d-3c34f062a3f5",
        "x-ms-keyvault-rbac-cache": "ra_age=451;da_age=5849;rd_age=5849;brd_age=3390;ra_notif_age=835;dec_lev=1;",
        "x-ms-keyvault-region": "canadacentral",
        "x-ms-keyvault-service-version": "1.9.576.1"
      },
      "ResponseBody": {
        "recoveryId": "https://vaultname.vault.azure.net/deletedsecrets/livekvtestsecret5ea832903",
        "deletedDate": 1667332120,
        "scheduledPurgeDate": 1667936920,
        "id": "https://vaultname.vault.azure.net/secrets/livekvtestsecret5ea832903/6e7f05525e5c4b34bcaa800fd2f9766d",
        "attributes": {
          "enabled": true,
          "created": 1667332108,
          "updated": 1667332108,
          "recoveryLevel": "CustomizedRecoverable\u002BPurgeable",
          "recoverableDays": 7
        }
      }
    },
    {
      "RequestUri": "https://vaultname.vault.azure.net/deletedsecrets/livekvtestsecret5ea832903?api-version=7.2",
      "RequestMethod": "GET",
      "RequestHeaders": {
        "Accept": "application/json",
        "Accept-Encoding": "gzip, deflate",
        "User-Agent": "azsdk-python-keyvault-secrets/4.7.0b1 Python/3.10.0 (Windows-10-10.0.22621-SP0)"
      },
      "RequestBody": null,
      "StatusCode": 404,
      "ResponseHeaders": {
        "Cache-Control": "no-cache",
        "Content-Length": "99",
        "Content-Type": "application/json; charset=utf-8",
        "Date": "Tue, 01 Nov 2022 19:48:40 GMT",
        "Expires": "-1",
        "Pragma": "no-cache",
        "Strict-Transport-Security": "max-age=31536000;includeSubDomains",
        "X-Content-Type-Options": "nosniff",
        "x-ms-keyvault-network-info": "conn_type=Ipv4;addr=172.92.159.124;act_addr_fam=InterNetwork;",
        "x-ms-keyvault-rbac-assignment-id": "5405cebb-0832-59fd-b49d-3c34f062a3f5",
        "x-ms-keyvault-rbac-cache": "ra_age=452;da_age=5850;rd_age=5850;brd_age=3391;ra_notif_age=836;dec_lev=1;",
        "x-ms-keyvault-region": "canadacentral",
        "x-ms-keyvault-service-version": "1.9.576.1"
      },
      "ResponseBody": {
        "error": {
          "code": "SecretNotFound",
          "message": "Deleted Secret not found: livekvtestsecret5ea832903"
        }
      }
    },
    {
      "RequestUri": "https://vaultname.vault.azure.net/deletedsecrets/livekvtestsecret5ea832903?api-version=7.2",
      "RequestMethod": "GET",
      "RequestHeaders": {
        "Accept": "application/json",
        "Accept-Encoding": "gzip, deflate",
        "User-Agent": "azsdk-python-keyvault-secrets/4.7.0b1 Python/3.10.0 (Windows-10-10.0.22621-SP0)"
      },
      "RequestBody": null,
      "StatusCode": 200,
      "ResponseHeaders": {
        "Cache-Control": "no-cache",
        "Content-Length": "398",
        "Content-Type": "application/json; charset=utf-8",
        "Date": "Tue, 01 Nov 2022 19:48:42 GMT",
        "Expires": "-1",
        "Pragma": "no-cache",
        "Strict-Transport-Security": "max-age=31536000;includeSubDomains",
        "X-Content-Type-Options": "nosniff",
        "x-ms-keyvault-network-info": "conn_type=Ipv4;addr=172.92.159.124;act_addr_fam=InterNetwork;",
        "x-ms-keyvault-rbac-assignment-id": "5405cebb-0832-59fd-b49d-3c34f062a3f5",
        "x-ms-keyvault-rbac-cache": "ra_age=454;da_age=5852;rd_age=5852;brd_age=3393;ra_notif_age=838;dec_lev=0;",
        "x-ms-keyvault-region": "canadacentral",
        "x-ms-keyvault-service-version": "1.9.576.1"
      },
      "ResponseBody": {
        "recoveryId": "https://vaultname.vault.azure.net/deletedsecrets/livekvtestsecret5ea832903",
        "deletedDate": 1667332120,
        "scheduledPurgeDate": 1667936920,
        "id": "https://vaultname.vault.azure.net/secrets/livekvtestsecret5ea832903/6e7f05525e5c4b34bcaa800fd2f9766d",
        "attributes": {
          "enabled": true,
          "created": 1667332108,
          "updated": 1667332108,
          "recoveryLevel": "CustomizedRecoverable\u002BPurgeable",
          "recoverableDays": 7
        }
      }
    },
    {
      "RequestUri": "https://vaultname.vault.azure.net/secrets/livekvtestsecret6ea832903?api-version=7.2",
      "RequestMethod": "DELETE",
      "RequestHeaders": {
        "Accept": "application/json",
        "Accept-Encoding": "gzip, deflate",
        "Content-Length": "0",
        "User-Agent": "azsdk-python-keyvault-secrets/4.7.0b1 Python/3.10.0 (Windows-10-10.0.22621-SP0)"
      },
      "RequestBody": null,
      "StatusCode": 200,
      "ResponseHeaders": {
        "Cache-Control": "no-cache",
        "Content-Length": "398",
        "Content-Type": "application/json; charset=utf-8",
        "Date": "Tue, 01 Nov 2022 19:48:43 GMT",
        "Expires": "-1",
        "Pragma": "no-cache",
        "Strict-Transport-Security": "max-age=31536000;includeSubDomains",
        "X-Content-Type-Options": "nosniff",
        "x-ms-keyvault-network-info": "conn_type=Ipv4;addr=172.92.159.124;act_addr_fam=InterNetwork;",
        "x-ms-keyvault-rbac-assignment-id": "5405cebb-0832-59fd-b49d-3c34f062a3f5",
        "x-ms-keyvault-rbac-cache": "ra_age=454;da_age=5852;rd_age=5852;brd_age=3393;ra_notif_age=838;dec_lev=1;",
        "x-ms-keyvault-region": "canadacentral",
        "x-ms-keyvault-service-version": "1.9.576.1"
      },
      "ResponseBody": {
        "recoveryId": "https://vaultname.vault.azure.net/deletedsecrets/livekvtestsecret6ea832903",
        "deletedDate": 1667332123,
        "scheduledPurgeDate": 1667936923,
        "id": "https://vaultname.vault.azure.net/secrets/livekvtestsecret6ea832903/a14f1e0af93c4a89bcad01123d92a594",
        "attributes": {
          "enabled": true,
          "created": 1667332108,
          "updated": 1667332108,
          "recoveryLevel": "CustomizedRecoverable\u002BPurgeable",
          "recoverableDays": 7
        }
      }
    },
    {
      "RequestUri": "https://vaultname.vault.azure.net/deletedsecrets/livekvtestsecret6ea832903?api-version=7.2",
      "RequestMethod": "GET",
      "RequestHeaders": {
        "Accept": "application/json",
        "Accept-Encoding": "gzip, deflate",
        "User-Agent": "azsdk-python-keyvault-secrets/4.7.0b1 Python/3.10.0 (Windows-10-10.0.22621-SP0)"
      },
      "RequestBody": null,
      "StatusCode": 404,
      "ResponseHeaders": {
        "Cache-Control": "no-cache",
        "Content-Length": "99",
        "Content-Type": "application/json; charset=utf-8",
        "Date": "Tue, 01 Nov 2022 19:48:43 GMT",
        "Expires": "-1",
        "Pragma": "no-cache",
        "Strict-Transport-Security": "max-age=31536000;includeSubDomains",
        "X-Content-Type-Options": "nosniff",
        "x-ms-keyvault-network-info": "conn_type=Ipv4;addr=172.92.159.124;act_addr_fam=InterNetwork;",
        "x-ms-keyvault-rbac-assignment-id": "5405cebb-0832-59fd-b49d-3c34f062a3f5",
        "x-ms-keyvault-rbac-cache": "ra_age=454;da_age=5852;rd_age=5852;brd_age=3393;ra_notif_age=838;dec_lev=1;",
        "x-ms-keyvault-region": "canadacentral",
        "x-ms-keyvault-service-version": "1.9.576.1"
      },
      "ResponseBody": {
        "error": {
          "code": "SecretNotFound",
          "message": "Deleted Secret not found: livekvtestsecret6ea832903"
        }
      }
    },
    {
      "RequestUri": "https://vaultname.vault.azure.net/deletedsecrets/livekvtestsecret6ea832903?api-version=7.2",
      "RequestMethod": "GET",
      "RequestHeaders": {
        "Accept": "application/json",
        "Accept-Encoding": "gzip, deflate",
        "User-Agent": "azsdk-python-keyvault-secrets/4.7.0b1 Python/3.10.0 (Windows-10-10.0.22621-SP0)"
      },
      "RequestBody": null,
      "StatusCode": 200,
      "ResponseHeaders": {
        "Cache-Control": "no-cache",
        "Content-Length": "398",
        "Content-Type": "application/json; charset=utf-8",
        "Date": "Tue, 01 Nov 2022 19:48:45 GMT",
        "Expires": "-1",
        "Pragma": "no-cache",
        "Strict-Transport-Security": "max-age=31536000;includeSubDomains",
        "X-Content-Type-Options": "nosniff",
        "x-ms-keyvault-network-info": "conn_type=Ipv4;addr=172.92.159.124;act_addr_fam=InterNetwork;",
        "x-ms-keyvault-rbac-assignment-id": "5405cebb-0832-59fd-b49d-3c34f062a3f5",
        "x-ms-keyvault-rbac-cache": "ra_age=457;da_age=5854;rd_age=5854;brd_age=3395;ra_notif_age=840;dec_lev=0;",
        "x-ms-keyvault-region": "canadacentral",
        "x-ms-keyvault-service-version": "1.9.576.1"
      },
      "ResponseBody": {
        "recoveryId": "https://vaultname.vault.azure.net/deletedsecrets/livekvtestsecret6ea832903",
        "deletedDate": 1667332123,
        "scheduledPurgeDate": 1667936923,
        "id": "https://vaultname.vault.azure.net/secrets/livekvtestsecret6ea832903/a14f1e0af93c4a89bcad01123d92a594",
        "attributes": {
          "enabled": true,
          "created": 1667332108,
          "updated": 1667332108,
          "recoveryLevel": "CustomizedRecoverable\u002BPurgeable",
          "recoverableDays": 7
        }
      }
    },
    {
      "RequestUri": "https://vaultname.vault.azure.net/deletedsecrets?api-version=7.2",
      "RequestMethod": "GET",
      "RequestHeaders": {
        "Accept": "application/json",
        "Accept-Encoding": "gzip, deflate",
        "User-Agent": "azsdk-python-keyvault-secrets/4.7.0b1 Python/3.10.0 (Windows-10-10.0.22621-SP0)"
      },
      "RequestBody": null,
      "StatusCode": 200,
      "ResponseHeaders": {
        "Cache-Control": "no-cache",
        "Content-Length": "354",
        "Content-Type": "application/json; charset=utf-8",
        "Date": "Tue, 01 Nov 2022 19:48:45 GMT",
        "Expires": "-1",
        "Pragma": "no-cache",
        "Strict-Transport-Security": "max-age=31536000;includeSubDomains",
        "X-Content-Type-Options": "nosniff",
        "x-ms-keyvault-network-info": "conn_type=Ipv4;addr=172.92.159.124;act_addr_fam=InterNetwork;",
        "x-ms-keyvault-rbac-assignment-id": "5405cebb-0832-59fd-b49d-3c34f062a3f5",
        "x-ms-keyvault-rbac-cache": "ra_age=457;da_age=5854;rd_age=5854;brd_age=3395;ra_notif_age=840;dec_lev=0;",
        "x-ms-keyvault-region": "canadacentral",
        "x-ms-keyvault-service-version": "1.9.576.1"
      },
      "ResponseBody": {
        "value": [],
        "nextLink": "https://vaultname.vault.azure.net:443/deletedsecrets?api-version=7.2\u0026$skiptoken=Sanitized"
      }
    },
    {
      "RequestUri": "https://vaultname.vault.azure.net/deletedsecrets?api-version=7.2\u0026$skiptoken=Sanitized",
      "RequestMethod": "GET",
      "RequestHeaders": {
        "Accept": "*/*",
        "Accept-Encoding": "gzip, deflate",
        "User-Agent": "azsdk-python-keyvault-secrets/4.7.0b1 Python/3.10.0 (Windows-10-10.0.22621-SP0)"
      },
      "RequestBody": null,
      "StatusCode": 200,
      "ResponseHeaders": {
        "Cache-Control": "no-cache",
        "Content-Length": "289",
        "Content-Type": "application/json; charset=utf-8",
        "Date": "Tue, 01 Nov 2022 19:48:45 GMT",
        "Expires": "-1",
        "Pragma": "no-cache",
        "Strict-Transport-Security": "max-age=31536000;includeSubDomains",
        "X-Content-Type-Options": "nosniff",
        "x-ms-keyvault-network-info": "conn_type=Ipv4;addr=172.92.159.124;act_addr_fam=InterNetwork;",
        "x-ms-keyvault-rbac-assignment-id": "5405cebb-0832-59fd-b49d-3c34f062a3f5",
        "x-ms-keyvault-rbac-cache": "ra_age=457;da_age=5854;rd_age=5854;brd_age=3396;ra_notif_age=841;dec_lev=0;",
        "x-ms-keyvault-region": "canadacentral",
        "x-ms-keyvault-service-version": "1.9.576.1"
      },
      "ResponseBody": {
        "value": [],
        "nextLink": "https://vaultname.vault.azure.net:443/deletedsecrets?api-version=7.2\u0026$skiptoken=Sanitized"
      }
    },
    {
      "RequestUri": "https://vaultname.vault.azure.net/deletedsecrets?api-version=7.2\u0026$skiptoken=Sanitized",
      "RequestMethod": "GET",
      "RequestHeaders": {
        "Accept": "*/*",
        "Accept-Encoding": "gzip, deflate",
        "User-Agent": "azsdk-python-keyvault-secrets/4.7.0b1 Python/3.10.0 (Windows-10-10.0.22621-SP0)"
      },
      "RequestBody": null,
      "StatusCode": 200,
      "ResponseHeaders": {
        "Cache-Control": "no-cache",
        "Content-Length": "354",
        "Content-Type": "application/json; charset=utf-8",
        "Date": "Tue, 01 Nov 2022 19:48:45 GMT",
        "Expires": "-1",
        "Pragma": "no-cache",
        "Strict-Transport-Security": "max-age=31536000;includeSubDomains",
        "X-Content-Type-Options": "nosniff",
        "x-ms-keyvault-network-info": "conn_type=Ipv4;addr=172.92.159.124;act_addr_fam=InterNetwork;",
        "x-ms-keyvault-rbac-assignment-id": "5405cebb-0832-59fd-b49d-3c34f062a3f5",
        "x-ms-keyvault-rbac-cache": "ra_age=457;da_age=5855;rd_age=5855;brd_age=3396;ra_notif_age=841;dec_lev=0;",
        "x-ms-keyvault-region": "canadacentral",
        "x-ms-keyvault-service-version": "1.9.576.1"
      },
      "ResponseBody": {
        "value": [],
        "nextLink": "https://vaultname.vault.azure.net:443/deletedsecrets?api-version=7.2\u0026$skiptoken=Sanitized"
      }
    },
    {
      "RequestUri": "https://vaultname.vault.azure.net/deletedsecrets?api-version=7.2\u0026$skiptoken=Sanitized",
      "RequestMethod": "GET",
      "RequestHeaders": {
        "Accept": "*/*",
        "Accept-Encoding": "gzip, deflate",
        "User-Agent": "azsdk-python-keyvault-secrets/4.7.0b1 Python/3.10.0 (Windows-10-10.0.22621-SP0)"
      },
      "RequestBody": null,
      "StatusCode": 200,
      "ResponseHeaders": {
        "Cache-Control": "no-cache",
        "Content-Length": "301",
        "Content-Type": "application/json; charset=utf-8",
        "Date": "Tue, 01 Nov 2022 19:48:46 GMT",
        "Expires": "-1",
        "Pragma": "no-cache",
        "Strict-Transport-Security": "max-age=31536000;includeSubDomains",
        "X-Content-Type-Options": "nosniff",
        "x-ms-keyvault-network-info": "conn_type=Ipv4;addr=172.92.159.124;act_addr_fam=InterNetwork;",
        "x-ms-keyvault-rbac-assignment-id": "5405cebb-0832-59fd-b49d-3c34f062a3f5",
        "x-ms-keyvault-rbac-cache": "ra_age=457;da_age=5855;rd_age=5855;brd_age=3396;ra_notif_age=841;dec_lev=0;",
        "x-ms-keyvault-region": "canadacentral",
        "x-ms-keyvault-service-version": "1.9.576.1"
      },
      "ResponseBody": {
        "value": [],
        "nextLink": "https://vaultname.vault.azure.net:443/deletedsecrets?api-version=7.2\u0026$skiptoken=Sanitized"
      }
    },
    {
      "RequestUri": "https://vaultname.vault.azure.net/deletedsecrets?api-version=7.2\u0026$skiptoken=Sanitized",
      "RequestMethod": "GET",
      "RequestHeaders": {
        "Accept": "*/*",
        "Accept-Encoding": "gzip, deflate",
        "User-Agent": "azsdk-python-keyvault-secrets/4.7.0b1 Python/3.10.0 (Windows-10-10.0.22621-SP0)"
      },
      "RequestBody": null,
      "StatusCode": 200,
      "ResponseHeaders": {
        "Cache-Control": "no-cache",
        "Content-Length": "3287",
        "Content-Type": "application/json; charset=utf-8",
        "Date": "Tue, 01 Nov 2022 19:48:46 GMT",
        "Expires": "-1",
        "Pragma": "no-cache",
        "Strict-Transport-Security": "max-age=31536000;includeSubDomains",
        "X-Content-Type-Options": "nosniff",
        "x-ms-keyvault-network-info": "conn_type=Ipv4;addr=172.92.159.124;act_addr_fam=InterNetwork;",
        "x-ms-keyvault-rbac-assignment-id": "5405cebb-0832-59fd-b49d-3c34f062a3f5",
        "x-ms-keyvault-rbac-cache": "ra_age=457;da_age=5855;rd_age=5855;brd_age=3396;ra_notif_age=841;dec_lev=0;",
        "x-ms-keyvault-region": "canadacentral",
        "x-ms-keyvault-service-version": "1.9.576.1"
      },
      "ResponseBody": {
        "value": [
          {
            "recoveryId": "https://vaultname.vault.azure.net/deletedsecrets/livekvtestsecret040a429d4",
            "deletedDate": 1667332029,
            "scheduledPurgeDate": 1667936829,
            "id": "https://vaultname.vault.azure.net/secrets/livekvtestsecret040a429d4",
            "attributes": {
              "enabled": true,
              "created": 1667332028,
              "updated": 1667332028,
              "recoveryLevel": "CustomizedRecoverable\u002BPurgeable",
              "recoverableDays": 7
            }
          },
          {
            "recoveryId": "https://vaultname.vault.azure.net/deletedsecrets/livekvtestsecret040ad29d5",
            "deletedDate": 1667331984,
            "scheduledPurgeDate": 1667936784,
            "id": "https://vaultname.vault.azure.net/secrets/livekvtestsecret040ad29d5",
            "attributes": {
              "enabled": true,
              "created": 1667331983,
              "updated": 1667331983,
              "recoveryLevel": "CustomizedRecoverable\u002BPurgeable",
              "recoverableDays": 7
            }
          },
          {
            "recoveryId": "https://vaultname.vault.azure.net/deletedsecrets/livekvtestsecret040b629d6",
            "deletedDate": 1667331955,
            "scheduledPurgeDate": 1667936755,
            "id": "https://vaultname.vault.azure.net/secrets/livekvtestsecret040b629d6",
            "attributes": {
              "enabled": true,
              "created": 1667331954,
              "updated": 1667331954,
              "recoveryLevel": "CustomizedRecoverable\u002BPurgeable",
              "recoverableDays": 7
            }
          },
          {
            "recoveryId": "https://vaultname.vault.azure.net/deletedsecrets/livekvtestsecret040bf29d7",
            "deletedDate": 1667331917,
            "scheduledPurgeDate": 1667936717,
            "id": "https://vaultname.vault.azure.net/secrets/livekvtestsecret040bf29d7",
            "attributes": {
              "enabled": true,
              "created": 1667331916,
              "updated": 1667331916,
              "recoveryLevel": "CustomizedRecoverable\u002BPurgeable",
              "recoverableDays": 7
            }
          },
          {
            "recoveryId": "https://vaultname.vault.azure.net/deletedsecrets/livekvtestsecret064562b24",
            "deletedDate": 1667332058,
            "scheduledPurgeDate": 1667936858,
            "id": "https://vaultname.vault.azure.net/secrets/livekvtestsecret064562b24",
            "attributes": {
              "enabled": true,
              "created": 1667332057,
              "updated": 1667332057,
              "recoveryLevel": "CustomizedRecoverable\u002BPurgeable",
              "recoverableDays": 7
            }
          },
          {
            "recoveryId": "https://vaultname.vault.azure.net/deletedsecrets/livekvtestsecret0995e2f28",
            "deletedDate": 1667331859,
            "scheduledPurgeDate": 1667936659,
            "id": "https://vaultname.vault.azure.net/secrets/livekvtestsecret0995e2f28",
            "attributes": {
              "enabled": true,
              "created": 1667331858,
              "updated": 1667331858,
              "recoveryLevel": "CustomizedRecoverable\u002BPurgeable",
              "recoverableDays": 7
            }
          },
          {
            "recoveryId": "https://vaultname.vault.azure.net/deletedsecrets/livekvtestsecret099672f29",
            "deletedDate": 1667331836,
            "scheduledPurgeDate": 1667936636,
            "id": "https://vaultname.vault.azure.net/secrets/livekvtestsecret099672f29",
            "attributes": {
              "enabled": true,
              "created": 1667331835,
              "updated": 1667331835,
              "recoveryLevel": "CustomizedRecoverable\u002BPurgeable",
              "recoverableDays": 7
            }
          },
          {
            "recoveryId": "https://vaultname.vault.azure.net/deletedsecrets/livekvtestsecret099702f2a",
            "deletedDate": 1667331813,
            "scheduledPurgeDate": 1667936613,
            "id": "https://vaultname.vault.azure.net/secrets/livekvtestsecret099702f2a",
            "attributes": {
              "enabled": true,
              "created": 1667331812,
              "updated": 1667331812,
              "recoveryLevel": "CustomizedRecoverable\u002BPurgeable",
              "recoverableDays": 7
            }
          }
        ],
        "nextLink": "https://vaultname.vault.azure.net:443/deletedsecrets?api-version=7.2\u0026$skiptoken=Sanitized"
      }
    },
    {
      "RequestUri": "https://vaultname.vault.azure.net/deletedsecrets?api-version=7.2\u0026$skiptoken=Sanitized",
      "RequestMethod": "GET",
      "RequestHeaders": {
        "Accept": "*/*",
        "Accept-Encoding": "gzip, deflate",
        "User-Agent": "azsdk-python-keyvault-secrets/4.7.0b1 Python/3.10.0 (Windows-10-10.0.22621-SP0)"
      },
      "RequestBody": null,
      "StatusCode": 200,
      "ResponseHeaders": {
        "Cache-Control": "no-cache",
        "Content-Length": "2862",
        "Content-Type": "application/json; charset=utf-8",
        "Date": "Tue, 01 Nov 2022 19:48:46 GMT",
        "Expires": "-1",
        "Pragma": "no-cache",
        "Strict-Transport-Security": "max-age=31536000;includeSubDomains",
        "X-Content-Type-Options": "nosniff",
        "x-ms-keyvault-network-info": "conn_type=Ipv4;addr=172.92.159.124;act_addr_fam=InterNetwork;",
        "x-ms-keyvault-rbac-assignment-id": "5405cebb-0832-59fd-b49d-3c34f062a3f5",
        "x-ms-keyvault-rbac-cache": "ra_age=458;da_age=5855;rd_age=5855;brd_age=3396;ra_notif_age=841;dec_lev=0;",
        "x-ms-keyvault-region": "canadacentral",
        "x-ms-keyvault-service-version": "1.9.576.1"
      },
      "ResponseBody": {
        "value": [
          {
            "recoveryId": "https://vaultname.vault.azure.net/deletedsecrets/livekvtestsecret099792f2b",
            "deletedDate": 1667331788,
            "scheduledPurgeDate": 1667936588,
            "id": "https://vaultname.vault.azure.net/secrets/livekvtestsecret099792f2b",
            "attributes": {
              "enabled": true,
              "created": 1667331787,
              "updated": 1667331787,
              "recoveryLevel": "CustomizedRecoverable\u002BPurgeable",
              "recoverableDays": 7
            }
          },
          {
            "recoveryId": "https://vaultname.vault.azure.net/deletedsecrets/livekvtestsecret0e25c3078",
            "deletedDate": 1667331881,
            "scheduledPurgeDate": 1667936681,
            "id": "https://vaultname.vault.azure.net/secrets/livekvtestsecret0e25c3078",
            "attributes": {
              "enabled": true,
              "created": 1667331880,
              "updated": 1667331880,
              "recoveryLevel": "CustomizedRecoverable\u002BPurgeable",
              "recoverableDays": 7
            }
          },
          {
            "recoveryId": "https://vaultname.vault.azure.net/deletedsecrets/livekvtestsecret0ea832903",
            "deletedDate": 1667332108,
            "scheduledPurgeDate": 1667936908,
            "id": "https://vaultname.vault.azure.net/secrets/livekvtestsecret0ea832903",
            "attributes": {
              "enabled": true,
              "created": 1667332107,
              "updated": 1667332107,
              "recoveryLevel": "CustomizedRecoverable\u002BPurgeable",
              "recoverableDays": 7
            }
          },
          {
            "recoveryId": "https://vaultname.vault.azure.net/deletedsecrets/livekvtestsecret0ea8c2904",
            "deletedDate": 1667332084,
            "scheduledPurgeDate": 1667936884,
            "id": "https://vaultname.vault.azure.net/secrets/livekvtestsecret0ea8c2904",
            "attributes": {
              "enabled": true,
              "created": 1667332083,
              "updated": 1667332083,
              "recoveryLevel": "CustomizedRecoverable\u002BPurgeable",
              "recoverableDays": 7
            }
          },
          {
            "recoveryId": "https://vaultname.vault.azure.net/deletedsecrets/livekvtestsecret140a429d4",
            "deletedDate": 1667332033,
            "scheduledPurgeDate": 1667936833,
            "id": "https://vaultname.vault.azure.net/secrets/livekvtestsecret140a429d4",
            "attributes": {
              "enabled": true,
              "created": 1667332028,
              "updated": 1667332028,
              "recoveryLevel": "CustomizedRecoverable\u002BPurgeable",
              "recoverableDays": 7
            }
          },
          {
            "recoveryId": "https://vaultname.vault.azure.net/deletedsecrets/livekvtestsecret140ad29d5",
            "deletedDate": 1667331990,
            "scheduledPurgeDate": 1667936790,
            "id": "https://vaultname.vault.azure.net/secrets/livekvtestsecret140ad29d5",
            "attributes": {
              "enabled": true,
              "created": 1667331983,
              "updated": 1667331983,
              "recoveryLevel": "CustomizedRecoverable\u002BPurgeable",
              "recoverableDays": 7
            }
          },
          {
            "recoveryId": "https://vaultname.vault.azure.net/deletedsecrets/livekvtestsecret140b629d6",
            "deletedDate": 1667331957,
            "scheduledPurgeDate": 1667936757,
            "id": "https://vaultname.vault.azure.net/secrets/livekvtestsecret140b629d6",
            "attributes": {
              "enabled": true,
              "created": 1667331954,
              "updated": 1667331954,
              "recoveryLevel": "CustomizedRecoverable\u002BPurgeable",
              "recoverableDays": 7
            }
          }
        ],
        "nextLink": "https://vaultname.vault.azure.net:443/deletedsecrets?api-version=7.2\u0026$skiptoken=Sanitized"
      }
    },
    {
      "RequestUri": "https://vaultname.vault.azure.net/deletedsecrets?api-version=7.2\u0026$skiptoken=Sanitized",
      "RequestMethod": "GET",
      "RequestHeaders": {
        "Accept": "*/*",
        "Accept-Encoding": "gzip, deflate",
        "User-Agent": "azsdk-python-keyvault-secrets/4.7.0b1 Python/3.10.0 (Windows-10-10.0.22621-SP0)"
      },
      "RequestBody": null,
      "StatusCode": 200,
      "ResponseHeaders": {
        "Cache-Control": "no-cache",
        "Content-Length": "2555",
        "Content-Type": "application/json; charset=utf-8",
        "Date": "Tue, 01 Nov 2022 19:48:46 GMT",
        "Expires": "-1",
        "Pragma": "no-cache",
        "Strict-Transport-Security": "max-age=31536000;includeSubDomains",
        "X-Content-Type-Options": "nosniff",
        "x-ms-keyvault-network-info": "conn_type=Ipv4;addr=172.92.159.124;act_addr_fam=InterNetwork;",
        "x-ms-keyvault-rbac-assignment-id": "5405cebb-0832-59fd-b49d-3c34f062a3f5",
        "x-ms-keyvault-rbac-cache": "ra_age=458;da_age=5855;rd_age=5855;brd_age=3397;ra_notif_age=842;dec_lev=0;",
        "x-ms-keyvault-region": "canadacentral",
        "x-ms-keyvault-service-version": "1.9.576.1"
      },
      "ResponseBody": {
        "value": [
          {
            "recoveryId": "https://vaultname.vault.azure.net/deletedsecrets/livekvtestsecret140bf29d7",
            "deletedDate": 1667331919,
            "scheduledPurgeDate": 1667936719,
            "id": "https://vaultname.vault.azure.net/secrets/livekvtestsecret140bf29d7",
            "attributes": {
              "enabled": true,
              "created": 1667331916,
              "updated": 1667331916,
              "recoveryLevel": "CustomizedRecoverable\u002BPurgeable",
              "recoverableDays": 7
            }
          },
          {
            "recoveryId": "https://vaultname.vault.azure.net/deletedsecrets/livekvtestsecret164562b24",
            "deletedDate": 1667332061,
            "scheduledPurgeDate": 1667936861,
            "id": "https://vaultname.vault.azure.net/secrets/livekvtestsecret164562b24",
            "attributes": {
              "enabled": true,
              "created": 1667332057,
              "updated": 1667332057,
              "recoveryLevel": "CustomizedRecoverable\u002BPurgeable",
              "recoverableDays": 7
            }
          },
          {
            "recoveryId": "https://vaultname.vault.azure.net/deletedsecrets/livekvtestsecret1995e2f28",
            "deletedDate": 1667331861,
            "scheduledPurgeDate": 1667936661,
            "id": "https://vaultname.vault.azure.net/secrets/livekvtestsecret1995e2f28",
            "attributes": {
              "enabled": true,
              "created": 1667331858,
              "updated": 1667331858,
              "recoveryLevel": "CustomizedRecoverable\u002BPurgeable",
              "recoverableDays": 7
            }
          },
          {
            "recoveryId": "https://vaultname.vault.azure.net/deletedsecrets/livekvtestsecret199672f29",
            "deletedDate": 1667331838,
            "scheduledPurgeDate": 1667936638,
            "id": "https://vaultname.vault.azure.net/secrets/livekvtestsecret199672f29",
            "attributes": {
              "enabled": true,
              "created": 1667331835,
              "updated": 1667331835,
              "recoveryLevel": "CustomizedRecoverable\u002BPurgeable",
              "recoverableDays": 7
            }
          },
          {
            "recoveryId": "https://vaultname.vault.azure.net/deletedsecrets/livekvtestsecret199702f2a",
            "deletedDate": 1667331815,
            "scheduledPurgeDate": 1667936615,
            "id": "https://vaultname.vault.azure.net/secrets/livekvtestsecret199702f2a",
            "attributes": {
              "enabled": true,
              "created": 1667331812,
              "updated": 1667331812,
              "recoveryLevel": "CustomizedRecoverable\u002BPurgeable",
              "recoverableDays": 7
            }
          },
          {
            "recoveryId": "https://vaultname.vault.azure.net/deletedsecrets/livekvtestsecret199792f2b",
            "deletedDate": 1667331792,
            "scheduledPurgeDate": 1667936592,
            "id": "https://vaultname.vault.azure.net/secrets/livekvtestsecret199792f2b",
            "attributes": {
              "enabled": true,
              "created": 1667331787,
              "updated": 1667331787,
              "recoveryLevel": "CustomizedRecoverable\u002BPurgeable",
              "recoverableDays": 7
            }
          }
        ],
        "nextLink": "https://vaultname.vault.azure.net:443/deletedsecrets?api-version=7.2\u0026$skiptoken=Sanitized"
      }
    },
    {
      "RequestUri": "https://vaultname.vault.azure.net/deletedsecrets?api-version=7.2\u0026$skiptoken=Sanitized",
      "RequestMethod": "GET",
      "RequestHeaders": {
        "Accept": "*/*",
        "Accept-Encoding": "gzip, deflate",
        "User-Agent": "azsdk-python-keyvault-secrets/4.7.0b1 Python/3.10.0 (Windows-10-10.0.22621-SP0)"
      },
      "RequestBody": null,
      "StatusCode": 200,
      "ResponseHeaders": {
        "Cache-Control": "no-cache",
        "Content-Length": "3228",
        "Content-Type": "application/json; charset=utf-8",
        "Date": "Tue, 01 Nov 2022 19:48:47 GMT",
        "Expires": "-1",
        "Pragma": "no-cache",
        "Strict-Transport-Security": "max-age=31536000;includeSubDomains",
        "X-Content-Type-Options": "nosniff",
        "x-ms-keyvault-network-info": "conn_type=Ipv4;addr=172.92.159.124;act_addr_fam=InterNetwork;",
        "x-ms-keyvault-rbac-assignment-id": "5405cebb-0832-59fd-b49d-3c34f062a3f5",
        "x-ms-keyvault-rbac-cache": "ra_age=458;da_age=5856;rd_age=5856;brd_age=3397;ra_notif_age=842;dec_lev=0;",
        "x-ms-keyvault-region": "canadacentral",
        "x-ms-keyvault-service-version": "1.9.576.1"
      },
      "ResponseBody": {
        "value": [
          {
            "recoveryId": "https://vaultname.vault.azure.net/deletedsecrets/livekvtestsecret1e25c3078",
            "deletedDate": 1667331885,
            "scheduledPurgeDate": 1667936685,
            "id": "https://vaultname.vault.azure.net/secrets/livekvtestsecret1e25c3078",
            "attributes": {
              "enabled": true,
              "created": 1667331881,
              "updated": 1667331881,
              "recoveryLevel": "CustomizedRecoverable\u002BPurgeable",
              "recoverableDays": 7
            }
          },
          {
            "recoveryId": "https://vaultname.vault.azure.net/deletedsecrets/livekvtestsecret1ea832903",
            "deletedDate": 1667332110,
            "scheduledPurgeDate": 1667936910,
            "id": "https://vaultname.vault.azure.net/secrets/livekvtestsecret1ea832903",
            "attributes": {
              "enabled": true,
              "created": 1667332107,
              "updated": 1667332107,
              "recoveryLevel": "CustomizedRecoverable\u002BPurgeable",
              "recoverableDays": 7
            }
          },
          {
            "recoveryId": "https://vaultname.vault.azure.net/deletedsecrets/livekvtestsecret1ea8c2904",
            "deletedDate": 1667332086,
            "scheduledPurgeDate": 1667936886,
            "id": "https://vaultname.vault.azure.net/secrets/livekvtestsecret1ea8c2904",
            "attributes": {
              "enabled": true,
              "created": 1667332083,
              "updated": 1667332083,
              "recoveryLevel": "CustomizedRecoverable\u002BPurgeable",
              "recoverableDays": 7
            }
          },
          {
            "recoveryId": "https://vaultname.vault.azure.net/deletedsecrets/livekvtestsecret240a429d4",
            "deletedDate": 1667332038,
            "scheduledPurgeDate": 1667936838,
            "id": "https://vaultname.vault.azure.net/secrets/livekvtestsecret240a429d4",
            "attributes": {
              "enabled": true,
              "created": 1667332028,
              "updated": 1667332028,
              "recoveryLevel": "CustomizedRecoverable\u002BPurgeable",
              "recoverableDays": 7
            }
          },
          {
            "recoveryId": "https://vaultname.vault.azure.net/deletedsecrets/livekvtestsecret240ad29d5",
            "deletedDate": 1667331995,
            "scheduledPurgeDate": 1667936795,
            "id": "https://vaultname.vault.azure.net/secrets/livekvtestsecret240ad29d5",
            "attributes": {
              "enabled": true,
              "created": 1667331983,
              "updated": 1667331983,
              "recoveryLevel": "CustomizedRecoverable\u002BPurgeable",
              "recoverableDays": 7
            }
          },
          {
            "recoveryId": "https://vaultname.vault.azure.net/deletedsecrets/livekvtestsecret240b629d6",
            "deletedDate": 1667331962,
            "scheduledPurgeDate": 1667936762,
            "id": "https://vaultname.vault.azure.net/secrets/livekvtestsecret240b629d6",
            "attributes": {
              "enabled": true,
              "created": 1667331954,
              "updated": 1667331954,
              "recoveryLevel": "CustomizedRecoverable\u002BPurgeable",
              "recoverableDays": 7
            }
          },
          {
            "recoveryId": "https://vaultname.vault.azure.net/deletedsecrets/livekvtestsecret240bf29d7",
            "deletedDate": 1667331926,
            "scheduledPurgeDate": 1667936726,
            "id": "https://vaultname.vault.azure.net/secrets/livekvtestsecret240bf29d7",
            "attributes": {
              "enabled": true,
              "created": 1667331916,
              "updated": 1667331916,
              "recoveryLevel": "CustomizedRecoverable\u002BPurgeable",
              "recoverableDays": 7
            }
          },
          {
            "recoveryId": "https://vaultname.vault.azure.net/deletedsecrets/livekvtestsecret264562b24",
            "deletedDate": 1667332065,
            "scheduledPurgeDate": 1667936865,
            "id": "https://vaultname.vault.azure.net/secrets/livekvtestsecret264562b24",
            "attributes": {
              "enabled": true,
              "created": 1667332058,
              "updated": 1667332058,
              "recoveryLevel": "CustomizedRecoverable\u002BPurgeable",
              "recoverableDays": 7
            }
          }
        ],
        "nextLink": "https://vaultname.vault.azure.net:443/deletedsecrets?api-version=7.2\u0026$skiptoken=Sanitized"
      }
    },
    {
      "RequestUri": "https://vaultname.vault.azure.net/deletedsecrets?api-version=7.2\u0026$skiptoken=Sanitized",
      "RequestMethod": "GET",
      "RequestHeaders": {
        "Accept": "*/*",
        "Accept-Encoding": "gzip, deflate",
        "User-Agent": "azsdk-python-keyvault-secrets/4.7.0b1 Python/3.10.0 (Windows-10-10.0.22621-SP0)"
      },
      "RequestBody": null,
      "StatusCode": 200,
      "ResponseHeaders": {
        "Cache-Control": "no-cache",
        "Content-Length": "2189",
        "Content-Type": "application/json; charset=utf-8",
        "Date": "Tue, 01 Nov 2022 19:48:47 GMT",
        "Expires": "-1",
        "Pragma": "no-cache",
        "Strict-Transport-Security": "max-age=31536000;includeSubDomains",
        "X-Content-Type-Options": "nosniff",
        "x-ms-keyvault-network-info": "conn_type=Ipv4;addr=172.92.159.124;act_addr_fam=InterNetwork;",
        "x-ms-keyvault-rbac-assignment-id": "5405cebb-0832-59fd-b49d-3c34f062a3f5",
        "x-ms-keyvault-rbac-cache": "ra_age=459;da_age=5856;rd_age=5856;brd_age=3397;ra_notif_age=842;dec_lev=0;",
        "x-ms-keyvault-region": "canadacentral",
        "x-ms-keyvault-service-version": "1.9.576.1"
      },
      "ResponseBody": {
        "value": [
          {
            "recoveryId": "https://vaultname.vault.azure.net/deletedsecrets/livekvtestsecret2995e2f28",
            "deletedDate": 1667331866,
            "scheduledPurgeDate": 1667936666,
            "id": "https://vaultname.vault.azure.net/secrets/livekvtestsecret2995e2f28",
            "attributes": {
              "enabled": true,
              "created": 1667331858,
              "updated": 1667331858,
              "recoveryLevel": "CustomizedRecoverable\u002BPurgeable",
              "recoverableDays": 7
            }
          },
          {
            "recoveryId": "https://vaultname.vault.azure.net/deletedsecrets/livekvtestsecret299672f29",
            "deletedDate": 1667331841,
            "scheduledPurgeDate": 1667936641,
            "id": "https://vaultname.vault.azure.net/secrets/livekvtestsecret299672f29",
            "attributes": {
              "enabled": true,
              "created": 1667331835,
              "updated": 1667331835,
              "recoveryLevel": "CustomizedRecoverable\u002BPurgeable",
              "recoverableDays": 7
            }
          },
          {
            "recoveryId": "https://vaultname.vault.azure.net/deletedsecrets/livekvtestsecret299702f2a",
            "deletedDate": 1667331817,
            "scheduledPurgeDate": 1667936617,
            "id": "https://vaultname.vault.azure.net/secrets/livekvtestsecret299702f2a",
            "attributes": {
              "enabled": true,
              "created": 1667331812,
              "updated": 1667331812,
              "recoveryLevel": "CustomizedRecoverable\u002BPurgeable",
              "recoverableDays": 7
            }
          },
          {
            "recoveryId": "https://vaultname.vault.azure.net/deletedsecrets/livekvtestsecret299792f2b",
            "deletedDate": 1667331794,
            "scheduledPurgeDate": 1667936594,
            "id": "https://vaultname.vault.azure.net/secrets/livekvtestsecret299792f2b",
            "attributes": {
              "enabled": true,
              "created": 1667331787,
              "updated": 1667331787,
              "recoveryLevel": "CustomizedRecoverable\u002BPurgeable",
              "recoverableDays": 7
            }
          },
          {
            "recoveryId": "https://vaultname.vault.azure.net/deletedsecrets/livekvtestsecret2e25c3078",
            "deletedDate": 1667331887,
            "scheduledPurgeDate": 1667936687,
            "id": "https://vaultname.vault.azure.net/secrets/livekvtestsecret2e25c3078",
            "attributes": {
              "enabled": true,
              "created": 1667331881,
              "updated": 1667331881,
              "recoveryLevel": "CustomizedRecoverable\u002BPurgeable",
              "recoverableDays": 7
            }
          }
        ],
        "nextLink": "https://vaultname.vault.azure.net:443/deletedsecrets?api-version=7.2\u0026$skiptoken=Sanitized"
      }
    },
    {
      "RequestUri": "https://vaultname.vault.azure.net/deletedsecrets?api-version=7.2\u0026$skiptoken=Sanitized",
      "RequestMethod": "GET",
      "RequestHeaders": {
        "Accept": "*/*",
        "Accept-Encoding": "gzip, deflate",
        "User-Agent": "azsdk-python-keyvault-secrets/4.7.0b1 Python/3.10.0 (Windows-10-10.0.22621-SP0)"
      },
      "RequestBody": null,
      "StatusCode": 200,
      "ResponseHeaders": {
        "Cache-Control": "no-cache",
        "Content-Length": "2862",
        "Content-Type": "application/json; charset=utf-8",
        "Date": "Tue, 01 Nov 2022 19:48:47 GMT",
        "Expires": "-1",
        "Pragma": "no-cache",
        "Strict-Transport-Security": "max-age=31536000;includeSubDomains",
        "X-Content-Type-Options": "nosniff",
        "x-ms-keyvault-network-info": "conn_type=Ipv4;addr=172.92.159.124;act_addr_fam=InterNetwork;",
        "x-ms-keyvault-rbac-assignment-id": "5405cebb-0832-59fd-b49d-3c34f062a3f5",
        "x-ms-keyvault-rbac-cache": "ra_age=459;da_age=5856;rd_age=5856;brd_age=3398;ra_notif_age=843;dec_lev=0;",
        "x-ms-keyvault-region": "canadacentral",
        "x-ms-keyvault-service-version": "1.9.576.1"
      },
      "ResponseBody": {
        "value": [
          {
            "recoveryId": "https://vaultname.vault.azure.net/deletedsecrets/livekvtestsecret2ea832903",
            "deletedDate": 1667332113,
            "scheduledPurgeDate": 1667936913,
            "id": "https://vaultname.vault.azure.net/secrets/livekvtestsecret2ea832903",
            "attributes": {
              "enabled": true,
              "created": 1667332107,
              "updated": 1667332107,
              "recoveryLevel": "CustomizedRecoverable\u002BPurgeable",
              "recoverableDays": 7
            }
          },
          {
            "recoveryId": "https://vaultname.vault.azure.net/deletedsecrets/livekvtestsecret2ea8c2904",
            "deletedDate": 1667332091,
            "scheduledPurgeDate": 1667936891,
            "id": "https://vaultname.vault.azure.net/secrets/livekvtestsecret2ea8c2904",
            "attributes": {
              "enabled": true,
              "created": 1667332083,
              "updated": 1667332083,
              "recoveryLevel": "CustomizedRecoverable\u002BPurgeable",
              "recoverableDays": 7
            }
          },
          {
            "recoveryId": "https://vaultname.vault.azure.net/deletedsecrets/livekvtestsecret340a429d4",
            "deletedDate": 1667332040,
            "scheduledPurgeDate": 1667936840,
            "id": "https://vaultname.vault.azure.net/secrets/livekvtestsecret340a429d4",
            "attributes": {
              "enabled": true,
              "created": 1667332028,
              "updated": 1667332028,
              "recoveryLevel": "CustomizedRecoverable\u002BPurgeable",
              "recoverableDays": 7
            }
          },
          {
            "recoveryId": "https://vaultname.vault.azure.net/deletedsecrets/livekvtestsecret340ad29d5",
            "deletedDate": 1667332004,
            "scheduledPurgeDate": 1667936804,
            "id": "https://vaultname.vault.azure.net/secrets/livekvtestsecret340ad29d5",
            "attributes": {
              "enabled": true,
              "created": 1667331983,
              "updated": 1667331983,
              "recoveryLevel": "CustomizedRecoverable\u002BPurgeable",
              "recoverableDays": 7
            }
          },
          {
            "recoveryId": "https://vaultname.vault.azure.net/deletedsecrets/livekvtestsecret340b629d6",
            "deletedDate": 1667331967,
            "scheduledPurgeDate": 1667936767,
            "id": "https://vaultname.vault.azure.net/secrets/livekvtestsecret340b629d6",
            "attributes": {
              "enabled": true,
              "created": 1667331954,
              "updated": 1667331954,
              "recoveryLevel": "CustomizedRecoverable\u002BPurgeable",
              "recoverableDays": 7
            }
          },
          {
            "recoveryId": "https://vaultname.vault.azure.net/deletedsecrets/livekvtestsecret340bf29d7",
            "deletedDate": 1667331933,
            "scheduledPurgeDate": 1667936733,
            "id": "https://vaultname.vault.azure.net/secrets/livekvtestsecret340bf29d7",
            "attributes": {
              "enabled": true,
              "created": 1667331916,
              "updated": 1667331916,
              "recoveryLevel": "CustomizedRecoverable\u002BPurgeable",
              "recoverableDays": 7
            }
          },
          {
            "recoveryId": "https://vaultname.vault.azure.net/deletedsecrets/livekvtestsecret364562b24",
            "deletedDate": 1667332070,
            "scheduledPurgeDate": 1667936870,
            "id": "https://vaultname.vault.azure.net/secrets/livekvtestsecret364562b24",
            "attributes": {
              "enabled": true,
              "created": 1667332058,
              "updated": 1667332058,
              "recoveryLevel": "CustomizedRecoverable\u002BPurgeable",
              "recoverableDays": 7
            }
          }
        ],
        "nextLink": "https://vaultname.vault.azure.net:443/deletedsecrets?api-version=7.2\u0026$skiptoken=Sanitized"
      }
    },
    {
      "RequestUri": "https://vaultname.vault.azure.net/deletedsecrets?api-version=7.2\u0026$skiptoken=Sanitized",
      "RequestMethod": "GET",
      "RequestHeaders": {
        "Accept": "*/*",
        "Accept-Encoding": "gzip, deflate",
        "User-Agent": "azsdk-python-keyvault-secrets/4.7.0b1 Python/3.10.0 (Windows-10-10.0.22621-SP0)"
      },
      "RequestBody": null,
      "StatusCode": 200,
      "ResponseHeaders": {
        "Cache-Control": "no-cache",
        "Content-Length": "2921",
        "Content-Type": "application/json; charset=utf-8",
        "Date": "Tue, 01 Nov 2022 19:48:47 GMT",
        "Expires": "-1",
        "Pragma": "no-cache",
        "Strict-Transport-Security": "max-age=31536000;includeSubDomains",
        "X-Content-Type-Options": "nosniff",
        "x-ms-keyvault-network-info": "conn_type=Ipv4;addr=172.92.159.124;act_addr_fam=InterNetwork;",
        "x-ms-keyvault-rbac-assignment-id": "5405cebb-0832-59fd-b49d-3c34f062a3f5",
        "x-ms-keyvault-rbac-cache": "ra_age=459;da_age=5857;rd_age=5857;brd_age=3398;ra_notif_age=843;dec_lev=0;",
        "x-ms-keyvault-region": "canadacentral",
        "x-ms-keyvault-service-version": "1.9.576.1"
      },
      "ResponseBody": {
        "value": [
          {
            "recoveryId": "https://vaultname.vault.azure.net/deletedsecrets/livekvtestsecret3995e2f28",
            "deletedDate": 1667331868,
            "scheduledPurgeDate": 1667936668,
            "id": "https://vaultname.vault.azure.net/secrets/livekvtestsecret3995e2f28",
            "attributes": {
              "enabled": true,
              "created": 1667331858,
              "updated": 1667331858,
              "recoveryLevel": "CustomizedRecoverable\u002BPurgeable",
              "recoverableDays": 7
            }
          },
          {
            "recoveryId": "https://vaultname.vault.azure.net/deletedsecrets/livekvtestsecret399672f29",
            "deletedDate": 1667331844,
            "scheduledPurgeDate": 1667936644,
            "id": "https://vaultname.vault.azure.net/secrets/livekvtestsecret399672f29",
            "attributes": {
              "enabled": true,
              "created": 1667331835,
              "updated": 1667331835,
              "recoveryLevel": "CustomizedRecoverable\u002BPurgeable",
              "recoverableDays": 7
            }
          },
          {
            "recoveryId": "https://vaultname.vault.azure.net/deletedsecrets/livekvtestsecret399702f2a",
            "deletedDate": 1667331820,
            "scheduledPurgeDate": 1667936620,
            "id": "https://vaultname.vault.azure.net/secrets/livekvtestsecret399702f2a",
            "attributes": {
              "enabled": true,
              "created": 1667331812,
              "updated": 1667331812,
              "recoveryLevel": "CustomizedRecoverable\u002BPurgeable",
              "recoverableDays": 7
            }
          },
          {
            "recoveryId": "https://vaultname.vault.azure.net/deletedsecrets/livekvtestsecret399792f2b",
            "deletedDate": 1667331797,
            "scheduledPurgeDate": 1667936597,
            "id": "https://vaultname.vault.azure.net/secrets/livekvtestsecret399792f2b",
            "attributes": {
              "enabled": true,
              "created": 1667331787,
              "updated": 1667331787,
              "recoveryLevel": "CustomizedRecoverable\u002BPurgeable",
              "recoverableDays": 7
            }
          },
          {
            "recoveryId": "https://vaultname.vault.azure.net/deletedsecrets/livekvtestsecret3e25c3078",
            "deletedDate": 1667331892,
            "scheduledPurgeDate": 1667936692,
            "id": "https://vaultname.vault.azure.net/secrets/livekvtestsecret3e25c3078",
            "attributes": {
              "enabled": true,
              "created": 1667331881,
              "updated": 1667331881,
              "recoveryLevel": "CustomizedRecoverable\u002BPurgeable",
              "recoverableDays": 7
            }
          },
          {
            "recoveryId": "https://vaultname.vault.azure.net/deletedsecrets/livekvtestsecret3ea832903",
            "deletedDate": 1667332115,
            "scheduledPurgeDate": 1667936915,
            "id": "https://vaultname.vault.azure.net/secrets/livekvtestsecret3ea832903",
            "attributes": {
              "enabled": true,
              "created": 1667332107,
              "updated": 1667332107,
              "recoveryLevel": "CustomizedRecoverable\u002BPurgeable",
              "recoverableDays": 7
            }
          },
          {
            "recoveryId": "https://vaultname.vault.azure.net/deletedsecrets/livekvtestsecret3ea8c2904",
            "deletedDate": 1667332093,
            "scheduledPurgeDate": 1667936893,
            "id": "https://vaultname.vault.azure.net/secrets/livekvtestsecret3ea8c2904",
            "attributes": {
              "enabled": true,
              "created": 1667332083,
              "updated": 1667332083,
              "recoveryLevel": "CustomizedRecoverable\u002BPurgeable",
              "recoverableDays": 7
            }
          }
        ],
        "nextLink": "https://vaultname.vault.azure.net:443/deletedsecrets?api-version=7.2\u0026$skiptoken=Sanitized"
      }
    },
    {
      "RequestUri": "https://vaultname.vault.azure.net/deletedsecrets?api-version=7.2\u0026$skiptoken=Sanitized",
      "RequestMethod": "GET",
      "RequestHeaders": {
        "Accept": "*/*",
        "Accept-Encoding": "gzip, deflate",
        "User-Agent": "azsdk-python-keyvault-secrets/4.7.0b1 Python/3.10.0 (Windows-10-10.0.22621-SP0)"
      },
      "RequestBody": null,
      "StatusCode": 200,
      "ResponseHeaders": {
        "Cache-Control": "no-cache",
        "Content-Length": "2862",
        "Content-Type": "application/json; charset=utf-8",
        "Date": "Tue, 01 Nov 2022 19:48:48 GMT",
        "Expires": "-1",
        "Pragma": "no-cache",
        "Strict-Transport-Security": "max-age=31536000;includeSubDomains",
        "X-Content-Type-Options": "nosniff",
        "x-ms-keyvault-network-info": "conn_type=Ipv4;addr=172.92.159.124;act_addr_fam=InterNetwork;",
        "x-ms-keyvault-rbac-assignment-id": "5405cebb-0832-59fd-b49d-3c34f062a3f5",
        "x-ms-keyvault-rbac-cache": "ra_age=459;da_age=5857;rd_age=5857;brd_age=3398;ra_notif_age=843;dec_lev=0;",
        "x-ms-keyvault-region": "canadacentral",
        "x-ms-keyvault-service-version": "1.9.576.1"
      },
      "ResponseBody": {
        "value": [
          {
            "recoveryId": "https://vaultname.vault.azure.net/deletedsecrets/livekvtestsecret440a429d4",
            "deletedDate": 1667332044,
            "scheduledPurgeDate": 1667936844,
            "id": "https://vaultname.vault.azure.net/secrets/livekvtestsecret440a429d4",
            "attributes": {
              "enabled": true,
              "created": 1667332028,
              "updated": 1667332028,
              "recoveryLevel": "CustomizedRecoverable\u002BPurgeable",
              "recoverableDays": 7
            }
          },
          {
            "recoveryId": "https://vaultname.vault.azure.net/deletedsecrets/livekvtestsecret440ad29d5",
            "deletedDate": 1667332006,
            "scheduledPurgeDate": 1667936806,
            "id": "https://vaultname.vault.azure.net/secrets/livekvtestsecret440ad29d5",
            "attributes": {
              "enabled": true,
              "created": 1667331983,
              "updated": 1667331983,
              "recoveryLevel": "CustomizedRecoverable\u002BPurgeable",
              "recoverableDays": 7
            }
          },
          {
            "recoveryId": "https://vaultname.vault.azure.net/deletedsecrets/livekvtestsecret440b629d6",
            "deletedDate": 1667331969,
            "scheduledPurgeDate": 1667936769,
            "id": "https://vaultname.vault.azure.net/secrets/livekvtestsecret440b629d6",
            "attributes": {
              "enabled": true,
              "created": 1667331954,
              "updated": 1667331954,
              "recoveryLevel": "CustomizedRecoverable\u002BPurgeable",
              "recoverableDays": 7
            }
          },
          {
            "recoveryId": "https://vaultname.vault.azure.net/deletedsecrets/livekvtestsecret440bf29d7",
            "deletedDate": 1667331935,
            "scheduledPurgeDate": 1667936735,
            "id": "https://vaultname.vault.azure.net/secrets/livekvtestsecret440bf29d7",
            "attributes": {
              "enabled": true,
              "created": 1667331917,
              "updated": 1667331917,
              "recoveryLevel": "CustomizedRecoverable\u002BPurgeable",
              "recoverableDays": 7
            }
          },
          {
            "recoveryId": "https://vaultname.vault.azure.net/deletedsecrets/livekvtestsecret464562b24",
            "deletedDate": 1667332072,
            "scheduledPurgeDate": 1667936872,
            "id": "https://vaultname.vault.azure.net/secrets/livekvtestsecret464562b24",
            "attributes": {
              "enabled": true,
              "created": 1667332058,
              "updated": 1667332058,
              "recoveryLevel": "CustomizedRecoverable\u002BPurgeable",
              "recoverableDays": 7
            }
          },
          {
            "recoveryId": "https://vaultname.vault.azure.net/deletedsecrets/livekvtestsecret4995e2f28",
            "deletedDate": 1667331870,
            "scheduledPurgeDate": 1667936670,
            "id": "https://vaultname.vault.azure.net/secrets/livekvtestsecret4995e2f28",
            "attributes": {
              "enabled": true,
              "created": 1667331858,
              "updated": 1667331858,
              "recoveryLevel": "CustomizedRecoverable\u002BPurgeable",
              "recoverableDays": 7
            }
          },
          {
            "recoveryId": "https://vaultname.vault.azure.net/deletedsecrets/livekvtestsecret499672f29",
            "deletedDate": 1667331846,
            "scheduledPurgeDate": 1667936646,
            "id": "https://vaultname.vault.azure.net/secrets/livekvtestsecret499672f29",
            "attributes": {
              "enabled": true,
              "created": 1667331835,
              "updated": 1667331835,
              "recoveryLevel": "CustomizedRecoverable\u002BPurgeable",
              "recoverableDays": 7
            }
          }
        ],
        "nextLink": "https://vaultname.vault.azure.net:443/deletedsecrets?api-version=7.2\u0026$skiptoken=Sanitized"
      }
    },
    {
      "RequestUri": "https://vaultname.vault.azure.net/deletedsecrets?api-version=7.2\u0026$skiptoken=Sanitized",
      "RequestMethod": "GET",
      "RequestHeaders": {
        "Accept": "*/*",
        "Accept-Encoding": "gzip, deflate",
        "User-Agent": "azsdk-python-keyvault-secrets/4.7.0b1 Python/3.10.0 (Windows-10-10.0.22621-SP0)"
      },
      "RequestBody": null,
      "StatusCode": 200,
      "ResponseHeaders": {
        "Cache-Control": "no-cache",
        "Content-Length": "3287",
        "Content-Type": "application/json; charset=utf-8",
        "Date": "Tue, 01 Nov 2022 19:48:48 GMT",
        "Expires": "-1",
        "Pragma": "no-cache",
        "Strict-Transport-Security": "max-age=31536000;includeSubDomains",
        "X-Content-Type-Options": "nosniff",
        "x-ms-keyvault-network-info": "conn_type=Ipv4;addr=172.92.159.124;act_addr_fam=InterNetwork;",
        "x-ms-keyvault-rbac-assignment-id": "5405cebb-0832-59fd-b49d-3c34f062a3f5",
        "x-ms-keyvault-rbac-cache": "ra_age=459;da_age=5857;rd_age=5857;brd_age=3398;ra_notif_age=843;dec_lev=0;",
        "x-ms-keyvault-region": "canadacentral",
        "x-ms-keyvault-service-version": "1.9.576.1"
      },
      "ResponseBody": {
        "value": [
          {
            "recoveryId": "https://vaultname.vault.azure.net/deletedsecrets/livekvtestsecret499702f2a",
            "deletedDate": 1667331822,
            "scheduledPurgeDate": 1667936622,
            "id": "https://vaultname.vault.azure.net/secrets/livekvtestsecret499702f2a",
            "attributes": {
              "enabled": true,
              "created": 1667331812,
              "updated": 1667331812,
              "recoveryLevel": "CustomizedRecoverable\u002BPurgeable",
              "recoverableDays": 7
            }
          },
          {
            "recoveryId": "https://vaultname.vault.azure.net/deletedsecrets/livekvtestsecret499792f2b",
            "deletedDate": 1667331799,
            "scheduledPurgeDate": 1667936599,
            "id": "https://vaultname.vault.azure.net/secrets/livekvtestsecret499792f2b",
            "attributes": {
              "enabled": true,
              "created": 1667331787,
              "updated": 1667331787,
              "recoveryLevel": "CustomizedRecoverable\u002BPurgeable",
              "recoverableDays": 7
            }
          },
          {
            "recoveryId": "https://vaultname.vault.azure.net/deletedsecrets/livekvtestsecret4e25c3078",
            "deletedDate": 1667331897,
            "scheduledPurgeDate": 1667936697,
            "id": "https://vaultname.vault.azure.net/secrets/livekvtestsecret4e25c3078",
            "attributes": {
              "enabled": true,
              "created": 1667331881,
              "updated": 1667331881,
              "recoveryLevel": "CustomizedRecoverable\u002BPurgeable",
              "recoverableDays": 7
            }
          },
          {
            "recoveryId": "https://vaultname.vault.azure.net/deletedsecrets/livekvtestsecret4ea832903",
            "deletedDate": 1667332118,
            "scheduledPurgeDate": 1667936918,
            "id": "https://vaultname.vault.azure.net/secrets/livekvtestsecret4ea832903",
            "attributes": {
              "enabled": true,
              "created": 1667332107,
              "updated": 1667332107,
              "recoveryLevel": "CustomizedRecoverable\u002BPurgeable",
              "recoverableDays": 7
            }
          },
          {
            "recoveryId": "https://vaultname.vault.azure.net/deletedsecrets/livekvtestsecret4ea8c2904",
            "deletedDate": 1667332096,
            "scheduledPurgeDate": 1667936896,
            "id": "https://vaultname.vault.azure.net/secrets/livekvtestsecret4ea8c2904",
            "attributes": {
              "enabled": true,
              "created": 1667332083,
              "updated": 1667332083,
              "recoveryLevel": "CustomizedRecoverable\u002BPurgeable",
              "recoverableDays": 7
            }
          },
          {
            "recoveryId": "https://vaultname.vault.azure.net/deletedsecrets/livekvtestsecret540a429d4",
            "deletedDate": 1667332049,
            "scheduledPurgeDate": 1667936849,
            "id": "https://vaultname.vault.azure.net/secrets/livekvtestsecret540a429d4",
            "attributes": {
              "enabled": true,
              "created": 1667332028,
              "updated": 1667332028,
              "recoveryLevel": "CustomizedRecoverable\u002BPurgeable",
              "recoverableDays": 7
            }
          },
          {
            "recoveryId": "https://vaultname.vault.azure.net/deletedsecrets/livekvtestsecret540ad29d5",
            "deletedDate": 1667332013,
            "scheduledPurgeDate": 1667936813,
            "id": "https://vaultname.vault.azure.net/secrets/livekvtestsecret540ad29d5",
            "attributes": {
              "enabled": true,
              "created": 1667331984,
              "updated": 1667331984,
              "recoveryLevel": "CustomizedRecoverable\u002BPurgeable",
              "recoverableDays": 7
            }
          },
          {
            "recoveryId": "https://vaultname.vault.azure.net/deletedsecrets/livekvtestsecret540b629d6",
            "deletedDate": 1667331972,
            "scheduledPurgeDate": 1667936772,
            "id": "https://vaultname.vault.azure.net/secrets/livekvtestsecret540b629d6",
            "attributes": {
              "enabled": true,
              "created": 1667331955,
              "updated": 1667331955,
              "recoveryLevel": "CustomizedRecoverable\u002BPurgeable",
              "recoverableDays": 7
            }
          }
        ],
        "nextLink": "https://vaultname.vault.azure.net:443/deletedsecrets?api-version=7.2\u0026$skiptoken=Sanitized"
      }
    },
    {
      "RequestUri": "https://vaultname.vault.azure.net/deletedsecrets?api-version=7.2\u0026$skiptoken=Sanitized",
      "RequestMethod": "GET",
      "RequestHeaders": {
        "Accept": "*/*",
        "Accept-Encoding": "gzip, deflate",
        "User-Agent": "azsdk-python-keyvault-secrets/4.7.0b1 Python/3.10.0 (Windows-10-10.0.22621-SP0)"
      },
      "RequestBody": null,
      "StatusCode": 200,
      "ResponseHeaders": {
        "Cache-Control": "no-cache",
        "Content-Length": "2496",
        "Content-Type": "application/json; charset=utf-8",
        "Date": "Tue, 01 Nov 2022 19:48:48 GMT",
        "Expires": "-1",
        "Pragma": "no-cache",
        "Strict-Transport-Security": "max-age=31536000;includeSubDomains",
        "X-Content-Type-Options": "nosniff",
        "x-ms-keyvault-network-info": "conn_type=Ipv4;addr=172.92.159.124;act_addr_fam=InterNetwork;",
        "x-ms-keyvault-rbac-assignment-id": "5405cebb-0832-59fd-b49d-3c34f062a3f5",
        "x-ms-keyvault-rbac-cache": "ra_age=460;da_age=5857;rd_age=5857;brd_age=3398;ra_notif_age=843;dec_lev=0;",
        "x-ms-keyvault-region": "canadacentral",
        "x-ms-keyvault-service-version": "1.9.576.1"
      },
      "ResponseBody": {
        "value": [
          {
            "recoveryId": "https://vaultname.vault.azure.net/deletedsecrets/livekvtestsecret540bf29d7",
            "deletedDate": 1667331944,
            "scheduledPurgeDate": 1667936744,
            "id": "https://vaultname.vault.azure.net/secrets/livekvtestsecret540bf29d7",
            "attributes": {
              "enabled": true,
              "created": 1667331917,
              "updated": 1667331917,
              "recoveryLevel": "CustomizedRecoverable\u002BPurgeable",
              "recoverableDays": 7
            }
          },
          {
            "recoveryId": "https://vaultname.vault.azure.net/deletedsecrets/livekvtestsecret564562b24",
            "deletedDate": 1667332074,
            "scheduledPurgeDate": 1667936874,
            "id": "https://vaultname.vault.azure.net/secrets/livekvtestsecret564562b24",
            "attributes": {
              "enabled": true,
              "created": 1667332058,
              "updated": 1667332058,
              "recoveryLevel": "CustomizedRecoverable\u002BPurgeable",
              "recoverableDays": 7
            }
          },
          {
            "recoveryId": "https://vaultname.vault.azure.net/deletedsecrets/livekvtestsecret5995e2f28",
            "deletedDate": 1667331873,
            "scheduledPurgeDate": 1667936673,
            "id": "https://vaultname.vault.azure.net/secrets/livekvtestsecret5995e2f28",
            "attributes": {
              "enabled": true,
              "created": 1667331858,
              "updated": 1667331858,
              "recoveryLevel": "CustomizedRecoverable\u002BPurgeable",
              "recoverableDays": 7
            }
          },
          {
            "recoveryId": "https://vaultname.vault.azure.net/deletedsecrets/livekvtestsecret599672f29",
            "deletedDate": 1667331848,
            "scheduledPurgeDate": 1667936648,
            "id": "https://vaultname.vault.azure.net/secrets/livekvtestsecret599672f29",
            "attributes": {
              "enabled": true,
              "created": 1667331836,
              "updated": 1667331836,
              "recoveryLevel": "CustomizedRecoverable\u002BPurgeable",
              "recoverableDays": 7
            }
          },
          {
            "recoveryId": "https://vaultname.vault.azure.net/deletedsecrets/livekvtestsecret599702f2a",
            "deletedDate": 1667331825,
            "scheduledPurgeDate": 1667936625,
            "id": "https://vaultname.vault.azure.net/secrets/livekvtestsecret599702f2a",
            "attributes": {
              "enabled": true,
              "created": 1667331812,
              "updated": 1667331812,
              "recoveryLevel": "CustomizedRecoverable\u002BPurgeable",
              "recoverableDays": 7
            }
          },
          {
            "recoveryId": "https://vaultname.vault.azure.net/deletedsecrets/livekvtestsecret599792f2b",
            "deletedDate": 1667331802,
            "scheduledPurgeDate": 1667936602,
            "id": "https://vaultname.vault.azure.net/secrets/livekvtestsecret599792f2b",
            "attributes": {
              "enabled": true,
              "created": 1667331787,
              "updated": 1667331787,
              "recoveryLevel": "CustomizedRecoverable\u002BPurgeable",
              "recoverableDays": 7
            }
          }
        ],
        "nextLink": "https://vaultname.vault.azure.net:443/deletedsecrets?api-version=7.2\u0026$skiptoken=Sanitized"
      }
    },
    {
      "RequestUri": "https://vaultname.vault.azure.net/deletedsecrets?api-version=7.2\u0026$skiptoken=Sanitized",
      "RequestMethod": "GET",
      "RequestHeaders": {
        "Accept": "*/*",
        "Accept-Encoding": "gzip, deflate",
        "User-Agent": "azsdk-python-keyvault-secrets/4.7.0b1 Python/3.10.0 (Windows-10-10.0.22621-SP0)"
      },
      "RequestBody": null,
      "StatusCode": 200,
      "ResponseHeaders": {
        "Cache-Control": "no-cache",
        "Content-Length": "3287",
        "Content-Type": "application/json; charset=utf-8",
        "Date": "Tue, 01 Nov 2022 19:48:48 GMT",
        "Expires": "-1",
        "Pragma": "no-cache",
        "Strict-Transport-Security": "max-age=31536000;includeSubDomains",
        "X-Content-Type-Options": "nosniff",
        "x-ms-keyvault-network-info": "conn_type=Ipv4;addr=172.92.159.124;act_addr_fam=InterNetwork;",
        "x-ms-keyvault-rbac-assignment-id": "5405cebb-0832-59fd-b49d-3c34f062a3f5",
        "x-ms-keyvault-rbac-cache": "ra_age=460;da_age=5858;rd_age=5858;brd_age=3399;ra_notif_age=844;dec_lev=0;",
        "x-ms-keyvault-region": "canadacentral",
        "x-ms-keyvault-service-version": "1.9.576.1"
      },
      "ResponseBody": {
        "value": [
          {
            "recoveryId": "https://vaultname.vault.azure.net/deletedsecrets/livekvtestsecret5e25c3078",
            "deletedDate": 1667331899,
            "scheduledPurgeDate": 1667936699,
            "id": "https://vaultname.vault.azure.net/secrets/livekvtestsecret5e25c3078",
            "attributes": {
              "enabled": true,
              "created": 1667331881,
              "updated": 1667331881,
              "recoveryLevel": "CustomizedRecoverable\u002BPurgeable",
              "recoverableDays": 7
            }
          },
          {
            "recoveryId": "https://vaultname.vault.azure.net/deletedsecrets/livekvtestsecret5ea832903",
            "deletedDate": 1667332120,
            "scheduledPurgeDate": 1667936920,
            "id": "https://vaultname.vault.azure.net/secrets/livekvtestsecret5ea832903",
            "attributes": {
              "enabled": true,
              "created": 1667332108,
              "updated": 1667332108,
              "recoveryLevel": "CustomizedRecoverable\u002BPurgeable",
              "recoverableDays": 7
            }
          },
          {
            "recoveryId": "https://vaultname.vault.azure.net/deletedsecrets/livekvtestsecret5ea8c2904",
            "deletedDate": 1667332098,
            "scheduledPurgeDate": 1667936898,
            "id": "https://vaultname.vault.azure.net/secrets/livekvtestsecret5ea8c2904",
            "attributes": {
              "enabled": true,
              "created": 1667332084,
              "updated": 1667332084,
              "recoveryLevel": "CustomizedRecoverable\u002BPurgeable",
              "recoverableDays": 7
            }
          },
          {
            "recoveryId": "https://vaultname.vault.azure.net/deletedsecrets/livekvtestsecret640a429d4",
            "deletedDate": 1667332051,
            "scheduledPurgeDate": 1667936851,
            "id": "https://vaultname.vault.azure.net/secrets/livekvtestsecret640a429d4",
            "attributes": {
              "enabled": true,
              "created": 1667332029,
              "updated": 1667332029,
              "recoveryLevel": "CustomizedRecoverable\u002BPurgeable",
              "recoverableDays": 7
            }
          },
          {
            "recoveryId": "https://vaultname.vault.azure.net/deletedsecrets/livekvtestsecret640ad29d5",
            "deletedDate": 1667332018,
            "scheduledPurgeDate": 1667936818,
            "id": "https://vaultname.vault.azure.net/secrets/livekvtestsecret640ad29d5",
            "attributes": {
              "enabled": true,
              "created": 1667331984,
              "updated": 1667331984,
              "recoveryLevel": "CustomizedRecoverable\u002BPurgeable",
              "recoverableDays": 7
            }
          },
          {
            "recoveryId": "https://vaultname.vault.azure.net/deletedsecrets/livekvtestsecret640b629d6",
            "deletedDate": 1667331974,
            "scheduledPurgeDate": 1667936774,
            "id": "https://vaultname.vault.azure.net/secrets/livekvtestsecret640b629d6",
            "attributes": {
              "enabled": true,
              "created": 1667331955,
              "updated": 1667331955,
              "recoveryLevel": "CustomizedRecoverable\u002BPurgeable",
              "recoverableDays": 7
            }
          },
          {
            "recoveryId": "https://vaultname.vault.azure.net/deletedsecrets/livekvtestsecret640bf29d7",
            "deletedDate": 1667331946,
            "scheduledPurgeDate": 1667936746,
            "id": "https://vaultname.vault.azure.net/secrets/livekvtestsecret640bf29d7",
            "attributes": {
              "enabled": true,
              "created": 1667331917,
              "updated": 1667331917,
              "recoveryLevel": "CustomizedRecoverable\u002BPurgeable",
              "recoverableDays": 7
            }
          },
          {
            "recoveryId": "https://vaultname.vault.azure.net/deletedsecrets/livekvtestsecret664562b24",
            "deletedDate": 1667332077,
            "scheduledPurgeDate": 1667936877,
            "id": "https://vaultname.vault.azure.net/secrets/livekvtestsecret664562b24",
            "attributes": {
              "enabled": true,
              "created": 1667332058,
              "updated": 1667332058,
              "recoveryLevel": "CustomizedRecoverable\u002BPurgeable",
              "recoverableDays": 7
            }
          }
        ],
        "nextLink": "https://vaultname.vault.azure.net:443/deletedsecrets?api-version=7.2\u0026$skiptoken=Sanitized"
      }
    },
    {
      "RequestUri": "https://vaultname.vault.azure.net/deletedsecrets?api-version=7.2\u0026$skiptoken=Sanitized",
      "RequestMethod": "GET",
      "RequestHeaders": {
        "Accept": "*/*",
        "Accept-Encoding": "gzip, deflate",
        "User-Agent": "azsdk-python-keyvault-secrets/4.7.0b1 Python/3.10.0 (Windows-10-10.0.22621-SP0)"
      },
      "RequestBody": null,
      "StatusCode": 200,
      "ResponseHeaders": {
        "Cache-Control": "no-cache",
        "Content-Length": "1764",
        "Content-Type": "application/json; charset=utf-8",
        "Date": "Tue, 01 Nov 2022 19:48:48 GMT",
        "Expires": "-1",
        "Pragma": "no-cache",
        "Strict-Transport-Security": "max-age=31536000;includeSubDomains",
        "X-Content-Type-Options": "nosniff",
        "x-ms-keyvault-network-info": "conn_type=Ipv4;addr=172.92.159.124;act_addr_fam=InterNetwork;",
        "x-ms-keyvault-rbac-assignment-id": "5405cebb-0832-59fd-b49d-3c34f062a3f5",
        "x-ms-keyvault-rbac-cache": "ra_age=460;da_age=5858;rd_age=5858;brd_age=3399;ra_notif_age=844;dec_lev=0;",
        "x-ms-keyvault-region": "canadacentral",
        "x-ms-keyvault-service-version": "1.9.576.1"
      },
      "ResponseBody": {
        "value": [
          {
            "recoveryId": "https://vaultname.vault.azure.net/deletedsecrets/livekvtestsecret6995e2f28",
            "deletedDate": 1667331875,
            "scheduledPurgeDate": 1667936675,
            "id": "https://vaultname.vault.azure.net/secrets/livekvtestsecret6995e2f28",
            "attributes": {
              "enabled": true,
              "created": 1667331859,
              "updated": 1667331859,
              "recoveryLevel": "CustomizedRecoverable\u002BPurgeable",
              "recoverableDays": 7
            }
          },
          {
            "recoveryId": "https://vaultname.vault.azure.net/deletedsecrets/livekvtestsecret699672f29",
            "deletedDate": 1667331853,
            "scheduledPurgeDate": 1667936653,
            "id": "https://vaultname.vault.azure.net/secrets/livekvtestsecret699672f29",
            "attributes": {
              "enabled": true,
              "created": 1667331836,
              "updated": 1667331836,
              "recoveryLevel": "CustomizedRecoverable\u002BPurgeable",
              "recoverableDays": 7
            }
          },
          {
            "recoveryId": "https://vaultname.vault.azure.net/deletedsecrets/livekvtestsecret699702f2a",
            "deletedDate": 1667331829,
            "scheduledPurgeDate": 1667936629,
            "id": "https://vaultname.vault.azure.net/secrets/livekvtestsecret699702f2a",
            "attributes": {
              "enabled": true,
              "created": 1667331812,
              "updated": 1667331812,
              "recoveryLevel": "CustomizedRecoverable\u002BPurgeable",
              "recoverableDays": 7
            }
          },
          {
            "recoveryId": "https://vaultname.vault.azure.net/deletedsecrets/livekvtestsecret699792f2b",
            "deletedDate": 1667331806,
            "scheduledPurgeDate": 1667936606,
            "id": "https://vaultname.vault.azure.net/secrets/livekvtestsecret699792f2b",
            "attributes": {
              "enabled": true,
              "created": 1667331788,
              "updated": 1667331788,
              "recoveryLevel": "CustomizedRecoverable\u002BPurgeable",
              "recoverableDays": 7
            }
          }
        ],
        "nextLink": "https://vaultname.vault.azure.net:443/deletedsecrets?api-version=7.2\u0026$skiptoken=Sanitized"
      }
    },
    {
      "RequestUri": "https://vaultname.vault.azure.net/deletedsecrets?api-version=7.2\u0026$skiptoken=Sanitized",
      "RequestMethod": "GET",
      "RequestHeaders": {
        "Accept": "*/*",
        "Accept-Encoding": "gzip, deflate",
        "User-Agent": "azsdk-python-keyvault-secrets/4.7.0b1 Python/3.10.0 (Windows-10-10.0.22621-SP0)"
      },
      "RequestBody": null,
      "StatusCode": 200,
      "ResponseHeaders": {
        "Cache-Control": "no-cache",
        "Content-Length": "1125",
        "Content-Type": "application/json; charset=utf-8",
        "Date": "Tue, 01 Nov 2022 19:48:49 GMT",
        "Expires": "-1",
        "Pragma": "no-cache",
        "Strict-Transport-Security": "max-age=31536000;includeSubDomains",
        "X-Content-Type-Options": "nosniff",
        "x-ms-keyvault-network-info": "conn_type=Ipv4;addr=172.92.159.124;act_addr_fam=InterNetwork;",
        "x-ms-keyvault-rbac-assignment-id": "5405cebb-0832-59fd-b49d-3c34f062a3f5",
        "x-ms-keyvault-rbac-cache": "ra_age=460;da_age=5858;rd_age=5858;brd_age=3399;ra_notif_age=844;dec_lev=0;",
        "x-ms-keyvault-region": "canadacentral",
        "x-ms-keyvault-service-version": "1.9.576.1"
      },
      "ResponseBody": {
        "value": [
          {
            "recoveryId": "https://vaultname.vault.azure.net/deletedsecrets/livekvtestsecret6e25c3078",
            "deletedDate": 1667331902,
            "scheduledPurgeDate": 1667936702,
            "id": "https://vaultname.vault.azure.net/secrets/livekvtestsecret6e25c3078",
            "attributes": {
              "enabled": true,
              "created": 1667331881,
              "updated": 1667331881,
              "recoveryLevel": "CustomizedRecoverable\u002BPurgeable",
              "recoverableDays": 7
            }
          },
          {
            "recoveryId": "https://vaultname.vault.azure.net/deletedsecrets/livekvtestsecret6ea832903",
            "deletedDate": 1667332123,
            "scheduledPurgeDate": 1667936923,
            "id": "https://vaultname.vault.azure.net/secrets/livekvtestsecret6ea832903",
            "attributes": {
              "enabled": true,
              "created": 1667332108,
              "updated": 1667332108,
              "recoveryLevel": "CustomizedRecoverable\u002BPurgeable",
              "recoverableDays": 7
            }
          },
          {
            "recoveryId": "https://vaultname.vault.azure.net/deletedsecrets/livekvtestsecret6ea8c2904",
            "deletedDate": 1667332100,
            "scheduledPurgeDate": 1667936900,
            "id": "https://vaultname.vault.azure.net/secrets/livekvtestsecret6ea8c2904",
            "attributes": {
              "enabled": true,
              "created": 1667332084,
              "updated": 1667332084,
              "recoveryLevel": "CustomizedRecoverable\u002BPurgeable",
              "recoverableDays": 7
            }
          }
        ],
        "nextLink": null
      }
    }
  ],
  "Variables": {}
}
