{
  "Entries": [
    {
      "RequestUri": "https://vaultname.vault.azure.net/secrets/livekvtestsecret-name45d634a4?api-version=7.0",
      "RequestMethod": "PUT",
      "RequestHeaders": {
        "Accept": "application/json",
        "Accept-Encoding": "gzip, deflate",
        "Content-Length": "0",
        "Content-Type": "application/json",
        "User-Agent": "azsdk-python-keyvault-secrets/4.7.0b1 Python/3.10.0 (Windows-10-10.0.22621-SP0)"
      },
      "RequestBody": null,
      "StatusCode": 401,
      "ResponseHeaders": {
        "Cache-Control": "no-cache",
        "Content-Length": "97",
        "Content-Type": "application/json; charset=utf-8",
        "Date": "Tue, 01 Nov 2022 19:42:32 GMT",
        "Expires": "-1",
        "Pragma": "no-cache",
        "Strict-Transport-Security": "max-age=31536000;includeSubDomains",
        "WWW-Authenticate": "Bearer authorization=\u0022https://login.windows.net/00000000-0000-0000-0000-000000000000\u0022, resource=\u0022https://vault.azure.net\u0022",
        "X-Content-Type-Options": "nosniff",
        "x-ms-keyvault-network-info": "conn_type=Ipv4;addr=172.92.159.124;act_addr_fam=InterNetwork;",
        "x-ms-keyvault-region": "canadacentral",
        "x-ms-keyvault-service-version": "1.9.576.1"
      },
      "ResponseBody": {
        "error": {
          "code": "Unauthorized",
          "message": "AKV10000: Request is missing a Bearer or PoP token."
        }
      }
    },
    {
      "RequestUri": "https://vaultname.vault.azure.net/secrets/livekvtestsecret-name45d634a4?api-version=7.0",
      "RequestMethod": "PUT",
      "RequestHeaders": {
        "Accept": "application/json",
        "Accept-Encoding": "gzip, deflate",
        "Content-Length": "25",
        "Content-Type": "application/json",
        "User-Agent": "azsdk-python-keyvault-secrets/4.7.0b1 Python/3.10.0 (Windows-10-10.0.22621-SP0)"
      },
      "RequestBody": {
        "value": "secret-value"
      },
      "StatusCode": 200,
      "ResponseHeaders": {
        "Cache-Control": "no-cache",
        "Content-Length": "258",
        "Content-Type": "application/json; charset=utf-8",
        "Date": "Tue, 01 Nov 2022 19:42:32 GMT",
        "Expires": "-1",
        "Pragma": "no-cache",
        "Strict-Transport-Security": "max-age=31536000;includeSubDomains",
        "X-Content-Type-Options": "nosniff",
        "x-ms-keyvault-network-info": "conn_type=Ipv4;addr=172.92.159.124;act_addr_fam=InterNetwork;",
        "x-ms-keyvault-rbac-assignment-id": "5405cebb-0832-59fd-b49d-3c34f062a3f5",
        "x-ms-keyvault-rbac-cache": "ra_age=84;da_age=5482;rd_age=5482;brd_age=3023;ra_notif_age=468;dec_lev=1;",
        "x-ms-keyvault-region": "canadacentral",
        "x-ms-keyvault-service-version": "1.9.576.1"
      },
      "ResponseBody": {
        "value": "secret-value",
        "id": "https://vaultname.vault.azure.net/secrets/livekvtestsecret-name45d634a4/43244ad14c8d4bde9f8d80733b611e46",
        "attributes": {
          "enabled": true,
          "created": 1667331753,
          "updated": 1667331753,
          "recoveryLevel": "CustomizedRecoverable\u002BPurgeable"
        }
      }
    },
    {
      "RequestUri": "https://vaultname.vault.azure.net/secrets/livekvtestsecret-name45d634a4?api-version=7.0",
      "RequestMethod": "DELETE",
      "RequestHeaders": {
        "Accept": "application/json",
        "Accept-Encoding": "gzip, deflate",
        "Content-Length": "0",
        "User-Agent": "azsdk-python-keyvault-secrets/4.7.0b1 Python/3.10.0 (Windows-10-10.0.22621-SP0)"
      },
      "RequestBody": null,
      "StatusCode": 200,
      "ResponseHeaders": {
        "Cache-Control": "no-cache",
        "Content-Length": "386",
        "Content-Type": "application/json; charset=utf-8",
        "Date": "Tue, 01 Nov 2022 19:42:32 GMT",
        "Expires": "-1",
        "Pragma": "no-cache",
        "Strict-Transport-Security": "max-age=31536000;includeSubDomains",
        "X-Content-Type-Options": "nosniff",
        "x-ms-keyvault-network-info": "conn_type=Ipv4;addr=172.92.159.124;act_addr_fam=InterNetwork;",
        "x-ms-keyvault-rbac-assignment-id": "5405cebb-0832-59fd-b49d-3c34f062a3f5",
        "x-ms-keyvault-rbac-cache": "ra_age=84;da_age=5482;rd_age=5482;brd_age=3023;ra_notif_age=468;dec_lev=1;",
        "x-ms-keyvault-region": "canadacentral",
        "x-ms-keyvault-service-version": "1.9.576.1"
      },
      "ResponseBody": {
        "recoveryId": "https://vaultname.vault.azure.net/deletedsecrets/livekvtestsecret-name45d634a4",
        "deletedDate": 1667331753,
        "scheduledPurgeDate": 1667936553,
        "id": "https://vaultname.vault.azure.net/secrets/livekvtestsecret-name45d634a4/43244ad14c8d4bde9f8d80733b611e46",
        "attributes": {
          "enabled": true,
          "created": 1667331753,
          "updated": 1667331753,
          "recoveryLevel": "CustomizedRecoverable\u002BPurgeable"
        }
      }
    },
    {
      "RequestUri": "https://vaultname.vault.azure.net/deletedsecrets/livekvtestsecret-name45d634a4?api-version=7.0",
      "RequestMethod": "GET",
      "RequestHeaders": {
        "Accept": "application/json",
        "Accept-Encoding": "gzip, deflate",
        "User-Agent": "azsdk-python-keyvault-secrets/4.7.0b1 Python/3.10.0 (Windows-10-10.0.22621-SP0)"
      },
      "RequestBody": null,
      "StatusCode": 404,
      "ResponseHeaders": {
        "Cache-Control": "no-cache",
        "Content-Length": "103",
        "Content-Type": "application/json; charset=utf-8",
        "Date": "Tue, 01 Nov 2022 19:42:32 GMT",
        "Expires": "-1",
        "Pragma": "no-cache",
        "Strict-Transport-Security": "max-age=31536000;includeSubDomains",
        "X-Content-Type-Options": "nosniff",
        "x-ms-keyvault-network-info": "conn_type=Ipv4;addr=172.92.159.124;act_addr_fam=InterNetwork;",
        "x-ms-keyvault-rbac-assignment-id": "5405cebb-0832-59fd-b49d-3c34f062a3f5",
        "x-ms-keyvault-rbac-cache": "ra_age=85;da_age=5482;rd_age=5482;brd_age=3023;ra_notif_age=468;dec_lev=1;",
        "x-ms-keyvault-region": "canadacentral",
        "x-ms-keyvault-service-version": "1.9.576.1"
      },
      "ResponseBody": {
        "error": {
          "code": "SecretNotFound",
          "message": "Deleted Secret not found: livekvtestsecret-name45d634a4"
        }
      }
    },
    {
      "RequestUri": "https://vaultname.vault.azure.net/deletedsecrets/livekvtestsecret-name45d634a4?api-version=7.0",
      "RequestMethod": "GET",
      "RequestHeaders": {
        "Accept": "application/json",
        "Accept-Encoding": "gzip, deflate",
        "User-Agent": "azsdk-python-keyvault-secrets/4.7.0b1 Python/3.10.0 (Windows-10-10.0.22621-SP0)"
      },
      "RequestBody": null,
      "StatusCode": 404,
      "ResponseHeaders": {
        "Cache-Control": "no-cache",
        "Content-Length": "103",
        "Content-Type": "application/json; charset=utf-8",
        "Date": "Tue, 01 Nov 2022 19:42:34 GMT",
        "Expires": "-1",
        "Pragma": "no-cache",
        "Strict-Transport-Security": "max-age=31536000;includeSubDomains",
        "X-Content-Type-Options": "nosniff",
        "x-ms-keyvault-network-info": "conn_type=Ipv4;addr=172.92.159.124;act_addr_fam=InterNetwork;",
        "x-ms-keyvault-rbac-assignment-id": "5405cebb-0832-59fd-b49d-3c34f062a3f5",
        "x-ms-keyvault-rbac-cache": "ra_age=87;da_age=5484;rd_age=5484;brd_age=3025;ra_notif_age=470;dec_lev=0;",
        "x-ms-keyvault-region": "canadacentral",
        "x-ms-keyvault-service-version": "1.9.576.1"
      },
      "ResponseBody": {
        "error": {
          "code": "SecretNotFound",
          "message": "Deleted Secret not found: livekvtestsecret-name45d634a4"
        }
      }
    },
    {
      "RequestUri": "https://vaultname.vault.azure.net/deletedsecrets/livekvtestsecret-name45d634a4?api-version=7.0",
      "RequestMethod": "GET",
      "RequestHeaders": {
        "Accept": "application/json",
        "Accept-Encoding": "gzip, deflate",
        "User-Agent": "azsdk-python-keyvault-secrets/4.7.0b1 Python/3.10.0 (Windows-10-10.0.22621-SP0)"
      },
      "RequestBody": null,
      "StatusCode": 200,
      "ResponseHeaders": {
        "Cache-Control": "no-cache",
        "Content-Length": "386",
        "Content-Type": "application/json; charset=utf-8",
        "Date": "Tue, 01 Nov 2022 19:42:36 GMT",
        "Expires": "-1",
        "Pragma": "no-cache",
        "Strict-Transport-Security": "max-age=31536000;includeSubDomains",
        "X-Content-Type-Options": "nosniff",
        "x-ms-keyvault-network-info": "conn_type=Ipv4;addr=172.92.159.124;act_addr_fam=InterNetwork;",
        "x-ms-keyvault-rbac-assignment-id": "5405cebb-0832-59fd-b49d-3c34f062a3f5",
        "x-ms-keyvault-rbac-cache": "ra_age=89;da_age=5486;rd_age=5486;brd_age=3028;ra_notif_age=473;dec_lev=0;",
        "x-ms-keyvault-region": "canadacentral",
        "x-ms-keyvault-service-version": "1.9.576.1"
      },
      "ResponseBody": {
        "recoveryId": "https://vaultname.vault.azure.net/deletedsecrets/livekvtestsecret-name45d634a4",
        "deletedDate": 1667331753,
        "scheduledPurgeDate": 1667936553,
        "id": "https://vaultname.vault.azure.net/secrets/livekvtestsecret-name45d634a4/43244ad14c8d4bde9f8d80733b611e46",
        "attributes": {
          "enabled": true,
          "created": 1667331753,
          "updated": 1667331753,
          "recoveryLevel": "CustomizedRecoverable\u002BPurgeable"
        }
      }
    },
    {
      "RequestUri": "https://vaultname.vault.azure.net/deletedsecrets/livekvtestsecret-name45d634a4?api-version=7.0",
      "RequestMethod": "GET",
      "RequestHeaders": {
        "Accept": "application/json",
        "Accept-Encoding": "gzip, deflate",
        "User-Agent": "azsdk-python-keyvault-secrets/4.7.0b1 Python/3.10.0 (Windows-10-10.0.22621-SP0)"
      },
      "RequestBody": null,
      "StatusCode": 200,
      "ResponseHeaders": {
        "Cache-Control": "no-cache",
        "Content-Length": "386",
        "Content-Type": "application/json; charset=utf-8",
        "Date": "Tue, 01 Nov 2022 19:42:37 GMT",
        "Expires": "-1",
        "Pragma": "no-cache",
        "Strict-Transport-Security": "max-age=31536000;includeSubDomains",
        "X-Content-Type-Options": "nosniff",
        "x-ms-keyvault-network-info": "conn_type=Ipv4;addr=172.92.159.124;act_addr_fam=InterNetwork;",
        "x-ms-keyvault-rbac-assignment-id": "5405cebb-0832-59fd-b49d-3c34f062a3f5",
        "x-ms-keyvault-rbac-cache": "ra_age=89;da_age=5487;rd_age=5487;brd_age=3028;ra_notif_age=473;dec_lev=0;",
        "x-ms-keyvault-region": "canadacentral",
        "x-ms-keyvault-service-version": "1.9.576.1"
      },
      "ResponseBody": {
        "recoveryId": "https://vaultname.vault.azure.net/deletedsecrets/livekvtestsecret-name45d634a4",
        "deletedDate": 1667331753,
        "scheduledPurgeDate": 1667936553,
        "id": "https://vaultname.vault.azure.net/secrets/livekvtestsecret-name45d634a4/43244ad14c8d4bde9f8d80733b611e46",
        "attributes": {
          "enabled": true,
          "created": 1667331753,
          "updated": 1667331753,
          "recoveryLevel": "CustomizedRecoverable\u002BPurgeable"
        }
      }
    },
    {
      "RequestUri": "https://vaultname.vault.azure.net/deletedsecrets/livekvtestsecret-name45d634a4/recover?api-version=7.0",
      "RequestMethod": "POST",
      "RequestHeaders": {
        "Accept": "application/json",
        "Accept-Encoding": "gzip, deflate",
        "Content-Length": "0",
        "User-Agent": "azsdk-python-keyvault-secrets/4.7.0b1 Python/3.10.0 (Windows-10-10.0.22621-SP0)"
      },
      "RequestBody": null,
      "StatusCode": 200,
      "ResponseHeaders": {
        "Cache-Control": "no-cache",
        "Content-Length": "235",
        "Content-Type": "application/json; charset=utf-8",
        "Date": "Tue, 01 Nov 2022 19:42:37 GMT",
        "Expires": "-1",
        "Pragma": "no-cache",
        "Strict-Transport-Security": "max-age=31536000;includeSubDomains",
        "X-Content-Type-Options": "nosniff",
        "x-ms-keyvault-network-info": "conn_type=Ipv4;addr=172.92.159.124;act_addr_fam=InterNetwork;",
        "x-ms-keyvault-rbac-assignment-id": "5405cebb-0832-59fd-b49d-3c34f062a3f5",
        "x-ms-keyvault-rbac-cache": "ra_age=89;da_age=5487;rd_age=5487;brd_age=3028;ra_notif_age=473;dec_lev=1;",
        "x-ms-keyvault-region": "canadacentral",
        "x-ms-keyvault-service-version": "1.9.576.1"
      },
      "ResponseBody": {
        "id": "https://vaultname.vault.azure.net/secrets/livekvtestsecret-name45d634a4/43244ad14c8d4bde9f8d80733b611e46",
        "attributes": {
          "enabled": true,
          "created": 1667331753,
          "updated": 1667331753,
          "recoveryLevel": "CustomizedRecoverable\u002BPurgeable"
        }
      }
    },
    {
      "RequestUri": "https://vaultname.vault.azure.net/secrets/livekvtestsecret-name45d634a4/?api-version=7.0",
      "RequestMethod": "GET",
      "RequestHeaders": {
        "Accept": "application/json",
        "Accept-Encoding": "gzip, deflate",
        "User-Agent": "azsdk-python-keyvault-secrets/4.7.0b1 Python/3.10.0 (Windows-10-10.0.22621-SP0)"
      },
      "RequestBody": null,
      "StatusCode": 404,
      "ResponseHeaders": {
        "Cache-Control": "no-cache",
        "Content-Length": "326",
        "Content-Type": "application/json; charset=utf-8",
        "Date": "Tue, 01 Nov 2022 19:42:37 GMT",
        "Expires": "-1",
        "Pragma": "no-cache",
        "Strict-Transport-Security": "max-age=31536000;includeSubDomains",
        "X-Content-Type-Options": "nosniff",
        "x-ms-keyvault-network-info": "conn_type=Ipv4;addr=172.92.159.124;act_addr_fam=InterNetwork;",
        "x-ms-keyvault-rbac-assignment-id": "5405cebb-0832-59fd-b49d-3c34f062a3f5",
        "x-ms-keyvault-rbac-cache": "ra_age=89;da_age=5487;rd_age=5487;brd_age=3028;ra_notif_age=473;dec_lev=0;",
        "x-ms-keyvault-region": "canadacentral",
        "x-ms-keyvault-service-version": "1.9.576.1"
      },
      "ResponseBody": {
        "error": {
          "code": "SecretNotFound",
          "message": "A secret with (name/id) livekvtestsecret-name45d634a4 was not found in this key vault. If you recently deleted this secret you may be able to recover it using the correct recovery command. For help resolving this issue, please see https://go.microsoft.com/fwlink/?linkid=2125182"
        }
      }
    },
    {
      "RequestUri": "https://vaultname.vault.azure.net/secrets/livekvtestsecret-name45d634a4/?api-version=7.0",
      "RequestMethod": "GET",
      "RequestHeaders": {
        "Accept": "application/json",
        "Accept-Encoding": "gzip, deflate",
        "User-Agent": "azsdk-python-keyvault-secrets/4.7.0b1 Python/3.10.0 (Windows-10-10.0.22621-SP0)"
      },
      "RequestBody": null,
      "StatusCode": 200,
      "ResponseHeaders": {
        "Cache-Control": "no-cache",
        "Content-Length": "258",
        "Content-Type": "application/json; charset=utf-8",
        "Date": "Tue, 01 Nov 2022 19:42:39 GMT",
        "Expires": "-1",
        "Pragma": "no-cache",
        "Strict-Transport-Security": "max-age=31536000;includeSubDomains",
        "X-Content-Type-Options": "nosniff",
        "x-ms-keyvault-network-info": "conn_type=Ipv4;addr=172.92.159.124;act_addr_fam=InterNetwork;",
        "x-ms-keyvault-rbac-assignment-id": "5405cebb-0832-59fd-b49d-3c34f062a3f5",
        "x-ms-keyvault-rbac-cache": "ra_age=91;da_age=5489;rd_age=5489;brd_age=3030;ra_notif_age=475;dec_lev=0;",
        "x-ms-keyvault-region": "canadacentral",
        "x-ms-keyvault-service-version": "1.9.576.1"
      },
      "ResponseBody": {
        "value": "secret-value",
        "id": "https://vaultname.vault.azure.net/secrets/livekvtestsecret-name45d634a4/43244ad14c8d4bde9f8d80733b611e46",
        "attributes": {
          "enabled": true,
          "created": 1667331753,
          "updated": 1667331753,
          "recoveryLevel": "CustomizedRecoverable\u002BPurgeable"
        }
      }
    }
  ],
  "Variables": {}
}
