{
  "Entries": [
    {
      "RequestUri": "https://vaultname.vault.azure.net/secrets/livekvtestsec504d2c73?api-version=7.1",
      "RequestMethod": "PUT",
      "RequestHeaders": {
        "Accept": "application/json",
        "Accept-Encoding": "gzip, deflate",
        "Content-Length": "0",
        "Content-Type": "application/json",
        "User-Agent": "azsdk-python-keyvault-secrets/4.7.0b1 Python/3.10.0 (Windows-10-10.0.22621-SP0)"
      },
      "RequestBody": null,
      "StatusCode": 401,
      "ResponseHeaders": {
        "Cache-Control": "no-cache",
        "Content-Length": "97",
        "Content-Type": "application/json; charset=utf-8",
        "Date": "Tue, 01 Nov 2022 19:45:10 GMT",
        "Expires": "-1",
        "Pragma": "no-cache",
        "Strict-Transport-Security": "max-age=31536000;includeSubDomains",
        "WWW-Authenticate": "Bearer authorization=\u0022https://login.windows.net/00000000-0000-0000-0000-000000000000\u0022, resource=\u0022https://vault.azure.net\u0022",
        "X-Content-Type-Options": "nosniff",
        "x-ms-keyvault-network-info": "conn_type=Ipv4;addr=172.92.159.124;act_addr_fam=InterNetwork;",
        "x-ms-keyvault-region": "canadacentral",
        "x-ms-keyvault-service-version": "1.9.576.1"
      },
      "ResponseBody": {
        "error": {
          "code": "Unauthorized",
          "message": "AKV10000: Request is missing a Bearer or PoP token."
        }
      }
    },
    {
      "RequestUri": "https://vaultname.vault.azure.net/secrets/livekvtestsec504d2c73?api-version=7.1",
      "RequestMethod": "PUT",
      "RequestHeaders": {
        "Accept": "application/json",
        "Accept-Encoding": "gzip, deflate",
        "Content-Length": "19",
        "Content-Type": "application/json",
        "User-Agent": "azsdk-python-keyvault-secrets/4.7.0b1 Python/3.10.0 (Windows-10-10.0.22621-SP0)"
      },
      "RequestBody": {
        "value": "secVal"
      },
      "StatusCode": 200,
      "ResponseHeaders": {
        "Cache-Control": "no-cache",
        "Content-Length": "264",
        "Content-Type": "application/json; charset=utf-8",
        "Date": "Tue, 01 Nov 2022 19:45:11 GMT",
        "Expires": "-1",
        "Pragma": "no-cache",
        "Strict-Transport-Security": "max-age=31536000;includeSubDomains",
        "X-Content-Type-Options": "nosniff",
        "x-ms-keyvault-network-info": "conn_type=Ipv4;addr=172.92.159.124;act_addr_fam=InterNetwork;",
        "x-ms-keyvault-rbac-assignment-id": "5405cebb-0832-59fd-b49d-3c34f062a3f5",
        "x-ms-keyvault-rbac-cache": "ra_age=242;da_age=5640;rd_age=5640;brd_age=3181;ra_notif_age=626;dec_lev=1;",
        "x-ms-keyvault-region": "canadacentral",
        "x-ms-keyvault-service-version": "1.9.576.1"
      },
      "ResponseBody": {
        "value": "secVal",
        "id": "https://vaultname.vault.azure.net/secrets/livekvtestsec504d2c73/ad91cb4a243a40b7b2e5c30fdea573f8",
        "attributes": {
          "enabled": true,
          "created": 1667331911,
          "updated": 1667331911,
          "recoveryLevel": "CustomizedRecoverable\u002BPurgeable",
          "recoverableDays": 7
        }
      }
    },
    {
      "RequestUri": "https://vaultname.vault.azure.net/secrets/livekvtestsec504d2c73?api-version=7.1",
      "RequestMethod": "PUT",
      "RequestHeaders": {
        "Accept": "application/json",
        "Accept-Encoding": "gzip, deflate",
        "Content-Length": "19",
        "Content-Type": "application/json",
        "User-Agent": "azsdk-python-keyvault-secrets/4.7.0b1 Python/3.10.0 (Windows-10-10.0.22621-SP0)"
      },
      "RequestBody": {
        "value": "secVal"
      },
      "StatusCode": 200,
      "ResponseHeaders": {
        "Cache-Control": "no-cache",
        "Content-Length": "264",
        "Content-Type": "application/json; charset=utf-8",
        "Date": "Tue, 01 Nov 2022 19:45:11 GMT",
        "Expires": "-1",
        "Pragma": "no-cache",
        "Strict-Transport-Security": "max-age=31536000;includeSubDomains",
        "X-Content-Type-Options": "nosniff",
        "x-ms-keyvault-network-info": "conn_type=Ipv4;addr=172.92.159.124;act_addr_fam=InterNetwork;",
        "x-ms-keyvault-rbac-assignment-id": "5405cebb-0832-59fd-b49d-3c34f062a3f5",
        "x-ms-keyvault-rbac-cache": "ra_age=242;da_age=5640;rd_age=5640;brd_age=3181;ra_notif_age=626;dec_lev=0;",
        "x-ms-keyvault-region": "canadacentral",
        "x-ms-keyvault-service-version": "1.9.576.1"
      },
      "ResponseBody": {
        "value": "secVal",
        "id": "https://vaultname.vault.azure.net/secrets/livekvtestsec504d2c73/c68d236af1704b5a84a714d74b7cae0e",
        "attributes": {
          "enabled": true,
          "created": 1667331911,
          "updated": 1667331911,
          "recoveryLevel": "CustomizedRecoverable\u002BPurgeable",
          "recoverableDays": 7
        }
      }
    },
    {
      "RequestUri": "https://vaultname.vault.azure.net/secrets/livekvtestsec504d2c73?api-version=7.1",
      "RequestMethod": "PUT",
      "RequestHeaders": {
        "Accept": "application/json",
        "Accept-Encoding": "gzip, deflate",
        "Content-Length": "19",
        "Content-Type": "application/json",
        "User-Agent": "azsdk-python-keyvault-secrets/4.7.0b1 Python/3.10.0 (Windows-10-10.0.22621-SP0)"
      },
      "RequestBody": {
        "value": "secVal"
      },
      "StatusCode": 200,
      "ResponseHeaders": {
        "Cache-Control": "no-cache",
        "Content-Length": "264",
        "Content-Type": "application/json; charset=utf-8",
        "Date": "Tue, 01 Nov 2022 19:45:11 GMT",
        "Expires": "-1",
        "Pragma": "no-cache",
        "Strict-Transport-Security": "max-age=31536000;includeSubDomains",
        "X-Content-Type-Options": "nosniff",
        "x-ms-keyvault-network-info": "conn_type=Ipv4;addr=172.92.159.124;act_addr_fam=InterNetwork;",
        "x-ms-keyvault-rbac-assignment-id": "5405cebb-0832-59fd-b49d-3c34f062a3f5",
        "x-ms-keyvault-rbac-cache": "ra_age=243;da_age=5640;rd_age=5640;brd_age=3181;ra_notif_age=626;dec_lev=0;",
        "x-ms-keyvault-region": "canadacentral",
        "x-ms-keyvault-service-version": "1.9.576.1"
      },
      "ResponseBody": {
        "value": "secVal",
        "id": "https://vaultname.vault.azure.net/secrets/livekvtestsec504d2c73/abd671b993f948d28150e2e228def7f9",
        "attributes": {
          "enabled": true,
          "created": 1667331911,
          "updated": 1667331911,
          "recoveryLevel": "CustomizedRecoverable\u002BPurgeable",
          "recoverableDays": 7
        }
      }
    },
    {
      "RequestUri": "https://vaultname.vault.azure.net/secrets/livekvtestsec504d2c73?api-version=7.1",
      "RequestMethod": "PUT",
      "RequestHeaders": {
        "Accept": "application/json",
        "Accept-Encoding": "gzip, deflate",
        "Content-Length": "19",
        "Content-Type": "application/json",
        "User-Agent": "azsdk-python-keyvault-secrets/4.7.0b1 Python/3.10.0 (Windows-10-10.0.22621-SP0)"
      },
      "RequestBody": {
        "value": "secVal"
      },
      "StatusCode": 200,
      "ResponseHeaders": {
        "Cache-Control": "no-cache",
        "Content-Length": "264",
        "Content-Type": "application/json; charset=utf-8",
        "Date": "Tue, 01 Nov 2022 19:45:11 GMT",
        "Expires": "-1",
        "Pragma": "no-cache",
        "Strict-Transport-Security": "max-age=31536000;includeSubDomains",
        "X-Content-Type-Options": "nosniff",
        "x-ms-keyvault-network-info": "conn_type=Ipv4;addr=172.92.159.124;act_addr_fam=InterNetwork;",
        "x-ms-keyvault-rbac-assignment-id": "5405cebb-0832-59fd-b49d-3c34f062a3f5",
        "x-ms-keyvault-rbac-cache": "ra_age=243;da_age=5640;rd_age=5640;brd_age=3182;ra_notif_age=627;dec_lev=0;",
        "x-ms-keyvault-region": "canadacentral",
        "x-ms-keyvault-service-version": "1.9.576.1"
      },
      "ResponseBody": {
        "value": "secVal",
        "id": "https://vaultname.vault.azure.net/secrets/livekvtestsec504d2c73/7a346278e6254161854d0be20ab65cdc",
        "attributes": {
          "enabled": true,
          "created": 1667331911,
          "updated": 1667331911,
          "recoveryLevel": "CustomizedRecoverable\u002BPurgeable",
          "recoverableDays": 7
        }
      }
    },
    {
      "RequestUri": "https://vaultname.vault.azure.net/secrets/livekvtestsec504d2c73?api-version=7.1",
      "RequestMethod": "PUT",
      "RequestHeaders": {
        "Accept": "application/json",
        "Accept-Encoding": "gzip, deflate",
        "Content-Length": "19",
        "Content-Type": "application/json",
        "User-Agent": "azsdk-python-keyvault-secrets/4.7.0b1 Python/3.10.0 (Windows-10-10.0.22621-SP0)"
      },
      "RequestBody": {
        "value": "secVal"
      },
      "StatusCode": 200,
      "ResponseHeaders": {
        "Cache-Control": "no-cache",
        "Content-Length": "264",
        "Content-Type": "application/json; charset=utf-8",
        "Date": "Tue, 01 Nov 2022 19:45:11 GMT",
        "Expires": "-1",
        "Pragma": "no-cache",
        "Strict-Transport-Security": "max-age=31536000;includeSubDomains",
        "X-Content-Type-Options": "nosniff",
        "x-ms-keyvault-network-info": "conn_type=Ipv4;addr=172.92.159.124;act_addr_fam=InterNetwork;",
        "x-ms-keyvault-rbac-assignment-id": "5405cebb-0832-59fd-b49d-3c34f062a3f5",
        "x-ms-keyvault-rbac-cache": "ra_age=243;da_age=5640;rd_age=5640;brd_age=3182;ra_notif_age=627;dec_lev=0;",
        "x-ms-keyvault-region": "canadacentral",
        "x-ms-keyvault-service-version": "1.9.576.1"
      },
      "ResponseBody": {
        "value": "secVal",
        "id": "https://vaultname.vault.azure.net/secrets/livekvtestsec504d2c73/f5388dbcc23f45028d1fe28c0f5e3201",
        "attributes": {
          "enabled": true,
          "created": 1667331911,
          "updated": 1667331911,
          "recoveryLevel": "CustomizedRecoverable\u002BPurgeable",
          "recoverableDays": 7
        }
      }
    },
    {
      "RequestUri": "https://vaultname.vault.azure.net/secrets/livekvtestsec504d2c73?api-version=7.1",
      "RequestMethod": "PUT",
      "RequestHeaders": {
        "Accept": "application/json",
        "Accept-Encoding": "gzip, deflate",
        "Content-Length": "19",
        "Content-Type": "application/json",
        "User-Agent": "azsdk-python-keyvault-secrets/4.7.0b1 Python/3.10.0 (Windows-10-10.0.22621-SP0)"
      },
      "RequestBody": {
        "value": "secVal"
      },
      "StatusCode": 200,
      "ResponseHeaders": {
        "Cache-Control": "no-cache",
        "Content-Length": "264",
        "Content-Type": "application/json; charset=utf-8",
        "Date": "Tue, 01 Nov 2022 19:45:11 GMT",
        "Expires": "-1",
        "Pragma": "no-cache",
        "Strict-Transport-Security": "max-age=31536000;includeSubDomains",
        "X-Content-Type-Options": "nosniff",
        "x-ms-keyvault-network-info": "conn_type=Ipv4;addr=172.92.159.124;act_addr_fam=InterNetwork;",
        "x-ms-keyvault-rbac-assignment-id": "5405cebb-0832-59fd-b49d-3c34f062a3f5",
        "x-ms-keyvault-rbac-cache": "ra_age=243;da_age=5641;rd_age=5641;brd_age=3182;ra_notif_age=627;dec_lev=0;",
        "x-ms-keyvault-region": "canadacentral",
        "x-ms-keyvault-service-version": "1.9.576.1"
      },
      "ResponseBody": {
        "value": "secVal",
        "id": "https://vaultname.vault.azure.net/secrets/livekvtestsec504d2c73/ef1043cc1a79415198aae2df1f98ce2b",
        "attributes": {
          "enabled": true,
          "created": 1667331912,
          "updated": 1667331912,
          "recoveryLevel": "CustomizedRecoverable\u002BPurgeable",
          "recoverableDays": 7
        }
      }
    },
    {
      "RequestUri": "https://vaultname.vault.azure.net/secrets/livekvtestsec504d2c73?api-version=7.1",
      "RequestMethod": "PUT",
      "RequestHeaders": {
        "Accept": "application/json",
        "Accept-Encoding": "gzip, deflate",
        "Content-Length": "19",
        "Content-Type": "application/json",
        "User-Agent": "azsdk-python-keyvault-secrets/4.7.0b1 Python/3.10.0 (Windows-10-10.0.22621-SP0)"
      },
      "RequestBody": {
        "value": "secVal"
      },
      "StatusCode": 200,
      "ResponseHeaders": {
        "Cache-Control": "no-cache",
        "Content-Length": "264",
        "Content-Type": "application/json; charset=utf-8",
        "Date": "Tue, 01 Nov 2022 19:45:11 GMT",
        "Expires": "-1",
        "Pragma": "no-cache",
        "Strict-Transport-Security": "max-age=31536000;includeSubDomains",
        "X-Content-Type-Options": "nosniff",
        "x-ms-keyvault-network-info": "conn_type=Ipv4;addr=172.92.159.124;act_addr_fam=InterNetwork;",
        "x-ms-keyvault-rbac-assignment-id": "5405cebb-0832-59fd-b49d-3c34f062a3f5",
        "x-ms-keyvault-rbac-cache": "ra_age=243;da_age=5641;rd_age=5641;brd_age=3182;ra_notif_age=627;dec_lev=0;",
        "x-ms-keyvault-region": "canadacentral",
        "x-ms-keyvault-service-version": "1.9.576.1"
      },
      "ResponseBody": {
        "value": "secVal",
        "id": "https://vaultname.vault.azure.net/secrets/livekvtestsec504d2c73/779e94f9b3d04ad3ac022e015bfcbf66",
        "attributes": {
          "enabled": true,
          "created": 1667331912,
          "updated": 1667331912,
          "recoveryLevel": "CustomizedRecoverable\u002BPurgeable",
          "recoverableDays": 7
        }
      }
    },
    {
      "RequestUri": "https://vaultname.vault.azure.net/secrets/livekvtestsec504d2c73/versions?maxresults=6\u0026api-version=7.1",
      "RequestMethod": "GET",
      "RequestHeaders": {
        "Accept": "application/json",
        "Accept-Encoding": "gzip, deflate",
        "User-Agent": "azsdk-python-keyvault-secrets/4.7.0b1 Python/3.10.0 (Windows-10-10.0.22621-SP0)"
      },
      "RequestBody": null,
      "StatusCode": 200,
      "ResponseHeaders": {
        "Cache-Control": "no-cache",
        "Content-Length": "1873",
        "Content-Type": "application/json; charset=utf-8",
        "Date": "Tue, 01 Nov 2022 19:45:12 GMT",
        "Expires": "-1",
        "Pragma": "no-cache",
        "Strict-Transport-Security": "max-age=31536000;includeSubDomains",
        "X-Content-Type-Options": "nosniff",
        "x-ms-keyvault-network-info": "conn_type=Ipv4;addr=172.92.159.124;act_addr_fam=InterNetwork;",
        "x-ms-keyvault-rbac-assignment-id": "5405cebb-0832-59fd-b49d-3c34f062a3f5",
        "x-ms-keyvault-rbac-cache": "ra_age=243;da_age=5641;rd_age=5641;brd_age=3182;ra_notif_age=627;dec_lev=1;",
        "x-ms-keyvault-region": "canadacentral",
        "x-ms-keyvault-service-version": "1.9.576.1"
      },
      "ResponseBody": {
        "value": [
          {
            "id": "https://vaultname.vault.azure.net/secrets/livekvtestsec504d2c73/779e94f9b3d04ad3ac022e015bfcbf66",
            "attributes": {
              "enabled": true,
              "created": 1667331912,
              "updated": 1667331912,
              "recoveryLevel": "CustomizedRecoverable\u002BPurgeable",
              "recoverableDays": 7
            }
          },
          {
            "id": "https://vaultname.vault.azure.net/secrets/livekvtestsec504d2c73/7a346278e6254161854d0be20ab65cdc",
            "attributes": {
              "enabled": true,
              "created": 1667331911,
              "updated": 1667331911,
              "recoveryLevel": "CustomizedRecoverable\u002BPurgeable",
              "recoverableDays": 7
            }
          },
          {
            "id": "https://vaultname.vault.azure.net/secrets/livekvtestsec504d2c73/abd671b993f948d28150e2e228def7f9",
            "attributes": {
              "enabled": true,
              "created": 1667331911,
              "updated": 1667331911,
              "recoveryLevel": "CustomizedRecoverable\u002BPurgeable",
              "recoverableDays": 7
            }
          },
          {
            "id": "https://vaultname.vault.azure.net/secrets/livekvtestsec504d2c73/ad91cb4a243a40b7b2e5c30fdea573f8",
            "attributes": {
              "enabled": true,
              "created": 1667331911,
              "updated": 1667331911,
              "recoveryLevel": "CustomizedRecoverable\u002BPurgeable",
              "recoverableDays": 7
            }
          },
          {
            "id": "https://vaultname.vault.azure.net/secrets/livekvtestsec504d2c73/c68d236af1704b5a84a714d74b7cae0e",
            "attributes": {
              "enabled": true,
              "created": 1667331911,
              "updated": 1667331911,
              "recoveryLevel": "CustomizedRecoverable\u002BPurgeable",
              "recoverableDays": 7
            }
          },
          {
            "id": "https://vaultname.vault.azure.net/secrets/livekvtestsec504d2c73/ef1043cc1a79415198aae2df1f98ce2b",
            "attributes": {
              "enabled": true,
              "created": 1667331912,
              "updated": 1667331912,
              "recoveryLevel": "CustomizedRecoverable\u002BPurgeable",
              "recoverableDays": 7
            }
          }
        ],
        "nextLink": "https://vaultname.vault.azure.net:443/secrets/livekvtestsec504d2c73/versions?api-version=7.1\u0026$skiptoken=Sanitized\u0026maxresults=6"
      }
    },
    {
      "RequestUri": "https://vaultname.vault.azure.net/secrets/livekvtestsec504d2c73/versions?api-version=7.1\u0026$skiptoken=Sanitized\u0026maxresults=6",
      "RequestMethod": "GET",
      "RequestHeaders": {
        "Accept": "*/*",
        "Accept-Encoding": "gzip, deflate",
        "User-Agent": "azsdk-python-keyvault-secrets/4.7.0b1 Python/3.10.0 (Windows-10-10.0.22621-SP0)"
      },
      "RequestBody": null,
      "StatusCode": 200,
      "ResponseHeaders": {
        "Cache-Control": "no-cache",
        "Content-Length": "275",
        "Content-Type": "application/json; charset=utf-8",
        "Date": "Tue, 01 Nov 2022 19:45:12 GMT",
        "Expires": "-1",
        "Pragma": "no-cache",
        "Strict-Transport-Security": "max-age=31536000;includeSubDomains",
        "X-Content-Type-Options": "nosniff",
        "x-ms-keyvault-network-info": "conn_type=Ipv4;addr=172.92.159.124;act_addr_fam=InterNetwork;",
        "x-ms-keyvault-rbac-assignment-id": "5405cebb-0832-59fd-b49d-3c34f062a3f5",
        "x-ms-keyvault-rbac-cache": "ra_age=243;da_age=5641;rd_age=5641;brd_age=3182;ra_notif_age=627;dec_lev=0;",
        "x-ms-keyvault-region": "canadacentral",
        "x-ms-keyvault-service-version": "1.9.576.1"
      },
      "ResponseBody": {
        "value": [
          {
            "id": "https://vaultname.vault.azure.net/secrets/livekvtestsec504d2c73/f5388dbcc23f45028d1fe28c0f5e3201",
            "attributes": {
              "enabled": true,
              "created": 1667331911,
              "updated": 1667331911,
              "recoveryLevel": "CustomizedRecoverable\u002BPurgeable",
              "recoverableDays": 7
            }
          }
        ],
        "nextLink": null
      }
    }
  ],
  "Variables": {}
}
