{
  "Entries": [
    {
      "RequestUri": "https://management.azure.com/subscriptions/da1d7b9a-a759-41c8-bb73-093a1818e03a/resourceGroups/DataFactory-RG-7814/providers/Microsoft.DataFactory/factories/DataFactory-1a68d1c4-5130-3170-af7b-245e260faa07-5585?api-version=2018-06-01",
      "RequestMethod": "PUT",
      "RequestHeaders": {
        "Accept": "application/json",
        "Authorization": "Sanitized",
        "Content-Length": "48",
        "Content-Type": "application/json",
        "traceparent": "00-93ca139c19ff10031c6928b9454eceaa-2fe0b810e1a15661-00",
        "User-Agent": "azsdk-net-ResourceManager.DataFactory/1.0.0-alpha.20231106.1 (.NET 6.0.24; Microsoft Windows 10.0.22621)",
        "x-ms-client-request-id": "f3061ad6ed609d3ec0b3b3845923dd96",
        "x-ms-return-client-request-id": "true"
      },
      "RequestBody": {
        "tags": {},
        "location": "westus2",
        "properties": {}
      },
      "StatusCode": 200,
      "ResponseHeaders": {
        "Cache-Control": "no-cache",
        "Content-Length": "540",
        "Content-Type": "application/json; charset=utf-8",
        "Date": "Tue, 07 Nov 2023 05:01:05 GMT",
        "Expires": "-1",
        "Pragma": "no-cache",
        "Strict-Transport-Security": "max-age=31536000; includeSubDomains",
        "X-Cache": "CONFIG_NOCACHE",
        "X-Content-Type-Options": "nosniff",
        "x-ms-correlation-request-id": "c6eae42e-b628-4ef1-affd-11f31c9c6374",
        "x-ms-ratelimit-remaining-subscription-writes": "1192",
        "x-ms-request-id": "c6eae42e-b628-4ef1-affd-11f31c9c6374",
        "x-ms-routing-request-id": "JAPANEAST:20231107T050106Z:c6eae42e-b628-4ef1-affd-11f31c9c6374",
        "X-MSEdge-Ref": "Ref A: 18C026CDA61C436EB4BE36242E230DA7 Ref B: TYO201100116031 Ref C: 2023-11-07T05:01:03Z"
      },
      "ResponseBody": {
        "name": "DataFactory-1a68d1c4-5130-3170-af7b-245e260faa07-5585",
        "id": "/subscriptions/da1d7b9a-a759-41c8-bb73-093a1818e03a/resourceGroups/datafactory-rg-7814/providers/Microsoft.DataFactory/factories/datafactory-1a68d1c4-5130-3170-af7b-245e260faa07-5585",
        "type": "Microsoft.DataFactory/factories",
        "properties": {
          "provisioningState": "Succeeded",
          "createTime": "2023-11-07T05:01:05.8351652Z",
          "version": "2018-06-01"
        },
        "eTag": "\u0022f10155ea-0000-0800-0000-6549c4910000\u0022",
        "location": "westus2",
        "tags": {}
      }
    },
    {
      "RequestUri": "https://management.azure.com/subscriptions/da1d7b9a-a759-41c8-bb73-093a1818e03a/resourceGroups/datafactory-rg-7814/providers/Microsoft.DataFactory/factories/datafactory-1a68d1c4-5130-3170-af7b-245e260faa07-5585/linkedservices/LinkedService3465?api-version=2018-06-01",
      "RequestMethod": "PUT",
      "RequestHeaders": {
        "Accept": "application/json",
        "Authorization": "Sanitized",
        "Content-Length": "92",
        "Content-Type": "application/json",
        "traceparent": "00-74935386cf5ffb400c8bee38f647d5a2-be7ad99b9e5f339a-00",
        "User-Agent": "azsdk-net-ResourceManager.DataFactory/1.0.0-alpha.20231106.1 (.NET 6.0.24; Microsoft Windows 10.0.22621)",
        "x-ms-client-request-id": "1b7bad749d7fb33433dcc3676179b247",
        "x-ms-return-client-request-id": "true"
      },
      "RequestBody": {
        "properties": {
          "type": "AzureBlobStorage",
          "typeProperties": {
            "connectionString": "Sanitized"
          }
        }
      },
      "StatusCode": 200,
      "ResponseHeaders": {
        "Cache-Control": "no-cache",
        "Content-Length": "444",
        "Content-Type": "application/json; charset=utf-8",
        "Date": "Tue, 07 Nov 2023 05:01:05 GMT",
        "Expires": "-1",
        "Pragma": "no-cache",
        "Strict-Transport-Security": "max-age=31536000; includeSubDomains",
        "X-Cache": "CONFIG_NOCACHE",
        "X-Content-Type-Options": "nosniff",
        "x-ms-correlation-request-id": "db61e7db-b873-43af-8921-c280f87b3b87",
        "x-ms-ratelimit-remaining-subscription-writes": "1193",
        "x-ms-request-id": "db61e7db-b873-43af-8921-c280f87b3b87",
        "x-ms-routing-request-id": "JAPANEAST:20231107T050106Z:db61e7db-b873-43af-8921-c280f87b3b87",
        "X-MSEdge-Ref": "Ref A: 4A8906B0410342E2B234553ED7A1F4A9 Ref B: TYO201100116031 Ref C: 2023-11-07T05:01:06Z"
      },
      "ResponseBody": {
        "id": "/subscriptions/da1d7b9a-a759-41c8-bb73-093a1818e03a/resourceGroups/datafactory-rg-7814/providers/Microsoft.DataFactory/factories/datafactory-1a68d1c4-5130-3170-af7b-245e260faa07-5585/linkedservices/LinkedService3465",
        "name": "LinkedService3465",
        "type": "Microsoft.DataFactory/factories/linkedservices",
        "properties": {
          "type": "AzureBlobStorage",
          "typeProperties": {
            "connectionString": "Sanitized"
          }
        },
        "etag": "11001e0a-0000-0800-0000-6549c4920000"
      }
    },
    {
      "RequestUri": "https://management.azure.com/subscriptions/da1d7b9a-a759-41c8-bb73-093a1818e03a/resourceGroups/datafactory-rg-7814/providers/Microsoft.DataFactory/factories/datafactory-1a68d1c4-5130-3170-af7b-245e260faa07-5585/linkedservices/linkedSerivce-6480?api-version=2018-06-01",
      "RequestMethod": "PUT",
      "RequestHeaders": {
        "Accept": "application/json",
        "Authorization": "Sanitized",
        "Content-Length": "82",
        "Content-Type": "application/json",
        "traceparent": "00-6f90724e10762ac771d8b29644474289-75e7fca7768a1e66-00",
        "User-Agent": "azsdk-net-ResourceManager.DataFactory/1.0.0-alpha.20231106.1 (.NET 6.0.24; Microsoft Windows 10.0.22621)",
        "x-ms-client-request-id": "3c3737999d2a14bf126a2e691c8d1552",
        "x-ms-return-client-request-id": "true"
      },
      "RequestBody": {
        "properties": {
          "type": "Oracle",
          "typeProperties": {
            "connectionString": "Sanitized"
          }
        }
      },
      "StatusCode": 200,
      "ResponseHeaders": {
        "Cache-Control": "no-cache",
        "Content-Length": "436",
        "Content-Type": "application/json; charset=utf-8",
        "Date": "Tue, 07 Nov 2023 05:01:06 GMT",
        "Expires": "-1",
        "Pragma": "no-cache",
        "Strict-Transport-Security": "max-age=31536000; includeSubDomains",
        "X-Cache": "CONFIG_NOCACHE",
        "X-Content-Type-Options": "nosniff",
        "x-ms-correlation-request-id": "b8701ecf-1015-4d0e-9818-703ddd7a0bd9",
        "x-ms-ratelimit-remaining-subscription-writes": "1194",
        "x-ms-request-id": "b8701ecf-1015-4d0e-9818-703ddd7a0bd9",
        "x-ms-routing-request-id": "JAPANEAST:20231107T050107Z:b8701ecf-1015-4d0e-9818-703ddd7a0bd9",
        "X-MSEdge-Ref": "Ref A: 7FD00714DC61487B890AA5715E52BA21 Ref B: TYO201100116031 Ref C: 2023-11-07T05:01:06Z"
      },
      "ResponseBody": {
        "id": "/subscriptions/da1d7b9a-a759-41c8-bb73-093a1818e03a/resourceGroups/datafactory-rg-7814/providers/Microsoft.DataFactory/factories/datafactory-1a68d1c4-5130-3170-af7b-245e260faa07-5585/linkedservices/linkedSerivce-6480",
        "name": "linkedSerivce-6480",
        "type": "Microsoft.DataFactory/factories/linkedservices",
        "properties": {
          "type": "Oracle",
          "typeProperties": {
            "connectionString": "Sanitized"
          }
        },
        "etag": "1100200a-0000-0800-0000-6549c4930000"
      }
    },
    {
      "RequestUri": "https://management.azure.com/subscriptions/da1d7b9a-a759-41c8-bb73-093a1818e03a/resourceGroups/datafactory-rg-7814/providers/Microsoft.DataFactory/factories/datafactory-1a68d1c4-5130-3170-af7b-245e260faa07-5585/datasets/dataset6114?api-version=2018-06-01",
      "RequestMethod": "PUT",
      "RequestHeaders": {
        "Accept": "application/json",
        "Authorization": "Sanitized",
        "Content-Length": "394",
        "Content-Type": "application/json",
        "traceparent": "00-cd52a92072f7494b8529c04ef486e39e-44eba2d23a83e35f-00",
        "User-Agent": "azsdk-net-ResourceManager.DataFactory/1.0.0-alpha.20231106.1 (.NET 6.0.24; Microsoft Windows 10.0.22621)",
        "x-ms-client-request-id": "ff64e8527d573fd12c117a365f39003c",
        "x-ms-return-client-request-id": "true"
      },
      "RequestBody": {
        "properties": {
          "type": "Orc",
          "schema": [
            {
              "name": "col1",
              "type": "INT_32"
            },
            {
              "name": "col2",
              "type": "Decimal",
              "scale": 2,
              "precision": 38
            }
          ],
          "linkedServiceName": {
            "type": "LinkedServiceReference",
            "referenceName": "linkedSerivce-6480"
          },
          "typeProperties": {
            "location": {
              "container": "ContainerName",
              "type": "AzureBlobStorageLocation",
              "folderPath": "testfolder",
              "fileName": "data.orc"
            },
            "orcCompressionCodec": "snappy"
          }
        }
      },
      "StatusCode": 200,
      "ResponseHeaders": {
        "Cache-Control": "no-cache",
        "Content-Length": "952",
        "Content-Type": "application/json; charset=utf-8",
        "Date": "Tue, 07 Nov 2023 05:01:07 GMT",
        "Expires": "-1",
        "Pragma": "no-cache",
        "Strict-Transport-Security": "max-age=31536000; includeSubDomains",
        "X-Cache": "CONFIG_NOCACHE",
        "X-Content-Type-Options": "nosniff",
        "x-ms-correlation-request-id": "bd6d0815-0555-4d13-be8e-6ac9319bc5d9",
        "x-ms-ratelimit-remaining-subscription-writes": "1196",
        "x-ms-request-id": "bd6d0815-0555-4d13-be8e-6ac9319bc5d9",
        "x-ms-routing-request-id": "JAPANEAST:20231107T050108Z:bd6d0815-0555-4d13-be8e-6ac9319bc5d9",
        "X-MSEdge-Ref": "Ref A: 7E1FF4B561F541F9A3D90058C93A9CDB Ref B: TYO201100116031 Ref C: 2023-11-07T05:01:07Z"
      },
      "ResponseBody": {
        "id": "/subscriptions/da1d7b9a-a759-41c8-bb73-093a1818e03a/resourceGroups/datafactory-rg-7814/providers/Microsoft.DataFactory/factories/datafactory-1a68d1c4-5130-3170-af7b-245e260faa07-5585/datasets/dataset6114",
        "name": "dataset6114",
        "type": "Microsoft.DataFactory/factories/datasets",
        "properties": {
          "type": "Orc",
          "schema": [
            {
              "name": "col1",
              "type": "INT_32"
            },
            {
              "name": "col2",
              "type": "Decimal",
              "scale": 2,
              "precision": 38
            }
          ],
          "linkedServiceName": {
            "type": "LinkedServiceReference",
            "referenceName": "linkedSerivce-6480"
          },
          "typeProperties": {
            "location": {
              "container": "ContainerName",
              "type": "AzureBlobStorageLocation",
              "folderPath": "testfolder",
              "fileName": "data.orc"
            },
            "orcCompressionCodec": "snappy"
          }
        },
        "etag": "1100220a-0000-0800-0000-6549c4940000"
      }
    }
  ],
  "Variables": {
    "AZURE_AUTHORITY_HOST": null,
    "RandomSeed": "2012924187",
    "RESOURCE_MANAGER_URL": null,
    "SUBSCRIPTION_ID": "da1d7b9a-a759-41c8-bb73-093a1818e03a"
  }
}
