{
  "Entries": [
    {
      "RequestUri": "https://Sanitized.azure.com/agents/v1.0/subscriptions/00000000-0000-0000-0000-000000000000/resourceGroups/00000/providers/Microsoft.MachineLearningServices/workspaces/00000/files?api-version=2024-07-01-preview",
      "RequestMethod": "POST",
      "RequestHeaders": {
        "Accept": "application/json",
        "Accept-Encoding": "gzip,deflate",
        "Authorization": "Sanitized",
        "Connection": "keep-alive",
        "Content-Length": "320",
        "Content-Type": "multipart/form-data; boundary=--RecordedTestMultipartBoundary",
        "User-Agent": "azsdk-js-ai-projects-rest/1.0.0-beta.3 core-rest-pipeline/1.19.2 Node/20.15.1 OS/(x64-Linux-5.15.167.4-microsoft-standard-WSL2)",
        "x-ms-client-request-id": "Sanitized"
      },
      "RequestBody": "LS0tLVJlY29yZGVkVGVzdE11bHRpcGFydEJvdW5kYXJ5DQpjb250ZW50LXR5cGU6IGFwcGxpY2F0aW9uL2pzb24NCmNvbnRlbnQtZGlzcG9zaXRpb246IGZvcm0tZGF0YTsgbmFtZT0iZmlsZSI7IGZpbGVuYW1lPSJmaWxlbmFtZS50eHQiDQoNCnt9DQotLS0tUmVjb3JkZWRUZXN0TXVsdGlwYXJ0Qm91bmRhcnkNCmNvbnRlbnQtdHlwZTogdGV4dC9wbGFpbjsgY2hhcnNldD1VVEYtOA0KY29udGVudC1kaXNwb3NpdGlvbjogZm9ybS1kYXRhOyBuYW1lPSJwdXJwb3NlIg0KDQphc3Npc3RhbnRzDQotLS0tUmVjb3JkZWRUZXN0TXVsdGlwYXJ0Qm91bmRhcnktLQ0KDQo=",
      "StatusCode": 200,
      "ResponseHeaders": {
        "Access-Control-Allow-Origin": "*",
        "apim-request-id": "dccd7eb9-d964-44ba-b7f2-f2afec9f94e9",
        "Connection": "keep-alive",
        "Content-Length": "217",
        "Content-Type": "application/json",
        "Date": "Fri, 14 Mar 2025 14:28:10 GMT",
        "openai-processing-ms": "8981",
        "openai-version": "2020-10-01",
        "Request-Context": "appId=cid-v1:2d2e8e63-272e-4b3c-8598-4ee570a0e70d",
        "Strict-Transport-Security": "max-age=31536000; includeSubDomains; preload",
        "x-aml-cluster": "vienna-eastus-02",
        "X-Content-Type-Options": "nosniff",
        "x-ms-middleware-request-id": "266a7cd4-f980-465d-b77b-1ab8802f1bdc",
        "x-ms-region": "East US 2",
        "x-ms-response-type": "standard",
        "X-Request-ID": "9a479800e81b02d591a0669e6a568c62",
        "x-request-time": "9.276"
      },
      "ResponseBody": {
        "object": "file",
        "id": "assistant-Pqus612ouo4gdPQMDDSdyt",
        "purpose": "assistants",
        "filename": "filename.txt",
        "bytes": 2,
        "created_at": 1741962482,
        "status": "processed",
        "status_details": null
      }
    },
    {
      "RequestUri": "https://Sanitized.azure.com/agents/v1.0/subscriptions/00000000-0000-0000-0000-000000000000/resourceGroups/00000/providers/Microsoft.MachineLearningServices/workspaces/00000/files/assistant-Pqus612ouo4gdPQMDDSdyt?api-version=2024-07-01-preview",
      "RequestMethod": "GET",
      "RequestHeaders": {
        "Accept": "application/json",
        "Accept-Encoding": "gzip,deflate",
        "Authorization": "Sanitized",
        "Connection": "keep-alive",
        "User-Agent": "azsdk-js-ai-projects-rest/1.0.0-beta.3 core-rest-pipeline/1.19.2 Node/20.15.1 OS/(x64-Linux-5.15.167.4-microsoft-standard-WSL2)",
        "x-ms-client-request-id": "Sanitized"
      },
      "RequestBody": null,
      "StatusCode": 200,
      "ResponseHeaders": {
        "Access-Control-Allow-Origin": "*",
        "apim-request-id": "54416698-eefd-4cf4-b680-d3ef0c4e285d",
        "Connection": "keep-alive",
        "Content-Length": "217",
        "Content-Type": "application/json",
        "Date": "Fri, 14 Mar 2025 14:28:11 GMT",
        "openai-processing-ms": "117",
        "openai-version": "2020-10-01",
        "Request-Context": "appId=cid-v1:2d2e8e63-272e-4b3c-8598-4ee570a0e70d",
        "Strict-Transport-Security": "max-age=31536000; includeSubDomains; preload",
        "x-aml-cluster": "vienna-eastus-02",
        "X-Content-Type-Options": "nosniff",
        "x-ms-middleware-request-id": "51a3f7ff-8d0f-424b-9747-f2544d109e39",
        "x-ms-region": "East US 2",
        "x-ms-response-type": "standard",
        "X-Request-ID": "fc0f18a55bb5f0fabdec8b8a53f54db1",
        "x-request-time": "0.426"
      },
      "ResponseBody": {
        "object": "file",
        "id": "assistant-Pqus612ouo4gdPQMDDSdyt",
        "purpose": "assistants",
        "filename": "filename.txt",
        "bytes": 2,
        "created_at": 1741962482,
        "status": "processed",
        "status_details": null
      }
    },
    {
      "RequestUri": "https://Sanitized.azure.com/agents/v1.0/subscriptions/00000000-0000-0000-0000-000000000000/resourceGroups/00000/providers/Microsoft.MachineLearningServices/workspaces/00000/files/assistant-Pqus612ouo4gdPQMDDSdyt?api-version=2024-07-01-preview",
      "RequestMethod": "DELETE",
      "RequestHeaders": {
        "Accept": "application/json",
        "Accept-Encoding": "gzip,deflate",
        "Authorization": "Sanitized",
        "Connection": "keep-alive",
        "User-Agent": "azsdk-js-ai-projects-rest/1.0.0-beta.3 core-rest-pipeline/1.19.2 Node/20.15.1 OS/(x64-Linux-5.15.167.4-microsoft-standard-WSL2)",
        "x-ms-client-request-id": "Sanitized"
      },
      "RequestBody": null,
      "StatusCode": 200,
      "ResponseHeaders": {
        "Access-Control-Allow-Origin": "*",
        "apim-request-id": "b55854ab-2571-4f02-afae-ba79b2d580b5",
        "Connection": "keep-alive",
        "Content-Length": "86",
        "Content-Type": "application/json",
        "Date": "Fri, 14 Mar 2025 14:28:20 GMT",
        "openai-processing-ms": "8538",
        "openai-version": "2020-10-01",
        "Request-Context": "appId=cid-v1:2d2e8e63-272e-4b3c-8598-4ee570a0e70d",
        "Strict-Transport-Security": "max-age=31536000; includeSubDomains; preload",
        "x-aml-cluster": "vienna-eastus-02",
        "X-Content-Type-Options": "nosniff",
        "x-ms-middleware-request-id": "cc92c488-05ea-43d3-bfda-f6bbdb28a11f",
        "x-ms-region": "East US 2",
        "x-ms-response-type": "standard",
        "X-Request-ID": "93a027b403a1067dc159b7ba527e2501",
        "x-request-time": "8.770"
      },
      "ResponseBody": {
        "object": "file",
        "deleted": true,
        "id": "assistant-Pqus612ouo4gdPQMDDSdyt"
      }
    }
  ],
  "Variables": {}
}
