{
  "Entries": [
    {
      "RequestUri": "https://management.azure.com/subscriptions/1c835c29-68e9-40a7-8455-842925d04908?api-version=2022-12-01",
      "RequestMethod": "GET",
      "RequestHeaders": {
        "Accept": "application/json",
        "Authorization": "Sanitized",
        "traceparent": "00-fb1d81e197da404eecfe235c1c26e011-26fcd3e324452be1-00",
        "User-Agent": "azsdk-net-ResourceManager/1.9.0 (.NET 7.0.14; Microsoft Windows 10.0.22635)",
        "x-ms-client-request-id": "da693d8b5b6b46a4f1377c28a5edba81",
        "x-ms-return-client-request-id": "true"
      },
      "RequestBody": null,
      "StatusCode": 200,
      "ResponseHeaders": {
        "Cache-Control": "no-cache",
        "Content-Length": "400",
        "Content-Type": "application/json; charset=utf-8",
        "Date": "Thu, 23 Nov 2023 08:07:34 GMT",
        "Expires": "-1",
        "Pragma": "no-cache",
        "Strict-Transport-Security": "max-age=31536000; includeSubDomains",
        "X-Content-Type-Options": "nosniff",
        "x-ms-correlation-request-id": "934f8fbd-b6ae-4a52-a298-e9be5eafb947",
        "x-ms-ratelimit-remaining-subscription-reads": "11999",
        "x-ms-request-id": "934f8fbd-b6ae-4a52-a298-e9be5eafb947",
        "x-ms-routing-request-id": "SOUTHAFRICANORTH:20231123T080734Z:934f8fbd-b6ae-4a52-a298-e9be5eafb947"
      },
      "ResponseBody": {
        "id": "/subscriptions/1c835c29-68e9-40a7-8455-842925d04908",
        "authorizationSource": "RoleBased",
        "managedByTenants": [],
        "subscriptionId": "1c835c29-68e9-40a7-8455-842925d04908",
        "tenantId": "72f988bf-86f1-41af-91ab-2d7cd011db47",
        "displayName": "Liftr-Nginx-E2E-Test",
        "state": "Enabled",
        "subscriptionPolicies": {
          "locationPlacementId": "Internal_2014-09-01",
          "quotaId": "Internal_2014-09-01",
          "spendingLimit": "Off"
        }
      }
    },
    {
      "RequestUri": "https://management.azure.com/subscriptions/1c835c29-68e9-40a7-8455-842925d04908/resourcegroups/Default-Nginx-2226?api-version=2022-09-01",
      "RequestMethod": "PUT",
      "RequestHeaders": {
        "Accept": "application/json",
        "Authorization": "Sanitized",
        "Content-Length": "28",
        "Content-Type": "application/json",
        "traceparent": "00-23807d8263e6a68de71030b8f76eda97-d3852b2917ef26de-00",
        "User-Agent": "azsdk-net-ResourceManager/1.9.0 (.NET 7.0.14; Microsoft Windows 10.0.22635)",
        "x-ms-client-request-id": "224df017d6d17e29300e4103372a67dd",
        "x-ms-return-client-request-id": "true"
      },
      "RequestBody": {
        "location": "westcentralus"
      },
      "StatusCode": 201,
      "ResponseHeaders": {
        "Cache-Control": "no-cache",
        "Content-Length": "240",
        "Content-Type": "application/json; charset=utf-8",
        "Date": "Thu, 23 Nov 2023 08:07:37 GMT",
        "Expires": "-1",
        "Pragma": "no-cache",
        "Strict-Transport-Security": "max-age=31536000; includeSubDomains",
        "X-Content-Type-Options": "nosniff",
        "x-ms-correlation-request-id": "9b55d99b-0374-4a4b-abdd-72823ba67bc1",
        "x-ms-ratelimit-remaining-subscription-writes": "1199",
        "x-ms-request-id": "9b55d99b-0374-4a4b-abdd-72823ba67bc1",
        "x-ms-routing-request-id": "SOUTHAFRICANORTH:20231123T080738Z:9b55d99b-0374-4a4b-abdd-72823ba67bc1"
      },
      "ResponseBody": {
        "id": "/subscriptions/1c835c29-68e9-40a7-8455-842925d04908/resourceGroups/Default-Nginx-2226",
        "name": "Default-Nginx-2226",
        "type": "Microsoft.Resources/resourceGroups",
        "location": "westcentralus",
        "properties": {
          "provisioningState": "Succeeded"
        }
      }
    },
    {
      "RequestUri": "https://management.azure.com/subscriptions/1c835c29-68e9-40a7-8455-842925d04908/resourceGroups/Default-Nginx-2226/providers/Microsoft.Network/publicIPAddresses/testPublicIP-467?api-version=**",
      "RequestMethod": "PUT",
      "RequestHeaders": {
        "Accept": "application/json",
        "Authorization": "Sanitized",
        "Content-Length": "137",
        "Content-Type": "application/json",
        "traceparent": "00-2fdf4aaf30877f36869607d2ab6af579-31ef1a8f1f89b965-00",
        "User-Agent": "azsdk-net-ResourceManager.Network/1.5.0 (.NET 7.0.14; Microsoft Windows 10.0.22635)",
        "x-ms-client-request-id": "2720f43ed7c812b16777fed6da54a541",
        "x-ms-return-client-request-id": "true"
      },
      "RequestBody": {
        "sku": {
          "name": "Standard"
        },
        "location": "westcentralus",
        "properties": {
          "publicIPAllocationMethod": "Static",
          "publicIPAddressVersion": "IPv4"
        }
      },
      "StatusCode": 201,
      "ResponseHeaders": {
        "azure-asyncnotification": "Enabled",
        "azure-asyncoperation": "https://management.azure.com/subscriptions/1c835c29-68e9-40a7-8455-842925d04908/providers/Microsoft.Network/locations/westcentralus/operations/4456fdce-b68c-4adf-8c09-7de28165b90b?api-version=2023-05-01",
        "Cache-Control": "no-cache",
        "Content-Length": "616",
        "Content-Type": "application/json; charset=utf-8",
        "Date": "Thu, 23 Nov 2023 08:07:41 GMT",
        "Expires": "-1",
        "Pragma": "no-cache",
        "Retry-After": "1",
        "Server": [
          "Microsoft-HTTPAPI/2.0",
          "Microsoft-HTTPAPI/2.0"
        ],
        "Strict-Transport-Security": "max-age=31536000; includeSubDomains",
        "X-Content-Type-Options": "nosniff",
        "x-ms-arm-service-request-id": "122c3f1d-89b5-4299-973a-bb25e4b80c37",
        "x-ms-client-request-id": "2720f43ed7c812b16777fed6da54a541",
        "x-ms-correlation-request-id": "74dec875-774a-4442-81d5-b9a2025cf01e",
        "x-ms-ratelimit-remaining-subscription-writes": "1198",
        "x-ms-request-id": "4456fdce-b68c-4adf-8c09-7de28165b90b",
        "x-ms-routing-request-id": "SOUTHAFRICANORTH:20231123T080742Z:74dec875-774a-4442-81d5-b9a2025cf01e"
      },
      "ResponseBody": {
        "name": "testPublicIP-467",
        "id": "/subscriptions/1c835c29-68e9-40a7-8455-842925d04908/resourceGroups/Default-Nginx-2226/providers/Microsoft.Network/publicIPAddresses/testPublicIP-467",
        "etag": "W/\u0022425941a8-cb5a-4d9b-9528-532b240cd77a\u0022",
        "location": "westcentralus",
        "properties": {
          "provisioningState": "Updating",
          "resourceGuid": "6ceda410-9fa3-4a44-8f6a-b27ebf3c0d96",
          "publicIPAddressVersion": "IPv4",
          "publicIPAllocationMethod": "Static",
          "idleTimeoutInMinutes": 4,
          "ipTags": [],
          "ddosSettings": {
            "protectionMode": "VirtualNetworkInherited"
          }
        },
        "type": "Microsoft.Network/publicIPAddresses",
        "sku": {
          "name": "Standard",
          "tier": "Regional"
        }
      }
    },
    {
      "RequestUri": "https://management.azure.com/subscriptions/1c835c29-68e9-40a7-8455-842925d04908/providers/Microsoft.Network/locations/westcentralus/operations/4456fdce-b68c-4adf-8c09-7de28165b90b?api-version=**",
      "RequestMethod": "GET",
      "RequestHeaders": {
        "Authorization": "Sanitized",
        "traceparent": "00-2fdf4aaf30877f36869607d2ab6af579-6b749824230c615b-00",
        "User-Agent": "azsdk-net-ResourceManager/1.9.0 (.NET 7.0.14; Microsoft Windows 10.0.22635)",
        "x-ms-client-request-id": "8c7ce221f085762771be6fb1805a34ed",
        "x-ms-return-client-request-id": "true"
      },
      "RequestBody": null,
      "StatusCode": 200,
      "ResponseHeaders": {
        "Cache-Control": "no-cache",
        "Content-Length": "22",
        "Content-Type": "application/json; charset=utf-8",
        "Date": "Thu, 23 Nov 2023 08:07:41 GMT",
        "Expires": "-1",
        "Pragma": "no-cache",
        "Server": [
          "Microsoft-HTTPAPI/2.0",
          "Microsoft-HTTPAPI/2.0"
        ],
        "Strict-Transport-Security": "max-age=31536000; includeSubDomains",
        "X-Content-Type-Options": "nosniff",
        "x-ms-arm-service-request-id": "cbb60a79-405f-4f32-b3ee-70e002068ff0",
        "x-ms-client-request-id": "8c7ce221f085762771be6fb1805a34ed",
        "x-ms-correlation-request-id": "5e15534e-7bc4-4de1-b517-00fc69ce1c8f",
        "x-ms-ratelimit-remaining-subscription-reads": "11998",
        "x-ms-request-id": "e875aace-0bcf-4579-bf64-a3289d364f00",
        "x-ms-routing-request-id": "SOUTHAFRICANORTH:20231123T080742Z:5e15534e-7bc4-4de1-b517-00fc69ce1c8f"
      },
      "ResponseBody": {
        "status": "Succeeded"
      }
    },
    {
      "RequestUri": "https://management.azure.com/subscriptions/1c835c29-68e9-40a7-8455-842925d04908/resourceGroups/Default-Nginx-2226/providers/Microsoft.Network/publicIPAddresses/testPublicIP-467?api-version=**",
      "RequestMethod": "GET",
      "RequestHeaders": {
        "Authorization": "Sanitized",
        "traceparent": "00-2fdf4aaf30877f36869607d2ab6af579-598ea89c7b9cb7db-00",
        "User-Agent": "azsdk-net-ResourceManager/1.9.0 (.NET 7.0.14; Microsoft Windows 10.0.22635)",
        "x-ms-client-request-id": "8785f55e8c5fd850b4c4ec7b746e585a",
        "x-ms-return-client-request-id": "true"
      },
      "RequestBody": null,
      "StatusCode": 200,
      "ResponseHeaders": {
        "Cache-Control": "no-cache",
        "Content-Length": "646",
        "Content-Type": "application/json; charset=utf-8",
        "Date": "Thu, 23 Nov 2023 08:07:42 GMT",
        "ETag": "W/\u002227385859-0450-49ea-87f4-c5b8d556c138\u0022",
        "Expires": "-1",
        "Pragma": "no-cache",
        "Server": [
          "Microsoft-HTTPAPI/2.0",
          "Microsoft-HTTPAPI/2.0"
        ],
        "Strict-Transport-Security": "max-age=31536000; includeSubDomains",
        "X-Content-Type-Options": "nosniff",
        "x-ms-arm-service-request-id": "d22c28c7-e1a1-4ad2-822e-69d041e7af27",
        "x-ms-client-request-id": "8785f55e8c5fd850b4c4ec7b746e585a",
        "x-ms-correlation-request-id": "dae0d1b5-0c4f-4ba8-b426-523b92c794fe",
        "x-ms-ratelimit-remaining-subscription-reads": "11997",
        "x-ms-request-id": "85f63ab1-7253-4441-b1d5-f34e65cb54d9",
        "x-ms-routing-request-id": "SOUTHAFRICANORTH:20231123T080743Z:dae0d1b5-0c4f-4ba8-b426-523b92c794fe"
      },
      "ResponseBody": {
        "name": "testPublicIP-467",
        "id": "/subscriptions/1c835c29-68e9-40a7-8455-842925d04908/resourceGroups/Default-Nginx-2226/providers/Microsoft.Network/publicIPAddresses/testPublicIP-467",
        "etag": "W/\u002227385859-0450-49ea-87f4-c5b8d556c138\u0022",
        "location": "westcentralus",
        "properties": {
          "provisioningState": "Succeeded",
          "resourceGuid": "6ceda410-9fa3-4a44-8f6a-b27ebf3c0d96",
          "ipAddress": "20.165.189.184",
          "publicIPAddressVersion": "IPv4",
          "publicIPAllocationMethod": "Static",
          "idleTimeoutInMinutes": 4,
          "ipTags": [],
          "ddosSettings": {
            "protectionMode": "VirtualNetworkInherited"
          }
        },
        "type": "Microsoft.Network/publicIPAddresses",
        "sku": {
          "name": "Standard",
          "tier": "Regional"
        }
      }
    },
    {
      "RequestUri": "https://management.azure.com/subscriptions/1c835c29-68e9-40a7-8455-842925d04908/resourceGroups/Default-Nginx-2226/providers/Microsoft.Network/networkSecurityGroups/testNSG-2411?api-version=**",
      "RequestMethod": "PUT",
      "RequestHeaders": {
        "Accept": "application/json",
        "Authorization": "Sanitized",
        "Content-Length": "642",
        "Content-Type": "application/json",
        "traceparent": "00-9f66405b4154f127f36e10f6ff641f01-759b86c836393283-00",
        "User-Agent": "azsdk-net-ResourceManager.Network/1.5.0 (.NET 7.0.14; Microsoft Windows 10.0.22635)",
        "x-ms-client-request-id": "d7f7b5b3bc19b8b40785fbf68fdae018",
        "x-ms-return-client-request-id": "true"
      },
      "RequestBody": {
        "location": "westcentralus",
        "properties": {
          "securityRules": [
            {
              "name": "http",
              "properties": {
                "protocol": "*",
                "sourcePortRange": "*",
                "sourceAddressPrefix": "*",
                "destinationAddressPrefix": "*",
                "destinationPortRanges": [
                  "80"
                ],
                "access": "Allow",
                "priority": 100,
                "direction": "Inbound"
              }
            },
            {
              "name": "NRMS-Rule-103",
              "properties": {
                "description": "Created by Azure Core Security managed policy, rule can be deleted but do not change source ips, please see aka.ms/cainsgpolicy",
                "protocol": "*",
                "sourcePortRange": "*",
                "destinationPortRange": "*",
                "sourceAddressPrefix": "CorpNetPublic",
                "destinationAddressPrefix": "*",
                "access": "Allow",
                "priority": 103,
                "direction": "Inbound"
              }
            }
          ]
        }
      },
      "StatusCode": 201,
      "ResponseHeaders": {
        "azure-asyncnotification": "Enabled",
        "azure-asyncoperation": "https://management.azure.com/subscriptions/1c835c29-68e9-40a7-8455-842925d04908/providers/Microsoft.Network/locations/westcentralus/operations/da5b6417-56e3-49b4-a947-3bd29d1afc15?api-version=2023-05-01",
        "Cache-Control": "no-cache",
        "Content-Length": "6369",
        "Content-Type": "application/json; charset=utf-8",
        "Date": "Thu, 23 Nov 2023 08:07:45 GMT",
        "Expires": "-1",
        "Pragma": "no-cache",
        "Retry-After": "1",
        "Server": [
          "Microsoft-HTTPAPI/2.0",
          "Microsoft-HTTPAPI/2.0"
        ],
        "Strict-Transport-Security": "max-age=31536000; includeSubDomains",
        "X-Content-Type-Options": "nosniff",
        "x-ms-arm-service-request-id": "fe0351d0-8a73-4ddd-8334-1571c9a412ed",
        "x-ms-client-request-id": "d7f7b5b3bc19b8b40785fbf68fdae018",
        "x-ms-correlation-request-id": "08407b4e-8c9d-4903-ba85-3c6baa997076",
        "x-ms-ratelimit-remaining-subscription-writes": "1197",
        "x-ms-request-id": "da5b6417-56e3-49b4-a947-3bd29d1afc15",
        "x-ms-routing-request-id": "SOUTHAFRICANORTH:20231123T080745Z:08407b4e-8c9d-4903-ba85-3c6baa997076"
      },
      "ResponseBody": {
        "name": "testNSG-2411",
        "id": "/subscriptions/1c835c29-68e9-40a7-8455-842925d04908/resourceGroups/Default-Nginx-2226/providers/Microsoft.Network/networkSecurityGroups/testNSG-2411",
        "etag": "W/\u0022185cffc7-6423-4459-a132-2208a0e517f2\u0022",
        "type": "Microsoft.Network/networkSecurityGroups",
        "location": "westcentralus",
        "properties": {
          "provisioningState": "Updating",
          "resourceGuid": "b63be821-b3a2-407d-b3d2-ba88479ec2b9",
          "securityRules": [
            {
              "name": "http",
              "id": "/subscriptions/1c835c29-68e9-40a7-8455-842925d04908/resourceGroups/Default-Nginx-2226/providers/Microsoft.Network/networkSecurityGroups/testNSG-2411/securityRules/http",
              "etag": "W/\u0022185cffc7-6423-4459-a132-2208a0e517f2\u0022",
              "type": "Microsoft.Network/networkSecurityGroups/securityRules",
              "properties": {
                "provisioningState": "Updating",
                "protocol": "*",
                "sourcePortRange": "*",
                "sourceAddressPrefix": "*",
                "destinationAddressPrefix": "*",
                "access": "Allow",
                "priority": 100,
                "direction": "Inbound",
                "sourcePortRanges": [],
                "destinationPortRanges": [
                  "80"
                ],
                "sourceAddressPrefixes": [],
                "destinationAddressPrefixes": []
              }
            },
            {
              "name": "NRMS-Rule-103",
              "id": "/subscriptions/1c835c29-68e9-40a7-8455-842925d04908/resourceGroups/Default-Nginx-2226/providers/Microsoft.Network/networkSecurityGroups/testNSG-2411/securityRules/NRMS-Rule-103",
              "etag": "W/\u0022185cffc7-6423-4459-a132-2208a0e517f2\u0022",
              "type": "Microsoft.Network/networkSecurityGroups/securityRules",
              "properties": {
                "provisioningState": "Updating",
                "description": "Created by Azure Core Security managed policy, rule can be deleted but do not change source ips, please see aka.ms/cainsgpolicy",
                "protocol": "*",
                "sourcePortRange": "*",
                "destinationPortRange": "*",
                "sourceAddressPrefix": "CorpNetPublic",
                "destinationAddressPrefix": "*",
                "access": "Allow",
                "priority": 103,
                "direction": "Inbound",
                "sourcePortRanges": [],
                "destinationPortRanges": [],
                "sourceAddressPrefixes": [],
                "destinationAddressPrefixes": []
              }
            }
          ],
          "defaultSecurityRules": [
            {
              "name": "AllowVnetInBound",
              "id": "/subscriptions/1c835c29-68e9-40a7-8455-842925d04908/resourceGroups/Default-Nginx-2226/providers/Microsoft.Network/networkSecurityGroups/testNSG-2411/defaultSecurityRules/AllowVnetInBound",
              "etag": "W/\u0022185cffc7-6423-4459-a132-2208a0e517f2\u0022",
              "type": "Microsoft.Network/networkSecurityGroups/defaultSecurityRules",
              "properties": {
                "provisioningState": "Updating",
                "description": "Allow inbound traffic from all VMs in VNET",
                "protocol": "*",
                "sourcePortRange": "*",
                "destinationPortRange": "*",
                "sourceAddressPrefix": "VirtualNetwork",
                "destinationAddressPrefix": "VirtualNetwork",
                "access": "Allow",
                "priority": 65000,
                "direction": "Inbound",
                "sourcePortRanges": [],
                "destinationPortRanges": [],
                "sourceAddressPrefixes": [],
                "destinationAddressPrefixes": []
              }
            },
            {
              "name": "AllowAzureLoadBalancerInBound",
              "id": "/subscriptions/1c835c29-68e9-40a7-8455-842925d04908/resourceGroups/Default-Nginx-2226/providers/Microsoft.Network/networkSecurityGroups/testNSG-2411/defaultSecurityRules/AllowAzureLoadBalancerInBound",
              "etag": "W/\u0022185cffc7-6423-4459-a132-2208a0e517f2\u0022",
              "type": "Microsoft.Network/networkSecurityGroups/defaultSecurityRules",
              "properties": {
                "provisioningState": "Updating",
                "description": "Allow inbound traffic from azure load balancer",
                "protocol": "*",
                "sourcePortRange": "*",
                "destinationPortRange": "*",
                "sourceAddressPrefix": "AzureLoadBalancer",
                "destinationAddressPrefix": "*",
                "access": "Allow",
                "priority": 65001,
                "direction": "Inbound",
                "sourcePortRanges": [],
                "destinationPortRanges": [],
                "sourceAddressPrefixes": [],
                "destinationAddressPrefixes": []
              }
            },
            {
              "name": "DenyAllInBound",
              "id": "/subscriptions/1c835c29-68e9-40a7-8455-842925d04908/resourceGroups/Default-Nginx-2226/providers/Microsoft.Network/networkSecurityGroups/testNSG-2411/defaultSecurityRules/DenyAllInBound",
              "etag": "W/\u0022185cffc7-6423-4459-a132-2208a0e517f2\u0022",
              "type": "Microsoft.Network/networkSecurityGroups/defaultSecurityRules",
              "properties": {
                "provisioningState": "Updating",
                "description": "Deny all inbound traffic",
                "protocol": "*",
                "sourcePortRange": "*",
                "destinationPortRange": "*",
                "sourceAddressPrefix": "*",
                "destinationAddressPrefix": "*",
                "access": "Deny",
                "priority": 65500,
                "direction": "Inbound",
                "sourcePortRanges": [],
                "destinationPortRanges": [],
                "sourceAddressPrefixes": [],
                "destinationAddressPrefixes": []
              }
            },
            {
              "name": "AllowVnetOutBound",
              "id": "/subscriptions/1c835c29-68e9-40a7-8455-842925d04908/resourceGroups/Default-Nginx-2226/providers/Microsoft.Network/networkSecurityGroups/testNSG-2411/defaultSecurityRules/AllowVnetOutBound",
              "etag": "W/\u0022185cffc7-6423-4459-a132-2208a0e517f2\u0022",
              "type": "Microsoft.Network/networkSecurityGroups/defaultSecurityRules",
              "properties": {
                "provisioningState": "Updating",
                "description": "Allow outbound traffic from all VMs to all VMs in VNET",
                "protocol": "*",
                "sourcePortRange": "*",
                "destinationPortRange": "*",
                "sourceAddressPrefix": "VirtualNetwork",
                "destinationAddressPrefix": "VirtualNetwork",
                "access": "Allow",
                "priority": 65000,
                "direction": "Outbound",
                "sourcePortRanges": [],
                "destinationPortRanges": [],
                "sourceAddressPrefixes": [],
                "destinationAddressPrefixes": []
              }
            },
            {
              "name": "AllowInternetOutBound",
              "id": "/subscriptions/1c835c29-68e9-40a7-8455-842925d04908/resourceGroups/Default-Nginx-2226/providers/Microsoft.Network/networkSecurityGroups/testNSG-2411/defaultSecurityRules/AllowInternetOutBound",
              "etag": "W/\u0022185cffc7-6423-4459-a132-2208a0e517f2\u0022",
              "type": "Microsoft.Network/networkSecurityGroups/defaultSecurityRules",
              "properties": {
                "provisioningState": "Updating",
                "description": "Allow outbound traffic from all VMs to Internet",
                "protocol": "*",
                "sourcePortRange": "*",
                "destinationPortRange": "*",
                "sourceAddressPrefix": "*",
                "destinationAddressPrefix": "Internet",
                "access": "Allow",
                "priority": 65001,
                "direction": "Outbound",
                "sourcePortRanges": [],
                "destinationPortRanges": [],
                "sourceAddressPrefixes": [],
                "destinationAddressPrefixes": []
              }
            },
            {
              "name": "DenyAllOutBound",
              "id": "/subscriptions/1c835c29-68e9-40a7-8455-842925d04908/resourceGroups/Default-Nginx-2226/providers/Microsoft.Network/networkSecurityGroups/testNSG-2411/defaultSecurityRules/DenyAllOutBound",
              "etag": "W/\u0022185cffc7-6423-4459-a132-2208a0e517f2\u0022",
              "type": "Microsoft.Network/networkSecurityGroups/defaultSecurityRules",
              "properties": {
                "provisioningState": "Updating",
                "description": "Deny all outbound traffic",
                "protocol": "*",
                "sourcePortRange": "*",
                "destinationPortRange": "*",
                "sourceAddressPrefix": "*",
                "destinationAddressPrefix": "*",
                "access": "Deny",
                "priority": 65500,
                "direction": "Outbound",
                "sourcePortRanges": [],
                "destinationPortRanges": [],
                "sourceAddressPrefixes": [],
                "destinationAddressPrefixes": []
              }
            }
          ]
        }
      }
    },
    {
      "RequestUri": "https://management.azure.com/subscriptions/1c835c29-68e9-40a7-8455-842925d04908/providers/Microsoft.Network/locations/westcentralus/operations/da5b6417-56e3-49b4-a947-3bd29d1afc15?api-version=**",
      "RequestMethod": "GET",
      "RequestHeaders": {
        "Authorization": "Sanitized",
        "traceparent": "00-9f66405b4154f127f36e10f6ff641f01-a6e1305d028fb9b9-00",
        "User-Agent": "azsdk-net-ResourceManager/1.9.0 (.NET 7.0.14; Microsoft Windows 10.0.22635)",
        "x-ms-client-request-id": "a5cd4e14153c3944d0ce580655e125e9",
        "x-ms-return-client-request-id": "true"
      },
      "RequestBody": null,
      "StatusCode": 200,
      "ResponseHeaders": {
        "Cache-Control": "no-cache",
        "Content-Length": "22",
        "Content-Type": "application/json; charset=utf-8",
        "Date": "Thu, 23 Nov 2023 08:07:46 GMT",
        "Expires": "-1",
        "Pragma": "no-cache",
        "Server": [
          "Microsoft-HTTPAPI/2.0",
          "Microsoft-HTTPAPI/2.0"
        ],
        "Strict-Transport-Security": "max-age=31536000; includeSubDomains",
        "X-Content-Type-Options": "nosniff",
        "x-ms-arm-service-request-id": "aa788e6a-b6bd-4b9c-8f82-2a68e8a8eb00",
        "x-ms-client-request-id": "a5cd4e14153c3944d0ce580655e125e9",
        "x-ms-correlation-request-id": "0a44ff23-06bc-4db2-a331-de15a0e3b641",
        "x-ms-ratelimit-remaining-subscription-reads": "11996",
        "x-ms-request-id": "542a2a38-e26a-4c79-a604-2fa1d1869885",
        "x-ms-routing-request-id": "SOUTHAFRICANORTH:20231123T080746Z:0a44ff23-06bc-4db2-a331-de15a0e3b641"
      },
      "ResponseBody": {
        "status": "Succeeded"
      }
    },
    {
      "RequestUri": "https://management.azure.com/subscriptions/1c835c29-68e9-40a7-8455-842925d04908/resourceGroups/Default-Nginx-2226/providers/Microsoft.Network/networkSecurityGroups/testNSG-2411?api-version=**",
      "RequestMethod": "GET",
      "RequestHeaders": {
        "Authorization": "Sanitized",
        "traceparent": "00-9f66405b4154f127f36e10f6ff641f01-36c8afcd8bbcc7fe-00",
        "User-Agent": "azsdk-net-ResourceManager/1.9.0 (.NET 7.0.14; Microsoft Windows 10.0.22635)",
        "x-ms-client-request-id": "89fe620cd393c7d620663341fbb10c04",
        "x-ms-return-client-request-id": "true"
      },
      "RequestBody": null,
      "StatusCode": 200,
      "ResponseHeaders": {
        "Cache-Control": "no-cache",
        "Content-Length": "6378",
        "Content-Type": "application/json; charset=utf-8",
        "Date": "Thu, 23 Nov 2023 08:07:47 GMT",
        "ETag": "W/\u002284d301a8-b48b-4d71-8848-ba4bdf5b04a5\u0022",
        "Expires": "-1",
        "Pragma": "no-cache",
        "Server": [
          "Microsoft-HTTPAPI/2.0",
          "Microsoft-HTTPAPI/2.0"
        ],
        "Strict-Transport-Security": "max-age=31536000; includeSubDomains",
        "X-Content-Type-Options": "nosniff",
        "x-ms-arm-service-request-id": "910820b1-7f4b-446f-ab0e-061c91197f65",
        "x-ms-client-request-id": "89fe620cd393c7d620663341fbb10c04",
        "x-ms-correlation-request-id": "977b48cc-a8bd-4edc-995a-36da358a9b9e",
        "x-ms-ratelimit-remaining-subscription-reads": "11995",
        "x-ms-request-id": "a2a9f4bf-ab1a-47a4-8182-9bb1af464aaf",
        "x-ms-routing-request-id": "SOUTHAFRICANORTH:20231123T080747Z:977b48cc-a8bd-4edc-995a-36da358a9b9e"
      },
      "ResponseBody": {
        "name": "testNSG-2411",
        "id": "/subscriptions/1c835c29-68e9-40a7-8455-842925d04908/resourceGroups/Default-Nginx-2226/providers/Microsoft.Network/networkSecurityGroups/testNSG-2411",
        "etag": "W/\u002284d301a8-b48b-4d71-8848-ba4bdf5b04a5\u0022",
        "type": "Microsoft.Network/networkSecurityGroups",
        "location": "westcentralus",
        "properties": {
          "provisioningState": "Succeeded",
          "resourceGuid": "b63be821-b3a2-407d-b3d2-ba88479ec2b9",
          "securityRules": [
            {
              "name": "http",
              "id": "/subscriptions/1c835c29-68e9-40a7-8455-842925d04908/resourceGroups/Default-Nginx-2226/providers/Microsoft.Network/networkSecurityGroups/testNSG-2411/securityRules/http",
              "etag": "W/\u002284d301a8-b48b-4d71-8848-ba4bdf5b04a5\u0022",
              "type": "Microsoft.Network/networkSecurityGroups/securityRules",
              "properties": {
                "provisioningState": "Succeeded",
                "protocol": "*",
                "sourcePortRange": "*",
                "sourceAddressPrefix": "*",
                "destinationAddressPrefix": "*",
                "access": "Allow",
                "priority": 100,
                "direction": "Inbound",
                "sourcePortRanges": [],
                "destinationPortRanges": [
                  "80"
                ],
                "sourceAddressPrefixes": [],
                "destinationAddressPrefixes": []
              }
            },
            {
              "name": "NRMS-Rule-103",
              "id": "/subscriptions/1c835c29-68e9-40a7-8455-842925d04908/resourceGroups/Default-Nginx-2226/providers/Microsoft.Network/networkSecurityGroups/testNSG-2411/securityRules/NRMS-Rule-103",
              "etag": "W/\u002284d301a8-b48b-4d71-8848-ba4bdf5b04a5\u0022",
              "type": "Microsoft.Network/networkSecurityGroups/securityRules",
              "properties": {
                "provisioningState": "Succeeded",
                "description": "Created by Azure Core Security managed policy, rule can be deleted but do not change source ips, please see aka.ms/cainsgpolicy",
                "protocol": "*",
                "sourcePortRange": "*",
                "destinationPortRange": "*",
                "sourceAddressPrefix": "CorpNetPublic",
                "destinationAddressPrefix": "*",
                "access": "Allow",
                "priority": 103,
                "direction": "Inbound",
                "sourcePortRanges": [],
                "destinationPortRanges": [],
                "sourceAddressPrefixes": [],
                "destinationAddressPrefixes": []
              }
            }
          ],
          "defaultSecurityRules": [
            {
              "name": "AllowVnetInBound",
              "id": "/subscriptions/1c835c29-68e9-40a7-8455-842925d04908/resourceGroups/Default-Nginx-2226/providers/Microsoft.Network/networkSecurityGroups/testNSG-2411/defaultSecurityRules/AllowVnetInBound",
              "etag": "W/\u002284d301a8-b48b-4d71-8848-ba4bdf5b04a5\u0022",
              "type": "Microsoft.Network/networkSecurityGroups/defaultSecurityRules",
              "properties": {
                "provisioningState": "Succeeded",
                "description": "Allow inbound traffic from all VMs in VNET",
                "protocol": "*",
                "sourcePortRange": "*",
                "destinationPortRange": "*",
                "sourceAddressPrefix": "VirtualNetwork",
                "destinationAddressPrefix": "VirtualNetwork",
                "access": "Allow",
                "priority": 65000,
                "direction": "Inbound",
                "sourcePortRanges": [],
                "destinationPortRanges": [],
                "sourceAddressPrefixes": [],
                "destinationAddressPrefixes": []
              }
            },
            {
              "name": "AllowAzureLoadBalancerInBound",
              "id": "/subscriptions/1c835c29-68e9-40a7-8455-842925d04908/resourceGroups/Default-Nginx-2226/providers/Microsoft.Network/networkSecurityGroups/testNSG-2411/defaultSecurityRules/AllowAzureLoadBalancerInBound",
              "etag": "W/\u002284d301a8-b48b-4d71-8848-ba4bdf5b04a5\u0022",
              "type": "Microsoft.Network/networkSecurityGroups/defaultSecurityRules",
              "properties": {
                "provisioningState": "Succeeded",
                "description": "Allow inbound traffic from azure load balancer",
                "protocol": "*",
                "sourcePortRange": "*",
                "destinationPortRange": "*",
                "sourceAddressPrefix": "AzureLoadBalancer",
                "destinationAddressPrefix": "*",
                "access": "Allow",
                "priority": 65001,
                "direction": "Inbound",
                "sourcePortRanges": [],
                "destinationPortRanges": [],
                "sourceAddressPrefixes": [],
                "destinationAddressPrefixes": []
              }
            },
            {
              "name": "DenyAllInBound",
              "id": "/subscriptions/1c835c29-68e9-40a7-8455-842925d04908/resourceGroups/Default-Nginx-2226/providers/Microsoft.Network/networkSecurityGroups/testNSG-2411/defaultSecurityRules/DenyAllInBound",
              "etag": "W/\u002284d301a8-b48b-4d71-8848-ba4bdf5b04a5\u0022",
              "type": "Microsoft.Network/networkSecurityGroups/defaultSecurityRules",
              "properties": {
                "provisioningState": "Succeeded",
                "description": "Deny all inbound traffic",
                "protocol": "*",
                "sourcePortRange": "*",
                "destinationPortRange": "*",
                "sourceAddressPrefix": "*",
                "destinationAddressPrefix": "*",
                "access": "Deny",
                "priority": 65500,
                "direction": "Inbound",
                "sourcePortRanges": [],
                "destinationPortRanges": [],
                "sourceAddressPrefixes": [],
                "destinationAddressPrefixes": []
              }
            },
            {
              "name": "AllowVnetOutBound",
              "id": "/subscriptions/1c835c29-68e9-40a7-8455-842925d04908/resourceGroups/Default-Nginx-2226/providers/Microsoft.Network/networkSecurityGroups/testNSG-2411/defaultSecurityRules/AllowVnetOutBound",
              "etag": "W/\u002284d301a8-b48b-4d71-8848-ba4bdf5b04a5\u0022",
              "type": "Microsoft.Network/networkSecurityGroups/defaultSecurityRules",
              "properties": {
                "provisioningState": "Succeeded",
                "description": "Allow outbound traffic from all VMs to all VMs in VNET",
                "protocol": "*",
                "sourcePortRange": "*",
                "destinationPortRange": "*",
                "sourceAddressPrefix": "VirtualNetwork",
                "destinationAddressPrefix": "VirtualNetwork",
                "access": "Allow",
                "priority": 65000,
                "direction": "Outbound",
                "sourcePortRanges": [],
                "destinationPortRanges": [],
                "sourceAddressPrefixes": [],
                "destinationAddressPrefixes": []
              }
            },
            {
              "name": "AllowInternetOutBound",
              "id": "/subscriptions/1c835c29-68e9-40a7-8455-842925d04908/resourceGroups/Default-Nginx-2226/providers/Microsoft.Network/networkSecurityGroups/testNSG-2411/defaultSecurityRules/AllowInternetOutBound",
              "etag": "W/\u002284d301a8-b48b-4d71-8848-ba4bdf5b04a5\u0022",
              "type": "Microsoft.Network/networkSecurityGroups/defaultSecurityRules",
              "properties": {
                "provisioningState": "Succeeded",
                "description": "Allow outbound traffic from all VMs to Internet",
                "protocol": "*",
                "sourcePortRange": "*",
                "destinationPortRange": "*",
                "sourceAddressPrefix": "*",
                "destinationAddressPrefix": "Internet",
                "access": "Allow",
                "priority": 65001,
                "direction": "Outbound",
                "sourcePortRanges": [],
                "destinationPortRanges": [],
                "sourceAddressPrefixes": [],
                "destinationAddressPrefixes": []
              }
            },
            {
              "name": "DenyAllOutBound",
              "id": "/subscriptions/1c835c29-68e9-40a7-8455-842925d04908/resourceGroups/Default-Nginx-2226/providers/Microsoft.Network/networkSecurityGroups/testNSG-2411/defaultSecurityRules/DenyAllOutBound",
              "etag": "W/\u002284d301a8-b48b-4d71-8848-ba4bdf5b04a5\u0022",
              "type": "Microsoft.Network/networkSecurityGroups/defaultSecurityRules",
              "properties": {
                "provisioningState": "Succeeded",
                "description": "Deny all outbound traffic",
                "protocol": "*",
                "sourcePortRange": "*",
                "destinationPortRange": "*",
                "sourceAddressPrefix": "*",
                "destinationAddressPrefix": "*",
                "access": "Deny",
                "priority": 65500,
                "direction": "Outbound",
                "sourcePortRanges": [],
                "destinationPortRanges": [],
                "sourceAddressPrefixes": [],
                "destinationAddressPrefixes": []
              }
            }
          ]
        }
      }
    },
    {
      "RequestUri": "https://management.azure.com/subscriptions/1c835c29-68e9-40a7-8455-842925d04908/resourceGroups/Default-Nginx-2226/providers/Microsoft.Network/virtualNetworks/testVNet-5664?api-version=**",
      "RequestMethod": "PUT",
      "RequestHeaders": {
        "Accept": "application/json",
        "Authorization": "Sanitized",
        "Content-Length": "1887",
        "Content-Type": "application/json",
        "traceparent": "00-c6f517c2262944a31eefc35fc2005c93-5e2925c165fed6b2-00",
        "User-Agent": "azsdk-net-ResourceManager.Network/1.5.0 (.NET 7.0.14; Microsoft Windows 10.0.22635)",
        "x-ms-client-request-id": "3a0d41e260dc8b9fb6be928e3cc2b2d7",
        "x-ms-return-client-request-id": "true"
      },
      "RequestBody": {
        "location": "westcentralus",
        "properties": {
          "addressSpace": {
            "addressPrefixes": [
              "10.0.0.0/16"
            ]
          },
          "subnets": [
            {
              "name": "testSubnet-5226",
              "properties": {
                "addressPrefix": "10.0.2.0/24",
                "networkSecurityGroup": {
                  "id": "/subscriptions/1c835c29-68e9-40a7-8455-842925d04908/resourceGroups/Default-Nginx-2226/providers/Microsoft.Network/networkSecurityGroups/testNSG-2411",
                  "location": "westcentralus",
                  "properties": {
                    "securityRules": [
                      {
                        "id": "/subscriptions/1c835c29-68e9-40a7-8455-842925d04908/resourceGroups/Default-Nginx-2226/providers/Microsoft.Network/networkSecurityGroups/testNSG-2411/securityRules/http",
                        "name": "http",
                        "type": "Microsoft.Network/networkSecurityGroups/securityRules",
                        "properties": {
                          "protocol": "*",
                          "sourcePortRange": "*",
                          "sourceAddressPrefix": "*",
                          "sourceAddressPrefixes": [],
                          "destinationAddressPrefix": "*",
                          "destinationAddressPrefixes": [],
                          "sourcePortRanges": [],
                          "destinationPortRanges": [
                            "80"
                          ],
                          "access": "Allow",
                          "priority": 100,
                          "direction": "Inbound"
                        }
                      },
                      {
                        "id": "/subscriptions/1c835c29-68e9-40a7-8455-842925d04908/resourceGroups/Default-Nginx-2226/providers/Microsoft.Network/networkSecurityGroups/testNSG-2411/securityRules/NRMS-Rule-103",
                        "name": "NRMS-Rule-103",
                        "type": "Microsoft.Network/networkSecurityGroups/securityRules",
                        "properties": {
                          "description": "Created by Azure Core Security managed policy, rule can be deleted but do not change source ips, please see aka.ms/cainsgpolicy",
                          "protocol": "*",
                          "sourcePortRange": "*",
                          "destinationPortRange": "*",
                          "sourceAddressPrefix": "CorpNetPublic",
                          "sourceAddressPrefixes": [],
                          "destinationAddressPrefix": "*",
                          "destinationAddressPrefixes": [],
                          "sourcePortRanges": [],
                          "destinationPortRanges": [],
                          "access": "Allow",
                          "priority": 103,
                          "direction": "Inbound"
                        }
                      }
                    ]
                  }
                },
                "delegations": [
                  {
                    "name": "NGINX.NGINXPLUS/nginxDeployments",
                    "properties": {
                      "serviceName": "NGINX.NGINXPLUS/nginxDeployments"
                    }
                  }
                ],
                "privateEndpointNetworkPolicies": "Enabled",
                "privateLinkServiceNetworkPolicies": "Enabled"
              }
            }
          ]
        }
      },
      "StatusCode": 201,
      "ResponseHeaders": {
        "azure-asyncnotification": "Enabled",
        "azure-asyncoperation": "https://management.azure.com/subscriptions/1c835c29-68e9-40a7-8455-842925d04908/providers/Microsoft.Network/locations/westcentralus/operations/be8c76ef-cec7-4fc0-9209-a22527336d28?api-version=2023-05-01",
        "Cache-Control": "no-cache",
        "Content-Length": "1727",
        "Content-Type": "application/json; charset=utf-8",
        "Date": "Thu, 23 Nov 2023 08:07:49 GMT",
        "Expires": "-1",
        "Pragma": "no-cache",
        "Retry-After": "3",
        "Server": [
          "Microsoft-HTTPAPI/2.0",
          "Microsoft-HTTPAPI/2.0"
        ],
        "Strict-Transport-Security": "max-age=31536000; includeSubDomains",
        "X-Content-Type-Options": "nosniff",
        "x-ms-arm-service-request-id": "fba483df-1c51-4aed-8391-51ca49bbaf6d",
        "x-ms-client-request-id": "3a0d41e260dc8b9fb6be928e3cc2b2d7",
        "x-ms-correlation-request-id": "41b7fc15-d0f7-469d-a002-5de7c4e6892c",
        "x-ms-ratelimit-remaining-subscription-writes": "1196",
        "x-ms-request-id": "be8c76ef-cec7-4fc0-9209-a22527336d28",
        "x-ms-routing-request-id": "SOUTHAFRICANORTH:20231123T080749Z:41b7fc15-d0f7-469d-a002-5de7c4e6892c"
      },
      "ResponseBody": {
        "name": "testVNet-5664",
        "id": "/subscriptions/1c835c29-68e9-40a7-8455-842925d04908/resourceGroups/Default-Nginx-2226/providers/Microsoft.Network/virtualNetworks/testVNet-5664",
        "etag": "W/\u002219fa664a-1a7b-4e29-bc61-a82acaa7ff03\u0022",
        "type": "Microsoft.Network/virtualNetworks",
        "location": "westcentralus",
        "properties": {
          "provisioningState": "Updating",
          "resourceGuid": "dfae8a63-6e4f-457e-b3c1-e63749980150",
          "addressSpace": {
            "addressPrefixes": [
              "10.0.0.0/16"
            ]
          },
          "subnets": [
            {
              "name": "testSubnet-5226",
              "id": "/subscriptions/1c835c29-68e9-40a7-8455-842925d04908/resourceGroups/Default-Nginx-2226/providers/Microsoft.Network/virtualNetworks/testVNet-5664/subnets/testSubnet-5226",
              "etag": "W/\u002219fa664a-1a7b-4e29-bc61-a82acaa7ff03\u0022",
              "properties": {
                "provisioningState": "Updating",
                "addressPrefix": "10.0.2.0/24",
                "networkSecurityGroup": {
                  "id": "/subscriptions/1c835c29-68e9-40a7-8455-842925d04908/resourceGroups/Default-Nginx-2226/providers/Microsoft.Network/networkSecurityGroups/testNSG-2411"
                },
                "delegations": [
                  {
                    "name": "NGINX.NGINXPLUS/nginxDeployments",
                    "id": "/subscriptions/1c835c29-68e9-40a7-8455-842925d04908/resourceGroups/Default-Nginx-2226/providers/Microsoft.Network/virtualNetworks/testVNet-5664/subnets/testSubnet-5226/delegations/NGINX.NGINXPLUS/nginxDeployments",
                    "etag": "W/\u002219fa664a-1a7b-4e29-bc61-a82acaa7ff03\u0022",
                    "properties": {
                      "provisioningState": "Succeeded",
                      "serviceName": "NGINX.NGINXPLUS/nginxDeployments",
                      "actions": [
                        "Microsoft.Network/virtualNetworks/subnets/join/action"
                      ]
                    },
                    "type": "Microsoft.Network/virtualNetworks/subnets/delegations"
                  }
                ],
                "privateEndpointNetworkPolicies": "Enabled",
                "privateLinkServiceNetworkPolicies": "Enabled"
              },
              "type": "Microsoft.Network/virtualNetworks/subnets"
            }
          ],
          "virtualNetworkPeerings": [],
          "enableDdosProtection": false
        }
      }
    },
    {
      "RequestUri": "https://management.azure.com/subscriptions/1c835c29-68e9-40a7-8455-842925d04908/providers/Microsoft.Network/locations/westcentralus/operations/be8c76ef-cec7-4fc0-9209-a22527336d28?api-version=**",
      "RequestMethod": "GET",
      "RequestHeaders": {
        "Authorization": "Sanitized",
        "traceparent": "00-c6f517c2262944a31eefc35fc2005c93-cb4dbb9fdeaf5c32-00",
        "User-Agent": "azsdk-net-ResourceManager/1.9.0 (.NET 7.0.14; Microsoft Windows 10.0.22635)",
        "x-ms-client-request-id": "e4fec084d1dc9d85e9081c1734912a70",
        "x-ms-return-client-request-id": "true"
      },
      "RequestBody": null,
      "StatusCode": 200,
      "ResponseHeaders": {
        "Cache-Control": "no-cache",
        "Content-Length": "23",
        "Content-Type": "application/json; charset=utf-8",
        "Date": "Thu, 23 Nov 2023 08:07:50 GMT",
        "Expires": "-1",
        "Pragma": "no-cache",
        "Retry-After": "10",
        "Server": [
          "Microsoft-HTTPAPI/2.0",
          "Microsoft-HTTPAPI/2.0"
        ],
        "Strict-Transport-Security": "max-age=31536000; includeSubDomains",
        "X-Content-Type-Options": "nosniff",
        "x-ms-arm-service-request-id": "95c47191-4c05-41fd-b3f6-fcffab494e42",
        "x-ms-client-request-id": "e4fec084d1dc9d85e9081c1734912a70",
        "x-ms-correlation-request-id": "e4791a42-ce89-4a3b-9df5-60301c717161",
        "x-ms-ratelimit-remaining-subscription-reads": "11994",
        "x-ms-request-id": "e9351cab-57f8-4136-9872-4a1c336bc3d4",
        "x-ms-routing-request-id": "SOUTHAFRICANORTH:20231123T080750Z:e4791a42-ce89-4a3b-9df5-60301c717161"
      },
      "ResponseBody": {
        "status": "InProgress"
      }
    },
    {
      "RequestUri": "https://management.azure.com/subscriptions/1c835c29-68e9-40a7-8455-842925d04908/providers/Microsoft.Network/locations/westcentralus/operations/be8c76ef-cec7-4fc0-9209-a22527336d28?api-version=**",
      "RequestMethod": "GET",
      "RequestHeaders": {
        "Authorization": "Sanitized",
        "traceparent": "00-c6f517c2262944a31eefc35fc2005c93-b3236dd60bf303ff-00",
        "User-Agent": "azsdk-net-ResourceManager/1.9.0 (.NET 7.0.14; Microsoft Windows 10.0.22635)",
        "x-ms-client-request-id": "c2b9248f08ffa0c1c907b5067f9c4d97",
        "x-ms-return-client-request-id": "true"
      },
      "RequestBody": null,
      "StatusCode": 200,
      "ResponseHeaders": {
        "Cache-Control": "no-cache",
        "Content-Length": "22",
        "Content-Type": "application/json; charset=utf-8",
        "Date": "Thu, 23 Nov 2023 08:08:00 GMT",
        "Expires": "-1",
        "Pragma": "no-cache",
        "Server": [
          "Microsoft-HTTPAPI/2.0",
          "Microsoft-HTTPAPI/2.0"
        ],
        "Strict-Transport-Security": "max-age=31536000; includeSubDomains",
        "X-Content-Type-Options": "nosniff",
        "x-ms-arm-service-request-id": "4f7c4f37-31ad-44d0-ae58-d688b5ed3bb0",
        "x-ms-client-request-id": "c2b9248f08ffa0c1c907b5067f9c4d97",
        "x-ms-correlation-request-id": "5c344090-2b52-4082-be1d-72e3c6fd363a",
        "x-ms-ratelimit-remaining-subscription-reads": "11993",
        "x-ms-request-id": "e5a11e9f-62c2-4b2a-bb46-605b16da952a",
        "x-ms-routing-request-id": "SOUTHAFRICANORTH:20231123T080800Z:5c344090-2b52-4082-be1d-72e3c6fd363a"
      },
      "ResponseBody": {
        "status": "Succeeded"
      }
    },
    {
      "RequestUri": "https://management.azure.com/subscriptions/1c835c29-68e9-40a7-8455-842925d04908/resourceGroups/Default-Nginx-2226/providers/Microsoft.Network/virtualNetworks/testVNet-5664?api-version=**",
      "RequestMethod": "GET",
      "RequestHeaders": {
        "Authorization": "Sanitized",
        "traceparent": "00-c6f517c2262944a31eefc35fc2005c93-5c9eaeb3b699b027-00",
        "User-Agent": "azsdk-net-ResourceManager/1.9.0 (.NET 7.0.14; Microsoft Windows 10.0.22635)",
        "x-ms-client-request-id": "7b0a3efccdc325fac46790ca2460d1f3",
        "x-ms-return-client-request-id": "true"
      },
      "RequestBody": null,
      "StatusCode": 200,
      "ResponseHeaders": {
        "Cache-Control": "no-cache",
        "Content-Length": "1729",
        "Content-Type": "application/json; charset=utf-8",
        "Date": "Thu, 23 Nov 2023 08:08:01 GMT",
        "ETag": "W/\u0022c54fec0e-b7af-4311-b122-391ca6a7ca21\u0022",
        "Expires": "-1",
        "Pragma": "no-cache",
        "Server": [
          "Microsoft-HTTPAPI/2.0",
          "Microsoft-HTTPAPI/2.0"
        ],
        "Strict-Transport-Security": "max-age=31536000; includeSubDomains",
        "X-Content-Type-Options": "nosniff",
        "x-ms-arm-service-request-id": "654fc34e-5a56-41bb-8b96-57476916d5b8",
        "x-ms-client-request-id": "7b0a3efccdc325fac46790ca2460d1f3",
        "x-ms-correlation-request-id": "c1a48e75-8af0-4894-beda-960f6c9e41dc",
        "x-ms-ratelimit-remaining-subscription-reads": "11992",
        "x-ms-request-id": "571d84a6-577a-43f4-8443-123c6a77a009",
        "x-ms-routing-request-id": "SOUTHAFRICANORTH:20231123T080801Z:c1a48e75-8af0-4894-beda-960f6c9e41dc"
      },
      "ResponseBody": {
        "name": "testVNet-5664",
        "id": "/subscriptions/1c835c29-68e9-40a7-8455-842925d04908/resourceGroups/Default-Nginx-2226/providers/Microsoft.Network/virtualNetworks/testVNet-5664",
        "etag": "W/\u0022c54fec0e-b7af-4311-b122-391ca6a7ca21\u0022",
        "type": "Microsoft.Network/virtualNetworks",
        "location": "westcentralus",
        "properties": {
          "provisioningState": "Succeeded",
          "resourceGuid": "dfae8a63-6e4f-457e-b3c1-e63749980150",
          "addressSpace": {
            "addressPrefixes": [
              "10.0.0.0/16"
            ]
          },
          "subnets": [
            {
              "name": "testSubnet-5226",
              "id": "/subscriptions/1c835c29-68e9-40a7-8455-842925d04908/resourceGroups/Default-Nginx-2226/providers/Microsoft.Network/virtualNetworks/testVNet-5664/subnets/testSubnet-5226",
              "etag": "W/\u0022c54fec0e-b7af-4311-b122-391ca6a7ca21\u0022",
              "properties": {
                "provisioningState": "Succeeded",
                "addressPrefix": "10.0.2.0/24",
                "networkSecurityGroup": {
                  "id": "/subscriptions/1c835c29-68e9-40a7-8455-842925d04908/resourceGroups/Default-Nginx-2226/providers/Microsoft.Network/networkSecurityGroups/testNSG-2411"
                },
                "delegations": [
                  {
                    "name": "NGINX.NGINXPLUS/nginxDeployments",
                    "id": "/subscriptions/1c835c29-68e9-40a7-8455-842925d04908/resourceGroups/Default-Nginx-2226/providers/Microsoft.Network/virtualNetworks/testVNet-5664/subnets/testSubnet-5226/delegations/NGINX.NGINXPLUS/nginxDeployments",
                    "etag": "W/\u0022c54fec0e-b7af-4311-b122-391ca6a7ca21\u0022",
                    "properties": {
                      "provisioningState": "Succeeded",
                      "serviceName": "NGINX.NGINXPLUS/nginxDeployments",
                      "actions": [
                        "Microsoft.Network/virtualNetworks/subnets/join/action"
                      ]
                    },
                    "type": "Microsoft.Network/virtualNetworks/subnets/delegations"
                  }
                ],
                "privateEndpointNetworkPolicies": "Enabled",
                "privateLinkServiceNetworkPolicies": "Enabled"
              },
              "type": "Microsoft.Network/virtualNetworks/subnets"
            }
          ],
          "virtualNetworkPeerings": [],
          "enableDdosProtection": false
        }
      }
    },
    {
      "RequestUri": "https://management.azure.com/subscriptions/1c835c29-68e9-40a7-8455-842925d04908/resourceGroups/Default-Nginx-2226/providers/Nginx.NginxPlus/nginxDeployments/testDeployment-382?api-version=2023-04-01",
      "RequestMethod": "PUT",
      "RequestHeaders": {
        "Accept": "application/json",
        "Authorization": "Sanitized",
        "Content-Length": "889",
        "Content-Type": "application/json",
        "traceparent": "00-8b12cb6a0f0697fdd1bdaebf8638c8cc-1c132b137bab1cd4-00",
        "User-Agent": "azsdk-net-ResourceManager.Nginx/1.0.0-alpha.20231121.1 (.NET 7.0.14; Microsoft Windows 10.0.22635)",
        "x-ms-client-request-id": "187370abff657b54ff5e1bd51c7e1d4c",
        "x-ms-return-client-request-id": "true"
      },
      "RequestBody": {
        "identity": {
          "type": "UserAssigned",
          "userAssignedIdentities": {
            "/subscriptions/e3853e83-0d02-4fb3-b88f-05b5fd21aee2/resourcegroups/synthetics-integration-tests/providers/Microsoft.ManagedIdentity/userAssignedIdentities/integration-tests-mi": {}
          }
        },
        "properties": {
          "networkProfile": {
            "frontEndIPConfiguration": {
              "publicIPAddresses": [
                {
                  "id": "/subscriptions/1c835c29-68e9-40a7-8455-842925d04908/resourceGroups/Default-Nginx-2226/providers/Microsoft.Network/publicIPAddresses/testPublicIP-467"
                }
              ]
            },
            "networkInterfaceConfiguration": {
              "subnetId": "/subscriptions/1c835c29-68e9-40a7-8455-842925d04908/resourceGroups/Default-Nginx-2226/providers/Microsoft.Network/virtualNetworks/testVNet-5664/subnets/testSubnet-5226"
            }
          },
          "enableDiagnosticsSupport": true,
          "scalingProperties": {
            "capacity": 10
          },
          "userProfile": {
            "preferredEmail": "test@mail.com"
          }
        },
        "sku": {
          "name": "standard_Monthly"
        },
        "tags": {},
        "location": "westcentralus"
      },
      "StatusCode": 201,
      "ResponseHeaders": {
        "Azure-AsyncOperation": "https://management.azure.com/providers/Nginx.NginxPlus/locations/WESTCENTRALUS/operationStatuses/890bb6e7-e1cc-4f9f-a5e1-38e63c372d49*25715EDF537171D9F1654C2FCE3CDB14C28B019D589E220BA9051B066707DF49?api-version=2023-04-01\u0026t=638363236894418826\u0026c=MIIHADCCBeigAwIBAgITfAQLJaXGjL3sIjyx5QAABAslpTANBgkqhkiG9w0BAQsFADBEMRMwEQYKCZImiZPyLGQBGRYDR0JMMRMwEQYKCZImiZPyLGQBGRYDQU1FMRgwFgYDVQQDEw9BTUUgSW5mcmEgQ0EgMDUwHhcNMjMxMTAxMDUzNjA0WhcNMjQxMDI2MDUzNjA0WjBAMT4wPAYDVQQDEzVhc3luY29wZXJhdGlvbnNpZ25pbmdjZXJ0aWZpY2F0ZS5tYW5hZ2VtZW50LmF6dXJlLmNvbTCCASIwDQYJKoZIhvcNAQEBBQADggEPADCCAQoCggEBAOLHUO7dPGVIoruKLdzUNswYmek-Nljw_QxU2vLAMiVNqgHD_TDk8bAf1OzE0jMQ9YykRPzRz7TtZfN7cFjIs3D5mJLWvnug2wph85PUl0n6fMWhTHR1zCazHdfEcFCLsYctkDhhIcW0L7tSMU8rcXT9_y5SxiYVfFca-rWaJ6tpJpc2ixCWdfbW7OO0zEHxgMEOWDhmNZoA8knKo6OH0iW04aNo6HoJuUrvPwf5P6NlfROEd4DQOKF4gkUbzlaeCcVkwkS_ZNgQxTKBqZqY-Q9BQTvnnq1WKS1kicyyQbsSTCEq9qni0WLWZ0-fTNJp8ljSN4aPuZ8bGCCgtTJCRvUCAwEAAaOCA-0wggPpMCcGCSsGAQQBgjcVCgQaMBgwCgYIKwYBBQUHAwEwCgYIKwYBBQUHAwIwPQYJKwYBBAGCNxUHBDAwLgYmKwYBBAGCNxUIhpDjDYTVtHiE8Ys-hZvdFs6dEoFggvX2K4Py0SACAWQCAQowggHLBggrBgEFBQcBAQSCAb0wggG5MGMGCCsGAQUFBzAChldodHRwOi8vY3JsLm1pY3Jvc29mdC5jb20vcGtpaW5mcmEvQ2VydHMvQ08xUEtJSU5UQ0EwMS5BTUUuR0JMX0FNRSUyMEluZnJhJTIwQ0ElMjAwNS5jcnQwUwYIKwYBBQUHMAKGR2h0dHA6Ly9jcmwxLmFtZS5nYmwvYWlhL0NPMVBLSUlOVENBMDEuQU1FLkdCTF9BTUUlMjBJbmZyYSUyMENBJTIwMDUuY3J0MFMGCCsGAQUFBzAChkdodHRwOi8vY3JsMi5hbWUuZ2JsL2FpYS9DTzFQS0lJTlRDQTAxLkFNRS5HQkxfQU1FJTIwSW5mcmElMjBDQSUyMDA1LmNydDBTBggrBgEFBQcwAoZHaHR0cDovL2NybDMuYW1lLmdibC9haWEvQ08xUEtJSU5UQ0EwMS5BTUUuR0JMX0FNRSUyMEluZnJhJTIwQ0ElMjAwNS5jcnQwUwYIKwYBBQUHMAKGR2h0dHA6Ly9jcmw0LmFtZS5nYmwvYWlhL0NPMVBLSUlOVENBMDEuQU1FLkdCTF9BTUUlMjBJbmZyYSUyMENBJTIwMDUuY3J0MB0GA1UdDgQWBBQM39B_5hlROZQL6bGUve6R9sEqYjAOBgNVHQ8BAf8EBAMCBaAwggEmBgNVHR8EggEdMIIBGTCCARWgggERoIIBDYY_aHR0cDovL2NybC5taWNyb3NvZnQuY29tL3BraWluZnJhL0NSTC9BTUUlMjBJbmZyYSUyMENBJTIwMDUuY3JshjFodHRwOi8vY3JsMS5hbWUuZ2JsL2NybC9BTUUlMjBJbmZyYSUyMENBJTIwMDUuY3JshjFodHRwOi8vY3JsMi5hbWUuZ2JsL2NybC9BTUUlMjBJbmZyYSUyMENBJTIwMDUuY3JshjFodHRwOi8vY3JsMy5hbWUuZ2JsL2NybC9BTUUlMjBJbmZyYSUyMENBJTIwMDUuY3JshjFodHRwOi8vY3JsNC5hbWUuZ2JsL2NybC9BTUUlMjBJbmZyYSUyMENBJTIwMDUuY3JsMBcGA1UdIAQQMA4wDAYKKwYBBAGCN3sBATAfBgNVHSMEGDAWgBR61hmFKHlscXYeYPjzS--iBUIWHTAdBgNVHSUEFjAUBggrBgEFBQcDAQYIKwYBBQUHAwIwDQYJKoZIhvcNAQELBQADggEBAHsDVo-ubSySZd4FYJJzcvbu2RGLublq8xgAoGl9Jn-5zXXh0d0dSo9sYUruEmf4m6a5fl_ihkPtuaUSEA4aJeVGYNi0_RmMj42eIYHcT0kJI6SBebjMe5w97pOyrwCIkFJZt8dzXH61xgR1pxP7AUNRta8UJiNW2LW-tHESqFYdM1vy7psJr8GPGmCFFEsKKXF_D8JPy5jZeSmOGUDpAnIkLv9WBH5bgZtY04MH65HnKcpK-ibSQVEW-vC28USN1K6LWTUQeRQqn5ab_o3xar4VAxQblzVUO1VQ36cAgi1-47UUOGtjs7rkAUhkxzxO7Rwr5oYNiy8UzunbFY0cZEM\u0026s=Rysav5FMREDkjRczjWsvmWnlQGdAIBlqTHReqVFeDvOYmrnunY_hNM-BznzLxy6HF4cks5My8NDjm8yX81qIheLHPbgnxQl6molGREFNpBOg3KiDcPMQTIfq6fKqpCQbHYJaywJ7OlM0nxKXFcWp8RO452YD9yvnmdcKbEiJhgXf388VLLHKJ7No3RqiRm19d_rBq_leFIqMnBHyPrkueoPMfy9dOYCYAIs7nn2ZOHL4YXkAHrWs9iB4n_WgnGxIzRs6qAzjeSuBOVAUzXNMpijuoaLva0siEYbxa-DeKjSF1qr2GzumFzWFt6CPNWPvZndpKDSUbLzaRxE-egsrWg\u0026h=MvwrgztkK1fKpQT-wDjWBJAnOSQWDGtdfZvwpjUgMyI",
        "Cache-Control": "no-cache",
        "Content-Length": "1605",
        "Content-Type": "application/json; charset=utf-8",
        "Date": "Thu, 23 Nov 2023 08:08:09 GMT",
        "ETag": "\u00223d05322f-0000-0600-0000-655f08680000\u0022",
        "Expires": "-1",
        "Location": "https://management.azure.com/providers/Nginx.NginxPlus/locations/WESTCENTRALUS/operationStatuses/890bb6e7-e1cc-4f9f-a5e1-38e63c372d49*25715EDF537171D9F1654C2FCE3CDB14C28B019D589E220BA9051B066707DF49?api-version=2023-04-01\u0026t=638363236894418826\u0026c=MIIHADCCBeigAwIBAgITfAQLJaXGjL3sIjyx5QAABAslpTANBgkqhkiG9w0BAQsFADBEMRMwEQYKCZImiZPyLGQBGRYDR0JMMRMwEQYKCZImiZPyLGQBGRYDQU1FMRgwFgYDVQQDEw9BTUUgSW5mcmEgQ0EgMDUwHhcNMjMxMTAxMDUzNjA0WhcNMjQxMDI2MDUzNjA0WjBAMT4wPAYDVQQDEzVhc3luY29wZXJhdGlvbnNpZ25pbmdjZXJ0aWZpY2F0ZS5tYW5hZ2VtZW50LmF6dXJlLmNvbTCCASIwDQYJKoZIhvcNAQEBBQADggEPADCCAQoCggEBAOLHUO7dPGVIoruKLdzUNswYmek-Nljw_QxU2vLAMiVNqgHD_TDk8bAf1OzE0jMQ9YykRPzRz7TtZfN7cFjIs3D5mJLWvnug2wph85PUl0n6fMWhTHR1zCazHdfEcFCLsYctkDhhIcW0L7tSMU8rcXT9_y5SxiYVfFca-rWaJ6tpJpc2ixCWdfbW7OO0zEHxgMEOWDhmNZoA8knKo6OH0iW04aNo6HoJuUrvPwf5P6NlfROEd4DQOKF4gkUbzlaeCcVkwkS_ZNgQxTKBqZqY-Q9BQTvnnq1WKS1kicyyQbsSTCEq9qni0WLWZ0-fTNJp8ljSN4aPuZ8bGCCgtTJCRvUCAwEAAaOCA-0wggPpMCcGCSsGAQQBgjcVCgQaMBgwCgYIKwYBBQUHAwEwCgYIKwYBBQUHAwIwPQYJKwYBBAGCNxUHBDAwLgYmKwYBBAGCNxUIhpDjDYTVtHiE8Ys-hZvdFs6dEoFggvX2K4Py0SACAWQCAQowggHLBggrBgEFBQcBAQSCAb0wggG5MGMGCCsGAQUFBzAChldodHRwOi8vY3JsLm1pY3Jvc29mdC5jb20vcGtpaW5mcmEvQ2VydHMvQ08xUEtJSU5UQ0EwMS5BTUUuR0JMX0FNRSUyMEluZnJhJTIwQ0ElMjAwNS5jcnQwUwYIKwYBBQUHMAKGR2h0dHA6Ly9jcmwxLmFtZS5nYmwvYWlhL0NPMVBLSUlOVENBMDEuQU1FLkdCTF9BTUUlMjBJbmZyYSUyMENBJTIwMDUuY3J0MFMGCCsGAQUFBzAChkdodHRwOi8vY3JsMi5hbWUuZ2JsL2FpYS9DTzFQS0lJTlRDQTAxLkFNRS5HQkxfQU1FJTIwSW5mcmElMjBDQSUyMDA1LmNydDBTBggrBgEFBQcwAoZHaHR0cDovL2NybDMuYW1lLmdibC9haWEvQ08xUEtJSU5UQ0EwMS5BTUUuR0JMX0FNRSUyMEluZnJhJTIwQ0ElMjAwNS5jcnQwUwYIKwYBBQUHMAKGR2h0dHA6Ly9jcmw0LmFtZS5nYmwvYWlhL0NPMVBLSUlOVENBMDEuQU1FLkdCTF9BTUUlMjBJbmZyYSUyMENBJTIwMDUuY3J0MB0GA1UdDgQWBBQM39B_5hlROZQL6bGUve6R9sEqYjAOBgNVHQ8BAf8EBAMCBaAwggEmBgNVHR8EggEdMIIBGTCCARWgggERoIIBDYY_aHR0cDovL2NybC5taWNyb3NvZnQuY29tL3BraWluZnJhL0NSTC9BTUUlMjBJbmZyYSUyMENBJTIwMDUuY3JshjFodHRwOi8vY3JsMS5hbWUuZ2JsL2NybC9BTUUlMjBJbmZyYSUyMENBJTIwMDUuY3JshjFodHRwOi8vY3JsMi5hbWUuZ2JsL2NybC9BTUUlMjBJbmZyYSUyMENBJTIwMDUuY3JshjFodHRwOi8vY3JsMy5hbWUuZ2JsL2NybC9BTUUlMjBJbmZyYSUyMENBJTIwMDUuY3JshjFodHRwOi8vY3JsNC5hbWUuZ2JsL2NybC9BTUUlMjBJbmZyYSUyMENBJTIwMDUuY3JsMBcGA1UdIAQQMA4wDAYKKwYBBAGCN3sBATAfBgNVHSMEGDAWgBR61hmFKHlscXYeYPjzS--iBUIWHTAdBgNVHSUEFjAUBggrBgEFBQcDAQYIKwYBBQUHAwIwDQYJKoZIhvcNAQELBQADggEBAHsDVo-ubSySZd4FYJJzcvbu2RGLublq8xgAoGl9Jn-5zXXh0d0dSo9sYUruEmf4m6a5fl_ihkPtuaUSEA4aJeVGYNi0_RmMj42eIYHcT0kJI6SBebjMe5w97pOyrwCIkFJZt8dzXH61xgR1pxP7AUNRta8UJiNW2LW-tHESqFYdM1vy7psJr8GPGmCFFEsKKXF_D8JPy5jZeSmOGUDpAnIkLv9WBH5bgZtY04MH65HnKcpK-ibSQVEW-vC28USN1K6LWTUQeRQqn5ab_o3xar4VAxQblzVUO1VQ36cAgi1-47UUOGtjs7rkAUhkxzxO7Rwr5oYNiy8UzunbFY0cZEM\u0026s=Rysav5FMREDkjRczjWsvmWnlQGdAIBlqTHReqVFeDvOYmrnunY_hNM-BznzLxy6HF4cks5My8NDjm8yX81qIheLHPbgnxQl6molGREFNpBOg3KiDcPMQTIfq6fKqpCQbHYJaywJ7OlM0nxKXFcWp8RO452YD9yvnmdcKbEiJhgXf388VLLHKJ7No3RqiRm19d_rBq_leFIqMnBHyPrkueoPMfy9dOYCYAIs7nn2ZOHL4YXkAHrWs9iB4n_WgnGxIzRs6qAzjeSuBOVAUzXNMpijuoaLva0siEYbxa-DeKjSF1qr2GzumFzWFt6CPNWPvZndpKDSUbLzaRxE-egsrWg\u0026h=MvwrgztkK1fKpQT-wDjWBJAnOSQWDGtdfZvwpjUgMyI",
        "Pragma": "no-cache",
        "Request-Context": "appId=cid-v1:0d872b79-fbba-4031-abaa-ef9aa3e0050d",
        "Strict-Transport-Security": "max-age=31536000; includeSubDomains",
        "X-Content-Type-Options": "nosniff",
        "x-ms-client-request-id": "187370abff657b54ff5e1bd51c7e1d4c",
        "x-ms-correlation-request-id": "69255b60-d4fd-4e98-8612-f2fbf390937c",
        "x-ms-providerhub-traffic": "True",
        "x-ms-ratelimit-remaining-subscription-writes": "1195",
        "x-ms-request-id": "890bb6e7-e1cc-4f9f-a5e1-38e63c372d49",
        "x-ms-routing-request-id": "SOUTHAFRICANORTH:20231123T080809Z:69255b60-d4fd-4e98-8612-f2fbf390937c"
      },
      "ResponseBody": {
        "id": "/subscriptions/1c835c29-68e9-40a7-8455-842925d04908/resourceGroups/Default-Nginx-2226/providers/Nginx.NginxPlus/nginxDeployments/testDeployment-382",
        "name": "testDeployment-382",
        "type": "nginx.nginxplus/nginxdeployments",
        "sku": {
          "name": "standard_Monthly"
        },
        "location": "westcentralus",
        "tags": {},
        "systemData": {
          "createdBy": "83e1fee6-9cf1-487c-afb2-b5822019b861",
          "createdByType": "Application",
          "createdAt": "2023-11-23T08:08:04.1762251Z",
          "lastModifiedBy": "83e1fee6-9cf1-487c-afb2-b5822019b861",
          "lastModifiedByType": "Application",
          "lastModifiedAt": "2023-11-23T08:08:04.1762251Z"
        },
        "identity": {
          "type": "UserAssigned",
          "userAssignedIdentities": {
            "/subscriptions/e3853e83-0d02-4fb3-b88f-05b5fd21aee2/resourcegroups/synthetics-integration-tests/providers/Microsoft.ManagedIdentity/userAssignedIdentities/integration-tests-mi": {
              "principalId": "9c8c1eab-1b64-4d95-bbba-04843012d190",
              "clientId": "cfcab166-335a-4af7-a61d-c7c07236688e"
            }
          }
        },
        "properties": {
          "provisioningState": "Accepted",
          "nginxVersion": null,
          "managedResourceGroup": null,
          "ipAddress": null,
          "networkProfile": {
            "frontEndIPConfiguration": {
              "publicIPAddresses": [
                {
                  "id": "/subscriptions/1c835c29-68e9-40a7-8455-842925d04908/resourceGroups/Default-Nginx-2226/providers/Microsoft.Network/publicIPAddresses/testPublicIP-467"
                }
              ]
            },
            "networkInterfaceConfiguration": {
              "subnetId": "/subscriptions/1c835c29-68e9-40a7-8455-842925d04908/resourceGroups/Default-Nginx-2226/providers/Microsoft.Network/virtualNetworks/testVNet-5664/subnets/testSubnet-5226"
            }
          },
          "enableDiagnosticsSupport": true,
          "logging": null,
          "scalingProperties": {
            "capacity": 10
          },
          "userProfile": {
            "preferredEmail": "test@mail.com"
          }
        }
      }
    },
    {
      "RequestUri": "https://management.azure.com/providers/Nginx.NginxPlus/locations/WESTCENTRALUS/operationStatuses/890bb6e7-e1cc-4f9f-a5e1-38e63c372d49*25715EDF537171D9F1654C2FCE3CDB14C28B019D589E220BA9051B066707DF49?api-version=2023-04-01\u0026t=638363236894418826\u0026c=MIIHADCCBeigAwIBAgITfAQLJaXGjL3sIjyx5QAABAslpTANBgkqhkiG9w0BAQsFADBEMRMwEQYKCZImiZPyLGQBGRYDR0JMMRMwEQYKCZImiZPyLGQBGRYDQU1FMRgwFgYDVQQDEw9BTUUgSW5mcmEgQ0EgMDUwHhcNMjMxMTAxMDUzNjA0WhcNMjQxMDI2MDUzNjA0WjBAMT4wPAYDVQQDEzVhc3luY29wZXJhdGlvbnNpZ25pbmdjZXJ0aWZpY2F0ZS5tYW5hZ2VtZW50LmF6dXJlLmNvbTCCASIwDQYJKoZIhvcNAQEBBQADggEPADCCAQoCggEBAOLHUO7dPGVIoruKLdzUNswYmek-Nljw_QxU2vLAMiVNqgHD_TDk8bAf1OzE0jMQ9YykRPzRz7TtZfN7cFjIs3D5mJLWvnug2wph85PUl0n6fMWhTHR1zCazHdfEcFCLsYctkDhhIcW0L7tSMU8rcXT9_y5SxiYVfFca-rWaJ6tpJpc2ixCWdfbW7OO0zEHxgMEOWDhmNZoA8knKo6OH0iW04aNo6HoJuUrvPwf5P6NlfROEd4DQOKF4gkUbzlaeCcVkwkS_ZNgQxTKBqZqY-Q9BQTvnnq1WKS1kicyyQbsSTCEq9qni0WLWZ0-fTNJp8ljSN4aPuZ8bGCCgtTJCRvUCAwEAAaOCA-0wggPpMCcGCSsGAQQBgjcVCgQaMBgwCgYIKwYBBQUHAwEwCgYIKwYBBQUHAwIwPQYJKwYBBAGCNxUHBDAwLgYmKwYBBAGCNxUIhpDjDYTVtHiE8Ys-hZvdFs6dEoFggvX2K4Py0SACAWQCAQowggHLBggrBgEFBQcBAQSCAb0wggG5MGMGCCsGAQUFBzAChldodHRwOi8vY3JsLm1pY3Jvc29mdC5jb20vcGtpaW5mcmEvQ2VydHMvQ08xUEtJSU5UQ0EwMS5BTUUuR0JMX0FNRSUyMEluZnJhJTIwQ0ElMjAwNS5jcnQwUwYIKwYBBQUHMAKGR2h0dHA6Ly9jcmwxLmFtZS5nYmwvYWlhL0NPMVBLSUlOVENBMDEuQU1FLkdCTF9BTUUlMjBJbmZyYSUyMENBJTIwMDUuY3J0MFMGCCsGAQUFBzAChkdodHRwOi8vY3JsMi5hbWUuZ2JsL2FpYS9DTzFQS0lJTlRDQTAxLkFNRS5HQkxfQU1FJTIwSW5mcmElMjBDQSUyMDA1LmNydDBTBggrBgEFBQcwAoZHaHR0cDovL2NybDMuYW1lLmdibC9haWEvQ08xUEtJSU5UQ0EwMS5BTUUuR0JMX0FNRSUyMEluZnJhJTIwQ0ElMjAwNS5jcnQwUwYIKwYBBQUHMAKGR2h0dHA6Ly9jcmw0LmFtZS5nYmwvYWlhL0NPMVBLSUlOVENBMDEuQU1FLkdCTF9BTUUlMjBJbmZyYSUyMENBJTIwMDUuY3J0MB0GA1UdDgQWBBQM39B_5hlROZQL6bGUve6R9sEqYjAOBgNVHQ8BAf8EBAMCBaAwggEmBgNVHR8EggEdMIIBGTCCARWgggERoIIBDYY_aHR0cDovL2NybC5taWNyb3NvZnQuY29tL3BraWluZnJhL0NSTC9BTUUlMjBJbmZyYSUyMENBJTIwMDUuY3JshjFodHRwOi8vY3JsMS5hbWUuZ2JsL2NybC9BTUUlMjBJbmZyYSUyMENBJTIwMDUuY3JshjFodHRwOi8vY3JsMi5hbWUuZ2JsL2NybC9BTUUlMjBJbmZyYSUyMENBJTIwMDUuY3JshjFodHRwOi8vY3JsMy5hbWUuZ2JsL2NybC9BTUUlMjBJbmZyYSUyMENBJTIwMDUuY3JshjFodHRwOi8vY3JsNC5hbWUuZ2JsL2NybC9BTUUlMjBJbmZyYSUyMENBJTIwMDUuY3JsMBcGA1UdIAQQMA4wDAYKKwYBBAGCN3sBATAfBgNVHSMEGDAWgBR61hmFKHlscXYeYPjzS--iBUIWHTAdBgNVHSUEFjAUBggrBgEFBQcDAQYIKwYBBQUHAwIwDQYJKoZIhvcNAQELBQADggEBAHsDVo-ubSySZd4FYJJzcvbu2RGLublq8xgAoGl9Jn-5zXXh0d0dSo9sYUruEmf4m6a5fl_ihkPtuaUSEA4aJeVGYNi0_RmMj42eIYHcT0kJI6SBebjMe5w97pOyrwCIkFJZt8dzXH61xgR1pxP7AUNRta8UJiNW2LW-tHESqFYdM1vy7psJr8GPGmCFFEsKKXF_D8JPy5jZeSmOGUDpAnIkLv9WBH5bgZtY04MH65HnKcpK-ibSQVEW-vC28USN1K6LWTUQeRQqn5ab_o3xar4VAxQblzVUO1VQ36cAgi1-47UUOGtjs7rkAUhkxzxO7Rwr5oYNiy8UzunbFY0cZEM\u0026s=Rysav5FMREDkjRczjWsvmWnlQGdAIBlqTHReqVFeDvOYmrnunY_hNM-BznzLxy6HF4cks5My8NDjm8yX81qIheLHPbgnxQl6molGREFNpBOg3KiDcPMQTIfq6fKqpCQbHYJaywJ7OlM0nxKXFcWp8RO452YD9yvnmdcKbEiJhgXf388VLLHKJ7No3RqiRm19d_rBq_leFIqMnBHyPrkueoPMfy9dOYCYAIs7nn2ZOHL4YXkAHrWs9iB4n_WgnGxIzRs6qAzjeSuBOVAUzXNMpijuoaLva0siEYbxa-DeKjSF1qr2GzumFzWFt6CPNWPvZndpKDSUbLzaRxE-egsrWg\u0026h=MvwrgztkK1fKpQT-wDjWBJAnOSQWDGtdfZvwpjUgMyI",
      "RequestMethod": "GET",
      "RequestHeaders": {
        "Authorization": "Sanitized",
        "traceparent": "00-8b12cb6a0f0697fdd1bdaebf8638c8cc-56810e9d22295508-00",
        "User-Agent": "azsdk-net-ResourceManager/1.9.0 (.NET 7.0.14; Microsoft Windows 10.0.22635)",
        "x-ms-client-request-id": "0f5ac2353428fc31ea8e7c65b2250845",
        "x-ms-return-client-request-id": "true"
      },
      "RequestBody": null,
      "StatusCode": 200,
      "ResponseHeaders": {
        "Cache-Control": "no-cache",
        "Content-Length": "516",
        "Content-Type": "application/json; charset=utf-8",
        "Date": "Thu, 23 Nov 2023 08:08:09 GMT",
        "ETag": "\u0022f601d295-0000-0600-0000-655f08680000\u0022",
        "Expires": "-1",
        "Pragma": "no-cache",
        "Strict-Transport-Security": "max-age=31536000; includeSubDomains",
        "X-Content-Type-Options": "nosniff",
        "x-ms-client-request-id": "0f5ac2353428fc31ea8e7c65b2250845",
        "x-ms-correlation-request-id": "3449d6e4-f7c5-4eb2-a1f5-72f7325e387a",
        "x-ms-ratelimit-remaining-tenant-reads": "11999",
        "x-ms-request-id": "a7590173-8163-4379-9f71-f53084ad035f",
        "x-ms-routing-request-id": "SOUTHAFRICANORTH:20231123T080809Z:3449d6e4-f7c5-4eb2-a1f5-72f7325e387a"
      },
      "ResponseBody": {
        "id": "/providers/Nginx.NginxPlus/locations/WESTCENTRALUS/operationStatuses/890bb6e7-e1cc-4f9f-a5e1-38e63c372d49*25715EDF537171D9F1654C2FCE3CDB14C28B019D589E220BA9051B066707DF49",
        "name": "890bb6e7-e1cc-4f9f-a5e1-38e63c372d49*25715EDF537171D9F1654C2FCE3CDB14C28B019D589E220BA9051B066707DF49",
        "resourceId": "/subscriptions/1c835c29-68e9-40a7-8455-842925d04908/resourceGroups/Default-Nginx-2226/providers/Nginx.NginxPlus/nginxDeployments/testDeployment-382",
        "status": "Accepted",
        "startTime": "2023-11-23T08:08:07.9984996Z"
      }
    },
    {
      "RequestUri": "https://management.azure.com/providers/Nginx.NginxPlus/locations/WESTCENTRALUS/operationStatuses/890bb6e7-e1cc-4f9f-a5e1-38e63c372d49*25715EDF537171D9F1654C2FCE3CDB14C28B019D589E220BA9051B066707DF49?api-version=2023-04-01\u0026t=638363236894418826\u0026c=MIIHADCCBeigAwIBAgITfAQLJaXGjL3sIjyx5QAABAslpTANBgkqhkiG9w0BAQsFADBEMRMwEQYKCZImiZPyLGQBGRYDR0JMMRMwEQYKCZImiZPyLGQBGRYDQU1FMRgwFgYDVQQDEw9BTUUgSW5mcmEgQ0EgMDUwHhcNMjMxMTAxMDUzNjA0WhcNMjQxMDI2MDUzNjA0WjBAMT4wPAYDVQQDEzVhc3luY29wZXJhdGlvbnNpZ25pbmdjZXJ0aWZpY2F0ZS5tYW5hZ2VtZW50LmF6dXJlLmNvbTCCASIwDQYJKoZIhvcNAQEBBQADggEPADCCAQoCggEBAOLHUO7dPGVIoruKLdzUNswYmek-Nljw_QxU2vLAMiVNqgHD_TDk8bAf1OzE0jMQ9YykRPzRz7TtZfN7cFjIs3D5mJLWvnug2wph85PUl0n6fMWhTHR1zCazHdfEcFCLsYctkDhhIcW0L7tSMU8rcXT9_y5SxiYVfFca-rWaJ6tpJpc2ixCWdfbW7OO0zEHxgMEOWDhmNZoA8knKo6OH0iW04aNo6HoJuUrvPwf5P6NlfROEd4DQOKF4gkUbzlaeCcVkwkS_ZNgQxTKBqZqY-Q9BQTvnnq1WKS1kicyyQbsSTCEq9qni0WLWZ0-fTNJp8ljSN4aPuZ8bGCCgtTJCRvUCAwEAAaOCA-0wggPpMCcGCSsGAQQBgjcVCgQaMBgwCgYIKwYBBQUHAwEwCgYIKwYBBQUHAwIwPQYJKwYBBAGCNxUHBDAwLgYmKwYBBAGCNxUIhpDjDYTVtHiE8Ys-hZvdFs6dEoFggvX2K4Py0SACAWQCAQowggHLBggrBgEFBQcBAQSCAb0wggG5MGMGCCsGAQUFBzAChldodHRwOi8vY3JsLm1pY3Jvc29mdC5jb20vcGtpaW5mcmEvQ2VydHMvQ08xUEtJSU5UQ0EwMS5BTUUuR0JMX0FNRSUyMEluZnJhJTIwQ0ElMjAwNS5jcnQwUwYIKwYBBQUHMAKGR2h0dHA6Ly9jcmwxLmFtZS5nYmwvYWlhL0NPMVBLSUlOVENBMDEuQU1FLkdCTF9BTUUlMjBJbmZyYSUyMENBJTIwMDUuY3J0MFMGCCsGAQUFBzAChkdodHRwOi8vY3JsMi5hbWUuZ2JsL2FpYS9DTzFQS0lJTlRDQTAxLkFNRS5HQkxfQU1FJTIwSW5mcmElMjBDQSUyMDA1LmNydDBTBggrBgEFBQcwAoZHaHR0cDovL2NybDMuYW1lLmdibC9haWEvQ08xUEtJSU5UQ0EwMS5BTUUuR0JMX0FNRSUyMEluZnJhJTIwQ0ElMjAwNS5jcnQwUwYIKwYBBQUHMAKGR2h0dHA6Ly9jcmw0LmFtZS5nYmwvYWlhL0NPMVBLSUlOVENBMDEuQU1FLkdCTF9BTUUlMjBJbmZyYSUyMENBJTIwMDUuY3J0MB0GA1UdDgQWBBQM39B_5hlROZQL6bGUve6R9sEqYjAOBgNVHQ8BAf8EBAMCBaAwggEmBgNVHR8EggEdMIIBGTCCARWgggERoIIBDYY_aHR0cDovL2NybC5taWNyb3NvZnQuY29tL3BraWluZnJhL0NSTC9BTUUlMjBJbmZyYSUyMENBJTIwMDUuY3JshjFodHRwOi8vY3JsMS5hbWUuZ2JsL2NybC9BTUUlMjBJbmZyYSUyMENBJTIwMDUuY3JshjFodHRwOi8vY3JsMi5hbWUuZ2JsL2NybC9BTUUlMjBJbmZyYSUyMENBJTIwMDUuY3JshjFodHRwOi8vY3JsMy5hbWUuZ2JsL2NybC9BTUUlMjBJbmZyYSUyMENBJTIwMDUuY3JshjFodHRwOi8vY3JsNC5hbWUuZ2JsL2NybC9BTUUlMjBJbmZyYSUyMENBJTIwMDUuY3JsMBcGA1UdIAQQMA4wDAYKKwYBBAGCN3sBATAfBgNVHSMEGDAWgBR61hmFKHlscXYeYPjzS--iBUIWHTAdBgNVHSUEFjAUBggrBgEFBQcDAQYIKwYBBQUHAwIwDQYJKoZIhvcNAQELBQADggEBAHsDVo-ubSySZd4FYJJzcvbu2RGLublq8xgAoGl9Jn-5zXXh0d0dSo9sYUruEmf4m6a5fl_ihkPtuaUSEA4aJeVGYNi0_RmMj42eIYHcT0kJI6SBebjMe5w97pOyrwCIkFJZt8dzXH61xgR1pxP7AUNRta8UJiNW2LW-tHESqFYdM1vy7psJr8GPGmCFFEsKKXF_D8JPy5jZeSmOGUDpAnIkLv9WBH5bgZtY04MH65HnKcpK-ibSQVEW-vC28USN1K6LWTUQeRQqn5ab_o3xar4VAxQblzVUO1VQ36cAgi1-47UUOGtjs7rkAUhkxzxO7Rwr5oYNiy8UzunbFY0cZEM\u0026s=Rysav5FMREDkjRczjWsvmWnlQGdAIBlqTHReqVFeDvOYmrnunY_hNM-BznzLxy6HF4cks5My8NDjm8yX81qIheLHPbgnxQl6molGREFNpBOg3KiDcPMQTIfq6fKqpCQbHYJaywJ7OlM0nxKXFcWp8RO452YD9yvnmdcKbEiJhgXf388VLLHKJ7No3RqiRm19d_rBq_leFIqMnBHyPrkueoPMfy9dOYCYAIs7nn2ZOHL4YXkAHrWs9iB4n_WgnGxIzRs6qAzjeSuBOVAUzXNMpijuoaLva0siEYbxa-DeKjSF1qr2GzumFzWFt6CPNWPvZndpKDSUbLzaRxE-egsrWg\u0026h=MvwrgztkK1fKpQT-wDjWBJAnOSQWDGtdfZvwpjUgMyI",
      "RequestMethod": "GET",
      "RequestHeaders": {
        "Authorization": "Sanitized",
        "traceparent": "00-8b12cb6a0f0697fdd1bdaebf8638c8cc-5f7247ef0fd85500-00",
        "User-Agent": "azsdk-net-ResourceManager/1.9.0 (.NET 7.0.14; Microsoft Windows 10.0.22635)",
        "x-ms-client-request-id": "9f0f4349db45fd6bc3b2eed002bb0308",
        "x-ms-return-client-request-id": "true"
      },
      "RequestBody": null,
      "StatusCode": 200,
      "ResponseHeaders": {
        "Cache-Control": "no-cache",
        "Content-Length": "516",
        "Content-Type": "application/json; charset=utf-8",
        "Date": "Thu, 23 Nov 2023 08:08:11 GMT",
        "ETag": "\u0022f601d295-0000-0600-0000-655f08680000\u0022",
        "Expires": "-1",
        "Pragma": "no-cache",
        "Strict-Transport-Security": "max-age=31536000; includeSubDomains",
        "X-Content-Type-Options": "nosniff",
        "x-ms-client-request-id": "9f0f4349db45fd6bc3b2eed002bb0308",
        "x-ms-correlation-request-id": "7fa3bcae-fc54-435f-ba3e-00dd71eb357c",
        "x-ms-ratelimit-remaining-tenant-reads": "11998",
        "x-ms-request-id": "24d3524d-a4e6-4234-b308-f24139daa03d",
        "x-ms-routing-request-id": "SOUTHAFRICANORTH:20231123T080811Z:7fa3bcae-fc54-435f-ba3e-00dd71eb357c"
      },
      "ResponseBody": {
        "id": "/providers/Nginx.NginxPlus/locations/WESTCENTRALUS/operationStatuses/890bb6e7-e1cc-4f9f-a5e1-38e63c372d49*25715EDF537171D9F1654C2FCE3CDB14C28B019D589E220BA9051B066707DF49",
        "name": "890bb6e7-e1cc-4f9f-a5e1-38e63c372d49*25715EDF537171D9F1654C2FCE3CDB14C28B019D589E220BA9051B066707DF49",
        "resourceId": "/subscriptions/1c835c29-68e9-40a7-8455-842925d04908/resourceGroups/Default-Nginx-2226/providers/Nginx.NginxPlus/nginxDeployments/testDeployment-382",
        "status": "Accepted",
        "startTime": "2023-11-23T08:08:07.9984996Z"
      }
    },
    {
      "RequestUri": "https://management.azure.com/providers/Nginx.NginxPlus/locations/WESTCENTRALUS/operationStatuses/890bb6e7-e1cc-4f9f-a5e1-38e63c372d49*25715EDF537171D9F1654C2FCE3CDB14C28B019D589E220BA9051B066707DF49?api-version=2023-04-01\u0026t=638363236894418826\u0026c=MIIHADCCBeigAwIBAgITfAQLJaXGjL3sIjyx5QAABAslpTANBgkqhkiG9w0BAQsFADBEMRMwEQYKCZImiZPyLGQBGRYDR0JMMRMwEQYKCZImiZPyLGQBGRYDQU1FMRgwFgYDVQQDEw9BTUUgSW5mcmEgQ0EgMDUwHhcNMjMxMTAxMDUzNjA0WhcNMjQxMDI2MDUzNjA0WjBAMT4wPAYDVQQDEzVhc3luY29wZXJhdGlvbnNpZ25pbmdjZXJ0aWZpY2F0ZS5tYW5hZ2VtZW50LmF6dXJlLmNvbTCCASIwDQYJKoZIhvcNAQEBBQADggEPADCCAQoCggEBAOLHUO7dPGVIoruKLdzUNswYmek-Nljw_QxU2vLAMiVNqgHD_TDk8bAf1OzE0jMQ9YykRPzRz7TtZfN7cFjIs3D5mJLWvnug2wph85PUl0n6fMWhTHR1zCazHdfEcFCLsYctkDhhIcW0L7tSMU8rcXT9_y5SxiYVfFca-rWaJ6tpJpc2ixCWdfbW7OO0zEHxgMEOWDhmNZoA8knKo6OH0iW04aNo6HoJuUrvPwf5P6NlfROEd4DQOKF4gkUbzlaeCcVkwkS_ZNgQxTKBqZqY-Q9BQTvnnq1WKS1kicyyQbsSTCEq9qni0WLWZ0-fTNJp8ljSN4aPuZ8bGCCgtTJCRvUCAwEAAaOCA-0wggPpMCcGCSsGAQQBgjcVCgQaMBgwCgYIKwYBBQUHAwEwCgYIKwYBBQUHAwIwPQYJKwYBBAGCNxUHBDAwLgYmKwYBBAGCNxUIhpDjDYTVtHiE8Ys-hZvdFs6dEoFggvX2K4Py0SACAWQCAQowggHLBggrBgEFBQcBAQSCAb0wggG5MGMGCCsGAQUFBzAChldodHRwOi8vY3JsLm1pY3Jvc29mdC5jb20vcGtpaW5mcmEvQ2VydHMvQ08xUEtJSU5UQ0EwMS5BTUUuR0JMX0FNRSUyMEluZnJhJTIwQ0ElMjAwNS5jcnQwUwYIKwYBBQUHMAKGR2h0dHA6Ly9jcmwxLmFtZS5nYmwvYWlhL0NPMVBLSUlOVENBMDEuQU1FLkdCTF9BTUUlMjBJbmZyYSUyMENBJTIwMDUuY3J0MFMGCCsGAQUFBzAChkdodHRwOi8vY3JsMi5hbWUuZ2JsL2FpYS9DTzFQS0lJTlRDQTAxLkFNRS5HQkxfQU1FJTIwSW5mcmElMjBDQSUyMDA1LmNydDBTBggrBgEFBQcwAoZHaHR0cDovL2NybDMuYW1lLmdibC9haWEvQ08xUEtJSU5UQ0EwMS5BTUUuR0JMX0FNRSUyMEluZnJhJTIwQ0ElMjAwNS5jcnQwUwYIKwYBBQUHMAKGR2h0dHA6Ly9jcmw0LmFtZS5nYmwvYWlhL0NPMVBLSUlOVENBMDEuQU1FLkdCTF9BTUUlMjBJbmZyYSUyMENBJTIwMDUuY3J0MB0GA1UdDgQWBBQM39B_5hlROZQL6bGUve6R9sEqYjAOBgNVHQ8BAf8EBAMCBaAwggEmBgNVHR8EggEdMIIBGTCCARWgggERoIIBDYY_aHR0cDovL2NybC5taWNyb3NvZnQuY29tL3BraWluZnJhL0NSTC9BTUUlMjBJbmZyYSUyMENBJTIwMDUuY3JshjFodHRwOi8vY3JsMS5hbWUuZ2JsL2NybC9BTUUlMjBJbmZyYSUyMENBJTIwMDUuY3JshjFodHRwOi8vY3JsMi5hbWUuZ2JsL2NybC9BTUUlMjBJbmZyYSUyMENBJTIwMDUuY3JshjFodHRwOi8vY3JsMy5hbWUuZ2JsL2NybC9BTUUlMjBJbmZyYSUyMENBJTIwMDUuY3JshjFodHRwOi8vY3JsNC5hbWUuZ2JsL2NybC9BTUUlMjBJbmZyYSUyMENBJTIwMDUuY3JsMBcGA1UdIAQQMA4wDAYKKwYBBAGCN3sBATAfBgNVHSMEGDAWgBR61hmFKHlscXYeYPjzS--iBUIWHTAdBgNVHSUEFjAUBggrBgEFBQcDAQYIKwYBBQUHAwIwDQYJKoZIhvcNAQELBQADggEBAHsDVo-ubSySZd4FYJJzcvbu2RGLublq8xgAoGl9Jn-5zXXh0d0dSo9sYUruEmf4m6a5fl_ihkPtuaUSEA4aJeVGYNi0_RmMj42eIYHcT0kJI6SBebjMe5w97pOyrwCIkFJZt8dzXH61xgR1pxP7AUNRta8UJiNW2LW-tHESqFYdM1vy7psJr8GPGmCFFEsKKXF_D8JPy5jZeSmOGUDpAnIkLv9WBH5bgZtY04MH65HnKcpK-ibSQVEW-vC28USN1K6LWTUQeRQqn5ab_o3xar4VAxQblzVUO1VQ36cAgi1-47UUOGtjs7rkAUhkxzxO7Rwr5oYNiy8UzunbFY0cZEM\u0026s=Rysav5FMREDkjRczjWsvmWnlQGdAIBlqTHReqVFeDvOYmrnunY_hNM-BznzLxy6HF4cks5My8NDjm8yX81qIheLHPbgnxQl6molGREFNpBOg3KiDcPMQTIfq6fKqpCQbHYJaywJ7OlM0nxKXFcWp8RO452YD9yvnmdcKbEiJhgXf388VLLHKJ7No3RqiRm19d_rBq_leFIqMnBHyPrkueoPMfy9dOYCYAIs7nn2ZOHL4YXkAHrWs9iB4n_WgnGxIzRs6qAzjeSuBOVAUzXNMpijuoaLva0siEYbxa-DeKjSF1qr2GzumFzWFt6CPNWPvZndpKDSUbLzaRxE-egsrWg\u0026h=MvwrgztkK1fKpQT-wDjWBJAnOSQWDGtdfZvwpjUgMyI",
      "RequestMethod": "GET",
      "RequestHeaders": {
        "Authorization": "Sanitized",
        "traceparent": "00-8b12cb6a0f0697fdd1bdaebf8638c8cc-2404e06480c0b3ad-00",
        "User-Agent": "azsdk-net-ResourceManager/1.9.0 (.NET 7.0.14; Microsoft Windows 10.0.22635)",
        "x-ms-client-request-id": "5a9fb2e10e238523531d0bf932470e04",
        "x-ms-return-client-request-id": "true"
      },
      "RequestBody": null,
      "StatusCode": 200,
      "ResponseHeaders": {
        "Cache-Control": "no-cache",
        "Content-Length": "516",
        "Content-Type": "application/json; charset=utf-8",
        "Date": "Thu, 23 Nov 2023 08:08:12 GMT",
        "ETag": "\u0022f601d295-0000-0600-0000-655f08680000\u0022",
        "Expires": "-1",
        "Pragma": "no-cache",
        "Strict-Transport-Security": "max-age=31536000; includeSubDomains",
        "X-Content-Type-Options": "nosniff",
        "x-ms-client-request-id": "5a9fb2e10e238523531d0bf932470e04",
        "x-ms-correlation-request-id": "6eb66106-6a37-46a0-bf5b-fc2be237d521",
        "x-ms-ratelimit-remaining-tenant-reads": "11997",
        "x-ms-request-id": "64f2d908-8b6f-4e89-b4e4-f1105d01a21d",
        "x-ms-routing-request-id": "SOUTHAFRICANORTH:20231123T080812Z:6eb66106-6a37-46a0-bf5b-fc2be237d521"
      },
      "ResponseBody": {
        "id": "/providers/Nginx.NginxPlus/locations/WESTCENTRALUS/operationStatuses/890bb6e7-e1cc-4f9f-a5e1-38e63c372d49*25715EDF537171D9F1654C2FCE3CDB14C28B019D589E220BA9051B066707DF49",
        "name": "890bb6e7-e1cc-4f9f-a5e1-38e63c372d49*25715EDF537171D9F1654C2FCE3CDB14C28B019D589E220BA9051B066707DF49",
        "resourceId": "/subscriptions/1c835c29-68e9-40a7-8455-842925d04908/resourceGroups/Default-Nginx-2226/providers/Nginx.NginxPlus/nginxDeployments/testDeployment-382",
        "status": "Accepted",
        "startTime": "2023-11-23T08:08:07.9984996Z"
      }
    },
    {
      "RequestUri": "https://management.azure.com/providers/Nginx.NginxPlus/locations/WESTCENTRALUS/operationStatuses/890bb6e7-e1cc-4f9f-a5e1-38e63c372d49*25715EDF537171D9F1654C2FCE3CDB14C28B019D589E220BA9051B066707DF49?api-version=2023-04-01\u0026t=638363236894418826\u0026c=MIIHADCCBeigAwIBAgITfAQLJaXGjL3sIjyx5QAABAslpTANBgkqhkiG9w0BAQsFADBEMRMwEQYKCZImiZPyLGQBGRYDR0JMMRMwEQYKCZImiZPyLGQBGRYDQU1FMRgwFgYDVQQDEw9BTUUgSW5mcmEgQ0EgMDUwHhcNMjMxMTAxMDUzNjA0WhcNMjQxMDI2MDUzNjA0WjBAMT4wPAYDVQQDEzVhc3luY29wZXJhdGlvbnNpZ25pbmdjZXJ0aWZpY2F0ZS5tYW5hZ2VtZW50LmF6dXJlLmNvbTCCASIwDQYJKoZIhvcNAQEBBQADggEPADCCAQoCggEBAOLHUO7dPGVIoruKLdzUNswYmek-Nljw_QxU2vLAMiVNqgHD_TDk8bAf1OzE0jMQ9YykRPzRz7TtZfN7cFjIs3D5mJLWvnug2wph85PUl0n6fMWhTHR1zCazHdfEcFCLsYctkDhhIcW0L7tSMU8rcXT9_y5SxiYVfFca-rWaJ6tpJpc2ixCWdfbW7OO0zEHxgMEOWDhmNZoA8knKo6OH0iW04aNo6HoJuUrvPwf5P6NlfROEd4DQOKF4gkUbzlaeCcVkwkS_ZNgQxTKBqZqY-Q9BQTvnnq1WKS1kicyyQbsSTCEq9qni0WLWZ0-fTNJp8ljSN4aPuZ8bGCCgtTJCRvUCAwEAAaOCA-0wggPpMCcGCSsGAQQBgjcVCgQaMBgwCgYIKwYBBQUHAwEwCgYIKwYBBQUHAwIwPQYJKwYBBAGCNxUHBDAwLgYmKwYBBAGCNxUIhpDjDYTVtHiE8Ys-hZvdFs6dEoFggvX2K4Py0SACAWQCAQowggHLBggrBgEFBQcBAQSCAb0wggG5MGMGCCsGAQUFBzAChldodHRwOi8vY3JsLm1pY3Jvc29mdC5jb20vcGtpaW5mcmEvQ2VydHMvQ08xUEtJSU5UQ0EwMS5BTUUuR0JMX0FNRSUyMEluZnJhJTIwQ0ElMjAwNS5jcnQwUwYIKwYBBQUHMAKGR2h0dHA6Ly9jcmwxLmFtZS5nYmwvYWlhL0NPMVBLSUlOVENBMDEuQU1FLkdCTF9BTUUlMjBJbmZyYSUyMENBJTIwMDUuY3J0MFMGCCsGAQUFBzAChkdodHRwOi8vY3JsMi5hbWUuZ2JsL2FpYS9DTzFQS0lJTlRDQTAxLkFNRS5HQkxfQU1FJTIwSW5mcmElMjBDQSUyMDA1LmNydDBTBggrBgEFBQcwAoZHaHR0cDovL2NybDMuYW1lLmdibC9haWEvQ08xUEtJSU5UQ0EwMS5BTUUuR0JMX0FNRSUyMEluZnJhJTIwQ0ElMjAwNS5jcnQwUwYIKwYBBQUHMAKGR2h0dHA6Ly9jcmw0LmFtZS5nYmwvYWlhL0NPMVBLSUlOVENBMDEuQU1FLkdCTF9BTUUlMjBJbmZyYSUyMENBJTIwMDUuY3J0MB0GA1UdDgQWBBQM39B_5hlROZQL6bGUve6R9sEqYjAOBgNVHQ8BAf8EBAMCBaAwggEmBgNVHR8EggEdMIIBGTCCARWgggERoIIBDYY_aHR0cDovL2NybC5taWNyb3NvZnQuY29tL3BraWluZnJhL0NSTC9BTUUlMjBJbmZyYSUyMENBJTIwMDUuY3JshjFodHRwOi8vY3JsMS5hbWUuZ2JsL2NybC9BTUUlMjBJbmZyYSUyMENBJTIwMDUuY3JshjFodHRwOi8vY3JsMi5hbWUuZ2JsL2NybC9BTUUlMjBJbmZyYSUyMENBJTIwMDUuY3JshjFodHRwOi8vY3JsMy5hbWUuZ2JsL2NybC9BTUUlMjBJbmZyYSUyMENBJTIwMDUuY3JshjFodHRwOi8vY3JsNC5hbWUuZ2JsL2NybC9BTUUlMjBJbmZyYSUyMENBJTIwMDUuY3JsMBcGA1UdIAQQMA4wDAYKKwYBBAGCN3sBATAfBgNVHSMEGDAWgBR61hmFKHlscXYeYPjzS--iBUIWHTAdBgNVHSUEFjAUBggrBgEFBQcDAQYIKwYBBQUHAwIwDQYJKoZIhvcNAQELBQADggEBAHsDVo-ubSySZd4FYJJzcvbu2RGLublq8xgAoGl9Jn-5zXXh0d0dSo9sYUruEmf4m6a5fl_ihkPtuaUSEA4aJeVGYNi0_RmMj42eIYHcT0kJI6SBebjMe5w97pOyrwCIkFJZt8dzXH61xgR1pxP7AUNRta8UJiNW2LW-tHESqFYdM1vy7psJr8GPGmCFFEsKKXF_D8JPy5jZeSmOGUDpAnIkLv9WBH5bgZtY04MH65HnKcpK-ibSQVEW-vC28USN1K6LWTUQeRQqn5ab_o3xar4VAxQblzVUO1VQ36cAgi1-47UUOGtjs7rkAUhkxzxO7Rwr5oYNiy8UzunbFY0cZEM\u0026s=Rysav5FMREDkjRczjWsvmWnlQGdAIBlqTHReqVFeDvOYmrnunY_hNM-BznzLxy6HF4cks5My8NDjm8yX81qIheLHPbgnxQl6molGREFNpBOg3KiDcPMQTIfq6fKqpCQbHYJaywJ7OlM0nxKXFcWp8RO452YD9yvnmdcKbEiJhgXf388VLLHKJ7No3RqiRm19d_rBq_leFIqMnBHyPrkueoPMfy9dOYCYAIs7nn2ZOHL4YXkAHrWs9iB4n_WgnGxIzRs6qAzjeSuBOVAUzXNMpijuoaLva0siEYbxa-DeKjSF1qr2GzumFzWFt6CPNWPvZndpKDSUbLzaRxE-egsrWg\u0026h=MvwrgztkK1fKpQT-wDjWBJAnOSQWDGtdfZvwpjUgMyI",
      "RequestMethod": "GET",
      "RequestHeaders": {
        "Authorization": "Sanitized",
        "traceparent": "00-8b12cb6a0f0697fdd1bdaebf8638c8cc-8d3b492e1533c52f-00",
        "User-Agent": "azsdk-net-ResourceManager/1.9.0 (.NET 7.0.14; Microsoft Windows 10.0.22635)",
        "x-ms-client-request-id": "344fb78cdce75a22565d4b764661fa2e",
        "x-ms-return-client-request-id": "true"
      },
      "RequestBody": null,
      "StatusCode": 200,
      "ResponseHeaders": {
        "Cache-Control": "no-cache",
        "Content-Length": "516",
        "Content-Type": "application/json; charset=utf-8",
        "Date": "Thu, 23 Nov 2023 08:08:14 GMT",
        "ETag": "\u0022f601d295-0000-0600-0000-655f08680000\u0022",
        "Expires": "-1",
        "Pragma": "no-cache",
        "Strict-Transport-Security": "max-age=31536000; includeSubDomains",
        "X-Content-Type-Options": "nosniff",
        "x-ms-client-request-id": "344fb78cdce75a22565d4b764661fa2e",
        "x-ms-correlation-request-id": "7e8fd76b-09e9-429a-9187-b03a90a486c5",
        "x-ms-ratelimit-remaining-tenant-reads": "11996",
        "x-ms-request-id": "749aa808-cee7-494c-a554-8b733d641a74",
        "x-ms-routing-request-id": "SOUTHAFRICANORTH:20231123T080814Z:7e8fd76b-09e9-429a-9187-b03a90a486c5"
      },
      "ResponseBody": {
        "id": "/providers/Nginx.NginxPlus/locations/WESTCENTRALUS/operationStatuses/890bb6e7-e1cc-4f9f-a5e1-38e63c372d49*25715EDF537171D9F1654C2FCE3CDB14C28B019D589E220BA9051B066707DF49",
        "name": "890bb6e7-e1cc-4f9f-a5e1-38e63c372d49*25715EDF537171D9F1654C2FCE3CDB14C28B019D589E220BA9051B066707DF49",
        "resourceId": "/subscriptions/1c835c29-68e9-40a7-8455-842925d04908/resourceGroups/Default-Nginx-2226/providers/Nginx.NginxPlus/nginxDeployments/testDeployment-382",
        "status": "Accepted",
        "startTime": "2023-11-23T08:08:07.9984996Z"
      }
    },
    {
      "RequestUri": "https://management.azure.com/providers/Nginx.NginxPlus/locations/WESTCENTRALUS/operationStatuses/890bb6e7-e1cc-4f9f-a5e1-38e63c372d49*25715EDF537171D9F1654C2FCE3CDB14C28B019D589E220BA9051B066707DF49?api-version=2023-04-01\u0026t=638363236894418826\u0026c=MIIHADCCBeigAwIBAgITfAQLJaXGjL3sIjyx5QAABAslpTANBgkqhkiG9w0BAQsFADBEMRMwEQYKCZImiZPyLGQBGRYDR0JMMRMwEQYKCZImiZPyLGQBGRYDQU1FMRgwFgYDVQQDEw9BTUUgSW5mcmEgQ0EgMDUwHhcNMjMxMTAxMDUzNjA0WhcNMjQxMDI2MDUzNjA0WjBAMT4wPAYDVQQDEzVhc3luY29wZXJhdGlvbnNpZ25pbmdjZXJ0aWZpY2F0ZS5tYW5hZ2VtZW50LmF6dXJlLmNvbTCCASIwDQYJKoZIhvcNAQEBBQADggEPADCCAQoCggEBAOLHUO7dPGVIoruKLdzUNswYmek-Nljw_QxU2vLAMiVNqgHD_TDk8bAf1OzE0jMQ9YykRPzRz7TtZfN7cFjIs3D5mJLWvnug2wph85PUl0n6fMWhTHR1zCazHdfEcFCLsYctkDhhIcW0L7tSMU8rcXT9_y5SxiYVfFca-rWaJ6tpJpc2ixCWdfbW7OO0zEHxgMEOWDhmNZoA8knKo6OH0iW04aNo6HoJuUrvPwf5P6NlfROEd4DQOKF4gkUbzlaeCcVkwkS_ZNgQxTKBqZqY-Q9BQTvnnq1WKS1kicyyQbsSTCEq9qni0WLWZ0-fTNJp8ljSN4aPuZ8bGCCgtTJCRvUCAwEAAaOCA-0wggPpMCcGCSsGAQQBgjcVCgQaMBgwCgYIKwYBBQUHAwEwCgYIKwYBBQUHAwIwPQYJKwYBBAGCNxUHBDAwLgYmKwYBBAGCNxUIhpDjDYTVtHiE8Ys-hZvdFs6dEoFggvX2K4Py0SACAWQCAQowggHLBggrBgEFBQcBAQSCAb0wggG5MGMGCCsGAQUFBzAChldodHRwOi8vY3JsLm1pY3Jvc29mdC5jb20vcGtpaW5mcmEvQ2VydHMvQ08xUEtJSU5UQ0EwMS5BTUUuR0JMX0FNRSUyMEluZnJhJTIwQ0ElMjAwNS5jcnQwUwYIKwYBBQUHMAKGR2h0dHA6Ly9jcmwxLmFtZS5nYmwvYWlhL0NPMVBLSUlOVENBMDEuQU1FLkdCTF9BTUUlMjBJbmZyYSUyMENBJTIwMDUuY3J0MFMGCCsGAQUFBzAChkdodHRwOi8vY3JsMi5hbWUuZ2JsL2FpYS9DTzFQS0lJTlRDQTAxLkFNRS5HQkxfQU1FJTIwSW5mcmElMjBDQSUyMDA1LmNydDBTBggrBgEFBQcwAoZHaHR0cDovL2NybDMuYW1lLmdibC9haWEvQ08xUEtJSU5UQ0EwMS5BTUUuR0JMX0FNRSUyMEluZnJhJTIwQ0ElMjAwNS5jcnQwUwYIKwYBBQUHMAKGR2h0dHA6Ly9jcmw0LmFtZS5nYmwvYWlhL0NPMVBLSUlOVENBMDEuQU1FLkdCTF9BTUUlMjBJbmZyYSUyMENBJTIwMDUuY3J0MB0GA1UdDgQWBBQM39B_5hlROZQL6bGUve6R9sEqYjAOBgNVHQ8BAf8EBAMCBaAwggEmBgNVHR8EggEdMIIBGTCCARWgggERoIIBDYY_aHR0cDovL2NybC5taWNyb3NvZnQuY29tL3BraWluZnJhL0NSTC9BTUUlMjBJbmZyYSUyMENBJTIwMDUuY3JshjFodHRwOi8vY3JsMS5hbWUuZ2JsL2NybC9BTUUlMjBJbmZyYSUyMENBJTIwMDUuY3JshjFodHRwOi8vY3JsMi5hbWUuZ2JsL2NybC9BTUUlMjBJbmZyYSUyMENBJTIwMDUuY3JshjFodHRwOi8vY3JsMy5hbWUuZ2JsL2NybC9BTUUlMjBJbmZyYSUyMENBJTIwMDUuY3JshjFodHRwOi8vY3JsNC5hbWUuZ2JsL2NybC9BTUUlMjBJbmZyYSUyMENBJTIwMDUuY3JsMBcGA1UdIAQQMA4wDAYKKwYBBAGCN3sBATAfBgNVHSMEGDAWgBR61hmFKHlscXYeYPjzS--iBUIWHTAdBgNVHSUEFjAUBggrBgEFBQcDAQYIKwYBBQUHAwIwDQYJKoZIhvcNAQELBQADggEBAHsDVo-ubSySZd4FYJJzcvbu2RGLublq8xgAoGl9Jn-5zXXh0d0dSo9sYUruEmf4m6a5fl_ihkPtuaUSEA4aJeVGYNi0_RmMj42eIYHcT0kJI6SBebjMe5w97pOyrwCIkFJZt8dzXH61xgR1pxP7AUNRta8UJiNW2LW-tHESqFYdM1vy7psJr8GPGmCFFEsKKXF_D8JPy5jZeSmOGUDpAnIkLv9WBH5bgZtY04MH65HnKcpK-ibSQVEW-vC28USN1K6LWTUQeRQqn5ab_o3xar4VAxQblzVUO1VQ36cAgi1-47UUOGtjs7rkAUhkxzxO7Rwr5oYNiy8UzunbFY0cZEM\u0026s=Rysav5FMREDkjRczjWsvmWnlQGdAIBlqTHReqVFeDvOYmrnunY_hNM-BznzLxy6HF4cks5My8NDjm8yX81qIheLHPbgnxQl6molGREFNpBOg3KiDcPMQTIfq6fKqpCQbHYJaywJ7OlM0nxKXFcWp8RO452YD9yvnmdcKbEiJhgXf388VLLHKJ7No3RqiRm19d_rBq_leFIqMnBHyPrkueoPMfy9dOYCYAIs7nn2ZOHL4YXkAHrWs9iB4n_WgnGxIzRs6qAzjeSuBOVAUzXNMpijuoaLva0siEYbxa-DeKjSF1qr2GzumFzWFt6CPNWPvZndpKDSUbLzaRxE-egsrWg\u0026h=MvwrgztkK1fKpQT-wDjWBJAnOSQWDGtdfZvwpjUgMyI",
      "RequestMethod": "GET",
      "RequestHeaders": {
        "Authorization": "Sanitized",
        "traceparent": "00-8b12cb6a0f0697fdd1bdaebf8638c8cc-025181dc6dacf2d0-00",
        "User-Agent": "azsdk-net-ResourceManager/1.9.0 (.NET 7.0.14; Microsoft Windows 10.0.22635)",
        "x-ms-client-request-id": "ff83738bae863a221f894c27cf72ca7c",
        "x-ms-return-client-request-id": "true"
      },
      "RequestBody": null,
      "StatusCode": 200,
      "ResponseHeaders": {
        "Cache-Control": "no-cache",
        "Content-Length": "516",
        "Content-Type": "application/json; charset=utf-8",
        "Date": "Thu, 23 Nov 2023 08:08:16 GMT",
        "ETag": "\u0022f601d295-0000-0600-0000-655f08680000\u0022",
        "Expires": "-1",
        "Pragma": "no-cache",
        "Strict-Transport-Security": "max-age=31536000; includeSubDomains",
        "X-Content-Type-Options": "nosniff",
        "x-ms-client-request-id": "ff83738bae863a221f894c27cf72ca7c",
        "x-ms-correlation-request-id": "ac4d09a1-d3f2-462e-be31-9231418309fd",
        "x-ms-ratelimit-remaining-tenant-reads": "11995",
        "x-ms-request-id": "f87b5f6c-6200-4408-8cd3-5b6cb575defe",
        "x-ms-routing-request-id": "SOUTHAFRICANORTH:20231123T080816Z:ac4d09a1-d3f2-462e-be31-9231418309fd"
      },
      "ResponseBody": {
        "id": "/providers/Nginx.NginxPlus/locations/WESTCENTRALUS/operationStatuses/890bb6e7-e1cc-4f9f-a5e1-38e63c372d49*25715EDF537171D9F1654C2FCE3CDB14C28B019D589E220BA9051B066707DF49",
        "name": "890bb6e7-e1cc-4f9f-a5e1-38e63c372d49*25715EDF537171D9F1654C2FCE3CDB14C28B019D589E220BA9051B066707DF49",
        "resourceId": "/subscriptions/1c835c29-68e9-40a7-8455-842925d04908/resourceGroups/Default-Nginx-2226/providers/Nginx.NginxPlus/nginxDeployments/testDeployment-382",
        "status": "Accepted",
        "startTime": "2023-11-23T08:08:07.9984996Z"
      }
    },
    {
      "RequestUri": "https://management.azure.com/providers/Nginx.NginxPlus/locations/WESTCENTRALUS/operationStatuses/890bb6e7-e1cc-4f9f-a5e1-38e63c372d49*25715EDF537171D9F1654C2FCE3CDB14C28B019D589E220BA9051B066707DF49?api-version=2023-04-01\u0026t=638363236894418826\u0026c=MIIHADCCBeigAwIBAgITfAQLJaXGjL3sIjyx5QAABAslpTANBgkqhkiG9w0BAQsFADBEMRMwEQYKCZImiZPyLGQBGRYDR0JMMRMwEQYKCZImiZPyLGQBGRYDQU1FMRgwFgYDVQQDEw9BTUUgSW5mcmEgQ0EgMDUwHhcNMjMxMTAxMDUzNjA0WhcNMjQxMDI2MDUzNjA0WjBAMT4wPAYDVQQDEzVhc3luY29wZXJhdGlvbnNpZ25pbmdjZXJ0aWZpY2F0ZS5tYW5hZ2VtZW50LmF6dXJlLmNvbTCCASIwDQYJKoZIhvcNAQEBBQADggEPADCCAQoCggEBAOLHUO7dPGVIoruKLdzUNswYmek-Nljw_QxU2vLAMiVNqgHD_TDk8bAf1OzE0jMQ9YykRPzRz7TtZfN7cFjIs3D5mJLWvnug2wph85PUl0n6fMWhTHR1zCazHdfEcFCLsYctkDhhIcW0L7tSMU8rcXT9_y5SxiYVfFca-rWaJ6tpJpc2ixCWdfbW7OO0zEHxgMEOWDhmNZoA8knKo6OH0iW04aNo6HoJuUrvPwf5P6NlfROEd4DQOKF4gkUbzlaeCcVkwkS_ZNgQxTKBqZqY-Q9BQTvnnq1WKS1kicyyQbsSTCEq9qni0WLWZ0-fTNJp8ljSN4aPuZ8bGCCgtTJCRvUCAwEAAaOCA-0wggPpMCcGCSsGAQQBgjcVCgQaMBgwCgYIKwYBBQUHAwEwCgYIKwYBBQUHAwIwPQYJKwYBBAGCNxUHBDAwLgYmKwYBBAGCNxUIhpDjDYTVtHiE8Ys-hZvdFs6dEoFggvX2K4Py0SACAWQCAQowggHLBggrBgEFBQcBAQSCAb0wggG5MGMGCCsGAQUFBzAChldodHRwOi8vY3JsLm1pY3Jvc29mdC5jb20vcGtpaW5mcmEvQ2VydHMvQ08xUEtJSU5UQ0EwMS5BTUUuR0JMX0FNRSUyMEluZnJhJTIwQ0ElMjAwNS5jcnQwUwYIKwYBBQUHMAKGR2h0dHA6Ly9jcmwxLmFtZS5nYmwvYWlhL0NPMVBLSUlOVENBMDEuQU1FLkdCTF9BTUUlMjBJbmZyYSUyMENBJTIwMDUuY3J0MFMGCCsGAQUFBzAChkdodHRwOi8vY3JsMi5hbWUuZ2JsL2FpYS9DTzFQS0lJTlRDQTAxLkFNRS5HQkxfQU1FJTIwSW5mcmElMjBDQSUyMDA1LmNydDBTBggrBgEFBQcwAoZHaHR0cDovL2NybDMuYW1lLmdibC9haWEvQ08xUEtJSU5UQ0EwMS5BTUUuR0JMX0FNRSUyMEluZnJhJTIwQ0ElMjAwNS5jcnQwUwYIKwYBBQUHMAKGR2h0dHA6Ly9jcmw0LmFtZS5nYmwvYWlhL0NPMVBLSUlOVENBMDEuQU1FLkdCTF9BTUUlMjBJbmZyYSUyMENBJTIwMDUuY3J0MB0GA1UdDgQWBBQM39B_5hlROZQL6bGUve6R9sEqYjAOBgNVHQ8BAf8EBAMCBaAwggEmBgNVHR8EggEdMIIBGTCCARWgggERoIIBDYY_aHR0cDovL2NybC5taWNyb3NvZnQuY29tL3BraWluZnJhL0NSTC9BTUUlMjBJbmZyYSUyMENBJTIwMDUuY3JshjFodHRwOi8vY3JsMS5hbWUuZ2JsL2NybC9BTUUlMjBJbmZyYSUyMENBJTIwMDUuY3JshjFodHRwOi8vY3JsMi5hbWUuZ2JsL2NybC9BTUUlMjBJbmZyYSUyMENBJTIwMDUuY3JshjFodHRwOi8vY3JsMy5hbWUuZ2JsL2NybC9BTUUlMjBJbmZyYSUyMENBJTIwMDUuY3JshjFodHRwOi8vY3JsNC5hbWUuZ2JsL2NybC9BTUUlMjBJbmZyYSUyMENBJTIwMDUuY3JsMBcGA1UdIAQQMA4wDAYKKwYBBAGCN3sBATAfBgNVHSMEGDAWgBR61hmFKHlscXYeYPjzS--iBUIWHTAdBgNVHSUEFjAUBggrBgEFBQcDAQYIKwYBBQUHAwIwDQYJKoZIhvcNAQELBQADggEBAHsDVo-ubSySZd4FYJJzcvbu2RGLublq8xgAoGl9Jn-5zXXh0d0dSo9sYUruEmf4m6a5fl_ihkPtuaUSEA4aJeVGYNi0_RmMj42eIYHcT0kJI6SBebjMe5w97pOyrwCIkFJZt8dzXH61xgR1pxP7AUNRta8UJiNW2LW-tHESqFYdM1vy7psJr8GPGmCFFEsKKXF_D8JPy5jZeSmOGUDpAnIkLv9WBH5bgZtY04MH65HnKcpK-ibSQVEW-vC28USN1K6LWTUQeRQqn5ab_o3xar4VAxQblzVUO1VQ36cAgi1-47UUOGtjs7rkAUhkxzxO7Rwr5oYNiy8UzunbFY0cZEM\u0026s=Rysav5FMREDkjRczjWsvmWnlQGdAIBlqTHReqVFeDvOYmrnunY_hNM-BznzLxy6HF4cks5My8NDjm8yX81qIheLHPbgnxQl6molGREFNpBOg3KiDcPMQTIfq6fKqpCQbHYJaywJ7OlM0nxKXFcWp8RO452YD9yvnmdcKbEiJhgXf388VLLHKJ7No3RqiRm19d_rBq_leFIqMnBHyPrkueoPMfy9dOYCYAIs7nn2ZOHL4YXkAHrWs9iB4n_WgnGxIzRs6qAzjeSuBOVAUzXNMpijuoaLva0siEYbxa-DeKjSF1qr2GzumFzWFt6CPNWPvZndpKDSUbLzaRxE-egsrWg\u0026h=MvwrgztkK1fKpQT-wDjWBJAnOSQWDGtdfZvwpjUgMyI",
      "RequestMethod": "GET",
      "RequestHeaders": {
        "Authorization": "Sanitized",
        "traceparent": "00-8b12cb6a0f0697fdd1bdaebf8638c8cc-9ab32fc8efc7ca67-00",
        "User-Agent": "azsdk-net-ResourceManager/1.9.0 (.NET 7.0.14; Microsoft Windows 10.0.22635)",
        "x-ms-client-request-id": "4a44eaa3ce6c0521904404c6c3ad3ff2",
        "x-ms-return-client-request-id": "true"
      },
      "RequestBody": null,
      "StatusCode": 200,
      "ResponseHeaders": {
        "Cache-Control": "no-cache",
        "Content-Length": "516",
        "Content-Type": "application/json; charset=utf-8",
        "Date": "Thu, 23 Nov 2023 08:08:20 GMT",
        "ETag": "\u0022f601d295-0000-0600-0000-655f08680000\u0022",
        "Expires": "-1",
        "Pragma": "no-cache",
        "Strict-Transport-Security": "max-age=31536000; includeSubDomains",
        "X-Content-Type-Options": "nosniff",
        "x-ms-client-request-id": "4a44eaa3ce6c0521904404c6c3ad3ff2",
        "x-ms-correlation-request-id": "91b26d83-b0d3-4100-b81e-342a1148ef8c",
        "x-ms-ratelimit-remaining-tenant-reads": "11994",
        "x-ms-request-id": "90cb4791-5d5d-4574-adc6-5ec6d79c31e1",
        "x-ms-routing-request-id": "SOUTHAFRICANORTH:20231123T080821Z:91b26d83-b0d3-4100-b81e-342a1148ef8c"
      },
      "ResponseBody": {
        "id": "/providers/Nginx.NginxPlus/locations/WESTCENTRALUS/operationStatuses/890bb6e7-e1cc-4f9f-a5e1-38e63c372d49*25715EDF537171D9F1654C2FCE3CDB14C28B019D589E220BA9051B066707DF49",
        "name": "890bb6e7-e1cc-4f9f-a5e1-38e63c372d49*25715EDF537171D9F1654C2FCE3CDB14C28B019D589E220BA9051B066707DF49",
        "resourceId": "/subscriptions/1c835c29-68e9-40a7-8455-842925d04908/resourceGroups/Default-Nginx-2226/providers/Nginx.NginxPlus/nginxDeployments/testDeployment-382",
        "status": "Accepted",
        "startTime": "2023-11-23T08:08:07.9984996Z"
      }
    },
    {
      "RequestUri": "https://management.azure.com/providers/Nginx.NginxPlus/locations/WESTCENTRALUS/operationStatuses/890bb6e7-e1cc-4f9f-a5e1-38e63c372d49*25715EDF537171D9F1654C2FCE3CDB14C28B019D589E220BA9051B066707DF49?api-version=2023-04-01\u0026t=638363236894418826\u0026c=MIIHADCCBeigAwIBAgITfAQLJaXGjL3sIjyx5QAABAslpTANBgkqhkiG9w0BAQsFADBEMRMwEQYKCZImiZPyLGQBGRYDR0JMMRMwEQYKCZImiZPyLGQBGRYDQU1FMRgwFgYDVQQDEw9BTUUgSW5mcmEgQ0EgMDUwHhcNMjMxMTAxMDUzNjA0WhcNMjQxMDI2MDUzNjA0WjBAMT4wPAYDVQQDEzVhc3luY29wZXJhdGlvbnNpZ25pbmdjZXJ0aWZpY2F0ZS5tYW5hZ2VtZW50LmF6dXJlLmNvbTCCASIwDQYJKoZIhvcNAQEBBQADggEPADCCAQoCggEBAOLHUO7dPGVIoruKLdzUNswYmek-Nljw_QxU2vLAMiVNqgHD_TDk8bAf1OzE0jMQ9YykRPzRz7TtZfN7cFjIs3D5mJLWvnug2wph85PUl0n6fMWhTHR1zCazHdfEcFCLsYctkDhhIcW0L7tSMU8rcXT9_y5SxiYVfFca-rWaJ6tpJpc2ixCWdfbW7OO0zEHxgMEOWDhmNZoA8knKo6OH0iW04aNo6HoJuUrvPwf5P6NlfROEd4DQOKF4gkUbzlaeCcVkwkS_ZNgQxTKBqZqY-Q9BQTvnnq1WKS1kicyyQbsSTCEq9qni0WLWZ0-fTNJp8ljSN4aPuZ8bGCCgtTJCRvUCAwEAAaOCA-0wggPpMCcGCSsGAQQBgjcVCgQaMBgwCgYIKwYBBQUHAwEwCgYIKwYBBQUHAwIwPQYJKwYBBAGCNxUHBDAwLgYmKwYBBAGCNxUIhpDjDYTVtHiE8Ys-hZvdFs6dEoFggvX2K4Py0SACAWQCAQowggHLBggrBgEFBQcBAQSCAb0wggG5MGMGCCsGAQUFBzAChldodHRwOi8vY3JsLm1pY3Jvc29mdC5jb20vcGtpaW5mcmEvQ2VydHMvQ08xUEtJSU5UQ0EwMS5BTUUuR0JMX0FNRSUyMEluZnJhJTIwQ0ElMjAwNS5jcnQwUwYIKwYBBQUHMAKGR2h0dHA6Ly9jcmwxLmFtZS5nYmwvYWlhL0NPMVBLSUlOVENBMDEuQU1FLkdCTF9BTUUlMjBJbmZyYSUyMENBJTIwMDUuY3J0MFMGCCsGAQUFBzAChkdodHRwOi8vY3JsMi5hbWUuZ2JsL2FpYS9DTzFQS0lJTlRDQTAxLkFNRS5HQkxfQU1FJTIwSW5mcmElMjBDQSUyMDA1LmNydDBTBggrBgEFBQcwAoZHaHR0cDovL2NybDMuYW1lLmdibC9haWEvQ08xUEtJSU5UQ0EwMS5BTUUuR0JMX0FNRSUyMEluZnJhJTIwQ0ElMjAwNS5jcnQwUwYIKwYBBQUHMAKGR2h0dHA6Ly9jcmw0LmFtZS5nYmwvYWlhL0NPMVBLSUlOVENBMDEuQU1FLkdCTF9BTUUlMjBJbmZyYSUyMENBJTIwMDUuY3J0MB0GA1UdDgQWBBQM39B_5hlROZQL6bGUve6R9sEqYjAOBgNVHQ8BAf8EBAMCBaAwggEmBgNVHR8EggEdMIIBGTCCARWgggERoIIBDYY_aHR0cDovL2NybC5taWNyb3NvZnQuY29tL3BraWluZnJhL0NSTC9BTUUlMjBJbmZyYSUyMENBJTIwMDUuY3JshjFodHRwOi8vY3JsMS5hbWUuZ2JsL2NybC9BTUUlMjBJbmZyYSUyMENBJTIwMDUuY3JshjFodHRwOi8vY3JsMi5hbWUuZ2JsL2NybC9BTUUlMjBJbmZyYSUyMENBJTIwMDUuY3JshjFodHRwOi8vY3JsMy5hbWUuZ2JsL2NybC9BTUUlMjBJbmZyYSUyMENBJTIwMDUuY3JshjFodHRwOi8vY3JsNC5hbWUuZ2JsL2NybC9BTUUlMjBJbmZyYSUyMENBJTIwMDUuY3JsMBcGA1UdIAQQMA4wDAYKKwYBBAGCN3sBATAfBgNVHSMEGDAWgBR61hmFKHlscXYeYPjzS--iBUIWHTAdBgNVHSUEFjAUBggrBgEFBQcDAQYIKwYBBQUHAwIwDQYJKoZIhvcNAQELBQADggEBAHsDVo-ubSySZd4FYJJzcvbu2RGLublq8xgAoGl9Jn-5zXXh0d0dSo9sYUruEmf4m6a5fl_ihkPtuaUSEA4aJeVGYNi0_RmMj42eIYHcT0kJI6SBebjMe5w97pOyrwCIkFJZt8dzXH61xgR1pxP7AUNRta8UJiNW2LW-tHESqFYdM1vy7psJr8GPGmCFFEsKKXF_D8JPy5jZeSmOGUDpAnIkLv9WBH5bgZtY04MH65HnKcpK-ibSQVEW-vC28USN1K6LWTUQeRQqn5ab_o3xar4VAxQblzVUO1VQ36cAgi1-47UUOGtjs7rkAUhkxzxO7Rwr5oYNiy8UzunbFY0cZEM\u0026s=Rysav5FMREDkjRczjWsvmWnlQGdAIBlqTHReqVFeDvOYmrnunY_hNM-BznzLxy6HF4cks5My8NDjm8yX81qIheLHPbgnxQl6molGREFNpBOg3KiDcPMQTIfq6fKqpCQbHYJaywJ7OlM0nxKXFcWp8RO452YD9yvnmdcKbEiJhgXf388VLLHKJ7No3RqiRm19d_rBq_leFIqMnBHyPrkueoPMfy9dOYCYAIs7nn2ZOHL4YXkAHrWs9iB4n_WgnGxIzRs6qAzjeSuBOVAUzXNMpijuoaLva0siEYbxa-DeKjSF1qr2GzumFzWFt6CPNWPvZndpKDSUbLzaRxE-egsrWg\u0026h=MvwrgztkK1fKpQT-wDjWBJAnOSQWDGtdfZvwpjUgMyI",
      "RequestMethod": "GET",
      "RequestHeaders": {
        "Authorization": "Sanitized",
        "traceparent": "00-8b12cb6a0f0697fdd1bdaebf8638c8cc-72e3287c2da73e54-00",
        "User-Agent": "azsdk-net-ResourceManager/1.9.0 (.NET 7.0.14; Microsoft Windows 10.0.22635)",
        "x-ms-client-request-id": "be6ddc230fc3dd7e9514145d90fa8ae3",
        "x-ms-return-client-request-id": "true"
      },
      "RequestBody": null,
      "StatusCode": 200,
      "ResponseHeaders": {
        "Cache-Control": "no-cache",
        "Content-Length": "516",
        "Content-Type": "application/json; charset=utf-8",
        "Date": "Thu, 23 Nov 2023 08:08:29 GMT",
        "ETag": "\u0022f601d295-0000-0600-0000-655f08680000\u0022",
        "Expires": "-1",
        "Pragma": "no-cache",
        "Strict-Transport-Security": "max-age=31536000; includeSubDomains",
        "X-Content-Type-Options": "nosniff",
        "x-ms-client-request-id": "be6ddc230fc3dd7e9514145d90fa8ae3",
        "x-ms-correlation-request-id": "60b9107d-e8e4-4178-b48f-5e023646f211",
        "x-ms-ratelimit-remaining-tenant-reads": "11993",
        "x-ms-request-id": "92ed6e32-3814-48d0-bfe7-625e71231ac0",
        "x-ms-routing-request-id": "SOUTHAFRICANORTH:20231123T080829Z:60b9107d-e8e4-4178-b48f-5e023646f211"
      },
      "ResponseBody": {
        "id": "/providers/Nginx.NginxPlus/locations/WESTCENTRALUS/operationStatuses/890bb6e7-e1cc-4f9f-a5e1-38e63c372d49*25715EDF537171D9F1654C2FCE3CDB14C28B019D589E220BA9051B066707DF49",
        "name": "890bb6e7-e1cc-4f9f-a5e1-38e63c372d49*25715EDF537171D9F1654C2FCE3CDB14C28B019D589E220BA9051B066707DF49",
        "resourceId": "/subscriptions/1c835c29-68e9-40a7-8455-842925d04908/resourceGroups/Default-Nginx-2226/providers/Nginx.NginxPlus/nginxDeployments/testDeployment-382",
        "status": "Accepted",
        "startTime": "2023-11-23T08:08:07.9984996Z"
      }
    },
    {
      "RequestUri": "https://management.azure.com/providers/Nginx.NginxPlus/locations/WESTCENTRALUS/operationStatuses/890bb6e7-e1cc-4f9f-a5e1-38e63c372d49*25715EDF537171D9F1654C2FCE3CDB14C28B019D589E220BA9051B066707DF49?api-version=2023-04-01\u0026t=638363236894418826\u0026c=MIIHADCCBeigAwIBAgITfAQLJaXGjL3sIjyx5QAABAslpTANBgkqhkiG9w0BAQsFADBEMRMwEQYKCZImiZPyLGQBGRYDR0JMMRMwEQYKCZImiZPyLGQBGRYDQU1FMRgwFgYDVQQDEw9BTUUgSW5mcmEgQ0EgMDUwHhcNMjMxMTAxMDUzNjA0WhcNMjQxMDI2MDUzNjA0WjBAMT4wPAYDVQQDEzVhc3luY29wZXJhdGlvbnNpZ25pbmdjZXJ0aWZpY2F0ZS5tYW5hZ2VtZW50LmF6dXJlLmNvbTCCASIwDQYJKoZIhvcNAQEBBQADggEPADCCAQoCggEBAOLHUO7dPGVIoruKLdzUNswYmek-Nljw_QxU2vLAMiVNqgHD_TDk8bAf1OzE0jMQ9YykRPzRz7TtZfN7cFjIs3D5mJLWvnug2wph85PUl0n6fMWhTHR1zCazHdfEcFCLsYctkDhhIcW0L7tSMU8rcXT9_y5SxiYVfFca-rWaJ6tpJpc2ixCWdfbW7OO0zEHxgMEOWDhmNZoA8knKo6OH0iW04aNo6HoJuUrvPwf5P6NlfROEd4DQOKF4gkUbzlaeCcVkwkS_ZNgQxTKBqZqY-Q9BQTvnnq1WKS1kicyyQbsSTCEq9qni0WLWZ0-fTNJp8ljSN4aPuZ8bGCCgtTJCRvUCAwEAAaOCA-0wggPpMCcGCSsGAQQBgjcVCgQaMBgwCgYIKwYBBQUHAwEwCgYIKwYBBQUHAwIwPQYJKwYBBAGCNxUHBDAwLgYmKwYBBAGCNxUIhpDjDYTVtHiE8Ys-hZvdFs6dEoFggvX2K4Py0SACAWQCAQowggHLBggrBgEFBQcBAQSCAb0wggG5MGMGCCsGAQUFBzAChldodHRwOi8vY3JsLm1pY3Jvc29mdC5jb20vcGtpaW5mcmEvQ2VydHMvQ08xUEtJSU5UQ0EwMS5BTUUuR0JMX0FNRSUyMEluZnJhJTIwQ0ElMjAwNS5jcnQwUwYIKwYBBQUHMAKGR2h0dHA6Ly9jcmwxLmFtZS5nYmwvYWlhL0NPMVBLSUlOVENBMDEuQU1FLkdCTF9BTUUlMjBJbmZyYSUyMENBJTIwMDUuY3J0MFMGCCsGAQUFBzAChkdodHRwOi8vY3JsMi5hbWUuZ2JsL2FpYS9DTzFQS0lJTlRDQTAxLkFNRS5HQkxfQU1FJTIwSW5mcmElMjBDQSUyMDA1LmNydDBTBggrBgEFBQcwAoZHaHR0cDovL2NybDMuYW1lLmdibC9haWEvQ08xUEtJSU5UQ0EwMS5BTUUuR0JMX0FNRSUyMEluZnJhJTIwQ0ElMjAwNS5jcnQwUwYIKwYBBQUHMAKGR2h0dHA6Ly9jcmw0LmFtZS5nYmwvYWlhL0NPMVBLSUlOVENBMDEuQU1FLkdCTF9BTUUlMjBJbmZyYSUyMENBJTIwMDUuY3J0MB0GA1UdDgQWBBQM39B_5hlROZQL6bGUve6R9sEqYjAOBgNVHQ8BAf8EBAMCBaAwggEmBgNVHR8EggEdMIIBGTCCARWgggERoIIBDYY_aHR0cDovL2NybC5taWNyb3NvZnQuY29tL3BraWluZnJhL0NSTC9BTUUlMjBJbmZyYSUyMENBJTIwMDUuY3JshjFodHRwOi8vY3JsMS5hbWUuZ2JsL2NybC9BTUUlMjBJbmZyYSUyMENBJTIwMDUuY3JshjFodHRwOi8vY3JsMi5hbWUuZ2JsL2NybC9BTUUlMjBJbmZyYSUyMENBJTIwMDUuY3JshjFodHRwOi8vY3JsMy5hbWUuZ2JsL2NybC9BTUUlMjBJbmZyYSUyMENBJTIwMDUuY3JshjFodHRwOi8vY3JsNC5hbWUuZ2JsL2NybC9BTUUlMjBJbmZyYSUyMENBJTIwMDUuY3JsMBcGA1UdIAQQMA4wDAYKKwYBBAGCN3sBATAfBgNVHSMEGDAWgBR61hmFKHlscXYeYPjzS--iBUIWHTAdBgNVHSUEFjAUBggrBgEFBQcDAQYIKwYBBQUHAwIwDQYJKoZIhvcNAQELBQADggEBAHsDVo-ubSySZd4FYJJzcvbu2RGLublq8xgAoGl9Jn-5zXXh0d0dSo9sYUruEmf4m6a5fl_ihkPtuaUSEA4aJeVGYNi0_RmMj42eIYHcT0kJI6SBebjMe5w97pOyrwCIkFJZt8dzXH61xgR1pxP7AUNRta8UJiNW2LW-tHESqFYdM1vy7psJr8GPGmCFFEsKKXF_D8JPy5jZeSmOGUDpAnIkLv9WBH5bgZtY04MH65HnKcpK-ibSQVEW-vC28USN1K6LWTUQeRQqn5ab_o3xar4VAxQblzVUO1VQ36cAgi1-47UUOGtjs7rkAUhkxzxO7Rwr5oYNiy8UzunbFY0cZEM\u0026s=Rysav5FMREDkjRczjWsvmWnlQGdAIBlqTHReqVFeDvOYmrnunY_hNM-BznzLxy6HF4cks5My8NDjm8yX81qIheLHPbgnxQl6molGREFNpBOg3KiDcPMQTIfq6fKqpCQbHYJaywJ7OlM0nxKXFcWp8RO452YD9yvnmdcKbEiJhgXf388VLLHKJ7No3RqiRm19d_rBq_leFIqMnBHyPrkueoPMfy9dOYCYAIs7nn2ZOHL4YXkAHrWs9iB4n_WgnGxIzRs6qAzjeSuBOVAUzXNMpijuoaLva0siEYbxa-DeKjSF1qr2GzumFzWFt6CPNWPvZndpKDSUbLzaRxE-egsrWg\u0026h=MvwrgztkK1fKpQT-wDjWBJAnOSQWDGtdfZvwpjUgMyI",
      "RequestMethod": "GET",
      "RequestHeaders": {
        "Authorization": "Sanitized",
        "traceparent": "00-8b12cb6a0f0697fdd1bdaebf8638c8cc-c15b06c592e1dcd9-00",
        "User-Agent": "azsdk-net-ResourceManager/1.9.0 (.NET 7.0.14; Microsoft Windows 10.0.22635)",
        "x-ms-client-request-id": "5bd2cf92af1cbcc2527e6f41aa5c7772",
        "x-ms-return-client-request-id": "true"
      },
      "RequestBody": null,
      "StatusCode": 200,
      "ResponseHeaders": {
        "Cache-Control": "no-cache",
        "Content-Length": "516",
        "Content-Type": "application/json; charset=utf-8",
        "Date": "Thu, 23 Nov 2023 08:08:45 GMT",
        "ETag": "\u0022f601d295-0000-0600-0000-655f08680000\u0022",
        "Expires": "-1",
        "Pragma": "no-cache",
        "Strict-Transport-Security": "max-age=31536000; includeSubDomains",
        "X-Content-Type-Options": "nosniff",
        "x-ms-client-request-id": "5bd2cf92af1cbcc2527e6f41aa5c7772",
        "x-ms-correlation-request-id": "aeddcff2-68e4-490a-8a24-d588f55467d1",
        "x-ms-ratelimit-remaining-tenant-reads": "11992",
        "x-ms-request-id": "36254e1a-63ce-43f0-a3b5-ce172d53ee23",
        "x-ms-routing-request-id": "SOUTHAFRICANORTH:20231123T080845Z:aeddcff2-68e4-490a-8a24-d588f55467d1"
      },
      "ResponseBody": {
        "id": "/providers/Nginx.NginxPlus/locations/WESTCENTRALUS/operationStatuses/890bb6e7-e1cc-4f9f-a5e1-38e63c372d49*25715EDF537171D9F1654C2FCE3CDB14C28B019D589E220BA9051B066707DF49",
        "name": "890bb6e7-e1cc-4f9f-a5e1-38e63c372d49*25715EDF537171D9F1654C2FCE3CDB14C28B019D589E220BA9051B066707DF49",
        "resourceId": "/subscriptions/1c835c29-68e9-40a7-8455-842925d04908/resourceGroups/Default-Nginx-2226/providers/Nginx.NginxPlus/nginxDeployments/testDeployment-382",
        "status": "Accepted",
        "startTime": "2023-11-23T08:08:07.9984996Z"
      }
    },
    {
      "RequestUri": "https://management.azure.com/providers/Nginx.NginxPlus/locations/WESTCENTRALUS/operationStatuses/890bb6e7-e1cc-4f9f-a5e1-38e63c372d49*25715EDF537171D9F1654C2FCE3CDB14C28B019D589E220BA9051B066707DF49?api-version=2023-04-01\u0026t=638363236894418826\u0026c=MIIHADCCBeigAwIBAgITfAQLJaXGjL3sIjyx5QAABAslpTANBgkqhkiG9w0BAQsFADBEMRMwEQYKCZImiZPyLGQBGRYDR0JMMRMwEQYKCZImiZPyLGQBGRYDQU1FMRgwFgYDVQQDEw9BTUUgSW5mcmEgQ0EgMDUwHhcNMjMxMTAxMDUzNjA0WhcNMjQxMDI2MDUzNjA0WjBAMT4wPAYDVQQDEzVhc3luY29wZXJhdGlvbnNpZ25pbmdjZXJ0aWZpY2F0ZS5tYW5hZ2VtZW50LmF6dXJlLmNvbTCCASIwDQYJKoZIhvcNAQEBBQADggEPADCCAQoCggEBAOLHUO7dPGVIoruKLdzUNswYmek-Nljw_QxU2vLAMiVNqgHD_TDk8bAf1OzE0jMQ9YykRPzRz7TtZfN7cFjIs3D5mJLWvnug2wph85PUl0n6fMWhTHR1zCazHdfEcFCLsYctkDhhIcW0L7tSMU8rcXT9_y5SxiYVfFca-rWaJ6tpJpc2ixCWdfbW7OO0zEHxgMEOWDhmNZoA8knKo6OH0iW04aNo6HoJuUrvPwf5P6NlfROEd4DQOKF4gkUbzlaeCcVkwkS_ZNgQxTKBqZqY-Q9BQTvnnq1WKS1kicyyQbsSTCEq9qni0WLWZ0-fTNJp8ljSN4aPuZ8bGCCgtTJCRvUCAwEAAaOCA-0wggPpMCcGCSsGAQQBgjcVCgQaMBgwCgYIKwYBBQUHAwEwCgYIKwYBBQUHAwIwPQYJKwYBBAGCNxUHBDAwLgYmKwYBBAGCNxUIhpDjDYTVtHiE8Ys-hZvdFs6dEoFggvX2K4Py0SACAWQCAQowggHLBggrBgEFBQcBAQSCAb0wggG5MGMGCCsGAQUFBzAChldodHRwOi8vY3JsLm1pY3Jvc29mdC5jb20vcGtpaW5mcmEvQ2VydHMvQ08xUEtJSU5UQ0EwMS5BTUUuR0JMX0FNRSUyMEluZnJhJTIwQ0ElMjAwNS5jcnQwUwYIKwYBBQUHMAKGR2h0dHA6Ly9jcmwxLmFtZS5nYmwvYWlhL0NPMVBLSUlOVENBMDEuQU1FLkdCTF9BTUUlMjBJbmZyYSUyMENBJTIwMDUuY3J0MFMGCCsGAQUFBzAChkdodHRwOi8vY3JsMi5hbWUuZ2JsL2FpYS9DTzFQS0lJTlRDQTAxLkFNRS5HQkxfQU1FJTIwSW5mcmElMjBDQSUyMDA1LmNydDBTBggrBgEFBQcwAoZHaHR0cDovL2NybDMuYW1lLmdibC9haWEvQ08xUEtJSU5UQ0EwMS5BTUUuR0JMX0FNRSUyMEluZnJhJTIwQ0ElMjAwNS5jcnQwUwYIKwYBBQUHMAKGR2h0dHA6Ly9jcmw0LmFtZS5nYmwvYWlhL0NPMVBLSUlOVENBMDEuQU1FLkdCTF9BTUUlMjBJbmZyYSUyMENBJTIwMDUuY3J0MB0GA1UdDgQWBBQM39B_5hlROZQL6bGUve6R9sEqYjAOBgNVHQ8BAf8EBAMCBaAwggEmBgNVHR8EggEdMIIBGTCCARWgggERoIIBDYY_aHR0cDovL2NybC5taWNyb3NvZnQuY29tL3BraWluZnJhL0NSTC9BTUUlMjBJbmZyYSUyMENBJTIwMDUuY3JshjFodHRwOi8vY3JsMS5hbWUuZ2JsL2NybC9BTUUlMjBJbmZyYSUyMENBJTIwMDUuY3JshjFodHRwOi8vY3JsMi5hbWUuZ2JsL2NybC9BTUUlMjBJbmZyYSUyMENBJTIwMDUuY3JshjFodHRwOi8vY3JsMy5hbWUuZ2JsL2NybC9BTUUlMjBJbmZyYSUyMENBJTIwMDUuY3JshjFodHRwOi8vY3JsNC5hbWUuZ2JsL2NybC9BTUUlMjBJbmZyYSUyMENBJTIwMDUuY3JsMBcGA1UdIAQQMA4wDAYKKwYBBAGCN3sBATAfBgNVHSMEGDAWgBR61hmFKHlscXYeYPjzS--iBUIWHTAdBgNVHSUEFjAUBggrBgEFBQcDAQYIKwYBBQUHAwIwDQYJKoZIhvcNAQELBQADggEBAHsDVo-ubSySZd4FYJJzcvbu2RGLublq8xgAoGl9Jn-5zXXh0d0dSo9sYUruEmf4m6a5fl_ihkPtuaUSEA4aJeVGYNi0_RmMj42eIYHcT0kJI6SBebjMe5w97pOyrwCIkFJZt8dzXH61xgR1pxP7AUNRta8UJiNW2LW-tHESqFYdM1vy7psJr8GPGmCFFEsKKXF_D8JPy5jZeSmOGUDpAnIkLv9WBH5bgZtY04MH65HnKcpK-ibSQVEW-vC28USN1K6LWTUQeRQqn5ab_o3xar4VAxQblzVUO1VQ36cAgi1-47UUOGtjs7rkAUhkxzxO7Rwr5oYNiy8UzunbFY0cZEM\u0026s=Rysav5FMREDkjRczjWsvmWnlQGdAIBlqTHReqVFeDvOYmrnunY_hNM-BznzLxy6HF4cks5My8NDjm8yX81qIheLHPbgnxQl6molGREFNpBOg3KiDcPMQTIfq6fKqpCQbHYJaywJ7OlM0nxKXFcWp8RO452YD9yvnmdcKbEiJhgXf388VLLHKJ7No3RqiRm19d_rBq_leFIqMnBHyPrkueoPMfy9dOYCYAIs7nn2ZOHL4YXkAHrWs9iB4n_WgnGxIzRs6qAzjeSuBOVAUzXNMpijuoaLva0siEYbxa-DeKjSF1qr2GzumFzWFt6CPNWPvZndpKDSUbLzaRxE-egsrWg\u0026h=MvwrgztkK1fKpQT-wDjWBJAnOSQWDGtdfZvwpjUgMyI",
      "RequestMethod": "GET",
      "RequestHeaders": {
        "Authorization": "Sanitized",
        "traceparent": "00-8b12cb6a0f0697fdd1bdaebf8638c8cc-f513391adcd19ba7-00",
        "User-Agent": "azsdk-net-ResourceManager/1.9.0 (.NET 7.0.14; Microsoft Windows 10.0.22635)",
        "x-ms-client-request-id": "f3045a490c0494b96c66b557b9c37595",
        "x-ms-return-client-request-id": "true"
      },
      "RequestBody": null,
      "StatusCode": 200,
      "ResponseHeaders": {
        "Cache-Control": "no-cache",
        "Content-Length": "516",
        "Content-Type": "application/json; charset=utf-8",
        "Date": "Thu, 23 Nov 2023 08:09:17 GMT",
        "ETag": "\u0022f601d295-0000-0600-0000-655f08680000\u0022",
        "Expires": "-1",
        "Pragma": "no-cache",
        "Strict-Transport-Security": "max-age=31536000; includeSubDomains",
        "X-Content-Type-Options": "nosniff",
        "x-ms-client-request-id": "f3045a490c0494b96c66b557b9c37595",
        "x-ms-correlation-request-id": "c84aad1f-6527-47b3-8777-950a91d3dcfe",
        "x-ms-ratelimit-remaining-tenant-reads": "11991",
        "x-ms-request-id": "11eeba89-0431-4779-93b7-ddb3cfb75e8e",
        "x-ms-routing-request-id": "SOUTHAFRICANORTH:20231123T080918Z:c84aad1f-6527-47b3-8777-950a91d3dcfe"
      },
      "ResponseBody": {
        "id": "/providers/Nginx.NginxPlus/locations/WESTCENTRALUS/operationStatuses/890bb6e7-e1cc-4f9f-a5e1-38e63c372d49*25715EDF537171D9F1654C2FCE3CDB14C28B019D589E220BA9051B066707DF49",
        "name": "890bb6e7-e1cc-4f9f-a5e1-38e63c372d49*25715EDF537171D9F1654C2FCE3CDB14C28B019D589E220BA9051B066707DF49",
        "resourceId": "/subscriptions/1c835c29-68e9-40a7-8455-842925d04908/resourceGroups/Default-Nginx-2226/providers/Nginx.NginxPlus/nginxDeployments/testDeployment-382",
        "status": "Accepted",
        "startTime": "2023-11-23T08:08:07.9984996Z"
      }
    },
    {
      "RequestUri": "https://management.azure.com/providers/Nginx.NginxPlus/locations/WESTCENTRALUS/operationStatuses/890bb6e7-e1cc-4f9f-a5e1-38e63c372d49*25715EDF537171D9F1654C2FCE3CDB14C28B019D589E220BA9051B066707DF49?api-version=2023-04-01\u0026t=638363236894418826\u0026c=MIIHADCCBeigAwIBAgITfAQLJaXGjL3sIjyx5QAABAslpTANBgkqhkiG9w0BAQsFADBEMRMwEQYKCZImiZPyLGQBGRYDR0JMMRMwEQYKCZImiZPyLGQBGRYDQU1FMRgwFgYDVQQDEw9BTUUgSW5mcmEgQ0EgMDUwHhcNMjMxMTAxMDUzNjA0WhcNMjQxMDI2MDUzNjA0WjBAMT4wPAYDVQQDEzVhc3luY29wZXJhdGlvbnNpZ25pbmdjZXJ0aWZpY2F0ZS5tYW5hZ2VtZW50LmF6dXJlLmNvbTCCASIwDQYJKoZIhvcNAQEBBQADggEPADCCAQoCggEBAOLHUO7dPGVIoruKLdzUNswYmek-Nljw_QxU2vLAMiVNqgHD_TDk8bAf1OzE0jMQ9YykRPzRz7TtZfN7cFjIs3D5mJLWvnug2wph85PUl0n6fMWhTHR1zCazHdfEcFCLsYctkDhhIcW0L7tSMU8rcXT9_y5SxiYVfFca-rWaJ6tpJpc2ixCWdfbW7OO0zEHxgMEOWDhmNZoA8knKo6OH0iW04aNo6HoJuUrvPwf5P6NlfROEd4DQOKF4gkUbzlaeCcVkwkS_ZNgQxTKBqZqY-Q9BQTvnnq1WKS1kicyyQbsSTCEq9qni0WLWZ0-fTNJp8ljSN4aPuZ8bGCCgtTJCRvUCAwEAAaOCA-0wggPpMCcGCSsGAQQBgjcVCgQaMBgwCgYIKwYBBQUHAwEwCgYIKwYBBQUHAwIwPQYJKwYBBAGCNxUHBDAwLgYmKwYBBAGCNxUIhpDjDYTVtHiE8Ys-hZvdFs6dEoFggvX2K4Py0SACAWQCAQowggHLBggrBgEFBQcBAQSCAb0wggG5MGMGCCsGAQUFBzAChldodHRwOi8vY3JsLm1pY3Jvc29mdC5jb20vcGtpaW5mcmEvQ2VydHMvQ08xUEtJSU5UQ0EwMS5BTUUuR0JMX0FNRSUyMEluZnJhJTIwQ0ElMjAwNS5jcnQwUwYIKwYBBQUHMAKGR2h0dHA6Ly9jcmwxLmFtZS5nYmwvYWlhL0NPMVBLSUlOVENBMDEuQU1FLkdCTF9BTUUlMjBJbmZyYSUyMENBJTIwMDUuY3J0MFMGCCsGAQUFBzAChkdodHRwOi8vY3JsMi5hbWUuZ2JsL2FpYS9DTzFQS0lJTlRDQTAxLkFNRS5HQkxfQU1FJTIwSW5mcmElMjBDQSUyMDA1LmNydDBTBggrBgEFBQcwAoZHaHR0cDovL2NybDMuYW1lLmdibC9haWEvQ08xUEtJSU5UQ0EwMS5BTUUuR0JMX0FNRSUyMEluZnJhJTIwQ0ElMjAwNS5jcnQwUwYIKwYBBQUHMAKGR2h0dHA6Ly9jcmw0LmFtZS5nYmwvYWlhL0NPMVBLSUlOVENBMDEuQU1FLkdCTF9BTUUlMjBJbmZyYSUyMENBJTIwMDUuY3J0MB0GA1UdDgQWBBQM39B_5hlROZQL6bGUve6R9sEqYjAOBgNVHQ8BAf8EBAMCBaAwggEmBgNVHR8EggEdMIIBGTCCARWgggERoIIBDYY_aHR0cDovL2NybC5taWNyb3NvZnQuY29tL3BraWluZnJhL0NSTC9BTUUlMjBJbmZyYSUyMENBJTIwMDUuY3JshjFodHRwOi8vY3JsMS5hbWUuZ2JsL2NybC9BTUUlMjBJbmZyYSUyMENBJTIwMDUuY3JshjFodHRwOi8vY3JsMi5hbWUuZ2JsL2NybC9BTUUlMjBJbmZyYSUyMENBJTIwMDUuY3JshjFodHRwOi8vY3JsMy5hbWUuZ2JsL2NybC9BTUUlMjBJbmZyYSUyMENBJTIwMDUuY3JshjFodHRwOi8vY3JsNC5hbWUuZ2JsL2NybC9BTUUlMjBJbmZyYSUyMENBJTIwMDUuY3JsMBcGA1UdIAQQMA4wDAYKKwYBBAGCN3sBATAfBgNVHSMEGDAWgBR61hmFKHlscXYeYPjzS--iBUIWHTAdBgNVHSUEFjAUBggrBgEFBQcDAQYIKwYBBQUHAwIwDQYJKoZIhvcNAQELBQADggEBAHsDVo-ubSySZd4FYJJzcvbu2RGLublq8xgAoGl9Jn-5zXXh0d0dSo9sYUruEmf4m6a5fl_ihkPtuaUSEA4aJeVGYNi0_RmMj42eIYHcT0kJI6SBebjMe5w97pOyrwCIkFJZt8dzXH61xgR1pxP7AUNRta8UJiNW2LW-tHESqFYdM1vy7psJr8GPGmCFFEsKKXF_D8JPy5jZeSmOGUDpAnIkLv9WBH5bgZtY04MH65HnKcpK-ibSQVEW-vC28USN1K6LWTUQeRQqn5ab_o3xar4VAxQblzVUO1VQ36cAgi1-47UUOGtjs7rkAUhkxzxO7Rwr5oYNiy8UzunbFY0cZEM\u0026s=Rysav5FMREDkjRczjWsvmWnlQGdAIBlqTHReqVFeDvOYmrnunY_hNM-BznzLxy6HF4cks5My8NDjm8yX81qIheLHPbgnxQl6molGREFNpBOg3KiDcPMQTIfq6fKqpCQbHYJaywJ7OlM0nxKXFcWp8RO452YD9yvnmdcKbEiJhgXf388VLLHKJ7No3RqiRm19d_rBq_leFIqMnBHyPrkueoPMfy9dOYCYAIs7nn2ZOHL4YXkAHrWs9iB4n_WgnGxIzRs6qAzjeSuBOVAUzXNMpijuoaLva0siEYbxa-DeKjSF1qr2GzumFzWFt6CPNWPvZndpKDSUbLzaRxE-egsrWg\u0026h=MvwrgztkK1fKpQT-wDjWBJAnOSQWDGtdfZvwpjUgMyI",
      "RequestMethod": "GET",
      "RequestHeaders": {
        "Authorization": "Sanitized",
        "traceparent": "00-8b12cb6a0f0697fdd1bdaebf8638c8cc-80aa979c4ff6a283-00",
        "User-Agent": "azsdk-net-ResourceManager/1.9.0 (.NET 7.0.14; Microsoft Windows 10.0.22635)",
        "x-ms-client-request-id": "f33320b9e4da73d51ab06b449f3c3339",
        "x-ms-return-client-request-id": "true"
      },
      "RequestBody": null,
      "StatusCode": 200,
      "ResponseHeaders": {
        "Cache-Control": "no-cache",
        "Content-Length": "516",
        "Content-Type": "application/json; charset=utf-8",
        "Date": "Thu, 23 Nov 2023 08:09:50 GMT",
        "ETag": "\u0022f601d295-0000-0600-0000-655f08680000\u0022",
        "Expires": "-1",
        "Pragma": "no-cache",
        "Strict-Transport-Security": "max-age=31536000; includeSubDomains",
        "X-Content-Type-Options": "nosniff",
        "x-ms-client-request-id": "f33320b9e4da73d51ab06b449f3c3339",
        "x-ms-correlation-request-id": "595bc0de-9a37-4389-8474-9cc10f590b96",
        "x-ms-ratelimit-remaining-tenant-reads": "11990",
        "x-ms-request-id": "1e5762cc-97ae-4903-929a-01c86801654b",
        "x-ms-routing-request-id": "SOUTHAFRICANORTH:20231123T080950Z:595bc0de-9a37-4389-8474-9cc10f590b96"
      },
      "ResponseBody": {
        "id": "/providers/Nginx.NginxPlus/locations/WESTCENTRALUS/operationStatuses/890bb6e7-e1cc-4f9f-a5e1-38e63c372d49*25715EDF537171D9F1654C2FCE3CDB14C28B019D589E220BA9051B066707DF49",
        "name": "890bb6e7-e1cc-4f9f-a5e1-38e63c372d49*25715EDF537171D9F1654C2FCE3CDB14C28B019D589E220BA9051B066707DF49",
        "resourceId": "/subscriptions/1c835c29-68e9-40a7-8455-842925d04908/resourceGroups/Default-Nginx-2226/providers/Nginx.NginxPlus/nginxDeployments/testDeployment-382",
        "status": "Accepted",
        "startTime": "2023-11-23T08:08:07.9984996Z"
      }
    },
    {
      "RequestUri": "https://management.azure.com/providers/Nginx.NginxPlus/locations/WESTCENTRALUS/operationStatuses/890bb6e7-e1cc-4f9f-a5e1-38e63c372d49*25715EDF537171D9F1654C2FCE3CDB14C28B019D589E220BA9051B066707DF49?api-version=2023-04-01\u0026t=638363236894418826\u0026c=MIIHADCCBeigAwIBAgITfAQLJaXGjL3sIjyx5QAABAslpTANBgkqhkiG9w0BAQsFADBEMRMwEQYKCZImiZPyLGQBGRYDR0JMMRMwEQYKCZImiZPyLGQBGRYDQU1FMRgwFgYDVQQDEw9BTUUgSW5mcmEgQ0EgMDUwHhcNMjMxMTAxMDUzNjA0WhcNMjQxMDI2MDUzNjA0WjBAMT4wPAYDVQQDEzVhc3luY29wZXJhdGlvbnNpZ25pbmdjZXJ0aWZpY2F0ZS5tYW5hZ2VtZW50LmF6dXJlLmNvbTCCASIwDQYJKoZIhvcNAQEBBQADggEPADCCAQoCggEBAOLHUO7dPGVIoruKLdzUNswYmek-Nljw_QxU2vLAMiVNqgHD_TDk8bAf1OzE0jMQ9YykRPzRz7TtZfN7cFjIs3D5mJLWvnug2wph85PUl0n6fMWhTHR1zCazHdfEcFCLsYctkDhhIcW0L7tSMU8rcXT9_y5SxiYVfFca-rWaJ6tpJpc2ixCWdfbW7OO0zEHxgMEOWDhmNZoA8knKo6OH0iW04aNo6HoJuUrvPwf5P6NlfROEd4DQOKF4gkUbzlaeCcVkwkS_ZNgQxTKBqZqY-Q9BQTvnnq1WKS1kicyyQbsSTCEq9qni0WLWZ0-fTNJp8ljSN4aPuZ8bGCCgtTJCRvUCAwEAAaOCA-0wggPpMCcGCSsGAQQBgjcVCgQaMBgwCgYIKwYBBQUHAwEwCgYIKwYBBQUHAwIwPQYJKwYBBAGCNxUHBDAwLgYmKwYBBAGCNxUIhpDjDYTVtHiE8Ys-hZvdFs6dEoFggvX2K4Py0SACAWQCAQowggHLBggrBgEFBQcBAQSCAb0wggG5MGMGCCsGAQUFBzAChldodHRwOi8vY3JsLm1pY3Jvc29mdC5jb20vcGtpaW5mcmEvQ2VydHMvQ08xUEtJSU5UQ0EwMS5BTUUuR0JMX0FNRSUyMEluZnJhJTIwQ0ElMjAwNS5jcnQwUwYIKwYBBQUHMAKGR2h0dHA6Ly9jcmwxLmFtZS5nYmwvYWlhL0NPMVBLSUlOVENBMDEuQU1FLkdCTF9BTUUlMjBJbmZyYSUyMENBJTIwMDUuY3J0MFMGCCsGAQUFBzAChkdodHRwOi8vY3JsMi5hbWUuZ2JsL2FpYS9DTzFQS0lJTlRDQTAxLkFNRS5HQkxfQU1FJTIwSW5mcmElMjBDQSUyMDA1LmNydDBTBggrBgEFBQcwAoZHaHR0cDovL2NybDMuYW1lLmdibC9haWEvQ08xUEtJSU5UQ0EwMS5BTUUuR0JMX0FNRSUyMEluZnJhJTIwQ0ElMjAwNS5jcnQwUwYIKwYBBQUHMAKGR2h0dHA6Ly9jcmw0LmFtZS5nYmwvYWlhL0NPMVBLSUlOVENBMDEuQU1FLkdCTF9BTUUlMjBJbmZyYSUyMENBJTIwMDUuY3J0MB0GA1UdDgQWBBQM39B_5hlROZQL6bGUve6R9sEqYjAOBgNVHQ8BAf8EBAMCBaAwggEmBgNVHR8EggEdMIIBGTCCARWgggERoIIBDYY_aHR0cDovL2NybC5taWNyb3NvZnQuY29tL3BraWluZnJhL0NSTC9BTUUlMjBJbmZyYSUyMENBJTIwMDUuY3JshjFodHRwOi8vY3JsMS5hbWUuZ2JsL2NybC9BTUUlMjBJbmZyYSUyMENBJTIwMDUuY3JshjFodHRwOi8vY3JsMi5hbWUuZ2JsL2NybC9BTUUlMjBJbmZyYSUyMENBJTIwMDUuY3JshjFodHRwOi8vY3JsMy5hbWUuZ2JsL2NybC9BTUUlMjBJbmZyYSUyMENBJTIwMDUuY3JshjFodHRwOi8vY3JsNC5hbWUuZ2JsL2NybC9BTUUlMjBJbmZyYSUyMENBJTIwMDUuY3JsMBcGA1UdIAQQMA4wDAYKKwYBBAGCN3sBATAfBgNVHSMEGDAWgBR61hmFKHlscXYeYPjzS--iBUIWHTAdBgNVHSUEFjAUBggrBgEFBQcDAQYIKwYBBQUHAwIwDQYJKoZIhvcNAQELBQADggEBAHsDVo-ubSySZd4FYJJzcvbu2RGLublq8xgAoGl9Jn-5zXXh0d0dSo9sYUruEmf4m6a5fl_ihkPtuaUSEA4aJeVGYNi0_RmMj42eIYHcT0kJI6SBebjMe5w97pOyrwCIkFJZt8dzXH61xgR1pxP7AUNRta8UJiNW2LW-tHESqFYdM1vy7psJr8GPGmCFFEsKKXF_D8JPy5jZeSmOGUDpAnIkLv9WBH5bgZtY04MH65HnKcpK-ibSQVEW-vC28USN1K6LWTUQeRQqn5ab_o3xar4VAxQblzVUO1VQ36cAgi1-47UUOGtjs7rkAUhkxzxO7Rwr5oYNiy8UzunbFY0cZEM\u0026s=Rysav5FMREDkjRczjWsvmWnlQGdAIBlqTHReqVFeDvOYmrnunY_hNM-BznzLxy6HF4cks5My8NDjm8yX81qIheLHPbgnxQl6molGREFNpBOg3KiDcPMQTIfq6fKqpCQbHYJaywJ7OlM0nxKXFcWp8RO452YD9yvnmdcKbEiJhgXf388VLLHKJ7No3RqiRm19d_rBq_leFIqMnBHyPrkueoPMfy9dOYCYAIs7nn2ZOHL4YXkAHrWs9iB4n_WgnGxIzRs6qAzjeSuBOVAUzXNMpijuoaLva0siEYbxa-DeKjSF1qr2GzumFzWFt6CPNWPvZndpKDSUbLzaRxE-egsrWg\u0026h=MvwrgztkK1fKpQT-wDjWBJAnOSQWDGtdfZvwpjUgMyI",
      "RequestMethod": "GET",
      "RequestHeaders": {
        "Authorization": "Sanitized",
        "traceparent": "00-8b12cb6a0f0697fdd1bdaebf8638c8cc-85e59fa27feb109f-00",
        "User-Agent": "azsdk-net-ResourceManager/1.9.0 (.NET 7.0.14; Microsoft Windows 10.0.22635)",
        "x-ms-client-request-id": "3513a29d97f686df163eefb5fa6a038f",
        "x-ms-return-client-request-id": "true"
      },
      "RequestBody": null,
      "StatusCode": 200,
      "ResponseHeaders": {
        "Cache-Control": "no-cache",
        "Content-Length": "587",
        "Content-Type": "application/json; charset=utf-8",
        "Date": "Thu, 23 Nov 2023 08:10:22 GMT",
        "ETag": "\u0022f601209e-0000-0600-0000-655f08cf0000\u0022",
        "Expires": "-1",
        "Pragma": "no-cache",
        "Strict-Transport-Security": "max-age=31536000; includeSubDomains",
        "X-Content-Type-Options": "nosniff",
        "x-ms-client-request-id": "3513a29d97f686df163eefb5fa6a038f",
        "x-ms-correlation-request-id": "00d73bab-2e28-4e61-803f-b975930d11a7",
        "x-ms-ratelimit-remaining-tenant-reads": "11989",
        "x-ms-request-id": "268ff0b3-5721-4134-b7c7-a48d47a14fb5",
        "x-ms-routing-request-id": "SOUTHAFRICANORTH:20231123T081023Z:00d73bab-2e28-4e61-803f-b975930d11a7"
      },
      "ResponseBody": {
        "id": "/providers/Nginx.NginxPlus/locations/WESTCENTRALUS/operationStatuses/890bb6e7-e1cc-4f9f-a5e1-38e63c372d49*25715EDF537171D9F1654C2FCE3CDB14C28B019D589E220BA9051B066707DF49",
        "name": "890bb6e7-e1cc-4f9f-a5e1-38e63c372d49*25715EDF537171D9F1654C2FCE3CDB14C28B019D589E220BA9051B066707DF49",
        "resourceId": "/subscriptions/1c835c29-68e9-40a7-8455-842925d04908/resourceGroups/Default-Nginx-2226/providers/Nginx.NginxPlus/nginxDeployments/testDeployment-382",
        "status": "Succeeded",
        "startTime": "2023-11-23T08:08:07.9984996Z",
        "endTime": "2023-11-23T08:09:51.7309851Z",
        "error": {},
        "properties": null
      }
    },
    {
      "RequestUri": "https://management.azure.com/subscriptions/1c835c29-68e9-40a7-8455-842925d04908/resourceGroups/Default-Nginx-2226/providers/Nginx.NginxPlus/nginxDeployments/testDeployment-382?api-version=2023-04-01",
      "RequestMethod": "GET",
      "RequestHeaders": {
        "Authorization": "Sanitized",
        "traceparent": "00-8b12cb6a0f0697fdd1bdaebf8638c8cc-580b41a3f7c9d49a-00",
        "User-Agent": "azsdk-net-ResourceManager/1.9.0 (.NET 7.0.14; Microsoft Windows 10.0.22635)",
        "x-ms-client-request-id": "8987d908832865978590d953a074f42f",
        "x-ms-return-client-request-id": "true"
      },
      "RequestBody": null,
      "StatusCode": 200,
      "ResponseHeaders": {
        "Cache-Control": "no-cache",
        "Content-Length": "1680",
        "Content-Type": "application/json; charset=utf-8",
        "Date": "Thu, 23 Nov 2023 08:10:23 GMT",
        "ETag": "\u00223d058b58-0000-0600-0000-655f08cf0000\u0022",
        "Expires": "-1",
        "Pragma": "no-cache",
        "Strict-Transport-Security": "max-age=31536000; includeSubDomains",
        "X-Content-Type-Options": "nosniff",
        "x-ms-client-request-id": "8987d908832865978590d953a074f42f",
        "x-ms-correlation-request-id": "88f8c750-1e12-4952-a512-b9553fcb76e2",
        "x-ms-providerhub-traffic": "True",
        "x-ms-ratelimit-remaining-subscription-reads": "11991",
        "x-ms-request-id": "089c0850-0c9d-4529-8be5-365ea1067134",
        "x-ms-routing-request-id": "SOUTHAFRICANORTH:20231123T081023Z:88f8c750-1e12-4952-a512-b9553fcb76e2"
      },
      "ResponseBody": {
        "id": "/subscriptions/1c835c29-68e9-40a7-8455-842925d04908/resourceGroups/Default-Nginx-2226/providers/Nginx.NginxPlus/nginxDeployments/testDeployment-382",
        "name": "testDeployment-382",
        "type": "nginx.nginxplus/nginxdeployments",
        "sku": {
          "name": "standard_Monthly"
        },
        "location": "westcentralus",
        "tags": {},
        "systemData": {
          "createdBy": "83e1fee6-9cf1-487c-afb2-b5822019b861",
          "createdByType": "Application",
          "createdAt": "2023-11-23T08:08:04.1762251Z",
          "lastModifiedBy": "83e1fee6-9cf1-487c-afb2-b5822019b861",
          "lastModifiedByType": "Application",
          "lastModifiedAt": "2023-11-23T08:08:04.1762251Z"
        },
        "identity": {
          "type": "UserAssigned",
          "userAssignedIdentities": {
            "/subscriptions/e3853e83-0d02-4fb3-b88f-05b5fd21aee2/resourcegroups/synthetics-integration-tests/providers/Microsoft.ManagedIdentity/userAssignedIdentities/integration-tests-mi": {
              "principalId": "9c8c1eab-1b64-4d95-bbba-04843012d190",
              "clientId": "cfcab166-335a-4af7-a61d-c7c07236688e"
            }
          }
        },
        "properties": {
          "provisioningState": "Succeeded",
          "nginxVersion": "1.25.1 (nginx-plus-r30-p1)",
          "managedResourceGroup": "NGX_Default-Nginx-2226_testDeployment-382_westcentralus",
          "ipAddress": "20.165.189.184",
          "networkProfile": {
            "frontEndIPConfiguration": {
              "publicIPAddresses": [
                {
                  "id": "/subscriptions/1c835c29-68e9-40a7-8455-842925d04908/resourceGroups/Default-Nginx-2226/providers/Microsoft.Network/publicIPAddresses/testPublicIP-467"
                }
              ]
            },
            "networkInterfaceConfiguration": {
              "subnetId": "/subscriptions/1c835c29-68e9-40a7-8455-842925d04908/resourceGroups/Default-Nginx-2226/providers/Microsoft.Network/virtualNetworks/testVNet-5664/subnets/testSubnet-5226"
            }
          },
          "enableDiagnosticsSupport": true,
          "scalingProperties": {
            "capacity": 10
          },
          "userProfile": {
            "preferredEmail": "test@mail.com"
          }
        }
      }
    }
  ],
  "Variables": {
    "AZURE_AUTHORITY_HOST": "https://login.microsoftonline.com",
    "ManagedIdentityResourceID": "/subscriptions/e3853e83-0d02-4fb3-b88f-05b5fd21aee2/resourcegroups/synthetics-integration-tests/providers/Microsoft.ManagedIdentity/userAssignedIdentities/integration-tests-mi",
    "RandomSeed": "1101328774",
    "RESOURCE_MANAGER_URL": null,
    "SUBSCRIPTION_ID": "1c835c29-68e9-40a7-8455-842925d04908"
  }
}
