{
  "Entries": [
    {
      "RequestUri": "https://jalauzonnettest.blob.core.windows.net/test-container-f5d879cf-7ac3-91ed-22e8-87d8fb9268f7?restype=container",
      "RequestMethod": "PUT",
      "RequestHeaders": {
        "Accept": "application/xml",
        "Authorization": "Sanitized",
        "Content-Length": "0",
        "traceparent": "00-5fc2c65452cd62ad22ac591c444ae445-30763a58492ad739-00",
        "User-Agent": "azsdk-net-Storage.Blobs/12.23.0-alpha.20241009.1 (.NET 8.0.8; Microsoft Windows 10.0.22631)",
        "x-ms-client-request-id": "Sanitized",
        "x-ms-date": "Wed, 09 Oct 2024 20:58:00 GMT",
        "x-ms-return-client-request-id": "true",
        "x-ms-version": "2025-01-05"
      },
      "RequestBody": null,
      "StatusCode": 201,
      "ResponseHeaders": {
        "Content-Length": "0",
        "Date": "Wed, 09 Oct 2024 20:57:59 GMT",
        "ETag": "\"0x8DCE8A50F87F290\"",
        "Last-Modified": "Wed, 09 Oct 2024 20:58:00 GMT",
        "Server": [
          "Windows-Azure-Blob/1.0",
          "Microsoft-HTTPAPI/2.0"
        ],
        "x-ms-client-request-id": "Sanitized",
        "x-ms-request-id": "ebd7c156-401e-0047-7b8d-1ab199000000",
        "x-ms-version": "2025-01-05"
      },
      "ResponseBody": null
    },
    {
      "RequestUri": "https://jalauzonnettest.blob.core.windows.net/test-container-114c15ae-c56e-66ed-dbb2-4e7b40323304?restype=container",
      "RequestMethod": "PUT",
      "RequestHeaders": {
        "Accept": "application/xml",
        "Authorization": "Sanitized",
        "Content-Length": "0",
        "traceparent": "00-e8a5d5f96094aebbbb5fc02c6aaec7f8-9e9738a748273641-00",
        "User-Agent": "azsdk-net-Storage.Blobs/12.23.0-alpha.20241009.1 (.NET 8.0.8; Microsoft Windows 10.0.22631)",
        "x-ms-client-request-id": "Sanitized",
        "x-ms-date": "Wed, 09 Oct 2024 20:58:00 GMT",
        "x-ms-return-client-request-id": "true",
        "x-ms-version": "2025-01-05"
      },
      "RequestBody": null,
      "StatusCode": 201,
      "ResponseHeaders": {
        "Content-Length": "0",
        "Date": "Wed, 09 Oct 2024 20:57:59 GMT",
        "ETag": "\"0x8DCE8A50F8FA280\"",
        "Last-Modified": "Wed, 09 Oct 2024 20:58:00 GMT",
        "Server": [
          "Windows-Azure-Blob/1.0",
          "Microsoft-HTTPAPI/2.0"
        ],
        "x-ms-client-request-id": "Sanitized",
        "x-ms-request-id": "ebd7c15b-401e-0047-7f8d-1ab199000000",
        "x-ms-version": "2025-01-05"
      },
      "ResponseBody": null
    },
    {
      "RequestUri": "https://jalauzonnettest.blob.core.windows.net/test-container-f5d879cf-7ac3-91ed-22e8-87d8fb9268f7/sourceFolder/item1?sv=Sanitized&se=2024-10-10T20%3A58%3A00Z&sr=c&sp=racwdxltfi&sig=Sanitized",
      "RequestMethod": "PUT",
      "RequestHeaders": {
        "Accept": "application/xml",
        "Content-Length": "0",
        "Content-Type": "application/octet-stream",
        "User-Agent": "azsdk-net-Storage.Blobs/12.23.0-alpha.20241009.1 (.NET 8.0.8; Microsoft Windows 10.0.22631)",
        "x-ms-access-tier": "Cold",
        "x-ms-blob-cache-control": "no-cache",
        "x-ms-blob-content-disposition": "inline",
        "x-ms-blob-content-language": "en-US",
        "x-ms-blob-content-type": "text/plain",
        "x-ms-blob-type": "BlockBlob",
        "x-ms-client-request-id": "Sanitized",
        "x-ms-meta-Capital": "letter",
        "x-ms-meta-foo": "bar",
        "x-ms-meta-meta": "data",
        "x-ms-meta-UPPER": "case",
        "x-ms-return-client-request-id": "true",
        "x-ms-version": "2025-01-05"
      },
      "RequestBody": null,
      "StatusCode": 201,
      "ResponseHeaders": {
        "Content-Length": "0",
        "Content-MD5": "1B2M2Y8AsgTpgAmY7PhCfg==",
        "Date": "Wed, 09 Oct 2024 20:58:00 GMT",
        "ETag": "\"0x8DCE8A50F970F7F\"",
        "Last-Modified": "Wed, 09 Oct 2024 20:58:00 GMT",
        "Server": [
          "Windows-Azure-Blob/1.0",
          "Microsoft-HTTPAPI/2.0"
        ],
        "x-ms-client-request-id": "Sanitized",
        "x-ms-content-crc64": "AAAAAAAAAAA=",
        "x-ms-request-id": "ebd7c15e-401e-0047-018d-1ab199000000",
        "x-ms-request-server-encrypted": "true",
        "x-ms-version": "2025-01-05",
        "x-ms-version-id": "2024-10-09T20:58:00.8573823Z"
      },
      "ResponseBody": null
    },
    {
      "RequestUri": "https://jalauzonnettest.blob.core.windows.net/test-container-f5d879cf-7ac3-91ed-22e8-87d8fb9268f7/sourceFolder/item2?sv=Sanitized&se=2024-10-10T20%3A58%3A00Z&sr=c&sp=racwdxltfi&sig=Sanitized",
      "RequestMethod": "PUT",
      "RequestHeaders": {
        "Accept": "application/xml",
        "Content-Length": "0",
        "Content-Type": "application/octet-stream",
        "User-Agent": "azsdk-net-Storage.Blobs/12.23.0-alpha.20241009.1 (.NET 8.0.8; Microsoft Windows 10.0.22631)",
        "x-ms-access-tier": "Cold",
        "x-ms-blob-cache-control": "no-cache",
        "x-ms-blob-content-disposition": "inline",
        "x-ms-blob-content-language": "en-US",
        "x-ms-blob-content-type": "text/plain",
        "x-ms-blob-type": "BlockBlob",
        "x-ms-client-request-id": "Sanitized",
        "x-ms-meta-Capital": "letter",
        "x-ms-meta-foo": "bar",
        "x-ms-meta-meta": "data",
        "x-ms-meta-UPPER": "case",
        "x-ms-return-client-request-id": "true",
        "x-ms-version": "2025-01-05"
      },
      "RequestBody": null,
      "StatusCode": 201,
      "ResponseHeaders": {
        "Content-Length": "0",
        "Content-MD5": "1B2M2Y8AsgTpgAmY7PhCfg==",
        "Date": "Wed, 09 Oct 2024 20:58:00 GMT",
        "ETag": "\"0x8DCE8A50F9DEC50\"",
        "Last-Modified": "Wed, 09 Oct 2024 20:58:00 GMT",
        "Server": [
          "Windows-Azure-Blob/1.0",
          "Microsoft-HTTPAPI/2.0"
        ],
        "x-ms-client-request-id": "Sanitized",
        "x-ms-content-crc64": "AAAAAAAAAAA=",
        "x-ms-request-id": "ebd7c163-401e-0047-048d-1ab199000000",
        "x-ms-request-server-encrypted": "true",
        "x-ms-version": "2025-01-05",
        "x-ms-version-id": "2024-10-09T20:58:00.9023568Z"
      },
      "ResponseBody": null
    },
    {
      "RequestUri": "https://jalauzonnettest.blob.core.windows.net/test-container-f5d879cf-7ac3-91ed-22e8-87d8fb9268f7/sourceFolder/bar/item3?sv=Sanitized&se=2024-10-10T20%3A58%3A00Z&sr=c&sp=racwdxltfi&sig=Sanitized",
      "RequestMethod": "PUT",
      "RequestHeaders": {
        "Accept": "application/xml",
        "Content-Length": "0",
        "Content-Type": "application/octet-stream",
        "User-Agent": "azsdk-net-Storage.Blobs/12.23.0-alpha.20241009.1 (.NET 8.0.8; Microsoft Windows 10.0.22631)",
        "x-ms-access-tier": "Cold",
        "x-ms-blob-cache-control": "no-cache",
        "x-ms-blob-content-disposition": "inline",
        "x-ms-blob-content-language": "en-US",
        "x-ms-blob-content-type": "text/plain",
        "x-ms-blob-type": "BlockBlob",
        "x-ms-client-request-id": "Sanitized",
        "x-ms-meta-Capital": "letter",
        "x-ms-meta-foo": "bar",
        "x-ms-meta-meta": "data",
        "x-ms-meta-UPPER": "case",
        "x-ms-return-client-request-id": "true",
        "x-ms-version": "2025-01-05"
      },
      "RequestBody": null,
      "StatusCode": 201,
      "ResponseHeaders": {
        "Content-Length": "0",
        "Content-MD5": "1B2M2Y8AsgTpgAmY7PhCfg==",
        "Date": "Wed, 09 Oct 2024 20:58:00 GMT",
        "ETag": "\"0x8DCE8A50FA4C923\"",
        "Last-Modified": "Wed, 09 Oct 2024 20:58:00 GMT",
        "Server": [
          "Windows-Azure-Blob/1.0",
          "Microsoft-HTTPAPI/2.0"
        ],
        "x-ms-client-request-id": "Sanitized",
        "x-ms-content-crc64": "AAAAAAAAAAA=",
        "x-ms-request-id": "ebd7c164-401e-0047-058d-1ab199000000",
        "x-ms-request-server-encrypted": "true",
        "x-ms-version": "2025-01-05",
        "x-ms-version-id": "2024-10-09T20:58:00.9483309Z"
      },
      "ResponseBody": null
    },
    {
      "RequestUri": "https://jalauzonnettest.blob.core.windows.net/test-container-f5d879cf-7ac3-91ed-22e8-87d8fb9268f7/sourceFolder/pik/item4?sv=Sanitized&se=2024-10-10T20%3A58%3A00Z&sr=c&sp=racwdxltfi&sig=Sanitized",
      "RequestMethod": "PUT",
      "RequestHeaders": {
        "Accept": "application/xml",
        "Content-Length": "0",
        "Content-Type": "application/octet-stream",
        "User-Agent": "azsdk-net-Storage.Blobs/12.23.0-alpha.20241009.1 (.NET 8.0.8; Microsoft Windows 10.0.22631)",
        "x-ms-access-tier": "Cold",
        "x-ms-blob-cache-control": "no-cache",
        "x-ms-blob-content-disposition": "inline",
        "x-ms-blob-content-language": "en-US",
        "x-ms-blob-content-type": "text/plain",
        "x-ms-blob-type": "BlockBlob",
        "x-ms-client-request-id": "Sanitized",
        "x-ms-meta-Capital": "letter",
        "x-ms-meta-foo": "bar",
        "x-ms-meta-meta": "data",
        "x-ms-meta-UPPER": "case",
        "x-ms-return-client-request-id": "true",
        "x-ms-version": "2025-01-05"
      },
      "RequestBody": null,
      "StatusCode": 201,
      "ResponseHeaders": {
        "Content-Length": "0",
        "Content-MD5": "1B2M2Y8AsgTpgAmY7PhCfg==",
        "Date": "Wed, 09 Oct 2024 20:58:00 GMT",
        "ETag": "\"0x8DCE8A50FABA5F3\"",
        "Last-Modified": "Wed, 09 Oct 2024 20:58:00 GMT",
        "Server": [
          "Windows-Azure-Blob/1.0",
          "Microsoft-HTTPAPI/2.0"
        ],
        "x-ms-client-request-id": "Sanitized",
        "x-ms-content-crc64": "AAAAAAAAAAA=",
        "x-ms-request-id": "ebd7c166-401e-0047-078d-1ab199000000",
        "x-ms-request-server-encrypted": "true",
        "x-ms-version": "2025-01-05",
        "x-ms-version-id": "2024-10-09T20:58:00.9933055Z"
      },
      "ResponseBody": null
    },
    {
      "RequestUri": "https://jalauzonnettest.blob.core.windows.net/test-container-f5d879cf-7ac3-91ed-22e8-87d8fb9268f7?sv=Sanitized&se=2024-10-10T20%3A58%3A00Z&sr=c&sp=racwdxltfi&sig=Sanitized&restype=container&comp=list&prefix=sourceFolder%2F&include=Metadata",
      "RequestMethod": "GET",
      "RequestHeaders": {
        "Accept": "application/xml",
        "User-Agent": "azsdk-net-Storage.Blobs/12.23.0-alpha.20241009.1 (.NET 8.0.8; Microsoft Windows 10.0.22631)",
        "x-ms-client-request-id": "Sanitized",
        "x-ms-return-client-request-id": "true",
        "x-ms-version": "2025-01-05"
      },
      "RequestBody": null,
      "StatusCode": 200,
      "ResponseHeaders": {
        "Content-Type": "application/xml",
        "Date": "Wed, 09 Oct 2024 20:58:00 GMT",
        "Server": [
          "Windows-Azure-Blob/1.0",
          "Microsoft-HTTPAPI/2.0"
        ],
        "Transfer-Encoding": "chunked",
        "x-ms-client-request-id": "Sanitized",
        "x-ms-request-id": "ebd7c16b-401e-0047-0c8d-1ab199000000",
        "x-ms-version": "2025-01-05"
      },
      "ResponseBody": "\uFEFF<?xml version=\"1.0\" encoding=\"utf-8\"?><EnumerationResults ServiceEndpoint=\"https://jalauzonnettest.blob.core.windows.net/\" ContainerName=\"test-container-f5d879cf-7ac3-91ed-22e8-87d8fb9268f7\"><Prefix>sourceFolder/</Prefix><Blobs><Blob><Name>sourceFolder/bar/item3</Name><VersionId>2024-10-09T20:58:00.9483309Z</VersionId><IsCurrentVersion>true</IsCurrentVersion><Properties><Creation-Time>Wed, 09 Oct 2024 20:58:00 GMT</Creation-Time><Last-Modified>Wed, 09 Oct 2024 20:58:00 GMT</Last-Modified><Etag>0x8DCE8A50FA4C923</Etag><Content-Length>0</Content-Length><Content-Type>text/plain</Content-Type><Content-Encoding /><Content-Language>en-US</Content-Language><Content-CRC64 /><Content-MD5>1B2M2Y8AsgTpgAmY7PhCfg==</Content-MD5><Cache-Control>no-cache</Cache-Control><Content-Disposition>inline</Content-Disposition><LastAccessTime>Wed, 09 Oct 2024 20:58:00 GMT</LastAccessTime><BlobType>BlockBlob</BlobType><AccessTier>Cold</AccessTier><AccessTierChangeTime>Wed, 09 Oct 2024 20:58:00 GMT</AccessTierChangeTime><LeaseStatus>unlocked</LeaseStatus><LeaseState>available</LeaseState><ServerEncrypted>true</ServerEncrypted></Properties><Metadata><foo>bar</foo><meta>data</meta><Capital>letter</Capital><UPPER>case</UPPER></Metadata><OrMetadata /></Blob><Blob><Name>sourceFolder/item1</Name><VersionId>2024-10-09T20:58:00.8573823Z</VersionId><IsCurrentVersion>true</IsCurrentVersion><Properties><Creation-Time>Wed, 09 Oct 2024 20:58:00 GMT</Creation-Time><Last-Modified>Wed, 09 Oct 2024 20:58:00 GMT</Last-Modified><Etag>0x8DCE8A50F970F7F</Etag><Content-Length>0</Content-Length><Content-Type>text/plain</Content-Type><Content-Encoding /><Content-Language>en-US</Content-Language><Content-CRC64 /><Content-MD5>1B2M2Y8AsgTpgAmY7PhCfg==</Content-MD5><Cache-Control>no-cache</Cache-Control><Content-Disposition>inline</Content-Disposition><LastAccessTime>Wed, 09 Oct 2024 20:58:00 GMT</LastAccessTime><BlobType>BlockBlob</BlobType><AccessTier>Cold</AccessTier><AccessTierChangeTime>Wed, 09 Oct 2024 20:58:00 GMT</AccessTierChangeTime><LeaseStatus>unlocked</LeaseStatus><LeaseState>available</LeaseState><ServerEncrypted>true</ServerEncrypted></Properties><Metadata><foo>bar</foo><meta>data</meta><Capital>letter</Capital><UPPER>case</UPPER></Metadata><OrMetadata /></Blob><Blob><Name>sourceFolder/item2</Name><VersionId>2024-10-09T20:58:00.9023568Z</VersionId><IsCurrentVersion>true</IsCurrentVersion><Properties><Creation-Time>Wed, 09 Oct 2024 20:58:00 GMT</Creation-Time><Last-Modified>Wed, 09 Oct 2024 20:58:00 GMT</Last-Modified><Etag>0x8DCE8A50F9DEC50</Etag><Content-Length>0</Content-Length><Content-Type>text/plain</Content-Type><Content-Encoding /><Content-Language>en-US</Content-Language><Content-CRC64 /><Content-MD5>1B2M2Y8AsgTpgAmY7PhCfg==</Content-MD5><Cache-Control>no-cache</Cache-Control><Content-Disposition>inline</Content-Disposition><LastAccessTime>Wed, 09 Oct 2024 20:58:00 GMT</LastAccessTime><BlobType>BlockBlob</BlobType><AccessTier>Cold</AccessTier><AccessTierChangeTime>Wed, 09 Oct 2024 20:58:00 GMT</AccessTierChangeTime><LeaseStatus>unlocked</LeaseStatus><LeaseState>available</LeaseState><ServerEncrypted>true</ServerEncrypted></Properties><Metadata><foo>bar</foo><meta>data</meta><Capital>letter</Capital><UPPER>case</UPPER></Metadata><OrMetadata /></Blob><Blob><Name>sourceFolder/pik/item4</Name><VersionId>2024-10-09T20:58:00.9933055Z</VersionId><IsCurrentVersion>true</IsCurrentVersion><Properties><Creation-Time>Wed, 09 Oct 2024 20:58:00 GMT</Creation-Time><Last-Modified>Wed, 09 Oct 2024 20:58:00 GMT</Last-Modified><Etag>0x8DCE8A50FABA5F3</Etag><Content-Length>0</Content-Length><Content-Type>text/plain</Content-Type><Content-Encoding /><Content-Language>en-US</Content-Language><Content-CRC64 /><Content-MD5>1B2M2Y8AsgTpgAmY7PhCfg==</Content-MD5><Cache-Control>no-cache</Cache-Control><Content-Disposition>inline</Content-Disposition><LastAccessTime>Wed, 09 Oct 2024 20:58:00 GMT</LastAccessTime><BlobType>BlockBlob</BlobType><AccessTier>Cold</AccessTier><AccessTierChangeTime>Wed, 09 Oct 2024 20:58:00 GMT</AccessTierChangeTime><LeaseStatus>unlocked</LeaseStatus><LeaseState>available</LeaseState><ServerEncrypted>true</ServerEncrypted></Properties><Metadata><foo>bar</foo><meta>data</meta><Capital>letter</Capital><UPPER>case</UPPER></Metadata><OrMetadata /></Blob></Blobs><NextMarker /></EnumerationResults>"
    },
    {
      "RequestUri": "https://jalauzonnettest.blob.core.windows.net/test-container-114c15ae-c56e-66ed-dbb2-4e7b40323304/destFolder/bar/item3",
      "RequestMethod": "PUT",
      "RequestHeaders": {
        "Accept": "application/xml",
        "Authorization": "Sanitized",
        "Content-Length": "0",
        "If-None-Match": "*",
        "traceparent": "00-da79d7cd1d3823675a0b296e513ae87c-5e05626ddebb20cd-00",
        "User-Agent": "azsdk-net-Storage.Blobs/12.23.0-alpha.20241009.1 (.NET 8.0.8; Microsoft Windows 10.0.22631)",
        "x-ms-access-tier": "Cold",
        "x-ms-blob-type": "BlockBlob",
        "x-ms-client-request-id": "Sanitized",
        "x-ms-copy-source": "https://jalauzonnettest.blob.core.windows.net/test-container-f5d879cf-7ac3-91ed-22e8-87d8fb9268f7/sourceFolder/bar/item3?sv=sanitized-value&se=2024-10-10T20%3A58%3A00Z&sr=c&sp=racwdxltfi&sig=Sanitized",
        "x-ms-date": "Wed, 09 Oct 2024 20:58:01 GMT",
        "x-ms-return-client-request-id": "true",
        "x-ms-version": "2025-01-05"
      },
      "RequestBody": null,
      "StatusCode": 201,
      "ResponseHeaders": {
        "Content-Length": "0",
        "Date": "Wed, 09 Oct 2024 20:58:00 GMT",
        "ETag": "\"0x8DCE8A50FC0D88E\"",
        "Last-Modified": "Wed, 09 Oct 2024 20:58:01 GMT",
        "Server": [
          "Windows-Azure-Blob/1.0",
          "Microsoft-HTTPAPI/2.0"
        ],
        "x-ms-client-request-id": "Sanitized",
        "x-ms-content-crc64": "AAAAAAAAAAA=",
        "x-ms-request-id": "ebd7c175-401e-0047-168d-1ab199000000",
        "x-ms-request-server-encrypted": "true",
        "x-ms-version": "2025-01-05",
        "x-ms-version-id": "2024-10-09T20:58:01.1312270Z"
      },
      "ResponseBody": null
    },
    {
      "RequestUri": "https://jalauzonnettest.blob.core.windows.net/test-container-114c15ae-c56e-66ed-dbb2-4e7b40323304/destFolder/item1",
      "RequestMethod": "PUT",
      "RequestHeaders": {
        "Accept": "application/xml",
        "Authorization": "Sanitized",
        "Content-Length": "0",
        "If-None-Match": "*",
        "traceparent": "00-a0f7f632f801c8420eedb61d5486b24b-7c54d3f1d18af687-00",
        "User-Agent": "azsdk-net-Storage.Blobs/12.23.0-alpha.20241009.1 (.NET 8.0.8; Microsoft Windows 10.0.22631)",
        "x-ms-access-tier": "Cold",
        "x-ms-blob-type": "BlockBlob",
        "x-ms-client-request-id": "Sanitized",
        "x-ms-copy-source": "https://jalauzonnettest.blob.core.windows.net/test-container-f5d879cf-7ac3-91ed-22e8-87d8fb9268f7/sourceFolder/item1?sv=sanitized-value&se=2024-10-10T20%3A58%3A00Z&sr=c&sp=racwdxltfi&sig=Sanitized",
        "x-ms-date": "Wed, 09 Oct 2024 20:58:01 GMT",
        "x-ms-return-client-request-id": "true",
        "x-ms-version": "2025-01-05"
      },
      "RequestBody": null,
      "StatusCode": 201,
      "ResponseHeaders": {
        "Content-Length": "0",
        "Date": "Wed, 09 Oct 2024 20:58:00 GMT",
        "ETag": "\"0x8DCE8A50FCA741B\"",
        "Last-Modified": "Wed, 09 Oct 2024 20:58:01 GMT",
        "Server": [
          "Windows-Azure-Blob/1.0",
          "Microsoft-HTTPAPI/2.0"
        ],
        "x-ms-client-request-id": "Sanitized",
        "x-ms-content-crc64": "AAAAAAAAAAA=",
        "x-ms-request-id": "ebd7c17a-401e-0047-1a8d-1ab199000000",
        "x-ms-request-server-encrypted": "true",
        "x-ms-version": "2025-01-05",
        "x-ms-version-id": "2024-10-09T20:58:01.1941915Z"
      },
      "ResponseBody": null
    },
    {
      "RequestUri": "https://jalauzonnettest.blob.core.windows.net/test-container-114c15ae-c56e-66ed-dbb2-4e7b40323304/destFolder/item2",
      "RequestMethod": "PUT",
      "RequestHeaders": {
        "Accept": "application/xml",
        "Authorization": "Sanitized",
        "Content-Length": "0",
        "If-None-Match": "*",
        "traceparent": "00-c1c67393c3e33fd14b6971f4ba1bd891-63ee04e495e23a87-00",
        "User-Agent": "azsdk-net-Storage.Blobs/12.23.0-alpha.20241009.1 (.NET 8.0.8; Microsoft Windows 10.0.22631)",
        "x-ms-access-tier": "Cold",
        "x-ms-blob-type": "BlockBlob",
        "x-ms-client-request-id": "Sanitized",
        "x-ms-copy-source": "https://jalauzonnettest.blob.core.windows.net/test-container-f5d879cf-7ac3-91ed-22e8-87d8fb9268f7/sourceFolder/item2?sv=sanitized-value&se=2024-10-10T20%3A58%3A00Z&sr=c&sp=racwdxltfi&sig=Sanitized",
        "x-ms-date": "Wed, 09 Oct 2024 20:58:01 GMT",
        "x-ms-return-client-request-id": "true",
        "x-ms-version": "2025-01-05"
      },
      "RequestBody": null,
      "StatusCode": 201,
      "ResponseHeaders": {
        "Content-Length": "0",
        "Date": "Wed, 09 Oct 2024 20:58:00 GMT",
        "ETag": "\"0x8DCE8A50FD2893F\"",
        "Last-Modified": "Wed, 09 Oct 2024 20:58:01 GMT",
        "Server": [
          "Windows-Azure-Blob/1.0",
          "Microsoft-HTTPAPI/2.0"
        ],
        "x-ms-client-request-id": "Sanitized",
        "x-ms-content-crc64": "AAAAAAAAAAA=",
        "x-ms-request-id": "ebd7c181-401e-0047-218d-1ab199000000",
        "x-ms-request-server-encrypted": "true",
        "x-ms-version": "2025-01-05",
        "x-ms-version-id": "2024-10-09T20:58:01.2471615Z"
      },
      "ResponseBody": null
    },
    {
      "RequestUri": "https://jalauzonnettest.blob.core.windows.net/test-container-114c15ae-c56e-66ed-dbb2-4e7b40323304/destFolder/pik/item4",
      "RequestMethod": "PUT",
      "RequestHeaders": {
        "Accept": "application/xml",
        "Authorization": "Sanitized",
        "Content-Length": "0",
        "If-None-Match": "*",
        "traceparent": "00-f5d3e993bc5ad151068d6ef3f468c368-ea76bd6c2c7b623a-00",
        "User-Agent": "azsdk-net-Storage.Blobs/12.23.0-alpha.20241009.1 (.NET 8.0.8; Microsoft Windows 10.0.22631)",
        "x-ms-access-tier": "Cold",
        "x-ms-blob-type": "BlockBlob",
        "x-ms-client-request-id": "Sanitized",
        "x-ms-copy-source": "https://jalauzonnettest.blob.core.windows.net/test-container-f5d879cf-7ac3-91ed-22e8-87d8fb9268f7/sourceFolder/pik/item4?sv=sanitized-value&se=2024-10-10T20%3A58%3A00Z&sr=c&sp=racwdxltfi&sig=Sanitized",
        "x-ms-date": "Wed, 09 Oct 2024 20:58:01 GMT",
        "x-ms-return-client-request-id": "true",
        "x-ms-version": "2025-01-05"
      },
      "RequestBody": null,
      "StatusCode": 201,
      "ResponseHeaders": {
        "Content-Length": "0",
        "Date": "Wed, 09 Oct 2024 20:58:00 GMT",
        "ETag": "\"0x8DCE8A50FDAC56D\"",
        "Last-Modified": "Wed, 09 Oct 2024 20:58:01 GMT",
        "Server": [
          "Windows-Azure-Blob/1.0",
          "Microsoft-HTTPAPI/2.0"
        ],
        "x-ms-client-request-id": "Sanitized",
        "x-ms-content-crc64": "AAAAAAAAAAA=",
        "x-ms-request-id": "ebd7c185-401e-0047-258d-1ab199000000",
        "x-ms-request-server-encrypted": "true",
        "x-ms-version": "2025-01-05",
        "x-ms-version-id": "2024-10-09T20:58:01.3011309Z"
      },
      "ResponseBody": null
    },
    {
      "RequestUri": "https://jalauzonnettest.blob.core.windows.net/test-container-114c15ae-c56e-66ed-dbb2-4e7b40323304?restype=container",
      "RequestMethod": "DELETE",
      "RequestHeaders": {
        "Accept": "application/xml",
        "Authorization": "Sanitized",
        "traceparent": "00-10ade66ce6d4d36336355c2278a0438c-be02e1c7f722e321-00",
        "User-Agent": "azsdk-net-Storage.Blobs/12.23.0-alpha.20241009.1 (.NET 8.0.8; Microsoft Windows 10.0.22631)",
        "x-ms-client-request-id": "Sanitized",
        "x-ms-date": "Wed, 09 Oct 2024 20:58:01 GMT",
        "x-ms-return-client-request-id": "true",
        "x-ms-version": "2025-01-05"
      },
      "RequestBody": null,
      "StatusCode": 202,
      "ResponseHeaders": {
        "Content-Length": "0",
        "Date": "Wed, 09 Oct 2024 20:58:00 GMT",
        "Server": [
          "Windows-Azure-Blob/1.0",
          "Microsoft-HTTPAPI/2.0"
        ],
        "x-ms-client-request-id": "Sanitized",
        "x-ms-request-id": "ebd7c18a-401e-0047-298d-1ab199000000",
        "x-ms-version": "2025-01-05"
      },
      "ResponseBody": null
    },
    {
      "RequestUri": "https://jalauzonnettest.blob.core.windows.net/test-container-f5d879cf-7ac3-91ed-22e8-87d8fb9268f7?sv=Sanitized&se=2024-10-10T20%3A58%3A00Z&sr=c&sp=racwdxltfi&sig=Sanitized&restype=container",
      "RequestMethod": "DELETE",
      "RequestHeaders": {
        "Accept": "application/xml",
        "User-Agent": "azsdk-net-Storage.Blobs/12.23.0-alpha.20241009.1 (.NET 8.0.8; Microsoft Windows 10.0.22631)",
        "x-ms-client-request-id": "Sanitized",
        "x-ms-return-client-request-id": "true",
        "x-ms-version": "2025-01-05"
      },
      "RequestBody": null,
      "StatusCode": 403,
      "ResponseHeaders": {
        "Content-Length": "246",
        "Content-Type": "application/xml",
        "Date": "Wed, 09 Oct 2024 20:58:00 GMT",
        "Server": [
          "Windows-Azure-Blob/1.0",
          "Microsoft-HTTPAPI/2.0"
        ],
        "x-ms-client-request-id": "Sanitized",
        "x-ms-error-code": "AuthorizationFailure",
        "x-ms-request-id": "ebd7c18c-401e-0047-2b8d-1ab199000000",
        "x-ms-version": "2025-01-05"
      },
      "ResponseBody": [
        "\uFEFF<?xml version=\"1.0\" encoding=\"utf-8\"?><Error><Code>AuthorizationFailure</Code><Message>This request is not authorized to perform this operation.\n",
        "RequestId:ebd7c18c-401e-0047-2b8d-1ab199000000\n",
        "Time:2024-10-09T20:58:01.3967545Z</Message></Error>"
      ]
    }
  ],
  "Variables": {
    "DateTimeOffsetNow": "2024-10-09T13:58:00.7775083-07:00",
    "RandomSeed": "1485570774",
    "Storage_TestConfigDefault": "ProductionTenant\njalauzonnettest\nU2FuaXRpemVk\nhttps://jalauzonnettest.blob.core.windows.net\nhttps://jalauzonnettest.file.core.windows.net\nhttps://jalauzonnettest.queue.core.windows.net\nhttps://jalauzonnettest.table.core.windows.net\n\n\n\n\nhttps://jalauzonnettest-secondary.blob.core.windows.net\nhttps://jalauzonnettest-secondary.file.core.windows.net\nhttps://jalauzonnettest-secondary.queue.core.windows.net\nhttps://jalauzonnettest-secondary.table.core.windows.net\nCloud\nBlobEndpoint=https://jalauzonnettest.blob.core.windows.net/;QueueEndpoint=https://jalauzonnettest.queue.core.windows.net/;FileEndpoint=https://jalauzonnettest.file.core.windows.net/;BlobSecondaryEndpoint=https://jalauzonnettest-secondary.blob.core.windows.net/;QueueSecondaryEndpoint=https://jalauzonnettest-secondary.queue.core.windows.net/;FileSecondaryEndpoint=https://jalauzonnettest-secondary.file.core.windows.net/;AccountName=jalauzonnettest;AccountKey=Sanitized\ntestscope1\n\n"
  }
}
