{
  "Entries": [
    {
      "RequestUri": "https://Sanitized.api.azureml.ms/agents/v1.0/subscriptions/47f1c914-e299-4953-a99d-3e34644cfe1c/resourceGroups/rg-agent-test-westus2/providers/Microsoft.MachineLearningServices/workspaces/proj-eastus2euap-brefmanyqpzrq/threads?api-version=2024-07-01-preview",
      "RequestMethod": "POST",
      "RequestHeaders": {
        "Accept": "application/json",
        "Accept-Encoding": "gzip, deflate, br, zstd",
        "Authorization": "Sanitized",
        "Connection": "keep-alive",
        "Content-Length": "2",
        "Content-Type": "application/json; charset=UTF-8",
        "Origin": "http://localhost:5173",
        "Referer": "http://localhost:5173/",
        "sec-ch-ua": "\"Chromium\";v=\"130\", \"HeadlessChrome\";v=\"130\", \"Not?A_Brand\";v=\"99\"",
        "sec-ch-ua-mobile": "?0",
        "sec-ch-ua-platform": "\"Windows\"",
        "Sec-Fetch-Dest": "empty",
        "Sec-Fetch-Mode": "cors",
        "Sec-Fetch-Site": "same-site",
        "User-Agent": "Mozilla/5.0 (Windows NT 10.0; Win64; x64) AppleWebKit/537.36 (KHTML, like Gecko) HeadlessChrome/130.0.6723.31 Safari/537.36",
        "x-ms-client-request-id": "Sanitized",
        "x-ms-useragent": "azsdk-js-ai-projects-rest/1.0.0-beta.1 core-rest-pipeline/1.17.1 Chromium/130 OS/x86-Windows-15.0.0"
      },
      "RequestBody": {},
      "StatusCode": 200,
      "ResponseHeaders": {
        "Access-Control-Allow-Credentials": "true",
        "Access-Control-Allow-Origin": "*",
        "Access-Control-Expose-Headers": "Content-Length, Content-Range, Content-Type, Retry-After, Location, x-request-time, x-ms-client-request-id",
        "Access-Control-Max-Age": "2520",
        "apim-request-id": "d231a899-dd4f-48cd-a99b-6dc99055f4ce",
        "Connection": "keep-alive",
        "Content-Length": "94",
        "Content-Type": "application/json",
        "Date": "Mon, 18 Nov 2024 18:07:59 GMT",
        "request-context": "appId=cid-v1:17d65b70-e9ce-4ed5-9347-1f660ec782e9",
        "Strict-Transport-Security": "max-age=31536000; includeSubDomains; preload",
        "x-aml-cluster": "vienna-eastus2euap-02",
        "X-Content-Type-Options": "nosniff",
        "x-ms-client-request-id": "Sanitized",
        "x-ms-middleware-request-id": "6f80edcf-96ff-423a-ab0a-18891cc3774d",
        "x-ms-region": "West US 2",
        "x-ms-response-type": "standard",
        "X-Request-ID": "f3639868ccedc2b673cc3ff909698d5f",
        "x-request-time": "0.211"
      },
      "ResponseBody": {
        "id": "Sanitized",
        "object": "thread",
        "created_at": 1731953279,
        "metadata": {},
        "tool_resources": {}
      }
    },
    {
      "RequestUri": "https://Sanitized.api.azureml.ms/agents/v1.0/subscriptions/47f1c914-e299-4953-a99d-3e34644cfe1c/resourceGroups/rg-agent-test-westus2/providers/Microsoft.MachineLearningServices/workspaces/proj-eastus2euap-brefmanyqpzrq/threads/thread_R1YxpISNqBuh2bKryUlrEUhD?api-version=2024-07-01-preview",
      "RequestMethod": "POST",
      "RequestHeaders": {
        "Accept": "application/json",
        "Accept-Encoding": "gzip, deflate, br, zstd",
        "Authorization": "Sanitized",
        "Connection": "keep-alive",
        "Content-Length": "28",
        "Content-Type": "application/json; charset=UTF-8",
        "Origin": "http://localhost:5173",
        "Referer": "http://localhost:5173/",
        "sec-ch-ua": "\"Chromium\";v=\"130\", \"HeadlessChrome\";v=\"130\", \"Not?A_Brand\";v=\"99\"",
        "sec-ch-ua-mobile": "?0",
        "sec-ch-ua-platform": "\"Windows\"",
        "Sec-Fetch-Dest": "empty",
        "Sec-Fetch-Mode": "cors",
        "Sec-Fetch-Site": "same-site",
        "User-Agent": "Mozilla/5.0 (Windows NT 10.0; Win64; x64) AppleWebKit/537.36 (KHTML, like Gecko) HeadlessChrome/130.0.6723.31 Safari/537.36",
        "x-ms-client-request-id": "Sanitized",
        "x-ms-useragent": "azsdk-js-ai-projects-rest/1.0.0-beta.1 core-rest-pipeline/1.17.1 Chromium/130 OS/x86-Windows-15.0.0"
      },
      "RequestBody": {
        "metadata": {
          "key": "value"
        }
      },
      "StatusCode": 200,
      "ResponseHeaders": {
        "Access-Control-Allow-Credentials": "true",
        "Access-Control-Allow-Origin": "*",
        "Access-Control-Expose-Headers": "Content-Length, Content-Range, Content-Type, Retry-After, Location, x-request-time, x-ms-client-request-id",
        "Access-Control-Max-Age": "2520",
        "apim-request-id": "45799aaf-f3e7-483a-b012-048977d8e1a4",
        "Connection": "keep-alive",
        "Content-Length": "107",
        "Content-Type": "application/json",
        "Date": "Mon, 18 Nov 2024 18:08:00 GMT",
        "request-context": "appId=cid-v1:17d65b70-e9ce-4ed5-9347-1f660ec782e9",
        "Strict-Transport-Security": "max-age=31536000; includeSubDomains; preload",
        "x-aml-cluster": "vienna-eastus2euap-02",
        "X-Content-Type-Options": "nosniff",
        "x-ms-client-request-id": "Sanitized",
        "x-ms-middleware-request-id": "1d1972f7-9861-4fae-ab25-ada674caa2c2",
        "x-ms-region": "West US 2",
        "x-ms-response-type": "standard",
        "X-Request-ID": "d41f7c5eb9c96cc85409b6a639d4a79b",
        "x-request-time": "0.295"
      },
      "ResponseBody": {
        "id": "Sanitized",
        "object": "thread",
        "created_at": 1731953279,
        "metadata": {
          "key": "value"
        },
        "tool_resources": {}
      }
    },
    {
      "RequestUri": "https://Sanitized.api.azureml.ms/agents/v1.0/subscriptions/47f1c914-e299-4953-a99d-3e34644cfe1c/resourceGroups/rg-agent-test-westus2/providers/Microsoft.MachineLearningServices/workspaces/proj-eastus2euap-brefmanyqpzrq/threads/thread_R1YxpISNqBuh2bKryUlrEUhD?api-version=2024-07-01-preview",
      "RequestMethod": "GET",
      "RequestHeaders": {
        "Accept": "application/json",
        "Accept-Encoding": "gzip, deflate, br, zstd",
        "Authorization": "Sanitized",
        "Connection": "keep-alive",
        "Origin": "http://localhost:5173",
        "Referer": "http://localhost:5173/",
        "sec-ch-ua": "\"Chromium\";v=\"130\", \"HeadlessChrome\";v=\"130\", \"Not?A_Brand\";v=\"99\"",
        "sec-ch-ua-mobile": "?0",
        "sec-ch-ua-platform": "\"Windows\"",
        "Sec-Fetch-Dest": "empty",
        "Sec-Fetch-Mode": "cors",
        "Sec-Fetch-Site": "same-site",
        "User-Agent": "Mozilla/5.0 (Windows NT 10.0; Win64; x64) AppleWebKit/537.36 (KHTML, like Gecko) HeadlessChrome/130.0.6723.31 Safari/537.36",
        "x-ms-client-request-id": "Sanitized",
        "x-ms-useragent": "azsdk-js-ai-projects-rest/1.0.0-beta.1 core-rest-pipeline/1.17.1 Chromium/130 OS/x86-Windows-15.0.0"
      },
      "RequestBody": null,
      "StatusCode": 200,
      "ResponseHeaders": {
        "Access-Control-Allow-Credentials": "true",
        "Access-Control-Allow-Origin": "*",
        "Access-Control-Expose-Headers": "Content-Length, Content-Range, Content-Type, Retry-After, Location, x-request-time, x-ms-client-request-id",
        "Access-Control-Max-Age": "2520",
        "apim-request-id": "6d1c5ded-c9db-4693-a221-61db8b3c487a",
        "Connection": "keep-alive",
        "Content-Encoding": "gzip",
        "Content-Type": "application/json",
        "Date": "Mon, 18 Nov 2024 18:08:00 GMT",
        "request-context": "appId=cid-v1:17d65b70-e9ce-4ed5-9347-1f660ec782e9",
        "Strict-Transport-Security": "max-age=31536000; includeSubDomains; preload",
        "Transfer-Encoding": "chunked",
        "Vary": "Accept-Encoding",
        "x-aml-cluster": "vienna-eastus2euap-02",
        "X-Content-Type-Options": "nosniff",
        "x-ms-client-request-id": "Sanitized",
        "x-ms-middleware-request-id": "dfd4fa84-93e9-497b-b747-b64699d71165",
        "x-ms-region": "West US 2",
        "x-ms-response-type": "standard",
        "X-Request-ID": "7b2b973d838d409101218c2c94ad0cd8",
        "x-request-time": "0.234"
      },
      "ResponseBody": {
        "id": "Sanitized",
        "object": "thread",
        "created_at": 1731953279,
        "metadata": {
          "key": "value"
        },
        "tool_resources": {
          "code_interpreter": {
            "file_ids": []
          },
          "azure_ai_search": {
            "indexes": []
          }
        }
      }
    },
    {
      "RequestUri": "https://Sanitized.api.azureml.ms/agents/v1.0/subscriptions/47f1c914-e299-4953-a99d-3e34644cfe1c/resourceGroups/rg-agent-test-westus2/providers/Microsoft.MachineLearningServices/workspaces/proj-eastus2euap-brefmanyqpzrq/threads/thread_R1YxpISNqBuh2bKryUlrEUhD?api-version=2024-07-01-preview",
      "RequestMethod": "DELETE",
      "RequestHeaders": {
        "Accept": "application/json",
        "Accept-Encoding": "gzip, deflate, br, zstd",
        "Authorization": "Sanitized",
        "Connection": "keep-alive",
        "Origin": "http://localhost:5173",
        "Referer": "http://localhost:5173/",
        "sec-ch-ua": "\"Chromium\";v=\"130\", \"HeadlessChrome\";v=\"130\", \"Not?A_Brand\";v=\"99\"",
        "sec-ch-ua-mobile": "?0",
        "sec-ch-ua-platform": "\"Windows\"",
        "Sec-Fetch-Dest": "empty",
        "Sec-Fetch-Mode": "cors",
        "Sec-Fetch-Site": "same-site",
        "User-Agent": "Mozilla/5.0 (Windows NT 10.0; Win64; x64) AppleWebKit/537.36 (KHTML, like Gecko) HeadlessChrome/130.0.6723.31 Safari/537.36",
        "x-ms-client-request-id": "Sanitized",
        "x-ms-useragent": "azsdk-js-ai-projects-rest/1.0.0-beta.1 core-rest-pipeline/1.17.1 Chromium/130 OS/x86-Windows-15.0.0"
      },
      "RequestBody": null,
      "StatusCode": 200,
      "ResponseHeaders": {
        "Access-Control-Allow-Credentials": "true",
        "Access-Control-Allow-Origin": "*",
        "Access-Control-Expose-Headers": "Content-Length, Content-Range, Content-Type, Retry-After, Location, x-request-time, x-ms-client-request-id",
        "Access-Control-Max-Age": "2520",
        "apim-request-id": "d13833b5-8ed2-4367-bbee-4db15d177348",
        "Connection": "keep-alive",
        "Content-Length": "59",
        "Content-Type": "application/json",
        "Date": "Mon, 18 Nov 2024 18:08:01 GMT",
        "request-context": "appId=cid-v1:17d65b70-e9ce-4ed5-9347-1f660ec782e9",
        "Strict-Transport-Security": "max-age=31536000; includeSubDomains; preload",
        "x-aml-cluster": "vienna-eastus2euap-02",
        "X-Content-Type-Options": "nosniff",
        "x-ms-client-request-id": "Sanitized",
        "x-ms-middleware-request-id": "f9a4e805-966f-497a-b259-407fa54f3fce",
        "x-ms-region": "West US 2",
        "x-ms-response-type": "standard",
        "X-Request-ID": "b5a95fe8e2867035951bc42b6f00d87f",
        "x-request-time": "0.749"
      },
      "ResponseBody": {
        "id": "Sanitized",
        "object": "thread.deleted",
        "deleted": true
      }
    }
  ],
  "Variables": {}
}
