{
  "Entries": [
    {
      "RequestUri": "https://amandapreprod.blob.core.windows.net/test-container-13635923-4738-c32b-13d4-b292e1e4d6a6?restype=container",
      "RequestMethod": "PUT",
      "RequestHeaders": {
        "Accept": "application/xml",
        "Authorization": "Sanitized",
        "Content-Length": "0",
        "traceparent": "00-bb2605c05fe21b8280ce9e0c73eeb0b5-c39eaa1a0cb5c4b9-00",
        "User-Agent": "azsdk-net-Storage.Blobs/12.24.0-alpha.20241210.1 (.NET 6.0.36; Microsoft Windows 10.0.22635)",
        "x-ms-client-request-id": "Sanitized",
        "x-ms-date": "Tue, 10 Dec 2024 19:00:04 GMT",
        "x-ms-return-client-request-id": "true",
        "x-ms-version": "2025-05-05"
      },
      "RequestBody": null,
      "StatusCode": 201,
      "ResponseHeaders": {
        "Content-Length": "0",
        "Date": "Tue, 10 Dec 2024 19:00:03 GMT",
        "ETag": "\"0x8DD194CDAF58BAB\"",
        "Last-Modified": "Tue, 10 Dec 2024 19:00:03 GMT",
        "Server": [
          "Windows-Azure-Blob/1.0",
          "Microsoft-HTTPAPI/2.0"
        ],
        "x-ms-client-request-id": "Sanitized",
        "x-ms-request-id": "61475955-001e-0007-5335-4bccd7000000",
        "x-ms-version": "2025-05-05"
      },
      "ResponseBody": null
    },
    {
      "RequestUri": "https://amandapreprod.file.core.windows.net/test-share-55d93f68-fd2f-de2f-612a-da1f150c1e9b?restype=share",
      "RequestMethod": "PUT",
      "RequestHeaders": {
        "Accept": "application/xml",
        "Authorization": "Sanitized",
        "Content-Length": "0",
        "traceparent": "00-58d6583b4bc51108b9ff9c91d08c39f9-d432aac3bf51d6c4-00",
        "User-Agent": "azsdk-net-Storage.Files.Shares/12.22.0-alpha.20241210.1 (.NET 6.0.36; Microsoft Windows 10.0.22635)",
        "x-ms-client-request-id": "Sanitized",
        "x-ms-date": "Tue, 10 Dec 2024 19:00:04 GMT",
        "x-ms-return-client-request-id": "true",
        "x-ms-version": "2025-05-05"
      },
      "RequestBody": null,
      "StatusCode": 201,
      "ResponseHeaders": {
        "Content-Length": "0",
        "Date": "Tue, 10 Dec 2024 19:00:03 GMT",
        "ETag": "\"0x8DD194CDB00F361\"",
        "Last-Modified": "Tue, 10 Dec 2024 19:00:03 GMT",
        "Server": [
          "Windows-Azure-File/1.0",
          "Microsoft-HTTPAPI/2.0"
        ],
        "x-ms-client-request-id": "Sanitized",
        "x-ms-request-id": "f347fa26-301a-0033-2b35-4bff1f000000",
        "x-ms-version": "2025-05-05"
      },
      "ResponseBody": null
    },
    {
      "RequestUri": "https://amandapreprod.file.core.windows.net/test-share-55d93f68-fd2f-de2f-612a-da1f150c1e9b/test-file-cb2b4956-b956-87fc-4386-0706bf64b38e?restype=directory",
      "RequestMethod": "PUT",
      "RequestHeaders": {
        "Accept": "application/xml",
        "Authorization": "Sanitized",
        "Content-Length": "0",
        "traceparent": "00-c5be661d41a74c41de3741def6de11f1-20fb562c447ec3bb-00",
        "User-Agent": "azsdk-net-Storage.Files.Shares/12.22.0-alpha.20241210.1 (.NET 6.0.36; Microsoft Windows 10.0.22635)",
        "x-ms-client-request-id": "Sanitized",
        "x-ms-date": "Tue, 10 Dec 2024 19:00:04 GMT",
        "x-ms-return-client-request-id": "true",
        "x-ms-version": "2025-05-05"
      },
      "RequestBody": null,
      "StatusCode": 201,
      "ResponseHeaders": {
        "Content-Length": "0",
        "Date": "Tue, 10 Dec 2024 19:00:03 GMT",
        "ETag": "\"0x8DD194CDB0B10EF\"",
        "Last-Modified": "Tue, 10 Dec 2024 19:00:03 GMT",
        "Server": [
          "Windows-Azure-File/1.0",
          "Microsoft-HTTPAPI/2.0"
        ],
        "x-ms-client-request-id": "Sanitized",
        "x-ms-file-attributes": "Directory",
        "x-ms-file-change-time": "2024-12-10T19:00:03.9622895Z",
        "x-ms-file-creation-time": "2024-12-10T19:00:03.9622895Z",
        "x-ms-file-id": "13835128424026341376",
        "x-ms-file-last-write-time": "2024-12-10T19:00:03.9622895Z",
        "x-ms-file-parent-id": "0",
        "x-ms-file-permission-key": "8016861625448480706*547956186189310027",
        "x-ms-request-id": "f347fa28-301a-0033-2c35-4bff1f000000",
        "x-ms-request-server-encrypted": "true",
        "x-ms-version": "2025-05-05"
      },
      "ResponseBody": null
    },
    {
      "RequestUri": "https://amandapreprod.blob.core.windows.net/test-container-13635923-4738-c32b-13d4-b292e1e4d6a6?restype=container&comp=list&prefix=test-file-813d4e2f-c798-4de1-4ecb-4574638c83a9%2F&include=Metadata",
      "RequestMethod": "GET",
      "RequestHeaders": {
        "Accept": "application/xml",
        "Authorization": "Sanitized",
        "User-Agent": "azsdk-net-Storage.Blobs/12.24.0-alpha.20241210.1 (.NET 6.0.36; Microsoft Windows 10.0.22635)",
        "x-ms-client-request-id": "Sanitized",
        "x-ms-date": "Tue, 10 Dec 2024 19:00:04 GMT",
        "x-ms-return-client-request-id": "true",
        "x-ms-version": "2025-05-05"
      },
      "RequestBody": null,
      "StatusCode": 200,
      "ResponseHeaders": {
        "Content-Type": "application/xml",
        "Date": "Tue, 10 Dec 2024 19:00:03 GMT",
        "Server": [
          "Windows-Azure-Blob/1.0",
          "Microsoft-HTTPAPI/2.0"
        ],
        "Transfer-Encoding": "chunked",
        "x-ms-client-request-id": "Sanitized",
        "x-ms-request-id": "614759e6-001e-0007-5535-4bccd7000000",
        "x-ms-version": "2025-05-05"
      },
      "ResponseBody": "\uFEFF<?xml version=\"1.0\" encoding=\"utf-8\"?><EnumerationResults ServiceEndpoint=\"https://amandapreprod.blob.core.windows.net/\" ContainerName=\"test-container-13635923-4738-c32b-13d4-b292e1e4d6a6\"><Prefix>test-file-813d4e2f-c798-4de1-4ecb-4574638c83a9/</Prefix><Blobs /><NextMarker /></EnumerationResults>"
    },
    {
      "RequestUri": "https://amandapreprod.file.core.windows.net/test-share-55d93f68-fd2f-de2f-612a-da1f150c1e9b/test-file-cb2b4956-b956-87fc-4386-0706bf64b38e?restype=directory&comp=list",
      "RequestMethod": "GET",
      "RequestHeaders": {
        "Accept": "application/xml",
        "Authorization": "Sanitized",
        "User-Agent": "azsdk-net-Storage.Files.Shares/12.22.0-alpha.20241210.1 (.NET 6.0.36; Microsoft Windows 10.0.22635)",
        "x-ms-client-request-id": "Sanitized",
        "x-ms-date": "Tue, 10 Dec 2024 19:00:04 GMT",
        "x-ms-return-client-request-id": "true",
        "x-ms-version": "2025-05-05"
      },
      "RequestBody": null,
      "StatusCode": 200,
      "ResponseHeaders": {
        "Content-Type": "application/xml",
        "Date": "Tue, 10 Dec 2024 19:00:03 GMT",
        "Server": [
          "Windows-Azure-File/1.0",
          "Microsoft-HTTPAPI/2.0"
        ],
        "Transfer-Encoding": "chunked",
        "x-ms-client-request-id": "Sanitized",
        "x-ms-request-id": "f347fa29-301a-0033-2d35-4bff1f000000",
        "x-ms-version": "2025-05-05"
      },
      "ResponseBody": "\uFEFF<?xml version=\"1.0\" encoding=\"utf-8\"?><EnumerationResults ServiceEndpoint=\"https://amandapreprod.file.core.windows.net/\" ShareName=\"test-share-55d93f68-fd2f-de2f-612a-da1f150c1e9b\" DirectoryPath=\"test-file-cb2b4956-b956-87fc-4386-0706bf64b38e\"><DirectoryId>13835128424026341376</DirectoryId><Entries /><NextMarker /></EnumerationResults>"
    },
    {
      "RequestUri": "https://amandapreprod.file.core.windows.net/test-share-55d93f68-fd2f-de2f-612a-da1f150c1e9b?restype=share",
      "RequestMethod": "DELETE",
      "RequestHeaders": {
        "Accept": "application/xml",
        "Authorization": "Sanitized",
        "traceparent": "00-93444841716a99c2edadd3e9b25cecc3-9d9744dd04144f65-00",
        "User-Agent": "azsdk-net-Storage.Files.Shares/12.22.0-alpha.20241210.1 (.NET 6.0.36; Microsoft Windows 10.0.22635)",
        "x-ms-client-request-id": "Sanitized",
        "x-ms-date": "Tue, 10 Dec 2024 19:00:04 GMT",
        "x-ms-delete-snapshots": "include",
        "x-ms-return-client-request-id": "true",
        "x-ms-version": "2025-05-05"
      },
      "RequestBody": null,
      "StatusCode": 202,
      "ResponseHeaders": {
        "Content-Length": "0",
        "Date": "Tue, 10 Dec 2024 19:00:03 GMT",
        "Server": [
          "Windows-Azure-File/1.0",
          "Microsoft-HTTPAPI/2.0"
        ],
        "x-ms-client-request-id": "Sanitized",
        "x-ms-request-id": "f347fa2b-301a-0033-2e35-4bff1f000000",
        "x-ms-version": "2025-05-05"
      },
      "ResponseBody": null
    },
    {
      "RequestUri": "https://amandapreprod.blob.core.windows.net/test-container-13635923-4738-c32b-13d4-b292e1e4d6a6?restype=container",
      "RequestMethod": "DELETE",
      "RequestHeaders": {
        "Accept": "application/xml",
        "Authorization": "Sanitized",
        "traceparent": "00-37ce000eb8841ca7954694083b2a1980-c908d1cbebd0a520-00",
        "User-Agent": "azsdk-net-Storage.Blobs/12.24.0-alpha.20241210.1 (.NET 6.0.36; Microsoft Windows 10.0.22635)",
        "x-ms-client-request-id": "Sanitized",
        "x-ms-date": "Tue, 10 Dec 2024 19:00:04 GMT",
        "x-ms-return-client-request-id": "true",
        "x-ms-version": "2025-05-05"
      },
      "RequestBody": null,
      "StatusCode": 202,
      "ResponseHeaders": {
        "Content-Length": "0",
        "Date": "Tue, 10 Dec 2024 19:00:03 GMT",
        "Server": [
          "Windows-Azure-Blob/1.0",
          "Microsoft-HTTPAPI/2.0"
        ],
        "x-ms-client-request-id": "Sanitized",
        "x-ms-request-id": "61475a77-001e-0007-6535-4bccd7000000",
        "x-ms-version": "2025-05-05"
      },
      "ResponseBody": null
    }
  ],
  "Variables": {
    "DateTimeOffsetNow": "2024-12-10T11:00:04.2861864-08:00",
    "RandomSeed": "725170705",
    "Storage_TestConfigDefault": "ProductionTenant\namandapreprod\nU2FuaXRpemVk\nhttps://amandapreprod.blob.core.windows.net\nhttps://amandapreprod.file.core.windows.net\nhttps://amandapreprod.queue.core.windows.net\nhttps://amandapreprod.table.core.windows.net\n\n\n\n\nhttps://amandapreprod-secondary.blob.core.windows.net\nhttps://amandapreprod-secondary.file.core.windows.net\nhttps://amandapreprod-secondary.queue.core.windows.net\nhttps://amandapreprod-secondary.table.core.windows.net\nCloud\nBlobEndpoint=https://amandapreprod.blob.core.windows.net/;QueueEndpoint=https://amandapreprod.queue.core.windows.net/;FileEndpoint=https://amandapreprod.file.core.windows.net/;BlobSecondaryEndpoint=https://amandapreprod-secondary.blob.core.windows.net/;QueueSecondaryEndpoint=https://amandapreprod-secondary.queue.core.windows.net/;FileSecondaryEndpoint=https://amandapreprod-secondary.file.core.windows.net/;AccountName=amandapreprod;AccountKey=Sanitized\nencryptionScope\n\n"
  }
}
