{
  "Entries": [
    {
      "RequestUri": "https://amandapreprod.blob.core.windows.net/test-container-a62e4f00-4821-f255-a69c-aeeb771c0da6?restype=container",
      "RequestMethod": "PUT",
      "RequestHeaders": {
        "Accept": "application/xml",
        "Authorization": "Sanitized",
        "Content-Length": "0",
        "traceparent": "00-48a96b1f1d5d6af9378854f65e301e48-427ffa2f4823ef7d-00",
        "User-Agent": "azsdk-net-Storage.Blobs/12.24.0-alpha.20241210.1 (.NET 6.0.36; Microsoft Windows 10.0.22635)",
        "x-ms-client-request-id": "Sanitized",
        "x-ms-date": "Tue, 10 Dec 2024 18:59:26 GMT",
        "x-ms-return-client-request-id": "true",
        "x-ms-version": "2025-05-05"
      },
      "RequestBody": null,
      "StatusCode": 201,
      "ResponseHeaders": {
        "Content-Length": "0",
        "Date": "Tue, 10 Dec 2024 18:59:25 GMT",
        "ETag": "\"0x8DD194CC49A0059\"",
        "Last-Modified": "Tue, 10 Dec 2024 18:59:26 GMT",
        "Server": [
          "Windows-Azure-Blob/1.0",
          "Microsoft-HTTPAPI/2.0"
        ],
        "x-ms-client-request-id": "Sanitized",
        "x-ms-request-id": "6146fb94-001e-0007-2435-4bccd7000000",
        "x-ms-version": "2025-05-05"
      },
      "ResponseBody": null
    },
    {
      "RequestUri": "https://amandapreprod.file.core.windows.net/test-share-f205014f-6e49-af04-752d-38bdaa4f0c63?restype=share",
      "RequestMethod": "PUT",
      "RequestHeaders": {
        "Accept": "application/xml",
        "Authorization": "Sanitized",
        "Content-Length": "0",
        "traceparent": "00-fe2168f96720d7b3b62cc5b6d85629cc-a810a61e38b0832a-00",
        "User-Agent": "azsdk-net-Storage.Files.Shares/12.22.0-alpha.20241210.1 (.NET 6.0.36; Microsoft Windows 10.0.22635)",
        "x-ms-client-request-id": "Sanitized",
        "x-ms-date": "Tue, 10 Dec 2024 18:59:26 GMT",
        "x-ms-return-client-request-id": "true",
        "x-ms-version": "2025-05-05"
      },
      "RequestBody": null,
      "StatusCode": 201,
      "ResponseHeaders": {
        "Content-Length": "0",
        "Date": "Tue, 10 Dec 2024 18:59:26 GMT",
        "ETag": "\"0x8DD194CC4A5505D\"",
        "Last-Modified": "Tue, 10 Dec 2024 18:59:26 GMT",
        "Server": [
          "Windows-Azure-File/1.0",
          "Microsoft-HTTPAPI/2.0"
        ],
        "x-ms-client-request-id": "Sanitized",
        "x-ms-request-id": "26766361-001a-0017-5235-4b09bf000000",
        "x-ms-version": "2025-05-05"
      },
      "ResponseBody": null
    },
    {
      "RequestUri": "https://amandapreprod.blob.core.windows.net/test-container-a62e4f00-4821-f255-a69c-aeeb771c0da6/sourceFolder/foo/test-file-fe1fbc9d-7cd5-ac4d-61fb-890224587e1e",
      "RequestMethod": "PUT",
      "RequestHeaders": {
        "Accept": "application/xml",
        "Authorization": "Sanitized",
        "Content-Length": "0",
        "Content-Type": "application/octet-stream",
        "traceparent": "00-c84d054f82c1efdb1dfdb2c4cab98d8a-f5885cb31d12f61a-00",
        "User-Agent": "azsdk-net-Storage.Blobs/12.24.0-alpha.20241210.1 (.NET 6.0.36; Microsoft Windows 10.0.22635)",
        "x-ms-access-tier": "Cold",
        "x-ms-blob-cache-control": "no-cache",
        "x-ms-blob-content-disposition": "inline",
        "x-ms-blob-content-language": "en-US",
        "x-ms-blob-content-type": "text/plain",
        "x-ms-blob-type": "BlockBlob",
        "x-ms-client-request-id": "Sanitized",
        "x-ms-date": "Tue, 10 Dec 2024 18:59:26 GMT",
        "x-ms-meta-Capital": "letter",
        "x-ms-meta-foo": "bar",
        "x-ms-meta-meta": "data",
        "x-ms-meta-UPPER": "case",
        "x-ms-return-client-request-id": "true",
        "x-ms-version": "2025-05-05"
      },
      "RequestBody": null,
      "StatusCode": 201,
      "ResponseHeaders": {
        "Content-Length": "0",
        "Content-MD5": "1B2M2Y8AsgTpgAmY7PhCfg==",
        "Date": "Tue, 10 Dec 2024 18:59:25 GMT",
        "ETag": "\"0x8DD194CC4AEBCA0\"",
        "Last-Modified": "Tue, 10 Dec 2024 18:59:26 GMT",
        "Server": [
          "Windows-Azure-Blob/1.0",
          "Microsoft-HTTPAPI/2.0"
        ],
        "x-ms-client-request-id": "Sanitized",
        "x-ms-content-crc64": "AAAAAAAAAAA=",
        "x-ms-request-id": "6146fc14-001e-0007-1635-4bccd7000000",
        "x-ms-request-server-encrypted": "true",
        "x-ms-version": "2025-05-05"
      },
      "ResponseBody": null
    },
    {
      "RequestUri": "https://amandapreprod.blob.core.windows.net/test-container-a62e4f00-4821-f255-a69c-aeeb771c0da6/sourceFolder/rul/test-file-5ad7d6d7-32ce-7570-9602-b30c918cff9a",
      "RequestMethod": "PUT",
      "RequestHeaders": {
        "Accept": "application/xml",
        "Authorization": "Sanitized",
        "Content-Length": "0",
        "Content-Type": "application/octet-stream",
        "traceparent": "00-dc08a6fd94f2fa7d3a5f98cff574c831-f39959f5f87cabbb-00",
        "User-Agent": "azsdk-net-Storage.Blobs/12.24.0-alpha.20241210.1 (.NET 6.0.36; Microsoft Windows 10.0.22635)",
        "x-ms-access-tier": "Cold",
        "x-ms-blob-cache-control": "no-cache",
        "x-ms-blob-content-disposition": "inline",
        "x-ms-blob-content-language": "en-US",
        "x-ms-blob-content-type": "text/plain",
        "x-ms-blob-type": "BlockBlob",
        "x-ms-client-request-id": "Sanitized",
        "x-ms-date": "Tue, 10 Dec 2024 18:59:26 GMT",
        "x-ms-meta-Capital": "letter",
        "x-ms-meta-foo": "bar",
        "x-ms-meta-meta": "data",
        "x-ms-meta-UPPER": "case",
        "x-ms-return-client-request-id": "true",
        "x-ms-version": "2025-05-05"
      },
      "RequestBody": null,
      "StatusCode": 201,
      "ResponseHeaders": {
        "Content-Length": "0",
        "Content-MD5": "1B2M2Y8AsgTpgAmY7PhCfg==",
        "Date": "Tue, 10 Dec 2024 18:59:25 GMT",
        "ETag": "\"0x8DD194CC4B80101\"",
        "Last-Modified": "Tue, 10 Dec 2024 18:59:26 GMT",
        "Server": [
          "Windows-Azure-Blob/1.0",
          "Microsoft-HTTPAPI/2.0"
        ],
        "x-ms-client-request-id": "Sanitized",
        "x-ms-content-crc64": "AAAAAAAAAAA=",
        "x-ms-request-id": "6146fc32-001e-0007-3435-4bccd7000000",
        "x-ms-request-server-encrypted": "true",
        "x-ms-version": "2025-05-05"
      },
      "ResponseBody": null
    },
    {
      "RequestUri": "https://amandapreprod.blob.core.windows.net/test-container-a62e4f00-4821-f255-a69c-aeeb771c0da6/sourceFolder/pik/test-file-4832e80a-522d-ce20-ef03-3403ade2cfb3",
      "RequestMethod": "PUT",
      "RequestHeaders": {
        "Accept": "application/xml",
        "Authorization": "Sanitized",
        "Content-Length": "0",
        "Content-Type": "application/octet-stream",
        "traceparent": "00-79a490cd5d50d67e45fbc35dfc0a387d-c75a9b9155c4ad1f-00",
        "User-Agent": "azsdk-net-Storage.Blobs/12.24.0-alpha.20241210.1 (.NET 6.0.36; Microsoft Windows 10.0.22635)",
        "x-ms-access-tier": "Cold",
        "x-ms-blob-cache-control": "no-cache",
        "x-ms-blob-content-disposition": "inline",
        "x-ms-blob-content-language": "en-US",
        "x-ms-blob-content-type": "text/plain",
        "x-ms-blob-type": "BlockBlob",
        "x-ms-client-request-id": "Sanitized",
        "x-ms-date": "Tue, 10 Dec 2024 18:59:26 GMT",
        "x-ms-meta-Capital": "letter",
        "x-ms-meta-foo": "bar",
        "x-ms-meta-meta": "data",
        "x-ms-meta-UPPER": "case",
        "x-ms-return-client-request-id": "true",
        "x-ms-version": "2025-05-05"
      },
      "RequestBody": null,
      "StatusCode": 201,
      "ResponseHeaders": {
        "Content-Length": "0",
        "Content-MD5": "1B2M2Y8AsgTpgAmY7PhCfg==",
        "Date": "Tue, 10 Dec 2024 18:59:25 GMT",
        "ETag": "\"0x8DD194CC4C16C47\"",
        "Last-Modified": "Tue, 10 Dec 2024 18:59:26 GMT",
        "Server": [
          "Windows-Azure-Blob/1.0",
          "Microsoft-HTTPAPI/2.0"
        ],
        "x-ms-client-request-id": "Sanitized",
        "x-ms-content-crc64": "AAAAAAAAAAA=",
        "x-ms-request-id": "6146fc52-001e-0007-5135-4bccd7000000",
        "x-ms-request-server-encrypted": "true",
        "x-ms-version": "2025-05-05"
      },
      "ResponseBody": null
    },
    {
      "RequestUri": "https://amandapreprod.file.core.windows.net/test-share-f205014f-6e49-af04-752d-38bdaa4f0c63/destFolder?restype=directory",
      "RequestMethod": "PUT",
      "RequestHeaders": {
        "Accept": "application/xml",
        "Authorization": "Sanitized",
        "Content-Length": "0",
        "traceparent": "00-00ccb5cd52a10bf2085fd7cc1031fe69-5344299d9614ae93-00",
        "User-Agent": "azsdk-net-Storage.Files.Shares/12.22.0-alpha.20241210.1 (.NET 6.0.36; Microsoft Windows 10.0.22635)",
        "x-ms-client-request-id": "Sanitized",
        "x-ms-date": "Tue, 10 Dec 2024 18:59:26 GMT",
        "x-ms-return-client-request-id": "true",
        "x-ms-version": "2025-05-05"
      },
      "RequestBody": null,
      "StatusCode": 201,
      "ResponseHeaders": {
        "Content-Length": "0",
        "Date": "Tue, 10 Dec 2024 18:59:26 GMT",
        "ETag": "\"0x8DD194CC4CB0EC7\"",
        "Last-Modified": "Tue, 10 Dec 2024 18:59:26 GMT",
        "Server": [
          "Windows-Azure-File/1.0",
          "Microsoft-HTTPAPI/2.0"
        ],
        "x-ms-client-request-id": "Sanitized",
        "x-ms-file-attributes": "Directory",
        "x-ms-file-change-time": "2024-12-10T18:59:26.6329287Z",
        "x-ms-file-creation-time": "2024-12-10T18:59:26.6329287Z",
        "x-ms-file-id": "13835128424026341376",
        "x-ms-file-last-write-time": "2024-12-10T18:59:26.6329287Z",
        "x-ms-file-parent-id": "0",
        "x-ms-file-permission-key": "8016861625448480706*547956186189310027",
        "x-ms-request-id": "26766364-001a-0017-5435-4b09bf000000",
        "x-ms-request-server-encrypted": "true",
        "x-ms-version": "2025-05-05"
      },
      "ResponseBody": null
    },
    {
      "RequestUri": "https://amandapreprod.blob.core.windows.net/test-container-a62e4f00-4821-f255-a69c-aeeb771c0da6?restype=container&comp=list&prefix=sourceFolder%2F&include=Metadata",
      "RequestMethod": "GET",
      "RequestHeaders": {
        "Accept": "application/xml",
        "Authorization": "Sanitized",
        "traceparent": "00-21b00b4cbc13c9d2d32b58591ee6027e-ea92495beb26134a-00",
        "User-Agent": "azsdk-net-Storage.Blobs/12.24.0-alpha.20241210.1 (.NET 6.0.36; Microsoft Windows 10.0.22635)",
        "x-ms-client-request-id": "Sanitized",
        "x-ms-date": "Tue, 10 Dec 2024 18:59:26 GMT",
        "x-ms-return-client-request-id": "true",
        "x-ms-version": "2025-05-05"
      },
      "RequestBody": null,
      "StatusCode": 200,
      "ResponseHeaders": {
        "Content-Type": "application/xml",
        "Date": "Tue, 10 Dec 2024 18:59:26 GMT",
        "Server": [
          "Windows-Azure-Blob/1.0",
          "Microsoft-HTTPAPI/2.0"
        ],
        "Transfer-Encoding": "chunked",
        "x-ms-client-request-id": "Sanitized",
        "x-ms-request-id": "6146fcb1-001e-0007-2835-4bccd7000000",
        "x-ms-version": "2025-05-05"
      },
      "ResponseBody": "\uFEFF<?xml version=\"1.0\" encoding=\"utf-8\"?><EnumerationResults ServiceEndpoint=\"https://amandapreprod.blob.core.windows.net/\" ContainerName=\"test-container-a62e4f00-4821-f255-a69c-aeeb771c0da6\"><Prefix>sourceFolder/</Prefix><Blobs><Blob><Name>sourceFolder/foo/test-file-fe1fbc9d-7cd5-ac4d-61fb-890224587e1e</Name><Properties><Creation-Time>Tue, 10 Dec 2024 18:59:26 GMT</Creation-Time><Last-Modified>Tue, 10 Dec 2024 18:59:26 GMT</Last-Modified><Etag>0x8DD194CC4AEBCA0</Etag><Content-Length>0</Content-Length><Content-Type>text/plain</Content-Type><Content-Encoding /><Content-Language>en-US</Content-Language><Content-CRC64 /><Content-MD5>1B2M2Y8AsgTpgAmY7PhCfg==</Content-MD5><Cache-Control>no-cache</Cache-Control><Content-Disposition>inline</Content-Disposition><BlobType>BlockBlob</BlobType><AccessTier>Cold</AccessTier><AccessTierChangeTime>Tue, 10 Dec 2024 18:59:26 GMT</AccessTierChangeTime><LeaseStatus>unlocked</LeaseStatus><LeaseState>available</LeaseState><ServerEncrypted>true</ServerEncrypted></Properties><Metadata><foo>bar</foo><meta>data</meta><Capital>letter</Capital><UPPER>case</UPPER></Metadata><OrMetadata /></Blob><Blob><Name>sourceFolder/pik/test-file-4832e80a-522d-ce20-ef03-3403ade2cfb3</Name><Properties><Creation-Time>Tue, 10 Dec 2024 18:59:26 GMT</Creation-Time><Last-Modified>Tue, 10 Dec 2024 18:59:26 GMT</Last-Modified><Etag>0x8DD194CC4C16C47</Etag><Content-Length>0</Content-Length><Content-Type>text/plain</Content-Type><Content-Encoding /><Content-Language>en-US</Content-Language><Content-CRC64 /><Content-MD5>1B2M2Y8AsgTpgAmY7PhCfg==</Content-MD5><Cache-Control>no-cache</Cache-Control><Content-Disposition>inline</Content-Disposition><BlobType>BlockBlob</BlobType><AccessTier>Cold</AccessTier><AccessTierChangeTime>Tue, 10 Dec 2024 18:59:26 GMT</AccessTierChangeTime><LeaseStatus>unlocked</LeaseStatus><LeaseState>available</LeaseState><ServerEncrypted>true</ServerEncrypted></Properties><Metadata><foo>bar</foo><meta>data</meta><Capital>letter</Capital><UPPER>case</UPPER></Metadata><OrMetadata /></Blob><Blob><Name>sourceFolder/rul/test-file-5ad7d6d7-32ce-7570-9602-b30c918cff9a</Name><Properties><Creation-Time>Tue, 10 Dec 2024 18:59:26 GMT</Creation-Time><Last-Modified>Tue, 10 Dec 2024 18:59:26 GMT</Last-Modified><Etag>0x8DD194CC4B80101</Etag><Content-Length>0</Content-Length><Content-Type>text/plain</Content-Type><Content-Encoding /><Content-Language>en-US</Content-Language><Content-CRC64 /><Content-MD5>1B2M2Y8AsgTpgAmY7PhCfg==</Content-MD5><Cache-Control>no-cache</Cache-Control><Content-Disposition>inline</Content-Disposition><BlobType>BlockBlob</BlobType><AccessTier>Cold</AccessTier><AccessTierChangeTime>Tue, 10 Dec 2024 18:59:26 GMT</AccessTierChangeTime><LeaseStatus>unlocked</LeaseStatus><LeaseState>available</LeaseState><ServerEncrypted>true</ServerEncrypted></Properties><Metadata><foo>bar</foo><meta>data</meta><Capital>letter</Capital><UPPER>case</UPPER></Metadata><OrMetadata /></Blob></Blobs><NextMarker /></EnumerationResults>"
    },
    {
      "RequestUri": "https://amandapreprod.file.core.windows.net/test-share-f205014f-6e49-af04-752d-38bdaa4f0c63/destFolder/foo?sv=Sanitized&se=2024-12-11T18%3A59%3A26Z&sr=s&sp=rcwdl&sig=Sanitized&restype=directory",
      "RequestMethod": "PUT",
      "RequestHeaders": {
        "Accept": "application/xml",
        "Content-Length": "0",
        "traceparent": "00-0dc2d70b8598375f45c291bbd2c83845-3cd5adb742bbfd04-00",
        "User-Agent": "azsdk-net-Storage.Files.Shares/12.22.0-alpha.20241210.1 (.NET 6.0.36; Microsoft Windows 10.0.22635)",
        "x-ms-client-request-id": "Sanitized",
        "x-ms-return-client-request-id": "true",
        "x-ms-version": "2025-05-05"
      },
      "RequestBody": null,
      "StatusCode": 201,
      "ResponseHeaders": {
        "Content-Length": "0",
        "Date": "Tue, 10 Dec 2024 18:59:26 GMT",
        "ETag": "\"0x8DD194CC4E8AEB7\"",
        "Last-Modified": "Tue, 10 Dec 2024 18:59:26 GMT",
        "Server": [
          "Windows-Azure-File/1.0",
          "Microsoft-HTTPAPI/2.0"
        ],
        "x-ms-client-request-id": "Sanitized",
        "x-ms-file-attributes": "Directory",
        "x-ms-file-change-time": "2024-12-10T18:59:26.8270775Z",
        "x-ms-file-creation-time": "2024-12-10T18:59:26.8270775Z",
        "x-ms-file-id": "11529285414812647424",
        "x-ms-file-last-write-time": "2024-12-10T18:59:26.8270775Z",
        "x-ms-file-parent-id": "13835128424026341376",
        "x-ms-file-permission-key": "8016861625448480706*547956186189310027",
        "x-ms-request-id": "26766365-001a-0017-5535-4b09bf000000",
        "x-ms-request-server-encrypted": "true",
        "x-ms-version": "2025-05-05"
      },
      "ResponseBody": null
    },
    {
      "RequestUri": "https://amandapreprod.file.core.windows.net/test-share-f205014f-6e49-af04-752d-38bdaa4f0c63/destFolder/pik?sv=Sanitized&se=2024-12-11T18%3A59%3A26Z&sr=s&sp=rcwdl&sig=Sanitized&restype=directory",
      "RequestMethod": "PUT",
      "RequestHeaders": {
        "Accept": "application/xml",
        "Content-Length": "0",
        "traceparent": "00-2a9083369d435d6e7a04f9ff3fc79abb-2026b694927d0675-00",
        "User-Agent": "azsdk-net-Storage.Files.Shares/12.22.0-alpha.20241210.1 (.NET 6.0.36; Microsoft Windows 10.0.22635)",
        "x-ms-client-request-id": "Sanitized",
        "x-ms-return-client-request-id": "true",
        "x-ms-version": "2025-05-05"
      },
      "RequestBody": null,
      "StatusCode": 201,
      "ResponseHeaders": {
        "Content-Length": "0",
        "Date": "Tue, 10 Dec 2024 18:59:26 GMT",
        "ETag": "\"0x8DD194CC4F240E8\"",
        "Last-Modified": "Tue, 10 Dec 2024 18:59:26 GMT",
        "Server": [
          "Windows-Azure-File/1.0",
          "Microsoft-HTTPAPI/2.0"
        ],
        "x-ms-client-request-id": "Sanitized",
        "x-ms-file-attributes": "Directory",
        "x-ms-file-change-time": "2024-12-10T18:59:26.8898024Z",
        "x-ms-file-creation-time": "2024-12-10T18:59:26.8898024Z",
        "x-ms-file-id": "16140971433240035328",
        "x-ms-file-last-write-time": "2024-12-10T18:59:26.8898024Z",
        "x-ms-file-parent-id": "13835128424026341376",
        "x-ms-file-permission-key": "8016861625448480706*547956186189310027",
        "x-ms-request-id": "26766366-001a-0017-5635-4b09bf000000",
        "x-ms-request-server-encrypted": "true",
        "x-ms-version": "2025-05-05"
      },
      "ResponseBody": null
    },
    {
      "RequestUri": "https://amandapreprod.file.core.windows.net/test-share-f205014f-6e49-af04-752d-38bdaa4f0c63/destFolder/foo/test-file-fe1fbc9d-7cd5-ac4d-61fb-890224587e1e?sv=Sanitized&se=2024-12-11T18%3A59%3A26Z&sr=s&sp=rcwdl&sig=Sanitized",
      "RequestMethod": "HEAD",
      "RequestHeaders": {
        "Accept": "application/xml",
        "traceparent": "00-cd915bdc5a26f7f79263ba54160a4363-4bad7e00df01b09b-00",
        "User-Agent": "azsdk-net-Storage.Files.Shares/12.22.0-alpha.20241210.1 (.NET 6.0.36; Microsoft Windows 10.0.22635)",
        "x-ms-client-request-id": "Sanitized",
        "x-ms-return-client-request-id": "true",
        "x-ms-version": "2025-05-05"
      },
      "RequestBody": null,
      "StatusCode": 404,
      "ResponseHeaders": {
        "Date": "Tue, 10 Dec 2024 18:59:26 GMT",
        "Server": [
          "Windows-Azure-File/1.0",
          "Microsoft-HTTPAPI/2.0"
        ],
        "Transfer-Encoding": "chunked",
        "x-ms-client-request-id": "Sanitized",
        "x-ms-error-code": "ResourceNotFound",
        "x-ms-request-id": "15b10350-d01a-0004-1235-4b2db3000000",
        "x-ms-version": "2025-05-05"
      },
      "ResponseBody": null
    },
    {
      "RequestUri": "https://amandapreprod.file.core.windows.net/test-share-f205014f-6e49-af04-752d-38bdaa4f0c63/destFolder/rul?sv=Sanitized&se=2024-12-11T18%3A59%3A26Z&sr=s&sp=rcwdl&sig=Sanitized&restype=directory",
      "RequestMethod": "PUT",
      "RequestHeaders": {
        "Accept": "application/xml",
        "Content-Length": "0",
        "traceparent": "00-e5ddcafbb6a97c0a65f6241e0a78a4d2-9be93e26c9846141-00",
        "User-Agent": "azsdk-net-Storage.Files.Shares/12.22.0-alpha.20241210.1 (.NET 6.0.36; Microsoft Windows 10.0.22635)",
        "x-ms-client-request-id": "Sanitized",
        "x-ms-return-client-request-id": "true",
        "x-ms-version": "2025-05-05"
      },
      "RequestBody": null,
      "StatusCode": 201,
      "ResponseHeaders": {
        "Content-Length": "0",
        "Date": "Tue, 10 Dec 2024 18:59:26 GMT",
        "ETag": "\"0x8DD194CC4FBD31E\"",
        "Last-Modified": "Tue, 10 Dec 2024 18:59:26 GMT",
        "Server": [
          "Windows-Azure-File/1.0",
          "Microsoft-HTTPAPI/2.0"
        ],
        "x-ms-client-request-id": "Sanitized",
        "x-ms-file-attributes": "Directory",
        "x-ms-file-change-time": "2024-12-10T18:59:26.9525278Z",
        "x-ms-file-creation-time": "2024-12-10T18:59:26.9525278Z",
        "x-ms-file-id": "10376363910205800448",
        "x-ms-file-last-write-time": "2024-12-10T18:59:26.9525278Z",
        "x-ms-file-parent-id": "13835128424026341376",
        "x-ms-file-permission-key": "8016861625448480706*547956186189310027",
        "x-ms-request-id": "26766367-001a-0017-5735-4b09bf000000",
        "x-ms-request-server-encrypted": "true",
        "x-ms-version": "2025-05-05"
      },
      "ResponseBody": null
    },
    {
      "RequestUri": "https://amandapreprod.file.core.windows.net/test-share-f205014f-6e49-af04-752d-38bdaa4f0c63/destFolder/pik/test-file-4832e80a-522d-ce20-ef03-3403ade2cfb3?sv=Sanitized&se=2024-12-11T18%3A59%3A26Z&sr=s&sp=rcwdl&sig=Sanitized",
      "RequestMethod": "HEAD",
      "RequestHeaders": {
        "Accept": "application/xml",
        "traceparent": "00-31ea9217b573fb919211a38f0dffeedf-4592a6fa7e2ddeaf-00",
        "User-Agent": "azsdk-net-Storage.Files.Shares/12.22.0-alpha.20241210.1 (.NET 6.0.36; Microsoft Windows 10.0.22635)",
        "x-ms-client-request-id": "Sanitized",
        "x-ms-return-client-request-id": "true",
        "x-ms-version": "2025-05-05"
      },
      "RequestBody": null,
      "StatusCode": 404,
      "ResponseHeaders": {
        "Date": "Tue, 10 Dec 2024 18:59:26 GMT",
        "Server": [
          "Windows-Azure-File/1.0",
          "Microsoft-HTTPAPI/2.0"
        ],
        "Transfer-Encoding": "chunked",
        "x-ms-client-request-id": "Sanitized",
        "x-ms-error-code": "ResourceNotFound",
        "x-ms-request-id": "15b10352-d01a-0004-1335-4b2db3000000",
        "x-ms-version": "2025-05-05"
      },
      "ResponseBody": null
    },
    {
      "RequestUri": "https://amandapreprod.file.core.windows.net/test-share-f205014f-6e49-af04-752d-38bdaa4f0c63/destFolder/foo/test-file-fe1fbc9d-7cd5-ac4d-61fb-890224587e1e?sv=Sanitized&se=2024-12-11T18%3A59%3A26Z&sr=s&sp=rcwdl&sig=Sanitized",
      "RequestMethod": "PUT",
      "RequestHeaders": {
        "Accept": "application/xml",
        "Content-Length": "0",
        "traceparent": "00-0a663ded0bc2a59a9ee30378bf949f72-2d400d377ef6c27e-00",
        "User-Agent": "azsdk-net-Storage.Files.Shares/12.22.0-alpha.20241210.1 (.NET 6.0.36; Microsoft Windows 10.0.22635)",
        "x-ms-cache-control": "no-cache",
        "x-ms-client-request-id": "Sanitized",
        "x-ms-content-disposition": "inline",
        "x-ms-content-encoding": "",
        "x-ms-content-language": "en-US",
        "x-ms-content-length": "0",
        "x-ms-content-type": "text/plain",
        "x-ms-file-creation-time": "2024-12-10T18:59:26.0000000Z",
        "x-ms-meta-Capital": "letter",
        "x-ms-meta-foo": "bar",
        "x-ms-meta-meta": "data",
        "x-ms-meta-UPPER": "case",
        "x-ms-return-client-request-id": "true",
        "x-ms-type": "file",
        "x-ms-version": "2025-05-05"
      },
      "RequestBody": null,
      "StatusCode": 201,
      "ResponseHeaders": {
        "Content-Length": "0",
        "Date": "Tue, 10 Dec 2024 18:59:26 GMT",
        "ETag": "\"0x8DD194CC50061E1\"",
        "Last-Modified": "Tue, 10 Dec 2024 18:59:26 GMT",
        "Server": [
          "Windows-Azure-File/1.0",
          "Microsoft-HTTPAPI/2.0"
        ],
        "x-ms-client-request-id": "Sanitized",
        "x-ms-file-attributes": "Archive",
        "x-ms-file-change-time": "2024-12-10T18:59:26.9823969Z",
        "x-ms-file-creation-time": "2024-12-10T18:59:26.0000000Z",
        "x-ms-file-id": "13835093239654252544",
        "x-ms-file-last-write-time": "2024-12-10T18:59:26.9823969Z",
        "x-ms-file-parent-id": "11529285414812647424",
        "x-ms-file-permission-key": "12626496306092130501*547956186189310027",
        "x-ms-request-id": "bbef974d-801a-0009-1035-4be567000000",
        "x-ms-request-server-encrypted": "true",
        "x-ms-version": "2025-05-05"
      },
      "ResponseBody": null
    },
    {
      "RequestUri": "https://amandapreprod.file.core.windows.net/test-share-f205014f-6e49-af04-752d-38bdaa4f0c63/destFolder/rul/test-file-5ad7d6d7-32ce-7570-9602-b30c918cff9a?sv=Sanitized&se=2024-12-11T18%3A59%3A26Z&sr=s&sp=rcwdl&sig=Sanitized",
      "RequestMethod": "HEAD",
      "RequestHeaders": {
        "Accept": "application/xml",
        "traceparent": "00-6454e89437123d6c2039457be6d14358-636491b59e46a85c-00",
        "User-Agent": "azsdk-net-Storage.Files.Shares/12.22.0-alpha.20241210.1 (.NET 6.0.36; Microsoft Windows 10.0.22635)",
        "x-ms-client-request-id": "Sanitized",
        "x-ms-return-client-request-id": "true",
        "x-ms-version": "2025-05-05"
      },
      "RequestBody": null,
      "StatusCode": 404,
      "ResponseHeaders": {
        "Date": "Tue, 10 Dec 2024 18:59:26 GMT",
        "Server": [
          "Windows-Azure-File/1.0",
          "Microsoft-HTTPAPI/2.0"
        ],
        "Transfer-Encoding": "chunked",
        "x-ms-client-request-id": "Sanitized",
        "x-ms-error-code": "ResourceNotFound",
        "x-ms-request-id": "26766368-001a-0017-5835-4b09bf000000",
        "x-ms-version": "2025-05-05"
      },
      "ResponseBody": null
    },
    {
      "RequestUri": "https://amandapreprod.file.core.windows.net/test-share-f205014f-6e49-af04-752d-38bdaa4f0c63/destFolder/pik/test-file-4832e80a-522d-ce20-ef03-3403ade2cfb3?sv=Sanitized&se=2024-12-11T18%3A59%3A26Z&sr=s&sp=rcwdl&sig=Sanitized",
      "RequestMethod": "PUT",
      "RequestHeaders": {
        "Accept": "application/xml",
        "Content-Length": "0",
        "traceparent": "00-a2bcd513811c868d401f7f3d56636b66-701d29bab9f27b19-00",
        "User-Agent": "azsdk-net-Storage.Files.Shares/12.22.0-alpha.20241210.1 (.NET 6.0.36; Microsoft Windows 10.0.22635)",
        "x-ms-cache-control": "no-cache",
        "x-ms-client-request-id": "Sanitized",
        "x-ms-content-disposition": "inline",
        "x-ms-content-encoding": "",
        "x-ms-content-language": "en-US",
        "x-ms-content-length": "0",
        "x-ms-content-type": "text/plain",
        "x-ms-file-creation-time": "2024-12-10T18:59:26.0000000Z",
        "x-ms-meta-Capital": "letter",
        "x-ms-meta-foo": "bar",
        "x-ms-meta-meta": "data",
        "x-ms-meta-UPPER": "case",
        "x-ms-return-client-request-id": "true",
        "x-ms-type": "file",
        "x-ms-version": "2025-05-05"
      },
      "RequestBody": null,
      "StatusCode": 201,
      "ResponseHeaders": {
        "Content-Length": "0",
        "Date": "Tue, 10 Dec 2024 18:59:26 GMT",
        "ETag": "\"0x8DD194CC509A648\"",
        "Last-Modified": "Tue, 10 Dec 2024 18:59:27 GMT",
        "Server": [
          "Windows-Azure-File/1.0",
          "Microsoft-HTTPAPI/2.0"
        ],
        "x-ms-client-request-id": "Sanitized",
        "x-ms-file-attributes": "Archive",
        "x-ms-file-change-time": "2024-12-10T18:59:27.0431304Z",
        "x-ms-file-creation-time": "2024-12-10T18:59:26.0000000Z",
        "x-ms-file-id": "13835163608398430208",
        "x-ms-file-last-write-time": "2024-12-10T18:59:27.0431304Z",
        "x-ms-file-parent-id": "16140971433240035328",
        "x-ms-file-permission-key": "12626496306092130501*547956186189310027",
        "x-ms-request-id": "15b10354-d01a-0004-1535-4b2db3000000",
        "x-ms-request-server-encrypted": "true",
        "x-ms-version": "2025-05-05"
      },
      "ResponseBody": null
    },
    {
      "RequestUri": "https://amandapreprod.file.core.windows.net/test-share-f205014f-6e49-af04-752d-38bdaa4f0c63/destFolder/rul/test-file-5ad7d6d7-32ce-7570-9602-b30c918cff9a?sv=Sanitized&se=2024-12-11T18%3A59%3A26Z&sr=s&sp=rcwdl&sig=Sanitized",
      "RequestMethod": "PUT",
      "RequestHeaders": {
        "Accept": "application/xml",
        "Content-Length": "0",
        "traceparent": "00-dfaa308ea571e1cbf55be7c6f1a93180-2e1125a3ec21b04a-00",
        "User-Agent": "azsdk-net-Storage.Files.Shares/12.22.0-alpha.20241210.1 (.NET 6.0.36; Microsoft Windows 10.0.22635)",
        "x-ms-cache-control": "no-cache",
        "x-ms-client-request-id": "Sanitized",
        "x-ms-content-disposition": "inline",
        "x-ms-content-encoding": "",
        "x-ms-content-language": "en-US",
        "x-ms-content-length": "0",
        "x-ms-content-type": "text/plain",
        "x-ms-file-creation-time": "2024-12-10T18:59:26.0000000Z",
        "x-ms-meta-Capital": "letter",
        "x-ms-meta-foo": "bar",
        "x-ms-meta-meta": "data",
        "x-ms-meta-UPPER": "case",
        "x-ms-return-client-request-id": "true",
        "x-ms-type": "file",
        "x-ms-version": "2025-05-05"
      },
      "RequestBody": null,
      "StatusCode": 201,
      "ResponseHeaders": {
        "Content-Length": "0",
        "Date": "Tue, 10 Dec 2024 18:59:27 GMT",
        "ETag": "\"0x8DD194CC510A351\"",
        "Last-Modified": "Tue, 10 Dec 2024 18:59:27 GMT",
        "Server": [
          "Windows-Azure-File/1.0",
          "Microsoft-HTTPAPI/2.0"
        ],
        "x-ms-client-request-id": "Sanitized",
        "x-ms-file-attributes": "Archive",
        "x-ms-file-change-time": "2024-12-10T18:59:27.0889297Z",
        "x-ms-file-creation-time": "2024-12-10T18:59:26.0000000Z",
        "x-ms-file-id": "14988049928633188352",
        "x-ms-file-last-write-time": "2024-12-10T18:59:27.0889297Z",
        "x-ms-file-parent-id": "10376363910205800448",
        "x-ms-file-permission-key": "12626496306092130501*547956186189310027",
        "x-ms-request-id": "26766369-001a-0017-5935-4b09bf000000",
        "x-ms-request-server-encrypted": "true",
        "x-ms-version": "2025-05-05"
      },
      "ResponseBody": null
    },
    {
      "RequestUri": "https://amandapreprod.blob.core.windows.net/test-container-a62e4f00-4821-f255-a69c-aeeb771c0da6?restype=container&comp=list&prefix=sourceFolder",
      "RequestMethod": "GET",
      "RequestHeaders": {
        "Accept": "application/xml",
        "Authorization": "Sanitized",
        "traceparent": "00-d9dfd162a0878afe792ca4db71468bb8-a3a911a9f28f2212-00",
        "User-Agent": "azsdk-net-Storage.Blobs/12.24.0-alpha.20241210.1 (.NET 6.0.36; Microsoft Windows 10.0.22635)",
        "x-ms-client-request-id": "Sanitized",
        "x-ms-date": "Tue, 10 Dec 2024 18:59:27 GMT",
        "x-ms-return-client-request-id": "true",
        "x-ms-version": "2025-05-05"
      },
      "RequestBody": null,
      "StatusCode": 200,
      "ResponseHeaders": {
        "Content-Type": "application/xml",
        "Date": "Tue, 10 Dec 2024 18:59:26 GMT",
        "Server": [
          "Windows-Azure-Blob/1.0",
          "Microsoft-HTTPAPI/2.0"
        ],
        "Transfer-Encoding": "chunked",
        "x-ms-client-request-id": "Sanitized",
        "x-ms-request-id": "6146fe45-001e-0007-1a35-4bccd7000000",
        "x-ms-version": "2025-05-05"
      },
      "ResponseBody": "\uFEFF<?xml version=\"1.0\" encoding=\"utf-8\"?><EnumerationResults ServiceEndpoint=\"https://amandapreprod.blob.core.windows.net/\" ContainerName=\"test-container-a62e4f00-4821-f255-a69c-aeeb771c0da6\"><Prefix>sourceFolder</Prefix><Blobs><Blob><Name>sourceFolder/foo/test-file-fe1fbc9d-7cd5-ac4d-61fb-890224587e1e</Name><Properties><Creation-Time>Tue, 10 Dec 2024 18:59:26 GMT</Creation-Time><Last-Modified>Tue, 10 Dec 2024 18:59:26 GMT</Last-Modified><Etag>0x8DD194CC4AEBCA0</Etag><Content-Length>0</Content-Length><Content-Type>text/plain</Content-Type><Content-Encoding /><Content-Language>en-US</Content-Language><Content-CRC64 /><Content-MD5>1B2M2Y8AsgTpgAmY7PhCfg==</Content-MD5><Cache-Control>no-cache</Cache-Control><Content-Disposition>inline</Content-Disposition><BlobType>BlockBlob</BlobType><AccessTier>Cold</AccessTier><AccessTierChangeTime>Tue, 10 Dec 2024 18:59:26 GMT</AccessTierChangeTime><LeaseStatus>unlocked</LeaseStatus><LeaseState>available</LeaseState><ServerEncrypted>true</ServerEncrypted></Properties><OrMetadata /></Blob><Blob><Name>sourceFolder/pik/test-file-4832e80a-522d-ce20-ef03-3403ade2cfb3</Name><Properties><Creation-Time>Tue, 10 Dec 2024 18:59:26 GMT</Creation-Time><Last-Modified>Tue, 10 Dec 2024 18:59:26 GMT</Last-Modified><Etag>0x8DD194CC4C16C47</Etag><Content-Length>0</Content-Length><Content-Type>text/plain</Content-Type><Content-Encoding /><Content-Language>en-US</Content-Language><Content-CRC64 /><Content-MD5>1B2M2Y8AsgTpgAmY7PhCfg==</Content-MD5><Cache-Control>no-cache</Cache-Control><Content-Disposition>inline</Content-Disposition><BlobType>BlockBlob</BlobType><AccessTier>Cold</AccessTier><AccessTierChangeTime>Tue, 10 Dec 2024 18:59:26 GMT</AccessTierChangeTime><LeaseStatus>unlocked</LeaseStatus><LeaseState>available</LeaseState><ServerEncrypted>true</ServerEncrypted></Properties><OrMetadata /></Blob><Blob><Name>sourceFolder/rul/test-file-5ad7d6d7-32ce-7570-9602-b30c918cff9a</Name><Properties><Creation-Time>Tue, 10 Dec 2024 18:59:26 GMT</Creation-Time><Last-Modified>Tue, 10 Dec 2024 18:59:26 GMT</Last-Modified><Etag>0x8DD194CC4B80101</Etag><Content-Length>0</Content-Length><Content-Type>text/plain</Content-Type><Content-Encoding /><Content-Language>en-US</Content-Language><Content-CRC64 /><Content-MD5>1B2M2Y8AsgTpgAmY7PhCfg==</Content-MD5><Cache-Control>no-cache</Cache-Control><Content-Disposition>inline</Content-Disposition><BlobType>BlockBlob</BlobType><AccessTier>Cold</AccessTier><AccessTierChangeTime>Tue, 10 Dec 2024 18:59:26 GMT</AccessTierChangeTime><LeaseStatus>unlocked</LeaseStatus><LeaseState>available</LeaseState><ServerEncrypted>true</ServerEncrypted></Properties><OrMetadata /></Blob></Blobs><NextMarker /></EnumerationResults>"
    },
    {
      "RequestUri": "https://amandapreprod.file.core.windows.net/test-share-f205014f-6e49-af04-752d-38bdaa4f0c63/destFolder?restype=directory&comp=list",
      "RequestMethod": "GET",
      "RequestHeaders": {
        "Accept": "application/xml",
        "Authorization": "Sanitized",
        "traceparent": "00-e525978ba3f0cbfb51ef951e61ea91d2-a332ae62cd97d7ce-00",
        "User-Agent": "azsdk-net-Storage.Files.Shares/12.22.0-alpha.20241210.1 (.NET 6.0.36; Microsoft Windows 10.0.22635)",
        "x-ms-client-request-id": "Sanitized",
        "x-ms-date": "Tue, 10 Dec 2024 18:59:27 GMT",
        "x-ms-return-client-request-id": "true",
        "x-ms-version": "2025-05-05"
      },
      "RequestBody": null,
      "StatusCode": 200,
      "ResponseHeaders": {
        "Content-Type": "application/xml",
        "Date": "Tue, 10 Dec 2024 18:59:27 GMT",
        "Server": [
          "Windows-Azure-File/1.0",
          "Microsoft-HTTPAPI/2.0"
        ],
        "Transfer-Encoding": "chunked",
        "x-ms-client-request-id": "Sanitized",
        "x-ms-request-id": "2676636b-001a-0017-5a35-4b09bf000000",
        "x-ms-version": "2025-05-05"
      },
      "ResponseBody": "\uFEFF<?xml version=\"1.0\" encoding=\"utf-8\"?><EnumerationResults ServiceEndpoint=\"https://amandapreprod.file.core.windows.net/\" ShareName=\"test-share-f205014f-6e49-af04-752d-38bdaa4f0c63\" DirectoryPath=\"destFolder\"><DirectoryId>13835128424026341376</DirectoryId><Entries><Directory><Name>foo</Name><FileId>11529285414812647424</FileId><Properties /></Directory><Directory><Name>pik</Name><FileId>16140971433240035328</FileId><Properties /></Directory><Directory><Name>rul</Name><FileId>10376363910205800448</FileId><Properties /></Directory></Entries><NextMarker /></EnumerationResults>"
    },
    {
      "RequestUri": "https://amandapreprod.file.core.windows.net/test-share-f205014f-6e49-af04-752d-38bdaa4f0c63/destFolder/foo?restype=directory&comp=list",
      "RequestMethod": "GET",
      "RequestHeaders": {
        "Accept": "application/xml",
        "Authorization": "Sanitized",
        "traceparent": "00-640771bbdc4fd6ce86657d6ecf32b6d0-8438823f417d12d4-00",
        "User-Agent": "azsdk-net-Storage.Files.Shares/12.22.0-alpha.20241210.1 (.NET 6.0.36; Microsoft Windows 10.0.22635)",
        "x-ms-client-request-id": "Sanitized",
        "x-ms-date": "Tue, 10 Dec 2024 18:59:27 GMT",
        "x-ms-return-client-request-id": "true",
        "x-ms-version": "2025-05-05"
      },
      "RequestBody": null,
      "StatusCode": 200,
      "ResponseHeaders": {
        "Content-Type": "application/xml",
        "Date": "Tue, 10 Dec 2024 18:59:27 GMT",
        "Server": [
          "Windows-Azure-File/1.0",
          "Microsoft-HTTPAPI/2.0"
        ],
        "Transfer-Encoding": "chunked",
        "x-ms-client-request-id": "Sanitized",
        "x-ms-request-id": "2676636c-001a-0017-5b35-4b09bf000000",
        "x-ms-version": "2025-05-05"
      },
      "ResponseBody": "\uFEFF<?xml version=\"1.0\" encoding=\"utf-8\"?><EnumerationResults ServiceEndpoint=\"https://amandapreprod.file.core.windows.net/\" ShareName=\"test-share-f205014f-6e49-af04-752d-38bdaa4f0c63\" DirectoryPath=\"destFolder/foo\"><DirectoryId>11529285414812647424</DirectoryId><Entries><File><Name>test-file-fe1fbc9d-7cd5-ac4d-61fb-890224587e1e</Name><FileId>13835093239654252544</FileId><Properties><Content-Length>0</Content-Length></Properties></File></Entries><NextMarker /></EnumerationResults>"
    },
    {
      "RequestUri": "https://amandapreprod.file.core.windows.net/test-share-f205014f-6e49-af04-752d-38bdaa4f0c63/destFolder/pik?restype=directory&comp=list",
      "RequestMethod": "GET",
      "RequestHeaders": {
        "Accept": "application/xml",
        "Authorization": "Sanitized",
        "traceparent": "00-9e898448ef56e01a0b2cac99c17f56f4-eb2ec10445dc8ce0-00",
        "User-Agent": "azsdk-net-Storage.Files.Shares/12.22.0-alpha.20241210.1 (.NET 6.0.36; Microsoft Windows 10.0.22635)",
        "x-ms-client-request-id": "Sanitized",
        "x-ms-date": "Tue, 10 Dec 2024 18:59:27 GMT",
        "x-ms-return-client-request-id": "true",
        "x-ms-version": "2025-05-05"
      },
      "RequestBody": null,
      "StatusCode": 200,
      "ResponseHeaders": {
        "Content-Type": "application/xml",
        "Date": "Tue, 10 Dec 2024 18:59:27 GMT",
        "Server": [
          "Windows-Azure-File/1.0",
          "Microsoft-HTTPAPI/2.0"
        ],
        "Transfer-Encoding": "chunked",
        "x-ms-client-request-id": "Sanitized",
        "x-ms-request-id": "2676636d-001a-0017-5c35-4b09bf000000",
        "x-ms-version": "2025-05-05"
      },
      "ResponseBody": "\uFEFF<?xml version=\"1.0\" encoding=\"utf-8\"?><EnumerationResults ServiceEndpoint=\"https://amandapreprod.file.core.windows.net/\" ShareName=\"test-share-f205014f-6e49-af04-752d-38bdaa4f0c63\" DirectoryPath=\"destFolder/pik\"><DirectoryId>16140971433240035328</DirectoryId><Entries><File><Name>test-file-4832e80a-522d-ce20-ef03-3403ade2cfb3</Name><FileId>13835163608398430208</FileId><Properties><Content-Length>0</Content-Length></Properties></File></Entries><NextMarker /></EnumerationResults>"
    },
    {
      "RequestUri": "https://amandapreprod.file.core.windows.net/test-share-f205014f-6e49-af04-752d-38bdaa4f0c63/destFolder/rul?restype=directory&comp=list",
      "RequestMethod": "GET",
      "RequestHeaders": {
        "Accept": "application/xml",
        "Authorization": "Sanitized",
        "traceparent": "00-91e9a5d4a9c29e40241d1577a24eed36-eac839024552c0b1-00",
        "User-Agent": "azsdk-net-Storage.Files.Shares/12.22.0-alpha.20241210.1 (.NET 6.0.36; Microsoft Windows 10.0.22635)",
        "x-ms-client-request-id": "Sanitized",
        "x-ms-date": "Tue, 10 Dec 2024 18:59:27 GMT",
        "x-ms-return-client-request-id": "true",
        "x-ms-version": "2025-05-05"
      },
      "RequestBody": null,
      "StatusCode": 200,
      "ResponseHeaders": {
        "Content-Type": "application/xml",
        "Date": "Tue, 10 Dec 2024 18:59:27 GMT",
        "Server": [
          "Windows-Azure-File/1.0",
          "Microsoft-HTTPAPI/2.0"
        ],
        "Transfer-Encoding": "chunked",
        "x-ms-client-request-id": "Sanitized",
        "x-ms-request-id": "2676636e-001a-0017-5d35-4b09bf000000",
        "x-ms-version": "2025-05-05"
      },
      "ResponseBody": "\uFEFF<?xml version=\"1.0\" encoding=\"utf-8\"?><EnumerationResults ServiceEndpoint=\"https://amandapreprod.file.core.windows.net/\" ShareName=\"test-share-f205014f-6e49-af04-752d-38bdaa4f0c63\" DirectoryPath=\"destFolder/rul\"><DirectoryId>10376363910205800448</DirectoryId><Entries><File><Name>test-file-5ad7d6d7-32ce-7570-9602-b30c918cff9a</Name><FileId>14988049928633188352</FileId><Properties><Content-Length>0</Content-Length></Properties></File></Entries><NextMarker /></EnumerationResults>"
    },
    {
      "RequestUri": "https://amandapreprod.blob.core.windows.net/test-container-a62e4f00-4821-f255-a69c-aeeb771c0da6/sourceFolder/foo/test-file-fe1fbc9d-7cd5-ac4d-61fb-890224587e1e",
      "RequestMethod": "HEAD",
      "RequestHeaders": {
        "Accept": "application/xml",
        "Authorization": "Sanitized",
        "traceparent": "00-2d8bbf94127c6affb98c0c03c9b0e60c-c7b9979a19d0cff5-00",
        "User-Agent": "azsdk-net-Storage.Blobs/12.24.0-alpha.20241210.1 (.NET 6.0.36; Microsoft Windows 10.0.22635)",
        "x-ms-client-request-id": "Sanitized",
        "x-ms-date": "Tue, 10 Dec 2024 18:59:27 GMT",
        "x-ms-return-client-request-id": "true",
        "x-ms-version": "2025-05-05"
      },
      "RequestBody": null,
      "StatusCode": 200,
      "ResponseHeaders": {
        "Accept-Ranges": "bytes",
        "Cache-Control": "no-cache",
        "Content-Disposition": "inline",
        "Content-Language": "en-US",
        "Content-Length": "0",
        "Content-MD5": "1B2M2Y8AsgTpgAmY7PhCfg==",
        "Content-Type": "text/plain",
        "Date": "Tue, 10 Dec 2024 18:59:27 GMT",
        "ETag": "\"0x8DD194CC4AEBCA0\"",
        "Last-Modified": "Tue, 10 Dec 2024 18:59:26 GMT",
        "Server": [
          "Windows-Azure-Blob/1.0",
          "Microsoft-HTTPAPI/2.0"
        ],
        "x-ms-access-tier": "Cold",
        "x-ms-access-tier-change-time": "Tue, 10 Dec 2024 18:59:26 GMT",
        "x-ms-blob-type": "BlockBlob",
        "x-ms-client-request-id": "Sanitized",
        "x-ms-creation-time": "Tue, 10 Dec 2024 18:59:26 GMT",
        "x-ms-lease-state": "available",
        "x-ms-lease-status": "unlocked",
        "x-ms-meta-Capital": "letter",
        "x-ms-meta-foo": "bar",
        "x-ms-meta-meta": "data",
        "x-ms-meta-UPPER": "case",
        "x-ms-request-id": "6146ff4f-001e-0007-0535-4bccd7000000",
        "x-ms-server-encrypted": "true",
        "x-ms-version": "2025-05-05"
      },
      "ResponseBody": null
    },
    {
      "RequestUri": "https://amandapreprod.file.core.windows.net/test-share-f205014f-6e49-af04-752d-38bdaa4f0c63/destFolder/foo/test-file-fe1fbc9d-7cd5-ac4d-61fb-890224587e1e",
      "RequestMethod": "HEAD",
      "RequestHeaders": {
        "Accept": "application/xml",
        "Authorization": "Sanitized",
        "traceparent": "00-fce9b2f8ef8d44336577465cd796e3fe-8fa847c09a999dc1-00",
        "User-Agent": "azsdk-net-Storage.Files.Shares/12.22.0-alpha.20241210.1 (.NET 6.0.36; Microsoft Windows 10.0.22635)",
        "x-ms-client-request-id": "Sanitized",
        "x-ms-date": "Tue, 10 Dec 2024 18:59:27 GMT",
        "x-ms-return-client-request-id": "true",
        "x-ms-version": "2025-05-05"
      },
      "RequestBody": null,
      "StatusCode": 200,
      "ResponseHeaders": {
        "Cache-Control": "no-cache",
        "Content-Disposition": "inline",
        "Content-Language": "en-US",
        "Content-Length": "0",
        "Content-Type": "text/plain",
        "Date": "Tue, 10 Dec 2024 18:59:27 GMT",
        "ETag": "\"0x8DD194CC50061E1\"",
        "Last-Modified": "Tue, 10 Dec 2024 18:59:26 GMT",
        "Server": [
          "Windows-Azure-File/1.0",
          "Microsoft-HTTPAPI/2.0"
        ],
        "x-ms-client-request-id": "Sanitized",
        "x-ms-file-attributes": "Archive",
        "x-ms-file-change-time": "2024-12-10T18:59:26.9823969Z",
        "x-ms-file-creation-time": "2024-12-10T18:59:26.0000000Z",
        "x-ms-file-id": "13835093239654252544",
        "x-ms-file-last-write-time": "2024-12-10T18:59:26.9823969Z",
        "x-ms-file-parent-id": "11529285414812647424",
        "x-ms-file-permission-key": "12626496306092130501*547956186189310027",
        "x-ms-lease-state": "available",
        "x-ms-lease-status": "unlocked",
        "x-ms-meta-Capital": "letter",
        "x-ms-meta-foo": "bar",
        "x-ms-meta-meta": "data",
        "x-ms-meta-UPPER": "case",
        "x-ms-request-id": "2676636f-001a-0017-5e35-4b09bf000000",
        "x-ms-server-encrypted": "true",
        "x-ms-type": "File",
        "x-ms-version": "2025-05-05"
      },
      "ResponseBody": null
    },
    {
      "RequestUri": "https://amandapreprod.blob.core.windows.net/test-container-a62e4f00-4821-f255-a69c-aeeb771c0da6/sourceFolder/foo/test-file-fe1fbc9d-7cd5-ac4d-61fb-890224587e1e",
      "RequestMethod": "HEAD",
      "RequestHeaders": {
        "Accept": "application/xml",
        "Authorization": "Sanitized",
        "traceparent": "00-b83e86e6e0c094ae5a15bde2928198a2-f31fe7fd9a6e893d-00",
        "User-Agent": "azsdk-net-Storage.Blobs/12.24.0-alpha.20241210.1 (.NET 6.0.36; Microsoft Windows 10.0.22635)",
        "x-ms-client-request-id": "Sanitized",
        "x-ms-date": "Tue, 10 Dec 2024 18:59:28 GMT",
        "x-ms-return-client-request-id": "true",
        "x-ms-version": "2025-05-05"
      },
      "RequestBody": null,
      "StatusCode": 200,
      "ResponseHeaders": {
        "Accept-Ranges": "bytes",
        "Cache-Control": "no-cache",
        "Content-Disposition": "inline",
        "Content-Language": "en-US",
        "Content-Length": "0",
        "Content-MD5": "1B2M2Y8AsgTpgAmY7PhCfg==",
        "Content-Type": "text/plain",
        "Date": "Tue, 10 Dec 2024 18:59:27 GMT",
        "ETag": "\"0x8DD194CC4AEBCA0\"",
        "Last-Modified": "Tue, 10 Dec 2024 18:59:26 GMT",
        "Server": [
          "Windows-Azure-Blob/1.0",
          "Microsoft-HTTPAPI/2.0"
        ],
        "x-ms-access-tier": "Cold",
        "x-ms-access-tier-change-time": "Tue, 10 Dec 2024 18:59:26 GMT",
        "x-ms-blob-type": "BlockBlob",
        "x-ms-client-request-id": "Sanitized",
        "x-ms-creation-time": "Tue, 10 Dec 2024 18:59:26 GMT",
        "x-ms-lease-state": "available",
        "x-ms-lease-status": "unlocked",
        "x-ms-meta-Capital": "letter",
        "x-ms-meta-foo": "bar",
        "x-ms-meta-meta": "data",
        "x-ms-meta-UPPER": "case",
        "x-ms-request-id": "6146ffb3-001e-0007-6235-4bccd7000000",
        "x-ms-server-encrypted": "true",
        "x-ms-version": "2025-05-05"
      },
      "ResponseBody": null
    },
    {
      "RequestUri": "https://amandapreprod.file.core.windows.net/test-share-f205014f-6e49-af04-752d-38bdaa4f0c63/destFolder/foo/test-file-fe1fbc9d-7cd5-ac4d-61fb-890224587e1e",
      "RequestMethod": "HEAD",
      "RequestHeaders": {
        "Accept": "application/xml",
        "Authorization": "Sanitized",
        "traceparent": "00-06bfa6812ab757e9d5e785784b1de463-8508d62230e3064d-00",
        "User-Agent": "azsdk-net-Storage.Files.Shares/12.22.0-alpha.20241210.1 (.NET 6.0.36; Microsoft Windows 10.0.22635)",
        "x-ms-client-request-id": "Sanitized",
        "x-ms-date": "Tue, 10 Dec 2024 18:59:28 GMT",
        "x-ms-return-client-request-id": "true",
        "x-ms-version": "2025-05-05"
      },
      "RequestBody": null,
      "StatusCode": 200,
      "ResponseHeaders": {
        "Cache-Control": "no-cache",
        "Content-Disposition": "inline",
        "Content-Language": "en-US",
        "Content-Length": "0",
        "Content-Type": "text/plain",
        "Date": "Tue, 10 Dec 2024 18:59:27 GMT",
        "ETag": "\"0x8DD194CC50061E1\"",
        "Last-Modified": "Tue, 10 Dec 2024 18:59:26 GMT",
        "Server": [
          "Windows-Azure-File/1.0",
          "Microsoft-HTTPAPI/2.0"
        ],
        "x-ms-client-request-id": "Sanitized",
        "x-ms-file-attributes": "Archive",
        "x-ms-file-change-time": "2024-12-10T18:59:26.9823969Z",
        "x-ms-file-creation-time": "2024-12-10T18:59:26.0000000Z",
        "x-ms-file-id": "13835093239654252544",
        "x-ms-file-last-write-time": "2024-12-10T18:59:26.9823969Z",
        "x-ms-file-parent-id": "11529285414812647424",
        "x-ms-file-permission-key": "12626496306092130501*547956186189310027",
        "x-ms-lease-state": "available",
        "x-ms-lease-status": "unlocked",
        "x-ms-meta-Capital": "letter",
        "x-ms-meta-foo": "bar",
        "x-ms-meta-meta": "data",
        "x-ms-meta-UPPER": "case",
        "x-ms-request-id": "26766370-001a-0017-5f35-4b09bf000000",
        "x-ms-server-encrypted": "true",
        "x-ms-type": "File",
        "x-ms-version": "2025-05-05"
      },
      "ResponseBody": null
    },
    {
      "RequestUri": "https://amandapreprod.blob.core.windows.net/test-container-a62e4f00-4821-f255-a69c-aeeb771c0da6/sourceFolder/pik/test-file-4832e80a-522d-ce20-ef03-3403ade2cfb3",
      "RequestMethod": "HEAD",
      "RequestHeaders": {
        "Accept": "application/xml",
        "Authorization": "Sanitized",
        "traceparent": "00-0987536168c6e1c6b2bd844f348624d1-d57cdb8425bd8480-00",
        "User-Agent": "azsdk-net-Storage.Blobs/12.24.0-alpha.20241210.1 (.NET 6.0.36; Microsoft Windows 10.0.22635)",
        "x-ms-client-request-id": "Sanitized",
        "x-ms-date": "Tue, 10 Dec 2024 18:59:28 GMT",
        "x-ms-return-client-request-id": "true",
        "x-ms-version": "2025-05-05"
      },
      "RequestBody": null,
      "StatusCode": 200,
      "ResponseHeaders": {
        "Accept-Ranges": "bytes",
        "Cache-Control": "no-cache",
        "Content-Disposition": "inline",
        "Content-Language": "en-US",
        "Content-Length": "0",
        "Content-MD5": "1B2M2Y8AsgTpgAmY7PhCfg==",
        "Content-Type": "text/plain",
        "Date": "Tue, 10 Dec 2024 18:59:27 GMT",
        "ETag": "\"0x8DD194CC4C16C47\"",
        "Last-Modified": "Tue, 10 Dec 2024 18:59:26 GMT",
        "Server": [
          "Windows-Azure-Blob/1.0",
          "Microsoft-HTTPAPI/2.0"
        ],
        "x-ms-access-tier": "Cold",
        "x-ms-access-tier-change-time": "Tue, 10 Dec 2024 18:59:26 GMT",
        "x-ms-blob-type": "BlockBlob",
        "x-ms-client-request-id": "Sanitized",
        "x-ms-creation-time": "Tue, 10 Dec 2024 18:59:26 GMT",
        "x-ms-lease-state": "available",
        "x-ms-lease-status": "unlocked",
        "x-ms-meta-Capital": "letter",
        "x-ms-meta-foo": "bar",
        "x-ms-meta-meta": "data",
        "x-ms-meta-UPPER": "case",
        "x-ms-request-id": "6146ffef-001e-0007-1b35-4bccd7000000",
        "x-ms-server-encrypted": "true",
        "x-ms-version": "2025-05-05"
      },
      "ResponseBody": null
    },
    {
      "RequestUri": "https://amandapreprod.file.core.windows.net/test-share-f205014f-6e49-af04-752d-38bdaa4f0c63/destFolder/pik/test-file-4832e80a-522d-ce20-ef03-3403ade2cfb3",
      "RequestMethod": "HEAD",
      "RequestHeaders": {
        "Accept": "application/xml",
        "Authorization": "Sanitized",
        "traceparent": "00-c46776aab3c18721d8e6c9f1c5b71831-3d9c732e2bd3402a-00",
        "User-Agent": "azsdk-net-Storage.Files.Shares/12.22.0-alpha.20241210.1 (.NET 6.0.36; Microsoft Windows 10.0.22635)",
        "x-ms-client-request-id": "Sanitized",
        "x-ms-date": "Tue, 10 Dec 2024 18:59:28 GMT",
        "x-ms-return-client-request-id": "true",
        "x-ms-version": "2025-05-05"
      },
      "RequestBody": null,
      "StatusCode": 200,
      "ResponseHeaders": {
        "Cache-Control": "no-cache",
        "Content-Disposition": "inline",
        "Content-Language": "en-US",
        "Content-Length": "0",
        "Content-Type": "text/plain",
        "Date": "Tue, 10 Dec 2024 18:59:27 GMT",
        "ETag": "\"0x8DD194CC509A648\"",
        "Last-Modified": "Tue, 10 Dec 2024 18:59:27 GMT",
        "Server": [
          "Windows-Azure-File/1.0",
          "Microsoft-HTTPAPI/2.0"
        ],
        "x-ms-client-request-id": "Sanitized",
        "x-ms-file-attributes": "Archive",
        "x-ms-file-change-time": "2024-12-10T18:59:27.0431304Z",
        "x-ms-file-creation-time": "2024-12-10T18:59:26.0000000Z",
        "x-ms-file-id": "13835163608398430208",
        "x-ms-file-last-write-time": "2024-12-10T18:59:27.0431304Z",
        "x-ms-file-parent-id": "16140971433240035328",
        "x-ms-file-permission-key": "12626496306092130501*547956186189310027",
        "x-ms-lease-state": "available",
        "x-ms-lease-status": "unlocked",
        "x-ms-meta-Capital": "letter",
        "x-ms-meta-foo": "bar",
        "x-ms-meta-meta": "data",
        "x-ms-meta-UPPER": "case",
        "x-ms-request-id": "26766371-001a-0017-6035-4b09bf000000",
        "x-ms-server-encrypted": "true",
        "x-ms-type": "File",
        "x-ms-version": "2025-05-05"
      },
      "ResponseBody": null
    },
    {
      "RequestUri": "https://amandapreprod.blob.core.windows.net/test-container-a62e4f00-4821-f255-a69c-aeeb771c0da6/sourceFolder/pik/test-file-4832e80a-522d-ce20-ef03-3403ade2cfb3",
      "RequestMethod": "HEAD",
      "RequestHeaders": {
        "Accept": "application/xml",
        "Authorization": "Sanitized",
        "traceparent": "00-6380913e0d91478bb754acb4a81c473d-dd5f38367686c661-00",
        "User-Agent": "azsdk-net-Storage.Blobs/12.24.0-alpha.20241210.1 (.NET 6.0.36; Microsoft Windows 10.0.22635)",
        "x-ms-client-request-id": "Sanitized",
        "x-ms-date": "Tue, 10 Dec 2024 18:59:28 GMT",
        "x-ms-return-client-request-id": "true",
        "x-ms-version": "2025-05-05"
      },
      "RequestBody": null,
      "StatusCode": 200,
      "ResponseHeaders": {
        "Accept-Ranges": "bytes",
        "Cache-Control": "no-cache",
        "Content-Disposition": "inline",
        "Content-Language": "en-US",
        "Content-Length": "0",
        "Content-MD5": "1B2M2Y8AsgTpgAmY7PhCfg==",
        "Content-Type": "text/plain",
        "Date": "Tue, 10 Dec 2024 18:59:27 GMT",
        "ETag": "\"0x8DD194CC4C16C47\"",
        "Last-Modified": "Tue, 10 Dec 2024 18:59:26 GMT",
        "Server": [
          "Windows-Azure-Blob/1.0",
          "Microsoft-HTTPAPI/2.0"
        ],
        "x-ms-access-tier": "Cold",
        "x-ms-access-tier-change-time": "Tue, 10 Dec 2024 18:59:26 GMT",
        "x-ms-blob-type": "BlockBlob",
        "x-ms-client-request-id": "Sanitized",
        "x-ms-creation-time": "Tue, 10 Dec 2024 18:59:26 GMT",
        "x-ms-lease-state": "available",
        "x-ms-lease-status": "unlocked",
        "x-ms-meta-Capital": "letter",
        "x-ms-meta-foo": "bar",
        "x-ms-meta-meta": "data",
        "x-ms-meta-UPPER": "case",
        "x-ms-request-id": "61470052-001e-0007-7335-4bccd7000000",
        "x-ms-server-encrypted": "true",
        "x-ms-version": "2025-05-05"
      },
      "ResponseBody": null
    },
    {
      "RequestUri": "https://amandapreprod.file.core.windows.net/test-share-f205014f-6e49-af04-752d-38bdaa4f0c63/destFolder/pik/test-file-4832e80a-522d-ce20-ef03-3403ade2cfb3",
      "RequestMethod": "HEAD",
      "RequestHeaders": {
        "Accept": "application/xml",
        "Authorization": "Sanitized",
        "traceparent": "00-63025079ec749f7632a3b79954b9f6aa-3608caeed797e335-00",
        "User-Agent": "azsdk-net-Storage.Files.Shares/12.22.0-alpha.20241210.1 (.NET 6.0.36; Microsoft Windows 10.0.22635)",
        "x-ms-client-request-id": "Sanitized",
        "x-ms-date": "Tue, 10 Dec 2024 18:59:28 GMT",
        "x-ms-return-client-request-id": "true",
        "x-ms-version": "2025-05-05"
      },
      "RequestBody": null,
      "StatusCode": 200,
      "ResponseHeaders": {
        "Cache-Control": "no-cache",
        "Content-Disposition": "inline",
        "Content-Language": "en-US",
        "Content-Length": "0",
        "Content-Type": "text/plain",
        "Date": "Tue, 10 Dec 2024 18:59:27 GMT",
        "ETag": "\"0x8DD194CC509A648\"",
        "Last-Modified": "Tue, 10 Dec 2024 18:59:27 GMT",
        "Server": [
          "Windows-Azure-File/1.0",
          "Microsoft-HTTPAPI/2.0"
        ],
        "x-ms-client-request-id": "Sanitized",
        "x-ms-file-attributes": "Archive",
        "x-ms-file-change-time": "2024-12-10T18:59:27.0431304Z",
        "x-ms-file-creation-time": "2024-12-10T18:59:26.0000000Z",
        "x-ms-file-id": "13835163608398430208",
        "x-ms-file-last-write-time": "2024-12-10T18:59:27.0431304Z",
        "x-ms-file-parent-id": "16140971433240035328",
        "x-ms-file-permission-key": "12626496306092130501*547956186189310027",
        "x-ms-lease-state": "available",
        "x-ms-lease-status": "unlocked",
        "x-ms-meta-Capital": "letter",
        "x-ms-meta-foo": "bar",
        "x-ms-meta-meta": "data",
        "x-ms-meta-UPPER": "case",
        "x-ms-request-id": "26766373-001a-0017-6135-4b09bf000000",
        "x-ms-server-encrypted": "true",
        "x-ms-type": "File",
        "x-ms-version": "2025-05-05"
      },
      "ResponseBody": null
    },
    {
      "RequestUri": "https://amandapreprod.blob.core.windows.net/test-container-a62e4f00-4821-f255-a69c-aeeb771c0da6/sourceFolder/rul/test-file-5ad7d6d7-32ce-7570-9602-b30c918cff9a",
      "RequestMethod": "HEAD",
      "RequestHeaders": {
        "Accept": "application/xml",
        "Authorization": "Sanitized",
        "traceparent": "00-02d4791bbf3cca57cd4475643c7b95eb-2b339afce833e640-00",
        "User-Agent": "azsdk-net-Storage.Blobs/12.24.0-alpha.20241210.1 (.NET 6.0.36; Microsoft Windows 10.0.22635)",
        "x-ms-client-request-id": "Sanitized",
        "x-ms-date": "Tue, 10 Dec 2024 18:59:28 GMT",
        "x-ms-return-client-request-id": "true",
        "x-ms-version": "2025-05-05"
      },
      "RequestBody": null,
      "StatusCode": 200,
      "ResponseHeaders": {
        "Accept-Ranges": "bytes",
        "Cache-Control": "no-cache",
        "Content-Disposition": "inline",
        "Content-Language": "en-US",
        "Content-Length": "0",
        "Content-MD5": "1B2M2Y8AsgTpgAmY7PhCfg==",
        "Content-Type": "text/plain",
        "Date": "Tue, 10 Dec 2024 18:59:27 GMT",
        "ETag": "\"0x8DD194CC4B80101\"",
        "Last-Modified": "Tue, 10 Dec 2024 18:59:26 GMT",
        "Server": [
          "Windows-Azure-Blob/1.0",
          "Microsoft-HTTPAPI/2.0"
        ],
        "x-ms-access-tier": "Cold",
        "x-ms-access-tier-change-time": "Tue, 10 Dec 2024 18:59:26 GMT",
        "x-ms-blob-type": "BlockBlob",
        "x-ms-client-request-id": "Sanitized",
        "x-ms-creation-time": "Tue, 10 Dec 2024 18:59:26 GMT",
        "x-ms-lease-state": "available",
        "x-ms-lease-status": "unlocked",
        "x-ms-meta-Capital": "letter",
        "x-ms-meta-foo": "bar",
        "x-ms-meta-meta": "data",
        "x-ms-meta-UPPER": "case",
        "x-ms-request-id": "6147009d-001e-0007-3235-4bccd7000000",
        "x-ms-server-encrypted": "true",
        "x-ms-version": "2025-05-05"
      },
      "ResponseBody": null
    },
    {
      "RequestUri": "https://amandapreprod.file.core.windows.net/test-share-f205014f-6e49-af04-752d-38bdaa4f0c63/destFolder/rul/test-file-5ad7d6d7-32ce-7570-9602-b30c918cff9a",
      "RequestMethod": "HEAD",
      "RequestHeaders": {
        "Accept": "application/xml",
        "Authorization": "Sanitized",
        "traceparent": "00-e0513b0185155022c24723fa824919ff-92681c9d745a491f-00",
        "User-Agent": "azsdk-net-Storage.Files.Shares/12.22.0-alpha.20241210.1 (.NET 6.0.36; Microsoft Windows 10.0.22635)",
        "x-ms-client-request-id": "Sanitized",
        "x-ms-date": "Tue, 10 Dec 2024 18:59:28 GMT",
        "x-ms-return-client-request-id": "true",
        "x-ms-version": "2025-05-05"
      },
      "RequestBody": null,
      "StatusCode": 200,
      "ResponseHeaders": {
        "Cache-Control": "no-cache",
        "Content-Disposition": "inline",
        "Content-Language": "en-US",
        "Content-Length": "0",
        "Content-Type": "text/plain",
        "Date": "Tue, 10 Dec 2024 18:59:28 GMT",
        "ETag": "\"0x8DD194CC510A351\"",
        "Last-Modified": "Tue, 10 Dec 2024 18:59:27 GMT",
        "Server": [
          "Windows-Azure-File/1.0",
          "Microsoft-HTTPAPI/2.0"
        ],
        "x-ms-client-request-id": "Sanitized",
        "x-ms-file-attributes": "Archive",
        "x-ms-file-change-time": "2024-12-10T18:59:27.0889297Z",
        "x-ms-file-creation-time": "2024-12-10T18:59:26.0000000Z",
        "x-ms-file-id": "14988049928633188352",
        "x-ms-file-last-write-time": "2024-12-10T18:59:27.0889297Z",
        "x-ms-file-parent-id": "10376363910205800448",
        "x-ms-file-permission-key": "12626496306092130501*547956186189310027",
        "x-ms-lease-state": "available",
        "x-ms-lease-status": "unlocked",
        "x-ms-meta-Capital": "letter",
        "x-ms-meta-foo": "bar",
        "x-ms-meta-meta": "data",
        "x-ms-meta-UPPER": "case",
        "x-ms-request-id": "26766374-001a-0017-6235-4b09bf000000",
        "x-ms-server-encrypted": "true",
        "x-ms-type": "File",
        "x-ms-version": "2025-05-05"
      },
      "ResponseBody": null
    },
    {
      "RequestUri": "https://amandapreprod.blob.core.windows.net/test-container-a62e4f00-4821-f255-a69c-aeeb771c0da6/sourceFolder/rul/test-file-5ad7d6d7-32ce-7570-9602-b30c918cff9a",
      "RequestMethod": "HEAD",
      "RequestHeaders": {
        "Accept": "application/xml",
        "Authorization": "Sanitized",
        "traceparent": "00-fcc3b0c5047fbeb4fa0a702b7976099e-23d2a7847e85fd60-00",
        "User-Agent": "azsdk-net-Storage.Blobs/12.24.0-alpha.20241210.1 (.NET 6.0.36; Microsoft Windows 10.0.22635)",
        "x-ms-client-request-id": "Sanitized",
        "x-ms-date": "Tue, 10 Dec 2024 18:59:28 GMT",
        "x-ms-return-client-request-id": "true",
        "x-ms-version": "2025-05-05"
      },
      "RequestBody": null,
      "StatusCode": 200,
      "ResponseHeaders": {
        "Accept-Ranges": "bytes",
        "Cache-Control": "no-cache",
        "Content-Disposition": "inline",
        "Content-Language": "en-US",
        "Content-Length": "0",
        "Content-MD5": "1B2M2Y8AsgTpgAmY7PhCfg==",
        "Content-Type": "text/plain",
        "Date": "Tue, 10 Dec 2024 18:59:27 GMT",
        "ETag": "\"0x8DD194CC4B80101\"",
        "Last-Modified": "Tue, 10 Dec 2024 18:59:26 GMT",
        "Server": [
          "Windows-Azure-Blob/1.0",
          "Microsoft-HTTPAPI/2.0"
        ],
        "x-ms-access-tier": "Cold",
        "x-ms-access-tier-change-time": "Tue, 10 Dec 2024 18:59:26 GMT",
        "x-ms-blob-type": "BlockBlob",
        "x-ms-client-request-id": "Sanitized",
        "x-ms-creation-time": "Tue, 10 Dec 2024 18:59:26 GMT",
        "x-ms-lease-state": "available",
        "x-ms-lease-status": "unlocked",
        "x-ms-meta-Capital": "letter",
        "x-ms-meta-foo": "bar",
        "x-ms-meta-meta": "data",
        "x-ms-meta-UPPER": "case",
        "x-ms-request-id": "614700e3-001e-0007-6e35-4bccd7000000",
        "x-ms-server-encrypted": "true",
        "x-ms-version": "2025-05-05"
      },
      "ResponseBody": null
    },
    {
      "RequestUri": "https://amandapreprod.file.core.windows.net/test-share-f205014f-6e49-af04-752d-38bdaa4f0c63/destFolder/rul/test-file-5ad7d6d7-32ce-7570-9602-b30c918cff9a",
      "RequestMethod": "HEAD",
      "RequestHeaders": {
        "Accept": "application/xml",
        "Authorization": "Sanitized",
        "traceparent": "00-9ac48a4d9d08f555d27f94c1bdaf65fb-5d8dd70c709c9765-00",
        "User-Agent": "azsdk-net-Storage.Files.Shares/12.22.0-alpha.20241210.1 (.NET 6.0.36; Microsoft Windows 10.0.22635)",
        "x-ms-client-request-id": "Sanitized",
        "x-ms-date": "Tue, 10 Dec 2024 18:59:28 GMT",
        "x-ms-return-client-request-id": "true",
        "x-ms-version": "2025-05-05"
      },
      "RequestBody": null,
      "StatusCode": 200,
      "ResponseHeaders": {
        "Cache-Control": "no-cache",
        "Content-Disposition": "inline",
        "Content-Language": "en-US",
        "Content-Length": "0",
        "Content-Type": "text/plain",
        "Date": "Tue, 10 Dec 2024 18:59:28 GMT",
        "ETag": "\"0x8DD194CC510A351\"",
        "Last-Modified": "Tue, 10 Dec 2024 18:59:27 GMT",
        "Server": [
          "Windows-Azure-File/1.0",
          "Microsoft-HTTPAPI/2.0"
        ],
        "x-ms-client-request-id": "Sanitized",
        "x-ms-file-attributes": "Archive",
        "x-ms-file-change-time": "2024-12-10T18:59:27.0889297Z",
        "x-ms-file-creation-time": "2024-12-10T18:59:26.0000000Z",
        "x-ms-file-id": "14988049928633188352",
        "x-ms-file-last-write-time": "2024-12-10T18:59:27.0889297Z",
        "x-ms-file-parent-id": "10376363910205800448",
        "x-ms-file-permission-key": "12626496306092130501*547956186189310027",
        "x-ms-lease-state": "available",
        "x-ms-lease-status": "unlocked",
        "x-ms-meta-Capital": "letter",
        "x-ms-meta-foo": "bar",
        "x-ms-meta-meta": "data",
        "x-ms-meta-UPPER": "case",
        "x-ms-request-id": "26766375-001a-0017-6335-4b09bf000000",
        "x-ms-server-encrypted": "true",
        "x-ms-type": "File",
        "x-ms-version": "2025-05-05"
      },
      "ResponseBody": null
    },
    {
      "RequestUri": "https://amandapreprod.file.core.windows.net/test-share-f205014f-6e49-af04-752d-38bdaa4f0c63?restype=share",
      "RequestMethod": "DELETE",
      "RequestHeaders": {
        "Accept": "application/xml",
        "Authorization": "Sanitized",
        "traceparent": "00-8f25607189c0f724f7e52fa0e8192148-de34504394b18255-00",
        "User-Agent": "azsdk-net-Storage.Files.Shares/12.22.0-alpha.20241210.1 (.NET 6.0.36; Microsoft Windows 10.0.22635)",
        "x-ms-client-request-id": "Sanitized",
        "x-ms-date": "Tue, 10 Dec 2024 18:59:28 GMT",
        "x-ms-delete-snapshots": "include",
        "x-ms-return-client-request-id": "true",
        "x-ms-version": "2025-05-05"
      },
      "RequestBody": null,
      "StatusCode": 202,
      "ResponseHeaders": {
        "Content-Length": "0",
        "Date": "Tue, 10 Dec 2024 18:59:28 GMT",
        "Server": [
          "Windows-Azure-File/1.0",
          "Microsoft-HTTPAPI/2.0"
        ],
        "x-ms-client-request-id": "Sanitized",
        "x-ms-request-id": "26766376-001a-0017-6435-4b09bf000000",
        "x-ms-version": "2025-05-05"
      },
      "ResponseBody": null
    },
    {
      "RequestUri": "https://amandapreprod.blob.core.windows.net/test-container-a62e4f00-4821-f255-a69c-aeeb771c0da6?restype=container",
      "RequestMethod": "DELETE",
      "RequestHeaders": {
        "Accept": "application/xml",
        "Authorization": "Sanitized",
        "traceparent": "00-9667a7bff66126602622eff8b23f5679-b93d3d4983f80c3b-00",
        "User-Agent": "azsdk-net-Storage.Blobs/12.24.0-alpha.20241210.1 (.NET 6.0.36; Microsoft Windows 10.0.22635)",
        "x-ms-client-request-id": "Sanitized",
        "x-ms-date": "Tue, 10 Dec 2024 18:59:28 GMT",
        "x-ms-return-client-request-id": "true",
        "x-ms-version": "2025-05-05"
      },
      "RequestBody": null,
      "StatusCode": 202,
      "ResponseHeaders": {
        "Content-Length": "0",
        "Date": "Tue, 10 Dec 2024 18:59:27 GMT",
        "Server": [
          "Windows-Azure-Blob/1.0",
          "Microsoft-HTTPAPI/2.0"
        ],
        "x-ms-client-request-id": "Sanitized",
        "x-ms-request-id": "61470174-001e-0007-7435-4bccd7000000",
        "x-ms-version": "2025-05-05"
      },
      "ResponseBody": null
    }
  ],
  "Variables": {
    "DateTimeOffsetNow": "2024-12-10T10:59:26.9582123-08:00",
    "RandomSeed": "399041826",
    "Storage_TestConfigDefault": "ProductionTenant\namandapreprod\nU2FuaXRpemVk\nhttps://amandapreprod.blob.core.windows.net\nhttps://amandapreprod.file.core.windows.net\nhttps://amandapreprod.queue.core.windows.net\nhttps://amandapreprod.table.core.windows.net\n\n\n\n\nhttps://amandapreprod-secondary.blob.core.windows.net\nhttps://amandapreprod-secondary.file.core.windows.net\nhttps://amandapreprod-secondary.queue.core.windows.net\nhttps://amandapreprod-secondary.table.core.windows.net\nCloud\nBlobEndpoint=https://amandapreprod.blob.core.windows.net/;QueueEndpoint=https://amandapreprod.queue.core.windows.net/;FileEndpoint=https://amandapreprod.file.core.windows.net/;BlobSecondaryEndpoint=https://amandapreprod-secondary.blob.core.windows.net/;QueueSecondaryEndpoint=https://amandapreprod-secondary.queue.core.windows.net/;FileSecondaryEndpoint=https://amandapreprod-secondary.file.core.windows.net/;AccountName=amandapreprod;AccountKey=Sanitized\nencryptionScope\n\n"
  }
}
