{
  "Entries": [
    {
      "RequestUri": "https://amandapreprod.blob.core.windows.net/test-container-43882b30-e9a8-b624-f2c8-b12a9da89464?restype=container",
      "RequestMethod": "PUT",
      "RequestHeaders": {
        "Accept": "application/xml",
        "Authorization": "Sanitized",
        "Content-Length": "0",
        "traceparent": "00-85c48d4a03559682a5b49e10035c9aff-d81f93cfe32f12ea-00",
        "User-Agent": "azsdk-net-Storage.Blobs/12.24.0-alpha.20241210.1 (.NET 6.0.36; Microsoft Windows 10.0.22635)",
        "x-ms-client-request-id": "Sanitized",
        "x-ms-date": "Tue, 10 Dec 2024 18:59:36 GMT",
        "x-ms-return-client-request-id": "true",
        "x-ms-version": "2025-05-05"
      },
      "RequestBody": null,
      "StatusCode": 201,
      "ResponseHeaders": {
        "Content-Length": "0",
        "Date": "Tue, 10 Dec 2024 18:59:35 GMT",
        "ETag": "\"0x8DD194CCA799A90\"",
        "Last-Modified": "Tue, 10 Dec 2024 18:59:36 GMT",
        "Server": [
          "Windows-Azure-Blob/1.0",
          "Microsoft-HTTPAPI/2.0"
        ],
        "x-ms-client-request-id": "Sanitized",
        "x-ms-request-id": "614716ff-001e-0007-3135-4bccd7000000",
        "x-ms-version": "2025-05-05"
      },
      "ResponseBody": null
    },
    {
      "RequestUri": "https://amandapreprod.file.core.windows.net/test-share-3a1813b6-5ba7-4db8-cb0f-293bdaac2eb8?restype=share",
      "RequestMethod": "PUT",
      "RequestHeaders": {
        "Accept": "application/xml",
        "Authorization": "Sanitized",
        "Content-Length": "0",
        "traceparent": "00-cda0dab4552fe85c666f0e0125702de1-c0647ec10391a7ad-00",
        "User-Agent": "azsdk-net-Storage.Files.Shares/12.22.0-alpha.20241210.1 (.NET 6.0.36; Microsoft Windows 10.0.22635)",
        "x-ms-client-request-id": "Sanitized",
        "x-ms-date": "Tue, 10 Dec 2024 18:59:36 GMT",
        "x-ms-return-client-request-id": "true",
        "x-ms-version": "2025-05-05"
      },
      "RequestBody": null,
      "StatusCode": 201,
      "ResponseHeaders": {
        "Content-Length": "0",
        "Date": "Tue, 10 Dec 2024 18:59:35 GMT",
        "ETag": "\"0x8DD194CCA84CE59\"",
        "Last-Modified": "Tue, 10 Dec 2024 18:59:36 GMT",
        "Server": [
          "Windows-Azure-File/1.0",
          "Microsoft-HTTPAPI/2.0"
        ],
        "x-ms-client-request-id": "Sanitized",
        "x-ms-request-id": "15b1038a-d01a-0004-3c35-4b2db3000000",
        "x-ms-version": "2025-05-05"
      },
      "ResponseBody": null
    },
    {
      "RequestUri": "https://amandapreprod.file.core.windows.net/test-share-3a1813b6-5ba7-4db8-cb0f-293bdaac2eb8/destFolder?restype=directory",
      "RequestMethod": "PUT",
      "RequestHeaders": {
        "Accept": "application/xml",
        "Authorization": "Sanitized",
        "Content-Length": "0",
        "traceparent": "00-916ff07c8d900b0356aff678d43d96c1-766568ac184a5d9b-00",
        "User-Agent": "azsdk-net-Storage.Files.Shares/12.22.0-alpha.20241210.1 (.NET 6.0.36; Microsoft Windows 10.0.22635)",
        "x-ms-client-request-id": "Sanitized",
        "x-ms-date": "Tue, 10 Dec 2024 18:59:36 GMT",
        "x-ms-return-client-request-id": "true",
        "x-ms-version": "2025-05-05"
      },
      "RequestBody": null,
      "StatusCode": 201,
      "ResponseHeaders": {
        "Content-Length": "0",
        "Date": "Tue, 10 Dec 2024 18:59:35 GMT",
        "ETag": "\"0x8DD194CCA8FE402\"",
        "Last-Modified": "Tue, 10 Dec 2024 18:59:36 GMT",
        "Server": [
          "Windows-Azure-File/1.0",
          "Microsoft-HTTPAPI/2.0"
        ],
        "x-ms-client-request-id": "Sanitized",
        "x-ms-file-attributes": "Directory",
        "x-ms-file-change-time": "2024-12-10T18:59:36.3115010Z",
        "x-ms-file-creation-time": "2024-12-10T18:59:36.3115010Z",
        "x-ms-file-id": "13835128424026341376",
        "x-ms-file-last-write-time": "2024-12-10T18:59:36.3115010Z",
        "x-ms-file-parent-id": "0",
        "x-ms-file-permission-key": "8016861625448480706*547956186189310027",
        "x-ms-request-id": "15b1038c-d01a-0004-3d35-4b2db3000000",
        "x-ms-request-server-encrypted": "true",
        "x-ms-version": "2025-05-05"
      },
      "ResponseBody": null
    },
    {
      "RequestUri": "https://amandapreprod.blob.core.windows.net/test-container-43882b30-e9a8-b624-f2c8-b12a9da89464/sourceFolder/item1",
      "RequestMethod": "PUT",
      "RequestHeaders": {
        "Accept": "application/xml",
        "Authorization": "Sanitized",
        "Content-Length": "0",
        "Content-Type": "application/octet-stream",
        "traceparent": "00-7dc822ceb3c095316200647d34baa806-dfee6dba19ab37eb-00",
        "User-Agent": "azsdk-net-Storage.Blobs/12.24.0-alpha.20241210.1 (.NET 6.0.36; Microsoft Windows 10.0.22635)",
        "x-ms-access-tier": "Cold",
        "x-ms-blob-cache-control": "no-cache",
        "x-ms-blob-content-disposition": "inline",
        "x-ms-blob-content-language": "en-US",
        "x-ms-blob-content-type": "text/plain",
        "x-ms-blob-type": "BlockBlob",
        "x-ms-client-request-id": "Sanitized",
        "x-ms-date": "Tue, 10 Dec 2024 18:59:36 GMT",
        "x-ms-meta-Capital": "letter",
        "x-ms-meta-foo": "bar",
        "x-ms-meta-meta": "data",
        "x-ms-meta-UPPER": "case",
        "x-ms-return-client-request-id": "true",
        "x-ms-version": "2025-05-05"
      },
      "RequestBody": null,
      "StatusCode": 201,
      "ResponseHeaders": {
        "Content-Length": "0",
        "Content-MD5": "1B2M2Y8AsgTpgAmY7PhCfg==",
        "Date": "Tue, 10 Dec 2024 18:59:35 GMT",
        "ETag": "\"0x8DD194CCA9A243D\"",
        "Last-Modified": "Tue, 10 Dec 2024 18:59:36 GMT",
        "Server": [
          "Windows-Azure-Blob/1.0",
          "Microsoft-HTTPAPI/2.0"
        ],
        "x-ms-client-request-id": "Sanitized",
        "x-ms-content-crc64": "AAAAAAAAAAA=",
        "x-ms-request-id": "6147178b-001e-0007-3235-4bccd7000000",
        "x-ms-request-server-encrypted": "true",
        "x-ms-version": "2025-05-05"
      },
      "ResponseBody": null
    },
    {
      "RequestUri": "https://amandapreprod.blob.core.windows.net/test-container-43882b30-e9a8-b624-f2c8-b12a9da89464/sourceFolder/item2",
      "RequestMethod": "PUT",
      "RequestHeaders": {
        "Accept": "application/xml",
        "Authorization": "Sanitized",
        "Content-Length": "0",
        "Content-Type": "application/octet-stream",
        "traceparent": "00-bcaaa3d0e3fd2c9d30672ce52ef4de73-2b4cd4e30295e7d5-00",
        "User-Agent": "azsdk-net-Storage.Blobs/12.24.0-alpha.20241210.1 (.NET 6.0.36; Microsoft Windows 10.0.22635)",
        "x-ms-access-tier": "Cold",
        "x-ms-blob-cache-control": "no-cache",
        "x-ms-blob-content-disposition": "inline",
        "x-ms-blob-content-language": "en-US",
        "x-ms-blob-content-type": "text/plain",
        "x-ms-blob-type": "BlockBlob",
        "x-ms-client-request-id": "Sanitized",
        "x-ms-date": "Tue, 10 Dec 2024 18:59:36 GMT",
        "x-ms-meta-Capital": "letter",
        "x-ms-meta-foo": "bar",
        "x-ms-meta-meta": "data",
        "x-ms-meta-UPPER": "case",
        "x-ms-return-client-request-id": "true",
        "x-ms-version": "2025-05-05"
      },
      "RequestBody": null,
      "StatusCode": 201,
      "ResponseHeaders": {
        "Content-Length": "0",
        "Content-MD5": "1B2M2Y8AsgTpgAmY7PhCfg==",
        "Date": "Tue, 10 Dec 2024 18:59:35 GMT",
        "ETag": "\"0x8DD194CCAA341AD\"",
        "Last-Modified": "Tue, 10 Dec 2024 18:59:36 GMT",
        "Server": [
          "Windows-Azure-Blob/1.0",
          "Microsoft-HTTPAPI/2.0"
        ],
        "x-ms-client-request-id": "Sanitized",
        "x-ms-content-crc64": "AAAAAAAAAAA=",
        "x-ms-request-id": "614717bc-001e-0007-6135-4bccd7000000",
        "x-ms-request-server-encrypted": "true",
        "x-ms-version": "2025-05-05"
      },
      "ResponseBody": null
    },
    {
      "RequestUri": "https://amandapreprod.blob.core.windows.net/test-container-43882b30-e9a8-b624-f2c8-b12a9da89464/sourceFolder/bar/item3",
      "RequestMethod": "PUT",
      "RequestHeaders": {
        "Accept": "application/xml",
        "Authorization": "Sanitized",
        "Content-Length": "0",
        "Content-Type": "application/octet-stream",
        "traceparent": "00-83489b29808846dc851f50e59367f665-ff73939320a05b70-00",
        "User-Agent": "azsdk-net-Storage.Blobs/12.24.0-alpha.20241210.1 (.NET 6.0.36; Microsoft Windows 10.0.22635)",
        "x-ms-access-tier": "Cold",
        "x-ms-blob-cache-control": "no-cache",
        "x-ms-blob-content-disposition": "inline",
        "x-ms-blob-content-language": "en-US",
        "x-ms-blob-content-type": "text/plain",
        "x-ms-blob-type": "BlockBlob",
        "x-ms-client-request-id": "Sanitized",
        "x-ms-date": "Tue, 10 Dec 2024 18:59:36 GMT",
        "x-ms-meta-Capital": "letter",
        "x-ms-meta-foo": "bar",
        "x-ms-meta-meta": "data",
        "x-ms-meta-UPPER": "case",
        "x-ms-return-client-request-id": "true",
        "x-ms-version": "2025-05-05"
      },
      "RequestBody": null,
      "StatusCode": 201,
      "ResponseHeaders": {
        "Content-Length": "0",
        "Content-MD5": "1B2M2Y8AsgTpgAmY7PhCfg==",
        "Date": "Tue, 10 Dec 2024 18:59:35 GMT",
        "ETag": "\"0x8DD194CCAACD3D6\"",
        "Last-Modified": "Tue, 10 Dec 2024 18:59:36 GMT",
        "Server": [
          "Windows-Azure-Blob/1.0",
          "Microsoft-HTTPAPI/2.0"
        ],
        "x-ms-client-request-id": "Sanitized",
        "x-ms-content-crc64": "AAAAAAAAAAA=",
        "x-ms-request-id": "614717e7-001e-0007-0935-4bccd7000000",
        "x-ms-request-server-encrypted": "true",
        "x-ms-version": "2025-05-05"
      },
      "ResponseBody": null
    },
    {
      "RequestUri": "https://amandapreprod.blob.core.windows.net/test-container-43882b30-e9a8-b624-f2c8-b12a9da89464/sourceFolder/pik/item4",
      "RequestMethod": "PUT",
      "RequestHeaders": {
        "Accept": "application/xml",
        "Authorization": "Sanitized",
        "Content-Length": "0",
        "Content-Type": "application/octet-stream",
        "traceparent": "00-deca6e02a69370b1481408f6a1836532-663b71bf006c1925-00",
        "User-Agent": "azsdk-net-Storage.Blobs/12.24.0-alpha.20241210.1 (.NET 6.0.36; Microsoft Windows 10.0.22635)",
        "x-ms-access-tier": "Cold",
        "x-ms-blob-cache-control": "no-cache",
        "x-ms-blob-content-disposition": "inline",
        "x-ms-blob-content-language": "en-US",
        "x-ms-blob-content-type": "text/plain",
        "x-ms-blob-type": "BlockBlob",
        "x-ms-client-request-id": "Sanitized",
        "x-ms-date": "Tue, 10 Dec 2024 18:59:36 GMT",
        "x-ms-meta-Capital": "letter",
        "x-ms-meta-foo": "bar",
        "x-ms-meta-meta": "data",
        "x-ms-meta-UPPER": "case",
        "x-ms-return-client-request-id": "true",
        "x-ms-version": "2025-05-05"
      },
      "RequestBody": null,
      "StatusCode": 201,
      "ResponseHeaders": {
        "Content-Length": "0",
        "Content-MD5": "1B2M2Y8AsgTpgAmY7PhCfg==",
        "Date": "Tue, 10 Dec 2024 18:59:35 GMT",
        "ETag": "\"0x8DD194CCAB5F15E\"",
        "Last-Modified": "Tue, 10 Dec 2024 18:59:36 GMT",
        "Server": [
          "Windows-Azure-Blob/1.0",
          "Microsoft-HTTPAPI/2.0"
        ],
        "x-ms-client-request-id": "Sanitized",
        "x-ms-content-crc64": "AAAAAAAAAAA=",
        "x-ms-request-id": "61471802-001e-0007-2135-4bccd7000000",
        "x-ms-request-server-encrypted": "true",
        "x-ms-version": "2025-05-05"
      },
      "ResponseBody": null
    },
    {
      "RequestUri": "https://amandapreprod.file.core.windows.net/test-share-3a1813b6-5ba7-4db8-cb0f-293bdaac2eb8/destFolder/item1",
      "RequestMethod": "PUT",
      "RequestHeaders": {
        "Accept": "application/xml",
        "Authorization": "Sanitized",
        "Content-Length": "0",
        "traceparent": "00-e72921de193f483ce82d5304f50e640f-77bb6f5c4569d151-00",
        "User-Agent": "azsdk-net-Storage.Files.Shares/12.22.0-alpha.20241210.1 (.NET 6.0.36; Microsoft Windows 10.0.22635)",
        "x-ms-client-request-id": "Sanitized",
        "x-ms-content-length": "1024",
        "x-ms-date": "Tue, 10 Dec 2024 18:59:36 GMT",
        "x-ms-return-client-request-id": "true",
        "x-ms-type": "file",
        "x-ms-version": "2025-05-05"
      },
      "RequestBody": null,
      "StatusCode": 201,
      "ResponseHeaders": {
        "Content-Length": "0",
        "Date": "Tue, 10 Dec 2024 18:59:36 GMT",
        "ETag": "\"0x8DD194CCABF4A51\"",
        "Last-Modified": "Tue, 10 Dec 2024 18:59:36 GMT",
        "Server": [
          "Windows-Azure-File/1.0",
          "Microsoft-HTTPAPI/2.0"
        ],
        "x-ms-client-request-id": "Sanitized",
        "x-ms-file-attributes": "Archive",
        "x-ms-file-change-time": "2024-12-10T18:59:36.6221393Z",
        "x-ms-file-creation-time": "2024-12-10T18:59:36.6221393Z",
        "x-ms-file-id": "11529285414812647424",
        "x-ms-file-last-write-time": "2024-12-10T18:59:36.6221393Z",
        "x-ms-file-parent-id": "13835128424026341376",
        "x-ms-file-permission-key": "12626496306092130501*547956186189310027",
        "x-ms-request-id": "15b1038d-d01a-0004-3e35-4b2db3000000",
        "x-ms-request-server-encrypted": "true",
        "x-ms-version": "2025-05-05"
      },
      "ResponseBody": null
    },
    {
      "RequestUri": "https://amandapreprod.blob.core.windows.net/test-container-43882b30-e9a8-b624-f2c8-b12a9da89464?restype=container&comp=list&prefix=sourceFolder%2F&include=Metadata",
      "RequestMethod": "GET",
      "RequestHeaders": {
        "Accept": "application/xml",
        "Authorization": "Sanitized",
        "traceparent": "00-2f0529a753480081744af85bc4c9e34e-00f7dafc85e62163-00",
        "User-Agent": "azsdk-net-Storage.Blobs/12.24.0-alpha.20241210.1 (.NET 6.0.36; Microsoft Windows 10.0.22635)",
        "x-ms-client-request-id": "Sanitized",
        "x-ms-date": "Tue, 10 Dec 2024 18:59:36 GMT",
        "x-ms-return-client-request-id": "true",
        "x-ms-version": "2025-05-05"
      },
      "RequestBody": null,
      "StatusCode": 200,
      "ResponseHeaders": {
        "Content-Type": "application/xml",
        "Date": "Tue, 10 Dec 2024 18:59:36 GMT",
        "Server": [
          "Windows-Azure-Blob/1.0",
          "Microsoft-HTTPAPI/2.0"
        ],
        "Transfer-Encoding": "chunked",
        "x-ms-client-request-id": "Sanitized",
        "x-ms-request-id": "61471855-001e-0007-5c35-4bccd7000000",
        "x-ms-version": "2025-05-05"
      },
      "ResponseBody": "\uFEFF<?xml version=\"1.0\" encoding=\"utf-8\"?><EnumerationResults ServiceEndpoint=\"https://amandapreprod.blob.core.windows.net/\" ContainerName=\"test-container-43882b30-e9a8-b624-f2c8-b12a9da89464\"><Prefix>sourceFolder/</Prefix><Blobs><Blob><Name>sourceFolder/bar/item3</Name><Properties><Creation-Time>Tue, 10 Dec 2024 18:59:36 GMT</Creation-Time><Last-Modified>Tue, 10 Dec 2024 18:59:36 GMT</Last-Modified><Etag>0x8DD194CCAACD3D6</Etag><Content-Length>0</Content-Length><Content-Type>text/plain</Content-Type><Content-Encoding /><Content-Language>en-US</Content-Language><Content-CRC64 /><Content-MD5>1B2M2Y8AsgTpgAmY7PhCfg==</Content-MD5><Cache-Control>no-cache</Cache-Control><Content-Disposition>inline</Content-Disposition><BlobType>BlockBlob</BlobType><AccessTier>Cold</AccessTier><AccessTierChangeTime>Tue, 10 Dec 2024 18:59:36 GMT</AccessTierChangeTime><LeaseStatus>unlocked</LeaseStatus><LeaseState>available</LeaseState><ServerEncrypted>true</ServerEncrypted></Properties><Metadata><foo>bar</foo><meta>data</meta><Capital>letter</Capital><UPPER>case</UPPER></Metadata><OrMetadata /></Blob><Blob><Name>sourceFolder/item1</Name><Properties><Creation-Time>Tue, 10 Dec 2024 18:59:36 GMT</Creation-Time><Last-Modified>Tue, 10 Dec 2024 18:59:36 GMT</Last-Modified><Etag>0x8DD194CCA9A243D</Etag><Content-Length>0</Content-Length><Content-Type>text/plain</Content-Type><Content-Encoding /><Content-Language>en-US</Content-Language><Content-CRC64 /><Content-MD5>1B2M2Y8AsgTpgAmY7PhCfg==</Content-MD5><Cache-Control>no-cache</Cache-Control><Content-Disposition>inline</Content-Disposition><BlobType>BlockBlob</BlobType><AccessTier>Cold</AccessTier><AccessTierChangeTime>Tue, 10 Dec 2024 18:59:36 GMT</AccessTierChangeTime><LeaseStatus>unlocked</LeaseStatus><LeaseState>available</LeaseState><ServerEncrypted>true</ServerEncrypted></Properties><Metadata><foo>bar</foo><meta>data</meta><Capital>letter</Capital><UPPER>case</UPPER></Metadata><OrMetadata /></Blob><Blob><Name>sourceFolder/item2</Name><Properties><Creation-Time>Tue, 10 Dec 2024 18:59:36 GMT</Creation-Time><Last-Modified>Tue, 10 Dec 2024 18:59:36 GMT</Last-Modified><Etag>0x8DD194CCAA341AD</Etag><Content-Length>0</Content-Length><Content-Type>text/plain</Content-Type><Content-Encoding /><Content-Language>en-US</Content-Language><Content-CRC64 /><Content-MD5>1B2M2Y8AsgTpgAmY7PhCfg==</Content-MD5><Cache-Control>no-cache</Cache-Control><Content-Disposition>inline</Content-Disposition><BlobType>BlockBlob</BlobType><AccessTier>Cold</AccessTier><AccessTierChangeTime>Tue, 10 Dec 2024 18:59:36 GMT</AccessTierChangeTime><LeaseStatus>unlocked</LeaseStatus><LeaseState>available</LeaseState><ServerEncrypted>true</ServerEncrypted></Properties><Metadata><foo>bar</foo><meta>data</meta><Capital>letter</Capital><UPPER>case</UPPER></Metadata><OrMetadata /></Blob><Blob><Name>sourceFolder/pik/item4</Name><Properties><Creation-Time>Tue, 10 Dec 2024 18:59:36 GMT</Creation-Time><Last-Modified>Tue, 10 Dec 2024 18:59:36 GMT</Last-Modified><Etag>0x8DD194CCAB5F15E</Etag><Content-Length>0</Content-Length><Content-Type>text/plain</Content-Type><Content-Encoding /><Content-Language>en-US</Content-Language><Content-CRC64 /><Content-MD5>1B2M2Y8AsgTpgAmY7PhCfg==</Content-MD5><Cache-Control>no-cache</Cache-Control><Content-Disposition>inline</Content-Disposition><BlobType>BlockBlob</BlobType><AccessTier>Cold</AccessTier><AccessTierChangeTime>Tue, 10 Dec 2024 18:59:36 GMT</AccessTierChangeTime><LeaseStatus>unlocked</LeaseStatus><LeaseState>available</LeaseState><ServerEncrypted>true</ServerEncrypted></Properties><Metadata><foo>bar</foo><meta>data</meta><Capital>letter</Capital><UPPER>case</UPPER></Metadata><OrMetadata /></Blob></Blobs><NextMarker /></EnumerationResults>"
    },
    {
      "RequestUri": "https://amandapreprod.file.core.windows.net/test-share-3a1813b6-5ba7-4db8-cb0f-293bdaac2eb8/destFolder/bar?sv=Sanitized&se=2024-12-11T18%3A59%3A36Z&sr=s&sp=rcwdl&sig=Sanitized&restype=directory",
      "RequestMethod": "PUT",
      "RequestHeaders": {
        "Accept": "application/xml",
        "Content-Length": "0",
        "traceparent": "00-108b92286c037051dfdb62eb0ebbaf6a-6749a4b9b078c645-00",
        "User-Agent": "azsdk-net-Storage.Files.Shares/12.22.0-alpha.20241210.1 (.NET 6.0.36; Microsoft Windows 10.0.22635)",
        "x-ms-client-request-id": "Sanitized",
        "x-ms-return-client-request-id": "true",
        "x-ms-version": "2025-05-05"
      },
      "RequestBody": null,
      "StatusCode": 201,
      "ResponseHeaders": {
        "Content-Length": "0",
        "Date": "Tue, 10 Dec 2024 18:59:36 GMT",
        "ETag": "\"0x8DD194CCADD5EF1\"",
        "Last-Modified": "Tue, 10 Dec 2024 18:59:36 GMT",
        "Server": [
          "Windows-Azure-File/1.0",
          "Microsoft-HTTPAPI/2.0"
        ],
        "x-ms-client-request-id": "Sanitized",
        "x-ms-file-attributes": "Directory",
        "x-ms-file-change-time": "2024-12-10T18:59:36.8192753Z",
        "x-ms-file-creation-time": "2024-12-10T18:59:36.8192753Z",
        "x-ms-file-id": "16140971433240035328",
        "x-ms-file-last-write-time": "2024-12-10T18:59:36.8192753Z",
        "x-ms-file-parent-id": "13835128424026341376",
        "x-ms-file-permission-key": "8016861625448480706*547956186189310027",
        "x-ms-request-id": "15b1038f-d01a-0004-3f35-4b2db3000000",
        "x-ms-request-server-encrypted": "true",
        "x-ms-version": "2025-05-05"
      },
      "ResponseBody": null
    },
    {
      "RequestUri": "https://amandapreprod.file.core.windows.net/test-share-3a1813b6-5ba7-4db8-cb0f-293bdaac2eb8/destFolder/pik?sv=Sanitized&se=2024-12-11T18%3A59%3A36Z&sr=s&sp=rcwdl&sig=Sanitized&restype=directory",
      "RequestMethod": "PUT",
      "RequestHeaders": {
        "Accept": "application/xml",
        "Content-Length": "0",
        "traceparent": "00-e492c7abad6cefcfb1411556a0d6ff93-e2e6f43ecca04d15-00",
        "User-Agent": "azsdk-net-Storage.Files.Shares/12.22.0-alpha.20241210.1 (.NET 6.0.36; Microsoft Windows 10.0.22635)",
        "x-ms-client-request-id": "Sanitized",
        "x-ms-return-client-request-id": "true",
        "x-ms-version": "2025-05-05"
      },
      "RequestBody": null,
      "StatusCode": 201,
      "ResponseHeaders": {
        "Content-Length": "0",
        "Date": "Tue, 10 Dec 2024 18:59:36 GMT",
        "ETag": "\"0x8DD194CCAE78CB6\"",
        "Last-Modified": "Tue, 10 Dec 2024 18:59:36 GMT",
        "Server": [
          "Windows-Azure-File/1.0",
          "Microsoft-HTTPAPI/2.0"
        ],
        "x-ms-client-request-id": "Sanitized",
        "x-ms-file-attributes": "Directory",
        "x-ms-file-change-time": "2024-12-10T18:59:36.8859830Z",
        "x-ms-file-creation-time": "2024-12-10T18:59:36.8859830Z",
        "x-ms-file-id": "10376363910205800448",
        "x-ms-file-last-write-time": "2024-12-10T18:59:36.8859830Z",
        "x-ms-file-parent-id": "13835128424026341376",
        "x-ms-file-permission-key": "8016861625448480706*547956186189310027",
        "x-ms-request-id": "15b10390-d01a-0004-4035-4b2db3000000",
        "x-ms-request-server-encrypted": "true",
        "x-ms-version": "2025-05-05"
      },
      "ResponseBody": null
    },
    {
      "RequestUri": "https://amandapreprod.file.core.windows.net/test-share-3a1813b6-5ba7-4db8-cb0f-293bdaac2eb8/destFolder/bar/item3?sv=Sanitized&se=2024-12-11T18%3A59%3A36Z&sr=s&sp=rcwdl&sig=Sanitized",
      "RequestMethod": "HEAD",
      "RequestHeaders": {
        "Accept": "application/xml",
        "traceparent": "00-d6b2088eb1016db5a9f05e60bdafdb42-b9e33bfc1e9ffdec-00",
        "User-Agent": "azsdk-net-Storage.Files.Shares/12.22.0-alpha.20241210.1 (.NET 6.0.36; Microsoft Windows 10.0.22635)",
        "x-ms-client-request-id": "Sanitized",
        "x-ms-return-client-request-id": "true",
        "x-ms-version": "2025-05-05"
      },
      "RequestBody": null,
      "StatusCode": 404,
      "ResponseHeaders": {
        "Date": "Tue, 10 Dec 2024 18:59:36 GMT",
        "Server": [
          "Windows-Azure-File/1.0",
          "Microsoft-HTTPAPI/2.0"
        ],
        "Transfer-Encoding": "chunked",
        "x-ms-client-request-id": "Sanitized",
        "x-ms-error-code": "ResourceNotFound",
        "x-ms-request-id": "bbef976b-801a-0009-1d35-4be567000000",
        "x-ms-version": "2025-05-05"
      },
      "ResponseBody": null
    },
    {
      "RequestUri": "https://amandapreprod.file.core.windows.net/test-share-3a1813b6-5ba7-4db8-cb0f-293bdaac2eb8/destFolder/bar/item3?sv=Sanitized&se=2024-12-11T18%3A59%3A36Z&sr=s&sp=rcwdl&sig=Sanitized",
      "RequestMethod": "PUT",
      "RequestHeaders": {
        "Accept": "application/xml",
        "Content-Length": "0",
        "traceparent": "00-f193ea40284e62d0b9ac4f071296b830-031f0185a449691f-00",
        "User-Agent": "azsdk-net-Storage.Files.Shares/12.22.0-alpha.20241210.1 (.NET 6.0.36; Microsoft Windows 10.0.22635)",
        "x-ms-cache-control": "no-cache",
        "x-ms-client-request-id": "Sanitized",
        "x-ms-content-disposition": "inline",
        "x-ms-content-encoding": "",
        "x-ms-content-language": "en-US",
        "x-ms-content-length": "0",
        "x-ms-content-type": "text/plain",
        "x-ms-file-creation-time": "2024-12-10T18:59:36.0000000Z",
        "x-ms-meta-Capital": "letter",
        "x-ms-meta-foo": "bar",
        "x-ms-meta-meta": "data",
        "x-ms-meta-UPPER": "case",
        "x-ms-return-client-request-id": "true",
        "x-ms-type": "file",
        "x-ms-version": "2025-05-05"
      },
      "RequestBody": null,
      "StatusCode": 201,
      "ResponseHeaders": {
        "Content-Length": "0",
        "Date": "Tue, 10 Dec 2024 18:59:36 GMT",
        "ETag": "\"0x8DD194CCAF6BDE8\"",
        "Last-Modified": "Tue, 10 Dec 2024 18:59:36 GMT",
        "Server": [
          "Windows-Azure-File/1.0",
          "Microsoft-HTTPAPI/2.0"
        ],
        "x-ms-client-request-id": "Sanitized",
        "x-ms-file-attributes": "Archive",
        "x-ms-file-change-time": "2024-12-10T18:59:36.9855464Z",
        "x-ms-file-creation-time": "2024-12-10T18:59:36.0000000Z",
        "x-ms-file-id": "13835093239654252544",
        "x-ms-file-last-write-time": "2024-12-10T18:59:36.9855464Z",
        "x-ms-file-parent-id": "16140971433240035328",
        "x-ms-file-permission-key": "12626496306092130501*547956186189310027",
        "x-ms-request-id": "bbef976d-801a-0009-1e35-4be567000000",
        "x-ms-request-server-encrypted": "true",
        "x-ms-version": "2025-05-05"
      },
      "ResponseBody": null
    },
    {
      "RequestUri": "https://amandapreprod.file.core.windows.net/test-share-3a1813b6-5ba7-4db8-cb0f-293bdaac2eb8/destFolder/item2?sv=Sanitized&se=2024-12-11T18%3A59%3A36Z&sr=s&sp=rcwdl&sig=Sanitized",
      "RequestMethod": "HEAD",
      "RequestHeaders": {
        "Accept": "application/xml",
        "traceparent": "00-0b1e98b3af6baba8ac8a082103cd8568-471d3093cbd5f03e-00",
        "User-Agent": "azsdk-net-Storage.Files.Shares/12.22.0-alpha.20241210.1 (.NET 6.0.36; Microsoft Windows 10.0.22635)",
        "x-ms-client-request-id": "Sanitized",
        "x-ms-return-client-request-id": "true",
        "x-ms-version": "2025-05-05"
      },
      "RequestBody": null,
      "StatusCode": 404,
      "ResponseHeaders": {
        "Date": "Tue, 10 Dec 2024 18:59:36 GMT",
        "Server": [
          "Windows-Azure-File/1.0",
          "Microsoft-HTTPAPI/2.0"
        ],
        "Transfer-Encoding": "chunked",
        "x-ms-client-request-id": "Sanitized",
        "x-ms-error-code": "ResourceNotFound",
        "x-ms-request-id": "bbef976e-801a-0009-1f35-4be567000000",
        "x-ms-version": "2025-05-05"
      },
      "ResponseBody": null
    },
    {
      "RequestUri": "https://amandapreprod.file.core.windows.net/test-share-3a1813b6-5ba7-4db8-cb0f-293bdaac2eb8/destFolder/item2?sv=Sanitized&se=2024-12-11T18%3A59%3A36Z&sr=s&sp=rcwdl&sig=Sanitized",
      "RequestMethod": "PUT",
      "RequestHeaders": {
        "Accept": "application/xml",
        "Content-Length": "0",
        "traceparent": "00-5716a2045f748bd8d742c7aaf9327e28-f2bb1a86d351eb48-00",
        "User-Agent": "azsdk-net-Storage.Files.Shares/12.22.0-alpha.20241210.1 (.NET 6.0.36; Microsoft Windows 10.0.22635)",
        "x-ms-cache-control": "no-cache",
        "x-ms-client-request-id": "Sanitized",
        "x-ms-content-disposition": "inline",
        "x-ms-content-encoding": "",
        "x-ms-content-language": "en-US",
        "x-ms-content-length": "0",
        "x-ms-content-type": "text/plain",
        "x-ms-file-creation-time": "2024-12-10T18:59:36.0000000Z",
        "x-ms-meta-Capital": "letter",
        "x-ms-meta-foo": "bar",
        "x-ms-meta-meta": "data",
        "x-ms-meta-UPPER": "case",
        "x-ms-return-client-request-id": "true",
        "x-ms-type": "file",
        "x-ms-version": "2025-05-05"
      },
      "RequestBody": null,
      "StatusCode": 201,
      "ResponseHeaders": {
        "Content-Length": "0",
        "Date": "Tue, 10 Dec 2024 18:59:36 GMT",
        "ETag": "\"0x8DD194CCB0AA4C1\"",
        "Last-Modified": "Tue, 10 Dec 2024 18:59:37 GMT",
        "Server": [
          "Windows-Azure-File/1.0",
          "Microsoft-HTTPAPI/2.0"
        ],
        "x-ms-client-request-id": "Sanitized",
        "x-ms-file-attributes": "Archive",
        "x-ms-file-change-time": "2024-12-10T18:59:37.1159745Z",
        "x-ms-file-creation-time": "2024-12-10T18:59:36.0000000Z",
        "x-ms-file-id": "11529250230440558592",
        "x-ms-file-last-write-time": "2024-12-10T18:59:37.1159745Z",
        "x-ms-file-parent-id": "13835128424026341376",
        "x-ms-file-permission-key": "12626496306092130501*547956186189310027",
        "x-ms-request-id": "bbef976f-801a-0009-2035-4be567000000",
        "x-ms-request-server-encrypted": "true",
        "x-ms-version": "2025-05-05"
      },
      "ResponseBody": null
    },
    {
      "RequestUri": "https://amandapreprod.file.core.windows.net/test-share-3a1813b6-5ba7-4db8-cb0f-293bdaac2eb8/destFolder/item1?sv=Sanitized&se=2024-12-11T18%3A59%3A36Z&sr=s&sp=rcwdl&sig=Sanitized",
      "RequestMethod": "HEAD",
      "RequestHeaders": {
        "Accept": "application/xml",
        "traceparent": "00-b969cbc52e0e86b9ff32b2a02716e3d3-df42cfc3dae88be9-00",
        "User-Agent": "azsdk-net-Storage.Files.Shares/12.22.0-alpha.20241210.1 (.NET 6.0.36; Microsoft Windows 10.0.22635)",
        "x-ms-client-request-id": "Sanitized",
        "x-ms-return-client-request-id": "true",
        "x-ms-version": "2025-05-05"
      },
      "RequestBody": null,
      "StatusCode": 200,
      "ResponseHeaders": {
        "Content-Length": "1024",
        "Content-Type": "application/octet-stream",
        "Date": "Tue, 10 Dec 2024 18:59:37 GMT",
        "ETag": "\"0x8DD194CCABF4A51\"",
        "Last-Modified": "Tue, 10 Dec 2024 18:59:36 GMT",
        "Server": [
          "Windows-Azure-File/1.0",
          "Microsoft-HTTPAPI/2.0"
        ],
        "x-ms-client-request-id": "Sanitized",
        "x-ms-file-attributes": "Archive",
        "x-ms-file-change-time": "2024-12-10T18:59:36.6221393Z",
        "x-ms-file-creation-time": "2024-12-10T18:59:36.6221393Z",
        "x-ms-file-id": "11529285414812647424",
        "x-ms-file-last-write-time": "2024-12-10T18:59:36.6221393Z",
        "x-ms-file-parent-id": "13835128424026341376",
        "x-ms-file-permission-key": "12626496306092130501*547956186189310027",
        "x-ms-lease-state": "available",
        "x-ms-lease-status": "unlocked",
        "x-ms-request-id": "bbef9770-801a-0009-2135-4be567000000",
        "x-ms-server-encrypted": "true",
        "x-ms-type": "File",
        "x-ms-version": "2025-05-05"
      },
      "ResponseBody": null
    },
    {
      "RequestUri": "https://amandapreprod.file.core.windows.net/test-share-3a1813b6-5ba7-4db8-cb0f-293bdaac2eb8/destFolder/pik/item4?sv=Sanitized&se=2024-12-11T18%3A59%3A36Z&sr=s&sp=rcwdl&sig=Sanitized",
      "RequestMethod": "HEAD",
      "RequestHeaders": {
        "Accept": "application/xml",
        "traceparent": "00-a16e736054972cad0339ae6a9e98350c-37832b51d970fd50-00",
        "User-Agent": "azsdk-net-Storage.Files.Shares/12.22.0-alpha.20241210.1 (.NET 6.0.36; Microsoft Windows 10.0.22635)",
        "x-ms-client-request-id": "Sanitized",
        "x-ms-return-client-request-id": "true",
        "x-ms-version": "2025-05-05"
      },
      "RequestBody": null,
      "StatusCode": 404,
      "ResponseHeaders": {
        "Date": "Tue, 10 Dec 2024 18:59:37 GMT",
        "Server": [
          "Windows-Azure-File/1.0",
          "Microsoft-HTTPAPI/2.0"
        ],
        "Transfer-Encoding": "chunked",
        "x-ms-client-request-id": "Sanitized",
        "x-ms-error-code": "ResourceNotFound",
        "x-ms-request-id": "bbef9771-801a-0009-2235-4be567000000",
        "x-ms-version": "2025-05-05"
      },
      "ResponseBody": null
    },
    {
      "RequestUri": "https://amandapreprod.file.core.windows.net/test-share-3a1813b6-5ba7-4db8-cb0f-293bdaac2eb8/destFolder/pik/item4?sv=Sanitized&se=2024-12-11T18%3A59%3A36Z&sr=s&sp=rcwdl&sig=Sanitized",
      "RequestMethod": "PUT",
      "RequestHeaders": {
        "Accept": "application/xml",
        "Content-Length": "0",
        "traceparent": "00-110e9cf1c069c750c074b693f1dca346-399bc80c27cc44e2-00",
        "User-Agent": "azsdk-net-Storage.Files.Shares/12.22.0-alpha.20241210.1 (.NET 6.0.36; Microsoft Windows 10.0.22635)",
        "x-ms-cache-control": "no-cache",
        "x-ms-client-request-id": "Sanitized",
        "x-ms-content-disposition": "inline",
        "x-ms-content-encoding": "",
        "x-ms-content-language": "en-US",
        "x-ms-content-length": "0",
        "x-ms-content-type": "text/plain",
        "x-ms-file-creation-time": "2024-12-10T18:59:36.0000000Z",
        "x-ms-meta-Capital": "letter",
        "x-ms-meta-foo": "bar",
        "x-ms-meta-meta": "data",
        "x-ms-meta-UPPER": "case",
        "x-ms-return-client-request-id": "true",
        "x-ms-type": "file",
        "x-ms-version": "2025-05-05"
      },
      "RequestBody": null,
      "StatusCode": 201,
      "ResponseHeaders": {
        "Content-Length": "0",
        "Date": "Tue, 10 Dec 2024 18:59:37 GMT",
        "ETag": "\"0x8DD194CCB2CD375\"",
        "Last-Modified": "Tue, 10 Dec 2024 18:59:37 GMT",
        "Server": [
          "Windows-Azure-File/1.0",
          "Microsoft-HTTPAPI/2.0"
        ],
        "x-ms-client-request-id": "Sanitized",
        "x-ms-file-attributes": "Archive",
        "x-ms-file-change-time": "2024-12-10T18:59:37.3399925Z",
        "x-ms-file-creation-time": "2024-12-10T18:59:36.0000000Z",
        "x-ms-file-id": "16140936248867946496",
        "x-ms-file-last-write-time": "2024-12-10T18:59:37.3399925Z",
        "x-ms-file-parent-id": "10376363910205800448",
        "x-ms-file-permission-key": "12626496306092130501*547956186189310027",
        "x-ms-request-id": "bbef9772-801a-0009-2335-4be567000000",
        "x-ms-request-server-encrypted": "true",
        "x-ms-version": "2025-05-05"
      },
      "ResponseBody": null
    },
    {
      "RequestUri": "https://amandapreprod.file.core.windows.net/test-share-3a1813b6-5ba7-4db8-cb0f-293bdaac2eb8?restype=share",
      "RequestMethod": "DELETE",
      "RequestHeaders": {
        "Accept": "application/xml",
        "Authorization": "Sanitized",
        "traceparent": "00-022ebc16ce00f38649d2baa4de69b7f0-98d8791fd5eb3dbb-00",
        "User-Agent": "azsdk-net-Storage.Files.Shares/12.22.0-alpha.20241210.1 (.NET 6.0.36; Microsoft Windows 10.0.22635)",
        "x-ms-client-request-id": "Sanitized",
        "x-ms-date": "Tue, 10 Dec 2024 18:59:37 GMT",
        "x-ms-delete-snapshots": "include",
        "x-ms-return-client-request-id": "true",
        "x-ms-version": "2025-05-05"
      },
      "RequestBody": null,
      "StatusCode": 202,
      "ResponseHeaders": {
        "Content-Length": "0",
        "Date": "Tue, 10 Dec 2024 18:59:37 GMT",
        "Server": [
          "Windows-Azure-File/1.0",
          "Microsoft-HTTPAPI/2.0"
        ],
        "x-ms-client-request-id": "Sanitized",
        "x-ms-request-id": "bbef9774-801a-0009-2435-4be567000000",
        "x-ms-version": "2025-05-05"
      },
      "ResponseBody": null
    },
    {
      "RequestUri": "https://amandapreprod.blob.core.windows.net/test-container-43882b30-e9a8-b624-f2c8-b12a9da89464?restype=container",
      "RequestMethod": "DELETE",
      "RequestHeaders": {
        "Accept": "application/xml",
        "Authorization": "Sanitized",
        "traceparent": "00-d9916952227d70158c2118f124cee600-78f561861a1cd344-00",
        "User-Agent": "azsdk-net-Storage.Blobs/12.24.0-alpha.20241210.1 (.NET 6.0.36; Microsoft Windows 10.0.22635)",
        "x-ms-client-request-id": "Sanitized",
        "x-ms-date": "Tue, 10 Dec 2024 18:59:37 GMT",
        "x-ms-return-client-request-id": "true",
        "x-ms-version": "2025-05-05"
      },
      "RequestBody": null,
      "StatusCode": 202,
      "ResponseHeaders": {
        "Content-Length": "0",
        "Date": "Tue, 10 Dec 2024 18:59:37 GMT",
        "Server": [
          "Windows-Azure-Blob/1.0",
          "Microsoft-HTTPAPI/2.0"
        ],
        "x-ms-client-request-id": "Sanitized",
        "x-ms-request-id": "61471a40-001e-0007-1735-4bccd7000000",
        "x-ms-version": "2025-05-05"
      },
      "ResponseBody": null
    }
  ],
  "Variables": {
    "DateTimeOffsetNow": "2024-12-10T10:59:36.8845136-08:00",
    "RandomSeed": "1676705901",
    "Storage_TestConfigDefault": "ProductionTenant\namandapreprod\nU2FuaXRpemVk\nhttps://amandapreprod.blob.core.windows.net\nhttps://amandapreprod.file.core.windows.net\nhttps://amandapreprod.queue.core.windows.net\nhttps://amandapreprod.table.core.windows.net\n\n\n\n\nhttps://amandapreprod-secondary.blob.core.windows.net\nhttps://amandapreprod-secondary.file.core.windows.net\nhttps://amandapreprod-secondary.queue.core.windows.net\nhttps://amandapreprod-secondary.table.core.windows.net\nCloud\nBlobEndpoint=https://amandapreprod.blob.core.windows.net/;QueueEndpoint=https://amandapreprod.queue.core.windows.net/;FileEndpoint=https://amandapreprod.file.core.windows.net/;BlobSecondaryEndpoint=https://amandapreprod-secondary.blob.core.windows.net/;QueueSecondaryEndpoint=https://amandapreprod-secondary.queue.core.windows.net/;FileSecondaryEndpoint=https://amandapreprod-secondary.file.core.windows.net/;AccountName=amandapreprod;AccountKey=Sanitized\nencryptionScope\n\n"
  }
}
