{
  "Entries": [
    {
      "RequestUri": "https://amandapreprod.blob.core.windows.net/test-container-08f5a8c6-f3b2-7a72-e11b-033ca64150d7?restype=container",
      "RequestMethod": "PUT",
      "RequestHeaders": {
        "Accept": "application/xml",
        "Authorization": "Sanitized",
        "Content-Length": "0",
        "traceparent": "00-d970a19fa5e35a435489c9eaf9ca7130-55355ab0c96c5d02-00",
        "User-Agent": "azsdk-net-Storage.Blobs/12.24.0-alpha.20241210.1 (.NET 6.0.36; Microsoft Windows 10.0.22635)",
        "x-ms-client-request-id": "Sanitized",
        "x-ms-date": "Tue, 10 Dec 2024 19:02:37 GMT",
        "x-ms-return-client-request-id": "true",
        "x-ms-version": "2025-05-05"
      },
      "RequestBody": null,
      "StatusCode": 201,
      "ResponseHeaders": {
        "Content-Length": "0",
        "Date": "Tue, 10 Dec 2024 19:02:36 GMT",
        "ETag": "\"0x8DD194D36A2CD32\"",
        "Last-Modified": "Tue, 10 Dec 2024 19:02:37 GMT",
        "Server": [
          "Windows-Azure-Blob/1.0",
          "Microsoft-HTTPAPI/2.0"
        ],
        "x-ms-client-request-id": "Sanitized",
        "x-ms-request-id": "614910a8-001e-0007-4236-4bccd7000000",
        "x-ms-version": "2025-05-05"
      },
      "ResponseBody": null
    },
    {
      "RequestUri": "https://amandapreprod.file.core.windows.net/test-share-afa22a66-4e4c-5234-a12a-600be2db3f08?restype=share",
      "RequestMethod": "PUT",
      "RequestHeaders": {
        "Accept": "application/xml",
        "Authorization": "Sanitized",
        "Content-Length": "0",
        "traceparent": "00-54153e5fd1ed3bf3191eb5ffc65a81d6-a3e9b0ca2ffab4b0-00",
        "User-Agent": "azsdk-net-Storage.Files.Shares/12.22.0-alpha.20241210.1 (.NET 6.0.36; Microsoft Windows 10.0.22635)",
        "x-ms-client-request-id": "Sanitized",
        "x-ms-date": "Tue, 10 Dec 2024 19:02:37 GMT",
        "x-ms-return-client-request-id": "true",
        "x-ms-version": "2025-05-05"
      },
      "RequestBody": null,
      "StatusCode": 201,
      "ResponseHeaders": {
        "Content-Length": "0",
        "Date": "Tue, 10 Dec 2024 19:02:37 GMT",
        "ETag": "\"0x8DD194D36AD2C63\"",
        "Last-Modified": "Tue, 10 Dec 2024 19:02:37 GMT",
        "Server": [
          "Windows-Azure-File/1.0",
          "Microsoft-HTTPAPI/2.0"
        ],
        "x-ms-client-request-id": "Sanitized",
        "x-ms-request-id": "c0b205f7-201a-0010-2c36-4b65dc000000",
        "x-ms-version": "2025-05-05"
      },
      "ResponseBody": null
    },
    {
      "RequestUri": "https://amandapreprod.blob.core.windows.net/test-container-08f5a8c6-f3b2-7a72-e11b-033ca64150d7/test-file-beff3f81-a057-bba8-014f-1b03c1d22455",
      "RequestMethod": "PUT",
      "RequestHeaders": {
        "Accept": "application/xml",
        "Authorization": "Sanitized",
        "Content-Length": "0",
        "If-None-Match": "*",
        "traceparent": "00-4d333b049c1eb3e6f535ca50a315b7a4-c1ab21aa24f9e595-00",
        "User-Agent": "azsdk-net-Storage.Blobs/12.24.0-alpha.20241210.1 (.NET 6.0.36; Microsoft Windows 10.0.22635)",
        "x-ms-blob-cache-control": "no-cache",
        "x-ms-blob-content-disposition": "inline",
        "x-ms-blob-content-language": "en-US",
        "x-ms-blob-content-length": "1024",
        "x-ms-blob-content-type": "text/plain",
        "x-ms-blob-type": "PageBlob",
        "x-ms-client-request-id": "Sanitized",
        "x-ms-date": "Tue, 10 Dec 2024 19:02:38 GMT",
        "x-ms-meta-Capital": "letter",
        "x-ms-meta-foo": "bar",
        "x-ms-meta-meta": "data",
        "x-ms-meta-UPPER": "case",
        "x-ms-return-client-request-id": "true",
        "x-ms-version": "2025-05-05"
      },
      "RequestBody": null,
      "StatusCode": 201,
      "ResponseHeaders": {
        "Content-Length": "0",
        "Date": "Tue, 10 Dec 2024 19:02:37 GMT",
        "ETag": "\"0x8DD194D36B6D2A8\"",
        "Last-Modified": "Tue, 10 Dec 2024 19:02:37 GMT",
        "Server": [
          "Windows-Azure-Blob/1.0",
          "Microsoft-HTTPAPI/2.0"
        ],
        "x-ms-client-request-id": "Sanitized",
        "x-ms-request-id": "6149110d-001e-0007-2336-4bccd7000000",
        "x-ms-request-server-encrypted": "true",
        "x-ms-version": "2025-05-05"
      },
      "ResponseBody": null
    },
    {
      "RequestUri": "https://amandapreprod.blob.core.windows.net/test-container-08f5a8c6-f3b2-7a72-e11b-033ca64150d7/test-file-beff3f81-a057-bba8-014f-1b03c1d22455?comp=page",
      "RequestMethod": "PUT",
      "RequestHeaders": {
        "Accept": "application/xml",
        "Authorization": "Sanitized",
        "Content-Length": "1024",
        "Content-Type": "application/octet-stream",
        "traceparent": "00-b7a4bc6b0c060b75849affb817fd3937-e95e6a2937aad793-00",
        "User-Agent": "azsdk-net-Storage.Blobs/12.24.0-alpha.20241210.1 (.NET 6.0.36; Microsoft Windows 10.0.22635)",
        "x-ms-client-request-id": "Sanitized",
        "x-ms-date": "Tue, 10 Dec 2024 19:02:38 GMT",
        "x-ms-page-write": "update",
        "x-ms-range": "bytes=0-1023",
        "x-ms-return-client-request-id": "true",
        "x-ms-version": "2025-05-05"
      },
      "RequestBody": "Py96sJzu/UX1utqP5zHGEjaUFsn9ZkBK0/8mKesJTFgvjk8khQQAYLNnSk08zrA+l4hfd4DHptnvMNydx9Ra7G2CX1jhoYwylLYWlRvyDgRO6JFiqtXXZ+d2NVUnYpjfDV7guW9XXfb7LePKsRG+/SHXT99C+EGYqvhxa2w3CjEdN4i8EVSV9oqbZn3yDbbWtzczUBO5nBUdRw525vKJxCKyrHmIAuvMQlhUppHEpp1BmrM1A7odZJpzn8lFHg+YEqFbP2A8TrVLZw27ZPaDWKFxNEs+VMBnlEjfFGIihiNJvJTvaWY9BUz96ZysYv+k8EYo1OnDWb3h86sXXTlSKeDqcqhik+87NC//QWokujJJOiQc+rI5hWLWDnW7JacSqsC7wu9XQVxW7KC6xBhTvDl4ziIVNi8usOxFjIR6fw6H7JaqaPhD8fnHxg0Rf8FKglE8QleF/XSRjRECEbXY3GySMteCqVRBNdwpTm8iHDEr+wkzPT22Au8hGNvmQN9D7+mgf03pyNn9+w17W68Eb3Df1haspJ4v3DDoYJB5WvX85l+GgZ3kQjMvNkIvOqZAHKlqBmnJl0pLcKMdAGdJg6AYf3VPfu3S+5TjfG5bAKGJqEPmDlOLMk8UOhH6x0HL5rKhF7sw8J28lwvU5hrb73ABk1gkYnVNjEwmOkTb2DRSF5a8uenmWLilKnZIt0w0OUqh+DPpp4M9VIpuCrVZ4L/Wgc6DHzaHGzqgfjj+BdX/8QH5OuABaXATf2Ved04CS0m3cTV+sRoUGt34SChLPk60bhizYKbe1RddcJ/RKKPsnTLuRpSggUDn5SACCCFIyEAWqQk2Tuuj2JsdIUB6Q/E5DKr2XPi6FO3XzHqG2832Fahfun+atU9GS234gl//baIuyfx2UmtIW5QbXoJxHf3OJgyYGohyn1ZbrxGKwpGN2F/YVxLQgMM8F17qf1bN1S5wKVxTZlIZvCmlGqJavZkDjYYimMbq/aZJWwMphyD/jtriGpg1OnEMvprpK2Ug4lnF5/HQqjxohiy1CgpO8DUJpovId6MBzVIVFdorANJBKHmqZKAuL+SdepRsfy9mvc5k4IXZV2q2xBmeupRiPIVZdOGRpIyV2nanK/wPlE0jr1cLxiBNZ9EP85+Gj3RQOz4OEgtO1RlCzwUOMixtpi/Lews8V3VkDA0QgbDsDksCV+++AIJC1dk+yPcbPjWkoU1wuhNoE+TJqgb+PVNoVsG6C9o8r6atiaYy/Y5+Sc3Xa+Bje1M3mkML9FZ8RJeG1nI1YDNaaPKnwzFsNhZWS2A4JtFzBNptg3GXMLpPMUQPqycbSOiafAPtvLgiymMttan2Qx7FE9GXyN3Bwzc4Vw==",
      "StatusCode": 201,
      "ResponseHeaders": {
        "Content-Length": "0",
        "Date": "Tue, 10 Dec 2024 19:02:37 GMT",
        "ETag": "\"0x8DD194D36BFA253\"",
        "Last-Modified": "Tue, 10 Dec 2024 19:02:37 GMT",
        "Server": [
          "Windows-Azure-Blob/1.0",
          "Microsoft-HTTPAPI/2.0"
        ],
        "x-ms-blob-sequence-number": "0",
        "x-ms-client-request-id": "Sanitized",
        "x-ms-content-crc64": "pMWChJa5BIw=",
        "x-ms-request-id": "6149112e-001e-0007-4436-4bccd7000000",
        "x-ms-request-server-encrypted": "true",
        "x-ms-version": "2025-05-05"
      },
      "ResponseBody": null
    },
    {
      "RequestUri": "https://amandapreprod.blob.core.windows.net/test-container-08f5a8c6-f3b2-7a72-e11b-033ca64150d7/test-file-beff3f81-a057-bba8-014f-1b03c1d22455?sv=Sanitized&se=2024-12-11T19%3A02%3A38Z&sr=b&sp=racwdxyltmei&sig=Sanitized",
      "RequestMethod": "HEAD",
      "RequestHeaders": {
        "Accept": "application/xml",
        "traceparent": "00-c1ba560b1990226bf3182fd7a3465270-c1394a39bf4c1499-00",
        "User-Agent": "azsdk-net-Storage.Blobs/12.24.0-alpha.20241210.1 (.NET 6.0.36; Microsoft Windows 10.0.22635)",
        "x-ms-client-request-id": "Sanitized",
        "x-ms-return-client-request-id": "true",
        "x-ms-version": "2025-05-05"
      },
      "RequestBody": null,
      "StatusCode": 200,
      "ResponseHeaders": {
        "Accept-Ranges": "bytes",
        "Cache-Control": "no-cache",
        "Content-Disposition": "inline",
        "Content-Language": "en-US",
        "Content-Length": "1024",
        "Content-Type": "text/plain",
        "Date": "Tue, 10 Dec 2024 19:02:37 GMT",
        "ETag": "\"0x8DD194D36BFA253\"",
        "Last-Modified": "Tue, 10 Dec 2024 19:02:37 GMT",
        "Server": [
          "Windows-Azure-Blob/1.0",
          "Microsoft-HTTPAPI/2.0"
        ],
        "x-ms-blob-sequence-number": "0",
        "x-ms-blob-type": "PageBlob",
        "x-ms-client-request-id": "Sanitized",
        "x-ms-creation-time": "Tue, 10 Dec 2024 19:02:37 GMT",
        "x-ms-lease-state": "available",
        "x-ms-lease-status": "unlocked",
        "x-ms-meta-Capital": "letter",
        "x-ms-meta-foo": "bar",
        "x-ms-meta-meta": "data",
        "x-ms-meta-UPPER": "case",
        "x-ms-request-id": "61491177-001e-0007-0836-4bccd7000000",
        "x-ms-server-encrypted": "true",
        "x-ms-version": "2025-05-05"
      },
      "ResponseBody": null
    },
    {
      "RequestUri": "https://amandapreprod.file.core.windows.net/test-share-afa22a66-4e4c-5234-a12a-600be2db3f08/test-file-49bce662-2fab-0bd1-d0bf-fdada5a4c15b?sv=Sanitized&se=2024-12-11T19%3A02%3A38Z&sr=f&sp=rcwd&sig=Sanitized",
      "RequestMethod": "HEAD",
      "RequestHeaders": {
        "Accept": "application/xml",
        "traceparent": "00-5c94a2b94c2f40dbc22df804d1dcce38-06fc5877f021fdeb-00",
        "User-Agent": "azsdk-net-Storage.Files.Shares/12.22.0-alpha.20241210.1 (.NET 6.0.36; Microsoft Windows 10.0.22635)",
        "x-ms-client-request-id": "Sanitized",
        "x-ms-return-client-request-id": "true",
        "x-ms-version": "2025-05-05"
      },
      "RequestBody": null,
      "StatusCode": 404,
      "ResponseHeaders": {
        "Date": "Tue, 10 Dec 2024 19:02:37 GMT",
        "Server": [
          "Windows-Azure-File/1.0",
          "Microsoft-HTTPAPI/2.0"
        ],
        "Transfer-Encoding": "chunked",
        "x-ms-client-request-id": "Sanitized",
        "x-ms-error-code": "ResourceNotFound",
        "x-ms-request-id": "c0b205f9-201a-0010-2d36-4b65dc000000",
        "x-ms-version": "2025-05-05"
      },
      "ResponseBody": null
    },
    {
      "RequestUri": "https://amandapreprod.file.core.windows.net/test-share-afa22a66-4e4c-5234-a12a-600be2db3f08/test-file-49bce662-2fab-0bd1-d0bf-fdada5a4c15b?sv=Sanitized&se=2024-12-11T19%3A02%3A38Z&sr=f&sp=rcwd&sig=Sanitized",
      "RequestMethod": "PUT",
      "RequestHeaders": {
        "Accept": "application/xml",
        "Content-Length": "0",
        "traceparent": "00-fb5809b818098ac3e295619d1191282c-c50d3ef7e514b73d-00",
        "User-Agent": "azsdk-net-Storage.Files.Shares/12.22.0-alpha.20241210.1 (.NET 6.0.36; Microsoft Windows 10.0.22635)",
        "x-ms-cache-control": "no-cache",
        "x-ms-client-request-id": "Sanitized",
        "x-ms-content-disposition": "inline",
        "x-ms-content-language": "en-US",
        "x-ms-content-length": "1024",
        "x-ms-content-type": "text/plain",
        "x-ms-file-creation-time": "2024-12-10T19:02:37.0000000Z",
        "x-ms-meta-Capital": "letter",
        "x-ms-meta-foo": "bar",
        "x-ms-meta-meta": "data",
        "x-ms-meta-UPPER": "case",
        "x-ms-return-client-request-id": "true",
        "x-ms-type": "file",
        "x-ms-version": "2025-05-05"
      },
      "RequestBody": null,
      "StatusCode": 201,
      "ResponseHeaders": {
        "Content-Length": "0",
        "Date": "Tue, 10 Dec 2024 19:02:37 GMT",
        "ETag": "\"0x8DD194D36E92FCB\"",
        "Last-Modified": "Tue, 10 Dec 2024 19:02:38 GMT",
        "Server": [
          "Windows-Azure-File/1.0",
          "Microsoft-HTTPAPI/2.0"
        ],
        "x-ms-client-request-id": "Sanitized",
        "x-ms-file-attributes": "Archive",
        "x-ms-file-change-time": "2024-12-10T19:02:38.0906443Z",
        "x-ms-file-creation-time": "2024-12-10T19:02:37.0000000Z",
        "x-ms-file-id": "13835128424026341376",
        "x-ms-file-last-write-time": "2024-12-10T19:02:38.0906443Z",
        "x-ms-file-parent-id": "0",
        "x-ms-file-permission-key": "12626496306092130501*547956186189310027",
        "x-ms-request-id": "c0b205fa-201a-0010-2e36-4b65dc000000",
        "x-ms-request-server-encrypted": "true",
        "x-ms-version": "2025-05-05"
      },
      "ResponseBody": null
    },
    {
      "RequestUri": "https://amandapreprod.file.core.windows.net/test-share-afa22a66-4e4c-5234-a12a-600be2db3f08/test-file-49bce662-2fab-0bd1-d0bf-fdada5a4c15b?sv=Sanitized&se=2024-12-11T19%3A02%3A38Z&sr=f&sp=rcwd&sig=Sanitized&comp=range",
      "RequestMethod": "PUT",
      "RequestHeaders": {
        "Accept": "application/xml",
        "Content-Length": "0",
        "traceparent": "00-d52fcd887129dc3e49fabb440fc0a895-a953f89884234e7c-00",
        "User-Agent": "azsdk-net-Storage.Files.Shares/12.22.0-alpha.20241210.1 (.NET 6.0.36; Microsoft Windows 10.0.22635)",
        "x-ms-client-request-id": "Sanitized",
        "x-ms-copy-source": "https://amandapreprod.blob.core.windows.net/test-container-08f5a8c6-f3b2-7a72-e11b-033ca64150d7/test-file-beff3f81-a057-bba8-014f-1b03c1d22455?sv=sanitized-value&se=2024-12-11T19%3A02%3A38Z&sr=b&sp=racwdxyltmei&sig=Sanitized",
        "x-ms-file-last-write-time": "Preserve",
        "x-ms-range": "bytes=0-1023",
        "x-ms-return-client-request-id": "true",
        "x-ms-source-range": "bytes=0-1023",
        "x-ms-version": "2025-05-05",
        "x-ms-write": "update"
      },
      "RequestBody": null,
      "StatusCode": 201,
      "ResponseHeaders": {
        "Content-Length": "0",
        "Date": "Tue, 10 Dec 2024 19:02:37 GMT",
        "ETag": "\"0x8DD194D36F3AB51\"",
        "Last-Modified": "Tue, 10 Dec 2024 19:02:38 GMT",
        "Server": [
          "Windows-Azure-File/1.0",
          "Microsoft-HTTPAPI/2.0"
        ],
        "x-ms-client-request-id": "Sanitized",
        "x-ms-content-crc64": "pMWChJa5BIw=",
        "x-ms-file-last-write-time": "2024-12-10T19:02:38.0906443Z",
        "x-ms-request-id": "c0b205fb-201a-0010-2f36-4b65dc000000",
        "x-ms-request-server-encrypted": "true",
        "x-ms-version": "2025-05-05"
      },
      "ResponseBody": null
    },
    {
      "RequestUri": "https://amandapreprod.file.core.windows.net/test-share-afa22a66-4e4c-5234-a12a-600be2db3f08?restype=share",
      "RequestMethod": "DELETE",
      "RequestHeaders": {
        "Accept": "application/xml",
        "Authorization": "Sanitized",
        "traceparent": "00-2c092e464193ccd080500d2123f17a7a-03db68ea750b9462-00",
        "User-Agent": "azsdk-net-Storage.Files.Shares/12.22.0-alpha.20241210.1 (.NET 6.0.36; Microsoft Windows 10.0.22635)",
        "x-ms-client-request-id": "Sanitized",
        "x-ms-date": "Tue, 10 Dec 2024 19:02:38 GMT",
        "x-ms-delete-snapshots": "include",
        "x-ms-return-client-request-id": "true",
        "x-ms-version": "2025-05-05"
      },
      "RequestBody": null,
      "StatusCode": 202,
      "ResponseHeaders": {
        "Content-Length": "0",
        "Date": "Tue, 10 Dec 2024 19:02:37 GMT",
        "Server": [
          "Windows-Azure-File/1.0",
          "Microsoft-HTTPAPI/2.0"
        ],
        "x-ms-client-request-id": "Sanitized",
        "x-ms-request-id": "c0b205fc-201a-0010-3036-4b65dc000000",
        "x-ms-version": "2025-05-05"
      },
      "ResponseBody": null
    },
    {
      "RequestUri": "https://amandapreprod.blob.core.windows.net/test-container-08f5a8c6-f3b2-7a72-e11b-033ca64150d7?restype=container",
      "RequestMethod": "DELETE",
      "RequestHeaders": {
        "Accept": "application/xml",
        "Authorization": "Sanitized",
        "traceparent": "00-271f6807cfaab59aca4e951e25aac97f-cb62ca11e7a6abff-00",
        "User-Agent": "azsdk-net-Storage.Blobs/12.24.0-alpha.20241210.1 (.NET 6.0.36; Microsoft Windows 10.0.22635)",
        "x-ms-client-request-id": "Sanitized",
        "x-ms-date": "Tue, 10 Dec 2024 19:02:38 GMT",
        "x-ms-return-client-request-id": "true",
        "x-ms-version": "2025-05-05"
      },
      "RequestBody": null,
      "StatusCode": 202,
      "ResponseHeaders": {
        "Content-Length": "0",
        "Date": "Tue, 10 Dec 2024 19:02:37 GMT",
        "Server": [
          "Windows-Azure-Blob/1.0",
          "Microsoft-HTTPAPI/2.0"
        ],
        "x-ms-client-request-id": "Sanitized",
        "x-ms-request-id": "614912c9-001e-0007-4b36-4bccd7000000",
        "x-ms-version": "2025-05-05"
      },
      "ResponseBody": null
    }
  ],
  "Variables": {
    "DateTimeOffsetNow": "2024-12-10T11:02:38.0239499-08:00",
    "RandomSeed": "70315603",
    "Storage_TestConfigDefault": "ProductionTenant\namandapreprod\nU2FuaXRpemVk\nhttps://amandapreprod.blob.core.windows.net\nhttps://amandapreprod.file.core.windows.net\nhttps://amandapreprod.queue.core.windows.net\nhttps://amandapreprod.table.core.windows.net\n\n\n\n\nhttps://amandapreprod-secondary.blob.core.windows.net\nhttps://amandapreprod-secondary.file.core.windows.net\nhttps://amandapreprod-secondary.queue.core.windows.net\nhttps://amandapreprod-secondary.table.core.windows.net\nCloud\nBlobEndpoint=https://amandapreprod.blob.core.windows.net/;QueueEndpoint=https://amandapreprod.queue.core.windows.net/;FileEndpoint=https://amandapreprod.file.core.windows.net/;BlobSecondaryEndpoint=https://amandapreprod-secondary.blob.core.windows.net/;QueueSecondaryEndpoint=https://amandapreprod-secondary.queue.core.windows.net/;FileSecondaryEndpoint=https://amandapreprod-secondary.file.core.windows.net/;AccountName=amandapreprod;AccountKey=Sanitized\nencryptionScope\n\n"
  }
}
