{
  "Entries": [
    {
      "RequestUri": "https://amandapreprod.blob.core.windows.net/test-container-4f6e15d0-18de-2223-e3bc-62f8e7214128?restype=container",
      "RequestMethod": "PUT",
      "RequestHeaders": {
        "Accept": "application/xml",
        "Authorization": "Sanitized",
        "Content-Length": "0",
        "traceparent": "00-c3491cf9fb617c1777e72c7efb9d8b6f-1953cbd12890b1e7-00",
        "User-Agent": "azsdk-net-Storage.Blobs/12.24.0-alpha.20241210.1 (.NET 6.0.36; Microsoft Windows 10.0.22635)",
        "x-ms-client-request-id": "Sanitized",
        "x-ms-date": "Tue, 10 Dec 2024 19:02:55 GMT",
        "x-ms-return-client-request-id": "true",
        "x-ms-version": "2025-05-05"
      },
      "RequestBody": null,
      "StatusCode": 201,
      "ResponseHeaders": {
        "Content-Length": "0",
        "Date": "Tue, 10 Dec 2024 19:02:54 GMT",
        "ETag": "\"0x8DD194D412F99BE\"",
        "Last-Modified": "Tue, 10 Dec 2024 19:02:55 GMT",
        "Server": [
          "Windows-Azure-Blob/1.0",
          "Microsoft-HTTPAPI/2.0"
        ],
        "x-ms-client-request-id": "Sanitized",
        "x-ms-request-id": "61493fff-001e-0007-2536-4bccd7000000",
        "x-ms-version": "2025-05-05"
      },
      "ResponseBody": null
    },
    {
      "RequestUri": "https://amandapreprod.file.core.windows.net/test-share-21decf05-97e4-573b-a8be-c13155899f1d?restype=share",
      "RequestMethod": "PUT",
      "RequestHeaders": {
        "Accept": "application/xml",
        "Authorization": "Sanitized",
        "Content-Length": "0",
        "traceparent": "00-26856f7802c16d3b8c12f88759e0e68b-271f2ae48a1b6e0f-00",
        "User-Agent": "azsdk-net-Storage.Files.Shares/12.22.0-alpha.20241210.1 (.NET 6.0.36; Microsoft Windows 10.0.22635)",
        "x-ms-client-request-id": "Sanitized",
        "x-ms-date": "Tue, 10 Dec 2024 19:02:55 GMT",
        "x-ms-return-client-request-id": "true",
        "x-ms-version": "2025-05-05"
      },
      "RequestBody": null,
      "StatusCode": 201,
      "ResponseHeaders": {
        "Content-Length": "0",
        "Date": "Tue, 10 Dec 2024 19:02:54 GMT",
        "ETag": "\"0x8DD194D413A99DD\"",
        "Last-Modified": "Tue, 10 Dec 2024 19:02:55 GMT",
        "Server": [
          "Windows-Azure-File/1.0",
          "Microsoft-HTTPAPI/2.0"
        ],
        "x-ms-client-request-id": "Sanitized",
        "x-ms-request-id": "c0b2069a-201a-0010-1e36-4b65dc000000",
        "x-ms-version": "2025-05-05"
      },
      "ResponseBody": null
    },
    {
      "RequestUri": "https://amandapreprod.blob.core.windows.net/test-container-4f6e15d0-18de-2223-e3bc-62f8e7214128/test-file-f8268fda-5c2f-6a05-ded4-593eb80a8b79",
      "RequestMethod": "PUT",
      "RequestHeaders": {
        "Accept": "application/xml",
        "Authorization": "Sanitized",
        "Content-Length": "0",
        "If-None-Match": "*",
        "traceparent": "00-a5a82c04e022699b3e1b38496cf022f5-518683dd9c1150c4-00",
        "User-Agent": "azsdk-net-Storage.Blobs/12.24.0-alpha.20241210.1 (.NET 6.0.36; Microsoft Windows 10.0.22635)",
        "x-ms-blob-cache-control": "no-cache",
        "x-ms-blob-content-disposition": "inline",
        "x-ms-blob-content-language": "en-US",
        "x-ms-blob-content-length": "1024",
        "x-ms-blob-content-type": "text/plain",
        "x-ms-blob-type": "PageBlob",
        "x-ms-client-request-id": "Sanitized",
        "x-ms-date": "Tue, 10 Dec 2024 19:02:55 GMT",
        "x-ms-meta-Capital": "letter",
        "x-ms-meta-foo": "bar",
        "x-ms-meta-meta": "data",
        "x-ms-meta-UPPER": "case",
        "x-ms-return-client-request-id": "true",
        "x-ms-version": "2025-05-05"
      },
      "RequestBody": null,
      "StatusCode": 201,
      "ResponseHeaders": {
        "Content-Length": "0",
        "Date": "Tue, 10 Dec 2024 19:02:54 GMT",
        "ETag": "\"0x8DD194D41441DF8\"",
        "Last-Modified": "Tue, 10 Dec 2024 19:02:55 GMT",
        "Server": [
          "Windows-Azure-Blob/1.0",
          "Microsoft-HTTPAPI/2.0"
        ],
        "x-ms-client-request-id": "Sanitized",
        "x-ms-request-id": "61494090-001e-0007-1d36-4bccd7000000",
        "x-ms-request-server-encrypted": "true",
        "x-ms-version": "2025-05-05"
      },
      "ResponseBody": null
    },
    {
      "RequestUri": "https://amandapreprod.blob.core.windows.net/test-container-4f6e15d0-18de-2223-e3bc-62f8e7214128/test-file-f8268fda-5c2f-6a05-ded4-593eb80a8b79?comp=page",
      "RequestMethod": "PUT",
      "RequestHeaders": {
        "Accept": "application/xml",
        "Authorization": "Sanitized",
        "Content-Length": "1024",
        "Content-Type": "application/octet-stream",
        "traceparent": "00-f83d5328d431dc6a0062fb7d59e158e6-b5e3133b1a5fb6fa-00",
        "User-Agent": "azsdk-net-Storage.Blobs/12.24.0-alpha.20241210.1 (.NET 6.0.36; Microsoft Windows 10.0.22635)",
        "x-ms-client-request-id": "Sanitized",
        "x-ms-date": "Tue, 10 Dec 2024 19:02:55 GMT",
        "x-ms-page-write": "update",
        "x-ms-range": "bytes=0-1023",
        "x-ms-return-client-request-id": "true",
        "x-ms-version": "2025-05-05"
      },
      "RequestBody": "OonicduwP9C7D9o93b+V2YKNcSnWHH2sxItkw1KpJTm5r7V/G2bxS94Fg3KQUyW54O+Qv91D3x0MNa1QTHt9Eeqggy0JFb4cmyVK0JkKHHBlquNjGWVcdtCYc+W4of5ih3GI78/4r8sxdCS4+A6EARg86qGYGviERAxdcaLYZPom6EgngSyhbfsYMqRBo33BFHHMe7dcym15A6rCmj4oWBAqkRDGXYDsm3ymgOhTQ6GOm1wwC+hCyR3brX6B3tK879mUFxFt+7bx4N87tkqEJcAJNP/h+E0n58jy6q8Bar2p6ZAPviyPIaCmPisIBxLTV4e+eKrT2/aMbC9JexEH73Uikcy5dWeTehJfO7khH+C1HpMnQ/IT1g6aglH8RaaPnk+15nVGGuIgKv2XdKA9ak1Pk1x936yCDru+HvIVlzRsz5xqbDlqbwOwBxj0e2FuXBgErLJJEb+iMte6h/vvC5LJK6QD0v4U5SRYzdiTjZJZUMLaEOqCIr7dyDphr+cHwPuGK1C9aokZ78eO8ETmDqREYDc5FfqoRwjlJQrEsjU8UQzdDWJCnOU4wCAj8zJ697mVHU6vzqsA3uRI10V/VT2RUZ83CQFCAsRSAVTZhFPWai5RLpXmjINg3C9++cSguWrjkaKSQu23UxqKXcxWJlmQcWwWLSenq8Qc1y3SxAgAskfq9vOwQydAmdt6XC+2CbXV7YdXiYtDO+XedWvA5Y8SiquEbDBm4C5F1ZNMLU+UZs13/NaAqCi8prsN0s67gLNLZ9KEMZ2FbwxZErT49g2WSQ+eSOm4keGCyMV1WA1fiVTgAMV8EDUw8ozJJpZ0w7Ctdoi+HTjJk9bwAmjXDxf/+YlfGPZIGjnablVd7mpLDQQVyOKFoWscFm3vjA7MWON1yi0MFau6ZVxP5K7ibKRrpfRjwUc0eVgdQgGIWI4rDRVy6CM9PvhYW2OGNby9OanJhOYZaJabQFDU7tKqMQzNI9aYcISALWb8CmbkrkObYAhXv9SnEaV/1qjSaVAlrilWuBHmJMklSFaAHV0wt5ENOI7KUnI4JhIxGZncrcQW1lw8jvYxtTw/MnZ9JvRHTh8WxTDCW1y3HpH/tAovSZqRakYB9Cia24NRih/7uv8d6st6xeiUVHv/hHBlMgAxD+jc67ytRVn2e+qtcNA8vGOR4so/tYSy/RbKAnC4NamCIHo3Hs5Db6Vyg0n95+SrwsgM01A28lpkKu6m40LpPUZBKk9VBZ2UTnIkzTE6tBYyHz+orGJYTC4g0/TgnIxiiUUDvLyUVr0qd4TeESUpKXbXdMMDQZHj6N4hNTKptLHlwkPrN/hZncmBfTTdejoI9ql9CCjJX0i0H9PdciGLgQ==",
      "StatusCode": 201,
      "ResponseHeaders": {
        "Content-Length": "0",
        "Date": "Tue, 10 Dec 2024 19:02:54 GMT",
        "ETag": "\"0x8DD194D414D6252\"",
        "Last-Modified": "Tue, 10 Dec 2024 19:02:55 GMT",
        "Server": [
          "Windows-Azure-Blob/1.0",
          "Microsoft-HTTPAPI/2.0"
        ],
        "x-ms-blob-sequence-number": "0",
        "x-ms-client-request-id": "Sanitized",
        "x-ms-content-crc64": "R/IejLhTZsM=",
        "x-ms-request-id": "614940bc-001e-0007-3a36-4bccd7000000",
        "x-ms-request-server-encrypted": "true",
        "x-ms-version": "2025-05-05"
      },
      "ResponseBody": null
    },
    {
      "RequestUri": "https://amandapreprod.blob.core.windows.net/test-container-4f6e15d0-18de-2223-e3bc-62f8e7214128/test-file-f8268fda-5c2f-6a05-ded4-593eb80a8b79?sv=Sanitized&se=2024-12-11T19%3A02%3A55Z&sr=b&sp=racwdxyltmei&sig=Sanitized",
      "RequestMethod": "HEAD",
      "RequestHeaders": {
        "Accept": "application/xml",
        "traceparent": "00-63d4d450932964409b3065acf2fa995b-48d1ed5cfde5122c-00",
        "User-Agent": "azsdk-net-Storage.Blobs/12.24.0-alpha.20241210.1 (.NET 6.0.36; Microsoft Windows 10.0.22635)",
        "x-ms-client-request-id": "Sanitized",
        "x-ms-return-client-request-id": "true",
        "x-ms-version": "2025-05-05"
      },
      "RequestBody": null,
      "StatusCode": 200,
      "ResponseHeaders": {
        "Accept-Ranges": "bytes",
        "Cache-Control": "no-cache",
        "Content-Disposition": "inline",
        "Content-Language": "en-US",
        "Content-Length": "1024",
        "Content-Type": "text/plain",
        "Date": "Tue, 10 Dec 2024 19:02:54 GMT",
        "ETag": "\"0x8DD194D414D6252\"",
        "Last-Modified": "Tue, 10 Dec 2024 19:02:55 GMT",
        "Server": [
          "Windows-Azure-Blob/1.0",
          "Microsoft-HTTPAPI/2.0"
        ],
        "x-ms-blob-sequence-number": "0",
        "x-ms-blob-type": "PageBlob",
        "x-ms-client-request-id": "Sanitized",
        "x-ms-creation-time": "Tue, 10 Dec 2024 19:02:55 GMT",
        "x-ms-lease-state": "available",
        "x-ms-lease-status": "unlocked",
        "x-ms-meta-Capital": "letter",
        "x-ms-meta-foo": "bar",
        "x-ms-meta-meta": "data",
        "x-ms-meta-UPPER": "case",
        "x-ms-request-id": "614940f9-001e-0007-7136-4bccd7000000",
        "x-ms-server-encrypted": "true",
        "x-ms-version": "2025-05-05"
      },
      "ResponseBody": null
    },
    {
      "RequestUri": "https://amandapreprod.file.core.windows.net/test-share-21decf05-97e4-573b-a8be-c13155899f1d/test-file-f108f91c-eaf4-9535-abca-a5ea9c776cb4?sv=Sanitized&se=2024-12-11T19%3A02%3A55Z&sr=f&sp=rcwd&sig=Sanitized",
      "RequestMethod": "HEAD",
      "RequestHeaders": {
        "Accept": "application/xml",
        "traceparent": "00-5681b7786bc9d281260a5cfdde550175-c6579f7c32beb855-00",
        "User-Agent": "azsdk-net-Storage.Files.Shares/12.22.0-alpha.20241210.1 (.NET 6.0.36; Microsoft Windows 10.0.22635)",
        "x-ms-client-request-id": "Sanitized",
        "x-ms-return-client-request-id": "true",
        "x-ms-version": "2025-05-05"
      },
      "RequestBody": null,
      "StatusCode": 404,
      "ResponseHeaders": {
        "Date": "Tue, 10 Dec 2024 19:02:55 GMT",
        "Server": [
          "Windows-Azure-File/1.0",
          "Microsoft-HTTPAPI/2.0"
        ],
        "Transfer-Encoding": "chunked",
        "x-ms-client-request-id": "Sanitized",
        "x-ms-error-code": "ResourceNotFound",
        "x-ms-request-id": "c0b2069c-201a-0010-1f36-4b65dc000000",
        "x-ms-version": "2025-05-05"
      },
      "ResponseBody": null
    },
    {
      "RequestUri": "https://amandapreprod.file.core.windows.net/test-share-21decf05-97e4-573b-a8be-c13155899f1d/test-file-f108f91c-eaf4-9535-abca-a5ea9c776cb4?sv=Sanitized&se=2024-12-11T19%3A02%3A55Z&sr=f&sp=rcwd&sig=Sanitized",
      "RequestMethod": "PUT",
      "RequestHeaders": {
        "Accept": "application/xml",
        "Content-Length": "0",
        "traceparent": "00-83a70f51546f9283d4b999069f3c1658-e7548deb28e93792-00",
        "User-Agent": "azsdk-net-Storage.Files.Shares/12.22.0-alpha.20241210.1 (.NET 6.0.36; Microsoft Windows 10.0.22635)",
        "x-ms-cache-control": "no-cache",
        "x-ms-client-request-id": "Sanitized",
        "x-ms-content-disposition": "inline",
        "x-ms-content-language": "en-US",
        "x-ms-content-length": "1024",
        "x-ms-content-type": "text/plain",
        "x-ms-file-creation-time": "2024-12-10T19:02:55.0000000Z",
        "x-ms-meta-Capital": "letter",
        "x-ms-meta-foo": "bar",
        "x-ms-meta-meta": "data",
        "x-ms-meta-UPPER": "case",
        "x-ms-return-client-request-id": "true",
        "x-ms-type": "file",
        "x-ms-version": "2025-05-05"
      },
      "RequestBody": null,
      "StatusCode": 201,
      "ResponseHeaders": {
        "Content-Length": "0",
        "Date": "Tue, 10 Dec 2024 19:02:55 GMT",
        "ETag": "\"0x8DD194D416EC326\"",
        "Last-Modified": "Tue, 10 Dec 2024 19:02:55 GMT",
        "Server": [
          "Windows-Azure-File/1.0",
          "Microsoft-HTTPAPI/2.0"
        ],
        "x-ms-client-request-id": "Sanitized",
        "x-ms-file-attributes": "Archive",
        "x-ms-file-change-time": "2024-12-10T19:02:55.7432614Z",
        "x-ms-file-creation-time": "2024-12-10T19:02:55.0000000Z",
        "x-ms-file-id": "13835128424026341376",
        "x-ms-file-last-write-time": "2024-12-10T19:02:55.7432614Z",
        "x-ms-file-parent-id": "0",
        "x-ms-file-permission-key": "12626496306092130501*547956186189310027",
        "x-ms-request-id": "c0b2069d-201a-0010-2036-4b65dc000000",
        "x-ms-request-server-encrypted": "true",
        "x-ms-version": "2025-05-05"
      },
      "ResponseBody": null
    },
    {
      "RequestUri": "https://amandapreprod.file.core.windows.net/test-share-21decf05-97e4-573b-a8be-c13155899f1d/test-file-f108f91c-eaf4-9535-abca-a5ea9c776cb4?sv=Sanitized&se=2024-12-11T19%3A02%3A55Z&sr=f&sp=rcwd&sig=Sanitized&comp=range",
      "RequestMethod": "PUT",
      "RequestHeaders": {
        "Accept": "application/xml",
        "Content-Length": "0",
        "traceparent": "00-2d8991e824c821ccb43b3e1d413c4759-1a942e740d5529a6-00",
        "User-Agent": "azsdk-net-Storage.Files.Shares/12.22.0-alpha.20241210.1 (.NET 6.0.36; Microsoft Windows 10.0.22635)",
        "x-ms-client-request-id": "Sanitized",
        "x-ms-copy-source": "https://amandapreprod.blob.core.windows.net/test-container-4f6e15d0-18de-2223-e3bc-62f8e7214128/test-file-f8268fda-5c2f-6a05-ded4-593eb80a8b79?sv=sanitized-value&se=2024-12-11T19%3A02%3A55Z&sr=b&sp=racwdxyltmei&sig=Sanitized",
        "x-ms-file-last-write-time": "Preserve",
        "x-ms-range": "bytes=0-1023",
        "x-ms-return-client-request-id": "true",
        "x-ms-source-range": "bytes=0-1023",
        "x-ms-version": "2025-05-05",
        "x-ms-write": "update"
      },
      "RequestBody": null,
      "StatusCode": 201,
      "ResponseHeaders": {
        "Content-Length": "0",
        "Date": "Tue, 10 Dec 2024 19:02:55 GMT",
        "ETag": "\"0x8DD194D417CBD38\"",
        "Last-Modified": "Tue, 10 Dec 2024 19:02:55 GMT",
        "Server": [
          "Windows-Azure-File/1.0",
          "Microsoft-HTTPAPI/2.0"
        ],
        "x-ms-client-request-id": "Sanitized",
        "x-ms-content-crc64": "R/IejLhTZsM=",
        "x-ms-file-last-write-time": "2024-12-10T19:02:55.7432614Z",
        "x-ms-request-id": "c0b2069e-201a-0010-2136-4b65dc000000",
        "x-ms-request-server-encrypted": "true",
        "x-ms-version": "2025-05-05"
      },
      "ResponseBody": null
    },
    {
      "RequestUri": "https://amandapreprod.file.core.windows.net/test-share-21decf05-97e4-573b-a8be-c13155899f1d?restype=share",
      "RequestMethod": "DELETE",
      "RequestHeaders": {
        "Accept": "application/xml",
        "Authorization": "Sanitized",
        "traceparent": "00-f04d8d1180455f70336e4e4cd48ea08f-268fcfd6c7ea8bf5-00",
        "User-Agent": "azsdk-net-Storage.Files.Shares/12.22.0-alpha.20241210.1 (.NET 6.0.36; Microsoft Windows 10.0.22635)",
        "x-ms-client-request-id": "Sanitized",
        "x-ms-date": "Tue, 10 Dec 2024 19:02:56 GMT",
        "x-ms-delete-snapshots": "include",
        "x-ms-return-client-request-id": "true",
        "x-ms-version": "2025-05-05"
      },
      "RequestBody": null,
      "StatusCode": 202,
      "ResponseHeaders": {
        "Content-Length": "0",
        "Date": "Tue, 10 Dec 2024 19:02:55 GMT",
        "Server": [
          "Windows-Azure-File/1.0",
          "Microsoft-HTTPAPI/2.0"
        ],
        "x-ms-client-request-id": "Sanitized",
        "x-ms-request-id": "c0b206a0-201a-0010-2236-4b65dc000000",
        "x-ms-version": "2025-05-05"
      },
      "ResponseBody": null
    },
    {
      "RequestUri": "https://amandapreprod.blob.core.windows.net/test-container-4f6e15d0-18de-2223-e3bc-62f8e7214128?restype=container",
      "RequestMethod": "DELETE",
      "RequestHeaders": {
        "Accept": "application/xml",
        "Authorization": "Sanitized",
        "traceparent": "00-672b571cb3744022a1c1e69a3868e5ef-a78992e9d2854a3f-00",
        "User-Agent": "azsdk-net-Storage.Blobs/12.24.0-alpha.20241210.1 (.NET 6.0.36; Microsoft Windows 10.0.22635)",
        "x-ms-client-request-id": "Sanitized",
        "x-ms-date": "Tue, 10 Dec 2024 19:02:56 GMT",
        "x-ms-return-client-request-id": "true",
        "x-ms-version": "2025-05-05"
      },
      "RequestBody": null,
      "StatusCode": 202,
      "ResponseHeaders": {
        "Content-Length": "0",
        "Date": "Tue, 10 Dec 2024 19:02:55 GMT",
        "Server": [
          "Windows-Azure-Blob/1.0",
          "Microsoft-HTTPAPI/2.0"
        ],
        "x-ms-client-request-id": "Sanitized",
        "x-ms-request-id": "614941ef-001e-0007-5836-4bccd7000000",
        "x-ms-version": "2025-05-05"
      },
      "ResponseBody": null
    }
  ],
  "Variables": {
    "DateTimeOffsetNow": "2024-12-10T11:02:55.7283088-08:00",
    "RandomSeed": "739684906",
    "Storage_TestConfigDefault": "ProductionTenant\namandapreprod\nU2FuaXRpemVk\nhttps://amandapreprod.blob.core.windows.net\nhttps://amandapreprod.file.core.windows.net\nhttps://amandapreprod.queue.core.windows.net\nhttps://amandapreprod.table.core.windows.net\n\n\n\n\nhttps://amandapreprod-secondary.blob.core.windows.net\nhttps://amandapreprod-secondary.file.core.windows.net\nhttps://amandapreprod-secondary.queue.core.windows.net\nhttps://amandapreprod-secondary.table.core.windows.net\nCloud\nBlobEndpoint=https://amandapreprod.blob.core.windows.net/;QueueEndpoint=https://amandapreprod.queue.core.windows.net/;FileEndpoint=https://amandapreprod.file.core.windows.net/;BlobSecondaryEndpoint=https://amandapreprod-secondary.blob.core.windows.net/;QueueSecondaryEndpoint=https://amandapreprod-secondary.queue.core.windows.net/;FileSecondaryEndpoint=https://amandapreprod-secondary.file.core.windows.net/;AccountName=amandapreprod;AccountKey=Sanitized\nencryptionScope\n\n"
  }
}
