{
  "Entries": [
    {
      "RequestUri": "https://identity.confidential-ledger.core.azure.com/ledgerIdentity/t39ebcc31a92560c7?api-version=2024-12-09-Preview",
      "RequestMethod": "GET",
      "RequestHeaders": {
        "Accept": "application/json",
        "User-Agent": "azsdk-net-Security.ConfidentialLedger/1.4.1-alpha.20250413.1 (.NET 8.0.15; Microsoft Windows 10.0.26100)",
        "x-ms-client-request-id": "Sanitized",
        "x-ms-return-client-request-id": "true"
      },
      "RequestBody": null,
      "StatusCode": 200,
      "ResponseHeaders": {
        "Connection": "keep-alive",
        "Content-Type": "application/json; charset=utf-8",
        "Date": "Mon, 14 Apr 2025 04:50:23 GMT",
        "Transfer-Encoding": "chunked",
        "x-azure-ref": "Sanitized",
        "X-Cache": "CONFIG_NOCACHE",
        "x-ms-client-request-id": "Sanitized",
        "x-ms-correlation-request-id": "827cfa40-efd4-4daf-8f6d-8d2410d1678b",
        "x-ms-image-tag": "1.0.03017.238-da6a5c8d2587df85756e144a7f19e2825e249579",
        "x-ms-machineName": "identityservice-594d99f97d-22sqx"
      },
      "ResponseBody": {
        "ledgerTlsCertificate": "-----BEGIN CERTIFICATE-----\nMIIBgDCCASagAwIBAgIQbrtthvrXSjMU+xPe/2D4vDAKBggqhkjOPQQDAjAWMRQw\nEgYDVQQDDAtDQ0YgU2VydmljZTAeFw0yNTA0MTIwMzQyMzdaFw0yNTA3MTEwMzQy\nMzZaMBYxFDASBgNVBAMMC0NDRiBTZXJ2aWNlMFkwEwYHKoZIzj0CAQYIKoZIzj0D\nAQcDQgAEiwKNMkZsWaORtXh+iA7hBPvxFoahoyv7hD2C2Z54uFYIU98rEs8VrqJ1\nBKFM6scyImz8F0iAVAfKDlHPoCTBW6NWMFQwEgYDVR0TAQH/BAgwBgEB/wIBATAd\nBgNVHQ4EFgQUAMP8l2A2qDIM2lin1RKPjuc/9CcwHwYDVR0jBBgwFoAUAMP8l2A2\nqDIM2lin1RKPjuc/9CcwCgYIKoZIzj0EAwIDSAAwRQIgZdWMNVfr5kfT800RVraB\nb/0M8z8lygFDKjdGXvJesukCIQCIRLGX54D7GxRRuDWP3vSouyqanuetb0Oa8Qmu\nT5A3+A==\n-----END CERTIFICATE-----\n",
        "ledgerId": "t39ebcc31a92560c7"
      }
    },
    {
      "RequestUri": "https://t39ebcc31a92560c7.confidential-ledger.azure.com/app/transactions?api-version=2024-12-09-preview",
      "RequestMethod": "POST",
      "RequestHeaders": {
        "Accept": "application/json",
        "Authorization": "Sanitized",
        "Content-Length": "23",
        "Content-Type": "application/json",
        "User-Agent": "azsdk-net-Security.ConfidentialLedger/1.4.1-alpha.20250413.1 (.NET 8.0.15; Microsoft Windows 10.0.26100)",
        "x-ms-client-request-id": "Sanitized",
        "x-ms-return-client-request-id": "true"
      },
      "RequestBody": {
        "contents": "test5461"
      },
      "StatusCode": 200,
      "ResponseHeaders": {
        "Content-Length": "30",
        "Content-Type": "application/json",
        "x-ms-ccf-transaction-id": "2.704",
        "x-ms-client-request-id": "Sanitized",
        "x-ms-request-id": "1373716884"
      },
      "ResponseBody": {
        "collectionId": "subledger:0"
      }
    },
    {
      "RequestUri": "https://t39ebcc31a92560c7.confidential-ledger.azure.com/app/transactions/2.704/status?api-version=2024-12-09-preview",
      "RequestMethod": "GET",
      "RequestHeaders": {
        "Accept": "application/json",
        "Authorization": "Sanitized",
        "User-Agent": "azsdk-net-Security.ConfidentialLedger/1.4.1-alpha.20250413.1 (.NET 8.0.15; Microsoft Windows 10.0.26100)",
        "x-ms-client-request-id": "Sanitized",
        "x-ms-return-client-request-id": "true"
      },
      "RequestBody": null,
      "StatusCode": 200,
      "ResponseHeaders": {
        "Content-Length": "43",
        "Content-Type": "application/json",
        "x-ms-ccf-transaction-id": "2.704",
        "x-ms-client-request-id": "Sanitized",
        "x-ms-request-id": "1946965659"
      },
      "ResponseBody": {
        "state": "Pending",
        "transactionId": "2.704"
      }
    },
    {
      "RequestUri": "https://t39ebcc31a92560c7.confidential-ledger.azure.com/app/transactions/2.704/status?api-version=2024-12-09-preview",
      "RequestMethod": "GET",
      "RequestHeaders": {
        "Accept": "application/json",
        "Authorization": "Sanitized",
        "User-Agent": "azsdk-net-Security.ConfidentialLedger/1.4.1-alpha.20250413.1 (.NET 8.0.15; Microsoft Windows 10.0.26100)",
        "x-ms-client-request-id": "Sanitized",
        "x-ms-return-client-request-id": "true"
      },
      "RequestBody": null,
      "StatusCode": 200,
      "ResponseHeaders": {
        "Content-Length": "45",
        "Content-Type": "application/json",
        "x-ms-ccf-transaction-id": "2.705",
        "x-ms-client-request-id": "Sanitized",
        "x-ms-request-id": "806838817"
      },
      "ResponseBody": {
        "state": "Committed",
        "transactionId": "2.704"
      }
    },
    {
      "RequestUri": "https://t39ebcc31a92560c7.confidential-ledger.azure.com/app/transactions?api-version=2024-12-09-preview",
      "RequestMethod": "GET",
      "RequestHeaders": {
        "Accept": "application/json",
        "Authorization": "Sanitized",
        "User-Agent": "azsdk-net-Security.ConfidentialLedger/1.4.1-alpha.20250413.1 (.NET 8.0.15; Microsoft Windows 10.0.26100)",
        "x-ms-client-request-id": "Sanitized",
        "x-ms-return-client-request-id": "true"
      },
      "RequestBody": null,
      "StatusCode": 200,
      "ResponseHeaders": {
        "Content-Length": "15325",
        "Content-Type": "application/json",
        "x-ms-ccf-transaction-id": "2.705",
        "x-ms-client-request-id": "Sanitized",
        "x-ms-request-id": "532820051"
      },
      "ResponseBody": {
        "entries": [
          {
            "collectionId": "subledger:0",
            "contents": "test9659",
            "transactionId": "2.37"
          },
          {
            "collectionId": "subledger:0",
            "contents": "test8079",
            "transactionId": "2.40"
          },
          {
            "collectionId": "subledger:0",
            "contents": "test7760",
            "transactionId": "2.43"
          },
          {
            "collectionId": "subledger:0",
            "contents": "test7163",
            "transactionId": "2.51"
          },
          {
            "collectionId": "subledger:0",
            "contents": "test6876",
            "transactionId": "2.52"
          },
          {
            "collectionId": "subledger:0",
            "contents": "test9500",
            "transactionId": "2.54"
          },
          {
            "collectionId": "subledger:0",
            "contents": "test1854",
            "transactionId": "2.56"
          },
          {
            "collectionId": "subledger:0",
            "contents": "test9159",
            "transactionId": "2.57"
          },
          {
            "collectionId": "subledger:0",
            "contents": "test6015",
            "transactionId": "2.59"
          },
          {
            "collectionId": "subledger:0",
            "contents": "test3798",
            "transactionId": "2.61"
          },
          {
            "collectionId": "subledger:0",
            "contents": "test3245",
            "transactionId": "2.62"
          },
          {
            "collectionId": "subledger:0",
            "contents": "test1740",
            "transactionId": "2.64"
          },
          {
            "collectionId": "subledger:0",
            "contents": "test9376",
            "transactionId": "2.74"
          },
          {
            "collectionId": "subledger:0",
            "contents": "test2188",
            "transactionId": "2.75"
          },
          {
            "collectionId": "subledger:0",
            "contents": "test5757",
            "transactionId": "2.77"
          },
          {
            "collectionId": "subledger:0",
            "contents": "test9934",
            "transactionId": "2.79"
          },
          {
            "collectionId": "subledger:0",
            "contents": "test7199",
            "transactionId": "2.81"
          },
          {
            "collectionId": "subledger:0",
            "contents": "test9360",
            "transactionId": "2.83"
          },
          {
            "collectionId": "subledger:0",
            "contents": "test8955",
            "transactionId": "2.94"
          },
          {
            "collectionId": "subledger:0",
            "contents": "test9731",
            "transactionId": "2.96"
          },
          {
            "collectionId": "subledger:0",
            "contents": "test860",
            "transactionId": "2.98"
          },
          {
            "collectionId": "subledger:0",
            "contents": "test2827",
            "transactionId": "2.118"
          },
          {
            "collectionId": "subledger:0",
            "contents": "test7393",
            "transactionId": "2.121"
          },
          {
            "collectionId": "subledger:0",
            "contents": "test5833",
            "transactionId": "2.123"
          },
          {
            "collectionId": "subledger:0",
            "contents": "test1669",
            "transactionId": "2.133"
          },
          {
            "collectionId": "subledger:0",
            "contents": "test9358",
            "transactionId": "2.134"
          },
          {
            "collectionId": "subledger:0",
            "contents": "test3220",
            "transactionId": "2.135"
          },
          {
            "collectionId": "subledger:0",
            "contents": "test3694",
            "transactionId": "2.137"
          },
          {
            "collectionId": "subledger:0",
            "contents": "test3721",
            "transactionId": "2.138"
          },
          {
            "collectionId": "subledger:0",
            "contents": "test2503",
            "transactionId": "2.140"
          },
          {
            "collectionId": "subledger:0",
            "contents": "test9395",
            "transactionId": "2.142"
          },
          {
            "collectionId": "subledger:0",
            "contents": "test5406",
            "transactionId": "2.143"
          },
          {
            "collectionId": "subledger:0",
            "contents": "test5163",
            "transactionId": "2.145"
          },
          {
            "collectionId": "subledger:0",
            "contents": "test6353",
            "transactionId": "2.155"
          },
          {
            "collectionId": "subledger:0",
            "contents": "test4815",
            "transactionId": "2.156"
          },
          {
            "collectionId": "subledger:0",
            "contents": "test8962",
            "transactionId": "2.158"
          },
          {
            "collectionId": "subledger:0",
            "contents": "test6858",
            "transactionId": "2.160"
          },
          {
            "collectionId": "subledger:0",
            "contents": "test6647",
            "transactionId": "2.161"
          },
          {
            "collectionId": "subledger:0",
            "contents": "test7069",
            "transactionId": "2.163"
          },
          {
            "collectionId": "subledger:0",
            "contents": "test3868",
            "transactionId": "2.173"
          },
          {
            "collectionId": "subledger:0",
            "contents": "test9356",
            "transactionId": "2.174"
          },
          {
            "collectionId": "subledger:0",
            "contents": "test5283",
            "transactionId": "2.176"
          },
          {
            "collectionId": "subledger:0",
            "contents": "test3015",
            "transactionId": "2.355"
          },
          {
            "collectionId": "subledger:0",
            "contents": "test8199",
            "transactionId": "2.358"
          },
          {
            "collectionId": "subledger:0",
            "contents": "test5662",
            "transactionId": "2.359"
          },
          {
            "collectionId": "subledger:0",
            "contents": "test8978",
            "transactionId": "2.366"
          },
          {
            "collectionId": "subledger:0",
            "contents": "test7653",
            "transactionId": "2.367"
          },
          {
            "collectionId": "subledger:0",
            "contents": "test4364",
            "transactionId": "2.369"
          },
          {
            "collectionId": "subledger:0",
            "contents": "test5044",
            "transactionId": "2.371"
          },
          {
            "collectionId": "subledger:0",
            "contents": "test9144",
            "transactionId": "2.373"
          },
          {
            "collectionId": "subledger:0",
            "contents": "test194",
            "transactionId": "2.375"
          },
          {
            "collectionId": "subledger:0",
            "contents": "test3433",
            "transactionId": "2.377"
          },
          {
            "collectionId": "subledger:0",
            "contents": "test4450",
            "transactionId": "2.378"
          },
          {
            "collectionId": "subledger:0",
            "contents": "test603",
            "transactionId": "2.380"
          },
          {
            "collectionId": "subledger:0",
            "contents": "test8443",
            "transactionId": "2.390"
          },
          {
            "collectionId": "subledger:0",
            "contents": "test998",
            "transactionId": "2.391"
          },
          {
            "collectionId": "subledger:0",
            "contents": "test6905",
            "transactionId": "2.393"
          },
          {
            "collectionId": "subledger:0",
            "contents": "test2439",
            "transactionId": "2.395"
          },
          {
            "collectionId": "subledger:0",
            "contents": "test8911",
            "transactionId": "2.397"
          },
          {
            "collectionId": "subledger:0",
            "contents": "test7562",
            "transactionId": "2.399"
          },
          {
            "collectionId": "subledger:0",
            "contents": "test5411",
            "transactionId": "2.410"
          },
          {
            "collectionId": "subledger:0",
            "contents": "test7616",
            "transactionId": "2.411"
          },
          {
            "collectionId": "subledger:0",
            "contents": "test4036",
            "transactionId": "2.413"
          },
          {
            "collectionId": "subledger:0",
            "contents": "test9244",
            "transactionId": "2.434"
          },
          {
            "collectionId": "subledger:0",
            "contents": "test2277",
            "transactionId": "2.437"
          },
          {
            "collectionId": "subledger:0",
            "contents": "test3143",
            "transactionId": "2.439"
          },
          {
            "collectionId": "subledger:0",
            "contents": "test3770",
            "transactionId": "2.449"
          },
          {
            "collectionId": "subledger:0",
            "contents": "test4957",
            "transactionId": "2.451"
          },
          {
            "collectionId": "subledger:0",
            "contents": "test7948",
            "transactionId": "2.453"
          },
          {
            "collectionId": "subledger:0",
            "contents": "test527",
            "transactionId": "2.455"
          },
          {
            "collectionId": "subledger:0",
            "contents": "test6730",
            "transactionId": "2.456"
          },
          {
            "collectionId": "subledger:0",
            "contents": "test8620",
            "transactionId": "2.458"
          },
          {
            "collectionId": "subledger:0",
            "contents": "test9509",
            "transactionId": "2.460"
          },
          {
            "collectionId": "subledger:0",
            "contents": "test4059",
            "transactionId": "2.461"
          },
          {
            "collectionId": "subledger:0",
            "contents": "test9689",
            "transactionId": "2.463"
          },
          {
            "collectionId": "subledger:0",
            "contents": "test1405",
            "transactionId": "2.474"
          },
          {
            "collectionId": "subledger:0",
            "contents": "test4936",
            "transactionId": "2.475"
          },
          {
            "collectionId": "subledger:0",
            "contents": "test2253",
            "transactionId": "2.477"
          },
          {
            "collectionId": "subledger:0",
            "contents": "test7894",
            "transactionId": "2.479"
          },
          {
            "collectionId": "subledger:0",
            "contents": "test7249",
            "transactionId": "2.480"
          },
          {
            "collectionId": "subledger:0",
            "contents": "test6836",
            "transactionId": "2.482"
          },
          {
            "collectionId": "subledger:0",
            "contents": "test9370",
            "transactionId": "2.491"
          },
          {
            "collectionId": "subledger:0",
            "contents": "test4470",
            "transactionId": "2.492"
          },
          {
            "collectionId": "subledger:0",
            "contents": "test8434",
            "transactionId": "2.493"
          },
          {
            "collectionId": "subledger:0",
            "contents": "test5387",
            "transactionId": "2.514"
          },
          {
            "collectionId": "subledger:0",
            "contents": "test2260",
            "transactionId": "2.516"
          },
          {
            "collectionId": "subledger:0",
            "contents": "test7733",
            "transactionId": "2.519"
          },
          {
            "collectionId": "subledger:0",
            "contents": "test8222",
            "transactionId": "2.529"
          },
          {
            "collectionId": "subledger:0",
            "contents": "test9178",
            "transactionId": "2.530"
          },
          {
            "collectionId": "subledger:0",
            "contents": "test6643",
            "transactionId": "2.532"
          },
          {
            "collectionId": "subledger:0",
            "contents": "test9360",
            "transactionId": "2.534"
          },
          {
            "collectionId": "subledger:0",
            "contents": "test1626",
            "transactionId": "2.535"
          },
          {
            "collectionId": "subledger:0",
            "contents": "test4365",
            "transactionId": "2.537"
          },
          {
            "collectionId": "subledger:0",
            "contents": "test234",
            "transactionId": "2.539"
          },
          {
            "collectionId": "subledger:0",
            "contents": "test4790",
            "transactionId": "2.540"
          },
          {
            "collectionId": "subledger:0",
            "contents": "test905",
            "transactionId": "2.542"
          },
          {
            "collectionId": "subledger:0",
            "contents": "test7870",
            "transactionId": "2.552"
          },
          {
            "collectionId": "subledger:0",
            "contents": "test3155",
            "transactionId": "2.553"
          },
          {
            "collectionId": "subledger:0",
            "contents": "test306",
            "transactionId": "2.555"
          },
          {
            "collectionId": "subledger:0",
            "contents": "test4979",
            "transactionId": "2.557"
          },
          {
            "collectionId": "subledger:0",
            "contents": "test2946",
            "transactionId": "2.559"
          },
          {
            "collectionId": "subledger:0",
            "contents": "test5215",
            "transactionId": "2.561"
          },
          {
            "collectionId": "subledger:0",
            "contents": "test9760",
            "transactionId": "2.572"
          },
          {
            "collectionId": "subledger:0",
            "contents": "test229",
            "transactionId": "2.574"
          },
          {
            "collectionId": "subledger:0",
            "contents": "test3406",
            "transactionId": "2.576"
          },
          {
            "collectionId": "subledger:0",
            "contents": "test8963",
            "transactionId": "2.595"
          },
          {
            "collectionId": "subledger:0",
            "contents": "test8197",
            "transactionId": "2.598"
          },
          {
            "collectionId": "subledger:0",
            "contents": "test880",
            "transactionId": "2.601"
          },
          {
            "collectionId": "subledger:0",
            "contents": "test8000",
            "transactionId": "2.609"
          },
          {
            "collectionId": "subledger:0",
            "contents": "test3048",
            "transactionId": "2.610"
          },
          {
            "collectionId": "subledger:0",
            "contents": "test4890",
            "transactionId": "2.612"
          },
          {
            "collectionId": "subledger:0",
            "contents": "test477",
            "transactionId": "2.614"
          },
          {
            "collectionId": "subledger:0",
            "contents": "test1690",
            "transactionId": "2.616"
          },
          {
            "collectionId": "subledger:0",
            "contents": "test983",
            "transactionId": "2.618"
          },
          {
            "collectionId": "subledger:0",
            "contents": "test2326",
            "transactionId": "2.620"
          },
          {
            "collectionId": "subledger:0",
            "contents": "test9809",
            "transactionId": "2.622"
          },
          {
            "collectionId": "subledger:0",
            "contents": "test2537",
            "transactionId": "2.624"
          },
          {
            "collectionId": "subledger:0",
            "contents": "test9705",
            "transactionId": "2.632"
          },
          {
            "collectionId": "subledger:0",
            "contents": "test2057",
            "transactionId": "2.634"
          },
          {
            "collectionId": "subledger:0",
            "contents": "test2033",
            "transactionId": "2.638"
          },
          {
            "collectionId": "subledger:0",
            "contents": "test1270",
            "transactionId": "2.639"
          },
          {
            "collectionId": "subledger:0",
            "contents": "test2005",
            "transactionId": "2.641"
          },
          {
            "collectionId": "subledger:0",
            "contents": "test1067",
            "transactionId": "2.643"
          },
          {
            "collectionId": "subledger:0",
            "contents": "test1421",
            "transactionId": "2.650"
          },
          {
            "collectionId": "subledger:0",
            "contents": "test7655",
            "transactionId": "2.654"
          },
          {
            "collectionId": "subledger:0",
            "contents": "test8419",
            "transactionId": "2.656"
          },
          {
            "collectionId": "subledger:0",
            "contents": "test8138",
            "transactionId": "2.676"
          },
          {
            "collectionId": "subledger:0",
            "contents": "test5686",
            "transactionId": "2.678"
          },
          {
            "collectionId": "subledger:0",
            "contents": "test2190",
            "transactionId": "2.681"
          },
          {
            "collectionId": "subledger:0",
            "contents": "test8718",
            "transactionId": "2.691"
          },
          {
            "collectionId": "subledger:0",
            "contents": "test7296",
            "transactionId": "2.692"
          },
          {
            "collectionId": "subledger:0",
            "contents": "test2721",
            "transactionId": "2.694"
          },
          {
            "collectionId": "subledger:0",
            "contents": "test9830",
            "transactionId": "2.696"
          },
          {
            "collectionId": "subledger:0",
            "contents": "test2720",
            "transactionId": "2.698"
          },
          {
            "collectionId": "subledger:0",
            "contents": "test4248",
            "transactionId": "2.699"
          },
          {
            "collectionId": "subledger:0",
            "contents": "test363",
            "transactionId": "2.701"
          },
          {
            "collectionId": "subledger:0",
            "contents": "test9130",
            "transactionId": "2.703"
          },
          {
            "collectionId": "subledger:0",
            "contents": "test5461",
            "transactionId": "2.704"
          }
        ],
        "state": "Ready"
      }
    },
    {
      "RequestUri": "https://t39ebcc31a92560c7.confidential-ledger.azure.com/app/transactions/2.37?api-version=2024-12-09-preview",
      "RequestMethod": "GET",
      "RequestHeaders": {
        "Accept": "application/json",
        "Authorization": "Sanitized",
        "User-Agent": "azsdk-net-Security.ConfidentialLedger/1.4.1-alpha.20250413.1 (.NET 8.0.15; Microsoft Windows 10.0.26100)",
        "x-ms-client-request-id": "Sanitized",
        "x-ms-return-client-request-id": "true"
      },
      "RequestBody": null,
      "StatusCode": 200,
      "ResponseHeaders": {
        "Content-Length": "131",
        "Content-Type": "application/json",
        "x-ms-ccf-transaction-id": "2.705",
        "x-ms-client-request-id": "Sanitized",
        "x-ms-request-id": "1219638350"
      },
      "ResponseBody": {
        "entry": {
          "collectionId": "subledger:0",
          "contents": "test9659",
          "transactionId": "2.37"
        },
        "state": "Ready"
      }
    }
  ],
  "Variables": {
    "CONFIDENTIALLEDGER_IDENTITY_URL": "https://identity.confidential-ledger.core.azure.com",
    "CONFIDENTIALLEDGER_URL": "https://t39ebcc31a92560c7.confidential-ledger.azure.com",
    "RandomSeed": "1937939808"
  }
}
