{
  "Entries": [
    {
      "RequestUri": "https://management.azure.com/subscriptions/8c64812d-6e59-4e65-96b3-14a7cdb1a4e4?api-version=2022-12-01",
      "RequestMethod": "GET",
      "RequestHeaders": {
        "Accept": "application/json",
        "Authorization": "Sanitized",
        "traceparent": "00-3eb0cdeaae0d1ce41a352266ba1c7570-53533649057bd4de-00",
        "User-Agent": "azsdk-net-ResourceManager/1.13.0 (.NET 8.0.11; Microsoft Windows 10.0.26100)",
        "x-ms-client-request-id": "Sanitized",
        "x-ms-return-client-request-id": "true"
      },
      "RequestBody": null,
      "StatusCode": 200,
      "ResponseHeaders": {
        "Cache-Control": "no-cache",
        "Content-Length": "444",
        "Content-Type": "application/json; charset=utf-8",
        "Date": "Tue, 26 Nov 2024 23:28:18 GMT",
        "Expires": "-1",
        "Pragma": "no-cache",
        "Strict-Transport-Security": "max-age=31536000; includeSubDomains",
        "X-Cache": "CONFIG_NOCACHE",
        "X-Content-Type-Options": "nosniff",
        "x-ms-correlation-request-id": "b1183010-03e9-4bbe-add3-c4c3b40c9be7",
        "x-ms-ratelimit-remaining-subscription-global-reads": "3749",
        "x-ms-ratelimit-remaining-subscription-reads": "249",
        "x-ms-request-id": "b1183010-03e9-4bbe-add3-c4c3b40c9be7",
        "x-ms-routing-request-id": "WESTUS2:20241126T232819Z:b1183010-03e9-4bbe-add3-c4c3b40c9be7",
        "X-MSEdge-Ref": "Ref A: 6EA985404CF341429A16030D55EA2D5D Ref B: CO6AA3150220053 Ref C: 2024-11-26T23:28:19Z"
      },
      "ResponseBody": {
        "id": "/subscriptions/8c64812d-6e59-4e65-96b3-14a7cdb1a4e4",
        "authorizationSource": "RoleBased",
        "managedByTenants": [
          {
            "tenantId": "00000000-0000-0000-0000-000000000000"
          }
        ],
        "subscriptionId": "8c64812d-6e59-4e65-96b3-14a7cdb1a4e4",
        "tenantId": "00000000-0000-0000-0000-000000000000",
        "displayName": "ADR-PrivateRP",
        "state": "Enabled",
        "subscriptionPolicies": {
          "locationPlacementId": "Internal_2014-09-01",
          "quotaId": "Internal_2014-09-01",
          "spendingLimit": "Off"
        }
      }
    },
    {
      "RequestUri": "https://management.azure.com/subscriptions/8c64812d-6e59-4e65-96b3-14a7cdb1a4e4/resourcegroups/adr-test-sdk-rg-discoveredassetendpointprofiles6283?api-version=2022-09-01",
      "RequestMethod": "PUT",
      "RequestHeaders": {
        "Accept": "application/json",
        "Authorization": "Sanitized",
        "Content-Length": "21",
        "Content-Type": "application/json",
        "traceparent": "00-0a32d16bab65869264e21664e4927259-cce1dd4b57f1014d-00",
        "User-Agent": "azsdk-net-ResourceManager/1.13.0 (.NET 8.0.11; Microsoft Windows 10.0.26100)",
        "x-ms-client-request-id": "Sanitized",
        "x-ms-return-client-request-id": "true"
      },
      "RequestBody": {
        "location": "westus"
      },
      "StatusCode": 201,
      "ResponseHeaders": {
        "Cache-Control": "no-cache",
        "Content-Length": "299",
        "Content-Type": "application/json; charset=utf-8",
        "Date": "Tue, 26 Nov 2024 23:28:19 GMT",
        "Expires": "-1",
        "Pragma": "no-cache",
        "Strict-Transport-Security": "max-age=31536000; includeSubDomains",
        "X-Cache": "CONFIG_NOCACHE",
        "X-Content-Type-Options": "nosniff",
        "x-ms-correlation-request-id": "28b5b66d-6ffc-4732-806d-741fc8702c35",
        "x-ms-ratelimit-remaining-subscription-global-writes": "2999",
        "x-ms-ratelimit-remaining-subscription-writes": "199",
        "x-ms-request-id": "28b5b66d-6ffc-4732-806d-741fc8702c35",
        "x-ms-routing-request-id": "WESTUS2:20241126T232819Z:28b5b66d-6ffc-4732-806d-741fc8702c35",
        "X-MSEdge-Ref": "Ref A: D3D22831621447519922656674189B3D Ref B: CO6AA3150220053 Ref C: 2024-11-26T23:28:19Z"
      },
      "ResponseBody": {
        "id": "/subscriptions/8c64812d-6e59-4e65-96b3-14a7cdb1a4e4/resourceGroups/adr-test-sdk-rg-discoveredassetendpointprofiles6283",
        "name": "adr-test-sdk-rg-discoveredassetendpointprofiles6283",
        "type": "Microsoft.Resources/resourceGroups",
        "location": "westus",
        "properties": {
          "provisioningState": "Succeeded"
        }
      }
    },
    {
      "RequestUri": "https://management.azure.com/subscriptions/8c64812d-6e59-4e65-96b3-14a7cdb1a4e4/resourceGroups/adr-test-sdk-rg-discoveredassetendpointprofiles6283/providers/Microsoft.DeviceRegistry/discoveredAssetEndpointProfiles/deviceregistry-test-discoveredassetendpointprofile-sdk5941?api-version=2024-09-01-preview",
      "RequestMethod": "PUT",
      "RequestHeaders": {
        "Accept": "application/json",
        "Authorization": "Sanitized",
        "Content-Length": "439",
        "Content-Type": "application/json",
        "traceparent": "00-665bab3949272a7126efc48405d29184-358cc19b74c808f7-00",
        "User-Agent": "azsdk-net-ResourceManager.DeviceRegistry/1.0.0-alpha.20241126.1 (.NET 8.0.11; Microsoft Windows 10.0.26100)",
        "x-ms-client-request-id": "Sanitized",
        "x-ms-return-client-request-id": "true"
      },
      "RequestBody": {
        "location": "westus",
        "properties": {
          "targetAddress": "opc.tcp://aep-uri/",
          "supportedAuthenticationMethods": [
            "Anonymous",
            "UsernamePassword"
          ],
          "endpointProfileType": "Microsoft.OpcUa",
          "discoveryId": "sampleDiscoveryId",
          "version": 1
        },
        "extendedLocation": {
          "type": "CustomLocation",
          "name": "/subscriptions/8c64812d-6e59-4e65-96b3-14a7cdb1a4e4/resourceGroups/adr-sdk-test-rg/providers/Microsoft.ExtendedLocation/customLocations/adr-sdk-test-cluster-cl"
        }
      },
      "StatusCode": 200,
      "ResponseHeaders": {
        "Cache-Control": "no-cache",
        "Content-Length": "1079",
        "Content-Type": "application/json; charset=utf-8",
        "Date": "Tue, 26 Nov 2024 23:28:20 GMT",
        "ETag": "\"ce0ac1db-0000-0700-0000-674659940000\"",
        "Expires": "-1",
        "mise-correlation-id": "85cf3ee2-50d6-4a4f-89e2-c0996bab4b6b",
        "Pragma": "no-cache",
        "Strict-Transport-Security": "max-age=31536000; includeSubDomains",
        "X-Cache": "CONFIG_NOCACHE",
        "X-Content-Type-Options": "nosniff",
        "x-envoy-upstream-service-time": "2",
        "x-ms-client-request-id": "Sanitized",
        "x-ms-correlation-request-id": "0433558c-2eea-44e8-95bc-d9b18e1f690c",
        "x-ms-providerhub-traffic": "True",
        "x-ms-ratelimit-remaining-subscription-resource-requests": "999",
        "x-ms-request-id": "c2c3c832-8939-445e-bf9c-4adc7bb57cfb",
        "x-ms-routing-request-id": "WESTUS2:20241126T232820Z:0433558c-2eea-44e8-95bc-d9b18e1f690c",
        "X-MSEdge-Ref": "Ref A: 92E54F51411D47F58487009D496E691B Ref B: CO6AA3150220053 Ref C: 2024-11-26T23:28:19Z"
      },
      "ResponseBody": {
        "id": "/subscriptions/8c64812d-6e59-4e65-96b3-14a7cdb1a4e4/resourceGroups/adr-test-sdk-rg-discoveredassetendpointprofiles6283/providers/Microsoft.DeviceRegistry/discoveredAssetEndpointProfiles/deviceregistry-test-discoveredassetendpointprofile-sdk5941",
        "name": "deviceregistry-test-discoveredassetendpointprofile-sdk5941",
        "type": "microsoft.deviceregistry/discoveredassetendpointprofiles",
        "location": "westus",
        "extendedLocation": {
          "name": "/subscriptions/8c64812d-6e59-4e65-96b3-14a7cdb1a4e4/resourceGroups/adr-sdk-test-rg/providers/Microsoft.ExtendedLocation/customLocations/adr-sdk-test-cluster-cl",
          "type": "CustomLocation"
        },
        "systemData": {
          "createdBy": "Sanitized",
          "createdByType": "Application",
          "createdAt": "2024-11-26T23:28:20.251033Z",
          "lastModifiedBy": "Sanitized",
          "lastModifiedByType": "Application",
          "lastModifiedAt": "2024-11-26T23:28:20.251033Z"
        },
        "properties": {
          "targetAddress": "opc.tcp://aep-uri/",
          "endpointProfileType": "Microsoft.OpcUa",
          "supportedAuthenticationMethods": [
            "Anonymous",
            "UsernamePassword"
          ],
          "discoveryId": "sampleDiscoveryId",
          "version": 1,
          "provisioningState": "Succeeded"
        }
      }
    },
    {
      "RequestUri": "https://management.azure.com/subscriptions/8c64812d-6e59-4e65-96b3-14a7cdb1a4e4/resourceGroups/adr-test-sdk-rg-discoveredassetendpointprofiles6283/providers/Microsoft.DeviceRegistry/discoveredAssetEndpointProfiles/deviceregistry-test-discoveredassetendpointprofile-sdk5941?api-version=2024-09-01-preview",
      "RequestMethod": "GET",
      "RequestHeaders": {
        "Accept": "application/json",
        "Authorization": "Sanitized",
        "traceparent": "00-0134469bd1a2c2e3e14a171dcbfcdc13-7958cb2091041049-00",
        "User-Agent": "azsdk-net-ResourceManager.DeviceRegistry/1.0.0-alpha.20241126.1 (.NET 8.0.11; Microsoft Windows 10.0.26100)",
        "x-ms-client-request-id": "Sanitized",
        "x-ms-return-client-request-id": "true"
      },
      "RequestBody": null,
      "StatusCode": 200,
      "ResponseHeaders": {
        "Cache-Control": "no-cache",
        "Content-Length": "1079",
        "Content-Type": "application/json; charset=utf-8",
        "Date": "Tue, 26 Nov 2024 23:28:20 GMT",
        "ETag": "\"ce0ac1db-0000-0700-0000-674659940000\"",
        "Expires": "-1",
        "Pragma": "no-cache",
        "Strict-Transport-Security": "max-age=31536000; includeSubDomains",
        "X-Cache": "CONFIG_NOCACHE",
        "X-Content-Type-Options": "nosniff",
        "x-ms-client-request-id": "Sanitized",
        "x-ms-correlation-request-id": "cecc273a-d98b-44ec-aa49-5064ad3dd328",
        "x-ms-providerhub-traffic": "True",
        "x-ms-ratelimit-remaining-subscription-resource-requests": "9999",
        "x-ms-request-id": "6f11a59e-c81d-492d-83d9-e4e7203e7019",
        "x-ms-routing-request-id": "WESTUS2:20241126T232820Z:cecc273a-d98b-44ec-aa49-5064ad3dd328",
        "X-MSEdge-Ref": "Ref A: B043C6C4D4084748922AA20B2D267010 Ref B: CO6AA3150220053 Ref C: 2024-11-26T23:28:20Z"
      },
      "ResponseBody": {
        "id": "/subscriptions/8c64812d-6e59-4e65-96b3-14a7cdb1a4e4/resourceGroups/adr-test-sdk-rg-discoveredassetendpointprofiles6283/providers/Microsoft.DeviceRegistry/discoveredAssetEndpointProfiles/deviceregistry-test-discoveredassetendpointprofile-sdk5941",
        "name": "deviceregistry-test-discoveredassetendpointprofile-sdk5941",
        "type": "microsoft.deviceregistry/discoveredassetendpointprofiles",
        "location": "westus",
        "extendedLocation": {
          "name": "/subscriptions/8c64812d-6e59-4e65-96b3-14a7cdb1a4e4/resourceGroups/adr-sdk-test-rg/providers/Microsoft.ExtendedLocation/customLocations/adr-sdk-test-cluster-cl",
          "type": "CustomLocation"
        },
        "systemData": {
          "createdBy": "Sanitized",
          "createdByType": "Application",
          "createdAt": "2024-11-26T23:28:20.251033Z",
          "lastModifiedBy": "Sanitized",
          "lastModifiedByType": "Application",
          "lastModifiedAt": "2024-11-26T23:28:20.251033Z"
        },
        "properties": {
          "targetAddress": "opc.tcp://aep-uri/",
          "endpointProfileType": "Microsoft.OpcUa",
          "supportedAuthenticationMethods": [
            "Anonymous",
            "UsernamePassword"
          ],
          "discoveryId": "sampleDiscoveryId",
          "version": 1,
          "provisioningState": "Succeeded"
        }
      }
    },
    {
      "RequestUri": "https://management.azure.com/subscriptions/8c64812d-6e59-4e65-96b3-14a7cdb1a4e4/resourceGroups/adr-test-sdk-rg-discoveredassetendpointprofiles6283/providers/Microsoft.DeviceRegistry/discoveredAssetEndpointProfiles?api-version=2024-09-01-preview",
      "RequestMethod": "GET",
      "RequestHeaders": {
        "Accept": "application/json",
        "Authorization": "Sanitized",
        "traceparent": "00-aa25ef546405a6fbd93938fea61c8fbd-83b35089b09bf3ce-00",
        "User-Agent": "azsdk-net-ResourceManager.DeviceRegistry/1.0.0-alpha.20241126.1 (.NET 8.0.11; Microsoft Windows 10.0.26100)",
        "x-ms-client-request-id": "Sanitized",
        "x-ms-return-client-request-id": "true"
      },
      "RequestBody": null,
      "StatusCode": 200,
      "ResponseHeaders": {
        "Cache-Control": "no-cache",
        "Content-Length": "1091",
        "Content-Type": "application/json; charset=utf-8",
        "Date": "Tue, 26 Nov 2024 23:28:20 GMT",
        "Expires": "-1",
        "Pragma": "no-cache",
        "Strict-Transport-Security": "max-age=31536000; includeSubDomains",
        "X-Cache": "CONFIG_NOCACHE",
        "X-Content-Type-Options": "nosniff",
        "x-ms-client-request-id": "Sanitized",
        "x-ms-correlation-request-id": "fd0004de-eafa-4f64-9e66-c5ded5fe45a3",
        "x-ms-providerhub-traffic": "True",
        "x-ms-ratelimit-remaining-subscription-resource-requests": "9999",
        "x-ms-request-id": "01454e37-2226-418f-a6fe-e1781e59ec22",
        "x-ms-routing-request-id": "WESTUS2:20241126T232820Z:fd0004de-eafa-4f64-9e66-c5ded5fe45a3",
        "X-MSEdge-Ref": "Ref A: 7BCCB4774ECE43A8957238A5404FD7E6 Ref B: CO6AA3150220053 Ref C: 2024-11-26T23:28:20Z"
      },
      "ResponseBody": {
        "value": [
          {
            "id": "/subscriptions/8c64812d-6e59-4e65-96b3-14a7cdb1a4e4/resourceGroups/adr-test-sdk-rg-discoveredassetendpointprofiles6283/providers/Microsoft.DeviceRegistry/discoveredAssetEndpointProfiles/deviceregistry-test-discoveredassetendpointprofile-sdk5941",
            "name": "deviceregistry-test-discoveredassetendpointprofile-sdk5941",
            "type": "microsoft.deviceregistry/discoveredassetendpointprofiles",
            "location": "westus",
            "extendedLocation": {
              "name": "/subscriptions/8c64812d-6e59-4e65-96b3-14a7cdb1a4e4/resourceGroups/adr-sdk-test-rg/providers/Microsoft.ExtendedLocation/customLocations/adr-sdk-test-cluster-cl",
              "type": "CustomLocation"
            },
            "systemData": {
              "createdBy": "Sanitized",
              "createdByType": "Application",
              "createdAt": "2024-11-26T23:28:20.251033Z",
              "lastModifiedBy": "Sanitized",
              "lastModifiedByType": "Application",
              "lastModifiedAt": "2024-11-26T23:28:20.251033Z"
            },
            "properties": {
              "targetAddress": "opc.tcp://aep-uri/",
              "endpointProfileType": "Microsoft.OpcUa",
              "supportedAuthenticationMethods": [
                "Anonymous",
                "UsernamePassword"
              ],
              "discoveryId": "sampleDiscoveryId",
              "version": 1,
              "provisioningState": "Succeeded"
            }
          }
        ]
      }
    },
    {
      "RequestUri": "https://management.azure.com/subscriptions/8c64812d-6e59-4e65-96b3-14a7cdb1a4e4/providers/Microsoft.DeviceRegistry/discoveredAssetEndpointProfiles?api-version=2024-09-01-preview",
      "RequestMethod": "GET",
      "RequestHeaders": {
        "Accept": "application/json",
        "Authorization": "Sanitized",
        "traceparent": "00-de8a7d51ad046fffe2579a1866866b47-849dd474396cdadf-00",
        "User-Agent": "azsdk-net-ResourceManager.DeviceRegistry/1.0.0-alpha.20241126.1 (.NET 8.0.11; Microsoft Windows 10.0.26100)",
        "x-ms-client-request-id": "Sanitized",
        "x-ms-return-client-request-id": "true"
      },
      "RequestBody": null,
      "StatusCode": 200,
      "ResponseHeaders": {
        "Cache-Control": "no-cache",
        "Content-Length": "4651",
        "Content-Type": "application/json; charset=utf-8",
        "Date": "Tue, 26 Nov 2024 23:28:21 GMT",
        "Expires": "-1",
        "Pragma": "no-cache",
        "Strict-Transport-Security": "max-age=31536000; includeSubDomains",
        "X-Cache": "CONFIG_NOCACHE",
        "X-Content-Type-Options": "nosniff",
        "x-ms-correlation-request-id": "f2d33060-a58d-4e4a-a4f5-b198b02c46d3",
        "x-ms-original-request-ids": [
          "7ae3323b-03a2-4fd1-b577-7a3675cc4f64",
          "59cff3c1-335f-4520-a77e-5bfffb130c84",
          "b167cbea-2c1b-482b-9804-4fb9d0ca7492",
          "02ceb7a6-7bf0-41ea-b4fa-21dc02a3f631"
        ],
        "x-ms-ratelimit-remaining-subscription-resource-requests": "9999",
        "x-ms-request-id": "f2d33060-a58d-4e4a-a4f5-b198b02c46d3",
        "x-ms-routing-request-id": "WESTUS2:20241126T232821Z:f2d33060-a58d-4e4a-a4f5-b198b02c46d3",
        "X-MSEdge-Ref": "Ref A: 550D847E1C3E46AEAD222A5750F6E848 Ref B: CO6AA3150220053 Ref C: 2024-11-26T23:28:20Z"
      },
      "ResponseBody": {
        "value": [
          {
            "id": "/subscriptions/8c64812d-6e59-4e65-96b3-14a7cdb1a4e4/resourceGroups/rylo-adr-kind-rg/providers/microsoft.deviceregistry/discoveredAssetEndpointProfiles/rylotestdaepeastus2",
            "name": "rylotestdaepeastus2",
            "type": "microsoft.deviceregistry/discoveredassetendpointprofiles",
            "location": "eastus2",
            "extendedLocation": {
              "name": "/subscriptions/8c64812d-6e59-4e65-96b3-14a7cdb1a4e4/resourcegroups/rylo-adr-kind-rg/providers/microsoft.extendedlocation/customlocations/rylo-cnry-adr-cl1",
              "type": "CustomLocation"
            },
            "systemData": {
              "lastModifiedBy": "Sanitized",
              "lastModifiedByType": "User",
              "lastModifiedAt": "2024-09-17T20:07:31.3069372Z"
            },
            "properties": {
              "targetAddress": "https://www.example.com/myTargetAddress",
              "endpointProfileType": "myEndpointProfileType",
              "discoveryId": "myDiscoveryId",
              "version": 123,
              "provisioningState": "Succeeded"
            }
          },
          {
            "id": "/subscriptions/8c64812d-6e59-4e65-96b3-14a7cdb1a4e4/resourceGroups/rylo-adr-kind-rg/providers/microsoft.deviceregistry/discoveredAssetEndpointProfiles/rylotestdaepeastus21",
            "name": "rylotestdaepeastus21",
            "type": "microsoft.deviceregistry/discoveredassetendpointprofiles",
            "location": "westus3",
            "extendedLocation": {
              "name": "/subscriptions/8c64812d-6e59-4e65-96b3-14a7cdb1a4e4/resourcegroups/rylo-adr-kind-rg/providers/microsoft.extendedlocation/customlocations/rylo-cnry-adr-cl1",
              "type": "CustomLocation"
            },
            "systemData": {
              "createdBy": "Sanitized",
              "createdByType": "User",
              "createdAt": "2024-09-17T20:10:20.9492004Z",
              "lastModifiedBy": "Sanitized",
              "lastModifiedByType": "User",
              "lastModifiedAt": "2024-09-17T20:10:20.9492004Z"
            },
            "properties": {
              "targetAddress": "https://www.example.com/myTargetAddress",
              "endpointProfileType": "myEndpointProfileType",
              "discoveryId": "myDiscoveryId",
              "version": 123,
              "provisioningState": "Succeeded"
            }
          },
          {
            "id": "/subscriptions/8c64812d-6e59-4e65-96b3-14a7cdb1a4e4/resourceGroups/rylo-adr-kind-rg/providers/microsoft.deviceregistry/discoveredAssetEndpointProfiles/rylotestdaepwestus3redo",
            "name": "rylotestdaepwestus3redo",
            "type": "microsoft.deviceregistry/discoveredassetendpointprofiles",
            "location": "westus3",
            "extendedLocation": {
              "name": "/subscriptions/8c64812d-6e59-4e65-96b3-14a7cdb1a4e4/resourcegroups/rylo-adr-kind-rg/providers/microsoft.extendedlocation/customlocations/rylo-cnry-adr-cl1",
              "type": "CustomLocation"
            },
            "systemData": {
              "createdBy": "Sanitized",
              "createdByType": "User",
              "createdAt": "2024-09-17T20:11:14.8199198Z",
              "lastModifiedBy": "Sanitized",
              "lastModifiedByType": "User",
              "lastModifiedAt": "2024-09-17T20:11:14.8199198Z"
            },
            "properties": {
              "targetAddress": "https://www.example.com/myTargetAddress",
              "endpointProfileType": "myEndpointProfileType",
              "discoveryId": "myDiscoveryId",
              "version": 123,
              "provisioningState": "Succeeded"
            }
          },
          {
            "id": "/subscriptions/8c64812d-6e59-4e65-96b3-14a7cdb1a4e4/resourceGroups/adr-test-sdk-rg-discoveredassetendpointprofiles6283/providers/Microsoft.DeviceRegistry/discoveredAssetEndpointProfiles/deviceregistry-test-discoveredassetendpointprofile-sdk5941",
            "name": "deviceregistry-test-discoveredassetendpointprofile-sdk5941",
            "type": "microsoft.deviceregistry/discoveredassetendpointprofiles",
            "location": "westus",
            "extendedLocation": {
              "name": "/subscriptions/8c64812d-6e59-4e65-96b3-14a7cdb1a4e4/resourceGroups/adr-sdk-test-rg/providers/Microsoft.ExtendedLocation/customLocations/adr-sdk-test-cluster-cl",
              "type": "CustomLocation"
            },
            "systemData": {
              "createdBy": "Sanitized",
              "createdByType": "Application",
              "createdAt": "2024-11-26T23:28:20.251033Z",
              "lastModifiedBy": "Sanitized",
              "lastModifiedByType": "Application",
              "lastModifiedAt": "2024-11-26T23:28:20.251033Z"
            },
            "properties": {
              "targetAddress": "opc.tcp://aep-uri/",
              "endpointProfileType": "Microsoft.OpcUa",
              "supportedAuthenticationMethods": [
                "Anonymous",
                "UsernamePassword"
              ],
              "discoveryId": "sampleDiscoveryId",
              "version": 1,
              "provisioningState": "Succeeded"
            }
          },
          {
            "id": "/subscriptions/8c64812d-6e59-4e65-96b3-14a7cdb1a4e4/resourceGroups/rylo-adr-kind-rg/providers/microsoft.deviceregistry/discoveredAssetEndpointProfiles/rylotestdaep030dot2",
            "name": "rylotestdaep030dot2",
            "type": "microsoft.deviceregistry/discoveredassetendpointprofiles",
            "location": "eastus2euap",
            "extendedLocation": {
              "name": "/subscriptions/8c64812d-6e59-4e65-96b3-14a7cdb1a4e4/resourcegroups/rylo-adr-kind-rg/providers/microsoft.extendedlocation/customlocations/rylo-adr-cl-030",
              "type": "CustomLocation"
            },
            "systemData": {
              "createdBy": "Sanitized",
              "createdByType": "User",
              "createdAt": "2024-10-23T18:03:37.1640536Z",
              "lastModifiedBy": "Sanitized",
              "lastModifiedByType": "User",
              "lastModifiedAt": "2024-10-23T18:03:37.1640536Z"
            },
            "properties": {
              "targetAddress": "https://www.example.com/myTargetAddress",
              "endpointProfileType": "myEndpointProfileType",
              "discoveryId": "myDiscoveryId",
              "version": 1,
              "provisioningState": "Succeeded"
            }
          }
        ]
      }
    },
    {
      "RequestUri": "https://management.azure.com/subscriptions/8c64812d-6e59-4e65-96b3-14a7cdb1a4e4/resourceGroups/adr-test-sdk-rg-discoveredassetendpointprofiles6283/providers/Microsoft.DeviceRegistry/discoveredAssetEndpointProfiles/deviceregistry-test-discoveredassetendpointprofile-sdk5941?api-version=2024-09-01-preview",
      "RequestMethod": "PATCH",
      "RequestHeaders": {
        "Accept": "application/json",
        "Authorization": "Sanitized",
        "Content-Length": "81",
        "Content-Type": "application/json",
        "traceparent": "00-2670ad80ed8d8938dff1e13bb8f6cee3-36936fe1f1ab6656-00",
        "User-Agent": "azsdk-net-ResourceManager.DeviceRegistry/1.0.0-alpha.20241126.1 (.NET 8.0.11; Microsoft Windows 10.0.26100)",
        "x-ms-client-request-id": "Sanitized",
        "x-ms-return-client-request-id": "true"
      },
      "RequestBody": {
        "properties": {
          "additionalConfiguration": "{\"refreshIntervalMs\":1000}"
        }
      },
      "StatusCode": 200,
      "ResponseHeaders": {
        "Cache-Control": "no-cache",
        "Content-Length": "1137",
        "Content-Type": "application/json; charset=utf-8",
        "Date": "Tue, 26 Nov 2024 23:28:21 GMT",
        "ETag": "\"ce0a30dc-0000-0700-0000-674659950000\"",
        "Expires": "-1",
        "mise-correlation-id": "608cec0d-edf5-46a0-934a-0910cbd45a9e",
        "Pragma": "no-cache",
        "Strict-Transport-Security": "max-age=31536000; includeSubDomains",
        "X-Cache": "CONFIG_NOCACHE",
        "X-Content-Type-Options": "nosniff",
        "x-envoy-upstream-service-time": "2",
        "x-ms-client-request-id": "Sanitized",
        "x-ms-correlation-request-id": "85dbd697-5c80-41c8-ade8-aa98e50dccbb",
        "x-ms-providerhub-traffic": "True",
        "x-ms-ratelimit-remaining-subscription-resource-requests": "999",
        "x-ms-request-id": "6e6b1f44-74cd-4fe6-bc00-9fb0a8acce29",
        "x-ms-routing-request-id": "WESTUS2:20241126T232821Z:85dbd697-5c80-41c8-ade8-aa98e50dccbb",
        "X-MSEdge-Ref": "Ref A: CCB617E1DDF34AE39F82C6F5141CE0AA Ref B: CO6AA3150220053 Ref C: 2024-11-26T23:28:21Z"
      },
      "ResponseBody": {
        "id": "/subscriptions/8c64812d-6e59-4e65-96b3-14a7cdb1a4e4/resourceGroups/adr-test-sdk-rg-discoveredassetendpointprofiles6283/providers/Microsoft.DeviceRegistry/discoveredAssetEndpointProfiles/deviceregistry-test-discoveredassetendpointprofile-sdk5941",
        "name": "deviceregistry-test-discoveredassetendpointprofile-sdk5941",
        "type": "microsoft.deviceregistry/discoveredassetendpointprofiles",
        "location": "westus",
        "extendedLocation": {
          "name": "/subscriptions/8c64812d-6e59-4e65-96b3-14a7cdb1a4e4/resourceGroups/adr-sdk-test-rg/providers/Microsoft.ExtendedLocation/customLocations/adr-sdk-test-cluster-cl",
          "type": "CustomLocation"
        },
        "systemData": {
          "createdBy": "Sanitized",
          "createdByType": "Application",
          "createdAt": "2024-11-26T23:28:20.251033Z",
          "lastModifiedBy": "Sanitized",
          "lastModifiedByType": "Application",
          "lastModifiedAt": "2024-11-26T23:28:21.5736225Z"
        },
        "properties": {
          "targetAddress": "opc.tcp://aep-uri/",
          "endpointProfileType": "Microsoft.OpcUa",
          "supportedAuthenticationMethods": [
            "Anonymous",
            "UsernamePassword"
          ],
          "additionalConfiguration": "{\"refreshIntervalMs\":1000}",
          "discoveryId": "sampleDiscoveryId",
          "version": 1,
          "provisioningState": "Succeeded"
        }
      }
    },
    {
      "RequestUri": "https://management.azure.com/subscriptions/8c64812d-6e59-4e65-96b3-14a7cdb1a4e4/resourceGroups/adr-test-sdk-rg-discoveredassetendpointprofiles6283/providers/Microsoft.DeviceRegistry/discoveredAssetEndpointProfiles/deviceregistry-test-discoveredassetendpointprofile-sdk5941?api-version=2024-09-01-preview",
      "RequestMethod": "DELETE",
      "RequestHeaders": {
        "Accept": "application/json",
        "Authorization": "Sanitized",
        "traceparent": "00-b06bdb2a06bc4829a499bc668ced5d63-a3ca380e901b8c02-00",
        "User-Agent": "azsdk-net-ResourceManager.DeviceRegistry/1.0.0-alpha.20241126.1 (.NET 8.0.11; Microsoft Windows 10.0.26100)",
        "x-ms-client-request-id": "Sanitized",
        "x-ms-return-client-request-id": "true"
      },
      "RequestBody": null,
      "StatusCode": 200,
      "ResponseHeaders": {
        "Cache-Control": "no-cache",
        "Content-Length": "0",
        "Date": "Tue, 26 Nov 2024 23:28:22 GMT",
        "Expires": "-1",
        "mise-correlation-id": "6ec2e627-ad9f-4ae2-a200-4056d5b66556",
        "Pragma": "no-cache",
        "Strict-Transport-Security": "max-age=31536000; includeSubDomains",
        "x-azure-ref": "Sanitized",
        "X-Cache": "CONFIG_NOCACHE",
        "X-Content-Type-Options": "nosniff",
        "x-ms-client-request-id": "Sanitized",
        "x-ms-correlation-request-id": "dd0ed020-9448-4781-b159-87f94521e55e",
        "x-ms-providerhub-traffic": "True",
        "x-ms-ratelimit-remaining-subscription-resource-requests": "9999",
        "x-ms-request-id": "00000000-0000-0000-0000-000000000000",
        "x-ms-routing-request-id": "WESTUS2:20241126T232822Z:dd0ed020-9448-4781-b159-87f94521e55e",
        "X-MSEdge-Ref": "Ref A: 675C78D3C59B4114BDF5DFD3B46CA807 Ref B: CO6AA3150220053 Ref C: 2024-11-26T23:28:21Z"
      },
      "ResponseBody": null
    }
  ],
  "Variables": {
    "AZURE_AUTHORITY_HOST": "https://login.microsoftonline.com",
    "CLIENT_ID": "b49b5f92-924d-4811-9c92-c3883fa25e97",
    "RandomSeed": "69584933",
    "RESOURCE_MANAGER_URL": "https://management.azure.com",
    "SUBSCRIPTION_ID": "8c64812d-6e59-4e65-96b3-14a7cdb1a4e4",
    "TENANT_ID": "8bc1aaa9-4b2f-4162-976b-7d86459f0e7f"
  }
}
