{
  "Entries": [
    {
      "RequestUri": "https://myappconfig.azconfig.io/kv/key1-1687944914775?api-version=2022-11-01-preview\u0026label=label1",
      "RequestMethod": "PUT",
      "RequestHeaders": {
        "Accept": "application/vnd.microsoft.appconfig.kv\u002Bjson, application/problem\u002Bjson",
        "Accept-Encoding": "gzip,deflate",
        "Authorization": "Sanitized",
        "Connection": "keep-alive",
        "Content-Length": "62",
        "Content-Type": "application/vnd.microsoft.appconfig.kv\u002Bjson",
        "If-None-Match": "*",
        "User-Agent": "azsdk-js-app-configuration/1.4.1 core-rest-pipeline/1.11.0 Node/v19.7.0 OS/(x64-Linux-5.15.0-1039-azure)",
        "x-ms-client-request-id": "406f7fac-26cc-46ff-ac67-9e8d069931f3",
        "x-ms-content-sha256": "RrS9pTp/PjgQ\u002BmAadgI5I57jqn5sKFv0JGPdJqoFARA=",
        "x-ms-date": "Wed, 28 Jun 2023 09:35:14 GMT"
      },
      "RequestBody": {
        "key": "key1-1687944914775",
        "label": "label1",
        "value": "value1"
      },
      "StatusCode": 200,
      "ResponseHeaders": {
        "Access-Control-Allow-Credentials": "true",
        "Access-Control-Allow-Origin": "*",
        "Access-Control-Expose-Headers": "DNT, X-CustomHeader, Keep-Alive, User-Agent, X-Requested-With, If-Modified-Since, Cache-Control, Content-Type, Authorization, x-ms-client-request-id, x-ms-useragent, x-ms-content-sha256, x-ms-date, host, Accept, Accept-Datetime, Date, If-Match, If-None-Match, Sync-Token, x-ms-return-client-request-id, ETag, Last-Modified, Link, Memento-Datetime, retry-after-ms, x-ms-request-id, x-ms-client-session-id, x-ms-effective-locale, WWW-Authenticate, traceparent, tracestate, Operation-Location, Retry-After",
        "Connection": "keep-alive",
        "Content-Type": "application/vnd.microsoft.appconfig.kv\u002Bjson; charset=utf-8",
        "Date": "Wed, 28 Jun 2023 09:35:14 GMT",
        "ETag": "\u0022aRvGmYFfmjJj8dkEqQalDp6iJQkGvaGRLMcPYzWIm-A\u0022",
        "Last-Modified": "Wed, 28 Jun 2023 09:35:14 GMT",
        "Server": "openresty/1.21.4.1",
        "Strict-Transport-Security": "max-age=15724800; includeSubDomains",
        "Sync-Token": "zAJw6V16=Njo1IzE2NDg2MjY2;sn=16486266",
        "Transfer-Encoding": "chunked",
        "x-ms-correlation-request-id": "af0c832c-9b45-415e-9c3f-b9ca7c29a1bc",
        "x-ms-request-id": "af0c832c-9b45-415e-9c3f-b9ca7c29a1bc"
      },
      "ResponseBody": {
        "etag": "aRvGmYFfmjJj8dkEqQalDp6iJQkGvaGRLMcPYzWIm-A",
        "key": "key1-1687944914775",
        "label": "label1",
        "content_type": null,
        "value": "value1",
        "tags": {},
        "locked": false,
        "last_modified": "2023-06-28T09:35:14\u002B00:00"
      }
    },
    {
      "RequestUri": "https://myappconfig.azconfig.io/kv/key2-1687944914775?api-version=2022-11-01-preview\u0026label=label2",
      "RequestMethod": "PUT",
      "RequestHeaders": {
        "Accept": "application/vnd.microsoft.appconfig.kv\u002Bjson, application/problem\u002Bjson",
        "Accept-Encoding": "gzip,deflate",
        "Authorization": "Sanitized",
        "Connection": "keep-alive",
        "Content-Length": "62",
        "Content-Type": "application/vnd.microsoft.appconfig.kv\u002Bjson",
        "If-None-Match": "*",
        "sync-token": "zAJw6V16=Njo1IzE2NDg2MjY2",
        "User-Agent": "azsdk-js-app-configuration/1.4.1 core-rest-pipeline/1.11.0 Node/v19.7.0 OS/(x64-Linux-5.15.0-1039-azure)",
        "x-ms-client-request-id": "af564279-a789-4ddb-922d-4721472d41d1",
        "x-ms-content-sha256": "YoWffx1G7424cSY\u002Bfb2QgrMgEPWf8F8uSxNQZLNhVP0=",
        "x-ms-date": "Wed, 28 Jun 2023 09:35:14 GMT"
      },
      "RequestBody": {
        "key": "key2-1687944914775",
        "label": "label2",
        "value": "value2"
      },
      "StatusCode": 200,
      "ResponseHeaders": {
        "Access-Control-Allow-Credentials": "true",
        "Access-Control-Allow-Origin": "*",
        "Access-Control-Expose-Headers": "DNT, X-CustomHeader, Keep-Alive, User-Agent, X-Requested-With, If-Modified-Since, Cache-Control, Content-Type, Authorization, x-ms-client-request-id, x-ms-useragent, x-ms-content-sha256, x-ms-date, host, Accept, Accept-Datetime, Date, If-Match, If-None-Match, Sync-Token, x-ms-return-client-request-id, ETag, Last-Modified, Link, Memento-Datetime, retry-after-ms, x-ms-request-id, x-ms-client-session-id, x-ms-effective-locale, WWW-Authenticate, traceparent, tracestate, Operation-Location, Retry-After",
        "Connection": "keep-alive",
        "Content-Type": "application/vnd.microsoft.appconfig.kv\u002Bjson; charset=utf-8",
        "Date": "Wed, 28 Jun 2023 09:35:14 GMT",
        "ETag": "\u0022iWW8s_xiCOIUWueGSzRZkcAVFLuO2BjXXY1yuAN-22c\u0022",
        "Last-Modified": "Wed, 28 Jun 2023 09:35:14 GMT",
        "Server": "openresty/1.21.4.1",
        "Strict-Transport-Security": "max-age=15724800; includeSubDomains",
        "Sync-Token": "zAJw6V16=Njo1IzE2NDg2MjY3;sn=16486267",
        "Transfer-Encoding": "chunked",
        "x-ms-correlation-request-id": "16641c1f-ff10-4231-9dfd-b315029fc473",
        "x-ms-request-id": "16641c1f-ff10-4231-9dfd-b315029fc473"
      },
      "ResponseBody": {
        "etag": "iWW8s_xiCOIUWueGSzRZkcAVFLuO2BjXXY1yuAN-22c",
        "key": "key2-1687944914775",
        "label": "label2",
        "content_type": null,
        "value": "value2",
        "tags": {},
        "locked": false,
        "last_modified": "2023-06-28T09:35:14\u002B00:00"
      }
    },
    {
      "RequestUri": "https://myappconfig.azconfig.io/snapshots/snapshot-1687944914775?api-version=2022-11-01-preview",
      "RequestMethod": "PUT",
      "RequestHeaders": {
        "Accept": "application/vnd.microsoft.appconfig.snapshot\u002Bjson, application/problem\u002Bjson",
        "Accept-Encoding": "gzip,deflate",
        "Authorization": "Sanitized",
        "Connection": "keep-alive",
        "Content-Length": "86",
        "Content-Type": "application/vnd.microsoft.appconfig.snapshot\u002Bjson",
        "sync-token": "zAJw6V16=Njo1IzE2NDg2MjY3",
        "User-Agent": "azsdk-js-app-configuration/1.4.1 core-rest-pipeline/1.11.0 Node/v19.7.0 OS/(x64-Linux-5.15.0-1039-azure)",
        "x-ms-client-request-id": "9bb09580-d030-4c79-9134-a1809669e5b9",
        "x-ms-content-sha256": "vxRC5DLT9d6ZS9QGKCo8NpwPhAgzdYNnlr4udMqAigA=",
        "x-ms-date": "Wed, 28 Jun 2023 09:35:14 GMT"
      },
      "RequestBody": {
        "filters": [
          {
            "key": "key1-1687944914775",
            "label": "label1"
          }
        ],
        "retention_period": 2592000
      },
      "StatusCode": 201,
      "ResponseHeaders": {
        "Access-Control-Allow-Credentials": "true",
        "Access-Control-Allow-Origin": "*",
        "Access-Control-Expose-Headers": "DNT, X-CustomHeader, Keep-Alive, User-Agent, X-Requested-With, If-Modified-Since, Cache-Control, Content-Type, Authorization, x-ms-client-request-id, x-ms-useragent, x-ms-content-sha256, x-ms-date, host, Accept, Accept-Datetime, Date, If-Match, If-None-Match, Sync-Token, x-ms-return-client-request-id, ETag, Last-Modified, Link, Memento-Datetime, retry-after-ms, x-ms-request-id, x-ms-client-session-id, x-ms-effective-locale, WWW-Authenticate, traceparent, tracestate, Operation-Location, Retry-After",
        "Connection": "keep-alive",
        "Content-Type": "application/vnd.microsoft.appconfig.snapshot\u002Bjson; charset=utf-8",
        "Date": "Wed, 28 Jun 2023 09:35:14 GMT",
        "ETag": "\u0022b67hwBgymE9CTyHcqcSA0RXKu5dqYRJQicLj83To49s\u0022",
        "Last-Modified": "Wed, 28 Jun 2023 09:35:14 GMT",
        "Link": "\u003C/kv?snapshot=snapshot-1687944914775\u0026api-version=2022-11-01-preview\u003E; rel=\u0022items\u0022",
        "Operation-Location": "https://myappconfig.azconfig.io/operations?snapshot=snapshot-1687944914775\u0026api-version=2022-11-01-preview",
        "Server": "openresty/1.21.4.1",
        "Strict-Transport-Security": "max-age=15724800; includeSubDomains",
        "Sync-Token": "zAJw6V16=Njo1IzE2NDg2MjY4;sn=16486268",
        "Transfer-Encoding": "chunked",
        "x-ms-correlation-request-id": "b66cd993-82e9-491e-aed7-07e41197f1e9",
        "x-ms-request-id": "b66cd993-82e9-491e-aed7-07e41197f1e9"
      },
      "ResponseBody": {
        "etag": "b67hwBgymE9CTyHcqcSA0RXKu5dqYRJQicLj83To49s",
        "name": "snapshot-1687944914775",
        "status": "provisioning",
        "filters": [
          {
            "key": "key1-1687944914775",
            "label": "label1"
          }
        ],
        "composition_type": "key",
        "created": "2023-06-28T09:35:14\u002B00:00",
        "size": 0,
        "items_count": 0,
        "tags": {},
        "retention_period": 2592000
      }
    },
    {
      "RequestUri": "https://myappconfig.azconfig.io/kv/key1-1687944914775?api-version=2022-11-01-preview\u0026label=label1",
      "RequestMethod": "DELETE",
      "RequestHeaders": {
        "Accept": "application/vnd.microsoft.appconfig.kv\u002Bjson, application/problem\u002Bjson",
        "Accept-Encoding": "gzip,deflate",
        "Authorization": "Sanitized",
        "Connection": "keep-alive",
        "sync-token": "zAJw6V16=Njo1IzE2NDg2MjY3",
        "User-Agent": "azsdk-js-app-configuration/1.4.1 core-rest-pipeline/1.11.0 Node/v19.7.0 OS/(x64-Linux-5.15.0-1039-azure)",
        "x-ms-client-request-id": "3ee48822-5d2d-4d93-8676-3078cc7736fd",
        "x-ms-content-sha256": "47DEQpj8HBSa\u002B/TImW\u002B5JCeuQeRkm5NMpJWZG3hSuFU=",
        "x-ms-date": "Wed, 28 Jun 2023 09:35:14 GMT"
      },
      "RequestBody": null,
      "StatusCode": 200,
      "ResponseHeaders": {
        "Access-Control-Allow-Credentials": "true",
        "Access-Control-Allow-Origin": "*",
        "Access-Control-Expose-Headers": "DNT, X-CustomHeader, Keep-Alive, User-Agent, X-Requested-With, If-Modified-Since, Cache-Control, Content-Type, Authorization, x-ms-client-request-id, x-ms-useragent, x-ms-content-sha256, x-ms-date, host, Accept, Accept-Datetime, Date, If-Match, If-None-Match, Sync-Token, x-ms-return-client-request-id, ETag, Last-Modified, Link, Memento-Datetime, retry-after-ms, x-ms-request-id, x-ms-client-session-id, x-ms-effective-locale, WWW-Authenticate, traceparent, tracestate, Operation-Location, Retry-After",
        "Connection": "keep-alive",
        "Content-Type": "application/vnd.microsoft.appconfig.kv\u002Bjson; charset=utf-8",
        "Date": "Wed, 28 Jun 2023 09:35:14 GMT",
        "ETag": "\u0022aRvGmYFfmjJj8dkEqQalDp6iJQkGvaGRLMcPYzWIm-A\u0022",
        "Last-Modified": "Wed, 28 Jun 2023 09:35:14 GMT",
        "Server": "openresty/1.21.4.1",
        "Strict-Transport-Security": "max-age=15724800; includeSubDomains",
        "Sync-Token": "zAJw6V16=Njo1IzE2NDg2MjY5;sn=16486269",
        "Transfer-Encoding": "chunked",
        "x-ms-correlation-request-id": "8562b108-92c7-448f-9599-49e69b000c9d",
        "x-ms-request-id": "8562b108-92c7-448f-9599-49e69b000c9d"
      },
      "ResponseBody": {
        "etag": "aRvGmYFfmjJj8dkEqQalDp6iJQkGvaGRLMcPYzWIm-A",
        "key": "key1-1687944914775",
        "label": "label1",
        "content_type": null,
        "value": "value1",
        "tags": {},
        "locked": false,
        "last_modified": "2023-06-28T09:35:14\u002B00:00"
      }
    },
    {
      "RequestUri": "https://myappconfig.azconfig.io/kv/key2-1687944914775?api-version=2022-11-01-preview\u0026label=label2",
      "RequestMethod": "DELETE",
      "RequestHeaders": {
        "Accept": "application/vnd.microsoft.appconfig.kv\u002Bjson, application/problem\u002Bjson",
        "Accept-Encoding": "gzip,deflate",
        "Authorization": "Sanitized",
        "Connection": "keep-alive",
        "sync-token": "zAJw6V16=Njo1IzE2NDg2MjY5",
        "User-Agent": "azsdk-js-app-configuration/1.4.1 core-rest-pipeline/1.11.0 Node/v19.7.0 OS/(x64-Linux-5.15.0-1039-azure)",
        "x-ms-client-request-id": "ebaf2da9-dcd3-47a7-ad39-958f2b627c85",
        "x-ms-content-sha256": "47DEQpj8HBSa\u002B/TImW\u002B5JCeuQeRkm5NMpJWZG3hSuFU=",
        "x-ms-date": "Wed, 28 Jun 2023 09:35:14 GMT"
      },
      "RequestBody": null,
      "StatusCode": 200,
      "ResponseHeaders": {
        "Access-Control-Allow-Credentials": "true",
        "Access-Control-Allow-Origin": "*",
        "Access-Control-Expose-Headers": "DNT, X-CustomHeader, Keep-Alive, User-Agent, X-Requested-With, If-Modified-Since, Cache-Control, Content-Type, Authorization, x-ms-client-request-id, x-ms-useragent, x-ms-content-sha256, x-ms-date, host, Accept, Accept-Datetime, Date, If-Match, If-None-Match, Sync-Token, x-ms-return-client-request-id, ETag, Last-Modified, Link, Memento-Datetime, retry-after-ms, x-ms-request-id, x-ms-client-session-id, x-ms-effective-locale, WWW-Authenticate, traceparent, tracestate, Operation-Location, Retry-After",
        "Connection": "keep-alive",
        "Content-Type": "application/vnd.microsoft.appconfig.kv\u002Bjson; charset=utf-8",
        "Date": "Wed, 28 Jun 2023 09:35:14 GMT",
        "ETag": "\u0022iWW8s_xiCOIUWueGSzRZkcAVFLuO2BjXXY1yuAN-22c\u0022",
        "Last-Modified": "Wed, 28 Jun 2023 09:35:14 GMT",
        "Server": "openresty/1.21.4.1",
        "Strict-Transport-Security": "max-age=15724800; includeSubDomains",
        "Sync-Token": "zAJw6V16=Njo1IzE2NDg2Mjcw;sn=16486270",
        "Transfer-Encoding": "chunked",
        "x-ms-correlation-request-id": "a6f9f056-7e4e-473e-aa52-7a4b6194476f",
        "x-ms-request-id": "a6f9f056-7e4e-473e-aa52-7a4b6194476f"
      },
      "ResponseBody": {
        "etag": "iWW8s_xiCOIUWueGSzRZkcAVFLuO2BjXXY1yuAN-22c",
        "key": "key2-1687944914775",
        "label": "label2",
        "content_type": null,
        "value": "value2",
        "tags": {},
        "locked": false,
        "last_modified": "2023-06-28T09:35:14\u002B00:00"
      }
    }
  ],
  "Variables": {
    "key1": "key1-1687944914775",
    "key2": "key2-1687944914775",
    "snapshot1": "snapshot-1687944914775"
  }
}
