{
  "Entries": [
    {
      "RequestUri": "https://Sanitized.vault.azure.net/keys/testlistkeys-03059091935/create?api-version=7.6",
      "RequestMethod": "POST",
      "RequestHeaders": {
        "Accept": "application/json",
        "Accept-Encoding": "gzip",
        "Content-Length": "0",
        "User-Agent": "azsdk-go-azkeys/v1.4.0-beta.2 (go1.23.4; linux)"
      },
      "RequestBody": null,
      "StatusCode": 401,
      "ResponseHeaders": {
        "Cache-Control": "no-cache",
        "Content-Length": "97",
        "Content-Type": "application/json; charset=utf-8",
        "Date": "Tue, 03 Jun 2025 21:50:00 GMT",
        "Expires": "-1",
        "Pragma": "no-cache",
        "Strict-Transport-Security": "max-age=31536000;includeSubDomains",
        "WWW-Authenticate": "Bearer authorization=\"https://login.microsoftonline.com/70a036f6-8e4d-4615-bad6-149c02e7720d\", resource=\"https://vault.azure.net\"",
        "X-Content-Type-Options": "nosniff",
        "x-ms-keyvault-network-info": "conn_type=Ipv4;addr=50.46.238.252;act_addr_fam=InterNetwork;",
        "x-ms-keyvault-region": "uksouth",
        "x-ms-keyvault-service-version": "1.9.2455.1",
        "x-ms-request-id": "Sanitized"
      },
      "ResponseBody": {
        "error": {
          "code": "Unauthorized",
          "message": "AKV10000: Request is missing a Bearer or PoP token."
        }
      }
    },
    {
      "RequestUri": "https://Sanitized.vault.azure.net/keys/testlistkeys-03059091935/create?api-version=7.6",
      "RequestMethod": "POST",
      "RequestHeaders": {
        "Accept": "application/json",
        "Accept-Encoding": "gzip",
        "Authorization": "Sanitized",
        "Content-Length": "13",
        "Content-Type": "application/json",
        "User-Agent": "azsdk-go-azkeys/v1.4.0-beta.2 (go1.23.4; linux)"
      },
      "RequestBody": {
        "kty": "RSA"
      },
      "StatusCode": 200,
      "ResponseHeaders": {
        "Cache-Control": "no-cache",
        "Content-Length": "735",
        "Content-Type": "application/json; charset=utf-8",
        "Date": "Tue, 03 Jun 2025 21:50:03 GMT",
        "Expires": "-1",
        "Pragma": "no-cache",
        "Strict-Transport-Security": "max-age=31536000;includeSubDomains",
        "X-Content-Type-Options": "nosniff",
        "x-ms-keyvault-network-info": "conn_type=Ipv4;addr=50.46.238.252;act_addr_fam=InterNetwork;",
        "x-ms-keyvault-rbac-assignment-id": "c331263eb7e35a81a061869fb158e0c9",
        "x-ms-keyvault-region": "uksouth",
        "x-ms-keyvault-service-version": "1.9.2455.1",
        "x-ms-request-id": "Sanitized"
      },
      "ResponseBody": {
        "key": {
          "kid": "https://Sanitized.vault.azure.net/keys/testlistkeys-03059091935/d17afb38288543ebb23561cac5cc4b8d",
          "kty": "RSA",
          "key_ops": [
            "encrypt",
            "decrypt",
            "sign",
            "verify",
            "wrapKey",
            "unwrapKey"
          ],
          "n": "rLzeeFjn3HsMxsNxkJyzlqDFfW_57LbVNq_mNT1dWH2lGebbyYpoBifbIjfbXrVlDfXoaiia5qB6I8G3MRLNgghubGHenLe-m6XTJYC7Oao5haf_ZrpXjnEOSReYPQ0b-_CNWD87XClLCo3dhwhvNzXHAbMlGP02KDffnIenRJD-Ngpsg2spK79H58S-EU_RAJ9XP_WE1A8qYDCfI76HQBZwGysxjS7e46FvYCVRiHB_9G34DFwPcSRXhb4feHeLDXFthZZ4dYRUv8SYMgJkQGnLjK4tWDz4wGmb6l9DfBMR0oKHB9tNyvDIz_QfkzUq68zrOW_SlJtAPgQQPWDWcQ",
          "e": "AQAB"
        },
        "attributes": {
          "enabled": true,
          "created": 1748987404,
          "updated": 1748987404,
          "recoveryLevel": "CustomizedRecoverable+Purgeable",
          "recoverableDays": 7,
          "exportable": false,
          "hsmPlatform": "0"
        }
      }
    },
    {
      "RequestUri": "https://Sanitized.vault.azure.net/keys/testlistkeys-13059091935/create?api-version=7.6",
      "RequestMethod": "POST",
      "RequestHeaders": {
        "Accept": "application/json",
        "Accept-Encoding": "gzip",
        "Authorization": "Sanitized",
        "Content-Length": "13",
        "Content-Type": "application/json",
        "User-Agent": "azsdk-go-azkeys/v1.4.0-beta.2 (go1.23.4; linux)"
      },
      "RequestBody": {
        "kty": "RSA"
      },
      "StatusCode": 200,
      "ResponseHeaders": {
        "Cache-Control": "no-cache",
        "Content-Length": "735",
        "Content-Type": "application/json; charset=utf-8",
        "Date": "Tue, 03 Jun 2025 21:50:03 GMT",
        "Expires": "-1",
        "Pragma": "no-cache",
        "Strict-Transport-Security": "max-age=31536000;includeSubDomains",
        "X-Content-Type-Options": "nosniff",
        "x-ms-keyvault-network-info": "conn_type=Ipv4;addr=50.46.238.252;act_addr_fam=InterNetwork;",
        "x-ms-keyvault-rbac-assignment-id": "c331263eb7e35a81a061869fb158e0c9",
        "x-ms-keyvault-region": "uksouth",
        "x-ms-keyvault-service-version": "1.9.2455.1",
        "x-ms-request-id": "Sanitized"
      },
      "ResponseBody": {
        "key": {
          "kid": "https://Sanitized.vault.azure.net/keys/testlistkeys-13059091935/193417a3b73a4fbe94e967f2d9e4844e",
          "kty": "RSA",
          "key_ops": [
            "encrypt",
            "decrypt",
            "sign",
            "verify",
            "wrapKey",
            "unwrapKey"
          ],
          "n": "50oVSUlUpLqzSNy6V3CXwer4yoSfATIK2ruPzPsQzHTmiZK75UQYJvSLsY6SLiLF4D0elWU9JTCYnM8vL10l7enB4gbhgWm0b0o8EhWl0ibHrt38BsbdqxHeUkWYtnKs9qgc1zRHGeBQSkdersh383MpJq4ymLKycoK5cnE8uDV_TIFLCQyN-mEjZ9drdXQ01SzKrXYw3dZommaPuMVGFy_e5hupNPGJJmCc_eqgxIOjg0GDASuVvd3kTIMmI1aqDAZdNF_qiCs3JSF2pq7NTlXJ2biUVHueL74805RIS4fZ8FwF1WmotzzinBM1nbfkAOe38ZCBr0xGM5xwTRn5QQ",
          "e": "AQAB"
        },
        "attributes": {
          "enabled": true,
          "created": 1748987404,
          "updated": 1748987404,
          "recoveryLevel": "CustomizedRecoverable+Purgeable",
          "recoverableDays": 7,
          "exportable": false,
          "hsmPlatform": "0"
        }
      }
    },
    {
      "RequestUri": "https://Sanitized.vault.azure.net/keys/testlistkeys-23059091935/create?api-version=7.6",
      "RequestMethod": "POST",
      "RequestHeaders": {
        "Accept": "application/json",
        "Accept-Encoding": "gzip",
        "Authorization": "Sanitized",
        "Content-Length": "13",
        "Content-Type": "application/json",
        "User-Agent": "azsdk-go-azkeys/v1.4.0-beta.2 (go1.23.4; linux)"
      },
      "RequestBody": {
        "kty": "RSA"
      },
      "StatusCode": 200,
      "ResponseHeaders": {
        "Cache-Control": "no-cache",
        "Content-Length": "735",
        "Content-Type": "application/json; charset=utf-8",
        "Date": "Tue, 03 Jun 2025 21:50:04 GMT",
        "Expires": "-1",
        "Pragma": "no-cache",
        "Strict-Transport-Security": "max-age=31536000;includeSubDomains",
        "X-Content-Type-Options": "nosniff",
        "x-ms-keyvault-network-info": "conn_type=Ipv4;addr=50.46.238.252;act_addr_fam=InterNetwork;",
        "x-ms-keyvault-rbac-assignment-id": "c331263eb7e35a81a061869fb158e0c9",
        "x-ms-keyvault-region": "uksouth",
        "x-ms-keyvault-service-version": "1.9.2455.1",
        "x-ms-request-id": "Sanitized"
      },
      "ResponseBody": {
        "key": {
          "kid": "https://Sanitized.vault.azure.net/keys/testlistkeys-23059091935/6a8ae25b46804363a57caa3c658670e5",
          "kty": "RSA",
          "key_ops": [
            "encrypt",
            "decrypt",
            "sign",
            "verify",
            "wrapKey",
            "unwrapKey"
          ],
          "n": "v46YzPpk3HX9QZnJeW2RpqGekE-wn8sJBXp_w9XUbOkGDado0d1aLzBnTM_ycO9odNujIZtRMW6ak2ISwxq1ZUk35VQ5UM2dARZqyz7FY7L4T6MAf-rHKcg-7dEOshZ0obp4OJ3FTrbPx8gaDgV4pqEZXfC6ftd6vTfgfTsUFAieEbmuUnekxBLBzcqEq9-f4txI4bxKxXjuDvjtnIRuQxPHR14MppSrI8v4P2VWv2zvPMdWiVwkm5PmSa92Pr_DVaTGZJhclW2JXi6_oVur0cZlIHKGUsOmSCOfR-FGNQysMThcH5uMdQSnXtn8S4-zKcKAH1_Fz2y3YnokGclR8Q",
          "e": "AQAB"
        },
        "attributes": {
          "enabled": true,
          "created": 1748987404,
          "updated": 1748987404,
          "recoveryLevel": "CustomizedRecoverable+Purgeable",
          "recoverableDays": 7,
          "exportable": false,
          "hsmPlatform": "0"
        }
      }
    },
    {
      "RequestUri": "https://Sanitized.vault.azure.net/keys/testlistkeys-33059091935/create?api-version=7.6",
      "RequestMethod": "POST",
      "RequestHeaders": {
        "Accept": "application/json",
        "Accept-Encoding": "gzip",
        "Authorization": "Sanitized",
        "Content-Length": "13",
        "Content-Type": "application/json",
        "User-Agent": "azsdk-go-azkeys/v1.4.0-beta.2 (go1.23.4; linux)"
      },
      "RequestBody": {
        "kty": "RSA"
      },
      "StatusCode": 200,
      "ResponseHeaders": {
        "Cache-Control": "no-cache",
        "Content-Length": "735",
        "Content-Type": "application/json; charset=utf-8",
        "Date": "Tue, 03 Jun 2025 21:50:04 GMT",
        "Expires": "-1",
        "Pragma": "no-cache",
        "Strict-Transport-Security": "max-age=31536000;includeSubDomains",
        "X-Content-Type-Options": "nosniff",
        "x-ms-keyvault-network-info": "conn_type=Ipv4;addr=50.46.238.252;act_addr_fam=InterNetwork;",
        "x-ms-keyvault-rbac-assignment-id": "c331263eb7e35a81a061869fb158e0c9",
        "x-ms-keyvault-region": "uksouth",
        "x-ms-keyvault-service-version": "1.9.2455.1",
        "x-ms-request-id": "Sanitized"
      },
      "ResponseBody": {
        "key": {
          "kid": "https://Sanitized.vault.azure.net/keys/testlistkeys-33059091935/5f1545bd37254d7a83d3b78b8ee1392c",
          "kty": "RSA",
          "key_ops": [
            "encrypt",
            "decrypt",
            "sign",
            "verify",
            "wrapKey",
            "unwrapKey"
          ],
          "n": "s-lEr13p_cvsE8_jAUK4NId9YOfMvmQavghRPvycVSg9v_3V6doxNQ8zPkVnLRbayKautPBGpljsiCrvgQLoxDEOciRS3Isxfb3-Ub3c3n7RPQm5uF0d56kOv8XRk8EZTLCY60GrZSVtuNQXifnHMsqFNxDUr_JZRiQ18wHjsrOIdMJFFYJyqtV6ZAlAQo7aYAU7P3m9nBgX817g14ijgdZTojacKruysH2duxXDdBqBUgRNjnduFw_GdYWWptn6zz6iUihgC48vQ5hUQ2NxuB54QGia05OlgjtpMWRPczoq16o9BKs78u0EXwF6z7Zt-p5TGKMEld5w9WDqFYb0KQ",
          "e": "AQAB"
        },
        "attributes": {
          "enabled": true,
          "created": 1748987405,
          "updated": 1748987405,
          "recoveryLevel": "CustomizedRecoverable+Purgeable",
          "recoverableDays": 7,
          "exportable": false,
          "hsmPlatform": "0"
        }
      }
    },
    {
      "RequestUri": "https://Sanitized.vault.azure.net/keys?api-version=7.6",
      "RequestMethod": "GET",
      "RequestHeaders": {
        "Accept": "application/json",
        "Accept-Encoding": "gzip",
        "Authorization": "Sanitized",
        "User-Agent": "azsdk-go-azkeys/v1.4.0-beta.2 (go1.23.4; linux)"
      },
      "RequestBody": null,
      "StatusCode": 200,
      "ResponseHeaders": {
        "Cache-Control": "no-cache",
        "Content-Length": "1790",
        "Content-Type": "application/json; charset=utf-8",
        "Date": "Tue, 03 Jun 2025 21:50:04 GMT",
        "Expires": "-1",
        "Pragma": "no-cache",
        "Strict-Transport-Security": "max-age=31536000;includeSubDomains",
        "X-Content-Type-Options": "nosniff",
        "x-ms-keyvault-network-info": "conn_type=Ipv4;addr=50.46.238.252;act_addr_fam=InterNetwork;",
        "x-ms-keyvault-rbac-assignment-id": "c331263eb7e35a81a061869fb158e0c9",
        "x-ms-keyvault-region": "uksouth",
        "x-ms-keyvault-service-version": "1.9.2455.1",
        "x-ms-request-id": "Sanitized"
      },
      "ResponseBody": {
        "value": [
          {
            "kid": "https://gracewilcox30.vault.azure.net/keys/key2582698",
            "attributes": {
              "enabled": true,
              "created": 1748986938,
              "updated": 1748986938,
              "recoveryLevel": "CustomizedRecoverable+Purgeable",
              "recoverableDays": 7,
              "exportable": false,
              "hsmPlatform": "0"
            }
          },
          {
            "kid": "https://gracewilcox30.vault.azure.net/keys/key3534672839",
            "attributes": {
              "enabled": true,
              "created": 1748986930,
              "updated": 1748986930,
              "recoveryLevel": "CustomizedRecoverable+Purgeable",
              "recoverableDays": 7,
              "exportable": false,
              "hsmPlatform": "0"
            }
          },
          {
            "kid": "https://gracewilcox30.vault.azure.net/keys/key3964649413",
            "attributes": {
              "enabled": true,
              "created": 1748987369,
              "updated": 1748987369,
              "recoveryLevel": "CustomizedRecoverable+Purgeable",
              "recoverableDays": 7,
              "exportable": false,
              "hsmPlatform": "2"
            }
          },
          {
            "kid": "https://gracewilcox30.vault.azure.net/keys/testlistkeys-03059091935",
            "attributes": {
              "enabled": true,
              "created": 1748987404,
              "updated": 1748987404,
              "recoveryLevel": "CustomizedRecoverable+Purgeable",
              "recoverableDays": 7,
              "exportable": false,
              "hsmPlatform": "0"
            }
          },
          {
            "kid": "https://gracewilcox30.vault.azure.net/keys/testlistkeys-13059091935",
            "attributes": {
              "enabled": true,
              "created": 1748987404,
              "updated": 1748987404,
              "recoveryLevel": "CustomizedRecoverable+Purgeable",
              "recoverableDays": 7,
              "exportable": false,
              "hsmPlatform": "0"
            }
          },
          {
            "kid": "https://gracewilcox30.vault.azure.net/keys/testlistkeys-23059091935",
            "attributes": {
              "enabled": true,
              "created": 1748987404,
              "updated": 1748987404,
              "recoveryLevel": "CustomizedRecoverable+Purgeable",
              "recoverableDays": 7,
              "exportable": false,
              "hsmPlatform": "0"
            }
          },
          {
            "kid": "https://gracewilcox30.vault.azure.net/keys/testlistkeys-33059091935",
            "attributes": {
              "enabled": true,
              "created": 1748987405,
              "updated": 1748987405,
              "recoveryLevel": "CustomizedRecoverable+Purgeable",
              "recoverableDays": 7,
              "exportable": false,
              "hsmPlatform": "0"
            }
          }
        ],
        "nextLink": null
      }
    },
    {
      "RequestUri": "https://Sanitized.vault.azure.net/keys/testlistkeys-33059091935?api-version=7.6",
      "RequestMethod": "DELETE",
      "RequestHeaders": {
        "Accept": "application/json",
        "Accept-Encoding": "gzip",
        "Authorization": "Sanitized",
        "User-Agent": "azsdk-go-azkeys/v1.4.0-beta.2 (go1.23.4; linux)"
      },
      "RequestBody": null,
      "StatusCode": 200,
      "ResponseHeaders": {
        "Cache-Control": "no-cache",
        "Content-Length": "878",
        "Content-Type": "application/json; charset=utf-8",
        "Date": "Tue, 03 Jun 2025 21:50:05 GMT",
        "Expires": "-1",
        "Pragma": "no-cache",
        "Strict-Transport-Security": "max-age=31536000;includeSubDomains",
        "X-Content-Type-Options": "nosniff",
        "x-ms-keyvault-network-info": "conn_type=Ipv4;addr=50.46.238.252;act_addr_fam=InterNetwork;",
        "x-ms-keyvault-rbac-assignment-id": "c331263eb7e35a81a061869fb158e0c9",
        "x-ms-keyvault-region": "uksouth",
        "x-ms-keyvault-service-version": "1.9.2455.1",
        "x-ms-request-id": "Sanitized"
      },
      "ResponseBody": {
        "recoveryId": "https://Sanitized.vault.azure.net/deletedkeys/testlistkeys-33059091935",
        "deletedDate": 1748987405,
        "scheduledPurgeDate": 1749592205,
        "key": {
          "kid": "https://Sanitized.vault.azure.net/keys/testlistkeys-33059091935/5f1545bd37254d7a83d3b78b8ee1392c",
          "kty": "RSA",
          "key_ops": [
            "encrypt",
            "decrypt",
            "sign",
            "verify",
            "wrapKey",
            "unwrapKey"
          ],
          "n": "s-lEr13p_cvsE8_jAUK4NId9YOfMvmQavghRPvycVSg9v_3V6doxNQ8zPkVnLRbayKautPBGpljsiCrvgQLoxDEOciRS3Isxfb3-Ub3c3n7RPQm5uF0d56kOv8XRk8EZTLCY60GrZSVtuNQXifnHMsqFNxDUr_JZRiQ18wHjsrOIdMJFFYJyqtV6ZAlAQo7aYAU7P3m9nBgX817g14ijgdZTojacKruysH2duxXDdBqBUgRNjnduFw_GdYWWptn6zz6iUihgC48vQ5hUQ2NxuB54QGia05OlgjtpMWRPczoq16o9BKs78u0EXwF6z7Zt-p5TGKMEld5w9WDqFYb0KQ",
          "e": "AQAB"
        },
        "attributes": {
          "enabled": true,
          "created": 1748987405,
          "updated": 1748987405,
          "recoveryLevel": "CustomizedRecoverable+Purgeable",
          "recoverableDays": 7,
          "exportable": false,
          "hsmPlatform": "0"
        }
      }
    },
    {
      "RequestUri": "https://Sanitized.vault.azure.net/keys/testlistkeys-23059091935?api-version=7.6",
      "RequestMethod": "DELETE",
      "RequestHeaders": {
        "Accept": "application/json",
        "Accept-Encoding": "gzip",
        "Authorization": "Sanitized",
        "User-Agent": "azsdk-go-azkeys/v1.4.0-beta.2 (go1.23.4; linux)"
      },
      "RequestBody": null,
      "StatusCode": 200,
      "ResponseHeaders": {
        "Cache-Control": "no-cache",
        "Content-Length": "878",
        "Content-Type": "application/json; charset=utf-8",
        "Date": "Tue, 03 Jun 2025 21:50:05 GMT",
        "Expires": "-1",
        "Pragma": "no-cache",
        "Strict-Transport-Security": "max-age=31536000;includeSubDomains",
        "X-Content-Type-Options": "nosniff",
        "x-ms-keyvault-network-info": "conn_type=Ipv4;addr=50.46.238.252;act_addr_fam=InterNetwork;",
        "x-ms-keyvault-rbac-assignment-id": "c331263eb7e35a81a061869fb158e0c9",
        "x-ms-keyvault-region": "uksouth",
        "x-ms-keyvault-service-version": "1.9.2455.1",
        "x-ms-request-id": "Sanitized"
      },
      "ResponseBody": {
        "recoveryId": "https://Sanitized.vault.azure.net/deletedkeys/testlistkeys-23059091935",
        "deletedDate": 1748987406,
        "scheduledPurgeDate": 1749592206,
        "key": {
          "kid": "https://Sanitized.vault.azure.net/keys/testlistkeys-23059091935/6a8ae25b46804363a57caa3c658670e5",
          "kty": "RSA",
          "key_ops": [
            "encrypt",
            "decrypt",
            "sign",
            "verify",
            "wrapKey",
            "unwrapKey"
          ],
          "n": "v46YzPpk3HX9QZnJeW2RpqGekE-wn8sJBXp_w9XUbOkGDado0d1aLzBnTM_ycO9odNujIZtRMW6ak2ISwxq1ZUk35VQ5UM2dARZqyz7FY7L4T6MAf-rHKcg-7dEOshZ0obp4OJ3FTrbPx8gaDgV4pqEZXfC6ftd6vTfgfTsUFAieEbmuUnekxBLBzcqEq9-f4txI4bxKxXjuDvjtnIRuQxPHR14MppSrI8v4P2VWv2zvPMdWiVwkm5PmSa92Pr_DVaTGZJhclW2JXi6_oVur0cZlIHKGUsOmSCOfR-FGNQysMThcH5uMdQSnXtn8S4-zKcKAH1_Fz2y3YnokGclR8Q",
          "e": "AQAB"
        },
        "attributes": {
          "enabled": true,
          "created": 1748987404,
          "updated": 1748987404,
          "recoveryLevel": "CustomizedRecoverable+Purgeable",
          "recoverableDays": 7,
          "exportable": false,
          "hsmPlatform": "0"
        }
      }
    },
    {
      "RequestUri": "https://Sanitized.vault.azure.net/keys/testlistkeys-13059091935?api-version=7.6",
      "RequestMethod": "DELETE",
      "RequestHeaders": {
        "Accept": "application/json",
        "Accept-Encoding": "gzip",
        "Authorization": "Sanitized",
        "User-Agent": "azsdk-go-azkeys/v1.4.0-beta.2 (go1.23.4; linux)"
      },
      "RequestBody": null,
      "StatusCode": 200,
      "ResponseHeaders": {
        "Cache-Control": "no-cache",
        "Content-Length": "878",
        "Content-Type": "application/json; charset=utf-8",
        "Date": "Tue, 03 Jun 2025 21:50:05 GMT",
        "Expires": "-1",
        "Pragma": "no-cache",
        "Strict-Transport-Security": "max-age=31536000;includeSubDomains",
        "X-Content-Type-Options": "nosniff",
        "x-ms-keyvault-network-info": "conn_type=Ipv4;addr=50.46.238.252;act_addr_fam=InterNetwork;",
        "x-ms-keyvault-rbac-assignment-id": "c331263eb7e35a81a061869fb158e0c9",
        "x-ms-keyvault-region": "uksouth",
        "x-ms-keyvault-service-version": "1.9.2455.1",
        "x-ms-request-id": "Sanitized"
      },
      "ResponseBody": {
        "recoveryId": "https://Sanitized.vault.azure.net/deletedkeys/testlistkeys-13059091935",
        "deletedDate": 1748987406,
        "scheduledPurgeDate": 1749592206,
        "key": {
          "kid": "https://Sanitized.vault.azure.net/keys/testlistkeys-13059091935/193417a3b73a4fbe94e967f2d9e4844e",
          "kty": "RSA",
          "key_ops": [
            "encrypt",
            "decrypt",
            "sign",
            "verify",
            "wrapKey",
            "unwrapKey"
          ],
          "n": "50oVSUlUpLqzSNy6V3CXwer4yoSfATIK2ruPzPsQzHTmiZK75UQYJvSLsY6SLiLF4D0elWU9JTCYnM8vL10l7enB4gbhgWm0b0o8EhWl0ibHrt38BsbdqxHeUkWYtnKs9qgc1zRHGeBQSkdersh383MpJq4ymLKycoK5cnE8uDV_TIFLCQyN-mEjZ9drdXQ01SzKrXYw3dZommaPuMVGFy_e5hupNPGJJmCc_eqgxIOjg0GDASuVvd3kTIMmI1aqDAZdNF_qiCs3JSF2pq7NTlXJ2biUVHueL74805RIS4fZ8FwF1WmotzzinBM1nbfkAOe38ZCBr0xGM5xwTRn5QQ",
          "e": "AQAB"
        },
        "attributes": {
          "enabled": true,
          "created": 1748987404,
          "updated": 1748987404,
          "recoveryLevel": "CustomizedRecoverable+Purgeable",
          "recoverableDays": 7,
          "exportable": false,
          "hsmPlatform": "0"
        }
      }
    },
    {
      "RequestUri": "https://Sanitized.vault.azure.net/keys/testlistkeys-03059091935?api-version=7.6",
      "RequestMethod": "DELETE",
      "RequestHeaders": {
        "Accept": "application/json",
        "Accept-Encoding": "gzip",
        "Authorization": "Sanitized",
        "User-Agent": "azsdk-go-azkeys/v1.4.0-beta.2 (go1.23.4; linux)"
      },
      "RequestBody": null,
      "StatusCode": 200,
      "ResponseHeaders": {
        "Cache-Control": "no-cache",
        "Content-Length": "878",
        "Content-Type": "application/json; charset=utf-8",
        "Date": "Tue, 03 Jun 2025 21:50:05 GMT",
        "Expires": "-1",
        "Pragma": "no-cache",
        "Strict-Transport-Security": "max-age=31536000;includeSubDomains",
        "X-Content-Type-Options": "nosniff",
        "x-ms-keyvault-network-info": "conn_type=Ipv4;addr=50.46.238.252;act_addr_fam=InterNetwork;",
        "x-ms-keyvault-rbac-assignment-id": "c331263eb7e35a81a061869fb158e0c9",
        "x-ms-keyvault-region": "uksouth",
        "x-ms-keyvault-service-version": "1.9.2455.1",
        "x-ms-request-id": "Sanitized"
      },
      "ResponseBody": {
        "recoveryId": "https://Sanitized.vault.azure.net/deletedkeys/testlistkeys-03059091935",
        "deletedDate": 1748987406,
        "scheduledPurgeDate": 1749592206,
        "key": {
          "kid": "https://Sanitized.vault.azure.net/keys/testlistkeys-03059091935/d17afb38288543ebb23561cac5cc4b8d",
          "kty": "RSA",
          "key_ops": [
            "encrypt",
            "decrypt",
            "sign",
            "verify",
            "wrapKey",
            "unwrapKey"
          ],
          "n": "rLzeeFjn3HsMxsNxkJyzlqDFfW_57LbVNq_mNT1dWH2lGebbyYpoBifbIjfbXrVlDfXoaiia5qB6I8G3MRLNgghubGHenLe-m6XTJYC7Oao5haf_ZrpXjnEOSReYPQ0b-_CNWD87XClLCo3dhwhvNzXHAbMlGP02KDffnIenRJD-Ngpsg2spK79H58S-EU_RAJ9XP_WE1A8qYDCfI76HQBZwGysxjS7e46FvYCVRiHB_9G34DFwPcSRXhb4feHeLDXFthZZ4dYRUv8SYMgJkQGnLjK4tWDz4wGmb6l9DfBMR0oKHB9tNyvDIz_QfkzUq68zrOW_SlJtAPgQQPWDWcQ",
          "e": "AQAB"
        },
        "attributes": {
          "enabled": true,
          "created": 1748987404,
          "updated": 1748987404,
          "recoveryLevel": "CustomizedRecoverable+Purgeable",
          "recoverableDays": 7,
          "exportable": false,
          "hsmPlatform": "0"
        }
      }
    }
  ],
  "Variables": {}
}
