{
  "Entries": [
    {
      "RequestUri": "https://amandadev2.blob.core.windows.net/test-container-4edc6bd1-5fc2-55f2-74a6-bd0a4e920f58?restype=container",
      "RequestMethod": "PUT",
      "RequestHeaders": {
        "Accept": "application/xml",
        "Authorization": "Sanitized",
        "Content-Length": "0",
        "traceparent": "00-792e2feeac1ef128fdff98cb7597b645-2cecf3ed1dbd0df5-00",
        "User-Agent": "azsdk-net-Storage.Blobs/12.20.0-alpha.20240325.1 (.NET 6.0.28; Microsoft Windows 10.0.22635)",
        "x-ms-blob-public-access": "container",
        "x-ms-client-request-id": "f0d23f1b-14f1-2580-479f-407dc9e2bce2",
        "x-ms-date": "Wed, 27 Mar 2024 22:44:18 GMT",
        "x-ms-return-client-request-id": "true",
        "x-ms-version": "2024-05-04"
      },
      "RequestBody": null,
      "StatusCode": 201,
      "ResponseHeaders": {
        "Content-Length": "0",
        "Date": "Wed, 27 Mar 2024 22:44:19 GMT",
        "ETag": "\u00220x8DC4EAF70E49931\u0022",
        "Last-Modified": "Wed, 27 Mar 2024 22:44:20 GMT",
        "Server": [
          "Windows-Azure-Blob/1.0",
          "Microsoft-HTTPAPI/2.0"
        ],
        "x-ms-client-request-id": "f0d23f1b-14f1-2580-479f-407dc9e2bce2",
        "x-ms-request-id": "63364f6f-101e-0023-1998-80ef22000000",
        "x-ms-version": "2024-05-04"
      },
      "ResponseBody": null
    },
    {
      "RequestUri": "https://amandadev2.blob.core.windows.net/test-container-e9c7c6c2-87d9-7034-b55a-43801d17a639?restype=container",
      "RequestMethod": "PUT",
      "RequestHeaders": {
        "Accept": "application/xml",
        "Authorization": "Sanitized",
        "Content-Length": "0",
        "traceparent": "00-5c0223609d7e3b8f7287770333b4d841-b57d2f757973c3b1-00",
        "User-Agent": "azsdk-net-Storage.Blobs/12.20.0-alpha.20240325.1 (.NET 6.0.28; Microsoft Windows 10.0.22635)",
        "x-ms-blob-public-access": "container",
        "x-ms-client-request-id": "e7175f84-0073-933e-0a61-3a96d0ff072f",
        "x-ms-date": "Wed, 27 Mar 2024 22:44:18 GMT",
        "x-ms-return-client-request-id": "true",
        "x-ms-version": "2024-05-04"
      },
      "RequestBody": null,
      "StatusCode": 201,
      "ResponseHeaders": {
        "Content-Length": "0",
        "Date": "Wed, 27 Mar 2024 22:44:19 GMT",
        "ETag": "\u00220x8DC4EAF70EFEE43\u0022",
        "Last-Modified": "Wed, 27 Mar 2024 22:44:20 GMT",
        "Server": [
          "Windows-Azure-Blob/1.0",
          "Microsoft-HTTPAPI/2.0"
        ],
        "x-ms-client-request-id": "e7175f84-0073-933e-0a61-3a96d0ff072f",
        "x-ms-request-id": "63364fa4-101e-0023-4a98-80ef22000000",
        "x-ms-version": "2024-05-04"
      },
      "ResponseBody": null
    },
    {
      "RequestUri": "https://amandadev2.blob.core.windows.net/test-container-4edc6bd1-5fc2-55f2-74a6-bd0a4e920f58/test-blob-23c106f8-aef2-a322-5fc1-da95b0ad4f7c",
      "RequestMethod": "PUT",
      "RequestHeaders": {
        "Accept": "application/xml",
        "Authorization": "Sanitized",
        "Content-Length": "0",
        "Content-Type": "application/octet-stream",
        "traceparent": "00-8dbe365f4502d7f1c813946979b6ca9a-f75f26cd3618f9ad-00",
        "User-Agent": "azsdk-net-Storage.Blobs/12.20.0-alpha.20240325.1 (.NET 6.0.28; Microsoft Windows 10.0.22635)",
        "x-ms-blob-type": "BlockBlob",
        "x-ms-client-request-id": "b6f3bd11-4903-3a2f-3f05-bb96aac4bf8e",
        "x-ms-date": "Wed, 27 Mar 2024 22:44:18 GMT",
        "x-ms-return-client-request-id": "true",
        "x-ms-version": "2024-05-04"
      },
      "RequestBody": null,
      "StatusCode": 201,
      "ResponseHeaders": {
        "Content-Length": "0",
        "Content-MD5": "1B2M2Y8AsgTpgAmY7PhCfg==",
        "Date": "Wed, 27 Mar 2024 22:44:19 GMT",
        "ETag": "\u00220x8DC4EAF70F9E455\u0022",
        "Last-Modified": "Wed, 27 Mar 2024 22:44:20 GMT",
        "Server": [
          "Windows-Azure-Blob/1.0",
          "Microsoft-HTTPAPI/2.0"
        ],
        "x-ms-client-request-id": "b6f3bd11-4903-3a2f-3f05-bb96aac4bf8e",
        "x-ms-content-crc64": "AAAAAAAAAAA=",
        "x-ms-request-id": "63364fd8-101e-0023-7a98-80ef22000000",
        "x-ms-request-server-encrypted": "true",
        "x-ms-version": "2024-05-04",
        "x-ms-version-id": "2024-03-27T22:44:20.1436245Z"
      },
      "ResponseBody": null
    },
    {
      "RequestUri": "https://amandadev2.blob.core.windows.net/test-container-4edc6bd1-5fc2-55f2-74a6-bd0a4e920f58/test-blob-23c106f8-aef2-a322-5fc1-da95b0ad4f7c?sv=2024-05-04\u0026se=2024-03-28T22%3A44%3A18Z\u0026sr=b\u0026sp=racwdxyltmei\u0026sig=Sanitized",
      "RequestMethod": "HEAD",
      "RequestHeaders": {
        "Accept": "application/xml",
        "traceparent": "00-51026c8970a6bbf15e81bb225d3d7738-ad98c2e27335427e-00",
        "User-Agent": "azsdk-net-Storage.Blobs/12.20.0-alpha.20240325.1 (.NET 6.0.28; Microsoft Windows 10.0.22635)",
        "x-ms-client-request-id": "264ca779-7edc-f30c-7854-da71d99f2c78",
        "x-ms-return-client-request-id": "true",
        "x-ms-version": "2024-05-04"
      },
      "RequestBody": null,
      "StatusCode": 200,
      "ResponseHeaders": {
        "Accept-Ranges": "bytes",
        "Content-Length": "0",
        "Content-MD5": "1B2M2Y8AsgTpgAmY7PhCfg==",
        "Content-Type": "application/octet-stream",
        "Date": "Wed, 27 Mar 2024 22:44:19 GMT",
        "ETag": "\u00220x8DC4EAF70F9E455\u0022",
        "Last-Modified": "Wed, 27 Mar 2024 22:44:20 GMT",
        "Server": [
          "Windows-Azure-Blob/1.0",
          "Microsoft-HTTPAPI/2.0"
        ],
        "x-ms-access-tier": "Hot",
        "x-ms-access-tier-inferred": "true",
        "x-ms-blob-type": "BlockBlob",
        "x-ms-client-request-id": "264ca779-7edc-f30c-7854-da71d99f2c78",
        "x-ms-creation-time": "Wed, 27 Mar 2024 22:44:20 GMT",
        "x-ms-is-current-version": "true",
        "x-ms-lease-state": "available",
        "x-ms-lease-status": "unlocked",
        "x-ms-request-id": "6336511b-101e-0023-2a98-80ef22000000",
        "x-ms-server-encrypted": "true",
        "x-ms-version": "2024-05-04",
        "x-ms-version-id": "2024-03-27T22:44:20.1436245Z"
      },
      "ResponseBody": null
    },
    {
      "RequestUri": "https://amandadev2.blob.core.windows.net/test-container-e9c7c6c2-87d9-7034-b55a-43801d17a639/test-blob-befc1aa2-beff-bbc6-675b-045de4d0350f?sv=2024-05-04\u0026se=2024-03-28T22%3A44%3A18Z\u0026sr=b\u0026sp=racwdxyltmei\u0026sig=Sanitized",
      "RequestMethod": "PUT",
      "RequestHeaders": {
        "Accept": "application/xml",
        "Content-Length": "0",
        "If-None-Match": "*",
        "traceparent": "00-120090d05790b4701ebc0d8454fcce95-29e298647db63638-00",
        "User-Agent": "azsdk-net-Storage.Blobs/12.20.0-alpha.20240325.1 (.NET 6.0.28; Microsoft Windows 10.0.22635)",
        "x-ms-blob-type": "BlockBlob",
        "x-ms-client-request-id": "021dfc6f-9878-0db2-bf65-91cb5a943445",
        "x-ms-copy-source": "https://amandadev2.blob.core.windows.net/test-container-4edc6bd1-5fc2-55f2-74a6-bd0a4e920f58/test-blob-23c106f8-aef2-a322-5fc1-da95b0ad4f7c?sv=2024-05-04\u0026se=2024-03-28T22%3A44%3A18Z\u0026sr=b\u0026sp=racwdxyltmei\u0026sig=Sanitized",
        "x-ms-return-client-request-id": "true",
        "x-ms-version": "2024-05-04"
      },
      "RequestBody": null,
      "StatusCode": 201,
      "ResponseHeaders": {
        "Content-Length": "0",
        "Date": "Wed, 27 Mar 2024 22:44:19 GMT",
        "ETag": "\u00220x8DC4EAF713E5D89\u0022",
        "Last-Modified": "Wed, 27 Mar 2024 22:44:20 GMT",
        "Server": [
          "Windows-Azure-Blob/1.0",
          "Microsoft-HTTPAPI/2.0"
        ],
        "x-ms-client-request-id": "021dfc6f-9878-0db2-bf65-91cb5a943445",
        "x-ms-content-crc64": "AAAAAAAAAAA=",
        "x-ms-request-id": "6336516f-101e-0023-7998-80ef22000000",
        "x-ms-request-server-encrypted": "true",
        "x-ms-version": "2024-05-04",
        "x-ms-version-id": "2024-03-27T22:44:20.5933711Z"
      },
      "ResponseBody": null
    },
    {
      "RequestUri": "https://amandadev2.blob.core.windows.net/test-container-4edc6bd1-5fc2-55f2-74a6-bd0a4e920f58/test-blob-23c106f8-aef2-a322-5fc1-da95b0ad4f7c?sv=2024-05-04\u0026se=2024-03-28T22%3A44%3A18Z\u0026sr=b\u0026sp=racwdxyltmei\u0026sig=Sanitized",
      "RequestMethod": "HEAD",
      "RequestHeaders": {
        "Accept": "application/xml",
        "traceparent": "00-cfa4adae3a6cc600cccc7f7c1e953c6e-27acd2ef4f4f52b2-00",
        "User-Agent": "azsdk-net-Storage.Blobs/12.20.0-alpha.20240325.1 (.NET 6.0.28; Microsoft Windows 10.0.22635)",
        "x-ms-client-request-id": "dc01af50-2981-1c00-4718-9beb48718124",
        "x-ms-return-client-request-id": "true",
        "x-ms-version": "2024-05-04"
      },
      "RequestBody": null,
      "StatusCode": 200,
      "ResponseHeaders": {
        "Accept-Ranges": "bytes",
        "Content-Length": "0",
        "Content-MD5": "1B2M2Y8AsgTpgAmY7PhCfg==",
        "Content-Type": "application/octet-stream",
        "Date": "Wed, 27 Mar 2024 22:44:19 GMT",
        "ETag": "\u00220x8DC4EAF70F9E455\u0022",
        "Last-Modified": "Wed, 27 Mar 2024 22:44:20 GMT",
        "Server": [
          "Windows-Azure-Blob/1.0",
          "Microsoft-HTTPAPI/2.0"
        ],
        "x-ms-access-tier": "Hot",
        "x-ms-access-tier-inferred": "true",
        "x-ms-blob-type": "BlockBlob",
        "x-ms-client-request-id": "dc01af50-2981-1c00-4718-9beb48718124",
        "x-ms-creation-time": "Wed, 27 Mar 2024 22:44:20 GMT",
        "x-ms-is-current-version": "true",
        "x-ms-lease-state": "available",
        "x-ms-lease-status": "unlocked",
        "x-ms-request-id": "6336524d-101e-0023-4f98-80ef22000000",
        "x-ms-server-encrypted": "true",
        "x-ms-version": "2024-05-04",
        "x-ms-version-id": "2024-03-27T22:44:20.1436245Z"
      },
      "ResponseBody": null
    },
    {
      "RequestUri": "https://amandadev2.blob.core.windows.net/test-container-e9c7c6c2-87d9-7034-b55a-43801d17a639/test-blob-befc1aa2-beff-bbc6-675b-045de4d0350f?sv=2024-05-04\u0026se=2024-03-28T22%3A44%3A18Z\u0026sr=b\u0026sp=racwdxyltmei\u0026sig=Sanitized",
      "RequestMethod": "HEAD",
      "RequestHeaders": {
        "Accept": "application/xml",
        "traceparent": "00-802f20ac45cd00c8c99c951df7cea0bf-8ff35c448f5a8fe1-00",
        "User-Agent": "azsdk-net-Storage.Blobs/12.20.0-alpha.20240325.1 (.NET 6.0.28; Microsoft Windows 10.0.22635)",
        "x-ms-client-request-id": "aa7bbd3a-5792-d0c4-08b8-f5d6a08257f8",
        "x-ms-return-client-request-id": "true",
        "x-ms-version": "2024-05-04"
      },
      "RequestBody": null,
      "StatusCode": 200,
      "ResponseHeaders": {
        "Accept-Ranges": "bytes",
        "Content-Length": "0",
        "Content-MD5": "1B2M2Y8AsgTpgAmY7PhCfg==",
        "Content-Type": "application/octet-stream",
        "Date": "Wed, 27 Mar 2024 22:44:20 GMT",
        "ETag": "\u00220x8DC4EAF713E5D89\u0022",
        "Last-Modified": "Wed, 27 Mar 2024 22:44:20 GMT",
        "Server": [
          "Windows-Azure-Blob/1.0",
          "Microsoft-HTTPAPI/2.0"
        ],
        "x-ms-access-tier": "Hot",
        "x-ms-access-tier-inferred": "true",
        "x-ms-blob-type": "BlockBlob",
        "x-ms-client-request-id": "aa7bbd3a-5792-d0c4-08b8-f5d6a08257f8",
        "x-ms-creation-time": "Wed, 27 Mar 2024 22:44:20 GMT",
        "x-ms-is-current-version": "true",
        "x-ms-lease-state": "available",
        "x-ms-lease-status": "unlocked",
        "x-ms-request-id": "63365282-101e-0023-0198-80ef22000000",
        "x-ms-server-encrypted": "true",
        "x-ms-version": "2024-05-04",
        "x-ms-version-id": "2024-03-27T22:44:20.5933711Z"
      },
      "ResponseBody": null
    },
    {
      "RequestUri": "https://amandadev2.blob.core.windows.net/test-container-e9c7c6c2-87d9-7034-b55a-43801d17a639?restype=container",
      "RequestMethod": "DELETE",
      "RequestHeaders": {
        "Accept": "application/xml",
        "Authorization": "Sanitized",
        "traceparent": "00-b3ec229be93a6eeeb810056c427dfafd-6a66a9ea886e6c9b-00",
        "User-Agent": "azsdk-net-Storage.Blobs/12.20.0-alpha.20240325.1 (.NET 6.0.28; Microsoft Windows 10.0.22635)",
        "x-ms-client-request-id": "8ab10ab8-d7f6-5992-c713-b716d266930c",
        "x-ms-date": "Wed, 27 Mar 2024 22:44:19 GMT",
        "x-ms-return-client-request-id": "true",
        "x-ms-version": "2024-05-04"
      },
      "RequestBody": null,
      "StatusCode": 202,
      "ResponseHeaders": {
        "Content-Length": "0",
        "Date": "Wed, 27 Mar 2024 22:44:20 GMT",
        "Server": [
          "Windows-Azure-Blob/1.0",
          "Microsoft-HTTPAPI/2.0"
        ],
        "x-ms-client-request-id": "8ab10ab8-d7f6-5992-c713-b716d266930c",
        "x-ms-request-id": "633652cd-101e-0023-4a98-80ef22000000",
        "x-ms-version": "2024-05-04"
      },
      "ResponseBody": null
    },
    {
      "RequestUri": "https://amandadev2.blob.core.windows.net/test-container-4edc6bd1-5fc2-55f2-74a6-bd0a4e920f58?restype=container",
      "RequestMethod": "DELETE",
      "RequestHeaders": {
        "Accept": "application/xml",
        "Authorization": "Sanitized",
        "traceparent": "00-1886429aec7589daaa2bec81c7b5a420-4e3540ff68a9c8b5-00",
        "User-Agent": "azsdk-net-Storage.Blobs/12.20.0-alpha.20240325.1 (.NET 6.0.28; Microsoft Windows 10.0.22635)",
        "x-ms-client-request-id": "951d6ac7-ccd1-1602-b7eb-5936b4eeb60d",
        "x-ms-date": "Wed, 27 Mar 2024 22:44:19 GMT",
        "x-ms-return-client-request-id": "true",
        "x-ms-version": "2024-05-04"
      },
      "RequestBody": null,
      "StatusCode": 202,
      "ResponseHeaders": {
        "Content-Length": "0",
        "Date": "Wed, 27 Mar 2024 22:44:20 GMT",
        "Server": [
          "Windows-Azure-Blob/1.0",
          "Microsoft-HTTPAPI/2.0"
        ],
        "x-ms-client-request-id": "951d6ac7-ccd1-1602-b7eb-5936b4eeb60d",
        "x-ms-request-id": "63365320-101e-0023-1898-80ef22000000",
        "x-ms-version": "2024-05-04"
      },
      "ResponseBody": null
    }
  ],
  "Variables": {
    "DateTimeOffsetNow": "2024-03-27T15:44:18.7636499-07:00",
    "RandomSeed": "277666989",
    "Storage_TestConfigDefault": "ProductionTenant\namandadev2\nU2FuaXRpemVk\nhttps://amandadev2.blob.core.windows.net\nhttps://amandadev2.file.core.windows.net\nhttps://amandadev2.queue.core.windows.net\nhttps://amandadev2.table.core.windows.net\n\n\n\n\nhttps://amandadev2-secondary.blob.core.windows.net\nhttps://amandadev2-secondary.file.core.windows.net\nhttps://amandadev2-secondary.queue.core.windows.net\nhttps://amandadev2-secondary.table.core.windows.net\n\nSanitized\n\n\nCloud\nBlobEndpoint=https://amandadev2.blob.core.windows.net/;QueueEndpoint=https://amandadev2.queue.core.windows.net/;FileEndpoint=https://amandadev2.file.core.windows.net/;BlobSecondaryEndpoint=https://amandadev2-secondary.blob.core.windows.net/;QueueSecondaryEndpoint=https://amandadev2-secondary.queue.core.windows.net/;FileSecondaryEndpoint=https://amandadev2-secondary.file.core.windows.net/;AccountName=amandadev2;AccountKey=Sanitized\nencryptionScope\n\n"
  }
}
