{
  "Entries": [
    {
      "RequestUri": "https://amandadev2.blob.core.windows.net/test-container-de1bdd82-9281-9cf4-9a4b-86561cd782e2?restype=container",
      "RequestMethod": "PUT",
      "RequestHeaders": {
        "Accept": "application/xml",
        "Authorization": "Sanitized",
        "Content-Length": "0",
        "traceparent": "00-aa215cec4e8709507f26d6a1697a3f89-915b45ece8a4fb6c-00",
        "User-Agent": "azsdk-net-Storage.Blobs/12.20.0-alpha.20240408.1 (.NET 6.0.28; Microsoft Windows 10.0.22635)",
        "x-ms-blob-public-access": "container",
        "x-ms-client-request-id": "66d0e839-e977-3d38-d324-3c274e944a69",
        "x-ms-date": "Tue, 09 Apr 2024 20:22:33 GMT",
        "x-ms-return-client-request-id": "true",
        "x-ms-version": "2024-05-04"
      },
      "RequestBody": null,
      "StatusCode": 201,
      "ResponseHeaders": {
        "Content-Length": "0",
        "Date": "Tue, 09 Apr 2024 20:22:33 GMT",
        "ETag": "\u00220x8DC58D2CA319A2C\u0022",
        "Last-Modified": "Tue, 09 Apr 2024 20:22:33 GMT",
        "Server": [
          "Windows-Azure-Blob/1.0",
          "Microsoft-HTTPAPI/2.0"
        ],
        "x-ms-client-request-id": "66d0e839-e977-3d38-d324-3c274e944a69",
        "x-ms-request-id": "47e4e6b5-401e-003e-79bb-8ae29e000000",
        "x-ms-version": "2024-05-04"
      },
      "ResponseBody": null
    },
    {
      "RequestUri": "https://amandadev2.blob.core.windows.net/test-container-91f91437-5a15-1c0b-3261-f6d18583df39?restype=container",
      "RequestMethod": "PUT",
      "RequestHeaders": {
        "Accept": "application/xml",
        "Authorization": "Sanitized",
        "Content-Length": "0",
        "traceparent": "00-b3cfe7a2c3d222bf5e46d5c6bcadade4-38836a1fdc1a74ac-00",
        "User-Agent": "azsdk-net-Storage.Blobs/12.20.0-alpha.20240408.1 (.NET 6.0.28; Microsoft Windows 10.0.22635)",
        "x-ms-blob-public-access": "container",
        "x-ms-client-request-id": "a839a364-ac67-dec6-dcb3-3315f266b850",
        "x-ms-date": "Tue, 09 Apr 2024 20:22:33 GMT",
        "x-ms-return-client-request-id": "true",
        "x-ms-version": "2024-05-04"
      },
      "RequestBody": null,
      "StatusCode": 201,
      "ResponseHeaders": {
        "Content-Length": "0",
        "Date": "Tue, 09 Apr 2024 20:22:33 GMT",
        "ETag": "\u00220x8DC58D2CA3C539C\u0022",
        "Last-Modified": "Tue, 09 Apr 2024 20:22:33 GMT",
        "Server": [
          "Windows-Azure-Blob/1.0",
          "Microsoft-HTTPAPI/2.0"
        ],
        "x-ms-client-request-id": "a839a364-ac67-dec6-dcb3-3315f266b850",
        "x-ms-request-id": "47e4e6e6-401e-003e-24bb-8ae29e000000",
        "x-ms-version": "2024-05-04"
      },
      "ResponseBody": null
    },
    {
      "RequestUri": "https://amandadev2.blob.core.windows.net/test-container-de1bdd82-9281-9cf4-9a4b-86561cd782e2/test-blob-a41a0244-1677-1b62-a966-dcb72009f3af",
      "RequestMethod": "PUT",
      "RequestHeaders": {
        "Accept": "application/xml",
        "Authorization": "Sanitized",
        "Content-Length": "0",
        "Content-Type": "application/octet-stream",
        "traceparent": "00-d3149697fa0eda5e5abfc802cc4611f6-34b125751ec1da8e-00",
        "User-Agent": "azsdk-net-Storage.Blobs/12.20.0-alpha.20240408.1 (.NET 6.0.28; Microsoft Windows 10.0.22635)",
        "x-ms-access-tier": "Cold",
        "x-ms-blob-cache-control": "no-cache",
        "x-ms-blob-content-disposition": "inline",
        "x-ms-blob-content-language": "en-US",
        "x-ms-blob-content-type": "text/plain",
        "x-ms-blob-type": "BlockBlob",
        "x-ms-client-request-id": "27bce9a5-c768-4edb-401e-fe01d00ebed3",
        "x-ms-date": "Tue, 09 Apr 2024 20:22:33 GMT",
        "x-ms-meta-Capital": "letter",
        "x-ms-meta-foo": "bar",
        "x-ms-meta-meta": "data",
        "x-ms-meta-UPPER": "case",
        "x-ms-return-client-request-id": "true",
        "x-ms-version": "2024-05-04"
      },
      "RequestBody": null,
      "StatusCode": 201,
      "ResponseHeaders": {
        "Content-Length": "0",
        "Content-MD5": "1B2M2Y8AsgTpgAmY7PhCfg==",
        "Date": "Tue, 09 Apr 2024 20:22:33 GMT",
        "ETag": "\u00220x8DC58D2CA48CCDE\u0022",
        "Last-Modified": "Tue, 09 Apr 2024 20:22:33 GMT",
        "Server": [
          "Windows-Azure-Blob/1.0",
          "Microsoft-HTTPAPI/2.0"
        ],
        "x-ms-client-request-id": "27bce9a5-c768-4edb-401e-fe01d00ebed3",
        "x-ms-content-crc64": "AAAAAAAAAAA=",
        "x-ms-request-id": "47e4e722-401e-003e-5dbb-8ae29e000000",
        "x-ms-request-server-encrypted": "true",
        "x-ms-version": "2024-05-04",
        "x-ms-version-id": "2024-04-09T20:22:33.9912926Z"
      },
      "ResponseBody": null
    },
    {
      "RequestUri": "https://amandadev2.blob.core.windows.net/test-container-de1bdd82-9281-9cf4-9a4b-86561cd782e2/test-blob-a41a0244-1677-1b62-a966-dcb72009f3af?sv=2024-05-04\u0026se=2024-04-10T20%3A22%3A33Z\u0026sr=b\u0026sp=racwdxyltmei\u0026sig=Sanitized",
      "RequestMethod": "HEAD",
      "RequestHeaders": {
        "Accept": "application/xml",
        "traceparent": "00-9e0fa845a347795bcd05a9a95b867ba0-4510620dec53fd63-00",
        "User-Agent": "azsdk-net-Storage.Blobs/12.20.0-alpha.20240408.1 (.NET 6.0.28; Microsoft Windows 10.0.22635)",
        "x-ms-client-request-id": "6393847f-5136-ce56-e2af-f7ad07a18f30",
        "x-ms-return-client-request-id": "true",
        "x-ms-version": "2024-05-04"
      },
      "RequestBody": null,
      "StatusCode": 200,
      "ResponseHeaders": {
        "Accept-Ranges": "bytes",
        "Cache-Control": "no-cache",
        "Content-Disposition": "inline",
        "Content-Language": "en-US",
        "Content-Length": "0",
        "Content-MD5": "1B2M2Y8AsgTpgAmY7PhCfg==",
        "Content-Type": "text/plain",
        "Date": "Tue, 09 Apr 2024 20:22:33 GMT",
        "ETag": "\u00220x8DC58D2CA48CCDE\u0022",
        "Last-Modified": "Tue, 09 Apr 2024 20:22:33 GMT",
        "Server": [
          "Windows-Azure-Blob/1.0",
          "Microsoft-HTTPAPI/2.0"
        ],
        "x-ms-access-tier": "Cold",
        "x-ms-access-tier-change-time": "Tue, 09 Apr 2024 20:22:33 GMT",
        "x-ms-blob-type": "BlockBlob",
        "x-ms-client-request-id": "6393847f-5136-ce56-e2af-f7ad07a18f30",
        "x-ms-creation-time": "Tue, 09 Apr 2024 20:22:33 GMT",
        "x-ms-is-current-version": "true",
        "x-ms-lease-state": "available",
        "x-ms-lease-status": "unlocked",
        "x-ms-meta-Capital": "letter",
        "x-ms-meta-foo": "bar",
        "x-ms-meta-meta": "data",
        "x-ms-meta-UPPER": "case",
        "x-ms-request-id": "47e4e78c-401e-003e-3fbb-8ae29e000000",
        "x-ms-server-encrypted": "true",
        "x-ms-version": "2024-05-04",
        "x-ms-version-id": "2024-04-09T20:22:33.9912926Z"
      },
      "ResponseBody": null
    },
    {
      "RequestUri": "https://amandadev2.blob.core.windows.net/test-container-91f91437-5a15-1c0b-3261-f6d18583df39/test-blob-4e1f84c0-d6f8-0d06-30ba-bf39be0f3353?sv=2024-05-04\u0026se=2024-04-10T20%3A22%3A33Z\u0026sr=b\u0026sp=racwdxyltmei\u0026sig=Sanitized",
      "RequestMethod": "PUT",
      "RequestHeaders": {
        "Accept": "application/xml",
        "Content-Length": "0",
        "If-None-Match": "*",
        "traceparent": "00-46339b93b895548055e375034f4c2062-0bd4a9d60da7a31d-00",
        "User-Agent": "azsdk-net-Storage.Blobs/12.20.0-alpha.20240408.1 (.NET 6.0.28; Microsoft Windows 10.0.22635)",
        "x-ms-access-tier": "Cold",
        "x-ms-blob-type": "BlockBlob",
        "x-ms-client-request-id": "3ab9e92b-cf7c-741d-3643-539cd5992827",
        "x-ms-copy-source": "https://amandadev2.blob.core.windows.net/test-container-de1bdd82-9281-9cf4-9a4b-86561cd782e2/test-blob-a41a0244-1677-1b62-a966-dcb72009f3af?sv=2024-05-04\u0026se=2024-04-10T20%3A22%3A33Z\u0026sr=b\u0026sp=racwdxyltmei\u0026sig=Sanitized",
        "x-ms-return-client-request-id": "true",
        "x-ms-version": "2024-05-04"
      },
      "RequestBody": null,
      "StatusCode": 201,
      "ResponseHeaders": {
        "Content-Length": "0",
        "Date": "Tue, 09 Apr 2024 20:22:33 GMT",
        "ETag": "\u00220x8DC58D2CA681012\u0022",
        "Last-Modified": "Tue, 09 Apr 2024 20:22:34 GMT",
        "Server": [
          "Windows-Azure-Blob/1.0",
          "Microsoft-HTTPAPI/2.0"
        ],
        "x-ms-client-request-id": "3ab9e92b-cf7c-741d-3643-539cd5992827",
        "x-ms-content-crc64": "AAAAAAAAAAA=",
        "x-ms-request-id": "47e4e7ba-401e-003e-68bb-8ae29e000000",
        "x-ms-request-server-encrypted": "true",
        "x-ms-version": "2024-05-04",
        "x-ms-version-id": "2024-04-09T20:22:34.1961746Z"
      },
      "ResponseBody": null
    },
    {
      "RequestUri": "https://amandadev2.blob.core.windows.net/test-container-de1bdd82-9281-9cf4-9a4b-86561cd782e2/test-blob-a41a0244-1677-1b62-a966-dcb72009f3af?sv=2024-05-04\u0026se=2024-04-10T20%3A22%3A33Z\u0026sr=b\u0026sp=racwdxyltmei\u0026sig=Sanitized",
      "RequestMethod": "HEAD",
      "RequestHeaders": {
        "Accept": "application/xml",
        "traceparent": "00-949623cf6b11e8f628c5d7b1859b4f0a-5054eb61cd2386f1-00",
        "User-Agent": "azsdk-net-Storage.Blobs/12.20.0-alpha.20240408.1 (.NET 6.0.28; Microsoft Windows 10.0.22635)",
        "x-ms-client-request-id": "1d8297db-54e8-1bb4-8dc6-0cb834ea1ea4",
        "x-ms-return-client-request-id": "true",
        "x-ms-version": "2024-05-04"
      },
      "RequestBody": null,
      "StatusCode": 200,
      "ResponseHeaders": {
        "Accept-Ranges": "bytes",
        "Cache-Control": "no-cache",
        "Content-Disposition": "inline",
        "Content-Language": "en-US",
        "Content-Length": "0",
        "Content-MD5": "1B2M2Y8AsgTpgAmY7PhCfg==",
        "Content-Type": "text/plain",
        "Date": "Tue, 09 Apr 2024 20:22:34 GMT",
        "ETag": "\u00220x8DC58D2CA48CCDE\u0022",
        "Last-Modified": "Tue, 09 Apr 2024 20:22:33 GMT",
        "Server": [
          "Windows-Azure-Blob/1.0",
          "Microsoft-HTTPAPI/2.0"
        ],
        "x-ms-access-tier": "Cold",
        "x-ms-access-tier-change-time": "Tue, 09 Apr 2024 20:22:33 GMT",
        "x-ms-blob-type": "BlockBlob",
        "x-ms-client-request-id": "1d8297db-54e8-1bb4-8dc6-0cb834ea1ea4",
        "x-ms-creation-time": "Tue, 09 Apr 2024 20:22:33 GMT",
        "x-ms-is-current-version": "true",
        "x-ms-lease-state": "available",
        "x-ms-lease-status": "unlocked",
        "x-ms-meta-Capital": "letter",
        "x-ms-meta-foo": "bar",
        "x-ms-meta-meta": "data",
        "x-ms-meta-UPPER": "case",
        "x-ms-request-id": "47e4e838-401e-003e-64bb-8ae29e000000",
        "x-ms-server-encrypted": "true",
        "x-ms-version": "2024-05-04",
        "x-ms-version-id": "2024-04-09T20:22:33.9912926Z"
      },
      "ResponseBody": null
    },
    {
      "RequestUri": "https://amandadev2.blob.core.windows.net/test-container-91f91437-5a15-1c0b-3261-f6d18583df39/test-blob-4e1f84c0-d6f8-0d06-30ba-bf39be0f3353?sv=2024-05-04\u0026se=2024-04-10T20%3A22%3A33Z\u0026sr=b\u0026sp=racwdxyltmei\u0026sig=Sanitized",
      "RequestMethod": "HEAD",
      "RequestHeaders": {
        "Accept": "application/xml",
        "traceparent": "00-8b2c0a0296ad1d84f4873544bcd793fb-835232ddac5aa9a7-00",
        "User-Agent": "azsdk-net-Storage.Blobs/12.20.0-alpha.20240408.1 (.NET 6.0.28; Microsoft Windows 10.0.22635)",
        "x-ms-client-request-id": "3dc14baa-0a17-3b3f-bb24-00cf3f22c212",
        "x-ms-return-client-request-id": "true",
        "x-ms-version": "2024-05-04"
      },
      "RequestBody": null,
      "StatusCode": 200,
      "ResponseHeaders": {
        "Accept-Ranges": "bytes",
        "Cache-Control": "no-cache",
        "Content-Disposition": "inline",
        "Content-Language": "en-US",
        "Content-Length": "0",
        "Content-MD5": "1B2M2Y8AsgTpgAmY7PhCfg==",
        "Content-Type": "text/plain",
        "Date": "Tue, 09 Apr 2024 20:22:34 GMT",
        "ETag": "\u00220x8DC58D2CA681012\u0022",
        "Last-Modified": "Tue, 09 Apr 2024 20:22:34 GMT",
        "Server": [
          "Windows-Azure-Blob/1.0",
          "Microsoft-HTTPAPI/2.0"
        ],
        "x-ms-access-tier": "Cold",
        "x-ms-access-tier-change-time": "Tue, 09 Apr 2024 20:22:34 GMT",
        "x-ms-blob-type": "BlockBlob",
        "x-ms-client-request-id": "3dc14baa-0a17-3b3f-bb24-00cf3f22c212",
        "x-ms-creation-time": "Tue, 09 Apr 2024 20:22:34 GMT",
        "x-ms-is-current-version": "true",
        "x-ms-lease-state": "available",
        "x-ms-lease-status": "unlocked",
        "x-ms-meta-Capital": "letter",
        "x-ms-meta-foo": "bar",
        "x-ms-meta-meta": "data",
        "x-ms-meta-UPPER": "case",
        "x-ms-request-id": "47e4e864-401e-003e-0fbb-8ae29e000000",
        "x-ms-server-encrypted": "true",
        "x-ms-version": "2024-05-04",
        "x-ms-version-id": "2024-04-09T20:22:34.1961746Z"
      },
      "ResponseBody": null
    },
    {
      "RequestUri": "https://amandadev2.blob.core.windows.net/test-container-de1bdd82-9281-9cf4-9a4b-86561cd782e2/test-blob-a41a0244-1677-1b62-a966-dcb72009f3af?sv=2024-05-04\u0026se=2024-04-10T20%3A22%3A33Z\u0026sr=b\u0026sp=racwdxyltmei\u0026sig=Sanitized",
      "RequestMethod": "HEAD",
      "RequestHeaders": {
        "Accept": "application/xml",
        "traceparent": "00-8719681da38c379d9fd10c95cd762fb5-142b085e46317e30-00",
        "User-Agent": "azsdk-net-Storage.Blobs/12.20.0-alpha.20240408.1 (.NET 6.0.28; Microsoft Windows 10.0.22635)",
        "x-ms-client-request-id": "e80d521d-e128-bd8c-1f0d-0a7646f9a0ed",
        "x-ms-return-client-request-id": "true",
        "x-ms-version": "2024-05-04"
      },
      "RequestBody": null,
      "StatusCode": 200,
      "ResponseHeaders": {
        "Accept-Ranges": "bytes",
        "Cache-Control": "no-cache",
        "Content-Disposition": "inline",
        "Content-Language": "en-US",
        "Content-Length": "0",
        "Content-MD5": "1B2M2Y8AsgTpgAmY7PhCfg==",
        "Content-Type": "text/plain",
        "Date": "Tue, 09 Apr 2024 20:22:34 GMT",
        "ETag": "\u00220x8DC58D2CA48CCDE\u0022",
        "Last-Modified": "Tue, 09 Apr 2024 20:22:33 GMT",
        "Server": [
          "Windows-Azure-Blob/1.0",
          "Microsoft-HTTPAPI/2.0"
        ],
        "x-ms-access-tier": "Cold",
        "x-ms-access-tier-change-time": "Tue, 09 Apr 2024 20:22:33 GMT",
        "x-ms-blob-type": "BlockBlob",
        "x-ms-client-request-id": "e80d521d-e128-bd8c-1f0d-0a7646f9a0ed",
        "x-ms-creation-time": "Tue, 09 Apr 2024 20:22:33 GMT",
        "x-ms-is-current-version": "true",
        "x-ms-lease-state": "available",
        "x-ms-lease-status": "unlocked",
        "x-ms-meta-Capital": "letter",
        "x-ms-meta-foo": "bar",
        "x-ms-meta-meta": "data",
        "x-ms-meta-UPPER": "case",
        "x-ms-request-id": "47e4e894-401e-003e-35bb-8ae29e000000",
        "x-ms-server-encrypted": "true",
        "x-ms-version": "2024-05-04",
        "x-ms-version-id": "2024-04-09T20:22:33.9912926Z"
      },
      "ResponseBody": null
    },
    {
      "RequestUri": "https://amandadev2.blob.core.windows.net/test-container-91f91437-5a15-1c0b-3261-f6d18583df39/test-blob-4e1f84c0-d6f8-0d06-30ba-bf39be0f3353?sv=2024-05-04\u0026se=2024-04-10T20%3A22%3A33Z\u0026sr=b\u0026sp=racwdxyltmei\u0026sig=Sanitized",
      "RequestMethod": "HEAD",
      "RequestHeaders": {
        "Accept": "application/xml",
        "traceparent": "00-04945e84517b91a302a621ce026fbb0c-e16ba2edbe43c28d-00",
        "User-Agent": "azsdk-net-Storage.Blobs/12.20.0-alpha.20240408.1 (.NET 6.0.28; Microsoft Windows 10.0.22635)",
        "x-ms-client-request-id": "ecb149b2-d915-9fe9-f5c0-4e26c7f64ed4",
        "x-ms-return-client-request-id": "true",
        "x-ms-version": "2024-05-04"
      },
      "RequestBody": null,
      "StatusCode": 200,
      "ResponseHeaders": {
        "Accept-Ranges": "bytes",
        "Cache-Control": "no-cache",
        "Content-Disposition": "inline",
        "Content-Language": "en-US",
        "Content-Length": "0",
        "Content-MD5": "1B2M2Y8AsgTpgAmY7PhCfg==",
        "Content-Type": "text/plain",
        "Date": "Tue, 09 Apr 2024 20:22:34 GMT",
        "ETag": "\u00220x8DC58D2CA681012\u0022",
        "Last-Modified": "Tue, 09 Apr 2024 20:22:34 GMT",
        "Server": [
          "Windows-Azure-Blob/1.0",
          "Microsoft-HTTPAPI/2.0"
        ],
        "x-ms-access-tier": "Cold",
        "x-ms-access-tier-change-time": "Tue, 09 Apr 2024 20:22:34 GMT",
        "x-ms-blob-type": "BlockBlob",
        "x-ms-client-request-id": "ecb149b2-d915-9fe9-f5c0-4e26c7f64ed4",
        "x-ms-creation-time": "Tue, 09 Apr 2024 20:22:34 GMT",
        "x-ms-is-current-version": "true",
        "x-ms-lease-state": "available",
        "x-ms-lease-status": "unlocked",
        "x-ms-meta-Capital": "letter",
        "x-ms-meta-foo": "bar",
        "x-ms-meta-meta": "data",
        "x-ms-meta-UPPER": "case",
        "x-ms-request-id": "47e4e8c5-401e-003e-64bb-8ae29e000000",
        "x-ms-server-encrypted": "true",
        "x-ms-version": "2024-05-04",
        "x-ms-version-id": "2024-04-09T20:22:34.1961746Z"
      },
      "ResponseBody": null
    },
    {
      "RequestUri": "https://amandadev2.blob.core.windows.net/test-container-91f91437-5a15-1c0b-3261-f6d18583df39?restype=container",
      "RequestMethod": "DELETE",
      "RequestHeaders": {
        "Accept": "application/xml",
        "Authorization": "Sanitized",
        "traceparent": "00-26080f7d8052a80f5757b4f763d222a7-e4a55b599110856d-00",
        "User-Agent": "azsdk-net-Storage.Blobs/12.20.0-alpha.20240408.1 (.NET 6.0.28; Microsoft Windows 10.0.22635)",
        "x-ms-client-request-id": "fcc327e8-b348-25d7-41bc-3198ec5f10e9",
        "x-ms-date": "Tue, 09 Apr 2024 20:22:34 GMT",
        "x-ms-return-client-request-id": "true",
        "x-ms-version": "2024-05-04"
      },
      "RequestBody": null,
      "StatusCode": 202,
      "ResponseHeaders": {
        "Content-Length": "0",
        "Date": "Tue, 09 Apr 2024 20:22:34 GMT",
        "Server": [
          "Windows-Azure-Blob/1.0",
          "Microsoft-HTTPAPI/2.0"
        ],
        "x-ms-client-request-id": "fcc327e8-b348-25d7-41bc-3198ec5f10e9",
        "x-ms-request-id": "47e4e8f2-401e-003e-0ebb-8ae29e000000",
        "x-ms-version": "2024-05-04"
      },
      "ResponseBody": null
    },
    {
      "RequestUri": "https://amandadev2.blob.core.windows.net/test-container-de1bdd82-9281-9cf4-9a4b-86561cd782e2?restype=container",
      "RequestMethod": "DELETE",
      "RequestHeaders": {
        "Accept": "application/xml",
        "Authorization": "Sanitized",
        "traceparent": "00-98032a3fec037b0edcbaa4bdb1ea4500-44f477d81d3d2da0-00",
        "User-Agent": "azsdk-net-Storage.Blobs/12.20.0-alpha.20240408.1 (.NET 6.0.28; Microsoft Windows 10.0.22635)",
        "x-ms-client-request-id": "a03e47ff-5132-4e8c-4802-aabe1ac5f66d",
        "x-ms-date": "Tue, 09 Apr 2024 20:22:34 GMT",
        "x-ms-return-client-request-id": "true",
        "x-ms-version": "2024-05-04"
      },
      "RequestBody": null,
      "StatusCode": 202,
      "ResponseHeaders": {
        "Content-Length": "0",
        "Date": "Tue, 09 Apr 2024 20:22:34 GMT",
        "Server": [
          "Windows-Azure-Blob/1.0",
          "Microsoft-HTTPAPI/2.0"
        ],
        "x-ms-client-request-id": "a03e47ff-5132-4e8c-4802-aabe1ac5f66d",
        "x-ms-request-id": "47e4e91f-401e-003e-38bb-8ae29e000000",
        "x-ms-version": "2024-05-04"
      },
      "ResponseBody": null
    }
  ],
  "Variables": {
    "DateTimeOffsetNow": "2024-04-09T13:22:33.6303736-07:00",
    "RandomSeed": "1786080237",
    "Storage_TestConfigDefault": "ProductionTenant\namandadev2\nU2FuaXRpemVk\nhttps://amandadev2.blob.core.windows.net\nhttps://amandadev2.file.core.windows.net\nhttps://amandadev2.queue.core.windows.net\nhttps://amandadev2.table.core.windows.net\n\n\n\n\nhttps://amandadev2-secondary.blob.core.windows.net\nhttps://amandadev2-secondary.file.core.windows.net\nhttps://amandadev2-secondary.queue.core.windows.net\nhttps://amandadev2-secondary.table.core.windows.net\n\nSanitized\n\n\nCloud\nBlobEndpoint=https://amandadev2.blob.core.windows.net/;QueueEndpoint=https://amandadev2.queue.core.windows.net/;FileEndpoint=https://amandadev2.file.core.windows.net/;BlobSecondaryEndpoint=https://amandadev2-secondary.blob.core.windows.net/;QueueSecondaryEndpoint=https://amandadev2-secondary.queue.core.windows.net/;FileSecondaryEndpoint=https://amandadev2-secondary.file.core.windows.net/;AccountName=amandadev2;AccountKey=Sanitized\nencryptionScope\n\n"
  }
}
