{
  "Entries": [
    {
      "RequestUri": "https://amandadev2.file.core.windows.net/test-share-f3a99296-84ba-a1a6-0253-cd477428d2c1?restype=share",
      "RequestMethod": "PUT",
      "RequestHeaders": {
        "Accept": "application/xml",
        "Authorization": "Sanitized",
        "Content-Length": "0",
        "traceparent": "00-fbabc6f98ee85da4d66b53bf341fbe87-86824a836bada312-00",
        "User-Agent": "azsdk-net-Storage.Files.Shares/12.20.0-alpha.20240807.1 (.NET 6.0.32; Microsoft Windows 10.0.22635)",
        "x-ms-client-request-id": "Sanitized",
        "x-ms-date": "Wed, 07 Aug 2024 17:28:44 GMT",
        "x-ms-return-client-request-id": "true",
        "x-ms-version": "2024-11-04"
      },
      "RequestBody": null,
      "StatusCode": 201,
      "ResponseHeaders": {
        "Content-Length": "0",
        "Date": "Wed, 07 Aug 2024 17:28:44 GMT",
        "ETag": "\"0x8DCB70663C1B4E8\"",
        "Last-Modified": "Wed, 07 Aug 2024 17:28:45 GMT",
        "Server": [
          "Windows-Azure-File/1.0",
          "Microsoft-HTTPAPI/2.0"
        ],
        "x-ms-client-request-id": "Sanitized",
        "x-ms-request-id": "2027dcd7-501a-0050-6aef-e8b7b1000000",
        "x-ms-version": "2024-11-04"
      },
      "ResponseBody": null
    },
    {
      "RequestUri": "https://amandadev2.blob.core.windows.net/test-container-2e4e5e5c-3f4b-abfe-5a1d-21d4b5778ed9?restype=container",
      "RequestMethod": "PUT",
      "RequestHeaders": {
        "Accept": "application/xml",
        "Authorization": "Sanitized",
        "Content-Length": "0",
        "traceparent": "00-f99fad78fda244ce1738338cd61a1f57-934f5ea178dcca16-00",
        "User-Agent": "azsdk-net-Storage.Blobs/12.22.0-alpha.20240807.1 (.NET 6.0.32; Microsoft Windows 10.0.22635)",
        "x-ms-client-request-id": "Sanitized",
        "x-ms-date": "Wed, 07 Aug 2024 17:28:44 GMT",
        "x-ms-return-client-request-id": "true",
        "x-ms-version": "2024-11-04"
      },
      "RequestBody": null,
      "StatusCode": 201,
      "ResponseHeaders": {
        "Content-Length": "0",
        "Date": "Wed, 07 Aug 2024 17:28:45 GMT",
        "ETag": "\"0x8DCB70663CEC99B\"",
        "Last-Modified": "Wed, 07 Aug 2024 17:28:45 GMT",
        "Server": [
          "Windows-Azure-Blob/1.0",
          "Microsoft-HTTPAPI/2.0"
        ],
        "x-ms-client-request-id": "Sanitized",
        "x-ms-request-id": "1fa54fc8-701e-0078-2def-e8d619000000",
        "x-ms-version": "2024-11-04"
      },
      "ResponseBody": null
    },
    {
      "RequestUri": "https://amandadev2.file.core.windows.net/test-share-f3a99296-84ba-a1a6-0253-cd477428d2c1/test-blob-00afc018-c640-30f8-7ed6-f89753dc5baf",
      "RequestMethod": "PUT",
      "RequestHeaders": {
        "Accept": "application/xml",
        "Authorization": "Sanitized",
        "Content-Length": "0",
        "traceparent": "00-a93ae92447605063c79c7e06b24d870c-9354ceb796a57794-00",
        "User-Agent": "azsdk-net-Storage.Files.Shares/12.20.0-alpha.20240807.1 (.NET 6.0.32; Microsoft Windows 10.0.22635)",
        "x-ms-cache-control": "no-cache",
        "x-ms-client-request-id": "Sanitized",
        "x-ms-content-disposition": "inline",
        "x-ms-content-language": "en-US",
        "x-ms-content-length": "0",
        "x-ms-date": "Wed, 07 Aug 2024 17:28:44 GMT",
        "x-ms-file-attributes": "None",
        "x-ms-file-change-time": "2024-04-01T13:30:03.0000000Z",
        "x-ms-file-creation-time": "2024-04-01T09:05:55.0000000Z",
        "x-ms-file-last-write-time": "2024-04-01T12:16:06.0000000Z",
        "x-ms-file-permission": "Inherit",
        "x-ms-meta-Capital": "letter",
        "x-ms-meta-foo": "bar",
        "x-ms-meta-meta": "data",
        "x-ms-meta-UPPER": "case",
        "x-ms-return-client-request-id": "true",
        "x-ms-type": "file",
        "x-ms-version": "2024-11-04"
      },
      "RequestBody": null,
      "StatusCode": 201,
      "ResponseHeaders": {
        "Content-Length": "0",
        "Date": "Wed, 07 Aug 2024 17:28:44 GMT",
        "ETag": "\"0x8DCB70663DEADC0\"",
        "Last-Modified": "Wed, 07 Aug 2024 17:28:45 GMT",
        "Server": [
          "Windows-Azure-File/1.0",
          "Microsoft-HTTPAPI/2.0"
        ],
        "x-ms-client-request-id": "Sanitized",
        "x-ms-file-attributes": "Archive",
        "x-ms-file-change-time": "2024-04-01T13:30:03.0000000Z",
        "x-ms-file-creation-time": "2024-04-01T09:05:55.0000000Z",
        "x-ms-file-id": "13835128424026341376",
        "x-ms-file-last-write-time": "2024-04-01T12:16:06.0000000Z",
        "x-ms-file-parent-id": "0",
        "x-ms-file-permission-key": "13365936616355342650*1287379445297103284",
        "x-ms-request-id": "2027dcdb-501a-0050-6cef-e8b7b1000000",
        "x-ms-request-server-encrypted": "true",
        "x-ms-version": "2024-11-04"
      },
      "ResponseBody": null
    },
    {
      "RequestUri": "https://amandadev2.file.core.windows.net/test-share-f3a99296-84ba-a1a6-0253-cd477428d2c1/test-blob-00afc018-c640-30f8-7ed6-f89753dc5baf?sv=Sanitized&se=2024-08-08T17%3A28%3A44Z&sr=f&sp=rcwd&sig=Sanitized",
      "RequestMethod": "HEAD",
      "RequestHeaders": {
        "Accept": "application/xml",
        "traceparent": "00-5e088c8e38cee4064bc5ec7e52527fb9-c0317353bdf00c48-00",
        "User-Agent": "azsdk-net-Storage.Files.Shares/12.20.0-alpha.20240807.1 (.NET 6.0.32; Microsoft Windows 10.0.22635)",
        "x-ms-client-request-id": "Sanitized",
        "x-ms-return-client-request-id": "true",
        "x-ms-version": "2024-11-04"
      },
      "RequestBody": null,
      "StatusCode": 200,
      "ResponseHeaders": {
        "Cache-Control": "no-cache",
        "Content-Disposition": "inline",
        "Content-Language": "en-US",
        "Content-Length": "0",
        "Content-Type": "application/octet-stream",
        "Date": "Wed, 07 Aug 2024 17:28:44 GMT",
        "ETag": "\"0x8DCB70663DEADC0\"",
        "Last-Modified": "Wed, 07 Aug 2024 17:28:45 GMT",
        "Server": [
          "Windows-Azure-File/1.0",
          "Microsoft-HTTPAPI/2.0"
        ],
        "Vary": "Origin",
        "x-ms-client-request-id": "Sanitized",
        "x-ms-file-attributes": "Archive",
        "x-ms-file-change-time": "2024-04-01T13:30:03.0000000Z",
        "x-ms-file-creation-time": "2024-04-01T09:05:55.0000000Z",
        "x-ms-file-id": "13835128424026341376",
        "x-ms-file-last-write-time": "2024-04-01T12:16:06.0000000Z",
        "x-ms-file-parent-id": "0",
        "x-ms-file-permission-key": "13365936616355342650*1287379445297103284",
        "x-ms-lease-state": "available",
        "x-ms-lease-status": "unlocked",
        "x-ms-meta-Capital": "letter",
        "x-ms-meta-foo": "bar",
        "x-ms-meta-meta": "data",
        "x-ms-meta-UPPER": "case",
        "x-ms-request-id": "2027dcdc-501a-0050-6def-e8b7b1000000",
        "x-ms-server-encrypted": "true",
        "x-ms-type": "File",
        "x-ms-version": "2024-11-04"
      },
      "ResponseBody": null
    },
    {
      "RequestUri": "https://amandadev2.file.core.windows.net/test-share-f3a99296-84ba-a1a6-0253-cd477428d2c1/test-blob-00afc018-c640-30f8-7ed6-f89753dc5baf?sv=Sanitized&se=2024-08-08T17%3A28%3A44Z&sr=f&sp=rcwd&sig=Sanitized",
      "RequestMethod": "HEAD",
      "RequestHeaders": {
        "Accept": "application/xml",
        "traceparent": "00-1d587a233a5d986a0495a652c8abc998-2e458730ccc965c4-00",
        "User-Agent": "azsdk-net-Storage.Files.Shares/12.20.0-alpha.20240807.1 (.NET 6.0.32; Microsoft Windows 10.0.22635)",
        "x-ms-client-request-id": "Sanitized",
        "x-ms-return-client-request-id": "true",
        "x-ms-version": "2024-11-04"
      },
      "RequestBody": null,
      "StatusCode": 200,
      "ResponseHeaders": {
        "Cache-Control": "no-cache",
        "Content-Disposition": "inline",
        "Content-Language": "en-US",
        "Content-Length": "0",
        "Content-Type": "application/octet-stream",
        "Date": "Wed, 07 Aug 2024 17:28:44 GMT",
        "ETag": "\"0x8DCB70663DEADC0\"",
        "Last-Modified": "Wed, 07 Aug 2024 17:28:45 GMT",
        "Server": [
          "Windows-Azure-File/1.0",
          "Microsoft-HTTPAPI/2.0"
        ],
        "Vary": "Origin",
        "x-ms-client-request-id": "Sanitized",
        "x-ms-file-attributes": "Archive",
        "x-ms-file-change-time": "2024-04-01T13:30:03.0000000Z",
        "x-ms-file-creation-time": "2024-04-01T09:05:55.0000000Z",
        "x-ms-file-id": "13835128424026341376",
        "x-ms-file-last-write-time": "2024-04-01T12:16:06.0000000Z",
        "x-ms-file-parent-id": "0",
        "x-ms-file-permission-key": "13365936616355342650*1287379445297103284",
        "x-ms-lease-state": "available",
        "x-ms-lease-status": "unlocked",
        "x-ms-meta-Capital": "letter",
        "x-ms-meta-foo": "bar",
        "x-ms-meta-meta": "data",
        "x-ms-meta-UPPER": "case",
        "x-ms-request-id": "2027dcdd-501a-0050-6eef-e8b7b1000000",
        "x-ms-server-encrypted": "true",
        "x-ms-type": "File",
        "x-ms-version": "2024-11-04"
      },
      "ResponseBody": null
    },
    {
      "RequestUri": "https://amandadev2.blob.core.windows.net/test-container-2e4e5e5c-3f4b-abfe-5a1d-21d4b5778ed9/test-blob-a1569dff-e8ff-3e59-c216-ca1cde325162?sv=Sanitized&se=2024-08-08T17%3A28%3A44Z&sr=b&sp=racwdxyltmei&sig=Sanitized",
      "RequestMethod": "PUT",
      "RequestHeaders": {
        "Accept": "application/xml",
        "Content-Length": "0",
        "If-None-Match": "*",
        "traceparent": "00-27fa5251b15396e13018d89b59b05765-b89ea48d6f58fead-00",
        "User-Agent": "azsdk-net-Storage.Blobs/12.22.0-alpha.20240807.1 (.NET 6.0.32; Microsoft Windows 10.0.22635)",
        "x-ms-blob-cache-control": "no-cache",
        "x-ms-blob-content-disposition": "inline",
        "x-ms-blob-content-language": "en-US",
        "x-ms-blob-content-length": "0",
        "x-ms-blob-content-type": "application/octet-stream",
        "x-ms-blob-type": "PageBlob",
        "x-ms-client-request-id": "Sanitized",
        "x-ms-meta-Capital": "letter",
        "x-ms-meta-foo": "bar",
        "x-ms-meta-meta": "data",
        "x-ms-meta-UPPER": "case",
        "x-ms-return-client-request-id": "true",
        "x-ms-version": "2024-11-04"
      },
      "RequestBody": null,
      "StatusCode": 201,
      "ResponseHeaders": {
        "Content-Length": "0",
        "Date": "Wed, 07 Aug 2024 17:28:45 GMT",
        "ETag": "\"0x8DCB70664079630\"",
        "Last-Modified": "Wed, 07 Aug 2024 17:28:45 GMT",
        "Server": [
          "Windows-Azure-Blob/1.0",
          "Microsoft-HTTPAPI/2.0"
        ],
        "x-ms-client-request-id": "Sanitized",
        "x-ms-request-id": "1fa5504e-701e-0078-26ef-e8d619000000",
        "x-ms-request-server-encrypted": "true",
        "x-ms-version": "2024-11-04",
        "x-ms-version-id": "2024-08-07T17:28:45.5673392Z"
      },
      "ResponseBody": null
    },
    {
      "RequestUri": "https://amandadev2.file.core.windows.net/test-share-f3a99296-84ba-a1a6-0253-cd477428d2c1/test-blob-00afc018-c640-30f8-7ed6-f89753dc5baf?sv=Sanitized&se=2024-08-08T17%3A28%3A44Z&sr=f&sp=rcwd&sig=Sanitized",
      "RequestMethod": "HEAD",
      "RequestHeaders": {
        "Accept": "application/xml",
        "traceparent": "00-69e9ce951824e3606e9f85b2fb42b668-e25aaaa2c7fb2c5b-00",
        "User-Agent": "azsdk-net-Storage.Files.Shares/12.20.0-alpha.20240807.1 (.NET 6.0.32; Microsoft Windows 10.0.22635)",
        "x-ms-client-request-id": "Sanitized",
        "x-ms-return-client-request-id": "true",
        "x-ms-version": "2024-11-04"
      },
      "RequestBody": null,
      "StatusCode": 200,
      "ResponseHeaders": {
        "Cache-Control": "no-cache",
        "Content-Disposition": "inline",
        "Content-Language": "en-US",
        "Content-Length": "0",
        "Content-Type": "application/octet-stream",
        "Date": "Wed, 07 Aug 2024 17:28:45 GMT",
        "ETag": "\"0x8DCB70663DEADC0\"",
        "Last-Modified": "Wed, 07 Aug 2024 17:28:45 GMT",
        "Server": [
          "Windows-Azure-File/1.0",
          "Microsoft-HTTPAPI/2.0"
        ],
        "Vary": "Origin",
        "x-ms-client-request-id": "Sanitized",
        "x-ms-file-attributes": "Archive",
        "x-ms-file-change-time": "2024-04-01T13:30:03.0000000Z",
        "x-ms-file-creation-time": "2024-04-01T09:05:55.0000000Z",
        "x-ms-file-id": "13835128424026341376",
        "x-ms-file-last-write-time": "2024-04-01T12:16:06.0000000Z",
        "x-ms-file-parent-id": "0",
        "x-ms-file-permission-key": "13365936616355342650*1287379445297103284",
        "x-ms-lease-state": "available",
        "x-ms-lease-status": "unlocked",
        "x-ms-meta-Capital": "letter",
        "x-ms-meta-foo": "bar",
        "x-ms-meta-meta": "data",
        "x-ms-meta-UPPER": "case",
        "x-ms-request-id": "2027dcdf-501a-0050-70ef-e8b7b1000000",
        "x-ms-server-encrypted": "true",
        "x-ms-type": "File",
        "x-ms-version": "2024-11-04"
      },
      "ResponseBody": null
    },
    {
      "RequestUri": "https://amandadev2.blob.core.windows.net/test-container-2e4e5e5c-3f4b-abfe-5a1d-21d4b5778ed9/test-blob-a1569dff-e8ff-3e59-c216-ca1cde325162?sv=Sanitized&se=2024-08-08T17%3A28%3A44Z&sr=b&sp=racwdxyltmei&sig=Sanitized",
      "RequestMethod": "HEAD",
      "RequestHeaders": {
        "Accept": "application/xml",
        "traceparent": "00-f37705a311edb94596eea556984c6bfe-62466a3cff80557f-00",
        "User-Agent": "azsdk-net-Storage.Blobs/12.22.0-alpha.20240807.1 (.NET 6.0.32; Microsoft Windows 10.0.22635)",
        "x-ms-client-request-id": "Sanitized",
        "x-ms-return-client-request-id": "true",
        "x-ms-version": "2024-11-04"
      },
      "RequestBody": null,
      "StatusCode": 200,
      "ResponseHeaders": {
        "Accept-Ranges": "bytes",
        "Cache-Control": "no-cache",
        "Content-Disposition": "inline",
        "Content-Language": "en-US",
        "Content-Length": "0",
        "Content-Type": "application/octet-stream",
        "Date": "Wed, 07 Aug 2024 17:28:45 GMT",
        "ETag": "\"0x8DCB70664079630\"",
        "Last-Modified": "Wed, 07 Aug 2024 17:28:45 GMT",
        "Server": [
          "Windows-Azure-Blob/1.0",
          "Microsoft-HTTPAPI/2.0"
        ],
        "x-ms-blob-sequence-number": "0",
        "x-ms-blob-type": "PageBlob",
        "x-ms-client-request-id": "Sanitized",
        "x-ms-creation-time": "Wed, 07 Aug 2024 17:28:45 GMT",
        "x-ms-is-current-version": "true",
        "x-ms-lease-state": "available",
        "x-ms-lease-status": "unlocked",
        "x-ms-meta-Capital": "letter",
        "x-ms-meta-foo": "bar",
        "x-ms-meta-meta": "data",
        "x-ms-meta-UPPER": "case",
        "x-ms-request-id": "1fa55095-701e-0078-67ef-e8d619000000",
        "x-ms-server-encrypted": "true",
        "x-ms-version": "2024-11-04",
        "x-ms-version-id": "2024-08-07T17:28:45.5673392Z"
      },
      "ResponseBody": null
    },
    {
      "RequestUri": "https://amandadev2.file.core.windows.net/test-share-f3a99296-84ba-a1a6-0253-cd477428d2c1/test-blob-00afc018-c640-30f8-7ed6-f89753dc5baf?sv=Sanitized&se=2024-08-08T17%3A28%3A44Z&sr=f&sp=rcwd&sig=Sanitized",
      "RequestMethod": "HEAD",
      "RequestHeaders": {
        "Accept": "application/xml",
        "traceparent": "00-c73d6d97f459946c87314a5f5b46a75c-922351b0e83bde1b-00",
        "User-Agent": "azsdk-net-Storage.Files.Shares/12.20.0-alpha.20240807.1 (.NET 6.0.32; Microsoft Windows 10.0.22635)",
        "x-ms-client-request-id": "Sanitized",
        "x-ms-return-client-request-id": "true",
        "x-ms-version": "2024-11-04"
      },
      "RequestBody": null,
      "StatusCode": 200,
      "ResponseHeaders": {
        "Cache-Control": "no-cache",
        "Content-Disposition": "inline",
        "Content-Language": "en-US",
        "Content-Length": "0",
        "Content-Type": "application/octet-stream",
        "Date": "Wed, 07 Aug 2024 17:28:45 GMT",
        "ETag": "\"0x8DCB70663DEADC0\"",
        "Last-Modified": "Wed, 07 Aug 2024 17:28:45 GMT",
        "Server": [
          "Windows-Azure-File/1.0",
          "Microsoft-HTTPAPI/2.0"
        ],
        "Vary": "Origin",
        "x-ms-client-request-id": "Sanitized",
        "x-ms-file-attributes": "Archive",
        "x-ms-file-change-time": "2024-04-01T13:30:03.0000000Z",
        "x-ms-file-creation-time": "2024-04-01T09:05:55.0000000Z",
        "x-ms-file-id": "13835128424026341376",
        "x-ms-file-last-write-time": "2024-04-01T12:16:06.0000000Z",
        "x-ms-file-parent-id": "0",
        "x-ms-file-permission-key": "13365936616355342650*1287379445297103284",
        "x-ms-lease-state": "available",
        "x-ms-lease-status": "unlocked",
        "x-ms-meta-Capital": "letter",
        "x-ms-meta-foo": "bar",
        "x-ms-meta-meta": "data",
        "x-ms-meta-UPPER": "case",
        "x-ms-request-id": "2027dce1-501a-0050-72ef-e8b7b1000000",
        "x-ms-server-encrypted": "true",
        "x-ms-type": "File",
        "x-ms-version": "2024-11-04"
      },
      "ResponseBody": null
    },
    {
      "RequestUri": "https://amandadev2.blob.core.windows.net/test-container-2e4e5e5c-3f4b-abfe-5a1d-21d4b5778ed9/test-blob-a1569dff-e8ff-3e59-c216-ca1cde325162?sv=Sanitized&se=2024-08-08T17%3A28%3A44Z&sr=b&sp=racwdxyltmei&sig=Sanitized",
      "RequestMethod": "HEAD",
      "RequestHeaders": {
        "Accept": "application/xml",
        "traceparent": "00-d918b1255254510fdff95c7918a209b1-d863c663d3370a8c-00",
        "User-Agent": "azsdk-net-Storage.Blobs/12.22.0-alpha.20240807.1 (.NET 6.0.32; Microsoft Windows 10.0.22635)",
        "x-ms-client-request-id": "Sanitized",
        "x-ms-return-client-request-id": "true",
        "x-ms-version": "2024-11-04"
      },
      "RequestBody": null,
      "StatusCode": 200,
      "ResponseHeaders": {
        "Accept-Ranges": "bytes",
        "Cache-Control": "no-cache",
        "Content-Disposition": "inline",
        "Content-Language": "en-US",
        "Content-Length": "0",
        "Content-Type": "application/octet-stream",
        "Date": "Wed, 07 Aug 2024 17:28:45 GMT",
        "ETag": "\"0x8DCB70664079630\"",
        "Last-Modified": "Wed, 07 Aug 2024 17:28:45 GMT",
        "Server": [
          "Windows-Azure-Blob/1.0",
          "Microsoft-HTTPAPI/2.0"
        ],
        "x-ms-blob-sequence-number": "0",
        "x-ms-blob-type": "PageBlob",
        "x-ms-client-request-id": "Sanitized",
        "x-ms-creation-time": "Wed, 07 Aug 2024 17:28:45 GMT",
        "x-ms-is-current-version": "true",
        "x-ms-lease-state": "available",
        "x-ms-lease-status": "unlocked",
        "x-ms-meta-Capital": "letter",
        "x-ms-meta-foo": "bar",
        "x-ms-meta-meta": "data",
        "x-ms-meta-UPPER": "case",
        "x-ms-request-id": "1fa550ce-701e-0078-1aef-e8d619000000",
        "x-ms-server-encrypted": "true",
        "x-ms-version": "2024-11-04",
        "x-ms-version-id": "2024-08-07T17:28:45.5673392Z"
      },
      "ResponseBody": null
    },
    {
      "RequestUri": "https://amandadev2.blob.core.windows.net/test-container-2e4e5e5c-3f4b-abfe-5a1d-21d4b5778ed9?restype=container",
      "RequestMethod": "DELETE",
      "RequestHeaders": {
        "Accept": "application/xml",
        "Authorization": "Sanitized",
        "traceparent": "00-9e06f2d255bfbfbf37a48b943e40c5b0-0e753d5cd386a558-00",
        "User-Agent": "azsdk-net-Storage.Blobs/12.22.0-alpha.20240807.1 (.NET 6.0.32; Microsoft Windows 10.0.22635)",
        "x-ms-client-request-id": "Sanitized",
        "x-ms-date": "Wed, 07 Aug 2024 17:28:44 GMT",
        "x-ms-return-client-request-id": "true",
        "x-ms-version": "2024-11-04"
      },
      "RequestBody": null,
      "StatusCode": 202,
      "ResponseHeaders": {
        "Content-Length": "0",
        "Date": "Wed, 07 Aug 2024 17:28:46 GMT",
        "Server": [
          "Windows-Azure-Blob/1.0",
          "Microsoft-HTTPAPI/2.0"
        ],
        "x-ms-client-request-id": "Sanitized",
        "x-ms-request-id": "1fa550e3-701e-0078-2fef-e8d619000000",
        "x-ms-version": "2024-11-04"
      },
      "ResponseBody": null
    },
    {
      "RequestUri": "https://amandadev2.file.core.windows.net/test-share-f3a99296-84ba-a1a6-0253-cd477428d2c1?restype=share",
      "RequestMethod": "DELETE",
      "RequestHeaders": {
        "Accept": "application/xml",
        "Authorization": "Sanitized",
        "traceparent": "00-1bf1e0a9a6a288af0f8413b6b79fe800-d309580ddd1f15ab-00",
        "User-Agent": "azsdk-net-Storage.Files.Shares/12.20.0-alpha.20240807.1 (.NET 6.0.32; Microsoft Windows 10.0.22635)",
        "x-ms-client-request-id": "Sanitized",
        "x-ms-date": "Wed, 07 Aug 2024 17:28:45 GMT",
        "x-ms-delete-snapshots": "include",
        "x-ms-return-client-request-id": "true",
        "x-ms-version": "2024-11-04"
      },
      "RequestBody": null,
      "StatusCode": 202,
      "ResponseHeaders": {
        "Content-Length": "0",
        "Date": "Wed, 07 Aug 2024 17:28:45 GMT",
        "Server": [
          "Windows-Azure-File/1.0",
          "Microsoft-HTTPAPI/2.0"
        ],
        "x-ms-client-request-id": "Sanitized",
        "x-ms-request-id": "2027dce2-501a-0050-73ef-e8b7b1000000",
        "x-ms-version": "2024-11-04"
      },
      "ResponseBody": null
    }
  ],
  "Variables": {
    "DateTimeOffsetNow": "2024-08-07T10:28:44.2816666-07:00",
    "RandomSeed": "2013070417",
    "Storage_TestConfigDefault": "ProductionTenant\namandadev2\nU2FuaXRpemVk\nhttps://amandadev2.blob.core.windows.net\nhttps://amandadev2.file.core.windows.net\nhttps://amandadev2.queue.core.windows.net\nhttps://amandadev2.table.core.windows.net\n\n\n\n\nhttps://amandadev2-secondary.blob.core.windows.net\nhttps://amandadev2-secondary.file.core.windows.net\nhttps://amandadev2-secondary.queue.core.windows.net\nhttps://amandadev2-secondary.table.core.windows.net\nCloud\nBlobEndpoint=https://amandadev2.blob.core.windows.net/;QueueEndpoint=https://amandadev2.queue.core.windows.net/;FileEndpoint=https://amandadev2.file.core.windows.net/;BlobSecondaryEndpoint=https://amandadev2-secondary.blob.core.windows.net/;QueueSecondaryEndpoint=https://amandadev2-secondary.queue.core.windows.net/;FileSecondaryEndpoint=https://amandadev2-secondary.file.core.windows.net/;AccountName=amandadev2;AccountKey=Sanitized\nencryptionScope\n\n"
  }
}
