{
  "Entries": [
    {
      "RequestUri": "https://seancanary.file.core.windows.net/test-share-d381c145-f514-c4d8-3947-f3edde3f0577?restype=share",
      "RequestMethod": "PUT",
      "RequestHeaders": {
        "Accept": "application/xml",
        "Authorization": "Sanitized",
        "Content-Length": "0",
        "traceparent": "00-30594b2070da54275fb056276b12e23d-38379f72fef00a07-00",
        "User-Agent": "azsdk-net-Storage.Files.Shares/12.19.0-alpha.20240606.1 (.NET 7.0.20; Microsoft Windows 10.0.22631)",
        "x-ms-client-request-id": "Sanitized",
        "x-ms-date": "Fri, 07 Jun 2024 01:05:49 GMT",
        "x-ms-return-client-request-id": "true",
        "x-ms-version": "2024-08-04"
      },
      "RequestBody": null,
      "StatusCode": 201,
      "ResponseHeaders": {
        "Content-Length": "0",
        "Date": "Fri, 07 Jun 2024 01:05:50 GMT",
        "ETag": "\"0x8DC868DF91CF0FD\"",
        "Last-Modified": "Fri, 07 Jun 2024 01:05:50 GMT",
        "Server": [
          "Windows-Azure-File/1.0",
          "Microsoft-HTTPAPI/2.0"
        ],
        "x-ms-client-request-id": "Sanitized",
        "x-ms-request-id": "09908989-601a-002f-7276-b8fbea000000",
        "x-ms-version": "2024-08-04"
      },
      "ResponseBody": null
    },
    {
      "RequestUri": "https://seancanary.blob.core.windows.net/test-container-77a93549-592a-a0fc-81f7-9dfd8bd09174?restype=container",
      "RequestMethod": "PUT",
      "RequestHeaders": {
        "Accept": "application/xml",
        "Authorization": "Sanitized",
        "Content-Length": "0",
        "traceparent": "00-0ebc78730d70f6cea5eab32e8a217d59-491eda3a3c018c6a-00",
        "User-Agent": "azsdk-net-Storage.Blobs/12.21.0-alpha.20240606.1 (.NET 7.0.20; Microsoft Windows 10.0.22631)",
        "x-ms-client-request-id": "Sanitized",
        "x-ms-date": "Fri, 07 Jun 2024 01:05:49 GMT",
        "x-ms-return-client-request-id": "true",
        "x-ms-version": "2024-08-04"
      },
      "RequestBody": null,
      "StatusCode": 201,
      "ResponseHeaders": {
        "Content-Length": "0",
        "Date": "Fri, 07 Jun 2024 01:05:50 GMT",
        "ETag": "\"0x8DC868DF9380A35\"",
        "Last-Modified": "Fri, 07 Jun 2024 01:05:50 GMT",
        "Server": [
          "Windows-Azure-Blob/1.0",
          "Microsoft-HTTPAPI/2.0"
        ],
        "x-ms-client-request-id": "Sanitized",
        "x-ms-request-id": "38189383-101e-0035-5b76-b89a35000000",
        "x-ms-version": "2024-08-04"
      },
      "ResponseBody": null
    },
    {
      "RequestUri": "https://seancanary.blob.core.windows.net/test-container-77a93549-592a-a0fc-81f7-9dfd8bd09174/test-blob-b1d531c1-9412-9159-a0ee-db49f231c9d7",
      "RequestMethod": "PUT",
      "RequestHeaders": {
        "Accept": "application/xml",
        "Authorization": "Sanitized",
        "Content-Length": "0",
        "If-None-Match": "*",
        "traceparent": "00-198c937140d7c609db605c33904190b1-d553a4a40d95ddae-00",
        "User-Agent": "azsdk-net-Storage.Blobs/12.21.0-alpha.20240606.1 (.NET 7.0.20; Microsoft Windows 10.0.22631)",
        "x-ms-blob-content-length": "1024",
        "x-ms-blob-type": "PageBlob",
        "x-ms-client-request-id": "Sanitized",
        "x-ms-date": "Fri, 07 Jun 2024 01:05:49 GMT",
        "x-ms-return-client-request-id": "true",
        "x-ms-version": "2024-08-04"
      },
      "RequestBody": null,
      "StatusCode": 201,
      "ResponseHeaders": {
        "Content-Length": "0",
        "Date": "Fri, 07 Jun 2024 01:05:50 GMT",
        "ETag": "\"0x8DC868DF948DF3E\"",
        "Last-Modified": "Fri, 07 Jun 2024 01:05:51 GMT",
        "Server": [
          "Windows-Azure-Blob/1.0",
          "Microsoft-HTTPAPI/2.0"
        ],
        "x-ms-client-request-id": "Sanitized",
        "x-ms-request-id": "3818938f-101e-0035-6476-b89a35000000",
        "x-ms-request-server-encrypted": "true",
        "x-ms-version": "2024-08-04",
        "x-ms-version-id": "2024-06-07T01:05:51.0581054Z"
      },
      "ResponseBody": null
    },
    {
      "RequestUri": "https://seancanary.blob.core.windows.net/test-container-77a93549-592a-a0fc-81f7-9dfd8bd09174/test-blob-b1d531c1-9412-9159-a0ee-db49f231c9d7?comp=page",
      "RequestMethod": "PUT",
      "RequestHeaders": {
        "Accept": "application/xml",
        "Authorization": "Sanitized",
        "Content-Length": "1024",
        "Content-Type": "application/octet-stream",
        "traceparent": "00-e2735faf3fe3afb7668dc4444d6addda-a25320fae1a153b8-00",
        "User-Agent": "azsdk-net-Storage.Blobs/12.21.0-alpha.20240606.1 (.NET 7.0.20; Microsoft Windows 10.0.22631)",
        "x-ms-client-request-id": "Sanitized",
        "x-ms-date": "Fri, 07 Jun 2024 01:05:49 GMT",
        "x-ms-page-write": "update",
        "x-ms-range": "bytes=0-1023",
        "x-ms-return-client-request-id": "true",
        "x-ms-version": "2024-08-04"
      },
      "RequestBody": "p8e9peYPxjl2NIou4mjN98YzL4aftOiZcQhNt7qbezlljRjVpsIBUqRPT1WvL5iijKqULerpXfPeJDPdwg9/27hQyVVQ+FAEMtziUGST6UJvqioPB05PezAk94KOI5CU0HScX2VCUpRakPoOBwyOSzrxbhfkb9RpAU0lKwHOdQ9LTYDw9ordLFiWtXZTQHMjlatInbV5sGCfM10XHSaSjBrrw7qMnlSvE0G/TrpdFcDZAZZVhdhZ0Z0fUMMtxQ8xAylcaH25l/dWmIlzumGmQh2cPRuQPQZCkfEcbE2Rgk4yjUqQAa1DIGqf/u1O5Rc7eQ6mkIjzocYjGdaMnSupxRY7QS0XFUBvWR2x8D4Y86va4PI/6/HFPuuEbefXt4I/9TjWEqTpJGTNNjdqQbCHCiUqsbw4atoldQJBk6dYmKGacvoFQuAH8LyOcbS5W/06/GPBrAXGBotesZ2hqJG8dJ2Vz8+2gcdFIsH/qvglaxoFBpZEluuc1Gtvp5BDZUcr0vwWI4wthHubfIpExlySOUaDnKL6eN2y+fpkRto3Abx51Nf8DkeO2IEaqBlhVw4P3G1KwMmlMFkeZCqRyT2hZHvNy/GEliv+9cMg4NDDUKLrVGps7EDz06N+3akd/A9EeEOelIwcikZCTMsFhVCJWhSHpXTTNXg62fdNBriB4Pi03GeMJbwWz8okKaB17U5T9IKVlVaacEPLY7qUz4SNwGvTUKno/TVXcdaqrwvXxeyp+RE27EqhGmsjwMIBgQBFlmk0opyla/dNPSSA8ME4853O6tVzV9QgMTY9xDxyVvDWZBiioyNPBI4a6K4mISmq680kMpYr0j+UE3BlZ6e72uY0qouolk96f+ZGWW4l+hANk9hvTiNZq5LZDZCy6Z3nXg7H8nadAVV9qrOw5HnRbhhgWNTOS4zC2v/5z4i/x5VIX/pgXgeZb5GD8qNwqMYZB553UpHIGROBBBd3pDLMveMeZ4V/cRARxuhCSlnoUjE44MfpSHQDgEbm3lnvIctftjTAUkFBmZaOZouohc65mLLmP8Nq43VuGuc/mJO3IaQc45QkKADw9kYxW+HoW/p3LUWmCeIH9NO/UTdZAgED1kXnjKE6lHCx9Uh9OYiThr/tx2pNEBfCFO/AZdfIlvNFLYScAc5YPJjU9BSZirpLLMp4bDuWtcYtJXeyeS+Z6V5UNwsD9oXwlIrSeBsDKIk0dTkMTyq4rni+btxXpsNpOwu1RFOvRzVFiNiwxDyqKvztfQT2jJk0nImTRYeomO7HaT0QTeM2hS0DxsdSCOk7FETfaii+cq5ygKjJHAKunPDp6Vv/mdwZtvjW8sbS4pOgVzFDyS7GCPaOnsw6bWkrVQ==",
      "StatusCode": 201,
      "ResponseHeaders": {
        "Content-Length": "0",
        "Date": "Fri, 07 Jun 2024 01:05:50 GMT",
        "ETag": "\"0x8DC868DF956E7CC\"",
        "Last-Modified": "Fri, 07 Jun 2024 01:05:51 GMT",
        "Server": [
          "Windows-Azure-Blob/1.0",
          "Microsoft-HTTPAPI/2.0"
        ],
        "x-ms-blob-sequence-number": "0",
        "x-ms-client-request-id": "Sanitized",
        "x-ms-content-crc64": "AwbeuvhxCsw=",
        "x-ms-request-id": "381893a6-101e-0035-7776-b89a35000000",
        "x-ms-request-server-encrypted": "true",
        "x-ms-version": "2024-08-04"
      },
      "ResponseBody": null
    },
    {
      "RequestUri": "https://seancanary.file.core.windows.net/test-share-d381c145-f514-c4d8-3947-f3edde3f0577/test-blob-2056c424-9009-0e9b-dcaa-5ddb5d3d3347",
      "RequestMethod": "PUT",
      "RequestHeaders": {
        "Accept": "application/xml",
        "Authorization": "Sanitized",
        "Content-Length": "0",
        "traceparent": "00-c874daa06c64765be0c554898060c72f-63939f47d20fed2a-00",
        "User-Agent": "azsdk-net-Storage.Files.Shares/12.19.0-alpha.20240606.1 (.NET 7.0.20; Microsoft Windows 10.0.22631)",
        "x-ms-client-request-id": "Sanitized",
        "x-ms-content-length": "1024",
        "x-ms-date": "Fri, 07 Jun 2024 01:05:49 GMT",
        "x-ms-file-attributes": "None",
        "x-ms-file-creation-time": "Now",
        "x-ms-file-last-write-time": "Now",
        "x-ms-file-permission": "Inherit",
        "x-ms-return-client-request-id": "true",
        "x-ms-type": "file",
        "x-ms-version": "2024-08-04"
      },
      "RequestBody": null,
      "StatusCode": 201,
      "ResponseHeaders": {
        "Content-Length": "0",
        "Date": "Fri, 07 Jun 2024 01:05:50 GMT",
        "ETag": "\"0x8DC868DF96FF4B2\"",
        "Last-Modified": "Fri, 07 Jun 2024 01:05:51 GMT",
        "Server": [
          "Windows-Azure-File/1.0",
          "Microsoft-HTTPAPI/2.0"
        ],
        "x-ms-client-request-id": "Sanitized",
        "x-ms-file-attributes": "Archive",
        "x-ms-file-change-time": "2024-06-07T01:05:51.3142450Z",
        "x-ms-file-creation-time": "2024-06-07T01:05:51.3142450Z",
        "x-ms-file-id": "13835128424026341376",
        "x-ms-file-last-write-time": "2024-06-07T01:05:51.3142450Z",
        "x-ms-file-parent-id": "0",
        "x-ms-file-permission-key": "17160240204029858152*5081612660206631398",
        "x-ms-request-id": "0990898d-601a-002f-7376-b8fbea000000",
        "x-ms-request-server-encrypted": "true",
        "x-ms-version": "2024-08-04"
      },
      "ResponseBody": null
    },
    {
      "RequestUri": "https://seancanary.file.core.windows.net/test-share-d381c145-f514-c4d8-3947-f3edde3f0577/test-blob-2056c424-9009-0e9b-dcaa-5ddb5d3d3347?sv=Sanitized&se=2024-06-08T01%3A05%3A49Z&sr=f&sp=rcwd&sig=Sanitized",
      "RequestMethod": "HEAD",
      "RequestHeaders": {
        "Accept": "application/xml",
        "traceparent": "00-7c9bb7a8d8891edc8a207b1789f2f761-a4a587b572971450-00",
        "User-Agent": "azsdk-net-Storage.Files.Shares/12.19.0-alpha.20240606.1 (.NET 7.0.20; Microsoft Windows 10.0.22631)",
        "x-ms-client-request-id": "Sanitized",
        "x-ms-return-client-request-id": "true",
        "x-ms-version": "2024-08-04"
      },
      "RequestBody": null,
      "StatusCode": 200,
      "ResponseHeaders": {
        "Content-Length": "1024",
        "Content-Type": "application/octet-stream",
        "Date": "Fri, 07 Jun 2024 01:05:50 GMT",
        "ETag": "\"0x8DC868DF96FF4B2\"",
        "Last-Modified": "Fri, 07 Jun 2024 01:05:51 GMT",
        "Server": [
          "Windows-Azure-File/1.0",
          "Microsoft-HTTPAPI/2.0"
        ],
        "x-ms-client-request-id": "Sanitized",
        "x-ms-file-attributes": "Archive",
        "x-ms-file-change-time": "2024-06-07T01:05:51.3142450Z",
        "x-ms-file-creation-time": "2024-06-07T01:05:51.3142450Z",
        "x-ms-file-id": "13835128424026341376",
        "x-ms-file-last-write-time": "2024-06-07T01:05:51.3142450Z",
        "x-ms-file-parent-id": "0",
        "x-ms-file-permission-key": "17160240204029858152*5081612660206631398",
        "x-ms-lease-state": "available",
        "x-ms-lease-status": "unlocked",
        "x-ms-request-id": "0990898e-601a-002f-7476-b8fbea000000",
        "x-ms-server-encrypted": "true",
        "x-ms-type": "File",
        "x-ms-version": "2024-08-04"
      },
      "ResponseBody": null
    },
    {
      "RequestUri": "https://seancanary.file.core.windows.net/test-share-d381c145-f514-c4d8-3947-f3edde3f0577/test-blob-2056c424-9009-0e9b-dcaa-5ddb5d3d3347?sv=Sanitized&se=2024-06-08T01%3A05%3A49Z&sr=f&sp=rcwd&sig=Sanitized",
      "RequestMethod": "HEAD",
      "RequestHeaders": {
        "Accept": "application/xml",
        "traceparent": "00-420648c0e0614cdb0fc3ae5ab1087c70-f9f9658ff3fd266b-00",
        "User-Agent": "azsdk-net-Storage.Files.Shares/12.19.0-alpha.20240606.1 (.NET 7.0.20; Microsoft Windows 10.0.22631)",
        "x-ms-client-request-id": "Sanitized",
        "x-ms-return-client-request-id": "true",
        "x-ms-version": "2024-08-04"
      },
      "RequestBody": null,
      "StatusCode": 200,
      "ResponseHeaders": {
        "Content-Length": "1024",
        "Content-Type": "application/octet-stream",
        "Date": "Fri, 07 Jun 2024 01:05:50 GMT",
        "ETag": "\"0x8DC868DF96FF4B2\"",
        "Last-Modified": "Fri, 07 Jun 2024 01:05:51 GMT",
        "Server": [
          "Windows-Azure-File/1.0",
          "Microsoft-HTTPAPI/2.0"
        ],
        "x-ms-client-request-id": "Sanitized",
        "x-ms-file-attributes": "Archive",
        "x-ms-file-change-time": "2024-06-07T01:05:51.3142450Z",
        "x-ms-file-creation-time": "2024-06-07T01:05:51.3142450Z",
        "x-ms-file-id": "13835128424026341376",
        "x-ms-file-last-write-time": "2024-06-07T01:05:51.3142450Z",
        "x-ms-file-parent-id": "0",
        "x-ms-file-permission-key": "17160240204029858152*5081612660206631398",
        "x-ms-lease-state": "available",
        "x-ms-lease-status": "unlocked",
        "x-ms-request-id": "0990898f-601a-002f-7576-b8fbea000000",
        "x-ms-server-encrypted": "true",
        "x-ms-type": "File",
        "x-ms-version": "2024-08-04"
      },
      "ResponseBody": null
    },
    {
      "RequestUri": "https://seancanary.blob.core.windows.net/test-container-77a93549-592a-a0fc-81f7-9dfd8bd09174/test-blob-b1d531c1-9412-9159-a0ee-db49f231c9d7?sv=Sanitized&se=2024-06-08T01%3A05%3A49Z&sr=b&sp=racwdxyltmei&sig=Sanitized",
      "RequestMethod": "PUT",
      "RequestHeaders": {
        "Accept": "application/xml",
        "Content-Length": "0",
        "If-None-Match": "*",
        "traceparent": "00-75ae93d052d6fd0e15529c726ad88dec-64cd1fb53e539bf9-00",
        "User-Agent": "azsdk-net-Storage.Blobs/12.21.0-alpha.20240606.1 (.NET 7.0.20; Microsoft Windows 10.0.22631)",
        "x-ms-blob-content-length": "1024",
        "x-ms-blob-content-type": "application/octet-stream",
        "x-ms-blob-type": "PageBlob",
        "x-ms-client-request-id": "Sanitized",
        "x-ms-return-client-request-id": "true",
        "x-ms-version": "2024-08-04"
      },
      "RequestBody": null,
      "StatusCode": 409,
      "ResponseHeaders": {
        "Content-Length": "220",
        "Content-Type": "application/xml",
        "Date": "Fri, 07 Jun 2024 01:05:50 GMT",
        "Server": [
          "Windows-Azure-Blob/1.0",
          "Microsoft-HTTPAPI/2.0"
        ],
        "x-ms-client-request-id": "Sanitized",
        "x-ms-error-code": "BlobAlreadyExists",
        "x-ms-request-id": "381893f4-101e-0035-3c76-b89a35000000",
        "x-ms-version": "2024-08-04"
      },
      "ResponseBody": [
        "\uFEFF<?xml version=\"1.0\" encoding=\"utf-8\"?><Error><Code>BlobAlreadyExists</Code><Message>The specified blob already exists.\n",
        "RequestId:381893f4-101e-0035-3c76-b89a35000000\n",
        "Time:2024-06-07T01:05:51.5456016Z</Message></Error>"
      ]
    },
    {
      "RequestUri": "https://seancanary.blob.core.windows.net/test-container-77a93549-592a-a0fc-81f7-9dfd8bd09174?restype=container",
      "RequestMethod": "DELETE",
      "RequestHeaders": {
        "Accept": "application/xml",
        "Authorization": "Sanitized",
        "traceparent": "00-c1708039ce692a42d1d1f85d296a6dd4-2df5ae0392395ca5-00",
        "User-Agent": "azsdk-net-Storage.Blobs/12.21.0-alpha.20240606.1 (.NET 7.0.20; Microsoft Windows 10.0.22631)",
        "x-ms-client-request-id": "Sanitized",
        "x-ms-date": "Fri, 07 Jun 2024 01:05:50 GMT",
        "x-ms-return-client-request-id": "true",
        "x-ms-version": "2024-08-04"
      },
      "RequestBody": null,
      "StatusCode": 202,
      "ResponseHeaders": {
        "Content-Length": "0",
        "Date": "Fri, 07 Jun 2024 01:05:51 GMT",
        "Server": [
          "Windows-Azure-Blob/1.0",
          "Microsoft-HTTPAPI/2.0"
        ],
        "x-ms-client-request-id": "Sanitized",
        "x-ms-request-id": "3818941c-101e-0035-6276-b89a35000000",
        "x-ms-version": "2024-08-04"
      },
      "ResponseBody": null
    },
    {
      "RequestUri": "https://seancanary.file.core.windows.net/test-share-d381c145-f514-c4d8-3947-f3edde3f0577?restype=share",
      "RequestMethod": "DELETE",
      "RequestHeaders": {
        "Accept": "application/xml",
        "Authorization": "Sanitized",
        "traceparent": "00-05e228588e512a30efa5b82787cc4ce9-585158445c63c4ac-00",
        "User-Agent": "azsdk-net-Storage.Files.Shares/12.19.0-alpha.20240606.1 (.NET 7.0.20; Microsoft Windows 10.0.22631)",
        "x-ms-client-request-id": "Sanitized",
        "x-ms-date": "Fri, 07 Jun 2024 01:05:50 GMT",
        "x-ms-delete-snapshots": "include",
        "x-ms-return-client-request-id": "true",
        "x-ms-version": "2024-08-04"
      },
      "RequestBody": null,
      "StatusCode": 202,
      "ResponseHeaders": {
        "Content-Length": "0",
        "Date": "Fri, 07 Jun 2024 01:05:51 GMT",
        "Server": [
          "Windows-Azure-File/1.0",
          "Microsoft-HTTPAPI/2.0"
        ],
        "x-ms-client-request-id": "Sanitized",
        "x-ms-request-id": "09908990-601a-002f-7676-b8fbea000000",
        "x-ms-version": "2024-08-04"
      },
      "ResponseBody": null
    }
  ],
  "Variables": {
    "DateTimeOffsetNow": "2024-06-06T20:05:49.6558792-05:00",
    "RandomSeed": "1026053238",
    "Storage_TestConfigDefault": "ProductionTenant\nseancanary\nU2FuaXRpemVk\nhttps://seancanary.blob.core.windows.net\nhttps://seancanary.file.core.windows.net\nhttps://seancanary.queue.core.windows.net\nhttps://seancanary.table.core.windows.net\n\n\n\n\nhttps://seancanary-secondary.blob.core.windows.net\nhttps://seancanary-secondary.file.core.windows.net\nhttps://seancanary-secondary.queue.core.windows.net\nhttps://seancanary-secondary.table.core.windows.net\nCloud\nBlobEndpoint=https://seancanary.blob.core.windows.net/;QueueEndpoint=https://seancanary.queue.core.windows.net/;FileEndpoint=https://seancanary.file.core.windows.net/;BlobSecondaryEndpoint=https://seancanary-secondary.blob.core.windows.net/;QueueSecondaryEndpoint=https://seancanary-secondary.queue.core.windows.net/;FileSecondaryEndpoint=https://seancanary-secondary.file.core.windows.net/;AccountName=seancanary;AccountKey=Sanitized\nseanscope1\n\n"
  }
}
