{
  "Entries": [
    {
      "RequestUri": "https://amandadev2.file.core.windows.net/test-share-e303803b-7d00-57dd-ee03-23a5bf515e63?restype=share",
      "RequestMethod": "PUT",
      "RequestHeaders": {
        "Accept": "application/xml",
        "Authorization": "Sanitized",
        "Content-Length": "0",
        "traceparent": "00-984adf756d58fc7c00de9d42a81c013d-72e05696864ac48a-00",
        "User-Agent": "azsdk-net-Storage.Files.Shares/12.20.0-alpha.20240807.1 (.NET 6.0.32; Microsoft Windows 10.0.22635)",
        "x-ms-client-request-id": "Sanitized",
        "x-ms-date": "Wed, 07 Aug 2024 17:02:24 GMT",
        "x-ms-return-client-request-id": "true",
        "x-ms-version": "2024-11-04"
      },
      "RequestBody": null,
      "StatusCode": 201,
      "ResponseHeaders": {
        "Content-Length": "0",
        "Date": "Wed, 07 Aug 2024 17:02:25 GMT",
        "ETag": "\"0x8DCB702B68BC99B\"",
        "Last-Modified": "Wed, 07 Aug 2024 17:02:26 GMT",
        "Server": [
          "Windows-Azure-File/1.0",
          "Microsoft-HTTPAPI/2.0"
        ],
        "x-ms-client-request-id": "Sanitized",
        "x-ms-request-id": "0f1b16d7-401a-0011-2feb-e8ef55000000",
        "x-ms-version": "2024-11-04"
      },
      "ResponseBody": null
    },
    {
      "RequestUri": "https://amandadev2.blob.core.windows.net/test-container-8a4e4e47-3cf2-3d04-1c10-775db23d31f8?restype=container",
      "RequestMethod": "PUT",
      "RequestHeaders": {
        "Accept": "application/xml",
        "Authorization": "Sanitized",
        "Content-Length": "0",
        "traceparent": "00-ae281b56213e8626a7caf81b214222a1-49ae264efe9d8b49-00",
        "User-Agent": "azsdk-net-Storage.Blobs/12.22.0-alpha.20240807.1 (.NET 6.0.32; Microsoft Windows 10.0.22635)",
        "x-ms-client-request-id": "Sanitized",
        "x-ms-date": "Wed, 07 Aug 2024 17:02:25 GMT",
        "x-ms-return-client-request-id": "true",
        "x-ms-version": "2024-11-04"
      },
      "RequestBody": null,
      "StatusCode": 201,
      "ResponseHeaders": {
        "Content-Length": "0",
        "Date": "Wed, 07 Aug 2024 17:02:25 GMT",
        "ETag": "\"0x8DCB702B69589DA\"",
        "Last-Modified": "Wed, 07 Aug 2024 17:02:26 GMT",
        "Server": [
          "Windows-Azure-Blob/1.0",
          "Microsoft-HTTPAPI/2.0"
        ],
        "x-ms-client-request-id": "Sanitized",
        "x-ms-request-id": "3c85fdbc-501e-006f-57eb-e87f12000000",
        "x-ms-version": "2024-11-04"
      },
      "ResponseBody": null
    },
    {
      "RequestUri": "https://amandadev2.blob.core.windows.net/test-container-8a4e4e47-3cf2-3d04-1c10-775db23d31f8/test-blob-b6a81b5a-5ae4-1950-96ac-2810562dc7da",
      "RequestMethod": "PUT",
      "RequestHeaders": {
        "Accept": "application/xml",
        "Authorization": "Sanitized",
        "Content-Length": "0",
        "If-None-Match": "*",
        "traceparent": "00-03cc5fd4d2d1650cf3db6824f57f16fa-8be51a4aac49f189-00",
        "User-Agent": "azsdk-net-Storage.Blobs/12.22.0-alpha.20240807.1 (.NET 6.0.32; Microsoft Windows 10.0.22635)",
        "x-ms-blob-content-length": "1024",
        "x-ms-blob-type": "PageBlob",
        "x-ms-client-request-id": "Sanitized",
        "x-ms-date": "Wed, 07 Aug 2024 17:02:25 GMT",
        "x-ms-return-client-request-id": "true",
        "x-ms-version": "2024-11-04"
      },
      "RequestBody": null,
      "StatusCode": 201,
      "ResponseHeaders": {
        "Content-Length": "0",
        "Date": "Wed, 07 Aug 2024 17:02:25 GMT",
        "ETag": "\"0x8DCB702B6A198BF\"",
        "Last-Modified": "Wed, 07 Aug 2024 17:02:26 GMT",
        "Server": [
          "Windows-Azure-Blob/1.0",
          "Microsoft-HTTPAPI/2.0"
        ],
        "x-ms-client-request-id": "Sanitized",
        "x-ms-request-id": "3c85fe77-501e-006f-33eb-e87f12000000",
        "x-ms-request-server-encrypted": "true",
        "x-ms-version": "2024-11-04",
        "x-ms-version-id": "2024-08-07T17:02:26.1629119Z"
      },
      "ResponseBody": null
    },
    {
      "RequestUri": "https://amandadev2.blob.core.windows.net/test-container-8a4e4e47-3cf2-3d04-1c10-775db23d31f8/test-blob-b6a81b5a-5ae4-1950-96ac-2810562dc7da?comp=page",
      "RequestMethod": "PUT",
      "RequestHeaders": {
        "Accept": "application/xml",
        "Authorization": "Sanitized",
        "Content-Length": "1024",
        "Content-Type": "application/octet-stream",
        "traceparent": "00-c2ef0602dc4d5fc53adccf292649ddf6-152797b49cf4b8df-00",
        "User-Agent": "azsdk-net-Storage.Blobs/12.22.0-alpha.20240807.1 (.NET 6.0.32; Microsoft Windows 10.0.22635)",
        "x-ms-client-request-id": "Sanitized",
        "x-ms-date": "Wed, 07 Aug 2024 17:02:25 GMT",
        "x-ms-page-write": "update",
        "x-ms-range": "bytes=0-1023",
        "x-ms-return-client-request-id": "true",
        "x-ms-version": "2024-11-04"
      },
      "RequestBody": "b6wAPTdNZWqmwXCOsFDtYzg99ESgIlZNdBzFRRqyUtuhM1I6obAyJy+WdSmJIGYFPtVUGAv+lE1Ws8gbhx9Q9G+V7Xz9ssKHC8wVCqwtw1S1vwdFXTnPo54F5O7oF6APRYG68zPpCIsSzQ0/6IqgKe90ZccXC5Y1xUne987Un/QrBcUqctAgzLd8MpAskLoUZbr+c7HY+DnqhC3pCxC8Pi0ZE+LEdbYfU5kPm9kGCDWPyZIT1SxCUg2MQO6iN8Cmv/RjE3zXT+8E3x8YyVxf5Hv4WkF+qWgA1sDUODXIfBzYadvlo/W4t3miDvYMKomwLFxyqtx+KBaLYjy8Aha6PGICP1+BekGGP6PH25px9Kw2IwzZVdJAWkDFWUC5/LRi6NKUCusqL7Ib7Go5tk17GW6Qhd4K4OaPwuUfuyAAzELuZfLH3enBDPRavmlnBqPzSUDSKXfVWAfsBEcFCnORGx8oS1FatDuEznjqsCJ8KLtBK3LgLaPLGAzq29mhuwGAyKJJP7tRmZUETlr+66jlb9yMw98Bse18XDJFb9hi4hN3aud/MugA8JLc299JzS1kBWv9Ffcifxe1zeKIDCm8omtGh4HAZTzzi9NNJNUOMo8F4GpsZM0bVOrQymUFd+NoIDlzAkarpKAvCokk1VpBpptTgyy/Tz2dKzKW8JrX7RTv5AScmjBJWTzJPVpD93+QjyPJsvS3qdD71dcTFbMFVxx1NPFWpAxqCinv9RLjWjOzBmF2DTsfODo0ocRYNUSIxOY+zsONOuoXXqfLx7S9GHujYA9SjkngVfu2IQNHEtXlZzEspItwJct2X66TVHCGdohItdQ1NTWcXXnH1xjn0EzS5WCCkXPwMztD3C+bTQCLL6t6/lwArzH7kEcSqE6yjo5hwG4QA+UVWIGZ8VkFARB4PKdtbdHw0jYuhgEs3YvskE6gOYyReizGZaXbZr7Y9o43mWumRSG9ce444Xzj6Hv2rGAKZMeD5sF7pwgsFGt3VpBy9UMfRkst48edWJmv4nwq5bldzZHHs7OpK54YkFyCwYvscfM31mYV3YEA5Y0oy8WLAS+xGYj/q0GQdRutFFJqG5cNw3CJ8g5TSO8Qxs0lgF/YjY8t0acC7MaxpmFLaMkulcr2GghUAg4hXtCZ7+R0a/S71IfDPUnvC9aq2EysCOAm4TEDLmVWhIuAC3LXaf3hPTtsj5NCa1iABg8yqSnCdFXwcw2ycDyOZE/7QzHWGKLYyZsQQHhM43bZgidWJNthvZcd5vbvLsz+3SpDRigmqe5tWeCOsTTco4+X2e4UOEB0moWZuTGs6JrOEmJOCZxOstg56cr60gtjQENmWFXd6aXqzqyijPC8wXBGvw==",
      "StatusCode": 201,
      "ResponseHeaders": {
        "Content-Length": "0",
        "Date": "Wed, 07 Aug 2024 17:02:26 GMT",
        "ETag": "\"0x8DCB702B6AABF23\"",
        "Last-Modified": "Wed, 07 Aug 2024 17:02:26 GMT",
        "Server": [
          "Windows-Azure-Blob/1.0",
          "Microsoft-HTTPAPI/2.0"
        ],
        "x-ms-blob-sequence-number": "0",
        "x-ms-client-request-id": "Sanitized",
        "x-ms-content-crc64": "Tj1YNhL8Vbo=",
        "x-ms-request-id": "3c85ff0f-501e-006f-05eb-e87f12000000",
        "x-ms-request-server-encrypted": "true",
        "x-ms-version": "2024-11-04"
      },
      "ResponseBody": null
    },
    {
      "RequestUri": "https://amandadev2.file.core.windows.net/test-share-e303803b-7d00-57dd-ee03-23a5bf515e63/test-blob-58f9c47f-fb85-fb3d-0ef8-82e329aafd7b",
      "RequestMethod": "PUT",
      "RequestHeaders": {
        "Accept": "application/xml",
        "Authorization": "Sanitized",
        "Content-Length": "0",
        "traceparent": "00-645257dbdd2c58d4b9d08c7986372d85-2f3b998372f481ad-00",
        "User-Agent": "azsdk-net-Storage.Files.Shares/12.20.0-alpha.20240807.1 (.NET 6.0.32; Microsoft Windows 10.0.22635)",
        "x-ms-cache-control": "no-cache",
        "x-ms-client-request-id": "Sanitized",
        "x-ms-content-disposition": "inline",
        "x-ms-content-language": "en-US,en-CA",
        "x-ms-content-length": "1024",
        "x-ms-date": "Wed, 07 Aug 2024 17:02:25 GMT",
        "x-ms-file-attributes": "None",
        "x-ms-file-change-time": "2024-04-01T13:30:03.0000000Z",
        "x-ms-file-creation-time": "2024-04-01T09:05:55.0000000Z",
        "x-ms-file-last-write-time": "2024-04-01T12:16:06.0000000Z",
        "x-ms-file-permission": "Inherit",
        "x-ms-meta-Capital": "letter",
        "x-ms-meta-foo": "bar",
        "x-ms-meta-meta": "data",
        "x-ms-meta-UPPER": "case",
        "x-ms-return-client-request-id": "true",
        "x-ms-type": "file",
        "x-ms-version": "2024-11-04"
      },
      "RequestBody": null,
      "StatusCode": 201,
      "ResponseHeaders": {
        "Content-Length": "0",
        "Date": "Wed, 07 Aug 2024 17:02:25 GMT",
        "ETag": "\"0x8DCB702B6B4C027\"",
        "Last-Modified": "Wed, 07 Aug 2024 17:02:26 GMT",
        "Server": [
          "Windows-Azure-File/1.0",
          "Microsoft-HTTPAPI/2.0"
        ],
        "x-ms-client-request-id": "Sanitized",
        "x-ms-file-attributes": "Archive",
        "x-ms-file-change-time": "2024-04-01T13:30:03.0000000Z",
        "x-ms-file-creation-time": "2024-04-01T09:05:55.0000000Z",
        "x-ms-file-id": "13835128424026341376",
        "x-ms-file-last-write-time": "2024-04-01T12:16:06.0000000Z",
        "x-ms-file-parent-id": "0",
        "x-ms-file-permission-key": "13365936616355342650*1287379445297103284",
        "x-ms-request-id": "0f1b16dc-401a-0011-30eb-e8ef55000000",
        "x-ms-request-server-encrypted": "true",
        "x-ms-version": "2024-11-04"
      },
      "ResponseBody": null
    },
    {
      "RequestUri": "https://amandadev2.file.core.windows.net/test-share-e303803b-7d00-57dd-ee03-23a5bf515e63/test-blob-58f9c47f-fb85-fb3d-0ef8-82e329aafd7b?sv=Sanitized&se=2024-08-08T17%3A02%3A25Z&sr=f&sp=rcwd&sig=Sanitized",
      "RequestMethod": "HEAD",
      "RequestHeaders": {
        "Accept": "application/xml",
        "traceparent": "00-cc7a3899e2c4738fbd1f0aed85c1796c-789ebd1b6506daad-00",
        "User-Agent": "azsdk-net-Storage.Files.Shares/12.20.0-alpha.20240807.1 (.NET 6.0.32; Microsoft Windows 10.0.22635)",
        "x-ms-client-request-id": "Sanitized",
        "x-ms-return-client-request-id": "true",
        "x-ms-version": "2024-11-04"
      },
      "RequestBody": null,
      "StatusCode": 200,
      "ResponseHeaders": {
        "Cache-Control": "no-cache",
        "Content-Disposition": "inline",
        "Content-Language": [
          "en-US",
          "en-CA"
        ],
        "Content-Length": "1024",
        "Content-Type": "application/octet-stream",
        "Date": "Wed, 07 Aug 2024 17:02:25 GMT",
        "ETag": "\"0x8DCB702B6B4C027\"",
        "Last-Modified": "Wed, 07 Aug 2024 17:02:26 GMT",
        "Server": [
          "Windows-Azure-File/1.0",
          "Microsoft-HTTPAPI/2.0"
        ],
        "Vary": "Origin",
        "x-ms-client-request-id": "Sanitized",
        "x-ms-file-attributes": "Archive",
        "x-ms-file-change-time": "2024-04-01T13:30:03.0000000Z",
        "x-ms-file-creation-time": "2024-04-01T09:05:55.0000000Z",
        "x-ms-file-id": "13835128424026341376",
        "x-ms-file-last-write-time": "2024-04-01T12:16:06.0000000Z",
        "x-ms-file-parent-id": "0",
        "x-ms-file-permission-key": "13365936616355342650*1287379445297103284",
        "x-ms-lease-state": "available",
        "x-ms-lease-status": "unlocked",
        "x-ms-meta-Capital": "letter",
        "x-ms-meta-foo": "bar",
        "x-ms-meta-meta": "data",
        "x-ms-meta-UPPER": "case",
        "x-ms-request-id": "0f1b16df-401a-0011-31eb-e8ef55000000",
        "x-ms-server-encrypted": "true",
        "x-ms-type": "File",
        "x-ms-version": "2024-11-04"
      },
      "ResponseBody": null
    },
    {
      "RequestUri": "https://amandadev2.file.core.windows.net/test-share-e303803b-7d00-57dd-ee03-23a5bf515e63/test-blob-58f9c47f-fb85-fb3d-0ef8-82e329aafd7b?sv=Sanitized&se=2024-08-08T17%3A02%3A25Z&sr=f&sp=rcwd&sig=Sanitized",
      "RequestMethod": "HEAD",
      "RequestHeaders": {
        "Accept": "application/xml",
        "traceparent": "00-660f450e44d1bec55e4fdd1fe1963c62-fcf32af7b37c642a-00",
        "User-Agent": "azsdk-net-Storage.Files.Shares/12.20.0-alpha.20240807.1 (.NET 6.0.32; Microsoft Windows 10.0.22635)",
        "x-ms-client-request-id": "Sanitized",
        "x-ms-return-client-request-id": "true",
        "x-ms-version": "2024-11-04"
      },
      "RequestBody": null,
      "StatusCode": 200,
      "ResponseHeaders": {
        "Cache-Control": "no-cache",
        "Content-Disposition": "inline",
        "Content-Language": [
          "en-US",
          "en-CA"
        ],
        "Content-Length": "1024",
        "Content-Type": "application/octet-stream",
        "Date": "Wed, 07 Aug 2024 17:02:25 GMT",
        "ETag": "\"0x8DCB702B6B4C027\"",
        "Last-Modified": "Wed, 07 Aug 2024 17:02:26 GMT",
        "Server": [
          "Windows-Azure-File/1.0",
          "Microsoft-HTTPAPI/2.0"
        ],
        "Vary": "Origin",
        "x-ms-client-request-id": "Sanitized",
        "x-ms-file-attributes": "Archive",
        "x-ms-file-change-time": "2024-04-01T13:30:03.0000000Z",
        "x-ms-file-creation-time": "2024-04-01T09:05:55.0000000Z",
        "x-ms-file-id": "13835128424026341376",
        "x-ms-file-last-write-time": "2024-04-01T12:16:06.0000000Z",
        "x-ms-file-parent-id": "0",
        "x-ms-file-permission-key": "13365936616355342650*1287379445297103284",
        "x-ms-lease-state": "available",
        "x-ms-lease-status": "unlocked",
        "x-ms-meta-Capital": "letter",
        "x-ms-meta-foo": "bar",
        "x-ms-meta-meta": "data",
        "x-ms-meta-UPPER": "case",
        "x-ms-request-id": "0f1b16e1-401a-0011-32eb-e8ef55000000",
        "x-ms-server-encrypted": "true",
        "x-ms-type": "File",
        "x-ms-version": "2024-11-04"
      },
      "ResponseBody": null
    },
    {
      "RequestUri": "https://amandadev2.blob.core.windows.net/test-container-8a4e4e47-3cf2-3d04-1c10-775db23d31f8/test-blob-b6a81b5a-5ae4-1950-96ac-2810562dc7da?sv=Sanitized&se=2024-08-08T17%3A02%3A25Z&sr=b&sp=racwdxyltmei&sig=Sanitized",
      "RequestMethod": "PUT",
      "RequestHeaders": {
        "Accept": "application/xml",
        "Content-Length": "0",
        "If-None-Match": "*",
        "traceparent": "00-0bbe7e00f2f17b5f3cc318fe8eab1c67-7db939d5b4b678e4-00",
        "User-Agent": "azsdk-net-Storage.Blobs/12.22.0-alpha.20240807.1 (.NET 6.0.32; Microsoft Windows 10.0.22635)",
        "x-ms-blob-cache-control": "no-cache",
        "x-ms-blob-content-disposition": "inline",
        "x-ms-blob-content-language": "en-US,en-CA",
        "x-ms-blob-content-length": "1024",
        "x-ms-blob-content-type": "application/octet-stream",
        "x-ms-blob-type": "PageBlob",
        "x-ms-client-request-id": "Sanitized",
        "x-ms-meta-Capital": "letter",
        "x-ms-meta-foo": "bar",
        "x-ms-meta-meta": "data",
        "x-ms-meta-UPPER": "case",
        "x-ms-return-client-request-id": "true",
        "x-ms-version": "2024-11-04"
      },
      "RequestBody": null,
      "StatusCode": 409,
      "ResponseHeaders": {
        "Content-Length": "220",
        "Content-Type": "application/xml",
        "Date": "Wed, 07 Aug 2024 17:02:26 GMT",
        "Server": [
          "Windows-Azure-Blob/1.0",
          "Microsoft-HTTPAPI/2.0"
        ],
        "x-ms-client-request-id": "Sanitized",
        "x-ms-error-code": "BlobAlreadyExists",
        "x-ms-request-id": "3c86037c-501e-006f-75eb-e87f12000000",
        "x-ms-version": "2024-11-04"
      },
      "ResponseBody": [
        "\uFEFF<?xml version=\"1.0\" encoding=\"utf-8\"?><Error><Code>BlobAlreadyExists</Code><Message>The specified blob already exists.\n",
        "RequestId:3c86037c-501e-006f-75eb-e87f12000000\n",
        "Time:2024-08-07T17:02:26.8292883Z</Message></Error>"
      ]
    },
    {
      "RequestUri": "https://amandadev2.blob.core.windows.net/test-container-8a4e4e47-3cf2-3d04-1c10-775db23d31f8?restype=container",
      "RequestMethod": "DELETE",
      "RequestHeaders": {
        "Accept": "application/xml",
        "Authorization": "Sanitized",
        "traceparent": "00-f8241afa0ee9b297c79ad17baaaffcc7-55c3f6958ffd95d5-00",
        "User-Agent": "azsdk-net-Storage.Blobs/12.22.0-alpha.20240807.1 (.NET 6.0.32; Microsoft Windows 10.0.22635)",
        "x-ms-client-request-id": "Sanitized",
        "x-ms-date": "Wed, 07 Aug 2024 17:02:25 GMT",
        "x-ms-return-client-request-id": "true",
        "x-ms-version": "2024-11-04"
      },
      "RequestBody": null,
      "StatusCode": 202,
      "ResponseHeaders": {
        "Content-Length": "0",
        "Date": "Wed, 07 Aug 2024 17:02:26 GMT",
        "Server": [
          "Windows-Azure-Blob/1.0",
          "Microsoft-HTTPAPI/2.0"
        ],
        "x-ms-client-request-id": "Sanitized",
        "x-ms-request-id": "3c860561-501e-006f-78eb-e87f12000000",
        "x-ms-version": "2024-11-04"
      },
      "ResponseBody": null
    },
    {
      "RequestUri": "https://amandadev2.file.core.windows.net/test-share-e303803b-7d00-57dd-ee03-23a5bf515e63?restype=share",
      "RequestMethod": "DELETE",
      "RequestHeaders": {
        "Accept": "application/xml",
        "Authorization": "Sanitized",
        "traceparent": "00-b3efdce44b7374aded348072bb45ee1b-42ae03a241c5ab44-00",
        "User-Agent": "azsdk-net-Storage.Files.Shares/12.20.0-alpha.20240807.1 (.NET 6.0.32; Microsoft Windows 10.0.22635)",
        "x-ms-client-request-id": "Sanitized",
        "x-ms-date": "Wed, 07 Aug 2024 17:02:26 GMT",
        "x-ms-delete-snapshots": "include",
        "x-ms-return-client-request-id": "true",
        "x-ms-version": "2024-11-04"
      },
      "RequestBody": null,
      "StatusCode": 202,
      "ResponseHeaders": {
        "Content-Length": "0",
        "Date": "Wed, 07 Aug 2024 17:02:26 GMT",
        "Server": [
          "Windows-Azure-File/1.0",
          "Microsoft-HTTPAPI/2.0"
        ],
        "x-ms-client-request-id": "Sanitized",
        "x-ms-request-id": "0f1b16e5-401a-0011-33eb-e8ef55000000",
        "x-ms-version": "2024-11-04"
      },
      "ResponseBody": null
    }
  ],
  "Variables": {
    "DateTimeOffsetNow": "2024-08-07T10:02:25.1927664-07:00",
    "RandomSeed": "1173999787",
    "Storage_TestConfigDefault": "ProductionTenant\namandadev2\nU2FuaXRpemVk\nhttps://amandadev2.blob.core.windows.net\nhttps://amandadev2.file.core.windows.net\nhttps://amandadev2.queue.core.windows.net\nhttps://amandadev2.table.core.windows.net\n\n\n\n\nhttps://amandadev2-secondary.blob.core.windows.net\nhttps://amandadev2-secondary.file.core.windows.net\nhttps://amandadev2-secondary.queue.core.windows.net\nhttps://amandadev2-secondary.table.core.windows.net\nCloud\nBlobEndpoint=https://amandadev2.blob.core.windows.net/;QueueEndpoint=https://amandadev2.queue.core.windows.net/;FileEndpoint=https://amandadev2.file.core.windows.net/;BlobSecondaryEndpoint=https://amandadev2-secondary.blob.core.windows.net/;QueueSecondaryEndpoint=https://amandadev2-secondary.queue.core.windows.net/;FileSecondaryEndpoint=https://amandadev2-secondary.file.core.windows.net/;AccountName=amandadev2;AccountKey=Sanitized\nencryptionScope\n\n"
  }
}
