{
  "Entries": [
    {
      "RequestUri": "https://Sanitized.azure.com/api/projects/00000/vector_stores?api-version=2025-05-15-preview",
      "RequestMethod": "POST",
      "RequestHeaders": {
        "Accept": "application/json",
        "Accept-Encoding": "gzip,deflate",
        "Authorization": "Sanitized",
        "Connection": "keep-alive",
        "Content-Length": "2",
        "Content-Type": "application/json",
        "User-Agent": "azsdk-js-client azsdk-js-api azsdk-js-ai-agents/1.0.0-beta.4 core-rest-pipeline/1.20.1 Node/22.10.0 OS/(x64-Windows_NT-10.0.22631)",
        "x-ms-client-request-id": "Sanitized"
      },
      "RequestBody": {},
      "StatusCode": 200,
      "ResponseHeaders": {
        "apim-request-id": "091e65bb-f427-4d61-8a2d-21bcfbafb57b",
        "azureml-served-by-cluster": "vienna-eastus-01",
        "Content-Encoding": "gzip",
        "Content-Type": "application/json",
        "Date": "Thu, 05 Jun 2025 21:39:21 GMT",
        "openai-organization": "1fa34553a93e4e53b531c64321ca4ae2",
        "openai-processing-ms": "122",
        "openai-version": "2020-10-01",
        "Request-Context": "appId=cid-v1:2d2e8e63-272e-4b3c-8598-4ee570a0e70d",
        "Strict-Transport-Security": "max-age=31536000; includeSubDomains; preload",
        "Transfer-Encoding": "chunked",
        "Vary": "Accept-Encoding",
        "X-Content-Type-Options": "nosniff",
        "x-ms-middleware-request-id": "50e3d19d-be0b-4125-a231-ca03b3e34f1c",
        "x-ms-region": "East US",
        "x-ms-response-type": "standard",
        "X-Request-ID": "dd4f5340d8d3e3b3066d29e0db730e59",
        "x-request-time": "0.269"
      },
      "ResponseBody": {
        "id": "vs_w29oZ0aFtYpE9olzLybj8KrI",
        "object": "vector_store",
        "name": null,
        "status": "completed",
        "usage_bytes": 0,
        "created_at": 1749159562,
        "file_counts": {
          "in_progress": 0,
          "completed": 0,
          "failed": 0,
          "cancelled": 0,
          "total": 0
        },
        "metadata": {},
        "expires_after": null,
        "expires_at": null,
        "last_active_at": 1749159562
      }
    },
    {
      "RequestUri": "https://Sanitized.azure.com/api/projects/00000/files?api-version=2025-05-15-preview",
      "RequestMethod": "POST",
      "RequestHeaders": {
        "Accept": "application/json",
        "Accept-Encoding": "gzip,deflate",
        "Authorization": "Sanitized",
        "Connection": "keep-alive",
        "Content-Type": "multipart/form-data; boundary=--RecordedTestMultipartBoundary",
        "Transfer-Encoding": "chunked",
        "User-Agent": "azsdk-js-client azsdk-js-api azsdk-js-ai-agents/1.0.0-beta.4 core-rest-pipeline/1.20.1 Node/22.10.0 OS/(x64-Windows_NT-10.0.22631)",
        "x-ms-client-request-id": "Sanitized"
      },
      "RequestBody": "LS0tLVJlY29yZGVkVGVzdE11bHRpcGFydEJvdW5kYXJ5DQpjb250ZW50LXR5cGU6IGFwcGxpY2F0aW9uL29jdGV0LXN0cmVhbQ0KY29udGVudC1kaXNwb3NpdGlvbjogZm9ybS1kYXRhOyBuYW1lPSJmaWxlIjsgZmlsZW5hbWU9ImZpbGVuYW1lLnR4dCINCg0KZmlsZUNvbnRlbnQNCi0tLS1SZWNvcmRlZFRlc3RNdWx0aXBhcnRCb3VuZGFyeQ0KY29udGVudC10eXBlOiB0ZXh0L3BsYWluOyBjaGFyc2V0PVVURi04DQpjb250ZW50LWRpc3Bvc2l0aW9uOiBmb3JtLWRhdGE7IG5hbWU9InB1cnBvc2UiDQoNCmFzc2lzdGFudHMNCi0tLS1SZWNvcmRlZFRlc3RNdWx0aXBhcnRCb3VuZGFyeS0tDQoNCg==",
      "StatusCode": 200,
      "ResponseHeaders": {
        "Access-Control-Allow-Origin": "*",
        "apim-request-id": "c2dffb62-1f6b-4b50-beda-84af75aec036",
        "azureml-served-by-cluster": "vienna-eastus-01",
        "Content-Length": "240",
        "Content-Type": "application/json",
        "Date": "Thu, 05 Jun 2025 21:39:22 GMT",
        "openai-processing-ms": "330",
        "openai-version": "2020-10-01",
        "Request-Context": "appId=cid-v1:2d2e8e63-272e-4b3c-8598-4ee570a0e70d",
        "Strict-Transport-Security": "max-age=31536000; includeSubDomains; preload",
        "X-Content-Type-Options": "nosniff",
        "x-ms-middleware-request-id": "6e95e3a5-d31a-4926-b143-fdf73355593c",
        "x-ms-region": "East US",
        "x-ms-response-type": "standard",
        "X-Request-ID": "250b65f58752b16263e37d428331e87d",
        "x-request-time": "0.449"
      },
      "ResponseBody": {
        "object": "file",
        "id": "assistant-SuqWcHtCazUkm4xUB2XRQ8",
        "purpose": "assistants",
        "filename": "filename.txt",
        "bytes": 11,
        "created_at": 1749159562,
        "expires_at": null,
        "status": "processed",
        "status_details": null
      }
    },
    {
      "RequestUri": "https://Sanitized.azure.com/api/projects/00000/files?api-version=2025-05-15-preview",
      "RequestMethod": "POST",
      "RequestHeaders": {
        "Accept": "application/json",
        "Accept-Encoding": "gzip,deflate",
        "Authorization": "Sanitized",
        "Connection": "keep-alive",
        "Content-Type": "multipart/form-data; boundary=--RecordedTestMultipartBoundary",
        "Transfer-Encoding": "chunked",
        "User-Agent": "azsdk-js-client azsdk-js-api azsdk-js-ai-agents/1.0.0-beta.4 core-rest-pipeline/1.20.1 Node/22.10.0 OS/(x64-Windows_NT-10.0.22631)",
        "x-ms-client-request-id": "Sanitized"
      },
      "RequestBody": "LS0tLVJlY29yZGVkVGVzdE11bHRpcGFydEJvdW5kYXJ5DQpjb250ZW50LXR5cGU6IGFwcGxpY2F0aW9uL29jdGV0LXN0cmVhbQ0KY29udGVudC1kaXNwb3NpdGlvbjogZm9ybS1kYXRhOyBuYW1lPSJmaWxlIjsgZmlsZW5hbWU9ImZpbGVuYW1lLnR4dCINCg0KZmlsZUNvbnRlbnQNCi0tLS1SZWNvcmRlZFRlc3RNdWx0aXBhcnRCb3VuZGFyeQ0KY29udGVudC10eXBlOiB0ZXh0L3BsYWluOyBjaGFyc2V0PVVURi04DQpjb250ZW50LWRpc3Bvc2l0aW9uOiBmb3JtLWRhdGE7IG5hbWU9InB1cnBvc2UiDQoNCmFzc2lzdGFudHMNCi0tLS1SZWNvcmRlZFRlc3RNdWx0aXBhcnRCb3VuZGFyeS0tDQoNCg==",
      "StatusCode": 200,
      "ResponseHeaders": {
        "Access-Control-Allow-Origin": "*",
        "apim-request-id": "c01b3190-16b8-41c5-a670-20250f644a87",
        "azureml-served-by-cluster": "vienna-eastus-01",
        "Content-Length": "240",
        "Content-Type": "application/json",
        "Date": "Thu, 05 Jun 2025 21:39:22 GMT",
        "openai-processing-ms": "478",
        "openai-version": "2020-10-01",
        "Request-Context": "appId=cid-v1:2d2e8e63-272e-4b3c-8598-4ee570a0e70d",
        "Strict-Transport-Security": "max-age=31536000; includeSubDomains; preload",
        "X-Content-Type-Options": "nosniff",
        "x-ms-middleware-request-id": "8661194e-3fa9-403f-93f2-81093b544d2c",
        "x-ms-region": "East US",
        "x-ms-response-type": "standard",
        "X-Request-ID": "f3beb0deef4339553a4639088682ed72",
        "x-request-time": "0.678"
      },
      "ResponseBody": {
        "object": "file",
        "id": "assistant-Fd6nX5ET3naxncMH8ofBKH",
        "purpose": "assistants",
        "filename": "filename.txt",
        "bytes": 11,
        "created_at": 1749159563,
        "expires_at": null,
        "status": "processed",
        "status_details": null
      }
    },
    {
      "RequestUri": "https://Sanitized.azure.com/api/projects/00000/vector_stores/vs_w29oZ0aFtYpE9olzLybj8KrI/file_batches?api-version=2025-05-15-preview",
      "RequestMethod": "POST",
      "RequestHeaders": {
        "Accept": "application/json",
        "Accept-Encoding": "gzip,deflate",
        "Authorization": "Sanitized",
        "Connection": "keep-alive",
        "Content-Length": "84",
        "Content-Type": "application/json",
        "User-Agent": "azsdk-js-client azsdk-js-api azsdk-js-ai-agents/1.0.0-beta.4 core-rest-pipeline/1.20.1 Node/22.10.0 OS/(x64-Windows_NT-10.0.22631)",
        "x-ms-client-request-id": "Sanitized"
      },
      "RequestBody": {
        "file_ids": [
          "assistant-SuqWcHtCazUkm4xUB2XRQ8",
          "assistant-Fd6nX5ET3naxncMH8ofBKH"
        ]
      },
      "StatusCode": 200,
      "ResponseHeaders": {
        "apim-request-id": "c4f4db14-77b0-46f3-ba66-89e07f63a10f",
        "azureml-served-by-cluster": "vienna-eastus-01",
        "Content-Encoding": "gzip",
        "Content-Type": "application/json",
        "Date": "Thu, 05 Jun 2025 21:39:25 GMT",
        "openai-organization": "1fa34553a93e4e53b531c64321ca4ae2",
        "openai-processing-ms": "687",
        "openai-version": "2020-10-01",
        "Request-Context": "appId=cid-v1:2d2e8e63-272e-4b3c-8598-4ee570a0e70d",
        "Strict-Transport-Security": "max-age=31536000; includeSubDomains; preload",
        "Transfer-Encoding": "chunked",
        "Vary": "Accept-Encoding",
        "X-Content-Type-Options": "nosniff",
        "x-ms-middleware-request-id": "742d5336-da8c-4c82-bd95-5246f42f0676",
        "x-ms-region": "East US",
        "x-ms-response-type": "standard",
        "X-Request-ID": "5ec82d809337bda1e941ef5ca5b8c2db",
        "x-request-time": "2.164"
      },
      "ResponseBody": {
        "id": "vsfb_7e52728937a843fca0efadf573967b9c",
        "object": "vector_store.file_batch",
        "created_at": 1749159565,
        "status": "in_progress",
        "vector_store_id": "vs_w29oZ0aFtYpE9olzLybj8KrI",
        "file_counts": {
          "in_progress": 2,
          "completed": 0,
          "failed": 0,
          "cancelled": 0,
          "total": 2
        }
      }
    },
    {
      "RequestUri": "https://Sanitized.azure.com/api/projects/00000/vector_stores/vs_w29oZ0aFtYpE9olzLybj8KrI/file_batches/vsfb_7e52728937a843fca0efadf573967b9c?api-version=2025-05-15-preview",
      "RequestMethod": "GET",
      "RequestHeaders": {
        "Accept": "application/json",
        "Accept-Encoding": "gzip,deflate",
        "Authorization": "Sanitized",
        "Connection": "keep-alive",
        "User-Agent": "azsdk-js-client azsdk-js-api azsdk-js-ai-agents/1.0.0-beta.4 core-rest-pipeline/1.20.1 Node/22.10.0 OS/(x64-Windows_NT-10.0.22631)",
        "x-ms-client-request-id": "Sanitized"
      },
      "RequestBody": null,
      "StatusCode": 200,
      "ResponseHeaders": {
        "apim-request-id": "f6f3a402-8aeb-4e7d-abba-4d1ed4379845",
        "azureml-served-by-cluster": "vienna-eastus-01",
        "Content-Encoding": "gzip",
        "Content-Type": "application/json",
        "Date": "Thu, 05 Jun 2025 21:39:25 GMT",
        "openai-organization": "1fa34553a93e4e53b531c64321ca4ae2",
        "openai-processing-ms": "81",
        "openai-version": "2020-10-01",
        "Request-Context": "appId=cid-v1:2d2e8e63-272e-4b3c-8598-4ee570a0e70d",
        "Strict-Transport-Security": "max-age=31536000; includeSubDomains; preload",
        "Transfer-Encoding": "chunked",
        "Vary": "Accept-Encoding",
        "X-Content-Type-Options": "nosniff",
        "x-ms-middleware-request-id": "f228787a-cd74-4b60-84d3-47063a25b2f4",
        "x-ms-region": "East US",
        "x-ms-response-type": "standard",
        "X-Request-ID": "dbc9ec2f531ba6bb59475cd96f3e7ba5",
        "x-request-time": "0.192"
      },
      "ResponseBody": {
        "id": "vsfb_7e52728937a843fca0efadf573967b9c",
        "object": "vector_store.file_batch",
        "created_at": 1749159565,
        "status": "in_progress",
        "vector_store_id": "vs_w29oZ0aFtYpE9olzLybj8KrI",
        "file_counts": {
          "in_progress": 2,
          "completed": 0,
          "failed": 0,
          "cancelled": 0,
          "total": 2
        }
      }
    },
    {
      "RequestUri": "https://Sanitized.azure.com/api/projects/00000/vector_stores/vs_w29oZ0aFtYpE9olzLybj8KrI/file_batches/vsfb_7e52728937a843fca0efadf573967b9c?api-version=2025-05-15-preview",
      "RequestMethod": "GET",
      "RequestHeaders": {
        "Accept": "application/json",
        "Accept-Encoding": "gzip,deflate",
        "Authorization": "Sanitized",
        "Connection": "keep-alive",
        "User-Agent": "azsdk-js-client azsdk-js-api azsdk-js-ai-agents/1.0.0-beta.4 core-rest-pipeline/1.20.1 Node/22.10.0 OS/(x64-Windows_NT-10.0.22631)",
        "x-ms-client-request-id": "Sanitized"
      },
      "RequestBody": null,
      "StatusCode": 200,
      "ResponseHeaders": {
        "apim-request-id": "616c1c90-1884-4423-879b-21c12e5ba371",
        "azureml-served-by-cluster": "vienna-eastus-01",
        "Content-Encoding": "gzip",
        "Content-Type": "application/json",
        "Date": "Thu, 05 Jun 2025 21:39:27 GMT",
        "openai-organization": "1fa34553a93e4e53b531c64321ca4ae2",
        "openai-processing-ms": "93",
        "openai-version": "2020-10-01",
        "Request-Context": "appId=cid-v1:2d2e8e63-272e-4b3c-8598-4ee570a0e70d",
        "Strict-Transport-Security": "max-age=31536000; includeSubDomains; preload",
        "Transfer-Encoding": "chunked",
        "Vary": "Accept-Encoding",
        "X-Content-Type-Options": "nosniff",
        "x-ms-middleware-request-id": "53c4e20e-b49a-4770-9d51-371c4e946728",
        "x-ms-region": "East US",
        "x-ms-response-type": "standard",
        "X-Request-ID": "caaa2641e16bfcc875e886d8a65e17c1",
        "x-request-time": "0.220"
      },
      "ResponseBody": {
        "id": "vsfb_7e52728937a843fca0efadf573967b9c",
        "object": "vector_store.file_batch",
        "created_at": 1749159567,
        "status": "completed",
        "vector_store_id": "vs_w29oZ0aFtYpE9olzLybj8KrI",
        "file_counts": {
          "in_progress": 0,
          "completed": 2,
          "failed": 0,
          "cancelled": 0,
          "total": 2
        }
      }
    },
    {
      "RequestUri": "https://Sanitized.azure.com/api/projects/00000/vector_stores/vs_w29oZ0aFtYpE9olzLybj8KrI/file_batches/vsfb_7e52728937a843fca0efadf573967b9c/files?api-version=2025-05-15-preview",
      "RequestMethod": "GET",
      "RequestHeaders": {
        "Accept": "application/json",
        "Accept-Encoding": "gzip,deflate",
        "Authorization": "Sanitized",
        "Connection": "keep-alive",
        "User-Agent": "azsdk-js-client azsdk-js-api azsdk-js-ai-agents/1.0.0-beta.4 core-rest-pipeline/1.20.1 Node/22.10.0 OS/(x64-Windows_NT-10.0.22631)",
        "x-ms-client-request-id": "Sanitized"
      },
      "RequestBody": null,
      "StatusCode": 200,
      "ResponseHeaders": {
        "apim-request-id": "91ae210b-5654-4e16-a80f-a44e50e2d20d",
        "azureml-served-by-cluster": "vienna-eastus-01",
        "Content-Encoding": "gzip",
        "Content-Type": "application/json",
        "Date": "Thu, 05 Jun 2025 21:39:27 GMT",
        "openai-organization": "1fa34553a93e4e53b531c64321ca4ae2",
        "openai-processing-ms": "119",
        "openai-version": "2020-10-01",
        "Request-Context": "appId=cid-v1:2d2e8e63-272e-4b3c-8598-4ee570a0e70d",
        "Strict-Transport-Security": "max-age=31536000; includeSubDomains; preload",
        "Transfer-Encoding": "chunked",
        "Vary": "Accept-Encoding",
        "X-Content-Type-Options": "nosniff",
        "x-ms-middleware-request-id": "d152fdfc-1fe3-48c1-a8b9-c685e9b9e6b8",
        "x-ms-region": "East US",
        "x-ms-response-type": "standard",
        "X-Request-ID": "459d2297b2675d4e6add300d3b70c17c",
        "x-request-time": "0.238"
      },
      "ResponseBody": {
        "object": "list",
        "data": [
          {
            "id": "assistant-Fd6nX5ET3naxncMH8ofBKH",
            "object": "vector_store.file",
            "created_at": 1749159565,
            "vector_store_id": "vs_w29oZ0aFtYpE9olzLybj8KrI",
            "status": "completed",
            "last_error": null
          },
          {
            "id": "assistant-SuqWcHtCazUkm4xUB2XRQ8",
            "object": "vector_store.file",
            "created_at": 1749159565,
            "vector_store_id": "vs_w29oZ0aFtYpE9olzLybj8KrI",
            "status": "completed",
            "last_error": null
          }
        ],
        "first_id": "assistant-Fd6nX5ET3naxncMH8ofBKH",
        "last_id": "assistant-SuqWcHtCazUkm4xUB2XRQ8",
        "has_more": false
      }
    },
    {
      "RequestUri": "https://Sanitized.azure.com/api/projects/00000/files/assistant-SuqWcHtCazUkm4xUB2XRQ8?api-version=2025-05-15-preview",
      "RequestMethod": "DELETE",
      "RequestHeaders": {
        "Accept": "application/json",
        "Accept-Encoding": "gzip,deflate",
        "Authorization": "Sanitized",
        "Connection": "keep-alive",
        "User-Agent": "azsdk-js-client azsdk-js-api azsdk-js-ai-agents/1.0.0-beta.4 core-rest-pipeline/1.20.1 Node/22.10.0 OS/(x64-Windows_NT-10.0.22631)",
        "x-ms-client-request-id": "Sanitized"
      },
      "RequestBody": null,
      "StatusCode": 200,
      "ResponseHeaders": {
        "Access-Control-Allow-Origin": "*",
        "apim-request-id": "d3467144-381a-4635-b8ba-80e59f496e48",
        "azureml-served-by-cluster": "vienna-eastus-01",
        "Content-Length": "86",
        "Content-Type": "application/json",
        "Date": "Thu, 05 Jun 2025 21:39:27 GMT",
        "openai-processing-ms": "284",
        "openai-version": "2020-10-01",
        "Request-Context": "appId=cid-v1:2d2e8e63-272e-4b3c-8598-4ee570a0e70d",
        "Strict-Transport-Security": "max-age=31536000; includeSubDomains; preload",
        "X-Content-Type-Options": "nosniff",
        "x-ms-middleware-request-id": "23f0441f-6498-41ff-9768-f3fdb4e8fdf9",
        "x-ms-region": "East US",
        "x-ms-response-type": "standard",
        "X-Request-ID": "97d2bcca30ae37d7d04795082d6a9022",
        "x-request-time": "0.450"
      },
      "ResponseBody": {
        "object": "file",
        "deleted": true,
        "id": "assistant-SuqWcHtCazUkm4xUB2XRQ8"
      }
    },
    {
      "RequestUri": "https://Sanitized.azure.com/api/projects/00000/files/assistant-Fd6nX5ET3naxncMH8ofBKH?api-version=2025-05-15-preview",
      "RequestMethod": "DELETE",
      "RequestHeaders": {
        "Accept": "application/json",
        "Accept-Encoding": "gzip,deflate",
        "Authorization": "Sanitized",
        "Connection": "keep-alive",
        "User-Agent": "azsdk-js-client azsdk-js-api azsdk-js-ai-agents/1.0.0-beta.4 core-rest-pipeline/1.20.1 Node/22.10.0 OS/(x64-Windows_NT-10.0.22631)",
        "x-ms-client-request-id": "Sanitized"
      },
      "RequestBody": null,
      "StatusCode": 200,
      "ResponseHeaders": {
        "Access-Control-Allow-Origin": "*",
        "apim-request-id": "d09e0069-8b68-4184-a386-81af15037b81",
        "azureml-served-by-cluster": "vienna-eastus-01",
        "Content-Length": "86",
        "Content-Type": "application/json",
        "Date": "Thu, 05 Jun 2025 21:39:28 GMT",
        "openai-processing-ms": "311",
        "openai-version": "2020-10-01",
        "Request-Context": "appId=cid-v1:2d2e8e63-272e-4b3c-8598-4ee570a0e70d",
        "Strict-Transport-Security": "max-age=31536000; includeSubDomains; preload",
        "X-Content-Type-Options": "nosniff",
        "x-ms-middleware-request-id": "ce8d8555-4e09-4b23-bd3e-bf50dd2fc97f",
        "x-ms-region": "East US",
        "x-ms-response-type": "standard",
        "X-Request-ID": "180d89426e81d6d6d078aeeaa9f38520",
        "x-request-time": "0.450"
      },
      "ResponseBody": {
        "object": "file",
        "deleted": true,
        "id": "assistant-Fd6nX5ET3naxncMH8ofBKH"
      }
    },
    {
      "RequestUri": "https://Sanitized.azure.com/api/projects/00000/vector_stores/vs_w29oZ0aFtYpE9olzLybj8KrI?api-version=2025-05-15-preview",
      "RequestMethod": "DELETE",
      "RequestHeaders": {
        "Accept": "application/json",
        "Accept-Encoding": "gzip,deflate",
        "Authorization": "Sanitized",
        "Connection": "keep-alive",
        "User-Agent": "azsdk-js-client azsdk-js-api azsdk-js-ai-agents/1.0.0-beta.4 core-rest-pipeline/1.20.1 Node/22.10.0 OS/(x64-Windows_NT-10.0.22631)",
        "x-ms-client-request-id": "Sanitized"
      },
      "RequestBody": null,
      "StatusCode": 200,
      "ResponseHeaders": {
        "apim-request-id": "7e886db0-864e-4f82-a9c6-813c5d389aa9",
        "azureml-served-by-cluster": "vienna-eastus-01",
        "Content-Length": "96",
        "Content-Type": "application/json",
        "Date": "Thu, 05 Jun 2025 21:39:30 GMT",
        "openai-organization": "1fa34553a93e4e53b531c64321ca4ae2",
        "openai-processing-ms": "2226",
        "openai-version": "2020-10-01",
        "Request-Context": "appId=cid-v1:2d2e8e63-272e-4b3c-8598-4ee570a0e70d",
        "Strict-Transport-Security": "max-age=31536000; includeSubDomains; preload",
        "X-Content-Type-Options": "nosniff",
        "x-ms-middleware-request-id": "c0f5cf9d-152c-4bf8-b8a6-aa75f1db1ceb",
        "x-ms-region": "East US",
        "x-ms-response-type": "standard",
        "X-Request-ID": "3dd6c0d72400341597a7e5d780fe52d9",
        "x-request-time": "2.336"
      },
      "ResponseBody": {
        "id": "vs_w29oZ0aFtYpE9olzLybj8KrI",
        "object": "vector_store.deleted",
        "deleted": true
      }
    }
  ],
  "Variables": {}
}
