{
  "Entries": [
    {
      "RequestUri": "https://Sanitized.azure.com/api/projects/project/vector_stores?api-version=2025-05-15-preview",
      "RequestMethod": "POST",
      "RequestHeaders": {
        "Accept": "application/json",
        "Accept-Encoding": "gzip,deflate",
        "Authorization": "Sanitized",
        "Connection": "keep-alive",
        "Content-Length": "2",
        "Content-Type": "application/json",
        "User-Agent": "azsdk-js-client azsdk-js-api azsdk-js-ai-agents/1.0.0-beta.1 core-rest-pipeline/1.20.1 Node/22.10.0 OS/(x64-Windows_NT-10.0.22631)",
        "x-ms-client-request-id": "Sanitized"
      },
      "RequestBody": {},
      "StatusCode": 200,
      "ResponseHeaders": {
        "apim-request-id": "d761f497-8131-4dc0-930b-5c0fcd121b82",
        "azureml-served-by-cluster": "vienna-eastus-01",
        "Content-Encoding": "gzip",
        "Content-Type": "application/json",
        "Date": "Thu, 08 May 2025 00:18:31 GMT",
        "openai-organization": "1fa34553a93e4e53b531c64321ca4ae2",
        "openai-processing-ms": "35",
        "openai-version": "2020-10-01",
        "Request-Context": "appId=cid-v1:2d2e8e63-272e-4b3c-8598-4ee570a0e70d",
        "Strict-Transport-Security": "max-age=31536000; includeSubDomains; preload",
        "Transfer-Encoding": "chunked",
        "Vary": "Accept-Encoding",
        "X-Content-Type-Options": "nosniff",
        "x-ms-middleware-request-id": "05c17daf-58f7-40ae-a8fe-c44a3e357f2b",
        "x-ms-region": "East US",
        "x-ms-response-type": "standard",
        "X-Request-ID": "6670cbf23888ac378e8ff11e4af50e2c",
        "x-request-time": "0.150"
      },
      "ResponseBody": {
        "id": "vs_5ftgDItsUlQysg7cHVikVNvt",
        "object": "vector_store",
        "name": null,
        "status": "completed",
        "usage_bytes": 0,
        "created_at": 1746663511,
        "file_counts": {
          "in_progress": 0,
          "completed": 0,
          "failed": 0,
          "cancelled": 0,
          "total": 0
        },
        "metadata": {},
        "expires_after": null,
        "expires_at": null,
        "last_active_at": 1746663511
      }
    },
    {
      "RequestUri": "https://Sanitized.azure.com/api/projects/project/files?api-version=2025-05-15-preview",
      "RequestMethod": "POST",
      "RequestHeaders": {
        "Accept": "application/json",
        "Accept-Encoding": "gzip,deflate",
        "Authorization": "Sanitized",
        "Connection": "keep-alive",
        "Content-Type": "multipart/form-data; boundary=--RecordedTestMultipartBoundary",
        "Transfer-Encoding": "chunked",
        "User-Agent": "azsdk-js-client azsdk-js-api azsdk-js-ai-agents/1.0.0-beta.1 core-rest-pipeline/1.20.1 Node/22.10.0 OS/(x64-Windows_NT-10.0.22631)",
        "x-ms-client-request-id": "Sanitized"
      },
      "RequestBody": "LS0tLVJlY29yZGVkVGVzdE11bHRpcGFydEJvdW5kYXJ5DQpjb250ZW50LXR5cGU6IGFwcGxpY2F0aW9uL29jdGV0LXN0cmVhbQ0KY29udGVudC1kaXNwb3NpdGlvbjogZm9ybS1kYXRhOyBuYW1lPSJmaWxlIjsgZmlsZW5hbWU9ImZpbGVuYW1lLnR4dCINCg0KZmlsZUNvbnRlbnQNCi0tLS1SZWNvcmRlZFRlc3RNdWx0aXBhcnRCb3VuZGFyeQ0KY29udGVudC10eXBlOiB0ZXh0L3BsYWluOyBjaGFyc2V0PVVURi04DQpjb250ZW50LWRpc3Bvc2l0aW9uOiBmb3JtLWRhdGE7IG5hbWU9InB1cnBvc2UiDQoNCmFzc2lzdGFudHMNCi0tLS1SZWNvcmRlZFRlc3RNdWx0aXBhcnRCb3VuZGFyeS0tDQoNCg==",
      "StatusCode": 200,
      "ResponseHeaders": {
        "Access-Control-Allow-Origin": "*",
        "apim-request-id": "e806675b-ed46-4ec9-ad55-2e1b7e1a6a34",
        "azureml-served-by-cluster": "vienna-eastus-01",
        "Content-Length": "240",
        "Content-Type": "application/json",
        "Date": "Thu, 08 May 2025 00:18:32 GMT",
        "openai-processing-ms": "601",
        "openai-version": "2020-10-01",
        "Request-Context": "appId=cid-v1:2d2e8e63-272e-4b3c-8598-4ee570a0e70d",
        "Strict-Transport-Security": "max-age=31536000; includeSubDomains; preload",
        "X-Content-Type-Options": "nosniff",
        "x-ms-middleware-request-id": "95810b9d-0a2e-43d1-9e12-060a731bbe95",
        "x-ms-region": "East US",
        "x-ms-response-type": "standard",
        "X-Request-ID": "1b48748844b351586e4f8f3ef8574435",
        "x-request-time": "0.746"
      },
      "ResponseBody": {
        "object": "file",
        "id": "assistant-C6Jw866LDrNVQVuqkePWo6",
        "purpose": "assistants",
        "filename": "filename.txt",
        "bytes": 11,
        "created_at": 1746663512,
        "expires_at": null,
        "status": "processed",
        "status_details": null
      }
    },
    {
      "RequestUri": "https://Sanitized.azure.com/api/projects/project/files?api-version=2025-05-15-preview",
      "RequestMethod": "POST",
      "RequestHeaders": {
        "Accept": "application/json",
        "Accept-Encoding": "gzip,deflate",
        "Authorization": "Sanitized",
        "Connection": "keep-alive",
        "Content-Type": "multipart/form-data; boundary=--RecordedTestMultipartBoundary",
        "Transfer-Encoding": "chunked",
        "User-Agent": "azsdk-js-client azsdk-js-api azsdk-js-ai-agents/1.0.0-beta.1 core-rest-pipeline/1.20.1 Node/22.10.0 OS/(x64-Windows_NT-10.0.22631)",
        "x-ms-client-request-id": "Sanitized"
      },
      "RequestBody": "LS0tLVJlY29yZGVkVGVzdE11bHRpcGFydEJvdW5kYXJ5DQpjb250ZW50LXR5cGU6IGFwcGxpY2F0aW9uL29jdGV0LXN0cmVhbQ0KY29udGVudC1kaXNwb3NpdGlvbjogZm9ybS1kYXRhOyBuYW1lPSJmaWxlIjsgZmlsZW5hbWU9ImZpbGVuYW1lLnR4dCINCg0KZmlsZUNvbnRlbnQNCi0tLS1SZWNvcmRlZFRlc3RNdWx0aXBhcnRCb3VuZGFyeQ0KY29udGVudC10eXBlOiB0ZXh0L3BsYWluOyBjaGFyc2V0PVVURi04DQpjb250ZW50LWRpc3Bvc2l0aW9uOiBmb3JtLWRhdGE7IG5hbWU9InB1cnBvc2UiDQoNCmFzc2lzdGFudHMNCi0tLS1SZWNvcmRlZFRlc3RNdWx0aXBhcnRCb3VuZGFyeS0tDQoNCg==",
      "StatusCode": 200,
      "ResponseHeaders": {
        "Access-Control-Allow-Origin": "*",
        "apim-request-id": "c60ec5f9-2a09-4245-8bb0-92d7ea6af810",
        "azureml-served-by-cluster": "vienna-eastus-01",
        "Content-Length": "240",
        "Content-Type": "application/json",
        "Date": "Thu, 08 May 2025 00:18:33 GMT",
        "openai-processing-ms": "310",
        "openai-version": "2020-10-01",
        "Request-Context": "appId=cid-v1:2d2e8e63-272e-4b3c-8598-4ee570a0e70d",
        "Strict-Transport-Security": "max-age=31536000; includeSubDomains; preload",
        "X-Content-Type-Options": "nosniff",
        "x-ms-middleware-request-id": "8b5ac51e-e662-4499-b26b-ccc627fb305f",
        "x-ms-region": "East US",
        "x-ms-response-type": "standard",
        "X-Request-ID": "01c0ac1d4df22d10541e2ca954603b91",
        "x-request-time": "0.465"
      },
      "ResponseBody": {
        "object": "file",
        "id": "assistant-JPYC2mbfSCg6Q4ZYeLxxfk",
        "purpose": "assistants",
        "filename": "filename.txt",
        "bytes": 11,
        "created_at": 1746663513,
        "expires_at": null,
        "status": "processed",
        "status_details": null
      }
    },
    {
      "RequestUri": "https://Sanitized.azure.com/api/projects/project/vector_stores/vs_5ftgDItsUlQysg7cHVikVNvt/file_batches?api-version=2025-05-15-preview",
      "RequestMethod": "POST",
      "RequestHeaders": {
        "Accept": "application/json",
        "Accept-Encoding": "gzip,deflate",
        "Authorization": "Sanitized",
        "Connection": "keep-alive",
        "Content-Length": "84",
        "Content-Type": "application/json",
        "User-Agent": "azsdk-js-client azsdk-js-api azsdk-js-ai-agents/1.0.0-beta.1 core-rest-pipeline/1.20.1 Node/22.10.0 OS/(x64-Windows_NT-10.0.22631)",
        "x-ms-client-request-id": "Sanitized"
      },
      "RequestBody": {
        "file_ids": [
          "assistant-C6Jw866LDrNVQVuqkePWo6",
          "assistant-JPYC2mbfSCg6Q4ZYeLxxfk"
        ]
      },
      "StatusCode": 200,
      "ResponseHeaders": {
        "apim-request-id": "0ec3ebac-1e75-4ac4-931a-62954e931f4a",
        "azureml-served-by-cluster": "vienna-eastus-01",
        "Content-Encoding": "gzip",
        "Content-Type": "application/json",
        "Date": "Thu, 08 May 2025 00:18:33 GMT",
        "openai-organization": "1fa34553a93e4e53b531c64321ca4ae2",
        "openai-processing-ms": "276",
        "openai-version": "2020-10-01",
        "Request-Context": "appId=cid-v1:2d2e8e63-272e-4b3c-8598-4ee570a0e70d",
        "Strict-Transport-Security": "max-age=31536000; includeSubDomains; preload",
        "Transfer-Encoding": "chunked",
        "Vary": "Accept-Encoding",
        "X-Content-Type-Options": "nosniff",
        "x-ms-middleware-request-id": "4a61cb13-67da-426e-8107-5f830a0ca597",
        "x-ms-region": "East US",
        "x-ms-response-type": "standard",
        "X-Request-ID": "61a4a1aea744c106886874aadb2f5137",
        "x-request-time": "0.395"
      },
      "ResponseBody": {
        "id": "vsfb_5af9c8258c8347c8b4dfeff92091ceba",
        "object": "vector_store.file_batch",
        "created_at": 1746663513,
        "status": "in_progress",
        "vector_store_id": "vs_5ftgDItsUlQysg7cHVikVNvt",
        "file_counts": {
          "in_progress": 2,
          "completed": 0,
          "failed": 0,
          "cancelled": 0,
          "total": 2
        }
      }
    },
    {
      "RequestUri": "https://Sanitized.azure.com/api/projects/project/vector_stores/vs_5ftgDItsUlQysg7cHVikVNvt/file_batches/vsfb_5af9c8258c8347c8b4dfeff92091ceba?api-version=2025-05-15-preview",
      "RequestMethod": "GET",
      "RequestHeaders": {
        "Accept": "application/json",
        "Accept-Encoding": "gzip,deflate",
        "Authorization": "Sanitized",
        "Connection": "keep-alive",
        "User-Agent": "azsdk-js-client azsdk-js-api azsdk-js-ai-agents/1.0.0-beta.1 core-rest-pipeline/1.20.1 Node/22.10.0 OS/(x64-Windows_NT-10.0.22631)",
        "x-ms-client-request-id": "Sanitized"
      },
      "RequestBody": null,
      "StatusCode": 200,
      "ResponseHeaders": {
        "apim-request-id": "0d8e0be3-15d2-42ac-bbc0-2f344299bb8d",
        "azureml-served-by-cluster": "vienna-eastus-01",
        "Content-Encoding": "gzip",
        "Content-Type": "application/json",
        "Date": "Thu, 08 May 2025 00:18:33 GMT",
        "openai-organization": "1fa34553a93e4e53b531c64321ca4ae2",
        "openai-processing-ms": "130",
        "openai-version": "2020-10-01",
        "Request-Context": "appId=cid-v1:2d2e8e63-272e-4b3c-8598-4ee570a0e70d",
        "Strict-Transport-Security": "max-age=31536000; includeSubDomains; preload",
        "Transfer-Encoding": "chunked",
        "Vary": "Accept-Encoding",
        "X-Content-Type-Options": "nosniff",
        "x-ms-middleware-request-id": "1c820f6a-5f13-4e36-8b49-780083bc217b",
        "x-ms-region": "East US",
        "x-ms-response-type": "standard",
        "X-Request-ID": "1ae8efeb010dc44316d4a898676173e9",
        "x-request-time": "0.249"
      },
      "ResponseBody": {
        "id": "vsfb_5af9c8258c8347c8b4dfeff92091ceba",
        "object": "vector_store.file_batch",
        "created_at": 1746663514,
        "status": "in_progress",
        "vector_store_id": "vs_5ftgDItsUlQysg7cHVikVNvt",
        "file_counts": {
          "in_progress": 1,
          "completed": 1,
          "failed": 0,
          "cancelled": 0,
          "total": 2
        }
      }
    },
    {
      "RequestUri": "https://Sanitized.azure.com/api/projects/project/vector_stores/vs_5ftgDItsUlQysg7cHVikVNvt/file_batches/vsfb_5af9c8258c8347c8b4dfeff92091ceba?api-version=2025-05-15-preview",
      "RequestMethod": "GET",
      "RequestHeaders": {
        "Accept": "application/json",
        "Accept-Encoding": "gzip,deflate",
        "Authorization": "Sanitized",
        "Connection": "keep-alive",
        "User-Agent": "azsdk-js-client azsdk-js-api azsdk-js-ai-agents/1.0.0-beta.1 core-rest-pipeline/1.20.1 Node/22.10.0 OS/(x64-Windows_NT-10.0.22631)",
        "x-ms-client-request-id": "Sanitized"
      },
      "RequestBody": null,
      "StatusCode": 200,
      "ResponseHeaders": {
        "apim-request-id": "4ef49521-3ec4-4162-be29-81d3b1f31783",
        "azureml-served-by-cluster": "vienna-eastus-01",
        "Content-Encoding": "gzip",
        "Content-Type": "application/json",
        "Date": "Thu, 08 May 2025 00:18:33 GMT",
        "openai-organization": "1fa34553a93e4e53b531c64321ca4ae2",
        "openai-processing-ms": "128",
        "openai-version": "2020-10-01",
        "Request-Context": "appId=cid-v1:2d2e8e63-272e-4b3c-8598-4ee570a0e70d",
        "Strict-Transport-Security": "max-age=31536000; includeSubDomains; preload",
        "Transfer-Encoding": "chunked",
        "Vary": "Accept-Encoding",
        "X-Content-Type-Options": "nosniff",
        "x-ms-middleware-request-id": "f2462bac-b4e2-4e79-9687-efb428783731",
        "x-ms-region": "East US",
        "x-ms-response-type": "standard",
        "X-Request-ID": "6e7e25002c4064374db3f3a3d1c259b0",
        "x-request-time": "0.261"
      },
      "ResponseBody": {
        "id": "vsfb_5af9c8258c8347c8b4dfeff92091ceba",
        "object": "vector_store.file_batch",
        "created_at": 1746663514,
        "status": "in_progress",
        "vector_store_id": "vs_5ftgDItsUlQysg7cHVikVNvt",
        "file_counts": {
          "in_progress": 1,
          "completed": 1,
          "failed": 0,
          "cancelled": 0,
          "total": 2
        }
      }
    },
    {
      "RequestUri": "https://Sanitized.azure.com/api/projects/project/vector_stores/vs_5ftgDItsUlQysg7cHVikVNvt/file_batches/vsfb_5af9c8258c8347c8b4dfeff92091ceba?api-version=2025-05-15-preview",
      "RequestMethod": "GET",
      "RequestHeaders": {
        "Accept": "application/json",
        "Accept-Encoding": "gzip,deflate",
        "Authorization": "Sanitized",
        "Connection": "keep-alive",
        "User-Agent": "azsdk-js-client azsdk-js-api azsdk-js-ai-agents/1.0.0-beta.1 core-rest-pipeline/1.20.1 Node/22.10.0 OS/(x64-Windows_NT-10.0.22631)",
        "x-ms-client-request-id": "Sanitized"
      },
      "RequestBody": null,
      "StatusCode": 200,
      "ResponseHeaders": {
        "apim-request-id": "2c617888-c81e-49e9-9b7a-4e58564e8f9a",
        "azureml-served-by-cluster": "vienna-eastus-01",
        "Content-Encoding": "gzip",
        "Content-Type": "application/json",
        "Date": "Thu, 08 May 2025 00:18:35 GMT",
        "openai-organization": "1fa34553a93e4e53b531c64321ca4ae2",
        "openai-processing-ms": "45",
        "openai-version": "2020-10-01",
        "Request-Context": "appId=cid-v1:2d2e8e63-272e-4b3c-8598-4ee570a0e70d",
        "Strict-Transport-Security": "max-age=31536000; includeSubDomains; preload",
        "Transfer-Encoding": "chunked",
        "Vary": "Accept-Encoding",
        "X-Content-Type-Options": "nosniff",
        "x-ms-middleware-request-id": "1b0e6472-798f-4260-b5c3-f5993f4fdd1f",
        "x-ms-region": "East US",
        "x-ms-response-type": "standard",
        "X-Request-ID": "dbe5c1621bfbba303bb5f7110d5ccfc5",
        "x-request-time": "0.181"
      },
      "ResponseBody": {
        "id": "vsfb_5af9c8258c8347c8b4dfeff92091ceba",
        "object": "vector_store.file_batch",
        "created_at": 1746663515,
        "status": "completed",
        "vector_store_id": "vs_5ftgDItsUlQysg7cHVikVNvt",
        "file_counts": {
          "in_progress": 0,
          "completed": 2,
          "failed": 0,
          "cancelled": 0,
          "total": 2
        }
      }
    },
    {
      "RequestUri": "https://Sanitized.azure.com/api/projects/project/files/assistant-C6Jw866LDrNVQVuqkePWo6?api-version=2025-05-15-preview",
      "RequestMethod": "DELETE",
      "RequestHeaders": {
        "Accept": "application/json",
        "Accept-Encoding": "gzip,deflate",
        "Authorization": "Sanitized",
        "Connection": "keep-alive",
        "User-Agent": "azsdk-js-client azsdk-js-api azsdk-js-ai-agents/1.0.0-beta.1 core-rest-pipeline/1.20.1 Node/22.10.0 OS/(x64-Windows_NT-10.0.22631)",
        "x-ms-client-request-id": "Sanitized"
      },
      "RequestBody": null,
      "StatusCode": 200,
      "ResponseHeaders": {
        "Access-Control-Allow-Origin": "*",
        "apim-request-id": "453381b8-6245-44b3-8939-f137730e7b58",
        "azureml-served-by-cluster": "vienna-eastus-01",
        "Content-Length": "86",
        "Content-Type": "application/json",
        "Date": "Thu, 08 May 2025 00:18:35 GMT",
        "openai-processing-ms": "242",
        "openai-version": "2020-10-01",
        "Request-Context": "appId=cid-v1:2d2e8e63-272e-4b3c-8598-4ee570a0e70d",
        "Strict-Transport-Security": "max-age=31536000; includeSubDomains; preload",
        "X-Content-Type-Options": "nosniff",
        "x-ms-middleware-request-id": "64834a15-38d6-4601-8543-3d9f5063f1a4",
        "x-ms-region": "East US",
        "x-ms-response-type": "standard",
        "X-Request-ID": "37daff723480eec3debc70eb2abd3617",
        "x-request-time": "0.370"
      },
      "ResponseBody": {
        "object": "file",
        "deleted": true,
        "id": "assistant-C6Jw866LDrNVQVuqkePWo6"
      }
    },
    {
      "RequestUri": "https://Sanitized.azure.com/api/projects/project/files/assistant-JPYC2mbfSCg6Q4ZYeLxxfk?api-version=2025-05-15-preview",
      "RequestMethod": "DELETE",
      "RequestHeaders": {
        "Accept": "application/json",
        "Accept-Encoding": "gzip,deflate",
        "Authorization": "Sanitized",
        "Connection": "keep-alive",
        "User-Agent": "azsdk-js-client azsdk-js-api azsdk-js-ai-agents/1.0.0-beta.1 core-rest-pipeline/1.20.1 Node/22.10.0 OS/(x64-Windows_NT-10.0.22631)",
        "x-ms-client-request-id": "Sanitized"
      },
      "RequestBody": null,
      "StatusCode": 200,
      "ResponseHeaders": {
        "Access-Control-Allow-Origin": "*",
        "apim-request-id": "fc1890a0-4307-458f-9082-36ebe61ff04c",
        "azureml-served-by-cluster": "vienna-eastus-01",
        "Content-Length": "86",
        "Content-Type": "application/json",
        "Date": "Thu, 08 May 2025 00:18:36 GMT",
        "openai-processing-ms": "228",
        "openai-version": "2020-10-01",
        "Request-Context": "appId=cid-v1:2d2e8e63-272e-4b3c-8598-4ee570a0e70d",
        "Strict-Transport-Security": "max-age=31536000; includeSubDomains; preload",
        "X-Content-Type-Options": "nosniff",
        "x-ms-middleware-request-id": "9f3c8688-939a-49a4-b54b-90feb9fc4605",
        "x-ms-region": "East US",
        "x-ms-response-type": "standard",
        "X-Request-ID": "4b3e4d7662892d0bb78036d29725800d",
        "x-request-time": "0.357"
      },
      "ResponseBody": {
        "object": "file",
        "deleted": true,
        "id": "assistant-JPYC2mbfSCg6Q4ZYeLxxfk"
      }
    },
    {
      "RequestUri": "https://Sanitized.azure.com/api/projects/project/vector_stores/vs_5ftgDItsUlQysg7cHVikVNvt?api-version=2025-05-15-preview",
      "RequestMethod": "DELETE",
      "RequestHeaders": {
        "Accept": "application/json",
        "Accept-Encoding": "gzip,deflate",
        "Authorization": "Sanitized",
        "Connection": "keep-alive",
        "User-Agent": "azsdk-js-client azsdk-js-api azsdk-js-ai-agents/1.0.0-beta.1 core-rest-pipeline/1.20.1 Node/22.10.0 OS/(x64-Windows_NT-10.0.22631)",
        "x-ms-client-request-id": "Sanitized"
      },
      "RequestBody": null,
      "StatusCode": 200,
      "ResponseHeaders": {
        "apim-request-id": "09f6bdbb-dd19-4e69-b047-4a5f6bdc1861",
        "azureml-served-by-cluster": "vienna-eastus-01",
        "Content-Length": "96",
        "Content-Type": "application/json",
        "Date": "Thu, 08 May 2025 00:18:36 GMT",
        "openai-organization": "1fa34553a93e4e53b531c64321ca4ae2",
        "openai-processing-ms": "611",
        "openai-version": "2020-10-01",
        "Request-Context": "appId=cid-v1:2d2e8e63-272e-4b3c-8598-4ee570a0e70d",
        "Strict-Transport-Security": "max-age=31536000; includeSubDomains; preload",
        "X-Content-Type-Options": "nosniff",
        "x-ms-middleware-request-id": "a1dae703-7492-46ba-af82-fd6bd190c2c1",
        "x-ms-region": "East US",
        "x-ms-response-type": "standard",
        "X-Request-ID": "d60bc17a00cfe2febdbb138c19c42b3b",
        "x-request-time": "0.746"
      },
      "ResponseBody": {
        "id": "vs_5ftgDItsUlQysg7cHVikVNvt",
        "object": "vector_store.deleted",
        "deleted": true
      }
    }
  ],
  "Variables": {}
}
