{
  "Entries": [
    {
      "RequestUri": "https://Sanitized.azure.com/api/projects/00000/vector_stores?api-version=2025-05-15-preview",
      "RequestMethod": "POST",
      "RequestHeaders": {
        "Accept": "application/json",
        "Accept-Encoding": "gzip,deflate",
        "Authorization": "Sanitized",
        "Connection": "keep-alive",
        "Content-Length": "2",
        "Content-Type": "application/json",
        "User-Agent": "azsdk-js-client azsdk-js-api azsdk-js-ai-agents/1.0.0-beta.2 core-rest-pipeline/1.20.1 Node/22.10.0 OS/(x64-Windows_NT-10.0.22631)",
        "x-ms-client-request-id": "Sanitized"
      },
      "RequestBody": {},
      "StatusCode": 200,
      "ResponseHeaders": {
        "apim-request-id": "77e2b590-d32f-4569-abbe-352263f780bb",
        "azureml-served-by-cluster": "vienna-eastus-01",
        "Content-Encoding": "gzip",
        "Content-Type": "application/json",
        "Date": "Fri, 16 May 2025 23:45:55 GMT",
        "openai-organization": "1fa34553a93e4e53b531c64321ca4ae2",
        "openai-processing-ms": "36",
        "openai-version": "2020-10-01",
        "Request-Context": "appId=cid-v1:2d2e8e63-272e-4b3c-8598-4ee570a0e70d",
        "Strict-Transport-Security": "max-age=31536000; includeSubDomains; preload",
        "Transfer-Encoding": "chunked",
        "Vary": "Accept-Encoding",
        "X-Content-Type-Options": "nosniff",
        "x-ms-middleware-request-id": "af3fdc25-3086-46bc-9053-4857bd5a7817",
        "x-ms-region": "East US",
        "x-ms-response-type": "standard",
        "X-Request-ID": "a8b12e629f27643d305c299fd262b27d",
        "x-request-time": "0.252"
      },
      "ResponseBody": {
        "id": "vs_CoucH2QCR3Mm5n1NOQGZzzRg",
        "object": "vector_store",
        "name": null,
        "status": "completed",
        "usage_bytes": 0,
        "created_at": 1747439156,
        "file_counts": {
          "in_progress": 0,
          "completed": 0,
          "failed": 0,
          "cancelled": 0,
          "total": 0
        },
        "metadata": {},
        "expires_after": null,
        "expires_at": null,
        "last_active_at": 1747439156
      }
    },
    {
      "RequestUri": "https://Sanitized.azure.com/api/projects/00000/files?api-version=2025-05-15-preview",
      "RequestMethod": "POST",
      "RequestHeaders": {
        "Accept": "application/json",
        "Accept-Encoding": "gzip,deflate",
        "Authorization": "Sanitized",
        "Connection": "keep-alive",
        "Content-Type": "multipart/form-data; boundary=--RecordedTestMultipartBoundary",
        "Transfer-Encoding": "chunked",
        "User-Agent": "azsdk-js-client azsdk-js-api azsdk-js-ai-agents/1.0.0-beta.2 core-rest-pipeline/1.20.1 Node/22.10.0 OS/(x64-Windows_NT-10.0.22631)",
        "x-ms-client-request-id": "Sanitized"
      },
      "RequestBody": "LS0tLVJlY29yZGVkVGVzdE11bHRpcGFydEJvdW5kYXJ5DQpjb250ZW50LXR5cGU6IGFwcGxpY2F0aW9uL29jdGV0LXN0cmVhbQ0KY29udGVudC1kaXNwb3NpdGlvbjogZm9ybS1kYXRhOyBuYW1lPSJmaWxlIjsgZmlsZW5hbWU9ImZpbGVuYW1lLnR4dCINCg0KZmlsZUNvbnRlbnQNCi0tLS1SZWNvcmRlZFRlc3RNdWx0aXBhcnRCb3VuZGFyeQ0KY29udGVudC10eXBlOiB0ZXh0L3BsYWluOyBjaGFyc2V0PVVURi04DQpjb250ZW50LWRpc3Bvc2l0aW9uOiBmb3JtLWRhdGE7IG5hbWU9InB1cnBvc2UiDQoNCmFzc2lzdGFudHMNCi0tLS1SZWNvcmRlZFRlc3RNdWx0aXBhcnRCb3VuZGFyeS0tDQoNCg==",
      "StatusCode": 200,
      "ResponseHeaders": {
        "Access-Control-Allow-Origin": "*",
        "apim-request-id": "6f0ce0aa-e3d0-4045-a444-e629a11d2fa3",
        "azureml-served-by-cluster": "vienna-eastus-01",
        "Content-Length": "240",
        "Content-Type": "application/json",
        "Date": "Fri, 16 May 2025 23:45:59 GMT",
        "openai-processing-ms": "3294",
        "openai-version": "2020-10-01",
        "Request-Context": "appId=cid-v1:2d2e8e63-272e-4b3c-8598-4ee570a0e70d",
        "Strict-Transport-Security": "max-age=31536000; includeSubDomains; preload",
        "X-Content-Type-Options": "nosniff",
        "x-ms-middleware-request-id": "9b26aeb8-28c6-48c7-96ce-073346846b39",
        "x-ms-region": "East US",
        "x-ms-response-type": "standard",
        "X-Request-ID": "fa9de3ae8a24be14c180e17e1fa62cb1",
        "x-request-time": "3.557"
      },
      "ResponseBody": {
        "object": "file",
        "id": "assistant-AnFNFV5xpRcN9bWc2zNJ4a",
        "purpose": "assistants",
        "filename": "filename.txt",
        "bytes": 11,
        "created_at": 1747439156,
        "expires_at": null,
        "status": "processed",
        "status_details": null
      }
    },
    {
      "RequestUri": "https://Sanitized.azure.com/api/projects/00000/files?api-version=2025-05-15-preview",
      "RequestMethod": "POST",
      "RequestHeaders": {
        "Accept": "application/json",
        "Accept-Encoding": "gzip,deflate",
        "Authorization": "Sanitized",
        "Connection": "keep-alive",
        "Content-Type": "multipart/form-data; boundary=--RecordedTestMultipartBoundary",
        "Transfer-Encoding": "chunked",
        "User-Agent": "azsdk-js-client azsdk-js-api azsdk-js-ai-agents/1.0.0-beta.2 core-rest-pipeline/1.20.1 Node/22.10.0 OS/(x64-Windows_NT-10.0.22631)",
        "x-ms-client-request-id": "Sanitized"
      },
      "RequestBody": "LS0tLVJlY29yZGVkVGVzdE11bHRpcGFydEJvdW5kYXJ5DQpjb250ZW50LXR5cGU6IGFwcGxpY2F0aW9uL29jdGV0LXN0cmVhbQ0KY29udGVudC1kaXNwb3NpdGlvbjogZm9ybS1kYXRhOyBuYW1lPSJmaWxlIjsgZmlsZW5hbWU9ImZpbGVuYW1lLnR4dCINCg0KZmlsZUNvbnRlbnQNCi0tLS1SZWNvcmRlZFRlc3RNdWx0aXBhcnRCb3VuZGFyeQ0KY29udGVudC10eXBlOiB0ZXh0L3BsYWluOyBjaGFyc2V0PVVURi04DQpjb250ZW50LWRpc3Bvc2l0aW9uOiBmb3JtLWRhdGE7IG5hbWU9InB1cnBvc2UiDQoNCmFzc2lzdGFudHMNCi0tLS1SZWNvcmRlZFRlc3RNdWx0aXBhcnRCb3VuZGFyeS0tDQoNCg==",
      "StatusCode": 200,
      "ResponseHeaders": {
        "Access-Control-Allow-Origin": "*",
        "apim-request-id": "94da36a8-c097-4bfb-b020-13257c726b1d",
        "azureml-served-by-cluster": "vienna-eastus-01",
        "Content-Length": "240",
        "Content-Type": "application/json",
        "Date": "Fri, 16 May 2025 23:46:00 GMT",
        "openai-processing-ms": "811",
        "openai-version": "2020-10-01",
        "Request-Context": "appId=cid-v1:2d2e8e63-272e-4b3c-8598-4ee570a0e70d",
        "Strict-Transport-Security": "max-age=31536000; includeSubDomains; preload",
        "X-Content-Type-Options": "nosniff",
        "x-ms-middleware-request-id": "328ece48-a0e8-4519-9f82-df0e8f030be1",
        "x-ms-region": "East US",
        "x-ms-response-type": "standard",
        "X-Request-ID": "9f1a8421081b4ccd38ea43fb23c807b3",
        "x-request-time": "1.026"
      },
      "ResponseBody": {
        "object": "file",
        "id": "assistant-KjVKDTHUy6ha9RBs5KiJJv",
        "purpose": "assistants",
        "filename": "filename.txt",
        "bytes": 11,
        "created_at": 1747439160,
        "expires_at": null,
        "status": "processed",
        "status_details": null
      }
    },
    {
      "RequestUri": "https://Sanitized.azure.com/api/projects/00000/vector_stores/vs_CoucH2QCR3Mm5n1NOQGZzzRg/file_batches?api-version=2025-05-15-preview",
      "RequestMethod": "POST",
      "RequestHeaders": {
        "Accept": "application/json",
        "Accept-Encoding": "gzip,deflate",
        "Authorization": "Sanitized",
        "Connection": "keep-alive",
        "Content-Length": "84",
        "Content-Type": "application/json",
        "User-Agent": "azsdk-js-client azsdk-js-api azsdk-js-ai-agents/1.0.0-beta.2 core-rest-pipeline/1.20.1 Node/22.10.0 OS/(x64-Windows_NT-10.0.22631)",
        "x-ms-client-request-id": "Sanitized"
      },
      "RequestBody": {
        "file_ids": [
          "assistant-AnFNFV5xpRcN9bWc2zNJ4a",
          "assistant-KjVKDTHUy6ha9RBs5KiJJv"
        ]
      },
      "StatusCode": 200,
      "ResponseHeaders": {
        "apim-request-id": "8350029b-6cd5-43b6-a072-feb268cba0b0",
        "azureml-served-by-cluster": "vienna-eastus-01",
        "Content-Encoding": "gzip",
        "Content-Type": "application/json",
        "Date": "Fri, 16 May 2025 23:46:00 GMT",
        "openai-organization": "1fa34553a93e4e53b531c64321ca4ae2",
        "openai-processing-ms": "225",
        "openai-version": "2020-10-01",
        "Request-Context": "appId=cid-v1:2d2e8e63-272e-4b3c-8598-4ee570a0e70d",
        "Strict-Transport-Security": "max-age=31536000; includeSubDomains; preload",
        "Transfer-Encoding": "chunked",
        "Vary": "Accept-Encoding",
        "X-Content-Type-Options": "nosniff",
        "x-ms-middleware-request-id": "d3525cb0-01c7-4bc9-afd4-ae8c1433f2d7",
        "x-ms-region": "East US",
        "x-ms-response-type": "standard",
        "X-Request-ID": "6745b4636ddc2c56dab3041f2fea958a",
        "x-request-time": "0.400"
      },
      "ResponseBody": {
        "id": "vsfb_e6fe73972cef4973ac380ce0f6708191",
        "object": "vector_store.file_batch",
        "created_at": 1747439161,
        "status": "in_progress",
        "vector_store_id": "vs_CoucH2QCR3Mm5n1NOQGZzzRg",
        "file_counts": {
          "in_progress": 2,
          "completed": 0,
          "failed": 0,
          "cancelled": 0,
          "total": 2
        }
      }
    },
    {
      "RequestUri": "https://Sanitized.azure.com/api/projects/00000/vector_stores/vs_CoucH2QCR3Mm5n1NOQGZzzRg/file_batches/vsfb_e6fe73972cef4973ac380ce0f6708191?api-version=2025-05-15-preview",
      "RequestMethod": "GET",
      "RequestHeaders": {
        "Accept": "application/json",
        "Accept-Encoding": "gzip,deflate",
        "Authorization": "Sanitized",
        "Connection": "keep-alive",
        "User-Agent": "azsdk-js-client azsdk-js-api azsdk-js-ai-agents/1.0.0-beta.2 core-rest-pipeline/1.20.1 Node/22.10.0 OS/(x64-Windows_NT-10.0.22631)",
        "x-ms-client-request-id": "Sanitized"
      },
      "RequestBody": null,
      "StatusCode": 200,
      "ResponseHeaders": {
        "apim-request-id": "2b9912e8-6362-4c6b-87d5-31ce422477b5",
        "azureml-served-by-cluster": "vienna-eastus-01",
        "Content-Encoding": "gzip",
        "Content-Type": "application/json",
        "Date": "Fri, 16 May 2025 23:46:01 GMT",
        "openai-organization": "1fa34553a93e4e53b531c64321ca4ae2",
        "openai-processing-ms": "115",
        "openai-version": "2020-10-01",
        "Request-Context": "appId=cid-v1:2d2e8e63-272e-4b3c-8598-4ee570a0e70d",
        "Strict-Transport-Security": "max-age=31536000; includeSubDomains; preload",
        "Transfer-Encoding": "chunked",
        "Vary": "Accept-Encoding",
        "X-Content-Type-Options": "nosniff",
        "x-ms-middleware-request-id": "c692ce63-e256-43e3-8bdb-71bb70cbf9f3",
        "x-ms-region": "East US",
        "x-ms-response-type": "standard",
        "X-Request-ID": "0c08896faa1dbca6db0f280727e5ddae",
        "x-request-time": "0.306"
      },
      "ResponseBody": {
        "id": "vsfb_e6fe73972cef4973ac380ce0f6708191",
        "object": "vector_store.file_batch",
        "created_at": 1747439161,
        "status": "in_progress",
        "vector_store_id": "vs_CoucH2QCR3Mm5n1NOQGZzzRg",
        "file_counts": {
          "in_progress": 1,
          "completed": 1,
          "failed": 0,
          "cancelled": 0,
          "total": 2
        }
      }
    },
    {
      "RequestUri": "https://Sanitized.azure.com/api/projects/00000/vector_stores/vs_CoucH2QCR3Mm5n1NOQGZzzRg/file_batches/vsfb_e6fe73972cef4973ac380ce0f6708191?api-version=2025-05-15-preview",
      "RequestMethod": "GET",
      "RequestHeaders": {
        "Accept": "application/json",
        "Accept-Encoding": "gzip,deflate",
        "Authorization": "Sanitized",
        "Connection": "keep-alive",
        "User-Agent": "azsdk-js-client azsdk-js-api azsdk-js-ai-agents/1.0.0-beta.2 core-rest-pipeline/1.20.1 Node/22.10.0 OS/(x64-Windows_NT-10.0.22631)",
        "x-ms-client-request-id": "Sanitized"
      },
      "RequestBody": null,
      "StatusCode": 200,
      "ResponseHeaders": {
        "apim-request-id": "726399e3-4384-47c9-9d5e-81e9c1396afd",
        "azureml-served-by-cluster": "vienna-eastus-01",
        "Content-Encoding": "gzip",
        "Content-Type": "application/json",
        "Date": "Fri, 16 May 2025 23:46:02 GMT",
        "openai-organization": "1fa34553a93e4e53b531c64321ca4ae2",
        "openai-processing-ms": "122",
        "openai-version": "2020-10-01",
        "Request-Context": "appId=cid-v1:2d2e8e63-272e-4b3c-8598-4ee570a0e70d",
        "Strict-Transport-Security": "max-age=31536000; includeSubDomains; preload",
        "Transfer-Encoding": "chunked",
        "Vary": "Accept-Encoding",
        "X-Content-Type-Options": "nosniff",
        "x-ms-middleware-request-id": "d145ed70-6eba-4a9f-b7ac-7f0bb48da9dc",
        "x-ms-region": "East US",
        "x-ms-response-type": "standard",
        "X-Request-ID": "6cbfa2928229789f5ccda3336f7ad661",
        "x-request-time": "0.340"
      },
      "ResponseBody": {
        "id": "vsfb_e6fe73972cef4973ac380ce0f6708191",
        "object": "vector_store.file_batch",
        "created_at": 1747439163,
        "status": "completed",
        "vector_store_id": "vs_CoucH2QCR3Mm5n1NOQGZzzRg",
        "file_counts": {
          "in_progress": 0,
          "completed": 2,
          "failed": 0,
          "cancelled": 0,
          "total": 2
        }
      }
    },
    {
      "RequestUri": "https://Sanitized.azure.com/api/projects/00000/vector_stores/vs_CoucH2QCR3Mm5n1NOQGZzzRg/file_batches/vsfb_e6fe73972cef4973ac380ce0f6708191?api-version=2025-05-15-preview",
      "RequestMethod": "GET",
      "RequestHeaders": {
        "Accept": "application/json",
        "Accept-Encoding": "gzip,deflate",
        "Authorization": "Sanitized",
        "Connection": "keep-alive",
        "User-Agent": "azsdk-js-client azsdk-js-api azsdk-js-ai-agents/1.0.0-beta.2 core-rest-pipeline/1.20.1 Node/22.10.0 OS/(x64-Windows_NT-10.0.22631)",
        "x-ms-client-request-id": "Sanitized"
      },
      "RequestBody": null,
      "StatusCode": 200,
      "ResponseHeaders": {
        "apim-request-id": "527fa3ea-9e36-45f4-9345-9176980c79ab",
        "azureml-served-by-cluster": "vienna-eastus-01",
        "Content-Encoding": "gzip",
        "Content-Type": "application/json",
        "Date": "Fri, 16 May 2025 23:46:03 GMT",
        "openai-organization": "1fa34553a93e4e53b531c64321ca4ae2",
        "openai-processing-ms": "25",
        "openai-version": "2020-10-01",
        "Request-Context": "appId=cid-v1:2d2e8e63-272e-4b3c-8598-4ee570a0e70d",
        "Strict-Transport-Security": "max-age=31536000; includeSubDomains; preload",
        "Transfer-Encoding": "chunked",
        "Vary": "Accept-Encoding",
        "X-Content-Type-Options": "nosniff",
        "x-ms-middleware-request-id": "be9c3960-6eed-4ebf-aab7-24428bccfe77",
        "x-ms-region": "East US",
        "x-ms-response-type": "standard",
        "X-Request-ID": "bedc226ed284b80f952f5ca4054f8b1e",
        "x-request-time": "0.186"
      },
      "ResponseBody": {
        "id": "vsfb_e6fe73972cef4973ac380ce0f6708191",
        "object": "vector_store.file_batch",
        "created_at": 1747439163,
        "status": "completed",
        "vector_store_id": "vs_CoucH2QCR3Mm5n1NOQGZzzRg",
        "file_counts": {
          "in_progress": 0,
          "completed": 2,
          "failed": 0,
          "cancelled": 0,
          "total": 2
        }
      }
    },
    {
      "RequestUri": "https://Sanitized.azure.com/api/projects/00000/files/assistant-AnFNFV5xpRcN9bWc2zNJ4a?api-version=2025-05-15-preview",
      "RequestMethod": "DELETE",
      "RequestHeaders": {
        "Accept": "application/json",
        "Accept-Encoding": "gzip,deflate",
        "Authorization": "Sanitized",
        "Connection": "keep-alive",
        "User-Agent": "azsdk-js-client azsdk-js-api azsdk-js-ai-agents/1.0.0-beta.2 core-rest-pipeline/1.20.1 Node/22.10.0 OS/(x64-Windows_NT-10.0.22631)",
        "x-ms-client-request-id": "Sanitized"
      },
      "RequestBody": null,
      "StatusCode": 200,
      "ResponseHeaders": {
        "Access-Control-Allow-Origin": "*",
        "apim-request-id": "a5da483a-3c3a-4299-8615-080d21d6c466",
        "azureml-served-by-cluster": "vienna-eastus-01",
        "Content-Length": "86",
        "Content-Type": "application/json",
        "Date": "Fri, 16 May 2025 23:46:05 GMT",
        "openai-processing-ms": "2380",
        "openai-version": "2020-10-01",
        "Request-Context": "appId=cid-v1:2d2e8e63-272e-4b3c-8598-4ee570a0e70d",
        "Strict-Transport-Security": "max-age=31536000; includeSubDomains; preload",
        "X-Content-Type-Options": "nosniff",
        "x-ms-middleware-request-id": "409fef7b-9a9b-4882-afff-810475458a50",
        "x-ms-region": "East US",
        "x-ms-response-type": "standard",
        "X-Request-ID": "c395e2f9df8ef11a6cd157028b46113b",
        "x-request-time": "2.527"
      },
      "ResponseBody": {
        "object": "file",
        "deleted": true,
        "id": "assistant-AnFNFV5xpRcN9bWc2zNJ4a"
      }
    },
    {
      "RequestUri": "https://Sanitized.azure.com/api/projects/00000/files/assistant-KjVKDTHUy6ha9RBs5KiJJv?api-version=2025-05-15-preview",
      "RequestMethod": "DELETE",
      "RequestHeaders": {
        "Accept": "application/json",
        "Accept-Encoding": "gzip,deflate",
        "Authorization": "Sanitized",
        "Connection": "keep-alive",
        "User-Agent": "azsdk-js-client azsdk-js-api azsdk-js-ai-agents/1.0.0-beta.2 core-rest-pipeline/1.20.1 Node/22.10.0 OS/(x64-Windows_NT-10.0.22631)",
        "x-ms-client-request-id": "Sanitized"
      },
      "RequestBody": null,
      "StatusCode": 200,
      "ResponseHeaders": {
        "Access-Control-Allow-Origin": "*",
        "apim-request-id": "3efd914a-6cbf-42b3-a630-50fcad886919",
        "azureml-served-by-cluster": "vienna-eastus-01",
        "Content-Length": "86",
        "Content-Type": "application/json",
        "Date": "Fri, 16 May 2025 23:46:06 GMT",
        "openai-processing-ms": "222",
        "openai-version": "2020-10-01",
        "Request-Context": "appId=cid-v1:2d2e8e63-272e-4b3c-8598-4ee570a0e70d",
        "Strict-Transport-Security": "max-age=31536000; includeSubDomains; preload",
        "X-Content-Type-Options": "nosniff",
        "x-ms-middleware-request-id": "8c863095-8a8e-494e-a432-cfd987a5a63d",
        "x-ms-region": "East US",
        "x-ms-response-type": "standard",
        "X-Request-ID": "e80d49984d2dc1307effc84f8661ca84",
        "x-request-time": "0.554"
      },
      "ResponseBody": {
        "object": "file",
        "deleted": true,
        "id": "assistant-KjVKDTHUy6ha9RBs5KiJJv"
      }
    },
    {
      "RequestUri": "https://Sanitized.azure.com/api/projects/00000/vector_stores/vs_CoucH2QCR3Mm5n1NOQGZzzRg?api-version=2025-05-15-preview",
      "RequestMethod": "DELETE",
      "RequestHeaders": {
        "Accept": "application/json",
        "Accept-Encoding": "gzip,deflate",
        "Authorization": "Sanitized",
        "Connection": "keep-alive",
        "User-Agent": "azsdk-js-client azsdk-js-api azsdk-js-ai-agents/1.0.0-beta.2 core-rest-pipeline/1.20.1 Node/22.10.0 OS/(x64-Windows_NT-10.0.22631)",
        "x-ms-client-request-id": "Sanitized"
      },
      "RequestBody": null,
      "StatusCode": 200,
      "ResponseHeaders": {
        "apim-request-id": "72bbc1cc-3b52-4309-aa05-f2a211496882",
        "azureml-served-by-cluster": "vienna-eastus-01",
        "Content-Length": "96",
        "Content-Type": "application/json",
        "Date": "Fri, 16 May 2025 23:46:07 GMT",
        "openai-organization": "1fa34553a93e4e53b531c64321ca4ae2",
        "openai-processing-ms": "960",
        "openai-version": "2020-10-01",
        "Request-Context": "appId=cid-v1:2d2e8e63-272e-4b3c-8598-4ee570a0e70d",
        "Strict-Transport-Security": "max-age=31536000; includeSubDomains; preload",
        "X-Content-Type-Options": "nosniff",
        "x-ms-middleware-request-id": "58800f63-0139-40f3-ba4b-c19f20e923cf",
        "x-ms-region": "East US",
        "x-ms-response-type": "standard",
        "X-Request-ID": "c96112a9d4d651af762667d1674d87fb",
        "x-request-time": "1.156"
      },
      "ResponseBody": {
        "id": "vs_CoucH2QCR3Mm5n1NOQGZzzRg",
        "object": "vector_store.deleted",
        "deleted": true
      }
    }
  ],
  "Variables": {}
}
