{
  "Entries": [
    {
      "RequestUri": "https://Sanitized.openai.azure.com/openai/vector_stores?api-version=2024-07-01-preview",
      "RequestMethod": "POST",
      "RequestHeaders": {
        "Accept": "application/json",
        "api-key": "Sanitized",
        "Content-Length": "0",
        "User-Agent": "azsdk-net-AI.OpenAI/2.0.0-alpha.20240809.1 (.NET 8.0.7; Microsoft Windows 10.0.22631)",
        "x-ms-client-request-id": "Sanitized"
      },
      "RequestBody": null,
      "StatusCode": 200,
      "ResponseHeaders": {
        "apim-request-id": "9f865bd6-906c-48d2-9a4a-b179a66a808f",
        "Content-Length": "373",
        "Content-Type": "application/json",
        "Date": "Sat, 10 Aug 2024 22:31:35 GMT",
        "Strict-Transport-Security": "max-age=31536000; includeSubDomains; preload",
        "X-Content-Type-Options": "nosniff",
        "x-ms-client-request-id": "Sanitized",
        "x-ms-middleware-request-id": "d4257dfe-0f33-472d-a150-91fafee09743",
        "x-ms-region": "Sweden Central",
        "X-Request-ID": "49508422-f0fb-4b4f-918b-1cc12ab45af5"
      },
      "ResponseBody": {
        "id": "vs_lwfz0LeM3pns0T66Yhutflvh",
        "object": "vector_store",
        "name": null,
        "status": "completed",
        "usage_bytes": 0,
        "created_at": 1723329096,
        "file_counts": {
          "in_progress": 0,
          "completed": 0,
          "failed": 0,
          "cancelled": 0,
          "total": 0
        },
        "metadata": {},
        "expires_after": null,
        "expires_at": null,
        "last_active_at": 1723329096
      }
    },
    {
      "RequestUri": "https://Sanitized.openai.azure.com/openai/files?api-version=2024-07-01-preview",
      "RequestMethod": "POST",
      "RequestHeaders": {
        "Accept": "application/json",
        "api-key": "Sanitized",
        "Content-Length": "455",
        "Content-Type": "multipart/form-data; boundary=\"9l=JQq0nH526BR55T14qmB7zspA85ebWfODTyMegLQBHWFgKpm06ULhyevW4T3xrBLkLeR\"",
        "User-Agent": "azsdk-net-AI.OpenAI/2.0.0-alpha.20240809.1 (.NET 8.0.7; Microsoft Windows 10.0.22631)",
        "x-ms-client-request-id": "Sanitized"
      },
      "RequestBody": null,
      "StatusCode": 200,
      "ResponseHeaders": {
        "Access-Control-Allow-Origin": "*",
        "apim-request-id": "2a5fcdb5-7af5-4533-865c-b0880bf4db91",
        "Content-Length": "225",
        "Content-Type": "application/json",
        "Date": "Sat, 10 Aug 2024 22:31:36 GMT",
        "Strict-Transport-Security": "max-age=31536000; includeSubDomains; preload",
        "X-Content-Type-Options": "nosniff",
        "x-ms-client-request-id": "Sanitized",
        "x-ms-middleware-request-id": "f1c5b550-f1bc-4e6f-8803-9e85854dc95a",
        "x-ms-region": "Sweden Central",
        "X-Request-ID": "8971d8dd-9f9d-46f1-915d-00ca821003b8"
      },
      "ResponseBody": {
        "object": "file",
        "id": "assistant-RYxOYvhHZfTCzubv1DgZv6nU",
        "purpose": "assistants",
        "filename": "test_file_000.txt",
        "bytes": 19,
        "created_at": 1723329096,
        "status": "processed",
        "status_details": null
      }
    },
    {
      "RequestUri": "https://Sanitized.openai.azure.com/openai/files?api-version=2024-07-01-preview",
      "RequestMethod": "POST",
      "RequestHeaders": {
        "Accept": "application/json",
        "api-key": "Sanitized",
        "Content-Length": "455",
        "Content-Type": "multipart/form-data; boundary=\"xOyYIBVmjPDls5qhWMCnZBp_Vhhpi2pGbxU7kJzkqj8PSKYqqvl9cZFULL=KeOdGIYU6v1\"",
        "User-Agent": "azsdk-net-AI.OpenAI/2.0.0-alpha.20240809.1 (.NET 8.0.7; Microsoft Windows 10.0.22631)",
        "x-ms-client-request-id": "Sanitized"
      },
      "RequestBody": null,
      "StatusCode": 200,
      "ResponseHeaders": {
        "Access-Control-Allow-Origin": "*",
        "apim-request-id": "89a5cbcc-d2ca-46de-9d87-207a1111a1e5",
        "Content-Length": "225",
        "Content-Type": "application/json",
        "Date": "Sat, 10 Aug 2024 22:31:36 GMT",
        "Strict-Transport-Security": "max-age=31536000; includeSubDomains; preload",
        "X-Content-Type-Options": "nosniff",
        "x-ms-client-request-id": "Sanitized",
        "x-ms-middleware-request-id": "d1be0fce-1465-49a8-83f8-c1f044fc0529",
        "x-ms-region": "Sweden Central",
        "X-Request-ID": "fd529cd3-221e-4e86-ac27-93ffb36011c4"
      },
      "ResponseBody": {
        "object": "file",
        "id": "assistant-7XiU5q2cGb9VKvYWQB9QscmE",
        "purpose": "assistants",
        "filename": "test_file_001.txt",
        "bytes": 19,
        "created_at": 1723329096,
        "status": "processed",
        "status_details": null
      }
    },
    {
      "RequestUri": "https://Sanitized.openai.azure.com/openai/files?api-version=2024-07-01-preview",
      "RequestMethod": "POST",
      "RequestHeaders": {
        "Accept": "application/json",
        "api-key": "Sanitized",
        "Content-Length": "455",
        "Content-Type": "multipart/form-data; boundary=\"RF0EUtmmHHY6AtstbFK1VH2Hc=v3bsXA5aNfAbWwDydI5q4qTVMIRusOthHB2aPEfjs3C8\"",
        "User-Agent": "azsdk-net-AI.OpenAI/2.0.0-alpha.20240809.1 (.NET 8.0.7; Microsoft Windows 10.0.22631)",
        "x-ms-client-request-id": "Sanitized"
      },
      "RequestBody": null,
      "StatusCode": 200,
      "ResponseHeaders": {
        "Access-Control-Allow-Origin": "*",
        "apim-request-id": "81547e84-93e0-440e-9524-0042a9edb232",
        "Content-Length": "225",
        "Content-Type": "application/json",
        "Date": "Sat, 10 Aug 2024 22:31:37 GMT",
        "Strict-Transport-Security": "max-age=31536000; includeSubDomains; preload",
        "X-Content-Type-Options": "nosniff",
        "x-ms-client-request-id": "Sanitized",
        "x-ms-middleware-request-id": "38743e59-f626-47ad-8542-ac941b6d7381",
        "x-ms-region": "Sweden Central",
        "X-Request-ID": "5a4fc87d-7aa5-4900-8db1-3927d4108146"
      },
      "ResponseBody": {
        "object": "file",
        "id": "assistant-Q57zFeKfLi7lSjn0Si6ghq60",
        "purpose": "assistants",
        "filename": "test_file_002.txt",
        "bytes": 19,
        "created_at": 1723329097,
        "status": "processed",
        "status_details": null
      }
    },
    {
      "RequestUri": "https://Sanitized.openai.azure.com/openai/vector_stores/vs_lwfz0LeM3pns0T66Yhutflvh/files?api-version=2024-07-01-preview",
      "RequestMethod": "POST",
      "RequestHeaders": {
        "Accept": "application/json",
        "api-key": "Sanitized",
        "Content-Length": "48",
        "Content-Type": "application/json",
        "User-Agent": "azsdk-net-AI.OpenAI/2.0.0-alpha.20240809.1 (.NET 8.0.7; Microsoft Windows 10.0.22631)",
        "x-ms-client-request-id": "Sanitized"
      },
      "RequestBody": {
        "file_id": "assistant-RYxOYvhHZfTCzubv1DgZv6nU"
      },
      "StatusCode": 200,
      "ResponseHeaders": {
        "apim-request-id": "6cfbd9b6-0ff7-4b20-81b6-5fad2a557640",
        "Content-Length": "374",
        "Content-Type": "application/json",
        "Date": "Sat, 10 Aug 2024 22:31:38 GMT",
        "Strict-Transport-Security": "max-age=31536000; includeSubDomains; preload",
        "X-Content-Type-Options": "nosniff",
        "x-ms-client-request-id": "Sanitized",
        "x-ms-middleware-request-id": "cc55c27c-ecc4-4b66-a019-357bc4fd183c",
        "x-ms-region": "Sweden Central",
        "X-Request-ID": "40dd2a5f-e53c-4b4b-813f-9750e0a6e5a2"
      },
      "ResponseBody": {
        "id": "assistant-RYxOYvhHZfTCzubv1DgZv6nU",
        "object": "vector_store.file",
        "usage_bytes": 0,
        "created_at": 1723329098,
        "vector_store_id": "vs_lwfz0LeM3pns0T66Yhutflvh",
        "status": "in_progress",
        "last_error": null,
        "chunking_strategy": {
          "type": "static",
          "static": {
            "max_chunk_size_tokens": 800,
            "chunk_overlap_tokens": 400
          }
        }
      }
    },
    {
      "RequestUri": "https://Sanitized.openai.azure.com/openai/vector_stores/vs_lwfz0LeM3pns0T66Yhutflvh/files?api-version=2024-07-01-preview",
      "RequestMethod": "POST",
      "RequestHeaders": {
        "Accept": "application/json",
        "api-key": "Sanitized",
        "Content-Length": "48",
        "Content-Type": "application/json",
        "User-Agent": "azsdk-net-AI.OpenAI/2.0.0-alpha.20240809.1 (.NET 8.0.7; Microsoft Windows 10.0.22631)",
        "x-ms-client-request-id": "Sanitized"
      },
      "RequestBody": {
        "file_id": "assistant-7XiU5q2cGb9VKvYWQB9QscmE"
      },
      "StatusCode": 200,
      "ResponseHeaders": {
        "apim-request-id": "d37151da-1211-4d2f-a64f-5bcb8f2bfae7",
        "Content-Length": "374",
        "Content-Type": "application/json",
        "Date": "Sat, 10 Aug 2024 22:31:39 GMT",
        "Strict-Transport-Security": "max-age=31536000; includeSubDomains; preload",
        "X-Content-Type-Options": "nosniff",
        "x-ms-client-request-id": "Sanitized",
        "x-ms-middleware-request-id": "7c5f019f-afdf-415a-af7c-774f59b0fba9",
        "x-ms-region": "Sweden Central",
        "X-Request-ID": "1cd07f61-243a-4fe0-aa36-c62cbc8b2b0b"
      },
      "ResponseBody": {
        "id": "assistant-7XiU5q2cGb9VKvYWQB9QscmE",
        "object": "vector_store.file",
        "usage_bytes": 0,
        "created_at": 1723329099,
        "vector_store_id": "vs_lwfz0LeM3pns0T66Yhutflvh",
        "status": "in_progress",
        "last_error": null,
        "chunking_strategy": {
          "type": "static",
          "static": {
            "max_chunk_size_tokens": 800,
            "chunk_overlap_tokens": 400
          }
        }
      }
    },
    {
      "RequestUri": "https://Sanitized.openai.azure.com/openai/vector_stores/vs_lwfz0LeM3pns0T66Yhutflvh/files?api-version=2024-07-01-preview",
      "RequestMethod": "POST",
      "RequestHeaders": {
        "Accept": "application/json",
        "api-key": "Sanitized",
        "Content-Length": "48",
        "Content-Type": "application/json",
        "User-Agent": "azsdk-net-AI.OpenAI/2.0.0-alpha.20240809.1 (.NET 8.0.7; Microsoft Windows 10.0.22631)",
        "x-ms-client-request-id": "Sanitized"
      },
      "RequestBody": {
        "file_id": "assistant-Q57zFeKfLi7lSjn0Si6ghq60"
      },
      "StatusCode": 200,
      "ResponseHeaders": {
        "apim-request-id": "956ffc96-fcf7-4d57-a751-157ea84df201",
        "Content-Length": "374",
        "Content-Type": "application/json",
        "Date": "Sat, 10 Aug 2024 22:31:40 GMT",
        "Strict-Transport-Security": "max-age=31536000; includeSubDomains; preload",
        "X-Content-Type-Options": "nosniff",
        "x-ms-client-request-id": "Sanitized",
        "x-ms-middleware-request-id": "1529d129-c71b-4521-9e1c-4d545344efa2",
        "x-ms-region": "Sweden Central",
        "X-Request-ID": "6557f36d-dedd-4e0e-b9c6-027423eb77ba"
      },
      "ResponseBody": {
        "id": "assistant-Q57zFeKfLi7lSjn0Si6ghq60",
        "object": "vector_store.file",
        "usage_bytes": 0,
        "created_at": 1723329100,
        "vector_store_id": "vs_lwfz0LeM3pns0T66Yhutflvh",
        "status": "in_progress",
        "last_error": null,
        "chunking_strategy": {
          "type": "static",
          "static": {
            "max_chunk_size_tokens": 800,
            "chunk_overlap_tokens": 400
          }
        }
      }
    },
    {
      "RequestUri": "https://Sanitized.openai.azure.com/openai/vector_stores/vs_lwfz0LeM3pns0T66Yhutflvh/files/assistant-RYxOYvhHZfTCzubv1DgZv6nU?api-version=2024-07-01-preview",
      "RequestMethod": "DELETE",
      "RequestHeaders": {
        "Accept": "application/json",
        "api-key": "Sanitized",
        "User-Agent": "azsdk-net-AI.OpenAI/2.0.0-alpha.20240809.1 (.NET 8.0.7; Microsoft Windows 10.0.22631)",
        "x-ms-client-request-id": "Sanitized"
      },
      "RequestBody": null,
      "StatusCode": 200,
      "ResponseHeaders": {
        "apim-request-id": "6ef70bba-1538-4e0e-91d2-58be55587203",
        "Content-Length": "108",
        "Content-Type": "application/json",
        "Date": "Sat, 10 Aug 2024 22:31:41 GMT",
        "Strict-Transport-Security": "max-age=31536000; includeSubDomains; preload",
        "X-Content-Type-Options": "nosniff",
        "x-ms-client-request-id": "Sanitized",
        "x-ms-middleware-request-id": "a65699bc-dee0-4bdb-b7db-d292bb3edc1b",
        "x-ms-region": "Sweden Central",
        "X-Request-ID": "7e90a536-473b-4fd0-8ce0-d3522e2d9ba7"
      },
      "ResponseBody": {
        "id": "assistant-RYxOYvhHZfTCzubv1DgZv6nU",
        "object": "vector_store.file.deleted",
        "deleted": true
      }
    },
    {
      "RequestUri": "https://Sanitized.openai.azure.com/openai/vector_stores/vs_lwfz0LeM3pns0T66Yhutflvh/files?api-version=2024-07-01-preview",
      "RequestMethod": "GET",
      "RequestHeaders": {
        "Accept": "application/json",
        "api-key": "Sanitized",
        "OpenAI-Beta": "assistants=v2",
        "User-Agent": "azsdk-net-AI.OpenAI/2.0.0-alpha.20240809.1 (.NET 8.0.7; Microsoft Windows 10.0.22631)",
        "x-ms-client-request-id": "Sanitized"
      },
      "RequestBody": null,
      "StatusCode": 200,
      "ResponseHeaders": {
        "apim-request-id": "ca7fe61f-025d-43a1-8e13-0bc092591d8c",
        "Content-Length": "1044",
        "Content-Type": "application/json",
        "Date": "Sat, 10 Aug 2024 22:31:42 GMT",
        "Strict-Transport-Security": "max-age=31536000; includeSubDomains; preload",
        "X-Content-Type-Options": "nosniff",
        "x-ms-client-request-id": "Sanitized",
        "x-ms-middleware-request-id": "9b894aa3-1cbf-41e9-85f3-3075ef1989c9",
        "x-ms-region": "Sweden Central",
        "X-Request-ID": "e752ca7a-1ab3-415a-a4f8-054ae2862709"
      },
      "ResponseBody": {
        "object": "list",
        "data": [
          {
            "id": "assistant-Q57zFeKfLi7lSjn0Si6ghq60",
            "object": "vector_store.file",
            "usage_bytes": 1043,
            "created_at": 1723329100,
            "vector_store_id": "vs_lwfz0LeM3pns0T66Yhutflvh",
            "status": "completed",
            "last_error": null,
            "chunking_strategy": {
              "type": "static",
              "static": {
                "max_chunk_size_tokens": 800,
                "chunk_overlap_tokens": 400
              }
            }
          },
          {
            "id": "assistant-7XiU5q2cGb9VKvYWQB9QscmE",
            "object": "vector_store.file",
            "usage_bytes": 1043,
            "created_at": 1723329099,
            "vector_store_id": "vs_lwfz0LeM3pns0T66Yhutflvh",
            "status": "completed",
            "last_error": null,
            "chunking_strategy": {
              "type": "static",
              "static": {
                "max_chunk_size_tokens": 800,
                "chunk_overlap_tokens": 400
              }
            }
          }
        ],
        "first_id": "assistant-Q57zFeKfLi7lSjn0Si6ghq60",
        "last_id": "assistant-7XiU5q2cGb9VKvYWQB9QscmE",
        "has_more": false
      }
    },
    {
      "RequestUri": "https://Sanitized.openai.azure.com/openai/vector_stores/assistant-RYxOYvhHZfTCzubv1DgZv6nU/files/vs_lwfz0LeM3pns0T66Yhutflvh?api-version=2024-07-01-preview",
      "RequestMethod": "DELETE",
      "RequestHeaders": {
        "Accept": "application/json",
        "api-key": "Sanitized",
        "User-Agent": "azsdk-net-AI.OpenAI/2.0.0-alpha.20240809.1 (.NET 8.0.7; Microsoft Windows 10.0.22631)",
        "x-ms-client-request-id": "Sanitized"
      },
      "RequestBody": null,
      "StatusCode": 404,
      "ResponseHeaders": {
        "apim-request-id": "8ed4ddcf-9705-4231-9a34-37f7949beed1",
        "Content-Length": "179",
        "Content-Type": "application/json",
        "Date": "Sat, 10 Aug 2024 22:31:43 GMT",
        "Strict-Transport-Security": "max-age=31536000; includeSubDomains; preload",
        "X-Content-Type-Options": "nosniff",
        "x-ms-region": "Sweden Central"
      },
      "ResponseBody": {
        "error": {
          "message": "No vector store found with id 'assistant-RYxOYvhHZfTCzubv1DgZv6nU'.",
          "type": "invalid_request_error",
          "param": null,
          "code": null
        }
      }
    },
    {
      "RequestUri": "https://Sanitized.openai.azure.com/openai/vector_stores/assistant-7XiU5q2cGb9VKvYWQB9QscmE/files/vs_lwfz0LeM3pns0T66Yhutflvh?api-version=2024-07-01-preview",
      "RequestMethod": "DELETE",
      "RequestHeaders": {
        "Accept": "application/json",
        "api-key": "Sanitized",
        "User-Agent": "azsdk-net-AI.OpenAI/2.0.0-alpha.20240809.1 (.NET 8.0.7; Microsoft Windows 10.0.22631)",
        "x-ms-client-request-id": "Sanitized"
      },
      "RequestBody": null,
      "StatusCode": 404,
      "ResponseHeaders": {
        "apim-request-id": "d1a21790-fe3b-46af-973e-7950479b4c08",
        "Content-Length": "179",
        "Content-Type": "application/json",
        "Date": "Sat, 10 Aug 2024 22:31:43 GMT",
        "Strict-Transport-Security": "max-age=31536000; includeSubDomains; preload",
        "X-Content-Type-Options": "nosniff",
        "x-ms-region": "Sweden Central"
      },
      "ResponseBody": {
        "error": {
          "message": "No vector store found with id 'assistant-7XiU5q2cGb9VKvYWQB9QscmE'.",
          "type": "invalid_request_error",
          "param": null,
          "code": null
        }
      }
    },
    {
      "RequestUri": "https://Sanitized.openai.azure.com/openai/vector_stores/assistant-Q57zFeKfLi7lSjn0Si6ghq60/files/vs_lwfz0LeM3pns0T66Yhutflvh?api-version=2024-07-01-preview",
      "RequestMethod": "DELETE",
      "RequestHeaders": {
        "Accept": "application/json",
        "api-key": "Sanitized",
        "User-Agent": "azsdk-net-AI.OpenAI/2.0.0-alpha.20240809.1 (.NET 8.0.7; Microsoft Windows 10.0.22631)",
        "x-ms-client-request-id": "Sanitized"
      },
      "RequestBody": null,
      "StatusCode": 404,
      "ResponseHeaders": {
        "apim-request-id": "8bd2bccd-58ca-4917-9ea4-71d541d20e2c",
        "Content-Length": "179",
        "Content-Type": "application/json",
        "Date": "Sat, 10 Aug 2024 22:31:43 GMT",
        "Strict-Transport-Security": "max-age=31536000; includeSubDomains; preload",
        "X-Content-Type-Options": "nosniff",
        "x-ms-region": "Sweden Central"
      },
      "ResponseBody": {
        "error": {
          "message": "No vector store found with id 'assistant-Q57zFeKfLi7lSjn0Si6ghq60'.",
          "type": "invalid_request_error",
          "param": null,
          "code": null
        }
      }
    },
    {
      "RequestUri": "https://Sanitized.openai.azure.com/openai/vector_stores/vs_lwfz0LeM3pns0T66Yhutflvh?api-version=2024-07-01-preview",
      "RequestMethod": "DELETE",
      "RequestHeaders": {
        "Accept": "application/json",
        "api-key": "Sanitized",
        "User-Agent": "azsdk-net-AI.OpenAI/2.0.0-alpha.20240809.1 (.NET 8.0.7; Microsoft Windows 10.0.22631)",
        "x-ms-client-request-id": "Sanitized"
      },
      "RequestBody": null,
      "StatusCode": 200,
      "ResponseHeaders": {
        "apim-request-id": "a5316832-14df-455c-81a7-afcd781a9a9d",
        "Content-Length": "96",
        "Content-Type": "application/json",
        "Date": "Sat, 10 Aug 2024 22:31:50 GMT",
        "Strict-Transport-Security": "max-age=31536000; includeSubDomains; preload",
        "X-Content-Type-Options": "nosniff",
        "x-ms-client-request-id": "Sanitized",
        "x-ms-middleware-request-id": "b621a814-725d-4f1c-b78d-c948078eea58",
        "x-ms-region": "Sweden Central",
        "X-Request-ID": "71b2e51b-1786-48ee-b001-50140f96aff1"
      },
      "ResponseBody": {
        "id": "vs_lwfz0LeM3pns0T66Yhutflvh",
        "object": "vector_store.deleted",
        "deleted": true
      }
    },
    {
      "RequestUri": "https://Sanitized.openai.azure.com/openai/files/assistant-RYxOYvhHZfTCzubv1DgZv6nU?api-version=2024-07-01-preview",
      "RequestMethod": "DELETE",
      "RequestHeaders": {
        "Accept": "application/json",
        "api-key": "Sanitized",
        "User-Agent": "azsdk-net-AI.OpenAI/2.0.0-alpha.20240809.1 (.NET 8.0.7; Microsoft Windows 10.0.22631)",
        "x-ms-client-request-id": "Sanitized"
      },
      "RequestBody": null,
      "StatusCode": 200,
      "ResponseHeaders": {
        "Access-Control-Allow-Origin": "*",
        "apim-request-id": "d9ab0f5d-934b-4ddf-a77c-53a6d0c29fdf",
        "Content-Length": "88",
        "Content-Type": "application/json",
        "Date": "Sat, 10 Aug 2024 22:31:51 GMT",
        "Strict-Transport-Security": "max-age=31536000; includeSubDomains; preload",
        "X-Content-Type-Options": "nosniff",
        "x-ms-client-request-id": "Sanitized",
        "x-ms-middleware-request-id": "8ff4e644-30b0-4909-967c-44cab95dc1b0",
        "x-ms-region": "Sweden Central",
        "X-Request-ID": "79f03b8b-4545-4c71-b33f-335c666e19a3"
      },
      "ResponseBody": {
        "object": "file",
        "deleted": true,
        "id": "assistant-RYxOYvhHZfTCzubv1DgZv6nU"
      }
    },
    {
      "RequestUri": "https://Sanitized.openai.azure.com/openai/files/assistant-7XiU5q2cGb9VKvYWQB9QscmE?api-version=2024-07-01-preview",
      "RequestMethod": "DELETE",
      "RequestHeaders": {
        "Accept": "application/json",
        "api-key": "Sanitized",
        "User-Agent": "azsdk-net-AI.OpenAI/2.0.0-alpha.20240809.1 (.NET 8.0.7; Microsoft Windows 10.0.22631)",
        "x-ms-client-request-id": "Sanitized"
      },
      "RequestBody": null,
      "StatusCode": 200,
      "ResponseHeaders": {
        "Access-Control-Allow-Origin": "*",
        "apim-request-id": "57027437-633f-43b9-83b3-f4fc9b8feeb5",
        "Content-Length": "88",
        "Content-Type": "application/json",
        "Date": "Sat, 10 Aug 2024 22:31:51 GMT",
        "Strict-Transport-Security": "max-age=31536000; includeSubDomains; preload",
        "X-Content-Type-Options": "nosniff",
        "x-ms-client-request-id": "Sanitized",
        "x-ms-middleware-request-id": "2be380ea-7461-4554-ae6c-a1e7b4f6225e",
        "x-ms-region": "Sweden Central",
        "X-Request-ID": "36b30e48-0d90-4184-ba5e-24f3f7aa3baf"
      },
      "ResponseBody": {
        "object": "file",
        "deleted": true,
        "id": "assistant-7XiU5q2cGb9VKvYWQB9QscmE"
      }
    },
    {
      "RequestUri": "https://Sanitized.openai.azure.com/openai/files/assistant-Q57zFeKfLi7lSjn0Si6ghq60?api-version=2024-07-01-preview",
      "RequestMethod": "DELETE",
      "RequestHeaders": {
        "Accept": "application/json",
        "api-key": "Sanitized",
        "User-Agent": "azsdk-net-AI.OpenAI/2.0.0-alpha.20240809.1 (.NET 8.0.7; Microsoft Windows 10.0.22631)",
        "x-ms-client-request-id": "Sanitized"
      },
      "RequestBody": null,
      "StatusCode": 200,
      "ResponseHeaders": {
        "Access-Control-Allow-Origin": "*",
        "apim-request-id": "15dd300a-506c-4aed-b5b3-7a93308da66b",
        "Content-Length": "88",
        "Content-Type": "application/json",
        "Date": "Sat, 10 Aug 2024 22:31:52 GMT",
        "Strict-Transport-Security": "max-age=31536000; includeSubDomains; preload",
        "X-Content-Type-Options": "nosniff",
        "x-ms-client-request-id": "Sanitized",
        "x-ms-middleware-request-id": "ebcc3bc2-6d13-449b-a686-2d4eb89572d1",
        "x-ms-region": "Sweden Central",
        "X-Request-ID": "a8f0252f-9d7b-47ba-af91-9d5cea4d042b"
      },
      "ResponseBody": {
        "object": "file",
        "deleted": true,
        "id": "assistant-Q57zFeKfLi7lSjn0Si6ghq60"
      }
    }
  ],
  "Variables": {
    "RandomSeed": "259646506"
  }
}
