{
  "Entries": [
    {
      "RequestUri": "https://Sanitized.openai.azure.com/openai/vector_stores?api-version=2024-09-01-preview",
      "RequestMethod": "POST",
      "RequestHeaders": {
        "Accept": "application/json",
        "api-key": "Sanitized",
        "Content-Length": "0",
        "User-Agent": "azsdk-net-AI.OpenAI/2.1.0-beta.1 (.NET 8.0.10; Microsoft Windows 10.0.26100)",
        "x-ms-client-request-id": "Sanitized"
      },
      "RequestBody": null,
      "StatusCode": 200,
      "ResponseHeaders": {
        "apim-request-id": "fd2fb643-d4fc-44d3-88ab-6a88ccb745e5",
        "Content-Length": "373",
        "Content-Type": "application/json",
        "Date": "Mon, 14 Oct 2024 20:03:16 GMT",
        "Strict-Transport-Security": "max-age=31536000; includeSubDomains; preload",
        "X-Content-Type-Options": "nosniff",
        "x-ms-client-request-id": "Sanitized",
        "x-ms-middleware-request-id": "6c4d32e6-d3f4-4ddb-8f40-53825955a5d1",
        "x-ms-region": "Sweden Central",
        "X-Request-ID": "76946d2b-3167-40af-b46b-3dc2a5cef1b8"
      },
      "ResponseBody": {
        "id": "vs_qb4wpWN9AswxjeRgrXfIlCaf",
        "object": "vector_store",
        "name": null,
        "status": "completed",
        "usage_bytes": 0,
        "created_at": 1728936196,
        "file_counts": {
          "in_progress": 0,
          "completed": 0,
          "failed": 0,
          "cancelled": 0,
          "total": 0
        },
        "metadata": {},
        "expires_after": null,
        "expires_at": null,
        "last_active_at": 1728936196
      }
    },
    {
      "RequestUri": "https://Sanitized.openai.azure.com/openai/files?api-version=2024-09-01-preview",
      "RequestMethod": "POST",
      "RequestHeaders": {
        "Accept": "application/json",
        "api-key": "Sanitized",
        "Content-Length": "455",
        "Content-Type": "multipart/form-data; boundary=***",
        "User-Agent": "azsdk-net-AI.OpenAI/2.1.0-beta.1 (.NET 8.0.10; Microsoft Windows 10.0.26100)",
        "x-ms-client-request-id": "Sanitized"
      },
      "RequestBody": null,
      "StatusCode": 200,
      "ResponseHeaders": {
        "Access-Control-Allow-Origin": "*",
        "apim-request-id": "8b879b07-d616-43b4-b218-30b61ec561fe",
        "Content-Length": "225",
        "Content-Type": "application/json",
        "Date": "Mon, 14 Oct 2024 20:03:17 GMT",
        "Strict-Transport-Security": "max-age=31536000; includeSubDomains; preload",
        "X-Content-Type-Options": "nosniff",
        "x-ms-client-request-id": "Sanitized",
        "x-ms-middleware-request-id": "33eee404-d741-410e-ac41-d1f0e954eb20",
        "x-ms-region": "Sweden Central",
        "X-Request-ID": "22b96c93-cc36-425d-bbbd-5bf4fb79f928"
      },
      "ResponseBody": {
        "object": "file",
        "id": "assistant-kzkB8u3IbLLLF7WFHNo5j5LR",
        "purpose": "assistants",
        "filename": "test_file_000.txt",
        "bytes": 19,
        "created_at": 1728936197,
        "status": "processed",
        "status_details": null
      }
    },
    {
      "RequestUri": "https://Sanitized.openai.azure.com/openai/files?api-version=2024-09-01-preview",
      "RequestMethod": "POST",
      "RequestHeaders": {
        "Accept": "application/json",
        "api-key": "Sanitized",
        "Content-Length": "455",
        "Content-Type": "multipart/form-data; boundary=***",
        "User-Agent": "azsdk-net-AI.OpenAI/2.1.0-beta.1 (.NET 8.0.10; Microsoft Windows 10.0.26100)",
        "x-ms-client-request-id": "Sanitized"
      },
      "RequestBody": null,
      "StatusCode": 200,
      "ResponseHeaders": {
        "Access-Control-Allow-Origin": "*",
        "apim-request-id": "19b0abf1-3f8e-471e-8067-4c91729a3670",
        "Content-Length": "225",
        "Content-Type": "application/json",
        "Date": "Mon, 14 Oct 2024 20:03:19 GMT",
        "Strict-Transport-Security": "max-age=31536000; includeSubDomains; preload",
        "X-Content-Type-Options": "nosniff",
        "x-ms-client-request-id": "Sanitized",
        "x-ms-middleware-request-id": "42292b27-c941-40af-ae43-f48d4b5ad646",
        "x-ms-region": "Sweden Central",
        "X-Request-ID": "1e08606b-020e-483f-8d68-1b86aaf0852e"
      },
      "ResponseBody": {
        "object": "file",
        "id": "assistant-cKK4yGYXM7WUVW5QYtDfUtve",
        "purpose": "assistants",
        "filename": "test_file_001.txt",
        "bytes": 19,
        "created_at": 1728936197,
        "status": "processed",
        "status_details": null
      }
    },
    {
      "RequestUri": "https://Sanitized.openai.azure.com/openai/files?api-version=2024-09-01-preview",
      "RequestMethod": "POST",
      "RequestHeaders": {
        "Accept": "application/json",
        "api-key": "Sanitized",
        "Content-Length": "455",
        "Content-Type": "multipart/form-data; boundary=***",
        "User-Agent": "azsdk-net-AI.OpenAI/2.1.0-beta.1 (.NET 8.0.10; Microsoft Windows 10.0.26100)",
        "x-ms-client-request-id": "Sanitized"
      },
      "RequestBody": null,
      "StatusCode": 200,
      "ResponseHeaders": {
        "Access-Control-Allow-Origin": "*",
        "apim-request-id": "ff2f1b1e-a160-498f-aef5-e7ceee3074b5",
        "Content-Length": "225",
        "Content-Type": "application/json",
        "Date": "Mon, 14 Oct 2024 20:03:20 GMT",
        "Strict-Transport-Security": "max-age=31536000; includeSubDomains; preload",
        "X-Content-Type-Options": "nosniff",
        "x-ms-client-request-id": "Sanitized",
        "x-ms-middleware-request-id": "0bdb9cdc-b5f5-4682-9965-a1ddd288aa77",
        "x-ms-region": "Sweden Central",
        "X-Request-ID": "eae39d2c-563e-41a8-97b2-a0cb4e62f50f"
      },
      "ResponseBody": {
        "object": "file",
        "id": "assistant-zKFibIpqDdZxcDYQlTLlKzMp",
        "purpose": "assistants",
        "filename": "test_file_002.txt",
        "bytes": 19,
        "created_at": 1728936199,
        "status": "processed",
        "status_details": null
      }
    },
    {
      "RequestUri": "https://Sanitized.openai.azure.com/openai/vector_stores/vs_qb4wpWN9AswxjeRgrXfIlCaf/file_batches?api-version=2024-09-01-preview",
      "RequestMethod": "POST",
      "RequestHeaders": {
        "Accept": "application/json",
        "api-key": "Sanitized",
        "Content-Length": "125",
        "Content-Type": "application/json",
        "User-Agent": "azsdk-net-AI.OpenAI/2.1.0-beta.1 (.NET 8.0.10; Microsoft Windows 10.0.26100)",
        "x-ms-client-request-id": "Sanitized"
      },
      "RequestBody": {
        "file_ids": [
          "assistant-kzkB8u3IbLLLF7WFHNo5j5LR",
          "assistant-cKK4yGYXM7WUVW5QYtDfUtve",
          "assistant-zKFibIpqDdZxcDYQlTLlKzMp"
        ]
      },
      "StatusCode": 200,
      "ResponseHeaders": {
        "apim-request-id": "308f9e6a-355f-4f30-aca0-f7814d1f6ec1",
        "Content-Length": "315",
        "Content-Type": "application/json",
        "Date": "Mon, 14 Oct 2024 20:03:20 GMT",
        "Strict-Transport-Security": "max-age=31536000; includeSubDomains; preload",
        "X-Content-Type-Options": "nosniff",
        "x-ms-client-request-id": "Sanitized",
        "x-ms-middleware-request-id": "9e5384aa-dbc4-489e-be21-ce03bebf6e57",
        "x-ms-region": "Sweden Central",
        "X-Request-ID": "30d1d360-a8ad-4e4b-a017-4997fc9226bb"
      },
      "ResponseBody": {
        "id": "vsfb_75d2e72c35a04eb995657dc0c8040841",
        "object": "vector_store.file_batch",
        "created_at": 1728936200,
        "status": "in_progress",
        "vector_store_id": "vs_qb4wpWN9AswxjeRgrXfIlCaf",
        "file_counts": {
          "in_progress": 3,
          "completed": 0,
          "failed": 0,
          "cancelled": 0,
          "total": 3
        }
      }
    },
    {
      "RequestUri": "https://Sanitized.openai.azure.com/openai/vector_stores/vs_qb4wpWN9AswxjeRgrXfIlCaf/file_batches/vsfb_75d2e72c35a04eb995657dc0c8040841?api-version=2024-09-01-preview",
      "RequestMethod": "GET",
      "RequestHeaders": {
        "Accept": "application/json",
        "api-key": "Sanitized",
        "User-Agent": "azsdk-net-AI.OpenAI/2.1.0-beta.1 (.NET 8.0.10; Microsoft Windows 10.0.26100)",
        "x-ms-client-request-id": "Sanitized"
      },
      "RequestBody": null,
      "StatusCode": 200,
      "ResponseHeaders": {
        "apim-request-id": "3d28e84a-a738-45f7-9182-85b94787e5b7",
        "Content-Length": "315",
        "Content-Type": "application/json",
        "Date": "Mon, 14 Oct 2024 20:03:22 GMT",
        "Strict-Transport-Security": "max-age=31536000; includeSubDomains; preload",
        "X-Content-Type-Options": "nosniff",
        "x-ms-client-request-id": "Sanitized",
        "x-ms-middleware-request-id": "5df73185-4051-4920-8991-45fe033604db",
        "x-ms-region": "Sweden Central",
        "X-Request-ID": "6ca3f519-75a0-4c60-bdc5-87dd0e67f199"
      },
      "ResponseBody": {
        "id": "vsfb_75d2e72c35a04eb995657dc0c8040841",
        "object": "vector_store.file_batch",
        "created_at": 1728936202,
        "status": "in_progress",
        "vector_store_id": "vs_qb4wpWN9AswxjeRgrXfIlCaf",
        "file_counts": {
          "in_progress": 3,
          "completed": 0,
          "failed": 0,
          "cancelled": 0,
          "total": 3
        }
      }
    },
    {
      "RequestUri": "https://Sanitized.openai.azure.com/openai/vector_stores/vs_qb4wpWN9AswxjeRgrXfIlCaf/file_batches/vsfb_75d2e72c35a04eb995657dc0c8040841?api-version=2024-09-01-preview",
      "RequestMethod": "GET",
      "RequestHeaders": {
        "Accept": "application/json",
        "api-key": "Sanitized",
        "User-Agent": "azsdk-net-AI.OpenAI/2.1.0-beta.1 (.NET 8.0.10; Microsoft Windows 10.0.26100)",
        "x-ms-client-request-id": "Sanitized"
      },
      "RequestBody": null,
      "StatusCode": 200,
      "ResponseHeaders": {
        "apim-request-id": "b15c87bb-6075-4eb7-a08d-3807a8ba92dc",
        "Content-Length": "315",
        "Content-Type": "application/json",
        "Date": "Mon, 14 Oct 2024 20:03:23 GMT",
        "Strict-Transport-Security": "max-age=31536000; includeSubDomains; preload",
        "X-Content-Type-Options": "nosniff",
        "x-ms-client-request-id": "Sanitized",
        "x-ms-middleware-request-id": "75188708-9550-4d78-b995-41f2425297a6",
        "x-ms-region": "Sweden Central",
        "X-Request-ID": "e97e4977-3c84-4124-8efa-614327225cff"
      },
      "ResponseBody": {
        "id": "vsfb_75d2e72c35a04eb995657dc0c8040841",
        "object": "vector_store.file_batch",
        "created_at": 1728936203,
        "status": "in_progress",
        "vector_store_id": "vs_qb4wpWN9AswxjeRgrXfIlCaf",
        "file_counts": {
          "in_progress": 1,
          "completed": 2,
          "failed": 0,
          "cancelled": 0,
          "total": 3
        }
      }
    },
    {
      "RequestUri": "https://Sanitized.openai.azure.com/openai/vector_stores/vs_qb4wpWN9AswxjeRgrXfIlCaf/file_batches/vsfb_75d2e72c35a04eb995657dc0c8040841?api-version=2024-09-01-preview",
      "RequestMethod": "GET",
      "RequestHeaders": {
        "Accept": "application/json",
        "api-key": "Sanitized",
        "User-Agent": "azsdk-net-AI.OpenAI/2.1.0-beta.1 (.NET 8.0.10; Microsoft Windows 10.0.26100)",
        "x-ms-client-request-id": "Sanitized"
      },
      "RequestBody": null,
      "StatusCode": 200,
      "ResponseHeaders": {
        "apim-request-id": "0309abaa-45ad-4cdf-a6d4-5b282d5cf8fa",
        "Content-Length": "315",
        "Content-Type": "application/json",
        "Date": "Mon, 14 Oct 2024 20:03:24 GMT",
        "Strict-Transport-Security": "max-age=31536000; includeSubDomains; preload",
        "X-Content-Type-Options": "nosniff",
        "x-ms-client-request-id": "Sanitized",
        "x-ms-middleware-request-id": "0609b613-e3f4-4053-9dcb-fa4d7f70365e",
        "x-ms-region": "Sweden Central",
        "X-Request-ID": "3614b12d-a1d9-4b21-a8b8-1a1972a609fb"
      },
      "ResponseBody": {
        "id": "vsfb_75d2e72c35a04eb995657dc0c8040841",
        "object": "vector_store.file_batch",
        "created_at": 1728936205,
        "status": "in_progress",
        "vector_store_id": "vs_qb4wpWN9AswxjeRgrXfIlCaf",
        "file_counts": {
          "in_progress": 1,
          "completed": 2,
          "failed": 0,
          "cancelled": 0,
          "total": 3
        }
      }
    },
    {
      "RequestUri": "https://Sanitized.openai.azure.com/openai/vector_stores/vs_qb4wpWN9AswxjeRgrXfIlCaf/file_batches/vsfb_75d2e72c35a04eb995657dc0c8040841?api-version=2024-09-01-preview",
      "RequestMethod": "GET",
      "RequestHeaders": {
        "Accept": "application/json",
        "api-key": "Sanitized",
        "User-Agent": "azsdk-net-AI.OpenAI/2.1.0-beta.1 (.NET 8.0.10; Microsoft Windows 10.0.26100)",
        "x-ms-client-request-id": "Sanitized"
      },
      "RequestBody": null,
      "StatusCode": 200,
      "ResponseHeaders": {
        "apim-request-id": "9e7da40b-8ec5-4059-9217-4034e781fd18",
        "Content-Length": "313",
        "Content-Type": "application/json",
        "Date": "Mon, 14 Oct 2024 20:03:26 GMT",
        "Strict-Transport-Security": "max-age=31536000; includeSubDomains; preload",
        "X-Content-Type-Options": "nosniff",
        "x-ms-client-request-id": "Sanitized",
        "x-ms-middleware-request-id": "f7e5fc6c-e6c8-446f-bb82-0497e9954c52",
        "x-ms-region": "Sweden Central",
        "X-Request-ID": "bcb4d6e4-d5f9-4332-9e4d-14fc164580ee"
      },
      "ResponseBody": {
        "id": "vsfb_75d2e72c35a04eb995657dc0c8040841",
        "object": "vector_store.file_batch",
        "created_at": 1728936206,
        "status": "completed",
        "vector_store_id": "vs_qb4wpWN9AswxjeRgrXfIlCaf",
        "file_counts": {
          "in_progress": 0,
          "completed": 3,
          "failed": 0,
          "cancelled": 0,
          "total": 3
        }
      }
    },
    {
      "RequestUri": "https://Sanitized.openai.azure.com/openai/vector_stores/vs_qb4wpWN9AswxjeRgrXfIlCaf/file_batches/vsfb_75d2e72c35a04eb995657dc0c8040841/files?api-version=2024-09-01-preview",
      "RequestMethod": "GET",
      "RequestHeaders": {
        "Accept": "application/json",
        "api-key": "Sanitized",
        "OpenAI-Beta": "assistants=v2",
        "User-Agent": "azsdk-net-AI.OpenAI/2.1.0-beta.1 (.NET 8.0.10; Microsoft Windows 10.0.26100)",
        "x-ms-client-request-id": "Sanitized"
      },
      "RequestBody": null,
      "StatusCode": 200,
      "ResponseHeaders": {
        "apim-request-id": "d5cfdce5-5878-4985-ab5f-190dfcc287c0",
        "Content-Length": "888",
        "Content-Type": "application/json",
        "Date": "Mon, 14 Oct 2024 20:03:26 GMT",
        "Strict-Transport-Security": "max-age=31536000; includeSubDomains; preload",
        "X-Content-Type-Options": "nosniff",
        "x-ms-client-request-id": "Sanitized",
        "x-ms-middleware-request-id": "175344a3-3eed-4cf3-bd49-2e884811d468",
        "x-ms-region": "Sweden Central",
        "X-Request-ID": "e18eceb9-9277-4bed-911e-03dcda5a1050"
      },
      "ResponseBody": {
        "object": "list",
        "data": [
          {
            "id": "assistant-kzkB8u3IbLLLF7WFHNo5j5LR",
            "object": "vector_store.file",
            "created_at": 1728936200,
            "vector_store_id": "vs_qb4wpWN9AswxjeRgrXfIlCaf",
            "status": "completed",
            "last_error": null
          },
          {
            "id": "assistant-cKK4yGYXM7WUVW5QYtDfUtve",
            "object": "vector_store.file",
            "created_at": 1728936200,
            "vector_store_id": "vs_qb4wpWN9AswxjeRgrXfIlCaf",
            "status": "completed",
            "last_error": null
          },
          {
            "id": "assistant-zKFibIpqDdZxcDYQlTLlKzMp",
            "object": "vector_store.file",
            "created_at": 1728936200,
            "vector_store_id": "vs_qb4wpWN9AswxjeRgrXfIlCaf",
            "status": "completed",
            "last_error": null
          }
        ],
        "first_id": "assistant-kzkB8u3IbLLLF7WFHNo5j5LR",
        "last_id": "assistant-zKFibIpqDdZxcDYQlTLlKzMp",
        "has_more": false
      }
    },
    {
      "RequestUri": "https://Sanitized.openai.azure.com/openai/files/assistant-kzkB8u3IbLLLF7WFHNo5j5LR?api-version=2024-09-01-preview",
      "RequestMethod": "DELETE",
      "RequestHeaders": {
        "Accept": "application/json",
        "api-key": "Sanitized",
        "User-Agent": "azsdk-net-AI.OpenAI/2.1.0-beta.1 (.NET 8.0.10; Microsoft Windows 10.0.26100)",
        "x-ms-client-request-id": "Sanitized"
      },
      "RequestBody": null,
      "StatusCode": 200,
      "ResponseHeaders": {
        "Access-Control-Allow-Origin": "*",
        "apim-request-id": "cebc89d4-4703-46e9-9230-d9665261c8f0",
        "Content-Length": "88",
        "Content-Type": "application/json",
        "Date": "Mon, 14 Oct 2024 20:03:27 GMT",
        "Strict-Transport-Security": "max-age=31536000; includeSubDomains; preload",
        "X-Content-Type-Options": "nosniff",
        "x-ms-client-request-id": "Sanitized",
        "x-ms-middleware-request-id": "f25d0569-7fea-4bc6-b667-9a2548fc1f68",
        "x-ms-region": "Sweden Central",
        "X-Request-ID": "06096942-a644-45a5-aef7-c183c44ee0be"
      },
      "ResponseBody": {
        "object": "file",
        "deleted": true,
        "id": "assistant-kzkB8u3IbLLLF7WFHNo5j5LR"
      }
    },
    {
      "RequestUri": "https://Sanitized.openai.azure.com/openai/files/assistant-cKK4yGYXM7WUVW5QYtDfUtve?api-version=2024-09-01-preview",
      "RequestMethod": "DELETE",
      "RequestHeaders": {
        "Accept": "application/json",
        "api-key": "Sanitized",
        "User-Agent": "azsdk-net-AI.OpenAI/2.1.0-beta.1 (.NET 8.0.10; Microsoft Windows 10.0.26100)",
        "x-ms-client-request-id": "Sanitized"
      },
      "RequestBody": null,
      "StatusCode": 200,
      "ResponseHeaders": {
        "Access-Control-Allow-Origin": "*",
        "apim-request-id": "067cb083-9336-46fa-9f68-29ccdb18277f",
        "Content-Length": "88",
        "Content-Type": "application/json",
        "Date": "Mon, 14 Oct 2024 20:03:27 GMT",
        "Strict-Transport-Security": "max-age=31536000; includeSubDomains; preload",
        "X-Content-Type-Options": "nosniff",
        "x-ms-client-request-id": "Sanitized",
        "x-ms-middleware-request-id": "2aede8ce-83ec-4fe0-9cfb-f445e7095a84",
        "x-ms-region": "Sweden Central",
        "X-Request-ID": "f9571e94-3394-4168-a592-8f9d6be3e3f3"
      },
      "ResponseBody": {
        "object": "file",
        "deleted": true,
        "id": "assistant-cKK4yGYXM7WUVW5QYtDfUtve"
      }
    },
    {
      "RequestUri": "https://Sanitized.openai.azure.com/openai/files/assistant-zKFibIpqDdZxcDYQlTLlKzMp?api-version=2024-09-01-preview",
      "RequestMethod": "DELETE",
      "RequestHeaders": {
        "Accept": "application/json",
        "api-key": "Sanitized",
        "User-Agent": "azsdk-net-AI.OpenAI/2.1.0-beta.1 (.NET 8.0.10; Microsoft Windows 10.0.26100)",
        "x-ms-client-request-id": "Sanitized"
      },
      "RequestBody": null,
      "StatusCode": 200,
      "ResponseHeaders": {
        "Access-Control-Allow-Origin": "*",
        "apim-request-id": "2bdab8da-11c5-4ac3-b511-a41845dad2b1",
        "Content-Length": "88",
        "Content-Type": "application/json",
        "Date": "Mon, 14 Oct 2024 20:03:28 GMT",
        "Strict-Transport-Security": "max-age=31536000; includeSubDomains; preload",
        "X-Content-Type-Options": "nosniff",
        "x-ms-client-request-id": "Sanitized",
        "x-ms-middleware-request-id": "0171d647-e42e-4bd3-a6b8-e49c3dd9903b",
        "x-ms-region": "Sweden Central",
        "X-Request-ID": "b6845a4e-2a80-41da-9a9a-6ffcbc674c6f"
      },
      "ResponseBody": {
        "object": "file",
        "deleted": true,
        "id": "assistant-zKFibIpqDdZxcDYQlTLlKzMp"
      }
    },
    {
      "RequestUri": "https://Sanitized.openai.azure.com/openai/vector_stores/vs_qb4wpWN9AswxjeRgrXfIlCaf?api-version=2024-09-01-preview",
      "RequestMethod": "DELETE",
      "RequestHeaders": {
        "Accept": "application/json",
        "api-key": "Sanitized",
        "User-Agent": "azsdk-net-AI.OpenAI/2.1.0-beta.1 (.NET 8.0.10; Microsoft Windows 10.0.26100)",
        "x-ms-client-request-id": "Sanitized"
      },
      "RequestBody": null,
      "StatusCode": 200,
      "ResponseHeaders": {
        "apim-request-id": "965abdc9-2b6b-4ea3-b08a-9fa5d8db17be",
        "Content-Length": "96",
        "Content-Type": "application/json",
        "Date": "Mon, 14 Oct 2024 20:03:29 GMT",
        "Strict-Transport-Security": "max-age=31536000; includeSubDomains; preload",
        "X-Content-Type-Options": "nosniff",
        "x-ms-client-request-id": "Sanitized",
        "x-ms-middleware-request-id": "ee1f1663-7174-4ee6-b518-84831bbaa7c5",
        "x-ms-region": "Sweden Central",
        "X-Request-ID": "b4687cde-db22-46c9-bcaa-caacf595bfa1"
      },
      "ResponseBody": {
        "id": "vs_qb4wpWN9AswxjeRgrXfIlCaf",
        "object": "vector_store.deleted",
        "deleted": true
      }
    }
  ],
  "Variables": {
    "RandomSeed": "261507665"
  }
}
