{
  "Entries": [
    {
      "RequestUri": "https://ai-rogermaas191358140996.services.ai.azure.com/api/projects/ai-rogermaas19135814099-project/assistants?api-version=2025-05-15-preview",
      "RequestMethod": "POST",
      "RequestHeaders": {
        "Accept": "application/json",
        "Authorization": "Sanitized",
        "Content-Length": "100",
        "Content-Type": "application/json",
        "User-Agent": "azsdk-net-AI.Agents.Persistent/1.2.0-alpha.20250821.1 (.NET 9.0.8; Microsoft Windows 10.0.26100)",
        "x-ms-client-request-id": "Sanitized",
        "x-ms-return-client-request-id": "true"
      },
      "RequestBody": {
        "model": "gpt-4.1",
        "name": "cs_e2e_tests_chat_client",
        "instructions": "You are a helpful chat agent."
      },
      "StatusCode": 200,
      "ResponseHeaders": {
        "apim-request-id": "8c896132-a05f-4617-9262-6d1a01ee7826",
        "azureml-served-by-cluster": "vienna-swedencentral-02",
        "Content-Length": "354",
        "Content-Type": "application/json",
        "Date": "Thu, 21 Aug 2025 12:18:42 GMT",
        "openai-organization": "12c9124efd0a412494e3273a400ce8f7",
        "openai-processing-ms": "71",
        "openai-version": "2020-10-01",
        "Request-Context": "appId=",
        "Strict-Transport-Security": "max-age=31536000; includeSubDomains; preload",
        "Vary": "Accept-Encoding",
        "X-Content-Type-Options": "nosniff",
        "x-ms-middleware-request-id": "5157de32-ac3b-4416-a196-b1112a82ee60",
        "x-ms-region": "Sweden Central",
        "x-ms-response-type": "standard",
        "X-Request-ID": "dff9ee85fc30ff279833445fdb161539",
        "x-request-time": "0.157"
      },
      "ResponseBody": {
        "id": "asst_5bcMpiPAStOqDx8jBv6jRfLD",
        "object": "assistant",
        "created_at": 1755778722,
        "name": "cs_e2e_tests_chat_client",
        "description": null,
        "model": "gpt-4.1",
        "instructions": "You are a helpful chat agent.",
        "tools": [],
        "top_p": 1.0,
        "temperature": 1.0,
        "tool_resources": {},
        "metadata": {},
        "response_format": "auto"
      }
    },
    {
      "RequestUri": "https://ai-rogermaas191358140996.services.ai.azure.com/api/projects/ai-rogermaas19135814099-project/threads?api-version=2025-05-15-preview",
      "RequestMethod": "POST",
      "RequestHeaders": {
        "Accept": "application/json",
        "Authorization": "Sanitized",
        "Content-Length": "2",
        "Content-Type": "application/json",
        "User-Agent": "azsdk-net-AI.Agents.Persistent/1.2.0-alpha.20250821.1 (.NET 9.0.8; Microsoft Windows 10.0.26100)",
        "x-ms-client-request-id": "Sanitized",
        "x-ms-return-client-request-id": "true"
      },
      "RequestBody": {},
      "StatusCode": 200,
      "ResponseHeaders": {
        "apim-request-id": "d8fc52ac-03b2-4510-89bf-fc30cd297a25",
        "azureml-served-by-cluster": "vienna-swedencentral-02",
        "Content-Length": "137",
        "Content-Type": "application/json",
        "Date": "Thu, 21 Aug 2025 12:18:42 GMT",
        "openai-organization": "12c9124efd0a412494e3273a400ce8f7",
        "openai-processing-ms": "108",
        "openai-version": "2020-10-01",
        "Request-Context": "appId=",
        "Strict-Transport-Security": "max-age=31536000; includeSubDomains; preload",
        "X-Content-Type-Options": "nosniff",
        "x-ms-middleware-request-id": "f28918dd-04bc-4d43-a89a-60acca08f689",
        "x-ms-region": "Sweden Central",
        "x-ms-response-type": "standard",
        "X-Request-ID": "54eae64877c11d5fc9c026678576d248",
        "x-request-time": "0.220"
      },
      "ResponseBody": {
        "id": "thread_nUfSU3UwMx8b86wGyCJ80qAM",
        "object": "thread",
        "created_at": 1755778722,
        "metadata": {},
        "tool_resources": {}
      }
    },
    {
      "RequestUri": "https://ai-rogermaas191358140996.services.ai.azure.com/api/projects/ai-rogermaas19135814099-project/assistants/asst_5bcMpiPAStOqDx8jBv6jRfLD?api-version=2025-05-15-preview",
      "RequestMethod": "GET",
      "RequestHeaders": {
        "Accept": "application/json",
        "Authorization": "Sanitized",
        "User-Agent": "azsdk-net-AI.Agents.Persistent/1.2.0-alpha.20250821.1 (.NET 9.0.8; Microsoft Windows 10.0.26100)",
        "x-ms-client-request-id": "Sanitized",
        "x-ms-return-client-request-id": "true"
      },
      "RequestBody": null,
      "StatusCode": 200,
      "ResponseHeaders": {
        "apim-request-id": "1239a23d-6bfe-4b17-ba43-8123885466d9",
        "azureml-served-by-cluster": "vienna-swedencentral-02",
        "Content-Length": "354",
        "Content-Type": "application/json",
        "Date": "Thu, 21 Aug 2025 12:18:44 GMT",
        "openai-organization": "12c9124efd0a412494e3273a400ce8f7",
        "openai-processing-ms": "207",
        "openai-version": "2020-10-01",
        "Request-Context": "appId=",
        "Strict-Transport-Security": "max-age=31536000; includeSubDomains; preload",
        "Vary": "Accept-Encoding",
        "X-Content-Type-Options": "nosniff",
        "x-ms-middleware-request-id": "f91bca1f-9832-435c-82a9-7f2808666665",
        "x-ms-region": "Sweden Central",
        "x-ms-response-type": "standard",
        "X-Request-ID": "c29d187ff8b8941399e52b7b371544d2",
        "x-request-time": "0.422"
      },
      "ResponseBody": {
        "id": "asst_5bcMpiPAStOqDx8jBv6jRfLD",
        "object": "assistant",
        "created_at": 1755778722,
        "name": "cs_e2e_tests_chat_client",
        "description": null,
        "model": "gpt-4.1",
        "instructions": "You are a helpful chat agent.",
        "tools": [],
        "top_p": 1.0,
        "temperature": 1.0,
        "tool_resources": {},
        "metadata": {},
        "response_format": "auto"
      }
    },
    {
      "RequestUri": "https://ai-rogermaas191358140996.services.ai.azure.com/api/projects/ai-rogermaas19135814099-project/threads/thread_nUfSU3UwMx8b86wGyCJ80qAM/runs?api-version=2025-05-15-preview&limit=1&order=desc",
      "RequestMethod": "GET",
      "RequestHeaders": {
        "Accept": "application/json",
        "Authorization": "Sanitized",
        "User-Agent": "azsdk-net-AI.Agents.Persistent/1.2.0-alpha.20250821.1 (.NET 9.0.8; Microsoft Windows 10.0.26100)",
        "x-ms-client-request-id": "Sanitized",
        "x-ms-return-client-request-id": "true"
      },
      "RequestBody": null,
      "StatusCode": 200,
      "ResponseHeaders": {
        "apim-request-id": "7539f1f3-a5a1-48f3-89ec-7baadc70056f",
        "azureml-served-by-cluster": "vienna-swedencentral-02",
        "Content-Length": "96",
        "Content-Type": "application/json",
        "Date": "Thu, 21 Aug 2025 12:18:44 GMT",
        "openai-organization": "12c9124efd0a412494e3273a400ce8f7",
        "openai-processing-ms": "67",
        "openai-version": "2020-10-01",
        "Request-Context": "appId=",
        "Strict-Transport-Security": "max-age=31536000; includeSubDomains; preload",
        "X-Content-Type-Options": "nosniff",
        "x-ms-middleware-request-id": "bed95616-6247-4474-bb6d-f66a46c44b56",
        "x-ms-region": "Sweden Central",
        "x-ms-response-type": "standard",
        "X-Request-ID": "912676a6e4cab711d8d8bdb10632369b",
        "x-request-time": "0.163"
      },
      "ResponseBody": {
        "object": "list",
        "data": [],
        "first_id": null,
        "last_id": null,
        "has_more": false
      }
    },
    {
      "RequestUri": "https://ai-rogermaas191358140996.services.ai.azure.com/api/projects/ai-rogermaas19135814099-project/threads/thread_nUfSU3UwMx8b86wGyCJ80qAM/runs?api-version=2025-05-15-preview",
      "RequestMethod": "POST",
      "RequestHeaders": {
        "Accept": "application/json",
        "Authorization": "Sanitized",
        "Content-Length": "230",
        "Content-Type": "application/json",
        "User-Agent": "azsdk-net-AI.Agents.Persistent/1.2.0-alpha.20250821.1 (.NET 9.0.8; Microsoft Windows 10.0.26100)",
        "x-ms-client-request-id": "Sanitized",
        "x-ms-return-client-request-id": "true"
      },
      "RequestBody": {
        "assistant_id": "asst_5bcMpiPAStOqDx8jBv6jRfLD",
        "additional_messages": [
          {
            "role": "user",
            "content": [
              {
                "type": "text",
                "text": "What's the weather like? Respond in JSON."
              }
            ]
          }
        ],
        "stream": true,
        "response_format": {
          "type": "json_object"
        }
      },
      "StatusCode": 200,
      "ResponseHeaders": {
        "apim-request-id": "afc6ad9c-4e20-449c-952b-4f4f1a275d96",
        "azureml-served-by-cluster": "vienna-swedencentral-02",
        "Content-Type": "text/event-stream; charset=utf-8",
        "Date": "Thu, 21 Aug 2025 12:18:44 GMT",
        "openai-organization": "12c9124efd0a412494e3273a400ce8f7",
        "openai-processing-ms": "223",
        "openai-version": "2020-10-01",
        "Request-Context": "appId=",
        "Strict-Transport-Security": "max-age=31536000; includeSubDomains; preload",
        "Transfer-Encoding": "chunked",
        "X-Content-Type-Options": "nosniff",
        "x-ms-middleware-request-id": "c49a9219-bb0b-41d3-ac69-87cf17a9c912",
        "x-ms-region": "Sweden Central",
        "x-ms-response-type": "standard",
        "X-Request-ID": "0a578842cab741c715035b05d4d1a1d9",
        "x-request-time": "0.642"
      },
      "ResponseBody": [
        "event: thread.run.created\n",
        "data: {\"id\":\"run_fJ9ttrZ4NXVA7Es9K5rnTbED\",\"object\":\"thread.run\",\"created_at\":1755778724,\"assistant_id\":\"asst_5bcMpiPAStOqDx8jBv6jRfLD\",\"thread_id\":\"thread_nUfSU3UwMx8b86wGyCJ80qAM\",\"status\":\"queued\",\"started_at\":null,\"expires_at\":1755780524,\"cancelled_at\":null,\"failed_at\":null,\"completed_at\":null,\"required_action\":null,\"last_error\":null,\"model\":\"gpt-4.1\",\"instructions\":\"You are a helpful chat agent.\",\"tools\":[],\"tool_resources\":{\"code_interpreter\":{\"file_ids\":[]}},\"metadata\":{},\"temperature\":1.0,\"top_p\":1.0,\"max_completion_tokens\":null,\"max_prompt_tokens\":null,\"truncation_strategy\":{\"type\":\"auto\",\"last_messages\":null},\"incomplete_details\":null,\"usage\":null,\"response_format\":{\"type\":\"json_object\"},\"tool_choice\":\"auto\",\"parallel_tool_calls\":true}\n\n",
        "event: thread.run.queued\n",
        "data: {\"id\":\"run_fJ9ttrZ4NXVA7Es9K5rnTbED\",\"object\":\"thread.run\",\"created_at\":1755778724,\"assistant_id\":\"asst_5bcMpiPAStOqDx8jBv6jRfLD\",\"thread_id\":\"thread_nUfSU3UwMx8b86wGyCJ80qAM\",\"status\":\"queued\",\"started_at\":null,\"expires_at\":1755780524,\"cancelled_at\":null,\"failed_at\":null,\"completed_at\":null,\"required_action\":null,\"last_error\":null,\"model\":\"gpt-4.1\",\"instructions\":\"You are a helpful chat agent.\",\"tools\":[],\"tool_resources\":{\"code_interpreter\":{\"file_ids\":[]}},\"metadata\":{},\"temperature\":1.0,\"top_p\":1.0,\"max_completion_tokens\":null,\"max_prompt_tokens\":null,\"truncation_strategy\":{\"type\":\"auto\",\"last_messages\":null},\"incomplete_details\":null,\"usage\":null,\"response_format\":{\"type\":\"json_object\"},\"tool_choice\":\"auto\",\"parallel_tool_calls\":true}\n\n",
        "event: thread.run.in_progress\n",
        "data: {\"id\":\"run_fJ9ttrZ4NXVA7Es9K5rnTbED\",\"object\":\"thread.run\",\"created_at\":1755778724,\"assistant_id\":\"asst_5bcMpiPAStOqDx8jBv6jRfLD\",\"thread_id\":\"thread_nUfSU3UwMx8b86wGyCJ80qAM\",\"status\":\"in_progress\",\"started_at\":1755778724,\"expires_at\":1755780524,\"cancelled_at\":null,\"failed_at\":null,\"completed_at\":null,\"required_action\":null,\"last_error\":null,\"model\":\"gpt-4.1\",\"instructions\":\"You are a helpful chat agent.\",\"tools\":[],\"tool_resources\":{\"code_interpreter\":{\"file_ids\":[]}},\"metadata\":{},\"temperature\":1.0,\"top_p\":1.0,\"max_completion_tokens\":null,\"max_prompt_tokens\":null,\"truncation_strategy\":{\"type\":\"auto\",\"last_messages\":null},\"incomplete_details\":null,\"usage\":null,\"response_format\":{\"type\":\"json_object\"},\"tool_choice\":\"auto\",\"parallel_tool_calls\":true}\n\n",
        "event: thread.run.step.created\n",
        "data: {\"id\":\"step_r5rTS7gnxWA7RrzNG0n42HyI\",\"object\":\"thread.run.step\",\"created_at\":1755778726,\"run_id\":\"run_fJ9ttrZ4NXVA7Es9K5rnTbED\",\"assistant_id\":\"asst_5bcMpiPAStOqDx8jBv6jRfLD\",\"thread_id\":\"thread_nUfSU3UwMx8b86wGyCJ80qAM\",\"type\":\"message_creation\",\"status\":\"in_progress\",\"cancelled_at\":null,\"completed_at\":null,\"expires_at\":1755780524,\"failed_at\":null,\"last_error\":null,\"step_details\":{\"type\":\"message_creation\",\"message_creation\":{\"message_id\":\"msg_eyV9Pimz9VL2wKWmqVlLwa24\"}},\"usage\":null}\n\n",
        "event: thread.run.step.in_progress\n",
        "data: {\"id\":\"step_r5rTS7gnxWA7RrzNG0n42HyI\",\"object\":\"thread.run.step\",\"created_at\":1755778726,\"run_id\":\"run_fJ9ttrZ4NXVA7Es9K5rnTbED\",\"assistant_id\":\"asst_5bcMpiPAStOqDx8jBv6jRfLD\",\"thread_id\":\"thread_nUfSU3UwMx8b86wGyCJ80qAM\",\"type\":\"message_creation\",\"status\":\"in_progress\",\"cancelled_at\":null,\"completed_at\":null,\"expires_at\":1755780524,\"failed_at\":null,\"last_error\":null,\"step_details\":{\"type\":\"message_creation\",\"message_creation\":{\"message_id\":\"msg_eyV9Pimz9VL2wKWmqVlLwa24\"}},\"usage\":null}\n\n",
        "event: thread.message.created\n",
        "data: {\"id\":\"msg_eyV9Pimz9VL2wKWmqVlLwa24\",\"object\":\"thread.message\",\"created_at\":1755778726,\"assistant_id\":\"asst_5bcMpiPAStOqDx8jBv6jRfLD\",\"thread_id\":\"thread_nUfSU3UwMx8b86wGyCJ80qAM\",\"run_id\":\"run_fJ9ttrZ4NXVA7Es9K5rnTbED\",\"status\":\"in_progress\",\"incomplete_details\":null,\"incomplete_at\":null,\"completed_at\":null,\"role\":\"assistant\",\"content\":[],\"attachments\":[],\"metadata\":{}}\n\n",
        "event: thread.message.in_progress\n",
        "data: {\"id\":\"msg_eyV9Pimz9VL2wKWmqVlLwa24\",\"object\":\"thread.message\",\"created_at\":1755778726,\"assistant_id\":\"asst_5bcMpiPAStOqDx8jBv6jRfLD\",\"thread_id\":\"thread_nUfSU3UwMx8b86wGyCJ80qAM\",\"run_id\":\"run_fJ9ttrZ4NXVA7Es9K5rnTbED\",\"status\":\"in_progress\",\"incomplete_details\":null,\"incomplete_at\":null,\"completed_at\":null,\"role\":\"assistant\",\"content\":[],\"attachments\":[],\"metadata\":{}}\n\n",
        "event: thread.message.delta\n",
        "data: {\"id\":\"msg_eyV9Pimz9VL2wKWmqVlLwa24\",\"object\":\"thread.message.delta\",\"delta\":{\"content\":[{\"index\":0,\"type\":\"text\",\"text\":{\"value\":\"{\\n\",\"annotations\":[]}}]}}\n\n",
        "event: thread.message.delta\n",
        "data: {\"id\":\"msg_eyV9Pimz9VL2wKWmqVlLwa24\",\"object\":\"thread.message.delta\",\"delta\":{\"content\":[{\"index\":0,\"type\":\"text\",\"text\":{\"value\":\" \"}}]}}\n\n",
        "event: thread.message.delta\n",
        "data: {\"id\":\"msg_eyV9Pimz9VL2wKWmqVlLwa24\",\"object\":\"thread.message.delta\",\"delta\":{\"content\":[{\"index\":0,\"type\":\"text\",\"text\":{\"value\":\" \\\"\"}}]}}\n\n",
        "event: thread.message.delta\n",
        "data: {\"id\":\"msg_eyV9Pimz9VL2wKWmqVlLwa24\",\"object\":\"thread.message.delta\",\"delta\":{\"content\":[{\"index\":0,\"type\":\"text\",\"text\":{\"value\":\"location\"}}]}}\n\n",
        "event: thread.message.delta\n",
        "data: {\"id\":\"msg_eyV9Pimz9VL2wKWmqVlLwa24\",\"object\":\"thread.message.delta\",\"delta\":{\"content\":[{\"index\":0,\"type\":\"text\",\"text\":{\"value\":\"\\\":\"}}]}}\n\n",
        "event: thread.message.delta\n",
        "data: {\"id\":\"msg_eyV9Pimz9VL2wKWmqVlLwa24\",\"object\":\"thread.message.delta\",\"delta\":{\"content\":[{\"index\":0,\"type\":\"text\",\"text\":{\"value\":\" \\\"\"}}]}}\n\n",
        "event: thread.message.delta\n",
        "data: {\"id\":\"msg_eyV9Pimz9VL2wKWmqVlLwa24\",\"object\":\"thread.message.delta\",\"delta\":{\"content\":[{\"index\":0,\"type\":\"text\",\"text\":{\"value\":\"unknown\"}}]}}\n\n",
        "event: thread.message.delta\n",
        "data: {\"id\":\"msg_eyV9Pimz9VL2wKWmqVlLwa24\",\"object\":\"thread.message.delta\",\"delta\":{\"content\":[{\"index\":0,\"type\":\"text\",\"text\":{\"value\":\"\\\",\\n\"}}]}}\n\n",
        "event: thread.message.delta\n",
        "data: {\"id\":\"msg_eyV9Pimz9VL2wKWmqVlLwa24\",\"object\":\"thread.message.delta\",\"delta\":{\"content\":[{\"index\":0,\"type\":\"text\",\"text\":{\"value\":\" \"}}]}}\n\n",
        "event: thread.message.delta\n",
        "data: {\"id\":\"msg_eyV9Pimz9VL2wKWmqVlLwa24\",\"object\":\"thread.message.delta\",\"delta\":{\"content\":[{\"index\":0,\"type\":\"text\",\"text\":{\"value\":\" \\\"\"}}]}}\n\n",
        "event: thread.message.delta\n",
        "data: {\"id\":\"msg_eyV9Pimz9VL2wKWmqVlLwa24\",\"object\":\"thread.message.delta\",\"delta\":{\"content\":[{\"index\":0,\"type\":\"text\",\"text\":{\"value\":\"weather\"}}]}}\n\n",
        "event: thread.message.delta\n",
        "data: {\"id\":\"msg_eyV9Pimz9VL2wKWmqVlLwa24\",\"object\":\"thread.message.delta\",\"delta\":{\"content\":[{\"index\":0,\"type\":\"text\",\"text\":{\"value\":\"\\\":\"}}]}}\n\n",
        "event: thread.message.delta\n",
        "data: {\"id\":\"msg_eyV9Pimz9VL2wKWmqVlLwa24\",\"object\":\"thread.message.delta\",\"delta\":{\"content\":[{\"index\":0,\"type\":\"text\",\"text\":{\"value\":\" \\\"\"}}]}}\n\n",
        "event: thread.message.delta\n",
        "data: {\"id\":\"msg_eyV9Pimz9VL2wKWmqVlLwa24\",\"object\":\"thread.message.delta\",\"delta\":{\"content\":[{\"index\":0,\"type\":\"text\",\"text\":{\"value\":\"unknown\"}}]}}\n\n",
        "event: thread.message.delta\n",
        "data: {\"id\":\"msg_eyV9Pimz9VL2wKWmqVlLwa24\",\"object\":\"thread.message.delta\",\"delta\":{\"content\":[{\"index\":0,\"type\":\"text\",\"text\":{\"value\":\"\\\",\\n\"}}]}}\n\n",
        "event: thread.message.delta\n",
        "data: {\"id\":\"msg_eyV9Pimz9VL2wKWmqVlLwa24\",\"object\":\"thread.message.delta\",\"delta\":{\"content\":[{\"index\":0,\"type\":\"text\",\"text\":{\"value\":\" \"}}]}}\n\n",
        "event: thread.message.delta\n",
        "data: {\"id\":\"msg_eyV9Pimz9VL2wKWmqVlLwa24\",\"object\":\"thread.message.delta\",\"delta\":{\"content\":[{\"index\":0,\"type\":\"text\",\"text\":{\"value\":\" \\\"\"}}]}}\n\n",
        "event: thread.message.delta\n",
        "data: {\"id\":\"msg_eyV9Pimz9VL2wKWmqVlLwa24\",\"object\":\"thread.message.delta\",\"delta\":{\"content\":[{\"index\":0,\"type\":\"text\",\"text\":{\"value\":\"temperature\"}}]}}\n\n",
        "event: thread.message.delta\n",
        "data: {\"id\":\"msg_eyV9Pimz9VL2wKWmqVlLwa24\",\"object\":\"thread.message.delta\",\"delta\":{\"content\":[{\"index\":0,\"type\":\"text\",\"text\":{\"value\":\"\\\":\"}}]}}\n\n",
        "event: thread.message.delta\n",
        "data: {\"id\":\"msg_eyV9Pimz9VL2wKWmqVlLwa24\",\"object\":\"thread.message.delta\",\"delta\":{\"content\":[{\"index\":0,\"type\":\"text\",\"text\":{\"value\":\" \\\"\"}}]}}\n\n",
        "event: thread.message.delta\n",
        "data: {\"id\":\"msg_eyV9Pimz9VL2wKWmqVlLwa24\",\"object\":\"thread.message.delta\",\"delta\":{\"content\":[{\"index\":0,\"type\":\"text\",\"text\":{\"value\":\"unknown\"}}]}}\n\n",
        "event: thread.message.delta\n",
        "data: {\"id\":\"msg_eyV9Pimz9VL2wKWmqVlLwa24\",\"object\":\"thread.message.delta\",\"delta\":{\"content\":[{\"index\":0,\"type\":\"text\",\"text\":{\"value\":\"\\\",\\n\"}}]}}\n\n",
        "event: thread.message.delta\n",
        "data: {\"id\":\"msg_eyV9Pimz9VL2wKWmqVlLwa24\",\"object\":\"thread.message.delta\",\"delta\":{\"content\":[{\"index\":0,\"type\":\"text\",\"text\":{\"value\":\" \"}}]}}\n\n",
        "event: thread.message.delta\n",
        "data: {\"id\":\"msg_eyV9Pimz9VL2wKWmqVlLwa24\",\"object\":\"thread.message.delta\",\"delta\":{\"content\":[{\"index\":0,\"type\":\"text\",\"text\":{\"value\":\" \\\"\"}}]}}\n\n",
        "event: thread.message.delta\n",
        "data: {\"id\":\"msg_eyV9Pimz9VL2wKWmqVlLwa24\",\"object\":\"thread.message.delta\",\"delta\":{\"content\":[{\"index\":0,\"type\":\"text\",\"text\":{\"value\":\"note\"}}]}}\n\n",
        "event: thread.message.delta\n",
        "data: {\"id\":\"msg_eyV9Pimz9VL2wKWmqVlLwa24\",\"object\":\"thread.message.delta\",\"delta\":{\"content\":[{\"index\":0,\"type\":\"text\",\"text\":{\"value\":\"\\\":\"}}]}}\n\n",
        "event: thread.message.delta\n",
        "data: {\"id\":\"msg_eyV9Pimz9VL2wKWmqVlLwa24\",\"object\":\"thread.message.delta\",\"delta\":{\"content\":[{\"index\":0,\"type\":\"text\",\"text\":{\"value\":\" \\\"\"}}]}}\n\n",
        "event: thread.message.delta\n",
        "data: {\"id\":\"msg_eyV9Pimz9VL2wKWmqVlLwa24\",\"object\":\"thread.message.delta\",\"delta\":{\"content\":[{\"index\":0,\"type\":\"text\",\"text\":{\"value\":\"I\"}}]}}\n\n",
        "event: thread.message.delta\n",
        "data: {\"id\":\"msg_eyV9Pimz9VL2wKWmqVlLwa24\",\"object\":\"thread.message.delta\",\"delta\":{\"content\":[{\"index\":0,\"type\":\"text\",\"text\":{\"value\":\" don't\"}}]}}\n\n",
        "event: thread.message.delta\n",
        "data: {\"id\":\"msg_eyV9Pimz9VL2wKWmqVlLwa24\",\"object\":\"thread.message.delta\",\"delta\":{\"content\":[{\"index\":0,\"type\":\"text\",\"text\":{\"value\":\" have\"}}]}}\n\n",
        "event: thread.message.delta\n",
        "data: {\"id\":\"msg_eyV9Pimz9VL2wKWmqVlLwa24\",\"object\":\"thread.message.delta\",\"delta\":{\"content\":[{\"index\":0,\"type\":\"text\",\"text\":{\"value\":\" access\"}}]}}\n\n",
        "event: thread.message.delta\n",
        "data: {\"id\":\"msg_eyV9Pimz9VL2wKWmqVlLwa24\",\"object\":\"thread.message.delta\",\"delta\":{\"content\":[{\"index\":0,\"type\":\"text\",\"text\":{\"value\":\" to\"}}]}}\n\n",
        "event: thread.message.delta\n",
        "data: {\"id\":\"msg_eyV9Pimz9VL2wKWmqVlLwa24\",\"object\":\"thread.message.delta\",\"delta\":{\"content\":[{\"index\":0,\"type\":\"text\",\"text\":{\"value\":\" real\"}}]}}\n\n",
        "event: thread.message.delta\n",
        "data: {\"id\":\"msg_eyV9Pimz9VL2wKWmqVlLwa24\",\"object\":\"thread.message.delta\",\"delta\":{\"content\":[{\"index\":0,\"type\":\"text\",\"text\":{\"value\":\"-time\"}}]}}\n\n",
        "event: thread.message.delta\n",
        "data: {\"id\":\"msg_eyV9Pimz9VL2wKWmqVlLwa24\",\"object\":\"thread.message.delta\",\"delta\":{\"content\":[{\"index\":0,\"type\":\"text\",\"text\":{\"value\":\" weather\"}}]}}\n\n",
        "event: thread.message.delta\n",
        "data: {\"id\":\"msg_eyV9Pimz9VL2wKWmqVlLwa24\",\"object\":\"thread.message.delta\",\"delta\":{\"content\":[{\"index\":0,\"type\":\"text\",\"text\":{\"value\":\" data\"}}]}}\n\n",
        "event: thread.message.delta\n",
        "data: {\"id\":\"msg_eyV9Pimz9VL2wKWmqVlLwa24\",\"object\":\"thread.message.delta\",\"delta\":{\"content\":[{\"index\":0,\"type\":\"text\",\"text\":{\"value\":\" or\"}}]}}\n\n",
        "event: thread.message.delta\n",
        "data: {\"id\":\"msg_eyV9Pimz9VL2wKWmqVlLwa24\",\"object\":\"thread.message.delta\",\"delta\":{\"content\":[{\"index\":0,\"type\":\"text\",\"text\":{\"value\":\" your\"}}]}}\n\n",
        "event: thread.message.delta\n",
        "data: {\"id\":\"msg_eyV9Pimz9VL2wKWmqVlLwa24\",\"object\":\"thread.message.delta\",\"delta\":{\"content\":[{\"index\":0,\"type\":\"text\",\"text\":{\"value\":\" location\"}}]}}\n\n",
        "event: thread.message.delta\n",
        "data: {\"id\":\"msg_eyV9Pimz9VL2wKWmqVlLwa24\",\"object\":\"thread.message.delta\",\"delta\":{\"content\":[{\"index\":0,\"type\":\"text\",\"text\":{\"value\":\".\"}}]}}\n\n",
        "event: thread.message.delta\n",
        "data: {\"id\":\"msg_eyV9Pimz9VL2wKWmqVlLwa24\",\"object\":\"thread.message.delta\",\"delta\":{\"content\":[{\"index\":0,\"type\":\"text\",\"text\":{\"value\":\" Please\"}}]}}\n\n",
        "event: thread.message.delta\n",
        "data: {\"id\":\"msg_eyV9Pimz9VL2wKWmqVlLwa24\",\"object\":\"thread.message.delta\",\"delta\":{\"content\":[{\"index\":0,\"type\":\"text\",\"text\":{\"value\":\" specify\"}}]}}\n\n",
        "event: thread.message.delta\n",
        "data: {\"id\":\"msg_eyV9Pimz9VL2wKWmqVlLwa24\",\"object\":\"thread.message.delta\",\"delta\":{\"content\":[{\"index\":0,\"type\":\"text\",\"text\":{\"value\":\" a\"}}]}}\n\n",
        "event: thread.message.delta\n",
        "data: {\"id\":\"msg_eyV9Pimz9VL2wKWmqVlLwa24\",\"object\":\"thread.message.delta\",\"delta\":{\"content\":[{\"index\":0,\"type\":\"text\",\"text\":{\"value\":\" city\"}}]}}\n\n",
        "event: thread.message.delta\n",
        "data: {\"id\":\"msg_eyV9Pimz9VL2wKWmqVlLwa24\",\"object\":\"thread.message.delta\",\"delta\":{\"content\":[{\"index\":0,\"type\":\"text\",\"text\":{\"value\":\" or\"}}]}}\n\n",
        "event: thread.message.delta\n",
        "data: {\"id\":\"msg_eyV9Pimz9VL2wKWmqVlLwa24\",\"object\":\"thread.message.delta\",\"delta\":{\"content\":[{\"index\":0,\"type\":\"text\",\"text\":{\"value\":\" region\"}}]}}\n\n",
        "event: thread.message.delta\n",
        "data: {\"id\":\"msg_eyV9Pimz9VL2wKWmqVlLwa24\",\"object\":\"thread.message.delta\",\"delta\":{\"content\":[{\"index\":0,\"type\":\"text\",\"text\":{\"value\":\" for\"}}]}}\n\n",
        "event: thread.message.delta\n",
        "data: {\"id\":\"msg_eyV9Pimz9VL2wKWmqVlLwa24\",\"object\":\"thread.message.delta\",\"delta\":{\"content\":[{\"index\":0,\"type\":\"text\",\"text\":{\"value\":\" current\"}}]}}\n\n",
        "event: thread.message.delta\n",
        "data: {\"id\":\"msg_eyV9Pimz9VL2wKWmqVlLwa24\",\"object\":\"thread.message.delta\",\"delta\":{\"content\":[{\"index\":0,\"type\":\"text\",\"text\":{\"value\":\" weather\"}}]}}\n\n",
        "event: thread.message.delta\n",
        "data: {\"id\":\"msg_eyV9Pimz9VL2wKWmqVlLwa24\",\"object\":\"thread.message.delta\",\"delta\":{\"content\":[{\"index\":0,\"type\":\"text\",\"text\":{\"value\":\" information\"}}]}}\n\n",
        "event: thread.message.delta\n",
        "data: {\"id\":\"msg_eyV9Pimz9VL2wKWmqVlLwa24\",\"object\":\"thread.message.delta\",\"delta\":{\"content\":[{\"index\":0,\"type\":\"text\",\"text\":{\"value\":\".\\\"\\n\"}}]}}\n\n",
        "event: thread.message.delta\n",
        "data: {\"id\":\"msg_eyV9Pimz9VL2wKWmqVlLwa24\",\"object\":\"thread.message.delta\",\"delta\":{\"content\":[{\"index\":0,\"type\":\"text\",\"text\":{\"value\":\"}\"}}]}}\n\n",
        "event: thread.message.completed\n",
        "data: {\"id\":\"msg_eyV9Pimz9VL2wKWmqVlLwa24\",\"object\":\"thread.message\",\"created_at\":1755778726,\"assistant_id\":\"asst_5bcMpiPAStOqDx8jBv6jRfLD\",\"thread_id\":\"thread_nUfSU3UwMx8b86wGyCJ80qAM\",\"run_id\":\"run_fJ9ttrZ4NXVA7Es9K5rnTbED\",\"status\":\"in_progress\",\"incomplete_details\":null,\"incomplete_at\":null,\"completed_at\":null,\"role\":\"assistant\",\"content\":[{\"type\":\"text\",\"text\":{\"value\":\"{\\n  \\\"location\\\": \\\"unknown\\\",\\n  \\\"weather\\\": \\\"unknown\\\",\\n  \\\"temperature\\\": \\\"unknown\\\",\\n  \\\"note\\\": \\\"I don't have access to real-time weather data or your location. Please specify a city or region for current weather information.\\\"\\n}\",\"annotations\":[]}}],\"attachments\":[],\"metadata\":{}}\n\n",
        "event: thread.run.step.completed\n",
        "data: {\"id\":\"step_r5rTS7gnxWA7RrzNG0n42HyI\",\"object\":\"thread.run.step\",\"created_at\":1755778726,\"run_id\":\"run_fJ9ttrZ4NXVA7Es9K5rnTbED\",\"assistant_id\":\"asst_5bcMpiPAStOqDx8jBv6jRfLD\",\"thread_id\":\"thread_nUfSU3UwMx8b86wGyCJ80qAM\",\"type\":\"message_creation\",\"status\":\"completed\",\"cancelled_at\":null,\"completed_at\":1755778726,\"expires_at\":1755780524,\"failed_at\":null,\"last_error\":null,\"step_details\":{\"type\":\"message_creation\",\"message_creation\":{\"message_id\":\"msg_eyV9Pimz9VL2wKWmqVlLwa24\"}},\"usage\":{\"prompt_tokens\":38,\"completion_tokens\":53,\"total_tokens\":91,\"prompt_token_details\":{\"cached_tokens\":0}}}\n\n",
        "event: thread.run.completed\n",
        "data: {\"id\":\"run_fJ9ttrZ4NXVA7Es9K5rnTbED\",\"object\":\"thread.run\",\"created_at\":1755778724,\"assistant_id\":\"asst_5bcMpiPAStOqDx8jBv6jRfLD\",\"thread_id\":\"thread_nUfSU3UwMx8b86wGyCJ80qAM\",\"status\":\"completed\",\"started_at\":1755778724,\"expires_at\":null,\"cancelled_at\":null,\"failed_at\":null,\"completed_at\":1755778726,\"required_action\":null,\"last_error\":null,\"model\":\"gpt-4.1\",\"instructions\":\"You are a helpful chat agent.\",\"tools\":[],\"tool_resources\":{\"code_interpreter\":{\"file_ids\":[]}},\"metadata\":{},\"temperature\":1.0,\"top_p\":1.0,\"max_completion_tokens\":null,\"max_prompt_tokens\":null,\"truncation_strategy\":{\"type\":\"auto\",\"last_messages\":null},\"incomplete_details\":null,\"usage\":{\"prompt_tokens\":38,\"completion_tokens\":53,\"total_tokens\":91,\"prompt_token_details\":{\"cached_tokens\":0}},\"response_format\":{\"type\":\"json_object\"},\"tool_choice\":\"auto\",\"parallel_tool_calls\":true}\n\n",
        "event: done\n",
        "data: [DONE]\n\n"
      ]
    }
  ],
  "Variables": {
    "PROJECT_ENDPOINT": "https://ai-rogermaas191358140996.services.ai.azure.com/api/projects/ai-rogermaas19135814099-project",
    "RandomSeed": "1422957156"
  }
}
