{
  "Entries": [
    {
      "RequestUri": "https://ai-rogermaas191358140996.services.ai.azure.com/api/projects/ai-rogermaas19135814099-project/assistants?api-version=2025-05-15-preview",
      "RequestMethod": "POST",
      "RequestHeaders": {
        "Accept": "application/json",
        "Authorization": "Sanitized",
        "Content-Length": "99",
        "Content-Type": "application/json",
        "User-Agent": "azsdk-net-AI.Agents.Persistent/1.2.0-alpha.20250821.1 (.NET 9.0.8; Microsoft Windows 10.0.26100)",
        "x-ms-client-request-id": "Sanitized",
        "x-ms-return-client-request-id": "true"
      },
      "RequestBody": {
        "model": "gpt-4o",
        "name": "cs_e2e_tests_chat_client",
        "instructions": "You are a helpful chat agent."
      },
      "StatusCode": 200,
      "ResponseHeaders": {
        "apim-request-id": "b43a496b-b46e-4a7c-827e-a85dbe29843c",
        "azureml-served-by-cluster": "vienna-swedencentral-02",
        "Content-Length": "353",
        "Content-Type": "application/json",
        "Date": "Thu, 21 Aug 2025 19:31:22 GMT",
        "openai-organization": "12c9124efd0a412494e3273a400ce8f7",
        "openai-processing-ms": "90",
        "openai-version": "2020-10-01",
        "Request-Context": "appId=",
        "Strict-Transport-Security": "max-age=31536000; includeSubDomains; preload",
        "Vary": "Accept-Encoding",
        "X-Content-Type-Options": "nosniff",
        "x-ms-middleware-request-id": "4111c82f-33c4-4a46-bb19-7f0652a3b266",
        "x-ms-region": "Sweden Central",
        "x-ms-response-type": "standard",
        "X-Request-ID": "13c0bce0ecd58b0559d161528abdf287",
        "x-request-time": "0.184"
      },
      "ResponseBody": {
        "id": "asst_EgbJ14rS0o2pL3XCskHTKdjV",
        "object": "assistant",
        "created_at": 1755804683,
        "name": "cs_e2e_tests_chat_client",
        "description": null,
        "model": "gpt-4o",
        "instructions": "You are a helpful chat agent.",
        "tools": [],
        "top_p": 1.0,
        "temperature": 1.0,
        "tool_resources": {},
        "metadata": {},
        "response_format": "auto"
      }
    },
    {
      "RequestUri": "https://ai-rogermaas191358140996.services.ai.azure.com/api/projects/ai-rogermaas19135814099-project/threads?api-version=2025-05-15-preview",
      "RequestMethod": "POST",
      "RequestHeaders": {
        "Accept": "application/json",
        "Authorization": "Sanitized",
        "Content-Length": "2",
        "Content-Type": "application/json",
        "User-Agent": "azsdk-net-AI.Agents.Persistent/1.2.0-alpha.20250821.1 (.NET 9.0.8; Microsoft Windows 10.0.26100)",
        "x-ms-client-request-id": "Sanitized",
        "x-ms-return-client-request-id": "true"
      },
      "RequestBody": {},
      "StatusCode": 200,
      "ResponseHeaders": {
        "apim-request-id": "b504b1fb-c7b1-45e8-b338-e376c20d04af",
        "azureml-served-by-cluster": "vienna-swedencentral-02",
        "Content-Length": "137",
        "Content-Type": "application/json",
        "Date": "Thu, 21 Aug 2025 19:31:23 GMT",
        "openai-organization": "12c9124efd0a412494e3273a400ce8f7",
        "openai-processing-ms": "609",
        "openai-version": "2020-10-01",
        "Request-Context": "appId=",
        "Strict-Transport-Security": "max-age=31536000; includeSubDomains; preload",
        "X-Content-Type-Options": "nosniff",
        "x-ms-middleware-request-id": "0b4ad328-c72d-4baf-b2ac-46df4e6b448c",
        "x-ms-region": "Sweden Central",
        "x-ms-response-type": "standard",
        "X-Request-ID": "e6ce4762da00716b0b83d451e74be220",
        "x-request-time": "0.692"
      },
      "ResponseBody": {
        "id": "thread_IdPOMFBMotJcJYXTqEdkC2QX",
        "object": "thread",
        "created_at": 1755804683,
        "metadata": {},
        "tool_resources": {}
      }
    },
    {
      "RequestUri": "https://ai-rogermaas191358140996.services.ai.azure.com/api/projects/ai-rogermaas19135814099-project/assistants/asst_EgbJ14rS0o2pL3XCskHTKdjV?api-version=2025-05-15-preview",
      "RequestMethod": "GET",
      "RequestHeaders": {
        "Accept": "application/json",
        "Authorization": "Sanitized",
        "User-Agent": "azsdk-net-AI.Agents.Persistent/1.2.0-alpha.20250821.1 (.NET 9.0.8; Microsoft Windows 10.0.26100)",
        "x-ms-client-request-id": "Sanitized",
        "x-ms-return-client-request-id": "true"
      },
      "RequestBody": null,
      "StatusCode": 200,
      "ResponseHeaders": {
        "apim-request-id": "e8d16605-9a12-4312-9ff2-6f13c0872215",
        "azureml-served-by-cluster": "vienna-swedencentral-02",
        "Content-Length": "353",
        "Content-Type": "application/json",
        "Date": "Thu, 21 Aug 2025 19:31:24 GMT",
        "openai-organization": "12c9124efd0a412494e3273a400ce8f7",
        "openai-processing-ms": "82",
        "openai-version": "2020-10-01",
        "Request-Context": "appId=",
        "Strict-Transport-Security": "max-age=31536000; includeSubDomains; preload",
        "Vary": "Accept-Encoding",
        "X-Content-Type-Options": "nosniff",
        "x-ms-middleware-request-id": "a8a53095-5c16-4e0d-a75e-256791b825f4",
        "x-ms-region": "Sweden Central",
        "x-ms-response-type": "standard",
        "X-Request-ID": "f6751ca20a06d4357727b5e50afe0079",
        "x-request-time": "0.155"
      },
      "ResponseBody": {
        "id": "asst_EgbJ14rS0o2pL3XCskHTKdjV",
        "object": "assistant",
        "created_at": 1755804683,
        "name": "cs_e2e_tests_chat_client",
        "description": null,
        "model": "gpt-4o",
        "instructions": "You are a helpful chat agent.",
        "tools": [],
        "top_p": 1.0,
        "temperature": 1.0,
        "tool_resources": {},
        "metadata": {},
        "response_format": "auto"
      }
    },
    {
      "RequestUri": "https://ai-rogermaas191358140996.services.ai.azure.com/api/projects/ai-rogermaas19135814099-project/threads/thread_IdPOMFBMotJcJYXTqEdkC2QX/runs?api-version=2025-05-15-preview&limit=1&order=desc",
      "RequestMethod": "GET",
      "RequestHeaders": {
        "Accept": "application/json",
        "Authorization": "Sanitized",
        "User-Agent": "azsdk-net-AI.Agents.Persistent/1.2.0-alpha.20250821.1 (.NET 9.0.8; Microsoft Windows 10.0.26100)",
        "x-ms-client-request-id": "Sanitized",
        "x-ms-return-client-request-id": "true"
      },
      "RequestBody": null,
      "StatusCode": 200,
      "ResponseHeaders": {
        "apim-request-id": "43ea273f-a824-4f1d-bcb1-12e151794aa1",
        "azureml-served-by-cluster": "vienna-swedencentral-02",
        "Content-Length": "96",
        "Content-Type": "application/json",
        "Date": "Thu, 21 Aug 2025 19:31:24 GMT",
        "openai-organization": "12c9124efd0a412494e3273a400ce8f7",
        "openai-processing-ms": "33",
        "openai-version": "2020-10-01",
        "Request-Context": "appId=",
        "Strict-Transport-Security": "max-age=31536000; includeSubDomains; preload",
        "X-Content-Type-Options": "nosniff",
        "x-ms-middleware-request-id": "0677e02a-a001-45b6-b786-1242b01eb027",
        "x-ms-region": "Sweden Central",
        "x-ms-response-type": "standard",
        "X-Request-ID": "481afc6c7ccd1517718e3f2345e504a7",
        "x-request-time": "0.121"
      },
      "ResponseBody": {
        "object": "list",
        "data": [],
        "first_id": null,
        "last_id": null,
        "has_more": false
      }
    },
    {
      "RequestUri": "https://ai-rogermaas191358140996.services.ai.azure.com/api/projects/ai-rogermaas19135814099-project/threads/thread_IdPOMFBMotJcJYXTqEdkC2QX/runs?api-version=2025-05-15-preview",
      "RequestMethod": "POST",
      "RequestHeaders": {
        "Accept": "application/json",
        "Authorization": "Sanitized",
        "Content-Length": "334",
        "Content-Type": "application/json",
        "User-Agent": "azsdk-net-AI.Agents.Persistent/1.2.0-alpha.20250821.1 (.NET 9.0.8; Microsoft Windows 10.0.26100)",
        "x-ms-client-request-id": "Sanitized",
        "x-ms-return-client-request-id": "true"
      },
      "RequestBody": {
        "assistant_id": "asst_EgbJ14rS0o2pL3XCskHTKdjV",
        "additional_messages": [
          {
            "role": "user",
            "content": [
              {
                "type": "text",
                "text": "What's the weather like? Respond in JSON."
              }
            ]
          }
        ],
        "tools": [
          {
            "type": "function",
            "function": {
              "name": "GetWeather",
              "description": "",
              "parameters": {
                "type": "object",
                "properties": {}
              }
            }
          }
        ],
        "stream": true,
        "tool_choice": "auto"
      },
      "StatusCode": 200,
      "ResponseHeaders": {
        "apim-request-id": "2a3ab17e-cf0c-43ca-bb5c-64804d20954c",
        "azureml-served-by-cluster": "vienna-swedencentral-02",
        "Content-Type": "text/event-stream; charset=utf-8",
        "Date": "Thu, 21 Aug 2025 19:31:25 GMT",
        "openai-organization": "12c9124efd0a412494e3273a400ce8f7",
        "openai-processing-ms": "243",
        "openai-version": "2020-10-01",
        "Request-Context": "appId=",
        "Strict-Transport-Security": "max-age=31536000; includeSubDomains; preload",
        "Transfer-Encoding": "chunked",
        "X-Content-Type-Options": "nosniff",
        "x-ms-middleware-request-id": "acbebe37-e106-4beb-8c93-b5348bd32d28",
        "x-ms-region": "Sweden Central",
        "x-ms-response-type": "standard",
        "X-Request-ID": "c4c9a7ec81fbb08fbe59ac7dcd65ca43",
        "x-request-time": "0.593"
      },
      "ResponseBody": [
        "event: thread.run.created\n",
        "data: {\"id\":\"run_lfVoMmWtN0mly8L7pzLKyoRe\",\"object\":\"thread.run\",\"created_at\":1755804686,\"assistant_id\":\"asst_EgbJ14rS0o2pL3XCskHTKdjV\",\"thread_id\":\"thread_IdPOMFBMotJcJYXTqEdkC2QX\",\"status\":\"queued\",\"started_at\":null,\"expires_at\":1755806486,\"cancelled_at\":null,\"failed_at\":null,\"completed_at\":null,\"required_action\":null,\"last_error\":null,\"model\":\"gpt-4o\",\"instructions\":\"You are a helpful chat agent.\",\"tools\":[{\"type\":\"function\",\"function\":{\"name\":\"GetWeather\",\"description\":null,\"parameters\":{\"type\":\"object\",\"properties\":{}},\"strict\":false}}],\"tool_resources\":{\"code_interpreter\":{\"file_ids\":[]}},\"metadata\":{},\"temperature\":1.0,\"top_p\":1.0,\"max_completion_tokens\":null,\"max_prompt_tokens\":null,\"truncation_strategy\":{\"type\":\"auto\",\"last_messages\":null},\"incomplete_details\":null,\"usage\":null,\"response_format\":\"auto\",\"tool_choice\":\"auto\",\"parallel_tool_calls\":true}\n\n",
        "event: thread.run.queued\n",
        "data: {\"id\":\"run_lfVoMmWtN0mly8L7pzLKyoRe\",\"object\":\"thread.run\",\"created_at\":1755804686,\"assistant_id\":\"asst_EgbJ14rS0o2pL3XCskHTKdjV\",\"thread_id\":\"thread_IdPOMFBMotJcJYXTqEdkC2QX\",\"status\":\"queued\",\"started_at\":null,\"expires_at\":1755806486,\"cancelled_at\":null,\"failed_at\":null,\"completed_at\":null,\"required_action\":null,\"last_error\":null,\"model\":\"gpt-4o\",\"instructions\":\"You are a helpful chat agent.\",\"tools\":[{\"type\":\"function\",\"function\":{\"name\":\"GetWeather\",\"description\":null,\"parameters\":{\"type\":\"object\",\"properties\":{}},\"strict\":false}}],\"tool_resources\":{\"code_interpreter\":{\"file_ids\":[]}},\"metadata\":{},\"temperature\":1.0,\"top_p\":1.0,\"max_completion_tokens\":null,\"max_prompt_tokens\":null,\"truncation_strategy\":{\"type\":\"auto\",\"last_messages\":null},\"incomplete_details\":null,\"usage\":null,\"response_format\":\"auto\",\"tool_choice\":\"auto\",\"parallel_tool_calls\":true}\n\n",
        "event: thread.run.in_progress\n",
        "data: {\"id\":\"run_lfVoMmWtN0mly8L7pzLKyoRe\",\"object\":\"thread.run\",\"created_at\":1755804686,\"assistant_id\":\"asst_EgbJ14rS0o2pL3XCskHTKdjV\",\"thread_id\":\"thread_IdPOMFBMotJcJYXTqEdkC2QX\",\"status\":\"in_progress\",\"started_at\":1755804686,\"expires_at\":1755806486,\"cancelled_at\":null,\"failed_at\":null,\"completed_at\":null,\"required_action\":null,\"last_error\":null,\"model\":\"gpt-4o\",\"instructions\":\"You are a helpful chat agent.\",\"tools\":[{\"type\":\"function\",\"function\":{\"name\":\"GetWeather\",\"description\":null,\"parameters\":{\"type\":\"object\",\"properties\":{}},\"strict\":false}}],\"tool_resources\":{\"code_interpreter\":{\"file_ids\":[]}},\"metadata\":{},\"temperature\":1.0,\"top_p\":1.0,\"max_completion_tokens\":null,\"max_prompt_tokens\":null,\"truncation_strategy\":{\"type\":\"auto\",\"last_messages\":null},\"incomplete_details\":null,\"usage\":null,\"response_format\":\"auto\",\"tool_choice\":\"auto\",\"parallel_tool_calls\":true}\n\n",
        "event: thread.run.step.created\n",
        "data: {\"id\":\"step_q4EDX9KbWrHwNLfDSoDJmiQM\",\"object\":\"thread.run.step\",\"created_at\":1755804687,\"run_id\":\"run_lfVoMmWtN0mly8L7pzLKyoRe\",\"assistant_id\":\"asst_EgbJ14rS0o2pL3XCskHTKdjV\",\"thread_id\":\"thread_IdPOMFBMotJcJYXTqEdkC2QX\",\"type\":\"tool_calls\",\"status\":\"in_progress\",\"cancelled_at\":null,\"completed_at\":null,\"expires_at\":1755806486,\"failed_at\":null,\"last_error\":null,\"step_details\":{\"type\":\"tool_calls\",\"tool_calls\":[]},\"usage\":null}\n\n",
        "event: thread.run.step.in_progress\n",
        "data: {\"id\":\"step_q4EDX9KbWrHwNLfDSoDJmiQM\",\"object\":\"thread.run.step\",\"created_at\":1755804687,\"run_id\":\"run_lfVoMmWtN0mly8L7pzLKyoRe\",\"assistant_id\":\"asst_EgbJ14rS0o2pL3XCskHTKdjV\",\"thread_id\":\"thread_IdPOMFBMotJcJYXTqEdkC2QX\",\"type\":\"tool_calls\",\"status\":\"in_progress\",\"cancelled_at\":null,\"completed_at\":null,\"expires_at\":1755806486,\"failed_at\":null,\"last_error\":null,\"step_details\":{\"type\":\"tool_calls\",\"tool_calls\":[]},\"usage\":null}\n\n",
        "event: thread.run.step.delta\n",
        "data: {\"id\":\"step_q4EDX9KbWrHwNLfDSoDJmiQM\",\"object\":\"thread.run.step.delta\",\"delta\":{\"step_details\":{\"type\":\"tool_calls\",\"tool_calls\":[{\"index\":0,\"id\":\"call_lsCVtbR0Gq5qcri2aKFxzHL9\",\"type\":\"function\",\"function\":{\"name\":\"GetWeather\",\"arguments\":\"\",\"output\":null}}]}}}\n\n",
        "event: thread.run.step.delta\n",
        "data: {\"id\":\"step_q4EDX9KbWrHwNLfDSoDJmiQM\",\"object\":\"thread.run.step.delta\",\"delta\":{\"step_details\":{\"type\":\"tool_calls\",\"tool_calls\":[{\"index\":0,\"type\":\"function\",\"function\":{\"arguments\":\"{}\"}}]}}}\n\n",
        "event: thread.run.requires_action\n",
        "data: {\"id\":\"run_lfVoMmWtN0mly8L7pzLKyoRe\",\"object\":\"thread.run\",\"created_at\":1755804686,\"assistant_id\":\"asst_EgbJ14rS0o2pL3XCskHTKdjV\",\"thread_id\":\"thread_IdPOMFBMotJcJYXTqEdkC2QX\",\"status\":\"requires_action\",\"started_at\":1755804686,\"expires_at\":1755840686,\"cancelled_at\":null,\"failed_at\":null,\"completed_at\":null,\"required_action\":{\"type\":\"submit_tool_outputs\",\"submit_tool_outputs\":{\"tool_calls\":[{\"id\":\"call_lsCVtbR0Gq5qcri2aKFxzHL9\",\"type\":\"function\",\"function\":{\"name\":\"GetWeather\",\"arguments\":\"{}\"}}]}},\"last_error\":null,\"model\":\"gpt-4o\",\"instructions\":\"You are a helpful chat agent.\",\"tools\":[{\"type\":\"function\",\"function\":{\"name\":\"GetWeather\",\"description\":null,\"parameters\":{\"type\":\"object\",\"properties\":{}},\"strict\":false}}],\"tool_resources\":{\"code_interpreter\":{\"file_ids\":[]}},\"metadata\":{},\"temperature\":1.0,\"top_p\":1.0,\"max_completion_tokens\":null,\"max_prompt_tokens\":null,\"truncation_strategy\":{\"type\":\"auto\",\"last_messages\":null},\"incomplete_details\":null,\"usage\":null,\"response_format\":\"auto\",\"tool_choice\":\"auto\",\"parallel_tool_calls\":true}\n\n",
        "event: done\n",
        "data: [DONE]\n\n"
      ]
    }
  ],
  "Variables": {
    "PROJECT_ENDPOINT": "https://ai-rogermaas191358140996.services.ai.azure.com/api/projects/ai-rogermaas19135814099-project",
    "RandomSeed": "944921811"
  }
}
