{
  "Entries": [
    {
      "RequestUri": "https://Sanitized.azure.com/api/projects/00000/threads?api-version=2025-05-15-preview",
      "RequestMethod": "POST",
      "RequestHeaders": {
        "Accept": "application/json",
        "Accept-Encoding": "gzip,deflate",
        "Authorization": "Sanitized",
        "Connection": "keep-alive",
        "Content-Length": "2",
        "Content-Type": "application/json",
        "User-Agent": "azsdk-js-client azsdk-js-api azsdk-js-ai-agents/1.0.0-beta.1 core-rest-pipeline/1.20.1 Node/22.10.0 OS/(x64-Windows_NT-10.0.22631)",
        "x-ms-client-request-id": "Sanitized"
      },
      "RequestBody": {},
      "StatusCode": 200,
      "ResponseHeaders": {
        "apim-request-id": "02e76f73-4800-4ae1-aca8-3087dfdb0723",
        "azureml-served-by-cluster": "vienna-eastus-02",
        "Content-Length": "137",
        "Content-Type": "application/json",
        "Date": "Fri, 16 May 2025 20:46:42 GMT",
        "openai-organization": "1fa34553a93e4e53b531c64321ca4ae2",
        "openai-processing-ms": "80",
        "openai-version": "2020-10-01",
        "Request-Context": "appId=cid-v1:2d2e8e63-272e-4b3c-8598-4ee570a0e70d",
        "Strict-Transport-Security": "max-age=31536000; includeSubDomains; preload",
        "X-Content-Type-Options": "nosniff",
        "x-ms-middleware-request-id": "09f93314-db9b-495b-88fa-2b977a825611",
        "x-ms-region": "East US",
        "x-ms-response-type": "standard",
        "X-Request-ID": "f85c0899499ad16ca627364f62baaffe",
        "x-request-time": "0.398"
      },
      "ResponseBody": {
        "id": "thread_AJq4OWUFkGvAMwuntWbjxBna",
        "object": "thread",
        "created_at": 1747428402,
        "metadata": {},
        "tool_resources": {}
      }
    },
    {
      "RequestUri": "https://Sanitized.azure.com/api/projects/00000/threads/thread_AJq4OWUFkGvAMwuntWbjxBna?api-version=2025-05-15-preview",
      "RequestMethod": "POST",
      "RequestHeaders": {
        "Accept": "application/json",
        "Accept-Encoding": "gzip,deflate",
        "Authorization": "Sanitized",
        "Connection": "keep-alive",
        "Content-Length": "28",
        "Content-Type": "application/json",
        "User-Agent": "azsdk-js-client azsdk-js-api azsdk-js-ai-agents/1.0.0-beta.1 core-rest-pipeline/1.20.1 Node/22.10.0 OS/(x64-Windows_NT-10.0.22631)",
        "x-ms-client-request-id": "Sanitized"
      },
      "RequestBody": {
        "metadata": {
          "key": "value"
        }
      },
      "StatusCode": 200,
      "ResponseHeaders": {
        "apim-request-id": "8f7b4256-3d8c-4e99-a702-a87ed919bc37",
        "azureml-served-by-cluster": "vienna-eastus-02",
        "Content-Length": "159",
        "Content-Type": "application/json",
        "Date": "Fri, 16 May 2025 20:46:42 GMT",
        "openai-organization": "1fa34553a93e4e53b531c64321ca4ae2",
        "openai-processing-ms": "199",
        "openai-version": "2020-10-01",
        "Request-Context": "appId=cid-v1:2d2e8e63-272e-4b3c-8598-4ee570a0e70d",
        "Strict-Transport-Security": "max-age=31536000; includeSubDomains; preload",
        "X-Content-Type-Options": "nosniff",
        "x-ms-middleware-request-id": "fbb8b4f7-5d6e-4cd8-9f30-afa254da6305",
        "x-ms-region": "East US",
        "x-ms-response-type": "standard",
        "X-Request-ID": "81ce64f56c7c4e85fca8024cf2973a1f",
        "x-request-time": "0.449"
      },
      "ResponseBody": {
        "id": "thread_AJq4OWUFkGvAMwuntWbjxBna",
        "object": "thread",
        "created_at": 1747428402,
        "metadata": {
          "key": "value"
        },
        "tool_resources": {}
      }
    },
    {
      "RequestUri": "https://Sanitized.azure.com/api/projects/00000/threads/thread_AJq4OWUFkGvAMwuntWbjxBna?api-version=2025-05-15-preview",
      "RequestMethod": "GET",
      "RequestHeaders": {
        "Accept": "application/json",
        "Accept-Encoding": "gzip,deflate",
        "Authorization": "Sanitized",
        "Connection": "keep-alive",
        "User-Agent": "azsdk-js-client azsdk-js-api azsdk-js-ai-agents/1.0.0-beta.1 core-rest-pipeline/1.20.1 Node/22.10.0 OS/(x64-Windows_NT-10.0.22631)",
        "x-ms-client-request-id": "Sanitized"
      },
      "RequestBody": null,
      "StatusCode": 200,
      "ResponseHeaders": {
        "apim-request-id": "4d40d0a0-64c9-420e-a71b-602af8eb976a",
        "azureml-served-by-cluster": "vienna-eastus-02",
        "Content-Encoding": "gzip",
        "Content-Type": "application/json",
        "Date": "Fri, 16 May 2025 20:46:43 GMT",
        "openai-organization": "1fa34553a93e4e53b531c64321ca4ae2",
        "openai-processing-ms": "73",
        "openai-version": "2020-10-01",
        "Request-Context": "appId=cid-v1:2d2e8e63-272e-4b3c-8598-4ee570a0e70d",
        "Strict-Transport-Security": "max-age=31536000; includeSubDomains; preload",
        "Transfer-Encoding": "chunked",
        "Vary": "Accept-Encoding",
        "X-Content-Type-Options": "nosniff",
        "x-ms-middleware-request-id": "f62affeb-47c2-4e69-9486-ca5cd7bec90e",
        "x-ms-region": "East US",
        "x-ms-response-type": "standard",
        "X-Request-ID": "46c7d28bb2e650a38ed72cbf7cd5493f",
        "x-request-time": "0.359"
      },
      "ResponseBody": {
        "id": "thread_AJq4OWUFkGvAMwuntWbjxBna",
        "object": "thread",
        "created_at": 1747428402,
        "metadata": {
          "key": "value"
        },
        "tool_resources": {
          "code_interpreter": {
            "file_ids": []
          },
          "azure_ai_search": {
            "indexes": []
          }
        }
      }
    },
    {
      "RequestUri": "https://Sanitized.azure.com/api/projects/00000/threads/thread_AJq4OWUFkGvAMwuntWbjxBna?api-version=2025-05-15-preview",
      "RequestMethod": "DELETE",
      "RequestHeaders": {
        "Accept": "application/json",
        "Accept-Encoding": "gzip,deflate",
        "Authorization": "Sanitized",
        "Connection": "keep-alive",
        "User-Agent": "azsdk-js-client azsdk-js-api azsdk-js-ai-agents/1.0.0-beta.1 core-rest-pipeline/1.20.1 Node/22.10.0 OS/(x64-Windows_NT-10.0.22631)",
        "x-ms-client-request-id": "Sanitized"
      },
      "RequestBody": null,
      "StatusCode": 200,
      "ResponseHeaders": {
        "apim-request-id": "b668b114-35ce-4ea5-9523-bc384211acf1",
        "azureml-served-by-cluster": "vienna-eastus-02",
        "Content-Length": "94",
        "Content-Type": "application/json",
        "Date": "Fri, 16 May 2025 20:46:43 GMT",
        "openai-organization": "1fa34553a93e4e53b531c64321ca4ae2",
        "openai-processing-ms": "77",
        "openai-version": "2020-10-01",
        "Request-Context": "appId=cid-v1:2d2e8e63-272e-4b3c-8598-4ee570a0e70d",
        "Strict-Transport-Security": "max-age=31536000; includeSubDomains; preload",
        "X-Content-Type-Options": "nosniff",
        "x-ms-middleware-request-id": "f6db2e58-ccbc-4577-874b-999393389997",
        "x-ms-region": "East US",
        "x-ms-response-type": "standard",
        "X-Request-ID": "4ac2f69f5a341c07e863d71c93e88783",
        "x-request-time": "0.384"
      },
      "ResponseBody": {
        "id": "thread_AJq4OWUFkGvAMwuntWbjxBna",
        "object": "thread.deleted",
        "deleted": true
      }
    }
  ],
  "Variables": {}
}
