{
  "Entries": [
    {
      "RequestUri": "https://amandadev2.blob.core.windows.net/test-container-5e81f3e5-b61f-ad2f-fea2-b5e1a53ce59a?restype=container",
      "RequestMethod": "PUT",
      "RequestHeaders": {
        "Accept": "application/xml",
        "Authorization": "Sanitized",
        "Content-Length": "0",
        "traceparent": "00-82644191ca6b500b58e451c0a8f88144-fdec11f7d5b9a88f-00",
        "User-Agent": "azsdk-net-Storage.Blobs/12.20.0-alpha.20240328.1 (.NET 6.0.28; Microsoft Windows 10.0.22635)",
        "x-ms-blob-public-access": "container",
        "x-ms-client-request-id": "3e165ba9-167a-ccb0-c146-825ff3c28e96",
        "x-ms-date": "Thu, 28 Mar 2024 21:06:56 GMT",
        "x-ms-return-client-request-id": "true",
        "x-ms-version": "2024-05-04"
      },
      "RequestBody": null,
      "StatusCode": 201,
      "ResponseHeaders": {
        "Content-Length": "0",
        "Date": "Thu, 28 Mar 2024 21:06:57 GMT",
        "ETag": "\u00220x8DC4F6B012E1B65\u0022",
        "Last-Modified": "Thu, 28 Mar 2024 21:06:57 GMT",
        "Server": [
          "Windows-Azure-Blob/1.0",
          "Microsoft-HTTPAPI/2.0"
        ],
        "x-ms-client-request-id": "3e165ba9-167a-ccb0-c146-825ff3c28e96",
        "x-ms-request-id": "5f1607d3-101e-0051-5f53-81e86d000000",
        "x-ms-version": "2024-05-04"
      },
      "ResponseBody": null
    },
    {
      "RequestUri": "https://amandadev2.blob.core.windows.net/test-container-ad49e6ad-3ff5-ae8e-3104-c01c064abdac?restype=container",
      "RequestMethod": "PUT",
      "RequestHeaders": {
        "Accept": "application/xml",
        "Authorization": "Sanitized",
        "Content-Length": "0",
        "traceparent": "00-5ecb3a590fdb849321e2c0fab4a80837-c2822cdd3f8f5694-00",
        "User-Agent": "azsdk-net-Storage.Blobs/12.20.0-alpha.20240328.1 (.NET 6.0.28; Microsoft Windows 10.0.22635)",
        "x-ms-blob-public-access": "container",
        "x-ms-client-request-id": "09371974-2f08-6ad1-cd68-0c755594c677",
        "x-ms-date": "Thu, 28 Mar 2024 21:06:56 GMT",
        "x-ms-return-client-request-id": "true",
        "x-ms-version": "2024-05-04"
      },
      "RequestBody": null,
      "StatusCode": 201,
      "ResponseHeaders": {
        "Content-Length": "0",
        "Date": "Thu, 28 Mar 2024 21:06:57 GMT",
        "ETag": "\u00220x8DC4F6B013AA014\u0022",
        "Last-Modified": "Thu, 28 Mar 2024 21:06:58 GMT",
        "Server": [
          "Windows-Azure-Blob/1.0",
          "Microsoft-HTTPAPI/2.0"
        ],
        "x-ms-client-request-id": "09371974-2f08-6ad1-cd68-0c755594c677",
        "x-ms-request-id": "5f1607fa-101e-0051-0353-81e86d000000",
        "x-ms-version": "2024-05-04"
      },
      "ResponseBody": null
    },
    {
      "RequestUri": "https://amandadev2.blob.core.windows.net/test-container-5e81f3e5-b61f-ad2f-fea2-b5e1a53ce59a/test-blob-0599d589-448a-0670-c6d4-df6d582ef9cf",
      "RequestMethod": "PUT",
      "RequestHeaders": {
        "Accept": "application/xml",
        "Authorization": "Sanitized",
        "Content-Length": "512",
        "Content-Type": "application/octet-stream",
        "traceparent": "00-06cee93698ac3563d83bb75f3c997949-cdb9a29c754ef862-00",
        "User-Agent": "azsdk-net-Storage.Blobs/12.20.0-alpha.20240328.1 (.NET 6.0.28; Microsoft Windows 10.0.22635)",
        "x-ms-blob-type": "BlockBlob",
        "x-ms-client-request-id": "f4ccf89f-bd78-916d-af54-e38cc0ff48b1",
        "x-ms-date": "Thu, 28 Mar 2024 21:06:56 GMT",
        "x-ms-return-client-request-id": "true",
        "x-ms-version": "2024-05-04"
      },
      "RequestBody": "7/lHYYKwLedHgrRPa8kbyUxSdHy0qz8Qa0XOzikolAIIibN/dLj3xptW747P81J8VS2e14fmwUO6NvU84V\u002B\u002BHu2yRuIWnFSUWq7gXrywQXjzUnn7ib16IcdvxD7Cu\u002BQ8l9ChHaxvZrjZCnzYBWOHCvR9SI/mwpQwNyUaptgW0Z/KpMbsDyTMg\u002BzAIn5AoRxk57lJRXJUVtU7cOWHVb/gwjjdDmGcm/vPsMSjJZ8W8JUItb4ezIwtdU3xsJ4/RC4s32BGY5O6yEy\u002BeZStsTE1JYBPfqAAwvasr5gUqupckGyWdkY/z4wCTu1yX1P3f8Qcu4se78aOKxxpmbP6ph1hYukoFzrq9lXzTDCyjmOjtDDT\u002BO9fPaCmCEsp1TbZB6jPEP1pz2iJMcU1K6OW2525xuSCJ60uASRIgQ7vwSAfGkWH431lOeXHSscpKhL9ECytbw5RVuD6oA7YIU1Zmm\u002BkFhFdDvgfVI3/u93mBdcRSnHiQVIRzcNkjEJvjBeXba9XhBQBnwE0jhuBUZsDFJs3x9bbd1kck0hN\u002BIG1sMd1aE0tjoDDD6tvrbI3kHsoYXinOMVBu/ZWO/HLtKeAf95TC\u002BlN1oUbc7crbMmm5QLMJZcIDncBNKxW11OO91sE7y7U44WS2ovyjMQNFk8ssFXv/o8Pd3FmUtY99/8yjHtcJ3w=",
      "StatusCode": 201,
      "ResponseHeaders": {
        "Content-Length": "0",
        "Content-MD5": "VvKOP8Pl3S7IDh6n\u002BeG0\u002BA==",
        "Date": "Thu, 28 Mar 2024 21:06:57 GMT",
        "ETag": "\u00220x8DC4F6B0157A792\u0022",
        "Last-Modified": "Thu, 28 Mar 2024 21:06:58 GMT",
        "Server": [
          "Windows-Azure-Blob/1.0",
          "Microsoft-HTTPAPI/2.0"
        ],
        "x-ms-client-request-id": "f4ccf89f-bd78-916d-af54-e38cc0ff48b1",
        "x-ms-content-crc64": "PAT2mXcpR7A=",
        "x-ms-request-id": "5f16085a-101e-0051-5953-81e86d000000",
        "x-ms-request-server-encrypted": "true",
        "x-ms-version": "2024-05-04",
        "x-ms-version-id": "2024-03-28T21:06:58.2384530Z"
      },
      "ResponseBody": null
    },
    {
      "RequestUri": "https://amandadev2.blob.core.windows.net/test-container-5e81f3e5-b61f-ad2f-fea2-b5e1a53ce59a/test-blob-0599d589-448a-0670-c6d4-df6d582ef9cf?sv=2024-05-04\u0026se=2024-03-29T21%3A06%3A56Z\u0026sr=b\u0026sp=Sanitized\u0026sig=Sanitized",
      "RequestMethod": "HEAD",
      "RequestHeaders": {
        "Accept": "application/xml",
        "traceparent": "00-c6ecf344536fc1c32606b32494000650-1c8abbae2d10dc30-00",
        "User-Agent": "azsdk-net-Storage.Blobs/12.20.0-alpha.20240328.1 (.NET 6.0.28; Microsoft Windows 10.0.22635)",
        "x-ms-client-request-id": "82ec34d8-328f-de03-6470-cce567805582",
        "x-ms-return-client-request-id": "true",
        "x-ms-version": "2024-05-04"
      },
      "RequestBody": null,
      "StatusCode": 200,
      "ResponseHeaders": {
        "Accept-Ranges": "bytes",
        "Content-Length": "512",
        "Content-MD5": "VvKOP8Pl3S7IDh6n\u002BeG0\u002BA==",
        "Content-Type": "application/octet-stream",
        "Date": "Thu, 28 Mar 2024 21:06:57 GMT",
        "ETag": "\u00220x8DC4F6B0157A792\u0022",
        "Last-Modified": "Thu, 28 Mar 2024 21:06:58 GMT",
        "Server": [
          "Windows-Azure-Blob/1.0",
          "Microsoft-HTTPAPI/2.0"
        ],
        "x-ms-access-tier": "Hot",
        "x-ms-access-tier-inferred": "true",
        "x-ms-blob-type": "BlockBlob",
        "x-ms-client-request-id": "82ec34d8-328f-de03-6470-cce567805582",
        "x-ms-creation-time": "Thu, 28 Mar 2024 21:06:58 GMT",
        "x-ms-is-current-version": "true",
        "x-ms-lease-state": "available",
        "x-ms-lease-status": "unlocked",
        "x-ms-request-id": "5f16088c-101e-0051-0853-81e86d000000",
        "x-ms-server-encrypted": "true",
        "x-ms-version": "2024-05-04",
        "x-ms-version-id": "2024-03-28T21:06:58.2384530Z"
      },
      "ResponseBody": null
    },
    {
      "RequestUri": "https://amandadev2.blob.core.windows.net/test-container-ad49e6ad-3ff5-ae8e-3104-c01c064abdac/test-blob-eca7e57b-b313-96a4-1bce-7cbe9aaa1e39?sv=2024-05-04\u0026se=2024-03-29T21%3A06%3A56Z\u0026sr=b\u0026sp=Sanitized\u0026sig=Sanitized",
      "RequestMethod": "PUT",
      "RequestHeaders": {
        "Accept": "application/xml",
        "Content-Length": "0",
        "If-None-Match": "*",
        "traceparent": "00-f9d85fc8538109885e3e56681fa459ad-fba63fd9d4c1c681-00",
        "User-Agent": "azsdk-net-Storage.Blobs/12.20.0-alpha.20240328.1 (.NET 6.0.28; Microsoft Windows 10.0.22635)",
        "x-ms-blob-content-type": "application/octet-stream",
        "x-ms-blob-type": "AppendBlob",
        "x-ms-client-request-id": "8cb31674-c513-bc22-cfb2-7ae2a6dedc82",
        "x-ms-return-client-request-id": "true",
        "x-ms-version": "2024-05-04"
      },
      "RequestBody": null,
      "StatusCode": 201,
      "ResponseHeaders": {
        "Content-Length": "0",
        "Date": "Thu, 28 Mar 2024 21:06:57 GMT",
        "ETag": "\u00220x8DC4F6B0170D132\u0022",
        "Last-Modified": "Thu, 28 Mar 2024 21:06:58 GMT",
        "Server": [
          "Windows-Azure-Blob/1.0",
          "Microsoft-HTTPAPI/2.0"
        ],
        "x-ms-client-request-id": "8cb31674-c513-bc22-cfb2-7ae2a6dedc82",
        "x-ms-request-id": "5f16089f-101e-0051-1a53-81e86d000000",
        "x-ms-request-server-encrypted": "true",
        "x-ms-version": "2024-05-04",
        "x-ms-version-id": "2024-03-28T21:06:58.4033586Z"
      },
      "ResponseBody": null
    },
    {
      "RequestUri": "https://amandadev2.blob.core.windows.net/test-container-ad49e6ad-3ff5-ae8e-3104-c01c064abdac/test-blob-eca7e57b-b313-96a4-1bce-7cbe9aaa1e39?sv=2024-05-04\u0026se=2024-03-29T21%3A06%3A56Z\u0026sr=b\u0026sp=Sanitized\u0026sig=Sanitized\u0026comp=appendblock",
      "RequestMethod": "PUT",
      "RequestHeaders": {
        "Accept": "application/xml",
        "Content-Length": "0",
        "If-None-Match": "*",
        "traceparent": "00-dccb121b1cf34c80efffb39c5f065591-8ef333b36d9d28f6-00",
        "User-Agent": "azsdk-net-Storage.Blobs/12.20.0-alpha.20240328.1 (.NET 6.0.28; Microsoft Windows 10.0.22635)",
        "x-ms-client-request-id": "5070d53d-c9cc-a56e-1f73-bae6cec88655",
        "x-ms-copy-source": "Sanitized",
        "x-ms-return-client-request-id": "true",
        "x-ms-source-range": "bytes=0-511",
        "x-ms-version": "2024-05-04"
      },
      "RequestBody": null,
      "StatusCode": 201,
      "ResponseHeaders": {
        "Content-Length": "0",
        "Date": "Thu, 28 Mar 2024 21:06:57 GMT",
        "ETag": "\u00220x8DC4F6B017BA514\u0022",
        "Last-Modified": "Thu, 28 Mar 2024 21:06:58 GMT",
        "Server": [
          "Windows-Azure-Blob/1.0",
          "Microsoft-HTTPAPI/2.0"
        ],
        "x-ms-blob-append-offset": "0",
        "x-ms-blob-committed-block-count": "1",
        "x-ms-client-request-id": "5070d53d-c9cc-a56e-1f73-bae6cec88655",
        "x-ms-content-crc64": "PAT2mXcpR7A=",
        "x-ms-request-id": "5f1608b4-101e-0051-2f53-81e86d000000",
        "x-ms-request-server-encrypted": "true",
        "x-ms-version": "2024-05-04"
      },
      "ResponseBody": null
    },
    {
      "RequestUri": "https://amandadev2.blob.core.windows.net/test-container-5e81f3e5-b61f-ad2f-fea2-b5e1a53ce59a/test-blob-0599d589-448a-0670-c6d4-df6d582ef9cf?sv=2024-05-04\u0026se=2024-03-29T21%3A06%3A56Z\u0026sr=b\u0026sp=Sanitized\u0026sig=Sanitized",
      "RequestMethod": "HEAD",
      "RequestHeaders": {
        "Accept": "application/xml",
        "traceparent": "00-2827cb3f076037a1e341b27e4487d7a1-e7c6d724c755cb64-00",
        "User-Agent": "azsdk-net-Storage.Blobs/12.20.0-alpha.20240328.1 (.NET 6.0.28; Microsoft Windows 10.0.22635)",
        "x-ms-client-request-id": "d1a5d0a2-8b6d-42b6-fda3-fc149b4cc1c1",
        "x-ms-return-client-request-id": "true",
        "x-ms-version": "2024-05-04"
      },
      "RequestBody": null,
      "StatusCode": 200,
      "ResponseHeaders": {
        "Accept-Ranges": "bytes",
        "Content-Length": "512",
        "Content-MD5": "VvKOP8Pl3S7IDh6n\u002BeG0\u002BA==",
        "Content-Type": "application/octet-stream",
        "Date": "Thu, 28 Mar 2024 21:06:57 GMT",
        "ETag": "\u00220x8DC4F6B0157A792\u0022",
        "Last-Modified": "Thu, 28 Mar 2024 21:06:58 GMT",
        "Server": [
          "Windows-Azure-Blob/1.0",
          "Microsoft-HTTPAPI/2.0"
        ],
        "x-ms-access-tier": "Hot",
        "x-ms-access-tier-inferred": "true",
        "x-ms-blob-type": "BlockBlob",
        "x-ms-client-request-id": "d1a5d0a2-8b6d-42b6-fda3-fc149b4cc1c1",
        "x-ms-creation-time": "Thu, 28 Mar 2024 21:06:58 GMT",
        "x-ms-is-current-version": "true",
        "x-ms-lease-state": "available",
        "x-ms-lease-status": "unlocked",
        "x-ms-request-id": "5f1608ff-101e-0051-7553-81e86d000000",
        "x-ms-server-encrypted": "true",
        "x-ms-version": "2024-05-04",
        "x-ms-version-id": "2024-03-28T21:06:58.2384530Z"
      },
      "ResponseBody": null
    },
    {
      "RequestUri": "https://amandadev2.blob.core.windows.net/test-container-ad49e6ad-3ff5-ae8e-3104-c01c064abdac/test-blob-eca7e57b-b313-96a4-1bce-7cbe9aaa1e39?sv=2024-05-04\u0026se=2024-03-29T21%3A06%3A56Z\u0026sr=b\u0026sp=Sanitized\u0026sig=Sanitized",
      "RequestMethod": "HEAD",
      "RequestHeaders": {
        "Accept": "application/xml",
        "traceparent": "00-8f64e48fd4b0028f3a5808bcf9500897-4b16faebab53063b-00",
        "User-Agent": "azsdk-net-Storage.Blobs/12.20.0-alpha.20240328.1 (.NET 6.0.28; Microsoft Windows 10.0.22635)",
        "x-ms-client-request-id": "fe43d8f8-b422-1fe8-b7c8-64cf1a5b8396",
        "x-ms-return-client-request-id": "true",
        "x-ms-version": "2024-05-04"
      },
      "RequestBody": null,
      "StatusCode": 200,
      "ResponseHeaders": {
        "Accept-Ranges": "bytes",
        "Content-Length": "512",
        "Content-Type": "application/octet-stream",
        "Date": "Thu, 28 Mar 2024 21:06:57 GMT",
        "ETag": "\u00220x8DC4F6B017BA514\u0022",
        "Last-Modified": "Thu, 28 Mar 2024 21:06:58 GMT",
        "Server": [
          "Windows-Azure-Blob/1.0",
          "Microsoft-HTTPAPI/2.0"
        ],
        "x-ms-blob-committed-block-count": "1",
        "x-ms-blob-type": "AppendBlob",
        "x-ms-client-request-id": "fe43d8f8-b422-1fe8-b7c8-64cf1a5b8396",
        "x-ms-creation-time": "Thu, 28 Mar 2024 21:06:58 GMT",
        "x-ms-is-current-version": "true",
        "x-ms-lease-state": "available",
        "x-ms-lease-status": "unlocked",
        "x-ms-request-id": "5f160922-101e-0051-1753-81e86d000000",
        "x-ms-server-encrypted": "true",
        "x-ms-version": "2024-05-04",
        "x-ms-version-id": "2024-03-28T21:06:58.4033586Z"
      },
      "ResponseBody": null
    },
    {
      "RequestUri": "https://amandadev2.blob.core.windows.net/test-container-5e81f3e5-b61f-ad2f-fea2-b5e1a53ce59a/test-blob-0599d589-448a-0670-c6d4-df6d582ef9cf?sv=2024-05-04\u0026se=2024-03-29T21%3A06%3A56Z\u0026sr=b\u0026sp=Sanitized\u0026sig=Sanitized",
      "RequestMethod": "GET",
      "RequestHeaders": {
        "Accept": "application/xml",
        "If-Match": "\u00220x8DC4F6B0157A792\u0022",
        "User-Agent": "azsdk-net-Storage.Blobs/12.20.0-alpha.20240328.1 (.NET 6.0.28; Microsoft Windows 10.0.22635)",
        "x-ms-client-request-id": "c21bf775-c309-859e-103d-1a1849680b0a",
        "x-ms-range": "bytes=0-4194303",
        "x-ms-return-client-request-id": "true",
        "x-ms-version": "2024-05-04"
      },
      "RequestBody": null,
      "StatusCode": 206,
      "ResponseHeaders": {
        "Accept-Ranges": "bytes",
        "Content-Length": "512",
        "Content-Range": "bytes 0-511/512",
        "Content-Type": "application/octet-stream",
        "Date": "Thu, 28 Mar 2024 21:06:58 GMT",
        "ETag": "\u00220x8DC4F6B0157A792\u0022",
        "Last-Modified": "Thu, 28 Mar 2024 21:06:58 GMT",
        "Server": [
          "Windows-Azure-Blob/1.0",
          "Microsoft-HTTPAPI/2.0"
        ],
        "x-ms-blob-content-md5": "VvKOP8Pl3S7IDh6n\u002BeG0\u002BA==",
        "x-ms-blob-type": "BlockBlob",
        "x-ms-client-request-id": "c21bf775-c309-859e-103d-1a1849680b0a",
        "x-ms-creation-time": "Thu, 28 Mar 2024 21:06:58 GMT",
        "x-ms-is-current-version": "true",
        "x-ms-lease-state": "available",
        "x-ms-lease-status": "unlocked",
        "x-ms-request-id": "5f160932-101e-0051-2753-81e86d000000",
        "x-ms-server-encrypted": "true",
        "x-ms-version": "2024-05-04",
        "x-ms-version-id": "2024-03-28T21:06:58.2384530Z"
      },
      "ResponseBody": "7/lHYYKwLedHgrRPa8kbyUxSdHy0qz8Qa0XOzikolAIIibN/dLj3xptW747P81J8VS2e14fmwUO6NvU84V\u002B\u002BHu2yRuIWnFSUWq7gXrywQXjzUnn7ib16IcdvxD7Cu\u002BQ8l9ChHaxvZrjZCnzYBWOHCvR9SI/mwpQwNyUaptgW0Z/KpMbsDyTMg\u002BzAIn5AoRxk57lJRXJUVtU7cOWHVb/gwjjdDmGcm/vPsMSjJZ8W8JUItb4ezIwtdU3xsJ4/RC4s32BGY5O6yEy\u002BeZStsTE1JYBPfqAAwvasr5gUqupckGyWdkY/z4wCTu1yX1P3f8Qcu4se78aOKxxpmbP6ph1hYukoFzrq9lXzTDCyjmOjtDDT\u002BO9fPaCmCEsp1TbZB6jPEP1pz2iJMcU1K6OW2525xuSCJ60uASRIgQ7vwSAfGkWH431lOeXHSscpKhL9ECytbw5RVuD6oA7YIU1Zmm\u002BkFhFdDvgfVI3/u93mBdcRSnHiQVIRzcNkjEJvjBeXba9XhBQBnwE0jhuBUZsDFJs3x9bbd1kck0hN\u002BIG1sMd1aE0tjoDDD6tvrbI3kHsoYXinOMVBu/ZWO/HLtKeAf95TC\u002BlN1oUbc7crbMmm5QLMJZcIDncBNKxW11OO91sE7y7U44WS2ovyjMQNFk8ssFXv/o8Pd3FmUtY99/8yjHtcJ3w="
    },
    {
      "RequestUri": "https://amandadev2.blob.core.windows.net/test-container-ad49e6ad-3ff5-ae8e-3104-c01c064abdac/test-blob-eca7e57b-b313-96a4-1bce-7cbe9aaa1e39?sv=2024-05-04\u0026se=2024-03-29T21%3A06%3A56Z\u0026sr=b\u0026sp=Sanitized\u0026sig=Sanitized",
      "RequestMethod": "GET",
      "RequestHeaders": {
        "Accept": "application/xml",
        "If-Match": "\u00220x8DC4F6B017BA514\u0022",
        "User-Agent": "azsdk-net-Storage.Blobs/12.20.0-alpha.20240328.1 (.NET 6.0.28; Microsoft Windows 10.0.22635)",
        "x-ms-client-request-id": "2259824c-c13f-9e8c-a293-6e818de8ab30",
        "x-ms-range": "bytes=0-4194303",
        "x-ms-return-client-request-id": "true",
        "x-ms-version": "2024-05-04"
      },
      "RequestBody": null,
      "StatusCode": 206,
      "ResponseHeaders": {
        "Accept-Ranges": "bytes",
        "Content-Length": "512",
        "Content-Range": "bytes 0-511/512",
        "Content-Type": "application/octet-stream",
        "Date": "Thu, 28 Mar 2024 21:06:58 GMT",
        "ETag": "\u00220x8DC4F6B017BA514\u0022",
        "Last-Modified": "Thu, 28 Mar 2024 21:06:58 GMT",
        "Server": [
          "Windows-Azure-Blob/1.0",
          "Microsoft-HTTPAPI/2.0"
        ],
        "x-ms-blob-committed-block-count": "1",
        "x-ms-blob-type": "AppendBlob",
        "x-ms-client-request-id": "2259824c-c13f-9e8c-a293-6e818de8ab30",
        "x-ms-creation-time": "Thu, 28 Mar 2024 21:06:58 GMT",
        "x-ms-is-current-version": "true",
        "x-ms-lease-state": "available",
        "x-ms-lease-status": "unlocked",
        "x-ms-request-id": "5f160957-101e-0051-4b53-81e86d000000",
        "x-ms-server-encrypted": "true",
        "x-ms-version": "2024-05-04",
        "x-ms-version-id": "2024-03-28T21:06:58.4033586Z"
      },
      "ResponseBody": "7/lHYYKwLedHgrRPa8kbyUxSdHy0qz8Qa0XOzikolAIIibN/dLj3xptW747P81J8VS2e14fmwUO6NvU84V\u002B\u002BHu2yRuIWnFSUWq7gXrywQXjzUnn7ib16IcdvxD7Cu\u002BQ8l9ChHaxvZrjZCnzYBWOHCvR9SI/mwpQwNyUaptgW0Z/KpMbsDyTMg\u002BzAIn5AoRxk57lJRXJUVtU7cOWHVb/gwjjdDmGcm/vPsMSjJZ8W8JUItb4ezIwtdU3xsJ4/RC4s32BGY5O6yEy\u002BeZStsTE1JYBPfqAAwvasr5gUqupckGyWdkY/z4wCTu1yX1P3f8Qcu4se78aOKxxpmbP6ph1hYukoFzrq9lXzTDCyjmOjtDDT\u002BO9fPaCmCEsp1TbZB6jPEP1pz2iJMcU1K6OW2525xuSCJ60uASRIgQ7vwSAfGkWH431lOeXHSscpKhL9ECytbw5RVuD6oA7YIU1Zmm\u002BkFhFdDvgfVI3/u93mBdcRSnHiQVIRzcNkjEJvjBeXba9XhBQBnwE0jhuBUZsDFJs3x9bbd1kck0hN\u002BIG1sMd1aE0tjoDDD6tvrbI3kHsoYXinOMVBu/ZWO/HLtKeAf95TC\u002BlN1oUbc7crbMmm5QLMJZcIDncBNKxW11OO91sE7y7U44WS2ovyjMQNFk8ssFXv/o8Pd3FmUtY99/8yjHtcJ3w="
    },
    {
      "RequestUri": "https://amandadev2.blob.core.windows.net/test-container-ad49e6ad-3ff5-ae8e-3104-c01c064abdac?restype=container",
      "RequestMethod": "DELETE",
      "RequestHeaders": {
        "Accept": "application/xml",
        "Authorization": "Sanitized",
        "traceparent": "00-c77061b76f40e56341fbf0919542ef7e-693ad04bf9795984-00",
        "User-Agent": "azsdk-net-Storage.Blobs/12.20.0-alpha.20240328.1 (.NET 6.0.28; Microsoft Windows 10.0.22635)",
        "x-ms-client-request-id": "c6cc713c-e80e-0cca-4ba7-e26f40c5c3ef",
        "x-ms-date": "Thu, 28 Mar 2024 21:06:57 GMT",
        "x-ms-return-client-request-id": "true",
        "x-ms-version": "2024-05-04"
      },
      "RequestBody": null,
      "StatusCode": 202,
      "ResponseHeaders": {
        "Content-Length": "0",
        "Date": "Thu, 28 Mar 2024 21:06:58 GMT",
        "Server": [
          "Windows-Azure-Blob/1.0",
          "Microsoft-HTTPAPI/2.0"
        ],
        "x-ms-client-request-id": "c6cc713c-e80e-0cca-4ba7-e26f40c5c3ef",
        "x-ms-request-id": "5f16096e-101e-0051-6053-81e86d000000",
        "x-ms-version": "2024-05-04"
      },
      "ResponseBody": null
    },
    {
      "RequestUri": "https://amandadev2.blob.core.windows.net/test-container-5e81f3e5-b61f-ad2f-fea2-b5e1a53ce59a?restype=container",
      "RequestMethod": "DELETE",
      "RequestHeaders": {
        "Accept": "application/xml",
        "Authorization": "Sanitized",
        "traceparent": "00-8ea01f817c59f7beb229af6504ec1c07-0268c90516c890c5-00",
        "User-Agent": "azsdk-net-Storage.Blobs/12.20.0-alpha.20240328.1 (.NET 6.0.28; Microsoft Windows 10.0.22635)",
        "x-ms-client-request-id": "1b452a57-e41b-8921-9640-fa21146f86eb",
        "x-ms-date": "Thu, 28 Mar 2024 21:06:57 GMT",
        "x-ms-return-client-request-id": "true",
        "x-ms-version": "2024-05-04"
      },
      "RequestBody": null,
      "StatusCode": 202,
      "ResponseHeaders": {
        "Content-Length": "0",
        "Date": "Thu, 28 Mar 2024 21:06:58 GMT",
        "Server": [
          "Windows-Azure-Blob/1.0",
          "Microsoft-HTTPAPI/2.0"
        ],
        "x-ms-client-request-id": "1b452a57-e41b-8921-9640-fa21146f86eb",
        "x-ms-request-id": "5f160990-101e-0051-8053-81e86d000000",
        "x-ms-version": "2024-05-04"
      },
      "ResponseBody": null
    }
  ],
  "Variables": {
    "DateTimeOffsetNow": "2024-03-28T14:06:56.4792637-07:00",
    "RandomSeed": "458073118",
    "Storage_TestConfigDefault": "ProductionTenant\namandadev2\nU2FuaXRpemVk\nhttps://amandadev2.blob.core.windows.net\nhttps://amandadev2.file.core.windows.net\nhttps://amandadev2.queue.core.windows.net\nhttps://amandadev2.table.core.windows.net\n\n\n\n\nhttps://amandadev2-secondary.blob.core.windows.net\nhttps://amandadev2-secondary.file.core.windows.net\nhttps://amandadev2-secondary.queue.core.windows.net\nhttps://amandadev2-secondary.table.core.windows.net\n\nSanitized\n\n\nCloud\nBlobEndpoint=https://amandadev2.blob.core.windows.net/;QueueEndpoint=https://amandadev2.queue.core.windows.net/;FileEndpoint=https://amandadev2.file.core.windows.net/;BlobSecondaryEndpoint=https://amandadev2-secondary.blob.core.windows.net/;QueueSecondaryEndpoint=https://amandadev2-secondary.queue.core.windows.net/;FileSecondaryEndpoint=https://amandadev2-secondary.file.core.windows.net/;AccountName=amandadev2;AccountKey=Sanitized\nencryptionScope\n\n"
  }
}
