{
  "Entries": [
    {
      "RequestUri": "https://seanmcccanada.blob.core.windows.net/test-container-dd0bb561-7611-1e11-5479-913520dab080?restype=container",
      "RequestMethod": "PUT",
      "RequestHeaders": {
        "Accept": "application/xml",
        "Authorization": "Sanitized",
        "Content-Length": "0",
        "traceparent": "00-15bb44f84fe5c192371e8e788fc16c56-207adc25440d28a8-00",
        "User-Agent": "azsdk-net-Storage.Blobs/12.20.0-alpha.20240501.1 (.NET 7.0.18; Microsoft Windows 10.0.22635)",
        "x-ms-blob-public-access": "container",
        "x-ms-client-request-id": "a48f4cc4-297b-6607-5da3-5c4c568e1d10",
        "x-ms-date": "Wed, 01 May 2024 20:35:19 GMT",
        "x-ms-return-client-request-id": "true",
        "x-ms-version": "2024-08-04"
      },
      "RequestBody": null,
      "StatusCode": 201,
      "ResponseHeaders": {
        "Content-Length": "0",
        "Date": "Wed, 01 May 2024 20:35:18 GMT",
        "ETag": "\"0x8DC6A1E378BFBB4\"",
        "Last-Modified": "Wed, 01 May 2024 20:35:19 GMT",
        "Server": [
          "Windows-Azure-Blob/1.0",
          "Microsoft-HTTPAPI/2.0"
        ],
        "x-ms-client-request-id": "a48f4cc4-297b-6607-5da3-5c4c568e1d10",
        "x-ms-request-id": "667a6d51-201e-0090-1907-9cabec000000",
        "x-ms-version": "2024-08-04"
      },
      "ResponseBody": null
    },
    {
      "RequestUri": "https://seanmcccanada.blob.core.windows.net/test-container-6acd032c-5981-2028-77f8-da5fea3586ea?restype=container",
      "RequestMethod": "PUT",
      "RequestHeaders": {
        "Accept": "application/xml",
        "Authorization": "Sanitized",
        "Content-Length": "0",
        "traceparent": "00-4068025227514828346a892d499db889-77e8a046e253d8d3-00",
        "User-Agent": "azsdk-net-Storage.Blobs/12.20.0-alpha.20240501.1 (.NET 7.0.18; Microsoft Windows 10.0.22635)",
        "x-ms-blob-public-access": "container",
        "x-ms-client-request-id": "95ae7a94-d49d-6aa0-246e-2d834ea77b28",
        "x-ms-date": "Wed, 01 May 2024 20:35:19 GMT",
        "x-ms-return-client-request-id": "true",
        "x-ms-version": "2024-08-04"
      },
      "RequestBody": null,
      "StatusCode": 201,
      "ResponseHeaders": {
        "Content-Length": "0",
        "Date": "Wed, 01 May 2024 20:35:18 GMT",
        "ETag": "\"0x8DC6A1E379B4E14\"",
        "Last-Modified": "Wed, 01 May 2024 20:35:19 GMT",
        "Server": [
          "Windows-Azure-Blob/1.0",
          "Microsoft-HTTPAPI/2.0"
        ],
        "x-ms-client-request-id": "95ae7a94-d49d-6aa0-246e-2d834ea77b28",
        "x-ms-request-id": "667a6d78-201e-0090-3b07-9cabec000000",
        "x-ms-version": "2024-08-04"
      },
      "ResponseBody": null
    },
    {
      "RequestUri": "https://seanmcccanada.blob.core.windows.net/test-container-dd0bb561-7611-1e11-5479-913520dab080/test-blob-e612721d-491d-21c5-fe11-e867395f3c86",
      "RequestMethod": "PUT",
      "RequestHeaders": {
        "Accept": "application/xml",
        "Authorization": "Sanitized",
        "Content-Length": "0",
        "Content-Type": "application/octet-stream",
        "traceparent": "00-42196e52b5bebbba2f67fe90002f124c-d9d36ff79597c0c1-00",
        "User-Agent": "azsdk-net-Storage.Blobs/12.20.0-alpha.20240501.1 (.NET 7.0.18; Microsoft Windows 10.0.22635)",
        "x-ms-access-tier": "Cold",
        "x-ms-blob-cache-control": "no-cache",
        "x-ms-blob-content-disposition": "inline",
        "x-ms-blob-content-language": "en-US",
        "x-ms-blob-content-type": "text/plain",
        "x-ms-blob-type": "BlockBlob",
        "x-ms-client-request-id": "71aaf89e-d6df-4b57-b58d-978bec3931c4",
        "x-ms-date": "Wed, 01 May 2024 20:35:19 GMT",
        "x-ms-meta-Capital": "letter",
        "x-ms-meta-foo": "bar",
        "x-ms-meta-meta": "data",
        "x-ms-meta-UPPER": "case",
        "x-ms-return-client-request-id": "true",
        "x-ms-version": "2024-08-04"
      },
      "RequestBody": null,
      "StatusCode": 201,
      "ResponseHeaders": {
        "Content-Length": "0",
        "Content-MD5": "1B2M2Y8AsgTpgAmY7PhCfg==",
        "Date": "Wed, 01 May 2024 20:35:18 GMT",
        "ETag": "\"0x8DC6A1E37AA20B2\"",
        "Last-Modified": "Wed, 01 May 2024 20:35:19 GMT",
        "Server": [
          "Windows-Azure-Blob/1.0",
          "Microsoft-HTTPAPI/2.0"
        ],
        "x-ms-client-request-id": "71aaf89e-d6df-4b57-b58d-978bec3931c4",
        "x-ms-content-crc64": "AAAAAAAAAAA=",
        "x-ms-request-id": "667a6db1-201e-0090-6f07-9cabec000000",
        "x-ms-request-server-encrypted": "true",
        "x-ms-version": "2024-08-04",
        "x-ms-version-id": "2024-05-01T20:35:19.5227314Z"
      },
      "ResponseBody": null
    },
    {
      "RequestUri": "https://seanmcccanada.blob.core.windows.net/test-container-dd0bb561-7611-1e11-5479-913520dab080/test-blob-e612721d-491d-21c5-fe11-e867395f3c86?sv=2024-08-04&se=2024-05-02T20%3A35%3A19Z&sr=b&sp=racwdxyltmei&sig=Sanitized",
      "RequestMethod": "HEAD",
      "RequestHeaders": {
        "Accept": "application/xml",
        "traceparent": "00-50116a3a16bdafa4d4a80b1261660532-dba60fdad8443688-00",
        "User-Agent": "azsdk-net-Storage.Blobs/12.20.0-alpha.20240501.1 (.NET 7.0.18; Microsoft Windows 10.0.22635)",
        "x-ms-client-request-id": "37aaebd5-8339-92fd-567d-4c32bd40b2cd",
        "x-ms-return-client-request-id": "true",
        "x-ms-version": "2024-08-04"
      },
      "RequestBody": null,
      "StatusCode": 200,
      "ResponseHeaders": {
        "Accept-Ranges": "bytes",
        "Cache-Control": "no-cache",
        "Content-Disposition": "inline",
        "Content-Language": "en-US",
        "Content-Length": "0",
        "Content-MD5": "1B2M2Y8AsgTpgAmY7PhCfg==",
        "Content-Type": "text/plain",
        "Date": "Wed, 01 May 2024 20:35:19 GMT",
        "ETag": "\"0x8DC6A1E37AA20B2\"",
        "Last-Modified": "Wed, 01 May 2024 20:35:19 GMT",
        "Server": [
          "Windows-Azure-Blob/1.0",
          "Microsoft-HTTPAPI/2.0"
        ],
        "x-ms-access-tier": "Cold",
        "x-ms-access-tier-change-time": "Wed, 01 May 2024 20:35:19 GMT",
        "x-ms-blob-type": "BlockBlob",
        "x-ms-client-request-id": "37aaebd5-8339-92fd-567d-4c32bd40b2cd",
        "x-ms-creation-time": "Wed, 01 May 2024 20:35:19 GMT",
        "x-ms-is-current-version": "true",
        "x-ms-last-access-time": "Wed, 01 May 2024 20:35:19 GMT",
        "x-ms-lease-state": "available",
        "x-ms-lease-status": "unlocked",
        "x-ms-meta-Capital": "letter",
        "x-ms-meta-foo": "bar",
        "x-ms-meta-meta": "data",
        "x-ms-meta-UPPER": "case",
        "x-ms-request-id": "667a6e19-201e-0090-4b07-9cabec000000",
        "x-ms-server-encrypted": "true",
        "x-ms-version": "2024-08-04",
        "x-ms-version-id": "2024-05-01T20:35:19.5227314Z"
      },
      "ResponseBody": null
    },
    {
      "RequestUri": "https://seanmcccanada.blob.core.windows.net/test-container-6acd032c-5981-2028-77f8-da5fea3586ea/test-blob-e948a632-0bdc-2da1-25ac-181698e8427c?sv=2024-08-04&se=2024-05-02T20%3A35%3A19Z&sr=b&sp=racwdxyltmei&sig=Sanitized",
      "RequestMethod": "PUT",
      "RequestHeaders": {
        "Accept": "application/xml",
        "Content-Length": "0",
        "If-None-Match": "*",
        "traceparent": "00-d72d4e64a26ad4b05828d2fdd2e17b87-bc081eb14b9e5aec-00",
        "User-Agent": "azsdk-net-Storage.Blobs/12.20.0-alpha.20240501.1 (.NET 7.0.18; Microsoft Windows 10.0.22635)",
        "x-ms-blob-cache-control": "no-cache",
        "x-ms-blob-content-disposition": "inline",
        "x-ms-blob-content-language": "en-US",
        "x-ms-blob-content-type": "text/plain",
        "x-ms-blob-type": "AppendBlob",
        "x-ms-client-request-id": "ad418333-0a3e-2042-1036-ea367e74a7cd",
        "x-ms-meta-Capital": "letter",
        "x-ms-meta-foo": "bar",
        "x-ms-meta-meta": "data",
        "x-ms-meta-UPPER": "case",
        "x-ms-return-client-request-id": "true",
        "x-ms-version": "2024-08-04"
      },
      "RequestBody": null,
      "StatusCode": 201,
      "ResponseHeaders": {
        "Content-Length": "0",
        "Date": "Wed, 01 May 2024 20:35:19 GMT",
        "ETag": "\"0x8DC6A1E37CC49BA\"",
        "Last-Modified": "Wed, 01 May 2024 20:35:19 GMT",
        "Server": [
          "Windows-Azure-Blob/1.0",
          "Microsoft-HTTPAPI/2.0"
        ],
        "x-ms-client-request-id": "ad418333-0a3e-2042-1036-ea367e74a7cd",
        "x-ms-request-id": "667a6e53-201e-0090-7a07-9cabec000000",
        "x-ms-request-server-encrypted": "true",
        "x-ms-version": "2024-08-04",
        "x-ms-version-id": "2024-05-01T20:35:19.7466042Z"
      },
      "ResponseBody": null
    },
    {
      "RequestUri": "https://seanmcccanada.blob.core.windows.net/test-container-dd0bb561-7611-1e11-5479-913520dab080/test-blob-e612721d-491d-21c5-fe11-e867395f3c86?sv=2024-08-04&se=2024-05-02T20%3A35%3A19Z&sr=b&sp=racwdxyltmei&sig=Sanitized",
      "RequestMethod": "HEAD",
      "RequestHeaders": {
        "Accept": "application/xml",
        "traceparent": "00-243f93a5577478888ac608e898000f34-a79db1a83dce70aa-00",
        "User-Agent": "azsdk-net-Storage.Blobs/12.20.0-alpha.20240501.1 (.NET 7.0.18; Microsoft Windows 10.0.22635)",
        "x-ms-client-request-id": "39fee8aa-05fe-408e-d8c7-cc3906d8e88a",
        "x-ms-return-client-request-id": "true",
        "x-ms-version": "2024-08-04"
      },
      "RequestBody": null,
      "StatusCode": 200,
      "ResponseHeaders": {
        "Accept-Ranges": "bytes",
        "Cache-Control": "no-cache",
        "Content-Disposition": "inline",
        "Content-Language": "en-US",
        "Content-Length": "0",
        "Content-MD5": "1B2M2Y8AsgTpgAmY7PhCfg==",
        "Content-Type": "text/plain",
        "Date": "Wed, 01 May 2024 20:35:19 GMT",
        "ETag": "\"0x8DC6A1E37AA20B2\"",
        "Last-Modified": "Wed, 01 May 2024 20:35:19 GMT",
        "Server": [
          "Windows-Azure-Blob/1.0",
          "Microsoft-HTTPAPI/2.0"
        ],
        "x-ms-access-tier": "Cold",
        "x-ms-access-tier-change-time": "Wed, 01 May 2024 20:35:19 GMT",
        "x-ms-blob-type": "BlockBlob",
        "x-ms-client-request-id": "39fee8aa-05fe-408e-d8c7-cc3906d8e88a",
        "x-ms-creation-time": "Wed, 01 May 2024 20:35:19 GMT",
        "x-ms-is-current-version": "true",
        "x-ms-last-access-time": "Wed, 01 May 2024 20:35:19 GMT",
        "x-ms-lease-state": "available",
        "x-ms-lease-status": "unlocked",
        "x-ms-meta-Capital": "letter",
        "x-ms-meta-foo": "bar",
        "x-ms-meta-meta": "data",
        "x-ms-meta-UPPER": "case",
        "x-ms-request-id": "667a6ee2-201e-0090-7807-9cabec000000",
        "x-ms-server-encrypted": "true",
        "x-ms-version": "2024-08-04",
        "x-ms-version-id": "2024-05-01T20:35:19.5227314Z"
      },
      "ResponseBody": null
    },
    {
      "RequestUri": "https://seanmcccanada.blob.core.windows.net/test-container-6acd032c-5981-2028-77f8-da5fea3586ea/test-blob-e948a632-0bdc-2da1-25ac-181698e8427c?sv=2024-08-04&se=2024-05-02T20%3A35%3A19Z&sr=b&sp=racwdxyltmei&sig=Sanitized",
      "RequestMethod": "HEAD",
      "RequestHeaders": {
        "Accept": "application/xml",
        "traceparent": "00-31c6ded532065b1a5015f15bbabf37d4-7febf109549a51c1-00",
        "User-Agent": "azsdk-net-Storage.Blobs/12.20.0-alpha.20240501.1 (.NET 7.0.18; Microsoft Windows 10.0.22635)",
        "x-ms-client-request-id": "968c3df5-6e76-c8ce-5d6d-6612ceebdd04",
        "x-ms-return-client-request-id": "true",
        "x-ms-version": "2024-08-04"
      },
      "RequestBody": null,
      "StatusCode": 200,
      "ResponseHeaders": {
        "Accept-Ranges": "bytes",
        "Cache-Control": "no-cache",
        "Content-Disposition": "inline",
        "Content-Language": "en-US",
        "Content-Length": "0",
        "Content-Type": "text/plain",
        "Date": "Wed, 01 May 2024 20:35:19 GMT",
        "ETag": "\"0x8DC6A1E37CC49BA\"",
        "Last-Modified": "Wed, 01 May 2024 20:35:19 GMT",
        "Server": [
          "Windows-Azure-Blob/1.0",
          "Microsoft-HTTPAPI/2.0"
        ],
        "x-ms-blob-committed-block-count": "0",
        "x-ms-blob-type": "AppendBlob",
        "x-ms-client-request-id": "968c3df5-6e76-c8ce-5d6d-6612ceebdd04",
        "x-ms-creation-time": "Wed, 01 May 2024 20:35:19 GMT",
        "x-ms-is-current-version": "true",
        "x-ms-lease-state": "available",
        "x-ms-lease-status": "unlocked",
        "x-ms-meta-Capital": "letter",
        "x-ms-meta-foo": "bar",
        "x-ms-meta-meta": "data",
        "x-ms-meta-UPPER": "case",
        "x-ms-request-id": "667a6f12-201e-0090-2307-9cabec000000",
        "x-ms-server-encrypted": "true",
        "x-ms-version": "2024-08-04",
        "x-ms-version-id": "2024-05-01T20:35:19.7466042Z"
      },
      "ResponseBody": null
    },
    {
      "RequestUri": "https://seanmcccanada.blob.core.windows.net/test-container-dd0bb561-7611-1e11-5479-913520dab080/test-blob-e612721d-491d-21c5-fe11-e867395f3c86?sv=2024-08-04&se=2024-05-02T20%3A35%3A19Z&sr=b&sp=racwdxyltmei&sig=Sanitized",
      "RequestMethod": "HEAD",
      "RequestHeaders": {
        "Accept": "application/xml",
        "traceparent": "00-f3a8ce68066c4b0ee6bb4b6add633e31-739e7b37f0289990-00",
        "User-Agent": "azsdk-net-Storage.Blobs/12.20.0-alpha.20240501.1 (.NET 7.0.18; Microsoft Windows 10.0.22635)",
        "x-ms-client-request-id": "c9435d50-524b-cc14-3ec5-078d2e78c972",
        "x-ms-return-client-request-id": "true",
        "x-ms-version": "2024-08-04"
      },
      "RequestBody": null,
      "StatusCode": 200,
      "ResponseHeaders": {
        "Accept-Ranges": "bytes",
        "Cache-Control": "no-cache",
        "Content-Disposition": "inline",
        "Content-Language": "en-US",
        "Content-Length": "0",
        "Content-MD5": "1B2M2Y8AsgTpgAmY7PhCfg==",
        "Content-Type": "text/plain",
        "Date": "Wed, 01 May 2024 20:35:19 GMT",
        "ETag": "\"0x8DC6A1E37AA20B2\"",
        "Last-Modified": "Wed, 01 May 2024 20:35:19 GMT",
        "Server": [
          "Windows-Azure-Blob/1.0",
          "Microsoft-HTTPAPI/2.0"
        ],
        "x-ms-access-tier": "Cold",
        "x-ms-access-tier-change-time": "Wed, 01 May 2024 20:35:19 GMT",
        "x-ms-blob-type": "BlockBlob",
        "x-ms-client-request-id": "c9435d50-524b-cc14-3ec5-078d2e78c972",
        "x-ms-creation-time": "Wed, 01 May 2024 20:35:19 GMT",
        "x-ms-is-current-version": "true",
        "x-ms-last-access-time": "Wed, 01 May 2024 20:35:19 GMT",
        "x-ms-lease-state": "available",
        "x-ms-lease-status": "unlocked",
        "x-ms-meta-Capital": "letter",
        "x-ms-meta-foo": "bar",
        "x-ms-meta-meta": "data",
        "x-ms-meta-UPPER": "case",
        "x-ms-request-id": "667a6f66-201e-0090-6c07-9cabec000000",
        "x-ms-server-encrypted": "true",
        "x-ms-version": "2024-08-04",
        "x-ms-version-id": "2024-05-01T20:35:19.5227314Z"
      },
      "ResponseBody": null
    },
    {
      "RequestUri": "https://seanmcccanada.blob.core.windows.net/test-container-6acd032c-5981-2028-77f8-da5fea3586ea/test-blob-e948a632-0bdc-2da1-25ac-181698e8427c?sv=2024-08-04&se=2024-05-02T20%3A35%3A19Z&sr=b&sp=racwdxyltmei&sig=Sanitized",
      "RequestMethod": "HEAD",
      "RequestHeaders": {
        "Accept": "application/xml",
        "traceparent": "00-32674cec7d49b261ccbe924f95a31b87-b30a11a44cc14879-00",
        "User-Agent": "azsdk-net-Storage.Blobs/12.20.0-alpha.20240501.1 (.NET 7.0.18; Microsoft Windows 10.0.22635)",
        "x-ms-client-request-id": "70c27a00-14a8-07b8-994e-5d4dd424e6e5",
        "x-ms-return-client-request-id": "true",
        "x-ms-version": "2024-08-04"
      },
      "RequestBody": null,
      "StatusCode": 200,
      "ResponseHeaders": {
        "Accept-Ranges": "bytes",
        "Cache-Control": "no-cache",
        "Content-Disposition": "inline",
        "Content-Language": "en-US",
        "Content-Length": "0",
        "Content-Type": "text/plain",
        "Date": "Wed, 01 May 2024 20:35:19 GMT",
        "ETag": "\"0x8DC6A1E37CC49BA\"",
        "Last-Modified": "Wed, 01 May 2024 20:35:19 GMT",
        "Server": [
          "Windows-Azure-Blob/1.0",
          "Microsoft-HTTPAPI/2.0"
        ],
        "x-ms-blob-committed-block-count": "0",
        "x-ms-blob-type": "AppendBlob",
        "x-ms-client-request-id": "70c27a00-14a8-07b8-994e-5d4dd424e6e5",
        "x-ms-creation-time": "Wed, 01 May 2024 20:35:19 GMT",
        "x-ms-is-current-version": "true",
        "x-ms-lease-state": "available",
        "x-ms-lease-status": "unlocked",
        "x-ms-meta-Capital": "letter",
        "x-ms-meta-foo": "bar",
        "x-ms-meta-meta": "data",
        "x-ms-meta-UPPER": "case",
        "x-ms-request-id": "667a6f9c-201e-0090-1c07-9cabec000000",
        "x-ms-server-encrypted": "true",
        "x-ms-version": "2024-08-04",
        "x-ms-version-id": "2024-05-01T20:35:19.7466042Z"
      },
      "ResponseBody": null
    },
    {
      "RequestUri": "https://seanmcccanada.blob.core.windows.net/test-container-6acd032c-5981-2028-77f8-da5fea3586ea?restype=container",
      "RequestMethod": "DELETE",
      "RequestHeaders": {
        "Accept": "application/xml",
        "Authorization": "Sanitized",
        "traceparent": "00-7314e47b63f03bd760edcf2e39bbe40e-09801711e6be67c3-00",
        "User-Agent": "azsdk-net-Storage.Blobs/12.20.0-alpha.20240501.1 (.NET 7.0.18; Microsoft Windows 10.0.22635)",
        "x-ms-client-request-id": "b48c3c32-59b6-6bc9-1499-8b817d0d4565",
        "x-ms-date": "Wed, 01 May 2024 20:35:20 GMT",
        "x-ms-return-client-request-id": "true",
        "x-ms-version": "2024-08-04"
      },
      "RequestBody": null,
      "StatusCode": 202,
      "ResponseHeaders": {
        "Content-Length": "0",
        "Date": "Wed, 01 May 2024 20:35:19 GMT",
        "Server": [
          "Windows-Azure-Blob/1.0",
          "Microsoft-HTTPAPI/2.0"
        ],
        "x-ms-client-request-id": "b48c3c32-59b6-6bc9-1499-8b817d0d4565",
        "x-ms-request-id": "667a6fe4-201e-0090-5607-9cabec000000",
        "x-ms-version": "2024-08-04"
      },
      "ResponseBody": null
    },
    {
      "RequestUri": "https://seanmcccanada.blob.core.windows.net/test-container-dd0bb561-7611-1e11-5479-913520dab080?restype=container",
      "RequestMethod": "DELETE",
      "RequestHeaders": {
        "Accept": "application/xml",
        "Authorization": "Sanitized",
        "traceparent": "00-ba3d9482c4ef9dea9f6fc0550bab3d5c-3e9e44687437ecb4-00",
        "User-Agent": "azsdk-net-Storage.Blobs/12.20.0-alpha.20240501.1 (.NET 7.0.18; Microsoft Windows 10.0.22635)",
        "x-ms-client-request-id": "981b4c15-3298-422f-9eb5-5459bd9af7f4",
        "x-ms-date": "Wed, 01 May 2024 20:35:20 GMT",
        "x-ms-return-client-request-id": "true",
        "x-ms-version": "2024-08-04"
      },
      "RequestBody": null,
      "StatusCode": 202,
      "ResponseHeaders": {
        "Content-Length": "0",
        "Date": "Wed, 01 May 2024 20:35:19 GMT",
        "Server": [
          "Windows-Azure-Blob/1.0",
          "Microsoft-HTTPAPI/2.0"
        ],
        "x-ms-client-request-id": "981b4c15-3298-422f-9eb5-5459bd9af7f4",
        "x-ms-request-id": "667a7021-201e-0090-0f07-9cabec000000",
        "x-ms-version": "2024-08-04"
      },
      "ResponseBody": null
    }
  ],
  "Variables": {
    "DateTimeOffsetNow": "2024-05-01T13:35:19.3273083-07:00",
    "RandomSeed": "929188925",
    "Storage_TestConfigDefault": "ProductionTenant\nseanmcccanada\nU2FuaXRpemVk\nhttps://seanmcccanada.blob.core.windows.net\nhttps://seanmcccanada.file.core.windows.net\nhttps://seanmcccanada.queue.core.windows.net\nhttps://seanmcccanada.table.core.windows.net\n\n\n\n\nhttps://seanmcccanada-secondary.blob.core.windows.net\nhttps://seanmcccanada-secondary.file.core.windows.net\nhttps://seanmcccanada-secondary.queue.core.windows.net\nhttps://seanmcccanada-secondary.table.core.windows.net\n\nSanitized\n\n\nCloud\nBlobEndpoint=https://seanmcccanada.blob.core.windows.net/;QueueEndpoint=https://seanmcccanada.queue.core.windows.net/;FileEndpoint=https://seanmcccanada.file.core.windows.net/;BlobSecondaryEndpoint=https://seanmcccanada-secondary.blob.core.windows.net/;QueueSecondaryEndpoint=https://seanmcccanada-secondary.queue.core.windows.net/;FileSecondaryEndpoint=https://seanmcccanada-secondary.file.core.windows.net/;AccountName=seanmcccanada;AccountKey=Sanitized\nencryptionScope\n\n"
  }
}
