{
  "Entries": [
    {
      "RequestUri": "https://smtest20240108.blob.preprod.core.windows.net/test-filesystem-14ea6d56-0988-d204-bd9a-63af0ca85990?restype=container",
      "RequestMethod": "PUT",
      "RequestHeaders": {
        "Accept": "application/xml",
        "Authorization": "Sanitized",
        "Content-Length": "0",
        "traceparent": "00-bb2942126a9b968ed70a190b48c6c879-b12bf56efffe7874-00",
        "User-Agent": "azsdk-net-Storage.Files.DataLake/12.20.0-alpha.20240812.1 (.NET 7.0.20; Microsoft Windows 10.0.22631)",
        "x-ms-client-request-id": "Sanitized",
        "x-ms-date": "Mon, 12 Aug 2024 19:25:37 GMT",
        "x-ms-return-client-request-id": "true",
        "x-ms-version": "2025-01-05"
      },
      "RequestBody": null,
      "StatusCode": 201,
      "ResponseHeaders": {
        "Content-Length": "0",
        "Date": "Mon, 12 Aug 2024 19:25:35 GMT",
        "ETag": "\"0x8DCBB048B301BC6\"",
        "Last-Modified": "Mon, 12 Aug 2024 19:25:36 GMT",
        "x-ms-client-request-id": "Sanitized",
        "x-ms-request-id": "605f52eb-001e-0009-16ed-ecfa7a000000",
        "x-ms-version": "2025-01-05"
      },
      "ResponseBody": null
    },
    {
      "RequestUri": "https://smtest20240108.dfs.preprod.core.windows.net/test-filesystem-14ea6d56-0988-d204-bd9a-63af0ca85990/test-file-01222857-8062-1179-5562-ad3e4aeb4a3a?resource=file",
      "RequestMethod": "PUT",
      "RequestHeaders": {
        "Accept": "application/json",
        "Authorization": "Sanitized",
        "Content-Length": "0",
        "traceparent": "00-6fbc7e6e7932616b85390c39810e6022-da5318e43eec2a20-00",
        "User-Agent": "azsdk-net-Storage.Files.DataLake/12.20.0-alpha.20240812.1 (.NET 7.0.20; Microsoft Windows 10.0.22631)",
        "x-ms-client-request-id": "Sanitized",
        "x-ms-date": "Mon, 12 Aug 2024 19:25:37 GMT",
        "x-ms-return-client-request-id": "true",
        "x-ms-version": "2025-01-05"
      },
      "RequestBody": null,
      "StatusCode": 201,
      "ResponseHeaders": {
        "Content-Length": "0",
        "Date": "Mon, 12 Aug 2024 19:25:36 GMT",
        "ETag": "\"0x8DCBB048B3E0600\"",
        "Last-Modified": "Mon, 12 Aug 2024 19:25:37 GMT",
        "x-ms-client-request-id": "Sanitized",
        "x-ms-request-id": "157a796c-301f-0006-7fed-ec51cd000000",
        "x-ms-request-server-encrypted": "true",
        "x-ms-version": "2025-01-05"
      },
      "ResponseBody": null
    },
    {
      "RequestUri": "https://smtest20240108.dfs.preprod.core.windows.net/test-filesystem-14ea6d56-0988-d204-bd9a-63af0ca85990/test-file-01222857-8062-1179-5562-ad3e4aeb4a3a?resource=file",
      "RequestMethod": "PUT",
      "RequestHeaders": {
        "Accept": "application/json",
        "Authorization": "Sanitized",
        "Content-Length": "0",
        "traceparent": "00-88f8d1296100d99f814feecf1f09d59e-f8939c6b4b5227e8-00",
        "User-Agent": "azsdk-net-Storage.Files.DataLake/12.20.0-alpha.20240812.1 (.NET 7.0.20; Microsoft Windows 10.0.22631)",
        "x-ms-client-request-id": "Sanitized",
        "x-ms-date": "Mon, 12 Aug 2024 19:25:37 GMT",
        "x-ms-return-client-request-id": "true",
        "x-ms-version": "2025-01-05"
      },
      "RequestBody": null,
      "StatusCode": 201,
      "ResponseHeaders": {
        "Content-Length": "0",
        "Date": "Mon, 12 Aug 2024 19:25:36 GMT",
        "ETag": "\"0x8DCBB048B4A8951\"",
        "Last-Modified": "Mon, 12 Aug 2024 19:25:37 GMT",
        "x-ms-client-request-id": "Sanitized",
        "x-ms-request-id": "157a796d-301f-0006-80ed-ec51cd000000",
        "x-ms-request-server-encrypted": "true",
        "x-ms-version": "2025-01-05"
      },
      "ResponseBody": null
    },
    {
      "RequestUri": "https://smtest20240108.dfs.preprod.core.windows.net/test-filesystem-14ea6d56-0988-d204-bd9a-63af0ca85990/test-file-01222857-8062-1179-5562-ad3e4aeb4a3a?action=append&position=0",
      "RequestMethod": "PATCH",
      "RequestHeaders": {
        "Accept": "application/json",
        "Authorization": "Sanitized",
        "Content-Length": "239",
        "Content-Type": "application/octet-stream",
        "User-Agent": "azsdk-net-Storage.Files.DataLake/12.20.0-alpha.20240812.1 (.NET 7.0.20; Microsoft Windows 10.0.22631)",
        "x-ms-client-request-id": "Sanitized",
        "x-ms-date": "Mon, 12 Aug 2024 19:25:37 GMT",
        "x-ms-return-client-request-id": "true",
        "x-ms-structured-body": "XSM/1.0; properties=crc64",
        "x-ms-structured-content-length": "200",
        "x-ms-version": "2025-01-05"
      },
      "RequestBody": "Ae8AAAAAAAAAAQABAAEAyAAAAAAAAAA1ixE6MXeitf2+uXEhJF02fwoiGLphteFWuydSDaSW+6W9q+l14ScVUDj6HNLheH05XUyLPFhw09Yw43VQUKdYKL3LY3hzwZ7jDMiCZ5gOdUKqGLBYCr5NTdgTRf2xxf+QovQVFRUExpuuqDCP7ms+IW0ypTf3AB3+fhafYHugMUfI8cWj+WAtpVIUqmKOvV9s1SOQfx/ImaHXFpb+ZGUfDXfpx/ymmicNBADk4lW7cMG3M4tXELIn/1gjzOPKLkDt9JzrpfZixswovjylkwrUzCi+PKWTCtQ=",
      "StatusCode": 202,
      "ResponseHeaders": {
        "Content-Length": "0",
        "Date": "Mon, 12 Aug 2024 19:25:36 GMT",
        "x-ms-client-request-id": "Sanitized",
        "x-ms-request-id": "157a796e-301f-0006-01ed-ec51cd000000",
        "x-ms-request-server-encrypted": "true",
        "x-ms-structured-body": "XSM/1.0; properties=CRC64",
        "x-ms-version": "2025-01-05"
      },
      "ResponseBody": null
    },
    {
      "RequestUri": "https://smtest20240108.dfs.preprod.core.windows.net/test-filesystem-14ea6d56-0988-d204-bd9a-63af0ca85990/test-file-01222857-8062-1179-5562-ad3e4aeb4a3a?action=append&position=200",
      "RequestMethod": "PATCH",
      "RequestHeaders": {
        "Accept": "application/json",
        "Authorization": "Sanitized",
        "Content-Length": "239",
        "Content-Type": "application/octet-stream",
        "User-Agent": "azsdk-net-Storage.Files.DataLake/12.20.0-alpha.20240812.1 (.NET 7.0.20; Microsoft Windows 10.0.22631)",
        "x-ms-client-request-id": "Sanitized",
        "x-ms-date": "Mon, 12 Aug 2024 19:25:37 GMT",
        "x-ms-return-client-request-id": "true",
        "x-ms-structured-body": "XSM/1.0; properties=crc64",
        "x-ms-structured-content-length": "200",
        "x-ms-version": "2025-01-05"
      },
      "RequestBody": "Ae8AAAAAAAAAAQABAAEAyAAAAAAAAAA6/IN6H+S2TBul1Ucx2cf9xMHHpIPNQ0LWv/btuNDLylRsUFuNNwcbodaxPvXmDhMsnybjL75CbLhApF/tyJNL2grzxIhscI26qwKsHAVN77HjwBmq55uWKuOjTJOoLtlDZmPq80mKwC+YKYS8llCy8rSuCQd6oPJvXZqlySP5EXwoabaiYvtnWADpEb4X2pOT8Fre+iTRyMVwe5av5fcLnxcHkyyaEI+5RrEHkI80WIIGEdjJGhdYV6HxMedluHMI3nGmEEZn+XrOgohfZ305es6CiF9nfTk=",
      "StatusCode": 202,
      "ResponseHeaders": {
        "Content-Length": "0",
        "Date": "Mon, 12 Aug 2024 19:25:36 GMT",
        "x-ms-client-request-id": "Sanitized",
        "x-ms-request-id": "157a796f-301f-0006-02ed-ec51cd000000",
        "x-ms-request-server-encrypted": "true",
        "x-ms-structured-body": "XSM/1.0; properties=CRC64",
        "x-ms-version": "2025-01-05"
      },
      "ResponseBody": null
    },
    {
      "RequestUri": "https://smtest20240108.dfs.preprod.core.windows.net/test-filesystem-14ea6d56-0988-d204-bd9a-63af0ca85990/test-file-01222857-8062-1179-5562-ad3e4aeb4a3a?action=append&position=400",
      "RequestMethod": "PATCH",
      "RequestHeaders": {
        "Accept": "application/json",
        "Authorization": "Sanitized",
        "Content-Length": "239",
        "Content-Type": "application/octet-stream",
        "User-Agent": "azsdk-net-Storage.Files.DataLake/12.20.0-alpha.20240812.1 (.NET 7.0.20; Microsoft Windows 10.0.22631)",
        "x-ms-client-request-id": "Sanitized",
        "x-ms-date": "Mon, 12 Aug 2024 19:25:37 GMT",
        "x-ms-return-client-request-id": "true",
        "x-ms-structured-body": "XSM/1.0; properties=crc64",
        "x-ms-structured-content-length": "200",
        "x-ms-version": "2025-01-05"
      },
      "RequestBody": "Ae8AAAAAAAAAAQABAAEAyAAAAAAAAADgyiWzc8k3NTwjE6jUHkKEAK47i6jeqFOOPv6yHY5IPJ8Y+P/1ZOWNabv0xFIPn+qb7aZhC9tQASHSJDXLhBeu2tcJuyZDj5vJriLs6uMBf58UFzDn5jDEx/fdIz+vwuSkRul6BuPDWF0Kl1y5Yxc+0KWWt23mxvSmRfQvZWxcGew9SKP6h3i7UL7T3U7UC2Pfn1KZGQt2vYD11MHulPLxrX1wexpzQ0ks2mauE+il0jmQT8YZwgDhx4sjBLK3zbvM4S/QY49JbHYEvqvgG5SVdgS+q+AblJU=",
      "StatusCode": 202,
      "ResponseHeaders": {
        "Content-Length": "0",
        "Date": "Mon, 12 Aug 2024 19:25:36 GMT",
        "x-ms-client-request-id": "Sanitized",
        "x-ms-request-id": "157a7970-301f-0006-03ed-ec51cd000000",
        "x-ms-request-server-encrypted": "true",
        "x-ms-structured-body": "XSM/1.0; properties=CRC64",
        "x-ms-version": "2025-01-05"
      },
      "ResponseBody": null
    },
    {
      "RequestUri": "https://smtest20240108.dfs.preprod.core.windows.net/test-filesystem-14ea6d56-0988-d204-bd9a-63af0ca85990/test-file-01222857-8062-1179-5562-ad3e4aeb4a3a?action=append&position=600",
      "RequestMethod": "PATCH",
      "RequestHeaders": {
        "Accept": "application/json",
        "Authorization": "Sanitized",
        "Content-Length": "239",
        "Content-Type": "application/octet-stream",
        "User-Agent": "azsdk-net-Storage.Files.DataLake/12.20.0-alpha.20240812.1 (.NET 7.0.20; Microsoft Windows 10.0.22631)",
        "x-ms-client-request-id": "Sanitized",
        "x-ms-date": "Mon, 12 Aug 2024 19:25:38 GMT",
        "x-ms-return-client-request-id": "true",
        "x-ms-structured-body": "XSM/1.0; properties=crc64",
        "x-ms-structured-content-length": "200",
        "x-ms-version": "2025-01-05"
      },
      "RequestBody": "Ae8AAAAAAAAAAQABAAEAyAAAAAAAAABbCW0+pMepl08Bh15FLNfrfY+0j1A+lnUNq+IxudRuqkfjahBVwTz/4Yy1sC9udp8KRFPU27kbHHL3MfnkeN57k90WYcHHlrtStK3EieVFnjRDJ3SAmc6Nx06dXpBDGmmtOh1SVxTeQq2YgScLV5KNsZPEoVBp+vkPiZlzKjgrD5pEFk/I80YfZOXG6BemgnC7D6z8fngZRD8jQ856axd1bHKMx0FDxL5MpT1rohHhaAcptxqLLpAhK9EPpLB3pPnNUXulGroveFk06ihVxq1AWTTqKFXGrUA=",
      "StatusCode": 202,
      "ResponseHeaders": {
        "Content-Length": "0",
        "Date": "Mon, 12 Aug 2024 19:25:36 GMT",
        "x-ms-client-request-id": "Sanitized",
        "x-ms-request-id": "157a7971-301f-0006-04ed-ec51cd000000",
        "x-ms-request-server-encrypted": "true",
        "x-ms-structured-body": "XSM/1.0; properties=CRC64",
        "x-ms-version": "2025-01-05"
      },
      "ResponseBody": null
    },
    {
      "RequestUri": "https://smtest20240108.dfs.preprod.core.windows.net/test-filesystem-14ea6d56-0988-d204-bd9a-63af0ca85990/test-file-01222857-8062-1179-5562-ad3e4aeb4a3a?action=append&position=800",
      "RequestMethod": "PATCH",
      "RequestHeaders": {
        "Accept": "application/json",
        "Authorization": "Sanitized",
        "Content-Length": "239",
        "Content-Type": "application/octet-stream",
        "User-Agent": "azsdk-net-Storage.Files.DataLake/12.20.0-alpha.20240812.1 (.NET 7.0.20; Microsoft Windows 10.0.22631)",
        "x-ms-client-request-id": "Sanitized",
        "x-ms-date": "Mon, 12 Aug 2024 19:25:38 GMT",
        "x-ms-return-client-request-id": "true",
        "x-ms-structured-body": "XSM/1.0; properties=crc64",
        "x-ms-structured-content-length": "200",
        "x-ms-version": "2025-01-05"
      },
      "RequestBody": "Ae8AAAAAAAAAAQABAAEAyAAAAAAAAABL7rDZO66iLUHax1Gz/eo+4mucbzMgDdUAQ51QljxOTPo/z51+t+V8LuFi1a9TRtBmPcKuHb9EKuDa2PgQUZcFjHtWcy1NvyuFH0FRvTglrf3N6lh6ny47+qS8o97tbNxKXUk0/NKiGX2XKf5+822otCv6Q2c/iuxMG3mJkBxMl7NkB1/v8bArK9Db43YwvQc3E+6y8yl1CtJc5+FZGYlhSpFKGewNucN7zxiXY6d2HF5xUXwtmaSK7/yNkgnO0hFGepjk5aMaKdUobl2lNOPT1ShuXaU049M=",
      "StatusCode": 202,
      "ResponseHeaders": {
        "Content-Length": "0",
        "Date": "Mon, 12 Aug 2024 19:25:37 GMT",
        "x-ms-client-request-id": "Sanitized",
        "x-ms-request-id": "157a7972-301f-0006-05ed-ec51cd000000",
        "x-ms-request-server-encrypted": "true",
        "x-ms-structured-body": "XSM/1.0; properties=CRC64",
        "x-ms-version": "2025-01-05"
      },
      "ResponseBody": null
    },
    {
      "RequestUri": "https://smtest20240108.dfs.preprod.core.windows.net/test-filesystem-14ea6d56-0988-d204-bd9a-63af0ca85990/test-file-01222857-8062-1179-5562-ad3e4aeb4a3a?action=append&position=1000",
      "RequestMethod": "PATCH",
      "RequestHeaders": {
        "Accept": "application/json",
        "Authorization": "Sanitized",
        "Content-Length": "63",
        "Content-Type": "application/octet-stream",
        "User-Agent": "azsdk-net-Storage.Files.DataLake/12.20.0-alpha.20240812.1 (.NET 7.0.20; Microsoft Windows 10.0.22631)",
        "x-ms-client-request-id": "Sanitized",
        "x-ms-date": "Mon, 12 Aug 2024 19:25:38 GMT",
        "x-ms-return-client-request-id": "true",
        "x-ms-structured-body": "XSM/1.0; properties=crc64",
        "x-ms-structured-content-length": "24",
        "x-ms-version": "2025-01-05"
      },
      "RequestBody": "AT8AAAAAAAAAAQABAAEAGAAAAAAAAABaKzcjEN2nKuXLg+fHDDSw7cAq74Amua3lKD7Sy7j2VeUoPtLLuPZV",
      "StatusCode": 202,
      "ResponseHeaders": {
        "Content-Length": "0",
        "Date": "Mon, 12 Aug 2024 19:25:37 GMT",
        "x-ms-client-request-id": "Sanitized",
        "x-ms-request-id": "157a7973-301f-0006-06ed-ec51cd000000",
        "x-ms-request-server-encrypted": "true",
        "x-ms-structured-body": "XSM/1.0; properties=CRC64",
        "x-ms-version": "2025-01-05"
      },
      "ResponseBody": null
    },
    {
      "RequestUri": "https://smtest20240108.dfs.preprod.core.windows.net/test-filesystem-14ea6d56-0988-d204-bd9a-63af0ca85990/test-file-01222857-8062-1179-5562-ad3e4aeb4a3a?action=flush&position=1024",
      "RequestMethod": "PATCH",
      "RequestHeaders": {
        "Accept": "application/json",
        "Authorization": "Sanitized",
        "Content-Length": "0",
        "If-Match": "\"0x8DCBB048B4A8951\"",
        "User-Agent": "azsdk-net-Storage.Files.DataLake/12.20.0-alpha.20240812.1 (.NET 7.0.20; Microsoft Windows 10.0.22631)",
        "x-ms-client-request-id": "Sanitized",
        "x-ms-date": "Mon, 12 Aug 2024 19:25:38 GMT",
        "x-ms-return-client-request-id": "true",
        "x-ms-version": "2025-01-05"
      },
      "RequestBody": null,
      "StatusCode": 200,
      "ResponseHeaders": {
        "Content-Length": "0",
        "Date": "Mon, 12 Aug 2024 19:25:37 GMT",
        "ETag": "\"0x8DCBB048BA5A190\"",
        "Last-Modified": "Mon, 12 Aug 2024 19:25:37 GMT",
        "x-ms-client-request-id": "Sanitized",
        "x-ms-request-id": "157a7974-301f-0006-07ed-ec51cd000000",
        "x-ms-request-server-encrypted": "false",
        "x-ms-version": "2025-01-05"
      },
      "ResponseBody": null
    },
    {
      "RequestUri": "https://smtest20240108.blob.preprod.core.windows.net/test-filesystem-14ea6d56-0988-d204-bd9a-63af0ca85990?restype=container",
      "RequestMethod": "DELETE",
      "RequestHeaders": {
        "Accept": "application/xml",
        "Authorization": "Sanitized",
        "traceparent": "00-58da906e8c334154468a7bbf6546df05-187ecc0680c7fd6c-00",
        "User-Agent": "azsdk-net-Storage.Files.DataLake/12.20.0-alpha.20240812.1 (.NET 7.0.20; Microsoft Windows 10.0.22631)",
        "x-ms-client-request-id": "Sanitized",
        "x-ms-date": "Mon, 12 Aug 2024 19:25:38 GMT",
        "x-ms-return-client-request-id": "true",
        "x-ms-version": "2025-01-05"
      },
      "RequestBody": null,
      "StatusCode": 202,
      "ResponseHeaders": {
        "Content-Length": "0",
        "Date": "Mon, 12 Aug 2024 19:25:37 GMT",
        "x-ms-client-request-id": "Sanitized",
        "x-ms-request-id": "605f52ef-001e-0009-18ed-ecfa7a000000",
        "x-ms-version": "2025-01-05"
      },
      "ResponseBody": null
    }
  ],
  "Variables": {
    "RandomSeed": "1238516951",
    "Storage_TestConfigHierarchicalNamespace": "NamespaceTenant\nsmtest20240108\nU2FuaXRpemVk\nhttps://smtest20240108.blob.preprod.core.windows.net\nhttps://smtest20240108.file.preprod.core.windows.net\nhttps://smtest20240108.queue.preprod.core.windows.net\nhttps://smtest20240108.table.preprod.core.windows.net\n\n\n\n\nhttps://smtest20240108-secondary.blob.preprod.core.windows.net\nhttps://smtest20240108-secondary.file.preprod.core.windows.net\nhttps://smtest20240108-secondary.queue.preprod.core.windows.net\nhttps://smtest20240108-secondary.table.preprod.core.windows.net\nCloud\nBlobEndpoint=https://smtest20240108.blob.preprod.core.windows.net/;QueueEndpoint=https://smtest20240108.queue.preprod.core.windows.net/;FileEndpoint=https://smtest20240108.file.preprod.core.windows.net/;BlobSecondaryEndpoint=https://smtest20240108-secondary.blob.preprod.core.windows.net/;QueueSecondaryEndpoint=https://smtest20240108-secondary.queue.preprod.core.windows.net/;FileSecondaryEndpoint=https://smtest20240108-secondary.file.preprod.core.windows.net/;AccountName=smtest20240108;AccountKey=Sanitized\nseanscope1\nkupplaks-rg\n560efead-282d-42a4-8f12-1b37d2a4e785"
  }
}
