{
  "Entries": [
    {
      "RequestUri": "https://management.azure.com/subscriptions/00000000-0000-0000-0000-000000000000/resourcegroups/go-sdk-test-rg?api-version=2021-04-01",
      "RequestMethod": "PUT",
      "RequestHeaders": {
        "Accept": "application/json",
        "Accept-Encoding": "gzip",
        "Authorization": "Sanitized",
        "Content-Length": "21",
        "Content-Type": "application/json",
        "User-Agent": "azsdk-go-armresources/v1.0.0 (go1.20.6; Windows_NT)"
      },
      "RequestBody": {
        "location": "eastus"
      },
      "StatusCode": 201,
      "ResponseHeaders": {
        "Cache-Control": "no-cache",
        "Content-Length": "225",
        "Content-Type": "application/json; charset=utf-8",
        "Date": "Thu, 24 Aug 2023 02:50:58 GMT",
        "Expires": "-1",
        "Pragma": "no-cache",
        "Strict-Transport-Security": "max-age=31536000; includeSubDomains",
        "X-Content-Type-Options": "nosniff",
        "x-ms-correlation-request-id": "00000000-0000-0000-0000-000000000000",
        "x-ms-ratelimit-remaining-subscription-writes": "1173",
        "x-ms-request-id": "00000000-0000-0000-0000-000000000000",
        "x-ms-routing-request-id": "SOUTHEASTASIA:20230824T025059Z:00000000-0000-0000-0000-000000000000"
      },
      "ResponseBody": {
        "id": "/subscriptions/00000000-0000-0000-0000-000000000000/resourceGroups/go-sdk-test-rg",
        "name": "go-sdk-test-rg",
        "type": "Microsoft.Resources/resourceGroups",
        "location": "eastus",
        "properties": {
          "provisioningState": "Succeeded"
        }
      }
    },
    {
      "RequestUri": "https://management.azure.com/subscriptions/00000000-0000-0000-0000-000000000000/resourceGroups/go-sdk-test-rg/providers/Microsoft.MobileNetwork/mobileNetworks/mobileneOTbc8N?api-version=2023-09-01",
      "RequestMethod": "PUT",
      "RequestHeaders": {
        "Accept": "application/json",
        "Accept-Encoding": "gzip",
        "Authorization": "Sanitized",
        "Content-Length": "97",
        "Content-Type": "application/json",
        "User-Agent": "azsdk-go-armmobilenetwork/v3.0.0 (go1.20.6; Windows_NT)"
      },
      "RequestBody": {
        "location": "eastus",
        "properties": {
          "publicLandMobileNetworkIdentifier": {
            "mcc": "001",
            "mnc": "01"
          }
        }
      },
      "StatusCode": 200,
      "ResponseHeaders": {
        "Cache-Control": "no-cache",
        "Content-Encoding": "gzip",
        "Content-Type": "application/json; charset=utf-8",
        "Date": "Thu, 24 Aug 2023 02:51:00 GMT",
        "ETag": "\u002200000000-0000-0000-0000-000000000000\u0022",
        "Expires": "-1",
        "mise-correlation-id": "00000000-0000-0000-0000-000000000000",
        "Pragma": "no-cache",
        "Strict-Transport-Security": "max-age=31536000; includeSubDomains",
        "Transfer-Encoding": "chunked",
        "Vary": "Accept-Encoding",
        "X-Content-Type-Options": "nosniff",
        "x-ms-build-version": "1.0.1",
        "x-ms-correlation-request-id": "00000000-0000-0000-0000-000000000000",
        "x-ms-providerhub-traffic": "True",
        "x-ms-ratelimit-remaining-subscription-writes": "1172",
        "x-ms-request-id": "00000000-0000-0000-0000-000000000000",
        "x-ms-routing-request-id": "SOUTHEASTASIA:20230824T025100Z:00000000-0000-0000-0000-000000000000"
      },
      "ResponseBody": {
        "id": "/subscriptions/00000000-0000-0000-0000-000000000000/resourceGroups/go-sdk-test-rg/providers/Microsoft.MobileNetwork/mobileNetworks/mobileneOTbc8N",
        "name": "mobileneOTbc8N",
        "type": "microsoft.mobilenetwork/mobilenetworks",
        "location": "eastus",
        "systemData": {
          "createdBy": "00000000-0000-0000-0000-000000000000",
          "createdByType": "Application",
          "createdAt": "2023-08-24T02:51:00.0537142Z",
          "lastModifiedBy": "00000000-0000-0000-0000-000000000000",
          "lastModifiedByType": "Application",
          "lastModifiedAt": "2023-08-24T02:51:00.0537142Z"
        },
        "properties": {
          "provisioningState": "Succeeded",
          "publicLandMobileNetworkIdentifier": {
            "mcc": "001",
            "mnc": "01"
          },
          "serviceKey": "00000000-0000-0000-0000-000000000000"
        }
      }
    },
    {
      "RequestUri": "https://management.azure.com/subscriptions/00000000-0000-0000-0000-000000000000/resourceGroups/go-sdk-test-rg/providers/Microsoft.MobileNetwork/mobileNetworks/mobileneOTbc8N/services/servicenhwzBSi?api-version=2023-09-01",
      "RequestMethod": "PUT",
      "RequestHeaders": {
        "Accept": "application/json",
        "Accept-Encoding": "gzip",
        "Authorization": "Sanitized",
        "Content-Length": "696",
        "Content-Type": "application/json",
        "User-Agent": "azsdk-go-armmobilenetwork/v3.0.0 (go1.20.6; Windows_NT)"
      },
      "RequestBody": {
        "location": "eastus",
        "properties": {
          "pccRules": [
            {
              "ruleName": "default-rule",
              "rulePrecedence": 255,
              "ruleQosPolicy": {
                "5qi": 9,
                "allocationAndRetentionPriorityLevel": 9,
                "maximumBitRate": {
                  "downlink": "1 Gbps",
                  "uplink": "500 Mbps"
                },
                "preemptionCapability": "NotPreempt",
                "preemptionVulnerability": "Preemptable"
              },
              "serviceDataFlowTemplates": [
                {
                  "direction": "Uplink",
                  "ports": [],
                  "protocol": [
                    "ip"
                  ],
                  "remoteIpList": [
                    "10.3.4.0/24"
                  ],
                  "templateName": "IP-to-server"
                }
              ],
              "trafficControl": "Enabled"
            }
          ],
          "servicePrecedence": 255,
          "serviceQosPolicy": {
            "5qi": 9,
            "allocationAndRetentionPriorityLevel": 9,
            "maximumBitRate": {
              "downlink": "1 Gbps",
              "uplink": "500 Mbps"
            },
            "preemptionCapability": "NotPreempt",
            "preemptionVulnerability": "Preemptable"
          }
        }
      },
      "StatusCode": 201,
      "ResponseHeaders": {
        "Azure-AsyncOperation": "https://management.azure.com/providers/Microsoft.MobileNetwork/locations/EASTUS/operationStatuses/00000000-0000-0000-0000-000000000000*7735CB1F96337985C6C9BDB5714B6DC269D1ECF232A44B18175F3B7B751B33A0?api-version=2023-09-01",
        "Cache-Control": "no-cache",
        "Content-Length": "1263",
        "Content-Type": "application/json; charset=utf-8",
        "Date": "Thu, 24 Aug 2023 02:51:03 GMT",
        "ETag": "\u002200000000-0000-0000-0000-000000000000\u0022",
        "Expires": "-1",
        "Pragma": "no-cache",
        "Strict-Transport-Security": "max-age=31536000; includeSubDomains",
        "X-Content-Type-Options": "nosniff",
        "x-ms-build-version": "1.0.1",
        "x-ms-correlation-request-id": "00000000-0000-0000-0000-000000000000",
        "x-ms-providerhub-traffic": "True",
        "x-ms-ratelimit-remaining-subscription-writes": "1171",
        "x-ms-request-id": "00000000-0000-0000-0000-000000000000",
        "x-ms-routing-request-id": "SOUTHEASTASIA:20230824T025103Z:00000000-0000-0000-0000-000000000000"
      },
      "ResponseBody": {
        "id": "/subscriptions/00000000-0000-0000-0000-000000000000/resourceGroups/go-sdk-test-rg/providers/Microsoft.MobileNetwork/mobileNetworks/mobileneOTbc8N/services/servicenhwzBSi",
        "name": "servicenhwzBSi",
        "type": "microsoft.mobilenetwork/mobilenetworks/services",
        "location": "eastus",
        "systemData": {
          "createdBy": "00000000-0000-0000-0000-000000000000",
          "createdByType": "Application",
          "createdAt": "2023-08-24T02:51:02.0068173Z",
          "lastModifiedBy": "00000000-0000-0000-0000-000000000000",
          "lastModifiedByType": "Application",
          "lastModifiedAt": "2023-08-24T02:51:02.0068173Z"
        },
        "properties": {
          "pccRules": [
            {
              "ruleName": "default-rule",
              "rulePrecedence": 255,
              "ruleQosPolicy": {
                "5qi": 9,
                "allocationAndRetentionPriorityLevel": 9,
                "maximumBitRate": {
                  "downlink": "1 Gbps",
                  "uplink": "500 Mbps"
                },
                "preemptionCapability": "NotPreempt",
                "preemptionVulnerability": "Preemptable"
              },
              "serviceDataFlowTemplates": [
                {
                  "direction": "Uplink",
                  "ports": [],
                  "protocol": [
                    "ip"
                  ],
                  "remoteIpList": [
                    "10.3.4.0/24"
                  ],
                  "templateName": "IP-to-server"
                }
              ],
              "trafficControl": "Enabled"
            }
          ],
          "servicePrecedence": 255,
          "serviceQosPolicy": {
            "5qi": 9,
            "allocationAndRetentionPriorityLevel": 9,
            "maximumBitRate": {
              "downlink": "1 Gbps",
              "uplink": "500 Mbps"
            },
            "preemptionCapability": "NotPreempt",
            "preemptionVulnerability": "Preemptable"
          },
          "provisioningState": "Accepted"
        }
      }
    },
    {
      "RequestUri": "https://management.azure.com/providers/Microsoft.MobileNetwork/locations/EASTUS/operationStatuses/00000000-0000-0000-0000-000000000000*7735CB1F96337985C6C9BDB5714B6DC269D1ECF232A44B18175F3B7B751B33A0?api-version=2023-09-01",
      "RequestMethod": "GET",
      "RequestHeaders": {
        "Accept-Encoding": "gzip",
        "Authorization": "Sanitized",
        "User-Agent": "azsdk-go-armmobilenetwork/v3.0.0 (go1.20.6; Windows_NT)"
      },
      "RequestBody": null,
      "StatusCode": 200,
      "ResponseHeaders": {
        "Cache-Control": "no-cache",
        "Content-Encoding": "gzip",
        "Content-Type": "application/json; charset=utf-8",
        "Date": "Thu, 24 Aug 2023 02:51:03 GMT",
        "ETag": "\u002200000000-0000-0000-0000-000000000000\u0022",
        "Expires": "-1",
        "Pragma": "no-cache",
        "Strict-Transport-Security": "max-age=31536000; includeSubDomains",
        "Transfer-Encoding": "chunked",
        "Vary": "Accept-Encoding",
        "X-Content-Type-Options": "nosniff",
        "x-ms-correlation-request-id": "00000000-0000-0000-0000-000000000000",
        "x-ms-ratelimit-remaining-tenant-reads": "11938",
        "x-ms-request-id": "00000000-0000-0000-0000-000000000000",
        "x-ms-routing-request-id": "SOUTHEASTASIA:20230824T025103Z:00000000-0000-0000-0000-000000000000"
      },
      "ResponseBody": {
        "id": "/providers/Microsoft.MobileNetwork/locations/EASTUS/operationStatuses/00000000-0000-0000-0000-000000000000*7735CB1F96337985C6C9BDB5714B6DC269D1ECF232A44B18175F3B7B751B33A0",
        "name": "00000000-0000-0000-0000-000000000000*7735CB1F96337985C6C9BDB5714B6DC269D1ECF232A44B18175F3B7B751B33A0",
        "resourceId": "/subscriptions/00000000-0000-0000-0000-000000000000/resourceGroups/go-sdk-test-rg/providers/Microsoft.MobileNetwork/mobileNetworks/mobileneOTbc8N/services/servicenhwzBSi",
        "status": "Accepted",
        "startTime": "2023-08-24T02:51:02.8052974Z"
      }
    },
    {
      "RequestUri": "https://management.azure.com/providers/Microsoft.MobileNetwork/locations/EASTUS/operationStatuses/00000000-0000-0000-0000-000000000000*7735CB1F96337985C6C9BDB5714B6DC269D1ECF232A44B18175F3B7B751B33A0?api-version=2023-09-01",
      "RequestMethod": "GET",
      "RequestHeaders": {
        "Accept-Encoding": "gzip",
        "Authorization": "Sanitized",
        "User-Agent": "azsdk-go-armmobilenetwork/v3.0.0 (go1.20.6; Windows_NT)"
      },
      "RequestBody": null,
      "StatusCode": 200,
      "ResponseHeaders": {
        "Cache-Control": "no-cache",
        "Content-Encoding": "gzip",
        "Content-Type": "application/json; charset=utf-8",
        "Date": "Thu, 24 Aug 2023 02:51:34 GMT",
        "ETag": "\u002200000000-0000-0000-0000-000000000000\u0022",
        "Expires": "-1",
        "Pragma": "no-cache",
        "Strict-Transport-Security": "max-age=31536000; includeSubDomains",
        "Transfer-Encoding": "chunked",
        "Vary": "Accept-Encoding",
        "X-Content-Type-Options": "nosniff",
        "x-ms-correlation-request-id": "00000000-0000-0000-0000-000000000000",
        "x-ms-ratelimit-remaining-tenant-reads": "11937",
        "x-ms-request-id": "00000000-0000-0000-0000-000000000000",
        "x-ms-routing-request-id": "SOUTHEASTASIA:20230824T025134Z:00000000-0000-0000-0000-000000000000"
      },
      "ResponseBody": {
        "id": "/providers/Microsoft.MobileNetwork/locations/EASTUS/operationStatuses/00000000-0000-0000-0000-000000000000*7735CB1F96337985C6C9BDB5714B6DC269D1ECF232A44B18175F3B7B751B33A0",
        "name": "00000000-0000-0000-0000-000000000000*7735CB1F96337985C6C9BDB5714B6DC269D1ECF232A44B18175F3B7B751B33A0",
        "resourceId": "/subscriptions/00000000-0000-0000-0000-000000000000/resourceGroups/go-sdk-test-rg/providers/Microsoft.MobileNetwork/mobileNetworks/mobileneOTbc8N/services/servicenhwzBSi",
        "status": "Accepted",
        "startTime": "2023-08-24T02:51:02.8052974Z"
      }
    },
    {
      "RequestUri": "https://management.azure.com/providers/Microsoft.MobileNetwork/locations/EASTUS/operationStatuses/00000000-0000-0000-0000-000000000000*7735CB1F96337985C6C9BDB5714B6DC269D1ECF232A44B18175F3B7B751B33A0?api-version=2023-09-01",
      "RequestMethod": "GET",
      "RequestHeaders": {
        "Accept-Encoding": "gzip",
        "Authorization": "Sanitized",
        "User-Agent": "azsdk-go-armmobilenetwork/v3.0.0 (go1.20.6; Windows_NT)"
      },
      "RequestBody": null,
      "StatusCode": 200,
      "ResponseHeaders": {
        "Cache-Control": "no-cache",
        "Content-Encoding": "gzip",
        "Content-Type": "application/json; charset=utf-8",
        "Date": "Thu, 24 Aug 2023 02:52:04 GMT",
        "ETag": "\u002200000000-0000-0000-0000-000000000000\u0022",
        "Expires": "-1",
        "Pragma": "no-cache",
        "Strict-Transport-Security": "max-age=31536000; includeSubDomains",
        "Transfer-Encoding": "chunked",
        "Vary": "Accept-Encoding",
        "X-Content-Type-Options": "nosniff",
        "x-ms-correlation-request-id": "00000000-0000-0000-0000-000000000000",
        "x-ms-ratelimit-remaining-tenant-reads": "11936",
        "x-ms-request-id": "00000000-0000-0000-0000-000000000000",
        "x-ms-routing-request-id": "SOUTHEASTASIA:20230824T025205Z:00000000-0000-0000-0000-000000000000"
      },
      "ResponseBody": {
        "id": "/providers/Microsoft.MobileNetwork/locations/EASTUS/operationStatuses/00000000-0000-0000-0000-000000000000*7735CB1F96337985C6C9BDB5714B6DC269D1ECF232A44B18175F3B7B751B33A0",
        "name": "00000000-0000-0000-0000-000000000000*7735CB1F96337985C6C9BDB5714B6DC269D1ECF232A44B18175F3B7B751B33A0",
        "resourceId": "/subscriptions/00000000-0000-0000-0000-000000000000/resourceGroups/go-sdk-test-rg/providers/Microsoft.MobileNetwork/mobileNetworks/mobileneOTbc8N/services/servicenhwzBSi",
        "status": "Accepted",
        "startTime": "2023-08-24T02:51:02.8052974Z"
      }
    },
    {
      "RequestUri": "https://management.azure.com/providers/Microsoft.MobileNetwork/locations/EASTUS/operationStatuses/00000000-0000-0000-0000-000000000000*7735CB1F96337985C6C9BDB5714B6DC269D1ECF232A44B18175F3B7B751B33A0?api-version=2023-09-01",
      "RequestMethod": "GET",
      "RequestHeaders": {
        "Accept-Encoding": "gzip",
        "Authorization": "Sanitized",
        "User-Agent": "azsdk-go-armmobilenetwork/v3.0.0 (go1.20.6; Windows_NT)"
      },
      "RequestBody": null,
      "StatusCode": 200,
      "ResponseHeaders": {
        "Cache-Control": "no-cache",
        "Content-Encoding": "gzip",
        "Content-Type": "application/json; charset=utf-8",
        "Date": "Thu, 24 Aug 2023 02:52:34 GMT",
        "ETag": "\u002200000000-0000-0000-0000-000000000000\u0022",
        "Expires": "-1",
        "Pragma": "no-cache",
        "Strict-Transport-Security": "max-age=31536000; includeSubDomains",
        "Transfer-Encoding": "chunked",
        "Vary": "Accept-Encoding",
        "X-Content-Type-Options": "nosniff",
        "x-ms-correlation-request-id": "00000000-0000-0000-0000-000000000000",
        "x-ms-ratelimit-remaining-tenant-reads": "11935",
        "x-ms-request-id": "00000000-0000-0000-0000-000000000000",
        "x-ms-routing-request-id": "SOUTHEASTASIA:20230824T025235Z:00000000-0000-0000-0000-000000000000"
      },
      "ResponseBody": {
        "id": "/providers/Microsoft.MobileNetwork/locations/EASTUS/operationStatuses/00000000-0000-0000-0000-000000000000*7735CB1F96337985C6C9BDB5714B6DC269D1ECF232A44B18175F3B7B751B33A0",
        "name": "00000000-0000-0000-0000-000000000000*7735CB1F96337985C6C9BDB5714B6DC269D1ECF232A44B18175F3B7B751B33A0",
        "resourceId": "/subscriptions/00000000-0000-0000-0000-000000000000/resourceGroups/go-sdk-test-rg/providers/Microsoft.MobileNetwork/mobileNetworks/mobileneOTbc8N/services/servicenhwzBSi",
        "status": "Succeeded",
        "startTime": "2023-08-24T02:51:02.8052974Z",
        "properties": null
      }
    },
    {
      "RequestUri": "https://management.azure.com/subscriptions/00000000-0000-0000-0000-000000000000/resourceGroups/go-sdk-test-rg/providers/Microsoft.MobileNetwork/mobileNetworks/mobileneOTbc8N/services/servicenhwzBSi?api-version=2023-09-01",
      "RequestMethod": "GET",
      "RequestHeaders": {
        "Accept-Encoding": "gzip",
        "Authorization": "Sanitized",
        "User-Agent": "azsdk-go-armmobilenetwork/v3.0.0 (go1.20.6; Windows_NT)"
      },
      "RequestBody": null,
      "StatusCode": 200,
      "ResponseHeaders": {
        "Cache-Control": "no-cache",
        "Content-Encoding": "gzip",
        "Content-Type": "application/json; charset=utf-8",
        "Date": "Thu, 24 Aug 2023 02:52:35 GMT",
        "ETag": "\u002200000000-0000-0000-0000-000000000000\u0022",
        "Expires": "-1",
        "Pragma": "no-cache",
        "Strict-Transport-Security": "max-age=31536000; includeSubDomains",
        "Transfer-Encoding": "chunked",
        "Vary": "Accept-Encoding",
        "X-Content-Type-Options": "nosniff",
        "x-ms-correlation-request-id": "00000000-0000-0000-0000-000000000000",
        "x-ms-providerhub-traffic": "True",
        "x-ms-ratelimit-remaining-subscription-reads": "11978",
        "x-ms-request-id": "00000000-0000-0000-0000-000000000000",
        "x-ms-routing-request-id": "SOUTHEASTASIA:20230824T025236Z:00000000-0000-0000-0000-000000000000"
      },
      "ResponseBody": {
        "id": "/subscriptions/00000000-0000-0000-0000-000000000000/resourceGroups/go-sdk-test-rg/providers/Microsoft.MobileNetwork/mobileNetworks/mobileneOTbc8N/services/servicenhwzBSi",
        "name": "servicenhwzBSi",
        "type": "microsoft.mobilenetwork/mobilenetworks/services",
        "location": "eastus",
        "systemData": {
          "createdBy": "00000000-0000-0000-0000-000000000000",
          "createdByType": "Application",
          "createdAt": "2023-08-24T02:51:02.0068173Z",
          "lastModifiedBy": "00000000-0000-0000-0000-000000000000",
          "lastModifiedByType": "Application",
          "lastModifiedAt": "2023-08-24T02:51:02.0068173Z"
        },
        "properties": {
          "pccRules": [
            {
              "ruleName": "default-rule",
              "rulePrecedence": 255,
              "ruleQosPolicy": {
                "5qi": 9,
                "allocationAndRetentionPriorityLevel": 9,
                "maximumBitRate": {
                  "downlink": "1 Gbps",
                  "uplink": "500 Mbps"
                },
                "preemptionCapability": "NotPreempt",
                "preemptionVulnerability": "Preemptable"
              },
              "serviceDataFlowTemplates": [
                {
                  "direction": "Uplink",
                  "ports": [],
                  "protocol": [
                    "ip"
                  ],
                  "remoteIpList": [
                    "10.3.4.0/24"
                  ],
                  "templateName": "IP-to-server"
                }
              ],
              "trafficControl": "Enabled"
            }
          ],
          "servicePrecedence": 255,
          "serviceQosPolicy": {
            "5qi": 9,
            "allocationAndRetentionPriorityLevel": 9,
            "maximumBitRate": {
              "downlink": "1 Gbps",
              "uplink": "500 Mbps"
            },
            "preemptionCapability": "NotPreempt",
            "preemptionVulnerability": "Preemptable"
          },
          "provisioningState": "Succeeded"
        }
      }
    },
    {
      "RequestUri": "https://management.azure.com/subscriptions/00000000-0000-0000-0000-000000000000/resourceGroups/go-sdk-test-rg/providers/Microsoft.MobileNetwork/mobileNetworks/mobileneOTbc8N/services?api-version=2023-09-01",
      "RequestMethod": "GET",
      "RequestHeaders": {
        "Accept": "application/json",
        "Accept-Encoding": "gzip",
        "Authorization": "Sanitized",
        "User-Agent": "azsdk-go-armmobilenetwork/v3.0.0 (go1.20.6; Windows_NT)"
      },
      "RequestBody": null,
      "StatusCode": 200,
      "ResponseHeaders": {
        "Cache-Control": "no-cache",
        "Content-Encoding": "gzip",
        "Content-Length": "1276",
        "Content-Type": "application/json; charset=utf-8",
        "Date": "Thu, 24 Aug 2023 02:52:36 GMT",
        "Expires": "-1",
        "Pragma": "no-cache",
        "Strict-Transport-Security": "max-age=31536000; includeSubDomains",
        "Vary": "Accept-Encoding",
        "X-Content-Type-Options": "nosniff",
        "x-ms-correlation-request-id": "00000000-0000-0000-0000-000000000000",
        "x-ms-original-request-ids": [
          "00000000-0000-0000-0000-000000000000",
          "0fa5377d-9759-4509-b93c-e4733f073750",
          "4f2db64d-ed62-4ca1-b4ec-ea5b7bf4eaae",
          "699edc6b-e65c-4c5c-8359-f686ff54c699"
        ],
        "x-ms-ratelimit-remaining-subscription-reads": "11977",
        "x-ms-request-id": "00000000-0000-0000-0000-000000000000",
        "x-ms-routing-request-id": "SOUTHEASTASIA:20230824T025237Z:00000000-0000-0000-0000-000000000000"
      },
      "ResponseBody": {
        "value": [
          {
            "id": "/subscriptions/00000000-0000-0000-0000-000000000000/resourceGroups/go-sdk-test-rg/providers/Microsoft.MobileNetwork/mobileNetworks/mobileneOTbc8N/services/servicenhwzBSi",
            "name": "servicenhwzBSi",
            "type": "microsoft.mobilenetwork/mobilenetworks/services",
            "location": "eastus",
            "systemData": {
              "createdBy": "00000000-0000-0000-0000-000000000000",
              "createdByType": "Application",
              "createdAt": "2023-08-24T02:51:02.0068173Z",
              "lastModifiedBy": "00000000-0000-0000-0000-000000000000",
              "lastModifiedByType": "Application",
              "lastModifiedAt": "2023-08-24T02:51:02.0068173Z"
            },
            "properties": {
              "pccRules": [
                {
                  "ruleName": "default-rule",
                  "rulePrecedence": 255,
                  "ruleQosPolicy": {
                    "5qi": 9,
                    "allocationAndRetentionPriorityLevel": 9,
                    "maximumBitRate": {
                      "downlink": "1 Gbps",
                      "uplink": "500 Mbps"
                    },
                    "preemptionCapability": "NotPreempt",
                    "preemptionVulnerability": "Preemptable"
                  },
                  "serviceDataFlowTemplates": [
                    {
                      "direction": "Uplink",
                      "ports": [],
                      "protocol": [
                        "ip"
                      ],
                      "remoteIpList": [
                        "10.3.4.0/24"
                      ],
                      "templateName": "IP-to-server"
                    }
                  ],
                  "trafficControl": "Enabled"
                }
              ],
              "servicePrecedence": 255,
              "serviceQosPolicy": {
                "5qi": 9,
                "allocationAndRetentionPriorityLevel": 9,
                "maximumBitRate": {
                  "downlink": "1 Gbps",
                  "uplink": "500 Mbps"
                },
                "preemptionCapability": "NotPreempt",
                "preemptionVulnerability": "Preemptable"
              },
              "provisioningState": "Succeeded"
            }
          }
        ]
      }
    },
    {
      "RequestUri": "https://management.azure.com/subscriptions/00000000-0000-0000-0000-000000000000/resourceGroups/go-sdk-test-rg/providers/Microsoft.MobileNetwork/mobileNetworks/mobileneOTbc8N/services/servicenhwzBSi?api-version=2023-09-01",
      "RequestMethod": "GET",
      "RequestHeaders": {
        "Accept": "application/json",
        "Accept-Encoding": "gzip",
        "Authorization": "Sanitized",
        "User-Agent": "azsdk-go-armmobilenetwork/v3.0.0 (go1.20.6; Windows_NT)"
      },
      "RequestBody": null,
      "StatusCode": 200,
      "ResponseHeaders": {
        "Cache-Control": "no-cache",
        "Content-Encoding": "gzip",
        "Content-Type": "application/json; charset=utf-8",
        "Date": "Thu, 24 Aug 2023 02:52:37 GMT",
        "ETag": "\u002200000000-0000-0000-0000-000000000000\u0022",
        "Expires": "-1",
        "Pragma": "no-cache",
        "Strict-Transport-Security": "max-age=31536000; includeSubDomains",
        "Transfer-Encoding": "chunked",
        "Vary": "Accept-Encoding",
        "X-Content-Type-Options": "nosniff",
        "x-ms-correlation-request-id": "00000000-0000-0000-0000-000000000000",
        "x-ms-providerhub-traffic": "True",
        "x-ms-ratelimit-remaining-subscription-reads": "11976",
        "x-ms-request-id": "00000000-0000-0000-0000-000000000000",
        "x-ms-routing-request-id": "SOUTHEASTASIA:20230824T025237Z:00000000-0000-0000-0000-000000000000"
      },
      "ResponseBody": {
        "id": "/subscriptions/00000000-0000-0000-0000-000000000000/resourceGroups/go-sdk-test-rg/providers/Microsoft.MobileNetwork/mobileNetworks/mobileneOTbc8N/services/servicenhwzBSi",
        "name": "servicenhwzBSi",
        "type": "microsoft.mobilenetwork/mobilenetworks/services",
        "location": "eastus",
        "systemData": {
          "createdBy": "00000000-0000-0000-0000-000000000000",
          "createdByType": "Application",
          "createdAt": "2023-08-24T02:51:02.0068173Z",
          "lastModifiedBy": "00000000-0000-0000-0000-000000000000",
          "lastModifiedByType": "Application",
          "lastModifiedAt": "2023-08-24T02:51:02.0068173Z"
        },
        "properties": {
          "pccRules": [
            {
              "ruleName": "default-rule",
              "rulePrecedence": 255,
              "ruleQosPolicy": {
                "5qi": 9,
                "allocationAndRetentionPriorityLevel": 9,
                "maximumBitRate": {
                  "downlink": "1 Gbps",
                  "uplink": "500 Mbps"
                },
                "preemptionCapability": "NotPreempt",
                "preemptionVulnerability": "Preemptable"
              },
              "serviceDataFlowTemplates": [
                {
                  "direction": "Uplink",
                  "ports": [],
                  "protocol": [
                    "ip"
                  ],
                  "remoteIpList": [
                    "10.3.4.0/24"
                  ],
                  "templateName": "IP-to-server"
                }
              ],
              "trafficControl": "Enabled"
            }
          ],
          "servicePrecedence": 255,
          "serviceQosPolicy": {
            "5qi": 9,
            "allocationAndRetentionPriorityLevel": 9,
            "maximumBitRate": {
              "downlink": "1 Gbps",
              "uplink": "500 Mbps"
            },
            "preemptionCapability": "NotPreempt",
            "preemptionVulnerability": "Preemptable"
          },
          "provisioningState": "Succeeded"
        }
      }
    },
    {
      "RequestUri": "https://management.azure.com/subscriptions/00000000-0000-0000-0000-000000000000/resourceGroups/go-sdk-test-rg/providers/Microsoft.MobileNetwork/mobileNetworks/mobileneOTbc8N/services/servicenhwzBSi?api-version=2023-09-01",
      "RequestMethod": "PATCH",
      "RequestHeaders": {
        "Accept": "application/json",
        "Accept-Encoding": "gzip",
        "Authorization": "Sanitized",
        "Content-Length": "42",
        "Content-Type": "application/json",
        "User-Agent": "azsdk-go-armmobilenetwork/v3.0.0 (go1.20.6; Windows_NT)"
      },
      "RequestBody": {
        "tags": {
          "tag1": "value1",
          "tag2": "value2"
        }
      },
      "StatusCode": 200,
      "ResponseHeaders": {
        "Cache-Control": "no-cache",
        "Content-Encoding": "gzip",
        "Content-Type": "application/json; charset=utf-8",
        "Date": "Thu, 24 Aug 2023 02:52:39 GMT",
        "ETag": "\u002200000000-0000-0000-0000-000000000000\u0022",
        "Expires": "-1",
        "Pragma": "no-cache",
        "Strict-Transport-Security": "max-age=31536000; includeSubDomains",
        "Transfer-Encoding": "chunked",
        "Vary": "Accept-Encoding",
        "X-Content-Type-Options": "nosniff",
        "x-ms-correlation-request-id": "00000000-0000-0000-0000-000000000000",
        "x-ms-providerhub-traffic": "True",
        "x-ms-ratelimit-remaining-subscription-writes": "1170",
        "x-ms-request-id": "00000000-0000-0000-0000-000000000000",
        "x-ms-routing-request-id": "SOUTHEASTASIA:20230824T025240Z:00000000-0000-0000-0000-000000000000"
      },
      "ResponseBody": {
        "id": "/subscriptions/00000000-0000-0000-0000-000000000000/resourceGroups/go-sdk-test-rg/providers/Microsoft.MobileNetwork/mobileNetworks/mobileneOTbc8N/services/servicenhwzBSi",
        "name": "servicenhwzBSi",
        "type": "microsoft.mobilenetwork/mobilenetworks/services",
        "location": "eastus",
        "tags": {
          "tag1": "value1",
          "tag2": "value2"
        },
        "systemData": {
          "createdBy": "00000000-0000-0000-0000-000000000000",
          "createdByType": "Application",
          "createdAt": "2023-08-24T02:51:02.0068173Z",
          "lastModifiedBy": "00000000-0000-0000-0000-000000000000",
          "lastModifiedByType": "Application",
          "lastModifiedAt": "2023-08-24T02:52:38.2891381Z"
        },
        "properties": {
          "pccRules": [
            {
              "ruleName": "default-rule",
              "rulePrecedence": 255,
              "ruleQosPolicy": {
                "5qi": 9,
                "allocationAndRetentionPriorityLevel": 9,
                "maximumBitRate": {
                  "downlink": "1 Gbps",
                  "uplink": "500 Mbps"
                },
                "preemptionCapability": "NotPreempt",
                "preemptionVulnerability": "Preemptable"
              },
              "serviceDataFlowTemplates": [
                {
                  "direction": "Uplink",
                  "ports": [],
                  "protocol": [
                    "ip"
                  ],
                  "remoteIpList": [
                    "10.3.4.0/24"
                  ],
                  "templateName": "IP-to-server"
                }
              ],
              "trafficControl": "Enabled"
            }
          ],
          "servicePrecedence": 255,
          "serviceQosPolicy": {
            "5qi": 9,
            "allocationAndRetentionPriorityLevel": 9,
            "maximumBitRate": {
              "downlink": "1 Gbps",
              "uplink": "500 Mbps"
            },
            "preemptionCapability": "NotPreempt",
            "preemptionVulnerability": "Preemptable"
          },
          "provisioningState": "Succeeded"
        }
      }
    },
    {
      "RequestUri": "https://management.azure.com/subscriptions/00000000-0000-0000-0000-000000000000/resourceGroups/go-sdk-test-rg/providers/Microsoft.MobileNetwork/mobileNetworks/mobileneOTbc8N/services/servicenhwzBSi?api-version=2023-09-01",
      "RequestMethod": "DELETE",
      "RequestHeaders": {
        "Accept": "application/json",
        "Accept-Encoding": "gzip",
        "Authorization": "Sanitized",
        "User-Agent": "azsdk-go-armmobilenetwork/v3.0.0 (go1.20.6; Windows_NT)"
      },
      "RequestBody": null,
      "StatusCode": 202,
      "ResponseHeaders": {
        "Azure-AsyncOperation": "https://management.azure.com/providers/Microsoft.MobileNetwork/locations/EASTUS/operationStatuses/00000000-0000-0000-0000-000000000000*7735CB1F96337985C6C9BDB5714B6DC269D1ECF232A44B18175F3B7B751B33A0?api-version=2023-09-01",
        "Cache-Control": "no-cache",
        "Content-Length": "4",
        "Content-Type": "application/json; charset=utf-8",
        "Date": "Thu, 24 Aug 2023 02:52:41 GMT",
        "ETag": "\u002200000000-0000-0000-0000-000000000000\u0022",
        "Expires": "-1",
        "Location": "https://management.azure.com/providers/Microsoft.MobileNetwork/locations/EASTUS/operationStatuses/00000000-0000-0000-0000-000000000000*7735CB1F96337985C6C9BDB5714B6DC269D1ECF232A44B18175F3B7B751B33A0?api-version=2023-09-01",
        "Pragma": "no-cache",
        "Strict-Transport-Security": "max-age=31536000; includeSubDomains",
        "X-Content-Type-Options": "nosniff",
        "x-ms-build-version": "1.0.1",
        "x-ms-correlation-request-id": "00000000-0000-0000-0000-000000000000",
        "x-ms-providerhub-traffic": "True",
        "x-ms-ratelimit-remaining-subscription-deletes": "14988",
        "x-ms-request-id": "00000000-0000-0000-0000-000000000000",
        "x-ms-routing-request-id": "SOUTHEASTASIA:20230824T025242Z:00000000-0000-0000-0000-000000000000"
      },
      "ResponseBody": "null"
    },
    {
      "RequestUri": "https://management.azure.com/providers/Microsoft.MobileNetwork/locations/EASTUS/operationStatuses/00000000-0000-0000-0000-000000000000*7735CB1F96337985C6C9BDB5714B6DC269D1ECF232A44B18175F3B7B751B33A0?api-version=2023-09-01",
      "RequestMethod": "GET",
      "RequestHeaders": {
        "Accept-Encoding": "gzip",
        "Authorization": "Sanitized",
        "User-Agent": "azsdk-go-armmobilenetwork/v3.0.0 (go1.20.6; Windows_NT)"
      },
      "RequestBody": null,
      "StatusCode": 202,
      "ResponseHeaders": {
        "Azure-AsyncOperation": "https://management.azure.com/providers/Microsoft.MobileNetwork/locations/eastus/operationStatuses/00000000-0000-0000-0000-000000000000*7735CB1F96337985C6C9BDB5714B6DC269D1ECF232A44B18175F3B7B751B33A0?api-version=2023-09-01",
        "Cache-Control": "no-cache",
        "Content-Length": "539",
        "Content-Type": "application/json; charset=utf-8",
        "Date": "Thu, 24 Aug 2023 02:52:41 GMT",
        "ETag": "\u002200000000-0000-0000-0000-000000000000\u0022",
        "Expires": "-1",
        "Location": "https://management.azure.com/providers/Microsoft.MobileNetwork/locations/eastus/operationStatuses/00000000-0000-0000-0000-000000000000*7735CB1F96337985C6C9BDB5714B6DC269D1ECF232A44B18175F3B7B751B33A0?api-version=2023-09-01",
        "Pragma": "no-cache",
        "Strict-Transport-Security": "max-age=31536000; includeSubDomains",
        "X-Content-Type-Options": "nosniff",
        "x-ms-correlation-request-id": "00000000-0000-0000-0000-000000000000",
        "x-ms-ratelimit-remaining-tenant-reads": "11934",
        "x-ms-request-id": "00000000-0000-0000-0000-000000000000",
        "x-ms-routing-request-id": "SOUTHEASTASIA:20230824T025242Z:00000000-0000-0000-0000-000000000000"
      },
      "ResponseBody": {
        "id": "/providers/Microsoft.MobileNetwork/locations/EASTUS/operationStatuses/00000000-0000-0000-0000-000000000000*7735CB1F96337985C6C9BDB5714B6DC269D1ECF232A44B18175F3B7B751B33A0",
        "name": "00000000-0000-0000-0000-000000000000*7735CB1F96337985C6C9BDB5714B6DC269D1ECF232A44B18175F3B7B751B33A0",
        "resourceId": "/subscriptions/00000000-0000-0000-0000-000000000000/resourceGroups/go-sdk-test-rg/providers/Microsoft.MobileNetwork/mobileNetworks/mobileneOTbc8N/services/servicenhwzBSi",
        "status": "Deleting",
        "startTime": "2023-08-24T02:52:41.8752826Z"
      }
    },
    {
      "RequestUri": "https://management.azure.com/providers/Microsoft.MobileNetwork/locations/EASTUS/operationStatuses/00000000-0000-0000-0000-000000000000*7735CB1F96337985C6C9BDB5714B6DC269D1ECF232A44B18175F3B7B751B33A0?api-version=2023-09-01",
      "RequestMethod": "GET",
      "RequestHeaders": {
        "Accept-Encoding": "gzip",
        "Authorization": "Sanitized",
        "User-Agent": "azsdk-go-armmobilenetwork/v3.0.0 (go1.20.6; Windows_NT)"
      },
      "RequestBody": null,
      "StatusCode": 202,
      "ResponseHeaders": {
        "Azure-AsyncOperation": "https://management.azure.com/providers/Microsoft.MobileNetwork/locations/eastus/operationStatuses/00000000-0000-0000-0000-000000000000*7735CB1F96337985C6C9BDB5714B6DC269D1ECF232A44B18175F3B7B751B33A0?api-version=2023-09-01",
        "Cache-Control": "no-cache",
        "Content-Length": "539",
        "Content-Type": "application/json; charset=utf-8",
        "Date": "Thu, 24 Aug 2023 02:53:12 GMT",
        "ETag": "\u002200000000-0000-0000-0000-000000000000\u0022",
        "Expires": "-1",
        "Location": "https://management.azure.com/providers/Microsoft.MobileNetwork/locations/eastus/operationStatuses/00000000-0000-0000-0000-000000000000*7735CB1F96337985C6C9BDB5714B6DC269D1ECF232A44B18175F3B7B751B33A0?api-version=2023-09-01",
        "Pragma": "no-cache",
        "Strict-Transport-Security": "max-age=31536000; includeSubDomains",
        "X-Content-Type-Options": "nosniff",
        "x-ms-correlation-request-id": "00000000-0000-0000-0000-000000000000",
        "x-ms-ratelimit-remaining-tenant-reads": "11933",
        "x-ms-request-id": "00000000-0000-0000-0000-000000000000",
        "x-ms-routing-request-id": "SOUTHEASTASIA:20230824T025312Z:00000000-0000-0000-0000-000000000000"
      },
      "ResponseBody": {
        "id": "/providers/Microsoft.MobileNetwork/locations/EASTUS/operationStatuses/00000000-0000-0000-0000-000000000000*7735CB1F96337985C6C9BDB5714B6DC269D1ECF232A44B18175F3B7B751B33A0",
        "name": "00000000-0000-0000-0000-000000000000*7735CB1F96337985C6C9BDB5714B6DC269D1ECF232A44B18175F3B7B751B33A0",
        "resourceId": "/subscriptions/00000000-0000-0000-0000-000000000000/resourceGroups/go-sdk-test-rg/providers/Microsoft.MobileNetwork/mobileNetworks/mobileneOTbc8N/services/servicenhwzBSi",
        "status": "Deleting",
        "startTime": "2023-08-24T02:52:41.8752826Z"
      }
    },
    {
      "RequestUri": "https://management.azure.com/providers/Microsoft.MobileNetwork/locations/EASTUS/operationStatuses/00000000-0000-0000-0000-000000000000*7735CB1F96337985C6C9BDB5714B6DC269D1ECF232A44B18175F3B7B751B33A0?api-version=2023-09-01",
      "RequestMethod": "GET",
      "RequestHeaders": {
        "Accept-Encoding": "gzip",
        "Authorization": "Sanitized",
        "User-Agent": "azsdk-go-armmobilenetwork/v3.0.0 (go1.20.6; Windows_NT)"
      },
      "RequestBody": null,
      "StatusCode": 202,
      "ResponseHeaders": {
        "Azure-AsyncOperation": "https://management.azure.com/providers/Microsoft.MobileNetwork/locations/eastus/operationStatuses/00000000-0000-0000-0000-000000000000*7735CB1F96337985C6C9BDB5714B6DC269D1ECF232A44B18175F3B7B751B33A0?api-version=2023-09-01",
        "Cache-Control": "no-cache",
        "Content-Length": "539",
        "Content-Type": "application/json; charset=utf-8",
        "Date": "Thu, 24 Aug 2023 02:53:42 GMT",
        "ETag": "\u002200000000-0000-0000-0000-000000000000\u0022",
        "Expires": "-1",
        "Location": "https://management.azure.com/providers/Microsoft.MobileNetwork/locations/eastus/operationStatuses/00000000-0000-0000-0000-000000000000*7735CB1F96337985C6C9BDB5714B6DC269D1ECF232A44B18175F3B7B751B33A0?api-version=2023-09-01",
        "Pragma": "no-cache",
        "Strict-Transport-Security": "max-age=31536000; includeSubDomains",
        "X-Content-Type-Options": "nosniff",
        "x-ms-correlation-request-id": "00000000-0000-0000-0000-000000000000",
        "x-ms-ratelimit-remaining-tenant-reads": "11932",
        "x-ms-request-id": "00000000-0000-0000-0000-000000000000",
        "x-ms-routing-request-id": "SOUTHEASTASIA:20230824T025343Z:00000000-0000-0000-0000-000000000000"
      },
      "ResponseBody": {
        "id": "/providers/Microsoft.MobileNetwork/locations/EASTUS/operationStatuses/00000000-0000-0000-0000-000000000000*7735CB1F96337985C6C9BDB5714B6DC269D1ECF232A44B18175F3B7B751B33A0",
        "name": "00000000-0000-0000-0000-000000000000*7735CB1F96337985C6C9BDB5714B6DC269D1ECF232A44B18175F3B7B751B33A0",
        "resourceId": "/subscriptions/00000000-0000-0000-0000-000000000000/resourceGroups/go-sdk-test-rg/providers/Microsoft.MobileNetwork/mobileNetworks/mobileneOTbc8N/services/servicenhwzBSi",
        "status": "Deleting",
        "startTime": "2023-08-24T02:52:41.8752826Z"
      }
    },
    {
      "RequestUri": "https://management.azure.com/providers/Microsoft.MobileNetwork/locations/EASTUS/operationStatuses/00000000-0000-0000-0000-000000000000*7735CB1F96337985C6C9BDB5714B6DC269D1ECF232A44B18175F3B7B751B33A0?api-version=2023-09-01",
      "RequestMethod": "GET",
      "RequestHeaders": {
        "Accept-Encoding": "gzip",
        "Authorization": "Sanitized",
        "User-Agent": "azsdk-go-armmobilenetwork/v3.0.0 (go1.20.6; Windows_NT)"
      },
      "RequestBody": null,
      "StatusCode": 200,
      "ResponseHeaders": {
        "Cache-Control": "no-cache",
        "Content-Encoding": "gzip",
        "Content-Type": "application/json; charset=utf-8",
        "Date": "Thu, 24 Aug 2023 02:54:12 GMT",
        "ETag": "\u002200000000-0000-0000-0000-000000000000\u0022",
        "Expires": "-1",
        "Pragma": "no-cache",
        "Strict-Transport-Security": "max-age=31536000; includeSubDomains",
        "Transfer-Encoding": "chunked",
        "Vary": "Accept-Encoding",
        "X-Content-Type-Options": "nosniff",
        "x-ms-correlation-request-id": "00000000-0000-0000-0000-000000000000",
        "x-ms-ratelimit-remaining-tenant-reads": "11931",
        "x-ms-request-id": "00000000-0000-0000-0000-000000000000",
        "x-ms-routing-request-id": "SOUTHEASTASIA:20230824T025413Z:00000000-0000-0000-0000-000000000000"
      },
      "ResponseBody": {
        "id": "/providers/Microsoft.MobileNetwork/locations/EASTUS/operationStatuses/00000000-0000-0000-0000-000000000000*7735CB1F96337985C6C9BDB5714B6DC269D1ECF232A44B18175F3B7B751B33A0",
        "name": "00000000-0000-0000-0000-000000000000*7735CB1F96337985C6C9BDB5714B6DC269D1ECF232A44B18175F3B7B751B33A0",
        "resourceId": "/subscriptions/00000000-0000-0000-0000-000000000000/resourceGroups/go-sdk-test-rg/providers/Microsoft.MobileNetwork/mobileNetworks/mobileneOTbc8N/services/servicenhwzBSi",
        "status": "Succeeded",
        "startTime": "2023-08-24T02:52:41.8752826Z",
        "properties": null
      }
    },
    {
      "RequestUri": "https://management.azure.com/subscriptions/00000000-0000-0000-0000-000000000000/resourcegroups/go-sdk-test-rg?api-version=2021-04-01",
      "RequestMethod": "DELETE",
      "RequestHeaders": {
        "Accept": "application/json",
        "Accept-Encoding": "gzip",
        "Authorization": "Sanitized",
        "User-Agent": "azsdk-go-armresources/v1.0.0 (go1.20.6; Windows_NT)"
      },
      "RequestBody": null,
      "StatusCode": 202,
      "ResponseHeaders": {
        "Cache-Control": "no-cache",
        "Content-Length": "0",
        "Date": "Thu, 24 Aug 2023 02:54:15 GMT",
        "Expires": "-1",
        "Location": "https://management.azure.com/subscriptions/00000000-0000-0000-0000-000000000000/operationresults/eyJqb2JJZCI6IlJFU09VUkNFR1JPVVBERUxFVElPTkpPQi1HTzoyRFNESzoyRFRFU1Q6MkQ0MDMtRUFTVFVTIiwiam9iTG9jYXRpb24iOiJlYXN0dXMifQ?api-version=2021-04-01",
        "Pragma": "no-cache",
        "Retry-After": "15",
        "Strict-Transport-Security": "max-age=31536000; includeSubDomains",
        "X-Content-Type-Options": "nosniff",
        "x-ms-correlation-request-id": "00000000-0000-0000-0000-000000000000",
        "x-ms-ratelimit-remaining-subscription-deletes": "14987",
        "x-ms-request-id": "00000000-0000-0000-0000-000000000000",
        "x-ms-routing-request-id": "SOUTHEASTASIA:20230824T025416Z:00000000-0000-0000-0000-000000000000"
      },
      "ResponseBody": null
    }
  ],
  "Variables": {
    "randSeed": "1692845456",
    "recordingRandomSeed": "0"
  }
}
