{
  "Entries": [
    {
      "RequestUri": "https://management.azure.com/subscriptions/3846cb0f-4afa-47ee-8ea4-1c8449c8c8d9?api-version=2022-12-01",
      "RequestMethod": "GET",
      "RequestHeaders": {
        "Accept": "application/json",
        "Authorization": "Sanitized",
        "traceparent": "00-cbef53eb851b9099280daab6a00edf9f-cc30e81b8005a36d-00",
        "User-Agent": "azsdk-net-ResourceManager/1.13.0 (.NET 9.0.5; Microsoft Windows 10.0.22631)",
        "x-ms-client-request-id": "Sanitized",
        "x-ms-return-client-request-id": "true"
      },
      "RequestBody": null,
      "StatusCode": 200,
      "ResponseHeaders": {
        "Cache-Control": "no-cache",
        "Content-Length": "427",
        "Content-Type": "application/json; charset=utf-8",
        "Date": "Mon, 26 May 2025 06:26:53 GMT",
        "Expires": "-1",
        "Pragma": "no-cache",
        "Strict-Transport-Security": "max-age=31536000; includeSubDomains",
        "X-Cache": "CONFIG_NOCACHE",
        "X-Content-Type-Options": "nosniff",
        "x-ms-correlation-request-id": "f8a341aa-30e7-4329-af4b-54409436f7b4",
        "x-ms-ratelimit-remaining-subscription-global-reads": "16499",
        "x-ms-ratelimit-remaining-subscription-reads": "1099",
        "x-ms-request-id": "f8a341aa-30e7-4329-af4b-54409436f7b4",
        "x-ms-routing-request-id": "EASTUS:20250526T062653Z:f8a341aa-30e7-4329-af4b-54409436f7b4",
        "X-MSEdge-Ref": "Ref A: 3DB0284C2BE24D40BD6D4CA8966B2411 Ref B: MNZ221060610047 Ref C: 2025-05-26T06:26:53Z"
      },
      "ResponseBody": {
        "id": "/subscriptions/3846cb0f-4afa-47ee-8ea4-1c8449c8c8d9",
        "authorizationSource": "RoleBased",
        "managedByTenants": [],
        "tags": {
          "SkipNRMSNSG": "true"
        },
        "subscriptionId": "3846cb0f-4afa-47ee-8ea4-1c8449c8c8d9",
        "tenantId": "00000000-0000-0000-0000-000000000000",
        "displayName": "NSPInternalTest06",
        "state": "Enabled",
        "subscriptionPolicies": {
          "locationPlacementId": "Internal_2014-09-01",
          "quotaId": "Internal_2014-09-01",
          "spendingLimit": "Off"
        }
      }
    },
    {
      "RequestUri": "https://management.azure.com/subscriptions/3846cb0f-4afa-47ee-8ea4-1c8449c8c8d9/resourcegroups/rg-nsp-dot-net-sdk-test-971?api-version=2022-09-01",
      "RequestMethod": "PUT",
      "RequestHeaders": {
        "Accept": "application/json",
        "Authorization": "Sanitized",
        "Content-Length": "21",
        "Content-Type": "application/json",
        "traceparent": "00-b0d160567df7c3c616781b6cdefdac58-0cd856a50541ff1b-00",
        "User-Agent": "azsdk-net-ResourceManager/1.13.0 (.NET 9.0.5; Microsoft Windows 10.0.22631)",
        "x-ms-client-request-id": "Sanitized",
        "x-ms-return-client-request-id": "true"
      },
      "RequestBody": {
        "location": "westus"
      },
      "StatusCode": 201,
      "ResponseHeaders": {
        "Cache-Control": "no-cache",
        "Content-Length": "301",
        "Content-Type": "application/json; charset=utf-8",
        "Date": "Mon, 26 May 2025 06:26:54 GMT",
        "Expires": "-1",
        "Pragma": "no-cache",
        "Strict-Transport-Security": "max-age=31536000; includeSubDomains",
        "X-Cache": "CONFIG_NOCACHE",
        "X-Content-Type-Options": "nosniff",
        "x-ms-correlation-request-id": "a67d980d-fb22-4563-95e5-885c4e8b8085",
        "x-ms-ratelimit-remaining-subscription-global-writes": "11999",
        "x-ms-ratelimit-remaining-subscription-writes": "799",
        "x-ms-request-id": "a67d980d-fb22-4563-95e5-885c4e8b8085",
        "x-ms-routing-request-id": "EASTUS:20250526T062654Z:a67d980d-fb22-4563-95e5-885c4e8b8085",
        "X-MSEdge-Ref": "Ref A: 08F24C79B22C4FDD90E5183EF14DDDF4 Ref B: MNZ221060610047 Ref C: 2025-05-26T06:26:53Z"
      },
      "ResponseBody": {
        "id": "/subscriptions/3846cb0f-4afa-47ee-8ea4-1c8449c8c8d9/resourceGroups/rg-nsp-dot-net-sdk-test-971",
        "name": "rg-nsp-dot-net-sdk-test-971",
        "type": "Microsoft.Resources/resourceGroups",
        "location": "westus",
        "tags": {
          "Created": "2025-05-26T06:26:53.4915766Z"
        },
        "properties": {
          "provisioningState": "Succeeded"
        }
      }
    },
    {
      "RequestUri": "https://management.azure.com/subscriptions/3846cb0f-4afa-47ee-8ea4-1c8449c8c8d9/resourceGroups/rg-nsp-dot-net-sdk-test-971/providers/Microsoft.Network/networkSecurityPerimeters/nsp-dot-net-sdk-test-5402?api-version=2024-07-01",
      "RequestMethod": "PUT",
      "RequestHeaders": {
        "Accept": "application/json",
        "Authorization": "Sanitized",
        "Content-Length": "37",
        "Content-Type": "application/json",
        "traceparent": "00-a6d45a239a1069bbf22232e82a262e0e-29b88e02b612427f-00",
        "User-Agent": "azsdk-net-ResourceManager.Network/1.11.0-alpha.20250521.1 (.NET 9.0.5; Microsoft Windows 10.0.22631)",
        "x-ms-client-request-id": "Sanitized",
        "x-ms-return-client-request-id": "true"
      },
      "RequestBody": {
        "location": "westus",
        "properties": {}
      },
      "StatusCode": 200,
      "ResponseHeaders": {
        "Cache-Control": "no-cache",
        "Content-Length": "413",
        "Content-Type": "application/json; charset=utf-8",
        "Date": "Mon, 26 May 2025 06:26:56 GMT",
        "Expires": "-1",
        "Pragma": "no-cache",
        "Strict-Transport-Security": "max-age=31536000; includeSubDomains",
        "X-Cache": "CONFIG_NOCACHE",
        "X-Content-Type-Options": "nosniff",
        "x-ms-correlation-request-id": "b1c2ec2c-0661-4868-ab40-e449c9a8dc5c",
        "x-ms-operation-identifier": "tenantId=72f988bf-86f1-41af-91ab-2d7cd011db47,objectId=37ca76fe-83f1-4c59-823b-b1953db8111c/eastus/d0de9cd8-cac2-47df-9614-cd020c6c0de8",
        "x-ms-ratelimit-remaining-subscription-global-writes": "11999",
        "x-ms-ratelimit-remaining-subscription-writes": "799",
        "x-ms-request-id": "b1c2ec2c-0661-4868-ab40-e449c9a8dc5c",
        "x-ms-routing-request-id": "EASTUS:20250526T062656Z:b1c2ec2c-0661-4868-ab40-e449c9a8dc5c",
        "X-MSEdge-Ref": "Ref A: CC2F0B18BE6A45248C0F1CB98B091580 Ref B: MNZ221060610047 Ref C: 2025-05-26T06:26:54Z"
      },
      "ResponseBody": {
        "name": "nsp-dot-net-sdk-test-5402",
        "id": "/subscriptions/3846cb0f-4afa-47ee-8ea4-1c8449c8c8d9/resourceGroups/rg-nsp-dot-net-sdk-test-971/providers/Microsoft.Network/networkSecurityPerimeters/nsp-dot-net-sdk-test-5402",
        "location": "westus",
        "type": "Microsoft.Network/networkSecurityPerimeters",
        "tags": {},
        "etag": "",
        "properties": {
          "perimeterGuid": "b8470f35-1ae8-4a5a-bc5d-3ee31a367963",
          "provisioningState": "Succeeded"
        }
      }
    },
    {
      "RequestUri": "https://management.azure.com/subscriptions/3846cb0f-4afa-47ee-8ea4-1c8449c8c8d9/resourceGroups/rg-nsp-dot-net-sdk-test-971/providers/Microsoft.Network/networkSecurityPerimeters/nsp-dot-net-sdk-test-5402/loggingConfigurations/instance?api-version=2024-07-01",
      "RequestMethod": "PUT",
      "RequestHeaders": {
        "Accept": "application/json",
        "Authorization": "Sanitized",
        "Content-Length": "120",
        "Content-Type": "application/json",
        "traceparent": "00-3f98b3a49f7a64382f8bc951928d2e28-2b015d52800a3b4d-00",
        "User-Agent": "azsdk-net-ResourceManager.Network/1.11.0-alpha.20250521.1 (.NET 9.0.5; Microsoft Windows 10.0.22631)",
        "x-ms-client-request-id": "Sanitized",
        "x-ms-return-client-request-id": "true"
      },
      "RequestBody": {
        "properties": {
          "enabledLogCategories": [
            "NspPublicInboundPerimeterRulesDenied",
            "NspPublicOutboundPerimeterRulesDenied"
          ]
        }
      },
      "StatusCode": 200,
      "ResponseHeaders": {
        "Cache-Control": "no-cache",
        "Content-Length": "461",
        "Content-Type": "application/json; charset=utf-8",
        "Date": "Mon, 26 May 2025 06:26:58 GMT",
        "Expires": "-1",
        "Pragma": "no-cache",
        "Strict-Transport-Security": "max-age=31536000; includeSubDomains",
        "X-Cache": "CONFIG_NOCACHE",
        "X-Content-Type-Options": "nosniff",
        "x-ms-correlation-request-id": "74f14432-1867-4c7d-81ac-9d5616b6c08e",
        "x-ms-operation-identifier": "tenantId=72f988bf-86f1-41af-91ab-2d7cd011db47,objectId=37ca76fe-83f1-4c59-823b-b1953db8111c/eastus/df63e2cf-12dd-4cfd-95e7-23bd2e237c9c",
        "x-ms-ratelimit-remaining-subscription-global-writes": "11999",
        "x-ms-ratelimit-remaining-subscription-writes": "799",
        "x-ms-request-id": "74f14432-1867-4c7d-81ac-9d5616b6c08e",
        "x-ms-routing-request-id": "EASTUS:20250526T062658Z:74f14432-1867-4c7d-81ac-9d5616b6c08e",
        "X-MSEdge-Ref": "Ref A: 7BD6BEAF34FC45DB8588905CCD220E47 Ref B: MNZ221060610047 Ref C: 2025-05-26T06:26:56Z"
      },
      "ResponseBody": {
        "name": "instance",
        "id": "/subscriptions/3846cb0f-4afa-47ee-8ea4-1c8449c8c8d9/resourceGroups/rg-nsp-dot-net-sdk-test-971/providers/Microsoft.Network/networkSecurityPerimeters/nsp-dot-net-sdk-test-5402/loggingConfigurations/instance",
        "type": "Microsoft.Network/networkSecurityPerimeters/loggingConfigurations",
        "properties": {
          "version": "1",
          "enabledLogCategories": [
            "NspPublicInboundPerimeterRulesDenied",
            "NspPublicOutboundPerimeterRulesDenied"
          ],
          "destinationType": []
        }
      }
    },
    {
      "RequestUri": "https://management.azure.com/subscriptions/3846cb0f-4afa-47ee-8ea4-1c8449c8c8d9/resourceGroups/rg-nsp-dot-net-sdk-test-971/providers/Microsoft.Network/networkSecurityPerimeters/nsp-dot-net-sdk-test-5402/loggingConfigurations/instance?api-version=2024-07-01",
      "RequestMethod": "GET",
      "RequestHeaders": {
        "Accept": "application/json",
        "Authorization": "Sanitized",
        "traceparent": "00-fffba4dfae085f95ea5ec52878e6bed2-31beb3a6df6935b5-00",
        "User-Agent": "azsdk-net-ResourceManager.Network/1.11.0-alpha.20250521.1 (.NET 9.0.5; Microsoft Windows 10.0.22631)",
        "x-ms-client-request-id": "Sanitized",
        "x-ms-return-client-request-id": "true"
      },
      "RequestBody": null,
      "StatusCode": 200,
      "ResponseHeaders": {
        "Cache-Control": "no-cache",
        "Content-Length": "461",
        "Content-Type": "application/json; charset=utf-8",
        "Date": "Mon, 26 May 2025 06:26:58 GMT",
        "Expires": "-1",
        "Pragma": "no-cache",
        "Strict-Transport-Security": "max-age=31536000; includeSubDomains",
        "X-Cache": "CONFIG_NOCACHE",
        "X-Content-Type-Options": "nosniff",
        "x-ms-correlation-request-id": "e0bb9f80-8146-4623-af1b-91d125404286",
        "x-ms-operation-identifier": "tenantId=72f988bf-86f1-41af-91ab-2d7cd011db47,objectId=37ca76fe-83f1-4c59-823b-b1953db8111c/eastus/45e2adc7-537c-4790-bd1f-74fb2c62ab21",
        "x-ms-ratelimit-remaining-subscription-global-reads": "16499",
        "x-ms-ratelimit-remaining-subscription-reads": "1099",
        "x-ms-request-id": "e0bb9f80-8146-4623-af1b-91d125404286",
        "x-ms-routing-request-id": "EASTUS:20250526T062659Z:e0bb9f80-8146-4623-af1b-91d125404286",
        "X-MSEdge-Ref": "Ref A: 460EC97775EB4F709B8CCBE48AB5552F Ref B: MNZ221060610047 Ref C: 2025-05-26T06:26:58Z"
      },
      "ResponseBody": {
        "name": "instance",
        "id": "/subscriptions/3846cb0f-4afa-47ee-8ea4-1c8449c8c8d9/resourceGroups/rg-nsp-dot-net-sdk-test-971/providers/Microsoft.Network/networkSecurityPerimeters/nsp-dot-net-sdk-test-5402/loggingConfigurations/instance",
        "type": "Microsoft.Network/networkSecurityPerimeters/loggingConfigurations",
        "properties": {
          "version": "1",
          "enabledLogCategories": [
            "NspPublicInboundPerimeterRulesDenied",
            "NspPublicOutboundPerimeterRulesDenied"
          ],
          "destinationType": []
        }
      }
    },
    {
      "RequestUri": "https://management.azure.com/subscriptions/3846cb0f-4afa-47ee-8ea4-1c8449c8c8d9/resourceGroups/rg-nsp-dot-net-sdk-test-971/providers/Microsoft.Network/networkSecurityPerimeters/nsp-dot-net-sdk-test-5402/loggingConfigurations/instance?api-version=2024-07-01",
      "RequestMethod": "DELETE",
      "RequestHeaders": {
        "Accept": "application/json",
        "Authorization": "Sanitized",
        "traceparent": "00-9ee86d96fda3221fe5babc87743f7861-eed689b633267eb1-00",
        "User-Agent": "azsdk-net-ResourceManager.Network/1.11.0-alpha.20250521.1 (.NET 9.0.5; Microsoft Windows 10.0.22631)",
        "x-ms-client-request-id": "Sanitized",
        "x-ms-return-client-request-id": "true"
      },
      "RequestBody": null,
      "StatusCode": 200,
      "ResponseHeaders": {
        "Cache-Control": "no-cache",
        "Content-Length": "0",
        "Date": "Mon, 26 May 2025 06:27:00 GMT",
        "Expires": "-1",
        "Pragma": "no-cache",
        "Strict-Transport-Security": "max-age=31536000; includeSubDomains",
        "X-Cache": "CONFIG_NOCACHE",
        "X-Content-Type-Options": "nosniff",
        "x-ms-correlation-request-id": "2de94800-94ae-4da4-bd80-6b01c4f48340",
        "x-ms-operation-identifier": "tenantId=72f988bf-86f1-41af-91ab-2d7cd011db47,objectId=37ca76fe-83f1-4c59-823b-b1953db8111c/eastus/006c3878-5473-4a1c-8f9b-329bcc018a56",
        "x-ms-ratelimit-remaining-subscription-deletes": "799",
        "x-ms-ratelimit-remaining-subscription-global-deletes": "11999",
        "x-ms-request-id": "2de94800-94ae-4da4-bd80-6b01c4f48340",
        "x-ms-routing-request-id": "EASTUS:20250526T062700Z:2de94800-94ae-4da4-bd80-6b01c4f48340",
        "X-MSEdge-Ref": "Ref A: 02B9A004136841CFB7D6293974CA242F Ref B: MNZ221060610047 Ref C: 2025-05-26T06:26:59Z"
      },
      "ResponseBody": null
    },
    {
      "RequestUri": "https://management.azure.com/subscriptions/3846cb0f-4afa-47ee-8ea4-1c8449c8c8d9/resourceGroups/rg-nsp-dot-net-sdk-test-971/providers/Microsoft.Network/networkSecurityPerimeters/nsp-dot-net-sdk-test-5402/loggingConfigurations/instance?api-version=2024-07-01",
      "RequestMethod": "GET",
      "RequestHeaders": {
        "Accept": "application/json",
        "Authorization": "Sanitized",
        "traceparent": "00-7f982aa81f5b1187b40c1a179b460c19-6acf58239d32eeb4-00",
        "User-Agent": "azsdk-net-ResourceManager.Network/1.11.0-alpha.20250521.1 (.NET 9.0.5; Microsoft Windows 10.0.22631)",
        "x-ms-client-request-id": "Sanitized",
        "x-ms-return-client-request-id": "true"
      },
      "RequestBody": null,
      "StatusCode": 404,
      "ResponseHeaders": {
        "Cache-Control": "no-cache",
        "Content-Length": "293",
        "Content-Type": "application/json; charset=utf-8",
        "Date": "Mon, 26 May 2025 06:27:01 GMT",
        "Expires": "-1",
        "Pragma": "no-cache",
        "Strict-Transport-Security": "max-age=31536000; includeSubDomains",
        "X-Cache": "CONFIG_NOCACHE",
        "X-Content-Type-Options": "nosniff",
        "x-ms-correlation-request-id": "44b35315-d540-4175-9907-f0b70cb1e0a4",
        "x-ms-operation-identifier": "tenantId=72f988bf-86f1-41af-91ab-2d7cd011db47,objectId=37ca76fe-83f1-4c59-823b-b1953db8111c/eastus/0f33c13f-eba9-4ca0-ac41-5cc22dd1f3ed",
        "x-ms-ratelimit-remaining-subscription-global-reads": "16499",
        "x-ms-ratelimit-remaining-subscription-reads": "1099",
        "x-ms-request-id": "44b35315-d540-4175-9907-f0b70cb1e0a4",
        "x-ms-routing-request-id": "EASTUS:20250526T062701Z:44b35315-d540-4175-9907-f0b70cb1e0a4",
        "X-MSEdge-Ref": "Ref A: 27949EAAE3EA429E9BBE4A1F263C9E35 Ref B: MNZ221060610047 Ref C: 2025-05-26T06:27:00Z"
      },
      "ResponseBody": {
        "error": {
          "message": "Resource [/subscriptions/3846cb0f-4afa-47ee-8ea4-1c8449c8c8d9/resourceGroups/rg-nsp-dot-net-sdk-test-971/providers/Microsoft.Network/networkSecurityPerimeters/nsp-dot-net-sdk-test-5402/loggingConfigurations/instance] does not exist or has been deleted",
          "code": "NotFound"
        }
      }
    }
  ],
  "Variables": {
    "LOCATION": "westus",
    "RandomSeed": "1856447429",
    "RESOURCE_MANAGER_URL": "https://management.azure.com/",
    "SUBSCRIPTION_ID": "3846cb0f-4afa-47ee-8ea4-1c8449c8c8d9"
  }
}
