{
  "Entries": [
    {
      "RequestUri": "https://management.azure.com/subscriptions/9fd9eff4-f386-452e-9893-06417ff6e808?api-version=2022-12-01",
      "RequestMethod": "GET",
      "RequestHeaders": {
        "Accept": "application/json",
        "Authorization": "Sanitized",
        "traceparent": "00-a08318cd2c4750e996fb7391c416b42f-9ccf610d0ff4f5f0-00",
        "User-Agent": "azsdk-net-ResourceManager/1.13.0 (.NET 6.0.36; Microsoft Windows 10.0.22631)",
        "x-ms-client-request-id": "Sanitized",
        "x-ms-return-client-request-id": "true"
      },
      "RequestBody": null,
      "StatusCode": 200,
      "ResponseHeaders": {
        "Cache-Control": "no-cache",
        "Content-Length": "489",
        "Content-Type": "application/json; charset=utf-8",
        "Date": "Wed, 18 Dec 2024 06:00:26 GMT",
        "Expires": "-1",
        "Pragma": "no-cache",
        "Strict-Transport-Security": "max-age=31536000; includeSubDomains",
        "X-Cache": "CONFIG_NOCACHE",
        "X-Content-Type-Options": "nosniff",
        "x-ms-correlation-request-id": "47493450-79e8-45d8-b26f-d68ad5cdd6a6",
        "x-ms-ratelimit-remaining-subscription-global-reads": "16498",
        "x-ms-ratelimit-remaining-subscription-reads": "1098",
        "x-ms-request-id": "47493450-79e8-45d8-b26f-d68ad5cdd6a6",
        "x-ms-routing-request-id": "SOUTHINDIA:20241218T060026Z:47493450-79e8-45d8-b26f-d68ad5cdd6a6",
        "X-MSEdge-Ref": "Ref A: 8307501BECA640419F75E0FB00FEA4CB Ref B: MAA201060514049 Ref C: 2024-12-18T06:00:26Z"
      },
      "ResponseBody": {
        "id": "/subscriptions/9fd9eff4-f386-452e-9893-06417ff6e808",
        "authorizationSource": "RoleBased",
        "managedByTenants": [],
        "tags": {
          "NRMSBreakGlassNonHighRisk ": "295409286",
          "NRMS.NSP-extension": "CloudShell"
        },
        "subscriptionId": "9fd9eff4-f386-452e-9893-06417ff6e808",
        "tenantId": "00000000-0000-0000-0000-000000000000",
        "displayName": "PlaywrightServiceInternal",
        "state": "Enabled",
        "subscriptionPolicies": {
          "locationPlacementId": "Internal_2014-09-01",
          "quotaId": "Internal_2014-09-01",
          "spendingLimit": "Off"
        }
      }
    },
    {
      "RequestUri": "https://management.azure.com/subscriptions/9fd9eff4-f386-452e-9893-06417ff6e808?api-version=2022-12-01",
      "RequestMethod": "GET",
      "RequestHeaders": {
        "Accept": "application/json",
        "Authorization": "Sanitized",
        "traceparent": "00-c7264a63600e06dc77e3a47f9780ab1c-726b18c7af7baaa7-00",
        "User-Agent": "azsdk-net-ResourceManager/1.13.0 (.NET 6.0.36; Microsoft Windows 10.0.22631)",
        "x-ms-client-request-id": "Sanitized",
        "x-ms-return-client-request-id": "true"
      },
      "RequestBody": null,
      "StatusCode": 200,
      "ResponseHeaders": {
        "Cache-Control": "no-cache",
        "Content-Length": "489",
        "Content-Type": "application/json; charset=utf-8",
        "Date": "Wed, 18 Dec 2024 06:00:26 GMT",
        "Expires": "-1",
        "Pragma": "no-cache",
        "Strict-Transport-Security": "max-age=31536000; includeSubDomains",
        "X-Cache": "CONFIG_NOCACHE",
        "X-Content-Type-Options": "nosniff",
        "x-ms-correlation-request-id": "5d2baddd-d512-44d5-a903-5a344b0b76a7",
        "x-ms-ratelimit-remaining-subscription-global-reads": "16499",
        "x-ms-ratelimit-remaining-subscription-reads": "1099",
        "x-ms-request-id": "5d2baddd-d512-44d5-a903-5a344b0b76a7",
        "x-ms-routing-request-id": "SOUTHINDIA:20241218T060026Z:5d2baddd-d512-44d5-a903-5a344b0b76a7",
        "X-MSEdge-Ref": "Ref A: 287918AC3FDF4321BD18F58D04A31FA0 Ref B: MAA201060514049 Ref C: 2024-12-18T06:00:26Z"
      },
      "ResponseBody": {
        "id": "/subscriptions/9fd9eff4-f386-452e-9893-06417ff6e808",
        "authorizationSource": "RoleBased",
        "managedByTenants": [],
        "tags": {
          "NRMSBreakGlassNonHighRisk ": "295409286",
          "NRMS.NSP-extension": "CloudShell"
        },
        "subscriptionId": "9fd9eff4-f386-452e-9893-06417ff6e808",
        "tenantId": "00000000-0000-0000-0000-000000000000",
        "displayName": "PlaywrightServiceInternal",
        "state": "Enabled",
        "subscriptionPolicies": {
          "locationPlacementId": "Internal_2014-09-01",
          "quotaId": "Internal_2014-09-01",
          "spendingLimit": "Off"
        }
      }
    },
    {
      "RequestUri": "https://management.azure.com/subscriptions/9fd9eff4-f386-452e-9893-06417ff6e808/resourceGroups/sdkRG1386/providers/Microsoft.AzurePlaywrightService/accounts/testingWS/quotas/Reporting?api-version=2024-12-01",
      "RequestMethod": "GET",
      "RequestHeaders": {
        "Accept": "application/json",
        "Authorization": "Sanitized",
        "User-Agent": "azsdk-net-ResourceManager.PlaywrightTesting/1.0.0-alpha.20241218.1 (.NET 6.0.36; Microsoft Windows 10.0.22631)",
        "x-ms-client-request-id": "Sanitized",
        "x-ms-return-client-request-id": "true"
      },
      "RequestBody": null,
      "StatusCode": 404,
      "ResponseHeaders": {
        "Cache-Control": "no-cache",
        "Content-Length": "135",
        "Content-Type": "application/json",
        "Date": "Wed, 18 Dec 2024 06:00:27 GMT",
        "Expires": "-1",
        "mise-correlation-id": "5442dd22-91db-4d45-8d69-e57a97182c80",
        "Pragma": "no-cache",
        "Set-Cookie": [
          "Sanitized",
          "Sanitized"
        ],
        "Strict-Transport-Security": "max-age=31536000; includeSubDomains",
        "User-Agent": "azsdk-net-ResourceManager.PlaywrightTesting/1.0.0-alpha.20241218.1 (.NET 6.0.36; Microsoft Windows 10.0.22631)",
        "x-azure-ref": "Sanitized",
        "X-Cache": "CONFIG_NOCACHE",
        "X-Content-Type-Options": "nosniff",
        "x-correlation-id": "968160ed-6679-4b52-937b-5a065944036f",
        "x-ms-client-request-id": "Sanitized",
        "x-ms-correlation-request-id": "968160ed-6679-4b52-937b-5a065944036f",
        "x-ms-failure-cause": "service",
        "x-ms-providerhub-traffic": "True",
        "x-ms-ratelimit-remaining-subscription-global-reads": "16499",
        "x-ms-ratelimit-remaining-subscription-reads": "1099",
        "x-ms-request-id": "4a5690fb-01ff-4f17-add7-fc9ecf792840",
        "x-ms-routing-request-id": "WESTINDIA:20241218T060027Z:968160ed-6679-4b52-937b-5a065944036f",
        "X-MSEdge-Ref": "Ref A: A45A1D335A984A8AA867D0E90B64DB4E Ref B: MAA201060514049 Ref C: 2024-12-18T06:00:26Z"
      },
      "ResponseBody": {
        "error": {
          "code": "NotFound",
          "message": "The data for the account or free-trial was not found. Please check the request and try again."
        }
      }
    }
  ],
  "Variables": {
    "AZURE_AUTHORITY_HOST": "https://login.microsoftonline.com",
    "CLIENT_ID": "dbb2efd4-5e21-4aa5-82b9-625263bb0eaf",
    "RandomSeed": "1522035749",
    "RESOURCE_MANAGER_URL": null,
    "SUBSCRIPTION_ID": "9fd9eff4-f386-452e-9893-06417ff6e808",
    "TENANT_ID": "72f988bf-86f1-41af-91ab-2d7cd011db47"
  }
}
