{
  "Entries": [
    {
      "RequestUri": "https://Sanitized.table.core.windows.net/Tables",
      "RequestMethod": "POST",
      "RequestHeaders": {
        "Accept": "application/json;odata=minimalmetadata",
        "Accept-Encoding": "gzip",
        "Authorization": "Sanitized",
        "Content-Length": "35",
        "Content-Type": "application/json",
        "DataServiceVersion": "3.0",
        "User-Agent": "azsdk-go-aztables/v1.2.1 (go1.22.2; linux)",
        "X-Ms-Date": "Sat, 18 May 2024 00:03:59 GMT",
        "x-ms-version": "2019-02-02"
      },
      "RequestBody": {
        "TableName": "tableName1318965604"
      },
      "StatusCode": 201,
      "ResponseHeaders": {
        "Cache-Control": "no-cache",
        "Content-Type": "application/json; odata=minimalmetadata; streaming=true; charset=utf-8",
        "Date": "Sat, 18 May 2024 00:03:40 GMT",
        "Location": "Sanitized",
        "Server": [
          "Windows-Azure-Table/1.0",
          "Microsoft-HTTPAPI/2.0"
        ],
        "Transfer-Encoding": "chunked",
        "X-Content-Type-Options": "nosniff",
        "x-ms-request-id": "Sanitized",
        "x-ms-version": "2019-02-02"
      },
      "ResponseBody": {
        "odata.metadata": "https://Sanitized.table.core.windows.net/$metadata#Tables/@Element",
        "TableName": "tableName1318965604"
      }
    },
    {
      "RequestUri": "https://Sanitized.table.core.windows.net/tableName1318965604",
      "RequestMethod": "POST",
      "RequestHeaders": {
        "Accept": "application/json;odata=minimalmetadata",
        "Accept-Encoding": "gzip",
        "Authorization": "Sanitized",
        "Content-Length": "371",
        "Content-Type": "application/json",
        "DataServiceVersion": "3.0",
        "User-Agent": "azsdk-go-aztables/v1.2.1 (go1.22.2; linux)",
        "X-Ms-Date": "Sat, 18 May 2024 00:03:59 GMT",
        "x-ms-version": "2019-02-02"
      },
      "RequestBody": {
        "Binary": "U29tZUJpbmFyeQ==",
        "Binary@odata.type": "Edm.Binary",
        "Bool": false,
        "DateTime": "2013-08-02T17:37:43.0090043Z",
        "DateTime@odata.type": "Edm.DateTime",
        "Double": 1234.1234,
        "Guid": "4185404a-5818-48c3-b9be-f217df0dba6f",
        "Guid@odata.type": "Edm.Guid",
        "Int32": 1234,
        "Int64": "123456789012",
        "Int64@odata.type": "Edm.Int64",
        "PartitionKey": "partition",
        "RowKey": "1",
        "String": "test"
      },
      "StatusCode": 201,
      "ResponseHeaders": {
        "Cache-Control": "no-cache",
        "Content-Type": "application/json; odata=minimalmetadata; streaming=true; charset=utf-8",
        "Date": "Sat, 18 May 2024 00:03:41 GMT",
        "ETag": "W/\"datetime'2024-05-18T00%3A03%3A41.5008454Z'\"",
        "Location": "Sanitized",
        "Server": [
          "Windows-Azure-Table/1.0",
          "Microsoft-HTTPAPI/2.0"
        ],
        "Transfer-Encoding": "chunked",
        "X-Content-Type-Options": "nosniff",
        "x-ms-request-id": "Sanitized",
        "x-ms-version": "2019-02-02"
      },
      "ResponseBody": {
        "odata.metadata": "https://Sanitized.table.core.windows.net/$metadata#tableName1318965604/@Element",
        "odata.etag": "W/\"datetime'2024-05-18T00%3A03%3A41.5008454Z'\"",
        "PartitionKey": "partition",
        "RowKey": "1",
        "Timestamp": "2024-05-18T00:03:41.5008454Z",
        "Binary@odata.type": "Edm.Binary",
        "Binary": "U29tZUJpbmFyeQ==",
        "Bool": false,
        "DateTime@odata.type": "Edm.DateTime",
        "DateTime": "2013-08-02T17:37:43.0090043Z",
        "Double": 1234.1234,
        "Guid@odata.type": "Edm.Guid",
        "Guid": "4185404a-5818-48c3-b9be-f217df0dba6f",
        "Int32": 1234,
        "Int64@odata.type": "Edm.Int64",
        "Int64": "123456789012",
        "String": "test"
      }
    },
    {
      "RequestUri": "https://Sanitized.table.core.windows.net/tableName1318965604(PartitionKey='partition',RowKey='1')",
      "RequestMethod": "GET",
      "RequestHeaders": {
        "Accept": "application/json;odata=minimalmetadata",
        "Accept-Encoding": "gzip",
        "Authorization": "Sanitized",
        "DataServiceVersion": "3.0",
        "User-Agent": "azsdk-go-aztables/v1.2.1 (go1.22.2; linux)",
        "X-Ms-Date": "Sat, 18 May 2024 00:03:59 GMT",
        "x-ms-version": "2019-02-02"
      },
      "RequestBody": null,
      "StatusCode": 200,
      "ResponseHeaders": {
        "Cache-Control": "no-cache",
        "Content-Type": "application/json; odata=minimalmetadata; streaming=true; charset=utf-8",
        "Date": "Sat, 18 May 2024 00:03:41 GMT",
        "ETag": "W/\"datetime'2024-05-18T00%3A03%3A41.5008454Z'\"",
        "Server": [
          "Windows-Azure-Table/1.0",
          "Microsoft-HTTPAPI/2.0"
        ],
        "Transfer-Encoding": "chunked",
        "Vary": "Origin",
        "X-Content-Type-Options": "nosniff",
        "x-ms-request-id": "Sanitized",
        "x-ms-version": "2019-02-02"
      },
      "ResponseBody": {
        "odata.metadata": "https://Sanitized.table.core.windows.net/$metadata#tableName1318965604/@Element",
        "odata.etag": "W/\"datetime'2024-05-18T00%3A03%3A41.5008454Z'\"",
        "PartitionKey": "partition",
        "RowKey": "1",
        "Timestamp": "2024-05-18T00:03:41.5008454Z",
        "Binary@odata.type": "Edm.Binary",
        "Binary": "U29tZUJpbmFyeQ==",
        "Bool": false,
        "DateTime@odata.type": "Edm.DateTime",
        "DateTime": "2013-08-02T17:37:43.0090043Z",
        "Double": 1234.1234,
        "Guid@odata.type": "Edm.Guid",
        "Guid": "4185404a-5818-48c3-b9be-f217df0dba6f",
        "Int32": 1234,
        "Int64@odata.type": "Edm.Int64",
        "Int64": "123456789012",
        "String": "test"
      }
    },
    {
      "RequestUri": "https://Sanitized.table.core.windows.net/Tables('tableName1318965604')",
      "RequestMethod": "DELETE",
      "RequestHeaders": {
        "Accept": "application/json",
        "Accept-Encoding": "gzip",
        "Authorization": "Sanitized",
        "User-Agent": "azsdk-go-aztables/v1.2.1 (go1.22.2; linux)",
        "X-Ms-Date": "Sat, 18 May 2024 00:03:59 GMT",
        "x-ms-version": "2019-02-02"
      },
      "RequestBody": null,
      "StatusCode": 204,
      "ResponseHeaders": {
        "Cache-Control": "no-cache",
        "Content-Length": "0",
        "Date": "Sat, 18 May 2024 00:03:41 GMT",
        "Server": [
          "Windows-Azure-Table/1.0",
          "Microsoft-HTTPAPI/2.0"
        ],
        "X-Content-Type-Options": "nosniff",
        "x-ms-request-id": "Sanitized",
        "x-ms-version": "2019-02-02"
      },
      "ResponseBody": null
    }
  ],
  "Variables": {}
}
