{
  "Entries": [
    {
      "RequestUri": "https://keyvault_name.vault.azure.net/keys/CRUDKeyName-cangetakey-/create?api-version=7.6-preview.1",
      "RequestMethod": "POST",
      "RequestHeaders": {
        "Accept": "application/json",
        "Accept-Encoding": "gzip, deflate, br",
        "Connection": "keep-alive",
        "Content-Length": "0",
        "Content-Type": "application/json",
        "Referer": "http://localhost:9329/",
        "sec-ch-ua": "\"Chromium\";v=\"124\", \"HeadlessChrome\";v=\"124\", \"Not-A.Brand\";v=\"99\"",
        "sec-ch-ua-mobile": "?0",
        "sec-ch-ua-platform": "\"Linux\"",
        "Sec-Fetch-Dest": "empty",
        "Sec-Fetch-Mode": "cors",
        "Sec-Fetch-Site": "same-site",
        "User-Agent": "Mozilla/5.0 (X11; Linux x86_64) AppleWebKit/537.36 (KHTML, like Gecko) HeadlessChrome/124.0.6367.78 Safari/537.36",
        "x-ms-client-request-id": "4e47514e-a3eb-4d1b-99fb-14c424bc316f",
        "x-ms-useragent": "azsdk-js-keyvault-keys/4.9.0-beta.1 azsdk-js-keyvault-keys/4.9.0-beta.1 core-rest-pipeline/1.16.0 OS/Linux"
      },
      "RequestBody": null,
      "StatusCode": 401,
      "ResponseHeaders": {
        "Cache-Control": "no-cache",
        "Content-Length": "97",
        "Content-Type": "application/json; charset=utf-8",
        "Date": "Fri, 03 May 2024 18:51:47 GMT",
        "Expires": "-1",
        "Pragma": "no-cache",
        "Strict-Transport-Security": "max-age=31536000;includeSubDomains",
        "WWW-Authenticate": "Bearer authorization=\"https://login.microsoftonline.com/72f988bf-86f1-41af-91ab-2d7cd011db47\", resource=\"https://vault.azure.net\"",
        "X-Content-Type-Options": "nosniff",
        "x-ms-client-request-id": "4e47514e-a3eb-4d1b-99fb-14c424bc316f",
        "x-ms-keyvault-network-info": "conn_type=Ipv4;addr=136.27.55.163;act_addr_fam=InterNetwork;",
        "x-ms-keyvault-region": "australiaeast",
        "x-ms-keyvault-service-version": "1.9.1430.6",
        "x-ms-request-id": "18b53c49-52c6-4c5c-aea1-8b39c04eb98f"
      },
      "ResponseBody": {
        "error": {
          "code": "Unauthorized",
          "message": "AKV10000: Request is missing a Bearer or PoP token."
        }
      }
    },
    {
      "RequestUri": "https://keyvault_name.vault.azure.net/keys/CRUDKeyName-cangetakey-/create?api-version=7.6-preview.1",
      "RequestMethod": "POST",
      "RequestHeaders": {
        "Accept": "application/json",
        "Accept-Encoding": "gzip, deflate, br",
        "Authorization": "Sanitized",
        "Connection": "keep-alive",
        "Content-Length": "13",
        "Content-Type": "application/json",
        "Referer": "http://localhost:9329/",
        "sec-ch-ua": "\"Chromium\";v=\"124\", \"HeadlessChrome\";v=\"124\", \"Not-A.Brand\";v=\"99\"",
        "sec-ch-ua-mobile": "?0",
        "sec-ch-ua-platform": "\"Linux\"",
        "Sec-Fetch-Dest": "empty",
        "Sec-Fetch-Mode": "cors",
        "Sec-Fetch-Site": "same-site",
        "User-Agent": "Mozilla/5.0 (X11; Linux x86_64) AppleWebKit/537.36 (KHTML, like Gecko) HeadlessChrome/124.0.6367.78 Safari/537.36",
        "x-ms-client-request-id": "4e47514e-a3eb-4d1b-99fb-14c424bc316f",
        "x-ms-useragent": "azsdk-js-keyvault-keys/4.9.0-beta.1 azsdk-js-keyvault-keys/4.9.0-beta.1 core-rest-pipeline/1.16.0 OS/Linux"
      },
      "RequestBody": {
        "kty": "RSA"
      },
      "StatusCode": 200,
      "ResponseHeaders": {
        "Cache-Control": "no-cache",
        "Content-Length": "738",
        "Content-Type": "application/json; charset=utf-8",
        "Date": "Fri, 03 May 2024 18:51:49 GMT",
        "Expires": "-1",
        "Pragma": "no-cache",
        "Strict-Transport-Security": "max-age=31536000;includeSubDomains",
        "X-Content-Type-Options": "nosniff",
        "x-ms-client-request-id": "4e47514e-a3eb-4d1b-99fb-14c424bc316f",
        "x-ms-keyvault-network-info": "conn_type=Ipv4;addr=136.27.55.163;act_addr_fam=InterNetwork;",
        "x-ms-keyvault-rbac-assignment-id": "effcde4ed8cf56e2a589b88abe5107bc",
        "x-ms-keyvault-region": "australiaeast",
        "x-ms-keyvault-service-version": "1.9.1430.6",
        "x-ms-request-id": "f797f585-61b5-4a00-bfff-3b8e54680f43"
      },
      "ResponseBody": {
        "key": {
          "kid": "https://keyvault_name.vault.azure.net/keys/CRUDKeyName-cangetakey-/0e5fbd9295084177b2da383f7c87525e",
          "kty": "RSA",
          "key_ops": [
            "encrypt",
            "decrypt",
            "sign",
            "verify",
            "wrapKey",
            "unwrapKey"
          ],
          "n": "tC4NWqQv1Nf418XNKDxJad7uN_gmhPrFsJeV0s6mXbSMv6eYESWqup-SDd5klclPgg-bO2WAc68GO5WmBC0V8SEaUPeea6Q5DnpXzDTSSYK2EhNNX-eM10-GyvZFjzmJEIQSOkHZHSrkVgn2KwMSw3QWArAtjV5hI9yekq5mPxGE1eL-jDaMp0NNJ-iC35oCkZp3eMF3_wBZTPdr25fGfrJOftjcGHWP4GPNuAb_tU14SSGv4KkX1px2ZpZjmUuCPhDt4yfj0Q1OvDD9aZacYENSHuJf3O_ilBM4p84vsinjREwcv-tK6hthQqjeqMdm_P8D8KYYQXEetgHBl8Ji6Q",
          "e": "AQAB"
        },
        "attributes": {
          "enabled": true,
          "created": 1714762309,
          "updated": 1714762309,
          "recoveryLevel": "CustomizedRecoverable+Purgeable",
          "recoverableDays": 7,
          "exportable": false,
          "hsmPlatform": "0"
        }
      }
    },
    {
      "RequestUri": "https://keyvault_name.vault.azure.net/keys/CRUDKeyName-cangetakey-/?api-version=7.6-preview.1",
      "RequestMethod": "GET",
      "RequestHeaders": {
        "Accept": "application/json",
        "Accept-Encoding": "gzip, deflate, br",
        "Authorization": "Sanitized",
        "Connection": "keep-alive",
        "Referer": "http://localhost:9329/",
        "sec-ch-ua": "\"Chromium\";v=\"124\", \"HeadlessChrome\";v=\"124\", \"Not-A.Brand\";v=\"99\"",
        "sec-ch-ua-mobile": "?0",
        "sec-ch-ua-platform": "\"Linux\"",
        "Sec-Fetch-Dest": "empty",
        "Sec-Fetch-Mode": "cors",
        "Sec-Fetch-Site": "same-site",
        "User-Agent": "Mozilla/5.0 (X11; Linux x86_64) AppleWebKit/537.36 (KHTML, like Gecko) HeadlessChrome/124.0.6367.78 Safari/537.36",
        "x-ms-client-request-id": "8194320c-9231-48e0-a0e1-d7fddafc77b3",
        "x-ms-useragent": "azsdk-js-keyvault-keys/4.9.0-beta.1 azsdk-js-keyvault-keys/4.9.0-beta.1 core-rest-pipeline/1.16.0 OS/Linux"
      },
      "RequestBody": null,
      "StatusCode": 200,
      "ResponseHeaders": {
        "Cache-Control": "no-cache",
        "Content-Length": "738",
        "Content-Type": "application/json; charset=utf-8",
        "Date": "Fri, 03 May 2024 18:51:51 GMT",
        "Expires": "-1",
        "Pragma": "no-cache",
        "Strict-Transport-Security": "max-age=31536000;includeSubDomains",
        "X-Content-Type-Options": "nosniff",
        "x-ms-client-request-id": "8194320c-9231-48e0-a0e1-d7fddafc77b3",
        "x-ms-keyvault-network-info": "conn_type=Ipv4;addr=136.27.55.163;act_addr_fam=InterNetwork;",
        "x-ms-keyvault-rbac-assignment-id": "effcde4ed8cf56e2a589b88abe5107bc",
        "x-ms-keyvault-region": "australiaeast",
        "x-ms-keyvault-service-version": "1.9.1430.6",
        "x-ms-request-id": "fe958fd7-7393-4354-88e5-5e47dd182ffe"
      },
      "ResponseBody": {
        "key": {
          "kid": "https://keyvault_name.vault.azure.net/keys/CRUDKeyName-cangetakey-/0e5fbd9295084177b2da383f7c87525e",
          "kty": "RSA",
          "key_ops": [
            "encrypt",
            "decrypt",
            "sign",
            "verify",
            "wrapKey",
            "unwrapKey"
          ],
          "n": "tC4NWqQv1Nf418XNKDxJad7uN_gmhPrFsJeV0s6mXbSMv6eYESWqup-SDd5klclPgg-bO2WAc68GO5WmBC0V8SEaUPeea6Q5DnpXzDTSSYK2EhNNX-eM10-GyvZFjzmJEIQSOkHZHSrkVgn2KwMSw3QWArAtjV5hI9yekq5mPxGE1eL-jDaMp0NNJ-iC35oCkZp3eMF3_wBZTPdr25fGfrJOftjcGHWP4GPNuAb_tU14SSGv4KkX1px2ZpZjmUuCPhDt4yfj0Q1OvDD9aZacYENSHuJf3O_ilBM4p84vsinjREwcv-tK6hthQqjeqMdm_P8D8KYYQXEetgHBl8Ji6Q",
          "e": "AQAB"
        },
        "attributes": {
          "enabled": true,
          "created": 1714762309,
          "updated": 1714762309,
          "recoveryLevel": "CustomizedRecoverable+Purgeable",
          "recoverableDays": 7,
          "exportable": false,
          "hsmPlatform": "0"
        }
      }
    },
    {
      "RequestUri": "https://keyvault_name.vault.azure.net/keys/CRUDKeyName-cangetakey-?api-version=7.6-preview.1",
      "RequestMethod": "DELETE",
      "RequestHeaders": {
        "Accept": "application/json",
        "Accept-Encoding": "gzip, deflate, br",
        "Authorization": "Sanitized",
        "Connection": "keep-alive",
        "Referer": "http://localhost:9329/",
        "sec-ch-ua": "\"Chromium\";v=\"124\", \"HeadlessChrome\";v=\"124\", \"Not-A.Brand\";v=\"99\"",
        "sec-ch-ua-mobile": "?0",
        "sec-ch-ua-platform": "\"Linux\"",
        "Sec-Fetch-Dest": "empty",
        "Sec-Fetch-Mode": "cors",
        "Sec-Fetch-Site": "same-site",
        "User-Agent": "Mozilla/5.0 (X11; Linux x86_64) AppleWebKit/537.36 (KHTML, like Gecko) HeadlessChrome/124.0.6367.78 Safari/537.36",
        "x-ms-client-request-id": "f80ba0d5-d696-4fa6-949e-40e67beaef9f",
        "x-ms-useragent": "azsdk-js-keyvault-keys/4.9.0-beta.1 azsdk-js-keyvault-keys/4.9.0-beta.1 core-rest-pipeline/1.16.0 OS/Linux"
      },
      "RequestBody": null,
      "StatusCode": 200,
      "ResponseHeaders": {
        "Cache-Control": "no-cache",
        "Content-Length": "884",
        "Content-Type": "application/json; charset=utf-8",
        "Date": "Fri, 03 May 2024 18:51:52 GMT",
        "Expires": "-1",
        "Pragma": "no-cache",
        "Strict-Transport-Security": "max-age=31536000;includeSubDomains",
        "X-Content-Type-Options": "nosniff",
        "x-ms-client-request-id": "f80ba0d5-d696-4fa6-949e-40e67beaef9f",
        "x-ms-keyvault-network-info": "conn_type=Ipv4;addr=136.27.55.163;act_addr_fam=InterNetwork;",
        "x-ms-keyvault-rbac-assignment-id": "effcde4ed8cf56e2a589b88abe5107bc",
        "x-ms-keyvault-region": "australiaeast",
        "x-ms-keyvault-service-version": "1.9.1430.6",
        "x-ms-request-id": "e1d72230-702f-434d-be05-81687d188e7d"
      },
      "ResponseBody": {
        "recoveryId": "https://keyvault_name.vault.azure.net/deletedkeys/CRUDKeyName-cangetakey-",
        "deletedDate": 1714762312,
        "scheduledPurgeDate": 1715367112,
        "key": {
          "kid": "https://keyvault_name.vault.azure.net/keys/CRUDKeyName-cangetakey-/0e5fbd9295084177b2da383f7c87525e",
          "kty": "RSA",
          "key_ops": [
            "encrypt",
            "decrypt",
            "sign",
            "verify",
            "wrapKey",
            "unwrapKey"
          ],
          "n": "tC4NWqQv1Nf418XNKDxJad7uN_gmhPrFsJeV0s6mXbSMv6eYESWqup-SDd5klclPgg-bO2WAc68GO5WmBC0V8SEaUPeea6Q5DnpXzDTSSYK2EhNNX-eM10-GyvZFjzmJEIQSOkHZHSrkVgn2KwMSw3QWArAtjV5hI9yekq5mPxGE1eL-jDaMp0NNJ-iC35oCkZp3eMF3_wBZTPdr25fGfrJOftjcGHWP4GPNuAb_tU14SSGv4KkX1px2ZpZjmUuCPhDt4yfj0Q1OvDD9aZacYENSHuJf3O_ilBM4p84vsinjREwcv-tK6hthQqjeqMdm_P8D8KYYQXEetgHBl8Ji6Q",
          "e": "AQAB"
        },
        "attributes": {
          "enabled": true,
          "created": 1714762309,
          "updated": 1714762309,
          "recoveryLevel": "CustomizedRecoverable+Purgeable",
          "recoverableDays": 7,
          "exportable": false,
          "hsmPlatform": "0"
        }
      }
    },
    {
      "RequestUri": "https://keyvault_name.vault.azure.net/deletedkeys/CRUDKeyName-cangetakey-?api-version=7.6-preview.1",
      "RequestMethod": "GET",
      "RequestHeaders": {
        "Accept": "application/json",
        "Accept-Encoding": "gzip, deflate, br",
        "Authorization": "Sanitized",
        "Connection": "keep-alive",
        "Referer": "http://localhost:9329/",
        "sec-ch-ua": "\"Chromium\";v=\"124\", \"HeadlessChrome\";v=\"124\", \"Not-A.Brand\";v=\"99\"",
        "sec-ch-ua-mobile": "?0",
        "sec-ch-ua-platform": "\"Linux\"",
        "Sec-Fetch-Dest": "empty",
        "Sec-Fetch-Mode": "cors",
        "Sec-Fetch-Site": "same-site",
        "User-Agent": "Mozilla/5.0 (X11; Linux x86_64) AppleWebKit/537.36 (KHTML, like Gecko) HeadlessChrome/124.0.6367.78 Safari/537.36",
        "x-ms-client-request-id": "5a1c83b8-92b4-42a2-a4c8-2c573e322900",
        "x-ms-useragent": "azsdk-js-keyvault-keys/4.9.0-beta.1 azsdk-js-keyvault-keys/4.9.0-beta.1 core-rest-pipeline/1.16.0 OS/Linux"
      },
      "RequestBody": null,
      "StatusCode": 404,
      "ResponseHeaders": {
        "Cache-Control": "no-cache",
        "Content-Length": "91",
        "Content-Type": "application/json; charset=utf-8",
        "Date": "Fri, 03 May 2024 18:51:52 GMT",
        "Expires": "-1",
        "Pragma": "no-cache",
        "Strict-Transport-Security": "max-age=31536000;includeSubDomains",
        "X-Content-Type-Options": "nosniff",
        "x-ms-client-request-id": "5a1c83b8-92b4-42a2-a4c8-2c573e322900",
        "x-ms-keyvault-network-info": "conn_type=Ipv4;addr=136.27.55.163;act_addr_fam=InterNetwork;",
        "x-ms-keyvault-rbac-assignment-id": "effcde4ed8cf56e2a589b88abe5107bc",
        "x-ms-keyvault-region": "australiaeast",
        "x-ms-keyvault-service-version": "1.9.1430.6",
        "x-ms-request-id": "2ddc2854-65fb-43c0-bec4-f007e5e0c863"
      },
      "ResponseBody": {
        "error": {
          "code": "KeyNotFound",
          "message": "Deleted Key not found: CRUDKeyName-cangetakey-"
        }
      }
    },
    {
      "RequestUri": "https://keyvault_name.vault.azure.net/deletedkeys/CRUDKeyName-cangetakey-?api-version=7.6-preview.1",
      "RequestMethod": "GET",
      "RequestHeaders": {
        "Accept": "application/json",
        "Accept-Encoding": "gzip, deflate, br",
        "Authorization": "Sanitized",
        "Connection": "keep-alive",
        "Referer": "http://localhost:9329/",
        "sec-ch-ua": "\"Chromium\";v=\"124\", \"HeadlessChrome\";v=\"124\", \"Not-A.Brand\";v=\"99\"",
        "sec-ch-ua-mobile": "?0",
        "sec-ch-ua-platform": "\"Linux\"",
        "Sec-Fetch-Dest": "empty",
        "Sec-Fetch-Mode": "cors",
        "Sec-Fetch-Site": "same-site",
        "User-Agent": "Mozilla/5.0 (X11; Linux x86_64) AppleWebKit/537.36 (KHTML, like Gecko) HeadlessChrome/124.0.6367.78 Safari/537.36",
        "x-ms-client-request-id": "294713a8-d253-43db-81c1-ff580684ef0a",
        "x-ms-useragent": "azsdk-js-keyvault-keys/4.9.0-beta.1 azsdk-js-keyvault-keys/4.9.0-beta.1 core-rest-pipeline/1.16.0 OS/Linux"
      },
      "RequestBody": null,
      "StatusCode": 404,
      "ResponseHeaders": {
        "Cache-Control": "no-cache",
        "Content-Length": "91",
        "Content-Type": "application/json; charset=utf-8",
        "Date": "Fri, 03 May 2024 18:51:52 GMT",
        "Expires": "-1",
        "Pragma": "no-cache",
        "Strict-Transport-Security": "max-age=31536000;includeSubDomains",
        "X-Content-Type-Options": "nosniff",
        "x-ms-client-request-id": "294713a8-d253-43db-81c1-ff580684ef0a",
        "x-ms-keyvault-network-info": "conn_type=Ipv4;addr=136.27.55.163;act_addr_fam=InterNetwork;",
        "x-ms-keyvault-rbac-assignment-id": "effcde4ed8cf56e2a589b88abe5107bc",
        "x-ms-keyvault-region": "australiaeast",
        "x-ms-keyvault-service-version": "1.9.1430.6",
        "x-ms-request-id": "9c5b7504-3102-44c2-830a-f0bfd6e12eaa"
      },
      "ResponseBody": {
        "error": {
          "code": "KeyNotFound",
          "message": "Deleted Key not found: CRUDKeyName-cangetakey-"
        }
      }
    },
    {
      "RequestUri": "https://keyvault_name.vault.azure.net/deletedkeys/CRUDKeyName-cangetakey-?api-version=7.6-preview.1",
      "RequestMethod": "GET",
      "RequestHeaders": {
        "Accept": "application/json",
        "Accept-Encoding": "gzip, deflate, br",
        "Authorization": "Sanitized",
        "Connection": "keep-alive",
        "Referer": "http://localhost:9329/",
        "sec-ch-ua": "\"Chromium\";v=\"124\", \"HeadlessChrome\";v=\"124\", \"Not-A.Brand\";v=\"99\"",
        "sec-ch-ua-mobile": "?0",
        "sec-ch-ua-platform": "\"Linux\"",
        "Sec-Fetch-Dest": "empty",
        "Sec-Fetch-Mode": "cors",
        "Sec-Fetch-Site": "same-site",
        "User-Agent": "Mozilla/5.0 (X11; Linux x86_64) AppleWebKit/537.36 (KHTML, like Gecko) HeadlessChrome/124.0.6367.78 Safari/537.36",
        "x-ms-client-request-id": "40350863-6322-4640-93ac-567d18bf047a",
        "x-ms-useragent": "azsdk-js-keyvault-keys/4.9.0-beta.1 azsdk-js-keyvault-keys/4.9.0-beta.1 core-rest-pipeline/1.16.0 OS/Linux"
      },
      "RequestBody": null,
      "StatusCode": 200,
      "ResponseHeaders": {
        "Cache-Control": "no-cache",
        "Content-Length": "866",
        "Content-Type": "application/json; charset=utf-8",
        "Date": "Fri, 03 May 2024 18:51:57 GMT",
        "Expires": "-1",
        "Pragma": "no-cache",
        "Strict-Transport-Security": "max-age=31536000;includeSubDomains",
        "X-Content-Type-Options": "nosniff",
        "x-ms-client-request-id": "40350863-6322-4640-93ac-567d18bf047a",
        "x-ms-keyvault-network-info": "conn_type=Ipv4;addr=136.27.55.163;act_addr_fam=InterNetwork;",
        "x-ms-keyvault-rbac-assignment-id": "effcde4ed8cf56e2a589b88abe5107bc",
        "x-ms-keyvault-region": "australiaeast",
        "x-ms-keyvault-service-version": "1.9.1430.6",
        "x-ms-request-id": "07142f0e-1fff-4134-bdfa-fca963aa7a13"
      },
      "ResponseBody": {
        "recoveryId": "https://keyvault_name.vault.azure.net/deletedkeys/CRUDKeyName-cangetakey-",
        "deletedDate": 1714762312,
        "scheduledPurgeDate": 1715367112,
        "key": {
          "kid": "https://keyvault_name.vault.azure.net/keys/CRUDKeyName-cangetakey-/0e5fbd9295084177b2da383f7c87525e",
          "kty": "RSA",
          "key_ops": [
            "encrypt",
            "decrypt",
            "sign",
            "verify",
            "wrapKey",
            "unwrapKey"
          ],
          "n": "tC4NWqQv1Nf418XNKDxJad7uN_gmhPrFsJeV0s6mXbSMv6eYESWqup-SDd5klclPgg-bO2WAc68GO5WmBC0V8SEaUPeea6Q5DnpXzDTSSYK2EhNNX-eM10-GyvZFjzmJEIQSOkHZHSrkVgn2KwMSw3QWArAtjV5hI9yekq5mPxGE1eL-jDaMp0NNJ-iC35oCkZp3eMF3_wBZTPdr25fGfrJOftjcGHWP4GPNuAb_tU14SSGv4KkX1px2ZpZjmUuCPhDt4yfj0Q1OvDD9aZacYENSHuJf3O_ilBM4p84vsinjREwcv-tK6hthQqjeqMdm_P8D8KYYQXEetgHBl8Ji6Q",
          "e": "AQAB"
        },
        "attributes": {
          "enabled": true,
          "created": 1714762309,
          "updated": 1714762309,
          "recoveryLevel": "CustomizedRecoverable+Purgeable",
          "recoverableDays": 7,
          "exportable": false
        }
      }
    },
    {
      "RequestUri": "https://keyvault_name.vault.azure.net/deletedkeys/CRUDKeyName-cangetakey-?api-version=7.6-preview.1",
      "RequestMethod": "DELETE",
      "RequestHeaders": {
        "Accept": "application/json",
        "Accept-Encoding": "gzip, deflate, br",
        "Authorization": "Sanitized",
        "Connection": "keep-alive",
        "Referer": "http://localhost:9329/",
        "sec-ch-ua": "\"Chromium\";v=\"124\", \"HeadlessChrome\";v=\"124\", \"Not-A.Brand\";v=\"99\"",
        "sec-ch-ua-mobile": "?0",
        "sec-ch-ua-platform": "\"Linux\"",
        "Sec-Fetch-Dest": "empty",
        "Sec-Fetch-Mode": "cors",
        "Sec-Fetch-Site": "same-site",
        "User-Agent": "Mozilla/5.0 (X11; Linux x86_64) AppleWebKit/537.36 (KHTML, like Gecko) HeadlessChrome/124.0.6367.78 Safari/537.36",
        "x-ms-client-request-id": "85e8aadc-8baa-4103-a7e2-d35126309d80",
        "x-ms-useragent": "azsdk-js-keyvault-keys/4.9.0-beta.1 azsdk-js-keyvault-keys/4.9.0-beta.1 core-rest-pipeline/1.16.0 OS/Linux"
      },
      "RequestBody": null,
      "StatusCode": 204,
      "ResponseHeaders": {
        "Cache-Control": "no-cache",
        "Date": "Fri, 03 May 2024 18:51:57 GMT",
        "Expires": "-1",
        "Pragma": "no-cache",
        "Strict-Transport-Security": "max-age=31536000;includeSubDomains",
        "X-Content-Type-Options": "nosniff",
        "x-ms-client-request-id": "85e8aadc-8baa-4103-a7e2-d35126309d80",
        "x-ms-keyvault-network-info": "conn_type=Ipv4;addr=136.27.55.163;act_addr_fam=InterNetwork;",
        "x-ms-keyvault-rbac-assignment-id": "effcde4ed8cf56e2a589b88abe5107bc",
        "x-ms-keyvault-region": "australiaeast",
        "x-ms-keyvault-service-version": "1.9.1430.6",
        "x-ms-request-id": "1951b401-984f-4cc8-abd5-93d439fab49e"
      },
      "ResponseBody": null
    }
  ],
  "Variables": {}
}
