{
  "Entries": [
    {
      "RequestUri": "https://keyvault_name.vault.azure.net/keys/CRUDKeyName-cancreateakeywithnotBefore-/create?api-version=7.6-preview.1",
      "RequestMethod": "POST",
      "RequestHeaders": {
        "Accept": "application/json",
        "Accept-Encoding": "gzip, deflate, br",
        "Connection": "keep-alive",
        "Content-Length": "0",
        "Content-Type": "application/json",
        "Referer": "http://localhost:9329/",
        "sec-ch-ua": "\"Chromium\";v=\"124\", \"HeadlessChrome\";v=\"124\", \"Not-A.Brand\";v=\"99\"",
        "sec-ch-ua-mobile": "?0",
        "sec-ch-ua-platform": "\"Linux\"",
        "Sec-Fetch-Dest": "empty",
        "Sec-Fetch-Mode": "cors",
        "Sec-Fetch-Site": "same-site",
        "User-Agent": "Mozilla/5.0 (X11; Linux x86_64) AppleWebKit/537.36 (KHTML, like Gecko) HeadlessChrome/124.0.6367.78 Safari/537.36",
        "x-ms-client-request-id": "df077fee-b993-4a1d-94b8-052cc37af1bc",
        "x-ms-useragent": "azsdk-js-keyvault-keys/4.9.0-beta.1 azsdk-js-keyvault-keys/4.9.0-beta.1 core-rest-pipeline/1.16.0 OS/Linux"
      },
      "RequestBody": null,
      "StatusCode": 401,
      "ResponseHeaders": {
        "Cache-Control": "no-cache",
        "Content-Length": "97",
        "Content-Type": "application/json; charset=utf-8",
        "Date": "Fri, 03 May 2024 18:50:59 GMT",
        "Expires": "-1",
        "Pragma": "no-cache",
        "Strict-Transport-Security": "max-age=31536000;includeSubDomains",
        "WWW-Authenticate": "Bearer authorization=\"https://login.microsoftonline.com/72f988bf-86f1-41af-91ab-2d7cd011db47\", resource=\"https://vault.azure.net\"",
        "X-Content-Type-Options": "nosniff",
        "x-ms-client-request-id": "df077fee-b993-4a1d-94b8-052cc37af1bc",
        "x-ms-keyvault-network-info": "conn_type=Ipv4;addr=136.27.55.163;act_addr_fam=InterNetwork;",
        "x-ms-keyvault-region": "australiaeast",
        "x-ms-keyvault-service-version": "1.9.1430.6",
        "x-ms-request-id": "708ff971-ec2f-432f-9b08-973a525d59a0"
      },
      "ResponseBody": {
        "error": {
          "code": "Unauthorized",
          "message": "AKV10000: Request is missing a Bearer or PoP token."
        }
      }
    },
    {
      "RequestUri": "https://keyvault_name.vault.azure.net/keys/CRUDKeyName-cancreateakeywithnotBefore-/create?api-version=7.6-preview.1",
      "RequestMethod": "POST",
      "RequestHeaders": {
        "Accept": "application/json",
        "Accept-Encoding": "gzip, deflate, br",
        "Authorization": "Sanitized",
        "Connection": "keep-alive",
        "Content-Length": "45",
        "Content-Type": "application/json",
        "Referer": "http://localhost:9329/",
        "sec-ch-ua": "\"Chromium\";v=\"124\", \"HeadlessChrome\";v=\"124\", \"Not-A.Brand\";v=\"99\"",
        "sec-ch-ua-mobile": "?0",
        "sec-ch-ua-platform": "\"Linux\"",
        "Sec-Fetch-Dest": "empty",
        "Sec-Fetch-Mode": "cors",
        "Sec-Fetch-Site": "same-site",
        "User-Agent": "Mozilla/5.0 (X11; Linux x86_64) AppleWebKit/537.36 (KHTML, like Gecko) HeadlessChrome/124.0.6367.78 Safari/537.36",
        "x-ms-client-request-id": "df077fee-b993-4a1d-94b8-052cc37af1bc",
        "x-ms-useragent": "azsdk-js-keyvault-keys/4.9.0-beta.1 azsdk-js-keyvault-keys/4.9.0-beta.1 core-rest-pipeline/1.16.0 OS/Linux"
      },
      "RequestBody": {
        "kty": "RSA",
        "attributes": {
          "nbf": 1546300805
        }
      },
      "StatusCode": 200,
      "ResponseHeaders": {
        "Cache-Control": "no-cache",
        "Content-Length": "771",
        "Content-Type": "application/json; charset=utf-8",
        "Date": "Fri, 03 May 2024 18:51:01 GMT",
        "Expires": "-1",
        "Pragma": "no-cache",
        "Strict-Transport-Security": "max-age=31536000;includeSubDomains",
        "X-Content-Type-Options": "nosniff",
        "x-ms-client-request-id": "df077fee-b993-4a1d-94b8-052cc37af1bc",
        "x-ms-keyvault-network-info": "conn_type=Ipv4;addr=136.27.55.163;act_addr_fam=InterNetwork;",
        "x-ms-keyvault-rbac-assignment-id": "effcde4ed8cf56e2a589b88abe5107bc",
        "x-ms-keyvault-region": "australiaeast",
        "x-ms-keyvault-service-version": "1.9.1430.6",
        "x-ms-request-id": "36b9bf40-ac74-42f6-b9d7-254146582b52"
      },
      "ResponseBody": {
        "key": {
          "kid": "https://keyvault_name.vault.azure.net/keys/CRUDKeyName-cancreateakeywithnotBefore-/f1e2a69592db4448890c8ded00e256f4",
          "kty": "RSA",
          "key_ops": [
            "encrypt",
            "decrypt",
            "sign",
            "verify",
            "wrapKey",
            "unwrapKey"
          ],
          "n": "xzn8PXplTII_VfDc-HjSczs70978Fp9C5mIraoYxmunfqBIXM6ZNgfJVc5XDYtpKywPma344G1Zt7Rli53hCU6MxHfmKuWd0O9jQfxfvkTp3zlYFYLr39E_sNpdjsELx4JSjh-ncwFcTCFm2NSsijS7Or5EAH1Xn708xvPFtxsusE6J_4vRhlTnBp1J8WzjJjLatj63hHSPgrsDJsHmWEBwTjtXbUWFoVJuto8-F980k_O2eAAquM1dq3wbn5NWCJJUU-igGZzaeLBrxoYlflUC-WhSGgbnKikjc7b64LJc4mBW7oxfSB7R3CPT18AlSPmnhkKrNY_nJPvx07Gm8mQ",
          "e": "AQAB"
        },
        "attributes": {
          "enabled": true,
          "nbf": 1546300805,
          "created": 1714762262,
          "updated": 1714762262,
          "recoveryLevel": "CustomizedRecoverable+Purgeable",
          "recoverableDays": 7,
          "exportable": false,
          "hsmPlatform": "0"
        }
      }
    },
    {
      "RequestUri": "https://keyvault_name.vault.azure.net/keys/CRUDKeyName-cancreateakeywithnotBefore-?api-version=7.6-preview.1",
      "RequestMethod": "DELETE",
      "RequestHeaders": {
        "Accept": "application/json",
        "Accept-Encoding": "gzip, deflate, br",
        "Authorization": "Sanitized",
        "Connection": "keep-alive",
        "Referer": "http://localhost:9329/",
        "sec-ch-ua": "\"Chromium\";v=\"124\", \"HeadlessChrome\";v=\"124\", \"Not-A.Brand\";v=\"99\"",
        "sec-ch-ua-mobile": "?0",
        "sec-ch-ua-platform": "\"Linux\"",
        "Sec-Fetch-Dest": "empty",
        "Sec-Fetch-Mode": "cors",
        "Sec-Fetch-Site": "same-site",
        "User-Agent": "Mozilla/5.0 (X11; Linux x86_64) AppleWebKit/537.36 (KHTML, like Gecko) HeadlessChrome/124.0.6367.78 Safari/537.36",
        "x-ms-client-request-id": "bd7e2285-3297-4d73-9e74-8e261a37a9e0",
        "x-ms-useragent": "azsdk-js-keyvault-keys/4.9.0-beta.1 azsdk-js-keyvault-keys/4.9.0-beta.1 core-rest-pipeline/1.16.0 OS/Linux"
      },
      "RequestBody": null,
      "StatusCode": 200,
      "ResponseHeaders": {
        "Cache-Control": "no-cache",
        "Content-Length": "933",
        "Content-Type": "application/json; charset=utf-8",
        "Date": "Fri, 03 May 2024 18:51:04 GMT",
        "Expires": "-1",
        "Pragma": "no-cache",
        "Strict-Transport-Security": "max-age=31536000;includeSubDomains",
        "X-Content-Type-Options": "nosniff",
        "x-ms-client-request-id": "bd7e2285-3297-4d73-9e74-8e261a37a9e0",
        "x-ms-keyvault-network-info": "conn_type=Ipv4;addr=136.27.55.163;act_addr_fam=InterNetwork;",
        "x-ms-keyvault-rbac-assignment-id": "effcde4ed8cf56e2a589b88abe5107bc",
        "x-ms-keyvault-region": "australiaeast",
        "x-ms-keyvault-service-version": "1.9.1430.6",
        "x-ms-request-id": "3dbc267e-1da0-4798-8c40-6742ce051b26"
      },
      "ResponseBody": {
        "recoveryId": "https://keyvault_name.vault.azure.net/deletedkeys/CRUDKeyName-cancreateakeywithnotBefore-",
        "deletedDate": 1714762265,
        "scheduledPurgeDate": 1715367065,
        "key": {
          "kid": "https://keyvault_name.vault.azure.net/keys/CRUDKeyName-cancreateakeywithnotBefore-/f1e2a69592db4448890c8ded00e256f4",
          "kty": "RSA",
          "key_ops": [
            "encrypt",
            "decrypt",
            "sign",
            "verify",
            "wrapKey",
            "unwrapKey"
          ],
          "n": "xzn8PXplTII_VfDc-HjSczs70978Fp9C5mIraoYxmunfqBIXM6ZNgfJVc5XDYtpKywPma344G1Zt7Rli53hCU6MxHfmKuWd0O9jQfxfvkTp3zlYFYLr39E_sNpdjsELx4JSjh-ncwFcTCFm2NSsijS7Or5EAH1Xn708xvPFtxsusE6J_4vRhlTnBp1J8WzjJjLatj63hHSPgrsDJsHmWEBwTjtXbUWFoVJuto8-F980k_O2eAAquM1dq3wbn5NWCJJUU-igGZzaeLBrxoYlflUC-WhSGgbnKikjc7b64LJc4mBW7oxfSB7R3CPT18AlSPmnhkKrNY_nJPvx07Gm8mQ",
          "e": "AQAB"
        },
        "attributes": {
          "enabled": true,
          "nbf": 1546300805,
          "created": 1714762262,
          "updated": 1714762262,
          "recoveryLevel": "CustomizedRecoverable+Purgeable",
          "recoverableDays": 7,
          "exportable": false,
          "hsmPlatform": "0"
        }
      }
    },
    {
      "RequestUri": "https://keyvault_name.vault.azure.net/deletedkeys/CRUDKeyName-cancreateakeywithnotBefore-?api-version=7.6-preview.1",
      "RequestMethod": "GET",
      "RequestHeaders": {
        "Accept": "application/json",
        "Accept-Encoding": "gzip, deflate, br",
        "Authorization": "Sanitized",
        "Connection": "keep-alive",
        "Referer": "http://localhost:9329/",
        "sec-ch-ua": "\"Chromium\";v=\"124\", \"HeadlessChrome\";v=\"124\", \"Not-A.Brand\";v=\"99\"",
        "sec-ch-ua-mobile": "?0",
        "sec-ch-ua-platform": "\"Linux\"",
        "Sec-Fetch-Dest": "empty",
        "Sec-Fetch-Mode": "cors",
        "Sec-Fetch-Site": "same-site",
        "User-Agent": "Mozilla/5.0 (X11; Linux x86_64) AppleWebKit/537.36 (KHTML, like Gecko) HeadlessChrome/124.0.6367.78 Safari/537.36",
        "x-ms-client-request-id": "a02f191b-c631-4933-9735-f3e77c5e4e74",
        "x-ms-useragent": "azsdk-js-keyvault-keys/4.9.0-beta.1 azsdk-js-keyvault-keys/4.9.0-beta.1 core-rest-pipeline/1.16.0 OS/Linux"
      },
      "RequestBody": null,
      "StatusCode": 404,
      "ResponseHeaders": {
        "Cache-Control": "no-cache",
        "Content-Length": "107",
        "Content-Type": "application/json; charset=utf-8",
        "Date": "Fri, 03 May 2024 18:51:04 GMT",
        "Expires": "-1",
        "Pragma": "no-cache",
        "Strict-Transport-Security": "max-age=31536000;includeSubDomains",
        "X-Content-Type-Options": "nosniff",
        "x-ms-client-request-id": "a02f191b-c631-4933-9735-f3e77c5e4e74",
        "x-ms-keyvault-network-info": "conn_type=Ipv4;addr=136.27.55.163;act_addr_fam=InterNetwork;",
        "x-ms-keyvault-rbac-assignment-id": "effcde4ed8cf56e2a589b88abe5107bc",
        "x-ms-keyvault-region": "australiaeast",
        "x-ms-keyvault-service-version": "1.9.1430.6",
        "x-ms-request-id": "50830cff-7107-48b6-80da-0beb8c02e088"
      },
      "ResponseBody": {
        "error": {
          "code": "KeyNotFound",
          "message": "Deleted Key not found: CRUDKeyName-cancreateakeywithnotBefore-"
        }
      }
    },
    {
      "RequestUri": "https://keyvault_name.vault.azure.net/deletedkeys/CRUDKeyName-cancreateakeywithnotBefore-?api-version=7.6-preview.1",
      "RequestMethod": "GET",
      "RequestHeaders": {
        "Accept": "application/json",
        "Accept-Encoding": "gzip, deflate, br",
        "Authorization": "Sanitized",
        "Connection": "keep-alive",
        "Referer": "http://localhost:9329/",
        "sec-ch-ua": "\"Chromium\";v=\"124\", \"HeadlessChrome\";v=\"124\", \"Not-A.Brand\";v=\"99\"",
        "sec-ch-ua-mobile": "?0",
        "sec-ch-ua-platform": "\"Linux\"",
        "Sec-Fetch-Dest": "empty",
        "Sec-Fetch-Mode": "cors",
        "Sec-Fetch-Site": "same-site",
        "User-Agent": "Mozilla/5.0 (X11; Linux x86_64) AppleWebKit/537.36 (KHTML, like Gecko) HeadlessChrome/124.0.6367.78 Safari/537.36",
        "x-ms-client-request-id": "4ffe6365-948e-4c4f-bc11-e0d951ceddf9",
        "x-ms-useragent": "azsdk-js-keyvault-keys/4.9.0-beta.1 azsdk-js-keyvault-keys/4.9.0-beta.1 core-rest-pipeline/1.16.0 OS/Linux"
      },
      "RequestBody": null,
      "StatusCode": 404,
      "ResponseHeaders": {
        "Cache-Control": "no-cache",
        "Content-Length": "107",
        "Content-Type": "application/json; charset=utf-8",
        "Date": "Fri, 03 May 2024 18:51:04 GMT",
        "Expires": "-1",
        "Pragma": "no-cache",
        "Strict-Transport-Security": "max-age=31536000;includeSubDomains",
        "X-Content-Type-Options": "nosniff",
        "x-ms-client-request-id": "4ffe6365-948e-4c4f-bc11-e0d951ceddf9",
        "x-ms-keyvault-network-info": "conn_type=Ipv4;addr=136.27.55.163;act_addr_fam=InterNetwork;",
        "x-ms-keyvault-rbac-assignment-id": "effcde4ed8cf56e2a589b88abe5107bc",
        "x-ms-keyvault-region": "australiaeast",
        "x-ms-keyvault-service-version": "1.9.1430.6",
        "x-ms-request-id": "b1ccd48d-021f-4bba-bc30-2237791ee638"
      },
      "ResponseBody": {
        "error": {
          "code": "KeyNotFound",
          "message": "Deleted Key not found: CRUDKeyName-cancreateakeywithnotBefore-"
        }
      }
    },
    {
      "RequestUri": "https://keyvault_name.vault.azure.net/deletedkeys/CRUDKeyName-cancreateakeywithnotBefore-?api-version=7.6-preview.1",
      "RequestMethod": "GET",
      "RequestHeaders": {
        "Accept": "application/json",
        "Accept-Encoding": "gzip, deflate, br",
        "Authorization": "Sanitized",
        "Connection": "keep-alive",
        "Referer": "http://localhost:9329/",
        "sec-ch-ua": "\"Chromium\";v=\"124\", \"HeadlessChrome\";v=\"124\", \"Not-A.Brand\";v=\"99\"",
        "sec-ch-ua-mobile": "?0",
        "sec-ch-ua-platform": "\"Linux\"",
        "Sec-Fetch-Dest": "empty",
        "Sec-Fetch-Mode": "cors",
        "Sec-Fetch-Site": "same-site",
        "User-Agent": "Mozilla/5.0 (X11; Linux x86_64) AppleWebKit/537.36 (KHTML, like Gecko) HeadlessChrome/124.0.6367.78 Safari/537.36",
        "x-ms-client-request-id": "bee0fa30-2331-40b6-bc6f-b5218050ff4c",
        "x-ms-useragent": "azsdk-js-keyvault-keys/4.9.0-beta.1 azsdk-js-keyvault-keys/4.9.0-beta.1 core-rest-pipeline/1.16.0 OS/Linux"
      },
      "RequestBody": null,
      "StatusCode": 200,
      "ResponseHeaders": {
        "Cache-Control": "no-cache",
        "Content-Length": "915",
        "Content-Type": "application/json; charset=utf-8",
        "Date": "Fri, 03 May 2024 18:51:09 GMT",
        "Expires": "-1",
        "Pragma": "no-cache",
        "Strict-Transport-Security": "max-age=31536000;includeSubDomains",
        "X-Content-Type-Options": "nosniff",
        "x-ms-client-request-id": "bee0fa30-2331-40b6-bc6f-b5218050ff4c",
        "x-ms-keyvault-network-info": "conn_type=Ipv4;addr=136.27.55.163;act_addr_fam=InterNetwork;",
        "x-ms-keyvault-rbac-assignment-id": "effcde4ed8cf56e2a589b88abe5107bc",
        "x-ms-keyvault-region": "australiaeast",
        "x-ms-keyvault-service-version": "1.9.1430.6",
        "x-ms-request-id": "790b95d0-3968-404c-8e9d-22e61395cba3"
      },
      "ResponseBody": {
        "recoveryId": "https://keyvault_name.vault.azure.net/deletedkeys/CRUDKeyName-cancreateakeywithnotBefore-",
        "deletedDate": 1714762265,
        "scheduledPurgeDate": 1715367065,
        "key": {
          "kid": "https://keyvault_name.vault.azure.net/keys/CRUDKeyName-cancreateakeywithnotBefore-/f1e2a69592db4448890c8ded00e256f4",
          "kty": "RSA",
          "key_ops": [
            "encrypt",
            "decrypt",
            "sign",
            "verify",
            "wrapKey",
            "unwrapKey"
          ],
          "n": "xzn8PXplTII_VfDc-HjSczs70978Fp9C5mIraoYxmunfqBIXM6ZNgfJVc5XDYtpKywPma344G1Zt7Rli53hCU6MxHfmKuWd0O9jQfxfvkTp3zlYFYLr39E_sNpdjsELx4JSjh-ncwFcTCFm2NSsijS7Or5EAH1Xn708xvPFtxsusE6J_4vRhlTnBp1J8WzjJjLatj63hHSPgrsDJsHmWEBwTjtXbUWFoVJuto8-F980k_O2eAAquM1dq3wbn5NWCJJUU-igGZzaeLBrxoYlflUC-WhSGgbnKikjc7b64LJc4mBW7oxfSB7R3CPT18AlSPmnhkKrNY_nJPvx07Gm8mQ",
          "e": "AQAB"
        },
        "attributes": {
          "enabled": true,
          "nbf": 1546300805,
          "created": 1714762262,
          "updated": 1714762262,
          "recoveryLevel": "CustomizedRecoverable+Purgeable",
          "recoverableDays": 7,
          "exportable": false
        }
      }
    },
    {
      "RequestUri": "https://keyvault_name.vault.azure.net/deletedkeys/CRUDKeyName-cancreateakeywithnotBefore-?api-version=7.6-preview.1",
      "RequestMethod": "DELETE",
      "RequestHeaders": {
        "Accept": "application/json",
        "Accept-Encoding": "gzip, deflate, br",
        "Authorization": "Sanitized",
        "Connection": "keep-alive",
        "Referer": "http://localhost:9329/",
        "sec-ch-ua": "\"Chromium\";v=\"124\", \"HeadlessChrome\";v=\"124\", \"Not-A.Brand\";v=\"99\"",
        "sec-ch-ua-mobile": "?0",
        "sec-ch-ua-platform": "\"Linux\"",
        "Sec-Fetch-Dest": "empty",
        "Sec-Fetch-Mode": "cors",
        "Sec-Fetch-Site": "same-site",
        "User-Agent": "Mozilla/5.0 (X11; Linux x86_64) AppleWebKit/537.36 (KHTML, like Gecko) HeadlessChrome/124.0.6367.78 Safari/537.36",
        "x-ms-client-request-id": "e5f2376e-f0be-40c5-80f0-c95cf49f6461",
        "x-ms-useragent": "azsdk-js-keyvault-keys/4.9.0-beta.1 azsdk-js-keyvault-keys/4.9.0-beta.1 core-rest-pipeline/1.16.0 OS/Linux"
      },
      "RequestBody": null,
      "StatusCode": 204,
      "ResponseHeaders": {
        "Cache-Control": "no-cache",
        "Date": "Fri, 03 May 2024 18:51:10 GMT",
        "Expires": "-1",
        "Pragma": "no-cache",
        "Strict-Transport-Security": "max-age=31536000;includeSubDomains",
        "X-Content-Type-Options": "nosniff",
        "x-ms-client-request-id": "e5f2376e-f0be-40c5-80f0-c95cf49f6461",
        "x-ms-keyvault-network-info": "conn_type=Ipv4;addr=136.27.55.163;act_addr_fam=InterNetwork;",
        "x-ms-keyvault-rbac-assignment-id": "effcde4ed8cf56e2a589b88abe5107bc",
        "x-ms-keyvault-region": "australiaeast",
        "x-ms-keyvault-service-version": "1.9.1430.6",
        "x-ms-request-id": "059b88df-10dd-4198-9b90-8c480a18cb80"
      },
      "ResponseBody": null
    }
  ],
  "Variables": {}
}
