{
  "Entries": [
    {
      "RequestUri": "https://myappconfig.azconfig.io/kv/listRevisions72556?api-version=2023-10-01\u0026label=list-revisions-A33358",
      "RequestMethod": "PUT",
      "RequestHeaders": {
        "Accept": "application/vnd.microsoft.appconfig.kv\u002Bjson, application/problem\u002Bjson",
        "Accept-Encoding": "gzip,deflate",
        "Authorization": "Sanitized",
        "Connection": "keep-alive",
        "Content-Length": "76",
        "Content-Type": "application/vnd.microsoft.appconfig.kv\u002Bjson",
        "If-None-Match": "*",
        "User-Agent": "azsdk-js-app-configuration/1.5.0 core-rest-pipeline/1.12.3 Node/v18.18.2 OS/(x64-Linux-6.2.0-1015-azure)",
        "x-ms-client-request-id": "460b5777-c045-4ec0-8da3-82ed6dde7eb7",
        "x-ms-content-sha256": "pOD1BUEKN8LTeV2eUYw9sAw70EGlF8KP8tonWllxDwU=",
        "x-ms-date": "Fri, 03 Nov 2023 16:53:00 GMT"
      },
      "RequestBody": {
        "key": "listRevisions72556",
        "label": "list-revisions-A33358",
        "value": "fooA1"
      },
      "StatusCode": 200,
      "ResponseHeaders": {
        "Access-Control-Allow-Origin": "*",
        "Connection": "keep-alive",
        "Content-Type": "application/vnd.microsoft.appconfig.kv\u002Bjson; charset=utf-8",
        "Date": "Fri, 03 Nov 2023 16:53:00 GMT",
        "ETag": "\u0022J_TMu6cH2repE6hGSd0W-pMdUIAnzBp7HQ41hJ3wTso\u0022",
        "Last-Modified": "Fri, 03 Nov 2023 16:53:00 GMT",
        "Strict-Transport-Security": "max-age=15724800; includeSubDomains",
        "Sync-Token": "zAJw6V16=NjoxNSM1MzM3ODM3;sn=5337837",
        "Transfer-Encoding": "chunked",
        "x-ms-correlation-request-id": "f3ffb70d-daa8-40ef-9969-b0bf4e9a18c1",
        "x-ms-request-id": "f3ffb70d-daa8-40ef-9969-b0bf4e9a18c1"
      },
      "ResponseBody": {
        "etag": "J_TMu6cH2repE6hGSd0W-pMdUIAnzBp7HQ41hJ3wTso",
        "key": "listRevisions72556",
        "label": "list-revisions-A33358",
        "content_type": null,
        "value": "fooA1",
        "tags": {},
        "locked": false,
        "last_modified": "2023-11-03T16:53:00\u002B00:00"
      }
    },
    {
      "RequestUri": "https://myappconfig.azconfig.io/kv/listRevisions72556?api-version=2023-10-01\u0026label=list-revisions-A33358",
      "RequestMethod": "PUT",
      "RequestHeaders": {
        "Accept": "application/vnd.microsoft.appconfig.kv\u002Bjson, application/problem\u002Bjson",
        "Accept-Encoding": "gzip,deflate",
        "Authorization": "Sanitized",
        "Connection": "keep-alive",
        "Content-Length": "76",
        "Content-Type": "application/vnd.microsoft.appconfig.kv\u002Bjson",
        "sync-token": "zAJw6V16=NjoxNSM1MzM3ODM3",
        "User-Agent": "azsdk-js-app-configuration/1.5.0 core-rest-pipeline/1.12.3 Node/v18.18.2 OS/(x64-Linux-6.2.0-1015-azure)",
        "x-ms-client-request-id": "823dd35d-9ea9-49b1-9442-370c4c2f565c",
        "x-ms-content-sha256": "tF9jRRdkPgK9Z4ebQio53949ClxbbFhCVDB1kXa\u002BmlM=",
        "x-ms-date": "Fri, 03 Nov 2023 16:53:01 GMT"
      },
      "RequestBody": {
        "key": "listRevisions72556",
        "label": "list-revisions-A33358",
        "value": "fooA2"
      },
      "StatusCode": 200,
      "ResponseHeaders": {
        "Access-Control-Allow-Origin": "*",
        "Connection": "keep-alive",
        "Content-Type": "application/vnd.microsoft.appconfig.kv\u002Bjson; charset=utf-8",
        "Date": "Fri, 03 Nov 2023 16:53:01 GMT",
        "ETag": "\u0022VcT58_14xeoVE-4QKzz-5x7MzNim85BV7ElbZQr9wf4\u0022",
        "Last-Modified": "Fri, 03 Nov 2023 16:53:01 GMT",
        "Strict-Transport-Security": "max-age=15724800; includeSubDomains",
        "Sync-Token": "zAJw6V16=NjoxNSM1MzM3ODM4;sn=5337838",
        "Transfer-Encoding": "chunked",
        "x-ms-correlation-request-id": "78863407-39a2-4117-9c8c-e0831789f82d",
        "x-ms-request-id": "78863407-39a2-4117-9c8c-e0831789f82d"
      },
      "ResponseBody": {
        "etag": "VcT58_14xeoVE-4QKzz-5x7MzNim85BV7ElbZQr9wf4",
        "key": "listRevisions72556",
        "label": "list-revisions-A33358",
        "content_type": null,
        "value": "fooA2",
        "tags": {},
        "locked": false,
        "last_modified": "2023-11-03T16:53:01\u002B00:00"
      }
    },
    {
      "RequestUri": "https://myappconfig.azconfig.io/kv/listRevisions72556?api-version=2023-10-01\u0026label=list-revisions-B9951",
      "RequestMethod": "PUT",
      "RequestHeaders": {
        "Accept": "application/vnd.microsoft.appconfig.kv\u002Bjson, application/problem\u002Bjson",
        "Accept-Encoding": "gzip,deflate",
        "Authorization": "Sanitized",
        "Connection": "keep-alive",
        "Content-Length": "75",
        "Content-Type": "application/vnd.microsoft.appconfig.kv\u002Bjson",
        "If-None-Match": "*",
        "sync-token": "zAJw6V16=NjoxNSM1MzM3ODM4",
        "User-Agent": "azsdk-js-app-configuration/1.5.0 core-rest-pipeline/1.12.3 Node/v18.18.2 OS/(x64-Linux-6.2.0-1015-azure)",
        "x-ms-client-request-id": "441eed35-347e-4b07-a299-dd5b29482ffd",
        "x-ms-content-sha256": "7wEok5bBuH4qVoMRJrFsQdRGlt\u002B7obwl0GHYsVweUBU=",
        "x-ms-date": "Fri, 03 Nov 2023 16:53:01 GMT"
      },
      "RequestBody": {
        "key": "listRevisions72556",
        "label": "list-revisions-B9951",
        "value": "fooB1"
      },
      "StatusCode": 200,
      "ResponseHeaders": {
        "Access-Control-Allow-Origin": "*",
        "Connection": "keep-alive",
        "Content-Type": "application/vnd.microsoft.appconfig.kv\u002Bjson; charset=utf-8",
        "Date": "Fri, 03 Nov 2023 16:53:01 GMT",
        "ETag": "\u0022xGHZvhlB10W3HLI6GTJHSerdSqjsWJpDN3n5_ofSXsI\u0022",
        "Last-Modified": "Fri, 03 Nov 2023 16:53:01 GMT",
        "Strict-Transport-Security": "max-age=15724800; includeSubDomains",
        "Sync-Token": "zAJw6V16=NjoxNSM1MzM3ODQw;sn=5337840",
        "Transfer-Encoding": "chunked",
        "x-ms-correlation-request-id": "69067bed-9ecf-40fc-9a1d-29a3e9d499d3",
        "x-ms-request-id": "69067bed-9ecf-40fc-9a1d-29a3e9d499d3"
      },
      "ResponseBody": {
        "etag": "xGHZvhlB10W3HLI6GTJHSerdSqjsWJpDN3n5_ofSXsI",
        "key": "listRevisions72556",
        "label": "list-revisions-B9951",
        "content_type": null,
        "value": "fooB1",
        "tags": {},
        "locked": false,
        "last_modified": "2023-11-03T16:53:01\u002B00:00"
      }
    },
    {
      "RequestUri": "https://myappconfig.azconfig.io/kv/listRevisions72556?api-version=2023-10-01\u0026label=list-revisions-B9951",
      "RequestMethod": "PUT",
      "RequestHeaders": {
        "Accept": "application/vnd.microsoft.appconfig.kv\u002Bjson, application/problem\u002Bjson",
        "Accept-Encoding": "gzip,deflate",
        "Authorization": "Sanitized",
        "Connection": "keep-alive",
        "Content-Length": "75",
        "Content-Type": "application/vnd.microsoft.appconfig.kv\u002Bjson",
        "sync-token": "zAJw6V16=NjoxNSM1MzM3ODQw",
        "User-Agent": "azsdk-js-app-configuration/1.5.0 core-rest-pipeline/1.12.3 Node/v18.18.2 OS/(x64-Linux-6.2.0-1015-azure)",
        "x-ms-client-request-id": "da4fd0cf-35e4-47c4-9192-91778c4cb63b",
        "x-ms-content-sha256": "4lVzDJjsHxMznFxOWnbJ\u002BFImFKXf3afPvwUAZQRfPq4=",
        "x-ms-date": "Fri, 03 Nov 2023 16:53:01 GMT"
      },
      "RequestBody": {
        "key": "listRevisions72556",
        "label": "list-revisions-B9951",
        "value": "fooB2"
      },
      "StatusCode": 200,
      "ResponseHeaders": {
        "Access-Control-Allow-Origin": "*",
        "Connection": "keep-alive",
        "Content-Type": "application/vnd.microsoft.appconfig.kv\u002Bjson; charset=utf-8",
        "Date": "Fri, 03 Nov 2023 16:53:01 GMT",
        "ETag": "\u0022dbbPR1yFqkFNM4hu9EfHfL27okDsdB28pHykPfd4t-k\u0022",
        "Last-Modified": "Fri, 03 Nov 2023 16:53:01 GMT",
        "Strict-Transport-Security": "max-age=15724800; includeSubDomains",
        "Sync-Token": "zAJw6V16=NjoxNSM1MzM3ODQx;sn=5337841",
        "Transfer-Encoding": "chunked",
        "x-ms-correlation-request-id": "7308f711-0424-4bd8-8b91-7ddc709718e1",
        "x-ms-request-id": "7308f711-0424-4bd8-8b91-7ddc709718e1"
      },
      "ResponseBody": {
        "etag": "dbbPR1yFqkFNM4hu9EfHfL27okDsdB28pHykPfd4t-k",
        "key": "listRevisions72556",
        "label": "list-revisions-B9951",
        "content_type": null,
        "value": "fooB2",
        "tags": {},
        "locked": false,
        "last_modified": "2023-11-03T16:53:01\u002B00:00"
      }
    },
    {
      "RequestUri": "https://myappconfig.azconfig.io/revisions?api-version=2023-10-01\u0026label=list-revisions-A33358",
      "RequestMethod": "GET",
      "RequestHeaders": {
        "Accept": "application/vnd.microsoft.appconfig.kvset\u002Bjson, application/problem\u002Bjson",
        "Accept-Encoding": "gzip,deflate",
        "Authorization": "Sanitized",
        "Connection": "keep-alive",
        "sync-token": "zAJw6V16=NjoxNSM1MzM3ODQx",
        "User-Agent": "azsdk-js-app-configuration/1.5.0 core-rest-pipeline/1.12.3 Node/v18.18.2 OS/(x64-Linux-6.2.0-1015-azure)",
        "x-ms-client-request-id": "82775b03-f57b-4f0c-a99d-524c156847e7",
        "x-ms-content-sha256": "47DEQpj8HBSa\u002B/TImW\u002B5JCeuQeRkm5NMpJWZG3hSuFU=",
        "x-ms-date": "Fri, 03 Nov 2023 16:53:01 GMT"
      },
      "RequestBody": null,
      "StatusCode": 200,
      "ResponseHeaders": {
        "Accept-Ranges": "items",
        "Access-Control-Allow-Origin": "*",
        "Connection": "keep-alive",
        "Content-Type": "application/vnd.microsoft.appconfig.kvset\u002Bjson; charset=utf-8",
        "Date": "Fri, 03 Nov 2023 16:53:01 GMT",
        "ETag": "\u00225DzhrY73gIcnat5wcQXJL3LOhAsW85Jo_iGe1enzzDw\u0022",
        "Strict-Transport-Security": "max-age=15724800; includeSubDomains",
        "Sync-Token": "zAJw6V16=NjoxNSM1MzM3ODQy;sn=5337842",
        "Transfer-Encoding": "chunked",
        "x-ms-correlation-request-id": "904c08b0-1e8f-4050-b561-0bd2665f9941",
        "x-ms-request-id": "904c08b0-1e8f-4050-b561-0bd2665f9941"
      },
      "ResponseBody": {
        "etag": "5DzhrY73gIcnat5wcQXJL3LOhAsW85Jo_iGe1enzzDw",
        "items": [
          {
            "etag": "VcT58_14xeoVE-4QKzz-5x7MzNim85BV7ElbZQr9wf4",
            "key": "listRevisions72556",
            "label": "list-revisions-A33358",
            "content_type": null,
            "value": "fooA2",
            "tags": {},
            "locked": false,
            "last_modified": "2023-11-03T16:53:01\u002B00:00"
          },
          {
            "etag": "J_TMu6cH2repE6hGSd0W-pMdUIAnzBp7HQ41hJ3wTso",
            "key": "listRevisions72556",
            "label": "list-revisions-A33358",
            "content_type": null,
            "value": "fooA1",
            "tags": {},
            "locked": false,
            "last_modified": "2023-11-03T16:53:00\u002B00:00"
          }
        ]
      }
    },
    {
      "RequestUri": "https://myappconfig.azconfig.io/revisions?api-version=2023-10-01\u0026label=list-revisions-A33358",
      "RequestMethod": "GET",
      "RequestHeaders": {
        "Accept": "application/vnd.microsoft.appconfig.kvset\u002Bjson, application/problem\u002Bjson",
        "Accept-Encoding": "gzip,deflate",
        "Authorization": "Sanitized",
        "Connection": "keep-alive",
        "sync-token": "zAJw6V16=NjoxNSM1MzM3ODQy",
        "User-Agent": "azsdk-js-app-configuration/1.5.0 core-rest-pipeline/1.12.3 Node/v18.18.2 OS/(x64-Linux-6.2.0-1015-azure)",
        "x-ms-client-request-id": "2a97d63b-0bf8-4f44-8e59-f09c78a0eeba",
        "x-ms-content-sha256": "47DEQpj8HBSa\u002B/TImW\u002B5JCeuQeRkm5NMpJWZG3hSuFU=",
        "x-ms-date": "Fri, 03 Nov 2023 16:53:01 GMT"
      },
      "RequestBody": null,
      "StatusCode": 200,
      "ResponseHeaders": {
        "Accept-Ranges": "items",
        "Access-Control-Allow-Origin": "*",
        "Connection": "keep-alive",
        "Content-Type": "application/vnd.microsoft.appconfig.kvset\u002Bjson; charset=utf-8",
        "Date": "Fri, 03 Nov 2023 16:53:01 GMT",
        "ETag": "\u00225DzhrY73gIcnat5wcQXJL3LOhAsW85Jo_iGe1enzzDw\u0022",
        "Strict-Transport-Security": "max-age=15724800; includeSubDomains",
        "Sync-Token": "zAJw6V16=NjoxNSM1MzM3ODQy;sn=5337842",
        "Transfer-Encoding": "chunked",
        "x-ms-correlation-request-id": "27d82b8d-7148-42fc-ad29-a8def56ae054",
        "x-ms-request-id": "27d82b8d-7148-42fc-ad29-a8def56ae054"
      },
      "ResponseBody": {
        "etag": "5DzhrY73gIcnat5wcQXJL3LOhAsW85Jo_iGe1enzzDw",
        "items": [
          {
            "etag": "VcT58_14xeoVE-4QKzz-5x7MzNim85BV7ElbZQr9wf4",
            "key": "listRevisions72556",
            "label": "list-revisions-A33358",
            "content_type": null,
            "value": "fooA2",
            "tags": {},
            "locked": false,
            "last_modified": "2023-11-03T16:53:01\u002B00:00"
          },
          {
            "etag": "J_TMu6cH2repE6hGSd0W-pMdUIAnzBp7HQ41hJ3wTso",
            "key": "listRevisions72556",
            "label": "list-revisions-A33358",
            "content_type": null,
            "value": "fooA1",
            "tags": {},
            "locked": false,
            "last_modified": "2023-11-03T16:53:00\u002B00:00"
          }
        ]
      }
    }
  ],
  "Variables": {
    "list-revisions-A": "list-revisions-A33358",
    "list-revisions-B": "list-revisions-B9951",
    "listRevisions": "listRevisions72556"
  }
}
