{
  "Entries": [
    {
      "RequestUri": "https://Sanitized.openai.azure.com/openai/responses?api-version=2025-04-01-preview",
      "RequestMethod": "POST",
      "RequestHeaders": {
        "api-key": "Sanitized",
        "Content-Length": "123",
        "Content-Type": "application/json",
        "User-Agent": "azsdk-net-AI.OpenAI/2.2.0-beta.4 (.NET 8.0.18; Microsoft Windows 10.0.26100)",
        "x-ms-client-request-id": "Sanitized"
      },
      "RequestBody": {
        "model": "gpt-4o-mini",
        "input": [
          {
            "type": "message",
            "role": "user",
            "content": [
              {
                "type": "input_text",
                "text": "Hello, model!"
              }
            ]
          }
        ]
      },
      "StatusCode": 200,
      "ResponseHeaders": {
        "apim-request-id": "f10dff27-de47-4ca9-a56c-2f990adbf36d",
        "Content-Length": "1336",
        "Content-Type": "application/json",
        "Date": "Wed, 06 Aug 2025 00:32:02 GMT",
        "Strict-Transport-Security": "max-age=31536000; includeSubDomains; preload",
        "X-Content-Type-Options": "nosniff",
        "x-ms-client-request-id": "Sanitized",
        "x-ms-deployment-name": "gpt-4o-mini",
        "x-ms-middleware-request-id": "f10dff27-de47-4ca9-a56c-2f990adbf36d",
        "x-ms-region": "Sweden Central",
        "x-ratelimit-limit-requests": "20000",
        "x-ratelimit-limit-tokens": "2000000",
        "x-ratelimit-remaining-requests": "19995",
        "x-ratelimit-remaining-tokens": "1999810",
        "X-Request-ID": "6694a525-4d33-465e-b892-98a72db053ab"
      },
      "ResponseBody": {
        "id": "resp_6892a282bc1c8190a503d3797b6569d00c7b085b6ab2e457",
        "object": "response",
        "created_at": 1754440322,
        "status": "completed",
        "background": false,
        "content_filters": null,
        "error": null,
        "incomplete_details": null,
        "instructions": null,
        "max_output_tokens": null,
        "max_tool_calls": null,
        "model": "gpt-4o-mini",
        "output": [
          {
            "id": "msg_6892a2838a6081908e61ad6d6bdb0afe0c7b085b6ab2e457",
            "type": "message",
            "status": "completed",
            "content": [
              {
                "type": "output_text",
                "annotations": [],
                "text": "Hello! How can I assist you today?"
              }
            ],
            "role": "assistant"
          }
        ],
        "parallel_tool_calls": true,
        "previous_response_id": null,
        "prompt_cache_key": null,
        "reasoning": {
          "effort": null,
          "summary": null
        },
        "safety_identifier": null,
        "service_tier": "default",
        "store": true,
        "temperature": 1.0,
        "text": {
          "format": {
            "type": "text"
          }
        },
        "tool_choice": "auto",
        "tools": [],
        "top_p": 1.0,
        "truncation": "disabled",
        "usage": {
          "input_tokens": 11,
          "input_tokens_details": {
            "cached_tokens": 0
          },
          "output_tokens": 10,
          "output_tokens_details": {
            "reasoning_tokens": 0
          },
          "total_tokens": 21
        },
        "user": null,
        "metadata": {}
      }
    },
    {
      "RequestUri": "https://Sanitized.openai.azure.com/openai/responses/resp_6892a282bc1c8190a503d3797b6569d00c7b085b6ab2e457?api-version=2025-04-01-preview",
      "RequestMethod": "GET",
      "RequestHeaders": {
        "api-key": "Sanitized",
        "User-Agent": "azsdk-net-AI.OpenAI/2.2.0-beta.4 (.NET 8.0.18; Microsoft Windows 10.0.26100)",
        "x-ms-client-request-id": "Sanitized"
      },
      "RequestBody": null,
      "StatusCode": 200,
      "ResponseHeaders": {
        "apim-request-id": "a3440ec6-9314-4720-b587-0ce992d5ef5f",
        "Content-Length": "1336",
        "Content-Type": "application/json",
        "Date": "Wed, 06 Aug 2025 00:32:03 GMT",
        "openai-organization": "19023da71da947318222941a35d56355",
        "openai-processing-ms": "35",
        "openai-version": "2020-10-01",
        "Strict-Transport-Security": "max-age=31536000; includeSubDomains; preload",
        "X-Content-Type-Options": "nosniff",
        "x-ms-middleware-request-id": "e67e02fc-eef3-45bc-b41d-95d9849f0d3a",
        "x-ms-region": "Sweden Central",
        "X-Request-ID": "f68403c7-07ad-44c3-ab80-35d0a45727da"
      },
      "ResponseBody": {
        "id": "resp_6892a282bc1c8190a503d3797b6569d00c7b085b6ab2e457",
        "object": "response",
        "created_at": 1754440322,
        "status": "completed",
        "background": false,
        "content_filters": null,
        "error": null,
        "incomplete_details": null,
        "instructions": null,
        "max_output_tokens": null,
        "max_tool_calls": null,
        "model": "gpt-4o-mini",
        "output": [
          {
            "id": "msg_6892a2838a6081908e61ad6d6bdb0afe0c7b085b6ab2e457",
            "type": "message",
            "status": "completed",
            "content": [
              {
                "type": "output_text",
                "annotations": [],
                "text": "Hello! How can I assist you today?"
              }
            ],
            "role": "assistant"
          }
        ],
        "parallel_tool_calls": true,
        "previous_response_id": null,
        "prompt_cache_key": null,
        "reasoning": {
          "effort": null,
          "summary": null
        },
        "safety_identifier": null,
        "service_tier": "default",
        "store": true,
        "temperature": 1.0,
        "text": {
          "format": {
            "type": "text"
          }
        },
        "tool_choice": "auto",
        "tools": [],
        "top_p": 1.0,
        "truncation": "disabled",
        "usage": {
          "input_tokens": 11,
          "input_tokens_details": {
            "cached_tokens": 0
          },
          "output_tokens": 10,
          "output_tokens_details": {
            "reasoning_tokens": 0
          },
          "total_tokens": 21
        },
        "user": null,
        "metadata": {}
      }
    },
    {
      "RequestUri": "https://Sanitized.openai.azure.com/openai/responses/resp_6892a282bc1c8190a503d3797b6569d00c7b085b6ab2e457?api-version=2025-04-01-preview",
      "RequestMethod": "DELETE",
      "RequestHeaders": {
        "api-key": "Sanitized",
        "User-Agent": "azsdk-net-AI.OpenAI/2.2.0-beta.4 (.NET 8.0.18; Microsoft Windows 10.0.26100)",
        "x-ms-client-request-id": "Sanitized"
      },
      "RequestBody": null,
      "StatusCode": 200,
      "ResponseHeaders": {
        "apim-request-id": "87c0e5bc-10c9-4e1d-8ccf-d76c5f759475",
        "Content-Length": "118",
        "Content-Type": "application/json",
        "Date": "Wed, 06 Aug 2025 00:32:03 GMT",
        "openai-organization": "19023da71da947318222941a35d56355",
        "openai-processing-ms": "166",
        "openai-version": "2020-10-01",
        "Strict-Transport-Security": "max-age=31536000; includeSubDomains; preload",
        "X-Content-Type-Options": "nosniff",
        "x-ms-middleware-request-id": "7d4290a4-e9c6-442e-9242-db166e7eb36d",
        "x-ms-region": "Sweden Central",
        "X-Request-ID": "a0341e56-bf51-4654-9505-910620c8cc2c"
      },
      "ResponseBody": {
        "id": "resp_6892a282bc1c8190a503d3797b6569d00c7b085b6ab2e457",
        "object": "response.deleted",
        "deleted": true
      }
    },
    {
      "RequestUri": "https://Sanitized.openai.azure.com/openai/responses/resp_6892a282bc1c8190a503d3797b6569d00c7b085b6ab2e457?api-version=2025-04-01-preview",
      "RequestMethod": "GET",
      "RequestHeaders": {
        "api-key": "Sanitized",
        "User-Agent": "azsdk-net-AI.OpenAI/2.2.0-beta.4 (.NET 8.0.18; Microsoft Windows 10.0.26100)",
        "x-ms-client-request-id": "Sanitized"
      },
      "RequestBody": null,
      "StatusCode": 404,
      "ResponseHeaders": {
        "apim-request-id": "53c05ac6-5d9b-45d0-96c3-a9369f165dc5",
        "Content-Length": "195",
        "Content-Type": "application/json",
        "Date": "Wed, 06 Aug 2025 00:32:03 GMT",
        "openai-organization": "19023da71da947318222941a35d56355",
        "openai-processing-ms": "59",
        "openai-version": "2020-10-01",
        "Strict-Transport-Security": "max-age=31536000; includeSubDomains; preload",
        "X-Content-Type-Options": "nosniff",
        "x-ms-middleware-request-id": "8ab388b7-4939-4655-8154-7dfe0472fb9f",
        "x-ms-region": "Sweden Central",
        "X-Request-ID": "4b5d1e45-76fa-4264-b7cb-c43e7030fd2b"
      },
      "ResponseBody": {
        "error": {
          "message": "Response with id 'resp_6892a282bc1c8190a503d3797b6569d00c7b085b6ab2e457' not found.",
          "type": "invalid_request_error",
          "param": null,
          "code": null
        }
      }
    }
  ],
  "Variables": {
    "RandomSeed": "964452593"
  }
}
