{
  "Entries": [
    {
      "RequestUri": "https://REDACTED/identities?api-version=2022-10-01",
      "RequestMethod": "POST",
      "RequestHeaders": {
        "Accept": "application/json",
        "Authorization": "Sanitized",
        "Content-Length": "2",
        "Content-Type": "application/json",
        "User-Agent": "azsdk-java-azure-communication-identity/1.4.11 (21.0.1; Windows 11; 10.0)",
        "x-ms-client-request-id": "78e21aa1-b9ec-412c-b61a-622296632668",
        "x-ms-content-sha256": "RBNvo1WzZ4oRRq0W9\u002BhknpT7T8If536DEMBg9hyq/4o=",
        "x-ms-date": "Wed, 22 Nov 2023 16:03:33 GMT",
        "x-ms-hmac-string-to-sign-base64": "UE9TVAovaWRlbnRpdGllcz9hcGktdmVyc2lvbj0yMDIyLTEwLTAxCldlZCwgMjIgTm92IDIwMjMgMTY6MDM6MzMgR01UO3dlYi11aS1kZXYudW5pdGVkc3RhdGVzLmNvbW11bmljYXRpb24uYXp1cmUuY29tO1JCTnZvMVd6WjRvUlJxMFc5K2hrbnBUN1Q4SWY1MzZERU1CZzloeXEvNG89"
      },
      "RequestBody": {},
      "StatusCode": 201,
      "ResponseHeaders": {
        "api-supported-versions": "2020-07-20-preview2, 2021-02-22-preview1, 2021-03-07, 2021-10-31-preview, 2021-11-01, 2022-06-01, 2022-10-01, 2023-10-01",
        "Content-Length": "101",
        "Content-Type": "application/json; charset=utf-8",
        "Date": "Wed, 22 Nov 2023 16:03:32 GMT",
        "MS-CV": "iipafVQnpkqqOWhHxWVDpQ.0",
        "Request-Context": "appId=",
        "Strict-Transport-Security": "max-age=2592000",
        "X-Azure-Ref": "0VSZeZQAAAADkD8dvViW6SYugkgTFbhn/V1NURURHRTA4MjAAOWZjN2I1MTktYThjYy00Zjg5LTkzNWUtYzkxNDhhZTA5ZTgx",
        "X-Cache": "CONFIG_NOCACHE",
        "x-ms-client-request-id": "78e21aa1-b9ec-412c-b61a-622296632668",
        "X-Processing-Time": "13ms"
      },
      "ResponseBody": {
        "identity": {
          "id": "8:acs:dd9753c0-6e62-4f74-ab0f-c94f9723b4eb_0000001c-97a7-609d-ec8d-084822004e4b"
        }
      }
    },
    {
      "RequestUri": "https://REDACTED/identities?api-version=2022-10-01",
      "RequestMethod": "POST",
      "RequestHeaders": {
        "Accept": "application/json",
        "Authorization": "Sanitized",
        "Content-Length": "2",
        "Content-Type": "application/json",
        "User-Agent": "azsdk-java-azure-communication-identity/1.4.11 (21.0.1; Windows 11; 10.0)",
        "x-ms-client-request-id": "247321a9-2832-451b-833b-c1be413f016c",
        "x-ms-content-sha256": "RBNvo1WzZ4oRRq0W9\u002BhknpT7T8If536DEMBg9hyq/4o=",
        "x-ms-date": "Wed, 22 Nov 2023 16:03:33 GMT",
        "x-ms-hmac-string-to-sign-base64": "UE9TVAovaWRlbnRpdGllcz9hcGktdmVyc2lvbj0yMDIyLTEwLTAxCldlZCwgMjIgTm92IDIwMjMgMTY6MDM6MzMgR01UO3dlYi11aS1kZXYudW5pdGVkc3RhdGVzLmNvbW11bmljYXRpb24uYXp1cmUuY29tO1JCTnZvMVd6WjRvUlJxMFc5K2hrbnBUN1Q4SWY1MzZERU1CZzloeXEvNG89"
      },
      "RequestBody": {},
      "StatusCode": 201,
      "ResponseHeaders": {
        "api-supported-versions": "2020-07-20-preview2, 2021-02-22-preview1, 2021-03-07, 2021-10-31-preview, 2021-11-01, 2022-06-01, 2022-10-01, 2023-10-01",
        "Content-Length": "101",
        "Content-Type": "application/json; charset=utf-8",
        "Date": "Wed, 22 Nov 2023 16:03:32 GMT",
        "MS-CV": "D31lN6LvDUSZ1tgO7R2V9A.0",
        "Request-Context": "appId=",
        "Strict-Transport-Security": "max-age=2592000",
        "X-Azure-Ref": "0VSZeZQAAAACvdU8MouUKTow\u002BOGZngwAMV1NURURHRTA4MjAAOWZjN2I1MTktYThjYy00Zjg5LTkzNWUtYzkxNDhhZTA5ZTgx",
        "X-Cache": "CONFIG_NOCACHE",
        "x-ms-client-request-id": "247321a9-2832-451b-833b-c1be413f016c",
        "X-Processing-Time": "12ms"
      },
      "ResponseBody": {
        "identity": {
          "id": "8:acs:dd9753c0-6e62-4f74-ab0f-c94f9723b4eb_0000001c-97a7-60c6-d68a-08482200479d"
        }
      }
    },
    {
      "RequestUri": "https://REDACTED/identities?api-version=2022-10-01",
      "RequestMethod": "POST",
      "RequestHeaders": {
        "Accept": "application/json",
        "Authorization": "Sanitized",
        "Content-Length": "2",
        "Content-Type": "application/json",
        "User-Agent": "azsdk-java-azure-communication-identity/1.4.11 (21.0.1; Windows 11; 10.0)",
        "x-ms-client-request-id": "be991efd-a294-4a22-b136-9d2b3a4f6cea",
        "x-ms-content-sha256": "RBNvo1WzZ4oRRq0W9\u002BhknpT7T8If536DEMBg9hyq/4o=",
        "x-ms-date": "Wed, 22 Nov 2023 16:03:33 GMT",
        "x-ms-hmac-string-to-sign-base64": "UE9TVAovaWRlbnRpdGllcz9hcGktdmVyc2lvbj0yMDIyLTEwLTAxCldlZCwgMjIgTm92IDIwMjMgMTY6MDM6MzMgR01UO3dlYi11aS1kZXYudW5pdGVkc3RhdGVzLmNvbW11bmljYXRpb24uYXp1cmUuY29tO1JCTnZvMVd6WjRvUlJxMFc5K2hrbnBUN1Q4SWY1MzZERU1CZzloeXEvNG89"
      },
      "RequestBody": {},
      "StatusCode": 201,
      "ResponseHeaders": {
        "api-supported-versions": "2020-07-20-preview2, 2021-02-22-preview1, 2021-03-07, 2021-10-31-preview, 2021-11-01, 2022-06-01, 2022-10-01, 2023-10-01",
        "Content-Length": "101",
        "Content-Type": "application/json; charset=utf-8",
        "Date": "Wed, 22 Nov 2023 16:03:32 GMT",
        "MS-CV": "uIsC2DGD5EysR8z7eqsJ\u002BQ.0",
        "Request-Context": "appId=",
        "Strict-Transport-Security": "max-age=2592000",
        "X-Azure-Ref": "0VSZeZQAAAABxVXqxMdxyQJCyFd5dM9OKV1NURURHRTA4MjAAOWZjN2I1MTktYThjYy00Zjg5LTkzNWUtYzkxNDhhZTA5ZTgx",
        "X-Cache": "CONFIG_NOCACHE",
        "x-ms-client-request-id": "be991efd-a294-4a22-b136-9d2b3a4f6cea",
        "X-Processing-Time": "11ms"
      },
      "ResponseBody": {
        "identity": {
          "id": "8:acs:dd9753c0-6e62-4f74-ab0f-c94f9723b4eb_0000001c-97a7-60ed-ec8d-084822004e4c"
        }
      }
    },
    {
      "RequestUri": "https://REDACTED/identities?api-version=2022-10-01",
      "RequestMethod": "POST",
      "RequestHeaders": {
        "Accept": "application/json",
        "Authorization": "Sanitized",
        "Content-Length": "2",
        "Content-Type": "application/json",
        "User-Agent": "azsdk-java-azure-communication-identity/1.4.11 (21.0.1; Windows 11; 10.0)",
        "x-ms-client-request-id": "43721dd4-21e4-4bad-9247-b12786934469",
        "x-ms-content-sha256": "RBNvo1WzZ4oRRq0W9\u002BhknpT7T8If536DEMBg9hyq/4o=",
        "x-ms-date": "Wed, 22 Nov 2023 16:03:33 GMT",
        "x-ms-hmac-string-to-sign-base64": "UE9TVAovaWRlbnRpdGllcz9hcGktdmVyc2lvbj0yMDIyLTEwLTAxCldlZCwgMjIgTm92IDIwMjMgMTY6MDM6MzMgR01UO3dlYi11aS1kZXYudW5pdGVkc3RhdGVzLmNvbW11bmljYXRpb24uYXp1cmUuY29tO1JCTnZvMVd6WjRvUlJxMFc5K2hrbnBUN1Q4SWY1MzZERU1CZzloeXEvNG89"
      },
      "RequestBody": {},
      "StatusCode": 201,
      "ResponseHeaders": {
        "api-supported-versions": "2020-07-20-preview2, 2021-02-22-preview1, 2021-03-07, 2021-10-31-preview, 2021-11-01, 2022-06-01, 2022-10-01, 2023-10-01",
        "Content-Length": "101",
        "Content-Type": "application/json; charset=utf-8",
        "Date": "Wed, 22 Nov 2023 16:03:32 GMT",
        "MS-CV": "AZ2zbMNWbUSdGUz50CDvJQ.0",
        "Request-Context": "appId=",
        "Strict-Transport-Security": "max-age=2592000",
        "X-Azure-Ref": "0VSZeZQAAAAD3Y0jxOcEEQpble7nqfjKAV1NURURHRTA4MjAAOWZjN2I1MTktYThjYy00Zjg5LTkzNWUtYzkxNDhhZTA5ZTgx",
        "X-Cache": "CONFIG_NOCACHE",
        "x-ms-client-request-id": "43721dd4-21e4-4bad-9247-b12786934469",
        "X-Processing-Time": "13ms"
      },
      "ResponseBody": {
        "identity": {
          "id": "8:acs:dd9753c0-6e62-4f74-ab0f-c94f9723b4eb_0000001c-97a7-6116-d68a-08482200479e"
        }
      }
    },
    {
      "RequestUri": "https://REDACTED/identities/8:acs:dd9753c0-6e62-4f74-ab0f-c94f9723b4eb_0000001c-97a7-609d-ec8d-084822004e4b/:issueAccessToken?api-version=2022-10-01",
      "RequestMethod": "POST",
      "RequestHeaders": {
        "Accept": "application/json",
        "Authorization": "Sanitized",
        "Content-Length": "19",
        "Content-Type": "application/json",
        "User-Agent": "azsdk-java-azure-communication-identity/1.4.11 (21.0.1; Windows 11; 10.0)",
        "x-ms-client-request-id": "b1f7df7f-4619-4329-b306-7998153cc3f0",
        "x-ms-content-sha256": "J\u002BdoRQjtFVYLx3qOvzptwBLjQWqy6OEWEEk1TY1\u002BrT4=",
        "x-ms-date": "Wed, 22 Nov 2023 16:03:33 GMT",
        "x-ms-hmac-string-to-sign-base64": "UE9TVAovaWRlbnRpdGllcy84OmFjczpkZDk3NTNjMC02ZTYyLTRmNzQtYWIwZi1jOTRmOTcyM2I0ZWJfMDAwMDAwMWMtOTdhNy02MDlkLWVjOGQtMDg0ODIyMDA0ZTRiLzppc3N1ZUFjY2Vzc1Rva2VuP2FwaS12ZXJzaW9uPTIwMjItMTAtMDEKV2VkLCAyMiBOb3YgMjAyMyAxNjowMzozMyBHTVQ7d2ViLXVpLWRldi51bml0ZWRzdGF0ZXMuY29tbXVuaWNhdGlvbi5henVyZS5jb207Sitkb1JRanRGVllMeDNxT3Z6cHR3QkxqUVdxeTZPRVdFRWsxVFkxK3JUND0="
      },
      "RequestBody": {
        "scopes": [
          "chat"
        ]
      },
      "StatusCode": 200,
      "ResponseHeaders": {
        "api-supported-versions": "2020-07-20-preview2, 2021-02-22-preview1, 2021-03-07, 2021-10-31-preview, 2021-11-01, 2022-06-01, 2022-10-01, 2023-10-01",
        "Content-Length": "68",
        "Content-Type": "application/json; charset=utf-8",
        "Date": "Wed, 22 Nov 2023 16:03:32 GMT",
        "MS-CV": "\u002ByVc7v8NN0ywsBa66iSJzQ.0",
        "Request-Context": "appId=",
        "Strict-Transport-Security": "max-age=2592000",
        "X-Azure-Ref": "0VSZeZQAAAAD2aIPN1vYxQ42iimEgdHR\u002BV1NURURHRTA4MjAAOWZjN2I1MTktYThjYy00Zjg5LTkzNWUtYzkxNDhhZTA5ZTgx",
        "X-Cache": "CONFIG_NOCACHE",
        "x-ms-client-request-id": "b1f7df7f-4619-4329-b306-7998153cc3f0",
        "X-Processing-Time": "21ms"
      },
      "ResponseBody": {
        "token": "REDACTED",
        "expiresOn": "2023-11-23T16:03:33.3288002\u002B00:00"
      }
    },
    {
      "RequestUri": "https://REDACTED/chat/threads?api-version=2023-11-07",
      "RequestMethod": "POST",
      "RequestHeaders": {
        "Accept": "application/json",
        "Authorization": "Sanitized",
        "Content-Length": "361",
        "Content-Type": "application/json",
        "repeatability-request-id": "98f19875-d1a8-499f-84d9-07ba6cf5a5b4",
        "User-Agent": "azsdk-java-azure-communication-chat/1.4.0-beta.1 (21.0.1; Windows 11; 10.0)",
        "x-ms-client-request-id": "a55f8efc-10a0-4ec8-85c8-705b0f4686cd"
      },
      "RequestBody": {
        "topic": "Test",
        "participants": [
          {
            "communicationIdentifier": {
              "communicationUser": {
                "id": "8:acs:dd9753c0-6e62-4f74-ab0f-c94f9723b4eb_0000001c-97a7-609d-ec8d-084822004e4b"
              }
            },
            "displayName": "Tester 1"
          },
          {
            "communicationIdentifier": {
              "communicationUser": {
                "id": "8:acs:dd9753c0-6e62-4f74-ab0f-c94f9723b4eb_0000001c-97a7-60c6-d68a-08482200479d"
              }
            },
            "displayName": "Tester 2"
          }
        ]
      },
      "StatusCode": 201,
      "ResponseHeaders": {
        "Access-Control-Expose-Headers": "*",
        "api-supported-versions": "2021-03-07, 2021-04-05-preview6, 2021-09-07, 2023-04-01-preview, 2023-07-01-preview, 2023-11-07, 2023-11-15-preview",
        "Content-Length": "367",
        "Content-Type": "application/json; charset=utf-8",
        "Date": "Wed, 22 Nov 2023 16:03:33 GMT",
        "Location": "https://web-ui-dev.unitedstates.communication.azure.com/chat/threads/19%3AIU2qQ-798BW97dmaZGlV9LRmU8-CpRDp35cpuQ3Vo7Y1@thread.v2",
        "MS-CV": "toymaG4g70K4dQ\u002B6fSI04w.0",
        "Strict-Transport-Security": "max-age=2592000",
        "X-Azure-Ref": "0VSZeZQAAAAA91IrCxb7CTq/Fq5lRkVL6V1NURURHRTA4MjAAOWZjN2I1MTktYThjYy00Zjg5LTkzNWUtYzkxNDhhZTA5ZTgx",
        "X-Cache": "CONFIG_NOCACHE",
        "X-Processing-Time": "473ms"
      },
      "ResponseBody": {
        "chatThread": {
          "id": "19:IU2qQ-798BW97dmaZGlV9LRmU8-CpRDp35cpuQ3Vo7Y1@thread.v2",
          "topic": "Test",
          "createdOn": "2023-11-22T16:03:33Z",
          "createdByCommunicationIdentifier": {
            "rawId": "8:acs:dd9753c0-6e62-4f74-ab0f-c94f9723b4eb_0000001c-97a7-609d-ec8d-084822004e4b",
            "communicationUser": {
              "id": "8:acs:dd9753c0-6e62-4f74-ab0f-c94f9723b4eb_0000001c-97a7-609d-ec8d-084822004e4b"
            }
          }
        }
      }
    },
    {
      "RequestUri": "https://REDACTED/chat/threads/19:IU2qQ-798BW97dmaZGlV9LRmU8-CpRDp35cpuQ3Vo7Y1@thread.v2/messages?api-version=2023-11-07",
      "RequestMethod": "POST",
      "RequestHeaders": {
        "Accept": "application/json",
        "Authorization": "Sanitized",
        "Content-Length": "237",
        "Content-Type": "application/json",
        "User-Agent": "azsdk-java-azure-communication-chat/1.4.0-beta.1 (21.0.1; Windows 11; 10.0)",
        "x-ms-client-request-id": "d414da2c-d9b2-43a3-8f62-ccb0dfe5f847"
      },
      "RequestBody": {
        "content": "Content",
        "senderDisplayName": "Tester",
        "type": "text",
        "metadata": {
          "onedriveReferences": "onedriveReferences",
          "deliveryMode": "deliveryMode value",
          "amsreferences": "[\\\u0022test url file 3\\\u0022]",
          "key": "value key",
          "tags": "tags value"
        }
      },
      "StatusCode": 201,
      "ResponseHeaders": {
        "Access-Control-Expose-Headers": "*",
        "api-supported-versions": "2021-03-07, 2021-04-05-preview6, 2021-09-07, 2023-04-01-preview, 2023-07-01-preview, 2023-11-07, 2023-11-15-preview",
        "Content-Length": "22",
        "Content-Type": "application/json; charset=utf-8",
        "Date": "Wed, 22 Nov 2023 16:03:33 GMT",
        "Location": "https://web-ui-dev.unitedstates.communication.azure.com/chat/threads/19%3AIU2qQ-798BW97dmaZGlV9LRmU8-CpRDp35cpuQ3Vo7Y1@thread.v2/messages/1700669013906",
        "MS-CV": "M7StfWlc006URAalCasW5A.0",
        "Strict-Transport-Security": "max-age=2592000",
        "X-Azure-Ref": "0VSZeZQAAAACz5gZQ\u002BuJ8S62yRWmPQ5pTV1NURURHRTA4MjAAOWZjN2I1MTktYThjYy00Zjg5LTkzNWUtYzkxNDhhZTA5ZTgx",
        "X-Cache": "CONFIG_NOCACHE",
        "X-Processing-Time": "123ms"
      },
      "ResponseBody": {
        "id": "1700669013906"
      }
    },
    {
      "RequestUri": "https://REDACTED/chat/threads/19:IU2qQ-798BW97dmaZGlV9LRmU8-CpRDp35cpuQ3Vo7Y1@thread.v2/messages/1700669013906?api-version=2023-11-07",
      "RequestMethod": "PATCH",
      "RequestHeaders": {
        "Accept": "application/json",
        "Authorization": "Sanitized",
        "Content-Length": "190",
        "Content-Type": "application/merge-patch\u002Bjson",
        "User-Agent": "azsdk-java-azure-communication-chat/1.4.0-beta.1 (21.0.1; Windows 11; 10.0)",
        "x-ms-client-request-id": "cddbf7a7-4ca0-428d-969e-55c3c7d33668"
      },
      "RequestBody": {
        "content": "Update Test",
        "metadata": {
          "onedriveReferences": "onedriveReferences - updated",
          "deliveryMode": "deliveryMode value - updated",
          "amsreferences": "[\\\u0022test url file 3\\\u0022]",
          "tags": ""
        }
      },
      "StatusCode": 204,
      "ResponseHeaders": {
        "Access-Control-Expose-Headers": "*",
        "api-supported-versions": "2021-03-07, 2021-04-05-preview6, 2021-09-07, 2023-04-01-preview, 2023-07-01-preview, 2023-11-07, 2023-11-15-preview",
        "Date": "Wed, 22 Nov 2023 16:03:33 GMT",
        "MS-CV": "mOswDYTdU0aK4qFULqLMCg.0",
        "Strict-Transport-Security": "max-age=2592000",
        "X-Azure-Ref": "0ViZeZQAAAACHSTNqzNMtTpLjNrx32i32V1NURURHRTA4MjAAOWZjN2I1MTktYThjYy00Zjg5LTkzNWUtYzkxNDhhZTA5ZTgx",
        "X-Cache": "CONFIG_NOCACHE",
        "X-Processing-Time": "386ms"
      },
      "ResponseBody": null
    },
    {
      "RequestUri": "https://REDACTED/chat/threads/19:IU2qQ-798BW97dmaZGlV9LRmU8-CpRDp35cpuQ3Vo7Y1@thread.v2/messages/1700669013906?api-version=2023-11-07",
      "RequestMethod": "GET",
      "RequestHeaders": {
        "Accept": "application/json",
        "Authorization": "Sanitized",
        "Content-Length": "0",
        "User-Agent": "azsdk-java-azure-communication-chat/1.4.0-beta.1 (21.0.1; Windows 11; 10.0)",
        "x-ms-client-request-id": "82f53e21-5345-4782-b358-1871fffde748"
      },
      "RequestBody": null,
      "StatusCode": 200,
      "ResponseHeaders": {
        "Access-Control-Expose-Headers": "*",
        "api-supported-versions": "2021-03-07, 2021-04-05-preview6, 2021-09-07, 2023-04-01-preview, 2023-07-01-preview, 2023-11-07, 2023-11-15-preview",
        "Content-Length": "619",
        "Content-Type": "application/json; charset=utf-8",
        "Date": "Wed, 22 Nov 2023 16:03:34 GMT",
        "MS-CV": "9od2MVl4PESMI3W\u002BANdrqQ.0",
        "Strict-Transport-Security": "max-age=2592000",
        "X-Azure-Ref": "0ViZeZQAAAABJ6dQwuLU6S4nHYaxTCNsgV1NURURHRTA4MjAAOWZjN2I1MTktYThjYy00Zjg5LTkzNWUtYzkxNDhhZTA5ZTgx",
        "X-Cache": "CONFIG_NOCACHE",
        "X-Processing-Time": "134ms"
      },
      "ResponseBody": {
        "id": "1700669013906",
        "type": "text",
        "sequenceId": "3",
        "version": "1700669014241",
        "content": {
          "message": "Update Test"
        },
        "senderDisplayName": "Tester",
        "createdOn": "2023-11-22T16:03:33Z",
        "senderCommunicationIdentifier": {
          "rawId": "8:acs:dd9753c0-6e62-4f74-ab0f-c94f9723b4eb_0000001c-97a7-609d-ec8d-084822004e4b",
          "communicationUser": {
            "id": "8:acs:dd9753c0-6e62-4f74-ab0f-c94f9723b4eb_0000001c-97a7-609d-ec8d-084822004e4b"
          }
        },
        "editedOn": "2023-11-22T16:03:34Z",
        "metadata": {
          "onedriveReferences": "onedriveReferences - updated",
          "deliveryMode": "deliveryMode value - updated",
          "amsreferences": "[\\\u0022test url file 3\\\u0022]",
          "key": "value key"
        }
      }
    }
  ],
  "Variables": {}
}
