{
  "Entries": [
    {
      "RequestUri": "https://REDACTED/identities?api-version=2022-10-01",
      "RequestMethod": "POST",
      "RequestHeaders": {
        "Accept": "application/json",
        "Authorization": "Sanitized",
        "Content-Length": "2",
        "Content-Type": "application/json",
        "User-Agent": "azsdk-java-azure-communication-identity/1.4.7 (17.0.1; Windows 11; 10.0)",
        "x-ms-client-request-id": "14058102-1cf6-4e2c-8a07-1d37def816cf",
        "x-ms-content-sha256": "RBNvo1WzZ4oRRq0W9\u002BhknpT7T8If536DEMBg9hyq/4o=",
        "x-ms-date": "Wed, 26 Jul 2023 00:20:51 GMT",
        "x-ms-hmac-string-to-sign-base64": "UE9TVAovaWRlbnRpdGllcz9hcGktdmVyc2lvbj0yMDIyLTEwLTAxCldlZCwgMjYgSnVsIDIwMjMgMDA6MjA6NTEgR01UO3JnLWVtYWlsLWNvbW0tY29tbXVuaWNhdGlvbi5jb21tdW5pY2F0aW9uLmF6dXJlLmNvbTtSQk52bzFXelo0b1JScTBXOStoa25wVDdUOElmNTM2REVNQmc5aHlxLzRvPQ=="
      },
      "RequestBody": {},
      "StatusCode": 201,
      "ResponseHeaders": {
        "api-supported-versions": "2020-07-20-preview2, 2021-02-22-preview1, 2021-03-07, 2021-10-31-preview, 2021-11-01, 2022-06-01, 2022-10-01, 2023-08-01",
        "Content-Length": "101",
        "Content-Type": "application/json; charset=utf-8",
        "Date": "Wed, 26 Jul 2023 00:20:53 GMT",
        "MS-CV": "58xoyluTF0Gs16C/KY7odA.0",
        "Request-Context": "appId=",
        "Strict-Transport-Security": "max-age=2592000",
        "X-Azure-Ref": "05WbAZAAAAABwwQORC9aBQ7gbUGZy6R2bV1NURURHRTAxMDcAOWZjN2I1MTktYThjYy00Zjg5LTkzNWUtYzkxNDhhZTA5ZTgx",
        "X-Cache": "CONFIG_NOCACHE",
        "x-ms-client-request-id": "14058102-1cf6-4e2c-8a07-1d37def816cf",
        "X-Processing-Time": "37ms"
      },
      "ResponseBody": {
        "identity": {
          "id": "8:acs:c6899c28-d68e-427a-80ea-47e003697db6_0000001a-2f73-93c7-ac00-343a0d00c210"
        }
      }
    },
    {
      "RequestUri": "https://REDACTED/identities?api-version=2022-10-01",
      "RequestMethod": "POST",
      "RequestHeaders": {
        "Accept": "application/json",
        "Authorization": "Sanitized",
        "Content-Length": "2",
        "Content-Type": "application/json",
        "User-Agent": "azsdk-java-azure-communication-identity/1.4.7 (17.0.1; Windows 11; 10.0)",
        "x-ms-client-request-id": "dd48516a-8e99-4e78-b415-106b54338be9",
        "x-ms-content-sha256": "RBNvo1WzZ4oRRq0W9\u002BhknpT7T8If536DEMBg9hyq/4o=",
        "x-ms-date": "Wed, 26 Jul 2023 00:20:52 GMT",
        "x-ms-hmac-string-to-sign-base64": "UE9TVAovaWRlbnRpdGllcz9hcGktdmVyc2lvbj0yMDIyLTEwLTAxCldlZCwgMjYgSnVsIDIwMjMgMDA6MjA6NTIgR01UO3JnLWVtYWlsLWNvbW0tY29tbXVuaWNhdGlvbi5jb21tdW5pY2F0aW9uLmF6dXJlLmNvbTtSQk52bzFXelo0b1JScTBXOStoa25wVDdUOElmNTM2REVNQmc5aHlxLzRvPQ=="
      },
      "RequestBody": {},
      "StatusCode": 201,
      "ResponseHeaders": {
        "api-supported-versions": "2020-07-20-preview2, 2021-02-22-preview1, 2021-03-07, 2021-10-31-preview, 2021-11-01, 2022-06-01, 2022-10-01, 2023-08-01",
        "Content-Length": "101",
        "Content-Type": "application/json; charset=utf-8",
        "Date": "Wed, 26 Jul 2023 00:20:53 GMT",
        "MS-CV": "kO8m2\u002B4XN0GHtkh1gNM\u002BFg.0",
        "Request-Context": "appId=",
        "Strict-Transport-Security": "max-age=2592000",
        "X-Azure-Ref": "05WbAZAAAAABl2FimRC1cTKoewWXuIl8dV1NURURHRTAxMDcAOWZjN2I1MTktYThjYy00Zjg5LTkzNWUtYzkxNDhhZTA5ZTgx",
        "X-Cache": "CONFIG_NOCACHE",
        "x-ms-client-request-id": "dd48516a-8e99-4e78-b415-106b54338be9",
        "X-Processing-Time": "42ms"
      },
      "ResponseBody": {
        "identity": {
          "id": "8:acs:c6899c28-d68e-427a-80ea-47e003697db6_0000001a-2f73-94f2-85f4-343a0d00ac7e"
        }
      }
    },
    {
      "RequestUri": "https://REDACTED/identities/8:acs:c6899c28-d68e-427a-80ea-47e003697db6_0000001a-2f73-93c7-ac00-343a0d00c210/:issueAccessToken?api-version=2022-10-01",
      "RequestMethod": "POST",
      "RequestHeaders": {
        "Accept": "application/json",
        "Authorization": "Sanitized",
        "Content-Length": "19",
        "Content-Type": "application/json",
        "User-Agent": "azsdk-java-azure-communication-identity/1.4.7 (17.0.1; Windows 11; 10.0)",
        "x-ms-client-request-id": "827ed66e-5dd0-460d-82ea-426c476032c1",
        "x-ms-content-sha256": "J\u002BdoRQjtFVYLx3qOvzptwBLjQWqy6OEWEEk1TY1\u002BrT4=",
        "x-ms-date": "Wed, 26 Jul 2023 00:20:52 GMT",
        "x-ms-hmac-string-to-sign-base64": "UE9TVAovaWRlbnRpdGllcy84OmFjczpjNjg5OWMyOC1kNjhlLTQyN2EtODBlYS00N2UwMDM2OTdkYjZfMDAwMDAwMWEtMmY3My05M2M3LWFjMDAtMzQzYTBkMDBjMjEwLzppc3N1ZUFjY2Vzc1Rva2VuP2FwaS12ZXJzaW9uPTIwMjItMTAtMDEKV2VkLCAyNiBKdWwgMjAyMyAwMDoyMDo1MiBHTVQ7cmctZW1haWwtY29tbS1jb21tdW5pY2F0aW9uLmNvbW11bmljYXRpb24uYXp1cmUuY29tO0orZG9SUWp0RlZZTHgzcU92enB0d0JMalFXcXk2T0VXRUVrMVRZMStyVDQ9"
      },
      "RequestBody": {
        "scopes": [
          "chat"
        ]
      },
      "StatusCode": 200,
      "ResponseHeaders": {
        "api-supported-versions": "2020-07-20-preview2, 2021-02-22-preview1, 2021-03-07, 2021-10-31-preview, 2021-11-01, 2022-06-01, 2022-10-01, 2023-08-01",
        "Content-Length": "68",
        "Content-Type": "application/json; charset=utf-8",
        "Date": "Wed, 26 Jul 2023 00:20:53 GMT",
        "MS-CV": "8Hh21PX4kk\u002BYKy\u002BD4MrOgA.0",
        "Request-Context": "appId=",
        "Strict-Transport-Security": "max-age=2592000",
        "X-Azure-Ref": "05WbAZAAAAAAOT/OyA48rTbzTaqvZxWIYV1NURURHRTAxMDcAOWZjN2I1MTktYThjYy00Zjg5LTkzNWUtYzkxNDhhZTA5ZTgx",
        "X-Cache": "CONFIG_NOCACHE",
        "x-ms-client-request-id": "827ed66e-5dd0-460d-82ea-426c476032c1",
        "X-Processing-Time": "23ms"
      },
      "ResponseBody": {
        "token": "REDACTED",
        "expiresOn": "2023-07-27T00:20:53.8885163\u002B00:00"
      }
    },
    {
      "RequestUri": "https://REDACTED/chat/threads?api-version=2021-09-07",
      "RequestMethod": "POST",
      "RequestHeaders": {
        "Accept": "application/json",
        "Authorization": "Sanitized",
        "Content-Length": "361",
        "Content-Type": "application/json",
        "repeatability-request-id": "6be9fed4-1283-4d2a-baf5-5facd43ccc77",
        "User-Agent": "azsdk-java-azure-communication-chat/1.4.0-beta.1 (17.0.1; Windows 11; 10.0)",
        "x-ms-client-request-id": "f6939cc2-b480-4cfc-ae20-6857fcd7b212"
      },
      "RequestBody": {
        "topic": "Test",
        "participants": [
          {
            "communicationIdentifier": {
              "communicationUser": {
                "id": "8:acs:c6899c28-d68e-427a-80ea-47e003697db6_0000001a-2f73-93c7-ac00-343a0d00c210"
              }
            },
            "displayName": "Tester 1"
          },
          {
            "communicationIdentifier": {
              "communicationUser": {
                "id": "8:acs:c6899c28-d68e-427a-80ea-47e003697db6_0000001a-2f73-94f2-85f4-343a0d00ac7e"
              }
            },
            "displayName": "Tester 2"
          }
        ]
      },
      "StatusCode": 201,
      "ResponseHeaders": {
        "Access-Control-Expose-Headers": "*",
        "api-supported-versions": "2021-03-07, 2021-04-05-preview6, 2021-09-07, 2023-04-01-preview, 2023-07-01-preview",
        "Content-Length": "367",
        "Content-Type": "application/json; charset=utf-8",
        "Date": "Wed, 26 Jul 2023 00:20:54 GMT",
        "Location": "https://rg-email-comm-communication.communication.azure.com/chat/threads/19%3AzRbwaHZRlZRLKiakxgBJN3H8UXSLEHaERYtxC8gcw9Y1@thread.v2",
        "MS-CV": "uXPIJiqlgEuhOsUwTbrovQ.0",
        "Strict-Transport-Security": "max-age=2592000",
        "X-Azure-Ref": "05mbAZAAAAADm4YT8HhWiSrrC559aklM0V1NURURHRTAxMDcAOWZjN2I1MTktYThjYy00Zjg5LTkzNWUtYzkxNDhhZTA5ZTgx",
        "X-Cache": "CONFIG_NOCACHE",
        "X-Processing-Time": "575ms"
      },
      "ResponseBody": {
        "chatThread": {
          "id": "19:zRbwaHZRlZRLKiakxgBJN3H8UXSLEHaERYtxC8gcw9Y1@thread.v2",
          "topic": "Test",
          "createdOn": "2023-07-26T00:20:54Z",
          "createdByCommunicationIdentifier": {
            "rawId": "8:acs:c6899c28-d68e-427a-80ea-47e003697db6_0000001a-2f73-93c7-ac00-343a0d00c210",
            "communicationUser": {
              "id": "8:acs:c6899c28-d68e-427a-80ea-47e003697db6_0000001a-2f73-93c7-ac00-343a0d00c210"
            }
          }
        }
      }
    }
  ],
  "Variables": {}
}
