{
  "Entries": [
    {
      "RequestUri": "https://REDACTED/identities?api-version=2022-10-01",
      "RequestMethod": "POST",
      "RequestHeaders": {
        "Accept": "application/json",
        "Authorization": "Sanitized",
        "Content-Length": "2",
        "Content-Type": "application/json",
        "User-Agent": "azsdk-java-azure-communication-identity/1.4.11 (21.0.1; Windows 11; 10.0)",
        "x-ms-client-request-id": "f2093e94-e683-42f2-ba64-5d8966a19c3f",
        "x-ms-content-sha256": "RBNvo1WzZ4oRRq0W9\u002BhknpT7T8If536DEMBg9hyq/4o=",
        "x-ms-date": "Tue, 21 Nov 2023 23:44:57 GMT",
        "x-ms-hmac-string-to-sign-base64": "UE9TVAovaWRlbnRpdGllcz9hcGktdmVyc2lvbj0yMDIyLTEwLTAxClR1ZSwgMjEgTm92IDIwMjMgMjM6NDQ6NTcgR01UO3dlYi11aS1kZXYudW5pdGVkc3RhdGVzLmNvbW11bmljYXRpb24uYXp1cmUuY29tO1JCTnZvMVd6WjRvUlJxMFc5K2hrbnBUN1Q4SWY1MzZERU1CZzloeXEvNG89"
      },
      "RequestBody": {},
      "StatusCode": 201,
      "ResponseHeaders": {
        "api-supported-versions": "2020-07-20-preview2, 2021-02-22-preview1, 2021-03-07, 2021-10-31-preview, 2021-11-01, 2022-06-01, 2022-10-01, 2023-10-01",
        "Content-Length": "101",
        "Content-Type": "application/json; charset=utf-8",
        "Date": "Tue, 21 Nov 2023 23:44:57 GMT",
        "MS-CV": "yP1qlwdFm0mCP40\u002BuxWQXA.0",
        "Request-Context": "appId=",
        "Strict-Transport-Security": "max-age=2592000",
        "X-Azure-Ref": "0\u002BUBdZQAAAABwIHQBf3y3S4nOVX\u002Bwh0ysV1NURURHRTAxMjAAOWZjN2I1MTktYThjYy00Zjg5LTkzNWUtYzkxNDhhZTA5ZTgx",
        "X-Cache": "CONFIG_NOCACHE",
        "x-ms-client-request-id": "f2093e94-e683-42f2-ba64-5d8966a19c3f",
        "X-Processing-Time": "15ms"
      },
      "ResponseBody": {
        "identity": {
          "id": "8:acs:dd9753c0-6e62-4f74-ab0f-c94f9723b4eb_0000001c-9427-73d7-d68a-08482200d957"
        }
      }
    },
    {
      "RequestUri": "https://REDACTED/identities?api-version=2022-10-01",
      "RequestMethod": "POST",
      "RequestHeaders": {
        "Accept": "application/json",
        "Authorization": "Sanitized",
        "Content-Length": "2",
        "Content-Type": "application/json",
        "User-Agent": "azsdk-java-azure-communication-identity/1.4.11 (21.0.1; Windows 11; 10.0)",
        "x-ms-client-request-id": "dd552c74-3aa3-4dea-bfce-8d0b806918a1",
        "x-ms-content-sha256": "RBNvo1WzZ4oRRq0W9\u002BhknpT7T8If536DEMBg9hyq/4o=",
        "x-ms-date": "Tue, 21 Nov 2023 23:44:57 GMT",
        "x-ms-hmac-string-to-sign-base64": "UE9TVAovaWRlbnRpdGllcz9hcGktdmVyc2lvbj0yMDIyLTEwLTAxClR1ZSwgMjEgTm92IDIwMjMgMjM6NDQ6NTcgR01UO3dlYi11aS1kZXYudW5pdGVkc3RhdGVzLmNvbW11bmljYXRpb24uYXp1cmUuY29tO1JCTnZvMVd6WjRvUlJxMFc5K2hrbnBUN1Q4SWY1MzZERU1CZzloeXEvNG89"
      },
      "RequestBody": {},
      "StatusCode": 201,
      "ResponseHeaders": {
        "api-supported-versions": "2020-07-20-preview2, 2021-02-22-preview1, 2021-03-07, 2021-10-31-preview, 2021-11-01, 2022-06-01, 2022-10-01, 2023-10-01",
        "Content-Length": "101",
        "Content-Type": "application/json; charset=utf-8",
        "Date": "Tue, 21 Nov 2023 23:44:57 GMT",
        "MS-CV": "46P0W95LNkOmkzGhYlkzWQ.0",
        "Request-Context": "appId=",
        "Strict-Transport-Security": "max-age=2592000",
        "X-Azure-Ref": "0\u002BUBdZQAAAADR/RyorcHnQ4Q9xzorG/x1V1NURURHRTAxMjAAOWZjN2I1MTktYThjYy00Zjg5LTkzNWUtYzkxNDhhZTA5ZTgx",
        "X-Cache": "CONFIG_NOCACHE",
        "x-ms-client-request-id": "dd552c74-3aa3-4dea-bfce-8d0b806918a1",
        "X-Processing-Time": "12ms"
      },
      "ResponseBody": {
        "identity": {
          "id": "8:acs:dd9753c0-6e62-4f74-ab0f-c94f9723b4eb_0000001c-9427-7402-28c5-593a0d00dae0"
        }
      }
    },
    {
      "RequestUri": "https://REDACTED/identities/8:acs:dd9753c0-6e62-4f74-ab0f-c94f9723b4eb_0000001c-9427-73d7-d68a-08482200d957/:issueAccessToken?api-version=2022-10-01",
      "RequestMethod": "POST",
      "RequestHeaders": {
        "Accept": "application/json",
        "Authorization": "Sanitized",
        "Content-Length": "19",
        "Content-Type": "application/json",
        "User-Agent": "azsdk-java-azure-communication-identity/1.4.11 (21.0.1; Windows 11; 10.0)",
        "x-ms-client-request-id": "990ecc95-42b7-4c4b-8cd6-376f1d5e10cf",
        "x-ms-content-sha256": "J\u002BdoRQjtFVYLx3qOvzptwBLjQWqy6OEWEEk1TY1\u002BrT4=",
        "x-ms-date": "Tue, 21 Nov 2023 23:44:57 GMT",
        "x-ms-hmac-string-to-sign-base64": "UE9TVAovaWRlbnRpdGllcy84OmFjczpkZDk3NTNjMC02ZTYyLTRmNzQtYWIwZi1jOTRmOTcyM2I0ZWJfMDAwMDAwMWMtOTQyNy03M2Q3LWQ2OGEtMDg0ODIyMDBkOTU3Lzppc3N1ZUFjY2Vzc1Rva2VuP2FwaS12ZXJzaW9uPTIwMjItMTAtMDEKVHVlLCAyMSBOb3YgMjAyMyAyMzo0NDo1NyBHTVQ7d2ViLXVpLWRldi51bml0ZWRzdGF0ZXMuY29tbXVuaWNhdGlvbi5henVyZS5jb207Sitkb1JRanRGVllMeDNxT3Z6cHR3QkxqUVdxeTZPRVdFRWsxVFkxK3JUND0="
      },
      "RequestBody": {
        "scopes": [
          "chat"
        ]
      },
      "StatusCode": 200,
      "ResponseHeaders": {
        "api-supported-versions": "2020-07-20-preview2, 2021-02-22-preview1, 2021-03-07, 2021-10-31-preview, 2021-11-01, 2022-06-01, 2022-10-01, 2023-10-01",
        "Content-Length": "68",
        "Content-Type": "application/json; charset=utf-8",
        "Date": "Tue, 21 Nov 2023 23:44:57 GMT",
        "MS-CV": "gwoE1QKgDkWcsJXe\u002B2nl1g.0",
        "Request-Context": "appId=",
        "Strict-Transport-Security": "max-age=2592000",
        "X-Azure-Ref": "0\u002BUBdZQAAAAD10ZFzONNJSYKdmDHoE6abV1NURURHRTAxMjAAOWZjN2I1MTktYThjYy00Zjg5LTkzNWUtYzkxNDhhZTA5ZTgx",
        "X-Cache": "CONFIG_NOCACHE",
        "x-ms-client-request-id": "990ecc95-42b7-4c4b-8cd6-376f1d5e10cf",
        "X-Processing-Time": "23ms"
      },
      "ResponseBody": {
        "token": "REDACTED",
        "expiresOn": "2023-11-22T23:44:57.9001692\u002B00:00"
      }
    },
    {
      "RequestUri": "https://REDACTED/chat/threads?api-version=2023-11-07",
      "RequestMethod": "POST",
      "RequestHeaders": {
        "Accept": "application/json",
        "Authorization": "Sanitized",
        "Content-Length": "361",
        "Content-Type": "application/json",
        "repeatability-request-id": "c935d627-5f71-490c-8bf7-26382eeb36ac",
        "User-Agent": "azsdk-java-azure-communication-chat/1.4.0-beta.1 (21.0.1; Windows 11; 10.0)",
        "x-ms-client-request-id": "e7e79a3a-e9fa-47ab-a4b2-2362af68c8dd"
      },
      "RequestBody": {
        "topic": "Test",
        "participants": [
          {
            "communicationIdentifier": {
              "communicationUser": {
                "id": "8:acs:dd9753c0-6e62-4f74-ab0f-c94f9723b4eb_0000001c-9427-73d7-d68a-08482200d957"
              }
            },
            "displayName": "Tester 1"
          },
          {
            "communicationIdentifier": {
              "communicationUser": {
                "id": "8:acs:dd9753c0-6e62-4f74-ab0f-c94f9723b4eb_0000001c-9427-7402-28c5-593a0d00dae0"
              }
            },
            "displayName": "Tester 2"
          }
        ]
      },
      "StatusCode": 201,
      "ResponseHeaders": {
        "Access-Control-Expose-Headers": "*",
        "api-supported-versions": "2021-03-07, 2021-04-05-preview6, 2021-09-07, 2023-04-01-preview, 2023-07-01-preview, 2023-11-07, 2023-11-15-preview",
        "Content-Length": "367",
        "Content-Type": "application/json; charset=utf-8",
        "Date": "Tue, 21 Nov 2023 23:44:57 GMT",
        "Location": "https://web-ui-dev.unitedstates.communication.azure.com/chat/threads/19%3A5C6mlw2us7TzIeQSYp3S4f-T_aKqA2pRfYlKvM352101@thread.v2",
        "MS-CV": "1UmmMsy0eUOLqUALtZFtUA.0",
        "Strict-Transport-Security": "max-age=2592000",
        "X-Azure-Ref": "0\u002BUBdZQAAAAC16QxC9fkkTZUKFiw1EbsZV1NURURHRTAxMjAAOWZjN2I1MTktYThjYy00Zjg5LTkzNWUtYzkxNDhhZTA5ZTgx",
        "X-Cache": "CONFIG_NOCACHE",
        "X-Processing-Time": "401ms"
      },
      "ResponseBody": {
        "chatThread": {
          "id": "19:5C6mlw2us7TzIeQSYp3S4f-T_aKqA2pRfYlKvM352101@thread.v2",
          "topic": "Test",
          "createdOn": "2023-11-21T23:44:57Z",
          "createdByCommunicationIdentifier": {
            "rawId": "8:acs:dd9753c0-6e62-4f74-ab0f-c94f9723b4eb_0000001c-9427-73d7-d68a-08482200d957",
            "communicationUser": {
              "id": "8:acs:dd9753c0-6e62-4f74-ab0f-c94f9723b4eb_0000001c-9427-73d7-d68a-08482200d957"
            }
          }
        }
      }
    }
  ],
  "Variables": {}
}
