{
  "Entries": [
    {
      "RequestUri": "https://REDACTED/identities?api-version=2023-10-01",
      "RequestMethod": "POST",
      "RequestHeaders": {
        "Accept": "application/json",
        "Authorization": "Sanitized",
        "Content-Length": "2",
        "Content-Type": "application/json",
        "User-Agent": "azsdk-java-azure-communication-identity/1.5.5 (21.0.2; Windows 11; 10.0)",
        "x-ms-client-request-id": "Sanitized"
      },
      "RequestBody": {},
      "StatusCode": 201,
      "ResponseHeaders": {
        "api-supported-versions": "2020-07-20-preview2, 2021-03-07, 2021-10-31-preview, 2021-11-01, 2022-06-01, 2022-10-01, 2023-10-01",
        "Content-Length": "101",
        "Content-Type": "application/json; charset=utf-8",
        "Date": "Tue, 25 Jun 2024 01:46:00 GMT",
        "MS-CV": "Sanitized",
        "Request-Context": "appId=",
        "Strict-Transport-Security": "max-age=31536000;includeSubDomains",
        "X-Azure-Ref": "Sanitized",
        "X-Cache": "CONFIG_NOCACHE",
        "x-ms-client-request-id": "Sanitized",
        "X-Processing-Time": "76ms"
      },
      "ResponseBody": {
        "identity": {
          "id": "8:acs:2eea4af8-b787-4c1c-a82b-eb24eab3dfcb_00000020-ecf3-e491-1692-32bd4560d542"
        }
      }
    },
    {
      "RequestUri": "https://REDACTED/identities?api-version=2023-10-01",
      "RequestMethod": "POST",
      "RequestHeaders": {
        "Accept": "application/json",
        "Authorization": "Sanitized",
        "Content-Length": "2",
        "Content-Type": "application/json",
        "User-Agent": "azsdk-java-azure-communication-identity/1.5.5 (21.0.2; Windows 11; 10.0)",
        "x-ms-client-request-id": "Sanitized"
      },
      "RequestBody": {},
      "StatusCode": 201,
      "ResponseHeaders": {
        "api-supported-versions": "2020-07-20-preview2, 2021-03-07, 2021-10-31-preview, 2021-11-01, 2022-06-01, 2022-10-01, 2023-10-01",
        "Content-Length": "101",
        "Content-Type": "application/json; charset=utf-8",
        "Date": "Tue, 25 Jun 2024 01:46:00 GMT",
        "MS-CV": "Sanitized",
        "Request-Context": "appId=",
        "Strict-Transport-Security": "max-age=31536000;includeSubDomains",
        "X-Azure-Ref": "Sanitized",
        "X-Cache": "CONFIG_NOCACHE",
        "x-ms-client-request-id": "Sanitized",
        "X-Processing-Time": "52ms"
      },
      "ResponseBody": {
        "identity": {
          "id": "8:acs:2eea4af8-b787-4c1c-a82b-eb24eab3dfcb_00000020-ecf3-e52e-54b7-a43a0d007ecd"
        }
      }
    },
    {
      "RequestUri": "https://REDACTED/identities/Sanitized/:issueAccessToken?api-version=2023-10-01",
      "RequestMethod": "POST",
      "RequestHeaders": {
        "Accept": "application/json",
        "Authorization": "Sanitized",
        "Content-Length": "19",
        "Content-Type": "application/json",
        "User-Agent": "azsdk-java-azure-communication-identity/1.5.5 (21.0.2; Windows 11; 10.0)",
        "x-ms-client-request-id": "Sanitized"
      },
      "RequestBody": {
        "scopes": [
          "chat"
        ]
      },
      "StatusCode": 200,
      "ResponseHeaders": {
        "api-supported-versions": "2020-07-20-preview2, 2021-03-07, 2021-10-31-preview, 2021-11-01, 2022-06-01, 2022-10-01, 2023-10-01",
        "Content-Length": "68",
        "Content-Type": "application/json; charset=utf-8",
        "Date": "Tue, 25 Jun 2024 01:46:00 GMT",
        "MS-CV": "Sanitized",
        "Request-Context": "appId=",
        "Strict-Transport-Security": "max-age=31536000;includeSubDomains",
        "X-Azure-Ref": "Sanitized",
        "X-Cache": "CONFIG_NOCACHE",
        "x-ms-client-request-id": "Sanitized",
        "X-Processing-Time": "137ms"
      },
      "ResponseBody": {
        "token": "REDACTED",
        "expiresOn": "2024-06-26T01:46:00.6589987+00:00"
      }
    },
    {
      "RequestUri": "https://REDACTED/chat/threads?api-version=2024-03-07",
      "RequestMethod": "POST",
      "RequestHeaders": {
        "Accept": "application/json",
        "Authorization": "Sanitized",
        "Content-Length": "361",
        "Content-Type": "application/json",
        "repeatability-request-id": "Sanitized",
        "User-Agent": "azsdk-java-azure-communication-chat/1.6.0-beta.1 (21.0.2; Windows 11; 10.0)",
        "x-ms-client-request-id": "Sanitized"
      },
      "RequestBody": {
        "topic": "Test",
        "participants": [
          {
            "communicationIdentifier": {
              "communicationUser": {
                "id": "8:acs:2eea4af8-b787-4c1c-a82b-eb24eab3dfcb_00000020-ecf3-e491-1692-32bd4560d542"
              }
            },
            "displayName": "Tester 1"
          },
          {
            "communicationIdentifier": {
              "communicationUser": {
                "id": "8:acs:2eea4af8-b787-4c1c-a82b-eb24eab3dfcb_00000020-ecf3-e52e-54b7-a43a0d007ecd"
              }
            },
            "displayName": "Tester 2"
          }
        ]
      },
      "StatusCode": 201,
      "ResponseHeaders": {
        "Access-Control-Expose-Headers": "*",
        "api-supported-versions": "2021-03-07, 2021-04-05-preview6, 2021-09-07, 2023-04-01-preview, 2023-07-01-preview, 2023-11-07, 2023-11-15-preview, 2024-03-01-preview, 2024-03-07, 2024-03-15-preview, 2024-06-05-preview",
        "Content-Length": "367",
        "Content-Type": "application/json; charset=utf-8",
        "Date": "Tue, 25 Jun 2024 01:46:00 GMT",
        "Location": "https://REDACTED.com",
        "mise-correlation-id": "84306823-8721-4038-9f73-c669e5441b91",
        "MS-CV": "Sanitized",
        "Strict-Transport-Security": "max-age=31536000;includeSubDomains",
        "X-Azure-Ref": "Sanitized",
        "X-Cache": "CONFIG_NOCACHE",
        "X-Processing-Time": "791ms"
      },
      "ResponseBody": {
        "chatThread": {
          "id": "19:5v76KhN5J58TIHIHmraGkq1TQm0YcqaQ0diQPg9m2IQ1@thread.v2",
          "topic": "Test",
          "createdOn": "2024-06-25T01:46:01Z",
          "createdByCommunicationIdentifier": {
            "rawId": "8:acs:2eea4af8-b787-4c1c-a82b-eb24eab3dfcb_00000020-ecf3-e491-1692-32bd4560d542",
            "communicationUser": {
              "id": "8:acs:2eea4af8-b787-4c1c-a82b-eb24eab3dfcb_00000020-ecf3-e491-1692-32bd4560d542"
            }
          }
        }
      }
    },
    {
      "RequestUri": "https://REDACTED/chat/threads/19:5v76KhN5J58TIHIHmraGkq1TQm0YcqaQ0diQPg9m2IQ1@thread.v2/participants?api-version=2024-03-07",
      "RequestMethod": "GET",
      "RequestHeaders": {
        "Accept": "application/json",
        "Authorization": "Sanitized",
        "Content-Length": "0",
        "User-Agent": "azsdk-java-azure-communication-chat/1.6.0-beta.1 (21.0.2; Windows 11; 10.0)",
        "x-ms-client-request-id": "Sanitized"
      },
      "RequestBody": null,
      "StatusCode": 200,
      "ResponseHeaders": {
        "Access-Control-Expose-Headers": "*",
        "api-supported-versions": "2021-03-07, 2021-04-05-preview6, 2021-09-07, 2023-04-01-preview, 2023-07-01-preview, 2023-11-07, 2023-11-15-preview, 2024-03-01-preview, 2024-03-07, 2024-03-15-preview, 2024-06-05-preview",
        "Content-Length": "603",
        "Content-Type": "application/json; charset=utf-8",
        "Date": "Tue, 25 Jun 2024 01:46:01 GMT",
        "mise-correlation-id": "42fd5229-99e5-43b9-8853-a3731fb493e6",
        "MS-CV": "Sanitized",
        "Strict-Transport-Security": "max-age=31536000;includeSubDomains",
        "X-Azure-Ref": "Sanitized",
        "X-Cache": "CONFIG_NOCACHE",
        "X-Processing-Time": "143ms"
      },
      "ResponseBody": {
        "value": [
          {
            "communicationIdentifier": {
              "rawId": "8:acs:2eea4af8-b787-4c1c-a82b-eb24eab3dfcb_00000020-ecf3-e491-1692-32bd4560d542",
              "communicationUser": {
                "id": "8:acs:2eea4af8-b787-4c1c-a82b-eb24eab3dfcb_00000020-ecf3-e491-1692-32bd4560d542"
              }
            },
            "displayName": "Tester 1",
            "shareHistoryTime": "1970-01-01T00:00:00Z"
          },
          {
            "communicationIdentifier": {
              "rawId": "8:acs:2eea4af8-b787-4c1c-a82b-eb24eab3dfcb_00000020-ecf3-e52e-54b7-a43a0d007ecd",
              "communicationUser": {
                "id": "8:acs:2eea4af8-b787-4c1c-a82b-eb24eab3dfcb_00000020-ecf3-e52e-54b7-a43a0d007ecd"
              }
            },
            "displayName": "Tester 2",
            "shareHistoryTime": "1970-01-01T00:00:00Z"
          }
        ]
      }
    }
  ],
  "Variables": {}
}
