{
  "Entries": [
    {
      "RequestUri": "https://REDACTED/identities?api-version=2023-10-01",
      "RequestMethod": "POST",
      "RequestHeaders": {
        "Accept": "application/json",
        "Authorization": "Sanitized",
        "Content-Length": "2",
        "Content-Type": "application/json",
        "User-Agent": "azsdk-java-azure-communication-identity/1.5.5 (21.0.2; Windows 11; 10.0)",
        "x-ms-client-request-id": "Sanitized"
      },
      "RequestBody": {},
      "StatusCode": 201,
      "ResponseHeaders": {
        "api-supported-versions": "2020-07-20-preview2, 2021-03-07, 2021-10-31-preview, 2021-11-01, 2022-06-01, 2022-10-01, 2023-10-01",
        "Content-Length": "101",
        "Content-Type": "application/json; charset=utf-8",
        "Date": "Tue, 25 Jun 2024 01:45:47 GMT",
        "MS-CV": "Sanitized",
        "Request-Context": "appId=",
        "Strict-Transport-Security": "max-age=31536000;includeSubDomains",
        "X-Azure-Ref": "Sanitized",
        "X-Cache": "CONFIG_NOCACHE",
        "x-ms-client-request-id": "Sanitized",
        "X-Processing-Time": "56ms"
      },
      "ResponseBody": {
        "identity": {
          "id": "8:acs:2eea4af8-b787-4c1c-a82b-eb24eab3dfcb_00000020-ecf3-b4a4-bdd0-44482200a02c"
        }
      }
    },
    {
      "RequestUri": "https://REDACTED/identities?api-version=2023-10-01",
      "RequestMethod": "POST",
      "RequestHeaders": {
        "Accept": "application/json",
        "Authorization": "Sanitized",
        "Content-Length": "2",
        "Content-Type": "application/json",
        "User-Agent": "azsdk-java-azure-communication-identity/1.5.5 (21.0.2; Windows 11; 10.0)",
        "x-ms-client-request-id": "Sanitized"
      },
      "RequestBody": {},
      "StatusCode": 201,
      "ResponseHeaders": {
        "api-supported-versions": "2020-07-20-preview2, 2021-03-07, 2021-10-31-preview, 2021-11-01, 2022-06-01, 2022-10-01, 2023-10-01",
        "Content-Length": "101",
        "Content-Type": "application/json; charset=utf-8",
        "Date": "Tue, 25 Jun 2024 01:45:47 GMT",
        "MS-CV": "Sanitized",
        "Request-Context": "appId=",
        "Strict-Transport-Security": "max-age=31536000;includeSubDomains",
        "X-Azure-Ref": "Sanitized",
        "X-Cache": "CONFIG_NOCACHE",
        "x-ms-client-request-id": "Sanitized",
        "X-Processing-Time": "56ms"
      },
      "ResponseBody": {
        "identity": {
          "id": "8:acs:2eea4af8-b787-4c1c-a82b-eb24eab3dfcb_00000020-ecf3-b547-28df-44482200918b"
        }
      }
    },
    {
      "RequestUri": "https://REDACTED/identities/Sanitized/:issueAccessToken?api-version=2023-10-01",
      "RequestMethod": "POST",
      "RequestHeaders": {
        "Accept": "application/json",
        "Authorization": "Sanitized",
        "Content-Length": "19",
        "Content-Type": "application/json",
        "User-Agent": "azsdk-java-azure-communication-identity/1.5.5 (21.0.2; Windows 11; 10.0)",
        "x-ms-client-request-id": "Sanitized"
      },
      "RequestBody": {
        "scopes": [
          "chat"
        ]
      },
      "StatusCode": 200,
      "ResponseHeaders": {
        "api-supported-versions": "2020-07-20-preview2, 2021-03-07, 2021-10-31-preview, 2021-11-01, 2022-06-01, 2022-10-01, 2023-10-01",
        "Content-Length": "68",
        "Content-Type": "application/json; charset=utf-8",
        "Date": "Tue, 25 Jun 2024 01:45:47 GMT",
        "MS-CV": "Sanitized",
        "Request-Context": "appId=",
        "Strict-Transport-Security": "max-age=31536000;includeSubDomains",
        "X-Azure-Ref": "Sanitized",
        "X-Cache": "CONFIG_NOCACHE",
        "x-ms-client-request-id": "Sanitized",
        "X-Processing-Time": "129ms"
      },
      "ResponseBody": {
        "token": "REDACTED",
        "expiresOn": "2024-06-26T01:45:48.3726833+00:00"
      }
    },
    {
      "RequestUri": "https://REDACTED/chat/threads?api-version=2024-03-07",
      "RequestMethod": "POST",
      "RequestHeaders": {
        "Accept": "application/json",
        "Authorization": "Sanitized",
        "Content-Length": "361",
        "Content-Type": "application/json",
        "repeatability-request-id": "Sanitized",
        "User-Agent": "azsdk-java-azure-communication-chat/1.6.0-beta.1 (21.0.2; Windows 11; 10.0)",
        "x-ms-client-request-id": "Sanitized"
      },
      "RequestBody": {
        "topic": "Test",
        "participants": [
          {
            "communicationIdentifier": {
              "communicationUser": {
                "id": "8:acs:2eea4af8-b787-4c1c-a82b-eb24eab3dfcb_00000020-ecf3-b4a4-bdd0-44482200a02c"
              }
            },
            "displayName": "Tester 1"
          },
          {
            "communicationIdentifier": {
              "communicationUser": {
                "id": "8:acs:2eea4af8-b787-4c1c-a82b-eb24eab3dfcb_00000020-ecf3-b547-28df-44482200918b"
              }
            },
            "displayName": "Tester 2"
          }
        ]
      },
      "StatusCode": 201,
      "ResponseHeaders": {
        "Access-Control-Expose-Headers": "*",
        "api-supported-versions": "2021-03-07, 2021-04-05-preview6, 2021-09-07, 2023-04-01-preview, 2023-07-01-preview, 2023-11-07, 2023-11-15-preview, 2024-03-01-preview, 2024-03-07, 2024-03-15-preview, 2024-06-05-preview",
        "Content-Length": "367",
        "Content-Type": "application/json; charset=utf-8",
        "Date": "Tue, 25 Jun 2024 01:45:48 GMT",
        "Location": "https://REDACTED.com",
        "mise-correlation-id": "03adc971-febb-497b-8f83-c036252fa85d",
        "MS-CV": "Sanitized",
        "Strict-Transport-Security": "max-age=31536000;includeSubDomains",
        "X-Azure-Ref": "Sanitized",
        "X-Cache": "CONFIG_NOCACHE",
        "X-Processing-Time": "597ms"
      },
      "ResponseBody": {
        "chatThread": {
          "id": "19:xdjTbDfGORGG-ekc-LFf_-V2vVvjm7dsZqn2P0y8U2E1@thread.v2",
          "topic": "Test",
          "createdOn": "2024-06-25T01:45:49Z",
          "createdByCommunicationIdentifier": {
            "rawId": "8:acs:2eea4af8-b787-4c1c-a82b-eb24eab3dfcb_00000020-ecf3-b4a4-bdd0-44482200a02c",
            "communicationUser": {
              "id": "8:acs:2eea4af8-b787-4c1c-a82b-eb24eab3dfcb_00000020-ecf3-b4a4-bdd0-44482200a02c"
            }
          }
        }
      }
    }
  ],
  "Variables": {}
}
