{
  "Entries": [
    {
      "RequestUri": "https://REDACTED/identities?api-version=2023-10-01",
      "RequestMethod": "POST",
      "RequestHeaders": {
        "Accept": "application/json",
        "Authorization": "Sanitized",
        "Content-Length": "2",
        "Content-Type": "application/json",
        "User-Agent": "azsdk-java-azure-communication-identity/1.5.5 (21.0.2; Windows 11; 10.0)",
        "x-ms-client-request-id": "Sanitized"
      },
      "RequestBody": {},
      "StatusCode": 201,
      "ResponseHeaders": {
        "api-supported-versions": "2020-07-20-preview2, 2021-03-07, 2021-10-31-preview, 2021-11-01, 2022-06-01, 2022-10-01, 2023-10-01",
        "Content-Length": "101",
        "Content-Type": "application/json; charset=utf-8",
        "Date": "Tue, 25 Jun 2024 01:48:37 GMT",
        "MS-CV": "Sanitized",
        "Request-Context": "appId=",
        "Strict-Transport-Security": "max-age=31536000;includeSubDomains",
        "X-Azure-Ref": "Sanitized",
        "X-Cache": "CONFIG_NOCACHE",
        "x-ms-client-request-id": "Sanitized",
        "X-Processing-Time": "255ms"
      },
      "ResponseBody": {
        "identity": {
          "id": "8:acs:2eea4af8-b787-4c1c-a82b-eb24eab3dfcb_00000020-ecf6-4f16-d19a-32bd4560f733"
        }
      }
    },
    {
      "RequestUri": "https://REDACTED/identities?api-version=2023-10-01",
      "RequestMethod": "POST",
      "RequestHeaders": {
        "Accept": "application/json",
        "Authorization": "Sanitized",
        "Content-Length": "2",
        "Content-Type": "application/json",
        "User-Agent": "azsdk-java-azure-communication-identity/1.5.5 (21.0.2; Windows 11; 10.0)",
        "x-ms-client-request-id": "Sanitized"
      },
      "RequestBody": {},
      "StatusCode": 201,
      "ResponseHeaders": {
        "api-supported-versions": "2020-07-20-preview2, 2021-03-07, 2021-10-31-preview, 2021-11-01, 2022-06-01, 2022-10-01, 2023-10-01",
        "Content-Length": "101",
        "Content-Type": "application/json; charset=utf-8",
        "Date": "Tue, 25 Jun 2024 01:48:37 GMT",
        "MS-CV": "Sanitized",
        "Request-Context": "appId=",
        "Strict-Transport-Security": "max-age=31536000;includeSubDomains",
        "X-Azure-Ref": "Sanitized",
        "X-Cache": "CONFIG_NOCACHE",
        "x-ms-client-request-id": "Sanitized",
        "X-Processing-Time": "68ms"
      },
      "ResponseBody": {
        "identity": {
          "id": "8:acs:2eea4af8-b787-4c1c-a82b-eb24eab3dfcb_00000020-ecf6-4fc2-63b2-a43a0d009759"
        }
      }
    },
    {
      "RequestUri": "https://REDACTED/identities?api-version=2023-10-01",
      "RequestMethod": "POST",
      "RequestHeaders": {
        "Accept": "application/json",
        "Authorization": "Sanitized",
        "Content-Length": "2",
        "Content-Type": "application/json",
        "User-Agent": "azsdk-java-azure-communication-identity/1.5.5 (21.0.2; Windows 11; 10.0)",
        "x-ms-client-request-id": "Sanitized"
      },
      "RequestBody": {},
      "StatusCode": 201,
      "ResponseHeaders": {
        "api-supported-versions": "2020-07-20-preview2, 2021-03-07, 2021-10-31-preview, 2021-11-01, 2022-06-01, 2022-10-01, 2023-10-01",
        "Content-Length": "101",
        "Content-Type": "application/json; charset=utf-8",
        "Date": "Tue, 25 Jun 2024 01:48:38 GMT",
        "MS-CV": "Sanitized",
        "Request-Context": "appId=",
        "Strict-Transport-Security": "max-age=31536000;includeSubDomains",
        "X-Azure-Ref": "Sanitized",
        "X-Cache": "CONFIG_NOCACHE",
        "x-ms-client-request-id": "Sanitized",
        "X-Processing-Time": "67ms"
      },
      "ResponseBody": {
        "identity": {
          "id": "8:acs:2eea4af8-b787-4c1c-a82b-eb24eab3dfcb_00000020-ecf6-506c-28df-444822009201"
        }
      }
    },
    {
      "RequestUri": "https://REDACTED/identities?api-version=2023-10-01",
      "RequestMethod": "POST",
      "RequestHeaders": {
        "Accept": "application/json",
        "Authorization": "Sanitized",
        "Content-Length": "2",
        "Content-Type": "application/json",
        "User-Agent": "azsdk-java-azure-communication-identity/1.5.5 (21.0.2; Windows 11; 10.0)",
        "x-ms-client-request-id": "Sanitized"
      },
      "RequestBody": {},
      "StatusCode": 201,
      "ResponseHeaders": {
        "api-supported-versions": "2020-07-20-preview2, 2021-03-07, 2021-10-31-preview, 2021-11-01, 2022-06-01, 2022-10-01, 2023-10-01",
        "Content-Length": "101",
        "Content-Type": "application/json; charset=utf-8",
        "Date": "Tue, 25 Jun 2024 01:48:38 GMT",
        "MS-CV": "Sanitized",
        "Request-Context": "appId=",
        "Strict-Transport-Security": "max-age=31536000;includeSubDomains",
        "X-Azure-Ref": "Sanitized",
        "X-Cache": "CONFIG_NOCACHE",
        "x-ms-client-request-id": "Sanitized",
        "X-Processing-Time": "53ms"
      },
      "ResponseBody": {
        "identity": {
          "id": "8:acs:2eea4af8-b787-4c1c-a82b-eb24eab3dfcb_00000020-ecf6-5100-d19a-32bd4560f734"
        }
      }
    },
    {
      "RequestUri": "https://REDACTED/identities/Sanitized/:issueAccessToken?api-version=2023-10-01",
      "RequestMethod": "POST",
      "RequestHeaders": {
        "Accept": "application/json",
        "Authorization": "Sanitized",
        "Content-Length": "19",
        "Content-Type": "application/json",
        "User-Agent": "azsdk-java-azure-communication-identity/1.5.5 (21.0.2; Windows 11; 10.0)",
        "x-ms-client-request-id": "Sanitized"
      },
      "RequestBody": {
        "scopes": [
          "chat"
        ]
      },
      "StatusCode": 200,
      "ResponseHeaders": {
        "api-supported-versions": "2020-07-20-preview2, 2021-03-07, 2021-10-31-preview, 2021-11-01, 2022-06-01, 2022-10-01, 2023-10-01",
        "Content-Length": "68",
        "Content-Type": "application/json; charset=utf-8",
        "Date": "Tue, 25 Jun 2024 01:48:38 GMT",
        "MS-CV": "Sanitized",
        "Request-Context": "appId=",
        "Strict-Transport-Security": "max-age=31536000;includeSubDomains",
        "X-Azure-Ref": "Sanitized",
        "X-Cache": "CONFIG_NOCACHE",
        "x-ms-client-request-id": "Sanitized",
        "X-Processing-Time": "129ms"
      },
      "ResponseBody": {
        "token": "REDACTED",
        "expiresOn": "2024-06-26T01:48:39.3134651+00:00"
      }
    },
    {
      "RequestUri": "https://REDACTED/chat/threads?api-version=2024-03-07",
      "RequestMethod": "POST",
      "RequestHeaders": {
        "Accept": "application/json",
        "Authorization": "Sanitized",
        "Content-Length": "361",
        "Content-Type": "application/json",
        "repeatability-request-id": "Sanitized",
        "User-Agent": "azsdk-java-azure-communication-chat/1.6.0-beta.1 (21.0.2; Windows 11; 10.0)",
        "x-ms-client-request-id": "Sanitized"
      },
      "RequestBody": {
        "topic": "Test",
        "participants": [
          {
            "communicationIdentifier": {
              "communicationUser": {
                "id": "8:acs:2eea4af8-b787-4c1c-a82b-eb24eab3dfcb_00000020-ecf6-4f16-d19a-32bd4560f733"
              }
            },
            "displayName": "Tester 1"
          },
          {
            "communicationIdentifier": {
              "communicationUser": {
                "id": "8:acs:2eea4af8-b787-4c1c-a82b-eb24eab3dfcb_00000020-ecf6-4fc2-63b2-a43a0d009759"
              }
            },
            "displayName": "Tester 2"
          }
        ]
      },
      "StatusCode": 201,
      "ResponseHeaders": {
        "Access-Control-Expose-Headers": "*",
        "api-supported-versions": "2021-03-07, 2021-04-05-preview6, 2021-09-07, 2023-04-01-preview, 2023-07-01-preview, 2023-11-07, 2023-11-15-preview, 2024-03-01-preview, 2024-03-07, 2024-03-15-preview, 2024-06-05-preview",
        "Content-Length": "367",
        "Content-Type": "application/json; charset=utf-8",
        "Date": "Tue, 25 Jun 2024 01:48:39 GMT",
        "Location": "https://REDACTED.com",
        "mise-correlation-id": "d715e345-d103-4441-a3d5-3804000cced5",
        "MS-CV": "Sanitized",
        "Strict-Transport-Security": "max-age=31536000;includeSubDomains",
        "X-Azure-Ref": "Sanitized",
        "X-Cache": "CONFIG_NOCACHE",
        "X-Processing-Time": "582ms"
      },
      "ResponseBody": {
        "chatThread": {
          "id": "19:zypHbzec3qDRuOt1cLsw7Vi3YGjm3JpLzXFtRILOKVg1@thread.v2",
          "topic": "Test",
          "createdOn": "2024-06-25T01:48:40Z",
          "createdByCommunicationIdentifier": {
            "rawId": "8:acs:2eea4af8-b787-4c1c-a82b-eb24eab3dfcb_00000020-ecf6-4f16-d19a-32bd4560f733",
            "communicationUser": {
              "id": "8:acs:2eea4af8-b787-4c1c-a82b-eb24eab3dfcb_00000020-ecf6-4f16-d19a-32bd4560f733"
            }
          }
        }
      }
    },
    {
      "RequestUri": "https://REDACTED/chat/threads/19:zypHbzec3qDRuOt1cLsw7Vi3YGjm3JpLzXFtRILOKVg1@thread.v2/messages?api-version=2024-03-07",
      "RequestMethod": "POST",
      "RequestHeaders": {
        "Accept": "application/json",
        "Authorization": "Sanitized",
        "Content-Length": "237",
        "Content-Type": "application/json",
        "User-Agent": "azsdk-java-azure-communication-chat/1.6.0-beta.1 (21.0.2; Windows 11; 10.0)",
        "x-ms-client-request-id": "Sanitized"
      },
      "RequestBody": {
        "content": "Content",
        "senderDisplayName": "Tester",
        "type": "text",
        "metadata": {
          "onedriveReferences": "onedriveReferences",
          "deliveryMode": "deliveryMode value",
          "amsreferences": "[\\\"test url file 3\\\"]",
          "key": "value key",
          "tags": "tags value"
        }
      },
      "StatusCode": 201,
      "ResponseHeaders": {
        "Access-Control-Expose-Headers": "*",
        "api-supported-versions": "2021-03-07, 2021-04-05-preview6, 2021-09-07, 2023-04-01-preview, 2023-07-01-preview, 2023-11-07, 2023-11-15-preview, 2024-03-01-preview, 2024-03-07, 2024-03-15-preview, 2024-06-05-preview",
        "Content-Length": "22",
        "Content-Type": "application/json; charset=utf-8",
        "Date": "Tue, 25 Jun 2024 01:48:39 GMT",
        "Location": "https://REDACTED.com",
        "mise-correlation-id": "af13842c-a81c-4662-8d0c-d2d83698af12",
        "MS-CV": "Sanitized",
        "Strict-Transport-Security": "max-age=31536000;includeSubDomains",
        "X-Azure-Ref": "Sanitized",
        "X-Cache": "CONFIG_NOCACHE",
        "X-Processing-Time": "305ms"
      },
      "ResponseBody": {
        "id": "1719280120259"
      }
    },
    {
      "RequestUri": "https://REDACTED/chat/threads/19:zypHbzec3qDRuOt1cLsw7Vi3YGjm3JpLzXFtRILOKVg1@thread.v2/readReceipts?api-version=2024-03-07",
      "RequestMethod": "POST",
      "RequestHeaders": {
        "Accept": "application/json",
        "Authorization": "Sanitized",
        "Content-Length": "33",
        "Content-Type": "application/json",
        "User-Agent": "azsdk-java-azure-communication-chat/1.6.0-beta.1 (21.0.2; Windows 11; 10.0)",
        "x-ms-client-request-id": "Sanitized"
      },
      "RequestBody": {
        "chatMessageId": "1719280120259"
      },
      "StatusCode": 200,
      "ResponseHeaders": {
        "Access-Control-Expose-Headers": "*",
        "api-supported-versions": "2021-03-07, 2021-04-05-preview6, 2021-09-07, 2023-04-01-preview, 2023-07-01-preview, 2023-11-07, 2023-11-15-preview, 2024-03-01-preview, 2024-03-07, 2024-03-15-preview, 2024-06-05-preview",
        "Content-Length": "0",
        "Date": "Tue, 25 Jun 2024 01:48:40 GMT",
        "mise-correlation-id": "4a4d4c81-f12a-4bf2-8d7d-d3fe83626230",
        "MS-CV": "Sanitized",
        "Strict-Transport-Security": "max-age=31536000;includeSubDomains",
        "X-Azure-Ref": "Sanitized",
        "X-Cache": "CONFIG_NOCACHE",
        "X-Processing-Time": "1041ms"
      },
      "ResponseBody": null
    },
    {
      "RequestUri": "https://REDACTED/chat/threads/19:zypHbzec3qDRuOt1cLsw7Vi3YGjm3JpLzXFtRILOKVg1@thread.v2/readReceipts?maxPageSize=1&api-version=2024-03-07",
      "RequestMethod": "GET",
      "RequestHeaders": {
        "Accept": "application/json",
        "Authorization": "Sanitized",
        "Content-Length": "0",
        "User-Agent": "azsdk-java-azure-communication-chat/1.6.0-beta.1 (21.0.2; Windows 11; 10.0)",
        "x-ms-client-request-id": "Sanitized"
      },
      "RequestBody": null,
      "StatusCode": 200,
      "ResponseHeaders": {
        "Access-Control-Expose-Headers": "*",
        "api-supported-versions": "2021-03-07, 2021-04-05-preview6, 2021-09-07, 2023-04-01-preview, 2023-07-01-preview, 2023-11-07, 2023-11-15-preview, 2024-03-01-preview, 2024-03-07, 2024-03-15-preview, 2024-06-05-preview",
        "Content-Length": "310",
        "Content-Type": "application/json; charset=utf-8",
        "Date": "Tue, 25 Jun 2024 01:48:40 GMT",
        "mise-correlation-id": "ee8c645a-07d8-4cad-8c8c-8eb95b1bdf42",
        "MS-CV": "Sanitized",
        "Strict-Transport-Security": "max-age=31536000;includeSubDomains",
        "X-Azure-Ref": "Sanitized",
        "X-Cache": "CONFIG_NOCACHE",
        "X-Processing-Time": "140ms"
      },
      "ResponseBody": {
        "value": [
          {
            "senderCommunicationIdentifier": {
              "rawId": "8:acs:2eea4af8-b787-4c1c-a82b-eb24eab3dfcb_00000020-ecf6-4f16-d19a-32bd4560f733",
              "communicationUser": {
                "id": "8:acs:2eea4af8-b787-4c1c-a82b-eb24eab3dfcb_00000020-ecf6-4f16-d19a-32bd4560f733"
              }
            },
            "chatMessageId": "1719280120259",
            "readOn": "2024-06-25T01:48:40Z"
          }
        ]
      }
    }
  ],
  "Variables": {}
}
