{
  "Entries": [
    {
      "RequestUri": "https://seanmcccanada.blob.core.windows.net/test-container-bb16635d-6fcc-6c18-83ce-d63aeae22f77?restype=container",
      "RequestMethod": "PUT",
      "RequestHeaders": {
        "Accept": "application/xml",
        "Authorization": "Sanitized",
        "Content-Length": "0",
        "traceparent": "00-b00309af2ea0b6a8805fe4e8439aaa91-56ffaac93addda13-00",
        "User-Agent": "azsdk-net-Storage.Blobs/12.20.0-alpha.20240501.1 (.NET 7.0.18; Microsoft Windows 10.0.22635)",
        "x-ms-blob-public-access": "container",
        "x-ms-client-request-id": "196d2979-0706-f458-bee4-9be81b76ce1b",
        "x-ms-date": "Wed, 01 May 2024 21:04:13 GMT",
        "x-ms-return-client-request-id": "true",
        "x-ms-version": "2024-08-04"
      },
      "RequestBody": null,
      "StatusCode": 201,
      "ResponseHeaders": {
        "Content-Length": "0",
        "Date": "Wed, 01 May 2024 21:04:13 GMT",
        "ETag": "\"0x8DC6A22414DA96C\"",
        "Last-Modified": "Wed, 01 May 2024 21:04:13 GMT",
        "Server": [
          "Windows-Azure-Blob/1.0",
          "Microsoft-HTTPAPI/2.0"
        ],
        "x-ms-client-request-id": "196d2979-0706-f458-bee4-9be81b76ce1b",
        "x-ms-request-id": "40832b25-201e-0080-4c0b-9c6e84000000",
        "x-ms-version": "2024-08-04"
      },
      "ResponseBody": null
    },
    {
      "RequestUri": "https://seanmcccanada.file.core.windows.net/test-share-a9e87bb5-ae0e-ae19-241f-45676c9cbcf1?restype=share",
      "RequestMethod": "PUT",
      "RequestHeaders": {
        "Accept": "application/xml",
        "Authorization": "Sanitized",
        "Content-Length": "0",
        "traceparent": "00-976c3ce4b2ffc3ec3d4f692fbb3e9d32-a7df47788fa791d9-00",
        "User-Agent": "azsdk-net-Storage.Files.Shares/12.18.0-alpha.20240501.1 (.NET 7.0.18; Microsoft Windows 10.0.22635)",
        "x-ms-client-request-id": "34c7e896-4da8-cab8-10bf-f5e7c2f18822",
        "x-ms-date": "Wed, 01 May 2024 21:04:13 GMT",
        "x-ms-return-client-request-id": "true",
        "x-ms-version": "2024-08-04"
      },
      "RequestBody": null,
      "StatusCode": 201,
      "ResponseHeaders": {
        "Content-Length": "0",
        "Date": "Wed, 01 May 2024 21:04:12 GMT",
        "ETag": "\"0x8DC6A22415C42C0\"",
        "Last-Modified": "Wed, 01 May 2024 21:04:13 GMT",
        "Server": [
          "Windows-Azure-File/1.0",
          "Microsoft-HTTPAPI/2.0"
        ],
        "x-ms-client-request-id": "34c7e896-4da8-cab8-10bf-f5e7c2f18822",
        "x-ms-request-id": "61d861ef-101a-0050-390b-9c53d2000000",
        "x-ms-version": "2024-08-04"
      },
      "ResponseBody": null
    },
    {
      "RequestUri": "https://seanmcccanada.blob.core.windows.net/test-container-bb16635d-6fcc-6c18-83ce-d63aeae22f77/test-file-0c11a928-0db5-9fa6-0b6b-d2590cfb9acd",
      "RequestMethod": "PUT",
      "RequestHeaders": {
        "Accept": "application/xml",
        "Authorization": "Sanitized",
        "Content-Length": "512",
        "Content-Type": "application/octet-stream",
        "traceparent": "00-997469365cf585d13ac51b07e2d861ab-f1e4c1ab48ae8715-00",
        "User-Agent": "azsdk-net-Storage.Blobs/12.20.0-alpha.20240501.1 (.NET 7.0.18; Microsoft Windows 10.0.22635)",
        "x-ms-blob-type": "BlockBlob",
        "x-ms-client-request-id": "fb6a0ce1-2757-c3c2-98af-b1753d0194a8",
        "x-ms-date": "Wed, 01 May 2024 21:04:13 GMT",
        "x-ms-return-client-request-id": "true",
        "x-ms-version": "2024-08-04"
      },
      "RequestBody": "UPFsDD69zlpdOq/LO/xelbZ53IYF67MylEPMEKkm/PGHagxm6FvjmnRlCr/BHJagUKUZijL2UmU9OXf78b6xNj6+Q9Dw+K1alUESoOD0cXesK78EDXG/kRenKK7j6Km1tNSBA9jFsFj4vvTw5LKFScgATsX/rCnM/7K4SM/+dq2YXOsMc26f53tmDE58zqxlIt/m45njtgiqtAMmDGeI+UhHV4fHeNVZYWdJmJ/bTzAGUybwGJITtabjYb5qeNoU3hMGNXcknqkJjIIymR1oz2TTH7lAmOG1M6Lh4xYX7+iMNbqM1Bq44bV85osP4BuIepJZllkh00UxUAHVQ7qS8p2apmRj2/pKGz4Dw7FVpVOGWWiEvliOa2F0WoQZ45376vTudTq3JJ+YDnsaHRCU3KutTupRDjNECzoC74B2MDehCNm9ZjAYzzTJ7K/cdE1R4H7Ya5WzqdvAqWn/tTQeId1EeRU21nV7lX61hyKEaJftsA8CncWi7V/+/L3GGBr/qsrRmPs4GwkIXdYW/SG4PEHSEgQlHIMYoou1ONq4tHxkttxXs9CbtJUG+kDvi/A9RcB79AYW2o5HuPVvguMuT6hZskdEYIhxNl1uHiFCKRabePIaPb91TttOEPraLDGy16qYldmp+OQ3Cr6op7tsBI/e1ArwFBLo42Nr9lCOlwo=",
      "StatusCode": 201,
      "ResponseHeaders": {
        "Content-Length": "0",
        "Content-MD5": "rAtxJpTn+n/lNgnRt6rZjw==",
        "Date": "Wed, 01 May 2024 21:04:13 GMT",
        "ETag": "\"0x8DC6A22416BED08\"",
        "Last-Modified": "Wed, 01 May 2024 21:04:13 GMT",
        "Server": [
          "Windows-Azure-Blob/1.0",
          "Microsoft-HTTPAPI/2.0"
        ],
        "x-ms-client-request-id": "fb6a0ce1-2757-c3c2-98af-b1753d0194a8",
        "x-ms-content-crc64": "6Yb3neLFUpU=",
        "x-ms-request-id": "40832c08-201e-0080-110b-9c6e84000000",
        "x-ms-request-server-encrypted": "true",
        "x-ms-version": "2024-08-04",
        "x-ms-version-id": "2024-05-01T21:04:13.8792200Z"
      },
      "ResponseBody": null
    },
    {
      "RequestUri": "https://seanmcccanada.blob.core.windows.net/test-container-bb16635d-6fcc-6c18-83ce-d63aeae22f77/test-file-0c11a928-0db5-9fa6-0b6b-d2590cfb9acd?sv=2024-08-04&se=2024-05-02T21%3A04%3A13Z&sr=b&sp=racwdxyltmei&sig=Sanitized",
      "RequestMethod": "HEAD",
      "RequestHeaders": {
        "Accept": "application/xml",
        "traceparent": "00-c1cf7130ed790b01867f6fc397f1341c-85a4c7b2864f89df-00",
        "User-Agent": "azsdk-net-Storage.Blobs/12.20.0-alpha.20240501.1 (.NET 7.0.18; Microsoft Windows 10.0.22635)",
        "x-ms-client-request-id": "43154bbc-9b24-04b2-f983-defbe1c8b47e",
        "x-ms-return-client-request-id": "true",
        "x-ms-version": "2024-08-04"
      },
      "RequestBody": null,
      "StatusCode": 200,
      "ResponseHeaders": {
        "Accept-Ranges": "bytes",
        "Content-Length": "512",
        "Content-MD5": "rAtxJpTn+n/lNgnRt6rZjw==",
        "Content-Type": "application/octet-stream",
        "Date": "Wed, 01 May 2024 21:04:14 GMT",
        "ETag": "\"0x8DC6A22416BED08\"",
        "Last-Modified": "Wed, 01 May 2024 21:04:13 GMT",
        "Server": [
          "Windows-Azure-Blob/1.0",
          "Microsoft-HTTPAPI/2.0"
        ],
        "x-ms-access-tier": "Hot",
        "x-ms-access-tier-inferred": "true",
        "x-ms-blob-type": "BlockBlob",
        "x-ms-client-request-id": "43154bbc-9b24-04b2-f983-defbe1c8b47e",
        "x-ms-creation-time": "Wed, 01 May 2024 21:04:13 GMT",
        "x-ms-is-current-version": "true",
        "x-ms-last-access-time": "Wed, 01 May 2024 21:04:13 GMT",
        "x-ms-lease-state": "available",
        "x-ms-lease-status": "unlocked",
        "x-ms-request-id": "40832cae-201e-0080-2c0b-9c6e84000000",
        "x-ms-server-encrypted": "true",
        "x-ms-version": "2024-08-04",
        "x-ms-version-id": "2024-05-01T21:04:13.8792200Z"
      },
      "ResponseBody": null
    },
    {
      "RequestUri": "https://seanmcccanada.file.core.windows.net/test-share-a9e87bb5-ae0e-ae19-241f-45676c9cbcf1/test-file-83d14544-87d4-8949-56f6-b1b52089bbe6?sv=2024-08-04&se=2024-05-02T21%3A04%3A13Z&sr=f&sp=rcwd&sig=Sanitized",
      "RequestMethod": "HEAD",
      "RequestHeaders": {
        "Accept": "application/xml",
        "traceparent": "00-a6652ffc086ca627cf0113bc81cc7fd7-b8e1d0d2a1820d8b-00",
        "User-Agent": "azsdk-net-Storage.Files.Shares/12.18.0-alpha.20240501.1 (.NET 7.0.18; Microsoft Windows 10.0.22635)",
        "x-ms-client-request-id": "f2b89bc7-51ec-d784-0178-f1f1175e1ad9",
        "x-ms-return-client-request-id": "true",
        "x-ms-version": "2024-08-04"
      },
      "RequestBody": null,
      "StatusCode": 404,
      "ResponseHeaders": {
        "Date": "Wed, 01 May 2024 21:04:13 GMT",
        "Server": [
          "Windows-Azure-File/1.0",
          "Microsoft-HTTPAPI/2.0"
        ],
        "Transfer-Encoding": "chunked",
        "x-ms-client-request-id": "f2b89bc7-51ec-d784-0178-f1f1175e1ad9",
        "x-ms-error-code": "ResourceNotFound",
        "x-ms-request-id": "61d861f1-101a-0050-3a0b-9c53d2000000",
        "x-ms-version": "2024-08-04"
      },
      "ResponseBody": null
    },
    {
      "RequestUri": "https://seanmcccanada.file.core.windows.net/test-share-a9e87bb5-ae0e-ae19-241f-45676c9cbcf1/test-file-83d14544-87d4-8949-56f6-b1b52089bbe6?sv=2024-08-04&se=2024-05-02T21%3A04%3A13Z&sr=f&sp=rcwd&sig=Sanitized",
      "RequestMethod": "PUT",
      "RequestHeaders": {
        "Accept": "application/xml",
        "Content-Length": "0",
        "traceparent": "00-aed5de858288ca8a827d81997a924658-1e569b38d751e82b-00",
        "User-Agent": "azsdk-net-Storage.Files.Shares/12.18.0-alpha.20240501.1 (.NET 7.0.18; Microsoft Windows 10.0.22635)",
        "x-ms-client-request-id": "463324f2-c10f-2891-b5e8-4bd8cab9d354",
        "x-ms-content-length": "512",
        "x-ms-file-attributes": "None",
        "x-ms-file-creation-time": "Now",
        "x-ms-file-last-write-time": "Now",
        "x-ms-file-permission": "Inherit",
        "x-ms-return-client-request-id": "true",
        "x-ms-type": "file",
        "x-ms-version": "2024-08-04"
      },
      "RequestBody": null,
      "StatusCode": 201,
      "ResponseHeaders": {
        "Content-Length": "0",
        "Date": "Wed, 01 May 2024 21:04:13 GMT",
        "ETag": "\"0x8DC6A22419EC7C3\"",
        "Last-Modified": "Wed, 01 May 2024 21:04:14 GMT",
        "Server": [
          "Windows-Azure-File/1.0",
          "Microsoft-HTTPAPI/2.0"
        ],
        "x-ms-client-request-id": "463324f2-c10f-2891-b5e8-4bd8cab9d354",
        "x-ms-file-attributes": "Archive",
        "x-ms-file-change-time": "2024-05-01T21:04:14.2124995Z",
        "x-ms-file-creation-time": "2024-05-01T21:04:14.2124995Z",
        "x-ms-file-id": "13835128424026341376",
        "x-ms-file-last-write-time": "2024-05-01T21:04:14.2124995Z",
        "x-ms-file-parent-id": "0",
        "x-ms-file-permission-key": "5144323600546320195*17277118026500876237",
        "x-ms-request-id": "61d861f3-101a-0050-3c0b-9c53d2000000",
        "x-ms-request-server-encrypted": "true",
        "x-ms-version": "2024-08-04"
      },
      "ResponseBody": null
    },
    {
      "RequestUri": "https://seanmcccanada.file.core.windows.net/test-share-a9e87bb5-ae0e-ae19-241f-45676c9cbcf1/test-file-83d14544-87d4-8949-56f6-b1b52089bbe6?sv=2024-08-04&se=2024-05-02T21%3A04%3A13Z&sr=f&sp=rcwd&sig=Sanitized&comp=range",
      "RequestMethod": "PUT",
      "RequestHeaders": {
        "Accept": "application/xml",
        "Content-Length": "0",
        "traceparent": "00-74734565080184a3d47ed9dc73e0ff95-58196f41ecfbf97a-00",
        "User-Agent": "azsdk-net-Storage.Files.Shares/12.18.0-alpha.20240501.1 (.NET 7.0.18; Microsoft Windows 10.0.22635)",
        "x-ms-client-request-id": "f2ffd612-d32a-6bc9-7940-42364eec37e6",
        "x-ms-copy-source": "https://seanmcccanada.blob.core.windows.net/test-container-bb16635d-6fcc-6c18-83ce-d63aeae22f77/test-file-0c11a928-0db5-9fa6-0b6b-d2590cfb9acd?sv=2024-08-04&se=2024-05-02T21%3A04%3A13Z&sr=b&sp=racwdxyltmei&sig=Sanitized",
        "x-ms-range": "bytes=0-511",
        "x-ms-return-client-request-id": "true",
        "x-ms-source-range": "bytes=0-511",
        "x-ms-version": "2024-08-04",
        "x-ms-write": "update"
      },
      "RequestBody": null,
      "StatusCode": 201,
      "ResponseHeaders": {
        "Content-Length": "0",
        "Date": "Wed, 01 May 2024 21:04:13 GMT",
        "ETag": "\"0x8DC6A2241B11466\"",
        "Last-Modified": "Wed, 01 May 2024 21:04:14 GMT",
        "Server": [
          "Windows-Azure-File/1.0",
          "Microsoft-HTTPAPI/2.0"
        ],
        "x-ms-client-request-id": "f2ffd612-d32a-6bc9-7940-42364eec37e6",
        "x-ms-content-crc64": "6Yb3neLFUpU=",
        "x-ms-file-last-write-time": "2024-05-01T21:04:14.3324262Z",
        "x-ms-request-id": "61d861f5-101a-0050-3e0b-9c53d2000000",
        "x-ms-request-server-encrypted": "true",
        "x-ms-version": "2024-08-04"
      },
      "ResponseBody": null
    },
    {
      "RequestUri": "https://seanmcccanada.blob.core.windows.net/test-container-bb16635d-6fcc-6c18-83ce-d63aeae22f77/test-file-0c11a928-0db5-9fa6-0b6b-d2590cfb9acd?sv=2024-08-04&se=2024-05-02T21%3A04%3A13Z&sr=b&sp=racwdxyltmei&sig=Sanitized",
      "RequestMethod": "HEAD",
      "RequestHeaders": {
        "Accept": "application/xml",
        "traceparent": "00-4ee98705bc9fbc14018427ab4307b2bd-fa84d97c81a036e6-00",
        "User-Agent": "azsdk-net-Storage.Blobs/12.20.0-alpha.20240501.1 (.NET 7.0.18; Microsoft Windows 10.0.22635)",
        "x-ms-client-request-id": "f3c68751-e0ba-802a-b7dc-19355663dee9",
        "x-ms-return-client-request-id": "true",
        "x-ms-version": "2024-08-04"
      },
      "RequestBody": null,
      "StatusCode": 200,
      "ResponseHeaders": {
        "Accept-Ranges": "bytes",
        "Content-Length": "512",
        "Content-MD5": "rAtxJpTn+n/lNgnRt6rZjw==",
        "Content-Type": "application/octet-stream",
        "Date": "Wed, 01 May 2024 21:04:14 GMT",
        "ETag": "\"0x8DC6A22416BED08\"",
        "Last-Modified": "Wed, 01 May 2024 21:04:13 GMT",
        "Server": [
          "Windows-Azure-Blob/1.0",
          "Microsoft-HTTPAPI/2.0"
        ],
        "x-ms-access-tier": "Hot",
        "x-ms-access-tier-inferred": "true",
        "x-ms-blob-type": "BlockBlob",
        "x-ms-client-request-id": "f3c68751-e0ba-802a-b7dc-19355663dee9",
        "x-ms-creation-time": "Wed, 01 May 2024 21:04:13 GMT",
        "x-ms-is-current-version": "true",
        "x-ms-last-access-time": "Wed, 01 May 2024 21:04:14 GMT",
        "x-ms-lease-state": "available",
        "x-ms-lease-status": "unlocked",
        "x-ms-request-id": "40832f2a-201e-0080-010b-9c6e84000000",
        "x-ms-server-encrypted": "true",
        "x-ms-version": "2024-08-04",
        "x-ms-version-id": "2024-05-01T21:04:13.8792200Z"
      },
      "ResponseBody": null
    },
    {
      "RequestUri": "https://seanmcccanada.file.core.windows.net/test-share-a9e87bb5-ae0e-ae19-241f-45676c9cbcf1/test-file-83d14544-87d4-8949-56f6-b1b52089bbe6?sv=2024-08-04&se=2024-05-02T21%3A04%3A13Z&sr=f&sp=rcwd&sig=Sanitized",
      "RequestMethod": "HEAD",
      "RequestHeaders": {
        "Accept": "application/xml",
        "traceparent": "00-508f40b8d13e8be6f8658d47ffc85288-111f258f4d5314b0-00",
        "User-Agent": "azsdk-net-Storage.Files.Shares/12.18.0-alpha.20240501.1 (.NET 7.0.18; Microsoft Windows 10.0.22635)",
        "x-ms-client-request-id": "c6e45bd9-4325-752b-12e2-0819ba6e0226",
        "x-ms-return-client-request-id": "true",
        "x-ms-version": "2024-08-04"
      },
      "RequestBody": null,
      "StatusCode": 200,
      "ResponseHeaders": {
        "Content-Length": "512",
        "Content-Type": "application/octet-stream",
        "Date": "Wed, 01 May 2024 21:04:13 GMT",
        "ETag": "\"0x8DC6A2241B11466\"",
        "Last-Modified": "Wed, 01 May 2024 21:04:14 GMT",
        "Server": [
          "Windows-Azure-File/1.0",
          "Microsoft-HTTPAPI/2.0"
        ],
        "x-ms-client-request-id": "c6e45bd9-4325-752b-12e2-0819ba6e0226",
        "x-ms-file-attributes": "Archive",
        "x-ms-file-change-time": "2024-05-01T21:04:14.3324262Z",
        "x-ms-file-creation-time": "2024-05-01T21:04:14.2124995Z",
        "x-ms-file-id": "13835128424026341376",
        "x-ms-file-last-write-time": "2024-05-01T21:04:14.3324262Z",
        "x-ms-file-parent-id": "0",
        "x-ms-file-permission-key": "5144323600546320195*17277118026500876237",
        "x-ms-lease-state": "available",
        "x-ms-lease-status": "unlocked",
        "x-ms-request-id": "61d861f6-101a-0050-3f0b-9c53d2000000",
        "x-ms-server-encrypted": "true",
        "x-ms-type": "File",
        "x-ms-version": "2024-08-04"
      },
      "ResponseBody": null
    },
    {
      "RequestUri": "https://seanmcccanada.blob.core.windows.net/test-container-bb16635d-6fcc-6c18-83ce-d63aeae22f77/test-file-0c11a928-0db5-9fa6-0b6b-d2590cfb9acd?sv=2024-08-04&se=2024-05-02T21%3A04%3A13Z&sr=b&sp=racwdxyltmei&sig=Sanitized",
      "RequestMethod": "GET",
      "RequestHeaders": {
        "Accept": "application/xml",
        "If-Match": "\"0x8DC6A22416BED08\"",
        "User-Agent": "azsdk-net-Storage.Blobs/12.20.0-alpha.20240501.1 (.NET 7.0.18; Microsoft Windows 10.0.22635)",
        "x-ms-client-request-id": "fa5c6edf-177e-3cc3-41f7-7289cdb585c3",
        "x-ms-range": "bytes=0-4194303",
        "x-ms-return-client-request-id": "true",
        "x-ms-version": "2024-08-04"
      },
      "RequestBody": null,
      "StatusCode": 206,
      "ResponseHeaders": {
        "Accept-Ranges": "bytes",
        "Content-Length": "512",
        "Content-Range": "bytes 0-511/512",
        "Content-Type": "application/octet-stream",
        "Date": "Wed, 01 May 2024 21:04:14 GMT",
        "ETag": "\"0x8DC6A22416BED08\"",
        "Last-Modified": "Wed, 01 May 2024 21:04:13 GMT",
        "Server": [
          "Windows-Azure-Blob/1.0",
          "Microsoft-HTTPAPI/2.0"
        ],
        "x-ms-blob-content-md5": "rAtxJpTn+n/lNgnRt6rZjw==",
        "x-ms-blob-type": "BlockBlob",
        "x-ms-client-request-id": "fa5c6edf-177e-3cc3-41f7-7289cdb585c3",
        "x-ms-creation-time": "Wed, 01 May 2024 21:04:13 GMT",
        "x-ms-is-current-version": "true",
        "x-ms-last-access-time": "Wed, 01 May 2024 21:04:14 GMT",
        "x-ms-lease-state": "available",
        "x-ms-lease-status": "unlocked",
        "x-ms-request-id": "4083300e-201e-0080-5a0b-9c6e84000000",
        "x-ms-server-encrypted": "true",
        "x-ms-version": "2024-08-04",
        "x-ms-version-id": "2024-05-01T21:04:13.8792200Z"
      },
      "ResponseBody": "UPFsDD69zlpdOq/LO/xelbZ53IYF67MylEPMEKkm/PGHagxm6FvjmnRlCr/BHJagUKUZijL2UmU9OXf78b6xNj6+Q9Dw+K1alUESoOD0cXesK78EDXG/kRenKK7j6Km1tNSBA9jFsFj4vvTw5LKFScgATsX/rCnM/7K4SM/+dq2YXOsMc26f53tmDE58zqxlIt/m45njtgiqtAMmDGeI+UhHV4fHeNVZYWdJmJ/bTzAGUybwGJITtabjYb5qeNoU3hMGNXcknqkJjIIymR1oz2TTH7lAmOG1M6Lh4xYX7+iMNbqM1Bq44bV85osP4BuIepJZllkh00UxUAHVQ7qS8p2apmRj2/pKGz4Dw7FVpVOGWWiEvliOa2F0WoQZ45376vTudTq3JJ+YDnsaHRCU3KutTupRDjNECzoC74B2MDehCNm9ZjAYzzTJ7K/cdE1R4H7Ya5WzqdvAqWn/tTQeId1EeRU21nV7lX61hyKEaJftsA8CncWi7V/+/L3GGBr/qsrRmPs4GwkIXdYW/SG4PEHSEgQlHIMYoou1ONq4tHxkttxXs9CbtJUG+kDvi/A9RcB79AYW2o5HuPVvguMuT6hZskdEYIhxNl1uHiFCKRabePIaPb91TttOEPraLDGy16qYldmp+OQ3Cr6op7tsBI/e1ArwFBLo42Nr9lCOlwo="
    },
    {
      "RequestUri": "https://seanmcccanada.file.core.windows.net/test-share-a9e87bb5-ae0e-ae19-241f-45676c9cbcf1/test-file-83d14544-87d4-8949-56f6-b1b52089bbe6?sv=2024-08-04&se=2024-05-02T21%3A04%3A13Z&sr=f&sp=rcwd&sig=Sanitized",
      "RequestMethod": "GET",
      "RequestHeaders": {
        "Accept": "application/xml",
        "User-Agent": "azsdk-net-Storage.Files.Shares/12.18.0-alpha.20240501.1 (.NET 7.0.18; Microsoft Windows 10.0.22635)",
        "x-ms-client-request-id": "4b39c2c4-0812-10a8-c39c-c16b71f1ae03",
        "x-ms-range": "bytes=0-4194303",
        "x-ms-return-client-request-id": "true",
        "x-ms-version": "2024-08-04"
      },
      "RequestBody": null,
      "StatusCode": 206,
      "ResponseHeaders": {
        "Accept-Ranges": "bytes",
        "Content-Length": "512",
        "Content-Range": "bytes 0-511/512",
        "Content-Type": "application/octet-stream",
        "Date": "Wed, 01 May 2024 21:04:13 GMT",
        "ETag": "\"0x8DC6A2241B11466\"",
        "Last-Modified": "Wed, 01 May 2024 21:04:14 GMT",
        "Server": [
          "Windows-Azure-File/1.0",
          "Microsoft-HTTPAPI/2.0"
        ],
        "x-ms-client-request-id": "4b39c2c4-0812-10a8-c39c-c16b71f1ae03",
        "x-ms-file-attributes": "Archive",
        "x-ms-file-change-time": "2024-05-01T21:04:14.3324262Z",
        "x-ms-file-creation-time": "2024-05-01T21:04:14.2124995Z",
        "x-ms-file-id": "13835128424026341376",
        "x-ms-file-last-write-time": "2024-05-01T21:04:14.3324262Z",
        "x-ms-file-parent-id": "0",
        "x-ms-file-permission-key": "5144323600546320195*17277118026500876237",
        "x-ms-lease-state": "available",
        "x-ms-lease-status": "unlocked",
        "x-ms-request-id": "61d861f7-101a-0050-400b-9c53d2000000",
        "x-ms-server-encrypted": "true",
        "x-ms-type": "File",
        "x-ms-version": "2024-08-04"
      },
      "ResponseBody": "UPFsDD69zlpdOq/LO/xelbZ53IYF67MylEPMEKkm/PGHagxm6FvjmnRlCr/BHJagUKUZijL2UmU9OXf78b6xNj6+Q9Dw+K1alUESoOD0cXesK78EDXG/kRenKK7j6Km1tNSBA9jFsFj4vvTw5LKFScgATsX/rCnM/7K4SM/+dq2YXOsMc26f53tmDE58zqxlIt/m45njtgiqtAMmDGeI+UhHV4fHeNVZYWdJmJ/bTzAGUybwGJITtabjYb5qeNoU3hMGNXcknqkJjIIymR1oz2TTH7lAmOG1M6Lh4xYX7+iMNbqM1Bq44bV85osP4BuIepJZllkh00UxUAHVQ7qS8p2apmRj2/pKGz4Dw7FVpVOGWWiEvliOa2F0WoQZ45376vTudTq3JJ+YDnsaHRCU3KutTupRDjNECzoC74B2MDehCNm9ZjAYzzTJ7K/cdE1R4H7Ya5WzqdvAqWn/tTQeId1EeRU21nV7lX61hyKEaJftsA8CncWi7V/+/L3GGBr/qsrRmPs4GwkIXdYW/SG4PEHSEgQlHIMYoou1ONq4tHxkttxXs9CbtJUG+kDvi/A9RcB79AYW2o5HuPVvguMuT6hZskdEYIhxNl1uHiFCKRabePIaPb91TttOEPraLDGy16qYldmp+OQ3Cr6op7tsBI/e1ArwFBLo42Nr9lCOlwo="
    },
    {
      "RequestUri": "https://seanmcccanada.file.core.windows.net/test-share-a9e87bb5-ae0e-ae19-241f-45676c9cbcf1?restype=share",
      "RequestMethod": "DELETE",
      "RequestHeaders": {
        "Accept": "application/xml",
        "Authorization": "Sanitized",
        "traceparent": "00-a552fb74082ec686e548922dbd08e0ad-b9af6eb0c2cc9adf-00",
        "User-Agent": "azsdk-net-Storage.Files.Shares/12.18.0-alpha.20240501.1 (.NET 7.0.18; Microsoft Windows 10.0.22635)",
        "x-ms-client-request-id": "0bc566fa-397b-9ab0-99eb-17fc39dc83ef",
        "x-ms-date": "Wed, 01 May 2024 21:04:14 GMT",
        "x-ms-delete-snapshots": "include",
        "x-ms-return-client-request-id": "true",
        "x-ms-version": "2024-08-04"
      },
      "RequestBody": null,
      "StatusCode": 202,
      "ResponseHeaders": {
        "Content-Length": "0",
        "Date": "Wed, 01 May 2024 21:04:13 GMT",
        "Server": [
          "Windows-Azure-File/1.0",
          "Microsoft-HTTPAPI/2.0"
        ],
        "x-ms-client-request-id": "0bc566fa-397b-9ab0-99eb-17fc39dc83ef",
        "x-ms-request-id": "61d861f8-101a-0050-410b-9c53d2000000",
        "x-ms-version": "2024-08-04"
      },
      "ResponseBody": null
    },
    {
      "RequestUri": "https://seanmcccanada.blob.core.windows.net/test-container-bb16635d-6fcc-6c18-83ce-d63aeae22f77?restype=container",
      "RequestMethod": "DELETE",
      "RequestHeaders": {
        "Accept": "application/xml",
        "Authorization": "Sanitized",
        "traceparent": "00-43c67746e58a10abf9dfa26bc6c409f0-8fd069f2a0d30154-00",
        "User-Agent": "azsdk-net-Storage.Blobs/12.20.0-alpha.20240501.1 (.NET 7.0.18; Microsoft Windows 10.0.22635)",
        "x-ms-client-request-id": "0b7096e3-a22c-c887-4cd6-9d1f2bb0ac4a",
        "x-ms-date": "Wed, 01 May 2024 21:04:14 GMT",
        "x-ms-return-client-request-id": "true",
        "x-ms-version": "2024-08-04"
      },
      "RequestBody": null,
      "StatusCode": 202,
      "ResponseHeaders": {
        "Content-Length": "0",
        "Date": "Wed, 01 May 2024 21:04:15 GMT",
        "Server": [
          "Windows-Azure-Blob/1.0",
          "Microsoft-HTTPAPI/2.0"
        ],
        "x-ms-client-request-id": "0b7096e3-a22c-c887-4cd6-9d1f2bb0ac4a",
        "x-ms-request-id": "40833145-201e-0080-7c0b-9c6e84000000",
        "x-ms-version": "2024-08-04"
      },
      "ResponseBody": null
    }
  ],
  "Variables": {
    "DateTimeOffsetNow": "2024-05-01T14:04:13.6816814-07:00",
    "RandomSeed": "1569317269",
    "Storage_TestConfigDefault": "ProductionTenant\nseanmcccanada\nU2FuaXRpemVk\nhttps://seanmcccanada.blob.core.windows.net\nhttps://seanmcccanada.file.core.windows.net\nhttps://seanmcccanada.queue.core.windows.net\nhttps://seanmcccanada.table.core.windows.net\n\n\n\n\nhttps://seanmcccanada-secondary.blob.core.windows.net\nhttps://seanmcccanada-secondary.file.core.windows.net\nhttps://seanmcccanada-secondary.queue.core.windows.net\nhttps://seanmcccanada-secondary.table.core.windows.net\n\nSanitized\n\n\nCloud\nBlobEndpoint=https://seanmcccanada.blob.core.windows.net/;QueueEndpoint=https://seanmcccanada.queue.core.windows.net/;FileEndpoint=https://seanmcccanada.file.core.windows.net/;BlobSecondaryEndpoint=https://seanmcccanada-secondary.blob.core.windows.net/;QueueSecondaryEndpoint=https://seanmcccanada-secondary.queue.core.windows.net/;FileSecondaryEndpoint=https://seanmcccanada-secondary.file.core.windows.net/;AccountName=seanmcccanada;AccountKey=Sanitized\nencryptionScope\n\n"
  }
}
