{
  "Entries": [
    {
      "RequestUri": "https://seanmcccanada.blob.core.windows.net/test-container-29cfa93b-368c-92df-f939-952fa31a8f5e?restype=container",
      "RequestMethod": "PUT",
      "RequestHeaders": {
        "Accept": "application/xml",
        "Authorization": "Sanitized",
        "Content-Length": "0",
        "traceparent": "00-46862528aaf7fdaa2ac190f626b53a15-5c469d162f9ffaa4-00",
        "User-Agent": "azsdk-net-Storage.Blobs/12.20.0-alpha.20240501.1 (.NET 7.0.18; Microsoft Windows 10.0.22635)",
        "x-ms-blob-public-access": "container",
        "x-ms-client-request-id": "a22cbbf3-7343-b44b-4138-5e855dff38a0",
        "x-ms-date": "Wed, 01 May 2024 21:04:12 GMT",
        "x-ms-return-client-request-id": "true",
        "x-ms-version": "2024-08-04"
      },
      "RequestBody": null,
      "StatusCode": 201,
      "ResponseHeaders": {
        "Content-Length": "0",
        "Date": "Wed, 01 May 2024 21:04:12 GMT",
        "ETag": "\"0x8DC6A2240A0DD99\"",
        "Last-Modified": "Wed, 01 May 2024 21:04:12 GMT",
        "Server": [
          "Windows-Azure-Blob/1.0",
          "Microsoft-HTTPAPI/2.0"
        ],
        "x-ms-client-request-id": "a22cbbf3-7343-b44b-4138-5e855dff38a0",
        "x-ms-request-id": "40832641-201e-0080-500b-9c6e84000000",
        "x-ms-version": "2024-08-04"
      },
      "ResponseBody": null
    },
    {
      "RequestUri": "https://seanmcccanada.file.core.windows.net/test-share-a4dd8d0b-905d-07d4-e054-04fc7d0d0eff?restype=share",
      "RequestMethod": "PUT",
      "RequestHeaders": {
        "Accept": "application/xml",
        "Authorization": "Sanitized",
        "Content-Length": "0",
        "traceparent": "00-de3c7d79fae2f48ffcf9a0d033e8ba26-bf3bcd3721b50457-00",
        "User-Agent": "azsdk-net-Storage.Files.Shares/12.18.0-alpha.20240501.1 (.NET 7.0.18; Microsoft Windows 10.0.22635)",
        "x-ms-client-request-id": "f5c71857-441b-6354-e725-c2ee6e4f3634",
        "x-ms-date": "Wed, 01 May 2024 21:04:12 GMT",
        "x-ms-return-client-request-id": "true",
        "x-ms-version": "2024-08-04"
      },
      "RequestBody": null,
      "StatusCode": 201,
      "ResponseHeaders": {
        "Content-Length": "0",
        "Date": "Wed, 01 May 2024 21:04:11 GMT",
        "ETag": "\"0x8DC6A2240B03D8B\"",
        "Last-Modified": "Wed, 01 May 2024 21:04:12 GMT",
        "Server": [
          "Windows-Azure-File/1.0",
          "Microsoft-HTTPAPI/2.0"
        ],
        "x-ms-client-request-id": "f5c71857-441b-6354-e725-c2ee6e4f3634",
        "x-ms-request-id": "61d861e4-101a-0050-310b-9c53d2000000",
        "x-ms-version": "2024-08-04"
      },
      "ResponseBody": null
    },
    {
      "RequestUri": "https://seanmcccanada.blob.core.windows.net/test-container-29cfa93b-368c-92df-f939-952fa31a8f5e/test-file-7a345e29-51c3-1eb2-7293-77f1d93f319c",
      "RequestMethod": "PUT",
      "RequestHeaders": {
        "Accept": "application/xml",
        "Authorization": "Sanitized",
        "Content-Length": "0",
        "Content-Type": "application/octet-stream",
        "traceparent": "00-e517df5aac8f1452d266b47eacf33614-33dc18fd1afebd82-00",
        "User-Agent": "azsdk-net-Storage.Blobs/12.20.0-alpha.20240501.1 (.NET 7.0.18; Microsoft Windows 10.0.22635)",
        "x-ms-blob-type": "BlockBlob",
        "x-ms-client-request-id": "8fb725f3-d1aa-10ee-7a28-ebe952e9f346",
        "x-ms-date": "Wed, 01 May 2024 21:04:12 GMT",
        "x-ms-return-client-request-id": "true",
        "x-ms-version": "2024-08-04"
      },
      "RequestBody": null,
      "StatusCode": 201,
      "ResponseHeaders": {
        "Content-Length": "0",
        "Content-MD5": "1B2M2Y8AsgTpgAmY7PhCfg==",
        "Date": "Wed, 01 May 2024 21:04:12 GMT",
        "ETag": "\"0x8DC6A2240C035D1\"",
        "Last-Modified": "Wed, 01 May 2024 21:04:12 GMT",
        "Server": [
          "Windows-Azure-Blob/1.0",
          "Microsoft-HTTPAPI/2.0"
        ],
        "x-ms-client-request-id": "8fb725f3-d1aa-10ee-7a28-ebe952e9f346",
        "x-ms-content-crc64": "AAAAAAAAAAA=",
        "x-ms-request-id": "40832732-201e-0080-2f0b-9c6e84000000",
        "x-ms-request-server-encrypted": "true",
        "x-ms-version": "2024-08-04",
        "x-ms-version-id": "2024-05-01T21:04:12.7548641Z"
      },
      "ResponseBody": null
    },
    {
      "RequestUri": "https://seanmcccanada.blob.core.windows.net/test-container-29cfa93b-368c-92df-f939-952fa31a8f5e/test-file-7a345e29-51c3-1eb2-7293-77f1d93f319c?sv=2024-08-04&se=2024-05-02T21%3A04%3A12Z&sr=b&sp=racwdxyltmei&sig=Sanitized",
      "RequestMethod": "HEAD",
      "RequestHeaders": {
        "Accept": "application/xml",
        "traceparent": "00-a20430afbd7c62ff9beae8befeb8ac35-062953794141bbf8-00",
        "User-Agent": "azsdk-net-Storage.Blobs/12.20.0-alpha.20240501.1 (.NET 7.0.18; Microsoft Windows 10.0.22635)",
        "x-ms-client-request-id": "04d4584f-4b74-6332-935a-fde7b678b37c",
        "x-ms-return-client-request-id": "true",
        "x-ms-version": "2024-08-04"
      },
      "RequestBody": null,
      "StatusCode": 200,
      "ResponseHeaders": {
        "Accept-Ranges": "bytes",
        "Content-Length": "0",
        "Content-MD5": "1B2M2Y8AsgTpgAmY7PhCfg==",
        "Content-Type": "application/octet-stream",
        "Date": "Wed, 01 May 2024 21:04:12 GMT",
        "ETag": "\"0x8DC6A2240C035D1\"",
        "Last-Modified": "Wed, 01 May 2024 21:04:12 GMT",
        "Server": [
          "Windows-Azure-Blob/1.0",
          "Microsoft-HTTPAPI/2.0"
        ],
        "x-ms-access-tier": "Hot",
        "x-ms-access-tier-inferred": "true",
        "x-ms-blob-type": "BlockBlob",
        "x-ms-client-request-id": "04d4584f-4b74-6332-935a-fde7b678b37c",
        "x-ms-creation-time": "Wed, 01 May 2024 21:04:12 GMT",
        "x-ms-is-current-version": "true",
        "x-ms-last-access-time": "Wed, 01 May 2024 21:04:12 GMT",
        "x-ms-lease-state": "available",
        "x-ms-lease-status": "unlocked",
        "x-ms-request-id": "408327ae-201e-0080-270b-9c6e84000000",
        "x-ms-server-encrypted": "true",
        "x-ms-version": "2024-08-04",
        "x-ms-version-id": "2024-05-01T21:04:12.7548641Z"
      },
      "ResponseBody": null
    },
    {
      "RequestUri": "https://seanmcccanada.file.core.windows.net/test-share-a4dd8d0b-905d-07d4-e054-04fc7d0d0eff/test-file-65a4df37-1945-0ce4-8ed9-ffc82a2bdadc?sv=2024-08-04&se=2024-05-02T21%3A04%3A12Z&sr=f&sp=rcwd&sig=Sanitized",
      "RequestMethod": "HEAD",
      "RequestHeaders": {
        "Accept": "application/xml",
        "traceparent": "00-1de42a6629827d6164768c6e0da1b021-613779a21645876d-00",
        "User-Agent": "azsdk-net-Storage.Files.Shares/12.18.0-alpha.20240501.1 (.NET 7.0.18; Microsoft Windows 10.0.22635)",
        "x-ms-client-request-id": "f99abfe7-ee15-6dd2-6858-c279bca5de04",
        "x-ms-return-client-request-id": "true",
        "x-ms-version": "2024-08-04"
      },
      "RequestBody": null,
      "StatusCode": 404,
      "ResponseHeaders": {
        "Date": "Wed, 01 May 2024 21:04:11 GMT",
        "Server": [
          "Windows-Azure-File/1.0",
          "Microsoft-HTTPAPI/2.0"
        ],
        "Transfer-Encoding": "chunked",
        "x-ms-client-request-id": "f99abfe7-ee15-6dd2-6858-c279bca5de04",
        "x-ms-error-code": "ResourceNotFound",
        "x-ms-request-id": "61d861e6-101a-0050-320b-9c53d2000000",
        "x-ms-version": "2024-08-04"
      },
      "ResponseBody": null
    },
    {
      "RequestUri": "https://seanmcccanada.file.core.windows.net/test-share-a4dd8d0b-905d-07d4-e054-04fc7d0d0eff/test-file-65a4df37-1945-0ce4-8ed9-ffc82a2bdadc?sv=2024-08-04&se=2024-05-02T21%3A04%3A12Z&sr=f&sp=rcwd&sig=Sanitized",
      "RequestMethod": "PUT",
      "RequestHeaders": {
        "Accept": "application/xml",
        "Content-Length": "0",
        "traceparent": "00-7046dd9287db1348ca778b9da2f09943-495ab7604e74afb0-00",
        "User-Agent": "azsdk-net-Storage.Files.Shares/12.18.0-alpha.20240501.1 (.NET 7.0.18; Microsoft Windows 10.0.22635)",
        "x-ms-client-request-id": "f7ffdee0-b9dd-c667-6961-c84c70597df2",
        "x-ms-content-length": "0",
        "x-ms-file-attributes": "None",
        "x-ms-file-creation-time": "Now",
        "x-ms-file-last-write-time": "Now",
        "x-ms-file-permission": "Inherit",
        "x-ms-return-client-request-id": "true",
        "x-ms-type": "file",
        "x-ms-version": "2024-08-04"
      },
      "RequestBody": null,
      "StatusCode": 201,
      "ResponseHeaders": {
        "Content-Length": "0",
        "Date": "Wed, 01 May 2024 21:04:12 GMT",
        "ETag": "\"0x8DC6A2240F02C8E\"",
        "Last-Modified": "Wed, 01 May 2024 21:04:13 GMT",
        "Server": [
          "Windows-Azure-File/1.0",
          "Microsoft-HTTPAPI/2.0"
        ],
        "x-ms-client-request-id": "f7ffdee0-b9dd-c667-6961-c84c70597df2",
        "x-ms-file-attributes": "Archive",
        "x-ms-file-change-time": "2024-05-01T21:04:13.0681998Z",
        "x-ms-file-creation-time": "2024-05-01T21:04:13.0681998Z",
        "x-ms-file-id": "13835128424026341376",
        "x-ms-file-last-write-time": "2024-05-01T21:04:13.0681998Z",
        "x-ms-file-parent-id": "0",
        "x-ms-file-permission-key": "5144323600546320195*17277118026500876237",
        "x-ms-request-id": "61d861e7-101a-0050-330b-9c53d2000000",
        "x-ms-request-server-encrypted": "true",
        "x-ms-version": "2024-08-04"
      },
      "ResponseBody": null
    },
    {
      "RequestUri": "https://seanmcccanada.blob.core.windows.net/test-container-29cfa93b-368c-92df-f939-952fa31a8f5e/test-file-7a345e29-51c3-1eb2-7293-77f1d93f319c?sv=2024-08-04&se=2024-05-02T21%3A04%3A12Z&sr=b&sp=racwdxyltmei&sig=Sanitized",
      "RequestMethod": "HEAD",
      "RequestHeaders": {
        "Accept": "application/xml",
        "traceparent": "00-c5a0e88ca40319c853c12ae169178427-4da25996b5a6d761-00",
        "User-Agent": "azsdk-net-Storage.Blobs/12.20.0-alpha.20240501.1 (.NET 7.0.18; Microsoft Windows 10.0.22635)",
        "x-ms-client-request-id": "dd9981c7-e6a6-3227-1b1f-f02b4639ab2b",
        "x-ms-return-client-request-id": "true",
        "x-ms-version": "2024-08-04"
      },
      "RequestBody": null,
      "StatusCode": 200,
      "ResponseHeaders": {
        "Accept-Ranges": "bytes",
        "Content-Length": "0",
        "Content-MD5": "1B2M2Y8AsgTpgAmY7PhCfg==",
        "Content-Type": "application/octet-stream",
        "Date": "Wed, 01 May 2024 21:04:13 GMT",
        "ETag": "\"0x8DC6A2240C035D1\"",
        "Last-Modified": "Wed, 01 May 2024 21:04:12 GMT",
        "Server": [
          "Windows-Azure-Blob/1.0",
          "Microsoft-HTTPAPI/2.0"
        ],
        "x-ms-access-tier": "Hot",
        "x-ms-access-tier-inferred": "true",
        "x-ms-blob-type": "BlockBlob",
        "x-ms-client-request-id": "dd9981c7-e6a6-3227-1b1f-f02b4639ab2b",
        "x-ms-creation-time": "Wed, 01 May 2024 21:04:12 GMT",
        "x-ms-is-current-version": "true",
        "x-ms-last-access-time": "Wed, 01 May 2024 21:04:12 GMT",
        "x-ms-lease-state": "available",
        "x-ms-lease-status": "unlocked",
        "x-ms-request-id": "40832992-201e-0080-670b-9c6e84000000",
        "x-ms-server-encrypted": "true",
        "x-ms-version": "2024-08-04",
        "x-ms-version-id": "2024-05-01T21:04:12.7548641Z"
      },
      "ResponseBody": null
    },
    {
      "RequestUri": "https://seanmcccanada.file.core.windows.net/test-share-a4dd8d0b-905d-07d4-e054-04fc7d0d0eff/test-file-65a4df37-1945-0ce4-8ed9-ffc82a2bdadc?sv=2024-08-04&se=2024-05-02T21%3A04%3A12Z&sr=f&sp=rcwd&sig=Sanitized",
      "RequestMethod": "HEAD",
      "RequestHeaders": {
        "Accept": "application/xml",
        "traceparent": "00-0746058a940ca13f1cfe0d183ce97105-09a63abc7cc85be1-00",
        "User-Agent": "azsdk-net-Storage.Files.Shares/12.18.0-alpha.20240501.1 (.NET 7.0.18; Microsoft Windows 10.0.22635)",
        "x-ms-client-request-id": "ee84862c-a0c0-5d4c-e6eb-354c306692fe",
        "x-ms-return-client-request-id": "true",
        "x-ms-version": "2024-08-04"
      },
      "RequestBody": null,
      "StatusCode": 200,
      "ResponseHeaders": {
        "Content-Length": "0",
        "Content-Type": "application/octet-stream",
        "Date": "Wed, 01 May 2024 21:04:12 GMT",
        "ETag": "\"0x8DC6A2240F02C8E\"",
        "Last-Modified": "Wed, 01 May 2024 21:04:13 GMT",
        "Server": [
          "Windows-Azure-File/1.0",
          "Microsoft-HTTPAPI/2.0"
        ],
        "x-ms-client-request-id": "ee84862c-a0c0-5d4c-e6eb-354c306692fe",
        "x-ms-file-attributes": "Archive",
        "x-ms-file-change-time": "2024-05-01T21:04:13.0681998Z",
        "x-ms-file-creation-time": "2024-05-01T21:04:13.0681998Z",
        "x-ms-file-id": "13835128424026341376",
        "x-ms-file-last-write-time": "2024-05-01T21:04:13.0681998Z",
        "x-ms-file-parent-id": "0",
        "x-ms-file-permission-key": "5144323600546320195*17277118026500876237",
        "x-ms-lease-state": "available",
        "x-ms-lease-status": "unlocked",
        "x-ms-request-id": "61d861e8-101a-0050-340b-9c53d2000000",
        "x-ms-server-encrypted": "true",
        "x-ms-type": "File",
        "x-ms-version": "2024-08-04"
      },
      "ResponseBody": null
    },
    {
      "RequestUri": "https://seanmcccanada.file.core.windows.net/test-share-a4dd8d0b-905d-07d4-e054-04fc7d0d0eff?restype=share",
      "RequestMethod": "DELETE",
      "RequestHeaders": {
        "Accept": "application/xml",
        "Authorization": "Sanitized",
        "traceparent": "00-bbb3e268860fc956ae845c4c15cf663e-382bfc62634ab81b-00",
        "User-Agent": "azsdk-net-Storage.Files.Shares/12.18.0-alpha.20240501.1 (.NET 7.0.18; Microsoft Windows 10.0.22635)",
        "x-ms-client-request-id": "bffe06db-bcb4-7d6a-2caf-451c0b888fe7",
        "x-ms-date": "Wed, 01 May 2024 21:04:13 GMT",
        "x-ms-delete-snapshots": "include",
        "x-ms-return-client-request-id": "true",
        "x-ms-version": "2024-08-04"
      },
      "RequestBody": null,
      "StatusCode": 202,
      "ResponseHeaders": {
        "Content-Length": "0",
        "Date": "Wed, 01 May 2024 21:04:12 GMT",
        "Server": [
          "Windows-Azure-File/1.0",
          "Microsoft-HTTPAPI/2.0"
        ],
        "x-ms-client-request-id": "bffe06db-bcb4-7d6a-2caf-451c0b888fe7",
        "x-ms-request-id": "61d861ed-101a-0050-370b-9c53d2000000",
        "x-ms-version": "2024-08-04"
      },
      "ResponseBody": null
    },
    {
      "RequestUri": "https://seanmcccanada.blob.core.windows.net/test-container-29cfa93b-368c-92df-f939-952fa31a8f5e?restype=container",
      "RequestMethod": "DELETE",
      "RequestHeaders": {
        "Accept": "application/xml",
        "Authorization": "Sanitized",
        "traceparent": "00-e48d4ffb178f941373eb2d9939aef892-8b3e896fb20b8561-00",
        "User-Agent": "azsdk-net-Storage.Blobs/12.20.0-alpha.20240501.1 (.NET 7.0.18; Microsoft Windows 10.0.22635)",
        "x-ms-client-request-id": "297007fd-d267-1749-dedf-ddc2c41d7b23",
        "x-ms-date": "Wed, 01 May 2024 21:04:13 GMT",
        "x-ms-return-client-request-id": "true",
        "x-ms-version": "2024-08-04"
      },
      "RequestBody": null,
      "StatusCode": 202,
      "ResponseHeaders": {
        "Content-Length": "0",
        "Date": "Wed, 01 May 2024 21:04:13 GMT",
        "Server": [
          "Windows-Azure-Blob/1.0",
          "Microsoft-HTTPAPI/2.0"
        ],
        "x-ms-client-request-id": "297007fd-d267-1749-dedf-ddc2c41d7b23",
        "x-ms-request-id": "40832a9d-201e-0080-500b-9c6e84000000",
        "x-ms-version": "2024-08-04"
      },
      "ResponseBody": null
    }
  ],
  "Variables": {
    "DateTimeOffsetNow": "2024-05-01T14:04:12.5555732-07:00",
    "RandomSeed": "387848310",
    "Storage_TestConfigDefault": "ProductionTenant\nseanmcccanada\nU2FuaXRpemVk\nhttps://seanmcccanada.blob.core.windows.net\nhttps://seanmcccanada.file.core.windows.net\nhttps://seanmcccanada.queue.core.windows.net\nhttps://seanmcccanada.table.core.windows.net\n\n\n\n\nhttps://seanmcccanada-secondary.blob.core.windows.net\nhttps://seanmcccanada-secondary.file.core.windows.net\nhttps://seanmcccanada-secondary.queue.core.windows.net\nhttps://seanmcccanada-secondary.table.core.windows.net\n\nSanitized\n\n\nCloud\nBlobEndpoint=https://seanmcccanada.blob.core.windows.net/;QueueEndpoint=https://seanmcccanada.queue.core.windows.net/;FileEndpoint=https://seanmcccanada.file.core.windows.net/;BlobSecondaryEndpoint=https://seanmcccanada-secondary.blob.core.windows.net/;QueueSecondaryEndpoint=https://seanmcccanada-secondary.queue.core.windows.net/;FileSecondaryEndpoint=https://seanmcccanada-secondary.file.core.windows.net/;AccountName=seanmcccanada;AccountKey=Sanitized\nencryptionScope\n\n"
  }
}
