{
  "Entries": [
    {
      "RequestUri": "https://amandadev2.blob.core.windows.net/test-container-9fd58752-8d4e-c548-637b-5382e27f28e5?restype=container",
      "RequestMethod": "PUT",
      "RequestHeaders": {
        "Accept": "application/xml",
        "Authorization": "Sanitized",
        "Content-Length": "0",
        "traceparent": "00-b7e08db5ad799df50d89e7b7977ed122-eda6660a276f1b7a-00",
        "User-Agent": "azsdk-net-Storage.Blobs/12.21.0-alpha.20240702.1 (.NET 6.0.31; Microsoft Windows 10.0.22635)",
        "x-ms-blob-public-access": "container",
        "x-ms-client-request-id": "Sanitized",
        "x-ms-date": "Tue, 02 Jul 2024 18:54:36 GMT",
        "x-ms-return-client-request-id": "true",
        "x-ms-version": "2024-08-04"
      },
      "RequestBody": null,
      "StatusCode": 201,
      "ResponseHeaders": {
        "Content-Length": "0",
        "Date": "Tue, 02 Jul 2024 18:54:34 GMT",
        "ETag": "\"0x8DC9AC86AB06FA1\"",
        "Last-Modified": "Tue, 02 Jul 2024 18:54:35 GMT",
        "Server": [
          "Windows-Azure-Blob/1.0",
          "Microsoft-HTTPAPI/2.0"
        ],
        "x-ms-client-request-id": "Sanitized",
        "x-ms-request-id": "766c1c8b-201e-0075-0bb1-cc1ecd000000",
        "x-ms-version": "2024-08-04"
      },
      "ResponseBody": null
    },
    {
      "RequestUri": "https://amandadev2.file.core.windows.net/test-share-53e6f602-c40f-d346-6941-d0c598b980bc?restype=share",
      "RequestMethod": "PUT",
      "RequestHeaders": {
        "Accept": "application/xml",
        "Authorization": "Sanitized",
        "Content-Length": "0",
        "traceparent": "00-19c84c0feba3136a7285dafba9ad909e-4c2d0681be4728b8-00",
        "User-Agent": "azsdk-net-Storage.Files.Shares/12.19.0-alpha.20240702.1 (.NET 6.0.31; Microsoft Windows 10.0.22635)",
        "x-ms-client-request-id": "Sanitized",
        "x-ms-date": "Tue, 02 Jul 2024 18:54:36 GMT",
        "x-ms-return-client-request-id": "true",
        "x-ms-version": "2024-08-04"
      },
      "RequestBody": null,
      "StatusCode": 201,
      "ResponseHeaders": {
        "Content-Length": "0",
        "Date": "Tue, 02 Jul 2024 18:54:34 GMT",
        "ETag": "\"0x8DC9AC86AB909B8\"",
        "Last-Modified": "Tue, 02 Jul 2024 18:54:35 GMT",
        "Server": [
          "Windows-Azure-File/1.0",
          "Microsoft-HTTPAPI/2.0"
        ],
        "x-ms-client-request-id": "Sanitized",
        "x-ms-request-id": "18aa050c-d01a-002c-1db1-cc994e000000",
        "x-ms-version": "2024-08-04"
      },
      "ResponseBody": null
    },
    {
      "RequestUri": "https://amandadev2.blob.core.windows.net/test-container-9fd58752-8d4e-c548-637b-5382e27f28e5/test-file-010dd9fa-7b45-d3d2-f45e-776603d4e981",
      "RequestMethod": "PUT",
      "RequestHeaders": {
        "Accept": "application/xml",
        "Authorization": "Sanitized",
        "Content-Length": "0",
        "Content-Type": "application/octet-stream",
        "traceparent": "00-25e5ec224a626a7407f1f8298aa41e79-823817c36729508e-00",
        "User-Agent": "azsdk-net-Storage.Blobs/12.21.0-alpha.20240702.1 (.NET 6.0.31; Microsoft Windows 10.0.22635)",
        "x-ms-blob-type": "BlockBlob",
        "x-ms-client-request-id": "Sanitized",
        "x-ms-date": "Tue, 02 Jul 2024 18:54:36 GMT",
        "x-ms-return-client-request-id": "true",
        "x-ms-version": "2024-08-04"
      },
      "RequestBody": null,
      "StatusCode": 201,
      "ResponseHeaders": {
        "Content-Length": "0",
        "Content-MD5": "1B2M2Y8AsgTpgAmY7PhCfg==",
        "Date": "Tue, 02 Jul 2024 18:54:34 GMT",
        "ETag": "\"0x8DC9AC86AC59536\"",
        "Last-Modified": "Tue, 02 Jul 2024 18:54:35 GMT",
        "Server": [
          "Windows-Azure-Blob/1.0",
          "Microsoft-HTTPAPI/2.0"
        ],
        "x-ms-client-request-id": "Sanitized",
        "x-ms-content-crc64": "AAAAAAAAAAA=",
        "x-ms-request-id": "766c1cd7-201e-0075-51b1-cc1ecd000000",
        "x-ms-request-server-encrypted": "true",
        "x-ms-version": "2024-08-04",
        "x-ms-version-id": "2024-07-02T18:54:35.5238198Z"
      },
      "ResponseBody": null
    },
    {
      "RequestUri": "https://amandadev2.blob.core.windows.net/test-container-9fd58752-8d4e-c548-637b-5382e27f28e5/test-file-010dd9fa-7b45-d3d2-f45e-776603d4e981?sv=Sanitized&se=2024-07-03T18%3A54%3A36Z&sr=b&sp=racwdxyltmei&sig=Sanitized",
      "RequestMethod": "HEAD",
      "RequestHeaders": {
        "Accept": "application/xml",
        "traceparent": "00-4530ff8e05d9e7c305365b97b5370d42-bf08197463895249-00",
        "User-Agent": "azsdk-net-Storage.Blobs/12.21.0-alpha.20240702.1 (.NET 6.0.31; Microsoft Windows 10.0.22635)",
        "x-ms-client-request-id": "Sanitized",
        "x-ms-return-client-request-id": "true",
        "x-ms-version": "2024-08-04"
      },
      "RequestBody": null,
      "StatusCode": 200,
      "ResponseHeaders": {
        "Accept-Ranges": "bytes",
        "Content-Length": "0",
        "Content-MD5": "1B2M2Y8AsgTpgAmY7PhCfg==",
        "Content-Type": "application/octet-stream",
        "Date": "Tue, 02 Jul 2024 18:54:34 GMT",
        "ETag": "\"0x8DC9AC86AC59536\"",
        "Last-Modified": "Tue, 02 Jul 2024 18:54:35 GMT",
        "Server": [
          "Windows-Azure-Blob/1.0",
          "Microsoft-HTTPAPI/2.0"
        ],
        "x-ms-access-tier": "Hot",
        "x-ms-access-tier-inferred": "true",
        "x-ms-blob-type": "BlockBlob",
        "x-ms-client-request-id": "Sanitized",
        "x-ms-creation-time": "Tue, 02 Jul 2024 18:54:35 GMT",
        "x-ms-is-current-version": "true",
        "x-ms-lease-state": "available",
        "x-ms-lease-status": "unlocked",
        "x-ms-request-id": "766c1cfc-201e-0075-76b1-cc1ecd000000",
        "x-ms-server-encrypted": "true",
        "x-ms-version": "2024-08-04",
        "x-ms-version-id": "2024-07-02T18:54:35.5238198Z"
      },
      "ResponseBody": null
    },
    {
      "RequestUri": "https://amandadev2.file.core.windows.net/test-share-53e6f602-c40f-d346-6941-d0c598b980bc/test-file-3be18fcc-312c-28fa-f5d1-b6df9e5e75d9?sv=Sanitized&se=2024-07-03T18%3A54%3A36Z&sr=f&sp=rcwd&sig=Sanitized",
      "RequestMethod": "HEAD",
      "RequestHeaders": {
        "Accept": "application/xml",
        "traceparent": "00-18273cae12f2e2f3f81e1d0f65db2569-010ca62c67146f80-00",
        "User-Agent": "azsdk-net-Storage.Files.Shares/12.19.0-alpha.20240702.1 (.NET 6.0.31; Microsoft Windows 10.0.22635)",
        "x-ms-client-request-id": "Sanitized",
        "x-ms-return-client-request-id": "true",
        "x-ms-version": "2024-08-04"
      },
      "RequestBody": null,
      "StatusCode": 404,
      "ResponseHeaders": {
        "Date": "Tue, 02 Jul 2024 18:54:34 GMT",
        "Server": [
          "Windows-Azure-File/1.0",
          "Microsoft-HTTPAPI/2.0"
        ],
        "Transfer-Encoding": "chunked",
        "Vary": "Origin",
        "x-ms-client-request-id": "Sanitized",
        "x-ms-error-code": "ResourceNotFound",
        "x-ms-request-id": "18aa050f-d01a-002c-1eb1-cc994e000000",
        "x-ms-version": "2024-08-04"
      },
      "ResponseBody": null
    },
    {
      "RequestUri": "https://amandadev2.file.core.windows.net/test-share-53e6f602-c40f-d346-6941-d0c598b980bc/test-file-3be18fcc-312c-28fa-f5d1-b6df9e5e75d9?sv=Sanitized&se=2024-07-03T18%3A54%3A36Z&sr=f&sp=rcwd&sig=Sanitized",
      "RequestMethod": "PUT",
      "RequestHeaders": {
        "Accept": "application/xml",
        "Content-Length": "0",
        "traceparent": "00-eae13db60be841ffccdf699878eeb136-310b31d344f73570-00",
        "User-Agent": "azsdk-net-Storage.Files.Shares/12.19.0-alpha.20240702.1 (.NET 6.0.31; Microsoft Windows 10.0.22635)",
        "x-ms-client-request-id": "Sanitized",
        "x-ms-content-length": "0",
        "x-ms-content-type": "application/octet-stream",
        "x-ms-file-attributes": "None",
        "x-ms-file-creation-time": "2024-07-02T18:54:35.0000000Z",
        "x-ms-file-last-write-time": "2024-07-02T18:54:35.0000000Z",
        "x-ms-file-permission": "Inherit",
        "x-ms-return-client-request-id": "true",
        "x-ms-type": "file",
        "x-ms-version": "2024-08-04"
      },
      "RequestBody": null,
      "StatusCode": 201,
      "ResponseHeaders": {
        "Content-Length": "0",
        "Date": "Tue, 02 Jul 2024 18:54:34 GMT",
        "ETag": "\"0x8DC9AC86AE8C8C1\"",
        "Last-Modified": "Tue, 02 Jul 2024 18:54:35 GMT",
        "Server": [
          "Windows-Azure-File/1.0",
          "Microsoft-HTTPAPI/2.0"
        ],
        "x-ms-client-request-id": "Sanitized",
        "x-ms-file-attributes": "Archive",
        "x-ms-file-change-time": "2024-07-02T18:54:35.7545153Z",
        "x-ms-file-creation-time": "2024-07-02T18:54:35.0000000Z",
        "x-ms-file-id": "13835128424026341376",
        "x-ms-file-last-write-time": "2024-07-02T18:54:35.0000000Z",
        "x-ms-file-parent-id": "0",
        "x-ms-file-permission-key": "13365936616355342650*1287379445297103284",
        "x-ms-request-id": "18aa0510-d01a-002c-1fb1-cc994e000000",
        "x-ms-request-server-encrypted": "true",
        "x-ms-version": "2024-08-04"
      },
      "ResponseBody": null
    },
    {
      "RequestUri": "https://amandadev2.blob.core.windows.net/test-container-9fd58752-8d4e-c548-637b-5382e27f28e5/test-file-010dd9fa-7b45-d3d2-f45e-776603d4e981?sv=Sanitized&se=2024-07-03T18%3A54%3A36Z&sr=b&sp=racwdxyltmei&sig=Sanitized",
      "RequestMethod": "HEAD",
      "RequestHeaders": {
        "Accept": "application/xml",
        "traceparent": "00-be7c635d0a7e396917cc296258429943-135638445f7b5461-00",
        "User-Agent": "azsdk-net-Storage.Blobs/12.21.0-alpha.20240702.1 (.NET 6.0.31; Microsoft Windows 10.0.22635)",
        "x-ms-client-request-id": "Sanitized",
        "x-ms-return-client-request-id": "true",
        "x-ms-version": "2024-08-04"
      },
      "RequestBody": null,
      "StatusCode": 200,
      "ResponseHeaders": {
        "Accept-Ranges": "bytes",
        "Content-Length": "0",
        "Content-MD5": "1B2M2Y8AsgTpgAmY7PhCfg==",
        "Content-Type": "application/octet-stream",
        "Date": "Tue, 02 Jul 2024 18:54:35 GMT",
        "ETag": "\"0x8DC9AC86AC59536\"",
        "Last-Modified": "Tue, 02 Jul 2024 18:54:35 GMT",
        "Server": [
          "Windows-Azure-Blob/1.0",
          "Microsoft-HTTPAPI/2.0"
        ],
        "x-ms-access-tier": "Hot",
        "x-ms-access-tier-inferred": "true",
        "x-ms-blob-type": "BlockBlob",
        "x-ms-client-request-id": "Sanitized",
        "x-ms-creation-time": "Tue, 02 Jul 2024 18:54:35 GMT",
        "x-ms-is-current-version": "true",
        "x-ms-lease-state": "available",
        "x-ms-lease-status": "unlocked",
        "x-ms-request-id": "766c1dc6-201e-0075-33b1-cc1ecd000000",
        "x-ms-server-encrypted": "true",
        "x-ms-version": "2024-08-04",
        "x-ms-version-id": "2024-07-02T18:54:35.5238198Z"
      },
      "ResponseBody": null
    },
    {
      "RequestUri": "https://amandadev2.file.core.windows.net/test-share-53e6f602-c40f-d346-6941-d0c598b980bc/test-file-3be18fcc-312c-28fa-f5d1-b6df9e5e75d9?sv=Sanitized&se=2024-07-03T18%3A54%3A36Z&sr=f&sp=rcwd&sig=Sanitized",
      "RequestMethod": "HEAD",
      "RequestHeaders": {
        "Accept": "application/xml",
        "traceparent": "00-a54fbbc76bc3cb315ef48573b2824aab-2d58f02096e783d4-00",
        "User-Agent": "azsdk-net-Storage.Files.Shares/12.19.0-alpha.20240702.1 (.NET 6.0.31; Microsoft Windows 10.0.22635)",
        "x-ms-client-request-id": "Sanitized",
        "x-ms-return-client-request-id": "true",
        "x-ms-version": "2024-08-04"
      },
      "RequestBody": null,
      "StatusCode": 200,
      "ResponseHeaders": {
        "Content-Length": "0",
        "Content-Type": "application/octet-stream",
        "Date": "Tue, 02 Jul 2024 18:54:35 GMT",
        "ETag": "\"0x8DC9AC86AE8C8C1\"",
        "Last-Modified": "Tue, 02 Jul 2024 18:54:35 GMT",
        "Server": [
          "Windows-Azure-File/1.0",
          "Microsoft-HTTPAPI/2.0"
        ],
        "Vary": "Origin",
        "x-ms-client-request-id": "Sanitized",
        "x-ms-file-attributes": "Archive",
        "x-ms-file-change-time": "2024-07-02T18:54:35.7545153Z",
        "x-ms-file-creation-time": "2024-07-02T18:54:35.0000000Z",
        "x-ms-file-id": "13835128424026341376",
        "x-ms-file-last-write-time": "2024-07-02T18:54:35.0000000Z",
        "x-ms-file-parent-id": "0",
        "x-ms-file-permission-key": "13365936616355342650*1287379445297103284",
        "x-ms-lease-state": "available",
        "x-ms-lease-status": "unlocked",
        "x-ms-request-id": "18aa0511-d01a-002c-20b1-cc994e000000",
        "x-ms-server-encrypted": "true",
        "x-ms-type": "File",
        "x-ms-version": "2024-08-04"
      },
      "ResponseBody": null
    },
    {
      "RequestUri": "https://amandadev2.file.core.windows.net/test-share-53e6f602-c40f-d346-6941-d0c598b980bc?restype=share",
      "RequestMethod": "DELETE",
      "RequestHeaders": {
        "Accept": "application/xml",
        "Authorization": "Sanitized",
        "traceparent": "00-facaf1b171e6235489e1b865a8be6079-e3013f00bac7339c-00",
        "User-Agent": "azsdk-net-Storage.Files.Shares/12.19.0-alpha.20240702.1 (.NET 6.0.31; Microsoft Windows 10.0.22635)",
        "x-ms-client-request-id": "Sanitized",
        "x-ms-date": "Tue, 02 Jul 2024 18:54:36 GMT",
        "x-ms-delete-snapshots": "include",
        "x-ms-return-client-request-id": "true",
        "x-ms-version": "2024-08-04"
      },
      "RequestBody": null,
      "StatusCode": 202,
      "ResponseHeaders": {
        "Content-Length": "0",
        "Date": "Tue, 02 Jul 2024 18:54:35 GMT",
        "Server": [
          "Windows-Azure-File/1.0",
          "Microsoft-HTTPAPI/2.0"
        ],
        "x-ms-client-request-id": "Sanitized",
        "x-ms-request-id": "18aa0512-d01a-002c-21b1-cc994e000000",
        "x-ms-version": "2024-08-04"
      },
      "ResponseBody": null
    },
    {
      "RequestUri": "https://amandadev2.blob.core.windows.net/test-container-9fd58752-8d4e-c548-637b-5382e27f28e5?restype=container",
      "RequestMethod": "DELETE",
      "RequestHeaders": {
        "Accept": "application/xml",
        "Authorization": "Sanitized",
        "traceparent": "00-e6b5fa9e2ef90b86328f9fcc2571272b-f0597e1b8cbe3e66-00",
        "User-Agent": "azsdk-net-Storage.Blobs/12.21.0-alpha.20240702.1 (.NET 6.0.31; Microsoft Windows 10.0.22635)",
        "x-ms-client-request-id": "Sanitized",
        "x-ms-date": "Tue, 02 Jul 2024 18:54:36 GMT",
        "x-ms-return-client-request-id": "true",
        "x-ms-version": "2024-08-04"
      },
      "RequestBody": null,
      "StatusCode": 202,
      "ResponseHeaders": {
        "Content-Length": "0",
        "Date": "Tue, 02 Jul 2024 18:54:35 GMT",
        "Server": [
          "Windows-Azure-Blob/1.0",
          "Microsoft-HTTPAPI/2.0"
        ],
        "x-ms-client-request-id": "Sanitized",
        "x-ms-request-id": "766c1e20-201e-0075-09b1-cc1ecd000000",
        "x-ms-version": "2024-08-04"
      },
      "ResponseBody": null
    }
  ],
  "Variables": {
    "DateTimeOffsetNow": "2024-07-02T11:54:36.4416813-07:00",
    "RandomSeed": "379753144",
    "Storage_TestConfigDefault": "ProductionTenant\namandadev2\nU2FuaXRpemVk\nhttps://amandadev2.blob.core.windows.net\nhttps://amandadev2.file.core.windows.net\nhttps://amandadev2.queue.core.windows.net\nhttps://amandadev2.table.core.windows.net\n\n\n\n\nhttps://amandadev2-secondary.blob.core.windows.net\nhttps://amandadev2-secondary.file.core.windows.net\nhttps://amandadev2-secondary.queue.core.windows.net\nhttps://amandadev2-secondary.table.core.windows.net\n\nSanitized\n\n\nCloud\nBlobEndpoint=https://amandadev2.blob.core.windows.net/;QueueEndpoint=https://amandadev2.queue.core.windows.net/;FileEndpoint=https://amandadev2.file.core.windows.net/;BlobSecondaryEndpoint=https://amandadev2-secondary.blob.core.windows.net/;QueueSecondaryEndpoint=https://amandadev2-secondary.queue.core.windows.net/;FileSecondaryEndpoint=https://amandadev2-secondary.file.core.windows.net/;AccountName=amandadev2;AccountKey=Sanitized\nencryptionScope\n\n"
  }
}
