{
  "Entries": [
    {
      "RequestUri": "https://seanmcccanada.blob.core.windows.net/test-container-b4f8aa21-5eb3-5e66-984f-42ff0f348568?restype=container",
      "RequestMethod": "PUT",
      "RequestHeaders": {
        "Accept": "application/xml",
        "Authorization": "Sanitized",
        "Content-Length": "0",
        "traceparent": "00-b0eaff2619d1e49016d9e8dd57c89404-51280481021834dd-00",
        "User-Agent": "azsdk-net-Storage.Blobs/12.20.0-alpha.20231117.1 (.NET 6.0.25; Microsoft Windows 10.0.22635)",
        "x-ms-blob-public-access": "container",
        "x-ms-client-request-id": "7d6557a6-3a36-01c7-13ed-229416aacf2e",
        "x-ms-date": "Fri, 17 Nov 2023 17:27:22 GMT",
        "x-ms-return-client-request-id": "true",
        "x-ms-version": "2024-02-04"
      },
      "RequestBody": null,
      "StatusCode": 201,
      "ResponseHeaders": {
        "Content-Length": "0",
        "Date": "Fri, 17 Nov 2023 17:27:23 GMT",
        "ETag": "\u00220x8DBE79276586DD0\u0022",
        "Last-Modified": "Fri, 17 Nov 2023 17:27:23 GMT",
        "Server": [
          "Windows-Azure-Blob/1.0",
          "Microsoft-HTTPAPI/2.0"
        ],
        "x-ms-client-request-id": "7d6557a6-3a36-01c7-13ed-229416aacf2e",
        "x-ms-request-id": "d2f77411-b01e-0049-1e7b-19d369000000",
        "x-ms-version": "2024-02-04"
      },
      "ResponseBody": null
    },
    {
      "RequestUri": "https://seanmcccanada.file.core.windows.net/test-share-dfcbcaf1-7e39-d710-b8a5-61f8e057711f?restype=share",
      "RequestMethod": "PUT",
      "RequestHeaders": {
        "Accept": "application/xml",
        "Authorization": "Sanitized",
        "Content-Length": "0",
        "traceparent": "00-4272bdbe4c8360a7a846dd64589cb4c7-5f46b9e180eefaf8-00",
        "User-Agent": "azsdk-net-Storage.Files.Shares/12.18.0-alpha.20231117.1 (.NET 6.0.25; Microsoft Windows 10.0.22635)",
        "x-ms-client-request-id": "221d4feb-17ad-2867-468d-c490d9ce21bb",
        "x-ms-date": "Fri, 17 Nov 2023 17:27:22 GMT",
        "x-ms-return-client-request-id": "true",
        "x-ms-version": "2024-02-04"
      },
      "RequestBody": null,
      "StatusCode": 201,
      "ResponseHeaders": {
        "Content-Length": "0",
        "Date": "Fri, 17 Nov 2023 17:27:23 GMT",
        "ETag": "\u00220x8DBE7927674401E\u0022",
        "Last-Modified": "Fri, 17 Nov 2023 17:27:24 GMT",
        "Server": [
          "Windows-Azure-File/1.0",
          "Microsoft-HTTPAPI/2.0"
        ],
        "x-ms-client-request-id": "221d4feb-17ad-2867-468d-c490d9ce21bb",
        "x-ms-request-id": "643007fe-e01a-0044-3d7b-191bbd000000",
        "x-ms-version": "2024-02-04"
      },
      "ResponseBody": null
    },
    {
      "RequestUri": "https://seanmcccanada.file.core.windows.net/test-share-dfcbcaf1-7e39-d710-b8a5-61f8e057711f/test-file-900cb968-4f39-4171-3930-704143a0b29d",
      "RequestMethod": "PUT",
      "RequestHeaders": {
        "Accept": "application/xml",
        "Authorization": "Sanitized",
        "Content-Length": "0",
        "traceparent": "00-f13764a3b33cae3fcb9babf781c2a095-ea5bdaf41e32cfd2-00",
        "User-Agent": "azsdk-net-Storage.Files.Shares/12.18.0-alpha.20231117.1 (.NET 6.0.25; Microsoft Windows 10.0.22635)",
        "x-ms-client-request-id": "1f2868dd-90c1-2d82-91f9-3c20a61da6f8",
        "x-ms-content-length": "1024",
        "x-ms-date": "Fri, 17 Nov 2023 17:27:22 GMT",
        "x-ms-file-attributes": "None",
        "x-ms-file-creation-time": "Now",
        "x-ms-file-last-write-time": "Now",
        "x-ms-file-permission": "Inherit",
        "x-ms-return-client-request-id": "true",
        "x-ms-type": "file",
        "x-ms-version": "2024-02-04"
      },
      "RequestBody": null,
      "StatusCode": 201,
      "ResponseHeaders": {
        "Content-Length": "0",
        "Date": "Fri, 17 Nov 2023 17:27:23 GMT",
        "ETag": "\u00220x8DBE792769CC87E\u0022",
        "Last-Modified": "Fri, 17 Nov 2023 17:27:24 GMT",
        "Server": [
          "Windows-Azure-File/1.0",
          "Microsoft-HTTPAPI/2.0"
        ],
        "x-ms-client-request-id": "1f2868dd-90c1-2d82-91f9-3c20a61da6f8",
        "x-ms-file-attributes": "Archive",
        "x-ms-file-change-time": "2023-11-17T17:27:24.4285054Z",
        "x-ms-file-creation-time": "2023-11-17T17:27:24.4285054Z",
        "x-ms-file-id": "13835128424026341376",
        "x-ms-file-last-write-time": "2023-11-17T17:27:24.4285054Z",
        "x-ms-file-parent-id": "0",
        "x-ms-file-permission-key": "5144323600546320195*17277118026500876237",
        "x-ms-request-id": "64300800-e01a-0044-3e7b-191bbd000000",
        "x-ms-request-server-encrypted": "true",
        "x-ms-version": "2024-02-04"
      },
      "ResponseBody": null
    },
    {
      "RequestUri": "https://seanmcccanada.blob.core.windows.net/test-container-b4f8aa21-5eb3-5e66-984f-42ff0f348568/test-file-753b027c-1750-e95f-993f-7204ee5eb05b",
      "RequestMethod": "PUT",
      "RequestHeaders": {
        "Accept": "application/xml",
        "Authorization": "Sanitized",
        "Content-Length": "1024",
        "Content-Type": "application/octet-stream",
        "traceparent": "00-0f29236da9a03fabd77c1772cdb67e9f-64513b3441ae2eec-00",
        "User-Agent": "azsdk-net-Storage.Blobs/12.20.0-alpha.20231117.1 (.NET 6.0.25; Microsoft Windows 10.0.22635)",
        "x-ms-blob-type": "BlockBlob",
        "x-ms-client-request-id": "40a4d3c5-ebb5-2482-9270-00619f03c104",
        "x-ms-date": "Fri, 17 Nov 2023 17:27:22 GMT",
        "x-ms-return-client-request-id": "true",
        "x-ms-version": "2024-02-04"
      },
      "RequestBody": "hyNbYi8Vonp0jh6TdT9/bnB\u002BWkCepxXNsnmTSSH\u002BdlImyCidCj7t/O9AGBwv4riyxZkX7vAZwd8Njq\u002B2gllZdhjLbawW4mMykF5QXo75ndDA4IOH5ohiDAdJkHyPNnqW5qEEY3UMnOM25V2RyGNQFPDe9qLV0ZCQaWCkzVHnolrjunft9Tlbs0OfUQAr0EOj\u002BHyLsEDYwBQQdPoUZ8\u002BST0IDrg7sYx\u002B3g0JeNoCQZJkcAdXVXPIZC/pi3IE/Rkt0DQK9JyI1t5Rc0y3\u002BeoqUgA9h\u002BGb6vPJQ6aIUiYeedzz26Sh\u002B0jx25kpAeIjEGpFvzlty3U7lelEPbT5/IS0NvlvxCJBiFa7S6hEcuUNqi88QpLsrLJrtEG7Xb2X\u002B98QcMros0xIADbisn/M8ycANpOFubn1x4ZLBA/chi6ZJ0/NM/4eJPre8EJcDfoymsEeuycqDj4hHq1AnatAa3oIRY8wA78k5hGYqsl7mbWIGG1Kvc8HcxkNrBVQ2YdPnoTEU8Ru/psB\u002BdEVkWd0pYT3tIU99a2rANZyJlOp1AyKSQhAs0XxHRnSRMf98d21lQaQWSECEaTbGVLx\u002BNhHWCXEj0RbN/Y/Bptra6zprRL0vI1NGXrvhDdjZZX3AyA9juyiNWaZWl0MUVaFlqX78Wg/\u002BTxK9kKq1QcQ99JcSAN7LdzAR3usX2IwPMQkZe2Na3Qptwnn8pSp91xfhGaOsAVTDmjJN6nwk5naGrV\u002Bhm8Vg4heMpD5lztIFlAbTNb/oYy\u002B0VuExDPKOSNsCdvfL3DtRgTaMIF0VXsxgR1Z2UbC2nkov7EXkLtUk/lxjYlfbOrfKgbSJXELSn/gU0cSbF/cqTNisnO/2bVJgZyIBsvt0hQ2erM/8LUEHXE1M0F0QiOZkOBV/Lp3I0xRhKPQg0e38n0y3/WsnLh\u002BWpD\u002Biqp31T947nHnl9VZw1tm7mwRN5otgTzARWYt7PAr26YleJSh2a9kV5TRzF6r1RyaSa5IbSL2zQVps5PVTv19v7wvNEbCwRS8qNwFW7DiFGxJk6dF326DLq\u002BPOCYfjwiXVBCifKDV24SZi8BG8XFUi5sjj7taO9xNqAWbM4juoR3XcgegQ5vPd7geqFOuPD06OqyK\u002BANNORgwUNCbPqf/ruqib4NpsEgDVBgDO4\u002BMn2/IYPTYY6keijTvc\u002B7LMDUUHv1pC9C5zIpgi6PrSf2Ip7Vk0t2vJ09Bh\u002BVOfkBdNCfi7xySI5OfDpBud9QFNzw3Ysw5Zl1bZPuyK4frb05KB1N4BF7g\u002BoAhxcBJQK93OFClGx90J9HKh4og3/gPs6NGIHCAiS7hUmRIF5ydEiBMOu83RlAu1eOBsYDUvBqIFhYdBxw68rA==",
      "StatusCode": 201,
      "ResponseHeaders": {
        "Content-Length": "0",
        "Content-MD5": "g8U72De2dRpcmv1bnj6KEg==",
        "Date": "Fri, 17 Nov 2023 17:27:24 GMT",
        "ETag": "\u00220x8DBE79276BE270C\u0022",
        "Last-Modified": "Fri, 17 Nov 2023 17:27:24 GMT",
        "Server": [
          "Windows-Azure-Blob/1.0",
          "Microsoft-HTTPAPI/2.0"
        ],
        "x-ms-client-request-id": "40a4d3c5-ebb5-2482-9270-00619f03c104",
        "x-ms-content-crc64": "5ZuV8frz/20=",
        "x-ms-request-id": "d2f77958-b01e-0049-1c7b-19d369000000",
        "x-ms-request-server-encrypted": "true",
        "x-ms-version": "2024-02-04",
        "x-ms-version-id": "2023-11-17T17:27:24.6471948Z"
      },
      "ResponseBody": null
    },
    {
      "RequestUri": "https://seanmcccanada.blob.core.windows.net/test-container-b4f8aa21-5eb3-5e66-984f-42ff0f348568/test-file-753b027c-1750-e95f-993f-7204ee5eb05b?sv=2024-08-04\u0026se=2023-11-18T17%3A27%3A22Z\u0026sr=b\u0026sp=racwdxyltmei\u0026sig=Sanitized",
      "RequestMethod": "HEAD",
      "RequestHeaders": {
        "Accept": "application/xml",
        "traceparent": "00-528353b65d13b5730aa4a79957d8ed97-8a76301623da34af-00",
        "User-Agent": "azsdk-net-Storage.Blobs/12.20.0-alpha.20231117.1 (.NET 6.0.25; Microsoft Windows 10.0.22635)",
        "x-ms-client-request-id": "f37b336a-7c6a-ddf6-eecd-9b5a02abab5a",
        "x-ms-return-client-request-id": "true",
        "x-ms-version": "2024-02-04"
      },
      "RequestBody": null,
      "StatusCode": 200,
      "ResponseHeaders": {
        "Accept-Ranges": "bytes",
        "Access-Control-Allow-Origin": "*",
        "Access-Control-Expose-Headers": "x-ms-client-request-id",
        "Content-Length": "1024",
        "Content-MD5": "g8U72De2dRpcmv1bnj6KEg==",
        "Content-Type": "application/octet-stream",
        "Date": "Fri, 17 Nov 2023 17:27:24 GMT",
        "ETag": "\u00220x8DBE79276BE270C\u0022",
        "Last-Modified": "Fri, 17 Nov 2023 17:27:24 GMT",
        "Server": [
          "Windows-Azure-Blob/1.0",
          "Microsoft-HTTPAPI/2.0"
        ],
        "x-ms-access-tier": "Hot",
        "x-ms-access-tier-inferred": "true",
        "x-ms-blob-type": "BlockBlob",
        "x-ms-client-request-id": "f37b336a-7c6a-ddf6-eecd-9b5a02abab5a",
        "x-ms-creation-time": "Fri, 17 Nov 2023 17:27:24 GMT",
        "x-ms-is-current-version": "true",
        "x-ms-last-access-time": "Fri, 17 Nov 2023 17:27:24 GMT",
        "x-ms-lease-state": "available",
        "x-ms-lease-status": "unlocked",
        "x-ms-request-id": "d2f77b93-b01e-0049-3e7b-19d369000000",
        "x-ms-server-encrypted": "true",
        "x-ms-version": "2024-02-04",
        "x-ms-version-id": "2023-11-17T17:27:24.6471948Z"
      },
      "ResponseBody": null
    },
    {
      "RequestUri": "https://seanmcccanada.file.core.windows.net/test-share-dfcbcaf1-7e39-d710-b8a5-61f8e057711f/test-file-900cb968-4f39-4171-3930-704143a0b29d?sv=2024-08-04\u0026se=2023-11-18T17%3A27%3A22Z\u0026sr=f\u0026sp=rcwd\u0026sig=Sanitized",
      "RequestMethod": "HEAD",
      "RequestHeaders": {
        "Accept": "application/xml",
        "traceparent": "00-110bf4948ff44991da3d6885838e0941-b5decc7d1b0695a8-00",
        "User-Agent": "azsdk-net-Storage.Files.Shares/12.18.0-alpha.20231117.1 (.NET 6.0.25; Microsoft Windows 10.0.22635)",
        "x-ms-client-request-id": "6bf73110-cd87-d59a-1927-71d542907227",
        "x-ms-return-client-request-id": "true",
        "x-ms-version": "2024-02-04"
      },
      "RequestBody": null,
      "StatusCode": 200,
      "ResponseHeaders": {
        "Content-Length": "1024",
        "Content-Type": "application/octet-stream",
        "Date": "Fri, 17 Nov 2023 17:27:24 GMT",
        "ETag": "\u00220x8DBE792769CC87E\u0022",
        "Last-Modified": "Fri, 17 Nov 2023 17:27:24 GMT",
        "Server": [
          "Windows-Azure-File/1.0",
          "Microsoft-HTTPAPI/2.0"
        ],
        "x-ms-client-request-id": "6bf73110-cd87-d59a-1927-71d542907227",
        "x-ms-file-attributes": "Archive",
        "x-ms-file-change-time": "2023-11-17T17:27:24.4285054Z",
        "x-ms-file-creation-time": "2023-11-17T17:27:24.4285054Z",
        "x-ms-file-id": "13835128424026341376",
        "x-ms-file-last-write-time": "2023-11-17T17:27:24.4285054Z",
        "x-ms-file-parent-id": "0",
        "x-ms-file-permission-key": "5144323600546320195*17277118026500876237",
        "x-ms-lease-state": "available",
        "x-ms-lease-status": "unlocked",
        "x-ms-request-id": "64300805-e01a-0044-417b-191bbd000000",
        "x-ms-server-encrypted": "true",
        "x-ms-type": "File",
        "x-ms-version": "2024-02-04"
      },
      "ResponseBody": null
    },
    {
      "RequestUri": "https://seanmcccanada.file.core.windows.net/test-share-dfcbcaf1-7e39-d710-b8a5-61f8e057711f?restype=share",
      "RequestMethod": "DELETE",
      "RequestHeaders": {
        "Accept": "application/xml",
        "Authorization": "Sanitized",
        "traceparent": "00-8242409af295103d82855050634a8081-3d174a7fba462709-00",
        "User-Agent": "azsdk-net-Storage.Files.Shares/12.18.0-alpha.20231117.1 (.NET 6.0.25; Microsoft Windows 10.0.22635)",
        "x-ms-client-request-id": "d149e663-3fb3-cad2-d602-19084adca558",
        "x-ms-date": "Fri, 17 Nov 2023 17:27:23 GMT",
        "x-ms-delete-snapshots": "include",
        "x-ms-return-client-request-id": "true",
        "x-ms-version": "2024-02-04"
      },
      "RequestBody": null,
      "StatusCode": 202,
      "ResponseHeaders": {
        "Content-Length": "0",
        "Date": "Fri, 17 Nov 2023 17:27:25 GMT",
        "Server": [
          "Windows-Azure-File/1.0",
          "Microsoft-HTTPAPI/2.0"
        ],
        "x-ms-client-request-id": "d149e663-3fb3-cad2-d602-19084adca558",
        "x-ms-request-id": "6430080f-e01a-0044-457b-191bbd000000",
        "x-ms-version": "2024-02-04"
      },
      "ResponseBody": null
    },
    {
      "RequestUri": "https://seanmcccanada.blob.core.windows.net/test-container-b4f8aa21-5eb3-5e66-984f-42ff0f348568?restype=container",
      "RequestMethod": "DELETE",
      "RequestHeaders": {
        "Accept": "application/xml",
        "Authorization": "Sanitized",
        "traceparent": "00-162592b6de3e655d4acb942ed2546cbc-4d16c5e3df61ce6d-00",
        "User-Agent": "azsdk-net-Storage.Blobs/12.20.0-alpha.20231117.1 (.NET 6.0.25; Microsoft Windows 10.0.22635)",
        "x-ms-client-request-id": "5b712833-a047-3774-d679-7203139564a5",
        "x-ms-date": "Fri, 17 Nov 2023 17:27:23 GMT",
        "x-ms-return-client-request-id": "true",
        "x-ms-version": "2024-02-04"
      },
      "RequestBody": null,
      "StatusCode": 202,
      "ResponseHeaders": {
        "Content-Length": "0",
        "Date": "Fri, 17 Nov 2023 17:27:25 GMT",
        "Server": [
          "Windows-Azure-Blob/1.0",
          "Microsoft-HTTPAPI/2.0"
        ],
        "x-ms-client-request-id": "5b712833-a047-3774-d679-7203139564a5",
        "x-ms-request-id": "d2f78267-b01e-0049-207b-19d369000000",
        "x-ms-version": "2024-02-04"
      },
      "ResponseBody": null
    }
  ],
  "Variables": {
    "DateTimeOffsetNow": "2023-11-17T09:27:22.9271406-08:00",
    "RandomSeed": "1345039484",
    "Storage_TestConfigDefault": "ProductionTenant\nseanmcccanada\nU2FuaXRpemVk\nhttps://seanmcccanada.blob.core.windows.net\nhttps://seanmcccanada.file.core.windows.net\nhttps://seanmcccanada.queue.core.windows.net\nhttps://seanmcccanada.table.core.windows.net\n\n\n\n\nhttps://seanmcccanada-secondary.blob.core.windows.net\nhttps://seanmcccanada-secondary.file.core.windows.net\nhttps://seanmcccanada-secondary.queue.core.windows.net\nhttps://seanmcccanada-secondary.table.core.windows.net\n\nSanitized\n\n\nCloud\nBlobEndpoint=https://seanmcccanada.blob.core.windows.net/;QueueEndpoint=https://seanmcccanada.queue.core.windows.net/;FileEndpoint=https://seanmcccanada.file.core.windows.net/;BlobSecondaryEndpoint=https://seanmcccanada-secondary.blob.core.windows.net/;QueueSecondaryEndpoint=https://seanmcccanada-secondary.queue.core.windows.net/;FileSecondaryEndpoint=https://seanmcccanada-secondary.file.core.windows.net/;AccountName=seanmcccanada;AccountKey=Sanitized\nencryptionScope1\n\n"
  }
}
