{
  "Entries": [
    {
      "RequestUri": "https://amandadev2.blob.core.windows.net/test-container-e612e1f5-73bd-22ab-0254-63f40a5507f6?restype=container",
      "RequestMethod": "PUT",
      "RequestHeaders": {
        "Accept": "application/xml",
        "Authorization": "Sanitized",
        "Content-Length": "0",
        "traceparent": "00-074556dbef5c2c498e4759c04bd80dab-e88aa39f72f34cbc-00",
        "User-Agent": "azsdk-net-Storage.Blobs/12.22.0-alpha.20240807.1 (.NET 6.0.32; Microsoft Windows 10.0.22635)",
        "x-ms-client-request-id": "Sanitized",
        "x-ms-date": "Wed, 07 Aug 2024 21:38:15 GMT",
        "x-ms-return-client-request-id": "true",
        "x-ms-version": "2024-11-04"
      },
      "RequestBody": null,
      "StatusCode": 201,
      "ResponseHeaders": {
        "Content-Length": "0",
        "Date": "Wed, 07 Aug 2024 21:38:15 GMT",
        "ETag": "\"0x8DCB7293F8F8BF6\"",
        "Last-Modified": "Wed, 07 Aug 2024 21:38:16 GMT",
        "Server": [
          "Windows-Azure-Blob/1.0",
          "Microsoft-HTTPAPI/2.0"
        ],
        "x-ms-client-request-id": "Sanitized",
        "x-ms-request-id": "cac4a566-f01e-0076-7712-e9ffa9000000",
        "x-ms-version": "2024-11-04"
      },
      "ResponseBody": null
    },
    {
      "RequestUri": "https://amandadev2.file.core.windows.net/test-share-f97436ed-6f8b-04e2-98a1-89f07459f312?restype=share",
      "RequestMethod": "PUT",
      "RequestHeaders": {
        "Accept": "application/xml",
        "Authorization": "Sanitized",
        "Content-Length": "0",
        "traceparent": "00-35b9ec32e2c1338f2633474bcd0abbc5-610607ebbe9ec4e7-00",
        "User-Agent": "azsdk-net-Storage.Files.Shares/12.20.0-alpha.20240807.1 (.NET 6.0.32; Microsoft Windows 10.0.22635)",
        "x-ms-client-request-id": "Sanitized",
        "x-ms-date": "Wed, 07 Aug 2024 21:38:15 GMT",
        "x-ms-return-client-request-id": "true",
        "x-ms-version": "2024-11-04"
      },
      "RequestBody": null,
      "StatusCode": 201,
      "ResponseHeaders": {
        "Content-Length": "0",
        "Date": "Wed, 07 Aug 2024 21:38:16 GMT",
        "ETag": "\"0x8DCB7293F9D200F\"",
        "Last-Modified": "Wed, 07 Aug 2024 21:38:16 GMT",
        "Server": [
          "Windows-Azure-File/1.0",
          "Microsoft-HTTPAPI/2.0"
        ],
        "x-ms-client-request-id": "Sanitized",
        "x-ms-request-id": "98c1125c-001a-003f-6312-e9bd42000000",
        "x-ms-version": "2024-11-04"
      },
      "ResponseBody": null
    },
    {
      "RequestUri": "https://amandadev2.file.core.windows.net/test-share-f97436ed-6f8b-04e2-98a1-89f07459f312/test-file-c0ba20ac-faf4-c297-98d6-c49187f2e0b4",
      "RequestMethod": "PUT",
      "RequestHeaders": {
        "Accept": "application/xml",
        "Authorization": "Sanitized",
        "Content-Length": "0",
        "traceparent": "00-28d686881d6c61293a9123ee3fad5b66-3f34062c83afe4d1-00",
        "User-Agent": "azsdk-net-Storage.Files.Shares/12.20.0-alpha.20240807.1 (.NET 6.0.32; Microsoft Windows 10.0.22635)",
        "x-ms-client-request-id": "Sanitized",
        "x-ms-content-length": "1024",
        "x-ms-date": "Wed, 07 Aug 2024 21:38:16 GMT",
        "x-ms-file-attributes": "None",
        "x-ms-file-creation-time": "Now",
        "x-ms-file-last-write-time": "Now",
        "x-ms-file-permission": "Inherit",
        "x-ms-return-client-request-id": "true",
        "x-ms-type": "file",
        "x-ms-version": "2024-11-04"
      },
      "RequestBody": null,
      "StatusCode": 201,
      "ResponseHeaders": {
        "Content-Length": "0",
        "Date": "Wed, 07 Aug 2024 21:38:16 GMT",
        "ETag": "\"0x8DCB7293FA81AF9\"",
        "Last-Modified": "Wed, 07 Aug 2024 21:38:16 GMT",
        "Server": [
          "Windows-Azure-File/1.0",
          "Microsoft-HTTPAPI/2.0"
        ],
        "x-ms-client-request-id": "Sanitized",
        "x-ms-file-attributes": "Archive",
        "x-ms-file-change-time": "2024-08-07T21:38:16.9291513Z",
        "x-ms-file-creation-time": "2024-08-07T21:38:16.9291513Z",
        "x-ms-file-id": "13835128424026341376",
        "x-ms-file-last-write-time": "2024-08-07T21:38:16.9291513Z",
        "x-ms-file-parent-id": "0",
        "x-ms-file-permission-key": "13365936616355342650*1287379445297103284",
        "x-ms-request-id": "98c1125e-001a-003f-6412-e9bd42000000",
        "x-ms-request-server-encrypted": "true",
        "x-ms-version": "2024-11-04"
      },
      "ResponseBody": null
    },
    {
      "RequestUri": "https://amandadev2.blob.core.windows.net/test-container-e612e1f5-73bd-22ab-0254-63f40a5507f6/test-file-438143e0-a045-f2d9-9290-4d932c6c695f",
      "RequestMethod": "PUT",
      "RequestHeaders": {
        "Accept": "application/xml",
        "Authorization": "Sanitized",
        "Content-Length": "1024",
        "Content-Type": "application/octet-stream",
        "traceparent": "00-0553da72a34f156b839f46fa411ede83-c90b2d53c14b50fd-00",
        "User-Agent": "azsdk-net-Storage.Blobs/12.22.0-alpha.20240807.1 (.NET 6.0.32; Microsoft Windows 10.0.22635)",
        "x-ms-access-tier": "Cold",
        "x-ms-blob-cache-control": "no-cache",
        "x-ms-blob-content-disposition": "inline",
        "x-ms-blob-content-language": "en-US",
        "x-ms-blob-content-type": "text/plain",
        "x-ms-blob-type": "BlockBlob",
        "x-ms-client-request-id": "Sanitized",
        "x-ms-date": "Wed, 07 Aug 2024 21:38:16 GMT",
        "x-ms-meta-Capital": "letter",
        "x-ms-meta-foo": "bar",
        "x-ms-meta-meta": "data",
        "x-ms-meta-UPPER": "case",
        "x-ms-return-client-request-id": "true",
        "x-ms-version": "2024-11-04"
      },
      "RequestBody": "CCL2iqczYcwK+pkrQ8HlWlZdXke3f9UBkL5PHTfDNo4/8bvSzNgeD/XpXOcPdcmD0WYxYVHG14lM9fno40OUR8ML61EFEo19P05RzSLt8Rr1y0zQkdU8eBoxhdffNiuyVRUjBIl4fb7YsyEDdAlmXgPe8hf2w7XuznI21I22ngkin3gNye2RfE6O996zOQQRyibTAEMTvJFgNTUXQqkxIhUY4NWQWZQWTXbJZ8vXO5VuJApm457GD+PnrZS3ejqlXdXImlgugHCSvbLNSlTGifmgqB2eyj53UtHyqawAXtM7JAr1DqA9QKOZ1CXr+cSOICOaF9EdBpKWUUiHPNfDkl7ekSVJ0HpZY2h5BfYYi1kMY4iIZUYBHh13Xr1XtQPM1UHHDGefRFCpQbRppAGbfsXvetlOOywX3HMH0nG9Aq1krC+1UX7xbR443ySSmHoc2+D3ZzoqfpoUry/zl3Lf7D4HBffR5ixG/g26FlsIhUT56/aQxZpyOS6VoKJO/dWrWPLli5KCS/W0sWktb2c+DCnq+qt8TieklMzIPEaJ9wA3D71pI/qydqAB3BQxRcnGVpN4YwMqLwrLQPbGug6uKrlo9WCq1egvOIMLenETc08CAeWzEZP8Dd+yneID7LyRU7FayFBoHIGqSCuAHrWYuM2nw7gp+xklbOeB9zcGLEzGeie/uKv+muRkCMhofO8qGuQUWygEaFiYNVxo5yVJpBzeuaSN2AAiqCnTxPJRve/4V9xT8dAkwhLPJ4JPlrK/G2SricNLnEHk8rP+MaNlR3htcI9I9rJMuveRvrF90xJ2FKmOpTMrrLqbbv8cJZBuad8K4iUjdiSyX87Mud2PZx6giB3616FEQcPVrYeyL5VmI1XRcvHsU52E3EZkX/PdDAfge5xzdJI9xaBiTsmc/zA4ZZWHvfQttDR/dfpb3+LP96CA0bP586/DlKxQigXU59wVLPldVU4Ss8dn8/+X4eW+klYoHC18P3LmxClH3Ckvq40eRrPocaJRbh7rkf+vK7LHkviuq8uumeyHd5Aly9adN0hxeZsy1iC01q0Pka1yNph3gEoxgP/Bb6zHYPoRLKNHTVm3PrIWlLzY+tUdnwc+FED3rkqMbLdIrwnua3Ulo6oKyENUu/jmYOuOWYYqpNCliEu6GX5Yu+Cibo6oJylGslcrEtbE6llIEU1e/RMwHgs5SeMpa4ossgxisU1pPTjBR6Yv/5H54Z3ycgcw+b3NcU+Db95GHEfN/2DKYTkL3tMUnbZsAR95QGhFN/iC+7lOlUD95s5aeypfYv8xL39k5pQzG1wHYG8wCS51AeVOSgOne8z4DvcFuiGLDZ8fSBHo4VBkTuBcRzTQzNyf5Q==",
      "StatusCode": 201,
      "ResponseHeaders": {
        "Content-Length": "0",
        "Content-MD5": "HYFbvL3Qb9JN2dIm/o/Bwg==",
        "Date": "Wed, 07 Aug 2024 21:38:16 GMT",
        "ETag": "\"0x8DCB7293FB343C0\"",
        "Last-Modified": "Wed, 07 Aug 2024 21:38:17 GMT",
        "Server": [
          "Windows-Azure-Blob/1.0",
          "Microsoft-HTTPAPI/2.0"
        ],
        "x-ms-client-request-id": "Sanitized",
        "x-ms-content-crc64": "D5gFFhKbUlo=",
        "x-ms-request-id": "cac4a5d9-f01e-0076-6512-e9ffa9000000",
        "x-ms-request-server-encrypted": "true",
        "x-ms-version": "2024-11-04",
        "x-ms-version-id": "2024-08-07T21:38:17.0022848Z"
      },
      "ResponseBody": null
    },
    {
      "RequestUri": "https://amandadev2.blob.core.windows.net/test-container-e612e1f5-73bd-22ab-0254-63f40a5507f6/test-file-438143e0-a045-f2d9-9290-4d932c6c695f?sv=Sanitized&se=2024-08-08T21%3A38%3A16Z&sr=b&sp=racwdxyltmei&sig=Sanitized",
      "RequestMethod": "HEAD",
      "RequestHeaders": {
        "Accept": "application/xml",
        "traceparent": "00-6c27eb6e1c7bb94f482015d7dc0bd67b-280ead246d53e166-00",
        "User-Agent": "azsdk-net-Storage.Blobs/12.22.0-alpha.20240807.1 (.NET 6.0.32; Microsoft Windows 10.0.22635)",
        "x-ms-client-request-id": "Sanitized",
        "x-ms-return-client-request-id": "true",
        "x-ms-version": "2024-11-04"
      },
      "RequestBody": null,
      "StatusCode": 200,
      "ResponseHeaders": {
        "Accept-Ranges": "bytes",
        "Cache-Control": "no-cache",
        "Content-Disposition": "inline",
        "Content-Language": "en-US",
        "Content-Length": "1024",
        "Content-MD5": "HYFbvL3Qb9JN2dIm/o/Bwg==",
        "Content-Type": "text/plain",
        "Date": "Wed, 07 Aug 2024 21:38:16 GMT",
        "ETag": "\"0x8DCB7293FB343C0\"",
        "Last-Modified": "Wed, 07 Aug 2024 21:38:17 GMT",
        "Server": [
          "Windows-Azure-Blob/1.0",
          "Microsoft-HTTPAPI/2.0"
        ],
        "x-ms-access-tier": "Cold",
        "x-ms-access-tier-change-time": "Wed, 07 Aug 2024 21:38:17 GMT",
        "x-ms-blob-type": "BlockBlob",
        "x-ms-client-request-id": "Sanitized",
        "x-ms-creation-time": "Wed, 07 Aug 2024 21:38:17 GMT",
        "x-ms-is-current-version": "true",
        "x-ms-lease-state": "available",
        "x-ms-lease-status": "unlocked",
        "x-ms-meta-Capital": "letter",
        "x-ms-meta-foo": "bar",
        "x-ms-meta-meta": "data",
        "x-ms-meta-UPPER": "case",
        "x-ms-request-id": "cac4a60f-f01e-0076-1912-e9ffa9000000",
        "x-ms-server-encrypted": "true",
        "x-ms-version": "2024-11-04",
        "x-ms-version-id": "2024-08-07T21:38:17.0022848Z"
      },
      "ResponseBody": null
    },
    {
      "RequestUri": "https://amandadev2.file.core.windows.net/test-share-f97436ed-6f8b-04e2-98a1-89f07459f312/test-file-c0ba20ac-faf4-c297-98d6-c49187f2e0b4?sv=Sanitized&se=2024-08-08T21%3A38%3A16Z&sr=f&sp=rcwd&sig=Sanitized",
      "RequestMethod": "HEAD",
      "RequestHeaders": {
        "Accept": "application/xml",
        "traceparent": "00-8b6dca5c17bebd6bde4af545c6997465-73a0d9ef7adb3a50-00",
        "User-Agent": "azsdk-net-Storage.Files.Shares/12.20.0-alpha.20240807.1 (.NET 6.0.32; Microsoft Windows 10.0.22635)",
        "x-ms-client-request-id": "Sanitized",
        "x-ms-return-client-request-id": "true",
        "x-ms-version": "2024-11-04"
      },
      "RequestBody": null,
      "StatusCode": 200,
      "ResponseHeaders": {
        "Content-Length": "1024",
        "Content-Type": "application/octet-stream",
        "Date": "Wed, 07 Aug 2024 21:38:16 GMT",
        "ETag": "\"0x8DCB7293FA81AF9\"",
        "Last-Modified": "Wed, 07 Aug 2024 21:38:16 GMT",
        "Server": [
          "Windows-Azure-File/1.0",
          "Microsoft-HTTPAPI/2.0"
        ],
        "Vary": "Origin",
        "x-ms-client-request-id": "Sanitized",
        "x-ms-file-attributes": "Archive",
        "x-ms-file-change-time": "2024-08-07T21:38:16.9291513Z",
        "x-ms-file-creation-time": "2024-08-07T21:38:16.9291513Z",
        "x-ms-file-id": "13835128424026341376",
        "x-ms-file-last-write-time": "2024-08-07T21:38:16.9291513Z",
        "x-ms-file-parent-id": "0",
        "x-ms-file-permission-key": "13365936616355342650*1287379445297103284",
        "x-ms-lease-state": "available",
        "x-ms-lease-status": "unlocked",
        "x-ms-request-id": "98c11263-001a-003f-6912-e9bd42000000",
        "x-ms-server-encrypted": "true",
        "x-ms-type": "File",
        "x-ms-version": "2024-11-04"
      },
      "ResponseBody": null
    },
    {
      "RequestUri": "https://amandadev2.file.core.windows.net/test-share-f97436ed-6f8b-04e2-98a1-89f07459f312?restype=share",
      "RequestMethod": "DELETE",
      "RequestHeaders": {
        "Accept": "application/xml",
        "Authorization": "Sanitized",
        "traceparent": "00-755e17fa689224ed8b79b63192d627f6-1e1fa41f0b03c75c-00",
        "User-Agent": "azsdk-net-Storage.Files.Shares/12.20.0-alpha.20240807.1 (.NET 6.0.32; Microsoft Windows 10.0.22635)",
        "x-ms-client-request-id": "Sanitized",
        "x-ms-date": "Wed, 07 Aug 2024 21:38:16 GMT",
        "x-ms-delete-snapshots": "include",
        "x-ms-return-client-request-id": "true",
        "x-ms-version": "2024-11-04"
      },
      "RequestBody": null,
      "StatusCode": 202,
      "ResponseHeaders": {
        "Content-Length": "0",
        "Date": "Wed, 07 Aug 2024 21:38:17 GMT",
        "Server": [
          "Windows-Azure-File/1.0",
          "Microsoft-HTTPAPI/2.0"
        ],
        "x-ms-client-request-id": "Sanitized",
        "x-ms-request-id": "98c11264-001a-003f-6a12-e9bd42000000",
        "x-ms-version": "2024-11-04"
      },
      "ResponseBody": null
    },
    {
      "RequestUri": "https://amandadev2.blob.core.windows.net/test-container-e612e1f5-73bd-22ab-0254-63f40a5507f6?restype=container",
      "RequestMethod": "DELETE",
      "RequestHeaders": {
        "Accept": "application/xml",
        "Authorization": "Sanitized",
        "traceparent": "00-33f70fd9c0a225d87fb61f6f6a1db7c4-694e574af38dcdeb-00",
        "User-Agent": "azsdk-net-Storage.Blobs/12.22.0-alpha.20240807.1 (.NET 6.0.32; Microsoft Windows 10.0.22635)",
        "x-ms-client-request-id": "Sanitized",
        "x-ms-date": "Wed, 07 Aug 2024 21:38:16 GMT",
        "x-ms-return-client-request-id": "true",
        "x-ms-version": "2024-11-04"
      },
      "RequestBody": null,
      "StatusCode": 202,
      "ResponseHeaders": {
        "Content-Length": "0",
        "Date": "Wed, 07 Aug 2024 21:38:16 GMT",
        "Server": [
          "Windows-Azure-Blob/1.0",
          "Microsoft-HTTPAPI/2.0"
        ],
        "x-ms-client-request-id": "Sanitized",
        "x-ms-request-id": "cac4a6f8-f01e-0076-7712-e9ffa9000000",
        "x-ms-version": "2024-11-04"
      },
      "ResponseBody": null
    }
  ],
  "Variables": {
    "DateTimeOffsetNow": "2024-08-07T14:38:16.1219764-07:00",
    "RandomSeed": "1857306235",
    "Storage_TestConfigDefault": "ProductionTenant\namandadev2\nU2FuaXRpemVk\nhttps://amandadev2.blob.core.windows.net\nhttps://amandadev2.file.core.windows.net\nhttps://amandadev2.queue.core.windows.net\nhttps://amandadev2.table.core.windows.net\n\n\n\n\nhttps://amandadev2-secondary.blob.core.windows.net\nhttps://amandadev2-secondary.file.core.windows.net\nhttps://amandadev2-secondary.queue.core.windows.net\nhttps://amandadev2-secondary.table.core.windows.net\nCloud\nBlobEndpoint=https://amandadev2.blob.core.windows.net/;QueueEndpoint=https://amandadev2.queue.core.windows.net/;FileEndpoint=https://amandadev2.file.core.windows.net/;BlobSecondaryEndpoint=https://amandadev2-secondary.blob.core.windows.net/;QueueSecondaryEndpoint=https://amandadev2-secondary.queue.core.windows.net/;FileSecondaryEndpoint=https://amandadev2-secondary.file.core.windows.net/;AccountName=amandadev2;AccountKey=Sanitized\nencryptionScope\n\n"
  }
}
