{
  "Entries": [
    {
      "RequestUri": "https://seanmcccanada.blob.core.windows.net/test-container-c8d642e4-0baa-8608-25ed-cc02b94b22fd?restype=container",
      "RequestMethod": "PUT",
      "RequestHeaders": {
        "Accept": "application/xml",
        "Authorization": "Sanitized",
        "Content-Length": "0",
        "traceparent": "00-c42e1d1f05dee4938e8d056e987a5bf3-ee2fd6e1fcfa21b1-00",
        "User-Agent": "azsdk-net-Storage.Blobs/12.20.0-alpha.20231117.1 (.NET 6.0.25; Microsoft Windows 10.0.22635)",
        "x-ms-blob-public-access": "container",
        "x-ms-client-request-id": "27fb1a5e-b2c1-5ca5-0bb5-b5354104f9dd",
        "x-ms-date": "Fri, 17 Nov 2023 17:27:31 GMT",
        "x-ms-return-client-request-id": "true",
        "x-ms-version": "2024-02-04"
      },
      "RequestBody": null,
      "StatusCode": 201,
      "ResponseHeaders": {
        "Content-Length": "0",
        "Date": "Fri, 17 Nov 2023 17:27:33 GMT",
        "ETag": "\u00220x8DBE7927C0B671A\u0022",
        "Last-Modified": "Fri, 17 Nov 2023 17:27:33 GMT",
        "Server": [
          "Windows-Azure-Blob/1.0",
          "Microsoft-HTTPAPI/2.0"
        ],
        "x-ms-client-request-id": "27fb1a5e-b2c1-5ca5-0bb5-b5354104f9dd",
        "x-ms-request-id": "d2f7c384-b01e-0049-107b-19d369000000",
        "x-ms-version": "2024-02-04"
      },
      "ResponseBody": null
    },
    {
      "RequestUri": "https://seanmcccanada.file.core.windows.net/test-share-6038a185-9a20-a6d4-39a8-66088148f2a5?restype=share",
      "RequestMethod": "PUT",
      "RequestHeaders": {
        "Accept": "application/xml",
        "Authorization": "Sanitized",
        "Content-Length": "0",
        "traceparent": "00-9e7f1f0d042933d4a3d330078ee37545-7dee09d88a39e5ea-00",
        "User-Agent": "azsdk-net-Storage.Files.Shares/12.18.0-alpha.20231117.1 (.NET 6.0.25; Microsoft Windows 10.0.22635)",
        "x-ms-client-request-id": "f23aaba8-3a47-c4d6-4555-ed194c9ddac2",
        "x-ms-date": "Fri, 17 Nov 2023 17:27:31 GMT",
        "x-ms-return-client-request-id": "true",
        "x-ms-version": "2024-02-04"
      },
      "RequestBody": null,
      "StatusCode": 201,
      "ResponseHeaders": {
        "Content-Length": "0",
        "Date": "Fri, 17 Nov 2023 17:27:33 GMT",
        "ETag": "\u00220x8DBE7927C314650\u0022",
        "Last-Modified": "Fri, 17 Nov 2023 17:27:33 GMT",
        "Server": [
          "Windows-Azure-File/1.0",
          "Microsoft-HTTPAPI/2.0"
        ],
        "x-ms-client-request-id": "f23aaba8-3a47-c4d6-4555-ed194c9ddac2",
        "x-ms-request-id": "64300832-e01a-0044-597b-191bbd000000",
        "x-ms-version": "2024-02-04"
      },
      "ResponseBody": null
    },
    {
      "RequestUri": "https://seanmcccanada.file.core.windows.net/test-share-6038a185-9a20-a6d4-39a8-66088148f2a5/test-file-d66008bc-000e-185e-fee0-58fa0d21f321",
      "RequestMethod": "PUT",
      "RequestHeaders": {
        "Accept": "application/xml",
        "Authorization": "Sanitized",
        "Content-Length": "0",
        "traceparent": "00-bebbd208007fbebb5331224329521903-a10ed93c3dc8d9fb-00",
        "User-Agent": "azsdk-net-Storage.Files.Shares/12.18.0-alpha.20231117.1 (.NET 6.0.25; Microsoft Windows 10.0.22635)",
        "x-ms-client-request-id": "435d8736-043d-c2b4-b1c9-6d8001937d44",
        "x-ms-content-length": "1024",
        "x-ms-date": "Fri, 17 Nov 2023 17:27:32 GMT",
        "x-ms-file-attributes": "None",
        "x-ms-file-creation-time": "Now",
        "x-ms-file-last-write-time": "Now",
        "x-ms-file-permission": "Inherit",
        "x-ms-return-client-request-id": "true",
        "x-ms-type": "file",
        "x-ms-version": "2024-02-04"
      },
      "RequestBody": null,
      "StatusCode": 201,
      "ResponseHeaders": {
        "Content-Length": "0",
        "Date": "Fri, 17 Nov 2023 17:27:33 GMT",
        "ETag": "\u00220x8DBE7927C66082C\u0022",
        "Last-Modified": "Fri, 17 Nov 2023 17:27:34 GMT",
        "Server": [
          "Windows-Azure-File/1.0",
          "Microsoft-HTTPAPI/2.0"
        ],
        "x-ms-client-request-id": "435d8736-043d-c2b4-b1c9-6d8001937d44",
        "x-ms-file-attributes": "Archive",
        "x-ms-file-change-time": "2023-11-17T17:27:34.1360172Z",
        "x-ms-file-creation-time": "2023-11-17T17:27:34.1360172Z",
        "x-ms-file-id": "13835128424026341376",
        "x-ms-file-last-write-time": "2023-11-17T17:27:34.1360172Z",
        "x-ms-file-parent-id": "0",
        "x-ms-file-permission-key": "5144323600546320195*17277118026500876237",
        "x-ms-request-id": "64300834-e01a-0044-5a7b-191bbd000000",
        "x-ms-request-server-encrypted": "true",
        "x-ms-version": "2024-02-04"
      },
      "ResponseBody": null
    },
    {
      "RequestUri": "https://seanmcccanada.blob.core.windows.net/test-container-c8d642e4-0baa-8608-25ed-cc02b94b22fd/test-file-6ce20fc2-5a60-8a8d-66f8-a119bce61e66",
      "RequestMethod": "PUT",
      "RequestHeaders": {
        "Accept": "application/xml",
        "Authorization": "Sanitized",
        "Content-Length": "1024",
        "Content-Type": "application/octet-stream",
        "traceparent": "00-f8723e07a1c2aef46e7c26a138270bce-2f41df9b25aaf3e7-00",
        "User-Agent": "azsdk-net-Storage.Blobs/12.20.0-alpha.20231117.1 (.NET 6.0.25; Microsoft Windows 10.0.22635)",
        "x-ms-blob-type": "BlockBlob",
        "x-ms-client-request-id": "dc63a8ec-fc9b-1dea-d9ca-30c3d8978331",
        "x-ms-date": "Fri, 17 Nov 2023 17:27:32 GMT",
        "x-ms-return-client-request-id": "true",
        "x-ms-version": "2024-02-04"
      },
      "RequestBody": "hB2I6RjXdtTZpJJijSHV8GHOGUs94F98LVJhLALcYb8ZV2hZIaTCKQ7sxF5n53RJvpyBqiamd6O9C7zFdknS/EPSSDW4fM68C\u002B89UBwBFEXeF21lWreYcuDFmxXo/LPEGccblJ4/kELNxZ43aSaGvPd2517bbKKMOdZV8\u002BC40w48eDZV5X\u002Bnn4crmJUYYQm6Pt8echVU6a0lj1rI6pxhFPGQ\u002B/DvMdZ3z0jXr9QNc9jNmrUBmmH554\u002BJMFYk3rXqyYOjiGYYygwIp6PMfTnYGBuC\u002B0/nYHqQlxNgZQGAUvCT7OZQaetxtM\u002Bp\u002BPK9LGpWsBg7oeNlA2kIEvFTt2QKiFWyOZBTh64vEUZ/PWiH0mqoCrXpRLANLel9SFb6Hv1qnm\u002BdC/LaAyhpC5Cc5sUAgD\u002BGqqyvIUSkpQum1j9XNfNJFJ/46sd3zgeMfzgfcUcjfMcWc3NQu3wr\u002BGXmMyzoEdadUtImB5Z4DtulIqELhDPEgll4QMF/\u002BVgizfFhkJrapG1hgh50/XQwnmWXq5jbIHMyIrDSb9EVHVl5AzqkFn1Byn4zqQIUUIXlSKJc503AR619L27qCDScTGTF\u002B/k5i4jnVuEap3ZxHdEr7ScuuTYLuLyNJuYOVsJKll2eT1SLrLwZdJFspqA2DBKcvhoMbpIuukI9q2Si2P8fzxAY0s59oEFrFUSknxIcVhrUcpinPSjKcJURTgBXd5yRTdaPHjpDHx7ZoVhNiRowIFRKzWZnd5LnTWI5bFFAE52oE1E8jDjgkFJ6zZvPfed64C2rDak2KtVDqNDXCrLMmI27pXXI9JQbaj0T7ar2F9B7v4sklQbzcul8\u002BORoCIWgrTQNFNhxseyZj6JsIj0rTZD/XEsnpwOHxzKMTPuvs2K3cz916AP4CQ2eiwVkh0\u002BrUatUaKs6eAUxhkyl5GXw6dxAtK/9tWSMB1I9iBz9I0Dj4PpQWkq2fPo5Q2K2UySorqEpI9KgrptHx2FY/fDpM2MMwQRqoI6Sije0w3IC1bQulNp61P9tQzJeCZPoXX8KUA/\u002BqpEgPg4Tlpmb6\u002BopRPGtKmkWbl9kn37RC5b7qSy4qnNiAysiDVbMZz1l0lhINcShOjIV9OGwmgsTTjJ3F\u002B1s4kB3x0HGix0SSQch/s0midbSWm76oraRsWkgD74jVFBQ\u002BO8X0G6D2q8UA6rajpw97cVcpbx\u002Bcj\u002BJ5hXYpXte7vW30QXdDrhnT3\u002B\u002B5Z8MtiLM4iL5x6\u002BT0YawjupYqjQ0tRS1I72WYN8M9FY9v42ffS/yC8NZZSdFJP9/LH/ODqRKii\u002BLV5JlNoJD7dJZVRH4ERC7Zp9x2lDsb/\u002B9FzNfPuax8jRdFCadjNVBFndU687thg==",
      "StatusCode": 201,
      "ResponseHeaders": {
        "Content-Length": "0",
        "Content-MD5": "AhKGmWAA3kPsfqZgDzlhqQ==",
        "Date": "Fri, 17 Nov 2023 17:27:34 GMT",
        "ETag": "\u00220x8DBE7927C9963A9\u0022",
        "Last-Modified": "Fri, 17 Nov 2023 17:27:34 GMT",
        "Server": [
          "Windows-Azure-Blob/1.0",
          "Microsoft-HTTPAPI/2.0"
        ],
        "x-ms-client-request-id": "dc63a8ec-fc9b-1dea-d9ca-30c3d8978331",
        "x-ms-content-crc64": "EkBh5O3r8DA=",
        "x-ms-request-id": "d2f7cb2e-b01e-0049-537b-19d369000000",
        "x-ms-request-server-encrypted": "true",
        "x-ms-version": "2024-02-04",
        "x-ms-version-id": "2023-11-17T17:27:34.4735923Z"
      },
      "ResponseBody": null
    },
    {
      "RequestUri": "https://seanmcccanada.blob.core.windows.net/test-container-c8d642e4-0baa-8608-25ed-cc02b94b22fd/test-file-6ce20fc2-5a60-8a8d-66f8-a119bce61e66?sv=2024-02-04\u0026se=2023-11-18T17%3A27%3A32Z\u0026sr=b\u0026sp=racwdxyltmei\u0026sig=Sanitized",
      "RequestMethod": "HEAD",
      "RequestHeaders": {
        "Accept": "application/xml",
        "traceparent": "00-c426f74439bab3b61c335557d058f0fe-398cdc1cc0131fd5-00",
        "User-Agent": "azsdk-net-Storage.Blobs/12.20.0-alpha.20231117.1 (.NET 6.0.25; Microsoft Windows 10.0.22635)",
        "x-ms-client-request-id": "4368c832-106a-1eeb-84f4-ce3ba8ec0606",
        "x-ms-return-client-request-id": "true",
        "x-ms-version": "2024-02-04"
      },
      "RequestBody": null,
      "StatusCode": 200,
      "ResponseHeaders": {
        "Accept-Ranges": "bytes",
        "Access-Control-Allow-Origin": "*",
        "Access-Control-Expose-Headers": "x-ms-client-request-id",
        "Content-Length": "1024",
        "Content-MD5": "AhKGmWAA3kPsfqZgDzlhqQ==",
        "Content-Type": "application/octet-stream",
        "Date": "Fri, 17 Nov 2023 17:27:34 GMT",
        "ETag": "\u00220x8DBE7927C9963A9\u0022",
        "Last-Modified": "Fri, 17 Nov 2023 17:27:34 GMT",
        "Server": [
          "Windows-Azure-Blob/1.0",
          "Microsoft-HTTPAPI/2.0"
        ],
        "x-ms-access-tier": "Hot",
        "x-ms-access-tier-inferred": "true",
        "x-ms-blob-type": "BlockBlob",
        "x-ms-client-request-id": "4368c832-106a-1eeb-84f4-ce3ba8ec0606",
        "x-ms-creation-time": "Fri, 17 Nov 2023 17:27:34 GMT",
        "x-ms-is-current-version": "true",
        "x-ms-last-access-time": "Fri, 17 Nov 2023 17:27:34 GMT",
        "x-ms-lease-state": "available",
        "x-ms-lease-status": "unlocked",
        "x-ms-request-id": "d2f7cdf2-b01e-0049-787b-19d369000000",
        "x-ms-server-encrypted": "true",
        "x-ms-version": "2024-02-04",
        "x-ms-version-id": "2023-11-17T17:27:34.4735923Z"
      },
      "ResponseBody": null
    },
    {
      "RequestUri": "https://seanmcccanada.file.core.windows.net/test-share-6038a185-9a20-a6d4-39a8-66088148f2a5/test-file-d66008bc-000e-185e-fee0-58fa0d21f321?sv=2024-02-04\u0026se=2023-11-18T17%3A27%3A32Z\u0026sr=f\u0026sp=rcwd\u0026sig=Sanitized",
      "RequestMethod": "HEAD",
      "RequestHeaders": {
        "Accept": "application/xml",
        "traceparent": "00-a9ff3ececdeff8c69c7b08008d1ed2fe-50f30455a298c947-00",
        "User-Agent": "azsdk-net-Storage.Files.Shares/12.18.0-alpha.20231117.1 (.NET 6.0.25; Microsoft Windows 10.0.22635)",
        "x-ms-client-request-id": "10913d13-402f-bfc6-a5f9-6b366f716f98",
        "x-ms-return-client-request-id": "true",
        "x-ms-version": "2024-02-04"
      },
      "RequestBody": null,
      "StatusCode": 200,
      "ResponseHeaders": {
        "Content-Length": "1024",
        "Content-Type": "application/octet-stream",
        "Date": "Fri, 17 Nov 2023 17:27:34 GMT",
        "ETag": "\u00220x8DBE7927C66082C\u0022",
        "Last-Modified": "Fri, 17 Nov 2023 17:27:34 GMT",
        "Server": [
          "Windows-Azure-File/1.0",
          "Microsoft-HTTPAPI/2.0"
        ],
        "x-ms-client-request-id": "10913d13-402f-bfc6-a5f9-6b366f716f98",
        "x-ms-file-attributes": "Archive",
        "x-ms-file-change-time": "2023-11-17T17:27:34.1360172Z",
        "x-ms-file-creation-time": "2023-11-17T17:27:34.1360172Z",
        "x-ms-file-id": "13835128424026341376",
        "x-ms-file-last-write-time": "2023-11-17T17:27:34.1360172Z",
        "x-ms-file-parent-id": "0",
        "x-ms-file-permission-key": "5144323600546320195*17277118026500876237",
        "x-ms-lease-state": "available",
        "x-ms-lease-status": "unlocked",
        "x-ms-request-id": "6430083a-e01a-0044-607b-191bbd000000",
        "x-ms-server-encrypted": "true",
        "x-ms-type": "File",
        "x-ms-version": "2024-02-04"
      },
      "ResponseBody": null
    },
    {
      "RequestUri": "https://seanmcccanada.file.core.windows.net/test-share-6038a185-9a20-a6d4-39a8-66088148f2a5?restype=share",
      "RequestMethod": "DELETE",
      "RequestHeaders": {
        "Accept": "application/xml",
        "Authorization": "Sanitized",
        "traceparent": "00-5fc04f945ec30766ac74ffc1e3b7e726-708ebe73aa6f9481-00",
        "User-Agent": "azsdk-net-Storage.Files.Shares/12.18.0-alpha.20231117.1 (.NET 6.0.25; Microsoft Windows 10.0.22635)",
        "x-ms-client-request-id": "6b27d9e1-f65a-23d7-9a18-e73d884e3f8a",
        "x-ms-date": "Fri, 17 Nov 2023 17:27:33 GMT",
        "x-ms-delete-snapshots": "include",
        "x-ms-return-client-request-id": "true",
        "x-ms-version": "2024-02-04"
      },
      "RequestBody": null,
      "StatusCode": 202,
      "ResponseHeaders": {
        "Content-Length": "0",
        "Date": "Fri, 17 Nov 2023 17:27:34 GMT",
        "Server": [
          "Windows-Azure-File/1.0",
          "Microsoft-HTTPAPI/2.0"
        ],
        "x-ms-client-request-id": "6b27d9e1-f65a-23d7-9a18-e73d884e3f8a",
        "x-ms-request-id": "6430083d-e01a-0044-617b-191bbd000000",
        "x-ms-version": "2024-02-04"
      },
      "ResponseBody": null
    },
    {
      "RequestUri": "https://seanmcccanada.blob.core.windows.net/test-container-c8d642e4-0baa-8608-25ed-cc02b94b22fd?restype=container",
      "RequestMethod": "DELETE",
      "RequestHeaders": {
        "Accept": "application/xml",
        "Authorization": "Sanitized",
        "traceparent": "00-b13ebd79bedaf65ca0f0ab5bd7a75dd3-48a0caf0049dfff5-00",
        "User-Agent": "azsdk-net-Storage.Blobs/12.20.0-alpha.20231117.1 (.NET 6.0.25; Microsoft Windows 10.0.22635)",
        "x-ms-client-request-id": "95549261-0449-823d-98b8-0ef4407fb5f6",
        "x-ms-date": "Fri, 17 Nov 2023 17:27:33 GMT",
        "x-ms-return-client-request-id": "true",
        "x-ms-version": "2024-02-04"
      },
      "RequestBody": null,
      "StatusCode": 202,
      "ResponseHeaders": {
        "Content-Length": "0",
        "Date": "Fri, 17 Nov 2023 17:27:35 GMT",
        "Server": [
          "Windows-Azure-Blob/1.0",
          "Microsoft-HTTPAPI/2.0"
        ],
        "x-ms-client-request-id": "95549261-0449-823d-98b8-0ef4407fb5f6",
        "x-ms-request-id": "d2f7d732-b01e-0049-427b-19d369000000",
        "x-ms-version": "2024-02-04"
      },
      "ResponseBody": null
    }
  ],
  "Variables": {
    "DateTimeOffsetNow": "2023-11-17T09:27:32.7766948-08:00",
    "RandomSeed": "678109238",
    "Storage_TestConfigDefault": "ProductionTenant\nseanmcccanada\nU2FuaXRpemVk\nhttps://seanmcccanada.blob.core.windows.net\nhttps://seanmcccanada.file.core.windows.net\nhttps://seanmcccanada.queue.core.windows.net\nhttps://seanmcccanada.table.core.windows.net\n\n\n\n\nhttps://seanmcccanada-secondary.blob.core.windows.net\nhttps://seanmcccanada-secondary.file.core.windows.net\nhttps://seanmcccanada-secondary.queue.core.windows.net\nhttps://seanmcccanada-secondary.table.core.windows.net\n\nSanitized\n\n\nCloud\nBlobEndpoint=https://seanmcccanada.blob.core.windows.net/;QueueEndpoint=https://seanmcccanada.queue.core.windows.net/;FileEndpoint=https://seanmcccanada.file.core.windows.net/;BlobSecondaryEndpoint=https://seanmcccanada-secondary.blob.core.windows.net/;QueueSecondaryEndpoint=https://seanmcccanada-secondary.queue.core.windows.net/;FileSecondaryEndpoint=https://seanmcccanada-secondary.file.core.windows.net/;AccountName=seanmcccanada;AccountKey=Sanitized\nencryptionScope1\n\n"
  }
}
