{
  "Entries": [
    {
      "RequestUri": "https://seanmcccanada.blob.core.windows.net/test-container-c8642447-3d9c-de92-e1b0-3a74c275ffed?restype=container",
      "RequestMethod": "PUT",
      "RequestHeaders": {
        "Accept": "application/xml",
        "Authorization": "Sanitized",
        "Content-Length": "0",
        "traceparent": "00-938aac24d7431884ea77470b4ce2e708-25624172edaad592-00",
        "User-Agent": "azsdk-net-Storage.Blobs/12.19.0-alpha.20231114.1 (.NET 6.0.25; Microsoft Windows 10.0.22635)",
        "x-ms-blob-public-access": "container",
        "x-ms-client-request-id": "af2c7c96-81ad-3d33-a148-75f77401482a",
        "x-ms-date": "Wed, 15 Nov 2023 19:00:27 GMT",
        "x-ms-return-client-request-id": "true",
        "x-ms-version": "2023-11-03"
      },
      "RequestBody": null,
      "StatusCode": 201,
      "ResponseHeaders": {
        "Content-Length": "0",
        "Date": "Wed, 15 Nov 2023 19:00:26 GMT",
        "ETag": "\u00220x8DBE60D21A538DF\u0022",
        "Last-Modified": "Wed, 15 Nov 2023 19:00:27 GMT",
        "Server": [
          "Windows-Azure-Blob/1.0",
          "Microsoft-HTTPAPI/2.0"
        ],
        "x-ms-client-request-id": "af2c7c96-81ad-3d33-a148-75f77401482a",
        "x-ms-request-id": "d2d05b05-901e-002c-11f5-177d2d000000",
        "x-ms-version": "2023-11-03"
      },
      "ResponseBody": null
    },
    {
      "RequestUri": "https://seanmcccanada.file.core.windows.net/test-share-5001d7e9-f0d5-689c-dd2f-3a7f365301b2?restype=share",
      "RequestMethod": "PUT",
      "RequestHeaders": {
        "Accept": "application/xml",
        "Authorization": "Sanitized",
        "Content-Length": "0",
        "traceparent": "00-c28f8fe234f2b4e811d01a251675cb55-131b19fa0cd6a9cc-00",
        "User-Agent": "azsdk-net-Storage.Files.Shares/12.17.0-alpha.20231114.1 (.NET 6.0.25; Microsoft Windows 10.0.22635)",
        "x-ms-client-request-id": "0454dbd3-c12d-a65c-dfc3-d27d46b3064e",
        "x-ms-date": "Wed, 15 Nov 2023 19:00:27 GMT",
        "x-ms-return-client-request-id": "true",
        "x-ms-version": "2023-11-03"
      },
      "RequestBody": null,
      "StatusCode": 201,
      "ResponseHeaders": {
        "Content-Length": "0",
        "Date": "Wed, 15 Nov 2023 19:00:26 GMT",
        "ETag": "\u00220x8DBE60D21B7CA6C\u0022",
        "Last-Modified": "Wed, 15 Nov 2023 19:00:27 GMT",
        "Server": [
          "Windows-Azure-File/1.0",
          "Microsoft-HTTPAPI/2.0"
        ],
        "x-ms-client-request-id": "0454dbd3-c12d-a65c-dfc3-d27d46b3064e",
        "x-ms-request-id": "40181ad3-f01a-0058-0df5-1749dd000000",
        "x-ms-version": "2023-11-03"
      },
      "ResponseBody": null
    },
    {
      "RequestUri": "https://seanmcccanada.file.core.windows.net/test-share-5001d7e9-f0d5-689c-dd2f-3a7f365301b2/test-file-5aacae6f-fdfe-dc85-ac36-65857ec2c992",
      "RequestMethod": "PUT",
      "RequestHeaders": {
        "Accept": "application/xml",
        "Authorization": "Sanitized",
        "Content-Length": "0",
        "traceparent": "00-f064a4db2b2026cb48c3464560bb9851-fd975e225b16024d-00",
        "User-Agent": "azsdk-net-Storage.Files.Shares/12.17.0-alpha.20231114.1 (.NET 6.0.25; Microsoft Windows 10.0.22635)",
        "x-ms-client-request-id": "970e44c5-ab06-494f-3d7d-beed9c5b1ad5",
        "x-ms-content-length": "1024",
        "x-ms-date": "Wed, 15 Nov 2023 19:00:27 GMT",
        "x-ms-file-attributes": "None",
        "x-ms-file-creation-time": "Now",
        "x-ms-file-last-write-time": "Now",
        "x-ms-file-permission": "Inherit",
        "x-ms-return-client-request-id": "true",
        "x-ms-type": "file",
        "x-ms-version": "2023-11-03"
      },
      "RequestBody": null,
      "StatusCode": 201,
      "ResponseHeaders": {
        "Content-Length": "0",
        "Date": "Wed, 15 Nov 2023 19:00:26 GMT",
        "ETag": "\u00220x8DBE60D21CE06B2\u0022",
        "Last-Modified": "Wed, 15 Nov 2023 19:00:27 GMT",
        "Server": [
          "Windows-Azure-File/1.0",
          "Microsoft-HTTPAPI/2.0"
        ],
        "x-ms-client-request-id": "970e44c5-ab06-494f-3d7d-beed9c5b1ad5",
        "x-ms-file-attributes": "Archive",
        "x-ms-file-change-time": "2023-11-15T19:00:27.9170738Z",
        "x-ms-file-creation-time": "2023-11-15T19:00:27.9170738Z",
        "x-ms-file-id": "13835128424026341376",
        "x-ms-file-last-write-time": "2023-11-15T19:00:27.9170738Z",
        "x-ms-file-parent-id": "0",
        "x-ms-file-permission-key": "5144323600546320195*17277118026500876237",
        "x-ms-request-id": "40181ad5-f01a-0058-0ef5-1749dd000000",
        "x-ms-request-server-encrypted": "true",
        "x-ms-version": "2023-11-03"
      },
      "ResponseBody": null
    },
    {
      "RequestUri": "https://seanmcccanada.blob.core.windows.net/test-container-c8642447-3d9c-de92-e1b0-3a74c275ffed/test-file-6b59c247-0223-99e1-97f1-0a9c77b6fe8d",
      "RequestMethod": "PUT",
      "RequestHeaders": {
        "Accept": "application/xml",
        "Authorization": "Sanitized",
        "Content-Length": "1024",
        "Content-Type": "application/octet-stream",
        "traceparent": "00-37139c0b009c887fff99b4f9b197f791-43415712a79d0ff1-00",
        "User-Agent": "azsdk-net-Storage.Blobs/12.19.0-alpha.20231114.1 (.NET 6.0.25; Microsoft Windows 10.0.22635)",
        "x-ms-blob-type": "BlockBlob",
        "x-ms-client-request-id": "6bd79db3-32c5-4430-f7ba-3ce6dc37d8d3",
        "x-ms-date": "Wed, 15 Nov 2023 19:00:27 GMT",
        "x-ms-return-client-request-id": "true",
        "x-ms-version": "2023-11-03"
      },
      "RequestBody": "XzfPTwLnVAWwWvurBes/wUauJ4gRrYflbLSGmPOqpNTgeUhq\u002BWQ0j3laiAWpr\u002B/ZGXJlOltk8rKv6eNOYLwRBbYnyoui1MjhepcOtySCO7zErX6BRWp5e4aWug\u002BB5S\u002B9SIJOguRjNkWpg7/EVTuNLa0nibM9j8BMrU4FCxm4YJRnUW6hM7nXYXY52MGqtCZLCY1hWlx7f7nBAtSWXisr8CMqXATM6/r0Tyc9BLf/ofkougKMVwY47NG14DDkQQNKDeeegFchfh2TbQo0PnoBwmHbbaMonpkc8nAyFwvJDw0k8vfQYSGhBjvl\u002Ben7A61Wsx3PCdNfIm5NgY3n72YRyV38EEuDMWE/OmZoQ6WvIe7C22Pt\u002BQY5xdCIgt\u002BTuRfV0y\u002BM/vNh04K8j85t997JnmCfJBMCI9BXw0p7\u002B6\u002BBrIBOknB1IyL6YAjhMWo3zM3xvuN/85QE0q9fNTuo5tfTO\u002BJOHmRuVHs9pcQKIfJlH/Z9ij3LAbnrSsDAFe7mUXowDvWH6a5pg2loQU7Q\u002BbG8\u002BRVFK1yaBzkpYtOkrT\u002BNVlRK2hL83jZIEwbTYr9rG1EOBBvYoSUelga8XYbaxdYq2\u002Bv6hh\u002BewBvf/RdVxqV5vkeClagjtLUuK0MMQIGwbU4wqYbUcZQxb0QA\u002BaQNyM9gQp8\u002BVy8tBic2y1rbkn\u002BaLo/JJR0fpU2yUCVkI7sQIGN0q/7hcRUeAqJfnqU6Vt3EZcoVRKOxQZxRiwYKyONrJar3ZueBuL15qiJ7vwenePpIoL3x\u002B9y/wmlhkOUOFDq/83j6Qu/2Q60Nm5qBNoKVqRMMwigleirON6R9ICjXa5bnu8yOrTUKUl0Q42BCPozny\u002BbSAlISmnhOLApLeCKFNTAEmXq1B/zeAXDKFJbKjPkXlVRBBWhD1SFTQIEqv9k6iq4wPqQSMcTq9ADiR4Xhg58RM\u002BLNQzDHwMNYYsZ7s0KWkIromk5UBWSQVxFoYY6ccbzhGYv2bEZ9aH3huc/9bkC\u002BS7f7\u002BelRvC5\u002BPOwfXl41u/AJmZq2oCNDazHQc0uUkujQqhXXoXjTkFxddzBaXQoeq/7e9NWlB6uTt424gEji6akETrNJXRp4Ngk9WCjz6A0mscdNtp4TKqJqQ\u002BnqGw8Te42GVg9W1U3jZr3LaK\u002BCoM\u002BAkc\u002BBlTML8CQR3howjRr6Kt2abZL\u002B0Nt5aVDgR8Lz6KMaaYo/kuZaemXqRfczs9ij0T3R5zM9gsDzByviKqlhHfZ3FSSQupf3P/IsE4vkRrV4PXaEIgBw3efJTIq6d1C8iScBvJ2zEhem2qdAEG81DsF1auwz3Pv1Bjg9xm0NPMehb4lj44kYxCpe3kdYL8x3lD3IRQ1kiawsC7Vldg==",
      "StatusCode": 201,
      "ResponseHeaders": {
        "Content-Length": "0",
        "Content-MD5": "J5ZHivbQLkJHKNyXpokIVA==",
        "Date": "Wed, 15 Nov 2023 19:00:27 GMT",
        "ETag": "\u00220x8DBE60D21E1ADF0\u0022",
        "Last-Modified": "Wed, 15 Nov 2023 19:00:28 GMT",
        "Server": [
          "Windows-Azure-Blob/1.0",
          "Microsoft-HTTPAPI/2.0"
        ],
        "x-ms-client-request-id": "6bd79db3-32c5-4430-f7ba-3ce6dc37d8d3",
        "x-ms-content-crc64": "16dDcBLcHPU=",
        "x-ms-request-id": "d2d05c5c-901e-002c-49f5-177d2d000000",
        "x-ms-request-server-encrypted": "true",
        "x-ms-version": "2023-11-03",
        "x-ms-version-id": "2023-11-15T19:00:28.0458736Z"
      },
      "ResponseBody": null
    },
    {
      "RequestUri": "https://seanmcccanada.blob.core.windows.net/test-container-c8642447-3d9c-de92-e1b0-3a74c275ffed/test-file-6b59c247-0223-99e1-97f1-0a9c77b6fe8d?sv=2023-11-03\u0026se=2023-11-16T19%3A00%3A27Z\u0026sr=b\u0026sp=racwdxyltmei\u0026sig=Sanitized",
      "RequestMethod": "HEAD",
      "RequestHeaders": {
        "Accept": "application/xml",
        "traceparent": "00-f0df4bb009fd2756fe77c2f7f28b171c-42a55e5aedf159c8-00",
        "User-Agent": "azsdk-net-Storage.Blobs/12.19.0-alpha.20231114.1 (.NET 6.0.25; Microsoft Windows 10.0.22635)",
        "x-ms-client-request-id": "6d78aeb4-f9dd-19b1-7954-a62562ba089a",
        "x-ms-return-client-request-id": "true",
        "x-ms-version": "2023-11-03"
      },
      "RequestBody": null,
      "StatusCode": 200,
      "ResponseHeaders": {
        "Accept-Ranges": "bytes",
        "Access-Control-Allow-Origin": "*",
        "Access-Control-Expose-Headers": "x-ms-client-request-id",
        "Content-Length": "1024",
        "Content-MD5": "J5ZHivbQLkJHKNyXpokIVA==",
        "Content-Type": "application/octet-stream",
        "Date": "Wed, 15 Nov 2023 19:00:27 GMT",
        "ETag": "\u00220x8DBE60D21E1ADF0\u0022",
        "Last-Modified": "Wed, 15 Nov 2023 19:00:28 GMT",
        "Server": [
          "Windows-Azure-Blob/1.0",
          "Microsoft-HTTPAPI/2.0"
        ],
        "x-ms-access-tier": "Hot",
        "x-ms-access-tier-inferred": "true",
        "x-ms-blob-type": "BlockBlob",
        "x-ms-client-request-id": "6d78aeb4-f9dd-19b1-7954-a62562ba089a",
        "x-ms-creation-time": "Wed, 15 Nov 2023 19:00:28 GMT",
        "x-ms-is-current-version": "true",
        "x-ms-last-access-time": "Wed, 15 Nov 2023 19:00:28 GMT",
        "x-ms-lease-state": "available",
        "x-ms-lease-status": "unlocked",
        "x-ms-request-id": "d2d05d10-901e-002c-70f5-177d2d000000",
        "x-ms-server-encrypted": "true",
        "x-ms-version": "2023-11-03",
        "x-ms-version-id": "2023-11-15T19:00:28.0458736Z"
      },
      "ResponseBody": null
    },
    {
      "RequestUri": "https://seanmcccanada.file.core.windows.net/test-share-5001d7e9-f0d5-689c-dd2f-3a7f365301b2/test-file-5aacae6f-fdfe-dc85-ac36-65857ec2c992?sv=2023-11-03\u0026se=2023-11-16T19%3A00%3A27Z\u0026sr=f\u0026sp=rcwd\u0026sig=Sanitized",
      "RequestMethod": "HEAD",
      "RequestHeaders": {
        "Accept": "application/xml",
        "traceparent": "00-669dad4d9b8a428ad0035ffd826061e7-bf6097714c6acfeb-00",
        "User-Agent": "azsdk-net-Storage.Files.Shares/12.17.0-alpha.20231114.1 (.NET 6.0.25; Microsoft Windows 10.0.22635)",
        "x-ms-client-request-id": "2d319952-6abe-b9f5-9cc5-3bf103522c72",
        "x-ms-return-client-request-id": "true",
        "x-ms-version": "2023-11-03"
      },
      "RequestBody": null,
      "StatusCode": 200,
      "ResponseHeaders": {
        "Content-Length": "1024",
        "Content-Type": "application/octet-stream",
        "Date": "Wed, 15 Nov 2023 19:00:27 GMT",
        "ETag": "\u00220x8DBE60D21CE06B2\u0022",
        "Last-Modified": "Wed, 15 Nov 2023 19:00:27 GMT",
        "Server": [
          "Windows-Azure-File/1.0",
          "Microsoft-HTTPAPI/2.0"
        ],
        "x-ms-client-request-id": "2d319952-6abe-b9f5-9cc5-3bf103522c72",
        "x-ms-file-attributes": "Archive",
        "x-ms-file-change-time": "2023-11-15T19:00:27.9170738Z",
        "x-ms-file-creation-time": "2023-11-15T19:00:27.9170738Z",
        "x-ms-file-id": "13835128424026341376",
        "x-ms-file-last-write-time": "2023-11-15T19:00:27.9170738Z",
        "x-ms-file-parent-id": "0",
        "x-ms-file-permission-key": "5144323600546320195*17277118026500876237",
        "x-ms-lease-state": "available",
        "x-ms-lease-status": "unlocked",
        "x-ms-request-id": "40181ad6-f01a-0058-0ff5-1749dd000000",
        "x-ms-server-encrypted": "true",
        "x-ms-type": "File",
        "x-ms-version": "2023-11-03"
      },
      "ResponseBody": null
    },
    {
      "RequestUri": "https://seanmcccanada.file.core.windows.net/test-share-5001d7e9-f0d5-689c-dd2f-3a7f365301b2?restype=share",
      "RequestMethod": "DELETE",
      "RequestHeaders": {
        "Accept": "application/xml",
        "Authorization": "Sanitized",
        "traceparent": "00-0ae507ddd82b8dc2426cbf7e4a776a2b-24b27a9b45116ef7-00",
        "User-Agent": "azsdk-net-Storage.Files.Shares/12.17.0-alpha.20231114.1 (.NET 6.0.25; Microsoft Windows 10.0.22635)",
        "x-ms-client-request-id": "c9d296a0-da88-e8dc-6ef0-bb1de3c605d2",
        "x-ms-date": "Wed, 15 Nov 2023 19:00:27 GMT",
        "x-ms-delete-snapshots": "include",
        "x-ms-return-client-request-id": "true",
        "x-ms-version": "2023-11-03"
      },
      "RequestBody": null,
      "StatusCode": 202,
      "ResponseHeaders": {
        "Content-Length": "0",
        "Date": "Wed, 15 Nov 2023 19:00:27 GMT",
        "Server": [
          "Windows-Azure-File/1.0",
          "Microsoft-HTTPAPI/2.0"
        ],
        "x-ms-client-request-id": "c9d296a0-da88-e8dc-6ef0-bb1de3c605d2",
        "x-ms-request-id": "40181ad7-f01a-0058-10f5-1749dd000000",
        "x-ms-version": "2023-11-03"
      },
      "ResponseBody": null
    },
    {
      "RequestUri": "https://seanmcccanada.blob.core.windows.net/test-container-c8642447-3d9c-de92-e1b0-3a74c275ffed?restype=container",
      "RequestMethod": "DELETE",
      "RequestHeaders": {
        "Accept": "application/xml",
        "Authorization": "Sanitized",
        "traceparent": "00-0a54d3dc75b3d91d9c17d053a3c30e46-6200a753d247e429-00",
        "User-Agent": "azsdk-net-Storage.Blobs/12.19.0-alpha.20231114.1 (.NET 6.0.25; Microsoft Windows 10.0.22635)",
        "x-ms-client-request-id": "6d51e01c-6380-aee9-4ad6-bd4c53a3b230",
        "x-ms-date": "Wed, 15 Nov 2023 19:00:28 GMT",
        "x-ms-return-client-request-id": "true",
        "x-ms-version": "2023-11-03"
      },
      "RequestBody": null,
      "StatusCode": 202,
      "ResponseHeaders": {
        "Content-Length": "0",
        "Date": "Wed, 15 Nov 2023 19:00:28 GMT",
        "Server": [
          "Windows-Azure-Blob/1.0",
          "Microsoft-HTTPAPI/2.0"
        ],
        "x-ms-client-request-id": "6d51e01c-6380-aee9-4ad6-bd4c53a3b230",
        "x-ms-request-id": "d2d05eeb-901e-002c-13f5-177d2d000000",
        "x-ms-version": "2023-11-03"
      },
      "ResponseBody": null
    }
  ],
  "Variables": {
    "DateTimeOffsetNow": "2023-11-15T11:00:27.4462855-08:00",
    "RandomSeed": "2124907565",
    "Storage_TestConfigDefault": "ProductionTenant\nseanmcccanada\nU2FuaXRpemVk\nhttps://seanmcccanada.blob.core.windows.net\nhttps://seanmcccanada.file.core.windows.net\nhttps://seanmcccanada.queue.core.windows.net\nhttps://seanmcccanada.table.core.windows.net\n\n\n\n\nhttps://seanmcccanada-secondary.blob.core.windows.net\nhttps://seanmcccanada-secondary.file.core.windows.net\nhttps://seanmcccanada-secondary.queue.core.windows.net\nhttps://seanmcccanada-secondary.table.core.windows.net\n\nSanitized\n\n\nCloud\nBlobEndpoint=https://seanmcccanada.blob.core.windows.net/;QueueEndpoint=https://seanmcccanada.queue.core.windows.net/;FileEndpoint=https://seanmcccanada.file.core.windows.net/;BlobSecondaryEndpoint=https://seanmcccanada-secondary.blob.core.windows.net/;QueueSecondaryEndpoint=https://seanmcccanada-secondary.queue.core.windows.net/;FileSecondaryEndpoint=https://seanmcccanada-secondary.file.core.windows.net/;AccountName=seanmcccanada;AccountKey=Sanitized\nencryptionScope1\n\n"
  }
}
