{
  "Entries": [
    {
      "RequestUri": "https://fakestorageaccount.file.core.windows.net/1share-with-dash169538225442707292?restype=share",
      "RequestMethod": "PUT",
      "RequestHeaders": {
        "Accept": "application/xml",
        "Authorization": "Sanitized",
        "Connection": "keep-alive",
        "Content-Length": "0",
        "User-Agent": "azsdk-js-azure-storage-blob/12.20.0 core-rest-pipeline/1.12.2 Node/v19.7.0 OS/(x64-Linux-5.15.0-1041-azure)",
        "x-ms-client-request-id": "64317025-8660-476d-ac55-141eeaad46d9",
        "x-ms-date": "Fri, 22 Sep 2023 11:30:54 GMT",
        "x-ms-version": "2023-01-03"
      },
      "RequestBody": null,
      "StatusCode": 201,
      "ResponseHeaders": {
        "Content-Length": "0",
        "Date": "Fri, 22 Sep 2023 11:30:54 GMT",
        "ETag": "\u00220x8DBBB5F620DD83F\u0022",
        "Last-Modified": "Fri, 22 Sep 2023 11:30:54 GMT",
        "Server": [
          "Windows-Azure-File/1.0",
          "Microsoft-HTTPAPI/2.0"
        ],
        "x-ms-client-request-id": "64317025-8660-476d-ac55-141eeaad46d9",
        "x-ms-request-id": "46de1df7-201a-0061-4f48-ed7472000000",
        "x-ms-version": "2023-01-03"
      },
      "ResponseBody": null
    },
    {
      "RequestUri": "https://fakestorageaccount.file.core.windows.net/1share-with-dash169538225442707292/dir169538225442705340?restype=directory",
      "RequestMethod": "PUT",
      "RequestHeaders": {
        "Accept": "application/xml",
        "Authorization": "Sanitized",
        "Connection": "keep-alive",
        "Content-Length": "0",
        "User-Agent": "azsdk-js-azure-storage-blob/12.20.0 core-rest-pipeline/1.12.2 Node/v19.7.0 OS/(x64-Linux-5.15.0-1041-azure)",
        "x-ms-client-request-id": "a40e07c6-eb86-45e7-b2c3-22a1bfa7e67d",
        "x-ms-date": "Fri, 22 Sep 2023 11:30:54 GMT",
        "x-ms-file-attributes": "Directory",
        "x-ms-file-creation-time": "now",
        "x-ms-file-last-write-time": "now",
        "x-ms-file-permission": "inherit",
        "x-ms-version": "2023-01-03"
      },
      "RequestBody": null,
      "StatusCode": 201,
      "ResponseHeaders": {
        "Content-Length": "0",
        "Date": "Fri, 22 Sep 2023 11:30:54 GMT",
        "ETag": "\u00220x8DBBB5F62139534\u0022",
        "Last-Modified": "Fri, 22 Sep 2023 11:30:54 GMT",
        "Server": [
          "Windows-Azure-File/1.0",
          "Microsoft-HTTPAPI/2.0"
        ],
        "x-ms-client-request-id": "a40e07c6-eb86-45e7-b2c3-22a1bfa7e67d",
        "x-ms-file-attributes": "Directory",
        "x-ms-file-change-time": "2023-09-22T11:30:54.4794932Z",
        "x-ms-file-creation-time": "2023-09-22T11:30:54.4794932Z",
        "x-ms-file-id": "13835128424026341376",
        "x-ms-file-last-write-time": "2023-09-22T11:30:54.4794932Z",
        "x-ms-file-parent-id": "0",
        "x-ms-file-permission-key": "2805801806637501937*5632617694610889336",
        "x-ms-request-id": "46de1df9-201a-0061-5048-ed7472000000",
        "x-ms-request-server-encrypted": "true",
        "x-ms-version": "2023-01-03"
      },
      "ResponseBody": null
    },
    {
      "RequestUri": "https://fakestorageaccount.file.core.windows.net/1share-with-dash169538225442707292/dir169538225442705340/%D8%B9%D8%B1%D8%A8%D9%8A%D8%B9%D8%B1%D8%A8%D9%89169538225449608780",
      "RequestMethod": "PUT",
      "RequestHeaders": {
        "Accept": "application/xml",
        "Authorization": "Sanitized",
        "Connection": "keep-alive",
        "Content-Length": "0",
        "User-Agent": "azsdk-js-azure-storage-blob/12.20.0 core-rest-pipeline/1.12.2 Node/v19.7.0 OS/(x64-Linux-5.15.0-1041-azure)",
        "x-ms-client-request-id": "3c3a7d57-d555-4d60-9987-67ea84fb13d7",
        "x-ms-content-length": "10",
        "x-ms-date": "Fri, 22 Sep 2023 11:30:54 GMT",
        "x-ms-file-attributes": "None",
        "x-ms-file-creation-time": "now",
        "x-ms-file-last-write-time": "now",
        "x-ms-file-permission": "inherit",
        "x-ms-type": "file",
        "x-ms-version": "2023-01-03"
      },
      "RequestBody": null,
      "StatusCode": 201,
      "ResponseHeaders": {
        "Content-Length": "0",
        "Date": "Fri, 22 Sep 2023 11:30:54 GMT",
        "ETag": "\u00220x8DBBB5F6218EBA6\u0022",
        "Last-Modified": "Fri, 22 Sep 2023 11:30:54 GMT",
        "Server": [
          "Windows-Azure-File/1.0",
          "Microsoft-HTTPAPI/2.0"
        ],
        "x-ms-client-request-id": "3c3a7d57-d555-4d60-9987-67ea84fb13d7",
        "x-ms-file-attributes": "Archive",
        "x-ms-file-change-time": "2023-09-22T11:30:54.5144742Z",
        "x-ms-file-creation-time": "2023-09-22T11:30:54.5144742Z",
        "x-ms-file-id": "11529285414812647424",
        "x-ms-file-last-write-time": "2023-09-22T11:30:54.5144742Z",
        "x-ms-file-parent-id": "13835128424026341376",
        "x-ms-file-permission-key": "16612648395746669302*5632617694610889336",
        "x-ms-request-id": "46de1dfa-201a-0061-5148-ed7472000000",
        "x-ms-request-server-encrypted": "true",
        "x-ms-version": "2023-01-03"
      },
      "ResponseBody": null
    },
    {
      "RequestUri": "https://fakestorageaccount.file.core.windows.net/1share-with-dash169538225442707292/dir169538225442705340/%D8%B9%D8%B1%D8%A8%D9%8A%D8%B9%D8%B1%D8%A8%D9%89169538225449608780",
      "RequestMethod": "HEAD",
      "RequestHeaders": {
        "Accept": "application/xml",
        "Authorization": "Sanitized",
        "Connection": "keep-alive",
        "User-Agent": "azsdk-js-azure-storage-blob/12.20.0 core-rest-pipeline/1.12.2 Node/v19.7.0 OS/(x64-Linux-5.15.0-1041-azure)",
        "x-ms-client-request-id": "bfc61ccb-161f-4124-9cb6-0aaa2c737c0b",
        "x-ms-date": "Fri, 22 Sep 2023 11:30:54 GMT",
        "x-ms-version": "2023-01-03"
      },
      "RequestBody": null,
      "StatusCode": 200,
      "ResponseHeaders": {
        "Access-Control-Allow-Origin": "*",
        "Access-Control-Expose-Headers": "x-ms-request-id,x-ms-client-request-id,Server,x-ms-version,Content-Type,Last-Modified,ETag,x-ms-type,x-ms-server-encrypted,x-ms-lease-status,x-ms-lease-state,x-ms-file-change-time,x-ms-file-last-write-time,x-ms-file-creation-time,x-ms-file-permission-key,x-ms-file-attributes,x-ms-file-id,x-ms-file-parent-id,Content-Length,Date,Transfer-Encoding",
        "Content-Length": "10",
        "Content-Type": "application/octet-stream",
        "Date": "Fri, 22 Sep 2023 11:30:54 GMT",
        "ETag": "\u00220x8DBBB5F6218EBA6\u0022",
        "Last-Modified": "Fri, 22 Sep 2023 11:30:54 GMT",
        "Server": [
          "Windows-Azure-File/1.0",
          "Microsoft-HTTPAPI/2.0"
        ],
        "x-ms-client-request-id": "bfc61ccb-161f-4124-9cb6-0aaa2c737c0b",
        "x-ms-file-attributes": "Archive",
        "x-ms-file-change-time": "2023-09-22T11:30:54.5144742Z",
        "x-ms-file-creation-time": "2023-09-22T11:30:54.5144742Z",
        "x-ms-file-id": "11529285414812647424",
        "x-ms-file-last-write-time": "2023-09-22T11:30:54.5144742Z",
        "x-ms-file-parent-id": "13835128424026341376",
        "x-ms-file-permission-key": "16612648395746669302*5632617694610889336",
        "x-ms-lease-state": "available",
        "x-ms-lease-status": "unlocked",
        "x-ms-request-id": "46de1dfb-201a-0061-5248-ed7472000000",
        "x-ms-server-encrypted": "true",
        "x-ms-type": "File",
        "x-ms-version": "2023-01-03"
      },
      "ResponseBody": null
    },
    {
      "RequestUri": "https://fakestorageaccount.file.core.windows.net/1share-with-dash169538225442707292/dir169538225442705340?comp=list\u0026prefix=%D8%B9%D8%B1%D8%A8%D9%8A%D8%B9%D8%B1%D8%A8%D9%89169538225449608780\u0026restype=directory",
      "RequestMethod": "GET",
      "RequestHeaders": {
        "Accept": "application/xml",
        "Authorization": "Sanitized",
        "Connection": "keep-alive",
        "User-Agent": "azsdk-js-azure-storage-blob/12.20.0 core-rest-pipeline/1.12.2 Node/v19.7.0 OS/(x64-Linux-5.15.0-1041-azure)",
        "x-ms-client-request-id": "928c60c1-48a4-4d8c-abba-c6dc780b0ee6",
        "x-ms-date": "Fri, 22 Sep 2023 11:30:54 GMT",
        "x-ms-version": "2023-01-03"
      },
      "RequestBody": null,
      "StatusCode": 200,
      "ResponseHeaders": {
        "Access-Control-Allow-Origin": "*",
        "Access-Control-Expose-Headers": "x-ms-request-id,x-ms-client-request-id,Server,x-ms-version,Content-Type,Content-Length,Date,Transfer-Encoding",
        "Content-Type": "application/xml",
        "Date": "Fri, 22 Sep 2023 11:30:54 GMT",
        "Server": [
          "Windows-Azure-File/1.0",
          "Microsoft-HTTPAPI/2.0"
        ],
        "Transfer-Encoding": "chunked",
        "x-ms-client-request-id": "928c60c1-48a4-4d8c-abba-c6dc780b0ee6",
        "x-ms-request-id": "46de1dfc-201a-0061-5348-ed7472000000",
        "x-ms-version": "2023-01-03"
      },
      "ResponseBody": "\uFEFF\u003C?xml version=\u00221.0\u0022 encoding=\u0022utf-8\u0022?\u003E\u003CEnumerationResults ServiceEndpoint=\u0022https://fakestorageaccount.file.core.windows.net/\u0022 ShareName=\u00221share-with-dash169538225442707292\u0022 DirectoryPath=\u0022dir169538225442705340\u0022\u003E\u003CPrefix\u003E\u0639\u0631\u0628\u064A\u0639\u0631\u0628\u0649169538225449608780\u003C/Prefix\u003E\u003CDirectoryId\u003E13835128424026341376\u003C/DirectoryId\u003E\u003CEntries\u003E\u003CFile\u003E\u003CName\u003E\u0639\u0631\u0628\u064A\u0639\u0631\u0628\u0649169538225449608780\u003C/Name\u003E\u003CFileId\u003E11529285414812647424\u003C/FileId\u003E\u003CProperties\u003E\u003CContent-Length\u003E10\u003C/Content-Length\u003E\u003C/Properties\u003E\u003C/File\u003E\u003C/Entries\u003E\u003CNextMarker /\u003E\u003C/EnumerationResults\u003E"
    },
    {
      "RequestUri": "https://fakestorageaccount.file.core.windows.net/1share-with-dash169538225442707292?restype=share",
      "RequestMethod": "DELETE",
      "RequestHeaders": {
        "Accept": "application/xml",
        "Authorization": "Sanitized",
        "Connection": "keep-alive",
        "User-Agent": "azsdk-js-azure-storage-blob/12.20.0 core-rest-pipeline/1.12.2 Node/v19.7.0 OS/(x64-Linux-5.15.0-1041-azure)",
        "x-ms-client-request-id": "a8cce352-ed30-4a6c-bbc3-cbe4a4a2ad43",
        "x-ms-date": "Fri, 22 Sep 2023 11:30:54 GMT",
        "x-ms-version": "2023-01-03"
      },
      "RequestBody": null,
      "StatusCode": 202,
      "ResponseHeaders": {
        "Content-Length": "0",
        "Date": "Fri, 22 Sep 2023 11:30:54 GMT",
        "Server": [
          "Windows-Azure-File/1.0",
          "Microsoft-HTTPAPI/2.0"
        ],
        "x-ms-client-request-id": "a8cce352-ed30-4a6c-bbc3-cbe4a4a2ad43",
        "x-ms-request-id": "46de1dfd-201a-0061-5448-ed7472000000",
        "x-ms-version": "2023-01-03"
      },
      "ResponseBody": null
    }
  ],
  "Variables": {
    "1share-with-dash": "1share-with-dash169538225442707292",
    "dir": "dir169538225442705340",
    "\u0639\u0631\u0628\u064A\u0639\u0631\u0628\u0649": "\u0639\u0631\u0628\u064A\u0639\u0631\u0628\u0649169538225449608780"
  }
}
