{
  "Entries": [
    {
      "RequestUri": "https://fakestorageaccount.file.core.windows.net/1share-with-dash169830115213307915?restype=share",
      "RequestMethod": "PUT",
      "RequestHeaders": {
        "Accept": "application/xml",
        "Authorization": "Sanitized",
        "Connection": "keep-alive",
        "Content-Length": "0",
        "User-Agent": "azsdk-js-azure-storage-blob/12.20.0 core-rest-pipeline/1.12.2 Node/v18.16.0 OS/(x64-Windows_NT-10.0.22621)",
        "x-ms-client-request-id": "56f13160-d0f2-43ad-893f-e37457f10c91",
        "x-ms-date": "Thu, 26 Oct 2023 06:19:12 GMT",
        "x-ms-version": "2023-01-03"
      },
      "RequestBody": null,
      "StatusCode": 201,
      "ResponseHeaders": {
        "Content-Length": "0",
        "Date": "Thu, 26 Oct 2023 06:19:12 GMT",
        "ETag": "\u00220x8DBD5EB7936E683\u0022",
        "Last-Modified": "Thu, 26 Oct 2023 06:19:13 GMT",
        "Server": [
          "Windows-Azure-File/1.0",
          "Microsoft-HTTPAPI/2.0"
        ],
        "x-ms-client-request-id": "56f13160-d0f2-43ad-893f-e37457f10c91",
        "x-ms-request-id": "52ccfffb-901a-0042-1fd4-072aa1000000",
        "x-ms-version": "2023-01-03"
      },
      "ResponseBody": null
    },
    {
      "RequestUri": "https://fakestorageaccount.file.core.windows.net/1share-with-dash169830115213307915/dir169830115213404751?restype=directory",
      "RequestMethod": "PUT",
      "RequestHeaders": {
        "Accept": "application/xml",
        "Authorization": "Sanitized",
        "Connection": "keep-alive",
        "Content-Length": "0",
        "User-Agent": "azsdk-js-azure-storage-blob/12.20.0 core-rest-pipeline/1.12.2 Node/v18.16.0 OS/(x64-Windows_NT-10.0.22621)",
        "x-ms-client-request-id": "2ec95ecb-42d8-4f88-b0fb-1a6d8ad6f281",
        "x-ms-date": "Thu, 26 Oct 2023 06:19:12 GMT",
        "x-ms-file-attributes": "Directory",
        "x-ms-file-creation-time": "now",
        "x-ms-file-last-write-time": "now",
        "x-ms-file-permission": "inherit",
        "x-ms-version": "2023-01-03"
      },
      "RequestBody": null,
      "StatusCode": 201,
      "ResponseHeaders": {
        "Content-Length": "0",
        "Date": "Thu, 26 Oct 2023 06:19:12 GMT",
        "ETag": "\u00220x8DBD5EB794845B0\u0022",
        "Last-Modified": "Thu, 26 Oct 2023 06:19:13 GMT",
        "Server": [
          "Windows-Azure-File/1.0",
          "Microsoft-HTTPAPI/2.0"
        ],
        "x-ms-client-request-id": "2ec95ecb-42d8-4f88-b0fb-1a6d8ad6f281",
        "x-ms-file-attributes": "Directory",
        "x-ms-file-change-time": "2023-10-26T06:19:13.1867568Z",
        "x-ms-file-creation-time": "2023-10-26T06:19:13.1867568Z",
        "x-ms-file-id": "13835128424026341376",
        "x-ms-file-last-write-time": "2023-10-26T06:19:13.1867568Z",
        "x-ms-file-parent-id": "0",
        "x-ms-file-permission-key": "9255856626508002348*16764736045797335973",
        "x-ms-request-id": "52ccfffd-901a-0042-20d4-072aa1000000",
        "x-ms-request-server-encrypted": "true",
        "x-ms-version": "2023-01-03"
      },
      "ResponseBody": null
    },
    {
      "RequestUri": "https://fakestorageaccount.file.core.windows.net/1share-with-dash169830115213307915/dir169830115213404751/file%20empty169830115239100132",
      "RequestMethod": "PUT",
      "RequestHeaders": {
        "Accept": "application/xml",
        "Authorization": "Sanitized",
        "Connection": "keep-alive",
        "Content-Length": "0",
        "User-Agent": "azsdk-js-azure-storage-blob/12.20.0 core-rest-pipeline/1.12.2 Node/v18.16.0 OS/(x64-Windows_NT-10.0.22621)",
        "x-ms-client-request-id": "d70cc46c-abbf-4ff5-97bd-3ac884a2e5bb",
        "x-ms-content-length": "10",
        "x-ms-date": "Thu, 26 Oct 2023 06:19:12 GMT",
        "x-ms-file-attributes": "None",
        "x-ms-file-creation-time": "now",
        "x-ms-file-last-write-time": "now",
        "x-ms-file-permission": "inherit",
        "x-ms-type": "file",
        "x-ms-version": "2023-01-03"
      },
      "RequestBody": null,
      "StatusCode": 201,
      "ResponseHeaders": {
        "Content-Length": "0",
        "Date": "Thu, 26 Oct 2023 06:19:12 GMT",
        "ETag": "\u00220x8DBD5EB795EB097\u0022",
        "Last-Modified": "Thu, 26 Oct 2023 06:19:13 GMT",
        "Server": [
          "Windows-Azure-File/1.0",
          "Microsoft-HTTPAPI/2.0"
        ],
        "x-ms-client-request-id": "d70cc46c-abbf-4ff5-97bd-3ac884a2e5bb",
        "x-ms-file-attributes": "Archive",
        "x-ms-file-change-time": "2023-10-26T06:19:13.3336727Z",
        "x-ms-file-creation-time": "2023-10-26T06:19:13.3336727Z",
        "x-ms-file-id": "11529285414812647424",
        "x-ms-file-last-write-time": "2023-10-26T06:19:13.3336727Z",
        "x-ms-file-parent-id": "13835128424026341376",
        "x-ms-file-permission-key": "4614121289425226539*16764736045797335973",
        "x-ms-request-id": "52ccfffe-901a-0042-21d4-072aa1000000",
        "x-ms-request-server-encrypted": "true",
        "x-ms-version": "2023-01-03"
      },
      "ResponseBody": null
    },
    {
      "RequestUri": "https://fakestorageaccount.file.core.windows.net/1share-with-dash169830115213307915/dir169830115213404751?comp=list\u0026prefix=file%20empty169830115239100132\u0026restype=directory",
      "RequestMethod": "GET",
      "RequestHeaders": {
        "Accept": "application/xml",
        "Authorization": "Sanitized",
        "Connection": "keep-alive",
        "User-Agent": "azsdk-js-azure-storage-blob/12.20.0 core-rest-pipeline/1.12.2 Node/v18.16.0 OS/(x64-Windows_NT-10.0.22621)",
        "x-ms-client-request-id": "4832d2aa-592e-4923-a2a7-bff59f029889",
        "x-ms-date": "Thu, 26 Oct 2023 06:19:12 GMT",
        "x-ms-version": "2023-01-03"
      },
      "RequestBody": null,
      "StatusCode": 200,
      "ResponseHeaders": {
        "Content-Type": "application/xml",
        "Date": "Thu, 26 Oct 2023 06:19:12 GMT",
        "Server": [
          "Windows-Azure-File/1.0",
          "Microsoft-HTTPAPI/2.0"
        ],
        "Transfer-Encoding": "chunked",
        "Vary": "Origin",
        "x-ms-client-request-id": "4832d2aa-592e-4923-a2a7-bff59f029889",
        "x-ms-request-id": "52ccffff-901a-0042-22d4-072aa1000000",
        "x-ms-version": "2023-01-03"
      },
      "ResponseBody": "\uFEFF\u003C?xml version=\u00221.0\u0022 encoding=\u0022utf-8\u0022?\u003E\u003CEnumerationResults ServiceEndpoint=\u0022https://fakestorageaccount.file.core.windows.net/\u0022 ShareName=\u00221share-with-dash169830115213307915\u0022 DirectoryPath=\u0022dir169830115213404751\u0022\u003E\u003CPrefix\u003Efile empty169830115239100132\u003C/Prefix\u003E\u003CDirectoryId\u003E13835128424026341376\u003C/DirectoryId\u003E\u003CEntries\u003E\u003CFile\u003E\u003CName\u003Efile empty169830115239100132\u003C/Name\u003E\u003CFileId\u003E11529285414812647424\u003C/FileId\u003E\u003CProperties\u003E\u003CContent-Length\u003E10\u003C/Content-Length\u003E\u003C/Properties\u003E\u003C/File\u003E\u003C/Entries\u003E\u003CNextMarker /\u003E\u003C/EnumerationResults\u003E"
    },
    {
      "RequestUri": "https://fakestorageaccount.file.core.windows.net/1share-with-dash169830115213307915?restype=share",
      "RequestMethod": "DELETE",
      "RequestHeaders": {
        "Accept": "application/xml",
        "Authorization": "Sanitized",
        "Connection": "keep-alive",
        "User-Agent": "azsdk-js-azure-storage-blob/12.20.0 core-rest-pipeline/1.12.2 Node/v18.16.0 OS/(x64-Windows_NT-10.0.22621)",
        "x-ms-client-request-id": "af9b75ec-5fa4-490b-9f2a-c82ec7d8d1bd",
        "x-ms-date": "Thu, 26 Oct 2023 06:19:12 GMT",
        "x-ms-version": "2023-01-03"
      },
      "RequestBody": null,
      "StatusCode": 202,
      "ResponseHeaders": {
        "Content-Length": "0",
        "Date": "Thu, 26 Oct 2023 06:19:13 GMT",
        "Server": [
          "Windows-Azure-File/1.0",
          "Microsoft-HTTPAPI/2.0"
        ],
        "x-ms-client-request-id": "af9b75ec-5fa4-490b-9f2a-c82ec7d8d1bd",
        "x-ms-request-id": "52cd0000-901a-0042-23d4-072aa1000000",
        "x-ms-version": "2023-01-03"
      },
      "ResponseBody": null
    }
  ],
  "Variables": {
    "1share-with-dash": "1share-with-dash169830115213307915",
    "dir": "dir169830115213404751",
    "file empty": "file empty169830115239100132"
  }
}
