{
  "Entries": [
    {
      "RequestUri": "https://REDACTED/experiment-metrics/test_metric_create_if_not_exists?api-version=2025-05-31-preview",
      "RequestMethod": "DELETE",
      "RequestHeaders": {
        "Accept": "application/json",
        "Authorization": "Sanitized",
        "Content-Length": "0",
        "Date": "Tue, 13 May 2025 17:48:39 GMT",
        "User-Agent": "azsdk-java-azure-analytics-onlineexperimentation/1.0.0-beta.1 (11.0.26; Windows 11; 10.0)",
        "x-ms-client-request-id": "Sanitized"
      },
      "RequestBody": null,
      "StatusCode": 204,
      "ResponseHeaders": {
        "api-supported-versions": "2025-05-31-preview",
        "Connection": "keep-alive",
        "Date": "Tue, 13 May 2025 17:48:41 GMT",
        "mise-correlation-id": "9fbd36e0-f6ab-402b-8675-580c30b22ee3",
        "Request-Context": "appId=cid-v1:4ae78417-7f25-4068-bd96-557cb165ec62",
        "Server": "Microsoft-IIS/10.0",
        "Strict-Transport-Security": "max-age=31536000",
        "X-Content-Type-Options": [
          "nosniff",
          "nosniff"
        ],
        "x-ms-client-request-id": "Sanitized",
        "x-ms-request-id": "Sanitized",
        "X-Powered-By": "ASP.NET"
      },
      "ResponseBody": null
    },
    {
      "RequestUri": "https://REDACTED/experiment-metrics/test_metric_create_if_not_exists?api-version=2025-05-31-preview",
      "RequestMethod": "PATCH",
      "RequestHeaders": {
        "Accept": "application/json",
        "Authorization": "Sanitized",
        "Content-Length": "271",
        "Content-Type": "application/merge-patch+json",
        "Date": "Tue, 13 May 2025 17:48:41 GMT",
        "If-None-Match": "*",
        "User-Agent": "azsdk-java-azure-analytics-onlineexperimentation/1.0.0-beta.1 (11.0.26; Windows 11; 10.0)",
        "x-ms-client-request-id": "Sanitized"
      },
      "RequestBody": {
        "lifecycle": "Active",
        "displayName": "If-None-Match Test Metric",
        "description": "A metric created with If-None-Match header",
        "categories": [
          "Test",
          "Conditional"
        ],
        "desiredDirection": "Increase",
        "definition": {
          "type": "EventCount",
          "event": {
            "eventName": "ConditionalCreateEvent"
          }
        }
      },
      "StatusCode": 201,
      "ResponseHeaders": {
        "api-supported-versions": "2025-05-31-preview",
        "Connection": "keep-alive",
        "Content-Length": "390",
        "Content-Type": "application/json; charset=utf-8",
        "Date": "Tue, 13 May 2025 17:48:41 GMT",
        "ETag": "\"NyoM+7py4jQ=\"",
        "Last-Modified": "Tue, 13 May 2025 17:48:41 GMT",
        "Location": "https://REDACTED.com",
        "mise-correlation-id": "5ac765e6-4fe5-473b-8539-1317ed4e77bc",
        "Request-Context": "appId=cid-v1:4ae78417-7f25-4068-bd96-557cb165ec62",
        "Server": "Microsoft-IIS/10.0",
        "Strict-Transport-Security": "max-age=31536000",
        "X-Content-Type-Options": [
          "nosniff",
          "nosniff"
        ],
        "x-ms-client-request-id": "Sanitized",
        "x-ms-request-id": "Sanitized",
        "X-Powered-By": "ASP.NET"
      },
      "ResponseBody": {
        "lifecycle": "Active",
        "desiredDirection": "Increase",
        "id": "test_metric_create_if_not_exists",
        "displayName": "If-None-Match Test Metric",
        "description": "A metric created with If-None-Match header",
        "categories": [
          "Test",
          "Conditional"
        ],
        "definition": {
          "event": {
            "eventName": "ConditionalCreateEvent"
          },
          "type": "EventCount"
        },
        "eTag": "\"NyoM+7py4jQ=\"",
        "lastModifiedAt": "2025-05-13T17:48:41.6748003+00:00"
      }
    },
    {
      "RequestUri": "https://REDACTED/experiment-metrics/test_metric_create_if_not_exists?api-version=2025-05-31-preview",
      "RequestMethod": "PATCH",
      "RequestHeaders": {
        "Accept": "application/json",
        "Authorization": "Sanitized",
        "Content-Length": "272",
        "Content-Type": "application/merge-patch+json",
        "Date": "Tue, 13 May 2025 17:48:41 GMT",
        "If-None-Match": "*",
        "User-Agent": "azsdk-java-azure-analytics-onlineexperimentation/1.0.0-beta.1 (11.0.26; Windows 11; 10.0)",
        "x-ms-client-request-id": "Sanitized"
      },
      "RequestBody": {
        "lifecycle": "Active",
        "displayName": "This should not be updated",
        "description": "A metric created with If-None-Match header",
        "categories": [
          "Test",
          "Conditional"
        ],
        "desiredDirection": "Increase",
        "definition": {
          "type": "EventCount",
          "event": {
            "eventName": "ConditionalCreateEvent"
          }
        }
      },
      "StatusCode": 412,
      "ResponseHeaders": {
        "Connection": "keep-alive",
        "Content-Length": "166",
        "Content-Type": "application/json; charset=utf-8",
        "Date": "Tue, 13 May 2025 17:48:41 GMT",
        "mise-correlation-id": "7781abd3-1f8a-46fc-bc6e-36e30195ca04",
        "Request-Context": "appId=cid-v1:4ae78417-7f25-4068-bd96-557cb165ec62",
        "Server": "Microsoft-IIS/10.0",
        "Strict-Transport-Security": "max-age=31536000",
        "X-Content-Type-Options": [
          "nosniff",
          "nosniff"
        ],
        "x-ms-client-request-id": "Sanitized",
        "x-ms-error-code": "ConditionNotMet",
        "x-ms-request-id": "Sanitized",
        "X-Powered-By": "ASP.NET"
      },
      "ResponseBody": {
        "error": {
          "code": "ConditionNotMet",
          "message": "The condition specified in the If-None-Match request header was not met.",
          "target": null,
          "details": [],
          "innerError": null
        }
      }
    }
  ],
  "Variables": {}
}
