{
  "Entries": [
    {
      "RequestUri": "https://management.azure.com/subscriptions/264e9200-2944-4334-9a02-721e6268b55f?api-version=2022-12-01",
      "RequestMethod": "GET",
      "RequestHeaders": {
        "Accept": "application/json",
        "Authorization": "Sanitized",
        "traceparent": "00-29382c6d9777876f3d49b90fd0c1b4c3-b7515d42dbcffb96-00",
        "User-Agent": "azsdk-net-ResourceManager/1.10.1 (.NET 6.0.27; Microsoft Windows 10.0.22621)",
        "x-ms-client-request-id": "75f0f43d7f7ca52dd60e396ae0f223fc",
        "x-ms-return-client-request-id": "true"
      },
      "RequestBody": null,
      "StatusCode": 200,
      "ResponseHeaders": {
        "Cache-Control": "no-cache",
        "Content-Length": "464",
        "Content-Type": "application/json; charset=utf-8",
        "Date": "Thu, 15 Feb 2024 07:41:51 GMT",
        "Expires": "-1",
        "Pragma": "no-cache",
        "Strict-Transport-Security": "max-age=31536000; includeSubDomains",
        "X-Cache": "CONFIG_NOCACHE",
        "X-Content-Type-Options": "nosniff",
        "x-ms-correlation-request-id": "307a98b6-e34c-43ca-8657-e45ac71da18b",
        "x-ms-ratelimit-remaining-subscription-reads": "11998",
        "x-ms-request-id": "307a98b6-e34c-43ca-8657-e45ac71da18b",
        "x-ms-routing-request-id": "EASTUS:20240215T074152Z:307a98b6-e34c-43ca-8657-e45ac71da18b",
        "X-MSEdge-Ref": "Ref A: CEB9F8B6D2D84A11BE9115CBC47DF657 Ref B: MNZ221060610025 Ref C: 2024-02-15T07:41:52Z"
      },
      "ResponseBody": {
        "id": "/subscriptions/264e9200-2944-4334-9a02-721e6268b55f",
        "authorizationSource": "RoleBased",
        "managedByTenants": [],
        "tags": {
          "NRMS15767759": "20230530",
          "NRMS14293353": "20221028"
        },
        "subscriptionId": "264e9200-2944-4334-9a02-721e6268b55f",
        "tenantId": "72f988bf-86f1-41af-91ab-2d7cd011db47",
        "displayName": "EnS-Velma-Fengy-NonProd",
        "state": "Enabled",
        "subscriptionPolicies": {
          "locationPlacementId": "Internal_2014-09-01",
          "quotaId": "Internal_2014-09-01",
          "spendingLimit": "Off"
        }
      }
    },
    {
      "RequestUri": "https://management.azure.com/subscriptions/07aed47b-60ad-4d6e-a07a-89b602418441/resourcegroups/sdk-tests-rg?api-version=2022-09-01",
      "RequestMethod": "GET",
      "RequestHeaders": {
        "Accept": "application/json",
        "Authorization": "Sanitized",
        "traceparent": "00-1606c681328ab32b6712cab8c796e6f8-3f9d7c0e28407bcf-00",
        "User-Agent": "azsdk-net-ResourceManager/1.10.1 (.NET 6.0.27; Microsoft Windows 10.0.22621)",
        "x-ms-client-request-id": "e3b95954666d3d4dfade79b9d56b7802",
        "x-ms-return-client-request-id": "true"
      },
      "RequestBody": null,
      "StatusCode": 200,
      "ResponseHeaders": {
        "Cache-Control": "no-cache",
        "Content-Length": "221",
        "Content-Type": "application/json; charset=utf-8",
        "Date": "Thu, 15 Feb 2024 07:41:51 GMT",
        "Expires": "-1",
        "Pragma": "no-cache",
        "Strict-Transport-Security": "max-age=31536000; includeSubDomains",
        "X-Cache": "CONFIG_NOCACHE",
        "X-Content-Type-Options": "nosniff",
        "x-ms-correlation-request-id": "19ad0d24-ea2a-4928-8fee-29e1c750c5dc",
        "x-ms-ratelimit-remaining-subscription-reads": "11999",
        "x-ms-request-id": "19ad0d24-ea2a-4928-8fee-29e1c750c5dc",
        "x-ms-routing-request-id": "EASTUS:20240215T074152Z:19ad0d24-ea2a-4928-8fee-29e1c750c5dc",
        "X-MSEdge-Ref": "Ref A: DE84CF9ECCC745F6A245346E19309057 Ref B: MNZ221060610025 Ref C: 2024-02-15T07:41:52Z"
      },
      "ResponseBody": {
        "id": "/subscriptions/07aed47b-60ad-4d6e-a07a-89b602418441/resourceGroups/sdk-tests-rg",
        "name": "sdk-tests-rg",
        "type": "Microsoft.Resources/resourceGroups",
        "location": "eastus",
        "properties": {
          "provisioningState": "Succeeded"
        }
      }
    },
    {
      "RequestUri": "https://management.azure.com/subscriptions/07aed47b-60ad-4d6e-a07a-89b602418441/resourceGroups/sdk-tests-rg/providers/Microsoft.IoTFirmwareDefense/workspaces/default?api-version=2024-01-10",
      "RequestMethod": "GET",
      "RequestHeaders": {
        "Accept": "application/json",
        "Authorization": "Sanitized",
        "traceparent": "00-961754ed246da935531adb5d8d00ea14-d969b0a58c167236-00",
        "User-Agent": "azsdk-net-ResourceManager.IotFirmwareDefense/1.0.0-alpha.20240215.1 (.NET 6.0.27; Microsoft Windows 10.0.22621)",
        "x-ms-client-request-id": "380897b11e65655150f895a4964c9a41",
        "x-ms-return-client-request-id": "true"
      },
      "RequestBody": null,
      "StatusCode": 200,
      "ResponseHeaders": {
        "Cache-Control": "no-cache",
        "Content-Length": "522",
        "Content-Type": "application/json; charset=utf-8",
        "Date": "Thu, 15 Feb 2024 07:41:51 GMT",
        "ETag": "\u002224005691-0000-0100-0000-65cd8e6b0000\u0022",
        "Expires": "-1",
        "Pragma": "no-cache",
        "Strict-Transport-Security": "max-age=31536000; includeSubDomains",
        "X-Cache": "CONFIG_NOCACHE",
        "X-Content-Type-Options": "nosniff",
        "x-ms-client-request-id": "380897b11e65655150f895a4964c9a41",
        "x-ms-correlation-request-id": "ea1b5f37-dad4-4dec-9451-c6d37426647c",
        "x-ms-providerhub-traffic": "True",
        "x-ms-ratelimit-remaining-subscription-reads": "11997",
        "x-ms-request-id": "ed16b896-6ed4-46b2-bac9-06572f06df4e",
        "x-ms-routing-request-id": "EASTUS:20240215T074152Z:ea1b5f37-dad4-4dec-9451-c6d37426647c",
        "X-MSEdge-Ref": "Ref A: 6A7552EC709A48D58E6B3B5E0F8DC7A5 Ref B: MNZ221060610025 Ref C: 2024-02-15T07:41:52Z"
      },
      "ResponseBody": {
        "id": "/subscriptions/07aed47b-60ad-4d6e-a07a-89b602418441/resourceGroups/sdk-tests-rg/providers/Microsoft.IoTFirmwareDefense/workspaces/default",
        "name": "default",
        "type": "microsoft.iotfirmwaredefense/workspaces",
        "location": "East US",
        "systemData": {
          "createdBy": "mikekennedy@microsoft.com",
          "createdByType": "User",
          "createdAt": "2024-02-15T04:09:15.0528076Z",
          "lastModifiedBy": "mikekennedy@microsoft.com",
          "lastModifiedByType": "User",
          "lastModifiedAt": "2024-02-15T04:09:15.0528076Z"
        },
        "properties": {
          "provisioningState": "Succeeded"
        }
      }
    },
    {
      "RequestUri": "https://management.azure.com/subscriptions/07aed47b-60ad-4d6e-a07a-89b602418441/resourceGroups/sdk-tests-rg/providers/Microsoft.IoTFirmwareDefense/workspaces/default/firmwares/cf833be1-3e8e-a00a-a037-ad27a0fc0497?api-version=2024-01-10",
      "RequestMethod": "GET",
      "RequestHeaders": {
        "Accept": "application/json",
        "Authorization": "Sanitized",
        "traceparent": "00-a9ea0e0663adfda85173e267b7e65811-95ccabb97fcfe4a9-00",
        "User-Agent": "azsdk-net-ResourceManager.IotFirmwareDefense/1.0.0-alpha.20240215.1 (.NET 6.0.27; Microsoft Windows 10.0.22621)",
        "x-ms-client-request-id": "19788b33e905d773a6b37b9e0674cf6a",
        "x-ms-return-client-request-id": "true"
      },
      "RequestBody": null,
      "StatusCode": 200,
      "ResponseHeaders": {
        "Cache-Control": "no-cache",
        "Content-Length": "764",
        "Content-Type": "application/json; charset=utf-8",
        "Date": "Thu, 15 Feb 2024 07:41:51 GMT",
        "ETag": "\u00220400adab-0000-0100-0000-65cd8eb30000\u0022",
        "Expires": "-1",
        "Pragma": "no-cache",
        "Strict-Transport-Security": "max-age=31536000; includeSubDomains",
        "X-Cache": "CONFIG_NOCACHE",
        "X-Content-Type-Options": "nosniff",
        "x-ms-client-request-id": "19788b33e905d773a6b37b9e0674cf6a",
        "x-ms-correlation-request-id": "3cb12c43-2e51-4699-ac62-37a4a3ade8d1",
        "x-ms-providerhub-traffic": "True",
        "x-ms-ratelimit-remaining-subscription-reads": "11997",
        "x-ms-request-id": "977bbd6e-6b85-4d4d-a704-5f556954227c",
        "x-ms-routing-request-id": "EASTUS:20240215T074152Z:3cb12c43-2e51-4699-ac62-37a4a3ade8d1",
        "X-MSEdge-Ref": "Ref A: AEEB7D8EB51841D48D183FBFC5B6D29D Ref B: MNZ221060610025 Ref C: 2024-02-15T07:41:52Z"
      },
      "ResponseBody": {
        "id": "/subscriptions/07aed47b-60ad-4d6e-a07a-89b602418441/resourceGroups/sdk-tests-rg/providers/Microsoft.IoTFirmwareDefense/workspaces/default/firmwares/cf833be1-3e8e-a00a-a037-ad27a0fc0497",
        "name": "cf833be1-3e8e-a00a-a037-ad27a0fc0497",
        "type": "microsoft.iotfirmwaredefense/workspaces/firmwares",
        "systemData": {
          "createdBy": "mikekennedy@microsoft.com",
          "createdByType": "User",
          "createdAt": "2024-02-15T04:09:44.0632024Z",
          "lastModifiedBy": "d6d855d0-705d-4f41-8a67-215ffa52110a",
          "lastModifiedByType": "Application",
          "lastModifiedAt": "2024-02-15T04:10:27.1150043Z"
        },
        "properties": {
          "vendor": "testVendor",
          "model": "testModel",
          "version": "testVersion",
          "fileName": "Centrifuge-exemplar.v7-rc1.tgz",
          "description": "testDescription",
          "status": "Ready",
          "provisioningState": "Succeeded"
        }
      }
    },
    {
      "RequestUri": "https://management.azure.com/subscriptions/07aed47b-60ad-4d6e-a07a-89b602418441/resourceGroups/sdk-tests-rg/providers/Microsoft.IoTFirmwareDefense/workspaces/default/firmwares/cf833be1-3e8e-a00a-a037-ad27a0fc0497/sbomComponents?api-version=2024-01-10",
      "RequestMethod": "GET",
      "RequestHeaders": {
        "Accept": "application/json",
        "Authorization": "Sanitized",
        "traceparent": "00-bd872207d9daf880654cde6d3fc67a67-abb27660a9827786-00",
        "User-Agent": "azsdk-net-ResourceManager.IotFirmwareDefense/1.0.0-alpha.20240215.1 (.NET 6.0.27; Microsoft Windows 10.0.22621)",
        "x-ms-client-request-id": "49b83696eaea369707539374d1a8a6ad",
        "x-ms-return-client-request-id": "true"
      },
      "RequestBody": null,
      "StatusCode": 200,
      "ResponseHeaders": {
        "Cache-Control": "no-cache",
        "Content-Length": "7605",
        "Content-Type": "application/json; charset=utf-8",
        "Date": "Thu, 15 Feb 2024 07:41:52 GMT",
        "Expires": "-1",
        "Pragma": "no-cache",
        "Strict-Transport-Security": "max-age=31536000; includeSubDomains",
        "X-Cache": "CONFIG_NOCACHE",
        "X-Content-Type-Options": "nosniff",
        "x-envoy-upstream-service-time": "12",
        "x-ms-client-request-id": "49b83696eaea369707539374d1a8a6ad",
        "x-ms-correlation-request-id": "b1df2f79-767b-41e7-9861-e638ad7ce6f7",
        "x-ms-providerhub-traffic": "True",
        "x-ms-ratelimit-remaining-subscription-reads": "11999",
        "x-ms-request-id": "997871e0-15e7-42ab-bec2-362217627498",
        "x-ms-routing-request-id": "EASTUS:20240215T074153Z:b1df2f79-767b-41e7-9861-e638ad7ce6f7",
        "X-MSEdge-Ref": "Ref A: A5400415A0CE4440BF6F64E701380885 Ref B: MNZ221060610025 Ref C: 2024-02-15T07:41:52Z"
      },
      "ResponseBody": {
        "value": [
          {
            "id": "/subscriptions/07aed47b-60ad-4d6e-a07a-89b602418441/resourceGroups/sdk-tests-rg/providers/Microsoft.IoTFirmwareDefense/workspaces/default/firmwares/cf833be1-3e8e-a00a-a037-ad27a0fc0497/sbomComponents/",
            "name": "busybox:1.22.1",
            "type": "Microsoft.IoTFirmwareDefense/workspaces/firmwares/sbomComponents",
            "properties": {
              "componentId": "busybox:1.22.1",
              "componentName": "busybox",
              "version": "1.22.1",
              "license": "GPL-2.0-only",
              "filePaths": [
                "/GzipExtractor/1/decompressed.bin.extracted/TarballExtractor/1/tar-root/Centrifuge-exemplar/fakefs_root/bin/busybox"
              ]
            }
          },
          {
            "id": "/subscriptions/07aed47b-60ad-4d6e-a07a-89b602418441/resourceGroups/sdk-tests-rg/providers/Microsoft.IoTFirmwareDefense/workspaces/default/firmwares/cf833be1-3e8e-a00a-a037-ad27a0fc0497/sbomComponents/",
            "name": "apache:2.4.28",
            "type": "Microsoft.IoTFirmwareDefense/workspaces/firmwares/sbomComponents",
            "properties": {
              "componentId": "apache:2.4.28",
              "componentName": "apache",
              "version": "2.4.28",
              "license": "Apache-2.0",
              "filePaths": [
                "/GzipExtractor/1/decompressed.bin.extracted/TarballExtractor/1/tar-root/Centrifuge-exemplar/fakefs_root/usr/sbin/httpd"
              ]
            }
          },
          {
            "id": "/subscriptions/07aed47b-60ad-4d6e-a07a-89b602418441/resourceGroups/sdk-tests-rg/providers/Microsoft.IoTFirmwareDefense/workspaces/default/firmwares/cf833be1-3e8e-a00a-a037-ad27a0fc0497/sbomComponents/",
            "name": "jquery:3.1.1",
            "type": "Microsoft.IoTFirmwareDefense/workspaces/firmwares/sbomComponents",
            "properties": {
              "componentId": "jquery:3.1.1",
              "componentName": "jquery",
              "version": "3.1.1",
              "license": "MIT",
              "filePaths": [
                "/GzipExtractor/1/decompressed.bin.extracted/TarballExtractor/1/tar-root/Centrifuge-exemplar/fakefs_root/var/www/js/jquery-3.1.1.min.js"
              ]
            }
          },
          {
            "id": "/subscriptions/07aed47b-60ad-4d6e-a07a-89b602418441/resourceGroups/sdk-tests-rg/providers/Microsoft.IoTFirmwareDefense/workspaces/default/firmwares/cf833be1-3e8e-a00a-a037-ad27a0fc0497/sbomComponents/",
            "name": "pppd:2.4.2-b3",
            "type": "Microsoft.IoTFirmwareDefense/workspaces/firmwares/sbomComponents",
            "properties": {
              "componentId": "pppd:2.4.2-b3",
              "componentName": "pppd",
              "version": "2.4.2-b3",
              "license": "BSD-3-Clause-Attribution",
              "filePaths": [
                "/GzipExtractor/1/decompressed.bin.extracted/TarballExtractor/1/tar-root/Centrifuge-exemplar/fakefs_root/usr/local/sbin/pppd",
                "/GzipExtractor/1/decompressed.bin.extracted/TarballExtractor/1/tar-root/Centrifuge-exemplar/filesystem.sqsh.extracted/SquashFSExtractor/1/squashfs-root/usr/sbin/pppd"
              ]
            }
          },
          {
            "id": "/subscriptions/07aed47b-60ad-4d6e-a07a-89b602418441/resourceGroups/sdk-tests-rg/providers/Microsoft.IoTFirmwareDefense/workspaces/default/firmwares/cf833be1-3e8e-a00a-a037-ad27a0fc0497/sbomComponents/",
            "name": "busybox:1.14.1",
            "type": "Microsoft.IoTFirmwareDefense/workspaces/firmwares/sbomComponents",
            "properties": {
              "componentId": "busybox:1.14.1",
              "componentName": "busybox",
              "version": "1.14.1",
              "license": "GPL-2.0-only",
              "filePaths": [
                "/GzipExtractor/1/decompressed.bin.extracted/TarballExtractor/1/tar-root/Centrifuge-exemplar/filesystem.sqsh.extracted/SquashFSExtractor/1/squashfs-root/bin/busybox"
              ]
            }
          },
          {
            "id": "/subscriptions/07aed47b-60ad-4d6e-a07a-89b602418441/resourceGroups/sdk-tests-rg/providers/Microsoft.IoTFirmwareDefense/workspaces/default/firmwares/cf833be1-3e8e-a00a-a037-ad27a0fc0497/sbomComponents/",
            "name": "dnsmasq:1.10.0",
            "type": "Microsoft.IoTFirmwareDefense/workspaces/firmwares/sbomComponents",
            "properties": {
              "componentId": "dnsmasq:1.10.0",
              "componentName": "dnsmasq",
              "version": "1.10.0",
              "license": "GPL-2.0-or-later",
              "filePaths": [
                "/GzipExtractor/1/decompressed.bin.extracted/TarballExtractor/1/tar-root/Centrifuge-exemplar/ext2.extracted/EXTExtractor/1/ext-root/bin/dnsmasq"
              ]
            }
          },
          {
            "id": "/subscriptions/07aed47b-60ad-4d6e-a07a-89b602418441/resourceGroups/sdk-tests-rg/providers/Microsoft.IoTFirmwareDefense/workspaces/default/firmwares/cf833be1-3e8e-a00a-a037-ad27a0fc0497/sbomComponents/",
            "name": "radvd:1.8.0",
            "type": "Microsoft.IoTFirmwareDefense/workspaces/firmwares/sbomComponents",
            "properties": {
              "componentId": "radvd:1.8.0",
              "componentName": "radvd",
              "version": "1.8.0",
              "license": "BSD-4-Clause",
              "filePaths": [
                "/GzipExtractor/1/decompressed.bin.extracted/TarballExtractor/1/tar-root/Centrifuge-exemplar/filesystem.sqsh.extracted/SquashFSExtractor/1/squashfs-root/usr/sbin/radvd"
              ]
            }
          },
          {
            "id": "/subscriptions/07aed47b-60ad-4d6e-a07a-89b602418441/resourceGroups/sdk-tests-rg/providers/Microsoft.IoTFirmwareDefense/workspaces/default/firmwares/cf833be1-3e8e-a00a-a037-ad27a0fc0497/sbomComponents/",
            "name": "jquery:3.2.1",
            "type": "Microsoft.IoTFirmwareDefense/workspaces/firmwares/sbomComponents",
            "properties": {
              "componentId": "jquery:3.2.1",
              "componentName": "jquery",
              "version": "3.2.1",
              "license": "MIT",
              "filePaths": [
                "/GzipExtractor/1/decompressed.bin.extracted/TarballExtractor/1/tar-root/Centrifuge-exemplar/fakefs_root/var/www/js/jquery-3.2.1.min.js"
              ]
            }
          },
          {
            "id": "/subscriptions/07aed47b-60ad-4d6e-a07a-89b602418441/resourceGroups/sdk-tests-rg/providers/Microsoft.IoTFirmwareDefense/workspaces/default/firmwares/cf833be1-3e8e-a00a-a037-ad27a0fc0497/sbomComponents/",
            "name": "jquery:1.11.0",
            "type": "Microsoft.IoTFirmwareDefense/workspaces/firmwares/sbomComponents",
            "properties": {
              "componentId": "jquery:1.11.0",
              "componentName": "jquery",
              "version": "1.11.0",
              "license": "MIT",
              "filePaths": [
                "/GzipExtractor/1/decompressed.bin.extracted/TarballExtractor/1/tar-root/Centrifuge-exemplar/fakefs_root/var/www/js/jquery-1.11.0.min.js"
              ]
            }
          },
          {
            "id": "/subscriptions/07aed47b-60ad-4d6e-a07a-89b602418441/resourceGroups/sdk-tests-rg/providers/Microsoft.IoTFirmwareDefense/workspaces/default/firmwares/cf833be1-3e8e-a00a-a037-ad27a0fc0497/sbomComponents/",
            "name": "lodash:4.17.13",
            "type": "Microsoft.IoTFirmwareDefense/workspaces/firmwares/sbomComponents",
            "properties": {
              "componentId": "lodash:4.17.13",
              "componentName": "lodash",
              "version": "4.17.13",
              "license": "MIT",
              "filePaths": [
                "/GzipExtractor/1/decompressed.bin.extracted/TarballExtractor/1/tar-root/Centrifuge-exemplar/fakefs_root/var/www/js/lodash-4.17.13/lodash.min.js"
              ]
            }
          },
          {
            "id": "/subscriptions/07aed47b-60ad-4d6e-a07a-89b602418441/resourceGroups/sdk-tests-rg/providers/Microsoft.IoTFirmwareDefense/workspaces/default/firmwares/cf833be1-3e8e-a00a-a037-ad27a0fc0497/sbomComponents/",
            "name": "jquery:1.10.2",
            "type": "Microsoft.IoTFirmwareDefense/workspaces/firmwares/sbomComponents",
            "properties": {
              "componentId": "jquery:1.10.2",
              "componentName": "jquery",
              "version": "1.10.2",
              "license": "MIT",
              "filePaths": [
                "/GzipExtractor/1/decompressed.bin.extracted/TarballExtractor/1/tar-root/Centrifuge-exemplar/fakefs_root/var/www/js/jquery-1.10.2.min.js"
              ]
            }
          },
          {
            "id": "/subscriptions/07aed47b-60ad-4d6e-a07a-89b602418441/resourceGroups/sdk-tests-rg/providers/Microsoft.IoTFirmwareDefense/workspaces/default/firmwares/cf833be1-3e8e-a00a-a037-ad27a0fc0497/sbomComponents/",
            "name": "jquery:1.11.3",
            "type": "Microsoft.IoTFirmwareDefense/workspaces/firmwares/sbomComponents",
            "properties": {
              "componentId": "jquery:1.11.3",
              "componentName": "jquery",
              "version": "1.11.3",
              "license": "MIT",
              "filePaths": [
                "/GzipExtractor/1/decompressed.bin.extracted/TarballExtractor/1/tar-root/Centrifuge-exemplar/fakefs_root/var/www/js/jquery-1.11.3.js"
              ]
            }
          },
          {
            "id": "/subscriptions/07aed47b-60ad-4d6e-a07a-89b602418441/resourceGroups/sdk-tests-rg/providers/Microsoft.IoTFirmwareDefense/workspaces/default/firmwares/cf833be1-3e8e-a00a-a037-ad27a0fc0497/sbomComponents/",
            "name": "lodash:4.17.0",
            "type": "Microsoft.IoTFirmwareDefense/workspaces/firmwares/sbomComponents",
            "properties": {
              "componentId": "lodash:4.17.0",
              "componentName": "lodash",
              "version": "4.17.0",
              "license": "MIT",
              "filePaths": [
                "/GzipExtractor/1/decompressed.bin.extracted/TarballExtractor/1/tar-root/Centrifuge-exemplar/fakefs_root/var/www/js/lodash-4.17.0/lodash.min.js"
              ]
            }
          }
        ]
      }
    }
  ],
  "Variables": {
    "RandomSeed": "571989054",
    "RESOURCE_MANAGER_URL": "https://management.azure.com/",
    "SUBSCRIPTION_ID": "264e9200-2944-4334-9a02-721e6268b55f"
  }
}
