{
  "Entries": [
    {
      "RequestUri": "https://management.azure.com/subscriptions/da1d7b9a-a759-41c8-bb73-093a1818e03a?api-version=2022-12-01",
      "RequestMethod": "GET",
      "RequestHeaders": {
        "Accept": "application/json",
        "Authorization": "Sanitized",
        "traceparent": "00-9afc8bca13ebad814b312b8c2bddfa7b-9c7742b3f43e1378-00",
        "User-Agent": "azsdk-net-ResourceManager/1.9.0 (.NET 7.0.14; Microsoft Windows 10.0.22621)",
        "x-ms-client-request-id": "3dccd97b10142f44a7779aa1f1b63d18",
        "x-ms-return-client-request-id": "true"
      },
      "RequestBody": null,
      "StatusCode": 200,
      "ResponseHeaders": {
        "Cache-Control": "no-cache",
        "Content-Length": "501",
        "Content-Type": "application/json; charset=utf-8",
        "Date": "Thu, 23 Nov 2023 09:46:31 GMT",
        "Expires": "-1",
        "Pragma": "no-cache",
        "Strict-Transport-Security": "max-age=31536000; includeSubDomains",
        "X-Content-Type-Options": "nosniff",
        "x-ms-correlation-request-id": "cab893de-8545-4c34-b631-633829a81e68",
        "x-ms-ratelimit-remaining-subscription-reads": "11996",
        "x-ms-request-id": "cab893de-8545-4c34-b631-633829a81e68",
        "x-ms-routing-request-id": "EASTUS:20231123T094631Z:cab893de-8545-4c34-b631-633829a81e68"
      },
      "ResponseBody": {
        "id": "/subscriptions/da1d7b9a-a759-41c8-bb73-093a1818e03a",
        "authorizationSource": "RoleBased",
        "managedByTenants": [
          {
            "tenantId": "2f4a9838-26b7-47ee-be60-ccc1fdec5953"
          }
        ],
        "tags": {
          "NRMS10318670": "20220720"
        },
        "subscriptionId": "da1d7b9a-a759-41c8-bb73-093a1818e03a",
        "tenantId": "72f988bf-86f1-41af-91ab-2d7cd011db47",
        "displayName": "ADMS_Test_Engineering_RichTransform",
        "state": "Enabled",
        "subscriptionPolicies": {
          "locationPlacementId": "Internal_2014-09-01",
          "quotaId": "Internal_2014-09-01",
          "spendingLimit": "Off"
        }
      }
    },
    {
      "RequestUri": "https://management.azure.com/subscriptions/da1d7b9a-a759-41c8-bb73-093a1818e03a/resourcegroups/adf-rg-element-2420?api-version=2022-09-01",
      "RequestMethod": "PUT",
      "RequestHeaders": {
        "Accept": "application/json",
        "Authorization": "Sanitized",
        "Content-Length": "22",
        "Content-Type": "application/json",
        "traceparent": "00-b5e0ebb4ab625bb7604d17c9173b3058-b2ada5055044fe7a-00",
        "User-Agent": "azsdk-net-ResourceManager/1.9.0 (.NET 7.0.14; Microsoft Windows 10.0.22621)",
        "x-ms-client-request-id": "8dc7eacbfc23df95c69bc6e8468cc95d",
        "x-ms-return-client-request-id": "true"
      },
      "RequestBody": {
        "location": "westus2"
      },
      "StatusCode": 201,
      "ResponseHeaders": {
        "Cache-Control": "no-cache",
        "Content-Length": "236",
        "Content-Type": "application/json; charset=utf-8",
        "Date": "Thu, 23 Nov 2023 09:46:31 GMT",
        "Expires": "-1",
        "Pragma": "no-cache",
        "Strict-Transport-Security": "max-age=31536000; includeSubDomains",
        "X-Content-Type-Options": "nosniff",
        "x-ms-correlation-request-id": "1f3c8e85-74cf-41ae-a5d0-a16c63f83fe5",
        "x-ms-ratelimit-remaining-subscription-writes": "1151",
        "x-ms-request-id": "1f3c8e85-74cf-41ae-a5d0-a16c63f83fe5",
        "x-ms-routing-request-id": "EASTUS:20231123T094631Z:1f3c8e85-74cf-41ae-a5d0-a16c63f83fe5"
      },
      "ResponseBody": {
        "id": "/subscriptions/da1d7b9a-a759-41c8-bb73-093a1818e03a/resourceGroups/adf-rg-element-2420",
        "name": "adf-rg-element-2420",
        "type": "Microsoft.Resources/resourceGroups",
        "location": "westus2",
        "properties": {
          "provisioningState": "Succeeded"
        }
      }
    },
    {
      "RequestUri": "https://management.azure.com/subscriptions/da1d7b9a-a759-41c8-bb73-093a1818e03a/resourceGroups/adf-rg-element-2420/providers/Microsoft.DataFactory/factories/adf-element-8711?api-version=2018-06-01",
      "RequestMethod": "PUT",
      "RequestHeaders": {
        "Accept": "application/json",
        "Authorization": "Sanitized",
        "Content-Length": "48",
        "Content-Type": "application/json",
        "traceparent": "00-29b54f966d13c2ccbfc82978be2633b3-d89bbcba0bdb449a-00",
        "User-Agent": "azsdk-net-ResourceManager.DataFactory/1.0.0-alpha.20231123.1 (.NET 7.0.14; Microsoft Windows 10.0.22621)",
        "x-ms-client-request-id": "4d1fa0a57ae312409d0e676fd765197d",
        "x-ms-return-client-request-id": "true"
      },
      "RequestBody": {
        "location": "westus2",
        "properties": {}
      },
      "StatusCode": 200,
      "ResponseHeaders": {
        "Cache-Control": "no-cache",
        "Content-Length": "466",
        "Content-Type": "application/json; charset=utf-8",
        "Date": "Thu, 23 Nov 2023 09:46:33 GMT",
        "Expires": "-1",
        "Pragma": "no-cache",
        "Server": "Kestrel",
        "Strict-Transport-Security": "max-age=31536000; includeSubDomains",
        "X-Content-Type-Options": "nosniff",
        "x-ms-correlation-request-id": "bc3b7d13-2554-434a-aa69-c8704b6050ac",
        "x-ms-ratelimit-remaining-subscription-writes": "1150",
        "x-ms-request-id": "bc3b7d13-2554-434a-aa69-c8704b6050ac",
        "x-ms-routing-request-id": "EASTUS:20231123T094633Z:bc3b7d13-2554-434a-aa69-c8704b6050ac"
      },
      "ResponseBody": {
        "name": "adf-element-8711",
        "id": "/subscriptions/da1d7b9a-a759-41c8-bb73-093a1818e03a/resourceGroups/adf-rg-element-2420/providers/Microsoft.DataFactory/factories/adf-element-8711",
        "type": "Microsoft.DataFactory/factories",
        "properties": {
          "provisioningState": "Succeeded",
          "createTime": "2023-11-23T09:46:33.3573876Z",
          "version": "2018-06-01"
        },
        "eTag": "\u00229d04d0f7-0000-0800-0000-655f1f790000\u0022",
        "location": "westus2",
        "tags": {}
      }
    },
    {
      "RequestUri": "https://management.azure.com/subscriptions/da1d7b9a-a759-41c8-bb73-093a1818e03a/resourceGroups/adf-rg-element-2420/providers/Microsoft.DataFactory/factories/adf-element-8711/linkedservices/LinkedService7111?api-version=2018-06-01",
      "RequestMethod": "PUT",
      "RequestHeaders": {
        "Accept": "application/json",
        "Authorization": "Sanitized",
        "Content-Length": "108",
        "Content-Type": "application/json",
        "traceparent": "00-0b07a6c55c57282118f6599f400f5e27-7fd9c2a0e011662c-00",
        "User-Agent": "azsdk-net-ResourceManager.DataFactory/1.0.0-alpha.20231123.1 (.NET 7.0.14; Microsoft Windows 10.0.22621)",
        "x-ms-client-request-id": "e1114dda437e77ed784a5be81bae3ce0",
        "x-ms-return-client-request-id": "true"
      },
      "RequestBody": {
        "properties": {
          "type": "AzureKeyVault",
          "typeProperties": {
            "baseUrl": "https://adms-test-kv.vault.azure.net/"
          }
        }
      },
      "StatusCode": 200,
      "ResponseHeaders": {
        "Cache-Control": "no-cache",
        "Content-Length": "472",
        "Content-Type": "application/json; charset=utf-8",
        "Date": "Thu, 23 Nov 2023 09:46:33 GMT",
        "Expires": "-1",
        "Pragma": "no-cache",
        "Server": "Kestrel",
        "Strict-Transport-Security": "max-age=31536000; includeSubDomains",
        "X-Content-Type-Options": "nosniff",
        "x-ms-correlation-request-id": "96d19d77-2f1d-4aa1-ae74-0606dfa0e20c",
        "x-ms-ratelimit-remaining-subscription-writes": "1149",
        "x-ms-request-id": "96d19d77-2f1d-4aa1-ae74-0606dfa0e20c",
        "x-ms-routing-request-id": "EASTUS:20231123T094633Z:96d19d77-2f1d-4aa1-ae74-0606dfa0e20c"
      },
      "ResponseBody": {
        "id": "/subscriptions/da1d7b9a-a759-41c8-bb73-093a1818e03a/resourceGroups/adf-rg-element-2420/providers/Microsoft.DataFactory/factories/adf-element-8711/linkedservices/LinkedService7111",
        "name": "LinkedService7111",
        "type": "Microsoft.DataFactory/factories/linkedservices",
        "properties": {
          "type": "AzureKeyVault",
          "typeProperties": {
            "baseUrl": "https://adms-test-kv.vault.azure.net/"
          }
        },
        "etag": "8c013a66-0000-0800-0000-655f1f790000"
      }
    },
    {
      "RequestUri": "https://management.azure.com/subscriptions/da1d7b9a-a759-41c8-bb73-093a1818e03a/resourceGroups/adf-rg-element-2420/providers/Microsoft.DataFactory/factories/adf-element-8711/linkedservices/LinkedService576?api-version=2018-06-01",
      "RequestMethod": "PUT",
      "RequestHeaders": {
        "Accept": "application/json",
        "Authorization": "Sanitized",
        "Content-Length": "217",
        "Content-Type": "application/json",
        "traceparent": "00-b3e9018c7c167df5dde5358ecc604c7a-ebf9adfa66f3497e-00",
        "User-Agent": "azsdk-net-ResourceManager.DataFactory/1.0.0-alpha.20231123.1 (.NET 7.0.14; Microsoft Windows 10.0.22621)",
        "x-ms-client-request-id": "ca1e154b70e77a8685ee2e6fee36ac6b",
        "x-ms-return-client-request-id": "true"
      },
      "RequestBody": {
        "properties": {
          "type": "AzureSqlDatabase",
          "typeProperties": {
            "connectionString": {
              "store": {
                "type": "LinkedServiceReference",
                "referenceName": "LinkedService7111"
              },
              "secretName": "AzureSDKTest",
              "type": "AzureKeyVaultSecret"
            }
          }
        }
      },
      "StatusCode": 200,
      "ResponseHeaders": {
        "Cache-Control": "no-cache",
        "Content-Length": "649",
        "Content-Type": "application/json; charset=utf-8",
        "Date": "Thu, 23 Nov 2023 09:46:34 GMT",
        "Expires": "-1",
        "Pragma": "no-cache",
        "Server": "Kestrel",
        "Strict-Transport-Security": "max-age=31536000; includeSubDomains",
        "X-Content-Type-Options": "nosniff",
        "x-ms-correlation-request-id": "8f99d991-2791-4efc-b7e3-3321c20789e0",
        "x-ms-ratelimit-remaining-subscription-writes": "1148",
        "x-ms-request-id": "8f99d991-2791-4efc-b7e3-3321c20789e0",
        "x-ms-routing-request-id": "EASTUS:20231123T094634Z:8f99d991-2791-4efc-b7e3-3321c20789e0"
      },
      "ResponseBody": {
        "id": "/subscriptions/da1d7b9a-a759-41c8-bb73-093a1818e03a/resourceGroups/adf-rg-element-2420/providers/Microsoft.DataFactory/factories/adf-element-8711/linkedservices/LinkedService576",
        "name": "LinkedService576",
        "type": "Microsoft.DataFactory/factories/linkedservices",
        "properties": {
          "type": "AzureSqlDatabase",
          "typeProperties": {
            "connectionString": {
              "store": {
                "type": "LinkedServiceReference",
                "referenceName": "LinkedService7111"
              },
              "secretName": "AzureSDKTest",
              "type": "AzureKeyVaultSecret"
            }
          }
        },
        "etag": "8c013f66-0000-0800-0000-655f1f7a0000"
      }
    }
  ],
  "Variables": {
    "AZURE_AUTHORITY_HOST": null,
    "RandomSeed": "939314488",
    "RESOURCE_MANAGER_URL": null,
    "SUBSCRIPTION_ID": "da1d7b9a-a759-41c8-bb73-093a1818e03a"
  }
}
