{
  "Entries": [
    {
      "RequestUri": "https://fakestorageaccount.blob.core.windows.net/?restype=service\u0026comp=userdelegationkey",
      "RequestMethod": "POST",
      "RequestHeaders": {
        "Accept": "application/xml",
        "Authorization": "Sanitized",
        "Connection": "keep-alive",
        "Content-Length": "146",
        "Content-Type": "application/xml",
        "User-Agent": "azsdk-js-azure-storage-blob/12.20.0 core-rest-pipeline/1.12.2 Node/v18.16.0 OS/(x64-Windows_NT-10.0.22621)",
        "x-ms-client-request-id": "777f7b70-4675-45ee-8925-9a030c984d85",
        "x-ms-version": "2023-08-03"
      },
      "RequestBody": "\u003C?xml version=\u00221.0\u0022 encoding=\u0022UTF-8\u0022 standalone=\u0022yes\u0022?\u003E\u003CKeyInfo\u003E\u003CStart\u003E2023-10-16T07:57:11Z\u003C/Start\u003E\u003CExpiry\u003E2023-10-21T08:57:11Z\u003C/Expiry\u003E\u003C/KeyInfo\u003E",
      "StatusCode": 200,
      "ResponseHeaders": {
        "Content-Type": "application/xml",
        "Date": "Mon, 16 Oct 2023 08:57:12 GMT",
        "Server": [
          "Windows-Azure-Blob/1.0",
          "Microsoft-HTTPAPI/2.0"
        ],
        "Transfer-Encoding": "chunked",
        "x-ms-client-request-id": "777f7b70-4675-45ee-8925-9a030c984d85",
        "x-ms-request-id": "a35c3a65-401e-006e-1a0e-00c60e000000",
        "x-ms-version": "2023-08-03"
      },
      "ResponseBody": "\uFEFF\u003C?xml version=\u00221.0\u0022 encoding=\u0022utf-8\u0022?\u003E\u003CUserDelegationKey\u003E\u003CSignedOid\u003E3d0dde36-a773-4f66-8790-9179e20f18ba\u003C/SignedOid\u003E\u003CSignedTid\u003Eaaaaa\u003C/SignedTid\u003E\u003CSignedStart\u003E2023-10-16T07:57:11Z\u003C/SignedStart\u003E\u003CSignedExpiry\u003E2023-10-21T08:57:11Z\u003C/SignedExpiry\u003E\u003CSignedService\u003Eb\u003C/SignedService\u003E\u003CSignedVersion\u003E2023-08-03\u003C/SignedVersion\u003E\u003CValue\u003EeekvVktPx0aJXC6zGc4rQxFUQfukd9FmNznv9\u002BPx/vg=\u003C/Value\u003E\u003C/UserDelegationKey\u003E"
    },
    {
      "RequestUri": "https://fakestorageaccount.blob.core.windows.net/container169744663246802013?restype=container",
      "RequestMethod": "PUT",
      "RequestHeaders": {
        "Accept": "application/xml",
        "Authorization": "Sanitized",
        "Connection": "keep-alive",
        "Content-Length": "0",
        "User-Agent": "azsdk-js-azure-storage-blob/12.20.0 core-rest-pipeline/1.12.2 Node/v18.16.0 OS/(x64-Windows_NT-10.0.22621)",
        "x-ms-client-request-id": "dfbb98b8-d196-45a9-bd88-e3f7fda5f163",
        "x-ms-version": "2023-08-03"
      },
      "RequestBody": null,
      "StatusCode": 201,
      "ResponseHeaders": {
        "Content-Length": "0",
        "Date": "Mon, 16 Oct 2023 08:57:12 GMT",
        "ETag": "\u00220x8DBCE25E3A7E847\u0022",
        "Last-Modified": "Mon, 16 Oct 2023 08:57:13 GMT",
        "Server": [
          "Windows-Azure-Blob/1.0",
          "Microsoft-HTTPAPI/2.0"
        ],
        "x-ms-client-request-id": "dfbb98b8-d196-45a9-bd88-e3f7fda5f163",
        "x-ms-request-id": "a35c3aa9-401e-006e-500e-00c60e000000",
        "x-ms-version": "2023-08-03"
      },
      "ResponseBody": null
    },
    {
      "RequestUri": "https://fakestorageaccount.blob.core.windows.net/container169744663246802013/blob169744663265404506",
      "RequestMethod": "PUT",
      "RequestHeaders": {
        "Accept": "application/xml",
        "Authorization": "Sanitized",
        "Connection": "keep-alive",
        "Content-Length": "11",
        "Content-Type": "application/octet-stream",
        "User-Agent": "azsdk-js-azure-storage-blob/12.20.0 core-rest-pipeline/1.12.2 Node/v18.16.0 OS/(x64-Windows_NT-10.0.22621)",
        "x-ms-blob-type": "BlockBlob",
        "x-ms-client-request-id": "54c0067f-6adc-4ccf-9e8b-24ba832f5f88",
        "x-ms-version": "2023-08-03"
      },
      "RequestBody": "SGVsbG8gV29ybGQ=",
      "StatusCode": 201,
      "ResponseHeaders": {
        "Content-Length": "0",
        "Content-MD5": "sQqNsWTgdUEFt6mb5y4/5Q==",
        "Date": "Mon, 16 Oct 2023 08:57:12 GMT",
        "ETag": "\u00220x8DBCE25E3C060C6\u0022",
        "Last-Modified": "Mon, 16 Oct 2023 08:57:13 GMT",
        "Server": [
          "Windows-Azure-Blob/1.0",
          "Microsoft-HTTPAPI/2.0"
        ],
        "x-ms-client-request-id": "54c0067f-6adc-4ccf-9e8b-24ba832f5f88",
        "x-ms-content-crc64": "YeJLfssylmU=",
        "x-ms-request-id": "a35c3b0b-401e-006e-1d0e-00c60e000000",
        "x-ms-request-server-encrypted": "true",
        "x-ms-version": "2023-08-03",
        "x-ms-version-id": "2023-10-16T08:57:13.3214679Z"
      },
      "ResponseBody": null
    },
    {
      "RequestUri": "https://fakestorageaccount.blob.core.windows.net/container169744663246802013?skoid=3d0dde36-a773-4f66-8790-9179e20f18ba\u0026sktid=00000000-0000-0000-0000-000000000000\u0026skt=2023-10-16T07%3A57%3A11Z\u0026ske=2023-10-21T08%3A57%3A11Z\u0026sks=b\u0026skv=2023-08-03\u0026comp=list\u0026restype=container",
      "RequestMethod": "GET",
      "RequestHeaders": {
        "Accept": "application/xml",
        "Connection": "keep-alive",
        "User-Agent": "azsdk-js-azure-storage-blob/12.20.0 core-rest-pipeline/1.12.2 Node/v18.16.0 OS/(x64-Windows_NT-10.0.22621)",
        "x-ms-client-request-id": "cb7f34d8-1ae8-4ed7-b85c-b6826b0e1792",
        "x-ms-version": "2023-08-03"
      },
      "RequestBody": null,
      "StatusCode": 200,
      "ResponseHeaders": {
        "Access-Control-Allow-Origin": "*",
        "Access-Control-Expose-Headers": "x-ms-request-id,x-ms-client-request-id,Server,x-ms-version,Content-Type,Content-Length,Date,Transfer-Encoding",
        "Content-Type": "application/xml",
        "Date": "Mon, 16 Oct 2023 08:57:12 GMT",
        "Server": [
          "Windows-Azure-Blob/1.0",
          "Microsoft-HTTPAPI/2.0"
        ],
        "Transfer-Encoding": "chunked",
        "x-ms-client-request-id": "cb7f34d8-1ae8-4ed7-b85c-b6826b0e1792",
        "x-ms-request-id": "a35c3b36-401e-006e-460e-00c60e000000",
        "x-ms-version": "2023-08-03"
      },
      "ResponseBody": "\uFEFF\u003C?xml version=\u00221.0\u0022 encoding=\u0022utf-8\u0022?\u003E\u003CEnumerationResults ServiceEndpoint=\u0022https://fakestorageaccount.blob.core.windows.net/\u0022 ContainerName=\u0022container169744663246802013\u0022\u003E\u003CBlobs\u003E\u003CBlob\u003E\u003CName\u003Eblob169744663265404506\u003C/Name\u003E\u003CVersionId\u003E2023-10-16T08:57:13.3214679Z\u003C/VersionId\u003E\u003CIsCurrentVersion\u003Etrue\u003C/IsCurrentVersion\u003E\u003CProperties\u003E\u003CCreation-Time\u003EMon, 16 Oct 2023 08:57:13 GMT\u003C/Creation-Time\u003E\u003CLast-Modified\u003EMon, 16 Oct 2023 08:57:13 GMT\u003C/Last-Modified\u003E\u003CEtag\u003E0x8DBCE25E3C060C6\u003C/Etag\u003E\u003CContent-Length\u003E11\u003C/Content-Length\u003E\u003CContent-Type\u003Eapplication/octet-stream\u003C/Content-Type\u003E\u003CContent-Encoding /\u003E\u003CContent-Language /\u003E\u003CContent-CRC64 /\u003E\u003CContent-MD5\u003EsQqNsWTgdUEFt6mb5y4/5Q==\u003C/Content-MD5\u003E\u003CCache-Control /\u003E\u003CContent-Disposition /\u003E\u003CBlobType\u003EBlockBlob\u003C/BlobType\u003E\u003CAccessTier\u003EHot\u003C/AccessTier\u003E\u003CAccessTierInferred\u003Etrue\u003C/AccessTierInferred\u003E\u003CLeaseStatus\u003Eunlocked\u003C/LeaseStatus\u003E\u003CLeaseState\u003Eavailable\u003C/LeaseState\u003E\u003CServerEncrypted\u003Etrue\u003C/ServerEncrypted\u003E\u003C/Properties\u003E\u003COrMetadata /\u003E\u003C/Blob\u003E\u003C/Blobs\u003E\u003CNextMarker /\u003E\u003C/EnumerationResults\u003E"
    },
    {
      "RequestUri": "https://fakestorageaccount.blob.core.windows.net/container169744663246802013?restype=container",
      "RequestMethod": "DELETE",
      "RequestHeaders": {
        "Accept": "application/xml",
        "Authorization": "Sanitized",
        "Connection": "keep-alive",
        "User-Agent": "azsdk-js-azure-storage-blob/12.20.0 core-rest-pipeline/1.12.2 Node/v18.16.0 OS/(x64-Windows_NT-10.0.22621)",
        "x-ms-client-request-id": "42f07605-0208-45e1-9b37-8a1351e4a24f",
        "x-ms-version": "2023-08-03"
      },
      "RequestBody": null,
      "StatusCode": 202,
      "ResponseHeaders": {
        "Content-Length": "0",
        "Date": "Mon, 16 Oct 2023 08:57:12 GMT",
        "Server": [
          "Windows-Azure-Blob/1.0",
          "Microsoft-HTTPAPI/2.0"
        ],
        "x-ms-client-request-id": "42f07605-0208-45e1-9b37-8a1351e4a24f",
        "x-ms-request-id": "a35c3b81-401e-006e-090e-00c60e000000",
        "x-ms-version": "2023-08-03"
      },
      "ResponseBody": null
    }
  ],
  "Variables": {
    "blob": "blob169744663265404506",
    "container": "container169744663246802013",
    "now": "2023-10-16T08:57:11.889Z",
    "tmr": "2023-10-16T08:57:11.889Z"
  }
}
