{
  "Entries": [
    {
      "RequestUri": "https://fakesearchendpoint.search.windows.net/servicestats?api-version=2024-03-01-Preview",
      "RequestMethod": "GET",
      "RequestHeaders": {
        "Accept": "application/json;odata.metadata=minimal",
        "Accept-Encoding": "gzip, deflate",
        "Connection": "keep-alive",
        "User-Agent": "azsdk-python-search-documents/11.6.0b4 Python/3.10.11 (Windows-10-10.0.22631-SP0)"
      },
      "RequestBody": null,
      "StatusCode": 200,
      "ResponseHeaders": {
        "Content-Encoding": "gzip",
        "Content-Type": "application/json; odata.metadata=minimal; odata.streaming=true; charset=utf-8",
        "Date": "Wed, 10 Apr 2024 17:28:52 GMT",
        "elapsed-time": "50",
        "OData-Version": "4.0",
        "Preference-Applied": "odata.include-annotations=\"*\"",
        "request-id": "cd2dcf07-f75f-11ee-bf04-0022487ba588",
        "Server": "Microsoft-IIS/10.0",
        "Strict-Transport-Security": [
          "max-age=2592000",
          "max-age=15724800; includeSubDomains"
        ],
        "Transfer-Encoding": "chunked",
        "Vary": "Accept-Encoding"
      },
      "ResponseBody": {
        "@odata.context": "https://fakesearchendpoint.search.windows.net/$metadata#Microsoft.Azure.Search.V2024_03_01_Preview.ServiceStatistics",
        "counters": {
          "documentCount": {
            "usage": 12,
            "quota": null
          },
          "indexesCount": {
            "usage": 0,
            "quota": 50
          },
          "indexersCount": {
            "usage": 0,
            "quota": 50
          },
          "dataSourcesCount": {
            "usage": 0,
            "quota": 50
          },
          "storageSize": {
            "usage": 83375,
            "quota": 171798691840
          },
          "synonymMaps": {
            "usage": 0,
            "quota": 5
          },
          "skillsetCount": {
            "usage": 0,
            "quota": 50
          },
          "aliasesCount": {
            "usage": 0,
            "quota": 100
          },
          "vectorIndexSize": {
            "usage": 0,
            "quota": 37580963840
          }
        },
        "limits": {
          "maxFieldsPerIndex": 3000,
          "maxFieldNestingDepthPerIndex": 10,
          "maxComplexCollectionFieldsPerIndex": 40,
          "maxComplexObjectsInCollectionsPerDocument": 3000
        }
      }
    },
    {
      "RequestUri": "https://fakesearchendpoint.search.windows.net/indexes?api-version=2024-03-01-Preview",
      "RequestMethod": "GET",
      "RequestHeaders": {
        "Accept": "application/json;odata.metadata=minimal",
        "Accept-Encoding": "gzip, deflate",
        "Connection": "keep-alive",
        "User-Agent": "azsdk-python-search-documents/11.6.0b4 Python/3.10.11 (Windows-10-10.0.22631-SP0)"
      },
      "RequestBody": null,
      "StatusCode": 200,
      "ResponseHeaders": {
        "Content-Encoding": "gzip",
        "Content-Type": "application/json; odata.metadata=minimal; odata.streaming=true; charset=utf-8",
        "Date": "Wed, 10 Apr 2024 17:28:52 GMT",
        "elapsed-time": "12",
        "OData-Version": "4.0",
        "Preference-Applied": "odata.include-annotations=\"*\"",
        "request-id": "cd3c6451-f75f-11ee-850f-0022487ba588",
        "Server": "Microsoft-IIS/10.0",
        "Strict-Transport-Security": [
          "max-age=2592000",
          "max-age=15724800; includeSubDomains"
        ],
        "Transfer-Encoding": "chunked",
        "Vary": "Accept-Encoding"
      },
      "ResponseBody": {
        "@odata.context": "https://fakesearchendpoint.search.windows.net/$metadata#indexes",
        "value": []
      }
    },
    {
      "RequestUri": "https://fakesearchendpoint.search.windows.net/indexes?api-version=2024-03-01-Preview",
      "RequestMethod": "POST",
      "RequestHeaders": {
        "Accept": "application/json;odata.metadata=minimal",
        "Accept-Encoding": "gzip, deflate",
        "Connection": "keep-alive",
        "Content-Length": "457",
        "Content-Type": "application/json",
        "User-Agent": "azsdk-python-search-documents/11.6.0b4 Python/3.10.11 (Windows-10-10.0.22631-SP0)"
      },
      "RequestBody": {
        "name": "hotels",
        "fields": [
          {
            "name": "hotelId",
            "type": "Edm.String",
            "key": true,
            "retrievable": true,
            "searchable": false,
            "filterable": false,
            "sortable": false,
            "facetable": false
          },
          {
            "name": "baseRate",
            "type": "Edm.Double",
            "key": false,
            "retrievable": true,
            "searchable": false,
            "filterable": false,
            "sortable": false,
            "facetable": false
          }
        ],
        "scoringProfiles": [
          {
            "name": "MyProfile"
          }
        ],
        "corsOptions": {
          "allowedOrigins": [
            "*"
          ],
          "maxAgeInSeconds": 60
        }
      },
      "StatusCode": 201,
      "ResponseHeaders": {
        "Content-Type": "application/json; odata.metadata=minimal; odata.streaming=true; charset=utf-8",
        "Date": "Wed, 10 Apr 2024 17:28:52 GMT",
        "elapsed-time": "392",
        "ETag": "\"0x8DC5983B1B233C1\"",
        "Location": "https://fakesearchendpoint.search.windows.net/indexes('hotels')?api-version=2024-03-01-Preview",
        "OData-Version": "4.0",
        "Preference-Applied": "odata.include-annotations=\"*\"",
        "request-id": "cd4252e4-f75f-11ee-afa7-0022487ba588",
        "Server": "Microsoft-IIS/10.0",
        "Strict-Transport-Security": [
          "max-age=2592000",
          "max-age=15724800; includeSubDomains"
        ],
        "Transfer-Encoding": "chunked"
      },
      "ResponseBody": {
        "@odata.context": "https://fakesearchendpoint.search.windows.net/$metadata#indexes/$entity",
        "@odata.etag": "\"0x8DC5983B1B233C1\"",
        "name": "hotels",
        "defaultScoringProfile": null,
        "fields": [
          {
            "name": "hotelId",
            "type": "Edm.String",
            "searchable": false,
            "filterable": false,
            "retrievable": true,
            "stored": true,
            "sortable": false,
            "facetable": false,
            "key": true,
            "indexAnalyzer": null,
            "searchAnalyzer": null,
            "analyzer": null,
            "normalizer": null,
            "dimensions": null,
            "vectorSearchProfile": null,
            "synonymMaps": []
          },
          {
            "name": "baseRate",
            "type": "Edm.Double",
            "searchable": false,
            "filterable": false,
            "retrievable": true,
            "stored": true,
            "sortable": false,
            "facetable": false,
            "key": false,
            "indexAnalyzer": null,
            "searchAnalyzer": null,
            "analyzer": null,
            "normalizer": null,
            "dimensions": null,
            "vectorSearchProfile": null,
            "synonymMaps": []
          }
        ],
        "scoringProfiles": [
          {
            "name": "MyProfile",
            "functionAggregation": null,
            "text": null,
            "functions": []
          }
        ],
        "corsOptions": {
          "allowedOrigins": [
            "*"
          ],
          "maxAgeInSeconds": 60
        },
        "suggesters": [],
        "analyzers": [],
        "normalizers": [],
        "tokenizers": [],
        "tokenFilters": [],
        "charFilters": [],
        "encryptionKey": null,
        "similarity": {
          "@odata.type": "#Microsoft.Azure.Search.BM25Similarity",
          "k1": null,
          "b": null
        },
        "semantic": null,
        "vectorSearch": null
      }
    },
    {
      "RequestUri": "https://fakesearchendpoint.search.windows.net/indexes?api-version=2024-03-01-Preview",
      "RequestMethod": "GET",
      "RequestHeaders": {
        "Accept": "application/json;odata.metadata=minimal",
        "Accept-Encoding": "gzip, deflate",
        "Connection": "keep-alive",
        "User-Agent": "azsdk-python-search-documents/11.6.0b4 Python/3.10.11 (Windows-10-10.0.22631-SP0)"
      },
      "RequestBody": null,
      "StatusCode": 200,
      "ResponseHeaders": {
        "Content-Encoding": "gzip",
        "Content-Type": "application/json; odata.metadata=minimal; odata.streaming=true; charset=utf-8",
        "Date": "Wed, 10 Apr 2024 17:28:53 GMT",
        "elapsed-time": "22",
        "OData-Version": "4.0",
        "Preference-Applied": "odata.include-annotations=\"*\"",
        "request-id": "cd820e70-f75f-11ee-ae30-0022487ba588",
        "Server": "Microsoft-IIS/10.0",
        "Strict-Transport-Security": [
          "max-age=2592000",
          "max-age=15724800; includeSubDomains"
        ],
        "Transfer-Encoding": "chunked",
        "Vary": "Accept-Encoding"
      },
      "ResponseBody": {
        "@odata.context": "https://fakesearchendpoint.search.windows.net/$metadata#indexes",
        "value": [
          {
            "@odata.etag": "\"0x8DC5983B1B233C1\"",
            "name": "hotels",
            "defaultScoringProfile": null,
            "fields": [
              {
                "name": "hotelId",
                "type": "Edm.String",
                "searchable": false,
                "filterable": false,
                "retrievable": true,
                "stored": true,
                "sortable": false,
                "facetable": false,
                "key": true,
                "indexAnalyzer": null,
                "searchAnalyzer": null,
                "analyzer": null,
                "normalizer": null,
                "dimensions": null,
                "vectorSearchProfile": null,
                "synonymMaps": []
              },
              {
                "name": "baseRate",
                "type": "Edm.Double",
                "searchable": false,
                "filterable": false,
                "retrievable": true,
                "stored": true,
                "sortable": false,
                "facetable": false,
                "key": false,
                "indexAnalyzer": null,
                "searchAnalyzer": null,
                "analyzer": null,
                "normalizer": null,
                "dimensions": null,
                "vectorSearchProfile": null,
                "synonymMaps": []
              }
            ],
            "scoringProfiles": [
              {
                "name": "MyProfile",
                "functionAggregation": null,
                "text": null,
                "functions": []
              }
            ],
            "corsOptions": {
              "allowedOrigins": [
                "*"
              ],
              "maxAgeInSeconds": 60
            },
            "suggesters": [],
            "analyzers": [],
            "normalizers": [],
            "tokenizers": [],
            "tokenFilters": [],
            "charFilters": [],
            "encryptionKey": null,
            "similarity": {
              "@odata.type": "#Microsoft.Azure.Search.BM25Similarity",
              "k1": null,
              "b": null
            },
            "semantic": null,
            "vectorSearch": null
          }
        ]
      }
    },
    {
      "RequestUri": "https://fakesearchendpoint.search.windows.net/indexes('hotels')?api-version=2024-03-01-Preview",
      "RequestMethod": "GET",
      "RequestHeaders": {
        "Accept": "application/json;odata.metadata=minimal",
        "Accept-Encoding": "gzip, deflate",
        "Connection": "keep-alive",
        "User-Agent": "azsdk-python-search-documents/11.6.0b4 Python/3.10.11 (Windows-10-10.0.22631-SP0)"
      },
      "RequestBody": null,
      "StatusCode": 200,
      "ResponseHeaders": {
        "Content-Encoding": "gzip",
        "Content-Type": "application/json; odata.metadata=minimal; odata.streaming=true; charset=utf-8",
        "Date": "Wed, 10 Apr 2024 17:28:53 GMT",
        "elapsed-time": "28",
        "ETag": "\"0x8DC5983B1B233C1\"",
        "OData-Version": "4.0",
        "Preference-Applied": "odata.include-annotations=\"*\"",
        "request-id": "cd898275-f75f-11ee-a322-0022487ba588",
        "Server": "Microsoft-IIS/10.0",
        "Strict-Transport-Security": [
          "max-age=2592000",
          "max-age=15724800; includeSubDomains"
        ],
        "Transfer-Encoding": "chunked",
        "Vary": "Accept-Encoding"
      },
      "ResponseBody": {
        "@odata.context": "https://fakesearchendpoint.search.windows.net/$metadata#indexes/$entity",
        "@odata.etag": "\"0x8DC5983B1B233C1\"",
        "name": "hotels",
        "defaultScoringProfile": null,
        "fields": [
          {
            "name": "hotelId",
            "type": "Edm.String",
            "searchable": false,
            "filterable": false,
            "retrievable": true,
            "stored": true,
            "sortable": false,
            "facetable": false,
            "key": true,
            "indexAnalyzer": null,
            "searchAnalyzer": null,
            "analyzer": null,
            "normalizer": null,
            "dimensions": null,
            "vectorSearchProfile": null,
            "synonymMaps": []
          },
          {
            "name": "baseRate",
            "type": "Edm.Double",
            "searchable": false,
            "filterable": false,
            "retrievable": true,
            "stored": true,
            "sortable": false,
            "facetable": false,
            "key": false,
            "indexAnalyzer": null,
            "searchAnalyzer": null,
            "analyzer": null,
            "normalizer": null,
            "dimensions": null,
            "vectorSearchProfile": null,
            "synonymMaps": []
          }
        ],
        "scoringProfiles": [
          {
            "name": "MyProfile",
            "functionAggregation": null,
            "text": null,
            "functions": []
          }
        ],
        "corsOptions": {
          "allowedOrigins": [
            "*"
          ],
          "maxAgeInSeconds": 60
        },
        "suggesters": [],
        "analyzers": [],
        "normalizers": [],
        "tokenizers": [],
        "tokenFilters": [],
        "charFilters": [],
        "encryptionKey": null,
        "similarity": {
          "@odata.type": "#Microsoft.Azure.Search.BM25Similarity",
          "k1": null,
          "b": null
        },
        "semantic": null,
        "vectorSearch": null
      }
    },
    {
      "RequestUri": "https://fakesearchendpoint.search.windows.net/indexes('hotels')/search.stats?api-version=2024-03-01-Preview",
      "RequestMethod": "GET",
      "RequestHeaders": {
        "Accept": "application/json;odata.metadata=minimal",
        "Accept-Encoding": "gzip, deflate",
        "Connection": "keep-alive",
        "User-Agent": "azsdk-python-search-documents/11.6.0b4 Python/3.10.11 (Windows-10-10.0.22631-SP0)"
      },
      "RequestBody": null,
      "StatusCode": 200,
      "ResponseHeaders": {
        "Content-Encoding": "gzip",
        "Content-Type": "application/json; odata.metadata=minimal; odata.streaming=true; charset=utf-8",
        "Date": "Wed, 10 Apr 2024 17:28:53 GMT",
        "elapsed-time": "16",
        "OData-Version": "4.0",
        "Preference-Applied": "odata.include-annotations=\"*\"",
        "request-id": "cd91e70b-f75f-11ee-8149-0022487ba588",
        "Server": "Microsoft-IIS/10.0",
        "Strict-Transport-Security": [
          "max-age=2592000",
          "max-age=15724800; includeSubDomains"
        ],
        "Transfer-Encoding": "chunked",
        "Vary": "Accept-Encoding"
      },
      "ResponseBody": {
        "@odata.context": "https://fakesearchendpoint.search.windows.net/$metadata#Microsoft.Azure.Search.V2024_03_01_Preview.IndexStatistics",
        "documentCount": 0,
        "storageSize": 0,
        "vectorIndexSize": 0
      }
    },
    {
      "RequestUri": "https://fakesearchendpoint.search.windows.net/indexes?api-version=2024-03-01-Preview",
      "RequestMethod": "POST",
      "RequestHeaders": {
        "Accept": "application/json;odata.metadata=minimal",
        "Accept-Encoding": "gzip, deflate",
        "Connection": "keep-alive",
        "Content-Length": "274",
        "Content-Type": "application/json",
        "User-Agent": "azsdk-python-search-documents/11.6.0b4 Python/3.10.11 (Windows-10-10.0.22631-SP0)"
      },
      "RequestBody": {
        "name": "hotels-del-unchanged",
        "fields": [
          {
            "name": "hotelId",
            "type": "Edm.String",
            "key": true,
            "searchable": false
          },
          {
            "name": "baseRate",
            "type": "Edm.Double"
          }
        ],
        "scoringProfiles": [
          {
            "name": "MyProfile"
          }
        ],
        "corsOptions": {
          "allowedOrigins": [
            "*"
          ],
          "maxAgeInSeconds": 60
        }
      },
      "StatusCode": 201,
      "ResponseHeaders": {
        "Content-Type": "application/json; odata.metadata=minimal; odata.streaming=true; charset=utf-8",
        "Date": "Wed, 10 Apr 2024 17:28:53 GMT",
        "elapsed-time": "501",
        "ETag": "\"0x8DC5983B2158ECE\"",
        "Location": "https://fakesearchendpoint.search.windows.net/indexes('hotels-del-unchanged')?api-version=2024-03-01-Preview",
        "OData-Version": "4.0",
        "Preference-Applied": "odata.include-annotations=\"*\"",
        "request-id": "cd98714c-f75f-11ee-9ace-0022487ba588",
        "Server": "Microsoft-IIS/10.0",
        "Strict-Transport-Security": [
          "max-age=2592000",
          "max-age=15724800; includeSubDomains"
        ],
        "Transfer-Encoding": "chunked"
      },
      "ResponseBody": {
        "@odata.context": "https://fakesearchendpoint.search.windows.net/$metadata#indexes/$entity",
        "@odata.etag": "\"0x8DC5983B2158ECE\"",
        "name": "hotels-del-unchanged",
        "defaultScoringProfile": null,
        "fields": [
          {
            "name": "hotelId",
            "type": "Edm.String",
            "searchable": false,
            "filterable": true,
            "retrievable": true,
            "stored": true,
            "sortable": true,
            "facetable": true,
            "key": true,
            "indexAnalyzer": null,
            "searchAnalyzer": null,
            "analyzer": null,
            "normalizer": null,
            "dimensions": null,
            "vectorSearchProfile": null,
            "synonymMaps": []
          },
          {
            "name": "baseRate",
            "type": "Edm.Double",
            "searchable": false,
            "filterable": true,
            "retrievable": true,
            "stored": true,
            "sortable": true,
            "facetable": true,
            "key": false,
            "indexAnalyzer": null,
            "searchAnalyzer": null,
            "analyzer": null,
            "normalizer": null,
            "dimensions": null,
            "vectorSearchProfile": null,
            "synonymMaps": []
          }
        ],
        "scoringProfiles": [
          {
            "name": "MyProfile",
            "functionAggregation": null,
            "text": null,
            "functions": []
          }
        ],
        "corsOptions": {
          "allowedOrigins": [
            "*"
          ],
          "maxAgeInSeconds": 60
        },
        "suggesters": [],
        "analyzers": [],
        "normalizers": [],
        "tokenizers": [],
        "tokenFilters": [],
        "charFilters": [],
        "encryptionKey": null,
        "similarity": {
          "@odata.type": "#Microsoft.Azure.Search.BM25Similarity",
          "k1": null,
          "b": null
        },
        "semantic": null,
        "vectorSearch": null
      }
    },
    {
      "RequestUri": "https://fakesearchendpoint.search.windows.net/indexes('hotels-del-unchanged')?api-version=2024-03-01-Preview",
      "RequestMethod": "PUT",
      "RequestHeaders": {
        "Accept": "application/json;odata.metadata=minimal",
        "Accept-Encoding": "gzip, deflate",
        "Connection": "keep-alive",
        "Content-Length": "253",
        "Content-Type": "application/json",
        "Prefer": "return=representation",
        "User-Agent": "azsdk-python-search-documents/11.6.0b4 Python/3.10.11 (Windows-10-10.0.22631-SP0)"
      },
      "RequestBody": {
        "name": "hotels-del-unchanged",
        "fields": [
          {
            "name": "hotelId",
            "type": "Edm.String",
            "key": true,
            "searchable": false
          },
          {
            "name": "baseRate",
            "type": "Edm.Double"
          }
        ],
        "scoringProfiles": [],
        "corsOptions": {
          "allowedOrigins": [
            "*"
          ],
          "maxAgeInSeconds": 60
        }
      },
      "StatusCode": 200,
      "ResponseHeaders": {
        "Content-Encoding": "gzip",
        "Content-Type": "application/json; odata.metadata=minimal; odata.streaming=true; charset=utf-8",
        "Date": "Wed, 10 Apr 2024 17:28:53 GMT",
        "elapsed-time": "210",
        "ETag": "\"0x8DC5983B23D0E97\"",
        "OData-Version": "4.0",
        "Preference-Applied": "odata.include-annotations=\"*\"",
        "request-id": "cde8fb93-f75f-11ee-b1b9-0022487ba588",
        "Server": "Microsoft-IIS/10.0",
        "Strict-Transport-Security": [
          "max-age=2592000",
          "max-age=15724800; includeSubDomains"
        ],
        "Transfer-Encoding": "chunked",
        "Vary": "Accept-Encoding"
      },
      "ResponseBody": {
        "@odata.context": "https://fakesearchendpoint.search.windows.net/$metadata#indexes/$entity",
        "@odata.etag": "\"0x8DC5983B23D0E97\"",
        "name": "hotels-del-unchanged",
        "defaultScoringProfile": null,
        "fields": [
          {
            "name": "hotelId",
            "type": "Edm.String",
            "searchable": false,
            "filterable": true,
            "retrievable": true,
            "stored": true,
            "sortable": true,
            "facetable": true,
            "key": true,
            "indexAnalyzer": null,
            "searchAnalyzer": null,
            "analyzer": null,
            "normalizer": null,
            "dimensions": null,
            "vectorSearchProfile": null,
            "synonymMaps": []
          },
          {
            "name": "baseRate",
            "type": "Edm.Double",
            "searchable": false,
            "filterable": true,
            "retrievable": true,
            "stored": true,
            "sortable": true,
            "facetable": true,
            "key": false,
            "indexAnalyzer": null,
            "searchAnalyzer": null,
            "analyzer": null,
            "normalizer": null,
            "dimensions": null,
            "vectorSearchProfile": null,
            "synonymMaps": []
          }
        ],
        "scoringProfiles": [],
        "corsOptions": {
          "allowedOrigins": [
            "*"
          ],
          "maxAgeInSeconds": 60
        },
        "suggesters": [],
        "analyzers": [],
        "normalizers": [],
        "tokenizers": [],
        "tokenFilters": [],
        "charFilters": [],
        "encryptionKey": null,
        "similarity": {
          "@odata.type": "#Microsoft.Azure.Search.BM25Similarity",
          "k1": null,
          "b": null
        },
        "semantic": null,
        "vectorSearch": null
      }
    },
    {
      "RequestUri": "https://fakesearchendpoint.search.windows.net/indexes('hotels-del-unchanged')?api-version=2024-03-01-Preview",
      "RequestMethod": "DELETE",
      "RequestHeaders": {
        "Accept": "application/json;odata.metadata=minimal",
        "Accept-Encoding": "gzip, deflate",
        "Connection": "keep-alive",
        "Content-Length": "0",
        "If-Match": "\"0x8DC5983B2158ECE\"",
        "User-Agent": "azsdk-python-search-documents/11.6.0b4 Python/3.10.11 (Windows-10-10.0.22631-SP0)"
      },
      "RequestBody": null,
      "StatusCode": 412,
      "ResponseHeaders": {
        "Cache-Control": "no-store, no-cache",
        "Content-Language": "en",
        "Content-Length": "160",
        "Content-Type": "application/json; charset=utf-8",
        "Date": "Wed, 10 Apr 2024 17:28:53 GMT",
        "elapsed-time": "77",
        "Expires": "-1",
        "Pragma": "no-cache",
        "request-id": "ce0cffaa-f75f-11ee-bd5a-0022487ba588",
        "Server": "Microsoft-IIS/10.0",
        "Strict-Transport-Security": "max-age=15724800; includeSubDomains"
      },
      "ResponseBody": {
        "error": {
          "code": "",
          "message": "The precondition given in one of the request headers evaluated to false. No change was made to the resource from this request."
        }
      }
    },
    {
      "RequestUri": "https://fakesearchendpoint.search.windows.net/indexes('hotels-cou')?api-version=2024-03-01-Preview",
      "RequestMethod": "PUT",
      "RequestHeaders": {
        "Accept": "application/json;odata.metadata=minimal",
        "Accept-Encoding": "gzip, deflate",
        "Connection": "keep-alive",
        "Content-Length": "440",
        "Content-Type": "application/json",
        "Prefer": "return=representation",
        "User-Agent": "azsdk-python-search-documents/11.6.0b4 Python/3.10.11 (Windows-10-10.0.22631-SP0)"
      },
      "RequestBody": {
        "name": "hotels-cou",
        "fields": [
          {
            "name": "hotelId",
            "type": "Edm.String",
            "key": true,
            "retrievable": true,
            "searchable": false,
            "filterable": false,
            "sortable": false,
            "facetable": false
          },
          {
            "name": "baseRate",
            "type": "Edm.Double",
            "key": false,
            "retrievable": true,
            "searchable": false,
            "filterable": false,
            "sortable": false,
            "facetable": false
          }
        ],
        "scoringProfiles": [],
        "corsOptions": {
          "allowedOrigins": [
            "*"
          ],
          "maxAgeInSeconds": 60
        }
      },
      "StatusCode": 201,
      "ResponseHeaders": {
        "Content-Type": "application/json; odata.metadata=minimal; odata.streaming=true; charset=utf-8",
        "Date": "Wed, 10 Apr 2024 17:28:54 GMT",
        "elapsed-time": "433",
        "ETag": "\"0x8DC5983B29248B7\"",
        "Location": "https://fakesearchendpoint.search.windows.net/indexes('hotels-cou')?api-version=2024-03-01-Preview",
        "OData-Version": "4.0",
        "Preference-Applied": "odata.include-annotations=\"*\"",
        "request-id": "ce1cb0ea-f75f-11ee-8a55-0022487ba588",
        "Server": "Microsoft-IIS/10.0",
        "Strict-Transport-Security": [
          "max-age=2592000",
          "max-age=15724800; includeSubDomains"
        ],
        "Transfer-Encoding": "chunked"
      },
      "ResponseBody": {
        "@odata.context": "https://fakesearchendpoint.search.windows.net/$metadata#indexes/$entity",
        "@odata.etag": "\"0x8DC5983B29248B7\"",
        "name": "hotels-cou",
        "defaultScoringProfile": null,
        "fields": [
          {
            "name": "hotelId",
            "type": "Edm.String",
            "searchable": false,
            "filterable": false,
            "retrievable": true,
            "stored": true,
            "sortable": false,
            "facetable": false,
            "key": true,
            "indexAnalyzer": null,
            "searchAnalyzer": null,
            "analyzer": null,
            "normalizer": null,
            "dimensions": null,
            "vectorSearchProfile": null,
            "synonymMaps": []
          },
          {
            "name": "baseRate",
            "type": "Edm.Double",
            "searchable": false,
            "filterable": false,
            "retrievable": true,
            "stored": true,
            "sortable": false,
            "facetable": false,
            "key": false,
            "indexAnalyzer": null,
            "searchAnalyzer": null,
            "analyzer": null,
            "normalizer": null,
            "dimensions": null,
            "vectorSearchProfile": null,
            "synonymMaps": []
          }
        ],
        "scoringProfiles": [],
        "corsOptions": {
          "allowedOrigins": [
            "*"
          ],
          "maxAgeInSeconds": 60
        },
        "suggesters": [],
        "analyzers": [],
        "normalizers": [],
        "tokenizers": [],
        "tokenFilters": [],
        "charFilters": [],
        "encryptionKey": null,
        "similarity": {
          "@odata.type": "#Microsoft.Azure.Search.BM25Similarity",
          "k1": null,
          "b": null
        },
        "semantic": null,
        "vectorSearch": null
      }
    },
    {
      "RequestUri": "https://fakesearchendpoint.search.windows.net/indexes('hotels-cou')?api-version=2024-03-01-Preview",
      "RequestMethod": "PUT",
      "RequestHeaders": {
        "Accept": "application/json;odata.metadata=minimal",
        "Accept-Encoding": "gzip, deflate",
        "Connection": "keep-alive",
        "Content-Length": "461",
        "Content-Type": "application/json",
        "Prefer": "return=representation",
        "User-Agent": "azsdk-python-search-documents/11.6.0b4 Python/3.10.11 (Windows-10-10.0.22631-SP0)"
      },
      "RequestBody": {
        "name": "hotels-cou",
        "fields": [
          {
            "name": "hotelId",
            "type": "Edm.String",
            "key": true,
            "retrievable": true,
            "searchable": false,
            "filterable": false,
            "sortable": false,
            "facetable": false
          },
          {
            "name": "baseRate",
            "type": "Edm.Double",
            "key": false,
            "retrievable": true,
            "searchable": false,
            "filterable": false,
            "sortable": false,
            "facetable": false
          }
        ],
        "scoringProfiles": [
          {
            "name": "MyProfile"
          }
        ],
        "corsOptions": {
          "allowedOrigins": [
            "*"
          ],
          "maxAgeInSeconds": 60
        }
      },
      "StatusCode": 200,
      "ResponseHeaders": {
        "Content-Encoding": "gzip",
        "Content-Type": "application/json; odata.metadata=minimal; odata.streaming=true; charset=utf-8",
        "Date": "Wed, 10 Apr 2024 17:28:54 GMT",
        "elapsed-time": "166",
        "ETag": "\"0x8DC5983B2ADA127\"",
        "OData-Version": "4.0",
        "Preference-Applied": "odata.include-annotations=\"*\"",
        "request-id": "ce63cd45-f75f-11ee-bf39-0022487ba588",
        "Server": "Microsoft-IIS/10.0",
        "Strict-Transport-Security": [
          "max-age=2592000",
          "max-age=15724800; includeSubDomains"
        ],
        "Transfer-Encoding": "chunked",
        "Vary": "Accept-Encoding"
      },
      "ResponseBody": {
        "@odata.context": "https://fakesearchendpoint.search.windows.net/$metadata#indexes/$entity",
        "@odata.etag": "\"0x8DC5983B2ADA127\"",
        "name": "hotels-cou",
        "defaultScoringProfile": null,
        "fields": [
          {
            "name": "hotelId",
            "type": "Edm.String",
            "searchable": false,
            "filterable": false,
            "retrievable": true,
            "stored": true,
            "sortable": false,
            "facetable": false,
            "key": true,
            "indexAnalyzer": null,
            "searchAnalyzer": null,
            "analyzer": null,
            "normalizer": null,
            "dimensions": null,
            "vectorSearchProfile": null,
            "synonymMaps": []
          },
          {
            "name": "baseRate",
            "type": "Edm.Double",
            "searchable": false,
            "filterable": false,
            "retrievable": true,
            "stored": true,
            "sortable": false,
            "facetable": false,
            "key": false,
            "indexAnalyzer": null,
            "searchAnalyzer": null,
            "analyzer": null,
            "normalizer": null,
            "dimensions": null,
            "vectorSearchProfile": null,
            "synonymMaps": []
          }
        ],
        "scoringProfiles": [
          {
            "name": "MyProfile",
            "functionAggregation": null,
            "text": null,
            "functions": []
          }
        ],
        "corsOptions": {
          "allowedOrigins": [
            "*"
          ],
          "maxAgeInSeconds": 60
        },
        "suggesters": [],
        "analyzers": [],
        "normalizers": [],
        "tokenizers": [],
        "tokenFilters": [],
        "charFilters": [],
        "encryptionKey": null,
        "similarity": {
          "@odata.type": "#Microsoft.Azure.Search.BM25Similarity",
          "k1": null,
          "b": null
        },
        "semantic": null,
        "vectorSearch": null
      }
    },
    {
      "RequestUri": "https://fakesearchendpoint.search.windows.net/indexes?api-version=2024-03-01-Preview",
      "RequestMethod": "POST",
      "RequestHeaders": {
        "Accept": "application/json;odata.metadata=minimal",
        "Accept-Encoding": "gzip, deflate",
        "Connection": "keep-alive",
        "Content-Length": "274",
        "Content-Type": "application/json",
        "User-Agent": "azsdk-python-search-documents/11.6.0b4 Python/3.10.11 (Windows-10-10.0.22631-SP0)"
      },
      "RequestBody": {
        "name": "hotels-coa-unchanged",
        "fields": [
          {
            "name": "hotelId",
            "type": "Edm.String",
            "key": true,
            "searchable": false
          },
          {
            "name": "baseRate",
            "type": "Edm.Double"
          }
        ],
        "scoringProfiles": [
          {
            "name": "MyProfile"
          }
        ],
        "corsOptions": {
          "allowedOrigins": [
            "*"
          ],
          "maxAgeInSeconds": 60
        }
      },
      "StatusCode": 201,
      "ResponseHeaders": {
        "Content-Type": "application/json; odata.metadata=minimal; odata.streaming=true; charset=utf-8",
        "Date": "Wed, 10 Apr 2024 17:28:54 GMT",
        "elapsed-time": "410",
        "ETag": "\"0x8DC5983B2F3F7EF\"",
        "Location": "https://fakesearchendpoint.search.windows.net/indexes('hotels-coa-unchanged')?api-version=2024-03-01-Preview",
        "OData-Version": "4.0",
        "Preference-Applied": "odata.include-annotations=\"*\"",
        "request-id": "ce81c746-f75f-11ee-b0bf-0022487ba588",
        "Server": "Microsoft-IIS/10.0",
        "Strict-Transport-Security": [
          "max-age=2592000",
          "max-age=15724800; includeSubDomains"
        ],
        "Transfer-Encoding": "chunked"
      },
      "ResponseBody": {
        "@odata.context": "https://fakesearchendpoint.search.windows.net/$metadata#indexes/$entity",
        "@odata.etag": "\"0x8DC5983B2F3F7EF\"",
        "name": "hotels-coa-unchanged",
        "defaultScoringProfile": null,
        "fields": [
          {
            "name": "hotelId",
            "type": "Edm.String",
            "searchable": false,
            "filterable": true,
            "retrievable": true,
            "stored": true,
            "sortable": true,
            "facetable": true,
            "key": true,
            "indexAnalyzer": null,
            "searchAnalyzer": null,
            "analyzer": null,
            "normalizer": null,
            "dimensions": null,
            "vectorSearchProfile": null,
            "synonymMaps": []
          },
          {
            "name": "baseRate",
            "type": "Edm.Double",
            "searchable": false,
            "filterable": true,
            "retrievable": true,
            "stored": true,
            "sortable": true,
            "facetable": true,
            "key": false,
            "indexAnalyzer": null,
            "searchAnalyzer": null,
            "analyzer": null,
            "normalizer": null,
            "dimensions": null,
            "vectorSearchProfile": null,
            "synonymMaps": []
          }
        ],
        "scoringProfiles": [
          {
            "name": "MyProfile",
            "functionAggregation": null,
            "text": null,
            "functions": []
          }
        ],
        "corsOptions": {
          "allowedOrigins": [
            "*"
          ],
          "maxAgeInSeconds": 60
        },
        "suggesters": [],
        "analyzers": [],
        "normalizers": [],
        "tokenizers": [],
        "tokenFilters": [],
        "charFilters": [],
        "encryptionKey": null,
        "similarity": {
          "@odata.type": "#Microsoft.Azure.Search.BM25Similarity",
          "k1": null,
          "b": null
        },
        "semantic": null,
        "vectorSearch": null
      }
    },
    {
      "RequestUri": "https://fakesearchendpoint.search.windows.net/indexes('hotels-coa-unchanged')?api-version=2024-03-01-Preview",
      "RequestMethod": "PUT",
      "RequestHeaders": {
        "Accept": "application/json;odata.metadata=minimal",
        "Accept-Encoding": "gzip, deflate",
        "Connection": "keep-alive",
        "Content-Length": "253",
        "Content-Type": "application/json",
        "Prefer": "return=representation",
        "User-Agent": "azsdk-python-search-documents/11.6.0b4 Python/3.10.11 (Windows-10-10.0.22631-SP0)"
      },
      "RequestBody": {
        "name": "hotels-coa-unchanged",
        "fields": [
          {
            "name": "hotelId",
            "type": "Edm.String",
            "key": true,
            "searchable": false
          },
          {
            "name": "baseRate",
            "type": "Edm.Double"
          }
        ],
        "scoringProfiles": [],
        "corsOptions": {
          "allowedOrigins": [
            "*"
          ],
          "maxAgeInSeconds": 60
        }
      },
      "StatusCode": 200,
      "ResponseHeaders": {
        "Content-Encoding": "gzip",
        "Content-Type": "application/json; odata.metadata=minimal; odata.streaming=true; charset=utf-8",
        "Date": "Wed, 10 Apr 2024 17:28:55 GMT",
        "elapsed-time": "99",
        "ETag": "\"0x8DC5983B307DEB1\"",
        "OData-Version": "4.0",
        "Preference-Applied": "odata.include-annotations=\"*\"",
        "request-id": "cec473ed-f75f-11ee-b7e0-0022487ba588",
        "Server": "Microsoft-IIS/10.0",
        "Strict-Transport-Security": [
          "max-age=2592000",
          "max-age=15724800; includeSubDomains"
        ],
        "Transfer-Encoding": "chunked",
        "Vary": "Accept-Encoding"
      },
      "ResponseBody": {
        "@odata.context": "https://fakesearchendpoint.search.windows.net/$metadata#indexes/$entity",
        "@odata.etag": "\"0x8DC5983B307DEB1\"",
        "name": "hotels-coa-unchanged",
        "defaultScoringProfile": null,
        "fields": [
          {
            "name": "hotelId",
            "type": "Edm.String",
            "searchable": false,
            "filterable": true,
            "retrievable": true,
            "stored": true,
            "sortable": true,
            "facetable": true,
            "key": true,
            "indexAnalyzer": null,
            "searchAnalyzer": null,
            "analyzer": null,
            "normalizer": null,
            "dimensions": null,
            "vectorSearchProfile": null,
            "synonymMaps": []
          },
          {
            "name": "baseRate",
            "type": "Edm.Double",
            "searchable": false,
            "filterable": true,
            "retrievable": true,
            "stored": true,
            "sortable": true,
            "facetable": true,
            "key": false,
            "indexAnalyzer": null,
            "searchAnalyzer": null,
            "analyzer": null,
            "normalizer": null,
            "dimensions": null,
            "vectorSearchProfile": null,
            "synonymMaps": []
          }
        ],
        "scoringProfiles": [],
        "corsOptions": {
          "allowedOrigins": [
            "*"
          ],
          "maxAgeInSeconds": 60
        },
        "suggesters": [],
        "analyzers": [],
        "normalizers": [],
        "tokenizers": [],
        "tokenFilters": [],
        "charFilters": [],
        "encryptionKey": null,
        "similarity": {
          "@odata.type": "#Microsoft.Azure.Search.BM25Similarity",
          "k1": null,
          "b": null
        },
        "semantic": null,
        "vectorSearch": null
      }
    },
    {
      "RequestUri": "https://fakesearchendpoint.search.windows.net/indexes('hotels-coa-unchanged')?api-version=2024-03-01-Preview",
      "RequestMethod": "PUT",
      "RequestHeaders": {
        "Accept": "application/json;odata.metadata=minimal",
        "Accept-Encoding": "gzip, deflate",
        "Connection": "keep-alive",
        "Content-Length": "293",
        "Content-Type": "application/json",
        "If-Match": "\"0x8DC5983B2F3F7EF\"",
        "Prefer": "return=representation",
        "User-Agent": "azsdk-python-search-documents/11.6.0b4 Python/3.10.11 (Windows-10-10.0.22631-SP0)"
      },
      "RequestBody": {
        "name": "hotels-coa-unchanged",
        "fields": [
          {
            "name": "hotelId",
            "type": "Edm.String",
            "key": true,
            "searchable": false
          },
          {
            "name": "baseRate",
            "type": "Edm.Double"
          }
        ],
        "scoringProfiles": [],
        "corsOptions": {
          "allowedOrigins": [
            "*"
          ],
          "maxAgeInSeconds": 60
        },
        "@odata.etag": "\"0x8DC5983B2F3F7EF\""
      },
      "StatusCode": 412,
      "ResponseHeaders": {
        "Cache-Control": "no-store, no-cache",
        "Content-Language": "en",
        "Content-Length": "160",
        "Content-Type": "application/json; charset=utf-8",
        "Date": "Wed, 10 Apr 2024 17:28:55 GMT",
        "elapsed-time": "19",
        "Expires": "-1",
        "Pragma": "no-cache",
        "request-id": "ced801a6-f75f-11ee-957e-0022487ba588",
        "Server": "Microsoft-IIS/10.0",
        "Strict-Transport-Security": "max-age=15724800; includeSubDomains"
      },
      "ResponseBody": {
        "error": {
          "code": "",
          "message": "The precondition given in one of the request headers evaluated to false. No change was made to the resource from this request."
        }
      }
    },
    {
      "RequestUri": "https://fakesearchendpoint.search.windows.net/indexes('hotels')/search.analyze?api-version=2024-03-01-Preview",
      "RequestMethod": "POST",
      "RequestHeaders": {
        "Accept": "application/json;odata.metadata=minimal",
        "Accept-Encoding": "gzip, deflate",
        "Connection": "keep-alive",
        "Content-Length": "55",
        "Content-Type": "application/json",
        "User-Agent": "azsdk-python-search-documents/11.6.0b4 Python/3.10.11 (Windows-10-10.0.22631-SP0)"
      },
      "RequestBody": {
        "text": "One's <two/>",
        "analyzer": "standard.lucene"
      },
      "StatusCode": 200,
      "ResponseHeaders": {
        "Content-Encoding": "gzip",
        "Content-Type": "application/json; odata.metadata=minimal; odata.streaming=true; charset=utf-8",
        "Date": "Wed, 10 Apr 2024 17:28:55 GMT",
        "elapsed-time": "22",
        "OData-Version": "4.0",
        "Preference-Applied": "odata.include-annotations=\"*\"",
        "request-id": "cedeac2d-f75f-11ee-8bfc-0022487ba588",
        "Server": "Microsoft-IIS/10.0",
        "Strict-Transport-Security": [
          "max-age=2592000",
          "max-age=15724800; includeSubDomains"
        ],
        "Transfer-Encoding": "chunked",
        "Vary": "Accept-Encoding"
      },
      "ResponseBody": {
        "@odata.context": "https://fakesearchendpoint.search.windows.net/$metadata#Microsoft.Azure.Search.V2024_03_01_Preview.AnalyzeResult",
        "tokens": [
          {
            "token": "one's",
            "startOffset": 0,
            "endOffset": 5,
            "position": 0
          },
          {
            "token": "two",
            "startOffset": 7,
            "endOffset": 10,
            "position": 1
          }
        ]
      }
    },
    {
      "RequestUri": "https://fakesearchendpoint.search.windows.net/indexes?api-version=2024-03-01-Preview",
      "RequestMethod": "GET",
      "RequestHeaders": {
        "Accept": "application/json;odata.metadata=minimal",
        "Accept-Encoding": "gzip, deflate",
        "Connection": "keep-alive",
        "User-Agent": "azsdk-python-search-documents/11.6.0b4 Python/3.10.11 (Windows-10-10.0.22631-SP0)"
      },
      "RequestBody": null,
      "StatusCode": 200,
      "ResponseHeaders": {
        "Content-Encoding": "gzip",
        "Content-Type": "application/json; odata.metadata=minimal; odata.streaming=true; charset=utf-8",
        "Date": "Wed, 10 Apr 2024 17:28:55 GMT",
        "elapsed-time": "62",
        "OData-Version": "4.0",
        "Preference-Applied": "odata.include-annotations=\"*\"",
        "request-id": "cee64eae-f75f-11ee-b8f7-0022487ba588",
        "Server": "Microsoft-IIS/10.0",
        "Strict-Transport-Security": [
          "max-age=2592000",
          "max-age=15724800; includeSubDomains"
        ],
        "Transfer-Encoding": "chunked",
        "Vary": "Accept-Encoding"
      },
      "ResponseBody": {
        "@odata.context": "https://fakesearchendpoint.search.windows.net/$metadata#indexes",
        "value": [
          {
            "@odata.etag": "\"0x8DC5983B307DEB1\"",
            "name": "hotels-coa-unchanged",
            "defaultScoringProfile": null,
            "fields": [
              {
                "name": "hotelId",
                "type": "Edm.String",
                "searchable": false,
                "filterable": true,
                "retrievable": true,
                "stored": true,
                "sortable": true,
                "facetable": true,
                "key": true,
                "indexAnalyzer": null,
                "searchAnalyzer": null,
                "analyzer": null,
                "normalizer": null,
                "dimensions": null,
                "vectorSearchProfile": null,
                "synonymMaps": []
              },
              {
                "name": "baseRate",
                "type": "Edm.Double",
                "searchable": false,
                "filterable": true,
                "retrievable": true,
                "stored": true,
                "sortable": true,
                "facetable": true,
                "key": false,
                "indexAnalyzer": null,
                "searchAnalyzer": null,
                "analyzer": null,
                "normalizer": null,
                "dimensions": null,
                "vectorSearchProfile": null,
                "synonymMaps": []
              }
            ],
            "scoringProfiles": [],
            "corsOptions": {
              "allowedOrigins": [
                "*"
              ],
              "maxAgeInSeconds": 60
            },
            "suggesters": [],
            "analyzers": [],
            "normalizers": [],
            "tokenizers": [],
            "tokenFilters": [],
            "charFilters": [],
            "encryptionKey": null,
            "similarity": {
              "@odata.type": "#Microsoft.Azure.Search.BM25Similarity",
              "k1": null,
              "b": null
            },
            "semantic": null,
            "vectorSearch": null
          },
          {
            "@odata.etag": "\"0x8DC5983B2ADA127\"",
            "name": "hotels-cou",
            "defaultScoringProfile": null,
            "fields": [
              {
                "name": "hotelId",
                "type": "Edm.String",
                "searchable": false,
                "filterable": false,
                "retrievable": true,
                "stored": true,
                "sortable": false,
                "facetable": false,
                "key": true,
                "indexAnalyzer": null,
                "searchAnalyzer": null,
                "analyzer": null,
                "normalizer": null,
                "dimensions": null,
                "vectorSearchProfile": null,
                "synonymMaps": []
              },
              {
                "name": "baseRate",
                "type": "Edm.Double",
                "searchable": false,
                "filterable": false,
                "retrievable": true,
                "stored": true,
                "sortable": false,
                "facetable": false,
                "key": false,
                "indexAnalyzer": null,
                "searchAnalyzer": null,
                "analyzer": null,
                "normalizer": null,
                "dimensions": null,
                "vectorSearchProfile": null,
                "synonymMaps": []
              }
            ],
            "scoringProfiles": [
              {
                "name": "MyProfile",
                "functionAggregation": null,
                "text": null,
                "functions": []
              }
            ],
            "corsOptions": {
              "allowedOrigins": [
                "*"
              ],
              "maxAgeInSeconds": 60
            },
            "suggesters": [],
            "analyzers": [],
            "normalizers": [],
            "tokenizers": [],
            "tokenFilters": [],
            "charFilters": [],
            "encryptionKey": null,
            "similarity": {
              "@odata.type": "#Microsoft.Azure.Search.BM25Similarity",
              "k1": null,
              "b": null
            },
            "semantic": null,
            "vectorSearch": null
          },
          {
            "@odata.etag": "\"0x8DC5983B23D0E97\"",
            "name": "hotels-del-unchanged",
            "defaultScoringProfile": null,
            "fields": [
              {
                "name": "hotelId",
                "type": "Edm.String",
                "searchable": false,
                "filterable": true,
                "retrievable": true,
                "stored": true,
                "sortable": true,
                "facetable": true,
                "key": true,
                "indexAnalyzer": null,
                "searchAnalyzer": null,
                "analyzer": null,
                "normalizer": null,
                "dimensions": null,
                "vectorSearchProfile": null,
                "synonymMaps": []
              },
              {
                "name": "baseRate",
                "type": "Edm.Double",
                "searchable": false,
                "filterable": true,
                "retrievable": true,
                "stored": true,
                "sortable": true,
                "facetable": true,
                "key": false,
                "indexAnalyzer": null,
                "searchAnalyzer": null,
                "analyzer": null,
                "normalizer": null,
                "dimensions": null,
                "vectorSearchProfile": null,
                "synonymMaps": []
              }
            ],
            "scoringProfiles": [],
            "corsOptions": {
              "allowedOrigins": [
                "*"
              ],
              "maxAgeInSeconds": 60
            },
            "suggesters": [],
            "analyzers": [],
            "normalizers": [],
            "tokenizers": [],
            "tokenFilters": [],
            "charFilters": [],
            "encryptionKey": null,
            "similarity": {
              "@odata.type": "#Microsoft.Azure.Search.BM25Similarity",
              "k1": null,
              "b": null
            },
            "semantic": null,
            "vectorSearch": null
          },
          {
            "@odata.etag": "\"0x8DC5983B1B233C1\"",
            "name": "hotels",
            "defaultScoringProfile": null,
            "fields": [
              {
                "name": "hotelId",
                "type": "Edm.String",
                "searchable": false,
                "filterable": false,
                "retrievable": true,
                "stored": true,
                "sortable": false,
                "facetable": false,
                "key": true,
                "indexAnalyzer": null,
                "searchAnalyzer": null,
                "analyzer": null,
                "normalizer": null,
                "dimensions": null,
                "vectorSearchProfile": null,
                "synonymMaps": []
              },
              {
                "name": "baseRate",
                "type": "Edm.Double",
                "searchable": false,
                "filterable": false,
                "retrievable": true,
                "stored": true,
                "sortable": false,
                "facetable": false,
                "key": false,
                "indexAnalyzer": null,
                "searchAnalyzer": null,
                "analyzer": null,
                "normalizer": null,
                "dimensions": null,
                "vectorSearchProfile": null,
                "synonymMaps": []
              }
            ],
            "scoringProfiles": [
              {
                "name": "MyProfile",
                "functionAggregation": null,
                "text": null,
                "functions": []
              }
            ],
            "corsOptions": {
              "allowedOrigins": [
                "*"
              ],
              "maxAgeInSeconds": 60
            },
            "suggesters": [],
            "analyzers": [],
            "normalizers": [],
            "tokenizers": [],
            "tokenFilters": [],
            "charFilters": [],
            "encryptionKey": null,
            "similarity": {
              "@odata.type": "#Microsoft.Azure.Search.BM25Similarity",
              "k1": null,
              "b": null
            },
            "semantic": null,
            "vectorSearch": null
          }
        ]
      }
    },
    {
      "RequestUri": "https://fakesearchendpoint.search.windows.net/indexes('hotels-coa-unchanged')?api-version=2024-03-01-Preview",
      "RequestMethod": "DELETE",
      "RequestHeaders": {
        "Accept": "application/json;odata.metadata=minimal",
        "Accept-Encoding": "gzip, deflate",
        "Connection": "keep-alive",
        "Content-Length": "0",
        "User-Agent": "azsdk-python-search-documents/11.6.0b4 Python/3.10.11 (Windows-10-10.0.22631-SP0)"
      },
      "RequestBody": null,
      "StatusCode": 204,
      "ResponseHeaders": {
        "Date": "Wed, 10 Apr 2024 17:28:55 GMT",
        "elapsed-time": "118",
        "Preference-Applied": "odata.include-annotations=\"*\"",
        "request-id": "cef3ff45-f75f-11ee-9093-0022487ba588",
        "Server": "Microsoft-IIS/10.0",
        "Strict-Transport-Security": [
          "max-age=2592000",
          "max-age=15724800; includeSubDomains"
        ]
      },
      "ResponseBody": null
    },
    {
      "RequestUri": "https://fakesearchendpoint.search.windows.net/indexes('hotels-cou')?api-version=2024-03-01-Preview",
      "RequestMethod": "DELETE",
      "RequestHeaders": {
        "Accept": "application/json;odata.metadata=minimal",
        "Accept-Encoding": "gzip, deflate",
        "Connection": "keep-alive",
        "Content-Length": "0",
        "User-Agent": "azsdk-python-search-documents/11.6.0b4 Python/3.10.11 (Windows-10-10.0.22631-SP0)"
      },
      "RequestBody": null,
      "StatusCode": 204,
      "ResponseHeaders": {
        "Date": "Wed, 10 Apr 2024 17:28:55 GMT",
        "elapsed-time": "138",
        "Preference-Applied": "odata.include-annotations=\"*\"",
        "request-id": "cf09ea54-f75f-11ee-86d8-0022487ba588",
        "Server": "Microsoft-IIS/10.0",
        "Strict-Transport-Security": [
          "max-age=2592000",
          "max-age=15724800; includeSubDomains"
        ]
      },
      "ResponseBody": null
    },
    {
      "RequestUri": "https://fakesearchendpoint.search.windows.net/indexes('hotels-del-unchanged')?api-version=2024-03-01-Preview",
      "RequestMethod": "DELETE",
      "RequestHeaders": {
        "Accept": "application/json;odata.metadata=minimal",
        "Accept-Encoding": "gzip, deflate",
        "Connection": "keep-alive",
        "Content-Length": "0",
        "User-Agent": "azsdk-python-search-documents/11.6.0b4 Python/3.10.11 (Windows-10-10.0.22631-SP0)"
      },
      "RequestBody": null,
      "StatusCode": 204,
      "ResponseHeaders": {
        "Date": "Wed, 10 Apr 2024 17:28:55 GMT",
        "elapsed-time": "121",
        "Preference-Applied": "odata.include-annotations=\"*\"",
        "request-id": "cf22f11c-f75f-11ee-9f12-0022487ba588",
        "Server": "Microsoft-IIS/10.0",
        "Strict-Transport-Security": [
          "max-age=2592000",
          "max-age=15724800; includeSubDomains"
        ]
      },
      "ResponseBody": null
    },
    {
      "RequestUri": "https://fakesearchendpoint.search.windows.net/indexes('hotels')?api-version=2024-03-01-Preview",
      "RequestMethod": "DELETE",
      "RequestHeaders": {
        "Accept": "application/json;odata.metadata=minimal",
        "Accept-Encoding": "gzip, deflate",
        "Connection": "keep-alive",
        "Content-Length": "0",
        "User-Agent": "azsdk-python-search-documents/11.6.0b4 Python/3.10.11 (Windows-10-10.0.22631-SP0)"
      },
      "RequestBody": null,
      "StatusCode": 204,
      "ResponseHeaders": {
        "Date": "Wed, 10 Apr 2024 17:28:55 GMT",
        "elapsed-time": "120",
        "Preference-Applied": "odata.include-annotations=\"*\"",
        "request-id": "cf39c630-f75f-11ee-bf87-0022487ba588",
        "Server": "Microsoft-IIS/10.0",
        "Strict-Transport-Security": [
          "max-age=2592000",
          "max-age=15724800; includeSubDomains"
        ]
      },
      "ResponseBody": null
    }
  ],
  "Variables": {}
}
