{
  "Entries": [
    {
      "RequestUri": "https://sb-te024e0517311b8c1.servicebus.windows.net/basictopiccrudoperationsaab03257?api-version=2021-05",
      "RequestMethod": "PUT",
      "RequestHeaders": {
        "Authorization": "Sanitized",
        "Content-Length": "1765",
        "Content-Type": "application/atom+xml",
        "traceparent": "00-28f52dda77efc57c93df01b6fa300438-f92d480452ba1635-00",
        "User-Agent": "azsdk-net-Messaging.ServiceBus/7.18.0-alpha.20240419.1 (.NET 7.0.18; Microsoft Windows 10.0.22631)",
        "x-ms-client-request-id": "0f4a64d9d52bf2338dd7c3126574a470",
        "x-ms-return-client-request-id": "true"
      },
      "RequestBody": [
        "<entry xmlns=\"http://www.w3.org/2005/Atom\">\r\n",
        "  <content type=\"application/xml\">\r\n",
        "    <TopicDescription xmlns=\"http://schemas.microsoft.com/netservices/2010/10/servicebus/connect\">\r\n",
        "      <DefaultMessageTimeToLive>P2D</DefaultMessageTimeToLive>\r\n",
        "      <MaxSizeInMegabytes>1024</MaxSizeInMegabytes>\r\n",
        "      <RequiresDuplicateDetection>true</RequiresDuplicateDetection>\r\n",
        "      <DuplicateDetectionHistoryTimeWindow>PT1M</DuplicateDetectionHistoryTimeWindow>\r\n",
        "      <EnableBatchedOperations>true</EnableBatchedOperations>\r\n",
        "      <FilteringMessagesBeforePublishing>false</FilteringMessagesBeforePublishing>\r\n",
        "      <IsAnonymousAccessible>false</IsAnonymousAccessible>\r\n",
        "      <AuthorizationRules>\r\n",
        "        <AuthorizationRule p5:type=\"SharedAccessAuthorizationRule\" xmlns:p5=\"http://www.w3.org/2001/XMLSchema-instance\">\r\n",
        "          <ClaimType>SharedAccessKey</ClaimType>\r\n",
        "          <ClaimValue>None</ClaimValue>\r\n",
        "          <Rights>\r\n",
        "            <AccessRights>Manage</AccessRights>\r\n",
        "            <AccessRights>Send</AccessRights>\r\n",
        "            <AccessRights>Listen</AccessRights>\r\n",
        "          </Rights>\r\n",
        "          <KeyName>allClaims</KeyName>\r\n",
        "          <PrimaryKey>SanitizedSanitizedSanitizedSanitizedSanitize</PrimaryKey>\r\n",
        "          <SecondaryKey>SanitizedSanitizedSanitizedSanitizedSanitize</SecondaryKey>\r\n",
        "        </AuthorizationRule>\r\n",
        "      </AuthorizationRules>\r\n",
        "      <Status>Active</Status>\r\n",
        "      <UserMetadata>BasicTopicCrudOperations</UserMetadata>\r\n",
        "      <SupportOrdering>false</SupportOrdering>\r\n",
        "      <AutoDeleteOnIdle>PT1H</AutoDeleteOnIdle>\r\n",
        "      <EnablePartitioning>false</EnablePartitioning>\r\n",
        "      <EnableSubscriptionPartitioning>false</EnableSubscriptionPartitioning>\r\n",
        "      <EnableExpress>false</EnableExpress>\r\n",
        "    </TopicDescription>\r\n",
        "  </content>\r\n",
        "</entry>"
      ],
      "StatusCode": 201,
      "ResponseHeaders": {
        "Content-Type": "application/atom+xml; type=entry; charset=utf-8",
        "Date": "Fri, 19 Apr 2024 14:56:52 GMT",
        "Server": "Microsoft-HTTPAPI/2.0",
        "Strict-Transport-Security": "max-age=31536000",
        "Transfer-Encoding": "chunked"
      },
      "ResponseBody": "<entry xmlns=\"http://www.w3.org/2005/Atom\"><id>https://sb-te024e0517311b8c1.servicebus.windows.net/basictopiccrudoperationsaab03257?api-version=2021-05</id><title type=\"text\">basictopiccrudoperationsaab03257</title><published>2024-04-19T14:56:52Z</published><updated>2024-04-19T14:56:52Z</updated><author><name>sb-te024e0517311b8c1</name></author><link rel=\"self\" href=\"https://sb-te024e0517311b8c1.servicebus.windows.net/basictopiccrudoperationsaab03257?api-version=2021-05\"/><content type=\"application/xml\"><TopicDescription xmlns=\"http://schemas.microsoft.com/netservices/2010/10/servicebus/connect\" xmlns:i=\"http://www.w3.org/2001/XMLSchema-instance\"><DefaultMessageTimeToLive>P2D</DefaultMessageTimeToLive><MaxSizeInMegabytes>1024</MaxSizeInMegabytes><RequiresDuplicateDetection>true</RequiresDuplicateDetection><DuplicateDetectionHistoryTimeWindow>PT1M</DuplicateDetectionHistoryTimeWindow><EnableBatchedOperations>true</EnableBatchedOperations><SizeInBytes>0</SizeInBytes><FilteringMessagesBeforePublishing>false</FilteringMessagesBeforePublishing><IsAnonymousAccessible>false</IsAnonymousAccessible><AuthorizationRules><AuthorizationRule i:type=\"SharedAccessAuthorizationRule\"><ClaimType>SharedAccessKey</ClaimType><ClaimValue>None</ClaimValue><Rights><AccessRights>Manage</AccessRights><AccessRights>Send</AccessRights><AccessRights>Listen</AccessRights></Rights><KeyName>allClaims</KeyName><PrimaryKey>SanitizedSanitizedSanitizedSanitizedSanitize</PrimaryKey><SecondaryKey>SanitizedSanitizedSanitizedSanitizedSanitize</SecondaryKey></AuthorizationRule></AuthorizationRules><Status>Active</Status><CreatedAt>2024-04-19T14:56:52.837Z</CreatedAt><UpdatedAt>2024-04-19T14:56:52.91Z</UpdatedAt><UserMetadata>BasicTopicCrudOperations</UserMetadata><SupportOrdering>false</SupportOrdering><AutoDeleteOnIdle>PT1H</AutoDeleteOnIdle><EnablePartitioning>false</EnablePartitioning><EntityAvailabilityStatus>Available</EntityAvailabilityStatus><EnableSubscriptionPartitioning>false</EnableSubscriptionPartitioning><EnableExpress>false</EnableExpress><MaxMessageSizeInKilobytes>256</MaxMessageSizeInKilobytes></TopicDescription></content></entry>"
    },
    {
      "RequestUri": "https://sb-te024e0517311b8c1.servicebus.windows.net/basictopiccrudoperationsaab03257?api-version=2021-05&enrich=False",
      "RequestMethod": "GET",
      "RequestHeaders": {
        "Authorization": "Sanitized",
        "traceparent": "00-e991f9a9f63a42d4384c8a75ae184a6e-966767a28a996f12-00",
        "User-Agent": "azsdk-net-Messaging.ServiceBus/7.18.0-alpha.20240419.1 (.NET 7.0.18; Microsoft Windows 10.0.22631)",
        "x-ms-client-request-id": "ecdb39d289a7e8eadc0be87236145649",
        "x-ms-return-client-request-id": "true"
      },
      "RequestBody": null,
      "StatusCode": 200,
      "ResponseHeaders": {
        "Content-Type": "application/atom+xml; type=entry; charset=utf-8",
        "Date": "Fri, 19 Apr 2024 14:56:52 GMT",
        "ETag": "638491354129100000",
        "Server": "Microsoft-HTTPAPI/2.0",
        "Strict-Transport-Security": "max-age=31536000",
        "Transfer-Encoding": "chunked"
      },
      "ResponseBody": "<entry xmlns=\"http://www.w3.org/2005/Atom\"><id>https://sb-te024e0517311b8c1.servicebus.windows.net/basictopiccrudoperationsaab03257?api-version=2021-05&amp;enrich=False</id><title type=\"text\">basictopiccrudoperationsaab03257</title><published>2024-04-19T14:56:52Z</published><updated>2024-04-19T14:56:52Z</updated><author><name>sb-te024e0517311b8c1</name></author><link rel=\"self\" href=\"https://sb-te024e0517311b8c1.servicebus.windows.net/basictopiccrudoperationsaab03257?api-version=2021-05&amp;enrich=False\"/><content type=\"application/xml\"><TopicDescription xmlns=\"http://schemas.microsoft.com/netservices/2010/10/servicebus/connect\" xmlns:i=\"http://www.w3.org/2001/XMLSchema-instance\"><DefaultMessageTimeToLive>P2D</DefaultMessageTimeToLive><MaxSizeInMegabytes>1024</MaxSizeInMegabytes><RequiresDuplicateDetection>true</RequiresDuplicateDetection><DuplicateDetectionHistoryTimeWindow>PT1M</DuplicateDetectionHistoryTimeWindow><EnableBatchedOperations>true</EnableBatchedOperations><SizeInBytes>0</SizeInBytes><FilteringMessagesBeforePublishing>false</FilteringMessagesBeforePublishing><IsAnonymousAccessible>false</IsAnonymousAccessible><AuthorizationRules><AuthorizationRule i:type=\"SharedAccessAuthorizationRule\"><ClaimType>SharedAccessKey</ClaimType><ClaimValue>None</ClaimValue><Rights><AccessRights>Manage</AccessRights><AccessRights>Send</AccessRights><AccessRights>Listen</AccessRights></Rights><KeyName>allClaims</KeyName><PrimaryKey>SanitizedSanitizedSanitizedSanitizedSanitize</PrimaryKey><SecondaryKey>SanitizedSanitizedSanitizedSanitizedSanitize</SecondaryKey></AuthorizationRule></AuthorizationRules><Status>Active</Status><CreatedAt>2024-04-19T14:56:52.837Z</CreatedAt><UpdatedAt>2024-04-19T14:56:52.91Z</UpdatedAt><AccessedAt>0001-01-01T00:00:00Z</AccessedAt><UserMetadata>BasicTopicCrudOperations</UserMetadata><SupportOrdering>false</SupportOrdering><CountDetails xmlns:d2p1=\"http://schemas.microsoft.com/netservices/2011/06/servicebus\"><d2p1:ActiveMessageCount>0</d2p1:ActiveMessageCount><d2p1:DeadLetterMessageCount>0</d2p1:DeadLetterMessageCount><d2p1:ScheduledMessageCount>0</d2p1:ScheduledMessageCount><d2p1:TransferMessageCount>0</d2p1:TransferMessageCount><d2p1:TransferDeadLetterMessageCount>0</d2p1:TransferDeadLetterMessageCount></CountDetails><SubscriptionCount>0</SubscriptionCount><AutoDeleteOnIdle>PT1H</AutoDeleteOnIdle><EnablePartitioning>false</EnablePartitioning><EntityAvailabilityStatus>Available</EntityAvailabilityStatus><EnableSubscriptionPartitioning>false</EnableSubscriptionPartitioning><EnableExpress>false</EnableExpress><MaxMessageSizeInKilobytes>256</MaxMessageSizeInKilobytes></TopicDescription></content></entry>"
    },
    {
      "RequestUri": "https://sb-te024e0517311b8c1.servicebus.windows.net/basictopiccrudoperationsaab03257?api-version=2021-05",
      "RequestMethod": "PUT",
      "RequestHeaders": {
        "Authorization": "Sanitized",
        "Content-Length": "1832",
        "Content-Type": "application/atom+xml",
        "If-Match": "*",
        "traceparent": "00-bc7746e44bfffda1185aee15d49fc0f3-fb403954527fd64e-00",
        "User-Agent": "azsdk-net-Messaging.ServiceBus/7.18.0-alpha.20240419.1 (.NET 7.0.18; Microsoft Windows 10.0.22631)",
        "x-ms-client-request-id": "f6c9e1fe4b9f81ebffbd1c34ff05a24a",
        "x-ms-return-client-request-id": "true"
      },
      "RequestBody": [
        "<entry xmlns=\"http://www.w3.org/2005/Atom\">\r\n",
        "  <content type=\"application/xml\">\r\n",
        "    <TopicDescription xmlns=\"http://schemas.microsoft.com/netservices/2010/10/servicebus/connect\">\r\n",
        "      <DefaultMessageTimeToLive>P3D</DefaultMessageTimeToLive>\r\n",
        "      <MaxSizeInMegabytes>1024</MaxSizeInMegabytes>\r\n",
        "      <RequiresDuplicateDetection>true</RequiresDuplicateDetection>\r\n",
        "      <DuplicateDetectionHistoryTimeWindow>PT2M</DuplicateDetectionHistoryTimeWindow>\r\n",
        "      <EnableBatchedOperations>false</EnableBatchedOperations>\r\n",
        "      <FilteringMessagesBeforePublishing>false</FilteringMessagesBeforePublishing>\r\n",
        "      <IsAnonymousAccessible>false</IsAnonymousAccessible>\r\n",
        "      <AuthorizationRules>\r\n",
        "        <AuthorizationRule p5:type=\"SharedAccessAuthorizationRule\" xmlns:p5=\"http://www.w3.org/2001/XMLSchema-instance\">\r\n",
        "          <ClaimType>SharedAccessKey</ClaimType>\r\n",
        "          <ClaimValue>None</ClaimValue>\r\n",
        "          <Rights>\r\n",
        "            <AccessRights>Manage</AccessRights>\r\n",
        "            <AccessRights>Send</AccessRights>\r\n",
        "            <AccessRights>Listen</AccessRights>\r\n",
        "          </Rights>\r\n",
        "          <KeyName>allClaims</KeyName>\r\n",
        "          <PrimaryKey>SanitizedSanitizedSanitizedSanitizedSanitize</PrimaryKey>\r\n",
        "          <SecondaryKey>SanitizedSanitizedSanitizedSanitizedSanitize</SecondaryKey>\r\n",
        "        </AuthorizationRule>\r\n",
        "      </AuthorizationRules>\r\n",
        "      <Status>Active</Status>\r\n",
        "      <UserMetadata>BasicTopicCrudOperations</UserMetadata>\r\n",
        "      <SupportOrdering>false</SupportOrdering>\r\n",
        "      <AutoDeleteOnIdle>PT1H</AutoDeleteOnIdle>\r\n",
        "      <EnablePartitioning>false</EnablePartitioning>\r\n",
        "      <EnableSubscriptionPartitioning>false</EnableSubscriptionPartitioning>\r\n",
        "      <EnableExpress>false</EnableExpress>\r\n",
        "      <MaxMessageSizeInKilobytes>256</MaxMessageSizeInKilobytes>\r\n",
        "    </TopicDescription>\r\n",
        "  </content>\r\n",
        "</entry>"
      ],
      "StatusCode": 200,
      "ResponseHeaders": {
        "Content-Type": "application/atom+xml; type=entry; charset=utf-8",
        "Date": "Fri, 19 Apr 2024 14:56:52 GMT",
        "ETag": "638491354129100000",
        "Server": "Microsoft-HTTPAPI/2.0",
        "Strict-Transport-Security": "max-age=31536000",
        "Transfer-Encoding": "chunked"
      },
      "ResponseBody": "<entry xmlns=\"http://www.w3.org/2005/Atom\"><id>https://sb-te024e0517311b8c1.servicebus.windows.net/basictopiccrudoperationsaab03257?api-version=2021-05</id><title type=\"text\">basictopiccrudoperationsaab03257</title><updated>2024-04-19T14:56:53Z</updated><author><name>sb-te024e0517311b8c1</name></author><link rel=\"self\" href=\"https://sb-te024e0517311b8c1.servicebus.windows.net/basictopiccrudoperationsaab03257?api-version=2021-05\"/><content type=\"application/xml\"><TopicDescription xmlns=\"http://schemas.microsoft.com/netservices/2010/10/servicebus/connect\" xmlns:i=\"http://www.w3.org/2001/XMLSchema-instance\"><DefaultMessageTimeToLive>P3D</DefaultMessageTimeToLive><MaxSizeInMegabytes>1024</MaxSizeInMegabytes><RequiresDuplicateDetection>true</RequiresDuplicateDetection><DuplicateDetectionHistoryTimeWindow>PT2M</DuplicateDetectionHistoryTimeWindow><EnableBatchedOperations>false</EnableBatchedOperations><FilteringMessagesBeforePublishing>false</FilteringMessagesBeforePublishing><IsAnonymousAccessible>false</IsAnonymousAccessible><AuthorizationRules><AuthorizationRule i:type=\"SharedAccessAuthorizationRule\"><ClaimType>SharedAccessKey</ClaimType><ClaimValue>None</ClaimValue><Rights><AccessRights>Manage</AccessRights><AccessRights>Send</AccessRights><AccessRights>Listen</AccessRights></Rights><KeyName>allClaims</KeyName><PrimaryKey>SanitizedSanitizedSanitizedSanitizedSanitize</PrimaryKey><SecondaryKey>SanitizedSanitizedSanitizedSanitizedSanitize</SecondaryKey></AuthorizationRule></AuthorizationRules><Status>Active</Status><UpdatedAt>0001-01-01T00:00:00Z</UpdatedAt><UserMetadata>BasicTopicCrudOperations</UserMetadata><SupportOrdering>false</SupportOrdering><AutoDeleteOnIdle>PT1H</AutoDeleteOnIdle><EnablePartitioning>false</EnablePartitioning><EnableSubscriptionPartitioning>false</EnableSubscriptionPartitioning><EnableExpress>false</EnableExpress><MaxMessageSizeInKilobytes>256</MaxMessageSizeInKilobytes></TopicDescription></content></entry>"
    },
    {
      "RequestUri": "https://sb-te024e0517311b8c1.servicebus.windows.net/basictopiccrudoperationsaab03257?api-version=2021-05&enrich=False",
      "RequestMethod": "GET",
      "RequestHeaders": {
        "Authorization": "Sanitized",
        "traceparent": "00-a37c880ef54e5ba8634dffa7a30f8502-76eb8027520fcc93-00",
        "User-Agent": "azsdk-net-Messaging.ServiceBus/7.18.0-alpha.20240419.1 (.NET 7.0.18; Microsoft Windows 10.0.22631)",
        "x-ms-client-request-id": "85447dfff0d2507079623320ecc0bb79",
        "x-ms-return-client-request-id": "true"
      },
      "RequestBody": null,
      "StatusCode": 200,
      "ResponseHeaders": {
        "Content-Type": "application/atom+xml; type=entry; charset=utf-8",
        "Date": "Fri, 19 Apr 2024 14:56:53 GMT",
        "ETag": "638491354135070000",
        "Server": "Microsoft-HTTPAPI/2.0",
        "Strict-Transport-Security": "max-age=31536000",
        "Transfer-Encoding": "chunked"
      },
      "ResponseBody": "<entry xmlns=\"http://www.w3.org/2005/Atom\"><id>https://sb-te024e0517311b8c1.servicebus.windows.net/basictopiccrudoperationsaab03257?api-version=2021-05&amp;enrich=False</id><title type=\"text\">basictopiccrudoperationsaab03257</title><published>2024-04-19T14:56:52Z</published><updated>2024-04-19T14:56:53Z</updated><author><name>sb-te024e0517311b8c1</name></author><link rel=\"self\" href=\"https://sb-te024e0517311b8c1.servicebus.windows.net/basictopiccrudoperationsaab03257?api-version=2021-05&amp;enrich=False\"/><content type=\"application/xml\"><TopicDescription xmlns=\"http://schemas.microsoft.com/netservices/2010/10/servicebus/connect\" xmlns:i=\"http://www.w3.org/2001/XMLSchema-instance\"><DefaultMessageTimeToLive>P3D</DefaultMessageTimeToLive><MaxSizeInMegabytes>1024</MaxSizeInMegabytes><RequiresDuplicateDetection>true</RequiresDuplicateDetection><DuplicateDetectionHistoryTimeWindow>PT2M</DuplicateDetectionHistoryTimeWindow><EnableBatchedOperations>false</EnableBatchedOperations><SizeInBytes>0</SizeInBytes><FilteringMessagesBeforePublishing>false</FilteringMessagesBeforePublishing><IsAnonymousAccessible>false</IsAnonymousAccessible><AuthorizationRules><AuthorizationRule i:type=\"SharedAccessAuthorizationRule\"><ClaimType>SharedAccessKey</ClaimType><ClaimValue>None</ClaimValue><Rights><AccessRights>Manage</AccessRights><AccessRights>Send</AccessRights><AccessRights>Listen</AccessRights></Rights><KeyName>allClaims</KeyName><PrimaryKey>SanitizedSanitizedSanitizedSanitizedSanitize</PrimaryKey><SecondaryKey>SanitizedSanitizedSanitizedSanitizedSanitize</SecondaryKey></AuthorizationRule></AuthorizationRules><Status>Active</Status><CreatedAt>2024-04-19T14:56:52.837Z</CreatedAt><UpdatedAt>2024-04-19T14:56:53.507Z</UpdatedAt><AccessedAt>0001-01-01T00:00:00Z</AccessedAt><UserMetadata>BasicTopicCrudOperations</UserMetadata><SupportOrdering>false</SupportOrdering><CountDetails xmlns:d2p1=\"http://schemas.microsoft.com/netservices/2011/06/servicebus\"><d2p1:ActiveMessageCount>0</d2p1:ActiveMessageCount><d2p1:DeadLetterMessageCount>0</d2p1:DeadLetterMessageCount><d2p1:ScheduledMessageCount>0</d2p1:ScheduledMessageCount><d2p1:TransferMessageCount>0</d2p1:TransferMessageCount><d2p1:TransferDeadLetterMessageCount>0</d2p1:TransferDeadLetterMessageCount></CountDetails><SubscriptionCount>0</SubscriptionCount><AutoDeleteOnIdle>PT1H</AutoDeleteOnIdle><EnablePartitioning>false</EnablePartitioning><EntityAvailabilityStatus>Unknown</EntityAvailabilityStatus><EnableSubscriptionPartitioning>false</EnableSubscriptionPartitioning><EnableExpress>false</EnableExpress><MaxMessageSizeInKilobytes>256</MaxMessageSizeInKilobytes></TopicDescription></content></entry>"
    },
    {
      "RequestUri": "https://sb-te024e0517311b8c1.servicebus.windows.net/$Resources/topics?api-version=2021-05&enrich=False&$skip=0&$top=100",
      "RequestMethod": "GET",
      "RequestHeaders": {
        "Authorization": "Sanitized",
        "traceparent": "00-bd28b573dec147d0f5322b5fa4d8c8c3-3c68dffc4fe3e368-00",
        "User-Agent": "azsdk-net-Messaging.ServiceBus/7.18.0-alpha.20240419.1 (.NET 7.0.18; Microsoft Windows 10.0.22631)",
        "x-ms-client-request-id": "83147980aeab87d14e59ecea6cb5e8d7",
        "x-ms-return-client-request-id": "true"
      },
      "RequestBody": null,
      "StatusCode": 200,
      "ResponseHeaders": {
        "Content-Type": "application/atom+xml; type=feed; charset=utf-8",
        "Date": "Fri, 19 Apr 2024 14:56:53 GMT",
        "Server": "Microsoft-HTTPAPI/2.0",
        "Transfer-Encoding": "chunked"
      },
      "ResponseBody": "<feed xmlns=\"http://www.w3.org/2005/Atom\"><title type=\"text\">Topics</title><id>https://sb-te024e0517311b8c1.servicebus.windows.net/$Resources/topics?api-version=2021-05&amp;enrich=False&amp;$skip=0&amp;$top=100</id><updated>2024-04-19T14:56:54Z</updated><link rel=\"self\" href=\"https://sb-te024e0517311b8c1.servicebus.windows.net/$Resources/topics?api-version=2021-05&amp;enrich=False&amp;$skip=0&amp;$top=100\"/><entry xml:base=\"https://sb-te024e0517311b8c1.servicebus.windows.net/$Resources/topics?api-version=2021-05&amp;enrich=False&amp;$skip=0&amp;$top=100\"><id>https://sb-te024e0517311b8c1.servicebus.windows.net/basictopiccrudoperationsaab03257?api-version=2021-05</id><title type=\"text\">basictopiccrudoperationsaab03257</title><published>2024-04-19T14:56:52Z</published><updated>2024-04-19T14:56:53Z</updated><author><name>sb-te024e0517311b8c1</name></author><link rel=\"self\" href=\"../basictopiccrudoperationsaab03257?api-version=2021-05\"/><content type=\"application/xml\"><TopicDescription xmlns=\"http://schemas.microsoft.com/netservices/2010/10/servicebus/connect\" xmlns:i=\"http://www.w3.org/2001/XMLSchema-instance\"><DefaultMessageTimeToLive>P3D</DefaultMessageTimeToLive><MaxSizeInMegabytes>1024</MaxSizeInMegabytes><RequiresDuplicateDetection>true</RequiresDuplicateDetection><DuplicateDetectionHistoryTimeWindow>PT2M</DuplicateDetectionHistoryTimeWindow><EnableBatchedOperations>false</EnableBatchedOperations><SizeInBytes>0</SizeInBytes><FilteringMessagesBeforePublishing>false</FilteringMessagesBeforePublishing><IsAnonymousAccessible>false</IsAnonymousAccessible><AuthorizationRules><AuthorizationRule i:type=\"SharedAccessAuthorizationRule\"><ClaimType>SharedAccessKey</ClaimType><ClaimValue>None</ClaimValue><Rights><AccessRights>Manage</AccessRights><AccessRights>Send</AccessRights><AccessRights>Listen</AccessRights></Rights><KeyName>allClaims</KeyName><PrimaryKey>SanitizedSanitizedSanitizedSanitizedSanitize</PrimaryKey><SecondaryKey>SanitizedSanitizedSanitizedSanitizedSanitize</SecondaryKey></AuthorizationRule></AuthorizationRules><Status>Active</Status><CreatedAt>2024-04-19T14:56:52.837Z</CreatedAt><UpdatedAt>2024-04-19T14:56:53.507Z</UpdatedAt><AccessedAt>0001-01-01T00:00:00Z</AccessedAt><UserMetadata>BasicTopicCrudOperations</UserMetadata><SupportOrdering>false</SupportOrdering><CountDetails xmlns:d2p1=\"http://schemas.microsoft.com/netservices/2011/06/servicebus\"><d2p1:ActiveMessageCount>0</d2p1:ActiveMessageCount><d2p1:DeadLetterMessageCount>0</d2p1:DeadLetterMessageCount><d2p1:ScheduledMessageCount>0</d2p1:ScheduledMessageCount><d2p1:TransferMessageCount>0</d2p1:TransferMessageCount><d2p1:TransferDeadLetterMessageCount>0</d2p1:TransferDeadLetterMessageCount></CountDetails><SubscriptionCount>0</SubscriptionCount><AutoDeleteOnIdle>PT1H</AutoDeleteOnIdle><EnablePartitioning>false</EnablePartitioning><EntityAvailabilityStatus>Unknown</EntityAvailabilityStatus><EnableSubscriptionPartitioning>false</EnableSubscriptionPartitioning><EnableExpress>false</EnableExpress><MaxMessageSizeInKilobytes>256</MaxMessageSizeInKilobytes></TopicDescription></content></entry></feed>"
    },
    {
      "RequestUri": "https://sb-te024e0517311b8c1.servicebus.windows.net/basictopiccrudoperationsaab03257?api-version=2021-05",
      "RequestMethod": "DELETE",
      "RequestHeaders": {
        "Authorization": "Sanitized",
        "traceparent": "00-90df10479f0e6de60903061edcb4869b-9c2d69af1d494d3f-00",
        "User-Agent": "azsdk-net-Messaging.ServiceBus/7.18.0-alpha.20240419.1 (.NET 7.0.18; Microsoft Windows 10.0.22631)",
        "x-ms-client-request-id": "b9739d68d0d00d7771797c3d18cb953f",
        "x-ms-return-client-request-id": "true"
      },
      "RequestBody": null,
      "StatusCode": 200,
      "ResponseHeaders": {
        "Content-Length": "0",
        "Date": "Fri, 19 Apr 2024 14:56:54 GMT",
        "ETag": "638491354135070000",
        "Server": "Microsoft-HTTPAPI/2.0",
        "Strict-Transport-Security": "max-age=31536000"
      },
      "ResponseBody": null
    },
    {
      "RequestUri": "https://sb-te024e0517311b8c1.servicebus.windows.net/basictopiccrudoperationsaab03257?api-version=2021-05&enrich=False",
      "RequestMethod": "GET",
      "RequestHeaders": {
        "Authorization": "Sanitized",
        "traceparent": "00-a11b607eac70c1dbd8be3655b6e179c4-841f148652df4e54-00",
        "User-Agent": "azsdk-net-Messaging.ServiceBus/7.18.0-alpha.20240419.1 (.NET 7.0.18; Microsoft Windows 10.0.22631)",
        "x-ms-client-request-id": "86b4a3021ef0519fabbc37790386e4c3",
        "x-ms-return-client-request-id": "true"
      },
      "RequestBody": null,
      "StatusCode": 200,
      "ResponseHeaders": {
        "Content-Type": "application/atom+xml; type=feed; charset=utf-8",
        "Date": "Fri, 19 Apr 2024 14:56:54 GMT",
        "Server": "Microsoft-HTTPAPI/2.0",
        "Strict-Transport-Security": "max-age=31536000",
        "Transfer-Encoding": "chunked"
      },
      "ResponseBody": "<feed xmlns=\"http://www.w3.org/2005/Atom\"><title type=\"text\">Publicly Listed Services</title><subtitle type=\"text\">This is the list of publicly-listed services currently available.</subtitle><id>uuid:c889458b-a5bc-4ee9-91ca-e146f4753bb2;id=44449</id><updated>2024-04-19T14:56:55Z</updated><generator>Service Bus 1.1</generator></feed>"
    },
    {
      "RequestUri": "https://sb-te024e0517311b8c1.servicebus.windows.net/basictopiccrudoperationsaab03257?api-version=2021-05&enrich=False",
      "RequestMethod": "GET",
      "RequestHeaders": {
        "Authorization": "Sanitized",
        "traceparent": "00-d635bc1789dbb088818deac1fa4c9b9b-b0760a0902090ff3-00",
        "User-Agent": "azsdk-net-Messaging.ServiceBus/7.18.0-alpha.20240419.1 (.NET 7.0.18; Microsoft Windows 10.0.22631)",
        "x-ms-client-request-id": "4eb75b79024cafa80106123232946f82",
        "x-ms-return-client-request-id": "true"
      },
      "RequestBody": null,
      "StatusCode": 200,
      "ResponseHeaders": {
        "Content-Type": "application/atom+xml; type=feed; charset=utf-8",
        "Date": "Fri, 19 Apr 2024 14:56:55 GMT",
        "Server": "Microsoft-HTTPAPI/2.0",
        "Strict-Transport-Security": "max-age=31536000",
        "Transfer-Encoding": "chunked"
      },
      "ResponseBody": "<feed xmlns=\"http://www.w3.org/2005/Atom\"><title type=\"text\">Publicly Listed Services</title><subtitle type=\"text\">This is the list of publicly-listed services currently available.</subtitle><id>uuid:c889458b-a5bc-4ee9-91ca-e146f4753bb2;id=44452</id><updated>2024-04-19T14:56:56Z</updated><generator>Service Bus 1.1</generator></feed>"
    }
  ],
  "Variables": {
    "RandomSeed": "401481145",
    "SERVICEBUS_CONNECTION_STRING": "Endpoint=sb://sb-te024e0517311b8c1.servicebus.windows.net/;SharedAccessKeyName=RootManageSharedAccessKey;SharedAccessKey=Kg=="
  }
}
