{
  "Entries": [
    {
      "RequestUri": "https://sb-td99723966979f9e4.servicebus.windows.net/4952b835?api-version=2021-05",
      "RequestMethod": "PUT",
      "RequestHeaders": {
        "Authorization": "Sanitized",
        "Content-Length": "843",
        "Content-Type": "application/atom+xml",
        "traceparent": "00-3ba4bff1e3e2f0000e65fb6d1e1ab771-6441431f2808d5d6-00",
        "User-Agent": "azsdk-net-Messaging.ServiceBus/7.19.0-alpha.20240906.1 (.NET 8.0.8; Microsoft Windows 10.0.22631)",
        "x-ms-client-request-id": "Sanitized",
        "x-ms-return-client-request-id": "true"
      },
      "RequestBody": [
        "<entry xmlns=\"http://www.w3.org/2005/Atom\">\r\n",
        "  <content type=\"application/xml\">\r\n",
        "    <TopicDescription xmlns=\"http://schemas.microsoft.com/netservices/2010/10/servicebus/connect\">\r\n",
        "      <MaxSizeInMegabytes>1024</MaxSizeInMegabytes>\r\n",
        "      <RequiresDuplicateDetection>false</RequiresDuplicateDetection>\r\n",
        "      <EnableBatchedOperations>true</EnableBatchedOperations>\r\n",
        "      <FilteringMessagesBeforePublishing>false</FilteringMessagesBeforePublishing>\r\n",
        "      <IsAnonymousAccessible>false</IsAnonymousAccessible>\r\n",
        "      <AuthorizationRules />\r\n",
        "      <Status>Active</Status>\r\n",
        "      <SupportOrdering>false</SupportOrdering>\r\n",
        "      <EnablePartitioning>false</EnablePartitioning>\r\n",
        "      <EnableSubscriptionPartitioning>false</EnableSubscriptionPartitioning>\r\n",
        "      <EnableExpress>false</EnableExpress>\r\n",
        "    </TopicDescription>\r\n",
        "  </content>\r\n",
        "</entry>"
      ],
      "StatusCode": 201,
      "ResponseHeaders": {
        "Content-Type": "application/atom+xml; type=entry; charset=utf-8",
        "Date": "Fri, 06 Sep 2024 21:27:25 GMT",
        "Server": "Microsoft-HTTPAPI/2.0",
        "Strict-Transport-Security": "max-age=31536000",
        "Transfer-Encoding": "chunked"
      },
      "ResponseBody": "<entry xmlns=\"http://www.w3.org/2005/Atom\"><id>https://sb-td99723966979f9e4.servicebus.windows.net/4952b835?api-version=2021-05</id><title type=\"text\">4952b835</title><published>2024-09-06T21:27:25Z</published><updated>2024-09-06T21:27:25Z</updated><author><name>sb-td99723966979f9e4</name></author><link rel=\"self\" href=\"https://sb-td99723966979f9e4.servicebus.windows.net/4952b835?api-version=2021-05\"/><content type=\"application/xml\"><TopicDescription xmlns=\"http://schemas.microsoft.com/netservices/2010/10/servicebus/connect\" xmlns:i=\"http://www.w3.org/2001/XMLSchema-instance\"><DefaultMessageTimeToLive>P10675199DT2H48M5.4775807S</DefaultMessageTimeToLive><MaxSizeInMegabytes>1024</MaxSizeInMegabytes><RequiresDuplicateDetection>false</RequiresDuplicateDetection><DuplicateDetectionHistoryTimeWindow>PT10M</DuplicateDetectionHistoryTimeWindow><EnableBatchedOperations>true</EnableBatchedOperations><SizeInBytes>0</SizeInBytes><FilteringMessagesBeforePublishing>false</FilteringMessagesBeforePublishing><IsAnonymousAccessible>false</IsAnonymousAccessible><AuthorizationRules></AuthorizationRules><Status>Active</Status><CreatedAt>2024-09-06T21:27:25.017Z</CreatedAt><UpdatedAt>2024-09-06T21:27:25.047Z</UpdatedAt><SupportOrdering>false</SupportOrdering><AutoDeleteOnIdle>P10675199DT2H48M5.4775807S</AutoDeleteOnIdle><EnablePartitioning>false</EnablePartitioning><EntityAvailabilityStatus>Available</EntityAvailabilityStatus><EnableSubscriptionPartitioning>false</EnableSubscriptionPartitioning><EnableExpress>false</EnableExpress><MaxMessageSizeInKilobytes>256</MaxMessageSizeInKilobytes></TopicDescription></content></entry>"
    },
    {
      "RequestUri": "https://sb-td99723966979f9e4.servicebus.windows.net/4952b835/Subscriptions/9b4bd1ab?api-version=2021-05",
      "RequestMethod": "PUT",
      "RequestHeaders": {
        "Authorization": "Sanitized",
        "Content-Length": "932",
        "Content-Type": "application/atom+xml",
        "traceparent": "00-5c0b8a3734259fd99c6643f7ceec059f-d006395d37097388-00",
        "User-Agent": "azsdk-net-Messaging.ServiceBus/7.19.0-alpha.20240906.1 (.NET 8.0.8; Microsoft Windows 10.0.22631)",
        "x-ms-client-request-id": "Sanitized",
        "x-ms-return-client-request-id": "true"
      },
      "RequestBody": [
        "<entry xmlns=\"http://www.w3.org/2005/Atom\">\r\n",
        "  <content type=\"application/xml\">\r\n",
        "    <SubscriptionDescription xmlns=\"http://schemas.microsoft.com/netservices/2010/10/servicebus/connect\">\r\n",
        "      <LockDuration>PT1M</LockDuration>\r\n",
        "      <RequiresSession>false</RequiresSession>\r\n",
        "      <DeadLetteringOnMessageExpiration>false</DeadLetteringOnMessageExpiration>\r\n",
        "      <DeadLetteringOnFilterEvaluationExceptions>true</DeadLetteringOnFilterEvaluationExceptions>\r\n",
        "      <DefaultRuleDescription>\r\n",
        "        <Filter p5:type=\"TrueFilter\" xmlns:p5=\"http://www.w3.org/2001/XMLSchema-instance\">\r\n",
        "          <SqlExpression>1=1</SqlExpression>\r\n",
        "          <Parameters />\r\n",
        "        </Filter>\r\n",
        "        <Name>$Default</Name>\r\n",
        "      </DefaultRuleDescription>\r\n",
        "      <MaxDeliveryCount>10</MaxDeliveryCount>\r\n",
        "      <EnableBatchedOperations>true</EnableBatchedOperations>\r\n",
        "      <Status>Active</Status>\r\n",
        "    </SubscriptionDescription>\r\n",
        "  </content>\r\n",
        "</entry>"
      ],
      "StatusCode": 201,
      "ResponseHeaders": {
        "Content-Type": "application/atom+xml; type=entry; charset=utf-8",
        "Date": "Fri, 06 Sep 2024 21:27:25 GMT",
        "ETag": "638612548450470000",
        "Server": "Microsoft-HTTPAPI/2.0",
        "Strict-Transport-Security": "max-age=31536000",
        "Transfer-Encoding": "chunked"
      },
      "ResponseBody": "<entry xmlns=\"http://www.w3.org/2005/Atom\"><id>https://sb-td99723966979f9e4.servicebus.windows.net/4952b835/Subscriptions/9b4bd1ab?api-version=2021-05</id><title type=\"text\">9b4bd1ab</title><published>2024-09-06T21:27:25Z</published><updated>2024-09-06T21:27:25Z</updated><link rel=\"self\" href=\"https://sb-td99723966979f9e4.servicebus.windows.net/4952b835/Subscriptions/9b4bd1ab?api-version=2021-05\"/><content type=\"application/xml\"><SubscriptionDescription xmlns=\"http://schemas.microsoft.com/netservices/2010/10/servicebus/connect\" xmlns:i=\"http://www.w3.org/2001/XMLSchema-instance\"><LockDuration>PT1M</LockDuration><RequiresSession>false</RequiresSession><DefaultMessageTimeToLive>P10675199DT2H48M5.4775807S</DefaultMessageTimeToLive><DeadLetteringOnMessageExpiration>false</DeadLetteringOnMessageExpiration><DeadLetteringOnFilterEvaluationExceptions>true</DeadLetteringOnFilterEvaluationExceptions><MessageCount>0</MessageCount><MaxDeliveryCount>10</MaxDeliveryCount><EnableBatchedOperations>true</EnableBatchedOperations><Status>Active</Status><CreatedAt>2024-09-06T21:27:25.5680105Z</CreatedAt><UpdatedAt>2024-09-06T21:27:25.5680105Z</UpdatedAt><AccessedAt>0001-01-01T00:00:00</AccessedAt><AutoDeleteOnIdle>P10675199DT2H48M5.4775807S</AutoDeleteOnIdle><EntityAvailabilityStatus>Available</EntityAvailabilityStatus><IsClientAffine>false</IsClientAffine></SubscriptionDescription></content></entry>"
    },
    {
      "RequestUri": "https://sb-td99723966979f9e4.servicebus.windows.net/4952b835/Subscriptions/9b4bd1ab/Rules/rule1?api-version=2021-05",
      "RequestMethod": "PUT",
      "RequestHeaders": {
        "Authorization": "Sanitized",
        "Content-Length": "1980",
        "Content-Type": "application/atom+xml",
        "traceparent": "00-b97868cb1aa0e010a993666f9bc7f241-183a194fb9063267-00",
        "User-Agent": "azsdk-net-Messaging.ServiceBus/7.19.0-alpha.20240906.1 (.NET 8.0.8; Microsoft Windows 10.0.22631)",
        "x-ms-client-request-id": "Sanitized",
        "x-ms-return-client-request-id": "true"
      },
      "RequestBody": [
        "<entry xmlns=\"http://www.w3.org/2005/Atom\">\r\n",
        "  <content type=\"application/xml\">\r\n",
        "    <RuleDescription xmlns=\"http://schemas.microsoft.com/netservices/2010/10/servicebus/connect\">\r\n",
        "      <Filter p4:type=\"SqlFilter\" xmlns:p4=\"http://www.w3.org/2001/XMLSchema-instance\">\r\n",
        "        <SqlExpression>PROPERTY(@propertyName) = @stringPropertyValue AND PROPERTY(intProperty) = @intPropertyValue AND PROPERTY(longProperty) = @longPropertyValue AND PROPERTY(boolProperty) = @boolPropertyValue AND PROPERTY(doubleProperty) = @doublePropertyValue </SqlExpression>\r\n",
        "        <Parameters>\r\n",
        "          <KeyValueOfstringanyType>\r\n",
        "            <Key>@propertyName</Key>\r\n",
        "            <Value p4:type=\"l28:string\" xmlns:l28=\"http://www.w3.org/2001/XMLSchema\">MyProperty</Value>\r\n",
        "          </KeyValueOfstringanyType>\r\n",
        "          <KeyValueOfstringanyType>\r\n",
        "            <Key>@stringPropertyValue</Key>\r\n",
        "            <Value p4:type=\"l28:string\" xmlns:l28=\"http://www.w3.org/2001/XMLSchema\">string</Value>\r\n",
        "          </KeyValueOfstringanyType>\r\n",
        "          <KeyValueOfstringanyType>\r\n",
        "            <Key>@intPropertyValue</Key>\r\n",
        "            <Value p4:type=\"l28:int\" xmlns:l28=\"http://www.w3.org/2001/XMLSchema\">3</Value>\r\n",
        "          </KeyValueOfstringanyType>\r\n",
        "          <KeyValueOfstringanyType>\r\n",
        "            <Key>@longPropertyValue</Key>\r\n",
        "            <Value p4:type=\"l28:long\" xmlns:l28=\"http://www.w3.org/2001/XMLSchema\">3</Value>\r\n",
        "          </KeyValueOfstringanyType>\r\n",
        "          <KeyValueOfstringanyType>\r\n",
        "            <Key>@boolPropertyValue</Key>\r\n",
        "            <Value p4:type=\"l28:boolean\" xmlns:l28=\"http://www.w3.org/2001/XMLSchema\">true</Value>\r\n",
        "          </KeyValueOfstringanyType>\r\n",
        "          <KeyValueOfstringanyType>\r\n",
        "            <Key>@doublePropertyValue</Key>\r\n",
        "            <Value p4:type=\"l28:double\" xmlns:l28=\"http://www.w3.org/2001/XMLSchema\">3</Value>\r\n",
        "          </KeyValueOfstringanyType>\r\n",
        "        </Parameters>\r\n",
        "      </Filter>\r\n",
        "      <Name>rule1</Name>\r\n",
        "    </RuleDescription>\r\n",
        "  </content>\r\n",
        "</entry>"
      ],
      "StatusCode": 201,
      "ResponseHeaders": {
        "Content-Type": "application/atom+xml; type=entry; charset=utf-8",
        "Date": "Fri, 06 Sep 2024 21:27:25 GMT",
        "ETag": "638612548450470000",
        "Server": "Microsoft-HTTPAPI/2.0",
        "Strict-Transport-Security": "max-age=31536000",
        "Transfer-Encoding": "chunked"
      },
      "ResponseBody": "<entry xmlns=\"http://www.w3.org/2005/Atom\"><id>https://sb-td99723966979f9e4.servicebus.windows.net/4952b835/Subscriptions/9b4bd1ab/Rules/rule1?api-version=2021-05</id><title type=\"text\">rule1</title><published>2024-09-06T21:27:25Z</published><updated>2024-09-06T21:27:25Z</updated><link rel=\"self\" href=\"https://sb-td99723966979f9e4.servicebus.windows.net/4952b835/Subscriptions/9b4bd1ab/Rules/rule1?api-version=2021-05\"/><content type=\"application/xml\"><RuleDescription xmlns=\"http://schemas.microsoft.com/netservices/2010/10/servicebus/connect\" xmlns:i=\"http://www.w3.org/2001/XMLSchema-instance\"><Filter i:type=\"SqlFilter\"><SqlExpression>PROPERTY(@propertyName) = @stringPropertyValue AND PROPERTY(intProperty) = @intPropertyValue AND PROPERTY(longProperty) = @longPropertyValue AND PROPERTY(boolProperty) = @boolPropertyValue AND PROPERTY(doubleProperty) = @doublePropertyValue </SqlExpression><CompatibilityLevel>20</CompatibilityLevel><Parameters><KeyValueOfstringanyType><Key>@propertyName</Key><Value i:type=\"d6p1:string\" xmlns:d6p1=\"http://www.w3.org/2001/XMLSchema\">MyProperty</Value></KeyValueOfstringanyType><KeyValueOfstringanyType><Key>@stringPropertyValue</Key><Value i:type=\"d6p1:string\" xmlns:d6p1=\"http://www.w3.org/2001/XMLSchema\">string</Value></KeyValueOfstringanyType><KeyValueOfstringanyType><Key>@intPropertyValue</Key><Value i:type=\"d6p1:int\" xmlns:d6p1=\"http://www.w3.org/2001/XMLSchema\">3</Value></KeyValueOfstringanyType><KeyValueOfstringanyType><Key>@longPropertyValue</Key><Value i:type=\"d6p1:long\" xmlns:d6p1=\"http://www.w3.org/2001/XMLSchema\">3</Value></KeyValueOfstringanyType><KeyValueOfstringanyType><Key>@boolPropertyValue</Key><Value i:type=\"d6p1:boolean\" xmlns:d6p1=\"http://www.w3.org/2001/XMLSchema\">true</Value></KeyValueOfstringanyType><KeyValueOfstringanyType><Key>@doublePropertyValue</Key><Value i:type=\"d6p1:double\" xmlns:d6p1=\"http://www.w3.org/2001/XMLSchema\">3</Value></KeyValueOfstringanyType></Parameters></Filter><Action i:type=\"EmptyRuleAction\"/><CreatedAt>2024-09-06T21:27:25.7711352Z</CreatedAt><Name>rule1</Name></RuleDescription></content></entry>"
    },
    {
      "RequestUri": "https://sb-td99723966979f9e4.servicebus.windows.net/4952b835?api-version=2021-05",
      "RequestMethod": "DELETE",
      "RequestHeaders": {
        "Authorization": "Sanitized",
        "traceparent": "00-a056672ff6ccd6ec38e2b3a2e7697907-e84d954ecd30bfdf-00",
        "User-Agent": "azsdk-net-Messaging.ServiceBus/7.19.0-alpha.20240906.1 (.NET 8.0.8; Microsoft Windows 10.0.22631)",
        "x-ms-client-request-id": "Sanitized",
        "x-ms-return-client-request-id": "true"
      },
      "RequestBody": null,
      "StatusCode": 200,
      "ResponseHeaders": {
        "Content-Length": "0",
        "Date": "Fri, 06 Sep 2024 21:27:25 GMT",
        "ETag": "638612548450470000",
        "Server": "Microsoft-HTTPAPI/2.0",
        "Strict-Transport-Security": "max-age=31536000"
      },
      "ResponseBody": null
    }
  ],
  "Variables": {
    "RandomSeed": "504869459",
    "SERVICEBUS_FULLY_QUALIFIED_NAMESPACE": "https://sb-td99723966979f9e4.servicebus.windows.net:443/"
  }
}
