{
  "Entries": [
    {
      "RequestUri": "https://REDACTED/pools/BatchUser-testpool?api-version=2024-02-01.19.0",
      "RequestMethod": "HEAD",
      "RequestHeaders": {
        "Accept": "application/json",
        "Authorization": "Sanitized",
        "client-request-id": "54063553-d84b-46f3-af18-e7aa436b6f6e",
        "Content-Length": "0",
        "Date": "Wed, 10 Apr 2024 12:27:43 GMT",
        "User-Agent": "azsdk-java-azure-compute-batch/1.0.0-beta.1 (17.0.9; Windows 11; 10.0)"
      },
      "RequestBody": null,
      "StatusCode": 200,
      "ResponseHeaders": {
        "DataServiceVersion": "3.0",
        "Date": "Wed, 10 Apr 2024 12:27:44 GMT",
        "ETag": "0x8DC4EE4E4A30236",
        "Last-Modified": "Thu, 28 Mar 2024 05:06:57 GMT",
        "request-id": "fb945a68-0dad-48f2-abce-cb5ac19096fd",
        "Server": "Microsoft-HTTPAPI/2.0",
        "Strict-Transport-Security": "max-age=31536000; includeSubDomains",
        "Transfer-Encoding": "chunked",
        "X-Content-Type-Options": "nosniff"
      },
      "ResponseBody": null
    },
    {
      "RequestUri": "https://REDACTED/pools/BatchUser-testpool?api-version=2024-02-01.19.0",
      "RequestMethod": "GET",
      "RequestHeaders": {
        "Accept": "application/json",
        "Authorization": "Sanitized",
        "client-request-id": "75b410ab-f936-402e-8388-804727873ca9",
        "Content-Length": "0",
        "Date": "Wed, 10 Apr 2024 12:27:45 GMT",
        "User-Agent": "azsdk-java-azure-compute-batch/1.0.0-beta.1 (17.0.9; Windows 11; 10.0)"
      },
      "RequestBody": null,
      "StatusCode": 200,
      "ResponseHeaders": {
        "Content-Type": "application/json; odata=minimalmetadata",
        "DataServiceVersion": "3.0",
        "Date": "Wed, 10 Apr 2024 12:27:45 GMT",
        "ETag": "0x8DC4EE4E4A30236",
        "Last-Modified": "Thu, 28 Mar 2024 05:06:57 GMT",
        "request-id": "3d878f98-9c60-4cac-9350-37b7a5b0fa42",
        "Server": "Microsoft-HTTPAPI/2.0",
        "Strict-Transport-Security": "max-age=31536000; includeSubDomains",
        "Transfer-Encoding": "chunked",
        "X-Content-Type-Options": "nosniff"
      },
      "ResponseBody": {
        "odata.metadata": "https://sanjbatch.eastus.batch.azure.com/$metadata#pools/@Element",
        "id": "BatchUser-testpool",
        "url": "REDACTED",
        "eTag": "0x8DC4EE4E4A30236",
        "lastModified": "2024-03-28T05:06:57.5166006Z",
        "creationTime": "2024-03-28T05:06:57.5165994Z",
        "state": "active",
        "stateTransitionTime": "2024-03-28T05:06:57.5165994Z",
        "allocationState": "steady",
        "allocationStateTransitionTime": "2024-03-28T05:09:13.50471Z",
        "vmSize": "standard_d1_v2",
        "resizeTimeout": "PT15M",
        "currentDedicatedNodes": 1,
        "targetDedicatedNodes": 1,
        "currentLowPriorityNodes": 0,
        "targetLowPriorityNodes": 0,
        "enableAutoScale": false,
        "enableInterNodeCommunication": false,
        "userAccounts": [
          {
            "name": "test-user",
            "elevationLevel": "admin",
            "linuxUserConfiguration": {
              "uid": 5,
              "gid": 5
            }
          }
        ],
        "taskSlotsPerNode": 1,
        "taskSchedulingPolicy": {
          "nodeFillType": "Spread"
        },
        "virtualMachineConfiguration": {
          "imageReference": {
            "publisher": "Canonical",
            "offer": "UbuntuServer",
            "sku": "18.04-LTS",
            "version": "latest"
          },
          "nodeAgentSKUId": "batch.node.ubuntu 18.04"
        },
        "networkConfiguration": {
          "subnetId": "/subscriptions/42d72928-df33-4f31-9f04-581177fca7d6/resourceGroups/sanjrg/providers/Microsoft.Network/virtualNetworks/sanjvnet/subnets/default",
          "dynamicVNetAssignmentScope": "none",
          "enableAcceleratedNetworking": false
        },
        "currentNodeCommunicationMode": "classic"
      }
    },
    {
      "RequestUri": "https://REDACTED/jobs?api-version=2024-02-01.19.0",
      "RequestMethod": "POST",
      "RequestHeaders": {
        "Accept": "application/json",
        "Authorization": "Sanitized",
        "client-request-id": "80cfbf1d-3da2-46d7-9eed-b7d8b175b796",
        "Content-Length": "85",
        "Content-Type": "application/json; odata=minimalmetadata",
        "Date": "Wed, 10 Apr 2024 12:27:45 GMT",
        "User-Agent": "azsdk-java-azure-compute-batch/1.0.0-beta.1 (17.0.9; Windows 11; 10.0)"
      },
      "RequestBody": {
        "id": "BatchUser-Job-canReadFromTaskFile",
        "poolInfo": {
          "poolId": "BatchUser-testpool"
        }
      },
      "StatusCode": 201,
      "ResponseHeaders": {
        "DataServiceId": "https://sanjbatch.eastus.batch.azure.com/jobs/job-1",
        "DataServiceVersion": "3.0",
        "Date": "Wed, 10 Apr 2024 12:27:45 GMT",
        "ETag": "0x8DC5959A08EFFE0",
        "Last-Modified": "Wed, 10 Apr 2024 12:27:46 GMT",
        "Location": "https://sanjbatch.eastus.batch.azure.com/jobs/job-1",
        "request-id": "0d019f0b-5773-49d4-8903-18cd6d835be1",
        "Server": "Microsoft-HTTPAPI/2.0",
        "Strict-Transport-Security": "max-age=31536000; includeSubDomains",
        "Transfer-Encoding": "chunked",
        "X-Content-Type-Options": "nosniff"
      },
      "ResponseBody": null
    },
    {
      "RequestUri": "https://REDACTED/jobs/BatchUser-Job-canReadFromTaskFile/tasks?api-version=2024-02-01.19.0",
      "RequestMethod": "POST",
      "RequestHeaders": {
        "Accept": "application/json",
        "Authorization": "Sanitized",
        "client-request-id": "ca99242a-907b-482c-9a00-b4113d8503f7",
        "Content-Length": "59",
        "Content-Type": "application/json; odata=minimalmetadata",
        "Date": "Wed, 10 Apr 2024 12:27:46 GMT",
        "User-Agent": "azsdk-java-azure-compute-batch/1.0.0-beta.1 (17.0.9; Windows 11; 10.0)"
      },
      "RequestBody": {
        "id": "mytask",
        "commandLine": "/bin/bash -c \u0022echo hello\u0022"
      },
      "StatusCode": 201,
      "ResponseHeaders": {
        "DataServiceId": "https://sanjbatch.eastus.batch.azure.com/jobs/BatchUser-Job-canReadFromTaskFile/tasks/mytask",
        "DataServiceVersion": "3.0",
        "Date": "Wed, 10 Apr 2024 12:27:45 GMT",
        "ETag": "0x8DC5959A0AA5DD8",
        "Last-Modified": "Wed, 10 Apr 2024 12:27:46 GMT",
        "Location": "https://sanjbatch.eastus.batch.azure.com/jobs/BatchUser-Job-canReadFromTaskFile/tasks/mytask",
        "request-id": "57033e5c-a07c-41cf-8389-a0461660fbe4",
        "Server": "Microsoft-HTTPAPI/2.0",
        "Strict-Transport-Security": "max-age=31536000; includeSubDomains",
        "Transfer-Encoding": "chunked",
        "X-Content-Type-Options": "nosniff"
      },
      "ResponseBody": null
    },
    {
      "RequestUri": "https://REDACTED/jobs/BatchUser-Job-canReadFromTaskFile/tasks?api-version=2024-02-01.19.0\u0026%24select=id%2Cstate",
      "RequestMethod": "GET",
      "RequestHeaders": {
        "Accept": "application/json",
        "Authorization": "Sanitized",
        "client-request-id": "cbcd36bc-dd06-488a-afff-6c5fc46d7c75",
        "Content-Length": "0",
        "Date": "Wed, 10 Apr 2024 12:27:46 GMT",
        "User-Agent": "azsdk-java-azure-compute-batch/1.0.0-beta.1 (17.0.9; Windows 11; 10.0)"
      },
      "RequestBody": null,
      "StatusCode": 200,
      "ResponseHeaders": {
        "Content-Type": "application/json; odata=minimalmetadata",
        "DataServiceVersion": "3.0",
        "Date": "Wed, 10 Apr 2024 12:27:45 GMT",
        "request-id": "fedc9f02-968d-436e-b27a-f0818f5e1b99",
        "Server": "Microsoft-HTTPAPI/2.0",
        "Strict-Transport-Security": "max-age=31536000; includeSubDomains",
        "Transfer-Encoding": "chunked",
        "X-Content-Type-Options": "nosniff"
      },
      "ResponseBody": {
        "odata.metadata": "https://sanjbatch.eastus.batch.azure.com/$metadata#tasks",
        "value": [
          {
            "id": "mytask",
            "state": "active"
          }
        ]
      }
    },
    {
      "RequestUri": "https://REDACTED/jobs/BatchUser-Job-canReadFromTaskFile/tasks?api-version=2024-02-01.19.0\u0026%24select=id%2Cstate",
      "RequestMethod": "GET",
      "RequestHeaders": {
        "Accept": "application/json",
        "Authorization": "Sanitized",
        "client-request-id": "d48dee9a-4da9-499e-8ab5-72adcd76cf32",
        "Content-Length": "0",
        "Date": "Wed, 10 Apr 2024 12:27:56 GMT",
        "User-Agent": "azsdk-java-azure-compute-batch/1.0.0-beta.1 (17.0.9; Windows 11; 10.0)"
      },
      "RequestBody": null,
      "StatusCode": 200,
      "ResponseHeaders": {
        "Content-Type": "application/json; odata=minimalmetadata",
        "DataServiceVersion": "3.0",
        "Date": "Wed, 10 Apr 2024 12:27:55 GMT",
        "request-id": "fa6eb6e1-a6e5-4445-915e-379e7766601c",
        "Server": "Microsoft-HTTPAPI/2.0",
        "Strict-Transport-Security": "max-age=31536000; includeSubDomains",
        "Transfer-Encoding": "chunked",
        "X-Content-Type-Options": "nosniff"
      },
      "ResponseBody": {
        "odata.metadata": "https://sanjbatch.eastus.batch.azure.com/$metadata#tasks",
        "value": [
          {
            "id": "mytask",
            "state": "completed"
          }
        ]
      }
    },
    {
      "RequestUri": "https://REDACTED/jobs/BatchUser-Job-canReadFromTaskFile/tasks/mytask/files?api-version=2024-02-01.19.0",
      "RequestMethod": "GET",
      "RequestHeaders": {
        "Accept": "application/json",
        "Authorization": "Sanitized",
        "client-request-id": "333f6579-bd38-446e-8f3f-3596ffecac2f",
        "Content-Length": "0",
        "Date": "Wed, 10 Apr 2024 12:27:56 GMT",
        "User-Agent": "azsdk-java-azure-compute-batch/1.0.0-beta.1 (17.0.9; Windows 11; 10.0)"
      },
      "RequestBody": null,
      "StatusCode": 200,
      "ResponseHeaders": {
        "Content-Type": "application/json; odata=minimalmetadata",
        "DataServiceVersion": "3.0",
        "Date": "Wed, 10 Apr 2024 12:27:56 GMT",
        "request-id": "1cdf7d4b-5034-4ff8-b41d-86423bc6431c",
        "Server": "Microsoft-HTTPAPI/2.0",
        "Strict-Transport-Security": "max-age=31536000; includeSubDomains",
        "Transfer-Encoding": "chunked",
        "X-Content-Type-Options": "nosniff"
      },
      "ResponseBody": {
        "odata.metadata": "https://sanjbatch.eastus.batch.azure.com/$metadata#files",
        "value": [
          {
            "name": "stderr.txt",
            "url": "REDACTED",
            "isDirectory": false,
            "properties": {
              "lastModified": "2024-04-10T12:27:47.38307Z",
              "contentLength": "0",
              "contentType": "text/plain",
              "fileMode": "0o100644"
            }
          },
          {
            "name": "stdout.txt",
            "url": "REDACTED",
            "isDirectory": false,
            "properties": {
              "lastModified": "2024-04-10T12:27:47.415071Z",
              "contentLength": "6",
              "contentType": "text/plain",
              "fileMode": "0o100644"
            }
          },
          {
            "name": "certs",
            "url": "REDACTED",
            "isDirectory": true
          },
          {
            "name": "wd",
            "url": "REDACTED",
            "isDirectory": true
          }
        ]
      }
    },
    {
      "RequestUri": "https://REDACTED/jobs/BatchUser-Job-canReadFromTaskFile/tasks/mytask/files/stdout.txt?api-version=2024-02-01.19.0",
      "RequestMethod": "GET",
      "RequestHeaders": {
        "Accept": "application/octet-stream, application/json",
        "Authorization": "Sanitized",
        "client-request-id": "ff3446c8-99d0-4560-a0a2-1735b07cc0cb",
        "Content-Length": "0",
        "Date": "Wed, 10 Apr 2024 12:27:56 GMT",
        "User-Agent": "azsdk-java-azure-compute-batch/1.0.0-beta.1 (17.0.9; Windows 11; 10.0)"
      },
      "RequestBody": null,
      "StatusCode": 200,
      "ResponseHeaders": {
        "Content-Type": "text/plain",
        "DataServiceVersion": "3.0",
        "Date": "Wed, 10 Apr 2024 12:27:56 GMT",
        "Last-Modified": "Wed, 10 Apr 2024 12:27:47 GMT",
        "ocp-batch-file-isdirectory": "False",
        "ocp-batch-file-mode": "0o100644",
        "ocp-batch-file-url": "https%3A%2F%2Fsanjbatch.eastus.batch.azure.com%2Fjobs%2FBatchUser-Job-canReadFromTaskFile%2Ftasks%2Fmytask%2Ffiles%2Fstdout.txt",
        "request-id": "15242ae7-4696-4be6-9b16-ab07a5d71932",
        "Server": "Microsoft-HTTPAPI/2.0",
        "Strict-Transport-Security": "max-age=31536000; includeSubDomains",
        "Transfer-Encoding": "chunked",
        "X-Content-Type-Options": "nosniff"
      },
      "ResponseBody": [
        "hello\n"
      ]
    },
    {
      "RequestUri": "https://REDACTED/jobs/BatchUser-Job-canReadFromTaskFile/tasks/mytask/files/stdout.txt?api-version=2024-02-01.19.0",
      "RequestMethod": "GET",
      "RequestHeaders": {
        "Accept": "application/octet-stream, application/json",
        "Authorization": "Sanitized",
        "client-request-id": "38353786-e08a-4ecd-b8d6-029462f9d72c",
        "Content-Length": "0",
        "Date": "Wed, 10 Apr 2024 12:27:56 GMT",
        "User-Agent": "azsdk-java-azure-compute-batch/1.0.0-beta.1 (17.0.9; Windows 11; 10.0)"
      },
      "RequestBody": null,
      "StatusCode": 200,
      "ResponseHeaders": {
        "Content-Type": "text/plain",
        "DataServiceVersion": "3.0",
        "Date": "Wed, 10 Apr 2024 12:27:56 GMT",
        "Last-Modified": "Wed, 10 Apr 2024 12:27:47 GMT",
        "ocp-batch-file-isdirectory": "False",
        "ocp-batch-file-mode": "0o100644",
        "ocp-batch-file-url": "https%3A%2F%2Fsanjbatch.eastus.batch.azure.com%2Fjobs%2FBatchUser-Job-canReadFromTaskFile%2Ftasks%2Fmytask%2Ffiles%2Fstdout.txt",
        "request-id": "1652d95a-69b1-4952-bf05-ed87e7b754cc",
        "Server": "Microsoft-HTTPAPI/2.0",
        "Strict-Transport-Security": "max-age=31536000; includeSubDomains",
        "Transfer-Encoding": "chunked",
        "X-Content-Type-Options": "nosniff"
      },
      "ResponseBody": [
        "hello\n"
      ]
    },
    {
      "RequestUri": "https://REDACTED/jobs/BatchUser-Job-canReadFromTaskFile/tasks/mytask/files/stdout.txt?api-version=2024-02-01.19.0",
      "RequestMethod": "HEAD",
      "RequestHeaders": {
        "Accept": "application/json",
        "Authorization": "Sanitized",
        "client-request-id": "b3933dab-0ad8-4376-8bab-9220c4c3c36f",
        "Content-Length": "0",
        "Date": "Wed, 10 Apr 2024 12:27:57 GMT",
        "User-Agent": "azsdk-java-azure-compute-batch/1.0.0-beta.1 (17.0.9; Windows 11; 10.0)"
      },
      "RequestBody": null,
      "StatusCode": 200,
      "ResponseHeaders": {
        "Content-Length": "6",
        "Content-Type": "text/plain",
        "DataServiceVersion": "3.0",
        "Date": "Wed, 10 Apr 2024 12:27:56 GMT",
        "Last-Modified": "Wed, 10 Apr 2024 12:27:47 GMT",
        "ocp-batch-file-isdirectory": "False",
        "ocp-batch-file-mode": "0o100644",
        "ocp-batch-file-url": "https%3A%2F%2Fsanjbatch.eastus.batch.azure.com%2Fjobs%2FBatchUser-Job-canReadFromTaskFile%2Ftasks%2Fmytask%2Ffiles%2Fstdout.txt",
        "request-id": "df57f249-088f-4c70-b53e-db9e41d56b68",
        "Server": "Microsoft-HTTPAPI/2.0",
        "Strict-Transport-Security": "max-age=31536000; includeSubDomains",
        "X-Content-Type-Options": "nosniff"
      },
      "ResponseBody": null
    },
    {
      "RequestUri": "https://REDACTED/jobs/BatchUser-Job-canReadFromTaskFile?api-version=2024-02-01.19.0",
      "RequestMethod": "DELETE",
      "RequestHeaders": {
        "Accept": "application/json",
        "Authorization": "Sanitized",
        "client-request-id": "061ebf5c-771e-42f9-89e5-ccffdce44d9b",
        "Content-Length": "0",
        "Date": "Wed, 10 Apr 2024 12:27:57 GMT",
        "User-Agent": "azsdk-java-azure-compute-batch/1.0.0-beta.1 (17.0.9; Windows 11; 10.0)"
      },
      "RequestBody": null,
      "StatusCode": 202,
      "ResponseHeaders": {
        "DataServiceVersion": "3.0",
        "Date": "Wed, 10 Apr 2024 12:27:56 GMT",
        "request-id": "e857a352-8820-43e9-bba8-2ead00a83580",
        "Server": "Microsoft-HTTPAPI/2.0",
        "Strict-Transport-Security": "max-age=31536000; includeSubDomains",
        "Transfer-Encoding": "chunked",
        "X-Content-Type-Options": "nosniff"
      },
      "ResponseBody": null
    }
  ],
  "Variables": {}
}
