{
  "Entries": [
    {
      "RequestUri": "https://REDACTED/pools/BatchUser-testpool?api-version=2024-07-01.20.0",
      "RequestMethod": "HEAD",
      "RequestHeaders": {
        "Accept": "application/json",
        "Authorization": "Sanitized",
        "client-request-id": "Sanitized",
        "Content-Length": "0",
        "Date": "Sat, 12 Jul 2025 06:34:06 GMT",
        "User-Agent": "azsdk-java-azure-compute-batch/1.0.0-beta.5 (17.0.9; Windows 11; 10.0)"
      },
      "RequestBody": null,
      "StatusCode": 200,
      "ResponseHeaders": {
        "DataServiceVersion": "3.0",
        "Date": "Sat, 12 Jul 2025 06:34:13 GMT",
        "ETag": "0x8DCF22EC2457DB1",
        "Last-Modified": "Tue, 22 Oct 2024 00:16:22 GMT",
        "request-id": "c9f003f2-a59f-4191-8d8c-ab0cc24a890b",
        "Server": "Microsoft-HTTPAPI/2.0",
        "Strict-Transport-Security": "max-age=31536000; includeSubDomains",
        "Transfer-Encoding": "chunked",
        "X-Content-Type-Options": "nosniff"
      },
      "ResponseBody": null
    },
    {
      "RequestUri": "https://REDACTED/pools/BatchUser-testpool?api-version=2024-07-01.20.0",
      "RequestMethod": "GET",
      "RequestHeaders": {
        "Accept": "application/json",
        "Authorization": "Sanitized",
        "client-request-id": "Sanitized",
        "Content-Length": "0",
        "Date": "Sat, 12 Jul 2025 06:34:08 GMT",
        "User-Agent": "azsdk-java-azure-compute-batch/1.0.0-beta.5 (17.0.9; Windows 11; 10.0)"
      },
      "RequestBody": null,
      "StatusCode": 200,
      "ResponseHeaders": {
        "Content-Type": "application/json; odata=minimalmetadata",
        "DataServiceVersion": "3.0",
        "Date": "Sat, 12 Jul 2025 06:34:13 GMT",
        "ETag": "0x8DCF22EC2457DB1",
        "Last-Modified": "Tue, 22 Oct 2024 00:16:22 GMT",
        "request-id": "eb8e65c6-cb70-4d30-80d3-2ec72c05d353",
        "Server": "Microsoft-HTTPAPI/2.0",
        "Strict-Transport-Security": "max-age=31536000; includeSubDomains",
        "Transfer-Encoding": "chunked",
        "X-Content-Type-Options": "nosniff"
      },
      "ResponseBody": {
        "odata.metadata": "https://sanjsdkbatch.eastus.batch.azure.com/$metadata#pools/@Element",
        "id": "BatchUser-testpool",
        "url": "REDACTED",
        "eTag": "0x8DCF22EC2457DB1",
        "lastModified": "2024-10-22T00:16:22.1519281Z",
        "creationTime": "2024-10-22T00:16:22.1519268Z",
        "state": "active",
        "stateTransitionTime": "2024-10-22T00:16:22.1519268Z",
        "allocationState": "steady",
        "allocationStateTransitionTime": "2024-10-22T00:16:58.8369965Z",
        "vmSize": "standard_d1_v2",
        "resizeTimeout": "PT15M",
        "currentDedicatedNodes": 1,
        "targetDedicatedNodes": 1,
        "currentLowPriorityNodes": 0,
        "targetLowPriorityNodes": 0,
        "enableAutoScale": false,
        "enableInterNodeCommunication": false,
        "userAccounts": [
          {
            "name": "test-user",
            "elevationLevel": "admin",
            "linuxUserConfiguration": {
              "uid": 5,
              "gid": 5
            }
          }
        ],
        "certificateReferences": [],
        "taskSlotsPerNode": 1,
        "taskSchedulingPolicy": {
          "nodeFillType": "Spread"
        },
        "virtualMachineConfiguration": {
          "imageReference": {
            "publisher": "Canonical",
            "offer": "UbuntuServer",
            "sku": "18.04-LTS",
            "version": "latest"
          },
          "nodeAgentSKUId": "batch.node.ubuntu 18.04"
        },
        "networkConfiguration": {
          "subnetId": "/subscriptions/b5df12db-974a-4202-a3dd-6793e3bf4128/resourceGroups/sanjsdkrg/providers/Microsoft.Network/virtualNetworks/sanjsdkvnet/subnets/default",
          "dynamicVNetAssignmentScope": "none",
          "enableAcceleratedNetworking": false
        },
        "currentNodeCommunicationMode": "classic"
      }
    },
    {
      "RequestUri": "https://REDACTED/jobschedules?api-version=2024-07-01.20.0",
      "RequestMethod": "POST",
      "RequestHeaders": {
        "Accept": "application/json",
        "Authorization": "Sanitized",
        "client-request-id": "Sanitized",
        "Content-Length": "264",
        "Content-Type": "application/json; odata=minimalmetadata",
        "Date": "Sat, 12 Jul 2025 06:34:08 GMT",
        "User-Agent": "azsdk-java-azure-compute-batch/1.0.0-beta.5 (17.0.9; Windows 11; 10.0)"
      },
      "RequestBody": {
        "id": "JobSchedule-updateJobScheduleState-sync",
        "schedule": {
          "doNotRunUntil": "2025-07-11T23:34:08.6506454-07:00",
          "doNotRunAfter": "2025-07-12T04:34:08.6506454-07:00",
          "startWindow": "P5D"
        },
        "jobSpecification": {
          "poolInfo": {
            "poolId": "BatchUser-testpool"
          },
          "priority": 100
        }
      },
      "StatusCode": 201,
      "ResponseHeaders": {
        "DataServiceId": "https://sanjsdkbatch.eastus.batch.azure.com/jobschedules/JobSchedule-updateJobScheduleState-sync",
        "DataServiceVersion": "3.0",
        "Date": "Sat, 12 Jul 2025 06:34:14 GMT",
        "ETag": "0x8DDC10E1E983551",
        "Last-Modified": "Sat, 12 Jul 2025 06:34:14 GMT",
        "Location": "https://REDACTED.eastus.batch.azure.com/jobschedules/JobSchedule-updateJobScheduleState-sync",
        "request-id": "4c8f6b6d-c018-4daa-89b0-47c3d6900358",
        "Server": "Microsoft-HTTPAPI/2.0",
        "Strict-Transport-Security": "max-age=31536000; includeSubDomains",
        "Transfer-Encoding": "chunked",
        "X-Content-Type-Options": "nosniff"
      },
      "ResponseBody": null
    },
    {
      "RequestUri": "https://REDACTED/jobschedules/JobSchedule-updateJobScheduleState-sync?api-version=2024-07-01.20.0",
      "RequestMethod": "GET",
      "RequestHeaders": {
        "Accept": "application/json",
        "Authorization": "Sanitized",
        "client-request-id": "Sanitized",
        "Content-Length": "0",
        "Date": "Sat, 12 Jul 2025 06:34:08 GMT",
        "User-Agent": "azsdk-java-azure-compute-batch/1.0.0-beta.5 (17.0.9; Windows 11; 10.0)"
      },
      "RequestBody": null,
      "StatusCode": 200,
      "ResponseHeaders": {
        "Content-Type": "application/json; odata=minimalmetadata",
        "DataServiceVersion": "3.0",
        "Date": "Sat, 12 Jul 2025 06:34:14 GMT",
        "ETag": "0x8DDC10E1E983551",
        "Last-Modified": "Sat, 12 Jul 2025 06:34:14 GMT",
        "request-id": "0fb3a585-cd95-4c46-87ba-a863f7a6d389",
        "Server": "Microsoft-HTTPAPI/2.0",
        "Strict-Transport-Security": "max-age=31536000; includeSubDomains",
        "Transfer-Encoding": "chunked",
        "X-Content-Type-Options": "nosniff"
      },
      "ResponseBody": {
        "odata.metadata": "https://sanjsdkbatch.eastus.batch.azure.com/$metadata#jobschedules/@Element",
        "id": "JobSchedule-updateJobScheduleState-sync",
        "url": "REDACTED",
        "eTag": "0x8DDC10E1E983551",
        "lastModified": "2025-07-12T06:34:14.3472977Z",
        "creationTime": "2025-07-12T06:34:14.3472977Z",
        "state": "active",
        "stateTransitionTime": "2025-07-12T06:34:14.3472977Z",
        "schedule": {
          "doNotRunUntil": "2025-07-12T06:34:08.6506454Z",
          "doNotRunAfter": "2025-07-12T11:34:08.6506454Z",
          "startWindow": "P5D"
        },
        "jobSpecification": {
          "priority": 100,
          "maxParallelTasks": -1,
          "allowTaskPreemption": false,
          "usesTaskDependencies": false,
          "onAllTasksComplete": "noaction",
          "onTaskFailure": "noaction",
          "constraints": {
            "maxWallClockTime": "P10675199DT2H48M5.4775807S",
            "maxTaskRetryCount": 0
          },
          "poolInfo": {
            "poolId": "BatchUser-testpool"
          }
        },
        "executionInfo": {
          "recentJob": {
            "url": "REDACTED",
            "id": "JobSchedule-updateJobScheduleState-sync:job-1"
          }
        }
      }
    },
    {
      "RequestUri": "https://REDACTED/jobschedules/JobSchedule-updateJobScheduleState-sync/disable?api-version=2024-07-01.20.0",
      "RequestMethod": "POST",
      "RequestHeaders": {
        "Accept": "application/json",
        "Authorization": "Sanitized",
        "client-request-id": "Sanitized",
        "Content-Length": "0",
        "Date": "Sat, 12 Jul 2025 06:34:08 GMT",
        "User-Agent": "azsdk-java-azure-compute-batch/1.0.0-beta.5 (17.0.9; Windows 11; 10.0)"
      },
      "RequestBody": null,
      "StatusCode": 204,
      "ResponseHeaders": {
        "Content-Length": "0",
        "DataServiceId": "https://sanjsdkbatch.eastus.batch.azure.com/jobschedules/JobSchedule-updateJobScheduleState-sync/disable",
        "DataServiceVersion": "3.0",
        "Date": "Sat, 12 Jul 2025 06:34:14 GMT",
        "ETag": "0x8DDC10E1EB99FFB",
        "Last-Modified": "Sat, 12 Jul 2025 06:34:14 GMT",
        "request-id": "491c9eff-7f18-4f48-b077-535759bc48ba",
        "Server": "Microsoft-HTTPAPI/2.0",
        "Strict-Transport-Security": "max-age=31536000; includeSubDomains",
        "X-Content-Type-Options": "nosniff"
      },
      "ResponseBody": null
    },
    {
      "RequestUri": "https://REDACTED/jobschedules/JobSchedule-updateJobScheduleState-sync?api-version=2024-07-01.20.0",
      "RequestMethod": "GET",
      "RequestHeaders": {
        "Accept": "application/json",
        "Authorization": "Sanitized",
        "client-request-id": "Sanitized",
        "Content-Length": "0",
        "Date": "Sat, 12 Jul 2025 06:34:08 GMT",
        "User-Agent": "azsdk-java-azure-compute-batch/1.0.0-beta.5 (17.0.9; Windows 11; 10.0)"
      },
      "RequestBody": null,
      "StatusCode": 200,
      "ResponseHeaders": {
        "Content-Type": "application/json; odata=minimalmetadata",
        "DataServiceVersion": "3.0",
        "Date": "Sat, 12 Jul 2025 06:34:14 GMT",
        "ETag": "0x8DDC10E1EB99FFB",
        "Last-Modified": "Sat, 12 Jul 2025 06:34:14 GMT",
        "request-id": "b94bb861-ad60-43d5-9ee8-523b426fe590",
        "Server": "Microsoft-HTTPAPI/2.0",
        "Strict-Transport-Security": "max-age=31536000; includeSubDomains",
        "Transfer-Encoding": "chunked",
        "X-Content-Type-Options": "nosniff"
      },
      "ResponseBody": {
        "odata.metadata": "https://sanjsdkbatch.eastus.batch.azure.com/$metadata#jobschedules/@Element",
        "id": "JobSchedule-updateJobScheduleState-sync",
        "url": "REDACTED",
        "eTag": "0x8DDC10E1EB99FFB",
        "lastModified": "2025-07-12T06:34:14.5662971Z",
        "creationTime": "2025-07-12T06:34:14.3472977Z",
        "state": "disabled",
        "stateTransitionTime": "2025-07-12T06:34:14.5662971Z",
        "previousState": "active",
        "previousStateTransitionTime": "2025-07-12T06:34:14.3472977Z",
        "schedule": {
          "doNotRunUntil": "2025-07-12T06:34:08.6506454Z",
          "doNotRunAfter": "2025-07-12T11:34:08.6506454Z",
          "startWindow": "P5D"
        },
        "jobSpecification": {
          "priority": 100,
          "maxParallelTasks": -1,
          "allowTaskPreemption": false,
          "usesTaskDependencies": false,
          "onAllTasksComplete": "noaction",
          "onTaskFailure": "noaction",
          "constraints": {
            "maxWallClockTime": "P10675199DT2H48M5.4775807S",
            "maxTaskRetryCount": 0
          },
          "poolInfo": {
            "poolId": "BatchUser-testpool"
          }
        },
        "executionInfo": {
          "recentJob": {
            "url": "REDACTED",
            "id": "JobSchedule-updateJobScheduleState-sync:job-1"
          }
        }
      }
    },
    {
      "RequestUri": "https://REDACTED/jobschedules/JobSchedule-updateJobScheduleState-sync/enable?api-version=2024-07-01.20.0",
      "RequestMethod": "POST",
      "RequestHeaders": {
        "Accept": "application/json",
        "Authorization": "Sanitized",
        "client-request-id": "Sanitized",
        "Content-Length": "0",
        "Date": "Sat, 12 Jul 2025 06:34:09 GMT",
        "User-Agent": "azsdk-java-azure-compute-batch/1.0.0-beta.5 (17.0.9; Windows 11; 10.0)"
      },
      "RequestBody": null,
      "StatusCode": 204,
      "ResponseHeaders": {
        "Content-Length": "0",
        "DataServiceId": "https://sanjsdkbatch.eastus.batch.azure.com/jobschedules/JobSchedule-updateJobScheduleState-sync/enable",
        "DataServiceVersion": "3.0",
        "Date": "Sat, 12 Jul 2025 06:34:14 GMT",
        "ETag": "0x8DDC10E1ED676D2",
        "Last-Modified": "Sat, 12 Jul 2025 06:34:14 GMT",
        "request-id": "fc705999-800e-4169-993b-862298b97385",
        "Server": "Microsoft-HTTPAPI/2.0",
        "Strict-Transport-Security": "max-age=31536000; includeSubDomains",
        "X-Content-Type-Options": "nosniff"
      },
      "ResponseBody": null
    },
    {
      "RequestUri": "https://REDACTED/jobschedules/JobSchedule-updateJobScheduleState-sync?api-version=2024-07-01.20.0",
      "RequestMethod": "GET",
      "RequestHeaders": {
        "Accept": "application/json",
        "Authorization": "Sanitized",
        "client-request-id": "Sanitized",
        "Content-Length": "0",
        "Date": "Sat, 12 Jul 2025 06:34:09 GMT",
        "User-Agent": "azsdk-java-azure-compute-batch/1.0.0-beta.5 (17.0.9; Windows 11; 10.0)"
      },
      "RequestBody": null,
      "StatusCode": 200,
      "ResponseHeaders": {
        "Content-Type": "application/json; odata=minimalmetadata",
        "DataServiceVersion": "3.0",
        "Date": "Sat, 12 Jul 2025 06:34:14 GMT",
        "ETag": "0x8DDC10E1ED676D2",
        "Last-Modified": "Sat, 12 Jul 2025 06:34:14 GMT",
        "request-id": "259f1e3b-233d-4830-99e1-59b16e8cc8cd",
        "Server": "Microsoft-HTTPAPI/2.0",
        "Strict-Transport-Security": "max-age=31536000; includeSubDomains",
        "Transfer-Encoding": "chunked",
        "X-Content-Type-Options": "nosniff"
      },
      "ResponseBody": {
        "odata.metadata": "https://sanjsdkbatch.eastus.batch.azure.com/$metadata#jobschedules/@Element",
        "id": "JobSchedule-updateJobScheduleState-sync",
        "url": "REDACTED",
        "eTag": "0x8DDC10E1ED676D2",
        "lastModified": "2025-07-12T06:34:14.7552978Z",
        "creationTime": "2025-07-12T06:34:14.3472977Z",
        "state": "active",
        "stateTransitionTime": "2025-07-12T06:34:14.7552978Z",
        "previousState": "disabled",
        "previousStateTransitionTime": "2025-07-12T06:34:14.5662971Z",
        "schedule": {
          "doNotRunUntil": "2025-07-12T06:34:08.6506454Z",
          "doNotRunAfter": "2025-07-12T11:34:08.6506454Z",
          "startWindow": "P5D"
        },
        "jobSpecification": {
          "priority": 100,
          "maxParallelTasks": -1,
          "allowTaskPreemption": false,
          "usesTaskDependencies": false,
          "onAllTasksComplete": "noaction",
          "onTaskFailure": "noaction",
          "constraints": {
            "maxWallClockTime": "P10675199DT2H48M5.4775807S",
            "maxTaskRetryCount": 0
          },
          "poolInfo": {
            "poolId": "BatchUser-testpool"
          }
        },
        "executionInfo": {
          "recentJob": {
            "url": "REDACTED",
            "id": "JobSchedule-updateJobScheduleState-sync:job-1"
          }
        }
      }
    },
    {
      "RequestUri": "https://REDACTED/jobschedules/JobSchedule-updateJobScheduleState-sync/terminate?api-version=2024-07-01.20.0",
      "RequestMethod": "POST",
      "RequestHeaders": {
        "Accept": "application/json",
        "Authorization": "Sanitized",
        "client-request-id": "Sanitized",
        "Content-Length": "0",
        "Date": "Sat, 12 Jul 2025 06:34:09 GMT",
        "User-Agent": "azsdk-java-azure-compute-batch/1.0.0-beta.5 (17.0.9; Windows 11; 10.0)"
      },
      "RequestBody": null,
      "StatusCode": 202,
      "ResponseHeaders": {
        "DataServiceId": "https://sanjsdkbatch.eastus.batch.azure.com/jobschedules/JobSchedule-updateJobScheduleState-sync/terminate",
        "DataServiceVersion": "3.0",
        "Date": "Sat, 12 Jul 2025 06:34:14 GMT",
        "ETag": "0x8DDC10E1EF4C0F0",
        "Last-Modified": "Sat, 12 Jul 2025 06:34:14 GMT",
        "request-id": "6f936c4b-71f2-4d69-a40d-de19be11e96b",
        "Server": "Microsoft-HTTPAPI/2.0",
        "Strict-Transport-Security": "max-age=31536000; includeSubDomains",
        "Transfer-Encoding": "chunked",
        "X-Content-Type-Options": "nosniff"
      },
      "ResponseBody": null
    },
    {
      "RequestUri": "https://REDACTED/jobschedules/JobSchedule-updateJobScheduleState-sync?api-version=2024-07-01.20.0",
      "RequestMethod": "GET",
      "RequestHeaders": {
        "Accept": "application/json",
        "Authorization": "Sanitized",
        "client-request-id": "Sanitized",
        "Content-Length": "0",
        "Date": "Sat, 12 Jul 2025 06:34:14 GMT",
        "User-Agent": "azsdk-java-azure-compute-batch/1.0.0-beta.5 (17.0.9; Windows 11; 10.0)"
      },
      "RequestBody": null,
      "StatusCode": 200,
      "ResponseHeaders": {
        "Content-Type": "application/json; odata=minimalmetadata",
        "DataServiceVersion": "3.0",
        "Date": "Sat, 12 Jul 2025 06:34:19 GMT",
        "ETag": "0x8DDC10E1EF4C0F0",
        "Last-Modified": "Sat, 12 Jul 2025 06:34:14 GMT",
        "request-id": "6cbcb471-b662-41e2-8247-261ea6e06aeb",
        "Server": "Microsoft-HTTPAPI/2.0",
        "Strict-Transport-Security": "max-age=31536000; includeSubDomains",
        "Transfer-Encoding": "chunked",
        "X-Content-Type-Options": "nosniff"
      },
      "ResponseBody": {
        "odata.metadata": "https://sanjsdkbatch.eastus.batch.azure.com/$metadata#jobschedules/@Element",
        "id": "JobSchedule-updateJobScheduleState-sync",
        "url": "REDACTED",
        "eTag": "0x8DDC10E1EF4C0F0",
        "lastModified": "2025-07-12T06:34:14.9538032Z",
        "creationTime": "2025-07-12T06:34:14.3472977Z",
        "state": "completed",
        "stateTransitionTime": "2025-07-12T06:34:15.8972277Z",
        "previousState": "active",
        "previousStateTransitionTime": "2025-07-12T06:34:14.7552978Z",
        "schedule": {
          "doNotRunUntil": "2025-07-12T06:34:08.6506454Z",
          "doNotRunAfter": "2025-07-12T11:34:08.6506454Z",
          "startWindow": "P5D"
        },
        "jobSpecification": {
          "priority": 100,
          "maxParallelTasks": -1,
          "allowTaskPreemption": false,
          "usesTaskDependencies": false,
          "onAllTasksComplete": "noaction",
          "onTaskFailure": "noaction",
          "constraints": {
            "maxWallClockTime": "P10675199DT2H48M5.4775807S",
            "maxTaskRetryCount": 0
          },
          "poolInfo": {
            "poolId": "BatchUser-testpool"
          }
        },
        "executionInfo": {
          "recentJob": {
            "url": "REDACTED",
            "id": "JobSchedule-updateJobScheduleState-sync:job-1"
          },
          "endTime": "2025-07-12T06:34:15.8972277Z"
        }
      }
    },
    {
      "RequestUri": "https://REDACTED/jobschedules/JobSchedule-updateJobScheduleState-sync?api-version=2024-07-01.20.0",
      "RequestMethod": "GET",
      "RequestHeaders": {
        "Accept": "application/json",
        "Authorization": "Sanitized",
        "client-request-id": "Sanitized",
        "Content-Length": "0",
        "Date": "Sat, 12 Jul 2025 06:34:14 GMT",
        "User-Agent": "azsdk-java-azure-compute-batch/1.0.0-beta.5 (17.0.9; Windows 11; 10.0)"
      },
      "RequestBody": null,
      "StatusCode": 200,
      "ResponseHeaders": {
        "Content-Type": "application/json; odata=minimalmetadata",
        "DataServiceVersion": "3.0",
        "Date": "Sat, 12 Jul 2025 06:34:19 GMT",
        "ETag": "0x8DDC10E1EF4C0F0",
        "Last-Modified": "Sat, 12 Jul 2025 06:34:14 GMT",
        "request-id": "f1f0307a-44cd-4083-91ab-c48d12ecfbfe",
        "Server": "Microsoft-HTTPAPI/2.0",
        "Strict-Transport-Security": "max-age=31536000; includeSubDomains",
        "Transfer-Encoding": "chunked",
        "X-Content-Type-Options": "nosniff"
      },
      "ResponseBody": {
        "odata.metadata": "https://sanjsdkbatch.eastus.batch.azure.com/$metadata#jobschedules/@Element",
        "id": "JobSchedule-updateJobScheduleState-sync",
        "url": "REDACTED",
        "eTag": "0x8DDC10E1EF4C0F0",
        "lastModified": "2025-07-12T06:34:14.9538032Z",
        "creationTime": "2025-07-12T06:34:14.3472977Z",
        "state": "completed",
        "stateTransitionTime": "2025-07-12T06:34:15.8972277Z",
        "previousState": "active",
        "previousStateTransitionTime": "2025-07-12T06:34:14.7552978Z",
        "schedule": {
          "doNotRunUntil": "2025-07-12T06:34:08.6506454Z",
          "doNotRunAfter": "2025-07-12T11:34:08.6506454Z",
          "startWindow": "P5D"
        },
        "jobSpecification": {
          "priority": 100,
          "maxParallelTasks": -1,
          "allowTaskPreemption": false,
          "usesTaskDependencies": false,
          "onAllTasksComplete": "noaction",
          "onTaskFailure": "noaction",
          "constraints": {
            "maxWallClockTime": "P10675199DT2H48M5.4775807S",
            "maxTaskRetryCount": 0
          },
          "poolInfo": {
            "poolId": "BatchUser-testpool"
          }
        },
        "executionInfo": {
          "recentJob": {
            "url": "REDACTED",
            "id": "JobSchedule-updateJobScheduleState-sync:job-1"
          },
          "endTime": "2025-07-12T06:34:15.8972277Z"
        }
      }
    },
    {
      "RequestUri": "https://REDACTED/jobschedules/JobSchedule-updateJobScheduleState-sync?api-version=2024-07-01.20.0",
      "RequestMethod": "DELETE",
      "RequestHeaders": {
        "Accept": "application/json",
        "Authorization": "Sanitized",
        "client-request-id": "Sanitized",
        "Content-Length": "0",
        "Date": "Sat, 12 Jul 2025 06:34:14 GMT",
        "User-Agent": "azsdk-java-azure-compute-batch/1.0.0-beta.5 (17.0.9; Windows 11; 10.0)"
      },
      "RequestBody": null,
      "StatusCode": 202,
      "ResponseHeaders": {
        "DataServiceVersion": "3.0",
        "Date": "Sat, 12 Jul 2025 06:34:19 GMT",
        "request-id": "92de9229-198e-4a29-9973-329737a8de6b",
        "Server": "Microsoft-HTTPAPI/2.0",
        "Strict-Transport-Security": "max-age=31536000; includeSubDomains",
        "Transfer-Encoding": "chunked",
        "X-Content-Type-Options": "nosniff"
      },
      "ResponseBody": null
    },
    {
      "RequestUri": "https://REDACTED/jobschedules/JobSchedule-updateJobScheduleState-sync?api-version=2024-07-01.20.0",
      "RequestMethod": "GET",
      "RequestHeaders": {
        "Accept": "application/json",
        "Authorization": "Sanitized",
        "client-request-id": "Sanitized",
        "Content-Length": "0",
        "Date": "Sat, 12 Jul 2025 06:34:19 GMT",
        "User-Agent": "azsdk-java-azure-compute-batch/1.0.0-beta.5 (17.0.9; Windows 11; 10.0)"
      },
      "RequestBody": null,
      "StatusCode": 404,
      "ResponseHeaders": {
        "Content-Length": "348",
        "Content-Type": "application/json; odata=minimalmetadata",
        "DataServiceVersion": "3.0",
        "Date": "Sat, 12 Jul 2025 06:34:25 GMT",
        "request-id": "a796902e-b474-438a-9c7b-1a11a3a78b83",
        "Server": "Microsoft-HTTPAPI/2.0",
        "Strict-Transport-Security": "max-age=31536000; includeSubDomains",
        "X-Content-Type-Options": "nosniff"
      },
      "ResponseBody": {
        "odata.metadata": "https://sanjsdkbatch.eastus.batch.azure.com/$metadata#Microsoft.Azure.Batch.Protocol.Entities.Container.errors/@Element",
        "code": "JobScheduleNotFound",
        "message": {
          "lang": "en-US",
          "value": "The specified job schedule does not exist.\nRequestId:a796902e-b474-438a-9c7b-1a11a3a78b83\nTime:2025-07-12T06:34:25.3902408Z"
        }
      }
    }
  ],
  "Variables": {}
}
