{
  "Entries": [
    {
      "RequestUri": "https://REDACTED/pools/BatchUser-testpool?api-version=2024-07-01.20.0",
      "RequestMethod": "HEAD",
      "RequestHeaders": {
        "Accept": "application/json",
        "Authorization": "Sanitized",
        "client-request-id": "Sanitized",
        "Content-Length": "0",
        "Date": "Thu, 15 May 2025 22:22:17 GMT",
        "User-Agent": "azsdk-java-azure-compute-batch/1.0.0 (17.0.9; Windows 11; 10.0)"
      },
      "RequestBody": null,
      "StatusCode": 200,
      "ResponseHeaders": {
        "DataServiceVersion": "3.0",
        "Date": "Thu, 15 May 2025 22:22:19 GMT",
        "ETag": "0x8DCF22EC2457DB1",
        "Last-Modified": "Tue, 22 Oct 2024 00:16:22 GMT",
        "request-id": "151dca49-15a4-4b59-98df-e11e2ea5544c",
        "Server": "Microsoft-HTTPAPI/2.0",
        "Strict-Transport-Security": "max-age=31536000; includeSubDomains",
        "Transfer-Encoding": "chunked",
        "X-Content-Type-Options": "nosniff"
      },
      "ResponseBody": null
    },
    {
      "RequestUri": "https://REDACTED/pools/BatchUser-testpool?api-version=2024-07-01.20.0",
      "RequestMethod": "GET",
      "RequestHeaders": {
        "Accept": "application/json",
        "Authorization": "Sanitized",
        "client-request-id": "Sanitized",
        "Content-Length": "0",
        "Date": "Thu, 15 May 2025 22:22:19 GMT",
        "User-Agent": "azsdk-java-azure-compute-batch/1.0.0 (17.0.9; Windows 11; 10.0)"
      },
      "RequestBody": null,
      "StatusCode": 200,
      "ResponseHeaders": {
        "Content-Type": "application/json; odata=minimalmetadata",
        "DataServiceVersion": "3.0",
        "Date": "Thu, 15 May 2025 22:22:19 GMT",
        "ETag": "0x8DCF22EC2457DB1",
        "Last-Modified": "Tue, 22 Oct 2024 00:16:22 GMT",
        "request-id": "e6bac749-bc81-40b2-b877-0f8c31717529",
        "Server": "Microsoft-HTTPAPI/2.0",
        "Strict-Transport-Security": "max-age=31536000; includeSubDomains",
        "Transfer-Encoding": "chunked",
        "X-Content-Type-Options": "nosniff"
      },
      "ResponseBody": {
        "odata.metadata": "https://sanjsdkbatch.eastus.batch.azure.com/$metadata#pools/@Element",
        "id": "BatchUser-testpool",
        "url": "REDACTED",
        "eTag": "0x8DCF22EC2457DB1",
        "lastModified": "2024-10-22T00:16:22.1519281Z",
        "creationTime": "2024-10-22T00:16:22.1519268Z",
        "state": "active",
        "stateTransitionTime": "2024-10-22T00:16:22.1519268Z",
        "allocationState": "steady",
        "allocationStateTransitionTime": "2024-10-22T00:16:58.8369965Z",
        "vmSize": "standard_d1_v2",
        "resizeTimeout": "PT15M",
        "currentDedicatedNodes": 1,
        "targetDedicatedNodes": 1,
        "currentLowPriorityNodes": 0,
        "targetLowPriorityNodes": 0,
        "enableAutoScale": false,
        "enableInterNodeCommunication": false,
        "userAccounts": [
          {
            "name": "test-user",
            "elevationLevel": "admin",
            "linuxUserConfiguration": {
              "uid": 5,
              "gid": 5
            }
          }
        ],
        "certificateReferences": [],
        "taskSlotsPerNode": 1,
        "taskSchedulingPolicy": {
          "nodeFillType": "Spread"
        },
        "virtualMachineConfiguration": {
          "imageReference": {
            "publisher": "Canonical",
            "offer": "UbuntuServer",
            "sku": "18.04-LTS",
            "version": "latest"
          },
          "nodeAgentSKUId": "batch.node.ubuntu 18.04"
        },
        "networkConfiguration": {
          "subnetId": "/subscriptions/b5df12db-974a-4202-a3dd-6793e3bf4128/resourceGroups/sanjsdkrg/providers/Microsoft.Network/virtualNetworks/sanjsdkvnet/subnets/default",
          "dynamicVNetAssignmentScope": "none",
          "enableAcceleratedNetworking": false
        },
        "currentNodeCommunicationMode": "classic"
      }
    },
    {
      "RequestUri": "https://REDACTED/jobs?api-version=2024-07-01.20.0",
      "RequestMethod": "POST",
      "RequestHeaders": {
        "Accept": "application/json",
        "Authorization": "Sanitized",
        "client-request-id": "Sanitized",
        "Content-Length": "73",
        "Content-Type": "application/json; odata=minimalmetadata",
        "Date": "Thu, 15 May 2025 22:22:19 GMT",
        "User-Agent": "azsdk-java-azure-compute-batch/1.0.0 (17.0.9; Windows 11; 10.0)"
      },
      "RequestBody": {
        "id": "BatchUser-Job-canCRUD",
        "poolInfo": {
          "poolId": "BatchUser-testpool"
        }
      },
      "StatusCode": 201,
      "ResponseHeaders": {
        "DataServiceId": "https://sanjsdkbatch.eastus.batch.azure.com/jobs/job-1",
        "DataServiceVersion": "3.0",
        "Date": "Thu, 15 May 2025 22:22:19 GMT",
        "ETag": "0x8DD93FEF5346504",
        "Last-Modified": "Thu, 15 May 2025 22:22:20 GMT",
        "Location": "https://REDACTED.eastus.batch.azure.com/jobs/job-1",
        "request-id": "6cb3fa40-c3e7-428d-bfaf-63f70dd7dd1a",
        "Server": "Microsoft-HTTPAPI/2.0",
        "Strict-Transport-Security": "max-age=31536000; includeSubDomains",
        "Transfer-Encoding": "chunked",
        "X-Content-Type-Options": "nosniff"
      },
      "ResponseBody": null
    },
    {
      "RequestUri": "https://REDACTED/jobs/BatchUser-Job-canCRUD?api-version=2024-07-01.20.0",
      "RequestMethod": "GET",
      "RequestHeaders": {
        "Accept": "application/json",
        "Authorization": "Sanitized",
        "client-request-id": "Sanitized",
        "Content-Length": "0",
        "Date": "Thu, 15 May 2025 22:22:19 GMT",
        "User-Agent": "azsdk-java-azure-compute-batch/1.0.0 (17.0.9; Windows 11; 10.0)"
      },
      "RequestBody": null,
      "StatusCode": 200,
      "ResponseHeaders": {
        "Content-Type": "application/json; odata=minimalmetadata",
        "DataServiceVersion": "3.0",
        "Date": "Thu, 15 May 2025 22:22:19 GMT",
        "ETag": "0x8DD93FEF5346504",
        "Last-Modified": "Thu, 15 May 2025 22:22:20 GMT",
        "request-id": "0098ea36-473c-4a12-aa86-c9fd6a4730fb",
        "Server": "Microsoft-HTTPAPI/2.0",
        "Strict-Transport-Security": "max-age=31536000; includeSubDomains",
        "Transfer-Encoding": "chunked",
        "X-Content-Type-Options": "nosniff"
      },
      "ResponseBody": {
        "odata.metadata": "https://sanjsdkbatch.eastus.batch.azure.com/$metadata#jobs/@Element",
        "id": "BatchUser-Job-canCRUD",
        "url": "REDACTED",
        "eTag": "0x8DD93FEF5346504",
        "lastModified": "2025-05-15T22:22:20.1306372Z",
        "creationTime": "2025-05-15T22:22:20.1116334Z",
        "state": "active",
        "stateTransitionTime": "2025-05-15T22:22:20.1306372Z",
        "priority": 0,
        "maxParallelTasks": -1,
        "usesTaskDependencies": false,
        "allowTaskPreemption": false,
        "constraints": {
          "maxWallClockTime": "P10675199DT2H48M5.4775807S",
          "maxTaskRetryCount": 0
        },
        "poolInfo": {
          "poolId": "BatchUser-testpool"
        },
        "executionInfo": {
          "startTime": "2025-05-15T22:22:20.1306372Z",
          "poolId": "BatchUser-testpool"
        },
        "onAllTasksComplete": "noaction",
        "onTaskFailure": "noaction"
      }
    },
    {
      "RequestUri": "https://REDACTED/jobs?api-version=2024-07-01.20.0",
      "RequestMethod": "GET",
      "RequestHeaders": {
        "Accept": "application/json",
        "Authorization": "Sanitized",
        "client-request-id": "Sanitized",
        "Content-Length": "0",
        "Date": "Thu, 15 May 2025 22:22:20 GMT",
        "User-Agent": "azsdk-java-azure-compute-batch/1.0.0 (17.0.9; Windows 11; 10.0)"
      },
      "RequestBody": null,
      "StatusCode": 200,
      "ResponseHeaders": {
        "Content-Type": "application/json; odata=minimalmetadata",
        "DataServiceVersion": "3.0",
        "Date": "Thu, 15 May 2025 22:22:19 GMT",
        "request-id": "08a87bfa-01fd-474f-b4e0-d963acb57916",
        "Server": "Microsoft-HTTPAPI/2.0",
        "Strict-Transport-Security": "max-age=31536000; includeSubDomains",
        "Transfer-Encoding": "chunked",
        "X-Content-Type-Options": "nosniff"
      },
      "ResponseBody": {
        "odata.metadata": "https://sanjsdkbatch.eastus.batch.azure.com/$metadata#jobs",
        "value": [
          {
            "id": "BatchUser-Job-canCRUD",
            "url": "REDACTED",
            "eTag": "0x8DD93FEF5346504",
            "lastModified": "2025-05-15T22:22:20.1306372Z",
            "creationTime": "2025-05-15T22:22:20.1116334Z",
            "state": "active",
            "stateTransitionTime": "2025-05-15T22:22:20.1306372Z",
            "priority": 0,
            "maxParallelTasks": -1,
            "usesTaskDependencies": false,
            "allowTaskPreemption": false,
            "constraints": {
              "maxWallClockTime": "P10675199DT2H48M5.4775807S",
              "maxTaskRetryCount": 0
            },
            "poolInfo": {
              "poolId": "BatchUser-testpool"
            },
            "executionInfo": {
              "startTime": "2025-05-15T22:22:20.1306372Z",
              "poolId": "BatchUser-testpool"
            },
            "onAllTasksComplete": "noaction",
            "onTaskFailure": "noaction"
          },
          {
            "id": "BatchUser-Job-canCRUDWithPoolNodeComm",
            "url": "REDACTED",
            "eTag": "0x8DD93FEF5341703",
            "lastModified": "2025-05-15T22:22:20.1286403Z",
            "creationTime": "2025-05-15T22:22:20.1096316Z",
            "state": "active",
            "stateTransitionTime": "2025-05-15T22:22:20.1286403Z",
            "priority": 0,
            "maxParallelTasks": -1,
            "usesTaskDependencies": false,
            "allowTaskPreemption": false,
            "constraints": {
              "maxWallClockTime": "P10675199DT2H48M5.4775807S",
              "maxTaskRetryCount": 0
            },
            "poolInfo": {
              "autoPoolSpecification": {
                "poolLifetimeOption": "job",
                "keepAlive": false,
                "pool": {
                  "vmSize": "standard_d1_v2",
                  "taskSlotsPerNode": 1,
                  "taskSchedulingPolicy": {
                    "nodeFillType": "Spread"
                  },
                  "resizeTimeout": "PT15M",
                  "targetDedicatedNodes": 0,
                  "targetLowPriorityNodes": 0,
                  "enableAutoScale": false,
                  "enableInterNodeCommunication": false,
                  "virtualMachineConfiguration": {
                    "imageReference": {
                      "publisher": "microsoftwindowsserver",
                      "offer": "windowsserver",
                      "sku": "2022-datacenter-smalldisk-g2",
                      "version": "latest"
                    },
                    "nodeAgentSKUId": "batch.node.windows amd64"
                  },
                  "targetNodeCommunicationMode": "simplified"
                }
              }
            },
            "executionInfo": {
              "startTime": "2025-05-15T22:22:20.1286403Z",
              "poolId": "62D5F6F6-0553-4EFB-9CB2-043F88C1F9DE"
            },
            "onAllTasksComplete": "noaction",
            "onTaskFailure": "noaction"
          },
          {
            "id": "BatchUser-Job-CanUpdateState",
            "url": "REDACTED",
            "eTag": "0x8DD93FEF555A884",
            "lastModified": "2025-05-15T22:22:20.348634Z",
            "creationTime": "2025-05-15T22:22:20.1016376Z",
            "state": "active",
            "stateTransitionTime": "2025-05-15T22:22:20.1316332Z",
            "priority": 500,
            "maxParallelTasks": -1,
            "usesTaskDependencies": false,
            "allowTaskPreemption": false,
            "constraints": {
              "maxWallClockTime": "P10675199DT2H48M5.4775807S",
              "maxTaskRetryCount": 3
            },
            "poolInfo": {
              "poolId": "BatchUser-testpool"
            },
            "executionInfo": {
              "startTime": "2025-05-15T22:22:20.1316332Z",
              "poolId": "BatchUser-testpool"
            },
            "onAllTasksComplete": "noaction",
            "onTaskFailure": "noaction"
          },
          {
            "id": "job2",
            "url": "REDACTED",
            "eTag": "0x8DD4BDC2B5724F0",
            "lastModified": "2025-02-13T03:11:54.849816Z",
            "creationTime": "2025-02-13T03:11:54.831817Z",
            "state": "active",
            "stateTransitionTime": "2025-02-13T03:11:54.849816Z",
            "priority": 0,
            "maxParallelTasks": -1,
            "usesTaskDependencies": false,
            "allowTaskPreemption": false,
            "constraints": {
              "maxWallClockTime": "P10675199DT2H48M5.4775807S",
              "maxTaskRetryCount": 0
            },
            "commonEnvironmentSettings": [],
            "poolInfo": {
              "poolId": "pool2"
            },
            "executionInfo": {
              "startTime": "2025-02-13T03:11:54.849816Z",
              "poolId": "pool2"
            },
            "onAllTasksComplete": "noaction",
            "onTaskFailure": "noaction"
          },
          {
            "id": "newjob",
            "url": "REDACTED",
            "eTag": "0x8DD4BD6675641C0",
            "lastModified": "2025-02-13T02:30:38.5269184Z",
            "creationTime": "2025-02-13T02:30:38.4994596Z",
            "state": "active",
            "stateTransitionTime": "2025-02-13T02:30:38.5269184Z",
            "priority": 0,
            "maxParallelTasks": -1,
            "usesTaskDependencies": false,
            "allowTaskPreemption": false,
            "constraints": {
              "maxWallClockTime": "P10675199DT2H48M5.4775807S",
              "maxTaskRetryCount": 0
            },
            "commonEnvironmentSettings": [],
            "poolInfo": {
              "poolId": "newpool"
            },
            "executionInfo": {
              "startTime": "2025-02-13T02:30:38.5269184Z",
              "poolId": "newpool"
            },
            "onAllTasksComplete": "noaction",
            "onTaskFailure": "noaction"
          },
          {
            "id": "samplejob",
            "url": "REDACTED",
            "eTag": "0x8DD4BCCE18D3C7F",
            "lastModified": "2025-02-13T01:22:28.6019711Z",
            "creationTime": "2025-02-13T01:22:28.5839706Z",
            "state": "active",
            "stateTransitionTime": "2025-02-13T01:22:28.6019711Z",
            "priority": 0,
            "maxParallelTasks": -1,
            "usesTaskDependencies": false,
            "allowTaskPreemption": false,
            "constraints": {
              "maxWallClockTime": "P10675199DT2H48M5.4775807S",
              "maxTaskRetryCount": 0
            },
            "commonEnvironmentSettings": [],
            "poolInfo": {
              "poolId": "BatchUser-deallocateStartNodePoolTrack2"
            },
            "executionInfo": {
              "startTime": "2025-02-13T01:22:28.6019711Z",
              "poolId": "BatchUser-deallocateStartNodePoolTrack2"
            },
            "onAllTasksComplete": "noaction",
            "onTaskFailure": "noaction"
          }
        ]
      }
    },
    {
      "RequestUri": "https://REDACTED/jobs/BatchUser-Job-canCRUD?api-version=2024-07-01.20.0",
      "RequestMethod": "PUT",
      "RequestHeaders": {
        "Accept": "application/json",
        "Authorization": "Sanitized",
        "client-request-id": "Sanitized",
        "Content-Length": "221",
        "Content-Type": "application/json; odata=minimalmetadata",
        "Date": "Thu, 15 May 2025 22:22:20 GMT",
        "User-Agent": "azsdk-java-azure-compute-batch/1.0.0 (17.0.9; Windows 11; 10.0)"
      },
      "RequestBody": {
        "poolInfo": {
          "poolId": "BatchUser-testpool"
        },
        "priority": 1,
        "allowTaskPreemption": false,
        "maxParallelTasks": -1,
        "constraints": {
          "maxWallClockTime": "P10675199DT2H48M5.477S",
          "maxTaskRetryCount": 0
        },
        "onAllTasksComplete": "noaction"
      },
      "StatusCode": 429,
      "ResponseHeaders": {
        "Content-Length": "375",
        "Content-Type": "application/json; odata=minimalmetadata",
        "DataServiceVersion": "3.0",
        "Date": "Thu, 15 May 2025 22:22:19 GMT",
        "request-id": "35c71ef9-f957-413c-b823-77c9f8cfc8d3",
        "Retry-After": "30",
        "Server": "Microsoft-HTTPAPI/2.0",
        "Strict-Transport-Security": "max-age=31536000; includeSubDomains",
        "X-Content-Type-Options": "nosniff"
      },
      "ResponseBody": {
        "odata.metadata": "https://sanjsdkbatch.eastus.batch.azure.com/$metadata#Microsoft.Azure.Batch.Protocol.Entities.Container.errors/@Element",
        "code": "TooManyRequests",
        "message": {
          "lang": "en-US",
          "value": "Request failed as server encountered too many requests. Please try again.\nRequestId:35c71ef9-f957-413c-b823-77c9f8cfc8d3\nTime:2025-05-15T22:22:20.5011541Z"
        }
      }
    },
    {
      "RequestUri": "https://REDACTED/jobs/BatchUser-Job-canCRUD?api-version=2024-07-01.20.0",
      "RequestMethod": "PUT",
      "RequestHeaders": {
        "Accept": "application/json",
        "Authorization": "Sanitized",
        "client-request-id": "Sanitized",
        "Content-Length": "221",
        "Content-Type": "application/json; odata=minimalmetadata",
        "Date": "Thu, 15 May 2025 22:22:50 GMT",
        "User-Agent": "azsdk-java-azure-compute-batch/1.0.0 (17.0.9; Windows 11; 10.0)"
      },
      "RequestBody": {
        "poolInfo": {
          "poolId": "BatchUser-testpool"
        },
        "priority": 1,
        "allowTaskPreemption": false,
        "maxParallelTasks": -1,
        "constraints": {
          "maxWallClockTime": "P10675199DT2H48M5.477S",
          "maxTaskRetryCount": 0
        },
        "onAllTasksComplete": "noaction"
      },
      "StatusCode": 200,
      "ResponseHeaders": {
        "DataServiceId": "https://sanjsdkbatch.eastus.batch.azure.com/jobs/BatchUser-Job-canCRUD",
        "DataServiceVersion": "3.0",
        "Date": "Thu, 15 May 2025 22:22:50 GMT",
        "ETag": "0x8DD93FF075F9689",
        "Last-Modified": "Thu, 15 May 2025 22:22:50 GMT",
        "request-id": "b0c628cf-c618-4d61-b6cf-611601e5823f",
        "Server": "Microsoft-HTTPAPI/2.0",
        "Strict-Transport-Security": "max-age=31536000; includeSubDomains",
        "Transfer-Encoding": "chunked",
        "X-Content-Type-Options": "nosniff"
      },
      "ResponseBody": null
    },
    {
      "RequestUri": "https://REDACTED/jobs/BatchUser-Job-canCRUD?api-version=2024-07-01.20.0",
      "RequestMethod": "GET",
      "RequestHeaders": {
        "Accept": "application/json",
        "Authorization": "Sanitized",
        "client-request-id": "Sanitized",
        "Content-Length": "0",
        "Date": "Thu, 15 May 2025 22:22:50 GMT",
        "User-Agent": "azsdk-java-azure-compute-batch/1.0.0 (17.0.9; Windows 11; 10.0)"
      },
      "RequestBody": null,
      "StatusCode": 200,
      "ResponseHeaders": {
        "Content-Type": "application/json; odata=minimalmetadata",
        "DataServiceVersion": "3.0",
        "Date": "Thu, 15 May 2025 22:22:50 GMT",
        "ETag": "0x8DD93FF075F9689",
        "Last-Modified": "Thu, 15 May 2025 22:22:50 GMT",
        "request-id": "5e3e594c-57e0-47a9-94c1-00079f3256c2",
        "Server": "Microsoft-HTTPAPI/2.0",
        "Strict-Transport-Security": "max-age=31536000; includeSubDomains",
        "Transfer-Encoding": "chunked",
        "X-Content-Type-Options": "nosniff"
      },
      "ResponseBody": {
        "odata.metadata": "https://sanjsdkbatch.eastus.batch.azure.com/$metadata#jobs/@Element",
        "id": "BatchUser-Job-canCRUD",
        "url": "REDACTED",
        "eTag": "0x8DD93FF075F9689",
        "lastModified": "2025-05-15T22:22:50.6126985Z",
        "creationTime": "2025-05-15T22:22:20.1116334Z",
        "state": "active",
        "stateTransitionTime": "2025-05-15T22:22:20.1306372Z",
        "priority": 1,
        "maxParallelTasks": -1,
        "usesTaskDependencies": false,
        "allowTaskPreemption": false,
        "constraints": {
          "maxWallClockTime": "P10675199DT2H48M5.477S",
          "maxTaskRetryCount": 0
        },
        "poolInfo": {
          "poolId": "BatchUser-testpool"
        },
        "executionInfo": {
          "startTime": "2025-05-15T22:22:20.1306372Z",
          "poolId": "BatchUser-testpool"
        },
        "onAllTasksComplete": "noaction",
        "onTaskFailure": "noaction"
      }
    },
    {
      "RequestUri": "https://REDACTED/jobs/BatchUser-Job-canCRUD?api-version=2024-07-01.20.0",
      "RequestMethod": "DELETE",
      "RequestHeaders": {
        "Accept": "application/json",
        "Authorization": "Sanitized",
        "client-request-id": "Sanitized",
        "Content-Length": "0",
        "Date": "Thu, 15 May 2025 22:22:50 GMT",
        "User-Agent": "azsdk-java-azure-compute-batch/1.0.0 (17.0.9; Windows 11; 10.0)"
      },
      "RequestBody": null,
      "StatusCode": 202,
      "ResponseHeaders": {
        "DataServiceVersion": "3.0",
        "Date": "Thu, 15 May 2025 22:22:50 GMT",
        "request-id": "2b3905ce-6edb-4f73-81b9-2a8bcfe864f6",
        "Server": "Microsoft-HTTPAPI/2.0",
        "Strict-Transport-Security": "max-age=31536000; includeSubDomains",
        "Transfer-Encoding": "chunked",
        "X-Content-Type-Options": "nosniff"
      },
      "ResponseBody": null
    },
    {
      "RequestUri": "https://REDACTED/jobs/BatchUser-Job-canCRUD?api-version=2024-07-01.20.0",
      "RequestMethod": "GET",
      "RequestHeaders": {
        "Accept": "application/json",
        "Authorization": "Sanitized",
        "client-request-id": "Sanitized",
        "Content-Length": "0",
        "Date": "Thu, 15 May 2025 22:22:50 GMT",
        "User-Agent": "azsdk-java-azure-compute-batch/1.0.0 (17.0.9; Windows 11; 10.0)"
      },
      "RequestBody": null,
      "StatusCode": 404,
      "ResponseHeaders": {
        "Content-Length": "331",
        "Content-Type": "application/json; odata=minimalmetadata",
        "DataServiceVersion": "3.0",
        "Date": "Thu, 15 May 2025 22:22:50 GMT",
        "request-id": "d2ff790d-13f0-46f0-ab8f-cb7709736e30",
        "Server": "Microsoft-HTTPAPI/2.0",
        "Strict-Transport-Security": "max-age=31536000; includeSubDomains",
        "X-Content-Type-Options": "nosniff"
      },
      "ResponseBody": {
        "odata.metadata": "https://sanjsdkbatch.eastus.batch.azure.com/$metadata#Microsoft.Azure.Batch.Protocol.Entities.Container.errors/@Element",
        "code": "JobNotFound",
        "message": {
          "lang": "en-US",
          "value": "The specified job does not exist.\nRequestId:d2ff790d-13f0-46f0-ab8f-cb7709736e30\nTime:2025-05-15T22:22:50.9136207Z"
        }
      }
    },
    {
      "RequestUri": "https://REDACTED/jobs/BatchUser-Job-canCRUD?api-version=2024-07-01.20.0",
      "RequestMethod": "DELETE",
      "RequestHeaders": {
        "Accept": "application/json",
        "Authorization": "Sanitized",
        "client-request-id": "Sanitized",
        "Content-Length": "0",
        "Date": "Thu, 15 May 2025 22:22:51 GMT",
        "User-Agent": "azsdk-java-azure-compute-batch/1.0.0 (17.0.9; Windows 11; 10.0)"
      },
      "RequestBody": null,
      "StatusCode": 404,
      "ResponseHeaders": {
        "Content-Length": "331",
        "Content-Type": "application/json; odata=minimalmetadata",
        "DataServiceVersion": "3.0",
        "Date": "Thu, 15 May 2025 22:22:51 GMT",
        "request-id": "36ef157a-4ae5-48c7-b2b8-d316591348b0",
        "Server": "Microsoft-HTTPAPI/2.0",
        "Strict-Transport-Security": "max-age=31536000; includeSubDomains",
        "X-Content-Type-Options": "nosniff"
      },
      "ResponseBody": {
        "odata.metadata": "https://sanjsdkbatch.eastus.batch.azure.com/$metadata#Microsoft.Azure.Batch.Protocol.Entities.Container.errors/@Element",
        "code": "JobNotFound",
        "message": {
          "lang": "en-US",
          "value": "The specified job does not exist.\nRequestId:36ef157a-4ae5-48c7-b2b8-d316591348b0\nTime:2025-05-15T22:22:52.0168011Z"
        }
      }
    }
  ],
  "Variables": {}
}
