{
  "Entries": [
    {
      "RequestUri": "https://REDACTED/pools/BatchUser-testpool?api-version=2024-02-01.19.0",
      "RequestMethod": "HEAD",
      "RequestHeaders": {
        "Accept": "application/json",
        "Authorization": "Sanitized",
        "client-request-id": "Sanitized",
        "Content-Length": "0",
        "Date": "Thu, 06 Jun 2024 21:00:23 GMT",
        "User-Agent": "azsdk-java-azure-compute-batch/1.0.0-beta.2 (17.0.9; Windows 11; 10.0)"
      },
      "RequestBody": null,
      "StatusCode": 200,
      "ResponseHeaders": {
        "DataServiceVersion": "3.0",
        "Date": "Thu, 06 Jun 2024 21:00:30 GMT",
        "ETag": "0x8DC4EE4E4A30236",
        "Last-Modified": "Thu, 28 Mar 2024 05:06:57 GMT",
        "request-id": "9f29200f-1b9f-4acf-b909-cefa9b635397",
        "Server": "Microsoft-HTTPAPI/2.0",
        "Strict-Transport-Security": "max-age=31536000; includeSubDomains",
        "Transfer-Encoding": "chunked",
        "X-Content-Type-Options": "nosniff"
      },
      "ResponseBody": null
    },
    {
      "RequestUri": "https://REDACTED/pools/BatchUser-testpool?api-version=2024-02-01.19.0",
      "RequestMethod": "GET",
      "RequestHeaders": {
        "Accept": "application/json",
        "Authorization": "Sanitized",
        "client-request-id": "Sanitized",
        "Content-Length": "0",
        "Date": "Thu, 06 Jun 2024 21:00:25 GMT",
        "User-Agent": "azsdk-java-azure-compute-batch/1.0.0-beta.2 (17.0.9; Windows 11; 10.0)"
      },
      "RequestBody": null,
      "StatusCode": 200,
      "ResponseHeaders": {
        "Content-Type": "application/json; odata=minimalmetadata",
        "DataServiceVersion": "3.0",
        "Date": "Thu, 06 Jun 2024 21:00:29 GMT",
        "ETag": "0x8DC4EE4E4A30236",
        "Last-Modified": "Thu, 28 Mar 2024 05:06:57 GMT",
        "request-id": "27821f56-4260-4c78-9da2-1efd7161e151",
        "Server": "Microsoft-HTTPAPI/2.0",
        "Strict-Transport-Security": "max-age=31536000; includeSubDomains",
        "Transfer-Encoding": "chunked",
        "X-Content-Type-Options": "nosniff"
      },
      "ResponseBody": {
        "odata.metadata": "https://sanjbatch.eastus.batch.azure.com/$metadata#pools/@Element",
        "id": "BatchUser-testpool",
        "url": "REDACTED",
        "eTag": "0x8DC4EE4E4A30236",
        "lastModified": "2024-03-28T05:06:57.5166006Z",
        "creationTime": "2024-03-28T05:06:57.5165994Z",
        "state": "active",
        "stateTransitionTime": "2024-03-28T05:06:57.5165994Z",
        "allocationState": "steady",
        "allocationStateTransitionTime": "2024-03-28T05:09:13.50471Z",
        "vmSize": "standard_d1_v2",
        "resizeTimeout": "PT15M",
        "currentDedicatedNodes": 1,
        "targetDedicatedNodes": 1,
        "currentLowPriorityNodes": 0,
        "targetLowPriorityNodes": 0,
        "enableAutoScale": false,
        "enableInterNodeCommunication": false,
        "userAccounts": [
          {
            "name": "test-user",
            "elevationLevel": "admin",
            "linuxUserConfiguration": {
              "uid": 5,
              "gid": 5
            }
          }
        ],
        "taskSlotsPerNode": 1,
        "taskSchedulingPolicy": {
          "nodeFillType": "Spread"
        },
        "virtualMachineConfiguration": {
          "imageReference": {
            "publisher": "Canonical",
            "offer": "UbuntuServer",
            "sku": "18.04-LTS",
            "version": "latest"
          },
          "nodeAgentSKUId": "batch.node.ubuntu 18.04"
        },
        "networkConfiguration": {
          "subnetId": "/subscriptions/42d72928-df33-4f31-9f04-581177fca7d6/resourceGroups/sanjrg/providers/Microsoft.Network/virtualNetworks/sanjvnet/subnets/default",
          "dynamicVNetAssignmentScope": "none",
          "enableAcceleratedNetworking": false
        },
        "currentNodeCommunicationMode": "classic"
      }
    },
    {
      "RequestUri": "https://REDACTED/pools/BatchUser-canCRUDLowPri-testPool?api-version=2024-02-01.19.0",
      "RequestMethod": "HEAD",
      "RequestHeaders": {
        "Accept": "application/json",
        "Authorization": "Sanitized",
        "client-request-id": "Sanitized",
        "Content-Length": "0",
        "Date": "Thu, 06 Jun 2024 21:00:27 GMT",
        "User-Agent": "azsdk-java-azure-compute-batch/1.0.0-beta.2 (17.0.9; Windows 11; 10.0)"
      },
      "RequestBody": null,
      "StatusCode": 404,
      "ResponseHeaders": {
        "DataServiceVersion": "3.0",
        "Date": "Thu, 06 Jun 2024 21:00:31 GMT",
        "request-id": "1f76b598-1ef1-45fc-8c9d-62f83303ff7c",
        "Server": "Microsoft-HTTPAPI/2.0",
        "Strict-Transport-Security": "max-age=31536000; includeSubDomains",
        "Transfer-Encoding": "chunked",
        "X-Content-Type-Options": "nosniff"
      },
      "ResponseBody": null
    },
    {
      "RequestUri": "https://REDACTED/pools?api-version=2024-02-01.19.0",
      "RequestMethod": "POST",
      "RequestHeaders": {
        "Accept": "application/json",
        "Authorization": "Sanitized",
        "client-request-id": "Sanitized",
        "Content-Length": "683",
        "Content-Type": "application/json; odata=minimalmetadata",
        "Date": "Thu, 06 Jun 2024 21:00:28 GMT",
        "User-Agent": "azsdk-java-azure-compute-batch/1.0.0-beta.2 (17.0.9; Windows 11; 10.0)"
      },
      "RequestBody": {
        "id": "BatchUser-canCRUDLowPri-testPool",
        "vmSize": "STANDARD_D1_V2",
        "virtualMachineConfiguration": {
          "imageReference": {
            "publisher": "Canonical",
            "offer": "UbuntuServer",
            "sku": "18.04-LTS",
            "version": "latest"
          },
          "nodeAgentSKUId": "batch.node.ubuntu 18.04"
        },
        "targetDedicatedNodes": 2,
        "targetLowPriorityNodes": 2,
        "networkConfiguration": {
          "subnetId": "/subscriptions/42d72928-df33-4f31-9f04-581177fca7d6/resourceGroups/sanjrg/providers/Microsoft.Network/virtualNetworks/sanjvnet/subnets/default",
          "endpointConfiguration": {
            "inboundNATPools": [
              {
                "name": "testinbound",
                "protocol": "tcp",
                "backendPort": 5000,
                "frontendPortRangeStart": 60000,
                "frontendPortRangeEnd": 60040
              }
            ]
          }
        },
        "targetNodeCommunicationMode": "default"
      },
      "StatusCode": 201,
      "ResponseHeaders": {
        "DataServiceId": "https://sanjbatch.eastus.batch.azure.com/pools/BatchUser-canCRUDLowPri-testPool",
        "DataServiceVersion": "3.0",
        "Date": "Thu, 06 Jun 2024 21:00:32 GMT",
        "ETag": "0x8DC866BB4AC5A0D",
        "Last-Modified": "Thu, 06 Jun 2024 21:00:33 GMT",
        "Location": "https://REDACTED.eastus.batch.azure.com/pools/BatchUser-canCRUDLowPri-testPool",
        "request-id": "89847187-f574-44bc-8b97-aea6373a988c",
        "Server": "Microsoft-HTTPAPI/2.0",
        "Strict-Transport-Security": "max-age=31536000; includeSubDomains",
        "Transfer-Encoding": "chunked",
        "X-Content-Type-Options": "nosniff"
      },
      "ResponseBody": null
    },
    {
      "RequestUri": "https://REDACTED/pools/BatchUser-canCRUDLowPri-testPool?api-version=2024-02-01.19.0",
      "RequestMethod": "HEAD",
      "RequestHeaders": {
        "Accept": "application/json",
        "Authorization": "Sanitized",
        "client-request-id": "Sanitized",
        "Content-Length": "0",
        "Date": "Thu, 06 Jun 2024 21:00:28 GMT",
        "User-Agent": "azsdk-java-azure-compute-batch/1.0.0-beta.2 (17.0.9; Windows 11; 10.0)"
      },
      "RequestBody": null,
      "StatusCode": 200,
      "ResponseHeaders": {
        "DataServiceVersion": "3.0",
        "Date": "Thu, 06 Jun 2024 21:00:32 GMT",
        "ETag": "0x8DC866BB4AC5A0D",
        "Last-Modified": "Thu, 06 Jun 2024 21:00:33 GMT",
        "request-id": "f2acc548-50fd-4fed-9cfd-883ff61277ff",
        "Server": "Microsoft-HTTPAPI/2.0",
        "Strict-Transport-Security": "max-age=31536000; includeSubDomains",
        "Transfer-Encoding": "chunked",
        "X-Content-Type-Options": "nosniff"
      },
      "ResponseBody": null
    },
    {
      "RequestUri": "https://REDACTED/pools/BatchUser-canCRUDLowPri-testPool?api-version=2024-02-01.19.0",
      "RequestMethod": "GET",
      "RequestHeaders": {
        "Accept": "application/json",
        "Authorization": "Sanitized",
        "client-request-id": "Sanitized",
        "Content-Length": "0",
        "Date": "Thu, 06 Jun 2024 21:00:28 GMT",
        "User-Agent": "azsdk-java-azure-compute-batch/1.0.0-beta.2 (17.0.9; Windows 11; 10.0)"
      },
      "RequestBody": null,
      "StatusCode": 200,
      "ResponseHeaders": {
        "Content-Type": "application/json; odata=minimalmetadata",
        "DataServiceVersion": "3.0",
        "Date": "Thu, 06 Jun 2024 21:00:33 GMT",
        "ETag": "0x8DC866BB4AC5A0D",
        "Last-Modified": "Thu, 06 Jun 2024 21:00:33 GMT",
        "request-id": "a7ad015b-753f-4c61-8241-c04df90954e2",
        "Server": "Microsoft-HTTPAPI/2.0",
        "Strict-Transport-Security": "max-age=31536000; includeSubDomains",
        "Transfer-Encoding": "chunked",
        "X-Content-Type-Options": "nosniff"
      },
      "ResponseBody": {
        "odata.metadata": "https://sanjbatch.eastus.batch.azure.com/$metadata#pools/@Element",
        "id": "BatchUser-canCRUDLowPri-testPool",
        "url": "REDACTED",
        "eTag": "0x8DC866BB4AC5A0D",
        "lastModified": "2024-06-06T21:00:33.0584589Z",
        "creationTime": "2024-06-06T21:00:33.058452Z",
        "state": "active",
        "stateTransitionTime": "2024-06-06T21:00:33.058452Z",
        "allocationState": "resizing",
        "allocationStateTransitionTime": "2024-06-06T21:00:33.0584596Z",
        "vmSize": "standard_d1_v2",
        "resizeTimeout": "PT15M",
        "currentDedicatedNodes": 0,
        "targetDedicatedNodes": 2,
        "currentLowPriorityNodes": 0,
        "targetLowPriorityNodes": 2,
        "enableAutoScale": false,
        "enableInterNodeCommunication": false,
        "certificateReferences": [],
        "taskSlotsPerNode": 1,
        "taskSchedulingPolicy": {
          "nodeFillType": "Spread"
        },
        "virtualMachineConfiguration": {
          "imageReference": {
            "publisher": "Canonical",
            "offer": "UbuntuServer",
            "sku": "18.04-LTS",
            "version": "latest"
          },
          "nodeAgentSKUId": "batch.node.ubuntu 18.04"
        },
        "networkConfiguration": {
          "subnetId": "/subscriptions/42d72928-df33-4f31-9f04-581177fca7d6/resourceGroups/sanjrg/providers/Microsoft.Network/virtualNetworks/sanjvnet/subnets/default",
          "dynamicVNetAssignmentScope": "none",
          "endpointConfiguration": {
            "inboundNATPools": [
              {
                "name": "testinbound",
                "protocol": "tcp",
                "backendPort": 5000,
                "frontendPortRangeStart": 60000,
                "frontendPortRangeEnd": 60040
              }
            ]
          },
          "enableAcceleratedNetworking": false
        },
        "targetNodeCommunicationMode": "default"
      }
    },
    {
      "RequestUri": "https://REDACTED/pools/BatchUser-canCRUDLowPri-testPool?api-version=2024-02-01.19.0",
      "RequestMethod": "GET",
      "RequestHeaders": {
        "Accept": "application/json",
        "Authorization": "Sanitized",
        "client-request-id": "Sanitized",
        "Content-Length": "0",
        "Date": "Thu, 06 Jun 2024 21:00:58 GMT",
        "User-Agent": "azsdk-java-azure-compute-batch/1.0.0-beta.2 (17.0.9; Windows 11; 10.0)"
      },
      "RequestBody": null,
      "StatusCode": 200,
      "ResponseHeaders": {
        "Content-Type": "application/json; odata=minimalmetadata",
        "DataServiceVersion": "3.0",
        "Date": "Thu, 06 Jun 2024 21:01:03 GMT",
        "ETag": "0x8DC866BB4AC5A0D",
        "Last-Modified": "Thu, 06 Jun 2024 21:00:33 GMT",
        "request-id": "99fdaefc-100d-47ca-8202-fb3660217b2c",
        "Server": "Microsoft-HTTPAPI/2.0",
        "Strict-Transport-Security": "max-age=31536000; includeSubDomains",
        "Transfer-Encoding": "chunked",
        "X-Content-Type-Options": "nosniff"
      },
      "ResponseBody": {
        "odata.metadata": "https://sanjbatch.eastus.batch.azure.com/$metadata#pools/@Element",
        "id": "BatchUser-canCRUDLowPri-testPool",
        "url": "REDACTED",
        "eTag": "0x8DC866BB4AC5A0D",
        "lastModified": "2024-06-06T21:00:33.0584589Z",
        "creationTime": "2024-06-06T21:00:33.058452Z",
        "state": "active",
        "stateTransitionTime": "2024-06-06T21:00:33.058452Z",
        "allocationState": "resizing",
        "allocationStateTransitionTime": "2024-06-06T21:00:33.0584596Z",
        "vmSize": "standard_d1_v2",
        "resizeTimeout": "PT15M",
        "currentDedicatedNodes": 0,
        "targetDedicatedNodes": 2,
        "currentLowPriorityNodes": 0,
        "targetLowPriorityNodes": 2,
        "enableAutoScale": false,
        "enableInterNodeCommunication": false,
        "certificateReferences": [],
        "taskSlotsPerNode": 1,
        "taskSchedulingPolicy": {
          "nodeFillType": "Spread"
        },
        "virtualMachineConfiguration": {
          "imageReference": {
            "publisher": "Canonical",
            "offer": "UbuntuServer",
            "sku": "18.04-LTS",
            "version": "latest"
          },
          "nodeAgentSKUId": "batch.node.ubuntu 18.04"
        },
        "networkConfiguration": {
          "subnetId": "/subscriptions/42d72928-df33-4f31-9f04-581177fca7d6/resourceGroups/sanjrg/providers/Microsoft.Network/virtualNetworks/sanjvnet/subnets/default",
          "dynamicVNetAssignmentScope": "none",
          "endpointConfiguration": {
            "inboundNATPools": [
              {
                "name": "testinbound",
                "protocol": "tcp",
                "backendPort": 5000,
                "frontendPortRangeStart": 60000,
                "frontendPortRangeEnd": 60040
              }
            ]
          },
          "enableAcceleratedNetworking": false
        },
        "targetNodeCommunicationMode": "default"
      }
    },
    {
      "RequestUri": "https://REDACTED/pools/BatchUser-canCRUDLowPri-testPool?api-version=2024-02-01.19.0",
      "RequestMethod": "GET",
      "RequestHeaders": {
        "Accept": "application/json",
        "Authorization": "Sanitized",
        "client-request-id": "Sanitized",
        "Content-Length": "0",
        "Date": "Thu, 06 Jun 2024 21:01:28 GMT",
        "User-Agent": "azsdk-java-azure-compute-batch/1.0.0-beta.2 (17.0.9; Windows 11; 10.0)"
      },
      "RequestBody": null,
      "StatusCode": 200,
      "ResponseHeaders": {
        "Content-Type": "application/json; odata=minimalmetadata",
        "DataServiceVersion": "3.0",
        "Date": "Thu, 06 Jun 2024 21:01:33 GMT",
        "ETag": "0x8DC866BB4AC5A0D",
        "Last-Modified": "Thu, 06 Jun 2024 21:00:33 GMT",
        "request-id": "723a1ceb-98e0-4408-804f-5f40f3c10b7e",
        "Server": "Microsoft-HTTPAPI/2.0",
        "Strict-Transport-Security": "max-age=31536000; includeSubDomains",
        "Transfer-Encoding": "chunked",
        "X-Content-Type-Options": "nosniff"
      },
      "ResponseBody": {
        "odata.metadata": "https://sanjbatch.eastus.batch.azure.com/$metadata#pools/@Element",
        "id": "BatchUser-canCRUDLowPri-testPool",
        "url": "REDACTED",
        "eTag": "0x8DC866BB4AC5A0D",
        "lastModified": "2024-06-06T21:00:33.0584589Z",
        "creationTime": "2024-06-06T21:00:33.058452Z",
        "state": "active",
        "stateTransitionTime": "2024-06-06T21:00:33.058452Z",
        "allocationState": "resizing",
        "allocationStateTransitionTime": "2024-06-06T21:00:33.0584596Z",
        "vmSize": "standard_d1_v2",
        "resizeTimeout": "PT15M",
        "currentDedicatedNodes": 0,
        "targetDedicatedNodes": 2,
        "currentLowPriorityNodes": 0,
        "targetLowPriorityNodes": 2,
        "enableAutoScale": false,
        "enableInterNodeCommunication": false,
        "certificateReferences": [],
        "taskSlotsPerNode": 1,
        "taskSchedulingPolicy": {
          "nodeFillType": "Spread"
        },
        "virtualMachineConfiguration": {
          "imageReference": {
            "publisher": "Canonical",
            "offer": "UbuntuServer",
            "sku": "18.04-LTS",
            "version": "latest"
          },
          "nodeAgentSKUId": "batch.node.ubuntu 18.04"
        },
        "networkConfiguration": {
          "subnetId": "/subscriptions/42d72928-df33-4f31-9f04-581177fca7d6/resourceGroups/sanjrg/providers/Microsoft.Network/virtualNetworks/sanjvnet/subnets/default",
          "dynamicVNetAssignmentScope": "none",
          "endpointConfiguration": {
            "inboundNATPools": [
              {
                "name": "testinbound",
                "protocol": "tcp",
                "backendPort": 5000,
                "frontendPortRangeStart": 60000,
                "frontendPortRangeEnd": 60040
              }
            ]
          },
          "enableAcceleratedNetworking": false
        },
        "targetNodeCommunicationMode": "default"
      }
    },
    {
      "RequestUri": "https://REDACTED/pools/BatchUser-canCRUDLowPri-testPool?api-version=2024-02-01.19.0",
      "RequestMethod": "GET",
      "RequestHeaders": {
        "Accept": "application/json",
        "Authorization": "Sanitized",
        "client-request-id": "Sanitized",
        "Content-Length": "0",
        "Date": "Thu, 06 Jun 2024 21:01:59 GMT",
        "User-Agent": "azsdk-java-azure-compute-batch/1.0.0-beta.2 (17.0.9; Windows 11; 10.0)"
      },
      "RequestBody": null,
      "StatusCode": 200,
      "ResponseHeaders": {
        "Content-Type": "application/json; odata=minimalmetadata",
        "DataServiceVersion": "3.0",
        "Date": "Thu, 06 Jun 2024 21:02:03 GMT",
        "ETag": "0x8DC866BB4AC5A0D",
        "Last-Modified": "Thu, 06 Jun 2024 21:00:33 GMT",
        "request-id": "ee10da62-6af2-4335-ab2a-e62d18bd7919",
        "Server": "Microsoft-HTTPAPI/2.0",
        "Strict-Transport-Security": "max-age=31536000; includeSubDomains",
        "Transfer-Encoding": "chunked",
        "X-Content-Type-Options": "nosniff"
      },
      "ResponseBody": {
        "odata.metadata": "https://sanjbatch.eastus.batch.azure.com/$metadata#pools/@Element",
        "id": "BatchUser-canCRUDLowPri-testPool",
        "url": "REDACTED",
        "eTag": "0x8DC866BB4AC5A0D",
        "lastModified": "2024-06-06T21:00:33.0584589Z",
        "creationTime": "2024-06-06T21:00:33.058452Z",
        "state": "active",
        "stateTransitionTime": "2024-06-06T21:00:33.058452Z",
        "allocationState": "steady",
        "allocationStateTransitionTime": "2024-06-06T21:01:58.1328087Z",
        "vmSize": "standard_d1_v2",
        "resizeTimeout": "PT15M",
        "currentDedicatedNodes": 2,
        "targetDedicatedNodes": 2,
        "currentLowPriorityNodes": 2,
        "targetLowPriorityNodes": 2,
        "enableAutoScale": false,
        "enableInterNodeCommunication": false,
        "certificateReferences": [],
        "taskSlotsPerNode": 1,
        "taskSchedulingPolicy": {
          "nodeFillType": "Spread"
        },
        "virtualMachineConfiguration": {
          "imageReference": {
            "publisher": "Canonical",
            "offer": "UbuntuServer",
            "sku": "18.04-LTS",
            "version": "latest"
          },
          "nodeAgentSKUId": "batch.node.ubuntu 18.04"
        },
        "networkConfiguration": {
          "subnetId": "/subscriptions/42d72928-df33-4f31-9f04-581177fca7d6/resourceGroups/sanjrg/providers/Microsoft.Network/virtualNetworks/sanjvnet/subnets/default",
          "dynamicVNetAssignmentScope": "none",
          "endpointConfiguration": {
            "inboundNATPools": [
              {
                "name": "testinbound",
                "protocol": "tcp",
                "backendPort": 5000,
                "frontendPortRangeStart": 60000,
                "frontendPortRangeEnd": 60040
              }
            ]
          },
          "enableAcceleratedNetworking": false
        },
        "targetNodeCommunicationMode": "default",
        "currentNodeCommunicationMode": "classic"
      }
    },
    {
      "RequestUri": "https://REDACTED/pools/BatchUser-canCRUDLowPri-testPool/nodes?api-version=2024-02-01.19.0",
      "RequestMethod": "GET",
      "RequestHeaders": {
        "Accept": "application/json",
        "Authorization": "Sanitized",
        "client-request-id": "Sanitized",
        "Content-Length": "0",
        "Date": "Thu, 06 Jun 2024 21:01:59 GMT",
        "User-Agent": "azsdk-java-azure-compute-batch/1.0.0-beta.2 (17.0.9; Windows 11; 10.0)"
      },
      "RequestBody": null,
      "StatusCode": 200,
      "ResponseHeaders": {
        "Content-Type": "application/json; odata=minimalmetadata",
        "DataServiceVersion": "3.0",
        "Date": "Thu, 06 Jun 2024 21:02:03 GMT",
        "request-id": "838614ca-b3a0-4c09-8e0e-8b1667bf50f2",
        "Server": "Microsoft-HTTPAPI/2.0",
        "Strict-Transport-Security": "max-age=31536000; includeSubDomains",
        "Transfer-Encoding": "chunked",
        "X-Content-Type-Options": "nosniff"
      },
      "ResponseBody": {
        "odata.metadata": "https://sanjbatch.eastus.batch.azure.com/$metadata#nodes",
        "value": [
          {
            "id": "tvmps_3591835b67e5e4c81f7b60afb0def5f77474dd56a06bac53e7a0b8b33af37e67_d",
            "url": "REDACTED",
            "state": "starting",
            "schedulingState": "enabled",
            "stateTransitionTime": "2024-06-06T21:01:58.1142841Z",
            "allocationTime": "2024-06-06T21:01:57.283339Z",
            "ipAddress": "192.168.0.13",
            "affinityId": "TVM:tvmps_3591835b67e5e4c81f7b60afb0def5f77474dd56a06bac53e7a0b8b33af37e67_d",
            "vmSize": "standard_d1_v2",
            "totalTasksRun": 0,
            "totalTasksSucceeded": 0,
            "runningTasksCount": 0,
            "runningTaskSlotsCount": 0,
            "isDedicated": true,
            "endpointConfiguration": {
              "inboundEndpoints": [
                {
                  "name": "testinbound.1",
                  "protocol": "tcp",
                  "publicIPAddress": "48.216.132.127",
                  "publicFQDN": "dns00163030-3c3c-41b2-810e-05c36887e982-azurebatch-cloudservice.eastus.cloudapp.azure.com",
                  "frontendPort": 60001,
                  "backendPort": 5000
                },
                {
                  "name": "SSHRule.1",
                  "protocol": "tcp",
                  "publicIPAddress": "48.216.132.127",
                  "publicFQDN": "dns00163030-3c3c-41b2-810e-05c36887e982-azurebatch-cloudservice.eastus.cloudapp.azure.com",
                  "frontendPort": 50001,
                  "backendPort": 22
                }
              ]
            },
            "virtualMachineInfo": {
              "imageReference": {
                "publisher": "Canonical",
                "offer": "UbuntuServer",
                "sku": "18.04-LTS",
                "version": "latest",
                "exactVersion": "18.04.202401161"
              }
            }
          },
          {
            "id": "tvmps_6bdd74e44a097a93c8b0cce9700be295d11dae947f3ad51334fc73ffcd93b51c_p",
            "url": "REDACTED",
            "state": "creating",
            "schedulingState": "enabled",
            "stateTransitionTime": "2024-06-06T21:01:57.325136Z",
            "allocationTime": "2024-06-06T21:01:57.3251469Z",
            "ipAddress": "192.168.0.8",
            "affinityId": "TVM:tvmps_6bdd74e44a097a93c8b0cce9700be295d11dae947f3ad51334fc73ffcd93b51c_p",
            "vmSize": "standard_d1_v2",
            "totalTasksRun": 0,
            "totalTasksSucceeded": 0,
            "runningTasksCount": 0,
            "runningTaskSlotsCount": 0,
            "isDedicated": false,
            "endpointConfiguration": {
              "inboundEndpoints": [
                {
                  "name": "testinbound.0",
                  "protocol": "tcp",
                  "publicIPAddress": "48.216.132.230",
                  "publicFQDN": "dnsc5cfc987-325b-4d32-bd50-99b1e5643ee9-azurebatch-cloudservice.eastus.cloudapp.azure.com",
                  "frontendPort": 60000,
                  "backendPort": 5000
                },
                {
                  "name": "SSHRule.0",
                  "protocol": "tcp",
                  "publicIPAddress": "48.216.132.230",
                  "publicFQDN": "dnsc5cfc987-325b-4d32-bd50-99b1e5643ee9-azurebatch-cloudservice.eastus.cloudapp.azure.com",
                  "frontendPort": 50000,
                  "backendPort": 22
                }
              ]
            },
            "virtualMachineInfo": {
              "imageReference": {
                "publisher": "Canonical",
                "offer": "UbuntuServer",
                "sku": "18.04-LTS",
                "version": "latest",
                "exactVersion": "18.04.202401161"
              }
            }
          },
          {
            "id": "tvmps_a9d7598615ab404b0fd83a161f861399870c3f0678128d576542c99080c34830_d",
            "url": "REDACTED",
            "state": "idle",
            "schedulingState": "enabled",
            "stateTransitionTime": "2024-06-06T21:02:03.480173Z",
            "lastBootTime": "2024-06-06T21:02:03.343133Z",
            "allocationTime": "2024-06-06T21:01:57.2833983Z",
            "ipAddress": "192.168.0.12",
            "affinityId": "TVM:tvmps_a9d7598615ab404b0fd83a161f861399870c3f0678128d576542c99080c34830_d",
            "vmSize": "standard_d1_v2",
            "totalTasksRun": 0,
            "totalTasksSucceeded": 0,
            "runningTasksCount": 0,
            "runningTaskSlotsCount": 0,
            "certificateReferences": [],
            "isDedicated": true,
            "endpointConfiguration": {
              "inboundEndpoints": [
                {
                  "name": "testinbound.0",
                  "protocol": "tcp",
                  "publicIPAddress": "48.216.132.127",
                  "publicFQDN": "dns00163030-3c3c-41b2-810e-05c36887e982-azurebatch-cloudservice.eastus.cloudapp.azure.com",
                  "frontendPort": 60000,
                  "backendPort": 5000
                },
                {
                  "name": "SSHRule.0",
                  "protocol": "tcp",
                  "publicIPAddress": "48.216.132.127",
                  "publicFQDN": "dns00163030-3c3c-41b2-810e-05c36887e982-azurebatch-cloudservice.eastus.cloudapp.azure.com",
                  "frontendPort": 50000,
                  "backendPort": 22
                }
              ]
            },
            "nodeAgentInfo": {
              "lastUpdateTime": "2024-06-06T21:02:03.343133Z",
              "version": "1.10.0"
            },
            "virtualMachineInfo": {
              "imageReference": {
                "publisher": "Canonical",
                "offer": "UbuntuServer",
                "sku": "18.04-LTS",
                "version": "latest",
                "exactVersion": "18.04.202401161"
              }
            }
          },
          {
            "id": "tvmps_e0cf2b71d38dd20e166e18813b976fdac78ff71d566f4a2d027463565226a98a_p",
            "url": "REDACTED",
            "state": "creating",
            "schedulingState": "enabled",
            "stateTransitionTime": "2024-06-06T21:01:57.3252032Z",
            "allocationTime": "2024-06-06T21:01:57.3252043Z",
            "ipAddress": "192.168.0.9",
            "affinityId": "TVM:tvmps_e0cf2b71d38dd20e166e18813b976fdac78ff71d566f4a2d027463565226a98a_p",
            "vmSize": "standard_d1_v2",
            "totalTasksRun": 0,
            "totalTasksSucceeded": 0,
            "runningTasksCount": 0,
            "runningTaskSlotsCount": 0,
            "isDedicated": false,
            "endpointConfiguration": {
              "inboundEndpoints": [
                {
                  "name": "testinbound.1",
                  "protocol": "tcp",
                  "publicIPAddress": "48.216.132.230",
                  "publicFQDN": "dnsc5cfc987-325b-4d32-bd50-99b1e5643ee9-azurebatch-cloudservice.eastus.cloudapp.azure.com",
                  "frontendPort": 60001,
                  "backendPort": 5000
                },
                {
                  "name": "SSHRule.1",
                  "protocol": "tcp",
                  "publicIPAddress": "48.216.132.230",
                  "publicFQDN": "dnsc5cfc987-325b-4d32-bd50-99b1e5643ee9-azurebatch-cloudservice.eastus.cloudapp.azure.com",
                  "frontendPort": 50001,
                  "backendPort": 22
                }
              ]
            },
            "virtualMachineInfo": {
              "imageReference": {
                "publisher": "Canonical",
                "offer": "UbuntuServer",
                "sku": "18.04-LTS",
                "version": "latest",
                "exactVersion": "18.04.202401161"
              }
            }
          }
        ]
      }
    },
    {
      "RequestUri": "https://REDACTED/nodecounts?api-version=2024-02-01.19.0",
      "RequestMethod": "GET",
      "RequestHeaders": {
        "Accept": "application/json",
        "Authorization": "Sanitized",
        "client-request-id": "Sanitized",
        "Content-Length": "0",
        "Date": "Thu, 06 Jun 2024 21:01:59 GMT",
        "User-Agent": "azsdk-java-azure-compute-batch/1.0.0-beta.2 (17.0.9; Windows 11; 10.0)"
      },
      "RequestBody": null,
      "StatusCode": 200,
      "ResponseHeaders": {
        "Content-Type": "application/json; odata=minimalmetadata",
        "DataServiceVersion": "3.0",
        "Date": "Thu, 06 Jun 2024 21:02:03 GMT",
        "request-id": "f75212a6-b17d-4e49-afaa-909910210b61",
        "Server": "Microsoft-HTTPAPI/2.0",
        "Strict-Transport-Security": "max-age=31536000; includeSubDomains",
        "Transfer-Encoding": "chunked",
        "X-Content-Type-Options": "nosniff"
      },
      "ResponseBody": {
        "odata.metadata": "https://sanjbatch.eastus.batch.azure.com/$metadata#poolnodecounts",
        "value": [
          {
            "poolId": "BatchUser-canCRUDLowPri-testPool",
            "dedicated": {
              "creating": 0,
              "idle": 1,
              "leavingPool": 0,
              "offline": 0,
              "preempted": 0,
              "rebooting": 0,
              "reimaging": 0,
              "running": 0,
              "starting": 1,
              "startTaskFailed": 0,
              "unusable": 0,
              "unknown": 0,
              "upgradingOS": 0,
              "waitingForStartTask": 0,
              "total": 2
            },
            "lowPriority": {
              "creating": 2,
              "idle": 0,
              "leavingPool": 0,
              "offline": 0,
              "preempted": 0,
              "rebooting": 0,
              "reimaging": 0,
              "running": 0,
              "starting": 0,
              "startTaskFailed": 0,
              "unusable": 0,
              "unknown": 0,
              "upgradingOS": 0,
              "waitingForStartTask": 0,
              "total": 2
            }
          },
          {
            "poolId": "BatchUser-testIaaSpool",
            "dedicated": {
              "creating": 0,
              "idle": 0,
              "leavingPool": 0,
              "offline": 0,
              "preempted": 0,
              "rebooting": 0,
              "reimaging": 0,
              "running": 0,
              "starting": 0,
              "startTaskFailed": 0,
              "unusable": 0,
              "unknown": 0,
              "upgradingOS": 0,
              "waitingForStartTask": 0,
              "total": 0
            },
            "lowPriority": {
              "creating": 0,
              "idle": 0,
              "leavingPool": 0,
              "offline": 0,
              "preempted": 0,
              "rebooting": 0,
              "reimaging": 0,
              "running": 0,
              "starting": 0,
              "startTaskFailed": 0,
              "unusable": 0,
              "unknown": 0,
              "upgradingOS": 0,
              "waitingForStartTask": 0,
              "total": 0
            }
          },
          {
            "poolId": "BatchUser-testpool",
            "dedicated": {
              "creating": 0,
              "idle": 1,
              "leavingPool": 0,
              "offline": 0,
              "preempted": 0,
              "rebooting": 0,
              "reimaging": 0,
              "running": 0,
              "starting": 0,
              "startTaskFailed": 0,
              "unusable": 0,
              "unknown": 0,
              "upgradingOS": 0,
              "waitingForStartTask": 0,
              "total": 1
            },
            "lowPriority": {
              "creating": 0,
              "idle": 0,
              "leavingPool": 0,
              "offline": 0,
              "preempted": 0,
              "rebooting": 0,
              "reimaging": 0,
              "running": 0,
              "starting": 0,
              "startTaskFailed": 0,
              "unusable": 0,
              "unknown": 0,
              "upgradingOS": 0,
              "waitingForStartTask": 0,
              "total": 0
            }
          },
          {
            "poolId": "SharedKey-testpool",
            "dedicated": {
              "creating": 0,
              "idle": 0,
              "leavingPool": 0,
              "offline": 0,
              "preempted": 0,
              "rebooting": 0,
              "reimaging": 0,
              "running": 0,
              "starting": 0,
              "startTaskFailed": 0,
              "unusable": 0,
              "unknown": 0,
              "upgradingOS": 0,
              "waitingForStartTask": 0,
              "total": 0
            },
            "lowPriority": {
              "creating": 0,
              "idle": 0,
              "leavingPool": 0,
              "offline": 0,
              "preempted": 0,
              "rebooting": 0,
              "reimaging": 0,
              "running": 0,
              "starting": 0,
              "startTaskFailed": 0,
              "unusable": 0,
              "unknown": 0,
              "upgradingOS": 0,
              "waitingForStartTask": 0,
              "total": 0
            }
          }
        ]
      }
    },
    {
      "RequestUri": "https://REDACTED/pools/BatchUser-canCRUDLowPri-testPool?api-version=2024-02-01.19.0",
      "RequestMethod": "PATCH",
      "RequestHeaders": {
        "Accept": "application/json",
        "Authorization": "Sanitized",
        "client-request-id": "Sanitized",
        "Content-Length": "92",
        "Content-Type": "application/json; odata=minimalmetadata",
        "Date": "Thu, 06 Jun 2024 21:01:59 GMT",
        "User-Agent": "azsdk-java-azure-compute-batch/1.0.0-beta.2 (17.0.9; Windows 11; 10.0)"
      },
      "RequestBody": {
        "applicationPackageReferences": [],
        "metadata": [],
        "targetNodeCommunicationMode": "simplified"
      },
      "StatusCode": 200,
      "ResponseHeaders": {
        "DataServiceId": "https://sanjbatch.eastus.batch.azure.com/pools/BatchUser-canCRUDLowPri-testPool",
        "DataServiceVersion": "3.0",
        "Date": "Thu, 06 Jun 2024 21:02:04 GMT",
        "ETag": "0x8DC866BEB1CD976",
        "Last-Modified": "Thu, 06 Jun 2024 21:02:04 GMT",
        "request-id": "2f2fc640-5a57-401a-b886-63fe788f4d73",
        "Server": "Microsoft-HTTPAPI/2.0",
        "Strict-Transport-Security": "max-age=31536000; includeSubDomains",
        "Transfer-Encoding": "chunked",
        "X-Content-Type-Options": "nosniff"
      },
      "ResponseBody": null
    },
    {
      "RequestUri": "https://REDACTED/pools/BatchUser-canCRUDLowPri-testPool?api-version=2024-02-01.19.0",
      "RequestMethod": "GET",
      "RequestHeaders": {
        "Accept": "application/json",
        "Authorization": "Sanitized",
        "client-request-id": "Sanitized",
        "Content-Length": "0",
        "Date": "Thu, 06 Jun 2024 21:01:59 GMT",
        "User-Agent": "azsdk-java-azure-compute-batch/1.0.0-beta.2 (17.0.9; Windows 11; 10.0)"
      },
      "RequestBody": null,
      "StatusCode": 200,
      "ResponseHeaders": {
        "Content-Type": "application/json; odata=minimalmetadata",
        "DataServiceVersion": "3.0",
        "Date": "Thu, 06 Jun 2024 21:02:04 GMT",
        "ETag": "0x8DC866BEB1CD976",
        "Last-Modified": "Thu, 06 Jun 2024 21:02:04 GMT",
        "request-id": "492915f0-68e6-457d-bb77-b4fdb2f30023",
        "Server": "Microsoft-HTTPAPI/2.0",
        "Strict-Transport-Security": "max-age=31536000; includeSubDomains",
        "Transfer-Encoding": "chunked",
        "X-Content-Type-Options": "nosniff"
      },
      "ResponseBody": {
        "odata.metadata": "https://sanjbatch.eastus.batch.azure.com/$metadata#pools/@Element",
        "id": "BatchUser-canCRUDLowPri-testPool",
        "url": "REDACTED",
        "eTag": "0x8DC866BEB1CD976",
        "lastModified": "2024-06-06T21:02:04.3926902Z",
        "creationTime": "2024-06-06T21:00:33.058452Z",
        "state": "active",
        "stateTransitionTime": "2024-06-06T21:00:33.058452Z",
        "allocationState": "steady",
        "allocationStateTransitionTime": "2024-06-06T21:01:58.1328087Z",
        "vmSize": "standard_d1_v2",
        "resizeTimeout": "PT15M",
        "currentDedicatedNodes": 2,
        "targetDedicatedNodes": 2,
        "currentLowPriorityNodes": 2,
        "targetLowPriorityNodes": 2,
        "enableAutoScale": false,
        "enableInterNodeCommunication": false,
        "certificateReferences": [],
        "taskSlotsPerNode": 1,
        "taskSchedulingPolicy": {
          "nodeFillType": "Spread"
        },
        "virtualMachineConfiguration": {
          "imageReference": {
            "publisher": "Canonical",
            "offer": "UbuntuServer",
            "sku": "18.04-LTS",
            "version": "latest"
          },
          "nodeAgentSKUId": "batch.node.ubuntu 18.04"
        },
        "networkConfiguration": {
          "subnetId": "/subscriptions/42d72928-df33-4f31-9f04-581177fca7d6/resourceGroups/sanjrg/providers/Microsoft.Network/virtualNetworks/sanjvnet/subnets/default",
          "dynamicVNetAssignmentScope": "none",
          "endpointConfiguration": {
            "inboundNATPools": [
              {
                "name": "testinbound",
                "protocol": "tcp",
                "backendPort": 5000,
                "frontendPortRangeStart": 60000,
                "frontendPortRangeEnd": 60040
              }
            ]
          },
          "enableAcceleratedNetworking": false
        },
        "targetNodeCommunicationMode": "simplified",
        "currentNodeCommunicationMode": "classic"
      }
    },
    {
      "RequestUri": "https://REDACTED/pools/BatchUser-canCRUDLowPri-testPool?api-version=2024-02-01.19.0",
      "RequestMethod": "PATCH",
      "RequestHeaders": {
        "Accept": "application/json",
        "Authorization": "Sanitized",
        "client-request-id": "Sanitized",
        "Content-Length": "41",
        "Content-Type": "application/json; odata=minimalmetadata",
        "Date": "Thu, 06 Jun 2024 21:01:59 GMT",
        "User-Agent": "azsdk-java-azure-compute-batch/1.0.0-beta.2 (17.0.9; Windows 11; 10.0)"
      },
      "RequestBody": {
        "targetNodeCommunicationMode": "classic"
      },
      "StatusCode": 200,
      "ResponseHeaders": {
        "DataServiceId": "https://sanjbatch.eastus.batch.azure.com/pools/BatchUser-canCRUDLowPri-testPool",
        "DataServiceVersion": "3.0",
        "Date": "Thu, 06 Jun 2024 21:02:04 GMT",
        "ETag": "0x8DC866BEB3DCA35",
        "Last-Modified": "Thu, 06 Jun 2024 21:02:04 GMT",
        "request-id": "bee0784c-640d-4f5b-ab24-e057fb7b8988",
        "Server": "Microsoft-HTTPAPI/2.0",
        "Strict-Transport-Security": "max-age=31536000; includeSubDomains",
        "Transfer-Encoding": "chunked",
        "X-Content-Type-Options": "nosniff"
      },
      "ResponseBody": null
    },
    {
      "RequestUri": "https://REDACTED/pools/BatchUser-canCRUDLowPri-testPool?api-version=2024-02-01.19.0",
      "RequestMethod": "GET",
      "RequestHeaders": {
        "Accept": "application/json",
        "Authorization": "Sanitized",
        "client-request-id": "Sanitized",
        "Content-Length": "0",
        "Date": "Thu, 06 Jun 2024 21:01:59 GMT",
        "User-Agent": "azsdk-java-azure-compute-batch/1.0.0-beta.2 (17.0.9; Windows 11; 10.0)"
      },
      "RequestBody": null,
      "StatusCode": 200,
      "ResponseHeaders": {
        "Content-Type": "application/json; odata=minimalmetadata",
        "DataServiceVersion": "3.0",
        "Date": "Thu, 06 Jun 2024 21:02:04 GMT",
        "ETag": "0x8DC866BEB3DCA35",
        "Last-Modified": "Thu, 06 Jun 2024 21:02:04 GMT",
        "request-id": "2ec3ec6e-31e4-42df-8472-96ea68377f93",
        "Server": "Microsoft-HTTPAPI/2.0",
        "Strict-Transport-Security": "max-age=31536000; includeSubDomains",
        "Transfer-Encoding": "chunked",
        "X-Content-Type-Options": "nosniff"
      },
      "ResponseBody": {
        "odata.metadata": "https://sanjbatch.eastus.batch.azure.com/$metadata#pools/@Element",
        "id": "BatchUser-canCRUDLowPri-testPool",
        "url": "REDACTED",
        "eTag": "0x8DC866BEB3DCA35",
        "lastModified": "2024-06-06T21:02:04.6085685Z",
        "creationTime": "2024-06-06T21:00:33.058452Z",
        "state": "active",
        "stateTransitionTime": "2024-06-06T21:00:33.058452Z",
        "allocationState": "steady",
        "allocationStateTransitionTime": "2024-06-06T21:01:58.1328087Z",
        "vmSize": "standard_d1_v2",
        "resizeTimeout": "PT15M",
        "currentDedicatedNodes": 2,
        "targetDedicatedNodes": 2,
        "currentLowPriorityNodes": 2,
        "targetLowPriorityNodes": 2,
        "enableAutoScale": false,
        "enableInterNodeCommunication": false,
        "certificateReferences": [],
        "taskSlotsPerNode": 1,
        "taskSchedulingPolicy": {
          "nodeFillType": "Spread"
        },
        "virtualMachineConfiguration": {
          "imageReference": {
            "publisher": "Canonical",
            "offer": "UbuntuServer",
            "sku": "18.04-LTS",
            "version": "latest"
          },
          "nodeAgentSKUId": "batch.node.ubuntu 18.04"
        },
        "networkConfiguration": {
          "subnetId": "/subscriptions/42d72928-df33-4f31-9f04-581177fca7d6/resourceGroups/sanjrg/providers/Microsoft.Network/virtualNetworks/sanjvnet/subnets/default",
          "dynamicVNetAssignmentScope": "none",
          "endpointConfiguration": {
            "inboundNATPools": [
              {
                "name": "testinbound",
                "protocol": "tcp",
                "backendPort": 5000,
                "frontendPortRangeStart": 60000,
                "frontendPortRangeEnd": 60040
              }
            ]
          },
          "enableAcceleratedNetworking": false
        },
        "targetNodeCommunicationMode": "classic",
        "currentNodeCommunicationMode": "classic"
      }
    },
    {
      "RequestUri": "https://REDACTED/pools/BatchUser-canCRUDLowPri-testPool/resize?api-version=2024-02-01.19.0",
      "RequestMethod": "POST",
      "RequestHeaders": {
        "Accept": "application/json",
        "Authorization": "Sanitized",
        "client-request-id": "Sanitized",
        "Content-Length": "53",
        "Content-Type": "application/json; odata=minimalmetadata",
        "Date": "Thu, 06 Jun 2024 21:01:59 GMT",
        "User-Agent": "azsdk-java-azure-compute-batch/1.0.0-beta.2 (17.0.9; Windows 11; 10.0)"
      },
      "RequestBody": {
        "targetDedicatedNodes": 1,
        "targetLowPriorityNodes": 1
      },
      "StatusCode": 202,
      "ResponseHeaders": {
        "DataServiceId": "https://sanjbatch.eastus.batch.azure.com/pools/BatchUser-canCRUDLowPri-testPool/resize",
        "DataServiceVersion": "3.0",
        "Date": "Thu, 06 Jun 2024 21:02:04 GMT",
        "ETag": "0x8DC866BEB5A20A2",
        "Last-Modified": "Thu, 06 Jun 2024 21:02:04 GMT",
        "request-id": "da7061cc-749e-47ed-a849-4dcbc97af0fd",
        "Server": "Microsoft-HTTPAPI/2.0",
        "Strict-Transport-Security": "max-age=31536000; includeSubDomains",
        "Transfer-Encoding": "chunked",
        "X-Content-Type-Options": "nosniff"
      },
      "ResponseBody": null
    },
    {
      "RequestUri": "https://REDACTED/pools/BatchUser-canCRUDLowPri-testPool?api-version=2024-02-01.19.0",
      "RequestMethod": "GET",
      "RequestHeaders": {
        "Accept": "application/json",
        "Authorization": "Sanitized",
        "client-request-id": "Sanitized",
        "Content-Length": "0",
        "Date": "Thu, 06 Jun 2024 21:02:00 GMT",
        "User-Agent": "azsdk-java-azure-compute-batch/1.0.0-beta.2 (17.0.9; Windows 11; 10.0)"
      },
      "RequestBody": null,
      "StatusCode": 200,
      "ResponseHeaders": {
        "Content-Type": "application/json; odata=minimalmetadata",
        "DataServiceVersion": "3.0",
        "Date": "Thu, 06 Jun 2024 21:02:04 GMT",
        "ETag": "0x8DC866BEB5A20A2",
        "Last-Modified": "Thu, 06 Jun 2024 21:02:04 GMT",
        "request-id": "9c27a2b1-1885-4aa1-b981-139560875933",
        "Server": "Microsoft-HTTPAPI/2.0",
        "Strict-Transport-Security": "max-age=31536000; includeSubDomains",
        "Transfer-Encoding": "chunked",
        "X-Content-Type-Options": "nosniff"
      },
      "ResponseBody": {
        "odata.metadata": "https://sanjbatch.eastus.batch.azure.com/$metadata#pools/@Element",
        "id": "BatchUser-canCRUDLowPri-testPool",
        "url": "REDACTED",
        "eTag": "0x8DC866BEB5A20A2",
        "lastModified": "2024-06-06T21:02:04.7942818Z",
        "creationTime": "2024-06-06T21:00:33.058452Z",
        "state": "active",
        "stateTransitionTime": "2024-06-06T21:00:33.058452Z",
        "allocationState": "resizing",
        "allocationStateTransitionTime": "2024-06-06T21:02:04.7942819Z",
        "vmSize": "standard_d1_v2",
        "resizeTimeout": "PT15M",
        "currentDedicatedNodes": 2,
        "targetDedicatedNodes": 1,
        "currentLowPriorityNodes": 2,
        "targetLowPriorityNodes": 1,
        "enableAutoScale": false,
        "enableInterNodeCommunication": false,
        "certificateReferences": [],
        "taskSlotsPerNode": 1,
        "taskSchedulingPolicy": {
          "nodeFillType": "Spread"
        },
        "virtualMachineConfiguration": {
          "imageReference": {
            "publisher": "Canonical",
            "offer": "UbuntuServer",
            "sku": "18.04-LTS",
            "version": "latest"
          },
          "nodeAgentSKUId": "batch.node.ubuntu 18.04"
        },
        "networkConfiguration": {
          "subnetId": "/subscriptions/42d72928-df33-4f31-9f04-581177fca7d6/resourceGroups/sanjrg/providers/Microsoft.Network/virtualNetworks/sanjvnet/subnets/default",
          "dynamicVNetAssignmentScope": "none",
          "endpointConfiguration": {
            "inboundNATPools": [
              {
                "name": "testinbound",
                "protocol": "tcp",
                "backendPort": 5000,
                "frontendPortRangeStart": 60000,
                "frontendPortRangeEnd": 60040
              }
            ]
          },
          "enableAcceleratedNetworking": false
        },
        "targetNodeCommunicationMode": "classic",
        "currentNodeCommunicationMode": "classic"
      }
    },
    {
      "RequestUri": "https://REDACTED/pools/BatchUser-canCRUDLowPri-testPool?api-version=2024-02-01.19.0",
      "RequestMethod": "DELETE",
      "RequestHeaders": {
        "Accept": "application/json",
        "Authorization": "Sanitized",
        "client-request-id": "Sanitized",
        "Content-Length": "0",
        "Date": "Thu, 06 Jun 2024 21:02:00 GMT",
        "User-Agent": "azsdk-java-azure-compute-batch/1.0.0-beta.2 (17.0.9; Windows 11; 10.0)"
      },
      "RequestBody": null,
      "StatusCode": 202,
      "ResponseHeaders": {
        "DataServiceVersion": "3.0",
        "Date": "Thu, 06 Jun 2024 21:02:04 GMT",
        "request-id": "a335cf4e-4b18-47bf-930e-2c6ec86dbd6a",
        "Server": "Microsoft-HTTPAPI/2.0",
        "Strict-Transport-Security": "max-age=31536000; includeSubDomains",
        "Transfer-Encoding": "chunked",
        "X-Content-Type-Options": "nosniff"
      },
      "ResponseBody": null
    },
    {
      "RequestUri": "https://REDACTED/pools/BatchUser-canCRUDLowPri-testPool?api-version=2024-02-01.19.0",
      "RequestMethod": "GET",
      "RequestHeaders": {
        "Accept": "application/json",
        "Authorization": "Sanitized",
        "client-request-id": "Sanitized",
        "Content-Length": "0",
        "Date": "Thu, 06 Jun 2024 21:02:00 GMT",
        "User-Agent": "azsdk-java-azure-compute-batch/1.0.0-beta.2 (17.0.9; Windows 11; 10.0)"
      },
      "RequestBody": null,
      "StatusCode": 200,
      "ResponseHeaders": {
        "Content-Type": "application/json; odata=minimalmetadata",
        "DataServiceVersion": "3.0",
        "Date": "Thu, 06 Jun 2024 21:02:04 GMT",
        "ETag": "0x8DC866BEB7A6474",
        "Last-Modified": "Thu, 06 Jun 2024 21:02:05 GMT",
        "request-id": "9255c7fe-0613-4167-8d32-1c9c372178c0",
        "Server": "Microsoft-HTTPAPI/2.0",
        "Strict-Transport-Security": "max-age=31536000; includeSubDomains",
        "Transfer-Encoding": "chunked",
        "X-Content-Type-Options": "nosniff"
      },
      "ResponseBody": {
        "odata.metadata": "https://sanjbatch.eastus.batch.azure.com/$metadata#pools/@Element",
        "id": "BatchUser-canCRUDLowPri-testPool",
        "url": "REDACTED",
        "eTag": "0x8DC866BEB7A6474",
        "lastModified": "2024-06-06T21:02:05.0057332Z",
        "creationTime": "2024-06-06T21:00:33.058452Z",
        "state": "deleting",
        "stateTransitionTime": "2024-06-06T21:02:05.0057332Z",
        "allocationState": "resizing",
        "allocationStateTransitionTime": "2024-06-06T21:02:05.0057333Z",
        "vmSize": "standard_d1_v2",
        "resizeTimeout": "PT15M",
        "currentDedicatedNodes": 2,
        "targetDedicatedNodes": 1,
        "currentLowPriorityNodes": 2,
        "targetLowPriorityNodes": 1,
        "enableAutoScale": false,
        "enableInterNodeCommunication": false,
        "certificateReferences": [],
        "taskSlotsPerNode": 1,
        "taskSchedulingPolicy": {
          "nodeFillType": "Spread"
        },
        "virtualMachineConfiguration": {
          "imageReference": {
            "publisher": "Canonical",
            "offer": "UbuntuServer",
            "sku": "18.04-LTS",
            "version": "latest"
          },
          "nodeAgentSKUId": "batch.node.ubuntu 18.04"
        },
        "networkConfiguration": {
          "subnetId": "/subscriptions/42d72928-df33-4f31-9f04-581177fca7d6/resourceGroups/sanjrg/providers/Microsoft.Network/virtualNetworks/sanjvnet/subnets/default",
          "dynamicVNetAssignmentScope": "none",
          "endpointConfiguration": {
            "inboundNATPools": [
              {
                "name": "testinbound",
                "protocol": "tcp",
                "backendPort": 5000,
                "frontendPortRangeStart": 60000,
                "frontendPortRangeEnd": 60040
              }
            ]
          },
          "enableAcceleratedNetworking": false
        },
        "targetNodeCommunicationMode": "classic",
        "currentNodeCommunicationMode": "classic"
      }
    },
    {
      "RequestUri": "https://REDACTED/pools/BatchUser-canCRUDLowPri-testPool?api-version=2024-02-01.19.0",
      "RequestMethod": "GET",
      "RequestHeaders": {
        "Accept": "application/json",
        "Authorization": "Sanitized",
        "client-request-id": "Sanitized",
        "Content-Length": "0",
        "Date": "Thu, 06 Jun 2024 21:02:15 GMT",
        "User-Agent": "azsdk-java-azure-compute-batch/1.0.0-beta.2 (17.0.9; Windows 11; 10.0)"
      },
      "RequestBody": null,
      "StatusCode": 200,
      "ResponseHeaders": {
        "Content-Type": "application/json; odata=minimalmetadata",
        "DataServiceVersion": "3.0",
        "Date": "Thu, 06 Jun 2024 21:02:19 GMT",
        "ETag": "0x8DC866BEB7A6474",
        "Last-Modified": "Thu, 06 Jun 2024 21:02:05 GMT",
        "request-id": "c820ef6f-9bb9-4a29-b229-c394d9a90b1c",
        "Server": "Microsoft-HTTPAPI/2.0",
        "Strict-Transport-Security": "max-age=31536000; includeSubDomains",
        "Transfer-Encoding": "chunked",
        "X-Content-Type-Options": "nosniff"
      },
      "ResponseBody": {
        "odata.metadata": "https://sanjbatch.eastus.batch.azure.com/$metadata#pools/@Element",
        "id": "BatchUser-canCRUDLowPri-testPool",
        "url": "REDACTED",
        "eTag": "0x8DC866BEB7A6474",
        "lastModified": "2024-06-06T21:02:05.0057332Z",
        "creationTime": "2024-06-06T21:00:33.058452Z",
        "state": "deleting",
        "stateTransitionTime": "2024-06-06T21:02:05.0057332Z",
        "allocationState": "resizing",
        "allocationStateTransitionTime": "2024-06-06T21:02:10.4591676Z",
        "vmSize": "standard_d1_v2",
        "resizeTimeout": "PT7M9.497S",
        "currentDedicatedNodes": 2,
        "targetDedicatedNodes": 0,
        "currentLowPriorityNodes": 2,
        "targetLowPriorityNodes": 0,
        "enableAutoScale": false,
        "enableInterNodeCommunication": false,
        "certificateReferences": [],
        "taskSlotsPerNode": 1,
        "taskSchedulingPolicy": {
          "nodeFillType": "Spread"
        },
        "virtualMachineConfiguration": {
          "imageReference": {
            "publisher": "Canonical",
            "offer": "UbuntuServer",
            "sku": "18.04-LTS",
            "version": "latest"
          },
          "nodeAgentSKUId": "batch.node.ubuntu 18.04"
        },
        "networkConfiguration": {
          "subnetId": "/subscriptions/42d72928-df33-4f31-9f04-581177fca7d6/resourceGroups/sanjrg/providers/Microsoft.Network/virtualNetworks/sanjvnet/subnets/default",
          "dynamicVNetAssignmentScope": "none",
          "endpointConfiguration": {
            "inboundNATPools": [
              {
                "name": "testinbound",
                "protocol": "tcp",
                "backendPort": 5000,
                "frontendPortRangeStart": 60000,
                "frontendPortRangeEnd": 60040
              }
            ]
          },
          "enableAcceleratedNetworking": false
        },
        "targetNodeCommunicationMode": "classic",
        "currentNodeCommunicationMode": "classic"
      }
    },
    {
      "RequestUri": "https://REDACTED/pools/BatchUser-canCRUDLowPri-testPool?api-version=2024-02-01.19.0",
      "RequestMethod": "GET",
      "RequestHeaders": {
        "Accept": "application/json",
        "Authorization": "Sanitized",
        "client-request-id": "Sanitized",
        "Content-Length": "0",
        "Date": "Thu, 06 Jun 2024 21:02:30 GMT",
        "User-Agent": "azsdk-java-azure-compute-batch/1.0.0-beta.2 (17.0.9; Windows 11; 10.0)"
      },
      "RequestBody": null,
      "StatusCode": 200,
      "ResponseHeaders": {
        "Content-Type": "application/json; odata=minimalmetadata",
        "DataServiceVersion": "3.0",
        "Date": "Thu, 06 Jun 2024 21:02:35 GMT",
        "ETag": "0x8DC866BEB7A6474",
        "Last-Modified": "Thu, 06 Jun 2024 21:02:05 GMT",
        "request-id": "befa3ac0-1db3-4968-9e9e-c2fa9c88452f",
        "Server": "Microsoft-HTTPAPI/2.0",
        "Strict-Transport-Security": "max-age=31536000; includeSubDomains",
        "Transfer-Encoding": "chunked",
        "X-Content-Type-Options": "nosniff"
      },
      "ResponseBody": {
        "odata.metadata": "https://sanjbatch.eastus.batch.azure.com/$metadata#pools/@Element",
        "id": "BatchUser-canCRUDLowPri-testPool",
        "url": "REDACTED",
        "eTag": "0x8DC866BEB7A6474",
        "lastModified": "2024-06-06T21:02:05.0057332Z",
        "creationTime": "2024-06-06T21:00:33.058452Z",
        "state": "deleting",
        "stateTransitionTime": "2024-06-06T21:02:05.0057332Z",
        "allocationState": "resizing",
        "allocationStateTransitionTime": "2024-06-06T21:02:10.4591676Z",
        "vmSize": "standard_d1_v2",
        "resizeTimeout": "PT7M9.497S",
        "currentDedicatedNodes": 2,
        "targetDedicatedNodes": 0,
        "currentLowPriorityNodes": 2,
        "targetLowPriorityNodes": 0,
        "enableAutoScale": false,
        "enableInterNodeCommunication": false,
        "certificateReferences": [],
        "taskSlotsPerNode": 1,
        "taskSchedulingPolicy": {
          "nodeFillType": "Spread"
        },
        "virtualMachineConfiguration": {
          "imageReference": {
            "publisher": "Canonical",
            "offer": "UbuntuServer",
            "sku": "18.04-LTS",
            "version": "latest"
          },
          "nodeAgentSKUId": "batch.node.ubuntu 18.04"
        },
        "networkConfiguration": {
          "subnetId": "/subscriptions/42d72928-df33-4f31-9f04-581177fca7d6/resourceGroups/sanjrg/providers/Microsoft.Network/virtualNetworks/sanjvnet/subnets/default",
          "dynamicVNetAssignmentScope": "none",
          "endpointConfiguration": {
            "inboundNATPools": [
              {
                "name": "testinbound",
                "protocol": "tcp",
                "backendPort": 5000,
                "frontendPortRangeStart": 60000,
                "frontendPortRangeEnd": 60040
              }
            ]
          },
          "enableAcceleratedNetworking": false
        },
        "targetNodeCommunicationMode": "classic",
        "currentNodeCommunicationMode": "classic"
      }
    },
    {
      "RequestUri": "https://REDACTED/pools/BatchUser-canCRUDLowPri-testPool?api-version=2024-02-01.19.0",
      "RequestMethod": "GET",
      "RequestHeaders": {
        "Accept": "application/json",
        "Authorization": "Sanitized",
        "client-request-id": "Sanitized",
        "Content-Length": "0",
        "Date": "Thu, 06 Jun 2024 21:02:45 GMT",
        "User-Agent": "azsdk-java-azure-compute-batch/1.0.0-beta.2 (17.0.9; Windows 11; 10.0)"
      },
      "RequestBody": null,
      "StatusCode": 200,
      "ResponseHeaders": {
        "Content-Type": "application/json; odata=minimalmetadata",
        "DataServiceVersion": "3.0",
        "Date": "Thu, 06 Jun 2024 21:02:49 GMT",
        "ETag": "0x8DC866BEB7A6474",
        "Last-Modified": "Thu, 06 Jun 2024 21:02:05 GMT",
        "request-id": "2a485a0a-62ce-48dd-91a3-9b4120c308c9",
        "Server": "Microsoft-HTTPAPI/2.0",
        "Strict-Transport-Security": "max-age=31536000; includeSubDomains",
        "Transfer-Encoding": "chunked",
        "X-Content-Type-Options": "nosniff"
      },
      "ResponseBody": {
        "odata.metadata": "https://sanjbatch.eastus.batch.azure.com/$metadata#pools/@Element",
        "id": "BatchUser-canCRUDLowPri-testPool",
        "url": "REDACTED",
        "eTag": "0x8DC866BEB7A6474",
        "lastModified": "2024-06-06T21:02:05.0057332Z",
        "creationTime": "2024-06-06T21:00:33.058452Z",
        "state": "deleting",
        "stateTransitionTime": "2024-06-06T21:02:05.0057332Z",
        "allocationState": "resizing",
        "allocationStateTransitionTime": "2024-06-06T21:02:10.4591676Z",
        "vmSize": "standard_d1_v2",
        "resizeTimeout": "PT7M9.497S",
        "currentDedicatedNodes": 2,
        "targetDedicatedNodes": 0,
        "currentLowPriorityNodes": 2,
        "targetLowPriorityNodes": 0,
        "enableAutoScale": false,
        "enableInterNodeCommunication": false,
        "certificateReferences": [],
        "taskSlotsPerNode": 1,
        "taskSchedulingPolicy": {
          "nodeFillType": "Spread"
        },
        "virtualMachineConfiguration": {
          "imageReference": {
            "publisher": "Canonical",
            "offer": "UbuntuServer",
            "sku": "18.04-LTS",
            "version": "latest"
          },
          "nodeAgentSKUId": "batch.node.ubuntu 18.04"
        },
        "networkConfiguration": {
          "subnetId": "/subscriptions/42d72928-df33-4f31-9f04-581177fca7d6/resourceGroups/sanjrg/providers/Microsoft.Network/virtualNetworks/sanjvnet/subnets/default",
          "dynamicVNetAssignmentScope": "none",
          "endpointConfiguration": {
            "inboundNATPools": [
              {
                "name": "testinbound",
                "protocol": "tcp",
                "backendPort": 5000,
                "frontendPortRangeStart": 60000,
                "frontendPortRangeEnd": 60040
              }
            ]
          },
          "enableAcceleratedNetworking": false
        },
        "targetNodeCommunicationMode": "classic",
        "currentNodeCommunicationMode": "classic"
      }
    },
    {
      "RequestUri": "https://REDACTED/pools/BatchUser-canCRUDLowPri-testPool?api-version=2024-02-01.19.0",
      "RequestMethod": "GET",
      "RequestHeaders": {
        "Accept": "application/json",
        "Authorization": "Sanitized",
        "client-request-id": "Sanitized",
        "Content-Length": "0",
        "Date": "Thu, 06 Jun 2024 21:03:00 GMT",
        "User-Agent": "azsdk-java-azure-compute-batch/1.0.0-beta.2 (17.0.9; Windows 11; 10.0)"
      },
      "RequestBody": null,
      "StatusCode": 200,
      "ResponseHeaders": {
        "Content-Type": "application/json; odata=minimalmetadata",
        "DataServiceVersion": "3.0",
        "Date": "Thu, 06 Jun 2024 21:03:04 GMT",
        "ETag": "0x8DC866BEB7A6474",
        "Last-Modified": "Thu, 06 Jun 2024 21:02:05 GMT",
        "request-id": "fc88a7c8-e64f-4dae-a7b6-09a9d25e1a02",
        "Server": "Microsoft-HTTPAPI/2.0",
        "Strict-Transport-Security": "max-age=31536000; includeSubDomains",
        "Transfer-Encoding": "chunked",
        "X-Content-Type-Options": "nosniff"
      },
      "ResponseBody": {
        "odata.metadata": "https://sanjbatch.eastus.batch.azure.com/$metadata#pools/@Element",
        "id": "BatchUser-canCRUDLowPri-testPool",
        "url": "REDACTED",
        "eTag": "0x8DC866BEB7A6474",
        "lastModified": "2024-06-06T21:02:05.0057332Z",
        "creationTime": "2024-06-06T21:00:33.058452Z",
        "state": "deleting",
        "stateTransitionTime": "2024-06-06T21:02:05.0057332Z",
        "allocationState": "resizing",
        "allocationStateTransitionTime": "2024-06-06T21:02:10.4591676Z",
        "vmSize": "standard_d1_v2",
        "resizeTimeout": "PT7M9.497S",
        "currentDedicatedNodes": 2,
        "targetDedicatedNodes": 0,
        "currentLowPriorityNodes": 2,
        "targetLowPriorityNodes": 0,
        "enableAutoScale": false,
        "enableInterNodeCommunication": false,
        "certificateReferences": [],
        "taskSlotsPerNode": 1,
        "taskSchedulingPolicy": {
          "nodeFillType": "Spread"
        },
        "virtualMachineConfiguration": {
          "imageReference": {
            "publisher": "Canonical",
            "offer": "UbuntuServer",
            "sku": "18.04-LTS",
            "version": "latest"
          },
          "nodeAgentSKUId": "batch.node.ubuntu 18.04"
        },
        "networkConfiguration": {
          "subnetId": "/subscriptions/42d72928-df33-4f31-9f04-581177fca7d6/resourceGroups/sanjrg/providers/Microsoft.Network/virtualNetworks/sanjvnet/subnets/default",
          "dynamicVNetAssignmentScope": "none",
          "endpointConfiguration": {
            "inboundNATPools": [
              {
                "name": "testinbound",
                "protocol": "tcp",
                "backendPort": 5000,
                "frontendPortRangeStart": 60000,
                "frontendPortRangeEnd": 60040
              }
            ]
          },
          "enableAcceleratedNetworking": false
        },
        "targetNodeCommunicationMode": "classic",
        "currentNodeCommunicationMode": "classic"
      }
    },
    {
      "RequestUri": "https://REDACTED/pools/BatchUser-canCRUDLowPri-testPool?api-version=2024-02-01.19.0",
      "RequestMethod": "GET",
      "RequestHeaders": {
        "Accept": "application/json",
        "Authorization": "Sanitized",
        "client-request-id": "Sanitized",
        "Content-Length": "0",
        "Date": "Thu, 06 Jun 2024 21:03:15 GMT",
        "User-Agent": "azsdk-java-azure-compute-batch/1.0.0-beta.2 (17.0.9; Windows 11; 10.0)"
      },
      "RequestBody": null,
      "StatusCode": 200,
      "ResponseHeaders": {
        "Content-Type": "application/json; odata=minimalmetadata",
        "DataServiceVersion": "3.0",
        "Date": "Thu, 06 Jun 2024 21:03:20 GMT",
        "ETag": "0x8DC866BEB7A6474",
        "Last-Modified": "Thu, 06 Jun 2024 21:02:05 GMT",
        "request-id": "87191b0c-ffd0-4054-8470-26d306866c9a",
        "Server": "Microsoft-HTTPAPI/2.0",
        "Strict-Transport-Security": "max-age=31536000; includeSubDomains",
        "Transfer-Encoding": "chunked",
        "X-Content-Type-Options": "nosniff"
      },
      "ResponseBody": {
        "odata.metadata": "https://sanjbatch.eastus.batch.azure.com/$metadata#pools/@Element",
        "id": "BatchUser-canCRUDLowPri-testPool",
        "url": "REDACTED",
        "eTag": "0x8DC866BEB7A6474",
        "lastModified": "2024-06-06T21:02:05.0057332Z",
        "creationTime": "2024-06-06T21:00:33.058452Z",
        "state": "deleting",
        "stateTransitionTime": "2024-06-06T21:02:05.0057332Z",
        "allocationState": "resizing",
        "allocationStateTransitionTime": "2024-06-06T21:02:10.4591676Z",
        "vmSize": "standard_d1_v2",
        "resizeTimeout": "PT7M9.497S",
        "currentDedicatedNodes": 2,
        "targetDedicatedNodes": 0,
        "currentLowPriorityNodes": 2,
        "targetLowPriorityNodes": 0,
        "enableAutoScale": false,
        "enableInterNodeCommunication": false,
        "certificateReferences": [],
        "taskSlotsPerNode": 1,
        "taskSchedulingPolicy": {
          "nodeFillType": "Spread"
        },
        "virtualMachineConfiguration": {
          "imageReference": {
            "publisher": "Canonical",
            "offer": "UbuntuServer",
            "sku": "18.04-LTS",
            "version": "latest"
          },
          "nodeAgentSKUId": "batch.node.ubuntu 18.04"
        },
        "networkConfiguration": {
          "subnetId": "/subscriptions/42d72928-df33-4f31-9f04-581177fca7d6/resourceGroups/sanjrg/providers/Microsoft.Network/virtualNetworks/sanjvnet/subnets/default",
          "dynamicVNetAssignmentScope": "none",
          "endpointConfiguration": {
            "inboundNATPools": [
              {
                "name": "testinbound",
                "protocol": "tcp",
                "backendPort": 5000,
                "frontendPortRangeStart": 60000,
                "frontendPortRangeEnd": 60040
              }
            ]
          },
          "enableAcceleratedNetworking": false
        },
        "targetNodeCommunicationMode": "classic",
        "currentNodeCommunicationMode": "classic"
      }
    },
    {
      "RequestUri": "https://REDACTED/pools/BatchUser-canCRUDLowPri-testPool?api-version=2024-02-01.19.0",
      "RequestMethod": "GET",
      "RequestHeaders": {
        "Accept": "application/json",
        "Authorization": "Sanitized",
        "client-request-id": "Sanitized",
        "Content-Length": "0",
        "Date": "Thu, 06 Jun 2024 21:03:30 GMT",
        "User-Agent": "azsdk-java-azure-compute-batch/1.0.0-beta.2 (17.0.9; Windows 11; 10.0)"
      },
      "RequestBody": null,
      "StatusCode": 200,
      "ResponseHeaders": {
        "Content-Type": "application/json; odata=minimalmetadata",
        "DataServiceVersion": "3.0",
        "Date": "Thu, 06 Jun 2024 21:03:35 GMT",
        "ETag": "0x8DC866BEB7A6474",
        "Last-Modified": "Thu, 06 Jun 2024 21:02:05 GMT",
        "request-id": "181ba066-666f-4fc9-806c-1328453e2787",
        "Server": "Microsoft-HTTPAPI/2.0",
        "Strict-Transport-Security": "max-age=31536000; includeSubDomains",
        "Transfer-Encoding": "chunked",
        "X-Content-Type-Options": "nosniff"
      },
      "ResponseBody": {
        "odata.metadata": "https://sanjbatch.eastus.batch.azure.com/$metadata#pools/@Element",
        "id": "BatchUser-canCRUDLowPri-testPool",
        "url": "REDACTED",
        "eTag": "0x8DC866BEB7A6474",
        "lastModified": "2024-06-06T21:02:05.0057332Z",
        "creationTime": "2024-06-06T21:00:33.058452Z",
        "state": "deleting",
        "stateTransitionTime": "2024-06-06T21:02:05.0057332Z",
        "allocationState": "resizing",
        "allocationStateTransitionTime": "2024-06-06T21:02:10.4591676Z",
        "vmSize": "standard_d1_v2",
        "resizeTimeout": "PT7M9.497S",
        "currentDedicatedNodes": 2,
        "targetDedicatedNodes": 0,
        "currentLowPriorityNodes": 2,
        "targetLowPriorityNodes": 0,
        "enableAutoScale": false,
        "enableInterNodeCommunication": false,
        "certificateReferences": [],
        "taskSlotsPerNode": 1,
        "taskSchedulingPolicy": {
          "nodeFillType": "Spread"
        },
        "virtualMachineConfiguration": {
          "imageReference": {
            "publisher": "Canonical",
            "offer": "UbuntuServer",
            "sku": "18.04-LTS",
            "version": "latest"
          },
          "nodeAgentSKUId": "batch.node.ubuntu 18.04"
        },
        "networkConfiguration": {
          "subnetId": "/subscriptions/42d72928-df33-4f31-9f04-581177fca7d6/resourceGroups/sanjrg/providers/Microsoft.Network/virtualNetworks/sanjvnet/subnets/default",
          "dynamicVNetAssignmentScope": "none",
          "endpointConfiguration": {
            "inboundNATPools": [
              {
                "name": "testinbound",
                "protocol": "tcp",
                "backendPort": 5000,
                "frontendPortRangeStart": 60000,
                "frontendPortRangeEnd": 60040
              }
            ]
          },
          "enableAcceleratedNetworking": false
        },
        "targetNodeCommunicationMode": "classic",
        "currentNodeCommunicationMode": "classic"
      }
    },
    {
      "RequestUri": "https://REDACTED/pools/BatchUser-canCRUDLowPri-testPool?api-version=2024-02-01.19.0",
      "RequestMethod": "GET",
      "RequestHeaders": {
        "Accept": "application/json",
        "Authorization": "Sanitized",
        "client-request-id": "Sanitized",
        "Content-Length": "0",
        "Date": "Thu, 06 Jun 2024 21:03:46 GMT",
        "User-Agent": "azsdk-java-azure-compute-batch/1.0.0-beta.2 (17.0.9; Windows 11; 10.0)"
      },
      "RequestBody": null,
      "StatusCode": 200,
      "ResponseHeaders": {
        "Content-Type": "application/json; odata=minimalmetadata",
        "DataServiceVersion": "3.0",
        "Date": "Thu, 06 Jun 2024 21:03:50 GMT",
        "ETag": "0x8DC866BEB7A6474",
        "Last-Modified": "Thu, 06 Jun 2024 21:02:05 GMT",
        "request-id": "8ffb4fd8-b73c-4186-a278-e910e9eb93b9",
        "Server": "Microsoft-HTTPAPI/2.0",
        "Strict-Transport-Security": "max-age=31536000; includeSubDomains",
        "Transfer-Encoding": "chunked",
        "X-Content-Type-Options": "nosniff"
      },
      "ResponseBody": {
        "odata.metadata": "https://sanjbatch.eastus.batch.azure.com/$metadata#pools/@Element",
        "id": "BatchUser-canCRUDLowPri-testPool",
        "url": "REDACTED",
        "eTag": "0x8DC866BEB7A6474",
        "lastModified": "2024-06-06T21:02:05.0057332Z",
        "creationTime": "2024-06-06T21:00:33.058452Z",
        "state": "deleting",
        "stateTransitionTime": "2024-06-06T21:02:05.0057332Z",
        "allocationState": "resizing",
        "allocationStateTransitionTime": "2024-06-06T21:02:10.4591676Z",
        "vmSize": "standard_d1_v2",
        "resizeTimeout": "PT7M9.497S",
        "currentDedicatedNodes": 2,
        "targetDedicatedNodes": 0,
        "currentLowPriorityNodes": 2,
        "targetLowPriorityNodes": 0,
        "enableAutoScale": false,
        "enableInterNodeCommunication": false,
        "certificateReferences": [],
        "taskSlotsPerNode": 1,
        "taskSchedulingPolicy": {
          "nodeFillType": "Spread"
        },
        "virtualMachineConfiguration": {
          "imageReference": {
            "publisher": "Canonical",
            "offer": "UbuntuServer",
            "sku": "18.04-LTS",
            "version": "latest"
          },
          "nodeAgentSKUId": "batch.node.ubuntu 18.04"
        },
        "networkConfiguration": {
          "subnetId": "/subscriptions/42d72928-df33-4f31-9f04-581177fca7d6/resourceGroups/sanjrg/providers/Microsoft.Network/virtualNetworks/sanjvnet/subnets/default",
          "dynamicVNetAssignmentScope": "none",
          "endpointConfiguration": {
            "inboundNATPools": [
              {
                "name": "testinbound",
                "protocol": "tcp",
                "backendPort": 5000,
                "frontendPortRangeStart": 60000,
                "frontendPortRangeEnd": 60040
              }
            ]
          },
          "enableAcceleratedNetworking": false
        },
        "targetNodeCommunicationMode": "classic",
        "currentNodeCommunicationMode": "classic"
      }
    },
    {
      "RequestUri": "https://REDACTED/pools/BatchUser-canCRUDLowPri-testPool?api-version=2024-02-01.19.0",
      "RequestMethod": "GET",
      "RequestHeaders": {
        "Accept": "application/json",
        "Authorization": "Sanitized",
        "client-request-id": "Sanitized",
        "Content-Length": "0",
        "Date": "Thu, 06 Jun 2024 21:04:01 GMT",
        "User-Agent": "azsdk-java-azure-compute-batch/1.0.0-beta.2 (17.0.9; Windows 11; 10.0)"
      },
      "RequestBody": null,
      "StatusCode": 200,
      "ResponseHeaders": {
        "Content-Type": "application/json; odata=minimalmetadata",
        "DataServiceVersion": "3.0",
        "Date": "Thu, 06 Jun 2024 21:04:05 GMT",
        "ETag": "0x8DC866BEB7A6474",
        "Last-Modified": "Thu, 06 Jun 2024 21:02:05 GMT",
        "request-id": "7fe70943-bd0c-4b14-8643-b58a1206edab",
        "Server": "Microsoft-HTTPAPI/2.0",
        "Strict-Transport-Security": "max-age=31536000; includeSubDomains",
        "Transfer-Encoding": "chunked",
        "X-Content-Type-Options": "nosniff"
      },
      "ResponseBody": {
        "odata.metadata": "https://sanjbatch.eastus.batch.azure.com/$metadata#pools/@Element",
        "id": "BatchUser-canCRUDLowPri-testPool",
        "url": "REDACTED",
        "eTag": "0x8DC866BEB7A6474",
        "lastModified": "2024-06-06T21:02:05.0057332Z",
        "creationTime": "2024-06-06T21:00:33.058452Z",
        "state": "deleting",
        "stateTransitionTime": "2024-06-06T21:02:05.0057332Z",
        "allocationState": "resizing",
        "allocationStateTransitionTime": "2024-06-06T21:02:10.4591676Z",
        "vmSize": "standard_d1_v2",
        "resizeTimeout": "PT7M9.497S",
        "currentDedicatedNodes": 2,
        "targetDedicatedNodes": 0,
        "currentLowPriorityNodes": 2,
        "targetLowPriorityNodes": 0,
        "enableAutoScale": false,
        "enableInterNodeCommunication": false,
        "certificateReferences": [],
        "taskSlotsPerNode": 1,
        "taskSchedulingPolicy": {
          "nodeFillType": "Spread"
        },
        "virtualMachineConfiguration": {
          "imageReference": {
            "publisher": "Canonical",
            "offer": "UbuntuServer",
            "sku": "18.04-LTS",
            "version": "latest"
          },
          "nodeAgentSKUId": "batch.node.ubuntu 18.04"
        },
        "networkConfiguration": {
          "subnetId": "/subscriptions/42d72928-df33-4f31-9f04-581177fca7d6/resourceGroups/sanjrg/providers/Microsoft.Network/virtualNetworks/sanjvnet/subnets/default",
          "dynamicVNetAssignmentScope": "none",
          "endpointConfiguration": {
            "inboundNATPools": [
              {
                "name": "testinbound",
                "protocol": "tcp",
                "backendPort": 5000,
                "frontendPortRangeStart": 60000,
                "frontendPortRangeEnd": 60040
              }
            ]
          },
          "enableAcceleratedNetworking": false
        },
        "targetNodeCommunicationMode": "classic",
        "currentNodeCommunicationMode": "classic"
      }
    },
    {
      "RequestUri": "https://REDACTED/pools/BatchUser-canCRUDLowPri-testPool?api-version=2024-02-01.19.0",
      "RequestMethod": "GET",
      "RequestHeaders": {
        "Accept": "application/json",
        "Authorization": "Sanitized",
        "client-request-id": "Sanitized",
        "Content-Length": "0",
        "Date": "Thu, 06 Jun 2024 21:04:16 GMT",
        "User-Agent": "azsdk-java-azure-compute-batch/1.0.0-beta.2 (17.0.9; Windows 11; 10.0)"
      },
      "RequestBody": null,
      "StatusCode": 200,
      "ResponseHeaders": {
        "Content-Type": "application/json; odata=minimalmetadata",
        "DataServiceVersion": "3.0",
        "Date": "Thu, 06 Jun 2024 21:04:20 GMT",
        "ETag": "0x8DC866BEB7A6474",
        "Last-Modified": "Thu, 06 Jun 2024 21:02:05 GMT",
        "request-id": "4356756c-ff94-4a50-8f05-64a5e727744b",
        "Server": "Microsoft-HTTPAPI/2.0",
        "Strict-Transport-Security": "max-age=31536000; includeSubDomains",
        "Transfer-Encoding": "chunked",
        "X-Content-Type-Options": "nosniff"
      },
      "ResponseBody": {
        "odata.metadata": "https://sanjbatch.eastus.batch.azure.com/$metadata#pools/@Element",
        "id": "BatchUser-canCRUDLowPri-testPool",
        "url": "REDACTED",
        "eTag": "0x8DC866BEB7A6474",
        "lastModified": "2024-06-06T21:02:05.0057332Z",
        "creationTime": "2024-06-06T21:00:33.058452Z",
        "state": "deleting",
        "stateTransitionTime": "2024-06-06T21:02:05.0057332Z",
        "allocationState": "resizing",
        "allocationStateTransitionTime": "2024-06-06T21:02:10.4591676Z",
        "vmSize": "standard_d1_v2",
        "resizeTimeout": "PT7M9.497S",
        "currentDedicatedNodes": 2,
        "targetDedicatedNodes": 0,
        "currentLowPriorityNodes": 2,
        "targetLowPriorityNodes": 0,
        "enableAutoScale": false,
        "enableInterNodeCommunication": false,
        "certificateReferences": [],
        "taskSlotsPerNode": 1,
        "taskSchedulingPolicy": {
          "nodeFillType": "Spread"
        },
        "virtualMachineConfiguration": {
          "imageReference": {
            "publisher": "Canonical",
            "offer": "UbuntuServer",
            "sku": "18.04-LTS",
            "version": "latest"
          },
          "nodeAgentSKUId": "batch.node.ubuntu 18.04"
        },
        "networkConfiguration": {
          "subnetId": "/subscriptions/42d72928-df33-4f31-9f04-581177fca7d6/resourceGroups/sanjrg/providers/Microsoft.Network/virtualNetworks/sanjvnet/subnets/default",
          "dynamicVNetAssignmentScope": "none",
          "endpointConfiguration": {
            "inboundNATPools": [
              {
                "name": "testinbound",
                "protocol": "tcp",
                "backendPort": 5000,
                "frontendPortRangeStart": 60000,
                "frontendPortRangeEnd": 60040
              }
            ]
          },
          "enableAcceleratedNetworking": false
        },
        "targetNodeCommunicationMode": "classic",
        "currentNodeCommunicationMode": "classic"
      }
    },
    {
      "RequestUri": "https://REDACTED/pools/BatchUser-canCRUDLowPri-testPool?api-version=2024-02-01.19.0",
      "RequestMethod": "GET",
      "RequestHeaders": {
        "Accept": "application/json",
        "Authorization": "Sanitized",
        "client-request-id": "Sanitized",
        "Content-Length": "0",
        "Date": "Thu, 06 Jun 2024 21:04:31 GMT",
        "User-Agent": "azsdk-java-azure-compute-batch/1.0.0-beta.2 (17.0.9; Windows 11; 10.0)"
      },
      "RequestBody": null,
      "StatusCode": 200,
      "ResponseHeaders": {
        "Content-Type": "application/json; odata=minimalmetadata",
        "DataServiceVersion": "3.0",
        "Date": "Thu, 06 Jun 2024 21:04:35 GMT",
        "ETag": "0x8DC866BEB7A6474",
        "Last-Modified": "Thu, 06 Jun 2024 21:02:05 GMT",
        "request-id": "ba815644-b3bb-42ea-ad0a-183afc843b7b",
        "Server": "Microsoft-HTTPAPI/2.0",
        "Strict-Transport-Security": "max-age=31536000; includeSubDomains",
        "Transfer-Encoding": "chunked",
        "X-Content-Type-Options": "nosniff"
      },
      "ResponseBody": {
        "odata.metadata": "https://sanjbatch.eastus.batch.azure.com/$metadata#pools/@Element",
        "id": "BatchUser-canCRUDLowPri-testPool",
        "url": "REDACTED",
        "eTag": "0x8DC866BEB7A6474",
        "lastModified": "2024-06-06T21:02:05.0057332Z",
        "creationTime": "2024-06-06T21:00:33.058452Z",
        "state": "deleting",
        "stateTransitionTime": "2024-06-06T21:02:05.0057332Z",
        "allocationState": "resizing",
        "allocationStateTransitionTime": "2024-06-06T21:02:10.4591676Z",
        "vmSize": "standard_d1_v2",
        "resizeTimeout": "PT7M9.497S",
        "currentDedicatedNodes": 2,
        "targetDedicatedNodes": 0,
        "currentLowPriorityNodes": 2,
        "targetLowPriorityNodes": 0,
        "enableAutoScale": false,
        "enableInterNodeCommunication": false,
        "certificateReferences": [],
        "taskSlotsPerNode": 1,
        "taskSchedulingPolicy": {
          "nodeFillType": "Spread"
        },
        "virtualMachineConfiguration": {
          "imageReference": {
            "publisher": "Canonical",
            "offer": "UbuntuServer",
            "sku": "18.04-LTS",
            "version": "latest"
          },
          "nodeAgentSKUId": "batch.node.ubuntu 18.04"
        },
        "networkConfiguration": {
          "subnetId": "/subscriptions/42d72928-df33-4f31-9f04-581177fca7d6/resourceGroups/sanjrg/providers/Microsoft.Network/virtualNetworks/sanjvnet/subnets/default",
          "dynamicVNetAssignmentScope": "none",
          "endpointConfiguration": {
            "inboundNATPools": [
              {
                "name": "testinbound",
                "protocol": "tcp",
                "backendPort": 5000,
                "frontendPortRangeStart": 60000,
                "frontendPortRangeEnd": 60040
              }
            ]
          },
          "enableAcceleratedNetworking": false
        },
        "targetNodeCommunicationMode": "classic",
        "currentNodeCommunicationMode": "classic"
      }
    },
    {
      "RequestUri": "https://REDACTED/pools/BatchUser-canCRUDLowPri-testPool?api-version=2024-02-01.19.0",
      "RequestMethod": "GET",
      "RequestHeaders": {
        "Accept": "application/json",
        "Authorization": "Sanitized",
        "client-request-id": "Sanitized",
        "Content-Length": "0",
        "Date": "Thu, 06 Jun 2024 21:04:46 GMT",
        "User-Agent": "azsdk-java-azure-compute-batch/1.0.0-beta.2 (17.0.9; Windows 11; 10.0)"
      },
      "RequestBody": null,
      "StatusCode": 200,
      "ResponseHeaders": {
        "Content-Type": "application/json; odata=minimalmetadata",
        "DataServiceVersion": "3.0",
        "Date": "Thu, 06 Jun 2024 21:04:51 GMT",
        "ETag": "0x8DC866BEB7A6474",
        "Last-Modified": "Thu, 06 Jun 2024 21:02:05 GMT",
        "request-id": "95a7bbe9-c58d-4845-b6bc-48806d4be264",
        "Server": "Microsoft-HTTPAPI/2.0",
        "Strict-Transport-Security": "max-age=31536000; includeSubDomains",
        "Transfer-Encoding": "chunked",
        "X-Content-Type-Options": "nosniff"
      },
      "ResponseBody": {
        "odata.metadata": "https://sanjbatch.eastus.batch.azure.com/$metadata#pools/@Element",
        "id": "BatchUser-canCRUDLowPri-testPool",
        "url": "REDACTED",
        "eTag": "0x8DC866BEB7A6474",
        "lastModified": "2024-06-06T21:02:05.0057332Z",
        "creationTime": "2024-06-06T21:00:33.058452Z",
        "state": "deleting",
        "stateTransitionTime": "2024-06-06T21:02:05.0057332Z",
        "allocationState": "resizing",
        "allocationStateTransitionTime": "2024-06-06T21:02:10.4591676Z",
        "vmSize": "standard_d1_v2",
        "resizeTimeout": "PT7M9.497S",
        "currentDedicatedNodes": 2,
        "targetDedicatedNodes": 0,
        "currentLowPriorityNodes": 0,
        "targetLowPriorityNodes": 0,
        "enableAutoScale": false,
        "enableInterNodeCommunication": false,
        "certificateReferences": [],
        "taskSlotsPerNode": 1,
        "taskSchedulingPolicy": {
          "nodeFillType": "Spread"
        },
        "virtualMachineConfiguration": {
          "imageReference": {
            "publisher": "Canonical",
            "offer": "UbuntuServer",
            "sku": "18.04-LTS",
            "version": "latest"
          },
          "nodeAgentSKUId": "batch.node.ubuntu 18.04"
        },
        "networkConfiguration": {
          "subnetId": "/subscriptions/42d72928-df33-4f31-9f04-581177fca7d6/resourceGroups/sanjrg/providers/Microsoft.Network/virtualNetworks/sanjvnet/subnets/default",
          "dynamicVNetAssignmentScope": "none",
          "endpointConfiguration": {
            "inboundNATPools": [
              {
                "name": "testinbound",
                "protocol": "tcp",
                "backendPort": 5000,
                "frontendPortRangeStart": 60000,
                "frontendPortRangeEnd": 60040
              }
            ]
          },
          "enableAcceleratedNetworking": false
        },
        "targetNodeCommunicationMode": "classic",
        "currentNodeCommunicationMode": "classic"
      }
    },
    {
      "RequestUri": "https://REDACTED/pools/BatchUser-canCRUDLowPri-testPool?api-version=2024-02-01.19.0",
      "RequestMethod": "GET",
      "RequestHeaders": {
        "Accept": "application/json",
        "Authorization": "Sanitized",
        "client-request-id": "Sanitized",
        "Content-Length": "0",
        "Date": "Thu, 06 Jun 2024 21:05:01 GMT",
        "User-Agent": "azsdk-java-azure-compute-batch/1.0.0-beta.2 (17.0.9; Windows 11; 10.0)"
      },
      "RequestBody": null,
      "StatusCode": 200,
      "ResponseHeaders": {
        "Content-Type": "application/json; odata=minimalmetadata",
        "DataServiceVersion": "3.0",
        "Date": "Thu, 06 Jun 2024 21:05:06 GMT",
        "ETag": "0x8DC866BEB7A6474",
        "Last-Modified": "Thu, 06 Jun 2024 21:02:05 GMT",
        "request-id": "51638598-3194-493d-a644-2ac8fc1ea094",
        "Server": "Microsoft-HTTPAPI/2.0",
        "Strict-Transport-Security": "max-age=31536000; includeSubDomains",
        "Transfer-Encoding": "chunked",
        "X-Content-Type-Options": "nosniff"
      },
      "ResponseBody": {
        "odata.metadata": "https://sanjbatch.eastus.batch.azure.com/$metadata#pools/@Element",
        "id": "BatchUser-canCRUDLowPri-testPool",
        "url": "REDACTED",
        "eTag": "0x8DC866BEB7A6474",
        "lastModified": "2024-06-06T21:02:05.0057332Z",
        "creationTime": "2024-06-06T21:00:33.058452Z",
        "state": "deleting",
        "stateTransitionTime": "2024-06-06T21:02:05.0057332Z",
        "allocationState": "resizing",
        "allocationStateTransitionTime": "2024-06-06T21:02:10.4591676Z",
        "vmSize": "standard_d1_v2",
        "resizeTimeout": "PT7M9.497S",
        "currentDedicatedNodes": 2,
        "targetDedicatedNodes": 0,
        "currentLowPriorityNodes": 0,
        "targetLowPriorityNodes": 0,
        "enableAutoScale": false,
        "enableInterNodeCommunication": false,
        "certificateReferences": [],
        "taskSlotsPerNode": 1,
        "taskSchedulingPolicy": {
          "nodeFillType": "Spread"
        },
        "virtualMachineConfiguration": {
          "imageReference": {
            "publisher": "Canonical",
            "offer": "UbuntuServer",
            "sku": "18.04-LTS",
            "version": "latest"
          },
          "nodeAgentSKUId": "batch.node.ubuntu 18.04"
        },
        "networkConfiguration": {
          "subnetId": "/subscriptions/42d72928-df33-4f31-9f04-581177fca7d6/resourceGroups/sanjrg/providers/Microsoft.Network/virtualNetworks/sanjvnet/subnets/default",
          "dynamicVNetAssignmentScope": "none",
          "endpointConfiguration": {
            "inboundNATPools": [
              {
                "name": "testinbound",
                "protocol": "tcp",
                "backendPort": 5000,
                "frontendPortRangeStart": 60000,
                "frontendPortRangeEnd": 60040
              }
            ]
          },
          "enableAcceleratedNetworking": false
        },
        "targetNodeCommunicationMode": "classic",
        "currentNodeCommunicationMode": "classic"
      }
    },
    {
      "RequestUri": "https://REDACTED/pools/BatchUser-canCRUDLowPri-testPool?api-version=2024-02-01.19.0",
      "RequestMethod": "GET",
      "RequestHeaders": {
        "Accept": "application/json",
        "Authorization": "Sanitized",
        "client-request-id": "Sanitized",
        "Content-Length": "0",
        "Date": "Thu, 06 Jun 2024 21:05:16 GMT",
        "User-Agent": "azsdk-java-azure-compute-batch/1.0.0-beta.2 (17.0.9; Windows 11; 10.0)"
      },
      "RequestBody": null,
      "StatusCode": 200,
      "ResponseHeaders": {
        "Content-Type": "application/json; odata=minimalmetadata",
        "DataServiceVersion": "3.0",
        "Date": "Thu, 06 Jun 2024 21:05:21 GMT",
        "ETag": "0x8DC866BEB7A6474",
        "Last-Modified": "Thu, 06 Jun 2024 21:02:05 GMT",
        "request-id": "2102045c-715b-4665-b4ec-53382af729d2",
        "Server": "Microsoft-HTTPAPI/2.0",
        "Strict-Transport-Security": "max-age=31536000; includeSubDomains",
        "Transfer-Encoding": "chunked",
        "X-Content-Type-Options": "nosniff"
      },
      "ResponseBody": {
        "odata.metadata": "https://sanjbatch.eastus.batch.azure.com/$metadata#pools/@Element",
        "id": "BatchUser-canCRUDLowPri-testPool",
        "url": "REDACTED",
        "eTag": "0x8DC866BEB7A6474",
        "lastModified": "2024-06-06T21:02:05.0057332Z",
        "creationTime": "2024-06-06T21:00:33.058452Z",
        "state": "deleting",
        "stateTransitionTime": "2024-06-06T21:02:05.0057332Z",
        "allocationState": "resizing",
        "allocationStateTransitionTime": "2024-06-06T21:02:10.4591676Z",
        "vmSize": "standard_d1_v2",
        "resizeTimeout": "PT7M9.497S",
        "currentDedicatedNodes": 2,
        "targetDedicatedNodes": 0,
        "currentLowPriorityNodes": 0,
        "targetLowPriorityNodes": 0,
        "enableAutoScale": false,
        "enableInterNodeCommunication": false,
        "certificateReferences": [],
        "taskSlotsPerNode": 1,
        "taskSchedulingPolicy": {
          "nodeFillType": "Spread"
        },
        "virtualMachineConfiguration": {
          "imageReference": {
            "publisher": "Canonical",
            "offer": "UbuntuServer",
            "sku": "18.04-LTS",
            "version": "latest"
          },
          "nodeAgentSKUId": "batch.node.ubuntu 18.04"
        },
        "networkConfiguration": {
          "subnetId": "/subscriptions/42d72928-df33-4f31-9f04-581177fca7d6/resourceGroups/sanjrg/providers/Microsoft.Network/virtualNetworks/sanjvnet/subnets/default",
          "dynamicVNetAssignmentScope": "none",
          "endpointConfiguration": {
            "inboundNATPools": [
              {
                "name": "testinbound",
                "protocol": "tcp",
                "backendPort": 5000,
                "frontendPortRangeStart": 60000,
                "frontendPortRangeEnd": 60040
              }
            ]
          },
          "enableAcceleratedNetworking": false
        },
        "targetNodeCommunicationMode": "classic",
        "currentNodeCommunicationMode": "classic"
      }
    },
    {
      "RequestUri": "https://REDACTED/pools/BatchUser-canCRUDLowPri-testPool?api-version=2024-02-01.19.0",
      "RequestMethod": "GET",
      "RequestHeaders": {
        "Accept": "application/json",
        "Authorization": "Sanitized",
        "client-request-id": "Sanitized",
        "Content-Length": "0",
        "Date": "Thu, 06 Jun 2024 21:05:31 GMT",
        "User-Agent": "azsdk-java-azure-compute-batch/1.0.0-beta.2 (17.0.9; Windows 11; 10.0)"
      },
      "RequestBody": null,
      "StatusCode": 200,
      "ResponseHeaders": {
        "Content-Type": "application/json; odata=minimalmetadata",
        "DataServiceVersion": "3.0",
        "Date": "Thu, 06 Jun 2024 21:05:35 GMT",
        "ETag": "0x8DC866BEB7A6474",
        "Last-Modified": "Thu, 06 Jun 2024 21:02:05 GMT",
        "request-id": "0a13330d-865a-47bc-860f-a9f02559c17f",
        "Server": "Microsoft-HTTPAPI/2.0",
        "Strict-Transport-Security": "max-age=31536000; includeSubDomains",
        "Transfer-Encoding": "chunked",
        "X-Content-Type-Options": "nosniff"
      },
      "ResponseBody": {
        "odata.metadata": "https://sanjbatch.eastus.batch.azure.com/$metadata#pools/@Element",
        "id": "BatchUser-canCRUDLowPri-testPool",
        "url": "REDACTED",
        "eTag": "0x8DC866BEB7A6474",
        "lastModified": "2024-06-06T21:02:05.0057332Z",
        "creationTime": "2024-06-06T21:00:33.058452Z",
        "state": "deleting",
        "stateTransitionTime": "2024-06-06T21:02:05.0057332Z",
        "allocationState": "resizing",
        "allocationStateTransitionTime": "2024-06-06T21:02:10.4591676Z",
        "vmSize": "standard_d1_v2",
        "resizeTimeout": "PT7M9.497S",
        "currentDedicatedNodes": 2,
        "targetDedicatedNodes": 0,
        "currentLowPriorityNodes": 0,
        "targetLowPriorityNodes": 0,
        "enableAutoScale": false,
        "enableInterNodeCommunication": false,
        "certificateReferences": [],
        "taskSlotsPerNode": 1,
        "taskSchedulingPolicy": {
          "nodeFillType": "Spread"
        },
        "virtualMachineConfiguration": {
          "imageReference": {
            "publisher": "Canonical",
            "offer": "UbuntuServer",
            "sku": "18.04-LTS",
            "version": "latest"
          },
          "nodeAgentSKUId": "batch.node.ubuntu 18.04"
        },
        "networkConfiguration": {
          "subnetId": "/subscriptions/42d72928-df33-4f31-9f04-581177fca7d6/resourceGroups/sanjrg/providers/Microsoft.Network/virtualNetworks/sanjvnet/subnets/default",
          "dynamicVNetAssignmentScope": "none",
          "endpointConfiguration": {
            "inboundNATPools": [
              {
                "name": "testinbound",
                "protocol": "tcp",
                "backendPort": 5000,
                "frontendPortRangeStart": 60000,
                "frontendPortRangeEnd": 60040
              }
            ]
          },
          "enableAcceleratedNetworking": false
        },
        "targetNodeCommunicationMode": "classic",
        "currentNodeCommunicationMode": "classic"
      }
    },
    {
      "RequestUri": "https://REDACTED/pools/BatchUser-canCRUDLowPri-testPool?api-version=2024-02-01.19.0",
      "RequestMethod": "GET",
      "RequestHeaders": {
        "Accept": "application/json",
        "Authorization": "Sanitized",
        "client-request-id": "Sanitized",
        "Content-Length": "0",
        "Date": "Thu, 06 Jun 2024 21:05:46 GMT",
        "User-Agent": "azsdk-java-azure-compute-batch/1.0.0-beta.2 (17.0.9; Windows 11; 10.0)"
      },
      "RequestBody": null,
      "StatusCode": 404,
      "ResponseHeaders": {
        "Content-Length": "330",
        "Content-Type": "application/json; odata=minimalmetadata",
        "DataServiceVersion": "3.0",
        "Date": "Thu, 06 Jun 2024 21:05:50 GMT",
        "request-id": "853a77c3-e33c-4878-bcb0-13860b706942",
        "Server": "Microsoft-HTTPAPI/2.0",
        "Strict-Transport-Security": "max-age=31536000; includeSubDomains",
        "X-Content-Type-Options": "nosniff"
      },
      "ResponseBody": {
        "odata.metadata": "https://sanjbatch.eastus.batch.azure.com/$metadata#Microsoft.Azure.Batch.Protocol.Entities.Container.errors/@Element",
        "code": "PoolNotFound",
        "message": {
          "lang": "en-US",
          "value": "The specified pool does not exist.\nRequestId:853a77c3-e33c-4878-bcb0-13860b706942\nTime:2024-06-06T21:05:51.7365522Z"
        }
      }
    },
    {
      "RequestUri": "https://REDACTED/pools/BatchUser-canCRUDLowPri-testPool?api-version=2024-02-01.19.0",
      "RequestMethod": "HEAD",
      "RequestHeaders": {
        "Accept": "application/json",
        "Authorization": "Sanitized",
        "client-request-id": "Sanitized",
        "Content-Length": "0",
        "Date": "Thu, 06 Jun 2024 21:05:46 GMT",
        "User-Agent": "azsdk-java-azure-compute-batch/1.0.0-beta.2 (17.0.9; Windows 11; 10.0)"
      },
      "RequestBody": null,
      "StatusCode": 404,
      "ResponseHeaders": {
        "DataServiceVersion": "3.0",
        "Date": "Thu, 06 Jun 2024 21:05:50 GMT",
        "request-id": "cef597d4-8129-455d-a2d6-3e9da514a137",
        "Server": "Microsoft-HTTPAPI/2.0",
        "Strict-Transport-Security": "max-age=31536000; includeSubDomains",
        "Transfer-Encoding": "chunked",
        "X-Content-Type-Options": "nosniff"
      },
      "ResponseBody": null
    }
  ],
  "Variables": {}
}
