{
  "Entries": [
    {
      "RequestUri": "https://REDACTED/pools/BatchUser-testpool?api-version=2024-07-01.20.0",
      "RequestMethod": "HEAD",
      "RequestHeaders": {
        "Accept": "application/json",
        "Authorization": "Sanitized",
        "client-request-id": "Sanitized",
        "Content-Length": "0",
        "Date": "Wed, 30 Oct 2024 01:23:13 GMT",
        "User-Agent": "azsdk-java-azure-compute-batch/1.0.0-beta.3 (17.0.9; Windows 11; 10.0)"
      },
      "RequestBody": null,
      "StatusCode": 200,
      "ResponseHeaders": {
        "DataServiceVersion": "3.0",
        "Date": "Wed, 30 Oct 2024 01:23:18 GMT",
        "ETag": "0x8DCF22EC2457DB1",
        "Last-Modified": "Tue, 22 Oct 2024 00:16:22 GMT",
        "request-id": "1340ce1b-ebbf-427b-86fe-167604a2a09f",
        "Server": "Microsoft-HTTPAPI/2.0",
        "Strict-Transport-Security": "max-age=31536000; includeSubDomains",
        "Transfer-Encoding": "chunked",
        "X-Content-Type-Options": "nosniff"
      },
      "ResponseBody": null
    },
    {
      "RequestUri": "https://REDACTED/pools/BatchUser-testpool?api-version=2024-07-01.20.0",
      "RequestMethod": "GET",
      "RequestHeaders": {
        "Accept": "application/json",
        "Authorization": "Sanitized",
        "client-request-id": "Sanitized",
        "Content-Length": "0",
        "Date": "Wed, 30 Oct 2024 01:23:14 GMT",
        "User-Agent": "azsdk-java-azure-compute-batch/1.0.0-beta.3 (17.0.9; Windows 11; 10.0)"
      },
      "RequestBody": null,
      "StatusCode": 200,
      "ResponseHeaders": {
        "Content-Type": "application/json; odata=minimalmetadata",
        "DataServiceVersion": "3.0",
        "Date": "Wed, 30 Oct 2024 01:23:18 GMT",
        "ETag": "0x8DCF22EC2457DB1",
        "Last-Modified": "Tue, 22 Oct 2024 00:16:22 GMT",
        "request-id": "bc27a1f2-14d1-4ec9-af8f-a8ac608890a2",
        "Server": "Microsoft-HTTPAPI/2.0",
        "Strict-Transport-Security": "max-age=31536000; includeSubDomains",
        "Transfer-Encoding": "chunked",
        "X-Content-Type-Options": "nosniff"
      },
      "ResponseBody": {
        "odata.metadata": "https://sanjsdkbatch.eastus.batch.azure.com/$metadata#pools/@Element",
        "id": "BatchUser-testpool",
        "url": "REDACTED",
        "eTag": "0x8DCF22EC2457DB1",
        "lastModified": "2024-10-22T00:16:22.1519281Z",
        "creationTime": "2024-10-22T00:16:22.1519268Z",
        "state": "active",
        "stateTransitionTime": "2024-10-22T00:16:22.1519268Z",
        "allocationState": "steady",
        "allocationStateTransitionTime": "2024-10-22T00:16:58.8369965Z",
        "vmSize": "standard_d1_v2",
        "resizeTimeout": "PT15M",
        "currentDedicatedNodes": 1,
        "targetDedicatedNodes": 1,
        "currentLowPriorityNodes": 0,
        "targetLowPriorityNodes": 0,
        "enableAutoScale": false,
        "enableInterNodeCommunication": false,
        "userAccounts": [
          {
            "name": "test-user",
            "elevationLevel": "admin",
            "linuxUserConfiguration": {
              "uid": 5,
              "gid": 5
            }
          }
        ],
        "certificateReferences": [],
        "taskSlotsPerNode": 1,
        "taskSchedulingPolicy": {
          "nodeFillType": "Spread"
        },
        "virtualMachineConfiguration": {
          "imageReference": {
            "publisher": "Canonical",
            "offer": "UbuntuServer",
            "sku": "18.04-LTS",
            "version": "latest"
          },
          "nodeAgentSKUId": "batch.node.ubuntu 18.04"
        },
        "networkConfiguration": {
          "subnetId": "/subscriptions/b5df12db-974a-4202-a3dd-6793e3bf4128/resourceGroups/sanjsdkrg/providers/Microsoft.Network/virtualNetworks/sanjsdkvnet/subnets/default",
          "dynamicVNetAssignmentScope": "none",
          "enableAcceleratedNetworking": false
        },
        "currentNodeCommunicationMode": "classic"
      }
    },
    {
      "RequestUri": "https://REDACTED/pools/BatchUser-testIaaSpool?api-version=2024-07-01.20.0",
      "RequestMethod": "HEAD",
      "RequestHeaders": {
        "Accept": "application/json",
        "Authorization": "Sanitized",
        "client-request-id": "Sanitized",
        "Content-Length": "0",
        "Date": "Wed, 30 Oct 2024 01:23:14 GMT",
        "User-Agent": "azsdk-java-azure-compute-batch/1.0.0-beta.3 (17.0.9; Windows 11; 10.0)"
      },
      "RequestBody": null,
      "StatusCode": 200,
      "ResponseHeaders": {
        "DataServiceVersion": "3.0",
        "Date": "Wed, 30 Oct 2024 01:23:18 GMT",
        "ETag": "0x8DCF8816D66B307",
        "Last-Modified": "Wed, 30 Oct 2024 01:23:14 GMT",
        "request-id": "3c16a738-d0c1-4260-b604-ce826dd6ea1f",
        "Server": "Microsoft-HTTPAPI/2.0",
        "Strict-Transport-Security": "max-age=31536000; includeSubDomains",
        "Transfer-Encoding": "chunked",
        "X-Content-Type-Options": "nosniff"
      },
      "ResponseBody": null
    },
    {
      "RequestUri": "https://REDACTED/pools/BatchUser-testIaaSpool?api-version=2024-07-01.20.0",
      "RequestMethod": "GET",
      "RequestHeaders": {
        "Accept": "application/json",
        "Authorization": "Sanitized",
        "client-request-id": "Sanitized",
        "Content-Length": "0",
        "Date": "Wed, 30 Oct 2024 01:23:14 GMT",
        "User-Agent": "azsdk-java-azure-compute-batch/1.0.0-beta.3 (17.0.9; Windows 11; 10.0)"
      },
      "RequestBody": null,
      "StatusCode": 200,
      "ResponseHeaders": {
        "Content-Type": "application/json; odata=minimalmetadata",
        "DataServiceVersion": "3.0",
        "Date": "Wed, 30 Oct 2024 01:23:18 GMT",
        "ETag": "0x8DCF8816D66B307",
        "Last-Modified": "Wed, 30 Oct 2024 01:23:14 GMT",
        "request-id": "ea1e7b06-6174-4cdb-b5cb-75314852ea6b",
        "Server": "Microsoft-HTTPAPI/2.0",
        "Strict-Transport-Security": "max-age=31536000; includeSubDomains",
        "Transfer-Encoding": "chunked",
        "X-Content-Type-Options": "nosniff"
      },
      "ResponseBody": {
        "odata.metadata": "https://sanjsdkbatch.eastus.batch.azure.com/$metadata#pools/@Element",
        "id": "BatchUser-testIaaSpool",
        "url": "REDACTED",
        "eTag": "0x8DCF8816D66B307",
        "lastModified": "2024-10-30T01:23:14.9684487Z",
        "creationTime": "2024-10-30T01:23:14.9684473Z",
        "state": "active",
        "stateTransitionTime": "2024-10-30T01:23:14.9684473Z",
        "allocationState": "resizing",
        "allocationStateTransitionTime": "2024-10-30T01:23:14.9684488Z",
        "vmSize": "standard_d1_v2",
        "resizeTimeout": "PT15M",
        "currentDedicatedNodes": 0,
        "targetDedicatedNodes": 1,
        "currentLowPriorityNodes": 0,
        "targetLowPriorityNodes": 0,
        "enableAutoScale": false,
        "enableInterNodeCommunication": false,
        "userAccounts": [
          {
            "name": "test-user",
            "elevationLevel": "admin",
            "linuxUserConfiguration": {
              "uid": 5,
              "gid": 5
            }
          }
        ],
        "certificateReferences": [],
        "taskSlotsPerNode": 1,
        "taskSchedulingPolicy": {
          "nodeFillType": "Spread"
        },
        "virtualMachineConfiguration": {
          "imageReference": {
            "publisher": "Canonical",
            "offer": "UbuntuServer",
            "sku": "18.04-LTS",
            "version": "latest"
          },
          "nodeAgentSKUId": "batch.node.ubuntu 18.04"
        },
        "networkConfiguration": {
          "subnetId": "/subscriptions/b5df12db-974a-4202-a3dd-6793e3bf4128/resourceGroups/sanjsdkrg/providers/Microsoft.Network/virtualNetworks/sanjsdkvnet/subnets/default",
          "dynamicVNetAssignmentScope": "none",
          "enableAcceleratedNetworking": false
        }
      }
    },
    {
      "RequestUri": "https://REDACTED/pools/BatchUser-testIaaSpool?api-version=2024-07-01.20.0",
      "RequestMethod": "GET",
      "RequestHeaders": {
        "Accept": "application/json",
        "Authorization": "Sanitized",
        "client-request-id": "Sanitized",
        "Content-Length": "0",
        "Date": "Wed, 30 Oct 2024 01:23:44 GMT",
        "User-Agent": "azsdk-java-azure-compute-batch/1.0.0-beta.3 (17.0.9; Windows 11; 10.0)"
      },
      "RequestBody": null,
      "StatusCode": 200,
      "ResponseHeaders": {
        "Content-Type": "application/json; odata=minimalmetadata",
        "DataServiceVersion": "3.0",
        "Date": "Wed, 30 Oct 2024 01:23:49 GMT",
        "ETag": "0x8DCF8816D66B307",
        "Last-Modified": "Wed, 30 Oct 2024 01:23:14 GMT",
        "request-id": "2ebbdfab-8b69-4274-a14f-e1ebf3034ca4",
        "Server": "Microsoft-HTTPAPI/2.0",
        "Strict-Transport-Security": "max-age=31536000; includeSubDomains",
        "Transfer-Encoding": "chunked",
        "X-Content-Type-Options": "nosniff"
      },
      "ResponseBody": {
        "odata.metadata": "https://sanjsdkbatch.eastus.batch.azure.com/$metadata#pools/@Element",
        "id": "BatchUser-testIaaSpool",
        "url": "REDACTED",
        "eTag": "0x8DCF8816D66B307",
        "lastModified": "2024-10-30T01:23:14.9684487Z",
        "creationTime": "2024-10-30T01:23:14.9684473Z",
        "state": "active",
        "stateTransitionTime": "2024-10-30T01:23:14.9684473Z",
        "allocationState": "resizing",
        "allocationStateTransitionTime": "2024-10-30T01:23:14.9684488Z",
        "vmSize": "standard_d1_v2",
        "resizeTimeout": "PT15M",
        "currentDedicatedNodes": 0,
        "targetDedicatedNodes": 1,
        "currentLowPriorityNodes": 0,
        "targetLowPriorityNodes": 0,
        "enableAutoScale": false,
        "enableInterNodeCommunication": false,
        "userAccounts": [
          {
            "name": "test-user",
            "elevationLevel": "admin",
            "linuxUserConfiguration": {
              "uid": 5,
              "gid": 5
            }
          }
        ],
        "certificateReferences": [],
        "taskSlotsPerNode": 1,
        "taskSchedulingPolicy": {
          "nodeFillType": "Spread"
        },
        "virtualMachineConfiguration": {
          "imageReference": {
            "publisher": "Canonical",
            "offer": "UbuntuServer",
            "sku": "18.04-LTS",
            "version": "latest"
          },
          "nodeAgentSKUId": "batch.node.ubuntu 18.04"
        },
        "networkConfiguration": {
          "subnetId": "/subscriptions/b5df12db-974a-4202-a3dd-6793e3bf4128/resourceGroups/sanjsdkrg/providers/Microsoft.Network/virtualNetworks/sanjsdkvnet/subnets/default",
          "dynamicVNetAssignmentScope": "none",
          "enableAcceleratedNetworking": false
        }
      }
    },
    {
      "RequestUri": "https://REDACTED/pools/BatchUser-testIaaSpool?api-version=2024-07-01.20.0",
      "RequestMethod": "GET",
      "RequestHeaders": {
        "Accept": "application/json",
        "Authorization": "Sanitized",
        "client-request-id": "Sanitized",
        "Content-Length": "0",
        "Date": "Wed, 30 Oct 2024 01:24:15 GMT",
        "User-Agent": "azsdk-java-azure-compute-batch/1.0.0-beta.3 (17.0.9; Windows 11; 10.0)"
      },
      "RequestBody": null,
      "StatusCode": 200,
      "ResponseHeaders": {
        "Content-Type": "application/json; odata=minimalmetadata",
        "DataServiceVersion": "3.0",
        "Date": "Wed, 30 Oct 2024 01:24:19 GMT",
        "ETag": "0x8DCF88193735C87",
        "Last-Modified": "Wed, 30 Oct 2024 01:24:18 GMT",
        "request-id": "30928848-f29a-4802-943e-8943cb5a1cda",
        "Server": "Microsoft-HTTPAPI/2.0",
        "Strict-Transport-Security": "max-age=31536000; includeSubDomains",
        "Transfer-Encoding": "chunked",
        "X-Content-Type-Options": "nosniff"
      },
      "ResponseBody": {
        "odata.metadata": "https://sanjsdkbatch.eastus.batch.azure.com/$metadata#pools/@Element",
        "id": "BatchUser-testIaaSpool",
        "url": "REDACTED",
        "eTag": "0x8DCF88193735C87",
        "lastModified": "2024-10-30T01:24:18.8048519Z",
        "creationTime": "2024-10-30T01:23:14.9684473Z",
        "state": "deleting",
        "stateTransitionTime": "2024-10-30T01:24:18.8048519Z",
        "allocationState": "resizing",
        "allocationStateTransitionTime": "2024-10-30T01:24:18.8192756Z",
        "vmSize": "standard_d1_v2",
        "resizeTimeout": "PT7M9.497S",
        "currentDedicatedNodes": 1,
        "targetDedicatedNodes": 0,
        "currentLowPriorityNodes": 0,
        "targetLowPriorityNodes": 0,
        "enableAutoScale": false,
        "enableInterNodeCommunication": false,
        "userAccounts": [
          {
            "name": "test-user",
            "elevationLevel": "admin",
            "linuxUserConfiguration": {
              "uid": 5,
              "gid": 5
            }
          }
        ],
        "certificateReferences": [],
        "taskSlotsPerNode": 1,
        "taskSchedulingPolicy": {
          "nodeFillType": "Spread"
        },
        "virtualMachineConfiguration": {
          "imageReference": {
            "publisher": "Canonical",
            "offer": "UbuntuServer",
            "sku": "18.04-LTS",
            "version": "latest"
          },
          "nodeAgentSKUId": "batch.node.ubuntu 18.04"
        },
        "networkConfiguration": {
          "subnetId": "/subscriptions/b5df12db-974a-4202-a3dd-6793e3bf4128/resourceGroups/sanjsdkrg/providers/Microsoft.Network/virtualNetworks/sanjsdkvnet/subnets/default",
          "dynamicVNetAssignmentScope": "none",
          "enableAcceleratedNetworking": false
        },
        "currentNodeCommunicationMode": "classic"
      }
    },
    {
      "RequestUri": "https://REDACTED/pools/BatchUser-testIaaSpool?api-version=2024-07-01.20.0",
      "RequestMethod": "GET",
      "RequestHeaders": {
        "Accept": "application/json",
        "Authorization": "Sanitized",
        "client-request-id": "Sanitized",
        "Content-Length": "0",
        "Date": "Wed, 30 Oct 2024 01:24:45 GMT",
        "User-Agent": "azsdk-java-azure-compute-batch/1.0.0-beta.3 (17.0.9; Windows 11; 10.0)"
      },
      "RequestBody": null,
      "StatusCode": 200,
      "ResponseHeaders": {
        "Content-Type": "application/json; odata=minimalmetadata",
        "DataServiceVersion": "3.0",
        "Date": "Wed, 30 Oct 2024 01:24:49 GMT",
        "ETag": "0x8DCF88193735C87",
        "Last-Modified": "Wed, 30 Oct 2024 01:24:18 GMT",
        "request-id": "4260dddf-d864-42cf-a6bc-e3acc8b115f0",
        "Server": "Microsoft-HTTPAPI/2.0",
        "Strict-Transport-Security": "max-age=31536000; includeSubDomains",
        "Transfer-Encoding": "chunked",
        "X-Content-Type-Options": "nosniff"
      },
      "ResponseBody": {
        "odata.metadata": "https://sanjsdkbatch.eastus.batch.azure.com/$metadata#pools/@Element",
        "id": "BatchUser-testIaaSpool",
        "url": "REDACTED",
        "eTag": "0x8DCF88193735C87",
        "lastModified": "2024-10-30T01:24:18.8048519Z",
        "creationTime": "2024-10-30T01:23:14.9684473Z",
        "state": "deleting",
        "stateTransitionTime": "2024-10-30T01:24:18.8048519Z",
        "allocationState": "resizing",
        "allocationStateTransitionTime": "2024-10-30T01:24:18.8192756Z",
        "vmSize": "standard_d1_v2",
        "resizeTimeout": "PT7M9.497S",
        "currentDedicatedNodes": 1,
        "targetDedicatedNodes": 0,
        "currentLowPriorityNodes": 0,
        "targetLowPriorityNodes": 0,
        "enableAutoScale": false,
        "enableInterNodeCommunication": false,
        "userAccounts": [
          {
            "name": "test-user",
            "elevationLevel": "admin",
            "linuxUserConfiguration": {
              "uid": 5,
              "gid": 5
            }
          }
        ],
        "certificateReferences": [],
        "taskSlotsPerNode": 1,
        "taskSchedulingPolicy": {
          "nodeFillType": "Spread"
        },
        "virtualMachineConfiguration": {
          "imageReference": {
            "publisher": "Canonical",
            "offer": "UbuntuServer",
            "sku": "18.04-LTS",
            "version": "latest"
          },
          "nodeAgentSKUId": "batch.node.ubuntu 18.04"
        },
        "networkConfiguration": {
          "subnetId": "/subscriptions/b5df12db-974a-4202-a3dd-6793e3bf4128/resourceGroups/sanjsdkrg/providers/Microsoft.Network/virtualNetworks/sanjsdkvnet/subnets/default",
          "dynamicVNetAssignmentScope": "none",
          "enableAcceleratedNetworking": false
        },
        "currentNodeCommunicationMode": "classic"
      }
    },
    {
      "RequestUri": "https://REDACTED/pools/BatchUser-testIaaSpool?api-version=2024-07-01.20.0",
      "RequestMethod": "GET",
      "RequestHeaders": {
        "Accept": "application/json",
        "Authorization": "Sanitized",
        "client-request-id": "Sanitized",
        "Content-Length": "0",
        "Date": "Wed, 30 Oct 2024 01:25:15 GMT",
        "User-Agent": "azsdk-java-azure-compute-batch/1.0.0-beta.3 (17.0.9; Windows 11; 10.0)"
      },
      "RequestBody": null,
      "StatusCode": 200,
      "ResponseHeaders": {
        "Content-Type": "application/json; odata=minimalmetadata",
        "DataServiceVersion": "3.0",
        "Date": "Wed, 30 Oct 2024 01:25:19 GMT",
        "ETag": "0x8DCF88193735C87",
        "Last-Modified": "Wed, 30 Oct 2024 01:24:18 GMT",
        "request-id": "2b341c69-b1ff-413a-a382-a9ec1af9fead",
        "Server": "Microsoft-HTTPAPI/2.0",
        "Strict-Transport-Security": "max-age=31536000; includeSubDomains",
        "Transfer-Encoding": "chunked",
        "X-Content-Type-Options": "nosniff"
      },
      "ResponseBody": {
        "odata.metadata": "https://sanjsdkbatch.eastus.batch.azure.com/$metadata#pools/@Element",
        "id": "BatchUser-testIaaSpool",
        "url": "REDACTED",
        "eTag": "0x8DCF88193735C87",
        "lastModified": "2024-10-30T01:24:18.8048519Z",
        "creationTime": "2024-10-30T01:23:14.9684473Z",
        "state": "deleting",
        "stateTransitionTime": "2024-10-30T01:24:18.8048519Z",
        "allocationState": "resizing",
        "allocationStateTransitionTime": "2024-10-30T01:24:18.8192756Z",
        "vmSize": "standard_d1_v2",
        "resizeTimeout": "PT7M9.497S",
        "currentDedicatedNodes": 1,
        "targetDedicatedNodes": 0,
        "currentLowPriorityNodes": 0,
        "targetLowPriorityNodes": 0,
        "enableAutoScale": false,
        "enableInterNodeCommunication": false,
        "userAccounts": [
          {
            "name": "test-user",
            "elevationLevel": "admin",
            "linuxUserConfiguration": {
              "uid": 5,
              "gid": 5
            }
          }
        ],
        "certificateReferences": [],
        "taskSlotsPerNode": 1,
        "taskSchedulingPolicy": {
          "nodeFillType": "Spread"
        },
        "virtualMachineConfiguration": {
          "imageReference": {
            "publisher": "Canonical",
            "offer": "UbuntuServer",
            "sku": "18.04-LTS",
            "version": "latest"
          },
          "nodeAgentSKUId": "batch.node.ubuntu 18.04"
        },
        "networkConfiguration": {
          "subnetId": "/subscriptions/b5df12db-974a-4202-a3dd-6793e3bf4128/resourceGroups/sanjsdkrg/providers/Microsoft.Network/virtualNetworks/sanjsdkvnet/subnets/default",
          "dynamicVNetAssignmentScope": "none",
          "enableAcceleratedNetworking": false
        },
        "currentNodeCommunicationMode": "classic"
      }
    },
    {
      "RequestUri": "https://REDACTED/pools/BatchUser-testIaaSpool?api-version=2024-07-01.20.0",
      "RequestMethod": "GET",
      "RequestHeaders": {
        "Accept": "application/json",
        "Authorization": "Sanitized",
        "client-request-id": "Sanitized",
        "Content-Length": "0",
        "Date": "Wed, 30 Oct 2024 01:25:45 GMT",
        "User-Agent": "azsdk-java-azure-compute-batch/1.0.0-beta.3 (17.0.9; Windows 11; 10.0)"
      },
      "RequestBody": null,
      "StatusCode": 404,
      "ResponseHeaders": {
        "Content-Length": "333",
        "Content-Type": "application/json; odata=minimalmetadata",
        "DataServiceVersion": "3.0",
        "Date": "Wed, 30 Oct 2024 01:25:50 GMT",
        "request-id": "68ad9719-1907-4e13-ad62-65731065aac4",
        "Server": "Microsoft-HTTPAPI/2.0",
        "Strict-Transport-Security": "max-age=31536000; includeSubDomains",
        "X-Content-Type-Options": "nosniff"
      },
      "ResponseBody": {
        "odata.metadata": "https://sanjsdkbatch.eastus.batch.azure.com/$metadata#Microsoft.Azure.Batch.Protocol.Entities.Container.errors/@Element",
        "code": "PoolNotFound",
        "message": {
          "lang": "en-US",
          "value": "The specified pool does not exist.\nRequestId:68ad9719-1907-4e13-ad62-65731065aac4\nTime:2024-10-30T01:25:50.1998511Z"
        }
      }
    }
  ],
  "Variables": {}
}
