{
  "Entries": [
    {
      "RequestUri": "https://REDACTED/pools/BatchUser-testpool?api-version=2024-02-01.19.0",
      "RequestMethod": "HEAD",
      "RequestHeaders": {
        "Accept": "application/json",
        "Authorization": "Sanitized",
        "client-request-id": "Sanitized",
        "Content-Length": "0",
        "Date": "Thu, 06 Jun 2024 22:11:26 GMT",
        "User-Agent": "azsdk-java-azure-compute-batch/1.0.0-beta.2 (17.0.9; Windows 11; 10.0)"
      },
      "RequestBody": null,
      "StatusCode": 200,
      "ResponseHeaders": {
        "DataServiceVersion": "3.0",
        "Date": "Thu, 06 Jun 2024 22:11:32 GMT",
        "ETag": "0x8DC4EE4E4A30236",
        "Last-Modified": "Thu, 28 Mar 2024 05:06:57 GMT",
        "request-id": "a2ea87a5-0382-4478-aece-d0f0e507051e",
        "Server": "Microsoft-HTTPAPI/2.0",
        "Strict-Transport-Security": "max-age=31536000; includeSubDomains",
        "Transfer-Encoding": "chunked",
        "X-Content-Type-Options": "nosniff"
      },
      "ResponseBody": null
    },
    {
      "RequestUri": "https://REDACTED/pools/BatchUser-testpool?api-version=2024-02-01.19.0",
      "RequestMethod": "GET",
      "RequestHeaders": {
        "Accept": "application/json",
        "Authorization": "Sanitized",
        "client-request-id": "Sanitized",
        "Content-Length": "0",
        "Date": "Thu, 06 Jun 2024 22:11:27 GMT",
        "User-Agent": "azsdk-java-azure-compute-batch/1.0.0-beta.2 (17.0.9; Windows 11; 10.0)"
      },
      "RequestBody": null,
      "StatusCode": 200,
      "ResponseHeaders": {
        "Content-Type": "application/json; odata=minimalmetadata",
        "DataServiceVersion": "3.0",
        "Date": "Thu, 06 Jun 2024 22:11:32 GMT",
        "ETag": "0x8DC4EE4E4A30236",
        "Last-Modified": "Thu, 28 Mar 2024 05:06:57 GMT",
        "request-id": "54606666-ae62-450d-8984-b74d41baa159",
        "Server": "Microsoft-HTTPAPI/2.0",
        "Strict-Transport-Security": "max-age=31536000; includeSubDomains",
        "Transfer-Encoding": "chunked",
        "X-Content-Type-Options": "nosniff"
      },
      "ResponseBody": {
        "odata.metadata": "https://sanjbatch.eastus.batch.azure.com/$metadata#pools/@Element",
        "id": "BatchUser-testpool",
        "url": "REDACTED",
        "eTag": "0x8DC4EE4E4A30236",
        "lastModified": "2024-03-28T05:06:57.5166006Z",
        "creationTime": "2024-03-28T05:06:57.5165994Z",
        "state": "active",
        "stateTransitionTime": "2024-03-28T05:06:57.5165994Z",
        "allocationState": "steady",
        "allocationStateTransitionTime": "2024-03-28T05:09:13.50471Z",
        "vmSize": "standard_d1_v2",
        "resizeTimeout": "PT15M",
        "currentDedicatedNodes": 1,
        "targetDedicatedNodes": 1,
        "currentLowPriorityNodes": 0,
        "targetLowPriorityNodes": 0,
        "enableAutoScale": false,
        "enableInterNodeCommunication": false,
        "userAccounts": [
          {
            "name": "test-user",
            "elevationLevel": "admin",
            "linuxUserConfiguration": {
              "uid": 5,
              "gid": 5
            }
          }
        ],
        "taskSlotsPerNode": 1,
        "taskSchedulingPolicy": {
          "nodeFillType": "Spread"
        },
        "virtualMachineConfiguration": {
          "imageReference": {
            "publisher": "Canonical",
            "offer": "UbuntuServer",
            "sku": "18.04-LTS",
            "version": "latest"
          },
          "nodeAgentSKUId": "batch.node.ubuntu 18.04"
        },
        "networkConfiguration": {
          "subnetId": "/subscriptions/42d72928-df33-4f31-9f04-581177fca7d6/resourceGroups/sanjrg/providers/Microsoft.Network/virtualNetworks/sanjvnet/subnets/default",
          "dynamicVNetAssignmentScope": "none",
          "enableAcceleratedNetworking": false
        },
        "currentNodeCommunicationMode": "classic"
      }
    },
    {
      "RequestUri": "https://REDACTED/pools/BatchUser-testIaaSpool?api-version=2024-02-01.19.0",
      "RequestMethod": "HEAD",
      "RequestHeaders": {
        "Accept": "application/json",
        "Authorization": "Sanitized",
        "client-request-id": "Sanitized",
        "Content-Length": "0",
        "Date": "Thu, 06 Jun 2024 22:11:28 GMT",
        "User-Agent": "azsdk-java-azure-compute-batch/1.0.0-beta.2 (17.0.9; Windows 11; 10.0)"
      },
      "RequestBody": null,
      "StatusCode": 404,
      "ResponseHeaders": {
        "DataServiceVersion": "3.0",
        "Date": "Thu, 06 Jun 2024 22:11:32 GMT",
        "request-id": "5423a859-12ab-4afd-9f08-f02c308c7717",
        "Server": "Microsoft-HTTPAPI/2.0",
        "Strict-Transport-Security": "max-age=31536000; includeSubDomains",
        "Transfer-Encoding": "chunked",
        "X-Content-Type-Options": "nosniff"
      },
      "ResponseBody": null
    },
    {
      "RequestUri": "https://REDACTED/pools?api-version=2024-02-01.19.0",
      "RequestMethod": "POST",
      "RequestHeaders": {
        "Accept": "application/json",
        "Authorization": "Sanitized",
        "client-request-id": "Sanitized",
        "Content-Length": "569",
        "Content-Type": "application/json; odata=minimalmetadata",
        "Date": "Thu, 06 Jun 2024 22:11:29 GMT",
        "User-Agent": "azsdk-java-azure-compute-batch/1.0.0-beta.2 (17.0.9; Windows 11; 10.0)"
      },
      "RequestBody": {
        "id": "BatchUser-testIaaSpool",
        "vmSize": "STANDARD_D1_V2",
        "virtualMachineConfiguration": {
          "imageReference": {
            "publisher": "Canonical",
            "offer": "UbuntuServer",
            "sku": "18.04-LTS",
            "version": "latest"
          },
          "nodeAgentSKUId": "batch.node.ubuntu 18.04"
        },
        "targetDedicatedNodes": 1,
        "networkConfiguration": {
          "subnetId": "/subscriptions/42d72928-df33-4f31-9f04-581177fca7d6/resourceGroups/sanjrg/providers/Microsoft.Network/virtualNetworks/sanjvnet/subnets/default"
        },
        "userAccounts": [
          {
            "name": "test-user",
            "password": "REDACTED",
            "elevationLevel": "admin",
            "linuxUserConfiguration": {
              "uid": 5,
              "gid": 5
            }
          }
        ]
      },
      "StatusCode": 409,
      "ResponseHeaders": {
        "Content-Length": "328",
        "Content-Type": "application/json; odata=minimalmetadata",
        "DataServiceVersion": "3.0",
        "Date": "Thu, 06 Jun 2024 22:11:34 GMT",
        "request-id": "0befd4c9-86f8-4b27-89cf-8ced84d038f4",
        "Server": "Microsoft-HTTPAPI/2.0",
        "Strict-Transport-Security": "max-age=31536000; includeSubDomains",
        "X-Content-Type-Options": "nosniff"
      },
      "ResponseBody": {
        "odata.metadata": "https://sanjbatch.eastus.batch.azure.com/$metadata#Microsoft.Azure.Batch.Protocol.Entities.Container.errors/@Element",
        "code": "PoolExists",
        "message": {
          "lang": "en-US",
          "value": "The specified pool already exists.\nRequestId:0befd4c9-86f8-4b27-89cf-8ced84d038f4\nTime:2024-06-06T22:11:34.8476199Z"
        }
      }
    },
    {
      "RequestUri": "https://REDACTED/jobs?api-version=2024-02-01.19.0",
      "RequestMethod": "POST",
      "RequestHeaders": {
        "Accept": "application/json",
        "Authorization": "Sanitized",
        "client-request-id": "Sanitized",
        "Content-Length": "73",
        "Content-Type": "application/json; odata=minimalmetadata",
        "Date": "Thu, 06 Jun 2024 22:11:30 GMT",
        "User-Agent": "azsdk-java-azure-compute-batch/1.0.0-beta.2 (17.0.9; Windows 11; 10.0)"
      },
      "RequestBody": {
        "id": "BatchUser-testJobUser",
        "poolInfo": {
          "poolId": "BatchUser-testpool"
        }
      },
      "StatusCode": 201,
      "ResponseHeaders": {
        "DataServiceId": "https://sanjbatch.eastus.batch.azure.com/jobs/job-1",
        "DataServiceVersion": "3.0",
        "Date": "Thu, 06 Jun 2024 22:11:34 GMT",
        "ETag": "0x8DC8675A0F92B03",
        "Last-Modified": "Thu, 06 Jun 2024 22:11:34 GMT",
        "Location": "https://REDACTED.eastus.batch.azure.com/jobs/job-1",
        "request-id": "a6d82d11-e2e3-4af9-b81e-7d88fbd27119",
        "Server": "Microsoft-HTTPAPI/2.0",
        "Strict-Transport-Security": "max-age=31536000; includeSubDomains",
        "Transfer-Encoding": "chunked",
        "X-Content-Type-Options": "nosniff"
      },
      "ResponseBody": null
    },
    {
      "RequestUri": "https://REDACTED/jobs/BatchUser-testJobUser/tasks?api-version=2024-02-01.19.0",
      "RequestMethod": "POST",
      "RequestHeaders": {
        "Accept": "application/json",
        "Authorization": "Sanitized",
        "client-request-id": "Sanitized",
        "Content-Length": "153",
        "Content-Type": "application/json; odata=minimalmetadata",
        "Date": "Thu, 06 Jun 2024 22:11:30 GMT",
        "User-Agent": "azsdk-java-azure-compute-batch/1.0.0-beta.2 (17.0.9; Windows 11; 10.0)"
      },
      "RequestBody": {
        "id": "mytask",
        "commandLine": "cmd /c echo hello\"",
        "userIdentity": {
          "username": "test-user"
        },
        "applicationPackageReferences": [
          {
            "applicationId": "REDACTED"
          }
        ]
      },
      "StatusCode": 201,
      "ResponseHeaders": {
        "DataServiceId": "https://sanjbatch.eastus.batch.azure.com/jobs/BatchUser-testJobUser/tasks/mytask",
        "DataServiceVersion": "3.0",
        "Date": "Thu, 06 Jun 2024 22:11:34 GMT",
        "ETag": "0x8DC8675A10F59C2",
        "Last-Modified": "Thu, 06 Jun 2024 22:11:35 GMT",
        "Location": "https://REDACTED.eastus.batch.azure.com/jobs/BatchUser-testJobUser/tasks/mytask",
        "request-id": "8f8fc3f0-1628-43b4-9ef9-3de0719bb2f9",
        "Server": "Microsoft-HTTPAPI/2.0",
        "Strict-Transport-Security": "max-age=31536000; includeSubDomains",
        "Transfer-Encoding": "chunked",
        "X-Content-Type-Options": "nosniff"
      },
      "ResponseBody": null
    },
    {
      "RequestUri": "https://REDACTED/jobs/BatchUser-testJobUser/tasks/mytask?api-version=2024-02-01.19.0",
      "RequestMethod": "GET",
      "RequestHeaders": {
        "Accept": "application/json",
        "Authorization": "Sanitized",
        "client-request-id": "Sanitized",
        "Content-Length": "0",
        "Date": "Thu, 06 Jun 2024 22:11:30 GMT",
        "User-Agent": "azsdk-java-azure-compute-batch/1.0.0-beta.2 (17.0.9; Windows 11; 10.0)"
      },
      "RequestBody": null,
      "StatusCode": 200,
      "ResponseHeaders": {
        "Content-Type": "application/json; odata=minimalmetadata",
        "DataServiceVersion": "3.0",
        "Date": "Thu, 06 Jun 2024 22:11:35 GMT",
        "ETag": "0x8DC8675A10F59C2",
        "Last-Modified": "Thu, 06 Jun 2024 22:11:35 GMT",
        "request-id": "217a9f60-d44b-404b-9b82-b79d58abe16c",
        "Server": "Microsoft-HTTPAPI/2.0",
        "Strict-Transport-Security": "max-age=31536000; includeSubDomains",
        "Transfer-Encoding": "chunked",
        "X-Content-Type-Options": "nosniff"
      },
      "ResponseBody": {
        "odata.metadata": "https://sanjbatch.eastus.batch.azure.com/$metadata#tasks/@Element",
        "id": "mytask",
        "url": "REDACTED",
        "eTag": "0x8DC8675A10F59C2",
        "creationTime": "2024-06-06T22:11:35.1201218Z",
        "lastModified": "2024-06-06T22:11:35.1201218Z",
        "state": "active",
        "stateTransitionTime": "2024-06-06T22:11:35.1201218Z",
        "commandLine": "cmd /c echo hello\"",
        "applicationPackageReferences": [
          {
            "applicationId": "REDACTED"
          }
        ],
        "userIdentity": {
          "username": "test-user"
        },
        "constraints": {
          "maxWallClockTime": "P10675199DT2H48M5.4775807S",
          "retentionTime": "P7D",
          "maxTaskRetryCount": 0
        },
        "requiredSlots": 1,
        "executionInfo": {
          "retryCount": 0,
          "requeueCount": 0
        }
      }
    },
    {
      "RequestUri": "https://REDACTED/jobs/BatchUser-testJobUser?api-version=2024-02-01.19.0",
      "RequestMethod": "DELETE",
      "RequestHeaders": {
        "Accept": "application/json",
        "Authorization": "Sanitized",
        "client-request-id": "Sanitized",
        "Content-Length": "0",
        "Date": "Thu, 06 Jun 2024 22:11:30 GMT",
        "User-Agent": "azsdk-java-azure-compute-batch/1.0.0-beta.2 (17.0.9; Windows 11; 10.0)"
      },
      "RequestBody": null,
      "StatusCode": 202,
      "ResponseHeaders": {
        "DataServiceVersion": "3.0",
        "Date": "Thu, 06 Jun 2024 22:11:34 GMT",
        "request-id": "c78b0dc8-0c20-4b37-80a4-5da7e75a8b65",
        "Server": "Microsoft-HTTPAPI/2.0",
        "Strict-Transport-Security": "max-age=31536000; includeSubDomains",
        "Transfer-Encoding": "chunked",
        "X-Content-Type-Options": "nosniff"
      },
      "ResponseBody": null
    }
  ],
  "Variables": {}
}
