{
  "Entries": [
    {
      "RequestUri": "https://REDACTED/pools/BatchUser-testpool?api-version=2024-07-01.20.0",
      "RequestMethod": "HEAD",
      "RequestHeaders": {
        "Accept": "application/json",
        "Authorization": "Sanitized",
        "client-request-id": "Sanitized",
        "Content-Length": "0",
        "Date": "Sat, 12 Jul 2025 02:01:00 GMT",
        "User-Agent": "azsdk-java-azure-compute-batch/1.0.0-beta.5 (17.0.9; Windows 11; 10.0)"
      },
      "RequestBody": null,
      "StatusCode": 200,
      "ResponseHeaders": {
        "DataServiceVersion": "3.0",
        "Date": "Sat, 12 Jul 2025 02:01:04 GMT",
        "ETag": "0x8DCF22EC2457DB1",
        "Last-Modified": "Tue, 22 Oct 2024 00:16:22 GMT",
        "request-id": "b6ad2533-8ba9-4aef-a667-643ad8aa8de0",
        "Server": "Microsoft-HTTPAPI/2.0",
        "Strict-Transport-Security": "max-age=31536000; includeSubDomains",
        "Transfer-Encoding": "chunked",
        "X-Content-Type-Options": "nosniff"
      },
      "ResponseBody": null
    },
    {
      "RequestUri": "https://REDACTED/pools/BatchUser-testpool?api-version=2024-07-01.20.0",
      "RequestMethod": "GET",
      "RequestHeaders": {
        "Accept": "application/json",
        "Authorization": "Sanitized",
        "client-request-id": "Sanitized",
        "Content-Length": "0",
        "Date": "Sat, 12 Jul 2025 02:01:01 GMT",
        "User-Agent": "azsdk-java-azure-compute-batch/1.0.0-beta.5 (17.0.9; Windows 11; 10.0)"
      },
      "RequestBody": null,
      "StatusCode": 200,
      "ResponseHeaders": {
        "Content-Type": "application/json; odata=minimalmetadata",
        "DataServiceVersion": "3.0",
        "Date": "Sat, 12 Jul 2025 02:01:04 GMT",
        "ETag": "0x8DCF22EC2457DB1",
        "Last-Modified": "Tue, 22 Oct 2024 00:16:22 GMT",
        "request-id": "6d7dcad8-be4e-4cd3-822e-80d293f2b459",
        "Server": "Microsoft-HTTPAPI/2.0",
        "Strict-Transport-Security": "max-age=31536000; includeSubDomains",
        "Transfer-Encoding": "chunked",
        "X-Content-Type-Options": "nosniff"
      },
      "ResponseBody": {
        "odata.metadata": "https://sanjsdkbatch.eastus.batch.azure.com/$metadata#pools/@Element",
        "id": "BatchUser-testpool",
        "url": "REDACTED",
        "eTag": "0x8DCF22EC2457DB1",
        "lastModified": "2024-10-22T00:16:22.1519281Z",
        "creationTime": "2024-10-22T00:16:22.1519268Z",
        "state": "active",
        "stateTransitionTime": "2024-10-22T00:16:22.1519268Z",
        "allocationState": "steady",
        "allocationStateTransitionTime": "2024-10-22T00:16:58.8369965Z",
        "vmSize": "standard_d1_v2",
        "resizeTimeout": "PT15M",
        "currentDedicatedNodes": 1,
        "targetDedicatedNodes": 1,
        "currentLowPriorityNodes": 0,
        "targetLowPriorityNodes": 0,
        "enableAutoScale": false,
        "enableInterNodeCommunication": false,
        "userAccounts": [
          {
            "name": "test-user",
            "elevationLevel": "admin",
            "linuxUserConfiguration": {
              "uid": 5,
              "gid": 5
            }
          }
        ],
        "certificateReferences": [],
        "taskSlotsPerNode": 1,
        "taskSchedulingPolicy": {
          "nodeFillType": "Spread"
        },
        "virtualMachineConfiguration": {
          "imageReference": {
            "publisher": "Canonical",
            "offer": "UbuntuServer",
            "sku": "18.04-LTS",
            "version": "latest"
          },
          "nodeAgentSKUId": "batch.node.ubuntu 18.04"
        },
        "networkConfiguration": {
          "subnetId": "/subscriptions/b5df12db-974a-4202-a3dd-6793e3bf4128/resourceGroups/sanjsdkrg/providers/Microsoft.Network/virtualNetworks/sanjsdkvnet/subnets/default",
          "dynamicVNetAssignmentScope": "none",
          "enableAcceleratedNetworking": false
        },
        "currentNodeCommunicationMode": "classic"
      }
    },
    {
      "RequestUri": "https://REDACTED/pools/BatchUser-testIaaSpool?api-version=2024-07-01.20.0",
      "RequestMethod": "HEAD",
      "RequestHeaders": {
        "Accept": "application/json",
        "Authorization": "Sanitized",
        "client-request-id": "Sanitized",
        "Content-Length": "0",
        "Date": "Sat, 12 Jul 2025 02:01:01 GMT",
        "User-Agent": "azsdk-java-azure-compute-batch/1.0.0-beta.5 (17.0.9; Windows 11; 10.0)"
      },
      "RequestBody": null,
      "StatusCode": 404,
      "ResponseHeaders": {
        "DataServiceVersion": "3.0",
        "Date": "Sat, 12 Jul 2025 02:01:05 GMT",
        "request-id": "bdd04396-64b4-45dc-bfdc-93232f51e3be",
        "Server": "Microsoft-HTTPAPI/2.0",
        "Strict-Transport-Security": "max-age=31536000; includeSubDomains",
        "Transfer-Encoding": "chunked",
        "X-Content-Type-Options": "nosniff"
      },
      "ResponseBody": null
    },
    {
      "RequestUri": "https://REDACTED/pools?api-version=2024-07-01.20.0",
      "RequestMethod": "POST",
      "RequestHeaders": {
        "Accept": "application/json",
        "Authorization": "Sanitized",
        "client-request-id": "Sanitized",
        "Content-Length": "544",
        "Content-Type": "application/json; odata=minimalmetadata",
        "Date": "Sat, 12 Jul 2025 02:01:03 GMT",
        "User-Agent": "azsdk-java-azure-compute-batch/1.0.0-beta.5 (17.0.9; Windows 11; 10.0)"
      },
      "RequestBody": {
        "id": "BatchUser-testIaaSpool",
        "vmSize": "STANDARD_D1_V2",
        "virtualMachineConfiguration": {
          "imageReference": {
            "publisher": "microsoftwindowsserver",
            "offer": "windowsserver",
            "sku": "2022-datacenter-smalldisk"
          },
          "nodeAgentSKUId": "batch.node.windows amd64"
        },
        "targetDedicatedNodes": 1,
        "networkConfiguration": {
          "subnetId": "/subscriptions/b5df12db-974a-4202-a3dd-6793e3bf4128/resourceGroups/sanjsdkrg/providers/Microsoft.Network/virtualNetworks/sanjsdkvnet/subnets/default"
        },
        "userAccounts": [
          {
            "name": "test-user",
            "password": "REDACTED",
            "elevationLevel": "admin"
          }
        ]
      },
      "StatusCode": 201,
      "ResponseHeaders": {
        "DataServiceId": "https://sanjsdkbatch.eastus.batch.azure.com/pools/BatchUser-testIaaSpool",
        "DataServiceVersion": "3.0",
        "Date": "Sat, 12 Jul 2025 02:01:07 GMT",
        "ETag": "0x8DDC0E7F78B097F",
        "Last-Modified": "Sat, 12 Jul 2025 02:01:07 GMT",
        "Location": "https://REDACTED.eastus.batch.azure.com/pools/BatchUser-testIaaSpool",
        "request-id": "4e594c25-e0da-419d-8d38-64c3491905ff",
        "Server": "Microsoft-HTTPAPI/2.0",
        "Strict-Transport-Security": "max-age=31536000; includeSubDomains",
        "Transfer-Encoding": "chunked",
        "X-Content-Type-Options": "nosniff"
      },
      "ResponseBody": null
    },
    {
      "RequestUri": "https://REDACTED/pools/BatchUser-testIaaSpool?api-version=2024-07-01.20.0",
      "RequestMethod": "GET",
      "RequestHeaders": {
        "Accept": "application/json",
        "Authorization": "Sanitized",
        "client-request-id": "Sanitized",
        "Content-Length": "0",
        "Date": "Sat, 12 Jul 2025 02:01:03 GMT",
        "User-Agent": "azsdk-java-azure-compute-batch/1.0.0-beta.5 (17.0.9; Windows 11; 10.0)"
      },
      "RequestBody": null,
      "StatusCode": 200,
      "ResponseHeaders": {
        "Content-Type": "application/json; odata=minimalmetadata",
        "DataServiceVersion": "3.0",
        "Date": "Sat, 12 Jul 2025 02:01:08 GMT",
        "ETag": "0x8DDC0E7F78B097F",
        "Last-Modified": "Sat, 12 Jul 2025 02:01:07 GMT",
        "request-id": "6a0c4b52-b00a-4301-aceb-0af3c04d79f8",
        "Server": "Microsoft-HTTPAPI/2.0",
        "Strict-Transport-Security": "max-age=31536000; includeSubDomains",
        "Transfer-Encoding": "chunked",
        "X-Content-Type-Options": "nosniff"
      },
      "ResponseBody": {
        "odata.metadata": "https://sanjsdkbatch.eastus.batch.azure.com/$metadata#pools/@Element",
        "id": "BatchUser-testIaaSpool",
        "url": "REDACTED",
        "eTag": "0x8DDC0E7F78B097F",
        "lastModified": "2025-07-12T02:01:07.9541119Z",
        "creationTime": "2025-07-12T02:01:07.9541113Z",
        "state": "active",
        "stateTransitionTime": "2025-07-12T02:01:07.9541113Z",
        "allocationState": "resizing",
        "allocationStateTransitionTime": "2025-07-12T02:01:07.954112Z",
        "vmSize": "standard_d1_v2",
        "resizeTimeout": "PT15M",
        "currentDedicatedNodes": 0,
        "targetDedicatedNodes": 1,
        "currentLowPriorityNodes": 0,
        "targetLowPriorityNodes": 0,
        "enableAutoScale": false,
        "enableInterNodeCommunication": false,
        "userAccounts": [
          {
            "name": "test-user",
            "elevationLevel": "admin",
            "windowsUserConfiguration": {
              "loginMode": "batch"
            }
          }
        ],
        "certificateReferences": [],
        "taskSlotsPerNode": 1,
        "taskSchedulingPolicy": {
          "nodeFillType": "Spread"
        },
        "virtualMachineConfiguration": {
          "imageReference": {
            "publisher": "microsoftwindowsserver",
            "offer": "windowsserver",
            "sku": "2022-datacenter-smalldisk",
            "version": "latest"
          },
          "nodeAgentSKUId": "batch.node.windows amd64"
        },
        "networkConfiguration": {
          "subnetId": "/subscriptions/b5df12db-974a-4202-a3dd-6793e3bf4128/resourceGroups/sanjsdkrg/providers/Microsoft.Network/virtualNetworks/sanjsdkvnet/subnets/default",
          "dynamicVNetAssignmentScope": "none",
          "enableAcceleratedNetworking": false
        }
      }
    },
    {
      "RequestUri": "https://REDACTED/pools/BatchUser-testIaaSpool?api-version=2024-07-01.20.0",
      "RequestMethod": "GET",
      "RequestHeaders": {
        "Accept": "application/json",
        "Authorization": "Sanitized",
        "client-request-id": "Sanitized",
        "Content-Length": "0",
        "Date": "Sat, 12 Jul 2025 02:01:34 GMT",
        "User-Agent": "azsdk-java-azure-compute-batch/1.0.0-beta.5 (17.0.9; Windows 11; 10.0)"
      },
      "RequestBody": null,
      "StatusCode": 200,
      "ResponseHeaders": {
        "Content-Type": "application/json; odata=minimalmetadata",
        "DataServiceVersion": "3.0",
        "Date": "Sat, 12 Jul 2025 02:01:37 GMT",
        "ETag": "0x8DDC0E7F78B097F",
        "Last-Modified": "Sat, 12 Jul 2025 02:01:07 GMT",
        "request-id": "e1f68b24-1171-45f1-8f81-d8dd53d59cee",
        "Server": "Microsoft-HTTPAPI/2.0",
        "Strict-Transport-Security": "max-age=31536000; includeSubDomains",
        "Transfer-Encoding": "chunked",
        "X-Content-Type-Options": "nosniff"
      },
      "ResponseBody": {
        "odata.metadata": "https://sanjsdkbatch.eastus.batch.azure.com/$metadata#pools/@Element",
        "id": "BatchUser-testIaaSpool",
        "url": "REDACTED",
        "eTag": "0x8DDC0E7F78B097F",
        "lastModified": "2025-07-12T02:01:07.9541119Z",
        "creationTime": "2025-07-12T02:01:07.9541113Z",
        "state": "active",
        "stateTransitionTime": "2025-07-12T02:01:07.9541113Z",
        "allocationState": "steady",
        "allocationStateTransitionTime": "2025-07-12T02:01:34.8767714Z",
        "vmSize": "standard_d1_v2",
        "resizeTimeout": "PT15M",
        "currentDedicatedNodes": 1,
        "targetDedicatedNodes": 1,
        "currentLowPriorityNodes": 0,
        "targetLowPriorityNodes": 0,
        "enableAutoScale": false,
        "enableInterNodeCommunication": false,
        "userAccounts": [
          {
            "name": "test-user",
            "elevationLevel": "admin",
            "windowsUserConfiguration": {
              "loginMode": "batch"
            }
          }
        ],
        "certificateReferences": [],
        "taskSlotsPerNode": 1,
        "taskSchedulingPolicy": {
          "nodeFillType": "Spread"
        },
        "virtualMachineConfiguration": {
          "imageReference": {
            "publisher": "microsoftwindowsserver",
            "offer": "windowsserver",
            "sku": "2022-datacenter-smalldisk",
            "version": "latest"
          },
          "nodeAgentSKUId": "batch.node.windows amd64"
        },
        "networkConfiguration": {
          "subnetId": "/subscriptions/b5df12db-974a-4202-a3dd-6793e3bf4128/resourceGroups/sanjsdkrg/providers/Microsoft.Network/virtualNetworks/sanjsdkvnet/subnets/default",
          "dynamicVNetAssignmentScope": "none",
          "enableAcceleratedNetworking": false
        },
        "currentNodeCommunicationMode": "simplified"
      }
    },
    {
      "RequestUri": "https://REDACTED/jobs?api-version=2024-07-01.20.0",
      "RequestMethod": "POST",
      "RequestHeaders": {
        "Accept": "application/json",
        "Authorization": "Sanitized",
        "client-request-id": "Sanitized",
        "Content-Length": "90",
        "Content-Type": "application/json; odata=minimalmetadata",
        "Date": "Sat, 12 Jul 2025 02:01:34 GMT",
        "User-Agent": "azsdk-java-azure-compute-batch/1.0.0-beta.5 (17.0.9; Windows 11; 10.0)"
      },
      "RequestBody": {
        "id": "BatchUser-SampleJobasync-1752285694109",
        "poolInfo": {
          "poolId": "BatchUser-testpool"
        }
      },
      "StatusCode": 201,
      "ResponseHeaders": {
        "DataServiceId": "https://sanjsdkbatch.eastus.batch.azure.com/jobs/job-1",
        "DataServiceVersion": "3.0",
        "Date": "Sat, 12 Jul 2025 02:01:38 GMT",
        "ETag": "0x8DDC0E80A6F3BCD",
        "Last-Modified": "Sat, 12 Jul 2025 02:01:39 GMT",
        "Location": "https://REDACTED.eastus.batch.azure.com/jobs/job-1",
        "request-id": "2ad5ae35-ecf8-42e3-9b27-89e8b0b65b31",
        "Server": "Microsoft-HTTPAPI/2.0",
        "Strict-Transport-Security": "max-age=31536000; includeSubDomains",
        "Transfer-Encoding": "chunked",
        "X-Content-Type-Options": "nosniff"
      },
      "ResponseBody": null
    },
    {
      "RequestUri": "https://REDACTED/jobs/BatchUser-SampleJobasync-1752285694109/tasks?api-version=2024-07-01.20.0",
      "RequestMethod": "POST",
      "RequestHeaders": {
        "Accept": "application/json",
        "Authorization": "Sanitized",
        "client-request-id": "Sanitized",
        "Content-Length": "72",
        "Content-Type": "application/json; odata=minimalmetadata",
        "Date": "Sat, 12 Jul 2025 02:01:35 GMT",
        "User-Agent": "azsdk-java-azure-compute-batch/1.0.0-beta.5 (17.0.9; Windows 11; 10.0)"
      },
      "RequestBody": {
        "id": "task-canPutasync-1752285694109",
        "commandLine": "echo hello world"
      },
      "StatusCode": 201,
      "ResponseHeaders": {
        "DataServiceId": "https://sanjsdkbatch.eastus.batch.azure.com/jobs/BatchUser-SampleJobasync-1752285694109/tasks/task-canPutasync-1752285694109",
        "DataServiceVersion": "3.0",
        "Date": "Sat, 12 Jul 2025 02:01:38 GMT",
        "ETag": "0x8DDC0E80A801FE7",
        "Last-Modified": "Sat, 12 Jul 2025 02:01:39 GMT",
        "Location": "https://REDACTED.eastus.batch.azure.com/jobs/BatchUser-SampleJobasync-1752285694109/tasks/task-canPutasync-1752285694109",
        "request-id": "ae475e61-10a9-4fb7-86d7-036152c348c5",
        "Server": "Microsoft-HTTPAPI/2.0",
        "Strict-Transport-Security": "max-age=31536000; includeSubDomains",
        "Transfer-Encoding": "chunked",
        "X-Content-Type-Options": "nosniff"
      },
      "ResponseBody": null
    },
    {
      "RequestUri": "https://REDACTED/jobs/BatchUser-SampleJobasync-1752285694109/tasks/task-canPutasync-1752285694109?api-version=2024-07-01.20.0",
      "RequestMethod": "GET",
      "RequestHeaders": {
        "Accept": "application/json",
        "Authorization": "Sanitized",
        "client-request-id": "Sanitized",
        "Content-Length": "0",
        "Date": "Sat, 12 Jul 2025 02:01:35 GMT",
        "User-Agent": "azsdk-java-azure-compute-batch/1.0.0-beta.5 (17.0.9; Windows 11; 10.0)"
      },
      "RequestBody": null,
      "StatusCode": 200,
      "ResponseHeaders": {
        "Content-Type": "application/json; odata=minimalmetadata",
        "DataServiceVersion": "3.0",
        "Date": "Sat, 12 Jul 2025 02:01:38 GMT",
        "ETag": "0x8DDC0E80A801FE7",
        "Last-Modified": "Sat, 12 Jul 2025 02:01:39 GMT",
        "request-id": "e279a3fc-bc06-46f1-8292-dfdc9e4ee217",
        "Server": "Microsoft-HTTPAPI/2.0",
        "Strict-Transport-Security": "max-age=31536000; includeSubDomains",
        "Transfer-Encoding": "chunked",
        "X-Content-Type-Options": "nosniff"
      },
      "ResponseBody": {
        "odata.metadata": "https://sanjsdkbatch.eastus.batch.azure.com/$metadata#tasks/@Element",
        "id": "task-canPutasync-1752285694109",
        "url": "REDACTED",
        "eTag": "0x8DDC0E80A801FE7",
        "creationTime": "2025-07-12T02:01:39.7593063Z",
        "lastModified": "2025-07-12T02:01:39.7593063Z",
        "state": "active",
        "stateTransitionTime": "2025-07-12T02:01:39.7593063Z",
        "commandLine": "echo hello world",
        "userIdentity": {
          "autoUser": {
            "scope": "pool",
            "elevationLevel": "nonadmin"
          }
        },
        "constraints": {
          "maxWallClockTime": "P10675199DT2H48M5.4775807S",
          "retentionTime": "P7D",
          "maxTaskRetryCount": 0
        },
        "requiredSlots": 1,
        "executionInfo": {
          "retryCount": 0,
          "requeueCount": 0
        }
      }
    },
    {
      "RequestUri": "https://REDACTED/jobs/BatchUser-SampleJobasync-1752285694109/tasks/task-canPutasync-1752285694109?api-version=2024-07-01.20.0",
      "RequestMethod": "PUT",
      "RequestHeaders": {
        "Accept": "application/json",
        "Authorization": "Sanitized",
        "client-request-id": "Sanitized",
        "Content-Length": "61",
        "Content-Type": "application/json; odata=minimalmetadata",
        "Date": "Sat, 12 Jul 2025 02:01:35 GMT",
        "User-Agent": "azsdk-java-azure-compute-batch/1.0.0-beta.5 (17.0.9; Windows 11; 10.0)"
      },
      "RequestBody": {
        "constraints": {
          "retentionTime": "P5D",
          "maxTaskRetryCount": 5
        }
      },
      "StatusCode": 200,
      "ResponseHeaders": {
        "DataServiceId": "https://sanjsdkbatch.eastus.batch.azure.com/jobs/BatchUser-SampleJobasync-1752285694109/tasks/task-canPutasync-1752285694109",
        "DataServiceVersion": "3.0",
        "Date": "Sat, 12 Jul 2025 02:01:39 GMT",
        "ETag": "0x8DDC0E80AA2F9DF",
        "Last-Modified": "Sat, 12 Jul 2025 02:01:39 GMT",
        "request-id": "98482055-0352-4d89-aabf-afc100a54e68",
        "Server": "Microsoft-HTTPAPI/2.0",
        "Strict-Transport-Security": "max-age=31536000; includeSubDomains",
        "Transfer-Encoding": "chunked",
        "X-Content-Type-Options": "nosniff"
      },
      "ResponseBody": null
    },
    {
      "RequestUri": "https://REDACTED/jobs/BatchUser-SampleJobasync-1752285694109/tasks/task-canPutasync-1752285694109?api-version=2024-07-01.20.0",
      "RequestMethod": "GET",
      "RequestHeaders": {
        "Accept": "application/json",
        "Authorization": "Sanitized",
        "client-request-id": "Sanitized",
        "Content-Length": "0",
        "Date": "Sat, 12 Jul 2025 02:01:35 GMT",
        "User-Agent": "azsdk-java-azure-compute-batch/1.0.0-beta.5 (17.0.9; Windows 11; 10.0)"
      },
      "RequestBody": null,
      "StatusCode": 200,
      "ResponseHeaders": {
        "Content-Type": "application/json; odata=minimalmetadata",
        "DataServiceVersion": "3.0",
        "Date": "Sat, 12 Jul 2025 02:01:39 GMT",
        "ETag": "0x8DDC0E80AA2F9DF",
        "Last-Modified": "Sat, 12 Jul 2025 02:01:39 GMT",
        "request-id": "25ae079a-34c5-4852-bca0-611d82003ce6",
        "Server": "Microsoft-HTTPAPI/2.0",
        "Strict-Transport-Security": "max-age=31536000; includeSubDomains",
        "Transfer-Encoding": "chunked",
        "X-Content-Type-Options": "nosniff"
      },
      "ResponseBody": {
        "odata.metadata": "https://sanjsdkbatch.eastus.batch.azure.com/$metadata#tasks/@Element",
        "id": "task-canPutasync-1752285694109",
        "url": "REDACTED",
        "eTag": "0x8DDC0E80AA2F9DF",
        "creationTime": "2025-07-12T02:01:39.7593063Z",
        "lastModified": "2025-07-12T02:01:39.9877087Z",
        "state": "active",
        "stateTransitionTime": "2025-07-12T02:01:39.7593063Z",
        "commandLine": "echo hello world",
        "userIdentity": {
          "autoUser": {
            "scope": "pool",
            "elevationLevel": "nonadmin"
          }
        },
        "constraints": {
          "maxWallClockTime": "P10675199DT2H48M5.4775807S",
          "retentionTime": "P5D",
          "maxTaskRetryCount": 5
        },
        "requiredSlots": 1,
        "executionInfo": {
          "retryCount": 0,
          "requeueCount": 0
        }
      }
    },
    {
      "RequestUri": "https://REDACTED/jobs/BatchUser-SampleJobasync-1752285694109/tasks/task-canPutasync-1752285694109?api-version=2024-07-01.20.0",
      "RequestMethod": "DELETE",
      "RequestHeaders": {
        "Accept": "application/json",
        "Authorization": "Sanitized",
        "client-request-id": "Sanitized",
        "Content-Length": "0",
        "Date": "Sat, 12 Jul 2025 02:01:36 GMT",
        "User-Agent": "azsdk-java-azure-compute-batch/1.0.0-beta.5 (17.0.9; Windows 11; 10.0)"
      },
      "RequestBody": null,
      "StatusCode": 200,
      "ResponseHeaders": {
        "DataServiceVersion": "3.0",
        "Date": "Sat, 12 Jul 2025 02:01:39 GMT",
        "request-id": "e8205930-53ec-4d17-8374-657fae4b614f",
        "Server": "Microsoft-HTTPAPI/2.0",
        "Strict-Transport-Security": "max-age=31536000; includeSubDomains",
        "Transfer-Encoding": "chunked",
        "X-Content-Type-Options": "nosniff"
      },
      "ResponseBody": null
    },
    {
      "RequestUri": "https://REDACTED/jobs/BatchUser-SampleJobasync-1752285694109?api-version=2024-07-01.20.0",
      "RequestMethod": "DELETE",
      "RequestHeaders": {
        "Accept": "application/json",
        "Authorization": "Sanitized",
        "client-request-id": "Sanitized",
        "Content-Length": "0",
        "Date": "Sat, 12 Jul 2025 02:01:36 GMT",
        "User-Agent": "azsdk-java-azure-compute-batch/1.0.0-beta.5 (17.0.9; Windows 11; 10.0)"
      },
      "RequestBody": null,
      "StatusCode": 202,
      "ResponseHeaders": {
        "DataServiceVersion": "3.0",
        "Date": "Sat, 12 Jul 2025 02:01:39 GMT",
        "request-id": "f54622a4-22ca-4b68-8f91-7645f6dcc1ea",
        "Server": "Microsoft-HTTPAPI/2.0",
        "Strict-Transport-Security": "max-age=31536000; includeSubDomains",
        "Transfer-Encoding": "chunked",
        "X-Content-Type-Options": "nosniff"
      },
      "ResponseBody": null
    }
  ],
  "Variables": {}
}
