{
  "Entries": [
    {
      "RequestUri": "https://jalauzonnettest.blob.core.windows.net/test-container-2a783690-a3e8-d844-ad2d-da96abc2995b?restype=container",
      "RequestMethod": "PUT",
      "RequestHeaders": {
        "Accept": "application/xml",
        "Authorization": "Sanitized",
        "Content-Length": "0",
        "traceparent": "00-8e6c441168a3d1177740933b1bbb9f52-18386e8bd94ec93e-00",
        "User-Agent": "azsdk-net-Storage.Blobs/12.23.0-alpha.20241009.1 (.NET 8.0.8; Microsoft Windows 10.0.22631)",
        "x-ms-client-request-id": "Sanitized",
        "x-ms-date": "Wed, 09 Oct 2024 20:59:12 GMT",
        "x-ms-return-client-request-id": "true",
        "x-ms-version": "2025-01-05"
      },
      "RequestBody": null,
      "StatusCode": 201,
      "ResponseHeaders": {
        "Content-Length": "0",
        "Date": "Wed, 09 Oct 2024 20:59:11 GMT",
        "ETag": "\"0x8DCE8A53A17ADEB\"",
        "Last-Modified": "Wed, 09 Oct 2024 20:59:12 GMT",
        "Server": [
          "Windows-Azure-Blob/1.0",
          "Microsoft-HTTPAPI/2.0"
        ],
        "x-ms-client-request-id": "Sanitized",
        "x-ms-request-id": "ebd7d72c-401e-0047-5d8e-1ab199000000",
        "x-ms-version": "2025-01-05"
      },
      "ResponseBody": null
    },
    {
      "RequestUri": "https://jalauzonnettest.blob.core.windows.net/test-container-ef88fb42-4fad-0619-3d96-a06600cd7d89?restype=container",
      "RequestMethod": "PUT",
      "RequestHeaders": {
        "Accept": "application/xml",
        "Authorization": "Sanitized",
        "Content-Length": "0",
        "traceparent": "00-cee3ef4e81e151e44f2b9d0a26f5e533-c6520fbab09196b7-00",
        "User-Agent": "azsdk-net-Storage.Blobs/12.23.0-alpha.20241009.1 (.NET 8.0.8; Microsoft Windows 10.0.22631)",
        "x-ms-client-request-id": "Sanitized",
        "x-ms-date": "Wed, 09 Oct 2024 20:59:12 GMT",
        "x-ms-return-client-request-id": "true",
        "x-ms-version": "2025-01-05"
      },
      "RequestBody": null,
      "StatusCode": 201,
      "ResponseHeaders": {
        "Content-Length": "0",
        "Date": "Wed, 09 Oct 2024 20:59:11 GMT",
        "ETag": "\"0x8DCE8A53A1F2B5A\"",
        "Last-Modified": "Wed, 09 Oct 2024 20:59:12 GMT",
        "Server": [
          "Windows-Azure-Blob/1.0",
          "Microsoft-HTTPAPI/2.0"
        ],
        "x-ms-client-request-id": "Sanitized",
        "x-ms-request-id": "ebd7d735-401e-0047-648e-1ab199000000",
        "x-ms-version": "2025-01-05"
      },
      "ResponseBody": null
    },
    {
      "RequestUri": "https://jalauzonnettest.blob.core.windows.net/test-container-2a783690-a3e8-d844-ad2d-da96abc2995b/sourceFolder/test-file-0bab2812-2871-263e-82a9-acc5abab2e1a?sv=Sanitized&se=2024-10-10T20%3A59%3A12Z&sr=c&sp=racwdxltfi&sig=Sanitized",
      "RequestMethod": "PUT",
      "RequestHeaders": {
        "Accept": "application/xml",
        "Content-Length": "0",
        "Content-Type": "application/octet-stream",
        "User-Agent": "azsdk-net-Storage.Blobs/12.23.0-alpha.20241009.1 (.NET 8.0.8; Microsoft Windows 10.0.22631)",
        "x-ms-access-tier": "Cold",
        "x-ms-blob-cache-control": "no-cache",
        "x-ms-blob-content-disposition": "inline",
        "x-ms-blob-content-language": "en-US",
        "x-ms-blob-content-type": "text/plain",
        "x-ms-blob-type": "BlockBlob",
        "x-ms-client-request-id": "Sanitized",
        "x-ms-meta-Capital": "letter",
        "x-ms-meta-foo": "bar",
        "x-ms-meta-meta": "data",
        "x-ms-meta-UPPER": "case",
        "x-ms-return-client-request-id": "true",
        "x-ms-version": "2025-01-05"
      },
      "RequestBody": null,
      "StatusCode": 201,
      "ResponseHeaders": {
        "Content-Length": "0",
        "Content-MD5": "1B2M2Y8AsgTpgAmY7PhCfg==",
        "Date": "Wed, 09 Oct 2024 20:59:11 GMT",
        "ETag": "\"0x8DCE8A53A26B127\"",
        "Last-Modified": "Wed, 09 Oct 2024 20:59:12 GMT",
        "Server": [
          "Windows-Azure-Blob/1.0",
          "Microsoft-HTTPAPI/2.0"
        ],
        "x-ms-client-request-id": "Sanitized",
        "x-ms-content-crc64": "AAAAAAAAAAA=",
        "x-ms-request-id": "ebd7d73b-401e-0047-688e-1ab199000000",
        "x-ms-request-server-encrypted": "true",
        "x-ms-version": "2025-01-05",
        "x-ms-version-id": "2024-10-09T20:59:12.2629927Z"
      },
      "ResponseBody": null
    },
    {
      "RequestUri": "https://jalauzonnettest.blob.core.windows.net/test-container-2a783690-a3e8-d844-ad2d-da96abc2995b?sv=Sanitized&se=2024-10-10T20%3A59%3A12Z&sr=c&sp=racwdxltfi&sig=Sanitized&restype=container&comp=list&prefix=sourceFolder%2F&include=Metadata",
      "RequestMethod": "GET",
      "RequestHeaders": {
        "Accept": "application/xml",
        "User-Agent": "azsdk-net-Storage.Blobs/12.23.0-alpha.20241009.1 (.NET 8.0.8; Microsoft Windows 10.0.22631)",
        "x-ms-client-request-id": "Sanitized",
        "x-ms-return-client-request-id": "true",
        "x-ms-version": "2025-01-05"
      },
      "RequestBody": null,
      "StatusCode": 200,
      "ResponseHeaders": {
        "Content-Type": "application/xml",
        "Date": "Wed, 09 Oct 2024 20:59:12 GMT",
        "Server": [
          "Windows-Azure-Blob/1.0",
          "Microsoft-HTTPAPI/2.0"
        ],
        "Transfer-Encoding": "chunked",
        "x-ms-client-request-id": "Sanitized",
        "x-ms-request-id": "ebd7d73f-401e-0047-6c8e-1ab199000000",
        "x-ms-version": "2025-01-05"
      },
      "ResponseBody": "\uFEFF<?xml version=\"1.0\" encoding=\"utf-8\"?><EnumerationResults ServiceEndpoint=\"https://jalauzonnettest.blob.core.windows.net/\" ContainerName=\"test-container-2a783690-a3e8-d844-ad2d-da96abc2995b\"><Prefix>sourceFolder/</Prefix><Blobs><Blob><Name>sourceFolder/test-file-0bab2812-2871-263e-82a9-acc5abab2e1a</Name><VersionId>2024-10-09T20:59:12.2629927Z</VersionId><IsCurrentVersion>true</IsCurrentVersion><Properties><Creation-Time>Wed, 09 Oct 2024 20:59:12 GMT</Creation-Time><Last-Modified>Wed, 09 Oct 2024 20:59:12 GMT</Last-Modified><Etag>0x8DCE8A53A26B127</Etag><Content-Length>0</Content-Length><Content-Type>text/plain</Content-Type><Content-Encoding /><Content-Language>en-US</Content-Language><Content-CRC64 /><Content-MD5>1B2M2Y8AsgTpgAmY7PhCfg==</Content-MD5><Cache-Control>no-cache</Cache-Control><Content-Disposition>inline</Content-Disposition><LastAccessTime>Wed, 09 Oct 2024 20:59:12 GMT</LastAccessTime><BlobType>BlockBlob</BlobType><AccessTier>Cold</AccessTier><AccessTierChangeTime>Wed, 09 Oct 2024 20:59:12 GMT</AccessTierChangeTime><LeaseStatus>unlocked</LeaseStatus><LeaseState>available</LeaseState><ServerEncrypted>true</ServerEncrypted></Properties><Metadata><foo>bar</foo><meta>data</meta><Capital>letter</Capital><UPPER>case</UPPER></Metadata><OrMetadata /></Blob></Blobs><NextMarker /></EnumerationResults>"
    },
    {
      "RequestUri": "https://jalauzonnettest.blob.core.windows.net/test-container-ef88fb42-4fad-0619-3d96-a06600cd7d89/destFolder/test-file-0bab2812-2871-263e-82a9-acc5abab2e1a",
      "RequestMethod": "PUT",
      "RequestHeaders": {
        "Accept": "application/xml",
        "Authorization": "Sanitized",
        "Content-Length": "0",
        "If-None-Match": "*",
        "traceparent": "00-28614b22473968d28acc72bea777d236-e016817358cbbe61-00",
        "User-Agent": "azsdk-net-Storage.Blobs/12.23.0-alpha.20241009.1 (.NET 8.0.8; Microsoft Windows 10.0.22631)",
        "x-ms-blob-cache-control": "no-cache",
        "x-ms-blob-content-disposition": "inline",
        "x-ms-blob-content-encoding": "",
        "x-ms-blob-content-language": "en-US",
        "x-ms-blob-content-length": "0",
        "x-ms-blob-content-type": "text/plain",
        "x-ms-blob-type": "PageBlob",
        "x-ms-client-request-id": "Sanitized",
        "x-ms-date": "Wed, 09 Oct 2024 20:59:12 GMT",
        "x-ms-meta-Capital": "letter",
        "x-ms-meta-foo": "bar",
        "x-ms-meta-meta": "data",
        "x-ms-meta-UPPER": "case",
        "x-ms-return-client-request-id": "true",
        "x-ms-version": "2025-01-05"
      },
      "RequestBody": null,
      "StatusCode": 201,
      "ResponseHeaders": {
        "Content-Length": "0",
        "Date": "Wed, 09 Oct 2024 20:59:12 GMT",
        "ETag": "\"0x8DCE8A53A33F5B1\"",
        "Last-Modified": "Wed, 09 Oct 2024 20:59:12 GMT",
        "Server": [
          "Windows-Azure-Blob/1.0",
          "Microsoft-HTTPAPI/2.0"
        ],
        "x-ms-client-request-id": "Sanitized",
        "x-ms-request-id": "ebd7d749-401e-0047-768e-1ab199000000",
        "x-ms-request-server-encrypted": "true",
        "x-ms-version": "2025-01-05",
        "x-ms-version-id": "2024-10-09T20:59:12.3499441Z"
      },
      "ResponseBody": null
    },
    {
      "RequestUri": "https://jalauzonnettest.blob.core.windows.net/test-container-2a783690-a3e8-d844-ad2d-da96abc2995b?sv=Sanitized&se=2024-10-10T20%3A59%3A12Z&sr=c&sp=racwdxltfi&sig=Sanitized&restype=container&comp=list&prefix=sourceFolder",
      "RequestMethod": "GET",
      "RequestHeaders": {
        "Accept": "application/xml",
        "User-Agent": "azsdk-net-Storage.Blobs/12.23.0-alpha.20241009.1 (.NET 8.0.8; Microsoft Windows 10.0.22631)",
        "x-ms-client-request-id": "Sanitized",
        "x-ms-return-client-request-id": "true",
        "x-ms-version": "2025-01-05"
      },
      "RequestBody": null,
      "StatusCode": 200,
      "ResponseHeaders": {
        "Content-Type": "application/xml",
        "Date": "Wed, 09 Oct 2024 20:59:12 GMT",
        "Server": [
          "Windows-Azure-Blob/1.0",
          "Microsoft-HTTPAPI/2.0"
        ],
        "Transfer-Encoding": "chunked",
        "x-ms-client-request-id": "Sanitized",
        "x-ms-request-id": "ebd7d754-401e-0047-808e-1ab199000000",
        "x-ms-version": "2025-01-05"
      },
      "ResponseBody": "\uFEFF<?xml version=\"1.0\" encoding=\"utf-8\"?><EnumerationResults ServiceEndpoint=\"https://jalauzonnettest.blob.core.windows.net/\" ContainerName=\"test-container-2a783690-a3e8-d844-ad2d-da96abc2995b\"><Prefix>sourceFolder</Prefix><Blobs><Blob><Name>sourceFolder/test-file-0bab2812-2871-263e-82a9-acc5abab2e1a</Name><VersionId>2024-10-09T20:59:12.2629927Z</VersionId><IsCurrentVersion>true</IsCurrentVersion><Properties><Creation-Time>Wed, 09 Oct 2024 20:59:12 GMT</Creation-Time><Last-Modified>Wed, 09 Oct 2024 20:59:12 GMT</Last-Modified><Etag>0x8DCE8A53A26B127</Etag><Content-Length>0</Content-Length><Content-Type>text/plain</Content-Type><Content-Encoding /><Content-Language>en-US</Content-Language><Content-CRC64 /><Content-MD5>1B2M2Y8AsgTpgAmY7PhCfg==</Content-MD5><Cache-Control>no-cache</Cache-Control><Content-Disposition>inline</Content-Disposition><LastAccessTime>Wed, 09 Oct 2024 20:59:12 GMT</LastAccessTime><BlobType>BlockBlob</BlobType><AccessTier>Cold</AccessTier><AccessTierChangeTime>Wed, 09 Oct 2024 20:59:12 GMT</AccessTierChangeTime><LeaseStatus>unlocked</LeaseStatus><LeaseState>available</LeaseState><ServerEncrypted>true</ServerEncrypted></Properties><OrMetadata /></Blob></Blobs><NextMarker /></EnumerationResults>"
    },
    {
      "RequestUri": "https://jalauzonnettest.blob.core.windows.net/test-container-ef88fb42-4fad-0619-3d96-a06600cd7d89?restype=container&comp=list&prefix=destFolder",
      "RequestMethod": "GET",
      "RequestHeaders": {
        "Accept": "application/xml",
        "Authorization": "Sanitized",
        "traceparent": "00-347088f4579e9099283d78f207fee3a0-3f67e8af797162ad-00",
        "User-Agent": "azsdk-net-Storage.Blobs/12.23.0-alpha.20241009.1 (.NET 8.0.8; Microsoft Windows 10.0.22631)",
        "x-ms-client-request-id": "Sanitized",
        "x-ms-date": "Wed, 09 Oct 2024 20:59:12 GMT",
        "x-ms-return-client-request-id": "true",
        "x-ms-version": "2025-01-05"
      },
      "RequestBody": null,
      "StatusCode": 200,
      "ResponseHeaders": {
        "Content-Type": "application/xml",
        "Date": "Wed, 09 Oct 2024 20:59:12 GMT",
        "Server": [
          "Windows-Azure-Blob/1.0",
          "Microsoft-HTTPAPI/2.0"
        ],
        "Transfer-Encoding": "chunked",
        "x-ms-client-request-id": "Sanitized",
        "x-ms-request-id": "ebd7d75b-401e-0047-058e-1ab199000000",
        "x-ms-version": "2025-01-05"
      },
      "ResponseBody": "\uFEFF<?xml version=\"1.0\" encoding=\"utf-8\"?><EnumerationResults ServiceEndpoint=\"https://jalauzonnettest.blob.core.windows.net/\" ContainerName=\"test-container-ef88fb42-4fad-0619-3d96-a06600cd7d89\"><Prefix>destFolder</Prefix><Blobs><Blob><Name>destFolder/test-file-0bab2812-2871-263e-82a9-acc5abab2e1a</Name><VersionId>2024-10-09T20:59:12.3499441Z</VersionId><IsCurrentVersion>true</IsCurrentVersion><Properties><Creation-Time>Wed, 09 Oct 2024 20:59:12 GMT</Creation-Time><Last-Modified>Wed, 09 Oct 2024 20:59:12 GMT</Last-Modified><Etag>0x8DCE8A53A33F5B1</Etag><Content-Length>0</Content-Length><Content-Type>text/plain</Content-Type><Content-Encoding /><Content-Language>en-US</Content-Language><Content-CRC64 /><Content-MD5 /><Cache-Control>no-cache</Cache-Control><Content-Disposition>inline</Content-Disposition><x-ms-blob-sequence-number>0</x-ms-blob-sequence-number><BlobType>PageBlob</BlobType><LeaseStatus>unlocked</LeaseStatus><LeaseState>available</LeaseState><ServerEncrypted>true</ServerEncrypted></Properties><OrMetadata /></Blob></Blobs><NextMarker /></EnumerationResults>"
    },
    {
      "RequestUri": "https://jalauzonnettest.blob.core.windows.net/test-container-2a783690-a3e8-d844-ad2d-da96abc2995b/sourceFolder/test-file-0bab2812-2871-263e-82a9-acc5abab2e1a?sv=Sanitized&se=2024-10-10T20%3A59%3A12Z&sr=c&sp=racwdxltfi&sig=Sanitized",
      "RequestMethod": "HEAD",
      "RequestHeaders": {
        "Accept": "application/xml",
        "User-Agent": "azsdk-net-Storage.Blobs/12.23.0-alpha.20241009.1 (.NET 8.0.8; Microsoft Windows 10.0.22631)",
        "x-ms-client-request-id": "Sanitized",
        "x-ms-return-client-request-id": "true",
        "x-ms-version": "2025-01-05"
      },
      "RequestBody": null,
      "StatusCode": 200,
      "ResponseHeaders": {
        "Accept-Ranges": "bytes",
        "Cache-Control": "no-cache",
        "Content-Disposition": "inline",
        "Content-Language": "en-US",
        "Content-Length": "0",
        "Content-MD5": "1B2M2Y8AsgTpgAmY7PhCfg==",
        "Content-Type": "text/plain",
        "Date": "Wed, 09 Oct 2024 20:59:12 GMT",
        "ETag": "\"0x8DCE8A53A26B127\"",
        "Last-Modified": "Wed, 09 Oct 2024 20:59:12 GMT",
        "Server": [
          "Windows-Azure-Blob/1.0",
          "Microsoft-HTTPAPI/2.0"
        ],
        "x-ms-access-tier": "Cold",
        "x-ms-access-tier-change-time": "Wed, 09 Oct 2024 20:59:12 GMT",
        "x-ms-blob-type": "BlockBlob",
        "x-ms-client-request-id": "Sanitized",
        "x-ms-creation-time": "Wed, 09 Oct 2024 20:59:12 GMT",
        "x-ms-is-current-version": "true",
        "x-ms-last-access-time": "Wed, 09 Oct 2024 20:59:12 GMT",
        "x-ms-lease-state": "available",
        "x-ms-lease-status": "unlocked",
        "x-ms-meta-Capital": "letter",
        "x-ms-meta-foo": "bar",
        "x-ms-meta-meta": "data",
        "x-ms-meta-UPPER": "case",
        "x-ms-request-id": "ebd7d75d-401e-0047-078e-1ab199000000",
        "x-ms-server-encrypted": "true",
        "x-ms-version": "2025-01-05",
        "x-ms-version-id": "2024-10-09T20:59:12.2629927Z"
      },
      "ResponseBody": null
    },
    {
      "RequestUri": "https://jalauzonnettest.blob.core.windows.net/test-container-ef88fb42-4fad-0619-3d96-a06600cd7d89/destFolder/test-file-0bab2812-2871-263e-82a9-acc5abab2e1a",
      "RequestMethod": "HEAD",
      "RequestHeaders": {
        "Accept": "application/xml",
        "Authorization": "Sanitized",
        "traceparent": "00-ed222113f574439511a0fa103588ddd8-4becb43d1783975b-00",
        "User-Agent": "azsdk-net-Storage.Blobs/12.23.0-alpha.20241009.1 (.NET 8.0.8; Microsoft Windows 10.0.22631)",
        "x-ms-client-request-id": "Sanitized",
        "x-ms-date": "Wed, 09 Oct 2024 20:59:12 GMT",
        "x-ms-return-client-request-id": "true",
        "x-ms-version": "2025-01-05"
      },
      "RequestBody": null,
      "StatusCode": 200,
      "ResponseHeaders": {
        "Accept-Ranges": "bytes",
        "Cache-Control": "no-cache",
        "Content-Disposition": "inline",
        "Content-Language": "en-US",
        "Content-Length": "0",
        "Content-Type": "text/plain",
        "Date": "Wed, 09 Oct 2024 20:59:12 GMT",
        "ETag": "\"0x8DCE8A53A33F5B1\"",
        "Last-Modified": "Wed, 09 Oct 2024 20:59:12 GMT",
        "Server": [
          "Windows-Azure-Blob/1.0",
          "Microsoft-HTTPAPI/2.0"
        ],
        "x-ms-blob-sequence-number": "0",
        "x-ms-blob-type": "PageBlob",
        "x-ms-client-request-id": "Sanitized",
        "x-ms-creation-time": "Wed, 09 Oct 2024 20:59:12 GMT",
        "x-ms-is-current-version": "true",
        "x-ms-lease-state": "available",
        "x-ms-lease-status": "unlocked",
        "x-ms-meta-Capital": "letter",
        "x-ms-meta-foo": "bar",
        "x-ms-meta-meta": "data",
        "x-ms-meta-UPPER": "case",
        "x-ms-request-id": "ebd7d761-401e-0047-0a8e-1ab199000000",
        "x-ms-server-encrypted": "true",
        "x-ms-version": "2025-01-05",
        "x-ms-version-id": "2024-10-09T20:59:12.3499441Z"
      },
      "ResponseBody": null
    },
    {
      "RequestUri": "https://jalauzonnettest.blob.core.windows.net/test-container-2a783690-a3e8-d844-ad2d-da96abc2995b/sourceFolder/test-file-0bab2812-2871-263e-82a9-acc5abab2e1a?sv=Sanitized&se=2024-10-10T20%3A59%3A12Z&sr=c&sp=racwdxltfi&sig=Sanitized",
      "RequestMethod": "HEAD",
      "RequestHeaders": {
        "Accept": "application/xml",
        "User-Agent": "azsdk-net-Storage.Blobs/12.23.0-alpha.20241009.1 (.NET 8.0.8; Microsoft Windows 10.0.22631)",
        "x-ms-client-request-id": "Sanitized",
        "x-ms-return-client-request-id": "true",
        "x-ms-version": "2025-01-05"
      },
      "RequestBody": null,
      "StatusCode": 200,
      "ResponseHeaders": {
        "Accept-Ranges": "bytes",
        "Cache-Control": "no-cache",
        "Content-Disposition": "inline",
        "Content-Language": "en-US",
        "Content-Length": "0",
        "Content-MD5": "1B2M2Y8AsgTpgAmY7PhCfg==",
        "Content-Type": "text/plain",
        "Date": "Wed, 09 Oct 2024 20:59:12 GMT",
        "ETag": "\"0x8DCE8A53A26B127\"",
        "Last-Modified": "Wed, 09 Oct 2024 20:59:12 GMT",
        "Server": [
          "Windows-Azure-Blob/1.0",
          "Microsoft-HTTPAPI/2.0"
        ],
        "x-ms-access-tier": "Cold",
        "x-ms-access-tier-change-time": "Wed, 09 Oct 2024 20:59:12 GMT",
        "x-ms-blob-type": "BlockBlob",
        "x-ms-client-request-id": "Sanitized",
        "x-ms-creation-time": "Wed, 09 Oct 2024 20:59:12 GMT",
        "x-ms-is-current-version": "true",
        "x-ms-last-access-time": "Wed, 09 Oct 2024 20:59:12 GMT",
        "x-ms-lease-state": "available",
        "x-ms-lease-status": "unlocked",
        "x-ms-meta-Capital": "letter",
        "x-ms-meta-foo": "bar",
        "x-ms-meta-meta": "data",
        "x-ms-meta-UPPER": "case",
        "x-ms-request-id": "ebd7d763-401e-0047-0b8e-1ab199000000",
        "x-ms-server-encrypted": "true",
        "x-ms-version": "2025-01-05",
        "x-ms-version-id": "2024-10-09T20:59:12.2629927Z"
      },
      "ResponseBody": null
    },
    {
      "RequestUri": "https://jalauzonnettest.blob.core.windows.net/test-container-ef88fb42-4fad-0619-3d96-a06600cd7d89/destFolder/test-file-0bab2812-2871-263e-82a9-acc5abab2e1a",
      "RequestMethod": "HEAD",
      "RequestHeaders": {
        "Accept": "application/xml",
        "Authorization": "Sanitized",
        "traceparent": "00-86d3ec01f79937770a2e947d1bf26562-c2178fc5753e0908-00",
        "User-Agent": "azsdk-net-Storage.Blobs/12.23.0-alpha.20241009.1 (.NET 8.0.8; Microsoft Windows 10.0.22631)",
        "x-ms-client-request-id": "Sanitized",
        "x-ms-date": "Wed, 09 Oct 2024 20:59:12 GMT",
        "x-ms-return-client-request-id": "true",
        "x-ms-version": "2025-01-05"
      },
      "RequestBody": null,
      "StatusCode": 200,
      "ResponseHeaders": {
        "Accept-Ranges": "bytes",
        "Cache-Control": "no-cache",
        "Content-Disposition": "inline",
        "Content-Language": "en-US",
        "Content-Length": "0",
        "Content-Type": "text/plain",
        "Date": "Wed, 09 Oct 2024 20:59:12 GMT",
        "ETag": "\"0x8DCE8A53A33F5B1\"",
        "Last-Modified": "Wed, 09 Oct 2024 20:59:12 GMT",
        "Server": [
          "Windows-Azure-Blob/1.0",
          "Microsoft-HTTPAPI/2.0"
        ],
        "x-ms-blob-sequence-number": "0",
        "x-ms-blob-type": "PageBlob",
        "x-ms-client-request-id": "Sanitized",
        "x-ms-creation-time": "Wed, 09 Oct 2024 20:59:12 GMT",
        "x-ms-is-current-version": "true",
        "x-ms-lease-state": "available",
        "x-ms-lease-status": "unlocked",
        "x-ms-meta-Capital": "letter",
        "x-ms-meta-foo": "bar",
        "x-ms-meta-meta": "data",
        "x-ms-meta-UPPER": "case",
        "x-ms-request-id": "ebd7d76a-401e-0047-118e-1ab199000000",
        "x-ms-server-encrypted": "true",
        "x-ms-version": "2025-01-05",
        "x-ms-version-id": "2024-10-09T20:59:12.3499441Z"
      },
      "ResponseBody": null
    },
    {
      "RequestUri": "https://jalauzonnettest.blob.core.windows.net/test-container-ef88fb42-4fad-0619-3d96-a06600cd7d89?restype=container",
      "RequestMethod": "DELETE",
      "RequestHeaders": {
        "Accept": "application/xml",
        "Authorization": "Sanitized",
        "traceparent": "00-ff0e479dee82d8403e5cc2f0f931d467-a6be73d211940ab9-00",
        "User-Agent": "azsdk-net-Storage.Blobs/12.23.0-alpha.20241009.1 (.NET 8.0.8; Microsoft Windows 10.0.22631)",
        "x-ms-client-request-id": "Sanitized",
        "x-ms-date": "Wed, 09 Oct 2024 20:59:12 GMT",
        "x-ms-return-client-request-id": "true",
        "x-ms-version": "2025-01-05"
      },
      "RequestBody": null,
      "StatusCode": 202,
      "ResponseHeaders": {
        "Content-Length": "0",
        "Date": "Wed, 09 Oct 2024 20:59:12 GMT",
        "Server": [
          "Windows-Azure-Blob/1.0",
          "Microsoft-HTTPAPI/2.0"
        ],
        "x-ms-client-request-id": "Sanitized",
        "x-ms-request-id": "ebd7d76c-401e-0047-138e-1ab199000000",
        "x-ms-version": "2025-01-05"
      },
      "ResponseBody": null
    },
    {
      "RequestUri": "https://jalauzonnettest.blob.core.windows.net/test-container-2a783690-a3e8-d844-ad2d-da96abc2995b?sv=Sanitized&se=2024-10-10T20%3A59%3A12Z&sr=c&sp=racwdxltfi&sig=Sanitized&restype=container",
      "RequestMethod": "DELETE",
      "RequestHeaders": {
        "Accept": "application/xml",
        "User-Agent": "azsdk-net-Storage.Blobs/12.23.0-alpha.20241009.1 (.NET 8.0.8; Microsoft Windows 10.0.22631)",
        "x-ms-client-request-id": "Sanitized",
        "x-ms-return-client-request-id": "true",
        "x-ms-version": "2025-01-05"
      },
      "RequestBody": null,
      "StatusCode": 403,
      "ResponseHeaders": {
        "Content-Length": "246",
        "Content-Type": "application/xml",
        "Date": "Wed, 09 Oct 2024 20:59:12 GMT",
        "Server": [
          "Windows-Azure-Blob/1.0",
          "Microsoft-HTTPAPI/2.0"
        ],
        "x-ms-client-request-id": "Sanitized",
        "x-ms-error-code": "AuthorizationFailure",
        "x-ms-request-id": "ebd7d76e-401e-0047-148e-1ab199000000",
        "x-ms-version": "2025-01-05"
      },
      "ResponseBody": [
        "\uFEFF<?xml version=\"1.0\" encoding=\"utf-8\"?><Error><Code>AuthorizationFailure</Code><Message>This request is not authorized to perform this operation.\n",
        "RequestId:ebd7d76e-401e-0047-148e-1ab199000000\n",
        "Time:2024-10-09T20:59:12.8015238Z</Message></Error>"
      ]
    }
  ],
  "Variables": {
    "DateTimeOffsetNow": "2024-10-09T13:59:12.1833908-07:00",
    "RandomSeed": "1242803884",
    "Storage_TestConfigDefault": "ProductionTenant\njalauzonnettest\nU2FuaXRpemVk\nhttps://jalauzonnettest.blob.core.windows.net\nhttps://jalauzonnettest.file.core.windows.net\nhttps://jalauzonnettest.queue.core.windows.net\nhttps://jalauzonnettest.table.core.windows.net\n\n\n\n\nhttps://jalauzonnettest-secondary.blob.core.windows.net\nhttps://jalauzonnettest-secondary.file.core.windows.net\nhttps://jalauzonnettest-secondary.queue.core.windows.net\nhttps://jalauzonnettest-secondary.table.core.windows.net\nCloud\nBlobEndpoint=https://jalauzonnettest.blob.core.windows.net/;QueueEndpoint=https://jalauzonnettest.queue.core.windows.net/;FileEndpoint=https://jalauzonnettest.file.core.windows.net/;BlobSecondaryEndpoint=https://jalauzonnettest-secondary.blob.core.windows.net/;QueueSecondaryEndpoint=https://jalauzonnettest-secondary.queue.core.windows.net/;FileSecondaryEndpoint=https://jalauzonnettest-secondary.file.core.windows.net/;AccountName=jalauzonnettest;AccountKey=Sanitized\ntestscope1\n\n"
  }
}
