{
  "Entries": [
    {
      "RequestUri": "https://jalauzonnettest.blob.core.windows.net/test-container-3a6e8115-5853-bd7a-7994-66fe1ae70203?restype=container",
      "RequestMethod": "PUT",
      "RequestHeaders": {
        "Accept": "application/xml",
        "Authorization": "Sanitized",
        "Content-Length": "0",
        "traceparent": "00-c5596775d749c54e7198d41dcd9711d5-a6f54a0f7c03c6a4-00",
        "User-Agent": "azsdk-net-Storage.Blobs/12.23.0-alpha.20241018.1 (.NET 8.0.10; Microsoft Windows 10.0.22631)",
        "x-ms-client-request-id": "Sanitized",
        "x-ms-date": "Fri, 18 Oct 2024 19:25:03 GMT",
        "x-ms-return-client-request-id": "true",
        "x-ms-version": "2025-01-05"
      },
      "RequestBody": null,
      "StatusCode": 201,
      "ResponseHeaders": {
        "Content-Length": "0",
        "Date": "Fri, 18 Oct 2024 19:25:02 GMT",
        "ETag": "\"0x8DCEFAA90CE46E7\"",
        "Last-Modified": "Fri, 18 Oct 2024 19:25:03 GMT",
        "Server": [
          "Windows-Azure-Blob/1.0",
          "Microsoft-HTTPAPI/2.0"
        ],
        "x-ms-client-request-id": "Sanitized",
        "x-ms-request-id": "821825a1-701e-0001-3193-21851e000000",
        "x-ms-version": "2025-01-05"
      },
      "ResponseBody": null
    },
    {
      "RequestUri": "https://jalauzonnettest.blob.core.windows.net/test-container-c7cb5978-2161-cdbe-c0be-ce2f61c6047d?restype=container",
      "RequestMethod": "PUT",
      "RequestHeaders": {
        "Accept": "application/xml",
        "Authorization": "Sanitized",
        "Content-Length": "0",
        "traceparent": "00-5f9fb3f132f5c71cfc232ee155a994a4-9a44e360be8a5f20-00",
        "User-Agent": "azsdk-net-Storage.Blobs/12.23.0-alpha.20241018.1 (.NET 8.0.10; Microsoft Windows 10.0.22631)",
        "x-ms-client-request-id": "Sanitized",
        "x-ms-date": "Fri, 18 Oct 2024 19:25:03 GMT",
        "x-ms-return-client-request-id": "true",
        "x-ms-version": "2025-01-05"
      },
      "RequestBody": null,
      "StatusCode": 201,
      "ResponseHeaders": {
        "Content-Length": "0",
        "Date": "Fri, 18 Oct 2024 19:25:02 GMT",
        "ETag": "\"0x8DCEFAA90D633D4\"",
        "Last-Modified": "Fri, 18 Oct 2024 19:25:03 GMT",
        "Server": [
          "Windows-Azure-Blob/1.0",
          "Microsoft-HTTPAPI/2.0"
        ],
        "x-ms-client-request-id": "Sanitized",
        "x-ms-request-id": "821825a3-701e-0001-3293-21851e000000",
        "x-ms-version": "2025-01-05"
      },
      "ResponseBody": null
    },
    {
      "RequestUri": "https://jalauzonnettest.blob.core.windows.net/test-container-3a6e8115-5853-bd7a-7994-66fe1ae70203/sourceFolder/item1?sv=Sanitized&se=2024-10-19T19%3A25%3A03Z&sr=c&sp=racwdxltfi&sig=Sanitized",
      "RequestMethod": "PUT",
      "RequestHeaders": {
        "Accept": "application/xml",
        "Content-Length": "0",
        "Content-Type": "application/octet-stream",
        "User-Agent": "azsdk-net-Storage.Blobs/12.23.0-alpha.20241018.1 (.NET 8.0.10; Microsoft Windows 10.0.22631)",
        "x-ms-access-tier": "Cold",
        "x-ms-blob-cache-control": "no-cache",
        "x-ms-blob-content-disposition": "inline",
        "x-ms-blob-content-language": "en-US",
        "x-ms-blob-content-type": "text/plain",
        "x-ms-blob-type": "BlockBlob",
        "x-ms-client-request-id": "Sanitized",
        "x-ms-meta-Capital": "letter",
        "x-ms-meta-foo": "bar",
        "x-ms-meta-meta": "data",
        "x-ms-meta-UPPER": "case",
        "x-ms-return-client-request-id": "true",
        "x-ms-version": "2025-01-05"
      },
      "RequestBody": null,
      "StatusCode": 201,
      "ResponseHeaders": {
        "Content-Length": "0",
        "Content-MD5": "1B2M2Y8AsgTpgAmY7PhCfg==",
        "Date": "Fri, 18 Oct 2024 19:25:02 GMT",
        "ETag": "\"0x8DCEFAA90DE4C82\"",
        "Last-Modified": "Fri, 18 Oct 2024 19:25:03 GMT",
        "Server": [
          "Windows-Azure-Blob/1.0",
          "Microsoft-HTTPAPI/2.0"
        ],
        "x-ms-client-request-id": "Sanitized",
        "x-ms-content-crc64": "AAAAAAAAAAA=",
        "x-ms-request-id": "821825a5-701e-0001-3393-21851e000000",
        "x-ms-request-server-encrypted": "true",
        "x-ms-version": "2025-01-05",
        "x-ms-version-id": "2024-10-18T19:25:03.3734274Z"
      },
      "ResponseBody": null
    },
    {
      "RequestUri": "https://jalauzonnettest.blob.core.windows.net/test-container-3a6e8115-5853-bd7a-7994-66fe1ae70203/sourceFolder/item2?sv=Sanitized&se=2024-10-19T19%3A25%3A03Z&sr=c&sp=racwdxltfi&sig=Sanitized",
      "RequestMethod": "PUT",
      "RequestHeaders": {
        "Accept": "application/xml",
        "Content-Length": "0",
        "Content-Type": "application/octet-stream",
        "User-Agent": "azsdk-net-Storage.Blobs/12.23.0-alpha.20241018.1 (.NET 8.0.10; Microsoft Windows 10.0.22631)",
        "x-ms-access-tier": "Cold",
        "x-ms-blob-cache-control": "no-cache",
        "x-ms-blob-content-disposition": "inline",
        "x-ms-blob-content-language": "en-US",
        "x-ms-blob-content-type": "text/plain",
        "x-ms-blob-type": "BlockBlob",
        "x-ms-client-request-id": "Sanitized",
        "x-ms-meta-Capital": "letter",
        "x-ms-meta-foo": "bar",
        "x-ms-meta-meta": "data",
        "x-ms-meta-UPPER": "case",
        "x-ms-return-client-request-id": "true",
        "x-ms-version": "2025-01-05"
      },
      "RequestBody": null,
      "StatusCode": 201,
      "ResponseHeaders": {
        "Content-Length": "0",
        "Content-MD5": "1B2M2Y8AsgTpgAmY7PhCfg==",
        "Date": "Fri, 18 Oct 2024 19:25:02 GMT",
        "ETag": "\"0x8DCEFAA90E5505B\"",
        "Last-Modified": "Fri, 18 Oct 2024 19:25:03 GMT",
        "Server": [
          "Windows-Azure-Blob/1.0",
          "Microsoft-HTTPAPI/2.0"
        ],
        "x-ms-client-request-id": "Sanitized",
        "x-ms-content-crc64": "AAAAAAAAAAA=",
        "x-ms-request-id": "821825a9-701e-0001-3593-21851e000000",
        "x-ms-request-server-encrypted": "true",
        "x-ms-version": "2025-01-05",
        "x-ms-version-id": "2024-10-18T19:25:03.4194011Z"
      },
      "ResponseBody": null
    },
    {
      "RequestUri": "https://jalauzonnettest.blob.core.windows.net/test-container-3a6e8115-5853-bd7a-7994-66fe1ae70203/sourceFolder/bar/item3?sv=Sanitized&se=2024-10-19T19%3A25%3A03Z&sr=c&sp=racwdxltfi&sig=Sanitized",
      "RequestMethod": "PUT",
      "RequestHeaders": {
        "Accept": "application/xml",
        "Content-Length": "0",
        "Content-Type": "application/octet-stream",
        "User-Agent": "azsdk-net-Storage.Blobs/12.23.0-alpha.20241018.1 (.NET 8.0.10; Microsoft Windows 10.0.22631)",
        "x-ms-access-tier": "Cold",
        "x-ms-blob-cache-control": "no-cache",
        "x-ms-blob-content-disposition": "inline",
        "x-ms-blob-content-language": "en-US",
        "x-ms-blob-content-type": "text/plain",
        "x-ms-blob-type": "BlockBlob",
        "x-ms-client-request-id": "Sanitized",
        "x-ms-meta-Capital": "letter",
        "x-ms-meta-foo": "bar",
        "x-ms-meta-meta": "data",
        "x-ms-meta-UPPER": "case",
        "x-ms-return-client-request-id": "true",
        "x-ms-version": "2025-01-05"
      },
      "RequestBody": null,
      "StatusCode": 201,
      "ResponseHeaders": {
        "Content-Length": "0",
        "Content-MD5": "1B2M2Y8AsgTpgAmY7PhCfg==",
        "Date": "Fri, 18 Oct 2024 19:25:03 GMT",
        "ETag": "\"0x8DCEFAA90EC5437\"",
        "Last-Modified": "Fri, 18 Oct 2024 19:25:03 GMT",
        "Server": [
          "Windows-Azure-Blob/1.0",
          "Microsoft-HTTPAPI/2.0"
        ],
        "x-ms-client-request-id": "Sanitized",
        "x-ms-content-crc64": "AAAAAAAAAAA=",
        "x-ms-request-id": "821825ab-701e-0001-3793-21851e000000",
        "x-ms-request-server-encrypted": "true",
        "x-ms-version": "2025-01-05",
        "x-ms-version-id": "2024-10-18T19:25:03.4653751Z"
      },
      "ResponseBody": null
    },
    {
      "RequestUri": "https://jalauzonnettest.blob.core.windows.net/test-container-3a6e8115-5853-bd7a-7994-66fe1ae70203/sourceFolder/pik/item4?sv=Sanitized&se=2024-10-19T19%3A25%3A03Z&sr=c&sp=racwdxltfi&sig=Sanitized",
      "RequestMethod": "PUT",
      "RequestHeaders": {
        "Accept": "application/xml",
        "Content-Length": "0",
        "Content-Type": "application/octet-stream",
        "User-Agent": "azsdk-net-Storage.Blobs/12.23.0-alpha.20241018.1 (.NET 8.0.10; Microsoft Windows 10.0.22631)",
        "x-ms-access-tier": "Cold",
        "x-ms-blob-cache-control": "no-cache",
        "x-ms-blob-content-disposition": "inline",
        "x-ms-blob-content-language": "en-US",
        "x-ms-blob-content-type": "text/plain",
        "x-ms-blob-type": "BlockBlob",
        "x-ms-client-request-id": "Sanitized",
        "x-ms-meta-Capital": "letter",
        "x-ms-meta-foo": "bar",
        "x-ms-meta-meta": "data",
        "x-ms-meta-UPPER": "case",
        "x-ms-return-client-request-id": "true",
        "x-ms-version": "2025-01-05"
      },
      "RequestBody": null,
      "StatusCode": 201,
      "ResponseHeaders": {
        "Content-Length": "0",
        "Content-MD5": "1B2M2Y8AsgTpgAmY7PhCfg==",
        "Date": "Fri, 18 Oct 2024 19:25:03 GMT",
        "ETag": "\"0x8DCEFAA90F35813\"",
        "Last-Modified": "Fri, 18 Oct 2024 19:25:03 GMT",
        "Server": [
          "Windows-Azure-Blob/1.0",
          "Microsoft-HTTPAPI/2.0"
        ],
        "x-ms-client-request-id": "Sanitized",
        "x-ms-content-crc64": "AAAAAAAAAAA=",
        "x-ms-request-id": "821825af-701e-0001-3a93-21851e000000",
        "x-ms-request-server-encrypted": "true",
        "x-ms-version": "2025-01-05",
        "x-ms-version-id": "2024-10-18T19:25:03.5113491Z"
      },
      "ResponseBody": null
    },
    {
      "RequestUri": "https://jalauzonnettest.blob.core.windows.net/test-container-3a6e8115-5853-bd7a-7994-66fe1ae70203?sv=Sanitized&se=2024-10-19T19%3A25%3A03Z&sr=c&sp=racwdxltfi&sig=Sanitized&restype=container&comp=list&prefix=sourceFolder%2F&include=Metadata",
      "RequestMethod": "GET",
      "RequestHeaders": {
        "Accept": "application/xml",
        "User-Agent": "azsdk-net-Storage.Blobs/12.23.0-alpha.20241018.1 (.NET 8.0.10; Microsoft Windows 10.0.22631)",
        "x-ms-client-request-id": "Sanitized",
        "x-ms-return-client-request-id": "true",
        "x-ms-version": "2025-01-05"
      },
      "RequestBody": null,
      "StatusCode": 200,
      "ResponseHeaders": {
        "Content-Type": "application/xml",
        "Date": "Fri, 18 Oct 2024 19:25:03 GMT",
        "Server": [
          "Windows-Azure-Blob/1.0",
          "Microsoft-HTTPAPI/2.0"
        ],
        "Transfer-Encoding": "chunked",
        "x-ms-client-request-id": "Sanitized",
        "x-ms-request-id": "821825b1-701e-0001-3b93-21851e000000",
        "x-ms-version": "2025-01-05"
      },
      "ResponseBody": "\uFEFF<?xml version=\"1.0\" encoding=\"utf-8\"?><EnumerationResults ServiceEndpoint=\"https://jalauzonnettest.blob.core.windows.net/\" ContainerName=\"test-container-3a6e8115-5853-bd7a-7994-66fe1ae70203\"><Prefix>sourceFolder/</Prefix><Blobs><Blob><Name>sourceFolder/bar/item3</Name><VersionId>2024-10-18T19:25:03.4653751Z</VersionId><IsCurrentVersion>true</IsCurrentVersion><Properties><Creation-Time>Fri, 18 Oct 2024 19:25:03 GMT</Creation-Time><Last-Modified>Fri, 18 Oct 2024 19:25:03 GMT</Last-Modified><Etag>0x8DCEFAA90EC5437</Etag><Content-Length>0</Content-Length><Content-Type>text/plain</Content-Type><Content-Encoding /><Content-Language>en-US</Content-Language><Content-CRC64 /><Content-MD5>1B2M2Y8AsgTpgAmY7PhCfg==</Content-MD5><Cache-Control>no-cache</Cache-Control><Content-Disposition>inline</Content-Disposition><LastAccessTime>Fri, 18 Oct 2024 19:25:03 GMT</LastAccessTime><BlobType>BlockBlob</BlobType><AccessTier>Cold</AccessTier><AccessTierChangeTime>Fri, 18 Oct 2024 19:25:03 GMT</AccessTierChangeTime><LeaseStatus>unlocked</LeaseStatus><LeaseState>available</LeaseState><ServerEncrypted>true</ServerEncrypted></Properties><Metadata><foo>bar</foo><meta>data</meta><Capital>letter</Capital><UPPER>case</UPPER></Metadata><OrMetadata /></Blob><Blob><Name>sourceFolder/item1</Name><VersionId>2024-10-18T19:25:03.3734274Z</VersionId><IsCurrentVersion>true</IsCurrentVersion><Properties><Creation-Time>Fri, 18 Oct 2024 19:25:03 GMT</Creation-Time><Last-Modified>Fri, 18 Oct 2024 19:25:03 GMT</Last-Modified><Etag>0x8DCEFAA90DE4C82</Etag><Content-Length>0</Content-Length><Content-Type>text/plain</Content-Type><Content-Encoding /><Content-Language>en-US</Content-Language><Content-CRC64 /><Content-MD5>1B2M2Y8AsgTpgAmY7PhCfg==</Content-MD5><Cache-Control>no-cache</Cache-Control><Content-Disposition>inline</Content-Disposition><LastAccessTime>Fri, 18 Oct 2024 19:25:03 GMT</LastAccessTime><BlobType>BlockBlob</BlobType><AccessTier>Cold</AccessTier><AccessTierChangeTime>Fri, 18 Oct 2024 19:25:03 GMT</AccessTierChangeTime><LeaseStatus>unlocked</LeaseStatus><LeaseState>available</LeaseState><ServerEncrypted>true</ServerEncrypted></Properties><Metadata><foo>bar</foo><meta>data</meta><Capital>letter</Capital><UPPER>case</UPPER></Metadata><OrMetadata /></Blob><Blob><Name>sourceFolder/item2</Name><VersionId>2024-10-18T19:25:03.4194011Z</VersionId><IsCurrentVersion>true</IsCurrentVersion><Properties><Creation-Time>Fri, 18 Oct 2024 19:25:03 GMT</Creation-Time><Last-Modified>Fri, 18 Oct 2024 19:25:03 GMT</Last-Modified><Etag>0x8DCEFAA90E5505B</Etag><Content-Length>0</Content-Length><Content-Type>text/plain</Content-Type><Content-Encoding /><Content-Language>en-US</Content-Language><Content-CRC64 /><Content-MD5>1B2M2Y8AsgTpgAmY7PhCfg==</Content-MD5><Cache-Control>no-cache</Cache-Control><Content-Disposition>inline</Content-Disposition><LastAccessTime>Fri, 18 Oct 2024 19:25:03 GMT</LastAccessTime><BlobType>BlockBlob</BlobType><AccessTier>Cold</AccessTier><AccessTierChangeTime>Fri, 18 Oct 2024 19:25:03 GMT</AccessTierChangeTime><LeaseStatus>unlocked</LeaseStatus><LeaseState>available</LeaseState><ServerEncrypted>true</ServerEncrypted></Properties><Metadata><foo>bar</foo><meta>data</meta><Capital>letter</Capital><UPPER>case</UPPER></Metadata><OrMetadata /></Blob><Blob><Name>sourceFolder/pik/item4</Name><VersionId>2024-10-18T19:25:03.5113491Z</VersionId><IsCurrentVersion>true</IsCurrentVersion><Properties><Creation-Time>Fri, 18 Oct 2024 19:25:03 GMT</Creation-Time><Last-Modified>Fri, 18 Oct 2024 19:25:03 GMT</Last-Modified><Etag>0x8DCEFAA90F35813</Etag><Content-Length>0</Content-Length><Content-Type>text/plain</Content-Type><Content-Encoding /><Content-Language>en-US</Content-Language><Content-CRC64 /><Content-MD5>1B2M2Y8AsgTpgAmY7PhCfg==</Content-MD5><Cache-Control>no-cache</Cache-Control><Content-Disposition>inline</Content-Disposition><LastAccessTime>Fri, 18 Oct 2024 19:25:03 GMT</LastAccessTime><BlobType>BlockBlob</BlobType><AccessTier>Cold</AccessTier><AccessTierChangeTime>Fri, 18 Oct 2024 19:25:03 GMT</AccessTierChangeTime><LeaseStatus>unlocked</LeaseStatus><LeaseState>available</LeaseState><ServerEncrypted>true</ServerEncrypted></Properties><Metadata><foo>bar</foo><meta>data</meta><Capital>letter</Capital><UPPER>case</UPPER></Metadata><OrMetadata /></Blob></Blobs><NextMarker /></EnumerationResults>"
    },
    {
      "RequestUri": "https://jalauzonnettest.blob.core.windows.net/test-container-c7cb5978-2161-cdbe-c0be-ce2f61c6047d/destFolder/bar/item3",
      "RequestMethod": "PUT",
      "RequestHeaders": {
        "Accept": "application/xml",
        "Authorization": "Sanitized",
        "Content-Length": "0",
        "If-None-Match": "*",
        "traceparent": "00-3db5c56178e2adf4572b9efa3920c68a-a081d9e2b96ca6ad-00",
        "User-Agent": "azsdk-net-Storage.Blobs/12.23.0-alpha.20241018.1 (.NET 8.0.10; Microsoft Windows 10.0.22631)",
        "x-ms-blob-cache-control": "no-cache",
        "x-ms-blob-content-disposition": "inline",
        "x-ms-blob-content-encoding": "",
        "x-ms-blob-content-language": "en-US",
        "x-ms-blob-content-length": "0",
        "x-ms-blob-content-type": "text/plain",
        "x-ms-blob-type": "PageBlob",
        "x-ms-client-request-id": "Sanitized",
        "x-ms-date": "Fri, 18 Oct 2024 19:25:03 GMT",
        "x-ms-meta-Capital": "letter",
        "x-ms-meta-foo": "bar",
        "x-ms-meta-meta": "data",
        "x-ms-meta-UPPER": "case",
        "x-ms-return-client-request-id": "true",
        "x-ms-version": "2025-01-05"
      },
      "RequestBody": null,
      "StatusCode": 201,
      "ResponseHeaders": {
        "Content-Length": "0",
        "Date": "Fri, 18 Oct 2024 19:25:03 GMT",
        "ETag": "\"0x8DCEFAA91099BF9\"",
        "Last-Modified": "Fri, 18 Oct 2024 19:25:03 GMT",
        "Server": [
          "Windows-Azure-Blob/1.0",
          "Microsoft-HTTPAPI/2.0"
        ],
        "x-ms-client-request-id": "Sanitized",
        "x-ms-request-id": "821825b2-701e-0001-3c93-21851e000000",
        "x-ms-request-server-encrypted": "true",
        "x-ms-version": "2025-01-05",
        "x-ms-version-id": "2024-10-18T19:25:03.6572665Z"
      },
      "ResponseBody": null
    },
    {
      "RequestUri": "https://jalauzonnettest.blob.core.windows.net/test-container-c7cb5978-2161-cdbe-c0be-ce2f61c6047d/destFolder/item1",
      "RequestMethod": "PUT",
      "RequestHeaders": {
        "Accept": "application/xml",
        "Authorization": "Sanitized",
        "Content-Length": "0",
        "If-None-Match": "*",
        "traceparent": "00-60aac4bc6eeb4fd51859450e126146b3-4a288c4a0b579e55-00",
        "User-Agent": "azsdk-net-Storage.Blobs/12.23.0-alpha.20241018.1 (.NET 8.0.10; Microsoft Windows 10.0.22631)",
        "x-ms-blob-cache-control": "no-cache",
        "x-ms-blob-content-disposition": "inline",
        "x-ms-blob-content-encoding": "",
        "x-ms-blob-content-language": "en-US",
        "x-ms-blob-content-length": "0",
        "x-ms-blob-content-type": "text/plain",
        "x-ms-blob-type": "PageBlob",
        "x-ms-client-request-id": "Sanitized",
        "x-ms-date": "Fri, 18 Oct 2024 19:25:03 GMT",
        "x-ms-meta-Capital": "letter",
        "x-ms-meta-foo": "bar",
        "x-ms-meta-meta": "data",
        "x-ms-meta-UPPER": "case",
        "x-ms-return-client-request-id": "true",
        "x-ms-version": "2025-01-05"
      },
      "RequestBody": null,
      "StatusCode": 201,
      "ResponseHeaders": {
        "Content-Length": "0",
        "Date": "Fri, 18 Oct 2024 19:25:03 GMT",
        "ETag": "\"0x8DCEFAA9110C6DE\"",
        "Last-Modified": "Fri, 18 Oct 2024 19:25:03 GMT",
        "Server": [
          "Windows-Azure-Blob/1.0",
          "Microsoft-HTTPAPI/2.0"
        ],
        "x-ms-client-request-id": "Sanitized",
        "x-ms-request-id": "821825b3-701e-0001-3d93-21851e000000",
        "x-ms-request-server-encrypted": "true",
        "x-ms-version": "2025-01-05",
        "x-ms-version-id": "2024-10-18T19:25:03.7042398Z"
      },
      "ResponseBody": null
    },
    {
      "RequestUri": "https://jalauzonnettest.blob.core.windows.net/test-container-c7cb5978-2161-cdbe-c0be-ce2f61c6047d/destFolder/item2",
      "RequestMethod": "PUT",
      "RequestHeaders": {
        "Accept": "application/xml",
        "Authorization": "Sanitized",
        "Content-Length": "0",
        "If-None-Match": "*",
        "traceparent": "00-929a83b68f814458b46209a84f72002b-34e5b8031c4c5674-00",
        "User-Agent": "azsdk-net-Storage.Blobs/12.23.0-alpha.20241018.1 (.NET 8.0.10; Microsoft Windows 10.0.22631)",
        "x-ms-blob-cache-control": "no-cache",
        "x-ms-blob-content-disposition": "inline",
        "x-ms-blob-content-encoding": "",
        "x-ms-blob-content-language": "en-US",
        "x-ms-blob-content-length": "0",
        "x-ms-blob-content-type": "text/plain",
        "x-ms-blob-type": "PageBlob",
        "x-ms-client-request-id": "Sanitized",
        "x-ms-date": "Fri, 18 Oct 2024 19:25:03 GMT",
        "x-ms-meta-Capital": "letter",
        "x-ms-meta-foo": "bar",
        "x-ms-meta-meta": "data",
        "x-ms-meta-UPPER": "case",
        "x-ms-return-client-request-id": "true",
        "x-ms-version": "2025-01-05"
      },
      "RequestBody": null,
      "StatusCode": 201,
      "ResponseHeaders": {
        "Content-Length": "0",
        "Date": "Fri, 18 Oct 2024 19:25:03 GMT",
        "ETag": "\"0x8DCEFAA9117CAB9\"",
        "Last-Modified": "Fri, 18 Oct 2024 19:25:03 GMT",
        "Server": [
          "Windows-Azure-Blob/1.0",
          "Microsoft-HTTPAPI/2.0"
        ],
        "x-ms-client-request-id": "Sanitized",
        "x-ms-request-id": "821825b5-701e-0001-3f93-21851e000000",
        "x-ms-request-server-encrypted": "true",
        "x-ms-version": "2025-01-05",
        "x-ms-version-id": "2024-10-18T19:25:03.7502137Z"
      },
      "ResponseBody": null
    },
    {
      "RequestUri": "https://jalauzonnettest.blob.core.windows.net/test-container-c7cb5978-2161-cdbe-c0be-ce2f61c6047d/destFolder/pik/item4",
      "RequestMethod": "PUT",
      "RequestHeaders": {
        "Accept": "application/xml",
        "Authorization": "Sanitized",
        "Content-Length": "0",
        "If-None-Match": "*",
        "traceparent": "00-a50fd046c2e92acfde01c3edcd8fe54f-1869893bd471ad53-00",
        "User-Agent": "azsdk-net-Storage.Blobs/12.23.0-alpha.20241018.1 (.NET 8.0.10; Microsoft Windows 10.0.22631)",
        "x-ms-blob-cache-control": "no-cache",
        "x-ms-blob-content-disposition": "inline",
        "x-ms-blob-content-encoding": "",
        "x-ms-blob-content-language": "en-US",
        "x-ms-blob-content-length": "0",
        "x-ms-blob-content-type": "text/plain",
        "x-ms-blob-type": "PageBlob",
        "x-ms-client-request-id": "Sanitized",
        "x-ms-date": "Fri, 18 Oct 2024 19:25:03 GMT",
        "x-ms-meta-Capital": "letter",
        "x-ms-meta-foo": "bar",
        "x-ms-meta-meta": "data",
        "x-ms-meta-UPPER": "case",
        "x-ms-return-client-request-id": "true",
        "x-ms-version": "2025-01-05"
      },
      "RequestBody": null,
      "StatusCode": 201,
      "ResponseHeaders": {
        "Content-Length": "0",
        "Date": "Fri, 18 Oct 2024 19:25:03 GMT",
        "ETag": "\"0x8DCEFAA91207C06\"",
        "Last-Modified": "Fri, 18 Oct 2024 19:25:03 GMT",
        "Server": [
          "Windows-Azure-Blob/1.0",
          "Microsoft-HTTPAPI/2.0"
        ],
        "x-ms-client-request-id": "Sanitized",
        "x-ms-request-id": "821825b7-701e-0001-4193-21851e000000",
        "x-ms-request-server-encrypted": "true",
        "x-ms-version": "2025-01-05",
        "x-ms-version-id": "2024-10-18T19:25:03.8071814Z"
      },
      "ResponseBody": null
    },
    {
      "RequestUri": "https://jalauzonnettest.blob.core.windows.net/test-container-c7cb5978-2161-cdbe-c0be-ce2f61c6047d?restype=container",
      "RequestMethod": "DELETE",
      "RequestHeaders": {
        "Accept": "application/xml",
        "Authorization": "Sanitized",
        "traceparent": "00-101d546e485ad2cca17b85ad35d375bc-f80eb94f4291a218-00",
        "User-Agent": "azsdk-net-Storage.Blobs/12.23.0-alpha.20241018.1 (.NET 8.0.10; Microsoft Windows 10.0.22631)",
        "x-ms-client-request-id": "Sanitized",
        "x-ms-date": "Fri, 18 Oct 2024 19:25:03 GMT",
        "x-ms-return-client-request-id": "true",
        "x-ms-version": "2025-01-05"
      },
      "RequestBody": null,
      "StatusCode": 202,
      "ResponseHeaders": {
        "Content-Length": "0",
        "Date": "Fri, 18 Oct 2024 19:25:03 GMT",
        "Server": [
          "Windows-Azure-Blob/1.0",
          "Microsoft-HTTPAPI/2.0"
        ],
        "x-ms-client-request-id": "Sanitized",
        "x-ms-request-id": "821825ba-701e-0001-4393-21851e000000",
        "x-ms-version": "2025-01-05"
      },
      "ResponseBody": null
    },
    {
      "RequestUri": "https://jalauzonnettest.blob.core.windows.net/test-container-3a6e8115-5853-bd7a-7994-66fe1ae70203?sv=Sanitized&se=2024-10-19T19%3A25%3A03Z&sr=c&sp=racwdxltfi&sig=Sanitized&restype=container",
      "RequestMethod": "DELETE",
      "RequestHeaders": {
        "Accept": "application/xml",
        "User-Agent": "azsdk-net-Storage.Blobs/12.23.0-alpha.20241018.1 (.NET 8.0.10; Microsoft Windows 10.0.22631)",
        "x-ms-client-request-id": "Sanitized",
        "x-ms-return-client-request-id": "true",
        "x-ms-version": "2025-01-05"
      },
      "RequestBody": null,
      "StatusCode": 403,
      "ResponseHeaders": {
        "Content-Length": "246",
        "Content-Type": "application/xml",
        "Date": "Fri, 18 Oct 2024 19:25:03 GMT",
        "Server": [
          "Windows-Azure-Blob/1.0",
          "Microsoft-HTTPAPI/2.0"
        ],
        "x-ms-client-request-id": "Sanitized",
        "x-ms-error-code": "AuthorizationFailure",
        "x-ms-request-id": "821825bb-701e-0001-4493-21851e000000",
        "x-ms-version": "2025-01-05"
      },
      "ResponseBody": [
        "\uFEFF<?xml version=\"1.0\" encoding=\"utf-8\"?><Error><Code>AuthorizationFailure</Code><Message>This request is not authorized to perform this operation.\n",
        "RequestId:821825bb-701e-0001-4493-21851e000000\n",
        "Time:2024-10-18T19:25:03.9085207Z</Message></Error>"
      ]
    }
  ],
  "Variables": {
    "DateTimeOffsetNow": "2024-10-18T12:25:03.2919578-07:00",
    "RandomSeed": "1274608097",
    "Storage_TestConfigDefault": "ProductionTenant\njalauzonnettest\nU2FuaXRpemVk\nhttps://jalauzonnettest.blob.core.windows.net\nhttps://jalauzonnettest.file.core.windows.net\nhttps://jalauzonnettest.queue.core.windows.net\nhttps://jalauzonnettest.table.core.windows.net\n\n\n\n\nhttps://jalauzonnettest-secondary.blob.core.windows.net\nhttps://jalauzonnettest-secondary.file.core.windows.net\nhttps://jalauzonnettest-secondary.queue.core.windows.net\nhttps://jalauzonnettest-secondary.table.core.windows.net\nCloud\nBlobEndpoint=https://jalauzonnettest.blob.core.windows.net/;QueueEndpoint=https://jalauzonnettest.queue.core.windows.net/;FileEndpoint=https://jalauzonnettest.file.core.windows.net/;BlobSecondaryEndpoint=https://jalauzonnettest-secondary.blob.core.windows.net/;QueueSecondaryEndpoint=https://jalauzonnettest-secondary.queue.core.windows.net/;FileSecondaryEndpoint=https://jalauzonnettest-secondary.file.core.windows.net/;AccountName=jalauzonnettest;AccountKey=Sanitized\ntestscope1\n\n"
  }
}
