{
  "Entries": [
    {
      "RequestUri": "https://Sanitized.table.cosmos.azure.com/Tables",
      "RequestMethod": "POST",
      "RequestHeaders": {
        "Accept": "application/json;odata=minimalmetadata",
        "Accept-Encoding": "gzip",
        "Authorization": "Sanitized",
        "Content-Length": "35",
        "Content-Type": "application/json",
        "DataServiceVersion": "3.0",
        "User-Agent": "azsdk-go-aztables/v1.2.1 (go1.22.2; linux)",
        "X-Ms-Date": "Sat, 18 May 2024 00:04:01 GMT",
        "x-ms-version": "2019-02-02"
      },
      "RequestBody": {
        "TableName": "tableName3824930439"
      },
      "StatusCode": 201,
      "ResponseHeaders": {
        "Content-Type": "application/json; odata=minimalmetadata",
        "Date": "Sat, 18 May 2024 00:03:42 GMT",
        "ETag": "W/\"datetime'2024-05-18T00%3A03%3A43.4636289Z'\"",
        "Location": "Sanitized",
        "Transfer-Encoding": "chunked"
      },
      "ResponseBody": {
        "TableName": "tableName3824930439",
        "odata.metadata": "https://Sanitized.table.cosmos.azure.com/$metadata#Tables/@Element"
      }
    },
    {
      "RequestUri": "https://Sanitized.table.cosmos.azure.com/tableName3824930439",
      "RequestMethod": "POST",
      "RequestHeaders": {
        "Accept": "application/json;odata=minimalmetadata",
        "Accept-Encoding": "gzip",
        "Authorization": "Sanitized",
        "Content-Length": "202",
        "Content-Type": "application/json",
        "DataServiceVersion": "3.0",
        "User-Agent": "azsdk-go-aztables/v1.2.1 (go1.22.2; linux)",
        "X-Ms-Date": "Sat, 18 May 2024 00:04:01 GMT",
        "x-ms-version": "2019-02-02"
      },
      "RequestBody": {
        "DoubleQuote": "\"\"",
        "JustSpaces": "    ",
        "LeadingSpaces": "   abc",
        "LeadingTrailingSpaces": "    abc    ",
        "PartitionKey": "partition3824930439",
        "RowKey": "1",
        "SingleQuote": "''",
        "TrailingSpaces": "abc     "
      },
      "StatusCode": 201,
      "ResponseHeaders": {
        "Content-Type": "application/json; odata=minimalmetadata",
        "Date": "Sat, 18 May 2024 00:03:42 GMT",
        "ETag": "W/\"datetime'2024-05-18T00%3A03%3A43.7890561Z'\"",
        "Location": "Sanitized",
        "Transfer-Encoding": "chunked"
      },
      "ResponseBody": {
        "odata.metadata": "https://Sanitized.table.cosmos.azure.com/tableName3824930439/$metadata#tableName3824930439/@Element",
        "odata.etag": "W/\"datetime'2024-05-18T00%3A03%3A43.7890561Z'\"",
        "DoubleQuote": "\"\"",
        "JustSpaces": "    ",
        "LeadingSpaces": "   abc",
        "LeadingTrailingSpaces": "    abc    ",
        "PartitionKey": "partition3824930439",
        "RowKey": "1",
        "SingleQuote": "''",
        "TrailingSpaces": "abc     ",
        "Timestamp": "2024-05-18T00:03:43.7890561Z"
      }
    },
    {
      "RequestUri": "https://Sanitized.table.cosmos.azure.com/tableName3824930439(PartitionKey='partition3824930439',RowKey='1')",
      "RequestMethod": "GET",
      "RequestHeaders": {
        "Accept": "application/json;odata=minimalmetadata",
        "Accept-Encoding": "gzip",
        "Authorization": "Sanitized",
        "DataServiceVersion": "3.0",
        "User-Agent": "azsdk-go-aztables/v1.2.1 (go1.22.2; linux)",
        "X-Ms-Date": "Sat, 18 May 2024 00:04:01 GMT",
        "x-ms-version": "2019-02-02"
      },
      "RequestBody": null,
      "StatusCode": 200,
      "ResponseHeaders": {
        "Content-Type": "application/json; odata=minimalmetadata",
        "Date": "Sat, 18 May 2024 00:03:43 GMT",
        "ETag": "W/\"datetime'2024-05-18T00%3A03%3A43.7890561Z'\"",
        "Transfer-Encoding": "chunked"
      },
      "ResponseBody": {
        "odata.metadata": "https://Sanitized.table.cosmos.azure.com/tableName3824930439/$metadata#tableName3824930439/@Element",
        "odata.etag": "W/\"datetime'2024-05-18T00%3A03%3A43.7890561Z'\"",
        "DoubleQuote": "\"\"",
        "JustSpaces": "    ",
        "LeadingSpaces": "   abc",
        "LeadingTrailingSpaces": "    abc    ",
        "PartitionKey": "partition3824930439",
        "RowKey": "1",
        "SingleQuote": "''",
        "TrailingSpaces": "abc     ",
        "Timestamp": "2024-05-18T00:03:43.7890561Z"
      }
    },
    {
      "RequestUri": "https://Sanitized.table.cosmos.azure.com/Tables('tableName3824930439')",
      "RequestMethod": "DELETE",
      "RequestHeaders": {
        "Accept": "application/json",
        "Accept-Encoding": "gzip",
        "Authorization": "Sanitized",
        "User-Agent": "azsdk-go-aztables/v1.2.1 (go1.22.2; linux)",
        "X-Ms-Date": "Sat, 18 May 2024 00:04:01 GMT",
        "x-ms-version": "2019-02-02"
      },
      "RequestBody": null,
      "StatusCode": 204,
      "ResponseHeaders": {
        "Content-Type": "application/json",
        "Date": "Sat, 18 May 2024 00:03:43 GMT"
      },
      "ResponseBody": null
    }
  ],
  "Variables": {}
}
