{
  "Entries": [
    {
      "RequestUri": "https://smtest20240108.blob.preprod.core.windows.net/test-container-66e6152f-99dd-4a04-d978-a6e50d4abacf?restype=container",
      "RequestMethod": "PUT",
      "RequestHeaders": {
        "Accept": "application/xml",
        "Authorization": "Sanitized",
        "Content-Length": "0",
        "traceparent": "00-31229869ca10d29683ada0d0322e9026-8352250fb6a0cca2-00",
        "User-Agent": "azsdk-net-Storage.Blobs/12.23.0-alpha.20240924.1 (.NET 8.0.8; Microsoft Windows 10.0.22631)",
        "x-ms-client-request-id": "Sanitized",
        "x-ms-date": "Tue, 24 Sep 2024 21:14:09 GMT",
        "x-ms-return-client-request-id": "true",
        "x-ms-version": "2025-01-05"
      },
      "RequestBody": null,
      "StatusCode": 201,
      "ResponseHeaders": {
        "Content-Length": "0",
        "Date": "Tue, 24 Sep 2024 21:14:09 GMT",
        "ETag": "\"0x8DCDCDDD4B30014\"",
        "Last-Modified": "Tue, 24 Sep 2024 21:14:09 GMT",
        "x-ms-client-request-id": "Sanitized",
        "x-ms-request-id": "e31e425d-601e-0002-0fc6-0e2f13000000",
        "x-ms-version": "2025-01-05"
      },
      "ResponseBody": null
    },
    {
      "RequestUri": "https://smtest20240108.blob.preprod.core.windows.net/test-container-66e6152f-99dd-4a04-d978-a6e50d4abacf/test-blob-a543520a-6fb2-52e8-8f19-93b647e97370",
      "RequestMethod": "PUT",
      "RequestHeaders": {
        "Accept": "application/xml",
        "Authorization": "Sanitized",
        "Content-Length": "0",
        "traceparent": "00-31972cafb610683d791e4bba82a212dc-901f03708fdb0bfa-00",
        "User-Agent": "azsdk-net-Storage.Blobs/12.23.0-alpha.20240924.1 (.NET 8.0.8; Microsoft Windows 10.0.22631)",
        "x-ms-blob-content-length": "1024",
        "x-ms-blob-type": "PageBlob",
        "x-ms-client-request-id": "Sanitized",
        "x-ms-date": "Tue, 24 Sep 2024 21:14:09 GMT",
        "x-ms-return-client-request-id": "true",
        "x-ms-version": "2025-01-05"
      },
      "RequestBody": null,
      "StatusCode": 201,
      "ResponseHeaders": {
        "Content-Length": "0",
        "Date": "Tue, 24 Sep 2024 21:14:09 GMT",
        "ETag": "\"0x8DCDCDDD4C1B9A1\"",
        "Last-Modified": "Tue, 24 Sep 2024 21:14:09 GMT",
        "x-ms-client-request-id": "Sanitized",
        "x-ms-request-id": "e31e425f-601e-0002-10c6-0e2f13000000",
        "x-ms-request-server-encrypted": "true",
        "x-ms-version": "2025-01-05"
      },
      "ResponseBody": null
    },
    {
      "RequestUri": "https://smtest20240108.blob.preprod.core.windows.net/test-container-66e6152f-99dd-4a04-d978-a6e50d4abacf?restype=container",
      "RequestMethod": "DELETE",
      "RequestHeaders": {
        "Accept": "application/xml",
        "Authorization": "Sanitized",
        "traceparent": "00-9c7899aa995f899aa9e1191173e9f204-afec86b24e84937a-00",
        "User-Agent": "azsdk-net-Storage.Blobs/12.23.0-alpha.20240924.1 (.NET 8.0.8; Microsoft Windows 10.0.22631)",
        "x-ms-client-request-id": "Sanitized",
        "x-ms-date": "Tue, 24 Sep 2024 21:14:09 GMT",
        "x-ms-return-client-request-id": "true",
        "x-ms-version": "2025-01-05"
      },
      "RequestBody": null,
      "StatusCode": 202,
      "ResponseHeaders": {
        "Content-Length": "0",
        "Date": "Tue, 24 Sep 2024 21:14:09 GMT",
        "x-ms-client-request-id": "Sanitized",
        "x-ms-request-id": "e31e4260-601e-0002-11c6-0e2f13000000",
        "x-ms-version": "2025-01-05"
      },
      "ResponseBody": null
    }
  ],
  "Variables": {
    "RandomSeed": "303744532",
    "Storage_TestConfigDefault": "ProductionTenant\nsmtest20240108\nU2FuaXRpemVk\nhttps://smtest20240108.blob.preprod.core.windows.net\nhttps://smtest20240108.file.preprod.core.windows.net\nhttps://smtest20240108.queue.preprod.core.windows.net\nhttps://smtest20240108.table.preprod.core.windows.net\n\n\n\n\nhttps://smtest20240108-secondary.blob.preprod.core.windows.net\nhttps://smtest20240108-secondary.file.preprod.core.windows.net\nhttps://smtest20240108-secondary.queue.preprod.core.windows.net\nhttps://smtest20240108-secondary.table.preprod.core.windows.net\nCloud\nBlobEndpoint=https://smtest20240108.blob.preprod.core.windows.net/;QueueEndpoint=https://smtest20240108.queue.preprod.core.windows.net/;FileEndpoint=https://smtest20240108.file.preprod.core.windows.net/;BlobSecondaryEndpoint=https://smtest20240108-secondary.blob.preprod.core.windows.net/;QueueSecondaryEndpoint=https://smtest20240108-secondary.queue.preprod.core.windows.net/;FileSecondaryEndpoint=https://smtest20240108-secondary.file.preprod.core.windows.net/;AccountName=smtest20240108;AccountKey=Sanitized\nseanscope1\nkupplaks-rg\n560efead-282d-42a4-8f12-1b37d2a4e785"
  }
}
