{
  "Entries": [
    {
      "RequestUri": "https://camaiaor-formrec-eastus.cognitiveservices.azure.com/formrecognizer/documentModels:build?api-version=2023-02-28-preview",
      "RequestMethod": "POST",
      "RequestHeaders": {
        "Accept": "application/json",
        "Content-Length": "218",
        "Content-Type": "application/json",
        "Ocp-Apim-Subscription-Key": "Sanitized",
        "traceparent": "00-1383efaeb7a1b0636795db030d8aa087-5dc5f26be259d646-00",
        "User-Agent": "azsdk-net-AI.FormRecognizer/4.1.0-alpha.20230329.1 (.NET 6.0.15; Microsoft Windows 10.0.22621)",
        "x-ms-client-request-id": "6bbd15bb4d210d6165a8565acb7e34e7",
        "x-ms-return-client-request-id": "true"
      },
      "RequestBody": {
        "modelId": "1553669827",
        "buildMode": "template",
        "azureBlobSource": {
          "containerUrl": "https://sanitized.blob.core.windows.net"
        },
        "tags": {
          "ordinary tag": "an ordinary tag",
          "crazy tag": "a CRAZY tag 123!@#$%^\u0026*()[]{}\\/?.,\u003C\u003E"
        }
      },
      "StatusCode": 202,
      "ResponseHeaders": {
        "apim-request-id": "3beb2c1e-76bc-4d71-b13a-2e99a92c0f1d",
        "Content-Length": "0",
        "Date": "Thu, 30 Mar 2023 02:44:27 GMT",
        "operation-location": "https://camaiaor-formrec-eastus.cognitiveservices.azure.com/formrecognizer/operations/31486223734_3beb2c1e-76bc-4d71-b13a-2e99a92c0f1d?api-version=2023-02-28-preview",
        "Strict-Transport-Security": "max-age=31536000; includeSubDomains; preload",
        "X-Content-Type-Options": "nosniff",
        "x-envoy-upstream-service-time": "2546",
        "x-ms-region": "East US"
      },
      "ResponseBody": null
    },
    {
      "RequestUri": "https://camaiaor-formrec-eastus.cognitiveservices.azure.com/formrecognizer/operations/31486223734_3beb2c1e-76bc-4d71-b13a-2e99a92c0f1d?api-version=2023-02-28-preview",
      "RequestMethod": "GET",
      "RequestHeaders": {
        "Accept": "application/json",
        "Ocp-Apim-Subscription-Key": "Sanitized",
        "traceparent": "00-1383efaeb7a1b0636795db030d8aa087-1919d93d67d3d437-00",
        "User-Agent": "azsdk-net-AI.FormRecognizer/4.1.0-alpha.20230329.1 (.NET 6.0.15; Microsoft Windows 10.0.22621)",
        "x-ms-client-request-id": "82984533948b09d08732c1cab862b4ef",
        "x-ms-return-client-request-id": "true"
      },
      "RequestBody": null,
      "StatusCode": 200,
      "ResponseHeaders": {
        "apim-request-id": "285c3868-9442-4b38-973f-c40f74e3e3e8",
        "Content-Type": "application/json; charset=utf-8",
        "Date": "Thu, 30 Mar 2023 02:44:28 GMT",
        "Strict-Transport-Security": "max-age=31536000; includeSubDomains; preload",
        "Transfer-Encoding": "chunked",
        "X-Content-Type-Options": "nosniff",
        "x-envoy-upstream-service-time": "19",
        "x-ms-region": "East US"
      },
      "ResponseBody": {
        "operationId": "31486223734_3beb2c1e-76bc-4d71-b13a-2e99a92c0f1d",
        "kind": "documentModelBuild",
        "status": "notStarted",
        "createdDateTime": "2023-03-30T02:44:25Z",
        "lastUpdatedDateTime": "2023-03-30T02:44:25Z",
        "resourceLocation": "https://camaiaor-formrec-eastus.cognitiveservices.azure.com/formrecognizer/documentModels/1553669827?api-version=2023-02-28-preview",
        "tags": {
          "ordinary tag": "an ordinary tag",
          "crazy tag": "a CRAZY tag 123!@#$%^\u0026*()[]{}\\/?.,\u003C\u003E"
        }
      }
    },
    {
      "RequestUri": "https://camaiaor-formrec-eastus.cognitiveservices.azure.com/formrecognizer/operations/31486223734_3beb2c1e-76bc-4d71-b13a-2e99a92c0f1d?api-version=2023-02-28-preview",
      "RequestMethod": "GET",
      "RequestHeaders": {
        "Accept": "application/json",
        "Ocp-Apim-Subscription-Key": "Sanitized",
        "traceparent": "00-1383efaeb7a1b0636795db030d8aa087-d7213ad9b4401930-00",
        "User-Agent": "azsdk-net-AI.FormRecognizer/4.1.0-alpha.20230329.1 (.NET 6.0.15; Microsoft Windows 10.0.22621)",
        "x-ms-client-request-id": "e05b0010022cc7311ec3cb52b8983a46",
        "x-ms-return-client-request-id": "true"
      },
      "RequestBody": null,
      "StatusCode": 200,
      "ResponseHeaders": {
        "apim-request-id": "ee6abbfd-7143-47e6-98f9-aa7483f99bb0",
        "Content-Type": "application/json; charset=utf-8",
        "Date": "Thu, 30 Mar 2023 02:44:29 GMT",
        "Strict-Transport-Security": "max-age=31536000; includeSubDomains; preload",
        "Transfer-Encoding": "chunked",
        "X-Content-Type-Options": "nosniff",
        "x-envoy-upstream-service-time": "22",
        "x-ms-region": "East US"
      },
      "ResponseBody": {
        "operationId": "31486223734_3beb2c1e-76bc-4d71-b13a-2e99a92c0f1d",
        "kind": "documentModelBuild",
        "status": "running",
        "createdDateTime": "2023-03-30T02:44:25Z",
        "lastUpdatedDateTime": "2023-03-30T02:44:28Z",
        "resourceLocation": "https://camaiaor-formrec-eastus.cognitiveservices.azure.com/formrecognizer/documentModels/1553669827?api-version=2023-02-28-preview",
        "tags": {
          "ordinary tag": "an ordinary tag",
          "crazy tag": "a CRAZY tag 123!@#$%^\u0026*()[]{}\\/?.,\u003C\u003E"
        }
      }
    },
    {
      "RequestUri": "https://camaiaor-formrec-eastus.cognitiveservices.azure.com/formrecognizer/operations/31486223734_3beb2c1e-76bc-4d71-b13a-2e99a92c0f1d?api-version=2023-02-28-preview",
      "RequestMethod": "GET",
      "RequestHeaders": {
        "Accept": "application/json",
        "Ocp-Apim-Subscription-Key": "Sanitized",
        "traceparent": "00-1383efaeb7a1b0636795db030d8aa087-46a6baf31a97bef1-00",
        "User-Agent": "azsdk-net-AI.FormRecognizer/4.1.0-alpha.20230329.1 (.NET 6.0.15; Microsoft Windows 10.0.22621)",
        "x-ms-client-request-id": "c01465682d8d273844b3e3ef8b965403",
        "x-ms-return-client-request-id": "true"
      },
      "RequestBody": null,
      "StatusCode": 200,
      "ResponseHeaders": {
        "apim-request-id": "ae48c478-3ab4-4992-81ad-034a492f3e9f",
        "Content-Type": "application/json; charset=utf-8",
        "Date": "Thu, 30 Mar 2023 02:44:30 GMT",
        "Strict-Transport-Security": "max-age=31536000; includeSubDomains; preload",
        "Transfer-Encoding": "chunked",
        "X-Content-Type-Options": "nosniff",
        "x-envoy-upstream-service-time": "21",
        "x-ms-region": "East US"
      },
      "ResponseBody": {
        "operationId": "31486223734_3beb2c1e-76bc-4d71-b13a-2e99a92c0f1d",
        "kind": "documentModelBuild",
        "status": "succeeded",
        "createdDateTime": "2023-03-30T02:44:25Z",
        "lastUpdatedDateTime": "2023-03-30T02:44:30Z",
        "resourceLocation": "https://camaiaor-formrec-eastus.cognitiveservices.azure.com/formrecognizer/documentModels/1553669827?api-version=2023-02-28-preview",
        "percentCompleted": 100,
        "result": {
          "docTypes": {
            "1553669827": {
              "fieldSchema": {
                "Merchant": {
                  "type": "string"
                },
                "PhoneNumber": {
                  "type": "string"
                },
                "Website": {
                  "type": "string"
                },
                "Email": {
                  "type": "string"
                },
                "PurchaseOrderNumber": {
                  "type": "string"
                },
                "DatedAs": {
                  "type": "string"
                },
                "VendorName": {
                  "type": "string"
                },
                "CompanyName": {
                  "type": "string"
                },
                "CompanyAddress": {
                  "type": "string"
                },
                "CompanyPhoneNumber": {
                  "type": "string"
                },
                "Subtotal": {
                  "type": "string"
                },
                "Tax": {
                  "type": "string"
                },
                "Total": {
                  "type": "string"
                },
                "Signature": {
                  "type": "string"
                },
                "Quantity": {
                  "type": "number"
                },
                "FullSignature": {
                  "type": "signature"
                }
              },
              "buildMode": "template",
              "fieldConfidence": {
                "CompanyAddress": 0.8,
                "CompanyName": 0.995,
                "CompanyPhoneNumber": 0.995,
                "DatedAs": 0.995,
                "Email": 0.8,
                "FullSignature": 0.6,
                "Merchant": 0.995,
                "PhoneNumber": 0.995,
                "PurchaseOrderNumber": 0.995,
                "Quantity": 0.995,
                "Signature": 0.995,
                "Subtotal": 0.995,
                "Tax": 0.995,
                "Total": 0.995,
                "VendorName": 0.995,
                "Website": 0.995
              }
            }
          },
          "modelId": "1553669827",
          "createdDateTime": "2023-03-30T02:44:30Z",
          "expirationDateTime": "2025-03-29T02:44:30Z",
          "apiVersion": "2023-02-28-preview",
          "tags": {
            "ordinary tag": "an ordinary tag",
            "crazy tag": "a CRAZY tag 123!@#$%^\u0026*()[]{}\\/?.,\u003C\u003E"
          }
        },
        "tags": {
          "ordinary tag": "an ordinary tag",
          "crazy tag": "a CRAZY tag 123!@#$%^\u0026*()[]{}\\/?.,\u003C\u003E"
        }
      }
    }
  ],
  "Variables": {
    "FORM_RECOGNIZER_API_KEY": "Sanitized",
    "FORM_RECOGNIZER_BLOB_CONTAINER_SAS_URL": "https://sanitized.blob.core.windows.net",
    "FORM_RECOGNIZER_ENDPOINT": "https://camaiaor-formrec-eastus.cognitiveservices.azure.com/",
    "RandomSeed": "182856390"
  }
}
