{
  "Entries": [
    {
      "RequestUri": "https://Sanitized.azure.com/subscriptions/00000000-0000-0000-0000-000000000/resourceGroups/00000/providers/Microsoft.MachineLearningServices/workspaces/00000/data/mltable_mnist_model?api-version=2023-04-01-preview",
      "RequestMethod": "GET",
      "RequestHeaders": {
        "Accept": "application/json",
        "Accept-Encoding": "gzip, deflate",
        "Connection": "keep-alive",
        "User-Agent": "azure-ai-ml/1.28.0 azsdk-python-mgmt-machinelearningservices/0.1.0 Python/3.10.11 (Windows-10-10.0.26100-SP0)"
      },
      "RequestBody": null,
      "StatusCode": 200,
      "ResponseHeaders": {
        "azureml-served-by-cluster": "vienna-westus-02",
        "Cache-Control": "no-cache",
        "Content-Length": "557",
        "Content-Type": "application/json; charset=utf-8",
        "Date": "Mon, 19 May 2025 19:06:39 GMT",
        "Expires": "-1",
        "Pragma": "no-cache",
        "Request-Context": "appId=cid-v1:2d2e8e63-272e-4b3c-8598-4ee570a0e70d",
        "Strict-Transport-Security": "max-age=31536000; includeSubDomains",
        "Vary": "Accept-Encoding",
        "X-Cache": "CONFIG_NOCACHE",
        "X-Content-Type-Options": "nosniff",
        "x-ms-correlation-request-id": "0a82932f-b256-41be-a719-3a6d22410b67",
        "x-ms-operation-identifier": "tenantId=72f988bf-86f1-41af-91ab-2d7cd011db47,objectId=2658e295-df5c-42f6-b1c2-93b4de9f1904/jioindiacentral/bcd97624-7595-42dd-b589-8546ce8fd4ff",
        "x-ms-ratelimit-remaining-subscription-global-reads": "16499",
        "x-ms-ratelimit-remaining-subscription-reads": "1099",
        "x-ms-response-type": "standard",
        "x-ms-routing-request-id": "JIOINDIACENTRAL:20250519T190639Z:0a82932f-b256-41be-a719-3a6d22410b67",
        "X-MSEdge-Ref": "Ref A: 94E316C5873A48BE90E6D77E0BCD73A0 Ref B: MAA201060513011 Ref C: 2025-05-19T19:06:39Z",
        "x-request-time": "0.041"
      },
      "ResponseBody": {
        "id": "/subscriptions/00000000-0000-0000-0000-000000000/resourceGroups/00000/providers/Microsoft.MachineLearningServices/workspaces/00000/data/mltable_mnist_model",
        "name": "mltable_mnist_model",
        "type": "Microsoft.MachineLearningServices/workspaces/data",
        "properties": {
          "description": null,
          "tags": null,
          "properties": null,
          "isArchived": false,
          "latestVersion": "2",
          "nextVersion": "3",
          "dataType": "mltable"
        },
        "systemData": {
          "createdAt": "2025-05-19T15:11:06.2052539+00:00",
          "createdBy": "Sanitized",
          "createdByType": "User",
          "lastModifiedAt": "2025-05-19T15:11:06.3331109+00:00"
        }
      }
    },
    {
      "RequestUri": "https://Sanitized.azure.com/subscriptions/00000000-0000-0000-0000-000000000/resourceGroups/00000/providers/Microsoft.MachineLearningServices/workspaces/00000/data/mltable_mnist_model/versions/2?api-version=2023-04-01-preview",
      "RequestMethod": "GET",
      "RequestHeaders": {
        "Accept": "application/json",
        "Accept-Encoding": "gzip, deflate",
        "Connection": "keep-alive",
        "User-Agent": "azure-ai-ml/1.28.0 azsdk-python-mgmt-machinelearningservices/0.1.0 Python/3.10.11 (Windows-10-10.0.26100-SP0)"
      },
      "RequestBody": null,
      "StatusCode": 200,
      "ResponseHeaders": {
        "azureml-served-by-cluster": "vienna-westus-02",
        "Cache-Control": "no-cache",
        "Content-Length": "894",
        "Content-Type": "application/json; charset=utf-8",
        "Date": "Mon, 19 May 2025 19:06:40 GMT",
        "Expires": "-1",
        "Pragma": "no-cache",
        "Request-Context": "appId=cid-v1:2d2e8e63-272e-4b3c-8598-4ee570a0e70d",
        "Strict-Transport-Security": "max-age=31536000; includeSubDomains",
        "Vary": "Accept-Encoding",
        "X-Cache": "CONFIG_NOCACHE",
        "X-Content-Type-Options": "nosniff",
        "x-ms-correlation-request-id": "c33f4aa3-19ce-4c49-818a-37f7cc3c211a",
        "x-ms-operation-identifier": "tenantId=72f988bf-86f1-41af-91ab-2d7cd011db47,objectId=2658e295-df5c-42f6-b1c2-93b4de9f1904/jioindiacentral/d011d1b8-7a81-47c2-84b4-2567e49f60d5",
        "x-ms-ratelimit-remaining-subscription-global-reads": "16499",
        "x-ms-ratelimit-remaining-subscription-reads": "1099",
        "x-ms-response-type": "standard",
        "x-ms-routing-request-id": "JIOINDIACENTRAL:20250519T190640Z:c33f4aa3-19ce-4c49-818a-37f7cc3c211a",
        "X-MSEdge-Ref": "Ref A: 123072EB859E4305B0377E37501B08E6 Ref B: MAA201060513011 Ref C: 2025-05-19T19:06:39Z",
        "x-request-time": "0.284"
      },
      "ResponseBody": {
        "id": "/subscriptions/00000000-0000-0000-0000-000000000/resourceGroups/00000/providers/Microsoft.MachineLearningServices/workspaces/00000/data/mltable_mnist_model/versions/2",
        "name": "2",
        "type": "Microsoft.MachineLearningServices/workspaces/data/versions",
        "properties": {
          "description": null,
          "tags": {},
          "properties": {},
          "isArchived": false,
          "isAnonymous": false,
          "autoDeleteSetting": null,
          "dataUri": "azureml://subscriptions/00000000-0000-0000-0000-000000000/resourcegroups/00000/workspaces/00000/datastores/workspaceblobstore/paths/LocalUpload/000000000000000000000000000000000000ab5d9cd5853ff4cb8a2b96921837/mnist-data/",
          "stage": null,
          "intellectualProperty": null,
          "dataType": "mltable",
          "referencedUris": [
            "./0.png",
            "./1.png",
            "./2.png",
            "./3.png"
          ]
        },
        "systemData": {
          "createdAt": "2025-05-19T15:11:06.2718633+00:00",
          "createdBy": "Sanitized",
          "createdByType": "User",
          "lastModifiedAt": "2025-05-19T15:11:06.289953+00:00"
        }
      }
    },
    {
      "RequestUri": "https://Sanitized.azure.com/subscriptions/00000000-0000-0000-0000-000000000/resourceGroups/00000/providers/Microsoft.MachineLearningServices/workspaces/00000/data/mltable_mnist?api-version=2023-04-01-preview",
      "RequestMethod": "GET",
      "RequestHeaders": {
        "Accept": "application/json",
        "Accept-Encoding": "gzip, deflate",
        "Connection": "keep-alive",
        "User-Agent": "azure-ai-ml/1.28.0 azsdk-python-mgmt-machinelearningservices/0.1.0 Python/3.10.11 (Windows-10-10.0.26100-SP0)"
      },
      "RequestBody": null,
      "StatusCode": 200,
      "ResponseHeaders": {
        "azureml-served-by-cluster": "vienna-westus-01",
        "Cache-Control": "no-cache",
        "Content-Length": "544",
        "Content-Type": "application/json; charset=utf-8",
        "Date": "Mon, 19 May 2025 19:06:41 GMT",
        "Expires": "-1",
        "Pragma": "no-cache",
        "Request-Context": "appId=cid-v1:2d2e8e63-272e-4b3c-8598-4ee570a0e70d",
        "Strict-Transport-Security": "max-age=31536000; includeSubDomains",
        "Vary": "Accept-Encoding",
        "X-Cache": "CONFIG_NOCACHE",
        "X-Content-Type-Options": "nosniff",
        "x-ms-correlation-request-id": "cfead291-f828-4b42-91d1-246b132f91ad",
        "x-ms-operation-identifier": "tenantId=72f988bf-86f1-41af-91ab-2d7cd011db47,objectId=2658e295-df5c-42f6-b1c2-93b4de9f1904/jioindiacentral/e37d56c5-87df-4de7-a17f-171c5d41a9bd",
        "x-ms-ratelimit-remaining-subscription-global-reads": "16499",
        "x-ms-ratelimit-remaining-subscription-reads": "1099",
        "x-ms-response-type": "standard",
        "x-ms-routing-request-id": "JIOINDIACENTRAL:20250519T190641Z:cfead291-f828-4b42-91d1-246b132f91ad",
        "X-MSEdge-Ref": "Ref A: A6E5EF24B4A944EE9C2B2F9913D22EB5 Ref B: MAA201060513011 Ref C: 2025-05-19T19:06:40Z",
        "x-request-time": "0.037"
      },
      "ResponseBody": {
        "id": "/subscriptions/00000000-0000-0000-0000-000000000/resourceGroups/00000/providers/Microsoft.MachineLearningServices/workspaces/00000/data/mltable_mnist",
        "name": "mltable_mnist",
        "type": "Microsoft.MachineLearningServices/workspaces/data",
        "properties": {
          "description": null,
          "tags": null,
          "properties": null,
          "isArchived": false,
          "latestVersion": "2",
          "nextVersion": "3",
          "dataType": "mltable"
        },
        "systemData": {
          "createdAt": "2025-05-19T15:11:13.2811006+00:00",
          "createdBy": "Sanitized",
          "createdByType": "User",
          "lastModifiedAt": "2025-05-19T15:11:13.411706+00:00"
        }
      }
    },
    {
      "RequestUri": "https://Sanitized.azure.com/subscriptions/00000000-0000-0000-0000-000000000/resourceGroups/00000/providers/Microsoft.MachineLearningServices/workspaces/00000/data/mltable_mnist/versions/2?api-version=2023-04-01-preview",
      "RequestMethod": "GET",
      "RequestHeaders": {
        "Accept": "application/json",
        "Accept-Encoding": "gzip, deflate",
        "Connection": "keep-alive",
        "User-Agent": "azure-ai-ml/1.28.0 azsdk-python-mgmt-machinelearningservices/0.1.0 Python/3.10.11 (Windows-10-10.0.26100-SP0)"
      },
      "RequestBody": null,
      "StatusCode": 200,
      "ResponseHeaders": {
        "azureml-served-by-cluster": "vienna-westus-01",
        "Cache-Control": "no-cache",
        "Content-Length": "888",
        "Content-Type": "application/json; charset=utf-8",
        "Date": "Mon, 19 May 2025 19:06:41 GMT",
        "Expires": "-1",
        "Pragma": "no-cache",
        "Request-Context": "appId=cid-v1:2d2e8e63-272e-4b3c-8598-4ee570a0e70d",
        "Strict-Transport-Security": "max-age=31536000; includeSubDomains",
        "Vary": "Accept-Encoding",
        "X-Cache": "CONFIG_NOCACHE",
        "X-Content-Type-Options": "nosniff",
        "x-ms-correlation-request-id": "8778eb94-2702-4243-958b-6cd444e31a78",
        "x-ms-operation-identifier": "tenantId=72f988bf-86f1-41af-91ab-2d7cd011db47,objectId=2658e295-df5c-42f6-b1c2-93b4de9f1904/jioindiacentral/ea31535c-7d0f-4696-989f-453c7443a61d",
        "x-ms-ratelimit-remaining-subscription-global-reads": "16498",
        "x-ms-ratelimit-remaining-subscription-reads": "1098",
        "x-ms-response-type": "standard",
        "x-ms-routing-request-id": "JIOINDIACENTRAL:20250519T190642Z:8778eb94-2702-4243-958b-6cd444e31a78",
        "X-MSEdge-Ref": "Ref A: E4860C7B7C5C435FB211B3F2437FE54B Ref B: MAA201060513011 Ref C: 2025-05-19T19:06:41Z",
        "x-request-time": "0.041"
      },
      "ResponseBody": {
        "id": "/subscriptions/00000000-0000-0000-0000-000000000/resourceGroups/00000/providers/Microsoft.MachineLearningServices/workspaces/00000/data/mltable_mnist/versions/2",
        "name": "2",
        "type": "Microsoft.MachineLearningServices/workspaces/data/versions",
        "properties": {
          "description": null,
          "tags": {},
          "properties": {},
          "isArchived": false,
          "isAnonymous": false,
          "autoDeleteSetting": null,
          "dataUri": "azureml://subscriptions/00000000-0000-0000-0000-000000000/resourcegroups/00000/workspaces/00000/datastores/workspaceblobstore/paths/LocalUpload/000000000000000000000000000000000000ab5d9cd5853ff4cb8a2b96921837/mnist-data/",
          "stage": null,
          "intellectualProperty": null,
          "dataType": "mltable",
          "referencedUris": [
            "./0.png",
            "./1.png",
            "./2.png",
            "./3.png"
          ]
        },
        "systemData": {
          "createdAt": "2025-05-19T15:11:13.351551+00:00",
          "createdBy": "Sanitized",
          "createdByType": "User",
          "lastModifiedAt": "2025-05-19T15:11:13.3694288+00:00"
        }
      }
    },
    {
      "RequestUri": "https://Sanitized.azure.com/subscriptions/00000000-0000-0000-0000-000000000/resourceGroups/00000/providers/Microsoft.MachineLearningServices/workspaces/00000/codes/23ebb661-7845-cc9a-b1da-084f1abaf69e/versions?api-version=2023-04-01&hash=682762579124a10c3ff944319a47b8d023ed3ca269ea5550874bdb61d08ff95f&hashVersion=202208",
      "RequestMethod": "GET",
      "RequestHeaders": {
        "Accept": "application/json",
        "Accept-Encoding": "gzip, deflate",
        "Connection": "keep-alive",
        "User-Agent": "azure-ai-ml/1.28.0 azsdk-python-mgmt-machinelearningservices/0.1.0 Python/3.10.11 (Windows-10-10.0.26100-SP0)"
      },
      "RequestBody": null,
      "StatusCode": 200,
      "ResponseHeaders": {
        "azureml-served-by-cluster": "vienna-westus-01",
        "Cache-Control": "no-cache",
        "Content-Length": "882",
        "Content-Type": "application/json; charset=utf-8",
        "Date": "Mon, 19 May 2025 19:06:44 GMT",
        "Expires": "-1",
        "Pragma": "no-cache",
        "Request-Context": "appId=cid-v1:2d2e8e63-272e-4b3c-8598-4ee570a0e70d",
        "Strict-Transport-Security": "max-age=31536000; includeSubDomains",
        "Vary": "Accept-Encoding",
        "X-Cache": "CONFIG_NOCACHE",
        "X-Content-Type-Options": "nosniff",
        "x-ms-correlation-request-id": "8d71abf3-bccd-4c7e-a7c3-e104f66144d8",
        "x-ms-operation-identifier": "tenantId=72f988bf-86f1-41af-91ab-2d7cd011db47,objectId=2658e295-df5c-42f6-b1c2-93b4de9f1904/jioindiacentral/b7b8f990-db9c-4d1d-8678-30d1fba1da75",
        "x-ms-ratelimit-remaining-subscription-global-reads": "16498",
        "x-ms-ratelimit-remaining-subscription-reads": "1098",
        "x-ms-response-type": "standard",
        "x-ms-routing-request-id": "JIOINDIACENTRAL:20250519T190644Z:8d71abf3-bccd-4c7e-a7c3-e104f66144d8",
        "X-MSEdge-Ref": "Ref A: 35AC9CB902F740D992B1CAB764F7FE41 Ref B: MAA201060516009 Ref C: 2025-05-19T19:06:44Z",
        "x-request-time": "0.041"
      },
      "ResponseBody": {
        "value": [
          {
            "id": "/subscriptions/00000000-0000-0000-0000-000000000/resourceGroups/00000/providers/Microsoft.MachineLearningServices/workspaces/00000/codes/23ebb661-7845-cc9a-b1da-084f1abaf69e/versions/1",
            "name": "1",
            "type": "Microsoft.MachineLearningServices/workspaces/codes/versions",
            "properties": {
              "description": null,
              "tags": {},
              "properties": {
                "hash_sha256": "682762579124a10c3ff944319a47b8d023ed3ca269ea5550874bdb61d08ff95f",
                "hash_version": "202208"
              },
              "isArchived": false,
              "isAnonymous": false,
              "codeUri": "https://saw5gakqr75l2j2.blob.core.windows.net:443/5d1b7bea-bf23-4d5c-a95e-a68e0c9a03d0-q7qoqstdyxpg7m0giqzn8h0t6j/batch_inference",
              "provisioningState": "Succeeded"
            },
            "systemData": {
              "createdAt": "2025-05-19T15:54:01.1954525+00:00",
              "createdBy": "Sanitized",
              "createdByType": "User",
              "lastModifiedAt": "2025-05-19T15:54:01.1954525+00:00",
              "lastModifiedBy": "Sanitized",
              "lastModifiedByType": "User"
            }
          }
        ]
      }
    },
    {
      "RequestUri": "https://Sanitized.azure.com/subscriptions/00000000-0000-0000-0000-000000000/resourceGroups/00000/providers/Microsoft.MachineLearningServices/workspaces/00000/codes/23ebb661-7845-cc9a-b1da-084f1abaf69e/versions/1?api-version=2023-04-01",
      "RequestMethod": "GET",
      "RequestHeaders": {
        "Accept": "application/json",
        "Accept-Encoding": "gzip, deflate",
        "Connection": "keep-alive",
        "User-Agent": "azure-ai-ml/1.28.0 azsdk-python-mgmt-machinelearningservices/0.1.0 Python/3.10.11 (Windows-10-10.0.26100-SP0)"
      },
      "RequestBody": null,
      "StatusCode": 200,
      "ResponseHeaders": {
        "azureml-served-by-cluster": "vienna-westus-02",
        "Cache-Control": "no-cache",
        "Content-Length": "826",
        "Content-Type": "application/json; charset=utf-8",
        "Date": "Mon, 19 May 2025 19:06:45 GMT",
        "Expires": "-1",
        "Pragma": "no-cache",
        "Request-Context": "appId=cid-v1:2d2e8e63-272e-4b3c-8598-4ee570a0e70d",
        "Strict-Transport-Security": "max-age=31536000; includeSubDomains",
        "Vary": "Accept-Encoding",
        "X-Cache": "CONFIG_NOCACHE",
        "X-Content-Type-Options": "nosniff",
        "x-ms-correlation-request-id": "93a7c77c-37c7-4404-91be-a699aadc855b",
        "x-ms-operation-identifier": "tenantId=72f988bf-86f1-41af-91ab-2d7cd011db47,objectId=2658e295-df5c-42f6-b1c2-93b4de9f1904/jioindiacentral/3b59b56e-7277-444a-a61f-0745ee6c9240",
        "x-ms-ratelimit-remaining-subscription-global-reads": "16499",
        "x-ms-ratelimit-remaining-subscription-reads": "1099",
        "x-ms-response-type": "standard",
        "x-ms-routing-request-id": "JIOINDIACENTRAL:20250519T190646Z:93a7c77c-37c7-4404-91be-a699aadc855b",
        "X-MSEdge-Ref": "Ref A: 471FE036F65545EC8805BC13088D3A40 Ref B: MAA201060516009 Ref C: 2025-05-19T19:06:44Z",
        "x-request-time": "0.032"
      },
      "ResponseBody": {
        "id": "/subscriptions/00000000-0000-0000-0000-000000000/resourceGroups/00000/providers/Microsoft.MachineLearningServices/workspaces/00000/codes/23ebb661-7845-cc9a-b1da-084f1abaf69e/versions/1",
        "name": "1",
        "type": "Microsoft.MachineLearningServices/workspaces/codes/versions",
        "properties": {
          "description": null,
          "tags": {},
          "properties": {
            "hash_sha256": "0000000000000",
            "hash_version": "0000000000000"
          },
          "isArchived": false,
          "isAnonymous": false,
          "codeUri": "https://saw5gakqr75l2j2.blob.core.windows.net:443/5d1b7bea-bf23-4d5c-a95e-a68e0c9a03d0-q7qoqstdyxpg7m0giqzn8h0t6j/batch_inference",
          "provisioningState": "Succeeded"
        },
        "systemData": {
          "createdAt": "2025-05-19T15:54:01.1954525+00:00",
          "createdBy": "Sanitized",
          "createdByType": "User",
          "lastModifiedAt": "2025-05-19T15:54:01.1954525+00:00",
          "lastModifiedBy": "Sanitized",
          "lastModifiedByType": "User"
        }
      }
    },
    {
      "RequestUri": "https://Sanitized.azure.com/subscriptions/00000000-0000-0000-0000-000000000/resourceGroups/00000/providers/Microsoft.MachineLearningServices/workspaces/00000/components/azureml_anonymous/versions/f2fa3b93-de6b-2659-0b5b-5b202e06bed4?api-version=2024-01-01-preview",
      "RequestMethod": "PUT",
      "RequestHeaders": {
        "Accept": "application/json",
        "Accept-Encoding": "gzip, deflate",
        "Connection": "keep-alive",
        "Content-Length": "1927",
        "Content-Type": "application/json",
        "User-Agent": "azure-ai-ml/1.28.0 azsdk-python-mgmt-machinelearningservices/0.1.0 Python/3.10.11 (Windows-10-10.0.26100-SP0)"
      },
      "RequestBody": {
        "properties": {
          "description": "Score images with MNIST image classification model.",
          "properties": {},
          "tags": {
            "Parallel": "",
            "Sample": "",
            "contact": "Microsoft Corporation <xxx@microsoft.com>",
            "helpDocument": "https://aka.ms/parallel-modules"
          },
          "isAnonymous": true,
          "isArchived": false,
          "componentSpec": {
            "name": "microsoft.com.azureml.samples.parallel_score_image",
            "description": "Score images with MNIST image classification model.",
            "tags": {
              "Parallel": "",
              "Sample": "",
              "contact": "Microsoft Corporation <xxx@microsoft.com>",
              "helpDocument": "https://aka.ms/parallel-modules"
            },
            "version": "0.0.1",
            "$schema": "https://componentsdk.azureedge.net/jsonschema/ParallelComponent.json",
            "display_name": "Parallel Score Image Classification with MNIST",
            "inputs": {
              "model_path": {
                "type": "path",
                "description": "Trained MNIST image classification model.",
                "optional": false
              },
              "images_to_score": {
                "type": "path",
                "description": "Images to score.",
                "optional": false
              }
            },
            "outputs": {
              "scored_dataset": {
                "type": "path",
                "description": "Output folder to save scored result."
              }
            },
            "type": "ParallelComponent",
            "code": "azureml:/subscriptions/00000000-0000-0000-0000-000000000/resourceGroups/00000/providers/Microsoft.MachineLearningServices/workspaces/00000/codes/23ebb661-7845-cc9a-b1da-084f1abaf69e/versions/1",
            "environment": {
              "docker": {
                "image": "mcr.microsoft.com/azureml/openmpi4.1.0-cuda11.8-cudnn8-ubuntu22.04"
              },
              "conda": {
                "conda_dependencies": {
                  "channels": [
                    "defaults"
                  ],
                  "dependencies": [
                    "python=3.7.9",
                    "pip=20.0",
                    {
                      "pip": [
                        "protobuf==3.20.1",
                        "tensorflow==1.15.2",
                        "pillow",
                        "azureml-core",
                        "azureml-dataset-runtime[fuse, pandas]"
                      ]
                    }
                  ],
                  "name": "batch_environment"
                }
              },
              "os": "Linux"
            },
            "parallel": {
              "input_data": "inputs.images_to_score",
              "output_data": "outputs.scored_dataset",
              "entry": "batch_score.py",
              "args": "--model_path {inputs.model_path} --scored_dataset {outputs.scored_dataset}"
            },
            "_source": "YAML.COMPONENT"
          }
        }
      },
      "StatusCode": 201,
      "ResponseHeaders": {
        "azureml-served-by-cluster": "vienna-westus-01",
        "Cache-Control": "no-cache",
        "Content-Length": "2495",
        "Content-Type": "application/json; charset=utf-8",
        "Date": "Mon, 19 May 2025 19:06:49 GMT",
        "Expires": "-1",
        "Location": "https://management.azure.com/subscriptions/00000000-0000-0000-0000-000000000/resourceGroups/00000/providers/Microsoft.MachineLearningServices/workspaces/00000/components/azureml_anonymous/versions/f2fa3b93-de6b-2659-0b5b-5b202e06bed4?api-version=2024-01-01-preview",
        "Pragma": "no-cache",
        "Request-Context": "appId=cid-v1:2d2e8e63-272e-4b3c-8598-4ee570a0e70d",
        "Strict-Transport-Security": "max-age=31536000; includeSubDomains",
        "X-Cache": "CONFIG_NOCACHE",
        "X-Content-Type-Options": "nosniff",
        "x-ms-correlation-request-id": "ab1adbfe-60c8-43e2-ab55-3bd5b1741071",
        "x-ms-operation-identifier": "tenantId=72f988bf-86f1-41af-91ab-2d7cd011db47,objectId=2658e295-df5c-42f6-b1c2-93b4de9f1904/jioindiacentral/547cdda3-48f8-4e5a-813a-da83c7649a32",
        "x-ms-ratelimit-remaining-subscription-global-writes": "11999",
        "x-ms-ratelimit-remaining-subscription-writes": "799",
        "x-ms-response-type": "standard",
        "x-ms-routing-request-id": "JIOINDIACENTRAL:20250519T190650Z:ab1adbfe-60c8-43e2-ab55-3bd5b1741071",
        "X-MSEdge-Ref": "Ref A: 997ADFD1D03E439BA0A21DE25C1FFFB9 Ref B: MAA201060516045 Ref C: 2025-05-19T19:06:48Z",
        "x-request-time": "1.437"
      },
      "ResponseBody": {
        "id": "/subscriptions/00000000-0000-0000-0000-000000000/resourceGroups/00000/providers/Microsoft.MachineLearningServices/workspaces/00000/components/azureml_anonymous/versions/60f71ebd-3852-42c3-859b-7136132d86fc",
        "name": "60f71ebd-3852-42c3-859b-7136132d86fc",
        "type": "Microsoft.MachineLearningServices/workspaces/components/versions",
        "properties": {
          "description": null,
          "tags": {
            "Parallel": "",
            "Sample": "",
            "contact": "Microsoft Corporation <xxx@microsoft.com>",
            "helpDocument": "https://aka.ms/parallel-modules"
          },
          "properties": {},
          "isArchived": false,
          "isAnonymous": true,
          "autoDeleteSetting": null,
          "componentSpec": {
            "$schema": "https://componentsdk.azureedge.net/jsonschema/ParallelComponent.json",
            "name": "microsoft.com.azureml.samples.parallel_score_image",
            "version": "0.0.1",
            "display_name": "Parallel Score Image Classification with MNIST",
            "is_deterministic": "True",
            "type": "ParallelComponent",
            "description": "Score images with MNIST image classification model.",
            "tags": {
              "Parallel": "",
              "Sample": "",
              "contact": "Microsoft Corporation <xxx@microsoft.com>",
              "helpDocument": "https://aka.ms/parallel-modules"
            },
            "inputs": {
              "model_path": {
                "type": "path",
                "optional": "False",
                "description": "Trained MNIST image classification model.",
                "datastore_mode": "Mount"
              },
              "images_to_score": {
                "type": "path",
                "optional": "False",
                "description": "Images to score.",
                "datastore_mode": "Mount"
              }
            },
            "outputs": {
              "scored_dataset": {
                "type": "path",
                "description": "Output folder to save scored result.",
                "datastore_mode": "Upload"
              }
            },
            "environment": {
              "conda": {
                "conda_dependencies": {
                  "channels": [
                    "defaults"
                  ],
                  "dependencies": [
                    "python=3.7.9",
                    "pip=20.0",
                    {
                      "pip": [
                        "protobuf==3.20.1",
                        "tensorflow==1.15.2",
                        "pillow",
                        "azureml-core",
                        "azureml-dataset-runtime[fuse, pandas]"
                      ]
                    }
                  ],
                  "name": "batch_environment"
                }
              },
              "docker": {
                "image": "mcr.microsoft.com/azureml/openmpi4.1.0-cuda11.8-cudnn8-ubuntu22.04"
              },
              "os": "Linux"
            },
            "parallel": {
              "args": "--model_path {inputs.model_path} --scored_dataset {outputs.scored_dataset}",
              "input_data": "inputs.images_to_score",
              "output_data": "outputs.scored_dataset",
              "entry": "batch_score.py"
            },
            "code": "azureml:/subscriptions/00000000-0000-0000-0000-000000000/resourceGroups/00000/providers/Microsoft.MachineLearningServices/workspaces/00000/codes/23ebb661-7845-cc9a-b1da-084f1abaf69e/versions/1"
          },
          "provisioningState": "Succeeded",
          "stage": "Development"
        },
        "systemData": {
          "createdAt": "2025-05-19T15:54:07.4740482+00:00",
          "createdBy": "Sanitized",
          "createdByType": "User",
          "lastModifiedAt": "2025-05-19T15:54:07.5428102+00:00",
          "lastModifiedBy": "Sanitized",
          "lastModifiedByType": "User"
        }
      }
    },
    {
      "RequestUri": "https://Sanitized.azure.com/subscriptions/00000000-0000-0000-0000-000000000/resourceGroups/00000/providers/Microsoft.MachineLearningServices/workspaces/00000/jobs/000000000000000000000?api-version=2024-01-01-preview",
      "RequestMethod": "PUT",
      "RequestHeaders": {
        "Accept": "application/json",
        "Accept-Encoding": "gzip, deflate",
        "Connection": "keep-alive",
        "Content-Length": "1404",
        "Content-Type": "application/json",
        "User-Agent": "azure-ai-ml/1.28.0 azsdk-python-mgmt-machinelearningservices/0.1.0 Python/3.10.11 (Windows-10-10.0.26100-SP0)"
      },
      "RequestBody": {
        "properties": {
          "properties": {},
          "tags": {},
          "displayName": "pipeline_func",
          "experimentName": "azure-ai-ml",
          "isArchived": false,
          "jobType": "Pipeline",
          "inputs": {},
          "jobs": {
            "node": {
              "resources": {
                "instance_count": 1,
                "properties": {}
              },
              "max_concurrency_per_instance": 2,
              "error_threshold": 5,
              "logging_level": "DEBUG",
              "retry_settings": {
                "timeout": 300,
                "max_retries": 2
              },
              "mini_batch_size": "2",
              "type": "ParallelComponent",
              "inputs": {
                "model_path": {
                  "uri": "/subscriptions/00000000-0000-0000-0000-000000000/resourceGroups/00000/providers/Microsoft.MachineLearningServices/workspaces/00000/data/mltable_mnist_model/versions/2",
                  "job_input_type": "mltable"
                },
                "images_to_score": {
                  "uri": "/subscriptions/00000000-0000-0000-0000-000000000/resourceGroups/00000/providers/Microsoft.MachineLearningServices/workspaces/00000/data/mltable_mnist/versions/2",
                  "job_input_type": "mltable"
                }
              },
              "_source": "YAML.COMPONENT",
              "componentId": "/subscriptions/00000000-0000-0000-0000-000000000/resourceGroups/00000/providers/Microsoft.MachineLearningServices/workspaces/00000/components/azureml_anonymous/versions/60f71ebd-3852-42c3-859b-7136132d86fc",
              "limits": {
                "job_limits_type": "Command"
              }
            }
          },
          "outputs": {},
          "settings": {
            "default_compute": "/subscriptions/00000000-0000-0000-0000-000000000/resourceGroups/00000/providers/Microsoft.MachineLearningServices/workspaces/00000/computes/cpu-cluster",
            "_source": "DSL"
          }
        }
      },
      "StatusCode": 201,
      "ResponseHeaders": {
        "azureml-served-by-cluster": "vienna-westus-01",
        "Cache-Control": "no-cache",
        "Content-Length": "2463",
        "Content-Type": "application/json; charset=utf-8",
        "Date": "Mon, 19 May 2025 19:06:51 GMT",
        "Expires": "-1",
        "Location": "https://management.azure.com/subscriptions/00000000-0000-0000-0000-000000000/resourceGroups/00000/providers/Microsoft.MachineLearningServices/workspaces/00000/jobs/000000000000000000000?api-version=2024-01-01-preview",
        "Pragma": "no-cache",
        "Request-Context": "appId=cid-v1:2d2e8e63-272e-4b3c-8598-4ee570a0e70d",
        "Strict-Transport-Security": "max-age=31536000; includeSubDomains",
        "X-Cache": "CONFIG_NOCACHE",
        "X-Content-Type-Options": "nosniff",
        "x-ms-correlation-request-id": "7fd4194c-eb30-4acb-bf01-8df9881a44a2",
        "x-ms-operation-identifier": "tenantId=72f988bf-86f1-41af-91ab-2d7cd011db47,objectId=2658e295-df5c-42f6-b1c2-93b4de9f1904/jioindiacentral/a576df6b-d723-4c6d-8e6f-49839832d52b",
        "x-ms-ratelimit-remaining-subscription-global-writes": "11998",
        "x-ms-ratelimit-remaining-subscription-writes": "798",
        "x-ms-response-type": "standard",
        "x-ms-routing-request-id": "JIOINDIACENTRAL:20250519T190652Z:7fd4194c-eb30-4acb-bf01-8df9881a44a2",
        "X-MSEdge-Ref": "Ref A: 5F06413082744551A6CB621131BD7F3D Ref B: MAA201060516045 Ref C: 2025-05-19T19:06:50Z",
        "x-request-time": "0.895"
      },
      "ResponseBody": {
        "id": "/subscriptions/00000000-0000-0000-0000-000000000/resourceGroups/00000/providers/Microsoft.MachineLearningServices/workspaces/00000/jobs/000000000000000000000",
        "name": "000000000000000000000",
        "type": "Microsoft.MachineLearningServices/workspaces/jobs",
        "properties": {
          "description": null,
          "tags": {},
          "properties": {},
          "displayName": "pipeline_func",
          "status": "NotStarted",
          "experimentName": "azure-ai-ml",
          "services": {
            "Tracking": {
              "jobServiceType": "Tracking",
              "port": null,
              "endpoint": "azureml://westus.api.azureml.ms/mlflow/v1.0/subscriptions/00000000-0000-0000-0000-000000000/resourceGroups/00000/providers/Microsoft.MachineLearningServices/workspaces/00000?",
              "status": null,
              "errorMessage": null,
              "properties": null,
              "nodes": null
            },
            "Studio": {
              "jobServiceType": "Studio",
              "port": null,
              "endpoint": "https://ml.azure.com/runs/000000000000000000000?wsid=/subscriptions/00000000-0000-0000-0000-000000000/resourcegroups/00000/workspaces/00000",
              "status": null,
              "errorMessage": null,
              "properties": null,
              "nodes": null
            }
          },
          "computeId": null,
          "isArchived": false,
          "identity": null,
          "componentId": null,
          "notificationSetting": null,
          "secretsConfiguration": null,
          "jobType": "Pipeline",
          "settings": {
            "default_compute": "/subscriptions/00000000-0000-0000-0000-000000000/resourceGroups/00000/providers/Microsoft.MachineLearningServices/workspaces/00000/computes/cpu-cluster",
            "_source": "DSL"
          },
          "jobs": {
            "node": {
              "resources": {
                "instance_count": 1,
                "properties": {}
              },
              "max_concurrency_per_instance": 2,
              "error_threshold": 5,
              "logging_level": "DEBUG",
              "retry_settings": {
                "timeout": 300,
                "max_retries": 2
              },
              "mini_batch_size": "2",
              "type": "ParallelComponent",
              "inputs": {
                "model_path": {
                  "uri": "/subscriptions/00000000-0000-0000-0000-000000000/resourceGroups/00000/providers/Microsoft.MachineLearningServices/workspaces/00000/data/mltable_mnist_model/versions/2",
                  "job_input_type": "mltable"
                },
                "images_to_score": {
                  "uri": "/subscriptions/00000000-0000-0000-0000-000000000/resourceGroups/00000/providers/Microsoft.MachineLearningServices/workspaces/00000/data/mltable_mnist/versions/2",
                  "job_input_type": "mltable"
                }
              },
              "_source": "YAML.COMPONENT",
              "componentId": "/subscriptions/00000000-0000-0000-0000-000000000/resourceGroups/00000/providers/Microsoft.MachineLearningServices/workspaces/00000/components/azureml_anonymous/versions/60f71ebd-3852-42c3-859b-7136132d86fc",
              "limits": {
                "job_limits_type": "Command"
              }
            }
          },
          "inputs": null,
          "outputs": {},
          "sourceJobId": null
        },
        "systemData": {
          "createdAt": "2025-05-19T19:06:51.9880463+00:00",
          "createdBy": "Sanitized",
          "createdByType": "User"
        }
      }
    },
    {
      "RequestUri": "https://Sanitized.azure.com/subscriptions/00000000-0000-0000-0000-000000000/resourceGroups/00000/providers/Microsoft.MachineLearningServices/workspaces/00000/jobs/000000000000000000000/cancel?api-version=2023-04-01-preview",
      "RequestMethod": "POST",
      "RequestHeaders": {
        "Accept": "application/json",
        "Accept-Encoding": "gzip, deflate",
        "Connection": "keep-alive",
        "Content-Length": "0",
        "User-Agent": "azure-ai-ml/1.28.0 azsdk-python-mgmt-machinelearningservices/0.1.0 Python/3.10.11 (Windows-10-10.0.26100-SP0)"
      },
      "RequestBody": null,
      "StatusCode": 202,
      "ResponseHeaders": {
        "azureml-served-by-cluster": "vienna-westus-01",
        "Cache-Control": "no-cache",
        "Content-Length": "4",
        "Content-Type": "application/json; charset=utf-8",
        "Date": "Mon, 19 May 2025 19:06:55 GMT",
        "Expires": "-1",
        "Location": "https://management.azure.com/subscriptions/00000000-0000-0000-0000-000000000/providers/Microsoft.MachineLearningServices/locations/westus/mfeOperationResults/jc:5d1b7bea-bf23-4d5c-a95e-a68e0c9a03d0:000000000000000000000?api-version=2023-04-01-preview&t=638832784165012646&c=MIIHpTCCBo2gAwIBAgITfwVz8lGbdX3H5D3nrAAEBXPyUTANBgkqhkiG9w0BAQsFADBEMRMwEQYKCZImiZPyLGQBGRYDR0JMMRMwEQYKCZImiZPyLGQBGRYDQU1FMRgwFgYDVQQDEw9BTUUgSW5mcmEgQ0EgMDIwHhcNMjUwNDE5MTMyOTU0WhcNMjUxMDE2MTMyOTU0WjBAMT4wPAYDVQQDEzVhc3luY29wZXJhdGlvbnNpZ25pbmdjZXJ0aWZpY2F0ZS5tYW5hZ2VtZW50LmF6dXJlLmNvbTCCASIwDQYJKoZIhvcNAQEBBQADggEPADCCAQoCggEBAKheNs_SPbl7h4i169yRcsarLoUX0SoGYZoR4hiIRo7ANgo6bcf6kPlJWiB4hVZWM624l8q3QkhBT9QK85UA5KU7hff4IN9jlFh94cxytaaTNtZf9R_NnognWoCkuTzR7ZrpS02REI8dS4KTOMcZpY0jtpNTmoIhkwOl8mbvfGOgS-RYwS2lBL71jI1IoHn9Wie1Ud4t4LLaxewJVdYN0oN7sxrgacdn63irxefZxSIEzQJxBMiqYJgHzNMtfrhEmKdy_gbva6sUh6rR1FAfFXjItLXbtaU3v-WXowgG67l8khj26hTXlNokZip55S1XDn4K1XaH8zvERJK-drgk5sECAwEAAaOCBJIwggSOMCcGCSsGAQQBgjcVCgQaMBgwCgYIKwYBBQUHAwEwCgYIKwYBBQUHAwIwPQYJKwYBBAGCNxUHBDAwLgYmKwYBBAGCNxUIhpDjDYTVtHiE8Ys-hZvdFs6dEoFghfmRS4WsmTQCAWQCAQcwggHaBggrBgEFBQcBAQSCAcwwggHIMGYGCCsGAQUFBzAChlpodHRwOi8vY3JsLm1pY3Jvc29mdC5jb20vcGtpaW5mcmEvQ2VydHMvQkwyUEtJSU5UQ0EwMS5BTUUuR0JMX0FNRSUyMEluZnJhJTIwQ0ElMjAwMig0KS5jcnQwVgYIKwYBBQUHMAKGSmh0dHA6Ly9jcmwxLmFtZS5nYmwvYWlhL0JMMlBLSUlOVENBMDEuQU1FLkdCTF9BTUUlMjBJbmZyYSUyMENBJTIwMDIoNCkuY3J0MFYGCCsGAQUFBzAChkpodHRwOi8vY3JsMi5hbWUuZ2JsL2FpYS9CTDJQS0lJTlRDQTAxLkFNRS5HQkxfQU1FJTIwSW5mcmElMjBDQSUyMDAyKDQpLmNydDBWBggrBgEFBQcwAoZKaHR0cDovL2NybDMuYW1lLmdibC9haWEvQkwyUEtJSU5UQ0EwMS5BTUUuR0JMX0FNRSUyMEluZnJhJTIwQ0ElMjAwMig0KS5jcnQwVgYIKwYBBQUHMAKGSmh0dHA6Ly9jcmw0LmFtZS5nYmwvYWlhL0JMMlBLSUlOVENBMDEuQU1FLkdCTF9BTUUlMjBJbmZyYSUyMENBJTIwMDIoNCkuY3J0MB0GA1UdDgQWBBRHWlX_an5Ux0DHeFAPiZgkX2oZTTAOBgNVHQ8BAf8EBAMCBaAwggE1BgNVHR8EggEsMIIBKDCCASSgggEgoIIBHIZCaHR0cDovL2NybC5taWNyb3NvZnQuY29tL3BraWluZnJhL0NSTC9BTUUlMjBJbmZyYSUyMENBJTIwMDIoNCkuY3JshjRodHRwOi8vY3JsMS5hbWUuZ2JsL2NybC9BTUUlMjBJbmZyYSUyMENBJTIwMDIoNCkuY3JshjRodHRwOi8vY3JsMi5hbWUuZ2JsL2NybC9BTUUlMjBJbmZyYSUyMENBJTIwMDIoNCkuY3JshjRodHRwOi8vY3JsMy5hbWUuZ2JsL2NybC9BTUUlMjBJbmZyYSUyMENBJTIwMDIoNCkuY3JshjRodHRwOi8vY3JsNC5hbWUuZ2JsL2NybC9BTUUlMjBJbmZyYSUyMENBJTIwMDIoNCkuY3JsMIGdBgNVHSAEgZUwgZIwDAYKKwYBBAGCN3sBATBmBgorBgEEAYI3ewICMFgwVgYIKwYBBQUHAgIwSh5IADMAMwBlADAAMQA5ADIAMQAtADQAZAA2ADQALQA0AGYAOABjAC0AYQAwADUANQAtADUAYgBkAGEAZgBmAGQANQBlADMAMwBkMAwGCisGAQQBgjd7AwIwDAYKKwYBBAGCN3sEAjAfBgNVHSMEGDAWgBSuecJrXSWIEwb2BwnDl3x7l48dVTAdBgNVHSUEFjAUBggrBgEFBQcDAQYIKwYBBQUHAwIwDQYJKoZIhvcNAQELBQADggEBADC4STVDsiQ4Dr0GUEy9muT0jvHQI2wDrxCZB7pYdSPVD-5Vme1DMY1V15Pn1Q6TAQ5E9UFPOdeICN2114MWgVl0RPnVHRTgiS8UhZl55saVbaRdvV_Tz26xIbFTiWS8hIPJAuiggAlgow_YYFYdxB_ZIfKRxgpYhEO_UwfNvp8dpoKPcoyWOj8gDxrCPgh4ijd48X-Qw8AT7P296SWLYKT02bd5rLogJrjo9egKHrCZhwKubANkP6x2phEO98SDendd7t7KYmwWkihvTwTBSFyao7thyYuz-azT5DcOJjOsekXx-yfbbCa3c_gHX0HADQJ8_YIiaIbEiuV2NMPC87M&s=IZeV3buZa52kLMv6w9jUi3mulEwUcN1W9seSjCnO0ksCXWmxXS5UwfyP_r9ZN0k1YZRwgePAmUkMPHoFA_dBWE94m_3FY0Y2QBJpO4Dh1DmwQ3eFzqh3oNbHRygPHlY3ph-FLWBq1t1erThNSbwaRCMIk5TdHVjiooG7itLXN_a0iqOkBlRYw3Fnf7N8HCq5v5AB3sAw3zed0xsLVDUTCovGI1_xGZvPw0C-Nct1OwE55sHjfZHEVqTj39nrnHU5XYFO0DpJ8HIKPn_u0XGRtqqZ1LGQEsp2n77U3RgiR30ShK9KUAugsqD2QUOEESgChlNI-xUP-5kODrRNeL3ZCw&h=qH-x0uN7WK8MOtui0xHlFQlwbas1QHbmnbOfcj0YOb0",
        "Pragma": "no-cache",
        "Request-Context": "appId=cid-v1:2d2e8e63-272e-4b3c-8598-4ee570a0e70d",
        "Strict-Transport-Security": "max-age=31536000; includeSubDomains",
        "X-Cache": "CONFIG_NOCACHE",
        "X-Content-Type-Options": "nosniff",
        "x-ms-async-operation-timeout": "PT1H",
        "x-ms-correlation-request-id": "3abc1cae-690f-4ad3-8874-ee998c2703d7",
        "x-ms-operation-identifier": "tenantId=72f988bf-86f1-41af-91ab-2d7cd011db47,objectId=2658e295-df5c-42f6-b1c2-93b4de9f1904/jioindiacentral/4a5422e6-a005-449b-9676-e51256e01673",
        "x-ms-ratelimit-remaining-subscription-global-writes": "11999",
        "x-ms-ratelimit-remaining-subscription-writes": "799",
        "x-ms-response-type": "standard",
        "x-ms-routing-request-id": "JIOINDIACENTRAL:20250519T190656Z:3abc1cae-690f-4ad3-8874-ee998c2703d7",
        "X-MSEdge-Ref": "Ref A: E3A8B2D712724C4E916150B95B4C1AD0 Ref B: MAA201060516009 Ref C: 2025-05-19T19:06:55Z",
        "x-request-time": "0.739"
      },
      "ResponseBody": "null"
    },
    {
      "RequestUri": "https://Sanitized.azure.com/subscriptions/00000000-0000-0000-0000-000000000/providers/Microsoft.MachineLearningServices/locations/westus/mfeOperationResults/jc:5d1b7bea-bf23-4d5c-a95e-a68e0c9a03d0:000000000000000000000?api-version=2023-04-01-preview&t=638832784165012646&c=MIIHpTCCBo2gAwIBAgITfwVz8lGbdX3H5D3nrAAEBXPyUTANBgkqhkiG9w0BAQsFADBEMRMwEQYKCZImiZPyLGQBGRYDR0JMMRMwEQYKCZImiZPyLGQBGRYDQU1FMRgwFgYDVQQDEw9BTUUgSW5mcmEgQ0EgMDIwHhcNMjUwNDE5MTMyOTU0WhcNMjUxMDE2MTMyOTU0WjBAMT4wPAYDVQQDEzVhc3luY29wZXJhdGlvbnNpZ25pbmdjZXJ0aWZpY2F0ZS5tYW5hZ2VtZW50LmF6dXJlLmNvbTCCASIwDQYJKoZIhvcNAQEBBQADggEPADCCAQoCggEBAKheNs_SPbl7h4i169yRcsarLoUX0SoGYZoR4hiIRo7ANgo6bcf6kPlJWiB4hVZWM624l8q3QkhBT9QK85UA5KU7hff4IN9jlFh94cxytaaTNtZf9R_NnognWoCkuTzR7ZrpS02REI8dS4KTOMcZpY0jtpNTmoIhkwOl8mbvfGOgS-RYwS2lBL71jI1IoHn9Wie1Ud4t4LLaxewJVdYN0oN7sxrgacdn63irxefZxSIEzQJxBMiqYJgHzNMtfrhEmKdy_gbva6sUh6rR1FAfFXjItLXbtaU3v-WXowgG67l8khj26hTXlNokZip55S1XDn4K1XaH8zvERJK-drgk5sECAwEAAaOCBJIwggSOMCcGCSsGAQQBgjcVCgQaMBgwCgYIKwYBBQUHAwEwCgYIKwYBBQUHAwIwPQYJKwYBBAGCNxUHBDAwLgYmKwYBBAGCNxUIhpDjDYTVtHiE8Ys-hZvdFs6dEoFghfmRS4WsmTQCAWQCAQcwggHaBggrBgEFBQcBAQSCAcwwggHIMGYGCCsGAQUFBzAChlpodHRwOi8vY3JsLm1pY3Jvc29mdC5jb20vcGtpaW5mcmEvQ2VydHMvQkwyUEtJSU5UQ0EwMS5BTUUuR0JMX0FNRSUyMEluZnJhJTIwQ0ElMjAwMig0KS5jcnQwVgYIKwYBBQUHMAKGSmh0dHA6Ly9jcmwxLmFtZS5nYmwvYWlhL0JMMlBLSUlOVENBMDEuQU1FLkdCTF9BTUUlMjBJbmZyYSUyMENBJTIwMDIoNCkuY3J0MFYGCCsGAQUFBzAChkpodHRwOi8vY3JsMi5hbWUuZ2JsL2FpYS9CTDJQS0lJTlRDQTAxLkFNRS5HQkxfQU1FJTIwSW5mcmElMjBDQSUyMDAyKDQpLmNydDBWBggrBgEFBQcwAoZKaHR0cDovL2NybDMuYW1lLmdibC9haWEvQkwyUEtJSU5UQ0EwMS5BTUUuR0JMX0FNRSUyMEluZnJhJTIwQ0ElMjAwMig0KS5jcnQwVgYIKwYBBQUHMAKGSmh0dHA6Ly9jcmw0LmFtZS5nYmwvYWlhL0JMMlBLSUlOVENBMDEuQU1FLkdCTF9BTUUlMjBJbmZyYSUyMENBJTIwMDIoNCkuY3J0MB0GA1UdDgQWBBRHWlX_an5Ux0DHeFAPiZgkX2oZTTAOBgNVHQ8BAf8EBAMCBaAwggE1BgNVHR8EggEsMIIBKDCCASSgggEgoIIBHIZCaHR0cDovL2NybC5taWNyb3NvZnQuY29tL3BraWluZnJhL0NSTC9BTUUlMjBJbmZyYSUyMENBJTIwMDIoNCkuY3JshjRodHRwOi8vY3JsMS5hbWUuZ2JsL2NybC9BTUUlMjBJbmZyYSUyMENBJTIwMDIoNCkuY3JshjRodHRwOi8vY3JsMi5hbWUuZ2JsL2NybC9BTUUlMjBJbmZyYSUyMENBJTIwMDIoNCkuY3JshjRodHRwOi8vY3JsMy5hbWUuZ2JsL2NybC9BTUUlMjBJbmZyYSUyMENBJTIwMDIoNCkuY3JshjRodHRwOi8vY3JsNC5hbWUuZ2JsL2NybC9BTUUlMjBJbmZyYSUyMENBJTIwMDIoNCkuY3JsMIGdBgNVHSAEgZUwgZIwDAYKKwYBBAGCN3sBATBmBgorBgEEAYI3ewICMFgwVgYIKwYBBQUHAgIwSh5IADMAMwBlADAAMQA5ADIAMQAtADQAZAA2ADQALQA0AGYAOABjAC0AYQAwADUANQAtADUAYgBkAGEAZgBmAGQANQBlADMAMwBkMAwGCisGAQQBgjd7AwIwDAYKKwYBBAGCN3sEAjAfBgNVHSMEGDAWgBSuecJrXSWIEwb2BwnDl3x7l48dVTAdBgNVHSUEFjAUBggrBgEFBQcDAQYIKwYBBQUHAwIwDQYJKoZIhvcNAQELBQADggEBADC4STVDsiQ4Dr0GUEy9muT0jvHQI2wDrxCZB7pYdSPVD-5Vme1DMY1V15Pn1Q6TAQ5E9UFPOdeICN2114MWgVl0RPnVHRTgiS8UhZl55saVbaRdvV_Tz26xIbFTiWS8hIPJAuiggAlgow_YYFYdxB_ZIfKRxgpYhEO_UwfNvp8dpoKPcoyWOj8gDxrCPgh4ijd48X-Qw8AT7P296SWLYKT02bd5rLogJrjo9egKHrCZhwKubANkP6x2phEO98SDendd7t7KYmwWkihvTwTBSFyao7thyYuz-azT5DcOJjOsekXx-yfbbCa3c_gHX0HADQJ8_YIiaIbEiuV2NMPC87M&s=IZeV3buZa52kLMv6w9jUi3mulEwUcN1W9seSjCnO0ksCXWmxXS5UwfyP_r9ZN0k1YZRwgePAmUkMPHoFA_dBWE94m_3FY0Y2QBJpO4Dh1DmwQ3eFzqh3oNbHRygPHlY3ph-FLWBq1t1erThNSbwaRCMIk5TdHVjiooG7itLXN_a0iqOkBlRYw3Fnf7N8HCq5v5AB3sAw3zed0xsLVDUTCovGI1_xGZvPw0C-Nct1OwE55sHjfZHEVqTj39nrnHU5XYFO0DpJ8HIKPn_u0XGRtqqZ1LGQEsp2n77U3RgiR30ShK9KUAugsqD2QUOEESgChlNI-xUP-5kODrRNeL3ZCw&h=qH-x0uN7WK8MOtui0xHlFQlwbas1QHbmnbOfcj0YOb0",
      "RequestMethod": "GET",
      "RequestHeaders": {
        "Accept": "*/*",
        "Accept-Encoding": "gzip, deflate",
        "Connection": "keep-alive",
        "User-Agent": "azure-ai-ml/1.28.0 azsdk-python-mgmt-machinelearningservices/0.1.0 Python/3.10.11 (Windows-10-10.0.26100-SP0)"
      },
      "RequestBody": null,
      "StatusCode": 202,
      "ResponseHeaders": {
        "Azure-AsyncOperation": "https://management.azure.com/subscriptions/00000000-0000-0000-0000-000000000/providers/Microsoft.MachineLearningServices/locations/westus/mfeOperationResults/jc:5d1b7bea-bf23-4d5c-a95e-a68e0c9a03d0:000000000000000000000?api-version=2023-04-01-preview&t=638832784168543070&c=MIIHpTCCBo2gAwIBAgITfwVz8lGbdX3H5D3nrAAEBXPyUTANBgkqhkiG9w0BAQsFADBEMRMwEQYKCZImiZPyLGQBGRYDR0JMMRMwEQYKCZImiZPyLGQBGRYDQU1FMRgwFgYDVQQDEw9BTUUgSW5mcmEgQ0EgMDIwHhcNMjUwNDE5MTMyOTU0WhcNMjUxMDE2MTMyOTU0WjBAMT4wPAYDVQQDEzVhc3luY29wZXJhdGlvbnNpZ25pbmdjZXJ0aWZpY2F0ZS5tYW5hZ2VtZW50LmF6dXJlLmNvbTCCASIwDQYJKoZIhvcNAQEBBQADggEPADCCAQoCggEBAKheNs_SPbl7h4i169yRcsarLoUX0SoGYZoR4hiIRo7ANgo6bcf6kPlJWiB4hVZWM624l8q3QkhBT9QK85UA5KU7hff4IN9jlFh94cxytaaTNtZf9R_NnognWoCkuTzR7ZrpS02REI8dS4KTOMcZpY0jtpNTmoIhkwOl8mbvfGOgS-RYwS2lBL71jI1IoHn9Wie1Ud4t4LLaxewJVdYN0oN7sxrgacdn63irxefZxSIEzQJxBMiqYJgHzNMtfrhEmKdy_gbva6sUh6rR1FAfFXjItLXbtaU3v-WXowgG67l8khj26hTXlNokZip55S1XDn4K1XaH8zvERJK-drgk5sECAwEAAaOCBJIwggSOMCcGCSsGAQQBgjcVCgQaMBgwCgYIKwYBBQUHAwEwCgYIKwYBBQUHAwIwPQYJKwYBBAGCNxUHBDAwLgYmKwYBBAGCNxUIhpDjDYTVtHiE8Ys-hZvdFs6dEoFghfmRS4WsmTQCAWQCAQcwggHaBggrBgEFBQcBAQSCAcwwggHIMGYGCCsGAQUFBzAChlpodHRwOi8vY3JsLm1pY3Jvc29mdC5jb20vcGtpaW5mcmEvQ2VydHMvQkwyUEtJSU5UQ0EwMS5BTUUuR0JMX0FNRSUyMEluZnJhJTIwQ0ElMjAwMig0KS5jcnQwVgYIKwYBBQUHMAKGSmh0dHA6Ly9jcmwxLmFtZS5nYmwvYWlhL0JMMlBLSUlOVENBMDEuQU1FLkdCTF9BTUUlMjBJbmZyYSUyMENBJTIwMDIoNCkuY3J0MFYGCCsGAQUFBzAChkpodHRwOi8vY3JsMi5hbWUuZ2JsL2FpYS9CTDJQS0lJTlRDQTAxLkFNRS5HQkxfQU1FJTIwSW5mcmElMjBDQSUyMDAyKDQpLmNydDBWBggrBgEFBQcwAoZKaHR0cDovL2NybDMuYW1lLmdibC9haWEvQkwyUEtJSU5UQ0EwMS5BTUUuR0JMX0FNRSUyMEluZnJhJTIwQ0ElMjAwMig0KS5jcnQwVgYIKwYBBQUHMAKGSmh0dHA6Ly9jcmw0LmFtZS5nYmwvYWlhL0JMMlBLSUlOVENBMDEuQU1FLkdCTF9BTUUlMjBJbmZyYSUyMENBJTIwMDIoNCkuY3J0MB0GA1UdDgQWBBRHWlX_an5Ux0DHeFAPiZgkX2oZTTAOBgNVHQ8BAf8EBAMCBaAwggE1BgNVHR8EggEsMIIBKDCCASSgggEgoIIBHIZCaHR0cDovL2NybC5taWNyb3NvZnQuY29tL3BraWluZnJhL0NSTC9BTUUlMjBJbmZyYSUyMENBJTIwMDIoNCkuY3JshjRodHRwOi8vY3JsMS5hbWUuZ2JsL2NybC9BTUUlMjBJbmZyYSUyMENBJTIwMDIoNCkuY3JshjRodHRwOi8vY3JsMi5hbWUuZ2JsL2NybC9BTUUlMjBJbmZyYSUyMENBJTIwMDIoNCkuY3JshjRodHRwOi8vY3JsMy5hbWUuZ2JsL2NybC9BTUUlMjBJbmZyYSUyMENBJTIwMDIoNCkuY3JshjRodHRwOi8vY3JsNC5hbWUuZ2JsL2NybC9BTUUlMjBJbmZyYSUyMENBJTIwMDIoNCkuY3JsMIGdBgNVHSAEgZUwgZIwDAYKKwYBBAGCN3sBATBmBgorBgEEAYI3ewICMFgwVgYIKwYBBQUHAgIwSh5IADMAMwBlADAAMQA5ADIAMQAtADQAZAA2ADQALQA0AGYAOABjAC0AYQAwADUANQAtADUAYgBkAGEAZgBmAGQANQBlADMAMwBkMAwGCisGAQQBgjd7AwIwDAYKKwYBBAGCN3sEAjAfBgNVHSMEGDAWgBSuecJrXSWIEwb2BwnDl3x7l48dVTAdBgNVHSUEFjAUBggrBgEFBQcDAQYIKwYBBQUHAwIwDQYJKoZIhvcNAQELBQADggEBADC4STVDsiQ4Dr0GUEy9muT0jvHQI2wDrxCZB7pYdSPVD-5Vme1DMY1V15Pn1Q6TAQ5E9UFPOdeICN2114MWgVl0RPnVHRTgiS8UhZl55saVbaRdvV_Tz26xIbFTiWS8hIPJAuiggAlgow_YYFYdxB_ZIfKRxgpYhEO_UwfNvp8dpoKPcoyWOj8gDxrCPgh4ijd48X-Qw8AT7P296SWLYKT02bd5rLogJrjo9egKHrCZhwKubANkP6x2phEO98SDendd7t7KYmwWkihvTwTBSFyao7thyYuz-azT5DcOJjOsekXx-yfbbCa3c_gHX0HADQJ8_YIiaIbEiuV2NMPC87M&s=IlmrqhqEZwi00hRLh5jdqWGqBzeFHVZhUsRTNTo7XDZ2HSX6lEAtDE2rkPfhSN1ITOLvWTjIBhH-1E_mPPYzS7OXZasbCqt3rBXUtz6ovIu1_h1uQ-R1Odvxv9qL_TZcTSMOdjq9WeeeAWfbM1qTYEQXHQbdWHcfL1bBYh1yc0L5roogzha7WuXyzrhnexcqonoPGRUgBGzBBQUNN-JC7loUNb5B1wz3UItlA4xAXXWwFvs5A33f_gwbGglvVrc95lQ_Azw3zEOeTqtP_fGMa5ZE9hBWBCGCmkBKeRyfVxNfa1Q7ky_RWAqpQT9GDAQrRXioK6efahb1K21lh7fxnA&h=SzbKYU1zII-asJWRazFX8_Z9jdJj_dr3MbN6kuH9ij8",
        "azureml-served-by-cluster": "vienna-westus-02",
        "Cache-Control": "no-cache",
        "Content-Length": "2",
        "Content-Type": "application/json; charset=utf-8",
        "Date": "Mon, 19 May 2025 19:06:56 GMT",
        "Expires": "-1",
        "Location": "https://management.azure.com/subscriptions/00000000-0000-0000-0000-000000000/providers/Microsoft.MachineLearningServices/locations/westus/mfeOperationResults/jc:5d1b7bea-bf23-4d5c-a95e-a68e0c9a03d0:000000000000000000000?api-version=2023-04-01-preview&t=638832784168543070&c=MIIHpTCCBo2gAwIBAgITfwVz8lGbdX3H5D3nrAAEBXPyUTANBgkqhkiG9w0BAQsFADBEMRMwEQYKCZImiZPyLGQBGRYDR0JMMRMwEQYKCZImiZPyLGQBGRYDQU1FMRgwFgYDVQQDEw9BTUUgSW5mcmEgQ0EgMDIwHhcNMjUwNDE5MTMyOTU0WhcNMjUxMDE2MTMyOTU0WjBAMT4wPAYDVQQDEzVhc3luY29wZXJhdGlvbnNpZ25pbmdjZXJ0aWZpY2F0ZS5tYW5hZ2VtZW50LmF6dXJlLmNvbTCCASIwDQYJKoZIhvcNAQEBBQADggEPADCCAQoCggEBAKheNs_SPbl7h4i169yRcsarLoUX0SoGYZoR4hiIRo7ANgo6bcf6kPlJWiB4hVZWM624l8q3QkhBT9QK85UA5KU7hff4IN9jlFh94cxytaaTNtZf9R_NnognWoCkuTzR7ZrpS02REI8dS4KTOMcZpY0jtpNTmoIhkwOl8mbvfGOgS-RYwS2lBL71jI1IoHn9Wie1Ud4t4LLaxewJVdYN0oN7sxrgacdn63irxefZxSIEzQJxBMiqYJgHzNMtfrhEmKdy_gbva6sUh6rR1FAfFXjItLXbtaU3v-WXowgG67l8khj26hTXlNokZip55S1XDn4K1XaH8zvERJK-drgk5sECAwEAAaOCBJIwggSOMCcGCSsGAQQBgjcVCgQaMBgwCgYIKwYBBQUHAwEwCgYIKwYBBQUHAwIwPQYJKwYBBAGCNxUHBDAwLgYmKwYBBAGCNxUIhpDjDYTVtHiE8Ys-hZvdFs6dEoFghfmRS4WsmTQCAWQCAQcwggHaBggrBgEFBQcBAQSCAcwwggHIMGYGCCsGAQUFBzAChlpodHRwOi8vY3JsLm1pY3Jvc29mdC5jb20vcGtpaW5mcmEvQ2VydHMvQkwyUEtJSU5UQ0EwMS5BTUUuR0JMX0FNRSUyMEluZnJhJTIwQ0ElMjAwMig0KS5jcnQwVgYIKwYBBQUHMAKGSmh0dHA6Ly9jcmwxLmFtZS5nYmwvYWlhL0JMMlBLSUlOVENBMDEuQU1FLkdCTF9BTUUlMjBJbmZyYSUyMENBJTIwMDIoNCkuY3J0MFYGCCsGAQUFBzAChkpodHRwOi8vY3JsMi5hbWUuZ2JsL2FpYS9CTDJQS0lJTlRDQTAxLkFNRS5HQkxfQU1FJTIwSW5mcmElMjBDQSUyMDAyKDQpLmNydDBWBggrBgEFBQcwAoZKaHR0cDovL2NybDMuYW1lLmdibC9haWEvQkwyUEtJSU5UQ0EwMS5BTUUuR0JMX0FNRSUyMEluZnJhJTIwQ0ElMjAwMig0KS5jcnQwVgYIKwYBBQUHMAKGSmh0dHA6Ly9jcmw0LmFtZS5nYmwvYWlhL0JMMlBLSUlOVENBMDEuQU1FLkdCTF9BTUUlMjBJbmZyYSUyMENBJTIwMDIoNCkuY3J0MB0GA1UdDgQWBBRHWlX_an5Ux0DHeFAPiZgkX2oZTTAOBgNVHQ8BAf8EBAMCBaAwggE1BgNVHR8EggEsMIIBKDCCASSgggEgoIIBHIZCaHR0cDovL2NybC5taWNyb3NvZnQuY29tL3BraWluZnJhL0NSTC9BTUUlMjBJbmZyYSUyMENBJTIwMDIoNCkuY3JshjRodHRwOi8vY3JsMS5hbWUuZ2JsL2NybC9BTUUlMjBJbmZyYSUyMENBJTIwMDIoNCkuY3JshjRodHRwOi8vY3JsMi5hbWUuZ2JsL2NybC9BTUUlMjBJbmZyYSUyMENBJTIwMDIoNCkuY3JshjRodHRwOi8vY3JsMy5hbWUuZ2JsL2NybC9BTUUlMjBJbmZyYSUyMENBJTIwMDIoNCkuY3JshjRodHRwOi8vY3JsNC5hbWUuZ2JsL2NybC9BTUUlMjBJbmZyYSUyMENBJTIwMDIoNCkuY3JsMIGdBgNVHSAEgZUwgZIwDAYKKwYBBAGCN3sBATBmBgorBgEEAYI3ewICMFgwVgYIKwYBBQUHAgIwSh5IADMAMwBlADAAMQA5ADIAMQAtADQAZAA2ADQALQA0AGYAOABjAC0AYQAwADUANQAtADUAYgBkAGEAZgBmAGQANQBlADMAMwBkMAwGCisGAQQBgjd7AwIwDAYKKwYBBAGCN3sEAjAfBgNVHSMEGDAWgBSuecJrXSWIEwb2BwnDl3x7l48dVTAdBgNVHSUEFjAUBggrBgEFBQcDAQYIKwYBBQUHAwIwDQYJKoZIhvcNAQELBQADggEBADC4STVDsiQ4Dr0GUEy9muT0jvHQI2wDrxCZB7pYdSPVD-5Vme1DMY1V15Pn1Q6TAQ5E9UFPOdeICN2114MWgVl0RPnVHRTgiS8UhZl55saVbaRdvV_Tz26xIbFTiWS8hIPJAuiggAlgow_YYFYdxB_ZIfKRxgpYhEO_UwfNvp8dpoKPcoyWOj8gDxrCPgh4ijd48X-Qw8AT7P296SWLYKT02bd5rLogJrjo9egKHrCZhwKubANkP6x2phEO98SDendd7t7KYmwWkihvTwTBSFyao7thyYuz-azT5DcOJjOsekXx-yfbbCa3c_gHX0HADQJ8_YIiaIbEiuV2NMPC87M&s=IlmrqhqEZwi00hRLh5jdqWGqBzeFHVZhUsRTNTo7XDZ2HSX6lEAtDE2rkPfhSN1ITOLvWTjIBhH-1E_mPPYzS7OXZasbCqt3rBXUtz6ovIu1_h1uQ-R1Odvxv9qL_TZcTSMOdjq9WeeeAWfbM1qTYEQXHQbdWHcfL1bBYh1yc0L5roogzha7WuXyzrhnexcqonoPGRUgBGzBBQUNN-JC7loUNb5B1wz3UItlA4xAXXWwFvs5A33f_gwbGglvVrc95lQ_Azw3zEOeTqtP_fGMa5ZE9hBWBCGCmkBKeRyfVxNfa1Q7ky_RWAqpQT9GDAQrRXioK6efahb1K21lh7fxnA&h=SzbKYU1zII-asJWRazFX8_Z9jdJj_dr3MbN6kuH9ij8",
        "Pragma": "no-cache",
        "Request-Context": "appId=cid-v1:2d2e8e63-272e-4b3c-8598-4ee570a0e70d",
        "Strict-Transport-Security": "max-age=31536000; includeSubDomains",
        "X-Cache": "CONFIG_NOCACHE",
        "X-Content-Type-Options": "nosniff",
        "x-ms-correlation-request-id": "579409f6-d8e8-47e5-87b9-9c3cfca1ef84",
        "x-ms-operation-identifier": "tenantId=72f988bf-86f1-41af-91ab-2d7cd011db47,objectId=2658e295-df5c-42f6-b1c2-93b4de9f1904/jioindiacentral/be9f8d38-6699-4d7f-aa3b-91bac5509f59",
        "x-ms-ratelimit-remaining-subscription-global-reads": "16499",
        "x-ms-ratelimit-remaining-subscription-reads": "1099",
        "x-ms-response-type": "standard",
        "x-ms-routing-request-id": "JIOINDIACENTRAL:20250519T190656Z:579409f6-d8e8-47e5-87b9-9c3cfca1ef84",
        "X-MSEdge-Ref": "Ref A: 3F4B47A91CFC4BD88AA6656A9AD4F25A Ref B: MAA201060516009 Ref C: 2025-05-19T19:06:56Z",
        "x-request-time": "0.031"
      },
      "ResponseBody": {}
    },
    {
      "RequestUri": "https://Sanitized.azure.com/subscriptions/00000000-0000-0000-0000-000000000/providers/Microsoft.MachineLearningServices/locations/westus/mfeOperationResults/jc:5d1b7bea-bf23-4d5c-a95e-a68e0c9a03d0:000000000000000000000?api-version=2023-04-01-preview&t=638832784168543070&c=MIIHpTCCBo2gAwIBAgITfwVz8lGbdX3H5D3nrAAEBXPyUTANBgkqhkiG9w0BAQsFADBEMRMwEQYKCZImiZPyLGQBGRYDR0JMMRMwEQYKCZImiZPyLGQBGRYDQU1FMRgwFgYDVQQDEw9BTUUgSW5mcmEgQ0EgMDIwHhcNMjUwNDE5MTMyOTU0WhcNMjUxMDE2MTMyOTU0WjBAMT4wPAYDVQQDEzVhc3luY29wZXJhdGlvbnNpZ25pbmdjZXJ0aWZpY2F0ZS5tYW5hZ2VtZW50LmF6dXJlLmNvbTCCASIwDQYJKoZIhvcNAQEBBQADggEPADCCAQoCggEBAKheNs_SPbl7h4i169yRcsarLoUX0SoGYZoR4hiIRo7ANgo6bcf6kPlJWiB4hVZWM624l8q3QkhBT9QK85UA5KU7hff4IN9jlFh94cxytaaTNtZf9R_NnognWoCkuTzR7ZrpS02REI8dS4KTOMcZpY0jtpNTmoIhkwOl8mbvfGOgS-RYwS2lBL71jI1IoHn9Wie1Ud4t4LLaxewJVdYN0oN7sxrgacdn63irxefZxSIEzQJxBMiqYJgHzNMtfrhEmKdy_gbva6sUh6rR1FAfFXjItLXbtaU3v-WXowgG67l8khj26hTXlNokZip55S1XDn4K1XaH8zvERJK-drgk5sECAwEAAaOCBJIwggSOMCcGCSsGAQQBgjcVCgQaMBgwCgYIKwYBBQUHAwEwCgYIKwYBBQUHAwIwPQYJKwYBBAGCNxUHBDAwLgYmKwYBBAGCNxUIhpDjDYTVtHiE8Ys-hZvdFs6dEoFghfmRS4WsmTQCAWQCAQcwggHaBggrBgEFBQcBAQSCAcwwggHIMGYGCCsGAQUFBzAChlpodHRwOi8vY3JsLm1pY3Jvc29mdC5jb20vcGtpaW5mcmEvQ2VydHMvQkwyUEtJSU5UQ0EwMS5BTUUuR0JMX0FNRSUyMEluZnJhJTIwQ0ElMjAwMig0KS5jcnQwVgYIKwYBBQUHMAKGSmh0dHA6Ly9jcmwxLmFtZS5nYmwvYWlhL0JMMlBLSUlOVENBMDEuQU1FLkdCTF9BTUUlMjBJbmZyYSUyMENBJTIwMDIoNCkuY3J0MFYGCCsGAQUFBzAChkpodHRwOi8vY3JsMi5hbWUuZ2JsL2FpYS9CTDJQS0lJTlRDQTAxLkFNRS5HQkxfQU1FJTIwSW5mcmElMjBDQSUyMDAyKDQpLmNydDBWBggrBgEFBQcwAoZKaHR0cDovL2NybDMuYW1lLmdibC9haWEvQkwyUEtJSU5UQ0EwMS5BTUUuR0JMX0FNRSUyMEluZnJhJTIwQ0ElMjAwMig0KS5jcnQwVgYIKwYBBQUHMAKGSmh0dHA6Ly9jcmw0LmFtZS5nYmwvYWlhL0JMMlBLSUlOVENBMDEuQU1FLkdCTF9BTUUlMjBJbmZyYSUyMENBJTIwMDIoNCkuY3J0MB0GA1UdDgQWBBRHWlX_an5Ux0DHeFAPiZgkX2oZTTAOBgNVHQ8BAf8EBAMCBaAwggE1BgNVHR8EggEsMIIBKDCCASSgggEgoIIBHIZCaHR0cDovL2NybC5taWNyb3NvZnQuY29tL3BraWluZnJhL0NSTC9BTUUlMjBJbmZyYSUyMENBJTIwMDIoNCkuY3JshjRodHRwOi8vY3JsMS5hbWUuZ2JsL2NybC9BTUUlMjBJbmZyYSUyMENBJTIwMDIoNCkuY3JshjRodHRwOi8vY3JsMi5hbWUuZ2JsL2NybC9BTUUlMjBJbmZyYSUyMENBJTIwMDIoNCkuY3JshjRodHRwOi8vY3JsMy5hbWUuZ2JsL2NybC9BTUUlMjBJbmZyYSUyMENBJTIwMDIoNCkuY3JshjRodHRwOi8vY3JsNC5hbWUuZ2JsL2NybC9BTUUlMjBJbmZyYSUyMENBJTIwMDIoNCkuY3JsMIGdBgNVHSAEgZUwgZIwDAYKKwYBBAGCN3sBATBmBgorBgEEAYI3ewICMFgwVgYIKwYBBQUHAgIwSh5IADMAMwBlADAAMQA5ADIAMQAtADQAZAA2ADQALQA0AGYAOABjAC0AYQAwADUANQAtADUAYgBkAGEAZgBmAGQANQBlADMAMwBkMAwGCisGAQQBgjd7AwIwDAYKKwYBBAGCN3sEAjAfBgNVHSMEGDAWgBSuecJrXSWIEwb2BwnDl3x7l48dVTAdBgNVHSUEFjAUBggrBgEFBQcDAQYIKwYBBQUHAwIwDQYJKoZIhvcNAQELBQADggEBADC4STVDsiQ4Dr0GUEy9muT0jvHQI2wDrxCZB7pYdSPVD-5Vme1DMY1V15Pn1Q6TAQ5E9UFPOdeICN2114MWgVl0RPnVHRTgiS8UhZl55saVbaRdvV_Tz26xIbFTiWS8hIPJAuiggAlgow_YYFYdxB_ZIfKRxgpYhEO_UwfNvp8dpoKPcoyWOj8gDxrCPgh4ijd48X-Qw8AT7P296SWLYKT02bd5rLogJrjo9egKHrCZhwKubANkP6x2phEO98SDendd7t7KYmwWkihvTwTBSFyao7thyYuz-azT5DcOJjOsekXx-yfbbCa3c_gHX0HADQJ8_YIiaIbEiuV2NMPC87M&s=IlmrqhqEZwi00hRLh5jdqWGqBzeFHVZhUsRTNTo7XDZ2HSX6lEAtDE2rkPfhSN1ITOLvWTjIBhH-1E_mPPYzS7OXZasbCqt3rBXUtz6ovIu1_h1uQ-R1Odvxv9qL_TZcTSMOdjq9WeeeAWfbM1qTYEQXHQbdWHcfL1bBYh1yc0L5roogzha7WuXyzrhnexcqonoPGRUgBGzBBQUNN-JC7loUNb5B1wz3UItlA4xAXXWwFvs5A33f_gwbGglvVrc95lQ_Azw3zEOeTqtP_fGMa5ZE9hBWBCGCmkBKeRyfVxNfa1Q7ky_RWAqpQT9GDAQrRXioK6efahb1K21lh7fxnA&h=SzbKYU1zII-asJWRazFX8_Z9jdJj_dr3MbN6kuH9ij8",
      "RequestMethod": "GET",
      "RequestHeaders": {
        "Accept": "*/*",
        "Accept-Encoding": "gzip, deflate",
        "Connection": "keep-alive",
        "User-Agent": "azure-ai-ml/1.28.0 azsdk-python-mgmt-machinelearningservices/0.1.0 Python/3.10.11 (Windows-10-10.0.26100-SP0)"
      },
      "RequestBody": null,
      "StatusCode": 200,
      "ResponseHeaders": {
        "azureml-served-by-cluster": "vienna-westus-02",
        "Cache-Control": "no-cache",
        "Content-Length": "0",
        "Date": "Mon, 19 May 2025 19:07:27 GMT",
        "Expires": "-1",
        "Pragma": "no-cache",
        "Request-Context": "appId=cid-v1:2d2e8e63-272e-4b3c-8598-4ee570a0e70d",
        "Strict-Transport-Security": "max-age=31536000; includeSubDomains",
        "X-Cache": "CONFIG_NOCACHE",
        "X-Content-Type-Options": "nosniff",
        "x-ms-correlation-request-id": "6e3dd708-d984-4cb7-b1a3-03d81bc6d6c3",
        "x-ms-operation-identifier": "tenantId=72f988bf-86f1-41af-91ab-2d7cd011db47,objectId=2658e295-df5c-42f6-b1c2-93b4de9f1904/jioindiacentral/8b819026-a941-4ba4-9581-2fc326333d00",
        "x-ms-ratelimit-remaining-subscription-global-reads": "16499",
        "x-ms-ratelimit-remaining-subscription-reads": "1099",
        "x-ms-response-type": "standard",
        "x-ms-routing-request-id": "JIOINDIACENTRAL:20250519T190727Z:6e3dd708-d984-4cb7-b1a3-03d81bc6d6c3",
        "X-MSEdge-Ref": "Ref A: 763D124E181048A3B3698A7854B9B514 Ref B: MAA201060516009 Ref C: 2025-05-19T19:07:26Z",
        "x-request-time": "0.090"
      },
      "ResponseBody": null
    }
  ],
  "Variables": {}
}
