{
  "Entries": [
    {
      "RequestUri": "https://management.azure.com/subscriptions/00000000-0000-0000-0000-000000000000/resourcegroups/go-sdk-test-rg?api-version=2021-04-01",
      "RequestMethod": "PUT",
      "RequestHeaders": {
        "Accept": "application/json",
        "Accept-Encoding": "gzip",
        "Authorization": "Sanitized",
        "Content-Length": "21",
        "Content-Type": "application/json",
        "User-Agent": "azsdk-go-armresources/v1.0.0 (go1.19; Windows_NT)"
      },
      "RequestBody": {
        "location": "westus"
      },
      "StatusCode": 201,
      "ResponseHeaders": {
        "Cache-Control": "no-cache",
        "Content-Length": "225",
        "Content-Type": "application/json; charset=utf-8",
        "Date": "Wed, 31 May 2023 06:18:49 GMT",
        "Expires": "-1",
        "Pragma": "no-cache",
        "Strict-Transport-Security": "max-age=31536000; includeSubDomains",
        "X-Content-Type-Options": "nosniff",
        "x-ms-correlation-request-id": "00000000-0000-0000-0000-000000000000",
        "x-ms-ratelimit-remaining-subscription-writes": "1199",
        "x-ms-request-id": "00000000-0000-0000-0000-000000000000",
        "x-ms-routing-request-id": "SOUTHEASTASIA:20230531T061849Z:00000000-0000-0000-0000-000000000000"
      },
      "ResponseBody": {
        "id": "/subscriptions/00000000-0000-0000-0000-000000000000/resourceGroups/go-sdk-test-rg",
        "name": "go-sdk-test-rg",
        "type": "Microsoft.Resources/resourceGroups",
        "location": "westus",
        "properties": {
          "provisioningState": "Succeeded"
        }
      }
    },
    {
      "RequestUri": "https://management.azure.com/subscriptions/00000000-0000-0000-0000-000000000000/resourceGroups/go-sdk-test-rg/providers/Microsoft.AlertsManagement/actionRules/alertproyO7c0U?api-version=2021-08-08",
      "RequestMethod": "PUT",
      "RequestHeaders": {
        "Accept": "application/json",
        "Accept-Encoding": "gzip",
        "Authorization": "Sanitized",
        "Content-Length": "468",
        "Content-Type": "application/json",
        "User-Agent": "azsdk-go-armalertsmanagement/v0.8.1 (go1.19; Windows_NT)"
      },
      "RequestBody": {
        "location": "Global",
        "properties": {
          "actions": [
            {
              "actionType": "RemoveAllActionGroups"
            }
          ],
          "description": "Remove all ActionGroups outside business hours",
          "enabled": true,
          "schedule": {
            "recurrences": [
              {
                "endTime": "09:00:00",
                "recurrenceType": "Daily",
                "startTime": "17:00:00"
              },
              {
                "daysOfWeek": [
                  "Saturday",
                  "Sunday"
                ],
                "recurrenceType": "Weekly"
              }
            ],
            "timeZone": "Eastern Standard Time"
          },
          "scopes": [
            "/subscriptions/00000000-0000-0000-0000-000000000000/resourceGroups/go-sdk-test-rg"
          ]
        },
        "tags": {}
      },
      "StatusCode": 201,
      "ResponseHeaders": {
        "Cache-Control": "no-store, no-cache",
        "Content-Length": "961",
        "Content-Security-Policy": "script-src \u0027self\u0027",
        "Content-Type": "application/json; charset=utf-8",
        "Date": "Wed, 31 May 2023 06:18:54 GMT",
        "Expires": "-1",
        "Pragma": "no-cache",
        "Strict-Transport-Security": "max-age=31536000; includeSubDomains",
        "X-Content-Type-Options": "nosniff",
        "x-ms-correlation-request-id": "00000000-0000-0000-0000-000000000000",
        "x-ms-ratelimit-remaining-subscription-writes": "1198",
        "x-ms-request-id": "00000000-0000-0000-0000-000000000000",
        "x-ms-routing-request-id": "SOUTHEASTASIA:20230531T061854Z:00000000-0000-0000-0000-000000000000",
        "X-XSS-Protection": "1; mode=block"
      },
      "ResponseBody": {
        "properties": {
          "scopes": [
            "/subscriptions/00000000-0000-0000-0000-000000000000/resourceGroups/go-sdk-test-rg"
          ],
          "schedule": {
            "timeZone": "Eastern Standard Time",
            "recurrences": [
              {
                "recurrenceType": "Daily",
                "startTime": "17:00:00",
                "endTime": "09:00:00"
              },
              {
                "daysOfWeek": [
                  "Saturday",
                  "Sunday"
                ],
                "recurrenceType": "Weekly"
              }
            ]
          },
          "enabled": true,
          "actions": [
            {
              "actionType": "RemoveAllActionGroups"
            }
          ],
          "description": "Remove all ActionGroups outside business hours"
        },
        "systemData": {
          "createdBy": "00000000-0000-0000-0000-000000000000",
          "createdByType": "Application",
          "createdAt": "2023-05-31T06:18:53.1940665Z",
          "lastModifiedBy": "00000000-0000-0000-0000-000000000000",
          "lastModifiedByType": "Application",
          "lastModifiedAt": "2023-05-31T06:18:53.1940665Z"
        },
        "location": "Global",
        "id": "/subscriptions/00000000-0000-0000-0000-000000000000/resourceGroups/go-sdk-test-rg/providers/Microsoft.AlertsManagement/actionRules/alertproyO7c0U",
        "type": "Microsoft.AlertsManagement/actionRules",
        "name": "alertproyO7c0U"
      }
    },
    {
      "RequestUri": "https://management.azure.com/subscriptions/00000000-0000-0000-0000-000000000000/providers/Microsoft.AlertsManagement/actionRules?api-version=2021-08-08",
      "RequestMethod": "GET",
      "RequestHeaders": {
        "Accept": "application/json",
        "Accept-Encoding": "gzip",
        "Authorization": "Sanitized",
        "User-Agent": "azsdk-go-armalertsmanagement/v0.8.1 (go1.19; Windows_NT)"
      },
      "RequestBody": null,
      "StatusCode": 200,
      "ResponseHeaders": {
        "Cache-Control": "no-store, no-cache",
        "Content-Encoding": "gzip",
        "Content-Security-Policy": "script-src \u0027self\u0027",
        "Content-Type": "application/json; charset=utf-8",
        "Date": "Wed, 31 May 2023 06:18:54 GMT",
        "Expires": "-1",
        "Pragma": "no-cache",
        "Strict-Transport-Security": "max-age=31536000; includeSubDomains",
        "Transfer-Encoding": "chunked",
        "Vary": "Accept-Encoding",
        "X-Content-Type-Options": "nosniff",
        "x-ms-correlation-request-id": "00000000-0000-0000-0000-000000000000",
        "x-ms-ratelimit-remaining-subscription-resource-requests": "999",
        "x-ms-request-id": "00000000-0000-0000-0000-000000000000",
        "x-ms-routing-request-id": "SOUTHEASTASIA:20230531T061855Z:00000000-0000-0000-0000-000000000000",
        "X-XSS-Protection": "1; mode=block"
      },
      "ResponseBody": {
        "value": [
          {
            "properties": {
              "scopes": [
                "/subscriptions/00000000-0000-0000-0000-000000000000/resourceGroups/go-sdk-test-rg"
              ],
              "schedule": {
                "timeZone": "Eastern Standard Time",
                "recurrences": [
                  {
                    "recurrenceType": "Daily",
                    "startTime": "17:00:00",
                    "endTime": "09:00:00"
                  },
                  {
                    "daysOfWeek": [
                      "Saturday",
                      "Sunday"
                    ],
                    "recurrenceType": "Weekly"
                  }
                ]
              },
              "enabled": true,
              "actions": [
                {
                  "actionType": "RemoveAllActionGroups"
                }
              ],
              "description": "Remove all ActionGroups outside business hours"
            },
            "systemData": {
              "createdBy": "00000000-0000-0000-0000-000000000000",
              "createdByType": "Application",
              "createdAt": "2023-05-31T06:08:45.1034307Z",
              "lastModifiedBy": "00000000-0000-0000-0000-000000000000",
              "lastModifiedByType": "Application",
              "lastModifiedAt": "2023-05-31T06:08:45.1034307Z"
            },
            "location": "Global",
            "id": "/subscriptions/00000000-0000-0000-0000-000000000000/resourceGroups/go-sdk-test-rg/providers/Microsoft.AlertsManagement/actionRules/alertprokHwL20",
            "type": "Microsoft.AlertsManagement/actionRules",
            "name": "alertprokHwL20"
          },
          {
            "properties": {
              "scopes": [
                "/subscriptions/00000000-0000-0000-0000-000000000000/resourceGroups/go-sdk-test-rg"
              ],
              "schedule": {
                "timeZone": "Eastern Standard Time",
                "recurrences": [
                  {
                    "recurrenceType": "Daily",
                    "startTime": "17:00:00",
                    "endTime": "09:00:00"
                  },
                  {
                    "daysOfWeek": [
                      "Saturday",
                      "Sunday"
                    ],
                    "recurrenceType": "Weekly"
                  }
                ]
              },
              "enabled": true,
              "actions": [
                {
                  "actionType": "RemoveAllActionGroups"
                }
              ],
              "description": "Remove all ActionGroups outside business hours"
            },
            "systemData": {
              "createdBy": "00000000-0000-0000-0000-000000000000",
              "createdByType": "Application",
              "createdAt": "2023-05-31T06:18:53.1940665Z",
              "lastModifiedBy": "00000000-0000-0000-0000-000000000000",
              "lastModifiedByType": "Application",
              "lastModifiedAt": "2023-05-31T06:18:53.1940665Z"
            },
            "location": "Global",
            "id": "/subscriptions/00000000-0000-0000-0000-000000000000/resourceGroups/go-sdk-test-rg/providers/Microsoft.AlertsManagement/actionRules/alertproyO7c0U",
            "type": "Microsoft.AlertsManagement/actionRules",
            "name": "alertproyO7c0U"
          }
        ]
      }
    },
    {
      "RequestUri": "https://management.azure.com/subscriptions/00000000-0000-0000-0000-000000000000/resourceGroups/go-sdk-test-rg/providers/Microsoft.AlertsManagement/actionRules/alertproyO7c0U?api-version=2021-08-08",
      "RequestMethod": "GET",
      "RequestHeaders": {
        "Accept": "application/json",
        "Accept-Encoding": "gzip",
        "Authorization": "Sanitized",
        "User-Agent": "azsdk-go-armalertsmanagement/v0.8.1 (go1.19; Windows_NT)"
      },
      "RequestBody": null,
      "StatusCode": 200,
      "ResponseHeaders": {
        "Cache-Control": "no-store, no-cache",
        "Content-Encoding": "gzip",
        "Content-Security-Policy": "script-src \u0027self\u0027",
        "Content-Type": "application/json; charset=utf-8",
        "Date": "Wed, 31 May 2023 06:18:55 GMT",
        "Expires": "-1",
        "Pragma": "no-cache",
        "Strict-Transport-Security": "max-age=31536000; includeSubDomains",
        "Transfer-Encoding": "chunked",
        "Vary": "Accept-Encoding",
        "X-Content-Type-Options": "nosniff",
        "x-ms-correlation-request-id": "00000000-0000-0000-0000-000000000000",
        "x-ms-ratelimit-remaining-subscription-resource-requests": "998",
        "x-ms-request-id": "00000000-0000-0000-0000-000000000000",
        "x-ms-routing-request-id": "SOUTHEASTASIA:20230531T061855Z:00000000-0000-0000-0000-000000000000",
        "X-XSS-Protection": "1; mode=block"
      },
      "ResponseBody": {
        "properties": {
          "scopes": [
            "/subscriptions/00000000-0000-0000-0000-000000000000/resourceGroups/go-sdk-test-rg"
          ],
          "schedule": {
            "timeZone": "Eastern Standard Time",
            "recurrences": [
              {
                "recurrenceType": "Daily",
                "startTime": "17:00:00",
                "endTime": "09:00:00"
              },
              {
                "daysOfWeek": [
                  "Saturday",
                  "Sunday"
                ],
                "recurrenceType": "Weekly"
              }
            ]
          },
          "enabled": true,
          "actions": [
            {
              "actionType": "RemoveAllActionGroups"
            }
          ],
          "description": "Remove all ActionGroups outside business hours"
        },
        "systemData": {
          "createdBy": "00000000-0000-0000-0000-000000000000",
          "createdByType": "Application",
          "createdAt": "2023-05-31T06:18:53.1940665Z",
          "lastModifiedBy": "00000000-0000-0000-0000-000000000000",
          "lastModifiedByType": "Application",
          "lastModifiedAt": "2023-05-31T06:18:53.1940665Z"
        },
        "location": "Global",
        "id": "/subscriptions/00000000-0000-0000-0000-000000000000/resourceGroups/go-sdk-test-rg/providers/Microsoft.AlertsManagement/actionRules/alertproyO7c0U",
        "type": "Microsoft.AlertsManagement/actionRules",
        "name": "alertproyO7c0U"
      }
    },
    {
      "RequestUri": "https://management.azure.com/subscriptions/00000000-0000-0000-0000-000000000000/resourceGroups/go-sdk-test-rg/providers/Microsoft.AlertsManagement/actionRules?api-version=2021-08-08",
      "RequestMethod": "GET",
      "RequestHeaders": {
        "Accept": "application/json",
        "Accept-Encoding": "gzip",
        "Authorization": "Sanitized",
        "User-Agent": "azsdk-go-armalertsmanagement/v0.8.1 (go1.19; Windows_NT)"
      },
      "RequestBody": null,
      "StatusCode": 200,
      "ResponseHeaders": {
        "Cache-Control": "no-store, no-cache",
        "Content-Encoding": "gzip",
        "Content-Security-Policy": "script-src \u0027self\u0027",
        "Content-Type": "application/json; charset=utf-8",
        "Date": "Wed, 31 May 2023 06:18:55 GMT",
        "Expires": "-1",
        "Pragma": "no-cache",
        "Strict-Transport-Security": "max-age=31536000; includeSubDomains",
        "Transfer-Encoding": "chunked",
        "Vary": "Accept-Encoding",
        "X-Content-Type-Options": "nosniff",
        "x-ms-correlation-request-id": "00000000-0000-0000-0000-000000000000",
        "x-ms-ratelimit-remaining-subscription-resource-requests": "997",
        "x-ms-request-id": "00000000-0000-0000-0000-000000000000",
        "x-ms-routing-request-id": "SOUTHEASTASIA:20230531T061856Z:00000000-0000-0000-0000-000000000000",
        "X-XSS-Protection": "1; mode=block"
      },
      "ResponseBody": {
        "value": [
          {
            "properties": {
              "scopes": [
                "/subscriptions/00000000-0000-0000-0000-000000000000/resourceGroups/go-sdk-test-rg"
              ],
              "schedule": {
                "timeZone": "Eastern Standard Time",
                "recurrences": [
                  {
                    "recurrenceType": "Daily",
                    "startTime": "17:00:00",
                    "endTime": "09:00:00"
                  },
                  {
                    "daysOfWeek": [
                      "Saturday",
                      "Sunday"
                    ],
                    "recurrenceType": "Weekly"
                  }
                ]
              },
              "enabled": true,
              "actions": [
                {
                  "actionType": "RemoveAllActionGroups"
                }
              ],
              "description": "Remove all ActionGroups outside business hours"
            },
            "systemData": {
              "createdBy": "00000000-0000-0000-0000-000000000000",
              "createdByType": "Application",
              "createdAt": "2023-05-31T06:18:53.1940665Z",
              "lastModifiedBy": "00000000-0000-0000-0000-000000000000",
              "lastModifiedByType": "Application",
              "lastModifiedAt": "2023-05-31T06:18:53.1940665Z"
            },
            "location": "Global",
            "id": "/subscriptions/00000000-0000-0000-0000-000000000000/resourceGroups/go-sdk-test-rg/providers/Microsoft.AlertsManagement/actionRules/alertproyO7c0U",
            "type": "Microsoft.AlertsManagement/actionRules",
            "name": "alertproyO7c0U"
          }
        ]
      }
    },
    {
      "RequestUri": "https://management.azure.com/subscriptions/00000000-0000-0000-0000-000000000000/resourceGroups/go-sdk-test-rg/providers/Microsoft.AlertsManagement/actionRules/alertproyO7c0U?api-version=2021-08-08",
      "RequestMethod": "PATCH",
      "RequestHeaders": {
        "Accept": "application/json",
        "Accept-Encoding": "gzip",
        "Authorization": "Sanitized",
        "Content-Length": "73",
        "Content-Type": "application/json",
        "User-Agent": "azsdk-go-armalertsmanagement/v0.8.1 (go1.19; Windows_NT)"
      },
      "RequestBody": {
        "properties": {
          "enabled": false
        },
        "tags": {
          "key1": "value1",
          "key2": "value2"
        }
      },
      "StatusCode": 200,
      "ResponseHeaders": {
        "Cache-Control": "no-store, no-cache",
        "Content-Encoding": "gzip",
        "Content-Security-Policy": "script-src \u0027self\u0027",
        "Content-Type": "application/json; charset=utf-8",
        "Date": "Wed, 31 May 2023 06:18:57 GMT",
        "Expires": "-1",
        "Pragma": "no-cache",
        "Strict-Transport-Security": "max-age=31536000; includeSubDomains",
        "Transfer-Encoding": "chunked",
        "Vary": "Accept-Encoding",
        "X-Content-Type-Options": "nosniff",
        "x-ms-correlation-request-id": "00000000-0000-0000-0000-000000000000",
        "x-ms-ratelimit-remaining-subscription-writes": "1197",
        "x-ms-request-id": "00000000-0000-0000-0000-000000000000",
        "x-ms-routing-request-id": "SOUTHEASTASIA:20230531T061858Z:00000000-0000-0000-0000-000000000000",
        "X-XSS-Protection": "1; mode=block"
      },
      "ResponseBody": {
        "properties": {
          "scopes": [
            "/subscriptions/00000000-0000-0000-0000-000000000000/resourceGroups/go-sdk-test-rg"
          ],
          "schedule": {
            "timeZone": "Eastern Standard Time",
            "recurrences": [
              {
                "recurrenceType": "Daily",
                "startTime": "17:00:00",
                "endTime": "09:00:00"
              },
              {
                "daysOfWeek": [
                  "Saturday",
                  "Sunday"
                ],
                "recurrenceType": "Weekly"
              }
            ]
          },
          "enabled": false,
          "actions": [
            {
              "actionType": "RemoveAllActionGroups"
            }
          ],
          "description": "Remove all ActionGroups outside business hours"
        },
        "systemData": {
          "createdBy": "00000000-0000-0000-0000-000000000000",
          "createdByType": "Application",
          "createdAt": "2023-05-31T06:18:53.1940665Z",
          "lastModifiedBy": "00000000-0000-0000-0000-000000000000",
          "lastModifiedByType": "Application",
          "lastModifiedAt": "2023-05-31T06:18:56.3191929Z"
        },
        "location": "Global",
        "tags": {
          "key1": "value1",
          "key2": "value2"
        },
        "id": "/subscriptions/00000000-0000-0000-0000-000000000000/resourceGroups/go-sdk-test-rg/providers/Microsoft.AlertsManagement/actionRules/alertproyO7c0U",
        "type": "Microsoft.AlertsManagement/actionRules",
        "name": "alertproyO7c0U"
      }
    },
    {
      "RequestUri": "https://management.azure.com/subscriptions/00000000-0000-0000-0000-000000000000/resourceGroups/go-sdk-test-rg/providers/Microsoft.AlertsManagement/actionRules/alertproyO7c0U?api-version=2021-08-08",
      "RequestMethod": "DELETE",
      "RequestHeaders": {
        "Accept": "application/json",
        "Accept-Encoding": "gzip",
        "Authorization": "Sanitized",
        "User-Agent": "azsdk-go-armalertsmanagement/v0.8.1 (go1.19; Windows_NT)"
      },
      "RequestBody": null,
      "StatusCode": 200,
      "ResponseHeaders": {
        "Cache-Control": "no-store, no-cache",
        "Content-Length": "0",
        "Content-Security-Policy": "script-src \u0027self\u0027",
        "Date": "Wed, 31 May 2023 06:18:59 GMT",
        "Expires": "-1",
        "Pragma": "no-cache",
        "Strict-Transport-Security": "max-age=31536000; includeSubDomains",
        "X-Content-Type-Options": "nosniff",
        "x-ms-correlation-request-id": "00000000-0000-0000-0000-000000000000",
        "x-ms-ratelimit-remaining-subscription-deletes": "14999",
        "x-ms-request-id": "00000000-0000-0000-0000-000000000000",
        "x-ms-routing-request-id": "SOUTHEASTASIA:20230531T061900Z:00000000-0000-0000-0000-000000000000",
        "X-XSS-Protection": "1; mode=block"
      },
      "ResponseBody": null
    },
    {
      "RequestUri": "https://management.azure.com/subscriptions/00000000-0000-0000-0000-000000000000/providers/Microsoft.AlertsManagement/alerts?api-version=2019-05-05-preview",
      "RequestMethod": "GET",
      "RequestHeaders": {
        "Accept": "application/json",
        "Accept-Encoding": "gzip",
        "Authorization": "Sanitized",
        "User-Agent": "azsdk-go-armalertsmanagement/v0.8.1 (go1.19; Windows_NT)"
      },
      "RequestBody": null,
      "StatusCode": 200,
      "ResponseHeaders": {
        "Cache-Control": "no-store, no-cache",
        "Content-Encoding": "gzip",
        "Content-Security-Policy": "script-src \u0027self\u0027",
        "Content-Type": "application/json; charset=utf-8",
        "Date": "Wed, 31 May 2023 06:19:01 GMT",
        "Expires": "-1",
        "Pragma": "no-cache",
        "Strict-Transport-Security": "max-age=31536000; includeSubDomains",
        "Transfer-Encoding": "chunked",
        "Vary": "Accept-Encoding",
        "X-Content-Type-Options": "nosniff",
        "x-ms-correlation-request-id": "00000000-0000-0000-0000-000000000000",
        "x-ms-ratelimit-remaining-subscription-resource-requests": "999",
        "x-ms-request-id": "00000000-0000-0000-0000-000000000000",
        "x-ms-routing-request-id": "SOUTHEASTASIA:20230531T061901Z:00000000-0000-0000-0000-000000000000",
        "X-XSS-Protection": "1; mode=block"
      },
      "ResponseBody": {
        "value": []
      }
    },
    {
      "RequestUri": "https://management.azure.com/subscriptions/00000000-0000-0000-0000-000000000000/providers/Microsoft.AlertsManagement/alertsSummary?api-version=2019-05-05-preview\u0026groupby=severity%2CalertState",
      "RequestMethod": "GET",
      "RequestHeaders": {
        "Accept": "application/json",
        "Accept-Encoding": "gzip",
        "Authorization": "Sanitized",
        "User-Agent": "azsdk-go-armalertsmanagement/v0.8.1 (go1.19; Windows_NT)"
      },
      "RequestBody": null,
      "StatusCode": 429,
      "ResponseHeaders": {
        "Cache-Control": "no-store, no-cache",
        "Connection": "close",
        "Content-Length": "84",
        "Content-Security-Policy": "script-src \u0027self\u0027",
        "Content-Type": "application/json; charset=utf-8",
        "Date": "Wed, 31 May 2023 06:19:01 GMT",
        "Expires": "-1",
        "Pragma": "no-cache",
        "Retry-After": "52",
        "Strict-Transport-Security": "max-age=31536000; includeSubDomains",
        "X-Content-Type-Options": "nosniff",
        "x-ms-correlation-request-id": "00000000-0000-0000-0000-000000000000",
        "x-ms-ratelimit-remaining-subscription-resource-requests": "999",
        "x-ms-request-id": "00000000-0000-0000-0000-000000000000",
        "x-ms-routing-request-id": "SOUTHEASTASIA:20230531T061901Z:00000000-0000-0000-0000-000000000000",
        "X-XSS-Protection": "1; mode=block"
      },
      "ResponseBody": {
        "error": {
          "code": "429",
          "message": "Too many requests.",
          "target": null,
          "details": null
        }
      }
    },
    {
      "RequestUri": "https://management.azure.com/subscriptions/00000000-0000-0000-0000-000000000000/providers/Microsoft.AlertsManagement/alertsSummary?api-version=2019-05-05-preview\u0026groupby=severity%2CalertState",
      "RequestMethod": "GET",
      "RequestHeaders": {
        "Accept": "application/json",
        "Accept-Encoding": "gzip",
        "Authorization": "Sanitized",
        "User-Agent": "azsdk-go-armalertsmanagement/v0.8.1 (go1.19; Windows_NT)"
      },
      "RequestBody": null,
      "StatusCode": 200,
      "ResponseHeaders": {
        "Cache-Control": "no-store, no-cache",
        "Content-Encoding": "gzip",
        "Content-Security-Policy": "script-src \u0027self\u0027",
        "Content-Type": "application/json; charset=utf-8",
        "Date": "Wed, 31 May 2023 06:19:55 GMT",
        "Expires": "-1",
        "Pragma": "no-cache",
        "Strict-Transport-Security": "max-age=31536000; includeSubDomains",
        "Transfer-Encoding": "chunked",
        "Vary": "Accept-Encoding",
        "X-Content-Type-Options": "nosniff",
        "x-ms-correlation-request-id": "00000000-0000-0000-0000-000000000000",
        "x-ms-ratelimit-remaining-subscription-resource-requests": "999",
        "x-ms-request-id": "00000000-0000-0000-0000-000000000000",
        "x-ms-routing-request-id": "SOUTHEASTASIA:20230531T061956Z:00000000-0000-0000-0000-000000000000",
        "X-XSS-Protection": "1; mode=block"
      },
      "ResponseBody": {
        "properties": {
          "groupedby": "severity",
          "total": 0,
          "values": [
            {
              "name": "Sev0",
              "count": 0,
              "groupedby": "alertState",
              "values": [
                {
                  "name": "New",
                  "count": 0
                },
                {
                  "name": "Acknowledged",
                  "count": 0
                },
                {
                  "name": "Closed",
                  "count": 0
                }
              ]
            },
            {
              "name": "Sev1",
              "count": 0,
              "groupedby": "alertState",
              "values": [
                {
                  "name": "New",
                  "count": 0
                },
                {
                  "name": "Acknowledged",
                  "count": 0
                },
                {
                  "name": "Closed",
                  "count": 0
                }
              ]
            },
            {
              "name": "Sev2",
              "count": 0,
              "groupedby": "alertState",
              "values": [
                {
                  "name": "New",
                  "count": 0
                },
                {
                  "name": "Acknowledged",
                  "count": 0
                },
                {
                  "name": "Closed",
                  "count": 0
                }
              ]
            },
            {
              "name": "Sev3",
              "count": 0,
              "groupedby": "alertState",
              "values": [
                {
                  "name": "New",
                  "count": 0
                },
                {
                  "name": "Acknowledged",
                  "count": 0
                },
                {
                  "name": "Closed",
                  "count": 0
                }
              ]
            },
            {
              "name": "Sev4",
              "count": 0,
              "groupedby": "alertState",
              "values": [
                {
                  "name": "New",
                  "count": 0
                },
                {
                  "name": "Acknowledged",
                  "count": 0
                },
                {
                  "name": "Closed",
                  "count": 0
                }
              ]
            }
          ]
        },
        "id": "/subscriptions/00000000-0000-0000-0000-000000000000/providers/Microsoft.AlertsManagement/alertsSummary/current",
        "type": "Microsoft.AlertsManagement/alertsSummary",
        "name": "current"
      }
    },
    {
      "RequestUri": "https://management.azure.com/providers/Microsoft.AlertsManagement/operations?api-version=2019-05-05-preview",
      "RequestMethod": "GET",
      "RequestHeaders": {
        "Accept": "application/json",
        "Accept-Encoding": "gzip",
        "Authorization": "Sanitized",
        "User-Agent": "azsdk-go-armalertsmanagement/v0.8.1 (go1.19; Windows_NT)"
      },
      "RequestBody": null,
      "StatusCode": 200,
      "ResponseHeaders": {
        "Cache-Control": "no-store, no-cache",
        "Content-Encoding": "gzip",
        "Content-Security-Policy": "script-src \u0027self\u0027",
        "Content-Type": "application/json; charset=utf-8",
        "Date": "Wed, 31 May 2023 06:19:55 GMT",
        "Expires": "-1",
        "Pragma": "no-cache",
        "Strict-Transport-Security": "max-age=31536000; includeSubDomains",
        "Transfer-Encoding": "chunked",
        "Vary": "Accept-Encoding",
        "X-Content-Type-Options": "nosniff",
        "x-ms-correlation-request-id": "00000000-0000-0000-0000-000000000000",
        "x-ms-ratelimit-remaining-tenant-reads": "11999",
        "x-ms-request-id": "00000000-0000-0000-0000-000000000000",
        "x-ms-routing-request-id": "SOUTHEASTASIA:20230531T061956Z:00000000-0000-0000-0000-000000000000",
        "X-XSS-Protection": "1; mode=block"
      },
      "ResponseBody": {
        "value": [
          {
            "name": "Microsoft.AlertsManagement/register/action",
            "display": {
              "provider": "Microsoft.AlertsManagement",
              "resource": "Subscription",
              "operation": "Subscription Registration Action",
              "description": "Subscription Registration Action"
            },
            "origin": "user,system"
          },
          {
            "name": "Microsoft.AlertsManagement/register/action",
            "display": {
              "provider": "Microsoft.AlertsManagement",
              "resource": "register",
              "operation": "Register subscription",
              "description": "Registers the subscription for the Microsoft Alerts Management"
            },
            "origin": "user,system"
          },
          {
            "name": "Microsoft.AlertsManagement/alerts/read",
            "display": {
              "provider": "Microsoft.AlertsManagement",
              "resource": "alerts",
              "operation": "Read alerts",
              "description": "Get all the alerts for the input filters."
            },
            "origin": "user,system"
          },
          {
            "name": "Microsoft.AlertsManagement/alerts/changestate/action",
            "display": {
              "provider": "Microsoft.AlertsManagement",
              "resource": "alerts",
              "operation": "Resolve alerts",
              "description": "Change the state of the alert."
            },
            "origin": "user,system"
          },
          {
            "name": "Microsoft.AlertsManagement/alerts/history/read",
            "display": {
              "provider": "Microsoft.AlertsManagement",
              "resource": "alerts",
              "operation": "Read alert history",
              "description": "Get history of the alert"
            },
            "origin": "user,system"
          },
          {
            "name": "Microsoft.AlertsManagement/smartDetectorAlertRules/write",
            "display": {
              "provider": "Microsoft.AlertsManagement",
              "resource": "smartDetectorAlertRules",
              "operation": "Create Smart Detector alert rule",
              "description": "Create or update Smart Detector alert rule in a given subscription"
            }
          },
          {
            "name": "Microsoft.AlertsManagement/smartDetectorAlertRules/read",
            "display": {
              "provider": "Microsoft.AlertsManagement",
              "resource": "smartDetectorAlertRules",
              "operation": "Read Smart Detector alert rules",
              "description": "Get all the Smart Detector alert rules for the input filters"
            }
          },
          {
            "name": "Microsoft.AlertsManagement/smartDetectorAlertRules/delete",
            "display": {
              "provider": "Microsoft.AlertsManagement",
              "resource": "smartDetectorAlertRules",
              "operation": "Delete Smart Detector alert rule",
              "description": "Delete Smart Detector alert rule in a given subscription"
            }
          },
          {
            "name": "Microsoft.AlertsManagement/resourceHealthAlertRules/write",
            "display": {
              "provider": "Microsoft.AlertsManagement",
              "resource": "resourceHealthAlertRules",
              "operation": "Create Resource Health alert rule",
              "description": "Create or update Resource Health alert rule in a given subscription"
            }
          },
          {
            "name": "Microsoft.AlertsManagement/resourceHealthAlertRules/read",
            "display": {
              "provider": "Microsoft.AlertsManagement",
              "resource": "resourceHealthAlertRules",
              "operation": "Read Resource Health alert rules",
              "description": "Get all the Resource Health alert rules for the input filters"
            }
          },
          {
            "name": "Microsoft.AlertsManagement/resourceHealthAlertRules/delete",
            "display": {
              "provider": "Microsoft.AlertsManagement",
              "resource": "resourceHealthAlertRules",
              "operation": "Delete Resource Health alert rule",
              "description": "Delete Resource Health alert rule in a given subscription"
            }
          },
          {
            "name": "Microsoft.AlertsManagement/migrateFromSmartDetection/read",
            "display": {
              "provider": "Microsoft.AlertsManagement",
              "resource": "migrateFromSmartDetection",
              "operation": "Get Smart Detection Migration status",
              "description": "Get the status of an asynchronous Smart Detection to smart alerts migration process"
            }
          },
          {
            "name": "Microsoft.AlertsManagement/migrateFromSmartDetection/action",
            "display": {
              "provider": "Microsoft.AlertsManagement",
              "resource": "migrateFromSmartDetection",
              "operation": "Migrate From Smart Detection",
              "description": "Starts an asynchronous migration process of Smart Detection to smart alerts in an Application Insights resource"
            }
          },
          {
            "name": "Microsoft.AlertsManagement/prometheusRuleGroups/write",
            "display": {
              "provider": "Microsoft.AlertsManagement",
              "resource": "prometheusRuleGroups",
              "operation": "Creates or updates the prometheusRuleGroups",
              "description": "Set prometheusRuleGroups"
            }
          },
          {
            "name": "Microsoft.AlertsManagement/prometheusRuleGroups/delete",
            "display": {
              "provider": "Microsoft.AlertsManagement",
              "resource": "prometheusRuleGroups",
              "operation": "Deletes the prometheusRuleGroups",
              "description": "Delete prometheusRuleGroups"
            }
          },
          {
            "name": "Microsoft.AlertsManagement/prometheusRuleGroups/read",
            "display": {
              "provider": "Microsoft.AlertsManagement",
              "resource": "prometheusRuleGroups",
              "operation": "Read the prometheusRuleGroups",
              "description": "Read prometheusRuleGroups"
            }
          },
          {
            "name": "Microsoft.AlertsManagement/alertRuleRecommendations/read",
            "display": {
              "provider": "Microsoft.AlertsManagement",
              "resource": "alertRuleRecommendations",
              "operation": "Read the alertRuleRecommendations",
              "description": "Read alertRuleRecommendations"
            }
          },
          {
            "name": "Microsoft.AlertsManagement/tenantActivityLogAlerts/write",
            "display": {
              "provider": "Microsoft.AlertsManagement",
              "resource": "tenantActivityLogAlerts",
              "operation": "Writes the tenantLevelActivityLogAlerts",
              "description": "Write tenantLevelActivityLogAlerts"
            }
          },
          {
            "name": "Microsoft.AlertsManagement/tenantActivityLogAlerts/delete",
            "display": {
              "provider": "Microsoft.AlertsManagement",
              "resource": "tenantActivityLogAlerts",
              "operation": "Deletes the tenantLevelActivityLogAlerts",
              "description": "Delete tenantLevelActivityLogAlerts"
            }
          },
          {
            "name": "Microsoft.AlertsManagement/tenantActivityLogAlerts/read",
            "display": {
              "provider": "Microsoft.AlertsManagement",
              "resource": "tenantActivityLogAlerts",
              "operation": "Reads the tenantLevelActivityLogAlerts",
              "description": "Read tenantLevelActivityLogAlerts"
            }
          },
          {
            "name": "Microsoft.AlertsManagement/alertsSummary/read",
            "display": {
              "provider": "Microsoft.AlertsManagement",
              "resource": "alertsSummary",
              "operation": "Read alerts summary",
              "description": "Get the summary of alerts"
            },
            "origin": "user,system"
          },
          {
            "name": "Microsoft.AlertsManagement/smartGroups/read",
            "display": {
              "provider": "Microsoft.AlertsManagement",
              "resource": "smartGroups",
              "operation": "Read smart groups",
              "description": "Get all the smart groups for the input filters"
            },
            "origin": "user,system"
          },
          {
            "name": "Microsoft.AlertsManagement/smartGroups/changestate/action",
            "display": {
              "provider": "Microsoft.AlertsManagement",
              "resource": "smartGroups",
              "operation": "Read smart groups",
              "description": "Change the state of the smart group"
            },
            "origin": "user,system"
          },
          {
            "name": "Microsoft.AlertsManagement/smartGroups/history/read",
            "display": {
              "provider": "Microsoft.AlertsManagement",
              "resource": "smartGroups",
              "operation": "Read smart group history",
              "description": "Get history of the smart group"
            },
            "origin": "user,system"
          },
          {
            "name": "Microsoft.AlertsManagement/actionRules/read",
            "display": {
              "provider": "Microsoft.AlertsManagement",
              "resource": "actionRules",
              "operation": "Read action rules",
              "description": "Get all the alert processing rules for the input filters."
            },
            "origin": "user,system"
          },
          {
            "name": "Microsoft.AlertsManagement/actionRules/write",
            "display": {
              "provider": "Microsoft.AlertsManagement",
              "resource": "actionRules",
              "operation": "Write action rule",
              "description": "Create or update alert processing rule in a given subscription"
            },
            "origin": "user,system"
          },
          {
            "name": "Microsoft.AlertsManagement/actionRules/delete",
            "display": {
              "provider": "Microsoft.AlertsManagement",
              "resource": "actionRules",
              "operation": "Delete action rule",
              "description": "Delete alert processing rule in a given subscription."
            },
            "origin": "user,system"
          },
          {
            "name": "Microsoft.AlertsManagement/alertsMetaData/read",
            "display": {
              "provider": "Microsoft.AlertsManagement",
              "resource": "Microsoft.AlertsManagement/alertsMetaData",
              "operation": "Read alerts meta data",
              "description": "Get alerts meta data for the input parameter."
            },
            "origin": "user,system"
          },
          {
            "name": "Microsoft.AlertsManagement/Operations/read",
            "display": {
              "provider": "Microsoft.AlertsManagement",
              "resource": "operations",
              "operation": "Read operations",
              "description": "Reads the operations provided"
            },
            "origin": "user,system"
          }
        ]
      }
    },
    {
      "RequestUri": "https://management.azure.com/subscriptions/00000000-0000-0000-0000-000000000000/providers/Microsoft.AlertsManagement/smartGroups?api-version=2019-05-05-preview",
      "RequestMethod": "GET",
      "RequestHeaders": {
        "Accept": "application/json",
        "Accept-Encoding": "gzip",
        "Authorization": "Sanitized",
        "User-Agent": "azsdk-go-armalertsmanagement/v0.8.1 (go1.19; Windows_NT)"
      },
      "RequestBody": null,
      "StatusCode": 200,
      "ResponseHeaders": {
        "Cache-Control": "no-store, no-cache",
        "Content-Encoding": "gzip",
        "Content-Security-Policy": "script-src \u0027self\u0027",
        "Content-Type": "application/json; charset=utf-8",
        "Date": "Wed, 31 May 2023 06:19:56 GMT",
        "Expires": "-1",
        "Pragma": "no-cache",
        "Strict-Transport-Security": "max-age=31536000; includeSubDomains",
        "Transfer-Encoding": "chunked",
        "Vary": "Accept-Encoding",
        "X-Content-Type-Options": "nosniff",
        "x-ms-correlation-request-id": "00000000-0000-0000-0000-000000000000",
        "x-ms-ratelimit-remaining-subscription-resource-requests": "999",
        "x-ms-request-id": "00000000-0000-0000-0000-000000000000",
        "x-ms-routing-request-id": "SOUTHEASTASIA:20230531T061956Z:00000000-0000-0000-0000-000000000000",
        "X-XSS-Protection": "1; mode=block"
      },
      "ResponseBody": {
        "value": []
      }
    },
    {
      "RequestUri": "https://management.azure.com/subscriptions/00000000-0000-0000-0000-000000000000/resourcegroups/go-sdk-test-rg?api-version=2021-04-01",
      "RequestMethod": "DELETE",
      "RequestHeaders": {
        "Accept": "application/json",
        "Accept-Encoding": "gzip",
        "Authorization": "Sanitized",
        "User-Agent": "azsdk-go-armresources/v1.0.0 (go1.19; Windows_NT)"
      },
      "RequestBody": null,
      "StatusCode": 202,
      "ResponseHeaders": {
        "Cache-Control": "no-cache",
        "Content-Length": "0",
        "Date": "Wed, 31 May 2023 06:20:01 GMT",
        "Expires": "-1",
        "Location": "https://management.azure.com/subscriptions/00000000-0000-0000-0000-000000000000/operationresults/eyJqb2JJZCI6IlJFU09VUkNFR1JPVVBERUxFVElPTkpPQi1HTzoyRFNESzoyRFRFU1Q6MkQ3ODEtV0VTVFVTIiwiam9iTG9jYXRpb24iOiJ3ZXN0dXMifQ?api-version=2021-04-01",
        "Pragma": "no-cache",
        "Retry-After": "15",
        "Strict-Transport-Security": "max-age=31536000; includeSubDomains",
        "X-Content-Type-Options": "nosniff",
        "x-ms-correlation-request-id": "00000000-0000-0000-0000-000000000000",
        "x-ms-ratelimit-remaining-subscription-deletes": "14999",
        "x-ms-request-id": "00000000-0000-0000-0000-000000000000",
        "x-ms-routing-request-id": "SOUTHEASTASIA:20230531T062001Z:00000000-0000-0000-0000-000000000000"
      },
      "ResponseBody": null
    }
  ],
  "Variables": {
    "randSeed": "1685513926",
    "recordingRandomSeed": "0"
  }
}
