{
  "Entries": [
    {
      "RequestUri": "https://sanitized.communication.azure.net/routing/distributionPolicies/test_get_worker_tst_dp_async?api-version=2023-11-01",
      "RequestMethod": "PATCH",
      "RequestHeaders": {
        "Accept": "application/json",
        "Accept-Encoding": "gzip, deflate",
        "Authorization": "Sanitized",
        "Content-Length": "158",
        "Content-Type": "application/merge-patch\u002Bjson",
        "User-Agent": "azsdk-python-communication-jobrouter/1.0.0 Python/3.11.5 (Windows-10-10.0.22621-SP0)",
        "x-ms-client-request-id": "0e252a87-828a-11ee-86e8-046c590f95d2",
        "x-ms-content-sha256": "Sanitized",
        "x-ms-date": "Tue, 14 Nov 2023 01:06:34 GMT",
        "x-ms-return-client-request-id": "true"
      },
      "RequestBody": {
        "name": "test_get_worker_tst_dp_async",
        "offerExpiresAfterSeconds": 10.0,
        "mode": {
          "minConcurrentOffers": 1,
          "maxConcurrentOffers": 1,
          "kind": "roundRobin"
        }
      },
      "StatusCode": 201,
      "ResponseHeaders": {
        "api-supported-versions": "2021-04-07-preview1, 2022-07-18-preview, 2023-08-25-preview, 2023-11-01",
        "Connection": "keep-alive",
        "Content-Type": "application/json; charset=utf-8",
        "Date": "Tue, 14 Nov 2023 01:06:35 GMT",
        "ETag": "Sanitized",
        "Last-Modified": "Tue, 14 Nov 2023 01:06:35 GMT",
        "Request-Context": "appId=",
        "trace-id": "0f39329c-cfad-7e77-dec2-deaeb9123973",
        "Transfer-Encoding": "chunked",
        "x-azure-ref": "20231114T010634Z-kt61btrddp7pv1g468xzn8zymw00000004ug00000001r8ks",
        "X-Cache": "CONFIG_NOCACHE"
      },
      "ResponseBody": {
        "id": "test_get_worker_tst_dp_async",
        "name": "test_get_worker_tst_dp_async",
        "offerExpiresAfterSeconds": 10,
        "mode": {
          "kind": "roundRobin",
          "minConcurrentOffers": 1,
          "maxConcurrentOffers": 1,
          "bypassSelectors": false
        },
        "etag": "Sanitized"
      }
    },
    {
      "RequestUri": "https://sanitized.communication.azure.net/routing/queues/test_get_worker_tst_q_async?api-version=2023-11-01",
      "RequestMethod": "PATCH",
      "RequestHeaders": {
        "Accept": "application/json",
        "Accept-Encoding": "gzip, deflate",
        "Authorization": "Sanitized",
        "Content-Length": "154",
        "Content-Type": "application/merge-patch\u002Bjson",
        "User-Agent": "azsdk-python-communication-jobrouter/1.0.0 Python/3.11.5 (Windows-10-10.0.22621-SP0)",
        "x-ms-client-request-id": "0e3c8d06-828a-11ee-ab30-046c590f95d2",
        "x-ms-content-sha256": "Sanitized",
        "x-ms-date": "Tue, 14 Nov 2023 01:06:35 GMT",
        "x-ms-return-client-request-id": "true"
      },
      "RequestBody": {
        "name": "test_get_worker_tst_q_async",
        "distributionPolicyId": "test_get_worker_tst_dp_async",
        "labels": {
          "key1": "WorkerKey",
          "key2": 10,
          "key3": true
        }
      },
      "StatusCode": 201,
      "ResponseHeaders": {
        "api-supported-versions": "2021-04-07-preview1, 2022-07-18-preview, 2023-08-25-preview, 2023-11-01",
        "Connection": "keep-alive",
        "Content-Type": "application/json; charset=utf-8",
        "Date": "Tue, 14 Nov 2023 01:06:35 GMT",
        "ETag": "Sanitized",
        "Last-Modified": "Tue, 14 Nov 2023 01:06:35 GMT",
        "Request-Context": "appId=",
        "trace-id": "5cca0834-d987-8dd5-4f5f-cc8ce730122a",
        "Transfer-Encoding": "chunked",
        "x-azure-ref": "20231114T010635Z-kt61btrddp7pv1g468xzn8zymw00000004ug00000001r8ma",
        "X-Cache": "CONFIG_NOCACHE"
      },
      "ResponseBody": {
        "id": "test_get_worker_tst_q_async",
        "name": "test_get_worker_tst_q_async",
        "distributionPolicyId": "test_get_worker_tst_dp_async",
        "labels": {
          "key1": "WorkerKey",
          "key2": 10,
          "key3": true,
          "Id": "test_get_worker_tst_q_async"
        },
        "etag": "Sanitized"
      }
    },
    {
      "RequestUri": "https://sanitized.communication.azure.net/routing/workers/tst_get_w_async?api-version=2023-11-01",
      "RequestMethod": "PATCH",
      "RequestHeaders": {
        "Accept": "application/json",
        "Accept-Encoding": "gzip, deflate",
        "Authorization": "Sanitized",
        "Content-Length": "315",
        "Content-Type": "application/merge-patch\u002Bjson",
        "User-Agent": "azsdk-python-communication-jobrouter/1.0.0 Python/3.11.5 (Windows-10-10.0.22621-SP0)",
        "x-ms-client-request-id": "0e556287-828a-11ee-9d5e-046c590f95d2",
        "x-ms-content-sha256": "Sanitized",
        "x-ms-date": "Tue, 14 Nov 2023 01:06:35 GMT",
        "x-ms-return-client-request-id": "true"
      },
      "RequestBody": {
        "queues": [
          "test_get_worker_tst_q_async"
        ],
        "capacity": 100,
        "labels": {
          "key1": "WorkerKey",
          "key2": 10,
          "key3": true
        },
        "tags": {
          "tag1": "WorkerGenericInfo"
        },
        "channels": [
          {
            "channelId": "fakeChannel1",
            "capacityCostPerJob": 10
          },
          {
            "channelId": "fakeChannel2",
            "capacityCostPerJob": 90
          }
        ],
        "availableForOffers": false
      },
      "StatusCode": 201,
      "ResponseHeaders": {
        "api-supported-versions": "2021-04-07-preview1, 2022-07-18-preview, 2023-08-25-preview, 2023-11-01",
        "Connection": "keep-alive",
        "Content-Type": "application/json; charset=utf-8",
        "Date": "Tue, 14 Nov 2023 01:06:35 GMT",
        "ETag": "Sanitized",
        "Last-Modified": "Tue, 14 Nov 2023 01:06:35 GMT",
        "Request-Context": "appId=",
        "trace-id": "f3a6bea3-e334-7b6f-eec2-73ffd42b9412",
        "Transfer-Encoding": "chunked",
        "x-azure-ref": "20231114T010635Z-kt61btrddp7pv1g468xzn8zymw00000004ug00000001r8n5",
        "X-Cache": "CONFIG_NOCACHE"
      },
      "ResponseBody": {
        "id": "tst_get_w_async",
        "state": "inactive",
        "queues": [
          "test_get_worker_tst_q_async"
        ],
        "capacity": 100,
        "labels": {
          "key1": "WorkerKey",
          "key2": 10,
          "key3": true,
          "Id": "tst_get_w_async"
        },
        "tags": {
          "tag1": "WorkerGenericInfo"
        },
        "channels": [
          {
            "channelId": "fakeChannel1",
            "capacityCostPerJob": 10
          },
          {
            "channelId": "fakeChannel2",
            "capacityCostPerJob": 90
          }
        ],
        "offers": [],
        "assignedJobs": [],
        "loadRatio": 0,
        "availableForOffers": false,
        "etag": "Sanitized"
      }
    },
    {
      "RequestUri": "https://sanitized.communication.azure.net/routing/workers/tst_get_w_async?api-version=2023-11-01",
      "RequestMethod": "GET",
      "RequestHeaders": {
        "Accept": "application/json",
        "Accept-Encoding": "gzip, deflate",
        "Authorization": "Sanitized",
        "Content-Length": "0",
        "User-Agent": "azsdk-python-communication-jobrouter/1.0.0 Python/3.11.5 (Windows-10-10.0.22621-SP0)",
        "x-ms-client-request-id": "0e710c55-828a-11ee-b06f-046c590f95d2",
        "x-ms-content-sha256": "Sanitized",
        "x-ms-date": "Tue, 14 Nov 2023 01:06:35 GMT",
        "x-ms-return-client-request-id": "true"
      },
      "RequestBody": null,
      "StatusCode": 200,
      "ResponseHeaders": {
        "api-supported-versions": "2021-04-07-preview1, 2022-07-18-preview, 2023-08-25-preview, 2023-11-01",
        "Connection": "keep-alive",
        "Content-Type": "application/json; charset=utf-8",
        "Date": "Tue, 14 Nov 2023 01:06:35 GMT",
        "ETag": "Sanitized",
        "Last-Modified": "Tue, 14 Nov 2023 01:06:35 GMT",
        "Request-Context": "appId=",
        "trace-id": "99bf9360-029b-e98a-1f76-f59544276462",
        "Transfer-Encoding": "chunked",
        "x-azure-ref": "20231114T010635Z-kt61btrddp7pv1g468xzn8zymw00000004ug00000001r8nz",
        "X-Cache": "CONFIG_NOCACHE"
      },
      "ResponseBody": {
        "id": "tst_get_w_async",
        "state": "inactive",
        "queues": [
          "test_get_worker_tst_q_async"
        ],
        "capacity": 100,
        "labels": {
          "key1": "WorkerKey",
          "key2": 10,
          "key3": true,
          "Id": "tst_get_w_async"
        },
        "tags": {
          "tag1": "WorkerGenericInfo"
        },
        "channels": [
          {
            "channelId": "fakeChannel1",
            "capacityCostPerJob": 10
          },
          {
            "channelId": "fakeChannel2",
            "capacityCostPerJob": 90
          }
        ],
        "offers": [],
        "assignedJobs": [],
        "loadRatio": 0,
        "availableForOffers": false,
        "etag": "Sanitized"
      }
    },
    {
      "RequestUri": "https://sanitized.communication.azure.net/routing/workers/tst_get_w_async?api-version=2023-11-01",
      "RequestMethod": "DELETE",
      "RequestHeaders": {
        "Accept": "*/*",
        "Accept-Encoding": "gzip, deflate",
        "Authorization": "Sanitized",
        "Content-Length": "0",
        "User-Agent": "azsdk-python-communication-jobrouter/1.0.0 Python/3.11.5 (Windows-10-10.0.22621-SP0)",
        "x-ms-client-request-id": "0e805645-828a-11ee-be4f-046c590f95d2",
        "x-ms-content-sha256": "Sanitized",
        "x-ms-date": "Tue, 14 Nov 2023 01:06:35 GMT",
        "x-ms-return-client-request-id": "true"
      },
      "RequestBody": null,
      "StatusCode": 204,
      "ResponseHeaders": {
        "api-supported-versions": "2021-04-07-preview1, 2022-07-18-preview, 2023-08-25-preview, 2023-11-01",
        "Connection": "keep-alive",
        "Date": "Tue, 14 Nov 2023 01:06:35 GMT",
        "Request-Context": "appId=",
        "trace-id": "d9d38b4a-9c94-f3d1-f4d8-208af62b8c35",
        "x-azure-ref": "20231114T010635Z-kt61btrddp7pv1g468xzn8zymw00000004ug00000001r8pf",
        "X-Cache": "CONFIG_NOCACHE"
      },
      "ResponseBody": null
    },
    {
      "RequestUri": "https://sanitized.communication.azure.net/routing/queues/test_get_worker_tst_q_async?api-version=2023-11-01",
      "RequestMethod": "DELETE",
      "RequestHeaders": {
        "Accept": "*/*",
        "Accept-Encoding": "gzip, deflate",
        "Authorization": "Sanitized",
        "Content-Length": "0",
        "User-Agent": "azsdk-python-communication-jobrouter/1.0.0 Python/3.11.5 (Windows-10-10.0.22621-SP0)",
        "x-ms-client-request-id": "0eac42ed-828a-11ee-9c12-046c590f95d2",
        "x-ms-content-sha256": "Sanitized",
        "x-ms-date": "Tue, 14 Nov 2023 01:06:35 GMT",
        "x-ms-return-client-request-id": "true"
      },
      "RequestBody": null,
      "StatusCode": 204,
      "ResponseHeaders": {
        "api-supported-versions": "2021-04-07-preview1, 2022-07-18-preview, 2023-08-25-preview, 2023-11-01",
        "Connection": "keep-alive",
        "Date": "Tue, 14 Nov 2023 01:06:36 GMT",
        "Request-Context": "appId=",
        "trace-id": "b83c0138-5ad2-5e7f-8b91-fe8e0d7edbed",
        "x-azure-ref": "20231114T010635Z-kt61btrddp7pv1g468xzn8zymw00000004ug00000001r8r1",
        "X-Cache": "CONFIG_NOCACHE"
      },
      "ResponseBody": null
    },
    {
      "RequestUri": "https://sanitized.communication.azure.net/routing/distributionPolicies/test_get_worker_tst_dp_async?api-version=2023-11-01",
      "RequestMethod": "DELETE",
      "RequestHeaders": {
        "Accept": "*/*",
        "Accept-Encoding": "gzip, deflate",
        "Authorization": "Sanitized",
        "Content-Length": "0",
        "User-Agent": "azsdk-python-communication-jobrouter/1.0.0 Python/3.11.5 (Windows-10-10.0.22621-SP0)",
        "x-ms-client-request-id": "0ec70217-828a-11ee-9114-046c590f95d2",
        "x-ms-content-sha256": "Sanitized",
        "x-ms-date": "Tue, 14 Nov 2023 01:06:36 GMT",
        "x-ms-return-client-request-id": "true"
      },
      "RequestBody": null,
      "StatusCode": 204,
      "ResponseHeaders": {
        "api-supported-versions": "2021-04-07-preview1, 2022-07-18-preview, 2023-08-25-preview, 2023-11-01",
        "Connection": "keep-alive",
        "Date": "Tue, 14 Nov 2023 01:06:36 GMT",
        "Request-Context": "appId=",
        "trace-id": "45edeeb2-efc9-9019-5f84-64cb87f0cb26",
        "x-azure-ref": "20231114T010636Z-kt61btrddp7pv1g468xzn8zymw00000004ug00000001r8rq",
        "X-Cache": "CONFIG_NOCACHE"
      },
      "ResponseBody": null
    }
  ],
  "Variables": {}
}
