{
  "Entries": [
    {
      "RequestUri": "https://sanitized.communication.azure.net/routing/distributionPolicies/test_delete_worker_tst_dp?api-version=2023-11-01",
      "RequestMethod": "PATCH",
      "RequestHeaders": {
        "Accept": "application/json",
        "Accept-Encoding": "gzip, deflate",
        "Authorization": "Sanitized",
        "Connection": "keep-alive",
        "Content-Length": "155",
        "Content-Type": "application/merge-patch\u002Bjson",
        "User-Agent": "azsdk-python-communication-jobrouter/1.0.0 Python/3.11.5 (Windows-10-10.0.22621-SP0)",
        "x-ms-client-request-id": "09e42d9f-828a-11ee-943d-046c590f95d2",
        "x-ms-content-sha256": "Sanitized",
        "x-ms-date": "Tue, 14 Nov 2023 01:06:27 GMT",
        "x-ms-return-client-request-id": "true"
      },
      "RequestBody": {
        "name": "test_delete_worker_tst_dp",
        "offerExpiresAfterSeconds": 10.0,
        "mode": {
          "minConcurrentOffers": 1,
          "maxConcurrentOffers": 1,
          "kind": "roundRobin"
        }
      },
      "StatusCode": 200,
      "ResponseHeaders": {
        "api-supported-versions": "2021-04-07-preview1, 2022-07-18-preview, 2023-08-25-preview, 2023-11-01",
        "Connection": "keep-alive",
        "Content-Type": "application/json; charset=utf-8",
        "Date": "Tue, 14 Nov 2023 01:06:28 GMT",
        "ETag": "Sanitized",
        "Last-Modified": "Thu, 26 Oct 2023 22:27:43 GMT",
        "Request-Context": "appId=",
        "trace-id": "0fca672a-7f90-2ee9-5cd3-1e0da2598cfe",
        "Transfer-Encoding": "chunked",
        "x-azure-ref": "20231114T010627Z-kt61btrddp7pv1g468xzn8zymw00000004ug00000001r7fr",
        "X-Cache": "CONFIG_NOCACHE"
      },
      "ResponseBody": {
        "id": "test_delete_worker_tst_dp",
        "name": "test_delete_worker_tst_dp",
        "offerExpiresAfterSeconds": 10,
        "mode": {
          "kind": "roundRobin",
          "minConcurrentOffers": 1,
          "maxConcurrentOffers": 1,
          "bypassSelectors": false
        },
        "etag": "Sanitized"
      }
    },
    {
      "RequestUri": "https://sanitized.communication.azure.net/routing/queues/test_delete_worker_tst_q?api-version=2023-11-01",
      "RequestMethod": "PATCH",
      "RequestHeaders": {
        "Accept": "application/json",
        "Accept-Encoding": "gzip, deflate",
        "Authorization": "Sanitized",
        "Connection": "keep-alive",
        "Content-Length": "148",
        "Content-Type": "application/merge-patch\u002Bjson",
        "User-Agent": "azsdk-python-communication-jobrouter/1.0.0 Python/3.11.5 (Windows-10-10.0.22621-SP0)",
        "x-ms-client-request-id": "0a1d2fd4-828a-11ee-a40c-046c590f95d2",
        "x-ms-content-sha256": "Sanitized",
        "x-ms-date": "Tue, 14 Nov 2023 01:06:28 GMT",
        "x-ms-return-client-request-id": "true"
      },
      "RequestBody": {
        "name": "test_delete_worker_tst_q",
        "distributionPolicyId": "test_delete_worker_tst_dp",
        "labels": {
          "key1": "WorkerKey",
          "key2": 10,
          "key3": true
        }
      },
      "StatusCode": 200,
      "ResponseHeaders": {
        "api-supported-versions": "2021-04-07-preview1, 2022-07-18-preview, 2023-08-25-preview, 2023-11-01",
        "Connection": "keep-alive",
        "Content-Type": "application/json; charset=utf-8",
        "Date": "Tue, 14 Nov 2023 01:06:28 GMT",
        "ETag": "Sanitized",
        "Last-Modified": "Thu, 26 Oct 2023 22:27:43 GMT",
        "Request-Context": "appId=",
        "trace-id": "7577a7fe-9bf5-211b-54c4-414692b4c79c",
        "Transfer-Encoding": "chunked",
        "x-azure-ref": "20231114T010628Z-kt61btrddp7pv1g468xzn8zymw00000004ug00000001r7h3",
        "X-Cache": "CONFIG_NOCACHE"
      },
      "ResponseBody": {
        "id": "test_delete_worker_tst_q",
        "name": "test_delete_worker_tst_q",
        "distributionPolicyId": "test_delete_worker_tst_dp",
        "labels": {
          "key1": "WorkerKey",
          "key2": 10,
          "key3": true,
          "Id": "test_delete_worker_tst_q"
        },
        "etag": "Sanitized"
      }
    },
    {
      "RequestUri": "https://sanitized.communication.azure.net/routing/workers/tst_delete_w?api-version=2023-11-01",
      "RequestMethod": "PATCH",
      "RequestHeaders": {
        "Accept": "application/json",
        "Accept-Encoding": "gzip, deflate",
        "Authorization": "Sanitized",
        "Connection": "keep-alive",
        "Content-Length": "357",
        "Content-Type": "application/merge-patch\u002Bjson",
        "User-Agent": "azsdk-python-communication-jobrouter/1.0.0 Python/3.11.5 (Windows-10-10.0.22621-SP0)",
        "x-ms-client-request-id": "0a301470-828a-11ee-9f61-046c590f95d2",
        "x-ms-content-sha256": "Sanitized",
        "x-ms-date": "Tue, 14 Nov 2023 01:06:28 GMT",
        "x-ms-return-client-request-id": "true"
      },
      "RequestBody": {
        "queues": [
          "test_delete_worker_tst_q"
        ],
        "capacity": 100,
        "labels": {
          "key1": "WorkerKey",
          "key2": 10,
          "key3": true
        },
        "tags": {
          "tag1": "WorkerGenericInfo"
        },
        "channels": [
          {
            "channelId": "fakeChannel1",
            "capacityCostPerJob": 10,
            "maxNumberOfJobs": 10
          },
          {
            "channelId": "fakeChannel2",
            "capacityCostPerJob": 90,
            "maxNumberOfJobs": 1
          }
        ],
        "availableForOffers": false
      },
      "StatusCode": 201,
      "ResponseHeaders": {
        "api-supported-versions": "2021-04-07-preview1, 2022-07-18-preview, 2023-08-25-preview, 2023-11-01",
        "Connection": "keep-alive",
        "Content-Type": "application/json; charset=utf-8",
        "Date": "Tue, 14 Nov 2023 01:06:28 GMT",
        "ETag": "Sanitized",
        "Last-Modified": "Tue, 14 Nov 2023 01:06:28 GMT",
        "Request-Context": "appId=",
        "trace-id": "3b397b89-c117-5997-e495-418aaeee404f",
        "Transfer-Encoding": "chunked",
        "x-azure-ref": "20231114T010628Z-kt61btrddp7pv1g468xzn8zymw00000004ug00000001r7hs",
        "X-Cache": "CONFIG_NOCACHE"
      },
      "ResponseBody": {
        "id": "tst_delete_w",
        "state": "inactive",
        "queues": [
          "test_delete_worker_tst_q"
        ],
        "capacity": 100,
        "labels": {
          "key1": "WorkerKey",
          "key2": 10,
          "key3": true,
          "Id": "tst_delete_w"
        },
        "tags": {
          "tag1": "WorkerGenericInfo"
        },
        "channels": [
          {
            "channelId": "fakeChannel1",
            "capacityCostPerJob": 10,
            "maxNumberOfJobs": 10
          },
          {
            "channelId": "fakeChannel2",
            "capacityCostPerJob": 90,
            "maxNumberOfJobs": 1
          }
        ],
        "offers": [],
        "assignedJobs": [],
        "loadRatio": 0,
        "availableForOffers": false,
        "etag": "Sanitized"
      }
    },
    {
      "RequestUri": "https://sanitized.communication.azure.net/routing/workers/tst_delete_w?api-version=2023-11-01",
      "RequestMethod": "DELETE",
      "RequestHeaders": {
        "Accept": "*/*",
        "Accept-Encoding": "gzip, deflate",
        "Authorization": "Sanitized",
        "Connection": "keep-alive",
        "Content-Length": "0",
        "User-Agent": "azsdk-python-communication-jobrouter/1.0.0 Python/3.11.5 (Windows-10-10.0.22621-SP0)",
        "x-ms-client-request-id": "0a592833-828a-11ee-96a9-046c590f95d2",
        "x-ms-content-sha256": "Sanitized",
        "x-ms-date": "Tue, 14 Nov 2023 01:06:28 GMT",
        "x-ms-return-client-request-id": "true"
      },
      "RequestBody": null,
      "StatusCode": 204,
      "ResponseHeaders": {
        "api-supported-versions": "2021-04-07-preview1, 2022-07-18-preview, 2023-08-25-preview, 2023-11-01",
        "Connection": "keep-alive",
        "Date": "Tue, 14 Nov 2023 01:06:28 GMT",
        "Request-Context": "appId=",
        "trace-id": "f762fe14-4d6f-5ae9-ddfc-aacc517a5b38",
        "x-azure-ref": "20231114T010628Z-kt61btrddp7pv1g468xzn8zymw00000004ug00000001r7m0",
        "X-Cache": "CONFIG_NOCACHE"
      },
      "ResponseBody": null
    },
    {
      "RequestUri": "https://sanitized.communication.azure.net/routing/workers/tst_delete_w?api-version=2023-11-01",
      "RequestMethod": "GET",
      "RequestHeaders": {
        "Accept": "application/json",
        "Accept-Encoding": "gzip, deflate",
        "Authorization": "Sanitized",
        "Connection": "keep-alive",
        "User-Agent": "azsdk-python-communication-jobrouter/1.0.0 Python/3.11.5 (Windows-10-10.0.22621-SP0)",
        "x-ms-client-request-id": "0a8a6ddd-828a-11ee-9594-046c590f95d2",
        "x-ms-content-sha256": "Sanitized",
        "x-ms-date": "Tue, 14 Nov 2023 01:06:28 GMT",
        "x-ms-return-client-request-id": "true"
      },
      "RequestBody": null,
      "StatusCode": 404,
      "ResponseHeaders": {
        "api-supported-versions": "2021-04-07-preview1, 2022-07-18-preview, 2023-08-25-preview, 2023-11-01",
        "Connection": "keep-alive",
        "Content-Type": "application/json; charset=utf-8",
        "Date": "Tue, 14 Nov 2023 01:06:28 GMT",
        "Request-Context": "appId=",
        "trace-id": "0d004adc-9487-9f04-e18d-028008a390e6",
        "Transfer-Encoding": "chunked",
        "x-azure-ref": "20231114T010628Z-kt61btrddp7pv1g468xzn8zymw00000004ug00000001r7n2",
        "X-Cache": "CONFIG_NOCACHE"
      },
      "ResponseBody": {
        "communicationError": {
          "code": "NotFound",
          "message": "The item was not found.",
          "target": "/routing/workers/tst_delete_w"
        }
      }
    }
  ],
  "Variables": {}
}
