{
  "Entries": [
    {
      "RequestUri": "https://sanitized.communication.azure.net/routing/distributionPolicies/test_get_classification_policy_tst_dp?api-version=2023-11-01",
      "RequestMethod": "PATCH",
      "RequestHeaders": {
        "Accept": "application/json",
        "Accept-Encoding": "gzip, deflate",
        "Authorization": "Sanitized",
        "Connection": "keep-alive",
        "Content-Length": "168",
        "Content-Type": "application/merge-patch\u002Bjson",
        "User-Agent": "azsdk-python-communication-jobrouter/1.0.0 Python/3.11.5 (Windows-10-10.0.22621-SP0)",
        "x-ms-client-request-id": "7cb40836-74de-11ee-9d26-046c590f95d2",
        "x-ms-content-sha256": "Sanitized",
        "x-ms-date": "Fri, 27 Oct 2023 15:35:41 GMT",
        "x-ms-return-client-request-id": "true"
      },
      "RequestBody": {
        "name": "test_get_classification_policy_tst_dp",
        "offerExpiresAfterSeconds": 10.0,
        "mode": {
          "minConcurrentOffers": 1,
          "maxConcurrentOffers": 1,
          "kind": "round-robin"
        }
      },
      "StatusCode": 201,
      "ResponseHeaders": {
        "api-supported-versions": "2021-04-07-preview1, 2022-07-18-preview, 2023-08-25-preview, 2023-11-01",
        "Connection": "keep-alive",
        "Content-Type": "application/json; charset=utf-8",
        "Date": "Fri, 27 Oct 2023 15:35:42 GMT",
        "ETag": "Sanitized",
        "Last-Modified": "Fri, 27 Oct 2023 15:35:42 GMT",
        "Request-Context": "appId=",
        "trace-id": "adb77b0c-2910-f822-b153-21dd367df01c",
        "Transfer-Encoding": "chunked",
        "x-azure-ref": "20231027T153542Z-a4wwd5ges17ym0gwggz65kf2nn00000009hg000000036v3k",
        "X-Cache": "CONFIG_NOCACHE"
      },
      "ResponseBody": {
        "id": "test_get_classification_policy_tst_dp",
        "name": "test_get_classification_policy_tst_dp",
        "offerExpiresAfterSeconds": 10,
        "mode": {
          "kind": "round-robin",
          "minConcurrentOffers": 1,
          "maxConcurrentOffers": 1,
          "bypassSelectors": false
        },
        "etag": "Sanitized"
      }
    },
    {
      "RequestUri": "https://sanitized.communication.azure.net/routing/queues/test_get_classification_policy_tst_q?api-version=2023-11-01",
      "RequestMethod": "PATCH",
      "RequestHeaders": {
        "Accept": "application/json",
        "Accept-Encoding": "gzip, deflate",
        "Authorization": "Sanitized",
        "Connection": "keep-alive",
        "Content-Length": "81",
        "Content-Type": "application/merge-patch\u002Bjson",
        "User-Agent": "azsdk-python-communication-jobrouter/1.0.0 Python/3.11.5 (Windows-10-10.0.22621-SP0)",
        "x-ms-client-request-id": "7ccccbc8-74de-11ee-84e5-046c590f95d2",
        "x-ms-content-sha256": "Sanitized",
        "x-ms-date": "Fri, 27 Oct 2023 15:35:42 GMT",
        "x-ms-return-client-request-id": "true"
      },
      "RequestBody": {
        "name": "test",
        "distributionPolicyId": "test_get_classification_policy_tst_dp"
      },
      "StatusCode": 201,
      "ResponseHeaders": {
        "api-supported-versions": "2021-04-07-preview1, 2022-07-18-preview, 2023-08-25-preview, 2023-11-01",
        "Connection": "keep-alive",
        "Content-Type": "application/json; charset=utf-8",
        "Date": "Fri, 27 Oct 2023 15:35:42 GMT",
        "ETag": "Sanitized",
        "Last-Modified": "Fri, 27 Oct 2023 15:35:42 GMT",
        "Request-Context": "appId=",
        "trace-id": "5391170b-64f9-0ac8-8339-c8085eff1de8",
        "Transfer-Encoding": "chunked",
        "x-azure-ref": "20231027T153542Z-a4wwd5ges17ym0gwggz65kf2nn00000009hg000000036v4b",
        "X-Cache": "CONFIG_NOCACHE"
      },
      "ResponseBody": {
        "id": "test_get_classification_policy_tst_q",
        "name": "test",
        "distributionPolicyId": "test_get_classification_policy_tst_dp",
        "labels": {
          "Id": "test_get_classification_policy_tst_q"
        },
        "etag": "Sanitized"
      }
    },
    {
      "RequestUri": "https://sanitized.communication.azure.net/routing/classificationPolicies/tst_get_cp?api-version=2023-11-01",
      "RequestMethod": "PATCH",
      "RequestHeaders": {
        "Accept": "application/json",
        "Accept-Encoding": "gzip, deflate",
        "Authorization": "Sanitized",
        "Connection": "keep-alive",
        "Content-Length": "1709",
        "Content-Type": "application/merge-patch\u002Bjson",
        "User-Agent": "azsdk-python-communication-jobrouter/1.0.0 Python/3.11.5 (Windows-10-10.0.22621-SP0)",
        "x-ms-client-request-id": "7ce387f4-74de-11ee-91c8-046c590f95d2",
        "x-ms-content-sha256": "Sanitized",
        "x-ms-date": "Fri, 27 Oct 2023 15:35:42 GMT",
        "x-ms-return-client-request-id": "true"
      },
      "RequestBody": {
        "name": "tst_get_cp",
        "fallbackQueueId": "test_get_classification_policy_tst_q",
        "queueSelectorAttachments": [
          {
            "queueSelector": {
              "key": "test_key",
              "labelOperator": "equal",
              "value": "test_value"
            },
            "kind": "static"
          },
          {
            "condition": {
              "value": true,
              "kind": "static-rule"
            },
            "queueSelectors": [
              {
                "key": "test_key",
                "labelOperator": "equal",
                "value": "test_value"
              }
            ],
            "kind": "conditional"
          },
          {
            "rule": {
              "value": [
                {
                  "key": "test_key",
                  "labelOperator": "equal",
                  "value": "test_value"
                }
              ],
              "kind": "static-rule"
            },
            "kind": "rule-engine"
          },
          {
            "key": "testKey",
            "labelOperator": "equal",
            "kind": "pass-through"
          },
          {
            "allocations": [
              {
                "weight": 1.0,
                "queueSelectors": [
                  {
                    "key": "test_key",
                    "labelOperator": "equal",
                    "value": "test_value"
                  }
                ]
              }
            ],
            "kind": "weighted-allocation-queue-selector"
          }
        ],
        "prioritizationRule": {
          "value": 1,
          "kind": "static-rule"
        },
        "workerSelectorAttachments": [
          {
            "workerSelector": {
              "key": "test_key",
              "labelOperator": "equal",
              "value": "test_value",
              "expiresAfterSeconds": 10.0,
              "expedite": false
            },
            "kind": "static"
          },
          {
            "condition": {
              "value": true,
              "kind": "static-rule"
            },
            "workerSelectors": [
              {
                "key": "test_key",
                "labelOperator": "equal",
                "value": "test_value",
                "expiresAfterSeconds": 10.0,
                "expedite": false
              }
            ],
            "kind": "conditional"
          },
          {
            "rule": {
              "value": [
                {
                  "key": "test_key",
                  "labelOperator": "equal",
                  "value": "test_value",
                  "expiresAfterSeconds": 10.0,
                  "expedite": false
                }
              ],
              "kind": "static-rule"
            },
            "kind": "rule-engine"
          },
          {
            "key": "testKey",
            "labelOperator": "equal",
            "kind": "pass-through"
          },
          {
            "allocations": [
              {
                "weight": 1.0,
                "workerSelectors": [
                  {
                    "key": "test_key",
                    "labelOperator": "equal",
                    "value": "test_value",
                    "expiresAfterSeconds": 10.0,
                    "expedite": false
                  }
                ]
              }
            ],
            "kind": "weighted-allocation-worker-selector"
          }
        ]
      },
      "StatusCode": 201,
      "ResponseHeaders": {
        "api-supported-versions": "2021-04-07-preview1, 2022-07-18-preview, 2023-08-25-preview, 2023-11-01",
        "Connection": "keep-alive",
        "Content-Type": "application/json; charset=utf-8",
        "Date": "Fri, 27 Oct 2023 15:35:42 GMT",
        "ETag": "Sanitized",
        "Last-Modified": "Fri, 27 Oct 2023 15:35:42 GMT",
        "Request-Context": "appId=",
        "trace-id": "3bf6efed-1d01-244e-fcfd-5388a2dae23b",
        "Transfer-Encoding": "chunked",
        "x-azure-ref": "20231027T153542Z-a4wwd5ges17ym0gwggz65kf2nn00000009hg000000036v59",
        "X-Cache": "CONFIG_NOCACHE"
      },
      "ResponseBody": {
        "id": "tst_get_cp",
        "name": "tst_get_cp",
        "fallbackQueueId": "test_get_classification_policy_tst_q",
        "queueSelectorAttachments": [
          {
            "kind": "static",
            "queueSelector": {
              "key": "test_key",
              "labelOperator": "equal",
              "value": "test_value"
            }
          },
          {
            "kind": "conditional",
            "condition": {
              "kind": "static-rule",
              "value": true
            },
            "queueSelectors": [
              {
                "key": "test_key",
                "labelOperator": "equal",
                "value": "test_value"
              }
            ]
          },
          {
            "kind": "rule-engine",
            "rule": {
              "kind": "static-rule",
              "value": [
                {
                  "key": "test_key",
                  "labelOperator": "equal",
                  "value": "test_value"
                }
              ]
            }
          },
          {
            "kind": "pass-through",
            "key": "testKey",
            "labelOperator": "equal"
          },
          {
            "kind": "weighted-allocation-queue-selector",
            "allocations": [
              {
                "weight": 1,
                "queueSelectors": [
                  {
                    "key": "test_key",
                    "labelOperator": "equal",
                    "value": "test_value"
                  }
                ]
              }
            ]
          }
        ],
        "prioritizationRule": {
          "kind": "static-rule",
          "value": 1
        },
        "workerSelectorAttachments": [
          {
            "kind": "static",
            "workerSelector": {
              "expiresAfterSeconds": 10,
              "expedite": false,
              "status": "active",
              "key": "test_key",
              "labelOperator": "equal",
              "value": "test_value"
            }
          },
          {
            "kind": "conditional",
            "condition": {
              "kind": "static-rule",
              "value": true
            },
            "workerSelectors": [
              {
                "expiresAfterSeconds": 10,
                "expedite": false,
                "status": "active",
                "key": "test_key",
                "labelOperator": "equal",
                "value": "test_value"
              }
            ]
          },
          {
            "kind": "rule-engine",
            "rule": {
              "kind": "static-rule",
              "value": [
                {
                  "key": "test_key",
                  "labelOperator": "equal",
                  "value": "test_value",
                  "expiresAfterSeconds": 10,
                  "expedite": false
                }
              ]
            }
          },
          {
            "kind": "pass-through",
            "key": "testKey",
            "labelOperator": "equal"
          },
          {
            "kind": "weighted-allocation-worker-selector",
            "allocations": [
              {
                "weight": 1,
                "workerSelectors": [
                  {
                    "expiresAfterSeconds": 10,
                    "expedite": false,
                    "status": "active",
                    "key": "test_key",
                    "labelOperator": "equal",
                    "value": "test_value"
                  }
                ]
              }
            ]
          }
        ],
        "etag": "Sanitized"
      }
    },
    {
      "RequestUri": "https://sanitized.communication.azure.net/routing/classificationPolicies/tst_get_cp?api-version=2023-11-01",
      "RequestMethod": "GET",
      "RequestHeaders": {
        "Accept": "application/json",
        "Accept-Encoding": "gzip, deflate",
        "Authorization": "Sanitized",
        "Connection": "keep-alive",
        "User-Agent": "azsdk-python-communication-jobrouter/1.0.0 Python/3.11.5 (Windows-10-10.0.22621-SP0)",
        "x-ms-client-request-id": "7cfd2cf7-74de-11ee-a784-046c590f95d2",
        "x-ms-content-sha256": "Sanitized",
        "x-ms-date": "Fri, 27 Oct 2023 15:35:42 GMT",
        "x-ms-return-client-request-id": "true"
      },
      "RequestBody": null,
      "StatusCode": 200,
      "ResponseHeaders": {
        "api-supported-versions": "2021-04-07-preview1, 2022-07-18-preview, 2023-08-25-preview, 2023-11-01",
        "Connection": "keep-alive",
        "Content-Type": "application/json; charset=utf-8",
        "Date": "Fri, 27 Oct 2023 15:35:42 GMT",
        "ETag": "Sanitized",
        "Last-Modified": "Fri, 27 Oct 2023 15:35:42 GMT",
        "Request-Context": "appId=",
        "trace-id": "6222fa68-8b26-f881-c6c3-5a58072978bc",
        "Transfer-Encoding": "chunked",
        "x-azure-ref": "20231027T153542Z-a4wwd5ges17ym0gwggz65kf2nn00000009hg000000036v6d",
        "X-Cache": "CONFIG_NOCACHE"
      },
      "ResponseBody": {
        "id": "tst_get_cp",
        "name": "tst_get_cp",
        "fallbackQueueId": "test_get_classification_policy_tst_q",
        "queueSelectorAttachments": [
          {
            "kind": "static",
            "queueSelector": {
              "key": "test_key",
              "labelOperator": "equal",
              "value": "test_value"
            }
          },
          {
            "kind": "conditional",
            "condition": {
              "kind": "static-rule",
              "value": true
            },
            "queueSelectors": [
              {
                "key": "test_key",
                "labelOperator": "equal",
                "value": "test_value"
              }
            ]
          },
          {
            "kind": "rule-engine",
            "rule": {
              "kind": "static-rule",
              "value": [
                {
                  "key": "test_key",
                  "labelOperator": "equal",
                  "value": "test_value"
                }
              ]
            }
          },
          {
            "kind": "pass-through",
            "key": "testKey",
            "labelOperator": "equal"
          },
          {
            "kind": "weighted-allocation-queue-selector",
            "allocations": [
              {
                "weight": 1,
                "queueSelectors": [
                  {
                    "key": "test_key",
                    "labelOperator": "equal",
                    "value": "test_value"
                  }
                ]
              }
            ]
          }
        ],
        "prioritizationRule": {
          "kind": "static-rule",
          "value": 1
        },
        "workerSelectorAttachments": [
          {
            "kind": "static",
            "workerSelector": {
              "expiresAfterSeconds": 10,
              "expedite": false,
              "status": "active",
              "key": "test_key",
              "labelOperator": "equal",
              "value": "test_value"
            }
          },
          {
            "kind": "conditional",
            "condition": {
              "kind": "static-rule",
              "value": true
            },
            "workerSelectors": [
              {
                "expiresAfterSeconds": 10,
                "expedite": false,
                "status": "active",
                "key": "test_key",
                "labelOperator": "equal",
                "value": "test_value"
              }
            ]
          },
          {
            "kind": "rule-engine",
            "rule": {
              "kind": "static-rule",
              "value": [
                {
                  "key": "test_key",
                  "labelOperator": "equal",
                  "value": "test_value",
                  "expiresAfterSeconds": 10,
                  "expedite": false
                }
              ]
            }
          },
          {
            "kind": "pass-through",
            "key": "testKey",
            "labelOperator": "equal"
          },
          {
            "kind": "weighted-allocation-worker-selector",
            "allocations": [
              {
                "weight": 1,
                "workerSelectors": [
                  {
                    "expiresAfterSeconds": 10,
                    "expedite": false,
                    "status": "active",
                    "key": "test_key",
                    "labelOperator": "equal",
                    "value": "test_value"
                  }
                ]
              }
            ]
          }
        ],
        "etag": "Sanitized"
      }
    },
    {
      "RequestUri": "https://sanitized.communication.azure.net/routing/classificationPolicies/tst_get_cp?api-version=2023-11-01",
      "RequestMethod": "PATCH",
      "RequestHeaders": {
        "Accept": "application/json",
        "Accept-Encoding": "gzip, deflate",
        "Authorization": "Sanitized",
        "Connection": "keep-alive",
        "Content-Length": "1720",
        "Content-Type": "application/merge-patch\u002Bjson",
        "User-Agent": "azsdk-python-communication-jobrouter/1.0.0 Python/3.11.5 (Windows-10-10.0.22621-SP0)",
        "x-ms-client-request-id": "7d0de1cc-74de-11ee-a4ad-046c590f95d2",
        "x-ms-content-sha256": "Sanitized",
        "x-ms-date": "Fri, 27 Oct 2023 15:35:42 GMT",
        "x-ms-return-client-request-id": "true"
      },
      "RequestBody": {
        "name": "tst_get_cp",
        "fallbackQueueId": "test_get_classification_policy_tst_q",
        "queueSelectorAttachments": [
          {
            "queueSelector": {
              "key": "test_key",
              "labelOperator": "equal",
              "value": "test_value"
            },
            "kind": "static"
          },
          {
            "condition": {
              "value": true,
              "kind": "static-rule"
            },
            "queueSelectors": [
              {
                "key": "test_key",
                "labelOperator": "equal",
                "value": "test_value"
              }
            ],
            "kind": "conditional"
          },
          {
            "rule": {
              "value": [
                {
                  "key": "test_key",
                  "labelOperator": "equal",
                  "value": "test_value"
                }
              ],
              "kind": "static-rule"
            },
            "kind": "rule-engine"
          },
          {
            "key": "testKey",
            "labelOperator": "equal",
            "kind": "pass-through"
          },
          {
            "allocations": [
              {
                "weight": 1.0,
                "queueSelectors": [
                  {
                    "key": "test_key",
                    "labelOperator": "equal",
                    "value": "test_value"
                  }
                ]
              }
            ],
            "kind": "weighted-allocation-queue-selector"
          }
        ],
        "prioritizationRule": {
          "expression": "1",
          "kind": "expression-rule"
        },
        "workerSelectorAttachments": [
          {
            "workerSelector": {
              "key": "test_key",
              "labelOperator": "equal",
              "value": "test_value",
              "expiresAfterSeconds": 10.0,
              "expedite": false
            },
            "kind": "static"
          },
          {
            "condition": {
              "value": true,
              "kind": "static-rule"
            },
            "workerSelectors": [
              {
                "key": "test_key",
                "labelOperator": "equal",
                "value": "test_value",
                "expiresAfterSeconds": 10.0,
                "expedite": false
              }
            ],
            "kind": "conditional"
          },
          {
            "rule": {
              "value": [
                {
                  "key": "test_key",
                  "labelOperator": "equal",
                  "value": "test_value",
                  "expiresAfterSeconds": 10.0,
                  "expedite": false
                }
              ],
              "kind": "static-rule"
            },
            "kind": "rule-engine"
          },
          {
            "key": "testKey",
            "labelOperator": "equal",
            "kind": "pass-through"
          },
          {
            "allocations": [
              {
                "weight": 1.0,
                "workerSelectors": [
                  {
                    "key": "test_key",
                    "labelOperator": "equal",
                    "value": "test_value",
                    "expiresAfterSeconds": 10.0,
                    "expedite": false
                  }
                ]
              }
            ],
            "kind": "weighted-allocation-worker-selector"
          }
        ]
      },
      "StatusCode": 200,
      "ResponseHeaders": {
        "api-supported-versions": "2021-04-07-preview1, 2022-07-18-preview, 2023-08-25-preview, 2023-11-01",
        "Connection": "keep-alive",
        "Content-Type": "application/json; charset=utf-8",
        "Date": "Fri, 27 Oct 2023 15:35:42 GMT",
        "ETag": "Sanitized",
        "Last-Modified": "Fri, 27 Oct 2023 15:35:42 GMT",
        "Request-Context": "appId=",
        "trace-id": "ef2f607b-c599-bab2-4b22-15466172d47a",
        "Transfer-Encoding": "chunked",
        "x-azure-ref": "20231027T153542Z-a4wwd5ges17ym0gwggz65kf2nn00000009hg000000036v78",
        "X-Cache": "CONFIG_NOCACHE"
      },
      "ResponseBody": {
        "id": "tst_get_cp",
        "name": "tst_get_cp",
        "fallbackQueueId": "test_get_classification_policy_tst_q",
        "queueSelectorAttachments": [
          {
            "kind": "static",
            "queueSelector": {
              "key": "test_key",
              "labelOperator": "equal",
              "value": "test_value"
            }
          },
          {
            "kind": "conditional",
            "condition": {
              "kind": "static-rule",
              "value": true
            },
            "queueSelectors": [
              {
                "key": "test_key",
                "labelOperator": "equal",
                "value": "test_value"
              }
            ]
          },
          {
            "kind": "rule-engine",
            "rule": {
              "kind": "static-rule",
              "value": [
                {
                  "key": "test_key",
                  "labelOperator": "equal",
                  "value": "test_value"
                }
              ]
            }
          },
          {
            "kind": "pass-through",
            "key": "testKey",
            "labelOperator": "equal"
          },
          {
            "kind": "weighted-allocation-queue-selector",
            "allocations": [
              {
                "weight": 1,
                "queueSelectors": [
                  {
                    "key": "test_key",
                    "labelOperator": "equal",
                    "value": "test_value"
                  }
                ]
              }
            ]
          }
        ],
        "prioritizationRule": {
          "kind": "expression-rule",
          "language": "powerFx",
          "expression": "1"
        },
        "workerSelectorAttachments": [
          {
            "kind": "static",
            "workerSelector": {
              "expiresAfterSeconds": 10,
              "expedite": false,
              "status": "active",
              "key": "test_key",
              "labelOperator": "equal",
              "value": "test_value"
            }
          },
          {
            "kind": "conditional",
            "condition": {
              "kind": "static-rule",
              "value": true
            },
            "workerSelectors": [
              {
                "expiresAfterSeconds": 10,
                "expedite": false,
                "status": "active",
                "key": "test_key",
                "labelOperator": "equal",
                "value": "test_value"
              }
            ]
          },
          {
            "kind": "rule-engine",
            "rule": {
              "kind": "static-rule",
              "value": [
                {
                  "key": "test_key",
                  "labelOperator": "equal",
                  "value": "test_value",
                  "expiresAfterSeconds": 10,
                  "expedite": false
                }
              ]
            }
          },
          {
            "kind": "pass-through",
            "key": "testKey",
            "labelOperator": "equal"
          },
          {
            "kind": "weighted-allocation-worker-selector",
            "allocations": [
              {
                "weight": 1,
                "workerSelectors": [
                  {
                    "expiresAfterSeconds": 10,
                    "expedite": false,
                    "status": "active",
                    "key": "test_key",
                    "labelOperator": "equal",
                    "value": "test_value"
                  }
                ]
              }
            ]
          }
        ],
        "etag": "Sanitized"
      }
    },
    {
      "RequestUri": "https://sanitized.communication.azure.net/routing/classificationPolicies/tst_get_cp?api-version=2023-11-01",
      "RequestMethod": "GET",
      "RequestHeaders": {
        "Accept": "application/json",
        "Accept-Encoding": "gzip, deflate",
        "Authorization": "Sanitized",
        "Connection": "keep-alive",
        "User-Agent": "azsdk-python-communication-jobrouter/1.0.0 Python/3.11.5 (Windows-10-10.0.22621-SP0)",
        "x-ms-client-request-id": "7d300ac3-74de-11ee-88a9-046c590f95d2",
        "x-ms-content-sha256": "Sanitized",
        "x-ms-date": "Fri, 27 Oct 2023 15:35:42 GMT",
        "x-ms-return-client-request-id": "true"
      },
      "RequestBody": null,
      "StatusCode": 200,
      "ResponseHeaders": {
        "api-supported-versions": "2021-04-07-preview1, 2022-07-18-preview, 2023-08-25-preview, 2023-11-01",
        "Connection": "keep-alive",
        "Content-Type": "application/json; charset=utf-8",
        "Date": "Fri, 27 Oct 2023 15:35:42 GMT",
        "ETag": "Sanitized",
        "Last-Modified": "Fri, 27 Oct 2023 15:35:42 GMT",
        "Request-Context": "appId=",
        "trace-id": "6c3a63c5-d313-bcef-57e2-25ae21724ec2",
        "Transfer-Encoding": "chunked",
        "x-azure-ref": "20231027T153542Z-a4wwd5ges17ym0gwggz65kf2nn00000009hg000000036v9q",
        "X-Cache": "CONFIG_NOCACHE"
      },
      "ResponseBody": {
        "id": "tst_get_cp",
        "name": "tst_get_cp",
        "fallbackQueueId": "test_get_classification_policy_tst_q",
        "queueSelectorAttachments": [
          {
            "kind": "static",
            "queueSelector": {
              "key": "test_key",
              "labelOperator": "equal",
              "value": "test_value"
            }
          },
          {
            "kind": "conditional",
            "condition": {
              "kind": "static-rule",
              "value": true
            },
            "queueSelectors": [
              {
                "key": "test_key",
                "labelOperator": "equal",
                "value": "test_value"
              }
            ]
          },
          {
            "kind": "rule-engine",
            "rule": {
              "kind": "static-rule",
              "value": [
                {
                  "key": "test_key",
                  "labelOperator": "equal",
                  "value": "test_value"
                }
              ]
            }
          },
          {
            "kind": "pass-through",
            "key": "testKey",
            "labelOperator": "equal"
          },
          {
            "kind": "weighted-allocation-queue-selector",
            "allocations": [
              {
                "weight": 1,
                "queueSelectors": [
                  {
                    "key": "test_key",
                    "labelOperator": "equal",
                    "value": "test_value"
                  }
                ]
              }
            ]
          }
        ],
        "prioritizationRule": {
          "kind": "expression-rule",
          "language": "powerFx",
          "expression": "1"
        },
        "workerSelectorAttachments": [
          {
            "kind": "static",
            "workerSelector": {
              "expiresAfterSeconds": 10,
              "expedite": false,
              "status": "active",
              "key": "test_key",
              "labelOperator": "equal",
              "value": "test_value"
            }
          },
          {
            "kind": "conditional",
            "condition": {
              "kind": "static-rule",
              "value": true
            },
            "workerSelectors": [
              {
                "expiresAfterSeconds": 10,
                "expedite": false,
                "status": "active",
                "key": "test_key",
                "labelOperator": "equal",
                "value": "test_value"
              }
            ]
          },
          {
            "kind": "rule-engine",
            "rule": {
              "kind": "static-rule",
              "value": [
                {
                  "key": "test_key",
                  "labelOperator": "equal",
                  "value": "test_value",
                  "expiresAfterSeconds": 10,
                  "expedite": false
                }
              ]
            }
          },
          {
            "kind": "pass-through",
            "key": "testKey",
            "labelOperator": "equal"
          },
          {
            "kind": "weighted-allocation-worker-selector",
            "allocations": [
              {
                "weight": 1,
                "workerSelectors": [
                  {
                    "expiresAfterSeconds": 10,
                    "expedite": false,
                    "status": "active",
                    "key": "test_key",
                    "labelOperator": "equal",
                    "value": "test_value"
                  }
                ]
              }
            ]
          }
        ],
        "etag": "Sanitized"
      }
    },
    {
      "RequestUri": "https://sanitized.communication.azure.net/routing/classificationPolicies/tst_get_cp?api-version=2023-11-01",
      "RequestMethod": "PATCH",
      "RequestHeaders": {
        "Accept": "application/json",
        "Accept-Encoding": "gzip, deflate",
        "Authorization": "Sanitized",
        "Connection": "keep-alive",
        "Content-Length": "1659",
        "Content-Type": "application/merge-patch\u002Bjson",
        "User-Agent": "azsdk-python-communication-jobrouter/1.0.0 Python/3.11.5 (Windows-10-10.0.22621-SP0)",
        "x-ms-client-request-id": "7d3cb5fc-74de-11ee-b0b7-046c590f95d2",
        "x-ms-content-sha256": "Sanitized",
        "x-ms-date": "Fri, 27 Oct 2023 15:35:42 GMT",
        "x-ms-return-client-request-id": "true"
      },
      "RequestBody": {
        "name": "tst_get_cp",
        "fallbackQueueId": "test_get_classification_policy_tst_q",
        "queueSelectorAttachments": [
          {
            "queueSelector": {
              "key": "test_key",
              "labelOperator": "equal",
              "value": "test_value"
            },
            "kind": "static"
          },
          {
            "condition": {
              "value": true,
              "kind": "static-rule"
            },
            "queueSelectors": [
              {
                "key": "test_key",
                "labelOperator": "equal",
                "value": "test_value"
              }
            ],
            "kind": "conditional"
          },
          {
            "rule": {
              "value": [
                {
                  "key": "test_key",
                  "labelOperator": "equal",
                  "value": "test_value"
                }
              ],
              "kind": "static-rule"
            },
            "kind": "rule-engine"
          },
          {
            "key": "testKey",
            "labelOperator": "equal",
            "kind": "pass-through"
          },
          {
            "allocations": [
              {
                "weight": 1.0,
                "queueSelectors": [
                  {
                    "key": "test_key",
                    "labelOperator": "equal",
                    "value": "test_value"
                  }
                ]
              }
            ],
            "kind": "weighted-allocation-queue-selector"
          }
        ],
        "prioritizationRule": {
          "functionUri": "https://dummy.endpoint.net",
          "credential": {
            "functionKey": "Sanitized"
          },
          "kind": "azure-function-rule"
        },
        "workerSelectorAttachments": [
          {
            "workerSelector": {
              "key": "test_key",
              "labelOperator": "equal",
              "value": "test_value",
              "expiresAfterSeconds": 10.0,
              "expedite": false
            },
            "kind": "static"
          },
          {
            "condition": {
              "value": true,
              "kind": "static-rule"
            },
            "workerSelectors": [
              {
                "key": "test_key",
                "labelOperator": "equal",
                "value": "test_value",
                "expiresAfterSeconds": 10.0,
                "expedite": false
              }
            ],
            "kind": "conditional"
          },
          {
            "rule": {
              "value": [
                {
                  "key": "test_key",
                  "labelOperator": "equal",
                  "value": "test_value",
                  "expiresAfterSeconds": 10.0,
                  "expedite": false
                }
              ],
              "kind": "static-rule"
            },
            "kind": "rule-engine"
          },
          {
            "key": "testKey",
            "labelOperator": "equal",
            "kind": "pass-through"
          },
          {
            "allocations": [
              {
                "weight": 1.0,
                "workerSelectors": [
                  {
                    "key": "test_key",
                    "labelOperator": "equal",
                    "value": "test_value",
                    "expiresAfterSeconds": 10.0,
                    "expedite": false
                  }
                ]
              }
            ],
            "kind": "weighted-allocation-worker-selector"
          }
        ]
      },
      "StatusCode": 200,
      "ResponseHeaders": {
        "api-supported-versions": "2021-04-07-preview1, 2022-07-18-preview, 2023-08-25-preview, 2023-11-01",
        "Connection": "keep-alive",
        "Content-Type": "application/json; charset=utf-8",
        "Date": "Fri, 27 Oct 2023 15:35:43 GMT",
        "ETag": "Sanitized",
        "Last-Modified": "Fri, 27 Oct 2023 15:35:43 GMT",
        "Request-Context": "appId=",
        "trace-id": "91361a74-05c2-4103-aa3b-98afa91cdfdf",
        "Transfer-Encoding": "chunked",
        "x-azure-ref": "20231027T153542Z-a4wwd5ges17ym0gwggz65kf2nn00000009hg000000036vak",
        "X-Cache": "CONFIG_NOCACHE"
      },
      "ResponseBody": {
        "id": "tst_get_cp",
        "name": "tst_get_cp",
        "fallbackQueueId": "test_get_classification_policy_tst_q",
        "queueSelectorAttachments": [
          {
            "kind": "static",
            "queueSelector": {
              "key": "test_key",
              "labelOperator": "equal",
              "value": "test_value"
            }
          },
          {
            "kind": "conditional",
            "condition": {
              "kind": "static-rule",
              "value": true
            },
            "queueSelectors": [
              {
                "key": "test_key",
                "labelOperator": "equal",
                "value": "test_value"
              }
            ]
          },
          {
            "kind": "rule-engine",
            "rule": {
              "kind": "static-rule",
              "value": [
                {
                  "key": "test_key",
                  "labelOperator": "equal",
                  "value": "test_value"
                }
              ]
            }
          },
          {
            "kind": "pass-through",
            "key": "testKey",
            "labelOperator": "equal"
          },
          {
            "kind": "weighted-allocation-queue-selector",
            "allocations": [
              {
                "weight": 1,
                "queueSelectors": [
                  {
                    "key": "test_key",
                    "labelOperator": "equal",
                    "value": "test_value"
                  }
                ]
              }
            ]
          }
        ],
        "prioritizationRule": {
          "kind": "azure-function-rule",
          "functionUri": "https://dummy.endpoint.net",
          "credential": {
            "functionKey": "Sanitized"
          }
        },
        "workerSelectorAttachments": [
          {
            "kind": "static",
            "workerSelector": {
              "expiresAfterSeconds": 10,
              "expedite": false,
              "status": "active",
              "key": "test_key",
              "labelOperator": "equal",
              "value": "test_value"
            }
          },
          {
            "kind": "conditional",
            "condition": {
              "kind": "static-rule",
              "value": true
            },
            "workerSelectors": [
              {
                "expiresAfterSeconds": 10,
                "expedite": false,
                "status": "active",
                "key": "test_key",
                "labelOperator": "equal",
                "value": "test_value"
              }
            ]
          },
          {
            "kind": "rule-engine",
            "rule": {
              "kind": "static-rule",
              "value": [
                {
                  "key": "test_key",
                  "labelOperator": "equal",
                  "value": "test_value",
                  "expiresAfterSeconds": 10,
                  "expedite": false
                }
              ]
            }
          },
          {
            "kind": "pass-through",
            "key": "testKey",
            "labelOperator": "equal"
          },
          {
            "kind": "weighted-allocation-worker-selector",
            "allocations": [
              {
                "weight": 1,
                "workerSelectors": [
                  {
                    "expiresAfterSeconds": 10,
                    "expedite": false,
                    "status": "active",
                    "key": "test_key",
                    "labelOperator": "equal",
                    "value": "test_value"
                  }
                ]
              }
            ]
          }
        ],
        "etag": "Sanitized"
      }
    },
    {
      "RequestUri": "https://sanitized.communication.azure.net/routing/classificationPolicies/tst_get_cp?api-version=2023-11-01",
      "RequestMethod": "GET",
      "RequestHeaders": {
        "Accept": "application/json",
        "Accept-Encoding": "gzip, deflate",
        "Authorization": "Sanitized",
        "Connection": "keep-alive",
        "User-Agent": "azsdk-python-communication-jobrouter/1.0.0 Python/3.11.5 (Windows-10-10.0.22621-SP0)",
        "x-ms-client-request-id": "7d62fd56-74de-11ee-b16e-046c590f95d2",
        "x-ms-content-sha256": "Sanitized",
        "x-ms-date": "Fri, 27 Oct 2023 15:35:43 GMT",
        "x-ms-return-client-request-id": "true"
      },
      "RequestBody": null,
      "StatusCode": 200,
      "ResponseHeaders": {
        "api-supported-versions": "2021-04-07-preview1, 2022-07-18-preview, 2023-08-25-preview, 2023-11-01",
        "Connection": "keep-alive",
        "Content-Type": "application/json; charset=utf-8",
        "Date": "Fri, 27 Oct 2023 15:35:43 GMT",
        "ETag": "Sanitized",
        "Last-Modified": "Fri, 27 Oct 2023 15:35:43 GMT",
        "Request-Context": "appId=",
        "trace-id": "ab519322-a2e4-0142-b5d9-9576618c9de1",
        "Transfer-Encoding": "chunked",
        "x-azure-ref": "20231027T153543Z-a4wwd5ges17ym0gwggz65kf2nn00000009hg000000036vbh",
        "X-Cache": "CONFIG_NOCACHE"
      },
      "ResponseBody": {
        "id": "tst_get_cp",
        "name": "tst_get_cp",
        "fallbackQueueId": "test_get_classification_policy_tst_q",
        "queueSelectorAttachments": [
          {
            "kind": "static",
            "queueSelector": {
              "key": "test_key",
              "labelOperator": "equal",
              "value": "test_value"
            }
          },
          {
            "kind": "conditional",
            "condition": {
              "kind": "static-rule",
              "value": true
            },
            "queueSelectors": [
              {
                "key": "test_key",
                "labelOperator": "equal",
                "value": "test_value"
              }
            ]
          },
          {
            "kind": "rule-engine",
            "rule": {
              "kind": "static-rule",
              "value": [
                {
                  "key": "test_key",
                  "labelOperator": "equal",
                  "value": "test_value"
                }
              ]
            }
          },
          {
            "kind": "pass-through",
            "key": "testKey",
            "labelOperator": "equal"
          },
          {
            "kind": "weighted-allocation-queue-selector",
            "allocations": [
              {
                "weight": 1,
                "queueSelectors": [
                  {
                    "key": "test_key",
                    "labelOperator": "equal",
                    "value": "test_value"
                  }
                ]
              }
            ]
          }
        ],
        "prioritizationRule": {
          "kind": "azure-function-rule",
          "functionUri": "https://dummy.endpoint.net",
          "credential": {
            "functionKey": "Sanitized"
          }
        },
        "workerSelectorAttachments": [
          {
            "kind": "static",
            "workerSelector": {
              "expiresAfterSeconds": 10,
              "expedite": false,
              "status": "active",
              "key": "test_key",
              "labelOperator": "equal",
              "value": "test_value"
            }
          },
          {
            "kind": "conditional",
            "condition": {
              "kind": "static-rule",
              "value": true
            },
            "workerSelectors": [
              {
                "expiresAfterSeconds": 10,
                "expedite": false,
                "status": "active",
                "key": "test_key",
                "labelOperator": "equal",
                "value": "test_value"
              }
            ]
          },
          {
            "kind": "rule-engine",
            "rule": {
              "kind": "static-rule",
              "value": [
                {
                  "key": "test_key",
                  "labelOperator": "equal",
                  "value": "test_value",
                  "expiresAfterSeconds": 10,
                  "expedite": false
                }
              ]
            }
          },
          {
            "kind": "pass-through",
            "key": "testKey",
            "labelOperator": "equal"
          },
          {
            "kind": "weighted-allocation-worker-selector",
            "allocations": [
              {
                "weight": 1,
                "workerSelectors": [
                  {
                    "expiresAfterSeconds": 10,
                    "expedite": false,
                    "status": "active",
                    "key": "test_key",
                    "labelOperator": "equal",
                    "value": "test_value"
                  }
                ]
              }
            ]
          }
        ],
        "etag": "Sanitized"
      }
    },
    {
      "RequestUri": "https://sanitized.communication.azure.net/routing/classificationPolicies/tst_get_cp?api-version=2023-11-01",
      "RequestMethod": "DELETE",
      "RequestHeaders": {
        "Accept": "*/*",
        "Accept-Encoding": "gzip, deflate",
        "Authorization": "Sanitized",
        "Connection": "keep-alive",
        "Content-Length": "0",
        "User-Agent": "azsdk-python-communication-jobrouter/1.0.0 Python/3.11.5 (Windows-10-10.0.22621-SP0)",
        "x-ms-client-request-id": "7d6d1541-74de-11ee-a001-046c590f95d2",
        "x-ms-content-sha256": "Sanitized",
        "x-ms-date": "Fri, 27 Oct 2023 15:35:43 GMT",
        "x-ms-return-client-request-id": "true"
      },
      "RequestBody": null,
      "StatusCode": 204,
      "ResponseHeaders": {
        "api-supported-versions": "2021-04-07-preview1, 2022-07-18-preview, 2023-08-25-preview, 2023-11-01",
        "Connection": "keep-alive",
        "Date": "Fri, 27 Oct 2023 15:35:43 GMT",
        "Request-Context": "appId=",
        "trace-id": "0d31d3fe-9bbc-5e80-8c7f-c22b15be6886",
        "x-azure-ref": "20231027T153543Z-a4wwd5ges17ym0gwggz65kf2nn00000009hg000000036vc9",
        "X-Cache": "CONFIG_NOCACHE"
      },
      "ResponseBody": null
    },
    {
      "RequestUri": "https://sanitized.communication.azure.net/routing/queues/test_get_classification_policy_tst_q?api-version=2023-11-01",
      "RequestMethod": "DELETE",
      "RequestHeaders": {
        "Accept": "*/*",
        "Accept-Encoding": "gzip, deflate",
        "Authorization": "Sanitized",
        "Connection": "keep-alive",
        "Content-Length": "0",
        "User-Agent": "azsdk-python-communication-jobrouter/1.0.0 Python/3.11.5 (Windows-10-10.0.22621-SP0)",
        "x-ms-client-request-id": "7d808abd-74de-11ee-a906-046c590f95d2",
        "x-ms-content-sha256": "Sanitized",
        "x-ms-date": "Fri, 27 Oct 2023 15:35:43 GMT",
        "x-ms-return-client-request-id": "true"
      },
      "RequestBody": null,
      "StatusCode": 204,
      "ResponseHeaders": {
        "api-supported-versions": "2021-04-07-preview1, 2022-07-18-preview, 2023-08-25-preview, 2023-11-01",
        "Connection": "keep-alive",
        "Date": "Fri, 27 Oct 2023 15:35:43 GMT",
        "Request-Context": "appId=",
        "trace-id": "4ccae8b6-b7ba-820d-0c93-d0b88d5957c1",
        "x-azure-ref": "20231027T153543Z-a4wwd5ges17ym0gwggz65kf2nn00000009hg000000036vdc",
        "X-Cache": "CONFIG_NOCACHE"
      },
      "ResponseBody": null
    },
    {
      "RequestUri": "https://sanitized.communication.azure.net/routing/distributionPolicies/test_get_classification_policy_tst_dp?api-version=2023-11-01",
      "RequestMethod": "DELETE",
      "RequestHeaders": {
        "Accept": "*/*",
        "Accept-Encoding": "gzip, deflate",
        "Authorization": "Sanitized",
        "Connection": "keep-alive",
        "Content-Length": "0",
        "User-Agent": "azsdk-python-communication-jobrouter/1.0.0 Python/3.11.5 (Windows-10-10.0.22621-SP0)",
        "x-ms-client-request-id": "7da26f50-74de-11ee-8f51-046c590f95d2",
        "x-ms-content-sha256": "Sanitized",
        "x-ms-date": "Fri, 27 Oct 2023 15:35:43 GMT",
        "x-ms-return-client-request-id": "true"
      },
      "RequestBody": null,
      "StatusCode": 204,
      "ResponseHeaders": {
        "api-supported-versions": "2021-04-07-preview1, 2022-07-18-preview, 2023-08-25-preview, 2023-11-01",
        "Connection": "keep-alive",
        "Date": "Fri, 27 Oct 2023 15:35:43 GMT",
        "Request-Context": "appId=",
        "trace-id": "080024ce-d005-ad72-ff93-e38942e60362",
        "x-azure-ref": "20231027T153543Z-a4wwd5ges17ym0gwggz65kf2nn00000009hg000000036vep",
        "X-Cache": "CONFIG_NOCACHE"
      },
      "ResponseBody": null
    }
  ],
  "Variables": {}
}
