{
  "Entries": [
    {
      "RequestUri": "https://sanitized.communication.azure.net/routing/distributionPolicies/test_list_exception_policies_tst_dp_async?api-version=2024-01-18-preview",
      "RequestMethod": "PATCH",
      "RequestHeaders": {
        "Accept": "application/json",
        "Accept-Encoding": "gzip, deflate",
        "Authorization": "Sanitized",
        "Content-Length": "171",
        "Content-Type": "application/merge-patch\u002Bjson",
        "User-Agent": "azsdk-python-communication-jobrouter/1.1.0b1 Python/3.11.5 (Windows-10-10.0.22621-SP0)",
        "x-ms-client-request-id": "dc52b101-d731-11ee-996d-cc483a8c86b0",
        "x-ms-content-sha256": "Sanitized",
        "x-ms-date": "Thu, 29 Feb 2024 18:39:24 GMT",
        "x-ms-return-client-request-id": "true"
      },
      "RequestBody": {
        "name": "test_list_exception_policies_tst_dp_async",
        "offerExpiresAfterSeconds": 10.0,
        "mode": {
          "kind": "roundRobin",
          "minConcurrentOffers": 1,
          "maxConcurrentOffers": 1
        }
      },
      "StatusCode": 201,
      "ResponseHeaders": {
        "api-supported-versions": "2021-04-07-preview1, 2022-07-18-preview, 2023-08-25-preview, 2023-11-01, 2024-01-18-preview",
        "Connection": "keep-alive",
        "Content-Type": "application/json; charset=utf-8",
        "Date": "Thu, 29 Feb 2024 18:39:25 GMT",
        "ETag": "Sanitized",
        "Last-Modified": "Thu, 29 Feb 2024 18:39:25 GMT",
        "Request-Context": "appId=",
        "Strict-Transport-Security": "max-age=31536000;includeSubDomains",
        "trace-id": "dc381ddd-3f7c-784f-973c-d454dfda1ae5",
        "Transfer-Encoding": "chunked",
        "x-azure-ref": "20240229T183925Z-6kg1vwympt55bf3r6ag9whv6ws00000008300000000082xq",
        "X-Cache": "CONFIG_NOCACHE"
      },
      "ResponseBody": {
        "id": "test_list_exception_policies_tst_dp_async",
        "name": "test_list_exception_policies_tst_dp_async",
        "offerExpiresAfterSeconds": 10,
        "mode": {
          "kind": "roundRobin",
          "minConcurrentOffers": 1,
          "maxConcurrentOffers": 1,
          "bypassSelectors": false
        },
        "etag": "Sanitized"
      }
    },
    {
      "RequestUri": "https://sanitized.communication.azure.net/routing/queues/test_list_exception_policies_tst_q_async?api-version=2024-01-18-preview",
      "RequestMethod": "PATCH",
      "RequestHeaders": {
        "Accept": "application/json",
        "Accept-Encoding": "gzip, deflate",
        "Authorization": "Sanitized",
        "Content-Length": "208",
        "Content-Type": "application/merge-patch\u002Bjson",
        "User-Agent": "azsdk-python-communication-jobrouter/1.1.0b1 Python/3.11.5 (Windows-10-10.0.22621-SP0)",
        "x-ms-client-request-id": "dc6189f7-d731-11ee-8f76-cc483a8c86b0",
        "x-ms-content-sha256": "Sanitized",
        "x-ms-date": "Thu, 29 Feb 2024 18:39:24 GMT",
        "x-ms-return-client-request-id": "true"
      },
      "RequestBody": {
        "name": "test_list_exception_policies_tst_q_async",
        "distributionPolicyId": "test_list_exception_policies_tst_dp_async",
        "labels": {
          "key1": "QueueKey",
          "key2": 10,
          "key3": true,
          "key4": false,
          "key5": 10.1
        }
      },
      "StatusCode": 201,
      "ResponseHeaders": {
        "api-supported-versions": "2021-04-07-preview1, 2022-07-18-preview, 2023-08-25-preview, 2023-11-01, 2024-01-18-preview",
        "Connection": "keep-alive",
        "Content-Type": "application/json; charset=utf-8",
        "Date": "Thu, 29 Feb 2024 18:39:25 GMT",
        "ETag": "Sanitized",
        "Last-Modified": "Thu, 29 Feb 2024 18:39:25 GMT",
        "Request-Context": "appId=",
        "Strict-Transport-Security": "max-age=31536000;includeSubDomains",
        "trace-id": "eda59841-7cd1-b363-c7e6-f9986d92e894",
        "Transfer-Encoding": "chunked",
        "x-azure-ref": "20240229T183925Z-6kg1vwympt55bf3r6ag9whv6ws00000008300000000082xt",
        "X-Cache": "CONFIG_NOCACHE"
      },
      "ResponseBody": {
        "id": "test_list_exception_policies_tst_q_async",
        "name": "test_list_exception_policies_tst_q_async",
        "distributionPolicyId": "test_list_exception_policies_tst_dp_async",
        "labels": {
          "key1": "QueueKey",
          "key2": 10,
          "key3": true,
          "key4": false,
          "key5": 10.1,
          "Id": "test_list_exception_policies_tst_q_async"
        },
        "etag": "Sanitized"
      }
    },
    {
      "RequestUri": "https://sanitized.communication.azure.net/routing/classificationPolicies/test_list_exception_policies_tst_cp_async?api-version=2024-01-18-preview",
      "RequestMethod": "PATCH",
      "RequestHeaders": {
        "Accept": "application/json",
        "Accept-Encoding": "gzip, deflate",
        "Authorization": "Sanitized",
        "Content-Length": "116",
        "Content-Type": "application/merge-patch\u002Bjson",
        "User-Agent": "azsdk-python-communication-jobrouter/1.1.0b1 Python/3.11.5 (Windows-10-10.0.22621-SP0)",
        "x-ms-client-request-id": "dc734ec5-d731-11ee-a944-cc483a8c86b0",
        "x-ms-content-sha256": "Sanitized",
        "x-ms-date": "Thu, 29 Feb 2024 18:39:24 GMT",
        "x-ms-return-client-request-id": "true"
      },
      "RequestBody": {
        "name": "test_list_exception_policies_tst_cp_async",
        "fallbackQueueId": "test_list_exception_policies_tst_q_async"
      },
      "StatusCode": 201,
      "ResponseHeaders": {
        "api-supported-versions": "2021-04-07-preview1, 2022-07-18-preview, 2023-08-25-preview, 2023-11-01, 2024-01-18-preview",
        "Connection": "keep-alive",
        "Content-Type": "application/json; charset=utf-8",
        "Date": "Thu, 29 Feb 2024 18:39:25 GMT",
        "ETag": "Sanitized",
        "Last-Modified": "Thu, 29 Feb 2024 18:39:25 GMT",
        "Request-Context": "appId=",
        "Strict-Transport-Security": "max-age=31536000;includeSubDomains",
        "trace-id": "2514db95-deb1-c6ef-b0d7-74705c5b7c26",
        "Transfer-Encoding": "chunked",
        "x-azure-ref": "20240229T183925Z-6kg1vwympt55bf3r6ag9whv6ws00000008300000000082xw",
        "X-Cache": "CONFIG_NOCACHE"
      },
      "ResponseBody": {
        "id": "test_list_exception_policies_tst_cp_async",
        "name": "test_list_exception_policies_tst_cp_async",
        "fallbackQueueId": "test_list_exception_policies_tst_q_async",
        "queueSelectorAttachments": [],
        "workerSelectorAttachments": [],
        "etag": "Sanitized"
      }
    },
    {
      "RequestUri": "https://sanitized.communication.azure.net/routing/exceptionPolicies/tst_list_ep_1_async?api-version=2024-01-18-preview",
      "RequestMethod": "PATCH",
      "RequestHeaders": {
        "Accept": "application/json",
        "Accept-Encoding": "gzip, deflate",
        "Authorization": "Sanitized",
        "Content-Length": "167",
        "Content-Type": "application/merge-patch\u002Bjson",
        "User-Agent": "azsdk-python-communication-jobrouter/1.1.0b1 Python/3.11.5 (Windows-10-10.0.22621-SP0)",
        "x-ms-client-request-id": "dc85f10f-d731-11ee-83f9-cc483a8c86b0",
        "x-ms-content-sha256": "Sanitized",
        "x-ms-date": "Thu, 29 Feb 2024 18:39:24 GMT",
        "x-ms-return-client-request-id": "true"
      },
      "RequestBody": {
        "name": "tst_list_ep_1_async",
        "exceptionRules": [
          {
            "id": "fakeExceptionRuleId",
            "trigger": {
              "kind": "queueLength",
              "threshold": 1
            },
            "actions": [
              {
                "kind": "cancel"
              }
            ]
          }
        ]
      },
      "StatusCode": 201,
      "ResponseHeaders": {
        "api-supported-versions": "2021-04-07-preview1, 2022-07-18-preview, 2023-08-25-preview, 2023-11-01, 2024-01-18-preview",
        "Connection": "keep-alive",
        "Content-Type": "application/json; charset=utf-8",
        "Date": "Thu, 29 Feb 2024 18:39:25 GMT",
        "ETag": "Sanitized",
        "Last-Modified": "Thu, 29 Feb 2024 18:39:25 GMT",
        "Request-Context": "appId=",
        "Strict-Transport-Security": "max-age=31536000;includeSubDomains",
        "trace-id": "8725dfb3-77b6-bb87-bc1c-1d6d28a6a724",
        "Transfer-Encoding": "chunked",
        "x-azure-ref": "20240229T183925Z-6kg1vwympt55bf3r6ag9whv6ws00000008300000000082y0",
        "X-Cache": "CONFIG_NOCACHE"
      },
      "ResponseBody": {
        "id": "tst_list_ep_1_async",
        "name": "tst_list_ep_1_async",
        "exceptionRules": [
          {
            "id": "fakeExceptionRuleId",
            "trigger": {
              "kind": "queueLength",
              "threshold": 1
            },
            "actions": [
              {
                "kind": "cancel",
                "id": "f9b031f5-7567-4111-aee2-d25696688647"
              }
            ]
          }
        ],
        "etag": "Sanitized"
      }
    },
    {
      "RequestUri": "https://sanitized.communication.azure.net/routing/exceptionPolicies/tst_list_ep_2_async?api-version=2024-01-18-preview",
      "RequestMethod": "PATCH",
      "RequestHeaders": {
        "Accept": "application/json",
        "Accept-Encoding": "gzip, deflate",
        "Authorization": "Sanitized",
        "Content-Length": "167",
        "Content-Type": "application/merge-patch\u002Bjson",
        "User-Agent": "azsdk-python-communication-jobrouter/1.1.0b1 Python/3.11.5 (Windows-10-10.0.22621-SP0)",
        "x-ms-client-request-id": "dc94894c-d731-11ee-9ae2-cc483a8c86b0",
        "x-ms-content-sha256": "Sanitized",
        "x-ms-date": "Thu, 29 Feb 2024 18:39:24 GMT",
        "x-ms-return-client-request-id": "true"
      },
      "RequestBody": {
        "name": "tst_list_ep_2_async",
        "exceptionRules": [
          {
            "id": "fakeExceptionRuleId",
            "trigger": {
              "kind": "queueLength",
              "threshold": 1
            },
            "actions": [
              {
                "kind": "cancel"
              }
            ]
          }
        ]
      },
      "StatusCode": 201,
      "ResponseHeaders": {
        "api-supported-versions": "2021-04-07-preview1, 2022-07-18-preview, 2023-08-25-preview, 2023-11-01, 2024-01-18-preview",
        "Connection": "keep-alive",
        "Content-Type": "application/json; charset=utf-8",
        "Date": "Thu, 29 Feb 2024 18:39:25 GMT",
        "ETag": "Sanitized",
        "Last-Modified": "Thu, 29 Feb 2024 18:39:25 GMT",
        "Request-Context": "appId=",
        "Strict-Transport-Security": "max-age=31536000;includeSubDomains",
        "trace-id": "d3b565ef-f51a-3161-9c4e-698bca66de4b",
        "Transfer-Encoding": "chunked",
        "x-azure-ref": "20240229T183925Z-6kg1vwympt55bf3r6ag9whv6ws00000008300000000082y2",
        "X-Cache": "CONFIG_NOCACHE"
      },
      "ResponseBody": {
        "id": "tst_list_ep_2_async",
        "name": "tst_list_ep_2_async",
        "exceptionRules": [
          {
            "id": "fakeExceptionRuleId",
            "trigger": {
              "kind": "queueLength",
              "threshold": 1
            },
            "actions": [
              {
                "kind": "cancel",
                "id": "e42eb34d-fddf-40ee-8f03-85b4b1b7a269"
              }
            ]
          }
        ],
        "etag": "Sanitized"
      }
    },
    {
      "RequestUri": "https://sanitized.communication.azure.net/routing/exceptionPolicies/tst_list_ep_3_async?api-version=2024-01-18-preview",
      "RequestMethod": "PATCH",
      "RequestHeaders": {
        "Accept": "application/json",
        "Accept-Encoding": "gzip, deflate",
        "Authorization": "Sanitized",
        "Content-Length": "167",
        "Content-Type": "application/merge-patch\u002Bjson",
        "User-Agent": "azsdk-python-communication-jobrouter/1.1.0b1 Python/3.11.5 (Windows-10-10.0.22621-SP0)",
        "x-ms-client-request-id": "dca399d5-d731-11ee-9965-cc483a8c86b0",
        "x-ms-content-sha256": "Sanitized",
        "x-ms-date": "Thu, 29 Feb 2024 18:39:25 GMT",
        "x-ms-return-client-request-id": "true"
      },
      "RequestBody": {
        "name": "tst_list_ep_3_async",
        "exceptionRules": [
          {
            "id": "fakeExceptionRuleId",
            "trigger": {
              "kind": "queueLength",
              "threshold": 1
            },
            "actions": [
              {
                "kind": "cancel"
              }
            ]
          }
        ]
      },
      "StatusCode": 201,
      "ResponseHeaders": {
        "api-supported-versions": "2021-04-07-preview1, 2022-07-18-preview, 2023-08-25-preview, 2023-11-01, 2024-01-18-preview",
        "Connection": "keep-alive",
        "Content-Type": "application/json; charset=utf-8",
        "Date": "Thu, 29 Feb 2024 18:39:25 GMT",
        "ETag": "Sanitized",
        "Last-Modified": "Thu, 29 Feb 2024 18:39:25 GMT",
        "Request-Context": "appId=",
        "Strict-Transport-Security": "max-age=31536000;includeSubDomains",
        "trace-id": "5e8b383b-8de3-5c30-b0f1-aa0b5a968642",
        "Transfer-Encoding": "chunked",
        "x-azure-ref": "20240229T183925Z-6kg1vwympt55bf3r6ag9whv6ws00000008300000000082y4",
        "X-Cache": "CONFIG_NOCACHE"
      },
      "ResponseBody": {
        "id": "tst_list_ep_3_async",
        "name": "tst_list_ep_3_async",
        "exceptionRules": [
          {
            "id": "fakeExceptionRuleId",
            "trigger": {
              "kind": "queueLength",
              "threshold": 1
            },
            "actions": [
              {
                "kind": "cancel",
                "id": "04462f63-42ea-4d28-ab36-30effb929bc3"
              }
            ]
          }
        ],
        "etag": "Sanitized"
      }
    },
    {
      "RequestUri": "https://sanitized.communication.azure.net/routing/exceptionPolicies?api-version=2024-01-18-preview\u0026maxpagesize=2",
      "RequestMethod": "GET",
      "RequestHeaders": {
        "Accept": "application/json",
        "Accept-Encoding": "gzip, deflate",
        "Authorization": "Sanitized",
        "Content-Length": "0",
        "User-Agent": "azsdk-python-communication-jobrouter/1.1.0b1 Python/3.11.5 (Windows-10-10.0.22621-SP0)",
        "x-ms-client-request-id": "dcb2dfae-d731-11ee-8a6f-cc483a8c86b0",
        "x-ms-content-sha256": "Sanitized",
        "x-ms-date": "Thu, 29 Feb 2024 18:39:25 GMT",
        "x-ms-return-client-request-id": "true"
      },
      "RequestBody": null,
      "StatusCode": 200,
      "ResponseHeaders": {
        "api-supported-versions": "2021-04-07-preview1, 2022-07-18-preview, 2023-08-25-preview, 2023-11-01, 2024-01-18-preview",
        "Connection": "keep-alive",
        "Content-Type": "application/json; charset=utf-8",
        "Date": "Thu, 29 Feb 2024 18:39:25 GMT",
        "Request-Context": "appId=",
        "Strict-Transport-Security": "max-age=31536000;includeSubDomains",
        "trace-id": "03038c95-9132-6c00-011b-5bacf8fec5de",
        "Transfer-Encoding": "chunked",
        "x-azure-ref": "20240229T183925Z-6kg1vwympt55bf3r6ag9whv6ws00000008300000000082y8",
        "X-Cache": "CONFIG_NOCACHE"
      },
      "ResponseBody": {
        "value": [
          {
            "id": "tst_list_ep_3_async",
            "name": "tst_list_ep_3_async",
            "exceptionRules": [
              {
                "id": "fakeExceptionRuleId",
                "trigger": {
                  "kind": "queueLength",
                  "threshold": 1
                },
                "actions": [
                  {
                    "kind": "cancel",
                    "id": "04462f63-42ea-4d28-ab36-30effb929bc3"
                  }
                ]
              }
            ],
            "etag": "Sanitized"
          },
          {
            "id": "tst_list_ep_2_async",
            "name": "tst_list_ep_2_async",
            "exceptionRules": [
              {
                "id": "fakeExceptionRuleId",
                "trigger": {
                  "kind": "queueLength",
                  "threshold": 1
                },
                "actions": [
                  {
                    "kind": "cancel",
                    "id": "e42eb34d-fddf-40ee-8f03-85b4b1b7a269"
                  }
                ]
              }
            ],
            "etag": "Sanitized"
          }
        ],
        "nextLink": "/routing/exceptionPolicies?continuationToken=Y29udGludWF0aW9uVG9rZW49VzNzaWRHOXJaVzRpT2lJclVrbEVPbjVYT1c5V1FVOWtWa2xzUTFWQ1VVRkJRVUZCUVVGQlBUMGpVbFE2TVNOVVVrTTZNaU5TVkVRNlFVRTlQU05KVTFZNk1pTkpSVTg2TmpVMU5qY2pVVU5HT2pnalJsQkRPa0ZuUlVGQlFVRkhRVTV4UlhOUlFUUkJRVDA5SWl3aWNtRnVaMlVpT25zaWJXbHVJam9pSWl3aWJXRjRJam9pUmtZaWZYMWQmbWF4cGFnZXNpemU9Mg%3D%3D"
      }
    },
    {
      "RequestUri": "https://sanitized.communication.azure.net/routing/exceptionPolicies?continuationToken=Y29udGludWF0aW9uVG9rZW49VzNzaWRHOXJaVzRpT2lJclVrbEVPbjVYT1c5V1FVOWtWa2xzUTFWQ1VVRkJRVUZCUVVGQlBUMGpVbFE2TVNOVVVrTTZNaU5TVkVRNlFVRTlQU05KVTFZNk1pTkpSVTg2TmpVMU5qY2pVVU5HT2pnalJsQkRPa0ZuUlVGQlFVRkhRVTV4UlhOUlFUUkJRVDA5SWl3aWNtRnVaMlVpT25zaWJXbHVJam9pSWl3aWJXRjRJam9pUmtZaWZYMWQmbWF4cGFnZXNpemU9Mg%3D%3D\u0026api-version=2024-01-18-preview",
      "RequestMethod": "GET",
      "RequestHeaders": {
        "Accept": "*/*",
        "Accept-Encoding": "gzip, deflate",
        "Authorization": "Sanitized",
        "Content-Length": "0",
        "User-Agent": "azsdk-python-communication-jobrouter/1.1.0b1 Python/3.11.5 (Windows-10-10.0.22621-SP0)",
        "x-ms-client-request-id": "dcba82bb-d731-11ee-bdbe-cc483a8c86b0",
        "x-ms-content-sha256": "Sanitized",
        "x-ms-date": "Thu, 29 Feb 2024 18:39:25 GMT",
        "x-ms-return-client-request-id": "true"
      },
      "RequestBody": null,
      "StatusCode": 200,
      "ResponseHeaders": {
        "api-supported-versions": "2021-04-07-preview1, 2022-07-18-preview, 2023-08-25-preview, 2023-11-01, 2024-01-18-preview",
        "Connection": "keep-alive",
        "Content-Type": "application/json; charset=utf-8",
        "Date": "Thu, 29 Feb 2024 18:39:25 GMT",
        "Request-Context": "appId=",
        "Strict-Transport-Security": "max-age=31536000;includeSubDomains",
        "trace-id": "d85ebee3-d66e-8631-fdc2-c34aed66dab4",
        "Transfer-Encoding": "chunked",
        "x-azure-ref": "20240229T183925Z-6kg1vwympt55bf3r6ag9whv6ws00000008300000000082yd",
        "X-Cache": "CONFIG_NOCACHE"
      },
      "ResponseBody": {
        "value": [
          {
            "id": "tst_list_ep_1_async",
            "name": "tst_list_ep_1_async",
            "exceptionRules": [
              {
                "id": "fakeExceptionRuleId",
                "trigger": {
                  "kind": "queueLength",
                  "threshold": 1
                },
                "actions": [
                  {
                    "kind": "cancel",
                    "id": "f9b031f5-7567-4111-aee2-d25696688647"
                  }
                ]
              }
            ],
            "etag": "Sanitized"
          },
          {
            "id": "20E6039551511DFB480874F073652C69DDA55541A927BD2BC8",
            "name": "20E6039551511DFB480874F073652C69DDA55541A927BD2BC8-ExceptionPolicyName",
            "exceptionRules": [],
            "etag": "Sanitized"
          }
        ]
      }
    },
    {
      "RequestUri": "https://sanitized.communication.azure.net/routing/exceptionPolicies/tst_list_ep_1_async?api-version=2024-01-18-preview",
      "RequestMethod": "PATCH",
      "RequestHeaders": {
        "Accept": "application/json",
        "Accept-Encoding": "gzip, deflate",
        "Authorization": "Sanitized",
        "Content-Length": "247",
        "Content-Type": "application/merge-patch\u002Bjson",
        "User-Agent": "azsdk-python-communication-jobrouter/1.1.0b1 Python/3.11.5 (Windows-10-10.0.22621-SP0)",
        "x-ms-client-request-id": "dcc2250c-d731-11ee-8b6a-cc483a8c86b0",
        "x-ms-content-sha256": "Sanitized",
        "x-ms-date": "Thu, 29 Feb 2024 18:39:25 GMT",
        "x-ms-return-client-request-id": "true"
      },
      "RequestBody": {
        "name": "tst_list_ep_1_async",
        "exceptionRules": [
          {
            "id": "fakeExceptionRuleId",
            "trigger": {
              "kind": "queueLength",
              "threshold": 1
            },
            "actions": [
              {
                "kind": "manualReclassify",
                "queueId": "test_list_exception_policies_tst_q_async",
                "priority": 1
              }
            ]
          }
        ]
      },
      "StatusCode": 200,
      "ResponseHeaders": {
        "api-supported-versions": "2021-04-07-preview1, 2022-07-18-preview, 2023-08-25-preview, 2023-11-01, 2024-01-18-preview",
        "Connection": "keep-alive",
        "Content-Type": "application/json; charset=utf-8",
        "Date": "Thu, 29 Feb 2024 18:39:25 GMT",
        "ETag": "Sanitized",
        "Last-Modified": "Thu, 29 Feb 2024 18:39:25 GMT",
        "Request-Context": "appId=",
        "Strict-Transport-Security": "max-age=31536000;includeSubDomains",
        "trace-id": "cbeef1c4-3d39-e35e-376a-8a0c862065b8",
        "Transfer-Encoding": "chunked",
        "x-azure-ref": "20240229T183925Z-6kg1vwympt55bf3r6ag9whv6ws00000008300000000082ye",
        "X-Cache": "CONFIG_NOCACHE"
      },
      "ResponseBody": {
        "id": "tst_list_ep_1_async",
        "name": "tst_list_ep_1_async",
        "exceptionRules": [
          {
            "id": "fakeExceptionRuleId",
            "trigger": {
              "kind": "queueLength",
              "threshold": 1
            },
            "actions": [
              {
                "kind": "manualReclassify",
                "queueId": "test_list_exception_policies_tst_q_async",
                "priority": 1,
                "workerSelectors": [],
                "id": "e9d752e3-d9c0-49ce-8673-eaf053518814"
              }
            ]
          }
        ],
        "etag": "Sanitized"
      }
    },
    {
      "RequestUri": "https://sanitized.communication.azure.net/routing/exceptionPolicies/tst_list_ep_2_async?api-version=2024-01-18-preview",
      "RequestMethod": "PATCH",
      "RequestHeaders": {
        "Accept": "application/json",
        "Accept-Encoding": "gzip, deflate",
        "Authorization": "Sanitized",
        "Content-Length": "247",
        "Content-Type": "application/merge-patch\u002Bjson",
        "User-Agent": "azsdk-python-communication-jobrouter/1.1.0b1 Python/3.11.5 (Windows-10-10.0.22621-SP0)",
        "x-ms-client-request-id": "dcd16b6d-d731-11ee-be9a-cc483a8c86b0",
        "x-ms-content-sha256": "Sanitized",
        "x-ms-date": "Thu, 29 Feb 2024 18:39:25 GMT",
        "x-ms-return-client-request-id": "true"
      },
      "RequestBody": {
        "name": "tst_list_ep_2_async",
        "exceptionRules": [
          {
            "id": "fakeExceptionRuleId",
            "trigger": {
              "kind": "queueLength",
              "threshold": 1
            },
            "actions": [
              {
                "kind": "manualReclassify",
                "queueId": "test_list_exception_policies_tst_q_async",
                "priority": 1
              }
            ]
          }
        ]
      },
      "StatusCode": 200,
      "ResponseHeaders": {
        "api-supported-versions": "2021-04-07-preview1, 2022-07-18-preview, 2023-08-25-preview, 2023-11-01, 2024-01-18-preview",
        "Connection": "keep-alive",
        "Content-Type": "application/json; charset=utf-8",
        "Date": "Thu, 29 Feb 2024 18:39:25 GMT",
        "ETag": "Sanitized",
        "Last-Modified": "Thu, 29 Feb 2024 18:39:25 GMT",
        "Request-Context": "appId=",
        "Strict-Transport-Security": "max-age=31536000;includeSubDomains",
        "trace-id": "364303bf-a3c0-f713-2cc8-1ba0949c9e1b",
        "Transfer-Encoding": "chunked",
        "x-azure-ref": "20240229T183925Z-6kg1vwympt55bf3r6ag9whv6ws00000008300000000082yn",
        "X-Cache": "CONFIG_NOCACHE"
      },
      "ResponseBody": {
        "id": "tst_list_ep_2_async",
        "name": "tst_list_ep_2_async",
        "exceptionRules": [
          {
            "id": "fakeExceptionRuleId",
            "trigger": {
              "kind": "queueLength",
              "threshold": 1
            },
            "actions": [
              {
                "kind": "manualReclassify",
                "queueId": "test_list_exception_policies_tst_q_async",
                "priority": 1,
                "workerSelectors": [],
                "id": "e62c3860-6075-4824-a48a-5a509c53df1b"
              }
            ]
          }
        ],
        "etag": "Sanitized"
      }
    },
    {
      "RequestUri": "https://sanitized.communication.azure.net/routing/exceptionPolicies/tst_list_ep_3_async?api-version=2024-01-18-preview",
      "RequestMethod": "PATCH",
      "RequestHeaders": {
        "Accept": "application/json",
        "Accept-Encoding": "gzip, deflate",
        "Authorization": "Sanitized",
        "Content-Length": "247",
        "Content-Type": "application/merge-patch\u002Bjson",
        "User-Agent": "azsdk-python-communication-jobrouter/1.1.0b1 Python/3.11.5 (Windows-10-10.0.22621-SP0)",
        "x-ms-client-request-id": "dce33c7e-d731-11ee-b4f4-cc483a8c86b0",
        "x-ms-content-sha256": "Sanitized",
        "x-ms-date": "Thu, 29 Feb 2024 18:39:25 GMT",
        "x-ms-return-client-request-id": "true"
      },
      "RequestBody": {
        "name": "tst_list_ep_3_async",
        "exceptionRules": [
          {
            "id": "fakeExceptionRuleId",
            "trigger": {
              "kind": "queueLength",
              "threshold": 1
            },
            "actions": [
              {
                "kind": "manualReclassify",
                "queueId": "test_list_exception_policies_tst_q_async",
                "priority": 1
              }
            ]
          }
        ]
      },
      "StatusCode": 200,
      "ResponseHeaders": {
        "api-supported-versions": "2021-04-07-preview1, 2022-07-18-preview, 2023-08-25-preview, 2023-11-01, 2024-01-18-preview",
        "Connection": "keep-alive",
        "Content-Type": "application/json; charset=utf-8",
        "Date": "Thu, 29 Feb 2024 18:39:26 GMT",
        "ETag": "Sanitized",
        "Last-Modified": "Thu, 29 Feb 2024 18:39:26 GMT",
        "Request-Context": "appId=",
        "Strict-Transport-Security": "max-age=31536000;includeSubDomains",
        "trace-id": "6ac06a86-3017-90bc-5b84-57c6eca43f4c",
        "Transfer-Encoding": "chunked",
        "x-azure-ref": "20240229T183925Z-6kg1vwympt55bf3r6ag9whv6ws00000008300000000082ys",
        "X-Cache": "CONFIG_NOCACHE"
      },
      "ResponseBody": {
        "id": "tst_list_ep_3_async",
        "name": "tst_list_ep_3_async",
        "exceptionRules": [
          {
            "id": "fakeExceptionRuleId",
            "trigger": {
              "kind": "queueLength",
              "threshold": 1
            },
            "actions": [
              {
                "kind": "manualReclassify",
                "queueId": "test_list_exception_policies_tst_q_async",
                "priority": 1,
                "workerSelectors": [],
                "id": "1230453d-b2b6-409a-8095-68badb189029"
              }
            ]
          }
        ],
        "etag": "Sanitized"
      }
    },
    {
      "RequestUri": "https://sanitized.communication.azure.net/routing/exceptionPolicies?api-version=2024-01-18-preview\u0026maxpagesize=2",
      "RequestMethod": "GET",
      "RequestHeaders": {
        "Accept": "application/json",
        "Accept-Encoding": "gzip, deflate",
        "Authorization": "Sanitized",
        "Content-Length": "0",
        "User-Agent": "azsdk-python-communication-jobrouter/1.1.0b1 Python/3.11.5 (Windows-10-10.0.22621-SP0)",
        "x-ms-client-request-id": "dcf393b6-d731-11ee-b676-cc483a8c86b0",
        "x-ms-content-sha256": "Sanitized",
        "x-ms-date": "Thu, 29 Feb 2024 18:39:25 GMT",
        "x-ms-return-client-request-id": "true"
      },
      "RequestBody": null,
      "StatusCode": 200,
      "ResponseHeaders": {
        "api-supported-versions": "2021-04-07-preview1, 2022-07-18-preview, 2023-08-25-preview, 2023-11-01, 2024-01-18-preview",
        "Connection": "keep-alive",
        "Content-Type": "application/json; charset=utf-8",
        "Date": "Thu, 29 Feb 2024 18:39:26 GMT",
        "Request-Context": "appId=",
        "Strict-Transport-Security": "max-age=31536000;includeSubDomains",
        "trace-id": "2e967433-bc19-afa8-da4e-96f6c46a7285",
        "Transfer-Encoding": "chunked",
        "x-azure-ref": "20240229T183926Z-6kg1vwympt55bf3r6ag9whv6ws00000008300000000082yu",
        "X-Cache": "CONFIG_NOCACHE"
      },
      "ResponseBody": {
        "value": [
          {
            "id": "tst_list_ep_3_async",
            "name": "tst_list_ep_3_async",
            "exceptionRules": [
              {
                "id": "fakeExceptionRuleId",
                "trigger": {
                  "kind": "queueLength",
                  "threshold": 1
                },
                "actions": [
                  {
                    "kind": "manualReclassify",
                    "queueId": "test_list_exception_policies_tst_q_async",
                    "priority": 1,
                    "workerSelectors": [],
                    "id": "1230453d-b2b6-409a-8095-68badb189029"
                  }
                ]
              }
            ],
            "etag": "Sanitized"
          },
          {
            "id": "tst_list_ep_2_async",
            "name": "tst_list_ep_2_async",
            "exceptionRules": [
              {
                "id": "fakeExceptionRuleId",
                "trigger": {
                  "kind": "queueLength",
                  "threshold": 1
                },
                "actions": [
                  {
                    "kind": "manualReclassify",
                    "queueId": "test_list_exception_policies_tst_q_async",
                    "priority": 1,
                    "workerSelectors": [],
                    "id": "e62c3860-6075-4824-a48a-5a509c53df1b"
                  }
                ]
              }
            ],
            "etag": "Sanitized"
          }
        ],
        "nextLink": "/routing/exceptionPolicies?continuationToken=Y29udGludWF0aW9uVG9rZW49VzNzaWRHOXJaVzRpT2lJclVrbEVPbjVYT1c5V1FVOWtWa2xzUTFWQ1VVRkJRVUZCUVVGQlBUMGpVbFE2TVNOVVVrTTZNaU5TVkVRNlFVRTlQU05KVTFZNk1pTkpSVTg2TmpVMU5qY2pVVU5HT2pnalJsQkRPa0ZuUlVGQlFVRkhRVTV4UlhOUlFUUkJRVDA5SWl3aWNtRnVaMlVpT25zaWJXbHVJam9pSWl3aWJXRjRJam9pUmtZaWZYMWQmbWF4cGFnZXNpemU9Mg%3D%3D"
      }
    },
    {
      "RequestUri": "https://sanitized.communication.azure.net/routing/exceptionPolicies?continuationToken=Y29udGludWF0aW9uVG9rZW49VzNzaWRHOXJaVzRpT2lJclVrbEVPbjVYT1c5V1FVOWtWa2xzUTFWQ1VVRkJRVUZCUVVGQlBUMGpVbFE2TVNOVVVrTTZNaU5TVkVRNlFVRTlQU05KVTFZNk1pTkpSVTg2TmpVMU5qY2pVVU5HT2pnalJsQkRPa0ZuUlVGQlFVRkhRVTV4UlhOUlFUUkJRVDA5SWl3aWNtRnVaMlVpT25zaWJXbHVJam9pSWl3aWJXRjRJam9pUmtZaWZYMWQmbWF4cGFnZXNpemU9Mg%3D%3D\u0026api-version=2024-01-18-preview",
      "RequestMethod": "GET",
      "RequestHeaders": {
        "Accept": "*/*",
        "Accept-Encoding": "gzip, deflate",
        "Authorization": "Sanitized",
        "Content-Length": "0",
        "User-Agent": "azsdk-python-communication-jobrouter/1.1.0b1 Python/3.11.5 (Windows-10-10.0.22621-SP0)",
        "x-ms-client-request-id": "dcfae9fa-d731-11ee-9661-cc483a8c86b0",
        "x-ms-content-sha256": "Sanitized",
        "x-ms-date": "Thu, 29 Feb 2024 18:39:25 GMT",
        "x-ms-return-client-request-id": "true"
      },
      "RequestBody": null,
      "StatusCode": 200,
      "ResponseHeaders": {
        "api-supported-versions": "2021-04-07-preview1, 2022-07-18-preview, 2023-08-25-preview, 2023-11-01, 2024-01-18-preview",
        "Connection": "keep-alive",
        "Content-Type": "application/json; charset=utf-8",
        "Date": "Thu, 29 Feb 2024 18:39:26 GMT",
        "Request-Context": "appId=",
        "Strict-Transport-Security": "max-age=31536000;includeSubDomains",
        "trace-id": "6e6912fa-a0ee-cb34-64b9-75ad00a34005",
        "Transfer-Encoding": "chunked",
        "x-azure-ref": "20240229T183926Z-6kg1vwympt55bf3r6ag9whv6ws00000008300000000082yx",
        "X-Cache": "CONFIG_NOCACHE"
      },
      "ResponseBody": {
        "value": [
          {
            "id": "tst_list_ep_1_async",
            "name": "tst_list_ep_1_async",
            "exceptionRules": [
              {
                "id": "fakeExceptionRuleId",
                "trigger": {
                  "kind": "queueLength",
                  "threshold": 1
                },
                "actions": [
                  {
                    "kind": "manualReclassify",
                    "queueId": "test_list_exception_policies_tst_q_async",
                    "priority": 1,
                    "workerSelectors": [],
                    "id": "e9d752e3-d9c0-49ce-8673-eaf053518814"
                  }
                ]
              }
            ],
            "etag": "Sanitized"
          },
          {
            "id": "20E6039551511DFB480874F073652C69DDA55541A927BD2BC8",
            "name": "20E6039551511DFB480874F073652C69DDA55541A927BD2BC8-ExceptionPolicyName",
            "exceptionRules": [],
            "etag": "Sanitized"
          }
        ]
      }
    },
    {
      "RequestUri": "https://sanitized.communication.azure.net/routing/exceptionPolicies/tst_list_ep_1_async?api-version=2024-01-18-preview",
      "RequestMethod": "PATCH",
      "RequestHeaders": {
        "Accept": "application/json",
        "Accept-Encoding": "gzip, deflate",
        "Authorization": "Sanitized",
        "Content-Length": "242",
        "Content-Type": "application/merge-patch\u002Bjson",
        "User-Agent": "azsdk-python-communication-jobrouter/1.1.0b1 Python/3.11.5 (Windows-10-10.0.22621-SP0)",
        "x-ms-client-request-id": "dd04fee8-d731-11ee-94c0-cc483a8c86b0",
        "x-ms-content-sha256": "Sanitized",
        "x-ms-date": "Thu, 29 Feb 2024 18:39:25 GMT",
        "x-ms-return-client-request-id": "true"
      },
      "RequestBody": {
        "name": "tst_list_ep_1_async",
        "exceptionRules": [
          {
            "id": "fakeExceptionRuleId",
            "trigger": {
              "kind": "queueLength",
              "threshold": 1
            },
            "actions": [
              {
                "kind": "reclassify",
                "classificationPolicyId": "test_list_exception_policies_tst_cp_async"
              }
            ]
          }
        ]
      },
      "StatusCode": 200,
      "ResponseHeaders": {
        "api-supported-versions": "2021-04-07-preview1, 2022-07-18-preview, 2023-08-25-preview, 2023-11-01, 2024-01-18-preview",
        "Connection": "keep-alive",
        "Content-Type": "application/json; charset=utf-8",
        "Date": "Thu, 29 Feb 2024 18:39:26 GMT",
        "ETag": "Sanitized",
        "Last-Modified": "Thu, 29 Feb 2024 18:39:26 GMT",
        "Request-Context": "appId=",
        "Strict-Transport-Security": "max-age=31536000;includeSubDomains",
        "trace-id": "11b33959-dcf2-5fb7-2698-395204a062e3",
        "Transfer-Encoding": "chunked",
        "x-azure-ref": "20240229T183926Z-6kg1vwympt55bf3r6ag9whv6ws00000008300000000082z1",
        "X-Cache": "CONFIG_NOCACHE"
      },
      "ResponseBody": {
        "id": "tst_list_ep_1_async",
        "name": "tst_list_ep_1_async",
        "exceptionRules": [
          {
            "id": "fakeExceptionRuleId",
            "trigger": {
              "kind": "queueLength",
              "threshold": 1
            },
            "actions": [
              {
                "kind": "reclassify",
                "classificationPolicyId": "test_list_exception_policies_tst_cp_async",
                "labelsToUpsert": {},
                "id": "ec20f035-5286-4bc7-ae0a-c4fc57afc481"
              }
            ]
          }
        ],
        "etag": "Sanitized"
      }
    },
    {
      "RequestUri": "https://sanitized.communication.azure.net/routing/exceptionPolicies/tst_list_ep_2_async?api-version=2024-01-18-preview",
      "RequestMethod": "PATCH",
      "RequestHeaders": {
        "Accept": "application/json",
        "Accept-Encoding": "gzip, deflate",
        "Authorization": "Sanitized",
        "Content-Length": "242",
        "Content-Type": "application/merge-patch\u002Bjson",
        "User-Agent": "azsdk-python-communication-jobrouter/1.1.0b1 Python/3.11.5 (Windows-10-10.0.22621-SP0)",
        "x-ms-client-request-id": "dd144a65-d731-11ee-af9a-cc483a8c86b0",
        "x-ms-content-sha256": "Sanitized",
        "x-ms-date": "Thu, 29 Feb 2024 18:39:25 GMT",
        "x-ms-return-client-request-id": "true"
      },
      "RequestBody": {
        "name": "tst_list_ep_2_async",
        "exceptionRules": [
          {
            "id": "fakeExceptionRuleId",
            "trigger": {
              "kind": "queueLength",
              "threshold": 1
            },
            "actions": [
              {
                "kind": "reclassify",
                "classificationPolicyId": "test_list_exception_policies_tst_cp_async"
              }
            ]
          }
        ]
      },
      "StatusCode": 200,
      "ResponseHeaders": {
        "api-supported-versions": "2021-04-07-preview1, 2022-07-18-preview, 2023-08-25-preview, 2023-11-01, 2024-01-18-preview",
        "Connection": "keep-alive",
        "Content-Type": "application/json; charset=utf-8",
        "Date": "Thu, 29 Feb 2024 18:39:26 GMT",
        "ETag": "Sanitized",
        "Last-Modified": "Thu, 29 Feb 2024 18:39:26 GMT",
        "Request-Context": "appId=",
        "Strict-Transport-Security": "max-age=31536000;includeSubDomains",
        "trace-id": "afe86c9d-d563-cf5c-c53e-35dbef760e38",
        "Transfer-Encoding": "chunked",
        "x-azure-ref": "20240229T183926Z-6kg1vwympt55bf3r6ag9whv6ws00000008300000000082z5",
        "X-Cache": "CONFIG_NOCACHE"
      },
      "ResponseBody": {
        "id": "tst_list_ep_2_async",
        "name": "tst_list_ep_2_async",
        "exceptionRules": [
          {
            "id": "fakeExceptionRuleId",
            "trigger": {
              "kind": "queueLength",
              "threshold": 1
            },
            "actions": [
              {
                "kind": "reclassify",
                "classificationPolicyId": "test_list_exception_policies_tst_cp_async",
                "labelsToUpsert": {},
                "id": "3845ee1d-2e80-45ad-a6d0-e37530e1849e"
              }
            ]
          }
        ],
        "etag": "Sanitized"
      }
    },
    {
      "RequestUri": "https://sanitized.communication.azure.net/routing/exceptionPolicies/tst_list_ep_3_async?api-version=2024-01-18-preview",
      "RequestMethod": "PATCH",
      "RequestHeaders": {
        "Accept": "application/json",
        "Accept-Encoding": "gzip, deflate",
        "Authorization": "Sanitized",
        "Content-Length": "242",
        "Content-Type": "application/merge-patch\u002Bjson",
        "User-Agent": "azsdk-python-communication-jobrouter/1.1.0b1 Python/3.11.5 (Windows-10-10.0.22621-SP0)",
        "x-ms-client-request-id": "dd255b27-d731-11ee-9ebe-cc483a8c86b0",
        "x-ms-content-sha256": "Sanitized",
        "x-ms-date": "Thu, 29 Feb 2024 18:39:25 GMT",
        "x-ms-return-client-request-id": "true"
      },
      "RequestBody": {
        "name": "tst_list_ep_3_async",
        "exceptionRules": [
          {
            "id": "fakeExceptionRuleId",
            "trigger": {
              "kind": "queueLength",
              "threshold": 1
            },
            "actions": [
              {
                "kind": "reclassify",
                "classificationPolicyId": "test_list_exception_policies_tst_cp_async"
              }
            ]
          }
        ]
      },
      "StatusCode": 200,
      "ResponseHeaders": {
        "api-supported-versions": "2021-04-07-preview1, 2022-07-18-preview, 2023-08-25-preview, 2023-11-01, 2024-01-18-preview",
        "Connection": "keep-alive",
        "Content-Type": "application/json; charset=utf-8",
        "Date": "Thu, 29 Feb 2024 18:39:26 GMT",
        "ETag": "Sanitized",
        "Last-Modified": "Thu, 29 Feb 2024 18:39:26 GMT",
        "Request-Context": "appId=",
        "Strict-Transport-Security": "max-age=31536000;includeSubDomains",
        "trace-id": "bdc37b36-dd2b-7d88-f103-66935335b15d",
        "Transfer-Encoding": "chunked",
        "x-azure-ref": "20240229T183926Z-6kg1vwympt55bf3r6ag9whv6ws00000008300000000082z9",
        "X-Cache": "CONFIG_NOCACHE"
      },
      "ResponseBody": {
        "id": "tst_list_ep_3_async",
        "name": "tst_list_ep_3_async",
        "exceptionRules": [
          {
            "id": "fakeExceptionRuleId",
            "trigger": {
              "kind": "queueLength",
              "threshold": 1
            },
            "actions": [
              {
                "kind": "reclassify",
                "classificationPolicyId": "test_list_exception_policies_tst_cp_async",
                "labelsToUpsert": {},
                "id": "4df8e227-481f-4d17-992b-358dbc3c069e"
              }
            ]
          }
        ],
        "etag": "Sanitized"
      }
    },
    {
      "RequestUri": "https://sanitized.communication.azure.net/routing/exceptionPolicies?api-version=2024-01-18-preview\u0026maxpagesize=2",
      "RequestMethod": "GET",
      "RequestHeaders": {
        "Accept": "application/json",
        "Accept-Encoding": "gzip, deflate",
        "Authorization": "Sanitized",
        "Content-Length": "0",
        "User-Agent": "azsdk-python-communication-jobrouter/1.1.0b1 Python/3.11.5 (Windows-10-10.0.22621-SP0)",
        "x-ms-client-request-id": "dd349674-d731-11ee-84ac-cc483a8c86b0",
        "x-ms-content-sha256": "Sanitized",
        "x-ms-date": "Thu, 29 Feb 2024 18:39:25 GMT",
        "x-ms-return-client-request-id": "true"
      },
      "RequestBody": null,
      "StatusCode": 200,
      "ResponseHeaders": {
        "api-supported-versions": "2021-04-07-preview1, 2022-07-18-preview, 2023-08-25-preview, 2023-11-01, 2024-01-18-preview",
        "Connection": "keep-alive",
        "Content-Type": "application/json; charset=utf-8",
        "Date": "Thu, 29 Feb 2024 18:39:26 GMT",
        "Request-Context": "appId=",
        "Strict-Transport-Security": "max-age=31536000;includeSubDomains",
        "trace-id": "829c2723-f8c8-c1e0-02f0-db78d627910d",
        "Transfer-Encoding": "chunked",
        "x-azure-ref": "20240229T183926Z-6kg1vwympt55bf3r6ag9whv6ws00000008300000000082zb",
        "X-Cache": "CONFIG_NOCACHE"
      },
      "ResponseBody": {
        "value": [
          {
            "id": "tst_list_ep_3_async",
            "name": "tst_list_ep_3_async",
            "exceptionRules": [
              {
                "id": "fakeExceptionRuleId",
                "trigger": {
                  "kind": "queueLength",
                  "threshold": 1
                },
                "actions": [
                  {
                    "kind": "reclassify",
                    "classificationPolicyId": "test_list_exception_policies_tst_cp_async",
                    "labelsToUpsert": {},
                    "id": "4df8e227-481f-4d17-992b-358dbc3c069e"
                  }
                ]
              }
            ],
            "etag": "Sanitized"
          },
          {
            "id": "tst_list_ep_2_async",
            "name": "tst_list_ep_2_async",
            "exceptionRules": [
              {
                "id": "fakeExceptionRuleId",
                "trigger": {
                  "kind": "queueLength",
                  "threshold": 1
                },
                "actions": [
                  {
                    "kind": "reclassify",
                    "classificationPolicyId": "test_list_exception_policies_tst_cp_async",
                    "labelsToUpsert": {},
                    "id": "3845ee1d-2e80-45ad-a6d0-e37530e1849e"
                  }
                ]
              }
            ],
            "etag": "Sanitized"
          }
        ],
        "nextLink": "/routing/exceptionPolicies?continuationToken=Y29udGludWF0aW9uVG9rZW49VzNzaWRHOXJaVzRpT2lJclVrbEVPbjVYT1c5V1FVOWtWa2xzUTFWQ1VVRkJRVUZCUVVGQlBUMGpVbFE2TVNOVVVrTTZNaU5TVkVRNlFVRTlQU05KVTFZNk1pTkpSVTg2TmpVMU5qY2pVVU5HT2pnalJsQkRPa0ZuUlVGQlFVRkhRVTV4UlhOUlFUUkJRVDA5SWl3aWNtRnVaMlVpT25zaWJXbHVJam9pSWl3aWJXRjRJam9pUmtZaWZYMWQmbWF4cGFnZXNpemU9Mg%3D%3D"
      }
    },
    {
      "RequestUri": "https://sanitized.communication.azure.net/routing/exceptionPolicies?continuationToken=Y29udGludWF0aW9uVG9rZW49VzNzaWRHOXJaVzRpT2lJclVrbEVPbjVYT1c5V1FVOWtWa2xzUTFWQ1VVRkJRVUZCUVVGQlBUMGpVbFE2TVNOVVVrTTZNaU5TVkVRNlFVRTlQU05KVTFZNk1pTkpSVTg2TmpVMU5qY2pVVU5HT2pnalJsQkRPa0ZuUlVGQlFVRkhRVTV4UlhOUlFUUkJRVDA5SWl3aWNtRnVaMlVpT25zaWJXbHVJam9pSWl3aWJXRjRJam9pUmtZaWZYMWQmbWF4cGFnZXNpemU9Mg%3D%3D\u0026api-version=2024-01-18-preview",
      "RequestMethod": "GET",
      "RequestHeaders": {
        "Accept": "*/*",
        "Accept-Encoding": "gzip, deflate",
        "Authorization": "Sanitized",
        "Content-Length": "0",
        "User-Agent": "azsdk-python-communication-jobrouter/1.1.0b1 Python/3.11.5 (Windows-10-10.0.22621-SP0)",
        "x-ms-client-request-id": "dd3c3eb6-d731-11ee-80c0-cc483a8c86b0",
        "x-ms-content-sha256": "Sanitized",
        "x-ms-date": "Thu, 29 Feb 2024 18:39:26 GMT",
        "x-ms-return-client-request-id": "true"
      },
      "RequestBody": null,
      "StatusCode": 200,
      "ResponseHeaders": {
        "api-supported-versions": "2021-04-07-preview1, 2022-07-18-preview, 2023-08-25-preview, 2023-11-01, 2024-01-18-preview",
        "Connection": "keep-alive",
        "Content-Type": "application/json; charset=utf-8",
        "Date": "Thu, 29 Feb 2024 18:39:26 GMT",
        "Request-Context": "appId=",
        "Strict-Transport-Security": "max-age=31536000;includeSubDomains",
        "trace-id": "93b6dd9f-3cab-8f94-5e91-55590a715704",
        "Transfer-Encoding": "chunked",
        "x-azure-ref": "20240229T183926Z-6kg1vwympt55bf3r6ag9whv6ws00000008300000000082zc",
        "X-Cache": "CONFIG_NOCACHE"
      },
      "ResponseBody": {
        "value": [
          {
            "id": "tst_list_ep_1_async",
            "name": "tst_list_ep_1_async",
            "exceptionRules": [
              {
                "id": "fakeExceptionRuleId",
                "trigger": {
                  "kind": "queueLength",
                  "threshold": 1
                },
                "actions": [
                  {
                    "kind": "reclassify",
                    "classificationPolicyId": "test_list_exception_policies_tst_cp_async",
                    "labelsToUpsert": {},
                    "id": "ec20f035-5286-4bc7-ae0a-c4fc57afc481"
                  }
                ]
              }
            ],
            "etag": "Sanitized"
          },
          {
            "id": "20E6039551511DFB480874F073652C69DDA55541A927BD2BC8",
            "name": "20E6039551511DFB480874F073652C69DDA55541A927BD2BC8-ExceptionPolicyName",
            "exceptionRules": [],
            "etag": "Sanitized"
          }
        ]
      }
    },
    {
      "RequestUri": "https://sanitized.communication.azure.net/routing/exceptionPolicies/tst_list_ep_1_async?api-version=2024-01-18-preview",
      "RequestMethod": "PATCH",
      "RequestHeaders": {
        "Accept": "application/json",
        "Accept-Encoding": "gzip, deflate",
        "Authorization": "Sanitized",
        "Content-Length": "174",
        "Content-Type": "application/merge-patch\u002Bjson",
        "User-Agent": "azsdk-python-communication-jobrouter/1.1.0b1 Python/3.11.5 (Windows-10-10.0.22621-SP0)",
        "x-ms-client-request-id": "dd4685ec-d731-11ee-aefa-cc483a8c86b0",
        "x-ms-content-sha256": "Sanitized",
        "x-ms-date": "Thu, 29 Feb 2024 18:39:26 GMT",
        "x-ms-return-client-request-id": "true"
      },
      "RequestBody": {
        "name": "tst_list_ep_1_async",
        "exceptionRules": [
          {
            "id": "fakeExceptionRuleId",
            "trigger": {
              "kind": "waitTime",
              "thresholdSeconds": 3600
            },
            "actions": [
              {
                "kind": "cancel"
              }
            ]
          }
        ]
      },
      "StatusCode": 200,
      "ResponseHeaders": {
        "api-supported-versions": "2021-04-07-preview1, 2022-07-18-preview, 2023-08-25-preview, 2023-11-01, 2024-01-18-preview",
        "Connection": "keep-alive",
        "Content-Type": "application/json; charset=utf-8",
        "Date": "Thu, 29 Feb 2024 18:39:26 GMT",
        "ETag": "Sanitized",
        "Last-Modified": "Thu, 29 Feb 2024 18:39:26 GMT",
        "Request-Context": "appId=",
        "Strict-Transport-Security": "max-age=31536000;includeSubDomains",
        "trace-id": "1e7de75d-8e22-0033-2f94-217de22e5199",
        "Transfer-Encoding": "chunked",
        "x-azure-ref": "20240229T183926Z-6kg1vwympt55bf3r6ag9whv6ws00000008300000000082zd",
        "X-Cache": "CONFIG_NOCACHE"
      },
      "ResponseBody": {
        "id": "tst_list_ep_1_async",
        "name": "tst_list_ep_1_async",
        "exceptionRules": [
          {
            "id": "fakeExceptionRuleId",
            "trigger": {
              "kind": "waitTime",
              "thresholdSeconds": 3600
            },
            "actions": [
              {
                "kind": "cancel",
                "id": "caa45e13-3598-48e5-acec-1fdacba83532"
              }
            ]
          }
        ],
        "etag": "Sanitized"
      }
    },
    {
      "RequestUri": "https://sanitized.communication.azure.net/routing/exceptionPolicies/tst_list_ep_2_async?api-version=2024-01-18-preview",
      "RequestMethod": "PATCH",
      "RequestHeaders": {
        "Accept": "application/json",
        "Accept-Encoding": "gzip, deflate",
        "Authorization": "Sanitized",
        "Content-Length": "174",
        "Content-Type": "application/merge-patch\u002Bjson",
        "User-Agent": "azsdk-python-communication-jobrouter/1.1.0b1 Python/3.11.5 (Windows-10-10.0.22621-SP0)",
        "x-ms-client-request-id": "dd566604-d731-11ee-9472-cc483a8c86b0",
        "x-ms-content-sha256": "Sanitized",
        "x-ms-date": "Thu, 29 Feb 2024 18:39:26 GMT",
        "x-ms-return-client-request-id": "true"
      },
      "RequestBody": {
        "name": "tst_list_ep_2_async",
        "exceptionRules": [
          {
            "id": "fakeExceptionRuleId",
            "trigger": {
              "kind": "waitTime",
              "thresholdSeconds": 3600
            },
            "actions": [
              {
                "kind": "cancel"
              }
            ]
          }
        ]
      },
      "StatusCode": 200,
      "ResponseHeaders": {
        "api-supported-versions": "2021-04-07-preview1, 2022-07-18-preview, 2023-08-25-preview, 2023-11-01, 2024-01-18-preview",
        "Connection": "keep-alive",
        "Content-Type": "application/json; charset=utf-8",
        "Date": "Thu, 29 Feb 2024 18:39:26 GMT",
        "ETag": "Sanitized",
        "Last-Modified": "Thu, 29 Feb 2024 18:39:26 GMT",
        "Request-Context": "appId=",
        "Strict-Transport-Security": "max-age=31536000;includeSubDomains",
        "trace-id": "78e6e625-d5f4-21d3-216b-c96379997a8a",
        "Transfer-Encoding": "chunked",
        "x-azure-ref": "20240229T183926Z-6kg1vwympt55bf3r6ag9whv6ws00000008300000000082zh",
        "X-Cache": "CONFIG_NOCACHE"
      },
      "ResponseBody": {
        "id": "tst_list_ep_2_async",
        "name": "tst_list_ep_2_async",
        "exceptionRules": [
          {
            "id": "fakeExceptionRuleId",
            "trigger": {
              "kind": "waitTime",
              "thresholdSeconds": 3600
            },
            "actions": [
              {
                "kind": "cancel",
                "id": "b5c041cc-dbe6-44a0-9b78-a3615694c9b1"
              }
            ]
          }
        ],
        "etag": "Sanitized"
      }
    },
    {
      "RequestUri": "https://sanitized.communication.azure.net/routing/exceptionPolicies/tst_list_ep_3_async?api-version=2024-01-18-preview",
      "RequestMethod": "PATCH",
      "RequestHeaders": {
        "Accept": "application/json",
        "Accept-Encoding": "gzip, deflate",
        "Authorization": "Sanitized",
        "Content-Length": "174",
        "Content-Type": "application/merge-patch\u002Bjson",
        "User-Agent": "azsdk-python-communication-jobrouter/1.1.0b1 Python/3.11.5 (Windows-10-10.0.22621-SP0)",
        "x-ms-client-request-id": "dd64e0cb-d731-11ee-957c-cc483a8c86b0",
        "x-ms-content-sha256": "Sanitized",
        "x-ms-date": "Thu, 29 Feb 2024 18:39:26 GMT",
        "x-ms-return-client-request-id": "true"
      },
      "RequestBody": {
        "name": "tst_list_ep_3_async",
        "exceptionRules": [
          {
            "id": "fakeExceptionRuleId",
            "trigger": {
              "kind": "waitTime",
              "thresholdSeconds": 3600
            },
            "actions": [
              {
                "kind": "cancel"
              }
            ]
          }
        ]
      },
      "StatusCode": 200,
      "ResponseHeaders": {
        "api-supported-versions": "2021-04-07-preview1, 2022-07-18-preview, 2023-08-25-preview, 2023-11-01, 2024-01-18-preview",
        "Connection": "keep-alive",
        "Content-Type": "application/json; charset=utf-8",
        "Date": "Thu, 29 Feb 2024 18:39:26 GMT",
        "ETag": "Sanitized",
        "Last-Modified": "Thu, 29 Feb 2024 18:39:26 GMT",
        "Request-Context": "appId=",
        "Strict-Transport-Security": "max-age=31536000;includeSubDomains",
        "trace-id": "443b519e-a11b-dd04-978c-a71565ac4d22",
        "Transfer-Encoding": "chunked",
        "x-azure-ref": "20240229T183926Z-6kg1vwympt55bf3r6ag9whv6ws00000008300000000082zq",
        "X-Cache": "CONFIG_NOCACHE"
      },
      "ResponseBody": {
        "id": "tst_list_ep_3_async",
        "name": "tst_list_ep_3_async",
        "exceptionRules": [
          {
            "id": "fakeExceptionRuleId",
            "trigger": {
              "kind": "waitTime",
              "thresholdSeconds": 3600
            },
            "actions": [
              {
                "kind": "cancel",
                "id": "65ae82e6-b6ad-4877-bdb8-e6e5e188a91e"
              }
            ]
          }
        ],
        "etag": "Sanitized"
      }
    },
    {
      "RequestUri": "https://sanitized.communication.azure.net/routing/exceptionPolicies?api-version=2024-01-18-preview\u0026maxpagesize=2",
      "RequestMethod": "GET",
      "RequestHeaders": {
        "Accept": "application/json",
        "Accept-Encoding": "gzip, deflate",
        "Authorization": "Sanitized",
        "Content-Length": "0",
        "User-Agent": "azsdk-python-communication-jobrouter/1.1.0b1 Python/3.11.5 (Windows-10-10.0.22621-SP0)",
        "x-ms-client-request-id": "dd754c95-d731-11ee-b7af-cc483a8c86b0",
        "x-ms-content-sha256": "Sanitized",
        "x-ms-date": "Thu, 29 Feb 2024 18:39:26 GMT",
        "x-ms-return-client-request-id": "true"
      },
      "RequestBody": null,
      "StatusCode": 200,
      "ResponseHeaders": {
        "api-supported-versions": "2021-04-07-preview1, 2022-07-18-preview, 2023-08-25-preview, 2023-11-01, 2024-01-18-preview",
        "Connection": "keep-alive",
        "Content-Type": "application/json; charset=utf-8",
        "Date": "Thu, 29 Feb 2024 18:39:26 GMT",
        "Request-Context": "appId=",
        "Strict-Transport-Security": "max-age=31536000;includeSubDomains",
        "trace-id": "8e749abb-9b6e-ec64-44f7-0113ced4fdf5",
        "Transfer-Encoding": "chunked",
        "x-azure-ref": "20240229T183926Z-6kg1vwympt55bf3r6ag9whv6ws00000008300000000082zr",
        "X-Cache": "CONFIG_NOCACHE"
      },
      "ResponseBody": {
        "value": [
          {
            "id": "tst_list_ep_3_async",
            "name": "tst_list_ep_3_async",
            "exceptionRules": [
              {
                "id": "fakeExceptionRuleId",
                "trigger": {
                  "kind": "waitTime",
                  "thresholdSeconds": 3600
                },
                "actions": [
                  {
                    "kind": "cancel",
                    "id": "65ae82e6-b6ad-4877-bdb8-e6e5e188a91e"
                  }
                ]
              }
            ],
            "etag": "Sanitized"
          },
          {
            "id": "tst_list_ep_2_async",
            "name": "tst_list_ep_2_async",
            "exceptionRules": [
              {
                "id": "fakeExceptionRuleId",
                "trigger": {
                  "kind": "waitTime",
                  "thresholdSeconds": 3600
                },
                "actions": [
                  {
                    "kind": "cancel",
                    "id": "b5c041cc-dbe6-44a0-9b78-a3615694c9b1"
                  }
                ]
              }
            ],
            "etag": "Sanitized"
          }
        ],
        "nextLink": "/routing/exceptionPolicies?continuationToken=Y29udGludWF0aW9uVG9rZW49VzNzaWRHOXJaVzRpT2lJclVrbEVPbjVYT1c5V1FVOWtWa2xzUTFWQ1VVRkJRVUZCUVVGQlBUMGpVbFE2TVNOVVVrTTZNaU5TVkVRNlFVRTlQU05KVTFZNk1pTkpSVTg2TmpVMU5qY2pVVU5HT2pnalJsQkRPa0ZuUlVGQlFVRkhRVTV4UlhOUlFUUkJRVDA5SWl3aWNtRnVaMlVpT25zaWJXbHVJam9pSWl3aWJXRjRJam9pUmtZaWZYMWQmbWF4cGFnZXNpemU9Mg%3D%3D"
      }
    },
    {
      "RequestUri": "https://sanitized.communication.azure.net/routing/exceptionPolicies?continuationToken=Y29udGludWF0aW9uVG9rZW49VzNzaWRHOXJaVzRpT2lJclVrbEVPbjVYT1c5V1FVOWtWa2xzUTFWQ1VVRkJRVUZCUVVGQlBUMGpVbFE2TVNOVVVrTTZNaU5TVkVRNlFVRTlQU05KVTFZNk1pTkpSVTg2TmpVMU5qY2pVVU5HT2pnalJsQkRPa0ZuUlVGQlFVRkhRVTV4UlhOUlFUUkJRVDA5SWl3aWNtRnVaMlVpT25zaWJXbHVJam9pSWl3aWJXRjRJam9pUmtZaWZYMWQmbWF4cGFnZXNpemU9Mg%3D%3D\u0026api-version=2024-01-18-preview",
      "RequestMethod": "GET",
      "RequestHeaders": {
        "Accept": "*/*",
        "Accept-Encoding": "gzip, deflate",
        "Authorization": "Sanitized",
        "Content-Length": "0",
        "User-Agent": "azsdk-python-communication-jobrouter/1.1.0b1 Python/3.11.5 (Windows-10-10.0.22621-SP0)",
        "x-ms-client-request-id": "dd7f4e14-d731-11ee-9112-cc483a8c86b0",
        "x-ms-content-sha256": "Sanitized",
        "x-ms-date": "Thu, 29 Feb 2024 18:39:26 GMT",
        "x-ms-return-client-request-id": "true"
      },
      "RequestBody": null,
      "StatusCode": 200,
      "ResponseHeaders": {
        "api-supported-versions": "2021-04-07-preview1, 2022-07-18-preview, 2023-08-25-preview, 2023-11-01, 2024-01-18-preview",
        "Connection": "keep-alive",
        "Content-Type": "application/json; charset=utf-8",
        "Date": "Thu, 29 Feb 2024 18:39:27 GMT",
        "Request-Context": "appId=",
        "Strict-Transport-Security": "max-age=31536000;includeSubDomains",
        "trace-id": "d1e6b7c3-dcbc-29ae-a6e7-2000c89e24e9",
        "Transfer-Encoding": "chunked",
        "x-azure-ref": "20240229T183927Z-6kg1vwympt55bf3r6ag9whv6ws00000008300000000082zw",
        "X-Cache": "CONFIG_NOCACHE"
      },
      "ResponseBody": {
        "value": [
          {
            "id": "tst_list_ep_1_async",
            "name": "tst_list_ep_1_async",
            "exceptionRules": [
              {
                "id": "fakeExceptionRuleId",
                "trigger": {
                  "kind": "waitTime",
                  "thresholdSeconds": 3600
                },
                "actions": [
                  {
                    "kind": "cancel",
                    "id": "caa45e13-3598-48e5-acec-1fdacba83532"
                  }
                ]
              }
            ],
            "etag": "Sanitized"
          },
          {
            "id": "20E6039551511DFB480874F073652C69DDA55541A927BD2BC8",
            "name": "20E6039551511DFB480874F073652C69DDA55541A927BD2BC8-ExceptionPolicyName",
            "exceptionRules": [],
            "etag": "Sanitized"
          }
        ]
      }
    },
    {
      "RequestUri": "https://sanitized.communication.azure.net/routing/exceptionPolicies/tst_list_ep_1_async?api-version=2024-01-18-preview",
      "RequestMethod": "PATCH",
      "RequestHeaders": {
        "Accept": "application/json",
        "Accept-Encoding": "gzip, deflate",
        "Authorization": "Sanitized",
        "Content-Length": "254",
        "Content-Type": "application/merge-patch\u002Bjson",
        "User-Agent": "azsdk-python-communication-jobrouter/1.1.0b1 Python/3.11.5 (Windows-10-10.0.22621-SP0)",
        "x-ms-client-request-id": "dd866858-d731-11ee-9c47-cc483a8c86b0",
        "x-ms-content-sha256": "Sanitized",
        "x-ms-date": "Thu, 29 Feb 2024 18:39:26 GMT",
        "x-ms-return-client-request-id": "true"
      },
      "RequestBody": {
        "name": "tst_list_ep_1_async",
        "exceptionRules": [
          {
            "id": "fakeExceptionRuleId",
            "trigger": {
              "kind": "waitTime",
              "thresholdSeconds": 3600
            },
            "actions": [
              {
                "kind": "manualReclassify",
                "queueId": "test_list_exception_policies_tst_q_async",
                "priority": 1
              }
            ]
          }
        ]
      },
      "StatusCode": 200,
      "ResponseHeaders": {
        "api-supported-versions": "2021-04-07-preview1, 2022-07-18-preview, 2023-08-25-preview, 2023-11-01, 2024-01-18-preview",
        "Connection": "keep-alive",
        "Content-Type": "application/json; charset=utf-8",
        "Date": "Thu, 29 Feb 2024 18:39:27 GMT",
        "ETag": "Sanitized",
        "Last-Modified": "Thu, 29 Feb 2024 18:39:27 GMT",
        "Request-Context": "appId=",
        "Strict-Transport-Security": "max-age=31536000;includeSubDomains",
        "trace-id": "63c0fd33-ca43-7049-fcd9-304185369e59",
        "Transfer-Encoding": "chunked",
        "x-azure-ref": "20240229T183927Z-6kg1vwympt55bf3r6ag9whv6ws0000000830000000008300",
        "X-Cache": "CONFIG_NOCACHE"
      },
      "ResponseBody": {
        "id": "tst_list_ep_1_async",
        "name": "tst_list_ep_1_async",
        "exceptionRules": [
          {
            "id": "fakeExceptionRuleId",
            "trigger": {
              "kind": "waitTime",
              "thresholdSeconds": 3600
            },
            "actions": [
              {
                "kind": "manualReclassify",
                "queueId": "test_list_exception_policies_tst_q_async",
                "priority": 1,
                "workerSelectors": [],
                "id": "e6e82c49-e901-47d1-b960-3add164df96b"
              }
            ]
          }
        ],
        "etag": "Sanitized"
      }
    },
    {
      "RequestUri": "https://sanitized.communication.azure.net/routing/exceptionPolicies/tst_list_ep_2_async?api-version=2024-01-18-preview",
      "RequestMethod": "PATCH",
      "RequestHeaders": {
        "Accept": "application/json",
        "Accept-Encoding": "gzip, deflate",
        "Authorization": "Sanitized",
        "Content-Length": "254",
        "Content-Type": "application/merge-patch\u002Bjson",
        "User-Agent": "azsdk-python-communication-jobrouter/1.1.0b1 Python/3.11.5 (Windows-10-10.0.22621-SP0)",
        "x-ms-client-request-id": "dd98ee0f-d731-11ee-bfb2-cc483a8c86b0",
        "x-ms-content-sha256": "Sanitized",
        "x-ms-date": "Thu, 29 Feb 2024 18:39:26 GMT",
        "x-ms-return-client-request-id": "true"
      },
      "RequestBody": {
        "name": "tst_list_ep_2_async",
        "exceptionRules": [
          {
            "id": "fakeExceptionRuleId",
            "trigger": {
              "kind": "waitTime",
              "thresholdSeconds": 3600
            },
            "actions": [
              {
                "kind": "manualReclassify",
                "queueId": "test_list_exception_policies_tst_q_async",
                "priority": 1
              }
            ]
          }
        ]
      },
      "StatusCode": 200,
      "ResponseHeaders": {
        "api-supported-versions": "2021-04-07-preview1, 2022-07-18-preview, 2023-08-25-preview, 2023-11-01, 2024-01-18-preview",
        "Connection": "keep-alive",
        "Content-Type": "application/json; charset=utf-8",
        "Date": "Thu, 29 Feb 2024 18:39:27 GMT",
        "ETag": "Sanitized",
        "Last-Modified": "Thu, 29 Feb 2024 18:39:27 GMT",
        "Request-Context": "appId=",
        "Strict-Transport-Security": "max-age=31536000;includeSubDomains",
        "trace-id": "75558a6b-0e21-0c65-ec47-19e2987966b5",
        "Transfer-Encoding": "chunked",
        "x-azure-ref": "20240229T183927Z-6kg1vwympt55bf3r6ag9whv6ws0000000830000000008301",
        "X-Cache": "CONFIG_NOCACHE"
      },
      "ResponseBody": {
        "id": "tst_list_ep_2_async",
        "name": "tst_list_ep_2_async",
        "exceptionRules": [
          {
            "id": "fakeExceptionRuleId",
            "trigger": {
              "kind": "waitTime",
              "thresholdSeconds": 3600
            },
            "actions": [
              {
                "kind": "manualReclassify",
                "queueId": "test_list_exception_policies_tst_q_async",
                "priority": 1,
                "workerSelectors": [],
                "id": "396e6da8-4c95-4c20-b217-9e1baeebc519"
              }
            ]
          }
        ],
        "etag": "Sanitized"
      }
    },
    {
      "RequestUri": "https://sanitized.communication.azure.net/routing/exceptionPolicies/tst_list_ep_3_async?api-version=2024-01-18-preview",
      "RequestMethod": "PATCH",
      "RequestHeaders": {
        "Accept": "application/json",
        "Accept-Encoding": "gzip, deflate",
        "Authorization": "Sanitized",
        "Content-Length": "254",
        "Content-Type": "application/merge-patch\u002Bjson",
        "User-Agent": "azsdk-python-communication-jobrouter/1.1.0b1 Python/3.11.5 (Windows-10-10.0.22621-SP0)",
        "x-ms-client-request-id": "dda995f0-d731-11ee-b29b-cc483a8c86b0",
        "x-ms-content-sha256": "Sanitized",
        "x-ms-date": "Thu, 29 Feb 2024 18:39:26 GMT",
        "x-ms-return-client-request-id": "true"
      },
      "RequestBody": {
        "name": "tst_list_ep_3_async",
        "exceptionRules": [
          {
            "id": "fakeExceptionRuleId",
            "trigger": {
              "kind": "waitTime",
              "thresholdSeconds": 3600
            },
            "actions": [
              {
                "kind": "manualReclassify",
                "queueId": "test_list_exception_policies_tst_q_async",
                "priority": 1
              }
            ]
          }
        ]
      },
      "StatusCode": 200,
      "ResponseHeaders": {
        "api-supported-versions": "2021-04-07-preview1, 2022-07-18-preview, 2023-08-25-preview, 2023-11-01, 2024-01-18-preview",
        "Connection": "keep-alive",
        "Content-Type": "application/json; charset=utf-8",
        "Date": "Thu, 29 Feb 2024 18:39:27 GMT",
        "ETag": "Sanitized",
        "Last-Modified": "Thu, 29 Feb 2024 18:39:27 GMT",
        "Request-Context": "appId=",
        "Strict-Transport-Security": "max-age=31536000;includeSubDomains",
        "trace-id": "5f90f01e-33c6-c0e0-d20c-898b8fa878b2",
        "Transfer-Encoding": "chunked",
        "x-azure-ref": "20240229T183927Z-6kg1vwympt55bf3r6ag9whv6ws0000000830000000008303",
        "X-Cache": "CONFIG_NOCACHE"
      },
      "ResponseBody": {
        "id": "tst_list_ep_3_async",
        "name": "tst_list_ep_3_async",
        "exceptionRules": [
          {
            "id": "fakeExceptionRuleId",
            "trigger": {
              "kind": "waitTime",
              "thresholdSeconds": 3600
            },
            "actions": [
              {
                "kind": "manualReclassify",
                "queueId": "test_list_exception_policies_tst_q_async",
                "priority": 1,
                "workerSelectors": [],
                "id": "324bc6d1-a550-4ba1-ae73-2b56fc14514c"
              }
            ]
          }
        ],
        "etag": "Sanitized"
      }
    },
    {
      "RequestUri": "https://sanitized.communication.azure.net/routing/exceptionPolicies?api-version=2024-01-18-preview\u0026maxpagesize=2",
      "RequestMethod": "GET",
      "RequestHeaders": {
        "Accept": "application/json",
        "Accept-Encoding": "gzip, deflate",
        "Authorization": "Sanitized",
        "Content-Length": "0",
        "User-Agent": "azsdk-python-communication-jobrouter/1.1.0b1 Python/3.11.5 (Windows-10-10.0.22621-SP0)",
        "x-ms-client-request-id": "ddb9a0ed-d731-11ee-8820-cc483a8c86b0",
        "x-ms-content-sha256": "Sanitized",
        "x-ms-date": "Thu, 29 Feb 2024 18:39:26 GMT",
        "x-ms-return-client-request-id": "true"
      },
      "RequestBody": null,
      "StatusCode": 200,
      "ResponseHeaders": {
        "api-supported-versions": "2021-04-07-preview1, 2022-07-18-preview, 2023-08-25-preview, 2023-11-01, 2024-01-18-preview",
        "Connection": "keep-alive",
        "Content-Type": "application/json; charset=utf-8",
        "Date": "Thu, 29 Feb 2024 18:39:27 GMT",
        "Request-Context": "appId=",
        "Strict-Transport-Security": "max-age=31536000;includeSubDomains",
        "trace-id": "2176de44-6e3d-08c3-5952-52a26799646a",
        "Transfer-Encoding": "chunked",
        "x-azure-ref": "20240229T183927Z-6kg1vwympt55bf3r6ag9whv6ws0000000830000000008309",
        "X-Cache": "CONFIG_NOCACHE"
      },
      "ResponseBody": {
        "value": [
          {
            "id": "tst_list_ep_3_async",
            "name": "tst_list_ep_3_async",
            "exceptionRules": [
              {
                "id": "fakeExceptionRuleId",
                "trigger": {
                  "kind": "waitTime",
                  "thresholdSeconds": 3600
                },
                "actions": [
                  {
                    "kind": "manualReclassify",
                    "queueId": "test_list_exception_policies_tst_q_async",
                    "priority": 1,
                    "workerSelectors": [],
                    "id": "324bc6d1-a550-4ba1-ae73-2b56fc14514c"
                  }
                ]
              }
            ],
            "etag": "Sanitized"
          },
          {
            "id": "tst_list_ep_2_async",
            "name": "tst_list_ep_2_async",
            "exceptionRules": [
              {
                "id": "fakeExceptionRuleId",
                "trigger": {
                  "kind": "waitTime",
                  "thresholdSeconds": 3600
                },
                "actions": [
                  {
                    "kind": "manualReclassify",
                    "queueId": "test_list_exception_policies_tst_q_async",
                    "priority": 1,
                    "workerSelectors": [],
                    "id": "396e6da8-4c95-4c20-b217-9e1baeebc519"
                  }
                ]
              }
            ],
            "etag": "Sanitized"
          }
        ],
        "nextLink": "/routing/exceptionPolicies?continuationToken=Y29udGludWF0aW9uVG9rZW49VzNzaWRHOXJaVzRpT2lJclVrbEVPbjVYT1c5V1FVOWtWa2xzUTFWQ1VVRkJRVUZCUVVGQlBUMGpVbFE2TVNOVVVrTTZNaU5TVkVRNlFVRTlQU05KVTFZNk1pTkpSVTg2TmpVMU5qY2pVVU5HT2pnalJsQkRPa0ZuUlVGQlFVRkhRVTV4UlhOUlFUUkJRVDA5SWl3aWNtRnVaMlVpT25zaWJXbHVJam9pSWl3aWJXRjRJam9pUmtZaWZYMWQmbWF4cGFnZXNpemU9Mg%3D%3D"
      }
    },
    {
      "RequestUri": "https://sanitized.communication.azure.net/routing/exceptionPolicies?continuationToken=Y29udGludWF0aW9uVG9rZW49VzNzaWRHOXJaVzRpT2lJclVrbEVPbjVYT1c5V1FVOWtWa2xzUTFWQ1VVRkJRVUZCUVVGQlBUMGpVbFE2TVNOVVVrTTZNaU5TVkVRNlFVRTlQU05KVTFZNk1pTkpSVTg2TmpVMU5qY2pVVU5HT2pnalJsQkRPa0ZuUlVGQlFVRkhRVTV4UlhOUlFUUkJRVDA5SWl3aWNtRnVaMlVpT25zaWJXbHVJam9pSWl3aWJXRjRJam9pUmtZaWZYMWQmbWF4cGFnZXNpemU9Mg%3D%3D\u0026api-version=2024-01-18-preview",
      "RequestMethod": "GET",
      "RequestHeaders": {
        "Accept": "*/*",
        "Accept-Encoding": "gzip, deflate",
        "Authorization": "Sanitized",
        "Content-Length": "0",
        "User-Agent": "azsdk-python-communication-jobrouter/1.1.0b1 Python/3.11.5 (Windows-10-10.0.22621-SP0)",
        "x-ms-client-request-id": "ddc0f6ff-d731-11ee-b046-cc483a8c86b0",
        "x-ms-content-sha256": "Sanitized",
        "x-ms-date": "Thu, 29 Feb 2024 18:39:26 GMT",
        "x-ms-return-client-request-id": "true"
      },
      "RequestBody": null,
      "StatusCode": 200,
      "ResponseHeaders": {
        "api-supported-versions": "2021-04-07-preview1, 2022-07-18-preview, 2023-08-25-preview, 2023-11-01, 2024-01-18-preview",
        "Connection": "keep-alive",
        "Content-Type": "application/json; charset=utf-8",
        "Date": "Thu, 29 Feb 2024 18:39:27 GMT",
        "Request-Context": "appId=",
        "Strict-Transport-Security": "max-age=31536000;includeSubDomains",
        "trace-id": "076b0d21-0082-23ae-1480-bf16ff3552a2",
        "Transfer-Encoding": "chunked",
        "x-azure-ref": "20240229T183927Z-6kg1vwympt55bf3r6ag9whv6ws000000083000000000830b",
        "X-Cache": "CONFIG_NOCACHE"
      },
      "ResponseBody": {
        "value": [
          {
            "id": "tst_list_ep_1_async",
            "name": "tst_list_ep_1_async",
            "exceptionRules": [
              {
                "id": "fakeExceptionRuleId",
                "trigger": {
                  "kind": "waitTime",
                  "thresholdSeconds": 3600
                },
                "actions": [
                  {
                    "kind": "manualReclassify",
                    "queueId": "test_list_exception_policies_tst_q_async",
                    "priority": 1,
                    "workerSelectors": [],
                    "id": "e6e82c49-e901-47d1-b960-3add164df96b"
                  }
                ]
              }
            ],
            "etag": "Sanitized"
          },
          {
            "id": "20E6039551511DFB480874F073652C69DDA55541A927BD2BC8",
            "name": "20E6039551511DFB480874F073652C69DDA55541A927BD2BC8-ExceptionPolicyName",
            "exceptionRules": [],
            "etag": "Sanitized"
          }
        ]
      }
    },
    {
      "RequestUri": "https://sanitized.communication.azure.net/routing/exceptionPolicies/tst_list_ep_1_async?api-version=2024-01-18-preview",
      "RequestMethod": "PATCH",
      "RequestHeaders": {
        "Accept": "application/json",
        "Accept-Encoding": "gzip, deflate",
        "Authorization": "Sanitized",
        "Content-Length": "249",
        "Content-Type": "application/merge-patch\u002Bjson",
        "User-Agent": "azsdk-python-communication-jobrouter/1.1.0b1 Python/3.11.5 (Windows-10-10.0.22621-SP0)",
        "x-ms-client-request-id": "ddc84b87-d731-11ee-a9af-cc483a8c86b0",
        "x-ms-content-sha256": "Sanitized",
        "x-ms-date": "Thu, 29 Feb 2024 18:39:26 GMT",
        "x-ms-return-client-request-id": "true"
      },
      "RequestBody": {
        "name": "tst_list_ep_1_async",
        "exceptionRules": [
          {
            "id": "fakeExceptionRuleId",
            "trigger": {
              "kind": "waitTime",
              "thresholdSeconds": 3600
            },
            "actions": [
              {
                "kind": "reclassify",
                "classificationPolicyId": "test_list_exception_policies_tst_cp_async"
              }
            ]
          }
        ]
      },
      "StatusCode": 200,
      "ResponseHeaders": {
        "api-supported-versions": "2021-04-07-preview1, 2022-07-18-preview, 2023-08-25-preview, 2023-11-01, 2024-01-18-preview",
        "Connection": "keep-alive",
        "Content-Type": "application/json; charset=utf-8",
        "Date": "Thu, 29 Feb 2024 18:39:27 GMT",
        "ETag": "Sanitized",
        "Last-Modified": "Thu, 29 Feb 2024 18:39:27 GMT",
        "Request-Context": "appId=",
        "Strict-Transport-Security": "max-age=31536000;includeSubDomains",
        "trace-id": "dcbaf278-203e-9588-edd9-1162c67cc88e",
        "Transfer-Encoding": "chunked",
        "x-azure-ref": "20240229T183927Z-6kg1vwympt55bf3r6ag9whv6ws000000083000000000830f",
        "X-Cache": "CONFIG_NOCACHE"
      },
      "ResponseBody": {
        "id": "tst_list_ep_1_async",
        "name": "tst_list_ep_1_async",
        "exceptionRules": [
          {
            "id": "fakeExceptionRuleId",
            "trigger": {
              "kind": "waitTime",
              "thresholdSeconds": 3600
            },
            "actions": [
              {
                "kind": "reclassify",
                "classificationPolicyId": "test_list_exception_policies_tst_cp_async",
                "labelsToUpsert": {},
                "id": "1041b282-8e75-4908-95d9-599d9027737c"
              }
            ]
          }
        ],
        "etag": "Sanitized"
      }
    },
    {
      "RequestUri": "https://sanitized.communication.azure.net/routing/exceptionPolicies/tst_list_ep_2_async?api-version=2024-01-18-preview",
      "RequestMethod": "PATCH",
      "RequestHeaders": {
        "Accept": "application/json",
        "Accept-Encoding": "gzip, deflate",
        "Authorization": "Sanitized",
        "Content-Length": "249",
        "Content-Type": "application/merge-patch\u002Bjson",
        "User-Agent": "azsdk-python-communication-jobrouter/1.1.0b1 Python/3.11.5 (Windows-10-10.0.22621-SP0)",
        "x-ms-client-request-id": "ddd9e58e-d731-11ee-a080-cc483a8c86b0",
        "x-ms-content-sha256": "Sanitized",
        "x-ms-date": "Thu, 29 Feb 2024 18:39:27 GMT",
        "x-ms-return-client-request-id": "true"
      },
      "RequestBody": {
        "name": "tst_list_ep_2_async",
        "exceptionRules": [
          {
            "id": "fakeExceptionRuleId",
            "trigger": {
              "kind": "waitTime",
              "thresholdSeconds": 3600
            },
            "actions": [
              {
                "kind": "reclassify",
                "classificationPolicyId": "test_list_exception_policies_tst_cp_async"
              }
            ]
          }
        ]
      },
      "StatusCode": 200,
      "ResponseHeaders": {
        "api-supported-versions": "2021-04-07-preview1, 2022-07-18-preview, 2023-08-25-preview, 2023-11-01, 2024-01-18-preview",
        "Connection": "keep-alive",
        "Content-Type": "application/json; charset=utf-8",
        "Date": "Thu, 29 Feb 2024 18:39:27 GMT",
        "ETag": "Sanitized",
        "Last-Modified": "Thu, 29 Feb 2024 18:39:27 GMT",
        "Request-Context": "appId=",
        "Strict-Transport-Security": "max-age=31536000;includeSubDomains",
        "trace-id": "ada2b772-48df-4b55-7887-46b3f0ac9321",
        "Transfer-Encoding": "chunked",
        "x-azure-ref": "20240229T183927Z-6kg1vwympt55bf3r6ag9whv6ws000000083000000000830r",
        "X-Cache": "CONFIG_NOCACHE"
      },
      "ResponseBody": {
        "id": "tst_list_ep_2_async",
        "name": "tst_list_ep_2_async",
        "exceptionRules": [
          {
            "id": "fakeExceptionRuleId",
            "trigger": {
              "kind": "waitTime",
              "thresholdSeconds": 3600
            },
            "actions": [
              {
                "kind": "reclassify",
                "classificationPolicyId": "test_list_exception_policies_tst_cp_async",
                "labelsToUpsert": {},
                "id": "f8644ce6-3bc0-4f1c-a6d9-34f1138e7fed"
              }
            ]
          }
        ],
        "etag": "Sanitized"
      }
    },
    {
      "RequestUri": "https://sanitized.communication.azure.net/routing/exceptionPolicies/tst_list_ep_3_async?api-version=2024-01-18-preview",
      "RequestMethod": "PATCH",
      "RequestHeaders": {
        "Accept": "application/json",
        "Accept-Encoding": "gzip, deflate",
        "Authorization": "Sanitized",
        "Content-Length": "249",
        "Content-Type": "application/merge-patch\u002Bjson",
        "User-Agent": "azsdk-python-communication-jobrouter/1.1.0b1 Python/3.11.5 (Windows-10-10.0.22621-SP0)",
        "x-ms-client-request-id": "ddebb2de-d731-11ee-82d7-cc483a8c86b0",
        "x-ms-content-sha256": "Sanitized",
        "x-ms-date": "Thu, 29 Feb 2024 18:39:27 GMT",
        "x-ms-return-client-request-id": "true"
      },
      "RequestBody": {
        "name": "tst_list_ep_3_async",
        "exceptionRules": [
          {
            "id": "fakeExceptionRuleId",
            "trigger": {
              "kind": "waitTime",
              "thresholdSeconds": 3600
            },
            "actions": [
              {
                "kind": "reclassify",
                "classificationPolicyId": "test_list_exception_policies_tst_cp_async"
              }
            ]
          }
        ]
      },
      "StatusCode": 200,
      "ResponseHeaders": {
        "api-supported-versions": "2021-04-07-preview1, 2022-07-18-preview, 2023-08-25-preview, 2023-11-01, 2024-01-18-preview",
        "Connection": "keep-alive",
        "Content-Type": "application/json; charset=utf-8",
        "Date": "Thu, 29 Feb 2024 18:39:27 GMT",
        "ETag": "Sanitized",
        "Last-Modified": "Thu, 29 Feb 2024 18:39:27 GMT",
        "Request-Context": "appId=",
        "Strict-Transport-Security": "max-age=31536000;includeSubDomains",
        "trace-id": "a6cf522d-54a5-b634-aef8-4e977325f3ae",
        "Transfer-Encoding": "chunked",
        "x-azure-ref": "20240229T183927Z-6kg1vwympt55bf3r6ag9whv6ws000000083000000000830w",
        "X-Cache": "CONFIG_NOCACHE"
      },
      "ResponseBody": {
        "id": "tst_list_ep_3_async",
        "name": "tst_list_ep_3_async",
        "exceptionRules": [
          {
            "id": "fakeExceptionRuleId",
            "trigger": {
              "kind": "waitTime",
              "thresholdSeconds": 3600
            },
            "actions": [
              {
                "kind": "reclassify",
                "classificationPolicyId": "test_list_exception_policies_tst_cp_async",
                "labelsToUpsert": {},
                "id": "1fb52b57-04c9-4c31-aaf2-9786a176cb3e"
              }
            ]
          }
        ],
        "etag": "Sanitized"
      }
    },
    {
      "RequestUri": "https://sanitized.communication.azure.net/routing/exceptionPolicies?api-version=2024-01-18-preview\u0026maxpagesize=2",
      "RequestMethod": "GET",
      "RequestHeaders": {
        "Accept": "application/json",
        "Accept-Encoding": "gzip, deflate",
        "Authorization": "Sanitized",
        "Content-Length": "0",
        "User-Agent": "azsdk-python-communication-jobrouter/1.1.0b1 Python/3.11.5 (Windows-10-10.0.22621-SP0)",
        "x-ms-client-request-id": "ddfb82bb-d731-11ee-95f4-cc483a8c86b0",
        "x-ms-content-sha256": "Sanitized",
        "x-ms-date": "Thu, 29 Feb 2024 18:39:27 GMT",
        "x-ms-return-client-request-id": "true"
      },
      "RequestBody": null,
      "StatusCode": 200,
      "ResponseHeaders": {
        "api-supported-versions": "2021-04-07-preview1, 2022-07-18-preview, 2023-08-25-preview, 2023-11-01, 2024-01-18-preview",
        "Connection": "keep-alive",
        "Content-Type": "application/json; charset=utf-8",
        "Date": "Thu, 29 Feb 2024 18:39:27 GMT",
        "Request-Context": "appId=",
        "Strict-Transport-Security": "max-age=31536000;includeSubDomains",
        "trace-id": "7f9e4c85-f270-a07b-f869-11d7676facc2",
        "Transfer-Encoding": "chunked",
        "x-azure-ref": "20240229T183927Z-6kg1vwympt55bf3r6ag9whv6ws0000000830000000008310",
        "X-Cache": "CONFIG_NOCACHE"
      },
      "ResponseBody": {
        "value": [
          {
            "id": "tst_list_ep_3_async",
            "name": "tst_list_ep_3_async",
            "exceptionRules": [
              {
                "id": "fakeExceptionRuleId",
                "trigger": {
                  "kind": "waitTime",
                  "thresholdSeconds": 3600
                },
                "actions": [
                  {
                    "kind": "reclassify",
                    "classificationPolicyId": "test_list_exception_policies_tst_cp_async",
                    "labelsToUpsert": {},
                    "id": "1fb52b57-04c9-4c31-aaf2-9786a176cb3e"
                  }
                ]
              }
            ],
            "etag": "Sanitized"
          },
          {
            "id": "tst_list_ep_2_async",
            "name": "tst_list_ep_2_async",
            "exceptionRules": [
              {
                "id": "fakeExceptionRuleId",
                "trigger": {
                  "kind": "waitTime",
                  "thresholdSeconds": 3600
                },
                "actions": [
                  {
                    "kind": "reclassify",
                    "classificationPolicyId": "test_list_exception_policies_tst_cp_async",
                    "labelsToUpsert": {},
                    "id": "f8644ce6-3bc0-4f1c-a6d9-34f1138e7fed"
                  }
                ]
              }
            ],
            "etag": "Sanitized"
          }
        ],
        "nextLink": "/routing/exceptionPolicies?continuationToken=Y29udGludWF0aW9uVG9rZW49VzNzaWRHOXJaVzRpT2lJclVrbEVPbjVYT1c5V1FVOWtWa2xzUTFWQ1VVRkJRVUZCUVVGQlBUMGpVbFE2TVNOVVVrTTZNaU5TVkVRNlFVRTlQU05KVTFZNk1pTkpSVTg2TmpVMU5qY2pVVU5HT2pnalJsQkRPa0ZuUlVGQlFVRkhRVTV4UlhOUlFUUkJRVDA5SWl3aWNtRnVaMlVpT25zaWJXbHVJam9pSWl3aWJXRjRJam9pUmtZaWZYMWQmbWF4cGFnZXNpemU9Mg%3D%3D"
      }
    },
    {
      "RequestUri": "https://sanitized.communication.azure.net/routing/exceptionPolicies?continuationToken=Y29udGludWF0aW9uVG9rZW49VzNzaWRHOXJaVzRpT2lJclVrbEVPbjVYT1c5V1FVOWtWa2xzUTFWQ1VVRkJRVUZCUVVGQlBUMGpVbFE2TVNOVVVrTTZNaU5TVkVRNlFVRTlQU05KVTFZNk1pTkpSVTg2TmpVMU5qY2pVVU5HT2pnalJsQkRPa0ZuUlVGQlFVRkhRVTV4UlhOUlFUUkJRVDA5SWl3aWNtRnVaMlVpT25zaWJXbHVJam9pSWl3aWJXRjRJam9pUmtZaWZYMWQmbWF4cGFnZXNpemU9Mg%3D%3D\u0026api-version=2024-01-18-preview",
      "RequestMethod": "GET",
      "RequestHeaders": {
        "Accept": "*/*",
        "Accept-Encoding": "gzip, deflate",
        "Authorization": "Sanitized",
        "Content-Length": "0",
        "User-Agent": "azsdk-python-communication-jobrouter/1.1.0b1 Python/3.11.5 (Windows-10-10.0.22621-SP0)",
        "x-ms-client-request-id": "de02cfef-d731-11ee-b9d3-cc483a8c86b0",
        "x-ms-content-sha256": "Sanitized",
        "x-ms-date": "Thu, 29 Feb 2024 18:39:27 GMT",
        "x-ms-return-client-request-id": "true"
      },
      "RequestBody": null,
      "StatusCode": 200,
      "ResponseHeaders": {
        "api-supported-versions": "2021-04-07-preview1, 2022-07-18-preview, 2023-08-25-preview, 2023-11-01, 2024-01-18-preview",
        "Connection": "keep-alive",
        "Content-Type": "application/json; charset=utf-8",
        "Date": "Thu, 29 Feb 2024 18:39:27 GMT",
        "Request-Context": "appId=",
        "Strict-Transport-Security": "max-age=31536000;includeSubDomains",
        "trace-id": "f1b4fff4-eadd-0bcb-353a-7a454373c1fa",
        "Transfer-Encoding": "chunked",
        "x-azure-ref": "20240229T183927Z-6kg1vwympt55bf3r6ag9whv6ws0000000830000000008313",
        "X-Cache": "CONFIG_NOCACHE"
      },
      "ResponseBody": {
        "value": [
          {
            "id": "tst_list_ep_1_async",
            "name": "tst_list_ep_1_async",
            "exceptionRules": [
              {
                "id": "fakeExceptionRuleId",
                "trigger": {
                  "kind": "waitTime",
                  "thresholdSeconds": 3600
                },
                "actions": [
                  {
                    "kind": "reclassify",
                    "classificationPolicyId": "test_list_exception_policies_tst_cp_async",
                    "labelsToUpsert": {},
                    "id": "1041b282-8e75-4908-95d9-599d9027737c"
                  }
                ]
              }
            ],
            "etag": "Sanitized"
          },
          {
            "id": "20E6039551511DFB480874F073652C69DDA55541A927BD2BC8",
            "name": "20E6039551511DFB480874F073652C69DDA55541A927BD2BC8-ExceptionPolicyName",
            "exceptionRules": [],
            "etag": "Sanitized"
          }
        ]
      }
    },
    {
      "RequestUri": "https://sanitized.communication.azure.net/routing/classificationPolicies/test_list_exception_policies_tst_cp_async?api-version=2024-01-18-preview",
      "RequestMethod": "DELETE",
      "RequestHeaders": {
        "Accept": "*/*",
        "Accept-Encoding": "gzip, deflate",
        "Authorization": "Sanitized",
        "Content-Length": "0",
        "User-Agent": "azsdk-python-communication-jobrouter/1.1.0b1 Python/3.11.5 (Windows-10-10.0.22621-SP0)",
        "x-ms-client-request-id": "de0a3fad-d731-11ee-975b-cc483a8c86b0",
        "x-ms-content-sha256": "Sanitized",
        "x-ms-date": "Thu, 29 Feb 2024 18:39:27 GMT",
        "x-ms-return-client-request-id": "true"
      },
      "RequestBody": null,
      "StatusCode": 204,
      "ResponseHeaders": {
        "api-supported-versions": "2021-04-07-preview1, 2022-07-18-preview, 2023-08-25-preview, 2023-11-01, 2024-01-18-preview",
        "Connection": "keep-alive",
        "Date": "Thu, 29 Feb 2024 18:39:28 GMT",
        "Request-Context": "appId=",
        "Strict-Transport-Security": "max-age=31536000;includeSubDomains",
        "trace-id": "0e74042c-ab8f-ff23-927c-79b4b7ece1bc",
        "x-azure-ref": "20240229T183927Z-6kg1vwympt55bf3r6ag9whv6ws0000000830000000008314",
        "X-Cache": "CONFIG_NOCACHE"
      },
      "ResponseBody": null
    },
    {
      "RequestUri": "https://sanitized.communication.azure.net/routing/queues/test_list_exception_policies_tst_q_async?api-version=2024-01-18-preview",
      "RequestMethod": "DELETE",
      "RequestHeaders": {
        "Accept": "*/*",
        "Accept-Encoding": "gzip, deflate",
        "Authorization": "Sanitized",
        "Content-Length": "0",
        "User-Agent": "azsdk-python-communication-jobrouter/1.1.0b1 Python/3.11.5 (Windows-10-10.0.22621-SP0)",
        "x-ms-client-request-id": "de1b0ff9-d731-11ee-93a9-cc483a8c86b0",
        "x-ms-content-sha256": "Sanitized",
        "x-ms-date": "Thu, 29 Feb 2024 18:39:27 GMT",
        "x-ms-return-client-request-id": "true"
      },
      "RequestBody": null,
      "StatusCode": 204,
      "ResponseHeaders": {
        "api-supported-versions": "2021-04-07-preview1, 2022-07-18-preview, 2023-08-25-preview, 2023-11-01, 2024-01-18-preview",
        "Connection": "keep-alive",
        "Date": "Thu, 29 Feb 2024 18:39:28 GMT",
        "Request-Context": "appId=",
        "Strict-Transport-Security": "max-age=31536000;includeSubDomains",
        "trace-id": "cff1cf3e-a1c2-44c9-a5c7-2d0ef5857264",
        "x-azure-ref": "20240229T183928Z-6kg1vwympt55bf3r6ag9whv6ws0000000830000000008315",
        "X-Cache": "CONFIG_NOCACHE"
      },
      "ResponseBody": null
    },
    {
      "RequestUri": "https://sanitized.communication.azure.net/routing/distributionPolicies/test_list_exception_policies_tst_dp_async?api-version=2024-01-18-preview",
      "RequestMethod": "DELETE",
      "RequestHeaders": {
        "Accept": "*/*",
        "Accept-Encoding": "gzip, deflate",
        "Authorization": "Sanitized",
        "Content-Length": "0",
        "User-Agent": "azsdk-python-communication-jobrouter/1.1.0b1 Python/3.11.5 (Windows-10-10.0.22621-SP0)",
        "x-ms-client-request-id": "de2c2cee-d731-11ee-9736-cc483a8c86b0",
        "x-ms-content-sha256": "Sanitized",
        "x-ms-date": "Thu, 29 Feb 2024 18:39:27 GMT",
        "x-ms-return-client-request-id": "true"
      },
      "RequestBody": null,
      "StatusCode": 204,
      "ResponseHeaders": {
        "api-supported-versions": "2021-04-07-preview1, 2022-07-18-preview, 2023-08-25-preview, 2023-11-01, 2024-01-18-preview",
        "Connection": "keep-alive",
        "Date": "Thu, 29 Feb 2024 18:39:28 GMT",
        "Request-Context": "appId=",
        "Strict-Transport-Security": "max-age=31536000;includeSubDomains",
        "trace-id": "2e96073e-7764-1677-d74e-3eaba4ec64b9",
        "x-azure-ref": "20240229T183928Z-6kg1vwympt55bf3r6ag9whv6ws0000000830000000008317",
        "X-Cache": "CONFIG_NOCACHE"
      },
      "ResponseBody": null
    },
    {
      "RequestUri": "https://sanitized.communication.azure.net/routing/exceptionPolicies/tst_list_ep_1_async?api-version=2024-01-18-preview",
      "RequestMethod": "DELETE",
      "RequestHeaders": {
        "Accept": "*/*",
        "Accept-Encoding": "gzip, deflate",
        "Authorization": "Sanitized",
        "Content-Length": "0",
        "User-Agent": "azsdk-python-communication-jobrouter/1.1.0b1 Python/3.11.5 (Windows-10-10.0.22621-SP0)",
        "x-ms-client-request-id": "de3d4c59-d731-11ee-b6e7-cc483a8c86b0",
        "x-ms-content-sha256": "Sanitized",
        "x-ms-date": "Thu, 29 Feb 2024 18:39:27 GMT",
        "x-ms-return-client-request-id": "true"
      },
      "RequestBody": null,
      "StatusCode": 204,
      "ResponseHeaders": {
        "api-supported-versions": "2021-04-07-preview1, 2022-07-18-preview, 2023-08-25-preview, 2023-11-01, 2024-01-18-preview",
        "Connection": "keep-alive",
        "Date": "Thu, 29 Feb 2024 18:39:28 GMT",
        "Request-Context": "appId=",
        "Strict-Transport-Security": "max-age=31536000;includeSubDomains",
        "trace-id": "59bd2759-dba3-a308-4bc5-81fa8d46e343",
        "x-azure-ref": "20240229T183928Z-6kg1vwympt55bf3r6ag9whv6ws000000083000000000831b",
        "X-Cache": "CONFIG_NOCACHE"
      },
      "ResponseBody": null
    },
    {
      "RequestUri": "https://sanitized.communication.azure.net/routing/exceptionPolicies/tst_list_ep_3_async?api-version=2024-01-18-preview",
      "RequestMethod": "DELETE",
      "RequestHeaders": {
        "Accept": "*/*",
        "Accept-Encoding": "gzip, deflate",
        "Authorization": "Sanitized",
        "Content-Length": "0",
        "User-Agent": "azsdk-python-communication-jobrouter/1.1.0b1 Python/3.11.5 (Windows-10-10.0.22621-SP0)",
        "x-ms-client-request-id": "de4ee5e7-d731-11ee-adbe-cc483a8c86b0",
        "x-ms-content-sha256": "Sanitized",
        "x-ms-date": "Thu, 29 Feb 2024 18:39:27 GMT",
        "x-ms-return-client-request-id": "true"
      },
      "RequestBody": null,
      "StatusCode": 204,
      "ResponseHeaders": {
        "api-supported-versions": "2021-04-07-preview1, 2022-07-18-preview, 2023-08-25-preview, 2023-11-01, 2024-01-18-preview",
        "Connection": "keep-alive",
        "Date": "Thu, 29 Feb 2024 18:39:28 GMT",
        "Request-Context": "appId=",
        "Strict-Transport-Security": "max-age=31536000;includeSubDomains",
        "trace-id": "cb656f8e-e022-3cba-70b1-581e3afd48f5",
        "x-azure-ref": "20240229T183928Z-6kg1vwympt55bf3r6ag9whv6ws000000083000000000831f",
        "X-Cache": "CONFIG_NOCACHE"
      },
      "ResponseBody": null
    },
    {
      "RequestUri": "https://sanitized.communication.azure.net/routing/exceptionPolicies/tst_list_ep_2_async?api-version=2024-01-18-preview",
      "RequestMethod": "DELETE",
      "RequestHeaders": {
        "Accept": "*/*",
        "Accept-Encoding": "gzip, deflate",
        "Authorization": "Sanitized",
        "Content-Length": "0",
        "User-Agent": "azsdk-python-communication-jobrouter/1.1.0b1 Python/3.11.5 (Windows-10-10.0.22621-SP0)",
        "x-ms-client-request-id": "de5e1b2c-d731-11ee-b012-cc483a8c86b0",
        "x-ms-content-sha256": "Sanitized",
        "x-ms-date": "Thu, 29 Feb 2024 18:39:27 GMT",
        "x-ms-return-client-request-id": "true"
      },
      "RequestBody": null,
      "StatusCode": 204,
      "ResponseHeaders": {
        "api-supported-versions": "2021-04-07-preview1, 2022-07-18-preview, 2023-08-25-preview, 2023-11-01, 2024-01-18-preview",
        "Connection": "keep-alive",
        "Date": "Thu, 29 Feb 2024 18:39:28 GMT",
        "Request-Context": "appId=",
        "Strict-Transport-Security": "max-age=31536000;includeSubDomains",
        "trace-id": "323ca2db-2e54-9598-c3a1-682f3cb82eb8",
        "x-azure-ref": "20240229T183928Z-6kg1vwympt55bf3r6ag9whv6ws000000083000000000831h",
        "X-Cache": "CONFIG_NOCACHE"
      },
      "ResponseBody": null
    }
  ],
  "Variables": {}
}
