{
  "Entries": [
    {
      "RequestUri": "https://sanitized.communication.azure.net/routing/distributionPolicies/test_list_workers_tst_dp?api-version=2023-11-01",
      "RequestMethod": "PATCH",
      "RequestHeaders": {
        "Accept": "application/json",
        "Accept-Encoding": "gzip, deflate",
        "Authorization": "Sanitized",
        "Connection": "keep-alive",
        "Content-Length": "155",
        "Content-Type": "application/merge-patch\u002Bjson",
        "User-Agent": "azsdk-python-communication-jobrouter/1.0.0 Python/3.11.5 (Windows-10-10.0.22621-SP0)",
        "x-ms-client-request-id": "895f9c3f-7a8f-11ee-aec6-046c590f95d2",
        "x-ms-content-sha256": "Sanitized",
        "x-ms-date": "Fri, 03 Nov 2023 21:25:39 GMT",
        "x-ms-return-client-request-id": "true"
      },
      "RequestBody": {
        "name": "test_list_workers_tst_dp",
        "offerExpiresAfterSeconds": 10.0,
        "mode": {
          "minConcurrentOffers": 1,
          "maxConcurrentOffers": 1,
          "kind": "round-robin"
        }
      },
      "StatusCode": 200,
      "ResponseHeaders": {
        "api-supported-versions": "2021-04-07-preview1, 2022-07-18-preview, 2023-08-25-preview, 2023-11-01",
        "Connection": "keep-alive",
        "Content-Type": "application/json; charset=utf-8",
        "Date": "Fri, 03 Nov 2023 21:25:39 GMT",
        "ETag": "Sanitized",
        "Last-Modified": "Thu, 26 Oct 2023 22:27:46 GMT",
        "Request-Context": "appId=",
        "trace-id": "b9651d83-b0df-7766-34b8-e00afc352e67",
        "Transfer-Encoding": "chunked",
        "x-azure-ref": "20231103T212539Z-z9ycpx4wf13hpaapxre69xmp2w00000004a000000001bybn",
        "X-Cache": "CONFIG_NOCACHE"
      },
      "ResponseBody": {
        "id": "test_list_workers_tst_dp",
        "name": "test_list_workers_tst_dp",
        "offerExpiresAfterSeconds": 10,
        "mode": {
          "kind": "round-robin",
          "minConcurrentOffers": 1,
          "maxConcurrentOffers": 1,
          "bypassSelectors": false
        },
        "etag": "Sanitized"
      }
    },
    {
      "RequestUri": "https://sanitized.communication.azure.net/routing/queues/test_list_workers_tst_q?api-version=2023-11-01",
      "RequestMethod": "PATCH",
      "RequestHeaders": {
        "Accept": "application/json",
        "Accept-Encoding": "gzip, deflate",
        "Authorization": "Sanitized",
        "Connection": "keep-alive",
        "Content-Length": "146",
        "Content-Type": "application/merge-patch\u002Bjson",
        "User-Agent": "azsdk-python-communication-jobrouter/1.0.0 Python/3.11.5 (Windows-10-10.0.22621-SP0)",
        "x-ms-client-request-id": "897478ba-7a8f-11ee-9851-046c590f95d2",
        "x-ms-content-sha256": "Sanitized",
        "x-ms-date": "Fri, 03 Nov 2023 21:25:40 GMT",
        "x-ms-return-client-request-id": "true"
      },
      "RequestBody": {
        "name": "test_list_workers_tst_q",
        "distributionPolicyId": "test_list_workers_tst_dp",
        "labels": {
          "key1": "WorkerKey",
          "key2": 10,
          "key3": true
        }
      },
      "StatusCode": 200,
      "ResponseHeaders": {
        "api-supported-versions": "2021-04-07-preview1, 2022-07-18-preview, 2023-08-25-preview, 2023-11-01",
        "Connection": "keep-alive",
        "Content-Type": "application/json; charset=utf-8",
        "Date": "Fri, 03 Nov 2023 21:25:39 GMT",
        "ETag": "Sanitized",
        "Last-Modified": "Thu, 26 Oct 2023 22:27:46 GMT",
        "Request-Context": "appId=",
        "trace-id": "7860f085-271e-d522-112c-f7e1ad05fc0a",
        "Transfer-Encoding": "chunked",
        "x-azure-ref": "20231103T212539Z-z9ycpx4wf13hpaapxre69xmp2w00000004a000000001bycb",
        "X-Cache": "CONFIG_NOCACHE"
      },
      "ResponseBody": {
        "id": "test_list_workers_tst_q",
        "name": "test_list_workers_tst_q",
        "distributionPolicyId": "test_list_workers_tst_dp",
        "labels": {
          "key1": "WorkerKey",
          "key2": 10,
          "key3": true,
          "Id": "test_list_workers_tst_q"
        },
        "etag": "Sanitized"
      }
    },
    {
      "RequestUri": "https://sanitized.communication.azure.net/routing/workers/tst_list_w_1?api-version=2023-11-01",
      "RequestMethod": "PATCH",
      "RequestHeaders": {
        "Accept": "application/json",
        "Accept-Encoding": "gzip, deflate",
        "Authorization": "Sanitized",
        "Connection": "keep-alive",
        "Content-Length": "356",
        "Content-Type": "application/merge-patch\u002Bjson",
        "User-Agent": "azsdk-python-communication-jobrouter/1.0.0 Python/3.11.5 (Windows-10-10.0.22621-SP0)",
        "x-ms-client-request-id": "898253c5-7a8f-11ee-9b86-046c590f95d2",
        "x-ms-content-sha256": "Sanitized",
        "x-ms-date": "Fri, 03 Nov 2023 21:25:40 GMT",
        "x-ms-return-client-request-id": "true"
      },
      "RequestBody": {
        "queues": [
          "test_list_workers_tst_q"
        ],
        "capacity": 100,
        "labels": {
          "key1": "WorkerKey",
          "key2": 10,
          "key3": true
        },
        "tags": {
          "tag1": "WorkerGenericInfo"
        },
        "channels": [
          {
            "channelId": "fakeChannel1",
            "capacityCostPerJob": 10,
            "maxNumberOfJobs": 10
          },
          {
            "channelId": "fakeChannel2",
            "capacityCostPerJob": 90,
            "maxNumberOfJobs": 1
          }
        ],
        "availableForOffers": false
      },
      "StatusCode": 201,
      "ResponseHeaders": {
        "api-supported-versions": "2021-04-07-preview1, 2022-07-18-preview, 2023-08-25-preview, 2023-11-01",
        "Connection": "keep-alive",
        "Content-Type": "application/json; charset=utf-8",
        "Date": "Fri, 03 Nov 2023 21:25:39 GMT",
        "ETag": "Sanitized",
        "Last-Modified": "Fri, 03 Nov 2023 21:25:39 GMT",
        "Request-Context": "appId=",
        "trace-id": "c2b7dc17-8d5a-d1a9-42e8-450fd43ea91f",
        "Transfer-Encoding": "chunked",
        "x-azure-ref": "20231103T212539Z-z9ycpx4wf13hpaapxre69xmp2w00000004a000000001bydd",
        "X-Cache": "CONFIG_NOCACHE"
      },
      "ResponseBody": {
        "id": "tst_list_w_1",
        "state": "inactive",
        "queues": [
          "test_list_workers_tst_q"
        ],
        "capacity": 100,
        "labels": {
          "key1": "WorkerKey",
          "key2": 10,
          "key3": true,
          "Id": "tst_list_w_1"
        },
        "tags": {
          "tag1": "WorkerGenericInfo"
        },
        "channels": [
          {
            "channelId": "fakeChannel1",
            "capacityCostPerJob": 10,
            "maxNumberOfJobs": 10
          },
          {
            "channelId": "fakeChannel2",
            "capacityCostPerJob": 90,
            "maxNumberOfJobs": 1
          }
        ],
        "offers": [],
        "assignedJobs": [],
        "loadRatio": 0,
        "availableForOffers": false,
        "etag": "Sanitized"
      }
    },
    {
      "RequestUri": "https://sanitized.communication.azure.net/routing/workers/tst_list_w_2?api-version=2023-11-01",
      "RequestMethod": "PATCH",
      "RequestHeaders": {
        "Accept": "application/json",
        "Accept-Encoding": "gzip, deflate",
        "Authorization": "Sanitized",
        "Connection": "keep-alive",
        "Content-Length": "356",
        "Content-Type": "application/merge-patch\u002Bjson",
        "User-Agent": "azsdk-python-communication-jobrouter/1.0.0 Python/3.11.5 (Windows-10-10.0.22621-SP0)",
        "x-ms-client-request-id": "899ea434-7a8f-11ee-b5e3-046c590f95d2",
        "x-ms-content-sha256": "Sanitized",
        "x-ms-date": "Fri, 03 Nov 2023 21:25:40 GMT",
        "x-ms-return-client-request-id": "true"
      },
      "RequestBody": {
        "queues": [
          "test_list_workers_tst_q"
        ],
        "capacity": 100,
        "labels": {
          "key1": "WorkerKey",
          "key2": 10,
          "key3": true
        },
        "tags": {
          "tag1": "WorkerGenericInfo"
        },
        "channels": [
          {
            "channelId": "fakeChannel1",
            "capacityCostPerJob": 10,
            "maxNumberOfJobs": 10
          },
          {
            "channelId": "fakeChannel2",
            "capacityCostPerJob": 90,
            "maxNumberOfJobs": 1
          }
        ],
        "availableForOffers": false
      },
      "StatusCode": 201,
      "ResponseHeaders": {
        "api-supported-versions": "2021-04-07-preview1, 2022-07-18-preview, 2023-08-25-preview, 2023-11-01",
        "Connection": "keep-alive",
        "Content-Type": "application/json; charset=utf-8",
        "Date": "Fri, 03 Nov 2023 21:25:39 GMT",
        "ETag": "Sanitized",
        "Last-Modified": "Fri, 03 Nov 2023 21:25:39 GMT",
        "Request-Context": "appId=",
        "trace-id": "4fa5f3ea-7a20-3d8c-2eff-09e632e8d400",
        "Transfer-Encoding": "chunked",
        "x-azure-ref": "20231103T212539Z-z9ycpx4wf13hpaapxre69xmp2w00000004a000000001byfp",
        "X-Cache": "CONFIG_NOCACHE"
      },
      "ResponseBody": {
        "id": "tst_list_w_2",
        "state": "inactive",
        "queues": [
          "test_list_workers_tst_q"
        ],
        "capacity": 100,
        "labels": {
          "key1": "WorkerKey",
          "key2": 10,
          "key3": true,
          "Id": "tst_list_w_2"
        },
        "tags": {
          "tag1": "WorkerGenericInfo"
        },
        "channels": [
          {
            "channelId": "fakeChannel1",
            "capacityCostPerJob": 10,
            "maxNumberOfJobs": 10
          },
          {
            "channelId": "fakeChannel2",
            "capacityCostPerJob": 90,
            "maxNumberOfJobs": 1
          }
        ],
        "offers": [],
        "assignedJobs": [],
        "loadRatio": 0,
        "availableForOffers": false,
        "etag": "Sanitized"
      }
    },
    {
      "RequestUri": "https://sanitized.communication.azure.net/routing/workers/tst_list_w_3?api-version=2023-11-01",
      "RequestMethod": "PATCH",
      "RequestHeaders": {
        "Accept": "application/json",
        "Accept-Encoding": "gzip, deflate",
        "Authorization": "Sanitized",
        "Connection": "keep-alive",
        "Content-Length": "356",
        "Content-Type": "application/merge-patch\u002Bjson",
        "User-Agent": "azsdk-python-communication-jobrouter/1.0.0 Python/3.11.5 (Windows-10-10.0.22621-SP0)",
        "x-ms-client-request-id": "89b76133-7a8f-11ee-ab9e-046c590f95d2",
        "x-ms-content-sha256": "Sanitized",
        "x-ms-date": "Fri, 03 Nov 2023 21:25:40 GMT",
        "x-ms-return-client-request-id": "true"
      },
      "RequestBody": {
        "queues": [
          "test_list_workers_tst_q"
        ],
        "capacity": 100,
        "labels": {
          "key1": "WorkerKey",
          "key2": 10,
          "key3": true
        },
        "tags": {
          "tag1": "WorkerGenericInfo"
        },
        "channels": [
          {
            "channelId": "fakeChannel1",
            "capacityCostPerJob": 10,
            "maxNumberOfJobs": 10
          },
          {
            "channelId": "fakeChannel2",
            "capacityCostPerJob": 90,
            "maxNumberOfJobs": 1
          }
        ],
        "availableForOffers": false
      },
      "StatusCode": 201,
      "ResponseHeaders": {
        "api-supported-versions": "2021-04-07-preview1, 2022-07-18-preview, 2023-08-25-preview, 2023-11-01",
        "Connection": "keep-alive",
        "Content-Type": "application/json; charset=utf-8",
        "Date": "Fri, 03 Nov 2023 21:25:40 GMT",
        "ETag": "Sanitized",
        "Last-Modified": "Fri, 03 Nov 2023 21:25:40 GMT",
        "Request-Context": "appId=",
        "trace-id": "06d48c1c-315d-c541-2b68-521462d392e2",
        "Transfer-Encoding": "chunked",
        "x-azure-ref": "20231103T212539Z-z9ycpx4wf13hpaapxre69xmp2w00000004a000000001bygs",
        "X-Cache": "CONFIG_NOCACHE"
      },
      "ResponseBody": {
        "id": "tst_list_w_3",
        "state": "inactive",
        "queues": [
          "test_list_workers_tst_q"
        ],
        "capacity": 100,
        "labels": {
          "key1": "WorkerKey",
          "key2": 10,
          "key3": true,
          "Id": "tst_list_w_3"
        },
        "tags": {
          "tag1": "WorkerGenericInfo"
        },
        "channels": [
          {
            "channelId": "fakeChannel1",
            "capacityCostPerJob": 10,
            "maxNumberOfJobs": 10
          },
          {
            "channelId": "fakeChannel2",
            "capacityCostPerJob": 90,
            "maxNumberOfJobs": 1
          }
        ],
        "offers": [],
        "assignedJobs": [],
        "loadRatio": 0,
        "availableForOffers": false,
        "etag": "Sanitized"
      }
    },
    {
      "RequestUri": "https://sanitized.communication.azure.net/routing/workers?api-version=2023-11-01\u0026maxpagesize=2\u0026state=inactive\u0026channelId=fakeChannel1\u0026queueId=test_list_workers_tst_q",
      "RequestMethod": "GET",
      "RequestHeaders": {
        "Accept": "application/json",
        "Accept-Encoding": "gzip, deflate",
        "Authorization": "Sanitized",
        "Connection": "keep-alive",
        "User-Agent": "azsdk-python-communication-jobrouter/1.0.0 Python/3.11.5 (Windows-10-10.0.22621-SP0)",
        "x-ms-client-request-id": "89cf7c68-7a8f-11ee-bc98-046c590f95d2",
        "x-ms-content-sha256": "Sanitized",
        "x-ms-date": "Fri, 03 Nov 2023 21:25:40 GMT",
        "x-ms-return-client-request-id": "true"
      },
      "RequestBody": null,
      "StatusCode": 200,
      "ResponseHeaders": {
        "api-supported-versions": "2021-04-07-preview1, 2022-07-18-preview, 2023-08-25-preview, 2023-11-01",
        "Connection": "keep-alive",
        "Content-Type": "application/json; charset=utf-8",
        "Date": "Fri, 03 Nov 2023 21:25:40 GMT",
        "Request-Context": "appId=",
        "trace-id": "a96db0ea-102d-5dfd-90f3-df1f9956233d",
        "Transfer-Encoding": "chunked",
        "x-azure-ref": "20231103T212540Z-z9ycpx4wf13hpaapxre69xmp2w00000004a000000001byhr",
        "X-Cache": "CONFIG_NOCACHE"
      },
      "ResponseBody": {
        "value": [
          {
            "id": "tst_list_w_3",
            "state": "inactive",
            "queues": [
              "test_list_workers_tst_q"
            ],
            "capacity": 100,
            "labels": {
              "key1": "WorkerKey",
              "key2": 10,
              "key3": true,
              "Id": "tst_list_w_3"
            },
            "tags": {
              "tag1": "WorkerGenericInfo"
            },
            "channels": [
              {
                "channelId": "fakeChannel1",
                "capacityCostPerJob": 10,
                "maxNumberOfJobs": 10
              },
              {
                "channelId": "fakeChannel2",
                "capacityCostPerJob": 90,
                "maxNumberOfJobs": 1
              }
            ],
            "offers": [],
            "assignedJobs": [],
            "loadRatio": 0,
            "availableForOffers": false,
            "etag": "Sanitized"
          },
          {
            "id": "tst_list_w_2",
            "state": "inactive",
            "queues": [
              "test_list_workers_tst_q"
            ],
            "capacity": 100,
            "labels": {
              "key1": "WorkerKey",
              "key2": 10,
              "key3": true,
              "Id": "tst_list_w_2"
            },
            "tags": {
              "tag1": "WorkerGenericInfo"
            },
            "channels": [
              {
                "channelId": "fakeChannel1",
                "capacityCostPerJob": 10,
                "maxNumberOfJobs": 10
              },
              {
                "channelId": "fakeChannel2",
                "capacityCostPerJob": 90,
                "maxNumberOfJobs": 1
              }
            ],
            "offers": [],
            "assignedJobs": [],
            "loadRatio": 0,
            "availableForOffers": false,
            "etag": "Sanitized"
          }
        ],
        "nextLink": "/routing/workers?continuationToken=Y29udGludWF0aW9uVG9rZW49VzNzaWRHOXJaVzRpT2lJclVrbEVPbjRyVlRWRVFVcFZWR3BLWTNKc1ozZEJRVUZCUVVGQlBUMGpVbFE2TVNOVVVrTTZNaU5TVkVRNmNUSlZkVzh6YUdFeGJHRlZTMUI2VUdoMFlUSkNUVWhhY1ZaamNsUkJQVDBqU1ZOV09qSWpTVVZQT2pZMU5UWTNJMUZEUmpvNEkwWlFRenBCVTNGWFJFRkJRVUZCUVVGTVNsbE5RVUZCUVVGQlFUMGlMQ0p5WVc1blpTSTZleUp0YVc0aU9pSWlMQ0p0WVhnaU9pSkdSaUo5ZlYwPSZtYXhwYWdlc2l6ZT0yJnN0YXRlPWluYWN0aXZlJmNoYW5uZWxJZD1mYWtlQ2hhbm5lbDEmcXVldWVJZD10ZXN0X2xpc3Rfd29ya2Vyc190c3RfcQ%3D%3D"
      }
    },
    {
      "RequestUri": "https://sanitized.communication.azure.net/routing/workers?continuationToken=Y29udGludWF0aW9uVG9rZW49VzNzaWRHOXJaVzRpT2lJclVrbEVPbjRyVlRWRVFVcFZWR3BLWTNKc1ozZEJRVUZCUVVGQlBUMGpVbFE2TVNOVVVrTTZNaU5TVkVRNmNUSlZkVzh6YUdFeGJHRlZTMUI2VUdoMFlUSkNUVWhhY1ZaamNsUkJQVDBqU1ZOV09qSWpTVVZQT2pZMU5UWTNJMUZEUmpvNEkwWlFRenBCVTNGWFJFRkJRVUZCUVVGTVNsbE5RVUZCUVVGQlFUMGlMQ0p5WVc1blpTSTZleUp0YVc0aU9pSWlMQ0p0WVhnaU9pSkdSaUo5ZlYwPSZtYXhwYWdlc2l6ZT0yJnN0YXRlPWluYWN0aXZlJmNoYW5uZWxJZD1mYWtlQ2hhbm5lbDEmcXVldWVJZD10ZXN0X2xpc3Rfd29ya2Vyc190c3RfcQ%3D%3D\u0026api-version=2023-11-01",
      "RequestMethod": "GET",
      "RequestHeaders": {
        "Accept": "*/*",
        "Accept-Encoding": "gzip, deflate",
        "Authorization": "Sanitized",
        "Connection": "keep-alive",
        "User-Agent": "azsdk-python-communication-jobrouter/1.0.0 Python/3.11.5 (Windows-10-10.0.22621-SP0)",
        "x-ms-client-request-id": "89dbf112-7a8f-11ee-807f-046c590f95d2",
        "x-ms-content-sha256": "Sanitized",
        "x-ms-date": "Fri, 03 Nov 2023 21:25:40 GMT",
        "x-ms-return-client-request-id": "true"
      },
      "RequestBody": null,
      "StatusCode": 200,
      "ResponseHeaders": {
        "api-supported-versions": "2021-04-07-preview1, 2022-07-18-preview, 2023-08-25-preview, 2023-11-01",
        "Connection": "keep-alive",
        "Content-Type": "application/json; charset=utf-8",
        "Date": "Fri, 03 Nov 2023 21:25:40 GMT",
        "Request-Context": "appId=",
        "trace-id": "39d4d33c-959e-1d81-9877-fb5e475db844",
        "Transfer-Encoding": "chunked",
        "x-azure-ref": "20231103T212540Z-z9ycpx4wf13hpaapxre69xmp2w00000004a000000001byk7",
        "X-Cache": "CONFIG_NOCACHE"
      },
      "ResponseBody": {
        "value": [
          {
            "id": "tst_list_w_1",
            "state": "inactive",
            "queues": [
              "test_list_workers_tst_q"
            ],
            "capacity": 100,
            "labels": {
              "key1": "WorkerKey",
              "key2": 10,
              "key3": true,
              "Id": "tst_list_w_1"
            },
            "tags": {
              "tag1": "WorkerGenericInfo"
            },
            "channels": [
              {
                "channelId": "fakeChannel1",
                "capacityCostPerJob": 10,
                "maxNumberOfJobs": 10
              },
              {
                "channelId": "fakeChannel2",
                "capacityCostPerJob": 90,
                "maxNumberOfJobs": 1
              }
            ],
            "offers": [],
            "assignedJobs": [],
            "loadRatio": 0,
            "availableForOffers": false,
            "etag": "Sanitized"
          }
        ]
      }
    },
    {
      "RequestUri": "https://sanitized.communication.azure.net/routing/workers/tst_list_w_2?api-version=2023-11-01",
      "RequestMethod": "DELETE",
      "RequestHeaders": {
        "Accept": "*/*",
        "Accept-Encoding": "gzip, deflate",
        "Authorization": "Sanitized",
        "Connection": "keep-alive",
        "Content-Length": "0",
        "User-Agent": "azsdk-python-communication-jobrouter/1.0.0 Python/3.11.5 (Windows-10-10.0.22621-SP0)",
        "x-ms-client-request-id": "89e9328e-7a8f-11ee-a89c-046c590f95d2",
        "x-ms-content-sha256": "Sanitized",
        "x-ms-date": "Fri, 03 Nov 2023 21:25:40 GMT",
        "x-ms-return-client-request-id": "true"
      },
      "RequestBody": null,
      "StatusCode": 204,
      "ResponseHeaders": {
        "api-supported-versions": "2021-04-07-preview1, 2022-07-18-preview, 2023-08-25-preview, 2023-11-01",
        "Connection": "keep-alive",
        "Date": "Fri, 03 Nov 2023 21:25:40 GMT",
        "Request-Context": "appId=",
        "trace-id": "d4364407-b2dd-408d-f56a-a2fc74e35e21",
        "x-azure-ref": "20231103T212540Z-z9ycpx4wf13hpaapxre69xmp2w00000004a000000001bykv",
        "X-Cache": "CONFIG_NOCACHE"
      },
      "ResponseBody": null
    },
    {
      "RequestUri": "https://sanitized.communication.azure.net/routing/workers/tst_list_w_3?api-version=2023-11-01",
      "RequestMethod": "DELETE",
      "RequestHeaders": {
        "Accept": "*/*",
        "Accept-Encoding": "gzip, deflate",
        "Authorization": "Sanitized",
        "Connection": "keep-alive",
        "Content-Length": "0",
        "User-Agent": "azsdk-python-communication-jobrouter/1.0.0 Python/3.11.5 (Windows-10-10.0.22621-SP0)",
        "x-ms-client-request-id": "8a15cce3-7a8f-11ee-88ad-046c590f95d2",
        "x-ms-content-sha256": "Sanitized",
        "x-ms-date": "Fri, 03 Nov 2023 21:25:41 GMT",
        "x-ms-return-client-request-id": "true"
      },
      "RequestBody": null,
      "StatusCode": 204,
      "ResponseHeaders": {
        "api-supported-versions": "2021-04-07-preview1, 2022-07-18-preview, 2023-08-25-preview, 2023-11-01",
        "Connection": "keep-alive",
        "Date": "Fri, 03 Nov 2023 21:25:40 GMT",
        "Request-Context": "appId=",
        "trace-id": "f6c22487-8dce-2a58-15a2-bf96d9e228a8",
        "x-azure-ref": "20231103T212540Z-z9ycpx4wf13hpaapxre69xmp2w00000004a000000001bynn",
        "X-Cache": "CONFIG_NOCACHE"
      },
      "ResponseBody": null
    },
    {
      "RequestUri": "https://sanitized.communication.azure.net/routing/workers/tst_list_w_1?api-version=2023-11-01",
      "RequestMethod": "DELETE",
      "RequestHeaders": {
        "Accept": "*/*",
        "Accept-Encoding": "gzip, deflate",
        "Authorization": "Sanitized",
        "Connection": "keep-alive",
        "Content-Length": "0",
        "User-Agent": "azsdk-python-communication-jobrouter/1.0.0 Python/3.11.5 (Windows-10-10.0.22621-SP0)",
        "x-ms-client-request-id": "8a41cbd4-7a8f-11ee-a3f9-046c590f95d2",
        "x-ms-content-sha256": "Sanitized",
        "x-ms-date": "Fri, 03 Nov 2023 21:25:41 GMT",
        "x-ms-return-client-request-id": "true"
      },
      "RequestBody": null,
      "StatusCode": 204,
      "ResponseHeaders": {
        "api-supported-versions": "2021-04-07-preview1, 2022-07-18-preview, 2023-08-25-preview, 2023-11-01",
        "Connection": "keep-alive",
        "Date": "Fri, 03 Nov 2023 21:25:41 GMT",
        "Request-Context": "appId=",
        "trace-id": "7de88180-796d-41b2-11ef-969304b89b2d",
        "x-azure-ref": "20231103T212540Z-z9ycpx4wf13hpaapxre69xmp2w00000004a000000001byqh",
        "X-Cache": "CONFIG_NOCACHE"
      },
      "ResponseBody": null
    }
  ],
  "Variables": {}
}
