{
  "Entries": [
    {
      "RequestUri": "https://sanitized.communication.azure.net/routing/distributionPolicies/_test_list_sch_jobs_tst_dp?api-version=2023-11-01",
      "RequestMethod": "PATCH",
      "RequestHeaders": {
        "Accept": "application/json",
        "Accept-Encoding": "gzip, deflate",
        "Authorization": "Sanitized",
        "Connection": "keep-alive",
        "Content-Length": "156",
        "Content-Type": "application/merge-patch\u002Bjson",
        "User-Agent": "azsdk-python-communication-jobrouter/1.0.0 Python/3.11.5 (Windows-10-10.0.22621-SP0)",
        "x-ms-client-request-id": "d538851b-8289-11ee-aa51-046c590f95d2",
        "x-ms-content-sha256": "Sanitized",
        "x-ms-date": "Tue, 14 Nov 2023 01:04:59 GMT",
        "x-ms-return-client-request-id": "true"
      },
      "RequestBody": {
        "name": "_test_list_sch_jobs_tst_dp",
        "offerExpiresAfterSeconds": 10.0,
        "mode": {
          "minConcurrentOffers": 1,
          "maxConcurrentOffers": 1,
          "kind": "roundRobin"
        }
      },
      "StatusCode": 200,
      "ResponseHeaders": {
        "api-supported-versions": "2021-04-07-preview1, 2022-07-18-preview, 2023-08-25-preview, 2023-11-01",
        "Connection": "keep-alive",
        "Content-Type": "application/json; charset=utf-8",
        "Date": "Tue, 14 Nov 2023 01:04:59 GMT",
        "ETag": "Sanitized",
        "Last-Modified": "Fri, 27 Oct 2023 00:18:51 GMT",
        "Request-Context": "appId=",
        "trace-id": "9032efc9-f596-883a-3c27-6818e7300a79",
        "Transfer-Encoding": "chunked",
        "x-azure-ref": "20231114T010459Z-bfxw7uymgp0x7ek0p9c9ze3fu8000000050g00000000b4vt",
        "X-Cache": "CONFIG_NOCACHE"
      },
      "ResponseBody": {
        "id": "_test_list_sch_jobs_tst_dp",
        "name": "_test_list_sch_jobs_tst_dp",
        "offerExpiresAfterSeconds": 10,
        "mode": {
          "kind": "roundRobin",
          "minConcurrentOffers": 1,
          "maxConcurrentOffers": 1,
          "bypassSelectors": false
        },
        "etag": "Sanitized"
      }
    },
    {
      "RequestUri": "https://sanitized.communication.azure.net/routing/queues/_test_list_sch_jobs_tst_q?api-version=2023-11-01",
      "RequestMethod": "PATCH",
      "RequestHeaders": {
        "Accept": "application/json",
        "Accept-Encoding": "gzip, deflate",
        "Authorization": "Sanitized",
        "Connection": "keep-alive",
        "Content-Length": "147",
        "Content-Type": "application/merge-patch\u002Bjson",
        "User-Agent": "azsdk-python-communication-jobrouter/1.0.0 Python/3.11.5 (Windows-10-10.0.22621-SP0)",
        "x-ms-client-request-id": "d5530949-8289-11ee-94ee-046c590f95d2",
        "x-ms-content-sha256": "Sanitized",
        "x-ms-date": "Tue, 14 Nov 2023 01:04:59 GMT",
        "x-ms-return-client-request-id": "true"
      },
      "RequestBody": {
        "name": "_test_list_sch_jobs_tst_q",
        "distributionPolicyId": "_test_list_sch_jobs_tst_dp",
        "labels": {
          "key1": "JobKey",
          "key2": 10,
          "key3": true
        }
      },
      "StatusCode": 200,
      "ResponseHeaders": {
        "api-supported-versions": "2021-04-07-preview1, 2022-07-18-preview, 2023-08-25-preview, 2023-11-01",
        "Connection": "keep-alive",
        "Content-Type": "application/json; charset=utf-8",
        "Date": "Tue, 14 Nov 2023 01:04:59 GMT",
        "ETag": "Sanitized",
        "Last-Modified": "Fri, 27 Oct 2023 00:18:52 GMT",
        "Request-Context": "appId=",
        "trace-id": "1500f113-42c1-3ece-e680-8cb5d97b79d4",
        "Transfer-Encoding": "chunked",
        "x-azure-ref": "20231114T010459Z-bfxw7uymgp0x7ek0p9c9ze3fu8000000050g00000000b4wx",
        "X-Cache": "CONFIG_NOCACHE"
      },
      "ResponseBody": {
        "id": "_test_list_sch_jobs_tst_q",
        "name": "_test_list_sch_jobs_tst_q",
        "distributionPolicyId": "_test_list_sch_jobs_tst_dp",
        "labels": {
          "key1": "JobKey",
          "key2": 10,
          "key3": true,
          "Id": "_test_list_sch_jobs_tst_q"
        },
        "etag": "Sanitized"
      }
    },
    {
      "RequestUri": "https://sanitized.communication.azure.net/routing/jobs/_tst_list_sch_job_1?api-version=2023-11-01",
      "RequestMethod": "PATCH",
      "RequestHeaders": {
        "Accept": "application/json",
        "Accept-Encoding": "gzip, deflate",
        "Authorization": "Sanitized",
        "Connection": "keep-alive",
        "Content-Length": "843",
        "Content-Type": "application/merge-patch\u002Bjson",
        "User-Agent": "azsdk-python-communication-jobrouter/1.0.0 Python/3.11.5 (Windows-10-10.0.22621-SP0)",
        "x-ms-client-request-id": "d56b8eec-8289-11ee-8fa6-046c590f95d2",
        "x-ms-content-sha256": "Sanitized",
        "x-ms-date": "Tue, 14 Nov 2023 01:04:59 GMT",
        "x-ms-return-client-request-id": "true"
      },
      "RequestBody": {
        "channelReference": "fakeChannelRef1",
        "channelId": "fakeChannelId1",
        "queueId": "_test_list_sch_jobs_tst_q",
        "priority": 10,
        "requestedWorkerSelectors": [
          {
            "key": "FakeKey1",
            "labelOperator": "equal",
            "value": true
          },
          {
            "key": "FakeKey2",
            "labelOperator": "notEqual",
            "value": false
          },
          {
            "key": "FakeKey3",
            "labelOperator": "lessThan",
            "value": 10
          },
          {
            "key": "FakeKey4",
            "labelOperator": "lessThanOrEqual",
            "value": 10.01
          },
          {
            "key": "FakeKey5",
            "labelOperator": "greaterThan",
            "value": 10
          },
          {
            "key": "FakeKey6",
            "labelOperator": "greaterThanOrEqual",
            "value": 10
          }
        ],
        "labels": {
          "key1": "JobKey",
          "key2": 10,
          "key3": true
        },
        "tags": {
          "tag1": "WorkerGenericInfo"
        },
        "notes": [
          {
            "addedAt": "2022-05-13T16:59:04.531199Z",
            "message": "Fake notes attached to job"
          }
        ],
        "matchingMode": {
          "scheduleAt": "2023-11-14T01:05:29.778045Z",
          "kind": "scheduleAndSuspend"
        }
      },
      "StatusCode": 200,
      "ResponseHeaders": {
        "api-supported-versions": "2021-04-07-preview1, 2022-07-18-preview, 2023-08-25-preview, 2023-11-01",
        "Connection": "keep-alive",
        "Content-Type": "application/json; charset=utf-8",
        "Date": "Tue, 14 Nov 2023 01:05:00 GMT",
        "ETag": "Sanitized",
        "Last-Modified": "Tue, 14 Nov 2023 01:05:00 GMT",
        "Request-Context": "appId=",
        "trace-id": "9232364b-6d99-b7d1-f8a4-0847905ceb69",
        "Transfer-Encoding": "chunked",
        "x-azure-ref": "20231114T010459Z-bfxw7uymgp0x7ek0p9c9ze3fu8000000050g00000000b4xg",
        "X-Cache": "CONFIG_NOCACHE"
      },
      "ResponseBody": {
        "id": "_tst_list_sch_job_1",
        "channelReference": "fakeChannelRef1",
        "status": "pendingSchedule",
        "channelId": "fakeChannelId1",
        "queueId": "_test_list_sch_jobs_tst_q",
        "priority": 10,
        "requestedWorkerSelectors": [
          {
            "expedite": false,
            "status": "active",
            "key": "FakeKey1",
            "labelOperator": "equal",
            "value": true
          },
          {
            "expedite": false,
            "status": "active",
            "key": "FakeKey2",
            "labelOperator": "notEqual",
            "value": false
          },
          {
            "expedite": false,
            "status": "active",
            "key": "FakeKey3",
            "labelOperator": "lessThan",
            "value": 10
          },
          {
            "expedite": false,
            "status": "active",
            "key": "FakeKey4",
            "labelOperator": "lessThanOrEqual",
            "value": 10.01
          },
          {
            "expedite": false,
            "status": "active",
            "key": "FakeKey5",
            "labelOperator": "greaterThan",
            "value": 10
          },
          {
            "expedite": false,
            "status": "active",
            "key": "FakeKey6",
            "labelOperator": "greaterThanOrEqual",
            "value": 10
          }
        ],
        "attachedWorkerSelectors": [],
        "labels": {
          "key1": "JobKey",
          "key2": 10,
          "key3": true
        },
        "assignments": {},
        "tags": {
          "tag1": "WorkerGenericInfo"
        },
        "notes": [
          {
            "message": "Fake notes attached to job",
            "addedAt": "2022-05-13T16:59:04.531199\u002B00:00"
          }
        ],
        "scheduledAt": "2023-11-13T21:33:36.9517709\u002B00:00",
        "matchingMode": {
          "kind": "scheduleAndSuspend",
          "scheduleAt": "2023-11-14T01:05:29.778045\u002B00:00"
        },
        "etag": "Sanitized"
      }
    },
    {
      "RequestUri": "https://sanitized.communication.azure.net/routing/jobs/_tst_list_sch_job_1?api-version=2023-11-01",
      "RequestMethod": "GET",
      "RequestHeaders": {
        "Accept": "application/json",
        "Accept-Encoding": "gzip, deflate",
        "Authorization": "Sanitized",
        "Connection": "keep-alive",
        "User-Agent": "azsdk-python-communication-jobrouter/1.0.0 Python/3.11.5 (Windows-10-10.0.22621-SP0)",
        "x-ms-client-request-id": "d5b4bee0-8289-11ee-835c-046c590f95d2",
        "x-ms-content-sha256": "Sanitized",
        "x-ms-date": "Tue, 14 Nov 2023 01:05:00 GMT",
        "x-ms-return-client-request-id": "true"
      },
      "RequestBody": null,
      "StatusCode": 200,
      "ResponseHeaders": {
        "api-supported-versions": "2021-04-07-preview1, 2022-07-18-preview, 2023-08-25-preview, 2023-11-01",
        "Connection": "keep-alive",
        "Content-Type": "application/json; charset=utf-8",
        "Date": "Tue, 14 Nov 2023 01:05:00 GMT",
        "ETag": "Sanitized",
        "Last-Modified": "Tue, 14 Nov 2023 01:05:00 GMT",
        "Request-Context": "appId=",
        "trace-id": "db1a6c7a-64be-6d8a-79e8-75b48fb57bd9",
        "Transfer-Encoding": "chunked",
        "x-azure-ref": "20231114T010500Z-bfxw7uymgp0x7ek0p9c9ze3fu8000000050g00000000b4zk",
        "X-Cache": "CONFIG_NOCACHE"
      },
      "ResponseBody": {
        "id": "_tst_list_sch_job_1",
        "channelReference": "fakeChannelRef1",
        "status": "pendingSchedule",
        "channelId": "fakeChannelId1",
        "queueId": "_test_list_sch_jobs_tst_q",
        "priority": 10,
        "requestedWorkerSelectors": [
          {
            "expedite": false,
            "status": "active",
            "key": "FakeKey1",
            "labelOperator": "equal",
            "value": true
          },
          {
            "expedite": false,
            "status": "active",
            "key": "FakeKey2",
            "labelOperator": "notEqual",
            "value": false
          },
          {
            "expedite": false,
            "status": "active",
            "key": "FakeKey3",
            "labelOperator": "lessThan",
            "value": 10
          },
          {
            "expedite": false,
            "status": "active",
            "key": "FakeKey4",
            "labelOperator": "lessThanOrEqual",
            "value": 10.01
          },
          {
            "expedite": false,
            "status": "active",
            "key": "FakeKey5",
            "labelOperator": "greaterThan",
            "value": 10
          },
          {
            "expedite": false,
            "status": "active",
            "key": "FakeKey6",
            "labelOperator": "greaterThanOrEqual",
            "value": 10
          }
        ],
        "attachedWorkerSelectors": [],
        "labels": {
          "key1": "JobKey",
          "key2": 10,
          "key3": true
        },
        "assignments": {},
        "tags": {
          "tag1": "WorkerGenericInfo"
        },
        "notes": [
          {
            "message": "Fake notes attached to job",
            "addedAt": "2022-05-13T16:59:04.531199\u002B00:00"
          }
        ],
        "scheduledAt": "2023-11-13T21:33:36.9517709\u002B00:00",
        "matchingMode": {
          "kind": "scheduleAndSuspend",
          "scheduleAt": "2023-11-14T01:05:29.778045\u002B00:00"
        },
        "etag": "Sanitized"
      }
    },
    {
      "RequestUri": "https://sanitized.communication.azure.net/routing/jobs/_tst_list_sch_job_1?api-version=2023-11-01",
      "RequestMethod": "GET",
      "RequestHeaders": {
        "Accept": "application/json",
        "Accept-Encoding": "gzip, deflate",
        "Authorization": "Sanitized",
        "Connection": "keep-alive",
        "User-Agent": "azsdk-python-communication-jobrouter/1.0.0 Python/3.11.5 (Windows-10-10.0.22621-SP0)",
        "x-ms-client-request-id": "d792fbb5-8289-11ee-bf54-046c590f95d2",
        "x-ms-content-sha256": "Sanitized",
        "x-ms-date": "Tue, 14 Nov 2023 01:05:03 GMT",
        "x-ms-return-client-request-id": "true"
      },
      "RequestBody": null,
      "StatusCode": 200,
      "ResponseHeaders": {
        "api-supported-versions": "2021-04-07-preview1, 2022-07-18-preview, 2023-08-25-preview, 2023-11-01",
        "Connection": "keep-alive",
        "Content-Type": "application/json; charset=utf-8",
        "Date": "Tue, 14 Nov 2023 01:05:03 GMT",
        "ETag": "Sanitized",
        "Last-Modified": "Tue, 14 Nov 2023 01:05:00 GMT",
        "Request-Context": "appId=",
        "trace-id": "261618db-f13c-b395-ac07-d969ce019983",
        "Transfer-Encoding": "chunked",
        "x-azure-ref": "20231114T010503Z-bfxw7uymgp0x7ek0p9c9ze3fu8000000050g00000000b5hh",
        "X-Cache": "CONFIG_NOCACHE"
      },
      "ResponseBody": {
        "id": "_tst_list_sch_job_1",
        "channelReference": "fakeChannelRef1",
        "status": "scheduled",
        "channelId": "fakeChannelId1",
        "queueId": "_test_list_sch_jobs_tst_q",
        "priority": 10,
        "requestedWorkerSelectors": [
          {
            "expedite": false,
            "status": "active",
            "key": "FakeKey1",
            "labelOperator": "equal",
            "value": true
          },
          {
            "expedite": false,
            "status": "active",
            "key": "FakeKey2",
            "labelOperator": "notEqual",
            "value": false
          },
          {
            "expedite": false,
            "status": "active",
            "key": "FakeKey3",
            "labelOperator": "lessThan",
            "value": 10
          },
          {
            "expedite": false,
            "status": "active",
            "key": "FakeKey4",
            "labelOperator": "lessThanOrEqual",
            "value": 10.01
          },
          {
            "expedite": false,
            "status": "active",
            "key": "FakeKey5",
            "labelOperator": "greaterThan",
            "value": 10
          },
          {
            "expedite": false,
            "status": "active",
            "key": "FakeKey6",
            "labelOperator": "greaterThanOrEqual",
            "value": 10
          }
        ],
        "attachedWorkerSelectors": [],
        "labels": {
          "key1": "JobKey",
          "key2": 10,
          "key3": true
        },
        "assignments": {},
        "tags": {
          "tag1": "WorkerGenericInfo"
        },
        "notes": [
          {
            "message": "Fake notes attached to job",
            "addedAt": "2022-05-13T16:59:04.531199\u002B00:00"
          }
        ],
        "scheduledAt": "2023-11-13T21:33:36.9517709\u002B00:00",
        "matchingMode": {
          "kind": "scheduleAndSuspend",
          "scheduleAt": "2023-11-14T01:05:29.778045\u002B00:00"
        },
        "etag": "Sanitized"
      }
    },
    {
      "RequestUri": "https://sanitized.communication.azure.net/routing/jobs/_tst_list_sch_job_2?api-version=2023-11-01",
      "RequestMethod": "PATCH",
      "RequestHeaders": {
        "Accept": "application/json",
        "Accept-Encoding": "gzip, deflate",
        "Authorization": "Sanitized",
        "Connection": "keep-alive",
        "Content-Length": "843",
        "Content-Type": "application/merge-patch\u002Bjson",
        "User-Agent": "azsdk-python-communication-jobrouter/1.0.0 Python/3.11.5 (Windows-10-10.0.22621-SP0)",
        "x-ms-client-request-id": "d7a0c37e-8289-11ee-ae16-046c590f95d2",
        "x-ms-content-sha256": "Sanitized",
        "x-ms-date": "Tue, 14 Nov 2023 01:05:03 GMT",
        "x-ms-return-client-request-id": "true"
      },
      "RequestBody": {
        "channelReference": "fakeChannelRef1",
        "channelId": "fakeChannelId1",
        "queueId": "_test_list_sch_jobs_tst_q",
        "priority": 10,
        "requestedWorkerSelectors": [
          {
            "key": "FakeKey1",
            "labelOperator": "equal",
            "value": true
          },
          {
            "key": "FakeKey2",
            "labelOperator": "notEqual",
            "value": false
          },
          {
            "key": "FakeKey3",
            "labelOperator": "lessThan",
            "value": 10
          },
          {
            "key": "FakeKey4",
            "labelOperator": "lessThanOrEqual",
            "value": 10.01
          },
          {
            "key": "FakeKey5",
            "labelOperator": "greaterThan",
            "value": 10
          },
          {
            "key": "FakeKey6",
            "labelOperator": "greaterThanOrEqual",
            "value": 10
          }
        ],
        "labels": {
          "key1": "JobKey",
          "key2": 10,
          "key3": true
        },
        "tags": {
          "tag1": "WorkerGenericInfo"
        },
        "notes": [
          {
            "addedAt": "2022-05-13T16:59:04.531199Z",
            "message": "Fake notes attached to job"
          }
        ],
        "matchingMode": {
          "scheduleAt": "2023-11-14T01:05:29.778045Z",
          "kind": "scheduleAndSuspend"
        }
      },
      "StatusCode": 200,
      "ResponseHeaders": {
        "api-supported-versions": "2021-04-07-preview1, 2022-07-18-preview, 2023-08-25-preview, 2023-11-01",
        "Connection": "keep-alive",
        "Content-Type": "application/json; charset=utf-8",
        "Date": "Tue, 14 Nov 2023 01:05:03 GMT",
        "ETag": "Sanitized",
        "Last-Modified": "Tue, 14 Nov 2023 01:05:03 GMT",
        "Request-Context": "appId=",
        "trace-id": "04c15f58-aaa4-6d2f-2b99-8a94f8f89ba7",
        "Transfer-Encoding": "chunked",
        "x-azure-ref": "20231114T010503Z-bfxw7uymgp0x7ek0p9c9ze3fu8000000050g00000000b5ht",
        "X-Cache": "CONFIG_NOCACHE"
      },
      "ResponseBody": {
        "id": "_tst_list_sch_job_2",
        "channelReference": "fakeChannelRef1",
        "status": "pendingSchedule",
        "channelId": "fakeChannelId1",
        "queueId": "_test_list_sch_jobs_tst_q",
        "priority": 10,
        "requestedWorkerSelectors": [
          {
            "expedite": false,
            "status": "active",
            "key": "FakeKey1",
            "labelOperator": "equal",
            "value": true
          },
          {
            "expedite": false,
            "status": "active",
            "key": "FakeKey2",
            "labelOperator": "notEqual",
            "value": false
          },
          {
            "expedite": false,
            "status": "active",
            "key": "FakeKey3",
            "labelOperator": "lessThan",
            "value": 10
          },
          {
            "expedite": false,
            "status": "active",
            "key": "FakeKey4",
            "labelOperator": "lessThanOrEqual",
            "value": 10.01
          },
          {
            "expedite": false,
            "status": "active",
            "key": "FakeKey5",
            "labelOperator": "greaterThan",
            "value": 10
          },
          {
            "expedite": false,
            "status": "active",
            "key": "FakeKey6",
            "labelOperator": "greaterThanOrEqual",
            "value": 10
          }
        ],
        "attachedWorkerSelectors": [],
        "labels": {
          "key1": "JobKey",
          "key2": 10,
          "key3": true
        },
        "assignments": {},
        "tags": {
          "tag1": "WorkerGenericInfo"
        },
        "notes": [
          {
            "message": "Fake notes attached to job",
            "addedAt": "2022-05-13T16:59:04.531199\u002B00:00"
          }
        ],
        "scheduledAt": "2023-11-13T21:33:36.6276992\u002B00:00",
        "matchingMode": {
          "kind": "scheduleAndSuspend",
          "scheduleAt": "2023-11-14T01:05:29.778045\u002B00:00"
        },
        "etag": "Sanitized"
      }
    },
    {
      "RequestUri": "https://sanitized.communication.azure.net/routing/jobs/_tst_list_sch_job_2?api-version=2023-11-01",
      "RequestMethod": "GET",
      "RequestHeaders": {
        "Accept": "application/json",
        "Accept-Encoding": "gzip, deflate",
        "Authorization": "Sanitized",
        "Connection": "keep-alive",
        "User-Agent": "azsdk-python-communication-jobrouter/1.0.0 Python/3.11.5 (Windows-10-10.0.22621-SP0)",
        "x-ms-client-request-id": "d7c82ae0-8289-11ee-ab43-046c590f95d2",
        "x-ms-content-sha256": "Sanitized",
        "x-ms-date": "Tue, 14 Nov 2023 01:05:03 GMT",
        "x-ms-return-client-request-id": "true"
      },
      "RequestBody": null,
      "StatusCode": 200,
      "ResponseHeaders": {
        "api-supported-versions": "2021-04-07-preview1, 2022-07-18-preview, 2023-08-25-preview, 2023-11-01",
        "Connection": "keep-alive",
        "Content-Type": "application/json; charset=utf-8",
        "Date": "Tue, 14 Nov 2023 01:05:03 GMT",
        "ETag": "Sanitized",
        "Last-Modified": "Tue, 14 Nov 2023 01:05:03 GMT",
        "Request-Context": "appId=",
        "trace-id": "8968b63a-1168-5f7a-7c68-c38be0627380",
        "Transfer-Encoding": "chunked",
        "x-azure-ref": "20231114T010503Z-bfxw7uymgp0x7ek0p9c9ze3fu8000000050g00000000b5m7",
        "X-Cache": "CONFIG_NOCACHE"
      },
      "ResponseBody": {
        "id": "_tst_list_sch_job_2",
        "channelReference": "fakeChannelRef1",
        "status": "pendingSchedule",
        "channelId": "fakeChannelId1",
        "queueId": "_test_list_sch_jobs_tst_q",
        "priority": 10,
        "requestedWorkerSelectors": [
          {
            "expedite": false,
            "status": "active",
            "key": "FakeKey1",
            "labelOperator": "equal",
            "value": true
          },
          {
            "expedite": false,
            "status": "active",
            "key": "FakeKey2",
            "labelOperator": "notEqual",
            "value": false
          },
          {
            "expedite": false,
            "status": "active",
            "key": "FakeKey3",
            "labelOperator": "lessThan",
            "value": 10
          },
          {
            "expedite": false,
            "status": "active",
            "key": "FakeKey4",
            "labelOperator": "lessThanOrEqual",
            "value": 10.01
          },
          {
            "expedite": false,
            "status": "active",
            "key": "FakeKey5",
            "labelOperator": "greaterThan",
            "value": 10
          },
          {
            "expedite": false,
            "status": "active",
            "key": "FakeKey6",
            "labelOperator": "greaterThanOrEqual",
            "value": 10
          }
        ],
        "attachedWorkerSelectors": [],
        "labels": {
          "key1": "JobKey",
          "key2": 10,
          "key3": true
        },
        "assignments": {},
        "tags": {
          "tag1": "WorkerGenericInfo"
        },
        "notes": [
          {
            "message": "Fake notes attached to job",
            "addedAt": "2022-05-13T16:59:04.531199\u002B00:00"
          }
        ],
        "scheduledAt": "2023-11-13T21:33:36.6276992\u002B00:00",
        "matchingMode": {
          "kind": "scheduleAndSuspend",
          "scheduleAt": "2023-11-14T01:05:29.778045\u002B00:00"
        },
        "etag": "Sanitized"
      }
    },
    {
      "RequestUri": "https://sanitized.communication.azure.net/routing/jobs/_tst_list_sch_job_2?api-version=2023-11-01",
      "RequestMethod": "GET",
      "RequestHeaders": {
        "Accept": "application/json",
        "Accept-Encoding": "gzip, deflate",
        "Authorization": "Sanitized",
        "Connection": "keep-alive",
        "User-Agent": "azsdk-python-communication-jobrouter/1.0.0 Python/3.11.5 (Windows-10-10.0.22621-SP0)",
        "x-ms-client-request-id": "d9a44f50-8289-11ee-8b5f-046c590f95d2",
        "x-ms-content-sha256": "Sanitized",
        "x-ms-date": "Tue, 14 Nov 2023 01:05:06 GMT",
        "x-ms-return-client-request-id": "true"
      },
      "RequestBody": null,
      "StatusCode": 200,
      "ResponseHeaders": {
        "api-supported-versions": "2021-04-07-preview1, 2022-07-18-preview, 2023-08-25-preview, 2023-11-01",
        "Connection": "keep-alive",
        "Content-Type": "application/json; charset=utf-8",
        "Date": "Tue, 14 Nov 2023 01:05:06 GMT",
        "ETag": "Sanitized",
        "Last-Modified": "Tue, 14 Nov 2023 01:05:04 GMT",
        "Request-Context": "appId=",
        "trace-id": "2633da24-3d54-f10b-0eaa-9a2ecabfd18f",
        "Transfer-Encoding": "chunked",
        "x-azure-ref": "20231114T010506Z-bfxw7uymgp0x7ek0p9c9ze3fu8000000050g00000000b62d",
        "X-Cache": "CONFIG_NOCACHE"
      },
      "ResponseBody": {
        "id": "_tst_list_sch_job_2",
        "channelReference": "fakeChannelRef1",
        "status": "scheduled",
        "channelId": "fakeChannelId1",
        "queueId": "_test_list_sch_jobs_tst_q",
        "priority": 10,
        "requestedWorkerSelectors": [
          {
            "expedite": false,
            "status": "active",
            "key": "FakeKey1",
            "labelOperator": "equal",
            "value": true
          },
          {
            "expedite": false,
            "status": "active",
            "key": "FakeKey2",
            "labelOperator": "notEqual",
            "value": false
          },
          {
            "expedite": false,
            "status": "active",
            "key": "FakeKey3",
            "labelOperator": "lessThan",
            "value": 10
          },
          {
            "expedite": false,
            "status": "active",
            "key": "FakeKey4",
            "labelOperator": "lessThanOrEqual",
            "value": 10.01
          },
          {
            "expedite": false,
            "status": "active",
            "key": "FakeKey5",
            "labelOperator": "greaterThan",
            "value": 10
          },
          {
            "expedite": false,
            "status": "active",
            "key": "FakeKey6",
            "labelOperator": "greaterThanOrEqual",
            "value": 10
          }
        ],
        "attachedWorkerSelectors": [],
        "labels": {
          "key1": "JobKey",
          "key2": 10,
          "key3": true
        },
        "assignments": {},
        "tags": {
          "tag1": "WorkerGenericInfo"
        },
        "notes": [
          {
            "message": "Fake notes attached to job",
            "addedAt": "2022-05-13T16:59:04.531199\u002B00:00"
          }
        ],
        "scheduledAt": "2023-11-13T21:33:36.6276992\u002B00:00",
        "matchingMode": {
          "kind": "scheduleAndSuspend",
          "scheduleAt": "2023-11-14T01:05:29.778045\u002B00:00"
        },
        "etag": "Sanitized"
      }
    },
    {
      "RequestUri": "https://sanitized.communication.azure.net/routing/jobs?api-version=2023-11-01\u0026maxpagesize=2\u0026status=scheduled\u0026queueId=_test_list_sch_jobs_tst_q\u0026channelId=fakeChannelId1\u0026scheduledBefore=2023-11-14T01%3A05%3A29.778045Z",
      "RequestMethod": "GET",
      "RequestHeaders": {
        "Accept": "application/json",
        "Accept-Encoding": "gzip, deflate",
        "Authorization": "Sanitized",
        "Connection": "keep-alive",
        "User-Agent": "azsdk-python-communication-jobrouter/1.0.0 Python/3.11.5 (Windows-10-10.0.22621-SP0)",
        "x-ms-client-request-id": "d9b2f794-8289-11ee-9914-046c590f95d2",
        "x-ms-content-sha256": "Sanitized",
        "x-ms-date": "Tue, 14 Nov 2023 01:05:06 GMT",
        "x-ms-return-client-request-id": "true"
      },
      "RequestBody": null,
      "StatusCode": 200,
      "ResponseHeaders": {
        "api-supported-versions": "2021-04-07-preview1, 2022-07-18-preview, 2023-08-25-preview, 2023-11-01",
        "Connection": "keep-alive",
        "Content-Type": "application/json; charset=utf-8",
        "Date": "Tue, 14 Nov 2023 01:05:07 GMT",
        "Request-Context": "appId=",
        "trace-id": "dc1eab4e-6422-04ee-4d09-43133a6b3ba4",
        "Transfer-Encoding": "chunked",
        "x-azure-ref": "20231114T010506Z-bfxw7uymgp0x7ek0p9c9ze3fu8000000050g00000000b62p",
        "X-Cache": "CONFIG_NOCACHE"
      },
      "ResponseBody": {
        "value": [
          {
            "id": "_tst_list_sch_job_2",
            "channelReference": "fakeChannelRef1",
            "status": "scheduled",
            "channelId": "fakeChannelId1",
            "queueId": "_test_list_sch_jobs_tst_q",
            "priority": 10,
            "requestedWorkerSelectors": [
              {
                "expedite": false,
                "status": "active",
                "key": "FakeKey1",
                "labelOperator": "equal",
                "value": true
              },
              {
                "expedite": false,
                "status": "active",
                "key": "FakeKey2",
                "labelOperator": "notEqual",
                "value": false
              },
              {
                "expedite": false,
                "status": "active",
                "key": "FakeKey3",
                "labelOperator": "lessThan",
                "value": 10
              },
              {
                "expedite": false,
                "status": "active",
                "key": "FakeKey4",
                "labelOperator": "lessThanOrEqual",
                "value": 10.01
              },
              {
                "expedite": false,
                "status": "active",
                "key": "FakeKey5",
                "labelOperator": "greaterThan",
                "value": 10
              },
              {
                "expedite": false,
                "status": "active",
                "key": "FakeKey6",
                "labelOperator": "greaterThanOrEqual",
                "value": 10
              }
            ],
            "attachedWorkerSelectors": [],
            "labels": {
              "key1": "JobKey",
              "key2": 10,
              "key3": true
            },
            "assignments": {},
            "tags": {
              "tag1": "WorkerGenericInfo"
            },
            "notes": [
              {
                "message": "Fake notes attached to job",
                "addedAt": "2022-05-13T16:59:04.531199\u002B00:00"
              }
            ],
            "scheduledAt": "2023-11-13T21:33:36.6276992\u002B00:00",
            "matchingMode": {
              "kind": "scheduleAndSuspend",
              "scheduleAt": "2023-11-14T01:05:29.778045\u002B00:00"
            },
            "etag": "Sanitized"
          },
          {
            "id": "_tst_list_sch_job_1",
            "channelReference": "fakeChannelRef1",
            "status": "scheduled",
            "channelId": "fakeChannelId1",
            "queueId": "_test_list_sch_jobs_tst_q",
            "priority": 10,
            "requestedWorkerSelectors": [
              {
                "expedite": false,
                "status": "active",
                "key": "FakeKey1",
                "labelOperator": "equal",
                "value": true
              },
              {
                "expedite": false,
                "status": "active",
                "key": "FakeKey2",
                "labelOperator": "notEqual",
                "value": false
              },
              {
                "expedite": false,
                "status": "active",
                "key": "FakeKey3",
                "labelOperator": "lessThan",
                "value": 10
              },
              {
                "expedite": false,
                "status": "active",
                "key": "FakeKey4",
                "labelOperator": "lessThanOrEqual",
                "value": 10.01
              },
              {
                "expedite": false,
                "status": "active",
                "key": "FakeKey5",
                "labelOperator": "greaterThan",
                "value": 10
              },
              {
                "expedite": false,
                "status": "active",
                "key": "FakeKey6",
                "labelOperator": "greaterThanOrEqual",
                "value": 10
              }
            ],
            "attachedWorkerSelectors": [],
            "labels": {
              "key1": "JobKey",
              "key2": 10,
              "key3": true
            },
            "assignments": {},
            "tags": {
              "tag1": "WorkerGenericInfo"
            },
            "notes": [
              {
                "message": "Fake notes attached to job",
                "addedAt": "2022-05-13T16:59:04.531199\u002B00:00"
              }
            ],
            "scheduledAt": "2023-11-13T21:33:36.9517709\u002B00:00",
            "matchingMode": {
              "kind": "scheduleAndSuspend",
              "scheduleAt": "2023-11-14T01:05:29.778045\u002B00:00"
            },
            "etag": "Sanitized"
          }
        ]
      }
    },
    {
      "RequestUri": "https://sanitized.communication.azure.net/routing/jobs/_tst_list_sch_job_1?api-version=2023-11-01",
      "RequestMethod": "GET",
      "RequestHeaders": {
        "Accept": "application/json",
        "Accept-Encoding": "gzip, deflate",
        "Authorization": "Sanitized",
        "Connection": "keep-alive",
        "User-Agent": "azsdk-python-communication-jobrouter/1.0.0 Python/3.11.5 (Windows-10-10.0.22621-SP0)",
        "x-ms-client-request-id": "d9c160eb-8289-11ee-ad9e-046c590f95d2",
        "x-ms-content-sha256": "Sanitized",
        "x-ms-date": "Tue, 14 Nov 2023 01:05:07 GMT",
        "x-ms-return-client-request-id": "true"
      },
      "RequestBody": null,
      "StatusCode": 200,
      "ResponseHeaders": {
        "api-supported-versions": "2021-04-07-preview1, 2022-07-18-preview, 2023-08-25-preview, 2023-11-01",
        "Connection": "keep-alive",
        "Content-Type": "application/json; charset=utf-8",
        "Date": "Tue, 14 Nov 2023 01:05:07 GMT",
        "ETag": "Sanitized",
        "Last-Modified": "Tue, 14 Nov 2023 01:05:00 GMT",
        "Request-Context": "appId=",
        "trace-id": "ec035682-7073-e8b5-d083-ef1ef9b2d303",
        "Transfer-Encoding": "chunked",
        "x-azure-ref": "20231114T010507Z-bfxw7uymgp0x7ek0p9c9ze3fu8000000050g00000000b630",
        "X-Cache": "CONFIG_NOCACHE"
      },
      "ResponseBody": {
        "id": "_tst_list_sch_job_1",
        "channelReference": "fakeChannelRef1",
        "status": "scheduled",
        "channelId": "fakeChannelId1",
        "queueId": "_test_list_sch_jobs_tst_q",
        "priority": 10,
        "requestedWorkerSelectors": [
          {
            "expedite": false,
            "status": "active",
            "key": "FakeKey1",
            "labelOperator": "equal",
            "value": true
          },
          {
            "expedite": false,
            "status": "active",
            "key": "FakeKey2",
            "labelOperator": "notEqual",
            "value": false
          },
          {
            "expedite": false,
            "status": "active",
            "key": "FakeKey3",
            "labelOperator": "lessThan",
            "value": 10
          },
          {
            "expedite": false,
            "status": "active",
            "key": "FakeKey4",
            "labelOperator": "lessThanOrEqual",
            "value": 10.01
          },
          {
            "expedite": false,
            "status": "active",
            "key": "FakeKey5",
            "labelOperator": "greaterThan",
            "value": 10
          },
          {
            "expedite": false,
            "status": "active",
            "key": "FakeKey6",
            "labelOperator": "greaterThanOrEqual",
            "value": 10
          }
        ],
        "attachedWorkerSelectors": [],
        "labels": {
          "key1": "JobKey",
          "key2": 10,
          "key3": true
        },
        "assignments": {},
        "tags": {
          "tag1": "WorkerGenericInfo"
        },
        "notes": [
          {
            "message": "Fake notes attached to job",
            "addedAt": "2022-05-13T16:59:04.531199\u002B00:00"
          }
        ],
        "scheduledAt": "2023-11-13T21:33:36.9517709\u002B00:00",
        "matchingMode": {
          "kind": "scheduleAndSuspend",
          "scheduleAt": "2023-11-14T01:05:29.778045\u002B00:00"
        },
        "etag": "Sanitized"
      }
    },
    {
      "RequestUri": "https://sanitized.communication.azure.net/routing/jobs/_tst_list_sch_job_2?api-version=2023-11-01",
      "RequestMethod": "GET",
      "RequestHeaders": {
        "Accept": "application/json",
        "Accept-Encoding": "gzip, deflate",
        "Authorization": "Sanitized",
        "Connection": "keep-alive",
        "User-Agent": "azsdk-python-communication-jobrouter/1.0.0 Python/3.11.5 (Windows-10-10.0.22621-SP0)",
        "x-ms-client-request-id": "d9d19f64-8289-11ee-9c16-046c590f95d2",
        "x-ms-content-sha256": "Sanitized",
        "x-ms-date": "Tue, 14 Nov 2023 01:05:07 GMT",
        "x-ms-return-client-request-id": "true"
      },
      "RequestBody": null,
      "StatusCode": 200,
      "ResponseHeaders": {
        "api-supported-versions": "2021-04-07-preview1, 2022-07-18-preview, 2023-08-25-preview, 2023-11-01",
        "Connection": "keep-alive",
        "Content-Type": "application/json; charset=utf-8",
        "Date": "Tue, 14 Nov 2023 01:05:07 GMT",
        "ETag": "Sanitized",
        "Last-Modified": "Tue, 14 Nov 2023 01:05:04 GMT",
        "Request-Context": "appId=",
        "trace-id": "01774d3e-51d6-404a-2658-5ceada6efd5e",
        "Transfer-Encoding": "chunked",
        "x-azure-ref": "20231114T010507Z-bfxw7uymgp0x7ek0p9c9ze3fu8000000050g00000000b63e",
        "X-Cache": "CONFIG_NOCACHE"
      },
      "ResponseBody": {
        "id": "_tst_list_sch_job_2",
        "channelReference": "fakeChannelRef1",
        "status": "scheduled",
        "channelId": "fakeChannelId1",
        "queueId": "_test_list_sch_jobs_tst_q",
        "priority": 10,
        "requestedWorkerSelectors": [
          {
            "expedite": false,
            "status": "active",
            "key": "FakeKey1",
            "labelOperator": "equal",
            "value": true
          },
          {
            "expedite": false,
            "status": "active",
            "key": "FakeKey2",
            "labelOperator": "notEqual",
            "value": false
          },
          {
            "expedite": false,
            "status": "active",
            "key": "FakeKey3",
            "labelOperator": "lessThan",
            "value": 10
          },
          {
            "expedite": false,
            "status": "active",
            "key": "FakeKey4",
            "labelOperator": "lessThanOrEqual",
            "value": 10.01
          },
          {
            "expedite": false,
            "status": "active",
            "key": "FakeKey5",
            "labelOperator": "greaterThan",
            "value": 10
          },
          {
            "expedite": false,
            "status": "active",
            "key": "FakeKey6",
            "labelOperator": "greaterThanOrEqual",
            "value": 10
          }
        ],
        "attachedWorkerSelectors": [],
        "labels": {
          "key1": "JobKey",
          "key2": 10,
          "key3": true
        },
        "assignments": {},
        "tags": {
          "tag1": "WorkerGenericInfo"
        },
        "notes": [
          {
            "message": "Fake notes attached to job",
            "addedAt": "2022-05-13T16:59:04.531199\u002B00:00"
          }
        ],
        "scheduledAt": "2023-11-13T21:33:36.6276992\u002B00:00",
        "matchingMode": {
          "kind": "scheduleAndSuspend",
          "scheduleAt": "2023-11-14T01:05:29.778045\u002B00:00"
        },
        "etag": "Sanitized"
      }
    },
    {
      "RequestUri": "https://sanitized.communication.azure.net/routing/queues/_test_list_sch_jobs_tst_q?api-version=2023-11-01",
      "RequestMethod": "DELETE",
      "RequestHeaders": {
        "Accept": "*/*",
        "Accept-Encoding": "gzip, deflate",
        "Authorization": "Sanitized",
        "Connection": "keep-alive",
        "Content-Length": "0",
        "User-Agent": "azsdk-python-communication-jobrouter/1.0.0 Python/3.11.5 (Windows-10-10.0.22621-SP0)",
        "x-ms-client-request-id": "d9e092eb-8289-11ee-b76c-046c590f95d2",
        "x-ms-content-sha256": "Sanitized",
        "x-ms-date": "Tue, 14 Nov 2023 01:05:07 GMT",
        "x-ms-return-client-request-id": "true"
      },
      "RequestBody": null,
      "StatusCode": 409,
      "ResponseHeaders": {
        "api-supported-versions": "2021-04-07-preview1, 2022-07-18-preview, 2023-08-25-preview, 2023-11-01",
        "Connection": "keep-alive",
        "Content-Type": "application/json; charset=utf-8",
        "Date": "Tue, 14 Nov 2023 01:05:07 GMT",
        "Request-Context": "appId=",
        "trace-id": "3263dec8-51ab-6e99-83b3-f82b8d1b3352",
        "Transfer-Encoding": "chunked",
        "x-azure-ref": "20231114T010507Z-bfxw7uymgp0x7ek0p9c9ze3fu8000000050g00000000b63t",
        "X-Cache": "CONFIG_NOCACHE"
      },
      "ResponseBody": {
        "communicationError": {
          "code": "Conflict",
          "message": "Validation failed: \r\n -- : There is active job with this queue",
          "target": "/routing/queues/_test_list_sch_jobs_tst_q"
        }
      }
    }
  ],
  "Variables": {
    "scheduled_time_utc": "2023-11-14T01:05:29.778045Z"
  }
}
