{
  "Entries": [
    {
      "RequestUri": "https://sanitized.communication.azure.net/routing/distributionPolicies/test_list_classification_policies_tst_dp?api-version=2023-11-01",
      "RequestMethod": "PATCH",
      "RequestHeaders": {
        "Accept": "application/json",
        "Accept-Encoding": "gzip, deflate",
        "Authorization": "Sanitized",
        "Connection": "keep-alive",
        "Content-Length": "171",
        "Content-Type": "application/merge-patch\u002Bjson",
        "User-Agent": "azsdk-python-communication-jobrouter/1.0.0 Python/3.11.5 (Windows-10-10.0.22621-SP0)",
        "x-ms-client-request-id": "484c93c5-6cb7-11ee-b88e-046c590f95d2",
        "x-ms-content-sha256": "Sanitized",
        "x-ms-date": "Tue, 17 Oct 2023 06:34:54 GMT",
        "x-ms-return-client-request-id": "true"
      },
      "RequestBody": {
        "offerExpiresAfterSeconds": 10.0,
        "mode": {
          "minConcurrentOffers": 1,
          "maxConcurrentOffers": 1,
          "kind": "round-robin"
        },
        "name": "test_list_classification_policies_tst_dp"
      },
      "StatusCode": 201,
      "ResponseHeaders": {
        "api-supported-versions": "2021-04-07-preview1, 2022-07-18-preview, 2023-08-25-preview, 2023-11-01",
        "Content-Type": "application/json; charset=utf-8",
        "Date": "Tue, 17 Oct 2023 06:34:55 GMT",
        "ETag": "Sanitized",
        "Last-Modified": "Tue, 17 Oct 2023 06:34:55 GMT",
        "Request-Context": "appId=",
        "trace-id": "78b9994b-c6f6-ea62-2336-98f119f41692",
        "Transfer-Encoding": "chunked",
        "X-Azure-Ref": "0DysuZQAAAABMbEoNDP3aRZONnm9P/CGsWVZSMzExMDAwMTE1MDE5ADlmYzdiNTE5LWE4Y2MtNGY4OS05MzVlLWM5MTQ4YWUwOWU4MQ==",
        "X-Cache": "CONFIG_NOCACHE"
      },
      "ResponseBody": {
        "id": "test_list_classification_policies_tst_dp",
        "name": "test_list_classification_policies_tst_dp",
        "offerExpiresAfterSeconds": 10,
        "mode": {
          "kind": "round-robin",
          "minConcurrentOffers": 1,
          "maxConcurrentOffers": 1,
          "bypassSelectors": false
        }
      }
    },
    {
      "RequestUri": "https://sanitized.communication.azure.net/routing/queues/test_list_classification_policies_tst_q?api-version=2023-11-01",
      "RequestMethod": "PATCH",
      "RequestHeaders": {
        "Accept": "application/json",
        "Accept-Encoding": "gzip, deflate",
        "Authorization": "Sanitized",
        "Connection": "keep-alive",
        "Content-Length": "84",
        "Content-Type": "application/merge-patch\u002Bjson",
        "User-Agent": "azsdk-python-communication-jobrouter/1.0.0 Python/3.11.5 (Windows-10-10.0.22621-SP0)",
        "x-ms-client-request-id": "48ca4c5c-6cb7-11ee-b115-046c590f95d2",
        "x-ms-content-sha256": "Sanitized",
        "x-ms-date": "Tue, 17 Oct 2023 06:34:55 GMT",
        "x-ms-return-client-request-id": "true"
      },
      "RequestBody": {
        "distributionPolicyId": "test_list_classification_policies_tst_dp",
        "name": "test"
      },
      "StatusCode": 201,
      "ResponseHeaders": {
        "api-supported-versions": "2021-04-07-preview1, 2022-07-18-preview, 2023-08-25-preview, 2023-11-01",
        "Content-Type": "application/json; charset=utf-8",
        "Date": "Tue, 17 Oct 2023 06:34:56 GMT",
        "ETag": "Sanitized",
        "Last-Modified": "Tue, 17 Oct 2023 06:34:56 GMT",
        "Request-Context": "appId=",
        "trace-id": "40415a67-69d4-160f-7c16-1fb480407e3d",
        "Transfer-Encoding": "chunked",
        "X-Azure-Ref": "0ECsuZQAAAABSsvQNHOoMQLUExkYNIaw7WVZSMzExMDAwMTE1MDE5ADlmYzdiNTE5LWE4Y2MtNGY4OS05MzVlLWM5MTQ4YWUwOWU4MQ==",
        "X-Cache": "CONFIG_NOCACHE"
      },
      "ResponseBody": {
        "id": "test_list_classification_policies_tst_q",
        "name": "test",
        "distributionPolicyId": "test_list_classification_policies_tst_dp",
        "labels": {
          "Id": "test_list_classification_policies_tst_q"
        }
      }
    },
    {
      "RequestUri": "https://sanitized.communication.azure.net/routing/classificationPolicies/tst_list_cp_1?api-version=2023-11-01",
      "RequestMethod": "PATCH",
      "RequestHeaders": {
        "Accept": "application/json",
        "Accept-Encoding": "gzip, deflate",
        "Authorization": "Sanitized",
        "Connection": "keep-alive",
        "Content-Length": "1695",
        "Content-Type": "application/merge-patch\u002Bjson",
        "User-Agent": "azsdk-python-communication-jobrouter/1.0.0 Python/3.11.5 (Windows-10-10.0.22621-SP0)",
        "x-ms-client-request-id": "4946d138-6cb7-11ee-a53b-046c590f95d2",
        "x-ms-content-sha256": "Sanitized",
        "x-ms-date": "Tue, 17 Oct 2023 06:34:55 GMT",
        "x-ms-return-client-request-id": "true"
      },
      "RequestBody": {
        "name": "tst_list_cp_1",
        "fallbackQueueId": "test_list_classification_policies_tst_q",
        "queueSelectors": [
          {
            "queueSelector": {
              "key": "test_key",
              "labelOperator": "equal",
              "value": "test_value"
            },
            "kind": "static"
          },
          {
            "condition": {
              "value": true,
              "kind": "static-rule"
            },
            "queueSelectors": [
              {
                "key": "test_key",
                "labelOperator": "equal",
                "value": "test_value"
              }
            ],
            "kind": "conditional"
          },
          {
            "rule": {
              "value": [
                {
                  "key": "test_key",
                  "labelOperator": "equal",
                  "value": "test_value"
                }
              ],
              "kind": "static-rule"
            },
            "kind": "rule-engine"
          },
          {
            "key": "testKey",
            "labelOperator": "equal",
            "kind": "pass-through"
          },
          {
            "allocations": [
              {
                "weight": 1.0,
                "queueSelectors": [
                  {
                    "key": "test_key",
                    "labelOperator": "equal",
                    "value": "test_value"
                  }
                ]
              }
            ],
            "kind": "weighted-allocation-queue-selector"
          }
        ],
        "prioritizationRule": {
          "value": 1,
          "kind": "static-rule"
        },
        "workerSelectors": [
          {
            "workerSelector": {
              "key": "test_key",
              "labelOperator": "equal",
              "value": "test_value",
              "expiresAfterSeconds": 10.0,
              "expedite": false
            },
            "kind": "static"
          },
          {
            "condition": {
              "value": true,
              "kind": "static-rule"
            },
            "workerSelectors": [
              {
                "key": "test_key",
                "labelOperator": "equal",
                "value": "test_value",
                "expiresAfterSeconds": 10.0,
                "expedite": false
              }
            ],
            "kind": "conditional"
          },
          {
            "rule": {
              "value": [
                {
                  "key": "test_key",
                  "labelOperator": "equal",
                  "value": "test_value",
                  "expiresAfterSeconds": 10.0,
                  "expedite": false
                }
              ],
              "kind": "static-rule"
            },
            "kind": "rule-engine"
          },
          {
            "key": "testKey",
            "labelOperator": "equal",
            "kind": "pass-through"
          },
          {
            "allocations": [
              {
                "weight": 1.0,
                "workerSelectors": [
                  {
                    "key": "test_key",
                    "labelOperator": "equal",
                    "value": "test_value",
                    "expiresAfterSeconds": 10.0,
                    "expedite": false
                  }
                ]
              }
            ],
            "kind": "weighted-allocation-worker-selector"
          }
        ]
      },
      "StatusCode": 201,
      "ResponseHeaders": {
        "api-supported-versions": "2021-04-07-preview1, 2022-07-18-preview, 2023-08-25-preview, 2023-11-01",
        "Content-Type": "application/json; charset=utf-8",
        "Date": "Tue, 17 Oct 2023 06:34:57 GMT",
        "ETag": "Sanitized",
        "Last-Modified": "Tue, 17 Oct 2023 06:34:57 GMT",
        "Request-Context": "appId=",
        "trace-id": "29dbb202-84a3-e0fb-82f3-95fa5db0bcdd",
        "Transfer-Encoding": "chunked",
        "X-Azure-Ref": "0ECsuZQAAAABf32mhxaaIQqZragKodkq0WVZSMzExMDAwMTE1MDE5ADlmYzdiNTE5LWE4Y2MtNGY4OS05MzVlLWM5MTQ4YWUwOWU4MQ==",
        "X-Cache": "CONFIG_NOCACHE"
      },
      "ResponseBody": {
        "id": "tst_list_cp_1",
        "name": "tst_list_cp_1",
        "fallbackQueueId": "test_list_classification_policies_tst_q",
        "queueSelectors": [
          {
            "kind": "static",
            "queueSelector": {
              "key": "test_key",
              "labelOperator": "equal",
              "value": "test_value"
            }
          },
          {
            "kind": "conditional",
            "condition": {
              "kind": "static-rule",
              "value": true
            },
            "queueSelectors": [
              {
                "key": "test_key",
                "labelOperator": "equal",
                "value": "test_value"
              }
            ]
          },
          {
            "kind": "rule-engine",
            "rule": {
              "kind": "static-rule",
              "value": [
                {
                  "key": "test_key",
                  "labelOperator": "equal",
                  "value": "test_value"
                }
              ]
            }
          },
          {
            "kind": "pass-through",
            "key": "testKey",
            "labelOperator": "equal"
          },
          {
            "kind": "weighted-allocation-queue-selector",
            "allocations": [
              {
                "weight": 1,
                "queueSelectors": [
                  {
                    "key": "test_key",
                    "labelOperator": "equal",
                    "value": "test_value"
                  }
                ]
              }
            ]
          }
        ],
        "prioritizationRule": {
          "kind": "static-rule",
          "value": 1
        },
        "workerSelectors": [
          {
            "kind": "static",
            "workerSelector": {
              "expiresAfterSeconds": 10,
              "expedite": false,
              "status": "active",
              "key": "test_key",
              "labelOperator": "equal",
              "value": "test_value"
            }
          },
          {
            "kind": "conditional",
            "condition": {
              "kind": "static-rule",
              "value": true
            },
            "workerSelectors": [
              {
                "expiresAfterSeconds": 10,
                "expedite": false,
                "status": "active",
                "key": "test_key",
                "labelOperator": "equal",
                "value": "test_value"
              }
            ]
          },
          {
            "kind": "rule-engine",
            "rule": {
              "kind": "static-rule",
              "value": [
                {
                  "key": "test_key",
                  "labelOperator": "equal",
                  "value": "test_value",
                  "expiresAfterSeconds": 10,
                  "expedite": false
                }
              ]
            }
          },
          {
            "kind": "pass-through",
            "key": "testKey",
            "labelOperator": "equal"
          },
          {
            "kind": "weighted-allocation-worker-selector",
            "allocations": [
              {
                "weight": 1,
                "workerSelectors": [
                  {
                    "expiresAfterSeconds": 10,
                    "expedite": false,
                    "status": "active",
                    "key": "test_key",
                    "labelOperator": "equal",
                    "value": "test_value"
                  }
                ]
              }
            ]
          }
        ]
      }
    },
    {
      "RequestUri": "https://sanitized.communication.azure.net/routing/classificationPolicies/tst_list_cp_2?api-version=2023-11-01",
      "RequestMethod": "PATCH",
      "RequestHeaders": {
        "Accept": "application/json",
        "Accept-Encoding": "gzip, deflate",
        "Authorization": "Sanitized",
        "Connection": "keep-alive",
        "Content-Length": "1695",
        "Content-Type": "application/merge-patch\u002Bjson",
        "User-Agent": "azsdk-python-communication-jobrouter/1.0.0 Python/3.11.5 (Windows-10-10.0.22621-SP0)",
        "x-ms-client-request-id": "49d0ee8c-6cb7-11ee-ba18-046c590f95d2",
        "x-ms-content-sha256": "Sanitized",
        "x-ms-date": "Tue, 17 Oct 2023 06:34:56 GMT",
        "x-ms-return-client-request-id": "true"
      },
      "RequestBody": {
        "name": "tst_list_cp_2",
        "fallbackQueueId": "test_list_classification_policies_tst_q",
        "queueSelectors": [
          {
            "queueSelector": {
              "key": "test_key",
              "labelOperator": "equal",
              "value": "test_value"
            },
            "kind": "static"
          },
          {
            "condition": {
              "value": true,
              "kind": "static-rule"
            },
            "queueSelectors": [
              {
                "key": "test_key",
                "labelOperator": "equal",
                "value": "test_value"
              }
            ],
            "kind": "conditional"
          },
          {
            "rule": {
              "value": [
                {
                  "key": "test_key",
                  "labelOperator": "equal",
                  "value": "test_value"
                }
              ],
              "kind": "static-rule"
            },
            "kind": "rule-engine"
          },
          {
            "key": "testKey",
            "labelOperator": "equal",
            "kind": "pass-through"
          },
          {
            "allocations": [
              {
                "weight": 1.0,
                "queueSelectors": [
                  {
                    "key": "test_key",
                    "labelOperator": "equal",
                    "value": "test_value"
                  }
                ]
              }
            ],
            "kind": "weighted-allocation-queue-selector"
          }
        ],
        "prioritizationRule": {
          "value": 1,
          "kind": "static-rule"
        },
        "workerSelectors": [
          {
            "workerSelector": {
              "key": "test_key",
              "labelOperator": "equal",
              "value": "test_value",
              "expiresAfterSeconds": 10.0,
              "expedite": false
            },
            "kind": "static"
          },
          {
            "condition": {
              "value": true,
              "kind": "static-rule"
            },
            "workerSelectors": [
              {
                "key": "test_key",
                "labelOperator": "equal",
                "value": "test_value",
                "expiresAfterSeconds": 10.0,
                "expedite": false
              }
            ],
            "kind": "conditional"
          },
          {
            "rule": {
              "value": [
                {
                  "key": "test_key",
                  "labelOperator": "equal",
                  "value": "test_value",
                  "expiresAfterSeconds": 10.0,
                  "expedite": false
                }
              ],
              "kind": "static-rule"
            },
            "kind": "rule-engine"
          },
          {
            "key": "testKey",
            "labelOperator": "equal",
            "kind": "pass-through"
          },
          {
            "allocations": [
              {
                "weight": 1.0,
                "workerSelectors": [
                  {
                    "key": "test_key",
                    "labelOperator": "equal",
                    "value": "test_value",
                    "expiresAfterSeconds": 10.0,
                    "expedite": false
                  }
                ]
              }
            ],
            "kind": "weighted-allocation-worker-selector"
          }
        ]
      },
      "StatusCode": 201,
      "ResponseHeaders": {
        "api-supported-versions": "2021-04-07-preview1, 2022-07-18-preview, 2023-08-25-preview, 2023-11-01",
        "Content-Type": "application/json; charset=utf-8",
        "Date": "Tue, 17 Oct 2023 06:34:57 GMT",
        "ETag": "Sanitized",
        "Last-Modified": "Tue, 17 Oct 2023 06:34:57 GMT",
        "Request-Context": "appId=",
        "trace-id": "71e57cd0-e615-478a-bc00-cd5eb1744fae",
        "Transfer-Encoding": "chunked",
        "X-Azure-Ref": "0ESsuZQAAAACqk6nAIG/yR6Bk4jNA8BOsWVZSMzExMDAwMTE1MDE5ADlmYzdiNTE5LWE4Y2MtNGY4OS05MzVlLWM5MTQ4YWUwOWU4MQ==",
        "X-Cache": "CONFIG_NOCACHE"
      },
      "ResponseBody": {
        "id": "tst_list_cp_2",
        "name": "tst_list_cp_2",
        "fallbackQueueId": "test_list_classification_policies_tst_q",
        "queueSelectors": [
          {
            "kind": "static",
            "queueSelector": {
              "key": "test_key",
              "labelOperator": "equal",
              "value": "test_value"
            }
          },
          {
            "kind": "conditional",
            "condition": {
              "kind": "static-rule",
              "value": true
            },
            "queueSelectors": [
              {
                "key": "test_key",
                "labelOperator": "equal",
                "value": "test_value"
              }
            ]
          },
          {
            "kind": "rule-engine",
            "rule": {
              "kind": "static-rule",
              "value": [
                {
                  "key": "test_key",
                  "labelOperator": "equal",
                  "value": "test_value"
                }
              ]
            }
          },
          {
            "kind": "pass-through",
            "key": "testKey",
            "labelOperator": "equal"
          },
          {
            "kind": "weighted-allocation-queue-selector",
            "allocations": [
              {
                "weight": 1,
                "queueSelectors": [
                  {
                    "key": "test_key",
                    "labelOperator": "equal",
                    "value": "test_value"
                  }
                ]
              }
            ]
          }
        ],
        "prioritizationRule": {
          "kind": "static-rule",
          "value": 1
        },
        "workerSelectors": [
          {
            "kind": "static",
            "workerSelector": {
              "expiresAfterSeconds": 10,
              "expedite": false,
              "status": "active",
              "key": "test_key",
              "labelOperator": "equal",
              "value": "test_value"
            }
          },
          {
            "kind": "conditional",
            "condition": {
              "kind": "static-rule",
              "value": true
            },
            "workerSelectors": [
              {
                "expiresAfterSeconds": 10,
                "expedite": false,
                "status": "active",
                "key": "test_key",
                "labelOperator": "equal",
                "value": "test_value"
              }
            ]
          },
          {
            "kind": "rule-engine",
            "rule": {
              "kind": "static-rule",
              "value": [
                {
                  "key": "test_key",
                  "labelOperator": "equal",
                  "value": "test_value",
                  "expiresAfterSeconds": 10,
                  "expedite": false
                }
              ]
            }
          },
          {
            "kind": "pass-through",
            "key": "testKey",
            "labelOperator": "equal"
          },
          {
            "kind": "weighted-allocation-worker-selector",
            "allocations": [
              {
                "weight": 1,
                "workerSelectors": [
                  {
                    "expiresAfterSeconds": 10,
                    "expedite": false,
                    "status": "active",
                    "key": "test_key",
                    "labelOperator": "equal",
                    "value": "test_value"
                  }
                ]
              }
            ]
          }
        ]
      }
    },
    {
      "RequestUri": "https://sanitized.communication.azure.net/routing/classificationPolicies?api-version=2023-11-01\u0026maxpagesize=1",
      "RequestMethod": "GET",
      "RequestHeaders": {
        "Accept": "application/json",
        "Accept-Encoding": "gzip, deflate",
        "Authorization": "Sanitized",
        "Connection": "keep-alive",
        "User-Agent": "azsdk-python-communication-jobrouter/1.0.0 Python/3.11.5 (Windows-10-10.0.22621-SP0)",
        "x-ms-client-request-id": "4a1864f7-6cb7-11ee-96c9-046c590f95d2",
        "x-ms-content-sha256": "Sanitized",
        "x-ms-date": "Tue, 17 Oct 2023 06:34:57 GMT",
        "x-ms-return-client-request-id": "true"
      },
      "RequestBody": null,
      "StatusCode": 200,
      "ResponseHeaders": {
        "api-supported-versions": "2021-04-07-preview1, 2022-07-18-preview, 2023-08-25-preview, 2023-11-01",
        "Content-Type": "application/json; charset=utf-8",
        "Date": "Tue, 17 Oct 2023 06:34:57 GMT",
        "Request-Context": "appId=",
        "trace-id": "23129f3f-0920-851c-eaf7-0a5955eaafcd",
        "Transfer-Encoding": "chunked",
        "X-Azure-Ref": "0ESsuZQAAAABS2i3YQ1jHSa6xpcDZnt\u002BJWVZSMzExMDAwMTE1MDE5ADlmYzdiNTE5LWE4Y2MtNGY4OS05MzVlLWM5MTQ4YWUwOWU4MQ==",
        "X-Cache": "CONFIG_NOCACHE"
      },
      "ResponseBody": {
        "value": [
          {
            "classificationPolicy": {
              "id": "tst_list_cp_2",
              "name": "tst_list_cp_2",
              "fallbackQueueId": "test_list_classification_policies_tst_q",
              "queueSelectors": [
                {
                  "kind": "static",
                  "queueSelector": {
                    "key": "test_key",
                    "labelOperator": "equal",
                    "value": "test_value"
                  }
                },
                {
                  "kind": "conditional",
                  "condition": {
                    "kind": "static-rule",
                    "value": true
                  },
                  "queueSelectors": [
                    {
                      "key": "test_key",
                      "labelOperator": "equal",
                      "value": "test_value"
                    }
                  ]
                },
                {
                  "kind": "rule-engine",
                  "rule": {
                    "kind": "static-rule",
                    "value": [
                      {
                        "key": "test_key",
                        "labelOperator": "equal",
                        "value": "test_value"
                      }
                    ]
                  }
                },
                {
                  "kind": "pass-through",
                  "key": "testKey",
                  "labelOperator": "equal"
                },
                {
                  "kind": "weighted-allocation-queue-selector",
                  "allocations": [
                    {
                      "weight": 1,
                      "queueSelectors": [
                        {
                          "key": "test_key",
                          "labelOperator": "equal",
                          "value": "test_value"
                        }
                      ]
                    }
                  ]
                }
              ],
              "prioritizationRule": {
                "kind": "static-rule",
                "value": 1
              },
              "workerSelectors": [
                {
                  "kind": "static",
                  "workerSelector": {
                    "expiresAfterSeconds": 10,
                    "expedite": false,
                    "status": "active",
                    "key": "test_key",
                    "labelOperator": "equal",
                    "value": "test_value"
                  }
                },
                {
                  "kind": "conditional",
                  "condition": {
                    "kind": "static-rule",
                    "value": true
                  },
                  "workerSelectors": [
                    {
                      "expiresAfterSeconds": 10,
                      "expedite": false,
                      "status": "active",
                      "key": "test_key",
                      "labelOperator": "equal",
                      "value": "test_value"
                    }
                  ]
                },
                {
                  "kind": "rule-engine",
                  "rule": {
                    "kind": "static-rule",
                    "value": [
                      {
                        "key": "test_key",
                        "labelOperator": "equal",
                        "value": "test_value",
                        "expiresAfterSeconds": 10,
                        "expedite": false
                      }
                    ]
                  }
                },
                {
                  "kind": "pass-through",
                  "key": "testKey",
                  "labelOperator": "equal"
                },
                {
                  "kind": "weighted-allocation-worker-selector",
                  "allocations": [
                    {
                      "weight": 1,
                      "workerSelectors": [
                        {
                          "expiresAfterSeconds": 10,
                          "expedite": false,
                          "status": "active",
                          "key": "test_key",
                          "labelOperator": "equal",
                          "value": "test_value"
                        }
                      ]
                    }
                  ]
                }
              ]
            },
            "etag": "Sanitized"
          }
        ],
        "nextLink": "/routing/classificationPolicies?continuationToken=Y29udGludWF0aW9uVG9rZW49VzNzaWRHOXJaVzRpT2lJclVrbEVPbjVXUkd4UFFVNHdia2xaYVU0NVJFVkJRVUZCUVVGQlBUMGpVbFE2TVNOVVVrTTZNU05TVkVRNlFVRTlQU05KVTFZNk1pTkpSVTg2TmpVMU5qY2pVVU5HT2pnalJsQkRPa0ZuUmpaNE0yOWpRVTFMUlVGelFpc3JTRUZCUlc5QlNYZEZSRUZuVUM4dkx6UmpRVUZOUkM5QlVIY3ZMM2RRU0VaQlEwTkZVVU5uUkVGQ2RtaEJTRUZNUVVGNFJtNXZRVWxSWjBGTlFUMDlJaXdpY21GdVoyVWlPbnNpYldsdUlqb2lJaXdpYldGNElqb2lSa1lpZlgxZCZtYXhwYWdlc2l6ZT0x"
      }
    },
    {
      "RequestUri": "https://sanitized.communication.azure.net/routing/classificationPolicies?continuationToken=Y29udGludWF0aW9uVG9rZW49VzNzaWRHOXJaVzRpT2lJclVrbEVPbjVXUkd4UFFVNHdia2xaYVU0NVJFVkJRVUZCUVVGQlBUMGpVbFE2TVNOVVVrTTZNU05TVkVRNlFVRTlQU05KVTFZNk1pTkpSVTg2TmpVMU5qY2pVVU5HT2pnalJsQkRPa0ZuUmpaNE0yOWpRVTFMUlVGelFpc3JTRUZCUlc5QlNYZEZSRUZuVUM4dkx6UmpRVUZOUkM5QlVIY3ZMM2RRU0VaQlEwTkZVVU5uUkVGQ2RtaEJTRUZNUVVGNFJtNXZRVWxSWjBGTlFUMDlJaXdpY21GdVoyVWlPbnNpYldsdUlqb2lJaXdpYldGNElqb2lSa1lpZlgxZCZtYXhwYWdlc2l6ZT0x\u0026api-version=2023-11-01",
      "RequestMethod": "GET",
      "RequestHeaders": {
        "Accept": "*/*",
        "Accept-Encoding": "gzip, deflate",
        "Authorization": "Sanitized",
        "Connection": "keep-alive",
        "User-Agent": "azsdk-python-communication-jobrouter/1.0.0 Python/3.11.5 (Windows-10-10.0.22621-SP0)",
        "x-ms-client-request-id": "4a30f1ee-6cb7-11ee-963c-046c590f95d2",
        "x-ms-content-sha256": "Sanitized",
        "x-ms-date": "Tue, 17 Oct 2023 06:34:57 GMT",
        "x-ms-return-client-request-id": "true"
      },
      "RequestBody": null,
      "StatusCode": 200,
      "ResponseHeaders": {
        "api-supported-versions": "2021-04-07-preview1, 2022-07-18-preview, 2023-08-25-preview, 2023-11-01",
        "Content-Type": "application/json; charset=utf-8",
        "Date": "Tue, 17 Oct 2023 06:34:57 GMT",
        "Request-Context": "appId=",
        "trace-id": "4f833f47-f504-6d81-a710-37098f93b5ad",
        "Transfer-Encoding": "chunked",
        "X-Azure-Ref": "0ESsuZQAAAACi2hcBlcRVRqHVUZyVbS5MWVZSMzExMDAwMTE1MDE5ADlmYzdiNTE5LWE4Y2MtNGY4OS05MzVlLWM5MTQ4YWUwOWU4MQ==",
        "X-Cache": "CONFIG_NOCACHE"
      },
      "ResponseBody": {
        "value": [
          {
            "classificationPolicy": {
              "id": "tst_list_cp_1",
              "name": "tst_list_cp_1",
              "fallbackQueueId": "test_list_classification_policies_tst_q",
              "queueSelectors": [
                {
                  "kind": "static",
                  "queueSelector": {
                    "key": "test_key",
                    "labelOperator": "equal",
                    "value": "test_value"
                  }
                },
                {
                  "kind": "conditional",
                  "condition": {
                    "kind": "static-rule",
                    "value": true
                  },
                  "queueSelectors": [
                    {
                      "key": "test_key",
                      "labelOperator": "equal",
                      "value": "test_value"
                    }
                  ]
                },
                {
                  "kind": "rule-engine",
                  "rule": {
                    "kind": "static-rule",
                    "value": [
                      {
                        "key": "test_key",
                        "labelOperator": "equal",
                        "value": "test_value"
                      }
                    ]
                  }
                },
                {
                  "kind": "pass-through",
                  "key": "testKey",
                  "labelOperator": "equal"
                },
                {
                  "kind": "weighted-allocation-queue-selector",
                  "allocations": [
                    {
                      "weight": 1,
                      "queueSelectors": [
                        {
                          "key": "test_key",
                          "labelOperator": "equal",
                          "value": "test_value"
                        }
                      ]
                    }
                  ]
                }
              ],
              "prioritizationRule": {
                "kind": "static-rule",
                "value": 1
              },
              "workerSelectors": [
                {
                  "kind": "static",
                  "workerSelector": {
                    "expiresAfterSeconds": 10,
                    "expedite": false,
                    "status": "active",
                    "key": "test_key",
                    "labelOperator": "equal",
                    "value": "test_value"
                  }
                },
                {
                  "kind": "conditional",
                  "condition": {
                    "kind": "static-rule",
                    "value": true
                  },
                  "workerSelectors": [
                    {
                      "expiresAfterSeconds": 10,
                      "expedite": false,
                      "status": "active",
                      "key": "test_key",
                      "labelOperator": "equal",
                      "value": "test_value"
                    }
                  ]
                },
                {
                  "kind": "rule-engine",
                  "rule": {
                    "kind": "static-rule",
                    "value": [
                      {
                        "key": "test_key",
                        "labelOperator": "equal",
                        "value": "test_value",
                        "expiresAfterSeconds": 10,
                        "expedite": false
                      }
                    ]
                  }
                },
                {
                  "kind": "pass-through",
                  "key": "testKey",
                  "labelOperator": "equal"
                },
                {
                  "kind": "weighted-allocation-worker-selector",
                  "allocations": [
                    {
                      "weight": 1,
                      "workerSelectors": [
                        {
                          "expiresAfterSeconds": 10,
                          "expedite": false,
                          "status": "active",
                          "key": "test_key",
                          "labelOperator": "equal",
                          "value": "test_value"
                        }
                      ]
                    }
                  ]
                }
              ]
            },
            "etag": "Sanitized"
          }
        ],
        "nextLink": "/routing/classificationPolicies?continuationToken=Y29udGludWF0aW9uVG9rZW49VzNzaWRHOXJaVzRpT2lJclVrbEVPbjVXUkd4UFFVNHdia2xaYVUwNVJFVkJRVUZCUVVGQlBUMGpVbFE2TWlOVVVrTTZNaU5TVkVRNlFVRTlQU05KVTFZNk1pTkpSVTg2TmpVMU5qY2pVVU5HT2pnalJsQkRPa0ZuUmpaNE0yOWpRVTFMUlVGelFpc3JTRUZCUlc5QlNYZEZSRUZuVUM4dkx6UmpRVUZOUkM5QlVIY3ZMM2RRU0VaQlEwTkZVVU5uUkVGQ2RtaEJTRUZNUVVGNFJtNXZRVWxSWjBGTlFUMDlJaXdpY21GdVoyVWlPbnNpYldsdUlqb2lJaXdpYldGNElqb2lSa1lpZlgxZCZtYXhwYWdlc2l6ZT0x"
      }
    },
    {
      "RequestUri": "https://sanitized.communication.azure.net/routing/classificationPolicies?continuationToken=Y29udGludWF0aW9uVG9rZW49VzNzaWRHOXJaVzRpT2lJclVrbEVPbjVXUkd4UFFVNHdia2xaYVUwNVJFVkJRVUZCUVVGQlBUMGpVbFE2TWlOVVVrTTZNaU5TVkVRNlFVRTlQU05KVTFZNk1pTkpSVTg2TmpVMU5qY2pVVU5HT2pnalJsQkRPa0ZuUmpaNE0yOWpRVTFMUlVGelFpc3JTRUZCUlc5QlNYZEZSRUZuVUM4dkx6UmpRVUZOUkM5QlVIY3ZMM2RRU0VaQlEwTkZVVU5uUkVGQ2RtaEJTRUZNUVVGNFJtNXZRVWxSWjBGTlFUMDlJaXdpY21GdVoyVWlPbnNpYldsdUlqb2lJaXdpYldGNElqb2lSa1lpZlgxZCZtYXhwYWdlc2l6ZT0x\u0026api-version=2023-11-01",
      "RequestMethod": "GET",
      "RequestHeaders": {
        "Accept": "*/*",
        "Accept-Encoding": "gzip, deflate",
        "Authorization": "Sanitized",
        "Connection": "keep-alive",
        "User-Agent": "azsdk-python-communication-jobrouter/1.0.0 Python/3.11.5 (Windows-10-10.0.22621-SP0)",
        "x-ms-client-request-id": "4a4d778f-6cb7-11ee-a159-046c590f95d2",
        "x-ms-content-sha256": "Sanitized",
        "x-ms-date": "Tue, 17 Oct 2023 06:34:57 GMT",
        "x-ms-return-client-request-id": "true"
      },
      "RequestBody": null,
      "StatusCode": 200,
      "ResponseHeaders": {
        "api-supported-versions": "2021-04-07-preview1, 2022-07-18-preview, 2023-08-25-preview, 2023-11-01",
        "Content-Type": "application/json; charset=utf-8",
        "Date": "Tue, 17 Oct 2023 06:34:58 GMT",
        "Request-Context": "appId=",
        "trace-id": "1fc60773-28cc-d1aa-892d-cb13f3214395",
        "Transfer-Encoding": "chunked",
        "X-Azure-Ref": "0EisuZQAAAAC6qJtyYX6PQLIRhjFO\u002BP3AWVZSMzExMDAwMTE1MDE5ADlmYzdiNTE5LWE4Y2MtNGY4OS05MzVlLWM5MTQ4YWUwOWU4MQ==",
        "X-Cache": "CONFIG_NOCACHE"
      },
      "ResponseBody": {
        "value": [
          {
            "classificationPolicy": {
              "id": "139D366735968E7B01E3F1B466983B562EA013005C3C94B127",
              "queueSelectors": [
                {
                  "kind": "static",
                  "queueSelector": {
                    "key": "Id",
                    "labelOperator": "equal",
                    "value": "F212A670E47A076215D1A056DAE42BF90468407BC75E0D365B"
                  }
                }
              ],
              "workerSelectors": []
            },
            "etag": "Sanitized"
          }
        ],
        "nextLink": "/routing/classificationPolicies?continuationToken=Y29udGludWF0aW9uVG9rZW49VzNzaWRHOXJaVzRpT2lJclVrbEVPbjVXUkd4UFFVNHdia2xaYUZjM1JFVkJRVUZCUVVGQlBUMGpVbFE2TXlOVVVrTTZNeU5TVkVRNlFVRTlQU05KVTFZNk1pTkpSVTg2TmpVMU5qY2pVVU5HT2pnalJsQkRPa0ZuUmpaNE0yOWpRVTFMUlVGelFpc3JTRUZCUlc5QlNYZEZSRUZuVUM4dkx6UmpRVUZOUkM5QlVIY3ZMM2RRU0VaQlEwTkZVVU5uUkVGQ2RtaEJTRUZNUVVGNFJtNXZRVWxSWjBGTlFUMDlJaXdpY21GdVoyVWlPbnNpYldsdUlqb2lJaXdpYldGNElqb2lSa1lpZlgxZCZtYXhwYWdlc2l6ZT0x"
      }
    },
    {
      "RequestUri": "https://sanitized.communication.azure.net/routing/classificationPolicies/tst_list_cp_1?api-version=2023-11-01",
      "RequestMethod": "PATCH",
      "RequestHeaders": {
        "Accept": "application/json",
        "Accept-Encoding": "gzip, deflate",
        "Authorization": "Sanitized",
        "Connection": "keep-alive",
        "Content-Length": "1706",
        "Content-Type": "application/merge-patch\u002Bjson",
        "User-Agent": "azsdk-python-communication-jobrouter/1.0.0 Python/3.11.5 (Windows-10-10.0.22621-SP0)",
        "x-ms-client-request-id": "4a655951-6cb7-11ee-a253-046c590f95d2",
        "x-ms-content-sha256": "Sanitized",
        "x-ms-date": "Tue, 17 Oct 2023 06:34:57 GMT",
        "x-ms-return-client-request-id": "true"
      },
      "RequestBody": {
        "name": "tst_list_cp_1",
        "fallbackQueueId": "test_list_classification_policies_tst_q",
        "queueSelectors": [
          {
            "queueSelector": {
              "key": "test_key",
              "labelOperator": "equal",
              "value": "test_value"
            },
            "kind": "static"
          },
          {
            "condition": {
              "value": true,
              "kind": "static-rule"
            },
            "queueSelectors": [
              {
                "key": "test_key",
                "labelOperator": "equal",
                "value": "test_value"
              }
            ],
            "kind": "conditional"
          },
          {
            "rule": {
              "value": [
                {
                  "key": "test_key",
                  "labelOperator": "equal",
                  "value": "test_value"
                }
              ],
              "kind": "static-rule"
            },
            "kind": "rule-engine"
          },
          {
            "key": "testKey",
            "labelOperator": "equal",
            "kind": "pass-through"
          },
          {
            "allocations": [
              {
                "weight": 1.0,
                "queueSelectors": [
                  {
                    "key": "test_key",
                    "labelOperator": "equal",
                    "value": "test_value"
                  }
                ]
              }
            ],
            "kind": "weighted-allocation-queue-selector"
          }
        ],
        "prioritizationRule": {
          "expression": "1",
          "kind": "expression-rule"
        },
        "workerSelectors": [
          {
            "workerSelector": {
              "key": "test_key",
              "labelOperator": "equal",
              "value": "test_value",
              "expiresAfterSeconds": 10.0,
              "expedite": false
            },
            "kind": "static"
          },
          {
            "condition": {
              "value": true,
              "kind": "static-rule"
            },
            "workerSelectors": [
              {
                "key": "test_key",
                "labelOperator": "equal",
                "value": "test_value",
                "expiresAfterSeconds": 10.0,
                "expedite": false
              }
            ],
            "kind": "conditional"
          },
          {
            "rule": {
              "value": [
                {
                  "key": "test_key",
                  "labelOperator": "equal",
                  "value": "test_value",
                  "expiresAfterSeconds": 10.0,
                  "expedite": false
                }
              ],
              "kind": "static-rule"
            },
            "kind": "rule-engine"
          },
          {
            "key": "testKey",
            "labelOperator": "equal",
            "kind": "pass-through"
          },
          {
            "allocations": [
              {
                "weight": 1.0,
                "workerSelectors": [
                  {
                    "key": "test_key",
                    "labelOperator": "equal",
                    "value": "test_value",
                    "expiresAfterSeconds": 10.0,
                    "expedite": false
                  }
                ]
              }
            ],
            "kind": "weighted-allocation-worker-selector"
          }
        ]
      },
      "StatusCode": 200,
      "ResponseHeaders": {
        "api-supported-versions": "2021-04-07-preview1, 2022-07-18-preview, 2023-08-25-preview, 2023-11-01",
        "Content-Type": "application/json; charset=utf-8",
        "Date": "Tue, 17 Oct 2023 06:34:58 GMT",
        "ETag": "Sanitized",
        "Last-Modified": "Tue, 17 Oct 2023 06:34:58 GMT",
        "Request-Context": "appId=",
        "trace-id": "ad5a24d2-422e-8898-c620-081bef3eeda4",
        "Transfer-Encoding": "chunked",
        "X-Azure-Ref": "0EisuZQAAAADUFVleq62NTZ7YfsuB2MMoWVZSMzExMDAwMTE1MDE5ADlmYzdiNTE5LWE4Y2MtNGY4OS05MzVlLWM5MTQ4YWUwOWU4MQ==",
        "X-Cache": "CONFIG_NOCACHE"
      },
      "ResponseBody": {
        "id": "tst_list_cp_1",
        "name": "tst_list_cp_1",
        "fallbackQueueId": "test_list_classification_policies_tst_q",
        "queueSelectors": [
          {
            "kind": "static",
            "queueSelector": {
              "key": "test_key",
              "labelOperator": "equal",
              "value": "test_value"
            }
          },
          {
            "kind": "conditional",
            "condition": {
              "kind": "static-rule",
              "value": true
            },
            "queueSelectors": [
              {
                "key": "test_key",
                "labelOperator": "equal",
                "value": "test_value"
              }
            ]
          },
          {
            "kind": "rule-engine",
            "rule": {
              "kind": "static-rule",
              "value": [
                {
                  "key": "test_key",
                  "labelOperator": "equal",
                  "value": "test_value"
                }
              ]
            }
          },
          {
            "kind": "pass-through",
            "key": "testKey",
            "labelOperator": "equal"
          },
          {
            "kind": "weighted-allocation-queue-selector",
            "allocations": [
              {
                "weight": 1,
                "queueSelectors": [
                  {
                    "key": "test_key",
                    "labelOperator": "equal",
                    "value": "test_value"
                  }
                ]
              }
            ]
          }
        ],
        "prioritizationRule": {
          "kind": "expression-rule",
          "language": "powerFx",
          "expression": "1"
        },
        "workerSelectors": [
          {
            "kind": "static",
            "workerSelector": {
              "expiresAfterSeconds": 10,
              "expedite": false,
              "status": "active",
              "key": "test_key",
              "labelOperator": "equal",
              "value": "test_value"
            }
          },
          {
            "kind": "conditional",
            "condition": {
              "kind": "static-rule",
              "value": true
            },
            "workerSelectors": [
              {
                "expiresAfterSeconds": 10,
                "expedite": false,
                "status": "active",
                "key": "test_key",
                "labelOperator": "equal",
                "value": "test_value"
              }
            ]
          },
          {
            "kind": "rule-engine",
            "rule": {
              "kind": "static-rule",
              "value": [
                {
                  "key": "test_key",
                  "labelOperator": "equal",
                  "value": "test_value",
                  "expiresAfterSeconds": 10,
                  "expedite": false
                }
              ]
            }
          },
          {
            "kind": "pass-through",
            "key": "testKey",
            "labelOperator": "equal"
          },
          {
            "kind": "weighted-allocation-worker-selector",
            "allocations": [
              {
                "weight": 1,
                "workerSelectors": [
                  {
                    "expiresAfterSeconds": 10,
                    "expedite": false,
                    "status": "active",
                    "key": "test_key",
                    "labelOperator": "equal",
                    "value": "test_value"
                  }
                ]
              }
            ]
          }
        ]
      }
    },
    {
      "RequestUri": "https://sanitized.communication.azure.net/routing/classificationPolicies/tst_list_cp_2?api-version=2023-11-01",
      "RequestMethod": "PATCH",
      "RequestHeaders": {
        "Accept": "application/json",
        "Accept-Encoding": "gzip, deflate",
        "Authorization": "Sanitized",
        "Connection": "keep-alive",
        "Content-Length": "1706",
        "Content-Type": "application/merge-patch\u002Bjson",
        "User-Agent": "azsdk-python-communication-jobrouter/1.0.0 Python/3.11.5 (Windows-10-10.0.22621-SP0)",
        "x-ms-client-request-id": "4ac64723-6cb7-11ee-ab62-046c590f95d2",
        "x-ms-content-sha256": "Sanitized",
        "x-ms-date": "Tue, 17 Oct 2023 06:34:58 GMT",
        "x-ms-return-client-request-id": "true"
      },
      "RequestBody": {
        "name": "tst_list_cp_2",
        "fallbackQueueId": "test_list_classification_policies_tst_q",
        "queueSelectors": [
          {
            "queueSelector": {
              "key": "test_key",
              "labelOperator": "equal",
              "value": "test_value"
            },
            "kind": "static"
          },
          {
            "condition": {
              "value": true,
              "kind": "static-rule"
            },
            "queueSelectors": [
              {
                "key": "test_key",
                "labelOperator": "equal",
                "value": "test_value"
              }
            ],
            "kind": "conditional"
          },
          {
            "rule": {
              "value": [
                {
                  "key": "test_key",
                  "labelOperator": "equal",
                  "value": "test_value"
                }
              ],
              "kind": "static-rule"
            },
            "kind": "rule-engine"
          },
          {
            "key": "testKey",
            "labelOperator": "equal",
            "kind": "pass-through"
          },
          {
            "allocations": [
              {
                "weight": 1.0,
                "queueSelectors": [
                  {
                    "key": "test_key",
                    "labelOperator": "equal",
                    "value": "test_value"
                  }
                ]
              }
            ],
            "kind": "weighted-allocation-queue-selector"
          }
        ],
        "prioritizationRule": {
          "expression": "1",
          "kind": "expression-rule"
        },
        "workerSelectors": [
          {
            "workerSelector": {
              "key": "test_key",
              "labelOperator": "equal",
              "value": "test_value",
              "expiresAfterSeconds": 10.0,
              "expedite": false
            },
            "kind": "static"
          },
          {
            "condition": {
              "value": true,
              "kind": "static-rule"
            },
            "workerSelectors": [
              {
                "key": "test_key",
                "labelOperator": "equal",
                "value": "test_value",
                "expiresAfterSeconds": 10.0,
                "expedite": false
              }
            ],
            "kind": "conditional"
          },
          {
            "rule": {
              "value": [
                {
                  "key": "test_key",
                  "labelOperator": "equal",
                  "value": "test_value",
                  "expiresAfterSeconds": 10.0,
                  "expedite": false
                }
              ],
              "kind": "static-rule"
            },
            "kind": "rule-engine"
          },
          {
            "key": "testKey",
            "labelOperator": "equal",
            "kind": "pass-through"
          },
          {
            "allocations": [
              {
                "weight": 1.0,
                "workerSelectors": [
                  {
                    "key": "test_key",
                    "labelOperator": "equal",
                    "value": "test_value",
                    "expiresAfterSeconds": 10.0,
                    "expedite": false
                  }
                ]
              }
            ],
            "kind": "weighted-allocation-worker-selector"
          }
        ]
      },
      "StatusCode": 200,
      "ResponseHeaders": {
        "api-supported-versions": "2021-04-07-preview1, 2022-07-18-preview, 2023-08-25-preview, 2023-11-01",
        "Content-Type": "application/json; charset=utf-8",
        "Date": "Tue, 17 Oct 2023 06:34:59 GMT",
        "ETag": "Sanitized",
        "Last-Modified": "Tue, 17 Oct 2023 06:34:59 GMT",
        "Request-Context": "appId=",
        "trace-id": "1039beaf-c75a-3553-96b6-82ec11740661",
        "Transfer-Encoding": "chunked",
        "X-Azure-Ref": "0EisuZQAAAACoWbccLJHGRYkdWAYeaxXYWVZSMzExMDAwMTE1MDE5ADlmYzdiNTE5LWE4Y2MtNGY4OS05MzVlLWM5MTQ4YWUwOWU4MQ==",
        "X-Cache": "CONFIG_NOCACHE"
      },
      "ResponseBody": {
        "id": "tst_list_cp_2",
        "name": "tst_list_cp_2",
        "fallbackQueueId": "test_list_classification_policies_tst_q",
        "queueSelectors": [
          {
            "kind": "static",
            "queueSelector": {
              "key": "test_key",
              "labelOperator": "equal",
              "value": "test_value"
            }
          },
          {
            "kind": "conditional",
            "condition": {
              "kind": "static-rule",
              "value": true
            },
            "queueSelectors": [
              {
                "key": "test_key",
                "labelOperator": "equal",
                "value": "test_value"
              }
            ]
          },
          {
            "kind": "rule-engine",
            "rule": {
              "kind": "static-rule",
              "value": [
                {
                  "key": "test_key",
                  "labelOperator": "equal",
                  "value": "test_value"
                }
              ]
            }
          },
          {
            "kind": "pass-through",
            "key": "testKey",
            "labelOperator": "equal"
          },
          {
            "kind": "weighted-allocation-queue-selector",
            "allocations": [
              {
                "weight": 1,
                "queueSelectors": [
                  {
                    "key": "test_key",
                    "labelOperator": "equal",
                    "value": "test_value"
                  }
                ]
              }
            ]
          }
        ],
        "prioritizationRule": {
          "kind": "expression-rule",
          "language": "powerFx",
          "expression": "1"
        },
        "workerSelectors": [
          {
            "kind": "static",
            "workerSelector": {
              "expiresAfterSeconds": 10,
              "expedite": false,
              "status": "active",
              "key": "test_key",
              "labelOperator": "equal",
              "value": "test_value"
            }
          },
          {
            "kind": "conditional",
            "condition": {
              "kind": "static-rule",
              "value": true
            },
            "workerSelectors": [
              {
                "expiresAfterSeconds": 10,
                "expedite": false,
                "status": "active",
                "key": "test_key",
                "labelOperator": "equal",
                "value": "test_value"
              }
            ]
          },
          {
            "kind": "rule-engine",
            "rule": {
              "kind": "static-rule",
              "value": [
                {
                  "key": "test_key",
                  "labelOperator": "equal",
                  "value": "test_value",
                  "expiresAfterSeconds": 10,
                  "expedite": false
                }
              ]
            }
          },
          {
            "kind": "pass-through",
            "key": "testKey",
            "labelOperator": "equal"
          },
          {
            "kind": "weighted-allocation-worker-selector",
            "allocations": [
              {
                "weight": 1,
                "workerSelectors": [
                  {
                    "expiresAfterSeconds": 10,
                    "expedite": false,
                    "status": "active",
                    "key": "test_key",
                    "labelOperator": "equal",
                    "value": "test_value"
                  }
                ]
              }
            ]
          }
        ]
      }
    },
    {
      "RequestUri": "https://sanitized.communication.azure.net/routing/classificationPolicies?api-version=2023-11-01\u0026maxpagesize=1",
      "RequestMethod": "GET",
      "RequestHeaders": {
        "Accept": "application/json",
        "Accept-Encoding": "gzip, deflate",
        "Authorization": "Sanitized",
        "Connection": "keep-alive",
        "User-Agent": "azsdk-python-communication-jobrouter/1.0.0 Python/3.11.5 (Windows-10-10.0.22621-SP0)",
        "x-ms-client-request-id": "4b204044-6cb7-11ee-841b-046c590f95d2",
        "x-ms-content-sha256": "Sanitized",
        "x-ms-date": "Tue, 17 Oct 2023 06:34:59 GMT",
        "x-ms-return-client-request-id": "true"
      },
      "RequestBody": null,
      "StatusCode": 200,
      "ResponseHeaders": {
        "api-supported-versions": "2021-04-07-preview1, 2022-07-18-preview, 2023-08-25-preview, 2023-11-01",
        "Content-Type": "application/json; charset=utf-8",
        "Date": "Tue, 17 Oct 2023 06:34:59 GMT",
        "Request-Context": "appId=",
        "trace-id": "7cbfc6d4-a25e-8038-b685-3ba37d2f3552",
        "Transfer-Encoding": "chunked",
        "X-Azure-Ref": "0EysuZQAAAAC3xGUhvvBUR60vRcHDZ2lIWVZSMzExMDAwMTE1MDE5ADlmYzdiNTE5LWE4Y2MtNGY4OS05MzVlLWM5MTQ4YWUwOWU4MQ==",
        "X-Cache": "CONFIG_NOCACHE"
      },
      "ResponseBody": {
        "value": [
          {
            "classificationPolicy": {
              "id": "tst_list_cp_2",
              "name": "tst_list_cp_2",
              "fallbackQueueId": "test_list_classification_policies_tst_q",
              "queueSelectors": [
                {
                  "kind": "static",
                  "queueSelector": {
                    "key": "test_key",
                    "labelOperator": "equal",
                    "value": "test_value"
                  }
                },
                {
                  "kind": "conditional",
                  "condition": {
                    "kind": "static-rule",
                    "value": true
                  },
                  "queueSelectors": [
                    {
                      "key": "test_key",
                      "labelOperator": "equal",
                      "value": "test_value"
                    }
                  ]
                },
                {
                  "kind": "rule-engine",
                  "rule": {
                    "kind": "static-rule",
                    "value": [
                      {
                        "key": "test_key",
                        "labelOperator": "equal",
                        "value": "test_value"
                      }
                    ]
                  }
                },
                {
                  "kind": "pass-through",
                  "key": "testKey",
                  "labelOperator": "equal"
                },
                {
                  "kind": "weighted-allocation-queue-selector",
                  "allocations": [
                    {
                      "weight": 1,
                      "queueSelectors": [
                        {
                          "key": "test_key",
                          "labelOperator": "equal",
                          "value": "test_value"
                        }
                      ]
                    }
                  ]
                }
              ],
              "prioritizationRule": {
                "kind": "expression-rule",
                "language": "powerFx",
                "expression": "1"
              },
              "workerSelectors": [
                {
                  "kind": "static",
                  "workerSelector": {
                    "expiresAfterSeconds": 10,
                    "expedite": false,
                    "status": "active",
                    "key": "test_key",
                    "labelOperator": "equal",
                    "value": "test_value"
                  }
                },
                {
                  "kind": "conditional",
                  "condition": {
                    "kind": "static-rule",
                    "value": true
                  },
                  "workerSelectors": [
                    {
                      "expiresAfterSeconds": 10,
                      "expedite": false,
                      "status": "active",
                      "key": "test_key",
                      "labelOperator": "equal",
                      "value": "test_value"
                    }
                  ]
                },
                {
                  "kind": "rule-engine",
                  "rule": {
                    "kind": "static-rule",
                    "value": [
                      {
                        "key": "test_key",
                        "labelOperator": "equal",
                        "value": "test_value",
                        "expiresAfterSeconds": 10,
                        "expedite": false
                      }
                    ]
                  }
                },
                {
                  "kind": "pass-through",
                  "key": "testKey",
                  "labelOperator": "equal"
                },
                {
                  "kind": "weighted-allocation-worker-selector",
                  "allocations": [
                    {
                      "weight": 1,
                      "workerSelectors": [
                        {
                          "expiresAfterSeconds": 10,
                          "expedite": false,
                          "status": "active",
                          "key": "test_key",
                          "labelOperator": "equal",
                          "value": "test_value"
                        }
                      ]
                    }
                  ]
                }
              ]
            },
            "etag": "Sanitized"
          }
        ],
        "nextLink": "/routing/classificationPolicies?continuationToken=Y29udGludWF0aW9uVG9rZW49VzNzaWRHOXJaVzRpT2lJclVrbEVPbjVXUkd4UFFVNHdia2xaYVU0NVJFVkJRVUZCUVVGQlBUMGpVbFE2TVNOVVVrTTZNU05TVkVRNlFVRTlQU05KVTFZNk1pTkpSVTg2TmpVMU5qY2pVVU5HT2pnalJsQkRPa0ZuUmpaNE0yOWpRVTFMUlVGelFpc3JTRUZCUlc5QlNYZEZSRUZuVUM4dkx6UmpRVUZOUkM5QlVIY3ZMM2RRU0VaQlEwTkZVVU5uUkVGQ2RtaEJTRUZNUVVGNFJtNXZRVWxSWjBGTlFUMDlJaXdpY21GdVoyVWlPbnNpYldsdUlqb2lJaXdpYldGNElqb2lSa1lpZlgxZCZtYXhwYWdlc2l6ZT0x"
      }
    },
    {
      "RequestUri": "https://sanitized.communication.azure.net/routing/classificationPolicies?continuationToken=Y29udGludWF0aW9uVG9rZW49VzNzaWRHOXJaVzRpT2lJclVrbEVPbjVXUkd4UFFVNHdia2xaYVU0NVJFVkJRVUZCUVVGQlBUMGpVbFE2TVNOVVVrTTZNU05TVkVRNlFVRTlQU05KVTFZNk1pTkpSVTg2TmpVMU5qY2pVVU5HT2pnalJsQkRPa0ZuUmpaNE0yOWpRVTFMUlVGelFpc3JTRUZCUlc5QlNYZEZSRUZuVUM4dkx6UmpRVUZOUkM5QlVIY3ZMM2RRU0VaQlEwTkZVVU5uUkVGQ2RtaEJTRUZNUVVGNFJtNXZRVWxSWjBGTlFUMDlJaXdpY21GdVoyVWlPbnNpYldsdUlqb2lJaXdpYldGNElqb2lSa1lpZlgxZCZtYXhwYWdlc2l6ZT0x\u0026api-version=2023-11-01",
      "RequestMethod": "GET",
      "RequestHeaders": {
        "Accept": "*/*",
        "Accept-Encoding": "gzip, deflate",
        "Authorization": "Sanitized",
        "Connection": "keep-alive",
        "User-Agent": "azsdk-python-communication-jobrouter/1.0.0 Python/3.11.5 (Windows-10-10.0.22621-SP0)",
        "x-ms-client-request-id": "4b394611-6cb7-11ee-b73b-046c590f95d2",
        "x-ms-content-sha256": "Sanitized",
        "x-ms-date": "Tue, 17 Oct 2023 06:34:59 GMT",
        "x-ms-return-client-request-id": "true"
      },
      "RequestBody": null,
      "StatusCode": 200,
      "ResponseHeaders": {
        "api-supported-versions": "2021-04-07-preview1, 2022-07-18-preview, 2023-08-25-preview, 2023-11-01",
        "Content-Type": "application/json; charset=utf-8",
        "Date": "Tue, 17 Oct 2023 06:34:59 GMT",
        "Request-Context": "appId=",
        "trace-id": "17bde359-0332-c6f8-e88e-a1391a054e9f",
        "Transfer-Encoding": "chunked",
        "X-Azure-Ref": "0EysuZQAAAABtSiguNwA5RIyOFXr3Ec6zWVZSMzExMDAwMTE1MDE5ADlmYzdiNTE5LWE4Y2MtNGY4OS05MzVlLWM5MTQ4YWUwOWU4MQ==",
        "X-Cache": "CONFIG_NOCACHE"
      },
      "ResponseBody": {
        "value": [
          {
            "classificationPolicy": {
              "id": "tst_list_cp_1",
              "name": "tst_list_cp_1",
              "fallbackQueueId": "test_list_classification_policies_tst_q",
              "queueSelectors": [
                {
                  "kind": "static",
                  "queueSelector": {
                    "key": "test_key",
                    "labelOperator": "equal",
                    "value": "test_value"
                  }
                },
                {
                  "kind": "conditional",
                  "condition": {
                    "kind": "static-rule",
                    "value": true
                  },
                  "queueSelectors": [
                    {
                      "key": "test_key",
                      "labelOperator": "equal",
                      "value": "test_value"
                    }
                  ]
                },
                {
                  "kind": "rule-engine",
                  "rule": {
                    "kind": "static-rule",
                    "value": [
                      {
                        "key": "test_key",
                        "labelOperator": "equal",
                        "value": "test_value"
                      }
                    ]
                  }
                },
                {
                  "kind": "pass-through",
                  "key": "testKey",
                  "labelOperator": "equal"
                },
                {
                  "kind": "weighted-allocation-queue-selector",
                  "allocations": [
                    {
                      "weight": 1,
                      "queueSelectors": [
                        {
                          "key": "test_key",
                          "labelOperator": "equal",
                          "value": "test_value"
                        }
                      ]
                    }
                  ]
                }
              ],
              "prioritizationRule": {
                "kind": "expression-rule",
                "language": "powerFx",
                "expression": "1"
              },
              "workerSelectors": [
                {
                  "kind": "static",
                  "workerSelector": {
                    "expiresAfterSeconds": 10,
                    "expedite": false,
                    "status": "active",
                    "key": "test_key",
                    "labelOperator": "equal",
                    "value": "test_value"
                  }
                },
                {
                  "kind": "conditional",
                  "condition": {
                    "kind": "static-rule",
                    "value": true
                  },
                  "workerSelectors": [
                    {
                      "expiresAfterSeconds": 10,
                      "expedite": false,
                      "status": "active",
                      "key": "test_key",
                      "labelOperator": "equal",
                      "value": "test_value"
                    }
                  ]
                },
                {
                  "kind": "rule-engine",
                  "rule": {
                    "kind": "static-rule",
                    "value": [
                      {
                        "key": "test_key",
                        "labelOperator": "equal",
                        "value": "test_value",
                        "expiresAfterSeconds": 10,
                        "expedite": false
                      }
                    ]
                  }
                },
                {
                  "kind": "pass-through",
                  "key": "testKey",
                  "labelOperator": "equal"
                },
                {
                  "kind": "weighted-allocation-worker-selector",
                  "allocations": [
                    {
                      "weight": 1,
                      "workerSelectors": [
                        {
                          "expiresAfterSeconds": 10,
                          "expedite": false,
                          "status": "active",
                          "key": "test_key",
                          "labelOperator": "equal",
                          "value": "test_value"
                        }
                      ]
                    }
                  ]
                }
              ]
            },
            "etag": "Sanitized"
          }
        ],
        "nextLink": "/routing/classificationPolicies?continuationToken=Y29udGludWF0aW9uVG9rZW49VzNzaWRHOXJaVzRpT2lJclVrbEVPbjVXUkd4UFFVNHdia2xaYVUwNVJFVkJRVUZCUVVGQlBUMGpVbFE2TWlOVVVrTTZNaU5TVkVRNlFVRTlQU05KVTFZNk1pTkpSVTg2TmpVMU5qY2pVVU5HT2pnalJsQkRPa0ZuUmpaNE0yOWpRVTFMUlVGelFpc3JTRUZCUlc5QlNYZEZSRUZuVUM4dkx6UmpRVUZOUkM5QlVIY3ZMM2RRU0VaQlEwTkZVVU5uUkVGQ2RtaEJTRUZNUVVGNFJtNXZRVWxSWjBGTlFUMDlJaXdpY21GdVoyVWlPbnNpYldsdUlqb2lJaXdpYldGNElqb2lSa1lpZlgxZCZtYXhwYWdlc2l6ZT0x"
      }
    },
    {
      "RequestUri": "https://sanitized.communication.azure.net/routing/classificationPolicies?continuationToken=Y29udGludWF0aW9uVG9rZW49VzNzaWRHOXJaVzRpT2lJclVrbEVPbjVXUkd4UFFVNHdia2xaYVUwNVJFVkJRVUZCUVVGQlBUMGpVbFE2TWlOVVVrTTZNaU5TVkVRNlFVRTlQU05KVTFZNk1pTkpSVTg2TmpVMU5qY2pVVU5HT2pnalJsQkRPa0ZuUmpaNE0yOWpRVTFMUlVGelFpc3JTRUZCUlc5QlNYZEZSRUZuVUM4dkx6UmpRVUZOUkM5QlVIY3ZMM2RRU0VaQlEwTkZVVU5uUkVGQ2RtaEJTRUZNUVVGNFJtNXZRVWxSWjBGTlFUMDlJaXdpY21GdVoyVWlPbnNpYldsdUlqb2lJaXdpYldGNElqb2lSa1lpZlgxZCZtYXhwYWdlc2l6ZT0x\u0026api-version=2023-11-01",
      "RequestMethod": "GET",
      "RequestHeaders": {
        "Accept": "*/*",
        "Accept-Encoding": "gzip, deflate",
        "Authorization": "Sanitized",
        "Connection": "keep-alive",
        "User-Agent": "azsdk-python-communication-jobrouter/1.0.0 Python/3.11.5 (Windows-10-10.0.22621-SP0)",
        "x-ms-client-request-id": "4b548c9c-6cb7-11ee-a279-046c590f95d2",
        "x-ms-content-sha256": "Sanitized",
        "x-ms-date": "Tue, 17 Oct 2023 06:34:59 GMT",
        "x-ms-return-client-request-id": "true"
      },
      "RequestBody": null,
      "StatusCode": 200,
      "ResponseHeaders": {
        "api-supported-versions": "2021-04-07-preview1, 2022-07-18-preview, 2023-08-25-preview, 2023-11-01",
        "Content-Type": "application/json; charset=utf-8",
        "Date": "Tue, 17 Oct 2023 06:34:59 GMT",
        "Request-Context": "appId=",
        "trace-id": "b4fe11d9-5a2b-cb5d-23a7-d5e6520bc448",
        "Transfer-Encoding": "chunked",
        "X-Azure-Ref": "0EysuZQAAAACS5XyD0cNXSYE0uOjzsdPKWVZSMzExMDAwMTE1MDE5ADlmYzdiNTE5LWE4Y2MtNGY4OS05MzVlLWM5MTQ4YWUwOWU4MQ==",
        "X-Cache": "CONFIG_NOCACHE"
      },
      "ResponseBody": {
        "value": [
          {
            "classificationPolicy": {
              "id": "139D366735968E7B01E3F1B466983B562EA013005C3C94B127",
              "queueSelectors": [
                {
                  "kind": "static",
                  "queueSelector": {
                    "key": "Id",
                    "labelOperator": "equal",
                    "value": "F212A670E47A076215D1A056DAE42BF90468407BC75E0D365B"
                  }
                }
              ],
              "workerSelectors": []
            },
            "etag": "Sanitized"
          }
        ],
        "nextLink": "/routing/classificationPolicies?continuationToken=Y29udGludWF0aW9uVG9rZW49VzNzaWRHOXJaVzRpT2lJclVrbEVPbjVXUkd4UFFVNHdia2xaYUZjM1JFVkJRVUZCUVVGQlBUMGpVbFE2TXlOVVVrTTZNeU5TVkVRNlFVRTlQU05KVTFZNk1pTkpSVTg2TmpVMU5qY2pVVU5HT2pnalJsQkRPa0ZuUmpaNE0yOWpRVTFMUlVGelFpc3JTRUZCUlc5QlNYZEZSRUZuVUM4dkx6UmpRVUZOUkM5QlVIY3ZMM2RRU0VaQlEwTkZVVU5uUkVGQ2RtaEJTRUZNUVVGNFJtNXZRVWxSWjBGTlFUMDlJaXdpY21GdVoyVWlPbnNpYldsdUlqb2lJaXdpYldGNElqb2lSa1lpZlgxZCZtYXhwYWdlc2l6ZT0x"
      }
    },
    {
      "RequestUri": "https://sanitized.communication.azure.net/routing/classificationPolicies/tst_list_cp_1?api-version=2023-11-01",
      "RequestMethod": "PATCH",
      "RequestHeaders": {
        "Accept": "application/json",
        "Accept-Encoding": "gzip, deflate",
        "Authorization": "Sanitized",
        "Connection": "keep-alive",
        "Content-Length": "1645",
        "Content-Type": "application/merge-patch\u002Bjson",
        "User-Agent": "azsdk-python-communication-jobrouter/1.0.0 Python/3.11.5 (Windows-10-10.0.22621-SP0)",
        "x-ms-client-request-id": "4b6c89ef-6cb7-11ee-a864-046c590f95d2",
        "x-ms-content-sha256": "Sanitized",
        "x-ms-date": "Tue, 17 Oct 2023 06:34:59 GMT",
        "x-ms-return-client-request-id": "true"
      },
      "RequestBody": {
        "name": "tst_list_cp_1",
        "fallbackQueueId": "test_list_classification_policies_tst_q",
        "queueSelectors": [
          {
            "queueSelector": {
              "key": "test_key",
              "labelOperator": "equal",
              "value": "test_value"
            },
            "kind": "static"
          },
          {
            "condition": {
              "value": true,
              "kind": "static-rule"
            },
            "queueSelectors": [
              {
                "key": "test_key",
                "labelOperator": "equal",
                "value": "test_value"
              }
            ],
            "kind": "conditional"
          },
          {
            "rule": {
              "value": [
                {
                  "key": "test_key",
                  "labelOperator": "equal",
                  "value": "test_value"
                }
              ],
              "kind": "static-rule"
            },
            "kind": "rule-engine"
          },
          {
            "key": "testKey",
            "labelOperator": "equal",
            "kind": "pass-through"
          },
          {
            "allocations": [
              {
                "weight": 1.0,
                "queueSelectors": [
                  {
                    "key": "test_key",
                    "labelOperator": "equal",
                    "value": "test_value"
                  }
                ]
              }
            ],
            "kind": "weighted-allocation-queue-selector"
          }
        ],
        "prioritizationRule": {
          "functionUri": "https://dummy.endpoint.net",
          "credential": {
            "functionKey": "Sanitized"
          },
          "kind": "azure-function-rule"
        },
        "workerSelectors": [
          {
            "workerSelector": {
              "key": "test_key",
              "labelOperator": "equal",
              "value": "test_value",
              "expiresAfterSeconds": 10.0,
              "expedite": false
            },
            "kind": "static"
          },
          {
            "condition": {
              "value": true,
              "kind": "static-rule"
            },
            "workerSelectors": [
              {
                "key": "test_key",
                "labelOperator": "equal",
                "value": "test_value",
                "expiresAfterSeconds": 10.0,
                "expedite": false
              }
            ],
            "kind": "conditional"
          },
          {
            "rule": {
              "value": [
                {
                  "key": "test_key",
                  "labelOperator": "equal",
                  "value": "test_value",
                  "expiresAfterSeconds": 10.0,
                  "expedite": false
                }
              ],
              "kind": "static-rule"
            },
            "kind": "rule-engine"
          },
          {
            "key": "testKey",
            "labelOperator": "equal",
            "kind": "pass-through"
          },
          {
            "allocations": [
              {
                "weight": 1.0,
                "workerSelectors": [
                  {
                    "key": "test_key",
                    "labelOperator": "equal",
                    "value": "test_value",
                    "expiresAfterSeconds": 10.0,
                    "expedite": false
                  }
                ]
              }
            ],
            "kind": "weighted-allocation-worker-selector"
          }
        ]
      },
      "StatusCode": 200,
      "ResponseHeaders": {
        "api-supported-versions": "2021-04-07-preview1, 2022-07-18-preview, 2023-08-25-preview, 2023-11-01",
        "Content-Type": "application/json; charset=utf-8",
        "Date": "Tue, 17 Oct 2023 06:35:00 GMT",
        "ETag": "Sanitized",
        "Last-Modified": "Tue, 17 Oct 2023 06:35:00 GMT",
        "Request-Context": "appId=",
        "trace-id": "9d53a11b-90b6-1b30-64da-e9c41302e15e",
        "Transfer-Encoding": "chunked",
        "X-Azure-Ref": "0FCsuZQAAAAABu6vjNjU5ToTaC8rncquRWVZSMzExMDAwMTE1MDE5ADlmYzdiNTE5LWE4Y2MtNGY4OS05MzVlLWM5MTQ4YWUwOWU4MQ==",
        "X-Cache": "CONFIG_NOCACHE"
      },
      "ResponseBody": {
        "id": "tst_list_cp_1",
        "name": "tst_list_cp_1",
        "fallbackQueueId": "test_list_classification_policies_tst_q",
        "queueSelectors": [
          {
            "kind": "static",
            "queueSelector": {
              "key": "test_key",
              "labelOperator": "equal",
              "value": "test_value"
            }
          },
          {
            "kind": "conditional",
            "condition": {
              "kind": "static-rule",
              "value": true
            },
            "queueSelectors": [
              {
                "key": "test_key",
                "labelOperator": "equal",
                "value": "test_value"
              }
            ]
          },
          {
            "kind": "rule-engine",
            "rule": {
              "kind": "static-rule",
              "value": [
                {
                  "key": "test_key",
                  "labelOperator": "equal",
                  "value": "test_value"
                }
              ]
            }
          },
          {
            "kind": "pass-through",
            "key": "testKey",
            "labelOperator": "equal"
          },
          {
            "kind": "weighted-allocation-queue-selector",
            "allocations": [
              {
                "weight": 1,
                "queueSelectors": [
                  {
                    "key": "test_key",
                    "labelOperator": "equal",
                    "value": "test_value"
                  }
                ]
              }
            ]
          }
        ],
        "prioritizationRule": {
          "kind": "azure-function-rule",
          "functionUri": "https://dummy.endpoint.net",
          "credential": {
            "functionKey": "Sanitized"
          }
        },
        "workerSelectors": [
          {
            "kind": "static",
            "workerSelector": {
              "expiresAfterSeconds": 10,
              "expedite": false,
              "status": "active",
              "key": "test_key",
              "labelOperator": "equal",
              "value": "test_value"
            }
          },
          {
            "kind": "conditional",
            "condition": {
              "kind": "static-rule",
              "value": true
            },
            "workerSelectors": [
              {
                "expiresAfterSeconds": 10,
                "expedite": false,
                "status": "active",
                "key": "test_key",
                "labelOperator": "equal",
                "value": "test_value"
              }
            ]
          },
          {
            "kind": "rule-engine",
            "rule": {
              "kind": "static-rule",
              "value": [
                {
                  "key": "test_key",
                  "labelOperator": "equal",
                  "value": "test_value",
                  "expiresAfterSeconds": 10,
                  "expedite": false
                }
              ]
            }
          },
          {
            "kind": "pass-through",
            "key": "testKey",
            "labelOperator": "equal"
          },
          {
            "kind": "weighted-allocation-worker-selector",
            "allocations": [
              {
                "weight": 1,
                "workerSelectors": [
                  {
                    "expiresAfterSeconds": 10,
                    "expedite": false,
                    "status": "active",
                    "key": "test_key",
                    "labelOperator": "equal",
                    "value": "test_value"
                  }
                ]
              }
            ]
          }
        ]
      }
    },
    {
      "RequestUri": "https://sanitized.communication.azure.net/routing/classificationPolicies/tst_list_cp_2?api-version=2023-11-01",
      "RequestMethod": "PATCH",
      "RequestHeaders": {
        "Accept": "application/json",
        "Accept-Encoding": "gzip, deflate",
        "Authorization": "Sanitized",
        "Connection": "keep-alive",
        "Content-Length": "1645",
        "Content-Type": "application/merge-patch\u002Bjson",
        "User-Agent": "azsdk-python-communication-jobrouter/1.0.0 Python/3.11.5 (Windows-10-10.0.22621-SP0)",
        "x-ms-client-request-id": "4bc573b6-6cb7-11ee-9608-046c590f95d2",
        "x-ms-content-sha256": "Sanitized",
        "x-ms-date": "Tue, 17 Oct 2023 06:35:00 GMT",
        "x-ms-return-client-request-id": "true"
      },
      "RequestBody": {
        "name": "tst_list_cp_2",
        "fallbackQueueId": "test_list_classification_policies_tst_q",
        "queueSelectors": [
          {
            "queueSelector": {
              "key": "test_key",
              "labelOperator": "equal",
              "value": "test_value"
            },
            "kind": "static"
          },
          {
            "condition": {
              "value": true,
              "kind": "static-rule"
            },
            "queueSelectors": [
              {
                "key": "test_key",
                "labelOperator": "equal",
                "value": "test_value"
              }
            ],
            "kind": "conditional"
          },
          {
            "rule": {
              "value": [
                {
                  "key": "test_key",
                  "labelOperator": "equal",
                  "value": "test_value"
                }
              ],
              "kind": "static-rule"
            },
            "kind": "rule-engine"
          },
          {
            "key": "testKey",
            "labelOperator": "equal",
            "kind": "pass-through"
          },
          {
            "allocations": [
              {
                "weight": 1.0,
                "queueSelectors": [
                  {
                    "key": "test_key",
                    "labelOperator": "equal",
                    "value": "test_value"
                  }
                ]
              }
            ],
            "kind": "weighted-allocation-queue-selector"
          }
        ],
        "prioritizationRule": {
          "functionUri": "https://dummy.endpoint.net",
          "credential": {
            "functionKey": "Sanitized"
          },
          "kind": "azure-function-rule"
        },
        "workerSelectors": [
          {
            "workerSelector": {
              "key": "test_key",
              "labelOperator": "equal",
              "value": "test_value",
              "expiresAfterSeconds": 10.0,
              "expedite": false
            },
            "kind": "static"
          },
          {
            "condition": {
              "value": true,
              "kind": "static-rule"
            },
            "workerSelectors": [
              {
                "key": "test_key",
                "labelOperator": "equal",
                "value": "test_value",
                "expiresAfterSeconds": 10.0,
                "expedite": false
              }
            ],
            "kind": "conditional"
          },
          {
            "rule": {
              "value": [
                {
                  "key": "test_key",
                  "labelOperator": "equal",
                  "value": "test_value",
                  "expiresAfterSeconds": 10.0,
                  "expedite": false
                }
              ],
              "kind": "static-rule"
            },
            "kind": "rule-engine"
          },
          {
            "key": "testKey",
            "labelOperator": "equal",
            "kind": "pass-through"
          },
          {
            "allocations": [
              {
                "weight": 1.0,
                "workerSelectors": [
                  {
                    "key": "test_key",
                    "labelOperator": "equal",
                    "value": "test_value",
                    "expiresAfterSeconds": 10.0,
                    "expedite": false
                  }
                ]
              }
            ],
            "kind": "weighted-allocation-worker-selector"
          }
        ]
      },
      "StatusCode": 200,
      "ResponseHeaders": {
        "api-supported-versions": "2021-04-07-preview1, 2022-07-18-preview, 2023-08-25-preview, 2023-11-01",
        "Content-Type": "application/json; charset=utf-8",
        "Date": "Tue, 17 Oct 2023 06:35:00 GMT",
        "ETag": "Sanitized",
        "Last-Modified": "Tue, 17 Oct 2023 06:35:01 GMT",
        "Request-Context": "appId=",
        "trace-id": "8b27ebef-31bd-355b-88c5-222c1aa1b729",
        "Transfer-Encoding": "chunked",
        "X-Azure-Ref": "0FCsuZQAAAAB0fX3By/j7SJ5Mf4YTXkAEWVZSMzExMDAwMTE1MDE5ADlmYzdiNTE5LWE4Y2MtNGY4OS05MzVlLWM5MTQ4YWUwOWU4MQ==",
        "X-Cache": "CONFIG_NOCACHE"
      },
      "ResponseBody": {
        "id": "tst_list_cp_2",
        "name": "tst_list_cp_2",
        "fallbackQueueId": "test_list_classification_policies_tst_q",
        "queueSelectors": [
          {
            "kind": "static",
            "queueSelector": {
              "key": "test_key",
              "labelOperator": "equal",
              "value": "test_value"
            }
          },
          {
            "kind": "conditional",
            "condition": {
              "kind": "static-rule",
              "value": true
            },
            "queueSelectors": [
              {
                "key": "test_key",
                "labelOperator": "equal",
                "value": "test_value"
              }
            ]
          },
          {
            "kind": "rule-engine",
            "rule": {
              "kind": "static-rule",
              "value": [
                {
                  "key": "test_key",
                  "labelOperator": "equal",
                  "value": "test_value"
                }
              ]
            }
          },
          {
            "kind": "pass-through",
            "key": "testKey",
            "labelOperator": "equal"
          },
          {
            "kind": "weighted-allocation-queue-selector",
            "allocations": [
              {
                "weight": 1,
                "queueSelectors": [
                  {
                    "key": "test_key",
                    "labelOperator": "equal",
                    "value": "test_value"
                  }
                ]
              }
            ]
          }
        ],
        "prioritizationRule": {
          "kind": "azure-function-rule",
          "functionUri": "https://dummy.endpoint.net",
          "credential": {
            "functionKey": "Sanitized"
          }
        },
        "workerSelectors": [
          {
            "kind": "static",
            "workerSelector": {
              "expiresAfterSeconds": 10,
              "expedite": false,
              "status": "active",
              "key": "test_key",
              "labelOperator": "equal",
              "value": "test_value"
            }
          },
          {
            "kind": "conditional",
            "condition": {
              "kind": "static-rule",
              "value": true
            },
            "workerSelectors": [
              {
                "expiresAfterSeconds": 10,
                "expedite": false,
                "status": "active",
                "key": "test_key",
                "labelOperator": "equal",
                "value": "test_value"
              }
            ]
          },
          {
            "kind": "rule-engine",
            "rule": {
              "kind": "static-rule",
              "value": [
                {
                  "key": "test_key",
                  "labelOperator": "equal",
                  "value": "test_value",
                  "expiresAfterSeconds": 10,
                  "expedite": false
                }
              ]
            }
          },
          {
            "kind": "pass-through",
            "key": "testKey",
            "labelOperator": "equal"
          },
          {
            "kind": "weighted-allocation-worker-selector",
            "allocations": [
              {
                "weight": 1,
                "workerSelectors": [
                  {
                    "expiresAfterSeconds": 10,
                    "expedite": false,
                    "status": "active",
                    "key": "test_key",
                    "labelOperator": "equal",
                    "value": "test_value"
                  }
                ]
              }
            ]
          }
        ]
      }
    },
    {
      "RequestUri": "https://sanitized.communication.azure.net/routing/classificationPolicies?api-version=2023-11-01\u0026maxpagesize=1",
      "RequestMethod": "GET",
      "RequestHeaders": {
        "Accept": "application/json",
        "Accept-Encoding": "gzip, deflate",
        "Authorization": "Sanitized",
        "Connection": "keep-alive",
        "User-Agent": "azsdk-python-communication-jobrouter/1.0.0 Python/3.11.5 (Windows-10-10.0.22621-SP0)",
        "x-ms-client-request-id": "4c1e326f-6cb7-11ee-adc0-046c590f95d2",
        "x-ms-content-sha256": "Sanitized",
        "x-ms-date": "Tue, 17 Oct 2023 06:35:00 GMT",
        "x-ms-return-client-request-id": "true"
      },
      "RequestBody": null,
      "StatusCode": 200,
      "ResponseHeaders": {
        "api-supported-versions": "2021-04-07-preview1, 2022-07-18-preview, 2023-08-25-preview, 2023-11-01",
        "Content-Type": "application/json; charset=utf-8",
        "Date": "Tue, 17 Oct 2023 06:35:01 GMT",
        "Request-Context": "appId=",
        "trace-id": "8836247e-d0c1-f7f7-0369-220036518359",
        "Transfer-Encoding": "chunked",
        "X-Azure-Ref": "0FSsuZQAAAABtqeGbmsf8Sae6KSJCjZ62WVZSMzExMDAwMTE1MDE5ADlmYzdiNTE5LWE4Y2MtNGY4OS05MzVlLWM5MTQ4YWUwOWU4MQ==",
        "X-Cache": "CONFIG_NOCACHE"
      },
      "ResponseBody": {
        "value": [
          {
            "classificationPolicy": {
              "id": "tst_list_cp_2",
              "name": "tst_list_cp_2",
              "fallbackQueueId": "test_list_classification_policies_tst_q",
              "queueSelectors": [
                {
                  "kind": "static",
                  "queueSelector": {
                    "key": "test_key",
                    "labelOperator": "equal",
                    "value": "test_value"
                  }
                },
                {
                  "kind": "conditional",
                  "condition": {
                    "kind": "static-rule",
                    "value": true
                  },
                  "queueSelectors": [
                    {
                      "key": "test_key",
                      "labelOperator": "equal",
                      "value": "test_value"
                    }
                  ]
                },
                {
                  "kind": "rule-engine",
                  "rule": {
                    "kind": "static-rule",
                    "value": [
                      {
                        "key": "test_key",
                        "labelOperator": "equal",
                        "value": "test_value"
                      }
                    ]
                  }
                },
                {
                  "kind": "pass-through",
                  "key": "testKey",
                  "labelOperator": "equal"
                },
                {
                  "kind": "weighted-allocation-queue-selector",
                  "allocations": [
                    {
                      "weight": 1,
                      "queueSelectors": [
                        {
                          "key": "test_key",
                          "labelOperator": "equal",
                          "value": "test_value"
                        }
                      ]
                    }
                  ]
                }
              ],
              "prioritizationRule": {
                "kind": "azure-function-rule",
                "functionUri": "https://dummy.endpoint.net",
                "credential": {
                  "functionKey": "Sanitized"
                }
              },
              "workerSelectors": [
                {
                  "kind": "static",
                  "workerSelector": {
                    "expiresAfterSeconds": 10,
                    "expedite": false,
                    "status": "active",
                    "key": "test_key",
                    "labelOperator": "equal",
                    "value": "test_value"
                  }
                },
                {
                  "kind": "conditional",
                  "condition": {
                    "kind": "static-rule",
                    "value": true
                  },
                  "workerSelectors": [
                    {
                      "expiresAfterSeconds": 10,
                      "expedite": false,
                      "status": "active",
                      "key": "test_key",
                      "labelOperator": "equal",
                      "value": "test_value"
                    }
                  ]
                },
                {
                  "kind": "rule-engine",
                  "rule": {
                    "kind": "static-rule",
                    "value": [
                      {
                        "key": "test_key",
                        "labelOperator": "equal",
                        "value": "test_value",
                        "expiresAfterSeconds": 10,
                        "expedite": false
                      }
                    ]
                  }
                },
                {
                  "kind": "pass-through",
                  "key": "testKey",
                  "labelOperator": "equal"
                },
                {
                  "kind": "weighted-allocation-worker-selector",
                  "allocations": [
                    {
                      "weight": 1,
                      "workerSelectors": [
                        {
                          "expiresAfterSeconds": 10,
                          "expedite": false,
                          "status": "active",
                          "key": "test_key",
                          "labelOperator": "equal",
                          "value": "test_value"
                        }
                      ]
                    }
                  ]
                }
              ]
            },
            "etag": "Sanitized"
          }
        ],
        "nextLink": "/routing/classificationPolicies?continuationToken=Y29udGludWF0aW9uVG9rZW49VzNzaWRHOXJaVzRpT2lJclVrbEVPbjVXUkd4UFFVNHdia2xaYVU0NVJFVkJRVUZCUVVGQlBUMGpVbFE2TVNOVVVrTTZNU05TVkVRNlFVRTlQU05KVTFZNk1pTkpSVTg2TmpVMU5qY2pVVU5HT2pnalJsQkRPa0ZuUmpaNE0yOWpRVTFMUlVGelFpc3JTRUZCUlc5QlNYZEZSRUZuVUM4dkx6UmpRVUZOUkM5QlVIY3ZMM2RRU0VaQlEwTkZVVU5uUkVGQ2RtaEJTRUZNUVVGNFJtNXZRVWxSWjBGTlFUMDlJaXdpY21GdVoyVWlPbnNpYldsdUlqb2lJaXdpYldGNElqb2lSa1lpZlgxZCZtYXhwYWdlc2l6ZT0x"
      }
    },
    {
      "RequestUri": "https://sanitized.communication.azure.net/routing/classificationPolicies?continuationToken=Y29udGludWF0aW9uVG9rZW49VzNzaWRHOXJaVzRpT2lJclVrbEVPbjVXUkd4UFFVNHdia2xaYVU0NVJFVkJRVUZCUVVGQlBUMGpVbFE2TVNOVVVrTTZNU05TVkVRNlFVRTlQU05KVTFZNk1pTkpSVTg2TmpVMU5qY2pVVU5HT2pnalJsQkRPa0ZuUmpaNE0yOWpRVTFMUlVGelFpc3JTRUZCUlc5QlNYZEZSRUZuVUM4dkx6UmpRVUZOUkM5QlVIY3ZMM2RRU0VaQlEwTkZVVU5uUkVGQ2RtaEJTRUZNUVVGNFJtNXZRVWxSWjBGTlFUMDlJaXdpY21GdVoyVWlPbnNpYldsdUlqb2lJaXdpYldGNElqb2lSa1lpZlgxZCZtYXhwYWdlc2l6ZT0x\u0026api-version=2023-11-01",
      "RequestMethod": "GET",
      "RequestHeaders": {
        "Accept": "*/*",
        "Accept-Encoding": "gzip, deflate",
        "Authorization": "Sanitized",
        "Connection": "keep-alive",
        "User-Agent": "azsdk-python-communication-jobrouter/1.0.0 Python/3.11.5 (Windows-10-10.0.22621-SP0)",
        "x-ms-client-request-id": "4c379ad2-6cb7-11ee-9c57-046c590f95d2",
        "x-ms-content-sha256": "Sanitized",
        "x-ms-date": "Tue, 17 Oct 2023 06:35:00 GMT",
        "x-ms-return-client-request-id": "true"
      },
      "RequestBody": null,
      "StatusCode": 200,
      "ResponseHeaders": {
        "api-supported-versions": "2021-04-07-preview1, 2022-07-18-preview, 2023-08-25-preview, 2023-11-01",
        "Content-Type": "application/json; charset=utf-8",
        "Date": "Tue, 17 Oct 2023 06:35:01 GMT",
        "Request-Context": "appId=",
        "trace-id": "250c9f49-0cb8-ea8c-621b-4a39b0254064",
        "Transfer-Encoding": "chunked",
        "X-Azure-Ref": "0FSsuZQAAAABodlzuVDxGTbWRgo8RqaamWVZSMzExMDAwMTE1MDE5ADlmYzdiNTE5LWE4Y2MtNGY4OS05MzVlLWM5MTQ4YWUwOWU4MQ==",
        "X-Cache": "CONFIG_NOCACHE"
      },
      "ResponseBody": {
        "value": [
          {
            "classificationPolicy": {
              "id": "tst_list_cp_1",
              "name": "tst_list_cp_1",
              "fallbackQueueId": "test_list_classification_policies_tst_q",
              "queueSelectors": [
                {
                  "kind": "static",
                  "queueSelector": {
                    "key": "test_key",
                    "labelOperator": "equal",
                    "value": "test_value"
                  }
                },
                {
                  "kind": "conditional",
                  "condition": {
                    "kind": "static-rule",
                    "value": true
                  },
                  "queueSelectors": [
                    {
                      "key": "test_key",
                      "labelOperator": "equal",
                      "value": "test_value"
                    }
                  ]
                },
                {
                  "kind": "rule-engine",
                  "rule": {
                    "kind": "static-rule",
                    "value": [
                      {
                        "key": "test_key",
                        "labelOperator": "equal",
                        "value": "test_value"
                      }
                    ]
                  }
                },
                {
                  "kind": "pass-through",
                  "key": "testKey",
                  "labelOperator": "equal"
                },
                {
                  "kind": "weighted-allocation-queue-selector",
                  "allocations": [
                    {
                      "weight": 1,
                      "queueSelectors": [
                        {
                          "key": "test_key",
                          "labelOperator": "equal",
                          "value": "test_value"
                        }
                      ]
                    }
                  ]
                }
              ],
              "prioritizationRule": {
                "kind": "azure-function-rule",
                "functionUri": "https://dummy.endpoint.net",
                "credential": {
                  "functionKey": "Sanitized"
                }
              },
              "workerSelectors": [
                {
                  "kind": "static",
                  "workerSelector": {
                    "expiresAfterSeconds": 10,
                    "expedite": false,
                    "status": "active",
                    "key": "test_key",
                    "labelOperator": "equal",
                    "value": "test_value"
                  }
                },
                {
                  "kind": "conditional",
                  "condition": {
                    "kind": "static-rule",
                    "value": true
                  },
                  "workerSelectors": [
                    {
                      "expiresAfterSeconds": 10,
                      "expedite": false,
                      "status": "active",
                      "key": "test_key",
                      "labelOperator": "equal",
                      "value": "test_value"
                    }
                  ]
                },
                {
                  "kind": "rule-engine",
                  "rule": {
                    "kind": "static-rule",
                    "value": [
                      {
                        "key": "test_key",
                        "labelOperator": "equal",
                        "value": "test_value",
                        "expiresAfterSeconds": 10,
                        "expedite": false
                      }
                    ]
                  }
                },
                {
                  "kind": "pass-through",
                  "key": "testKey",
                  "labelOperator": "equal"
                },
                {
                  "kind": "weighted-allocation-worker-selector",
                  "allocations": [
                    {
                      "weight": 1,
                      "workerSelectors": [
                        {
                          "expiresAfterSeconds": 10,
                          "expedite": false,
                          "status": "active",
                          "key": "test_key",
                          "labelOperator": "equal",
                          "value": "test_value"
                        }
                      ]
                    }
                  ]
                }
              ]
            },
            "etag": "Sanitized"
          }
        ],
        "nextLink": "/routing/classificationPolicies?continuationToken=Y29udGludWF0aW9uVG9rZW49VzNzaWRHOXJaVzRpT2lJclVrbEVPbjVXUkd4UFFVNHdia2xaYVUwNVJFVkJRVUZCUVVGQlBUMGpVbFE2TWlOVVVrTTZNaU5TVkVRNlFVRTlQU05KVTFZNk1pTkpSVTg2TmpVMU5qY2pVVU5HT2pnalJsQkRPa0ZuUmpaNE0yOWpRVTFMUlVGelFpc3JTRUZCUlc5QlNYZEZSRUZuVUM4dkx6UmpRVUZOUkM5QlVIY3ZMM2RRU0VaQlEwTkZVVU5uUkVGQ2RtaEJTRUZNUVVGNFJtNXZRVWxSWjBGTlFUMDlJaXdpY21GdVoyVWlPbnNpYldsdUlqb2lJaXdpYldGNElqb2lSa1lpZlgxZCZtYXhwYWdlc2l6ZT0x"
      }
    },
    {
      "RequestUri": "https://sanitized.communication.azure.net/routing/classificationPolicies?continuationToken=Y29udGludWF0aW9uVG9rZW49VzNzaWRHOXJaVzRpT2lJclVrbEVPbjVXUkd4UFFVNHdia2xaYVUwNVJFVkJRVUZCUVVGQlBUMGpVbFE2TWlOVVVrTTZNaU5TVkVRNlFVRTlQU05KVTFZNk1pTkpSVTg2TmpVMU5qY2pVVU5HT2pnalJsQkRPa0ZuUmpaNE0yOWpRVTFMUlVGelFpc3JTRUZCUlc5QlNYZEZSRUZuVUM4dkx6UmpRVUZOUkM5QlVIY3ZMM2RRU0VaQlEwTkZVVU5uUkVGQ2RtaEJTRUZNUVVGNFJtNXZRVWxSWjBGTlFUMDlJaXdpY21GdVoyVWlPbnNpYldsdUlqb2lJaXdpYldGNElqb2lSa1lpZlgxZCZtYXhwYWdlc2l6ZT0x\u0026api-version=2023-11-01",
      "RequestMethod": "GET",
      "RequestHeaders": {
        "Accept": "*/*",
        "Accept-Encoding": "gzip, deflate",
        "Authorization": "Sanitized",
        "Connection": "keep-alive",
        "User-Agent": "azsdk-python-communication-jobrouter/1.0.0 Python/3.11.5 (Windows-10-10.0.22621-SP0)",
        "x-ms-client-request-id": "4c550efc-6cb7-11ee-8c58-046c590f95d2",
        "x-ms-content-sha256": "Sanitized",
        "x-ms-date": "Tue, 17 Oct 2023 06:35:01 GMT",
        "x-ms-return-client-request-id": "true"
      },
      "RequestBody": null,
      "StatusCode": 200,
      "ResponseHeaders": {
        "api-supported-versions": "2021-04-07-preview1, 2022-07-18-preview, 2023-08-25-preview, 2023-11-01",
        "Content-Type": "application/json; charset=utf-8",
        "Date": "Tue, 17 Oct 2023 06:35:01 GMT",
        "Request-Context": "appId=",
        "trace-id": "61f8c524-38ec-0db6-31cd-f1df450673f0",
        "Transfer-Encoding": "chunked",
        "X-Azure-Ref": "0FSsuZQAAAADNRtHwWxD4SYqfSXSUay7KWVZSMzExMDAwMTE1MDE5ADlmYzdiNTE5LWE4Y2MtNGY4OS05MzVlLWM5MTQ4YWUwOWU4MQ==",
        "X-Cache": "CONFIG_NOCACHE"
      },
      "ResponseBody": {
        "value": [
          {
            "classificationPolicy": {
              "id": "139D366735968E7B01E3F1B466983B562EA013005C3C94B127",
              "queueSelectors": [
                {
                  "kind": "static",
                  "queueSelector": {
                    "key": "Id",
                    "labelOperator": "equal",
                    "value": "F212A670E47A076215D1A056DAE42BF90468407BC75E0D365B"
                  }
                }
              ],
              "workerSelectors": []
            },
            "etag": "Sanitized"
          }
        ],
        "nextLink": "/routing/classificationPolicies?continuationToken=Y29udGludWF0aW9uVG9rZW49VzNzaWRHOXJaVzRpT2lJclVrbEVPbjVXUkd4UFFVNHdia2xaYUZjM1JFVkJRVUZCUVVGQlBUMGpVbFE2TXlOVVVrTTZNeU5TVkVRNlFVRTlQU05KVTFZNk1pTkpSVTg2TmpVMU5qY2pVVU5HT2pnalJsQkRPa0ZuUmpaNE0yOWpRVTFMUlVGelFpc3JTRUZCUlc5QlNYZEZSRUZuVUM4dkx6UmpRVUZOUkM5QlVIY3ZMM2RRU0VaQlEwTkZVVU5uUkVGQ2RtaEJTRUZNUVVGNFJtNXZRVWxSWjBGTlFUMDlJaXdpY21GdVoyVWlPbnNpYldsdUlqb2lJaXdpYldGNElqb2lSa1lpZlgxZCZtYXhwYWdlc2l6ZT0x"
      }
    },
    {
      "RequestUri": "https://sanitized.communication.azure.net/routing/classificationPolicies/tst_list_cp_2?api-version=2023-11-01",
      "RequestMethod": "DELETE",
      "RequestHeaders": {
        "Accept": "*/*",
        "Accept-Encoding": "gzip, deflate",
        "Authorization": "Sanitized",
        "Connection": "keep-alive",
        "Content-Length": "0",
        "User-Agent": "azsdk-python-communication-jobrouter/1.0.0 Python/3.11.5 (Windows-10-10.0.22621-SP0)",
        "x-ms-client-request-id": "4c6cf33f-6cb7-11ee-858f-046c590f95d2",
        "x-ms-content-sha256": "Sanitized",
        "x-ms-date": "Tue, 17 Oct 2023 06:35:01 GMT",
        "x-ms-return-client-request-id": "true"
      },
      "RequestBody": null,
      "StatusCode": 204,
      "ResponseHeaders": {
        "api-supported-versions": "2021-04-07-preview1, 2022-07-18-preview, 2023-08-25-preview, 2023-11-01",
        "Date": "Tue, 17 Oct 2023 06:35:02 GMT",
        "Request-Context": "appId=",
        "trace-id": "6179d6cc-8824-e02f-de62-86a0759d8dce",
        "X-Azure-Ref": "0FisuZQAAAAC03pOJlIDEQb\u002BiitaklGUPWVZSMzExMDAwMTE1MDE5ADlmYzdiNTE5LWE4Y2MtNGY4OS05MzVlLWM5MTQ4YWUwOWU4MQ==",
        "X-Cache": "CONFIG_NOCACHE"
      },
      "ResponseBody": null
    },
    {
      "RequestUri": "https://sanitized.communication.azure.net/routing/classificationPolicies/tst_list_cp_1?api-version=2023-11-01",
      "RequestMethod": "DELETE",
      "RequestHeaders": {
        "Accept": "*/*",
        "Accept-Encoding": "gzip, deflate",
        "Authorization": "Sanitized",
        "Connection": "keep-alive",
        "Content-Length": "0",
        "User-Agent": "azsdk-python-communication-jobrouter/1.0.0 Python/3.11.5 (Windows-10-10.0.22621-SP0)",
        "x-ms-client-request-id": "4cdf52fc-6cb7-11ee-934d-046c590f95d2",
        "x-ms-content-sha256": "Sanitized",
        "x-ms-date": "Tue, 17 Oct 2023 06:35:01 GMT",
        "x-ms-return-client-request-id": "true"
      },
      "RequestBody": null,
      "StatusCode": 204,
      "ResponseHeaders": {
        "api-supported-versions": "2021-04-07-preview1, 2022-07-18-preview, 2023-08-25-preview, 2023-11-01",
        "Date": "Tue, 17 Oct 2023 06:35:02 GMT",
        "Request-Context": "appId=",
        "trace-id": "bafe67b3-4bbd-5f5c-d83b-a66534745d0a",
        "X-Azure-Ref": "0FisuZQAAAACZT0qTPuKVQrKJaLgERE0NWVZSMzExMDAwMTE1MDE5ADlmYzdiNTE5LWE4Y2MtNGY4OS05MzVlLWM5MTQ4YWUwOWU4MQ==",
        "X-Cache": "CONFIG_NOCACHE"
      },
      "ResponseBody": null
    },
    {
      "RequestUri": "https://sanitized.communication.azure.net/routing/queues/test_list_classification_policies_tst_q?api-version=2023-11-01",
      "RequestMethod": "DELETE",
      "RequestHeaders": {
        "Accept": "*/*",
        "Accept-Encoding": "gzip, deflate",
        "Authorization": "Sanitized",
        "Connection": "keep-alive",
        "Content-Length": "0",
        "User-Agent": "azsdk-python-communication-jobrouter/1.0.0 Python/3.11.5 (Windows-10-10.0.22621-SP0)",
        "x-ms-client-request-id": "4d0e9025-6cb7-11ee-8511-046c590f95d2",
        "x-ms-content-sha256": "Sanitized",
        "x-ms-date": "Tue, 17 Oct 2023 06:35:02 GMT",
        "x-ms-return-client-request-id": "true"
      },
      "RequestBody": null,
      "StatusCode": 204,
      "ResponseHeaders": {
        "api-supported-versions": "2021-04-07-preview1, 2022-07-18-preview, 2023-08-25-preview, 2023-11-01",
        "Date": "Tue, 17 Oct 2023 06:35:02 GMT",
        "Request-Context": "appId=",
        "trace-id": "ad9ef1eb-e70c-b68f-d4be-86180f5f80c5",
        "X-Azure-Ref": "0FisuZQAAAABLjjW1S3A6TqvKpEDpjwevWVZSMzExMDAwMTE1MDE5ADlmYzdiNTE5LWE4Y2MtNGY4OS05MzVlLWM5MTQ4YWUwOWU4MQ==",
        "X-Cache": "CONFIG_NOCACHE"
      },
      "ResponseBody": null
    },
    {
      "RequestUri": "https://sanitized.communication.azure.net/routing/distributionPolicies/test_list_classification_policies_tst_dp?api-version=2023-11-01",
      "RequestMethod": "DELETE",
      "RequestHeaders": {
        "Accept": "*/*",
        "Accept-Encoding": "gzip, deflate",
        "Authorization": "Sanitized",
        "Connection": "keep-alive",
        "Content-Length": "0",
        "User-Agent": "azsdk-python-communication-jobrouter/1.0.0 Python/3.11.5 (Windows-10-10.0.22621-SP0)",
        "x-ms-client-request-id": "4d52a226-6cb7-11ee-8048-046c590f95d2",
        "x-ms-content-sha256": "Sanitized",
        "x-ms-date": "Tue, 17 Oct 2023 06:35:02 GMT",
        "x-ms-return-client-request-id": "true"
      },
      "RequestBody": null,
      "StatusCode": 204,
      "ResponseHeaders": {
        "api-supported-versions": "2021-04-07-preview1, 2022-07-18-preview, 2023-08-25-preview, 2023-11-01",
        "Date": "Tue, 17 Oct 2023 06:35:03 GMT",
        "Request-Context": "appId=",
        "trace-id": "66e36bfa-9aea-dfbd-eac4-4ec118e87646",
        "X-Azure-Ref": "0FysuZQAAAAA2hsfAKL9pRpbaoxKuQYLqWVZSMzExMDAwMTE1MDE5ADlmYzdiNTE5LWE4Y2MtNGY4OS05MzVlLWM5MTQ4YWUwOWU4MQ==",
        "X-Cache": "CONFIG_NOCACHE"
      },
      "ResponseBody": null
    }
  ],
  "Variables": {}
}
