{
  "Entries": [
    {
      "RequestUri": "https://sanitized.communication.azure.net/routing/distributionPolicies/test_create_classification_policy_tst_dp_async?api-version=2023-11-01",
      "RequestMethod": "PATCH",
      "RequestHeaders": {
        "Accept": "application/json",
        "Accept-Encoding": "gzip, deflate",
        "Authorization": "Sanitized",
        "Content-Length": "176",
        "Content-Type": "application/merge-patch\u002Bjson",
        "User-Agent": "azsdk-python-communication-jobrouter/1.0.0 Python/3.11.5 (Windows-10-10.0.22621-SP0)",
        "x-ms-client-request-id": "238b9b6a-8289-11ee-9efe-046c590f95d2",
        "x-ms-content-sha256": "Sanitized",
        "x-ms-date": "Tue, 14 Nov 2023 01:00:01 GMT",
        "x-ms-return-client-request-id": "true"
      },
      "RequestBody": {
        "name": "test_create_classification_policy_tst_dp_async",
        "offerExpiresAfterSeconds": 10.0,
        "mode": {
          "minConcurrentOffers": 1,
          "maxConcurrentOffers": 1,
          "kind": "roundRobin"
        }
      },
      "StatusCode": 201,
      "ResponseHeaders": {
        "api-supported-versions": "2021-04-07-preview1, 2022-07-18-preview, 2023-08-25-preview, 2023-11-01",
        "Connection": "keep-alive",
        "Content-Type": "application/json; charset=utf-8",
        "Date": "Tue, 14 Nov 2023 01:00:01 GMT",
        "ETag": "Sanitized",
        "Last-Modified": "Tue, 14 Nov 2023 01:00:01 GMT",
        "Request-Context": "appId=",
        "trace-id": "ec44366d-826e-488e-74b0-1130bb7fd1e4",
        "Transfer-Encoding": "chunked",
        "x-azure-ref": "20231114T010001Z-bfxw7uymgp0x7ek0p9c9ze3fu800000004y000000000d6s3",
        "X-Cache": "CONFIG_NOCACHE"
      },
      "ResponseBody": {
        "id": "test_create_classification_policy_tst_dp_async",
        "name": "test_create_classification_policy_tst_dp_async",
        "offerExpiresAfterSeconds": 10,
        "mode": {
          "kind": "roundRobin",
          "minConcurrentOffers": 1,
          "maxConcurrentOffers": 1,
          "bypassSelectors": false
        },
        "etag": "Sanitized"
      }
    },
    {
      "RequestUri": "https://sanitized.communication.azure.net/routing/queues/test_create_classification_policy_tst_q_async?api-version=2023-11-01",
      "RequestMethod": "PATCH",
      "RequestHeaders": {
        "Accept": "application/json",
        "Accept-Encoding": "gzip, deflate",
        "Authorization": "Sanitized",
        "Content-Length": "218",
        "Content-Type": "application/merge-patch\u002Bjson",
        "User-Agent": "azsdk-python-communication-jobrouter/1.0.0 Python/3.11.5 (Windows-10-10.0.22621-SP0)",
        "x-ms-client-request-id": "23a37262-8289-11ee-bf88-046c590f95d2",
        "x-ms-content-sha256": "Sanitized",
        "x-ms-date": "Tue, 14 Nov 2023 01:00:01 GMT",
        "x-ms-return-client-request-id": "true"
      },
      "RequestBody": {
        "name": "test_create_classification_policy_tst_q_async",
        "distributionPolicyId": "test_create_classification_policy_tst_dp_async",
        "labels": {
          "key1": "QueueKey",
          "key2": 10,
          "key3": true,
          "key4": false,
          "key5": 10.1
        }
      },
      "StatusCode": 201,
      "ResponseHeaders": {
        "api-supported-versions": "2021-04-07-preview1, 2022-07-18-preview, 2023-08-25-preview, 2023-11-01",
        "Connection": "keep-alive",
        "Content-Type": "application/json; charset=utf-8",
        "Date": "Tue, 14 Nov 2023 01:00:01 GMT",
        "ETag": "Sanitized",
        "Last-Modified": "Tue, 14 Nov 2023 01:00:01 GMT",
        "Request-Context": "appId=",
        "trace-id": "69de6883-5071-cc1f-48a5-111b504d3ce7",
        "Transfer-Encoding": "chunked",
        "x-azure-ref": "20231114T010001Z-bfxw7uymgp0x7ek0p9c9ze3fu800000004y000000000d6sm",
        "X-Cache": "CONFIG_NOCACHE"
      },
      "ResponseBody": {
        "id": "test_create_classification_policy_tst_q_async",
        "name": "test_create_classification_policy_tst_q_async",
        "distributionPolicyId": "test_create_classification_policy_tst_dp_async",
        "labels": {
          "key1": "QueueKey",
          "key2": 10,
          "key3": true,
          "key4": false,
          "key5": 10.1,
          "Id": "test_create_classification_policy_tst_q_async"
        },
        "etag": "Sanitized"
      }
    },
    {
      "RequestUri": "https://sanitized.communication.azure.net/routing/classificationPolicies/tst_create_cp_async?api-version=2023-11-01",
      "RequestMethod": "PATCH",
      "RequestHeaders": {
        "Accept": "application/json",
        "Accept-Encoding": "gzip, deflate",
        "Authorization": "Sanitized",
        "Content-Length": "1665",
        "Content-Type": "application/merge-patch\u002Bjson",
        "User-Agent": "azsdk-python-communication-jobrouter/1.0.0 Python/3.11.5 (Windows-10-10.0.22621-SP0)",
        "x-ms-client-request-id": "23b935b1-8289-11ee-800a-046c590f95d2",
        "x-ms-content-sha256": "Sanitized",
        "x-ms-date": "Tue, 14 Nov 2023 01:00:01 GMT",
        "x-ms-return-client-request-id": "true"
      },
      "RequestBody": {
        "name": "tst_create_cp_async",
        "fallbackQueueId": "test_create_classification_policy_tst_q_async",
        "queueSelectorAttachments": [
          {
            "queueSelector": {
              "key": "test_key",
              "labelOperator": "equal",
              "value": "test_value"
            },
            "kind": "static"
          },
          {
            "condition": {
              "value": true,
              "kind": "static"
            },
            "queueSelectors": [
              {
                "key": "test_key",
                "labelOperator": "equal",
                "value": "test_value"
              }
            ],
            "kind": "conditional"
          },
          {
            "rule": {
              "value": [
                {
                  "key": "test_key",
                  "labelOperator": "equal",
                  "value": "test_value"
                }
              ],
              "kind": "static"
            },
            "kind": "ruleEngine"
          },
          {
            "key": "testKey",
            "labelOperator": "equal",
            "kind": "passThrough"
          },
          {
            "allocations": [
              {
                "weight": 1.0,
                "queueSelectors": [
                  {
                    "key": "test_key",
                    "labelOperator": "equal",
                    "value": "test_value"
                  }
                ]
              }
            ],
            "kind": "weightedAllocation"
          }
        ],
        "prioritizationRule": {
          "value": 1,
          "kind": "static"
        },
        "workerSelectorAttachments": [
          {
            "workerSelector": {
              "key": "test_key",
              "labelOperator": "equal",
              "value": "test_value",
              "expiresAfterSeconds": 10.0,
              "expedite": false
            },
            "kind": "static"
          },
          {
            "condition": {
              "value": true,
              "kind": "static"
            },
            "workerSelectors": [
              {
                "key": "test_key",
                "labelOperator": "equal",
                "value": "test_value",
                "expiresAfterSeconds": 10.0,
                "expedite": false
              }
            ],
            "kind": "conditional"
          },
          {
            "rule": {
              "value": [
                {
                  "key": "test_key",
                  "labelOperator": "equal",
                  "value": "test_value",
                  "expiresAfterSeconds": 10.0,
                  "expedite": false
                }
              ],
              "kind": "static"
            },
            "kind": "ruleEngine"
          },
          {
            "key": "testKey",
            "labelOperator": "equal",
            "kind": "passThrough"
          },
          {
            "allocations": [
              {
                "weight": 1.0,
                "workerSelectors": [
                  {
                    "key": "test_key",
                    "labelOperator": "equal",
                    "value": "test_value",
                    "expiresAfterSeconds": 10.0,
                    "expedite": false
                  }
                ]
              }
            ],
            "kind": "weightedAllocation"
          }
        ]
      },
      "StatusCode": 201,
      "ResponseHeaders": {
        "api-supported-versions": "2021-04-07-preview1, 2022-07-18-preview, 2023-08-25-preview, 2023-11-01",
        "Connection": "keep-alive",
        "Content-Type": "application/json; charset=utf-8",
        "Date": "Tue, 14 Nov 2023 01:00:01 GMT",
        "ETag": "Sanitized",
        "Last-Modified": "Tue, 14 Nov 2023 01:00:01 GMT",
        "Request-Context": "appId=",
        "trace-id": "a0eda25c-9d85-d64e-efd0-3309275ea25a",
        "Transfer-Encoding": "chunked",
        "x-azure-ref": "20231114T010001Z-bfxw7uymgp0x7ek0p9c9ze3fu800000004y000000000d6tc",
        "X-Cache": "CONFIG_NOCACHE"
      },
      "ResponseBody": {
        "id": "tst_create_cp_async",
        "name": "tst_create_cp_async",
        "fallbackQueueId": "test_create_classification_policy_tst_q_async",
        "queueSelectorAttachments": [
          {
            "kind": "static",
            "queueSelector": {
              "key": "test_key",
              "labelOperator": "equal",
              "value": "test_value"
            }
          },
          {
            "kind": "conditional",
            "condition": {
              "kind": "static",
              "value": true
            },
            "queueSelectors": [
              {
                "key": "test_key",
                "labelOperator": "equal",
                "value": "test_value"
              }
            ]
          },
          {
            "kind": "ruleEngine",
            "rule": {
              "kind": "static",
              "value": [
                {
                  "key": "test_key",
                  "labelOperator": "equal",
                  "value": "test_value"
                }
              ]
            }
          },
          {
            "kind": "passThrough",
            "key": "testKey",
            "labelOperator": "equal"
          },
          {
            "kind": "weightedAllocation",
            "allocations": [
              {
                "weight": 1,
                "queueSelectors": [
                  {
                    "key": "test_key",
                    "labelOperator": "equal",
                    "value": "test_value"
                  }
                ]
              }
            ]
          }
        ],
        "prioritizationRule": {
          "kind": "static",
          "value": 1
        },
        "workerSelectorAttachments": [
          {
            "kind": "static",
            "workerSelector": {
              "expiresAfterSeconds": 10,
              "expedite": false,
              "status": "active",
              "key": "test_key",
              "labelOperator": "equal",
              "value": "test_value"
            }
          },
          {
            "kind": "conditional",
            "condition": {
              "kind": "static",
              "value": true
            },
            "workerSelectors": [
              {
                "expiresAfterSeconds": 10,
                "expedite": false,
                "status": "active",
                "key": "test_key",
                "labelOperator": "equal",
                "value": "test_value"
              }
            ]
          },
          {
            "kind": "ruleEngine",
            "rule": {
              "kind": "static",
              "value": [
                {
                  "key": "test_key",
                  "labelOperator": "equal",
                  "value": "test_value",
                  "expiresAfterSeconds": 10,
                  "expedite": false
                }
              ]
            }
          },
          {
            "kind": "passThrough",
            "key": "testKey",
            "labelOperator": "equal"
          },
          {
            "kind": "weightedAllocation",
            "allocations": [
              {
                "weight": 1,
                "workerSelectors": [
                  {
                    "expiresAfterSeconds": 10,
                    "expedite": false,
                    "status": "active",
                    "key": "test_key",
                    "labelOperator": "equal",
                    "value": "test_value"
                  }
                ]
              }
            ]
          }
        ],
        "etag": "Sanitized"
      }
    },
    {
      "RequestUri": "https://sanitized.communication.azure.net/routing/classificationPolicies/tst_create_cp_async?api-version=2023-11-01",
      "RequestMethod": "PATCH",
      "RequestHeaders": {
        "Accept": "application/json",
        "Accept-Encoding": "gzip, deflate",
        "Authorization": "Sanitized",
        "Content-Length": "1676",
        "Content-Type": "application/merge-patch\u002Bjson",
        "User-Agent": "azsdk-python-communication-jobrouter/1.0.0 Python/3.11.5 (Windows-10-10.0.22621-SP0)",
        "x-ms-client-request-id": "23de42bb-8289-11ee-8b34-046c590f95d2",
        "x-ms-content-sha256": "Sanitized",
        "x-ms-date": "Tue, 14 Nov 2023 01:00:01 GMT",
        "x-ms-return-client-request-id": "true"
      },
      "RequestBody": {
        "name": "tst_create_cp_async",
        "fallbackQueueId": "test_create_classification_policy_tst_q_async",
        "queueSelectorAttachments": [
          {
            "queueSelector": {
              "key": "test_key",
              "labelOperator": "equal",
              "value": "test_value"
            },
            "kind": "static"
          },
          {
            "condition": {
              "value": true,
              "kind": "static"
            },
            "queueSelectors": [
              {
                "key": "test_key",
                "labelOperator": "equal",
                "value": "test_value"
              }
            ],
            "kind": "conditional"
          },
          {
            "rule": {
              "value": [
                {
                  "key": "test_key",
                  "labelOperator": "equal",
                  "value": "test_value"
                }
              ],
              "kind": "static"
            },
            "kind": "ruleEngine"
          },
          {
            "key": "testKey",
            "labelOperator": "equal",
            "kind": "passThrough"
          },
          {
            "allocations": [
              {
                "weight": 1.0,
                "queueSelectors": [
                  {
                    "key": "test_key",
                    "labelOperator": "equal",
                    "value": "test_value"
                  }
                ]
              }
            ],
            "kind": "weightedAllocation"
          }
        ],
        "prioritizationRule": {
          "expression": "1",
          "kind": "expression"
        },
        "workerSelectorAttachments": [
          {
            "workerSelector": {
              "key": "test_key",
              "labelOperator": "equal",
              "value": "test_value",
              "expiresAfterSeconds": 10.0,
              "expedite": false
            },
            "kind": "static"
          },
          {
            "condition": {
              "value": true,
              "kind": "static"
            },
            "workerSelectors": [
              {
                "key": "test_key",
                "labelOperator": "equal",
                "value": "test_value",
                "expiresAfterSeconds": 10.0,
                "expedite": false
              }
            ],
            "kind": "conditional"
          },
          {
            "rule": {
              "value": [
                {
                  "key": "test_key",
                  "labelOperator": "equal",
                  "value": "test_value",
                  "expiresAfterSeconds": 10.0,
                  "expedite": false
                }
              ],
              "kind": "static"
            },
            "kind": "ruleEngine"
          },
          {
            "key": "testKey",
            "labelOperator": "equal",
            "kind": "passThrough"
          },
          {
            "allocations": [
              {
                "weight": 1.0,
                "workerSelectors": [
                  {
                    "key": "test_key",
                    "labelOperator": "equal",
                    "value": "test_value",
                    "expiresAfterSeconds": 10.0,
                    "expedite": false
                  }
                ]
              }
            ],
            "kind": "weightedAllocation"
          }
        ]
      },
      "StatusCode": 200,
      "ResponseHeaders": {
        "api-supported-versions": "2021-04-07-preview1, 2022-07-18-preview, 2023-08-25-preview, 2023-11-01",
        "Connection": "keep-alive",
        "Content-Type": "application/json; charset=utf-8",
        "Date": "Tue, 14 Nov 2023 01:00:02 GMT",
        "ETag": "Sanitized",
        "Last-Modified": "Tue, 14 Nov 2023 01:00:02 GMT",
        "Request-Context": "appId=",
        "trace-id": "782555b0-dd94-a4dc-2bb7-511536389c54",
        "Transfer-Encoding": "chunked",
        "x-azure-ref": "20231114T010001Z-bfxw7uymgp0x7ek0p9c9ze3fu800000004y000000000d6uf",
        "X-Cache": "CONFIG_NOCACHE"
      },
      "ResponseBody": {
        "id": "tst_create_cp_async",
        "name": "tst_create_cp_async",
        "fallbackQueueId": "test_create_classification_policy_tst_q_async",
        "queueSelectorAttachments": [
          {
            "kind": "static",
            "queueSelector": {
              "key": "test_key",
              "labelOperator": "equal",
              "value": "test_value"
            }
          },
          {
            "kind": "conditional",
            "condition": {
              "kind": "static",
              "value": true
            },
            "queueSelectors": [
              {
                "key": "test_key",
                "labelOperator": "equal",
                "value": "test_value"
              }
            ]
          },
          {
            "kind": "ruleEngine",
            "rule": {
              "kind": "static",
              "value": [
                {
                  "key": "test_key",
                  "labelOperator": "equal",
                  "value": "test_value"
                }
              ]
            }
          },
          {
            "kind": "passThrough",
            "key": "testKey",
            "labelOperator": "equal"
          },
          {
            "kind": "weightedAllocation",
            "allocations": [
              {
                "weight": 1,
                "queueSelectors": [
                  {
                    "key": "test_key",
                    "labelOperator": "equal",
                    "value": "test_value"
                  }
                ]
              }
            ]
          }
        ],
        "prioritizationRule": {
          "kind": "expression",
          "language": "powerFx",
          "expression": "1"
        },
        "workerSelectorAttachments": [
          {
            "kind": "static",
            "workerSelector": {
              "expiresAfterSeconds": 10,
              "expedite": false,
              "status": "active",
              "key": "test_key",
              "labelOperator": "equal",
              "value": "test_value"
            }
          },
          {
            "kind": "conditional",
            "condition": {
              "kind": "static",
              "value": true
            },
            "workerSelectors": [
              {
                "expiresAfterSeconds": 10,
                "expedite": false,
                "status": "active",
                "key": "test_key",
                "labelOperator": "equal",
                "value": "test_value"
              }
            ]
          },
          {
            "kind": "ruleEngine",
            "rule": {
              "kind": "static",
              "value": [
                {
                  "key": "test_key",
                  "labelOperator": "equal",
                  "value": "test_value",
                  "expiresAfterSeconds": 10,
                  "expedite": false
                }
              ]
            }
          },
          {
            "kind": "passThrough",
            "key": "testKey",
            "labelOperator": "equal"
          },
          {
            "kind": "weightedAllocation",
            "allocations": [
              {
                "weight": 1,
                "workerSelectors": [
                  {
                    "expiresAfterSeconds": 10,
                    "expedite": false,
                    "status": "active",
                    "key": "test_key",
                    "labelOperator": "equal",
                    "value": "test_value"
                  }
                ]
              }
            ]
          }
        ],
        "etag": "Sanitized"
      }
    },
    {
      "RequestUri": "https://sanitized.communication.azure.net/routing/classificationPolicies/tst_create_cp_async?api-version=2023-11-01",
      "RequestMethod": "PATCH",
      "RequestHeaders": {
        "Accept": "application/json",
        "Accept-Encoding": "gzip, deflate",
        "Authorization": "Sanitized",
        "Content-Length": "1609",
        "Content-Type": "application/merge-patch\u002Bjson",
        "User-Agent": "azsdk-python-communication-jobrouter/1.0.0 Python/3.11.5 (Windows-10-10.0.22621-SP0)",
        "x-ms-client-request-id": "24010f37-8289-11ee-8363-046c590f95d2",
        "x-ms-content-sha256": "Sanitized",
        "x-ms-date": "Tue, 14 Nov 2023 01:00:02 GMT",
        "x-ms-return-client-request-id": "true"
      },
      "RequestBody": {
        "name": "tst_create_cp_async",
        "fallbackQueueId": "test_create_classification_policy_tst_q_async",
        "queueSelectorAttachments": [
          {
            "queueSelector": {
              "key": "test_key",
              "labelOperator": "equal",
              "value": "test_value"
            },
            "kind": "static"
          },
          {
            "condition": {
              "value": true,
              "kind": "static"
            },
            "queueSelectors": [
              {
                "key": "test_key",
                "labelOperator": "equal",
                "value": "test_value"
              }
            ],
            "kind": "conditional"
          },
          {
            "rule": {
              "value": [
                {
                  "key": "test_key",
                  "labelOperator": "equal",
                  "value": "test_value"
                }
              ],
              "kind": "static"
            },
            "kind": "ruleEngine"
          },
          {
            "key": "testKey",
            "labelOperator": "equal",
            "kind": "passThrough"
          },
          {
            "allocations": [
              {
                "weight": 1.0,
                "queueSelectors": [
                  {
                    "key": "test_key",
                    "labelOperator": "equal",
                    "value": "test_value"
                  }
                ]
              }
            ],
            "kind": "weightedAllocation"
          }
        ],
        "prioritizationRule": {
          "functionUri": "https://dummy.endpoint.net",
          "credential": {
            "functionKey": "Sanitized"
          },
          "kind": "function"
        },
        "workerSelectorAttachments": [
          {
            "workerSelector": {
              "key": "test_key",
              "labelOperator": "equal",
              "value": "test_value",
              "expiresAfterSeconds": 10.0,
              "expedite": false
            },
            "kind": "static"
          },
          {
            "condition": {
              "value": true,
              "kind": "static"
            },
            "workerSelectors": [
              {
                "key": "test_key",
                "labelOperator": "equal",
                "value": "test_value",
                "expiresAfterSeconds": 10.0,
                "expedite": false
              }
            ],
            "kind": "conditional"
          },
          {
            "rule": {
              "value": [
                {
                  "key": "test_key",
                  "labelOperator": "equal",
                  "value": "test_value",
                  "expiresAfterSeconds": 10.0,
                  "expedite": false
                }
              ],
              "kind": "static"
            },
            "kind": "ruleEngine"
          },
          {
            "key": "testKey",
            "labelOperator": "equal",
            "kind": "passThrough"
          },
          {
            "allocations": [
              {
                "weight": 1.0,
                "workerSelectors": [
                  {
                    "key": "test_key",
                    "labelOperator": "equal",
                    "value": "test_value",
                    "expiresAfterSeconds": 10.0,
                    "expedite": false
                  }
                ]
              }
            ],
            "kind": "weightedAllocation"
          }
        ]
      },
      "StatusCode": 200,
      "ResponseHeaders": {
        "api-supported-versions": "2021-04-07-preview1, 2022-07-18-preview, 2023-08-25-preview, 2023-11-01",
        "Connection": "keep-alive",
        "Content-Type": "application/json; charset=utf-8",
        "Date": "Tue, 14 Nov 2023 01:00:02 GMT",
        "ETag": "Sanitized",
        "Last-Modified": "Tue, 14 Nov 2023 01:00:02 GMT",
        "Request-Context": "appId=",
        "trace-id": "602e284d-fae5-b1ad-09e0-a3979964dc88",
        "Transfer-Encoding": "chunked",
        "x-azure-ref": "20231114T010002Z-bfxw7uymgp0x7ek0p9c9ze3fu800000004y000000000d6vt",
        "X-Cache": "CONFIG_NOCACHE"
      },
      "ResponseBody": {
        "id": "tst_create_cp_async",
        "name": "tst_create_cp_async",
        "fallbackQueueId": "test_create_classification_policy_tst_q_async",
        "queueSelectorAttachments": [
          {
            "kind": "static",
            "queueSelector": {
              "key": "test_key",
              "labelOperator": "equal",
              "value": "test_value"
            }
          },
          {
            "kind": "conditional",
            "condition": {
              "kind": "static",
              "value": true
            },
            "queueSelectors": [
              {
                "key": "test_key",
                "labelOperator": "equal",
                "value": "test_value"
              }
            ]
          },
          {
            "kind": "ruleEngine",
            "rule": {
              "kind": "static",
              "value": [
                {
                  "key": "test_key",
                  "labelOperator": "equal",
                  "value": "test_value"
                }
              ]
            }
          },
          {
            "kind": "passThrough",
            "key": "testKey",
            "labelOperator": "equal"
          },
          {
            "kind": "weightedAllocation",
            "allocations": [
              {
                "weight": 1,
                "queueSelectors": [
                  {
                    "key": "test_key",
                    "labelOperator": "equal",
                    "value": "test_value"
                  }
                ]
              }
            ]
          }
        ],
        "prioritizationRule": {
          "kind": "function",
          "functionUri": "https://dummy.endpoint.net",
          "credential": {
            "functionKey": "Sanitized"
          }
        },
        "workerSelectorAttachments": [
          {
            "kind": "static",
            "workerSelector": {
              "expiresAfterSeconds": 10,
              "expedite": false,
              "status": "active",
              "key": "test_key",
              "labelOperator": "equal",
              "value": "test_value"
            }
          },
          {
            "kind": "conditional",
            "condition": {
              "kind": "static",
              "value": true
            },
            "workerSelectors": [
              {
                "expiresAfterSeconds": 10,
                "expedite": false,
                "status": "active",
                "key": "test_key",
                "labelOperator": "equal",
                "value": "test_value"
              }
            ]
          },
          {
            "kind": "ruleEngine",
            "rule": {
              "kind": "static",
              "value": [
                {
                  "key": "test_key",
                  "labelOperator": "equal",
                  "value": "test_value",
                  "expiresAfterSeconds": 10,
                  "expedite": false
                }
              ]
            }
          },
          {
            "kind": "passThrough",
            "key": "testKey",
            "labelOperator": "equal"
          },
          {
            "kind": "weightedAllocation",
            "allocations": [
              {
                "weight": 1,
                "workerSelectors": [
                  {
                    "expiresAfterSeconds": 10,
                    "expedite": false,
                    "status": "active",
                    "key": "test_key",
                    "labelOperator": "equal",
                    "value": "test_value"
                  }
                ]
              }
            ]
          }
        ],
        "etag": "Sanitized"
      }
    },
    {
      "RequestUri": "https://sanitized.communication.azure.net/routing/classificationPolicies/tst_create_cp_async?api-version=2023-11-01",
      "RequestMethod": "DELETE",
      "RequestHeaders": {
        "Accept": "*/*",
        "Accept-Encoding": "gzip, deflate",
        "Authorization": "Sanitized",
        "Content-Length": "0",
        "User-Agent": "azsdk-python-communication-jobrouter/1.0.0 Python/3.11.5 (Windows-10-10.0.22621-SP0)",
        "x-ms-client-request-id": "242d7311-8289-11ee-856b-046c590f95d2",
        "x-ms-content-sha256": "Sanitized",
        "x-ms-date": "Tue, 14 Nov 2023 01:00:02 GMT",
        "x-ms-return-client-request-id": "true"
      },
      "RequestBody": null,
      "StatusCode": 204,
      "ResponseHeaders": {
        "api-supported-versions": "2021-04-07-preview1, 2022-07-18-preview, 2023-08-25-preview, 2023-11-01",
        "Connection": "keep-alive",
        "Date": "Tue, 14 Nov 2023 01:00:02 GMT",
        "Request-Context": "appId=",
        "trace-id": "7abecb12-eaf0-96fe-50c5-da546abc77c4",
        "x-azure-ref": "20231114T010002Z-bfxw7uymgp0x7ek0p9c9ze3fu800000004y000000000d6xq",
        "X-Cache": "CONFIG_NOCACHE"
      },
      "ResponseBody": null
    },
    {
      "RequestUri": "https://sanitized.communication.azure.net/routing/queues/test_create_classification_policy_tst_q_async?api-version=2023-11-01",
      "RequestMethod": "DELETE",
      "RequestHeaders": {
        "Accept": "*/*",
        "Accept-Encoding": "gzip, deflate",
        "Authorization": "Sanitized",
        "Content-Length": "0",
        "User-Agent": "azsdk-python-communication-jobrouter/1.0.0 Python/3.11.5 (Windows-10-10.0.22621-SP0)",
        "x-ms-client-request-id": "24409615-8289-11ee-8256-046c590f95d2",
        "x-ms-content-sha256": "Sanitized",
        "x-ms-date": "Tue, 14 Nov 2023 01:00:02 GMT",
        "x-ms-return-client-request-id": "true"
      },
      "RequestBody": null,
      "StatusCode": 204,
      "ResponseHeaders": {
        "api-supported-versions": "2021-04-07-preview1, 2022-07-18-preview, 2023-08-25-preview, 2023-11-01",
        "Connection": "keep-alive",
        "Date": "Tue, 14 Nov 2023 01:00:02 GMT",
        "Request-Context": "appId=",
        "trace-id": "5024f830-6017-dd24-0348-753246de4e48",
        "x-azure-ref": "20231114T010002Z-bfxw7uymgp0x7ek0p9c9ze3fu800000004y000000000d6y4",
        "X-Cache": "CONFIG_NOCACHE"
      },
      "ResponseBody": null
    },
    {
      "RequestUri": "https://sanitized.communication.azure.net/routing/distributionPolicies/test_create_classification_policy_tst_dp_async?api-version=2023-11-01",
      "RequestMethod": "DELETE",
      "RequestHeaders": {
        "Accept": "*/*",
        "Accept-Encoding": "gzip, deflate",
        "Authorization": "Sanitized",
        "Content-Length": "0",
        "User-Agent": "azsdk-python-communication-jobrouter/1.0.0 Python/3.11.5 (Windows-10-10.0.22621-SP0)",
        "x-ms-client-request-id": "245ad75d-8289-11ee-800c-046c590f95d2",
        "x-ms-content-sha256": "Sanitized",
        "x-ms-date": "Tue, 14 Nov 2023 01:00:02 GMT",
        "x-ms-return-client-request-id": "true"
      },
      "RequestBody": null,
      "StatusCode": 204,
      "ResponseHeaders": {
        "api-supported-versions": "2021-04-07-preview1, 2022-07-18-preview, 2023-08-25-preview, 2023-11-01",
        "Connection": "keep-alive",
        "Date": "Tue, 14 Nov 2023 01:00:02 GMT",
        "Request-Context": "appId=",
        "trace-id": "6298e645-5aa5-dddc-c8d1-78257e60a8d8",
        "x-azure-ref": "20231114T010002Z-bfxw7uymgp0x7ek0p9c9ze3fu800000004y000000000d6z3",
        "X-Cache": "CONFIG_NOCACHE"
      },
      "ResponseBody": null
    }
  ],
  "Variables": {}
}
