{
  "Entries": [
    {
      "RequestUri": "https://sanitized.communication.azure.net/routing/distributionPolicies/_tst_create_dp?api-version=2023-11-01",
      "RequestMethod": "PATCH",
      "RequestHeaders": {
        "Accept": "application/json",
        "Accept-Encoding": "gzip, deflate",
        "Authorization": "Sanitized",
        "Connection": "keep-alive",
        "Content-Length": "145",
        "Content-Type": "application/merge-patch\u002Bjson",
        "User-Agent": "azsdk-python-communication-jobrouter/1.0.0 Python/3.11.5 (Windows-10-10.0.22621-SP0)",
        "x-ms-client-request-id": "88c0f3ee-74de-11ee-a584-046c590f95d2",
        "x-ms-content-sha256": "Sanitized",
        "x-ms-date": "Fri, 27 Oct 2023 15:36:02 GMT",
        "x-ms-return-client-request-id": "true"
      },
      "RequestBody": {
        "name": "_tst_create_dp",
        "offerExpiresAfterSeconds": 10.0,
        "mode": {
          "minConcurrentOffers": 1,
          "maxConcurrentOffers": 1,
          "kind": "best-worker"
        }
      },
      "StatusCode": 200,
      "ResponseHeaders": {
        "api-supported-versions": "2021-04-07-preview1, 2022-07-18-preview, 2023-08-25-preview, 2023-11-01",
        "Connection": "keep-alive",
        "Content-Type": "application/json; charset=utf-8",
        "Date": "Fri, 27 Oct 2023 15:36:02 GMT",
        "ETag": "Sanitized",
        "Last-Modified": "Fri, 27 Oct 2023 15:36:02 GMT",
        "Request-Context": "appId=",
        "trace-id": "ccba42ce-3b1f-7bdd-6852-7adb31025ee1",
        "Transfer-Encoding": "chunked",
        "x-azure-ref": "20231027T153602Z-a4wwd5ges17ym0gwggz65kf2nn00000009hg0000000371ux",
        "X-Cache": "CONFIG_NOCACHE"
      },
      "ResponseBody": {
        "id": "_tst_create_dp",
        "name": "_tst_create_dp",
        "offerExpiresAfterSeconds": 10,
        "mode": {
          "kind": "best-worker",
          "scoringRuleOptions": {
            "scoringParameters": [
              "jobLabels",
              "workerSelectors"
            ],
            "isBatchScoringEnabled": false,
            "descendingOrder": true
          },
          "minConcurrentOffers": 1,
          "maxConcurrentOffers": 1,
          "bypassSelectors": false
        },
        "etag": "Sanitized"
      }
    },
    {
      "RequestUri": "https://sanitized.communication.azure.net/routing/distributionPolicies/_tst_create_dp?api-version=2023-11-01",
      "RequestMethod": "PATCH",
      "RequestHeaders": {
        "Accept": "application/json",
        "Accept-Encoding": "gzip, deflate",
        "Authorization": "Sanitized",
        "Connection": "keep-alive",
        "Content-Length": "146",
        "Content-Type": "application/merge-patch\u002Bjson",
        "User-Agent": "azsdk-python-communication-jobrouter/1.0.0 Python/3.11.5 (Windows-10-10.0.22621-SP0)",
        "x-ms-client-request-id": "88e95878-74de-11ee-8fd3-046c590f95d2",
        "x-ms-content-sha256": "Sanitized",
        "x-ms-date": "Fri, 27 Oct 2023 15:36:02 GMT",
        "x-ms-return-client-request-id": "true"
      },
      "RequestBody": {
        "name": "_tst_create_dp",
        "offerExpiresAfterSeconds": 10.0,
        "mode": {
          "minConcurrentOffers": 1,
          "maxConcurrentOffers": 1,
          "kind": "longest-idle"
        }
      },
      "StatusCode": 200,
      "ResponseHeaders": {
        "api-supported-versions": "2021-04-07-preview1, 2022-07-18-preview, 2023-08-25-preview, 2023-11-01",
        "Connection": "keep-alive",
        "Content-Type": "application/json; charset=utf-8",
        "Date": "Fri, 27 Oct 2023 15:36:02 GMT",
        "ETag": "Sanitized",
        "Last-Modified": "Fri, 27 Oct 2023 15:36:02 GMT",
        "Request-Context": "appId=",
        "trace-id": "3547f2c9-129f-7660-1b32-2fa82af03e23",
        "Transfer-Encoding": "chunked",
        "x-azure-ref": "20231027T153602Z-a4wwd5ges17ym0gwggz65kf2nn00000009hg0000000371y7",
        "X-Cache": "CONFIG_NOCACHE"
      },
      "ResponseBody": {
        "id": "_tst_create_dp",
        "name": "_tst_create_dp",
        "offerExpiresAfterSeconds": 10,
        "mode": {
          "kind": "longest-idle",
          "minConcurrentOffers": 1,
          "maxConcurrentOffers": 1,
          "bypassSelectors": false
        },
        "etag": "Sanitized"
      }
    },
    {
      "RequestUri": "https://sanitized.communication.azure.net/routing/distributionPolicies/_tst_create_dp?api-version=2023-11-01",
      "RequestMethod": "PATCH",
      "RequestHeaders": {
        "Accept": "application/json",
        "Accept-Encoding": "gzip, deflate",
        "Authorization": "Sanitized",
        "Connection": "keep-alive",
        "Content-Length": "145",
        "Content-Type": "application/merge-patch\u002Bjson",
        "User-Agent": "azsdk-python-communication-jobrouter/1.0.0 Python/3.11.5 (Windows-10-10.0.22621-SP0)",
        "x-ms-client-request-id": "89066654-74de-11ee-a628-046c590f95d2",
        "x-ms-content-sha256": "Sanitized",
        "x-ms-date": "Fri, 27 Oct 2023 15:36:02 GMT",
        "x-ms-return-client-request-id": "true"
      },
      "RequestBody": {
        "name": "_tst_create_dp",
        "offerExpiresAfterSeconds": 10.0,
        "mode": {
          "minConcurrentOffers": 1,
          "maxConcurrentOffers": 1,
          "kind": "round-robin"
        }
      },
      "StatusCode": 200,
      "ResponseHeaders": {
        "api-supported-versions": "2021-04-07-preview1, 2022-07-18-preview, 2023-08-25-preview, 2023-11-01",
        "Connection": "keep-alive",
        "Content-Type": "application/json; charset=utf-8",
        "Date": "Fri, 27 Oct 2023 15:36:02 GMT",
        "ETag": "Sanitized",
        "Last-Modified": "Fri, 27 Oct 2023 15:36:02 GMT",
        "Request-Context": "appId=",
        "trace-id": "b147c245-47b9-a4de-b9a8-db8ad06a76f0",
        "Transfer-Encoding": "chunked",
        "x-azure-ref": "20231027T153602Z-a4wwd5ges17ym0gwggz65kf2nn00000009hg0000000371zu",
        "X-Cache": "CONFIG_NOCACHE"
      },
      "ResponseBody": {
        "id": "_tst_create_dp",
        "name": "_tst_create_dp",
        "offerExpiresAfterSeconds": 10,
        "mode": {
          "kind": "round-robin",
          "minConcurrentOffers": 1,
          "maxConcurrentOffers": 1,
          "bypassSelectors": false
        },
        "etag": "Sanitized"
      }
    }
  ],
  "Variables": {}
}
