{
  "Entries": [
    {
      "RequestUri": "https://sanitized.communication.azure.net/routing/distributionPolicies/_test_get_job_direct_q_tst_dp_async?api-version=2023-11-01",
      "RequestMethod": "PATCH",
      "RequestHeaders": {
        "Accept": "application/json",
        "Accept-Encoding": "gzip, deflate",
        "Authorization": "Sanitized",
        "Content-Length": "166",
        "Content-Type": "application/merge-patch\u002Bjson",
        "User-Agent": "azsdk-python-communication-jobrouter/1.0.0 Python/3.11.5 (Windows-10-10.0.22621-SP0)",
        "x-ms-client-request-id": "b920c225-7818-11ee-ab86-046c590f95d2",
        "x-ms-content-sha256": "Sanitized",
        "x-ms-date": "Tue, 31 Oct 2023 18:10:07 GMT",
        "x-ms-return-client-request-id": "true"
      },
      "RequestBody": {
        "name": "_test_get_job_direct_q_tst_dp_async",
        "offerExpiresAfterSeconds": 10.0,
        "mode": {
          "minConcurrentOffers": 1,
          "maxConcurrentOffers": 1,
          "kind": "round-robin"
        }
      },
      "StatusCode": 201,
      "ResponseHeaders": {
        "api-supported-versions": "2021-04-07-preview1, 2022-07-18-preview, 2023-08-25-preview, 2023-11-01",
        "Connection": "keep-alive",
        "Content-Type": "application/json; charset=utf-8",
        "Date": "Tue, 31 Oct 2023 18:10:07 GMT",
        "ETag": "Sanitized",
        "Last-Modified": "Tue, 31 Oct 2023 18:10:07 GMT",
        "Request-Context": "appId=",
        "trace-id": "c841c257-959d-3c6e-3ab4-ec8df29716f1",
        "Transfer-Encoding": "chunked",
        "x-azure-ref": "20231031T181007Z-8e3qk9gt1h0p55cxthz16pqt5c00000000f000000000v0xd",
        "X-Cache": "CONFIG_NOCACHE"
      },
      "ResponseBody": {
        "id": "_test_get_job_direct_q_tst_dp_async",
        "name": "_test_get_job_direct_q_tst_dp_async",
        "offerExpiresAfterSeconds": 10,
        "mode": {
          "kind": "round-robin",
          "minConcurrentOffers": 1,
          "maxConcurrentOffers": 1,
          "bypassSelectors": false
        },
        "etag": "Sanitized"
      }
    },
    {
      "RequestUri": "https://sanitized.communication.azure.net/routing/queues/_test_get_job_direct_q_tst_q_async?api-version=2023-11-01",
      "RequestMethod": "PATCH",
      "RequestHeaders": {
        "Accept": "application/json",
        "Accept-Encoding": "gzip, deflate",
        "Authorization": "Sanitized",
        "Content-Length": "165",
        "Content-Type": "application/merge-patch\u002Bjson",
        "User-Agent": "azsdk-python-communication-jobrouter/1.0.0 Python/3.11.5 (Windows-10-10.0.22621-SP0)",
        "x-ms-client-request-id": "b9395983-7818-11ee-b1fb-046c590f95d2",
        "x-ms-content-sha256": "Sanitized",
        "x-ms-date": "Tue, 31 Oct 2023 18:10:07 GMT",
        "x-ms-return-client-request-id": "true"
      },
      "RequestBody": {
        "name": "_test_get_job_direct_q_tst_q_async",
        "distributionPolicyId": "_test_get_job_direct_q_tst_dp_async",
        "labels": {
          "key1": "JobKey",
          "key2": 10,
          "key3": true
        }
      },
      "StatusCode": 201,
      "ResponseHeaders": {
        "api-supported-versions": "2021-04-07-preview1, 2022-07-18-preview, 2023-08-25-preview, 2023-11-01",
        "Connection": "keep-alive",
        "Content-Type": "application/json; charset=utf-8",
        "Date": "Tue, 31 Oct 2023 18:10:07 GMT",
        "ETag": "Sanitized",
        "Last-Modified": "Tue, 31 Oct 2023 18:10:07 GMT",
        "Request-Context": "appId=",
        "trace-id": "d8ce098d-eb45-f9d1-d2f3-3484c24abac7",
        "Transfer-Encoding": "chunked",
        "x-azure-ref": "20231031T181007Z-8e3qk9gt1h0p55cxthz16pqt5c00000000f000000000v0xt",
        "X-Cache": "CONFIG_NOCACHE"
      },
      "ResponseBody": {
        "id": "_test_get_job_direct_q_tst_q_async",
        "name": "_test_get_job_direct_q_tst_q_async",
        "distributionPolicyId": "_test_get_job_direct_q_tst_dp_async",
        "labels": {
          "key1": "JobKey",
          "key2": 10,
          "key3": true,
          "Id": "_test_get_job_direct_q_tst_q_async"
        },
        "etag": "Sanitized"
      }
    },
    {
      "RequestUri": "https://sanitized.communication.azure.net/routing/jobs/tst_get_job_man_async?api-version=2023-11-01",
      "RequestMethod": "PATCH",
      "RequestHeaders": {
        "Accept": "application/json",
        "Accept-Encoding": "gzip, deflate",
        "Authorization": "Sanitized",
        "Content-Length": "759",
        "Content-Type": "application/merge-patch\u002Bjson",
        "User-Agent": "azsdk-python-communication-jobrouter/1.0.0 Python/3.11.5 (Windows-10-10.0.22621-SP0)",
        "x-ms-client-request-id": "b957a566-7818-11ee-9363-046c590f95d2",
        "x-ms-content-sha256": "Sanitized",
        "x-ms-date": "Tue, 31 Oct 2023 18:10:07 GMT",
        "x-ms-return-client-request-id": "true"
      },
      "RequestBody": {
        "channelReference": "fakeChannelRef1",
        "channelId": "fakeChannelId1",
        "queueId": "_test_get_job_direct_q_tst_q_async",
        "priority": 10,
        "requestedWorkerSelectors": [
          {
            "key": "FakeKey1",
            "labelOperator": "equal",
            "value": true
          },
          {
            "key": "FakeKey2",
            "labelOperator": "notEqual",
            "value": false
          },
          {
            "key": "FakeKey3",
            "labelOperator": "lessThan",
            "value": 10
          },
          {
            "key": "FakeKey4",
            "labelOperator": "lessThanOrEqual",
            "value": 10.01
          },
          {
            "key": "FakeKey5",
            "labelOperator": "greaterThan",
            "value": 10
          },
          {
            "key": "FakeKey6",
            "labelOperator": "greaterThanOrEqual",
            "value": 10
          }
        ],
        "labels": {
          "key1": "JobKey",
          "key2": 10,
          "key3": true
        },
        "tags": {
          "tag1": "WorkerGenericInfo"
        },
        "notes": [
          {
            "addedAt": "2022-05-13T16:59:04.531199Z",
            "message": "Fake notes attached to job"
          }
        ]
      },
      "StatusCode": 201,
      "ResponseHeaders": {
        "api-supported-versions": "2021-04-07-preview1, 2022-07-18-preview, 2023-08-25-preview, 2023-11-01",
        "Connection": "keep-alive",
        "Content-Type": "application/json; charset=utf-8",
        "Date": "Tue, 31 Oct 2023 18:10:08 GMT",
        "ETag": "Sanitized",
        "Last-Modified": "Tue, 31 Oct 2023 18:10:08 GMT",
        "Request-Context": "appId=",
        "trace-id": "d82f1f2f-5dff-2dcd-f311-c0f328268743",
        "Transfer-Encoding": "chunked",
        "x-azure-ref": "20231031T181008Z-8e3qk9gt1h0p55cxthz16pqt5c00000000f000000000v0yp",
        "X-Cache": "CONFIG_NOCACHE"
      },
      "ResponseBody": {
        "id": "tst_get_job_man_async",
        "channelReference": "fakeChannelRef1",
        "status": "created",
        "channelId": "fakeChannelId1",
        "queueId": "_test_get_job_direct_q_tst_q_async",
        "priority": 10,
        "requestedWorkerSelectors": [
          {
            "expedite": false,
            "status": "active",
            "key": "FakeKey1",
            "labelOperator": "equal",
            "value": true
          },
          {
            "expedite": false,
            "status": "active",
            "key": "FakeKey2",
            "labelOperator": "notEqual",
            "value": false
          },
          {
            "expedite": false,
            "status": "active",
            "key": "FakeKey3",
            "labelOperator": "lessThan",
            "value": 10
          },
          {
            "expedite": false,
            "status": "active",
            "key": "FakeKey4",
            "labelOperator": "lessThanOrEqual",
            "value": 10.01
          },
          {
            "expedite": false,
            "status": "active",
            "key": "FakeKey5",
            "labelOperator": "greaterThan",
            "value": 10
          },
          {
            "expedite": false,
            "status": "active",
            "key": "FakeKey6",
            "labelOperator": "greaterThanOrEqual",
            "value": 10
          }
        ],
        "attachedWorkerSelectors": [],
        "labels": {
          "key1": "JobKey",
          "key2": 10,
          "key3": true
        },
        "assignments": {},
        "tags": {
          "tag1": "WorkerGenericInfo"
        },
        "notes": [
          {
            "message": "Fake notes attached to job",
            "addedAt": "2022-05-13T16:59:04.531199\u002B00:00"
          }
        ],
        "matchingMode": {
          "kind": "queue-and-match"
        },
        "etag": "Sanitized"
      }
    },
    {
      "RequestUri": "https://sanitized.communication.azure.net/routing/jobs/tst_get_job_man_async?api-version=2023-11-01",
      "RequestMethod": "GET",
      "RequestHeaders": {
        "Accept": "application/json",
        "Accept-Encoding": "gzip, deflate",
        "Authorization": "Sanitized",
        "Content-Length": "0",
        "User-Agent": "azsdk-python-communication-jobrouter/1.0.0 Python/3.11.5 (Windows-10-10.0.22621-SP0)",
        "x-ms-client-request-id": "b97a7eef-7818-11ee-afd2-046c590f95d2",
        "x-ms-content-sha256": "Sanitized",
        "x-ms-date": "Tue, 31 Oct 2023 18:10:08 GMT",
        "x-ms-return-client-request-id": "true"
      },
      "RequestBody": null,
      "StatusCode": 200,
      "ResponseHeaders": {
        "api-supported-versions": "2021-04-07-preview1, 2022-07-18-preview, 2023-08-25-preview, 2023-11-01",
        "Connection": "keep-alive",
        "Content-Type": "application/json; charset=utf-8",
        "Date": "Tue, 31 Oct 2023 18:10:08 GMT",
        "ETag": "Sanitized",
        "Last-Modified": "Tue, 31 Oct 2023 18:10:08 GMT",
        "Request-Context": "appId=",
        "trace-id": "4701f283-6783-c857-f946-6c60bfe82f3a",
        "Transfer-Encoding": "chunked",
        "x-azure-ref": "20231031T181008Z-8e3qk9gt1h0p55cxthz16pqt5c00000000f000000000v0z5",
        "X-Cache": "CONFIG_NOCACHE"
      },
      "ResponseBody": {
        "id": "tst_get_job_man_async",
        "channelReference": "fakeChannelRef1",
        "status": "created",
        "channelId": "fakeChannelId1",
        "queueId": "_test_get_job_direct_q_tst_q_async",
        "priority": 10,
        "requestedWorkerSelectors": [
          {
            "expedite": false,
            "status": "active",
            "key": "FakeKey1",
            "labelOperator": "equal",
            "value": true
          },
          {
            "expedite": false,
            "status": "active",
            "key": "FakeKey2",
            "labelOperator": "notEqual",
            "value": false
          },
          {
            "expedite": false,
            "status": "active",
            "key": "FakeKey3",
            "labelOperator": "lessThan",
            "value": 10
          },
          {
            "expedite": false,
            "status": "active",
            "key": "FakeKey4",
            "labelOperator": "lessThanOrEqual",
            "value": 10.01
          },
          {
            "expedite": false,
            "status": "active",
            "key": "FakeKey5",
            "labelOperator": "greaterThan",
            "value": 10
          },
          {
            "expedite": false,
            "status": "active",
            "key": "FakeKey6",
            "labelOperator": "greaterThanOrEqual",
            "value": 10
          }
        ],
        "attachedWorkerSelectors": [],
        "labels": {
          "key1": "JobKey",
          "key2": 10,
          "key3": true
        },
        "assignments": {},
        "tags": {
          "tag1": "WorkerGenericInfo"
        },
        "notes": [
          {
            "message": "Fake notes attached to job",
            "addedAt": "2022-05-13T16:59:04.531199\u002B00:00"
          }
        ],
        "matchingMode": {
          "kind": "queue-and-match"
        },
        "etag": "Sanitized"
      }
    },
    {
      "RequestUri": "https://sanitized.communication.azure.net/routing/jobs/tst_get_job_man_async?api-version=2023-11-01",
      "RequestMethod": "GET",
      "RequestHeaders": {
        "Accept": "application/json",
        "Accept-Encoding": "gzip, deflate",
        "Authorization": "Sanitized",
        "Content-Length": "0",
        "User-Agent": "azsdk-python-communication-jobrouter/1.0.0 Python/3.11.5 (Windows-10-10.0.22621-SP0)",
        "x-ms-client-request-id": "bb51c09d-7818-11ee-bbae-046c590f95d2",
        "x-ms-content-sha256": "Sanitized",
        "x-ms-date": "Tue, 31 Oct 2023 18:10:11 GMT",
        "x-ms-return-client-request-id": "true"
      },
      "RequestBody": null,
      "StatusCode": 200,
      "ResponseHeaders": {
        "api-supported-versions": "2021-04-07-preview1, 2022-07-18-preview, 2023-08-25-preview, 2023-11-01",
        "Connection": "keep-alive",
        "Content-Type": "application/json; charset=utf-8",
        "Date": "Tue, 31 Oct 2023 18:10:11 GMT",
        "ETag": "Sanitized",
        "Last-Modified": "Tue, 31 Oct 2023 18:10:08 GMT",
        "Request-Context": "appId=",
        "trace-id": "497b9ecd-2d06-7bda-f71f-3f7195d9f4f8",
        "Transfer-Encoding": "chunked",
        "x-azure-ref": "20231031T181011Z-8e3qk9gt1h0p55cxthz16pqt5c00000000f000000000v15m",
        "X-Cache": "CONFIG_NOCACHE"
      },
      "ResponseBody": {
        "id": "tst_get_job_man_async",
        "channelReference": "fakeChannelRef1",
        "status": "queued",
        "enqueuedAt": "2023-10-31T18:10:08.3098933\u002B00:00",
        "channelId": "fakeChannelId1",
        "queueId": "_test_get_job_direct_q_tst_q_async",
        "priority": 10,
        "requestedWorkerSelectors": [
          {
            "expedite": false,
            "status": "active",
            "key": "FakeKey1",
            "labelOperator": "equal",
            "value": true
          },
          {
            "expedite": false,
            "status": "active",
            "key": "FakeKey2",
            "labelOperator": "notEqual",
            "value": false
          },
          {
            "expedite": false,
            "status": "active",
            "key": "FakeKey3",
            "labelOperator": "lessThan",
            "value": 10
          },
          {
            "expedite": false,
            "status": "active",
            "key": "FakeKey4",
            "labelOperator": "lessThanOrEqual",
            "value": 10.01
          },
          {
            "expedite": false,
            "status": "active",
            "key": "FakeKey5",
            "labelOperator": "greaterThan",
            "value": 10
          },
          {
            "expedite": false,
            "status": "active",
            "key": "FakeKey6",
            "labelOperator": "greaterThanOrEqual",
            "value": 10
          }
        ],
        "attachedWorkerSelectors": [],
        "labels": {
          "key1": "JobKey",
          "key2": 10,
          "key3": true
        },
        "assignments": {},
        "tags": {
          "tag1": "WorkerGenericInfo"
        },
        "notes": [
          {
            "message": "Fake notes attached to job",
            "addedAt": "2022-05-13T16:59:04.531199\u002B00:00"
          }
        ],
        "matchingMode": {
          "kind": "queue-and-match"
        },
        "etag": "Sanitized"
      }
    },
    {
      "RequestUri": "https://sanitized.communication.azure.net/routing/jobs/tst_get_job_man_async?api-version=2023-11-01",
      "RequestMethod": "GET",
      "RequestHeaders": {
        "Accept": "application/json",
        "Accept-Encoding": "gzip, deflate",
        "Authorization": "Sanitized",
        "Content-Length": "0",
        "User-Agent": "azsdk-python-communication-jobrouter/1.0.0 Python/3.11.5 (Windows-10-10.0.22621-SP0)",
        "x-ms-client-request-id": "bb5d380c-7818-11ee-a5c9-046c590f95d2",
        "x-ms-content-sha256": "Sanitized",
        "x-ms-date": "Tue, 31 Oct 2023 18:10:11 GMT",
        "x-ms-return-client-request-id": "true"
      },
      "RequestBody": null,
      "StatusCode": 200,
      "ResponseHeaders": {
        "api-supported-versions": "2021-04-07-preview1, 2022-07-18-preview, 2023-08-25-preview, 2023-11-01",
        "Connection": "keep-alive",
        "Content-Type": "application/json; charset=utf-8",
        "Date": "Tue, 31 Oct 2023 18:10:11 GMT",
        "ETag": "Sanitized",
        "Last-Modified": "Tue, 31 Oct 2023 18:10:08 GMT",
        "Request-Context": "appId=",
        "trace-id": "d793594f-2316-0e2d-80da-b51c019c0758",
        "Transfer-Encoding": "chunked",
        "x-azure-ref": "20231031T181011Z-8e3qk9gt1h0p55cxthz16pqt5c00000000f000000000v15s",
        "X-Cache": "CONFIG_NOCACHE"
      },
      "ResponseBody": {
        "id": "tst_get_job_man_async",
        "channelReference": "fakeChannelRef1",
        "status": "queued",
        "enqueuedAt": "2023-10-31T18:10:08.3098933\u002B00:00",
        "channelId": "fakeChannelId1",
        "queueId": "_test_get_job_direct_q_tst_q_async",
        "priority": 10,
        "requestedWorkerSelectors": [
          {
            "expedite": false,
            "status": "active",
            "key": "FakeKey1",
            "labelOperator": "equal",
            "value": true
          },
          {
            "expedite": false,
            "status": "active",
            "key": "FakeKey2",
            "labelOperator": "notEqual",
            "value": false
          },
          {
            "expedite": false,
            "status": "active",
            "key": "FakeKey3",
            "labelOperator": "lessThan",
            "value": 10
          },
          {
            "expedite": false,
            "status": "active",
            "key": "FakeKey4",
            "labelOperator": "lessThanOrEqual",
            "value": 10.01
          },
          {
            "expedite": false,
            "status": "active",
            "key": "FakeKey5",
            "labelOperator": "greaterThan",
            "value": 10
          },
          {
            "expedite": false,
            "status": "active",
            "key": "FakeKey6",
            "labelOperator": "greaterThanOrEqual",
            "value": 10
          }
        ],
        "attachedWorkerSelectors": [],
        "labels": {
          "key1": "JobKey",
          "key2": 10,
          "key3": true
        },
        "assignments": {},
        "tags": {
          "tag1": "WorkerGenericInfo"
        },
        "notes": [
          {
            "message": "Fake notes attached to job",
            "addedAt": "2022-05-13T16:59:04.531199\u002B00:00"
          }
        ],
        "matchingMode": {
          "kind": "queue-and-match"
        },
        "etag": "Sanitized"
      }
    },
    {
      "RequestUri": "https://sanitized.communication.azure.net/routing/jobs/tst_get_job_man_async?api-version=2023-11-01",
      "RequestMethod": "GET",
      "RequestHeaders": {
        "Accept": "application/json",
        "Accept-Encoding": "gzip, deflate",
        "Authorization": "Sanitized",
        "Content-Length": "0",
        "User-Agent": "azsdk-python-communication-jobrouter/1.0.0 Python/3.11.5 (Windows-10-10.0.22621-SP0)",
        "x-ms-client-request-id": "bb6836b4-7818-11ee-a0df-046c590f95d2",
        "x-ms-content-sha256": "Sanitized",
        "x-ms-date": "Tue, 31 Oct 2023 18:10:11 GMT",
        "x-ms-return-client-request-id": "true"
      },
      "RequestBody": null,
      "StatusCode": 200,
      "ResponseHeaders": {
        "api-supported-versions": "2021-04-07-preview1, 2022-07-18-preview, 2023-08-25-preview, 2023-11-01",
        "Connection": "keep-alive",
        "Content-Type": "application/json; charset=utf-8",
        "Date": "Tue, 31 Oct 2023 18:10:11 GMT",
        "ETag": "Sanitized",
        "Last-Modified": "Tue, 31 Oct 2023 18:10:08 GMT",
        "Request-Context": "appId=",
        "trace-id": "f79ddd0d-e36c-cc45-1f3e-675afe8699b1",
        "Transfer-Encoding": "chunked",
        "x-azure-ref": "20231031T181011Z-8e3qk9gt1h0p55cxthz16pqt5c00000000f000000000v163",
        "X-Cache": "CONFIG_NOCACHE"
      },
      "ResponseBody": {
        "id": "tst_get_job_man_async",
        "channelReference": "fakeChannelRef1",
        "status": "queued",
        "enqueuedAt": "2023-10-31T18:10:08.3098933\u002B00:00",
        "channelId": "fakeChannelId1",
        "queueId": "_test_get_job_direct_q_tst_q_async",
        "priority": 10,
        "requestedWorkerSelectors": [
          {
            "expedite": false,
            "status": "active",
            "key": "FakeKey1",
            "labelOperator": "equal",
            "value": true
          },
          {
            "expedite": false,
            "status": "active",
            "key": "FakeKey2",
            "labelOperator": "notEqual",
            "value": false
          },
          {
            "expedite": false,
            "status": "active",
            "key": "FakeKey3",
            "labelOperator": "lessThan",
            "value": 10
          },
          {
            "expedite": false,
            "status": "active",
            "key": "FakeKey4",
            "labelOperator": "lessThanOrEqual",
            "value": 10.01
          },
          {
            "expedite": false,
            "status": "active",
            "key": "FakeKey5",
            "labelOperator": "greaterThan",
            "value": 10
          },
          {
            "expedite": false,
            "status": "active",
            "key": "FakeKey6",
            "labelOperator": "greaterThanOrEqual",
            "value": 10
          }
        ],
        "attachedWorkerSelectors": [],
        "labels": {
          "key1": "JobKey",
          "key2": 10,
          "key3": true
        },
        "assignments": {},
        "tags": {
          "tag1": "WorkerGenericInfo"
        },
        "notes": [
          {
            "message": "Fake notes attached to job",
            "addedAt": "2022-05-13T16:59:04.531199\u002B00:00"
          }
        ],
        "matchingMode": {
          "kind": "queue-and-match"
        },
        "etag": "Sanitized"
      }
    },
    {
      "RequestUri": "https://sanitized.communication.azure.net/routing/jobs/tst_get_job_man_async:cancel?api-version=2023-11-01",
      "RequestMethod": "POST",
      "RequestHeaders": {
        "Accept": "*/*",
        "Accept-Encoding": "gzip, deflate",
        "Authorization": "Sanitized",
        "Content-Length": "54",
        "Content-Type": "application/json",
        "User-Agent": "azsdk-python-communication-jobrouter/1.0.0 Python/3.11.5 (Windows-10-10.0.22621-SP0)",
        "x-ms-client-request-id": "bb734b68-7818-11ee-b7ea-046c590f95d2",
        "x-ms-content-sha256": "Sanitized",
        "x-ms-date": "Tue, 31 Oct 2023 18:10:11 GMT",
        "x-ms-return-client-request-id": "true"
      },
      "RequestBody": {
        "dispositionCode": "JobCancelledAsPartOfTestCleanUp"
      },
      "StatusCode": 200,
      "ResponseHeaders": {
        "api-supported-versions": "2021-04-07-preview1, 2022-07-18-preview, 2023-08-25-preview, 2023-11-01",
        "Connection": "keep-alive",
        "Content-Type": "application/json; charset=utf-8",
        "Date": "Tue, 31 Oct 2023 18:10:11 GMT",
        "Request-Context": "appId=",
        "trace-id": "e3039466-e984-7609-ebc7-3045fea267f9",
        "Transfer-Encoding": "chunked",
        "x-azure-ref": "20231031T181011Z-8e3qk9gt1h0p55cxthz16pqt5c00000000f000000000v166",
        "X-Cache": "CONFIG_NOCACHE"
      },
      "ResponseBody": {}
    },
    {
      "RequestUri": "https://sanitized.communication.azure.net/routing/jobs/tst_get_job_man_async?api-version=2023-11-01",
      "RequestMethod": "DELETE",
      "RequestHeaders": {
        "Accept": "*/*",
        "Accept-Encoding": "gzip, deflate",
        "Authorization": "Sanitized",
        "Content-Length": "0",
        "User-Agent": "azsdk-python-communication-jobrouter/1.0.0 Python/3.11.5 (Windows-10-10.0.22621-SP0)",
        "x-ms-client-request-id": "bb9d5a6a-7818-11ee-8a66-046c590f95d2",
        "x-ms-content-sha256": "Sanitized",
        "x-ms-date": "Tue, 31 Oct 2023 18:10:11 GMT",
        "x-ms-return-client-request-id": "true"
      },
      "RequestBody": null,
      "StatusCode": 204,
      "ResponseHeaders": {
        "api-supported-versions": "2021-04-07-preview1, 2022-07-18-preview, 2023-08-25-preview, 2023-11-01",
        "Connection": "keep-alive",
        "Date": "Tue, 31 Oct 2023 18:10:12 GMT",
        "Request-Context": "appId=",
        "trace-id": "b1cadbcb-18a5-ac81-d773-f944dfb796df",
        "x-azure-ref": "20231031T181011Z-8e3qk9gt1h0p55cxthz16pqt5c00000000f000000000v16q",
        "X-Cache": "CONFIG_NOCACHE"
      },
      "ResponseBody": null
    },
    {
      "RequestUri": "https://sanitized.communication.azure.net/routing/queues/_test_get_job_direct_q_tst_q_async?api-version=2023-11-01",
      "RequestMethod": "DELETE",
      "RequestHeaders": {
        "Accept": "*/*",
        "Accept-Encoding": "gzip, deflate",
        "Authorization": "Sanitized",
        "Content-Length": "0",
        "User-Agent": "azsdk-python-communication-jobrouter/1.0.0 Python/3.11.5 (Windows-10-10.0.22621-SP0)",
        "x-ms-client-request-id": "bbcb90c1-7818-11ee-8e4f-046c590f95d2",
        "x-ms-content-sha256": "Sanitized",
        "x-ms-date": "Tue, 31 Oct 2023 18:10:12 GMT",
        "x-ms-return-client-request-id": "true"
      },
      "RequestBody": null,
      "StatusCode": 204,
      "ResponseHeaders": {
        "api-supported-versions": "2021-04-07-preview1, 2022-07-18-preview, 2023-08-25-preview, 2023-11-01",
        "Connection": "keep-alive",
        "Date": "Tue, 31 Oct 2023 18:10:12 GMT",
        "Request-Context": "appId=",
        "trace-id": "7b98ad4b-4409-f58f-a62b-309915e5bc95",
        "x-azure-ref": "20231031T181012Z-8e3qk9gt1h0p55cxthz16pqt5c00000000f000000000v175",
        "X-Cache": "CONFIG_NOCACHE"
      },
      "ResponseBody": null
    },
    {
      "RequestUri": "https://sanitized.communication.azure.net/routing/distributionPolicies/_test_get_job_direct_q_tst_dp_async?api-version=2023-11-01",
      "RequestMethod": "DELETE",
      "RequestHeaders": {
        "Accept": "*/*",
        "Accept-Encoding": "gzip, deflate",
        "Authorization": "Sanitized",
        "Content-Length": "0",
        "User-Agent": "azsdk-python-communication-jobrouter/1.0.0 Python/3.11.5 (Windows-10-10.0.22621-SP0)",
        "x-ms-client-request-id": "bbe5daac-7818-11ee-8789-046c590f95d2",
        "x-ms-content-sha256": "Sanitized",
        "x-ms-date": "Tue, 31 Oct 2023 18:10:12 GMT",
        "x-ms-return-client-request-id": "true"
      },
      "RequestBody": null,
      "StatusCode": 204,
      "ResponseHeaders": {
        "api-supported-versions": "2021-04-07-preview1, 2022-07-18-preview, 2023-08-25-preview, 2023-11-01",
        "Connection": "keep-alive",
        "Date": "Tue, 31 Oct 2023 18:10:12 GMT",
        "Request-Context": "appId=",
        "trace-id": "eafe651d-9ddf-5826-a150-ec6899da39fd",
        "x-azure-ref": "20231031T181012Z-8e3qk9gt1h0p55cxthz16pqt5c00000000f000000000v17n",
        "X-Cache": "CONFIG_NOCACHE"
      },
      "ResponseBody": null
    }
  ],
  "Variables": {}
}
