{
  "Entries": [
    {
      "RequestUri": "https://sanitized.communication.azure.net/routing/distributionPolicies/test_get_exception_policy_tst_dp?api-version=2023-11-01",
      "RequestMethod": "PATCH",
      "RequestHeaders": {
        "Accept": "application/json",
        "Accept-Encoding": "gzip, deflate",
        "Authorization": "Sanitized",
        "Connection": "keep-alive",
        "Content-Length": "163",
        "Content-Type": "application/merge-patch\u002Bjson",
        "User-Agent": "azsdk-python-communication-jobrouter/1.0.0 Python/3.11.5 (Windows-10-10.0.22621-SP0)",
        "x-ms-client-request-id": "39a92e20-7818-11ee-80d4-046c590f95d2",
        "x-ms-content-sha256": "Sanitized",
        "x-ms-date": "Tue, 31 Oct 2023 18:06:33 GMT",
        "x-ms-return-client-request-id": "true"
      },
      "RequestBody": {
        "name": "test_get_exception_policy_tst_dp",
        "offerExpiresAfterSeconds": 10.0,
        "mode": {
          "minConcurrentOffers": 1,
          "maxConcurrentOffers": 1,
          "kind": "round-robin"
        }
      },
      "StatusCode": 201,
      "ResponseHeaders": {
        "api-supported-versions": "2021-04-07-preview1, 2022-07-18-preview, 2023-08-25-preview, 2023-11-01",
        "Connection": "keep-alive",
        "Content-Type": "application/json; charset=utf-8",
        "Date": "Tue, 31 Oct 2023 18:06:33 GMT",
        "ETag": "Sanitized",
        "Last-Modified": "Tue, 31 Oct 2023 18:06:33 GMT",
        "Request-Context": "appId=",
        "trace-id": "a70f2bbc-7bf6-e723-edef-893a3f0b3764",
        "Transfer-Encoding": "chunked",
        "x-azure-ref": "20231031T180633Z-uedat3axf938f6y2acp5f164h800000000f0000000005tdv",
        "X-Cache": "CONFIG_NOCACHE"
      },
      "ResponseBody": {
        "id": "test_get_exception_policy_tst_dp",
        "name": "test_get_exception_policy_tst_dp",
        "offerExpiresAfterSeconds": 10,
        "mode": {
          "kind": "round-robin",
          "minConcurrentOffers": 1,
          "maxConcurrentOffers": 1,
          "bypassSelectors": false
        },
        "etag": "Sanitized"
      }
    },
    {
      "RequestUri": "https://sanitized.communication.azure.net/routing/queues/test_get_exception_policy_tst_q?api-version=2023-11-01",
      "RequestMethod": "PATCH",
      "RequestHeaders": {
        "Accept": "application/json",
        "Accept-Encoding": "gzip, deflate",
        "Authorization": "Sanitized",
        "Connection": "keep-alive",
        "Content-Length": "190",
        "Content-Type": "application/merge-patch\u002Bjson",
        "User-Agent": "azsdk-python-communication-jobrouter/1.0.0 Python/3.11.5 (Windows-10-10.0.22621-SP0)",
        "x-ms-client-request-id": "39c14988-7818-11ee-a88d-046c590f95d2",
        "x-ms-content-sha256": "Sanitized",
        "x-ms-date": "Tue, 31 Oct 2023 18:06:33 GMT",
        "x-ms-return-client-request-id": "true"
      },
      "RequestBody": {
        "name": "test_get_exception_policy_tst_q",
        "distributionPolicyId": "test_get_exception_policy_tst_dp",
        "labels": {
          "key1": "QueueKey",
          "key2": 10,
          "key3": true,
          "key4": false,
          "key5": 10.1
        }
      },
      "StatusCode": 201,
      "ResponseHeaders": {
        "api-supported-versions": "2021-04-07-preview1, 2022-07-18-preview, 2023-08-25-preview, 2023-11-01",
        "Connection": "keep-alive",
        "Content-Type": "application/json; charset=utf-8",
        "Date": "Tue, 31 Oct 2023 18:06:34 GMT",
        "ETag": "Sanitized",
        "Last-Modified": "Tue, 31 Oct 2023 18:06:34 GMT",
        "Request-Context": "appId=",
        "trace-id": "60d4a289-d2fc-90f6-cb5e-43c1a63a1d92",
        "Transfer-Encoding": "chunked",
        "x-azure-ref": "20231031T180633Z-uedat3axf938f6y2acp5f164h800000000f0000000005te3",
        "X-Cache": "CONFIG_NOCACHE"
      },
      "ResponseBody": {
        "id": "test_get_exception_policy_tst_q",
        "name": "test_get_exception_policy_tst_q",
        "distributionPolicyId": "test_get_exception_policy_tst_dp",
        "labels": {
          "key1": "QueueKey",
          "key2": 10,
          "key3": true,
          "key4": false,
          "key5": 10.1,
          "Id": "test_get_exception_policy_tst_q"
        },
        "etag": "Sanitized"
      }
    },
    {
      "RequestUri": "https://sanitized.communication.azure.net/routing/classificationPolicies/test_get_exception_policy_tst_cp?api-version=2023-11-01",
      "RequestMethod": "PATCH",
      "RequestHeaders": {
        "Accept": "application/json",
        "Accept-Encoding": "gzip, deflate",
        "Authorization": "Sanitized",
        "Connection": "keep-alive",
        "Content-Length": "98",
        "Content-Type": "application/merge-patch\u002Bjson",
        "User-Agent": "azsdk-python-communication-jobrouter/1.0.0 Python/3.11.5 (Windows-10-10.0.22621-SP0)",
        "x-ms-client-request-id": "39edc3f4-7818-11ee-8f0c-046c590f95d2",
        "x-ms-content-sha256": "Sanitized",
        "x-ms-date": "Tue, 31 Oct 2023 18:06:34 GMT",
        "x-ms-return-client-request-id": "true"
      },
      "RequestBody": {
        "name": "test_get_exception_policy_tst_cp",
        "fallbackQueueId": "test_get_exception_policy_tst_q"
      },
      "StatusCode": 201,
      "ResponseHeaders": {
        "api-supported-versions": "2021-04-07-preview1, 2022-07-18-preview, 2023-08-25-preview, 2023-11-01",
        "Connection": "keep-alive",
        "Content-Type": "application/json; charset=utf-8",
        "Date": "Tue, 31 Oct 2023 18:06:34 GMT",
        "ETag": "Sanitized",
        "Last-Modified": "Tue, 31 Oct 2023 18:06:34 GMT",
        "Request-Context": "appId=",
        "trace-id": "e33bd23e-202a-3037-b68d-1f8930f375ae",
        "Transfer-Encoding": "chunked",
        "x-azure-ref": "20231031T180634Z-uedat3axf938f6y2acp5f164h800000000f0000000005tee",
        "X-Cache": "CONFIG_NOCACHE"
      },
      "ResponseBody": {
        "id": "test_get_exception_policy_tst_cp",
        "name": "test_get_exception_policy_tst_cp",
        "fallbackQueueId": "test_get_exception_policy_tst_q",
        "queueSelectorAttachments": [],
        "workerSelectorAttachments": [],
        "etag": "Sanitized"
      }
    },
    {
      "RequestUri": "https://sanitized.communication.azure.net/routing/exceptionPolicies/tst_get_ep?api-version=2023-11-01",
      "RequestMethod": "PATCH",
      "RequestHeaders": {
        "Accept": "application/json",
        "Accept-Encoding": "gzip, deflate",
        "Authorization": "Sanitized",
        "Connection": "keep-alive",
        "Content-Length": "159",
        "Content-Type": "application/merge-patch\u002Bjson",
        "User-Agent": "azsdk-python-communication-jobrouter/1.0.0 Python/3.11.5 (Windows-10-10.0.22621-SP0)",
        "x-ms-client-request-id": "3a07a2df-7818-11ee-a55b-046c590f95d2",
        "x-ms-content-sha256": "Sanitized",
        "x-ms-date": "Tue, 31 Oct 2023 18:06:34 GMT",
        "x-ms-return-client-request-id": "true"
      },
      "RequestBody": {
        "name": "tst_get_ep",
        "exceptionRules": [
          {
            "id": "fakeExceptionRuleId",
            "trigger": {
              "threshold": 1,
              "kind": "queue-length"
            },
            "actions": [
              {
                "kind": "cancel"
              }
            ]
          }
        ]
      },
      "StatusCode": 201,
      "ResponseHeaders": {
        "api-supported-versions": "2021-04-07-preview1, 2022-07-18-preview, 2023-08-25-preview, 2023-11-01",
        "Connection": "keep-alive",
        "Content-Type": "application/json; charset=utf-8",
        "Date": "Tue, 31 Oct 2023 18:06:34 GMT",
        "ETag": "Sanitized",
        "Last-Modified": "Tue, 31 Oct 2023 18:06:34 GMT",
        "Request-Context": "appId=",
        "trace-id": "0ab064d6-45ad-9064-2d07-0f285516259f",
        "Transfer-Encoding": "chunked",
        "x-azure-ref": "20231031T180634Z-uedat3axf938f6y2acp5f164h800000000f0000000005ten",
        "X-Cache": "CONFIG_NOCACHE"
      },
      "ResponseBody": {
        "id": "tst_get_ep",
        "name": "tst_get_ep",
        "exceptionRules": [
          {
            "id": "fakeExceptionRuleId",
            "trigger": {
              "kind": "queue-length",
              "threshold": 1
            },
            "actions": [
              {
                "kind": "cancel",
                "id": "a70cc35d-f80e-4673-ab57-ac2d902179de"
              }
            ]
          }
        ],
        "etag": "Sanitized"
      }
    },
    {
      "RequestUri": "https://sanitized.communication.azure.net/routing/exceptionPolicies/tst_get_ep?api-version=2023-11-01",
      "RequestMethod": "GET",
      "RequestHeaders": {
        "Accept": "application/json",
        "Accept-Encoding": "gzip, deflate",
        "Authorization": "Sanitized",
        "Connection": "keep-alive",
        "User-Agent": "azsdk-python-communication-jobrouter/1.0.0 Python/3.11.5 (Windows-10-10.0.22621-SP0)",
        "x-ms-client-request-id": "3a1efec7-7818-11ee-a014-046c590f95d2",
        "x-ms-content-sha256": "Sanitized",
        "x-ms-date": "Tue, 31 Oct 2023 18:06:34 GMT",
        "x-ms-return-client-request-id": "true"
      },
      "RequestBody": null,
      "StatusCode": 200,
      "ResponseHeaders": {
        "api-supported-versions": "2021-04-07-preview1, 2022-07-18-preview, 2023-08-25-preview, 2023-11-01",
        "Connection": "keep-alive",
        "Content-Type": "application/json; charset=utf-8",
        "Date": "Tue, 31 Oct 2023 18:06:34 GMT",
        "ETag": "Sanitized",
        "Last-Modified": "Tue, 31 Oct 2023 18:06:34 GMT",
        "Request-Context": "appId=",
        "trace-id": "6b982546-3cac-b6b7-4c31-1605ea336d9b",
        "Transfer-Encoding": "chunked",
        "x-azure-ref": "20231031T180634Z-uedat3axf938f6y2acp5f164h800000000f0000000005tet",
        "X-Cache": "CONFIG_NOCACHE"
      },
      "ResponseBody": {
        "id": "tst_get_ep",
        "name": "tst_get_ep",
        "exceptionRules": [
          {
            "id": "fakeExceptionRuleId",
            "trigger": {
              "kind": "queue-length",
              "threshold": 1
            },
            "actions": [
              {
                "kind": "cancel",
                "id": "a70cc35d-f80e-4673-ab57-ac2d902179de"
              }
            ]
          }
        ],
        "etag": "Sanitized"
      }
    },
    {
      "RequestUri": "https://sanitized.communication.azure.net/routing/exceptionPolicies/tst_get_ep?api-version=2023-11-01",
      "RequestMethod": "PATCH",
      "RequestHeaders": {
        "Accept": "application/json",
        "Accept-Encoding": "gzip, deflate",
        "Authorization": "Sanitized",
        "Connection": "keep-alive",
        "Content-Length": "231",
        "Content-Type": "application/merge-patch\u002Bjson",
        "User-Agent": "azsdk-python-communication-jobrouter/1.0.0 Python/3.11.5 (Windows-10-10.0.22621-SP0)",
        "x-ms-client-request-id": "3a2f8fa3-7818-11ee-9ef4-046c590f95d2",
        "x-ms-content-sha256": "Sanitized",
        "x-ms-date": "Tue, 31 Oct 2023 18:06:34 GMT",
        "x-ms-return-client-request-id": "true"
      },
      "RequestBody": {
        "name": "tst_get_ep",
        "exceptionRules": [
          {
            "id": "fakeExceptionRuleId",
            "trigger": {
              "threshold": 1,
              "kind": "queue-length"
            },
            "actions": [
              {
                "queueId": "test_get_exception_policy_tst_q",
                "priority": 1,
                "kind": "manual-reclassify"
              }
            ]
          }
        ]
      },
      "StatusCode": 200,
      "ResponseHeaders": {
        "api-supported-versions": "2021-04-07-preview1, 2022-07-18-preview, 2023-08-25-preview, 2023-11-01",
        "Connection": "keep-alive",
        "Content-Type": "application/json; charset=utf-8",
        "Date": "Tue, 31 Oct 2023 18:06:34 GMT",
        "ETag": "Sanitized",
        "Last-Modified": "Tue, 31 Oct 2023 18:06:34 GMT",
        "Request-Context": "appId=",
        "trace-id": "1adff35c-b689-9d23-0b29-fd5ce0a5653e",
        "Transfer-Encoding": "chunked",
        "x-azure-ref": "20231031T180634Z-uedat3axf938f6y2acp5f164h800000000f0000000005tey",
        "X-Cache": "CONFIG_NOCACHE"
      },
      "ResponseBody": {
        "id": "tst_get_ep",
        "name": "tst_get_ep",
        "exceptionRules": [
          {
            "id": "fakeExceptionRuleId",
            "trigger": {
              "kind": "queue-length",
              "threshold": 1
            },
            "actions": [
              {
                "kind": "manual-reclassify",
                "queueId": "test_get_exception_policy_tst_q",
                "priority": 1,
                "workerSelectors": [],
                "id": "2bd98118-dc30-4e0b-9b9b-539ce7bb8900"
              }
            ]
          }
        ],
        "etag": "Sanitized"
      }
    },
    {
      "RequestUri": "https://sanitized.communication.azure.net/routing/exceptionPolicies/tst_get_ep?api-version=2023-11-01",
      "RequestMethod": "GET",
      "RequestHeaders": {
        "Accept": "application/json",
        "Accept-Encoding": "gzip, deflate",
        "Authorization": "Sanitized",
        "Connection": "keep-alive",
        "User-Agent": "azsdk-python-communication-jobrouter/1.0.0 Python/3.11.5 (Windows-10-10.0.22621-SP0)",
        "x-ms-client-request-id": "3a4f7eb2-7818-11ee-930b-046c590f95d2",
        "x-ms-content-sha256": "Sanitized",
        "x-ms-date": "Tue, 31 Oct 2023 18:06:34 GMT",
        "x-ms-return-client-request-id": "true"
      },
      "RequestBody": null,
      "StatusCode": 200,
      "ResponseHeaders": {
        "api-supported-versions": "2021-04-07-preview1, 2022-07-18-preview, 2023-08-25-preview, 2023-11-01",
        "Connection": "keep-alive",
        "Content-Type": "application/json; charset=utf-8",
        "Date": "Tue, 31 Oct 2023 18:06:34 GMT",
        "ETag": "Sanitized",
        "Last-Modified": "Tue, 31 Oct 2023 18:06:34 GMT",
        "Request-Context": "appId=",
        "trace-id": "dcc2cfd2-35af-4f45-73f3-5d93b045332a",
        "Transfer-Encoding": "chunked",
        "x-azure-ref": "20231031T180634Z-uedat3axf938f6y2acp5f164h800000000f0000000005tf4",
        "X-Cache": "CONFIG_NOCACHE"
      },
      "ResponseBody": {
        "id": "tst_get_ep",
        "name": "tst_get_ep",
        "exceptionRules": [
          {
            "id": "fakeExceptionRuleId",
            "trigger": {
              "kind": "queue-length",
              "threshold": 1
            },
            "actions": [
              {
                "kind": "manual-reclassify",
                "queueId": "test_get_exception_policy_tst_q",
                "priority": 1,
                "workerSelectors": [],
                "id": "2bd98118-dc30-4e0b-9b9b-539ce7bb8900"
              }
            ]
          }
        ],
        "etag": "Sanitized"
      }
    },
    {
      "RequestUri": "https://sanitized.communication.azure.net/routing/exceptionPolicies/tst_get_ep?api-version=2023-11-01",
      "RequestMethod": "PATCH",
      "RequestHeaders": {
        "Accept": "application/json",
        "Accept-Encoding": "gzip, deflate",
        "Authorization": "Sanitized",
        "Connection": "keep-alive",
        "Content-Length": "225",
        "Content-Type": "application/merge-patch\u002Bjson",
        "User-Agent": "azsdk-python-communication-jobrouter/1.0.0 Python/3.11.5 (Windows-10-10.0.22621-SP0)",
        "x-ms-client-request-id": "3a5b69cb-7818-11ee-a549-046c590f95d2",
        "x-ms-content-sha256": "Sanitized",
        "x-ms-date": "Tue, 31 Oct 2023 18:06:34 GMT",
        "x-ms-return-client-request-id": "true"
      },
      "RequestBody": {
        "name": "tst_get_ep",
        "exceptionRules": [
          {
            "id": "fakeExceptionRuleId",
            "trigger": {
              "threshold": 1,
              "kind": "queue-length"
            },
            "actions": [
              {
                "classificationPolicyId": "test_get_exception_policy_tst_cp",
                "kind": "reclassify"
              }
            ]
          }
        ]
      },
      "StatusCode": 200,
      "ResponseHeaders": {
        "api-supported-versions": "2021-04-07-preview1, 2022-07-18-preview, 2023-08-25-preview, 2023-11-01",
        "Connection": "keep-alive",
        "Content-Type": "application/json; charset=utf-8",
        "Date": "Tue, 31 Oct 2023 18:06:35 GMT",
        "ETag": "Sanitized",
        "Last-Modified": "Tue, 31 Oct 2023 18:06:35 GMT",
        "Request-Context": "appId=",
        "trace-id": "7d9a22e9-2cd2-1465-641d-0c936a85f933",
        "Transfer-Encoding": "chunked",
        "x-azure-ref": "20231031T180634Z-uedat3axf938f6y2acp5f164h800000000f0000000005tf7",
        "X-Cache": "CONFIG_NOCACHE"
      },
      "ResponseBody": {
        "id": "tst_get_ep",
        "name": "tst_get_ep",
        "exceptionRules": [
          {
            "id": "fakeExceptionRuleId",
            "trigger": {
              "kind": "queue-length",
              "threshold": 1
            },
            "actions": [
              {
                "kind": "reclassify",
                "classificationPolicyId": "test_get_exception_policy_tst_cp",
                "labelsToUpsert": {},
                "id": "0a1da51f-b686-4e6c-9248-880323f1984d"
              }
            ]
          }
        ],
        "etag": "Sanitized"
      }
    },
    {
      "RequestUri": "https://sanitized.communication.azure.net/routing/exceptionPolicies/tst_get_ep?api-version=2023-11-01",
      "RequestMethod": "GET",
      "RequestHeaders": {
        "Accept": "application/json",
        "Accept-Encoding": "gzip, deflate",
        "Authorization": "Sanitized",
        "Connection": "keep-alive",
        "User-Agent": "azsdk-python-communication-jobrouter/1.0.0 Python/3.11.5 (Windows-10-10.0.22621-SP0)",
        "x-ms-client-request-id": "3a7d00cf-7818-11ee-aad3-046c590f95d2",
        "x-ms-content-sha256": "Sanitized",
        "x-ms-date": "Tue, 31 Oct 2023 18:06:35 GMT",
        "x-ms-return-client-request-id": "true"
      },
      "RequestBody": null,
      "StatusCode": 200,
      "ResponseHeaders": {
        "api-supported-versions": "2021-04-07-preview1, 2022-07-18-preview, 2023-08-25-preview, 2023-11-01",
        "Connection": "keep-alive",
        "Content-Type": "application/json; charset=utf-8",
        "Date": "Tue, 31 Oct 2023 18:06:35 GMT",
        "ETag": "Sanitized",
        "Last-Modified": "Tue, 31 Oct 2023 18:06:35 GMT",
        "Request-Context": "appId=",
        "trace-id": "b614bdbe-b5ed-0b6c-53bd-1b523ae2b1ec",
        "Transfer-Encoding": "chunked",
        "x-azure-ref": "20231031T180635Z-uedat3axf938f6y2acp5f164h800000000f0000000005tff",
        "X-Cache": "CONFIG_NOCACHE"
      },
      "ResponseBody": {
        "id": "tst_get_ep",
        "name": "tst_get_ep",
        "exceptionRules": [
          {
            "id": "fakeExceptionRuleId",
            "trigger": {
              "kind": "queue-length",
              "threshold": 1
            },
            "actions": [
              {
                "kind": "reclassify",
                "classificationPolicyId": "test_get_exception_policy_tst_cp",
                "labelsToUpsert": {},
                "id": "0a1da51f-b686-4e6c-9248-880323f1984d"
              }
            ]
          }
        ],
        "etag": "Sanitized"
      }
    },
    {
      "RequestUri": "https://sanitized.communication.azure.net/routing/exceptionPolicies/tst_get_ep?api-version=2023-11-01",
      "RequestMethod": "PATCH",
      "RequestHeaders": {
        "Accept": "application/json",
        "Accept-Encoding": "gzip, deflate",
        "Authorization": "Sanitized",
        "Connection": "keep-alive",
        "Content-Length": "166",
        "Content-Type": "application/merge-patch\u002Bjson",
        "User-Agent": "azsdk-python-communication-jobrouter/1.0.0 Python/3.11.5 (Windows-10-10.0.22621-SP0)",
        "x-ms-client-request-id": "3a8928ab-7818-11ee-94de-046c590f95d2",
        "x-ms-content-sha256": "Sanitized",
        "x-ms-date": "Tue, 31 Oct 2023 18:06:35 GMT",
        "x-ms-return-client-request-id": "true"
      },
      "RequestBody": {
        "name": "tst_get_ep",
        "exceptionRules": [
          {
            "id": "fakeExceptionRuleId",
            "trigger": {
              "thresholdSeconds": 3600,
              "kind": "wait-time"
            },
            "actions": [
              {
                "kind": "cancel"
              }
            ]
          }
        ]
      },
      "StatusCode": 200,
      "ResponseHeaders": {
        "api-supported-versions": "2021-04-07-preview1, 2022-07-18-preview, 2023-08-25-preview, 2023-11-01",
        "Connection": "keep-alive",
        "Content-Type": "application/json; charset=utf-8",
        "Date": "Tue, 31 Oct 2023 18:06:35 GMT",
        "ETag": "Sanitized",
        "Last-Modified": "Tue, 31 Oct 2023 18:06:35 GMT",
        "Request-Context": "appId=",
        "trace-id": "4e2baf04-cdad-d8fb-8514-d45d5a4bc12b",
        "Transfer-Encoding": "chunked",
        "x-azure-ref": "20231031T180635Z-uedat3axf938f6y2acp5f164h800000000f0000000005tfk",
        "X-Cache": "CONFIG_NOCACHE"
      },
      "ResponseBody": {
        "id": "tst_get_ep",
        "name": "tst_get_ep",
        "exceptionRules": [
          {
            "id": "fakeExceptionRuleId",
            "trigger": {
              "kind": "wait-time",
              "thresholdSeconds": 3600
            },
            "actions": [
              {
                "kind": "cancel",
                "id": "a976bac2-8be7-4404-aad5-90385ab75868"
              }
            ]
          }
        ],
        "etag": "Sanitized"
      }
    },
    {
      "RequestUri": "https://sanitized.communication.azure.net/routing/exceptionPolicies/tst_get_ep?api-version=2023-11-01",
      "RequestMethod": "GET",
      "RequestHeaders": {
        "Accept": "application/json",
        "Accept-Encoding": "gzip, deflate",
        "Authorization": "Sanitized",
        "Connection": "keep-alive",
        "User-Agent": "azsdk-python-communication-jobrouter/1.0.0 Python/3.11.5 (Windows-10-10.0.22621-SP0)",
        "x-ms-client-request-id": "3aa5efd7-7818-11ee-949c-046c590f95d2",
        "x-ms-content-sha256": "Sanitized",
        "x-ms-date": "Tue, 31 Oct 2023 18:06:35 GMT",
        "x-ms-return-client-request-id": "true"
      },
      "RequestBody": null,
      "StatusCode": 200,
      "ResponseHeaders": {
        "api-supported-versions": "2021-04-07-preview1, 2022-07-18-preview, 2023-08-25-preview, 2023-11-01",
        "Connection": "keep-alive",
        "Content-Type": "application/json; charset=utf-8",
        "Date": "Tue, 31 Oct 2023 18:06:35 GMT",
        "ETag": "Sanitized",
        "Last-Modified": "Tue, 31 Oct 2023 18:06:35 GMT",
        "Request-Context": "appId=",
        "trace-id": "8cd812d9-be42-0f6d-ecef-e1d60a0c9c7c",
        "Transfer-Encoding": "chunked",
        "x-azure-ref": "20231031T180635Z-uedat3axf938f6y2acp5f164h800000000f0000000005tfu",
        "X-Cache": "CONFIG_NOCACHE"
      },
      "ResponseBody": {
        "id": "tst_get_ep",
        "name": "tst_get_ep",
        "exceptionRules": [
          {
            "id": "fakeExceptionRuleId",
            "trigger": {
              "kind": "wait-time",
              "thresholdSeconds": 3600
            },
            "actions": [
              {
                "kind": "cancel",
                "id": "a976bac2-8be7-4404-aad5-90385ab75868"
              }
            ]
          }
        ],
        "etag": "Sanitized"
      }
    },
    {
      "RequestUri": "https://sanitized.communication.azure.net/routing/exceptionPolicies/tst_get_ep?api-version=2023-11-01",
      "RequestMethod": "PATCH",
      "RequestHeaders": {
        "Accept": "application/json",
        "Accept-Encoding": "gzip, deflate",
        "Authorization": "Sanitized",
        "Connection": "keep-alive",
        "Content-Length": "238",
        "Content-Type": "application/merge-patch\u002Bjson",
        "User-Agent": "azsdk-python-communication-jobrouter/1.0.0 Python/3.11.5 (Windows-10-10.0.22621-SP0)",
        "x-ms-client-request-id": "3ab11e55-7818-11ee-82b7-046c590f95d2",
        "x-ms-content-sha256": "Sanitized",
        "x-ms-date": "Tue, 31 Oct 2023 18:06:35 GMT",
        "x-ms-return-client-request-id": "true"
      },
      "RequestBody": {
        "name": "tst_get_ep",
        "exceptionRules": [
          {
            "id": "fakeExceptionRuleId",
            "trigger": {
              "thresholdSeconds": 3600,
              "kind": "wait-time"
            },
            "actions": [
              {
                "queueId": "test_get_exception_policy_tst_q",
                "priority": 1,
                "kind": "manual-reclassify"
              }
            ]
          }
        ]
      },
      "StatusCode": 200,
      "ResponseHeaders": {
        "api-supported-versions": "2021-04-07-preview1, 2022-07-18-preview, 2023-08-25-preview, 2023-11-01",
        "Connection": "keep-alive",
        "Content-Type": "application/json; charset=utf-8",
        "Date": "Tue, 31 Oct 2023 18:06:35 GMT",
        "ETag": "Sanitized",
        "Last-Modified": "Tue, 31 Oct 2023 18:06:35 GMT",
        "Request-Context": "appId=",
        "trace-id": "5449cccb-addc-404b-722d-58e3442d5669",
        "Transfer-Encoding": "chunked",
        "x-azure-ref": "20231031T180635Z-uedat3axf938f6y2acp5f164h800000000f0000000005tfy",
        "X-Cache": "CONFIG_NOCACHE"
      },
      "ResponseBody": {
        "id": "tst_get_ep",
        "name": "tst_get_ep",
        "exceptionRules": [
          {
            "id": "fakeExceptionRuleId",
            "trigger": {
              "kind": "wait-time",
              "thresholdSeconds": 3600
            },
            "actions": [
              {
                "kind": "manual-reclassify",
                "queueId": "test_get_exception_policy_tst_q",
                "priority": 1,
                "workerSelectors": [],
                "id": "0ebc64c2-9d19-49a5-a26d-41681aa0c053"
              }
            ]
          }
        ],
        "etag": "Sanitized"
      }
    },
    {
      "RequestUri": "https://sanitized.communication.azure.net/routing/exceptionPolicies/tst_get_ep?api-version=2023-11-01",
      "RequestMethod": "GET",
      "RequestHeaders": {
        "Accept": "application/json",
        "Accept-Encoding": "gzip, deflate",
        "Authorization": "Sanitized",
        "Connection": "keep-alive",
        "User-Agent": "azsdk-python-communication-jobrouter/1.0.0 Python/3.11.5 (Windows-10-10.0.22621-SP0)",
        "x-ms-client-request-id": "3ad53232-7818-11ee-b8eb-046c590f95d2",
        "x-ms-content-sha256": "Sanitized",
        "x-ms-date": "Tue, 31 Oct 2023 18:06:35 GMT",
        "x-ms-return-client-request-id": "true"
      },
      "RequestBody": null,
      "StatusCode": 200,
      "ResponseHeaders": {
        "api-supported-versions": "2021-04-07-preview1, 2022-07-18-preview, 2023-08-25-preview, 2023-11-01",
        "Connection": "keep-alive",
        "Content-Type": "application/json; charset=utf-8",
        "Date": "Tue, 31 Oct 2023 18:06:35 GMT",
        "ETag": "Sanitized",
        "Last-Modified": "Tue, 31 Oct 2023 18:06:35 GMT",
        "Request-Context": "appId=",
        "trace-id": "42e7c400-84e6-eb2e-80ab-d4103762b653",
        "Transfer-Encoding": "chunked",
        "x-azure-ref": "20231031T180635Z-uedat3axf938f6y2acp5f164h800000000f0000000005tgc",
        "X-Cache": "CONFIG_NOCACHE"
      },
      "ResponseBody": {
        "id": "tst_get_ep",
        "name": "tst_get_ep",
        "exceptionRules": [
          {
            "id": "fakeExceptionRuleId",
            "trigger": {
              "kind": "wait-time",
              "thresholdSeconds": 3600
            },
            "actions": [
              {
                "kind": "manual-reclassify",
                "queueId": "test_get_exception_policy_tst_q",
                "priority": 1,
                "workerSelectors": [],
                "id": "0ebc64c2-9d19-49a5-a26d-41681aa0c053"
              }
            ]
          }
        ],
        "etag": "Sanitized"
      }
    },
    {
      "RequestUri": "https://sanitized.communication.azure.net/routing/exceptionPolicies/tst_get_ep?api-version=2023-11-01",
      "RequestMethod": "PATCH",
      "RequestHeaders": {
        "Accept": "application/json",
        "Accept-Encoding": "gzip, deflate",
        "Authorization": "Sanitized",
        "Connection": "keep-alive",
        "Content-Length": "232",
        "Content-Type": "application/merge-patch\u002Bjson",
        "User-Agent": "azsdk-python-communication-jobrouter/1.0.0 Python/3.11.5 (Windows-10-10.0.22621-SP0)",
        "x-ms-client-request-id": "3ae32690-7818-11ee-ab38-046c590f95d2",
        "x-ms-content-sha256": "Sanitized",
        "x-ms-date": "Tue, 31 Oct 2023 18:06:35 GMT",
        "x-ms-return-client-request-id": "true"
      },
      "RequestBody": {
        "name": "tst_get_ep",
        "exceptionRules": [
          {
            "id": "fakeExceptionRuleId",
            "trigger": {
              "thresholdSeconds": 3600,
              "kind": "wait-time"
            },
            "actions": [
              {
                "classificationPolicyId": "test_get_exception_policy_tst_cp",
                "kind": "reclassify"
              }
            ]
          }
        ]
      },
      "StatusCode": 200,
      "ResponseHeaders": {
        "api-supported-versions": "2021-04-07-preview1, 2022-07-18-preview, 2023-08-25-preview, 2023-11-01",
        "Connection": "keep-alive",
        "Content-Type": "application/json; charset=utf-8",
        "Date": "Tue, 31 Oct 2023 18:06:36 GMT",
        "ETag": "Sanitized",
        "Last-Modified": "Tue, 31 Oct 2023 18:06:35 GMT",
        "Request-Context": "appId=",
        "trace-id": "548119fc-fccf-5115-2852-df57b22ffa87",
        "Transfer-Encoding": "chunked",
        "x-azure-ref": "20231031T180635Z-uedat3axf938f6y2acp5f164h800000000f0000000005tgn",
        "X-Cache": "CONFIG_NOCACHE"
      },
      "ResponseBody": {
        "id": "tst_get_ep",
        "name": "tst_get_ep",
        "exceptionRules": [
          {
            "id": "fakeExceptionRuleId",
            "trigger": {
              "kind": "wait-time",
              "thresholdSeconds": 3600
            },
            "actions": [
              {
                "kind": "reclassify",
                "classificationPolicyId": "test_get_exception_policy_tst_cp",
                "labelsToUpsert": {},
                "id": "48ffc01d-15d5-4a5a-bbc8-fce1b0914513"
              }
            ]
          }
        ],
        "etag": "Sanitized"
      }
    },
    {
      "RequestUri": "https://sanitized.communication.azure.net/routing/exceptionPolicies/tst_get_ep?api-version=2023-11-01",
      "RequestMethod": "GET",
      "RequestHeaders": {
        "Accept": "application/json",
        "Accept-Encoding": "gzip, deflate",
        "Authorization": "Sanitized",
        "Connection": "keep-alive",
        "User-Agent": "azsdk-python-communication-jobrouter/1.0.0 Python/3.11.5 (Windows-10-10.0.22621-SP0)",
        "x-ms-client-request-id": "3b06b725-7818-11ee-be74-046c590f95d2",
        "x-ms-content-sha256": "Sanitized",
        "x-ms-date": "Tue, 31 Oct 2023 18:06:35 GMT",
        "x-ms-return-client-request-id": "true"
      },
      "RequestBody": null,
      "StatusCode": 200,
      "ResponseHeaders": {
        "api-supported-versions": "2021-04-07-preview1, 2022-07-18-preview, 2023-08-25-preview, 2023-11-01",
        "Connection": "keep-alive",
        "Content-Type": "application/json; charset=utf-8",
        "Date": "Tue, 31 Oct 2023 18:06:36 GMT",
        "ETag": "Sanitized",
        "Last-Modified": "Tue, 31 Oct 2023 18:06:35 GMT",
        "Request-Context": "appId=",
        "trace-id": "203c64f6-4cac-727f-aa9c-6337741f4dc0",
        "Transfer-Encoding": "chunked",
        "x-azure-ref": "20231031T180636Z-uedat3axf938f6y2acp5f164h800000000f0000000005tkq",
        "X-Cache": "CONFIG_NOCACHE"
      },
      "ResponseBody": {
        "id": "tst_get_ep",
        "name": "tst_get_ep",
        "exceptionRules": [
          {
            "id": "fakeExceptionRuleId",
            "trigger": {
              "kind": "wait-time",
              "thresholdSeconds": 3600
            },
            "actions": [
              {
                "kind": "reclassify",
                "classificationPolicyId": "test_get_exception_policy_tst_cp",
                "labelsToUpsert": {},
                "id": "48ffc01d-15d5-4a5a-bbc8-fce1b0914513"
              }
            ]
          }
        ],
        "etag": "Sanitized"
      }
    },
    {
      "RequestUri": "https://sanitized.communication.azure.net/routing/classificationPolicies/test_get_exception_policy_tst_cp?api-version=2023-11-01",
      "RequestMethod": "DELETE",
      "RequestHeaders": {
        "Accept": "*/*",
        "Accept-Encoding": "gzip, deflate",
        "Authorization": "Sanitized",
        "Connection": "keep-alive",
        "Content-Length": "0",
        "User-Agent": "azsdk-python-communication-jobrouter/1.0.0 Python/3.11.5 (Windows-10-10.0.22621-SP0)",
        "x-ms-client-request-id": "3b1bca53-7818-11ee-b60f-046c590f95d2",
        "x-ms-content-sha256": "Sanitized",
        "x-ms-date": "Tue, 31 Oct 2023 18:06:36 GMT",
        "x-ms-return-client-request-id": "true"
      },
      "RequestBody": null,
      "StatusCode": 204,
      "ResponseHeaders": {
        "api-supported-versions": "2021-04-07-preview1, 2022-07-18-preview, 2023-08-25-preview, 2023-11-01",
        "Connection": "keep-alive",
        "Date": "Tue, 31 Oct 2023 18:06:36 GMT",
        "Request-Context": "appId=",
        "trace-id": "b2aaef59-bd07-b540-1b1f-0367094ec34f",
        "x-azure-ref": "20231031T180636Z-uedat3axf938f6y2acp5f164h800000000f0000000005tkw",
        "X-Cache": "CONFIG_NOCACHE"
      },
      "ResponseBody": null
    },
    {
      "RequestUri": "https://sanitized.communication.azure.net/routing/queues/test_get_exception_policy_tst_q?api-version=2023-11-01",
      "RequestMethod": "DELETE",
      "RequestHeaders": {
        "Accept": "*/*",
        "Accept-Encoding": "gzip, deflate",
        "Authorization": "Sanitized",
        "Connection": "keep-alive",
        "Content-Length": "0",
        "User-Agent": "azsdk-python-communication-jobrouter/1.0.0 Python/3.11.5 (Windows-10-10.0.22621-SP0)",
        "x-ms-client-request-id": "3b30683e-7818-11ee-afec-046c590f95d2",
        "x-ms-content-sha256": "Sanitized",
        "x-ms-date": "Tue, 31 Oct 2023 18:06:36 GMT",
        "x-ms-return-client-request-id": "true"
      },
      "RequestBody": null,
      "StatusCode": 204,
      "ResponseHeaders": {
        "api-supported-versions": "2021-04-07-preview1, 2022-07-18-preview, 2023-08-25-preview, 2023-11-01",
        "Connection": "keep-alive",
        "Date": "Tue, 31 Oct 2023 18:06:36 GMT",
        "Request-Context": "appId=",
        "trace-id": "2774a8c9-5d4d-f0b9-0c06-e966e11a320e",
        "x-azure-ref": "20231031T180636Z-uedat3axf938f6y2acp5f164h800000000f0000000005tm2",
        "X-Cache": "CONFIG_NOCACHE"
      },
      "ResponseBody": null
    },
    {
      "RequestUri": "https://sanitized.communication.azure.net/routing/distributionPolicies/test_get_exception_policy_tst_dp?api-version=2023-11-01",
      "RequestMethod": "DELETE",
      "RequestHeaders": {
        "Accept": "*/*",
        "Accept-Encoding": "gzip, deflate",
        "Authorization": "Sanitized",
        "Connection": "keep-alive",
        "Content-Length": "0",
        "User-Agent": "azsdk-python-communication-jobrouter/1.0.0 Python/3.11.5 (Windows-10-10.0.22621-SP0)",
        "x-ms-client-request-id": "3b4ba118-7818-11ee-b07b-046c590f95d2",
        "x-ms-content-sha256": "Sanitized",
        "x-ms-date": "Tue, 31 Oct 2023 18:06:36 GMT",
        "x-ms-return-client-request-id": "true"
      },
      "RequestBody": null,
      "StatusCode": 204,
      "ResponseHeaders": {
        "api-supported-versions": "2021-04-07-preview1, 2022-07-18-preview, 2023-08-25-preview, 2023-11-01",
        "Connection": "keep-alive",
        "Date": "Tue, 31 Oct 2023 18:06:36 GMT",
        "Request-Context": "appId=",
        "trace-id": "40a26869-dc35-7de3-681c-e8ed2edcdb9e",
        "x-azure-ref": "20231031T180636Z-uedat3axf938f6y2acp5f164h800000000f0000000005tms",
        "X-Cache": "CONFIG_NOCACHE"
      },
      "ResponseBody": null
    },
    {
      "RequestUri": "https://sanitized.communication.azure.net/routing/exceptionPolicies/tst_get_ep?api-version=2023-11-01",
      "RequestMethod": "DELETE",
      "RequestHeaders": {
        "Accept": "*/*",
        "Accept-Encoding": "gzip, deflate",
        "Authorization": "Sanitized",
        "Connection": "keep-alive",
        "Content-Length": "0",
        "User-Agent": "azsdk-python-communication-jobrouter/1.0.0 Python/3.11.5 (Windows-10-10.0.22621-SP0)",
        "x-ms-client-request-id": "3b5e713c-7818-11ee-8c88-046c590f95d2",
        "x-ms-content-sha256": "Sanitized",
        "x-ms-date": "Tue, 31 Oct 2023 18:06:36 GMT",
        "x-ms-return-client-request-id": "true"
      },
      "RequestBody": null,
      "StatusCode": 204,
      "ResponseHeaders": {
        "api-supported-versions": "2021-04-07-preview1, 2022-07-18-preview, 2023-08-25-preview, 2023-11-01",
        "Connection": "keep-alive",
        "Date": "Tue, 31 Oct 2023 18:06:36 GMT",
        "Request-Context": "appId=",
        "trace-id": "0c93ba8e-d5da-4902-f627-08ac9f47a623",
        "x-azure-ref": "20231031T180636Z-uedat3axf938f6y2acp5f164h800000000f0000000005tn1",
        "X-Cache": "CONFIG_NOCACHE"
      },
      "ResponseBody": null
    }
  ],
  "Variables": {}
}
