{
  "Entries": [
    {
      "RequestUri": "https://sanitized.communication.azure.net/routing/distributionPolicies/_test_get_job_direct_q_tst_dp_async?api-version=2023-11-01",
      "RequestMethod": "PATCH",
      "RequestHeaders": {
        "Accept": "application/json",
        "Accept-Encoding": "gzip, deflate",
        "Authorization": "Sanitized",
        "Content-Length": "165",
        "Content-Type": "application/merge-patch\u002Bjson",
        "User-Agent": "azsdk-python-communication-jobrouter/1.0.0 Python/3.11.5 (Windows-10-10.0.22621-SP0)",
        "x-ms-client-request-id": "e4f232c6-8289-11ee-917b-046c590f95d2",
        "x-ms-content-sha256": "Sanitized",
        "x-ms-date": "Tue, 14 Nov 2023 01:05:25 GMT",
        "x-ms-return-client-request-id": "true"
      },
      "RequestBody": {
        "name": "_test_get_job_direct_q_tst_dp_async",
        "offerExpiresAfterSeconds": 10.0,
        "mode": {
          "minConcurrentOffers": 1,
          "maxConcurrentOffers": 1,
          "kind": "roundRobin"
        }
      },
      "StatusCode": 201,
      "ResponseHeaders": {
        "api-supported-versions": "2021-04-07-preview1, 2022-07-18-preview, 2023-08-25-preview, 2023-11-01",
        "Connection": "keep-alive",
        "Content-Type": "application/json; charset=utf-8",
        "Date": "Tue, 14 Nov 2023 01:05:25 GMT",
        "ETag": "Sanitized",
        "Last-Modified": "Tue, 14 Nov 2023 01:05:25 GMT",
        "Request-Context": "appId=",
        "trace-id": "fdf6205e-83e4-0335-de0f-c00f1400efad",
        "Transfer-Encoding": "chunked",
        "x-azure-ref": "20231114T010525Z-bfxw7uymgp0x7ek0p9c9ze3fu8000000050g00000000b8u2",
        "X-Cache": "CONFIG_NOCACHE"
      },
      "ResponseBody": {
        "id": "_test_get_job_direct_q_tst_dp_async",
        "name": "_test_get_job_direct_q_tst_dp_async",
        "offerExpiresAfterSeconds": 10,
        "mode": {
          "kind": "roundRobin",
          "minConcurrentOffers": 1,
          "maxConcurrentOffers": 1,
          "bypassSelectors": false
        },
        "etag": "Sanitized"
      }
    },
    {
      "RequestUri": "https://sanitized.communication.azure.net/routing/queues/_test_get_job_direct_q_tst_q_async?api-version=2023-11-01",
      "RequestMethod": "PATCH",
      "RequestHeaders": {
        "Accept": "application/json",
        "Accept-Encoding": "gzip, deflate",
        "Authorization": "Sanitized",
        "Content-Length": "165",
        "Content-Type": "application/merge-patch\u002Bjson",
        "User-Agent": "azsdk-python-communication-jobrouter/1.0.0 Python/3.11.5 (Windows-10-10.0.22621-SP0)",
        "x-ms-client-request-id": "e50876ba-8289-11ee-9fde-046c590f95d2",
        "x-ms-content-sha256": "Sanitized",
        "x-ms-date": "Tue, 14 Nov 2023 01:05:25 GMT",
        "x-ms-return-client-request-id": "true"
      },
      "RequestBody": {
        "name": "_test_get_job_direct_q_tst_q_async",
        "distributionPolicyId": "_test_get_job_direct_q_tst_dp_async",
        "labels": {
          "key1": "JobKey",
          "key2": 10,
          "key3": true
        }
      },
      "StatusCode": 201,
      "ResponseHeaders": {
        "api-supported-versions": "2021-04-07-preview1, 2022-07-18-preview, 2023-08-25-preview, 2023-11-01",
        "Connection": "keep-alive",
        "Content-Type": "application/json; charset=utf-8",
        "Date": "Tue, 14 Nov 2023 01:05:26 GMT",
        "ETag": "Sanitized",
        "Last-Modified": "Tue, 14 Nov 2023 01:05:26 GMT",
        "Request-Context": "appId=",
        "trace-id": "d1db6590-4988-959e-4f7c-6ac4946b4ed2",
        "Transfer-Encoding": "chunked",
        "x-azure-ref": "20231114T010526Z-bfxw7uymgp0x7ek0p9c9ze3fu8000000050g00000000b8ug",
        "X-Cache": "CONFIG_NOCACHE"
      },
      "ResponseBody": {
        "id": "_test_get_job_direct_q_tst_q_async",
        "name": "_test_get_job_direct_q_tst_q_async",
        "distributionPolicyId": "_test_get_job_direct_q_tst_dp_async",
        "labels": {
          "key1": "JobKey",
          "key2": 10,
          "key3": true,
          "Id": "_test_get_job_direct_q_tst_q_async"
        },
        "etag": "Sanitized"
      }
    },
    {
      "RequestUri": "https://sanitized.communication.azure.net/routing/jobs/tst_get_job_man_async?api-version=2023-11-01",
      "RequestMethod": "PATCH",
      "RequestHeaders": {
        "Accept": "application/json",
        "Accept-Encoding": "gzip, deflate",
        "Authorization": "Sanitized",
        "Content-Length": "759",
        "Content-Type": "application/merge-patch\u002Bjson",
        "User-Agent": "azsdk-python-communication-jobrouter/1.0.0 Python/3.11.5 (Windows-10-10.0.22621-SP0)",
        "x-ms-client-request-id": "e51e4719-8289-11ee-9ffa-046c590f95d2",
        "x-ms-content-sha256": "Sanitized",
        "x-ms-date": "Tue, 14 Nov 2023 01:05:26 GMT",
        "x-ms-return-client-request-id": "true"
      },
      "RequestBody": {
        "channelReference": "fakeChannelRef1",
        "channelId": "fakeChannelId1",
        "queueId": "_test_get_job_direct_q_tst_q_async",
        "priority": 10,
        "requestedWorkerSelectors": [
          {
            "key": "FakeKey1",
            "labelOperator": "equal",
            "value": true
          },
          {
            "key": "FakeKey2",
            "labelOperator": "notEqual",
            "value": false
          },
          {
            "key": "FakeKey3",
            "labelOperator": "lessThan",
            "value": 10
          },
          {
            "key": "FakeKey4",
            "labelOperator": "lessThanOrEqual",
            "value": 10.01
          },
          {
            "key": "FakeKey5",
            "labelOperator": "greaterThan",
            "value": 10
          },
          {
            "key": "FakeKey6",
            "labelOperator": "greaterThanOrEqual",
            "value": 10
          }
        ],
        "labels": {
          "key1": "JobKey",
          "key2": 10,
          "key3": true
        },
        "tags": {
          "tag1": "WorkerGenericInfo"
        },
        "notes": [
          {
            "addedAt": "2022-05-13T16:59:04.531199Z",
            "message": "Fake notes attached to job"
          }
        ]
      },
      "StatusCode": 201,
      "ResponseHeaders": {
        "api-supported-versions": "2021-04-07-preview1, 2022-07-18-preview, 2023-08-25-preview, 2023-11-01",
        "Connection": "keep-alive",
        "Content-Type": "application/json; charset=utf-8",
        "Date": "Tue, 14 Nov 2023 01:05:26 GMT",
        "ETag": "Sanitized",
        "Last-Modified": "Tue, 14 Nov 2023 01:05:26 GMT",
        "Request-Context": "appId=",
        "trace-id": "f7351fd8-a993-bc19-95e3-0850bb3b7de5",
        "Transfer-Encoding": "chunked",
        "x-azure-ref": "20231114T010526Z-bfxw7uymgp0x7ek0p9c9ze3fu8000000050g00000000b8v7",
        "X-Cache": "CONFIG_NOCACHE"
      },
      "ResponseBody": {
        "id": "tst_get_job_man_async",
        "channelReference": "fakeChannelRef1",
        "status": "created",
        "channelId": "fakeChannelId1",
        "queueId": "_test_get_job_direct_q_tst_q_async",
        "priority": 10,
        "requestedWorkerSelectors": [
          {
            "expedite": false,
            "status": "active",
            "key": "FakeKey1",
            "labelOperator": "equal",
            "value": true
          },
          {
            "expedite": false,
            "status": "active",
            "key": "FakeKey2",
            "labelOperator": "notEqual",
            "value": false
          },
          {
            "expedite": false,
            "status": "active",
            "key": "FakeKey3",
            "labelOperator": "lessThan",
            "value": 10
          },
          {
            "expedite": false,
            "status": "active",
            "key": "FakeKey4",
            "labelOperator": "lessThanOrEqual",
            "value": 10.01
          },
          {
            "expedite": false,
            "status": "active",
            "key": "FakeKey5",
            "labelOperator": "greaterThan",
            "value": 10
          },
          {
            "expedite": false,
            "status": "active",
            "key": "FakeKey6",
            "labelOperator": "greaterThanOrEqual",
            "value": 10
          }
        ],
        "attachedWorkerSelectors": [],
        "labels": {
          "key1": "JobKey",
          "key2": 10,
          "key3": true
        },
        "assignments": {},
        "tags": {
          "tag1": "WorkerGenericInfo"
        },
        "notes": [
          {
            "message": "Fake notes attached to job",
            "addedAt": "2022-05-13T16:59:04.531199\u002B00:00"
          }
        ],
        "matchingMode": {
          "kind": "queueAndMatch"
        },
        "etag": "Sanitized"
      }
    },
    {
      "RequestUri": "https://sanitized.communication.azure.net/routing/jobs/tst_get_job_man_async?api-version=2023-11-01",
      "RequestMethod": "GET",
      "RequestHeaders": {
        "Accept": "application/json",
        "Accept-Encoding": "gzip, deflate",
        "Authorization": "Sanitized",
        "Content-Length": "0",
        "User-Agent": "azsdk-python-communication-jobrouter/1.0.0 Python/3.11.5 (Windows-10-10.0.22621-SP0)",
        "x-ms-client-request-id": "e5387d40-8289-11ee-b18e-046c590f95d2",
        "x-ms-content-sha256": "Sanitized",
        "x-ms-date": "Tue, 14 Nov 2023 01:05:26 GMT",
        "x-ms-return-client-request-id": "true"
      },
      "RequestBody": null,
      "StatusCode": 200,
      "ResponseHeaders": {
        "api-supported-versions": "2021-04-07-preview1, 2022-07-18-preview, 2023-08-25-preview, 2023-11-01",
        "Connection": "keep-alive",
        "Content-Type": "application/json; charset=utf-8",
        "Date": "Tue, 14 Nov 2023 01:05:26 GMT",
        "ETag": "Sanitized",
        "Last-Modified": "Tue, 14 Nov 2023 01:05:26 GMT",
        "Request-Context": "appId=",
        "trace-id": "811589d2-6c57-2c41-9081-648e00a95c17",
        "Transfer-Encoding": "chunked",
        "x-azure-ref": "20231114T010526Z-bfxw7uymgp0x7ek0p9c9ze3fu8000000050g00000000b8vq",
        "X-Cache": "CONFIG_NOCACHE"
      },
      "ResponseBody": {
        "id": "tst_get_job_man_async",
        "channelReference": "fakeChannelRef1",
        "status": "created",
        "channelId": "fakeChannelId1",
        "queueId": "_test_get_job_direct_q_tst_q_async",
        "priority": 10,
        "requestedWorkerSelectors": [
          {
            "expedite": false,
            "status": "active",
            "key": "FakeKey1",
            "labelOperator": "equal",
            "value": true
          },
          {
            "expedite": false,
            "status": "active",
            "key": "FakeKey2",
            "labelOperator": "notEqual",
            "value": false
          },
          {
            "expedite": false,
            "status": "active",
            "key": "FakeKey3",
            "labelOperator": "lessThan",
            "value": 10
          },
          {
            "expedite": false,
            "status": "active",
            "key": "FakeKey4",
            "labelOperator": "lessThanOrEqual",
            "value": 10.01
          },
          {
            "expedite": false,
            "status": "active",
            "key": "FakeKey5",
            "labelOperator": "greaterThan",
            "value": 10
          },
          {
            "expedite": false,
            "status": "active",
            "key": "FakeKey6",
            "labelOperator": "greaterThanOrEqual",
            "value": 10
          }
        ],
        "attachedWorkerSelectors": [],
        "labels": {
          "key1": "JobKey",
          "key2": 10,
          "key3": true
        },
        "assignments": {},
        "tags": {
          "tag1": "WorkerGenericInfo"
        },
        "notes": [
          {
            "message": "Fake notes attached to job",
            "addedAt": "2022-05-13T16:59:04.531199\u002B00:00"
          }
        ],
        "matchingMode": {
          "kind": "queueAndMatch"
        },
        "etag": "Sanitized"
      }
    },
    {
      "RequestUri": "https://sanitized.communication.azure.net/routing/jobs/tst_get_job_man_async?api-version=2023-11-01",
      "RequestMethod": "GET",
      "RequestHeaders": {
        "Accept": "application/json",
        "Accept-Encoding": "gzip, deflate",
        "Authorization": "Sanitized",
        "Content-Length": "0",
        "User-Agent": "azsdk-python-communication-jobrouter/1.0.0 Python/3.11.5 (Windows-10-10.0.22621-SP0)",
        "x-ms-client-request-id": "e711560a-8289-11ee-afcd-046c590f95d2",
        "x-ms-content-sha256": "Sanitized",
        "x-ms-date": "Tue, 14 Nov 2023 01:05:29 GMT",
        "x-ms-return-client-request-id": "true"
      },
      "RequestBody": null,
      "StatusCode": 200,
      "ResponseHeaders": {
        "api-supported-versions": "2021-04-07-preview1, 2022-07-18-preview, 2023-08-25-preview, 2023-11-01",
        "Connection": "keep-alive",
        "Content-Type": "application/json; charset=utf-8",
        "Date": "Tue, 14 Nov 2023 01:05:29 GMT",
        "ETag": "Sanitized",
        "Last-Modified": "Tue, 14 Nov 2023 01:05:26 GMT",
        "Request-Context": "appId=",
        "trace-id": "a67c88e0-2723-7a09-b2c1-51bbac36360a",
        "Transfer-Encoding": "chunked",
        "x-azure-ref": "20231114T010529Z-bfxw7uymgp0x7ek0p9c9ze3fu8000000050g00000000b95h",
        "X-Cache": "CONFIG_NOCACHE"
      },
      "ResponseBody": {
        "id": "tst_get_job_man_async",
        "channelReference": "fakeChannelRef1",
        "status": "queued",
        "enqueuedAt": "2023-11-14T01:05:26.4036889\u002B00:00",
        "channelId": "fakeChannelId1",
        "queueId": "_test_get_job_direct_q_tst_q_async",
        "priority": 10,
        "requestedWorkerSelectors": [
          {
            "expedite": false,
            "status": "active",
            "key": "FakeKey1",
            "labelOperator": "equal",
            "value": true
          },
          {
            "expedite": false,
            "status": "active",
            "key": "FakeKey2",
            "labelOperator": "notEqual",
            "value": false
          },
          {
            "expedite": false,
            "status": "active",
            "key": "FakeKey3",
            "labelOperator": "lessThan",
            "value": 10
          },
          {
            "expedite": false,
            "status": "active",
            "key": "FakeKey4",
            "labelOperator": "lessThanOrEqual",
            "value": 10.01
          },
          {
            "expedite": false,
            "status": "active",
            "key": "FakeKey5",
            "labelOperator": "greaterThan",
            "value": 10
          },
          {
            "expedite": false,
            "status": "active",
            "key": "FakeKey6",
            "labelOperator": "greaterThanOrEqual",
            "value": 10
          }
        ],
        "attachedWorkerSelectors": [],
        "labels": {
          "key1": "JobKey",
          "key2": 10,
          "key3": true
        },
        "assignments": {},
        "tags": {
          "tag1": "WorkerGenericInfo"
        },
        "notes": [
          {
            "message": "Fake notes attached to job",
            "addedAt": "2022-05-13T16:59:04.531199\u002B00:00"
          }
        ],
        "matchingMode": {
          "kind": "queueAndMatch"
        },
        "etag": "Sanitized"
      }
    },
    {
      "RequestUri": "https://sanitized.communication.azure.net/routing/jobs/tst_get_job_man_async?api-version=2023-11-01",
      "RequestMethod": "GET",
      "RequestHeaders": {
        "Accept": "application/json",
        "Accept-Encoding": "gzip, deflate",
        "Authorization": "Sanitized",
        "Content-Length": "0",
        "User-Agent": "azsdk-python-communication-jobrouter/1.0.0 Python/3.11.5 (Windows-10-10.0.22621-SP0)",
        "x-ms-client-request-id": "e71c55f9-8289-11ee-813f-046c590f95d2",
        "x-ms-content-sha256": "Sanitized",
        "x-ms-date": "Tue, 14 Nov 2023 01:05:29 GMT",
        "x-ms-return-client-request-id": "true"
      },
      "RequestBody": null,
      "StatusCode": 200,
      "ResponseHeaders": {
        "api-supported-versions": "2021-04-07-preview1, 2022-07-18-preview, 2023-08-25-preview, 2023-11-01",
        "Connection": "keep-alive",
        "Content-Type": "application/json; charset=utf-8",
        "Date": "Tue, 14 Nov 2023 01:05:29 GMT",
        "ETag": "Sanitized",
        "Last-Modified": "Tue, 14 Nov 2023 01:05:26 GMT",
        "Request-Context": "appId=",
        "trace-id": "238c0785-b03f-a7c2-7bd1-3b92b13545b5",
        "Transfer-Encoding": "chunked",
        "x-azure-ref": "20231114T010529Z-bfxw7uymgp0x7ek0p9c9ze3fu8000000050g00000000b95t",
        "X-Cache": "CONFIG_NOCACHE"
      },
      "ResponseBody": {
        "id": "tst_get_job_man_async",
        "channelReference": "fakeChannelRef1",
        "status": "queued",
        "enqueuedAt": "2023-11-14T01:05:26.4036889\u002B00:00",
        "channelId": "fakeChannelId1",
        "queueId": "_test_get_job_direct_q_tst_q_async",
        "priority": 10,
        "requestedWorkerSelectors": [
          {
            "expedite": false,
            "status": "active",
            "key": "FakeKey1",
            "labelOperator": "equal",
            "value": true
          },
          {
            "expedite": false,
            "status": "active",
            "key": "FakeKey2",
            "labelOperator": "notEqual",
            "value": false
          },
          {
            "expedite": false,
            "status": "active",
            "key": "FakeKey3",
            "labelOperator": "lessThan",
            "value": 10
          },
          {
            "expedite": false,
            "status": "active",
            "key": "FakeKey4",
            "labelOperator": "lessThanOrEqual",
            "value": 10.01
          },
          {
            "expedite": false,
            "status": "active",
            "key": "FakeKey5",
            "labelOperator": "greaterThan",
            "value": 10
          },
          {
            "expedite": false,
            "status": "active",
            "key": "FakeKey6",
            "labelOperator": "greaterThanOrEqual",
            "value": 10
          }
        ],
        "attachedWorkerSelectors": [],
        "labels": {
          "key1": "JobKey",
          "key2": 10,
          "key3": true
        },
        "assignments": {},
        "tags": {
          "tag1": "WorkerGenericInfo"
        },
        "notes": [
          {
            "message": "Fake notes attached to job",
            "addedAt": "2022-05-13T16:59:04.531199\u002B00:00"
          }
        ],
        "matchingMode": {
          "kind": "queueAndMatch"
        },
        "etag": "Sanitized"
      }
    },
    {
      "RequestUri": "https://sanitized.communication.azure.net/routing/jobs/tst_get_job_man_async?api-version=2023-11-01",
      "RequestMethod": "GET",
      "RequestHeaders": {
        "Accept": "application/json",
        "Accept-Encoding": "gzip, deflate",
        "Authorization": "Sanitized",
        "Content-Length": "0",
        "User-Agent": "azsdk-python-communication-jobrouter/1.0.0 Python/3.11.5 (Windows-10-10.0.22621-SP0)",
        "x-ms-client-request-id": "e729101f-8289-11ee-a97c-046c590f95d2",
        "x-ms-content-sha256": "Sanitized",
        "x-ms-date": "Tue, 14 Nov 2023 01:05:29 GMT",
        "x-ms-return-client-request-id": "true"
      },
      "RequestBody": null,
      "StatusCode": 200,
      "ResponseHeaders": {
        "api-supported-versions": "2021-04-07-preview1, 2022-07-18-preview, 2023-08-25-preview, 2023-11-01",
        "Connection": "keep-alive",
        "Content-Type": "application/json; charset=utf-8",
        "Date": "Tue, 14 Nov 2023 01:05:29 GMT",
        "ETag": "Sanitized",
        "Last-Modified": "Tue, 14 Nov 2023 01:05:26 GMT",
        "Request-Context": "appId=",
        "trace-id": "5f8c2a6f-0297-92a5-2416-ee1a244e5563",
        "Transfer-Encoding": "chunked",
        "x-azure-ref": "20231114T010529Z-bfxw7uymgp0x7ek0p9c9ze3fu8000000050g00000000b963",
        "X-Cache": "CONFIG_NOCACHE"
      },
      "ResponseBody": {
        "id": "tst_get_job_man_async",
        "channelReference": "fakeChannelRef1",
        "status": "queued",
        "enqueuedAt": "2023-11-14T01:05:26.4036889\u002B00:00",
        "channelId": "fakeChannelId1",
        "queueId": "_test_get_job_direct_q_tst_q_async",
        "priority": 10,
        "requestedWorkerSelectors": [
          {
            "expedite": false,
            "status": "active",
            "key": "FakeKey1",
            "labelOperator": "equal",
            "value": true
          },
          {
            "expedite": false,
            "status": "active",
            "key": "FakeKey2",
            "labelOperator": "notEqual",
            "value": false
          },
          {
            "expedite": false,
            "status": "active",
            "key": "FakeKey3",
            "labelOperator": "lessThan",
            "value": 10
          },
          {
            "expedite": false,
            "status": "active",
            "key": "FakeKey4",
            "labelOperator": "lessThanOrEqual",
            "value": 10.01
          },
          {
            "expedite": false,
            "status": "active",
            "key": "FakeKey5",
            "labelOperator": "greaterThan",
            "value": 10
          },
          {
            "expedite": false,
            "status": "active",
            "key": "FakeKey6",
            "labelOperator": "greaterThanOrEqual",
            "value": 10
          }
        ],
        "attachedWorkerSelectors": [],
        "labels": {
          "key1": "JobKey",
          "key2": 10,
          "key3": true
        },
        "assignments": {},
        "tags": {
          "tag1": "WorkerGenericInfo"
        },
        "notes": [
          {
            "message": "Fake notes attached to job",
            "addedAt": "2022-05-13T16:59:04.531199\u002B00:00"
          }
        ],
        "matchingMode": {
          "kind": "queueAndMatch"
        },
        "etag": "Sanitized"
      }
    },
    {
      "RequestUri": "https://sanitized.communication.azure.net/routing/jobs/tst_get_job_man_async:cancel?api-version=2023-11-01",
      "RequestMethod": "POST",
      "RequestHeaders": {
        "Accept": "application/json",
        "Accept-Encoding": "gzip, deflate",
        "Authorization": "Sanitized",
        "Content-Length": "54",
        "Content-Type": "application/json",
        "User-Agent": "azsdk-python-communication-jobrouter/1.0.0 Python/3.11.5 (Windows-10-10.0.22621-SP0)",
        "x-ms-client-request-id": "e734360f-8289-11ee-894b-046c590f95d2",
        "x-ms-content-sha256": "Sanitized",
        "x-ms-date": "Tue, 14 Nov 2023 01:05:29 GMT",
        "x-ms-return-client-request-id": "true"
      },
      "RequestBody": {
        "dispositionCode": "JobCancelledAsPartOfTestCleanUp"
      },
      "StatusCode": 200,
      "ResponseHeaders": {
        "api-supported-versions": "2021-04-07-preview1, 2022-07-18-preview, 2023-08-25-preview, 2023-11-01",
        "Connection": "keep-alive",
        "Content-Type": "application/json; charset=utf-8",
        "Date": "Tue, 14 Nov 2023 01:05:29 GMT",
        "Request-Context": "appId=",
        "trace-id": "16ac791b-52f9-e3ba-9176-004fa3128b83",
        "Transfer-Encoding": "chunked",
        "x-azure-ref": "20231114T010529Z-bfxw7uymgp0x7ek0p9c9ze3fu8000000050g00000000b96d",
        "X-Cache": "CONFIG_NOCACHE"
      },
      "ResponseBody": {}
    },
    {
      "RequestUri": "https://sanitized.communication.azure.net/routing/jobs/tst_get_job_man_async?api-version=2023-11-01",
      "RequestMethod": "DELETE",
      "RequestHeaders": {
        "Accept": "*/*",
        "Accept-Encoding": "gzip, deflate",
        "Authorization": "Sanitized",
        "Content-Length": "0",
        "User-Agent": "azsdk-python-communication-jobrouter/1.0.0 Python/3.11.5 (Windows-10-10.0.22621-SP0)",
        "x-ms-client-request-id": "e7560c0d-8289-11ee-b5f9-046c590f95d2",
        "x-ms-content-sha256": "Sanitized",
        "x-ms-date": "Tue, 14 Nov 2023 01:05:29 GMT",
        "x-ms-return-client-request-id": "true"
      },
      "RequestBody": null,
      "StatusCode": 204,
      "ResponseHeaders": {
        "api-supported-versions": "2021-04-07-preview1, 2022-07-18-preview, 2023-08-25-preview, 2023-11-01",
        "Connection": "keep-alive",
        "Date": "Tue, 14 Nov 2023 01:05:30 GMT",
        "Request-Context": "appId=",
        "trace-id": "b7c9e4f1-aaf1-c9f5-e9c0-c250b668131a",
        "x-azure-ref": "20231114T010529Z-bfxw7uymgp0x7ek0p9c9ze3fu8000000050g00000000b974",
        "X-Cache": "CONFIG_NOCACHE"
      },
      "ResponseBody": null
    },
    {
      "RequestUri": "https://sanitized.communication.azure.net/routing/queues/_test_get_job_direct_q_tst_q_async?api-version=2023-11-01",
      "RequestMethod": "DELETE",
      "RequestHeaders": {
        "Accept": "*/*",
        "Accept-Encoding": "gzip, deflate",
        "Authorization": "Sanitized",
        "Content-Length": "0",
        "User-Agent": "azsdk-python-communication-jobrouter/1.0.0 Python/3.11.5 (Windows-10-10.0.22621-SP0)",
        "x-ms-client-request-id": "e77af2bf-8289-11ee-b911-046c590f95d2",
        "x-ms-content-sha256": "Sanitized",
        "x-ms-date": "Tue, 14 Nov 2023 01:05:30 GMT",
        "x-ms-return-client-request-id": "true"
      },
      "RequestBody": null,
      "StatusCode": 204,
      "ResponseHeaders": {
        "api-supported-versions": "2021-04-07-preview1, 2022-07-18-preview, 2023-08-25-preview, 2023-11-01",
        "Connection": "keep-alive",
        "Date": "Tue, 14 Nov 2023 01:05:30 GMT",
        "Request-Context": "appId=",
        "trace-id": "5e8493c9-faa0-9f69-3f26-8c989353123c",
        "x-azure-ref": "20231114T010530Z-bfxw7uymgp0x7ek0p9c9ze3fu8000000050g00000000b982",
        "X-Cache": "CONFIG_NOCACHE"
      },
      "ResponseBody": null
    },
    {
      "RequestUri": "https://sanitized.communication.azure.net/routing/distributionPolicies/_test_get_job_direct_q_tst_dp_async?api-version=2023-11-01",
      "RequestMethod": "DELETE",
      "RequestHeaders": {
        "Accept": "*/*",
        "Accept-Encoding": "gzip, deflate",
        "Authorization": "Sanitized",
        "Content-Length": "0",
        "User-Agent": "azsdk-python-communication-jobrouter/1.0.0 Python/3.11.5 (Windows-10-10.0.22621-SP0)",
        "x-ms-client-request-id": "e794d78c-8289-11ee-bb5b-046c590f95d2",
        "x-ms-content-sha256": "Sanitized",
        "x-ms-date": "Tue, 14 Nov 2023 01:05:30 GMT",
        "x-ms-return-client-request-id": "true"
      },
      "RequestBody": null,
      "StatusCode": 204,
      "ResponseHeaders": {
        "api-supported-versions": "2021-04-07-preview1, 2022-07-18-preview, 2023-08-25-preview, 2023-11-01",
        "Connection": "keep-alive",
        "Date": "Tue, 14 Nov 2023 01:05:30 GMT",
        "Request-Context": "appId=",
        "trace-id": "719f1aa4-6e27-dd6a-81bc-17296219bd3e",
        "x-azure-ref": "20231114T010530Z-bfxw7uymgp0x7ek0p9c9ze3fu8000000050g00000000b98v",
        "X-Cache": "CONFIG_NOCACHE"
      },
      "ResponseBody": null
    }
  ],
  "Variables": {}
}
