{
  "Entries": [
    {
      "RequestUri": "https://sanitized.communication.azure.net/routing/distributionPolicies/test_delete_worker_tst_dp_async?api-version=2023-11-01",
      "RequestMethod": "PATCH",
      "RequestHeaders": {
        "Accept": "application/json",
        "Accept-Encoding": "gzip, deflate",
        "Authorization": "Sanitized",
        "Content-Length": "162",
        "Content-Type": "application/merge-patch\u002Bjson",
        "User-Agent": "azsdk-python-communication-jobrouter/1.0.0 Python/3.11.5 (Windows-10-10.0.22621-SP0)",
        "x-ms-client-request-id": "e2ab800f-7818-11ee-b207-046c590f95d2",
        "x-ms-content-sha256": "Sanitized",
        "x-ms-date": "Tue, 31 Oct 2023 18:11:17 GMT",
        "x-ms-return-client-request-id": "true"
      },
      "RequestBody": {
        "name": "test_delete_worker_tst_dp_async",
        "offerExpiresAfterSeconds": 10.0,
        "mode": {
          "minConcurrentOffers": 1,
          "maxConcurrentOffers": 1,
          "kind": "round-robin"
        }
      },
      "StatusCode": 201,
      "ResponseHeaders": {
        "api-supported-versions": "2021-04-07-preview1, 2022-07-18-preview, 2023-08-25-preview, 2023-11-01",
        "Content-Type": "application/json; charset=utf-8",
        "Date": "Tue, 31 Oct 2023 18:11:17 GMT",
        "ETag": "Sanitized",
        "Last-Modified": "Tue, 31 Oct 2023 18:11:17 GMT",
        "Request-Context": "appId=",
        "trace-id": "bc636cec-804a-5275-d3d1-01220537bbc5",
        "Transfer-Encoding": "chunked",
        "X-Azure-Ref": "0RUNBZQAAAABrGH4PYNXuS7AqLG23stBSQ082QUEzMTUwODEwMDI5AGNjOTI3NThkLTA1ZjctNGFkNi1hYTVlLTBmYTk3MThkODk4NQ==",
        "X-Cache": "CONFIG_NOCACHE"
      },
      "ResponseBody": {
        "id": "test_delete_worker_tst_dp_async",
        "name": "test_delete_worker_tst_dp_async",
        "offerExpiresAfterSeconds": 10,
        "mode": {
          "kind": "round-robin",
          "minConcurrentOffers": 1,
          "maxConcurrentOffers": 1,
          "bypassSelectors": false
        },
        "etag": "Sanitized"
      }
    },
    {
      "RequestUri": "https://sanitized.communication.azure.net/routing/queues/test_delete_worker_tst_q_async?api-version=2023-11-01",
      "RequestMethod": "PATCH",
      "RequestHeaders": {
        "Accept": "application/json",
        "Accept-Encoding": "gzip, deflate",
        "Authorization": "Sanitized",
        "Content-Length": "160",
        "Content-Type": "application/merge-patch\u002Bjson",
        "User-Agent": "azsdk-python-communication-jobrouter/1.0.0 Python/3.11.5 (Windows-10-10.0.22621-SP0)",
        "x-ms-client-request-id": "e2c1e9c7-7818-11ee-8e34-046c590f95d2",
        "x-ms-content-sha256": "Sanitized",
        "x-ms-date": "Tue, 31 Oct 2023 18:11:17 GMT",
        "x-ms-return-client-request-id": "true"
      },
      "RequestBody": {
        "name": "test_delete_worker_tst_q_async",
        "distributionPolicyId": "test_delete_worker_tst_dp_async",
        "labels": {
          "key1": "WorkerKey",
          "key2": 10,
          "key3": true
        }
      },
      "StatusCode": 201,
      "ResponseHeaders": {
        "api-supported-versions": "2021-04-07-preview1, 2022-07-18-preview, 2023-08-25-preview, 2023-11-01",
        "Content-Type": "application/json; charset=utf-8",
        "Date": "Tue, 31 Oct 2023 18:11:17 GMT",
        "ETag": "Sanitized",
        "Last-Modified": "Tue, 31 Oct 2023 18:11:17 GMT",
        "Request-Context": "appId=",
        "trace-id": "174040b8-9794-8ba4-0c7c-6217dbff8cfe",
        "Transfer-Encoding": "chunked",
        "X-Azure-Ref": "0RUNBZQAAAABX4i4naUwYQaUtP9hAs79oQ082QUEzMTUwODEwMDI5AGNjOTI3NThkLTA1ZjctNGFkNi1hYTVlLTBmYTk3MThkODk4NQ==",
        "X-Cache": "CONFIG_NOCACHE"
      },
      "ResponseBody": {
        "id": "test_delete_worker_tst_q_async",
        "name": "test_delete_worker_tst_q_async",
        "distributionPolicyId": "test_delete_worker_tst_dp_async",
        "labels": {
          "key1": "WorkerKey",
          "key2": 10,
          "key3": true,
          "Id": "test_delete_worker_tst_q_async"
        },
        "etag": "Sanitized"
      }
    },
    {
      "RequestUri": "https://sanitized.communication.azure.net/routing/workers/tst_delete_w_async?api-version=2023-11-01",
      "RequestMethod": "PATCH",
      "RequestHeaders": {
        "Accept": "application/json",
        "Accept-Encoding": "gzip, deflate",
        "Authorization": "Sanitized",
        "Content-Length": "318",
        "Content-Type": "application/merge-patch\u002Bjson",
        "User-Agent": "azsdk-python-communication-jobrouter/1.0.0 Python/3.11.5 (Windows-10-10.0.22621-SP0)",
        "x-ms-client-request-id": "e2d870a0-7818-11ee-92ba-046c590f95d2",
        "x-ms-content-sha256": "Sanitized",
        "x-ms-date": "Tue, 31 Oct 2023 18:11:17 GMT",
        "x-ms-return-client-request-id": "true"
      },
      "RequestBody": {
        "queues": [
          "test_delete_worker_tst_q_async"
        ],
        "capacity": 100,
        "labels": {
          "key1": "WorkerKey",
          "key2": 10,
          "key3": true
        },
        "tags": {
          "tag1": "WorkerGenericInfo"
        },
        "channels": [
          {
            "channelId": "fakeChannel1",
            "capacityCostPerJob": 10
          },
          {
            "channelId": "fakeChannel2",
            "capacityCostPerJob": 90
          }
        ],
        "availableForOffers": false
      },
      "StatusCode": 201,
      "ResponseHeaders": {
        "api-supported-versions": "2021-04-07-preview1, 2022-07-18-preview, 2023-08-25-preview, 2023-11-01",
        "Content-Type": "application/json; charset=utf-8",
        "Date": "Tue, 31 Oct 2023 18:11:17 GMT",
        "ETag": "Sanitized",
        "Last-Modified": "Tue, 31 Oct 2023 18:11:17 GMT",
        "Request-Context": "appId=",
        "trace-id": "8a1a9c41-775f-39bd-eedb-b7527f84c095",
        "Transfer-Encoding": "chunked",
        "X-Azure-Ref": "0RUNBZQAAAAAO8IZVaLEbQbeyCvylfybsQ082QUEzMTUwODEwMDI5AGNjOTI3NThkLTA1ZjctNGFkNi1hYTVlLTBmYTk3MThkODk4NQ==",
        "X-Cache": "CONFIG_NOCACHE"
      },
      "ResponseBody": {
        "id": "tst_delete_w_async",
        "state": "inactive",
        "queues": [
          "test_delete_worker_tst_q_async"
        ],
        "capacity": 100,
        "labels": {
          "key1": "WorkerKey",
          "key2": 10,
          "key3": true,
          "Id": "tst_delete_w_async"
        },
        "tags": {
          "tag1": "WorkerGenericInfo"
        },
        "channels": [
          {
            "channelId": "fakeChannel1",
            "capacityCostPerJob": 10
          },
          {
            "channelId": "fakeChannel2",
            "capacityCostPerJob": 90
          }
        ],
        "offers": [],
        "assignedJobs": [],
        "loadRatio": 0,
        "availableForOffers": false,
        "etag": "Sanitized"
      }
    },
    {
      "RequestUri": "https://sanitized.communication.azure.net/routing/workers/tst_delete_w_async?api-version=2023-11-01",
      "RequestMethod": "DELETE",
      "RequestHeaders": {
        "Accept": "*/*",
        "Accept-Encoding": "gzip, deflate",
        "Authorization": "Sanitized",
        "Content-Length": "0",
        "User-Agent": "azsdk-python-communication-jobrouter/1.0.0 Python/3.11.5 (Windows-10-10.0.22621-SP0)",
        "x-ms-client-request-id": "e2f5aa36-7818-11ee-9586-046c590f95d2",
        "x-ms-content-sha256": "Sanitized",
        "x-ms-date": "Tue, 31 Oct 2023 18:11:17 GMT",
        "x-ms-return-client-request-id": "true"
      },
      "RequestBody": null,
      "StatusCode": 204,
      "ResponseHeaders": {
        "api-supported-versions": "2021-04-07-preview1, 2022-07-18-preview, 2023-08-25-preview, 2023-11-01",
        "Date": "Tue, 31 Oct 2023 18:11:18 GMT",
        "Request-Context": "appId=",
        "trace-id": "63dedc49-c198-c45f-eb9a-d908f3ab63d5",
        "X-Azure-Ref": "0RUNBZQAAAAC8VyB5zRJgTqx0MolCZBUjQ082QUEzMTUwODEwMDI5AGNjOTI3NThkLTA1ZjctNGFkNi1hYTVlLTBmYTk3MThkODk4NQ==",
        "X-Cache": "CONFIG_NOCACHE"
      },
      "ResponseBody": null
    },
    {
      "RequestUri": "https://sanitized.communication.azure.net/routing/workers/tst_delete_w_async?api-version=2023-11-01",
      "RequestMethod": "GET",
      "RequestHeaders": {
        "Accept": "application/json",
        "Accept-Encoding": "gzip, deflate",
        "Authorization": "Sanitized",
        "Content-Length": "0",
        "User-Agent": "azsdk-python-communication-jobrouter/1.0.0 Python/3.11.5 (Windows-10-10.0.22621-SP0)",
        "x-ms-client-request-id": "e33903fa-7818-11ee-aec6-046c590f95d2",
        "x-ms-content-sha256": "Sanitized",
        "x-ms-date": "Tue, 31 Oct 2023 18:11:18 GMT",
        "x-ms-return-client-request-id": "true"
      },
      "RequestBody": null,
      "StatusCode": 404,
      "ResponseHeaders": {
        "api-supported-versions": "2021-04-07-preview1, 2022-07-18-preview, 2023-08-25-preview, 2023-11-01",
        "Content-Type": "application/json; charset=utf-8",
        "Date": "Tue, 31 Oct 2023 18:11:18 GMT",
        "Request-Context": "appId=",
        "trace-id": "a32be417-8e0c-9b8c-c066-030c3d6c560a",
        "Transfer-Encoding": "chunked",
        "X-Azure-Ref": "0RkNBZQAAAACPEVN2XE1FT5zTSpSZSRwvQ082QUEzMTUwODEwMDI5AGNjOTI3NThkLTA1ZjctNGFkNi1hYTVlLTBmYTk3MThkODk4NQ==",
        "X-Cache": "CONFIG_NOCACHE"
      },
      "ResponseBody": {
        "communicationError": {
          "code": "NotFound",
          "message": "The item was not found.",
          "target": "/routing/workers/tst_delete_w_async"
        }
      }
    },
    {
      "RequestUri": "https://sanitized.communication.azure.net/routing/queues/test_delete_worker_tst_q_async?api-version=2023-11-01",
      "RequestMethod": "DELETE",
      "RequestHeaders": {
        "Accept": "*/*",
        "Accept-Encoding": "gzip, deflate",
        "Authorization": "Sanitized",
        "Content-Length": "0",
        "User-Agent": "azsdk-python-communication-jobrouter/1.0.0 Python/3.11.5 (Windows-10-10.0.22621-SP0)",
        "x-ms-client-request-id": "e344ffd9-7818-11ee-980c-046c590f95d2",
        "x-ms-content-sha256": "Sanitized",
        "x-ms-date": "Tue, 31 Oct 2023 18:11:18 GMT",
        "x-ms-return-client-request-id": "true"
      },
      "RequestBody": null,
      "StatusCode": 204,
      "ResponseHeaders": {
        "api-supported-versions": "2021-04-07-preview1, 2022-07-18-preview, 2023-08-25-preview, 2023-11-01",
        "Date": "Tue, 31 Oct 2023 18:11:18 GMT",
        "Request-Context": "appId=",
        "trace-id": "869f221a-2e1f-60bc-1786-6f94b4f88736",
        "X-Azure-Ref": "0RkNBZQAAAADDG\u002BVltIriSKLcP46Fnr\u002BGQ082QUEzMTUwODEwMDI5AGNjOTI3NThkLTA1ZjctNGFkNi1hYTVlLTBmYTk3MThkODk4NQ==",
        "X-Cache": "CONFIG_NOCACHE"
      },
      "ResponseBody": null
    },
    {
      "RequestUri": "https://sanitized.communication.azure.net/routing/distributionPolicies/test_delete_worker_tst_dp_async?api-version=2023-11-01",
      "RequestMethod": "DELETE",
      "RequestHeaders": {
        "Accept": "*/*",
        "Accept-Encoding": "gzip, deflate",
        "Authorization": "Sanitized",
        "Content-Length": "0",
        "User-Agent": "azsdk-python-communication-jobrouter/1.0.0 Python/3.11.5 (Windows-10-10.0.22621-SP0)",
        "x-ms-client-request-id": "e3602877-7818-11ee-b1da-046c590f95d2",
        "x-ms-content-sha256": "Sanitized",
        "x-ms-date": "Tue, 31 Oct 2023 18:11:18 GMT",
        "x-ms-return-client-request-id": "true"
      },
      "RequestBody": null,
      "StatusCode": 204,
      "ResponseHeaders": {
        "api-supported-versions": "2021-04-07-preview1, 2022-07-18-preview, 2023-08-25-preview, 2023-11-01",
        "Date": "Tue, 31 Oct 2023 18:11:18 GMT",
        "Request-Context": "appId=",
        "trace-id": "b3539653-7b65-b681-9110-24554ad6c41b",
        "X-Azure-Ref": "0RkNBZQAAAADUZmj/9Pi4QLKR7ZifZC5JQ082QUEzMTUwODEwMDI5AGNjOTI3NThkLTA1ZjctNGFkNi1hYTVlLTBmYTk3MThkODk4NQ==",
        "X-Cache": "CONFIG_NOCACHE"
      },
      "ResponseBody": null
    }
  ],
  "Variables": {}
}
