{
  "Entries": [
    {
      "RequestUri": "https://management.azure.com/subscriptions/db1ab6f0-4769-4b27-930e-01e2ef9c123c?api-version=2022-12-01",
      "RequestMethod": "GET",
      "RequestHeaders": {
        "Accept": "application/json",
        "Authorization": "Sanitized",
        "Connection": "keep-alive",
        "traceparent": "00-4269bf6f4eb9f8a10f23d0f645798ef9-3dca1c6c570ff401-00",
        "User-Agent": "azsdk-net-ResourceManager/1.7.0 (.NET Framework 4.8.9181.0; Microsoft Windows 10.0.22621 )",
        "x-ms-client-request-id": "6815e1fa4560e35de6c8871b467f8b24",
        "x-ms-return-client-request-id": "true"
      },
      "RequestBody": null,
      "StatusCode": 200,
      "ResponseHeaders": {
        "Cache-Control": "no-cache",
        "Content-Length": "748",
        "Content-Type": "application/json; charset=utf-8",
        "Date": "Mon, 27 Nov 2023 06:48:25 GMT",
        "Expires": "-1",
        "Pragma": "no-cache",
        "Strict-Transport-Security": "max-age=31536000; includeSubDomains",
        "X-Content-Type-Options": "nosniff",
        "x-ms-correlation-request-id": "6e2812b4-bf14-4a4f-a1b3-99c4aae62954",
        "x-ms-ratelimit-remaining-subscription-reads": "11999",
        "x-ms-request-id": "6e2812b4-bf14-4a4f-a1b3-99c4aae62954",
        "x-ms-routing-request-id": "SOUTHEASTASIA:20231127T064825Z:6e2812b4-bf14-4a4f-a1b3-99c4aae62954"
      },
      "ResponseBody": {
        "id": "/subscriptions/db1ab6f0-4769-4b27-930e-01e2ef9c123c",
        "authorizationSource": "RoleBased",
        "managedByTenants": [],
        "tags": {
          "TagKey-9823": "TagValue-1254",
          "TagKey-3481": "TagValue-320",
          "TagKey-4926": "TagValue-1187",
          "TagKey-751": "TagValue-3921",
          "TagKey-1866": "TagValue-8559",
          "TagKey-3094": "TagValue-9190",
          "TagKey-2449": "TagValue-9",
          "TagKey-8379": "TagValue-164",
          "TagKey-7470": "TagValue-2205",
          "TagKey-4236": "TagValue-3698",
          "TagKey-5316": "TagValue-2725"
        },
        "subscriptionId": "db1ab6f0-4769-4b27-930e-01e2ef9c123c",
        "tenantId": "72f988bf-86f1-41af-91ab-2d7cd011db47",
        "displayName": ".NET Mgmt SDK Test with TTL = 1 Day",
        "state": "Enabled",
        "subscriptionPolicies": {
          "locationPlacementId": "Internal_2014-09-01",
          "quotaId": "Internal_2014-09-01",
          "spendingLimit": "Off"
        }
      }
    },
    {
      "RequestUri": "https://management.azure.com/subscriptions/db1ab6f0-4769-4b27-930e-01e2ef9c123c/resourcegroups/testRG-71?api-version=2022-09-01",
      "RequestMethod": "PUT",
      "RequestHeaders": {
        "Accept": "application/json",
        "Authorization": "Sanitized",
        "Content-Length": "43",
        "Content-Type": "application/json",
        "traceparent": "00-c942040ab76c4536f75d32056b09a053-f7f7a4ddfddf415a-00",
        "User-Agent": "azsdk-net-ResourceManager/1.7.0 (.NET Framework 4.8.9181.0; Microsoft Windows 10.0.22621 )",
        "x-ms-client-request-id": "70fc4a7fb8f65275ff4f9659de750760",
        "x-ms-return-client-request-id": "true"
      },
      "RequestBody": {
        "tags": {
          "test": "env"
        },
        "location": "eastus"
      },
      "StatusCode": 201,
      "ResponseHeaders": {
        "Cache-Control": "no-cache",
        "Content-Length": "237",
        "Content-Type": "application/json; charset=utf-8",
        "Date": "Mon, 27 Nov 2023 06:48:29 GMT",
        "Expires": "-1",
        "Pragma": "no-cache",
        "Strict-Transport-Security": "max-age=31536000; includeSubDomains",
        "X-Content-Type-Options": "nosniff",
        "x-ms-correlation-request-id": "02331a3f-ad19-4b49-97a1-e5372ccc79c5",
        "x-ms-ratelimit-remaining-subscription-writes": "1199",
        "x-ms-request-id": "02331a3f-ad19-4b49-97a1-e5372ccc79c5",
        "x-ms-routing-request-id": "SOUTHEASTASIA:20231127T064829Z:02331a3f-ad19-4b49-97a1-e5372ccc79c5"
      },
      "ResponseBody": {
        "id": "/subscriptions/db1ab6f0-4769-4b27-930e-01e2ef9c123c/resourceGroups/testRG-71",
        "name": "testRG-71",
        "type": "Microsoft.Resources/resourceGroups",
        "location": "eastus",
        "tags": {
          "test": "env"
        },
        "properties": {
          "provisioningState": "Succeeded"
        }
      }
    },
    {
      "RequestUri": "https://management.azure.com/subscriptions/db1ab6f0-4769-4b27-930e-01e2ef9c123c/providers/Microsoft.Blueprint/blueprints/blueprint-7216?api-version=2018-11-01-preview",
      "RequestMethod": "PUT",
      "RequestHeaders": {
        "Accept": "application/json",
        "Authorization": "Sanitized",
        "Content-Length": "666",
        "Content-Type": "application/json",
        "traceparent": "00-5050a932497e81a69bdd1ef043def12f-e3e1a444faaa1ec9-00",
        "User-Agent": "azsdk-net-ResourceManager.Blueprint/1.0.0-alpha.20231122.1 (.NET Framework 4.8.9181.0; Microsoft Windows 10.0.22621 )",
        "x-ms-client-request-id": "757c09d574c61651b04691a4ad143ad4",
        "x-ms-return-client-request-id": "true"
      },
      "RequestBody": {
        "properties": {
          "description": "blueprint contains all artifact kinds {\u0027template\u0027, \u0027rbac\u0027, \u0027policy\u0027}",
          "targetScope": "subscription",
          "parameters": {
            "costCenter": {
              "type": "string",
              "metadata": {
                "displayName": "force cost center tag for all resources under given subscription."
              }
            },
            "owners": {
              "type": "array",
              "metadata": {
                "displayName": "assign owners to subscription along with blueprint assignment."
              }
            },
            "storageAccountType": {
              "type": "string",
              "metadata": {
                "displayName": "storage account type."
              }
            }
          },
          "resourceGroups": {
            "storageRG": {
              "metadata": {
                "displayName": "storage resource group",
                "description": "Contains storageAccounts that collect all shoebox logs."
              }
            }
          }
        }
      },
      "StatusCode": 201,
      "ResponseHeaders": {
        "Cache-Control": "no-cache",
        "Content-Length": "1292",
        "Content-Type": "application/json; charset=utf-8",
        "Date": "Mon, 27 Nov 2023 06:48:30 GMT",
        "Expires": "-1",
        "Pragma": "no-cache",
        "Server": "Microsoft-HTTPAPI/2.0",
        "Strict-Transport-Security": "max-age=31536000; includeSubDomains",
        "X-Content-Type-Options": "nosniff",
        "x-ms-client-request-id": "757c09d574c61651b04691a4ad143ad4",
        "x-ms-correlation-request-id": "78c38c63-d9b8-4a67-9e3a-70609e028b06",
        "x-ms-ratelimit-remaining-subscription-writes": "1198",
        "x-ms-request-id": "83db3716-ff3a-48ea-bf27-08e0346243e0",
        "x-ms-routing-request-id": "SOUTHEASTASIA:20231127T064830Z:78c38c63-d9b8-4a67-9e3a-70609e028b06"
      },
      "ResponseBody": {
        "properties": {
          "parameters": {
            "costCenter": {
              "type": "string",
              "metadata": {
                "displayName": "force cost center tag for all resources under given subscription."
              }
            },
            "owners": {
              "type": "array",
              "metadata": {
                "displayName": "assign owners to subscription along with blueprint assignment."
              }
            },
            "storageAccountType": {
              "type": "string",
              "metadata": {
                "displayName": "storage account type."
              }
            }
          },
          "resourceGroups": {
            "storageRG": {
              "metadata": {
                "displayName": "storage resource group",
                "description": "Contains storageAccounts that collect all shoebox logs."
              },
              "dependsOn": []
            }
          },
          "targetScope": "subscription",
          "status": {
            "timeCreated": "2023-11-27T06:48:30\u002B00:00",
            "lastModified": "2023-11-27T06:48:30.7065922\u002B00:00"
          },
          "description": "blueprint contains all artifact kinds {\u0027template\u0027, \u0027rbac\u0027, \u0027policy\u0027}"
        },
        "id": "/subscriptions/db1ab6f0-4769-4b27-930e-01e2ef9c123c/providers/Microsoft.Blueprint/blueprints/blueprint-7216",
        "type": "Microsoft.Blueprint/blueprints",
        "name": "blueprint-7216"
      }
    },
    {
      "RequestUri": "https://management.azure.com/subscriptions/db1ab6f0-4769-4b27-930e-01e2ef9c123c/providers/Microsoft.Blueprint/blueprints/blueprint-7216/artifacts/templateartifact-832?api-version=2018-11-01-preview",
      "RequestMethod": "PUT",
      "RequestHeaders": {
        "Accept": "application/json",
        "Authorization": "Sanitized",
        "Content-Length": "948",
        "Content-Type": "application/json",
        "traceparent": "00-d7e60d93a86fbf82e2a4ca2d25ee2672-6a84a822f08b7ad3-00",
        "User-Agent": "azsdk-net-ResourceManager.Blueprint/1.0.0-alpha.20231122.1 (.NET Framework 4.8.9181.0; Microsoft Windows 10.0.22621 )",
        "x-ms-client-request-id": "967a12ccf8198c6ae790e778f0c26809",
        "x-ms-return-client-request-id": "true"
      },
      "RequestBody": {
        "kind": "template",
        "properties": {
          "template": {
            "$schema": "https://schema.management.azure.com/schemas/2015-01-01/deploymentTemplate.json#",
            "contentVersion": "1.0.0.0",
            "outputs": {
              "storageAccountName": {
                "type": "string",
                "value": "[variables(\u0027storageAccountName\u0027)]"
              }
            },
            "parameters": {
              "storageAccountType": {
                "type": "string",
                "allowedValues": [
                  "Standard_LRS",
                  "Standard_GRS",
                  "Standard_ZRS",
                  "Premium_LRS"
                ],
                "defaultValue": "Standard_LRS",
                "metadata": {
                  "description": "Storage Account type"
                }
              }
            },
            "resources": [
              {
                "name": "[variables(\u0027storageAccountName\u0027)]",
                "type": "Microsoft.Storage/storageAccounts",
                "apiVersion": "2016-01-01",
                "kind": "Storage",
                "location": "[resourceGroup().location]",
                "properties": {},
                "sku": {
                  "name": "[parameters(\u0027storageAccountType\u0027)]"
                }
              }
            ],
            "variables": {
              "storageAccountName": "[concat(uniquestring(resourceGroup().id), \u0027standardsa\u0027)]"
            }
          },
          "resourceGroup": "storageRG",
          "parameters": {
            "storageAccountType": {
              "value": "Standard_LRS"
            }
          }
        }
      },
      "StatusCode": 201,
      "ResponseHeaders": {
        "Cache-Control": "no-cache",
        "Content-Length": "1698",
        "Content-Type": "application/json; charset=utf-8",
        "Date": "Mon, 27 Nov 2023 06:48:30 GMT",
        "Expires": "-1",
        "Pragma": "no-cache",
        "Server": "Microsoft-HTTPAPI/2.0",
        "Strict-Transport-Security": "max-age=31536000; includeSubDomains",
        "X-Content-Type-Options": "nosniff",
        "x-ms-client-request-id": "967a12ccf8198c6ae790e778f0c26809",
        "x-ms-correlation-request-id": "eb4b225b-8b1a-4d83-aadb-29e623defedd",
        "x-ms-ratelimit-remaining-subscription-writes": "1197",
        "x-ms-request-id": "8a6f5577-0445-40b4-b99d-19a20a6b17ea",
        "x-ms-routing-request-id": "SOUTHEASTASIA:20231127T064831Z:eb4b225b-8b1a-4d83-aadb-29e623defedd"
      },
      "ResponseBody": {
        "properties": {
          "template": {
            "$schema": "https://schema.management.azure.com/schemas/2015-01-01/deploymentTemplate.json#",
            "contentVersion": "1.0.0.0",
            "outputs": {
              "storageAccountName": {
                "type": "string",
                "value": "[variables(\u0027storageAccountName\u0027)]"
              }
            },
            "parameters": {
              "storageAccountType": {
                "type": "string",
                "allowedValues": [
                  "Standard_LRS",
                  "Standard_GRS",
                  "Standard_ZRS",
                  "Premium_LRS"
                ],
                "defaultValue": "Standard_LRS",
                "metadata": {
                  "description": "Storage Account type"
                }
              }
            },
            "resources": [
              {
                "name": "[variables(\u0027storageAccountName\u0027)]",
                "type": "Microsoft.Storage/storageAccounts",
                "apiVersion": "2016-01-01",
                "kind": "Storage",
                "location": "[resourceGroup().location]",
                "properties": {},
                "sku": {
                  "name": "[parameters(\u0027storageAccountType\u0027)]"
                }
              }
            ],
            "variables": {
              "storageAccountName": "[concat(uniquestring(resourceGroup().id), \u0027standardsa\u0027)]"
            }
          },
          "parameters": {
            "storageAccountType": {
              "value": "Standard_LRS"
            }
          },
          "dependsOn": [],
          "resourceGroup": "storageRG"
        },
        "kind": "template",
        "id": "/subscriptions/db1ab6f0-4769-4b27-930e-01e2ef9c123c/providers/Microsoft.Blueprint/blueprints/blueprint-7216/artifacts/templateartifact-832",
        "type": "Microsoft.Blueprint/blueprints/artifacts",
        "name": "templateartifact-832"
      }
    },
    {
      "RequestUri": "https://management.azure.com/subscriptions/db1ab6f0-4769-4b27-930e-01e2ef9c123c/providers/Microsoft.Blueprint/blueprints/blueprint-7216/artifacts/templateartifact-832?api-version=2018-11-01-preview",
      "RequestMethod": "PUT",
      "RequestHeaders": {
        "Accept": "application/json",
        "Authorization": "Sanitized",
        "Content-Length": "948",
        "Content-Type": "application/json",
        "traceparent": "00-c88163da4932b3b833034067f710476d-86cef1392f96abd7-00",
        "User-Agent": "azsdk-net-ResourceManager.Blueprint/1.0.0-alpha.20231122.1 (.NET Framework 4.8.9181.0; Microsoft Windows 10.0.22621 )",
        "x-ms-client-request-id": "8f84c484c9f70b13f9e5bfaf27d0a5ea",
        "x-ms-return-client-request-id": "true"
      },
      "RequestBody": {
        "kind": "template",
        "properties": {
          "template": {
            "$schema": "https://schema.management.azure.com/schemas/2015-01-01/deploymentTemplate.json#",
            "contentVersion": "1.0.0.0",
            "outputs": {
              "storageAccountName": {
                "type": "string",
                "value": "[variables(\u0027storageAccountName\u0027)]"
              }
            },
            "parameters": {
              "storageAccountType": {
                "type": "string",
                "allowedValues": [
                  "Standard_LRS",
                  "Standard_GRS",
                  "Standard_ZRS",
                  "Premium_LRS"
                ],
                "defaultValue": "Standard_LRS",
                "metadata": {
                  "description": "Storage Account type"
                }
              }
            },
            "resources": [
              {
                "name": "[variables(\u0027storageAccountName\u0027)]",
                "type": "Microsoft.Storage/storageAccounts",
                "apiVersion": "2016-01-01",
                "kind": "Storage",
                "location": "[resourceGroup().location]",
                "properties": {},
                "sku": {
                  "name": "[parameters(\u0027storageAccountType\u0027)]"
                }
              }
            ],
            "variables": {
              "storageAccountName": "[concat(uniquestring(resourceGroup().id), \u0027standardsa\u0027)]"
            }
          },
          "resourceGroup": "storageRG",
          "parameters": {
            "storageAccountType": {
              "value": "Standard_LRS"
            }
          }
        }
      },
      "StatusCode": 201,
      "ResponseHeaders": {
        "Cache-Control": "no-cache",
        "Content-Length": "1698",
        "Content-Type": "application/json; charset=utf-8",
        "Date": "Mon, 27 Nov 2023 06:48:31 GMT",
        "Expires": "-1",
        "Pragma": "no-cache",
        "Server": "Microsoft-HTTPAPI/2.0",
        "Strict-Transport-Security": "max-age=31536000; includeSubDomains",
        "X-Content-Type-Options": "nosniff",
        "x-ms-client-request-id": "8f84c484c9f70b13f9e5bfaf27d0a5ea",
        "x-ms-correlation-request-id": "61b4296c-3416-4ebb-8c18-b93b522877d9",
        "x-ms-ratelimit-remaining-subscription-writes": "1196",
        "x-ms-request-id": "8da768d9-f090-4220-9bc1-581b0577059f",
        "x-ms-routing-request-id": "SOUTHEASTASIA:20231127T064831Z:61b4296c-3416-4ebb-8c18-b93b522877d9"
      },
      "ResponseBody": {
        "properties": {
          "template": {
            "$schema": "https://schema.management.azure.com/schemas/2015-01-01/deploymentTemplate.json#",
            "contentVersion": "1.0.0.0",
            "outputs": {
              "storageAccountName": {
                "type": "string",
                "value": "[variables(\u0027storageAccountName\u0027)]"
              }
            },
            "parameters": {
              "storageAccountType": {
                "type": "string",
                "allowedValues": [
                  "Standard_LRS",
                  "Standard_GRS",
                  "Standard_ZRS",
                  "Premium_LRS"
                ],
                "defaultValue": "Standard_LRS",
                "metadata": {
                  "description": "Storage Account type"
                }
              }
            },
            "resources": [
              {
                "name": "[variables(\u0027storageAccountName\u0027)]",
                "type": "Microsoft.Storage/storageAccounts",
                "apiVersion": "2016-01-01",
                "kind": "Storage",
                "location": "[resourceGroup().location]",
                "properties": {},
                "sku": {
                  "name": "[parameters(\u0027storageAccountType\u0027)]"
                }
              }
            ],
            "variables": {
              "storageAccountName": "[concat(uniquestring(resourceGroup().id), \u0027standardsa\u0027)]"
            }
          },
          "parameters": {
            "storageAccountType": {
              "value": "Standard_LRS"
            }
          },
          "dependsOn": [],
          "resourceGroup": "storageRG"
        },
        "kind": "template",
        "id": "/subscriptions/db1ab6f0-4769-4b27-930e-01e2ef9c123c/providers/Microsoft.Blueprint/blueprints/blueprint-7216/artifacts/templateartifact-832",
        "type": "Microsoft.Blueprint/blueprints/artifacts",
        "name": "templateartifact-832"
      }
    }
  ],
  "Variables": {
    "AZURE_AUTHORITY_HOST": "https://login.microsoftonline.com/",
    "RandomSeed": "1929088823",
    "RESOURCE_MANAGER_URL": null,
    "SUBSCRIPTION_ID": "db1ab6f0-4769-4b27-930e-01e2ef9c123c"
  }
}
