{
  "Entries": [
    {
      "RequestUri": "https://management.azure.com/subscriptions/2c647056-bab2-4175-b172-493ff049eb29/resourcegroups/Sql-RG-6587?api-version=2022-09-01",
      "RequestMethod": "GET",
      "RequestHeaders": {
        "Accept": "application/json",
        "Authorization": "Sanitized",
        "traceparent": "00-c113ad0a0c7ebb897332bccc6175a95e-b88f1c3c5756825b-00",
        "User-Agent": "azsdk-net-ResourceManager/1.7.0 (.NET 6.0.20; Microsoft Windows 10.0.22621)",
        "x-ms-client-request-id": "1c5e3fab49cf875892456585a08a01ce",
        "x-ms-return-client-request-id": "true"
      },
      "RequestBody": null,
      "StatusCode": 200,
      "ResponseHeaders": {
        "Cache-Control": "no-cache",
        "Content-Length": "220",
        "Content-Type": "application/json; charset=utf-8",
        "Date": "Wed, 26 Jul 2023 01:39:02 GMT",
        "Expires": "-1",
        "Pragma": "no-cache",
        "Strict-Transport-Security": "max-age=31536000; includeSubDomains",
        "X-Content-Type-Options": "nosniff",
        "x-ms-correlation-request-id": "c286e83e-d6a7-48ec-8881-19e1184c8e1c",
        "x-ms-ratelimit-remaining-subscription-reads": "11923",
        "x-ms-request-id": "c286e83e-d6a7-48ec-8881-19e1184c8e1c",
        "x-ms-routing-request-id": "WESTUS:20230726T013902Z:c286e83e-d6a7-48ec-8881-19e1184c8e1c"
      },
      "ResponseBody": {
        "id": "/subscriptions/2c647056-bab2-4175-b172-493ff049eb29/resourceGroups/Sql-RG-6587",
        "name": "Sql-RG-6587",
        "type": "Microsoft.Resources/resourceGroups",
        "location": "uksouth",
        "properties": {
          "provisioningState": "Succeeded"
        }
      }
    },
    {
      "RequestUri": "https://management.azure.com/subscriptions/2c647056-bab2-4175-b172-493ff049eb29/resourceGroups/Sql-RG-6587/providers/Microsoft.Sql/servers/sql-server-7922?api-version=2022-08-01-preview",
      "RequestMethod": "PUT",
      "RequestHeaders": {
        "Accept": "application/json",
        "Authorization": "Sanitized",
        "Content-Length": "140",
        "Content-Type": "application/json",
        "traceparent": "00-b2dc09fc7c4d70932e5dd0b63497db74-fb4b0e16f4762f0a-00",
        "User-Agent": "azsdk-net-ResourceManager.Sql/1.3.0-alpha.20230725.1 (.NET 6.0.20; Microsoft Windows 10.0.22621)",
        "x-ms-client-request-id": "47a2806a8f4c15048cf8a2fd7a8e196f",
        "x-ms-return-client-request-id": "true"
      },
      "RequestBody": {
        "tags": {},
        "location": "uksouth",
        "properties": {
          "administratorLogin": "admin-sql-server-7922",
          "administratorLoginPassword": "HvVJ%paVC@%GBKmi"
        }
      },
      "StatusCode": 202,
      "ResponseHeaders": {
        "Azure-AsyncOperation": "https://management.azure.com/subscriptions/2c647056-bab2-4175-b172-493ff049eb29/resourceGroups/Sql-RG-6587/providers/Microsoft.Sql/locations/uksouth/serverAzureAsyncOperation/d4d34a7a-48ba-4200-92a4-02c2cbee1a0d?api-version=2022-08-01-preview",
        "Cache-Control": "no-cache",
        "Content-Length": "74",
        "Content-Type": "application/json; charset=utf-8",
        "Date": "Wed, 26 Jul 2023 01:39:03 GMT",
        "Expires": "-1",
        "Location": "https://management.azure.com/subscriptions/2c647056-bab2-4175-b172-493ff049eb29/resourceGroups/Sql-RG-6587/providers/Microsoft.Sql/locations/uksouth/serverOperationResults/d4d34a7a-48ba-4200-92a4-02c2cbee1a0d?api-version=2022-08-01-preview",
        "Pragma": "no-cache",
        "Retry-After": "1",
        "Server": "Microsoft-HTTPAPI/2.0",
        "Strict-Transport-Security": "max-age=31536000; includeSubDomains",
        "X-Content-Type-Options": "nosniff",
        "x-ms-correlation-request-id": "cc8c2965-f583-46e2-a234-0ef0478e6030",
        "x-ms-ratelimit-remaining-subscription-writes": "1190",
        "x-ms-request-id": "d4d34a7a-48ba-4200-92a4-02c2cbee1a0d",
        "x-ms-routing-request-id": "WESTUS:20230726T013903Z:cc8c2965-f583-46e2-a234-0ef0478e6030"
      },
      "ResponseBody": {
        "operation": "UpsertLogicalServer",
        "startTime": "2023-07-26T01:39:03.493Z"
      }
    },
    {
      "RequestUri": "https://management.azure.com/subscriptions/2c647056-bab2-4175-b172-493ff049eb29/resourceGroups/Sql-RG-6587/providers/Microsoft.Sql/locations/uksouth/serverAzureAsyncOperation/d4d34a7a-48ba-4200-92a4-02c2cbee1a0d?api-version=2022-08-01-preview",
      "RequestMethod": "GET",
      "RequestHeaders": {
        "Authorization": "Sanitized",
        "traceparent": "00-b2dc09fc7c4d70932e5dd0b63497db74-1d30df6707ae4ec1-00",
        "User-Agent": "azsdk-net-ResourceManager/1.7.0 (.NET 6.0.20; Microsoft Windows 10.0.22621)",
        "x-ms-client-request-id": "1fae5923afe6b05e5a074250b68a17b6",
        "x-ms-return-client-request-id": "true"
      },
      "RequestBody": null,
      "StatusCode": 200,
      "ResponseHeaders": {
        "Cache-Control": "no-cache",
        "Content-Length": "108",
        "Content-Type": "application/json; charset=utf-8",
        "Date": "Wed, 26 Jul 2023 01:39:03 GMT",
        "Expires": "-1",
        "Pragma": "no-cache",
        "Retry-After": "1",
        "Server": "Microsoft-HTTPAPI/2.0",
        "Strict-Transport-Security": "max-age=31536000; includeSubDomains",
        "X-Content-Type-Options": "nosniff",
        "x-ms-correlation-request-id": "ba461e08-4966-4762-90ee-89dcae8dc26f",
        "x-ms-ratelimit-remaining-subscription-reads": "11922",
        "x-ms-request-id": "f1e23f0d-81ae-45f0-a826-6b06262539b5",
        "x-ms-routing-request-id": "WESTUS:20230726T013903Z:ba461e08-4966-4762-90ee-89dcae8dc26f"
      },
      "ResponseBody": {
        "name": "d4d34a7a-48ba-4200-92a4-02c2cbee1a0d",
        "status": "InProgress",
        "startTime": "2023-07-26T01:39:03.493Z"
      }
    },
    {
      "RequestUri": "https://management.azure.com/subscriptions/2c647056-bab2-4175-b172-493ff049eb29/resourceGroups/Sql-RG-6587/providers/Microsoft.Sql/locations/uksouth/serverAzureAsyncOperation/d4d34a7a-48ba-4200-92a4-02c2cbee1a0d?api-version=2022-08-01-preview",
      "RequestMethod": "GET",
      "RequestHeaders": {
        "Authorization": "Sanitized",
        "traceparent": "00-b2dc09fc7c4d70932e5dd0b63497db74-9fb21870f480e6bc-00",
        "User-Agent": "azsdk-net-ResourceManager/1.7.0 (.NET 6.0.20; Microsoft Windows 10.0.22621)",
        "x-ms-client-request-id": "bb7f164c61b1fbb9f67070f7f5961bf3",
        "x-ms-return-client-request-id": "true"
      },
      "RequestBody": null,
      "StatusCode": 200,
      "ResponseHeaders": {
        "Cache-Control": "no-cache",
        "Content-Length": "108",
        "Content-Type": "application/json; charset=utf-8",
        "Date": "Wed, 26 Jul 2023 01:39:04 GMT",
        "Expires": "-1",
        "Pragma": "no-cache",
        "Retry-After": "1",
        "Server": "Microsoft-HTTPAPI/2.0",
        "Strict-Transport-Security": "max-age=31536000; includeSubDomains",
        "X-Content-Type-Options": "nosniff",
        "x-ms-correlation-request-id": "821154a3-0266-4930-9240-2647dc477eba",
        "x-ms-ratelimit-remaining-subscription-reads": "11921",
        "x-ms-request-id": "6437b192-bd91-43e4-9b18-6d3d6afe4f3a",
        "x-ms-routing-request-id": "WESTUS:20230726T013905Z:821154a3-0266-4930-9240-2647dc477eba"
      },
      "ResponseBody": {
        "name": "d4d34a7a-48ba-4200-92a4-02c2cbee1a0d",
        "status": "InProgress",
        "startTime": "2023-07-26T01:39:03.493Z"
      }
    },
    {
      "RequestUri": "https://management.azure.com/subscriptions/2c647056-bab2-4175-b172-493ff049eb29/resourceGroups/Sql-RG-6587/providers/Microsoft.Sql/locations/uksouth/serverAzureAsyncOperation/d4d34a7a-48ba-4200-92a4-02c2cbee1a0d?api-version=2022-08-01-preview",
      "RequestMethod": "GET",
      "RequestHeaders": {
        "Authorization": "Sanitized",
        "traceparent": "00-b2dc09fc7c4d70932e5dd0b63497db74-c6720018fe913de6-00",
        "User-Agent": "azsdk-net-ResourceManager/1.7.0 (.NET 6.0.20; Microsoft Windows 10.0.22621)",
        "x-ms-client-request-id": "21d9636ef9df72886fa012342c3a7b4c",
        "x-ms-return-client-request-id": "true"
      },
      "RequestBody": null,
      "StatusCode": 200,
      "ResponseHeaders": {
        "Cache-Control": "no-cache",
        "Content-Length": "108",
        "Content-Type": "application/json; charset=utf-8",
        "Date": "Wed, 26 Jul 2023 01:39:05 GMT",
        "Expires": "-1",
        "Pragma": "no-cache",
        "Retry-After": "1",
        "Server": "Microsoft-HTTPAPI/2.0",
        "Strict-Transport-Security": "max-age=31536000; includeSubDomains",
        "X-Content-Type-Options": "nosniff",
        "x-ms-correlation-request-id": "486386b6-5fba-47c9-a2f0-bedb532b86b1",
        "x-ms-ratelimit-remaining-subscription-reads": "11920",
        "x-ms-request-id": "de30dc56-a4d5-4edf-a0f5-8968ea15ba1c",
        "x-ms-routing-request-id": "WESTUS:20230726T013906Z:486386b6-5fba-47c9-a2f0-bedb532b86b1"
      },
      "ResponseBody": {
        "name": "d4d34a7a-48ba-4200-92a4-02c2cbee1a0d",
        "status": "InProgress",
        "startTime": "2023-07-26T01:39:03.493Z"
      }
    },
    {
      "RequestUri": "https://management.azure.com/subscriptions/2c647056-bab2-4175-b172-493ff049eb29/resourceGroups/Sql-RG-6587/providers/Microsoft.Sql/locations/uksouth/serverAzureAsyncOperation/d4d34a7a-48ba-4200-92a4-02c2cbee1a0d?api-version=2022-08-01-preview",
      "RequestMethod": "GET",
      "RequestHeaders": {
        "Authorization": "Sanitized",
        "traceparent": "00-b2dc09fc7c4d70932e5dd0b63497db74-c3756512da67049d-00",
        "User-Agent": "azsdk-net-ResourceManager/1.7.0 (.NET 6.0.20; Microsoft Windows 10.0.22621)",
        "x-ms-client-request-id": "e321e43cce1ac18d9fb329763f67bac3",
        "x-ms-return-client-request-id": "true"
      },
      "RequestBody": null,
      "StatusCode": 200,
      "ResponseHeaders": {
        "Cache-Control": "no-cache",
        "Content-Length": "108",
        "Content-Type": "application/json; charset=utf-8",
        "Date": "Wed, 26 Jul 2023 01:39:07 GMT",
        "Expires": "-1",
        "Pragma": "no-cache",
        "Retry-After": "1",
        "Server": "Microsoft-HTTPAPI/2.0",
        "Strict-Transport-Security": "max-age=31536000; includeSubDomains",
        "X-Content-Type-Options": "nosniff",
        "x-ms-correlation-request-id": "2c8fea7c-658a-4a92-bdef-d0d864e635ce",
        "x-ms-ratelimit-remaining-subscription-reads": "11919",
        "x-ms-request-id": "44049267-72d3-496e-8f51-698073104f0c",
        "x-ms-routing-request-id": "WESTUS:20230726T013907Z:2c8fea7c-658a-4a92-bdef-d0d864e635ce"
      },
      "ResponseBody": {
        "name": "d4d34a7a-48ba-4200-92a4-02c2cbee1a0d",
        "status": "InProgress",
        "startTime": "2023-07-26T01:39:03.493Z"
      }
    },
    {
      "RequestUri": "https://management.azure.com/subscriptions/2c647056-bab2-4175-b172-493ff049eb29/resourceGroups/Sql-RG-6587/providers/Microsoft.Sql/locations/uksouth/serverAzureAsyncOperation/d4d34a7a-48ba-4200-92a4-02c2cbee1a0d?api-version=2022-08-01-preview",
      "RequestMethod": "GET",
      "RequestHeaders": {
        "Authorization": "Sanitized",
        "traceparent": "00-b2dc09fc7c4d70932e5dd0b63497db74-d5a8700954e9cfea-00",
        "User-Agent": "azsdk-net-ResourceManager/1.7.0 (.NET 6.0.20; Microsoft Windows 10.0.22621)",
        "x-ms-client-request-id": "53e14fecf6b052d68e0c4b114f84cebc",
        "x-ms-return-client-request-id": "true"
      },
      "RequestBody": null,
      "StatusCode": 200,
      "ResponseHeaders": {
        "Cache-Control": "no-cache",
        "Content-Length": "108",
        "Content-Type": "application/json; charset=utf-8",
        "Date": "Wed, 26 Jul 2023 01:39:09 GMT",
        "Expires": "-1",
        "Pragma": "no-cache",
        "Retry-After": "20",
        "Server": "Microsoft-HTTPAPI/2.0",
        "Strict-Transport-Security": "max-age=31536000; includeSubDomains",
        "X-Content-Type-Options": "nosniff",
        "x-ms-correlation-request-id": "293e317b-3dbb-4a49-b37e-997ec69459cf",
        "x-ms-ratelimit-remaining-subscription-reads": "11918",
        "x-ms-request-id": "02db4b92-57d9-449a-9fcf-6ba795b543e5",
        "x-ms-routing-request-id": "WESTUS:20230726T013909Z:293e317b-3dbb-4a49-b37e-997ec69459cf"
      },
      "ResponseBody": {
        "name": "d4d34a7a-48ba-4200-92a4-02c2cbee1a0d",
        "status": "InProgress",
        "startTime": "2023-07-26T01:39:03.493Z"
      }
    },
    {
      "RequestUri": "https://management.azure.com/subscriptions/2c647056-bab2-4175-b172-493ff049eb29/resourceGroups/Sql-RG-6587/providers/Microsoft.Sql/locations/uksouth/serverAzureAsyncOperation/d4d34a7a-48ba-4200-92a4-02c2cbee1a0d?api-version=2022-08-01-preview",
      "RequestMethod": "GET",
      "RequestHeaders": {
        "Authorization": "Sanitized",
        "traceparent": "00-b2dc09fc7c4d70932e5dd0b63497db74-ad20d62c407a593d-00",
        "User-Agent": "azsdk-net-ResourceManager/1.7.0 (.NET 6.0.20; Microsoft Windows 10.0.22621)",
        "x-ms-client-request-id": "11ba23f43775a0d9d517812bd0113308",
        "x-ms-return-client-request-id": "true"
      },
      "RequestBody": null,
      "StatusCode": 200,
      "ResponseHeaders": {
        "Cache-Control": "no-cache",
        "Content-Length": "108",
        "Content-Type": "application/json; charset=utf-8",
        "Date": "Wed, 26 Jul 2023 01:39:29 GMT",
        "Expires": "-1",
        "Pragma": "no-cache",
        "Retry-After": "20",
        "Server": "Microsoft-HTTPAPI/2.0",
        "Strict-Transport-Security": "max-age=31536000; includeSubDomains",
        "X-Content-Type-Options": "nosniff",
        "x-ms-correlation-request-id": "0e95c405-1778-4cb7-8222-dd98d7e3e293",
        "x-ms-ratelimit-remaining-subscription-reads": "11917",
        "x-ms-request-id": "3b60a27a-f550-4817-9716-1637aa043d80",
        "x-ms-routing-request-id": "WESTUS:20230726T013929Z:0e95c405-1778-4cb7-8222-dd98d7e3e293"
      },
      "ResponseBody": {
        "name": "d4d34a7a-48ba-4200-92a4-02c2cbee1a0d",
        "status": "InProgress",
        "startTime": "2023-07-26T01:39:03.493Z"
      }
    },
    {
      "RequestUri": "https://management.azure.com/subscriptions/2c647056-bab2-4175-b172-493ff049eb29/resourceGroups/Sql-RG-6587/providers/Microsoft.Sql/locations/uksouth/serverAzureAsyncOperation/d4d34a7a-48ba-4200-92a4-02c2cbee1a0d?api-version=2022-08-01-preview",
      "RequestMethod": "GET",
      "RequestHeaders": {
        "Authorization": "Sanitized",
        "traceparent": "00-b2dc09fc7c4d70932e5dd0b63497db74-e9e9271399ed2f60-00",
        "User-Agent": "azsdk-net-ResourceManager/1.7.0 (.NET 6.0.20; Microsoft Windows 10.0.22621)",
        "x-ms-client-request-id": "dd484fe52858469b0dcf540d827b721b",
        "x-ms-return-client-request-id": "true"
      },
      "RequestBody": null,
      "StatusCode": 200,
      "ResponseHeaders": {
        "Cache-Control": "no-cache",
        "Content-Length": "108",
        "Content-Type": "application/json; charset=utf-8",
        "Date": "Wed, 26 Jul 2023 01:39:49 GMT",
        "Expires": "-1",
        "Pragma": "no-cache",
        "Retry-After": "20",
        "Server": "Microsoft-HTTPAPI/2.0",
        "Strict-Transport-Security": "max-age=31536000; includeSubDomains",
        "X-Content-Type-Options": "nosniff",
        "x-ms-correlation-request-id": "511d5f12-820e-4fc5-94e5-6cad42e8d89e",
        "x-ms-ratelimit-remaining-subscription-reads": "11916",
        "x-ms-request-id": "2c48445d-2846-4975-aba1-e0eea208527f",
        "x-ms-routing-request-id": "WESTUS:20230726T013950Z:511d5f12-820e-4fc5-94e5-6cad42e8d89e"
      },
      "ResponseBody": {
        "name": "d4d34a7a-48ba-4200-92a4-02c2cbee1a0d",
        "status": "InProgress",
        "startTime": "2023-07-26T01:39:03.493Z"
      }
    },
    {
      "RequestUri": "https://management.azure.com/subscriptions/2c647056-bab2-4175-b172-493ff049eb29/resourceGroups/Sql-RG-6587/providers/Microsoft.Sql/locations/uksouth/serverAzureAsyncOperation/d4d34a7a-48ba-4200-92a4-02c2cbee1a0d?api-version=2022-08-01-preview",
      "RequestMethod": "GET",
      "RequestHeaders": {
        "Authorization": "Sanitized",
        "traceparent": "00-b2dc09fc7c4d70932e5dd0b63497db74-d9f47595208f1fd7-00",
        "User-Agent": "azsdk-net-ResourceManager/1.7.0 (.NET 6.0.20; Microsoft Windows 10.0.22621)",
        "x-ms-client-request-id": "1b816de4a9acb44e75417d9974aa827c",
        "x-ms-return-client-request-id": "true"
      },
      "RequestBody": null,
      "StatusCode": 200,
      "ResponseHeaders": {
        "Cache-Control": "no-cache",
        "Content-Length": "107",
        "Content-Type": "application/json; charset=utf-8",
        "Date": "Wed, 26 Jul 2023 01:40:10 GMT",
        "Expires": "-1",
        "Pragma": "no-cache",
        "Retry-After": "15",
        "Server": "Microsoft-HTTPAPI/2.0",
        "Strict-Transport-Security": "max-age=31536000; includeSubDomains",
        "X-Content-Type-Options": "nosniff",
        "x-ms-correlation-request-id": "1d4b8eab-fd5c-4ae9-a610-2379eca34c65",
        "x-ms-ratelimit-remaining-subscription-reads": "11915",
        "x-ms-request-id": "225ca7b8-4856-4e07-941d-f8f3a26b2e4b",
        "x-ms-routing-request-id": "WESTUS:20230726T014010Z:1d4b8eab-fd5c-4ae9-a610-2379eca34c65"
      },
      "ResponseBody": {
        "name": "d4d34a7a-48ba-4200-92a4-02c2cbee1a0d",
        "status": "Succeeded",
        "startTime": "2023-07-26T01:39:03.493Z"
      }
    },
    {
      "RequestUri": "https://management.azure.com/subscriptions/2c647056-bab2-4175-b172-493ff049eb29/resourceGroups/Sql-RG-6587/providers/Microsoft.Sql/servers/sql-server-7922?api-version=2022-08-01-preview",
      "RequestMethod": "GET",
      "RequestHeaders": {
        "Authorization": "Sanitized",
        "traceparent": "00-b2dc09fc7c4d70932e5dd0b63497db74-f380e5d9e472d1b5-00",
        "User-Agent": "azsdk-net-ResourceManager/1.7.0 (.NET 6.0.20; Microsoft Windows 10.0.22621)",
        "x-ms-client-request-id": "ff2c43d9f13bcc63877403a6e2cb1d59",
        "x-ms-return-client-request-id": "true"
      },
      "RequestBody": null,
      "StatusCode": 200,
      "ResponseHeaders": {
        "Cache-Control": "no-cache",
        "Content-Length": "568",
        "Content-Type": "application/json; charset=utf-8",
        "Date": "Wed, 26 Jul 2023 01:40:10 GMT",
        "Expires": "-1",
        "Pragma": "no-cache",
        "Server": "Microsoft-HTTPAPI/2.0",
        "Strict-Transport-Security": "max-age=31536000; includeSubDomains",
        "X-Content-Type-Options": "nosniff",
        "x-ms-correlation-request-id": "8667bb2e-2be3-492b-9313-906b9cf7d7eb",
        "x-ms-ratelimit-remaining-subscription-reads": "11914",
        "x-ms-request-id": "1b8c1946-f8aa-46ae-a4d0-5f322f9f2ea4",
        "x-ms-routing-request-id": "WESTUS:20230726T014010Z:8667bb2e-2be3-492b-9313-906b9cf7d7eb"
      },
      "ResponseBody": {
        "kind": "v12.0",
        "properties": {
          "administratorLogin": "admin-sql-server-7922",
          "version": "12.0",
          "state": "Ready",
          "fullyQualifiedDomainName": "sql-server-7922.database.windows.net",
          "privateEndpointConnections": [],
          "minimalTlsVersion": "None",
          "publicNetworkAccess": "Enabled",
          "restrictOutboundNetworkAccess": "Disabled",
          "externalGovernanceStatus": "Disabled"
        },
        "location": "uksouth",
        "tags": {},
        "id": "/subscriptions/2c647056-bab2-4175-b172-493ff049eb29/resourceGroups/Sql-RG-6587/providers/Microsoft.Sql/servers/sql-server-7922",
        "name": "sql-server-7922",
        "type": "Microsoft.Sql/servers"
      }
    },
    {
      "RequestUri": "https://management.azure.com/subscriptions/2c647056-bab2-4175-b172-493ff049eb29/resourceGroups/Sql-RG-6587/providers/Microsoft.Sql/servers/sql-server-7922/elasticPools/sql-pool-8463?api-version=2022-08-01-preview",
      "RequestMethod": "PUT",
      "RequestHeaders": {
        "Accept": "application/json",
        "Authorization": "Sanitized",
        "Content-Length": "48",
        "Content-Type": "application/json",
        "traceparent": "00-c6c8e85730bc4be87a98acbd4eba860a-83e24ff7b7008afb-00",
        "User-Agent": "azsdk-net-ResourceManager.Sql/1.3.0-alpha.20230725.1 (.NET 6.0.20; Microsoft Windows 10.0.22621)",
        "x-ms-client-request-id": "178f62463b5c94016716ab02d1624cd8",
        "x-ms-return-client-request-id": "true"
      },
      "RequestBody": {
        "tags": {},
        "location": "uksouth",
        "properties": {}
      },
      "StatusCode": 202,
      "ResponseHeaders": {
        "Azure-AsyncOperation": "https://management.azure.com/subscriptions/2c647056-bab2-4175-b172-493ff049eb29/resourceGroups/Sql-RG-6587/providers/Microsoft.Sql/locations/uksouth/elasticPoolAzureAsyncOperation/dc1acf92-33f9-483b-9476-265d07c5e059?api-version=2022-08-01-preview",
        "Cache-Control": "no-cache",
        "Content-Length": "79",
        "Content-Type": "application/json; charset=utf-8",
        "Date": "Wed, 26 Jul 2023 01:40:11 GMT",
        "Expires": "-1",
        "Location": "https://management.azure.com/subscriptions/2c647056-bab2-4175-b172-493ff049eb29/resourceGroups/Sql-RG-6587/providers/Microsoft.Sql/locations/uksouth/elasticPoolOperationResults/dc1acf92-33f9-483b-9476-265d07c5e059?api-version=2022-08-01-preview",
        "Pragma": "no-cache",
        "Retry-After": "15",
        "Server": "Microsoft-HTTPAPI/2.0",
        "Strict-Transport-Security": "max-age=31536000; includeSubDomains",
        "X-Content-Type-Options": "nosniff",
        "x-ms-correlation-request-id": "66d26b1c-309d-4a5a-a343-43ddc053a1c7",
        "x-ms-ratelimit-remaining-subscription-writes": "1189",
        "x-ms-request-id": "dc1acf92-33f9-483b-9476-265d07c5e059",
        "x-ms-routing-request-id": "WESTUS:20230726T014011Z:66d26b1c-309d-4a5a-a343-43ddc053a1c7"
      },
      "ResponseBody": {
        "operation": "CreateLogicalElasticPool",
        "startTime": "2023-07-26T01:40:11.353Z"
      }
    },
    {
      "RequestUri": "https://management.azure.com/subscriptions/2c647056-bab2-4175-b172-493ff049eb29/resourceGroups/Sql-RG-6587/providers/Microsoft.Sql/locations/uksouth/elasticPoolAzureAsyncOperation/dc1acf92-33f9-483b-9476-265d07c5e059?api-version=2022-08-01-preview",
      "RequestMethod": "GET",
      "RequestHeaders": {
        "Authorization": "Sanitized",
        "traceparent": "00-c6c8e85730bc4be87a98acbd4eba860a-a7527128ed292e6c-00",
        "User-Agent": "azsdk-net-ResourceManager/1.7.0 (.NET 6.0.20; Microsoft Windows 10.0.22621)",
        "x-ms-client-request-id": "1f630ef4c2ecf1e7fea7894d2185a3a1",
        "x-ms-return-client-request-id": "true"
      },
      "RequestBody": null,
      "StatusCode": 200,
      "ResponseHeaders": {
        "Cache-Control": "no-cache",
        "Content-Length": "108",
        "Content-Type": "application/json; charset=utf-8",
        "Date": "Wed, 26 Jul 2023 01:40:11 GMT",
        "Expires": "-1",
        "Pragma": "no-cache",
        "Retry-After": "15",
        "Server": "Microsoft-HTTPAPI/2.0",
        "Strict-Transport-Security": "max-age=31536000; includeSubDomains",
        "X-Content-Type-Options": "nosniff",
        "x-ms-correlation-request-id": "69e46d8e-8a1c-452b-8b6a-5c46eea44c1e",
        "x-ms-ratelimit-remaining-subscription-reads": "11913",
        "x-ms-request-id": "5eb28e6d-8bbb-4493-a565-1977770cb91e",
        "x-ms-routing-request-id": "WESTUS:20230726T014011Z:69e46d8e-8a1c-452b-8b6a-5c46eea44c1e"
      },
      "ResponseBody": {
        "name": "dc1acf92-33f9-483b-9476-265d07c5e059",
        "status": "InProgress",
        "startTime": "2023-07-26T01:40:11.353Z"
      }
    },
    {
      "RequestUri": "https://management.azure.com/subscriptions/2c647056-bab2-4175-b172-493ff049eb29/resourceGroups/Sql-RG-6587/providers/Microsoft.Sql/locations/uksouth/elasticPoolAzureAsyncOperation/dc1acf92-33f9-483b-9476-265d07c5e059?api-version=2022-08-01-preview",
      "RequestMethod": "GET",
      "RequestHeaders": {
        "Authorization": "Sanitized",
        "traceparent": "00-c6c8e85730bc4be87a98acbd4eba860a-71d43a97d3645176-00",
        "User-Agent": "azsdk-net-ResourceManager/1.7.0 (.NET 6.0.20; Microsoft Windows 10.0.22621)",
        "x-ms-client-request-id": "de980a59320a538759da82249459c2be",
        "x-ms-return-client-request-id": "true"
      },
      "RequestBody": null,
      "StatusCode": 200,
      "ResponseHeaders": {
        "Cache-Control": "no-cache",
        "Content-Length": "108",
        "Content-Type": "application/json; charset=utf-8",
        "Date": "Wed, 26 Jul 2023 01:40:26 GMT",
        "Expires": "-1",
        "Pragma": "no-cache",
        "Retry-After": "15",
        "Server": "Microsoft-HTTPAPI/2.0",
        "Strict-Transport-Security": "max-age=31536000; includeSubDomains",
        "X-Content-Type-Options": "nosniff",
        "x-ms-correlation-request-id": "e3155276-8de5-4871-a35e-e210bda63ceb",
        "x-ms-ratelimit-remaining-subscription-reads": "11912",
        "x-ms-request-id": "fa0cf795-9a42-46c6-a20d-4f198daa4116",
        "x-ms-routing-request-id": "WESTUS:20230726T014026Z:e3155276-8de5-4871-a35e-e210bda63ceb"
      },
      "ResponseBody": {
        "name": "dc1acf92-33f9-483b-9476-265d07c5e059",
        "status": "InProgress",
        "startTime": "2023-07-26T01:40:11.353Z"
      }
    },
    {
      "RequestUri": "https://management.azure.com/subscriptions/2c647056-bab2-4175-b172-493ff049eb29/resourceGroups/Sql-RG-6587/providers/Microsoft.Sql/locations/uksouth/elasticPoolAzureAsyncOperation/dc1acf92-33f9-483b-9476-265d07c5e059?api-version=2022-08-01-preview",
      "RequestMethod": "GET",
      "RequestHeaders": {
        "Authorization": "Sanitized",
        "traceparent": "00-c6c8e85730bc4be87a98acbd4eba860a-83ebcff16f29ee1d-00",
        "User-Agent": "azsdk-net-ResourceManager/1.7.0 (.NET 6.0.20; Microsoft Windows 10.0.22621)",
        "x-ms-client-request-id": "c20d87f22cfe71eb585d74376abc940f",
        "x-ms-return-client-request-id": "true"
      },
      "RequestBody": null,
      "StatusCode": 200,
      "ResponseHeaders": {
        "Cache-Control": "no-cache",
        "Content-Length": "108",
        "Content-Type": "application/json; charset=utf-8",
        "Date": "Wed, 26 Jul 2023 01:40:41 GMT",
        "Expires": "-1",
        "Pragma": "no-cache",
        "Retry-After": "15",
        "Server": "Microsoft-HTTPAPI/2.0",
        "Strict-Transport-Security": "max-age=31536000; includeSubDomains",
        "X-Content-Type-Options": "nosniff",
        "x-ms-correlation-request-id": "a21f31ed-47fb-49e2-8f36-16b073e4e7aa",
        "x-ms-ratelimit-remaining-subscription-reads": "11911",
        "x-ms-request-id": "5d911e14-a2bb-4705-bb15-53c6f4d95056",
        "x-ms-routing-request-id": "WESTUS:20230726T014042Z:a21f31ed-47fb-49e2-8f36-16b073e4e7aa"
      },
      "ResponseBody": {
        "name": "dc1acf92-33f9-483b-9476-265d07c5e059",
        "status": "InProgress",
        "startTime": "2023-07-26T01:40:11.353Z"
      }
    },
    {
      "RequestUri": "https://management.azure.com/subscriptions/2c647056-bab2-4175-b172-493ff049eb29/resourceGroups/Sql-RG-6587/providers/Microsoft.Sql/locations/uksouth/elasticPoolAzureAsyncOperation/dc1acf92-33f9-483b-9476-265d07c5e059?api-version=2022-08-01-preview",
      "RequestMethod": "GET",
      "RequestHeaders": {
        "Authorization": "Sanitized",
        "traceparent": "00-c6c8e85730bc4be87a98acbd4eba860a-7eb06958b3e6aaad-00",
        "User-Agent": "azsdk-net-ResourceManager/1.7.0 (.NET 6.0.20; Microsoft Windows 10.0.22621)",
        "x-ms-client-request-id": "c74e04944511c2198610c6123fc25ca5",
        "x-ms-return-client-request-id": "true"
      },
      "RequestBody": null,
      "StatusCode": 200,
      "ResponseHeaders": {
        "Cache-Control": "no-cache",
        "Content-Length": "108",
        "Content-Type": "application/json; charset=utf-8",
        "Date": "Wed, 26 Jul 2023 01:40:56 GMT",
        "Expires": "-1",
        "Pragma": "no-cache",
        "Retry-After": "15",
        "Server": "Microsoft-HTTPAPI/2.0",
        "Strict-Transport-Security": "max-age=31536000; includeSubDomains",
        "X-Content-Type-Options": "nosniff",
        "x-ms-correlation-request-id": "cd1d0552-0a13-412b-9456-089284d741fd",
        "x-ms-ratelimit-remaining-subscription-reads": "11910",
        "x-ms-request-id": "41f1a8f5-7fa4-473f-8ba2-5cd0976f4be8",
        "x-ms-routing-request-id": "WESTUS:20230726T014057Z:cd1d0552-0a13-412b-9456-089284d741fd"
      },
      "ResponseBody": {
        "name": "dc1acf92-33f9-483b-9476-265d07c5e059",
        "status": "InProgress",
        "startTime": "2023-07-26T01:40:11.353Z"
      }
    },
    {
      "RequestUri": "https://management.azure.com/subscriptions/2c647056-bab2-4175-b172-493ff049eb29/resourceGroups/Sql-RG-6587/providers/Microsoft.Sql/locations/uksouth/elasticPoolAzureAsyncOperation/dc1acf92-33f9-483b-9476-265d07c5e059?api-version=2022-08-01-preview",
      "RequestMethod": "GET",
      "RequestHeaders": {
        "Authorization": "Sanitized",
        "traceparent": "00-c6c8e85730bc4be87a98acbd4eba860a-017f4bc29b7c9259-00",
        "User-Agent": "azsdk-net-ResourceManager/1.7.0 (.NET 6.0.20; Microsoft Windows 10.0.22621)",
        "x-ms-client-request-id": "995acbe5e0772ca21e2686acbe50e99c",
        "x-ms-return-client-request-id": "true"
      },
      "RequestBody": null,
      "StatusCode": 200,
      "ResponseHeaders": {
        "Cache-Control": "no-cache",
        "Content-Length": "107",
        "Content-Type": "application/json; charset=utf-8",
        "Date": "Wed, 26 Jul 2023 01:41:12 GMT",
        "Expires": "-1",
        "Pragma": "no-cache",
        "Retry-After": "15",
        "Server": "Microsoft-HTTPAPI/2.0",
        "Strict-Transport-Security": "max-age=31536000; includeSubDomains",
        "X-Content-Type-Options": "nosniff",
        "x-ms-correlation-request-id": "d8f744da-61e0-4c6b-8407-02312c287100",
        "x-ms-ratelimit-remaining-subscription-reads": "11909",
        "x-ms-request-id": "f9210f26-4baa-47d8-b9e5-69870820c3c8",
        "x-ms-routing-request-id": "WESTUS:20230726T014112Z:d8f744da-61e0-4c6b-8407-02312c287100"
      },
      "ResponseBody": {
        "name": "dc1acf92-33f9-483b-9476-265d07c5e059",
        "status": "Succeeded",
        "startTime": "2023-07-26T01:40:11.353Z"
      }
    },
    {
      "RequestUri": "https://management.azure.com/subscriptions/2c647056-bab2-4175-b172-493ff049eb29/resourceGroups/Sql-RG-6587/providers/Microsoft.Sql/servers/sql-server-7922/elasticPools/sql-pool-8463?api-version=2022-08-01-preview",
      "RequestMethod": "GET",
      "RequestHeaders": {
        "Authorization": "Sanitized",
        "traceparent": "00-c6c8e85730bc4be87a98acbd4eba860a-9e5dd588f369c7d6-00",
        "User-Agent": "azsdk-net-ResourceManager/1.7.0 (.NET 6.0.20; Microsoft Windows 10.0.22621)",
        "x-ms-client-request-id": "8f907345fa0aacac6d4b3bed66d93195",
        "x-ms-return-client-request-id": "true"
      },
      "RequestBody": null,
      "StatusCode": 200,
      "ResponseHeaders": {
        "Cache-Control": "no-cache",
        "Content-Length": "770",
        "Content-Type": "application/json; charset=utf-8",
        "Date": "Wed, 26 Jul 2023 01:41:12 GMT",
        "Expires": "-1",
        "Pragma": "no-cache",
        "Server": "Microsoft-HTTPAPI/2.0",
        "Strict-Transport-Security": "max-age=31536000; includeSubDomains",
        "X-Content-Type-Options": "nosniff",
        "x-ms-correlation-request-id": "6354ea3b-0c68-4664-b0bd-cecec52b2dde",
        "x-ms-ratelimit-remaining-subscription-reads": "11908",
        "x-ms-request-id": "114b9f5d-313f-4dd7-9f28-861998a8eb93",
        "x-ms-routing-request-id": "WESTUS:20230726T014112Z:6354ea3b-0c68-4664-b0bd-cecec52b2dde"
      },
      "ResponseBody": {
        "sku": {
          "name": "GP_Gen5",
          "tier": "GeneralPurpose",
          "family": "Gen5",
          "capacity": 2
        },
        "kind": "vcore,pool",
        "properties": {
          "state": "Ready",
          "creationDate": "2023-07-26T01:40:11.48Z",
          "maxSizeBytes": 34359738368,
          "perDatabaseSettings": {
            "minCapacity": 0.0000,
            "maxCapacity": 2.0000
          },
          "zoneRedundant": false,
          "licenseType": "LicenseIncluded",
          "maintenanceConfigurationId": "/subscriptions/2c647056-bab2-4175-b172-493ff049eb29/providers/Microsoft.Maintenance/publicMaintenanceConfigurations/SQL_Default",
          "availabilityZone": "NoPreference"
        },
        "location": "uksouth",
        "tags": {},
        "id": "/subscriptions/2c647056-bab2-4175-b172-493ff049eb29/resourceGroups/Sql-RG-6587/providers/Microsoft.Sql/servers/sql-server-7922/elasticPools/sql-pool-8463",
        "name": "sql-pool-8463",
        "type": "Microsoft.Sql/servers/elasticPools"
      }
    },
    {
      "RequestUri": "https://management.azure.com/subscriptions/2c647056-bab2-4175-b172-493ff049eb29/resourceGroups/Sql-RG-6587/providers/Microsoft.Sql/servers/sql-server-7922/elasticPools/sql-pool-8463?api-version=2022-08-01-preview",
      "RequestMethod": "GET",
      "RequestHeaders": {
        "Accept": "application/json",
        "Authorization": "Sanitized",
        "traceparent": "00-32883ce7c417944dabed598c6e8890ee-b13397a150ae6b90-00",
        "User-Agent": "azsdk-net-ResourceManager.Sql/1.3.0-alpha.20230725.1 (.NET 6.0.20; Microsoft Windows 10.0.22621)",
        "x-ms-client-request-id": "9e51ce01fa61b3986222a8eabf6c0436",
        "x-ms-return-client-request-id": "true"
      },
      "RequestBody": null,
      "StatusCode": 200,
      "ResponseHeaders": {
        "Cache-Control": "no-cache",
        "Content-Length": "770",
        "Content-Type": "application/json; charset=utf-8",
        "Date": "Wed, 26 Jul 2023 01:41:12 GMT",
        "Expires": "-1",
        "Pragma": "no-cache",
        "Server": "Microsoft-HTTPAPI/2.0",
        "Strict-Transport-Security": "max-age=31536000; includeSubDomains",
        "X-Content-Type-Options": "nosniff",
        "x-ms-correlation-request-id": "3d9b4519-7d38-49db-a5a6-74432a51c027",
        "x-ms-ratelimit-remaining-subscription-reads": "11907",
        "x-ms-request-id": "3171b915-cdee-4fcc-b3a2-f943d47a61e8",
        "x-ms-routing-request-id": "WESTUS:20230726T014113Z:3d9b4519-7d38-49db-a5a6-74432a51c027"
      },
      "ResponseBody": {
        "sku": {
          "name": "GP_Gen5",
          "tier": "GeneralPurpose",
          "family": "Gen5",
          "capacity": 2
        },
        "kind": "vcore,pool",
        "properties": {
          "state": "Ready",
          "creationDate": "2023-07-26T01:40:11.48Z",
          "maxSizeBytes": 34359738368,
          "perDatabaseSettings": {
            "minCapacity": 0.0000,
            "maxCapacity": 2.0000
          },
          "zoneRedundant": false,
          "licenseType": "LicenseIncluded",
          "maintenanceConfigurationId": "/subscriptions/2c647056-bab2-4175-b172-493ff049eb29/providers/Microsoft.Maintenance/publicMaintenanceConfigurations/SQL_Default",
          "availabilityZone": "NoPreference"
        },
        "location": "uksouth",
        "tags": {},
        "id": "/subscriptions/2c647056-bab2-4175-b172-493ff049eb29/resourceGroups/Sql-RG-6587/providers/Microsoft.Sql/servers/sql-server-7922/elasticPools/sql-pool-8463",
        "name": "sql-pool-8463",
        "type": "Microsoft.Sql/servers/elasticPools"
      }
    },
    {
      "RequestUri": "https://management.azure.com/subscriptions/2c647056-bab2-4175-b172-493ff049eb29/resourceGroups/Sql-RG-6587/providers/Microsoft.Sql/servers/sql-server-7922/elasticPools/sql-pool-6007?api-version=2022-08-01-preview",
      "RequestMethod": "GET",
      "RequestHeaders": {
        "Accept": "application/json",
        "Authorization": "Sanitized",
        "traceparent": "00-745bd75459263dd4293ab7ff31ff744a-e9a785ccdd31a54a-00",
        "User-Agent": "azsdk-net-ResourceManager.Sql/1.3.0-alpha.20230725.1 (.NET 6.0.20; Microsoft Windows 10.0.22621)",
        "x-ms-client-request-id": "cccc2927cc32eb9b1eae2c2ba4b5c645",
        "x-ms-return-client-request-id": "true"
      },
      "RequestBody": null,
      "StatusCode": 404,
      "ResponseHeaders": {
        "Cache-Control": "no-cache",
        "Content-Length": "247",
        "Content-Type": "application/json; charset=utf-8",
        "Date": "Wed, 26 Jul 2023 01:41:12 GMT",
        "Expires": "-1",
        "Pragma": "no-cache",
        "Strict-Transport-Security": "max-age=31536000; includeSubDomains",
        "X-Content-Type-Options": "nosniff",
        "x-ms-correlation-request-id": "fb1825bb-de16-49b6-8bea-5705b2029ea6",
        "x-ms-failure-cause": "gateway",
        "x-ms-request-id": "fb1825bb-de16-49b6-8bea-5705b2029ea6",
        "x-ms-routing-request-id": "WESTUS:20230726T014113Z:fb1825bb-de16-49b6-8bea-5705b2029ea6"
      },
      "ResponseBody": {
        "error": {
          "code": "ResourceNotFound",
          "message": "The Resource \u0027Microsoft.Sql/servers/sql-server-7922/elasticpools/sql-pool-6007\u0027 under resource group \u0027Sql-RG-6587\u0027 was not found. For more details please go to https://aka.ms/ARMResourceNotFoundFix"
        }
      }
    },
    {
      "RequestUri": "https://management.azure.com/subscriptions/2c647056-bab2-4175-b172-493ff049eb29/resourceGroups/Sql-RG-6587/providers/Microsoft.Sql/servers/sql-server-7922/elasticPools/sql-pool-8463?api-version=2022-08-01-preview",
      "RequestMethod": "GET",
      "RequestHeaders": {
        "Accept": "application/json",
        "Authorization": "Sanitized",
        "traceparent": "00-60ca9679c396342bcb337054f32a67bc-645fef9e2b4423db-00",
        "User-Agent": "azsdk-net-ResourceManager.Sql/1.3.0-alpha.20230725.1 (.NET 6.0.20; Microsoft Windows 10.0.22621)",
        "x-ms-client-request-id": "efabf0f54afe4b3bdbdc2de751c1ed00",
        "x-ms-return-client-request-id": "true"
      },
      "RequestBody": null,
      "StatusCode": 200,
      "ResponseHeaders": {
        "Cache-Control": "no-cache",
        "Content-Length": "770",
        "Content-Type": "application/json; charset=utf-8",
        "Date": "Wed, 26 Jul 2023 01:41:13 GMT",
        "Expires": "-1",
        "Pragma": "no-cache",
        "Server": "Microsoft-HTTPAPI/2.0",
        "Strict-Transport-Security": "max-age=31536000; includeSubDomains",
        "X-Content-Type-Options": "nosniff",
        "x-ms-correlation-request-id": "1aad3c78-b77f-4f81-a778-847e10fda1d3",
        "x-ms-ratelimit-remaining-subscription-reads": "11905",
        "x-ms-request-id": "9afa18ad-f582-4588-ae0c-b11937c1cf2c",
        "x-ms-routing-request-id": "WESTUS:20230726T014113Z:1aad3c78-b77f-4f81-a778-847e10fda1d3"
      },
      "ResponseBody": {
        "sku": {
          "name": "GP_Gen5",
          "tier": "GeneralPurpose",
          "family": "Gen5",
          "capacity": 2
        },
        "kind": "vcore,pool",
        "properties": {
          "state": "Ready",
          "creationDate": "2023-07-26T01:40:11.48Z",
          "maxSizeBytes": 34359738368,
          "perDatabaseSettings": {
            "minCapacity": 0.0000,
            "maxCapacity": 2.0000
          },
          "zoneRedundant": false,
          "licenseType": "LicenseIncluded",
          "maintenanceConfigurationId": "/subscriptions/2c647056-bab2-4175-b172-493ff049eb29/providers/Microsoft.Maintenance/publicMaintenanceConfigurations/SQL_Default",
          "availabilityZone": "NoPreference"
        },
        "location": "uksouth",
        "tags": {},
        "id": "/subscriptions/2c647056-bab2-4175-b172-493ff049eb29/resourceGroups/Sql-RG-6587/providers/Microsoft.Sql/servers/sql-server-7922/elasticPools/sql-pool-8463",
        "name": "sql-pool-8463",
        "type": "Microsoft.Sql/servers/elasticPools"
      }
    },
    {
      "RequestUri": "https://management.azure.com/subscriptions/2c647056-bab2-4175-b172-493ff049eb29/resourceGroups/Sql-RG-6587/providers/Microsoft.Sql/servers/sql-server-7922/elasticPools/sql-pool-6007?api-version=2022-08-01-preview",
      "RequestMethod": "PUT",
      "RequestHeaders": {
        "Accept": "application/json",
        "Authorization": "Sanitized",
        "Content-Length": "48",
        "Content-Type": "application/json",
        "traceparent": "00-3c38c10eb75649d40e3f614c10801fcb-2c3b7b110bfc0bdd-00",
        "User-Agent": "azsdk-net-ResourceManager.Sql/1.3.0-alpha.20230725.1 (.NET 6.0.20; Microsoft Windows 10.0.22621)",
        "x-ms-client-request-id": "3cc60547650d346332667fb3ce6c0eac",
        "x-ms-return-client-request-id": "true"
      },
      "RequestBody": {
        "tags": {},
        "location": "uksouth",
        "properties": {}
      },
      "StatusCode": 202,
      "ResponseHeaders": {
        "Azure-AsyncOperation": "https://management.azure.com/subscriptions/2c647056-bab2-4175-b172-493ff049eb29/resourceGroups/Sql-RG-6587/providers/Microsoft.Sql/locations/uksouth/elasticPoolAzureAsyncOperation/34bc45ce-cbbc-4590-adcf-215f6c44472c?api-version=2022-08-01-preview",
        "Cache-Control": "no-cache",
        "Content-Length": "78",
        "Content-Type": "application/json; charset=utf-8",
        "Date": "Wed, 26 Jul 2023 01:41:14 GMT",
        "Expires": "-1",
        "Location": "https://management.azure.com/subscriptions/2c647056-bab2-4175-b172-493ff049eb29/resourceGroups/Sql-RG-6587/providers/Microsoft.Sql/locations/uksouth/elasticPoolOperationResults/34bc45ce-cbbc-4590-adcf-215f6c44472c?api-version=2022-08-01-preview",
        "Pragma": "no-cache",
        "Retry-After": "15",
        "Server": "Microsoft-HTTPAPI/2.0",
        "Strict-Transport-Security": "max-age=31536000; includeSubDomains",
        "X-Content-Type-Options": "nosniff",
        "x-ms-correlation-request-id": "0034150b-3ffd-4d50-99b1-888d00cbbffe",
        "x-ms-ratelimit-remaining-subscription-writes": "1188",
        "x-ms-request-id": "34bc45ce-cbbc-4590-adcf-215f6c44472c",
        "x-ms-routing-request-id": "WESTUS:20230726T014114Z:0034150b-3ffd-4d50-99b1-888d00cbbffe"
      },
      "ResponseBody": {
        "operation": "CreateLogicalElasticPool",
        "startTime": "2023-07-26T01:41:14.51Z"
      }
    },
    {
      "RequestUri": "https://management.azure.com/subscriptions/2c647056-bab2-4175-b172-493ff049eb29/resourceGroups/Sql-RG-6587/providers/Microsoft.Sql/locations/uksouth/elasticPoolAzureAsyncOperation/34bc45ce-cbbc-4590-adcf-215f6c44472c?api-version=2022-08-01-preview",
      "RequestMethod": "GET",
      "RequestHeaders": {
        "Authorization": "Sanitized",
        "traceparent": "00-3c38c10eb75649d40e3f614c10801fcb-613a3279700e6dd9-00",
        "User-Agent": "azsdk-net-ResourceManager/1.7.0 (.NET 6.0.20; Microsoft Windows 10.0.22621)",
        "x-ms-client-request-id": "9fe42bc089ee8f378d76bc98cb877d6e",
        "x-ms-return-client-request-id": "true"
      },
      "RequestBody": null,
      "StatusCode": 200,
      "ResponseHeaders": {
        "Cache-Control": "no-cache",
        "Content-Length": "107",
        "Content-Type": "application/json; charset=utf-8",
        "Date": "Wed, 26 Jul 2023 01:41:14 GMT",
        "Expires": "-1",
        "Pragma": "no-cache",
        "Retry-After": "15",
        "Server": "Microsoft-HTTPAPI/2.0",
        "Strict-Transport-Security": "max-age=31536000; includeSubDomains",
        "X-Content-Type-Options": "nosniff",
        "x-ms-correlation-request-id": "07851653-9aac-46b3-8249-e35ef6839f36",
        "x-ms-ratelimit-remaining-subscription-reads": "11904",
        "x-ms-request-id": "17dc1ce7-24ac-4a6a-b88d-0aab1d79952b",
        "x-ms-routing-request-id": "WESTUS:20230726T014114Z:07851653-9aac-46b3-8249-e35ef6839f36"
      },
      "ResponseBody": {
        "name": "34bc45ce-cbbc-4590-adcf-215f6c44472c",
        "status": "InProgress",
        "startTime": "2023-07-26T01:41:14.51Z"
      }
    },
    {
      "RequestUri": "https://management.azure.com/subscriptions/2c647056-bab2-4175-b172-493ff049eb29/resourceGroups/Sql-RG-6587/providers/Microsoft.Sql/locations/uksouth/elasticPoolAzureAsyncOperation/34bc45ce-cbbc-4590-adcf-215f6c44472c?api-version=2022-08-01-preview",
      "RequestMethod": "GET",
      "RequestHeaders": {
        "Authorization": "Sanitized",
        "traceparent": "00-3c38c10eb75649d40e3f614c10801fcb-cb4dc0611ae86561-00",
        "User-Agent": "azsdk-net-ResourceManager/1.7.0 (.NET 6.0.20; Microsoft Windows 10.0.22621)",
        "x-ms-client-request-id": "ed8b80ce1ecb323ecde94e8c740e967f",
        "x-ms-return-client-request-id": "true"
      },
      "RequestBody": null,
      "StatusCode": 200,
      "ResponseHeaders": {
        "Cache-Control": "no-cache",
        "Content-Length": "107",
        "Content-Type": "application/json; charset=utf-8",
        "Date": "Wed, 26 Jul 2023 01:41:29 GMT",
        "Expires": "-1",
        "Pragma": "no-cache",
        "Retry-After": "15",
        "Server": "Microsoft-HTTPAPI/2.0",
        "Strict-Transport-Security": "max-age=31536000; includeSubDomains",
        "X-Content-Type-Options": "nosniff",
        "x-ms-correlation-request-id": "4cebb3ab-7783-4375-a465-b56369805db6",
        "x-ms-ratelimit-remaining-subscription-reads": "11903",
        "x-ms-request-id": "4b5e5f5f-463d-4bc3-85fb-bf12221e16f4",
        "x-ms-routing-request-id": "WESTUS:20230726T014130Z:4cebb3ab-7783-4375-a465-b56369805db6"
      },
      "ResponseBody": {
        "name": "34bc45ce-cbbc-4590-adcf-215f6c44472c",
        "status": "InProgress",
        "startTime": "2023-07-26T01:41:14.51Z"
      }
    },
    {
      "RequestUri": "https://management.azure.com/subscriptions/2c647056-bab2-4175-b172-493ff049eb29/resourceGroups/Sql-RG-6587/providers/Microsoft.Sql/locations/uksouth/elasticPoolAzureAsyncOperation/34bc45ce-cbbc-4590-adcf-215f6c44472c?api-version=2022-08-01-preview",
      "RequestMethod": "GET",
      "RequestHeaders": {
        "Authorization": "Sanitized",
        "traceparent": "00-3c38c10eb75649d40e3f614c10801fcb-bcf37e65cb6d1fc7-00",
        "User-Agent": "azsdk-net-ResourceManager/1.7.0 (.NET 6.0.20; Microsoft Windows 10.0.22621)",
        "x-ms-client-request-id": "a2f222cc6f88d2be2b66414b579f1166",
        "x-ms-return-client-request-id": "true"
      },
      "RequestBody": null,
      "StatusCode": 200,
      "ResponseHeaders": {
        "Cache-Control": "no-cache",
        "Content-Length": "107",
        "Content-Type": "application/json; charset=utf-8",
        "Date": "Wed, 26 Jul 2023 01:41:44 GMT",
        "Expires": "-1",
        "Pragma": "no-cache",
        "Retry-After": "15",
        "Server": "Microsoft-HTTPAPI/2.0",
        "Strict-Transport-Security": "max-age=31536000; includeSubDomains",
        "X-Content-Type-Options": "nosniff",
        "x-ms-correlation-request-id": "69eadc71-15da-484e-b5fc-a1357d821740",
        "x-ms-ratelimit-remaining-subscription-reads": "11902",
        "x-ms-request-id": "a5b1fab9-9c75-437d-b48a-d1cb5e70ed0c",
        "x-ms-routing-request-id": "WESTUS:20230726T014145Z:69eadc71-15da-484e-b5fc-a1357d821740"
      },
      "ResponseBody": {
        "name": "34bc45ce-cbbc-4590-adcf-215f6c44472c",
        "status": "InProgress",
        "startTime": "2023-07-26T01:41:14.51Z"
      }
    },
    {
      "RequestUri": "https://management.azure.com/subscriptions/2c647056-bab2-4175-b172-493ff049eb29/resourceGroups/Sql-RG-6587/providers/Microsoft.Sql/locations/uksouth/elasticPoolAzureAsyncOperation/34bc45ce-cbbc-4590-adcf-215f6c44472c?api-version=2022-08-01-preview",
      "RequestMethod": "GET",
      "RequestHeaders": {
        "Authorization": "Sanitized",
        "traceparent": "00-3c38c10eb75649d40e3f614c10801fcb-525c305748954c3e-00",
        "User-Agent": "azsdk-net-ResourceManager/1.7.0 (.NET 6.0.20; Microsoft Windows 10.0.22621)",
        "x-ms-client-request-id": "1d878303ab27a291ecb1d2053bab1b7e",
        "x-ms-return-client-request-id": "true"
      },
      "RequestBody": null,
      "StatusCode": 200,
      "ResponseHeaders": {
        "Cache-Control": "no-cache",
        "Content-Length": "106",
        "Content-Type": "application/json; charset=utf-8",
        "Date": "Wed, 26 Jul 2023 01:42:00 GMT",
        "Expires": "-1",
        "Pragma": "no-cache",
        "Retry-After": "15",
        "Server": "Microsoft-HTTPAPI/2.0",
        "Strict-Transport-Security": "max-age=31536000; includeSubDomains",
        "X-Content-Type-Options": "nosniff",
        "x-ms-correlation-request-id": "a38c0aaf-2fa8-47f8-b0f7-3eb0b86d2767",
        "x-ms-ratelimit-remaining-subscription-reads": "11901",
        "x-ms-request-id": "a5588f2a-93ee-4c11-b82d-918d062da622",
        "x-ms-routing-request-id": "WESTUS:20230726T014200Z:a38c0aaf-2fa8-47f8-b0f7-3eb0b86d2767"
      },
      "ResponseBody": {
        "name": "34bc45ce-cbbc-4590-adcf-215f6c44472c",
        "status": "Succeeded",
        "startTime": "2023-07-26T01:41:14.51Z"
      }
    },
    {
      "RequestUri": "https://management.azure.com/subscriptions/2c647056-bab2-4175-b172-493ff049eb29/resourceGroups/Sql-RG-6587/providers/Microsoft.Sql/servers/sql-server-7922/elasticPools/sql-pool-6007?api-version=2022-08-01-preview",
      "RequestMethod": "GET",
      "RequestHeaders": {
        "Authorization": "Sanitized",
        "traceparent": "00-3c38c10eb75649d40e3f614c10801fcb-16da06d4aec150ee-00",
        "User-Agent": "azsdk-net-ResourceManager/1.7.0 (.NET 6.0.20; Microsoft Windows 10.0.22621)",
        "x-ms-client-request-id": "a8cc3ddfda945ee5c2b8c265dcf3da2e",
        "x-ms-return-client-request-id": "true"
      },
      "RequestBody": null,
      "StatusCode": 200,
      "ResponseHeaders": {
        "Cache-Control": "no-cache",
        "Content-Length": "771",
        "Content-Type": "application/json; charset=utf-8",
        "Date": "Wed, 26 Jul 2023 01:42:00 GMT",
        "Expires": "-1",
        "Pragma": "no-cache",
        "Server": "Microsoft-HTTPAPI/2.0",
        "Strict-Transport-Security": "max-age=31536000; includeSubDomains",
        "X-Content-Type-Options": "nosniff",
        "x-ms-correlation-request-id": "49570390-cb93-427f-a50d-a9c71006227c",
        "x-ms-ratelimit-remaining-subscription-reads": "11900",
        "x-ms-request-id": "52ae5888-8478-4579-aace-46daf9427db8",
        "x-ms-routing-request-id": "WESTUS:20230726T014200Z:49570390-cb93-427f-a50d-a9c71006227c"
      },
      "ResponseBody": {
        "sku": {
          "name": "GP_Gen5",
          "tier": "GeneralPurpose",
          "family": "Gen5",
          "capacity": 2
        },
        "kind": "vcore,pool",
        "properties": {
          "state": "Ready",
          "creationDate": "2023-07-26T01:41:14.653Z",
          "maxSizeBytes": 34359738368,
          "perDatabaseSettings": {
            "minCapacity": 0.0000,
            "maxCapacity": 2.0000
          },
          "zoneRedundant": false,
          "licenseType": "LicenseIncluded",
          "maintenanceConfigurationId": "/subscriptions/2c647056-bab2-4175-b172-493ff049eb29/providers/Microsoft.Maintenance/publicMaintenanceConfigurations/SQL_Default",
          "availabilityZone": "NoPreference"
        },
        "location": "uksouth",
        "tags": {},
        "id": "/subscriptions/2c647056-bab2-4175-b172-493ff049eb29/resourceGroups/Sql-RG-6587/providers/Microsoft.Sql/servers/sql-server-7922/elasticPools/sql-pool-6007",
        "name": "sql-pool-6007",
        "type": "Microsoft.Sql/servers/elasticPools"
      }
    },
    {
      "RequestUri": "https://management.azure.com/subscriptions/2c647056-bab2-4175-b172-493ff049eb29/resourceGroups/Sql-RG-6587/providers/Microsoft.Sql/servers/sql-server-7922/elasticPools?api-version=2022-08-01-preview",
      "RequestMethod": "GET",
      "RequestHeaders": {
        "Accept": "application/json",
        "Authorization": "Sanitized",
        "User-Agent": "azsdk-net-ResourceManager.Sql/1.3.0-alpha.20230725.1 (.NET 6.0.20; Microsoft Windows 10.0.22621)",
        "x-ms-client-request-id": "f188e7d7788720579150b6d69db89780",
        "x-ms-return-client-request-id": "true"
      },
      "RequestBody": null,
      "StatusCode": 200,
      "ResponseHeaders": {
        "Cache-Control": "no-cache",
        "Content-Length": "1554",
        "Content-Type": "application/json; charset=utf-8",
        "Date": "Wed, 26 Jul 2023 01:42:01 GMT",
        "Expires": "-1",
        "Pragma": "no-cache",
        "Server": "Microsoft-HTTPAPI/2.0",
        "Strict-Transport-Security": "max-age=31536000; includeSubDomains",
        "X-Content-Type-Options": "nosniff",
        "x-ms-correlation-request-id": "367e79c5-7887-40ad-b726-b3b2defc786b",
        "x-ms-ratelimit-remaining-subscription-reads": "11899",
        "x-ms-request-id": "824f0ed2-1d5a-4117-ad7f-c9e9fe0b73d2",
        "x-ms-routing-request-id": "WESTUS:20230726T014201Z:367e79c5-7887-40ad-b726-b3b2defc786b"
      },
      "ResponseBody": {
        "value": [
          {
            "sku": {
              "name": "GP_Gen5",
              "tier": "GeneralPurpose",
              "family": "Gen5",
              "capacity": 2
            },
            "kind": "vcore,pool",
            "properties": {
              "state": "Ready",
              "creationDate": "2023-07-26T01:41:14.653Z",
              "maxSizeBytes": 34359738368,
              "perDatabaseSettings": {
                "minCapacity": 0.0000,
                "maxCapacity": 2.0000
              },
              "zoneRedundant": false,
              "licenseType": "LicenseIncluded",
              "maintenanceConfigurationId": "/subscriptions/2c647056-bab2-4175-b172-493ff049eb29/providers/Microsoft.Maintenance/publicMaintenanceConfigurations/SQL_Default",
              "availabilityZone": "NoPreference"
            },
            "location": "uksouth",
            "tags": {},
            "id": "/subscriptions/2c647056-bab2-4175-b172-493ff049eb29/resourceGroups/Sql-RG-6587/providers/Microsoft.Sql/servers/sql-server-7922/elasticPools/sql-pool-6007",
            "name": "sql-pool-6007",
            "type": "Microsoft.Sql/servers/elasticPools"
          },
          {
            "sku": {
              "name": "GP_Gen5",
              "tier": "GeneralPurpose",
              "family": "Gen5",
              "capacity": 2
            },
            "kind": "vcore,pool",
            "properties": {
              "state": "Ready",
              "creationDate": "2023-07-26T01:40:11.48Z",
              "maxSizeBytes": 34359738368,
              "perDatabaseSettings": {
                "minCapacity": 0.0000,
                "maxCapacity": 2.0000
              },
              "zoneRedundant": false,
              "licenseType": "LicenseIncluded",
              "maintenanceConfigurationId": "/subscriptions/2c647056-bab2-4175-b172-493ff049eb29/providers/Microsoft.Maintenance/publicMaintenanceConfigurations/SQL_Default",
              "availabilityZone": "NoPreference"
            },
            "location": "uksouth",
            "tags": {},
            "id": "/subscriptions/2c647056-bab2-4175-b172-493ff049eb29/resourceGroups/Sql-RG-6587/providers/Microsoft.Sql/servers/sql-server-7922/elasticPools/sql-pool-8463",
            "name": "sql-pool-8463",
            "type": "Microsoft.Sql/servers/elasticPools"
          }
        ]
      }
    },
    {
      "RequestUri": "https://management.azure.com/subscriptions/2c647056-bab2-4175-b172-493ff049eb29/resourceGroups/Sql-RG-6587/providers/Microsoft.Sql/servers/sql-server-7922/elasticPools/sql-pool-8463?api-version=2022-08-01-preview",
      "RequestMethod": "GET",
      "RequestHeaders": {
        "Accept": "application/json",
        "Authorization": "Sanitized",
        "traceparent": "00-de38b8d26b58b9dbbc844db130682b2b-4b7396257f1deb85-00",
        "User-Agent": "azsdk-net-ResourceManager.Sql/1.3.0-alpha.20230725.1 (.NET 6.0.20; Microsoft Windows 10.0.22621)",
        "x-ms-client-request-id": "1a6cc34a69d328d19d285a6ee92bc5f9",
        "x-ms-return-client-request-id": "true"
      },
      "RequestBody": null,
      "StatusCode": 200,
      "ResponseHeaders": {
        "Cache-Control": "no-cache",
        "Content-Length": "770",
        "Content-Type": "application/json; charset=utf-8",
        "Date": "Wed, 26 Jul 2023 01:42:01 GMT",
        "Expires": "-1",
        "Pragma": "no-cache",
        "Server": "Microsoft-HTTPAPI/2.0",
        "Strict-Transport-Security": "max-age=31536000; includeSubDomains",
        "X-Content-Type-Options": "nosniff",
        "x-ms-correlation-request-id": "81a30fdd-fb95-47e7-a49a-f885da00cb01",
        "x-ms-ratelimit-remaining-subscription-reads": "11898",
        "x-ms-request-id": "467a5b9a-2be6-4a9d-b62c-e8286d9e09b4",
        "x-ms-routing-request-id": "WESTUS:20230726T014201Z:81a30fdd-fb95-47e7-a49a-f885da00cb01"
      },
      "ResponseBody": {
        "sku": {
          "name": "GP_Gen5",
          "tier": "GeneralPurpose",
          "family": "Gen5",
          "capacity": 2
        },
        "kind": "vcore,pool",
        "properties": {
          "state": "Ready",
          "creationDate": "2023-07-26T01:40:11.48Z",
          "maxSizeBytes": 34359738368,
          "perDatabaseSettings": {
            "minCapacity": 0.0000,
            "maxCapacity": 2.0000
          },
          "zoneRedundant": false,
          "licenseType": "LicenseIncluded",
          "maintenanceConfigurationId": "/subscriptions/2c647056-bab2-4175-b172-493ff049eb29/providers/Microsoft.Maintenance/publicMaintenanceConfigurations/SQL_Default",
          "availabilityZone": "NoPreference"
        },
        "location": "uksouth",
        "tags": {},
        "id": "/subscriptions/2c647056-bab2-4175-b172-493ff049eb29/resourceGroups/Sql-RG-6587/providers/Microsoft.Sql/servers/sql-server-7922/elasticPools/sql-pool-8463",
        "name": "sql-pool-8463",
        "type": "Microsoft.Sql/servers/elasticPools"
      }
    },
    {
      "RequestUri": "https://management.azure.com/subscriptions/2c647056-bab2-4175-b172-493ff049eb29/resourceGroups/Sql-RG-6587/providers/Microsoft.Sql/servers/sql-server-7922/elasticPools/sql-pool-8463?api-version=2022-08-01-preview",
      "RequestMethod": "DELETE",
      "RequestHeaders": {
        "Authorization": "Sanitized",
        "traceparent": "00-1ce35e0d87a747aa59b92c14a13c9062-524da14b9f856124-00",
        "User-Agent": "azsdk-net-ResourceManager.Sql/1.3.0-alpha.20230725.1 (.NET 6.0.20; Microsoft Windows 10.0.22621)",
        "x-ms-client-request-id": "532da4d72a2267f7e5ab1744240fc109",
        "x-ms-return-client-request-id": "true"
      },
      "RequestBody": null,
      "StatusCode": 204,
      "ResponseHeaders": {
        "Cache-Control": "no-cache",
        "Date": "Wed, 26 Jul 2023 01:42:04 GMT",
        "Expires": "-1",
        "Pragma": "no-cache",
        "Server": "Microsoft-HTTPAPI/2.0",
        "Strict-Transport-Security": "max-age=31536000; includeSubDomains",
        "X-Content-Type-Options": "nosniff",
        "x-ms-correlation-request-id": "b97d49fe-f98e-4dee-9be2-c073255da1d1",
        "x-ms-ratelimit-remaining-subscription-deletes": "14991",
        "x-ms-request-id": "92ca7920-728d-4186-bd32-4e1d19dbe216",
        "x-ms-routing-request-id": "WESTUS:20230726T014204Z:b97d49fe-f98e-4dee-9be2-c073255da1d1"
      },
      "ResponseBody": null
    },
    {
      "RequestUri": "https://management.azure.com/subscriptions/2c647056-bab2-4175-b172-493ff049eb29/resourceGroups/Sql-RG-6587/providers/Microsoft.Sql/servers/sql-server-7922/elasticPools/sql-pool-6007?api-version=2022-08-01-preview",
      "RequestMethod": "GET",
      "RequestHeaders": {
        "Accept": "application/json",
        "Authorization": "Sanitized",
        "traceparent": "00-5b6c52f5e23c04462bf3aa7979fb3774-39e0790be925b846-00",
        "User-Agent": "azsdk-net-ResourceManager.Sql/1.3.0-alpha.20230725.1 (.NET 6.0.20; Microsoft Windows 10.0.22621)",
        "x-ms-client-request-id": "f8febc8b438b205dcc043528518d048d",
        "x-ms-return-client-request-id": "true"
      },
      "RequestBody": null,
      "StatusCode": 200,
      "ResponseHeaders": {
        "Cache-Control": "no-cache",
        "Content-Length": "771",
        "Content-Type": "application/json; charset=utf-8",
        "Date": "Wed, 26 Jul 2023 01:42:04 GMT",
        "Expires": "-1",
        "Pragma": "no-cache",
        "Server": "Microsoft-HTTPAPI/2.0",
        "Strict-Transport-Security": "max-age=31536000; includeSubDomains",
        "X-Content-Type-Options": "nosniff",
        "x-ms-correlation-request-id": "e6742927-c437-4952-b598-8586e4ba3e0c",
        "x-ms-ratelimit-remaining-subscription-reads": "11897",
        "x-ms-request-id": "d58168e6-e5aa-4a21-9696-1994bab5f3af",
        "x-ms-routing-request-id": "WESTUS:20230726T014204Z:e6742927-c437-4952-b598-8586e4ba3e0c"
      },
      "ResponseBody": {
        "sku": {
          "name": "GP_Gen5",
          "tier": "GeneralPurpose",
          "family": "Gen5",
          "capacity": 2
        },
        "kind": "vcore,pool",
        "properties": {
          "state": "Ready",
          "creationDate": "2023-07-26T01:41:14.653Z",
          "maxSizeBytes": 34359738368,
          "perDatabaseSettings": {
            "minCapacity": 0.0000,
            "maxCapacity": 2.0000
          },
          "zoneRedundant": false,
          "licenseType": "LicenseIncluded",
          "maintenanceConfigurationId": "/subscriptions/2c647056-bab2-4175-b172-493ff049eb29/providers/Microsoft.Maintenance/publicMaintenanceConfigurations/SQL_Default",
          "availabilityZone": "NoPreference"
        },
        "location": "uksouth",
        "tags": {},
        "id": "/subscriptions/2c647056-bab2-4175-b172-493ff049eb29/resourceGroups/Sql-RG-6587/providers/Microsoft.Sql/servers/sql-server-7922/elasticPools/sql-pool-6007",
        "name": "sql-pool-6007",
        "type": "Microsoft.Sql/servers/elasticPools"
      }
    },
    {
      "RequestUri": "https://management.azure.com/subscriptions/2c647056-bab2-4175-b172-493ff049eb29/resourceGroups/Sql-RG-6587/providers/Microsoft.Sql/servers/sql-server-7922/elasticPools/sql-pool-6007?api-version=2022-08-01-preview",
      "RequestMethod": "DELETE",
      "RequestHeaders": {
        "Authorization": "Sanitized",
        "traceparent": "00-2c70f771d68f05b6ebc1ed60c789536d-2b6d23126e0c1830-00",
        "User-Agent": "azsdk-net-ResourceManager.Sql/1.3.0-alpha.20230725.1 (.NET 6.0.20; Microsoft Windows 10.0.22621)",
        "x-ms-client-request-id": "a74d5166ab10177249be3ec2d69749fc",
        "x-ms-return-client-request-id": "true"
      },
      "RequestBody": null,
      "StatusCode": 204,
      "ResponseHeaders": {
        "Cache-Control": "no-cache",
        "Date": "Wed, 26 Jul 2023 01:42:06 GMT",
        "Expires": "-1",
        "Pragma": "no-cache",
        "Server": "Microsoft-HTTPAPI/2.0",
        "Strict-Transport-Security": "max-age=31536000; includeSubDomains",
        "X-Content-Type-Options": "nosniff",
        "x-ms-correlation-request-id": "4b1d8865-9362-4bd4-b42c-032021c42ccc",
        "x-ms-ratelimit-remaining-subscription-deletes": "14990",
        "x-ms-request-id": "516d3900-3b64-4163-bc14-b0cc7806d00c",
        "x-ms-routing-request-id": "WESTUS:20230726T014206Z:4b1d8865-9362-4bd4-b42c-032021c42ccc"
      },
      "ResponseBody": null
    },
    {
      "RequestUri": "https://management.azure.com/subscriptions/2c647056-bab2-4175-b172-493ff049eb29/resourceGroups/Sql-RG-6587/providers/Microsoft.Sql/servers/sql-server-7922/elasticPools?api-version=2022-08-01-preview",
      "RequestMethod": "GET",
      "RequestHeaders": {
        "Accept": "application/json",
        "Authorization": "Sanitized",
        "User-Agent": "azsdk-net-ResourceManager.Sql/1.3.0-alpha.20230725.1 (.NET 6.0.20; Microsoft Windows 10.0.22621)",
        "x-ms-client-request-id": "ccf8c55b8f9bdf5449e7afcd059b4934",
        "x-ms-return-client-request-id": "true"
      },
      "RequestBody": null,
      "StatusCode": 200,
      "ResponseHeaders": {
        "Cache-Control": "no-cache",
        "Content-Length": "12",
        "Content-Type": "application/json; charset=utf-8",
        "Date": "Wed, 26 Jul 2023 01:42:06 GMT",
        "Expires": "-1",
        "Pragma": "no-cache",
        "Server": "Microsoft-HTTPAPI/2.0",
        "Strict-Transport-Security": "max-age=31536000; includeSubDomains",
        "X-Content-Type-Options": "nosniff",
        "x-ms-correlation-request-id": "977ca3eb-41b1-41a4-a375-a50fab1b987f",
        "x-ms-ratelimit-remaining-subscription-reads": "11896",
        "x-ms-request-id": "40eab7aa-8e95-4f9b-adfe-5813d20a625a",
        "x-ms-routing-request-id": "WESTUS:20230726T014206Z:977ca3eb-41b1-41a4-a375-a50fab1b987f"
      },
      "ResponseBody": {
        "value": []
      }
    },
    {
      "RequestUri": "https://management.azure.com/subscriptions/2c647056-bab2-4175-b172-493ff049eb29/resourceGroups/Sql-RG-6587/providers/Microsoft.Sql/servers?api-version=2022-08-01-preview",
      "RequestMethod": "GET",
      "RequestHeaders": {
        "Accept": "application/json",
        "Authorization": "Sanitized",
        "User-Agent": "azsdk-net-ResourceManager.Sql/1.3.0-alpha.20230725.1 (.NET 6.0.20; Microsoft Windows 10.0.22621)",
        "x-ms-client-request-id": "9fb438bb9cd49d7dd270c3155df08c16",
        "x-ms-return-client-request-id": "true"
      },
      "RequestBody": null,
      "StatusCode": 200,
      "ResponseHeaders": {
        "Cache-Control": "no-cache",
        "Content-Length": "580",
        "Content-Type": "application/json; charset=utf-8",
        "Date": "Wed, 26 Jul 2023 01:42:06 GMT",
        "Expires": "-1",
        "Pragma": "no-cache",
        "Server": "Microsoft-HTTPAPI/2.0",
        "Strict-Transport-Security": "max-age=31536000; includeSubDomains",
        "X-Content-Type-Options": "nosniff",
        "x-ms-correlation-request-id": "52b395d7-ad50-4aaa-9e9b-89e13a8b44d0",
        "x-ms-ratelimit-remaining-subscription-reads": "11895",
        "x-ms-request-id": "8d852cef-03fc-4455-b579-0d6980f99f12",
        "x-ms-routing-request-id": "WESTUS:20230726T014206Z:52b395d7-ad50-4aaa-9e9b-89e13a8b44d0"
      },
      "ResponseBody": {
        "value": [
          {
            "kind": "v12.0",
            "properties": {
              "administratorLogin": "admin-sql-server-7922",
              "version": "12.0",
              "state": "Ready",
              "fullyQualifiedDomainName": "sql-server-7922.database.windows.net",
              "privateEndpointConnections": [],
              "minimalTlsVersion": "None",
              "publicNetworkAccess": "Enabled",
              "restrictOutboundNetworkAccess": "Disabled",
              "externalGovernanceStatus": "Disabled"
            },
            "location": "uksouth",
            "tags": {},
            "id": "/subscriptions/2c647056-bab2-4175-b172-493ff049eb29/resourceGroups/Sql-RG-6587/providers/Microsoft.Sql/servers/sql-server-7922",
            "name": "sql-server-7922",
            "type": "Microsoft.Sql/servers"
          }
        ]
      }
    },
    {
      "RequestUri": "https://management.azure.com/subscriptions/2c647056-bab2-4175-b172-493ff049eb29/resourceGroups/Sql-RG-6587/providers/Microsoft.Sql/servers/sql-server-7922?api-version=2022-08-01-preview",
      "RequestMethod": "DELETE",
      "RequestHeaders": {
        "Authorization": "Sanitized",
        "traceparent": "00-ec0bf2b9d10cb24acd55faef36f5ba9e-a68986ded7b4887d-00",
        "User-Agent": "azsdk-net-ResourceManager.Sql/1.3.0-alpha.20230725.1 (.NET 6.0.20; Microsoft Windows 10.0.22621)",
        "x-ms-client-request-id": "1066b5a17c9ee4615dd91e2919b0d748",
        "x-ms-return-client-request-id": "true"
      },
      "RequestBody": null,
      "StatusCode": 202,
      "ResponseHeaders": {
        "Azure-AsyncOperation": "https://management.azure.com/subscriptions/2c647056-bab2-4175-b172-493ff049eb29/resourceGroups/Sql-RG-6587/providers/Microsoft.Sql/locations/uksouth/serverAzureAsyncOperation/7c4c8226-5a0c-43f3-ad2e-d14ebac17707?api-version=2022-08-01-preview",
        "Cache-Control": "no-cache",
        "Content-Length": "72",
        "Content-Type": "application/json; charset=utf-8",
        "Date": "Wed, 26 Jul 2023 01:42:07 GMT",
        "Expires": "-1",
        "Location": "https://management.azure.com/subscriptions/2c647056-bab2-4175-b172-493ff049eb29/resourceGroups/Sql-RG-6587/providers/Microsoft.Sql/locations/uksouth/serverOperationResults/7c4c8226-5a0c-43f3-ad2e-d14ebac17707?api-version=2022-08-01-preview",
        "Pragma": "no-cache",
        "Retry-After": "15",
        "Server": "Microsoft-HTTPAPI/2.0",
        "Strict-Transport-Security": "max-age=31536000; includeSubDomains",
        "X-Content-Type-Options": "nosniff",
        "x-ms-correlation-request-id": "b8489814-d656-4762-9b81-b7e7b694fc04",
        "x-ms-ratelimit-remaining-subscription-deletes": "14989",
        "x-ms-request-id": "7c4c8226-5a0c-43f3-ad2e-d14ebac17707",
        "x-ms-routing-request-id": "WESTUS:20230726T014207Z:b8489814-d656-4762-9b81-b7e7b694fc04"
      },
      "ResponseBody": {
        "operation": "DropLogicalServer",
        "startTime": "2023-07-26T01:42:07.277Z"
      }
    },
    {
      "RequestUri": "https://management.azure.com/subscriptions/2c647056-bab2-4175-b172-493ff049eb29/resourceGroups/Sql-RG-6587/providers/Microsoft.Sql/locations/uksouth/serverAzureAsyncOperation/7c4c8226-5a0c-43f3-ad2e-d14ebac17707?api-version=2022-08-01-preview",
      "RequestMethod": "GET",
      "RequestHeaders": {
        "Authorization": "Sanitized",
        "traceparent": "00-ec0bf2b9d10cb24acd55faef36f5ba9e-f1baced45c91ed16-00",
        "User-Agent": "azsdk-net-ResourceManager/1.7.0 (.NET 6.0.20; Microsoft Windows 10.0.22621)",
        "x-ms-client-request-id": "502c985a38343f95d7cf42fb7d548422",
        "x-ms-return-client-request-id": "true"
      },
      "RequestBody": null,
      "StatusCode": 200,
      "ResponseHeaders": {
        "Cache-Control": "no-cache",
        "Content-Length": "108",
        "Content-Type": "application/json; charset=utf-8",
        "Date": "Wed, 26 Jul 2023 01:42:07 GMT",
        "Expires": "-1",
        "Pragma": "no-cache",
        "Retry-After": "15",
        "Server": "Microsoft-HTTPAPI/2.0",
        "Strict-Transport-Security": "max-age=31536000; includeSubDomains",
        "X-Content-Type-Options": "nosniff",
        "x-ms-correlation-request-id": "79bedc4f-6738-413a-94b5-a3876bd0c212",
        "x-ms-ratelimit-remaining-subscription-reads": "11894",
        "x-ms-request-id": "8871b71e-0ef2-4890-ba6f-1c4a60a2706c",
        "x-ms-routing-request-id": "WESTUS:20230726T014207Z:79bedc4f-6738-413a-94b5-a3876bd0c212"
      },
      "ResponseBody": {
        "name": "7c4c8226-5a0c-43f3-ad2e-d14ebac17707",
        "status": "InProgress",
        "startTime": "2023-07-26T01:42:07.277Z"
      }
    },
    {
      "RequestUri": "https://management.azure.com/subscriptions/2c647056-bab2-4175-b172-493ff049eb29/resourceGroups/Sql-RG-6587/providers/Microsoft.Sql/locations/uksouth/serverAzureAsyncOperation/7c4c8226-5a0c-43f3-ad2e-d14ebac17707?api-version=2022-08-01-preview",
      "RequestMethod": "GET",
      "RequestHeaders": {
        "Authorization": "Sanitized",
        "traceparent": "00-ec0bf2b9d10cb24acd55faef36f5ba9e-81b7fa1f309fe3cc-00",
        "User-Agent": "azsdk-net-ResourceManager/1.7.0 (.NET 6.0.20; Microsoft Windows 10.0.22621)",
        "x-ms-client-request-id": "44647a983b2a229801a7c8438235181d",
        "x-ms-return-client-request-id": "true"
      },
      "RequestBody": null,
      "StatusCode": 200,
      "ResponseHeaders": {
        "Cache-Control": "no-cache",
        "Content-Length": "107",
        "Content-Type": "application/json; charset=utf-8",
        "Date": "Wed, 26 Jul 2023 01:42:22 GMT",
        "Expires": "-1",
        "Pragma": "no-cache",
        "Retry-After": "15",
        "Server": "Microsoft-HTTPAPI/2.0",
        "Strict-Transport-Security": "max-age=31536000; includeSubDomains",
        "X-Content-Type-Options": "nosniff",
        "x-ms-correlation-request-id": "de2a3aa3-9e62-440e-a264-7528a7d6fce0",
        "x-ms-ratelimit-remaining-subscription-reads": "11893",
        "x-ms-request-id": "f9f9b7e6-e544-4199-83e3-bc999cd65b51",
        "x-ms-routing-request-id": "WESTUS:20230726T014222Z:de2a3aa3-9e62-440e-a264-7528a7d6fce0"
      },
      "ResponseBody": {
        "name": "7c4c8226-5a0c-43f3-ad2e-d14ebac17707",
        "status": "Succeeded",
        "startTime": "2023-07-26T01:42:07.277Z"
      }
    }
  ],
  "Variables": {
    "AZURE_AUTHORITY_HOST": "https://login.microsoftonline.com",
    "RandomSeed": "709754779",
    "RESOURCE_MANAGER_URL": null,
    "SUBSCRIPTION_ID": "2c647056-bab2-4175-b172-493ff049eb29"
  }
}
