{
  "Entries": [
    {
      "RequestUri": "https://amandapreprod.blob.core.windows.net/test-container-dae8ddc2-e8fb-47ae-a0d9-2aaf5702e439?restype=container",
      "RequestMethod": "PUT",
      "RequestHeaders": {
        "Accept": "application/xml",
        "Authorization": "Sanitized",
        "Content-Length": "0",
        "traceparent": "00-c870f916d628d80c9bf2ae9dcb00e4d1-a90ffbf9e7c4f256-00",
        "User-Agent": "azsdk-net-Storage.Blobs/12.24.0-alpha.20250306.1 (.NET Framework 4.8.9290.0; Microsoft Windows 10.0.26100 )",
        "x-ms-client-request-id": "Sanitized",
        "x-ms-date": "Thu, 06 Mar 2025 20:22:21 GMT",
        "x-ms-return-client-request-id": "true",
        "x-ms-version": "2025-05-05"
      },
      "RequestBody": null,
      "StatusCode": 201,
      "ResponseHeaders": {
        "Content-Length": "0",
        "Date": "Thu, 06 Mar 2025 20:22:10 GMT",
        "ETag": "\"0x8DD5CEC937F8D7E\"",
        "Last-Modified": "Thu, 06 Mar 2025 20:22:11 GMT",
        "Server": [
          "Windows-Azure-Blob/1.0",
          "Microsoft-HTTPAPI/2.0"
        ],
        "x-ms-client-request-id": "Sanitized",
        "x-ms-request-id": "7e876448-d01e-0049-64d5-8ee25f000000",
        "x-ms-version": "2025-05-05"
      },
      "ResponseBody": null
    },
    {
      "RequestUri": "https://amandapreprod.blob.core.windows.net/test-container-dae8ddc2-e8fb-47ae-a0d9-2aaf5702e439/test-blob-de3818f3-4045-c126-1695-1b2e7fcb502d",
      "RequestMethod": "PUT",
      "RequestHeaders": {
        "Accept": "application/xml",
        "Authorization": "Sanitized",
        "Content-Length": "0",
        "Content-Type": "application/octet-stream",
        "traceparent": "00-97befd9dbc4a42b55beaaf95507b25de-afb9737df1e6df1c-00",
        "User-Agent": "azsdk-net-Storage.Blobs/12.24.0-alpha.20250306.1 (.NET Framework 4.8.9290.0; Microsoft Windows 10.0.26100 )",
        "x-ms-blob-type": "BlockBlob",
        "x-ms-client-request-id": "Sanitized",
        "x-ms-date": "Thu, 06 Mar 2025 20:22:21 GMT",
        "x-ms-return-client-request-id": "true",
        "x-ms-version": "2025-05-05"
      },
      "RequestBody": null,
      "StatusCode": 201,
      "ResponseHeaders": {
        "Content-Length": "0",
        "Content-MD5": "1B2M2Y8AsgTpgAmY7PhCfg==",
        "Date": "Thu, 06 Mar 2025 20:22:10 GMT",
        "ETag": "\"0x8DD5CEC9386F10C\"",
        "Last-Modified": "Thu, 06 Mar 2025 20:22:11 GMT",
        "Server": [
          "Windows-Azure-Blob/1.0",
          "Microsoft-HTTPAPI/2.0"
        ],
        "x-ms-client-request-id": "Sanitized",
        "x-ms-content-crc64": "AAAAAAAAAAA=",
        "x-ms-request-id": "7e876463-d01e-0049-7bd5-8ee25f000000",
        "x-ms-request-server-encrypted": "true",
        "x-ms-version": "2025-05-05"
      },
      "ResponseBody": null
    },
    {
      "RequestUri": "https://amandapreprod.blob.core.windows.net/test-container-dae8ddc2-e8fb-47ae-a0d9-2aaf5702e439/test-blob-de3818f3-4045-c126-1695-1b2e7fcb502d?comp=block&blockid=AAQAAAAAAAAAAAAAAAAAAAAAAAAAAAAAAAAAAAAAAAAAAAAAAAAAAAAAAAAAAAAA",
      "RequestMethod": "PUT",
      "RequestHeaders": {
        "Accept": "application/xml",
        "Authorization": "Sanitized",
        "Content-Length": "1024",
        "Content-Type": "application/octet-stream",
        "User-Agent": "azsdk-net-Storage.Blobs/12.24.0-alpha.20250306.1 (.NET Framework 4.8.9290.0; Microsoft Windows 10.0.26100 )",
        "x-ms-client-request-id": "Sanitized",
        "x-ms-date": "Thu, 06 Mar 2025 20:22:21 GMT",
        "x-ms-return-client-request-id": "true",
        "x-ms-version": "2025-05-05"
      },
      "RequestBody": "RdzyjT2WIq6QW+6eD/tmDPj2NdqNKi6uiN0j10RP8zGMOG0DoVP14lrFKq/LmcrwjsMFooT2ExutQwVgckpqQGe8EdaOY2qkAVJ/xwB/4+4SM0mASlGtliVSVV1OlXAQW+lHDofzYStZYKExdksaLmAWTT8B6fYWD3uxPA0MVWzib2wXONVnHtEdJ+mwex/aNyf9OEcwDnHyMP4MQiUdTAo1TgfeA/WKry5t48IMZpRc1wTlDh0ksmH7JAjWW9ysANrfeiwX+zMycokYwiqu5spqr2ogOD3tEJym49/ttFNRwOPnLetnRNvRs5yTC+82TD49bKtxjMed8WmQcRhURL41xwJHx7jeAmqOT4ShWQWscJegr0eo4DQbSjyB1tPDfG7dXkTt74WFX2lA4j1D/Jhk5AGAs5V2jebNK318XCyXy9IWw/vBv4ARGk/eZ/332E2jHfLSQsjYZ9FdH8MICQM9qRdqLTicoyWAb5lFmCXp1lMv2D45xIgKPVspY5+8CRFMoL3ljKsUB3rNUdMvks6rc0lw2DHEBOSPYO/ccj+Fw2WH+fhnBEmnGtHEbHO02qqMfu9VTDDgiJzZVSu7OJQ6R45up5nWRG//yL5gAJdx24ZFT/RPMHc0p3Fcjq4e7OI8iSXkRTIQtjqAVoNygIcEZ3qldeif6hcWOv8oerXA4dzcI3ZxjJVTNJm6z9n0wSfpVyc0eHf6nJ4Ozgsz6DuEwHSnllwRktrlUkBO5Rs9InjXPiKOjGhk4obYY76JH0xdNQ5kTSvL2MRMTiY2q7eC0ayTW6oY9jQMQrPWOS8cXDL08K8N2NRMDGZdQT1CLjbPVZIR9sShRD/aWAt39Z+VMPLzQroHdfjXRk5EurX2yRN9BuOcCmZuUqtwMn/J1RfGxxBLTut7x9+ZOrB1XYqJ5I/3+u67+SaMhe8PlkN5DXA3ffKkqnsoAT8DAs+1+PQh507w0tspC87qv8j8bDGcIC0/PuCX5DkTz/iut/ZW1o367a/1iDqVDXIkuuuyK5QOZuKidrkUigIU3APielPXk+g7AX+Bp5fyqTBucilNYaNkoFEUtF/T5mKs4Kw3s5MeTCcCdyoVjL9LsM2JphfYx3tgfdkCw9+JZxsc1MfruvWdTyYCSup5ThSRyAOSSj9L0xkw1jW5HIhHeQ8O+bf3YPXX61fx1nyR5y/FcPrb9x3b0QCuuuPA5DKdutHaalVdmmgOul7oWf2dn+8G9KyNa4LxMii2SaURFwckUxurtnzaZ9aRzTy+83cDERv0ue+GD05O6TcsplDD/KNXxAXi8ehzLIzW+55GMj+wsziKHV0XnUTMXM1ErcGFztGZZi9xIB8ygI1jsBOwCLb4fA==",
      "StatusCode": 201,
      "ResponseHeaders": {
        "Content-Length": "0",
        "Date": "Thu, 06 Mar 2025 20:22:10 GMT",
        "Server": [
          "Windows-Azure-Blob/1.0",
          "Microsoft-HTTPAPI/2.0"
        ],
        "x-ms-client-request-id": "Sanitized",
        "x-ms-content-crc64": "+JfX764kWbI=",
        "x-ms-request-id": "7e876474-d01e-0049-0ad5-8ee25f000000",
        "x-ms-request-server-encrypted": "true",
        "x-ms-version": "2025-05-05"
      },
      "ResponseBody": null
    },
    {
      "RequestUri": "https://amandapreprod.blob.core.windows.net/test-container-dae8ddc2-e8fb-47ae-a0d9-2aaf5702e439/test-blob-de3818f3-4045-c126-1695-1b2e7fcb502d?comp=blocklist",
      "RequestMethod": "PUT",
      "RequestHeaders": {
        "Accept": "application/xml",
        "Authorization": "Sanitized",
        "Content-Length": "107",
        "Content-Type": "application/xml",
        "If-Match": "\"0x8DD5CEC9386F10C\"",
        "User-Agent": "azsdk-net-Storage.Blobs/12.24.0-alpha.20250306.1 (.NET Framework 4.8.9290.0; Microsoft Windows 10.0.26100 )",
        "x-ms-client-request-id": "Sanitized",
        "x-ms-date": "Thu, 06 Mar 2025 20:22:21 GMT",
        "x-ms-return-client-request-id": "true",
        "x-ms-version": "2025-05-05"
      },
      "RequestBody": "\uFEFF<BlockList><Latest>AAQAAAAAAAAAAAAAAAAAAAAAAAAAAAAAAAAAAAAAAAAAAAAAAAAAAAAAAAAAAAAA</Latest></BlockList>",
      "StatusCode": 201,
      "ResponseHeaders": {
        "Content-Length": "0",
        "Date": "Thu, 06 Mar 2025 20:22:10 GMT",
        "ETag": "\"0x8DD5CEC939696E4\"",
        "Last-Modified": "Thu, 06 Mar 2025 20:22:11 GMT",
        "Server": [
          "Windows-Azure-Blob/1.0",
          "Microsoft-HTTPAPI/2.0"
        ],
        "x-ms-client-request-id": "Sanitized",
        "x-ms-content-crc64": "17m5j6ScWgM=",
        "x-ms-request-id": "7e87648e-d01e-0049-22d5-8ee25f000000",
        "x-ms-request-server-encrypted": "true",
        "x-ms-version": "2025-05-05"
      },
      "ResponseBody": null
    },
    {
      "RequestUri": "https://amandapreprod.blob.core.windows.net/test-container-dae8ddc2-e8fb-47ae-a0d9-2aaf5702e439/test-blob-de3818f3-4045-c126-1695-1b2e7fcb502d",
      "RequestMethod": "HEAD",
      "RequestHeaders": {
        "Accept": "application/xml",
        "Authorization": "Sanitized",
        "traceparent": "00-6f2560feea76060b5ee879fa0f406df3-2a8ab674a9b74a8c-00",
        "User-Agent": "azsdk-net-Storage.Blobs/12.24.0-alpha.20250306.1 (.NET Framework 4.8.9290.0; Microsoft Windows 10.0.26100 )",
        "x-ms-client-request-id": "Sanitized",
        "x-ms-date": "Thu, 06 Mar 2025 20:22:21 GMT",
        "x-ms-return-client-request-id": "true",
        "x-ms-version": "2025-05-05"
      },
      "RequestBody": null,
      "StatusCode": 200,
      "ResponseHeaders": {
        "Accept-Ranges": "bytes",
        "Content-Length": "1024",
        "Content-Type": "application/octet-stream",
        "Date": "Thu, 06 Mar 2025 20:22:10 GMT",
        "ETag": "\"0x8DD5CEC939696E4\"",
        "Last-Modified": "Thu, 06 Mar 2025 20:22:11 GMT",
        "Server": [
          "Windows-Azure-Blob/1.0",
          "Microsoft-HTTPAPI/2.0"
        ],
        "x-ms-access-tier": "Hot",
        "x-ms-access-tier-inferred": "true",
        "x-ms-blob-type": "BlockBlob",
        "x-ms-client-request-id": "Sanitized",
        "x-ms-creation-time": "Thu, 06 Mar 2025 20:22:11 GMT",
        "x-ms-lease-state": "available",
        "x-ms-lease-status": "unlocked",
        "x-ms-request-id": "7e8764a4-d01e-0049-35d5-8ee25f000000",
        "x-ms-server-encrypted": "true",
        "x-ms-version": "2025-05-05"
      },
      "ResponseBody": null
    },
    {
      "RequestUri": "https://amandapreprod.blob.core.windows.net/test-container-dae8ddc2-e8fb-47ae-a0d9-2aaf5702e439/test-blob-de3818f3-4045-c126-1695-1b2e7fcb502d",
      "RequestMethod": "GET",
      "RequestHeaders": {
        "Accept": "application/xml",
        "Authorization": "Sanitized",
        "If-Match": "\"0x8DD5CEC939696E4\"",
        "User-Agent": "azsdk-net-Storage.Blobs/12.24.0-alpha.20250306.1 (.NET Framework 4.8.9290.0; Microsoft Windows 10.0.26100 )",
        "x-ms-client-request-id": "Sanitized",
        "x-ms-date": "Thu, 06 Mar 2025 20:22:21 GMT",
        "x-ms-range": "bytes=0-127",
        "x-ms-return-client-request-id": "true",
        "x-ms-version": "2025-05-05"
      },
      "RequestBody": null,
      "StatusCode": 206,
      "ResponseHeaders": {
        "Accept-Ranges": "bytes",
        "Content-Length": "128",
        "Content-Range": "bytes 0-127/1024",
        "Content-Type": "application/octet-stream",
        "Date": "Thu, 06 Mar 2025 20:22:10 GMT",
        "ETag": "\"0x8DD5CEC939696E4\"",
        "Last-Modified": "Thu, 06 Mar 2025 20:22:11 GMT",
        "Server": [
          "Windows-Azure-Blob/1.0",
          "Microsoft-HTTPAPI/2.0"
        ],
        "x-ms-blob-type": "BlockBlob",
        "x-ms-client-request-id": "Sanitized",
        "x-ms-creation-time": "Thu, 06 Mar 2025 20:22:11 GMT",
        "x-ms-lease-state": "available",
        "x-ms-lease-status": "unlocked",
        "x-ms-request-id": "7e8764b3-d01e-0049-44d5-8ee25f000000",
        "x-ms-server-encrypted": "true",
        "x-ms-version": "2025-05-05"
      },
      "ResponseBody": "RdzyjT2WIq6QW+6eD/tmDPj2NdqNKi6uiN0j10RP8zGMOG0DoVP14lrFKq/LmcrwjsMFooT2ExutQwVgckpqQGe8EdaOY2qkAVJ/xwB/4+4SM0mASlGtliVSVV1OlXAQW+lHDofzYStZYKExdksaLmAWTT8B6fYWD3uxPA0MVWw="
    },
    {
      "RequestUri": "https://amandapreprod.blob.core.windows.net/test-container-dae8ddc2-e8fb-47ae-a0d9-2aaf5702e439/test-blob-de3818f3-4045-c126-1695-1b2e7fcb502d",
      "RequestMethod": "GET",
      "RequestHeaders": {
        "Accept": "application/xml",
        "Authorization": "Sanitized",
        "If-Match": "\"0x8DD5CEC939696E4\"",
        "User-Agent": "azsdk-net-Storage.Blobs/12.24.0-alpha.20250306.1 (.NET Framework 4.8.9290.0; Microsoft Windows 10.0.26100 )",
        "x-ms-client-request-id": "Sanitized",
        "x-ms-date": "Thu, 06 Mar 2025 20:22:21 GMT",
        "x-ms-range": "bytes=128-255",
        "x-ms-return-client-request-id": "true",
        "x-ms-version": "2025-05-05"
      },
      "RequestBody": null,
      "StatusCode": 206,
      "ResponseHeaders": {
        "Accept-Ranges": "bytes",
        "Content-Length": "128",
        "Content-Range": "bytes 128-255/1024",
        "Content-Type": "application/octet-stream",
        "Date": "Thu, 06 Mar 2025 20:22:10 GMT",
        "ETag": "\"0x8DD5CEC939696E4\"",
        "Last-Modified": "Thu, 06 Mar 2025 20:22:11 GMT",
        "Server": [
          "Windows-Azure-Blob/1.0",
          "Microsoft-HTTPAPI/2.0"
        ],
        "x-ms-blob-type": "BlockBlob",
        "x-ms-client-request-id": "Sanitized",
        "x-ms-creation-time": "Thu, 06 Mar 2025 20:22:11 GMT",
        "x-ms-lease-state": "available",
        "x-ms-lease-status": "unlocked",
        "x-ms-request-id": "7e8764cd-d01e-0049-5ad5-8ee25f000000",
        "x-ms-server-encrypted": "true",
        "x-ms-version": "2025-05-05"
      },
      "ResponseBody": "4m9sFzjVZx7RHSfpsHsf2jcn/ThHMA5x8jD+DEIlHUwKNU4H3gP1iq8ubePCDGaUXNcE5Q4dJLJh+yQI1lvcrADa33osF/szMnKJGMIqrubKaq9qIDg97RCcpuPf7bRTUcDj5y3rZ0Tb0bOckwvvNkw+PWyrcYzHnfFpkHEYVEQ="
    },
    {
      "RequestUri": "https://amandapreprod.blob.core.windows.net/test-container-dae8ddc2-e8fb-47ae-a0d9-2aaf5702e439/test-blob-de3818f3-4045-c126-1695-1b2e7fcb502d",
      "RequestMethod": "GET",
      "RequestHeaders": {
        "Accept": "application/xml",
        "Authorization": "Sanitized",
        "If-Match": "\"0x8DD5CEC939696E4\"",
        "User-Agent": "azsdk-net-Storage.Blobs/12.24.0-alpha.20250306.1 (.NET Framework 4.8.9290.0; Microsoft Windows 10.0.26100 )",
        "x-ms-client-request-id": "Sanitized",
        "x-ms-date": "Thu, 06 Mar 2025 20:22:21 GMT",
        "x-ms-range": "bytes=256-383",
        "x-ms-return-client-request-id": "true",
        "x-ms-version": "2025-05-05"
      },
      "RequestBody": null,
      "StatusCode": 206,
      "ResponseHeaders": {
        "Accept-Ranges": "bytes",
        "Content-Length": "128",
        "Content-Range": "bytes 256-383/1024",
        "Content-Type": "application/octet-stream",
        "Date": "Thu, 06 Mar 2025 20:22:10 GMT",
        "ETag": "\"0x8DD5CEC939696E4\"",
        "Last-Modified": "Thu, 06 Mar 2025 20:22:11 GMT",
        "Server": [
          "Windows-Azure-Blob/1.0",
          "Microsoft-HTTPAPI/2.0"
        ],
        "x-ms-blob-type": "BlockBlob",
        "x-ms-client-request-id": "Sanitized",
        "x-ms-creation-time": "Thu, 06 Mar 2025 20:22:11 GMT",
        "x-ms-lease-state": "available",
        "x-ms-lease-status": "unlocked",
        "x-ms-request-id": "7e8764df-d01e-0049-6cd5-8ee25f000000",
        "x-ms-server-encrypted": "true",
        "x-ms-version": "2025-05-05"
      },
      "ResponseBody": "vjXHAkfHuN4Cao5PhKFZBaxwl6CvR6jgNBtKPIHW08N8bt1eRO3vhYVfaUDiPUP8mGTkAYCzlXaN5s0rfXxcLJfL0hbD+8G/gBEaT95n/ffYTaMd8tJCyNhn0V0fwwgJAz2pF2otOJyjJYBvmUWYJenWUy/YPjnEiAo9Wyljn7w="
    },
    {
      "RequestUri": "https://amandapreprod.blob.core.windows.net/test-container-dae8ddc2-e8fb-47ae-a0d9-2aaf5702e439/test-blob-de3818f3-4045-c126-1695-1b2e7fcb502d",
      "RequestMethod": "GET",
      "RequestHeaders": {
        "Accept": "application/xml",
        "Authorization": "Sanitized",
        "If-Match": "\"0x8DD5CEC939696E4\"",
        "User-Agent": "azsdk-net-Storage.Blobs/12.24.0-alpha.20250306.1 (.NET Framework 4.8.9290.0; Microsoft Windows 10.0.26100 )",
        "x-ms-client-request-id": "Sanitized",
        "x-ms-date": "Thu, 06 Mar 2025 20:22:21 GMT",
        "x-ms-range": "bytes=384-511",
        "x-ms-return-client-request-id": "true",
        "x-ms-version": "2025-05-05"
      },
      "RequestBody": null,
      "StatusCode": 206,
      "ResponseHeaders": {
        "Accept-Ranges": "bytes",
        "Content-Length": "128",
        "Content-Range": "bytes 384-511/1024",
        "Content-Type": "application/octet-stream",
        "Date": "Thu, 06 Mar 2025 20:22:10 GMT",
        "ETag": "\"0x8DD5CEC939696E4\"",
        "Last-Modified": "Thu, 06 Mar 2025 20:22:11 GMT",
        "Server": [
          "Windows-Azure-Blob/1.0",
          "Microsoft-HTTPAPI/2.0"
        ],
        "x-ms-blob-type": "BlockBlob",
        "x-ms-client-request-id": "Sanitized",
        "x-ms-creation-time": "Thu, 06 Mar 2025 20:22:11 GMT",
        "x-ms-lease-state": "available",
        "x-ms-lease-status": "unlocked",
        "x-ms-request-id": "7e8764f0-d01e-0049-7cd5-8ee25f000000",
        "x-ms-server-encrypted": "true",
        "x-ms-version": "2025-05-05"
      },
      "ResponseBody": "CRFMoL3ljKsUB3rNUdMvks6rc0lw2DHEBOSPYO/ccj+Fw2WH+fhnBEmnGtHEbHO02qqMfu9VTDDgiJzZVSu7OJQ6R45up5nWRG//yL5gAJdx24ZFT/RPMHc0p3Fcjq4e7OI8iSXkRTIQtjqAVoNygIcEZ3qldeif6hcWOv8oerU="
    },
    {
      "RequestUri": "https://amandapreprod.blob.core.windows.net/test-container-dae8ddc2-e8fb-47ae-a0d9-2aaf5702e439/test-blob-de3818f3-4045-c126-1695-1b2e7fcb502d",
      "RequestMethod": "GET",
      "RequestHeaders": {
        "Accept": "application/xml",
        "Authorization": "Sanitized",
        "If-Match": "\"0x8DD5CEC939696E4\"",
        "User-Agent": "azsdk-net-Storage.Blobs/12.24.0-alpha.20250306.1 (.NET Framework 4.8.9290.0; Microsoft Windows 10.0.26100 )",
        "x-ms-client-request-id": "Sanitized",
        "x-ms-date": "Thu, 06 Mar 2025 20:22:21 GMT",
        "x-ms-range": "bytes=512-639",
        "x-ms-return-client-request-id": "true",
        "x-ms-version": "2025-05-05"
      },
      "RequestBody": null,
      "StatusCode": 206,
      "ResponseHeaders": {
        "Accept-Ranges": "bytes",
        "Content-Length": "128",
        "Content-Range": "bytes 512-639/1024",
        "Content-Type": "application/octet-stream",
        "Date": "Thu, 06 Mar 2025 20:22:10 GMT",
        "ETag": "\"0x8DD5CEC939696E4\"",
        "Last-Modified": "Thu, 06 Mar 2025 20:22:11 GMT",
        "Server": [
          "Windows-Azure-Blob/1.0",
          "Microsoft-HTTPAPI/2.0"
        ],
        "x-ms-blob-type": "BlockBlob",
        "x-ms-client-request-id": "Sanitized",
        "x-ms-creation-time": "Thu, 06 Mar 2025 20:22:11 GMT",
        "x-ms-lease-state": "available",
        "x-ms-lease-status": "unlocked",
        "x-ms-request-id": "7e87650c-d01e-0049-16d5-8ee25f000000",
        "x-ms-server-encrypted": "true",
        "x-ms-version": "2025-05-05"
      },
      "ResponseBody": "wOHc3CN2cYyVUzSZus/Z9MEn6VcnNHh3+pyeDs4LM+g7hMB0p5ZcEZLa5VJATuUbPSJ41z4ijoxoZOKG2GO+iR9MXTUOZE0ry9jETE4mNqu3gtGsk1uqGPY0DEKz1jkvHFwy9PCvDdjUTAxmXUE9Qi42z1WSEfbEoUQ/2lgLd/U="
    },
    {
      "RequestUri": "https://amandapreprod.blob.core.windows.net/test-container-dae8ddc2-e8fb-47ae-a0d9-2aaf5702e439/test-blob-de3818f3-4045-c126-1695-1b2e7fcb502d",
      "RequestMethod": "GET",
      "RequestHeaders": {
        "Accept": "application/xml",
        "Authorization": "Sanitized",
        "If-Match": "\"0x8DD5CEC939696E4\"",
        "User-Agent": "azsdk-net-Storage.Blobs/12.24.0-alpha.20250306.1 (.NET Framework 4.8.9290.0; Microsoft Windows 10.0.26100 )",
        "x-ms-client-request-id": "Sanitized",
        "x-ms-date": "Thu, 06 Mar 2025 20:22:21 GMT",
        "x-ms-range": "bytes=640-767",
        "x-ms-return-client-request-id": "true",
        "x-ms-version": "2025-05-05"
      },
      "RequestBody": null,
      "StatusCode": 206,
      "ResponseHeaders": {
        "Accept-Ranges": "bytes",
        "Content-Length": "128",
        "Content-Range": "bytes 640-767/1024",
        "Content-Type": "application/octet-stream",
        "Date": "Thu, 06 Mar 2025 20:22:10 GMT",
        "ETag": "\"0x8DD5CEC939696E4\"",
        "Last-Modified": "Thu, 06 Mar 2025 20:22:11 GMT",
        "Server": [
          "Windows-Azure-Blob/1.0",
          "Microsoft-HTTPAPI/2.0"
        ],
        "x-ms-blob-type": "BlockBlob",
        "x-ms-client-request-id": "Sanitized",
        "x-ms-creation-time": "Thu, 06 Mar 2025 20:22:11 GMT",
        "x-ms-lease-state": "available",
        "x-ms-lease-status": "unlocked",
        "x-ms-request-id": "7e87651a-d01e-0049-24d5-8ee25f000000",
        "x-ms-server-encrypted": "true",
        "x-ms-version": "2025-05-05"
      },
      "ResponseBody": "n5Uw8vNCugd1+NdGTkS6tfbJE30G45wKZm5Sq3Ayf8nVF8bHEEtO63vH35k6sHVdionkj/f67rv5JoyF7w+WQ3kNcDd98qSqeygBPwMCz7X49CHnTvDS2ykLzuq/yPxsMZwgLT8+4JfkORPP+K639lbWjfrtr/WIOpUNciS667I="
    },
    {
      "RequestUri": "https://amandapreprod.blob.core.windows.net/test-container-dae8ddc2-e8fb-47ae-a0d9-2aaf5702e439/test-blob-de3818f3-4045-c126-1695-1b2e7fcb502d",
      "RequestMethod": "GET",
      "RequestHeaders": {
        "Accept": "application/xml",
        "Authorization": "Sanitized",
        "If-Match": "\"0x8DD5CEC939696E4\"",
        "User-Agent": "azsdk-net-Storage.Blobs/12.24.0-alpha.20250306.1 (.NET Framework 4.8.9290.0; Microsoft Windows 10.0.26100 )",
        "x-ms-client-request-id": "Sanitized",
        "x-ms-date": "Thu, 06 Mar 2025 20:22:21 GMT",
        "x-ms-range": "bytes=768-895",
        "x-ms-return-client-request-id": "true",
        "x-ms-version": "2025-05-05"
      },
      "RequestBody": null,
      "StatusCode": 206,
      "ResponseHeaders": {
        "Accept-Ranges": "bytes",
        "Content-Length": "128",
        "Content-Range": "bytes 768-895/1024",
        "Content-Type": "application/octet-stream",
        "Date": "Thu, 06 Mar 2025 20:22:10 GMT",
        "ETag": "\"0x8DD5CEC939696E4\"",
        "Last-Modified": "Thu, 06 Mar 2025 20:22:11 GMT",
        "Server": [
          "Windows-Azure-Blob/1.0",
          "Microsoft-HTTPAPI/2.0"
        ],
        "x-ms-blob-type": "BlockBlob",
        "x-ms-client-request-id": "Sanitized",
        "x-ms-creation-time": "Thu, 06 Mar 2025 20:22:11 GMT",
        "x-ms-lease-state": "available",
        "x-ms-lease-status": "unlocked",
        "x-ms-request-id": "7e876532-d01e-0049-3cd5-8ee25f000000",
        "x-ms-server-encrypted": "true",
        "x-ms-version": "2025-05-05"
      },
      "ResponseBody": "K5QOZuKidrkUigIU3APielPXk+g7AX+Bp5fyqTBucilNYaNkoFEUtF/T5mKs4Kw3s5MeTCcCdyoVjL9LsM2JphfYx3tgfdkCw9+JZxsc1MfruvWdTyYCSup5ThSRyAOSSj9L0xkw1jW5HIhHeQ8O+bf3YPXX61fx1nyR5y/FcPo="
    },
    {
      "RequestUri": "https://amandapreprod.blob.core.windows.net/test-container-dae8ddc2-e8fb-47ae-a0d9-2aaf5702e439/test-blob-de3818f3-4045-c126-1695-1b2e7fcb502d",
      "RequestMethod": "GET",
      "RequestHeaders": {
        "Accept": "application/xml",
        "Authorization": "Sanitized",
        "If-Match": "\"0x8DD5CEC939696E4\"",
        "User-Agent": "azsdk-net-Storage.Blobs/12.24.0-alpha.20250306.1 (.NET Framework 4.8.9290.0; Microsoft Windows 10.0.26100 )",
        "x-ms-client-request-id": "Sanitized",
        "x-ms-date": "Thu, 06 Mar 2025 20:22:21 GMT",
        "x-ms-range": "bytes=896-1023",
        "x-ms-return-client-request-id": "true",
        "x-ms-version": "2025-05-05"
      },
      "RequestBody": null,
      "StatusCode": 206,
      "ResponseHeaders": {
        "Accept-Ranges": "bytes",
        "Content-Length": "128",
        "Content-Range": "bytes 896-1023/1024",
        "Content-Type": "application/octet-stream",
        "Date": "Thu, 06 Mar 2025 20:22:11 GMT",
        "ETag": "\"0x8DD5CEC939696E4\"",
        "Last-Modified": "Thu, 06 Mar 2025 20:22:11 GMT",
        "Server": [
          "Windows-Azure-Blob/1.0",
          "Microsoft-HTTPAPI/2.0"
        ],
        "x-ms-blob-type": "BlockBlob",
        "x-ms-client-request-id": "Sanitized",
        "x-ms-creation-time": "Thu, 06 Mar 2025 20:22:11 GMT",
        "x-ms-lease-state": "available",
        "x-ms-lease-status": "unlocked",
        "x-ms-request-id": "7e876546-d01e-0049-50d5-8ee25f000000",
        "x-ms-server-encrypted": "true",
        "x-ms-version": "2025-05-05"
      },
      "ResponseBody": "2/cd29EArrrjwOQynbrR2mpVXZpoDrpe6Fn9nZ/vBvSsjWuC8TIotkmlERcHJFMbq7Z82mfWkc08vvN3AxEb9Lnvhg9OTuk3LKZQw/yjV8QF4vHocyyM1vueRjI/sLM4ih1dF51EzFzNRK3Bhc7RmWYvcSAfMoCNY7ATsAi2+Hw="
    },
    {
      "RequestUri": "https://amandapreprod.blob.core.windows.net/test-container-dae8ddc2-e8fb-47ae-a0d9-2aaf5702e439?restype=container",
      "RequestMethod": "DELETE",
      "RequestHeaders": {
        "Accept": "application/xml",
        "Authorization": "Sanitized",
        "traceparent": "00-736b3b56c7aacf46183c654869d6e9ce-26e3840c390ddcf6-00",
        "User-Agent": "azsdk-net-Storage.Blobs/12.24.0-alpha.20250306.1 (.NET Framework 4.8.9290.0; Microsoft Windows 10.0.26100 )",
        "x-ms-client-request-id": "Sanitized",
        "x-ms-date": "Thu, 06 Mar 2025 20:22:21 GMT",
        "x-ms-return-client-request-id": "true",
        "x-ms-version": "2025-05-05"
      },
      "RequestBody": null,
      "StatusCode": 202,
      "ResponseHeaders": {
        "Content-Length": "0",
        "Date": "Thu, 06 Mar 2025 20:22:11 GMT",
        "Server": [
          "Windows-Azure-Blob/1.0",
          "Microsoft-HTTPAPI/2.0"
        ],
        "x-ms-client-request-id": "Sanitized",
        "x-ms-request-id": "7e876565-d01e-0049-6bd5-8ee25f000000",
        "x-ms-version": "2025-05-05"
      },
      "ResponseBody": null
    }
  ],
  "Variables": {
    "RandomSeed": "856343128",
    "Storage_TestConfigDefault": "ProductionTenant\namandapreprod\nU2FuaXRpemVk\nhttps://amandapreprod.blob.core.windows.net\nhttps://amandapreprod.file.core.windows.net\nhttps://amandapreprod.queue.core.windows.net\nhttps://amandapreprod.table.core.windows.net\n\n\n\n\nhttps://amandapreprod-secondary.blob.core.windows.net\nhttps://amandapreprod-secondary.file.core.windows.net\nhttps://amandapreprod-secondary.queue.core.windows.net\nhttps://amandapreprod-secondary.table.core.windows.net\nCloud\nBlobEndpoint=https://amandapreprod.blob.core.windows.net/;QueueEndpoint=https://amandapreprod.queue.core.windows.net/;FileEndpoint=https://amandapreprod.file.core.windows.net/;BlobSecondaryEndpoint=https://amandapreprod-secondary.blob.core.windows.net/;QueueSecondaryEndpoint=https://amandapreprod-secondary.queue.core.windows.net/;FileSecondaryEndpoint=https://amandapreprod-secondary.file.core.windows.net/;AccountName=amandapreprod;AccountKey=U2FuaXRpemVk\nEncryptionScope\n\n"
  }
}
