{
  "Entries": [
    {
      "RequestUri": "https://amandapreprod.blob.core.windows.net/test-container-3d16673d-b9f7-9b2d-c714-c1d81482c7aa?restype=container",
      "RequestMethod": "PUT",
      "RequestHeaders": {
        "Accept": "application/xml",
        "Authorization": "Sanitized",
        "Content-Length": "0",
        "traceparent": "00-994ec55d6aa6dd1e0ab4c6fe1d967f21-3dac02f6bf4f0240-00",
        "User-Agent": "azsdk-net-Storage.Blobs/12.24.0-alpha.20250306.1 (.NET Framework 4.8.9290.0; Microsoft Windows 10.0.26100 )",
        "x-ms-client-request-id": "Sanitized",
        "x-ms-date": "Thu, 06 Mar 2025 20:22:56 GMT",
        "x-ms-return-client-request-id": "true",
        "x-ms-version": "2025-05-05"
      },
      "RequestBody": null,
      "StatusCode": 201,
      "ResponseHeaders": {
        "Content-Length": "0",
        "Date": "Thu, 06 Mar 2025 20:22:46 GMT",
        "ETag": "\"0x8DD5CECA8C5F0E9\"",
        "Last-Modified": "Thu, 06 Mar 2025 20:22:47 GMT",
        "Server": [
          "Windows-Azure-Blob/1.0",
          "Microsoft-HTTPAPI/2.0"
        ],
        "x-ms-client-request-id": "Sanitized",
        "x-ms-request-id": "7e87ae86-d01e-0049-15d5-8ee25f000000",
        "x-ms-version": "2025-05-05"
      },
      "ResponseBody": null
    },
    {
      "RequestUri": "https://amandapreprod.blob.core.windows.net/test-container-3d16673d-b9f7-9b2d-c714-c1d81482c7aa/test-blob-f40aa378-1703-7a21-6249-8ef389c1e391",
      "RequestMethod": "PUT",
      "RequestHeaders": {
        "Accept": "application/xml",
        "Authorization": "Sanitized",
        "Content-Length": "0",
        "Content-Type": "application/octet-stream",
        "traceparent": "00-5f3386e8b2f56b2a300a0e0febf80f52-582c4396f0b7638f-00",
        "User-Agent": "azsdk-net-Storage.Blobs/12.24.0-alpha.20250306.1 (.NET Framework 4.8.9290.0; Microsoft Windows 10.0.26100 )",
        "x-ms-blob-type": "BlockBlob",
        "x-ms-client-request-id": "Sanitized",
        "x-ms-date": "Thu, 06 Mar 2025 20:22:56 GMT",
        "x-ms-return-client-request-id": "true",
        "x-ms-version": "2025-05-05"
      },
      "RequestBody": null,
      "StatusCode": 201,
      "ResponseHeaders": {
        "Content-Length": "0",
        "Content-MD5": "1B2M2Y8AsgTpgAmY7PhCfg==",
        "Date": "Thu, 06 Mar 2025 20:22:46 GMT",
        "ETag": "\"0x8DD5CECA8CD510E\"",
        "Last-Modified": "Thu, 06 Mar 2025 20:22:47 GMT",
        "Server": [
          "Windows-Azure-Blob/1.0",
          "Microsoft-HTTPAPI/2.0"
        ],
        "x-ms-client-request-id": "Sanitized",
        "x-ms-content-crc64": "AAAAAAAAAAA=",
        "x-ms-request-id": "7e87aea2-d01e-0049-2dd5-8ee25f000000",
        "x-ms-request-server-encrypted": "true",
        "x-ms-version": "2025-05-05"
      },
      "ResponseBody": null
    },
    {
      "RequestUri": "https://amandapreprod.blob.core.windows.net/test-container-3d16673d-b9f7-9b2d-c714-c1d81482c7aa/test-blob-f40aa378-1703-7a21-6249-8ef389c1e391?comp=block&blockid=AAQAAAAAAAAAAAAAAAAAAAAAAAAAAAAAAAAAAAAAAAAAAAAAAAAAAAAAAAAAAAAA",
      "RequestMethod": "PUT",
      "RequestHeaders": {
        "Accept": "application/xml",
        "Authorization": "Sanitized",
        "Content-Length": "1024",
        "Content-Type": "application/octet-stream",
        "User-Agent": "azsdk-net-Storage.Blobs/12.24.0-alpha.20250306.1 (.NET Framework 4.8.9290.0; Microsoft Windows 10.0.26100 )",
        "x-ms-client-request-id": "Sanitized",
        "x-ms-date": "Thu, 06 Mar 2025 20:22:56 GMT",
        "x-ms-return-client-request-id": "true",
        "x-ms-version": "2025-05-05"
      },
      "RequestBody": "cK7Emjmnf3XnWFmfyDj3JtZLNgaG2vP+53WDiTKsDYn8jIT13KM7+o6GBF7/cPUfp277ZCRU3ZW6xbLDJPVDO0vPozy0AUkzEDx4/9WV/3aAY+LDsKhkp67uOhbweNaYQ8kTMM24a6UkyFTo3N7AJcY7Q8ASf4qiavuNxcYzQphl37wLgc+px/c8nudUe8vQLhRQtTQVhcM/ccXSK6be8Ya8gvwitKT3knvJ1eGiTe8wvJax4o1jUFr4zBAK1pxQXqxhmPnPrnpwWSK5S6/inCPWom4PLA/5WTKiKeeU7LveeHc0QbX1YQ4cQYlqqQWqFjDsNDQtQTGdZz7HLIWT3Gxm2tI4rVtt4EBg8+uFjq8s+BK3p7iHsTdGltl3LjSIiWQdBM4ycWnUf1TzzE1FF9iPmjRz2zWz3yma8RaB9rEM2GmGaIrg+oap4idkk+TpAH8A55T/Fa0vaSWlmIBSUomi5/Tjvq9OrqCuyvkOT0tEsPCXgQ4cDcK8V/9kO2IFVo+ewazwBkLPsTn0UEu0IRrZYOeQutF6htkxJ2ew6nM+qXNpb42fVKqux8/UKLx3CDbkitp6dZy+IzvSvt7aH8fGtqfXSrGNOQw84fIBpV0cuh4xy1+YwzPXqkxRzZXL06gIDnIUn72FV1HNPZOpvH3dtQTAqVRoLfJ0AJ9lO2x3cQ1K+ZfrCBpgq3QOy4WgLe7OcxeQCypTn+B/oJ8dIBvkVcyFXsLm8q3pX/3gWmJs09KxlshU5mXj91m2bGd7QotYKXW5Gs4r6IFqp6wsc0V+Es3MbIlTj29noWdoL4ZGbhxxhzDss7kDhq1G6j+4toMUN1mar9YCBZkFUXhnwrn7IzmQu+sVkl4TyeXcDKUwrurjVPgsrL9Fb4KX5mFAnMT0S8cGKPuY/6X6hubxJfn01aONg23Aznd6Sktofav80ywg58DeKYXvS1VSMiXZVEmJohC+shlXM31PjN6wMIH6/bK50D04FqwdnjgXbpxRoPYC39uaPiETybRCjp2nPxrUWDRzH4MLUIxkoRPgP8Xg/evnrVClX7+RpQaJ9YcOdl8dQxVn3oFy9o5ONZ0NMorvYZCyv5HKLvl14Xl9glsEViq0w/yveR9pdbfCVykihHN8mpP2XLbOUxQc8v0H9XMzSd9yWW6OP+hxSErZB9fPU1wGAOjHDfl05XDok4YiYn9Ejw1JrysE7luqhRRs9Us8TJ+gAfSLazvm/nP+pqtiT+bLlHfKhqMxARKMHIjlCPAkq0fmgWCKuCTRY7G3BUivSDYuoGDUcsb8b//i/k6zAPaD2vpke82FQdxT+SLxevzK3NRRt2ePUDmA6hJhqLrVHWK7MytNS8xoqF+EgA==",
      "StatusCode": 201,
      "ResponseHeaders": {
        "Content-Length": "0",
        "Date": "Thu, 06 Mar 2025 20:22:46 GMT",
        "Server": [
          "Windows-Azure-Blob/1.0",
          "Microsoft-HTTPAPI/2.0"
        ],
        "x-ms-client-request-id": "Sanitized",
        "x-ms-content-crc64": "fIrRwha5lSw=",
        "x-ms-request-id": "7e87aeba-d01e-0049-43d5-8ee25f000000",
        "x-ms-request-server-encrypted": "true",
        "x-ms-version": "2025-05-05"
      },
      "ResponseBody": null
    },
    {
      "RequestUri": "https://amandapreprod.blob.core.windows.net/test-container-3d16673d-b9f7-9b2d-c714-c1d81482c7aa/test-blob-f40aa378-1703-7a21-6249-8ef389c1e391?comp=blocklist",
      "RequestMethod": "PUT",
      "RequestHeaders": {
        "Accept": "application/xml",
        "Authorization": "Sanitized",
        "Content-Length": "107",
        "Content-Type": "application/xml",
        "If-Match": "\"0x8DD5CECA8CD510E\"",
        "User-Agent": "azsdk-net-Storage.Blobs/12.24.0-alpha.20250306.1 (.NET Framework 4.8.9290.0; Microsoft Windows 10.0.26100 )",
        "x-ms-client-request-id": "Sanitized",
        "x-ms-date": "Thu, 06 Mar 2025 20:22:56 GMT",
        "x-ms-return-client-request-id": "true",
        "x-ms-version": "2025-05-05"
      },
      "RequestBody": "\uFEFF<BlockList><Latest>AAQAAAAAAAAAAAAAAAAAAAAAAAAAAAAAAAAAAAAAAAAAAAAAAAAAAAAAAAAAAAAA</Latest></BlockList>",
      "StatusCode": 201,
      "ResponseHeaders": {
        "Content-Length": "0",
        "Date": "Thu, 06 Mar 2025 20:22:46 GMT",
        "ETag": "\"0x8DD5CECA8DC346E\"",
        "Last-Modified": "Thu, 06 Mar 2025 20:22:47 GMT",
        "Server": [
          "Windows-Azure-Blob/1.0",
          "Microsoft-HTTPAPI/2.0"
        ],
        "x-ms-client-request-id": "Sanitized",
        "x-ms-content-crc64": "17m5j6ScWgM=",
        "x-ms-request-id": "7e87aecd-d01e-0049-53d5-8ee25f000000",
        "x-ms-request-server-encrypted": "true",
        "x-ms-version": "2025-05-05"
      },
      "ResponseBody": null
    },
    {
      "RequestUri": "https://amandapreprod.blob.core.windows.net/test-container-3d16673d-b9f7-9b2d-c714-c1d81482c7aa/test-blob-f40aa378-1703-7a21-6249-8ef389c1e391",
      "RequestMethod": "HEAD",
      "RequestHeaders": {
        "Accept": "application/xml",
        "Authorization": "Sanitized",
        "traceparent": "00-82d14b8c4d019ebf318b6a3fe099b085-6aaa45e235a41f42-00",
        "User-Agent": "azsdk-net-Storage.Blobs/12.24.0-alpha.20250306.1 (.NET Framework 4.8.9290.0; Microsoft Windows 10.0.26100 )",
        "x-ms-client-request-id": "Sanitized",
        "x-ms-date": "Thu, 06 Mar 2025 20:22:56 GMT",
        "x-ms-return-client-request-id": "true",
        "x-ms-version": "2025-05-05"
      },
      "RequestBody": null,
      "StatusCode": 200,
      "ResponseHeaders": {
        "Accept-Ranges": "bytes",
        "Content-Length": "1024",
        "Content-Type": "application/octet-stream",
        "Date": "Thu, 06 Mar 2025 20:22:46 GMT",
        "ETag": "\"0x8DD5CECA8DC346E\"",
        "Last-Modified": "Thu, 06 Mar 2025 20:22:47 GMT",
        "Server": [
          "Windows-Azure-Blob/1.0",
          "Microsoft-HTTPAPI/2.0"
        ],
        "x-ms-access-tier": "Hot",
        "x-ms-access-tier-inferred": "true",
        "x-ms-blob-type": "BlockBlob",
        "x-ms-client-request-id": "Sanitized",
        "x-ms-creation-time": "Thu, 06 Mar 2025 20:22:47 GMT",
        "x-ms-lease-state": "available",
        "x-ms-lease-status": "unlocked",
        "x-ms-request-id": "7e87aee7-d01e-0049-6cd5-8ee25f000000",
        "x-ms-server-encrypted": "true",
        "x-ms-version": "2025-05-05"
      },
      "ResponseBody": null
    },
    {
      "RequestUri": "https://amandapreprod.blob.core.windows.net/test-container-3d16673d-b9f7-9b2d-c714-c1d81482c7aa/test-blob-f40aa378-1703-7a21-6249-8ef389c1e391",
      "RequestMethod": "GET",
      "RequestHeaders": {
        "Accept": "application/xml",
        "Authorization": "Sanitized",
        "If-Match": "\"0x8DD5CECA8DC346E\"",
        "User-Agent": "azsdk-net-Storage.Blobs/12.24.0-alpha.20250306.1 (.NET Framework 4.8.9290.0; Microsoft Windows 10.0.26100 )",
        "x-ms-client-request-id": "Sanitized",
        "x-ms-date": "Thu, 06 Mar 2025 20:22:57 GMT",
        "x-ms-range": "bytes=0-127",
        "x-ms-return-client-request-id": "true",
        "x-ms-version": "2025-05-05"
      },
      "RequestBody": null,
      "StatusCode": 206,
      "ResponseHeaders": {
        "Accept-Ranges": "bytes",
        "Content-Length": "128",
        "Content-Range": "bytes 0-127/1024",
        "Content-Type": "application/octet-stream",
        "Date": "Thu, 06 Mar 2025 20:22:46 GMT",
        "ETag": "\"0x8DD5CECA8DC346E\"",
        "Last-Modified": "Thu, 06 Mar 2025 20:22:47 GMT",
        "Server": [
          "Windows-Azure-Blob/1.0",
          "Microsoft-HTTPAPI/2.0"
        ],
        "x-ms-blob-type": "BlockBlob",
        "x-ms-client-request-id": "Sanitized",
        "x-ms-creation-time": "Thu, 06 Mar 2025 20:22:47 GMT",
        "x-ms-lease-state": "available",
        "x-ms-lease-status": "unlocked",
        "x-ms-request-id": "7e87aef4-d01e-0049-79d5-8ee25f000000",
        "x-ms-server-encrypted": "true",
        "x-ms-version": "2025-05-05"
      },
      "ResponseBody": "cK7Emjmnf3XnWFmfyDj3JtZLNgaG2vP+53WDiTKsDYn8jIT13KM7+o6GBF7/cPUfp277ZCRU3ZW6xbLDJPVDO0vPozy0AUkzEDx4/9WV/3aAY+LDsKhkp67uOhbweNaYQ8kTMM24a6UkyFTo3N7AJcY7Q8ASf4qiavuNxcYzQpg="
    },
    {
      "RequestUri": "https://amandapreprod.blob.core.windows.net/test-container-3d16673d-b9f7-9b2d-c714-c1d81482c7aa/test-blob-f40aa378-1703-7a21-6249-8ef389c1e391",
      "RequestMethod": "GET",
      "RequestHeaders": {
        "Accept": "application/xml",
        "Authorization": "Sanitized",
        "If-Match": "\"0x8DD5CECA8DC346E\"",
        "User-Agent": "azsdk-net-Storage.Blobs/12.24.0-alpha.20250306.1 (.NET Framework 4.8.9290.0; Microsoft Windows 10.0.26100 )",
        "x-ms-client-request-id": "Sanitized",
        "x-ms-date": "Thu, 06 Mar 2025 20:22:57 GMT",
        "x-ms-range": "bytes=128-255",
        "x-ms-return-client-request-id": "true",
        "x-ms-version": "2025-05-05"
      },
      "RequestBody": null,
      "StatusCode": 206,
      "ResponseHeaders": {
        "Accept-Ranges": "bytes",
        "Content-Length": "128",
        "Content-Range": "bytes 128-255/1024",
        "Content-Type": "application/octet-stream",
        "Date": "Thu, 06 Mar 2025 20:22:46 GMT",
        "ETag": "\"0x8DD5CECA8DC346E\"",
        "Last-Modified": "Thu, 06 Mar 2025 20:22:47 GMT",
        "Server": [
          "Windows-Azure-Blob/1.0",
          "Microsoft-HTTPAPI/2.0"
        ],
        "x-ms-blob-type": "BlockBlob",
        "x-ms-client-request-id": "Sanitized",
        "x-ms-creation-time": "Thu, 06 Mar 2025 20:22:47 GMT",
        "x-ms-lease-state": "available",
        "x-ms-lease-status": "unlocked",
        "x-ms-request-id": "7e87af05-d01e-0049-0ad5-8ee25f000000",
        "x-ms-server-encrypted": "true",
        "x-ms-version": "2025-05-05"
      },
      "ResponseBody": "Zd+8C4HPqcf3PJ7nVHvL0C4UULU0FYXDP3HF0ium3vGGvIL8IrSk95J7ydXhok3vMLyWseKNY1Ba+MwQCtacUF6sYZj5z656cFkiuUuv4pwj1qJuDywP+VkyoinnlOy73nh3NEG19WEOHEGJaqkFqhYw7DQ0LUExnWc+xyyFk9w="
    },
    {
      "RequestUri": "https://amandapreprod.blob.core.windows.net/test-container-3d16673d-b9f7-9b2d-c714-c1d81482c7aa/test-blob-f40aa378-1703-7a21-6249-8ef389c1e391",
      "RequestMethod": "GET",
      "RequestHeaders": {
        "Accept": "application/xml",
        "Authorization": "Sanitized",
        "If-Match": "\"0x8DD5CECA8DC346E\"",
        "User-Agent": "azsdk-net-Storage.Blobs/12.24.0-alpha.20250306.1 (.NET Framework 4.8.9290.0; Microsoft Windows 10.0.26100 )",
        "x-ms-client-request-id": "Sanitized",
        "x-ms-date": "Thu, 06 Mar 2025 20:22:57 GMT",
        "x-ms-range": "bytes=256-383",
        "x-ms-return-client-request-id": "true",
        "x-ms-version": "2025-05-05"
      },
      "RequestBody": null,
      "StatusCode": 206,
      "ResponseHeaders": {
        "Accept-Ranges": "bytes",
        "Content-Length": "128",
        "Content-Range": "bytes 256-383/1024",
        "Content-Type": "application/octet-stream",
        "Date": "Thu, 06 Mar 2025 20:22:46 GMT",
        "ETag": "\"0x8DD5CECA8DC346E\"",
        "Last-Modified": "Thu, 06 Mar 2025 20:22:47 GMT",
        "Server": [
          "Windows-Azure-Blob/1.0",
          "Microsoft-HTTPAPI/2.0"
        ],
        "x-ms-blob-type": "BlockBlob",
        "x-ms-client-request-id": "Sanitized",
        "x-ms-creation-time": "Thu, 06 Mar 2025 20:22:47 GMT",
        "x-ms-lease-state": "available",
        "x-ms-lease-status": "unlocked",
        "x-ms-request-id": "7e87af1d-d01e-0049-22d5-8ee25f000000",
        "x-ms-server-encrypted": "true",
        "x-ms-version": "2025-05-05"
      },
      "ResponseBody": "bGba0jitW23gQGDz64WOryz4ErenuIexN0aW2XcuNIiJZB0EzjJxadR/VPPMTUUX2I+aNHPbNbPfKZrxFoH2sQzYaYZoiuD6hqniJ2ST5OkAfwDnlP8VrS9pJaWYgFJSiaLn9OO+r06uoK7K+Q5PS0Sw8JeBDhwNwrxX/2Q7YgU="
    },
    {
      "RequestUri": "https://amandapreprod.blob.core.windows.net/test-container-3d16673d-b9f7-9b2d-c714-c1d81482c7aa/test-blob-f40aa378-1703-7a21-6249-8ef389c1e391",
      "RequestMethod": "GET",
      "RequestHeaders": {
        "Accept": "application/xml",
        "Authorization": "Sanitized",
        "If-Match": "\"0x8DD5CECA8DC346E\"",
        "User-Agent": "azsdk-net-Storage.Blobs/12.24.0-alpha.20250306.1 (.NET Framework 4.8.9290.0; Microsoft Windows 10.0.26100 )",
        "x-ms-client-request-id": "Sanitized",
        "x-ms-date": "Thu, 06 Mar 2025 20:22:57 GMT",
        "x-ms-range": "bytes=384-511",
        "x-ms-return-client-request-id": "true",
        "x-ms-version": "2025-05-05"
      },
      "RequestBody": null,
      "StatusCode": 206,
      "ResponseHeaders": {
        "Accept-Ranges": "bytes",
        "Content-Length": "128",
        "Content-Range": "bytes 384-511/1024",
        "Content-Type": "application/octet-stream",
        "Date": "Thu, 06 Mar 2025 20:22:46 GMT",
        "ETag": "\"0x8DD5CECA8DC346E\"",
        "Last-Modified": "Thu, 06 Mar 2025 20:22:47 GMT",
        "Server": [
          "Windows-Azure-Blob/1.0",
          "Microsoft-HTTPAPI/2.0"
        ],
        "x-ms-blob-type": "BlockBlob",
        "x-ms-client-request-id": "Sanitized",
        "x-ms-creation-time": "Thu, 06 Mar 2025 20:22:47 GMT",
        "x-ms-lease-state": "available",
        "x-ms-lease-status": "unlocked",
        "x-ms-request-id": "7e87af2e-d01e-0049-32d5-8ee25f000000",
        "x-ms-server-encrypted": "true",
        "x-ms-version": "2025-05-05"
      },
      "ResponseBody": "Vo+ewazwBkLPsTn0UEu0IRrZYOeQutF6htkxJ2ew6nM+qXNpb42fVKqux8/UKLx3CDbkitp6dZy+IzvSvt7aH8fGtqfXSrGNOQw84fIBpV0cuh4xy1+YwzPXqkxRzZXL06gIDnIUn72FV1HNPZOpvH3dtQTAqVRoLfJ0AJ9lO2w="
    },
    {
      "RequestUri": "https://amandapreprod.blob.core.windows.net/test-container-3d16673d-b9f7-9b2d-c714-c1d81482c7aa/test-blob-f40aa378-1703-7a21-6249-8ef389c1e391",
      "RequestMethod": "GET",
      "RequestHeaders": {
        "Accept": "application/xml",
        "Authorization": "Sanitized",
        "If-Match": "\"0x8DD5CECA8DC346E\"",
        "User-Agent": "azsdk-net-Storage.Blobs/12.24.0-alpha.20250306.1 (.NET Framework 4.8.9290.0; Microsoft Windows 10.0.26100 )",
        "x-ms-client-request-id": "Sanitized",
        "x-ms-date": "Thu, 06 Mar 2025 20:22:57 GMT",
        "x-ms-range": "bytes=250-377",
        "x-ms-return-client-request-id": "true",
        "x-ms-version": "2025-05-05"
      },
      "RequestBody": null,
      "StatusCode": 206,
      "ResponseHeaders": {
        "Accept-Ranges": "bytes",
        "Content-Length": "128",
        "Content-Range": "bytes 250-377/1024",
        "Content-Type": "application/octet-stream",
        "Date": "Thu, 06 Mar 2025 20:22:46 GMT",
        "ETag": "\"0x8DD5CECA8DC346E\"",
        "Last-Modified": "Thu, 06 Mar 2025 20:22:47 GMT",
        "Server": [
          "Windows-Azure-Blob/1.0",
          "Microsoft-HTTPAPI/2.0"
        ],
        "x-ms-blob-type": "BlockBlob",
        "x-ms-client-request-id": "Sanitized",
        "x-ms-creation-time": "Thu, 06 Mar 2025 20:22:47 GMT",
        "x-ms-lease-state": "available",
        "x-ms-lease-status": "unlocked",
        "x-ms-request-id": "7e87af4d-d01e-0049-4ed5-8ee25f000000",
        "x-ms-server-encrypted": "true",
        "x-ms-version": "2025-05-05"
      },
      "ResponseBody": "PscshZPcbGba0jitW23gQGDz64WOryz4ErenuIexN0aW2XcuNIiJZB0EzjJxadR/VPPMTUUX2I+aNHPbNbPfKZrxFoH2sQzYaYZoiuD6hqniJ2ST5OkAfwDnlP8VrS9pJaWYgFJSiaLn9OO+r06uoK7K+Q5PS0Sw8JeBDhwNwrw="
    },
    {
      "RequestUri": "https://amandapreprod.blob.core.windows.net/test-container-3d16673d-b9f7-9b2d-c714-c1d81482c7aa/test-blob-f40aa378-1703-7a21-6249-8ef389c1e391",
      "RequestMethod": "GET",
      "RequestHeaders": {
        "Accept": "application/xml",
        "Authorization": "Sanitized",
        "If-Match": "\"0x8DD5CECA8DC346E\"",
        "User-Agent": "azsdk-net-Storage.Blobs/12.24.0-alpha.20250306.1 (.NET Framework 4.8.9290.0; Microsoft Windows 10.0.26100 )",
        "x-ms-client-request-id": "Sanitized",
        "x-ms-date": "Thu, 06 Mar 2025 20:22:57 GMT",
        "x-ms-range": "bytes=378-505",
        "x-ms-return-client-request-id": "true",
        "x-ms-version": "2025-05-05"
      },
      "RequestBody": null,
      "StatusCode": 206,
      "ResponseHeaders": {
        "Accept-Ranges": "bytes",
        "Content-Length": "128",
        "Content-Range": "bytes 378-505/1024",
        "Content-Type": "application/octet-stream",
        "Date": "Thu, 06 Mar 2025 20:22:46 GMT",
        "ETag": "\"0x8DD5CECA8DC346E\"",
        "Last-Modified": "Thu, 06 Mar 2025 20:22:47 GMT",
        "Server": [
          "Windows-Azure-Blob/1.0",
          "Microsoft-HTTPAPI/2.0"
        ],
        "x-ms-blob-type": "BlockBlob",
        "x-ms-client-request-id": "Sanitized",
        "x-ms-creation-time": "Thu, 06 Mar 2025 20:22:47 GMT",
        "x-ms-lease-state": "available",
        "x-ms-lease-status": "unlocked",
        "x-ms-request-id": "7e87af60-d01e-0049-5fd5-8ee25f000000",
        "x-ms-server-encrypted": "true",
        "x-ms-version": "2025-05-05"
      },
      "ResponseBody": "V/9kO2IFVo+ewazwBkLPsTn0UEu0IRrZYOeQutF6htkxJ2ew6nM+qXNpb42fVKqux8/UKLx3CDbkitp6dZy+IzvSvt7aH8fGtqfXSrGNOQw84fIBpV0cuh4xy1+YwzPXqkxRzZXL06gIDnIUn72FV1HNPZOpvH3dtQTAqVRoLfI="
    },
    {
      "RequestUri": "https://amandapreprod.blob.core.windows.net/test-container-3d16673d-b9f7-9b2d-c714-c1d81482c7aa/test-blob-f40aa378-1703-7a21-6249-8ef389c1e391",
      "RequestMethod": "GET",
      "RequestHeaders": {
        "Accept": "application/xml",
        "Authorization": "Sanitized",
        "If-Match": "\"0x8DD5CECA8DC346E\"",
        "User-Agent": "azsdk-net-Storage.Blobs/12.24.0-alpha.20250306.1 (.NET Framework 4.8.9290.0; Microsoft Windows 10.0.26100 )",
        "x-ms-client-request-id": "Sanitized",
        "x-ms-date": "Thu, 06 Mar 2025 20:22:57 GMT",
        "x-ms-range": "bytes=506-633",
        "x-ms-return-client-request-id": "true",
        "x-ms-version": "2025-05-05"
      },
      "RequestBody": null,
      "StatusCode": 206,
      "ResponseHeaders": {
        "Accept-Ranges": "bytes",
        "Content-Length": "128",
        "Content-Range": "bytes 506-633/1024",
        "Content-Type": "application/octet-stream",
        "Date": "Thu, 06 Mar 2025 20:22:46 GMT",
        "ETag": "\"0x8DD5CECA8DC346E\"",
        "Last-Modified": "Thu, 06 Mar 2025 20:22:47 GMT",
        "Server": [
          "Windows-Azure-Blob/1.0",
          "Microsoft-HTTPAPI/2.0"
        ],
        "x-ms-blob-type": "BlockBlob",
        "x-ms-client-request-id": "Sanitized",
        "x-ms-creation-time": "Thu, 06 Mar 2025 20:22:47 GMT",
        "x-ms-lease-state": "available",
        "x-ms-lease-status": "unlocked",
        "x-ms-request-id": "7e87af71-d01e-0049-6dd5-8ee25f000000",
        "x-ms-server-encrypted": "true",
        "x-ms-version": "2025-05-05"
      },
      "ResponseBody": "dACfZTtsd3ENSvmX6wgaYKt0DsuFoC3uznMXkAsqU5/gf6CfHSAb5FXMhV7C5vKt6V/94FpibNPSsZbIVOZl4/dZtmxne0KLWCl1uRrOK+iBaqesLHNFfhLNzGyJU49vZ6FnaC+GRm4ccYcw7LO5A4atRuo/uLaDFDdZmq/WAgU="
    },
    {
      "RequestUri": "https://amandapreprod.blob.core.windows.net/test-container-3d16673d-b9f7-9b2d-c714-c1d81482c7aa/test-blob-f40aa378-1703-7a21-6249-8ef389c1e391",
      "RequestMethod": "GET",
      "RequestHeaders": {
        "Accept": "application/xml",
        "Authorization": "Sanitized",
        "If-Match": "\"0x8DD5CECA8DC346E\"",
        "User-Agent": "azsdk-net-Storage.Blobs/12.24.0-alpha.20250306.1 (.NET Framework 4.8.9290.0; Microsoft Windows 10.0.26100 )",
        "x-ms-client-request-id": "Sanitized",
        "x-ms-date": "Thu, 06 Mar 2025 20:22:57 GMT",
        "x-ms-range": "bytes=634-761",
        "x-ms-return-client-request-id": "true",
        "x-ms-version": "2025-05-05"
      },
      "RequestBody": null,
      "StatusCode": 206,
      "ResponseHeaders": {
        "Accept-Ranges": "bytes",
        "Content-Length": "128",
        "Content-Range": "bytes 634-761/1024",
        "Content-Type": "application/octet-stream",
        "Date": "Thu, 06 Mar 2025 20:22:46 GMT",
        "ETag": "\"0x8DD5CECA8DC346E\"",
        "Last-Modified": "Thu, 06 Mar 2025 20:22:47 GMT",
        "Server": [
          "Windows-Azure-Blob/1.0",
          "Microsoft-HTTPAPI/2.0"
        ],
        "x-ms-blob-type": "BlockBlob",
        "x-ms-client-request-id": "Sanitized",
        "x-ms-creation-time": "Thu, 06 Mar 2025 20:22:47 GMT",
        "x-ms-lease-state": "available",
        "x-ms-lease-status": "unlocked",
        "x-ms-request-id": "7e87af87-d01e-0049-02d5-8ee25f000000",
        "x-ms-server-encrypted": "true",
        "x-ms-version": "2025-05-05"
      },
      "ResponseBody": "mQVReGfCufsjOZC76xWSXhPJ5dwMpTCu6uNU+Cysv0VvgpfmYUCcxPRLxwYo+5j/pfqG5vEl+fTVo42DbcDOd3pKS2h9q/zTLCDnwN4phe9LVVIyJdlUSYmiEL6yGVczfU+M3rAwgfr9srnQPTgWrB2eOBdunFGg9gLf25o+IRM="
    },
    {
      "RequestUri": "https://amandapreprod.blob.core.windows.net/test-container-3d16673d-b9f7-9b2d-c714-c1d81482c7aa/test-blob-f40aa378-1703-7a21-6249-8ef389c1e391",
      "RequestMethod": "GET",
      "RequestHeaders": {
        "Accept": "application/xml",
        "Authorization": "Sanitized",
        "If-Match": "\"0x8DD5CECA8DC346E\"",
        "User-Agent": "azsdk-net-Storage.Blobs/12.24.0-alpha.20250306.1 (.NET Framework 4.8.9290.0; Microsoft Windows 10.0.26100 )",
        "x-ms-client-request-id": "Sanitized",
        "x-ms-date": "Thu, 06 Mar 2025 20:22:57 GMT",
        "x-ms-range": "bytes=762-889",
        "x-ms-return-client-request-id": "true",
        "x-ms-version": "2025-05-05"
      },
      "RequestBody": null,
      "StatusCode": 206,
      "ResponseHeaders": {
        "Accept-Ranges": "bytes",
        "Content-Length": "128",
        "Content-Range": "bytes 762-889/1024",
        "Content-Type": "application/octet-stream",
        "Date": "Thu, 06 Mar 2025 20:22:46 GMT",
        "ETag": "\"0x8DD5CECA8DC346E\"",
        "Last-Modified": "Thu, 06 Mar 2025 20:22:47 GMT",
        "Server": [
          "Windows-Azure-Blob/1.0",
          "Microsoft-HTTPAPI/2.0"
        ],
        "x-ms-blob-type": "BlockBlob",
        "x-ms-client-request-id": "Sanitized",
        "x-ms-creation-time": "Thu, 06 Mar 2025 20:22:47 GMT",
        "x-ms-lease-state": "available",
        "x-ms-lease-status": "unlocked",
        "x-ms-request-id": "7e87af9e-d01e-0049-19d5-8ee25f000000",
        "x-ms-server-encrypted": "true",
        "x-ms-version": "2025-05-05"
      },
      "ResponseBody": "ybRCjp2nPxrUWDRzH4MLUIxkoRPgP8Xg/evnrVClX7+RpQaJ9YcOdl8dQxVn3oFy9o5ONZ0NMorvYZCyv5HKLvl14Xl9glsEViq0w/yveR9pdbfCVykihHN8mpP2XLbOUxQc8v0H9XMzSd9yWW6OP+hxSErZB9fPU1wGAOjHDfk="
    },
    {
      "RequestUri": "https://amandapreprod.blob.core.windows.net/test-container-3d16673d-b9f7-9b2d-c714-c1d81482c7aa/test-blob-f40aa378-1703-7a21-6249-8ef389c1e391",
      "RequestMethod": "GET",
      "RequestHeaders": {
        "Accept": "application/xml",
        "Authorization": "Sanitized",
        "If-Match": "\"0x8DD5CECA8DC346E\"",
        "User-Agent": "azsdk-net-Storage.Blobs/12.24.0-alpha.20250306.1 (.NET Framework 4.8.9290.0; Microsoft Windows 10.0.26100 )",
        "x-ms-client-request-id": "Sanitized",
        "x-ms-date": "Thu, 06 Mar 2025 20:22:57 GMT",
        "x-ms-range": "bytes=890-1017",
        "x-ms-return-client-request-id": "true",
        "x-ms-version": "2025-05-05"
      },
      "RequestBody": null,
      "StatusCode": 206,
      "ResponseHeaders": {
        "Accept-Ranges": "bytes",
        "Content-Length": "128",
        "Content-Range": "bytes 890-1017/1024",
        "Content-Type": "application/octet-stream",
        "Date": "Thu, 06 Mar 2025 20:22:46 GMT",
        "ETag": "\"0x8DD5CECA8DC346E\"",
        "Last-Modified": "Thu, 06 Mar 2025 20:22:47 GMT",
        "Server": [
          "Windows-Azure-Blob/1.0",
          "Microsoft-HTTPAPI/2.0"
        ],
        "x-ms-blob-type": "BlockBlob",
        "x-ms-client-request-id": "Sanitized",
        "x-ms-creation-time": "Thu, 06 Mar 2025 20:22:47 GMT",
        "x-ms-lease-state": "available",
        "x-ms-lease-status": "unlocked",
        "x-ms-request-id": "7e87afbe-d01e-0049-39d5-8ee25f000000",
        "x-ms-server-encrypted": "true",
        "x-ms-version": "2025-05-05"
      },
      "ResponseBody": "dOVw6JOGImJ/RI8NSa8rBO5bqoUUbPVLPEyfoAH0i2s75v5z/qarYk/my5R3yoajMQESjByI5QjwJKtH5oFgirgk0WOxtwVIr0g2LqBg1HLG/G//4v5OswD2g9r6ZHvNhUHcU/ki8Xr8ytzUUbdnj1A5gOoSYai61R1iuzMrTUs="
    },
    {
      "RequestUri": "https://amandapreprod.blob.core.windows.net/test-container-3d16673d-b9f7-9b2d-c714-c1d81482c7aa/test-blob-f40aa378-1703-7a21-6249-8ef389c1e391",
      "RequestMethod": "GET",
      "RequestHeaders": {
        "Accept": "application/xml",
        "Authorization": "Sanitized",
        "If-Match": "\"0x8DD5CECA8DC346E\"",
        "User-Agent": "azsdk-net-Storage.Blobs/12.24.0-alpha.20250306.1 (.NET Framework 4.8.9290.0; Microsoft Windows 10.0.26100 )",
        "x-ms-client-request-id": "Sanitized",
        "x-ms-date": "Thu, 06 Mar 2025 20:22:57 GMT",
        "x-ms-range": "bytes=1018-1145",
        "x-ms-return-client-request-id": "true",
        "x-ms-version": "2025-05-05"
      },
      "RequestBody": null,
      "StatusCode": 206,
      "ResponseHeaders": {
        "Accept-Ranges": "bytes",
        "Content-Length": "6",
        "Content-Range": "bytes 1018-1023/1024",
        "Content-Type": "application/octet-stream",
        "Date": "Thu, 06 Mar 2025 20:22:46 GMT",
        "ETag": "\"0x8DD5CECA8DC346E\"",
        "Last-Modified": "Thu, 06 Mar 2025 20:22:47 GMT",
        "Server": [
          "Windows-Azure-Blob/1.0",
          "Microsoft-HTTPAPI/2.0"
        ],
        "x-ms-blob-type": "BlockBlob",
        "x-ms-client-request-id": "Sanitized",
        "x-ms-creation-time": "Thu, 06 Mar 2025 20:22:47 GMT",
        "x-ms-lease-state": "available",
        "x-ms-lease-status": "unlocked",
        "x-ms-request-id": "7e87afda-d01e-0049-54d5-8ee25f000000",
        "x-ms-server-encrypted": "true",
        "x-ms-version": "2025-05-05"
      },
      "ResponseBody": "zGioX4SA"
    },
    {
      "RequestUri": "https://amandapreprod.blob.core.windows.net/test-container-3d16673d-b9f7-9b2d-c714-c1d81482c7aa?restype=container",
      "RequestMethod": "DELETE",
      "RequestHeaders": {
        "Accept": "application/xml",
        "Authorization": "Sanitized",
        "traceparent": "00-139dd8505d185d7dd88427fd75b88a59-7c1cb914f5ead674-00",
        "User-Agent": "azsdk-net-Storage.Blobs/12.24.0-alpha.20250306.1 (.NET Framework 4.8.9290.0; Microsoft Windows 10.0.26100 )",
        "x-ms-client-request-id": "Sanitized",
        "x-ms-date": "Thu, 06 Mar 2025 20:22:57 GMT",
        "x-ms-return-client-request-id": "true",
        "x-ms-version": "2025-05-05"
      },
      "RequestBody": null,
      "StatusCode": 202,
      "ResponseHeaders": {
        "Content-Length": "0",
        "Date": "Thu, 06 Mar 2025 20:22:46 GMT",
        "Server": [
          "Windows-Azure-Blob/1.0",
          "Microsoft-HTTPAPI/2.0"
        ],
        "x-ms-client-request-id": "Sanitized",
        "x-ms-request-id": "7e87afee-d01e-0049-66d5-8ee25f000000",
        "x-ms-version": "2025-05-05"
      },
      "ResponseBody": null
    }
  ],
  "Variables": {
    "RandomSeed": "1531968932",
    "Storage_TestConfigDefault": "ProductionTenant\namandapreprod\nU2FuaXRpemVk\nhttps://amandapreprod.blob.core.windows.net\nhttps://amandapreprod.file.core.windows.net\nhttps://amandapreprod.queue.core.windows.net\nhttps://amandapreprod.table.core.windows.net\n\n\n\n\nhttps://amandapreprod-secondary.blob.core.windows.net\nhttps://amandapreprod-secondary.file.core.windows.net\nhttps://amandapreprod-secondary.queue.core.windows.net\nhttps://amandapreprod-secondary.table.core.windows.net\nCloud\nBlobEndpoint=https://amandapreprod.blob.core.windows.net/;QueueEndpoint=https://amandapreprod.queue.core.windows.net/;FileEndpoint=https://amandapreprod.file.core.windows.net/;BlobSecondaryEndpoint=https://amandapreprod-secondary.blob.core.windows.net/;QueueSecondaryEndpoint=https://amandapreprod-secondary.queue.core.windows.net/;FileSecondaryEndpoint=https://amandapreprod-secondary.file.core.windows.net/;AccountName=amandapreprod;AccountKey=U2FuaXRpemVk\nEncryptionScope\n\n"
  }
}
