{
  "Entries": [
    {
      "RequestUri": "https://amandapreprod.blob.core.windows.net/test-container-325842b8-19ed-6b5d-165c-e19920ce5ee5?restype=container",
      "RequestMethod": "PUT",
      "RequestHeaders": {
        "Accept": "application/xml",
        "Authorization": "Sanitized",
        "Content-Length": "0",
        "traceparent": "00-77bac0bd60c81914feb95e51d324836c-8304e0fe360db92a-00",
        "User-Agent": "azsdk-net-Storage.Blobs/12.24.0-alpha.20250306.1 (.NET Framework 4.8.9290.0; Microsoft Windows 10.0.26100 )",
        "x-ms-client-request-id": "Sanitized",
        "x-ms-date": "Thu, 06 Mar 2025 20:22:29 GMT",
        "x-ms-return-client-request-id": "true",
        "x-ms-version": "2025-05-05"
      },
      "RequestBody": null,
      "StatusCode": 201,
      "ResponseHeaders": {
        "Content-Length": "0",
        "Date": "Thu, 06 Mar 2025 20:22:19 GMT",
        "ETag": "\"0x8DD5CEC98AF4896\"",
        "Last-Modified": "Thu, 06 Mar 2025 20:22:20 GMT",
        "Server": [
          "Windows-Azure-Blob/1.0",
          "Microsoft-HTTPAPI/2.0"
        ],
        "x-ms-client-request-id": "Sanitized",
        "x-ms-request-id": "7e877684-d01e-0049-05d5-8ee25f000000",
        "x-ms-version": "2025-05-05"
      },
      "ResponseBody": null
    },
    {
      "RequestUri": "https://amandapreprod.blob.core.windows.net/test-container-325842b8-19ed-6b5d-165c-e19920ce5ee5/test-blob-86cb3156-1fd2-1b5f-474f-6cd46625ca7c",
      "RequestMethod": "PUT",
      "RequestHeaders": {
        "Accept": "application/xml",
        "Authorization": "Sanitized",
        "Content-Length": "0",
        "Content-Type": "application/octet-stream",
        "traceparent": "00-47edcd55d412d65a82921d6eaf9e68c8-a0b3ae89a19bb4ad-00",
        "User-Agent": "azsdk-net-Storage.Blobs/12.24.0-alpha.20250306.1 (.NET Framework 4.8.9290.0; Microsoft Windows 10.0.26100 )",
        "x-ms-blob-type": "BlockBlob",
        "x-ms-client-request-id": "Sanitized",
        "x-ms-date": "Thu, 06 Mar 2025 20:22:29 GMT",
        "x-ms-return-client-request-id": "true",
        "x-ms-version": "2025-05-05"
      },
      "RequestBody": null,
      "StatusCode": 201,
      "ResponseHeaders": {
        "Content-Length": "0",
        "Content-MD5": "1B2M2Y8AsgTpgAmY7PhCfg==",
        "Date": "Thu, 06 Mar 2025 20:22:19 GMT",
        "ETag": "\"0x8DD5CEC98B6BAA5\"",
        "Last-Modified": "Thu, 06 Mar 2025 20:22:20 GMT",
        "Server": [
          "Windows-Azure-Blob/1.0",
          "Microsoft-HTTPAPI/2.0"
        ],
        "x-ms-client-request-id": "Sanitized",
        "x-ms-content-crc64": "AAAAAAAAAAA=",
        "x-ms-request-id": "7e87769f-d01e-0049-1cd5-8ee25f000000",
        "x-ms-request-server-encrypted": "true",
        "x-ms-version": "2025-05-05"
      },
      "ResponseBody": null
    },
    {
      "RequestUri": "https://amandapreprod.blob.core.windows.net/test-container-325842b8-19ed-6b5d-165c-e19920ce5ee5/test-blob-86cb3156-1fd2-1b5f-474f-6cd46625ca7c?comp=block&blockid=AAQAAAAAAAAAAAAAAAAAAAAAAAAAAAAAAAAAAAAAAAAAAAAAAAAAAAAAAAAAAAAA",
      "RequestMethod": "PUT",
      "RequestHeaders": {
        "Accept": "application/xml",
        "Authorization": "Sanitized",
        "Content-Length": "1024",
        "Content-Type": "application/octet-stream",
        "User-Agent": "azsdk-net-Storage.Blobs/12.24.0-alpha.20250306.1 (.NET Framework 4.8.9290.0; Microsoft Windows 10.0.26100 )",
        "x-ms-client-request-id": "Sanitized",
        "x-ms-date": "Thu, 06 Mar 2025 20:22:29 GMT",
        "x-ms-return-client-request-id": "true",
        "x-ms-version": "2025-05-05"
      },
      "RequestBody": "LO2J7y3bFDKnmUOiTxVBe/IIKnG0v+4mxU7YUy5xce8ovBs8EXqrk5rn9l3l0v+F/9w2RNWwWG3+YyreAsEENidUepP5BGp3XJfWzciQQPJPU1NROi0Zd2OuPa1PzJDZ4sA2kVhri/txv+c+2oukbiI4j65tsvz6OgIwSsa8J48H/eoIWq+a5MhX4HtF2p3YCs+KFz3hay/EO1ZVO0A0tJdYN92gnBNznqvmFdKAtWBlWED3MhBSJZG7RB9ZRKmIIyvk7aO/N228F3mS+1ZdQ4b28OP/PYKHBRFM5VjzGlkCXfKnnMi8pSDSOhqWvyk7XQCYY1TFiOWpXeeRc1IVyP0fkJ1jtqe+OUrCLANn8EXnEYdXWrYFPNUN/T/gKzHOvXEddy+M16dZ2ikJA1ziQWyhqWLKvm1GGlTIVrho3Q0Z82+RSXkWWzng/oCM+zh5K7zSPoLOBP8E11zaw4Hu8fwc7w/sUPfzi00p6cDtuR4bTyv8lp6LSu9wjXIcO5e38QyDcAwojNrE3rM0pRo/Fh0+v3RW8ltdkKUffMOF10+2cfizaUgS8sJQOLfrV6XVMXZU3nwjYf6xJeBmCA8WPgdkfjMii6zVK8yxBbqjcjj/SktMMfjTkhD5AUNnq+myOfmwh9lxs6XJfrKwcVtEDrOnZ77Eyg0OkOsjKIppbYDi/svB8+tfjpelgrJFIiG0tfOQwEQr7m/rofbuTYoaYBEyznOPghrHSNkmH0dbyW7Jb3OX2K08thBc1VL1cEANiiKgE1SuJDLYyHdqBM8okNiHJN4Wg4hk9hdiM63I0teZGZQkurYZG0pBvxA10bFBM0R6bUxh9weZPBw8S/GED/Wf0es7A9UhbQiU1MR3LiVmIf9oTmWLNyKMi36Z3dBZva8alv/GBi9vWP9DzSJDIg731inxHMGQE5rIrnhXiJA3OxcUXZclnxvQ+fZlR2r/SWhvoQenZ6HuiYJl/Ve3F89vC5ILLsR20jYOISLKK8svyWUP6OeJkNN2JtMVwKLDGOIm9jzY9Buk+c/RmEZ+I162NTTypy/o5Xu+lAfwYRKTSghApDSPV9RKa+8XuPeM9wN0Xopu0HGzPhDAGV8Ts5e9PU49Pn8qJ95fqDw/0C2DMZ0EewKIJXmXjGUjzj11NrdXWnqpTrmESjerDig0c27iPefCDjeUNBjUprEZBlih6nGE6HWy2eLjgDHL3BZRYhn3QZBVsid/wiVi1agHakTfCiS2r4r4MGQE3o4GyVgCgkOXIsXHSzdKBSZPUAM63BXs7NLxm7KO/xAsUdSZefjNYFNkcEh/F7/sa6pkqN9hygJ5Gd2GEOaQCSK0m/ljsYstgvCw1WzNbdQSBS8IKg==",
      "StatusCode": 201,
      "ResponseHeaders": {
        "Content-Length": "0",
        "Date": "Thu, 06 Mar 2025 20:22:19 GMT",
        "Server": [
          "Windows-Azure-Blob/1.0",
          "Microsoft-HTTPAPI/2.0"
        ],
        "x-ms-client-request-id": "Sanitized",
        "x-ms-content-crc64": "drbv6tSwQWw=",
        "x-ms-request-id": "7e8776b8-d01e-0049-33d5-8ee25f000000",
        "x-ms-request-server-encrypted": "true",
        "x-ms-version": "2025-05-05"
      },
      "ResponseBody": null
    },
    {
      "RequestUri": "https://amandapreprod.blob.core.windows.net/test-container-325842b8-19ed-6b5d-165c-e19920ce5ee5/test-blob-86cb3156-1fd2-1b5f-474f-6cd46625ca7c?comp=blocklist",
      "RequestMethod": "PUT",
      "RequestHeaders": {
        "Accept": "application/xml",
        "Authorization": "Sanitized",
        "Content-Length": "107",
        "Content-Type": "application/xml",
        "If-Match": "\"0x8DD5CEC98B6BAA5\"",
        "User-Agent": "azsdk-net-Storage.Blobs/12.24.0-alpha.20250306.1 (.NET Framework 4.8.9290.0; Microsoft Windows 10.0.26100 )",
        "x-ms-client-request-id": "Sanitized",
        "x-ms-date": "Thu, 06 Mar 2025 20:22:29 GMT",
        "x-ms-return-client-request-id": "true",
        "x-ms-version": "2025-05-05"
      },
      "RequestBody": "\uFEFF<BlockList><Latest>AAQAAAAAAAAAAAAAAAAAAAAAAAAAAAAAAAAAAAAAAAAAAAAAAAAAAAAAAAAAAAAA</Latest></BlockList>",
      "StatusCode": 201,
      "ResponseHeaders": {
        "Content-Length": "0",
        "Date": "Thu, 06 Mar 2025 20:22:19 GMT",
        "ETag": "\"0x8DD5CEC98C59E06\"",
        "Last-Modified": "Thu, 06 Mar 2025 20:22:20 GMT",
        "Server": [
          "Windows-Azure-Blob/1.0",
          "Microsoft-HTTPAPI/2.0"
        ],
        "x-ms-client-request-id": "Sanitized",
        "x-ms-content-crc64": "17m5j6ScWgM=",
        "x-ms-request-id": "7e8776c9-d01e-0049-41d5-8ee25f000000",
        "x-ms-request-server-encrypted": "true",
        "x-ms-version": "2025-05-05"
      },
      "ResponseBody": null
    },
    {
      "RequestUri": "https://amandapreprod.blob.core.windows.net/test-container-325842b8-19ed-6b5d-165c-e19920ce5ee5/test-blob-86cb3156-1fd2-1b5f-474f-6cd46625ca7c",
      "RequestMethod": "HEAD",
      "RequestHeaders": {
        "Accept": "application/xml",
        "Authorization": "Sanitized",
        "traceparent": "00-1fcdbba25daba7290d04d883047e1cee-907ad2b9da5badbd-00",
        "User-Agent": "azsdk-net-Storage.Blobs/12.24.0-alpha.20250306.1 (.NET Framework 4.8.9290.0; Microsoft Windows 10.0.26100 )",
        "x-ms-client-request-id": "Sanitized",
        "x-ms-date": "Thu, 06 Mar 2025 20:22:29 GMT",
        "x-ms-return-client-request-id": "true",
        "x-ms-version": "2025-05-05"
      },
      "RequestBody": null,
      "StatusCode": 200,
      "ResponseHeaders": {
        "Accept-Ranges": "bytes",
        "Content-Length": "1024",
        "Content-Type": "application/octet-stream",
        "Date": "Thu, 06 Mar 2025 20:22:19 GMT",
        "ETag": "\"0x8DD5CEC98C59E06\"",
        "Last-Modified": "Thu, 06 Mar 2025 20:22:20 GMT",
        "Server": [
          "Windows-Azure-Blob/1.0",
          "Microsoft-HTTPAPI/2.0"
        ],
        "x-ms-access-tier": "Hot",
        "x-ms-access-tier-inferred": "true",
        "x-ms-blob-type": "BlockBlob",
        "x-ms-client-request-id": "Sanitized",
        "x-ms-creation-time": "Thu, 06 Mar 2025 20:22:20 GMT",
        "x-ms-lease-state": "available",
        "x-ms-lease-status": "unlocked",
        "x-ms-request-id": "7e8776d8-d01e-0049-50d5-8ee25f000000",
        "x-ms-server-encrypted": "true",
        "x-ms-version": "2025-05-05"
      },
      "ResponseBody": null
    },
    {
      "RequestUri": "https://amandapreprod.blob.core.windows.net/test-container-325842b8-19ed-6b5d-165c-e19920ce5ee5/test-blob-86cb3156-1fd2-1b5f-474f-6cd46625ca7c",
      "RequestMethod": "GET",
      "RequestHeaders": {
        "Accept": "application/xml",
        "Authorization": "Sanitized",
        "If-Match": "\"0x8DD5CEC98C59E06\"",
        "User-Agent": "azsdk-net-Storage.Blobs/12.24.0-alpha.20250306.1 (.NET Framework 4.8.9290.0; Microsoft Windows 10.0.26100 )",
        "x-ms-client-request-id": "Sanitized",
        "x-ms-date": "Thu, 06 Mar 2025 20:22:30 GMT",
        "x-ms-range": "bytes=0-127",
        "x-ms-return-client-request-id": "true",
        "x-ms-version": "2025-05-05"
      },
      "RequestBody": null,
      "StatusCode": 206,
      "ResponseHeaders": {
        "Accept-Ranges": "bytes",
        "Content-Length": "128",
        "Content-Range": "bytes 0-127/1024",
        "Content-Type": "application/octet-stream",
        "Date": "Thu, 06 Mar 2025 20:22:19 GMT",
        "ETag": "\"0x8DD5CEC98C59E06\"",
        "Last-Modified": "Thu, 06 Mar 2025 20:22:20 GMT",
        "Server": [
          "Windows-Azure-Blob/1.0",
          "Microsoft-HTTPAPI/2.0"
        ],
        "x-ms-blob-type": "BlockBlob",
        "x-ms-client-request-id": "Sanitized",
        "x-ms-creation-time": "Thu, 06 Mar 2025 20:22:20 GMT",
        "x-ms-lease-state": "available",
        "x-ms-lease-status": "unlocked",
        "x-ms-request-id": "7e8776f0-d01e-0049-67d5-8ee25f000000",
        "x-ms-server-encrypted": "true",
        "x-ms-version": "2025-05-05"
      },
      "ResponseBody": "LO2J7y3bFDKnmUOiTxVBe/IIKnG0v+4mxU7YUy5xce8ovBs8EXqrk5rn9l3l0v+F/9w2RNWwWG3+YyreAsEENidUepP5BGp3XJfWzciQQPJPU1NROi0Zd2OuPa1PzJDZ4sA2kVhri/txv+c+2oukbiI4j65tsvz6OgIwSsa8J48="
    },
    {
      "RequestUri": "https://amandapreprod.blob.core.windows.net/test-container-325842b8-19ed-6b5d-165c-e19920ce5ee5/test-blob-86cb3156-1fd2-1b5f-474f-6cd46625ca7c",
      "RequestMethod": "GET",
      "RequestHeaders": {
        "Accept": "application/xml",
        "Authorization": "Sanitized",
        "If-Match": "\"0x8DD5CEC98C59E06\"",
        "User-Agent": "azsdk-net-Storage.Blobs/12.24.0-alpha.20250306.1 (.NET Framework 4.8.9290.0; Microsoft Windows 10.0.26100 )",
        "x-ms-client-request-id": "Sanitized",
        "x-ms-date": "Thu, 06 Mar 2025 20:22:30 GMT",
        "x-ms-range": "bytes=128-255",
        "x-ms-return-client-request-id": "true",
        "x-ms-version": "2025-05-05"
      },
      "RequestBody": null,
      "StatusCode": 206,
      "ResponseHeaders": {
        "Accept-Ranges": "bytes",
        "Content-Length": "128",
        "Content-Range": "bytes 128-255/1024",
        "Content-Type": "application/octet-stream",
        "Date": "Thu, 06 Mar 2025 20:22:19 GMT",
        "ETag": "\"0x8DD5CEC98C59E06\"",
        "Last-Modified": "Thu, 06 Mar 2025 20:22:20 GMT",
        "Server": [
          "Windows-Azure-Blob/1.0",
          "Microsoft-HTTPAPI/2.0"
        ],
        "x-ms-blob-type": "BlockBlob",
        "x-ms-client-request-id": "Sanitized",
        "x-ms-creation-time": "Thu, 06 Mar 2025 20:22:20 GMT",
        "x-ms-lease-state": "available",
        "x-ms-lease-status": "unlocked",
        "x-ms-request-id": "7e877701-d01e-0049-77d5-8ee25f000000",
        "x-ms-server-encrypted": "true",
        "x-ms-version": "2025-05-05"
      },
      "ResponseBody": "B/3qCFqvmuTIV+B7Rdqd2ArPihc94WsvxDtWVTtANLSXWDfdoJwTc56r5hXSgLVgZVhA9zIQUiWRu0QfWUSpiCMr5O2jvzdtvBd5kvtWXUOG9vDj/z2ChwURTOVY8xpZAl3yp5zIvKUg0joalr8pO10AmGNUxYjlqV3nkXNSFcg="
    },
    {
      "RequestUri": "https://amandapreprod.blob.core.windows.net/test-container-325842b8-19ed-6b5d-165c-e19920ce5ee5/test-blob-86cb3156-1fd2-1b5f-474f-6cd46625ca7c",
      "RequestMethod": "GET",
      "RequestHeaders": {
        "Accept": "application/xml",
        "Authorization": "Sanitized",
        "If-Match": "\"0x8DD5CEC98C59E06\"",
        "User-Agent": "azsdk-net-Storage.Blobs/12.24.0-alpha.20250306.1 (.NET Framework 4.8.9290.0; Microsoft Windows 10.0.26100 )",
        "x-ms-client-request-id": "Sanitized",
        "x-ms-date": "Thu, 06 Mar 2025 20:22:30 GMT",
        "x-ms-range": "bytes=256-383",
        "x-ms-return-client-request-id": "true",
        "x-ms-version": "2025-05-05"
      },
      "RequestBody": null,
      "StatusCode": 206,
      "ResponseHeaders": {
        "Accept-Ranges": "bytes",
        "Content-Length": "128",
        "Content-Range": "bytes 256-383/1024",
        "Content-Type": "application/octet-stream",
        "Date": "Thu, 06 Mar 2025 20:22:19 GMT",
        "ETag": "\"0x8DD5CEC98C59E06\"",
        "Last-Modified": "Thu, 06 Mar 2025 20:22:20 GMT",
        "Server": [
          "Windows-Azure-Blob/1.0",
          "Microsoft-HTTPAPI/2.0"
        ],
        "x-ms-blob-type": "BlockBlob",
        "x-ms-client-request-id": "Sanitized",
        "x-ms-creation-time": "Thu, 06 Mar 2025 20:22:20 GMT",
        "x-ms-lease-state": "available",
        "x-ms-lease-status": "unlocked",
        "x-ms-request-id": "7e877712-d01e-0049-07d5-8ee25f000000",
        "x-ms-server-encrypted": "true",
        "x-ms-version": "2025-05-05"
      },
      "ResponseBody": "/R+QnWO2p745SsIsA2fwRecRh1datgU81Q39P+ArMc69cR13L4zXp1naKQkDXOJBbKGpYsq+bUYaVMhWuGjdDRnzb5FJeRZbOeD+gIz7OHkrvNI+gs4E/wTXXNrDge7x/BzvD+xQ9/OLTSnpwO25HhtPK/yWnotK73CNchw7l7c="
    },
    {
      "RequestUri": "https://amandapreprod.blob.core.windows.net/test-container-325842b8-19ed-6b5d-165c-e19920ce5ee5/test-blob-86cb3156-1fd2-1b5f-474f-6cd46625ca7c",
      "RequestMethod": "GET",
      "RequestHeaders": {
        "Accept": "application/xml",
        "Authorization": "Sanitized",
        "If-Match": "\"0x8DD5CEC98C59E06\"",
        "User-Agent": "azsdk-net-Storage.Blobs/12.24.0-alpha.20250306.1 (.NET Framework 4.8.9290.0; Microsoft Windows 10.0.26100 )",
        "x-ms-client-request-id": "Sanitized",
        "x-ms-date": "Thu, 06 Mar 2025 20:22:30 GMT",
        "x-ms-range": "bytes=384-511",
        "x-ms-return-client-request-id": "true",
        "x-ms-version": "2025-05-05"
      },
      "RequestBody": null,
      "StatusCode": 206,
      "ResponseHeaders": {
        "Accept-Ranges": "bytes",
        "Content-Length": "128",
        "Content-Range": "bytes 384-511/1024",
        "Content-Type": "application/octet-stream",
        "Date": "Thu, 06 Mar 2025 20:22:19 GMT",
        "ETag": "\"0x8DD5CEC98C59E06\"",
        "Last-Modified": "Thu, 06 Mar 2025 20:22:20 GMT",
        "Server": [
          "Windows-Azure-Blob/1.0",
          "Microsoft-HTTPAPI/2.0"
        ],
        "x-ms-blob-type": "BlockBlob",
        "x-ms-client-request-id": "Sanitized",
        "x-ms-creation-time": "Thu, 06 Mar 2025 20:22:20 GMT",
        "x-ms-lease-state": "available",
        "x-ms-lease-status": "unlocked",
        "x-ms-request-id": "7e87772f-d01e-0049-23d5-8ee25f000000",
        "x-ms-server-encrypted": "true",
        "x-ms-version": "2025-05-05"
      },
      "ResponseBody": "8QyDcAwojNrE3rM0pRo/Fh0+v3RW8ltdkKUffMOF10+2cfizaUgS8sJQOLfrV6XVMXZU3nwjYf6xJeBmCA8WPgdkfjMii6zVK8yxBbqjcjj/SktMMfjTkhD5AUNnq+myOfmwh9lxs6XJfrKwcVtEDrOnZ77Eyg0OkOsjKIppbYA="
    },
    {
      "RequestUri": "https://amandapreprod.blob.core.windows.net/test-container-325842b8-19ed-6b5d-165c-e19920ce5ee5/test-blob-86cb3156-1fd2-1b5f-474f-6cd46625ca7c",
      "RequestMethod": "GET",
      "RequestHeaders": {
        "Accept": "application/xml",
        "Authorization": "Sanitized",
        "If-Match": "\"0x8DD5CEC98C59E06\"",
        "User-Agent": "azsdk-net-Storage.Blobs/12.24.0-alpha.20250306.1 (.NET Framework 4.8.9290.0; Microsoft Windows 10.0.26100 )",
        "x-ms-client-request-id": "Sanitized",
        "x-ms-date": "Thu, 06 Mar 2025 20:22:30 GMT",
        "x-ms-range": "bytes=350-477",
        "x-ms-return-client-request-id": "true",
        "x-ms-version": "2025-05-05"
      },
      "RequestBody": null,
      "StatusCode": 206,
      "ResponseHeaders": {
        "Accept-Ranges": "bytes",
        "Content-Length": "128",
        "Content-Range": "bytes 350-477/1024",
        "Content-Type": "application/octet-stream",
        "Date": "Thu, 06 Mar 2025 20:22:19 GMT",
        "ETag": "\"0x8DD5CEC98C59E06\"",
        "Last-Modified": "Thu, 06 Mar 2025 20:22:20 GMT",
        "Server": [
          "Windows-Azure-Blob/1.0",
          "Microsoft-HTTPAPI/2.0"
        ],
        "x-ms-blob-type": "BlockBlob",
        "x-ms-client-request-id": "Sanitized",
        "x-ms-creation-time": "Thu, 06 Mar 2025 20:22:20 GMT",
        "x-ms-lease-state": "available",
        "x-ms-lease-status": "unlocked",
        "x-ms-request-id": "7e877742-d01e-0049-36d5-8ee25f000000",
        "x-ms-server-encrypted": "true",
        "x-ms-version": "2025-05-05"
      },
      "ResponseBody": "7vH8HO8P7FD384tNKenA7bkeG08r/Jaei0rvcI1yHDuXt/EMg3AMKIzaxN6zNKUaPxYdPr90VvJbXZClH3zDhddPtnH4s2lIEvLCUDi361el1TF2VN58I2H+sSXgZggPFj4HZH4zIous1SvMsQW6o3I4/0pLTDH405IQ+QFDZ6s="
    },
    {
      "RequestUri": "https://amandapreprod.blob.core.windows.net/test-container-325842b8-19ed-6b5d-165c-e19920ce5ee5/test-blob-86cb3156-1fd2-1b5f-474f-6cd46625ca7c",
      "RequestMethod": "GET",
      "RequestHeaders": {
        "Accept": "application/xml",
        "Authorization": "Sanitized",
        "If-Match": "\"0x8DD5CEC98C59E06\"",
        "User-Agent": "azsdk-net-Storage.Blobs/12.24.0-alpha.20250306.1 (.NET Framework 4.8.9290.0; Microsoft Windows 10.0.26100 )",
        "x-ms-client-request-id": "Sanitized",
        "x-ms-date": "Thu, 06 Mar 2025 20:22:30 GMT",
        "x-ms-range": "bytes=478-605",
        "x-ms-return-client-request-id": "true",
        "x-ms-version": "2025-05-05"
      },
      "RequestBody": null,
      "StatusCode": 206,
      "ResponseHeaders": {
        "Accept-Ranges": "bytes",
        "Content-Length": "128",
        "Content-Range": "bytes 478-605/1024",
        "Content-Type": "application/octet-stream",
        "Date": "Thu, 06 Mar 2025 20:22:19 GMT",
        "ETag": "\"0x8DD5CEC98C59E06\"",
        "Last-Modified": "Thu, 06 Mar 2025 20:22:20 GMT",
        "Server": [
          "Windows-Azure-Blob/1.0",
          "Microsoft-HTTPAPI/2.0"
        ],
        "x-ms-blob-type": "BlockBlob",
        "x-ms-client-request-id": "Sanitized",
        "x-ms-creation-time": "Thu, 06 Mar 2025 20:22:20 GMT",
        "x-ms-lease-state": "available",
        "x-ms-lease-status": "unlocked",
        "x-ms-request-id": "7e877754-d01e-0049-48d5-8ee25f000000",
        "x-ms-server-encrypted": "true",
        "x-ms-version": "2025-05-05"
      },
      "ResponseBody": "6bI5+bCH2XGzpcl+srBxW0QOs6dnvsTKDQ6Q6yMoimltgOL+y8Hz61+Ol6WCskUiIbS185DARCvub+uh9u5NihpgETLOc4+CGsdI2SYfR1vJbslvc5fYrTy2EFzVUvVwQA2KIqATVK4kMtjId2oEzyiQ2Ick3haDiGT2F2Izrcg="
    },
    {
      "RequestUri": "https://amandapreprod.blob.core.windows.net/test-container-325842b8-19ed-6b5d-165c-e19920ce5ee5/test-blob-86cb3156-1fd2-1b5f-474f-6cd46625ca7c",
      "RequestMethod": "GET",
      "RequestHeaders": {
        "Accept": "application/xml",
        "Authorization": "Sanitized",
        "If-Match": "\"0x8DD5CEC98C59E06\"",
        "User-Agent": "azsdk-net-Storage.Blobs/12.24.0-alpha.20250306.1 (.NET Framework 4.8.9290.0; Microsoft Windows 10.0.26100 )",
        "x-ms-client-request-id": "Sanitized",
        "x-ms-date": "Thu, 06 Mar 2025 20:22:30 GMT",
        "x-ms-range": "bytes=606-733",
        "x-ms-return-client-request-id": "true",
        "x-ms-version": "2025-05-05"
      },
      "RequestBody": null,
      "StatusCode": 206,
      "ResponseHeaders": {
        "Accept-Ranges": "bytes",
        "Content-Length": "128",
        "Content-Range": "bytes 606-733/1024",
        "Content-Type": "application/octet-stream",
        "Date": "Thu, 06 Mar 2025 20:22:19 GMT",
        "ETag": "\"0x8DD5CEC98C59E06\"",
        "Last-Modified": "Thu, 06 Mar 2025 20:22:20 GMT",
        "Server": [
          "Windows-Azure-Blob/1.0",
          "Microsoft-HTTPAPI/2.0"
        ],
        "x-ms-blob-type": "BlockBlob",
        "x-ms-client-request-id": "Sanitized",
        "x-ms-creation-time": "Thu, 06 Mar 2025 20:22:20 GMT",
        "x-ms-lease-state": "available",
        "x-ms-lease-status": "unlocked",
        "x-ms-request-id": "7e87776c-d01e-0049-5dd5-8ee25f000000",
        "x-ms-server-encrypted": "true",
        "x-ms-version": "2025-05-05"
      },
      "ResponseBody": "0teZGZQkurYZG0pBvxA10bFBM0R6bUxh9weZPBw8S/GED/Wf0es7A9UhbQiU1MR3LiVmIf9oTmWLNyKMi36Z3dBZva8alv/GBi9vWP9DzSJDIg731inxHMGQE5rIrnhXiJA3OxcUXZclnxvQ+fZlR2r/SWhvoQenZ6HuiYJl/Vc="
    },
    {
      "RequestUri": "https://amandapreprod.blob.core.windows.net/test-container-325842b8-19ed-6b5d-165c-e19920ce5ee5/test-blob-86cb3156-1fd2-1b5f-474f-6cd46625ca7c",
      "RequestMethod": "GET",
      "RequestHeaders": {
        "Accept": "application/xml",
        "Authorization": "Sanitized",
        "If-Match": "\"0x8DD5CEC98C59E06\"",
        "User-Agent": "azsdk-net-Storage.Blobs/12.24.0-alpha.20250306.1 (.NET Framework 4.8.9290.0; Microsoft Windows 10.0.26100 )",
        "x-ms-client-request-id": "Sanitized",
        "x-ms-date": "Thu, 06 Mar 2025 20:22:30 GMT",
        "x-ms-range": "bytes=734-861",
        "x-ms-return-client-request-id": "true",
        "x-ms-version": "2025-05-05"
      },
      "RequestBody": null,
      "StatusCode": 206,
      "ResponseHeaders": {
        "Accept-Ranges": "bytes",
        "Content-Length": "128",
        "Content-Range": "bytes 734-861/1024",
        "Content-Type": "application/octet-stream",
        "Date": "Thu, 06 Mar 2025 20:22:19 GMT",
        "ETag": "\"0x8DD5CEC98C59E06\"",
        "Last-Modified": "Thu, 06 Mar 2025 20:22:20 GMT",
        "Server": [
          "Windows-Azure-Blob/1.0",
          "Microsoft-HTTPAPI/2.0"
        ],
        "x-ms-blob-type": "BlockBlob",
        "x-ms-client-request-id": "Sanitized",
        "x-ms-creation-time": "Thu, 06 Mar 2025 20:22:20 GMT",
        "x-ms-lease-state": "available",
        "x-ms-lease-status": "unlocked",
        "x-ms-request-id": "7e877786-d01e-0049-76d5-8ee25f000000",
        "x-ms-server-encrypted": "true",
        "x-ms-version": "2025-05-05"
      },
      "ResponseBody": "txfPbwuSCy7EdtI2DiEiyivLL8llD+jniZDTdibTFcCiwxjiJvY82PQbpPnP0ZhGfiNetjU08qcv6OV7vpQH8GESk0oIQKQ0j1fUSmvvF7j3jPcDdF6KbtBxsz4QwBlfE7OXvT1OPT5/KifeX6g8P9AtgzGdBHsCiCV5l4xlI84="
    },
    {
      "RequestUri": "https://amandapreprod.blob.core.windows.net/test-container-325842b8-19ed-6b5d-165c-e19920ce5ee5/test-blob-86cb3156-1fd2-1b5f-474f-6cd46625ca7c",
      "RequestMethod": "GET",
      "RequestHeaders": {
        "Accept": "application/xml",
        "Authorization": "Sanitized",
        "If-Match": "\"0x8DD5CEC98C59E06\"",
        "User-Agent": "azsdk-net-Storage.Blobs/12.24.0-alpha.20250306.1 (.NET Framework 4.8.9290.0; Microsoft Windows 10.0.26100 )",
        "x-ms-client-request-id": "Sanitized",
        "x-ms-date": "Thu, 06 Mar 2025 20:22:30 GMT",
        "x-ms-range": "bytes=862-989",
        "x-ms-return-client-request-id": "true",
        "x-ms-version": "2025-05-05"
      },
      "RequestBody": null,
      "StatusCode": 206,
      "ResponseHeaders": {
        "Accept-Ranges": "bytes",
        "Content-Length": "128",
        "Content-Range": "bytes 862-989/1024",
        "Content-Type": "application/octet-stream",
        "Date": "Thu, 06 Mar 2025 20:22:19 GMT",
        "ETag": "\"0x8DD5CEC98C59E06\"",
        "Last-Modified": "Thu, 06 Mar 2025 20:22:20 GMT",
        "Server": [
          "Windows-Azure-Blob/1.0",
          "Microsoft-HTTPAPI/2.0"
        ],
        "x-ms-blob-type": "BlockBlob",
        "x-ms-client-request-id": "Sanitized",
        "x-ms-creation-time": "Thu, 06 Mar 2025 20:22:20 GMT",
        "x-ms-lease-state": "available",
        "x-ms-lease-status": "unlocked",
        "x-ms-request-id": "7e877797-d01e-0049-07d5-8ee25f000000",
        "x-ms-server-encrypted": "true",
        "x-ms-version": "2025-05-05"
      },
      "ResponseBody": "PXU2t1daeqlOuYRKN6sOKDRzbuI958ION5Q0GNSmsRkGWKHqcYTodbLZ4uOAMcvcFlFiGfdBkFWyJ3/CJWLVqAdqRN8KJLavivgwZATejgbJWAKCQ5cixcdLN0oFJk9QAzrcFezs0vGbso7/ECxR1Jl5+M1gU2RwSH8Xv+xrqmQ="
    },
    {
      "RequestUri": "https://amandapreprod.blob.core.windows.net/test-container-325842b8-19ed-6b5d-165c-e19920ce5ee5/test-blob-86cb3156-1fd2-1b5f-474f-6cd46625ca7c",
      "RequestMethod": "GET",
      "RequestHeaders": {
        "Accept": "application/xml",
        "Authorization": "Sanitized",
        "If-Match": "\"0x8DD5CEC98C59E06\"",
        "User-Agent": "azsdk-net-Storage.Blobs/12.24.0-alpha.20250306.1 (.NET Framework 4.8.9290.0; Microsoft Windows 10.0.26100 )",
        "x-ms-client-request-id": "Sanitized",
        "x-ms-date": "Thu, 06 Mar 2025 20:22:30 GMT",
        "x-ms-range": "bytes=990-1117",
        "x-ms-return-client-request-id": "true",
        "x-ms-version": "2025-05-05"
      },
      "RequestBody": null,
      "StatusCode": 206,
      "ResponseHeaders": {
        "Accept-Ranges": "bytes",
        "Content-Length": "34",
        "Content-Range": "bytes 990-1023/1024",
        "Content-Type": "application/octet-stream",
        "Date": "Thu, 06 Mar 2025 20:22:19 GMT",
        "ETag": "\"0x8DD5CEC98C59E06\"",
        "Last-Modified": "Thu, 06 Mar 2025 20:22:20 GMT",
        "Server": [
          "Windows-Azure-Blob/1.0",
          "Microsoft-HTTPAPI/2.0"
        ],
        "x-ms-blob-type": "BlockBlob",
        "x-ms-client-request-id": "Sanitized",
        "x-ms-creation-time": "Thu, 06 Mar 2025 20:22:20 GMT",
        "x-ms-lease-state": "available",
        "x-ms-lease-status": "unlocked",
        "x-ms-request-id": "7e8777af-d01e-0049-1dd5-8ee25f000000",
        "x-ms-server-encrypted": "true",
        "x-ms-version": "2025-05-05"
      },
      "ResponseBody": "qN9hygJ5Gd2GEOaQCSK0m/ljsYstgvCw1WzNbdQSBS8IKg=="
    },
    {
      "RequestUri": "https://amandapreprod.blob.core.windows.net/test-container-325842b8-19ed-6b5d-165c-e19920ce5ee5?restype=container",
      "RequestMethod": "DELETE",
      "RequestHeaders": {
        "Accept": "application/xml",
        "Authorization": "Sanitized",
        "traceparent": "00-776d5da441677607a083b0a1dde199e7-a89f22bc7f50b2e1-00",
        "User-Agent": "azsdk-net-Storage.Blobs/12.24.0-alpha.20250306.1 (.NET Framework 4.8.9290.0; Microsoft Windows 10.0.26100 )",
        "x-ms-client-request-id": "Sanitized",
        "x-ms-date": "Thu, 06 Mar 2025 20:22:30 GMT",
        "x-ms-return-client-request-id": "true",
        "x-ms-version": "2025-05-05"
      },
      "RequestBody": null,
      "StatusCode": 202,
      "ResponseHeaders": {
        "Content-Length": "0",
        "Date": "Thu, 06 Mar 2025 20:22:19 GMT",
        "Server": [
          "Windows-Azure-Blob/1.0",
          "Microsoft-HTTPAPI/2.0"
        ],
        "x-ms-client-request-id": "Sanitized",
        "x-ms-request-id": "7e8777c4-d01e-0049-32d5-8ee25f000000",
        "x-ms-version": "2025-05-05"
      },
      "ResponseBody": null
    }
  ],
  "Variables": {
    "RandomSeed": "493696867",
    "Storage_TestConfigDefault": "ProductionTenant\namandapreprod\nU2FuaXRpemVk\nhttps://amandapreprod.blob.core.windows.net\nhttps://amandapreprod.file.core.windows.net\nhttps://amandapreprod.queue.core.windows.net\nhttps://amandapreprod.table.core.windows.net\n\n\n\n\nhttps://amandapreprod-secondary.blob.core.windows.net\nhttps://amandapreprod-secondary.file.core.windows.net\nhttps://amandapreprod-secondary.queue.core.windows.net\nhttps://amandapreprod-secondary.table.core.windows.net\nCloud\nBlobEndpoint=https://amandapreprod.blob.core.windows.net/;QueueEndpoint=https://amandapreprod.queue.core.windows.net/;FileEndpoint=https://amandapreprod.file.core.windows.net/;BlobSecondaryEndpoint=https://amandapreprod-secondary.blob.core.windows.net/;QueueSecondaryEndpoint=https://amandapreprod-secondary.queue.core.windows.net/;FileSecondaryEndpoint=https://amandapreprod-secondary.file.core.windows.net/;AccountName=amandapreprod;AccountKey=U2FuaXRpemVk\nEncryptionScope\n\n"
  }
}
