{
  "Entries": [
    {
      "RequestUri": "https://management.azure.com/subscriptions/5b4b650e-28b9-4790-b3ab-ddbd88d727c4?api-version=2022-12-01",
      "RequestMethod": "GET",
      "RequestHeaders": {
        "Accept": "application/json",
        "Authorization": "Sanitized",
        "traceparent": "00-5bc6e4339bff4063a8d5efcd884b79f7-9fe3e62ee5247296-00",
        "User-Agent": "azsdk-net-ResourceManager/1.13.1 (.NET 9.0.7; Microsoft Windows 10.0.26100)",
        "x-ms-client-request-id": "Sanitized",
        "x-ms-return-client-request-id": "true"
      },
      "RequestBody": null,
      "StatusCode": 200,
      "ResponseHeaders": {
        "Cache-Control": "no-cache",
        "Content-Length": "402",
        "Content-Type": "application/json; charset=utf-8",
        "Date": "Wed, 23 Jul 2025 09:49:39 GMT",
        "Expires": "-1",
        "Pragma": "no-cache",
        "Strict-Transport-Security": "max-age=31536000; includeSubDomains",
        "X-Cache": "CONFIG_NOCACHE",
        "X-Content-Type-Options": "nosniff",
        "x-ms-correlation-request-id": "2cc739d4-4ae2-481b-98ac-c11eb06b29e2",
        "x-ms-ratelimit-remaining-subscription-global-reads": "16499",
        "x-ms-ratelimit-remaining-subscription-reads": "1099",
        "x-ms-request-id": "2cc739d4-4ae2-481b-98ac-c11eb06b29e2",
        "x-ms-routing-request-id": "SOUTHINDIA:20250724T094939Z:2cc739d4-4ae2-481b-98ac-c11eb06b29e2",
        "X-MSEdge-Ref": "Ref A: F6F2A46CBE824C9DA19FDF79700739D7 Ref B: MAA201060514035 Ref C: 2025-07-24T09:49:39Z"
      },
      "ResponseBody": {
        "id": "/subscriptions/5b4b650e-28b9-4790-b3ab-ddbd88d727c4",
        "authorizationSource": "RoleBased",
        "managedByTenants": [],
        "subscriptionId": "5b4b650e-28b9-4790-b3ab-ddbd88d727c4",
        "tenantId": "00000000-0000-0000-0000-000000000000",
        "displayName": "Azure Event Grid - SDK",
        "state": "Enabled",
        "subscriptionPolicies": {
          "locationPlacementId": "Internal_2014-09-01",
          "quotaId": "Internal_2014-09-01",
          "spendingLimit": "Off"
        }
      }
    },
    {
      "RequestUri": "https://management.azure.com/subscriptions/5b4b650e-28b9-4790-b3ab-ddbd88d727c4/resourcegroups/EventGridRG2783?api-version=2022-09-01",
      "RequestMethod": "PUT",
      "RequestHeaders": {
        "Accept": "application/json",
        "Authorization": "Sanitized",
        "Content-Length": "79",
        "Content-Type": "application/json",
        "traceparent": "00-86f97f1fac2e37ae9d2a7598c38d29b7-8857ce165a970074-00",
        "User-Agent": "azsdk-net-ResourceManager/1.13.1 (.NET 9.0.7; Microsoft Windows 10.0.26100)",
        "x-ms-client-request-id": "Sanitized",
        "x-ms-return-client-request-id": "true"
      },
      "RequestBody": {
        "location": "eastus2euap",
        "tags": {
          "DeleteAfter": "2025-07-24T17:49:36.5292037"
        }
      },
      "StatusCode": 201,
      "ResponseHeaders": {
        "Cache-Control": "no-cache",
        "Content-Length": "285",
        "Content-Type": "application/json; charset=utf-8",
        "Date": "Wed, 23 Jul 2025 09:49:44 GMT",
        "Expires": "-1",
        "Pragma": "no-cache",
        "Strict-Transport-Security": "max-age=31536000; includeSubDomains",
        "X-Cache": "CONFIG_NOCACHE",
        "X-Content-Type-Options": "nosniff",
        "x-ms-correlation-request-id": "d1c99e0a-f514-40b5-b557-621ddca88747",
        "x-ms-ratelimit-remaining-subscription-global-writes": "11999",
        "x-ms-ratelimit-remaining-subscription-writes": "799",
        "x-ms-request-id": "d1c99e0a-f514-40b5-b557-621ddca88747",
        "x-ms-routing-request-id": "SOUTHINDIA:20250724T094944Z:d1c99e0a-f514-40b5-b557-621ddca88747",
        "X-MSEdge-Ref": "Ref A: 55414FFB926F4CD890E184C0BA7AD36A Ref B: MAA201060514035 Ref C: 2025-07-24T09:49:39Z"
      },
      "ResponseBody": {
        "id": "/subscriptions/5b4b650e-28b9-4790-b3ab-ddbd88d727c4/resourceGroups/EventGridRG2783",
        "name": "EventGridRG2783",
        "type": "Microsoft.Resources/resourceGroups",
        "location": "eastus2euap",
        "tags": {
          "DeleteAfter": "2025-07-24T17:49:36.5292037"
        },
        "properties": {
          "provisioningState": "Succeeded"
        }
      }
    },
    {
      "RequestUri": "https://management.azure.com/subscriptions/5b4b650e-28b9-4790-b3ab-ddbd88d727c4/resourceGroups/EventGridRG2783/providers/Microsoft.EventGrid/partnerRegistrations/PartnerRegistration9945?api-version=2025-04-01-preview",
      "RequestMethod": "PUT",
      "RequestHeaders": {
        "Accept": "application/json",
        "Authorization": "Sanitized",
        "Content-Length": "37",
        "Content-Type": "application/json",
        "traceparent": "00-5084fba6251fd6841fe7c9f690fc365d-f3daca3a1678c8e0-00",
        "User-Agent": "azsdk-net-ResourceManager.EventGrid/1.2.0-alpha.20250722.1 (.NET 9.0.7; Microsoft Windows 10.0.26100)",
        "x-ms-client-request-id": "Sanitized",
        "x-ms-return-client-request-id": "true"
      },
      "RequestBody": {
        "location": "Global",
        "properties": {}
      },
      "StatusCode": 200,
      "ResponseHeaders": {
        "Cache-Control": "no-cache",
        "Content-Length": "445",
        "Content-Type": "application/json; charset=utf-8",
        "Date": "Wed, 23 Jul 2025 09:49:48 GMT",
        "Expires": "-1",
        "Pragma": "no-cache",
        "Strict-Transport-Security": "max-age=31536000; includeSubDomains",
        "X-Cache": "CONFIG_NOCACHE",
        "X-Content-Type-Options": "nosniff",
        "x-ms-correlation-request-id": "02cd8009-2bbf-4488-9406-30d17da4e44f",
        "x-ms-operation-identifier": "tenantId=72f988bf-86f1-41af-91ab-2d7cd011db47,objectId=ef25a9fd-b366-4bbe-97ae-51e0d6ddbe21/southindia/10b3f878-6b50-4fd1-9c7e-cef4d7aafedb",
        "x-ms-ratelimit-remaining-subscription-global-writes": "11999",
        "x-ms-ratelimit-remaining-subscription-writes": "799",
        "x-ms-request-id": "40000035-0003-f900-b63f-84710c7967bb",
        "x-ms-routing-request-id": "SOUTHINDIA:20250724T094948Z:02cd8009-2bbf-4488-9406-30d17da4e44f",
        "X-MSEdge-Ref": "Ref A: 38BC25050B7F40148265889B3693F1F1 Ref B: MAA201060514035 Ref C: 2025-07-24T09:49:44Z"
      },
      "ResponseBody": {
        "properties": {
          "provisioningState": "Succeeded",
          "partnerRegistrationImmutableId": "dbc1e0fb-651a-4bae-aed5-41a9fd434c94",
          "visibilityState": "Hidden"
        },
        "systemData": null,
        "location": "Global",
        "tags": null,
        "id": "/subscriptions/5b4b650e-28b9-4790-b3ab-ddbd88d727c4/resourceGroups/EventGridRG2783/providers/Microsoft.EventGrid/partnerRegistrations/PartnerRegistration9945",
        "name": "PartnerRegistration9945",
        "type": "Microsoft.EventGrid/partnerRegistrations"
      }
    }
  ],
  "Variables": {
    "DateTimeOffsetNow": "2025-07-24T15:19:36.5292037+05:30",
    "RandomSeed": "100246809",
    "RESOURCE_MANAGER_URL": null,
    "SUBSCRIPTION_ID": "5b4b650e-28b9-4790-b3ab-ddbd88d727c4"
  }
}
