{
  "Entries": [
    {
      "RequestUri": "https://Sanitized.confidential-ledger.core.azure.com/ledgerIdentity/fake?api-version=2024-12-09-preview",
      "RequestMethod": "GET",
      "RequestHeaders": {
        "Accept": "application/json",
        "Accept-Encoding": "gzip, deflate",
        "User-Agent": "azsdk-python-confidentialledger-certificate/1.2.0b1 Python/3.13.3 (Windows-11-10.0.26100-SP0)"
      },
      "RequestBody": null,
      "StatusCode": 200,
      "ResponseHeaders": {
        "Connection": "keep-alive",
        "Content-Type": "application/json; charset=utf-8",
        "Date": "Tue, 22 Apr 2025 21:47:32 GMT",
        "Transfer-Encoding": "chunked",
        "x-azure-ref": "Sanitized",
        "X-Cache": "CONFIG_NOCACHE",
        "x-ms-correlation-request-id": "54fa3086-08a7-4c5a-8b68-d3d854dcb7db",
        "x-ms-image-tag": "1.0.03020.245-cd77d0d5c8109fe7bf9e3ea1e1bb58b23d8a69d4",
        "x-ms-machineName": "identityservice-774866d8dd-6pwgd"
      },
      "ResponseBody": {
        "ledgerTlsCertificate": "-----BEGIN CERTIFICATE-----\nMIIBgTCCASagAwIBAgIQVGUWh13toT0jiyfR8VP2ETAKBggqhkjOPQQDAjAWMRQw\nEgYDVQQDDAtDQ0YgU2VydmljZTAeFw0yNTAzMzExNjI5NTZaFw0yNTA2MjkxNjI5\nNTVaMBYxFDASBgNVBAMMC0NDRiBTZXJ2aWNlMFkwEwYHKoZIzj0CAQYIKoZIzj0D\nAQcDQgAEexCqiXHb14I+pNKSE3Iqzbr5KZVmquEKMeuRmC1wKOXnZxkauqhTX+Dl\nOJCz58GH+iY0mOD/gIUAFhZyLW7ibqNWMFQwEgYDVR0TAQH/BAgwBgEB/wIBATAd\nBgNVHQ4EFgQUHuOeoTbmEsOEuPYIoGkirKQOytowHwYDVR0jBBgwFoAUHuOeoTbm\nEsOEuPYIoGkirKQOytowCgYIKoZIzj0EAwIDSQAwRgIhAK9ScZ8UpOBkgJutIYMM\nFSP6iqY630s55w47BE/5qLHpAiEA3Q0B8Rb793gMxqv6dw1rlM2V5AyJJidb/97X\n/EbqQJY=\n-----END CERTIFICATE-----\n",
        "ledgerId": "fake"
      }
    },
    {
      "RequestUri": "https://Sanitized.confidential-ledger.azure.com/app/transactions?api-version=2024-12-09-preview",
      "RequestMethod": "POST",
      "RequestHeaders": {
        "Accept": "application/json",
        "Accept-Encoding": "gzip, deflate",
        "Content-Length": "42",
        "Content-Type": "application/json",
        "User-Agent": "azsdk-python-confidentialledger/1.2.0b1 Python/3.13.3 (Windows-11-10.0.26100-SP0)"
      },
      "RequestBody": {
        "contents": "Test entry from Python SDK"
      },
      "StatusCode": 200,
      "ResponseHeaders": {
        "Content-Length": "30",
        "Content-Type": "application/json",
        "x-ms-ccf-transaction-id": "25.4991"
      },
      "ResponseBody": {
        "collectionId": "subledger:0"
      }
    },
    {
      "RequestUri": "https://Sanitized.confidential-ledger.azure.com/app/transactions/25.4991/status?api-version=2024-12-09-preview",
      "RequestMethod": "GET",
      "RequestHeaders": {
        "Accept": "application/json",
        "Accept-Encoding": "gzip, deflate",
        "User-Agent": "azsdk-python-confidentialledger/1.2.0b1 Python/3.13.3 (Windows-11-10.0.26100-SP0)"
      },
      "RequestBody": null,
      "StatusCode": 200,
      "ResponseHeaders": {
        "Content-Length": "45",
        "Content-Type": "application/json",
        "x-ms-ccf-transaction-id": "25.4992"
      },
      "ResponseBody": {
        "state": "Pending",
        "transactionId": "25.4991"
      }
    },
    {
      "RequestUri": "https://Sanitized.confidential-ledger.azure.com/app/transactions/25.4991/status?api-version=2024-12-09-preview",
      "RequestMethod": "GET",
      "RequestHeaders": {
        "Accept": "application/json",
        "Accept-Encoding": "gzip, deflate",
        "User-Agent": "azsdk-python-confidentialledger/1.2.0b1 Python/3.13.3 (Windows-11-10.0.26100-SP0)"
      },
      "RequestBody": null,
      "StatusCode": 200,
      "ResponseHeaders": {
        "Content-Length": "47",
        "Content-Type": "application/json",
        "x-ms-ccf-transaction-id": "25.4992"
      },
      "ResponseBody": {
        "state": "Committed",
        "transactionId": "25.4991"
      }
    },
    {
      "RequestUri": "https://Sanitized.confidential-ledger.azure.com/app/transactions/25.4991/status?api-version=2024-12-09-preview",
      "RequestMethod": "GET",
      "RequestHeaders": {
        "Accept": "application/json",
        "Accept-Encoding": "gzip, deflate",
        "User-Agent": "azsdk-python-confidentialledger/1.2.0b1 Python/3.13.3 (Windows-11-10.0.26100-SP0)"
      },
      "RequestBody": null,
      "StatusCode": 200,
      "ResponseHeaders": {
        "Content-Length": "47",
        "Content-Type": "application/json",
        "x-ms-ccf-transaction-id": "25.4992"
      },
      "ResponseBody": {
        "state": "Committed",
        "transactionId": "25.4991"
      }
    },
    {
      "RequestUri": "https://Sanitized.confidential-ledger.azure.com/app/transactions/25.4991/receipt?api-version=2024-12-09-preview",
      "RequestMethod": "GET",
      "RequestHeaders": {
        "Accept": "application/json",
        "Accept-Encoding": "gzip, deflate",
        "User-Agent": "azsdk-python-confidentialledger/1.2.0b1 Python/3.13.3 (Windows-11-10.0.26100-SP0)"
      },
      "RequestBody": null,
      "StatusCode": 200,
      "ResponseHeaders": {
        "Content-Length": "122",
        "Content-Type": "application/json",
        "x-ms-ccf-transaction-id": "25.4992"
      },
      "ResponseBody": {
        "receipt": {
          "nodeId": "",
          "proof": [],
          "signature": ""
        },
        "state": "Loading",
        "transactionId": ""
      }
    },
    {
      "RequestUri": "https://Sanitized.confidential-ledger.azure.com/app/transactions/25.4991/receipt?api-version=2024-12-09-preview",
      "RequestMethod": "GET",
      "RequestHeaders": {
        "Accept": "application/json",
        "Accept-Encoding": "gzip, deflate",
        "User-Agent": "azsdk-python-confidentialledger/1.2.0b1 Python/3.13.3 (Windows-11-10.0.26100-SP0)"
      },
      "RequestBody": null,
      "StatusCode": 200,
      "ResponseHeaders": {
        "Content-Length": "2414",
        "Content-Type": "application/json",
        "x-ms-ccf-transaction-id": "25.4992"
      },
      "ResponseBody": {
        "receipt": {
          "cert": "-----BEGIN CERTIFICATE-----\nMIICETCCAbagAwIBAgIQfY1R/KPJsdmOf0dLCDI07DAKBggqhkjOPQQDAjAWMRQw\nEgYDVQQDDAtDQ0YgU2VydmljZTAeFw0yNTA0MjExNDEyNDhaFw0yNTA3MjAxNDEy\nNDdaMBMxETAPBgNVBAMMCENDRiBOb2RlMFkwEwYHKoZIzj0CAQYIKoZIzj0DAQcD\nQgAEPiohxiEHl6mePC8IbtrDYMAaArK6YFU/7zjerRcSwd2KrmsMb/I/sVJaQ0Do\n7AfeT8AsB5De+CWa9NFiVCO+P6OB6DCB5TAMBgNVHRMBAf8EAjAAMB0GA1UdDgQW\nBBSFt77IsQiV3UgCpILqIaKfDF9bbjAfBgNVHSMEGDAWgBQe456hNuYSw4S49gig\naSKspA7K2jCBlAYDVR0RBIGMMIGJgjNhbXJ1dGhhLXNkay10ZXN0bGVkZ2VyLnBy\nb2QucHJpdmF0ZS5henVyZWxlZGdlci5jb22HBArwAWiCNGFtcnV0aGEtc2RrLXRl\nc3RsZWRnZXIuY29uZmlkZW50aWFsLWxlZGdlci5henVyZS5jb22CFmFtcnV0aGEt\nc2RrLXRlc3RsZWRnZXIwCgYIKoZIzj0EAwIDSQAwRgIhAIqwEfiK4ubCxlP7ODH+\nkfam4sw/3wI9sCS49VGO4GbGAiEAsxbb+9WdZH+zHhQxbb3ZysZ3F98RKxQGNyHN\nwzlA63E=\n-----END CERTIFICATE-----\n",
          "leafComponents": {
            "claimsDigest": "0000000000000000000000000000000000000000000000000000000000000000",
            "commitEvidence": "ce:25.4991:179aed2949b69fc1310760a0bb03fdcee3f489b380f7de2ab814639a3453b260",
            "writeSetDigest": "ced4be09feda414d4c205eca0347094c1a7910a6fe287b95d4b81e72541eeee4"
          },
          "nodeId": "02dde1608dcff3f776888ace37cb095b83b3f1cc9e191e4186aa246d472aaa14",
          "proof": [
            {
              "left": "ef1fb1d4b8fa08c873bee09294a72dc4591775090492b11965fd4674e965337a"
            },
            {
              "left": "bcf3809a778018bb155529b76703ba972f58e89db9fe57b28e0731646c9427f6"
            },
            {
              "left": "d8fe805acb6df184a1905bda7a99da058f8fa7513763e3fac5f940817b5492c4"
            },
            {
              "left": "96fb3ec47a4bebb494263f4f0a6840830e9b91b9da0b4de0d8b85a9bcf56fc9e"
            },
            {
              "left": "4a434ed665b46cb1df0f2a3246f763f555a3f3fb422cf347e2de0572669a8c71"
            },
            {
              "left": "797e171caac77d9399eb756251f8140f1b1ef6a5a689f2e89a9a2bd0c5eef575"
            },
            {
              "left": "79efa139e850ea994ea90bdf7c4f7674ce291cff45b5f14e9bc652db8ebb0403"
            },
            {
              "left": "6388d3cba808eb159d5a0d20c81e89f0baf6be7df153ac73c3e7c31a2c444bd4"
            },
            {
              "left": "6ffe5af8f4b8bf9100fb56d21d200969dc86f65cd72440330d5cbf21512d1390"
            },
            {
              "left": "d59bf10c9ac261e3da0a90638072a23e2f2d2ac0e993f73540e4c504b8270dfb"
            }
          ],
          "signature": "MEQCIANuaFq9veV91cIV52ebUp8usYtrMGkp/pPlhhouJpFwAiBfY+yhPVW6YUA3zhQfOVU2CI4lQO9VgIGWa3ulGAJ1GQ=="
        },
        "state": "Ready",
        "transactionId": "25.4991"
      }
    },
    {
      "RequestUri": "https://Sanitized.confidential-ledger.azure.com/app/transactions/current?api-version=2024-12-09-preview",
      "RequestMethod": "GET",
      "RequestHeaders": {
        "Accept": "application/json",
        "Accept-Encoding": "gzip, deflate",
        "User-Agent": "azsdk-python-confidentialledger/1.2.0b1 Python/3.13.3 (Windows-11-10.0.26100-SP0)"
      },
      "RequestBody": null,
      "StatusCode": 200,
      "ResponseHeaders": {
        "Content-Length": "96",
        "Content-Type": "application/json",
        "x-ms-ccf-transaction-id": "25.4992"
      },
      "ResponseBody": {
        "collectionId": "subledger:0",
        "contents": "Test entry from Python SDK",
        "transactionId": "25.4991"
      }
    },
    {
      "RequestUri": "https://Sanitized.confidential-ledger.azure.com/app/transactions?api-version=2024-12-09-preview",
      "RequestMethod": "POST",
      "RequestHeaders": {
        "Accept": "application/json",
        "Accept-Encoding": "gzip, deflate",
        "Content-Length": "44",
        "Content-Type": "application/json",
        "User-Agent": "azsdk-python-confidentialledger/1.2.0b1 Python/3.13.3 (Windows-11-10.0.26100-SP0)"
      },
      "RequestBody": {
        "contents": "Test entry 2 from Python SDK"
      },
      "StatusCode": 200,
      "ResponseHeaders": {
        "Content-Length": "30",
        "Content-Type": "application/json",
        "x-ms-ccf-transaction-id": "25.4993"
      },
      "ResponseBody": {
        "collectionId": "subledger:0"
      }
    },
    {
      "RequestUri": "https://Sanitized.confidential-ledger.azure.com/app/transactions/25.4993/status?api-version=2024-12-09-preview",
      "RequestMethod": "GET",
      "RequestHeaders": {
        "Accept": "application/json",
        "Accept-Encoding": "gzip, deflate",
        "User-Agent": "azsdk-python-confidentialledger/1.2.0b1 Python/3.13.3 (Windows-11-10.0.26100-SP0)"
      },
      "RequestBody": null,
      "StatusCode": 200,
      "ResponseHeaders": {
        "Content-Length": "45",
        "Content-Type": "application/json",
        "x-ms-ccf-transaction-id": "25.4993"
      },
      "ResponseBody": {
        "state": "Pending",
        "transactionId": "25.4993"
      }
    },
    {
      "RequestUri": "https://Sanitized.confidential-ledger.azure.com/app/transactions/25.4993/status?api-version=2024-12-09-preview",
      "RequestMethod": "GET",
      "RequestHeaders": {
        "Accept": "application/json",
        "Accept-Encoding": "gzip, deflate",
        "User-Agent": "azsdk-python-confidentialledger/1.2.0b1 Python/3.13.3 (Windows-11-10.0.26100-SP0)"
      },
      "RequestBody": null,
      "StatusCode": 200,
      "ResponseHeaders": {
        "Content-Length": "45",
        "Content-Type": "application/json",
        "x-ms-ccf-transaction-id": "25.4994"
      },
      "ResponseBody": {
        "state": "Pending",
        "transactionId": "25.4993"
      }
    },
    {
      "RequestUri": "https://Sanitized.confidential-ledger.azure.com/app/transactions/25.4993/status?api-version=2024-12-09-preview",
      "RequestMethod": "GET",
      "RequestHeaders": {
        "Accept": "application/json",
        "Accept-Encoding": "gzip, deflate",
        "User-Agent": "azsdk-python-confidentialledger/1.2.0b1 Python/3.13.3 (Windows-11-10.0.26100-SP0)"
      },
      "RequestBody": null,
      "StatusCode": 200,
      "ResponseHeaders": {
        "Content-Length": "47",
        "Content-Type": "application/json",
        "x-ms-ccf-transaction-id": "25.4994"
      },
      "ResponseBody": {
        "state": "Committed",
        "transactionId": "25.4993"
      }
    },
    {
      "RequestUri": "https://Sanitized.confidential-ledger.azure.com/app/transactions/current?api-version=2024-12-09-preview",
      "RequestMethod": "GET",
      "RequestHeaders": {
        "Accept": "application/json",
        "Accept-Encoding": "gzip, deflate",
        "User-Agent": "azsdk-python-confidentialledger/1.2.0b1 Python/3.13.3 (Windows-11-10.0.26100-SP0)"
      },
      "RequestBody": null,
      "StatusCode": 200,
      "ResponseHeaders": {
        "Content-Length": "98",
        "Content-Type": "application/json",
        "x-ms-ccf-transaction-id": "25.4994"
      },
      "ResponseBody": {
        "collectionId": "subledger:0",
        "contents": "Test entry 2 from Python SDK",
        "transactionId": "25.4993"
      }
    },
    {
      "RequestUri": "https://Sanitized.confidential-ledger.azure.com/app/transactions/25.4991?api-version=2024-12-09-preview",
      "RequestMethod": "GET",
      "RequestHeaders": {
        "Accept": "application/json",
        "Accept-Encoding": "gzip, deflate",
        "User-Agent": "azsdk-python-confidentialledger/1.2.0b1 Python/3.13.3 (Windows-11-10.0.26100-SP0)"
      },
      "RequestBody": null,
      "StatusCode": 200,
      "ResponseHeaders": {
        "Content-Length": "152",
        "Content-Type": "application/json",
        "x-ms-ccf-transaction-id": "25.4994"
      },
      "ResponseBody": {
        "entry": {
          "collectionId": "subledger:0",
          "contents": "Test entry from Python SDK",
          "transactionId": "25.4991"
        },
        "state": "Ready"
      }
    }
  ],
  "Variables": {}
}
