{
  "Entries": [
    {
      "RequestUri": "https://javatextanalyticstestresources.cognitiveservices.azure.com/language/analyze-text/jobs?api-version=2023-04-01",
      "RequestMethod": "POST",
      "RequestHeaders": {
        "Accept": "application/json",
        "Content-Length": "568",
        "Content-Type": "application/json",
        "Ocp-Apim-Subscription-Key": "Sanitized",
        "traceparent": "00-f9abc590deddcefe4129efd5e262e92b-ba514d1bd31d713c-00",
        "User-Agent": "azsdk-net-AI.TextAnalytics/5.3.0-alpha.20230612.1 (.NET 7.0.5; Microsoft Windows 10.0.22621)",
        "x-ms-client-request-id": "e2a531201981b5ceffa89ea4e1cc0f5d",
        "x-ms-return-client-request-id": "true"
      },
      "RequestBody": {
        "analysisInput": {
          "documents": [
            {
              "id": "0",
              "text": "I need a reservation for an indoor restaurant in China. Please don\u0027t stop the music. Play music and add it to my playlist",
              "language": "en"
            },
            {
              "id": "1",
              "text": "David Schmidt, senior vice president--Food Safety, International Food Information Council (IFIC), Washington, D.C., discussed the physical activity component.",
              "language": "en"
            }
          ]
        },
        "tasks": [
          {
            "parameters": {
              "projectName": "659c1851-be0b-4142-b12a-087da9785926",
              "deploymentName": "659c1851-be0b-4142-b12a-087da9785926"
            },
            "kind": "CustomSingleLabelClassification"
          }
        ]
      },
      "StatusCode": 202,
      "ResponseHeaders": {
        "apim-request-id": "c708d08b-6896-4a3e-92ba-3addc7988f12",
        "Content-Length": "0",
        "Date": "Tue, 13 Jun 2023 05:05:49 GMT",
        "operation-location": "https://javatextanalyticstestresources.cognitiveservices.azure.com/language/analyze-text/jobs/cc216f40-fefe-4641-aa9c-f6881d21a6f1?api-version=2023-04-01",
        "Strict-Transport-Security": "max-age=31536000; includeSubDomains; preload",
        "X-Content-Type-Options": "nosniff",
        "x-envoy-upstream-service-time": "402",
        "x-ms-region": "West US 2"
      },
      "ResponseBody": null
    },
    {
      "RequestUri": "https://javatextanalyticstestresources.cognitiveservices.azure.com/language/analyze-text/jobs/cc216f40-fefe-4641-aa9c-f6881d21a6f1?api-version=2023-04-01",
      "RequestMethod": "GET",
      "RequestHeaders": {
        "Accept": "application/json",
        "Ocp-Apim-Subscription-Key": "Sanitized",
        "User-Agent": "azsdk-net-AI.TextAnalytics/5.3.0-alpha.20230612.1 (.NET 7.0.5; Microsoft Windows 10.0.22621)",
        "x-ms-client-request-id": "352c70f80d6506439be122dbae3c892b",
        "x-ms-return-client-request-id": "true"
      },
      "RequestBody": null,
      "StatusCode": 200,
      "ResponseHeaders": {
        "apim-request-id": "05b2edd6-98c6-4d03-b675-fc96c55512d1",
        "Content-Length": "283",
        "Content-Type": "application/json; charset=utf-8",
        "Date": "Tue, 13 Jun 2023 05:05:50 GMT",
        "Strict-Transport-Security": "max-age=31536000; includeSubDomains; preload",
        "X-Content-Type-Options": "nosniff",
        "x-envoy-upstream-service-time": "7",
        "x-ms-region": "West US 2"
      },
      "ResponseBody": {
        "jobId": "cc216f40-fefe-4641-aa9c-f6881d21a6f1",
        "lastUpdatedDateTime": "2023-06-13T05:05:50Z",
        "createdDateTime": "2023-06-13T05:05:50Z",
        "expirationDateTime": "2023-06-14T05:05:50Z",
        "status": "notStarted",
        "errors": [],
        "tasks": {
          "completed": 0,
          "failed": 0,
          "inProgress": 1,
          "total": 1,
          "items": []
        }
      }
    },
    {
      "RequestUri": "https://javatextanalyticstestresources.cognitiveservices.azure.com/language/analyze-text/jobs/cc216f40-fefe-4641-aa9c-f6881d21a6f1?api-version=2023-04-01",
      "RequestMethod": "GET",
      "RequestHeaders": {
        "Accept": "application/json",
        "Ocp-Apim-Subscription-Key": "Sanitized",
        "User-Agent": "azsdk-net-AI.TextAnalytics/5.3.0-alpha.20230612.1 (.NET 7.0.5; Microsoft Windows 10.0.22621)",
        "x-ms-client-request-id": "2e6944becfce31a1c7d798836617f51d",
        "x-ms-return-client-request-id": "true"
      },
      "RequestBody": null,
      "StatusCode": 200,
      "ResponseHeaders": {
        "apim-request-id": "5d11f4c9-75b4-4140-83c4-9d4e334f4289",
        "Content-Length": "723",
        "Content-Type": "application/json; charset=utf-8",
        "Date": "Tue, 13 Jun 2023 05:05:51 GMT",
        "Strict-Transport-Security": "max-age=31536000; includeSubDomains; preload",
        "X-Content-Type-Options": "nosniff",
        "x-envoy-upstream-service-time": "110",
        "x-ms-region": "West US 2"
      },
      "ResponseBody": {
        "jobId": "cc216f40-fefe-4641-aa9c-f6881d21a6f1",
        "lastUpdatedDateTime": "2023-06-13T05:05:51Z",
        "createdDateTime": "2023-06-13T05:05:50Z",
        "expirationDateTime": "2023-06-14T05:05:50Z",
        "status": "succeeded",
        "errors": [],
        "tasks": {
          "completed": 1,
          "failed": 0,
          "inProgress": 0,
          "total": 1,
          "items": [
            {
              "kind": "CustomSingleLabelClassificationLROResults",
              "lastUpdateDateTime": "2023-06-13T05:05:51.4424452Z",
              "status": "succeeded",
              "results": {
                "documents": [
                  {
                    "id": "0",
                    "class": [
                      {
                        "category": "BookRestaurant",
                        "confidenceScore": 1.0
                      }
                    ],
                    "warnings": []
                  },
                  {
                    "id": "1",
                    "class": [
                      {
                        "category": "RateBook",
                        "confidenceScore": 0.57
                      }
                    ],
                    "warnings": []
                  }
                ],
                "errors": [],
                "projectName": "659c1851-be0b-4142-b12a-087da9785926",
                "deploymentName": "659c1851-be0b-4142-b12a-087da9785926"
              }
            }
          ]
        }
      }
    }
  ],
  "Variables": {
    "AZURE_AUTHORITY_HOST": null,
    "RandomSeed": "1936134443",
    "TEXTANALYTICS_SINGLE_CATEGORY_CLASSIFY_DEPLOYMENT_NAME": "659c1851-be0b-4142-b12a-087da9785926",
    "TEXTANALYTICS_SINGLE_CATEGORY_CLASSIFY_PROJECT_NAME": "659c1851-be0b-4142-b12a-087da9785926",
    "TEXTANALYTICS_STATIC_API_KEY": "Sanitized",
    "TEXTANALYTICS_STATIC_ENDPOINT": "https://javatextanalyticstestresources.cognitiveservices.azure.com"
  }
}
