{
  "Entries": [
    {
      "RequestUri": "https://javatextanalyticstestresources.cognitiveservices.azure.com/language/analyze-text/jobs?api-version=2023-04-01",
      "RequestMethod": "POST",
      "RequestHeaders": {
        "Accept": "application/json",
        "Content-Length": "568",
        "Content-Type": "application/json",
        "Ocp-Apim-Subscription-Key": "Sanitized",
        "traceparent": "00-1cc632f2a6e361cf8cf0ebd941e8bf46-fe92d972f1e92791-00",
        "User-Agent": "azsdk-net-AI.TextAnalytics/5.3.0-alpha.20230601.1 (.NET 7.0.5; Microsoft Windows 10.0.22621)",
        "x-ms-client-request-id": "ab2dcbd9b3f60571ab71c824b4fa7e82",
        "x-ms-return-client-request-id": "true"
      },
      "RequestBody": {
        "analysisInput": {
          "documents": [
            {
              "id": "0",
              "text": "I need a reservation for an indoor restaurant in China. Please don\u0027t stop the music. Play music and add it to my playlist",
              "language": "en"
            },
            {
              "id": "1",
              "text": "David Schmidt, senior vice president--Food Safety, International Food Information Council (IFIC), Washington, D.C., discussed the physical activity component.",
              "language": "en"
            }
          ]
        },
        "tasks": [
          {
            "parameters": {
              "projectName": "659c1851-be0b-4142-b12a-087da9785926",
              "deploymentName": "659c1851-be0b-4142-b12a-087da9785926"
            },
            "kind": "CustomSingleLabelClassification"
          }
        ]
      },
      "StatusCode": 202,
      "ResponseHeaders": {
        "apim-request-id": "3b2f8c75-08e2-46ca-8213-e7f0983bac87",
        "Content-Length": "0",
        "Date": "Fri, 02 Jun 2023 04:08:22 GMT",
        "operation-location": "https://javatextanalyticstestresources.cognitiveservices.azure.com/language/analyze-text/jobs/3ae98f63-6318-47d2-aec9-9bb8d3f96211?api-version=2023-04-01",
        "Strict-Transport-Security": "max-age=31536000; includeSubDomains; preload",
        "X-Content-Type-Options": "nosniff",
        "x-envoy-upstream-service-time": "218",
        "x-ms-region": "West US 2"
      },
      "ResponseBody": null
    },
    {
      "RequestUri": "https://javatextanalyticstestresources.cognitiveservices.azure.com/language/analyze-text/jobs/3ae98f63-6318-47d2-aec9-9bb8d3f96211?api-version=2023-04-01\u0026showStats=true",
      "RequestMethod": "GET",
      "RequestHeaders": {
        "Accept": "application/json",
        "Ocp-Apim-Subscription-Key": "Sanitized",
        "User-Agent": "azsdk-net-AI.TextAnalytics/5.3.0-alpha.20230601.1 (.NET 7.0.5; Microsoft Windows 10.0.22621)",
        "x-ms-client-request-id": "0193f9f845af3a45ee47f1c84464ee51",
        "x-ms-return-client-request-id": "true"
      },
      "RequestBody": null,
      "StatusCode": 200,
      "ResponseHeaders": {
        "apim-request-id": "ebc2cb71-cbba-4e68-936a-dca80ca5d7a6",
        "Content-Length": "283",
        "Content-Type": "application/json; charset=utf-8",
        "Date": "Fri, 02 Jun 2023 04:08:23 GMT",
        "Strict-Transport-Security": "max-age=31536000; includeSubDomains; preload",
        "X-Content-Type-Options": "nosniff",
        "x-envoy-upstream-service-time": "8",
        "x-ms-region": "West US 2"
      },
      "ResponseBody": {
        "jobId": "3ae98f63-6318-47d2-aec9-9bb8d3f96211",
        "lastUpdatedDateTime": "2023-06-02T04:08:23Z",
        "createdDateTime": "2023-06-02T04:08:23Z",
        "expirationDateTime": "2023-06-03T04:08:23Z",
        "status": "notStarted",
        "errors": [],
        "tasks": {
          "completed": 0,
          "failed": 0,
          "inProgress": 1,
          "total": 1,
          "items": []
        }
      }
    },
    {
      "RequestUri": "https://javatextanalyticstestresources.cognitiveservices.azure.com/language/analyze-text/jobs/3ae98f63-6318-47d2-aec9-9bb8d3f96211?api-version=2023-04-01\u0026showStats=true",
      "RequestMethod": "GET",
      "RequestHeaders": {
        "Accept": "application/json",
        "Ocp-Apim-Subscription-Key": "Sanitized",
        "User-Agent": "azsdk-net-AI.TextAnalytics/5.3.0-alpha.20230601.1 (.NET 7.0.5; Microsoft Windows 10.0.22621)",
        "x-ms-client-request-id": "dcee2dfb76388ff3fb74db2df974b59f",
        "x-ms-return-client-request-id": "true"
      },
      "RequestBody": null,
      "StatusCode": 200,
      "ResponseHeaders": {
        "apim-request-id": "a210d346-38a2-475f-b220-0fb80953ee81",
        "Content-Length": "949",
        "Content-Type": "application/json; charset=utf-8",
        "Date": "Fri, 02 Jun 2023 04:08:33 GMT",
        "Strict-Transport-Security": "max-age=31536000; includeSubDomains; preload",
        "X-Content-Type-Options": "nosniff",
        "x-envoy-upstream-service-time": "59",
        "x-ms-region": "West US 2"
      },
      "ResponseBody": {
        "jobId": "3ae98f63-6318-47d2-aec9-9bb8d3f96211",
        "lastUpdatedDateTime": "2023-06-02T04:08:24Z",
        "createdDateTime": "2023-06-02T04:08:23Z",
        "expirationDateTime": "2023-06-03T04:08:23Z",
        "status": "succeeded",
        "errors": [],
        "tasks": {
          "completed": 1,
          "failed": 0,
          "inProgress": 0,
          "total": 1,
          "items": [
            {
              "kind": "CustomSingleLabelClassificationLROResults",
              "lastUpdateDateTime": "2023-06-02T04:08:24.7151886Z",
              "status": "succeeded",
              "results": {
                "statistics": {
                  "documentsCount": 2,
                  "validDocumentsCount": 2,
                  "erroneousDocumentsCount": 0,
                  "transactionsCount": 2
                },
                "documents": [
                  {
                    "id": "0",
                    "class": [
                      {
                        "category": "BookRestaurant",
                        "confidenceScore": 1.0
                      }
                    ],
                    "statistics": {
                      "charactersCount": 121,
                      "transactionsCount": 1
                    },
                    "warnings": []
                  },
                  {
                    "id": "1",
                    "class": [
                      {
                        "category": "RateBook",
                        "confidenceScore": 0.57
                      }
                    ],
                    "statistics": {
                      "charactersCount": 158,
                      "transactionsCount": 1
                    },
                    "warnings": []
                  }
                ],
                "errors": [],
                "projectName": "659c1851-be0b-4142-b12a-087da9785926",
                "deploymentName": "659c1851-be0b-4142-b12a-087da9785926"
              }
            }
          ]
        }
      }
    }
  ],
  "Variables": {
    "AZURE_AUTHORITY_HOST": null,
    "RandomSeed": "2138199657",
    "TEXTANALYTICS_SINGLE_CATEGORY_CLASSIFY_DEPLOYMENT_NAME": "659c1851-be0b-4142-b12a-087da9785926",
    "TEXTANALYTICS_SINGLE_CATEGORY_CLASSIFY_PROJECT_NAME": "659c1851-be0b-4142-b12a-087da9785926",
    "TEXTANALYTICS_STATIC_API_KEY": "Sanitized",
    "TEXTANALYTICS_STATIC_ENDPOINT": "https://javatextanalyticstestresources.cognitiveservices.azure.com"
  }
}
