{
  "Entries": [
    {
      "RequestUri": "https://management.azure.com/subscriptions/azure_subscription_id/resourceGroups/myjstest/providers/Microsoft.EventGrid/domains/mydomainxxx/topics/mytopicxxx/eventSubscriptions/myeventSubscription?api-version=2023-06-01-preview",
      "RequestMethod": "PATCH",
      "RequestHeaders": {
        "Accept": "application/json",
        "Accept-Encoding": "gzip,deflate",
        "Authorization": "Sanitized",
        "Connection": "keep-alive",
        "Content-Length": "240",
        "Content-Type": "application/json",
        "User-Agent": "azsdk-js-arm-eventgrid/14.2.0-beta.2 core-rest-pipeline/1.11.1 Node/v16.17.0 OS/(x64-Windows_NT-10.0.22621)",
        "x-ms-client-request-id": "a473b21f-117c-4f47-8489-61b8728d4b6b"
      },
      "RequestBody": {
        "destination": {
          "endpointType": "WebHook",
          "properties": {
            "endpointUrl": "https://testsite230718.azurewebsites.net/api/updates"
          }
        },
        "filter": {
          "subjectBeginsWith": "ExamplePrefix1",
          "subjectEndsWith": "ExampleSuffix1",
          "isSubjectCaseSensitive": false
        }
      },
      "StatusCode": 201,
      "ResponseHeaders": {
        "Azure-AsyncOperation": "https://management.azure.com:443/subscriptions/azure_subscription_id/providers/Microsoft.EventGrid/locations/eastus2euap/operationsStatus/617887F8-C362-441A-B384-B58759889F96?api-version=2021-10-15-preview",
        "Cache-Control": "no-cache",
        "Content-Length": "886",
        "Content-Type": "application/json; charset=utf-8",
        "Date": "Tue, 18 Jul 2023 08:54:45 GMT",
        "Expires": "-1",
        "Pragma": "no-cache",
        "Retry-After": "10",
        "Server": "Microsoft-HTTPAPI/2.0",
        "Strict-Transport-Security": "max-age=31536000; includeSubDomains",
        "X-Content-Type-Options": "nosniff",
        "x-ms-correlation-request-id": "60837715-d04d-4595-957b-3d2d61780855",
        "x-ms-ratelimit-remaining-subscription-writes": "1195",
        "x-ms-request-id": "1974f197-7adb-4ac1-b6d3-effdf444b1be",
        "x-ms-routing-request-id": "SOUTHEASTASIA:20230718T085445Z:60837715-d04d-4595-957b-3d2d61780855"
      },
      "ResponseBody": {
        "properties": {
          "topic": "/subscriptions/azure_subscription_id/resourceGroups/myjstest/providers/microsoft.eventgrid/domains/mydomainxxx/topics/mytopicxxx",
          "provisioningState": "Updating",
          "destination": {
            "properties": {
              "endpointUrl": null,
              "endpointBaseUrl": "https://testsite230718.azurewebsites.net/api/updates",
              "maxEventsPerBatch": 1,
              "preferredBatchSizeInKilobytes": 64
            },
            "endpointType": "WebHook"
          },
          "filter": {
            "subjectBeginsWith": "ExamplePrefix1",
            "subjectEndsWith": "ExampleSuffix1"
          },
          "labels": null,
          "eventDeliverySchema": "EventGridSchema",
          "retryPolicy": {
            "maxDeliveryAttempts": 30,
            "eventTimeToLiveInMinutes": 1440
          }
        },
        "systemData": null,
        "id": "/subscriptions/azure_subscription_id/resourceGroups/myjstest/providers/Microsoft.EventGrid/domains/mydomainxxx/topics/mytopicxxx/eventSubscriptions/myeventSubscription",
        "name": "myeventSubscription",
        "type": "Microsoft.EventGrid/domains/topics/eventSubscriptions"
      }
    },
    {
      "RequestUri": "https://management.azure.com/subscriptions/azure_subscription_id/providers/Microsoft.EventGrid/locations/eastus2euap/operationsStatus/617887F8-C362-441A-B384-B58759889F96?api-version=2021-10-15-preview",
      "RequestMethod": "GET",
      "RequestHeaders": {
        "Accept": "application/json",
        "Accept-Encoding": "gzip,deflate",
        "Authorization": "Sanitized",
        "Connection": "keep-alive",
        "Content-Type": "application/json",
        "User-Agent": "azsdk-js-arm-eventgrid/14.2.0-beta.2 core-rest-pipeline/1.11.1 Node/v16.17.0 OS/(x64-Windows_NT-10.0.22621)",
        "x-ms-client-request-id": "0951f021-1c87-4edd-9f3b-3770c6dc041a"
      },
      "RequestBody": null,
      "StatusCode": 200,
      "ResponseHeaders": {
        "Cache-Control": "no-cache",
        "Content-Encoding": "gzip",
        "Content-Type": "application/json; charset=utf-8",
        "Date": "Tue, 18 Jul 2023 08:54:45 GMT",
        "Expires": "-1",
        "Pragma": "no-cache",
        "Server": "Microsoft-HTTPAPI/2.0",
        "Strict-Transport-Security": "max-age=31536000; includeSubDomains",
        "Transfer-Encoding": "chunked",
        "Vary": "Accept-Encoding",
        "X-Content-Type-Options": "nosniff",
        "x-ms-correlation-request-id": "598607a1-af9b-43b1-8452-e54c69395bec",
        "x-ms-ratelimit-remaining-subscription-reads": "11980",
        "x-ms-request-id": "1082a777-fc6f-443b-a71e-ce6c615fabe4",
        "x-ms-routing-request-id": "SOUTHEASTASIA:20230718T085445Z:598607a1-af9b-43b1-8452-e54c69395bec"
      },
      "ResponseBody": {
        "id": "https://management.azure.com/subscriptions/azure_subscription_id/providers/Microsoft.EventGrid/locations/eastus2euap/operationsStatus/617887F8-C362-441A-B384-B58759889F96?api-version=2021-10-15-preview",
        "name": "617887f8-c362-441a-b384-b58759889f96",
        "status": "InProgress"
      }
    },
    {
      "RequestUri": "https://management.azure.com/subscriptions/azure_subscription_id/providers/Microsoft.EventGrid/locations/eastus2euap/operationsStatus/617887F8-C362-441A-B384-B58759889F96?api-version=2021-10-15-preview",
      "RequestMethod": "GET",
      "RequestHeaders": {
        "Accept": "application/json",
        "Accept-Encoding": "gzip,deflate",
        "Authorization": "Sanitized",
        "Connection": "keep-alive",
        "Content-Type": "application/json",
        "User-Agent": "azsdk-js-arm-eventgrid/14.2.0-beta.2 core-rest-pipeline/1.11.1 Node/v16.17.0 OS/(x64-Windows_NT-10.0.22621)",
        "x-ms-client-request-id": "e74e3f59-daf1-4331-9dc8-a6da078e8bc6"
      },
      "RequestBody": null,
      "StatusCode": 200,
      "ResponseHeaders": {
        "Cache-Control": "no-cache",
        "Content-Encoding": "gzip",
        "Content-Type": "application/json; charset=utf-8",
        "Date": "Tue, 18 Jul 2023 08:54:45 GMT",
        "Expires": "-1",
        "Pragma": "no-cache",
        "Server": "Microsoft-HTTPAPI/2.0",
        "Strict-Transport-Security": "max-age=31536000; includeSubDomains",
        "Transfer-Encoding": "chunked",
        "Vary": "Accept-Encoding",
        "X-Content-Type-Options": "nosniff",
        "x-ms-correlation-request-id": "ac739c0c-9e2e-45c4-87a5-c4dafebaf4b7",
        "x-ms-ratelimit-remaining-subscription-reads": "11979",
        "x-ms-request-id": "ca6d1eb9-8435-47a3-92e7-e4233554110f",
        "x-ms-routing-request-id": "SOUTHEASTASIA:20230718T085446Z:ac739c0c-9e2e-45c4-87a5-c4dafebaf4b7"
      },
      "ResponseBody": {
        "id": "https://management.azure.com/subscriptions/azure_subscription_id/providers/Microsoft.EventGrid/locations/eastus2euap/operationsStatus/617887F8-C362-441A-B384-B58759889F96?api-version=2021-10-15-preview",
        "name": "617887f8-c362-441a-b384-b58759889f96",
        "status": "InProgress"
      }
    },
    {
      "RequestUri": "https://management.azure.com/subscriptions/azure_subscription_id/providers/Microsoft.EventGrid/locations/eastus2euap/operationsStatus/617887F8-C362-441A-B384-B58759889F96?api-version=2021-10-15-preview",
      "RequestMethod": "GET",
      "RequestHeaders": {
        "Accept": "application/json",
        "Accept-Encoding": "gzip,deflate",
        "Authorization": "Sanitized",
        "Connection": "keep-alive",
        "Content-Type": "application/json",
        "User-Agent": "azsdk-js-arm-eventgrid/14.2.0-beta.2 core-rest-pipeline/1.11.1 Node/v16.17.0 OS/(x64-Windows_NT-10.0.22621)",
        "x-ms-client-request-id": "fd7898ae-ab32-4689-900b-d9d7d49e56fc"
      },
      "RequestBody": null,
      "StatusCode": 200,
      "ResponseHeaders": {
        "Cache-Control": "no-cache",
        "Content-Encoding": "gzip",
        "Content-Type": "application/json; charset=utf-8",
        "Date": "Tue, 18 Jul 2023 08:54:48 GMT",
        "Expires": "-1",
        "Pragma": "no-cache",
        "Server": "Microsoft-HTTPAPI/2.0",
        "Strict-Transport-Security": "max-age=31536000; includeSubDomains",
        "Transfer-Encoding": "chunked",
        "Vary": "Accept-Encoding",
        "X-Content-Type-Options": "nosniff",
        "x-ms-correlation-request-id": "6a1038ce-daea-4ab1-9590-cd95334a329f",
        "x-ms-ratelimit-remaining-subscription-reads": "11978",
        "x-ms-request-id": "2c472eb1-80a7-4e25-80ed-8a4aa15ded1c",
        "x-ms-routing-request-id": "SOUTHEASTASIA:20230718T085448Z:6a1038ce-daea-4ab1-9590-cd95334a329f"
      },
      "ResponseBody": {
        "id": "https://management.azure.com/subscriptions/azure_subscription_id/providers/Microsoft.EventGrid/locations/eastus2euap/operationsStatus/617887F8-C362-441A-B384-B58759889F96?api-version=2021-10-15-preview",
        "name": "617887f8-c362-441a-b384-b58759889f96",
        "status": "Succeeded"
      }
    },
    {
      "RequestUri": "https://management.azure.com/subscriptions/azure_subscription_id/resourceGroups/myjstest/providers/Microsoft.EventGrid/domains/mydomainxxx/topics/mytopicxxx/eventSubscriptions/myeventSubscription?api-version=2023-06-01-preview",
      "RequestMethod": "GET",
      "RequestHeaders": {
        "Accept": "application/json",
        "Accept-Encoding": "gzip,deflate",
        "Authorization": "Sanitized",
        "Connection": "keep-alive",
        "Content-Type": "application/json",
        "User-Agent": "azsdk-js-arm-eventgrid/14.2.0-beta.2 core-rest-pipeline/1.11.1 Node/v16.17.0 OS/(x64-Windows_NT-10.0.22621)",
        "x-ms-client-request-id": "4a1486cb-2562-4765-a5da-ec9153b3b4cc"
      },
      "RequestBody": null,
      "StatusCode": 200,
      "ResponseHeaders": {
        "Cache-Control": "no-cache",
        "Content-Encoding": "gzip",
        "Content-Type": "application/json; charset=utf-8",
        "Date": "Tue, 18 Jul 2023 08:54:48 GMT",
        "Expires": "-1",
        "Pragma": "no-cache",
        "Server": "Microsoft-HTTPAPI/2.0",
        "Strict-Transport-Security": "max-age=31536000; includeSubDomains",
        "Transfer-Encoding": "chunked",
        "Vary": "Accept-Encoding",
        "X-Content-Type-Options": "nosniff",
        "x-ms-correlation-request-id": "951141d8-dd48-4a20-8835-81b46d5a69ae",
        "x-ms-ratelimit-remaining-subscription-reads": "11977",
        "x-ms-request-id": "abf4cf58-5b15-457b-9a3e-1e95d4274416",
        "x-ms-routing-request-id": "SOUTHEASTASIA:20230718T085449Z:951141d8-dd48-4a20-8835-81b46d5a69ae"
      },
      "ResponseBody": {
        "properties": {
          "topic": "/subscriptions/azure_subscription_id/resourceGroups/myjstest/providers/microsoft.eventgrid/domains/mydomainxxx/topics/mytopicxxx",
          "provisioningState": "Succeeded",
          "destination": {
            "properties": {
              "endpointUrl": null,
              "endpointBaseUrl": "https://testsite230718.azurewebsites.net/api/updates",
              "maxEventsPerBatch": 1,
              "preferredBatchSizeInKilobytes": 64
            },
            "endpointType": "WebHook"
          },
          "filter": {
            "subjectBeginsWith": "ExamplePrefix1",
            "subjectEndsWith": "ExampleSuffix1"
          },
          "labels": null,
          "eventDeliverySchema": "EventGridSchema",
          "retryPolicy": {
            "maxDeliveryAttempts": 30,
            "eventTimeToLiveInMinutes": 1440
          }
        },
        "systemData": null,
        "id": "/subscriptions/azure_subscription_id/resourceGroups/myjstest/providers/Microsoft.EventGrid/domains/mydomainxxx/topics/mytopicxxx/eventSubscriptions/myeventSubscription",
        "name": "myeventSubscription",
        "type": "Microsoft.EventGrid/domains/topics/eventSubscriptions"
      }
    }
  ],
  "Variables": {}
}
