{
  "Entries": [
    {
      "RequestUri": "https://amandapreprod.file.core.windows.net/test-share-cf504573-bfe8-b7bb-0c36-8dd9a1f54fbf?restype=share",
      "RequestMethod": "PUT",
      "RequestHeaders": {
        "Accept": "application/xml",
        "Authorization": "Sanitized",
        "Content-Length": "0",
        "traceparent": "00-5e6d4de58d31e341879529ad4aa27702-9613a511b9e5de3c-00",
        "User-Agent": "azsdk-net-Storage.Files.Shares/12.23.0-alpha.20250515.1 (.NET 8.0.16; Microsoft Windows 10.0.26100)",
        "x-ms-client-request-id": "Sanitized",
        "x-ms-date": "Thu, 15 May 2025 21:32:46 GMT",
        "x-ms-return-client-request-id": "true",
        "x-ms-version": "2025-07-05"
      },
      "RequestBody": null,
      "StatusCode": 201,
      "ResponseHeaders": {
        "Content-Length": "0",
        "Date": "Thu, 15 May 2025 21:32:45 GMT",
        "ETag": "\"0x8DD93F808082D5A\"",
        "Last-Modified": "Thu, 15 May 2025 21:32:45 GMT",
        "Server": [
          "Windows-Azure-File/1.0",
          "Microsoft-HTTPAPI/2.0"
        ],
        "x-ms-client-request-id": "Sanitized",
        "x-ms-request-id": "62408abd-001a-0028-14e0-c5c11c000000",
        "x-ms-version": "2025-07-05"
      },
      "ResponseBody": null
    },
    {
      "RequestUri": "https://amandapreprod.blob.core.windows.net/test-container-e3176a7b-14a7-deaa-a4b0-5864c42b414c?restype=container",
      "RequestMethod": "PUT",
      "RequestHeaders": {
        "Accept": "application/xml",
        "Authorization": "Sanitized",
        "Content-Length": "0",
        "traceparent": "00-c2769637dd3a622cb8ad5fe00a95d2ef-5fcc3f9ab7cd21fa-00",
        "User-Agent": "azsdk-net-Storage.Blobs/12.25.0-alpha.20250515.1 (.NET 8.0.16; Microsoft Windows 10.0.26100)",
        "x-ms-client-request-id": "Sanitized",
        "x-ms-date": "Thu, 15 May 2025 21:32:46 GMT",
        "x-ms-return-client-request-id": "true",
        "x-ms-version": "2025-07-05"
      },
      "RequestBody": null,
      "StatusCode": 201,
      "ResponseHeaders": {
        "Content-Length": "0",
        "Date": "Thu, 15 May 2025 21:32:45 GMT",
        "ETag": "\"0x8DD93F808137F25\"",
        "Last-Modified": "Thu, 15 May 2025 21:32:45 GMT",
        "Server": [
          "Windows-Azure-Blob/1.0",
          "Microsoft-HTTPAPI/2.0"
        ],
        "x-ms-client-request-id": "Sanitized",
        "x-ms-request-id": "22dc74dc-601e-0063-64e0-c53d4f000000",
        "x-ms-version": "2025-07-05"
      },
      "ResponseBody": null
    },
    {
      "RequestUri": "https://amandapreprod.file.core.windows.net/test-share-cf504573-bfe8-b7bb-0c36-8dd9a1f54fbf/sourceFolder?restype=directory",
      "RequestMethod": "PUT",
      "RequestHeaders": {
        "Accept": "application/xml",
        "Authorization": "Sanitized",
        "Content-Length": "0",
        "traceparent": "00-ec663bdc0b07774e563790d180cb0327-bc751c3d12c7c4f2-00",
        "User-Agent": "azsdk-net-Storage.Files.Shares/12.23.0-alpha.20250515.1 (.NET 8.0.16; Microsoft Windows 10.0.26100)",
        "x-ms-client-request-id": "Sanitized",
        "x-ms-date": "Thu, 15 May 2025 21:32:46 GMT",
        "x-ms-return-client-request-id": "true",
        "x-ms-version": "2025-07-05"
      },
      "RequestBody": null,
      "StatusCode": 201,
      "ResponseHeaders": {
        "Content-Length": "0",
        "Date": "Thu, 15 May 2025 21:32:45 GMT",
        "ETag": "\"0x8DD93F8081E2A68\"",
        "Last-Modified": "Thu, 15 May 2025 21:32:45 GMT",
        "Server": [
          "Windows-Azure-File/1.0",
          "Microsoft-HTTPAPI/2.0"
        ],
        "x-ms-client-request-id": "Sanitized",
        "x-ms-file-attributes": "Directory",
        "x-ms-file-change-time": "2025-05-15T21:32:45.3845608Z",
        "x-ms-file-creation-time": "2025-05-15T21:32:45.3845608Z",
        "x-ms-file-id": "13835128424026341376",
        "x-ms-file-last-write-time": "2025-05-15T21:32:45.3845608Z",
        "x-ms-file-parent-id": "0",
        "x-ms-file-permission-key": "8016861625448480706*547956186189310027",
        "x-ms-request-id": "62408ac4-001a-0028-1ae0-c5c11c000000",
        "x-ms-request-server-encrypted": "true",
        "x-ms-version": "2025-07-05"
      },
      "ResponseBody": null
    },
    {
      "RequestUri": "https://amandapreprod.file.core.windows.net/test-share-cf504573-bfe8-b7bb-0c36-8dd9a1f54fbf/sourceFolder/test-file-5dd5fc66-6f6e-242d-16f7-c26574d53494",
      "RequestMethod": "PUT",
      "RequestHeaders": {
        "Accept": "application/xml",
        "Authorization": "Sanitized",
        "Content-Length": "0",
        "traceparent": "00-9edb395ac968dd77e618d4e4cfd19159-51102c46756643af-00",
        "User-Agent": "azsdk-net-Storage.Files.Shares/12.23.0-alpha.20250515.1 (.NET 8.0.16; Microsoft Windows 10.0.26100)",
        "x-ms-client-request-id": "Sanitized",
        "x-ms-content-length": "1024",
        "x-ms-date": "Thu, 15 May 2025 21:32:46 GMT",
        "x-ms-return-client-request-id": "true",
        "x-ms-type": "file",
        "x-ms-version": "2025-07-05"
      },
      "RequestBody": null,
      "StatusCode": 201,
      "ResponseHeaders": {
        "Content-Length": "0",
        "Date": "Thu, 15 May 2025 21:32:45 GMT",
        "ETag": "\"0x8DD93F808268574\"",
        "Last-Modified": "Thu, 15 May 2025 21:32:45 GMT",
        "Server": [
          "Windows-Azure-File/1.0",
          "Microsoft-HTTPAPI/2.0"
        ],
        "x-ms-client-request-id": "Sanitized",
        "x-ms-file-attributes": "Archive",
        "x-ms-file-change-time": "2025-05-15T21:32:45.4393204Z",
        "x-ms-file-creation-time": "2025-05-15T21:32:45.4393204Z",
        "x-ms-file-id": "11529285414812647424",
        "x-ms-file-last-write-time": "2025-05-15T21:32:45.4393204Z",
        "x-ms-file-parent-id": "13835128424026341376",
        "x-ms-file-permission-key": "12626496306092130501*547956186189310027",
        "x-ms-request-id": "62408ac7-001a-0028-1de0-c5c11c000000",
        "x-ms-request-server-encrypted": "true",
        "x-ms-version": "2025-07-05"
      },
      "ResponseBody": null
    },
    {
      "RequestUri": "https://amandapreprod.file.core.windows.net/test-share-cf504573-bfe8-b7bb-0c36-8dd9a1f54fbf/sourceFolder/test-file-87b1a488-5918-fd0d-d1b1-9de4c6bf0c14",
      "RequestMethod": "PUT",
      "RequestHeaders": {
        "Accept": "application/xml",
        "Authorization": "Sanitized",
        "Content-Length": "0",
        "traceparent": "00-3215901701cd35e07c5ca3b788fd8bb9-bba41a8a5bd1b605-00",
        "User-Agent": "azsdk-net-Storage.Files.Shares/12.23.0-alpha.20250515.1 (.NET 8.0.16; Microsoft Windows 10.0.26100)",
        "x-ms-client-request-id": "Sanitized",
        "x-ms-content-length": "1024",
        "x-ms-date": "Thu, 15 May 2025 21:32:46 GMT",
        "x-ms-return-client-request-id": "true",
        "x-ms-type": "file",
        "x-ms-version": "2025-07-05"
      },
      "RequestBody": null,
      "StatusCode": 201,
      "ResponseHeaders": {
        "Content-Length": "0",
        "Date": "Thu, 15 May 2025 21:32:45 GMT",
        "ETag": "\"0x8DD93F80830179B\"",
        "Last-Modified": "Thu, 15 May 2025 21:32:45 GMT",
        "Server": [
          "Windows-Azure-File/1.0",
          "Microsoft-HTTPAPI/2.0"
        ],
        "x-ms-client-request-id": "Sanitized",
        "x-ms-file-attributes": "Archive",
        "x-ms-file-change-time": "2025-05-15T21:32:45.5020443Z",
        "x-ms-file-creation-time": "2025-05-15T21:32:45.5020443Z",
        "x-ms-file-id": "16140971433240035328",
        "x-ms-file-last-write-time": "2025-05-15T21:32:45.5020443Z",
        "x-ms-file-parent-id": "13835128424026341376",
        "x-ms-file-permission-key": "12626496306092130501*547956186189310027",
        "x-ms-request-id": "62408ad9-001a-0028-21e0-c5c11c000000",
        "x-ms-request-server-encrypted": "true",
        "x-ms-version": "2025-07-05"
      },
      "ResponseBody": null
    },
    {
      "RequestUri": "https://amandapreprod.file.core.windows.net/test-share-cf504573-bfe8-b7bb-0c36-8dd9a1f54fbf/sourceFolder/bar?restype=directory",
      "RequestMethod": "PUT",
      "RequestHeaders": {
        "Accept": "application/xml",
        "Authorization": "Sanitized",
        "Content-Length": "0",
        "traceparent": "00-e79fd8777d60e1189711de358ab67d0e-e7e2bb63c5bd238a-00",
        "User-Agent": "azsdk-net-Storage.Files.Shares/12.23.0-alpha.20250515.1 (.NET 8.0.16; Microsoft Windows 10.0.26100)",
        "x-ms-client-request-id": "Sanitized",
        "x-ms-date": "Thu, 15 May 2025 21:32:46 GMT",
        "x-ms-return-client-request-id": "true",
        "x-ms-version": "2025-07-05"
      },
      "RequestBody": null,
      "StatusCode": 201,
      "ResponseHeaders": {
        "Content-Length": "0",
        "Date": "Thu, 15 May 2025 21:32:45 GMT",
        "ETag": "\"0x8DD93F808389998\"",
        "Last-Modified": "Thu, 15 May 2025 21:32:45 GMT",
        "Server": [
          "Windows-Azure-File/1.0",
          "Microsoft-HTTPAPI/2.0"
        ],
        "x-ms-client-request-id": "Sanitized",
        "x-ms-file-attributes": "Directory",
        "x-ms-file-change-time": "2025-05-15T21:32:45.5578008Z",
        "x-ms-file-creation-time": "2025-05-15T21:32:45.5578008Z",
        "x-ms-file-id": "10376363910205800448",
        "x-ms-file-last-write-time": "2025-05-15T21:32:45.5578008Z",
        "x-ms-file-parent-id": "13835128424026341376",
        "x-ms-file-permission-key": "8016861625448480706*547956186189310027",
        "x-ms-request-id": "62408ada-001a-0028-22e0-c5c11c000000",
        "x-ms-request-server-encrypted": "true",
        "x-ms-version": "2025-07-05"
      },
      "ResponseBody": null
    },
    {
      "RequestUri": "https://amandapreprod.file.core.windows.net/test-share-cf504573-bfe8-b7bb-0c36-8dd9a1f54fbf/sourceFolder/bar/test-file-e0df83e9-c4ba-a6ed-caa5-a4c99ef3cc08",
      "RequestMethod": "PUT",
      "RequestHeaders": {
        "Accept": "application/xml",
        "Authorization": "Sanitized",
        "Content-Length": "0",
        "traceparent": "00-943ff5c9d31318ae0c9c7fd7db793574-2618c1fc8ceeb39c-00",
        "User-Agent": "azsdk-net-Storage.Files.Shares/12.23.0-alpha.20250515.1 (.NET 8.0.16; Microsoft Windows 10.0.26100)",
        "x-ms-client-request-id": "Sanitized",
        "x-ms-content-length": "1024",
        "x-ms-date": "Thu, 15 May 2025 21:32:46 GMT",
        "x-ms-return-client-request-id": "true",
        "x-ms-type": "file",
        "x-ms-version": "2025-07-05"
      },
      "RequestBody": null,
      "StatusCode": 201,
      "ResponseHeaders": {
        "Content-Length": "0",
        "Date": "Thu, 15 May 2025 21:32:45 GMT",
        "ETag": "\"0x8DD93F80841DDFE\"",
        "Last-Modified": "Thu, 15 May 2025 21:32:45 GMT",
        "Server": [
          "Windows-Azure-File/1.0",
          "Microsoft-HTTPAPI/2.0"
        ],
        "x-ms-client-request-id": "Sanitized",
        "x-ms-file-attributes": "Archive",
        "x-ms-file-change-time": "2025-05-15T21:32:45.6185342Z",
        "x-ms-file-creation-time": "2025-05-15T21:32:45.6185342Z",
        "x-ms-file-id": "14988049928633188352",
        "x-ms-file-last-write-time": "2025-05-15T21:32:45.6185342Z",
        "x-ms-file-parent-id": "10376363910205800448",
        "x-ms-file-permission-key": "12626496306092130501*547956186189310027",
        "x-ms-request-id": "62408add-001a-0028-25e0-c5c11c000000",
        "x-ms-request-server-encrypted": "true",
        "x-ms-version": "2025-07-05"
      },
      "ResponseBody": null
    },
    {
      "RequestUri": "https://amandapreprod.file.core.windows.net/test-share-cf504573-bfe8-b7bb-0c36-8dd9a1f54fbf/sourceFolder/pik?restype=directory",
      "RequestMethod": "PUT",
      "RequestHeaders": {
        "Accept": "application/xml",
        "Authorization": "Sanitized",
        "Content-Length": "0",
        "traceparent": "00-6d60cddb41844d01d56b21d3a70a53f4-6a078cd678109036-00",
        "User-Agent": "azsdk-net-Storage.Files.Shares/12.23.0-alpha.20250515.1 (.NET 8.0.16; Microsoft Windows 10.0.26100)",
        "x-ms-client-request-id": "Sanitized",
        "x-ms-date": "Thu, 15 May 2025 21:32:46 GMT",
        "x-ms-return-client-request-id": "true",
        "x-ms-version": "2025-07-05"
      },
      "RequestBody": null,
      "StatusCode": 201,
      "ResponseHeaders": {
        "Content-Length": "0",
        "Date": "Thu, 15 May 2025 21:32:45 GMT",
        "ETag": "\"0x8DD93F8084AADBA\"",
        "Last-Modified": "Thu, 15 May 2025 21:32:45 GMT",
        "Server": [
          "Windows-Azure-File/1.0",
          "Microsoft-HTTPAPI/2.0"
        ],
        "x-ms-client-request-id": "Sanitized",
        "x-ms-file-attributes": "Directory",
        "x-ms-file-change-time": "2025-05-15T21:32:45.6762810Z",
        "x-ms-file-creation-time": "2025-05-15T21:32:45.6762810Z",
        "x-ms-file-id": "12682206919419494400",
        "x-ms-file-last-write-time": "2025-05-15T21:32:45.6762810Z",
        "x-ms-file-parent-id": "13835128424026341376",
        "x-ms-file-permission-key": "8016861625448480706*547956186189310027",
        "x-ms-request-id": "62408adf-001a-0028-27e0-c5c11c000000",
        "x-ms-request-server-encrypted": "true",
        "x-ms-version": "2025-07-05"
      },
      "ResponseBody": null
    },
    {
      "RequestUri": "https://amandapreprod.file.core.windows.net/test-share-cf504573-bfe8-b7bb-0c36-8dd9a1f54fbf/sourceFolder/pik/test-file-95f5833b-a066-4430-2f01-c3cf6d747003",
      "RequestMethod": "PUT",
      "RequestHeaders": {
        "Accept": "application/xml",
        "Authorization": "Sanitized",
        "Content-Length": "0",
        "traceparent": "00-001d60275e47abee236a82abb3389714-454c066f89158f9e-00",
        "User-Agent": "azsdk-net-Storage.Files.Shares/12.23.0-alpha.20250515.1 (.NET 8.0.16; Microsoft Windows 10.0.26100)",
        "x-ms-client-request-id": "Sanitized",
        "x-ms-content-length": "1024",
        "x-ms-date": "Thu, 15 May 2025 21:32:46 GMT",
        "x-ms-return-client-request-id": "true",
        "x-ms-type": "file",
        "x-ms-version": "2025-07-05"
      },
      "RequestBody": null,
      "StatusCode": 201,
      "ResponseHeaders": {
        "Content-Length": "0",
        "Date": "Thu, 15 May 2025 21:32:45 GMT",
        "ETag": "\"0x8DD93F808532FB5\"",
        "Last-Modified": "Thu, 15 May 2025 21:32:45 GMT",
        "Server": [
          "Windows-Azure-File/1.0",
          "Microsoft-HTTPAPI/2.0"
        ],
        "x-ms-client-request-id": "Sanitized",
        "x-ms-file-attributes": "Archive",
        "x-ms-file-change-time": "2025-05-15T21:32:45.7320373Z",
        "x-ms-file-creation-time": "2025-05-15T21:32:45.7320373Z",
        "x-ms-file-id": "17293892937846882304",
        "x-ms-file-last-write-time": "2025-05-15T21:32:45.7320373Z",
        "x-ms-file-parent-id": "12682206919419494400",
        "x-ms-file-permission-key": "12626496306092130501*547956186189310027",
        "x-ms-request-id": "62408ae0-001a-0028-28e0-c5c11c000000",
        "x-ms-request-server-encrypted": "true",
        "x-ms-version": "2025-07-05"
      },
      "ResponseBody": null
    },
    {
      "RequestUri": "https://amandapreprod.file.core.windows.net/test-share-cf504573-bfe8-b7bb-0c36-8dd9a1f54fbf/sourceFolder?sv=Sanitized&se=2025-05-16T21%3A32%3A46Z&sr=s&sp=rcwdl&sig=Sanitized&restype=directory&comp=list",
      "RequestMethod": "GET",
      "RequestHeaders": {
        "Accept": "application/xml",
        "User-Agent": "azsdk-net-Storage.Files.Shares/12.23.0-alpha.20250515.1 (.NET 8.0.16; Microsoft Windows 10.0.26100)",
        "x-ms-client-request-id": "Sanitized",
        "x-ms-return-client-request-id": "true",
        "x-ms-version": "2025-07-05"
      },
      "RequestBody": null,
      "StatusCode": 200,
      "ResponseHeaders": {
        "Content-Type": "application/xml",
        "Date": "Thu, 15 May 2025 21:32:45 GMT",
        "Server": [
          "Windows-Azure-File/1.0",
          "Microsoft-HTTPAPI/2.0"
        ],
        "Transfer-Encoding": "chunked",
        "x-ms-client-request-id": "Sanitized",
        "x-ms-request-id": "62408ae3-001a-0028-2be0-c5c11c000000",
        "x-ms-version": "2025-07-05"
      },
      "ResponseBody": "\uFEFF<?xml version=\"1.0\" encoding=\"utf-8\"?><EnumerationResults ServiceEndpoint=\"https://amandapreprod.file.core.windows.net/\" ShareName=\"test-share-cf504573-bfe8-b7bb-0c36-8dd9a1f54fbf\" DirectoryPath=\"sourceFolder\"><DirectoryId>13835128424026341376</DirectoryId><Entries><Directory><Name>bar</Name><FileId>10376363910205800448</FileId><Properties /></Directory><Directory><Name>pik</Name><FileId>12682206919419494400</FileId><Properties /></Directory><File><Name>test-file-5dd5fc66-6f6e-242d-16f7-c26574d53494</Name><FileId>11529285414812647424</FileId><Properties><Content-Length>1024</Content-Length></Properties></File><File><Name>test-file-87b1a488-5918-fd0d-d1b1-9de4c6bf0c14</Name><FileId>16140971433240035328</FileId><Properties><Content-Length>1024</Content-Length></Properties></File></Entries><NextMarker /></EnumerationResults>"
    },
    {
      "RequestUri": "https://amandapreprod.file.core.windows.net/test-share-cf504573-bfe8-b7bb-0c36-8dd9a1f54fbf/sourceFolder/bar?sv=Sanitized&se=2025-05-16T21%3A32%3A46Z&sr=s&sp=rcwdl&sig=Sanitized&restype=directory",
      "RequestMethod": "GET",
      "RequestHeaders": {
        "Accept": "application/xml",
        "traceparent": "00-231ff28ce8d337ca40c8d85b0840b895-cf3457c2b48205eb-00",
        "User-Agent": "azsdk-net-Storage.Files.Shares/12.23.0-alpha.20250515.1 (.NET 8.0.16; Microsoft Windows 10.0.26100)",
        "x-ms-client-request-id": "Sanitized",
        "x-ms-return-client-request-id": "true",
        "x-ms-version": "2025-07-05"
      },
      "RequestBody": null,
      "StatusCode": 200,
      "ResponseHeaders": {
        "Content-Length": "0",
        "Date": "Thu, 15 May 2025 21:32:45 GMT",
        "ETag": "\"0x8DD93F808389998\"",
        "Last-Modified": "Thu, 15 May 2025 21:32:45 GMT",
        "Server": [
          "Windows-Azure-File/1.0",
          "Microsoft-HTTPAPI/2.0"
        ],
        "x-ms-client-request-id": "Sanitized",
        "x-ms-file-attributes": "Directory",
        "x-ms-file-change-time": "2025-05-15T21:32:45.5578008Z",
        "x-ms-file-creation-time": "2025-05-15T21:32:45.5578008Z",
        "x-ms-file-id": "10376363910205800448",
        "x-ms-file-last-write-time": "2025-05-15T21:32:45.5578008Z",
        "x-ms-file-parent-id": "13835128424026341376",
        "x-ms-file-permission-key": "8016861625448480706*547956186189310027",
        "x-ms-request-id": "62408ae4-001a-0028-2ce0-c5c11c000000",
        "x-ms-server-encrypted": "true",
        "x-ms-version": "2025-07-05"
      },
      "ResponseBody": null
    },
    {
      "RequestUri": "https://amandapreprod.file.core.windows.net/test-share-cf504573-bfe8-b7bb-0c36-8dd9a1f54fbf/sourceFolder/pik?sv=Sanitized&se=2025-05-16T21%3A32%3A46Z&sr=s&sp=rcwdl&sig=Sanitized&restype=directory",
      "RequestMethod": "GET",
      "RequestHeaders": {
        "Accept": "application/xml",
        "traceparent": "00-78317b2be43728dc1c0b9fa150b745b3-c5077322477c7730-00",
        "User-Agent": "azsdk-net-Storage.Files.Shares/12.23.0-alpha.20250515.1 (.NET 8.0.16; Microsoft Windows 10.0.26100)",
        "x-ms-client-request-id": "Sanitized",
        "x-ms-return-client-request-id": "true",
        "x-ms-version": "2025-07-05"
      },
      "RequestBody": null,
      "StatusCode": 200,
      "ResponseHeaders": {
        "Content-Length": "0",
        "Date": "Thu, 15 May 2025 21:32:45 GMT",
        "ETag": "\"0x8DD93F8084AADBA\"",
        "Last-Modified": "Thu, 15 May 2025 21:32:45 GMT",
        "Server": [
          "Windows-Azure-File/1.0",
          "Microsoft-HTTPAPI/2.0"
        ],
        "x-ms-client-request-id": "Sanitized",
        "x-ms-file-attributes": "Directory",
        "x-ms-file-change-time": "2025-05-15T21:32:45.6762810Z",
        "x-ms-file-creation-time": "2025-05-15T21:32:45.6762810Z",
        "x-ms-file-id": "12682206919419494400",
        "x-ms-file-last-write-time": "2025-05-15T21:32:45.6762810Z",
        "x-ms-file-parent-id": "13835128424026341376",
        "x-ms-file-permission-key": "8016861625448480706*547956186189310027",
        "x-ms-request-id": "62408ae5-001a-0028-2de0-c5c11c000000",
        "x-ms-server-encrypted": "true",
        "x-ms-version": "2025-07-05"
      },
      "ResponseBody": null
    },
    {
      "RequestUri": "https://amandapreprod.file.core.windows.net/test-share-cf504573-bfe8-b7bb-0c36-8dd9a1f54fbf/sourceFolder/bar?sv=Sanitized&se=2025-05-16T21%3A32%3A46Z&sr=s&sp=rcwdl&sig=Sanitized&restype=directory&comp=list",
      "RequestMethod": "GET",
      "RequestHeaders": {
        "Accept": "application/xml",
        "User-Agent": "azsdk-net-Storage.Files.Shares/12.23.0-alpha.20250515.1 (.NET 8.0.16; Microsoft Windows 10.0.26100)",
        "x-ms-client-request-id": "Sanitized",
        "x-ms-return-client-request-id": "true",
        "x-ms-version": "2025-07-05"
      },
      "RequestBody": null,
      "StatusCode": 200,
      "ResponseHeaders": {
        "Content-Type": "application/xml",
        "Date": "Thu, 15 May 2025 21:32:45 GMT",
        "Server": [
          "Windows-Azure-File/1.0",
          "Microsoft-HTTPAPI/2.0"
        ],
        "Transfer-Encoding": "chunked",
        "x-ms-client-request-id": "Sanitized",
        "x-ms-request-id": "62408ae8-001a-0028-30e0-c5c11c000000",
        "x-ms-version": "2025-07-05"
      },
      "ResponseBody": "\uFEFF<?xml version=\"1.0\" encoding=\"utf-8\"?><EnumerationResults ServiceEndpoint=\"https://amandapreprod.file.core.windows.net/\" ShareName=\"test-share-cf504573-bfe8-b7bb-0c36-8dd9a1f54fbf\" DirectoryPath=\"sourceFolder/bar\"><DirectoryId>10376363910205800448</DirectoryId><Entries><File><Name>test-file-e0df83e9-c4ba-a6ed-caa5-a4c99ef3cc08</Name><FileId>14988049928633188352</FileId><Properties><Content-Length>1024</Content-Length></Properties></File></Entries><NextMarker /></EnumerationResults>"
    },
    {
      "RequestUri": "https://amandapreprod.file.core.windows.net/test-share-cf504573-bfe8-b7bb-0c36-8dd9a1f54fbf/sourceFolder/test-file-87b1a488-5918-fd0d-d1b1-9de4c6bf0c14?sv=Sanitized&se=2025-05-16T21%3A32%3A46Z&sr=s&sp=rcwdl&sig=Sanitized",
      "RequestMethod": "HEAD",
      "RequestHeaders": {
        "Accept": "application/xml",
        "traceparent": "00-729379d3c769d4b413855e64fcf67efd-5379ab1075b0e274-00",
        "User-Agent": "azsdk-net-Storage.Files.Shares/12.23.0-alpha.20250515.1 (.NET 8.0.16; Microsoft Windows 10.0.26100)",
        "x-ms-client-request-id": "Sanitized",
        "x-ms-return-client-request-id": "true",
        "x-ms-version": "2025-07-05"
      },
      "RequestBody": null,
      "StatusCode": 200,
      "ResponseHeaders": {
        "Content-Length": "1024",
        "Content-Type": "application/octet-stream",
        "Date": "Thu, 15 May 2025 21:32:45 GMT",
        "ETag": "\"0x8DD93F80830179B\"",
        "Last-Modified": "Thu, 15 May 2025 21:32:45 GMT",
        "Server": [
          "Windows-Azure-File/1.0",
          "Microsoft-HTTPAPI/2.0"
        ],
        "x-ms-client-request-id": "Sanitized",
        "x-ms-file-attributes": "Archive",
        "x-ms-file-change-time": "2025-05-15T21:32:45.5020443Z",
        "x-ms-file-creation-time": "2025-05-15T21:32:45.5020443Z",
        "x-ms-file-id": "16140971433240035328",
        "x-ms-file-last-write-time": "2025-05-15T21:32:45.5020443Z",
        "x-ms-file-parent-id": "13835128424026341376",
        "x-ms-file-permission-key": "12626496306092130501*547956186189310027",
        "x-ms-lease-state": "available",
        "x-ms-lease-status": "unlocked",
        "x-ms-request-id": "9274ac21-401a-0029-4fe0-c59ec0000000",
        "x-ms-server-encrypted": "true",
        "x-ms-type": "File",
        "x-ms-version": "2025-07-05"
      },
      "ResponseBody": null
    },
    {
      "RequestUri": "https://amandapreprod.file.core.windows.net/test-share-cf504573-bfe8-b7bb-0c36-8dd9a1f54fbf/sourceFolder/test-file-5dd5fc66-6f6e-242d-16f7-c26574d53494?sv=Sanitized&se=2025-05-16T21%3A32%3A46Z&sr=s&sp=rcwdl&sig=Sanitized",
      "RequestMethod": "HEAD",
      "RequestHeaders": {
        "Accept": "application/xml",
        "traceparent": "00-64f6c422ad2b37de24391e0c5831cd13-e670068ab3eea75d-00",
        "User-Agent": "azsdk-net-Storage.Files.Shares/12.23.0-alpha.20250515.1 (.NET 8.0.16; Microsoft Windows 10.0.26100)",
        "x-ms-client-request-id": "Sanitized",
        "x-ms-return-client-request-id": "true",
        "x-ms-version": "2025-07-05"
      },
      "RequestBody": null,
      "StatusCode": 200,
      "ResponseHeaders": {
        "Content-Length": "1024",
        "Content-Type": "application/octet-stream",
        "Date": "Thu, 15 May 2025 21:32:45 GMT",
        "ETag": "\"0x8DD93F808268574\"",
        "Last-Modified": "Thu, 15 May 2025 21:32:45 GMT",
        "Server": [
          "Windows-Azure-File/1.0",
          "Microsoft-HTTPAPI/2.0"
        ],
        "x-ms-client-request-id": "Sanitized",
        "x-ms-file-attributes": "Archive",
        "x-ms-file-change-time": "2025-05-15T21:32:45.4393204Z",
        "x-ms-file-creation-time": "2025-05-15T21:32:45.4393204Z",
        "x-ms-file-id": "11529285414812647424",
        "x-ms-file-last-write-time": "2025-05-15T21:32:45.4393204Z",
        "x-ms-file-parent-id": "13835128424026341376",
        "x-ms-file-permission-key": "12626496306092130501*547956186189310027",
        "x-ms-lease-state": "available",
        "x-ms-lease-status": "unlocked",
        "x-ms-request-id": "cd43da63-601a-0011-7ae0-c53a00000000",
        "x-ms-server-encrypted": "true",
        "x-ms-type": "File",
        "x-ms-version": "2025-07-05"
      },
      "ResponseBody": null
    },
    {
      "RequestUri": "https://amandapreprod.file.core.windows.net/test-share-cf504573-bfe8-b7bb-0c36-8dd9a1f54fbf/sourceFolder/pik?sv=Sanitized&se=2025-05-16T21%3A32%3A46Z&sr=s&sp=rcwdl&sig=Sanitized&restype=directory&comp=list",
      "RequestMethod": "GET",
      "RequestHeaders": {
        "Accept": "application/xml",
        "traceparent": "00-65d154e5a8a0bfd9f08b41045f1e1733-79f138a0c461e944-00",
        "User-Agent": "azsdk-net-Storage.Files.Shares/12.23.0-alpha.20250515.1 (.NET 8.0.16; Microsoft Windows 10.0.26100)",
        "x-ms-client-request-id": "Sanitized",
        "x-ms-return-client-request-id": "true",
        "x-ms-version": "2025-07-05"
      },
      "RequestBody": null,
      "StatusCode": 200,
      "ResponseHeaders": {
        "Content-Type": "application/xml",
        "Date": "Thu, 15 May 2025 21:32:45 GMT",
        "Server": [
          "Windows-Azure-File/1.0",
          "Microsoft-HTTPAPI/2.0"
        ],
        "Transfer-Encoding": "chunked",
        "x-ms-client-request-id": "Sanitized",
        "x-ms-request-id": "62408aeb-001a-0028-33e0-c5c11c000000",
        "x-ms-version": "2025-07-05"
      },
      "ResponseBody": "\uFEFF<?xml version=\"1.0\" encoding=\"utf-8\"?><EnumerationResults ServiceEndpoint=\"https://amandapreprod.file.core.windows.net/\" ShareName=\"test-share-cf504573-bfe8-b7bb-0c36-8dd9a1f54fbf\" DirectoryPath=\"sourceFolder/pik\"><DirectoryId>12682206919419494400</DirectoryId><Entries><File><Name>test-file-95f5833b-a066-4430-2f01-c3cf6d747003</Name><FileId>17293892937846882304</FileId><Properties><Content-Length>1024</Content-Length></Properties></File></Entries><NextMarker /></EnumerationResults>"
    },
    {
      "RequestUri": "https://amandapreprod.file.core.windows.net/test-share-cf504573-bfe8-b7bb-0c36-8dd9a1f54fbf/sourceFolder/bar/test-file-e0df83e9-c4ba-a6ed-caa5-a4c99ef3cc08?sv=Sanitized&se=2025-05-16T21%3A32%3A46Z&sr=s&sp=rcwdl&sig=Sanitized",
      "RequestMethod": "HEAD",
      "RequestHeaders": {
        "Accept": "application/xml",
        "traceparent": "00-b6a5ae7e5f95ce6d4e0727e217f2ff54-12ca84dcf0c6beab-00",
        "User-Agent": "azsdk-net-Storage.Files.Shares/12.23.0-alpha.20250515.1 (.NET 8.0.16; Microsoft Windows 10.0.26100)",
        "x-ms-client-request-id": "Sanitized",
        "x-ms-return-client-request-id": "true",
        "x-ms-version": "2025-07-05"
      },
      "RequestBody": null,
      "StatusCode": 200,
      "ResponseHeaders": {
        "Content-Length": "1024",
        "Content-Type": "application/octet-stream",
        "Date": "Thu, 15 May 2025 21:32:45 GMT",
        "ETag": "\"0x8DD93F80841DDFE\"",
        "Last-Modified": "Thu, 15 May 2025 21:32:45 GMT",
        "Server": [
          "Windows-Azure-File/1.0",
          "Microsoft-HTTPAPI/2.0"
        ],
        "x-ms-client-request-id": "Sanitized",
        "x-ms-file-attributes": "Archive",
        "x-ms-file-change-time": "2025-05-15T21:32:45.6185342Z",
        "x-ms-file-creation-time": "2025-05-15T21:32:45.6185342Z",
        "x-ms-file-id": "14988049928633188352",
        "x-ms-file-last-write-time": "2025-05-15T21:32:45.6185342Z",
        "x-ms-file-parent-id": "10376363910205800448",
        "x-ms-file-permission-key": "12626496306092130501*547956186189310027",
        "x-ms-lease-state": "available",
        "x-ms-lease-status": "unlocked",
        "x-ms-request-id": "e90a5f23-301a-0023-37e0-c53a77000000",
        "x-ms-server-encrypted": "true",
        "x-ms-type": "File",
        "x-ms-version": "2025-07-05"
      },
      "ResponseBody": null
    },
    {
      "RequestUri": "https://amandapreprod.file.core.windows.net/test-share-cf504573-bfe8-b7bb-0c36-8dd9a1f54fbf/sourceFolder/test-file-87b1a488-5918-fd0d-d1b1-9de4c6bf0c14?sv=Sanitized&se=2025-05-16T21%3A32%3A46Z&sr=s&sp=rcwdl&sig=Sanitized",
      "RequestMethod": "HEAD",
      "RequestHeaders": {
        "Accept": "application/xml",
        "traceparent": "00-973489332d809a97c4f871c922199d1c-e94bc125443d80f9-00",
        "User-Agent": "azsdk-net-Storage.Files.Shares/12.23.0-alpha.20250515.1 (.NET 8.0.16; Microsoft Windows 10.0.26100)",
        "x-ms-client-request-id": "Sanitized",
        "x-ms-return-client-request-id": "true",
        "x-ms-version": "2025-07-05"
      },
      "RequestBody": null,
      "StatusCode": 200,
      "ResponseHeaders": {
        "Content-Length": "1024",
        "Content-Type": "application/octet-stream",
        "Date": "Thu, 15 May 2025 21:32:45 GMT",
        "ETag": "\"0x8DD93F80830179B\"",
        "Last-Modified": "Thu, 15 May 2025 21:32:45 GMT",
        "Server": [
          "Windows-Azure-File/1.0",
          "Microsoft-HTTPAPI/2.0"
        ],
        "x-ms-client-request-id": "Sanitized",
        "x-ms-file-attributes": "Archive",
        "x-ms-file-change-time": "2025-05-15T21:32:45.5020443Z",
        "x-ms-file-creation-time": "2025-05-15T21:32:45.5020443Z",
        "x-ms-file-id": "16140971433240035328",
        "x-ms-file-last-write-time": "2025-05-15T21:32:45.5020443Z",
        "x-ms-file-parent-id": "13835128424026341376",
        "x-ms-file-permission-key": "12626496306092130501*547956186189310027",
        "x-ms-lease-state": "available",
        "x-ms-lease-status": "unlocked",
        "x-ms-request-id": "cd43da68-601a-0011-7ee0-c53a00000000",
        "x-ms-server-encrypted": "true",
        "x-ms-type": "File",
        "x-ms-version": "2025-07-05"
      },
      "ResponseBody": null
    },
    {
      "RequestUri": "https://amandapreprod.file.core.windows.net/test-share-cf504573-bfe8-b7bb-0c36-8dd9a1f54fbf/sourceFolder/test-file-5dd5fc66-6f6e-242d-16f7-c26574d53494?sv=Sanitized&se=2025-05-16T21%3A32%3A46Z&sr=s&sp=rcwdl&sig=Sanitized",
      "RequestMethod": "HEAD",
      "RequestHeaders": {
        "Accept": "application/xml",
        "traceparent": "00-34babe7533959234aee51059abea1f77-ff69476bd01e1d26-00",
        "User-Agent": "azsdk-net-Storage.Files.Shares/12.23.0-alpha.20250515.1 (.NET 8.0.16; Microsoft Windows 10.0.26100)",
        "x-ms-client-request-id": "Sanitized",
        "x-ms-return-client-request-id": "true",
        "x-ms-version": "2025-07-05"
      },
      "RequestBody": null,
      "StatusCode": 200,
      "ResponseHeaders": {
        "Content-Length": "1024",
        "Content-Type": "application/octet-stream",
        "Date": "Thu, 15 May 2025 21:32:45 GMT",
        "ETag": "\"0x8DD93F808268574\"",
        "Last-Modified": "Thu, 15 May 2025 21:32:45 GMT",
        "Server": [
          "Windows-Azure-File/1.0",
          "Microsoft-HTTPAPI/2.0"
        ],
        "x-ms-client-request-id": "Sanitized",
        "x-ms-file-attributes": "Archive",
        "x-ms-file-change-time": "2025-05-15T21:32:45.4393204Z",
        "x-ms-file-creation-time": "2025-05-15T21:32:45.4393204Z",
        "x-ms-file-id": "11529285414812647424",
        "x-ms-file-last-write-time": "2025-05-15T21:32:45.4393204Z",
        "x-ms-file-parent-id": "13835128424026341376",
        "x-ms-file-permission-key": "12626496306092130501*547956186189310027",
        "x-ms-lease-state": "available",
        "x-ms-lease-status": "unlocked",
        "x-ms-request-id": "9274ac2c-401a-0029-59e0-c59ec0000000",
        "x-ms-server-encrypted": "true",
        "x-ms-type": "File",
        "x-ms-version": "2025-07-05"
      },
      "ResponseBody": null
    },
    {
      "RequestUri": "https://amandapreprod.file.core.windows.net/test-share-cf504573-bfe8-b7bb-0c36-8dd9a1f54fbf/sourceFolder/pik/test-file-95f5833b-a066-4430-2f01-c3cf6d747003?sv=Sanitized&se=2025-05-16T21%3A32%3A46Z&sr=s&sp=rcwdl&sig=Sanitized",
      "RequestMethod": "HEAD",
      "RequestHeaders": {
        "Accept": "application/xml",
        "traceparent": "00-16755b519e883151d1016ded03076bb1-a2cc29e604e6d047-00",
        "User-Agent": "azsdk-net-Storage.Files.Shares/12.23.0-alpha.20250515.1 (.NET 8.0.16; Microsoft Windows 10.0.26100)",
        "x-ms-client-request-id": "Sanitized",
        "x-ms-return-client-request-id": "true",
        "x-ms-version": "2025-07-05"
      },
      "RequestBody": null,
      "StatusCode": 200,
      "ResponseHeaders": {
        "Content-Length": "1024",
        "Content-Type": "application/octet-stream",
        "Date": "Thu, 15 May 2025 21:32:46 GMT",
        "ETag": "\"0x8DD93F808532FB5\"",
        "Last-Modified": "Thu, 15 May 2025 21:32:45 GMT",
        "Server": [
          "Windows-Azure-File/1.0",
          "Microsoft-HTTPAPI/2.0"
        ],
        "x-ms-client-request-id": "Sanitized",
        "x-ms-file-attributes": "Archive",
        "x-ms-file-change-time": "2025-05-15T21:32:45.7320373Z",
        "x-ms-file-creation-time": "2025-05-15T21:32:45.7320373Z",
        "x-ms-file-id": "17293892937846882304",
        "x-ms-file-last-write-time": "2025-05-15T21:32:45.7320373Z",
        "x-ms-file-parent-id": "12682206919419494400",
        "x-ms-file-permission-key": "12626496306092130501*547956186189310027",
        "x-ms-lease-state": "available",
        "x-ms-lease-status": "unlocked",
        "x-ms-request-id": "62408af0-001a-0028-35e0-c5c11c000000",
        "x-ms-server-encrypted": "true",
        "x-ms-type": "File",
        "x-ms-version": "2025-07-05"
      },
      "ResponseBody": null
    },
    {
      "RequestUri": "https://amandapreprod.file.core.windows.net/test-share-cf504573-bfe8-b7bb-0c36-8dd9a1f54fbf/sourceFolder/bar/test-file-e0df83e9-c4ba-a6ed-caa5-a4c99ef3cc08?sv=Sanitized&se=2025-05-16T21%3A32%3A46Z&sr=s&sp=rcwdl&sig=Sanitized",
      "RequestMethod": "HEAD",
      "RequestHeaders": {
        "Accept": "application/xml",
        "traceparent": "00-93b44009a7945c6f69ae2fb522dc9f0d-1bfced989dd1fd7f-00",
        "User-Agent": "azsdk-net-Storage.Files.Shares/12.23.0-alpha.20250515.1 (.NET 8.0.16; Microsoft Windows 10.0.26100)",
        "x-ms-client-request-id": "Sanitized",
        "x-ms-return-client-request-id": "true",
        "x-ms-version": "2025-07-05"
      },
      "RequestBody": null,
      "StatusCode": 200,
      "ResponseHeaders": {
        "Content-Length": "1024",
        "Content-Type": "application/octet-stream",
        "Date": "Thu, 15 May 2025 21:32:45 GMT",
        "ETag": "\"0x8DD93F80841DDFE\"",
        "Last-Modified": "Thu, 15 May 2025 21:32:45 GMT",
        "Server": [
          "Windows-Azure-File/1.0",
          "Microsoft-HTTPAPI/2.0"
        ],
        "x-ms-client-request-id": "Sanitized",
        "x-ms-file-attributes": "Archive",
        "x-ms-file-change-time": "2025-05-15T21:32:45.6185342Z",
        "x-ms-file-creation-time": "2025-05-15T21:32:45.6185342Z",
        "x-ms-file-id": "14988049928633188352",
        "x-ms-file-last-write-time": "2025-05-15T21:32:45.6185342Z",
        "x-ms-file-parent-id": "10376363910205800448",
        "x-ms-file-permission-key": "12626496306092130501*547956186189310027",
        "x-ms-lease-state": "available",
        "x-ms-lease-status": "unlocked",
        "x-ms-request-id": "e90a5f26-301a-0023-39e0-c53a77000000",
        "x-ms-server-encrypted": "true",
        "x-ms-type": "File",
        "x-ms-version": "2025-07-05"
      },
      "ResponseBody": null
    },
    {
      "RequestUri": "https://amandapreprod.blob.core.windows.net/test-container-e3176a7b-14a7-deaa-a4b0-5864c42b414c/destFolder/test-file-5dd5fc66-6f6e-242d-16f7-c26574d53494",
      "RequestMethod": "PUT",
      "RequestHeaders": {
        "Accept": "application/xml",
        "Authorization": "Sanitized",
        "Content-Length": "0",
        "If-None-Match": "*",
        "traceparent": "00-7f03689272f4a51e9ae57fc8862dc6fb-07c3770da1a0289d-00",
        "User-Agent": "azsdk-net-Storage.Blobs/12.25.0-alpha.20250515.1 (.NET 8.0.16; Microsoft Windows 10.0.26100)",
        "x-ms-access-tier": "Cold",
        "x-ms-blob-cache-control": "no-cache",
        "x-ms-blob-content-disposition": "inline",
        "x-ms-blob-content-language": "en-US",
        "x-ms-blob-content-type": "text/plain",
        "x-ms-blob-type": "BlockBlob",
        "x-ms-client-request-id": "Sanitized",
        "x-ms-copy-source": "https://amandapreprod.file.core.windows.net/test-share-cf504573-bfe8-b7bb-0c36-8dd9a1f54fbf/sourceFolder/test-file-5dd5fc66-6f6e-242d-16f7-c26574d53494?sv=sanitized-value&se=2025-05-16T21%3A32%3A46Z&sr=s&sp=rcwdl&sig=Sanitized",
        "x-ms-copy-source-blob-properties": "false",
        "x-ms-date": "Thu, 15 May 2025 21:32:47 GMT",
        "x-ms-meta-Capital": "letter",
        "x-ms-meta-foo": "bar",
        "x-ms-meta-meta": "data",
        "x-ms-meta-UPPER": "case",
        "x-ms-return-client-request-id": "true",
        "x-ms-version": "2025-07-05"
      },
      "RequestBody": null,
      "StatusCode": 201,
      "ResponseHeaders": {
        "Content-Length": "0",
        "Date": "Thu, 15 May 2025 21:32:46 GMT",
        "ETag": "\"0x8DD93F80893B633\"",
        "Last-Modified": "Thu, 15 May 2025 21:32:46 GMT",
        "Server": [
          "Windows-Azure-Blob/1.0",
          "Microsoft-HTTPAPI/2.0"
        ],
        "x-ms-client-request-id": "Sanitized",
        "x-ms-content-crc64": "iknlm7CyG2k=",
        "x-ms-request-id": "22dc76a3-601e-0063-6ce0-c53d4f000000",
        "x-ms-request-server-encrypted": "true",
        "x-ms-version": "2025-07-05"
      },
      "ResponseBody": null
    },
    {
      "RequestUri": "https://amandapreprod.blob.core.windows.net/test-container-e3176a7b-14a7-deaa-a4b0-5864c42b414c/destFolder/test-file-87b1a488-5918-fd0d-d1b1-9de4c6bf0c14",
      "RequestMethod": "PUT",
      "RequestHeaders": {
        "Accept": "application/xml",
        "Authorization": "Sanitized",
        "Content-Length": "0",
        "If-None-Match": "*",
        "traceparent": "00-e153f750e6f1308106cb9de20ab08ed9-be4ccf3fb810e471-00",
        "User-Agent": "azsdk-net-Storage.Blobs/12.25.0-alpha.20250515.1 (.NET 8.0.16; Microsoft Windows 10.0.26100)",
        "x-ms-access-tier": "Cold",
        "x-ms-blob-cache-control": "no-cache",
        "x-ms-blob-content-disposition": "inline",
        "x-ms-blob-content-language": "en-US",
        "x-ms-blob-content-type": "text/plain",
        "x-ms-blob-type": "BlockBlob",
        "x-ms-client-request-id": "Sanitized",
        "x-ms-copy-source": "https://amandapreprod.file.core.windows.net/test-share-cf504573-bfe8-b7bb-0c36-8dd9a1f54fbf/sourceFolder/test-file-87b1a488-5918-fd0d-d1b1-9de4c6bf0c14?sv=sanitized-value&se=2025-05-16T21%3A32%3A46Z&sr=s&sp=rcwdl&sig=Sanitized",
        "x-ms-copy-source-blob-properties": "false",
        "x-ms-date": "Thu, 15 May 2025 21:32:47 GMT",
        "x-ms-meta-Capital": "letter",
        "x-ms-meta-foo": "bar",
        "x-ms-meta-meta": "data",
        "x-ms-meta-UPPER": "case",
        "x-ms-return-client-request-id": "true",
        "x-ms-version": "2025-07-05"
      },
      "RequestBody": null,
      "StatusCode": 201,
      "ResponseHeaders": {
        "Content-Length": "0",
        "Date": "Thu, 15 May 2025 21:32:46 GMT",
        "ETag": "\"0x8DD93F8089403F3\"",
        "Last-Modified": "Thu, 15 May 2025 21:32:46 GMT",
        "Server": [
          "Windows-Azure-Blob/1.0",
          "Microsoft-HTTPAPI/2.0"
        ],
        "x-ms-client-request-id": "Sanitized",
        "x-ms-content-crc64": "iknlm7CyG2k=",
        "x-ms-request-id": "0319f33b-501e-000a-72e0-c50403000000",
        "x-ms-request-server-encrypted": "true",
        "x-ms-version": "2025-07-05"
      },
      "ResponseBody": null
    },
    {
      "RequestUri": "https://amandapreprod.file.core.windows.net/test-share-cf504573-bfe8-b7bb-0c36-8dd9a1f54fbf/sourceFolder/pik/test-file-95f5833b-a066-4430-2f01-c3cf6d747003?sv=Sanitized&se=2025-05-16T21%3A32%3A46Z&sr=s&sp=rcwdl&sig=Sanitized",
      "RequestMethod": "HEAD",
      "RequestHeaders": {
        "Accept": "application/xml",
        "traceparent": "00-b1b47f934ba4da73a060b9fb221332c3-ebe68b481ca4381b-00",
        "User-Agent": "azsdk-net-Storage.Files.Shares/12.23.0-alpha.20250515.1 (.NET 8.0.16; Microsoft Windows 10.0.26100)",
        "x-ms-client-request-id": "Sanitized",
        "x-ms-return-client-request-id": "true",
        "x-ms-version": "2025-07-05"
      },
      "RequestBody": null,
      "StatusCode": 200,
      "ResponseHeaders": {
        "Content-Length": "1024",
        "Content-Type": "application/octet-stream",
        "Date": "Thu, 15 May 2025 21:32:46 GMT",
        "ETag": "\"0x8DD93F808532FB5\"",
        "Last-Modified": "Thu, 15 May 2025 21:32:45 GMT",
        "Server": [
          "Windows-Azure-File/1.0",
          "Microsoft-HTTPAPI/2.0"
        ],
        "x-ms-client-request-id": "Sanitized",
        "x-ms-file-attributes": "Archive",
        "x-ms-file-change-time": "2025-05-15T21:32:45.7320373Z",
        "x-ms-file-creation-time": "2025-05-15T21:32:45.7320373Z",
        "x-ms-file-id": "17293892937846882304",
        "x-ms-file-last-write-time": "2025-05-15T21:32:45.7320373Z",
        "x-ms-file-parent-id": "12682206919419494400",
        "x-ms-file-permission-key": "12626496306092130501*547956186189310027",
        "x-ms-lease-state": "available",
        "x-ms-lease-status": "unlocked",
        "x-ms-request-id": "62408af3-001a-0028-38e0-c5c11c000000",
        "x-ms-server-encrypted": "true",
        "x-ms-type": "File",
        "x-ms-version": "2025-07-05"
      },
      "ResponseBody": null
    },
    {
      "RequestUri": "https://amandapreprod.blob.core.windows.net/test-container-e3176a7b-14a7-deaa-a4b0-5864c42b414c/destFolder/bar/test-file-e0df83e9-c4ba-a6ed-caa5-a4c99ef3cc08",
      "RequestMethod": "PUT",
      "RequestHeaders": {
        "Accept": "application/xml",
        "Authorization": "Sanitized",
        "Content-Length": "0",
        "If-None-Match": "*",
        "traceparent": "00-28b914c2dda1ef9513f090bd4357fff8-b73cf1dde6912af4-00",
        "User-Agent": "azsdk-net-Storage.Blobs/12.25.0-alpha.20250515.1 (.NET 8.0.16; Microsoft Windows 10.0.26100)",
        "x-ms-access-tier": "Cold",
        "x-ms-blob-cache-control": "no-cache",
        "x-ms-blob-content-disposition": "inline",
        "x-ms-blob-content-language": "en-US",
        "x-ms-blob-content-type": "text/plain",
        "x-ms-blob-type": "BlockBlob",
        "x-ms-client-request-id": "Sanitized",
        "x-ms-copy-source": "https://amandapreprod.file.core.windows.net/test-share-cf504573-bfe8-b7bb-0c36-8dd9a1f54fbf/sourceFolder/bar/test-file-e0df83e9-c4ba-a6ed-caa5-a4c99ef3cc08?sv=sanitized-value&se=2025-05-16T21%3A32%3A46Z&sr=s&sp=rcwdl&sig=Sanitized",
        "x-ms-copy-source-blob-properties": "false",
        "x-ms-date": "Thu, 15 May 2025 21:32:47 GMT",
        "x-ms-meta-Capital": "letter",
        "x-ms-meta-foo": "bar",
        "x-ms-meta-meta": "data",
        "x-ms-meta-UPPER": "case",
        "x-ms-return-client-request-id": "true",
        "x-ms-version": "2025-07-05"
      },
      "RequestBody": null,
      "StatusCode": 201,
      "ResponseHeaders": {
        "Content-Length": "0",
        "Date": "Thu, 15 May 2025 21:32:45 GMT",
        "ETag": "\"0x8DD93F8089AB33B\"",
        "Last-Modified": "Thu, 15 May 2025 21:32:46 GMT",
        "Server": [
          "Windows-Azure-Blob/1.0",
          "Microsoft-HTTPAPI/2.0"
        ],
        "x-ms-client-request-id": "Sanitized",
        "x-ms-content-crc64": "iknlm7CyG2k=",
        "x-ms-request-id": "b224c2fa-001e-0017-25e0-c509bf000000",
        "x-ms-request-server-encrypted": "true",
        "x-ms-version": "2025-07-05"
      },
      "ResponseBody": null
    },
    {
      "RequestUri": "https://amandapreprod.blob.core.windows.net/test-container-e3176a7b-14a7-deaa-a4b0-5864c42b414c/destFolder/pik/test-file-95f5833b-a066-4430-2f01-c3cf6d747003",
      "RequestMethod": "PUT",
      "RequestHeaders": {
        "Accept": "application/xml",
        "Authorization": "Sanitized",
        "Content-Length": "0",
        "If-None-Match": "*",
        "traceparent": "00-22f629fce5625ec7670ea8bc22a800fa-463cf165a1cddb66-00",
        "User-Agent": "azsdk-net-Storage.Blobs/12.25.0-alpha.20250515.1 (.NET 8.0.16; Microsoft Windows 10.0.26100)",
        "x-ms-access-tier": "Cold",
        "x-ms-blob-cache-control": "no-cache",
        "x-ms-blob-content-disposition": "inline",
        "x-ms-blob-content-language": "en-US",
        "x-ms-blob-content-type": "text/plain",
        "x-ms-blob-type": "BlockBlob",
        "x-ms-client-request-id": "Sanitized",
        "x-ms-copy-source": "https://amandapreprod.file.core.windows.net/test-share-cf504573-bfe8-b7bb-0c36-8dd9a1f54fbf/sourceFolder/pik/test-file-95f5833b-a066-4430-2f01-c3cf6d747003?sv=sanitized-value&se=2025-05-16T21%3A32%3A46Z&sr=s&sp=rcwdl&sig=Sanitized",
        "x-ms-copy-source-blob-properties": "false",
        "x-ms-date": "Thu, 15 May 2025 21:32:47 GMT",
        "x-ms-meta-Capital": "letter",
        "x-ms-meta-foo": "bar",
        "x-ms-meta-meta": "data",
        "x-ms-meta-UPPER": "case",
        "x-ms-return-client-request-id": "true",
        "x-ms-version": "2025-07-05"
      },
      "RequestBody": null,
      "StatusCode": 201,
      "ResponseHeaders": {
        "Content-Length": "0",
        "Date": "Thu, 15 May 2025 21:32:46 GMT",
        "ETag": "\"0x8DD93F808A1B045\"",
        "Last-Modified": "Thu, 15 May 2025 21:32:46 GMT",
        "Server": [
          "Windows-Azure-Blob/1.0",
          "Microsoft-HTTPAPI/2.0"
        ],
        "x-ms-client-request-id": "Sanitized",
        "x-ms-content-crc64": "iknlm7CyG2k=",
        "x-ms-request-id": "0319f366-501e-000a-19e0-c50403000000",
        "x-ms-request-server-encrypted": "true",
        "x-ms-version": "2025-07-05"
      },
      "ResponseBody": null
    },
    {
      "RequestUri": "https://amandapreprod.file.core.windows.net/test-share-cf504573-bfe8-b7bb-0c36-8dd9a1f54fbf/sourceFolder?restype=directory&comp=list",
      "RequestMethod": "GET",
      "RequestHeaders": {
        "Accept": "application/xml",
        "Authorization": "Sanitized",
        "User-Agent": "azsdk-net-Storage.Files.Shares/12.23.0-alpha.20250515.1 (.NET 8.0.16; Microsoft Windows 10.0.26100)",
        "x-ms-client-request-id": "Sanitized",
        "x-ms-date": "Thu, 15 May 2025 21:32:47 GMT",
        "x-ms-return-client-request-id": "true",
        "x-ms-version": "2025-07-05"
      },
      "RequestBody": null,
      "StatusCode": 200,
      "ResponseHeaders": {
        "Content-Type": "application/xml",
        "Date": "Thu, 15 May 2025 21:32:46 GMT",
        "Server": [
          "Windows-Azure-File/1.0",
          "Microsoft-HTTPAPI/2.0"
        ],
        "Transfer-Encoding": "chunked",
        "x-ms-client-request-id": "Sanitized",
        "x-ms-request-id": "62408aff-001a-0028-42e0-c5c11c000000",
        "x-ms-version": "2025-07-05"
      },
      "ResponseBody": "\uFEFF<?xml version=\"1.0\" encoding=\"utf-8\"?><EnumerationResults ServiceEndpoint=\"https://amandapreprod.file.core.windows.net/\" ShareName=\"test-share-cf504573-bfe8-b7bb-0c36-8dd9a1f54fbf\" DirectoryPath=\"sourceFolder\"><DirectoryId>13835128424026341376</DirectoryId><Entries><Directory><Name>bar</Name><FileId>10376363910205800448</FileId><Properties /></Directory><Directory><Name>pik</Name><FileId>12682206919419494400</FileId><Properties /></Directory><File><Name>test-file-5dd5fc66-6f6e-242d-16f7-c26574d53494</Name><FileId>11529285414812647424</FileId><Properties><Content-Length>1024</Content-Length></Properties></File><File><Name>test-file-87b1a488-5918-fd0d-d1b1-9de4c6bf0c14</Name><FileId>16140971433240035328</FileId><Properties><Content-Length>1024</Content-Length></Properties></File></Entries><NextMarker /></EnumerationResults>"
    },
    {
      "RequestUri": "https://amandapreprod.file.core.windows.net/test-share-cf504573-bfe8-b7bb-0c36-8dd9a1f54fbf/sourceFolder/bar?restype=directory&comp=list",
      "RequestMethod": "GET",
      "RequestHeaders": {
        "Accept": "application/xml",
        "Authorization": "Sanitized",
        "User-Agent": "azsdk-net-Storage.Files.Shares/12.23.0-alpha.20250515.1 (.NET 8.0.16; Microsoft Windows 10.0.26100)",
        "x-ms-client-request-id": "Sanitized",
        "x-ms-date": "Thu, 15 May 2025 21:32:47 GMT",
        "x-ms-return-client-request-id": "true",
        "x-ms-version": "2025-07-05"
      },
      "RequestBody": null,
      "StatusCode": 200,
      "ResponseHeaders": {
        "Content-Type": "application/xml",
        "Date": "Thu, 15 May 2025 21:32:46 GMT",
        "Server": [
          "Windows-Azure-File/1.0",
          "Microsoft-HTTPAPI/2.0"
        ],
        "Transfer-Encoding": "chunked",
        "x-ms-client-request-id": "Sanitized",
        "x-ms-request-id": "62408b00-001a-0028-43e0-c5c11c000000",
        "x-ms-version": "2025-07-05"
      },
      "ResponseBody": "\uFEFF<?xml version=\"1.0\" encoding=\"utf-8\"?><EnumerationResults ServiceEndpoint=\"https://amandapreprod.file.core.windows.net/\" ShareName=\"test-share-cf504573-bfe8-b7bb-0c36-8dd9a1f54fbf\" DirectoryPath=\"sourceFolder/bar\"><DirectoryId>10376363910205800448</DirectoryId><Entries><File><Name>test-file-e0df83e9-c4ba-a6ed-caa5-a4c99ef3cc08</Name><FileId>14988049928633188352</FileId><Properties><Content-Length>1024</Content-Length></Properties></File></Entries><NextMarker /></EnumerationResults>"
    },
    {
      "RequestUri": "https://amandapreprod.file.core.windows.net/test-share-cf504573-bfe8-b7bb-0c36-8dd9a1f54fbf/sourceFolder/pik?restype=directory&comp=list",
      "RequestMethod": "GET",
      "RequestHeaders": {
        "Accept": "application/xml",
        "Authorization": "Sanitized",
        "User-Agent": "azsdk-net-Storage.Files.Shares/12.23.0-alpha.20250515.1 (.NET 8.0.16; Microsoft Windows 10.0.26100)",
        "x-ms-client-request-id": "Sanitized",
        "x-ms-date": "Thu, 15 May 2025 21:32:47 GMT",
        "x-ms-return-client-request-id": "true",
        "x-ms-version": "2025-07-05"
      },
      "RequestBody": null,
      "StatusCode": 200,
      "ResponseHeaders": {
        "Content-Type": "application/xml",
        "Date": "Thu, 15 May 2025 21:32:46 GMT",
        "Server": [
          "Windows-Azure-File/1.0",
          "Microsoft-HTTPAPI/2.0"
        ],
        "Transfer-Encoding": "chunked",
        "x-ms-client-request-id": "Sanitized",
        "x-ms-request-id": "62408b07-001a-0028-4ae0-c5c11c000000",
        "x-ms-version": "2025-07-05"
      },
      "ResponseBody": "\uFEFF<?xml version=\"1.0\" encoding=\"utf-8\"?><EnumerationResults ServiceEndpoint=\"https://amandapreprod.file.core.windows.net/\" ShareName=\"test-share-cf504573-bfe8-b7bb-0c36-8dd9a1f54fbf\" DirectoryPath=\"sourceFolder/pik\"><DirectoryId>12682206919419494400</DirectoryId><Entries><File><Name>test-file-95f5833b-a066-4430-2f01-c3cf6d747003</Name><FileId>17293892937846882304</FileId><Properties><Content-Length>1024</Content-Length></Properties></File></Entries><NextMarker /></EnumerationResults>"
    },
    {
      "RequestUri": "https://amandapreprod.blob.core.windows.net/test-container-e3176a7b-14a7-deaa-a4b0-5864c42b414c?restype=container&comp=list&prefix=destFolder",
      "RequestMethod": "GET",
      "RequestHeaders": {
        "Accept": "application/xml",
        "Authorization": "Sanitized",
        "traceparent": "00-fe463fc24de3369e972acbd807a41db4-15107a2a12863886-00",
        "User-Agent": "azsdk-net-Storage.Blobs/12.25.0-alpha.20250515.1 (.NET 8.0.16; Microsoft Windows 10.0.26100)",
        "x-ms-client-request-id": "Sanitized",
        "x-ms-date": "Thu, 15 May 2025 21:32:47 GMT",
        "x-ms-return-client-request-id": "true",
        "x-ms-version": "2025-07-05"
      },
      "RequestBody": null,
      "StatusCode": 200,
      "ResponseHeaders": {
        "Content-Type": "application/xml",
        "Date": "Thu, 15 May 2025 21:32:46 GMT",
        "Server": [
          "Windows-Azure-Blob/1.0",
          "Microsoft-HTTPAPI/2.0"
        ],
        "Transfer-Encoding": "chunked",
        "x-ms-client-request-id": "Sanitized",
        "x-ms-request-id": "0319f467-501e-000a-03e0-c50403000000",
        "x-ms-version": "2025-07-05"
      },
      "ResponseBody": "\uFEFF<?xml version=\"1.0\" encoding=\"utf-8\"?><EnumerationResults ServiceEndpoint=\"https://amandapreprod.blob.core.windows.net/\" ContainerName=\"test-container-e3176a7b-14a7-deaa-a4b0-5864c42b414c\"><Prefix>destFolder</Prefix><Blobs><Blob><Name>destFolder/bar/test-file-e0df83e9-c4ba-a6ed-caa5-a4c99ef3cc08</Name><Properties><Creation-Time>Thu, 15 May 2025 21:32:46 GMT</Creation-Time><Last-Modified>Thu, 15 May 2025 21:32:46 GMT</Last-Modified><Etag>0x8DD93F8089AB33B</Etag><Content-Length>1024</Content-Length><Content-Type>text/plain</Content-Type><Content-Encoding /><Content-Language>en-US</Content-Language><Content-CRC64>iknlm7CyG2k=</Content-CRC64><Content-MD5>DzQ7CTESaiDxM9Z8KwGKOw==</Content-MD5><Cache-Control>no-cache</Cache-Control><Content-Disposition>inline</Content-Disposition><BlobType>BlockBlob</BlobType><AccessTier>Cold</AccessTier><AccessTierChangeTime>Thu, 15 May 2025 21:32:46 GMT</AccessTierChangeTime><LeaseStatus>unlocked</LeaseStatus><LeaseState>available</LeaseState><ServerEncrypted>true</ServerEncrypted></Properties><OrMetadata /></Blob><Blob><Name>destFolder/pik/test-file-95f5833b-a066-4430-2f01-c3cf6d747003</Name><Properties><Creation-Time>Thu, 15 May 2025 21:32:46 GMT</Creation-Time><Last-Modified>Thu, 15 May 2025 21:32:46 GMT</Last-Modified><Etag>0x8DD93F808A1B045</Etag><Content-Length>1024</Content-Length><Content-Type>text/plain</Content-Type><Content-Encoding /><Content-Language>en-US</Content-Language><Content-CRC64>iknlm7CyG2k=</Content-CRC64><Content-MD5>DzQ7CTESaiDxM9Z8KwGKOw==</Content-MD5><Cache-Control>no-cache</Cache-Control><Content-Disposition>inline</Content-Disposition><BlobType>BlockBlob</BlobType><AccessTier>Cold</AccessTier><AccessTierChangeTime>Thu, 15 May 2025 21:32:46 GMT</AccessTierChangeTime><LeaseStatus>unlocked</LeaseStatus><LeaseState>available</LeaseState><ServerEncrypted>true</ServerEncrypted></Properties><OrMetadata /></Blob><Blob><Name>destFolder/test-file-5dd5fc66-6f6e-242d-16f7-c26574d53494</Name><Properties><Creation-Time>Thu, 15 May 2025 21:32:46 GMT</Creation-Time><Last-Modified>Thu, 15 May 2025 21:32:46 GMT</Last-Modified><Etag>0x8DD93F80893B633</Etag><Content-Length>1024</Content-Length><Content-Type>text/plain</Content-Type><Content-Encoding /><Content-Language>en-US</Content-Language><Content-CRC64>iknlm7CyG2k=</Content-CRC64><Content-MD5>DzQ7CTESaiDxM9Z8KwGKOw==</Content-MD5><Cache-Control>no-cache</Cache-Control><Content-Disposition>inline</Content-Disposition><BlobType>BlockBlob</BlobType><AccessTier>Cold</AccessTier><AccessTierChangeTime>Thu, 15 May 2025 21:32:46 GMT</AccessTierChangeTime><LeaseStatus>unlocked</LeaseStatus><LeaseState>available</LeaseState><ServerEncrypted>true</ServerEncrypted></Properties><OrMetadata /></Blob><Blob><Name>destFolder/test-file-87b1a488-5918-fd0d-d1b1-9de4c6bf0c14</Name><Properties><Creation-Time>Thu, 15 May 2025 21:32:46 GMT</Creation-Time><Last-Modified>Thu, 15 May 2025 21:32:46 GMT</Last-Modified><Etag>0x8DD93F8089403F3</Etag><Content-Length>1024</Content-Length><Content-Type>text/plain</Content-Type><Content-Encoding /><Content-Language>en-US</Content-Language><Content-CRC64>iknlm7CyG2k=</Content-CRC64><Content-MD5>DzQ7CTESaiDxM9Z8KwGKOw==</Content-MD5><Cache-Control>no-cache</Cache-Control><Content-Disposition>inline</Content-Disposition><BlobType>BlockBlob</BlobType><AccessTier>Cold</AccessTier><AccessTierChangeTime>Thu, 15 May 2025 21:32:46 GMT</AccessTierChangeTime><LeaseStatus>unlocked</LeaseStatus><LeaseState>available</LeaseState><ServerEncrypted>true</ServerEncrypted></Properties><OrMetadata /></Blob></Blobs><NextMarker /></EnumerationResults>"
    },
    {
      "RequestUri": "https://amandapreprod.file.core.windows.net/test-share-cf504573-bfe8-b7bb-0c36-8dd9a1f54fbf/sourceFolder/bar/test-file-e0df83e9-c4ba-a6ed-caa5-a4c99ef3cc08",
      "RequestMethod": "HEAD",
      "RequestHeaders": {
        "Accept": "application/xml",
        "Authorization": "Sanitized",
        "traceparent": "00-7c3ccc2a5096f0c1fcf20865d9898a30-878652f9ed11ac1b-00",
        "User-Agent": "azsdk-net-Storage.Files.Shares/12.23.0-alpha.20250515.1 (.NET 8.0.16; Microsoft Windows 10.0.26100)",
        "x-ms-client-request-id": "Sanitized",
        "x-ms-date": "Thu, 15 May 2025 21:32:47 GMT",
        "x-ms-return-client-request-id": "true",
        "x-ms-version": "2025-07-05"
      },
      "RequestBody": null,
      "StatusCode": 200,
      "ResponseHeaders": {
        "Content-Length": "1024",
        "Content-Type": "application/octet-stream",
        "Date": "Thu, 15 May 2025 21:32:46 GMT",
        "ETag": "\"0x8DD93F80841DDFE\"",
        "Last-Modified": "Thu, 15 May 2025 21:32:45 GMT",
        "Server": [
          "Windows-Azure-File/1.0",
          "Microsoft-HTTPAPI/2.0"
        ],
        "x-ms-client-request-id": "Sanitized",
        "x-ms-file-attributes": "Archive",
        "x-ms-file-change-time": "2025-05-15T21:32:45.6185342Z",
        "x-ms-file-creation-time": "2025-05-15T21:32:45.6185342Z",
        "x-ms-file-id": "14988049928633188352",
        "x-ms-file-last-write-time": "2025-05-15T21:32:45.6185342Z",
        "x-ms-file-parent-id": "10376363910205800448",
        "x-ms-file-permission-key": "12626496306092130501*547956186189310027",
        "x-ms-lease-state": "available",
        "x-ms-lease-status": "unlocked",
        "x-ms-request-id": "62408b0a-001a-0028-4de0-c5c11c000000",
        "x-ms-server-encrypted": "true",
        "x-ms-type": "File",
        "x-ms-version": "2025-07-05"
      },
      "ResponseBody": null
    },
    {
      "RequestUri": "https://amandapreprod.blob.core.windows.net/test-container-e3176a7b-14a7-deaa-a4b0-5864c42b414c/destFolder/bar/test-file-e0df83e9-c4ba-a6ed-caa5-a4c99ef3cc08",
      "RequestMethod": "HEAD",
      "RequestHeaders": {
        "Accept": "application/xml",
        "Authorization": "Sanitized",
        "traceparent": "00-271e006440f03571d2bf994df4f14aad-e8f76ebddb289650-00",
        "User-Agent": "azsdk-net-Storage.Blobs/12.25.0-alpha.20250515.1 (.NET 8.0.16; Microsoft Windows 10.0.26100)",
        "x-ms-client-request-id": "Sanitized",
        "x-ms-date": "Thu, 15 May 2025 21:32:47 GMT",
        "x-ms-return-client-request-id": "true",
        "x-ms-version": "2025-07-05"
      },
      "RequestBody": null,
      "StatusCode": 200,
      "ResponseHeaders": {
        "Accept-Ranges": "bytes",
        "Cache-Control": "no-cache",
        "Content-Disposition": "inline",
        "Content-Language": "en-US",
        "Content-Length": "1024",
        "Content-MD5": "DzQ7CTESaiDxM9Z8KwGKOw==",
        "Content-Type": "text/plain",
        "Date": "Thu, 15 May 2025 21:32:46 GMT",
        "ETag": "\"0x8DD93F8089AB33B\"",
        "Last-Modified": "Thu, 15 May 2025 21:32:46 GMT",
        "Server": [
          "Windows-Azure-Blob/1.0",
          "Microsoft-HTTPAPI/2.0"
        ],
        "x-ms-access-tier": "Cold",
        "x-ms-access-tier-change-time": "Thu, 15 May 2025 21:32:46 GMT",
        "x-ms-blob-type": "BlockBlob",
        "x-ms-client-request-id": "Sanitized",
        "x-ms-creation-time": "Thu, 15 May 2025 21:32:46 GMT",
        "x-ms-lease-state": "available",
        "x-ms-lease-status": "unlocked",
        "x-ms-meta-Capital": "letter",
        "x-ms-meta-foo": "bar",
        "x-ms-meta-meta": "data",
        "x-ms-meta-UPPER": "case",
        "x-ms-request-id": "0319f4c9-501e-000a-5ee0-c50403000000",
        "x-ms-server-encrypted": "true",
        "x-ms-version": "2025-07-05"
      },
      "ResponseBody": null
    },
    {
      "RequestUri": "https://amandapreprod.file.core.windows.net/test-share-cf504573-bfe8-b7bb-0c36-8dd9a1f54fbf/sourceFolder/bar/test-file-e0df83e9-c4ba-a6ed-caa5-a4c99ef3cc08",
      "RequestMethod": "GET",
      "RequestHeaders": {
        "Accept": "application/xml",
        "Authorization": "Sanitized",
        "User-Agent": "azsdk-net-Storage.Files.Shares/12.23.0-alpha.20250515.1 (.NET 8.0.16; Microsoft Windows 10.0.26100)",
        "x-ms-client-request-id": "Sanitized",
        "x-ms-date": "Thu, 15 May 2025 21:32:47 GMT",
        "x-ms-range": "bytes=0-1023",
        "x-ms-return-client-request-id": "true",
        "x-ms-version": "2025-07-05"
      },
      "RequestBody": null,
      "StatusCode": 206,
      "ResponseHeaders": {
        "Accept-Ranges": "bytes",
        "Content-Length": "1024",
        "Content-Range": "bytes 0-1023/1024",
        "Content-Type": "application/octet-stream",
        "Date": "Thu, 15 May 2025 21:32:46 GMT",
        "ETag": "\"0x8DD93F80841DDFE\"",
        "Last-Modified": "Thu, 15 May 2025 21:32:45 GMT",
        "Server": [
          "Windows-Azure-File/1.0",
          "Microsoft-HTTPAPI/2.0"
        ],
        "x-ms-client-request-id": "Sanitized",
        "x-ms-file-attributes": "Archive",
        "x-ms-file-change-time": "2025-05-15T21:32:45.6185342Z",
        "x-ms-file-creation-time": "2025-05-15T21:32:45.6185342Z",
        "x-ms-file-id": "14988049928633188352",
        "x-ms-file-last-write-time": "2025-05-15T21:32:45.6185342Z",
        "x-ms-file-parent-id": "10376363910205800448",
        "x-ms-file-permission-key": "12626496306092130501*547956186189310027",
        "x-ms-lease-state": "available",
        "x-ms-lease-status": "unlocked",
        "x-ms-request-id": "62408b0c-001a-0028-4fe0-c5c11c000000",
        "x-ms-server-encrypted": "true",
        "x-ms-type": "File",
        "x-ms-version": "2025-07-05"
      },
      "ResponseBody": "AAAAAAAAAAAAAAAAAAAAAAAAAAAAAAAAAAAAAAAAAAAAAAAAAAAAAAAAAAAAAAAAAAAAAAAAAAAAAAAAAAAAAAAAAAAAAAAAAAAAAAAAAAAAAAAAAAAAAAAAAAAAAAAAAAAAAAAAAAAAAAAAAAAAAAAAAAAAAAAAAAAAAAAAAAAAAAAAAAAAAAAAAAAAAAAAAAAAAAAAAAAAAAAAAAAAAAAAAAAAAAAAAAAAAAAAAAAAAAAAAAAAAAAAAAAAAAAAAAAAAAAAAAAAAAAAAAAAAAAAAAAAAAAAAAAAAAAAAAAAAAAAAAAAAAAAAAAAAAAAAAAAAAAAAAAAAAAAAAAAAAAAAAAAAAAAAAAAAAAAAAAAAAAAAAAAAAAAAAAAAAAAAAAAAAAAAAAAAAAAAAAAAAAAAAAAAAAAAAAAAAAAAAAAAAAAAAAAAAAAAAAAAAAAAAAAAAAAAAAAAAAAAAAAAAAAAAAAAAAAAAAAAAAAAAAAAAAAAAAAAAAAAAAAAAAAAAAAAAAAAAAAAAAAAAAAAAAAAAAAAAAAAAAAAAAAAAAAAAAAAAAAAAAAAAAAAAAAAAAAAAAAAAAAAAAAAAAAAAAAAAAAAAAAAAAAAAAAAAAAAAAAAAAAAAAAAAAAAAAAAAAAAAAAAAAAAAAAAAAAAAAAAAAAAAAAAAAAAAAAAAAAAAAAAAAAAAAAAAAAAAAAAAAAAAAAAAAAAAAAAAAAAAAAAAAAAAAAAAAAAAAAAAAAAAAAAAAAAAAAAAAAAAAAAAAAAAAAAAAAAAAAAAAAAAAAAAAAAAAAAAAAAAAAAAAAAAAAAAAAAAAAAAAAAAAAAAAAAAAAAAAAAAAAAAAAAAAAAAAAAAAAAAAAAAAAAAAAAAAAAAAAAAAAAAAAAAAAAAAAAAAAAAAAAAAAAAAAAAAAAAAAAAAAAAAAAAAAAAAAAAAAAAAAAAAAAAAAAAAAAAAAAAAAAAAAAAAAAAAAAAAAAAAAAAAAAAAAAAAAAAAAAAAAAAAAAAAAAAAAAAAAAAAAAAAAAAAAAAAAAAAAAAAAAAAAAAAAAAAAAAAAAAAAAAAAAAAAAAAAAAAAAAAAAAAAAAAAAAAAAAAAAAAAAAAAAAAAAAAAAAAAAAAAAAAAAAAAAAAAAAAAAAAAAAAAAAAAAAAAAAAAAAAAAAAAAAAAAAAAAAAAAAAAAAAAAAAAAAAAAAAAAAAAAAAAAAAAAAAAAAAAAAAAAAAAAAAAAAAAAAAAAAAAAAAAAAAAAAAAAAAAAAAAAAAAAAAAAAAAAAAAAAAAAAAAAAAAAAAAAAAAAAAAAAAAAAAAAAAAAAAAAAAAAAAAAAAAAAAAAAAAAAAAAAAAAAAAAAAAAAAAAA=="
    },
    {
      "RequestUri": "https://amandapreprod.blob.core.windows.net/test-container-e3176a7b-14a7-deaa-a4b0-5864c42b414c/destFolder/bar/test-file-e0df83e9-c4ba-a6ed-caa5-a4c99ef3cc08",
      "RequestMethod": "GET",
      "RequestHeaders": {
        "Accept": "application/xml",
        "Authorization": "Sanitized",
        "If-Match": "\"0x8DD93F8089AB33B\"",
        "User-Agent": "azsdk-net-Storage.Blobs/12.25.0-alpha.20250515.1 (.NET 8.0.16; Microsoft Windows 10.0.26100)",
        "x-ms-client-request-id": "Sanitized",
        "x-ms-date": "Thu, 15 May 2025 21:32:47 GMT",
        "x-ms-range": "bytes=0-1023",
        "x-ms-return-client-request-id": "true",
        "x-ms-version": "2025-07-05"
      },
      "RequestBody": null,
      "StatusCode": 206,
      "ResponseHeaders": {
        "Accept-Ranges": "bytes",
        "Cache-Control": "no-cache",
        "Content-Disposition": "inline",
        "Content-Language": "en-US",
        "Content-Length": "1024",
        "Content-Range": "bytes 0-1023/1024",
        "Content-Type": "text/plain",
        "Date": "Thu, 15 May 2025 21:32:46 GMT",
        "ETag": "\"0x8DD93F8089AB33B\"",
        "Last-Modified": "Thu, 15 May 2025 21:32:46 GMT",
        "Server": [
          "Windows-Azure-Blob/1.0",
          "Microsoft-HTTPAPI/2.0"
        ],
        "x-ms-blob-content-md5": "DzQ7CTESaiDxM9Z8KwGKOw==",
        "x-ms-blob-type": "BlockBlob",
        "x-ms-client-request-id": "Sanitized",
        "x-ms-creation-time": "Thu, 15 May 2025 21:32:46 GMT",
        "x-ms-lease-state": "available",
        "x-ms-lease-status": "unlocked",
        "x-ms-meta-Capital": "letter",
        "x-ms-meta-foo": "bar",
        "x-ms-meta-meta": "data",
        "x-ms-meta-UPPER": "case",
        "x-ms-request-id": "0319f502-501e-000a-12e0-c50403000000",
        "x-ms-server-encrypted": "true",
        "x-ms-version": "2025-07-05"
      },
      "ResponseBody": "\u0000\u0000\u0000\u0000\u0000\u0000\u0000\u0000\u0000\u0000\u0000\u0000\u0000\u0000\u0000\u0000\u0000\u0000\u0000\u0000\u0000\u0000\u0000\u0000\u0000\u0000\u0000\u0000\u0000\u0000\u0000\u0000\u0000\u0000\u0000\u0000\u0000\u0000\u0000\u0000\u0000\u0000\u0000\u0000\u0000\u0000\u0000\u0000\u0000\u0000\u0000\u0000\u0000\u0000\u0000\u0000\u0000\u0000\u0000\u0000\u0000\u0000\u0000\u0000\u0000\u0000\u0000\u0000\u0000\u0000\u0000\u0000\u0000\u0000\u0000\u0000\u0000\u0000\u0000\u0000\u0000\u0000\u0000\u0000\u0000\u0000\u0000\u0000\u0000\u0000\u0000\u0000\u0000\u0000\u0000\u0000\u0000\u0000\u0000\u0000\u0000\u0000\u0000\u0000\u0000\u0000\u0000\u0000\u0000\u0000\u0000\u0000\u0000\u0000\u0000\u0000\u0000\u0000\u0000\u0000\u0000\u0000\u0000\u0000\u0000\u0000\u0000\u0000\u0000\u0000\u0000\u0000\u0000\u0000\u0000\u0000\u0000\u0000\u0000\u0000\u0000\u0000\u0000\u0000\u0000\u0000\u0000\u0000\u0000\u0000\u0000\u0000\u0000\u0000\u0000\u0000\u0000\u0000\u0000\u0000\u0000\u0000\u0000\u0000\u0000\u0000\u0000\u0000\u0000\u0000\u0000\u0000\u0000\u0000\u0000\u0000\u0000\u0000\u0000\u0000\u0000\u0000\u0000\u0000\u0000\u0000\u0000\u0000\u0000\u0000\u0000\u0000\u0000\u0000\u0000\u0000\u0000\u0000\u0000\u0000\u0000\u0000\u0000\u0000\u0000\u0000\u0000\u0000\u0000\u0000\u0000\u0000\u0000\u0000\u0000\u0000\u0000\u0000\u0000\u0000\u0000\u0000\u0000\u0000\u0000\u0000\u0000\u0000\u0000\u0000\u0000\u0000\u0000\u0000\u0000\u0000\u0000\u0000\u0000\u0000\u0000\u0000\u0000\u0000\u0000\u0000\u0000\u0000\u0000\u0000\u0000\u0000\u0000\u0000\u0000\u0000\u0000\u0000\u0000\u0000\u0000\u0000\u0000\u0000\u0000\u0000\u0000\u0000\u0000\u0000\u0000\u0000\u0000\u0000\u0000\u0000\u0000\u0000\u0000\u0000\u0000\u0000\u0000\u0000\u0000\u0000\u0000\u0000\u0000\u0000\u0000\u0000\u0000\u0000\u0000\u0000\u0000\u0000\u0000\u0000\u0000\u0000\u0000\u0000\u0000\u0000\u0000\u0000\u0000\u0000\u0000\u0000\u0000\u0000\u0000\u0000\u0000\u0000\u0000\u0000\u0000\u0000\u0000\u0000\u0000\u0000\u0000\u0000\u0000\u0000\u0000\u0000\u0000\u0000\u0000\u0000\u0000\u0000\u0000\u0000\u0000\u0000\u0000\u0000\u0000\u0000\u0000\u0000\u0000\u0000\u0000\u0000\u0000\u0000\u0000\u0000\u0000\u0000\u0000\u0000\u0000\u0000\u0000\u0000\u0000\u0000\u0000\u0000\u0000\u0000\u0000\u0000\u0000\u0000\u0000\u0000\u0000\u0000\u0000\u0000\u0000\u0000\u0000\u0000\u0000\u0000\u0000\u0000\u0000\u0000\u0000\u0000\u0000\u0000\u0000\u0000\u0000\u0000\u0000\u0000\u0000\u0000\u0000\u0000\u0000\u0000\u0000\u0000\u0000\u0000\u0000\u0000\u0000\u0000\u0000\u0000\u0000\u0000\u0000\u0000\u0000\u0000\u0000\u0000\u0000\u0000\u0000\u0000\u0000\u0000\u0000\u0000\u0000\u0000\u0000\u0000\u0000\u0000\u0000\u0000\u0000\u0000\u0000\u0000\u0000\u0000\u0000\u0000\u0000\u0000\u0000\u0000\u0000\u0000\u0000\u0000\u0000\u0000\u0000\u0000\u0000\u0000\u0000\u0000\u0000\u0000\u0000\u0000\u0000\u0000\u0000\u0000\u0000\u0000\u0000\u0000\u0000\u0000\u0000\u0000\u0000\u0000\u0000\u0000\u0000\u0000\u0000\u0000\u0000\u0000\u0000\u0000\u0000\u0000\u0000\u0000\u0000\u0000\u0000\u0000\u0000\u0000\u0000\u0000\u0000\u0000\u0000\u0000\u0000\u0000\u0000\u0000\u0000\u0000\u0000\u0000\u0000\u0000\u0000\u0000\u0000\u0000\u0000\u0000\u0000\u0000\u0000\u0000\u0000\u0000\u0000\u0000\u0000\u0000\u0000\u0000\u0000\u0000\u0000\u0000\u0000\u0000\u0000\u0000\u0000\u0000\u0000\u0000\u0000\u0000\u0000\u0000\u0000\u0000\u0000\u0000\u0000\u0000\u0000\u0000\u0000\u0000\u0000\u0000\u0000\u0000\u0000\u0000\u0000\u0000\u0000\u0000\u0000\u0000\u0000\u0000\u0000\u0000\u0000\u0000\u0000\u0000\u0000\u0000\u0000\u0000\u0000\u0000\u0000\u0000\u0000\u0000\u0000\u0000\u0000\u0000\u0000\u0000\u0000\u0000\u0000\u0000\u0000\u0000\u0000\u0000\u0000\u0000\u0000\u0000\u0000\u0000\u0000\u0000\u0000\u0000\u0000\u0000\u0000\u0000\u0000\u0000\u0000\u0000\u0000\u0000\u0000\u0000\u0000\u0000\u0000\u0000\u0000\u0000\u0000\u0000\u0000\u0000\u0000\u0000\u0000\u0000\u0000\u0000\u0000\u0000\u0000\u0000\u0000\u0000\u0000\u0000\u0000\u0000\u0000\u0000\u0000\u0000\u0000\u0000\u0000\u0000\u0000\u0000\u0000\u0000\u0000\u0000\u0000\u0000\u0000\u0000\u0000\u0000\u0000\u0000\u0000\u0000\u0000\u0000\u0000\u0000\u0000\u0000\u0000\u0000\u0000\u0000\u0000\u0000\u0000\u0000\u0000\u0000\u0000\u0000\u0000\u0000\u0000\u0000\u0000\u0000\u0000\u0000\u0000\u0000\u0000\u0000\u0000\u0000\u0000\u0000\u0000\u0000\u0000\u0000\u0000\u0000\u0000\u0000\u0000\u0000\u0000\u0000\u0000\u0000\u0000\u0000\u0000\u0000\u0000\u0000\u0000\u0000\u0000\u0000\u0000\u0000\u0000\u0000\u0000\u0000\u0000\u0000\u0000\u0000\u0000\u0000\u0000\u0000\u0000\u0000\u0000\u0000\u0000\u0000\u0000\u0000\u0000\u0000\u0000\u0000\u0000\u0000\u0000\u0000\u0000\u0000\u0000\u0000\u0000\u0000\u0000\u0000\u0000\u0000\u0000\u0000\u0000\u0000\u0000\u0000\u0000\u0000\u0000\u0000\u0000\u0000\u0000\u0000\u0000\u0000\u0000\u0000\u0000\u0000\u0000\u0000\u0000\u0000\u0000\u0000\u0000\u0000\u0000\u0000\u0000\u0000\u0000\u0000\u0000\u0000\u0000\u0000\u0000\u0000\u0000\u0000\u0000\u0000\u0000\u0000\u0000\u0000\u0000\u0000\u0000\u0000\u0000\u0000\u0000\u0000\u0000\u0000\u0000\u0000\u0000\u0000\u0000\u0000\u0000\u0000\u0000\u0000\u0000\u0000\u0000\u0000\u0000\u0000\u0000\u0000\u0000\u0000\u0000\u0000\u0000\u0000\u0000\u0000\u0000\u0000\u0000\u0000\u0000\u0000\u0000\u0000\u0000\u0000\u0000\u0000\u0000\u0000\u0000\u0000\u0000\u0000\u0000\u0000\u0000\u0000\u0000\u0000\u0000\u0000\u0000\u0000\u0000\u0000\u0000\u0000\u0000\u0000\u0000\u0000\u0000\u0000\u0000\u0000\u0000\u0000\u0000\u0000\u0000\u0000\u0000\u0000\u0000\u0000\u0000\u0000\u0000\u0000\u0000\u0000\u0000\u0000\u0000\u0000\u0000\u0000\u0000\u0000\u0000\u0000\u0000\u0000\u0000\u0000\u0000\u0000\u0000\u0000\u0000\u0000\u0000\u0000\u0000\u0000\u0000\u0000\u0000\u0000\u0000\u0000\u0000\u0000\u0000\u0000\u0000\u0000\u0000\u0000\u0000\u0000\u0000\u0000\u0000\u0000\u0000\u0000\u0000\u0000\u0000\u0000\u0000\u0000\u0000\u0000\u0000\u0000\u0000\u0000\u0000\u0000\u0000\u0000\u0000\u0000\u0000\u0000\u0000\u0000\u0000\u0000\u0000\u0000\u0000\u0000\u0000\u0000\u0000\u0000\u0000\u0000\u0000\u0000\u0000\u0000\u0000\u0000\u0000\u0000\u0000\u0000\u0000\u0000\u0000\u0000\u0000\u0000\u0000\u0000\u0000\u0000\u0000\u0000\u0000\u0000\u0000\u0000\u0000\u0000"
    },
    {
      "RequestUri": "https://amandapreprod.file.core.windows.net/test-share-cf504573-bfe8-b7bb-0c36-8dd9a1f54fbf/sourceFolder/pik/test-file-95f5833b-a066-4430-2f01-c3cf6d747003",
      "RequestMethod": "HEAD",
      "RequestHeaders": {
        "Accept": "application/xml",
        "Authorization": "Sanitized",
        "traceparent": "00-cef6d8d9521b764163a87b5f8a03b88a-4795c31076c08fd7-00",
        "User-Agent": "azsdk-net-Storage.Files.Shares/12.23.0-alpha.20250515.1 (.NET 8.0.16; Microsoft Windows 10.0.26100)",
        "x-ms-client-request-id": "Sanitized",
        "x-ms-date": "Thu, 15 May 2025 21:32:47 GMT",
        "x-ms-return-client-request-id": "true",
        "x-ms-version": "2025-07-05"
      },
      "RequestBody": null,
      "StatusCode": 200,
      "ResponseHeaders": {
        "Content-Length": "1024",
        "Content-Type": "application/octet-stream",
        "Date": "Thu, 15 May 2025 21:32:46 GMT",
        "ETag": "\"0x8DD93F808532FB5\"",
        "Last-Modified": "Thu, 15 May 2025 21:32:45 GMT",
        "Server": [
          "Windows-Azure-File/1.0",
          "Microsoft-HTTPAPI/2.0"
        ],
        "x-ms-client-request-id": "Sanitized",
        "x-ms-file-attributes": "Archive",
        "x-ms-file-change-time": "2025-05-15T21:32:45.7320373Z",
        "x-ms-file-creation-time": "2025-05-15T21:32:45.7320373Z",
        "x-ms-file-id": "17293892937846882304",
        "x-ms-file-last-write-time": "2025-05-15T21:32:45.7320373Z",
        "x-ms-file-parent-id": "12682206919419494400",
        "x-ms-file-permission-key": "12626496306092130501*547956186189310027",
        "x-ms-lease-state": "available",
        "x-ms-lease-status": "unlocked",
        "x-ms-request-id": "62408b0f-001a-0028-52e0-c5c11c000000",
        "x-ms-server-encrypted": "true",
        "x-ms-type": "File",
        "x-ms-version": "2025-07-05"
      },
      "ResponseBody": null
    },
    {
      "RequestUri": "https://amandapreprod.blob.core.windows.net/test-container-e3176a7b-14a7-deaa-a4b0-5864c42b414c/destFolder/pik/test-file-95f5833b-a066-4430-2f01-c3cf6d747003",
      "RequestMethod": "HEAD",
      "RequestHeaders": {
        "Accept": "application/xml",
        "Authorization": "Sanitized",
        "traceparent": "00-855bffc14d04f59143bf67165a3b9d32-9974f73d9c1d189a-00",
        "User-Agent": "azsdk-net-Storage.Blobs/12.25.0-alpha.20250515.1 (.NET 8.0.16; Microsoft Windows 10.0.26100)",
        "x-ms-client-request-id": "Sanitized",
        "x-ms-date": "Thu, 15 May 2025 21:32:47 GMT",
        "x-ms-return-client-request-id": "true",
        "x-ms-version": "2025-07-05"
      },
      "RequestBody": null,
      "StatusCode": 200,
      "ResponseHeaders": {
        "Accept-Ranges": "bytes",
        "Cache-Control": "no-cache",
        "Content-Disposition": "inline",
        "Content-Language": "en-US",
        "Content-Length": "1024",
        "Content-MD5": "DzQ7CTESaiDxM9Z8KwGKOw==",
        "Content-Type": "text/plain",
        "Date": "Thu, 15 May 2025 21:32:46 GMT",
        "ETag": "\"0x8DD93F808A1B045\"",
        "Last-Modified": "Thu, 15 May 2025 21:32:46 GMT",
        "Server": [
          "Windows-Azure-Blob/1.0",
          "Microsoft-HTTPAPI/2.0"
        ],
        "x-ms-access-tier": "Cold",
        "x-ms-access-tier-change-time": "Thu, 15 May 2025 21:32:46 GMT",
        "x-ms-blob-type": "BlockBlob",
        "x-ms-client-request-id": "Sanitized",
        "x-ms-creation-time": "Thu, 15 May 2025 21:32:46 GMT",
        "x-ms-lease-state": "available",
        "x-ms-lease-status": "unlocked",
        "x-ms-meta-Capital": "letter",
        "x-ms-meta-foo": "bar",
        "x-ms-meta-meta": "data",
        "x-ms-meta-UPPER": "case",
        "x-ms-request-id": "0319f554-501e-000a-63e0-c50403000000",
        "x-ms-server-encrypted": "true",
        "x-ms-version": "2025-07-05"
      },
      "ResponseBody": null
    },
    {
      "RequestUri": "https://amandapreprod.file.core.windows.net/test-share-cf504573-bfe8-b7bb-0c36-8dd9a1f54fbf/sourceFolder/pik/test-file-95f5833b-a066-4430-2f01-c3cf6d747003",
      "RequestMethod": "GET",
      "RequestHeaders": {
        "Accept": "application/xml",
        "Authorization": "Sanitized",
        "User-Agent": "azsdk-net-Storage.Files.Shares/12.23.0-alpha.20250515.1 (.NET 8.0.16; Microsoft Windows 10.0.26100)",
        "x-ms-client-request-id": "Sanitized",
        "x-ms-date": "Thu, 15 May 2025 21:32:47 GMT",
        "x-ms-range": "bytes=0-1023",
        "x-ms-return-client-request-id": "true",
        "x-ms-version": "2025-07-05"
      },
      "RequestBody": null,
      "StatusCode": 206,
      "ResponseHeaders": {
        "Accept-Ranges": "bytes",
        "Content-Length": "1024",
        "Content-Range": "bytes 0-1023/1024",
        "Content-Type": "application/octet-stream",
        "Date": "Thu, 15 May 2025 21:32:47 GMT",
        "ETag": "\"0x8DD93F808532FB5\"",
        "Last-Modified": "Thu, 15 May 2025 21:32:45 GMT",
        "Server": [
          "Windows-Azure-File/1.0",
          "Microsoft-HTTPAPI/2.0"
        ],
        "x-ms-client-request-id": "Sanitized",
        "x-ms-file-attributes": "Archive",
        "x-ms-file-change-time": "2025-05-15T21:32:45.7320373Z",
        "x-ms-file-creation-time": "2025-05-15T21:32:45.7320373Z",
        "x-ms-file-id": "17293892937846882304",
        "x-ms-file-last-write-time": "2025-05-15T21:32:45.7320373Z",
        "x-ms-file-parent-id": "12682206919419494400",
        "x-ms-file-permission-key": "12626496306092130501*547956186189310027",
        "x-ms-lease-state": "available",
        "x-ms-lease-status": "unlocked",
        "x-ms-request-id": "62408b13-001a-0028-56e0-c5c11c000000",
        "x-ms-server-encrypted": "true",
        "x-ms-type": "File",
        "x-ms-version": "2025-07-05"
      },
      "ResponseBody": "AAAAAAAAAAAAAAAAAAAAAAAAAAAAAAAAAAAAAAAAAAAAAAAAAAAAAAAAAAAAAAAAAAAAAAAAAAAAAAAAAAAAAAAAAAAAAAAAAAAAAAAAAAAAAAAAAAAAAAAAAAAAAAAAAAAAAAAAAAAAAAAAAAAAAAAAAAAAAAAAAAAAAAAAAAAAAAAAAAAAAAAAAAAAAAAAAAAAAAAAAAAAAAAAAAAAAAAAAAAAAAAAAAAAAAAAAAAAAAAAAAAAAAAAAAAAAAAAAAAAAAAAAAAAAAAAAAAAAAAAAAAAAAAAAAAAAAAAAAAAAAAAAAAAAAAAAAAAAAAAAAAAAAAAAAAAAAAAAAAAAAAAAAAAAAAAAAAAAAAAAAAAAAAAAAAAAAAAAAAAAAAAAAAAAAAAAAAAAAAAAAAAAAAAAAAAAAAAAAAAAAAAAAAAAAAAAAAAAAAAAAAAAAAAAAAAAAAAAAAAAAAAAAAAAAAAAAAAAAAAAAAAAAAAAAAAAAAAAAAAAAAAAAAAAAAAAAAAAAAAAAAAAAAAAAAAAAAAAAAAAAAAAAAAAAAAAAAAAAAAAAAAAAAAAAAAAAAAAAAAAAAAAAAAAAAAAAAAAAAAAAAAAAAAAAAAAAAAAAAAAAAAAAAAAAAAAAAAAAAAAAAAAAAAAAAAAAAAAAAAAAAAAAAAAAAAAAAAAAAAAAAAAAAAAAAAAAAAAAAAAAAAAAAAAAAAAAAAAAAAAAAAAAAAAAAAAAAAAAAAAAAAAAAAAAAAAAAAAAAAAAAAAAAAAAAAAAAAAAAAAAAAAAAAAAAAAAAAAAAAAAAAAAAAAAAAAAAAAAAAAAAAAAAAAAAAAAAAAAAAAAAAAAAAAAAAAAAAAAAAAAAAAAAAAAAAAAAAAAAAAAAAAAAAAAAAAAAAAAAAAAAAAAAAAAAAAAAAAAAAAAAAAAAAAAAAAAAAAAAAAAAAAAAAAAAAAAAAAAAAAAAAAAAAAAAAAAAAAAAAAAAAAAAAAAAAAAAAAAAAAAAAAAAAAAAAAAAAAAAAAAAAAAAAAAAAAAAAAAAAAAAAAAAAAAAAAAAAAAAAAAAAAAAAAAAAAAAAAAAAAAAAAAAAAAAAAAAAAAAAAAAAAAAAAAAAAAAAAAAAAAAAAAAAAAAAAAAAAAAAAAAAAAAAAAAAAAAAAAAAAAAAAAAAAAAAAAAAAAAAAAAAAAAAAAAAAAAAAAAAAAAAAAAAAAAAAAAAAAAAAAAAAAAAAAAAAAAAAAAAAAAAAAAAAAAAAAAAAAAAAAAAAAAAAAAAAAAAAAAAAAAAAAAAAAAAAAAAAAAAAAAAAAAAAAAAAAAAAAAAAAAAAAAAAAAAAAAAAAAAAAAAAAAAAAAAAAAAAAAAAAAAAA=="
    },
    {
      "RequestUri": "https://amandapreprod.blob.core.windows.net/test-container-e3176a7b-14a7-deaa-a4b0-5864c42b414c/destFolder/pik/test-file-95f5833b-a066-4430-2f01-c3cf6d747003",
      "RequestMethod": "GET",
      "RequestHeaders": {
        "Accept": "application/xml",
        "Authorization": "Sanitized",
        "If-Match": "\"0x8DD93F808A1B045\"",
        "User-Agent": "azsdk-net-Storage.Blobs/12.25.0-alpha.20250515.1 (.NET 8.0.16; Microsoft Windows 10.0.26100)",
        "x-ms-client-request-id": "Sanitized",
        "x-ms-date": "Thu, 15 May 2025 21:32:47 GMT",
        "x-ms-range": "bytes=0-1023",
        "x-ms-return-client-request-id": "true",
        "x-ms-version": "2025-07-05"
      },
      "RequestBody": null,
      "StatusCode": 206,
      "ResponseHeaders": {
        "Accept-Ranges": "bytes",
        "Cache-Control": "no-cache",
        "Content-Disposition": "inline",
        "Content-Language": "en-US",
        "Content-Length": "1024",
        "Content-Range": "bytes 0-1023/1024",
        "Content-Type": "text/plain",
        "Date": "Thu, 15 May 2025 21:32:47 GMT",
        "ETag": "\"0x8DD93F808A1B045\"",
        "Last-Modified": "Thu, 15 May 2025 21:32:46 GMT",
        "Server": [
          "Windows-Azure-Blob/1.0",
          "Microsoft-HTTPAPI/2.0"
        ],
        "x-ms-blob-content-md5": "DzQ7CTESaiDxM9Z8KwGKOw==",
        "x-ms-blob-type": "BlockBlob",
        "x-ms-client-request-id": "Sanitized",
        "x-ms-creation-time": "Thu, 15 May 2025 21:32:46 GMT",
        "x-ms-lease-state": "available",
        "x-ms-lease-status": "unlocked",
        "x-ms-meta-Capital": "letter",
        "x-ms-meta-foo": "bar",
        "x-ms-meta-meta": "data",
        "x-ms-meta-UPPER": "case",
        "x-ms-request-id": "0319f588-501e-000a-17e0-c50403000000",
        "x-ms-server-encrypted": "true",
        "x-ms-version": "2025-07-05"
      },
      "ResponseBody": "\u0000\u0000\u0000\u0000\u0000\u0000\u0000\u0000\u0000\u0000\u0000\u0000\u0000\u0000\u0000\u0000\u0000\u0000\u0000\u0000\u0000\u0000\u0000\u0000\u0000\u0000\u0000\u0000\u0000\u0000\u0000\u0000\u0000\u0000\u0000\u0000\u0000\u0000\u0000\u0000\u0000\u0000\u0000\u0000\u0000\u0000\u0000\u0000\u0000\u0000\u0000\u0000\u0000\u0000\u0000\u0000\u0000\u0000\u0000\u0000\u0000\u0000\u0000\u0000\u0000\u0000\u0000\u0000\u0000\u0000\u0000\u0000\u0000\u0000\u0000\u0000\u0000\u0000\u0000\u0000\u0000\u0000\u0000\u0000\u0000\u0000\u0000\u0000\u0000\u0000\u0000\u0000\u0000\u0000\u0000\u0000\u0000\u0000\u0000\u0000\u0000\u0000\u0000\u0000\u0000\u0000\u0000\u0000\u0000\u0000\u0000\u0000\u0000\u0000\u0000\u0000\u0000\u0000\u0000\u0000\u0000\u0000\u0000\u0000\u0000\u0000\u0000\u0000\u0000\u0000\u0000\u0000\u0000\u0000\u0000\u0000\u0000\u0000\u0000\u0000\u0000\u0000\u0000\u0000\u0000\u0000\u0000\u0000\u0000\u0000\u0000\u0000\u0000\u0000\u0000\u0000\u0000\u0000\u0000\u0000\u0000\u0000\u0000\u0000\u0000\u0000\u0000\u0000\u0000\u0000\u0000\u0000\u0000\u0000\u0000\u0000\u0000\u0000\u0000\u0000\u0000\u0000\u0000\u0000\u0000\u0000\u0000\u0000\u0000\u0000\u0000\u0000\u0000\u0000\u0000\u0000\u0000\u0000\u0000\u0000\u0000\u0000\u0000\u0000\u0000\u0000\u0000\u0000\u0000\u0000\u0000\u0000\u0000\u0000\u0000\u0000\u0000\u0000\u0000\u0000\u0000\u0000\u0000\u0000\u0000\u0000\u0000\u0000\u0000\u0000\u0000\u0000\u0000\u0000\u0000\u0000\u0000\u0000\u0000\u0000\u0000\u0000\u0000\u0000\u0000\u0000\u0000\u0000\u0000\u0000\u0000\u0000\u0000\u0000\u0000\u0000\u0000\u0000\u0000\u0000\u0000\u0000\u0000\u0000\u0000\u0000\u0000\u0000\u0000\u0000\u0000\u0000\u0000\u0000\u0000\u0000\u0000\u0000\u0000\u0000\u0000\u0000\u0000\u0000\u0000\u0000\u0000\u0000\u0000\u0000\u0000\u0000\u0000\u0000\u0000\u0000\u0000\u0000\u0000\u0000\u0000\u0000\u0000\u0000\u0000\u0000\u0000\u0000\u0000\u0000\u0000\u0000\u0000\u0000\u0000\u0000\u0000\u0000\u0000\u0000\u0000\u0000\u0000\u0000\u0000\u0000\u0000\u0000\u0000\u0000\u0000\u0000\u0000\u0000\u0000\u0000\u0000\u0000\u0000\u0000\u0000\u0000\u0000\u0000\u0000\u0000\u0000\u0000\u0000\u0000\u0000\u0000\u0000\u0000\u0000\u0000\u0000\u0000\u0000\u0000\u0000\u0000\u0000\u0000\u0000\u0000\u0000\u0000\u0000\u0000\u0000\u0000\u0000\u0000\u0000\u0000\u0000\u0000\u0000\u0000\u0000\u0000\u0000\u0000\u0000\u0000\u0000\u0000\u0000\u0000\u0000\u0000\u0000\u0000\u0000\u0000\u0000\u0000\u0000\u0000\u0000\u0000\u0000\u0000\u0000\u0000\u0000\u0000\u0000\u0000\u0000\u0000\u0000\u0000\u0000\u0000\u0000\u0000\u0000\u0000\u0000\u0000\u0000\u0000\u0000\u0000\u0000\u0000\u0000\u0000\u0000\u0000\u0000\u0000\u0000\u0000\u0000\u0000\u0000\u0000\u0000\u0000\u0000\u0000\u0000\u0000\u0000\u0000\u0000\u0000\u0000\u0000\u0000\u0000\u0000\u0000\u0000\u0000\u0000\u0000\u0000\u0000\u0000\u0000\u0000\u0000\u0000\u0000\u0000\u0000\u0000\u0000\u0000\u0000\u0000\u0000\u0000\u0000\u0000\u0000\u0000\u0000\u0000\u0000\u0000\u0000\u0000\u0000\u0000\u0000\u0000\u0000\u0000\u0000\u0000\u0000\u0000\u0000\u0000\u0000\u0000\u0000\u0000\u0000\u0000\u0000\u0000\u0000\u0000\u0000\u0000\u0000\u0000\u0000\u0000\u0000\u0000\u0000\u0000\u0000\u0000\u0000\u0000\u0000\u0000\u0000\u0000\u0000\u0000\u0000\u0000\u0000\u0000\u0000\u0000\u0000\u0000\u0000\u0000\u0000\u0000\u0000\u0000\u0000\u0000\u0000\u0000\u0000\u0000\u0000\u0000\u0000\u0000\u0000\u0000\u0000\u0000\u0000\u0000\u0000\u0000\u0000\u0000\u0000\u0000\u0000\u0000\u0000\u0000\u0000\u0000\u0000\u0000\u0000\u0000\u0000\u0000\u0000\u0000\u0000\u0000\u0000\u0000\u0000\u0000\u0000\u0000\u0000\u0000\u0000\u0000\u0000\u0000\u0000\u0000\u0000\u0000\u0000\u0000\u0000\u0000\u0000\u0000\u0000\u0000\u0000\u0000\u0000\u0000\u0000\u0000\u0000\u0000\u0000\u0000\u0000\u0000\u0000\u0000\u0000\u0000\u0000\u0000\u0000\u0000\u0000\u0000\u0000\u0000\u0000\u0000\u0000\u0000\u0000\u0000\u0000\u0000\u0000\u0000\u0000\u0000\u0000\u0000\u0000\u0000\u0000\u0000\u0000\u0000\u0000\u0000\u0000\u0000\u0000\u0000\u0000\u0000\u0000\u0000\u0000\u0000\u0000\u0000\u0000\u0000\u0000\u0000\u0000\u0000\u0000\u0000\u0000\u0000\u0000\u0000\u0000\u0000\u0000\u0000\u0000\u0000\u0000\u0000\u0000\u0000\u0000\u0000\u0000\u0000\u0000\u0000\u0000\u0000\u0000\u0000\u0000\u0000\u0000\u0000\u0000\u0000\u0000\u0000\u0000\u0000\u0000\u0000\u0000\u0000\u0000\u0000\u0000\u0000\u0000\u0000\u0000\u0000\u0000\u0000\u0000\u0000\u0000\u0000\u0000\u0000\u0000\u0000\u0000\u0000\u0000\u0000\u0000\u0000\u0000\u0000\u0000\u0000\u0000\u0000\u0000\u0000\u0000\u0000\u0000\u0000\u0000\u0000\u0000\u0000\u0000\u0000\u0000\u0000\u0000\u0000\u0000\u0000\u0000\u0000\u0000\u0000\u0000\u0000\u0000\u0000\u0000\u0000\u0000\u0000\u0000\u0000\u0000\u0000\u0000\u0000\u0000\u0000\u0000\u0000\u0000\u0000\u0000\u0000\u0000\u0000\u0000\u0000\u0000\u0000\u0000\u0000\u0000\u0000\u0000\u0000\u0000\u0000\u0000\u0000\u0000\u0000\u0000\u0000\u0000\u0000\u0000\u0000\u0000\u0000\u0000\u0000\u0000\u0000\u0000\u0000\u0000\u0000\u0000\u0000\u0000\u0000\u0000\u0000\u0000\u0000\u0000\u0000\u0000\u0000\u0000\u0000\u0000\u0000\u0000\u0000\u0000\u0000\u0000\u0000\u0000\u0000\u0000\u0000\u0000\u0000\u0000\u0000\u0000\u0000\u0000\u0000\u0000\u0000\u0000\u0000\u0000\u0000\u0000\u0000\u0000\u0000\u0000\u0000\u0000\u0000\u0000\u0000\u0000\u0000\u0000\u0000\u0000\u0000\u0000\u0000\u0000\u0000\u0000\u0000\u0000\u0000\u0000\u0000\u0000\u0000\u0000\u0000\u0000\u0000\u0000\u0000\u0000\u0000\u0000\u0000\u0000\u0000\u0000\u0000\u0000\u0000\u0000\u0000\u0000\u0000\u0000\u0000\u0000\u0000\u0000\u0000\u0000\u0000\u0000\u0000\u0000\u0000\u0000\u0000\u0000\u0000\u0000\u0000\u0000\u0000\u0000\u0000\u0000\u0000\u0000\u0000\u0000\u0000\u0000\u0000\u0000\u0000\u0000\u0000\u0000\u0000\u0000\u0000\u0000\u0000\u0000\u0000\u0000\u0000\u0000\u0000\u0000\u0000\u0000\u0000\u0000\u0000\u0000\u0000\u0000\u0000\u0000\u0000\u0000\u0000\u0000\u0000\u0000\u0000\u0000\u0000\u0000\u0000\u0000\u0000\u0000\u0000\u0000\u0000\u0000\u0000\u0000\u0000\u0000\u0000\u0000\u0000\u0000\u0000\u0000\u0000\u0000\u0000\u0000\u0000\u0000\u0000\u0000\u0000\u0000\u0000\u0000\u0000\u0000\u0000\u0000\u0000\u0000\u0000\u0000\u0000\u0000\u0000\u0000\u0000\u0000\u0000\u0000\u0000\u0000\u0000\u0000\u0000\u0000"
    },
    {
      "RequestUri": "https://amandapreprod.file.core.windows.net/test-share-cf504573-bfe8-b7bb-0c36-8dd9a1f54fbf/sourceFolder/test-file-5dd5fc66-6f6e-242d-16f7-c26574d53494",
      "RequestMethod": "HEAD",
      "RequestHeaders": {
        "Accept": "application/xml",
        "Authorization": "Sanitized",
        "traceparent": "00-2c108e6e87e65aedfb5fbab9a052802a-1edfb5fa1e9610a4-00",
        "User-Agent": "azsdk-net-Storage.Files.Shares/12.23.0-alpha.20250515.1 (.NET 8.0.16; Microsoft Windows 10.0.26100)",
        "x-ms-client-request-id": "Sanitized",
        "x-ms-date": "Thu, 15 May 2025 21:32:48 GMT",
        "x-ms-return-client-request-id": "true",
        "x-ms-version": "2025-07-05"
      },
      "RequestBody": null,
      "StatusCode": 200,
      "ResponseHeaders": {
        "Content-Length": "1024",
        "Content-Type": "application/octet-stream",
        "Date": "Thu, 15 May 2025 21:32:47 GMT",
        "ETag": "\"0x8DD93F808268574\"",
        "Last-Modified": "Thu, 15 May 2025 21:32:45 GMT",
        "Server": [
          "Windows-Azure-File/1.0",
          "Microsoft-HTTPAPI/2.0"
        ],
        "x-ms-client-request-id": "Sanitized",
        "x-ms-file-attributes": "Archive",
        "x-ms-file-change-time": "2025-05-15T21:32:45.4393204Z",
        "x-ms-file-creation-time": "2025-05-15T21:32:45.4393204Z",
        "x-ms-file-id": "11529285414812647424",
        "x-ms-file-last-write-time": "2025-05-15T21:32:45.4393204Z",
        "x-ms-file-parent-id": "13835128424026341376",
        "x-ms-file-permission-key": "12626496306092130501*547956186189310027",
        "x-ms-lease-state": "available",
        "x-ms-lease-status": "unlocked",
        "x-ms-request-id": "62408b1a-001a-0028-5be0-c5c11c000000",
        "x-ms-server-encrypted": "true",
        "x-ms-type": "File",
        "x-ms-version": "2025-07-05"
      },
      "ResponseBody": null
    },
    {
      "RequestUri": "https://amandapreprod.blob.core.windows.net/test-container-e3176a7b-14a7-deaa-a4b0-5864c42b414c/destFolder/test-file-5dd5fc66-6f6e-242d-16f7-c26574d53494",
      "RequestMethod": "HEAD",
      "RequestHeaders": {
        "Accept": "application/xml",
        "Authorization": "Sanitized",
        "traceparent": "00-f51139baef103255bc1dfee68eff64a5-26098bc25d4a06bd-00",
        "User-Agent": "azsdk-net-Storage.Blobs/12.25.0-alpha.20250515.1 (.NET 8.0.16; Microsoft Windows 10.0.26100)",
        "x-ms-client-request-id": "Sanitized",
        "x-ms-date": "Thu, 15 May 2025 21:32:48 GMT",
        "x-ms-return-client-request-id": "true",
        "x-ms-version": "2025-07-05"
      },
      "RequestBody": null,
      "StatusCode": 200,
      "ResponseHeaders": {
        "Accept-Ranges": "bytes",
        "Cache-Control": "no-cache",
        "Content-Disposition": "inline",
        "Content-Language": "en-US",
        "Content-Length": "1024",
        "Content-MD5": "DzQ7CTESaiDxM9Z8KwGKOw==",
        "Content-Type": "text/plain",
        "Date": "Thu, 15 May 2025 21:32:47 GMT",
        "ETag": "\"0x8DD93F80893B633\"",
        "Last-Modified": "Thu, 15 May 2025 21:32:46 GMT",
        "Server": [
          "Windows-Azure-Blob/1.0",
          "Microsoft-HTTPAPI/2.0"
        ],
        "x-ms-access-tier": "Cold",
        "x-ms-access-tier-change-time": "Thu, 15 May 2025 21:32:46 GMT",
        "x-ms-blob-type": "BlockBlob",
        "x-ms-client-request-id": "Sanitized",
        "x-ms-creation-time": "Thu, 15 May 2025 21:32:46 GMT",
        "x-ms-lease-state": "available",
        "x-ms-lease-status": "unlocked",
        "x-ms-meta-Capital": "letter",
        "x-ms-meta-foo": "bar",
        "x-ms-meta-meta": "data",
        "x-ms-meta-UPPER": "case",
        "x-ms-request-id": "0319f5b8-501e-000a-45e0-c50403000000",
        "x-ms-server-encrypted": "true",
        "x-ms-version": "2025-07-05"
      },
      "ResponseBody": null
    },
    {
      "RequestUri": "https://amandapreprod.file.core.windows.net/test-share-cf504573-bfe8-b7bb-0c36-8dd9a1f54fbf/sourceFolder/test-file-5dd5fc66-6f6e-242d-16f7-c26574d53494",
      "RequestMethod": "GET",
      "RequestHeaders": {
        "Accept": "application/xml",
        "Authorization": "Sanitized",
        "User-Agent": "azsdk-net-Storage.Files.Shares/12.23.0-alpha.20250515.1 (.NET 8.0.16; Microsoft Windows 10.0.26100)",
        "x-ms-client-request-id": "Sanitized",
        "x-ms-date": "Thu, 15 May 2025 21:32:48 GMT",
        "x-ms-range": "bytes=0-1023",
        "x-ms-return-client-request-id": "true",
        "x-ms-version": "2025-07-05"
      },
      "RequestBody": null,
      "StatusCode": 206,
      "ResponseHeaders": {
        "Accept-Ranges": "bytes",
        "Content-Length": "1024",
        "Content-Range": "bytes 0-1023/1024",
        "Content-Type": "application/octet-stream",
        "Date": "Thu, 15 May 2025 21:32:47 GMT",
        "ETag": "\"0x8DD93F808268574\"",
        "Last-Modified": "Thu, 15 May 2025 21:32:45 GMT",
        "Server": [
          "Windows-Azure-File/1.0",
          "Microsoft-HTTPAPI/2.0"
        ],
        "x-ms-client-request-id": "Sanitized",
        "x-ms-file-attributes": "Archive",
        "x-ms-file-change-time": "2025-05-15T21:32:45.4393204Z",
        "x-ms-file-creation-time": "2025-05-15T21:32:45.4393204Z",
        "x-ms-file-id": "11529285414812647424",
        "x-ms-file-last-write-time": "2025-05-15T21:32:45.4393204Z",
        "x-ms-file-parent-id": "13835128424026341376",
        "x-ms-file-permission-key": "12626496306092130501*547956186189310027",
        "x-ms-lease-state": "available",
        "x-ms-lease-status": "unlocked",
        "x-ms-request-id": "62408b1f-001a-0028-60e0-c5c11c000000",
        "x-ms-server-encrypted": "true",
        "x-ms-type": "File",
        "x-ms-version": "2025-07-05"
      },
      "ResponseBody": "AAAAAAAAAAAAAAAAAAAAAAAAAAAAAAAAAAAAAAAAAAAAAAAAAAAAAAAAAAAAAAAAAAAAAAAAAAAAAAAAAAAAAAAAAAAAAAAAAAAAAAAAAAAAAAAAAAAAAAAAAAAAAAAAAAAAAAAAAAAAAAAAAAAAAAAAAAAAAAAAAAAAAAAAAAAAAAAAAAAAAAAAAAAAAAAAAAAAAAAAAAAAAAAAAAAAAAAAAAAAAAAAAAAAAAAAAAAAAAAAAAAAAAAAAAAAAAAAAAAAAAAAAAAAAAAAAAAAAAAAAAAAAAAAAAAAAAAAAAAAAAAAAAAAAAAAAAAAAAAAAAAAAAAAAAAAAAAAAAAAAAAAAAAAAAAAAAAAAAAAAAAAAAAAAAAAAAAAAAAAAAAAAAAAAAAAAAAAAAAAAAAAAAAAAAAAAAAAAAAAAAAAAAAAAAAAAAAAAAAAAAAAAAAAAAAAAAAAAAAAAAAAAAAAAAAAAAAAAAAAAAAAAAAAAAAAAAAAAAAAAAAAAAAAAAAAAAAAAAAAAAAAAAAAAAAAAAAAAAAAAAAAAAAAAAAAAAAAAAAAAAAAAAAAAAAAAAAAAAAAAAAAAAAAAAAAAAAAAAAAAAAAAAAAAAAAAAAAAAAAAAAAAAAAAAAAAAAAAAAAAAAAAAAAAAAAAAAAAAAAAAAAAAAAAAAAAAAAAAAAAAAAAAAAAAAAAAAAAAAAAAAAAAAAAAAAAAAAAAAAAAAAAAAAAAAAAAAAAAAAAAAAAAAAAAAAAAAAAAAAAAAAAAAAAAAAAAAAAAAAAAAAAAAAAAAAAAAAAAAAAAAAAAAAAAAAAAAAAAAAAAAAAAAAAAAAAAAAAAAAAAAAAAAAAAAAAAAAAAAAAAAAAAAAAAAAAAAAAAAAAAAAAAAAAAAAAAAAAAAAAAAAAAAAAAAAAAAAAAAAAAAAAAAAAAAAAAAAAAAAAAAAAAAAAAAAAAAAAAAAAAAAAAAAAAAAAAAAAAAAAAAAAAAAAAAAAAAAAAAAAAAAAAAAAAAAAAAAAAAAAAAAAAAAAAAAAAAAAAAAAAAAAAAAAAAAAAAAAAAAAAAAAAAAAAAAAAAAAAAAAAAAAAAAAAAAAAAAAAAAAAAAAAAAAAAAAAAAAAAAAAAAAAAAAAAAAAAAAAAAAAAAAAAAAAAAAAAAAAAAAAAAAAAAAAAAAAAAAAAAAAAAAAAAAAAAAAAAAAAAAAAAAAAAAAAAAAAAAAAAAAAAAAAAAAAAAAAAAAAAAAAAAAAAAAAAAAAAAAAAAAAAAAAAAAAAAAAAAAAAAAAAAAAAAAAAAAAAAAAAAAAAAAAAAAAAAAAAAAAAAAAAAAAAAAAAAAAAAAAAAAAAAAAAAAAAAAAAAAAAAAAAAA=="
    },
    {
      "RequestUri": "https://amandapreprod.blob.core.windows.net/test-container-e3176a7b-14a7-deaa-a4b0-5864c42b414c/destFolder/test-file-5dd5fc66-6f6e-242d-16f7-c26574d53494",
      "RequestMethod": "GET",
      "RequestHeaders": {
        "Accept": "application/xml",
        "Authorization": "Sanitized",
        "If-Match": "\"0x8DD93F80893B633\"",
        "User-Agent": "azsdk-net-Storage.Blobs/12.25.0-alpha.20250515.1 (.NET 8.0.16; Microsoft Windows 10.0.26100)",
        "x-ms-client-request-id": "Sanitized",
        "x-ms-date": "Thu, 15 May 2025 21:32:48 GMT",
        "x-ms-range": "bytes=0-1023",
        "x-ms-return-client-request-id": "true",
        "x-ms-version": "2025-07-05"
      },
      "RequestBody": null,
      "StatusCode": 206,
      "ResponseHeaders": {
        "Accept-Ranges": "bytes",
        "Cache-Control": "no-cache",
        "Content-Disposition": "inline",
        "Content-Language": "en-US",
        "Content-Length": "1024",
        "Content-Range": "bytes 0-1023/1024",
        "Content-Type": "text/plain",
        "Date": "Thu, 15 May 2025 21:32:47 GMT",
        "ETag": "\"0x8DD93F80893B633\"",
        "Last-Modified": "Thu, 15 May 2025 21:32:46 GMT",
        "Server": [
          "Windows-Azure-Blob/1.0",
          "Microsoft-HTTPAPI/2.0"
        ],
        "x-ms-blob-content-md5": "DzQ7CTESaiDxM9Z8KwGKOw==",
        "x-ms-blob-type": "BlockBlob",
        "x-ms-client-request-id": "Sanitized",
        "x-ms-creation-time": "Thu, 15 May 2025 21:32:46 GMT",
        "x-ms-lease-state": "available",
        "x-ms-lease-status": "unlocked",
        "x-ms-meta-Capital": "letter",
        "x-ms-meta-foo": "bar",
        "x-ms-meta-meta": "data",
        "x-ms-meta-UPPER": "case",
        "x-ms-request-id": "0319f5f3-501e-000a-7de0-c50403000000",
        "x-ms-server-encrypted": "true",
        "x-ms-version": "2025-07-05"
      },
      "ResponseBody": "\u0000\u0000\u0000\u0000\u0000\u0000\u0000\u0000\u0000\u0000\u0000\u0000\u0000\u0000\u0000\u0000\u0000\u0000\u0000\u0000\u0000\u0000\u0000\u0000\u0000\u0000\u0000\u0000\u0000\u0000\u0000\u0000\u0000\u0000\u0000\u0000\u0000\u0000\u0000\u0000\u0000\u0000\u0000\u0000\u0000\u0000\u0000\u0000\u0000\u0000\u0000\u0000\u0000\u0000\u0000\u0000\u0000\u0000\u0000\u0000\u0000\u0000\u0000\u0000\u0000\u0000\u0000\u0000\u0000\u0000\u0000\u0000\u0000\u0000\u0000\u0000\u0000\u0000\u0000\u0000\u0000\u0000\u0000\u0000\u0000\u0000\u0000\u0000\u0000\u0000\u0000\u0000\u0000\u0000\u0000\u0000\u0000\u0000\u0000\u0000\u0000\u0000\u0000\u0000\u0000\u0000\u0000\u0000\u0000\u0000\u0000\u0000\u0000\u0000\u0000\u0000\u0000\u0000\u0000\u0000\u0000\u0000\u0000\u0000\u0000\u0000\u0000\u0000\u0000\u0000\u0000\u0000\u0000\u0000\u0000\u0000\u0000\u0000\u0000\u0000\u0000\u0000\u0000\u0000\u0000\u0000\u0000\u0000\u0000\u0000\u0000\u0000\u0000\u0000\u0000\u0000\u0000\u0000\u0000\u0000\u0000\u0000\u0000\u0000\u0000\u0000\u0000\u0000\u0000\u0000\u0000\u0000\u0000\u0000\u0000\u0000\u0000\u0000\u0000\u0000\u0000\u0000\u0000\u0000\u0000\u0000\u0000\u0000\u0000\u0000\u0000\u0000\u0000\u0000\u0000\u0000\u0000\u0000\u0000\u0000\u0000\u0000\u0000\u0000\u0000\u0000\u0000\u0000\u0000\u0000\u0000\u0000\u0000\u0000\u0000\u0000\u0000\u0000\u0000\u0000\u0000\u0000\u0000\u0000\u0000\u0000\u0000\u0000\u0000\u0000\u0000\u0000\u0000\u0000\u0000\u0000\u0000\u0000\u0000\u0000\u0000\u0000\u0000\u0000\u0000\u0000\u0000\u0000\u0000\u0000\u0000\u0000\u0000\u0000\u0000\u0000\u0000\u0000\u0000\u0000\u0000\u0000\u0000\u0000\u0000\u0000\u0000\u0000\u0000\u0000\u0000\u0000\u0000\u0000\u0000\u0000\u0000\u0000\u0000\u0000\u0000\u0000\u0000\u0000\u0000\u0000\u0000\u0000\u0000\u0000\u0000\u0000\u0000\u0000\u0000\u0000\u0000\u0000\u0000\u0000\u0000\u0000\u0000\u0000\u0000\u0000\u0000\u0000\u0000\u0000\u0000\u0000\u0000\u0000\u0000\u0000\u0000\u0000\u0000\u0000\u0000\u0000\u0000\u0000\u0000\u0000\u0000\u0000\u0000\u0000\u0000\u0000\u0000\u0000\u0000\u0000\u0000\u0000\u0000\u0000\u0000\u0000\u0000\u0000\u0000\u0000\u0000\u0000\u0000\u0000\u0000\u0000\u0000\u0000\u0000\u0000\u0000\u0000\u0000\u0000\u0000\u0000\u0000\u0000\u0000\u0000\u0000\u0000\u0000\u0000\u0000\u0000\u0000\u0000\u0000\u0000\u0000\u0000\u0000\u0000\u0000\u0000\u0000\u0000\u0000\u0000\u0000\u0000\u0000\u0000\u0000\u0000\u0000\u0000\u0000\u0000\u0000\u0000\u0000\u0000\u0000\u0000\u0000\u0000\u0000\u0000\u0000\u0000\u0000\u0000\u0000\u0000\u0000\u0000\u0000\u0000\u0000\u0000\u0000\u0000\u0000\u0000\u0000\u0000\u0000\u0000\u0000\u0000\u0000\u0000\u0000\u0000\u0000\u0000\u0000\u0000\u0000\u0000\u0000\u0000\u0000\u0000\u0000\u0000\u0000\u0000\u0000\u0000\u0000\u0000\u0000\u0000\u0000\u0000\u0000\u0000\u0000\u0000\u0000\u0000\u0000\u0000\u0000\u0000\u0000\u0000\u0000\u0000\u0000\u0000\u0000\u0000\u0000\u0000\u0000\u0000\u0000\u0000\u0000\u0000\u0000\u0000\u0000\u0000\u0000\u0000\u0000\u0000\u0000\u0000\u0000\u0000\u0000\u0000\u0000\u0000\u0000\u0000\u0000\u0000\u0000\u0000\u0000\u0000\u0000\u0000\u0000\u0000\u0000\u0000\u0000\u0000\u0000\u0000\u0000\u0000\u0000\u0000\u0000\u0000\u0000\u0000\u0000\u0000\u0000\u0000\u0000\u0000\u0000\u0000\u0000\u0000\u0000\u0000\u0000\u0000\u0000\u0000\u0000\u0000\u0000\u0000\u0000\u0000\u0000\u0000\u0000\u0000\u0000\u0000\u0000\u0000\u0000\u0000\u0000\u0000\u0000\u0000\u0000\u0000\u0000\u0000\u0000\u0000\u0000\u0000\u0000\u0000\u0000\u0000\u0000\u0000\u0000\u0000\u0000\u0000\u0000\u0000\u0000\u0000\u0000\u0000\u0000\u0000\u0000\u0000\u0000\u0000\u0000\u0000\u0000\u0000\u0000\u0000\u0000\u0000\u0000\u0000\u0000\u0000\u0000\u0000\u0000\u0000\u0000\u0000\u0000\u0000\u0000\u0000\u0000\u0000\u0000\u0000\u0000\u0000\u0000\u0000\u0000\u0000\u0000\u0000\u0000\u0000\u0000\u0000\u0000\u0000\u0000\u0000\u0000\u0000\u0000\u0000\u0000\u0000\u0000\u0000\u0000\u0000\u0000\u0000\u0000\u0000\u0000\u0000\u0000\u0000\u0000\u0000\u0000\u0000\u0000\u0000\u0000\u0000\u0000\u0000\u0000\u0000\u0000\u0000\u0000\u0000\u0000\u0000\u0000\u0000\u0000\u0000\u0000\u0000\u0000\u0000\u0000\u0000\u0000\u0000\u0000\u0000\u0000\u0000\u0000\u0000\u0000\u0000\u0000\u0000\u0000\u0000\u0000\u0000\u0000\u0000\u0000\u0000\u0000\u0000\u0000\u0000\u0000\u0000\u0000\u0000\u0000\u0000\u0000\u0000\u0000\u0000\u0000\u0000\u0000\u0000\u0000\u0000\u0000\u0000\u0000\u0000\u0000\u0000\u0000\u0000\u0000\u0000\u0000\u0000\u0000\u0000\u0000\u0000\u0000\u0000\u0000\u0000\u0000\u0000\u0000\u0000\u0000\u0000\u0000\u0000\u0000\u0000\u0000\u0000\u0000\u0000\u0000\u0000\u0000\u0000\u0000\u0000\u0000\u0000\u0000\u0000\u0000\u0000\u0000\u0000\u0000\u0000\u0000\u0000\u0000\u0000\u0000\u0000\u0000\u0000\u0000\u0000\u0000\u0000\u0000\u0000\u0000\u0000\u0000\u0000\u0000\u0000\u0000\u0000\u0000\u0000\u0000\u0000\u0000\u0000\u0000\u0000\u0000\u0000\u0000\u0000\u0000\u0000\u0000\u0000\u0000\u0000\u0000\u0000\u0000\u0000\u0000\u0000\u0000\u0000\u0000\u0000\u0000\u0000\u0000\u0000\u0000\u0000\u0000\u0000\u0000\u0000\u0000\u0000\u0000\u0000\u0000\u0000\u0000\u0000\u0000\u0000\u0000\u0000\u0000\u0000\u0000\u0000\u0000\u0000\u0000\u0000\u0000\u0000\u0000\u0000\u0000\u0000\u0000\u0000\u0000\u0000\u0000\u0000\u0000\u0000\u0000\u0000\u0000\u0000\u0000\u0000\u0000\u0000\u0000\u0000\u0000\u0000\u0000\u0000\u0000\u0000\u0000\u0000\u0000\u0000\u0000\u0000\u0000\u0000\u0000\u0000\u0000\u0000\u0000\u0000\u0000\u0000\u0000\u0000\u0000\u0000\u0000\u0000\u0000\u0000\u0000\u0000\u0000\u0000\u0000\u0000\u0000\u0000\u0000\u0000\u0000\u0000\u0000\u0000\u0000\u0000\u0000\u0000\u0000\u0000\u0000\u0000\u0000\u0000\u0000\u0000\u0000\u0000\u0000\u0000\u0000\u0000\u0000\u0000\u0000\u0000\u0000\u0000\u0000\u0000\u0000\u0000\u0000\u0000\u0000\u0000\u0000\u0000\u0000\u0000\u0000\u0000\u0000\u0000\u0000\u0000\u0000\u0000\u0000\u0000\u0000\u0000\u0000\u0000\u0000\u0000\u0000\u0000\u0000\u0000\u0000\u0000\u0000\u0000\u0000\u0000\u0000\u0000\u0000\u0000\u0000\u0000\u0000\u0000\u0000\u0000\u0000\u0000\u0000\u0000\u0000\u0000\u0000\u0000\u0000\u0000\u0000\u0000\u0000\u0000\u0000\u0000\u0000\u0000\u0000\u0000\u0000\u0000\u0000\u0000\u0000\u0000\u0000\u0000\u0000\u0000\u0000\u0000\u0000\u0000\u0000\u0000\u0000\u0000"
    },
    {
      "RequestUri": "https://amandapreprod.file.core.windows.net/test-share-cf504573-bfe8-b7bb-0c36-8dd9a1f54fbf/sourceFolder/test-file-87b1a488-5918-fd0d-d1b1-9de4c6bf0c14",
      "RequestMethod": "HEAD",
      "RequestHeaders": {
        "Accept": "application/xml",
        "Authorization": "Sanitized",
        "traceparent": "00-3933850f8d95148f9a1734780db904dc-bb3d45ceeb3c93ca-00",
        "User-Agent": "azsdk-net-Storage.Files.Shares/12.23.0-alpha.20250515.1 (.NET 8.0.16; Microsoft Windows 10.0.26100)",
        "x-ms-client-request-id": "Sanitized",
        "x-ms-date": "Thu, 15 May 2025 21:32:48 GMT",
        "x-ms-return-client-request-id": "true",
        "x-ms-version": "2025-07-05"
      },
      "RequestBody": null,
      "StatusCode": 200,
      "ResponseHeaders": {
        "Content-Length": "1024",
        "Content-Type": "application/octet-stream",
        "Date": "Thu, 15 May 2025 21:32:47 GMT",
        "ETag": "\"0x8DD93F80830179B\"",
        "Last-Modified": "Thu, 15 May 2025 21:32:45 GMT",
        "Server": [
          "Windows-Azure-File/1.0",
          "Microsoft-HTTPAPI/2.0"
        ],
        "x-ms-client-request-id": "Sanitized",
        "x-ms-file-attributes": "Archive",
        "x-ms-file-change-time": "2025-05-15T21:32:45.5020443Z",
        "x-ms-file-creation-time": "2025-05-15T21:32:45.5020443Z",
        "x-ms-file-id": "16140971433240035328",
        "x-ms-file-last-write-time": "2025-05-15T21:32:45.5020443Z",
        "x-ms-file-parent-id": "13835128424026341376",
        "x-ms-file-permission-key": "12626496306092130501*547956186189310027",
        "x-ms-lease-state": "available",
        "x-ms-lease-status": "unlocked",
        "x-ms-request-id": "62408b23-001a-0028-64e0-c5c11c000000",
        "x-ms-server-encrypted": "true",
        "x-ms-type": "File",
        "x-ms-version": "2025-07-05"
      },
      "ResponseBody": null
    },
    {
      "RequestUri": "https://amandapreprod.blob.core.windows.net/test-container-e3176a7b-14a7-deaa-a4b0-5864c42b414c/destFolder/test-file-87b1a488-5918-fd0d-d1b1-9de4c6bf0c14",
      "RequestMethod": "HEAD",
      "RequestHeaders": {
        "Accept": "application/xml",
        "Authorization": "Sanitized",
        "traceparent": "00-4851a54a37219146196946f5758fd715-84472e423b6aebc7-00",
        "User-Agent": "azsdk-net-Storage.Blobs/12.25.0-alpha.20250515.1 (.NET 8.0.16; Microsoft Windows 10.0.26100)",
        "x-ms-client-request-id": "Sanitized",
        "x-ms-date": "Thu, 15 May 2025 21:32:48 GMT",
        "x-ms-return-client-request-id": "true",
        "x-ms-version": "2025-07-05"
      },
      "RequestBody": null,
      "StatusCode": 200,
      "ResponseHeaders": {
        "Accept-Ranges": "bytes",
        "Cache-Control": "no-cache",
        "Content-Disposition": "inline",
        "Content-Language": "en-US",
        "Content-Length": "1024",
        "Content-MD5": "DzQ7CTESaiDxM9Z8KwGKOw==",
        "Content-Type": "text/plain",
        "Date": "Thu, 15 May 2025 21:32:47 GMT",
        "ETag": "\"0x8DD93F8089403F3\"",
        "Last-Modified": "Thu, 15 May 2025 21:32:46 GMT",
        "Server": [
          "Windows-Azure-Blob/1.0",
          "Microsoft-HTTPAPI/2.0"
        ],
        "x-ms-access-tier": "Cold",
        "x-ms-access-tier-change-time": "Thu, 15 May 2025 21:32:46 GMT",
        "x-ms-blob-type": "BlockBlob",
        "x-ms-client-request-id": "Sanitized",
        "x-ms-creation-time": "Thu, 15 May 2025 21:32:46 GMT",
        "x-ms-lease-state": "available",
        "x-ms-lease-status": "unlocked",
        "x-ms-meta-Capital": "letter",
        "x-ms-meta-foo": "bar",
        "x-ms-meta-meta": "data",
        "x-ms-meta-UPPER": "case",
        "x-ms-request-id": "0319f636-501e-000a-3ee0-c50403000000",
        "x-ms-server-encrypted": "true",
        "x-ms-version": "2025-07-05"
      },
      "ResponseBody": null
    },
    {
      "RequestUri": "https://amandapreprod.file.core.windows.net/test-share-cf504573-bfe8-b7bb-0c36-8dd9a1f54fbf/sourceFolder/test-file-87b1a488-5918-fd0d-d1b1-9de4c6bf0c14",
      "RequestMethod": "GET",
      "RequestHeaders": {
        "Accept": "application/xml",
        "Authorization": "Sanitized",
        "User-Agent": "azsdk-net-Storage.Files.Shares/12.23.0-alpha.20250515.1 (.NET 8.0.16; Microsoft Windows 10.0.26100)",
        "x-ms-client-request-id": "Sanitized",
        "x-ms-date": "Thu, 15 May 2025 21:32:48 GMT",
        "x-ms-range": "bytes=0-1023",
        "x-ms-return-client-request-id": "true",
        "x-ms-version": "2025-07-05"
      },
      "RequestBody": null,
      "StatusCode": 206,
      "ResponseHeaders": {
        "Accept-Ranges": "bytes",
        "Content-Length": "1024",
        "Content-Range": "bytes 0-1023/1024",
        "Content-Type": "application/octet-stream",
        "Date": "Thu, 15 May 2025 21:32:47 GMT",
        "ETag": "\"0x8DD93F80830179B\"",
        "Last-Modified": "Thu, 15 May 2025 21:32:45 GMT",
        "Server": [
          "Windows-Azure-File/1.0",
          "Microsoft-HTTPAPI/2.0"
        ],
        "x-ms-client-request-id": "Sanitized",
        "x-ms-file-attributes": "Archive",
        "x-ms-file-change-time": "2025-05-15T21:32:45.5020443Z",
        "x-ms-file-creation-time": "2025-05-15T21:32:45.5020443Z",
        "x-ms-file-id": "16140971433240035328",
        "x-ms-file-last-write-time": "2025-05-15T21:32:45.5020443Z",
        "x-ms-file-parent-id": "13835128424026341376",
        "x-ms-file-permission-key": "12626496306092130501*547956186189310027",
        "x-ms-lease-state": "available",
        "x-ms-lease-status": "unlocked",
        "x-ms-request-id": "62408b28-001a-0028-69e0-c5c11c000000",
        "x-ms-server-encrypted": "true",
        "x-ms-type": "File",
        "x-ms-version": "2025-07-05"
      },
      "ResponseBody": "AAAAAAAAAAAAAAAAAAAAAAAAAAAAAAAAAAAAAAAAAAAAAAAAAAAAAAAAAAAAAAAAAAAAAAAAAAAAAAAAAAAAAAAAAAAAAAAAAAAAAAAAAAAAAAAAAAAAAAAAAAAAAAAAAAAAAAAAAAAAAAAAAAAAAAAAAAAAAAAAAAAAAAAAAAAAAAAAAAAAAAAAAAAAAAAAAAAAAAAAAAAAAAAAAAAAAAAAAAAAAAAAAAAAAAAAAAAAAAAAAAAAAAAAAAAAAAAAAAAAAAAAAAAAAAAAAAAAAAAAAAAAAAAAAAAAAAAAAAAAAAAAAAAAAAAAAAAAAAAAAAAAAAAAAAAAAAAAAAAAAAAAAAAAAAAAAAAAAAAAAAAAAAAAAAAAAAAAAAAAAAAAAAAAAAAAAAAAAAAAAAAAAAAAAAAAAAAAAAAAAAAAAAAAAAAAAAAAAAAAAAAAAAAAAAAAAAAAAAAAAAAAAAAAAAAAAAAAAAAAAAAAAAAAAAAAAAAAAAAAAAAAAAAAAAAAAAAAAAAAAAAAAAAAAAAAAAAAAAAAAAAAAAAAAAAAAAAAAAAAAAAAAAAAAAAAAAAAAAAAAAAAAAAAAAAAAAAAAAAAAAAAAAAAAAAAAAAAAAAAAAAAAAAAAAAAAAAAAAAAAAAAAAAAAAAAAAAAAAAAAAAAAAAAAAAAAAAAAAAAAAAAAAAAAAAAAAAAAAAAAAAAAAAAAAAAAAAAAAAAAAAAAAAAAAAAAAAAAAAAAAAAAAAAAAAAAAAAAAAAAAAAAAAAAAAAAAAAAAAAAAAAAAAAAAAAAAAAAAAAAAAAAAAAAAAAAAAAAAAAAAAAAAAAAAAAAAAAAAAAAAAAAAAAAAAAAAAAAAAAAAAAAAAAAAAAAAAAAAAAAAAAAAAAAAAAAAAAAAAAAAAAAAAAAAAAAAAAAAAAAAAAAAAAAAAAAAAAAAAAAAAAAAAAAAAAAAAAAAAAAAAAAAAAAAAAAAAAAAAAAAAAAAAAAAAAAAAAAAAAAAAAAAAAAAAAAAAAAAAAAAAAAAAAAAAAAAAAAAAAAAAAAAAAAAAAAAAAAAAAAAAAAAAAAAAAAAAAAAAAAAAAAAAAAAAAAAAAAAAAAAAAAAAAAAAAAAAAAAAAAAAAAAAAAAAAAAAAAAAAAAAAAAAAAAAAAAAAAAAAAAAAAAAAAAAAAAAAAAAAAAAAAAAAAAAAAAAAAAAAAAAAAAAAAAAAAAAAAAAAAAAAAAAAAAAAAAAAAAAAAAAAAAAAAAAAAAAAAAAAAAAAAAAAAAAAAAAAAAAAAAAAAAAAAAAAAAAAAAAAAAAAAAAAAAAAAAAAAAAAAAAAAAAAAAAAAAAAAAAAAAAAAAAAAAAAAAAAAAAAAAAAAA=="
    },
    {
      "RequestUri": "https://amandapreprod.blob.core.windows.net/test-container-e3176a7b-14a7-deaa-a4b0-5864c42b414c/destFolder/test-file-87b1a488-5918-fd0d-d1b1-9de4c6bf0c14",
      "RequestMethod": "GET",
      "RequestHeaders": {
        "Accept": "application/xml",
        "Authorization": "Sanitized",
        "If-Match": "\"0x8DD93F8089403F3\"",
        "User-Agent": "azsdk-net-Storage.Blobs/12.25.0-alpha.20250515.1 (.NET 8.0.16; Microsoft Windows 10.0.26100)",
        "x-ms-client-request-id": "Sanitized",
        "x-ms-date": "Thu, 15 May 2025 21:32:48 GMT",
        "x-ms-range": "bytes=0-1023",
        "x-ms-return-client-request-id": "true",
        "x-ms-version": "2025-07-05"
      },
      "RequestBody": null,
      "StatusCode": 206,
      "ResponseHeaders": {
        "Accept-Ranges": "bytes",
        "Cache-Control": "no-cache",
        "Content-Disposition": "inline",
        "Content-Language": "en-US",
        "Content-Length": "1024",
        "Content-Range": "bytes 0-1023/1024",
        "Content-Type": "text/plain",
        "Date": "Thu, 15 May 2025 21:32:47 GMT",
        "ETag": "\"0x8DD93F8089403F3\"",
        "Last-Modified": "Thu, 15 May 2025 21:32:46 GMT",
        "Server": [
          "Windows-Azure-Blob/1.0",
          "Microsoft-HTTPAPI/2.0"
        ],
        "x-ms-blob-content-md5": "DzQ7CTESaiDxM9Z8KwGKOw==",
        "x-ms-blob-type": "BlockBlob",
        "x-ms-client-request-id": "Sanitized",
        "x-ms-creation-time": "Thu, 15 May 2025 21:32:46 GMT",
        "x-ms-lease-state": "available",
        "x-ms-lease-status": "unlocked",
        "x-ms-meta-Capital": "letter",
        "x-ms-meta-foo": "bar",
        "x-ms-meta-meta": "data",
        "x-ms-meta-UPPER": "case",
        "x-ms-request-id": "0319f673-501e-000a-77e0-c50403000000",
        "x-ms-server-encrypted": "true",
        "x-ms-version": "2025-07-05"
      },
      "ResponseBody": "\u0000\u0000\u0000\u0000\u0000\u0000\u0000\u0000\u0000\u0000\u0000\u0000\u0000\u0000\u0000\u0000\u0000\u0000\u0000\u0000\u0000\u0000\u0000\u0000\u0000\u0000\u0000\u0000\u0000\u0000\u0000\u0000\u0000\u0000\u0000\u0000\u0000\u0000\u0000\u0000\u0000\u0000\u0000\u0000\u0000\u0000\u0000\u0000\u0000\u0000\u0000\u0000\u0000\u0000\u0000\u0000\u0000\u0000\u0000\u0000\u0000\u0000\u0000\u0000\u0000\u0000\u0000\u0000\u0000\u0000\u0000\u0000\u0000\u0000\u0000\u0000\u0000\u0000\u0000\u0000\u0000\u0000\u0000\u0000\u0000\u0000\u0000\u0000\u0000\u0000\u0000\u0000\u0000\u0000\u0000\u0000\u0000\u0000\u0000\u0000\u0000\u0000\u0000\u0000\u0000\u0000\u0000\u0000\u0000\u0000\u0000\u0000\u0000\u0000\u0000\u0000\u0000\u0000\u0000\u0000\u0000\u0000\u0000\u0000\u0000\u0000\u0000\u0000\u0000\u0000\u0000\u0000\u0000\u0000\u0000\u0000\u0000\u0000\u0000\u0000\u0000\u0000\u0000\u0000\u0000\u0000\u0000\u0000\u0000\u0000\u0000\u0000\u0000\u0000\u0000\u0000\u0000\u0000\u0000\u0000\u0000\u0000\u0000\u0000\u0000\u0000\u0000\u0000\u0000\u0000\u0000\u0000\u0000\u0000\u0000\u0000\u0000\u0000\u0000\u0000\u0000\u0000\u0000\u0000\u0000\u0000\u0000\u0000\u0000\u0000\u0000\u0000\u0000\u0000\u0000\u0000\u0000\u0000\u0000\u0000\u0000\u0000\u0000\u0000\u0000\u0000\u0000\u0000\u0000\u0000\u0000\u0000\u0000\u0000\u0000\u0000\u0000\u0000\u0000\u0000\u0000\u0000\u0000\u0000\u0000\u0000\u0000\u0000\u0000\u0000\u0000\u0000\u0000\u0000\u0000\u0000\u0000\u0000\u0000\u0000\u0000\u0000\u0000\u0000\u0000\u0000\u0000\u0000\u0000\u0000\u0000\u0000\u0000\u0000\u0000\u0000\u0000\u0000\u0000\u0000\u0000\u0000\u0000\u0000\u0000\u0000\u0000\u0000\u0000\u0000\u0000\u0000\u0000\u0000\u0000\u0000\u0000\u0000\u0000\u0000\u0000\u0000\u0000\u0000\u0000\u0000\u0000\u0000\u0000\u0000\u0000\u0000\u0000\u0000\u0000\u0000\u0000\u0000\u0000\u0000\u0000\u0000\u0000\u0000\u0000\u0000\u0000\u0000\u0000\u0000\u0000\u0000\u0000\u0000\u0000\u0000\u0000\u0000\u0000\u0000\u0000\u0000\u0000\u0000\u0000\u0000\u0000\u0000\u0000\u0000\u0000\u0000\u0000\u0000\u0000\u0000\u0000\u0000\u0000\u0000\u0000\u0000\u0000\u0000\u0000\u0000\u0000\u0000\u0000\u0000\u0000\u0000\u0000\u0000\u0000\u0000\u0000\u0000\u0000\u0000\u0000\u0000\u0000\u0000\u0000\u0000\u0000\u0000\u0000\u0000\u0000\u0000\u0000\u0000\u0000\u0000\u0000\u0000\u0000\u0000\u0000\u0000\u0000\u0000\u0000\u0000\u0000\u0000\u0000\u0000\u0000\u0000\u0000\u0000\u0000\u0000\u0000\u0000\u0000\u0000\u0000\u0000\u0000\u0000\u0000\u0000\u0000\u0000\u0000\u0000\u0000\u0000\u0000\u0000\u0000\u0000\u0000\u0000\u0000\u0000\u0000\u0000\u0000\u0000\u0000\u0000\u0000\u0000\u0000\u0000\u0000\u0000\u0000\u0000\u0000\u0000\u0000\u0000\u0000\u0000\u0000\u0000\u0000\u0000\u0000\u0000\u0000\u0000\u0000\u0000\u0000\u0000\u0000\u0000\u0000\u0000\u0000\u0000\u0000\u0000\u0000\u0000\u0000\u0000\u0000\u0000\u0000\u0000\u0000\u0000\u0000\u0000\u0000\u0000\u0000\u0000\u0000\u0000\u0000\u0000\u0000\u0000\u0000\u0000\u0000\u0000\u0000\u0000\u0000\u0000\u0000\u0000\u0000\u0000\u0000\u0000\u0000\u0000\u0000\u0000\u0000\u0000\u0000\u0000\u0000\u0000\u0000\u0000\u0000\u0000\u0000\u0000\u0000\u0000\u0000\u0000\u0000\u0000\u0000\u0000\u0000\u0000\u0000\u0000\u0000\u0000\u0000\u0000\u0000\u0000\u0000\u0000\u0000\u0000\u0000\u0000\u0000\u0000\u0000\u0000\u0000\u0000\u0000\u0000\u0000\u0000\u0000\u0000\u0000\u0000\u0000\u0000\u0000\u0000\u0000\u0000\u0000\u0000\u0000\u0000\u0000\u0000\u0000\u0000\u0000\u0000\u0000\u0000\u0000\u0000\u0000\u0000\u0000\u0000\u0000\u0000\u0000\u0000\u0000\u0000\u0000\u0000\u0000\u0000\u0000\u0000\u0000\u0000\u0000\u0000\u0000\u0000\u0000\u0000\u0000\u0000\u0000\u0000\u0000\u0000\u0000\u0000\u0000\u0000\u0000\u0000\u0000\u0000\u0000\u0000\u0000\u0000\u0000\u0000\u0000\u0000\u0000\u0000\u0000\u0000\u0000\u0000\u0000\u0000\u0000\u0000\u0000\u0000\u0000\u0000\u0000\u0000\u0000\u0000\u0000\u0000\u0000\u0000\u0000\u0000\u0000\u0000\u0000\u0000\u0000\u0000\u0000\u0000\u0000\u0000\u0000\u0000\u0000\u0000\u0000\u0000\u0000\u0000\u0000\u0000\u0000\u0000\u0000\u0000\u0000\u0000\u0000\u0000\u0000\u0000\u0000\u0000\u0000\u0000\u0000\u0000\u0000\u0000\u0000\u0000\u0000\u0000\u0000\u0000\u0000\u0000\u0000\u0000\u0000\u0000\u0000\u0000\u0000\u0000\u0000\u0000\u0000\u0000\u0000\u0000\u0000\u0000\u0000\u0000\u0000\u0000\u0000\u0000\u0000\u0000\u0000\u0000\u0000\u0000\u0000\u0000\u0000\u0000\u0000\u0000\u0000\u0000\u0000\u0000\u0000\u0000\u0000\u0000\u0000\u0000\u0000\u0000\u0000\u0000\u0000\u0000\u0000\u0000\u0000\u0000\u0000\u0000\u0000\u0000\u0000\u0000\u0000\u0000\u0000\u0000\u0000\u0000\u0000\u0000\u0000\u0000\u0000\u0000\u0000\u0000\u0000\u0000\u0000\u0000\u0000\u0000\u0000\u0000\u0000\u0000\u0000\u0000\u0000\u0000\u0000\u0000\u0000\u0000\u0000\u0000\u0000\u0000\u0000\u0000\u0000\u0000\u0000\u0000\u0000\u0000\u0000\u0000\u0000\u0000\u0000\u0000\u0000\u0000\u0000\u0000\u0000\u0000\u0000\u0000\u0000\u0000\u0000\u0000\u0000\u0000\u0000\u0000\u0000\u0000\u0000\u0000\u0000\u0000\u0000\u0000\u0000\u0000\u0000\u0000\u0000\u0000\u0000\u0000\u0000\u0000\u0000\u0000\u0000\u0000\u0000\u0000\u0000\u0000\u0000\u0000\u0000\u0000\u0000\u0000\u0000\u0000\u0000\u0000\u0000\u0000\u0000\u0000\u0000\u0000\u0000\u0000\u0000\u0000\u0000\u0000\u0000\u0000\u0000\u0000\u0000\u0000\u0000\u0000\u0000\u0000\u0000\u0000\u0000\u0000\u0000\u0000\u0000\u0000\u0000\u0000\u0000\u0000\u0000\u0000\u0000\u0000\u0000\u0000\u0000\u0000\u0000\u0000\u0000\u0000\u0000\u0000\u0000\u0000\u0000\u0000\u0000\u0000\u0000\u0000\u0000\u0000\u0000\u0000\u0000\u0000\u0000\u0000\u0000\u0000\u0000\u0000\u0000\u0000\u0000\u0000\u0000\u0000\u0000\u0000\u0000\u0000\u0000\u0000\u0000\u0000\u0000\u0000\u0000\u0000\u0000\u0000\u0000\u0000\u0000\u0000\u0000\u0000\u0000\u0000\u0000\u0000\u0000\u0000\u0000\u0000\u0000\u0000\u0000\u0000\u0000\u0000\u0000\u0000\u0000\u0000\u0000\u0000\u0000\u0000\u0000\u0000\u0000\u0000\u0000\u0000\u0000\u0000\u0000\u0000\u0000\u0000\u0000\u0000\u0000\u0000\u0000\u0000\u0000\u0000\u0000\u0000\u0000\u0000\u0000\u0000\u0000\u0000\u0000\u0000\u0000\u0000\u0000\u0000\u0000\u0000\u0000\u0000\u0000\u0000\u0000\u0000\u0000\u0000\u0000\u0000\u0000\u0000\u0000\u0000\u0000\u0000\u0000\u0000\u0000\u0000\u0000\u0000\u0000\u0000"
    },
    {
      "RequestUri": "https://amandapreprod.blob.core.windows.net/test-container-e3176a7b-14a7-deaa-a4b0-5864c42b414c?restype=container",
      "RequestMethod": "DELETE",
      "RequestHeaders": {
        "Accept": "application/xml",
        "Authorization": "Sanitized",
        "traceparent": "00-384f40a22126fa0e3c2cc7f50d3d45fa-6178a247fbb81af3-00",
        "User-Agent": "azsdk-net-Storage.Blobs/12.25.0-alpha.20250515.1 (.NET 8.0.16; Microsoft Windows 10.0.26100)",
        "x-ms-client-request-id": "Sanitized",
        "x-ms-date": "Thu, 15 May 2025 21:32:48 GMT",
        "x-ms-return-client-request-id": "true",
        "x-ms-version": "2025-07-05"
      },
      "RequestBody": null,
      "StatusCode": 202,
      "ResponseHeaders": {
        "Content-Length": "0",
        "Date": "Thu, 15 May 2025 21:32:47 GMT",
        "Server": [
          "Windows-Azure-Blob/1.0",
          "Microsoft-HTTPAPI/2.0"
        ],
        "x-ms-client-request-id": "Sanitized",
        "x-ms-request-id": "0319f68d-501e-000a-11e0-c50403000000",
        "x-ms-version": "2025-07-05"
      },
      "ResponseBody": null
    },
    {
      "RequestUri": "https://amandapreprod.file.core.windows.net/test-share-cf504573-bfe8-b7bb-0c36-8dd9a1f54fbf?restype=share",
      "RequestMethod": "DELETE",
      "RequestHeaders": {
        "Accept": "application/xml",
        "Authorization": "Sanitized",
        "traceparent": "00-bacc09fcf82037bd628a81d2b43bb4f6-deffc553ad9de7dd-00",
        "User-Agent": "azsdk-net-Storage.Files.Shares/12.23.0-alpha.20250515.1 (.NET 8.0.16; Microsoft Windows 10.0.26100)",
        "x-ms-client-request-id": "Sanitized",
        "x-ms-date": "Thu, 15 May 2025 21:32:48 GMT",
        "x-ms-delete-snapshots": "include",
        "x-ms-return-client-request-id": "true",
        "x-ms-version": "2025-07-05"
      },
      "RequestBody": null,
      "StatusCode": 202,
      "ResponseHeaders": {
        "Content-Length": "0",
        "Date": "Thu, 15 May 2025 21:32:47 GMT",
        "Server": [
          "Windows-Azure-File/1.0",
          "Microsoft-HTTPAPI/2.0"
        ],
        "x-ms-client-request-id": "Sanitized",
        "x-ms-request-id": "62408b31-001a-0028-72e0-c5c11c000000",
        "x-ms-version": "2025-07-05"
      },
      "ResponseBody": null
    }
  ],
  "Variables": {
    "DateTimeOffsetNow": "2025-05-15T14:32:46.6558193-07:00",
    "RandomSeed": "1875399659",
    "Storage_TestConfigDefault": "ProductionTenant\namandapreprod\nU2FuaXRpemVk\nhttps://amandapreprod.blob.core.windows.net\nhttps://amandapreprod.file.core.windows.net\nhttps://amandapreprod.queue.core.windows.net\nhttps://amandapreprod.table.core.windows.net\n\n\n\n\nhttps://amandapreprod-secondary.blob.core.windows.net\nhttps://amandapreprod-secondary.file.core.windows.net\nhttps://amandapreprod-secondary.queue.core.windows.net\nhttps://amandapreprod-secondary.table.core.windows.net\nCloud\nBlobEndpoint=https://amandapreprod.blob.core.windows.net/;QueueEndpoint=https://amandapreprod.queue.core.windows.net/;FileEndpoint=https://amandapreprod.file.core.windows.net/;BlobSecondaryEndpoint=https://amandapreprod-secondary.blob.core.windows.net/;QueueSecondaryEndpoint=https://amandapreprod-secondary.queue.core.windows.net/;FileSecondaryEndpoint=https://amandapreprod-secondary.file.core.windows.net/;AccountName=amandapreprod;AccountKey=U2FuaXRpemVk\nencryptionScope\n\n"
  }
}
