{
  "Entries": [
    {
      "RequestUri": "https://REDACTED/v1/assistants",
      "RequestMethod": "POST",
      "RequestHeaders": {
        "Accept": "application/json",
        "Authorization": "Sanitized",
        "Content-Length": "185",
        "Content-Type": "application/json",
        "Date": "Wed, 07 Aug 2024 23:20:08 GMT",
        "OpenAI-Beta": "assistants=v2",
        "User-Agent": "azsdk-java-azure-ai-openai-assistants/1.0.0-beta.4 (11.0.21; Windows 11; 10.0)",
        "x-ms-client-request-id": "Sanitized"
      },
      "RequestBody": {
        "model": "gpt-4-1106-preview",
        "name": "Math Tutor",
        "instructions": "You are a personal math tutor. Answer questions briefly, in a sentence or less.",
        "tools": [
          {
            "type": "code_interpreter"
          }
        ]
      },
      "StatusCode": 200,
      "ResponseHeaders": {
        "Alt-Svc": "h3=\":443\"",
        "CF-Cache-Status": "DYNAMIC",
        "CF-RAY": "8afafedf99a75239-LAX",
        "Connection": "keep-alive",
        "Content-Length": "505",
        "Content-Type": "application/json",
        "Date": "Wed, 07 Aug 2024 23:20:09 GMT",
        "openai-organization": "msft-finetuning-2",
        "openai-processing-ms": "87",
        "openai-version": "2020-10-01",
        "Server": "cloudflare",
        "Strict-Transport-Security": "max-age=15552000; includeSubDomains; preload",
        "X-Content-Type-Options": "nosniff",
        "X-Request-ID": "req_f2b998cee6aa07f68ea3b24eb30aed40"
      },
      "ResponseBody": {
        "id": "asst_lTx5k3KOB8bmMu1kzmqVYgDX",
        "object": "assistant",
        "created_at": 1723072809,
        "name": "Math Tutor",
        "description": null,
        "model": "gpt-4-1106-preview",
        "instructions": "You are a personal math tutor. Answer questions briefly, in a sentence or less.",
        "tools": [
          {
            "type": "code_interpreter"
          }
        ],
        "top_p": 1.0,
        "temperature": 1.0,
        "tool_resources": {
          "code_interpreter": {
            "file_ids": []
          }
        },
        "metadata": {},
        "response_format": "auto"
      }
    },
    {
      "RequestUri": "https://REDACTED/v1/assistants/asst_lTx5k3KOB8bmMu1kzmqVYgDX",
      "RequestMethod": "GET",
      "RequestHeaders": {
        "Accept": "application/json",
        "Authorization": "Sanitized",
        "Content-Length": "0",
        "Date": "Wed, 07 Aug 2024 23:20:08 GMT",
        "OpenAI-Beta": "assistants=v2",
        "User-Agent": "azsdk-java-azure-ai-openai-assistants/1.0.0-beta.4 (11.0.21; Windows 11; 10.0)",
        "x-ms-client-request-id": "Sanitized"
      },
      "RequestBody": null,
      "StatusCode": 200,
      "ResponseHeaders": {
        "Alt-Svc": "h3=\":443\"",
        "CF-Cache-Status": "DYNAMIC",
        "CF-RAY": "8afafee09ad75239-LAX",
        "Connection": "keep-alive",
        "Content-Length": "505",
        "Content-Type": "application/json",
        "Date": "Wed, 07 Aug 2024 23:20:09 GMT",
        "openai-organization": "msft-finetuning-2",
        "openai-processing-ms": "233",
        "openai-version": "2020-10-01",
        "Server": "cloudflare",
        "Strict-Transport-Security": "max-age=15552000; includeSubDomains; preload",
        "X-Content-Type-Options": "nosniff",
        "X-Request-ID": "req_f890cd8044c5815bc3cd83202f152247"
      },
      "ResponseBody": {
        "id": "asst_lTx5k3KOB8bmMu1kzmqVYgDX",
        "object": "assistant",
        "created_at": 1723072809,
        "name": "Math Tutor",
        "description": null,
        "model": "gpt-4-1106-preview",
        "instructions": "You are a personal math tutor. Answer questions briefly, in a sentence or less.",
        "tools": [
          {
            "type": "code_interpreter"
          }
        ],
        "top_p": 1.0,
        "temperature": 1.0,
        "tool_resources": {
          "code_interpreter": {
            "file_ids": []
          }
        },
        "metadata": {},
        "response_format": "auto"
      }
    },
    {
      "RequestUri": "https://REDACTED/v1/assistants/asst_lTx5k3KOB8bmMu1kzmqVYgDX",
      "RequestMethod": "POST",
      "RequestHeaders": {
        "Accept": "application/json",
        "Authorization": "Sanitized",
        "Content-Length": "94",
        "Content-Type": "application/json",
        "Date": "Wed, 07 Aug 2024 23:20:09 GMT",
        "OpenAI-Beta": "assistants=v2",
        "User-Agent": "azsdk-java-azure-ai-openai-assistants/1.0.0-beta.4 (11.0.21; Windows 11; 10.0)",
        "x-ms-client-request-id": "Sanitized"
      },
      "RequestBody": {
        "name": "updatedName",
        "description": "updatedDescription",
        "instructions": "updatedInstructions"
      },
      "StatusCode": 200,
      "ResponseHeaders": {
        "Alt-Svc": "h3=\":443\"",
        "CF-Cache-Status": "DYNAMIC",
        "CF-RAY": "8afafee28caa5239-LAX",
        "Connection": "keep-alive",
        "Content-Length": "462",
        "Content-Type": "application/json",
        "Date": "Wed, 07 Aug 2024 23:20:09 GMT",
        "openai-organization": "msft-finetuning-2",
        "openai-processing-ms": "184",
        "openai-version": "2020-10-01",
        "Server": "cloudflare",
        "Strict-Transport-Security": "max-age=15552000; includeSubDomains; preload",
        "X-Content-Type-Options": "nosniff",
        "X-Request-ID": "req_1ed8230b1efbf809bcf43bc098681674"
      },
      "ResponseBody": {
        "id": "asst_lTx5k3KOB8bmMu1kzmqVYgDX",
        "object": "assistant",
        "created_at": 1723072809,
        "name": "updatedName",
        "description": "updatedDescription",
        "model": "gpt-4-1106-preview",
        "instructions": "updatedInstructions",
        "tools": [
          {
            "type": "code_interpreter"
          }
        ],
        "top_p": 1.0,
        "temperature": 1.0,
        "tool_resources": {
          "code_interpreter": {
            "file_ids": []
          }
        },
        "metadata": {},
        "response_format": "auto"
      }
    },
    {
      "RequestUri": "https://REDACTED/v1/assistants/asst_lTx5k3KOB8bmMu1kzmqVYgDX",
      "RequestMethod": "DELETE",
      "RequestHeaders": {
        "Accept": "application/json",
        "Authorization": "Sanitized",
        "Content-Length": "0",
        "Date": "Wed, 07 Aug 2024 23:20:09 GMT",
        "OpenAI-Beta": "assistants=v2",
        "User-Agent": "azsdk-java-azure-ai-openai-assistants/1.0.0-beta.4 (11.0.21; Windows 11; 10.0)",
        "x-ms-client-request-id": "Sanitized"
      },
      "RequestBody": null,
      "StatusCode": 200,
      "ResponseHeaders": {
        "Alt-Svc": "h3=\":443\"",
        "CF-Cache-Status": "DYNAMIC",
        "CF-RAY": "8afafee42e695239-LAX",
        "Connection": "keep-alive",
        "Content-Length": "95",
        "Content-Type": "application/json",
        "Date": "Wed, 07 Aug 2024 23:20:09 GMT",
        "openai-organization": "msft-finetuning-2",
        "openai-processing-ms": "59",
        "openai-version": "2020-10-01",
        "Server": "cloudflare",
        "Strict-Transport-Security": "max-age=15552000; includeSubDomains; preload",
        "X-Content-Type-Options": "nosniff",
        "X-Request-ID": "req_234a77cec1a33b29015c760cedf1cd02"
      },
      "ResponseBody": {
        "id": "asst_lTx5k3KOB8bmMu1kzmqVYgDX",
        "object": "assistant.deleted",
        "deleted": true
      }
    }
  ],
  "Variables": {}
}
