{
  "Entries": [
    {
      "RequestUri": "https://REDACTED/openai/assistants?api-version=2024-05-01-preview",
      "RequestMethod": "POST",
      "RequestHeaders": {
        "Accept": "application/json",
        "api-key": "REDACTED",
        "Content-Length": "184",
        "Content-Type": "application/json",
        "Date": "Fri, 31 May 2024 13:15:57 GMT",
        "User-Agent": "azsdk-java-azure-ai-openai-assistants/1.0.0-beta.3 (17.0.7; Windows 11; 10.0)",
        "x-ms-client-request-id": "Sanitized"
      },
      "RequestBody": {
        "model": "gpt-4-1106-preview",
        "name": "Sanitized",
        "instructions": "You are a personal math tutor. Answer questions briefly, in a sentence or less.",
        "tools": [
          {
            "type": "code_interpreter"
          }
        ]
      },
      "StatusCode": 429,
      "ResponseHeaders": {
        "apim-request-id": "29b12263-062e-417a-9a2d-07735f5c4e50",
        "Content-Length": "343",
        "Content-Type": "application/json",
        "Date": "Fri, 31 May 2024 13:15:56 GMT",
        "policy-id": "DeploymentRatelimit-Token",
        "Retry-After": "31",
        "Strict-Transport-Security": "max-age=31536000; includeSubDomains; preload",
        "X-Content-Type-Options": "nosniff",
        "x-ms-client-request-id": "Sanitized",
        "x-ms-region": "Sweden Central",
        "x-ratelimit-remaining-requests": "6",
        "x-ratelimit-reset-tokens": "31"
      },
      "ResponseBody": {
        "error": {
          "code": "429",
          "message": "Requests to the Create_Assistant Operation under Azure OpenAI API version 2024-05-01-preview have exceeded token rate limit of your current OpenAI S0 pricing tier. Please retry after 31 seconds. Please go here: https://aka.ms/oai/quotaincrease if you would like to further increase the default rate limit."
        }
      }
    },
    {
      "RequestUri": "https://REDACTED/openai/assistants?api-version=2024-05-01-preview",
      "RequestMethod": "POST",
      "RequestHeaders": {
        "Accept": "application/json",
        "api-key": "REDACTED",
        "Content-Length": "184",
        "Content-Type": "application/json",
        "Date": "Fri, 31 May 2024 13:16:28 GMT",
        "User-Agent": "azsdk-java-azure-ai-openai-assistants/1.0.0-beta.3 (17.0.7; Windows 11; 10.0)",
        "x-ms-client-request-id": "Sanitized"
      },
      "RequestBody": {
        "model": "gpt-4-1106-preview",
        "name": "Sanitized",
        "instructions": "You are a personal math tutor. Answer questions briefly, in a sentence or less.",
        "tools": [
          {
            "type": "code_interpreter"
          }
        ]
      },
      "StatusCode": 200,
      "ResponseHeaders": {
        "apim-request-id": "f4e87100-69ce-48c4-ba09-aaa96d58b698",
        "Content-Length": "388",
        "Content-Type": "application/json",
        "Date": "Fri, 31 May 2024 13:16:28 GMT",
        "Strict-Transport-Security": "max-age=31536000; includeSubDomains; preload",
        "X-Content-Type-Options": "nosniff",
        "x-ms-client-request-id": "Sanitized",
        "x-ms-middleware-request-id": "f4e87100-69ce-48c4-ba09-aaa96d58b698",
        "x-ms-region": "Sweden Central",
        "x-ratelimit-remaining-requests": "1",
        "x-ratelimit-remaining-tokens": "1424",
        "X-Request-ID": "e99f02af-6a45-4ca3-9ca7-e3f2b9a391e9"
      },
      "ResponseBody": {
        "id": "Sanitized",
        "object": "assistant",
        "created_at": 1717161388,
        "name": "Sanitized",
        "description": null,
        "model": "gpt-4-1106-preview",
        "instructions": "You are a personal math tutor. Answer questions briefly, in a sentence or less.",
        "tools": [
          {
            "type": "code_interpreter"
          }
        ],
        "top_p": 1.0,
        "temperature": 1.0,
        "tool_resources": {
          "code_interpreter": {
            "file_ids": []
          }
        },
        "metadata": {},
        "response_format": "auto"
      }
    },
    {
      "RequestUri": "https://REDACTED/openai/threads/runs?api-version=2024-05-01-preview",
      "RequestMethod": "POST",
      "RequestHeaders": {
        "Accept": "application/json",
        "api-key": "REDACTED",
        "Content-Length": "162",
        "Content-Type": "application/json",
        "Date": "Fri, 31 May 2024 13:16:28 GMT",
        "User-Agent": "azsdk-java-azure-ai-openai-assistants/1.0.0-beta.3 (17.0.7; Windows 11; 10.0)",
        "x-ms-client-request-id": "Sanitized"
      },
      "RequestBody": {
        "assistant_id": "asst_ez4g7WypPfX8JSYs4WNkQerD",
        "thread": {
          "messages": [
            {
              "role": "user",
              "content": "I need to solve the equation `3x + 11 = 14`. Can you help me?"
            }
          ]
        }
      },
      "StatusCode": 200,
      "ResponseHeaders": {
        "apim-request-id": "f81251dd-fc3c-4ee8-9fda-b40cec9e1d69",
        "Content-Length": "741",
        "Content-Type": "application/json",
        "Date": "Fri, 31 May 2024 13:16:28 GMT",
        "Strict-Transport-Security": "max-age=31536000; includeSubDomains; preload",
        "X-Content-Type-Options": "nosniff",
        "x-ms-client-request-id": "Sanitized",
        "x-ms-middleware-request-id": "eec83d68-aa77-40f0-b8ad-e1b46e08c40d",
        "x-ms-region": "Sweden Central",
        "X-Request-ID": "a32e462b-f541-4b60-897b-136a91d960de"
      },
      "ResponseBody": {
        "id": "Sanitized",
        "object": "thread.run",
        "created_at": 1717161389,
        "assistant_id": "asst_ez4g7WypPfX8JSYs4WNkQerD",
        "thread_id": "thread_Ono6dfHxQjSgYGSYoO0qHZKP",
        "status": "queued",
        "started_at": null,
        "expires_at": 1717161989,
        "cancelled_at": null,
        "failed_at": null,
        "completed_at": null,
        "required_action": null,
        "last_error": null,
        "model": "gpt-4-1106-preview",
        "instructions": "You are a personal math tutor. Answer questions briefly, in a sentence or less.",
        "tools": [
          {
            "type": "code_interpreter"
          }
        ],
        "tool_resources": {},
        "metadata": {},
        "temperature": 1.0,
        "top_p": 1.0,
        "max_completion_tokens": null,
        "max_prompt_tokens": null,
        "truncation_strategy": {
          "type": "auto",
          "last_messages": null
        },
        "incomplete_details": null,
        "usage": null,
        "response_format": "auto",
        "tool_choice": "auto"
      }
    },
    {
      "RequestUri": "https://REDACTED/openai/threads/thread_Ono6dfHxQjSgYGSYoO0qHZKP/runs/run_h1lZsSvgfMly4k7trHbQls4M/cancel?api-version=2024-05-01-preview",
      "RequestMethod": "POST",
      "RequestHeaders": {
        "Accept": "application/json",
        "api-key": "REDACTED",
        "Content-Length": "0",
        "Date": "Fri, 31 May 2024 13:16:29 GMT",
        "User-Agent": "azsdk-java-azure-ai-openai-assistants/1.0.0-beta.3 (17.0.7; Windows 11; 10.0)",
        "x-ms-client-request-id": "Sanitized"
      },
      "RequestBody": null,
      "StatusCode": 200,
      "ResponseHeaders": {
        "apim-request-id": "af3d6331-48c8-4175-a1ec-e2390a642628",
        "Content-Length": "751",
        "Content-Type": "application/json",
        "Date": "Fri, 31 May 2024 13:16:29 GMT",
        "Strict-Transport-Security": "max-age=31536000; includeSubDomains; preload",
        "X-Content-Type-Options": "nosniff",
        "x-ms-client-request-id": "Sanitized",
        "x-ms-middleware-request-id": "be4bee51-d201-4700-8d90-6cf49b9e0fb9",
        "x-ms-region": "Sweden Central",
        "X-Request-ID": "fa0b5827-4890-4291-9527-61e259aac2e3"
      },
      "ResponseBody": {
        "id": "Sanitized",
        "object": "thread.run",
        "created_at": 1717161389,
        "assistant_id": "asst_ez4g7WypPfX8JSYs4WNkQerD",
        "thread_id": "thread_Ono6dfHxQjSgYGSYoO0qHZKP",
        "status": "cancelling",
        "started_at": 1717161389,
        "expires_at": 1717161989,
        "cancelled_at": null,
        "failed_at": null,
        "completed_at": null,
        "required_action": null,
        "last_error": null,
        "model": "gpt-4-1106-preview",
        "instructions": "You are a personal math tutor. Answer questions briefly, in a sentence or less.",
        "tools": [
          {
            "type": "code_interpreter"
          }
        ],
        "tool_resources": {},
        "metadata": {},
        "temperature": 1.0,
        "top_p": 1.0,
        "max_completion_tokens": null,
        "max_prompt_tokens": null,
        "truncation_strategy": {
          "type": "auto",
          "last_messages": null
        },
        "incomplete_details": null,
        "usage": null,
        "response_format": "auto",
        "tool_choice": "auto"
      }
    },
    {
      "RequestUri": "https://REDACTED/openai/threads/thread_Ono6dfHxQjSgYGSYoO0qHZKP?api-version=2024-05-01-preview",
      "RequestMethod": "DELETE",
      "RequestHeaders": {
        "Accept": "application/json",
        "api-key": "REDACTED",
        "Content-Length": "0",
        "Date": "Fri, 31 May 2024 13:16:30 GMT",
        "User-Agent": "azsdk-java-azure-ai-openai-assistants/1.0.0-beta.3 (17.0.7; Windows 11; 10.0)",
        "x-ms-client-request-id": "Sanitized"
      },
      "RequestBody": null,
      "StatusCode": 200,
      "ResponseHeaders": {
        "apim-request-id": "cfa4be82-0c5e-44da-9bdc-2309b2598761",
        "Content-Length": "59",
        "Content-Type": "application/json",
        "Date": "Fri, 31 May 2024 13:16:29 GMT",
        "Strict-Transport-Security": "max-age=31536000; includeSubDomains; preload",
        "X-Content-Type-Options": "nosniff",
        "x-ms-client-request-id": "Sanitized",
        "x-ms-middleware-request-id": "3f7b1180-5749-49d6-8270-db187c222c00",
        "x-ms-region": "Sweden Central",
        "X-Request-ID": "6cb337ad-070c-44d5-b85d-90ce1cf244fa"
      },
      "ResponseBody": {
        "id": "Sanitized",
        "object": "thread.deleted",
        "deleted": true
      }
    },
    {
      "RequestUri": "https://REDACTED/openai/assistants/asst_ez4g7WypPfX8JSYs4WNkQerD?api-version=2024-05-01-preview",
      "RequestMethod": "DELETE",
      "RequestHeaders": {
        "Accept": "application/json",
        "api-key": "REDACTED",
        "Content-Length": "0",
        "Date": "Fri, 31 May 2024 13:16:30 GMT",
        "User-Agent": "azsdk-java-azure-ai-openai-assistants/1.0.0-beta.3 (17.0.7; Windows 11; 10.0)",
        "x-ms-client-request-id": "Sanitized"
      },
      "RequestBody": null,
      "StatusCode": 200,
      "ResponseHeaders": {
        "apim-request-id": "4fee2c2e-aa61-4f4d-82de-740975580edb",
        "Content-Length": "62",
        "Content-Type": "application/json",
        "Date": "Fri, 31 May 2024 13:16:29 GMT",
        "Strict-Transport-Security": "max-age=31536000; includeSubDomains; preload",
        "X-Content-Type-Options": "nosniff",
        "x-ms-client-request-id": "Sanitized",
        "x-ms-middleware-request-id": "061148fc-6f92-4607-ade7-2e0369c18174",
        "x-ms-region": "Sweden Central",
        "X-Request-ID": "b2dd6fbb-1fb8-42de-b80d-78ff9fa1d653"
      },
      "ResponseBody": {
        "id": "Sanitized",
        "object": "assistant.deleted",
        "deleted": true
      }
    }
  ],
  "Variables": {}
}
