{
  "Entries": [
    {
      "RequestUri": "https://REDACTED/openai/assistants?api-version=2024-01-01-preview",
      "RequestMethod": "POST",
      "RequestHeaders": {
        "Accept": "application/json",
        "api-key": "REDACTED",
        "Content-Length": "185",
        "Content-Type": "application/json",
        "Date": "Wed, 31 Jan 2024 22:29:00 GMT",
        "OpenAI-Beta": "assistants=v1",
        "User-Agent": "azsdk-java-azure-ai-openai-assistants/1.0.0-beta.1 (11.0.21; Windows 11; 10.0)",
        "x-ms-client-request-id": "11ee9ab0-b8a9-45ea-ae3e-585cd700f6e7"
      },
      "RequestBody": {
        "model": "gpt-4-1106-preview",
        "name": "Math Tutor",
        "instructions": "You are a personal math tutor. Answer questions briefly, in a sentence or less.",
        "tools": [
          {
            "type": "code_interpreter"
          }
        ]
      },
      "StatusCode": 200,
      "ResponseHeaders": {
        "apim-request-id": "392d174c-9dd9-4cc3-ac0c-fa419dc93a3a",
        "Content-Length": "376",
        "Content-Type": "application/json",
        "Date": "Wed, 31 Jan 2024 22:29:01 GMT",
        "Strict-Transport-Security": "max-age=31536000; includeSubDomains; preload",
        "X-Content-Type-Options": "nosniff",
        "x-ms-client-request-id": "11ee9ab0-b8a9-45ea-ae3e-585cd700f6e7",
        "x-ms-region": "West US 2",
        "x-ratelimit-remaining-requests": "17",
        "x-ratelimit-remaining-tokens": "17360",
        "X-Request-ID": "7922c7c8-a935-458e-bd9e-3e8db501cf51"
      },
      "ResponseBody": {
        "id": "asst_qptgpKLLmfYWEmK7IDodm63l",
        "object": "assistant",
        "created_at": 1706740141,
        "name": "Math Tutor",
        "description": null,
        "model": "gpt-4-1106-preview",
        "instructions": "You are a personal math tutor. Answer questions briefly, in a sentence or less.",
        "tools": [
          {
            "type": "code_interpreter"
          }
        ],
        "file_ids": [],
        "metadata": {}
      }
    },
    {
      "RequestUri": "https://REDACTED/openai/files?api-version=2024-01-01-preview",
      "RequestMethod": "POST",
      "RequestHeaders": {
        "Accept": "application/json",
        "api-key": "REDACTED",
        "Content-Length": "330",
        "Content-Type": "multipart/form-data; boundary=BOUNDARY",
        "Date": "Wed, 31 Jan 2024 22:29:01 GMT",
        "OpenAI-Beta": "assistants=v1",
        "User-Agent": "azsdk-java-azure-ai-openai-assistants/1.0.0-beta.1 (11.0.21; Windows 11; 10.0)",
        "x-ms-client-request-id": "145dacd3-fe53-4023-92c2-0b74dd028e22"
      },
      "RequestBody": "LS1jNzhjM2ZiMS0zZGI4LTQ0DQpDb250ZW50LURpc3Bvc2l0aW9uOiBmb3JtLWRhdGE7IG5hbWU9ImZpbGUiOyBmaWxlbmFtZT0iZmlsZSINCkNvbnRlbnQtVHlwZTogYXBwbGljYXRpb24vb2N0ZXQtc3RyZWFtDQoNCkFzc2lzdGFudHMgcHVycG9zZSBmaWxlOg0KVGhlIHdvcmQgJ2FwcGxlJyBoYXMgdGhlIElEIDQ1NDU0NSBhbmQgdGhlIHdvcmQgJ2JhbmFuYScgaGFzIHRoZSBJRCAyMzIzMjMNCg0KLS1jNzhjM2ZiMS0zZGI4LTQ0DQpDb250ZW50LURpc3Bvc2l0aW9uOiBmb3JtLWRhdGE7IG5hbWU9InB1cnBvc2UiDQoNCmFzc2lzdGFudHMNCi0tYzc4YzNmYjEtM2RiOC00NC0t",
      "StatusCode": 200,
      "ResponseHeaders": {
        "Access-Control-Allow-Origin": "*",
        "apim-request-id": "4986acf0-bb60-44ec-942d-235e838bc319",
        "Content-Length": "241",
        "Content-Type": "application/json",
        "Date": "Wed, 31 Jan 2024 22:29:02 GMT",
        "Strict-Transport-Security": "max-age=31536000; includeSubDomains; preload",
        "X-Content-Type-Options": "nosniff",
        "x-ms-client-request-id": "145dacd3-fe53-4023-92c2-0b74dd028e22",
        "x-ms-region": "West US 2",
        "X-Request-ID": "1ae201c8-97eb-4111-8b10-5f714d5ec13e"
      },
      "ResponseBody": {
        "object": "file",
        "id": "assistant-sSsyI77LJko2PocBJKb8XzAu",
        "purpose": "assistants",
        "filename": "file",
        "bytes": 102,
        "created_at": 1706740141,
        "status": "processed",
        "status_details": null,
        "updated_at": 1706740141
      }
    },
    {
      "RequestUri": "https://REDACTED/openai/assistants/asst_qptgpKLLmfYWEmK7IDodm63l/files?api-version=2024-01-01-preview",
      "RequestMethod": "POST",
      "RequestHeaders": {
        "Accept": "application/json",
        "api-key": "REDACTED",
        "Content-Length": "48",
        "Content-Type": "application/json",
        "Date": "Wed, 31 Jan 2024 22:29:02 GMT",
        "OpenAI-Beta": "assistants=v1",
        "User-Agent": "azsdk-java-azure-ai-openai-assistants/1.0.0-beta.1 (11.0.21; Windows 11; 10.0)",
        "x-ms-client-request-id": "a35c2ace-ec56-4de4-9fef-b38151504751"
      },
      "RequestBody": {
        "file_id": "assistant-sSsyI77LJko2PocBJKb8XzAu"
      },
      "StatusCode": 200,
      "ResponseHeaders": {
        "apim-request-id": "a1e5ac51-9291-461a-95c3-5b9934de47bb",
        "Content-Length": "157",
        "Content-Type": "application/json",
        "Date": "Wed, 31 Jan 2024 22:29:02 GMT",
        "Strict-Transport-Security": "max-age=31536000; includeSubDomains; preload",
        "X-Content-Type-Options": "nosniff",
        "x-ms-client-request-id": "a35c2ace-ec56-4de4-9fef-b38151504751",
        "x-ms-region": "West US 2",
        "X-Request-ID": "89d3ec0c-2a3f-431b-8615-cb921d48b7ff"
      },
      "ResponseBody": {
        "id": "assistant-sSsyI77LJko2PocBJKb8XzAu",
        "object": "assistant.file",
        "created_at": 1706740142,
        "assistant_id": "asst_qptgpKLLmfYWEmK7IDodm63l"
      }
    },
    {
      "RequestUri": "https://REDACTED/openai/assistants/asst_qptgpKLLmfYWEmK7IDodm63l/files/assistant-sSsyI77LJko2PocBJKb8XzAu?api-version=2024-01-01-preview",
      "RequestMethod": "GET",
      "RequestHeaders": {
        "Accept": "application/json",
        "api-key": "REDACTED",
        "Content-Length": "0",
        "Date": "Wed, 31 Jan 2024 22:29:03 GMT",
        "OpenAI-Beta": "assistants=v1",
        "User-Agent": "azsdk-java-azure-ai-openai-assistants/1.0.0-beta.1 (11.0.21; Windows 11; 10.0)",
        "x-ms-client-request-id": "fa849b7f-0774-4a7e-a998-ea2d3ed8ba8a"
      },
      "RequestBody": null,
      "StatusCode": 200,
      "ResponseHeaders": {
        "apim-request-id": "df0b2aa4-66fe-45c5-8377-d5e2510d9bad",
        "Content-Length": "157",
        "Content-Type": "application/json",
        "Date": "Wed, 31 Jan 2024 22:29:02 GMT",
        "Strict-Transport-Security": "max-age=31536000; includeSubDomains; preload",
        "X-Content-Type-Options": "nosniff",
        "x-ms-client-request-id": "fa849b7f-0774-4a7e-a998-ea2d3ed8ba8a",
        "x-ms-region": "West US 2",
        "X-Request-ID": "d88ba202-5865-48b8-8399-898768eeb4ef"
      },
      "ResponseBody": {
        "id": "assistant-sSsyI77LJko2PocBJKb8XzAu",
        "object": "assistant.file",
        "created_at": 1706740142,
        "assistant_id": "asst_qptgpKLLmfYWEmK7IDodm63l"
      }
    },
    {
      "RequestUri": "https://REDACTED/openai/assistants/asst_qptgpKLLmfYWEmK7IDodm63l/files/assistant-sSsyI77LJko2PocBJKb8XzAu?api-version=2024-01-01-preview",
      "RequestMethod": "DELETE",
      "RequestHeaders": {
        "Accept": "application/json",
        "api-key": "REDACTED",
        "Content-Length": "0",
        "Date": "Wed, 31 Jan 2024 22:29:03 GMT",
        "OpenAI-Beta": "assistants=v1",
        "User-Agent": "azsdk-java-azure-ai-openai-assistants/1.0.0-beta.1 (11.0.21; Windows 11; 10.0)",
        "x-ms-client-request-id": "aafadfa8-fcc0-4920-bfd9-5f3d4af7d7c1"
      },
      "RequestBody": null,
      "StatusCode": 200,
      "ResponseHeaders": {
        "apim-request-id": "ff270171-3856-492e-85f3-791fe15bb94d",
        "Content-Length": "105",
        "Content-Type": "application/json",
        "Date": "Wed, 31 Jan 2024 22:29:03 GMT",
        "Strict-Transport-Security": "max-age=31536000; includeSubDomains; preload",
        "X-Content-Type-Options": "nosniff",
        "x-ms-client-request-id": "aafadfa8-fcc0-4920-bfd9-5f3d4af7d7c1",
        "x-ms-region": "West US 2",
        "X-Request-ID": "85a643d6-5f3b-4053-a51a-c8235463a4ce"
      },
      "ResponseBody": {
        "id": "assistant-sSsyI77LJko2PocBJKb8XzAu",
        "object": "assistant.file.deleted",
        "deleted": true
      }
    },
    {
      "RequestUri": "https://REDACTED/openai/files/assistant-sSsyI77LJko2PocBJKb8XzAu?api-version=2024-01-01-preview",
      "RequestMethod": "DELETE",
      "RequestHeaders": {
        "Accept": "application/json",
        "api-key": "REDACTED",
        "Content-Length": "0",
        "Date": "Wed, 31 Jan 2024 22:29:03 GMT",
        "OpenAI-Beta": "assistants=v1",
        "User-Agent": "azsdk-java-azure-ai-openai-assistants/1.0.0-beta.1 (11.0.21; Windows 11; 10.0)",
        "x-ms-client-request-id": "5189ba08-53c7-4162-a10f-639b122ccd13"
      },
      "RequestBody": null,
      "StatusCode": 200,
      "ResponseHeaders": {
        "Access-Control-Allow-Origin": "*",
        "apim-request-id": "0cf62f8a-c374-4d5d-a762-0e94532937e6",
        "Content-Length": "88",
        "Content-Type": "application/json",
        "Date": "Wed, 31 Jan 2024 22:29:04 GMT",
        "Strict-Transport-Security": "max-age=31536000; includeSubDomains; preload",
        "X-Content-Type-Options": "nosniff",
        "x-ms-client-request-id": "5189ba08-53c7-4162-a10f-639b122ccd13",
        "x-ms-region": "West US 2",
        "X-Request-ID": "4e99862d-c4c7-4f2b-b88a-b9b17d8815fd"
      },
      "ResponseBody": {
        "object": "file",
        "id": "assistant-sSsyI77LJko2PocBJKb8XzAu",
        "deleted": true
      }
    },
    {
      "RequestUri": "https://REDACTED/openai/assistants/asst_qptgpKLLmfYWEmK7IDodm63l?api-version=2024-01-01-preview",
      "RequestMethod": "DELETE",
      "RequestHeaders": {
        "Accept": "application/json",
        "api-key": "REDACTED",
        "Content-Length": "0",
        "Date": "Wed, 31 Jan 2024 22:29:04 GMT",
        "OpenAI-Beta": "assistants=v1",
        "User-Agent": "azsdk-java-azure-ai-openai-assistants/1.0.0-beta.1 (11.0.21; Windows 11; 10.0)",
        "x-ms-client-request-id": "664c8978-4243-4b52-88c5-d03659a041f8"
      },
      "RequestBody": null,
      "StatusCode": 200,
      "ResponseHeaders": {
        "apim-request-id": "707b0e12-28a6-4c5c-99c6-25711a8882b6",
        "Content-Length": "95",
        "Content-Type": "application/json",
        "Date": "Wed, 31 Jan 2024 22:29:04 GMT",
        "Strict-Transport-Security": "max-age=31536000; includeSubDomains; preload",
        "X-Content-Type-Options": "nosniff",
        "x-ms-client-request-id": "664c8978-4243-4b52-88c5-d03659a041f8",
        "x-ms-region": "West US 2",
        "X-Request-ID": "72d93517-230e-43b7-b938-2a0604e0ea3f"
      },
      "ResponseBody": {
        "id": "asst_qptgpKLLmfYWEmK7IDodm63l",
        "object": "assistant.deleted",
        "deleted": true
      }
    }
  ],
  "Variables": {}
}
