{
  "Entries": [
    {
      "RequestUri": "https://REDACTED/openai/assistants?api-version=2024-02-15-preview",
      "RequestMethod": "POST",
      "RequestHeaders": {
        "Accept": "application/json",
        "api-key": "REDACTED",
        "Content-Length": "185",
        "Content-Type": "application/json",
        "Date": "Tue, 06 Feb 2024 20:21:25 GMT",
        "User-Agent": "azsdk-java-azure-ai-openai-assistants/1.0.0-beta.1 (11.0.21; Windows 11; 10.0)",
        "x-ms-client-request-id": "50e036bf-6c7b-44fa-9993-dc4594900bbe"
      },
      "RequestBody": {
        "model": "gpt-4-1106-preview",
        "name": "Math Tutor",
        "instructions": "You are a personal math tutor. Answer questions briefly, in a sentence or less.",
        "tools": [
          {
            "type": "code_interpreter"
          }
        ]
      },
      "StatusCode": 200,
      "ResponseHeaders": {
        "apim-request-id": "ddf62d92-e087-4b03-9106-32edc610861f",
        "Content-Length": "376",
        "Content-Type": "application/json",
        "Date": "Tue, 06 Feb 2024 20:21:24 GMT",
        "Strict-Transport-Security": "max-age=31536000; includeSubDomains; preload",
        "X-Content-Type-Options": "nosniff",
        "x-ms-client-request-id": "50e036bf-6c7b-44fa-9993-dc4594900bbe",
        "x-ms-region": "West US 2",
        "x-ratelimit-remaining-requests": "5",
        "x-ratelimit-remaining-tokens": "2640",
        "X-Request-ID": "f1854f00-a0cf-4d55-b7e0-8d306f8bd055"
      },
      "ResponseBody": {
        "id": "asst_YJin4hgyEPFCRYUOp7OSCZpF",
        "object": "assistant",
        "created_at": 1707250885,
        "name": "Math Tutor",
        "description": null,
        "model": "gpt-4-1106-preview",
        "instructions": "You are a personal math tutor. Answer questions briefly, in a sentence or less.",
        "tools": [
          {
            "type": "code_interpreter"
          }
        ],
        "file_ids": [],
        "metadata": {}
      }
    },
    {
      "RequestUri": "https://REDACTED/openai/files?api-version=2024-02-15-preview",
      "RequestMethod": "POST",
      "RequestHeaders": {
        "Accept": "application/json",
        "api-key": "REDACTED",
        "Content-Length": "330",
        "Content-Type": "multipart/form-data; boundary=BOUNDARY",
        "Date": "Tue, 06 Feb 2024 20:21:25 GMT",
        "User-Agent": "azsdk-java-azure-ai-openai-assistants/1.0.0-beta.1 (11.0.21; Windows 11; 10.0)",
        "x-ms-client-request-id": "064498ec-0f86-4d4b-9045-c7ccd53f2d0f"
      },
      "RequestBody": "LS02Zjg0ODcwNC03OGQzLTRlDQpDb250ZW50LURpc3Bvc2l0aW9uOiBmb3JtLWRhdGE7IG5hbWU9ImZpbGUiOyBmaWxlbmFtZT0iZmlsZSINCkNvbnRlbnQtVHlwZTogYXBwbGljYXRpb24vb2N0ZXQtc3RyZWFtDQoNCkFzc2lzdGFudHMgcHVycG9zZSBmaWxlOg0KVGhlIHdvcmQgJ2FwcGxlJyBoYXMgdGhlIElEIDQ1NDU0NSBhbmQgdGhlIHdvcmQgJ2JhbmFuYScgaGFzIHRoZSBJRCAyMzIzMjMNCg0KLS02Zjg0ODcwNC03OGQzLTRlDQpDb250ZW50LURpc3Bvc2l0aW9uOiBmb3JtLWRhdGE7IG5hbWU9InB1cnBvc2UiDQoNCmFzc2lzdGFudHMNCi0tNmY4NDg3MDQtNzhkMy00ZS0t",
      "StatusCode": 200,
      "ResponseHeaders": {
        "Access-Control-Allow-Origin": "*",
        "apim-request-id": "73ee171d-8b24-4eab-bdbf-72a4903e6b0c",
        "Content-Length": "213",
        "Content-Type": "application/json",
        "Date": "Tue, 06 Feb 2024 20:21:26 GMT",
        "Strict-Transport-Security": "max-age=31536000; includeSubDomains; preload",
        "X-Content-Type-Options": "nosniff",
        "x-ms-client-request-id": "064498ec-0f86-4d4b-9045-c7ccd53f2d0f",
        "x-ms-region": "West US 2",
        "X-Request-ID": "e2e6af73-81ce-4357-bdb6-22661e6fb52e"
      },
      "ResponseBody": {
        "object": "file",
        "id": "assistant-EcCAkssZOFwcE2m8PK007bGf",
        "purpose": "assistants",
        "filename": "file",
        "bytes": 102,
        "created_at": 1707250885,
        "status": "processed",
        "status_details": null
      }
    },
    {
      "RequestUri": "https://REDACTED/openai/assistants/asst_YJin4hgyEPFCRYUOp7OSCZpF/files?api-version=2024-02-15-preview",
      "RequestMethod": "POST",
      "RequestHeaders": {
        "Accept": "application/json",
        "api-key": "REDACTED",
        "Content-Length": "48",
        "Content-Type": "application/json",
        "Date": "Tue, 06 Feb 2024 20:21:26 GMT",
        "User-Agent": "azsdk-java-azure-ai-openai-assistants/1.0.0-beta.1 (11.0.21; Windows 11; 10.0)",
        "x-ms-client-request-id": "28bc5d2f-b7b5-4aff-985f-9522f56f73de"
      },
      "RequestBody": {
        "file_id": "assistant-EcCAkssZOFwcE2m8PK007bGf"
      },
      "StatusCode": 200,
      "ResponseHeaders": {
        "apim-request-id": "f853b784-dff6-45ee-af42-3210d4c2d18f",
        "Content-Length": "157",
        "Content-Type": "application/json",
        "Date": "Tue, 06 Feb 2024 20:21:26 GMT",
        "Strict-Transport-Security": "max-age=31536000; includeSubDomains; preload",
        "X-Content-Type-Options": "nosniff",
        "x-ms-client-request-id": "28bc5d2f-b7b5-4aff-985f-9522f56f73de",
        "x-ms-region": "West US 2",
        "X-Request-ID": "cf1dd8d6-0bc2-4fa2-b75b-88e741b0a756"
      },
      "ResponseBody": {
        "id": "assistant-EcCAkssZOFwcE2m8PK007bGf",
        "object": "assistant.file",
        "created_at": 1707250887,
        "assistant_id": "asst_YJin4hgyEPFCRYUOp7OSCZpF"
      }
    },
    {
      "RequestUri": "https://REDACTED/openai/assistants/asst_YJin4hgyEPFCRYUOp7OSCZpF/files?api-version=2024-02-15-preview",
      "RequestMethod": "POST",
      "RequestHeaders": {
        "Accept": "application/json",
        "api-key": "REDACTED",
        "Content-Length": "48",
        "Content-Type": "application/json",
        "Date": "Tue, 06 Feb 2024 20:21:26 GMT",
        "User-Agent": "azsdk-java-azure-ai-openai-assistants/1.0.0-beta.1 (11.0.21; Windows 11; 10.0)",
        "x-ms-client-request-id": "765f906f-b921-47e3-a399-b5117514c78a"
      },
      "RequestBody": {
        "file_id": "assistant-EcCAkssZOFwcE2m8PK007bGf"
      },
      "StatusCode": 200,
      "ResponseHeaders": {
        "apim-request-id": "cc858abd-9b7a-4870-83f6-f1ca68f4688d",
        "Content-Length": "157",
        "Content-Type": "application/json",
        "Date": "Tue, 06 Feb 2024 20:21:26 GMT",
        "Strict-Transport-Security": "max-age=31536000; includeSubDomains; preload",
        "X-Content-Type-Options": "nosniff",
        "x-ms-client-request-id": "765f906f-b921-47e3-a399-b5117514c78a",
        "x-ms-region": "West US 2",
        "X-Request-ID": "f5831bbe-dbec-4191-8c31-de12638afb62"
      },
      "ResponseBody": {
        "id": "assistant-EcCAkssZOFwcE2m8PK007bGf",
        "object": "assistant.file",
        "created_at": 1707250887,
        "assistant_id": "asst_YJin4hgyEPFCRYUOp7OSCZpF"
      }
    },
    {
      "RequestUri": "https://REDACTED/openai/assistants/asst_YJin4hgyEPFCRYUOp7OSCZpF/files?limit=100\u0026order=asc\u0026api-version=2024-02-15-preview",
      "RequestMethod": "GET",
      "RequestHeaders": {
        "Accept": "application/json",
        "api-key": "REDACTED",
        "Content-Length": "0",
        "Date": "Tue, 06 Feb 2024 20:21:27 GMT",
        "User-Agent": "azsdk-java-azure-ai-openai-assistants/1.0.0-beta.1 (11.0.21; Windows 11; 10.0)",
        "x-ms-client-request-id": "4f310e21-c2b0-47e6-ba65-800b757de976"
      },
      "RequestBody": null,
      "StatusCode": 200,
      "ResponseHeaders": {
        "apim-request-id": "00fbd685-1521-4ba4-ba61-9e31a8d74d19",
        "Content-Length": "345",
        "Content-Type": "application/json",
        "Date": "Tue, 06 Feb 2024 20:21:26 GMT",
        "Strict-Transport-Security": "max-age=31536000; includeSubDomains; preload",
        "X-Content-Type-Options": "nosniff",
        "x-ms-client-request-id": "4f310e21-c2b0-47e6-ba65-800b757de976",
        "x-ms-region": "West US 2",
        "X-Request-ID": "cb65dd2a-79c6-46e4-bd10-5047b62e2df9"
      },
      "ResponseBody": {
        "object": "list",
        "data": [
          {
            "id": "assistant-EcCAkssZOFwcE2m8PK007bGf",
            "object": "assistant.file",
            "created_at": 1707250887,
            "assistant_id": "asst_YJin4hgyEPFCRYUOp7OSCZpF"
          }
        ],
        "first_id": "assistant-EcCAkssZOFwcE2m8PK007bGf",
        "last_id": "assistant-EcCAkssZOFwcE2m8PK007bGf",
        "has_more": false
      }
    },
    {
      "RequestUri": "https://REDACTED/openai/files/assistant-EcCAkssZOFwcE2m8PK007bGf?api-version=2024-02-15-preview",
      "RequestMethod": "DELETE",
      "RequestHeaders": {
        "Accept": "application/json",
        "api-key": "REDACTED",
        "Content-Length": "0",
        "Date": "Tue, 06 Feb 2024 20:21:27 GMT",
        "User-Agent": "azsdk-java-azure-ai-openai-assistants/1.0.0-beta.1 (11.0.21; Windows 11; 10.0)",
        "x-ms-client-request-id": "40212799-4146-4628-8732-00a62b062247"
      },
      "RequestBody": null,
      "StatusCode": 200,
      "ResponseHeaders": {
        "Access-Control-Allow-Origin": "*",
        "apim-request-id": "3f971bc9-4324-4d85-a97f-6d2c165ac5c5",
        "Content-Length": "88",
        "Content-Type": "application/json",
        "Date": "Tue, 06 Feb 2024 20:21:28 GMT",
        "Strict-Transport-Security": "max-age=31536000; includeSubDomains; preload",
        "X-Content-Type-Options": "nosniff",
        "x-ms-client-request-id": "40212799-4146-4628-8732-00a62b062247",
        "x-ms-region": "West US 2",
        "X-Request-ID": "e50b3775-5f1f-49a5-961d-b07fac14683b"
      },
      "ResponseBody": {
        "object": "file",
        "id": "assistant-EcCAkssZOFwcE2m8PK007bGf",
        "deleted": true
      }
    },
    {
      "RequestUri": "https://REDACTED/openai/assistants/asst_YJin4hgyEPFCRYUOp7OSCZpF?api-version=2024-02-15-preview",
      "RequestMethod": "DELETE",
      "RequestHeaders": {
        "Accept": "application/json",
        "api-key": "REDACTED",
        "Content-Length": "0",
        "Date": "Tue, 06 Feb 2024 20:21:28 GMT",
        "User-Agent": "azsdk-java-azure-ai-openai-assistants/1.0.0-beta.1 (11.0.21; Windows 11; 10.0)",
        "x-ms-client-request-id": "b4d28c98-b337-48ab-a131-3ed4c004d72d"
      },
      "RequestBody": null,
      "StatusCode": 200,
      "ResponseHeaders": {
        "apim-request-id": "ac12ecc8-84eb-4b90-a2d1-831c4d9a9632",
        "Content-Length": "95",
        "Content-Type": "application/json",
        "Date": "Tue, 06 Feb 2024 20:21:28 GMT",
        "Strict-Transport-Security": "max-age=31536000; includeSubDomains; preload",
        "X-Content-Type-Options": "nosniff",
        "x-ms-client-request-id": "b4d28c98-b337-48ab-a131-3ed4c004d72d",
        "x-ms-region": "West US 2",
        "X-Request-ID": "be51881f-5539-4a3b-82b5-f84a5d4c9f0a"
      },
      "ResponseBody": {
        "id": "asst_YJin4hgyEPFCRYUOp7OSCZpF",
        "object": "assistant.deleted",
        "deleted": true
      }
    }
  ],
  "Variables": {}
}
