{
  "Entries": [
    {
      "RequestUri": "https://REDACTED/openai/files?api-version=2024-02-15-preview",
      "RequestMethod": "POST",
      "RequestHeaders": {
        "Accept": "application/json",
        "api-key": "REDACTED",
        "Content-Length": "330",
        "Content-Type": "multipart/form-data; boundary=BOUNDARY",
        "Date": "Mon, 05 Feb 2024 22:56:07 GMT",
        "OpenAI-Beta": "assistants=v1",
        "User-Agent": "azsdk-java-azure-ai-openai-assistants/1.0.0-beta.1 (11.0.21; Windows 11; 10.0)",
        "x-ms-client-request-id": "e057b185-2dc0-4cfa-8ccb-74b75362bf84"
      },
      "RequestBody": "LS1jOTdjMTYwYy00YWM1LTRmDQpDb250ZW50LURpc3Bvc2l0aW9uOiBmb3JtLWRhdGE7IG5hbWU9ImZpbGUiOyBmaWxlbmFtZT0iZmlsZSINCkNvbnRlbnQtVHlwZTogYXBwbGljYXRpb24vb2N0ZXQtc3RyZWFtDQoNCkFzc2lzdGFudHMgcHVycG9zZSBmaWxlOg0KVGhlIHdvcmQgJ2FwcGxlJyBoYXMgdGhlIElEIDQ1NDU0NSBhbmQgdGhlIHdvcmQgJ2JhbmFuYScgaGFzIHRoZSBJRCAyMzIzMjMNCg0KLS1jOTdjMTYwYy00YWM1LTRmDQpDb250ZW50LURpc3Bvc2l0aW9uOiBmb3JtLWRhdGE7IG5hbWU9InB1cnBvc2UiDQoNCmFzc2lzdGFudHMNCi0tYzk3YzE2MGMtNGFjNS00Zi0t",
      "StatusCode": 200,
      "ResponseHeaders": {
        "Access-Control-Allow-Origin": "*",
        "apim-request-id": "7bb7daa4-ee89-4850-b5d0-2dfd5c5a3e2f",
        "Content-Length": "213",
        "Content-Type": "application/json",
        "Date": "Mon, 05 Feb 2024 22:56:06 GMT",
        "Strict-Transport-Security": "max-age=31536000; includeSubDomains; preload",
        "X-Content-Type-Options": "nosniff",
        "x-ms-client-request-id": "e057b185-2dc0-4cfa-8ccb-74b75362bf84",
        "x-ms-region": "West US 2",
        "X-Request-ID": "fa300b77-4ae7-4d67-b51f-4db8215af10f"
      },
      "ResponseBody": {
        "object": "file",
        "id": "assistant-HMm4IpYMaS4mS4Gerpmt462N",
        "purpose": "assistants",
        "filename": "file",
        "bytes": 102,
        "created_at": 1707173764,
        "status": "processed",
        "status_details": null
      }
    },
    {
      "RequestUri": "https://REDACTED/openai/files/assistant-HMm4IpYMaS4mS4Gerpmt462N?api-version=2024-02-15-preview",
      "RequestMethod": "GET",
      "RequestHeaders": {
        "Accept": "application/json",
        "api-key": "REDACTED",
        "Content-Length": "0",
        "Date": "Mon, 05 Feb 2024 22:56:08 GMT",
        "OpenAI-Beta": "assistants=v1",
        "User-Agent": "azsdk-java-azure-ai-openai-assistants/1.0.0-beta.1 (11.0.21; Windows 11; 10.0)",
        "x-ms-client-request-id": "a52db561-a75d-4b33-b841-f32758464327"
      },
      "RequestBody": null,
      "StatusCode": 200,
      "ResponseHeaders": {
        "Access-Control-Allow-Origin": "*",
        "apim-request-id": "f0423526-0268-4c0b-a82c-06a957ac9e1f",
        "Content-Length": "213",
        "Content-Type": "application/json",
        "Date": "Mon, 05 Feb 2024 22:56:06 GMT",
        "Strict-Transport-Security": "max-age=31536000; includeSubDomains; preload",
        "X-Content-Type-Options": "nosniff",
        "x-ms-client-request-id": "a52db561-a75d-4b33-b841-f32758464327",
        "x-ms-region": "West US 2",
        "X-Request-ID": "20e4e278-f755-44c8-b08a-0679d07c7d75"
      },
      "ResponseBody": {
        "object": "file",
        "id": "assistant-HMm4IpYMaS4mS4Gerpmt462N",
        "purpose": "assistants",
        "filename": "file",
        "bytes": 102,
        "created_at": 1707173764,
        "status": "processed",
        "status_details": null
      }
    },
    {
      "RequestUri": "https://REDACTED/openai/files?api-version=2024-02-15-preview\u0026purpose=assistants",
      "RequestMethod": "GET",
      "RequestHeaders": {
        "Accept": "application/json",
        "api-key": "REDACTED",
        "Content-Length": "0",
        "Date": "Mon, 05 Feb 2024 22:56:08 GMT",
        "OpenAI-Beta": "assistants=v1",
        "User-Agent": "azsdk-java-azure-ai-openai-assistants/1.0.0-beta.1 (11.0.21; Windows 11; 10.0)",
        "x-ms-client-request-id": "b973beac-a8fb-425b-9838-0a0bfccdc2c6"
      },
      "RequestBody": null,
      "StatusCode": 200,
      "ResponseHeaders": {
        "Access-Control-Allow-Origin": "*",
        "apim-request-id": "3d1da9fe-f6fc-45a3-a21b-5787117592b6",
        "Content-Length": "98814",
        "Content-Type": "application/json",
        "Date": "Mon, 05 Feb 2024 22:56:06 GMT",
        "Strict-Transport-Security": "max-age=31536000; includeSubDomains; preload",
        "X-Content-Type-Options": "nosniff",
        "x-ms-client-request-id": "b973beac-a8fb-425b-9838-0a0bfccdc2c6",
        "x-ms-region": "West US 2",
        "X-Request-ID": "248481d5-a676-4c1d-9a55-78b73724bc65"
      },
      "ResponseBody": {
        "object": "list",
        "data": [
          {
            "object": "file",
            "id": "assistant-HMm4IpYMaS4mS4Gerpmt462N",
            "purpose": "assistants",
            "filename": "file",
            "bytes": 102,
            "created_at": 1707173764,
            "status": "processed",
            "status_details": null
          },
          {
            "object": "file",
            "id": "assistant-V2don5mA4TUodBHTaiwBTIet",
            "purpose": "assistants",
            "filename": "java_sdk_tests_assistants.txt",
            "bytes": 102,
            "created_at": 1707173752,
            "status": "processed",
            "status_details": null
          },
          {
            "object": "file",
            "id": "assistant-ZVLNiSlOyQ0paFAoMpFegtak",
            "purpose": "assistants",
            "filename": "java_sdk_tests_assistants.txt",
            "bytes": 102,
            "created_at": 1707173724,
            "status": "processed",
            "status_details": null
          },
          {
            "object": "file",
            "id": "assistant-8gINNuqQKpFwdIJQ7hOT2vIn",
            "purpose": "assistants",
            "filename": "test9ea56079-9955-4d4e-b375-681be7105b93.txt",
            "bytes": 89,
            "created_at": 1707159181,
            "status": "processed",
            "status_details": null
          },
          {
            "object": "file",
            "id": "assistant-oTnH30IAKeZgaCYbRCtKIgXK",
            "purpose": "assistants",
            "filename": "test270085e8-a38d-4833-8f0a-f213b1641a73.txt",
            "bytes": 4,
            "created_at": 1707159165,
            "status": "processed",
            "status_details": null
          },
          {
            "object": "file",
            "id": "assistant-02f7aAlOoJ8QKk5UfPF7t1jR",
            "purpose": "assistants",
            "filename": "test91a6dc11-058a-4b63-a016-01d04172d202.txt",
            "bytes": 4,
            "created_at": 1707159161,
            "status": "processed",
            "status_details": null
          },
          {
            "object": "file",
            "id": "assistant-PEHKpQWsnrOmULVbucztcIUO",
            "purpose": "assistants",
            "filename": "test91a6dc11-058a-4b63-a016-01d04172d202.txt",
            "bytes": 4,
            "created_at": 1707159159,
            "status": "processed",
            "status_details": null
          },
          {
            "object": "file",
            "id": "assistant-UKkNRXcleDlRPEUiWUuMVS8r",
            "purpose": "assistants",
            "filename": "test473e61b4-9dde-457e-9072-d8c815491ccc.txt",
            "bytes": 89,
            "created_at": 1707158678,
            "status": "processed",
            "status_details": null
          },
          {
            "object": "file",
            "id": "assistant-sQKsJ6nxK8tE3YBU2HdXpODQ",
            "purpose": "assistants",
            "filename": "test4439976c-38d0-4776-a542-16b2ab4515d5.txt",
            "bytes": 4,
            "created_at": 1707158656,
            "status": "processed",
            "status_details": null
          },
          {
            "object": "file",
            "id": "assistant-KV57sCa0PtWoQFAyR5wwLtS1",
            "purpose": "assistants",
            "filename": "test570347b8-f4fd-414c-80c9-fe73b80762b4.txt",
            "bytes": 4,
            "created_at": 1707158652,
            "status": "processed",
            "status_details": null
          },
          {
            "object": "file",
            "id": "assistant-vlcl9LbWkW2PV2CGxfEUBAaO",
            "purpose": "assistants",
            "filename": "test570347b8-f4fd-414c-80c9-fe73b80762b4.txt",
            "bytes": 4,
            "created_at": 1707158651,
            "status": "processed",
            "status_details": null
          },
          {
            "object": "file",
            "id": "assistant-qTMBcnZwK8rCM8N7yL6oiLgM",
            "purpose": "assistants",
            "filename": "testd5e9894e-0be4-4dda-a41c-b3814bd6ef33.txt",
            "bytes": 89,
            "created_at": 1707158227,
            "status": "processed",
            "status_details": null
          },
          {
            "object": "file",
            "id": "assistant-4Bgy5BM2mZS5WhGXHFnYVFwI",
            "purpose": "assistants",
            "filename": "test5a8388c2-fa8e-440d-9ab1-c45085397730.txt",
            "bytes": 4,
            "created_at": 1707158205,
            "status": "processed",
            "status_details": null
          },
          {
            "object": "file",
            "id": "assistant-M8yudar5Joj6wFkFqizmIDqV",
            "purpose": "assistants",
            "filename": "test53ff896f-55dc-4e79-bbf2-56f16188eae4.txt",
            "bytes": 4,
            "created_at": 1707158200,
            "status": "processed",
            "status_details": null
          },
          {
            "object": "file",
            "id": "assistant-PLZkhCzxvPGhFe0kCMA9Qe7O",
            "purpose": "assistants",
            "filename": "test53ff896f-55dc-4e79-bbf2-56f16188eae4.txt",
            "bytes": 4,
            "created_at": 1707158198,
            "status": "processed",
            "status_details": null
          },
          {
            "object": "file",
            "id": "assistant-oKduqE6E2CLEeziHVIDGI50a",
            "purpose": "assistants",
            "filename": "transactions.csv",
            "bytes": 9212,
            "created_at": 1706898146,
            "status": "processed",
            "status_details": null
          },
          {
            "object": "file",
            "id": "assistant-AMW3OmbBWW3O2Wz6tL2stYi1",
            "purpose": "assistants",
            "filename": "text1.txt.txt",
            "bytes": 5,
            "created_at": 1706813811,
            "status": "processed",
            "status_details": null
          },
          {
            "object": "file",
            "id": "assistant-QsqNpXUDWqqfhU6hkvrkdY8Y",
            "purpose": "assistants",
            "filename": "text1.txt.txt",
            "bytes": 5,
            "created_at": 1706812673,
            "status": "processed",
            "status_details": null
          },
          {
            "object": "file",
            "id": "assistant-8e6NOrhyIXBkhlaFeiI3O5Lu",
            "purpose": "assistants",
            "filename": "profits_1_2_2024.txt",
            "bytes": 121,
            "created_at": 1706767233,
            "status": "processed",
            "status_details": null
          },
          {
            "object": "file",
            "id": "assistant-oEjBU8QYo2VHRxgZ2YgLCdxk",
            "purpose": "assistants",
            "filename": "nifty_500_quarterly_results new.csv",
            "bytes": 77164,
            "created_at": 1706746624,
            "status": "processed",
            "status_details": null
          },
          {
            "object": "file",
            "id": "assistant-STZRNGBPWjxReuqoUfftdWM8",
            "purpose": "assistants",
            "filename": "nifty_500_quarterly_results_new.csv",
            "bytes": 77164,
            "created_at": 1706744170,
            "status": "processed",
            "status_details": null
          },
          {
            "object": "file",
            "id": "assistant-zOfapnFftPBUReBESY0pIi2c",
            "purpose": "assistants",
            "filename": "nifty_500_quarterly_results_new.csv",
            "bytes": 77164,
            "created_at": 1706744030,
            "status": "processed",
            "status_details": null
          },
          {
            "object": "file",
            "id": "assistant-mNgFAsL883ZJcjyVbURw2w91",
            "purpose": "assistants",
            "filename": "nifty_500_quarterly_results_new.csv",
            "bytes": 77164,
            "created_at": 1706743681,
            "status": "processed",
            "status_details": null
          },
          {
            "object": "file",
            "id": "assistant-LHgYBe7SNvOz9T2m6MZ2w40X",
            "purpose": "assistants",
            "filename": "java_sdk_tests_assistants.txt",
            "bytes": 102,
            "created_at": 1706742352,
            "status": "processed",
            "status_details": null
          },
          {
            "object": "file",
            "id": "assistant-iOEX6xcsVfU0FhjMMugyjU4V",
            "purpose": "assistants",
            "filename": "java_sdk_tests_assistants.txt",
            "bytes": 102,
            "created_at": 1706742239,
            "status": "processed",
            "status_details": null
          },
          {
            "object": "file",
            "id": "assistant-htzMtetTrjozZpskTfKvCpSu",
            "purpose": "assistants",
            "filename": "java_sdk_tests_assistants.txt",
            "bytes": 102,
            "created_at": 1706740189,
            "status": "processed",
            "status_details": null
          },
          {
            "object": "file",
            "id": "assistant-bgDaenQO3GDrRlstN5UQpACW",
            "purpose": "assistants",
            "filename": "java_sdk_tests_assistants.txt",
            "bytes": 102,
            "created_at": 1706740141,
            "status": "processed",
            "status_details": null
          },
          {
            "object": "file",
            "id": "assistant-b3D5zWUw1QInofzxdCLe70LW",
            "purpose": "assistants",
            "filename": "file",
            "bytes": 102,
            "created_at": 1706738165,
            "status": "processed",
            "status_details": null
          },
          {
            "object": "file",
            "id": "assistant-0S0z06abbVpZFwWesw5GuoIe",
            "purpose": "assistants",
            "filename": "file",
            "bytes": 102,
            "created_at": 1706738164,
            "status": "processed",
            "status_details": null
          },
          {
            "object": "file",
            "id": "assistant-Ual3hR9l4OIwGjJelMFe2qgx",
            "purpose": "assistants",
            "filename": "file",
            "bytes": 102,
            "created_at": 1706738162,
            "status": "processed",
            "status_details": null
          },
          {
            "object": "file",
            "id": "assistant-ptpWbL4V3Ze7vSXWvdFb3GyH",
            "purpose": "assistants",
            "filename": "file",
            "bytes": 102,
            "created_at": 1706737371,
            "status": "processed",
            "status_details": null
          },
          {
            "object": "file",
            "id": "assistant-eaWntYep6W3lbVHuVnt9znPL",
            "purpose": "assistants",
            "filename": "file",
            "bytes": 102,
            "created_at": 1706737369,
            "status": "processed",
            "status_details": null
          },
          {
            "object": "file",
            "id": "assistant-kib6EYDChSXF2MWZ5YPtq0wc",
            "purpose": "assistants",
            "filename": "file",
            "bytes": 102,
            "created_at": 1706736353,
            "status": "processed",
            "status_details": null
          },
          {
            "object": "file",
            "id": "assistant-43B9tEV9xEe2TD8yc70X5cXN",
            "purpose": "assistants",
            "filename": "file",
            "bytes": 102,
            "created_at": 1706736351,
            "status": "processed",
            "status_details": null
          },
          {
            "object": "file",
            "id": "assistant-9KsS0a7i27XC9m9SkKWXwDZ7",
            "purpose": "assistants",
            "filename": "file",
            "bytes": 102,
            "created_at": 1706735727,
            "status": "processed",
            "status_details": null
          },
          {
            "object": "file",
            "id": "assistant-eSZMGbotKrVdCq9stanLx4La",
            "purpose": "assistants",
            "filename": "file",
            "bytes": 102,
            "created_at": 1706735533,
            "status": "processed",
            "status_details": null
          },
          {
            "object": "file",
            "id": "assistant-k8DM0qefpRSnHTkvT6Ky5sQB",
            "purpose": "assistants",
            "filename": "transactions.csv",
            "bytes": 9212,
            "created_at": 1706717541,
            "status": "processed",
            "status_details": null
          },
          {
            "object": "file",
            "id": "assistant-f4QqY2rHim5A0px5UvxsBPjm",
            "purpose": "assistants",
            "filename": "java_sdk_tests_assistants.txt",
            "bytes": 102,
            "created_at": 1706696363,
            "status": "processed",
            "status_details": null
          },
          {
            "object": "file",
            "id": "assistant-uILlbkddd9CR2SlDiYJEzPto",
            "purpose": "assistants",
            "filename": "file",
            "bytes": 102,
            "created_at": 1706686541,
            "status": "processed",
            "status_details": null
          },
          {
            "object": "file",
            "id": "assistant-ZAZsUCOxyn1A8wsrKaVJ6WND",
            "purpose": "assistants",
            "filename": "file",
            "bytes": 102,
            "created_at": 1706686499,
            "status": "processed",
            "status_details": null
          },
          {
            "object": "file",
            "id": "assistant-BD2qEoDEPgAvq3KCwiyOcZkA",
            "purpose": "assistants",
            "filename": "file",
            "bytes": 102,
            "created_at": 1706686395,
            "status": "processed",
            "status_details": null
          },
          {
            "object": "file",
            "id": "assistant-JSaKxsJyHPLSdIRpSFkYYYiO",
            "purpose": "assistants",
            "filename": "nifty_500_quarterly_results new.csv",
            "bytes": 77164,
            "created_at": 1706656156,
            "status": "processed",
            "status_details": null
          },
          {
            "object": "file",
            "id": "assistant-NNxunkaPK2FM7vbCkufp67hJ",
            "purpose": "assistants",
            "filename": "text1.txt.txt",
            "bytes": 5,
            "created_at": 1706643576,
            "status": "processed",
            "status_details": null
          },
          {
            "object": "file",
            "id": "assistant-AFn6GUdgex0j2h1WE9FQENKn",
            "purpose": "assistants",
            "filename": "java_sdk_tests_assistants.txt",
            "bytes": 102,
            "created_at": 1706638249,
            "status": "processed",
            "status_details": null
          },
          {
            "object": "file",
            "id": "assistant-UMsl3v0Koa8SbBHNvHtPa4V2",
            "purpose": "assistants",
            "filename": "java_sdk_tests_assistants.txt",
            "bytes": 102,
            "created_at": 1706626560,
            "status": "processed",
            "status_details": null
          },
          {
            "object": "file",
            "id": "assistant-9qsNiym0ou8icPzyov80UswL",
            "purpose": "assistants",
            "filename": "java_sdk_tests_assistants.txt",
            "bytes": 102,
            "created_at": 1706626474,
            "status": "processed",
            "status_details": null
          },
          {
            "object": "file",
            "id": "assistant-bMk9PJBk3wh9HwiWKSQhdTuU",
            "purpose": "assistants",
            "filename": "fta-portfolio.csv",
            "bytes": 156,
            "created_at": 1706575348,
            "status": "processed",
            "status_details": null
          },
          {
            "object": "file",
            "id": "assistant-jAIxsQYU89kXGoXalVGs4aVW",
            "purpose": "assistants",
            "filename": "text1.txt.txt",
            "bytes": 5,
            "created_at": 1706567194,
            "status": "processed",
            "status_details": null
          },
          {
            "object": "file",
            "id": "assistant-TNqxFa5RVLXPzGKRMyhyHw5I",
            "purpose": "assistants",
            "filename": "nifty_500_quarterly_results_new.csv",
            "bytes": 77164,
            "created_at": 1706471331,
            "status": "processed",
            "status_details": null
          },
          {
            "object": "file",
            "id": "assistant-aK05mMPi0lh9dok6Pi5IFkGC",
            "purpose": "assistants",
            "filename": "2023-24PiedmontSchoolCalendar.pdf",
            "bytes": 136307,
            "created_at": 1706314503,
            "status": "processed",
            "status_details": null
          },
          {
            "object": "file",
            "id": "assistant-q4LW27DF80VLGVASTrfkoFdm",
            "purpose": "assistants",
            "filename": "test43f56990-1705-4bd4-83f1-1507f0638951.txt",
            "bytes": 89,
            "created_at": 1706295611,
            "status": "processed",
            "status_details": null
          },
          {
            "object": "file",
            "id": "assistant-XaTFcm8kvzLotd2jv1w6CXYH",
            "purpose": "assistants",
            "filename": "test6e15113d-3bcb-4ed1-a734-c9869bb512e0.txt",
            "bytes": 4,
            "created_at": 1706295564,
            "status": "processed",
            "status_details": null
          },
          {
            "object": "file",
            "id": "assistant-1WBt6C3ux3upXYMSYFWmF288",
            "purpose": "assistants",
            "filename": "test5f969778-d996-4287-ad38-c18873cbd04a.txt",
            "bytes": 4,
            "created_at": 1706295560,
            "status": "processed",
            "status_details": null
          },
          {
            "object": "file",
            "id": "assistant-lNauyRS1ttcxusleNWd9PYTC",
            "purpose": "assistants",
            "filename": "test5f969778-d996-4287-ad38-c18873cbd04a.txt",
            "bytes": 4,
            "created_at": 1706295559,
            "status": "processed",
            "status_details": null
          },
          {
            "object": "file",
            "id": "assistant-zBaNoNHpxX2E1b4ccpiv2Oaq",
            "purpose": "assistants",
            "filename": "test68fe1e72-bb82-4b98-8962-a791b10a8135.txt",
            "bytes": 4,
            "created_at": 1706295391,
            "status": "processed",
            "status_details": null
          },
          {
            "object": "file",
            "id": "assistant-g2iAXiVAWtzb4usQYNlt1otU",
            "purpose": "assistants",
            "filename": "test70a58453-d20c-4ef1-87ca-e3ec0b739394.txt",
            "bytes": 4,
            "created_at": 1706295388,
            "status": "processed",
            "status_details": null
          },
          {
            "object": "file",
            "id": "assistant-4EZ2Cnu8dFhKJlBZT1MnM73K",
            "purpose": "assistants",
            "filename": "test70a58453-d20c-4ef1-87ca-e3ec0b739394.txt",
            "bytes": 4,
            "created_at": 1706295386,
            "status": "processed",
            "status_details": null
          },
          {
            "object": "file",
            "id": "assistant-fHreFgYN7LwbKeyOea9buFQ3",
            "purpose": "assistants",
            "filename": "test676b9931-9a61-4bd9-83db-248d6cf23bbb.txt",
            "bytes": 89,
            "created_at": 1706295019,
            "status": "processed",
            "status_details": null
          },
          {
            "object": "file",
            "id": "assistant-72gp66Vb6MbMEQLBRPTMvUkm",
            "purpose": "assistants",
            "filename": "teste67805ad-e8c6-486d-a6cf-29063a4cf837.txt",
            "bytes": 4,
            "created_at": 1706295014,
            "status": "processed",
            "status_details": null
          },
          {
            "object": "file",
            "id": "assistant-884gG75E1VeqAJPK00S407WV",
            "purpose": "assistants",
            "filename": "test0251b0fc-3113-41da-b62b-4b7db7af721b.txt",
            "bytes": 4,
            "created_at": 1706295010,
            "status": "processed",
            "status_details": null
          },
          {
            "object": "file",
            "id": "assistant-ER94AHdQChJElJXs8PFeccyT",
            "purpose": "assistants",
            "filename": "test0251b0fc-3113-41da-b62b-4b7db7af721b.txt",
            "bytes": 4,
            "created_at": 1706295008,
            "status": "processed",
            "status_details": null
          },
          {
            "object": "file",
            "id": "assistant-ltlYQHdIlhkiSl9jIeoDyBda",
            "purpose": "assistants",
            "filename": "retrieval_instructions_azure_tv_11_6.pdf",
            "bytes": 35352,
            "created_at": 1706265957,
            "status": "processed",
            "status_details": null
          },
          {
            "object": "file",
            "id": "assistant-w4gdALl8mUIjdvyEj5wYnCh6",
            "purpose": "assistants",
            "filename": "2023-sales-data.xlsx",
            "bytes": 11406,
            "created_at": 1706227271,
            "status": "processed",
            "status_details": null
          },
          {
            "object": "file",
            "id": "assistant-0SOHSFzjitDIIDaANhnNouEj",
            "purpose": "assistants",
            "filename": "abc.txt",
            "bytes": 14,
            "created_at": 1706222005,
            "status": "processed",
            "status_details": null
          },
          {
            "object": "file",
            "id": "assistant-CsbmDsy8DIjTc80kLLZYJ8rw",
            "purpose": "assistants",
            "filename": "Rivian-R1T-owners-manual-guide.pdf",
            "bytes": 5717644,
            "created_at": 1706221919,
            "status": "processed",
            "status_details": null
          },
          {
            "object": "file",
            "id": "assistant-JLo1mdG7xGjVnmKz1UjpU2LD",
            "purpose": "assistants",
            "filename": "hello_world.txt",
            "bytes": 13,
            "created_at": 1706221846,
            "status": "processed",
            "status_details": null
          },
          {
            "object": "file",
            "id": "assistant-7beYFGR1yENTYTi99Ag3zExF",
            "purpose": "assistants",
            "filename": "inclusion.txt",
            "bytes": 1295,
            "created_at": 1706221099,
            "status": "processed",
            "status_details": null
          },
          {
            "object": "file",
            "id": "assistant-zUvFL70lcCMkgydyof8C7P7o",
            "purpose": "assistants",
            "filename": "20231024 - Travel Hacking Tools.pptx",
            "bytes": 22149855,
            "created_at": 1706220697,
            "status": "processed",
            "status_details": null
          },
          {
            "object": "file",
            "id": "assistant-No0c8nNxLDdX8KauIEfAyuHK",
            "purpose": "assistants",
            "filename": "2023-sales-data.xlsx",
            "bytes": 11725,
            "created_at": 1706215144,
            "status": "processed",
            "status_details": null
          },
          {
            "object": "file",
            "id": "assistant-O3rXEA1cKFVDbPP1UCAUBwNJ",
            "purpose": "assistants",
            "filename": "test.txt",
            "bytes": 4,
            "created_at": 1706208828,
            "status": "processed",
            "status_details": null
          },
          {
            "object": "file",
            "id": "assistant-z103rrYDcRXgfVuQXJG2cKGO",
            "purpose": "assistants",
            "filename": "test.txt",
            "bytes": 4,
            "created_at": 1706208471,
            "status": "processed",
            "status_details": null
          },
          {
            "object": "file",
            "id": "assistant-DEAXb0KaoMTzmntRFdfJNayb",
            "purpose": "assistants",
            "filename": "test.txt",
            "bytes": 4,
            "created_at": 1706208343,
            "status": "processed",
            "status_details": null
          },
          {
            "object": "file",
            "id": "assistant-W48qPMuF7X5mJZ1yRUb7DWe7",
            "purpose": "assistants",
            "filename": "dify-agent.png",
            "bytes": 140945,
            "created_at": 1706157278,
            "status": "processed",
            "status_details": null
          },
          {
            "object": "file",
            "id": "assistant-tkj8zbmYokMdjamyzryImG3V",
            "purpose": "assistants",
            "filename": "bill_sum_data.csv",
            "bytes": 241914,
            "created_at": 1706152356,
            "status": "processed",
            "status_details": null
          },
          {
            "object": "file",
            "id": "assistant-8mCVLsfWjNM0pL9JgnjIPgE2",
            "purpose": "assistants",
            "filename": "bill_sum_data.csv",
            "bytes": 241914,
            "created_at": 1706152211,
            "status": "processed",
            "status_details": null
          },
          {
            "object": "file",
            "id": "assistant-R9uhPxvRKGH3m0x5zBOhMjd2",
            "purpose": "assistants",
            "filename": "test.txt",
            "bytes": 4,
            "created_at": 1706151350,
            "status": "processed",
            "status_details": null
          },
          {
            "object": "file",
            "id": "assistant-FWOv0HOexjGxmj5yGQkW2t45",
            "purpose": "assistants",
            "filename": "policy.txt",
            "bytes": 89,
            "created_at": 1706150632,
            "status": "processed",
            "status_details": null
          },
          {
            "object": "file",
            "id": "assistant-nOCWkfrqiCgDHWu8JOsMkcND",
            "purpose": "assistants",
            "filename": "test.txt",
            "bytes": 4,
            "created_at": 1706150190,
            "status": "processed",
            "status_details": null
          },
          {
            "object": "file",
            "id": "assistant-Oic1wbrp3Fpi6hjYjkVojWzP",
            "purpose": "assistants",
            "filename": "test.txt",
            "bytes": 4,
            "created_at": 1706150189,
            "status": "processed",
            "status_details": null
          },
          {
            "object": "file",
            "id": "assistant-FKlQBiTuI54FWE7uEHRKUnFX",
            "purpose": "assistants",
            "filename": "file",
            "bytes": 29,
            "created_at": 1706063261,
            "status": "processed",
            "status_details": null
          },
          {
            "object": "file",
            "id": "assistant-cghrnTdjxen5cpNBtPTU35YN",
            "purpose": "assistants",
            "filename": "profits_1_2_2024.txt",
            "bytes": 121,
            "created_at": 1706061500,
            "status": "processed",
            "status_details": null
          },
          {
            "object": "file",
            "id": "assistant-HL7utaOtBWKBYbUUbbivf6Vd",
            "purpose": "assistants",
            "filename": "product_info_11.md",
            "bytes": 10970,
            "created_at": 1706047348,
            "status": "processed",
            "status_details": null
          },
          {
            "object": "file",
            "id": "assistant-zZliZdKEfMgSiPJ64xDYva2g",
            "purpose": "assistants",
            "filename": "product_info_13.md",
            "bytes": 10964,
            "created_at": 1706047319,
            "status": "processed",
            "status_details": null
          },
          {
            "object": "file",
            "id": "assistant-Wea2WX4wGFrWv0RSMlvkffGJ",
            "purpose": "assistants",
            "filename": "retrieval_instructions_azure_tv_11_6.pdf",
            "bytes": 35352,
            "created_at": 1706041729,
            "status": "processed",
            "status_details": null
          },
          {
            "object": "file",
            "id": "assistant-eAJo0qhXfiygBEH9oVYEbwvm",
            "purpose": "assistants",
            "filename": "retrieval_instructions_azure_tv_11_6.pdf",
            "bytes": 35352,
            "created_at": 1706041719,
            "status": "processed",
            "status_details": null
          },
          {
            "object": "file",
            "id": "assistant-fgXkIvRB5aHXKxYOK3IaIfPX",
            "purpose": "assistants",
            "filename": "retrieval_instructions_azure_tv_11_6.pdf",
            "bytes": 35352,
            "created_at": 1706041137,
            "status": "processed",
            "status_details": null
          },
          {
            "object": "file",
            "id": "assistant-UJBrk2QKKuYfACTYJUZEyiOk",
            "purpose": "assistants",
            "filename": "retrieval_instructions_azure_tv_11_6.pdf",
            "bytes": 35352,
            "created_at": 1706041104,
            "status": "processed",
            "status_details": null
          },
          {
            "object": "file",
            "id": "assistant-C9elw3UPgLB1lqcOeCw7iyWy",
            "purpose": "assistants",
            "filename": "retrieval_instructions_azure_tv_11_6.pdf",
            "bytes": 35352,
            "created_at": 1706041090,
            "status": "processed",
            "status_details": null
          },
          {
            "object": "file",
            "id": "assistant-ijAopJNYRmMuKIODvN4WF3fj",
            "purpose": "assistants",
            "filename": "retrieval_instructions_azure_tv_11_6.pdf",
            "bytes": 35352,
            "created_at": 1706041041,
            "status": "processed",
            "status_details": null
          },
          {
            "object": "file",
            "id": "assistant-CfxwTnPxbck33f91RrUSL4fS",
            "purpose": "assistants",
            "filename": "retrieval_instructions_azure_tv_11_6.pdf",
            "bytes": 35352,
            "created_at": 1706040963,
            "status": "processed",
            "status_details": null
          },
          {
            "object": "file",
            "id": "assistant-E3fIMjGebboGHVF5yHWC59mL",
            "purpose": "assistants",
            "filename": "retrieval_instructions_azure_tv_11_6.pdf",
            "bytes": 35352,
            "created_at": 1706040949,
            "status": "processed",
            "status_details": null
          },
          {
            "object": "file",
            "id": "assistant-axowIWmHrAclPU1qbTs3MeWi",
            "purpose": "assistants",
            "filename": "retrieval_instructions_azure_tv_11_6.pdf",
            "bytes": 35352,
            "created_at": 1706040762,
            "status": "processed",
            "status_details": null
          },
          {
            "object": "file",
            "id": "assistant-FXU4vp0xue7zwx81R6BQ6L0V",
            "purpose": "assistants",
            "filename": "retrieval_instructions_azure_tv_11_6.pdf",
            "bytes": 35352,
            "created_at": 1706040734,
            "status": "processed",
            "status_details": null
          },
          {
            "object": "file",
            "id": "assistant-ZoiSZAbqyPIYlCkt7o76BusE",
            "purpose": "assistants",
            "filename": "retrieval_instructions_azure_tv_11_6.pdf",
            "bytes": 35352,
            "created_at": 1706040716,
            "status": "processed",
            "status_details": null
          },
          {
            "object": "file",
            "id": "assistant-UeU1l3Jzwsz3KYJovKPXoxQ3",
            "purpose": "assistants",
            "filename": "retrieval_instructions_azure_tv_11_6.pdf",
            "bytes": 35352,
            "created_at": 1706040620,
            "status": "processed",
            "status_details": null
          },
          {
            "object": "file",
            "id": "assistant-8RYUX3JGZoHAfV5PZMa9ECOp",
            "purpose": "assistants",
            "filename": "retrieval_instructions_azure_tv_11_6.pdf",
            "bytes": 35352,
            "created_at": 1706040433,
            "status": "processed",
            "status_details": null
          },
          {
            "object": "file",
            "id": "assistant-rH8MNRyKt2EfaAWYSk3uTRXL",
            "purpose": "assistants",
            "filename": "ZKIN.csv",
            "bytes": 68863,
            "created_at": 1706040388,
            "status": "processed",
            "status_details": null
          },
          {
            "object": "file",
            "id": "assistant-JQO07kYN87uAHMp8bfWFkQY1",
            "purpose": "assistants",
            "filename": "Mercedes 2023 CLA Owners Manual.pdf",
            "bytes": 27992422,
            "created_at": 1705987635,
            "status": "processed",
            "status_details": null
          },
          {
            "object": "file",
            "id": "assistant-LkNZhoPVSN85h6UqEmZl4S1a",
            "purpose": "assistants",
            "filename": "sample_file_for_upload.txt",
            "bytes": 84,
            "created_at": 1705980774,
            "status": "processed",
            "status_details": null
          },
          {
            "object": "file",
            "id": "assistant-gQEmwTOI4vamJMa4IFXtvcUh",
            "purpose": "assistants",
            "filename": "sample_file_for_upload.txt",
            "bytes": 84,
            "created_at": 1705980599,
            "status": "processed",
            "status_details": null
          },
          {
            "object": "file",
            "id": "assistant-SCtGqAhw6wZ1vyyJ8TWUF86k",
            "purpose": "assistants",
            "filename": "retrieval_instructions_azure_tv_11_6.pdf",
            "bytes": 35352,
            "created_at": 1705977639,
            "status": "processed",
            "status_details": null
          },
          {
            "object": "file",
            "id": "assistant-3WXIbV7MBHSmbAwgmoafD75g",
            "purpose": "assistants",
            "filename": "2023-sales-data.xlsx",
            "bytes": 11461,
            "created_at": 1705964336,
            "status": "processed",
            "status_details": null
          },
          {
            "object": "file",
            "id": "assistant-sLZ5F8F9pNn14I6fySa7eAgD",
            "purpose": "assistants",
            "filename": "2023-sales-data.xlsx",
            "bytes": 11461,
            "created_at": 1705963868,
            "status": "processed",
            "status_details": null
          },
          {
            "object": "file",
            "id": "assistant-7dTF29X4FopiChfU9XPAuQHo",
            "purpose": "assistants",
            "filename": "2023-sales-data.xlsx",
            "bytes": 11461,
            "created_at": 1705963504,
            "status": "processed",
            "status_details": null
          },
          {
            "object": "file",
            "id": "assistant-ySvhK4fMWOhbmv2cVocvHVxe",
            "purpose": "assistants",
            "filename": "2023-sales-data.xlsx",
            "bytes": 11461,
            "created_at": 1705962680,
            "status": "processed",
            "status_details": null
          },
          {
            "object": "file",
            "id": "assistant-uk3E6LTcRlYJhkl4Xu6Ttbsh",
            "purpose": "assistants",
            "filename": "retrieval_instructions_azure_tv_11_6.pdf",
            "bytes": 35352,
            "created_at": 1705958258,
            "status": "processed",
            "status_details": null
          },
          {
            "object": "file",
            "id": "assistant-c0HgNO6dY1QI1o1VgK1sluin",
            "purpose": "assistants",
            "filename": "retrieval_instructions_azure_tv_11_6.pdf",
            "bytes": 35352,
            "created_at": 1705958255,
            "status": "processed",
            "status_details": null
          },
          {
            "object": "file",
            "id": "assistant-ybBZblVpH8HKgOxwO6aEtBrL",
            "purpose": "assistants",
            "filename": "policy.txt",
            "bytes": 89,
            "created_at": 1705951821,
            "status": "processed",
            "status_details": null
          },
          {
            "object": "file",
            "id": "assistant-kpTo3YWrk9IppYmdbmFWeBUt",
            "purpose": "assistants",
            "filename": "Meteorite_Landings.csv",
            "bytes": 3952161,
            "created_at": 1705872546,
            "status": "processed",
            "status_details": null
          },
          {
            "object": "file",
            "id": "assistant-gMFQEtbZbC8aTcRxCUgSiN2n",
            "purpose": "assistants",
            "filename": "retrieval_instructions_azure_tv_11_6.pdf",
            "bytes": 35352,
            "created_at": 1705849582,
            "status": "processed",
            "status_details": null
          },
          {
            "object": "file",
            "id": "assistant-Qmcb7CmaZS7s4XVEJZXXp1vE",
            "purpose": "assistants",
            "filename": "retrieval_instructions_azure_tv_11_6.pdf",
            "bytes": 35352,
            "created_at": 1705849578,
            "status": "processed",
            "status_details": null
          },
          {
            "object": "file",
            "id": "assistant-vKsRxoBxUdJbgZ0VuAm3JHJ4",
            "purpose": "assistants",
            "filename": "retrieval_instructions_azure_tv_11_6.pdf",
            "bytes": 35352,
            "created_at": 1705846972,
            "status": "processed",
            "status_details": null
          },
          {
            "object": "file",
            "id": "assistant-KJiODz3qWaR1oqeb3e2TB40d",
            "purpose": "assistants",
            "filename": "retrieval_instructions_azure_tv_11_6.pdf",
            "bytes": 35352,
            "created_at": 1705846968,
            "status": "processed",
            "status_details": null
          },
          {
            "object": "file",
            "id": "assistant-kWZXdd03XEQ6FGKenBcDrvfe",
            "purpose": "assistants",
            "filename": "retrieval_instructions_azure_tv_11_6.pdf",
            "bytes": 35352,
            "created_at": 1705712847,
            "status": "processed",
            "status_details": null
          },
          {
            "object": "file",
            "id": "assistant-RRKGwbicmgicEBzvr5dCACi8",
            "purpose": "assistants",
            "filename": "retrieval_instructions_azure_tv_11_6.pdf",
            "bytes": 35352,
            "created_at": 1705712843,
            "status": "processed",
            "status_details": null
          },
          {
            "object": "file",
            "id": "assistant-U61zjTGOSwl0b6Ou0vGJvNP3",
            "purpose": "assistants",
            "filename": "closed_issues_data.txt",
            "bytes": 2831671,
            "created_at": 1705710610,
            "status": "processed",
            "status_details": null
          },
          {
            "object": "file",
            "id": "assistant-qWy5LJcNHTUQJFhJpPSQJXzn",
            "purpose": "assistants",
            "filename": "retrieval_instructions_azure_tv_11_6.pdf",
            "bytes": 35352,
            "created_at": 1705708434,
            "status": "processed",
            "status_details": null
          },
          {
            "object": "file",
            "id": "assistant-KiQ9mUjGxZJooyakiFwjwAmu",
            "purpose": "assistants",
            "filename": "retrieval_instructions_azure_tv_11_6.pdf",
            "bytes": 35352,
            "created_at": 1705708430,
            "status": "processed",
            "status_details": null
          },
          {
            "object": "file",
            "id": "assistant-PDru1ARwPyV4UzsiqmrStuj7",
            "purpose": "assistants",
            "filename": "retrieval_instructions_azure_tv_11_6.pdf",
            "bytes": 35352,
            "created_at": 1705707185,
            "status": "processed",
            "status_details": null
          },
          {
            "object": "file",
            "id": "assistant-uYNL6lwonSBRUNhuddGg1VrH",
            "purpose": "assistants",
            "filename": "retrieval_instructions_azure_tv_11_6.pdf",
            "bytes": 35352,
            "created_at": 1705707181,
            "status": "processed",
            "status_details": null
          },
          {
            "object": "file",
            "id": "assistant-BkyHieZkkjo4Oaclk17u5Lbn",
            "purpose": "assistants",
            "filename": "retrieval_instructions_azure_tv_11_6.pdf",
            "bytes": 35352,
            "created_at": 1705706365,
            "status": "processed",
            "status_details": null
          },
          {
            "object": "file",
            "id": "assistant-r6stMedtrMDlDtXLRFpwEV7o",
            "purpose": "assistants",
            "filename": "retrieval_instructions_azure_tv_11_6.pdf",
            "bytes": 35352,
            "created_at": 1705706362,
            "status": "processed",
            "status_details": null
          },
          {
            "object": "file",
            "id": "assistant-0RX2ICG09SL5cCw49ou024d0",
            "purpose": "assistants",
            "filename": "retrieval_instructions_azure_tv_11_6.pdf",
            "bytes": 35352,
            "created_at": 1705705697,
            "status": "processed",
            "status_details": null
          },
          {
            "object": "file",
            "id": "assistant-7lIEdM6OafVxGSJ0wHcJScM9",
            "purpose": "assistants",
            "filename": "retrieval_instructions_azure_tv_11_6.pdf",
            "bytes": 35352,
            "created_at": 1705705682,
            "status": "processed",
            "status_details": null
          },
          {
            "object": "file",
            "id": "assistant-7UmCCK7c73MpkVHnorjSVF1x",
            "purpose": "assistants",
            "filename": "retrieval_instructions_azure_tv_11_6.pdf",
            "bytes": 35352,
            "created_at": 1705705672,
            "status": "processed",
            "status_details": null
          },
          {
            "object": "file",
            "id": "assistant-tlkrn5TDslpvyTIoicw5yV9Z",
            "purpose": "assistants",
            "filename": "retrieval_instructions_azure_tv_11_6.pdf",
            "bytes": 35352,
            "created_at": 1705705666,
            "status": "processed",
            "status_details": null
          },
          {
            "object": "file",
            "id": "assistant-b0wUFQelxksNOLZGa4nc6Nau",
            "purpose": "assistants",
            "filename": "retrieval_instructions_azure_tv_11_6.pdf",
            "bytes": 35352,
            "created_at": 1705704555,
            "status": "processed",
            "status_details": null
          },
          {
            "object": "file",
            "id": "assistant-fIVdQ5xXf2wWxkCURtTEB2Tu",
            "purpose": "assistants",
            "filename": "retrieval_instructions_azure_tv_11_6.pdf",
            "bytes": 35352,
            "created_at": 1705704551,
            "status": "processed",
            "status_details": null
          },
          {
            "object": "file",
            "id": "assistant-rID1EZuKDH7nbiimvRwr4k8z",
            "purpose": "assistants",
            "filename": "retrieval_instructions_azure_tv_11_6.pdf",
            "bytes": 35352,
            "created_at": 1705700704,
            "status": "processed",
            "status_details": null
          },
          {
            "object": "file",
            "id": "assistant-CEtDDztIo2AK14CHfuicIbGd",
            "purpose": "assistants",
            "filename": "retrieval_instructions_azure_tv_11_6.pdf",
            "bytes": 35352,
            "created_at": 1705700651,
            "status": "processed",
            "status_details": null
          },
          {
            "object": "file",
            "id": "assistant-OkSKCaUvE1OYeluChZI529H9",
            "purpose": "assistants",
            "filename": "retrieval_instructions_azure_tv_11_6.pdf",
            "bytes": 35352,
            "created_at": 1705699711,
            "status": "processed",
            "status_details": null
          },
          {
            "object": "file",
            "id": "assistant-xGmWmTdTdkbd4gxRkpskerb3",
            "purpose": "assistants",
            "filename": "retrieval_instructions_azure_tv_11_6.pdf",
            "bytes": 35352,
            "created_at": 1705695412,
            "status": "processed",
            "status_details": null
          },
          {
            "object": "file",
            "id": "assistant-5Zx7L3DljKRn6NaVXyyRG1Ah",
            "purpose": "assistants",
            "filename": "retrieval_instructions_azure_tv_11_6.pdf",
            "bytes": 35352,
            "created_at": 1705695399,
            "status": "processed",
            "status_details": null
          },
          {
            "object": "file",
            "id": "assistant-6l6ZWGqpTUf3R3nLFoWtEbhM",
            "purpose": "assistants",
            "filename": "retrieval_instructions_azure_tv_11_6.pdf",
            "bytes": 35352,
            "created_at": 1705695389,
            "status": "processed",
            "status_details": null
          },
          {
            "object": "file",
            "id": "assistant-U7a8en94EExjHzIYQKao12f0",
            "purpose": "assistants",
            "filename": "retrieval_instructions_azure_tv_11_6.pdf",
            "bytes": 35352,
            "created_at": 1705695380,
            "status": "processed",
            "status_details": null
          },
          {
            "object": "file",
            "id": "assistant-eCiNFDJL7UfnyNJUWPmTDVmr",
            "purpose": "assistants",
            "filename": "retrieval_instructions_azure_tv_11_6.pdf",
            "bytes": 35352,
            "created_at": 1705693621,
            "status": "processed",
            "status_details": null
          },
          {
            "object": "file",
            "id": "assistant-p9B3A9rKKEk4zY2fu5ux0mAE",
            "purpose": "assistants",
            "filename": "retrieval_instructions_azure_tv_11_6.pdf",
            "bytes": 35352,
            "created_at": 1705693617,
            "status": "processed",
            "status_details": null
          },
          {
            "object": "file",
            "id": "assistant-IFtShdg24rZX9svWEHxYDjDY",
            "purpose": "assistants",
            "filename": "retrieval_instructions_azure_tv_11_6.pdf",
            "bytes": 35352,
            "created_at": 1705692810,
            "status": "processed",
            "status_details": null
          },
          {
            "object": "file",
            "id": "assistant-qHRHx4tfe2A00N6ET0Mnkkp6",
            "purpose": "assistants",
            "filename": "retrieval_instructions_azure_tv_11_6.pdf",
            "bytes": 35352,
            "created_at": 1705692669,
            "status": "processed",
            "status_details": null
          },
          {
            "object": "file",
            "id": "assistant-EIpH53C7mUHxpYPzP8HLcnbE",
            "purpose": "assistants",
            "filename": "retrieval_instructions_azure_tv_11_6.pdf",
            "bytes": 35352,
            "created_at": 1705692665,
            "status": "processed",
            "status_details": null
          },
          {
            "object": "file",
            "id": "assistant-2eoqF9rkZJBYNJe4dFayis5R",
            "purpose": "assistants",
            "filename": "retrieval_instructions_azure_tv_11_6.pdf",
            "bytes": 35352,
            "created_at": 1705691307,
            "status": "processed",
            "status_details": null
          },
          {
            "object": "file",
            "id": "assistant-aI4QyXiSHZATLKNg2geQmJU1",
            "purpose": "assistants",
            "filename": "retrieval_instructions_azure_tv_11_6.pdf",
            "bytes": 35352,
            "created_at": 1705691292,
            "status": "processed",
            "status_details": null
          },
          {
            "object": "file",
            "id": "assistant-YcJJXKOdzKHBuGBReYRBbHX8",
            "purpose": "assistants",
            "filename": "retrieval_instructions_azure_tv_11_6.pdf",
            "bytes": 35352,
            "created_at": 1705691283,
            "status": "processed",
            "status_details": null
          },
          {
            "object": "file",
            "id": "assistant-cpiKzgwyJZxg1XC9k6wXkmgV",
            "purpose": "assistants",
            "filename": "retrieval_instructions_azure_tv_11_6.pdf",
            "bytes": 35352,
            "created_at": 1705691276,
            "status": "processed",
            "status_details": null
          },
          {
            "object": "file",
            "id": "assistant-jJ8jbzSn65fw57Yt79yRDvku",
            "purpose": "assistants",
            "filename": "retrieval_instructions_azure_tv_11_6.pdf",
            "bytes": 35352,
            "created_at": 1705691141,
            "status": "processed",
            "status_details": null
          },
          {
            "object": "file",
            "id": "assistant-OKGXXezvR6NFOHMhG5BDeS7D",
            "purpose": "assistants",
            "filename": "retrieval_instructions_azure_tv_11_6.pdf",
            "bytes": 35352,
            "created_at": 1705691138,
            "status": "processed",
            "status_details": null
          },
          {
            "object": "file",
            "id": "assistant-QJZZkXFmIToCqMLpk5mAGEBw",
            "purpose": "assistants",
            "filename": "retrieval_instructions_azure_tv_11_6.pdf",
            "bytes": 35352,
            "created_at": 1705689989,
            "status": "processed",
            "status_details": null
          },
          {
            "object": "file",
            "id": "assistant-tMLA45CLq8MHVdsZNzpEu4Tu",
            "purpose": "assistants",
            "filename": "retrieval_instructions_azure_tv_11_6.pdf",
            "bytes": 35352,
            "created_at": 1705689974,
            "status": "processed",
            "status_details": null
          },
          {
            "object": "file",
            "id": "assistant-muadw0nmeWokapSyr9jyO4b4",
            "purpose": "assistants",
            "filename": "retrieval_instructions_azure_tv_11_6.pdf",
            "bytes": 35352,
            "created_at": 1705689966,
            "status": "processed",
            "status_details": null
          },
          {
            "object": "file",
            "id": "assistant-o3o3dbZymboEprCCyA0jzdDU",
            "purpose": "assistants",
            "filename": "retrieval_instructions_azure_tv_11_6.pdf",
            "bytes": 35352,
            "created_at": 1705689956,
            "status": "processed",
            "status_details": null
          },
          {
            "object": "file",
            "id": "assistant-o74IIMCdq0oxzJ8utC8dCfWH",
            "purpose": "assistants",
            "filename": "retrieval_instructions_azure_tv_11_6.pdf",
            "bytes": 35352,
            "created_at": 1705687788,
            "status": "processed",
            "status_details": null
          },
          {
            "object": "file",
            "id": "assistant-FyS6usSyrMUerrjYbwT97JpK",
            "purpose": "assistants",
            "filename": "retrieval_instructions_azure_tv_11_6.pdf",
            "bytes": 35352,
            "created_at": 1705687786,
            "status": "processed",
            "status_details": null
          },
          {
            "object": "file",
            "id": "assistant-dHQx6bjhUmVPDoXGjVD82Jgk",
            "purpose": "assistants",
            "filename": "retrieval_instructions_azure_tv_11_6.pdf",
            "bytes": 35352,
            "created_at": 1705687655,
            "status": "processed",
            "status_details": null
          },
          {
            "object": "file",
            "id": "assistant-tjBrousHfvLUybIYhW7rLzPM",
            "purpose": "assistants",
            "filename": "sample_finance_data.csv",
            "bytes": 6859645,
            "created_at": 1705684864,
            "status": "processed",
            "status_details": null
          },
          {
            "object": "file",
            "id": "assistant-F47OpgEL05vV5XXV0fuoyyIJ",
            "purpose": "assistants",
            "filename": "closed_issues_data.txt",
            "bytes": 2831671,
            "created_at": 1705678549,
            "status": "processed",
            "status_details": null
          },
          {
            "object": "file",
            "id": "assistant-Y1rwY9V2hJ66BXiH5lMGE8fw",
            "purpose": "assistants",
            "filename": "retrieval_instructions_azure_tv_11_6.pdf",
            "bytes": 35352,
            "created_at": 1705655291,
            "status": "processed",
            "status_details": null
          },
          {
            "object": "file",
            "id": "assistant-ggYH1cBEmLZwCzGyozQ6nQ4J",
            "purpose": "assistants",
            "filename": "retrieval_instructions_azure_tv_11_6.pdf",
            "bytes": 35352,
            "created_at": 1705655287,
            "status": "processed",
            "status_details": null
          },
          {
            "object": "file",
            "id": "assistant-5mBmBfStf1raHQBVdtismF2n",
            "purpose": "assistants",
            "filename": "retrieval_instructions_azure_tv_11_6.pdf",
            "bytes": 35352,
            "created_at": 1705653557,
            "status": "processed",
            "status_details": null
          },
          {
            "object": "file",
            "id": "assistant-eWkNC8hxZG83kHLlD49V5s6t",
            "purpose": "assistants",
            "filename": "retrieval_instructions_azure_tv_11_6.pdf",
            "bytes": 35352,
            "created_at": 1705653554,
            "status": "processed",
            "status_details": null
          },
          {
            "object": "file",
            "id": "assistant-ZOYq13DcLyjcTKDz8GkkVqzD",
            "purpose": "assistants",
            "filename": "retrieval_instructions_azure_tv_11_6.pdf",
            "bytes": 35352,
            "created_at": 1705650127,
            "status": "processed",
            "status_details": null
          },
          {
            "object": "file",
            "id": "assistant-tmxB873uxGTGfUYlKOJA3EL3",
            "purpose": "assistants",
            "filename": "retrieval_instructions_azure_tv_11_6.pdf",
            "bytes": 35352,
            "created_at": 1705650113,
            "status": "processed",
            "status_details": null
          },
          {
            "object": "file",
            "id": "assistant-bS7xeEYtvFBHg23vcBFnXibA",
            "purpose": "assistants",
            "filename": "retrieval_instructions_azure_tv_11_6.pdf",
            "bytes": 35352,
            "created_at": 1705650102,
            "status": "processed",
            "status_details": null
          },
          {
            "object": "file",
            "id": "assistant-IqPhjpNHUMxnTHT1E0cefqNe",
            "purpose": "assistants",
            "filename": "retrieval_instructions_azure_tv_11_6.pdf",
            "bytes": 35352,
            "created_at": 1705650093,
            "status": "processed",
            "status_details": null
          },
          {
            "object": "file",
            "id": "assistant-TfcLgb0YPrG0uXrwuYufNdvz",
            "purpose": "assistants",
            "filename": "retrieval_instructions_azure_tv_11_6.pdf",
            "bytes": 35352,
            "created_at": 1705648993,
            "status": "processed",
            "status_details": null
          },
          {
            "object": "file",
            "id": "assistant-TrCL5CFNWPcyhNGjESqzpzTw",
            "purpose": "assistants",
            "filename": "retrieval_instructions_azure_tv_11_6.pdf",
            "bytes": 35352,
            "created_at": 1705648989,
            "status": "processed",
            "status_details": null
          },
          {
            "object": "file",
            "id": "assistant-pZXnvUZurWmavygN7JZh1rL3",
            "purpose": "assistants",
            "filename": "retrieval_instructions_azure_tv_11_6.pdf",
            "bytes": 35352,
            "created_at": 1705647512,
            "status": "processed",
            "status_details": null
          },
          {
            "object": "file",
            "id": "assistant-oPgLP7D6SHl2GsQMJEpt8fTk",
            "purpose": "assistants",
            "filename": "retrieval_instructions_azure_tv_11_6.pdf",
            "bytes": 35352,
            "created_at": 1705647498,
            "status": "processed",
            "status_details": null
          },
          {
            "object": "file",
            "id": "assistant-r8rKiUtPaOPnKWfVRxXYvppM",
            "purpose": "assistants",
            "filename": "retrieval_instructions_azure_tv_11_6.pdf",
            "bytes": 35352,
            "created_at": 1705647489,
            "status": "processed",
            "status_details": null
          },
          {
            "object": "file",
            "id": "assistant-JwTKMQ40cNFwpe9c2HIXjJsM",
            "purpose": "assistants",
            "filename": "retrieval_instructions_azure_tv_11_6.pdf",
            "bytes": 35352,
            "created_at": 1705647483,
            "status": "processed",
            "status_details": null
          },
          {
            "object": "file",
            "id": "assistant-07ZchiMVSXMfJDSMQ2B6VbwV",
            "purpose": "assistants",
            "filename": "retrieval_instructions_azure_tv_11_6.pdf",
            "bytes": 35352,
            "created_at": 1705645407,
            "status": "processed",
            "status_details": null
          },
          {
            "object": "file",
            "id": "assistant-bJTnvF5BUDc4mbC29hgofFiX",
            "purpose": "assistants",
            "filename": "retrieval_instructions_azure_tv_11_6.pdf",
            "bytes": 35352,
            "created_at": 1705645387,
            "status": "processed",
            "status_details": null
          },
          {
            "object": "file",
            "id": "assistant-6nD5jh3wOgVosYGOHrFY41RG",
            "purpose": "assistants",
            "filename": "retrieval_instructions_azure_tv_11_6.pdf",
            "bytes": 35352,
            "created_at": 1705645371,
            "status": "processed",
            "status_details": null
          },
          {
            "object": "file",
            "id": "assistant-3jTpJEZKOrxnYs7l0r7M0msd",
            "purpose": "assistants",
            "filename": "retrieval_instructions_azure_tv_11_6.pdf",
            "bytes": 35352,
            "created_at": 1705645365,
            "status": "processed",
            "status_details": null
          },
          {
            "object": "file",
            "id": "assistant-3EGlSxBDGjCUV1vI8YrUyjNY",
            "purpose": "assistants",
            "filename": "test_report.txt",
            "bytes": 940,
            "created_at": 1705634734,
            "status": "processed",
            "status_details": null
          },
          {
            "object": "file",
            "id": "assistant-X8sg8vhwrHiPAAGrbUARbVZK",
            "purpose": "assistants",
            "filename": "test_report.txt",
            "bytes": 940,
            "created_at": 1705632169,
            "status": "processed",
            "status_details": null
          },
          {
            "object": "file",
            "id": "assistant-ApxLs3AiJCfCTDyRgm2KbjTj",
            "purpose": "assistants",
            "filename": "retrieval_instructions_azure_tv_11_6.pdf",
            "bytes": 35352,
            "created_at": 1705630413,
            "status": "processed",
            "status_details": null
          },
          {
            "object": "file",
            "id": "assistant-Fj1BrBhIhZ7UIZn3rhfOpdkt",
            "purpose": "assistants",
            "filename": "retrieval_instructions_azure_tv_11_6.pdf",
            "bytes": 35352,
            "created_at": 1705630409,
            "status": "processed",
            "status_details": null
          },
          {
            "object": "file",
            "id": "assistant-BFACeVtX3O1FSiY62qAiIfqN",
            "purpose": "assistants",
            "filename": "retrieval_instructions_azure_tv_11_6.pdf",
            "bytes": 35352,
            "created_at": 1705628795,
            "status": "processed",
            "status_details": null
          },
          {
            "object": "file",
            "id": "assistant-jlu39wVP9EZFw6wy5LRm0MSv",
            "purpose": "assistants",
            "filename": "retrieval_instructions_azure_tv_11_6.pdf",
            "bytes": 35352,
            "created_at": 1705628792,
            "status": "processed",
            "status_details": null
          },
          {
            "object": "file",
            "id": "assistant-hrQMzBkL2TitwjnkeIuddTcY",
            "purpose": "assistants",
            "filename": "sample_finance_data.csv",
            "bytes": 6859645,
            "created_at": 1705628339,
            "status": "processed",
            "status_details": null
          },
          {
            "object": "file",
            "id": "assistant-BkZuZHmocYbNBn1JSg6asZIB",
            "purpose": "assistants",
            "filename": "retrieval_instructions_azure_tv_11_6.pdf",
            "bytes": 35352,
            "created_at": 1705627979,
            "status": "processed",
            "status_details": null
          },
          {
            "object": "file",
            "id": "assistant-C6RCRzSZ0NU5fW6g2G6Jt8C8",
            "purpose": "assistants",
            "filename": "retrieval_instructions_azure_tv_11_6.pdf",
            "bytes": 35352,
            "created_at": 1705627975,
            "status": "processed",
            "status_details": null
          },
          {
            "object": "file",
            "id": "assistant-b1Gn3zQpoidOoe5lr448mNAw",
            "purpose": "assistants",
            "filename": "retrieval_instructions_azure_tv_11_6.pdf",
            "bytes": 35352,
            "created_at": 1705625779,
            "status": "processed",
            "status_details": null
          },
          {
            "object": "file",
            "id": "assistant-KcO6myQCLhlckjFF2Yq321xr",
            "purpose": "assistants",
            "filename": "retrieval_instructions_azure_tv_11_6.pdf",
            "bytes": 35352,
            "created_at": 1705625775,
            "status": "processed",
            "status_details": null
          },
          {
            "object": "file",
            "id": "assistant-N0Kaap13J067eEceDHi10dwk",
            "purpose": "assistants",
            "filename": "retrieval_instructions_azure_tv_11_6.pdf",
            "bytes": 35352,
            "created_at": 1705624104,
            "status": "processed",
            "status_details": null
          },
          {
            "object": "file",
            "id": "assistant-dxT5LtSAZFvZtNFnbUX6m2Zh",
            "purpose": "assistants",
            "filename": "retrieval_instructions_azure_tv_11_6.pdf",
            "bytes": 35352,
            "created_at": 1705624089,
            "status": "processed",
            "status_details": null
          },
          {
            "object": "file",
            "id": "assistant-BhuYi59asVxNUMJefxzZ9wHt",
            "purpose": "assistants",
            "filename": "retrieval_instructions_azure_tv_11_6.pdf",
            "bytes": 35352,
            "created_at": 1705624080,
            "status": "processed",
            "status_details": null
          },
          {
            "object": "file",
            "id": "assistant-9ET7BjW6idN8toApDKMN6iXe",
            "purpose": "assistants",
            "filename": "retrieval_instructions_azure_tv_11_6.pdf",
            "bytes": 35352,
            "created_at": 1705624067,
            "status": "processed",
            "status_details": null
          },
          {
            "object": "file",
            "id": "assistant-kn788nQRF37j0K9h1SgjNHDI",
            "purpose": "assistants",
            "filename": "retrieval_instructions_azure_tv_11_6.pdf",
            "bytes": 35352,
            "created_at": 1705620615,
            "status": "processed",
            "status_details": null
          },
          {
            "object": "file",
            "id": "assistant-YfV2AqXd4uuoytVAwV380iRj",
            "purpose": "assistants",
            "filename": "retrieval_instructions_azure_tv_11_6.pdf",
            "bytes": 35352,
            "created_at": 1705619836,
            "status": "processed",
            "status_details": null
          },
          {
            "object": "file",
            "id": "assistant-o68yvVw7cxSRUFesQHPuJzA4",
            "purpose": "assistants",
            "filename": "retrieval_instructions_azure_tv_11_6.pdf",
            "bytes": 35352,
            "created_at": 1705619832,
            "status": "processed",
            "status_details": null
          },
          {
            "object": "file",
            "id": "assistant-74yGobu03rVkpFWaLOeB4tzd",
            "purpose": "assistants",
            "filename": "retrieval_instructions_azure_tv_11_6.pdf",
            "bytes": 35352,
            "created_at": 1705619284,
            "status": "processed",
            "status_details": null
          },
          {
            "object": "file",
            "id": "assistant-6Ccc7lqfeJmw4HaMUbKclIo5",
            "purpose": "assistants",
            "filename": "retrieval_instructions_azure_tv_11_6.pdf",
            "bytes": 35352,
            "created_at": 1705619277,
            "status": "processed",
            "status_details": null
          },
          {
            "object": "file",
            "id": "assistant-XPqSFLTzrm7z7OmUYwKReEVp",
            "purpose": "assistants",
            "filename": "student_alias_to_student_id.txt",
            "bytes": 304,
            "created_at": 1705615308,
            "status": "processed",
            "status_details": null
          },
          {
            "object": "file",
            "id": "assistant-MikZUc4CqsIla1XHQnzA2odd",
            "purpose": "assistants",
            "filename": "retrieval_instructions_azure_tv_11_6.pdf",
            "bytes": 35352,
            "created_at": 1705615141,
            "status": "processed",
            "status_details": null
          },
          {
            "object": "file",
            "id": "assistant-DJG3WIfJhS5jC6IsCRzrK8uC",
            "purpose": "assistants",
            "filename": "retrieval_instructions_azure_tv_11_6.pdf",
            "bytes": 35352,
            "created_at": 1705615137,
            "status": "processed",
            "status_details": null
          },
          {
            "object": "file",
            "id": "assistant-GmCJXGeQsYLIbYbOMHZ3l3X0",
            "purpose": "assistants",
            "filename": "ZKIN.csv",
            "bytes": 68863,
            "created_at": 1705614930,
            "status": "processed",
            "status_details": null
          },
          {
            "object": "file",
            "id": "assistant-MXGiNuVmu5F272edaAiZ40i8",
            "purpose": "assistants",
            "filename": "ZYXI (1).csv",
            "bytes": 429978,
            "created_at": 1705614908,
            "status": "processed",
            "status_details": null
          },
          {
            "object": "file",
            "id": "assistant-JSQtdhi7IJezkXGbeDU4d5oh",
            "purpose": "assistants",
            "filename": "ZKIN.csv",
            "bytes": 68863,
            "created_at": 1705614366,
            "status": "processed",
            "status_details": null
          },
          {
            "object": "file",
            "id": "assistant-M0W18trD6STgdhrFLKNEJJf6",
            "purpose": "assistants",
            "filename": "ZYXI (1).csv",
            "bytes": 429978,
            "created_at": 1705614329,
            "status": "processed",
            "status_details": null
          },
          {
            "object": "file",
            "id": "assistant-hDDbgea68oamoSZ1Jsh1adIt",
            "purpose": "assistants",
            "filename": "retrieval_instructions_azure_tv_11_6.pdf",
            "bytes": 35352,
            "created_at": 1705613866,
            "status": "processed",
            "status_details": null
          },
          {
            "object": "file",
            "id": "assistant-EE8OpTQc75eEAdifvEHGdwxZ",
            "purpose": "assistants",
            "filename": "ZYNE 1 (1).csv",
            "bytes": 122816,
            "created_at": 1705613810,
            "status": "processed",
            "status_details": null
          },
          {
            "object": "file",
            "id": "assistant-IG74vVnNH66L64qwi8LgFOWL",
            "purpose": "assistants",
            "filename": "ZYXI (1).csv",
            "bytes": 429978,
            "created_at": 1705613764,
            "status": "processed",
            "status_details": null
          },
          {
            "object": "file",
            "id": "assistant-8HwgHxKgoEwP2pw7zO9P4eOq",
            "purpose": "assistants",
            "filename": "ZYXI (1).csv",
            "bytes": 429978,
            "created_at": 1705613502,
            "status": "processed",
            "status_details": null
          },
          {
            "object": "file",
            "id": "assistant-qGzNfF3BVb4AVPzKW4VZBnLY",
            "purpose": "assistants",
            "filename": "retrieval_instructions_azure_tv_11_6.pdf",
            "bytes": 35352,
            "created_at": 1705611985,
            "status": "processed",
            "status_details": null
          },
          {
            "object": "file",
            "id": "assistant-a0O4xNIYpkoyrxYsl9LuU3RM",
            "purpose": "assistants",
            "filename": "retrieval_instructions_azure_tv_11_6.pdf",
            "bytes": 35352,
            "created_at": 1705611971,
            "status": "processed",
            "status_details": null
          },
          {
            "object": "file",
            "id": "assistant-fsqxIzGIeFud5I7wzo5RKMqR",
            "purpose": "assistants",
            "filename": "retrieval_instructions_azure_tv_11_6.pdf",
            "bytes": 35352,
            "created_at": 1705611961,
            "status": "processed",
            "status_details": null
          },
          {
            "object": "file",
            "id": "assistant-fhan5FIwrh2rcwwfK6cPT5OP",
            "purpose": "assistants",
            "filename": "retrieval_instructions_azure_tv_11_6.pdf",
            "bytes": 35352,
            "created_at": 1705611952,
            "status": "processed",
            "status_details": null
          },
          {
            "object": "file",
            "id": "assistant-d520mOSG2F1trdC2oiGDUSyE",
            "purpose": "assistants",
            "filename": "student_alias_to_student_id.txt",
            "bytes": 304,
            "created_at": 1705609771,
            "status": "processed",
            "status_details": null
          },
          {
            "object": "file",
            "id": "assistant-RgUhrcpnId0jVLGVk8uX4GMy",
            "purpose": "assistants",
            "filename": "retrieval_instructions_azure_tv_11_6.pdf",
            "bytes": 35352,
            "created_at": 1705609602,
            "status": "processed",
            "status_details": null
          },
          {
            "object": "file",
            "id": "assistant-vtuXo8b2J5UUM5KHrKIffCew",
            "purpose": "assistants",
            "filename": "retrieval_instructions_azure_tv_11_6.pdf",
            "bytes": 35352,
            "created_at": 1705609598,
            "status": "processed",
            "status_details": null
          },
          {
            "object": "file",
            "id": "assistant-gOZntKuURPc4jsLxjpbTV2us",
            "purpose": "assistants",
            "filename": "profits_1_2_2024.txt",
            "bytes": 121,
            "created_at": 1705607571,
            "status": "processed",
            "status_details": null
          },
          {
            "object": "file",
            "id": "assistant-7QvmI5OA81yYwZKBQJMk7XDS",
            "purpose": "assistants",
            "filename": "retrieval_instructions_azure_tv_11_6.pdf",
            "bytes": 35352,
            "created_at": 1705607354,
            "status": "processed",
            "status_details": null
          },
          {
            "object": "file",
            "id": "assistant-gufN1TCwAZWvg0hO0xTQS5Zn",
            "purpose": "assistants",
            "filename": "retrieval_instructions_azure_tv_11_6.pdf",
            "bytes": 35352,
            "created_at": 1705607347,
            "status": "processed",
            "status_details": null
          },
          {
            "object": "file",
            "id": "assistant-WdN6J4CxJPIL7f5VjxQ5v41B",
            "purpose": "assistants",
            "filename": "retrieval_instructions_azure_tv_11_6.pdf",
            "bytes": 35352,
            "created_at": 1705602405,
            "status": "processed",
            "status_details": null
          },
          {
            "object": "file",
            "id": "assistant-vsg0dKquvlrLcP1oSGBB1rGt",
            "purpose": "assistants",
            "filename": "retrieval_instructions_azure_tv_11_6.pdf",
            "bytes": 35352,
            "created_at": 1705602391,
            "status": "processed",
            "status_details": null
          },
          {
            "object": "file",
            "id": "assistant-pJZHTtUBNyTn2sEyech0AE0M",
            "purpose": "assistants",
            "filename": "retrieval_instructions_azure_tv_11_6.pdf",
            "bytes": 35352,
            "created_at": 1705602377,
            "status": "processed",
            "status_details": null
          },
          {
            "object": "file",
            "id": "assistant-uhnLoJ4sg6ADKpFlCIa7tQjI",
            "purpose": "assistants",
            "filename": "retrieval_instructions_azure_tv_11_6.pdf",
            "bytes": 35352,
            "created_at": 1705602364,
            "status": "processed",
            "status_details": null
          },
          {
            "object": "file",
            "id": "assistant-M0mWWySB0PfOctyKTkNpyLgF",
            "purpose": "assistants",
            "filename": "retrieval_instructions_azure_tv_11_6.pdf",
            "bytes": 35352,
            "created_at": 1705600117,
            "status": "processed",
            "status_details": null
          },
          {
            "object": "file",
            "id": "assistant-jpt15iqzLppu6cUUSHNvtWYY",
            "purpose": "assistants",
            "filename": "retrieval_instructions_azure_tv_11_6.pdf",
            "bytes": 35352,
            "created_at": 1705599965,
            "status": "processed",
            "status_details": null
          },
          {
            "object": "file",
            "id": "assistant-bVrx6ykTufiFJrmsXBjvAoaS",
            "purpose": "assistants",
            "filename": "retrieval_instructions_azure_tv_11_6.pdf",
            "bytes": 35352,
            "created_at": 1705599957,
            "status": "processed",
            "status_details": null
          },
          {
            "object": "file",
            "id": "assistant-pn8L5UGspiGHn1OOFiSVqdiT",
            "purpose": "assistants",
            "filename": "retrieval_instructions_azure_tv_11_6.pdf",
            "bytes": 35352,
            "created_at": 1705599776,
            "status": "processed",
            "status_details": null
          },
          {
            "object": "file",
            "id": "assistant-4enwsar8ldSOxa810vwaZLBp",
            "purpose": "assistants",
            "filename": "retrieval_instructions_azure_tv_11_6.pdf",
            "bytes": 35352,
            "created_at": 1705599673,
            "status": "processed",
            "status_details": null
          },
          {
            "object": "file",
            "id": "assistant-hg4czUtb4zgQzKGbGZr1bolO",
            "purpose": "assistants",
            "filename": "student_alias_to_student_id.txt",
            "bytes": 304,
            "created_at": 1705563596,
            "status": "processed",
            "status_details": null
          },
          {
            "object": "file",
            "id": "assistant-SSZYtAc2yEMjAGHn3vQbunpr",
            "purpose": "assistants",
            "filename": "retrieval_instructions_azure_tv_11_6.pdf",
            "bytes": 35352,
            "created_at": 1705563449,
            "status": "processed",
            "status_details": null
          },
          {
            "object": "file",
            "id": "assistant-2gNcnAXdghBPONh1dsHqZMKV",
            "purpose": "assistants",
            "filename": "retrieval_instructions_azure_tv_11_6.pdf",
            "bytes": 35352,
            "created_at": 1705563445,
            "status": "processed",
            "status_details": null
          },
          {
            "object": "file",
            "id": "assistant-c26UmlgOPTBJPp7kNmUkABtM",
            "purpose": "assistants",
            "filename": "retrieval_instructions_azure_tv_11_6.pdf",
            "bytes": 35352,
            "created_at": 1705561388,
            "status": "processed",
            "status_details": null
          },
          {
            "object": "file",
            "id": "assistant-0b1NYGsgsGUE27mdxgXtSyt9",
            "purpose": "assistants",
            "filename": "retrieval_instructions_azure_tv_11_6.pdf",
            "bytes": 35352,
            "created_at": 1705561379,
            "status": "processed",
            "status_details": null
          },
          {
            "object": "file",
            "id": "assistant-wfL79eDSKP2Mj7nQHib1ZwF5",
            "purpose": "assistants",
            "filename": "retrieval_instructions_azure_tv_11_6.pdf",
            "bytes": 35352,
            "created_at": 1705560950,
            "status": "processed",
            "status_details": null
          },
          {
            "object": "file",
            "id": "assistant-1ZLNZkMgnrhS9xxrnlKhxqQP",
            "purpose": "assistants",
            "filename": "retrieval_instructions_azure_tv_11_6.pdf",
            "bytes": 35352,
            "created_at": 1705560946,
            "status": "processed",
            "status_details": null
          },
          {
            "object": "file",
            "id": "assistant-ZiRRwkOooP4A2e17VjmSKtf2",
            "purpose": "assistants",
            "filename": "student_alias_to_student_id.txt",
            "bytes": 304,
            "created_at": 1705559771,
            "status": "processed",
            "status_details": null
          },
          {
            "object": "file",
            "id": "assistant-vuYykAJfNZaYCLh4PD88OchI",
            "purpose": "assistants",
            "filename": "retrieval_instructions_azure_tv_11_6.pdf",
            "bytes": 35352,
            "created_at": 1705559605,
            "status": "processed",
            "status_details": null
          },
          {
            "object": "file",
            "id": "assistant-Zgyz8KTl4KGfw7f2bIFyiV8K",
            "purpose": "assistants",
            "filename": "retrieval_instructions_azure_tv_11_6.pdf",
            "bytes": 35352,
            "created_at": 1705559601,
            "status": "processed",
            "status_details": null
          },
          {
            "object": "file",
            "id": "assistant-5JQX9eWzQfP2B2mQ1EvqubRt",
            "purpose": "assistants",
            "filename": "retrieval_instructions_azure_tv_11_6.pdf",
            "bytes": 35352,
            "created_at": 1705558698,
            "status": "processed",
            "status_details": null
          },
          {
            "object": "file",
            "id": "assistant-otSdzIQWwcMEAWqT4mly8AH9",
            "purpose": "assistants",
            "filename": "retrieval_instructions_azure_tv_11_6.pdf",
            "bytes": 35352,
            "created_at": 1705558429,
            "status": "processed",
            "status_details": null
          },
          {
            "object": "file",
            "id": "assistant-Sm8cDRpwhPzNY0buM4dEABPS",
            "purpose": "assistants",
            "filename": "retrieval_instructions_azure_tv_11_6.pdf",
            "bytes": 35352,
            "created_at": 1705558425,
            "status": "processed",
            "status_details": null
          },
          {
            "object": "file",
            "id": "assistant-ElhTnnoNiyqRb8fvymxA1XTV",
            "purpose": "assistants",
            "filename": "retrieval_instructions_azure_tv_11_6.pdf",
            "bytes": 35352,
            "created_at": 1705558334,
            "status": "processed",
            "status_details": null
          },
          {
            "object": "file",
            "id": "assistant-P28b6fqBWVv1Qy71kw7ZNiUI",
            "purpose": "assistants",
            "filename": "retrieval_instructions_azure_tv_11_6.pdf",
            "bytes": 35352,
            "created_at": 1705558330,
            "status": "processed",
            "status_details": null
          },
          {
            "object": "file",
            "id": "assistant-Bhb1M3EUlDzJ8ybKNM4rRysW",
            "purpose": "assistants",
            "filename": "student_alias_to_student_id.txt",
            "bytes": 304,
            "created_at": 1705557070,
            "status": "processed",
            "status_details": null
          },
          {
            "object": "file",
            "id": "assistant-n6uB1x9BqmeCHIfdSlyBTulC",
            "purpose": "assistants",
            "filename": "retrieval_instructions_azure_tv_11_6.pdf",
            "bytes": 35352,
            "created_at": 1705556914,
            "status": "processed",
            "status_details": null
          },
          {
            "object": "file",
            "id": "assistant-uCKw6n43ivpWH8aQ0zH7tUpW",
            "purpose": "assistants",
            "filename": "retrieval_instructions_azure_tv_11_6.pdf",
            "bytes": 35352,
            "created_at": 1705556911,
            "status": "processed",
            "status_details": null
          },
          {
            "object": "file",
            "id": "assistant-VaXs5Y2mdYvXRvxoHuGFhmRL",
            "purpose": "assistants",
            "filename": "retrieval_instructions_azure_tv_11_6.pdf",
            "bytes": 35352,
            "created_at": 1705556824,
            "status": "processed",
            "status_details": null
          },
          {
            "object": "file",
            "id": "assistant-9aJOCX7Uqa33MKO4C8tFjYfT",
            "purpose": "assistants",
            "filename": "retrieval_instructions_azure_tv_11_6.pdf",
            "bytes": 35352,
            "created_at": 1705556820,
            "status": "processed",
            "status_details": null
          },
          {
            "object": "file",
            "id": "assistant-b1PKjrYPhMEPSzbqwayYWGwt",
            "purpose": "assistants",
            "filename": "profits_1_2_2024.txt",
            "bytes": 121,
            "created_at": 1705553195,
            "status": "processed",
            "status_details": null
          },
          {
            "object": "file",
            "id": "assistant-9cSDLnwd3pSnwhbwz9cdz6Zc",
            "purpose": "assistants",
            "filename": "profits_1_2_2024.txt",
            "bytes": 121,
            "created_at": 1705551995,
            "status": "processed",
            "status_details": null
          },
          {
            "object": "file",
            "id": "assistant-ujGbMHxXF7JMicdY02lHX4gl",
            "purpose": "assistants",
            "filename": "student_alias_to_student_id.txt",
            "bytes": 304,
            "created_at": 1705550952,
            "status": "processed",
            "status_details": null
          },
          {
            "object": "file",
            "id": "assistant-ABxAuc5PsSOkFlZeM7waTm7K",
            "purpose": "assistants",
            "filename": "retrieval_instructions_azure_tv_11_6.pdf",
            "bytes": 35352,
            "created_at": 1705550946,
            "status": "processed",
            "status_details": null
          },
          {
            "object": "file",
            "id": "assistant-vnuFbEtiaN0iXmlg46BvbXRE",
            "purpose": "assistants",
            "filename": "retrieval_instructions_azure_tv_11_6.txt",
            "bytes": 600,
            "created_at": 1705550880,
            "status": "processed",
            "status_details": null
          },
          {
            "object": "file",
            "id": "assistant-71P9cHgrKKRBbHWYCutH0mLV",
            "purpose": "assistants",
            "filename": "profits_1_2_2024.txt",
            "bytes": 121,
            "created_at": 1705550855,
            "status": "processed",
            "status_details": null
          },
          {
            "object": "file",
            "id": "assistant-UMILUOI32g4Ey5Pluo7g0Xfn",
            "purpose": "assistants",
            "filename": "retrieval_instructions_azure_tv_11_6.pdf",
            "bytes": 35352,
            "created_at": 1705550833,
            "status": "processed",
            "status_details": null
          },
          {
            "object": "file",
            "id": "assistant-b2nkvKIxqWAQw53whaz6vBlI",
            "purpose": "assistants",
            "filename": "retrieval_instructions_azure_tv_11_6.pdf",
            "bytes": 35352,
            "created_at": 1705550830,
            "status": "processed",
            "status_details": null
          },
          {
            "object": "file",
            "id": "assistant-ShyFI1f8rGrj2FAr2RiwdvwY",
            "purpose": "assistants",
            "filename": "retrieval_instructions_azure_tv_11_6.pdf",
            "bytes": 35352,
            "created_at": 1705550823,
            "status": "processed",
            "status_details": null
          },
          {
            "object": "file",
            "id": "assistant-Z4Y7vDMFJyMCeCrmsfpBai12",
            "purpose": "assistants",
            "filename": "retrieval_instructions_azure_tv_11_6.pdf",
            "bytes": 35352,
            "created_at": 1705550821,
            "status": "processed",
            "status_details": null
          },
          {
            "object": "file",
            "id": "assistant-iQAmjvcMLVTq1iIPEU3T98iA",
            "purpose": "assistants",
            "filename": "retrieval_instructions_azure_tv_11_6.pdf",
            "bytes": 35352,
            "created_at": 1705550817,
            "status": "processed",
            "status_details": null
          },
          {
            "object": "file",
            "id": "assistant-2EsZ2aZj9gjhn3mfMk9gXHsH",
            "purpose": "assistants",
            "filename": "retrieval_instructions_azure_tv_11_6.pdf",
            "bytes": 35352,
            "created_at": 1705550807,
            "status": "processed",
            "status_details": null
          },
          {
            "object": "file",
            "id": "assistant-kJS2nPFN0kmP3KhdfP9D3ikp",
            "purpose": "assistants",
            "filename": "retrieval_instructions_azure_tv_11_6.pdf",
            "bytes": 35352,
            "created_at": 1705550795,
            "status": "processed",
            "status_details": null
          },
          {
            "object": "file",
            "id": "assistant-c4PdkPreBHfTcPZLqng5skvL",
            "purpose": "assistants",
            "filename": "profits_1_2_2024.txt",
            "bytes": 121,
            "created_at": 1705549824,
            "status": "processed",
            "status_details": null
          },
          {
            "object": "file",
            "id": "assistant-jMWPYLfsJCY0n9FuvtBruGDi",
            "purpose": "assistants",
            "filename": "profits_1_2_2024.txt",
            "bytes": 121,
            "created_at": 1705549764,
            "status": "processed",
            "status_details": null
          },
          {
            "object": "file",
            "id": "assistant-kD0D3LEwDSCafxZvBRnAn06T",
            "purpose": "assistants",
            "filename": "profits_1_2_2024.txt",
            "bytes": 121,
            "created_at": 1705549656,
            "status": "processed",
            "status_details": null
          },
          {
            "object": "file",
            "id": "assistant-VsQ4uIk8YPgwotKwzxtqymuR",
            "purpose": "assistants",
            "filename": "retrieval_instructions_azure_tv_11_6.pdf",
            "bytes": 35352,
            "created_at": 1705549634,
            "status": "processed",
            "status_details": null
          },
          {
            "object": "file",
            "id": "assistant-P6N7ZXKgwc0E5vveyS7Z873J",
            "purpose": "assistants",
            "filename": "retrieval_instructions_azure_tv_11_6.pdf",
            "bytes": 35352,
            "created_at": 1705549629,
            "status": "processed",
            "status_details": null
          },
          {
            "object": "file",
            "id": "assistant-PLrNKFWnlxYOnC9iMyAKfXLf",
            "purpose": "assistants",
            "filename": "retrieval_instructions_azure_tv_11_6.pdf",
            "bytes": 35352,
            "created_at": 1705549627,
            "status": "processed",
            "status_details": null
          },
          {
            "object": "file",
            "id": "assistant-L0NxexUYR7HlJq6s0AXwHyc4",
            "purpose": "assistants",
            "filename": "retrieval_instructions_azure_tv_11_6.pdf",
            "bytes": 35352,
            "created_at": 1705549624,
            "status": "processed",
            "status_details": null
          },
          {
            "object": "file",
            "id": "assistant-eyRDctJEdvXoprc1NNlYByNY",
            "purpose": "assistants",
            "filename": "retrieval_instructions_azure_tv_11_6.pdf",
            "bytes": 35352,
            "created_at": 1705549620,
            "status": "processed",
            "status_details": null
          },
          {
            "object": "file",
            "id": "assistant-5nbea7TNHX2PuygfEO1nLifZ",
            "purpose": "assistants",
            "filename": "retrieval_instructions_azure_tv_11_6.pdf",
            "bytes": 35352,
            "created_at": 1705549615,
            "status": "processed",
            "status_details": null
          },
          {
            "object": "file",
            "id": "assistant-6MDyeutkqVyOK6xkw8L7LHhY",
            "purpose": "assistants",
            "filename": "retrieval_instructions_azure_tv_11_6.pdf",
            "bytes": 35352,
            "created_at": 1705549605,
            "status": "processed",
            "status_details": null
          },
          {
            "object": "file",
            "id": "assistant-NWCo42fll7jJEZcxktjNrnKG",
            "purpose": "assistants",
            "filename": "Project Proposal.pdf",
            "bytes": 110449,
            "created_at": 1705528594,
            "status": "processed",
            "status_details": null
          },
          {
            "object": "file",
            "id": "assistant-DY8pVdqY3Y6gPYNhEJl7L3ES",
            "purpose": "assistants",
            "filename": "Product Requirements Document.docx",
            "bytes": 34599,
            "created_at": 1705528583,
            "status": "processed",
            "status_details": null
          },
          {
            "object": "file",
            "id": "assistant-b8cRYydyqxySPgcd8S3n2YTM",
            "purpose": "assistants",
            "filename": "Product Requirements Document.docx",
            "bytes": 34599,
            "created_at": 1705528192,
            "status": "processed",
            "status_details": null
          },
          {
            "object": "file",
            "id": "assistant-3o1dH5VfK8dv87BaYiCcM2ME",
            "purpose": "assistants",
            "filename": "closed_issues_data.txt",
            "bytes": 2831671,
            "created_at": 1705527570,
            "status": "processed",
            "status_details": null
          },
          {
            "object": "file",
            "id": "assistant-xlflFUcbZ3eGQN9xvyj3LzSD",
            "purpose": "assistants",
            "filename": "Project Proposal.pdf",
            "bytes": 110449,
            "created_at": 1705527440,
            "status": "processed",
            "status_details": null
          },
          {
            "object": "file",
            "id": "assistant-7mGl5cirT7xBvLK9cOYIUTiK",
            "purpose": "assistants",
            "filename": "pet-insurance-1.pdf",
            "bytes": 1119652,
            "created_at": 1705527350,
            "status": "processed",
            "status_details": null
          },
          {
            "object": "file",
            "id": "assistant-geCqqJEYMLq5ndxfxaKwMUJ0",
            "purpose": "assistants",
            "filename": "pet-insurance-1.pdf",
            "bytes": 1119652,
            "created_at": 1705527164,
            "status": "processed",
            "status_details": null
          },
          {
            "object": "file",
            "id": "assistant-0DAuOWPSRvtR3mSUT0FJXn8H",
            "purpose": "assistants",
            "filename": "Book2.csv",
            "bytes": 38,
            "created_at": 1705527022,
            "status": "processed",
            "status_details": null
          },
          {
            "object": "file",
            "id": "assistant-Rn6w5GQun3jhLQSOvR9PFNZM",
            "purpose": "assistants",
            "filename": "azure-ai-services-openai.pdf",
            "bytes": 26900256,
            "created_at": 1705526835,
            "status": "processed",
            "status_details": null
          },
          {
            "object": "file",
            "id": "assistant-BXbL71aRdTZdTe1Uop31TFG5",
            "purpose": "assistants",
            "filename": "pet-insurance-1.pdf",
            "bytes": 1119652,
            "created_at": 1705526684,
            "status": "processed",
            "status_details": null
          },
          {
            "object": "file",
            "id": "assistant-EyFsNKS1gCsGRXK5XXfGSLOl",
            "purpose": "assistants",
            "filename": "pet-insurance-2.pdf",
            "bytes": 1119658,
            "created_at": 1705526266,
            "status": "processed",
            "status_details": null
          },
          {
            "object": "file",
            "id": "assistant-6qM5DGStYxQZkVznr6nZeT8t",
            "purpose": "assistants",
            "filename": "test_report.txt",
            "bytes": 940,
            "created_at": 1705526260,
            "status": "processed",
            "status_details": null
          },
          {
            "object": "file",
            "id": "assistant-wjSYqvkjB2Z76tnAXbjyB7yv",
            "purpose": "assistants",
            "filename": "circusfrogs.txt",
            "bytes": 121,
            "created_at": 1705526249,
            "status": "processed",
            "status_details": null
          },
          {
            "object": "file",
            "id": "assistant-9uxb904SrEZ1pFzk5cGmtSfV",
            "purpose": "assistants",
            "filename": "pet-insurance-1.pdf",
            "bytes": 1119652,
            "created_at": 1705526232,
            "status": "processed",
            "status_details": null
          },
          {
            "object": "file",
            "id": "assistant-8oE3QJe7OV1N24shnr0EjwmR",
            "purpose": "assistants",
            "filename": "zoofrogs.txt",
            "bytes": 108,
            "created_at": 1705526197,
            "status": "processed",
            "status_details": null
          },
          {
            "object": "file",
            "id": "assistant-pDIsVp4KnLAZWMhPYuEC53bf",
            "purpose": "assistants",
            "filename": "pet-insurance-2.pdf",
            "bytes": 1119658,
            "created_at": 1705526060,
            "status": "processed",
            "status_details": null
          },
          {
            "object": "file",
            "id": "assistant-ueyeTYUM34WWQL7BrWcvGAcl",
            "purpose": "assistants",
            "filename": "pet-insurance-1.pdf",
            "bytes": 1119652,
            "created_at": 1705526028,
            "status": "processed",
            "status_details": null
          },
          {
            "object": "file",
            "id": "assistant-bfWAOSpbyq7zbanXQ5wfSpA4",
            "purpose": "assistants",
            "filename": "pet-insurance-2.pdf",
            "bytes": 1119658,
            "created_at": 1705526011,
            "status": "processed",
            "status_details": null
          },
          {
            "object": "file",
            "id": "assistant-dZlS3gh0osJ1pBntwUI0ebk4",
            "purpose": "assistants",
            "filename": "ZYNE 1.csv",
            "bytes": 122816,
            "created_at": 1705520305,
            "status": "processed",
            "status_details": null
          },
          {
            "object": "file",
            "id": "assistant-g4hHi3EXkph5GoIQnbjgDPbg",
            "purpose": "assistants",
            "filename": "ZYNE 1 (1).csv",
            "bytes": 122816,
            "created_at": 1705519606,
            "status": "processed",
            "status_details": null
          },
          {
            "object": "file",
            "id": "assistant-jC9o6vc84BQAJu8Qci1UNQ6d",
            "purpose": "assistants",
            "filename": "ZYNE 1.csv",
            "bytes": 122816,
            "created_at": 1705519129,
            "status": "processed",
            "status_details": null
          },
          {
            "object": "file",
            "id": "assistant-yqJfhEs0v9cB67xJgaqvWeUu",
            "purpose": "assistants",
            "filename": "ZYXI.csv",
            "bytes": 429978,
            "created_at": 1705518255,
            "status": "processed",
            "status_details": null
          },
          {
            "object": "file",
            "id": "assistant-5fpPJILCWzGOvhPOIJU12FPf",
            "purpose": "assistants",
            "filename": "retrieval_instructions_azure_tv_11_6.pdf",
            "bytes": 35352,
            "created_at": 1705450748,
            "status": "processed",
            "status_details": null
          },
          {
            "object": "file",
            "id": "assistant-ACstE9VPXDD3XYz742hOSTjy",
            "purpose": "assistants",
            "filename": "retrieval_instructions_azure_tv_11_6.pdf",
            "bytes": 35352,
            "created_at": 1705450744,
            "status": "processed",
            "status_details": null
          },
          {
            "object": "file",
            "id": "assistant-H50fUMTHqjxfouyeAqLxGIdh",
            "purpose": "assistants",
            "filename": "closed_issues_data.txt",
            "bytes": 2831671,
            "created_at": 1705445727,
            "status": "processed",
            "status_details": null
          },
          {
            "object": "file",
            "id": "assistant-SBV3PcENhJFIRsk2lrXmLgUT",
            "purpose": "assistants",
            "filename": "test_report.txt",
            "bytes": 940,
            "created_at": 1705445661,
            "status": "processed",
            "status_details": null
          },
          {
            "object": "file",
            "id": "assistant-tmFrg4SP7GRGrA1bHKjFrhop",
            "purpose": "assistants",
            "filename": "closed_issues_data.txt",
            "bytes": 2831671,
            "created_at": 1705445631,
            "status": "processed",
            "status_details": null
          },
          {
            "object": "file",
            "id": "assistant-YP1fXjP6yoIXuh3yhg3MhVXg",
            "purpose": "assistants",
            "filename": "closed_issues_data.txt",
            "bytes": 2831671,
            "created_at": 1705445585,
            "status": "processed",
            "status_details": null
          },
          {
            "object": "file",
            "id": "assistant-KZNCZblQWawhHzvJ5J9usQV7",
            "purpose": "assistants",
            "filename": "retrieval_instructions_azure_tv_11_6.pdf",
            "bytes": 35352,
            "created_at": 1705443320,
            "status": "processed",
            "status_details": null
          },
          {
            "object": "file",
            "id": "assistant-helxNk6fnOJjbR8jOX8NCc19",
            "purpose": "assistants",
            "filename": "retrieval_instructions_azure_tv_11_6.pdf",
            "bytes": 35352,
            "created_at": 1705443313,
            "status": "processed",
            "status_details": null
          },
          {
            "object": "file",
            "id": "assistant-WK1GAxICdC0ZqAIpqaLQNbKE",
            "purpose": "assistants",
            "filename": "closed_issues_data.txt",
            "bytes": 2831671,
            "created_at": 1705440776,
            "status": "processed",
            "status_details": null
          },
          {
            "object": "file",
            "id": "assistant-LfNuGLevfFgGkzzeQ4MhIdPK",
            "purpose": "assistants",
            "filename": "closed_issues_data.txt",
            "bytes": 2831671,
            "created_at": 1705440451,
            "status": "processed",
            "status_details": null
          },
          {
            "object": "file",
            "id": "assistant-1xmgUx5V5dMLlX2bcYATyscy",
            "purpose": "assistants",
            "filename": "closed_issues_data.txt",
            "bytes": 2831671,
            "created_at": 1705437720,
            "status": "processed",
            "status_details": null
          },
          {
            "object": "file",
            "id": "assistant-ldsLYLCKDKrb55Ma6UodV96J",
            "purpose": "assistants",
            "filename": "retrieval_instructions_azure_tv_11_6.pdf",
            "bytes": 35352,
            "created_at": 1705434656,
            "status": "processed",
            "status_details": null
          },
          {
            "object": "file",
            "id": "assistant-KuhLBH9ZjnCgfWQ9anIM6XhF",
            "purpose": "assistants",
            "filename": "retrieval_instructions_azure_tv_11_6.pdf",
            "bytes": 35352,
            "created_at": 1705434647,
            "status": "processed",
            "status_details": null
          },
          {
            "object": "file",
            "id": "assistant-FGfhUtFjQnB5il1ZLxU5jIeQ",
            "purpose": "assistants",
            "filename": "retrieval_instructions_azure_tv_11_6.pdf",
            "bytes": 35352,
            "created_at": 1705426662,
            "status": "processed",
            "status_details": null
          },
          {
            "object": "file",
            "id": "assistant-MNlE6SPBKQHeSMV5aE7ZhcNa",
            "purpose": "assistants",
            "filename": "retrieval_instructions_azure_tv_11_6.pdf",
            "bytes": 35352,
            "created_at": 1705426653,
            "status": "processed",
            "status_details": null
          },
          {
            "object": "file",
            "id": "assistant-W3BSZO3dsS1AhCdsGIECNmkK",
            "purpose": "assistants",
            "filename": "retrieval_instructions_azure_tv_11_6.pdf",
            "bytes": 35352,
            "created_at": 1705424416,
            "status": "processed",
            "status_details": null
          },
          {
            "object": "file",
            "id": "assistant-i6X5GYwjRUgBKFUwdhyNjdy9",
            "purpose": "assistants",
            "filename": "retrieval_instructions_azure_tv_11_6.pdf",
            "bytes": 35352,
            "created_at": 1705424412,
            "status": "processed",
            "status_details": null
          },
          {
            "object": "file",
            "id": "assistant-BB2Spq0E4vPszArY9dKcCDNA",
            "purpose": "assistants",
            "filename": "retrieval_instructions_azure_tv_11_6.pdf",
            "bytes": 35352,
            "created_at": 1705423031,
            "status": "processed",
            "status_details": null
          },
          {
            "object": "file",
            "id": "assistant-Ss7OIY5tlZmUMeEGd2b7ZIMj",
            "purpose": "assistants",
            "filename": "retrieval_instructions_azure_tv_11_6.pdf",
            "bytes": 35352,
            "created_at": 1705423027,
            "status": "processed",
            "status_details": null
          },
          {
            "object": "file",
            "id": "assistant-0OguddXXWgQkU571IbMYnVvp",
            "purpose": "assistants",
            "filename": "retrieval_instructions_azure_tv_11_6.pdf",
            "bytes": 35352,
            "created_at": 1705421930,
            "status": "processed",
            "status_details": null
          },
          {
            "object": "file",
            "id": "assistant-G7gJlVHitzvEwdpSy4wp7gha",
            "purpose": "assistants",
            "filename": "retrieval_instructions_azure_tv_11_6.pdf",
            "bytes": 35352,
            "created_at": 1705421909,
            "status": "processed",
            "status_details": null
          },
          {
            "object": "file",
            "id": "assistant-yaA6XkQw9ch8ZvDOhJcia5rf",
            "purpose": "assistants",
            "filename": "retrieval_instructions_azure_tv_11_6.pdf",
            "bytes": 35352,
            "created_at": 1705400552,
            "status": "processed",
            "status_details": null
          },
          {
            "object": "file",
            "id": "assistant-6DUdDw4wg3paNQo5PjlExQzg",
            "purpose": "assistants",
            "filename": "retrieval_instructions_azure_tv_11_6.pdf",
            "bytes": 35352,
            "created_at": 1705400548,
            "status": "processed",
            "status_details": null
          },
          {
            "object": "file",
            "id": "assistant-z1s2AOGmeeNN5Jf8Z1tgPfvy",
            "purpose": "assistants",
            "filename": "retrieval_instructions_azure_tv_11_6.pdf",
            "bytes": 35352,
            "created_at": 1705399884,
            "status": "processed",
            "status_details": null
          },
          {
            "object": "file",
            "id": "assistant-1o1BmuRKtjyNUn36SocfKBaQ",
            "purpose": "assistants",
            "filename": "retrieval_instructions_azure_tv_11_6.pdf",
            "bytes": 35352,
            "created_at": 1705399861,
            "status": "processed",
            "status_details": null
          },
          {
            "object": "file",
            "id": "assistant-d0wRO3nBGHG2Wh47iVuxFuBl",
            "purpose": "assistants",
            "filename": "retrieval_instructions_azure_tv_11_6.pdf",
            "bytes": 35352,
            "created_at": 1705399036,
            "status": "processed",
            "status_details": null
          },
          {
            "object": "file",
            "id": "assistant-8Mqxpcc0rfmyialSvpIEMiMZ",
            "purpose": "assistants",
            "filename": "retrieval_instructions_azure_tv_11_6.pdf",
            "bytes": 35352,
            "created_at": 1705399032,
            "status": "processed",
            "status_details": null
          },
          {
            "object": "file",
            "id": "assistant-6GOkQy7E0sW1UZI9shDiy3J6",
            "purpose": "assistants",
            "filename": "retrieval_instructions_azure_tv_11_6.pdf",
            "bytes": 35352,
            "created_at": 1705399032,
            "status": "processed",
            "status_details": null
          },
          {
            "object": "file",
            "id": "assistant-Q60kUfmwwk9U2pfEucg1UZgx",
            "purpose": "assistants",
            "filename": "retrieval_instructions_azure_tv_11_6.pdf",
            "bytes": 35352,
            "created_at": 1705399028,
            "status": "processed",
            "status_details": null
          },
          {
            "object": "file",
            "id": "assistant-VUBeDJMBaGcMK0JIEYrJVY2z",
            "purpose": "assistants",
            "filename": "profits_1_2_2024.txt",
            "bytes": 121,
            "created_at": 1705395729,
            "status": "processed",
            "status_details": null
          },
          {
            "object": "file",
            "id": "assistant-C70UwVw2qdWypJkHYx9VgPsu",
            "purpose": "assistants",
            "filename": "retrieval_instructions_azure_tv_11_6.pdf",
            "bytes": 35352,
            "created_at": 1705395361,
            "status": "processed",
            "status_details": null
          },
          {
            "object": "file",
            "id": "assistant-LCmCR5KNzBpz0WVpQZjuPhKc",
            "purpose": "assistants",
            "filename": "retrieval_instructions_azure_tv_11_6.pdf",
            "bytes": 35352,
            "created_at": 1705395357,
            "status": "processed",
            "status_details": null
          },
          {
            "object": "file",
            "id": "assistant-q0tZm1sD6QYHP6srOC9FUhQ4",
            "purpose": "assistants",
            "filename": "profits_1_2_2024.txt",
            "bytes": 121,
            "created_at": 1705395323,
            "status": "processed",
            "status_details": null
          },
          {
            "object": "file",
            "id": "assistant-nMn7WpdnS0jbOz5eC4lFTR3Q",
            "purpose": "assistants",
            "filename": "retrieval_instructions_azure_tv_11_6.pdf",
            "bytes": 35352,
            "created_at": 1705393817,
            "status": "processed",
            "status_details": null
          },
          {
            "object": "file",
            "id": "assistant-b3PNpHt2qKTZStNvf2wwlJOr",
            "purpose": "assistants",
            "filename": "retrieval_instructions_azure_tv_11_6.pdf",
            "bytes": 35352,
            "created_at": 1705393813,
            "status": "processed",
            "status_details": null
          },
          {
            "object": "file",
            "id": "assistant-s9F7czt2d7sWGIys64rJ0D1P",
            "purpose": "assistants",
            "filename": "profits_1_2_2024.txt",
            "bytes": 121,
            "created_at": 1705390494,
            "status": "processed",
            "status_details": null
          },
          {
            "object": "file",
            "id": "assistant-kuriSOZ6aIrv5eWTeIBk9Q2H",
            "purpose": "assistants",
            "filename": "profits_1_2_2024.txt",
            "bytes": 121,
            "created_at": 1705387628,
            "status": "processed",
            "status_details": null
          },
          {
            "object": "file",
            "id": "assistant-0mFfr0ePLP9M13lP8vEFXm7F",
            "purpose": "assistants",
            "filename": "profits_1_2_2024.txt",
            "bytes": 121,
            "created_at": 1705386255,
            "status": "processed",
            "status_details": null
          },
          {
            "object": "file",
            "id": "assistant-ZU3FgN21mkCV8P8PVFQr8riA",
            "purpose": "assistants",
            "filename": "retrieval_instructions_azure_tv_11_6.pdf",
            "bytes": 35352,
            "created_at": 1705385646,
            "status": "processed",
            "status_details": null
          },
          {
            "object": "file",
            "id": "assistant-GAiwWqK1jxTClZ8aYM42q7wa",
            "purpose": "assistants",
            "filename": "retrieval_instructions_azure_tv_11_6.pdf",
            "bytes": 35352,
            "created_at": 1705385642,
            "status": "processed",
            "status_details": null
          },
          {
            "object": "file",
            "id": "assistant-2l6GiLlvgr17YCXhYOihJkgg",
            "purpose": "assistants",
            "filename": "retrieval_instructions_azure_tv_11_6.pdf",
            "bytes": 35352,
            "created_at": 1705384493,
            "status": "processed",
            "status_details": null
          },
          {
            "object": "file",
            "id": "assistant-vJqOhJSSzYOTBwZyVozGdxtk",
            "purpose": "assistants",
            "filename": "retrieval_instructions_azure_tv_11_6.pdf",
            "bytes": 35352,
            "created_at": 1705384489,
            "status": "processed",
            "status_details": null
          },
          {
            "object": "file",
            "id": "assistant-nTjQN061Ut3zyFa9rNAokhYQ",
            "purpose": "assistants",
            "filename": "retrieval_instructions_azure_tv_11_6.pdf",
            "bytes": 35352,
            "created_at": 1705379047,
            "status": "processed",
            "status_details": null
          },
          {
            "object": "file",
            "id": "assistant-eFa4LPFTGl4qCdhjqkRbbeeZ",
            "purpose": "assistants",
            "filename": "retrieval_instructions_azure_tv_11_6.pdf",
            "bytes": 35352,
            "created_at": 1705379028,
            "status": "processed",
            "status_details": null
          },
          {
            "object": "file",
            "id": "assistant-fM416IqBhhcVVWJIxF9FlQXu",
            "purpose": "assistants",
            "filename": "profits_1_2_2024.txt",
            "bytes": 121,
            "created_at": 1705376146,
            "status": "processed",
            "status_details": null
          },
          {
            "object": "file",
            "id": "assistant-Ia5injFXYb8Rm9VzC5o6zMz1",
            "purpose": "assistants",
            "filename": "retrieval_instructions_azure_tv_11_6.pdf",
            "bytes": 35352,
            "created_at": 1705375734,
            "status": "processed",
            "status_details": null
          },
          {
            "object": "file",
            "id": "assistant-g1a639MNgywTTLSXsbJtnORS",
            "purpose": "assistants",
            "filename": "retrieval_instructions_azure_tv_11_6.pdf",
            "bytes": 35352,
            "created_at": 1705375725,
            "status": "processed",
            "status_details": null
          },
          {
            "object": "file",
            "id": "assistant-l3A4EiUvou0oBFirBPOC98K5",
            "purpose": "assistants",
            "filename": "retrieval_instructions_azure_tv_11_6.pdf",
            "bytes": 35352,
            "created_at": 1705374399,
            "status": "processed",
            "status_details": null
          },
          {
            "object": "file",
            "id": "assistant-lPSbZap8M5hEGF60cKKOEEGB",
            "purpose": "assistants",
            "filename": "retrieval_instructions_azure_tv_11_6.pdf",
            "bytes": 35352,
            "created_at": 1705374332,
            "status": "processed",
            "status_details": null
          },
          {
            "object": "file",
            "id": "assistant-00cnUvJWCRHpHVagDhA5IYGC",
            "purpose": "assistants",
            "filename": "retrieval_instructions_azure_tv_11_6.pdf",
            "bytes": 35352,
            "created_at": 1705373508,
            "status": "processed",
            "status_details": null
          },
          {
            "object": "file",
            "id": "assistant-dgozpGu5ECUUW5aOaaijpf2l",
            "purpose": "assistants",
            "filename": "retrieval_instructions_azure_tv_11_6.pdf",
            "bytes": 35352,
            "created_at": 1705373505,
            "status": "processed",
            "status_details": null
          },
          {
            "object": "file",
            "id": "assistant-FYCXzjyGcX5QyJVeVPra3y9b",
            "purpose": "assistants",
            "filename": "retrieval_instructions_azure_tv_11_6.pdf",
            "bytes": 35352,
            "created_at": 1705372332,
            "status": "processed",
            "status_details": null
          },
          {
            "object": "file",
            "id": "assistant-BgOMtY0UGFwM9MbsG2OxTOhK",
            "purpose": "assistants",
            "filename": "retrieval_instructions_azure_tv_11_6.pdf",
            "bytes": 35352,
            "created_at": 1705372327,
            "status": "processed",
            "status_details": null
          },
          {
            "object": "file",
            "id": "assistant-HSxS8T9Vnw9b5bsdAtHGslLD",
            "purpose": "assistants",
            "filename": "profits_1_2_2024.txt",
            "bytes": 121,
            "created_at": 1705370058,
            "status": "processed",
            "status_details": null
          },
          {
            "object": "file",
            "id": "assistant-1Sqew6BlaiwO8lLJwYObXJcu",
            "purpose": "assistants",
            "filename": "profits_1_2_2024.txt",
            "bytes": 121,
            "created_at": 1705364074,
            "status": "processed",
            "status_details": null
          },
          {
            "object": "file",
            "id": "assistant-ltHrZgGT5MemIEVWPqzDMAl1",
            "purpose": "assistants",
            "filename": "sample_file_for_upload.txt",
            "bytes": 84,
            "created_at": 1704989034,
            "status": "processed",
            "status_details": null
          },
          {
            "object": "file",
            "id": "assistant-sN3ZtgQnxxMbJyozEqLqK5V5",
            "purpose": "assistants",
            "filename": "file",
            "bytes": 29,
            "created_at": 1704932276,
            "status": "processed",
            "status_details": null
          },
          {
            "object": "file",
            "id": "assistant-GBuKKtJFC7KB49yBDVGlTO0V",
            "purpose": "assistants",
            "filename": "file",
            "bytes": 29,
            "created_at": 1704931403,
            "status": "processed",
            "status_details": null
          },
          {
            "object": "file",
            "id": "assistant-2Xiur32TGK4kR7WghI99c9HQ",
            "purpose": "assistants",
            "filename": "file",
            "bytes": 29,
            "created_at": 1704930812,
            "status": "processed",
            "status_details": null
          },
          {
            "object": "file",
            "id": "assistant-7U4g9MZvdhimFbX0VEGPYx2M",
            "purpose": "assistants",
            "filename": "file",
            "bytes": 29,
            "created_at": 1704930734,
            "status": "processed",
            "status_details": null
          },
          {
            "object": "file",
            "id": "assistant-M34ZCAYg63dsKuwE8XxByvI3",
            "purpose": "assistants",
            "filename": "test.txt",
            "bytes": 114,
            "created_at": 1704930490,
            "status": "processed",
            "status_details": null
          }
        ]
      }
    },
    {
      "RequestUri": "https://REDACTED/openai/files/assistant-HMm4IpYMaS4mS4Gerpmt462N?api-version=2024-02-15-preview",
      "RequestMethod": "DELETE",
      "RequestHeaders": {
        "Accept": "application/json",
        "api-key": "REDACTED",
        "Content-Length": "0",
        "Date": "Mon, 05 Feb 2024 22:56:09 GMT",
        "OpenAI-Beta": "assistants=v1",
        "User-Agent": "azsdk-java-azure-ai-openai-assistants/1.0.0-beta.1 (11.0.21; Windows 11; 10.0)",
        "x-ms-client-request-id": "af65ffdf-dd92-4995-8efa-d9f385c82cb0"
      },
      "RequestBody": null,
      "StatusCode": 200,
      "ResponseHeaders": {
        "Access-Control-Allow-Origin": "*",
        "apim-request-id": "de2f9af4-8b84-4fd9-bc97-044de90306a9",
        "Content-Length": "88",
        "Content-Type": "application/json",
        "Date": "Mon, 05 Feb 2024 22:56:07 GMT",
        "Strict-Transport-Security": "max-age=31536000; includeSubDomains; preload",
        "X-Content-Type-Options": "nosniff",
        "x-ms-client-request-id": "af65ffdf-dd92-4995-8efa-d9f385c82cb0",
        "x-ms-region": "West US 2",
        "X-Request-ID": "ca9af2ed-bcbb-4439-9381-0d6ca6c71eea"
      },
      "ResponseBody": {
        "object": "file",
        "id": "assistant-HMm4IpYMaS4mS4Gerpmt462N",
        "deleted": true
      }
    }
  ],
  "Variables": {}
}
