{
  "Entries": [
    {
      "RequestUri": "https://REDACTED/v1/assistants",
      "RequestMethod": "POST",
      "RequestHeaders": {
        "Accept": "application/json",
        "Authorization": "Sanitized",
        "Content-Length": "185",
        "Content-Type": "application/json",
        "Date": "Wed, 07 Aug 2024 23:20:11 GMT",
        "OpenAI-Beta": "assistants=v2",
        "User-Agent": "azsdk-java-azure-ai-openai-assistants/1.0.0-beta.4 (11.0.21; Windows 11; 10.0)",
        "x-ms-client-request-id": "Sanitized"
      },
      "RequestBody": {
        "model": "gpt-4-1106-preview",
        "name": "Math Tutor",
        "instructions": "You are a personal math tutor. Answer questions briefly, in a sentence or less.",
        "tools": [
          {
            "type": "code_interpreter"
          }
        ]
      },
      "StatusCode": 200,
      "ResponseHeaders": {
        "Alt-Svc": "h3=\":443\"",
        "CF-Cache-Status": "DYNAMIC",
        "CF-RAY": "8afafef3b9222b7d-LAX",
        "Connection": "keep-alive",
        "Content-Length": "505",
        "Content-Type": "application/json",
        "Date": "Wed, 07 Aug 2024 23:20:12 GMT",
        "openai-organization": "msft-finetuning-2",
        "openai-processing-ms": "69",
        "openai-version": "2020-10-01",
        "Server": "cloudflare",
        "Strict-Transport-Security": "max-age=15552000; includeSubDomains; preload",
        "X-Content-Type-Options": "nosniff",
        "X-Request-ID": "req_482ccd85e9661b4fdc90fb3cd4b8ff4a"
      },
      "ResponseBody": {
        "id": "asst_DNVSfr9wfUCrNhnX7ysuFhJQ",
        "object": "assistant",
        "created_at": 1723072812,
        "name": "Math Tutor",
        "description": null,
        "model": "gpt-4-1106-preview",
        "instructions": "You are a personal math tutor. Answer questions briefly, in a sentence or less.",
        "tools": [
          {
            "type": "code_interpreter"
          }
        ],
        "top_p": 1.0,
        "temperature": 1.0,
        "tool_resources": {
          "code_interpreter": {
            "file_ids": []
          }
        },
        "metadata": {},
        "response_format": "auto"
      }
    },
    {
      "RequestUri": "https://REDACTED/v1/threads/runs",
      "RequestMethod": "POST",
      "RequestHeaders": {
        "Accept": "application/json",
        "Authorization": "Sanitized",
        "Content-Length": "162",
        "Content-Type": "application/json",
        "Date": "Wed, 07 Aug 2024 23:20:12 GMT",
        "OpenAI-Beta": "assistants=v2",
        "User-Agent": "azsdk-java-azure-ai-openai-assistants/1.0.0-beta.4 (11.0.21; Windows 11; 10.0)",
        "x-ms-client-request-id": "Sanitized"
      },
      "RequestBody": {
        "assistant_id": "asst_DNVSfr9wfUCrNhnX7ysuFhJQ",
        "thread": {
          "messages": [
            {
              "role": "user",
              "content": "I need to solve the equation `3x + 11 = 14`. Can you help me?"
            }
          ]
        }
      },
      "StatusCode": 200,
      "ResponseHeaders": {
        "Alt-Svc": "h3=\":443\"",
        "CF-Cache-Status": "DYNAMIC",
        "CF-RAY": "8afafef499fe2b7d-LAX",
        "Connection": "keep-alive",
        "Content-Length": "936",
        "Content-Type": "application/json",
        "Date": "Wed, 07 Aug 2024 23:20:12 GMT",
        "openai-organization": "msft-finetuning-2",
        "openai-processing-ms": "484",
        "openai-version": "2020-10-01",
        "Server": "cloudflare",
        "Strict-Transport-Security": "max-age=15552000; includeSubDomains; preload",
        "X-Content-Type-Options": "nosniff",
        "X-Request-ID": "req_25916eafd968c5d9f316188b48c29dce"
      },
      "ResponseBody": {
        "id": "run_l5LMPALNuQoQ0cVOEHOw9XYD",
        "object": "thread.run",
        "created_at": 1723072812,
        "assistant_id": "asst_DNVSfr9wfUCrNhnX7ysuFhJQ",
        "thread_id": "thread_QG1IBZIJMlyr4tT8Vosd63h8",
        "status": "queued",
        "started_at": null,
        "expires_at": 1723073412,
        "cancelled_at": null,
        "failed_at": null,
        "completed_at": null,
        "required_action": null,
        "last_error": null,
        "model": "gpt-4-1106-preview",
        "instructions": "You are a personal math tutor. Answer questions briefly, in a sentence or less.",
        "tools": [
          {
            "type": "code_interpreter"
          }
        ],
        "tool_resources": {},
        "metadata": {},
        "temperature": 1.0,
        "top_p": 1.0,
        "max_completion_tokens": null,
        "max_prompt_tokens": null,
        "truncation_strategy": {
          "type": "auto",
          "last_messages": null
        },
        "incomplete_details": null,
        "usage": null,
        "response_format": "auto",
        "tool_choice": "auto",
        "parallel_tool_calls": true
      }
    },
    {
      "RequestUri": "https://REDACTED/v1/threads/thread_QG1IBZIJMlyr4tT8Vosd63h8/runs/run_l5LMPALNuQoQ0cVOEHOw9XYD",
      "RequestMethod": "GET",
      "RequestHeaders": {
        "Accept": "application/json",
        "Authorization": "Sanitized",
        "Content-Length": "0",
        "Date": "Wed, 07 Aug 2024 23:20:12 GMT",
        "OpenAI-Beta": "assistants=v2",
        "User-Agent": "azsdk-java-azure-ai-openai-assistants/1.0.0-beta.4 (11.0.21; Windows 11; 10.0)",
        "x-ms-client-request-id": "Sanitized"
      },
      "RequestBody": null,
      "StatusCode": 200,
      "ResponseHeaders": {
        "Alt-Svc": "h3=\":443\"",
        "CF-Cache-Status": "DYNAMIC",
        "CF-RAY": "8afafef82ea32b7d-LAX",
        "Connection": "keep-alive",
        "Content-Length": "936",
        "Content-Type": "application/json",
        "Date": "Wed, 07 Aug 2024 23:20:12 GMT",
        "openai-organization": "msft-finetuning-2",
        "openai-processing-ms": "59",
        "openai-version": "2020-10-01",
        "Server": "cloudflare",
        "Strict-Transport-Security": "max-age=15552000; includeSubDomains; preload",
        "X-Content-Type-Options": "nosniff",
        "X-Request-ID": "req_9a98ab1f22edc5a215724ceb6d61d743"
      },
      "ResponseBody": {
        "id": "run_l5LMPALNuQoQ0cVOEHOw9XYD",
        "object": "thread.run",
        "created_at": 1723072812,
        "assistant_id": "asst_DNVSfr9wfUCrNhnX7ysuFhJQ",
        "thread_id": "thread_QG1IBZIJMlyr4tT8Vosd63h8",
        "status": "queued",
        "started_at": null,
        "expires_at": 1723073412,
        "cancelled_at": null,
        "failed_at": null,
        "completed_at": null,
        "required_action": null,
        "last_error": null,
        "model": "gpt-4-1106-preview",
        "instructions": "You are a personal math tutor. Answer questions briefly, in a sentence or less.",
        "tools": [
          {
            "type": "code_interpreter"
          }
        ],
        "tool_resources": {},
        "metadata": {},
        "temperature": 1.0,
        "top_p": 1.0,
        "max_completion_tokens": null,
        "max_prompt_tokens": null,
        "truncation_strategy": {
          "type": "auto",
          "last_messages": null
        },
        "incomplete_details": null,
        "usage": null,
        "response_format": "auto",
        "tool_choice": "auto",
        "parallel_tool_calls": true
      }
    },
    {
      "RequestUri": "https://REDACTED/v1/threads/thread_QG1IBZIJMlyr4tT8Vosd63h8/runs/run_l5LMPALNuQoQ0cVOEHOw9XYD",
      "RequestMethod": "GET",
      "RequestHeaders": {
        "Accept": "application/json",
        "Authorization": "Sanitized",
        "Content-Length": "0",
        "Date": "Wed, 07 Aug 2024 23:20:13 GMT",
        "OpenAI-Beta": "assistants=v2",
        "User-Agent": "azsdk-java-azure-ai-openai-assistants/1.0.0-beta.4 (11.0.21; Windows 11; 10.0)",
        "x-ms-client-request-id": "Sanitized"
      },
      "RequestBody": null,
      "StatusCode": 200,
      "ResponseHeaders": {
        "Alt-Svc": "h3=\":443\"",
        "CF-Cache-Status": "DYNAMIC",
        "CF-RAY": "8afafeff5f3d2b7d-LAX",
        "Connection": "keep-alive",
        "Content-Length": "947",
        "Content-Type": "application/json",
        "Date": "Wed, 07 Aug 2024 23:20:14 GMT",
        "openai-organization": "msft-finetuning-2",
        "openai-processing-ms": "73",
        "openai-version": "2020-10-01",
        "Server": "cloudflare",
        "Strict-Transport-Security": "max-age=15552000; includeSubDomains; preload",
        "X-Content-Type-Options": "nosniff",
        "X-Request-ID": "req_3c66fed7bff30cb47a7c26cef609c643"
      },
      "ResponseBody": {
        "id": "run_l5LMPALNuQoQ0cVOEHOw9XYD",
        "object": "thread.run",
        "created_at": 1723072812,
        "assistant_id": "asst_DNVSfr9wfUCrNhnX7ysuFhJQ",
        "thread_id": "thread_QG1IBZIJMlyr4tT8Vosd63h8",
        "status": "in_progress",
        "started_at": 1723072812,
        "expires_at": 1723073412,
        "cancelled_at": null,
        "failed_at": null,
        "completed_at": null,
        "required_action": null,
        "last_error": null,
        "model": "gpt-4-1106-preview",
        "instructions": "You are a personal math tutor. Answer questions briefly, in a sentence or less.",
        "tools": [
          {
            "type": "code_interpreter"
          }
        ],
        "tool_resources": {},
        "metadata": {},
        "temperature": 1.0,
        "top_p": 1.0,
        "max_completion_tokens": null,
        "max_prompt_tokens": null,
        "truncation_strategy": {
          "type": "auto",
          "last_messages": null
        },
        "incomplete_details": null,
        "usage": null,
        "response_format": "auto",
        "tool_choice": "auto",
        "parallel_tool_calls": true
      }
    },
    {
      "RequestUri": "https://REDACTED/v1/threads/thread_QG1IBZIJMlyr4tT8Vosd63h8/runs/run_l5LMPALNuQoQ0cVOEHOw9XYD",
      "RequestMethod": "GET",
      "RequestHeaders": {
        "Accept": "application/json",
        "Authorization": "Sanitized",
        "Content-Length": "0",
        "Date": "Wed, 07 Aug 2024 23:20:14 GMT",
        "OpenAI-Beta": "assistants=v2",
        "User-Agent": "azsdk-java-azure-ai-openai-assistants/1.0.0-beta.4 (11.0.21; Windows 11; 10.0)",
        "x-ms-client-request-id": "Sanitized"
      },
      "RequestBody": null,
      "StatusCode": 200,
      "ResponseHeaders": {
        "Alt-Svc": "h3=\":443\"",
        "CF-Cache-Status": "DYNAMIC",
        "CF-RAY": "8afaff069d285239-LAX",
        "Connection": "keep-alive",
        "Content-Length": "947",
        "Content-Type": "application/json",
        "Date": "Wed, 07 Aug 2024 23:20:15 GMT",
        "openai-organization": "msft-finetuning-2",
        "openai-processing-ms": "109",
        "openai-version": "2020-10-01",
        "Server": "cloudflare",
        "Strict-Transport-Security": "max-age=15552000; includeSubDomains; preload",
        "X-Content-Type-Options": "nosniff",
        "X-Request-ID": "req_04f53c80ab642a3fd1791f600dafa944"
      },
      "ResponseBody": {
        "id": "run_l5LMPALNuQoQ0cVOEHOw9XYD",
        "object": "thread.run",
        "created_at": 1723072812,
        "assistant_id": "asst_DNVSfr9wfUCrNhnX7ysuFhJQ",
        "thread_id": "thread_QG1IBZIJMlyr4tT8Vosd63h8",
        "status": "in_progress",
        "started_at": 1723072812,
        "expires_at": 1723073412,
        "cancelled_at": null,
        "failed_at": null,
        "completed_at": null,
        "required_action": null,
        "last_error": null,
        "model": "gpt-4-1106-preview",
        "instructions": "You are a personal math tutor. Answer questions briefly, in a sentence or less.",
        "tools": [
          {
            "type": "code_interpreter"
          }
        ],
        "tool_resources": {},
        "metadata": {},
        "temperature": 1.0,
        "top_p": 1.0,
        "max_completion_tokens": null,
        "max_prompt_tokens": null,
        "truncation_strategy": {
          "type": "auto",
          "last_messages": null
        },
        "incomplete_details": null,
        "usage": null,
        "response_format": "auto",
        "tool_choice": "auto",
        "parallel_tool_calls": true
      }
    },
    {
      "RequestUri": "https://REDACTED/v1/threads/thread_QG1IBZIJMlyr4tT8Vosd63h8/runs/run_l5LMPALNuQoQ0cVOEHOw9XYD",
      "RequestMethod": "GET",
      "RequestHeaders": {
        "Accept": "application/json",
        "Authorization": "Sanitized",
        "Content-Length": "0",
        "Date": "Wed, 07 Aug 2024 23:20:16 GMT",
        "OpenAI-Beta": "assistants=v2",
        "User-Agent": "azsdk-java-azure-ai-openai-assistants/1.0.0-beta.4 (11.0.21; Windows 11; 10.0)",
        "x-ms-client-request-id": "Sanitized"
      },
      "RequestBody": null,
      "StatusCode": 200,
      "ResponseHeaders": {
        "Alt-Svc": "h3=\":443\"",
        "CF-Cache-Status": "DYNAMIC",
        "CF-RAY": "8afaff0e09a32b7d-LAX",
        "Connection": "keep-alive",
        "Content-Length": "947",
        "Content-Type": "application/json",
        "Date": "Wed, 07 Aug 2024 23:20:16 GMT",
        "openai-organization": "msft-finetuning-2",
        "openai-processing-ms": "71",
        "openai-version": "2020-10-01",
        "Server": "cloudflare",
        "Strict-Transport-Security": "max-age=15552000; includeSubDomains; preload",
        "X-Content-Type-Options": "nosniff",
        "X-Request-ID": "req_162f681ccf8a3bcc3739497f718576bf"
      },
      "ResponseBody": {
        "id": "run_l5LMPALNuQoQ0cVOEHOw9XYD",
        "object": "thread.run",
        "created_at": 1723072812,
        "assistant_id": "asst_DNVSfr9wfUCrNhnX7ysuFhJQ",
        "thread_id": "thread_QG1IBZIJMlyr4tT8Vosd63h8",
        "status": "in_progress",
        "started_at": 1723072812,
        "expires_at": 1723073412,
        "cancelled_at": null,
        "failed_at": null,
        "completed_at": null,
        "required_action": null,
        "last_error": null,
        "model": "gpt-4-1106-preview",
        "instructions": "You are a personal math tutor. Answer questions briefly, in a sentence or less.",
        "tools": [
          {
            "type": "code_interpreter"
          }
        ],
        "tool_resources": {},
        "metadata": {},
        "temperature": 1.0,
        "top_p": 1.0,
        "max_completion_tokens": null,
        "max_prompt_tokens": null,
        "truncation_strategy": {
          "type": "auto",
          "last_messages": null
        },
        "incomplete_details": null,
        "usage": null,
        "response_format": "auto",
        "tool_choice": "auto",
        "parallel_tool_calls": true
      }
    },
    {
      "RequestUri": "https://REDACTED/v1/threads/thread_QG1IBZIJMlyr4tT8Vosd63h8/runs/run_l5LMPALNuQoQ0cVOEHOw9XYD",
      "RequestMethod": "GET",
      "RequestHeaders": {
        "Accept": "application/json",
        "Authorization": "Sanitized",
        "Content-Length": "0",
        "Date": "Wed, 07 Aug 2024 23:20:17 GMT",
        "OpenAI-Beta": "assistants=v2",
        "User-Agent": "azsdk-java-azure-ai-openai-assistants/1.0.0-beta.4 (11.0.21; Windows 11; 10.0)",
        "x-ms-client-request-id": "Sanitized"
      },
      "RequestBody": null,
      "StatusCode": 200,
      "ResponseHeaders": {
        "Alt-Svc": "h3=\":443\"",
        "CF-Cache-Status": "DYNAMIC",
        "CF-RAY": "8afaff154dc05239-LAX",
        "Connection": "keep-alive",
        "Content-Length": "947",
        "Content-Type": "application/json",
        "Date": "Wed, 07 Aug 2024 23:20:17 GMT",
        "openai-organization": "msft-finetuning-2",
        "openai-processing-ms": "74",
        "openai-version": "2020-10-01",
        "Server": "cloudflare",
        "Strict-Transport-Security": "max-age=15552000; includeSubDomains; preload",
        "X-Content-Type-Options": "nosniff",
        "X-Request-ID": "req_f8ab72b097f63e6e5db3789d21ae6f5c"
      },
      "ResponseBody": {
        "id": "run_l5LMPALNuQoQ0cVOEHOw9XYD",
        "object": "thread.run",
        "created_at": 1723072812,
        "assistant_id": "asst_DNVSfr9wfUCrNhnX7ysuFhJQ",
        "thread_id": "thread_QG1IBZIJMlyr4tT8Vosd63h8",
        "status": "in_progress",
        "started_at": 1723072812,
        "expires_at": 1723073412,
        "cancelled_at": null,
        "failed_at": null,
        "completed_at": null,
        "required_action": null,
        "last_error": null,
        "model": "gpt-4-1106-preview",
        "instructions": "You are a personal math tutor. Answer questions briefly, in a sentence or less.",
        "tools": [
          {
            "type": "code_interpreter"
          }
        ],
        "tool_resources": {},
        "metadata": {},
        "temperature": 1.0,
        "top_p": 1.0,
        "max_completion_tokens": null,
        "max_prompt_tokens": null,
        "truncation_strategy": {
          "type": "auto",
          "last_messages": null
        },
        "incomplete_details": null,
        "usage": null,
        "response_format": "auto",
        "tool_choice": "auto",
        "parallel_tool_calls": true
      }
    },
    {
      "RequestUri": "https://REDACTED/v1/threads/thread_QG1IBZIJMlyr4tT8Vosd63h8/runs/run_l5LMPALNuQoQ0cVOEHOw9XYD",
      "RequestMethod": "GET",
      "RequestHeaders": {
        "Accept": "application/json",
        "Authorization": "Sanitized",
        "Content-Length": "0",
        "Date": "Wed, 07 Aug 2024 23:20:18 GMT",
        "OpenAI-Beta": "assistants=v2",
        "User-Agent": "azsdk-java-azure-ai-openai-assistants/1.0.0-beta.4 (11.0.21; Windows 11; 10.0)",
        "x-ms-client-request-id": "Sanitized"
      },
      "RequestBody": null,
      "StatusCode": 200,
      "ResponseHeaders": {
        "Alt-Svc": "h3=\":443\"",
        "CF-Cache-Status": "DYNAMIC",
        "CF-RAY": "8afaff1cadd55239-LAX",
        "Connection": "keep-alive",
        "Content-Length": "947",
        "Content-Type": "application/json",
        "Date": "Wed, 07 Aug 2024 23:20:18 GMT",
        "openai-organization": "msft-finetuning-2",
        "openai-processing-ms": "95",
        "openai-version": "2020-10-01",
        "Server": "cloudflare",
        "Strict-Transport-Security": "max-age=15552000; includeSubDomains; preload",
        "X-Content-Type-Options": "nosniff",
        "X-Request-ID": "req_d9c61b3fdf362c689076f6d0541f6be1"
      },
      "ResponseBody": {
        "id": "run_l5LMPALNuQoQ0cVOEHOw9XYD",
        "object": "thread.run",
        "created_at": 1723072812,
        "assistant_id": "asst_DNVSfr9wfUCrNhnX7ysuFhJQ",
        "thread_id": "thread_QG1IBZIJMlyr4tT8Vosd63h8",
        "status": "in_progress",
        "started_at": 1723072812,
        "expires_at": 1723073412,
        "cancelled_at": null,
        "failed_at": null,
        "completed_at": null,
        "required_action": null,
        "last_error": null,
        "model": "gpt-4-1106-preview",
        "instructions": "You are a personal math tutor. Answer questions briefly, in a sentence or less.",
        "tools": [
          {
            "type": "code_interpreter"
          }
        ],
        "tool_resources": {},
        "metadata": {},
        "temperature": 1.0,
        "top_p": 1.0,
        "max_completion_tokens": null,
        "max_prompt_tokens": null,
        "truncation_strategy": {
          "type": "auto",
          "last_messages": null
        },
        "incomplete_details": null,
        "usage": null,
        "response_format": "auto",
        "tool_choice": "auto",
        "parallel_tool_calls": true
      }
    },
    {
      "RequestUri": "https://REDACTED/v1/threads/thread_QG1IBZIJMlyr4tT8Vosd63h8/runs/run_l5LMPALNuQoQ0cVOEHOw9XYD",
      "RequestMethod": "GET",
      "RequestHeaders": {
        "Accept": "application/json",
        "Authorization": "Sanitized",
        "Content-Length": "0",
        "Date": "Wed, 07 Aug 2024 23:20:19 GMT",
        "OpenAI-Beta": "assistants=v2",
        "User-Agent": "azsdk-java-azure-ai-openai-assistants/1.0.0-beta.4 (11.0.21; Windows 11; 10.0)",
        "x-ms-client-request-id": "Sanitized"
      },
      "RequestBody": null,
      "StatusCode": 200,
      "ResponseHeaders": {
        "Alt-Svc": "h3=\":443\"",
        "CF-Cache-Status": "DYNAMIC",
        "CF-RAY": "8afaff240e1c5239-LAX",
        "Connection": "keep-alive",
        "Content-Length": "1025",
        "Content-Type": "application/json",
        "Date": "Wed, 07 Aug 2024 23:20:20 GMT",
        "openai-organization": "msft-finetuning-2",
        "openai-processing-ms": "504",
        "openai-version": "2020-10-01",
        "Server": "cloudflare",
        "Strict-Transport-Security": "max-age=15552000; includeSubDomains; preload",
        "X-Content-Type-Options": "nosniff",
        "X-Request-ID": "req_87e3729133dd2e3ca468c1e25084a372"
      },
      "ResponseBody": {
        "id": "run_l5LMPALNuQoQ0cVOEHOw9XYD",
        "object": "thread.run",
        "created_at": 1723072812,
        "assistant_id": "asst_DNVSfr9wfUCrNhnX7ysuFhJQ",
        "thread_id": "thread_QG1IBZIJMlyr4tT8Vosd63h8",
        "status": "completed",
        "started_at": 1723072812,
        "expires_at": null,
        "cancelled_at": null,
        "failed_at": null,
        "completed_at": 1723072819,
        "required_action": null,
        "last_error": null,
        "model": "gpt-4-1106-preview",
        "instructions": "You are a personal math tutor. Answer questions briefly, in a sentence or less.",
        "tools": [
          {
            "type": "code_interpreter"
          }
        ],
        "tool_resources": {},
        "metadata": {},
        "temperature": 1.0,
        "top_p": 1.0,
        "max_completion_tokens": null,
        "max_prompt_tokens": null,
        "truncation_strategy": {
          "type": "auto",
          "last_messages": null
        },
        "incomplete_details": null,
        "usage": {
          "prompt_tokens": 366,
          "completion_tokens": 88,
          "total_tokens": 454
        },
        "response_format": "auto",
        "tool_choice": "auto",
        "parallel_tool_calls": true
      }
    },
    {
      "RequestUri": "https://REDACTED/v1/threads/thread_QG1IBZIJMlyr4tT8Vosd63h8/messages",
      "RequestMethod": "GET",
      "RequestHeaders": {
        "Accept": "application/json",
        "Authorization": "Sanitized",
        "Content-Length": "0",
        "Date": "Wed, 07 Aug 2024 23:20:21 GMT",
        "OpenAI-Beta": "assistants=v2",
        "User-Agent": "azsdk-java-azure-ai-openai-assistants/1.0.0-beta.4 (11.0.21; Windows 11; 10.0)",
        "x-ms-client-request-id": "Sanitized"
      },
      "RequestBody": null,
      "StatusCode": 200,
      "ResponseHeaders": {
        "Alt-Svc": "h3=\":443\"",
        "CF-Cache-Status": "DYNAMIC",
        "CF-RAY": "8afaff2f8db42b7d-LAX",
        "Connection": "keep-alive",
        "Content-Length": "1249",
        "Content-Type": "application/json",
        "Date": "Wed, 07 Aug 2024 23:20:21 GMT",
        "openai-organization": "msft-finetuning-2",
        "openai-processing-ms": "44",
        "openai-version": "2020-10-01",
        "Server": "cloudflare",
        "Strict-Transport-Security": "max-age=15552000; includeSubDomains; preload",
        "X-Content-Type-Options": "nosniff",
        "X-Request-ID": "req_74c4e8fd5a0382833e1fa30fe9350f2e"
      },
      "ResponseBody": {
        "object": "list",
        "data": [
          {
            "id": "msg_jz67gbt6KRU9uhbeM515a075",
            "object": "thread.message",
            "created_at": 1723072819,
            "assistant_id": "asst_DNVSfr9wfUCrNhnX7ysuFhJQ",
            "thread_id": "thread_QG1IBZIJMlyr4tT8Vosd63h8",
            "run_id": "run_l5LMPALNuQoQ0cVOEHOw9XYD",
            "role": "assistant",
            "content": [
              {
                "type": "text",
                "text": {
                  "value": "Yes, the solution to the equation \\(3x + 11 = 14\\) is \\(x = 1\\).",
                  "annotations": []
                }
              }
            ],
            "attachments": [],
            "metadata": {}
          },
          {
            "id": "msg_2jtZRrscXtqmqjBMcdY7AfBL",
            "object": "thread.message",
            "created_at": 1723072812,
            "assistant_id": null,
            "thread_id": "thread_QG1IBZIJMlyr4tT8Vosd63h8",
            "run_id": null,
            "role": "user",
            "content": [
              {
                "type": "text",
                "text": {
                  "value": "I need to solve the equation `3x + 11 = 14`. Can you help me?",
                  "annotations": []
                }
              }
            ],
            "attachments": [],
            "metadata": {}
          }
        ],
        "first_id": "msg_jz67gbt6KRU9uhbeM515a075",
        "last_id": "msg_2jtZRrscXtqmqjBMcdY7AfBL",
        "has_more": false
      }
    },
    {
      "RequestUri": "https://REDACTED/v1/threads/thread_QG1IBZIJMlyr4tT8Vosd63h8",
      "RequestMethod": "DELETE",
      "RequestHeaders": {
        "Accept": "application/json",
        "Authorization": "Sanitized",
        "Content-Length": "0",
        "Date": "Wed, 07 Aug 2024 23:20:21 GMT",
        "OpenAI-Beta": "assistants=v2",
        "User-Agent": "azsdk-java-azure-ai-openai-assistants/1.0.0-beta.4 (11.0.21; Windows 11; 10.0)",
        "x-ms-client-request-id": "Sanitized"
      },
      "RequestBody": null,
      "StatusCode": 200,
      "ResponseHeaders": {
        "Alt-Svc": "h3=\":443\"",
        "CF-Cache-Status": "DYNAMIC",
        "CF-RAY": "8afaff304ebe2b7d-LAX",
        "Connection": "keep-alive",
        "Content-Length": "94",
        "Content-Type": "application/json",
        "Date": "Wed, 07 Aug 2024 23:20:21 GMT",
        "openai-organization": "msft-finetuning-2",
        "openai-processing-ms": "63",
        "openai-version": "2020-10-01",
        "Server": "cloudflare",
        "Strict-Transport-Security": "max-age=15552000; includeSubDomains; preload",
        "X-Content-Type-Options": "nosniff",
        "X-Request-ID": "req_8b11ca8865f2518662e3f4e8a0d5bd28"
      },
      "ResponseBody": {
        "id": "thread_QG1IBZIJMlyr4tT8Vosd63h8",
        "object": "thread.deleted",
        "deleted": true
      }
    },
    {
      "RequestUri": "https://REDACTED/v1/assistants/asst_DNVSfr9wfUCrNhnX7ysuFhJQ",
      "RequestMethod": "DELETE",
      "RequestHeaders": {
        "Accept": "application/json",
        "Authorization": "Sanitized",
        "Content-Length": "0",
        "Date": "Wed, 07 Aug 2024 23:20:21 GMT",
        "OpenAI-Beta": "assistants=v2",
        "User-Agent": "azsdk-java-azure-ai-openai-assistants/1.0.0-beta.4 (11.0.21; Windows 11; 10.0)",
        "x-ms-client-request-id": "Sanitized"
      },
      "RequestBody": null,
      "StatusCode": 200,
      "ResponseHeaders": {
        "Alt-Svc": "h3=\":443\"",
        "CF-Cache-Status": "DYNAMIC",
        "CF-RAY": "8afaff313fd92b7d-LAX",
        "Connection": "keep-alive",
        "Content-Length": "95",
        "Content-Type": "application/json",
        "Date": "Wed, 07 Aug 2024 23:20:22 GMT",
        "openai-organization": "msft-finetuning-2",
        "openai-processing-ms": "48",
        "openai-version": "2020-10-01",
        "Server": "cloudflare",
        "Strict-Transport-Security": "max-age=15552000; includeSubDomains; preload",
        "X-Content-Type-Options": "nosniff",
        "X-Request-ID": "req_ee125e56f7e1e56f738b79bcf16b840c"
      },
      "ResponseBody": {
        "id": "asst_DNVSfr9wfUCrNhnX7ysuFhJQ",
        "object": "assistant.deleted",
        "deleted": true
      }
    }
  ],
  "Variables": {}
}
