{
  "Entries": [
    {
      "RequestUri": "https://REDACTED/openai/assistants?api-version=2024-01-01-preview",
      "RequestMethod": "POST",
      "RequestHeaders": {
        "Accept": "application/json",
        "api-key": "REDACTED",
        "Content-Length": "185",
        "Content-Type": "application/json",
        "Date": "Wed, 31 Jan 2024 22:29:19 GMT",
        "OpenAI-Beta": "assistants=v1",
        "User-Agent": "azsdk-java-azure-ai-openai-assistants/1.0.0-beta.1 (11.0.21; Windows 11; 10.0)",
        "x-ms-client-request-id": "8a4b583e-9337-4e11-9e07-0dfcf96a943f"
      },
      "RequestBody": {
        "model": "gpt-4-1106-preview",
        "name": "Math Tutor",
        "instructions": "You are a personal math tutor. Answer questions briefly, in a sentence or less.",
        "tools": [
          {
            "type": "code_interpreter"
          }
        ]
      },
      "StatusCode": 200,
      "ResponseHeaders": {
        "apim-request-id": "6b871391-493b-414e-9f5d-45215c16cc5a",
        "Content-Length": "376",
        "Content-Type": "application/json",
        "Date": "Wed, 31 Jan 2024 22:29:18 GMT",
        "Strict-Transport-Security": "max-age=31536000; includeSubDomains; preload",
        "X-Content-Type-Options": "nosniff",
        "x-ms-client-request-id": "8a4b583e-9337-4e11-9e07-0dfcf96a943f",
        "x-ms-region": "West US 2",
        "x-ratelimit-remaining-requests": "9",
        "x-ratelimit-remaining-tokens": "5200",
        "X-Request-ID": "c31e5b47-2ba9-4c14-9acc-67d9c1bb6b45"
      },
      "ResponseBody": {
        "id": "asst_H4HMOySskReFUcBdxf64Pi7f",
        "object": "assistant",
        "created_at": 1706740159,
        "name": "Math Tutor",
        "description": null,
        "model": "gpt-4-1106-preview",
        "instructions": "You are a personal math tutor. Answer questions briefly, in a sentence or less.",
        "tools": [
          {
            "type": "code_interpreter"
          }
        ],
        "file_ids": [],
        "metadata": {}
      }
    },
    {
      "RequestUri": "https://REDACTED/openai/files?api-version=2024-01-01-preview",
      "RequestMethod": "POST",
      "RequestHeaders": {
        "Accept": "application/json",
        "api-key": "REDACTED",
        "Content-Length": "330",
        "Content-Type": "multipart/form-data; boundary=BOUNDARY",
        "Date": "Wed, 31 Jan 2024 22:29:19 GMT",
        "OpenAI-Beta": "assistants=v1",
        "User-Agent": "azsdk-java-azure-ai-openai-assistants/1.0.0-beta.1 (11.0.21; Windows 11; 10.0)",
        "x-ms-client-request-id": "a14ab207-90ed-4cce-87e5-d0127052fcc6"
      },
      "RequestBody": "LS0xMWNlMjNjNy1lZTQ5LTRiDQpDb250ZW50LURpc3Bvc2l0aW9uOiBmb3JtLWRhdGE7IG5hbWU9ImZpbGUiOyBmaWxlbmFtZT0iZmlsZSINCkNvbnRlbnQtVHlwZTogYXBwbGljYXRpb24vb2N0ZXQtc3RyZWFtDQoNCkFzc2lzdGFudHMgcHVycG9zZSBmaWxlOg0KVGhlIHdvcmQgJ2FwcGxlJyBoYXMgdGhlIElEIDQ1NDU0NSBhbmQgdGhlIHdvcmQgJ2JhbmFuYScgaGFzIHRoZSBJRCAyMzIzMjMNCg0KLS0xMWNlMjNjNy1lZTQ5LTRiDQpDb250ZW50LURpc3Bvc2l0aW9uOiBmb3JtLWRhdGE7IG5hbWU9InB1cnBvc2UiDQoNCmFzc2lzdGFudHMNCi0tMTFjZTIzYzctZWU0OS00Yi0t",
      "StatusCode": 200,
      "ResponseHeaders": {
        "Access-Control-Allow-Origin": "*",
        "apim-request-id": "71fa0d85-ed14-410e-85bb-8b5dfeea28af",
        "Content-Length": "241",
        "Content-Type": "application/json",
        "Date": "Wed, 31 Jan 2024 22:29:20 GMT",
        "Strict-Transport-Security": "max-age=31536000; includeSubDomains; preload",
        "X-Content-Type-Options": "nosniff",
        "x-ms-client-request-id": "a14ab207-90ed-4cce-87e5-d0127052fcc6",
        "x-ms-region": "West US 2",
        "X-Request-ID": "4d3ab736-cf5a-45ac-aeb7-961c551175cf"
      },
      "ResponseBody": {
        "object": "file",
        "id": "assistant-Ntu5Cjy5jgrqoEaSI6hQcLGv",
        "purpose": "assistants",
        "filename": "file",
        "bytes": 102,
        "created_at": 1706740159,
        "status": "processed",
        "status_details": null,
        "updated_at": 1706740159
      }
    },
    {
      "RequestUri": "https://REDACTED/openai/assistants/asst_H4HMOySskReFUcBdxf64Pi7f/files?api-version=2024-01-01-preview",
      "RequestMethod": "POST",
      "RequestHeaders": {
        "Accept": "application/json",
        "api-key": "REDACTED",
        "Content-Length": "48",
        "Content-Type": "application/json",
        "Date": "Wed, 31 Jan 2024 22:29:20 GMT",
        "OpenAI-Beta": "assistants=v1",
        "User-Agent": "azsdk-java-azure-ai-openai-assistants/1.0.0-beta.1 (11.0.21; Windows 11; 10.0)",
        "x-ms-client-request-id": "025e2879-5bbe-4e93-9411-06d5cd3436e3"
      },
      "RequestBody": {
        "file_id": "assistant-Ntu5Cjy5jgrqoEaSI6hQcLGv"
      },
      "StatusCode": 200,
      "ResponseHeaders": {
        "apim-request-id": "67ed73e2-1a9a-46a1-be84-95389889d325",
        "Content-Length": "157",
        "Content-Type": "application/json",
        "Date": "Wed, 31 Jan 2024 22:29:20 GMT",
        "Strict-Transport-Security": "max-age=31536000; includeSubDomains; preload",
        "X-Content-Type-Options": "nosniff",
        "x-ms-client-request-id": "025e2879-5bbe-4e93-9411-06d5cd3436e3",
        "x-ms-region": "West US 2",
        "X-Request-ID": "c648136f-648c-4c03-b65a-e6bacef4fe7a"
      },
      "ResponseBody": {
        "id": "assistant-Ntu5Cjy5jgrqoEaSI6hQcLGv",
        "object": "assistant.file",
        "created_at": 1706740160,
        "assistant_id": "asst_H4HMOySskReFUcBdxf64Pi7f"
      }
    },
    {
      "RequestUri": "https://REDACTED/openai/assistants/asst_H4HMOySskReFUcBdxf64Pi7f/files?api-version=2024-01-01-preview",
      "RequestMethod": "GET",
      "RequestHeaders": {
        "Accept": "application/json",
        "api-key": "REDACTED",
        "Content-Length": "0",
        "Date": "Wed, 31 Jan 2024 22:29:21 GMT",
        "OpenAI-Beta": "assistants=v1",
        "User-Agent": "azsdk-java-azure-ai-openai-assistants/1.0.0-beta.1 (11.0.21; Windows 11; 10.0)",
        "x-ms-client-request-id": "f64aa762-94b2-47f6-8361-302ff7424498"
      },
      "RequestBody": null,
      "StatusCode": 200,
      "ResponseHeaders": {
        "apim-request-id": "1421b7a5-9cd0-4756-9f88-37bcf95e40e4",
        "Content-Length": "345",
        "Content-Type": "application/json",
        "Date": "Wed, 31 Jan 2024 22:29:20 GMT",
        "Strict-Transport-Security": "max-age=31536000; includeSubDomains; preload",
        "X-Content-Type-Options": "nosniff",
        "x-ms-client-request-id": "f64aa762-94b2-47f6-8361-302ff7424498",
        "x-ms-region": "West US 2",
        "X-Request-ID": "eb41e678-e760-4ff4-9cf5-c04f251209a3"
      },
      "ResponseBody": {
        "object": "list",
        "data": [
          {
            "id": "assistant-Ntu5Cjy5jgrqoEaSI6hQcLGv",
            "object": "assistant.file",
            "created_at": 1706740160,
            "assistant_id": "asst_H4HMOySskReFUcBdxf64Pi7f"
          }
        ],
        "first_id": "assistant-Ntu5Cjy5jgrqoEaSI6hQcLGv",
        "last_id": "assistant-Ntu5Cjy5jgrqoEaSI6hQcLGv",
        "has_more": false
      }
    },
    {
      "RequestUri": "https://REDACTED/openai/files/assistant-Ntu5Cjy5jgrqoEaSI6hQcLGv?api-version=2024-01-01-preview",
      "RequestMethod": "DELETE",
      "RequestHeaders": {
        "Accept": "application/json",
        "api-key": "REDACTED",
        "Content-Length": "0",
        "Date": "Wed, 31 Jan 2024 22:29:21 GMT",
        "OpenAI-Beta": "assistants=v1",
        "User-Agent": "azsdk-java-azure-ai-openai-assistants/1.0.0-beta.1 (11.0.21; Windows 11; 10.0)",
        "x-ms-client-request-id": "ed025808-d45e-4cc0-9ec4-2929609e9595"
      },
      "RequestBody": null,
      "StatusCode": 200,
      "ResponseHeaders": {
        "Access-Control-Allow-Origin": "*",
        "apim-request-id": "cda68a64-e1c7-43ad-87cd-792fb8308adb",
        "Content-Length": "88",
        "Content-Type": "application/json",
        "Date": "Wed, 31 Jan 2024 22:29:22 GMT",
        "Strict-Transport-Security": "max-age=31536000; includeSubDomains; preload",
        "X-Content-Type-Options": "nosniff",
        "x-ms-client-request-id": "ed025808-d45e-4cc0-9ec4-2929609e9595",
        "x-ms-region": "West US 2",
        "X-Request-ID": "ad860489-71c5-42db-95a1-5dcfb2062709"
      },
      "ResponseBody": {
        "object": "file",
        "id": "assistant-Ntu5Cjy5jgrqoEaSI6hQcLGv",
        "deleted": true
      }
    },
    {
      "RequestUri": "https://REDACTED/openai/assistants/asst_H4HMOySskReFUcBdxf64Pi7f?api-version=2024-01-01-preview",
      "RequestMethod": "DELETE",
      "RequestHeaders": {
        "Accept": "application/json",
        "api-key": "REDACTED",
        "Content-Length": "0",
        "Date": "Wed, 31 Jan 2024 22:29:22 GMT",
        "OpenAI-Beta": "assistants=v1",
        "User-Agent": "azsdk-java-azure-ai-openai-assistants/1.0.0-beta.1 (11.0.21; Windows 11; 10.0)",
        "x-ms-client-request-id": "688656cc-82e4-419a-aaa1-f033da64e37d"
      },
      "RequestBody": null,
      "StatusCode": 200,
      "ResponseHeaders": {
        "apim-request-id": "dd180e1e-1608-43b4-8e08-f5b665bca7fb",
        "Content-Length": "95",
        "Content-Type": "application/json",
        "Date": "Wed, 31 Jan 2024 22:29:22 GMT",
        "Strict-Transport-Security": "max-age=31536000; includeSubDomains; preload",
        "X-Content-Type-Options": "nosniff",
        "x-ms-client-request-id": "688656cc-82e4-419a-aaa1-f033da64e37d",
        "x-ms-region": "West US 2",
        "X-Request-ID": "ce618830-b5c9-4bed-b752-95938b439925"
      },
      "ResponseBody": {
        "id": "asst_H4HMOySskReFUcBdxf64Pi7f",
        "object": "assistant.deleted",
        "deleted": true
      }
    }
  ],
  "Variables": {}
}
