{
  "Entries": [
    {
      "RequestUri": "https://REDACTED/v1/threads?api-version=2024-02-15-preview",
      "RequestMethod": "POST",
      "RequestHeaders": {
        "Accept": "application/json",
        "Authorization": "Sanitized",
        "Content-Length": "2",
        "Content-Type": "application/json",
        "Date": "Mon, 05 Feb 2024 22:55:59 GMT",
        "OpenAI-Beta": "assistants=v1",
        "User-Agent": "azsdk-java-azure-ai-openai-assistants/1.0.0-beta.1 (11.0.21; Windows 11; 10.0)",
        "x-ms-client-request-id": "c946ff67-2b0e-4224-91a7-6254828ff6ad"
      },
      "RequestBody": {},
      "StatusCode": 200,
      "ResponseHeaders": {
        "Alt-Svc": "h3=\u0022:443\u0022",
        "CF-Cache-Status": "DYNAMIC",
        "CF-RAY": "850ebe6a4d1e680f-SEA",
        "Connection": "keep-alive",
        "Content-Length": "96",
        "Content-Type": "application/json",
        "Date": "Mon, 05 Feb 2024 22:55:56 GMT",
        "openai-organization": "msft-finetuning-2",
        "openai-processing-ms": "22",
        "openai-version": "2020-10-01",
        "Server": "cloudflare",
        "Strict-Transport-Security": "max-age=15724800; includeSubDomains",
        "X-Request-ID": "22fdb9e8185022c98afe83c6863abd7b"
      },
      "ResponseBody": {
        "id": "thread_PGocyXCTREmC4XqWfexxKZKI",
        "object": "thread",
        "created_at": 1707173756,
        "metadata": {}
      }
    },
    {
      "RequestUri": "https://REDACTED/v1/threads/thread_PGocyXCTREmC4XqWfexxKZKI/messages?api-version=2024-02-15-preview",
      "RequestMethod": "POST",
      "RequestHeaders": {
        "Accept": "application/json",
        "Authorization": "Sanitized",
        "Content-Length": "89",
        "Content-Type": "application/json",
        "Date": "Mon, 05 Feb 2024 22:55:59 GMT",
        "OpenAI-Beta": "assistants=v1",
        "User-Agent": "azsdk-java-azure-ai-openai-assistants/1.0.0-beta.1 (11.0.21; Windows 11; 10.0)",
        "x-ms-client-request-id": "cdaf83ab-8f8b-437e-b62f-8c9d63b57eec"
      },
      "RequestBody": {
        "role": "user",
        "content": "I need to solve the equation \u00603x \u002B 11 = 14\u0060. Can you help me?"
      },
      "StatusCode": 200,
      "ResponseHeaders": {
        "Alt-Svc": "h3=\u0022:443\u0022",
        "CF-Cache-Status": "DYNAMIC",
        "CF-RAY": "850ebe6afe14680f-SEA",
        "Connection": "keep-alive",
        "Content-Length": "335",
        "Content-Type": "application/json",
        "Date": "Mon, 05 Feb 2024 22:55:56 GMT",
        "openai-organization": "msft-finetuning-2",
        "openai-processing-ms": "103",
        "openai-version": "2020-10-01",
        "Server": "cloudflare",
        "Strict-Transport-Security": "max-age=15724800; includeSubDomains",
        "X-Request-ID": "1199a29e963b2d1309694bbcfb59932d"
      },
      "ResponseBody": {
        "id": "msg_rzIKiGowJRgIfsbFPrwl3zvu",
        "object": "thread.message",
        "created_at": 1707173756,
        "thread_id": "thread_PGocyXCTREmC4XqWfexxKZKI",
        "role": "user",
        "content": [
          {
            "type": "text",
            "text": {
              "value": "I need to solve the equation \u00603x \u002B 11 = 14\u0060. Can you help me?",
              "annotations": []
            }
          }
        ],
        "file_ids": [],
        "assistant_id": null,
        "run_id": null,
        "metadata": {}
      }
    },
    {
      "RequestUri": "https://REDACTED/v1/threads/thread_PGocyXCTREmC4XqWfexxKZKI/messages?api-version=2024-02-15-preview",
      "RequestMethod": "POST",
      "RequestHeaders": {
        "Accept": "application/json",
        "Authorization": "Sanitized",
        "Content-Length": "103",
        "Content-Type": "application/json",
        "Date": "Mon, 05 Feb 2024 22:55:59 GMT",
        "OpenAI-Beta": "assistants=v1",
        "User-Agent": "azsdk-java-azure-ai-openai-assistants/1.0.0-beta.1 (11.0.21; Windows 11; 10.0)",
        "x-ms-client-request-id": "c9f31d75-0b23-41e3-800d-f1bd48651046"
      },
      "RequestBody": {
        "role": "user",
        "content": "I need to solve the equation \u00603x \u002B 11 = 14\u0060. Can you help me?second message"
      },
      "StatusCode": 200,
      "ResponseHeaders": {
        "Alt-Svc": "h3=\u0022:443\u0022",
        "CF-Cache-Status": "DYNAMIC",
        "CF-RAY": "850ebe6c2fe1680f-SEA",
        "Connection": "keep-alive",
        "Content-Length": "349",
        "Content-Type": "application/json",
        "Date": "Mon, 05 Feb 2024 22:55:56 GMT",
        "openai-organization": "msft-finetuning-2",
        "openai-processing-ms": "58",
        "openai-version": "2020-10-01",
        "Server": "cloudflare",
        "Strict-Transport-Security": "max-age=15724800; includeSubDomains",
        "X-Request-ID": "28bbeaad41d0d2e5779c07bf9e7ec591"
      },
      "ResponseBody": {
        "id": "msg_Yk4aJ5P21RGadpkkYWVQREYM",
        "object": "thread.message",
        "created_at": 1707173756,
        "thread_id": "thread_PGocyXCTREmC4XqWfexxKZKI",
        "role": "user",
        "content": [
          {
            "type": "text",
            "text": {
              "value": "I need to solve the equation \u00603x \u002B 11 = 14\u0060. Can you help me?second message",
              "annotations": []
            }
          }
        ],
        "file_ids": [],
        "assistant_id": null,
        "run_id": null,
        "metadata": {}
      }
    },
    {
      "RequestUri": "https://REDACTED/v1/threads/thread_PGocyXCTREmC4XqWfexxKZKI/messages?api-version=2024-02-15-preview",
      "RequestMethod": "GET",
      "RequestHeaders": {
        "Accept": "application/json",
        "Authorization": "Sanitized",
        "Content-Length": "0",
        "Date": "Mon, 05 Feb 2024 22:55:59 GMT",
        "OpenAI-Beta": "assistants=v1",
        "User-Agent": "azsdk-java-azure-ai-openai-assistants/1.0.0-beta.1 (11.0.21; Windows 11; 10.0)",
        "x-ms-client-request-id": "e0fdb936-4e2c-47db-b4d4-ecc70363e55a"
      },
      "RequestBody": null,
      "StatusCode": 200,
      "ResponseHeaders": {
        "Alt-Svc": "h3=\u0022:443\u0022",
        "CF-Cache-Status": "DYNAMIC",
        "CF-RAY": "850ebe6d1921680f-SEA",
        "Connection": "keep-alive",
        "Content-Length": "812",
        "Content-Type": "application/json",
        "Date": "Mon, 05 Feb 2024 22:55:57 GMT",
        "openai-organization": "msft-finetuning-2",
        "openai-processing-ms": "92",
        "openai-version": "2020-10-01",
        "Server": "cloudflare",
        "Strict-Transport-Security": "max-age=15724800; includeSubDomains",
        "X-Request-ID": "7f07f6554a67bcc63d9a65c24aa48e9b"
      },
      "ResponseBody": {
        "object": "list",
        "data": [
          {
            "id": "msg_Yk4aJ5P21RGadpkkYWVQREYM",
            "object": "thread.message",
            "created_at": 1707173756,
            "thread_id": "thread_PGocyXCTREmC4XqWfexxKZKI",
            "role": "user",
            "content": [
              {
                "type": "text",
                "text": {
                  "value": "I need to solve the equation \u00603x \u002B 11 = 14\u0060. Can you help me?second message",
                  "annotations": []
                }
              }
            ],
            "file_ids": [],
            "assistant_id": null,
            "run_id": null,
            "metadata": {}
          },
          {
            "id": "msg_rzIKiGowJRgIfsbFPrwl3zvu",
            "object": "thread.message",
            "created_at": 1707173756,
            "thread_id": "thread_PGocyXCTREmC4XqWfexxKZKI",
            "role": "user",
            "content": [
              {
                "type": "text",
                "text": {
                  "value": "I need to solve the equation \u00603x \u002B 11 = 14\u0060. Can you help me?",
                  "annotations": []
                }
              }
            ],
            "file_ids": [],
            "assistant_id": null,
            "run_id": null,
            "metadata": {}
          }
        ],
        "first_id": "msg_Yk4aJ5P21RGadpkkYWVQREYM",
        "last_id": "msg_rzIKiGowJRgIfsbFPrwl3zvu",
        "has_more": false
      }
    },
    {
      "RequestUri": "https://REDACTED/v1/threads/thread_PGocyXCTREmC4XqWfexxKZKI/messages?api-version=2024-02-15-preview",
      "RequestMethod": "GET",
      "RequestHeaders": {
        "Accept": "application/json",
        "Authorization": "Sanitized",
        "Content-Length": "0",
        "Date": "Mon, 05 Feb 2024 22:55:59 GMT",
        "OpenAI-Beta": "assistants=v1",
        "User-Agent": "azsdk-java-azure-ai-openai-assistants/1.0.0-beta.1 (11.0.21; Windows 11; 10.0)",
        "x-ms-client-request-id": "f5e2bd92-33b9-4843-86ac-9665a8031ddb"
      },
      "RequestBody": null,
      "StatusCode": 200,
      "ResponseHeaders": {
        "Alt-Svc": "h3=\u0022:443\u0022",
        "CF-Cache-Status": "DYNAMIC",
        "CF-RAY": "850ebe6e5ace680f-SEA",
        "Connection": "keep-alive",
        "Content-Length": "812",
        "Content-Type": "application/json",
        "Date": "Mon, 05 Feb 2024 22:55:58 GMT",
        "openai-organization": "msft-finetuning-2",
        "openai-processing-ms": "460",
        "openai-version": "2020-10-01",
        "Server": "cloudflare",
        "Strict-Transport-Security": "max-age=15724800; includeSubDomains",
        "X-Request-ID": "927e98deb34284ef73146c94536aa7c7"
      },
      "ResponseBody": {
        "object": "list",
        "data": [
          {
            "id": "msg_Yk4aJ5P21RGadpkkYWVQREYM",
            "object": "thread.message",
            "created_at": 1707173756,
            "thread_id": "thread_PGocyXCTREmC4XqWfexxKZKI",
            "role": "user",
            "content": [
              {
                "type": "text",
                "text": {
                  "value": "I need to solve the equation \u00603x \u002B 11 = 14\u0060. Can you help me?second message",
                  "annotations": []
                }
              }
            ],
            "file_ids": [],
            "assistant_id": null,
            "run_id": null,
            "metadata": {}
          },
          {
            "id": "msg_rzIKiGowJRgIfsbFPrwl3zvu",
            "object": "thread.message",
            "created_at": 1707173756,
            "thread_id": "thread_PGocyXCTREmC4XqWfexxKZKI",
            "role": "user",
            "content": [
              {
                "type": "text",
                "text": {
                  "value": "I need to solve the equation \u00603x \u002B 11 = 14\u0060. Can you help me?",
                  "annotations": []
                }
              }
            ],
            "file_ids": [],
            "assistant_id": null,
            "run_id": null,
            "metadata": {}
          }
        ],
        "first_id": "msg_Yk4aJ5P21RGadpkkYWVQREYM",
        "last_id": "msg_rzIKiGowJRgIfsbFPrwl3zvu",
        "has_more": false
      }
    },
    {
      "RequestUri": "https://REDACTED/v1/threads/thread_PGocyXCTREmC4XqWfexxKZKI?api-version=2024-02-15-preview",
      "RequestMethod": "DELETE",
      "RequestHeaders": {
        "Accept": "application/json",
        "Authorization": "Sanitized",
        "Content-Length": "0",
        "Date": "Mon, 05 Feb 2024 22:56:01 GMT",
        "OpenAI-Beta": "assistants=v1",
        "User-Agent": "azsdk-java-azure-ai-openai-assistants/1.0.0-beta.1 (11.0.21; Windows 11; 10.0)",
        "x-ms-client-request-id": "431f1641-ed07-44f0-b723-14ddd4d1e39e"
      },
      "RequestBody": null,
      "StatusCode": 200,
      "ResponseHeaders": {
        "Alt-Svc": "h3=\u0022:443\u0022",
        "CF-Cache-Status": "DYNAMIC",
        "CF-RAY": "850ebe776ffd680f-SEA",
        "Connection": "keep-alive",
        "Content-Length": "81",
        "Content-Type": "application/json",
        "Date": "Mon, 05 Feb 2024 22:55:58 GMT",
        "openai-organization": "msft-finetuning-2",
        "openai-processing-ms": "135",
        "openai-version": "2020-10-01",
        "Server": "cloudflare",
        "Strict-Transport-Security": "max-age=15724800; includeSubDomains",
        "X-Request-ID": "2d24c2f2ad3668a4c3c472fa413f618e"
      },
      "ResponseBody": {
        "id": "thread_PGocyXCTREmC4XqWfexxKZKI",
        "object": "thread.deleted",
        "deleted": true
      }
    }
  ],
  "Variables": {}
}
