{
  "Entries": [
    {
      "RequestUri": "https://REDACTED/v1/assistants",
      "RequestMethod": "POST",
      "RequestHeaders": {
        "Accept": "application/json",
        "Authorization": "Sanitized",
        "Content-Length": "185",
        "Content-Type": "application/json",
        "Date": "Mon, 03 Jun 2024 09:46:12 GMT",
        "OpenAI-Beta": "assistants=v2",
        "User-Agent": "azsdk-java-azure-ai-openai-assistants/1.0.0-beta.3 (17.0.7; Windows 11; 10.0)",
        "x-ms-client-request-id": "Sanitized"
      },
      "RequestBody": {
        "model": "gpt-4-1106-preview",
        "name": "Math Tutor",
        "instructions": "You are a personal math tutor. Answer questions briefly, in a sentence or less.",
        "tools": [
          {
            "type": "code_interpreter"
          }
        ]
      },
      "StatusCode": 200,
      "ResponseHeaders": {
        "Alt-Svc": "h3=\":443\"",
        "CF-Cache-Status": "DYNAMIC",
        "CF-RAY": "88dec134af31a348-SEA",
        "Connection": "keep-alive",
        "Content-Length": "505",
        "Content-Type": "application/json",
        "Date": "Mon, 03 Jun 2024 09:46:12 GMT",
        "openai-organization": "msft-finetuning-2",
        "openai-processing-ms": "73",
        "openai-version": "2020-10-01",
        "Server": "cloudflare",
        "Strict-Transport-Security": "max-age=15724800; includeSubDomains",
        "X-Request-ID": "req_38dd81c83d5325d6505e0d8584babb0f"
      },
      "ResponseBody": {
        "id": "asst_LXrn7ryNw3rkuLzaI7oMMuYS",
        "object": "assistant",
        "created_at": 1717407972,
        "name": "Math Tutor",
        "description": null,
        "model": "gpt-4-1106-preview",
        "instructions": "You are a personal math tutor. Answer questions briefly, in a sentence or less.",
        "tools": [
          {
            "type": "code_interpreter"
          }
        ],
        "top_p": 1.0,
        "temperature": 1.0,
        "tool_resources": {
          "code_interpreter": {
            "file_ids": []
          }
        },
        "metadata": {},
        "response_format": "auto"
      }
    },
    {
      "RequestUri": "https://REDACTED/v1/threads/runs",
      "RequestMethod": "POST",
      "RequestHeaders": {
        "Accept": "application/json",
        "Authorization": "Sanitized",
        "Content-Length": "162",
        "Content-Type": "application/json",
        "Date": "Mon, 03 Jun 2024 09:46:12 GMT",
        "OpenAI-Beta": "assistants=v2",
        "User-Agent": "azsdk-java-azure-ai-openai-assistants/1.0.0-beta.3 (17.0.7; Windows 11; 10.0)",
        "x-ms-client-request-id": "Sanitized"
      },
      "RequestBody": {
        "assistant_id": "asst_LXrn7ryNw3rkuLzaI7oMMuYS",
        "thread": {
          "messages": [
            {
              "role": "user",
              "content": "I need to solve the equation `3x + 11 = 14`. Can you help me?"
            }
          ]
        }
      },
      "StatusCode": 200,
      "ResponseHeaders": {
        "Alt-Svc": "h3=\":443\"",
        "CF-Cache-Status": "DYNAMIC",
        "CF-RAY": "88dec135b81ba348-SEA",
        "Connection": "keep-alive",
        "Content-Length": "905",
        "Content-Type": "application/json",
        "Date": "Mon, 03 Jun 2024 09:46:13 GMT",
        "openai-organization": "msft-finetuning-2",
        "openai-processing-ms": "363",
        "openai-version": "2020-10-01",
        "Server": "cloudflare",
        "Strict-Transport-Security": "max-age=15724800; includeSubDomains",
        "X-Request-ID": "req_e185d7ca25c5ca12a55de18976a00459"
      },
      "ResponseBody": {
        "id": "run_LhzH8hy4xmxZ0uzquB0TtLqz",
        "object": "thread.run",
        "created_at": 1717407972,
        "assistant_id": "asst_LXrn7ryNw3rkuLzaI7oMMuYS",
        "thread_id": "thread_JTwHF7yPcvZ24czxstMMWB8O",
        "status": "queued",
        "started_at": null,
        "expires_at": 1717408572,
        "cancelled_at": null,
        "failed_at": null,
        "completed_at": null,
        "required_action": null,
        "last_error": null,
        "model": "gpt-4-1106-preview",
        "instructions": "You are a personal math tutor. Answer questions briefly, in a sentence or less.",
        "tools": [
          {
            "type": "code_interpreter"
          }
        ],
        "tool_resources": {},
        "metadata": {},
        "temperature": 1.0,
        "top_p": 1.0,
        "max_completion_tokens": null,
        "max_prompt_tokens": null,
        "truncation_strategy": {
          "type": "auto",
          "last_messages": null
        },
        "incomplete_details": null,
        "usage": null,
        "response_format": "auto",
        "tool_choice": "auto"
      }
    },
    {
      "RequestUri": "https://REDACTED/v1/threads/thread_JTwHF7yPcvZ24czxstMMWB8O/runs/run_LhzH8hy4xmxZ0uzquB0TtLqz",
      "RequestMethod": "GET",
      "RequestHeaders": {
        "Accept": "application/json",
        "Authorization": "Sanitized",
        "Content-Length": "0",
        "Date": "Mon, 03 Jun 2024 09:46:13 GMT",
        "OpenAI-Beta": "assistants=v2",
        "User-Agent": "azsdk-java-azure-ai-openai-assistants/1.0.0-beta.3 (17.0.7; Windows 11; 10.0)",
        "x-ms-client-request-id": "Sanitized"
      },
      "RequestBody": null,
      "StatusCode": 200,
      "ResponseHeaders": {
        "Alt-Svc": "h3=\":443\"",
        "CF-Cache-Status": "DYNAMIC",
        "CF-RAY": "88dec1387a80a348-SEA",
        "Connection": "keep-alive",
        "Content-Length": "905",
        "Content-Type": "application/json",
        "Date": "Mon, 03 Jun 2024 09:46:13 GMT",
        "openai-organization": "msft-finetuning-2",
        "openai-processing-ms": "59",
        "openai-version": "2020-10-01",
        "Server": "cloudflare",
        "Strict-Transport-Security": "max-age=15724800; includeSubDomains",
        "X-Request-ID": "req_8949c9e7fbf8b0dd13d8b72500c05b6b"
      },
      "ResponseBody": {
        "id": "run_LhzH8hy4xmxZ0uzquB0TtLqz",
        "object": "thread.run",
        "created_at": 1717407972,
        "assistant_id": "asst_LXrn7ryNw3rkuLzaI7oMMuYS",
        "thread_id": "thread_JTwHF7yPcvZ24czxstMMWB8O",
        "status": "queued",
        "started_at": null,
        "expires_at": 1717408572,
        "cancelled_at": null,
        "failed_at": null,
        "completed_at": null,
        "required_action": null,
        "last_error": null,
        "model": "gpt-4-1106-preview",
        "instructions": "You are a personal math tutor. Answer questions briefly, in a sentence or less.",
        "tools": [
          {
            "type": "code_interpreter"
          }
        ],
        "tool_resources": {},
        "metadata": {},
        "temperature": 1.0,
        "top_p": 1.0,
        "max_completion_tokens": null,
        "max_prompt_tokens": null,
        "truncation_strategy": {
          "type": "auto",
          "last_messages": null
        },
        "incomplete_details": null,
        "usage": null,
        "response_format": "auto",
        "tool_choice": "auto"
      }
    },
    {
      "RequestUri": "https://REDACTED/v1/threads/thread_JTwHF7yPcvZ24czxstMMWB8O/runs/run_LhzH8hy4xmxZ0uzquB0TtLqz",
      "RequestMethod": "GET",
      "RequestHeaders": {
        "Accept": "application/json",
        "Authorization": "Sanitized",
        "Content-Length": "0",
        "Date": "Mon, 03 Jun 2024 09:46:13 GMT",
        "OpenAI-Beta": "assistants=v2",
        "User-Agent": "azsdk-java-azure-ai-openai-assistants/1.0.0-beta.3 (17.0.7; Windows 11; 10.0)",
        "x-ms-client-request-id": "Sanitized"
      },
      "RequestBody": null,
      "StatusCode": 200,
      "ResponseHeaders": {
        "Alt-Svc": "h3=\":443\"",
        "CF-Cache-Status": "DYNAMIC",
        "CF-RAY": "88dec13c8896c725-SEA",
        "Connection": "keep-alive",
        "Content-Length": "916",
        "Content-Type": "application/json",
        "Date": "Mon, 03 Jun 2024 09:46:14 GMT",
        "openai-organization": "msft-finetuning-2",
        "openai-processing-ms": "96",
        "openai-version": "2020-10-01",
        "Server": "cloudflare",
        "Strict-Transport-Security": "max-age=15724800; includeSubDomains",
        "X-Request-ID": "req_20059f40528aa491991965dbffe5d169"
      },
      "ResponseBody": {
        "id": "run_LhzH8hy4xmxZ0uzquB0TtLqz",
        "object": "thread.run",
        "created_at": 1717407972,
        "assistant_id": "asst_LXrn7ryNw3rkuLzaI7oMMuYS",
        "thread_id": "thread_JTwHF7yPcvZ24czxstMMWB8O",
        "status": "in_progress",
        "started_at": 1717407973,
        "expires_at": 1717408572,
        "cancelled_at": null,
        "failed_at": null,
        "completed_at": null,
        "required_action": null,
        "last_error": null,
        "model": "gpt-4-1106-preview",
        "instructions": "You are a personal math tutor. Answer questions briefly, in a sentence or less.",
        "tools": [
          {
            "type": "code_interpreter"
          }
        ],
        "tool_resources": {},
        "metadata": {},
        "temperature": 1.0,
        "top_p": 1.0,
        "max_completion_tokens": null,
        "max_prompt_tokens": null,
        "truncation_strategy": {
          "type": "auto",
          "last_messages": null
        },
        "incomplete_details": null,
        "usage": null,
        "response_format": "auto",
        "tool_choice": "auto"
      }
    },
    {
      "RequestUri": "https://REDACTED/v1/threads/thread_JTwHF7yPcvZ24czxstMMWB8O/runs/run_LhzH8hy4xmxZ0uzquB0TtLqz",
      "RequestMethod": "GET",
      "RequestHeaders": {
        "Accept": "application/json",
        "Authorization": "Sanitized",
        "Content-Length": "0",
        "Date": "Mon, 03 Jun 2024 09:46:14 GMT",
        "OpenAI-Beta": "assistants=v2",
        "User-Agent": "azsdk-java-azure-ai-openai-assistants/1.0.0-beta.3 (17.0.7; Windows 11; 10.0)",
        "x-ms-client-request-id": "Sanitized"
      },
      "RequestBody": null,
      "StatusCode": 200,
      "ResponseHeaders": {
        "Alt-Svc": "h3=\":443\"",
        "CF-Cache-Status": "DYNAMIC",
        "CF-RAY": "88dec140daf8c725-SEA",
        "Connection": "keep-alive",
        "Content-Length": "916",
        "Content-Type": "application/json",
        "Date": "Mon, 03 Jun 2024 09:46:14 GMT",
        "openai-organization": "msft-finetuning-2",
        "openai-processing-ms": "48",
        "openai-version": "2020-10-01",
        "Server": "cloudflare",
        "Strict-Transport-Security": "max-age=15724800; includeSubDomains",
        "X-Request-ID": "req_f830484319263b14f8357507bb00a724"
      },
      "ResponseBody": {
        "id": "run_LhzH8hy4xmxZ0uzquB0TtLqz",
        "object": "thread.run",
        "created_at": 1717407972,
        "assistant_id": "asst_LXrn7ryNw3rkuLzaI7oMMuYS",
        "thread_id": "thread_JTwHF7yPcvZ24czxstMMWB8O",
        "status": "in_progress",
        "started_at": 1717407973,
        "expires_at": 1717408572,
        "cancelled_at": null,
        "failed_at": null,
        "completed_at": null,
        "required_action": null,
        "last_error": null,
        "model": "gpt-4-1106-preview",
        "instructions": "You are a personal math tutor. Answer questions briefly, in a sentence or less.",
        "tools": [
          {
            "type": "code_interpreter"
          }
        ],
        "tool_resources": {},
        "metadata": {},
        "temperature": 1.0,
        "top_p": 1.0,
        "max_completion_tokens": null,
        "max_prompt_tokens": null,
        "truncation_strategy": {
          "type": "auto",
          "last_messages": null
        },
        "incomplete_details": null,
        "usage": null,
        "response_format": "auto",
        "tool_choice": "auto"
      }
    },
    {
      "RequestUri": "https://REDACTED/v1/threads/thread_JTwHF7yPcvZ24czxstMMWB8O/runs/run_LhzH8hy4xmxZ0uzquB0TtLqz",
      "RequestMethod": "GET",
      "RequestHeaders": {
        "Accept": "application/json",
        "Authorization": "Sanitized",
        "Content-Length": "0",
        "Date": "Mon, 03 Jun 2024 09:46:15 GMT",
        "OpenAI-Beta": "assistants=v2",
        "User-Agent": "azsdk-java-azure-ai-openai-assistants/1.0.0-beta.3 (17.0.7; Windows 11; 10.0)",
        "x-ms-client-request-id": "Sanitized"
      },
      "RequestBody": null,
      "StatusCode": 200,
      "ResponseHeaders": {
        "Alt-Svc": "h3=\":443\"",
        "CF-Cache-Status": "DYNAMIC",
        "CF-RAY": "88dec144ce449357-SEA",
        "Connection": "keep-alive",
        "Content-Length": "916",
        "Content-Type": "application/json",
        "Date": "Mon, 03 Jun 2024 09:46:15 GMT",
        "openai-organization": "msft-finetuning-2",
        "openai-processing-ms": "110",
        "openai-version": "2020-10-01",
        "Server": "cloudflare",
        "Strict-Transport-Security": "max-age=15724800; includeSubDomains",
        "X-Request-ID": "req_4da0a427d17038efa86bc346e83292cd"
      },
      "ResponseBody": {
        "id": "run_LhzH8hy4xmxZ0uzquB0TtLqz",
        "object": "thread.run",
        "created_at": 1717407972,
        "assistant_id": "asst_LXrn7ryNw3rkuLzaI7oMMuYS",
        "thread_id": "thread_JTwHF7yPcvZ24czxstMMWB8O",
        "status": "in_progress",
        "started_at": 1717407973,
        "expires_at": 1717408572,
        "cancelled_at": null,
        "failed_at": null,
        "completed_at": null,
        "required_action": null,
        "last_error": null,
        "model": "gpt-4-1106-preview",
        "instructions": "You are a personal math tutor. Answer questions briefly, in a sentence or less.",
        "tools": [
          {
            "type": "code_interpreter"
          }
        ],
        "tool_resources": {},
        "metadata": {},
        "temperature": 1.0,
        "top_p": 1.0,
        "max_completion_tokens": null,
        "max_prompt_tokens": null,
        "truncation_strategy": {
          "type": "auto",
          "last_messages": null
        },
        "incomplete_details": null,
        "usage": null,
        "response_format": "auto",
        "tool_choice": "auto"
      }
    },
    {
      "RequestUri": "https://REDACTED/v1/threads/thread_JTwHF7yPcvZ24czxstMMWB8O/runs/run_LhzH8hy4xmxZ0uzquB0TtLqz",
      "RequestMethod": "GET",
      "RequestHeaders": {
        "Accept": "application/json",
        "Authorization": "Sanitized",
        "Content-Length": "0",
        "Date": "Mon, 03 Jun 2024 09:46:15 GMT",
        "OpenAI-Beta": "assistants=v2",
        "User-Agent": "azsdk-java-azure-ai-openai-assistants/1.0.0-beta.3 (17.0.7; Windows 11; 10.0)",
        "x-ms-client-request-id": "Sanitized"
      },
      "RequestBody": null,
      "StatusCode": 200,
      "ResponseHeaders": {
        "Alt-Svc": "h3=\":443\"",
        "CF-Cache-Status": "DYNAMIC",
        "CF-RAY": "88dec1490f7fc725-SEA",
        "Connection": "keep-alive",
        "Content-Length": "916",
        "Content-Type": "application/json",
        "Date": "Mon, 03 Jun 2024 09:46:15 GMT",
        "openai-organization": "msft-finetuning-2",
        "openai-processing-ms": "75",
        "openai-version": "2020-10-01",
        "Server": "cloudflare",
        "Strict-Transport-Security": "max-age=15724800; includeSubDomains",
        "X-Request-ID": "req_fb24f1d129c4f04e358f4249e30499c6"
      },
      "ResponseBody": {
        "id": "run_LhzH8hy4xmxZ0uzquB0TtLqz",
        "object": "thread.run",
        "created_at": 1717407972,
        "assistant_id": "asst_LXrn7ryNw3rkuLzaI7oMMuYS",
        "thread_id": "thread_JTwHF7yPcvZ24czxstMMWB8O",
        "status": "in_progress",
        "started_at": 1717407973,
        "expires_at": 1717408572,
        "cancelled_at": null,
        "failed_at": null,
        "completed_at": null,
        "required_action": null,
        "last_error": null,
        "model": "gpt-4-1106-preview",
        "instructions": "You are a personal math tutor. Answer questions briefly, in a sentence or less.",
        "tools": [
          {
            "type": "code_interpreter"
          }
        ],
        "tool_resources": {},
        "metadata": {},
        "temperature": 1.0,
        "top_p": 1.0,
        "max_completion_tokens": null,
        "max_prompt_tokens": null,
        "truncation_strategy": {
          "type": "auto",
          "last_messages": null
        },
        "incomplete_details": null,
        "usage": null,
        "response_format": "auto",
        "tool_choice": "auto"
      }
    },
    {
      "RequestUri": "https://REDACTED/v1/threads/thread_JTwHF7yPcvZ24czxstMMWB8O/runs/run_LhzH8hy4xmxZ0uzquB0TtLqz",
      "RequestMethod": "GET",
      "RequestHeaders": {
        "Accept": "application/json",
        "Authorization": "Sanitized",
        "Content-Length": "0",
        "Date": "Mon, 03 Jun 2024 09:46:16 GMT",
        "OpenAI-Beta": "assistants=v2",
        "User-Agent": "azsdk-java-azure-ai-openai-assistants/1.0.0-beta.3 (17.0.7; Windows 11; 10.0)",
        "x-ms-client-request-id": "Sanitized"
      },
      "RequestBody": null,
      "StatusCode": 200,
      "ResponseHeaders": {
        "Alt-Svc": "h3=\":443\"",
        "CF-Cache-Status": "DYNAMIC",
        "CF-RAY": "88dec14d2a4ac725-SEA",
        "Connection": "keep-alive",
        "Content-Length": "916",
        "Content-Type": "application/json",
        "Date": "Mon, 03 Jun 2024 09:46:16 GMT",
        "openai-organization": "msft-finetuning-2",
        "openai-processing-ms": "50",
        "openai-version": "2020-10-01",
        "Server": "cloudflare",
        "Strict-Transport-Security": "max-age=15724800; includeSubDomains",
        "X-Request-ID": "req_5a7b6285b1c55f058a72ac8baf76472a"
      },
      "ResponseBody": {
        "id": "run_LhzH8hy4xmxZ0uzquB0TtLqz",
        "object": "thread.run",
        "created_at": 1717407972,
        "assistant_id": "asst_LXrn7ryNw3rkuLzaI7oMMuYS",
        "thread_id": "thread_JTwHF7yPcvZ24czxstMMWB8O",
        "status": "in_progress",
        "started_at": 1717407973,
        "expires_at": 1717408572,
        "cancelled_at": null,
        "failed_at": null,
        "completed_at": null,
        "required_action": null,
        "last_error": null,
        "model": "gpt-4-1106-preview",
        "instructions": "You are a personal math tutor. Answer questions briefly, in a sentence or less.",
        "tools": [
          {
            "type": "code_interpreter"
          }
        ],
        "tool_resources": {},
        "metadata": {},
        "temperature": 1.0,
        "top_p": 1.0,
        "max_completion_tokens": null,
        "max_prompt_tokens": null,
        "truncation_strategy": {
          "type": "auto",
          "last_messages": null
        },
        "incomplete_details": null,
        "usage": null,
        "response_format": "auto",
        "tool_choice": "auto"
      }
    },
    {
      "RequestUri": "https://REDACTED/v1/threads/thread_JTwHF7yPcvZ24czxstMMWB8O/runs/run_LhzH8hy4xmxZ0uzquB0TtLqz",
      "RequestMethod": "GET",
      "RequestHeaders": {
        "Accept": "application/json",
        "Authorization": "Sanitized",
        "Content-Length": "0",
        "Date": "Mon, 03 Jun 2024 09:46:17 GMT",
        "OpenAI-Beta": "assistants=v2",
        "User-Agent": "azsdk-java-azure-ai-openai-assistants/1.0.0-beta.3 (17.0.7; Windows 11; 10.0)",
        "x-ms-client-request-id": "Sanitized"
      },
      "RequestBody": null,
      "StatusCode": 200,
      "ResponseHeaders": {
        "Alt-Svc": "h3=\":443\"",
        "CF-Cache-Status": "DYNAMIC",
        "CF-RAY": "88dec1512f749357-SEA",
        "Connection": "keep-alive",
        "Content-Length": "916",
        "Content-Type": "application/json",
        "Date": "Mon, 03 Jun 2024 09:46:17 GMT",
        "openai-organization": "msft-finetuning-2",
        "openai-processing-ms": "86",
        "openai-version": "2020-10-01",
        "Server": "cloudflare",
        "Strict-Transport-Security": "max-age=15724800; includeSubDomains",
        "X-Request-ID": "req_d1148332e37a3ef1296823a929ba1683"
      },
      "ResponseBody": {
        "id": "run_LhzH8hy4xmxZ0uzquB0TtLqz",
        "object": "thread.run",
        "created_at": 1717407972,
        "assistant_id": "asst_LXrn7ryNw3rkuLzaI7oMMuYS",
        "thread_id": "thread_JTwHF7yPcvZ24czxstMMWB8O",
        "status": "in_progress",
        "started_at": 1717407973,
        "expires_at": 1717408572,
        "cancelled_at": null,
        "failed_at": null,
        "completed_at": null,
        "required_action": null,
        "last_error": null,
        "model": "gpt-4-1106-preview",
        "instructions": "You are a personal math tutor. Answer questions briefly, in a sentence or less.",
        "tools": [
          {
            "type": "code_interpreter"
          }
        ],
        "tool_resources": {},
        "metadata": {},
        "temperature": 1.0,
        "top_p": 1.0,
        "max_completion_tokens": null,
        "max_prompt_tokens": null,
        "truncation_strategy": {
          "type": "auto",
          "last_messages": null
        },
        "incomplete_details": null,
        "usage": null,
        "response_format": "auto",
        "tool_choice": "auto"
      }
    },
    {
      "RequestUri": "https://REDACTED/v1/threads/thread_JTwHF7yPcvZ24czxstMMWB8O/runs/run_LhzH8hy4xmxZ0uzquB0TtLqz",
      "RequestMethod": "GET",
      "RequestHeaders": {
        "Accept": "application/json",
        "Authorization": "Sanitized",
        "Content-Length": "0",
        "Date": "Mon, 03 Jun 2024 09:46:17 GMT",
        "OpenAI-Beta": "assistants=v2",
        "User-Agent": "azsdk-java-azure-ai-openai-assistants/1.0.0-beta.3 (17.0.7; Windows 11; 10.0)",
        "x-ms-client-request-id": "Sanitized"
      },
      "RequestBody": null,
      "StatusCode": 200,
      "ResponseHeaders": {
        "Alt-Svc": "h3=\":443\"",
        "CF-Cache-Status": "DYNAMIC",
        "CF-RAY": "88dec1555fb695e3-SEA",
        "Connection": "keep-alive",
        "Content-Length": "916",
        "Content-Type": "application/json",
        "Date": "Mon, 03 Jun 2024 09:46:17 GMT",
        "openai-organization": "msft-finetuning-2",
        "openai-processing-ms": "40",
        "openai-version": "2020-10-01",
        "Server": "cloudflare",
        "Strict-Transport-Security": "max-age=15724800; includeSubDomains",
        "X-Request-ID": "req_77cce5bf1d496ee338ff6771eaf8a6c0"
      },
      "ResponseBody": {
        "id": "run_LhzH8hy4xmxZ0uzquB0TtLqz",
        "object": "thread.run",
        "created_at": 1717407972,
        "assistant_id": "asst_LXrn7ryNw3rkuLzaI7oMMuYS",
        "thread_id": "thread_JTwHF7yPcvZ24czxstMMWB8O",
        "status": "in_progress",
        "started_at": 1717407973,
        "expires_at": 1717408572,
        "cancelled_at": null,
        "failed_at": null,
        "completed_at": null,
        "required_action": null,
        "last_error": null,
        "model": "gpt-4-1106-preview",
        "instructions": "You are a personal math tutor. Answer questions briefly, in a sentence or less.",
        "tools": [
          {
            "type": "code_interpreter"
          }
        ],
        "tool_resources": {},
        "metadata": {},
        "temperature": 1.0,
        "top_p": 1.0,
        "max_completion_tokens": null,
        "max_prompt_tokens": null,
        "truncation_strategy": {
          "type": "auto",
          "last_messages": null
        },
        "incomplete_details": null,
        "usage": null,
        "response_format": "auto",
        "tool_choice": "auto"
      }
    },
    {
      "RequestUri": "https://REDACTED/v1/threads/thread_JTwHF7yPcvZ24czxstMMWB8O/runs/run_LhzH8hy4xmxZ0uzquB0TtLqz",
      "RequestMethod": "GET",
      "RequestHeaders": {
        "Accept": "application/json",
        "Authorization": "Sanitized",
        "Content-Length": "0",
        "Date": "Mon, 03 Jun 2024 09:46:18 GMT",
        "OpenAI-Beta": "assistants=v2",
        "User-Agent": "azsdk-java-azure-ai-openai-assistants/1.0.0-beta.3 (17.0.7; Windows 11; 10.0)",
        "x-ms-client-request-id": "Sanitized"
      },
      "RequestBody": null,
      "StatusCode": 200,
      "ResponseHeaders": {
        "Alt-Svc": "h3=\":443\"",
        "CF-Cache-Status": "DYNAMIC",
        "CF-RAY": "88dec1594995c725-SEA",
        "Connection": "keep-alive",
        "Content-Length": "916",
        "Content-Type": "application/json",
        "Date": "Mon, 03 Jun 2024 09:46:18 GMT",
        "openai-organization": "msft-finetuning-2",
        "openai-processing-ms": "63",
        "openai-version": "2020-10-01",
        "Server": "cloudflare",
        "Strict-Transport-Security": "max-age=15724800; includeSubDomains",
        "X-Request-ID": "req_9e259cd4555428dcf7ffb4478214f493"
      },
      "ResponseBody": {
        "id": "run_LhzH8hy4xmxZ0uzquB0TtLqz",
        "object": "thread.run",
        "created_at": 1717407972,
        "assistant_id": "asst_LXrn7ryNw3rkuLzaI7oMMuYS",
        "thread_id": "thread_JTwHF7yPcvZ24czxstMMWB8O",
        "status": "in_progress",
        "started_at": 1717407973,
        "expires_at": 1717408572,
        "cancelled_at": null,
        "failed_at": null,
        "completed_at": null,
        "required_action": null,
        "last_error": null,
        "model": "gpt-4-1106-preview",
        "instructions": "You are a personal math tutor. Answer questions briefly, in a sentence or less.",
        "tools": [
          {
            "type": "code_interpreter"
          }
        ],
        "tool_resources": {},
        "metadata": {},
        "temperature": 1.0,
        "top_p": 1.0,
        "max_completion_tokens": null,
        "max_prompt_tokens": null,
        "truncation_strategy": {
          "type": "auto",
          "last_messages": null
        },
        "incomplete_details": null,
        "usage": null,
        "response_format": "auto",
        "tool_choice": "auto"
      }
    },
    {
      "RequestUri": "https://REDACTED/v1/threads/thread_JTwHF7yPcvZ24czxstMMWB8O/runs/run_LhzH8hy4xmxZ0uzquB0TtLqz",
      "RequestMethod": "GET",
      "RequestHeaders": {
        "Accept": "application/json",
        "Authorization": "Sanitized",
        "Content-Length": "0",
        "Date": "Mon, 03 Jun 2024 09:46:19 GMT",
        "OpenAI-Beta": "assistants=v2",
        "User-Agent": "azsdk-java-azure-ai-openai-assistants/1.0.0-beta.3 (17.0.7; Windows 11; 10.0)",
        "x-ms-client-request-id": "Sanitized"
      },
      "RequestBody": null,
      "StatusCode": 200,
      "ResponseHeaders": {
        "Alt-Svc": "h3=\":443\"",
        "CF-Cache-Status": "DYNAMIC",
        "CF-RAY": "88dec15d5bf7ec5c-SEA",
        "Connection": "keep-alive",
        "Content-Length": "916",
        "Content-Type": "application/json",
        "Date": "Mon, 03 Jun 2024 09:46:19 GMT",
        "openai-organization": "msft-finetuning-2",
        "openai-processing-ms": "50",
        "openai-version": "2020-10-01",
        "Server": "cloudflare",
        "Strict-Transport-Security": "max-age=15724800; includeSubDomains",
        "X-Request-ID": "req_5e63ca605665adce8b87c3dcf8d32664"
      },
      "ResponseBody": {
        "id": "run_LhzH8hy4xmxZ0uzquB0TtLqz",
        "object": "thread.run",
        "created_at": 1717407972,
        "assistant_id": "asst_LXrn7ryNw3rkuLzaI7oMMuYS",
        "thread_id": "thread_JTwHF7yPcvZ24czxstMMWB8O",
        "status": "in_progress",
        "started_at": 1717407973,
        "expires_at": 1717408572,
        "cancelled_at": null,
        "failed_at": null,
        "completed_at": null,
        "required_action": null,
        "last_error": null,
        "model": "gpt-4-1106-preview",
        "instructions": "You are a personal math tutor. Answer questions briefly, in a sentence or less.",
        "tools": [
          {
            "type": "code_interpreter"
          }
        ],
        "tool_resources": {},
        "metadata": {},
        "temperature": 1.0,
        "top_p": 1.0,
        "max_completion_tokens": null,
        "max_prompt_tokens": null,
        "truncation_strategy": {
          "type": "auto",
          "last_messages": null
        },
        "incomplete_details": null,
        "usage": null,
        "response_format": "auto",
        "tool_choice": "auto"
      }
    },
    {
      "RequestUri": "https://REDACTED/v1/threads/thread_JTwHF7yPcvZ24czxstMMWB8O/runs/run_LhzH8hy4xmxZ0uzquB0TtLqz",
      "RequestMethod": "GET",
      "RequestHeaders": {
        "Accept": "application/json",
        "Authorization": "Sanitized",
        "Content-Length": "0",
        "Date": "Mon, 03 Jun 2024 09:46:19 GMT",
        "OpenAI-Beta": "assistants=v2",
        "User-Agent": "azsdk-java-azure-ai-openai-assistants/1.0.0-beta.3 (17.0.7; Windows 11; 10.0)",
        "x-ms-client-request-id": "Sanitized"
      },
      "RequestBody": null,
      "StatusCode": 200,
      "ResponseHeaders": {
        "Alt-Svc": "h3=\":443\"",
        "CF-Cache-Status": "DYNAMIC",
        "CF-RAY": "88dec1615e17c725-SEA",
        "Connection": "keep-alive",
        "Content-Length": "916",
        "Content-Type": "application/json",
        "Date": "Mon, 03 Jun 2024 09:46:19 GMT",
        "openai-organization": "msft-finetuning-2",
        "openai-processing-ms": "68",
        "openai-version": "2020-10-01",
        "Server": "cloudflare",
        "Strict-Transport-Security": "max-age=15724800; includeSubDomains",
        "X-Request-ID": "req_65a0a472a35380534fa7f96543cbe027"
      },
      "ResponseBody": {
        "id": "run_LhzH8hy4xmxZ0uzquB0TtLqz",
        "object": "thread.run",
        "created_at": 1717407972,
        "assistant_id": "asst_LXrn7ryNw3rkuLzaI7oMMuYS",
        "thread_id": "thread_JTwHF7yPcvZ24czxstMMWB8O",
        "status": "in_progress",
        "started_at": 1717407973,
        "expires_at": 1717408572,
        "cancelled_at": null,
        "failed_at": null,
        "completed_at": null,
        "required_action": null,
        "last_error": null,
        "model": "gpt-4-1106-preview",
        "instructions": "You are a personal math tutor. Answer questions briefly, in a sentence or less.",
        "tools": [
          {
            "type": "code_interpreter"
          }
        ],
        "tool_resources": {},
        "metadata": {},
        "temperature": 1.0,
        "top_p": 1.0,
        "max_completion_tokens": null,
        "max_prompt_tokens": null,
        "truncation_strategy": {
          "type": "auto",
          "last_messages": null
        },
        "incomplete_details": null,
        "usage": null,
        "response_format": "auto",
        "tool_choice": "auto"
      }
    },
    {
      "RequestUri": "https://REDACTED/v1/threads/thread_JTwHF7yPcvZ24czxstMMWB8O/runs/run_LhzH8hy4xmxZ0uzquB0TtLqz",
      "RequestMethod": "GET",
      "RequestHeaders": {
        "Accept": "application/json",
        "Authorization": "Sanitized",
        "Content-Length": "0",
        "Date": "Mon, 03 Jun 2024 09:46:20 GMT",
        "OpenAI-Beta": "assistants=v2",
        "User-Agent": "azsdk-java-azure-ai-openai-assistants/1.0.0-beta.3 (17.0.7; Windows 11; 10.0)",
        "x-ms-client-request-id": "Sanitized"
      },
      "RequestBody": null,
      "StatusCode": 200,
      "ResponseHeaders": {
        "Alt-Svc": "h3=\":443\"",
        "CF-Cache-Status": "DYNAMIC",
        "CF-RAY": "88dec1656acbec5c-SEA",
        "Connection": "keep-alive",
        "Content-Length": "916",
        "Content-Type": "application/json",
        "Date": "Mon, 03 Jun 2024 09:46:20 GMT",
        "openai-organization": "msft-finetuning-2",
        "openai-processing-ms": "43",
        "openai-version": "2020-10-01",
        "Server": "cloudflare",
        "Strict-Transport-Security": "max-age=15724800; includeSubDomains",
        "X-Request-ID": "req_1223f4c5e2a58d4dcb6e39a929de612f"
      },
      "ResponseBody": {
        "id": "run_LhzH8hy4xmxZ0uzquB0TtLqz",
        "object": "thread.run",
        "created_at": 1717407972,
        "assistant_id": "asst_LXrn7ryNw3rkuLzaI7oMMuYS",
        "thread_id": "thread_JTwHF7yPcvZ24czxstMMWB8O",
        "status": "in_progress",
        "started_at": 1717407973,
        "expires_at": 1717408572,
        "cancelled_at": null,
        "failed_at": null,
        "completed_at": null,
        "required_action": null,
        "last_error": null,
        "model": "gpt-4-1106-preview",
        "instructions": "You are a personal math tutor. Answer questions briefly, in a sentence or less.",
        "tools": [
          {
            "type": "code_interpreter"
          }
        ],
        "tool_resources": {},
        "metadata": {},
        "temperature": 1.0,
        "top_p": 1.0,
        "max_completion_tokens": null,
        "max_prompt_tokens": null,
        "truncation_strategy": {
          "type": "auto",
          "last_messages": null
        },
        "incomplete_details": null,
        "usage": null,
        "response_format": "auto",
        "tool_choice": "auto"
      }
    },
    {
      "RequestUri": "https://REDACTED/v1/threads/thread_JTwHF7yPcvZ24czxstMMWB8O/runs/run_LhzH8hy4xmxZ0uzquB0TtLqz",
      "RequestMethod": "GET",
      "RequestHeaders": {
        "Accept": "application/json",
        "Authorization": "Sanitized",
        "Content-Length": "0",
        "Date": "Mon, 03 Jun 2024 09:46:21 GMT",
        "OpenAI-Beta": "assistants=v2",
        "User-Agent": "azsdk-java-azure-ai-openai-assistants/1.0.0-beta.3 (17.0.7; Windows 11; 10.0)",
        "x-ms-client-request-id": "Sanitized"
      },
      "RequestBody": null,
      "StatusCode": 200,
      "ResponseHeaders": {
        "Alt-Svc": "h3=\":443\"",
        "CF-Cache-Status": "DYNAMIC",
        "CF-RAY": "88dec1695e77ec5c-SEA",
        "Connection": "keep-alive",
        "Content-Length": "994",
        "Content-Type": "application/json",
        "Date": "Mon, 03 Jun 2024 09:46:21 GMT",
        "openai-organization": "msft-finetuning-2",
        "openai-processing-ms": "89",
        "openai-version": "2020-10-01",
        "Server": "cloudflare",
        "Strict-Transport-Security": "max-age=15724800; includeSubDomains",
        "X-Request-ID": "req_992629f601a23bf1baf419a7cb64f6f6"
      },
      "ResponseBody": {
        "id": "run_LhzH8hy4xmxZ0uzquB0TtLqz",
        "object": "thread.run",
        "created_at": 1717407972,
        "assistant_id": "asst_LXrn7ryNw3rkuLzaI7oMMuYS",
        "thread_id": "thread_JTwHF7yPcvZ24czxstMMWB8O",
        "status": "completed",
        "started_at": 1717407973,
        "expires_at": null,
        "cancelled_at": null,
        "failed_at": null,
        "completed_at": 1717407980,
        "required_action": null,
        "last_error": null,
        "model": "gpt-4-1106-preview",
        "instructions": "You are a personal math tutor. Answer questions briefly, in a sentence or less.",
        "tools": [
          {
            "type": "code_interpreter"
          }
        ],
        "tool_resources": {},
        "metadata": {},
        "temperature": 1.0,
        "top_p": 1.0,
        "max_completion_tokens": null,
        "max_prompt_tokens": null,
        "truncation_strategy": {
          "type": "auto",
          "last_messages": null
        },
        "incomplete_details": null,
        "usage": {
          "prompt_tokens": 366,
          "completion_tokens": 86,
          "total_tokens": 452
        },
        "response_format": "auto",
        "tool_choice": "auto"
      }
    },
    {
      "RequestUri": "https://REDACTED/v1/threads/thread_JTwHF7yPcvZ24czxstMMWB8O/runs/run_LhzH8hy4xmxZ0uzquB0TtLqz/steps",
      "RequestMethod": "GET",
      "RequestHeaders": {
        "Accept": "application/json",
        "Authorization": "Sanitized",
        "Content-Length": "0",
        "Date": "Mon, 03 Jun 2024 09:46:21 GMT",
        "OpenAI-Beta": "assistants=v2",
        "User-Agent": "azsdk-java-azure-ai-openai-assistants/1.0.0-beta.3 (17.0.7; Windows 11; 10.0)",
        "x-ms-client-request-id": "Sanitized"
      },
      "RequestBody": null,
      "StatusCode": 200,
      "ResponseHeaders": {
        "Alt-Svc": "h3=\":443\"",
        "CF-Cache-Status": "DYNAMIC",
        "CF-RAY": "88dec16d89c2ec5c-SEA",
        "Connection": "keep-alive",
        "Content-Length": "2150",
        "Content-Type": "application/json",
        "Date": "Mon, 03 Jun 2024 09:46:21 GMT",
        "openai-organization": "msft-finetuning-2",
        "openai-processing-ms": "49",
        "openai-version": "2020-10-01",
        "Server": "cloudflare",
        "Strict-Transport-Security": "max-age=15724800; includeSubDomains",
        "X-Request-ID": "req_117013d08cdcce413f6b696044f1d392"
      },
      "ResponseBody": {
        "object": "list",
        "data": [
          {
            "id": "step_EHPzsayfN3l6ucKVlmwBS4wH",
            "object": "thread.run.step",
            "created_at": 1717407980,
            "run_id": "run_LhzH8hy4xmxZ0uzquB0TtLqz",
            "assistant_id": "asst_LXrn7ryNw3rkuLzaI7oMMuYS",
            "thread_id": "thread_JTwHF7yPcvZ24czxstMMWB8O",
            "type": "message_creation",
            "status": "completed",
            "cancelled_at": null,
            "completed_at": 1717407980,
            "expires_at": null,
            "failed_at": null,
            "last_error": null,
            "step_details": {
              "type": "message_creation",
              "message_creation": {
                "message_id": "msg_MozpvLkLU1nnmiMB8ktYjE02"
              }
            },
            "usage": {
              "prompt_tokens": 219,
              "completion_tokens": 25,
              "total_tokens": 244
            }
          },
          {
            "id": "step_n8WGXIt5UN31tNBmv4Lu0kWS",
            "object": "thread.run.step",
            "created_at": 1717407974,
            "run_id": "run_LhzH8hy4xmxZ0uzquB0TtLqz",
            "assistant_id": "asst_LXrn7ryNw3rkuLzaI7oMMuYS",
            "thread_id": "thread_JTwHF7yPcvZ24czxstMMWB8O",
            "type": "tool_calls",
            "status": "completed",
            "cancelled_at": null,
            "completed_at": 1717407980,
            "expires_at": null,
            "failed_at": null,
            "last_error": null,
            "step_details": {
              "type": "tool_calls",
              "tool_calls": [
                {
                  "id": "call_sOaUDXmOuOHCZyq20JTXHfJQ",
                  "type": "code_interpreter",
                  "code_interpreter": {
                    "input": "from sympy import symbols, Eq, solve\r\n\r\n# Define the symbol\r\nx = symbols('x')\r\n# Define the equation\r\nequation = Eq(3*x + 11, 14)\r\n# Solve the equation\r\nsolution = solve(equation, x)\r\nsolution",
                    "outputs": [
                      {
                        "type": "logs",
                        "logs": "[1]"
                      }
                    ]
                  }
                }
              ]
            },
            "usage": {
              "prompt_tokens": 147,
              "completion_tokens": 61,
              "total_tokens": 208
            }
          }
        ],
        "first_id": "step_EHPzsayfN3l6ucKVlmwBS4wH",
        "last_id": "step_n8WGXIt5UN31tNBmv4Lu0kWS",
        "has_more": false
      }
    },
    {
      "RequestUri": "https://REDACTED/v1/threads/thread_JTwHF7yPcvZ24czxstMMWB8O/runs/run_LhzH8hy4xmxZ0uzquB0TtLqz/steps/step_EHPzsayfN3l6ucKVlmwBS4wH",
      "RequestMethod": "GET",
      "RequestHeaders": {
        "Accept": "application/json",
        "Authorization": "Sanitized",
        "Content-Length": "0",
        "Date": "Mon, 03 Jun 2024 09:46:21 GMT",
        "OpenAI-Beta": "assistants=v2",
        "User-Agent": "azsdk-java-azure-ai-openai-assistants/1.0.0-beta.3 (17.0.7; Windows 11; 10.0)",
        "x-ms-client-request-id": "Sanitized"
      },
      "RequestBody": null,
      "StatusCode": 200,
      "ResponseHeaders": {
        "Alt-Svc": "h3=\":443\"",
        "CF-Cache-Status": "DYNAMIC",
        "CF-RAY": "88dec16eaa9eec5c-SEA",
        "Connection": "keep-alive",
        "Content-Length": "658",
        "Content-Type": "application/json",
        "Date": "Mon, 03 Jun 2024 09:46:22 GMT",
        "openai-organization": "msft-finetuning-2",
        "openai-processing-ms": "36",
        "openai-version": "2020-10-01",
        "Server": "cloudflare",
        "Strict-Transport-Security": "max-age=15724800; includeSubDomains",
        "X-Request-ID": "req_a7dac3ef854027a73f5fd0a461707056"
      },
      "ResponseBody": {
        "id": "step_EHPzsayfN3l6ucKVlmwBS4wH",
        "object": "thread.run.step",
        "created_at": 1717407980,
        "run_id": "run_LhzH8hy4xmxZ0uzquB0TtLqz",
        "assistant_id": "asst_LXrn7ryNw3rkuLzaI7oMMuYS",
        "thread_id": "thread_JTwHF7yPcvZ24czxstMMWB8O",
        "type": "message_creation",
        "status": "completed",
        "cancelled_at": null,
        "completed_at": 1717407980,
        "expires_at": null,
        "failed_at": null,
        "last_error": null,
        "step_details": {
          "type": "message_creation",
          "message_creation": {
            "message_id": "msg_MozpvLkLU1nnmiMB8ktYjE02"
          }
        },
        "usage": {
          "prompt_tokens": 219,
          "completion_tokens": 25,
          "total_tokens": 244
        }
      }
    },
    {
      "RequestUri": "https://REDACTED/v1/threads/thread_JTwHF7yPcvZ24czxstMMWB8O/runs/run_LhzH8hy4xmxZ0uzquB0TtLqz/steps",
      "RequestMethod": "GET",
      "RequestHeaders": {
        "Accept": "application/json",
        "Authorization": "Sanitized",
        "Content-Length": "0",
        "Date": "Mon, 03 Jun 2024 09:46:22 GMT",
        "OpenAI-Beta": "assistants=v2",
        "User-Agent": "azsdk-java-azure-ai-openai-assistants/1.0.0-beta.3 (17.0.7; Windows 11; 10.0)",
        "x-ms-client-request-id": "Sanitized"
      },
      "RequestBody": null,
      "StatusCode": 200,
      "ResponseHeaders": {
        "Alt-Svc": "h3=\":443\"",
        "CF-Cache-Status": "DYNAMIC",
        "CF-RAY": "88dec1701bb7ec5c-SEA",
        "Connection": "keep-alive",
        "Content-Length": "2150",
        "Content-Type": "application/json",
        "Date": "Mon, 03 Jun 2024 09:46:22 GMT",
        "openai-organization": "msft-finetuning-2",
        "openai-processing-ms": "606",
        "openai-version": "2020-10-01",
        "Server": "cloudflare",
        "Strict-Transport-Security": "max-age=15724800; includeSubDomains",
        "X-Request-ID": "req_2d88b437820fbc3c34f13a262e69fe01"
      },
      "ResponseBody": {
        "object": "list",
        "data": [
          {
            "id": "step_EHPzsayfN3l6ucKVlmwBS4wH",
            "object": "thread.run.step",
            "created_at": 1717407980,
            "run_id": "run_LhzH8hy4xmxZ0uzquB0TtLqz",
            "assistant_id": "asst_LXrn7ryNw3rkuLzaI7oMMuYS",
            "thread_id": "thread_JTwHF7yPcvZ24czxstMMWB8O",
            "type": "message_creation",
            "status": "completed",
            "cancelled_at": null,
            "completed_at": 1717407980,
            "expires_at": null,
            "failed_at": null,
            "last_error": null,
            "step_details": {
              "type": "message_creation",
              "message_creation": {
                "message_id": "msg_MozpvLkLU1nnmiMB8ktYjE02"
              }
            },
            "usage": {
              "prompt_tokens": 219,
              "completion_tokens": 25,
              "total_tokens": 244
            }
          },
          {
            "id": "step_n8WGXIt5UN31tNBmv4Lu0kWS",
            "object": "thread.run.step",
            "created_at": 1717407974,
            "run_id": "run_LhzH8hy4xmxZ0uzquB0TtLqz",
            "assistant_id": "asst_LXrn7ryNw3rkuLzaI7oMMuYS",
            "thread_id": "thread_JTwHF7yPcvZ24czxstMMWB8O",
            "type": "tool_calls",
            "status": "completed",
            "cancelled_at": null,
            "completed_at": 1717407980,
            "expires_at": null,
            "failed_at": null,
            "last_error": null,
            "step_details": {
              "type": "tool_calls",
              "tool_calls": [
                {
                  "id": "call_sOaUDXmOuOHCZyq20JTXHfJQ",
                  "type": "code_interpreter",
                  "code_interpreter": {
                    "input": "from sympy import symbols, Eq, solve\r\n\r\n# Define the symbol\r\nx = symbols('x')\r\n# Define the equation\r\nequation = Eq(3*x + 11, 14)\r\n# Solve the equation\r\nsolution = solve(equation, x)\r\nsolution",
                    "outputs": [
                      {
                        "type": "logs",
                        "logs": "[1]"
                      }
                    ]
                  }
                }
              ]
            },
            "usage": {
              "prompt_tokens": 147,
              "completion_tokens": 61,
              "total_tokens": 208
            }
          }
        ],
        "first_id": "step_EHPzsayfN3l6ucKVlmwBS4wH",
        "last_id": "step_n8WGXIt5UN31tNBmv4Lu0kWS",
        "has_more": false
      }
    },
    {
      "RequestUri": "https://REDACTED/v1/threads/thread_JTwHF7yPcvZ24czxstMMWB8O/runs/run_LhzH8hy4xmxZ0uzquB0TtLqz/steps/step_EHPzsayfN3l6ucKVlmwBS4wH",
      "RequestMethod": "GET",
      "RequestHeaders": {
        "Accept": "application/json",
        "Authorization": "Sanitized",
        "Content-Length": "0",
        "Date": "Mon, 03 Jun 2024 09:46:22 GMT",
        "OpenAI-Beta": "assistants=v2",
        "User-Agent": "azsdk-java-azure-ai-openai-assistants/1.0.0-beta.3 (17.0.7; Windows 11; 10.0)",
        "x-ms-client-request-id": "Sanitized"
      },
      "RequestBody": null,
      "StatusCode": 200,
      "ResponseHeaders": {
        "Alt-Svc": "h3=\":443\"",
        "CF-Cache-Status": "DYNAMIC",
        "CF-RAY": "88dec174e801ec5c-SEA",
        "Connection": "keep-alive",
        "Content-Length": "658",
        "Content-Type": "application/json",
        "Date": "Mon, 03 Jun 2024 09:46:22 GMT",
        "openai-organization": "msft-finetuning-2",
        "openai-processing-ms": "47",
        "openai-version": "2020-10-01",
        "Server": "cloudflare",
        "Strict-Transport-Security": "max-age=15724800; includeSubDomains",
        "X-Request-ID": "req_caaba4ff6f609fb4af004b85fb6b1e23"
      },
      "ResponseBody": {
        "id": "step_EHPzsayfN3l6ucKVlmwBS4wH",
        "object": "thread.run.step",
        "created_at": 1717407980,
        "run_id": "run_LhzH8hy4xmxZ0uzquB0TtLqz",
        "assistant_id": "asst_LXrn7ryNw3rkuLzaI7oMMuYS",
        "thread_id": "thread_JTwHF7yPcvZ24czxstMMWB8O",
        "type": "message_creation",
        "status": "completed",
        "cancelled_at": null,
        "completed_at": 1717407980,
        "expires_at": null,
        "failed_at": null,
        "last_error": null,
        "step_details": {
          "type": "message_creation",
          "message_creation": {
            "message_id": "msg_MozpvLkLU1nnmiMB8ktYjE02"
          }
        },
        "usage": {
          "prompt_tokens": 219,
          "completion_tokens": 25,
          "total_tokens": 244
        }
      }
    },
    {
      "RequestUri": "https://REDACTED/v1/threads/thread_JTwHF7yPcvZ24czxstMMWB8O",
      "RequestMethod": "DELETE",
      "RequestHeaders": {
        "Accept": "application/json",
        "Authorization": "Sanitized",
        "Content-Length": "0",
        "Date": "Mon, 03 Jun 2024 09:46:22 GMT",
        "OpenAI-Beta": "assistants=v2",
        "User-Agent": "azsdk-java-azure-ai-openai-assistants/1.0.0-beta.3 (17.0.7; Windows 11; 10.0)",
        "x-ms-client-request-id": "Sanitized"
      },
      "RequestBody": null,
      "StatusCode": 200,
      "ResponseHeaders": {
        "Alt-Svc": "h3=\":443\"",
        "CF-Cache-Status": "DYNAMIC",
        "CF-RAY": "88dec175a8a3ec5c-SEA",
        "Connection": "keep-alive",
        "Content-Length": "94",
        "Content-Type": "application/json",
        "Date": "Mon, 03 Jun 2024 09:46:23 GMT",
        "openai-organization": "msft-finetuning-2",
        "openai-processing-ms": "46",
        "openai-version": "2020-10-01",
        "Server": "cloudflare",
        "Strict-Transport-Security": "max-age=15724800; includeSubDomains",
        "X-Request-ID": "req_2ca2faee80723ace1c456b5bfac26f4b"
      },
      "ResponseBody": {
        "id": "thread_JTwHF7yPcvZ24czxstMMWB8O",
        "object": "thread.deleted",
        "deleted": true
      }
    },
    {
      "RequestUri": "https://REDACTED/v1/assistants/asst_LXrn7ryNw3rkuLzaI7oMMuYS",
      "RequestMethod": "DELETE",
      "RequestHeaders": {
        "Accept": "application/json",
        "Authorization": "Sanitized",
        "Content-Length": "0",
        "Date": "Mon, 03 Jun 2024 09:46:23 GMT",
        "OpenAI-Beta": "assistants=v2",
        "User-Agent": "azsdk-java-azure-ai-openai-assistants/1.0.0-beta.3 (17.0.7; Windows 11; 10.0)",
        "x-ms-client-request-id": "Sanitized"
      },
      "RequestBody": null,
      "StatusCode": 200,
      "ResponseHeaders": {
        "Alt-Svc": "h3=\":443\"",
        "CF-Cache-Status": "DYNAMIC",
        "CF-RAY": "88dec1766951ec5c-SEA",
        "Connection": "keep-alive",
        "Content-Length": "95",
        "Content-Type": "application/json",
        "Date": "Mon, 03 Jun 2024 09:46:23 GMT",
        "openai-organization": "msft-finetuning-2",
        "openai-processing-ms": "56",
        "openai-version": "2020-10-01",
        "Server": "cloudflare",
        "Strict-Transport-Security": "max-age=15724800; includeSubDomains",
        "X-Request-ID": "req_30c19b005224d0444440da60068b40f9"
      },
      "ResponseBody": {
        "id": "asst_LXrn7ryNw3rkuLzaI7oMMuYS",
        "object": "assistant.deleted",
        "deleted": true
      }
    }
  ],
  "Variables": {}
}
