{
  "Entries": [
    {
      "RequestUri": "https://REDACTED/v1/assistants",
      "RequestMethod": "POST",
      "RequestHeaders": {
        "Accept": "application/json",
        "Authorization": "Sanitized",
        "Content-Length": "185",
        "Content-Type": "application/json",
        "Date": "Mon, 03 Jun 2024 09:46:03 GMT",
        "OpenAI-Beta": "assistants=v2",
        "User-Agent": "azsdk-java-azure-ai-openai-assistants/1.0.0-beta.3 (17.0.7; Windows 11; 10.0)",
        "x-ms-client-request-id": "Sanitized"
      },
      "RequestBody": {
        "model": "gpt-4-1106-preview",
        "name": "Math Tutor",
        "instructions": "You are a personal math tutor. Answer questions briefly, in a sentence or less.",
        "tools": [
          {
            "type": "code_interpreter"
          }
        ]
      },
      "StatusCode": 200,
      "ResponseHeaders": {
        "Alt-Svc": "h3=\":443\"",
        "CF-Cache-Status": "DYNAMIC",
        "CF-RAY": "88dec0fd4bd7ec38-SEA",
        "Connection": "keep-alive",
        "Content-Length": "505",
        "Content-Type": "application/json",
        "Date": "Mon, 03 Jun 2024 09:46:03 GMT",
        "openai-organization": "msft-finetuning-2",
        "openai-processing-ms": "53",
        "openai-version": "2020-10-01",
        "Server": "cloudflare",
        "Strict-Transport-Security": "max-age=15724800; includeSubDomains",
        "X-Request-ID": "req_d377bcb73d44aecf24988b6f7b9a4ccf"
      },
      "ResponseBody": {
        "id": "asst_KqtF7FfujUVB8nMfzlLP1HT4",
        "object": "assistant",
        "created_at": 1717407963,
        "name": "Math Tutor",
        "description": null,
        "model": "gpt-4-1106-preview",
        "instructions": "You are a personal math tutor. Answer questions briefly, in a sentence or less.",
        "tools": [
          {
            "type": "code_interpreter"
          }
        ],
        "top_p": 1.0,
        "temperature": 1.0,
        "tool_resources": {
          "code_interpreter": {
            "file_ids": []
          }
        },
        "metadata": {},
        "response_format": "auto"
      }
    },
    {
      "RequestUri": "https://REDACTED/v1/threads/runs",
      "RequestMethod": "POST",
      "RequestHeaders": {
        "Accept": "application/json",
        "Authorization": "Sanitized",
        "Content-Length": "162",
        "Content-Type": "application/json",
        "Date": "Mon, 03 Jun 2024 09:46:03 GMT",
        "OpenAI-Beta": "assistants=v2",
        "User-Agent": "azsdk-java-azure-ai-openai-assistants/1.0.0-beta.3 (17.0.7; Windows 11; 10.0)",
        "x-ms-client-request-id": "Sanitized"
      },
      "RequestBody": {
        "assistant_id": "asst_KqtF7FfujUVB8nMfzlLP1HT4",
        "thread": {
          "messages": [
            {
              "role": "user",
              "content": "I need to solve the equation `3x + 11 = 14`. Can you help me?"
            }
          ]
        }
      },
      "StatusCode": 200,
      "ResponseHeaders": {
        "Alt-Svc": "h3=\":443\"",
        "CF-Cache-Status": "DYNAMIC",
        "CF-RAY": "88dec0fe0c98ec38-SEA",
        "Connection": "keep-alive",
        "Content-Length": "905",
        "Content-Type": "application/json",
        "Date": "Mon, 03 Jun 2024 09:46:04 GMT",
        "openai-organization": "msft-finetuning-2",
        "openai-processing-ms": "250",
        "openai-version": "2020-10-01",
        "Server": "cloudflare",
        "Strict-Transport-Security": "max-age=15724800; includeSubDomains",
        "X-Request-ID": "req_5db432d3e2fa5767ed926f687583168b"
      },
      "ResponseBody": {
        "id": "run_0vcWYHVQYP0oxGqoKf9lC3Qh",
        "object": "thread.run",
        "created_at": 1717407963,
        "assistant_id": "asst_KqtF7FfujUVB8nMfzlLP1HT4",
        "thread_id": "thread_dnxOwQLrbWT2kyZ2o2l0jfOo",
        "status": "queued",
        "started_at": null,
        "expires_at": 1717408563,
        "cancelled_at": null,
        "failed_at": null,
        "completed_at": null,
        "required_action": null,
        "last_error": null,
        "model": "gpt-4-1106-preview",
        "instructions": "You are a personal math tutor. Answer questions briefly, in a sentence or less.",
        "tools": [
          {
            "type": "code_interpreter"
          }
        ],
        "tool_resources": {},
        "metadata": {},
        "temperature": 1.0,
        "top_p": 1.0,
        "max_completion_tokens": null,
        "max_prompt_tokens": null,
        "truncation_strategy": {
          "type": "auto",
          "last_messages": null
        },
        "incomplete_details": null,
        "usage": null,
        "response_format": "auto",
        "tool_choice": "auto"
      }
    },
    {
      "RequestUri": "https://REDACTED/v1/threads/thread_dnxOwQLrbWT2kyZ2o2l0jfOo/runs/run_0vcWYHVQYP0oxGqoKf9lC3Qh/cancel",
      "RequestMethod": "POST",
      "RequestHeaders": {
        "Accept": "application/json",
        "Authorization": "Sanitized",
        "Content-Length": "0",
        "Date": "Mon, 03 Jun 2024 09:46:04 GMT",
        "OpenAI-Beta": "assistants=v2",
        "User-Agent": "azsdk-java-azure-ai-openai-assistants/1.0.0-beta.3 (17.0.7; Windows 11; 10.0)",
        "x-ms-client-request-id": "Sanitized"
      },
      "RequestBody": null,
      "StatusCode": 200,
      "ResponseHeaders": {
        "Alt-Svc": "h3=\":443\"",
        "CF-Cache-Status": "DYNAMIC",
        "CF-RAY": "88dec1001f23ec38-SEA",
        "Connection": "keep-alive",
        "Content-Length": "915",
        "Content-Type": "application/json",
        "Date": "Mon, 03 Jun 2024 09:46:04 GMT",
        "openai-organization": "msft-finetuning-2",
        "openai-processing-ms": "108",
        "openai-version": "2020-10-01",
        "Server": "cloudflare",
        "Strict-Transport-Security": "max-age=15724800; includeSubDomains",
        "X-Request-ID": "req_5df3a32b0455a6fb494b6db55b8e48a3"
      },
      "ResponseBody": {
        "id": "run_0vcWYHVQYP0oxGqoKf9lC3Qh",
        "object": "thread.run",
        "created_at": 1717407963,
        "assistant_id": "asst_KqtF7FfujUVB8nMfzlLP1HT4",
        "thread_id": "thread_dnxOwQLrbWT2kyZ2o2l0jfOo",
        "status": "cancelling",
        "started_at": 1717407964,
        "expires_at": 1717408563,
        "cancelled_at": null,
        "failed_at": null,
        "completed_at": null,
        "required_action": null,
        "last_error": null,
        "model": "gpt-4-1106-preview",
        "instructions": "You are a personal math tutor. Answer questions briefly, in a sentence or less.",
        "tools": [
          {
            "type": "code_interpreter"
          }
        ],
        "tool_resources": {},
        "metadata": {},
        "temperature": 1.0,
        "top_p": 1.0,
        "max_completion_tokens": null,
        "max_prompt_tokens": null,
        "truncation_strategy": {
          "type": "auto",
          "last_messages": null
        },
        "incomplete_details": null,
        "usage": null,
        "response_format": "auto",
        "tool_choice": "auto"
      }
    },
    {
      "RequestUri": "https://REDACTED/v1/threads/thread_dnxOwQLrbWT2kyZ2o2l0jfOo",
      "RequestMethod": "DELETE",
      "RequestHeaders": {
        "Accept": "application/json",
        "Authorization": "Sanitized",
        "Content-Length": "0",
        "Date": "Mon, 03 Jun 2024 09:46:04 GMT",
        "OpenAI-Beta": "assistants=v2",
        "User-Agent": "azsdk-java-azure-ai-openai-assistants/1.0.0-beta.3 (17.0.7; Windows 11; 10.0)",
        "x-ms-client-request-id": "Sanitized"
      },
      "RequestBody": null,
      "StatusCode": 200,
      "ResponseHeaders": {
        "Alt-Svc": "h3=\":443\"",
        "CF-Cache-Status": "DYNAMIC",
        "CF-RAY": "88dec101585eec38-SEA",
        "Connection": "keep-alive",
        "Content-Length": "94",
        "Content-Type": "application/json",
        "Date": "Mon, 03 Jun 2024 09:46:04 GMT",
        "openai-organization": "msft-finetuning-2",
        "openai-processing-ms": "64",
        "openai-version": "2020-10-01",
        "Server": "cloudflare",
        "Strict-Transport-Security": "max-age=15724800; includeSubDomains",
        "X-Request-ID": "req_68a4e1f82db654d1c69cbb5fa00501f4"
      },
      "ResponseBody": {
        "id": "thread_dnxOwQLrbWT2kyZ2o2l0jfOo",
        "object": "thread.deleted",
        "deleted": true
      }
    },
    {
      "RequestUri": "https://REDACTED/v1/assistants/asst_KqtF7FfujUVB8nMfzlLP1HT4",
      "RequestMethod": "DELETE",
      "RequestHeaders": {
        "Accept": "application/json",
        "Authorization": "Sanitized",
        "Content-Length": "0",
        "Date": "Mon, 03 Jun 2024 09:46:04 GMT",
        "OpenAI-Beta": "assistants=v2",
        "User-Agent": "azsdk-java-azure-ai-openai-assistants/1.0.0-beta.3 (17.0.7; Windows 11; 10.0)",
        "x-ms-client-request-id": "Sanitized"
      },
      "RequestBody": null,
      "StatusCode": 200,
      "ResponseHeaders": {
        "Alt-Svc": "h3=\":443\"",
        "CF-Cache-Status": "DYNAMIC",
        "CF-RAY": "88dec102291cec38-SEA",
        "Connection": "keep-alive",
        "Content-Length": "95",
        "Content-Type": "application/json",
        "Date": "Mon, 03 Jun 2024 09:46:04 GMT",
        "openai-organization": "msft-finetuning-2",
        "openai-processing-ms": "37",
        "openai-version": "2020-10-01",
        "Server": "cloudflare",
        "Strict-Transport-Security": "max-age=15724800; includeSubDomains",
        "X-Request-ID": "req_1f92b158fa2a14cc9f7e272e4a8e5274"
      },
      "ResponseBody": {
        "id": "asst_KqtF7FfujUVB8nMfzlLP1HT4",
        "object": "assistant.deleted",
        "deleted": true
      }
    }
  ],
  "Variables": {}
}
