{
  "Entries": [
    {
      "RequestUri": "https://REDACTED/v1/assistants",
      "RequestMethod": "POST",
      "RequestHeaders": {
        "Accept": "application/json",
        "Authorization": "Sanitized",
        "Content-Length": "185",
        "Content-Type": "application/json",
        "Date": "Mon, 03 Jun 2024 09:45:47 GMT",
        "OpenAI-Beta": "assistants=v2",
        "User-Agent": "azsdk-java-azure-ai-openai-assistants/1.0.0-beta.3 (17.0.7; Windows 11; 10.0)",
        "x-ms-client-request-id": "Sanitized"
      },
      "RequestBody": {
        "model": "gpt-4-1106-preview",
        "name": "Math Tutor",
        "instructions": "You are a personal math tutor. Answer questions briefly, in a sentence or less.",
        "tools": [
          {
            "type": "code_interpreter"
          }
        ]
      },
      "StatusCode": 200,
      "ResponseHeaders": {
        "Alt-Svc": "h3=\":443\"",
        "CF-Cache-Status": "DYNAMIC",
        "CF-RAY": "88dec096ad762814-SEA",
        "Connection": "keep-alive",
        "Content-Length": "505",
        "Content-Type": "application/json",
        "Date": "Mon, 03 Jun 2024 09:45:47 GMT",
        "openai-organization": "msft-finetuning-2",
        "openai-processing-ms": "85",
        "openai-version": "2020-10-01",
        "Server": "cloudflare",
        "Strict-Transport-Security": "max-age=15724800; includeSubDomains",
        "X-Request-ID": "req_e1331eef7593c58e9fa44711ae9599d6"
      },
      "ResponseBody": {
        "id": "asst_5geBLf086hobGWsCtipGfxe2",
        "object": "assistant",
        "created_at": 1717407947,
        "name": "Math Tutor",
        "description": null,
        "model": "gpt-4-1106-preview",
        "instructions": "You are a personal math tutor. Answer questions briefly, in a sentence or less.",
        "tools": [
          {
            "type": "code_interpreter"
          }
        ],
        "top_p": 1.0,
        "temperature": 1.0,
        "tool_resources": {
          "code_interpreter": {
            "file_ids": []
          }
        },
        "metadata": {},
        "response_format": "auto"
      }
    },
    {
      "RequestUri": "https://REDACTED/v1/threads",
      "RequestMethod": "POST",
      "RequestHeaders": {
        "Accept": "application/json",
        "Authorization": "Sanitized",
        "Content-Length": "2",
        "Content-Type": "application/json",
        "Date": "Mon, 03 Jun 2024 09:45:47 GMT",
        "OpenAI-Beta": "assistants=v2",
        "User-Agent": "azsdk-java-azure-ai-openai-assistants/1.0.0-beta.3 (17.0.7; Windows 11; 10.0)",
        "x-ms-client-request-id": "Sanitized"
      },
      "RequestBody": {},
      "StatusCode": 200,
      "ResponseHeaders": {
        "Alt-Svc": "h3=\":443\"",
        "CF-Cache-Status": "DYNAMIC",
        "CF-RAY": "88dec097ae492814-SEA",
        "Connection": "keep-alive",
        "Content-Length": "137",
        "Content-Type": "application/json",
        "Date": "Mon, 03 Jun 2024 09:45:47 GMT",
        "openai-organization": "msft-finetuning-2",
        "openai-processing-ms": "25",
        "openai-version": "2020-10-01",
        "Server": "cloudflare",
        "Strict-Transport-Security": "max-age=15724800; includeSubDomains",
        "X-Request-ID": "req_975b1ef4b44b108d530e0e735f9e6ac9"
      },
      "ResponseBody": {
        "id": "thread_lGb5XwFWopo2kVTKDDwK1ZMc",
        "object": "thread",
        "created_at": 1717407947,
        "metadata": {},
        "tool_resources": {}
      }
    },
    {
      "RequestUri": "https://REDACTED/v1/threads/thread_lGb5XwFWopo2kVTKDDwK1ZMc/messages",
      "RequestMethod": "POST",
      "RequestHeaders": {
        "Accept": "application/json",
        "Authorization": "Sanitized",
        "Content-Length": "89",
        "Content-Type": "application/json",
        "Date": "Mon, 03 Jun 2024 09:45:47 GMT",
        "OpenAI-Beta": "assistants=v2",
        "User-Agent": "azsdk-java-azure-ai-openai-assistants/1.0.0-beta.3 (17.0.7; Windows 11; 10.0)",
        "x-ms-client-request-id": "Sanitized"
      },
      "RequestBody": {
        "role": "user",
        "content": "I need to solve the equation `3x + 11 = 14`. Can you help me?"
      },
      "StatusCode": 200,
      "ResponseHeaders": {
        "Alt-Svc": "h3=\":443\"",
        "CF-Cache-Status": "DYNAMIC",
        "CF-RAY": "88dec0984ec12814-SEA",
        "Connection": "keep-alive",
        "Content-Length": "435",
        "Content-Type": "application/json",
        "Date": "Mon, 03 Jun 2024 09:45:47 GMT",
        "openai-organization": "msft-finetuning-2",
        "openai-processing-ms": "44",
        "openai-version": "2020-10-01",
        "Server": "cloudflare",
        "Strict-Transport-Security": "max-age=15724800; includeSubDomains",
        "X-Request-ID": "req_81410b14ec9b31b56d351068cfcbfab7"
      },
      "ResponseBody": {
        "id": "msg_KkCJ8ElrdXP2aHms3hT0X3aJ",
        "object": "thread.message",
        "created_at": 1717407947,
        "assistant_id": null,
        "thread_id": "thread_lGb5XwFWopo2kVTKDDwK1ZMc",
        "run_id": null,
        "role": "user",
        "content": [
          {
            "type": "text",
            "text": {
              "value": "I need to solve the equation `3x + 11 = 14`. Can you help me?",
              "annotations": []
            }
          }
        ],
        "attachments": [],
        "metadata": {}
      }
    },
    {
      "RequestUri": "https://REDACTED/v1/threads/thread_lGb5XwFWopo2kVTKDDwK1ZMc/runs",
      "RequestMethod": "POST",
      "RequestHeaders": {
        "Accept": "application/json",
        "Authorization": "Sanitized",
        "Content-Length": "48",
        "Content-Type": "application/json",
        "Date": "Mon, 03 Jun 2024 09:45:47 GMT",
        "OpenAI-Beta": "assistants=v2",
        "User-Agent": "azsdk-java-azure-ai-openai-assistants/1.0.0-beta.3 (17.0.7; Windows 11; 10.0)",
        "x-ms-client-request-id": "Sanitized"
      },
      "RequestBody": {
        "assistant_id": "asst_5geBLf086hobGWsCtipGfxe2"
      },
      "StatusCode": 200,
      "ResponseHeaders": {
        "Alt-Svc": "h3=\":443\"",
        "CF-Cache-Status": "DYNAMIC",
        "CF-RAY": "88dec0994f942814-SEA",
        "Connection": "keep-alive",
        "Content-Length": "905",
        "Content-Type": "application/json",
        "Date": "Mon, 03 Jun 2024 09:45:48 GMT",
        "openai-organization": "msft-finetuning-2",
        "openai-processing-ms": "238",
        "openai-version": "2020-10-01",
        "Server": "cloudflare",
        "Strict-Transport-Security": "max-age=15724800; includeSubDomains",
        "X-Request-ID": "req_1e0fd69c0557a6093122fa5e622b0960"
      },
      "ResponseBody": {
        "id": "run_24JiS6Qa854hxydbmqAVtGVf",
        "object": "thread.run",
        "created_at": 1717407947,
        "assistant_id": "asst_5geBLf086hobGWsCtipGfxe2",
        "thread_id": "thread_lGb5XwFWopo2kVTKDDwK1ZMc",
        "status": "queued",
        "started_at": null,
        "expires_at": 1717408547,
        "cancelled_at": null,
        "failed_at": null,
        "completed_at": null,
        "required_action": null,
        "last_error": null,
        "model": "gpt-4-1106-preview",
        "instructions": "You are a personal math tutor. Answer questions briefly, in a sentence or less.",
        "tools": [
          {
            "type": "code_interpreter"
          }
        ],
        "tool_resources": {},
        "metadata": {},
        "temperature": 1.0,
        "top_p": 1.0,
        "max_completion_tokens": null,
        "max_prompt_tokens": null,
        "truncation_strategy": {
          "type": "auto",
          "last_messages": null
        },
        "incomplete_details": null,
        "usage": null,
        "response_format": "auto",
        "tool_choice": "auto"
      }
    },
    {
      "RequestUri": "https://REDACTED/v1/threads/thread_lGb5XwFWopo2kVTKDDwK1ZMc/runs/run_24JiS6Qa854hxydbmqAVtGVf",
      "RequestMethod": "GET",
      "RequestHeaders": {
        "Accept": "application/json",
        "Authorization": "Sanitized",
        "Content-Length": "0",
        "Date": "Mon, 03 Jun 2024 09:45:48 GMT",
        "OpenAI-Beta": "assistants=v2",
        "User-Agent": "azsdk-java-azure-ai-openai-assistants/1.0.0-beta.3 (17.0.7; Windows 11; 10.0)",
        "x-ms-client-request-id": "Sanitized"
      },
      "RequestBody": null,
      "StatusCode": 200,
      "ResponseHeaders": {
        "Alt-Svc": "h3=\":443\"",
        "CF-Cache-Status": "DYNAMIC",
        "CF-RAY": "88dec09b39cc2814-SEA",
        "Connection": "keep-alive",
        "Content-Length": "905",
        "Content-Type": "application/json",
        "Date": "Mon, 03 Jun 2024 09:45:48 GMT",
        "openai-organization": "msft-finetuning-2",
        "openai-processing-ms": "77",
        "openai-version": "2020-10-01",
        "Server": "cloudflare",
        "Strict-Transport-Security": "max-age=15724800; includeSubDomains",
        "X-Request-ID": "req_8a5829e75cfa9621d5d092944236f69f"
      },
      "ResponseBody": {
        "id": "run_24JiS6Qa854hxydbmqAVtGVf",
        "object": "thread.run",
        "created_at": 1717407947,
        "assistant_id": "asst_5geBLf086hobGWsCtipGfxe2",
        "thread_id": "thread_lGb5XwFWopo2kVTKDDwK1ZMc",
        "status": "queued",
        "started_at": null,
        "expires_at": 1717408547,
        "cancelled_at": null,
        "failed_at": null,
        "completed_at": null,
        "required_action": null,
        "last_error": null,
        "model": "gpt-4-1106-preview",
        "instructions": "You are a personal math tutor. Answer questions briefly, in a sentence or less.",
        "tools": [
          {
            "type": "code_interpreter"
          }
        ],
        "tool_resources": {},
        "metadata": {},
        "temperature": 1.0,
        "top_p": 1.0,
        "max_completion_tokens": null,
        "max_prompt_tokens": null,
        "truncation_strategy": {
          "type": "auto",
          "last_messages": null
        },
        "incomplete_details": null,
        "usage": null,
        "response_format": "auto",
        "tool_choice": "auto"
      }
    },
    {
      "RequestUri": "https://REDACTED/v1/threads/thread_lGb5XwFWopo2kVTKDDwK1ZMc/runs/run_24JiS6Qa854hxydbmqAVtGVf",
      "RequestMethod": "GET",
      "RequestHeaders": {
        "Accept": "application/json",
        "Authorization": "Sanitized",
        "Content-Length": "0",
        "Date": "Mon, 03 Jun 2024 09:45:48 GMT",
        "OpenAI-Beta": "assistants=v2",
        "User-Agent": "azsdk-java-azure-ai-openai-assistants/1.0.0-beta.3 (17.0.7; Windows 11; 10.0)",
        "x-ms-client-request-id": "Sanitized"
      },
      "RequestBody": null,
      "StatusCode": 200,
      "ResponseHeaders": {
        "Alt-Svc": "h3=\":443\"",
        "CF-Cache-Status": "DYNAMIC",
        "CF-RAY": "88dec09f4ee8ec38-SEA",
        "Connection": "keep-alive",
        "Content-Length": "916",
        "Content-Type": "application/json",
        "Date": "Mon, 03 Jun 2024 09:45:48 GMT",
        "openai-organization": "msft-finetuning-2",
        "openai-processing-ms": "46",
        "openai-version": "2020-10-01",
        "Server": "cloudflare",
        "Strict-Transport-Security": "max-age=15724800; includeSubDomains",
        "X-Request-ID": "req_480b80753ad098af99d05822fcc1eb9d"
      },
      "ResponseBody": {
        "id": "run_24JiS6Qa854hxydbmqAVtGVf",
        "object": "thread.run",
        "created_at": 1717407947,
        "assistant_id": "asst_5geBLf086hobGWsCtipGfxe2",
        "thread_id": "thread_lGb5XwFWopo2kVTKDDwK1ZMc",
        "status": "in_progress",
        "started_at": 1717407948,
        "expires_at": 1717408547,
        "cancelled_at": null,
        "failed_at": null,
        "completed_at": null,
        "required_action": null,
        "last_error": null,
        "model": "gpt-4-1106-preview",
        "instructions": "You are a personal math tutor. Answer questions briefly, in a sentence or less.",
        "tools": [
          {
            "type": "code_interpreter"
          }
        ],
        "tool_resources": {},
        "metadata": {},
        "temperature": 1.0,
        "top_p": 1.0,
        "max_completion_tokens": null,
        "max_prompt_tokens": null,
        "truncation_strategy": {
          "type": "auto",
          "last_messages": null
        },
        "incomplete_details": null,
        "usage": null,
        "response_format": "auto",
        "tool_choice": "auto"
      }
    },
    {
      "RequestUri": "https://REDACTED/v1/threads/thread_lGb5XwFWopo2kVTKDDwK1ZMc/runs/run_24JiS6Qa854hxydbmqAVtGVf",
      "RequestMethod": "GET",
      "RequestHeaders": {
        "Accept": "application/json",
        "Authorization": "Sanitized",
        "Content-Length": "0",
        "Date": "Mon, 03 Jun 2024 09:45:49 GMT",
        "OpenAI-Beta": "assistants=v2",
        "User-Agent": "azsdk-java-azure-ai-openai-assistants/1.0.0-beta.3 (17.0.7; Windows 11; 10.0)",
        "x-ms-client-request-id": "Sanitized"
      },
      "RequestBody": null,
      "StatusCode": 200,
      "ResponseHeaders": {
        "Alt-Svc": "h3=\":443\"",
        "CF-Cache-Status": "DYNAMIC",
        "CF-RAY": "88dec0a33987ec5c-SEA",
        "Connection": "keep-alive",
        "Content-Length": "916",
        "Content-Type": "application/json",
        "Date": "Mon, 03 Jun 2024 09:45:49 GMT",
        "openai-organization": "msft-finetuning-2",
        "openai-processing-ms": "68",
        "openai-version": "2020-10-01",
        "Server": "cloudflare",
        "Strict-Transport-Security": "max-age=15724800; includeSubDomains",
        "X-Request-ID": "req_7ee294c584179577e9356b4244adc05e"
      },
      "ResponseBody": {
        "id": "run_24JiS6Qa854hxydbmqAVtGVf",
        "object": "thread.run",
        "created_at": 1717407947,
        "assistant_id": "asst_5geBLf086hobGWsCtipGfxe2",
        "thread_id": "thread_lGb5XwFWopo2kVTKDDwK1ZMc",
        "status": "in_progress",
        "started_at": 1717407948,
        "expires_at": 1717408547,
        "cancelled_at": null,
        "failed_at": null,
        "completed_at": null,
        "required_action": null,
        "last_error": null,
        "model": "gpt-4-1106-preview",
        "instructions": "You are a personal math tutor. Answer questions briefly, in a sentence or less.",
        "tools": [
          {
            "type": "code_interpreter"
          }
        ],
        "tool_resources": {},
        "metadata": {},
        "temperature": 1.0,
        "top_p": 1.0,
        "max_completion_tokens": null,
        "max_prompt_tokens": null,
        "truncation_strategy": {
          "type": "auto",
          "last_messages": null
        },
        "incomplete_details": null,
        "usage": null,
        "response_format": "auto",
        "tool_choice": "auto"
      }
    },
    {
      "RequestUri": "https://REDACTED/v1/threads/thread_lGb5XwFWopo2kVTKDDwK1ZMc/runs/run_24JiS6Qa854hxydbmqAVtGVf",
      "RequestMethod": "GET",
      "RequestHeaders": {
        "Accept": "application/json",
        "Authorization": "Sanitized",
        "Content-Length": "0",
        "Date": "Mon, 03 Jun 2024 09:45:49 GMT",
        "OpenAI-Beta": "assistants=v2",
        "User-Agent": "azsdk-java-azure-ai-openai-assistants/1.0.0-beta.3 (17.0.7; Windows 11; 10.0)",
        "x-ms-client-request-id": "Sanitized"
      },
      "RequestBody": null,
      "StatusCode": 200,
      "ResponseHeaders": {
        "Alt-Svc": "h3=\":443\"",
        "CF-Cache-Status": "DYNAMIC",
        "CF-RAY": "88dec0a74b622814-SEA",
        "Connection": "keep-alive",
        "Content-Length": "916",
        "Content-Type": "application/json",
        "Date": "Mon, 03 Jun 2024 09:45:51 GMT",
        "openai-organization": "msft-finetuning-2",
        "openai-processing-ms": "91",
        "openai-version": "2020-10-01",
        "Server": "cloudflare",
        "Strict-Transport-Security": "max-age=15724800; includeSubDomains",
        "X-Request-ID": "req_0c03f43f96d1f24d3469d30c0a65f3d1"
      },
      "ResponseBody": {
        "id": "run_24JiS6Qa854hxydbmqAVtGVf",
        "object": "thread.run",
        "created_at": 1717407947,
        "assistant_id": "asst_5geBLf086hobGWsCtipGfxe2",
        "thread_id": "thread_lGb5XwFWopo2kVTKDDwK1ZMc",
        "status": "in_progress",
        "started_at": 1717407948,
        "expires_at": 1717408547,
        "cancelled_at": null,
        "failed_at": null,
        "completed_at": null,
        "required_action": null,
        "last_error": null,
        "model": "gpt-4-1106-preview",
        "instructions": "You are a personal math tutor. Answer questions briefly, in a sentence or less.",
        "tools": [
          {
            "type": "code_interpreter"
          }
        ],
        "tool_resources": {},
        "metadata": {},
        "temperature": 1.0,
        "top_p": 1.0,
        "max_completion_tokens": null,
        "max_prompt_tokens": null,
        "truncation_strategy": {
          "type": "auto",
          "last_messages": null
        },
        "incomplete_details": null,
        "usage": null,
        "response_format": "auto",
        "tool_choice": "auto"
      }
    },
    {
      "RequestUri": "https://REDACTED/v1/threads/thread_lGb5XwFWopo2kVTKDDwK1ZMc/runs/run_24JiS6Qa854hxydbmqAVtGVf",
      "RequestMethod": "GET",
      "RequestHeaders": {
        "Accept": "application/json",
        "Authorization": "Sanitized",
        "Content-Length": "0",
        "Date": "Mon, 03 Jun 2024 09:45:51 GMT",
        "OpenAI-Beta": "assistants=v2",
        "User-Agent": "azsdk-java-azure-ai-openai-assistants/1.0.0-beta.3 (17.0.7; Windows 11; 10.0)",
        "x-ms-client-request-id": "Sanitized"
      },
      "RequestBody": null,
      "StatusCode": 200,
      "ResponseHeaders": {
        "Alt-Svc": "h3=\":443\"",
        "CF-Cache-Status": "DYNAMIC",
        "CF-RAY": "88dec0b23f91ec38-SEA",
        "Connection": "keep-alive",
        "Content-Length": "916",
        "Content-Type": "application/json",
        "Date": "Mon, 03 Jun 2024 09:45:51 GMT",
        "openai-organization": "msft-finetuning-2",
        "openai-processing-ms": "67",
        "openai-version": "2020-10-01",
        "Server": "cloudflare",
        "Strict-Transport-Security": "max-age=15724800; includeSubDomains",
        "X-Request-ID": "req_a02877714bdad64377f31ebcedee51d8"
      },
      "ResponseBody": {
        "id": "run_24JiS6Qa854hxydbmqAVtGVf",
        "object": "thread.run",
        "created_at": 1717407947,
        "assistant_id": "asst_5geBLf086hobGWsCtipGfxe2",
        "thread_id": "thread_lGb5XwFWopo2kVTKDDwK1ZMc",
        "status": "in_progress",
        "started_at": 1717407948,
        "expires_at": 1717408547,
        "cancelled_at": null,
        "failed_at": null,
        "completed_at": null,
        "required_action": null,
        "last_error": null,
        "model": "gpt-4-1106-preview",
        "instructions": "You are a personal math tutor. Answer questions briefly, in a sentence or less.",
        "tools": [
          {
            "type": "code_interpreter"
          }
        ],
        "tool_resources": {},
        "metadata": {},
        "temperature": 1.0,
        "top_p": 1.0,
        "max_completion_tokens": null,
        "max_prompt_tokens": null,
        "truncation_strategy": {
          "type": "auto",
          "last_messages": null
        },
        "incomplete_details": null,
        "usage": null,
        "response_format": "auto",
        "tool_choice": "auto"
      }
    },
    {
      "RequestUri": "https://REDACTED/v1/threads/thread_lGb5XwFWopo2kVTKDDwK1ZMc/runs/run_24JiS6Qa854hxydbmqAVtGVf",
      "RequestMethod": "GET",
      "RequestHeaders": {
        "Accept": "application/json",
        "Authorization": "Sanitized",
        "Content-Length": "0",
        "Date": "Mon, 03 Jun 2024 09:45:52 GMT",
        "OpenAI-Beta": "assistants=v2",
        "User-Agent": "azsdk-java-azure-ai-openai-assistants/1.0.0-beta.3 (17.0.7; Windows 11; 10.0)",
        "x-ms-client-request-id": "Sanitized"
      },
      "RequestBody": null,
      "StatusCode": 200,
      "ResponseHeaders": {
        "Alt-Svc": "h3=\":443\"",
        "CF-Cache-Status": "DYNAMIC",
        "CF-RAY": "88dec0b64a3bec5c-SEA",
        "Connection": "keep-alive",
        "Content-Length": "916",
        "Content-Type": "application/json",
        "Date": "Mon, 03 Jun 2024 09:45:52 GMT",
        "openai-organization": "msft-finetuning-2",
        "openai-processing-ms": "37",
        "openai-version": "2020-10-01",
        "Server": "cloudflare",
        "Strict-Transport-Security": "max-age=15724800; includeSubDomains",
        "X-Request-ID": "req_15b7a4514486705e4ba9e4ef92d9ae8e"
      },
      "ResponseBody": {
        "id": "run_24JiS6Qa854hxydbmqAVtGVf",
        "object": "thread.run",
        "created_at": 1717407947,
        "assistant_id": "asst_5geBLf086hobGWsCtipGfxe2",
        "thread_id": "thread_lGb5XwFWopo2kVTKDDwK1ZMc",
        "status": "in_progress",
        "started_at": 1717407948,
        "expires_at": 1717408547,
        "cancelled_at": null,
        "failed_at": null,
        "completed_at": null,
        "required_action": null,
        "last_error": null,
        "model": "gpt-4-1106-preview",
        "instructions": "You are a personal math tutor. Answer questions briefly, in a sentence or less.",
        "tools": [
          {
            "type": "code_interpreter"
          }
        ],
        "tool_resources": {},
        "metadata": {},
        "temperature": 1.0,
        "top_p": 1.0,
        "max_completion_tokens": null,
        "max_prompt_tokens": null,
        "truncation_strategy": {
          "type": "auto",
          "last_messages": null
        },
        "incomplete_details": null,
        "usage": null,
        "response_format": "auto",
        "tool_choice": "auto"
      }
    },
    {
      "RequestUri": "https://REDACTED/v1/threads/thread_lGb5XwFWopo2kVTKDDwK1ZMc/runs/run_24JiS6Qa854hxydbmqAVtGVf",
      "RequestMethod": "GET",
      "RequestHeaders": {
        "Accept": "application/json",
        "Authorization": "Sanitized",
        "Content-Length": "0",
        "Date": "Mon, 03 Jun 2024 09:45:52 GMT",
        "OpenAI-Beta": "assistants=v2",
        "User-Agent": "azsdk-java-azure-ai-openai-assistants/1.0.0-beta.3 (17.0.7; Windows 11; 10.0)",
        "x-ms-client-request-id": "Sanitized"
      },
      "RequestBody": null,
      "StatusCode": 200,
      "ResponseHeaders": {
        "Alt-Svc": "h3=\":443\"",
        "CF-Cache-Status": "DYNAMIC",
        "CF-RAY": "88dec0ba2c92a348-SEA",
        "Connection": "keep-alive",
        "Content-Length": "916",
        "Content-Type": "application/json",
        "Date": "Mon, 03 Jun 2024 09:45:53 GMT",
        "openai-organization": "msft-finetuning-2",
        "openai-processing-ms": "75",
        "openai-version": "2020-10-01",
        "Server": "cloudflare",
        "Strict-Transport-Security": "max-age=15724800; includeSubDomains",
        "X-Request-ID": "req_89c439c50033541f84b2b3d76281e9b8"
      },
      "ResponseBody": {
        "id": "run_24JiS6Qa854hxydbmqAVtGVf",
        "object": "thread.run",
        "created_at": 1717407947,
        "assistant_id": "asst_5geBLf086hobGWsCtipGfxe2",
        "thread_id": "thread_lGb5XwFWopo2kVTKDDwK1ZMc",
        "status": "in_progress",
        "started_at": 1717407948,
        "expires_at": 1717408547,
        "cancelled_at": null,
        "failed_at": null,
        "completed_at": null,
        "required_action": null,
        "last_error": null,
        "model": "gpt-4-1106-preview",
        "instructions": "You are a personal math tutor. Answer questions briefly, in a sentence or less.",
        "tools": [
          {
            "type": "code_interpreter"
          }
        ],
        "tool_resources": {},
        "metadata": {},
        "temperature": 1.0,
        "top_p": 1.0,
        "max_completion_tokens": null,
        "max_prompt_tokens": null,
        "truncation_strategy": {
          "type": "auto",
          "last_messages": null
        },
        "incomplete_details": null,
        "usage": null,
        "response_format": "auto",
        "tool_choice": "auto"
      }
    },
    {
      "RequestUri": "https://REDACTED/v1/threads/thread_lGb5XwFWopo2kVTKDDwK1ZMc/runs/run_24JiS6Qa854hxydbmqAVtGVf",
      "RequestMethod": "GET",
      "RequestHeaders": {
        "Accept": "application/json",
        "Authorization": "Sanitized",
        "Content-Length": "0",
        "Date": "Mon, 03 Jun 2024 09:45:53 GMT",
        "OpenAI-Beta": "assistants=v2",
        "User-Agent": "azsdk-java-azure-ai-openai-assistants/1.0.0-beta.3 (17.0.7; Windows 11; 10.0)",
        "x-ms-client-request-id": "Sanitized"
      },
      "RequestBody": null,
      "StatusCode": 200,
      "ResponseHeaders": {
        "Alt-Svc": "h3=\":443\"",
        "CF-Cache-Status": "DYNAMIC",
        "CF-RAY": "88dec0be495da348-SEA",
        "Connection": "keep-alive",
        "Content-Length": "916",
        "Content-Type": "application/json",
        "Date": "Mon, 03 Jun 2024 09:45:53 GMT",
        "openai-organization": "msft-finetuning-2",
        "openai-processing-ms": "56",
        "openai-version": "2020-10-01",
        "Server": "cloudflare",
        "Strict-Transport-Security": "max-age=15724800; includeSubDomains",
        "X-Request-ID": "req_8e5e596c6927d150c2da1594810e8218"
      },
      "ResponseBody": {
        "id": "run_24JiS6Qa854hxydbmqAVtGVf",
        "object": "thread.run",
        "created_at": 1717407947,
        "assistant_id": "asst_5geBLf086hobGWsCtipGfxe2",
        "thread_id": "thread_lGb5XwFWopo2kVTKDDwK1ZMc",
        "status": "in_progress",
        "started_at": 1717407948,
        "expires_at": 1717408547,
        "cancelled_at": null,
        "failed_at": null,
        "completed_at": null,
        "required_action": null,
        "last_error": null,
        "model": "gpt-4-1106-preview",
        "instructions": "You are a personal math tutor. Answer questions briefly, in a sentence or less.",
        "tools": [
          {
            "type": "code_interpreter"
          }
        ],
        "tool_resources": {},
        "metadata": {},
        "temperature": 1.0,
        "top_p": 1.0,
        "max_completion_tokens": null,
        "max_prompt_tokens": null,
        "truncation_strategy": {
          "type": "auto",
          "last_messages": null
        },
        "incomplete_details": null,
        "usage": null,
        "response_format": "auto",
        "tool_choice": "auto"
      }
    },
    {
      "RequestUri": "https://REDACTED/v1/threads/thread_lGb5XwFWopo2kVTKDDwK1ZMc/runs/run_24JiS6Qa854hxydbmqAVtGVf",
      "RequestMethod": "GET",
      "RequestHeaders": {
        "Accept": "application/json",
        "Authorization": "Sanitized",
        "Content-Length": "0",
        "Date": "Mon, 03 Jun 2024 09:45:54 GMT",
        "OpenAI-Beta": "assistants=v2",
        "User-Agent": "azsdk-java-azure-ai-openai-assistants/1.0.0-beta.3 (17.0.7; Windows 11; 10.0)",
        "x-ms-client-request-id": "Sanitized"
      },
      "RequestBody": null,
      "StatusCode": 200,
      "ResponseHeaders": {
        "Alt-Svc": "h3=\":443\"",
        "CF-Cache-Status": "DYNAMIC",
        "CF-RAY": "88dec0c2481576ac-SEA",
        "Connection": "keep-alive",
        "Content-Length": "916",
        "Content-Type": "application/json",
        "Date": "Mon, 03 Jun 2024 09:45:54 GMT",
        "openai-organization": "msft-finetuning-2",
        "openai-processing-ms": "62",
        "openai-version": "2020-10-01",
        "Server": "cloudflare",
        "Strict-Transport-Security": "max-age=15724800; includeSubDomains",
        "X-Request-ID": "req_07426a435890397c66895ae72531e808"
      },
      "ResponseBody": {
        "id": "run_24JiS6Qa854hxydbmqAVtGVf",
        "object": "thread.run",
        "created_at": 1717407947,
        "assistant_id": "asst_5geBLf086hobGWsCtipGfxe2",
        "thread_id": "thread_lGb5XwFWopo2kVTKDDwK1ZMc",
        "status": "in_progress",
        "started_at": 1717407948,
        "expires_at": 1717408547,
        "cancelled_at": null,
        "failed_at": null,
        "completed_at": null,
        "required_action": null,
        "last_error": null,
        "model": "gpt-4-1106-preview",
        "instructions": "You are a personal math tutor. Answer questions briefly, in a sentence or less.",
        "tools": [
          {
            "type": "code_interpreter"
          }
        ],
        "tool_resources": {},
        "metadata": {},
        "temperature": 1.0,
        "top_p": 1.0,
        "max_completion_tokens": null,
        "max_prompt_tokens": null,
        "truncation_strategy": {
          "type": "auto",
          "last_messages": null
        },
        "incomplete_details": null,
        "usage": null,
        "response_format": "auto",
        "tool_choice": "auto"
      }
    },
    {
      "RequestUri": "https://REDACTED/v1/threads/thread_lGb5XwFWopo2kVTKDDwK1ZMc/runs/run_24JiS6Qa854hxydbmqAVtGVf",
      "RequestMethod": "GET",
      "RequestHeaders": {
        "Accept": "application/json",
        "Authorization": "Sanitized",
        "Content-Length": "0",
        "Date": "Mon, 03 Jun 2024 09:45:54 GMT",
        "OpenAI-Beta": "assistants=v2",
        "User-Agent": "azsdk-java-azure-ai-openai-assistants/1.0.0-beta.3 (17.0.7; Windows 11; 10.0)",
        "x-ms-client-request-id": "Sanitized"
      },
      "RequestBody": null,
      "StatusCode": 200,
      "ResponseHeaders": {
        "Alt-Svc": "h3=\":443\"",
        "CF-Cache-Status": "DYNAMIC",
        "CF-RAY": "88dec0c64adf2814-SEA",
        "Connection": "keep-alive",
        "Content-Length": "916",
        "Content-Type": "application/json",
        "Date": "Mon, 03 Jun 2024 09:45:55 GMT",
        "openai-organization": "msft-finetuning-2",
        "openai-processing-ms": "42",
        "openai-version": "2020-10-01",
        "Server": "cloudflare",
        "Strict-Transport-Security": "max-age=15724800; includeSubDomains",
        "X-Request-ID": "req_7aa3078aeb28a6f7d5a3824dcd48b1b6"
      },
      "ResponseBody": {
        "id": "run_24JiS6Qa854hxydbmqAVtGVf",
        "object": "thread.run",
        "created_at": 1717407947,
        "assistant_id": "asst_5geBLf086hobGWsCtipGfxe2",
        "thread_id": "thread_lGb5XwFWopo2kVTKDDwK1ZMc",
        "status": "in_progress",
        "started_at": 1717407948,
        "expires_at": 1717408547,
        "cancelled_at": null,
        "failed_at": null,
        "completed_at": null,
        "required_action": null,
        "last_error": null,
        "model": "gpt-4-1106-preview",
        "instructions": "You are a personal math tutor. Answer questions briefly, in a sentence or less.",
        "tools": [
          {
            "type": "code_interpreter"
          }
        ],
        "tool_resources": {},
        "metadata": {},
        "temperature": 1.0,
        "top_p": 1.0,
        "max_completion_tokens": null,
        "max_prompt_tokens": null,
        "truncation_strategy": {
          "type": "auto",
          "last_messages": null
        },
        "incomplete_details": null,
        "usage": null,
        "response_format": "auto",
        "tool_choice": "auto"
      }
    },
    {
      "RequestUri": "https://REDACTED/v1/threads/thread_lGb5XwFWopo2kVTKDDwK1ZMc/runs/run_24JiS6Qa854hxydbmqAVtGVf",
      "RequestMethod": "GET",
      "RequestHeaders": {
        "Accept": "application/json",
        "Authorization": "Sanitized",
        "Content-Length": "0",
        "Date": "Mon, 03 Jun 2024 09:45:55 GMT",
        "OpenAI-Beta": "assistants=v2",
        "User-Agent": "azsdk-java-azure-ai-openai-assistants/1.0.0-beta.3 (17.0.7; Windows 11; 10.0)",
        "x-ms-client-request-id": "Sanitized"
      },
      "RequestBody": null,
      "StatusCode": 200,
      "ResponseHeaders": {
        "Alt-Svc": "h3=\":443\"",
        "CF-Cache-Status": "DYNAMIC",
        "CF-RAY": "88dec0ca2e68a348-SEA",
        "Connection": "keep-alive",
        "Content-Length": "916",
        "Content-Type": "application/json",
        "Date": "Mon, 03 Jun 2024 09:45:55 GMT",
        "openai-organization": "msft-finetuning-2",
        "openai-processing-ms": "77",
        "openai-version": "2020-10-01",
        "Server": "cloudflare",
        "Strict-Transport-Security": "max-age=15724800; includeSubDomains",
        "X-Request-ID": "req_ad5c78555ad4a756614d3c4bed26368e"
      },
      "ResponseBody": {
        "id": "run_24JiS6Qa854hxydbmqAVtGVf",
        "object": "thread.run",
        "created_at": 1717407947,
        "assistant_id": "asst_5geBLf086hobGWsCtipGfxe2",
        "thread_id": "thread_lGb5XwFWopo2kVTKDDwK1ZMc",
        "status": "in_progress",
        "started_at": 1717407948,
        "expires_at": 1717408547,
        "cancelled_at": null,
        "failed_at": null,
        "completed_at": null,
        "required_action": null,
        "last_error": null,
        "model": "gpt-4-1106-preview",
        "instructions": "You are a personal math tutor. Answer questions briefly, in a sentence or less.",
        "tools": [
          {
            "type": "code_interpreter"
          }
        ],
        "tool_resources": {},
        "metadata": {},
        "temperature": 1.0,
        "top_p": 1.0,
        "max_completion_tokens": null,
        "max_prompt_tokens": null,
        "truncation_strategy": {
          "type": "auto",
          "last_messages": null
        },
        "incomplete_details": null,
        "usage": null,
        "response_format": "auto",
        "tool_choice": "auto"
      }
    },
    {
      "RequestUri": "https://REDACTED/v1/threads/thread_lGb5XwFWopo2kVTKDDwK1ZMc/runs/run_24JiS6Qa854hxydbmqAVtGVf",
      "RequestMethod": "GET",
      "RequestHeaders": {
        "Accept": "application/json",
        "Authorization": "Sanitized",
        "Content-Length": "0",
        "Date": "Mon, 03 Jun 2024 09:45:56 GMT",
        "OpenAI-Beta": "assistants=v2",
        "User-Agent": "azsdk-java-azure-ai-openai-assistants/1.0.0-beta.3 (17.0.7; Windows 11; 10.0)",
        "x-ms-client-request-id": "Sanitized"
      },
      "RequestBody": null,
      "StatusCode": 200,
      "ResponseHeaders": {
        "Alt-Svc": "h3=\":443\"",
        "CF-Cache-Status": "DYNAMIC",
        "CF-RAY": "88dec0ce4a2e76ac-SEA",
        "Connection": "keep-alive",
        "Content-Length": "916",
        "Content-Type": "application/json",
        "Date": "Mon, 03 Jun 2024 09:45:56 GMT",
        "openai-organization": "msft-finetuning-2",
        "openai-processing-ms": "74",
        "openai-version": "2020-10-01",
        "Server": "cloudflare",
        "Strict-Transport-Security": "max-age=15724800; includeSubDomains",
        "X-Request-ID": "req_9115c7afbba31c1bc4e83d9b23b8ac56"
      },
      "ResponseBody": {
        "id": "run_24JiS6Qa854hxydbmqAVtGVf",
        "object": "thread.run",
        "created_at": 1717407947,
        "assistant_id": "asst_5geBLf086hobGWsCtipGfxe2",
        "thread_id": "thread_lGb5XwFWopo2kVTKDDwK1ZMc",
        "status": "in_progress",
        "started_at": 1717407948,
        "expires_at": 1717408547,
        "cancelled_at": null,
        "failed_at": null,
        "completed_at": null,
        "required_action": null,
        "last_error": null,
        "model": "gpt-4-1106-preview",
        "instructions": "You are a personal math tutor. Answer questions briefly, in a sentence or less.",
        "tools": [
          {
            "type": "code_interpreter"
          }
        ],
        "tool_resources": {},
        "metadata": {},
        "temperature": 1.0,
        "top_p": 1.0,
        "max_completion_tokens": null,
        "max_prompt_tokens": null,
        "truncation_strategy": {
          "type": "auto",
          "last_messages": null
        },
        "incomplete_details": null,
        "usage": null,
        "response_format": "auto",
        "tool_choice": "auto"
      }
    },
    {
      "RequestUri": "https://REDACTED/v1/threads/thread_lGb5XwFWopo2kVTKDDwK1ZMc/runs/run_24JiS6Qa854hxydbmqAVtGVf",
      "RequestMethod": "GET",
      "RequestHeaders": {
        "Accept": "application/json",
        "Authorization": "Sanitized",
        "Content-Length": "0",
        "Date": "Mon, 03 Jun 2024 09:45:56 GMT",
        "OpenAI-Beta": "assistants=v2",
        "User-Agent": "azsdk-java-azure-ai-openai-assistants/1.0.0-beta.3 (17.0.7; Windows 11; 10.0)",
        "x-ms-client-request-id": "Sanitized"
      },
      "RequestBody": null,
      "StatusCode": 200,
      "ResponseHeaders": {
        "Alt-Svc": "h3=\":443\"",
        "CF-Cache-Status": "DYNAMIC",
        "CF-RAY": "88dec0d26bb82814-SEA",
        "Connection": "keep-alive",
        "Content-Length": "916",
        "Content-Type": "application/json",
        "Date": "Mon, 03 Jun 2024 09:45:56 GMT",
        "openai-organization": "msft-finetuning-2",
        "openai-processing-ms": "62",
        "openai-version": "2020-10-01",
        "Server": "cloudflare",
        "Strict-Transport-Security": "max-age=15724800; includeSubDomains",
        "X-Request-ID": "req_199c9c00eaaba0c0f87b88dea7d0b933"
      },
      "ResponseBody": {
        "id": "run_24JiS6Qa854hxydbmqAVtGVf",
        "object": "thread.run",
        "created_at": 1717407947,
        "assistant_id": "asst_5geBLf086hobGWsCtipGfxe2",
        "thread_id": "thread_lGb5XwFWopo2kVTKDDwK1ZMc",
        "status": "in_progress",
        "started_at": 1717407948,
        "expires_at": 1717408547,
        "cancelled_at": null,
        "failed_at": null,
        "completed_at": null,
        "required_action": null,
        "last_error": null,
        "model": "gpt-4-1106-preview",
        "instructions": "You are a personal math tutor. Answer questions briefly, in a sentence or less.",
        "tools": [
          {
            "type": "code_interpreter"
          }
        ],
        "tool_resources": {},
        "metadata": {},
        "temperature": 1.0,
        "top_p": 1.0,
        "max_completion_tokens": null,
        "max_prompt_tokens": null,
        "truncation_strategy": {
          "type": "auto",
          "last_messages": null
        },
        "incomplete_details": null,
        "usage": null,
        "response_format": "auto",
        "tool_choice": "auto"
      }
    },
    {
      "RequestUri": "https://REDACTED/v1/threads/thread_lGb5XwFWopo2kVTKDDwK1ZMc/runs/run_24JiS6Qa854hxydbmqAVtGVf",
      "RequestMethod": "GET",
      "RequestHeaders": {
        "Accept": "application/json",
        "Authorization": "Sanitized",
        "Content-Length": "0",
        "Date": "Mon, 03 Jun 2024 09:45:57 GMT",
        "OpenAI-Beta": "assistants=v2",
        "User-Agent": "azsdk-java-azure-ai-openai-assistants/1.0.0-beta.3 (17.0.7; Windows 11; 10.0)",
        "x-ms-client-request-id": "Sanitized"
      },
      "RequestBody": null,
      "StatusCode": 200,
      "ResponseHeaders": {
        "Alt-Svc": "h3=\":443\"",
        "CF-Cache-Status": "DYNAMIC",
        "CF-RAY": "88dec0d69e1e9357-SEA",
        "Connection": "keep-alive",
        "Content-Length": "916",
        "Content-Type": "application/json",
        "Date": "Mon, 03 Jun 2024 09:45:57 GMT",
        "openai-organization": "msft-finetuning-2",
        "openai-processing-ms": "52",
        "openai-version": "2020-10-01",
        "Server": "cloudflare",
        "Strict-Transport-Security": "max-age=15724800; includeSubDomains",
        "X-Request-ID": "req_48c05322511f604c818e521a6150f7a4"
      },
      "ResponseBody": {
        "id": "run_24JiS6Qa854hxydbmqAVtGVf",
        "object": "thread.run",
        "created_at": 1717407947,
        "assistant_id": "asst_5geBLf086hobGWsCtipGfxe2",
        "thread_id": "thread_lGb5XwFWopo2kVTKDDwK1ZMc",
        "status": "in_progress",
        "started_at": 1717407948,
        "expires_at": 1717408547,
        "cancelled_at": null,
        "failed_at": null,
        "completed_at": null,
        "required_action": null,
        "last_error": null,
        "model": "gpt-4-1106-preview",
        "instructions": "You are a personal math tutor. Answer questions briefly, in a sentence or less.",
        "tools": [
          {
            "type": "code_interpreter"
          }
        ],
        "tool_resources": {},
        "metadata": {},
        "temperature": 1.0,
        "top_p": 1.0,
        "max_completion_tokens": null,
        "max_prompt_tokens": null,
        "truncation_strategy": {
          "type": "auto",
          "last_messages": null
        },
        "incomplete_details": null,
        "usage": null,
        "response_format": "auto",
        "tool_choice": "auto"
      }
    },
    {
      "RequestUri": "https://REDACTED/v1/threads/thread_lGb5XwFWopo2kVTKDDwK1ZMc/runs/run_24JiS6Qa854hxydbmqAVtGVf",
      "RequestMethod": "GET",
      "RequestHeaders": {
        "Accept": "application/json",
        "Authorization": "Sanitized",
        "Content-Length": "0",
        "Date": "Mon, 03 Jun 2024 09:45:58 GMT",
        "OpenAI-Beta": "assistants=v2",
        "User-Agent": "azsdk-java-azure-ai-openai-assistants/1.0.0-beta.3 (17.0.7; Windows 11; 10.0)",
        "x-ms-client-request-id": "Sanitized"
      },
      "RequestBody": null,
      "StatusCode": 200,
      "ResponseHeaders": {
        "Alt-Svc": "h3=\":443\"",
        "CF-Cache-Status": "DYNAMIC",
        "CF-RAY": "88dec0da9c4f76ac-SEA",
        "Connection": "keep-alive",
        "Content-Length": "916",
        "Content-Type": "application/json",
        "Date": "Mon, 03 Jun 2024 09:45:58 GMT",
        "openai-organization": "msft-finetuning-2",
        "openai-processing-ms": "43",
        "openai-version": "2020-10-01",
        "Server": "cloudflare",
        "Strict-Transport-Security": "max-age=15724800; includeSubDomains",
        "X-Request-ID": "req_c61a4aa2d980b01b03238524d00084ec"
      },
      "ResponseBody": {
        "id": "run_24JiS6Qa854hxydbmqAVtGVf",
        "object": "thread.run",
        "created_at": 1717407947,
        "assistant_id": "asst_5geBLf086hobGWsCtipGfxe2",
        "thread_id": "thread_lGb5XwFWopo2kVTKDDwK1ZMc",
        "status": "in_progress",
        "started_at": 1717407948,
        "expires_at": 1717408547,
        "cancelled_at": null,
        "failed_at": null,
        "completed_at": null,
        "required_action": null,
        "last_error": null,
        "model": "gpt-4-1106-preview",
        "instructions": "You are a personal math tutor. Answer questions briefly, in a sentence or less.",
        "tools": [
          {
            "type": "code_interpreter"
          }
        ],
        "tool_resources": {},
        "metadata": {},
        "temperature": 1.0,
        "top_p": 1.0,
        "max_completion_tokens": null,
        "max_prompt_tokens": null,
        "truncation_strategy": {
          "type": "auto",
          "last_messages": null
        },
        "incomplete_details": null,
        "usage": null,
        "response_format": "auto",
        "tool_choice": "auto"
      }
    },
    {
      "RequestUri": "https://REDACTED/v1/threads/thread_lGb5XwFWopo2kVTKDDwK1ZMc/runs/run_24JiS6Qa854hxydbmqAVtGVf",
      "RequestMethod": "GET",
      "RequestHeaders": {
        "Accept": "application/json",
        "Authorization": "Sanitized",
        "Content-Length": "0",
        "Date": "Mon, 03 Jun 2024 09:45:58 GMT",
        "OpenAI-Beta": "assistants=v2",
        "User-Agent": "azsdk-java-azure-ai-openai-assistants/1.0.0-beta.3 (17.0.7; Windows 11; 10.0)",
        "x-ms-client-request-id": "Sanitized"
      },
      "RequestBody": null,
      "StatusCode": 200,
      "ResponseHeaders": {
        "Alt-Svc": "h3=\":443\"",
        "CF-Cache-Status": "DYNAMIC",
        "CF-RAY": "88dec0de9bd49357-SEA",
        "Connection": "keep-alive",
        "Content-Length": "916",
        "Content-Type": "application/json",
        "Date": "Mon, 03 Jun 2024 09:45:58 GMT",
        "openai-organization": "msft-finetuning-2",
        "openai-processing-ms": "58",
        "openai-version": "2020-10-01",
        "Server": "cloudflare",
        "Strict-Transport-Security": "max-age=15724800; includeSubDomains",
        "X-Request-ID": "req_30be8c134a93d6f62c7182ede2948f59"
      },
      "ResponseBody": {
        "id": "run_24JiS6Qa854hxydbmqAVtGVf",
        "object": "thread.run",
        "created_at": 1717407947,
        "assistant_id": "asst_5geBLf086hobGWsCtipGfxe2",
        "thread_id": "thread_lGb5XwFWopo2kVTKDDwK1ZMc",
        "status": "in_progress",
        "started_at": 1717407948,
        "expires_at": 1717408547,
        "cancelled_at": null,
        "failed_at": null,
        "completed_at": null,
        "required_action": null,
        "last_error": null,
        "model": "gpt-4-1106-preview",
        "instructions": "You are a personal math tutor. Answer questions briefly, in a sentence or less.",
        "tools": [
          {
            "type": "code_interpreter"
          }
        ],
        "tool_resources": {},
        "metadata": {},
        "temperature": 1.0,
        "top_p": 1.0,
        "max_completion_tokens": null,
        "max_prompt_tokens": null,
        "truncation_strategy": {
          "type": "auto",
          "last_messages": null
        },
        "incomplete_details": null,
        "usage": null,
        "response_format": "auto",
        "tool_choice": "auto"
      }
    },
    {
      "RequestUri": "https://REDACTED/v1/threads/thread_lGb5XwFWopo2kVTKDDwK1ZMc/runs/run_24JiS6Qa854hxydbmqAVtGVf",
      "RequestMethod": "GET",
      "RequestHeaders": {
        "Accept": "application/json",
        "Authorization": "Sanitized",
        "Content-Length": "0",
        "Date": "Mon, 03 Jun 2024 09:45:59 GMT",
        "OpenAI-Beta": "assistants=v2",
        "User-Agent": "azsdk-java-azure-ai-openai-assistants/1.0.0-beta.3 (17.0.7; Windows 11; 10.0)",
        "x-ms-client-request-id": "Sanitized"
      },
      "RequestBody": null,
      "StatusCode": 200,
      "ResponseHeaders": {
        "Alt-Svc": "h3=\":443\"",
        "CF-Cache-Status": "DYNAMIC",
        "CF-RAY": "88dec0e29979a348-SEA",
        "Connection": "keep-alive",
        "Content-Length": "916",
        "Content-Type": "application/json",
        "Date": "Mon, 03 Jun 2024 09:45:59 GMT",
        "openai-organization": "msft-finetuning-2",
        "openai-processing-ms": "75",
        "openai-version": "2020-10-01",
        "Server": "cloudflare",
        "Strict-Transport-Security": "max-age=15724800; includeSubDomains",
        "X-Request-ID": "req_ea14d51979235e5c220d3f98787309d7"
      },
      "ResponseBody": {
        "id": "run_24JiS6Qa854hxydbmqAVtGVf",
        "object": "thread.run",
        "created_at": 1717407947,
        "assistant_id": "asst_5geBLf086hobGWsCtipGfxe2",
        "thread_id": "thread_lGb5XwFWopo2kVTKDDwK1ZMc",
        "status": "in_progress",
        "started_at": 1717407948,
        "expires_at": 1717408547,
        "cancelled_at": null,
        "failed_at": null,
        "completed_at": null,
        "required_action": null,
        "last_error": null,
        "model": "gpt-4-1106-preview",
        "instructions": "You are a personal math tutor. Answer questions briefly, in a sentence or less.",
        "tools": [
          {
            "type": "code_interpreter"
          }
        ],
        "tool_resources": {},
        "metadata": {},
        "temperature": 1.0,
        "top_p": 1.0,
        "max_completion_tokens": null,
        "max_prompt_tokens": null,
        "truncation_strategy": {
          "type": "auto",
          "last_messages": null
        },
        "incomplete_details": null,
        "usage": null,
        "response_format": "auto",
        "tool_choice": "auto"
      }
    },
    {
      "RequestUri": "https://REDACTED/v1/threads/thread_lGb5XwFWopo2kVTKDDwK1ZMc/runs/run_24JiS6Qa854hxydbmqAVtGVf",
      "RequestMethod": "GET",
      "RequestHeaders": {
        "Accept": "application/json",
        "Authorization": "Sanitized",
        "Content-Length": "0",
        "Date": "Mon, 03 Jun 2024 09:46:00 GMT",
        "OpenAI-Beta": "assistants=v2",
        "User-Agent": "azsdk-java-azure-ai-openai-assistants/1.0.0-beta.3 (17.0.7; Windows 11; 10.0)",
        "x-ms-client-request-id": "Sanitized"
      },
      "RequestBody": null,
      "StatusCode": 200,
      "ResponseHeaders": {
        "Alt-Svc": "h3=\":443\"",
        "CF-Cache-Status": "DYNAMIC",
        "CF-RAY": "88dec0e6b95d9357-SEA",
        "Connection": "keep-alive",
        "Content-Length": "916",
        "Content-Type": "application/json",
        "Date": "Mon, 03 Jun 2024 09:46:00 GMT",
        "openai-organization": "msft-finetuning-2",
        "openai-processing-ms": "76",
        "openai-version": "2020-10-01",
        "Server": "cloudflare",
        "Strict-Transport-Security": "max-age=15724800; includeSubDomains",
        "X-Request-ID": "req_9565b69d21952155993ee1f61799f043"
      },
      "ResponseBody": {
        "id": "run_24JiS6Qa854hxydbmqAVtGVf",
        "object": "thread.run",
        "created_at": 1717407947,
        "assistant_id": "asst_5geBLf086hobGWsCtipGfxe2",
        "thread_id": "thread_lGb5XwFWopo2kVTKDDwK1ZMc",
        "status": "in_progress",
        "started_at": 1717407948,
        "expires_at": 1717408547,
        "cancelled_at": null,
        "failed_at": null,
        "completed_at": null,
        "required_action": null,
        "last_error": null,
        "model": "gpt-4-1106-preview",
        "instructions": "You are a personal math tutor. Answer questions briefly, in a sentence or less.",
        "tools": [
          {
            "type": "code_interpreter"
          }
        ],
        "tool_resources": {},
        "metadata": {},
        "temperature": 1.0,
        "top_p": 1.0,
        "max_completion_tokens": null,
        "max_prompt_tokens": null,
        "truncation_strategy": {
          "type": "auto",
          "last_messages": null
        },
        "incomplete_details": null,
        "usage": null,
        "response_format": "auto",
        "tool_choice": "auto"
      }
    },
    {
      "RequestUri": "https://REDACTED/v1/threads/thread_lGb5XwFWopo2kVTKDDwK1ZMc/runs/run_24JiS6Qa854hxydbmqAVtGVf",
      "RequestMethod": "GET",
      "RequestHeaders": {
        "Accept": "application/json",
        "Authorization": "Sanitized",
        "Content-Length": "0",
        "Date": "Mon, 03 Jun 2024 09:46:00 GMT",
        "OpenAI-Beta": "assistants=v2",
        "User-Agent": "azsdk-java-azure-ai-openai-assistants/1.0.0-beta.3 (17.0.7; Windows 11; 10.0)",
        "x-ms-client-request-id": "Sanitized"
      },
      "RequestBody": null,
      "StatusCode": 200,
      "ResponseHeaders": {
        "Alt-Svc": "h3=\":443\"",
        "CF-Cache-Status": "DYNAMIC",
        "CF-RAY": "88dec0eaeab076ac-SEA",
        "Connection": "keep-alive",
        "Content-Length": "916",
        "Content-Type": "application/json",
        "Date": "Mon, 03 Jun 2024 09:46:00 GMT",
        "openai-organization": "msft-finetuning-2",
        "openai-processing-ms": "44",
        "openai-version": "2020-10-01",
        "Server": "cloudflare",
        "Strict-Transport-Security": "max-age=15724800; includeSubDomains",
        "X-Request-ID": "req_9c8a8a93191654e1d40f4e33ecef6ad3"
      },
      "ResponseBody": {
        "id": "run_24JiS6Qa854hxydbmqAVtGVf",
        "object": "thread.run",
        "created_at": 1717407947,
        "assistant_id": "asst_5geBLf086hobGWsCtipGfxe2",
        "thread_id": "thread_lGb5XwFWopo2kVTKDDwK1ZMc",
        "status": "in_progress",
        "started_at": 1717407948,
        "expires_at": 1717408547,
        "cancelled_at": null,
        "failed_at": null,
        "completed_at": null,
        "required_action": null,
        "last_error": null,
        "model": "gpt-4-1106-preview",
        "instructions": "You are a personal math tutor. Answer questions briefly, in a sentence or less.",
        "tools": [
          {
            "type": "code_interpreter"
          }
        ],
        "tool_resources": {},
        "metadata": {},
        "temperature": 1.0,
        "top_p": 1.0,
        "max_completion_tokens": null,
        "max_prompt_tokens": null,
        "truncation_strategy": {
          "type": "auto",
          "last_messages": null
        },
        "incomplete_details": null,
        "usage": null,
        "response_format": "auto",
        "tool_choice": "auto"
      }
    },
    {
      "RequestUri": "https://REDACTED/v1/threads/thread_lGb5XwFWopo2kVTKDDwK1ZMc/runs/run_24JiS6Qa854hxydbmqAVtGVf",
      "RequestMethod": "GET",
      "RequestHeaders": {
        "Accept": "application/json",
        "Authorization": "Sanitized",
        "Content-Length": "0",
        "Date": "Mon, 03 Jun 2024 09:46:01 GMT",
        "OpenAI-Beta": "assistants=v2",
        "User-Agent": "azsdk-java-azure-ai-openai-assistants/1.0.0-beta.3 (17.0.7; Windows 11; 10.0)",
        "x-ms-client-request-id": "Sanitized"
      },
      "RequestBody": null,
      "StatusCode": 200,
      "ResponseHeaders": {
        "Alt-Svc": "h3=\":443\"",
        "CF-Cache-Status": "DYNAMIC",
        "CF-RAY": "88dec0eec84d2814-SEA",
        "Connection": "keep-alive",
        "Content-Length": "916",
        "Content-Type": "application/json",
        "Date": "Mon, 03 Jun 2024 09:46:01 GMT",
        "openai-organization": "msft-finetuning-2",
        "openai-processing-ms": "47",
        "openai-version": "2020-10-01",
        "Server": "cloudflare",
        "Strict-Transport-Security": "max-age=15724800; includeSubDomains",
        "X-Request-ID": "req_aafdfe399673529f482f3f86974297f8"
      },
      "ResponseBody": {
        "id": "run_24JiS6Qa854hxydbmqAVtGVf",
        "object": "thread.run",
        "created_at": 1717407947,
        "assistant_id": "asst_5geBLf086hobGWsCtipGfxe2",
        "thread_id": "thread_lGb5XwFWopo2kVTKDDwK1ZMc",
        "status": "in_progress",
        "started_at": 1717407948,
        "expires_at": 1717408547,
        "cancelled_at": null,
        "failed_at": null,
        "completed_at": null,
        "required_action": null,
        "last_error": null,
        "model": "gpt-4-1106-preview",
        "instructions": "You are a personal math tutor. Answer questions briefly, in a sentence or less.",
        "tools": [
          {
            "type": "code_interpreter"
          }
        ],
        "tool_resources": {},
        "metadata": {},
        "temperature": 1.0,
        "top_p": 1.0,
        "max_completion_tokens": null,
        "max_prompt_tokens": null,
        "truncation_strategy": {
          "type": "auto",
          "last_messages": null
        },
        "incomplete_details": null,
        "usage": null,
        "response_format": "auto",
        "tool_choice": "auto"
      }
    },
    {
      "RequestUri": "https://REDACTED/v1/threads/thread_lGb5XwFWopo2kVTKDDwK1ZMc/runs/run_24JiS6Qa854hxydbmqAVtGVf",
      "RequestMethod": "GET",
      "RequestHeaders": {
        "Accept": "application/json",
        "Authorization": "Sanitized",
        "Content-Length": "0",
        "Date": "Mon, 03 Jun 2024 09:46:02 GMT",
        "OpenAI-Beta": "assistants=v2",
        "User-Agent": "azsdk-java-azure-ai-openai-assistants/1.0.0-beta.3 (17.0.7; Windows 11; 10.0)",
        "x-ms-client-request-id": "Sanitized"
      },
      "RequestBody": null,
      "StatusCode": 200,
      "ResponseHeaders": {
        "Alt-Svc": "h3=\":443\"",
        "CF-Cache-Status": "DYNAMIC",
        "CF-RAY": "88dec0f2bc1d2814-SEA",
        "Connection": "keep-alive",
        "Content-Length": "994",
        "Content-Type": "application/json",
        "Date": "Mon, 03 Jun 2024 09:46:02 GMT",
        "openai-organization": "msft-finetuning-2",
        "openai-processing-ms": "45",
        "openai-version": "2020-10-01",
        "Server": "cloudflare",
        "Strict-Transport-Security": "max-age=15724800; includeSubDomains",
        "X-Request-ID": "req_466f955188e90eab8ad5047e48c3dcbe"
      },
      "ResponseBody": {
        "id": "run_24JiS6Qa854hxydbmqAVtGVf",
        "object": "thread.run",
        "created_at": 1717407947,
        "assistant_id": "asst_5geBLf086hobGWsCtipGfxe2",
        "thread_id": "thread_lGb5XwFWopo2kVTKDDwK1ZMc",
        "status": "completed",
        "started_at": 1717407948,
        "expires_at": null,
        "cancelled_at": null,
        "failed_at": null,
        "completed_at": 1717407961,
        "required_action": null,
        "last_error": null,
        "model": "gpt-4-1106-preview",
        "instructions": "You are a personal math tutor. Answer questions briefly, in a sentence or less.",
        "tools": [
          {
            "type": "code_interpreter"
          }
        ],
        "tool_resources": {},
        "metadata": {},
        "temperature": 1.0,
        "top_p": 1.0,
        "max_completion_tokens": null,
        "max_prompt_tokens": null,
        "truncation_strategy": {
          "type": "auto",
          "last_messages": null
        },
        "incomplete_details": null,
        "usage": {
          "prompt_tokens": 366,
          "completion_tokens": 86,
          "total_tokens": 452
        },
        "response_format": "auto",
        "tool_choice": "auto"
      }
    },
    {
      "RequestUri": "https://REDACTED/v1/threads/thread_lGb5XwFWopo2kVTKDDwK1ZMc/messages",
      "RequestMethod": "GET",
      "RequestHeaders": {
        "Accept": "application/json",
        "Authorization": "Sanitized",
        "Content-Length": "0",
        "Date": "Mon, 03 Jun 2024 09:46:02 GMT",
        "OpenAI-Beta": "assistants=v2",
        "User-Agent": "azsdk-java-azure-ai-openai-assistants/1.0.0-beta.3 (17.0.7; Windows 11; 10.0)",
        "x-ms-client-request-id": "Sanitized"
      },
      "RequestBody": null,
      "StatusCode": 200,
      "ResponseHeaders": {
        "Alt-Svc": "h3=\":443\"",
        "CF-Cache-Status": "DYNAMIC",
        "CF-RAY": "88dec0f69c8e9357-SEA",
        "Connection": "keep-alive",
        "Content-Length": "1244",
        "Content-Type": "application/json",
        "Date": "Mon, 03 Jun 2024 09:46:02 GMT",
        "openai-organization": "msft-finetuning-2",
        "openai-processing-ms": "44",
        "openai-version": "2020-10-01",
        "Server": "cloudflare",
        "Strict-Transport-Security": "max-age=15724800; includeSubDomains",
        "X-Request-ID": "req_8aec37923c9ff67e519df78aab800e79"
      },
      "ResponseBody": {
        "object": "list",
        "data": [
          {
            "id": "msg_cVeABAPjFfxsmrfZRU1WIYou",
            "object": "thread.message",
            "created_at": 1717407961,
            "assistant_id": "asst_5geBLf086hobGWsCtipGfxe2",
            "thread_id": "thread_lGb5XwFWopo2kVTKDDwK1ZMc",
            "run_id": "run_24JiS6Qa854hxydbmqAVtGVf",
            "role": "assistant",
            "content": [
              {
                "type": "text",
                "text": {
                  "value": "The solution to the equation \\(3x + 11 = 14\\) is \\(x = 1\\).",
                  "annotations": []
                }
              }
            ],
            "attachments": [],
            "metadata": {}
          },
          {
            "id": "msg_KkCJ8ElrdXP2aHms3hT0X3aJ",
            "object": "thread.message",
            "created_at": 1717407947,
            "assistant_id": null,
            "thread_id": "thread_lGb5XwFWopo2kVTKDDwK1ZMc",
            "run_id": null,
            "role": "user",
            "content": [
              {
                "type": "text",
                "text": {
                  "value": "I need to solve the equation `3x + 11 = 14`. Can you help me?",
                  "annotations": []
                }
              }
            ],
            "attachments": [],
            "metadata": {}
          }
        ],
        "first_id": "msg_cVeABAPjFfxsmrfZRU1WIYou",
        "last_id": "msg_KkCJ8ElrdXP2aHms3hT0X3aJ",
        "has_more": false
      }
    },
    {
      "RequestUri": "https://REDACTED/v1/threads/thread_lGb5XwFWopo2kVTKDDwK1ZMc",
      "RequestMethod": "DELETE",
      "RequestHeaders": {
        "Accept": "application/json",
        "Authorization": "Sanitized",
        "Content-Length": "0",
        "Date": "Mon, 03 Jun 2024 09:46:02 GMT",
        "OpenAI-Beta": "assistants=v2",
        "User-Agent": "azsdk-java-azure-ai-openai-assistants/1.0.0-beta.3 (17.0.7; Windows 11; 10.0)",
        "x-ms-client-request-id": "Sanitized"
      },
      "RequestBody": null,
      "StatusCode": 200,
      "ResponseHeaders": {
        "Alt-Svc": "h3=\":443\"",
        "CF-Cache-Status": "DYNAMIC",
        "CF-RAY": "88dec0f76d0d9357-SEA",
        "Connection": "keep-alive",
        "Content-Length": "94",
        "Content-Type": "application/json",
        "Date": "Mon, 03 Jun 2024 09:46:02 GMT",
        "openai-organization": "msft-finetuning-2",
        "openai-processing-ms": "60",
        "openai-version": "2020-10-01",
        "Server": "cloudflare",
        "Strict-Transport-Security": "max-age=15724800; includeSubDomains",
        "X-Request-ID": "req_58b44a9eb96f8b9dcd12939b691da168"
      },
      "ResponseBody": {
        "id": "thread_lGb5XwFWopo2kVTKDDwK1ZMc",
        "object": "thread.deleted",
        "deleted": true
      }
    },
    {
      "RequestUri": "https://REDACTED/v1/assistants/asst_5geBLf086hobGWsCtipGfxe2",
      "RequestMethod": "DELETE",
      "RequestHeaders": {
        "Accept": "application/json",
        "Authorization": "Sanitized",
        "Content-Length": "0",
        "Date": "Mon, 03 Jun 2024 09:46:02 GMT",
        "OpenAI-Beta": "assistants=v2",
        "User-Agent": "azsdk-java-azure-ai-openai-assistants/1.0.0-beta.3 (17.0.7; Windows 11; 10.0)",
        "x-ms-client-request-id": "Sanitized"
      },
      "RequestBody": null,
      "StatusCode": 200,
      "ResponseHeaders": {
        "Alt-Svc": "h3=\":443\"",
        "CF-Cache-Status": "DYNAMIC",
        "CF-RAY": "88dec0f83d9c9357-SEA",
        "Connection": "keep-alive",
        "Content-Length": "95",
        "Content-Type": "application/json",
        "Date": "Mon, 03 Jun 2024 09:46:03 GMT",
        "openai-organization": "msft-finetuning-2",
        "openai-processing-ms": "55",
        "openai-version": "2020-10-01",
        "Server": "cloudflare",
        "Strict-Transport-Security": "max-age=15724800; includeSubDomains",
        "X-Request-ID": "req_cea73c13516b286c22c1b747fe1f3f6e"
      },
      "ResponseBody": {
        "id": "asst_5geBLf086hobGWsCtipGfxe2",
        "object": "assistant.deleted",
        "deleted": true
      }
    }
  ],
  "Variables": {}
}
