{
  "Entries": [
    {
      "RequestUri": "https://endpoint/translator/document/batches?api-version=2024-05-01",
      "RequestMethod": "POST",
      "RequestHeaders": {
        "Accept": "application/json",
        "Accept-Encoding": "gzip,deflate",
        "Authorization": "Sanitized",
        "Connection": "keep-alive",
        "Content-Length": "187",
        "Content-Type": "application/json",
        "User-Agent": "azsdk-js-ai-translation-document-rest/1.0.0 core-rest-pipeline/1.19.2 Node/20.18.0 OS/(x64-Linux-5.15.167.4-microsoft-standard-WSL2)",
        "x-ms-client-request-id": "fcbf1397-9780-461b-9ff1-374f434d7eca"
      },
      "RequestBody": {
        "inputs": [
          {
            "source": {
              "sourceUrl": "https://blob.endpoint/source-container1",
              "filter": {
                "suffix": "txt"
              }
            },
            "targets": [
              {
                "targetUrl": "https://blob.endpoint/target-container8",
                "language": "fr"
              }
            ]
          }
        ]
      },
      "StatusCode": 202,
      "ResponseHeaders": {
        "apim-request-id": "c3d92792-b87b-497f-abad-9aa1d3c2252c",
        "Content-Type": "application/json; charset=utf-8",
        "Date": "Wed, 02 Apr 2025 00:42:45 GMT",
        "operation-location": "https://endpoint/translator/document/batches/235534eb-50ac-434b-8134-e6c9d063deda?api-version=2024-05-01",
        "Strict-Transport-Security": "max-age=31536000; includeSubDomains; preload",
        "Transfer-Encoding": "chunked",
        "X-Content-Type-Options": "nosniff",
        "x-envoy-upstream-service-time": "390",
        "x-ms-region": "West US",
        "x-requestid": "c3d92792-b87b-497f-abad-9aa1d3c2252c"
      },
      "ResponseBody": {
        "id": "235534eb-50ac-434b-8134-e6c9d063deda",
        "status": "NotStarted"
      }
    },
    {
      "RequestUri": "https://endpoint/translator/document/batches/235534eb-50ac-434b-8134-e6c9d063deda?api-version=2024-05-01",
      "RequestMethod": "GET",
      "RequestHeaders": {
        "Accept": "application/json",
        "Accept-Encoding": "gzip,deflate",
        "Authorization": "Sanitized",
        "Connection": "keep-alive",
        "User-Agent": "azsdk-js-ai-translation-document-rest/1.0.0 core-rest-pipeline/1.19.2 Node/20.18.0 OS/(x64-Linux-5.15.167.4-microsoft-standard-WSL2)",
        "x-ms-client-request-id": "3ffe4043-5b7a-42ce-b63b-bc873d0d67b2"
      },
      "RequestBody": null,
      "StatusCode": 200,
      "ResponseHeaders": {
        "apim-request-id": "d5de021b-93b3-491a-809c-a353cd8690bd",
        "Content-Type": "application/json; charset=utf-8",
        "Date": "Wed, 02 Apr 2025 00:42:45 GMT",
        "ETag": "\"957F7B882EB7855E478152729DDF2DA76ED222C9CCDD0F3B3CAAAF297FEE7DD8\"",
        "Retry-After": "1",
        "Strict-Transport-Security": "max-age=31536000; includeSubDomains; preload",
        "Transfer-Encoding": "chunked",
        "X-Content-Type-Options": "nosniff",
        "x-envoy-upstream-service-time": "329",
        "x-ms-region": "West US",
        "x-requestid": "d5de021b-93b3-491a-809c-a353cd8690bd"
      },
      "ResponseBody": {
        "id": "235534eb-50ac-434b-8134-e6c9d063deda",
        "createdDateTimeUtc": "2025-04-02T00:42:45.3508878Z",
        "lastActionDateTimeUtc": "2025-04-02T00:42:45.3508879Z",
        "status": "NotStarted",
        "summary": {
          "total": 0,
          "failed": 0,
          "success": 0,
          "inProgress": 0,
          "notYetStarted": 0,
          "cancelled": 0,
          "totalCharacterCharged": 0
        }
      }
    },
    {
      "RequestUri": "https://endpoint/translator/document/batches/235534eb-50ac-434b-8134-e6c9d063deda?api-version=2024-05-01",
      "RequestMethod": "GET",
      "RequestHeaders": {
        "Accept": "application/json",
        "Accept-Encoding": "gzip,deflate",
        "Authorization": "Sanitized",
        "Connection": "keep-alive",
        "User-Agent": "azsdk-js-ai-translation-document-rest/1.0.0 core-rest-pipeline/1.19.2 Node/20.18.0 OS/(x64-Linux-5.15.167.4-microsoft-standard-WSL2)",
        "x-ms-client-request-id": "3677b546-81f3-457a-a4fc-8bd17efa56d9"
      },
      "RequestBody": null,
      "StatusCode": 200,
      "ResponseHeaders": {
        "Age": "1",
        "apim-request-id": "2cdd40dd-135d-4ae8-8011-232a36e9c6f1",
        "Content-Length": "292",
        "Content-Type": "application/json; charset=utf-8",
        "Date": "Wed, 02 Apr 2025 00:42:46 GMT",
        "ETag": "\"957F7B882EB7855E478152729DDF2DA76ED222C9CCDD0F3B3CAAAF297FEE7DD8\"",
        "Retry-After": "1",
        "Strict-Transport-Security": "max-age=31536000; includeSubDomains; preload",
        "X-Content-Type-Options": "nosniff",
        "x-envoy-upstream-service-time": "2",
        "x-ms-region": "West US",
        "x-requestid": "2cdd40dd-135d-4ae8-8011-232a36e9c6f1"
      },
      "ResponseBody": {
        "id": "235534eb-50ac-434b-8134-e6c9d063deda",
        "createdDateTimeUtc": "2025-04-02T00:42:45.3508878Z",
        "lastActionDateTimeUtc": "2025-04-02T00:42:45.3508879Z",
        "status": "NotStarted",
        "summary": {
          "total": 0,
          "failed": 0,
          "success": 0,
          "inProgress": 0,
          "notYetStarted": 0,
          "cancelled": 0,
          "totalCharacterCharged": 0
        }
      }
    },
    {
      "RequestUri": "https://endpoint/translator/document/batches/235534eb-50ac-434b-8134-e6c9d063deda?api-version=2024-05-01",
      "RequestMethod": "GET",
      "RequestHeaders": {
        "Accept": "application/json",
        "Accept-Encoding": "gzip,deflate",
        "Authorization": "Sanitized",
        "Connection": "keep-alive",
        "User-Agent": "azsdk-js-ai-translation-document-rest/1.0.0 core-rest-pipeline/1.19.2 Node/20.18.0 OS/(x64-Linux-5.15.167.4-microsoft-standard-WSL2)",
        "x-ms-client-request-id": "9605be6d-9258-4f57-a771-c4af8176cd51"
      },
      "RequestBody": null,
      "StatusCode": 200,
      "ResponseHeaders": {
        "Age": "2",
        "apim-request-id": "29053234-7fee-4520-b41a-6e72930e3c91",
        "Content-Length": "292",
        "Content-Type": "application/json; charset=utf-8",
        "Date": "Wed, 02 Apr 2025 00:42:47 GMT",
        "ETag": "\"957F7B882EB7855E478152729DDF2DA76ED222C9CCDD0F3B3CAAAF297FEE7DD8\"",
        "Retry-After": "1",
        "Strict-Transport-Security": "max-age=31536000; includeSubDomains; preload",
        "X-Content-Type-Options": "nosniff",
        "x-envoy-upstream-service-time": "2",
        "x-ms-region": "West US",
        "x-requestid": "29053234-7fee-4520-b41a-6e72930e3c91"
      },
      "ResponseBody": {
        "id": "235534eb-50ac-434b-8134-e6c9d063deda",
        "createdDateTimeUtc": "2025-04-02T00:42:45.3508878Z",
        "lastActionDateTimeUtc": "2025-04-02T00:42:45.3508879Z",
        "status": "NotStarted",
        "summary": {
          "total": 0,
          "failed": 0,
          "success": 0,
          "inProgress": 0,
          "notYetStarted": 0,
          "cancelled": 0,
          "totalCharacterCharged": 0
        }
      }
    },
    {
      "RequestUri": "https://endpoint/translator/document/batches/235534eb-50ac-434b-8134-e6c9d063deda?api-version=2024-05-01",
      "RequestMethod": "GET",
      "RequestHeaders": {
        "Accept": "application/json",
        "Accept-Encoding": "gzip,deflate",
        "Authorization": "Sanitized",
        "Connection": "keep-alive",
        "User-Agent": "azsdk-js-ai-translation-document-rest/1.0.0 core-rest-pipeline/1.19.2 Node/20.18.0 OS/(x64-Linux-5.15.167.4-microsoft-standard-WSL2)",
        "x-ms-client-request-id": "cf4d876c-39c6-4b07-90b9-fb915269c0c7"
      },
      "RequestBody": null,
      "StatusCode": 200,
      "ResponseHeaders": {
        "Age": "3",
        "apim-request-id": "e0bc9088-dc3e-47d1-b97a-72ebfc088e23",
        "Content-Length": "292",
        "Content-Type": "application/json; charset=utf-8",
        "Date": "Wed, 02 Apr 2025 00:42:49 GMT",
        "ETag": "\"957F7B882EB7855E478152729DDF2DA76ED222C9CCDD0F3B3CAAAF297FEE7DD8\"",
        "Retry-After": "1",
        "Strict-Transport-Security": "max-age=31536000; includeSubDomains; preload",
        "X-Content-Type-Options": "nosniff",
        "x-envoy-upstream-service-time": "2",
        "x-ms-region": "West US",
        "x-requestid": "e0bc9088-dc3e-47d1-b97a-72ebfc088e23"
      },
      "ResponseBody": {
        "id": "235534eb-50ac-434b-8134-e6c9d063deda",
        "createdDateTimeUtc": "2025-04-02T00:42:45.3508878Z",
        "lastActionDateTimeUtc": "2025-04-02T00:42:45.3508879Z",
        "status": "NotStarted",
        "summary": {
          "total": 0,
          "failed": 0,
          "success": 0,
          "inProgress": 0,
          "notYetStarted": 0,
          "cancelled": 0,
          "totalCharacterCharged": 0
        }
      }
    },
    {
      "RequestUri": "https://endpoint/translator/document/batches/235534eb-50ac-434b-8134-e6c9d063deda?api-version=2024-05-01",
      "RequestMethod": "GET",
      "RequestHeaders": {
        "Accept": "application/json",
        "Accept-Encoding": "gzip,deflate",
        "Authorization": "Sanitized",
        "Connection": "keep-alive",
        "User-Agent": "azsdk-js-ai-translation-document-rest/1.0.0 core-rest-pipeline/1.19.2 Node/20.18.0 OS/(x64-Linux-5.15.167.4-microsoft-standard-WSL2)",
        "x-ms-client-request-id": "bb6abc28-63c8-42c4-84c0-e2a84d992b6c"
      },
      "RequestBody": null,
      "StatusCode": 200,
      "ResponseHeaders": {
        "Age": "4",
        "apim-request-id": "f8916975-7ece-4430-9bff-9f6fbd045b85",
        "Content-Length": "292",
        "Content-Type": "application/json; charset=utf-8",
        "Date": "Wed, 02 Apr 2025 00:42:50 GMT",
        "ETag": "\"957F7B882EB7855E478152729DDF2DA76ED222C9CCDD0F3B3CAAAF297FEE7DD8\"",
        "Retry-After": "1",
        "Strict-Transport-Security": "max-age=31536000; includeSubDomains; preload",
        "X-Content-Type-Options": "nosniff",
        "x-envoy-upstream-service-time": "2",
        "x-ms-region": "West US",
        "x-requestid": "f8916975-7ece-4430-9bff-9f6fbd045b85"
      },
      "ResponseBody": {
        "id": "235534eb-50ac-434b-8134-e6c9d063deda",
        "createdDateTimeUtc": "2025-04-02T00:42:45.3508878Z",
        "lastActionDateTimeUtc": "2025-04-02T00:42:45.3508879Z",
        "status": "NotStarted",
        "summary": {
          "total": 0,
          "failed": 0,
          "success": 0,
          "inProgress": 0,
          "notYetStarted": 0,
          "cancelled": 0,
          "totalCharacterCharged": 0
        }
      }
    },
    {
      "RequestUri": "https://endpoint/translator/document/batches/235534eb-50ac-434b-8134-e6c9d063deda?api-version=2024-05-01",
      "RequestMethod": "GET",
      "RequestHeaders": {
        "Accept": "application/json",
        "Accept-Encoding": "gzip,deflate",
        "Authorization": "Sanitized",
        "Connection": "keep-alive",
        "User-Agent": "azsdk-js-ai-translation-document-rest/1.0.0 core-rest-pipeline/1.19.2 Node/20.18.0 OS/(x64-Linux-5.15.167.4-microsoft-standard-WSL2)",
        "x-ms-client-request-id": "a2a8cb18-16b5-4c95-861b-e3df61498197"
      },
      "RequestBody": null,
      "StatusCode": 200,
      "ResponseHeaders": {
        "Age": "5",
        "apim-request-id": "2ba62721-5b54-4be3-ac34-d40376961b48",
        "Content-Length": "292",
        "Content-Type": "application/json; charset=utf-8",
        "Date": "Wed, 02 Apr 2025 00:42:51 GMT",
        "ETag": "\"957F7B882EB7855E478152729DDF2DA76ED222C9CCDD0F3B3CAAAF297FEE7DD8\"",
        "Retry-After": "1",
        "Strict-Transport-Security": "max-age=31536000; includeSubDomains; preload",
        "X-Content-Type-Options": "nosniff",
        "x-envoy-upstream-service-time": "2",
        "x-ms-region": "West US",
        "x-requestid": "2ba62721-5b54-4be3-ac34-d40376961b48"
      },
      "ResponseBody": {
        "id": "235534eb-50ac-434b-8134-e6c9d063deda",
        "createdDateTimeUtc": "2025-04-02T00:42:45.3508878Z",
        "lastActionDateTimeUtc": "2025-04-02T00:42:45.3508879Z",
        "status": "NotStarted",
        "summary": {
          "total": 0,
          "failed": 0,
          "success": 0,
          "inProgress": 0,
          "notYetStarted": 0,
          "cancelled": 0,
          "totalCharacterCharged": 0
        }
      }
    },
    {
      "RequestUri": "https://endpoint/translator/document/batches/235534eb-50ac-434b-8134-e6c9d063deda?api-version=2024-05-01",
      "RequestMethod": "GET",
      "RequestHeaders": {
        "Accept": "application/json",
        "Accept-Encoding": "gzip,deflate",
        "Authorization": "Sanitized",
        "Connection": "keep-alive",
        "User-Agent": "azsdk-js-ai-translation-document-rest/1.0.0 core-rest-pipeline/1.19.2 Node/20.18.0 OS/(x64-Linux-5.15.167.4-microsoft-standard-WSL2)",
        "x-ms-client-request-id": "1e73802e-bc5f-4e84-9ce7-50622b1c1257"
      },
      "RequestBody": null,
      "StatusCode": 200,
      "ResponseHeaders": {
        "Age": "6",
        "apim-request-id": "5eb7638a-da4c-4d94-a9ea-55782719ad9f",
        "Content-Length": "292",
        "Content-Type": "application/json; charset=utf-8",
        "Date": "Wed, 02 Apr 2025 00:42:52 GMT",
        "ETag": "\"957F7B882EB7855E478152729DDF2DA76ED222C9CCDD0F3B3CAAAF297FEE7DD8\"",
        "Retry-After": "1",
        "Strict-Transport-Security": "max-age=31536000; includeSubDomains; preload",
        "X-Content-Type-Options": "nosniff",
        "x-envoy-upstream-service-time": "2",
        "x-ms-region": "West US",
        "x-requestid": "5eb7638a-da4c-4d94-a9ea-55782719ad9f"
      },
      "ResponseBody": {
        "id": "235534eb-50ac-434b-8134-e6c9d063deda",
        "createdDateTimeUtc": "2025-04-02T00:42:45.3508878Z",
        "lastActionDateTimeUtc": "2025-04-02T00:42:45.3508879Z",
        "status": "NotStarted",
        "summary": {
          "total": 0,
          "failed": 0,
          "success": 0,
          "inProgress": 0,
          "notYetStarted": 0,
          "cancelled": 0,
          "totalCharacterCharged": 0
        }
      }
    },
    {
      "RequestUri": "https://endpoint/translator/document/batches/235534eb-50ac-434b-8134-e6c9d063deda?api-version=2024-05-01",
      "RequestMethod": "GET",
      "RequestHeaders": {
        "Accept": "application/json",
        "Accept-Encoding": "gzip,deflate",
        "Authorization": "Sanitized",
        "Connection": "keep-alive",
        "User-Agent": "azsdk-js-ai-translation-document-rest/1.0.0 core-rest-pipeline/1.19.2 Node/20.18.0 OS/(x64-Linux-5.15.167.4-microsoft-standard-WSL2)",
        "x-ms-client-request-id": "acd71c93-648d-4f1c-925b-7f31d688525a"
      },
      "RequestBody": null,
      "StatusCode": 200,
      "ResponseHeaders": {
        "Age": "7",
        "apim-request-id": "67710103-bd7d-490a-b90a-e5e623ba5d55",
        "Content-Length": "292",
        "Content-Type": "application/json; charset=utf-8",
        "Date": "Wed, 02 Apr 2025 00:42:53 GMT",
        "ETag": "\"957F7B882EB7855E478152729DDF2DA76ED222C9CCDD0F3B3CAAAF297FEE7DD8\"",
        "Retry-After": "1",
        "Strict-Transport-Security": "max-age=31536000; includeSubDomains; preload",
        "X-Content-Type-Options": "nosniff",
        "x-envoy-upstream-service-time": "2",
        "x-ms-region": "West US",
        "x-requestid": "67710103-bd7d-490a-b90a-e5e623ba5d55"
      },
      "ResponseBody": {
        "id": "235534eb-50ac-434b-8134-e6c9d063deda",
        "createdDateTimeUtc": "2025-04-02T00:42:45.3508878Z",
        "lastActionDateTimeUtc": "2025-04-02T00:42:45.3508879Z",
        "status": "NotStarted",
        "summary": {
          "total": 0,
          "failed": 0,
          "success": 0,
          "inProgress": 0,
          "notYetStarted": 0,
          "cancelled": 0,
          "totalCharacterCharged": 0
        }
      }
    },
    {
      "RequestUri": "https://endpoint/translator/document/batches/235534eb-50ac-434b-8134-e6c9d063deda?api-version=2024-05-01",
      "RequestMethod": "GET",
      "RequestHeaders": {
        "Accept": "application/json",
        "Accept-Encoding": "gzip,deflate",
        "Authorization": "Sanitized",
        "Connection": "keep-alive",
        "User-Agent": "azsdk-js-ai-translation-document-rest/1.0.0 core-rest-pipeline/1.19.2 Node/20.18.0 OS/(x64-Linux-5.15.167.4-microsoft-standard-WSL2)",
        "x-ms-client-request-id": "0782e249-69a4-4b2c-9224-618995be8ec3"
      },
      "RequestBody": null,
      "StatusCode": 200,
      "ResponseHeaders": {
        "Age": "8",
        "apim-request-id": "c8de45ad-85c0-49f6-b10b-f1d389da6132",
        "Content-Length": "292",
        "Content-Type": "application/json; charset=utf-8",
        "Date": "Wed, 02 Apr 2025 00:42:54 GMT",
        "ETag": "\"957F7B882EB7855E478152729DDF2DA76ED222C9CCDD0F3B3CAAAF297FEE7DD8\"",
        "Retry-After": "1",
        "Strict-Transport-Security": "max-age=31536000; includeSubDomains; preload",
        "X-Content-Type-Options": "nosniff",
        "x-envoy-upstream-service-time": "2",
        "x-ms-region": "West US",
        "x-requestid": "c8de45ad-85c0-49f6-b10b-f1d389da6132"
      },
      "ResponseBody": {
        "id": "235534eb-50ac-434b-8134-e6c9d063deda",
        "createdDateTimeUtc": "2025-04-02T00:42:45.3508878Z",
        "lastActionDateTimeUtc": "2025-04-02T00:42:45.3508879Z",
        "status": "NotStarted",
        "summary": {
          "total": 0,
          "failed": 0,
          "success": 0,
          "inProgress": 0,
          "notYetStarted": 0,
          "cancelled": 0,
          "totalCharacterCharged": 0
        }
      }
    },
    {
      "RequestUri": "https://endpoint/translator/document/batches/235534eb-50ac-434b-8134-e6c9d063deda?api-version=2024-05-01",
      "RequestMethod": "GET",
      "RequestHeaders": {
        "Accept": "application/json",
        "Accept-Encoding": "gzip,deflate",
        "Authorization": "Sanitized",
        "Connection": "keep-alive",
        "User-Agent": "azsdk-js-ai-translation-document-rest/1.0.0 core-rest-pipeline/1.19.2 Node/20.18.0 OS/(x64-Linux-5.15.167.4-microsoft-standard-WSL2)",
        "x-ms-client-request-id": "56cf784b-0b97-4e5e-baee-8a1ea5b4d79e"
      },
      "RequestBody": null,
      "StatusCode": 200,
      "ResponseHeaders": {
        "Age": "10",
        "apim-request-id": "58ceaad3-a0d6-43af-94b2-8dca443f9cb5",
        "Content-Length": "292",
        "Content-Type": "application/json; charset=utf-8",
        "Date": "Wed, 02 Apr 2025 00:42:55 GMT",
        "ETag": "\"957F7B882EB7855E478152729DDF2DA76ED222C9CCDD0F3B3CAAAF297FEE7DD8\"",
        "Retry-After": "1",
        "Strict-Transport-Security": "max-age=31536000; includeSubDomains; preload",
        "X-Content-Type-Options": "nosniff",
        "x-envoy-upstream-service-time": "3",
        "x-ms-region": "West US",
        "x-requestid": "58ceaad3-a0d6-43af-94b2-8dca443f9cb5"
      },
      "ResponseBody": {
        "id": "235534eb-50ac-434b-8134-e6c9d063deda",
        "createdDateTimeUtc": "2025-04-02T00:42:45.3508878Z",
        "lastActionDateTimeUtc": "2025-04-02T00:42:45.3508879Z",
        "status": "NotStarted",
        "summary": {
          "total": 0,
          "failed": 0,
          "success": 0,
          "inProgress": 0,
          "notYetStarted": 0,
          "cancelled": 0,
          "totalCharacterCharged": 0
        }
      }
    },
    {
      "RequestUri": "https://endpoint/translator/document/batches/235534eb-50ac-434b-8134-e6c9d063deda?api-version=2024-05-01",
      "RequestMethod": "GET",
      "RequestHeaders": {
        "Accept": "application/json",
        "Accept-Encoding": "gzip,deflate",
        "Authorization": "Sanitized",
        "Connection": "keep-alive",
        "User-Agent": "azsdk-js-ai-translation-document-rest/1.0.0 core-rest-pipeline/1.19.2 Node/20.18.0 OS/(x64-Linux-5.15.167.4-microsoft-standard-WSL2)",
        "x-ms-client-request-id": "630db653-ceb5-4d03-aa78-c53e1998378b"
      },
      "RequestBody": null,
      "StatusCode": 200,
      "ResponseHeaders": {
        "Age": "11",
        "apim-request-id": "8ad4ba95-a17f-4b27-98b2-81df2ae30d30",
        "Content-Length": "292",
        "Content-Type": "application/json; charset=utf-8",
        "Date": "Wed, 02 Apr 2025 00:42:56 GMT",
        "ETag": "\"957F7B882EB7855E478152729DDF2DA76ED222C9CCDD0F3B3CAAAF297FEE7DD8\"",
        "Retry-After": "1",
        "Strict-Transport-Security": "max-age=31536000; includeSubDomains; preload",
        "X-Content-Type-Options": "nosniff",
        "x-envoy-upstream-service-time": "2",
        "x-ms-region": "West US",
        "x-requestid": "8ad4ba95-a17f-4b27-98b2-81df2ae30d30"
      },
      "ResponseBody": {
        "id": "235534eb-50ac-434b-8134-e6c9d063deda",
        "createdDateTimeUtc": "2025-04-02T00:42:45.3508878Z",
        "lastActionDateTimeUtc": "2025-04-02T00:42:45.3508879Z",
        "status": "NotStarted",
        "summary": {
          "total": 0,
          "failed": 0,
          "success": 0,
          "inProgress": 0,
          "notYetStarted": 0,
          "cancelled": 0,
          "totalCharacterCharged": 0
        }
      }
    },
    {
      "RequestUri": "https://endpoint/translator/document/batches/235534eb-50ac-434b-8134-e6c9d063deda?api-version=2024-05-01",
      "RequestMethod": "GET",
      "RequestHeaders": {
        "Accept": "application/json",
        "Accept-Encoding": "gzip,deflate",
        "Authorization": "Sanitized",
        "Connection": "keep-alive",
        "User-Agent": "azsdk-js-ai-translation-document-rest/1.0.0 core-rest-pipeline/1.19.2 Node/20.18.0 OS/(x64-Linux-5.15.167.4-microsoft-standard-WSL2)",
        "x-ms-client-request-id": "9a99bf94-a56b-446c-8e99-8014d3b52d54"
      },
      "RequestBody": null,
      "StatusCode": 200,
      "ResponseHeaders": {
        "Age": "12",
        "apim-request-id": "1de74f43-fda1-410b-afd7-e4de72c70692",
        "Content-Length": "292",
        "Content-Type": "application/json; charset=utf-8",
        "Date": "Wed, 02 Apr 2025 00:42:57 GMT",
        "ETag": "\"957F7B882EB7855E478152729DDF2DA76ED222C9CCDD0F3B3CAAAF297FEE7DD8\"",
        "Retry-After": "1",
        "Strict-Transport-Security": "max-age=31536000; includeSubDomains; preload",
        "X-Content-Type-Options": "nosniff",
        "x-envoy-upstream-service-time": "1",
        "x-ms-region": "West US",
        "x-requestid": "1de74f43-fda1-410b-afd7-e4de72c70692"
      },
      "ResponseBody": {
        "id": "235534eb-50ac-434b-8134-e6c9d063deda",
        "createdDateTimeUtc": "2025-04-02T00:42:45.3508878Z",
        "lastActionDateTimeUtc": "2025-04-02T00:42:45.3508879Z",
        "status": "NotStarted",
        "summary": {
          "total": 0,
          "failed": 0,
          "success": 0,
          "inProgress": 0,
          "notYetStarted": 0,
          "cancelled": 0,
          "totalCharacterCharged": 0
        }
      }
    },
    {
      "RequestUri": "https://endpoint/translator/document/batches/235534eb-50ac-434b-8134-e6c9d063deda?api-version=2024-05-01",
      "RequestMethod": "GET",
      "RequestHeaders": {
        "Accept": "application/json",
        "Accept-Encoding": "gzip,deflate",
        "Authorization": "Sanitized",
        "Connection": "keep-alive",
        "User-Agent": "azsdk-js-ai-translation-document-rest/1.0.0 core-rest-pipeline/1.19.2 Node/20.18.0 OS/(x64-Linux-5.15.167.4-microsoft-standard-WSL2)",
        "x-ms-client-request-id": "5df68837-65ad-4619-a3ee-57ed71b07c28"
      },
      "RequestBody": null,
      "StatusCode": 200,
      "ResponseHeaders": {
        "Age": "13",
        "apim-request-id": "7469a428-dbff-42fd-b554-4b3b4558b358",
        "Content-Length": "292",
        "Content-Type": "application/json; charset=utf-8",
        "Date": "Wed, 02 Apr 2025 00:42:58 GMT",
        "ETag": "\"957F7B882EB7855E478152729DDF2DA76ED222C9CCDD0F3B3CAAAF297FEE7DD8\"",
        "Retry-After": "1",
        "Strict-Transport-Security": "max-age=31536000; includeSubDomains; preload",
        "X-Content-Type-Options": "nosniff",
        "x-envoy-upstream-service-time": "2",
        "x-ms-region": "West US",
        "x-requestid": "7469a428-dbff-42fd-b554-4b3b4558b358"
      },
      "ResponseBody": {
        "id": "235534eb-50ac-434b-8134-e6c9d063deda",
        "createdDateTimeUtc": "2025-04-02T00:42:45.3508878Z",
        "lastActionDateTimeUtc": "2025-04-02T00:42:45.3508879Z",
        "status": "NotStarted",
        "summary": {
          "total": 0,
          "failed": 0,
          "success": 0,
          "inProgress": 0,
          "notYetStarted": 0,
          "cancelled": 0,
          "totalCharacterCharged": 0
        }
      }
    },
    {
      "RequestUri": "https://endpoint/translator/document/batches/235534eb-50ac-434b-8134-e6c9d063deda?api-version=2024-05-01",
      "RequestMethod": "GET",
      "RequestHeaders": {
        "Accept": "application/json",
        "Accept-Encoding": "gzip,deflate",
        "Authorization": "Sanitized",
        "Connection": "keep-alive",
        "User-Agent": "azsdk-js-ai-translation-document-rest/1.0.0 core-rest-pipeline/1.19.2 Node/20.18.0 OS/(x64-Linux-5.15.167.4-microsoft-standard-WSL2)",
        "x-ms-client-request-id": "ec090ee8-f605-4bbc-9420-9c6f58ca921d"
      },
      "RequestBody": null,
      "StatusCode": 200,
      "ResponseHeaders": {
        "Age": "14",
        "apim-request-id": "918d64d0-ce4b-4f7f-ae4c-408b7e4a13a9",
        "Content-Length": "292",
        "Content-Type": "application/json; charset=utf-8",
        "Date": "Wed, 02 Apr 2025 00:43:00 GMT",
        "ETag": "\"957F7B882EB7855E478152729DDF2DA76ED222C9CCDD0F3B3CAAAF297FEE7DD8\"",
        "Retry-After": "1",
        "Strict-Transport-Security": "max-age=31536000; includeSubDomains; preload",
        "X-Content-Type-Options": "nosniff",
        "x-envoy-upstream-service-time": "2",
        "x-ms-region": "West US",
        "x-requestid": "918d64d0-ce4b-4f7f-ae4c-408b7e4a13a9"
      },
      "ResponseBody": {
        "id": "235534eb-50ac-434b-8134-e6c9d063deda",
        "createdDateTimeUtc": "2025-04-02T00:42:45.3508878Z",
        "lastActionDateTimeUtc": "2025-04-02T00:42:45.3508879Z",
        "status": "NotStarted",
        "summary": {
          "total": 0,
          "failed": 0,
          "success": 0,
          "inProgress": 0,
          "notYetStarted": 0,
          "cancelled": 0,
          "totalCharacterCharged": 0
        }
      }
    },
    {
      "RequestUri": "https://endpoint/translator/document/batches/235534eb-50ac-434b-8134-e6c9d063deda?api-version=2024-05-01",
      "RequestMethod": "GET",
      "RequestHeaders": {
        "Accept": "application/json",
        "Accept-Encoding": "gzip,deflate",
        "Authorization": "Sanitized",
        "Connection": "keep-alive",
        "User-Agent": "azsdk-js-ai-translation-document-rest/1.0.0 core-rest-pipeline/1.19.2 Node/20.18.0 OS/(x64-Linux-5.15.167.4-microsoft-standard-WSL2)",
        "x-ms-client-request-id": "59b6958c-bd6f-44d7-b3be-fb54387b317f"
      },
      "RequestBody": null,
      "StatusCode": 200,
      "ResponseHeaders": {
        "apim-request-id": "aac2d1f8-3e74-4c95-90c3-d38a82aa7b77",
        "Content-Type": "application/json; charset=utf-8",
        "Date": "Wed, 02 Apr 2025 00:43:01 GMT",
        "ETag": "\"EAF8A158F82009A203156DABA7DB2758B957D24B4D94BABA70C1BC4858107CEA\"",
        "Retry-After": "1",
        "Strict-Transport-Security": "max-age=31536000; includeSubDomains; preload",
        "Transfer-Encoding": "chunked",
        "X-Content-Type-Options": "nosniff",
        "x-envoy-upstream-service-time": "29",
        "x-ms-region": "West US",
        "x-requestid": "aac2d1f8-3e74-4c95-90c3-d38a82aa7b77"
      },
      "ResponseBody": {
        "id": "235534eb-50ac-434b-8134-e6c9d063deda",
        "createdDateTimeUtc": "2025-04-02T00:42:45.3508878Z",
        "lastActionDateTimeUtc": "2025-04-02T00:42:53.3566198Z",
        "status": "Succeeded",
        "summary": {
          "total": 1,
          "failed": 0,
          "success": 1,
          "inProgress": 0,
          "notYetStarted": 0,
          "cancelled": 0,
          "totalCharacterCharged": 27
        }
      }
    },
    {
      "RequestUri": "https://endpoint/translator/document/batches/235534eb-50ac-434b-8134-e6c9d063deda?api-version=2024-05-01",
      "RequestMethod": "GET",
      "RequestHeaders": {
        "Accept": "application/json",
        "Accept-Encoding": "gzip,deflate",
        "Authorization": "Sanitized",
        "Connection": "keep-alive",
        "User-Agent": "azsdk-js-ai-translation-document-rest/1.0.0 core-rest-pipeline/1.19.2 Node/20.18.0 OS/(x64-Linux-5.15.167.4-microsoft-standard-WSL2)",
        "x-ms-client-request-id": "44329444-ba5c-4d9b-9064-b3b1ea998ee2"
      },
      "RequestBody": null,
      "StatusCode": 200,
      "ResponseHeaders": {
        "Age": "0",
        "apim-request-id": "0b0b55bf-66aa-4421-bc2b-f3e82c4707a7",
        "Content-Length": "292",
        "Content-Type": "application/json; charset=utf-8",
        "Date": "Wed, 02 Apr 2025 00:43:01 GMT",
        "ETag": "\"EAF8A158F82009A203156DABA7DB2758B957D24B4D94BABA70C1BC4858107CEA\"",
        "Retry-After": "1",
        "Strict-Transport-Security": "max-age=31536000; includeSubDomains; preload",
        "X-Content-Type-Options": "nosniff",
        "x-envoy-upstream-service-time": "2",
        "x-ms-region": "West US",
        "x-requestid": "0b0b55bf-66aa-4421-bc2b-f3e82c4707a7"
      },
      "ResponseBody": {
        "id": "235534eb-50ac-434b-8134-e6c9d063deda",
        "createdDateTimeUtc": "2025-04-02T00:42:45.3508878Z",
        "lastActionDateTimeUtc": "2025-04-02T00:42:53.3566198Z",
        "status": "Succeeded",
        "summary": {
          "total": 1,
          "failed": 0,
          "success": 1,
          "inProgress": 0,
          "notYetStarted": 0,
          "cancelled": 0,
          "totalCharacterCharged": 27
        }
      }
    }
  ],
  "Variables": {}
}
