{
  "Entries": [
    {
      "RequestUri": "https://Sanitized.blob.core.windows.net/source-1228452288?restype=container",
      "RequestMethod": "PUT",
      "RequestHeaders": {
        "Accept": "application/xml",
        "Authorization": "Sanitized",
        "Connection": "keep-alive",
        "Content-Length": "0",
        "User-Agent": "azsdk-js-azure-storage-blob/12.23.0 core-rest-pipeline/1.16.0 Node/20.12.1 OS/(x64-Windows_NT-10.0.22631)",
        "x-ms-client-request-id": "Sanitized",
        "x-ms-version": "2024-05-04"
      },
      "RequestBody": null,
      "StatusCode": 201,
      "ResponseHeaders": {
        "Content-Length": "0",
        "Date": "Tue, 02 Jul 2024 20:36:26 GMT",
        "ETag": "\"0x8DC9AD6A5B92F4B\"",
        "Last-Modified": "Tue, 02 Jul 2024 20:36:27 GMT",
        "Server": [
          "Windows-Azure-Blob/1.0",
          "Microsoft-HTTPAPI/2.0"
        ],
        "x-ms-client-request-id": "Sanitized",
        "x-ms-request-id": "Sanitized",
        "x-ms-version": "2024-05-04"
      },
      "ResponseBody": null
    },
    {
      "RequestUri": "https://Sanitized.blob.core.windows.net/source-1228452288/Document1.txt",
      "RequestMethod": "PUT",
      "RequestHeaders": {
        "Accept": "application/xml",
        "Authorization": "Sanitized",
        "Connection": "keep-alive",
        "Content-Length": "27",
        "Content-Type": "application/octet-stream",
        "User-Agent": "azsdk-js-azure-storage-blob/12.23.0 core-rest-pipeline/1.16.0 Node/20.12.1 OS/(x64-Windows_NT-10.0.22631)",
        "x-ms-blob-type": "BlockBlob",
        "x-ms-client-request-id": "Sanitized",
        "x-ms-version": "2024-05-04"
      },
      "RequestBody": "Rmlyc3QgZW5nbGlzaCB0ZXN0IGRvY3VtZW50",
      "StatusCode": 201,
      "ResponseHeaders": {
        "Content-Length": "0",
        "Content-MD5": "zc6asiLoUz/caxlJ6YwKxA==",
        "Date": "Tue, 02 Jul 2024 20:36:26 GMT",
        "ETag": "\"0x8DC9AD6A5C15413\"",
        "Last-Modified": "Tue, 02 Jul 2024 20:36:27 GMT",
        "Server": [
          "Windows-Azure-Blob/1.0",
          "Microsoft-HTTPAPI/2.0"
        ],
        "x-ms-client-request-id": "Sanitized",
        "x-ms-content-crc64": "V7knc5S52gk=",
        "x-ms-request-id": "Sanitized",
        "x-ms-request-server-encrypted": "true",
        "x-ms-version": "2024-05-04"
      },
      "ResponseBody": null
    },
    {
      "RequestUri": "https://Sanitized.blob.core.windows.net/target-6245124334?restype=container",
      "RequestMethod": "PUT",
      "RequestHeaders": {
        "Accept": "application/xml",
        "Authorization": "Sanitized",
        "Connection": "keep-alive",
        "Content-Length": "0",
        "User-Agent": "azsdk-js-azure-storage-blob/12.23.0 core-rest-pipeline/1.16.0 Node/20.12.1 OS/(x64-Windows_NT-10.0.22631)",
        "x-ms-client-request-id": "Sanitized",
        "x-ms-version": "2024-05-04"
      },
      "RequestBody": null,
      "StatusCode": 201,
      "ResponseHeaders": {
        "Content-Length": "0",
        "Date": "Tue, 02 Jul 2024 20:36:27 GMT",
        "ETag": "\"0x8DC9AD6A61E5427\"",
        "Last-Modified": "Tue, 02 Jul 2024 20:36:28 GMT",
        "Server": [
          "Windows-Azure-Blob/1.0",
          "Microsoft-HTTPAPI/2.0"
        ],
        "x-ms-client-request-id": "Sanitized",
        "x-ms-request-id": "Sanitized",
        "x-ms-version": "2024-05-04"
      },
      "ResponseBody": null
    },
    {
      "RequestUri": "https://Sanitized.cognitiveservices.azure.com/translator/document/batches?api-version=2024-05-01",
      "RequestMethod": "POST",
      "RequestHeaders": {
        "Accept": "application/json",
        "Accept-Encoding": "gzip,deflate",
        "Authorization": "Sanitized",
        "Connection": "keep-alive",
        "Content-Length": "103",
        "Content-Type": "application/json",
        "User-Agent": "azsdk-js-ai-translation-document-rest/1.0.0-beta.2 core-rest-pipeline/1.16.2 Node/20.12.1 OS/(x64-Windows_NT-10.0.22631)",
        "x-ms-client-request-id": "Sanitized"
      },
      "RequestBody": {
        "inputs": [
          {
            "source": {
              "sourceUrl": "Sanitized"
            },
            "targets": [
              {
                "targetUrl": "Sanitized",
                "language": "fr"
              }
            ]
          }
        ]
      },
      "StatusCode": 202,
      "ResponseHeaders": {
        "apim-request-id": "e2b42e17-17d3-4c61-943b-e4656ec272ab",
        "Content-Type": "application/json; charset=utf-8",
        "Date": "Tue, 02 Jul 2024 20:36:29 GMT",
        "Operation-Location": "https://fakeEndpoint-doctranslation.cognitiveservices.azure.com/translator/document/batches/99fb48ca-f381-4f63-aac4-16083950d2af?api-version=2024-05-01",
        "Strict-Transport-Security": "max-age=31536000; includeSubDomains; preload",
        "Transfer-Encoding": "chunked",
        "X-Content-Type-Options": "nosniff",
        "x-ms-region": "West US",
        "X-RequestId": "e2b42e17-17d3-4c61-943b-e4656ec272ab"
      },
      "ResponseBody": {
        "id": "99fb48ca-f381-4f63-aac4-16083950d2af",
        "status": "NotStarted"
      }
    },
    {
      "RequestUri": "https://Sanitized.cognitiveservices.azure.com/translator/document/batches/99fb48ca-f381-4f63-aac4-16083950d2af?api-version=2024-05-01",
      "RequestMethod": "GET",
      "RequestHeaders": {
        "Accept": "application/json",
        "Accept-Encoding": "gzip,deflate",
        "Authorization": "Sanitized",
        "Connection": "keep-alive",
        "User-Agent": "azsdk-js-ai-translation-document-rest/1.0.0-beta.2 core-rest-pipeline/1.16.2 Node/20.12.1 OS/(x64-Windows_NT-10.0.22631)",
        "x-ms-client-request-id": "Sanitized"
      },
      "RequestBody": null,
      "StatusCode": 200,
      "ResponseHeaders": {
        "apim-request-id": "99183a64-10de-4180-b727-d8fc8dd046cc",
        "Cache-Control": "public, max-age=1",
        "Content-Type": "application/json; charset=utf-8",
        "Date": "Tue, 02 Jul 2024 20:36:29 GMT",
        "ETag": "\"711FC7662762825DDD2157D2D8692B46D7C8BD75EB171314CED4E5DAE5431991\"",
        "Retry-After": "1",
        "Strict-Transport-Security": "max-age=31536000; includeSubDomains; preload",
        "Transfer-Encoding": "chunked",
        "X-Content-Type-Options": "nosniff",
        "x-ms-region": "West US",
        "X-RequestId": "99183a64-10de-4180-b727-d8fc8dd046cc"
      },
      "ResponseBody": {
        "id": "99fb48ca-f381-4f63-aac4-16083950d2af",
        "createdDateTimeUtc": "2024-07-02T20:36:29.6571478Z",
        "lastActionDateTimeUtc": "2024-07-02T20:36:29.6571478Z",
        "status": "NotStarted",
        "summary": {
          "total": 0,
          "failed": 0,
          "success": 0,
          "inProgress": 0,
          "notYetStarted": 0,
          "cancelled": 0,
          "totalCharacterCharged": 0
        }
      }
    },
    {
      "RequestUri": "https://Sanitized.cognitiveservices.azure.com/translator/document/batches/99fb48ca-f381-4f63-aac4-16083950d2af?api-version=2024-05-01",
      "RequestMethod": "GET",
      "RequestHeaders": {
        "Accept": "application/json",
        "Accept-Encoding": "gzip,deflate",
        "Authorization": "Sanitized",
        "Connection": "keep-alive",
        "User-Agent": "azsdk-js-ai-translation-document-rest/1.0.0-beta.2 core-rest-pipeline/1.16.2 Node/20.12.1 OS/(x64-Windows_NT-10.0.22631)",
        "x-ms-client-request-id": "Sanitized"
      },
      "RequestBody": null,
      "StatusCode": 200,
      "ResponseHeaders": {
        "apim-request-id": "a2128422-7dd8-4a5b-b0ba-a6a7fc5afe22",
        "Cache-Control": "public, max-age=1",
        "Content-Type": "application/json; charset=utf-8",
        "Date": "Tue, 02 Jul 2024 20:36:30 GMT",
        "ETag": "\"847CCB6DB868003F4E2E76F7C4737483AF0CB737714CB6AE86135F1F35993443\"",
        "Retry-After": "1",
        "Strict-Transport-Security": "max-age=31536000; includeSubDomains; preload",
        "Transfer-Encoding": "chunked",
        "X-Content-Type-Options": "nosniff",
        "x-ms-region": "West US",
        "X-RequestId": "a2128422-7dd8-4a5b-b0ba-a6a7fc5afe22"
      },
      "ResponseBody": {
        "id": "99fb48ca-f381-4f63-aac4-16083950d2af",
        "createdDateTimeUtc": "2024-07-02T20:36:29.6571478Z",
        "lastActionDateTimeUtc": "2024-07-02T20:36:30.0335966Z",
        "status": "NotStarted",
        "summary": {
          "total": 1,
          "failed": 0,
          "success": 0,
          "inProgress": 0,
          "notYetStarted": 1,
          "cancelled": 0,
          "totalCharacterCharged": 0
        }
      }
    },
    {
      "RequestUri": "https://Sanitized.cognitiveservices.azure.com/translator/document/batches/99fb48ca-f381-4f63-aac4-16083950d2af?api-version=2024-05-01",
      "RequestMethod": "GET",
      "RequestHeaders": {
        "Accept": "application/json",
        "Accept-Encoding": "gzip,deflate",
        "Authorization": "Sanitized",
        "Connection": "keep-alive",
        "User-Agent": "azsdk-js-ai-translation-document-rest/1.0.0-beta.2 core-rest-pipeline/1.16.2 Node/20.12.1 OS/(x64-Windows_NT-10.0.22631)",
        "x-ms-client-request-id": "Sanitized"
      },
      "RequestBody": null,
      "StatusCode": 200,
      "ResponseHeaders": {
        "apim-request-id": "7cd85515-e69a-44b2-83a5-dbdd6968aa1d",
        "Cache-Control": "public, max-age=1",
        "Content-Type": "application/json; charset=utf-8",
        "Date": "Tue, 02 Jul 2024 20:36:31 GMT",
        "ETag": "\"D0E7C6092A3CE7794044A749057CC89CBD11444CD523A1F032E9423A88DEFEAF\"",
        "Retry-After": "1",
        "Strict-Transport-Security": "max-age=31536000; includeSubDomains; preload",
        "Transfer-Encoding": "chunked",
        "X-Content-Type-Options": "nosniff",
        "x-ms-region": "West US",
        "X-RequestId": "7cd85515-e69a-44b2-83a5-dbdd6968aa1d"
      },
      "ResponseBody": {
        "id": "99fb48ca-f381-4f63-aac4-16083950d2af",
        "createdDateTimeUtc": "2024-07-02T20:36:29.6571478Z",
        "lastActionDateTimeUtc": "2024-07-02T20:36:31.536531Z",
        "status": "Running",
        "summary": {
          "total": 1,
          "failed": 0,
          "success": 0,
          "inProgress": 1,
          "notYetStarted": 0,
          "cancelled": 0,
          "totalCharacterCharged": 0
        }
      }
    },
    {
      "RequestUri": "https://Sanitized.cognitiveservices.azure.com/translator/document/batches/99fb48ca-f381-4f63-aac4-16083950d2af?api-version=2024-05-01",
      "RequestMethod": "GET",
      "RequestHeaders": {
        "Accept": "application/json",
        "Accept-Encoding": "gzip,deflate",
        "Authorization": "Sanitized",
        "Connection": "keep-alive",
        "User-Agent": "azsdk-js-ai-translation-document-rest/1.0.0-beta.2 core-rest-pipeline/1.16.2 Node/20.12.1 OS/(x64-Windows_NT-10.0.22631)",
        "x-ms-client-request-id": "Sanitized"
      },
      "RequestBody": null,
      "StatusCode": 200,
      "ResponseHeaders": {
        "apim-request-id": "f8a1b123-b4f5-4d4a-af58-d0aeb8c29a53",
        "Cache-Control": "public, max-age=1",
        "Content-Type": "application/json; charset=utf-8",
        "Date": "Tue, 02 Jul 2024 20:36:32 GMT",
        "ETag": "\"FD42BD56F50B45F148F2FA6C68CBEC7E1F38D6E08A7E29055CF7EAFAC939BCAA\"",
        "Retry-After": "1",
        "Strict-Transport-Security": "max-age=31536000; includeSubDomains; preload",
        "Transfer-Encoding": "chunked",
        "X-Content-Type-Options": "nosniff",
        "x-ms-region": "West US",
        "X-RequestId": "f8a1b123-b4f5-4d4a-af58-d0aeb8c29a53"
      },
      "ResponseBody": {
        "id": "99fb48ca-f381-4f63-aac4-16083950d2af",
        "createdDateTimeUtc": "2024-07-02T20:36:29.6571478Z",
        "lastActionDateTimeUtc": "2024-07-02T20:36:32.4730066Z",
        "status": "Running",
        "summary": {
          "total": 1,
          "failed": 0,
          "success": 0,
          "inProgress": 1,
          "notYetStarted": 0,
          "cancelled": 0,
          "totalCharacterCharged": 0
        }
      }
    },
    {
      "RequestUri": "https://Sanitized.cognitiveservices.azure.com/translator/document/batches/99fb48ca-f381-4f63-aac4-16083950d2af?api-version=2024-05-01",
      "RequestMethod": "GET",
      "RequestHeaders": {
        "Accept": "application/json",
        "Accept-Encoding": "gzip,deflate",
        "Authorization": "Sanitized",
        "Connection": "keep-alive",
        "User-Agent": "azsdk-js-ai-translation-document-rest/1.0.0-beta.2 core-rest-pipeline/1.16.2 Node/20.12.1 OS/(x64-Windows_NT-10.0.22631)",
        "x-ms-client-request-id": "Sanitized"
      },
      "RequestBody": null,
      "StatusCode": 200,
      "ResponseHeaders": {
        "apim-request-id": "0b1e9ef3-e60e-4897-b3c9-3827fd919070",
        "Cache-Control": "public, max-age=1",
        "Content-Type": "application/json; charset=utf-8",
        "Date": "Tue, 02 Jul 2024 20:36:33 GMT",
        "ETag": "\"FD42BD56F50B45F148F2FA6C68CBEC7E1F38D6E08A7E29055CF7EAFAC939BCAA\"",
        "Retry-After": "1",
        "Strict-Transport-Security": "max-age=31536000; includeSubDomains; preload",
        "Transfer-Encoding": "chunked",
        "X-Content-Type-Options": "nosniff",
        "x-ms-region": "West US",
        "X-RequestId": "0b1e9ef3-e60e-4897-b3c9-3827fd919070"
      },
      "ResponseBody": {
        "id": "99fb48ca-f381-4f63-aac4-16083950d2af",
        "createdDateTimeUtc": "2024-07-02T20:36:29.6571478Z",
        "lastActionDateTimeUtc": "2024-07-02T20:36:32.4730066Z",
        "status": "Running",
        "summary": {
          "total": 1,
          "failed": 0,
          "success": 0,
          "inProgress": 1,
          "notYetStarted": 0,
          "cancelled": 0,
          "totalCharacterCharged": 0
        }
      }
    },
    {
      "RequestUri": "https://Sanitized.cognitiveservices.azure.com/translator/document/batches/99fb48ca-f381-4f63-aac4-16083950d2af?api-version=2024-05-01",
      "RequestMethod": "GET",
      "RequestHeaders": {
        "Accept": "application/json",
        "Accept-Encoding": "gzip,deflate",
        "Authorization": "Sanitized",
        "Connection": "keep-alive",
        "User-Agent": "azsdk-js-ai-translation-document-rest/1.0.0-beta.2 core-rest-pipeline/1.16.2 Node/20.12.1 OS/(x64-Windows_NT-10.0.22631)",
        "x-ms-client-request-id": "Sanitized"
      },
      "RequestBody": null,
      "StatusCode": 200,
      "ResponseHeaders": {
        "Age": "5",
        "apim-request-id": "24d44898-e2d2-4502-bfbf-9efe84ba4fee",
        "Cache-Control": "public, max-age=1",
        "Content-Length": "292",
        "Content-Type": "application/json; charset=utf-8",
        "Date": "Tue, 02 Jul 2024 20:36:34 GMT",
        "ETag": "\"711FC7662762825DDD2157D2D8692B46D7C8BD75EB171314CED4E5DAE5431991\"",
        "Retry-After": "1",
        "Strict-Transport-Security": "max-age=31536000; includeSubDomains; preload",
        "X-Content-Type-Options": "nosniff",
        "x-ms-region": "West US",
        "X-RequestId": "99183a64-10de-4180-b727-d8fc8dd046cc"
      },
      "ResponseBody": {
        "id": "99fb48ca-f381-4f63-aac4-16083950d2af",
        "createdDateTimeUtc": "2024-07-02T20:36:29.6571478Z",
        "lastActionDateTimeUtc": "2024-07-02T20:36:29.6571478Z",
        "status": "NotStarted",
        "summary": {
          "total": 0,
          "failed": 0,
          "success": 0,
          "inProgress": 0,
          "notYetStarted": 0,
          "cancelled": 0,
          "totalCharacterCharged": 0
        }
      }
    },
    {
      "RequestUri": "https://Sanitized.cognitiveservices.azure.com/translator/document/batches/99fb48ca-f381-4f63-aac4-16083950d2af?api-version=2024-05-01",
      "RequestMethod": "GET",
      "RequestHeaders": {
        "Accept": "application/json",
        "Accept-Encoding": "gzip,deflate",
        "Authorization": "Sanitized",
        "Connection": "keep-alive",
        "User-Agent": "azsdk-js-ai-translation-document-rest/1.0.0-beta.2 core-rest-pipeline/1.16.2 Node/20.12.1 OS/(x64-Windows_NT-10.0.22631)",
        "x-ms-client-request-id": "Sanitized"
      },
      "RequestBody": null,
      "StatusCode": 200,
      "ResponseHeaders": {
        "Age": "5",
        "apim-request-id": "b16d1979-e1f3-4112-9772-4d628f9800ef",
        "Cache-Control": "public, max-age=1",
        "Content-Length": "292",
        "Content-Type": "application/json; charset=utf-8",
        "Date": "Tue, 02 Jul 2024 20:36:35 GMT",
        "ETag": "\"847CCB6DB868003F4E2E76F7C4737483AF0CB737714CB6AE86135F1F35993443\"",
        "Retry-After": "1",
        "Strict-Transport-Security": "max-age=31536000; includeSubDomains; preload",
        "X-Content-Type-Options": "nosniff",
        "x-ms-region": "West US",
        "X-RequestId": "a2128422-7dd8-4a5b-b0ba-a6a7fc5afe22"
      },
      "ResponseBody": {
        "id": "99fb48ca-f381-4f63-aac4-16083950d2af",
        "createdDateTimeUtc": "2024-07-02T20:36:29.6571478Z",
        "lastActionDateTimeUtc": "2024-07-02T20:36:30.0335966Z",
        "status": "NotStarted",
        "summary": {
          "total": 1,
          "failed": 0,
          "success": 0,
          "inProgress": 0,
          "notYetStarted": 1,
          "cancelled": 0,
          "totalCharacterCharged": 0
        }
      }
    },
    {
      "RequestUri": "https://Sanitized.cognitiveservices.azure.com/translator/document/batches/99fb48ca-f381-4f63-aac4-16083950d2af?api-version=2024-05-01",
      "RequestMethod": "GET",
      "RequestHeaders": {
        "Accept": "application/json",
        "Accept-Encoding": "gzip,deflate",
        "Authorization": "Sanitized",
        "Connection": "keep-alive",
        "User-Agent": "azsdk-js-ai-translation-document-rest/1.0.0-beta.2 core-rest-pipeline/1.16.2 Node/20.12.1 OS/(x64-Windows_NT-10.0.22631)",
        "x-ms-client-request-id": "Sanitized"
      },
      "RequestBody": null,
      "StatusCode": 200,
      "ResponseHeaders": {
        "apim-request-id": "95e39c44-ddfa-4a0c-aff6-e440c4bdf0ec",
        "Cache-Control": "public, max-age=1",
        "Content-Type": "application/json; charset=utf-8",
        "Date": "Tue, 02 Jul 2024 20:36:36 GMT",
        "ETag": "\"FD42BD56F50B45F148F2FA6C68CBEC7E1F38D6E08A7E29055CF7EAFAC939BCAA\"",
        "Retry-After": "1",
        "Strict-Transport-Security": "max-age=31536000; includeSubDomains; preload",
        "Transfer-Encoding": "chunked",
        "X-Content-Type-Options": "nosniff",
        "x-ms-region": "West US",
        "X-RequestId": "95e39c44-ddfa-4a0c-aff6-e440c4bdf0ec"
      },
      "ResponseBody": {
        "id": "99fb48ca-f381-4f63-aac4-16083950d2af",
        "createdDateTimeUtc": "2024-07-02T20:36:29.6571478Z",
        "lastActionDateTimeUtc": "2024-07-02T20:36:32.4730066Z",
        "status": "Running",
        "summary": {
          "total": 1,
          "failed": 0,
          "success": 0,
          "inProgress": 1,
          "notYetStarted": 0,
          "cancelled": 0,
          "totalCharacterCharged": 0
        }
      }
    },
    {
      "RequestUri": "https://Sanitized.cognitiveservices.azure.com/translator/document/batches/99fb48ca-f381-4f63-aac4-16083950d2af?api-version=2024-05-01",
      "RequestMethod": "GET",
      "RequestHeaders": {
        "Accept": "application/json",
        "Accept-Encoding": "gzip,deflate",
        "Authorization": "Sanitized",
        "Connection": "keep-alive",
        "User-Agent": "azsdk-js-ai-translation-document-rest/1.0.0-beta.2 core-rest-pipeline/1.16.2 Node/20.12.1 OS/(x64-Windows_NT-10.0.22631)",
        "x-ms-client-request-id": "Sanitized"
      },
      "RequestBody": null,
      "StatusCode": 200,
      "ResponseHeaders": {
        "Age": "5",
        "apim-request-id": "cd82778c-598c-49a6-be96-4d451d0f7a61",
        "Cache-Control": "public, max-age=1",
        "Content-Length": "289",
        "Content-Type": "application/json; charset=utf-8",
        "Date": "Tue, 02 Jul 2024 20:36:37 GMT",
        "ETag": "\"FD42BD56F50B45F148F2FA6C68CBEC7E1F38D6E08A7E29055CF7EAFAC939BCAA\"",
        "Retry-After": "1",
        "Strict-Transport-Security": "max-age=31536000; includeSubDomains; preload",
        "X-Content-Type-Options": "nosniff",
        "x-ms-region": "West US",
        "X-RequestId": "f8a1b123-b4f5-4d4a-af58-d0aeb8c29a53"
      },
      "ResponseBody": {
        "id": "99fb48ca-f381-4f63-aac4-16083950d2af",
        "createdDateTimeUtc": "2024-07-02T20:36:29.6571478Z",
        "lastActionDateTimeUtc": "2024-07-02T20:36:32.4730066Z",
        "status": "Running",
        "summary": {
          "total": 1,
          "failed": 0,
          "success": 0,
          "inProgress": 1,
          "notYetStarted": 0,
          "cancelled": 0,
          "totalCharacterCharged": 0
        }
      }
    },
    {
      "RequestUri": "https://Sanitized.cognitiveservices.azure.com/translator/document/batches/99fb48ca-f381-4f63-aac4-16083950d2af?api-version=2024-05-01",
      "RequestMethod": "GET",
      "RequestHeaders": {
        "Accept": "application/json",
        "Accept-Encoding": "gzip,deflate",
        "Authorization": "Sanitized",
        "Connection": "keep-alive",
        "User-Agent": "azsdk-js-ai-translation-document-rest/1.0.0-beta.2 core-rest-pipeline/1.16.2 Node/20.12.1 OS/(x64-Windows_NT-10.0.22631)",
        "x-ms-client-request-id": "Sanitized"
      },
      "RequestBody": null,
      "StatusCode": 200,
      "ResponseHeaders": {
        "Age": "9",
        "apim-request-id": "96597c09-e771-4bbc-b3a5-c5533c384bd2",
        "Cache-Control": "public, max-age=1",
        "Content-Length": "292",
        "Content-Type": "application/json; charset=utf-8",
        "Date": "Tue, 02 Jul 2024 20:36:39 GMT",
        "ETag": "\"711FC7662762825DDD2157D2D8692B46D7C8BD75EB171314CED4E5DAE5431991\"",
        "Retry-After": "1",
        "Strict-Transport-Security": "max-age=31536000; includeSubDomains; preload",
        "X-Content-Type-Options": "nosniff",
        "x-ms-region": "West US",
        "X-RequestId": "99183a64-10de-4180-b727-d8fc8dd046cc"
      },
      "ResponseBody": {
        "id": "99fb48ca-f381-4f63-aac4-16083950d2af",
        "createdDateTimeUtc": "2024-07-02T20:36:29.6571478Z",
        "lastActionDateTimeUtc": "2024-07-02T20:36:29.6571478Z",
        "status": "NotStarted",
        "summary": {
          "total": 0,
          "failed": 0,
          "success": 0,
          "inProgress": 0,
          "notYetStarted": 0,
          "cancelled": 0,
          "totalCharacterCharged": 0
        }
      }
    },
    {
      "RequestUri": "https://Sanitized.cognitiveservices.azure.com/translator/document/batches/99fb48ca-f381-4f63-aac4-16083950d2af?api-version=2024-05-01",
      "RequestMethod": "GET",
      "RequestHeaders": {
        "Accept": "application/json",
        "Accept-Encoding": "gzip,deflate",
        "Authorization": "Sanitized",
        "Connection": "keep-alive",
        "User-Agent": "azsdk-js-ai-translation-document-rest/1.0.0-beta.2 core-rest-pipeline/1.16.2 Node/20.12.1 OS/(x64-Windows_NT-10.0.22631)",
        "x-ms-client-request-id": "Sanitized"
      },
      "RequestBody": null,
      "StatusCode": 200,
      "ResponseHeaders": {
        "Age": "9",
        "apim-request-id": "c68a6d5a-c46a-42e9-8909-3dca1471580b",
        "Cache-Control": "public, max-age=1",
        "Content-Length": "292",
        "Content-Type": "application/json; charset=utf-8",
        "Date": "Tue, 02 Jul 2024 20:36:40 GMT",
        "ETag": "\"847CCB6DB868003F4E2E76F7C4737483AF0CB737714CB6AE86135F1F35993443\"",
        "Retry-After": "1",
        "Strict-Transport-Security": "max-age=31536000; includeSubDomains; preload",
        "X-Content-Type-Options": "nosniff",
        "x-ms-region": "West US",
        "X-RequestId": "a2128422-7dd8-4a5b-b0ba-a6a7fc5afe22"
      },
      "ResponseBody": {
        "id": "99fb48ca-f381-4f63-aac4-16083950d2af",
        "createdDateTimeUtc": "2024-07-02T20:36:29.6571478Z",
        "lastActionDateTimeUtc": "2024-07-02T20:36:30.0335966Z",
        "status": "NotStarted",
        "summary": {
          "total": 1,
          "failed": 0,
          "success": 0,
          "inProgress": 0,
          "notYetStarted": 1,
          "cancelled": 0,
          "totalCharacterCharged": 0
        }
      }
    },
    {
      "RequestUri": "https://Sanitized.cognitiveservices.azure.com/translator/document/batches/99fb48ca-f381-4f63-aac4-16083950d2af?api-version=2024-05-01",
      "RequestMethod": "GET",
      "RequestHeaders": {
        "Accept": "application/json",
        "Accept-Encoding": "gzip,deflate",
        "Authorization": "Sanitized",
        "Connection": "keep-alive",
        "User-Agent": "azsdk-js-ai-translation-document-rest/1.0.0-beta.2 core-rest-pipeline/1.16.2 Node/20.12.1 OS/(x64-Windows_NT-10.0.22631)",
        "x-ms-client-request-id": "Sanitized"
      },
      "RequestBody": null,
      "StatusCode": 200,
      "ResponseHeaders": {
        "Age": "9",
        "apim-request-id": "ecaf3cee-a36f-43ae-8178-1e35ce6b9a62",
        "Cache-Control": "public, max-age=1",
        "Content-Length": "288",
        "Content-Type": "application/json; charset=utf-8",
        "Date": "Tue, 02 Jul 2024 20:36:41 GMT",
        "ETag": "\"D0E7C6092A3CE7794044A749057CC89CBD11444CD523A1F032E9423A88DEFEAF\"",
        "Retry-After": "1",
        "Strict-Transport-Security": "max-age=31536000; includeSubDomains; preload",
        "X-Content-Type-Options": "nosniff",
        "x-ms-region": "West US",
        "X-RequestId": "7cd85515-e69a-44b2-83a5-dbdd6968aa1d"
      },
      "ResponseBody": {
        "id": "99fb48ca-f381-4f63-aac4-16083950d2af",
        "createdDateTimeUtc": "2024-07-02T20:36:29.6571478Z",
        "lastActionDateTimeUtc": "2024-07-02T20:36:31.536531Z",
        "status": "Running",
        "summary": {
          "total": 1,
          "failed": 0,
          "success": 0,
          "inProgress": 1,
          "notYetStarted": 0,
          "cancelled": 0,
          "totalCharacterCharged": 0
        }
      }
    },
    {
      "RequestUri": "https://Sanitized.cognitiveservices.azure.com/translator/document/batches/99fb48ca-f381-4f63-aac4-16083950d2af?api-version=2024-05-01",
      "RequestMethod": "GET",
      "RequestHeaders": {
        "Accept": "application/json",
        "Accept-Encoding": "gzip,deflate",
        "Authorization": "Sanitized",
        "Connection": "keep-alive",
        "User-Agent": "azsdk-js-ai-translation-document-rest/1.0.0-beta.2 core-rest-pipeline/1.16.2 Node/20.12.1 OS/(x64-Windows_NT-10.0.22631)",
        "x-ms-client-request-id": "Sanitized"
      },
      "RequestBody": null,
      "StatusCode": 200,
      "ResponseHeaders": {
        "Age": "9",
        "apim-request-id": "12b87c89-384a-4ee6-8f51-47d9748429e1",
        "Cache-Control": "public, max-age=1",
        "Content-Length": "289",
        "Content-Type": "application/json; charset=utf-8",
        "Date": "Tue, 02 Jul 2024 20:36:42 GMT",
        "ETag": "\"FD42BD56F50B45F148F2FA6C68CBEC7E1F38D6E08A7E29055CF7EAFAC939BCAA\"",
        "Retry-After": "1",
        "Strict-Transport-Security": "max-age=31536000; includeSubDomains; preload",
        "X-Content-Type-Options": "nosniff",
        "x-ms-region": "West US",
        "X-RequestId": "f8a1b123-b4f5-4d4a-af58-d0aeb8c29a53"
      },
      "ResponseBody": {
        "id": "99fb48ca-f381-4f63-aac4-16083950d2af",
        "createdDateTimeUtc": "2024-07-02T20:36:29.6571478Z",
        "lastActionDateTimeUtc": "2024-07-02T20:36:32.4730066Z",
        "status": "Running",
        "summary": {
          "total": 1,
          "failed": 0,
          "success": 0,
          "inProgress": 1,
          "notYetStarted": 0,
          "cancelled": 0,
          "totalCharacterCharged": 0
        }
      }
    },
    {
      "RequestUri": "https://Sanitized.cognitiveservices.azure.com/translator/document/batches/99fb48ca-f381-4f63-aac4-16083950d2af?api-version=2024-05-01",
      "RequestMethod": "GET",
      "RequestHeaders": {
        "Accept": "application/json",
        "Accept-Encoding": "gzip,deflate",
        "Authorization": "Sanitized",
        "Connection": "keep-alive",
        "User-Agent": "azsdk-js-ai-translation-document-rest/1.0.0-beta.2 core-rest-pipeline/1.16.2 Node/20.12.1 OS/(x64-Windows_NT-10.0.22631)",
        "x-ms-client-request-id": "Sanitized"
      },
      "RequestBody": null,
      "StatusCode": 200,
      "ResponseHeaders": {
        "Age": "9",
        "apim-request-id": "ed129180-e6b2-406a-924b-58b515572b11",
        "Cache-Control": "public, max-age=1",
        "Content-Length": "289",
        "Content-Type": "application/json; charset=utf-8",
        "Date": "Tue, 02 Jul 2024 20:36:43 GMT",
        "ETag": "\"FD42BD56F50B45F148F2FA6C68CBEC7E1F38D6E08A7E29055CF7EAFAC939BCAA\"",
        "Retry-After": "1",
        "Strict-Transport-Security": "max-age=31536000; includeSubDomains; preload",
        "X-Content-Type-Options": "nosniff",
        "x-ms-region": "West US",
        "X-RequestId": "0b1e9ef3-e60e-4897-b3c9-3827fd919070"
      },
      "ResponseBody": {
        "id": "99fb48ca-f381-4f63-aac4-16083950d2af",
        "createdDateTimeUtc": "2024-07-02T20:36:29.6571478Z",
        "lastActionDateTimeUtc": "2024-07-02T20:36:32.4730066Z",
        "status": "Running",
        "summary": {
          "total": 1,
          "failed": 0,
          "success": 0,
          "inProgress": 1,
          "notYetStarted": 0,
          "cancelled": 0,
          "totalCharacterCharged": 0
        }
      }
    },
    {
      "RequestUri": "https://Sanitized.cognitiveservices.azure.com/translator/document/batches/99fb48ca-f381-4f63-aac4-16083950d2af?api-version=2024-05-01",
      "RequestMethod": "GET",
      "RequestHeaders": {
        "Accept": "application/json",
        "Accept-Encoding": "gzip,deflate",
        "Authorization": "Sanitized",
        "Connection": "keep-alive",
        "User-Agent": "azsdk-js-ai-translation-document-rest/1.0.0-beta.2 core-rest-pipeline/1.16.2 Node/20.12.1 OS/(x64-Windows_NT-10.0.22631)",
        "x-ms-client-request-id": "Sanitized"
      },
      "RequestBody": null,
      "StatusCode": 200,
      "ResponseHeaders": {
        "Age": "15",
        "apim-request-id": "8944e04b-2d8d-4bb8-99ca-75ee650c6396",
        "Cache-Control": "public, max-age=1",
        "Content-Length": "292",
        "Content-Type": "application/json; charset=utf-8",
        "Date": "Tue, 02 Jul 2024 20:36:44 GMT",
        "ETag": "\"711FC7662762825DDD2157D2D8692B46D7C8BD75EB171314CED4E5DAE5431991\"",
        "Retry-After": "1",
        "Strict-Transport-Security": "max-age=31536000; includeSubDomains; preload",
        "X-Content-Type-Options": "nosniff",
        "x-ms-region": "West US",
        "X-RequestId": "99183a64-10de-4180-b727-d8fc8dd046cc"
      },
      "ResponseBody": {
        "id": "99fb48ca-f381-4f63-aac4-16083950d2af",
        "createdDateTimeUtc": "2024-07-02T20:36:29.6571478Z",
        "lastActionDateTimeUtc": "2024-07-02T20:36:29.6571478Z",
        "status": "NotStarted",
        "summary": {
          "total": 0,
          "failed": 0,
          "success": 0,
          "inProgress": 0,
          "notYetStarted": 0,
          "cancelled": 0,
          "totalCharacterCharged": 0
        }
      }
    },
    {
      "RequestUri": "https://Sanitized.cognitiveservices.azure.com/translator/document/batches/99fb48ca-f381-4f63-aac4-16083950d2af?api-version=2024-05-01",
      "RequestMethod": "GET",
      "RequestHeaders": {
        "Accept": "application/json",
        "Accept-Encoding": "gzip,deflate",
        "Authorization": "Sanitized",
        "Connection": "keep-alive",
        "User-Agent": "azsdk-js-ai-translation-document-rest/1.0.0-beta.2 core-rest-pipeline/1.16.2 Node/20.12.1 OS/(x64-Windows_NT-10.0.22631)",
        "x-ms-client-request-id": "Sanitized"
      },
      "RequestBody": null,
      "StatusCode": 200,
      "ResponseHeaders": {
        "Age": "15",
        "apim-request-id": "5c1e6545-3f91-47dd-be9a-e15315ad9abb",
        "Cache-Control": "public, max-age=1",
        "Content-Length": "292",
        "Content-Type": "application/json; charset=utf-8",
        "Date": "Tue, 02 Jul 2024 20:36:45 GMT",
        "ETag": "\"847CCB6DB868003F4E2E76F7C4737483AF0CB737714CB6AE86135F1F35993443\"",
        "Retry-After": "1",
        "Strict-Transport-Security": "max-age=31536000; includeSubDomains; preload",
        "X-Content-Type-Options": "nosniff",
        "x-ms-region": "West US",
        "X-RequestId": "a2128422-7dd8-4a5b-b0ba-a6a7fc5afe22"
      },
      "ResponseBody": {
        "id": "99fb48ca-f381-4f63-aac4-16083950d2af",
        "createdDateTimeUtc": "2024-07-02T20:36:29.6571478Z",
        "lastActionDateTimeUtc": "2024-07-02T20:36:30.0335966Z",
        "status": "NotStarted",
        "summary": {
          "total": 1,
          "failed": 0,
          "success": 0,
          "inProgress": 0,
          "notYetStarted": 1,
          "cancelled": 0,
          "totalCharacterCharged": 0
        }
      }
    },
    {
      "RequestUri": "https://Sanitized.cognitiveservices.azure.com/translator/document/batches/99fb48ca-f381-4f63-aac4-16083950d2af?api-version=2024-05-01",
      "RequestMethod": "GET",
      "RequestHeaders": {
        "Accept": "application/json",
        "Accept-Encoding": "gzip,deflate",
        "Authorization": "Sanitized",
        "Connection": "keep-alive",
        "User-Agent": "azsdk-js-ai-translation-document-rest/1.0.0-beta.2 core-rest-pipeline/1.16.2 Node/20.12.1 OS/(x64-Windows_NT-10.0.22631)",
        "x-ms-client-request-id": "Sanitized"
      },
      "RequestBody": null,
      "StatusCode": 200,
      "ResponseHeaders": {
        "Age": "15",
        "apim-request-id": "f28d919c-71c9-4550-9809-b1788353b7da",
        "Cache-Control": "public, max-age=1",
        "Content-Length": "288",
        "Content-Type": "application/json; charset=utf-8",
        "Date": "Tue, 02 Jul 2024 20:36:46 GMT",
        "ETag": "\"D0E7C6092A3CE7794044A749057CC89CBD11444CD523A1F032E9423A88DEFEAF\"",
        "Retry-After": "1",
        "Strict-Transport-Security": "max-age=31536000; includeSubDomains; preload",
        "X-Content-Type-Options": "nosniff",
        "x-ms-region": "West US",
        "X-RequestId": "7cd85515-e69a-44b2-83a5-dbdd6968aa1d"
      },
      "ResponseBody": {
        "id": "99fb48ca-f381-4f63-aac4-16083950d2af",
        "createdDateTimeUtc": "2024-07-02T20:36:29.6571478Z",
        "lastActionDateTimeUtc": "2024-07-02T20:36:31.536531Z",
        "status": "Running",
        "summary": {
          "total": 1,
          "failed": 0,
          "success": 0,
          "inProgress": 1,
          "notYetStarted": 0,
          "cancelled": 0,
          "totalCharacterCharged": 0
        }
      }
    },
    {
      "RequestUri": "https://Sanitized.cognitiveservices.azure.com/translator/document/batches/99fb48ca-f381-4f63-aac4-16083950d2af?api-version=2024-05-01",
      "RequestMethod": "GET",
      "RequestHeaders": {
        "Accept": "application/json",
        "Accept-Encoding": "gzip,deflate",
        "Authorization": "Sanitized",
        "Connection": "keep-alive",
        "User-Agent": "azsdk-js-ai-translation-document-rest/1.0.0-beta.2 core-rest-pipeline/1.16.2 Node/20.12.1 OS/(x64-Windows_NT-10.0.22631)",
        "x-ms-client-request-id": "Sanitized"
      },
      "RequestBody": null,
      "StatusCode": 200,
      "ResponseHeaders": {
        "Age": "10",
        "apim-request-id": "5ccfac16-64c2-463a-910c-e1775e9ffd75",
        "Cache-Control": "public, max-age=1",
        "Content-Length": "289",
        "Content-Type": "application/json; charset=utf-8",
        "Date": "Tue, 02 Jul 2024 20:36:47 GMT",
        "ETag": "\"FD42BD56F50B45F148F2FA6C68CBEC7E1F38D6E08A7E29055CF7EAFAC939BCAA\"",
        "Retry-After": "1",
        "Strict-Transport-Security": "max-age=31536000; includeSubDomains; preload",
        "X-Content-Type-Options": "nosniff",
        "x-ms-region": "West US",
        "X-RequestId": "95e39c44-ddfa-4a0c-aff6-e440c4bdf0ec"
      },
      "ResponseBody": {
        "id": "99fb48ca-f381-4f63-aac4-16083950d2af",
        "createdDateTimeUtc": "2024-07-02T20:36:29.6571478Z",
        "lastActionDateTimeUtc": "2024-07-02T20:36:32.4730066Z",
        "status": "Running",
        "summary": {
          "total": 1,
          "failed": 0,
          "success": 0,
          "inProgress": 1,
          "notYetStarted": 0,
          "cancelled": 0,
          "totalCharacterCharged": 0
        }
      }
    },
    {
      "RequestUri": "https://Sanitized.cognitiveservices.azure.com/translator/document/batches/99fb48ca-f381-4f63-aac4-16083950d2af?api-version=2024-05-01",
      "RequestMethod": "GET",
      "RequestHeaders": {
        "Accept": "application/json",
        "Accept-Encoding": "gzip,deflate",
        "Authorization": "Sanitized",
        "Connection": "keep-alive",
        "User-Agent": "azsdk-js-ai-translation-document-rest/1.0.0-beta.2 core-rest-pipeline/1.16.2 Node/20.12.1 OS/(x64-Windows_NT-10.0.22631)",
        "x-ms-client-request-id": "Sanitized"
      },
      "RequestBody": null,
      "StatusCode": 200,
      "ResponseHeaders": {
        "Age": "15",
        "apim-request-id": "7e22cd0f-e530-4729-bea0-750de1f848d0",
        "Cache-Control": "public, max-age=1",
        "Content-Length": "289",
        "Content-Type": "application/json; charset=utf-8",
        "Date": "Tue, 02 Jul 2024 20:36:48 GMT",
        "ETag": "\"FD42BD56F50B45F148F2FA6C68CBEC7E1F38D6E08A7E29055CF7EAFAC939BCAA\"",
        "Retry-After": "1",
        "Strict-Transport-Security": "max-age=31536000; includeSubDomains; preload",
        "X-Content-Type-Options": "nosniff",
        "x-ms-region": "West US",
        "X-RequestId": "0b1e9ef3-e60e-4897-b3c9-3827fd919070"
      },
      "ResponseBody": {
        "id": "99fb48ca-f381-4f63-aac4-16083950d2af",
        "createdDateTimeUtc": "2024-07-02T20:36:29.6571478Z",
        "lastActionDateTimeUtc": "2024-07-02T20:36:32.4730066Z",
        "status": "Running",
        "summary": {
          "total": 1,
          "failed": 0,
          "success": 0,
          "inProgress": 1,
          "notYetStarted": 0,
          "cancelled": 0,
          "totalCharacterCharged": 0
        }
      }
    },
    {
      "RequestUri": "https://Sanitized.cognitiveservices.azure.com/translator/document/batches/99fb48ca-f381-4f63-aac4-16083950d2af?api-version=2024-05-01",
      "RequestMethod": "GET",
      "RequestHeaders": {
        "Accept": "application/json",
        "Accept-Encoding": "gzip,deflate",
        "Authorization": "Sanitized",
        "Connection": "keep-alive",
        "User-Agent": "azsdk-js-ai-translation-document-rest/1.0.0-beta.2 core-rest-pipeline/1.16.2 Node/20.12.1 OS/(x64-Windows_NT-10.0.22631)",
        "x-ms-client-request-id": "Sanitized"
      },
      "RequestBody": null,
      "StatusCode": 200,
      "ResponseHeaders": {
        "Age": "20",
        "apim-request-id": "8cccc938-2859-44c9-9154-a14b837d6f43",
        "Cache-Control": "public, max-age=1",
        "Content-Length": "292",
        "Content-Type": "application/json; charset=utf-8",
        "Date": "Tue, 02 Jul 2024 20:36:49 GMT",
        "ETag": "\"711FC7662762825DDD2157D2D8692B46D7C8BD75EB171314CED4E5DAE5431991\"",
        "Retry-After": "1",
        "Strict-Transport-Security": "max-age=31536000; includeSubDomains; preload",
        "X-Content-Type-Options": "nosniff",
        "x-ms-region": "West US",
        "X-RequestId": "99183a64-10de-4180-b727-d8fc8dd046cc"
      },
      "ResponseBody": {
        "id": "99fb48ca-f381-4f63-aac4-16083950d2af",
        "createdDateTimeUtc": "2024-07-02T20:36:29.6571478Z",
        "lastActionDateTimeUtc": "2024-07-02T20:36:29.6571478Z",
        "status": "NotStarted",
        "summary": {
          "total": 0,
          "failed": 0,
          "success": 0,
          "inProgress": 0,
          "notYetStarted": 0,
          "cancelled": 0,
          "totalCharacterCharged": 0
        }
      }
    },
    {
      "RequestUri": "https://Sanitized.cognitiveservices.azure.com/translator/document/batches/99fb48ca-f381-4f63-aac4-16083950d2af?api-version=2024-05-01",
      "RequestMethod": "GET",
      "RequestHeaders": {
        "Accept": "application/json",
        "Accept-Encoding": "gzip,deflate",
        "Authorization": "Sanitized",
        "Connection": "keep-alive",
        "User-Agent": "azsdk-js-ai-translation-document-rest/1.0.0-beta.2 core-rest-pipeline/1.16.2 Node/20.12.1 OS/(x64-Windows_NT-10.0.22631)",
        "x-ms-client-request-id": "Sanitized"
      },
      "RequestBody": null,
      "StatusCode": 200,
      "ResponseHeaders": {
        "Age": "19",
        "apim-request-id": "e03d5962-aa1d-4b65-9488-8078aa33fa62",
        "Cache-Control": "public, max-age=1",
        "Content-Length": "288",
        "Content-Type": "application/json; charset=utf-8",
        "Date": "Tue, 02 Jul 2024 20:36:50 GMT",
        "ETag": "\"D0E7C6092A3CE7794044A749057CC89CBD11444CD523A1F032E9423A88DEFEAF\"",
        "Retry-After": "1",
        "Strict-Transport-Security": "max-age=31536000; includeSubDomains; preload",
        "X-Content-Type-Options": "nosniff",
        "x-ms-region": "West US",
        "X-RequestId": "7cd85515-e69a-44b2-83a5-dbdd6968aa1d"
      },
      "ResponseBody": {
        "id": "99fb48ca-f381-4f63-aac4-16083950d2af",
        "createdDateTimeUtc": "2024-07-02T20:36:29.6571478Z",
        "lastActionDateTimeUtc": "2024-07-02T20:36:31.536531Z",
        "status": "Running",
        "summary": {
          "total": 1,
          "failed": 0,
          "success": 0,
          "inProgress": 1,
          "notYetStarted": 0,
          "cancelled": 0,
          "totalCharacterCharged": 0
        }
      }
    },
    {
      "RequestUri": "https://Sanitized.cognitiveservices.azure.com/translator/document/batches/99fb48ca-f381-4f63-aac4-16083950d2af?api-version=2024-05-01",
      "RequestMethod": "GET",
      "RequestHeaders": {
        "Accept": "application/json",
        "Accept-Encoding": "gzip,deflate",
        "Authorization": "Sanitized",
        "Connection": "keep-alive",
        "User-Agent": "azsdk-js-ai-translation-document-rest/1.0.0-beta.2 core-rest-pipeline/1.16.2 Node/20.12.1 OS/(x64-Windows_NT-10.0.22631)",
        "x-ms-client-request-id": "Sanitized"
      },
      "RequestBody": null,
      "StatusCode": 200,
      "ResponseHeaders": {
        "Age": "15",
        "apim-request-id": "bf2b4549-4b6e-4533-8659-7d8e2bb24053",
        "Cache-Control": "public, max-age=1",
        "Content-Length": "289",
        "Content-Type": "application/json; charset=utf-8",
        "Date": "Tue, 02 Jul 2024 20:36:51 GMT",
        "ETag": "\"FD42BD56F50B45F148F2FA6C68CBEC7E1F38D6E08A7E29055CF7EAFAC939BCAA\"",
        "Retry-After": "1",
        "Strict-Transport-Security": "max-age=31536000; includeSubDomains; preload",
        "X-Content-Type-Options": "nosniff",
        "x-ms-region": "West US",
        "X-RequestId": "95e39c44-ddfa-4a0c-aff6-e440c4bdf0ec"
      },
      "ResponseBody": {
        "id": "99fb48ca-f381-4f63-aac4-16083950d2af",
        "createdDateTimeUtc": "2024-07-02T20:36:29.6571478Z",
        "lastActionDateTimeUtc": "2024-07-02T20:36:32.4730066Z",
        "status": "Running",
        "summary": {
          "total": 1,
          "failed": 0,
          "success": 0,
          "inProgress": 1,
          "notYetStarted": 0,
          "cancelled": 0,
          "totalCharacterCharged": 0
        }
      }
    },
    {
      "RequestUri": "https://Sanitized.cognitiveservices.azure.com/translator/document/batches/99fb48ca-f381-4f63-aac4-16083950d2af?api-version=2024-05-01",
      "RequestMethod": "GET",
      "RequestHeaders": {
        "Accept": "application/json",
        "Accept-Encoding": "gzip,deflate",
        "Authorization": "Sanitized",
        "Connection": "keep-alive",
        "User-Agent": "azsdk-js-ai-translation-document-rest/1.0.0-beta.2 core-rest-pipeline/1.16.2 Node/20.12.1 OS/(x64-Windows_NT-10.0.22631)",
        "x-ms-client-request-id": "Sanitized"
      },
      "RequestBody": null,
      "StatusCode": 200,
      "ResponseHeaders": {
        "Age": "19",
        "apim-request-id": "ab957e3c-7d3d-4682-8a61-f9a27ed426b9",
        "Cache-Control": "public, max-age=1",
        "Content-Length": "289",
        "Content-Type": "application/json; charset=utf-8",
        "Date": "Tue, 02 Jul 2024 20:36:52 GMT",
        "ETag": "\"FD42BD56F50B45F148F2FA6C68CBEC7E1F38D6E08A7E29055CF7EAFAC939BCAA\"",
        "Retry-After": "1",
        "Strict-Transport-Security": "max-age=31536000; includeSubDomains; preload",
        "X-Content-Type-Options": "nosniff",
        "x-ms-region": "West US",
        "X-RequestId": "0b1e9ef3-e60e-4897-b3c9-3827fd919070"
      },
      "ResponseBody": {
        "id": "99fb48ca-f381-4f63-aac4-16083950d2af",
        "createdDateTimeUtc": "2024-07-02T20:36:29.6571478Z",
        "lastActionDateTimeUtc": "2024-07-02T20:36:32.4730066Z",
        "status": "Running",
        "summary": {
          "total": 1,
          "failed": 0,
          "success": 0,
          "inProgress": 1,
          "notYetStarted": 0,
          "cancelled": 0,
          "totalCharacterCharged": 0
        }
      }
    },
    {
      "RequestUri": "https://Sanitized.cognitiveservices.azure.com/translator/document/batches/99fb48ca-f381-4f63-aac4-16083950d2af?api-version=2024-05-01",
      "RequestMethod": "GET",
      "RequestHeaders": {
        "Accept": "application/json",
        "Accept-Encoding": "gzip,deflate",
        "Authorization": "Sanitized",
        "Connection": "keep-alive",
        "User-Agent": "azsdk-js-ai-translation-document-rest/1.0.0-beta.2 core-rest-pipeline/1.16.2 Node/20.12.1 OS/(x64-Windows_NT-10.0.22631)",
        "x-ms-client-request-id": "Sanitized"
      },
      "RequestBody": null,
      "StatusCode": 200,
      "ResponseHeaders": {
        "Age": "24",
        "apim-request-id": "ca14aad8-887c-4a95-8848-0c9eae3990a8",
        "Cache-Control": "public, max-age=1",
        "Content-Length": "292",
        "Content-Type": "application/json; charset=utf-8",
        "Date": "Tue, 02 Jul 2024 20:36:53 GMT",
        "ETag": "\"711FC7662762825DDD2157D2D8692B46D7C8BD75EB171314CED4E5DAE5431991\"",
        "Retry-After": "1",
        "Strict-Transport-Security": "max-age=31536000; includeSubDomains; preload",
        "X-Content-Type-Options": "nosniff",
        "x-ms-region": "West US",
        "X-RequestId": "99183a64-10de-4180-b727-d8fc8dd046cc"
      },
      "ResponseBody": {
        "id": "99fb48ca-f381-4f63-aac4-16083950d2af",
        "createdDateTimeUtc": "2024-07-02T20:36:29.6571478Z",
        "lastActionDateTimeUtc": "2024-07-02T20:36:29.6571478Z",
        "status": "NotStarted",
        "summary": {
          "total": 0,
          "failed": 0,
          "success": 0,
          "inProgress": 0,
          "notYetStarted": 0,
          "cancelled": 0,
          "totalCharacterCharged": 0
        }
      }
    },
    {
      "RequestUri": "https://Sanitized.cognitiveservices.azure.com/translator/document/batches/99fb48ca-f381-4f63-aac4-16083950d2af?api-version=2024-05-01",
      "RequestMethod": "GET",
      "RequestHeaders": {
        "Accept": "application/json",
        "Accept-Encoding": "gzip,deflate",
        "Authorization": "Sanitized",
        "Connection": "keep-alive",
        "User-Agent": "azsdk-js-ai-translation-document-rest/1.0.0-beta.2 core-rest-pipeline/1.16.2 Node/20.12.1 OS/(x64-Windows_NT-10.0.22631)",
        "x-ms-client-request-id": "Sanitized"
      },
      "RequestBody": null,
      "StatusCode": 200,
      "ResponseHeaders": {
        "Age": "24",
        "apim-request-id": "b32072ec-a835-4c04-96ff-e959e31b60d8",
        "Cache-Control": "public, max-age=1",
        "Content-Length": "292",
        "Content-Type": "application/json; charset=utf-8",
        "Date": "Tue, 02 Jul 2024 20:36:55 GMT",
        "ETag": "\"847CCB6DB868003F4E2E76F7C4737483AF0CB737714CB6AE86135F1F35993443\"",
        "Retry-After": "1",
        "Strict-Transport-Security": "max-age=31536000; includeSubDomains; preload",
        "X-Content-Type-Options": "nosniff",
        "x-ms-region": "West US",
        "X-RequestId": "a2128422-7dd8-4a5b-b0ba-a6a7fc5afe22"
      },
      "ResponseBody": {
        "id": "99fb48ca-f381-4f63-aac4-16083950d2af",
        "createdDateTimeUtc": "2024-07-02T20:36:29.6571478Z",
        "lastActionDateTimeUtc": "2024-07-02T20:36:30.0335966Z",
        "status": "NotStarted",
        "summary": {
          "total": 1,
          "failed": 0,
          "success": 0,
          "inProgress": 0,
          "notYetStarted": 1,
          "cancelled": 0,
          "totalCharacterCharged": 0
        }
      }
    },
    {
      "RequestUri": "https://Sanitized.cognitiveservices.azure.com/translator/document/batches/99fb48ca-f381-4f63-aac4-16083950d2af?api-version=2024-05-01",
      "RequestMethod": "GET",
      "RequestHeaders": {
        "Accept": "application/json",
        "Accept-Encoding": "gzip,deflate",
        "Authorization": "Sanitized",
        "Connection": "keep-alive",
        "User-Agent": "azsdk-js-ai-translation-document-rest/1.0.0-beta.2 core-rest-pipeline/1.16.2 Node/20.12.1 OS/(x64-Windows_NT-10.0.22631)",
        "x-ms-client-request-id": "Sanitized"
      },
      "RequestBody": null,
      "StatusCode": 200,
      "ResponseHeaders": {
        "apim-request-id": "25bd5aa1-183f-4049-a9ce-75fc72bf7357",
        "Cache-Control": "public, max-age=1",
        "Content-Type": "application/json; charset=utf-8",
        "Date": "Tue, 02 Jul 2024 20:36:56 GMT",
        "ETag": "\"36C3ED0218BFAA75B7DB553FF7CAA2BF2B563BC9391405BDDFC2FEC4FCBA27DD\"",
        "Retry-After": "1",
        "Strict-Transport-Security": "max-age=31536000; includeSubDomains; preload",
        "Transfer-Encoding": "chunked",
        "X-Content-Type-Options": "nosniff",
        "x-ms-region": "West US",
        "X-RequestId": "25bd5aa1-183f-4049-a9ce-75fc72bf7357"
      },
      "ResponseBody": {
        "id": "99fb48ca-f381-4f63-aac4-16083950d2af",
        "createdDateTimeUtc": "2024-07-02T20:36:29.6571478Z",
        "lastActionDateTimeUtc": "2024-07-02T20:36:45.7266827Z",
        "status": "Succeeded",
        "summary": {
          "total": 1,
          "failed": 0,
          "success": 1,
          "inProgress": 0,
          "notYetStarted": 0,
          "cancelled": 0,
          "totalCharacterCharged": 27
        }
      }
    },
    {
      "RequestUri": "https://Sanitized.cognitiveservices.azure.com/translator/document/batches/99fb48ca-f381-4f63-aac4-16083950d2af?api-version=2024-05-01",
      "RequestMethod": "GET",
      "RequestHeaders": {
        "Accept": "application/json",
        "Accept-Encoding": "gzip,deflate",
        "Authorization": "Sanitized",
        "Connection": "keep-alive",
        "User-Agent": "azsdk-js-ai-translation-document-rest/1.0.0-beta.2 core-rest-pipeline/1.16.2 Node/20.12.1 OS/(x64-Windows_NT-10.0.22631)",
        "x-ms-client-request-id": "Sanitized"
      },
      "RequestBody": null,
      "StatusCode": 200,
      "ResponseHeaders": {
        "apim-request-id": "f45792f7-68a1-4ea7-a560-38f59dbddc87",
        "Cache-Control": "public, max-age=1",
        "Content-Type": "application/json; charset=utf-8",
        "Date": "Tue, 02 Jul 2024 20:37:06 GMT",
        "ETag": "\"36C3ED0218BFAA75B7DB553FF7CAA2BF2B563BC9391405BDDFC2FEC4FCBA27DD\"",
        "Retry-After": "1",
        "Strict-Transport-Security": "max-age=31536000; includeSubDomains; preload",
        "Transfer-Encoding": "chunked",
        "X-Content-Type-Options": "nosniff",
        "x-ms-region": "West US",
        "X-RequestId": "f45792f7-68a1-4ea7-a560-38f59dbddc87"
      },
      "ResponseBody": {
        "id": "99fb48ca-f381-4f63-aac4-16083950d2af",
        "createdDateTimeUtc": "2024-07-02T20:36:29.6571478Z",
        "lastActionDateTimeUtc": "2024-07-02T20:36:45.7266827Z",
        "status": "Succeeded",
        "summary": {
          "total": 1,
          "failed": 0,
          "success": 1,
          "inProgress": 0,
          "notYetStarted": 0,
          "cancelled": 0,
          "totalCharacterCharged": 27
        }
      }
    },
    {
      "RequestUri": "https://Sanitized.cognitiveservices.azure.com/translator/document/batches/99fb48ca-f381-4f63-aac4-16083950d2af?api-version=2024-05-01",
      "RequestMethod": "GET",
      "RequestHeaders": {
        "Accept": "application/json",
        "Accept-Encoding": "gzip,deflate",
        "Authorization": "Sanitized",
        "Connection": "keep-alive",
        "User-Agent": "azsdk-js-ai-translation-document-rest/1.0.0-beta.2 core-rest-pipeline/1.16.2 Node/20.12.1 OS/(x64-Windows_NT-10.0.22631)",
        "x-ms-client-request-id": "Sanitized"
      },
      "RequestBody": null,
      "StatusCode": 200,
      "ResponseHeaders": {
        "apim-request-id": "ba581613-7e11-4d92-83d2-69d32421a4c5",
        "Cache-Control": "public, max-age=1",
        "Content-Type": "application/json; charset=utf-8",
        "Date": "Tue, 02 Jul 2024 20:37:17 GMT",
        "ETag": "\"36C3ED0218BFAA75B7DB553FF7CAA2BF2B563BC9391405BDDFC2FEC4FCBA27DD\"",
        "Retry-After": "1",
        "Strict-Transport-Security": "max-age=31536000; includeSubDomains; preload",
        "Transfer-Encoding": "chunked",
        "X-Content-Type-Options": "nosniff",
        "x-ms-region": "West US",
        "X-RequestId": "ba581613-7e11-4d92-83d2-69d32421a4c5"
      },
      "ResponseBody": {
        "id": "99fb48ca-f381-4f63-aac4-16083950d2af",
        "createdDateTimeUtc": "2024-07-02T20:36:29.6571478Z",
        "lastActionDateTimeUtc": "2024-07-02T20:36:45.7266827Z",
        "status": "Succeeded",
        "summary": {
          "total": 1,
          "failed": 0,
          "success": 1,
          "inProgress": 0,
          "notYetStarted": 0,
          "cancelled": 0,
          "totalCharacterCharged": 27
        }
      }
    },
    {
      "RequestUri": "https://Sanitized.cognitiveservices.azure.com/translator/document/batches/99fb48ca-f381-4f63-aac4-16083950d2af?api-version=2024-05-01",
      "RequestMethod": "GET",
      "RequestHeaders": {
        "Accept": "application/json",
        "Accept-Encoding": "gzip,deflate",
        "Authorization": "Sanitized",
        "Connection": "keep-alive",
        "User-Agent": "azsdk-js-ai-translation-document-rest/1.0.0-beta.2 core-rest-pipeline/1.16.2 Node/20.12.1 OS/(x64-Windows_NT-10.0.22631)",
        "x-ms-client-request-id": "Sanitized"
      },
      "RequestBody": null,
      "StatusCode": 200,
      "ResponseHeaders": {
        "apim-request-id": "f90db384-43f5-45bf-a8d6-65bdb79b32dd",
        "Cache-Control": "public, max-age=1",
        "Content-Type": "application/json; charset=utf-8",
        "Date": "Tue, 02 Jul 2024 20:37:27 GMT",
        "ETag": "\"36C3ED0218BFAA75B7DB553FF7CAA2BF2B563BC9391405BDDFC2FEC4FCBA27DD\"",
        "Retry-After": "1",
        "Strict-Transport-Security": "max-age=31536000; includeSubDomains; preload",
        "Transfer-Encoding": "chunked",
        "X-Content-Type-Options": "nosniff",
        "x-ms-region": "West US",
        "X-RequestId": "f90db384-43f5-45bf-a8d6-65bdb79b32dd"
      },
      "ResponseBody": {
        "id": "99fb48ca-f381-4f63-aac4-16083950d2af",
        "createdDateTimeUtc": "2024-07-02T20:36:29.6571478Z",
        "lastActionDateTimeUtc": "2024-07-02T20:36:45.7266827Z",
        "status": "Succeeded",
        "summary": {
          "total": 1,
          "failed": 0,
          "success": 1,
          "inProgress": 0,
          "notYetStarted": 0,
          "cancelled": 0,
          "totalCharacterCharged": 27
        }
      }
    },
    {
      "RequestUri": "https://Sanitized.cognitiveservices.azure.com/translator/document/batches/99fb48ca-f381-4f63-aac4-16083950d2af?api-version=2024-05-01",
      "RequestMethod": "GET",
      "RequestHeaders": {
        "Accept": "application/json",
        "Accept-Encoding": "gzip,deflate",
        "Authorization": "Sanitized",
        "Connection": "keep-alive",
        "User-Agent": "azsdk-js-ai-translation-document-rest/1.0.0-beta.2 core-rest-pipeline/1.16.2 Node/20.12.1 OS/(x64-Windows_NT-10.0.22631)",
        "x-ms-client-request-id": "Sanitized"
      },
      "RequestBody": null,
      "StatusCode": 200,
      "ResponseHeaders": {
        "Age": "41",
        "apim-request-id": "d31fe1a4-87d8-419d-b244-50a4736fb47b",
        "Cache-Control": "public, max-age=1",
        "Content-Length": "292",
        "Content-Type": "application/json; charset=utf-8",
        "Date": "Tue, 02 Jul 2024 20:37:37 GMT",
        "ETag": "\"36C3ED0218BFAA75B7DB553FF7CAA2BF2B563BC9391405BDDFC2FEC4FCBA27DD\"",
        "Retry-After": "1",
        "Strict-Transport-Security": "max-age=31536000; includeSubDomains; preload",
        "X-Content-Type-Options": "nosniff",
        "x-ms-region": "West US",
        "X-RequestId": "25bd5aa1-183f-4049-a9ce-75fc72bf7357"
      },
      "ResponseBody": {
        "id": "99fb48ca-f381-4f63-aac4-16083950d2af",
        "createdDateTimeUtc": "2024-07-02T20:36:29.6571478Z",
        "lastActionDateTimeUtc": "2024-07-02T20:36:45.7266827Z",
        "status": "Succeeded",
        "summary": {
          "total": 1,
          "failed": 0,
          "success": 1,
          "inProgress": 0,
          "notYetStarted": 0,
          "cancelled": 0,
          "totalCharacterCharged": 27
        }
      }
    },
    {
      "RequestUri": "https://Sanitized.cognitiveservices.azure.com/translator/document/batches/99fb48ca-f381-4f63-aac4-16083950d2af?api-version=2024-05-01",
      "RequestMethod": "GET",
      "RequestHeaders": {
        "Accept": "application/json",
        "Accept-Encoding": "gzip,deflate",
        "Authorization": "Sanitized",
        "Connection": "keep-alive",
        "User-Agent": "azsdk-js-ai-translation-document-rest/1.0.0-beta.2 core-rest-pipeline/1.16.2 Node/20.12.1 OS/(x64-Windows_NT-10.0.22631)",
        "x-ms-client-request-id": "Sanitized"
      },
      "RequestBody": null,
      "StatusCode": 200,
      "ResponseHeaders": {
        "apim-request-id": "76ecddb6-24a1-4aa7-835a-ae3f45cd1290",
        "Cache-Control": "public, max-age=1",
        "Content-Type": "application/json; charset=utf-8",
        "Date": "Tue, 02 Jul 2024 20:37:48 GMT",
        "ETag": "\"36C3ED0218BFAA75B7DB553FF7CAA2BF2B563BC9391405BDDFC2FEC4FCBA27DD\"",
        "Retry-After": "1",
        "Strict-Transport-Security": "max-age=31536000; includeSubDomains; preload",
        "Transfer-Encoding": "chunked",
        "X-Content-Type-Options": "nosniff",
        "x-ms-region": "West US",
        "X-RequestId": "76ecddb6-24a1-4aa7-835a-ae3f45cd1290"
      },
      "ResponseBody": {
        "id": "99fb48ca-f381-4f63-aac4-16083950d2af",
        "createdDateTimeUtc": "2024-07-02T20:36:29.6571478Z",
        "lastActionDateTimeUtc": "2024-07-02T20:36:45.7266827Z",
        "status": "Succeeded",
        "summary": {
          "total": 1,
          "failed": 0,
          "success": 1,
          "inProgress": 0,
          "notYetStarted": 0,
          "cancelled": 0,
          "totalCharacterCharged": 27
        }
      }
    },
    {
      "RequestUri": "https://Sanitized.cognitiveservices.azure.com/translator/document/batches/99fb48ca-f381-4f63-aac4-16083950d2af?api-version=2024-05-01",
      "RequestMethod": "GET",
      "RequestHeaders": {
        "Accept": "application/json",
        "Accept-Encoding": "gzip,deflate",
        "Authorization": "Sanitized",
        "Connection": "keep-alive",
        "User-Agent": "azsdk-js-ai-translation-document-rest/1.0.0-beta.2 core-rest-pipeline/1.16.2 Node/20.12.1 OS/(x64-Windows_NT-10.0.22631)",
        "x-ms-client-request-id": "Sanitized"
      },
      "RequestBody": null,
      "StatusCode": 200,
      "ResponseHeaders": {
        "Age": "51",
        "apim-request-id": "1cd81677-996a-4aa1-bebb-a5d30713da01",
        "Cache-Control": "public, max-age=1",
        "Content-Length": "292",
        "Content-Type": "application/json; charset=utf-8",
        "Date": "Tue, 02 Jul 2024 20:37:58 GMT",
        "ETag": "\"36C3ED0218BFAA75B7DB553FF7CAA2BF2B563BC9391405BDDFC2FEC4FCBA27DD\"",
        "Retry-After": "1",
        "Strict-Transport-Security": "max-age=31536000; includeSubDomains; preload",
        "X-Content-Type-Options": "nosniff",
        "x-ms-region": "West US",
        "X-RequestId": "f45792f7-68a1-4ea7-a560-38f59dbddc87"
      },
      "ResponseBody": {
        "id": "99fb48ca-f381-4f63-aac4-16083950d2af",
        "createdDateTimeUtc": "2024-07-02T20:36:29.6571478Z",
        "lastActionDateTimeUtc": "2024-07-02T20:36:45.7266827Z",
        "status": "Succeeded",
        "summary": {
          "total": 1,
          "failed": 0,
          "success": 1,
          "inProgress": 0,
          "notYetStarted": 0,
          "cancelled": 0,
          "totalCharacterCharged": 27
        }
      }
    },
    {
      "RequestUri": "https://Sanitized.cognitiveservices.azure.com/translator/document/batches/99fb48ca-f381-4f63-aac4-16083950d2af?api-version=2024-05-01",
      "RequestMethod": "GET",
      "RequestHeaders": {
        "Accept": "application/json",
        "Accept-Encoding": "gzip,deflate",
        "Authorization": "Sanitized",
        "Connection": "keep-alive",
        "User-Agent": "azsdk-js-ai-translation-document-rest/1.0.0-beta.2 core-rest-pipeline/1.16.2 Node/20.12.1 OS/(x64-Windows_NT-10.0.22631)",
        "x-ms-client-request-id": "Sanitized"
      },
      "RequestBody": null,
      "StatusCode": 200,
      "ResponseHeaders": {
        "Age": "51",
        "apim-request-id": "6538700d-42d5-4c7a-9039-6d1001cea51b",
        "Cache-Control": "public, max-age=1",
        "Content-Length": "292",
        "Content-Type": "application/json; charset=utf-8",
        "Date": "Tue, 02 Jul 2024 20:38:08 GMT",
        "ETag": "\"36C3ED0218BFAA75B7DB553FF7CAA2BF2B563BC9391405BDDFC2FEC4FCBA27DD\"",
        "Retry-After": "1",
        "Strict-Transport-Security": "max-age=31536000; includeSubDomains; preload",
        "X-Content-Type-Options": "nosniff",
        "x-ms-region": "West US",
        "X-RequestId": "ba581613-7e11-4d92-83d2-69d32421a4c5"
      },
      "ResponseBody": {
        "id": "99fb48ca-f381-4f63-aac4-16083950d2af",
        "createdDateTimeUtc": "2024-07-02T20:36:29.6571478Z",
        "lastActionDateTimeUtc": "2024-07-02T20:36:45.7266827Z",
        "status": "Succeeded",
        "summary": {
          "total": 1,
          "failed": 0,
          "success": 1,
          "inProgress": 0,
          "notYetStarted": 0,
          "cancelled": 0,
          "totalCharacterCharged": 27
        }
      }
    },
    {
      "RequestUri": "https://Sanitized.cognitiveservices.azure.com/translator/document/batches/99fb48ca-f381-4f63-aac4-16083950d2af?api-version=2024-05-01",
      "RequestMethod": "GET",
      "RequestHeaders": {
        "Accept": "application/json",
        "Accept-Encoding": "gzip,deflate",
        "Authorization": "Sanitized",
        "Connection": "keep-alive",
        "User-Agent": "azsdk-js-ai-translation-document-rest/1.0.0-beta.2 core-rest-pipeline/1.16.2 Node/20.12.1 OS/(x64-Windows_NT-10.0.22631)",
        "x-ms-client-request-id": "Sanitized"
      },
      "RequestBody": null,
      "StatusCode": 200,
      "ResponseHeaders": {
        "Age": "50",
        "apim-request-id": "7a92b121-2394-43ae-99b0-00cfb2f97a0c",
        "Cache-Control": "public, max-age=1",
        "Content-Length": "292",
        "Content-Type": "application/json; charset=utf-8",
        "Date": "Tue, 02 Jul 2024 20:38:18 GMT",
        "ETag": "\"36C3ED0218BFAA75B7DB553FF7CAA2BF2B563BC9391405BDDFC2FEC4FCBA27DD\"",
        "Retry-After": "1",
        "Strict-Transport-Security": "max-age=31536000; includeSubDomains; preload",
        "X-Content-Type-Options": "nosniff",
        "x-ms-region": "West US",
        "X-RequestId": "f90db384-43f5-45bf-a8d6-65bdb79b32dd"
      },
      "ResponseBody": {
        "id": "99fb48ca-f381-4f63-aac4-16083950d2af",
        "createdDateTimeUtc": "2024-07-02T20:36:29.6571478Z",
        "lastActionDateTimeUtc": "2024-07-02T20:36:45.7266827Z",
        "status": "Succeeded",
        "summary": {
          "total": 1,
          "failed": 0,
          "success": 1,
          "inProgress": 0,
          "notYetStarted": 0,
          "cancelled": 0,
          "totalCharacterCharged": 27
        }
      }
    },
    {
      "RequestUri": "https://Sanitized.cognitiveservices.azure.com/translator/document/batches/99fb48ca-f381-4f63-aac4-16083950d2af?api-version=2024-05-01",
      "RequestMethod": "GET",
      "RequestHeaders": {
        "Accept": "application/json",
        "Accept-Encoding": "gzip,deflate",
        "Authorization": "Sanitized",
        "Connection": "keep-alive",
        "User-Agent": "azsdk-js-ai-translation-document-rest/1.0.0-beta.2 core-rest-pipeline/1.16.2 Node/20.12.1 OS/(x64-Windows_NT-10.0.22631)",
        "x-ms-client-request-id": "Sanitized"
      },
      "RequestBody": null,
      "StatusCode": 200,
      "ResponseHeaders": {
        "Age": "40",
        "apim-request-id": "cc99cde3-931c-448a-92c3-3fb01d69d5cb",
        "Cache-Control": "public, max-age=1",
        "Content-Length": "292",
        "Content-Type": "application/json; charset=utf-8",
        "Date": "Tue, 02 Jul 2024 20:38:28 GMT",
        "ETag": "\"36C3ED0218BFAA75B7DB553FF7CAA2BF2B563BC9391405BDDFC2FEC4FCBA27DD\"",
        "Retry-After": "1",
        "Strict-Transport-Security": "max-age=31536000; includeSubDomains; preload",
        "X-Content-Type-Options": "nosniff",
        "x-ms-region": "West US",
        "X-RequestId": "76ecddb6-24a1-4aa7-835a-ae3f45cd1290"
      },
      "ResponseBody": {
        "id": "99fb48ca-f381-4f63-aac4-16083950d2af",
        "createdDateTimeUtc": "2024-07-02T20:36:29.6571478Z",
        "lastActionDateTimeUtc": "2024-07-02T20:36:45.7266827Z",
        "status": "Succeeded",
        "summary": {
          "total": 1,
          "failed": 0,
          "success": 1,
          "inProgress": 0,
          "notYetStarted": 0,
          "cancelled": 0,
          "totalCharacterCharged": 27
        }
      }
    },
    {
      "RequestUri": "https://Sanitized.cognitiveservices.azure.com/translator/document/batches/99fb48ca-f381-4f63-aac4-16083950d2af?api-version=2024-05-01",
      "RequestMethod": "GET",
      "RequestHeaders": {
        "Accept": "application/json",
        "Accept-Encoding": "gzip,deflate",
        "Authorization": "Sanitized",
        "Connection": "keep-alive",
        "User-Agent": "azsdk-js-ai-translation-document-rest/1.0.0-beta.2 core-rest-pipeline/1.16.2 Node/20.12.1 OS/(x64-Windows_NT-10.0.22631)",
        "x-ms-client-request-id": "Sanitized"
      },
      "RequestBody": null,
      "StatusCode": 200,
      "ResponseHeaders": {
        "apim-request-id": "9b7cada1-90a0-493b-ab6d-2ccab7b4af8c",
        "Cache-Control": "public, max-age=1",
        "Content-Type": "application/json; charset=utf-8",
        "Date": "Tue, 02 Jul 2024 20:38:38 GMT",
        "ETag": "\"36C3ED0218BFAA75B7DB553FF7CAA2BF2B563BC9391405BDDFC2FEC4FCBA27DD\"",
        "Retry-After": "1",
        "Strict-Transport-Security": "max-age=31536000; includeSubDomains; preload",
        "Transfer-Encoding": "chunked",
        "X-Content-Type-Options": "nosniff",
        "x-ms-region": "West US",
        "X-RequestId": "9b7cada1-90a0-493b-ab6d-2ccab7b4af8c"
      },
      "ResponseBody": {
        "id": "99fb48ca-f381-4f63-aac4-16083950d2af",
        "createdDateTimeUtc": "2024-07-02T20:36:29.6571478Z",
        "lastActionDateTimeUtc": "2024-07-02T20:36:45.7266827Z",
        "status": "Succeeded",
        "summary": {
          "total": 1,
          "failed": 0,
          "success": 1,
          "inProgress": 0,
          "notYetStarted": 0,
          "cancelled": 0,
          "totalCharacterCharged": 27
        }
      }
    },
    {
      "RequestUri": "https://Sanitized.cognitiveservices.azure.com/translator/document/batches/99fb48ca-f381-4f63-aac4-16083950d2af/documents?api-version=2024-05-01",
      "RequestMethod": "GET",
      "RequestHeaders": {
        "Accept": "application/json",
        "Accept-Encoding": "gzip,deflate",
        "Authorization": "Sanitized",
        "Connection": "keep-alive",
        "User-Agent": "azsdk-js-ai-translation-document-rest/1.0.0-beta.2 core-rest-pipeline/1.16.2 Node/20.12.1 OS/(x64-Windows_NT-10.0.22631)",
        "x-ms-client-request-id": "Sanitized"
      },
      "RequestBody": null,
      "StatusCode": 200,
      "ResponseHeaders": {
        "apim-request-id": "31f4540d-d313-4d67-a256-38ba1726bc17",
        "Cache-Control": "public, max-age=1",
        "Content-Type": "application/json; charset=utf-8",
        "Date": "Tue, 02 Jul 2024 20:38:39 GMT",
        "ETag": "\"B474BBF94A2218AA0DC02BFD110FB1912304AA642C3728EC117DB19FBA3467EA\"",
        "Retry-After": "1",
        "Strict-Transport-Security": "max-age=31536000; includeSubDomains; preload",
        "Transfer-Encoding": "chunked",
        "X-Content-Type-Options": "nosniff",
        "x-ms-region": "West US",
        "X-RequestId": "31f4540d-d313-4d67-a256-38ba1726bc17"
      },
      "ResponseBody": {
        "value": [
          {
            "path": "https://fakestoragename.blob.core.windows.net:443/target-6245124334/Document1.txt",
            "sourcePath": "https://fakestoragename.blob.core.windows.net:443/source-1228452288/Document1.txt",
            "createdDateTimeUtc": "2024-07-02T20:36:31.543728Z",
            "lastActionDateTimeUtc": "2024-07-02T20:36:45.72662Z",
            "status": "Succeeded",
            "to": "Sanitized",
            "progress": 1,
            "id": "00d38474-0000-0000-0000-000000000000",
            "characterCharged": 27
          }
        ]
      }
    }
  ],
  "Variables": {
    "sourceContainer": "source-1228452288",
    "targetContainer": "target-6245124334"
  }
}
