{
  "Entries": [
    {
      "RequestUri": "https://endpoint/translator/document/batches?api-version=2024-05-01",
      "RequestMethod": "POST",
      "RequestHeaders": {
        "Accept": "application/json",
        "Accept-Encoding": "gzip,deflate",
        "Authorization": "Sanitized",
        "Connection": "keep-alive",
        "Content-Length": "161",
        "Content-Type": "application/json",
        "User-Agent": "azsdk-js-ai-translation-document-rest/1.0.0 core-rest-pipeline/1.19.2 Node/20.18.0 OS/(x64-Linux-5.15.167.4-microsoft-standard-WSL2)",
        "x-ms-client-request-id": "2f0d9726-9ca9-4ba7-9186-910605cd841a"
      },
      "RequestBody": {
        "inputs": [
          {
            "source": {
              "sourceUrl": "https://blob.endpoint/source-container1"
            },
            "targets": [
              {
                "targetUrl": "https://blob.endpoint/target-container1",
                "language": "fr"
              }
            ]
          }
        ]
      },
      "StatusCode": 202,
      "ResponseHeaders": {
        "apim-request-id": "4c0205e7-19aa-43d0-a849-3affce30297c",
        "Content-Type": "application/json; charset=utf-8",
        "Date": "Wed, 02 Apr 2025 00:40:39 GMT",
        "operation-location": "https://endpoint/translator/document/batches/37e71d36-4636-4922-beb8-5412cefa548c?api-version=2024-05-01",
        "Strict-Transport-Security": "max-age=31536000; includeSubDomains; preload",
        "Transfer-Encoding": "chunked",
        "X-Content-Type-Options": "nosniff",
        "x-envoy-upstream-service-time": "349",
        "x-ms-region": "West US",
        "x-requestid": "4c0205e7-19aa-43d0-a849-3affce30297c"
      },
      "ResponseBody": {
        "id": "37e71d36-4636-4922-beb8-5412cefa548c",
        "status": "NotStarted"
      }
    },
    {
      "RequestUri": "https://endpoint/translator/document/batches/37e71d36-4636-4922-beb8-5412cefa548c?api-version=2024-05-01",
      "RequestMethod": "GET",
      "RequestHeaders": {
        "Accept": "application/json",
        "Accept-Encoding": "gzip,deflate",
        "Authorization": "Sanitized",
        "Connection": "keep-alive",
        "User-Agent": "azsdk-js-ai-translation-document-rest/1.0.0 core-rest-pipeline/1.19.2 Node/20.18.0 OS/(x64-Linux-5.15.167.4-microsoft-standard-WSL2)",
        "x-ms-client-request-id": "720c9913-70dc-478d-93d1-cd5f9f2efac0"
      },
      "RequestBody": null,
      "StatusCode": 200,
      "ResponseHeaders": {
        "apim-request-id": "b3294222-b0cb-4f67-b485-5a126ca01b26",
        "Content-Type": "application/json; charset=utf-8",
        "Date": "Wed, 02 Apr 2025 00:40:39 GMT",
        "ETag": "\"D20E8D93E0383499A3C0D6D3D93C6FCB84DD55781BEA7A8668FE48D18E373E23\"",
        "Retry-After": "1",
        "Strict-Transport-Security": "max-age=31536000; includeSubDomains; preload",
        "Transfer-Encoding": "chunked",
        "X-Content-Type-Options": "nosniff",
        "x-envoy-upstream-service-time": "274",
        "x-ms-region": "West US",
        "x-requestid": "b3294222-b0cb-4f67-b485-5a126ca01b26"
      },
      "ResponseBody": {
        "id": "37e71d36-4636-4922-beb8-5412cefa548c",
        "createdDateTimeUtc": "2025-04-02T00:40:39.1338015Z",
        "lastActionDateTimeUtc": "2025-04-02T00:40:39.1338016Z",
        "status": "NotStarted",
        "summary": {
          "total": 0,
          "failed": 0,
          "success": 0,
          "inProgress": 0,
          "notYetStarted": 0,
          "cancelled": 0,
          "totalCharacterCharged": 0
        }
      }
    },
    {
      "RequestUri": "https://endpoint/translator/document/batches/37e71d36-4636-4922-beb8-5412cefa548c?api-version=2024-05-01",
      "RequestMethod": "GET",
      "RequestHeaders": {
        "Accept": "application/json",
        "Accept-Encoding": "gzip,deflate",
        "Authorization": "Sanitized",
        "Connection": "keep-alive",
        "User-Agent": "azsdk-js-ai-translation-document-rest/1.0.0 core-rest-pipeline/1.19.2 Node/20.18.0 OS/(x64-Linux-5.15.167.4-microsoft-standard-WSL2)",
        "x-ms-client-request-id": "c2cffc80-949f-40ca-a2d8-390ef248ffb4"
      },
      "RequestBody": null,
      "StatusCode": 200,
      "ResponseHeaders": {
        "Age": "1",
        "apim-request-id": "8b706f4d-0b24-4eb2-a079-6445bf168741",
        "Content-Length": "292",
        "Content-Type": "application/json; charset=utf-8",
        "Date": "Wed, 02 Apr 2025 00:40:40 GMT",
        "ETag": "\"D20E8D93E0383499A3C0D6D3D93C6FCB84DD55781BEA7A8668FE48D18E373E23\"",
        "Retry-After": "1",
        "Strict-Transport-Security": "max-age=31536000; includeSubDomains; preload",
        "X-Content-Type-Options": "nosniff",
        "x-envoy-upstream-service-time": "2",
        "x-ms-region": "West US",
        "x-requestid": "8b706f4d-0b24-4eb2-a079-6445bf168741"
      },
      "ResponseBody": {
        "id": "37e71d36-4636-4922-beb8-5412cefa548c",
        "createdDateTimeUtc": "2025-04-02T00:40:39.1338015Z",
        "lastActionDateTimeUtc": "2025-04-02T00:40:39.1338016Z",
        "status": "NotStarted",
        "summary": {
          "total": 0,
          "failed": 0,
          "success": 0,
          "inProgress": 0,
          "notYetStarted": 0,
          "cancelled": 0,
          "totalCharacterCharged": 0
        }
      }
    },
    {
      "RequestUri": "https://endpoint/translator/document/batches/37e71d36-4636-4922-beb8-5412cefa548c?api-version=2024-05-01",
      "RequestMethod": "GET",
      "RequestHeaders": {
        "Accept": "application/json",
        "Accept-Encoding": "gzip,deflate",
        "Authorization": "Sanitized",
        "Connection": "keep-alive",
        "User-Agent": "azsdk-js-ai-translation-document-rest/1.0.0 core-rest-pipeline/1.19.2 Node/20.18.0 OS/(x64-Linux-5.15.167.4-microsoft-standard-WSL2)",
        "x-ms-client-request-id": "d039a9b5-119f-4890-8b75-5cde2226dcd1"
      },
      "RequestBody": null,
      "StatusCode": 200,
      "ResponseHeaders": {
        "Age": "2",
        "apim-request-id": "f35b9b77-cbfd-4138-9fb6-30c809789ab8",
        "Content-Length": "292",
        "Content-Type": "application/json; charset=utf-8",
        "Date": "Wed, 02 Apr 2025 00:40:41 GMT",
        "ETag": "\"D20E8D93E0383499A3C0D6D3D93C6FCB84DD55781BEA7A8668FE48D18E373E23\"",
        "Retry-After": "1",
        "Strict-Transport-Security": "max-age=31536000; includeSubDomains; preload",
        "X-Content-Type-Options": "nosniff",
        "x-envoy-upstream-service-time": "2",
        "x-ms-region": "West US",
        "x-requestid": "f35b9b77-cbfd-4138-9fb6-30c809789ab8"
      },
      "ResponseBody": {
        "id": "37e71d36-4636-4922-beb8-5412cefa548c",
        "createdDateTimeUtc": "2025-04-02T00:40:39.1338015Z",
        "lastActionDateTimeUtc": "2025-04-02T00:40:39.1338016Z",
        "status": "NotStarted",
        "summary": {
          "total": 0,
          "failed": 0,
          "success": 0,
          "inProgress": 0,
          "notYetStarted": 0,
          "cancelled": 0,
          "totalCharacterCharged": 0
        }
      }
    },
    {
      "RequestUri": "https://endpoint/translator/document/batches/37e71d36-4636-4922-beb8-5412cefa548c?api-version=2024-05-01",
      "RequestMethod": "GET",
      "RequestHeaders": {
        "Accept": "application/json",
        "Accept-Encoding": "gzip,deflate",
        "Authorization": "Sanitized",
        "Connection": "keep-alive",
        "User-Agent": "azsdk-js-ai-translation-document-rest/1.0.0 core-rest-pipeline/1.19.2 Node/20.18.0 OS/(x64-Linux-5.15.167.4-microsoft-standard-WSL2)",
        "x-ms-client-request-id": "e5ac89e9-1cd8-49d1-ba42-4e96f3a493ba"
      },
      "RequestBody": null,
      "StatusCode": 200,
      "ResponseHeaders": {
        "Age": "3",
        "apim-request-id": "a851594c-4385-4845-88aa-2cc71cb62fc6",
        "Content-Length": "292",
        "Content-Type": "application/json; charset=utf-8",
        "Date": "Wed, 02 Apr 2025 00:40:43 GMT",
        "ETag": "\"D20E8D93E0383499A3C0D6D3D93C6FCB84DD55781BEA7A8668FE48D18E373E23\"",
        "Retry-After": "1",
        "Strict-Transport-Security": "max-age=31536000; includeSubDomains; preload",
        "X-Content-Type-Options": "nosniff",
        "x-envoy-upstream-service-time": "2",
        "x-ms-region": "West US",
        "x-requestid": "a851594c-4385-4845-88aa-2cc71cb62fc6"
      },
      "ResponseBody": {
        "id": "37e71d36-4636-4922-beb8-5412cefa548c",
        "createdDateTimeUtc": "2025-04-02T00:40:39.1338015Z",
        "lastActionDateTimeUtc": "2025-04-02T00:40:39.1338016Z",
        "status": "NotStarted",
        "summary": {
          "total": 0,
          "failed": 0,
          "success": 0,
          "inProgress": 0,
          "notYetStarted": 0,
          "cancelled": 0,
          "totalCharacterCharged": 0
        }
      }
    },
    {
      "RequestUri": "https://endpoint/translator/document/batches/37e71d36-4636-4922-beb8-5412cefa548c?api-version=2024-05-01",
      "RequestMethod": "GET",
      "RequestHeaders": {
        "Accept": "application/json",
        "Accept-Encoding": "gzip,deflate",
        "Authorization": "Sanitized",
        "Connection": "keep-alive",
        "User-Agent": "azsdk-js-ai-translation-document-rest/1.0.0 core-rest-pipeline/1.19.2 Node/20.18.0 OS/(x64-Linux-5.15.167.4-microsoft-standard-WSL2)",
        "x-ms-client-request-id": "db2c589d-69b1-4850-9b95-e2c12986103d"
      },
      "RequestBody": null,
      "StatusCode": 200,
      "ResponseHeaders": {
        "Age": "4",
        "apim-request-id": "be52a592-8143-4600-a163-43cc0b167ceb",
        "Content-Length": "292",
        "Content-Type": "application/json; charset=utf-8",
        "Date": "Wed, 02 Apr 2025 00:40:43 GMT",
        "ETag": "\"D20E8D93E0383499A3C0D6D3D93C6FCB84DD55781BEA7A8668FE48D18E373E23\"",
        "Retry-After": "1",
        "Strict-Transport-Security": "max-age=31536000; includeSubDomains; preload",
        "X-Content-Type-Options": "nosniff",
        "x-envoy-upstream-service-time": "2",
        "x-ms-region": "West US",
        "x-requestid": "be52a592-8143-4600-a163-43cc0b167ceb"
      },
      "ResponseBody": {
        "id": "37e71d36-4636-4922-beb8-5412cefa548c",
        "createdDateTimeUtc": "2025-04-02T00:40:39.1338015Z",
        "lastActionDateTimeUtc": "2025-04-02T00:40:39.1338016Z",
        "status": "NotStarted",
        "summary": {
          "total": 0,
          "failed": 0,
          "success": 0,
          "inProgress": 0,
          "notYetStarted": 0,
          "cancelled": 0,
          "totalCharacterCharged": 0
        }
      }
    },
    {
      "RequestUri": "https://endpoint/translator/document/batches/37e71d36-4636-4922-beb8-5412cefa548c?api-version=2024-05-01",
      "RequestMethod": "GET",
      "RequestHeaders": {
        "Accept": "application/json",
        "Accept-Encoding": "gzip,deflate",
        "Authorization": "Sanitized",
        "Connection": "keep-alive",
        "User-Agent": "azsdk-js-ai-translation-document-rest/1.0.0 core-rest-pipeline/1.19.2 Node/20.18.0 OS/(x64-Linux-5.15.167.4-microsoft-standard-WSL2)",
        "x-ms-client-request-id": "45d06f2b-d90e-4d66-affe-2820cc7b4c29"
      },
      "RequestBody": null,
      "StatusCode": 200,
      "ResponseHeaders": {
        "Age": "5",
        "apim-request-id": "dd56a928-202b-4898-9b77-e4efa45444fc",
        "Content-Length": "292",
        "Content-Type": "application/json; charset=utf-8",
        "Date": "Wed, 02 Apr 2025 00:40:45 GMT",
        "ETag": "\"D20E8D93E0383499A3C0D6D3D93C6FCB84DD55781BEA7A8668FE48D18E373E23\"",
        "Retry-After": "1",
        "Strict-Transport-Security": "max-age=31536000; includeSubDomains; preload",
        "X-Content-Type-Options": "nosniff",
        "x-envoy-upstream-service-time": "2",
        "x-ms-region": "West US",
        "x-requestid": "dd56a928-202b-4898-9b77-e4efa45444fc"
      },
      "ResponseBody": {
        "id": "37e71d36-4636-4922-beb8-5412cefa548c",
        "createdDateTimeUtc": "2025-04-02T00:40:39.1338015Z",
        "lastActionDateTimeUtc": "2025-04-02T00:40:39.1338016Z",
        "status": "NotStarted",
        "summary": {
          "total": 0,
          "failed": 0,
          "success": 0,
          "inProgress": 0,
          "notYetStarted": 0,
          "cancelled": 0,
          "totalCharacterCharged": 0
        }
      }
    },
    {
      "RequestUri": "https://endpoint/translator/document/batches/37e71d36-4636-4922-beb8-5412cefa548c?api-version=2024-05-01",
      "RequestMethod": "GET",
      "RequestHeaders": {
        "Accept": "application/json",
        "Accept-Encoding": "gzip,deflate",
        "Authorization": "Sanitized",
        "Connection": "keep-alive",
        "User-Agent": "azsdk-js-ai-translation-document-rest/1.0.0 core-rest-pipeline/1.19.2 Node/20.18.0 OS/(x64-Linux-5.15.167.4-microsoft-standard-WSL2)",
        "x-ms-client-request-id": "e313a837-eec7-4983-a92e-9016598541db"
      },
      "RequestBody": null,
      "StatusCode": 200,
      "ResponseHeaders": {
        "Age": "6",
        "apim-request-id": "94c0818c-372b-4138-95dd-3d8245617fa1",
        "Content-Length": "292",
        "Content-Type": "application/json; charset=utf-8",
        "Date": "Wed, 02 Apr 2025 00:40:46 GMT",
        "ETag": "\"D20E8D93E0383499A3C0D6D3D93C6FCB84DD55781BEA7A8668FE48D18E373E23\"",
        "Retry-After": "1",
        "Strict-Transport-Security": "max-age=31536000; includeSubDomains; preload",
        "X-Content-Type-Options": "nosniff",
        "x-envoy-upstream-service-time": "2",
        "x-ms-region": "West US",
        "x-requestid": "94c0818c-372b-4138-95dd-3d8245617fa1"
      },
      "ResponseBody": {
        "id": "37e71d36-4636-4922-beb8-5412cefa548c",
        "createdDateTimeUtc": "2025-04-02T00:40:39.1338015Z",
        "lastActionDateTimeUtc": "2025-04-02T00:40:39.1338016Z",
        "status": "NotStarted",
        "summary": {
          "total": 0,
          "failed": 0,
          "success": 0,
          "inProgress": 0,
          "notYetStarted": 0,
          "cancelled": 0,
          "totalCharacterCharged": 0
        }
      }
    },
    {
      "RequestUri": "https://endpoint/translator/document/batches/37e71d36-4636-4922-beb8-5412cefa548c?api-version=2024-05-01",
      "RequestMethod": "GET",
      "RequestHeaders": {
        "Accept": "application/json",
        "Accept-Encoding": "gzip,deflate",
        "Authorization": "Sanitized",
        "Connection": "keep-alive",
        "User-Agent": "azsdk-js-ai-translation-document-rest/1.0.0 core-rest-pipeline/1.19.2 Node/20.18.0 OS/(x64-Linux-5.15.167.4-microsoft-standard-WSL2)",
        "x-ms-client-request-id": "d7824ed8-ebc8-4942-83f8-c7e8a760413b"
      },
      "RequestBody": null,
      "StatusCode": 200,
      "ResponseHeaders": {
        "Age": "7",
        "apim-request-id": "189547fb-db31-498d-87f0-406ec2aeed20",
        "Content-Length": "292",
        "Content-Type": "application/json; charset=utf-8",
        "Date": "Wed, 02 Apr 2025 00:40:47 GMT",
        "ETag": "\"D20E8D93E0383499A3C0D6D3D93C6FCB84DD55781BEA7A8668FE48D18E373E23\"",
        "Retry-After": "1",
        "Strict-Transport-Security": "max-age=31536000; includeSubDomains; preload",
        "X-Content-Type-Options": "nosniff",
        "x-envoy-upstream-service-time": "15",
        "x-ms-region": "West US",
        "x-requestid": "189547fb-db31-498d-87f0-406ec2aeed20"
      },
      "ResponseBody": {
        "id": "37e71d36-4636-4922-beb8-5412cefa548c",
        "createdDateTimeUtc": "2025-04-02T00:40:39.1338015Z",
        "lastActionDateTimeUtc": "2025-04-02T00:40:39.1338016Z",
        "status": "NotStarted",
        "summary": {
          "total": 0,
          "failed": 0,
          "success": 0,
          "inProgress": 0,
          "notYetStarted": 0,
          "cancelled": 0,
          "totalCharacterCharged": 0
        }
      }
    },
    {
      "RequestUri": "https://endpoint/translator/document/batches/37e71d36-4636-4922-beb8-5412cefa548c?api-version=2024-05-01",
      "RequestMethod": "GET",
      "RequestHeaders": {
        "Accept": "application/json",
        "Accept-Encoding": "gzip,deflate",
        "Authorization": "Sanitized",
        "Connection": "keep-alive",
        "User-Agent": "azsdk-js-ai-translation-document-rest/1.0.0 core-rest-pipeline/1.19.2 Node/20.18.0 OS/(x64-Linux-5.15.167.4-microsoft-standard-WSL2)",
        "x-ms-client-request-id": "52d1311c-d8a5-45aa-bd5d-63ae02717415"
      },
      "RequestBody": null,
      "StatusCode": 200,
      "ResponseHeaders": {
        "Age": "8",
        "apim-request-id": "f12b5e61-5bea-4b11-b7d2-b96257f72c91",
        "Content-Length": "292",
        "Content-Type": "application/json; charset=utf-8",
        "Date": "Wed, 02 Apr 2025 00:40:48 GMT",
        "ETag": "\"D20E8D93E0383499A3C0D6D3D93C6FCB84DD55781BEA7A8668FE48D18E373E23\"",
        "Retry-After": "1",
        "Strict-Transport-Security": "max-age=31536000; includeSubDomains; preload",
        "X-Content-Type-Options": "nosniff",
        "x-envoy-upstream-service-time": "1",
        "x-ms-region": "West US",
        "x-requestid": "f12b5e61-5bea-4b11-b7d2-b96257f72c91"
      },
      "ResponseBody": {
        "id": "37e71d36-4636-4922-beb8-5412cefa548c",
        "createdDateTimeUtc": "2025-04-02T00:40:39.1338015Z",
        "lastActionDateTimeUtc": "2025-04-02T00:40:39.1338016Z",
        "status": "NotStarted",
        "summary": {
          "total": 0,
          "failed": 0,
          "success": 0,
          "inProgress": 0,
          "notYetStarted": 0,
          "cancelled": 0,
          "totalCharacterCharged": 0
        }
      }
    },
    {
      "RequestUri": "https://endpoint/translator/document/batches/37e71d36-4636-4922-beb8-5412cefa548c?api-version=2024-05-01",
      "RequestMethod": "GET",
      "RequestHeaders": {
        "Accept": "application/json",
        "Accept-Encoding": "gzip,deflate",
        "Authorization": "Sanitized",
        "Connection": "keep-alive",
        "User-Agent": "azsdk-js-ai-translation-document-rest/1.0.0 core-rest-pipeline/1.19.2 Node/20.18.0 OS/(x64-Linux-5.15.167.4-microsoft-standard-WSL2)",
        "x-ms-client-request-id": "99570f4e-44fa-4f5e-b328-2ea9f8dfdcc8"
      },
      "RequestBody": null,
      "StatusCode": 200,
      "ResponseHeaders": {
        "Age": "10",
        "apim-request-id": "fe3e2a5a-a19a-4ce1-826a-2a0d32b62202",
        "Content-Length": "292",
        "Content-Type": "application/json; charset=utf-8",
        "Date": "Wed, 02 Apr 2025 00:40:49 GMT",
        "ETag": "\"D20E8D93E0383499A3C0D6D3D93C6FCB84DD55781BEA7A8668FE48D18E373E23\"",
        "Retry-After": "1",
        "Strict-Transport-Security": "max-age=31536000; includeSubDomains; preload",
        "X-Content-Type-Options": "nosniff",
        "x-envoy-upstream-service-time": "2",
        "x-ms-region": "West US",
        "x-requestid": "fe3e2a5a-a19a-4ce1-826a-2a0d32b62202"
      },
      "ResponseBody": {
        "id": "37e71d36-4636-4922-beb8-5412cefa548c",
        "createdDateTimeUtc": "2025-04-02T00:40:39.1338015Z",
        "lastActionDateTimeUtc": "2025-04-02T00:40:39.1338016Z",
        "status": "NotStarted",
        "summary": {
          "total": 0,
          "failed": 0,
          "success": 0,
          "inProgress": 0,
          "notYetStarted": 0,
          "cancelled": 0,
          "totalCharacterCharged": 0
        }
      }
    },
    {
      "RequestUri": "https://endpoint/translator/document/batches/37e71d36-4636-4922-beb8-5412cefa548c?api-version=2024-05-01",
      "RequestMethod": "GET",
      "RequestHeaders": {
        "Accept": "application/json",
        "Accept-Encoding": "gzip,deflate",
        "Authorization": "Sanitized",
        "Connection": "keep-alive",
        "User-Agent": "azsdk-js-ai-translation-document-rest/1.0.0 core-rest-pipeline/1.19.2 Node/20.18.0 OS/(x64-Linux-5.15.167.4-microsoft-standard-WSL2)",
        "x-ms-client-request-id": "45e4003b-0ca8-4e91-b9af-05376ce074ec"
      },
      "RequestBody": null,
      "StatusCode": 200,
      "ResponseHeaders": {
        "Age": "11",
        "apim-request-id": "25ce422f-6c8a-4d59-b5d0-c0978998a4b0",
        "Content-Length": "292",
        "Content-Type": "application/json; charset=utf-8",
        "Date": "Wed, 02 Apr 2025 00:40:50 GMT",
        "ETag": "\"D20E8D93E0383499A3C0D6D3D93C6FCB84DD55781BEA7A8668FE48D18E373E23\"",
        "Retry-After": "1",
        "Strict-Transport-Security": "max-age=31536000; includeSubDomains; preload",
        "X-Content-Type-Options": "nosniff",
        "x-envoy-upstream-service-time": "3",
        "x-ms-region": "West US",
        "x-requestid": "25ce422f-6c8a-4d59-b5d0-c0978998a4b0"
      },
      "ResponseBody": {
        "id": "37e71d36-4636-4922-beb8-5412cefa548c",
        "createdDateTimeUtc": "2025-04-02T00:40:39.1338015Z",
        "lastActionDateTimeUtc": "2025-04-02T00:40:39.1338016Z",
        "status": "NotStarted",
        "summary": {
          "total": 0,
          "failed": 0,
          "success": 0,
          "inProgress": 0,
          "notYetStarted": 0,
          "cancelled": 0,
          "totalCharacterCharged": 0
        }
      }
    },
    {
      "RequestUri": "https://endpoint/translator/document/batches/37e71d36-4636-4922-beb8-5412cefa548c?api-version=2024-05-01",
      "RequestMethod": "GET",
      "RequestHeaders": {
        "Accept": "application/json",
        "Accept-Encoding": "gzip,deflate",
        "Authorization": "Sanitized",
        "Connection": "keep-alive",
        "User-Agent": "azsdk-js-ai-translation-document-rest/1.0.0 core-rest-pipeline/1.19.2 Node/20.18.0 OS/(x64-Linux-5.15.167.4-microsoft-standard-WSL2)",
        "x-ms-client-request-id": "d5d89524-c679-4ecf-a97a-d802a4ec26ac"
      },
      "RequestBody": null,
      "StatusCode": 200,
      "ResponseHeaders": {
        "Age": "12",
        "apim-request-id": "93f1926a-89be-418e-a0c6-7631a15349a6",
        "Content-Length": "292",
        "Content-Type": "application/json; charset=utf-8",
        "Date": "Wed, 02 Apr 2025 00:40:51 GMT",
        "ETag": "\"D20E8D93E0383499A3C0D6D3D93C6FCB84DD55781BEA7A8668FE48D18E373E23\"",
        "Retry-After": "1",
        "Strict-Transport-Security": "max-age=31536000; includeSubDomains; preload",
        "X-Content-Type-Options": "nosniff",
        "x-envoy-upstream-service-time": "1",
        "x-ms-region": "West US",
        "x-requestid": "93f1926a-89be-418e-a0c6-7631a15349a6"
      },
      "ResponseBody": {
        "id": "37e71d36-4636-4922-beb8-5412cefa548c",
        "createdDateTimeUtc": "2025-04-02T00:40:39.1338015Z",
        "lastActionDateTimeUtc": "2025-04-02T00:40:39.1338016Z",
        "status": "NotStarted",
        "summary": {
          "total": 0,
          "failed": 0,
          "success": 0,
          "inProgress": 0,
          "notYetStarted": 0,
          "cancelled": 0,
          "totalCharacterCharged": 0
        }
      }
    },
    {
      "RequestUri": "https://endpoint/translator/document/batches/37e71d36-4636-4922-beb8-5412cefa548c?api-version=2024-05-01",
      "RequestMethod": "GET",
      "RequestHeaders": {
        "Accept": "application/json",
        "Accept-Encoding": "gzip,deflate",
        "Authorization": "Sanitized",
        "Connection": "keep-alive",
        "User-Agent": "azsdk-js-ai-translation-document-rest/1.0.0 core-rest-pipeline/1.19.2 Node/20.18.0 OS/(x64-Linux-5.15.167.4-microsoft-standard-WSL2)",
        "x-ms-client-request-id": "c6ae67cc-c1c2-4c5f-b072-1b07ec6bf129"
      },
      "RequestBody": null,
      "StatusCode": 200,
      "ResponseHeaders": {
        "Age": "13",
        "apim-request-id": "554cb087-f405-4ebf-931e-3ecbb65501bc",
        "Content-Length": "292",
        "Content-Type": "application/json; charset=utf-8",
        "Date": "Wed, 02 Apr 2025 00:40:52 GMT",
        "ETag": "\"D20E8D93E0383499A3C0D6D3D93C6FCB84DD55781BEA7A8668FE48D18E373E23\"",
        "Retry-After": "1",
        "Strict-Transport-Security": "max-age=31536000; includeSubDomains; preload",
        "X-Content-Type-Options": "nosniff",
        "x-envoy-upstream-service-time": "1",
        "x-ms-region": "West US",
        "x-requestid": "554cb087-f405-4ebf-931e-3ecbb65501bc"
      },
      "ResponseBody": {
        "id": "37e71d36-4636-4922-beb8-5412cefa548c",
        "createdDateTimeUtc": "2025-04-02T00:40:39.1338015Z",
        "lastActionDateTimeUtc": "2025-04-02T00:40:39.1338016Z",
        "status": "NotStarted",
        "summary": {
          "total": 0,
          "failed": 0,
          "success": 0,
          "inProgress": 0,
          "notYetStarted": 0,
          "cancelled": 0,
          "totalCharacterCharged": 0
        }
      }
    },
    {
      "RequestUri": "https://endpoint/translator/document/batches/37e71d36-4636-4922-beb8-5412cefa548c?api-version=2024-05-01",
      "RequestMethod": "GET",
      "RequestHeaders": {
        "Accept": "application/json",
        "Accept-Encoding": "gzip,deflate",
        "Authorization": "Sanitized",
        "Connection": "keep-alive",
        "User-Agent": "azsdk-js-ai-translation-document-rest/1.0.0 core-rest-pipeline/1.19.2 Node/20.18.0 OS/(x64-Linux-5.15.167.4-microsoft-standard-WSL2)",
        "x-ms-client-request-id": "e6726fa8-63a9-461e-8156-81ff1a001e64"
      },
      "RequestBody": null,
      "StatusCode": 200,
      "ResponseHeaders": {
        "Age": "14",
        "apim-request-id": "d8d9415f-9162-47df-a695-bac6fbe6d8c3",
        "Content-Length": "292",
        "Content-Type": "application/json; charset=utf-8",
        "Date": "Wed, 02 Apr 2025 00:40:53 GMT",
        "ETag": "\"D20E8D93E0383499A3C0D6D3D93C6FCB84DD55781BEA7A8668FE48D18E373E23\"",
        "Retry-After": "1",
        "Strict-Transport-Security": "max-age=31536000; includeSubDomains; preload",
        "X-Content-Type-Options": "nosniff",
        "x-envoy-upstream-service-time": "3",
        "x-ms-region": "West US",
        "x-requestid": "d8d9415f-9162-47df-a695-bac6fbe6d8c3"
      },
      "ResponseBody": {
        "id": "37e71d36-4636-4922-beb8-5412cefa548c",
        "createdDateTimeUtc": "2025-04-02T00:40:39.1338015Z",
        "lastActionDateTimeUtc": "2025-04-02T00:40:39.1338016Z",
        "status": "NotStarted",
        "summary": {
          "total": 0,
          "failed": 0,
          "success": 0,
          "inProgress": 0,
          "notYetStarted": 0,
          "cancelled": 0,
          "totalCharacterCharged": 0
        }
      }
    },
    {
      "RequestUri": "https://endpoint/translator/document/batches/37e71d36-4636-4922-beb8-5412cefa548c?api-version=2024-05-01",
      "RequestMethod": "GET",
      "RequestHeaders": {
        "Accept": "application/json",
        "Accept-Encoding": "gzip,deflate",
        "Authorization": "Sanitized",
        "Connection": "keep-alive",
        "User-Agent": "azsdk-js-ai-translation-document-rest/1.0.0 core-rest-pipeline/1.19.2 Node/20.18.0 OS/(x64-Linux-5.15.167.4-microsoft-standard-WSL2)",
        "x-ms-client-request-id": "64daad40-adf0-4026-9803-a9f9c18445b6"
      },
      "RequestBody": null,
      "StatusCode": 200,
      "ResponseHeaders": {
        "Age": "15",
        "apim-request-id": "fd598c97-6341-413b-8d4e-2b95d2b8d3f8",
        "Content-Length": "292",
        "Content-Type": "application/json; charset=utf-8",
        "Date": "Wed, 02 Apr 2025 00:40:54 GMT",
        "ETag": "\"D20E8D93E0383499A3C0D6D3D93C6FCB84DD55781BEA7A8668FE48D18E373E23\"",
        "Retry-After": "1",
        "Strict-Transport-Security": "max-age=31536000; includeSubDomains; preload",
        "X-Content-Type-Options": "nosniff",
        "x-envoy-upstream-service-time": "2",
        "x-ms-region": "West US",
        "x-requestid": "fd598c97-6341-413b-8d4e-2b95d2b8d3f8"
      },
      "ResponseBody": {
        "id": "37e71d36-4636-4922-beb8-5412cefa548c",
        "createdDateTimeUtc": "2025-04-02T00:40:39.1338015Z",
        "lastActionDateTimeUtc": "2025-04-02T00:40:39.1338016Z",
        "status": "NotStarted",
        "summary": {
          "total": 0,
          "failed": 0,
          "success": 0,
          "inProgress": 0,
          "notYetStarted": 0,
          "cancelled": 0,
          "totalCharacterCharged": 0
        }
      }
    },
    {
      "RequestUri": "https://endpoint/translator/document/batches/37e71d36-4636-4922-beb8-5412cefa548c?api-version=2024-05-01",
      "RequestMethod": "GET",
      "RequestHeaders": {
        "Accept": "application/json",
        "Accept-Encoding": "gzip,deflate",
        "Authorization": "Sanitized",
        "Connection": "keep-alive",
        "User-Agent": "azsdk-js-ai-translation-document-rest/1.0.0 core-rest-pipeline/1.19.2 Node/20.18.0 OS/(x64-Linux-5.15.167.4-microsoft-standard-WSL2)",
        "x-ms-client-request-id": "bc7d9388-5fab-42ad-8950-f44e2ab1a8ef"
      },
      "RequestBody": null,
      "StatusCode": 200,
      "ResponseHeaders": {
        "Age": "16",
        "apim-request-id": "94a0ff01-84e6-4454-a532-59e17d63312a",
        "Content-Length": "292",
        "Content-Type": "application/json; charset=utf-8",
        "Date": "Wed, 02 Apr 2025 00:40:55 GMT",
        "ETag": "\"D20E8D93E0383499A3C0D6D3D93C6FCB84DD55781BEA7A8668FE48D18E373E23\"",
        "Retry-After": "1",
        "Strict-Transport-Security": "max-age=31536000; includeSubDomains; preload",
        "X-Content-Type-Options": "nosniff",
        "x-envoy-upstream-service-time": "2",
        "x-ms-region": "West US",
        "x-requestid": "94a0ff01-84e6-4454-a532-59e17d63312a"
      },
      "ResponseBody": {
        "id": "37e71d36-4636-4922-beb8-5412cefa548c",
        "createdDateTimeUtc": "2025-04-02T00:40:39.1338015Z",
        "lastActionDateTimeUtc": "2025-04-02T00:40:39.1338016Z",
        "status": "NotStarted",
        "summary": {
          "total": 0,
          "failed": 0,
          "success": 0,
          "inProgress": 0,
          "notYetStarted": 0,
          "cancelled": 0,
          "totalCharacterCharged": 0
        }
      }
    },
    {
      "RequestUri": "https://endpoint/translator/document/batches/37e71d36-4636-4922-beb8-5412cefa548c?api-version=2024-05-01",
      "RequestMethod": "GET",
      "RequestHeaders": {
        "Accept": "application/json",
        "Accept-Encoding": "gzip,deflate",
        "Authorization": "Sanitized",
        "Connection": "keep-alive",
        "User-Agent": "azsdk-js-ai-translation-document-rest/1.0.0 core-rest-pipeline/1.19.2 Node/20.18.0 OS/(x64-Linux-5.15.167.4-microsoft-standard-WSL2)",
        "x-ms-client-request-id": "8b279c90-de9c-4a78-acf1-68cc900220d9"
      },
      "RequestBody": null,
      "StatusCode": 200,
      "ResponseHeaders": {
        "Age": "17",
        "apim-request-id": "f69cc310-9d49-4ac7-a8f6-2608b52c96dd",
        "Content-Length": "292",
        "Content-Type": "application/json; charset=utf-8",
        "Date": "Wed, 02 Apr 2025 00:40:56 GMT",
        "ETag": "\"D20E8D93E0383499A3C0D6D3D93C6FCB84DD55781BEA7A8668FE48D18E373E23\"",
        "Retry-After": "1",
        "Strict-Transport-Security": "max-age=31536000; includeSubDomains; preload",
        "X-Content-Type-Options": "nosniff",
        "x-envoy-upstream-service-time": "2",
        "x-ms-region": "West US",
        "x-requestid": "f69cc310-9d49-4ac7-a8f6-2608b52c96dd"
      },
      "ResponseBody": {
        "id": "37e71d36-4636-4922-beb8-5412cefa548c",
        "createdDateTimeUtc": "2025-04-02T00:40:39.1338015Z",
        "lastActionDateTimeUtc": "2025-04-02T00:40:39.1338016Z",
        "status": "NotStarted",
        "summary": {
          "total": 0,
          "failed": 0,
          "success": 0,
          "inProgress": 0,
          "notYetStarted": 0,
          "cancelled": 0,
          "totalCharacterCharged": 0
        }
      }
    },
    {
      "RequestUri": "https://endpoint/translator/document/batches/37e71d36-4636-4922-beb8-5412cefa548c?api-version=2024-05-01",
      "RequestMethod": "GET",
      "RequestHeaders": {
        "Accept": "application/json",
        "Accept-Encoding": "gzip,deflate",
        "Authorization": "Sanitized",
        "Connection": "keep-alive",
        "User-Agent": "azsdk-js-ai-translation-document-rest/1.0.0 core-rest-pipeline/1.19.2 Node/20.18.0 OS/(x64-Linux-5.15.167.4-microsoft-standard-WSL2)",
        "x-ms-client-request-id": "a9a9aea1-9884-4e82-b15b-b05af85d9f17"
      },
      "RequestBody": null,
      "StatusCode": 200,
      "ResponseHeaders": {
        "Age": "18",
        "apim-request-id": "53d99c3a-92cd-450a-86dc-3e6ab66357af",
        "Content-Length": "292",
        "Content-Type": "application/json; charset=utf-8",
        "Date": "Wed, 02 Apr 2025 00:40:58 GMT",
        "ETag": "\"D20E8D93E0383499A3C0D6D3D93C6FCB84DD55781BEA7A8668FE48D18E373E23\"",
        "Retry-After": "1",
        "Strict-Transport-Security": "max-age=31536000; includeSubDomains; preload",
        "X-Content-Type-Options": "nosniff",
        "x-envoy-upstream-service-time": "1",
        "x-ms-region": "West US",
        "x-requestid": "53d99c3a-92cd-450a-86dc-3e6ab66357af"
      },
      "ResponseBody": {
        "id": "37e71d36-4636-4922-beb8-5412cefa548c",
        "createdDateTimeUtc": "2025-04-02T00:40:39.1338015Z",
        "lastActionDateTimeUtc": "2025-04-02T00:40:39.1338016Z",
        "status": "NotStarted",
        "summary": {
          "total": 0,
          "failed": 0,
          "success": 0,
          "inProgress": 0,
          "notYetStarted": 0,
          "cancelled": 0,
          "totalCharacterCharged": 0
        }
      }
    },
    {
      "RequestUri": "https://endpoint/translator/document/batches/37e71d36-4636-4922-beb8-5412cefa548c?api-version=2024-05-01",
      "RequestMethod": "GET",
      "RequestHeaders": {
        "Accept": "application/json",
        "Accept-Encoding": "gzip,deflate",
        "Authorization": "Sanitized",
        "Connection": "keep-alive",
        "User-Agent": "azsdk-js-ai-translation-document-rest/1.0.0 core-rest-pipeline/1.19.2 Node/20.18.0 OS/(x64-Linux-5.15.167.4-microsoft-standard-WSL2)",
        "x-ms-client-request-id": "571aa686-cc1e-4cd9-8c89-cfc6d04b24de"
      },
      "RequestBody": null,
      "StatusCode": 200,
      "ResponseHeaders": {
        "Age": "20",
        "apim-request-id": "f7eb8ce8-1065-4a45-b83b-fc223061be56",
        "Content-Length": "292",
        "Content-Type": "application/json; charset=utf-8",
        "Date": "Wed, 02 Apr 2025 00:40:59 GMT",
        "ETag": "\"D20E8D93E0383499A3C0D6D3D93C6FCB84DD55781BEA7A8668FE48D18E373E23\"",
        "Retry-After": "1",
        "Strict-Transport-Security": "max-age=31536000; includeSubDomains; preload",
        "X-Content-Type-Options": "nosniff",
        "x-envoy-upstream-service-time": "2",
        "x-ms-region": "West US",
        "x-requestid": "f7eb8ce8-1065-4a45-b83b-fc223061be56"
      },
      "ResponseBody": {
        "id": "37e71d36-4636-4922-beb8-5412cefa548c",
        "createdDateTimeUtc": "2025-04-02T00:40:39.1338015Z",
        "lastActionDateTimeUtc": "2025-04-02T00:40:39.1338016Z",
        "status": "NotStarted",
        "summary": {
          "total": 0,
          "failed": 0,
          "success": 0,
          "inProgress": 0,
          "notYetStarted": 0,
          "cancelled": 0,
          "totalCharacterCharged": 0
        }
      }
    },
    {
      "RequestUri": "https://endpoint/translator/document/batches/37e71d36-4636-4922-beb8-5412cefa548c?api-version=2024-05-01",
      "RequestMethod": "GET",
      "RequestHeaders": {
        "Accept": "application/json",
        "Accept-Encoding": "gzip,deflate",
        "Authorization": "Sanitized",
        "Connection": "keep-alive",
        "User-Agent": "azsdk-js-ai-translation-document-rest/1.0.0 core-rest-pipeline/1.19.2 Node/20.18.0 OS/(x64-Linux-5.15.167.4-microsoft-standard-WSL2)",
        "x-ms-client-request-id": "75384883-2cd8-43e7-a67c-6ab2de5e00ea"
      },
      "RequestBody": null,
      "StatusCode": 200,
      "ResponseHeaders": {
        "Age": "21",
        "apim-request-id": "ac51c886-5317-4782-9a68-af6a67d6a6c2",
        "Content-Length": "292",
        "Content-Type": "application/json; charset=utf-8",
        "Date": "Wed, 02 Apr 2025 00:41:00 GMT",
        "ETag": "\"D20E8D93E0383499A3C0D6D3D93C6FCB84DD55781BEA7A8668FE48D18E373E23\"",
        "Retry-After": "1",
        "Strict-Transport-Security": "max-age=31536000; includeSubDomains; preload",
        "X-Content-Type-Options": "nosniff",
        "x-envoy-upstream-service-time": "2",
        "x-ms-region": "West US",
        "x-requestid": "ac51c886-5317-4782-9a68-af6a67d6a6c2"
      },
      "ResponseBody": {
        "id": "37e71d36-4636-4922-beb8-5412cefa548c",
        "createdDateTimeUtc": "2025-04-02T00:40:39.1338015Z",
        "lastActionDateTimeUtc": "2025-04-02T00:40:39.1338016Z",
        "status": "NotStarted",
        "summary": {
          "total": 0,
          "failed": 0,
          "success": 0,
          "inProgress": 0,
          "notYetStarted": 0,
          "cancelled": 0,
          "totalCharacterCharged": 0
        }
      }
    },
    {
      "RequestUri": "https://endpoint/translator/document/batches/37e71d36-4636-4922-beb8-5412cefa548c?api-version=2024-05-01",
      "RequestMethod": "GET",
      "RequestHeaders": {
        "Accept": "application/json",
        "Accept-Encoding": "gzip,deflate",
        "Authorization": "Sanitized",
        "Connection": "keep-alive",
        "User-Agent": "azsdk-js-ai-translation-document-rest/1.0.0 core-rest-pipeline/1.19.2 Node/20.18.0 OS/(x64-Linux-5.15.167.4-microsoft-standard-WSL2)",
        "x-ms-client-request-id": "ad8c1f6a-1f7a-4d49-bef0-8c191f099ad0"
      },
      "RequestBody": null,
      "StatusCode": 200,
      "ResponseHeaders": {
        "Age": "22",
        "apim-request-id": "c49323d1-cc3b-4193-ab83-b9cf2446f641",
        "Content-Length": "292",
        "Content-Type": "application/json; charset=utf-8",
        "Date": "Wed, 02 Apr 2025 00:41:01 GMT",
        "ETag": "\"D20E8D93E0383499A3C0D6D3D93C6FCB84DD55781BEA7A8668FE48D18E373E23\"",
        "Retry-After": "1",
        "Strict-Transport-Security": "max-age=31536000; includeSubDomains; preload",
        "X-Content-Type-Options": "nosniff",
        "x-envoy-upstream-service-time": "5",
        "x-ms-region": "West US",
        "x-requestid": "c49323d1-cc3b-4193-ab83-b9cf2446f641"
      },
      "ResponseBody": {
        "id": "37e71d36-4636-4922-beb8-5412cefa548c",
        "createdDateTimeUtc": "2025-04-02T00:40:39.1338015Z",
        "lastActionDateTimeUtc": "2025-04-02T00:40:39.1338016Z",
        "status": "NotStarted",
        "summary": {
          "total": 0,
          "failed": 0,
          "success": 0,
          "inProgress": 0,
          "notYetStarted": 0,
          "cancelled": 0,
          "totalCharacterCharged": 0
        }
      }
    },
    {
      "RequestUri": "https://endpoint/translator/document/batches/37e71d36-4636-4922-beb8-5412cefa548c?api-version=2024-05-01",
      "RequestMethod": "GET",
      "RequestHeaders": {
        "Accept": "application/json",
        "Accept-Encoding": "gzip,deflate",
        "Authorization": "Sanitized",
        "Connection": "keep-alive",
        "User-Agent": "azsdk-js-ai-translation-document-rest/1.0.0 core-rest-pipeline/1.19.2 Node/20.18.0 OS/(x64-Linux-5.15.167.4-microsoft-standard-WSL2)",
        "x-ms-client-request-id": "ae2cdac9-49b5-4ace-ab8c-db7bf9e70203"
      },
      "RequestBody": null,
      "StatusCode": 200,
      "ResponseHeaders": {
        "Age": "23",
        "apim-request-id": "5677ebef-bdaa-4fa5-83f4-38f3c16e35a6",
        "Content-Length": "292",
        "Content-Type": "application/json; charset=utf-8",
        "Date": "Wed, 02 Apr 2025 00:41:02 GMT",
        "ETag": "\"D20E8D93E0383499A3C0D6D3D93C6FCB84DD55781BEA7A8668FE48D18E373E23\"",
        "Retry-After": "1",
        "Strict-Transport-Security": "max-age=31536000; includeSubDomains; preload",
        "X-Content-Type-Options": "nosniff",
        "x-envoy-upstream-service-time": "2",
        "x-ms-region": "West US",
        "x-requestid": "5677ebef-bdaa-4fa5-83f4-38f3c16e35a6"
      },
      "ResponseBody": {
        "id": "37e71d36-4636-4922-beb8-5412cefa548c",
        "createdDateTimeUtc": "2025-04-02T00:40:39.1338015Z",
        "lastActionDateTimeUtc": "2025-04-02T00:40:39.1338016Z",
        "status": "NotStarted",
        "summary": {
          "total": 0,
          "failed": 0,
          "success": 0,
          "inProgress": 0,
          "notYetStarted": 0,
          "cancelled": 0,
          "totalCharacterCharged": 0
        }
      }
    },
    {
      "RequestUri": "https://endpoint/translator/document/batches/37e71d36-4636-4922-beb8-5412cefa548c?api-version=2024-05-01",
      "RequestMethod": "GET",
      "RequestHeaders": {
        "Accept": "application/json",
        "Accept-Encoding": "gzip,deflate",
        "Authorization": "Sanitized",
        "Connection": "keep-alive",
        "User-Agent": "azsdk-js-ai-translation-document-rest/1.0.0 core-rest-pipeline/1.19.2 Node/20.18.0 OS/(x64-Linux-5.15.167.4-microsoft-standard-WSL2)",
        "x-ms-client-request-id": "d77cd5f2-6f44-4b14-9627-d9ddfa9a616a"
      },
      "RequestBody": null,
      "StatusCode": 200,
      "ResponseHeaders": {
        "Age": "24",
        "apim-request-id": "e48c8596-e549-4219-877c-af92822e19ff",
        "Content-Length": "292",
        "Content-Type": "application/json; charset=utf-8",
        "Date": "Wed, 02 Apr 2025 00:41:03 GMT",
        "ETag": "\"D20E8D93E0383499A3C0D6D3D93C6FCB84DD55781BEA7A8668FE48D18E373E23\"",
        "Retry-After": "1",
        "Strict-Transport-Security": "max-age=31536000; includeSubDomains; preload",
        "X-Content-Type-Options": "nosniff",
        "x-envoy-upstream-service-time": "12",
        "x-ms-region": "West US",
        "x-requestid": "e48c8596-e549-4219-877c-af92822e19ff"
      },
      "ResponseBody": {
        "id": "37e71d36-4636-4922-beb8-5412cefa548c",
        "createdDateTimeUtc": "2025-04-02T00:40:39.1338015Z",
        "lastActionDateTimeUtc": "2025-04-02T00:40:39.1338016Z",
        "status": "NotStarted",
        "summary": {
          "total": 0,
          "failed": 0,
          "success": 0,
          "inProgress": 0,
          "notYetStarted": 0,
          "cancelled": 0,
          "totalCharacterCharged": 0
        }
      }
    },
    {
      "RequestUri": "https://endpoint/translator/document/batches/37e71d36-4636-4922-beb8-5412cefa548c?api-version=2024-05-01",
      "RequestMethod": "GET",
      "RequestHeaders": {
        "Accept": "application/json",
        "Accept-Encoding": "gzip,deflate",
        "Authorization": "Sanitized",
        "Connection": "keep-alive",
        "User-Agent": "azsdk-js-ai-translation-document-rest/1.0.0 core-rest-pipeline/1.19.2 Node/20.18.0 OS/(x64-Linux-5.15.167.4-microsoft-standard-WSL2)",
        "x-ms-client-request-id": "7f281a97-fbd8-43e9-90ce-66cd5f9220f7"
      },
      "RequestBody": null,
      "StatusCode": 200,
      "ResponseHeaders": {
        "Age": "25",
        "apim-request-id": "802a40f8-e435-451c-90a0-fd3bdbf2c4c3",
        "Content-Length": "292",
        "Content-Type": "application/json; charset=utf-8",
        "Date": "Wed, 02 Apr 2025 00:41:04 GMT",
        "ETag": "\"D20E8D93E0383499A3C0D6D3D93C6FCB84DD55781BEA7A8668FE48D18E373E23\"",
        "Retry-After": "1",
        "Strict-Transport-Security": "max-age=31536000; includeSubDomains; preload",
        "X-Content-Type-Options": "nosniff",
        "x-envoy-upstream-service-time": "1",
        "x-ms-region": "West US",
        "x-requestid": "802a40f8-e435-451c-90a0-fd3bdbf2c4c3"
      },
      "ResponseBody": {
        "id": "37e71d36-4636-4922-beb8-5412cefa548c",
        "createdDateTimeUtc": "2025-04-02T00:40:39.1338015Z",
        "lastActionDateTimeUtc": "2025-04-02T00:40:39.1338016Z",
        "status": "NotStarted",
        "summary": {
          "total": 0,
          "failed": 0,
          "success": 0,
          "inProgress": 0,
          "notYetStarted": 0,
          "cancelled": 0,
          "totalCharacterCharged": 0
        }
      }
    },
    {
      "RequestUri": "https://endpoint/translator/document/batches/37e71d36-4636-4922-beb8-5412cefa548c?api-version=2024-05-01",
      "RequestMethod": "GET",
      "RequestHeaders": {
        "Accept": "application/json",
        "Accept-Encoding": "gzip,deflate",
        "Authorization": "Sanitized",
        "Connection": "keep-alive",
        "User-Agent": "azsdk-js-ai-translation-document-rest/1.0.0 core-rest-pipeline/1.19.2 Node/20.18.0 OS/(x64-Linux-5.15.167.4-microsoft-standard-WSL2)",
        "x-ms-client-request-id": "40c7e17f-569f-42c7-9c82-067f36ac30e9"
      },
      "RequestBody": null,
      "StatusCode": 200,
      "ResponseHeaders": {
        "Age": "26",
        "apim-request-id": "2851f4e2-4157-4c2d-88dd-f043cec4f898",
        "Content-Length": "292",
        "Content-Type": "application/json; charset=utf-8",
        "Date": "Wed, 02 Apr 2025 00:41:05 GMT",
        "ETag": "\"D20E8D93E0383499A3C0D6D3D93C6FCB84DD55781BEA7A8668FE48D18E373E23\"",
        "Retry-After": "1",
        "Strict-Transport-Security": "max-age=31536000; includeSubDomains; preload",
        "X-Content-Type-Options": "nosniff",
        "x-envoy-upstream-service-time": "3",
        "x-ms-region": "West US",
        "x-requestid": "2851f4e2-4157-4c2d-88dd-f043cec4f898"
      },
      "ResponseBody": {
        "id": "37e71d36-4636-4922-beb8-5412cefa548c",
        "createdDateTimeUtc": "2025-04-02T00:40:39.1338015Z",
        "lastActionDateTimeUtc": "2025-04-02T00:40:39.1338016Z",
        "status": "NotStarted",
        "summary": {
          "total": 0,
          "failed": 0,
          "success": 0,
          "inProgress": 0,
          "notYetStarted": 0,
          "cancelled": 0,
          "totalCharacterCharged": 0
        }
      }
    },
    {
      "RequestUri": "https://endpoint/translator/document/batches/37e71d36-4636-4922-beb8-5412cefa548c?api-version=2024-05-01",
      "RequestMethod": "GET",
      "RequestHeaders": {
        "Accept": "application/json",
        "Accept-Encoding": "gzip,deflate",
        "Authorization": "Sanitized",
        "Connection": "keep-alive",
        "User-Agent": "azsdk-js-ai-translation-document-rest/1.0.0 core-rest-pipeline/1.19.2 Node/20.18.0 OS/(x64-Linux-5.15.167.4-microsoft-standard-WSL2)",
        "x-ms-client-request-id": "76c46f29-33ac-44a0-a7d7-14e0301aa834"
      },
      "RequestBody": null,
      "StatusCode": 200,
      "ResponseHeaders": {
        "Age": "27",
        "apim-request-id": "c076482e-5449-4b64-9e51-29b0506cccef",
        "Content-Length": "292",
        "Content-Type": "application/json; charset=utf-8",
        "Date": "Wed, 02 Apr 2025 00:41:06 GMT",
        "ETag": "\"D20E8D93E0383499A3C0D6D3D93C6FCB84DD55781BEA7A8668FE48D18E373E23\"",
        "Retry-After": "1",
        "Strict-Transport-Security": "max-age=31536000; includeSubDomains; preload",
        "X-Content-Type-Options": "nosniff",
        "x-envoy-upstream-service-time": "2",
        "x-ms-region": "West US",
        "x-requestid": "c076482e-5449-4b64-9e51-29b0506cccef"
      },
      "ResponseBody": {
        "id": "37e71d36-4636-4922-beb8-5412cefa548c",
        "createdDateTimeUtc": "2025-04-02T00:40:39.1338015Z",
        "lastActionDateTimeUtc": "2025-04-02T00:40:39.1338016Z",
        "status": "NotStarted",
        "summary": {
          "total": 0,
          "failed": 0,
          "success": 0,
          "inProgress": 0,
          "notYetStarted": 0,
          "cancelled": 0,
          "totalCharacterCharged": 0
        }
      }
    },
    {
      "RequestUri": "https://endpoint/translator/document/batches/37e71d36-4636-4922-beb8-5412cefa548c?api-version=2024-05-01",
      "RequestMethod": "GET",
      "RequestHeaders": {
        "Accept": "application/json",
        "Accept-Encoding": "gzip,deflate",
        "Authorization": "Sanitized",
        "Connection": "keep-alive",
        "User-Agent": "azsdk-js-ai-translation-document-rest/1.0.0 core-rest-pipeline/1.19.2 Node/20.18.0 OS/(x64-Linux-5.15.167.4-microsoft-standard-WSL2)",
        "x-ms-client-request-id": "2d3be51f-e5ff-4f81-8142-6c576ef621a8"
      },
      "RequestBody": null,
      "StatusCode": 200,
      "ResponseHeaders": {
        "Age": "28",
        "apim-request-id": "d44bda41-3b6b-4c43-9e86-2417ca0aa6da",
        "Content-Length": "292",
        "Content-Type": "application/json; charset=utf-8",
        "Date": "Wed, 02 Apr 2025 00:41:08 GMT",
        "ETag": "\"D20E8D93E0383499A3C0D6D3D93C6FCB84DD55781BEA7A8668FE48D18E373E23\"",
        "Retry-After": "1",
        "Strict-Transport-Security": "max-age=31536000; includeSubDomains; preload",
        "X-Content-Type-Options": "nosniff",
        "x-envoy-upstream-service-time": "2",
        "x-ms-region": "West US",
        "x-requestid": "d44bda41-3b6b-4c43-9e86-2417ca0aa6da"
      },
      "ResponseBody": {
        "id": "37e71d36-4636-4922-beb8-5412cefa548c",
        "createdDateTimeUtc": "2025-04-02T00:40:39.1338015Z",
        "lastActionDateTimeUtc": "2025-04-02T00:40:39.1338016Z",
        "status": "NotStarted",
        "summary": {
          "total": 0,
          "failed": 0,
          "success": 0,
          "inProgress": 0,
          "notYetStarted": 0,
          "cancelled": 0,
          "totalCharacterCharged": 0
        }
      }
    },
    {
      "RequestUri": "https://endpoint/translator/document/batches/37e71d36-4636-4922-beb8-5412cefa548c?api-version=2024-05-01",
      "RequestMethod": "GET",
      "RequestHeaders": {
        "Accept": "application/json",
        "Accept-Encoding": "gzip,deflate",
        "Authorization": "Sanitized",
        "Connection": "keep-alive",
        "User-Agent": "azsdk-js-ai-translation-document-rest/1.0.0 core-rest-pipeline/1.19.2 Node/20.18.0 OS/(x64-Linux-5.15.167.4-microsoft-standard-WSL2)",
        "x-ms-client-request-id": "ab83933e-2206-4bb0-94b2-cddb132dc80a"
      },
      "RequestBody": null,
      "StatusCode": 200,
      "ResponseHeaders": {
        "apim-request-id": "5c4cad9e-0c78-4b4e-8bba-591d79f72023",
        "Content-Type": "application/json; charset=utf-8",
        "Date": "Wed, 02 Apr 2025 00:41:09 GMT",
        "ETag": "\"D3C7D22C7B424E327230A4381E53E18F963CEB39707389687EE53A0236994463\"",
        "Retry-After": "1",
        "Strict-Transport-Security": "max-age=31536000; includeSubDomains; preload",
        "Transfer-Encoding": "chunked",
        "X-Content-Type-Options": "nosniff",
        "x-envoy-upstream-service-time": "326",
        "x-ms-region": "West US",
        "x-requestid": "5c4cad9e-0c78-4b4e-8bba-591d79f72023"
      },
      "ResponseBody": {
        "id": "37e71d36-4636-4922-beb8-5412cefa548c",
        "createdDateTimeUtc": "2025-04-02T00:40:39.1338015Z",
        "lastActionDateTimeUtc": "2025-04-02T00:40:49.2201564Z",
        "status": "Succeeded",
        "summary": {
          "total": 1,
          "failed": 0,
          "success": 1,
          "inProgress": 0,
          "notYetStarted": 0,
          "cancelled": 0,
          "totalCharacterCharged": 27
        }
      }
    },
    {
      "RequestUri": "https://endpoint/translator/document/batches/37e71d36-4636-4922-beb8-5412cefa548c?api-version=2024-05-01",
      "RequestMethod": "GET",
      "RequestHeaders": {
        "Accept": "application/json",
        "Accept-Encoding": "gzip,deflate",
        "Authorization": "Sanitized",
        "Connection": "keep-alive",
        "User-Agent": "azsdk-js-ai-translation-document-rest/1.0.0 core-rest-pipeline/1.19.2 Node/20.18.0 OS/(x64-Linux-5.15.167.4-microsoft-standard-WSL2)",
        "x-ms-client-request-id": "198fab99-e2f2-40af-befc-354626117b9f"
      },
      "RequestBody": null,
      "StatusCode": 200,
      "ResponseHeaders": {
        "Age": "0",
        "apim-request-id": "4a9eca85-ee1d-4905-834a-0fcfdfb2e409",
        "Content-Length": "292",
        "Content-Type": "application/json; charset=utf-8",
        "Date": "Wed, 02 Apr 2025 00:41:09 GMT",
        "ETag": "\"D3C7D22C7B424E327230A4381E53E18F963CEB39707389687EE53A0236994463\"",
        "Retry-After": "1",
        "Strict-Transport-Security": "max-age=31536000; includeSubDomains; preload",
        "X-Content-Type-Options": "nosniff",
        "x-envoy-upstream-service-time": "2",
        "x-ms-region": "West US",
        "x-requestid": "4a9eca85-ee1d-4905-834a-0fcfdfb2e409"
      },
      "ResponseBody": {
        "id": "37e71d36-4636-4922-beb8-5412cefa548c",
        "createdDateTimeUtc": "2025-04-02T00:40:39.1338015Z",
        "lastActionDateTimeUtc": "2025-04-02T00:40:49.2201564Z",
        "status": "Succeeded",
        "summary": {
          "total": 1,
          "failed": 0,
          "success": 1,
          "inProgress": 0,
          "notYetStarted": 0,
          "cancelled": 0,
          "totalCharacterCharged": 27
        }
      }
    }
  ],
  "Variables": {}
}
