{
  "Entries": [
    {
      "RequestUri": "https://fakestorageaccount.queue.core.windows.net/queue171445970837608451?timeout=30",
      "RequestMethod": "PUT",
      "RequestHeaders": {
        "Accept": "application/xml",
        "Accept-Encoding": "gzip, deflate, br",
        "Connection": "keep-alive",
        "Content-Length": "0",
        "Origin": "http://localhost:9328",
        "Referer": "http://localhost:9328/",
        "sec-ch-ua": "\"HeadlessChrome\";v=\"123\", \"Not:A-Brand\";v=\"8\", \"Chromium\";v=\"123\"",
        "sec-ch-ua-mobile": "?0",
        "sec-ch-ua-platform": "\"Windows\"",
        "Sec-Fetch-Dest": "empty",
        "Sec-Fetch-Mode": "cors",
        "Sec-Fetch-Site": "same-site",
        "User-Agent": "Mozilla/5.0 (Windows NT 10.0; Win64; x64) AppleWebKit/537.36 (KHTML, like Gecko) HeadlessChrome/123.0.6312.122 Safari/537.36",
        "x-ms-client-request-id": "ed66b31c-10a6-493b-9d81-7a3b667e19f7",
        "x-ms-useragent": "azsdk-js-azure-storage-blob/12.22.0-beta.2 core-rest-pipeline/1.15.3 OS/Windows",
        "x-ms-version": "2023-11-03"
      },
      "RequestBody": null,
      "StatusCode": 201,
      "ResponseHeaders": {
        "Access-Control-Allow-Origin": "*",
        "Access-Control-Expose-Headers": "x-ms-request-id,x-ms-client-request-id,Server,x-ms-version,Content-Length,Date,Transfer-Encoding",
        "Content-Length": "0",
        "Date": "Tue, 30 Apr 2024 06:48:28 GMT",
        "Server": [
          "Windows-Azure-Queue/1.0",
          "Microsoft-HTTPAPI/2.0"
        ],
        "x-ms-client-request-id": "ed66b31c-10a6-493b-9d81-7a3b667e19f7",
        "x-ms-request-id": "74d2d889-b003-0008-39ca-9a892e000000",
        "x-ms-version": "2023-11-03"
      },
      "ResponseBody": null
    },
    {
      "RequestUri": "https://fakestorageaccount.queue.core.windows.net/queue171445970837608451/messages?timeout=30",
      "RequestMethod": "POST",
      "RequestHeaders": {
        "Accept": "application/xml",
        "Accept-Encoding": "gzip, deflate, br",
        "Connection": "keep-alive",
        "Content-Length": "122",
        "Content-Type": "application/xml",
        "Origin": "http://localhost:9328",
        "Referer": "http://localhost:9328/",
        "sec-ch-ua": "\"HeadlessChrome\";v=\"123\", \"Not:A-Brand\";v=\"8\", \"Chromium\";v=\"123\"",
        "sec-ch-ua-mobile": "?0",
        "sec-ch-ua-platform": "\"Windows\"",
        "Sec-Fetch-Dest": "empty",
        "Sec-Fetch-Mode": "cors",
        "Sec-Fetch-Site": "same-site",
        "User-Agent": "Mozilla/5.0 (Windows NT 10.0; Win64; x64) AppleWebKit/537.36 (KHTML, like Gecko) HeadlessChrome/123.0.6312.122 Safari/537.36",
        "x-ms-client-request-id": "d789ca42-3257-445c-be40-ec1d079e54ab",
        "x-ms-useragent": "azsdk-js-azure-storage-blob/12.22.0-beta.2 core-rest-pipeline/1.15.3 OS/Windows",
        "x-ms-version": "2023-11-03"
      },
      "RequestBody": "<?xml version=\"1.0\" encoding=\"UTF-8\" standalone=\"yes\"?><QueueMessage><MessageText>Hello World</MessageText></QueueMessage>",
      "StatusCode": 201,
      "ResponseHeaders": {
        "Access-Control-Allow-Origin": "*",
        "Access-Control-Expose-Headers": "x-ms-request-id,x-ms-client-request-id,Server,x-ms-version,Content-Type,Content-Length,Date,Transfer-Encoding",
        "Content-Type": "application/xml",
        "Date": "Tue, 30 Apr 2024 06:48:28 GMT",
        "Server": [
          "Windows-Azure-Queue/1.0",
          "Microsoft-HTTPAPI/2.0"
        ],
        "Transfer-Encoding": "chunked",
        "x-ms-client-request-id": "d789ca42-3257-445c-be40-ec1d079e54ab",
        "x-ms-request-id": "74d2d8b1-b003-0008-58ca-9a892e000000",
        "x-ms-version": "2023-11-03"
      },
      "ResponseBody": "\uFEFF<?xml version=\"1.0\" encoding=\"utf-8\"?><QueueMessagesList><QueueMessage><MessageId>96802954-3154-47e9-8edb-fd555994a7a2</MessageId><InsertionTime>Tue, 30 Apr 2024 06:48:29 GMT</InsertionTime><ExpirationTime>Tue, 07 May 2024 06:48:29 GMT</ExpirationTime><PopReceipt>AgAAAAMAAAAAAAAATArqaMqa2gE=</PopReceipt><TimeNextVisible>Tue, 30 Apr 2024 06:48:29 GMT</TimeNextVisible></QueueMessage></QueueMessagesList>"
    },
    {
      "RequestUri": "https://fakestorageaccount.queue.core.windows.net/queue171445970837608451?timeout=30",
      "RequestMethod": "DELETE",
      "RequestHeaders": {
        "Accept": "application/xml",
        "Accept-Encoding": "gzip, deflate, br",
        "Connection": "keep-alive",
        "Origin": "http://localhost:9328",
        "Referer": "http://localhost:9328/",
        "sec-ch-ua": "\"HeadlessChrome\";v=\"123\", \"Not:A-Brand\";v=\"8\", \"Chromium\";v=\"123\"",
        "sec-ch-ua-mobile": "?0",
        "sec-ch-ua-platform": "\"Windows\"",
        "Sec-Fetch-Dest": "empty",
        "Sec-Fetch-Mode": "cors",
        "Sec-Fetch-Site": "same-site",
        "User-Agent": "Mozilla/5.0 (Windows NT 10.0; Win64; x64) AppleWebKit/537.36 (KHTML, like Gecko) HeadlessChrome/123.0.6312.122 Safari/537.36",
        "x-ms-client-request-id": "509baac8-bdf7-4cd4-94b1-3348e7e0cf61",
        "x-ms-useragent": "azsdk-js-azure-storage-blob/12.22.0-beta.2 core-rest-pipeline/1.15.3 OS/Windows",
        "x-ms-version": "2023-11-03"
      },
      "RequestBody": null,
      "StatusCode": 204,
      "ResponseHeaders": {
        "Access-Control-Allow-Origin": "*",
        "Access-Control-Expose-Headers": "x-ms-request-id,x-ms-client-request-id,Server,x-ms-version,Content-Length,Date,Transfer-Encoding",
        "Content-Length": "0",
        "Date": "Tue, 30 Apr 2024 06:48:28 GMT",
        "Server": [
          "Windows-Azure-Queue/1.0",
          "Microsoft-HTTPAPI/2.0"
        ],
        "x-ms-client-request-id": "509baac8-bdf7-4cd4-94b1-3348e7e0cf61",
        "x-ms-request-id": "74d2d8e4-b003-0008-7bca-9a892e000000",
        "x-ms-version": "2023-11-03"
      },
      "ResponseBody": null
    }
  ],
  "Variables": {
    "queue": "queue171445970837608451"
  }
}
