{
  "Entries": [
    {
      "RequestUri": "https://REDACTED/keys/testrsakeywrapunwrap78733?api-version=7.4",
      "RequestMethod": "PUT",
      "RequestHeaders": {
        "Accept": "application/json",
        "Content-Length": "0",
        "Content-Type": "application/json",
        "User-Agent": "azsdk-java-azure-security-keyvault-keys/4.8.0-beta.1 (21; Windows 11; 10.0)"
      },
      "RequestBody": null,
      "StatusCode": 401,
      "ResponseHeaders": {
        "Cache-Control": "no-cache",
        "Content-Length": "97",
        "Content-Type": "application/json; charset=utf-8",
        "Date": "Thu, 26 Oct 2023 17:27:10 GMT",
        "Expires": "-1",
        "Pragma": "no-cache",
        "Strict-Transport-Security": "max-age=31536000;includeSubDomains",
        "WWW-Authenticate": "Bearer authorization=\u0022https://login.microsoftonline.com/72f988bf-86f1-41af-91ab-2d7cd011db47\u0022, resource=\u0022https://vault.azure.net\u0022",
        "X-Content-Type-Options": "nosniff",
        "x-ms-keyvault-network-info": "conn_type=Ipv4;addr=20.51.128.64;act_addr_fam=InterNetwork;",
        "x-ms-keyvault-region": "westus",
        "x-ms-keyvault-service-version": "1.9.1036.1",
        "x-ms-request-id": "03a91053-23bc-428f-9814-95d14bc3c3eb"
      },
      "ResponseBody": {
        "error": {
          "code": "Unauthorized",
          "message": "AKV10000: Request is missing a Bearer or PoP token."
        }
      }
    },
    {
      "RequestUri": "https://REDACTED/keys/testrsakeywrapunwrap78733?api-version=7.4",
      "RequestMethod": "PUT",
      "RequestHeaders": {
        "Accept": "application/json",
        "Authorization": "Sanitized",
        "Content-Length": "1652",
        "Content-Type": "application/json",
        "User-Agent": "azsdk-java-azure-security-keyvault-keys/4.8.0-beta.1 (21; Windows 11; 10.0)"
      },
      "RequestBody": {
        "key": {
          "kty": "RSA",
          "key_ops": [],
          "n": "1_6ZtP288hEkKML-L6nFyZh1PD1rmAgwbbwjEvTSDK_008BYWhjp_6ULy9BhWtRIytNkPkm9gzaBTrCpp-vyDXPGa836Htp-w8u5JmxoUZchJh576m3m-8ZYWTmZSAp5SpruyKAmLSxPJHEWPXQntnmuTMjb9HBT9Ltrwc0ZDk-jsMLYunDJrNmrRUxQgb0zQ_Tl5fJjj8j-0KVx2RXtbfWFvf5fRdBYyP3m0aUpoopQPwtXszD2LcSKMJ_TnmnvMWr8MOA5aRlBaGdBk7zBgRafvDPam3Q2AvFA9mfcAVncpfZ3JFm73VARw6MofXtRqOHtZ7y4oNbY95xXwU2r6w",
          "e": "AQAB",
          "d": "UulbjVtdXTpxO-hl9FviHZmVXxNgqtJx7J2shQlPXClq_KG4CJXJtSVg2tLZnCki7CCrOTHLOoQArPkpltj-aGWJxDYkDhXnVTdtki9I-BDgW6aWAI5BfWJM5asziLDkkFvaz06SeQKqOp3iYKKm3-fjnXv42uMHh0kuew1E0fXRVTGHBL0wgOJfQTbL1yfQ_A2Qe9bNkr9TFWx3ireY7D8MzDZIN1_h66t2UPuHFq2OqIbVBTRlZEHihNZirfNjbk8e47ImZqDd1dpyVKLgmdejdg_aWCxH61TG1iKP8qWQ61pRENwaJ6804Io_mH0JVp2nl0K3hfmhSzTeBj7V4Q",
          "dp": "cY-_W0rXJ5b3fiZaLzNXot0xH1bs-tLpePdfdPj1cJSXN9bujvF8zeh5e7DnJrG5mK05F9bAiIpDyLqUmNb5PaGDSrooMae08D7dU06n3-pQ1X9MS3eeJ-w3hBUnTHkzgAhwi_UZ4ty-hsIqOZ0FHMvwSRAAhV8aHB-MR4tKbRE",
          "dq": "cs6ABkG5NF38KZ0F7KVReUBGxJxVUM2YTZFZayUrMMJZNpnFKnN_P8i7ar222utYz8PewkMQffwj6-4F4ETeMUq8NjlE7Ge9mSDoPNjvEde0lct1s4HLrRb6AlLQ4dRdnUCIW4VCybFOy_h7CH2KtElLEAwAjy4NYNSFGRIcqZE",
          "qi": "AxKlWeYxM4LeyHiRbwn4IgypPbdnHql53fJy9xAkkIJxVV3Ry2lI0otUo64n2QKDZ3eF3ta2EjZtsAL0bM9AkT_-2ZXDdJk5viHQ0DOejWEjPYFgMxOIt-gEpG-QCJXFFL-OLJXOsnV1DAG_ELbAoy33am82ydDfy4gpMhL51sQ",
          "p": "-TZjzm_whbXKjamp6gizCmWHaTLIz2CpoCLFvw-E6p8HlN2yjsdjFuGu-h9u0V_xRsMMuvDqh3bzVryQulsWvReHrshFgHHlL46NSdLVrOcc3pqW02O5xcxJp6TAlGf2nY5wx3jQrmGHeH8mtcro-ThG87oiD37LomfmAFbWCJs",
          "q": "3eCaCf5Cdq6WDzaGMQx-qhDdcGSRzFcgNLxjtpTIGQtv0WYZzgOuhh5TmHbOSyGCPTqbsfSPp1Es8NVStBGIXKaEEo1MieITOgylywdcHQKAg2qVPUXYqQ-kg4sDE8-XK1dF5e_3x1JP9JSHrlo8mnx7Hz0s7x37YvYaPOK61vE"
        },
        "attributes": {}
      },
      "StatusCode": 200,
      "ResponseHeaders": {
        "Cache-Control": "no-cache",
        "Content-Length": "726",
        "Content-Type": "application/json; charset=utf-8",
        "Date": "Thu, 26 Oct 2023 17:27:10 GMT",
        "Expires": "-1",
        "Pragma": "no-cache",
        "Strict-Transport-Security": "max-age=31536000;includeSubDomains",
        "X-Content-Type-Options": "nosniff",
        "x-ms-keyvault-network-info": "conn_type=Ipv4;addr=20.51.128.64;act_addr_fam=InterNetwork;",
        "x-ms-keyvault-region": "westus",
        "x-ms-keyvault-service-version": "1.9.1036.1",
        "x-ms-request-id": "853ad593-5387-4b72-a61c-66fcd3a3ded0"
      },
      "ResponseBody": {
        "key": {
          "kid": "https://t713bd8c5610d139b.vault.azure.net/keys/testrsakeywrapunwrap78733/548842a1baa94f3789f8a4bcc9e7a36f",
          "kty": "RSA",
          "key_ops": [
            "encrypt",
            "decrypt",
            "sign",
            "verify",
            "wrapKey",
            "unwrapKey"
          ],
          "n": "1_6ZtP288hEkKML-L6nFyZh1PD1rmAgwbbwjEvTSDK_008BYWhjp_6ULy9BhWtRIytNkPkm9gzaBTrCpp-vyDXPGa836Htp-w8u5JmxoUZchJh576m3m-8ZYWTmZSAp5SpruyKAmLSxPJHEWPXQntnmuTMjb9HBT9Ltrwc0ZDk-jsMLYunDJrNmrRUxQgb0zQ_Tl5fJjj8j-0KVx2RXtbfWFvf5fRdBYyP3m0aUpoopQPwtXszD2LcSKMJ_TnmnvMWr8MOA5aRlBaGdBk7zBgRafvDPam3Q2AvFA9mfcAVncpfZ3JFm73VARw6MofXtRqOHtZ7y4oNbY95xXwU2r6w",
          "e": "AQAB"
        },
        "attributes": {
          "enabled": true,
          "created": 1698341230,
          "updated": 1698341230,
          "recoveryLevel": "CustomizedRecoverable\u002BPurgeable",
          "recoverableDays": 7,
          "exportable": false
        }
      }
    },
    {
      "RequestUri": "https://REDACTED/keys/testrsakeywrapunwrap78733/548842a1baa94f3789f8a4bcc9e7a36f?api-version=7.4",
      "RequestMethod": "GET",
      "RequestHeaders": {
        "Accept": "application/json",
        "Authorization": "Sanitized",
        "Content-Length": "0",
        "User-Agent": "azsdk-java-azure-security-keyvault-keys/4.8.0-beta.1 (21; Windows 11; 10.0)"
      },
      "RequestBody": null,
      "StatusCode": 200,
      "ResponseHeaders": {
        "Cache-Control": "no-cache",
        "Content-Length": "726",
        "Content-Type": "application/json; charset=utf-8",
        "Date": "Thu, 26 Oct 2023 17:27:10 GMT",
        "Expires": "-1",
        "Pragma": "no-cache",
        "Strict-Transport-Security": "max-age=31536000;includeSubDomains",
        "X-Content-Type-Options": "nosniff",
        "x-ms-keyvault-network-info": "conn_type=Ipv4;addr=20.51.128.64;act_addr_fam=InterNetwork;",
        "x-ms-keyvault-region": "westus",
        "x-ms-keyvault-service-version": "1.9.1036.1",
        "x-ms-request-id": "e2559586-fff3-4f1b-9ffc-969897b5e3aa"
      },
      "ResponseBody": {
        "key": {
          "kid": "https://t713bd8c5610d139b.vault.azure.net/keys/testrsakeywrapunwrap78733/548842a1baa94f3789f8a4bcc9e7a36f",
          "kty": "RSA",
          "key_ops": [
            "encrypt",
            "decrypt",
            "sign",
            "verify",
            "wrapKey",
            "unwrapKey"
          ],
          "n": "1_6ZtP288hEkKML-L6nFyZh1PD1rmAgwbbwjEvTSDK_008BYWhjp_6ULy9BhWtRIytNkPkm9gzaBTrCpp-vyDXPGa836Htp-w8u5JmxoUZchJh576m3m-8ZYWTmZSAp5SpruyKAmLSxPJHEWPXQntnmuTMjb9HBT9Ltrwc0ZDk-jsMLYunDJrNmrRUxQgb0zQ_Tl5fJjj8j-0KVx2RXtbfWFvf5fRdBYyP3m0aUpoopQPwtXszD2LcSKMJ_TnmnvMWr8MOA5aRlBaGdBk7zBgRafvDPam3Q2AvFA9mfcAVncpfZ3JFm73VARw6MofXtRqOHtZ7y4oNbY95xXwU2r6w",
          "e": "AQAB"
        },
        "attributes": {
          "enabled": true,
          "created": 1698341230,
          "updated": 1698341230,
          "recoveryLevel": "CustomizedRecoverable\u002BPurgeable",
          "recoverableDays": 7,
          "exportable": false
        }
      }
    },
    {
      "RequestUri": "https://REDACTED/keys/testrsakeywrapunwrap78733/548842a1baa94f3789f8a4bcc9e7a36f/unwrapkey?api-version=7.4",
      "RequestMethod": "POST",
      "RequestHeaders": {
        "Accept": "application/json",
        "Authorization": "Sanitized",
        "Content-Length": "369",
        "Content-Type": "application/json",
        "User-Agent": "azsdk-java-azure-security-keyvault-keys/4.8.0-beta.1 (21; Windows 11; 10.0)"
      },
      "RequestBody": {
        "alg": "RSA1_5",
        "value": "wVtWyLG5qNyt0GwTcVUgAanFAWlgI6lykHoPRR7zy-gegGvW68j445c_CfnGkwcwROHIDiayQ6J9ju-3gidiZFqWjPWIlgX2V1uUJGUm6RU6Uu2ngw5ESnvouoBwOQWsgVdC0K52j6oU62PYDsb9K91NOummlbWCEDFeYI_wFM659QWLXs4DHnudi7louye5gTGOsiAPtFnopRbRz2fd0G5c0ldwJ6ZGooMH71F1qHP07KtU-sNWKxqE5mKV5FoNgPe7GtKyOmnTExSs4DvewquVC7UJeDriNrDv8honJoaNsZQCYjodyZAoyPQWokUM0GgO0xO8qozI3hoq7Evi4A"
      },
      "StatusCode": 200,
      "ResponseHeaders": {
        "Cache-Control": "no-cache",
        "Content-Length": "260",
        "Content-Type": "application/json; charset=utf-8",
        "Date": "Thu, 26 Oct 2023 17:27:10 GMT",
        "Expires": "-1",
        "Pragma": "no-cache",
        "Strict-Transport-Security": "max-age=31536000;includeSubDomains",
        "X-Content-Type-Options": "nosniff",
        "x-ms-keyvault-network-info": "conn_type=Ipv4;addr=20.51.128.64;act_addr_fam=InterNetwork;",
        "x-ms-keyvault-region": "westus",
        "x-ms-keyvault-service-version": "1.9.1036.1",
        "x-ms-request-id": "90a66fc0-be48-47c6-b8d3-225e4e21c30a"
      },
      "ResponseBody": {
        "kid": "https://t713bd8c5610d139b.vault.azure.net/keys/testrsakeywrapunwrap78733/548842a1baa94f3789f8a4bcc9e7a36f",
        "value": "G9GT23aoJ9lUS5WtxwlS9igODCiTObv_Z7U9HhTbk99t_24WdBcngS2ycvtJ7_VQ6ESEKt1QdoI8UMRwh2UOMalPrw1leEgbwgpOtCPjmzCk2fhuxCHyinA3x0iGnD2jyYaXiw"
      }
    },
    {
      "RequestUri": "https://REDACTED/keys/testrsakeywrapunwrap78733/548842a1baa94f3789f8a4bcc9e7a36f/unwrapkey?api-version=7.4",
      "RequestMethod": "POST",
      "RequestHeaders": {
        "Accept": "application/json",
        "Authorization": "Sanitized",
        "Content-Length": "369",
        "Content-Type": "application/json",
        "User-Agent": "azsdk-java-azure-security-keyvault-keys/4.8.0-beta.1 (21; Windows 11; 10.0)"
      },
      "RequestBody": {
        "alg": "RSA1_5",
        "value": "tSIfJIatNUVoiOLi10Mm3FP-L2NxOpVyKB9IdDM3abMaquGAQMbT2jfYxR4BXgARE6hUA3kxQW1RjNRbHFLEw4LZXNLIuLM4K3pOw_GhJJ8gRJNL6yOtzmJ58SXTi2AOr5YsapCw8vpCHhxgU2nj5u8IOFnOyN_WHUZmUvG887PeosP1VYt6S06F9dhU7B_oGjBqf6ZG47nvCuHz-XDlwsvOIOhrfiqIhgmMRoIc7xEz6N2Abmcx0icd91_Epov2LeRo_aZnVtPSNYmIpLC3Cj1aO7xYefCHgmUCQoUwNgsjNXGixvMuIZi5WSRyDfuu8DS6CxO_HAzxWY47H2tbyw"
      },
      "StatusCode": 200,
      "ResponseHeaders": {
        "Cache-Control": "no-cache",
        "Content-Length": "260",
        "Content-Type": "application/json; charset=utf-8",
        "Date": "Thu, 26 Oct 2023 17:27:11 GMT",
        "Expires": "-1",
        "Pragma": "no-cache",
        "Strict-Transport-Security": "max-age=31536000;includeSubDomains",
        "X-Content-Type-Options": "nosniff",
        "x-ms-keyvault-network-info": "conn_type=Ipv4;addr=20.51.128.64;act_addr_fam=InterNetwork;",
        "x-ms-keyvault-region": "westus",
        "x-ms-keyvault-service-version": "1.9.1036.1",
        "x-ms-request-id": "7e2e3f9c-339d-4fff-bfab-b51ded0add9b"
      },
      "ResponseBody": {
        "kid": "https://t713bd8c5610d139b.vault.azure.net/keys/testrsakeywrapunwrap78733/548842a1baa94f3789f8a4bcc9e7a36f",
        "value": "G9GT23aoJ9lUS5WtxwlS9igODCiTObv_Z7U9HhTbk99t_24WdBcngS2ycvtJ7_VQ6ESEKt1QdoI8UMRwh2UOMalPrw1leEgbwgpOtCPjmzCk2fhuxCHyinA3x0iGnD2jyYaXiw"
      }
    },
    {
      "RequestUri": "https://REDACTED/keys/testrsakeywrapunwrap78733/548842a1baa94f3789f8a4bcc9e7a36f/unwrapkey?api-version=7.4",
      "RequestMethod": "POST",
      "RequestHeaders": {
        "Accept": "application/json",
        "Authorization": "Sanitized",
        "Content-Length": "371",
        "Content-Type": "application/json",
        "User-Agent": "azsdk-java-azure-security-keyvault-keys/4.8.0-beta.1 (21; Windows 11; 10.0)"
      },
      "RequestBody": {
        "alg": "RSA-OAEP",
        "value": "UezCpOcQbikbVUBTv7aUl4dq0Qgq3dCEfU3Ge0fmp7BfF7s6oXAh4BZFwztKd-isSyS6TGylL5f56m8m4LK3PgDmCoVsgTn0VMBSBd-1B8H9tKx2Yfk66SXDfHBfzctcgP4WqgEByfNzR3yPtoLXtxO2higtba4AaWiDNmTITlZXxGK59R8igSpztPHLYvO0G2TkBvyPg6wsukRQ9ZYeC8YRkZQQfWSBlun8Ql6y8yxKuvl5VT8YZVABkcF42jBD_yh4wSTF9yEuPDjpEOTSI4hDM44PMKhFtc3RNgWUcAjjpiyKFNmaRpzhEk50yBHulb87TKLmR9HYAhJWxcGoxg"
      },
      "StatusCode": 200,
      "ResponseHeaders": {
        "Cache-Control": "no-cache",
        "Content-Length": "260",
        "Content-Type": "application/json; charset=utf-8",
        "Date": "Thu, 26 Oct 2023 17:27:11 GMT",
        "Expires": "-1",
        "Pragma": "no-cache",
        "Strict-Transport-Security": "max-age=31536000;includeSubDomains",
        "X-Content-Type-Options": "nosniff",
        "x-ms-keyvault-network-info": "conn_type=Ipv4;addr=20.51.128.64;act_addr_fam=InterNetwork;",
        "x-ms-keyvault-region": "westus",
        "x-ms-keyvault-service-version": "1.9.1036.1",
        "x-ms-request-id": "1a7cd146-61f1-4ded-9c9e-78e50991f668"
      },
      "ResponseBody": {
        "kid": "https://t713bd8c5610d139b.vault.azure.net/keys/testrsakeywrapunwrap78733/548842a1baa94f3789f8a4bcc9e7a36f",
        "value": "G9GT23aoJ9lUS5WtxwlS9igODCiTObv_Z7U9HhTbk99t_24WdBcngS2ycvtJ7_VQ6ESEKt1QdoI8UMRwh2UOMalPrw1leEgbwgpOtCPjmzCk2fhuxCHyinA3x0iGnD2jyYaXiw"
      }
    },
    {
      "RequestUri": "https://REDACTED/keys/testrsakeywrapunwrap78733/548842a1baa94f3789f8a4bcc9e7a36f/unwrapkey?api-version=7.4",
      "RequestMethod": "POST",
      "RequestHeaders": {
        "Accept": "application/json",
        "Authorization": "Sanitized",
        "Content-Length": "371",
        "Content-Type": "application/json",
        "User-Agent": "azsdk-java-azure-security-keyvault-keys/4.8.0-beta.1 (21; Windows 11; 10.0)"
      },
      "RequestBody": {
        "alg": "RSA-OAEP",
        "value": "Ndd9t4yOZVKUfj_YgruJRMao_k3BCFQkgUg6OEDrm4sZI5IfpbSRDvmPExyrO29edH95akxuZ50GYsdijNy2Gn4e6cNsxDGYULIDu3yho-gp9CDOTfbpCaIyMPh_EbWoC69DXD4Psx_DWXPgIEjCLSLEznsg6KytAIWyCk8qVgAGaxWLgGqcBfGnfKjMLpxSd9OJOuo07WNdIS1fOeOyFkzWvVXJU8Vd4P2b7LqWkcn7X8FNjUlMIZ2lWl5lcR9-eYEXVZt56GYYcJ4WxK6LWafH9ZCD0umm37WhcJhfucTV0Pc5vwdEKTWJSVgPai_E0jojlklIwVtjd49R6dpunQ"
      },
      "StatusCode": 200,
      "ResponseHeaders": {
        "Cache-Control": "no-cache",
        "Content-Length": "260",
        "Content-Type": "application/json; charset=utf-8",
        "Date": "Thu, 26 Oct 2023 17:27:11 GMT",
        "Expires": "-1",
        "Pragma": "no-cache",
        "Strict-Transport-Security": "max-age=31536000;includeSubDomains",
        "X-Content-Type-Options": "nosniff",
        "x-ms-keyvault-network-info": "conn_type=Ipv4;addr=20.51.128.64;act_addr_fam=InterNetwork;",
        "x-ms-keyvault-region": "westus",
        "x-ms-keyvault-service-version": "1.9.1036.1",
        "x-ms-request-id": "a245b15e-20a7-4510-950c-f67a1cd22ba3"
      },
      "ResponseBody": {
        "kid": "https://t713bd8c5610d139b.vault.azure.net/keys/testrsakeywrapunwrap78733/548842a1baa94f3789f8a4bcc9e7a36f",
        "value": "G9GT23aoJ9lUS5WtxwlS9igODCiTObv_Z7U9HhTbk99t_24WdBcngS2ycvtJ7_VQ6ESEKt1QdoI8UMRwh2UOMalPrw1leEgbwgpOtCPjmzCk2fhuxCHyinA3x0iGnD2jyYaXiw"
      }
    },
    {
      "RequestUri": "https://REDACTED/keys/testrsakeywrapunwrap78733/548842a1baa94f3789f8a4bcc9e7a36f/wrapkey?api-version=7.4",
      "RequestMethod": "POST",
      "RequestHeaders": {
        "Accept": "application/json",
        "Authorization": "Sanitized",
        "Content-Length": "167",
        "Content-Type": "application/json",
        "User-Agent": "azsdk-java-azure-security-keyvault-keys/4.8.0-beta.1 (21; Windows 11; 10.0)"
      },
      "RequestBody": {
        "alg": "RSA-OAEP-256",
        "value": "G9GT23aoJ9lUS5WtxwlS9igODCiTObv_Z7U9HhTbk99t_24WdBcngS2ycvtJ7_VQ6ESEKt1QdoI8UMRwh2UOMalPrw1leEgbwgpOtCPjmzCk2fhuxCHyinA3x0iGnD2jyYaXiw"
      },
      "StatusCode": 200,
      "ResponseHeaders": {
        "Cache-Control": "no-cache",
        "Content-Length": "468",
        "Content-Type": "application/json; charset=utf-8",
        "Date": "Thu, 26 Oct 2023 17:27:11 GMT",
        "Expires": "-1",
        "Pragma": "no-cache",
        "Strict-Transport-Security": "max-age=31536000;includeSubDomains",
        "X-Content-Type-Options": "nosniff",
        "x-ms-keyvault-network-info": "conn_type=Ipv4;addr=20.51.128.64;act_addr_fam=InterNetwork;",
        "x-ms-keyvault-region": "westus",
        "x-ms-keyvault-service-version": "1.9.1036.1",
        "x-ms-request-id": "ae03a730-bb64-4f03-85f1-f86b30eb41e8"
      },
      "ResponseBody": {
        "kid": "https://t713bd8c5610d139b.vault.azure.net/keys/testrsakeywrapunwrap78733/548842a1baa94f3789f8a4bcc9e7a36f",
        "value": "JZadukrx9GUnBuqEDS_v_WsyZ8Wf95rHp0fD95UV2RVCVmOH9hChUv4ikAXhm2baHhvMUCQ-hWsSy2toneozfew5G2Fgj6NqsdBHcxkIaiLSYCVxzz6JABbXXz2CdOkqoxJwpFQdCdNlsP67luPCRw2QBOrmyuqlVT56JygsEuvnJygOlOXjKFiJkCD46uS7ibI6xwI2r5TkU4QWWNay9eevbs6Cfduk3NwlNloy_IZ4omJh-ZqndV7Wh2dMj395tuw2-LDscIk4E0YDwt1Q4z1b-wqxa8kRLVczNLcr7sOI31pK_Z3uK15F3uZ_bcQBKTvgZfHHo8FeXbQAJ6ldlQ"
      }
    },
    {
      "RequestUri": "https://REDACTED/keys/testrsakeywrapunwrap78733/548842a1baa94f3789f8a4bcc9e7a36f/unwrapkey?api-version=7.4",
      "RequestMethod": "POST",
      "RequestHeaders": {
        "Accept": "application/json",
        "Authorization": "Sanitized",
        "Content-Length": "375",
        "Content-Type": "application/json",
        "User-Agent": "azsdk-java-azure-security-keyvault-keys/4.8.0-beta.1 (21; Windows 11; 10.0)"
      },
      "RequestBody": {
        "alg": "RSA-OAEP-256",
        "value": "JZadukrx9GUnBuqEDS_v_WsyZ8Wf95rHp0fD95UV2RVCVmOH9hChUv4ikAXhm2baHhvMUCQ-hWsSy2toneozfew5G2Fgj6NqsdBHcxkIaiLSYCVxzz6JABbXXz2CdOkqoxJwpFQdCdNlsP67luPCRw2QBOrmyuqlVT56JygsEuvnJygOlOXjKFiJkCD46uS7ibI6xwI2r5TkU4QWWNay9eevbs6Cfduk3NwlNloy_IZ4omJh-ZqndV7Wh2dMj395tuw2-LDscIk4E0YDwt1Q4z1b-wqxa8kRLVczNLcr7sOI31pK_Z3uK15F3uZ_bcQBKTvgZfHHo8FeXbQAJ6ldlQ"
      },
      "StatusCode": 200,
      "ResponseHeaders": {
        "Cache-Control": "no-cache",
        "Content-Length": "260",
        "Content-Type": "application/json; charset=utf-8",
        "Date": "Thu, 26 Oct 2023 17:27:11 GMT",
        "Expires": "-1",
        "Pragma": "no-cache",
        "Strict-Transport-Security": "max-age=31536000;includeSubDomains",
        "X-Content-Type-Options": "nosniff",
        "x-ms-keyvault-network-info": "conn_type=Ipv4;addr=20.51.128.64;act_addr_fam=InterNetwork;",
        "x-ms-keyvault-region": "westus",
        "x-ms-keyvault-service-version": "1.9.1036.1",
        "x-ms-request-id": "c1d4b344-fcd5-40b9-8b38-27a74d500b59"
      },
      "ResponseBody": {
        "kid": "https://t713bd8c5610d139b.vault.azure.net/keys/testrsakeywrapunwrap78733/548842a1baa94f3789f8a4bcc9e7a36f",
        "value": "G9GT23aoJ9lUS5WtxwlS9igODCiTObv_Z7U9HhTbk99t_24WdBcngS2ycvtJ7_VQ6ESEKt1QdoI8UMRwh2UOMalPrw1leEgbwgpOtCPjmzCk2fhuxCHyinA3x0iGnD2jyYaXiw"
      }
    },
    {
      "RequestUri": "https://REDACTED/keys/testrsakeywrapunwrap78733/548842a1baa94f3789f8a4bcc9e7a36f/wrapkey?api-version=7.4",
      "RequestMethod": "POST",
      "RequestHeaders": {
        "Accept": "application/json",
        "Authorization": "Sanitized",
        "Content-Length": "167",
        "Content-Type": "application/json",
        "User-Agent": "azsdk-java-azure-security-keyvault-keys/4.8.0-beta.1 (21; Windows 11; 10.0)"
      },
      "RequestBody": {
        "alg": "RSA-OAEP-256",
        "value": "G9GT23aoJ9lUS5WtxwlS9igODCiTObv_Z7U9HhTbk99t_24WdBcngS2ycvtJ7_VQ6ESEKt1QdoI8UMRwh2UOMalPrw1leEgbwgpOtCPjmzCk2fhuxCHyinA3x0iGnD2jyYaXiw"
      },
      "StatusCode": 200,
      "ResponseHeaders": {
        "Cache-Control": "no-cache",
        "Content-Length": "468",
        "Content-Type": "application/json; charset=utf-8",
        "Date": "Thu, 26 Oct 2023 17:27:11 GMT",
        "Expires": "-1",
        "Pragma": "no-cache",
        "Strict-Transport-Security": "max-age=31536000;includeSubDomains",
        "X-Content-Type-Options": "nosniff",
        "x-ms-keyvault-network-info": "conn_type=Ipv4;addr=20.51.128.64;act_addr_fam=InterNetwork;",
        "x-ms-keyvault-region": "westus",
        "x-ms-keyvault-service-version": "1.9.1036.1",
        "x-ms-request-id": "db875d29-d49d-471a-8911-e6722e696668"
      },
      "ResponseBody": {
        "kid": "https://t713bd8c5610d139b.vault.azure.net/keys/testrsakeywrapunwrap78733/548842a1baa94f3789f8a4bcc9e7a36f",
        "value": "It_fK9V95SdmxpEoExzvTEP1H-q7AbXriaO9IR65z9ZhSgCsTPc_PM697MC1GZ_09PKsWkm7ok6mMpvoeRG9BBUwkulQGHdDR5Qw_5rG5PhePQlryeCtH7SGVs7i41HssA9NHvqabxUFFdQq9-BXRX22koRhTFhFq1bAnsKrsIUgasEQLK7HAsWVZlMbeV4cm1UsFmC2yrPD6hlEj2_8S3HLK8E2NnDNSW-6rGHsI-jPhVTaoKeSWO2pVs-aqsd8g_-_bIUh-QxamVjwi5vkjEjL_oZV5dYBP4Lb_CgUA451AxPbAqPVAAPJxcAB-f5tZx7ddFy6JKr7d1zdUdBouA"
      }
    },
    {
      "RequestUri": "https://REDACTED/keys/testrsakeywrapunwrap78733/548842a1baa94f3789f8a4bcc9e7a36f/unwrapkey?api-version=7.4",
      "RequestMethod": "POST",
      "RequestHeaders": {
        "Accept": "application/json",
        "Authorization": "Sanitized",
        "Content-Length": "375",
        "Content-Type": "application/json",
        "User-Agent": "azsdk-java-azure-security-keyvault-keys/4.8.0-beta.1 (21; Windows 11; 10.0)"
      },
      "RequestBody": {
        "alg": "RSA-OAEP-256",
        "value": "It_fK9V95SdmxpEoExzvTEP1H-q7AbXriaO9IR65z9ZhSgCsTPc_PM697MC1GZ_09PKsWkm7ok6mMpvoeRG9BBUwkulQGHdDR5Qw_5rG5PhePQlryeCtH7SGVs7i41HssA9NHvqabxUFFdQq9-BXRX22koRhTFhFq1bAnsKrsIUgasEQLK7HAsWVZlMbeV4cm1UsFmC2yrPD6hlEj2_8S3HLK8E2NnDNSW-6rGHsI-jPhVTaoKeSWO2pVs-aqsd8g_-_bIUh-QxamVjwi5vkjEjL_oZV5dYBP4Lb_CgUA451AxPbAqPVAAPJxcAB-f5tZx7ddFy6JKr7d1zdUdBouA"
      },
      "StatusCode": 200,
      "ResponseHeaders": {
        "Cache-Control": "no-cache",
        "Content-Length": "260",
        "Content-Type": "application/json; charset=utf-8",
        "Date": "Thu, 26 Oct 2023 17:27:11 GMT",
        "Expires": "-1",
        "Pragma": "no-cache",
        "Strict-Transport-Security": "max-age=31536000;includeSubDomains",
        "X-Content-Type-Options": "nosniff",
        "x-ms-keyvault-network-info": "conn_type=Ipv4;addr=20.51.128.64;act_addr_fam=InterNetwork;",
        "x-ms-keyvault-region": "westus",
        "x-ms-keyvault-service-version": "1.9.1036.1",
        "x-ms-request-id": "83c3ba48-4737-4437-aabb-a6791291b929"
      },
      "ResponseBody": {
        "kid": "https://t713bd8c5610d139b.vault.azure.net/keys/testrsakeywrapunwrap78733/548842a1baa94f3789f8a4bcc9e7a36f",
        "value": "G9GT23aoJ9lUS5WtxwlS9igODCiTObv_Z7U9HhTbk99t_24WdBcngS2ycvtJ7_VQ6ESEKt1QdoI8UMRwh2UOMalPrw1leEgbwgpOtCPjmzCk2fhuxCHyinA3x0iGnD2jyYaXiw"
      }
    }
  ],
  "Variables": {
    "0": "testrsakeywrapunwrap78733"
  }
}
