{
  "Entries": [
    {
      "RequestUri": "https://REDACTED/keys/testrsakeywrapunwrap99322?api-version=7.4",
      "RequestMethod": "PUT",
      "RequestHeaders": {
        "Accept": "*/*",
        "Accept-Language": "en-US",
        "Content-Length": "0",
        "Content-Type": "application/json",
        "User-Agent": "azsdk-java-client_name/client_version (11.0.6; Windows 10; 10.0)"
      },
      "RequestBody": null,
      "StatusCode": 401,
      "ResponseHeaders": {
        "Cache-Control": "no-cache",
        "Content-Length": "97",
        "Content-Type": "application/json; charset=utf-8",
        "Date": "Wed, 06 Sep 2023 23:52:09 GMT",
        "Expires": "-1",
        "Pragma": "no-cache",
        "Strict-Transport-Security": "max-age=31536000;includeSubDomains",
        "WWW-Authenticate": "Bearer authorization=\u0022https://login.microsoftonline.com/72f988bf-86f1-41af-91ab-2d7cd011db47\u0022, resource=\u0022https://vault.azure.net\u0022",
        "X-Content-Type-Options": "nosniff",
        "x-ms-keyvault-network-info": "conn_type=Ipv4;addr=172.92.148.195;act_addr_fam=InterNetwork;",
        "x-ms-keyvault-region": "westus",
        "x-ms-keyvault-service-version": "1.9.950.1",
        "x-ms-request-id": "cb1f946d-7609-4b5a-9290-b2ed50346461"
      },
      "ResponseBody": {
        "error": {
          "code": "Unauthorized",
          "message": "AKV10000: Request is missing a Bearer or PoP token."
        }
      }
    },
    {
      "RequestUri": "https://REDACTED/keys/testrsakeywrapunwrap99322?api-version=7.4",
      "RequestMethod": "PUT",
      "RequestHeaders": {
        "Accept": "*/*",
        "Accept-Language": "en-US",
        "Authorization": "Sanitized",
        "Content-Length": "1652",
        "Content-Type": "application/json",
        "User-Agent": "azsdk-java-client_name/client_version (11.0.6; Windows 10; 10.0)"
      },
      "RequestBody": {
        "key": {
          "kty": "RSA",
          "key_ops": [],
          "n": "1_6ZtP288hEkKML-L6nFyZh1PD1rmAgwbbwjEvTSDK_008BYWhjp_6ULy9BhWtRIytNkPkm9gzaBTrCpp-vyDXPGa836Htp-w8u5JmxoUZchJh576m3m-8ZYWTmZSAp5SpruyKAmLSxPJHEWPXQntnmuTMjb9HBT9Ltrwc0ZDk-jsMLYunDJrNmrRUxQgb0zQ_Tl5fJjj8j-0KVx2RXtbfWFvf5fRdBYyP3m0aUpoopQPwtXszD2LcSKMJ_TnmnvMWr8MOA5aRlBaGdBk7zBgRafvDPam3Q2AvFA9mfcAVncpfZ3JFm73VARw6MofXtRqOHtZ7y4oNbY95xXwU2r6w",
          "e": "AQAB",
          "d": "UulbjVtdXTpxO-hl9FviHZmVXxNgqtJx7J2shQlPXClq_KG4CJXJtSVg2tLZnCki7CCrOTHLOoQArPkpltj-aGWJxDYkDhXnVTdtki9I-BDgW6aWAI5BfWJM5asziLDkkFvaz06SeQKqOp3iYKKm3-fjnXv42uMHh0kuew1E0fXRVTGHBL0wgOJfQTbL1yfQ_A2Qe9bNkr9TFWx3ireY7D8MzDZIN1_h66t2UPuHFq2OqIbVBTRlZEHihNZirfNjbk8e47ImZqDd1dpyVKLgmdejdg_aWCxH61TG1iKP8qWQ61pRENwaJ6804Io_mH0JVp2nl0K3hfmhSzTeBj7V4Q",
          "dp": "cY-_W0rXJ5b3fiZaLzNXot0xH1bs-tLpePdfdPj1cJSXN9bujvF8zeh5e7DnJrG5mK05F9bAiIpDyLqUmNb5PaGDSrooMae08D7dU06n3-pQ1X9MS3eeJ-w3hBUnTHkzgAhwi_UZ4ty-hsIqOZ0FHMvwSRAAhV8aHB-MR4tKbRE",
          "dq": "cs6ABkG5NF38KZ0F7KVReUBGxJxVUM2YTZFZayUrMMJZNpnFKnN_P8i7ar222utYz8PewkMQffwj6-4F4ETeMUq8NjlE7Ge9mSDoPNjvEde0lct1s4HLrRb6AlLQ4dRdnUCIW4VCybFOy_h7CH2KtElLEAwAjy4NYNSFGRIcqZE",
          "qi": "AxKlWeYxM4LeyHiRbwn4IgypPbdnHql53fJy9xAkkIJxVV3Ry2lI0otUo64n2QKDZ3eF3ta2EjZtsAL0bM9AkT_-2ZXDdJk5viHQ0DOejWEjPYFgMxOIt-gEpG-QCJXFFL-OLJXOsnV1DAG_ELbAoy33am82ydDfy4gpMhL51sQ",
          "p": "-TZjzm_whbXKjamp6gizCmWHaTLIz2CpoCLFvw-E6p8HlN2yjsdjFuGu-h9u0V_xRsMMuvDqh3bzVryQulsWvReHrshFgHHlL46NSdLVrOcc3pqW02O5xcxJp6TAlGf2nY5wx3jQrmGHeH8mtcro-ThG87oiD37LomfmAFbWCJs",
          "q": "3eCaCf5Cdq6WDzaGMQx-qhDdcGSRzFcgNLxjtpTIGQtv0WYZzgOuhh5TmHbOSyGCPTqbsfSPp1Es8NVStBGIXKaEEo1MieITOgylywdcHQKAg2qVPUXYqQ-kg4sDE8-XK1dF5e_3x1JP9JSHrlo8mnx7Hz0s7x37YvYaPOK61vE"
        },
        "attributes": {}
      },
      "StatusCode": 200,
      "ResponseHeaders": {
        "Cache-Control": "no-cache",
        "Content-Length": "715",
        "Content-Type": "application/json; charset=utf-8",
        "Date": "Wed, 06 Sep 2023 23:52:10 GMT",
        "Expires": "-1",
        "Pragma": "no-cache",
        "Strict-Transport-Security": "max-age=31536000;includeSubDomains",
        "X-Content-Type-Options": "nosniff",
        "x-ms-keyvault-network-info": "conn_type=Ipv4;addr=172.92.148.195;act_addr_fam=InterNetwork;",
        "x-ms-keyvault-region": "westus",
        "x-ms-keyvault-service-version": "1.9.950.1",
        "x-ms-request-id": "888fc184-9181-44c5-8530-ceb5092ba48f"
      },
      "ResponseBody": {
        "key": {
          "kid": "https://azure-kv-tests2.vault.azure.net/keys/testrsakeywrapunwrap99322/d893eb415d3243489938d6185d84c05c",
          "kty": "RSA",
          "key_ops": [
            "encrypt",
            "decrypt",
            "sign",
            "verify",
            "wrapKey",
            "unwrapKey"
          ],
          "n": "1_6ZtP288hEkKML-L6nFyZh1PD1rmAgwbbwjEvTSDK_008BYWhjp_6ULy9BhWtRIytNkPkm9gzaBTrCpp-vyDXPGa836Htp-w8u5JmxoUZchJh576m3m-8ZYWTmZSAp5SpruyKAmLSxPJHEWPXQntnmuTMjb9HBT9Ltrwc0ZDk-jsMLYunDJrNmrRUxQgb0zQ_Tl5fJjj8j-0KVx2RXtbfWFvf5fRdBYyP3m0aUpoopQPwtXszD2LcSKMJ_TnmnvMWr8MOA5aRlBaGdBk7zBgRafvDPam3Q2AvFA9mfcAVncpfZ3JFm73VARw6MofXtRqOHtZ7y4oNbY95xXwU2r6w",
          "e": "AQAB"
        },
        "attributes": {
          "enabled": true,
          "created": 1694044331,
          "updated": 1694044331,
          "recoveryLevel": "Recoverable\u002BPurgeable",
          "recoverableDays": 90,
          "exportable": false
        }
      }
    },
    {
      "RequestUri": "https://REDACTED/keys/testrsakeywrapunwrap99322/d893eb415d3243489938d6185d84c05c?api-version=7.4",
      "RequestMethod": "GET",
      "RequestHeaders": {
        "Accept": "*/*",
        "Accept-Language": "en-US",
        "Authorization": "Sanitized",
        "Content-Length": "0",
        "Content-Type": "application/json",
        "User-Agent": "azsdk-java-client_name/client_version (11.0.6; Windows 10; 10.0)"
      },
      "RequestBody": null,
      "StatusCode": 200,
      "ResponseHeaders": {
        "Cache-Control": "no-cache",
        "Content-Length": "715",
        "Content-Type": "application/json; charset=utf-8",
        "Date": "Wed, 06 Sep 2023 23:52:11 GMT",
        "Expires": "-1",
        "Pragma": "no-cache",
        "Strict-Transport-Security": "max-age=31536000;includeSubDomains",
        "X-Content-Type-Options": "nosniff",
        "x-ms-keyvault-network-info": "conn_type=Ipv4;addr=172.92.148.195;act_addr_fam=InterNetwork;",
        "x-ms-keyvault-region": "westus",
        "x-ms-keyvault-service-version": "1.9.950.1",
        "x-ms-request-id": "dca71c6c-9501-43d0-9526-fb1b31f45a3c"
      },
      "ResponseBody": {
        "key": {
          "kid": "https://azure-kv-tests2.vault.azure.net/keys/testrsakeywrapunwrap99322/d893eb415d3243489938d6185d84c05c",
          "kty": "RSA",
          "key_ops": [
            "encrypt",
            "decrypt",
            "sign",
            "verify",
            "wrapKey",
            "unwrapKey"
          ],
          "n": "1_6ZtP288hEkKML-L6nFyZh1PD1rmAgwbbwjEvTSDK_008BYWhjp_6ULy9BhWtRIytNkPkm9gzaBTrCpp-vyDXPGa836Htp-w8u5JmxoUZchJh576m3m-8ZYWTmZSAp5SpruyKAmLSxPJHEWPXQntnmuTMjb9HBT9Ltrwc0ZDk-jsMLYunDJrNmrRUxQgb0zQ_Tl5fJjj8j-0KVx2RXtbfWFvf5fRdBYyP3m0aUpoopQPwtXszD2LcSKMJ_TnmnvMWr8MOA5aRlBaGdBk7zBgRafvDPam3Q2AvFA9mfcAVncpfZ3JFm73VARw6MofXtRqOHtZ7y4oNbY95xXwU2r6w",
          "e": "AQAB"
        },
        "attributes": {
          "enabled": true,
          "created": 1694044331,
          "updated": 1694044331,
          "recoveryLevel": "Recoverable\u002BPurgeable",
          "recoverableDays": 90,
          "exportable": false
        }
      }
    },
    {
      "RequestUri": "https://REDACTED/keys/testrsakeywrapunwrap99322/d893eb415d3243489938d6185d84c05c/unwrapkey?api-version=7.4",
      "RequestMethod": "POST",
      "RequestHeaders": {
        "Accept": "*/*",
        "Accept-Language": "en-US",
        "Authorization": "Sanitized",
        "Content-Length": "369",
        "Content-Type": "application/json",
        "User-Agent": "azsdk-java-client_name/client_version (11.0.6; Windows 10; 10.0)"
      },
      "RequestBody": {
        "alg": "RSA1_5",
        "value": "zLTw_LBvWG78WsdfxjG40WdsbEABcQGpgvvrPzt9x57k6Zyy7oBNUdlCrhQw5btqLvaiXMut2HI0Txwv9-9ZhIO-UbdC8IOMfw9umvjpQevOXxyAdWFLlHeYE7uByCH7tTkAay1e-nUAg6txtF8uWjt0eNck6rLkx0zl5YFo8_-jqvCYYPvwQnjP5QVMsw7oypLHmpa83lJjMxetzyI1cmwsOsIGOPgQRw3qVZXtwpIynZb1hk3vBsVqBt40fSg9r6Ys1q3EJaNCcivBvOtbiR1eAaAkGJHHi4TYtuoy-Qc55W8hy8pu42qG39XW5UCQVJAoXMpcYOf1yJdJl_95Tw"
      },
      "StatusCode": 200,
      "ResponseHeaders": {
        "Cache-Control": "no-cache",
        "Content-Length": "258",
        "Content-Type": "application/json; charset=utf-8",
        "Date": "Wed, 06 Sep 2023 23:52:11 GMT",
        "Expires": "-1",
        "Pragma": "no-cache",
        "Strict-Transport-Security": "max-age=31536000;includeSubDomains",
        "X-Content-Type-Options": "nosniff",
        "x-ms-keyvault-network-info": "conn_type=Ipv4;addr=172.92.148.195;act_addr_fam=InterNetwork;",
        "x-ms-keyvault-region": "westus",
        "x-ms-keyvault-service-version": "1.9.950.1",
        "x-ms-request-id": "e28800aa-0275-4285-926f-a56880227b97"
      },
      "ResponseBody": {
        "kid": "https://azure-kv-tests2.vault.azure.net/keys/testrsakeywrapunwrap99322/d893eb415d3243489938d6185d84c05c",
        "value": "G9GT23aoJ9lUS5WtxwlS9igODCiTObv_Z7U9HhTbk99t_24WdBcngS2ycvtJ7_VQ6ESEKt1QdoI8UMRwh2UOMalPrw1leEgbwgpOtCPjmzCk2fhuxCHyinA3x0iGnD2jyYaXiw"
      }
    },
    {
      "RequestUri": "https://REDACTED/keys/testrsakeywrapunwrap99322/d893eb415d3243489938d6185d84c05c/unwrapkey?api-version=7.4",
      "RequestMethod": "POST",
      "RequestHeaders": {
        "Accept": "*/*",
        "Accept-Language": "en-US",
        "Authorization": "Sanitized",
        "Content-Length": "369",
        "Content-Type": "application/json",
        "User-Agent": "azsdk-java-client_name/client_version (11.0.6; Windows 10; 10.0)"
      },
      "RequestBody": {
        "alg": "RSA1_5",
        "value": "piZio2XwYtWaonsyT6xaIeHpfiL__o7Z75a_OFnaMOnAuorRJ2JCC9-STCvazuhDntJyCDdriyCPGesUEg346Z8Iayi6bzyP8I5JA8R6ILn2L8kMCE9gHnUEbq5Kbrq9U3xIstDnkdehbgLgauPZAbHGl_o7aWyAHMagPZQYqOBWGaKUIoFMrxZTZRtdS-cYqtz2or6ts71xzjrodjWpVZp6xLByG2GqI65xhQmSp5EG24H5iai6ppRxrB8yOf1mleCJObes9wAybNtV5mUHxkYj6PKxxDpCGAko_DKaiVRF21fGwSkckiLD_8BVm5tquDwuCY5ZX_kYqI-arcbwPA"
      },
      "StatusCode": 200,
      "ResponseHeaders": {
        "Cache-Control": "no-cache",
        "Content-Length": "258",
        "Content-Type": "application/json; charset=utf-8",
        "Date": "Wed, 06 Sep 2023 23:52:11 GMT",
        "Expires": "-1",
        "Pragma": "no-cache",
        "Strict-Transport-Security": "max-age=31536000;includeSubDomains",
        "X-Content-Type-Options": "nosniff",
        "x-ms-keyvault-network-info": "conn_type=Ipv4;addr=172.92.148.195;act_addr_fam=InterNetwork;",
        "x-ms-keyvault-region": "westus",
        "x-ms-keyvault-service-version": "1.9.950.1",
        "x-ms-request-id": "dc2baf08-c63f-466d-bbbb-9d148893651f"
      },
      "ResponseBody": {
        "kid": "https://azure-kv-tests2.vault.azure.net/keys/testrsakeywrapunwrap99322/d893eb415d3243489938d6185d84c05c",
        "value": "G9GT23aoJ9lUS5WtxwlS9igODCiTObv_Z7U9HhTbk99t_24WdBcngS2ycvtJ7_VQ6ESEKt1QdoI8UMRwh2UOMalPrw1leEgbwgpOtCPjmzCk2fhuxCHyinA3x0iGnD2jyYaXiw"
      }
    },
    {
      "RequestUri": "https://REDACTED/keys/testrsakeywrapunwrap99322/d893eb415d3243489938d6185d84c05c/unwrapkey?api-version=7.4",
      "RequestMethod": "POST",
      "RequestHeaders": {
        "Accept": "*/*",
        "Accept-Language": "en-US",
        "Authorization": "Sanitized",
        "Content-Length": "371",
        "Content-Type": "application/json",
        "User-Agent": "azsdk-java-client_name/client_version (11.0.6; Windows 10; 10.0)"
      },
      "RequestBody": {
        "alg": "RSA-OAEP",
        "value": "rWUjTu9ylSopjftLFQIiCSfltlIihqe0EKCHYa2DGKZVmTOFgSZOL-w5zJ_I3c74WGSmxzg5bMdvbB95AAphXM98wJP6wL0mzff8fl4FZamrJyJjdSWlFgghLDahFIbIW2YPf8HC0E1ny-moPUx3YjVN8XDxtxUgx97btuj9FrwAS4wtDgESY_iJ_XGZ79jH4YmngPAgfK1qGe4RbKzOD3G2k58icHpLYggLLFoc9eLEIWTLjK6dGVwQ3J5fM9zEv9EO8AhXq8C79ex3VYupn8cZhKZEzofxOdLFx1ewu2A6IPd4J_CtGAF5_fcbZT3BgppX04c_qVzLib3xuB63fA"
      },
      "StatusCode": 200,
      "ResponseHeaders": {
        "Cache-Control": "no-cache",
        "Content-Length": "258",
        "Content-Type": "application/json; charset=utf-8",
        "Date": "Wed, 06 Sep 2023 23:52:11 GMT",
        "Expires": "-1",
        "Pragma": "no-cache",
        "Strict-Transport-Security": "max-age=31536000;includeSubDomains",
        "X-Content-Type-Options": "nosniff",
        "x-ms-keyvault-network-info": "conn_type=Ipv4;addr=172.92.148.195;act_addr_fam=InterNetwork;",
        "x-ms-keyvault-region": "westus",
        "x-ms-keyvault-service-version": "1.9.950.1",
        "x-ms-request-id": "18fdc7b3-f40e-4072-80ec-813e8a959c58"
      },
      "ResponseBody": {
        "kid": "https://azure-kv-tests2.vault.azure.net/keys/testrsakeywrapunwrap99322/d893eb415d3243489938d6185d84c05c",
        "value": "G9GT23aoJ9lUS5WtxwlS9igODCiTObv_Z7U9HhTbk99t_24WdBcngS2ycvtJ7_VQ6ESEKt1QdoI8UMRwh2UOMalPrw1leEgbwgpOtCPjmzCk2fhuxCHyinA3x0iGnD2jyYaXiw"
      }
    },
    {
      "RequestUri": "https://REDACTED/keys/testrsakeywrapunwrap99322/d893eb415d3243489938d6185d84c05c/unwrapkey?api-version=7.4",
      "RequestMethod": "POST",
      "RequestHeaders": {
        "Accept": "*/*",
        "Accept-Language": "en-US",
        "Authorization": "Sanitized",
        "Content-Length": "371",
        "Content-Type": "application/json",
        "User-Agent": "azsdk-java-client_name/client_version (11.0.6; Windows 10; 10.0)"
      },
      "RequestBody": {
        "alg": "RSA-OAEP",
        "value": "g-kzZANrV6GHHu1MlT9XxHCFxnMlRn9NvUa8DR6wqgN3qRIYud0MKiQ7ZYu4Vx7Hp6kPJFbVzUSACqhOCLyU9wJOOxXLqX_AYbuCODd2DnzP6YKK7MW4uXL8xOIzgAL4G0q1pdLxCnBAKp9IFMNcyVulB2jjlgbzUI6dEWrkBIksd3aeT9GylbkUdaSlSKproOs6YL9Rgerc-7VMf8ZEos4Rt8-FkLlmATLLXT-o-fIUjGlBeRoxaLCQh3pWQ174LZDNwXiDLLYTk2obknCUN69_zzbGIGwrrlqr44R9fUx8M0Ad6-VNLyVUQJd5OCWjAC7X6h--vZxjY6dTbFj6OA"
      },
      "StatusCode": 200,
      "ResponseHeaders": {
        "Cache-Control": "no-cache",
        "Content-Length": "258",
        "Content-Type": "application/json; charset=utf-8",
        "Date": "Wed, 06 Sep 2023 23:52:11 GMT",
        "Expires": "-1",
        "Pragma": "no-cache",
        "Strict-Transport-Security": "max-age=31536000;includeSubDomains",
        "X-Content-Type-Options": "nosniff",
        "x-ms-keyvault-network-info": "conn_type=Ipv4;addr=172.92.148.195;act_addr_fam=InterNetwork;",
        "x-ms-keyvault-region": "westus",
        "x-ms-keyvault-service-version": "1.9.950.1",
        "x-ms-request-id": "f6ea012f-b479-4b6a-a531-7fc08a94398c"
      },
      "ResponseBody": {
        "kid": "https://azure-kv-tests2.vault.azure.net/keys/testrsakeywrapunwrap99322/d893eb415d3243489938d6185d84c05c",
        "value": "G9GT23aoJ9lUS5WtxwlS9igODCiTObv_Z7U9HhTbk99t_24WdBcngS2ycvtJ7_VQ6ESEKt1QdoI8UMRwh2UOMalPrw1leEgbwgpOtCPjmzCk2fhuxCHyinA3x0iGnD2jyYaXiw"
      }
    },
    {
      "RequestUri": "https://REDACTED/keys/testrsakeywrapunwrap99322/d893eb415d3243489938d6185d84c05c/wrapkey?api-version=7.4",
      "RequestMethod": "POST",
      "RequestHeaders": {
        "Accept": "*/*",
        "Accept-Language": "en-US",
        "Authorization": "Sanitized",
        "Content-Length": "167",
        "Content-Type": "application/json",
        "User-Agent": "azsdk-java-client_name/client_version (11.0.6; Windows 10; 10.0)"
      },
      "RequestBody": {
        "alg": "RSA-OAEP-256",
        "value": "G9GT23aoJ9lUS5WtxwlS9igODCiTObv_Z7U9HhTbk99t_24WdBcngS2ycvtJ7_VQ6ESEKt1QdoI8UMRwh2UOMalPrw1leEgbwgpOtCPjmzCk2fhuxCHyinA3x0iGnD2jyYaXiw"
      },
      "StatusCode": 200,
      "ResponseHeaders": {
        "Cache-Control": "no-cache",
        "Content-Length": "466",
        "Content-Type": "application/json; charset=utf-8",
        "Date": "Wed, 06 Sep 2023 23:52:11 GMT",
        "Expires": "-1",
        "Pragma": "no-cache",
        "Strict-Transport-Security": "max-age=31536000;includeSubDomains",
        "X-Content-Type-Options": "nosniff",
        "x-ms-keyvault-network-info": "conn_type=Ipv4;addr=172.92.148.195;act_addr_fam=InterNetwork;",
        "x-ms-keyvault-region": "westus",
        "x-ms-keyvault-service-version": "1.9.950.1",
        "x-ms-request-id": "5319b977-744a-40e2-8d84-126ff45d7dde"
      },
      "ResponseBody": {
        "kid": "https://azure-kv-tests2.vault.azure.net/keys/testrsakeywrapunwrap99322/d893eb415d3243489938d6185d84c05c",
        "value": "gVu0IpggdUwYiPhKButRWbzXe703D28ZqCwtOGL0ccPrAgkGFVkpymBtIRx5Gag8hs2cXxetVCUHu_QCTmcje2U87AbmWl6zdWO6qrNyJ_zUja2y6pzEBDHQ3XFipHjTEkfDoJtWdHVlHmLcyPIRMAOthUkmb3i7lYnYliQflJQSiD-kMtzFIy0MZ578QxNQoniS1-HxYHlmvGnNlfFXcEV3aUuGGtdkXHoMTMzLHEMtGA_U6w1NANe17aW-2TmHXsFKL2oynzmWOhIXKHODMccZtgbbm9Z4ixEzwlECtiY1SvVpq4kRdhTFrbHkAeJw26N7L7kF4BNjstuvgmdc0Q"
      }
    },
    {
      "RequestUri": "https://REDACTED/keys/testrsakeywrapunwrap99322/d893eb415d3243489938d6185d84c05c/unwrapkey?api-version=7.4",
      "RequestMethod": "POST",
      "RequestHeaders": {
        "Accept": "*/*",
        "Accept-Language": "en-US",
        "Authorization": "Sanitized",
        "Content-Length": "375",
        "Content-Type": "application/json",
        "User-Agent": "azsdk-java-client_name/client_version (11.0.6; Windows 10; 10.0)"
      },
      "RequestBody": {
        "alg": "RSA-OAEP-256",
        "value": "gVu0IpggdUwYiPhKButRWbzXe703D28ZqCwtOGL0ccPrAgkGFVkpymBtIRx5Gag8hs2cXxetVCUHu_QCTmcje2U87AbmWl6zdWO6qrNyJ_zUja2y6pzEBDHQ3XFipHjTEkfDoJtWdHVlHmLcyPIRMAOthUkmb3i7lYnYliQflJQSiD-kMtzFIy0MZ578QxNQoniS1-HxYHlmvGnNlfFXcEV3aUuGGtdkXHoMTMzLHEMtGA_U6w1NANe17aW-2TmHXsFKL2oynzmWOhIXKHODMccZtgbbm9Z4ixEzwlECtiY1SvVpq4kRdhTFrbHkAeJw26N7L7kF4BNjstuvgmdc0Q"
      },
      "StatusCode": 200,
      "ResponseHeaders": {
        "Cache-Control": "no-cache",
        "Content-Length": "258",
        "Content-Type": "application/json; charset=utf-8",
        "Date": "Wed, 06 Sep 2023 23:52:11 GMT",
        "Expires": "-1",
        "Pragma": "no-cache",
        "Strict-Transport-Security": "max-age=31536000;includeSubDomains",
        "X-Content-Type-Options": "nosniff",
        "x-ms-keyvault-network-info": "conn_type=Ipv4;addr=172.92.148.195;act_addr_fam=InterNetwork;",
        "x-ms-keyvault-region": "westus",
        "x-ms-keyvault-service-version": "1.9.950.1",
        "x-ms-request-id": "c493a0f1-e865-486c-8960-eca9a9130b56"
      },
      "ResponseBody": {
        "kid": "https://azure-kv-tests2.vault.azure.net/keys/testrsakeywrapunwrap99322/d893eb415d3243489938d6185d84c05c",
        "value": "G9GT23aoJ9lUS5WtxwlS9igODCiTObv_Z7U9HhTbk99t_24WdBcngS2ycvtJ7_VQ6ESEKt1QdoI8UMRwh2UOMalPrw1leEgbwgpOtCPjmzCk2fhuxCHyinA3x0iGnD2jyYaXiw"
      }
    },
    {
      "RequestUri": "https://REDACTED/keys/testrsakeywrapunwrap99322/d893eb415d3243489938d6185d84c05c/wrapkey?api-version=7.4",
      "RequestMethod": "POST",
      "RequestHeaders": {
        "Accept": "*/*",
        "Accept-Language": "en-US",
        "Authorization": "Sanitized",
        "Content-Length": "167",
        "Content-Type": "application/json",
        "User-Agent": "azsdk-java-client_name/client_version (11.0.6; Windows 10; 10.0)"
      },
      "RequestBody": {
        "alg": "RSA-OAEP-256",
        "value": "G9GT23aoJ9lUS5WtxwlS9igODCiTObv_Z7U9HhTbk99t_24WdBcngS2ycvtJ7_VQ6ESEKt1QdoI8UMRwh2UOMalPrw1leEgbwgpOtCPjmzCk2fhuxCHyinA3x0iGnD2jyYaXiw"
      },
      "StatusCode": 200,
      "ResponseHeaders": {
        "Cache-Control": "no-cache",
        "Content-Length": "466",
        "Content-Type": "application/json; charset=utf-8",
        "Date": "Wed, 06 Sep 2023 23:52:11 GMT",
        "Expires": "-1",
        "Pragma": "no-cache",
        "Strict-Transport-Security": "max-age=31536000;includeSubDomains",
        "X-Content-Type-Options": "nosniff",
        "x-ms-keyvault-network-info": "conn_type=Ipv4;addr=172.92.148.195;act_addr_fam=InterNetwork;",
        "x-ms-keyvault-region": "westus",
        "x-ms-keyvault-service-version": "1.9.950.1",
        "x-ms-request-id": "fafee1b1-aa26-4298-bb1f-0728d9d21d37"
      },
      "ResponseBody": {
        "kid": "https://azure-kv-tests2.vault.azure.net/keys/testrsakeywrapunwrap99322/d893eb415d3243489938d6185d84c05c",
        "value": "q6vG1XS-tpOlLfKJMMbBu7EkOmkBZOD6L6ztIeEqvGu0Bs5tMJ8yvf_YevoyhnCaev_E5rj4YKnN2JJHU1nxtej3aHeGa7-xig4L2WLrxK-IXkm_6XNVxbFphZ1vvrn5m9YQu7o1O0IHzGLTdrC99w9NVcRXiJ23C8-HfYsqe56cj_jS5_XEEd2xwsOKl72PRtzQ2MRIto2F0nKcFanjT2_yQ_pOiXupMgOimDZZGYf2riR9O_9cehOz9sfpe1foWZ8clmXHKWg0uqVOSij7XqNcqQFFQ2bGARRSuyoFJhKYK3lvs2Ts1BaRlr-axDqyN75CEVaOoQOcHxclZjzC1A"
      }
    },
    {
      "RequestUri": "https://REDACTED/keys/testrsakeywrapunwrap99322/d893eb415d3243489938d6185d84c05c/unwrapkey?api-version=7.4",
      "RequestMethod": "POST",
      "RequestHeaders": {
        "Accept": "*/*",
        "Accept-Language": "en-US",
        "Authorization": "Sanitized",
        "Content-Length": "375",
        "Content-Type": "application/json",
        "User-Agent": "azsdk-java-client_name/client_version (11.0.6; Windows 10; 10.0)"
      },
      "RequestBody": {
        "alg": "RSA-OAEP-256",
        "value": "q6vG1XS-tpOlLfKJMMbBu7EkOmkBZOD6L6ztIeEqvGu0Bs5tMJ8yvf_YevoyhnCaev_E5rj4YKnN2JJHU1nxtej3aHeGa7-xig4L2WLrxK-IXkm_6XNVxbFphZ1vvrn5m9YQu7o1O0IHzGLTdrC99w9NVcRXiJ23C8-HfYsqe56cj_jS5_XEEd2xwsOKl72PRtzQ2MRIto2F0nKcFanjT2_yQ_pOiXupMgOimDZZGYf2riR9O_9cehOz9sfpe1foWZ8clmXHKWg0uqVOSij7XqNcqQFFQ2bGARRSuyoFJhKYK3lvs2Ts1BaRlr-axDqyN75CEVaOoQOcHxclZjzC1A"
      },
      "StatusCode": 200,
      "ResponseHeaders": {
        "Cache-Control": "no-cache",
        "Content-Length": "258",
        "Content-Type": "application/json; charset=utf-8",
        "Date": "Wed, 06 Sep 2023 23:52:11 GMT",
        "Expires": "-1",
        "Pragma": "no-cache",
        "Strict-Transport-Security": "max-age=31536000;includeSubDomains",
        "X-Content-Type-Options": "nosniff",
        "x-ms-keyvault-network-info": "conn_type=Ipv4;addr=172.92.148.195;act_addr_fam=InterNetwork;",
        "x-ms-keyvault-region": "westus",
        "x-ms-keyvault-service-version": "1.9.950.1",
        "x-ms-request-id": "79a019bc-68d2-4074-a923-a86c2ad8a169"
      },
      "ResponseBody": {
        "kid": "https://azure-kv-tests2.vault.azure.net/keys/testrsakeywrapunwrap99322/d893eb415d3243489938d6185d84c05c",
        "value": "G9GT23aoJ9lUS5WtxwlS9igODCiTObv_Z7U9HhTbk99t_24WdBcngS2ycvtJ7_VQ6ESEKt1QdoI8UMRwh2UOMalPrw1leEgbwgpOtCPjmzCk2fhuxCHyinA3x0iGnD2jyYaXiw"
      }
    }
  ],
  "Variables": {
    "0": "testrsakeywrapunwrap99322"
  }
}
