{
  "Entries": [
    {
      "RequestUri": "https://REDACTED/keys/testeckeyp-25610812/create?api-version=7.5-preview.1",
      "RequestMethod": "POST",
      "RequestHeaders": {
        "Accept": "*/*",
        "Accept-Language": "en-US",
        "Content-Length": "0",
        "Content-Type": "application/json",
        "User-Agent": "azsdk-java-client_name/client_version (17.0.8.1; Windows 11; 10.0)"
      },
      "RequestBody": null,
      "StatusCode": 401,
      "ResponseHeaders": {
        "Cache-Control": "no-cache",
        "Content-Length": "97",
        "Content-Type": "application/json; charset=utf-8",
        "Date": "Tue, 07 Nov 2023 08:21:48 GMT",
        "Expires": "-1",
        "Pragma": "no-cache",
        "Strict-Transport-Security": "max-age=31536000;includeSubDomains",
        "WWW-Authenticate": "Bearer authorization=\u0022https://login.microsoftonline.com/72f988bf-86f1-41af-91ab-2d7cd011db47\u0022, resource=\u0022https://vault.azure.net\u0022",
        "X-Content-Type-Options": "nosniff",
        "x-ms-keyvault-network-info": "conn_type=Ipv4;addr=172.92.148.195;act_addr_fam=InterNetwork;",
        "x-ms-keyvault-region": "westus",
        "x-ms-keyvault-service-version": "1.9.1054.1",
        "x-ms-request-id": "b12775b2-95d3-425d-86ac-6e29002317c3"
      },
      "ResponseBody": {
        "error": {
          "code": "Unauthorized",
          "message": "AKV10000: Request is missing a Bearer or PoP token."
        }
      }
    },
    {
      "RequestUri": "https://REDACTED/keys/testeckeyp-25610812/create?api-version=7.5-preview.1",
      "RequestMethod": "POST",
      "RequestHeaders": {
        "Accept": "*/*",
        "Accept-Language": "en-US",
        "Authorization": "Sanitized",
        "Content-Length": "90",
        "Content-Type": "application/json",
        "User-Agent": "azsdk-java-client_name/client_version (17.0.8.1; Windows 11; 10.0)"
      },
      "RequestBody": {
        "kty": "EC",
        "key_ops": [
          "sign",
          "verify"
        ],
        "attributes": {},
        "crv": "P-256",
        "public_exponent": 0
      },
      "StatusCode": 200,
      "ResponseHeaders": {
        "Cache-Control": "no-cache",
        "Content-Length": "444",
        "Content-Type": "application/json; charset=utf-8",
        "Date": "Tue, 07 Nov 2023 08:21:49 GMT",
        "Expires": "-1",
        "Pragma": "no-cache",
        "Strict-Transport-Security": "max-age=31536000;includeSubDomains",
        "X-Content-Type-Options": "nosniff",
        "x-ms-keyvault-network-info": "conn_type=Ipv4;addr=172.92.148.195;act_addr_fam=InterNetwork;",
        "x-ms-keyvault-region": "westus",
        "x-ms-keyvault-service-version": "1.9.1054.1",
        "x-ms-request-id": "8bdfbbb0-9d2c-47bc-87f7-6593cdd43496"
      },
      "ResponseBody": {
        "key": {
          "kid": "https://azkvrecordtests.vault.azure.net/keys/testeckeyp-25610812/132ff6021af7465a8f41b7aaf83c7628",
          "kty": "EC",
          "key_ops": [
            "sign",
            "verify"
          ],
          "crv": "P-256",
          "x": "dUu7Lqw7c23YgVfRI8Q-_qVHXhHhMYQYZmPoCFkfXHQ",
          "y": "qbLyD9Q9zbzqtPdv2NkeDHBTPYgPj25RZ_vXMirEQII"
        },
        "attributes": {
          "enabled": true,
          "created": 1699345310,
          "updated": 1699345310,
          "recoveryLevel": "CustomizedRecoverable\u002BPurgeable",
          "recoverableDays": 7,
          "exportable": false,
          "hsmPlatform": "0"
        }
      }
    },
    {
      "RequestUri": "https://REDACTED/keys/testeckeyp-25610812/132ff6021af7465a8f41b7aaf83c7628?api-version=7.5-preview.1",
      "RequestMethod": "GET",
      "RequestHeaders": {
        "Accept": "*/*",
        "Accept-Language": "en-US",
        "Authorization": "Sanitized",
        "Content-Length": "0",
        "Content-Type": "application/json",
        "User-Agent": "azsdk-java-client_name/client_version (17.0.8.1; Windows 11; 10.0)"
      },
      "RequestBody": null,
      "StatusCode": 200,
      "ResponseHeaders": {
        "Cache-Control": "no-cache",
        "Content-Length": "444",
        "Content-Type": "application/json; charset=utf-8",
        "Date": "Tue, 07 Nov 2023 08:21:49 GMT",
        "Expires": "-1",
        "Pragma": "no-cache",
        "Strict-Transport-Security": "max-age=31536000;includeSubDomains",
        "X-Content-Type-Options": "nosniff",
        "x-ms-keyvault-network-info": "conn_type=Ipv4;addr=172.92.148.195;act_addr_fam=InterNetwork;",
        "x-ms-keyvault-region": "westus",
        "x-ms-keyvault-service-version": "1.9.1054.1",
        "x-ms-request-id": "80c1f8da-c8b3-4f12-a52f-b1dcaa4670dd"
      },
      "ResponseBody": {
        "key": {
          "kid": "https://azkvrecordtests.vault.azure.net/keys/testeckeyp-25610812/132ff6021af7465a8f41b7aaf83c7628",
          "kty": "EC",
          "key_ops": [
            "sign",
            "verify"
          ],
          "crv": "P-256",
          "x": "dUu7Lqw7c23YgVfRI8Q-_qVHXhHhMYQYZmPoCFkfXHQ",
          "y": "qbLyD9Q9zbzqtPdv2NkeDHBTPYgPj25RZ_vXMirEQII"
        },
        "attributes": {
          "enabled": true,
          "created": 1699345310,
          "updated": 1699345310,
          "recoveryLevel": "CustomizedRecoverable\u002BPurgeable",
          "recoverableDays": 7,
          "exportable": false,
          "hsmPlatform": "0"
        }
      }
    },
    {
      "RequestUri": "https://REDACTED/keys/testeckeyp-25610812/132ff6021af7465a8f41b7aaf83c7628/sign?api-version=7.5-preview.1",
      "RequestMethod": "POST",
      "RequestHeaders": {
        "Accept": "*/*",
        "Accept-Language": "en-US",
        "Authorization": "Sanitized",
        "Content-Length": "69",
        "Content-Type": "application/json",
        "User-Agent": "azsdk-java-client_name/client_version (17.0.8.1; Windows 11; 10.0)"
      },
      "RequestBody": {
        "alg": "ES256",
        "value": "WLx9s5UrvRtkv6WlfzdbKuXq0FmDkaujAzRlPvCycOI"
      },
      "StatusCode": 200,
      "ResponseHeaders": {
        "Cache-Control": "no-cache",
        "Content-Length": "201",
        "Content-Type": "application/json; charset=utf-8",
        "Date": "Tue, 07 Nov 2023 08:21:49 GMT",
        "Expires": "-1",
        "Pragma": "no-cache",
        "Strict-Transport-Security": "max-age=31536000;includeSubDomains",
        "X-Content-Type-Options": "nosniff",
        "x-ms-keyvault-network-info": "conn_type=Ipv4;addr=172.92.148.195;act_addr_fam=InterNetwork;",
        "x-ms-keyvault-region": "westus",
        "x-ms-keyvault-service-version": "1.9.1054.1",
        "x-ms-request-id": "0ac4edc9-d181-4dee-9db6-e2f0b3039c1d"
      },
      "ResponseBody": {
        "kid": "https://azkvrecordtests.vault.azure.net/keys/testeckeyp-25610812/132ff6021af7465a8f41b7aaf83c7628",
        "value": "VeAOgV0Aehzk2e-OBQwGuOH580NAGkQgoS4kLxYRd0aMoBS5EJCaLor_pivRM7HkC6tBqYLHhyM44uUhwZt1Fw"
      }
    },
    {
      "RequestUri": "https://REDACTED/keys/testeckeyp-38476339/create?api-version=7.5-preview.1",
      "RequestMethod": "POST",
      "RequestHeaders": {
        "Accept": "*/*",
        "Accept-Language": "en-US",
        "Authorization": "Sanitized",
        "Content-Length": "90",
        "Content-Type": "application/json",
        "User-Agent": "azsdk-java-client_name/client_version (17.0.8.1; Windows 11; 10.0)"
      },
      "RequestBody": {
        "kty": "EC",
        "key_ops": [
          "sign",
          "verify"
        ],
        "attributes": {},
        "crv": "P-384",
        "public_exponent": 0
      },
      "StatusCode": 200,
      "ResponseHeaders": {
        "Cache-Control": "no-cache",
        "Content-Length": "486",
        "Content-Type": "application/json; charset=utf-8",
        "Date": "Tue, 07 Nov 2023 08:21:50 GMT",
        "Expires": "-1",
        "Pragma": "no-cache",
        "Strict-Transport-Security": "max-age=31536000;includeSubDomains",
        "X-Content-Type-Options": "nosniff",
        "x-ms-keyvault-network-info": "conn_type=Ipv4;addr=172.92.148.195;act_addr_fam=InterNetwork;",
        "x-ms-keyvault-region": "westus",
        "x-ms-keyvault-service-version": "1.9.1054.1",
        "x-ms-request-id": "5deec978-5d59-453c-8f57-ddb1f57a368a"
      },
      "ResponseBody": {
        "key": {
          "kid": "https://azkvrecordtests.vault.azure.net/keys/testeckeyp-38476339/1e87f49c8420476696996e23f89b9d87",
          "kty": "EC",
          "key_ops": [
            "sign",
            "verify"
          ],
          "crv": "P-384",
          "x": "B95dfpEpH9-Kc7Twk0WIZ3My0k6urJvalM68x3fOEpVMGtD6o6IxEaIaBBbI0uHz",
          "y": "eZuM0Z8lNady38yqFzGNw2K3vVwIkq8vlr9C_gARVNjzmuWmeVp3XxMJRVA3he32"
        },
        "attributes": {
          "enabled": true,
          "created": 1699345310,
          "updated": 1699345310,
          "recoveryLevel": "CustomizedRecoverable\u002BPurgeable",
          "recoverableDays": 7,
          "exportable": false,
          "hsmPlatform": "0"
        }
      }
    },
    {
      "RequestUri": "https://REDACTED/keys/testeckeyp-38476339/1e87f49c8420476696996e23f89b9d87?api-version=7.5-preview.1",
      "RequestMethod": "GET",
      "RequestHeaders": {
        "Accept": "*/*",
        "Accept-Language": "en-US",
        "Authorization": "Sanitized",
        "Content-Length": "0",
        "Content-Type": "application/json",
        "User-Agent": "azsdk-java-client_name/client_version (17.0.8.1; Windows 11; 10.0)"
      },
      "RequestBody": null,
      "StatusCode": 200,
      "ResponseHeaders": {
        "Cache-Control": "no-cache",
        "Content-Length": "486",
        "Content-Type": "application/json; charset=utf-8",
        "Date": "Tue, 07 Nov 2023 08:21:50 GMT",
        "Expires": "-1",
        "Pragma": "no-cache",
        "Strict-Transport-Security": "max-age=31536000;includeSubDomains",
        "X-Content-Type-Options": "nosniff",
        "x-ms-keyvault-network-info": "conn_type=Ipv4;addr=172.92.148.195;act_addr_fam=InterNetwork;",
        "x-ms-keyvault-region": "westus",
        "x-ms-keyvault-service-version": "1.9.1054.1",
        "x-ms-request-id": "5598b3c6-4d8f-4327-993e-98cffdc7f1aa"
      },
      "ResponseBody": {
        "key": {
          "kid": "https://azkvrecordtests.vault.azure.net/keys/testeckeyp-38476339/1e87f49c8420476696996e23f89b9d87",
          "kty": "EC",
          "key_ops": [
            "sign",
            "verify"
          ],
          "crv": "P-384",
          "x": "B95dfpEpH9-Kc7Twk0WIZ3My0k6urJvalM68x3fOEpVMGtD6o6IxEaIaBBbI0uHz",
          "y": "eZuM0Z8lNady38yqFzGNw2K3vVwIkq8vlr9C_gARVNjzmuWmeVp3XxMJRVA3he32"
        },
        "attributes": {
          "enabled": true,
          "created": 1699345310,
          "updated": 1699345310,
          "recoveryLevel": "CustomizedRecoverable\u002BPurgeable",
          "recoverableDays": 7,
          "exportable": false,
          "hsmPlatform": "0"
        }
      }
    },
    {
      "RequestUri": "https://REDACTED/keys/testeckeyp-38476339/1e87f49c8420476696996e23f89b9d87/sign?api-version=7.5-preview.1",
      "RequestMethod": "POST",
      "RequestHeaders": {
        "Accept": "*/*",
        "Accept-Language": "en-US",
        "Authorization": "Sanitized",
        "Content-Length": "90",
        "Content-Type": "application/json",
        "User-Agent": "azsdk-java-client_name/client_version (17.0.8.1; Windows 11; 10.0)"
      },
      "RequestBody": {
        "alg": "ES384",
        "value": "q0U8KRbM0Rwt37cMUYIMhajb1GD82Zg5NGXTtrG9mqticE2ITdzSuKVAgTLBRq0I"
      },
      "StatusCode": 200,
      "ResponseHeaders": {
        "Cache-Control": "no-cache",
        "Content-Length": "243",
        "Content-Type": "application/json; charset=utf-8",
        "Date": "Tue, 07 Nov 2023 08:21:50 GMT",
        "Expires": "-1",
        "Pragma": "no-cache",
        "Strict-Transport-Security": "max-age=31536000;includeSubDomains",
        "X-Content-Type-Options": "nosniff",
        "x-ms-keyvault-network-info": "conn_type=Ipv4;addr=172.92.148.195;act_addr_fam=InterNetwork;",
        "x-ms-keyvault-region": "westus",
        "x-ms-keyvault-service-version": "1.9.1054.1",
        "x-ms-request-id": "c03ce701-1f40-4bf5-9387-1411384bdedd"
      },
      "ResponseBody": {
        "kid": "https://azkvrecordtests.vault.azure.net/keys/testeckeyp-38476339/1e87f49c8420476696996e23f89b9d87",
        "value": "xcc9lQ2IhpIkNovbEvEcdgw6Yb8pP-TEczKvRqJDOj9W3By4JyDjlzDMXykxBwmV9aGPX4It-VvLqDjLbcIAXtH0-j-k5eseH_UPKoj9vQfj42INKCo59tovp0lP2rjk"
      }
    },
    {
      "RequestUri": "https://REDACTED/keys/testeckeyp-52168266/create?api-version=7.5-preview.1",
      "RequestMethod": "POST",
      "RequestHeaders": {
        "Accept": "*/*",
        "Accept-Language": "en-US",
        "Authorization": "Sanitized",
        "Content-Length": "90",
        "Content-Type": "application/json",
        "User-Agent": "azsdk-java-client_name/client_version (17.0.8.1; Windows 11; 10.0)"
      },
      "RequestBody": {
        "kty": "EC",
        "key_ops": [
          "sign",
          "verify"
        ],
        "attributes": {},
        "crv": "P-521",
        "public_exponent": 0
      },
      "StatusCode": 200,
      "ResponseHeaders": {
        "Cache-Control": "no-cache",
        "Content-Length": "534",
        "Content-Type": "application/json; charset=utf-8",
        "Date": "Tue, 07 Nov 2023 08:21:50 GMT",
        "Expires": "-1",
        "Pragma": "no-cache",
        "Strict-Transport-Security": "max-age=31536000;includeSubDomains",
        "X-Content-Type-Options": "nosniff",
        "x-ms-keyvault-network-info": "conn_type=Ipv4;addr=172.92.148.195;act_addr_fam=InterNetwork;",
        "x-ms-keyvault-region": "westus",
        "x-ms-keyvault-service-version": "1.9.1054.1",
        "x-ms-request-id": "47d0067b-fc34-4908-a5dc-cc70940fff96"
      },
      "ResponseBody": {
        "key": {
          "kid": "https://azkvrecordtests.vault.azure.net/keys/testeckeyp-52168266/278edc8fd3254cebb5d05ce716e6a0fc",
          "kty": "EC",
          "key_ops": [
            "sign",
            "verify"
          ],
          "crv": "P-521",
          "x": "ANnucoc6FkEj7VWwTC4xjGqRZUV5qyz33Z48egKQkQ6SEqLRTI8Omw0slTK_PoKWqrzrVqMG82w8M26me9zsbJr3",
          "y": "Aals1hxRJgr35xwvyONjSPD_3uUB5BSYy1cTC6UGT3hsJn_yJjw7Mf4IfzRNx7Xdb8UBIRysCwAxd4DGR__Wfl4u"
        },
        "attributes": {
          "enabled": true,
          "created": 1699345310,
          "updated": 1699345310,
          "recoveryLevel": "CustomizedRecoverable\u002BPurgeable",
          "recoverableDays": 7,
          "exportable": false,
          "hsmPlatform": "0"
        }
      }
    },
    {
      "RequestUri": "https://REDACTED/keys/testeckeyp-52168266/278edc8fd3254cebb5d05ce716e6a0fc?api-version=7.5-preview.1",
      "RequestMethod": "GET",
      "RequestHeaders": {
        "Accept": "*/*",
        "Accept-Language": "en-US",
        "Authorization": "Sanitized",
        "Content-Length": "0",
        "Content-Type": "application/json",
        "User-Agent": "azsdk-java-client_name/client_version (17.0.8.1; Windows 11; 10.0)"
      },
      "RequestBody": null,
      "StatusCode": 200,
      "ResponseHeaders": {
        "Cache-Control": "no-cache",
        "Content-Length": "534",
        "Content-Type": "application/json; charset=utf-8",
        "Date": "Tue, 07 Nov 2023 08:21:50 GMT",
        "Expires": "-1",
        "Pragma": "no-cache",
        "Strict-Transport-Security": "max-age=31536000;includeSubDomains",
        "X-Content-Type-Options": "nosniff",
        "x-ms-keyvault-network-info": "conn_type=Ipv4;addr=172.92.148.195;act_addr_fam=InterNetwork;",
        "x-ms-keyvault-region": "westus",
        "x-ms-keyvault-service-version": "1.9.1054.1",
        "x-ms-request-id": "d87a79e7-cf53-41eb-bcaa-371f86edea6e"
      },
      "ResponseBody": {
        "key": {
          "kid": "https://azkvrecordtests.vault.azure.net/keys/testeckeyp-52168266/278edc8fd3254cebb5d05ce716e6a0fc",
          "kty": "EC",
          "key_ops": [
            "sign",
            "verify"
          ],
          "crv": "P-521",
          "x": "ANnucoc6FkEj7VWwTC4xjGqRZUV5qyz33Z48egKQkQ6SEqLRTI8Omw0slTK_PoKWqrzrVqMG82w8M26me9zsbJr3",
          "y": "Aals1hxRJgr35xwvyONjSPD_3uUB5BSYy1cTC6UGT3hsJn_yJjw7Mf4IfzRNx7Xdb8UBIRysCwAxd4DGR__Wfl4u"
        },
        "attributes": {
          "enabled": true,
          "created": 1699345310,
          "updated": 1699345310,
          "recoveryLevel": "CustomizedRecoverable\u002BPurgeable",
          "recoverableDays": 7,
          "exportable": false,
          "hsmPlatform": "0"
        }
      }
    },
    {
      "RequestUri": "https://REDACTED/keys/testeckeyp-52168266/278edc8fd3254cebb5d05ce716e6a0fc/sign?api-version=7.5-preview.1",
      "RequestMethod": "POST",
      "RequestHeaders": {
        "Accept": "*/*",
        "Accept-Language": "en-US",
        "Authorization": "Sanitized",
        "Content-Length": "112",
        "Content-Type": "application/json",
        "User-Agent": "azsdk-java-client_name/client_version (17.0.8.1; Windows 11; 10.0)"
      },
      "RequestBody": {
        "alg": "ES512",
        "value": "Q6X1janG-T3a0v3t33BTlPWADZcF6RnJhnSUCt20YQGtT699FDbwpJDokRr547wx4-0AmBXrWEvrgONHoYcZ0A"
      },
      "StatusCode": 200,
      "ResponseHeaders": {
        "Cache-Control": "no-cache",
        "Content-Length": "291",
        "Content-Type": "application/json; charset=utf-8",
        "Date": "Tue, 07 Nov 2023 08:21:50 GMT",
        "Expires": "-1",
        "Pragma": "no-cache",
        "Strict-Transport-Security": "max-age=31536000;includeSubDomains",
        "X-Content-Type-Options": "nosniff",
        "x-ms-keyvault-network-info": "conn_type=Ipv4;addr=172.92.148.195;act_addr_fam=InterNetwork;",
        "x-ms-keyvault-region": "westus",
        "x-ms-keyvault-service-version": "1.9.1054.1",
        "x-ms-request-id": "e0ee577b-29fd-45f4-b3ff-0a490540431f"
      },
      "ResponseBody": {
        "kid": "https://azkvrecordtests.vault.azure.net/keys/testeckeyp-52168266/278edc8fd3254cebb5d05ce716e6a0fc",
        "value": "AGJQ7O5qQPkT_OmNl8fPh97zmCT5SAr9GveK0u28bgDLN9SFORpWUSL819GfgNGqtI4XO_VXaAOo5nPDPh7meSBAAO1220c0CN_Mg2GkW2xeLrBnW93sWOLeRZ1zZAaoYv7EjvlYULiOW_p0PQwZ3kAeSjYx8QY2jKTsGMKC9S88Zjz_"
      }
    },
    {
      "RequestUri": "https://REDACTED/keys/testeckeyp-256k30487/create?api-version=7.5-preview.1",
      "RequestMethod": "POST",
      "RequestHeaders": {
        "Accept": "*/*",
        "Accept-Language": "en-US",
        "Authorization": "Sanitized",
        "Content-Length": "91",
        "Content-Type": "application/json",
        "User-Agent": "azsdk-java-client_name/client_version (17.0.8.1; Windows 11; 10.0)"
      },
      "RequestBody": {
        "kty": "EC",
        "key_ops": [
          "sign",
          "verify"
        ],
        "attributes": {},
        "crv": "P-256K",
        "public_exponent": 0
      },
      "StatusCode": 200,
      "ResponseHeaders": {
        "Cache-Control": "no-cache",
        "Content-Length": "446",
        "Content-Type": "application/json; charset=utf-8",
        "Date": "Tue, 07 Nov 2023 08:21:50 GMT",
        "Expires": "-1",
        "Pragma": "no-cache",
        "Strict-Transport-Security": "max-age=31536000;includeSubDomains",
        "X-Content-Type-Options": "nosniff",
        "x-ms-keyvault-network-info": "conn_type=Ipv4;addr=172.92.148.195;act_addr_fam=InterNetwork;",
        "x-ms-keyvault-region": "westus",
        "x-ms-keyvault-service-version": "1.9.1054.1",
        "x-ms-request-id": "4dfbd1f4-68b5-4a0e-a4be-17c2f1608d43"
      },
      "ResponseBody": {
        "key": {
          "kid": "https://azkvrecordtests.vault.azure.net/keys/testeckeyp-256k30487/e0f77880ec3446b4977ab8950b45b775",
          "kty": "EC",
          "key_ops": [
            "sign",
            "verify"
          ],
          "crv": "P-256K",
          "x": "XfU19zNR87oeGBRRT5RxwArLKv2YZt-4JXUVTnbtvXE",
          "y": "9ZebT-C5pudkyTrPRUtWkwveCiI8-OHRV6tCKRWIKnI"
        },
        "attributes": {
          "enabled": true,
          "created": 1699345311,
          "updated": 1699345311,
          "recoveryLevel": "CustomizedRecoverable\u002BPurgeable",
          "recoverableDays": 7,
          "exportable": false,
          "hsmPlatform": "0"
        }
      }
    },
    {
      "RequestUri": "https://REDACTED/keys/testeckeyp-256k30487/e0f77880ec3446b4977ab8950b45b775?api-version=7.5-preview.1",
      "RequestMethod": "GET",
      "RequestHeaders": {
        "Accept": "*/*",
        "Accept-Language": "en-US",
        "Authorization": "Sanitized",
        "Content-Length": "0",
        "Content-Type": "application/json",
        "User-Agent": "azsdk-java-client_name/client_version (17.0.8.1; Windows 11; 10.0)"
      },
      "RequestBody": null,
      "StatusCode": 200,
      "ResponseHeaders": {
        "Cache-Control": "no-cache",
        "Content-Length": "446",
        "Content-Type": "application/json; charset=utf-8",
        "Date": "Tue, 07 Nov 2023 08:21:50 GMT",
        "Expires": "-1",
        "Pragma": "no-cache",
        "Strict-Transport-Security": "max-age=31536000;includeSubDomains",
        "X-Content-Type-Options": "nosniff",
        "x-ms-keyvault-network-info": "conn_type=Ipv4;addr=172.92.148.195;act_addr_fam=InterNetwork;",
        "x-ms-keyvault-region": "westus",
        "x-ms-keyvault-service-version": "1.9.1054.1",
        "x-ms-request-id": "262c7bc5-376b-484d-81a0-47e1a3e622d1"
      },
      "ResponseBody": {
        "key": {
          "kid": "https://azkvrecordtests.vault.azure.net/keys/testeckeyp-256k30487/e0f77880ec3446b4977ab8950b45b775",
          "kty": "EC",
          "key_ops": [
            "sign",
            "verify"
          ],
          "crv": "P-256K",
          "x": "XfU19zNR87oeGBRRT5RxwArLKv2YZt-4JXUVTnbtvXE",
          "y": "9ZebT-C5pudkyTrPRUtWkwveCiI8-OHRV6tCKRWIKnI"
        },
        "attributes": {
          "enabled": true,
          "created": 1699345311,
          "updated": 1699345311,
          "recoveryLevel": "CustomizedRecoverable\u002BPurgeable",
          "recoverableDays": 7,
          "exportable": false,
          "hsmPlatform": "0"
        }
      }
    },
    {
      "RequestUri": "https://REDACTED/keys/testeckeyp-256k30487/e0f77880ec3446b4977ab8950b45b775/sign?api-version=7.5-preview.1",
      "RequestMethod": "POST",
      "RequestHeaders": {
        "Accept": "*/*",
        "Accept-Language": "en-US",
        "Authorization": "Sanitized",
        "Content-Length": "70",
        "Content-Type": "application/json",
        "User-Agent": "azsdk-java-client_name/client_version (17.0.8.1; Windows 11; 10.0)"
      },
      "RequestBody": {
        "alg": "ES256K",
        "value": "WLx9s5UrvRtkv6WlfzdbKuXq0FmDkaujAzRlPvCycOI"
      },
      "StatusCode": 200,
      "ResponseHeaders": {
        "Cache-Control": "no-cache",
        "Content-Length": "202",
        "Content-Type": "application/json; charset=utf-8",
        "Date": "Tue, 07 Nov 2023 08:21:50 GMT",
        "Expires": "-1",
        "Pragma": "no-cache",
        "Strict-Transport-Security": "max-age=31536000;includeSubDomains",
        "X-Content-Type-Options": "nosniff",
        "x-ms-keyvault-network-info": "conn_type=Ipv4;addr=172.92.148.195;act_addr_fam=InterNetwork;",
        "x-ms-keyvault-region": "westus",
        "x-ms-keyvault-service-version": "1.9.1054.1",
        "x-ms-request-id": "74c59ee1-6086-4dd8-a212-9ca4008774cd"
      },
      "ResponseBody": {
        "kid": "https://azkvrecordtests.vault.azure.net/keys/testeckeyp-256k30487/e0f77880ec3446b4977ab8950b45b775",
        "value": "8xiyvl-ZKWi-LMKviJG6RjPqho8VCbWKTJgxeNf2WStBNxz4vtqRPfmDtbPCmO9vE1uHzSWf2ziKC2oT41ix6g"
      }
    },
    {
      "RequestUri": "https://REDACTED/keys/testeckeyp-256k30487/e0f77880ec3446b4977ab8950b45b775/verify?api-version=7.5-preview.1",
      "RequestMethod": "POST",
      "RequestHeaders": {
        "Accept": "*/*",
        "Accept-Language": "en-US",
        "Authorization": "Sanitized",
        "Content-Length": "168",
        "Content-Type": "application/json",
        "User-Agent": "azsdk-java-client_name/client_version (17.0.8.1; Windows 11; 10.0)"
      },
      "RequestBody": {
        "alg": "ES256K",
        "digest": "WLx9s5UrvRtkv6WlfzdbKuXq0FmDkaujAzRlPvCycOI",
        "value": "8xiyvl-ZKWi-LMKviJG6RjPqho8VCbWKTJgxeNf2WStBNxz4vtqRPfmDtbPCmO9vE1uHzSWf2ziKC2oT41ix6g"
      },
      "StatusCode": 200,
      "ResponseHeaders": {
        "Cache-Control": "no-cache",
        "Content-Length": "14",
        "Content-Type": "application/json; charset=utf-8",
        "Date": "Tue, 07 Nov 2023 08:21:50 GMT",
        "Expires": "-1",
        "Pragma": "no-cache",
        "Strict-Transport-Security": "max-age=31536000;includeSubDomains",
        "X-Content-Type-Options": "nosniff",
        "x-ms-keyvault-network-info": "conn_type=Ipv4;addr=172.92.148.195;act_addr_fam=InterNetwork;",
        "x-ms-keyvault-region": "westus",
        "x-ms-keyvault-service-version": "1.9.1054.1",
        "x-ms-request-id": "681f7908-26b1-43bc-a36a-039381056ef2"
      },
      "ResponseBody": {
        "value": true
      }
    }
  ],
  "Variables": {
    "0": "testeckeyp-25610812",
    "1": "testeckeyp-38476339",
    "2": "testeckeyp-52168266",
    "3": "testeckeyp-256k30487"
  }
}
