{
  "Entries": [
    {
      "RequestUri": "https://REDACTED/keys/rotatekey41530898/create?api-version=7.4",
      "RequestMethod": "POST",
      "RequestHeaders": {
        "Accept": "application/json",
        "Content-Length": "0",
        "Content-Type": "application/json",
        "User-Agent": "azsdk-java-azure-security-keyvault-keys/4.7.0-beta.1 (17.0.7; Windows 11; 10.0)"
      },
      "RequestBody": null,
      "StatusCode": 401,
      "ResponseHeaders": {
        "Cache-Control": "no-cache",
        "Content-Length": "97",
        "Content-Type": "application/json; charset=utf-8",
        "Date": "Fri, 25 Aug 2023 21:01:47 GMT",
        "Expires": "-1",
        "Pragma": "no-cache",
        "Strict-Transport-Security": "max-age=31536000;includeSubDomains",
        "WWW-Authenticate": "Bearer authorization=\u0022https://login.microsoftonline.com/72f988bf-86f1-41af-91ab-2d7cd011db47\u0022, resource=\u0022https://vault.azure.net\u0022",
        "X-Content-Type-Options": "nosniff",
        "x-ms-keyvault-network-info": "conn_type=Ipv4;addr=20.51.128.65;act_addr_fam=InterNetwork;",
        "x-ms-keyvault-region": "westus",
        "x-ms-keyvault-service-version": "1.9.950.1",
        "x-ms-request-id": "24887302-97f6-4385-9123-2d1e530dd0bd"
      },
      "ResponseBody": {
        "error": {
          "code": "Unauthorized",
          "message": "AKV10000: Request is missing a Bearer or PoP token."
        }
      }
    },
    {
      "RequestUri": "https://REDACTED/keys/rotatekey41530898/create?api-version=7.4",
      "RequestMethod": "POST",
      "RequestHeaders": {
        "Accept": "application/json",
        "Authorization": "Sanitized",
        "Content-Length": "49",
        "Content-Type": "application/json",
        "User-Agent": "azsdk-java-azure-security-keyvault-keys/4.7.0-beta.1 (17.0.7; Windows 11; 10.0)"
      },
      "RequestBody": {
        "kty": "RSA",
        "public_exponent": 0,
        "attributes": {}
      },
      "StatusCode": 200,
      "ResponseHeaders": {
        "Cache-Control": "no-cache",
        "Content-Length": "718",
        "Content-Type": "application/json; charset=utf-8",
        "Date": "Fri, 25 Aug 2023 21:01:48 GMT",
        "Expires": "-1",
        "Pragma": "no-cache",
        "Strict-Transport-Security": "max-age=31536000;includeSubDomains",
        "X-Content-Type-Options": "nosniff",
        "x-ms-keyvault-network-info": "conn_type=Ipv4;addr=20.51.128.65;act_addr_fam=InterNetwork;",
        "x-ms-keyvault-region": "westus",
        "x-ms-keyvault-service-version": "1.9.950.1",
        "x-ms-request-id": "386ed64a-cfbf-4593-86fe-4dccc705aa1e"
      },
      "ResponseBody": {
        "key": {
          "kid": "https://t713bd8c5610d139b.vault.azure.net/keys/rotatekey41530898/150defae8d364c3484fbd7c87c78ba02",
          "kty": "RSA",
          "key_ops": [
            "encrypt",
            "decrypt",
            "sign",
            "verify",
            "wrapKey",
            "unwrapKey"
          ],
          "n": "3o47j23mY5IfKhOVLcVL64vwNEiZS2m9Qxq-acbEWOCTT5UaSBDOZpZgKkSKskTV5jmOJ4uyhaB_v5smwJ9S6Wa5i2tujdZArhOR98Wlm76r7CoP4wba9dVwSFGw4WO7bsBQR8psCU-l81pqqGanH62k4FRzKpONgrgk8Tb7rvQfBDP0nE-PF7pA2h2-yr1GtzUhXKwklN8IdGKnuRUoYUkUr5HiJPBIVxTSAa9__pF6aaPwb7h8c8XEW2lANzF2czFe2ZPiOiHEDCcbpCV68i78ke9MDAKuJCqCcQ1_LIB99KFE6aF-L01lx70LTrsZ8Tu0NRYj8DYV_6VwRftsPQ",
          "e": "AQAB"
        },
        "attributes": {
          "enabled": true,
          "created": 1692997308,
          "updated": 1692997308,
          "recoveryLevel": "CustomizedRecoverable\u002BPurgeable",
          "recoverableDays": 7,
          "exportable": false
        }
      }
    },
    {
      "RequestUri": "https://REDACTED/keys/rotatekey41530898/rotate?api-version=7.4",
      "RequestMethod": "POST",
      "RequestHeaders": {
        "Accept": "application/json",
        "Authorization": "Sanitized",
        "Content-Length": "0",
        "User-Agent": "azsdk-java-azure-security-keyvault-keys/4.7.0-beta.1 (17.0.7; Windows 11; 10.0)"
      },
      "RequestBody": null,
      "StatusCode": 200,
      "ResponseHeaders": {
        "Cache-Control": "no-cache",
        "Content-Length": "718",
        "Content-Type": "application/json; charset=utf-8",
        "Date": "Fri, 25 Aug 2023 21:01:48 GMT",
        "Expires": "-1",
        "Pragma": "no-cache",
        "Strict-Transport-Security": "max-age=31536000;includeSubDomains",
        "X-Content-Type-Options": "nosniff",
        "x-ms-keyvault-network-info": "conn_type=Ipv4;addr=20.51.128.65;act_addr_fam=InterNetwork;",
        "x-ms-keyvault-region": "westus",
        "x-ms-keyvault-service-version": "1.9.950.1",
        "x-ms-request-id": "54f7438c-66d8-4632-bebc-1818636f8f28"
      },
      "ResponseBody": {
        "key": {
          "kid": "https://t713bd8c5610d139b.vault.azure.net/keys/rotatekey41530898/a5e0823393f24001b4a7227db4216231",
          "kty": "RSA",
          "key_ops": [
            "encrypt",
            "decrypt",
            "sign",
            "verify",
            "wrapKey",
            "unwrapKey"
          ],
          "n": "xybTa_QXJfuG8461wNTYoWN_cTJiCYE8mrse3tdwT_ji_w3V4WIKlvpE5nyv5pGtcNGbjLFqYw7H6mj0C1Y7Q3vjIzZyWYR-2oAniM3afZ9EhXacVJDFgUS7swHSK8mCIN94jOavrjusQzkW3Szj6W3B1JdT3Ywquy7andSdvsW2hzOhfkGRONDCcth6oIFsPpufzw2WaZcmkKZw85tcJaEIVrvliEkqubh1gwAfzVxbCg63H8x0nb7atFn4FqA9z4-CJP-1W4Q7b09vK14MMpQn2_Gz3BgGDhasDvh2nwuVUArS54HDDhAfGql2LnY4myH-VeYYB2KeDwfgBYABlQ",
          "e": "AQAB"
        },
        "attributes": {
          "enabled": true,
          "created": 1692997308,
          "updated": 1692997308,
          "recoveryLevel": "CustomizedRecoverable\u002BPurgeable",
          "recoverableDays": 7,
          "exportable": false
        }
      }
    }
  ],
  "Variables": {
    "0": "rotatekey41530898"
  }
}
