{
  "Entries": [
    {
      "RequestUri": "https://REDACTED/keys/testkey516853c51/create?api-version=7.6-preview.1",
      "RequestMethod": "POST",
      "RequestHeaders": {
        "Accept": "application/json",
        "Content-Length": "0",
        "Content-Type": "application/json",
        "User-Agent": "azsdk-java-azure-security-keyvault-keys/4.9.0-beta.1 (15.0.2; Windows 10; 10.0)"
      },
      "RequestBody": null,
      "StatusCode": 401,
      "ResponseHeaders": {
        "Cache-Control": "no-cache",
        "Content-Length": "97",
        "Content-Type": "application/json; charset=utf-8",
        "Date": "Fri, 26 Apr 2024 21:27:31 GMT",
        "Expires": "-1",
        "Pragma": "no-cache",
        "Strict-Transport-Security": "max-age=31536000;includeSubDomains",
        "WWW-Authenticate": "Bearer authorization=\"https://login.microsoftonline.com/72f988bf-86f1-41af-91ab-2d7cd011db47\", resource=\"https://vault.azure.net\"",
        "X-Content-Type-Options": "nosniff",
        "x-ms-keyvault-network-info": "conn_type=Ipv4;addr=172.92.148.195;act_addr_fam=InterNetwork;",
        "x-ms-keyvault-region": "westus",
        "x-ms-keyvault-service-version": "1.9.1430.1",
        "x-ms-request-id": "d74694c2-4bdb-4216-b946-34efd2c15483"
      },
      "ResponseBody": {
        "error": {
          "code": "Unauthorized",
          "message": "AKV10000: Request is missing a Bearer or PoP token."
        }
      }
    },
    {
      "RequestUri": "https://REDACTED/keys/testkey516853c51/create?api-version=7.6-preview.1",
      "RequestMethod": "POST",
      "RequestHeaders": {
        "Accept": "application/json",
        "Authorization": "Sanitized",
        "Content-Length": "45",
        "Content-Type": "application/json",
        "User-Agent": "azsdk-java-azure-security-keyvault-keys/4.9.0-beta.1 (15.0.2; Windows 10; 10.0)"
      },
      "RequestBody": {
        "kty": "RSA",
        "attributes": {
          "exp": 2537049600
        }
      },
      "StatusCode": 200,
      "ResponseHeaders": {
        "Cache-Control": "no-cache",
        "Content-Length": "752",
        "Content-Type": "application/json; charset=utf-8",
        "Date": "Fri, 26 Apr 2024 21:27:34 GMT",
        "Expires": "-1",
        "Pragma": "no-cache",
        "Strict-Transport-Security": "max-age=31536000;includeSubDomains",
        "X-Content-Type-Options": "nosniff",
        "x-ms-keyvault-network-info": "conn_type=Ipv4;addr=172.92.148.195;act_addr_fam=InterNetwork;",
        "x-ms-keyvault-region": "westus",
        "x-ms-keyvault-service-version": "1.9.1430.1",
        "x-ms-request-id": "28115d68-c3a0-42c4-ad6d-b79a9da99b33"
      },
      "ResponseBody": {
        "key": {
          "kid": "https://tb5d8675f0aa83a18.vault.azure.net/keys/testkey516853c51/7255313bb1e9476c840a18a5e4fe7752",
          "kty": "RSA",
          "key_ops": [
            "encrypt",
            "decrypt",
            "sign",
            "verify",
            "wrapKey",
            "unwrapKey"
          ],
          "n": "qLHFVdvTJDbJux3PpM7z82749hFO1L9VKDOTRUYGa5VnEDvyMe1zRHSXXc3IkJw0iQbKY3uQqZ50eFqM53ceI4pAiyqP61TU8W1JkIlgCmQr5lKPdZO3G7CWngC9gb2SUxol-5Sd0PT0veKWE-YvlC6bUSSGSE9wmzwAwrtVnX28jW33lCtgARmr2InUwhYZeBBc69ocm7sSOaNmsSj_mCE0sFFj44th9sGftJUiGIu73keQNLuoyZSOQlx_B3kv31Mtads3zXeD4drOtAjUGGQf6u8DNcILN92o2vv4jhAkp80gB7HTLv9RqIdmxEOL4PYLchl_CxmMCeoidg395Q",
          "e": "AQAB"
        },
        "attributes": {
          "enabled": true,
          "exp": 2537049600,
          "created": 1714166855,
          "updated": 1714166855,
          "recoveryLevel": "CustomizedRecoverable+Purgeable",
          "recoverableDays": 7,
          "exportable": false,
          "hsmPlatform": "0"
        }
      }
    },
    {
      "RequestUri": "https://REDACTED/keys/testkey516853c51?api-version=7.6-preview.1",
      "RequestMethod": "DELETE",
      "RequestHeaders": {
        "Accept": "application/json",
        "Authorization": "Sanitized",
        "Content-Length": "0",
        "User-Agent": "azsdk-java-azure-security-keyvault-keys/4.9.0-beta.1 (15.0.2; Windows 10; 10.0)"
      },
      "RequestBody": null,
      "StatusCode": 200,
      "ResponseHeaders": {
        "Cache-Control": "no-cache",
        "Content-Length": "895",
        "Content-Type": "application/json; charset=utf-8",
        "Date": "Fri, 26 Apr 2024 21:27:35 GMT",
        "Expires": "-1",
        "Pragma": "no-cache",
        "Strict-Transport-Security": "max-age=31536000;includeSubDomains",
        "X-Content-Type-Options": "nosniff",
        "x-ms-keyvault-network-info": "conn_type=Ipv4;addr=172.92.148.195;act_addr_fam=InterNetwork;",
        "x-ms-keyvault-region": "westus",
        "x-ms-keyvault-service-version": "1.9.1430.1",
        "x-ms-request-id": "d5c93530-4338-48ac-99f2-d1b732a67580"
      },
      "ResponseBody": {
        "recoveryId": "https://tb5d8675f0aa83a18.vault.azure.net/deletedkeys/testkey516853c51",
        "deletedDate": 1714166855,
        "scheduledPurgeDate": 1714771655,
        "key": {
          "kid": "https://tb5d8675f0aa83a18.vault.azure.net/keys/testkey516853c51/7255313bb1e9476c840a18a5e4fe7752",
          "kty": "RSA",
          "key_ops": [
            "encrypt",
            "decrypt",
            "sign",
            "verify",
            "wrapKey",
            "unwrapKey"
          ],
          "n": "qLHFVdvTJDbJux3PpM7z82749hFO1L9VKDOTRUYGa5VnEDvyMe1zRHSXXc3IkJw0iQbKY3uQqZ50eFqM53ceI4pAiyqP61TU8W1JkIlgCmQr5lKPdZO3G7CWngC9gb2SUxol-5Sd0PT0veKWE-YvlC6bUSSGSE9wmzwAwrtVnX28jW33lCtgARmr2InUwhYZeBBc69ocm7sSOaNmsSj_mCE0sFFj44th9sGftJUiGIu73keQNLuoyZSOQlx_B3kv31Mtads3zXeD4drOtAjUGGQf6u8DNcILN92o2vv4jhAkp80gB7HTLv9RqIdmxEOL4PYLchl_CxmMCeoidg395Q",
          "e": "AQAB"
        },
        "attributes": {
          "enabled": true,
          "exp": 2537049600,
          "created": 1714166855,
          "updated": 1714166855,
          "recoveryLevel": "CustomizedRecoverable+Purgeable",
          "recoverableDays": 7,
          "exportable": false,
          "hsmPlatform": "0"
        }
      }
    },
    {
      "RequestUri": "https://REDACTED/deletedkeys/testkey516853c51?api-version=7.6-preview.1",
      "RequestMethod": "GET",
      "RequestHeaders": {
        "Accept": "application/json",
        "Authorization": "Sanitized",
        "Content-Length": "0",
        "User-Agent": "azsdk-java-azure-security-keyvault-keys/4.9.0-beta.1 (15.0.2; Windows 10; 10.0)"
      },
      "RequestBody": null,
      "StatusCode": 404,
      "ResponseHeaders": {
        "Cache-Control": "no-cache",
        "Content-Length": "84",
        "Content-Type": "application/json; charset=utf-8",
        "Date": "Fri, 26 Apr 2024 21:27:36 GMT",
        "Expires": "-1",
        "Pragma": "no-cache",
        "Strict-Transport-Security": "max-age=31536000;includeSubDomains",
        "X-Content-Type-Options": "nosniff",
        "x-ms-keyvault-network-info": "conn_type=Ipv4;addr=172.92.148.195;act_addr_fam=InterNetwork;",
        "x-ms-keyvault-region": "westus",
        "x-ms-keyvault-service-version": "1.9.1430.1",
        "x-ms-request-id": "aefbd05e-ac53-4b54-86cb-0a14c27eeb1f"
      },
      "ResponseBody": {
        "error": {
          "code": "KeyNotFound",
          "message": "Deleted Key not found: testkey516853c51"
        }
      }
    },
    {
      "RequestUri": "https://REDACTED/deletedkeys/testkey516853c51?api-version=7.6-preview.1",
      "RequestMethod": "GET",
      "RequestHeaders": {
        "Accept": "application/json",
        "Authorization": "Sanitized",
        "Content-Length": "0",
        "User-Agent": "azsdk-java-azure-security-keyvault-keys/4.9.0-beta.1 (15.0.2; Windows 10; 10.0)"
      },
      "RequestBody": null,
      "StatusCode": 404,
      "ResponseHeaders": {
        "Cache-Control": "no-cache",
        "Content-Length": "84",
        "Content-Type": "application/json; charset=utf-8",
        "Date": "Fri, 26 Apr 2024 21:27:36 GMT",
        "Expires": "-1",
        "Pragma": "no-cache",
        "Strict-Transport-Security": "max-age=31536000;includeSubDomains",
        "X-Content-Type-Options": "nosniff",
        "x-ms-keyvault-network-info": "conn_type=Ipv4;addr=172.92.148.195;act_addr_fam=InterNetwork;",
        "x-ms-keyvault-region": "westus",
        "x-ms-keyvault-service-version": "1.9.1430.1",
        "x-ms-request-id": "ec4ab483-e4a6-4c4b-942d-09c8740483d5"
      },
      "ResponseBody": {
        "error": {
          "code": "KeyNotFound",
          "message": "Deleted Key not found: testkey516853c51"
        }
      }
    },
    {
      "RequestUri": "https://REDACTED/deletedkeys/testkey516853c51?api-version=7.6-preview.1",
      "RequestMethod": "GET",
      "RequestHeaders": {
        "Accept": "application/json",
        "Authorization": "Sanitized",
        "Content-Length": "0",
        "User-Agent": "azsdk-java-azure-security-keyvault-keys/4.9.0-beta.1 (15.0.2; Windows 10; 10.0)"
      },
      "RequestBody": null,
      "StatusCode": 200,
      "ResponseHeaders": {
        "Cache-Control": "no-cache",
        "Content-Length": "877",
        "Content-Type": "application/json; charset=utf-8",
        "Date": "Fri, 26 Apr 2024 21:27:38 GMT",
        "Expires": "-1",
        "Pragma": "no-cache",
        "Strict-Transport-Security": "max-age=31536000;includeSubDomains",
        "X-Content-Type-Options": "nosniff",
        "x-ms-keyvault-network-info": "conn_type=Ipv4;addr=172.92.148.195;act_addr_fam=InterNetwork;",
        "x-ms-keyvault-region": "westus",
        "x-ms-keyvault-service-version": "1.9.1430.1",
        "x-ms-request-id": "ff14bbee-ca00-4213-a691-2fb3f590ceed"
      },
      "ResponseBody": {
        "recoveryId": "https://tb5d8675f0aa83a18.vault.azure.net/deletedkeys/testkey516853c51",
        "deletedDate": 1714166855,
        "scheduledPurgeDate": 1714771655,
        "key": {
          "kid": "https://tb5d8675f0aa83a18.vault.azure.net/keys/testkey516853c51/7255313bb1e9476c840a18a5e4fe7752",
          "kty": "RSA",
          "key_ops": [
            "encrypt",
            "decrypt",
            "sign",
            "verify",
            "wrapKey",
            "unwrapKey"
          ],
          "n": "qLHFVdvTJDbJux3PpM7z82749hFO1L9VKDOTRUYGa5VnEDvyMe1zRHSXXc3IkJw0iQbKY3uQqZ50eFqM53ceI4pAiyqP61TU8W1JkIlgCmQr5lKPdZO3G7CWngC9gb2SUxol-5Sd0PT0veKWE-YvlC6bUSSGSE9wmzwAwrtVnX28jW33lCtgARmr2InUwhYZeBBc69ocm7sSOaNmsSj_mCE0sFFj44th9sGftJUiGIu73keQNLuoyZSOQlx_B3kv31Mtads3zXeD4drOtAjUGGQf6u8DNcILN92o2vv4jhAkp80gB7HTLv9RqIdmxEOL4PYLchl_CxmMCeoidg395Q",
          "e": "AQAB"
        },
        "attributes": {
          "enabled": true,
          "exp": 2537049600,
          "created": 1714166855,
          "updated": 1714166855,
          "recoveryLevel": "CustomizedRecoverable+Purgeable",
          "recoverableDays": 7,
          "exportable": false
        }
      }
    }
  ],
  "Variables": {
    "0": "testkey516853c51"
  }
}
