{
  "Entries": [
    {
      "RequestUri": "https://REDACTED/keys/testkey27306432c/create?api-version=7.4",
      "RequestMethod": "POST",
      "RequestHeaders": {
        "Accept": "application/json",
        "Content-Length": "0",
        "Content-Type": "application/json",
        "User-Agent": "azsdk-java-azure-security-keyvault-keys/4.8.0-beta.1 (21; Windows 11; 10.0)"
      },
      "RequestBody": null,
      "StatusCode": 401,
      "ResponseHeaders": {
        "Cache-Control": "no-cache",
        "Content-Length": "97",
        "Content-Type": "application/json; charset=utf-8",
        "Date": "Thu, 26 Oct 2023 17:19:57 GMT",
        "Expires": "-1",
        "Pragma": "no-cache",
        "Strict-Transport-Security": "max-age=31536000;includeSubDomains",
        "WWW-Authenticate": "Bearer authorization=\u0022https://login.microsoftonline.com/72f988bf-86f1-41af-91ab-2d7cd011db47\u0022, resource=\u0022https://vault.azure.net\u0022",
        "X-Content-Type-Options": "nosniff",
        "x-ms-keyvault-network-info": "conn_type=Ipv4;addr=20.51.128.65;act_addr_fam=InterNetwork;",
        "x-ms-keyvault-region": "westus",
        "x-ms-keyvault-service-version": "1.9.1036.1",
        "x-ms-request-id": "d6903ffa-7dae-40e0-9f10-252b5851a8b6"
      },
      "ResponseBody": {
        "error": {
          "code": "Unauthorized",
          "message": "AKV10000: Request is missing a Bearer or PoP token."
        }
      }
    },
    {
      "RequestUri": "https://REDACTED/keys/testkey27306432c/create?api-version=7.4",
      "RequestMethod": "POST",
      "RequestHeaders": {
        "Accept": "application/json",
        "Authorization": "Sanitized",
        "Content-Length": "60",
        "Content-Type": "application/json",
        "User-Agent": "azsdk-java-azure-security-keyvault-keys/4.8.0-beta.1 (21; Windows 11; 10.0)"
      },
      "RequestBody": {
        "kty": "EC",
        "attributes": {
          "enabled": false,
          "exp": 2537049600
        }
      },
      "StatusCode": 200,
      "ResponseHeaders": {
        "Cache-Control": "no-cache",
        "Content-Length": "446",
        "Content-Type": "application/json; charset=utf-8",
        "Date": "Thu, 26 Oct 2023 17:19:57 GMT",
        "Expires": "-1",
        "Pragma": "no-cache",
        "Strict-Transport-Security": "max-age=31536000;includeSubDomains",
        "X-Content-Type-Options": "nosniff",
        "x-ms-keyvault-network-info": "conn_type=Ipv4;addr=20.51.128.65;act_addr_fam=InterNetwork;",
        "x-ms-keyvault-region": "westus",
        "x-ms-keyvault-service-version": "1.9.1036.1",
        "x-ms-request-id": "0f0ef495-ed43-41d5-b2ba-1d2cc76a3678"
      },
      "ResponseBody": {
        "key": {
          "kid": "https://t713bd8c5610d139b.vault.azure.net/keys/testkey27306432c/44805bbb45284d629c2e7c3f50817703",
          "kty": "EC",
          "key_ops": [
            "sign",
            "verify"
          ],
          "crv": "P-256",
          "x": "P4jE_JsWZlJPaE4ZDR7o5uYBfiMJTUMlaXZ7OaXrY9I",
          "y": "btUsdocnR3k3RwAmHvUQPL8T7swMaCscmZeztpPuRJY"
        },
        "attributes": {
          "enabled": false,
          "exp": 2537049600,
          "created": 1698340798,
          "updated": 1698340798,
          "recoveryLevel": "CustomizedRecoverable\u002BPurgeable",
          "recoverableDays": 7,
          "exportable": false
        }
      }
    },
    {
      "RequestUri": "https://REDACTED/keys/testkey27306432c/44805bbb45284d629c2e7c3f50817703?api-version=7.4",
      "RequestMethod": "PATCH",
      "RequestHeaders": {
        "Accept": "application/json",
        "Authorization": "Sanitized",
        "Content-Length": "81",
        "Content-Type": "application/json",
        "User-Agent": "azsdk-java-azure-security-keyvault-keys/4.8.0-beta.1 (21; Windows 11; 10.0)"
      },
      "RequestBody": {
        "key_ops": [],
        "attributes": {
          "enabled": false,
          "exp": 2852668800,
          "exportable": false
        }
      },
      "StatusCode": 200,
      "ResponseHeaders": {
        "Cache-Control": "no-cache",
        "Content-Length": "431",
        "Content-Type": "application/json; charset=utf-8",
        "Date": "Thu, 26 Oct 2023 17:19:58 GMT",
        "Expires": "-1",
        "Pragma": "no-cache",
        "Strict-Transport-Security": "max-age=31536000;includeSubDomains",
        "X-Content-Type-Options": "nosniff",
        "x-ms-keyvault-network-info": "conn_type=Ipv4;addr=20.51.128.65;act_addr_fam=InterNetwork;",
        "x-ms-keyvault-region": "westus",
        "x-ms-keyvault-service-version": "1.9.1036.1",
        "x-ms-request-id": "c4be3a93-61a8-4792-84c7-c1c9fc440ac3"
      },
      "ResponseBody": {
        "key": {
          "kid": "https://t713bd8c5610d139b.vault.azure.net/keys/testkey27306432c/44805bbb45284d629c2e7c3f50817703",
          "kty": "EC",
          "key_ops": [],
          "crv": "P-256",
          "x": "P4jE_JsWZlJPaE4ZDR7o5uYBfiMJTUMlaXZ7OaXrY9I",
          "y": "btUsdocnR3k3RwAmHvUQPL8T7swMaCscmZeztpPuRJY"
        },
        "attributes": {
          "enabled": false,
          "exp": 2852668800,
          "created": 1698340798,
          "updated": 1698340798,
          "recoveryLevel": "CustomizedRecoverable\u002BPurgeable",
          "recoverableDays": 7,
          "exportable": false
        }
      }
    }
  ],
  "Variables": {
    "0": "testkey27306432c"
  }
}
