{
  "Entries": [
    {
      "RequestUri": "https://REDACTED/keys/javakeytemp2217954/create?api-version=7.6-preview.2",
      "RequestMethod": "POST",
      "RequestHeaders": {
        "Accept": "application/json",
        "Content-Length": "0",
        "Content-Type": "application/json",
        "User-Agent": "azsdk-java-azure-security-keyvault-keys/4.10.0-beta.1 (11; Windows 10; 10.0)"
      },
      "RequestBody": null,
      "StatusCode": 401,
      "ResponseHeaders": {
        "Cache-Control": "no-cache",
        "Content-Length": "97",
        "Content-Type": "application/json; charset=utf-8",
        "Date": "Tue, 04 Mar 2025 09:00:46 GMT",
        "Expires": "-1",
        "Pragma": "no-cache",
        "Strict-Transport-Security": "max-age=31536000;includeSubDomains",
        "WWW-Authenticate": "Bearer authorization=\"https://login.microsoftonline.com/70a036f6-8e4d-4615-bad6-149c02e7720d\", resource=\"https://vault.azure.net\"",
        "X-Content-Type-Options": "nosniff",
        "x-ms-keyvault-network-info": "conn_type=Ipv4;addr=172.92.148.195;act_addr_fam=InterNetwork;",
        "x-ms-keyvault-region": "westus",
        "x-ms-keyvault-service-version": "1.9.2103.1",
        "x-ms-request-id": "Sanitized"
      },
      "ResponseBody": {
        "error": {
          "code": "Unauthorized",
          "message": "AKV10000: Request is missing a Bearer or PoP token."
        }
      }
    },
    {
      "RequestUri": "https://REDACTED/keys/javakeytemp2217954/create?api-version=7.6-preview.2",
      "RequestMethod": "POST",
      "RequestHeaders": {
        "Accept": "application/json",
        "Authorization": "Sanitized",
        "Content-Length": "82",
        "Content-Type": "application/json",
        "User-Agent": "azsdk-java-azure-security-keyvault-keys/4.10.0-beta.1 (11; Windows 10; 10.0)"
      },
      "RequestBody": {
        "kty": "RSA",
        "attributes": {
          "nbf": 949237199,
          "exp": 2527113600
        },
        "tags": {
          "foo": "baz"
        }
      },
      "StatusCode": 200,
      "ResponseHeaders": {
        "Cache-Control": "no-cache",
        "Content-Length": "790",
        "Content-Type": "application/json; charset=utf-8",
        "Date": "Tue, 04 Mar 2025 09:01:06 GMT",
        "Expires": "-1",
        "Pragma": "no-cache",
        "Strict-Transport-Security": "max-age=31536000;includeSubDomains",
        "X-Content-Type-Options": "nosniff",
        "x-ms-keyvault-network-info": "conn_type=Ipv4;addr=172.92.148.195;act_addr_fam=InterNetwork;",
        "x-ms-keyvault-region": "westus",
        "x-ms-keyvault-service-version": "1.9.2103.1",
        "x-ms-request-id": "Sanitized"
      },
      "ResponseBody": {
        "key": {
          "kid": "https://vicolinakvrecord.vault.azure.net/keys/javakeytemp2217954/f2f9f65470f04e23bd04e56239df84c0",
          "kty": "RSA",
          "key_ops": [
            "encrypt",
            "decrypt",
            "sign",
            "verify",
            "wrapKey",
            "unwrapKey"
          ],
          "n": "rpBVFW7NKam22zoi5zD74m-54tky7CqaATgtsUpuNfJGrAZ8xWVVVGZTWDMY1Pe-Iz8IjUyzqSbrHleAShGlKOsiZu_IN3cgeZdPCMp3Cb8Ovn9R09O4Q5mNE5d6wUTlnNOd5k5vlzUucF6MAnRL_ij5Saa4nUMDn3e3DmYraEjzLmXxGyUpGZCbbtz2rZeNaRP4UegCogKUA2miglT063FGxUG7gFm-d1XGGEmlxAgzrA7O_LD0bzY22ycM59idQ-i5LgwpnHVGS_r6-OBKZw57kTe2zPkRF1Wu3WniytLU9X14-q3SMwMsZBjLjsNqny1WaHCnyQp39lFS7m_rhQ",
          "e": "AQAB"
        },
        "attributes": {
          "enabled": true,
          "nbf": 949237199,
          "exp": 2527113600,
          "created": 1741078867,
          "updated": 1741078867,
          "recoveryLevel": "CustomizedRecoverable+Purgeable",
          "recoverableDays": 7,
          "exportable": false,
          "hsmPlatform": "0"
        },
        "tags": {
          "foo": "baz"
        }
      }
    },
    {
      "RequestUri": "https://REDACTED/keys/javakeytemp2217954/?api-version=7.6-preview.2",
      "RequestMethod": "GET",
      "RequestHeaders": {
        "Accept": "application/json",
        "Authorization": "Sanitized",
        "Content-Length": "0",
        "User-Agent": "azsdk-java-azure-security-keyvault-keys/4.10.0-beta.1 (11; Windows 10; 10.0)"
      },
      "RequestBody": null,
      "StatusCode": 200,
      "ResponseHeaders": {
        "Cache-Control": "no-cache",
        "Content-Length": "790",
        "Content-Type": "application/json; charset=utf-8",
        "Date": "Tue, 04 Mar 2025 09:01:06 GMT",
        "Expires": "-1",
        "Pragma": "no-cache",
        "Strict-Transport-Security": "max-age=31536000;includeSubDomains",
        "X-Content-Type-Options": "nosniff",
        "x-ms-keyvault-network-info": "conn_type=Ipv4;addr=172.92.148.195;act_addr_fam=InterNetwork;",
        "x-ms-keyvault-region": "westus",
        "x-ms-keyvault-service-version": "1.9.2103.1",
        "x-ms-request-id": "Sanitized"
      },
      "ResponseBody": {
        "key": {
          "kid": "https://vicolinakvrecord.vault.azure.net/keys/javakeytemp2217954/f2f9f65470f04e23bd04e56239df84c0",
          "kty": "RSA",
          "key_ops": [
            "encrypt",
            "decrypt",
            "sign",
            "verify",
            "wrapKey",
            "unwrapKey"
          ],
          "n": "rpBVFW7NKam22zoi5zD74m-54tky7CqaATgtsUpuNfJGrAZ8xWVVVGZTWDMY1Pe-Iz8IjUyzqSbrHleAShGlKOsiZu_IN3cgeZdPCMp3Cb8Ovn9R09O4Q5mNE5d6wUTlnNOd5k5vlzUucF6MAnRL_ij5Saa4nUMDn3e3DmYraEjzLmXxGyUpGZCbbtz2rZeNaRP4UegCogKUA2miglT063FGxUG7gFm-d1XGGEmlxAgzrA7O_LD0bzY22ycM59idQ-i5LgwpnHVGS_r6-OBKZw57kTe2zPkRF1Wu3WniytLU9X14-q3SMwMsZBjLjsNqny1WaHCnyQp39lFS7m_rhQ",
          "e": "AQAB"
        },
        "attributes": {
          "enabled": true,
          "nbf": 949237199,
          "exp": 2527113600,
          "created": 1741078867,
          "updated": 1741078867,
          "recoveryLevel": "CustomizedRecoverable+Purgeable",
          "recoverableDays": 7,
          "exportable": false,
          "hsmPlatform": "0"
        },
        "tags": {
          "foo": "baz"
        }
      }
    },
    {
      "RequestUri": "https://REDACTED/keys/javakeytemp2217954//decrypt?api-version=7.6-preview.2",
      "RequestMethod": "POST",
      "RequestHeaders": {
        "Accept": "application/json",
        "Authorization": "Sanitized",
        "Content-Length": "371",
        "Content-Type": "application/json",
        "User-Agent": "azsdk-java-azure-security-keyvault-keys/4.10.0-beta.1 (11; Windows 10; 10.0)"
      },
      "RequestBody": {
        "alg": "RSA-OAEP",
        "value": "XniRAqjn-olEyoQtvZo0UjKkFtbftoUwjiW2HR2wyCAqxhMPB7qpX5cvOS7rMSWDXAclhT3NFw7Rqx185hi3KzTL-h1hELVzj4AaSHcADZZnnGllzPmmiY38c-5zEhunYmFW5d5qLc4o8355rkGXOdzFxnyytpZ7Gle2wkfddGQodPsdzrNQYY3-X0zdzu4_XvwYLxMewhqES2DqEf0f3XvGChtXi4wXEwXQVDIRjQ2h7U8Ly3DRvvOIPBDjcr7Qm3a6BKFRmsRVvURetJz6tb5SdxjNK18qnI0kTDzkb_lTZmbOIeHZlAum3ju1vyHri0U2ny3fVso8mRDLzeLa0Q"
      },
      "StatusCode": 200,
      "ResponseHeaders": {
        "Cache-Control": "no-cache",
        "Content-Length": "133",
        "Content-Type": "application/json; charset=utf-8",
        "Date": "Tue, 04 Mar 2025 09:01:06 GMT",
        "Expires": "-1",
        "Pragma": "no-cache",
        "Strict-Transport-Security": "max-age=31536000;includeSubDomains",
        "X-Content-Type-Options": "nosniff",
        "x-ms-keyvault-network-info": "conn_type=Ipv4;addr=172.92.148.195;act_addr_fam=InterNetwork;",
        "x-ms-keyvault-region": "westus",
        "x-ms-keyvault-service-version": "1.9.2103.1",
        "x-ms-request-id": "Sanitized"
      },
      "ResponseBody": {
        "kid": "https://vicolinakvrecord.vault.azure.net/keys/javakeytemp2217954/f2f9f65470f04e23bd04e56239df84c0",
        "value": "bXlQbGFpbnRleHQ"
      }
    }
  ],
  "Variables": {
    "0": "javakeytemp2217954"
  }
}
