{
  "Entries": [
    {
      "RequestUri": "https://REDACTED/keys/listkey032354bbb/create?api-version=7.4",
      "RequestMethod": "POST",
      "RequestHeaders": {
        "Accept": "application/json",
        "Content-Length": "0",
        "Content-Type": "application/json",
        "User-Agent": "azsdk-java-azure-security-keyvault-keys/4.7.0-beta.1 (17.0.7; Windows 11; 10.0)"
      },
      "RequestBody": null,
      "StatusCode": 401,
      "ResponseHeaders": {
        "Cache-Control": "no-cache",
        "Content-Length": "97",
        "Content-Type": "application/json; charset=utf-8",
        "Date": "Mon, 25 Sep 2023 19:07:56 GMT",
        "Expires": "-1",
        "Pragma": "no-cache",
        "Strict-Transport-Security": "max-age=31536000;includeSubDomains",
        "WWW-Authenticate": "Bearer authorization=\u0022https://login.microsoftonline.com/72f988bf-86f1-41af-91ab-2d7cd011db47\u0022, resource=\u0022https://vault.azure.net\u0022",
        "X-Content-Type-Options": "nosniff",
        "x-ms-keyvault-network-info": "conn_type=Ipv4;addr=20.51.128.65;act_addr_fam=InterNetwork;",
        "x-ms-keyvault-region": "westus",
        "x-ms-keyvault-service-version": "1.9.973.1",
        "x-ms-request-id": "fabf1b0c-0c88-44aa-9f37-0affdfcc2097"
      },
      "ResponseBody": {
        "error": {
          "code": "Unauthorized",
          "message": "AKV10000: Request is missing a Bearer or PoP token."
        }
      }
    },
    {
      "RequestUri": "https://REDACTED/keys/listkey032354bbb/create?api-version=7.4",
      "RequestMethod": "POST",
      "RequestHeaders": {
        "Accept": "application/json",
        "Authorization": "Sanitized",
        "Content-Length": "45",
        "Content-Type": "application/json",
        "User-Agent": "azsdk-java-azure-security-keyvault-keys/4.7.0-beta.1 (17.0.7; Windows 11; 10.0)"
      },
      "RequestBody": {
        "kty": "RSA",
        "attributes": {
          "exp": 2537049600
        }
      },
      "StatusCode": 200,
      "ResponseHeaders": {
        "Cache-Control": "no-cache",
        "Content-Length": "734",
        "Content-Type": "application/json; charset=utf-8",
        "Date": "Mon, 25 Sep 2023 19:07:56 GMT",
        "Expires": "-1",
        "Pragma": "no-cache",
        "Strict-Transport-Security": "max-age=31536000;includeSubDomains",
        "X-Content-Type-Options": "nosniff",
        "x-ms-keyvault-network-info": "conn_type=Ipv4;addr=20.51.128.65;act_addr_fam=InterNetwork;",
        "x-ms-keyvault-region": "westus",
        "x-ms-keyvault-service-version": "1.9.973.1",
        "x-ms-request-id": "1e4c656c-0e4b-4050-98c7-0595453e8ba4"
      },
      "ResponseBody": {
        "key": {
          "kid": "https://t713bd8c5610d139b.vault.azure.net/keys/listkey032354bbb/17b14daa4c2a41e596bedf3a782881a1",
          "kty": "RSA",
          "key_ops": [
            "encrypt",
            "decrypt",
            "sign",
            "verify",
            "wrapKey",
            "unwrapKey"
          ],
          "n": "2J6RJuA1SOB0bTRV52QqBltLrp26N46DikYX8soFMpgJYopcdDihsI-pAekm8weleOSyt61kX9WsmEwr2Oruh_6rvITtNYhPdUdMcH-BHx2VZYxwXo8OM2pEHn7s8yy6NvWAcF-cJ4TLcjBWY4VAD2ctJf_m8exyaUhiU4b2wFVz7SnRyMQ_6y1Tj181BRJAZXCvK-wrcLSkK3qqOadT59WvJAYiyFTBocLNkuvQL-lNGl_k5VJm6AGUHGfiMa4qTYdc3nTg4zuazGnSVhvhVF9IyNp8elRHaUnr8nrNCAfblr_DLW4Gnh9g91IfcK4QaQzFFPhdVYDH05A0o8T9TQ",
          "e": "AQAB"
        },
        "attributes": {
          "enabled": true,
          "exp": 2537049600,
          "created": 1695668876,
          "updated": 1695668876,
          "recoveryLevel": "CustomizedRecoverable\u002BPurgeable",
          "recoverableDays": 7,
          "exportable": false
        }
      }
    },
    {
      "RequestUri": "https://REDACTED/keys/listkey134248670/create?api-version=7.4",
      "RequestMethod": "POST",
      "RequestHeaders": {
        "Accept": "application/json",
        "Authorization": "Sanitized",
        "Content-Length": "45",
        "Content-Type": "application/json",
        "User-Agent": "azsdk-java-azure-security-keyvault-keys/4.7.0-beta.1 (17.0.7; Windows 11; 10.0)"
      },
      "RequestBody": {
        "kty": "RSA",
        "attributes": {
          "exp": 2537049600
        }
      },
      "StatusCode": 200,
      "ResponseHeaders": {
        "Cache-Control": "no-cache",
        "Content-Length": "734",
        "Content-Type": "application/json; charset=utf-8",
        "Date": "Mon, 25 Sep 2023 19:07:56 GMT",
        "Expires": "-1",
        "Pragma": "no-cache",
        "Strict-Transport-Security": "max-age=31536000;includeSubDomains",
        "X-Content-Type-Options": "nosniff",
        "x-ms-keyvault-network-info": "conn_type=Ipv4;addr=20.51.128.65;act_addr_fam=InterNetwork;",
        "x-ms-keyvault-region": "westus",
        "x-ms-keyvault-service-version": "1.9.973.1",
        "x-ms-request-id": "cc0ac3cb-d328-4194-b0e7-a0b6e593952b"
      },
      "ResponseBody": {
        "key": {
          "kid": "https://t713bd8c5610d139b.vault.azure.net/keys/listkey134248670/4e88198a01394cce839429cce7891981",
          "kty": "RSA",
          "key_ops": [
            "encrypt",
            "decrypt",
            "sign",
            "verify",
            "wrapKey",
            "unwrapKey"
          ],
          "n": "x4mnrNQeS8Z485O00Vc_mVY74Hcd9Cee644NCHND1QLmevF_RZXFKJdZe-UAzb0eX5TInpN41sRGlb0UvujRWHFQqO5_oiPdzzmu_rpcBcRxTX7_5fUCpTcZ8lasP8f1Do2qkEw5U7fiuJEmT_uawkkQGkYRcs62X7e5as-qVnh2i1vJMFw8z92OJPCOwxhEwobHbnriDWi1QCKXfNlWKOVNN9_gbNz5YAHG5P4iSUns3t9O6h71rauzOnytpggyBe10P0GM5WgNttqXRQPHn0ZpEDxSD7FXI0QqZp6BkWfOP0PY3dgh0lTY0f29b4bMp0Gb3frLRm8PzFVh1JFNcQ",
          "e": "AQAB"
        },
        "attributes": {
          "enabled": true,
          "exp": 2537049600,
          "created": 1695668877,
          "updated": 1695668877,
          "recoveryLevel": "CustomizedRecoverable\u002BPurgeable",
          "recoverableDays": 7,
          "exportable": false
        }
      }
    },
    {
      "RequestUri": "https://REDACTED/keys?api-version=7.4",
      "RequestMethod": "GET",
      "RequestHeaders": {
        "Accept": "application/json",
        "Authorization": "Sanitized",
        "Content-Length": "0",
        "User-Agent": "azsdk-java-azure-security-keyvault-keys/4.7.0-beta.1 (17.0.7; Windows 11; 10.0)"
      },
      "RequestBody": null,
      "StatusCode": 200,
      "ResponseHeaders": {
        "Cache-Control": "no-cache",
        "Content-Length": "282",
        "Content-Type": "application/json; charset=utf-8",
        "Date": "Mon, 25 Sep 2023 19:08:06 GMT",
        "Expires": "-1",
        "Pragma": "no-cache",
        "Strict-Transport-Security": "max-age=31536000;includeSubDomains",
        "X-Content-Type-Options": "nosniff",
        "x-ms-keyvault-network-info": "conn_type=Ipv4;addr=20.51.128.65;act_addr_fam=InterNetwork;",
        "x-ms-keyvault-region": "westus",
        "x-ms-keyvault-service-version": "1.9.973.1",
        "x-ms-request-id": "1bc41d79-9bb1-459f-820e-3fc7bfce73e7"
      },
      "ResponseBody": {
        "value": [],
        "nextLink": "https://t713bd8c5610d139b.vault.azure.net:443/keys?api-version=7.4\u0026$skiptoken=eyJOZXh0TWFya2VyIjoiMiE5MiFNREF3TURJMElXdGxlUzlHTVRaRFFqVXhOVFZFT0RNMFFqazJRVGM0UlNFd01EQXdNamdoT1RrNU9TMHhNaTB6TVZReU16bzFPVG8xT1M0NU9UazVPVGs1V2lFLSIsIlRhcmdldExvY2F0aW9uIjowfQ"
      }
    },
    {
      "RequestUri": "https://REDACTED/keys?api-version=7.4\u0026$skiptoken=eyJOZXh0TWFya2VyIjoiMiE5MiFNREF3TURJMElXdGxlUzlHTVRaRFFqVXhOVFZFT0RNMFFqazJRVGM0UlNFd01EQXdNamdoT1RrNU9TMHhNaTB6TVZReU16bzFPVG8xT1M0NU9UazVPVGs1V2lFLSIsIlRhcmdldExvY2F0aW9uIjowfQ",
      "RequestMethod": "GET",
      "RequestHeaders": {
        "Accept": "application/json",
        "Authorization": "Sanitized",
        "Content-Length": "0",
        "User-Agent": "azsdk-java-azure-security-keyvault-keys/4.7.0-beta.1 (17.0.7; Windows 11; 10.0)"
      },
      "RequestBody": null,
      "StatusCode": 200,
      "ResponseHeaders": {
        "Cache-Control": "no-cache",
        "Content-Length": "6968",
        "Content-Type": "application/json; charset=utf-8",
        "Date": "Mon, 25 Sep 2023 19:08:07 GMT",
        "Expires": "-1",
        "Pragma": "no-cache",
        "Strict-Transport-Security": "max-age=31536000;includeSubDomains",
        "X-Content-Type-Options": "nosniff",
        "x-ms-keyvault-network-info": "conn_type=Ipv4;addr=20.51.128.65;act_addr_fam=InterNetwork;",
        "x-ms-keyvault-region": "westus",
        "x-ms-keyvault-service-version": "1.9.973.1",
        "x-ms-request-id": "fd51b732-32b6-4c0b-ab8b-f95e83efa416"
      },
      "ResponseBody": {
        "value": [
          {
            "kid": "https://t713bd8c5610d139b.vault.azure.net/keys/javakeytemp0296747",
            "attributes": {
              "enabled": true,
              "nbf": 949237199,
              "exp": 2527113600,
              "created": 1695652168,
              "updated": 1695652168,
              "recoveryLevel": "CustomizedRecoverable\u002BPurgeable",
              "recoverableDays": 7,
              "exportable": false
            },
            "tags": {
              "foo": "baz"
            }
          },
          {
            "kid": "https://t713bd8c5610d139b.vault.azure.net/keys/javakeytemp05641ec",
            "attributes": {
              "enabled": true,
              "nbf": 949237199,
              "exp": 2527113600,
              "created": 1695662203,
              "updated": 1695662203,
              "recoveryLevel": "CustomizedRecoverable\u002BPurgeable",
              "recoverableDays": 7,
              "exportable": false
            },
            "tags": {
              "foo": "baz"
            }
          },
          {
            "kid": "https://t713bd8c5610d139b.vault.azure.net/keys/javakeytemp056633b",
            "attributes": {
              "enabled": true,
              "nbf": 949237199,
              "exp": 2527113600,
              "created": 1695651085,
              "updated": 1695651085,
              "recoveryLevel": "CustomizedRecoverable\u002BPurgeable",
              "recoverableDays": 7,
              "exportable": false
            },
            "tags": {
              "foo": "baz"
            }
          },
          {
            "kid": "https://t713bd8c5610d139b.vault.azure.net/keys/javakeytemp057150f",
            "attributes": {
              "enabled": true,
              "nbf": 949237199,
              "exp": 2527113600,
              "created": 1695662048,
              "updated": 1695662048,
              "recoveryLevel": "CustomizedRecoverable\u002BPurgeable",
              "recoverableDays": 7,
              "exportable": false
            },
            "tags": {
              "foo": "baz"
            }
          },
          {
            "kid": "https://t713bd8c5610d139b.vault.azure.net/keys/javakeytemp06412a5",
            "attributes": {
              "enabled": true,
              "nbf": 949237199,
              "exp": 2527113600,
              "created": 1695662048,
              "updated": 1695662048,
              "recoveryLevel": "CustomizedRecoverable\u002BPurgeable",
              "recoverableDays": 7,
              "exportable": false
            },
            "tags": {
              "foo": "baz"
            }
          },
          {
            "kid": "https://t713bd8c5610d139b.vault.azure.net/keys/javakeytemp14850eb",
            "attributes": {
              "enabled": true,
              "nbf": 949237199,
              "exp": 2527113600,
              "created": 1695651240,
              "updated": 1695651240,
              "recoveryLevel": "CustomizedRecoverable\u002BPurgeable",
              "recoverableDays": 7,
              "exportable": false
            },
            "tags": {
              "foo": "baz"
            }
          },
          {
            "kid": "https://t713bd8c5610d139b.vault.azure.net/keys/javakeytemp19351df",
            "attributes": {
              "enabled": true,
              "nbf": 949237199,
              "exp": 2527113600,
              "created": 1695651376,
              "updated": 1695651376,
              "recoveryLevel": "CustomizedRecoverable\u002BPurgeable",
              "recoverableDays": 7,
              "exportable": false
            },
            "tags": {
              "foo": "baz"
            }
          },
          {
            "kid": "https://t713bd8c5610d139b.vault.azure.net/keys/javakeytemp22321ea",
            "attributes": {
              "enabled": true,
              "nbf": 949237199,
              "exp": 2527113600,
              "created": 1695667578,
              "updated": 1695667578,
              "recoveryLevel": "CustomizedRecoverable\u002BPurgeable",
              "recoverableDays": 7,
              "exportable": false
            },
            "tags": {
              "foo": "baz"
            }
          },
          {
            "kid": "https://t713bd8c5610d139b.vault.azure.net/keys/javakeytemp2482456",
            "attributes": {
              "enabled": true,
              "nbf": 949237199,
              "exp": 2527113600,
              "created": 1695667086,
              "updated": 1695667086,
              "recoveryLevel": "CustomizedRecoverable\u002BPurgeable",
              "recoverableDays": 7,
              "exportable": false
            },
            "tags": {
              "foo": "baz"
            }
          },
          {
            "kid": "https://t713bd8c5610d139b.vault.azure.net/keys/javakeytemp25032d5",
            "attributes": {
              "enabled": true,
              "nbf": 949237199,
              "exp": 2527113600,
              "created": 1695655403,
              "updated": 1695655403,
              "recoveryLevel": "CustomizedRecoverable\u002BPurgeable",
              "recoverableDays": 7,
              "exportable": false
            },
            "tags": {
              "foo": "baz"
            }
          },
          {
            "kid": "https://t713bd8c5610d139b.vault.azure.net/keys/javakeytemp296215e",
            "attributes": {
              "enabled": true,
              "nbf": 949237199,
              "exp": 2527113600,
              "created": 1695668767,
              "updated": 1695668767,
              "recoveryLevel": "CustomizedRecoverable\u002BPurgeable",
              "recoverableDays": 7,
              "exportable": false
            },
            "tags": {
              "foo": "baz"
            }
          },
          {
            "kid": "https://t713bd8c5610d139b.vault.azure.net/keys/javakeytemp31347e9",
            "attributes": {
              "enabled": true,
              "nbf": 949237199,
              "exp": 2527113600,
              "created": 1695662343,
              "updated": 1695662343,
              "recoveryLevel": "CustomizedRecoverable\u002BPurgeable",
              "recoverableDays": 7,
              "exportable": false
            },
            "tags": {
              "foo": "baz"
            }
          },
          {
            "kid": "https://t713bd8c5610d139b.vault.azure.net/keys/javakeytemp37299c0",
            "attributes": {
              "enabled": true,
              "nbf": 949237199,
              "exp": 2527113600,
              "created": 1695661924,
              "updated": 1695661924,
              "recoveryLevel": "CustomizedRecoverable\u002BPurgeable",
              "recoverableDays": 7,
              "exportable": false
            },
            "tags": {
              "foo": "baz"
            }
          },
          {
            "kid": "https://t713bd8c5610d139b.vault.azure.net/keys/javakeytemp396357a",
            "attributes": {
              "enabled": true,
              "nbf": 949237199,
              "exp": 2527113600,
              "created": 1695667578,
              "updated": 1695667578,
              "recoveryLevel": "CustomizedRecoverable\u002BPurgeable",
              "recoverableDays": 7,
              "exportable": false
            },
            "tags": {
              "foo": "baz"
            }
          },
          {
            "kid": "https://t713bd8c5610d139b.vault.azure.net/keys/javakeytemp417027b",
            "attributes": {
              "enabled": true,
              "nbf": 949237199,
              "exp": 2527113600,
              "created": 1695650919,
              "updated": 1695650919,
              "recoveryLevel": "CustomizedRecoverable\u002BPurgeable",
              "recoverableDays": 7,
              "exportable": false
            },
            "tags": {
              "foo": "baz"
            }
          },
          {
            "kid": "https://t713bd8c5610d139b.vault.azure.net/keys/javakeytemp45014ad",
            "attributes": {
              "enabled": true,
              "nbf": 949237199,
              "exp": 2527113600,
              "created": 1695668727,
              "updated": 1695668727,
              "recoveryLevel": "CustomizedRecoverable\u002BPurgeable",
              "recoverableDays": 7,
              "exportable": false
            },
            "tags": {
              "foo": "baz"
            }
          },
          {
            "kid": "https://t713bd8c5610d139b.vault.azure.net/keys/javakeytemp472505d",
            "attributes": {
              "enabled": true,
              "nbf": 949237199,
              "exp": 2527113600,
              "created": 1695655565,
              "updated": 1695655565,
              "recoveryLevel": "CustomizedRecoverable\u002BPurgeable",
              "recoverableDays": 7,
              "exportable": false
            },
            "tags": {
              "foo": "baz"
            }
          },
          {
            "kid": "https://t713bd8c5610d139b.vault.azure.net/keys/javakeytemp530263f",
            "attributes": {
              "enabled": true,
              "nbf": 949237199,
              "exp": 2527113600,
              "created": 1695651238,
              "updated": 1695651238,
              "recoveryLevel": "CustomizedRecoverable\u002BPurgeable",
              "recoverableDays": 7,
              "exportable": false
            },
            "tags": {
              "foo": "baz"
            }
          },
          {
            "kid": "https://t713bd8c5610d139b.vault.azure.net/keys/javakeytemp5422968",
            "attributes": {
              "enabled": true,
              "nbf": 949237199,
              "exp": 2527113600,
              "created": 1695655565,
              "updated": 1695655565,
              "recoveryLevel": "CustomizedRecoverable\u002BPurgeable",
              "recoverableDays": 7,
              "exportable": false
            },
            "tags": {
              "foo": "baz"
            }
          },
          {
            "kid": "https://t713bd8c5610d139b.vault.azure.net/keys/javakeytemp5537583",
            "attributes": {
              "enabled": true,
              "nbf": 949237199,
              "exp": 2527113600,
              "created": 1695651084,
              "updated": 1695651084,
              "recoveryLevel": "CustomizedRecoverable\u002BPurgeable",
              "recoverableDays": 7,
              "exportable": false
            },
            "tags": {
              "foo": "baz"
            }
          },
          {
            "kid": "https://t713bd8c5610d139b.vault.azure.net/keys/javakeytemp570031f",
            "attributes": {
              "enabled": true,
              "nbf": 949237199,
              "exp": 2527113600,
              "created": 1695651377,
              "updated": 1695651377,
              "recoveryLevel": "CustomizedRecoverable\u002BPurgeable",
              "recoverableDays": 7,
              "exportable": false
            },
            "tags": {
              "foo": "baz"
            }
          },
          {
            "kid": "https://t713bd8c5610d139b.vault.azure.net/keys/javakeytemp5813489",
            "attributes": {
              "enabled": true,
              "nbf": 949237199,
              "exp": 2527113600,
              "created": 1695667250,
              "updated": 1695667250,
              "recoveryLevel": "CustomizedRecoverable\u002BPurgeable",
              "recoverableDays": 7,
              "exportable": false
            },
            "tags": {
              "foo": "baz"
            }
          },
          {
            "kid": "https://t713bd8c5610d139b.vault.azure.net/keys/javakeytemp59313b2",
            "attributes": {
              "enabled": true,
              "nbf": 949237199,
              "exp": 2527113600,
              "created": 1695650961,
              "updated": 1695650961,
              "recoveryLevel": "CustomizedRecoverable\u002BPurgeable",
              "recoverableDays": 7,
              "exportable": false
            },
            "tags": {
              "foo": "baz"
            }
          }
        ],
        "nextLink": "https://t713bd8c5610d139b.vault.azure.net:443/keys?api-version=7.4\u0026$skiptoken=eyJOZXh0TWFya2VyIjoiMiE4OCFNREF3TURJeUlXdGxlUzlLUVZaQlMwVlpWRVZOVURVNU5UazNRVVFoTURBd01ESTRJVGs1T1RrdE1USXRNekZVTWpNNk5UazZOVGt1T1RrNU9UazVPVm9oIiwiVGFyZ2V0TG9jYXRpb24iOjB9"
      }
    },
    {
      "RequestUri": "https://REDACTED/keys?api-version=7.4\u0026$skiptoken=eyJOZXh0TWFya2VyIjoiMiE4OCFNREF3TURJeUlXdGxlUzlLUVZaQlMwVlpWRVZOVURVNU5UazNRVVFoTURBd01ESTRJVGs1T1RrdE1USXRNekZVTWpNNk5UazZOVGt1T1RrNU9UazVPVm9oIiwiVGFyZ2V0TG9jYXRpb24iOjB9",
      "RequestMethod": "GET",
      "RequestHeaders": {
        "Accept": "application/json",
        "Authorization": "Sanitized",
        "Content-Length": "0",
        "User-Agent": "azsdk-java-azure-security-keyvault-keys/4.7.0-beta.1 (17.0.7; Windows 11; 10.0)"
      },
      "RequestBody": null,
      "StatusCode": 200,
      "ResponseHeaders": {
        "Cache-Control": "no-cache",
        "Content-Length": "7511",
        "Content-Type": "application/json; charset=utf-8",
        "Date": "Mon, 25 Sep 2023 19:08:07 GMT",
        "Expires": "-1",
        "Pragma": "no-cache",
        "Strict-Transport-Security": "max-age=31536000;includeSubDomains",
        "X-Content-Type-Options": "nosniff",
        "x-ms-keyvault-network-info": "conn_type=Ipv4;addr=20.51.128.65;act_addr_fam=InterNetwork;",
        "x-ms-keyvault-region": "westus",
        "x-ms-keyvault-service-version": "1.9.973.1",
        "x-ms-request-id": "2ccc3691-8061-4cc0-905e-c087d0edb91c"
      },
      "ResponseBody": {
        "value": [
          {
            "kid": "https://t713bd8c5610d139b.vault.azure.net/keys/javakeytemp59597ad",
            "attributes": {
              "enabled": true,
              "nbf": 949237199,
              "exp": 2527113600,
              "created": 1695655858,
              "updated": 1695655858,
              "recoveryLevel": "CustomizedRecoverable\u002BPurgeable",
              "recoverableDays": 7,
              "exportable": false
            },
            "tags": {
              "foo": "baz"
            }
          },
          {
            "kid": "https://t713bd8c5610d139b.vault.azure.net/keys/javakeytemp60307ea",
            "attributes": {
              "enabled": true,
              "nbf": 949237199,
              "exp": 2527113600,
              "created": 1695651084,
              "updated": 1695651084,
              "recoveryLevel": "CustomizedRecoverable\u002BPurgeable",
              "recoverableDays": 7,
              "exportable": false
            },
            "tags": {
              "foo": "baz"
            }
          },
          {
            "kid": "https://t713bd8c5610d139b.vault.azure.net/keys/javakeytemp6093259",
            "attributes": {
              "enabled": true,
              "nbf": 949237199,
              "exp": 2527113600,
              "created": 1695662343,
              "updated": 1695662343,
              "recoveryLevel": "CustomizedRecoverable\u002BPurgeable",
              "recoverableDays": 7,
              "exportable": false
            },
            "tags": {
              "foo": "baz"
            }
          },
          {
            "kid": "https://t713bd8c5610d139b.vault.azure.net/keys/javakeytemp637819f",
            "attributes": {
              "enabled": true,
              "nbf": 949237199,
              "exp": 2527113600,
              "created": 1695655565,
              "updated": 1695655565,
              "recoveryLevel": "CustomizedRecoverable\u002BPurgeable",
              "recoverableDays": 7,
              "exportable": false
            },
            "tags": {
              "foo": "baz"
            }
          },
          {
            "kid": "https://t713bd8c5610d139b.vault.azure.net/keys/javakeytemp65200e8",
            "attributes": {
              "enabled": true,
              "nbf": 949237199,
              "exp": 2527113600,
              "created": 1695661884,
              "updated": 1695661884,
              "recoveryLevel": "CustomizedRecoverable\u002BPurgeable",
              "recoverableDays": 7,
              "exportable": false
            },
            "tags": {
              "foo": "baz"
            }
          },
          {
            "kid": "https://t713bd8c5610d139b.vault.azure.net/keys/javakeytemp657031b",
            "attributes": {
              "enabled": true,
              "nbf": 949237199,
              "exp": 2527113600,
              "created": 1695651805,
              "updated": 1695651805,
              "recoveryLevel": "CustomizedRecoverable\u002BPurgeable",
              "recoverableDays": 7,
              "exportable": false
            },
            "tags": {
              "foo": "baz"
            }
          },
          {
            "kid": "https://t713bd8c5610d139b.vault.azure.net/keys/javakeytemp6765259",
            "attributes": {
              "enabled": true,
              "nbf": 949237199,
              "exp": 2527113600,
              "created": 1695662204,
              "updated": 1695662204,
              "recoveryLevel": "CustomizedRecoverable\u002BPurgeable",
              "recoverableDays": 7,
              "exportable": false
            },
            "tags": {
              "foo": "baz"
            }
          },
          {
            "kid": "https://t713bd8c5610d139b.vault.azure.net/keys/javakeytemp69548b0",
            "attributes": {
              "enabled": true,
              "nbf": 949237199,
              "exp": 2527113600,
              "created": 1695667250,
              "updated": 1695667250,
              "recoveryLevel": "CustomizedRecoverable\u002BPurgeable",
              "recoverableDays": 7,
              "exportable": false
            },
            "tags": {
              "foo": "baz"
            }
          },
          {
            "kid": "https://t713bd8c5610d139b.vault.azure.net/keys/javakeytemp69764b8",
            "attributes": {
              "enabled": true,
              "nbf": 949237199,
              "exp": 2527113600,
              "created": 1695667438,
              "updated": 1695667438,
              "recoveryLevel": "CustomizedRecoverable\u002BPurgeable",
              "recoverableDays": 7,
              "exportable": false
            },
            "tags": {
              "foo": "baz"
            }
          },
          {
            "kid": "https://t713bd8c5610d139b.vault.azure.net/keys/javakeytemp70238fb",
            "attributes": {
              "enabled": true,
              "nbf": 949237199,
              "exp": 2527113600,
              "created": 1695655718,
              "updated": 1695655718,
              "recoveryLevel": "CustomizedRecoverable\u002BPurgeable",
              "recoverableDays": 7,
              "exportable": false
            },
            "tags": {
              "foo": "baz"
            }
          },
          {
            "kid": "https://t713bd8c5610d139b.vault.azure.net/keys/javakeytemp7044595",
            "attributes": {
              "enabled": true,
              "nbf": 949237199,
              "exp": 2527113600,
              "created": 1695655719,
              "updated": 1695655719,
              "recoveryLevel": "CustomizedRecoverable\u002BPurgeable",
              "recoverableDays": 7,
              "exportable": false
            },
            "tags": {
              "foo": "baz"
            }
          },
          {
            "kid": "https://t713bd8c5610d139b.vault.azure.net/keys/javakeytemp751538d",
            "attributes": {
              "enabled": true,
              "nbf": 949237199,
              "exp": 2527113600,
              "created": 1695662343,
              "updated": 1695662343,
              "recoveryLevel": "CustomizedRecoverable\u002BPurgeable",
              "recoverableDays": 7,
              "exportable": false
            },
            "tags": {
              "foo": "baz"
            }
          },
          {
            "kid": "https://t713bd8c5610d139b.vault.azure.net/keys/javakeytemp78488cc",
            "attributes": {
              "enabled": true,
              "nbf": 949237199,
              "exp": 2527113600,
              "created": 1695652953,
              "updated": 1695652953,
              "recoveryLevel": "CustomizedRecoverable\u002BPurgeable",
              "recoverableDays": 7,
              "exportable": false
            },
            "tags": {
              "foo": "baz"
            }
          },
          {
            "kid": "https://t713bd8c5610d139b.vault.azure.net/keys/javakeytemp8066334",
            "attributes": {
              "enabled": true,
              "nbf": 949237199,
              "exp": 2527113600,
              "created": 1695655858,
              "updated": 1695655858,
              "recoveryLevel": "CustomizedRecoverable\u002BPurgeable",
              "recoverableDays": 7,
              "exportable": false
            },
            "tags": {
              "foo": "baz"
            }
          },
          {
            "kid": "https://t713bd8c5610d139b.vault.azure.net/keys/javakeytemp8082589",
            "attributes": {
              "enabled": true,
              "nbf": 949237199,
              "exp": 2527113600,
              "created": 1695662048,
              "updated": 1695662048,
              "recoveryLevel": "CustomizedRecoverable\u002BPurgeable",
              "recoverableDays": 7,
              "exportable": false
            },
            "tags": {
              "foo": "baz"
            }
          },
          {
            "kid": "https://t713bd8c5610d139b.vault.azure.net/keys/javakeytemp8370653",
            "attributes": {
              "enabled": true,
              "nbf": 949237199,
              "exp": 2527113600,
              "created": 1695652265,
              "updated": 1695652265,
              "recoveryLevel": "CustomizedRecoverable\u002BPurgeable",
              "recoverableDays": 7,
              "exportable": false
            },
            "tags": {
              "foo": "baz"
            }
          },
          {
            "kid": "https://t713bd8c5610d139b.vault.azure.net/keys/javakeytemp8605292",
            "attributes": {
              "enabled": true,
              "nbf": 949237199,
              "exp": 2527113600,
              "created": 1695651735,
              "updated": 1695651735,
              "recoveryLevel": "CustomizedRecoverable\u002BPurgeable",
              "recoverableDays": 7,
              "exportable": false
            },
            "tags": {
              "foo": "baz"
            }
          },
          {
            "kid": "https://t713bd8c5610d139b.vault.azure.net/keys/javakeytemp87426e3",
            "attributes": {
              "enabled": true,
              "nbf": 949237199,
              "exp": 2527113600,
              "created": 1695667250,
              "updated": 1695667250,
              "recoveryLevel": "CustomizedRecoverable\u002BPurgeable",
              "recoverableDays": 7,
              "exportable": false
            },
            "tags": {
              "foo": "baz"
            }
          },
          {
            "kid": "https://t713bd8c5610d139b.vault.azure.net/keys/javakeytemp881174e",
            "attributes": {
              "enabled": true,
              "nbf": 949237199,
              "exp": 2527113600,
              "created": 1695651377,
              "updated": 1695651377,
              "recoveryLevel": "CustomizedRecoverable\u002BPurgeable",
              "recoverableDays": 7,
              "exportable": false
            },
            "tags": {
              "foo": "baz"
            }
          },
          {
            "kid": "https://t713bd8c5610d139b.vault.azure.net/keys/javakeytemp9086682",
            "attributes": {
              "enabled": true,
              "nbf": 949237199,
              "exp": 2527113600,
              "created": 1695667436,
              "updated": 1695667436,
              "recoveryLevel": "CustomizedRecoverable\u002BPurgeable",
              "recoverableDays": 7,
              "exportable": false
            },
            "tags": {
              "foo": "baz"
            }
          },
          {
            "kid": "https://t713bd8c5610d139b.vault.azure.net/keys/javakeytemp9163796",
            "attributes": {
              "enabled": true,
              "nbf": 949237199,
              "exp": 2527113600,
              "created": 1695667578,
              "updated": 1695667578,
              "recoveryLevel": "CustomizedRecoverable\u002BPurgeable",
              "recoverableDays": 7,
              "exportable": false
            },
            "tags": {
              "foo": "baz"
            }
          },
          {
            "kid": "https://t713bd8c5610d139b.vault.azure.net/keys/javakeytemp91734e2",
            "attributes": {
              "enabled": true,
              "nbf": 949237199,
              "exp": 2527113600,
              "created": 1695667125,
              "updated": 1695667125,
              "recoveryLevel": "CustomizedRecoverable\u002BPurgeable",
              "recoverableDays": 7,
              "exportable": false
            },
            "tags": {
              "foo": "baz"
            }
          },
          {
            "kid": "https://t713bd8c5610d139b.vault.azure.net/keys/javakeytemp93906e7",
            "attributes": {
              "enabled": true,
              "nbf": 949237199,
              "exp": 2527113600,
              "created": 1695655442,
              "updated": 1695655442,
              "recoveryLevel": "CustomizedRecoverable\u002BPurgeable",
              "recoverableDays": 7,
              "exportable": false
            },
            "tags": {
              "foo": "baz"
            }
          },
          {
            "kid": "https://t713bd8c5610d139b.vault.azure.net/keys/javakeytemp96994a0",
            "attributes": {
              "enabled": true,
              "nbf": 949237199,
              "exp": 2527113600,
              "created": 1695655858,
              "updated": 1695655858,
              "recoveryLevel": "CustomizedRecoverable\u002BPurgeable",
              "recoverableDays": 7,
              "exportable": false
            },
            "tags": {
              "foo": "baz"
            }
          },
          {
            "kid": "https://t713bd8c5610d139b.vault.azure.net/keys/listkey013047403",
            "attributes": {
              "enabled": true,
              "exp": 2537049600,
              "created": 1695651336,
              "updated": 1695651336,
              "recoveryLevel": "CustomizedRecoverable\u002BPurgeable",
              "recoverableDays": 7,
              "exportable": false
            }
          }
        ],
        "nextLink": "https://t713bd8c5610d139b.vault.azure.net:443/keys?api-version=7.4\u0026$skiptoken=eyJOZXh0TWFya2VyIjoiMiE4OCFNREF3TURJd0lXdGxlUzlNU1ZOVVMwVlpNREUyT1RVNU5qSkVJVEF3TURBeU9DRTVPVGs1TFRFeUxUTXhWREl6T2pVNU9qVTVMams1T1RrNU9UbGFJUS0tIiwiVGFyZ2V0TG9jYXRpb24iOjB9"
      }
    },
    {
      "RequestUri": "https://REDACTED/keys?api-version=7.4\u0026$skiptoken=eyJOZXh0TWFya2VyIjoiMiE4OCFNREF3TURJd0lXdGxlUzlNU1ZOVVMwVlpNREUyT1RVNU5qSkVJVEF3TURBeU9DRTVPVGs1TFRFeUxUTXhWREl6T2pVNU9qVTVMams1T1RrNU9UbGFJUS0tIiwiVGFyZ2V0TG9jYXRpb24iOjB9",
      "RequestMethod": "GET",
      "RequestHeaders": {
        "Accept": "application/json",
        "Authorization": "Sanitized",
        "Content-Length": "0",
        "User-Agent": "azsdk-java-azure-security-keyvault-keys/4.7.0-beta.1 (17.0.7; Windows 11; 10.0)"
      },
      "RequestBody": null,
      "StatusCode": 200,
      "ResponseHeaders": {
        "Cache-Control": "no-cache",
        "Content-Length": "6605",
        "Content-Type": "application/json; charset=utf-8",
        "Date": "Mon, 25 Sep 2023 19:08:07 GMT",
        "Expires": "-1",
        "Pragma": "no-cache",
        "Strict-Transport-Security": "max-age=31536000;includeSubDomains",
        "X-Content-Type-Options": "nosniff",
        "x-ms-keyvault-network-info": "conn_type=Ipv4;addr=20.51.128.65;act_addr_fam=InterNetwork;",
        "x-ms-keyvault-region": "westus",
        "x-ms-keyvault-service-version": "1.9.973.1",
        "x-ms-request-id": "96d57dfa-2001-4512-82c4-ed6297490751"
      },
      "ResponseBody": {
        "value": [
          {
            "kid": "https://t713bd8c5610d139b.vault.azure.net/keys/listkey01695962d",
            "attributes": {
              "enabled": true,
              "exp": 2537049600,
              "created": 1695655817,
              "updated": 1695655817,
              "recoveryLevel": "CustomizedRecoverable\u002BPurgeable",
              "recoverableDays": 7,
              "exportable": false
            }
          },
          {
            "kid": "https://t713bd8c5610d139b.vault.azure.net/keys/listkey022611806",
            "attributes": {
              "enabled": true,
              "exp": 2537049600,
              "created": 1695667234,
              "updated": 1695667234,
              "recoveryLevel": "CustomizedRecoverable\u002BPurgeable",
              "recoverableDays": 7,
              "exportable": false
            }
          },
          {
            "kid": "https://t713bd8c5610d139b.vault.azure.net/keys/listkey032354bbb",
            "attributes": {
              "enabled": true,
              "exp": 2537049600,
              "created": 1695668876,
              "updated": 1695668876,
              "recoveryLevel": "CustomizedRecoverable\u002BPurgeable",
              "recoverableDays": 7,
              "exportable": false
            }
          },
          {
            "kid": "https://t713bd8c5610d139b.vault.azure.net/keys/listkey034259682",
            "attributes": {
              "enabled": true,
              "exp": 2537049600,
              "created": 1695662302,
              "updated": 1695662302,
              "recoveryLevel": "CustomizedRecoverable\u002BPurgeable",
              "recoverableDays": 7,
              "exportable": false
            }
          },
          {
            "kid": "https://t713bd8c5610d139b.vault.azure.net/keys/listkey0549685a2",
            "attributes": {
              "enabled": true,
              "exp": 2537049600,
              "created": 1695667536,
              "updated": 1695667536,
              "recoveryLevel": "CustomizedRecoverable\u002BPurgeable",
              "recoverableDays": 7,
              "exportable": false
            }
          },
          {
            "kid": "https://t713bd8c5610d139b.vault.azure.net/keys/listkey070530e6b",
            "attributes": {
              "enabled": true,
              "exp": 2537049600,
              "created": 1695651069,
              "updated": 1695651069,
              "recoveryLevel": "CustomizedRecoverable\u002BPurgeable",
              "recoverableDays": 7,
              "exportable": false
            }
          },
          {
            "kid": "https://t713bd8c5610d139b.vault.azure.net/keys/listkey079614157",
            "attributes": {
              "enabled": true,
              "exp": 2537049600,
              "created": 1695655550,
              "updated": 1695655550,
              "recoveryLevel": "CustomizedRecoverable\u002BPurgeable",
              "recoverableDays": 7,
              "exportable": false
            }
          },
          {
            "kid": "https://t713bd8c5610d139b.vault.azure.net/keys/listkey086646c33",
            "attributes": {
              "enabled": true,
              "exp": 2537049600,
              "created": 1695662032,
              "updated": 1695662032,
              "recoveryLevel": "CustomizedRecoverable\u002BPurgeable",
              "recoverableDays": 7,
              "exportable": false
            }
          },
          {
            "kid": "https://t713bd8c5610d139b.vault.azure.net/keys/listkey104290621",
            "attributes": {
              "enabled": true,
              "exp": 2537049600,
              "created": 1695655817,
              "updated": 1695655817,
              "recoveryLevel": "CustomizedRecoverable\u002BPurgeable",
              "recoverableDays": 7,
              "exportable": false
            }
          },
          {
            "kid": "https://t713bd8c5610d139b.vault.azure.net/keys/listkey113092df7",
            "attributes": {
              "enabled": true,
              "exp": 2537049600,
              "created": 1695667234,
              "updated": 1695667234,
              "recoveryLevel": "CustomizedRecoverable\u002BPurgeable",
              "recoverableDays": 7,
              "exportable": false
            }
          },
          {
            "kid": "https://t713bd8c5610d139b.vault.azure.net/keys/listkey123413c31",
            "attributes": {
              "enabled": true,
              "exp": 2537049600,
              "created": 1695662032,
              "updated": 1695662032,
              "recoveryLevel": "CustomizedRecoverable\u002BPurgeable",
              "recoverableDays": 7,
              "exportable": false
            }
          },
          {
            "kid": "https://t713bd8c5610d139b.vault.azure.net/keys/listkey134248670",
            "attributes": {
              "enabled": true,
              "exp": 2537049600,
              "created": 1695668877,
              "updated": 1695668877,
              "recoveryLevel": "CustomizedRecoverable\u002BPurgeable",
              "recoverableDays": 7,
              "exportable": false
            }
          },
          {
            "kid": "https://t713bd8c5610d139b.vault.azure.net/keys/listkey167571493",
            "attributes": {
              "enabled": true,
              "exp": 2537049600,
              "created": 1695651069,
              "updated": 1695651069,
              "recoveryLevel": "CustomizedRecoverable\u002BPurgeable",
              "recoverableDays": 7,
              "exportable": false
            }
          },
          {
            "kid": "https://t713bd8c5610d139b.vault.azure.net/keys/listkey171548791",
            "attributes": {
              "enabled": true,
              "exp": 2537049600,
              "created": 1695667536,
              "updated": 1695667536,
              "recoveryLevel": "CustomizedRecoverable\u002BPurgeable",
              "recoverableDays": 7,
              "exportable": false
            }
          },
          {
            "kid": "https://t713bd8c5610d139b.vault.azure.net/keys/listkey173501b20",
            "attributes": {
              "enabled": true,
              "exp": 2537049600,
              "created": 1695651336,
              "updated": 1695651336,
              "recoveryLevel": "CustomizedRecoverable\u002BPurgeable",
              "recoverableDays": 7,
              "exportable": false
            }
          },
          {
            "kid": "https://t713bd8c5610d139b.vault.azure.net/keys/listkey173578ede",
            "attributes": {
              "enabled": true,
              "exp": 2537049600,
              "created": 1695655551,
              "updated": 1695655551,
              "recoveryLevel": "CustomizedRecoverable\u002BPurgeable",
              "recoverableDays": 7,
              "exportable": false
            }
          },
          {
            "kid": "https://t713bd8c5610d139b.vault.azure.net/keys/listkey1823216d6",
            "attributes": {
              "enabled": true,
              "exp": 2537049600,
              "created": 1695662302,
              "updated": 1695662302,
              "recoveryLevel": "CustomizedRecoverable\u002BPurgeable",
              "recoverableDays": 7,
              "exportable": false
            }
          },
          {
            "kid": "https://t713bd8c5610d139b.vault.azure.net/keys/listkeyversion15562",
            "attributes": {
              "enabled": true,
              "exp": 3797539200,
              "created": 1695650925,
              "updated": 1695650925,
              "recoveryLevel": "CustomizedRecoverable\u002BPurgeable",
              "recoverableDays": 7,
              "exportable": false
            }
          },
          {
            "kid": "https://t713bd8c5610d139b.vault.azure.net/keys/listkeyversion31328",
            "attributes": {
              "enabled": true,
              "exp": 3797539200,
              "created": 1695668731,
              "updated": 1695668731,
              "recoveryLevel": "CustomizedRecoverable\u002BPurgeable",
              "recoverableDays": 7,
              "exportable": false
            }
          },
          {
            "kid": "https://t713bd8c5610d139b.vault.azure.net/keys/listkeyversion40281",
            "attributes": {
              "enabled": true,
              "exp": 3797539200,
              "created": 1695655408,
              "updated": 1695655408,
              "recoveryLevel": "CustomizedRecoverable\u002BPurgeable",
              "recoverableDays": 7,
              "exportable": false
            }
          },
          {
            "kid": "https://t713bd8c5610d139b.vault.azure.net/keys/listkeyversion59104",
            "attributes": {
              "enabled": true,
              "exp": 3797539200,
              "created": 1695661888,
              "updated": 1695661888,
              "recoveryLevel": "CustomizedRecoverable\u002BPurgeable",
              "recoverableDays": 7,
              "exportable": false
            }
          },
          {
            "kid": "https://t713bd8c5610d139b.vault.azure.net/keys/listkeyversion65539",
            "attributes": {
              "enabled": true,
              "exp": 3797539200,
              "created": 1695651204,
              "updated": 1695651204,
              "recoveryLevel": "CustomizedRecoverable\u002BPurgeable",
              "recoverableDays": 7,
              "exportable": false
            }
          },
          {
            "kid": "https://t713bd8c5610d139b.vault.azure.net/keys/listkeyversion71110",
            "attributes": {
              "enabled": true,
              "exp": 3797539200,
              "created": 1695667090,
              "updated": 1695667090,
              "recoveryLevel": "CustomizedRecoverable\u002BPurgeable",
              "recoverableDays": 7,
              "exportable": false
            }
          },
          {
            "kid": "https://t713bd8c5610d139b.vault.azure.net/keys/listkeyversion73288",
            "attributes": {
              "enabled": true,
              "exp": 3797539200,
              "created": 1695655684,
              "updated": 1695655684,
              "recoveryLevel": "CustomizedRecoverable\u002BPurgeable",
              "recoverableDays": 7,
              "exportable": false
            }
          },
          {
            "kid": "https://t713bd8c5610d139b.vault.azure.net/keys/listkeyversion76971",
            "attributes": {
              "enabled": true,
              "exp": 3797539200,
              "created": 1695667402,
              "updated": 1695667402,
              "recoveryLevel": "CustomizedRecoverable\u002BPurgeable",
              "recoverableDays": 7,
              "exportable": false
            }
          }
        ],
        "nextLink": "https://t713bd8c5610d139b.vault.azure.net:443/keys?api-version=7.4\u0026$skiptoken=eyJOZXh0TWFya2VyIjoiMiE5MiFNREF3TURJeklXdGxlUzlNU1ZOVVMwVlpWa1ZTVTBsUFRqazVNVGsxSVRBd01EQXlPQ0U1T1RrNUxURXlMVE14VkRJek9qVTVPalU1TGprNU9UazVPVGxhSVEtLSIsIlRhcmdldExvY2F0aW9uIjowfQ"
      }
    },
    {
      "RequestUri": "https://REDACTED/keys?api-version=7.4\u0026$skiptoken=eyJOZXh0TWFya2VyIjoiMiE5MiFNREF3TURJeklXdGxlUzlNU1ZOVVMwVlpWa1ZTVTBsUFRqazVNVGsxSVRBd01EQXlPQ0U1T1RrNUxURXlMVE14VkRJek9qVTVPalU1TGprNU9UazVPVGxhSVEtLSIsIlRhcmdldExvY2F0aW9uIjowfQ",
      "RequestMethod": "GET",
      "RequestHeaders": {
        "Accept": "application/json",
        "Authorization": "Sanitized",
        "Content-Length": "0",
        "User-Agent": "azsdk-java-azure-security-keyvault-keys/4.7.0-beta.1 (17.0.7; Windows 11; 10.0)"
      },
      "RequestBody": null,
      "StatusCode": 200,
      "ResponseHeaders": {
        "Cache-Control": "no-cache",
        "Content-Length": "6214",
        "Content-Type": "application/json; charset=utf-8",
        "Date": "Mon, 25 Sep 2023 19:08:07 GMT",
        "Expires": "-1",
        "Pragma": "no-cache",
        "Strict-Transport-Security": "max-age=31536000;includeSubDomains",
        "X-Content-Type-Options": "nosniff",
        "x-ms-keyvault-network-info": "conn_type=Ipv4;addr=20.51.128.65;act_addr_fam=InterNetwork;",
        "x-ms-keyvault-region": "westus",
        "x-ms-keyvault-service-version": "1.9.973.1",
        "x-ms-request-id": "a4cdf193-9021-4e32-a442-17a0816d1d00"
      },
      "ResponseBody": {
        "value": [
          {
            "kid": "https://t713bd8c5610d139b.vault.azure.net/keys/listkeyversion99195",
            "attributes": {
              "enabled": true,
              "exp": 3797539200,
              "created": 1695662169,
              "updated": 1695662169,
              "recoveryLevel": "CustomizedRecoverable\u002BPurgeable",
              "recoverableDays": 7,
              "exportable": false
            }
          },
          {
            "kid": "https://t713bd8c5610d139b.vault.azure.net/keys/myalias",
            "attributes": {
              "enabled": true,
              "nbf": 1695386108,
              "exp": 1727009108,
              "created": 1695386709,
              "updated": 1695386709,
              "recoveryLevel": "CustomizedRecoverable\u002BPurgeable",
              "recoverableDays": 7
            },
            "managed": true
          },
          {
            "kid": "https://t713bd8c5610d139b.vault.azure.net/keys/rotatekey00474335",
            "attributes": {
              "enabled": true,
              "created": 1695650962,
              "updated": 1695650962,
              "recoveryLevel": "CustomizedRecoverable\u002BPurgeable",
              "recoverableDays": 7,
              "exportable": false
            }
          },
          {
            "kid": "https://t713bd8c5610d139b.vault.azure.net/keys/rotatekey08876ef5",
            "attributes": {
              "enabled": true,
              "created": 1695655443,
              "updated": 1695655443,
              "recoveryLevel": "CustomizedRecoverable\u002BPurgeable",
              "recoverableDays": 7,
              "exportable": false
            }
          },
          {
            "kid": "https://t713bd8c5610d139b.vault.azure.net/keys/rotatekey1111061b",
            "attributes": {
              "enabled": true,
              "created": 1695655718,
              "updated": 1695655718,
              "recoveryLevel": "CustomizedRecoverable\u002BPurgeable",
              "recoverableDays": 7,
              "exportable": false
            }
          },
          {
            "kid": "https://t713bd8c5610d139b.vault.azure.net/keys/rotatekey204053c9",
            "attributes": {
              "enabled": true,
              "created": 1695668766,
              "updated": 1695668766,
              "recoveryLevel": "CustomizedRecoverable\u002BPurgeable",
              "recoverableDays": 7,
              "exportable": false
            }
          },
          {
            "kid": "https://t713bd8c5610d139b.vault.azure.net/keys/rotatekey20535963",
            "attributes": {
              "enabled": true,
              "created": 1695667124,
              "updated": 1695667124,
              "recoveryLevel": "CustomizedRecoverable\u002BPurgeable",
              "recoverableDays": 7,
              "exportable": false
            }
          },
          {
            "kid": "https://t713bd8c5610d139b.vault.azure.net/keys/rotatekey2156464c",
            "attributes": {
              "enabled": true,
              "created": 1695650918,
              "updated": 1695650918,
              "recoveryLevel": "CustomizedRecoverable\u002BPurgeable",
              "recoverableDays": 7,
              "exportable": false
            }
          },
          {
            "kid": "https://t713bd8c5610d139b.vault.azure.net/keys/rotatekey2175167d",
            "attributes": {
              "enabled": true,
              "created": 1695655442,
              "updated": 1695655442,
              "recoveryLevel": "CustomizedRecoverable\u002BPurgeable",
              "recoverableDays": 7,
              "exportable": false
            }
          },
          {
            "kid": "https://t713bd8c5610d139b.vault.azure.net/keys/rotatekey2390595b",
            "attributes": {
              "enabled": true,
              "created": 1695655717,
              "updated": 1695655717,
              "recoveryLevel": "CustomizedRecoverable\u002BPurgeable",
              "recoverableDays": 7,
              "exportable": false
            }
          },
          {
            "kid": "https://t713bd8c5610d139b.vault.azure.net/keys/rotatekey26021c70",
            "attributes": {
              "enabled": true,
              "created": 1695667085,
              "updated": 1695667085,
              "recoveryLevel": "CustomizedRecoverable\u002BPurgeable",
              "recoverableDays": 7,
              "exportable": false
            }
          },
          {
            "kid": "https://t713bd8c5610d139b.vault.azure.net/keys/rotatekey2850706c",
            "attributes": {
              "enabled": true,
              "created": 1695651239,
              "updated": 1695651239,
              "recoveryLevel": "CustomizedRecoverable\u002BPurgeable",
              "recoverableDays": 7,
              "exportable": false
            }
          },
          {
            "kid": "https://t713bd8c5610d139b.vault.azure.net/keys/rotatekey30487473",
            "attributes": {
              "enabled": true,
              "created": 1695667436,
              "updated": 1695667436,
              "recoveryLevel": "CustomizedRecoverable\u002BPurgeable",
              "recoverableDays": 7,
              "exportable": false
            }
          },
          {
            "kid": "https://t713bd8c5610d139b.vault.azure.net/keys/rotatekey32096422",
            "attributes": {
              "enabled": true,
              "created": 1695667126,
              "updated": 1695667126,
              "recoveryLevel": "CustomizedRecoverable\u002BPurgeable",
              "recoverableDays": 7,
              "exportable": false
            }
          },
          {
            "kid": "https://t713bd8c5610d139b.vault.azure.net/keys/rotatekey33090290",
            "attributes": {
              "enabled": true,
              "created": 1695667348,
              "updated": 1695667348,
              "recoveryLevel": "CustomizedRecoverable\u002BPurgeable",
              "recoverableDays": 7,
              "exportable": false
            }
          },
          {
            "kid": "https://t713bd8c5610d139b.vault.azure.net/keys/rotatekey401422e0",
            "attributes": {
              "enabled": true,
              "created": 1695667437,
              "updated": 1695667437,
              "recoveryLevel": "CustomizedRecoverable\u002BPurgeable",
              "recoverableDays": 7,
              "exportable": false
            }
          },
          {
            "kid": "https://t713bd8c5610d139b.vault.azure.net/keys/rotatekey50622b51",
            "attributes": {
              "enabled": true,
              "created": 1695668726,
              "updated": 1695668726,
              "recoveryLevel": "CustomizedRecoverable\u002BPurgeable",
              "recoverableDays": 7,
              "exportable": false
            }
          },
          {
            "kid": "https://t713bd8c5610d139b.vault.azure.net/keys/rotatekey53179fce",
            "attributes": {
              "enabled": true,
              "created": 1695668768,
              "updated": 1695668768,
              "recoveryLevel": "CustomizedRecoverable\u002BPurgeable",
              "recoverableDays": 7,
              "exportable": false
            }
          },
          {
            "kid": "https://t713bd8c5610d139b.vault.azure.net/keys/rotatekey60313b46",
            "attributes": {
              "enabled": true,
              "created": 1695661923,
              "updated": 1695661923,
              "recoveryLevel": "CustomizedRecoverable\u002BPurgeable",
              "recoverableDays": 7,
              "exportable": false
            }
          },
          {
            "kid": "https://t713bd8c5610d139b.vault.azure.net/keys/rotatekey620194f9",
            "attributes": {
              "enabled": true,
              "created": 1695651183,
              "updated": 1695651183,
              "recoveryLevel": "CustomizedRecoverable\u002BPurgeable",
              "recoverableDays": 7,
              "exportable": false
            }
          },
          {
            "kid": "https://t713bd8c5610d139b.vault.azure.net/keys/rotatekey65745b1d",
            "attributes": {
              "enabled": true,
              "created": 1695655401,
              "updated": 1695655401,
              "recoveryLevel": "CustomizedRecoverable\u002BPurgeable",
              "recoverableDays": 7,
              "exportable": false
            }
          },
          {
            "kid": "https://t713bd8c5610d139b.vault.azure.net/keys/rotatekey75281ea5",
            "attributes": {
              "enabled": true,
              "created": 1695651238,
              "updated": 1695651238,
              "recoveryLevel": "CustomizedRecoverable\u002BPurgeable",
              "recoverableDays": 7,
              "exportable": false
            }
          },
          {
            "kid": "https://t713bd8c5610d139b.vault.azure.net/keys/rotatekey7634525a",
            "attributes": {
              "enabled": true,
              "created": 1695662204,
              "updated": 1695662204,
              "recoveryLevel": "CustomizedRecoverable\u002BPurgeable",
              "recoverableDays": 7,
              "exportable": false
            }
          },
          {
            "kid": "https://t713bd8c5610d139b.vault.azure.net/keys/rotatekey76590910",
            "attributes": {
              "enabled": true,
              "created": 1695662148,
              "updated": 1695662148,
              "recoveryLevel": "CustomizedRecoverable\u002BPurgeable",
              "recoverableDays": 7,
              "exportable": false
            }
          },
          {
            "kid": "https://t713bd8c5610d139b.vault.azure.net/keys/rotatekey767047f0",
            "attributes": {
              "enabled": true,
              "created": 1695661924,
              "updated": 1695661924,
              "recoveryLevel": "CustomizedRecoverable\u002BPurgeable",
              "recoverableDays": 7,
              "exportable": false
            }
          }
        ],
        "nextLink": "https://t713bd8c5610d139b.vault.azure.net:443/keys?api-version=7.4\u0026$skiptoken=eyJOZXh0TWFya2VyIjoiMiE4OCFNREF3TURJeElXdGxlUzlTVDFSQlZFVkxSVmszTnpZNE1UaEVPQ0V3TURBd01qZ2hPVGs1T1MweE1pMHpNVlF5TXpvMU9UbzFPUzQ1T1RrNU9UazVXaUUtIiwiVGFyZ2V0TG9jYXRpb24iOjB9"
      }
    },
    {
      "RequestUri": "https://REDACTED/keys?api-version=7.4\u0026$skiptoken=eyJOZXh0TWFya2VyIjoiMiE4OCFNREF3TURJeElXdGxlUzlTVDFSQlZFVkxSVmszTnpZNE1UaEVPQ0V3TURBd01qZ2hPVGs1T1MweE1pMHpNVlF5TXpvMU9UbzFPUzQ1T1RrNU9UazVXaUUtIiwiVGFyZ2V0TG9jYXRpb24iOjB9",
      "RequestMethod": "GET",
      "RequestHeaders": {
        "Accept": "application/json",
        "Authorization": "Sanitized",
        "Content-Length": "0",
        "User-Agent": "azsdk-java-azure-security-keyvault-keys/4.7.0-beta.1 (17.0.7; Windows 11; 10.0)"
      },
      "RequestBody": null,
      "StatusCode": 200,
      "ResponseHeaders": {
        "Cache-Control": "no-cache",
        "Content-Length": "6227",
        "Content-Type": "application/json; charset=utf-8",
        "Date": "Mon, 25 Sep 2023 19:08:08 GMT",
        "Expires": "-1",
        "Pragma": "no-cache",
        "Strict-Transport-Security": "max-age=31536000;includeSubDomains",
        "X-Content-Type-Options": "nosniff",
        "x-ms-keyvault-network-info": "conn_type=Ipv4;addr=20.51.128.65;act_addr_fam=InterNetwork;",
        "x-ms-keyvault-region": "westus",
        "x-ms-keyvault-service-version": "1.9.973.1",
        "x-ms-request-id": "d9bba2a0-2327-4d5b-8d22-9a5c30a476e9"
      },
      "ResponseBody": {
        "value": [
          {
            "kid": "https://t713bd8c5610d139b.vault.azure.net/keys/rotatekey776818d8",
            "attributes": {
              "enabled": true,
              "created": 1695655663,
              "updated": 1695655663,
              "recoveryLevel": "CustomizedRecoverable\u002BPurgeable",
              "recoverableDays": 7,
              "exportable": false
            }
          },
          {
            "kid": "https://t713bd8c5610d139b.vault.azure.net/keys/rotatekey84050af0",
            "attributes": {
              "enabled": true,
              "created": 1695661882,
              "updated": 1695661882,
              "recoveryLevel": "CustomizedRecoverable\u002BPurgeable",
              "recoverableDays": 7,
              "exportable": false
            }
          },
          {
            "kid": "https://t713bd8c5610d139b.vault.azure.net/keys/rotatekey86074122",
            "attributes": {
              "enabled": true,
              "created": 1695662202,
              "updated": 1695662202,
              "recoveryLevel": "CustomizedRecoverable\u002BPurgeable",
              "recoverableDays": 7,
              "exportable": false
            }
          },
          {
            "kid": "https://t713bd8c5610d139b.vault.azure.net/keys/rotatekey9879209f",
            "attributes": {
              "enabled": true,
              "created": 1695650961,
              "updated": 1695650961,
              "recoveryLevel": "CustomizedRecoverable\u002BPurgeable",
              "recoverableDays": 7,
              "exportable": false
            }
          },
          {
            "kid": "https://t713bd8c5610d139b.vault.azure.net/keys/testeckeyp-25600626",
            "attributes": {
              "enabled": true,
              "created": 1695662384,
              "updated": 1695662384,
              "recoveryLevel": "CustomizedRecoverable\u002BPurgeable",
              "recoverableDays": 7,
              "exportable": false
            }
          },
          {
            "kid": "https://t713bd8c5610d139b.vault.azure.net/keys/testeckeyp-25602235",
            "attributes": {
              "enabled": true,
              "created": 1695653237,
              "updated": 1695653237,
              "recoveryLevel": "CustomizedRecoverable\u002BPurgeable",
              "recoverableDays": 7,
              "exportable": false
            }
          },
          {
            "kid": "https://t713bd8c5610d139b.vault.azure.net/keys/testeckeyp-25608315",
            "attributes": {
              "enabled": true,
              "created": 1695653975,
              "updated": 1695653975,
              "recoveryLevel": "CustomizedRecoverable\u002BPurgeable",
              "recoverableDays": 7,
              "exportable": false
            }
          },
          {
            "kid": "https://t713bd8c5610d139b.vault.azure.net/keys/testeckeyp-25609318",
            "attributes": {
              "enabled": true,
              "created": 1695655895,
              "updated": 1695655895,
              "recoveryLevel": "CustomizedRecoverable\u002BPurgeable",
              "recoverableDays": 7,
              "exportable": false
            }
          },
          {
            "kid": "https://t713bd8c5610d139b.vault.azure.net/keys/testeckeyp-25616878",
            "attributes": {
              "enabled": true,
              "created": 1695653720,
              "updated": 1695653720,
              "recoveryLevel": "CustomizedRecoverable\u002BPurgeable",
              "recoverableDays": 7,
              "exportable": false
            }
          },
          {
            "kid": "https://t713bd8c5610d139b.vault.azure.net/keys/testeckeyp-25628237",
            "attributes": {
              "enabled": true,
              "created": 1695655897,
              "updated": 1695655897,
              "recoveryLevel": "CustomizedRecoverable\u002BPurgeable",
              "recoverableDays": 7,
              "exportable": false
            }
          },
          {
            "kid": "https://t713bd8c5610d139b.vault.azure.net/keys/testeckeyp-25630597",
            "attributes": {
              "enabled": true,
              "created": 1695667614,
              "updated": 1695667614,
              "recoveryLevel": "CustomizedRecoverable\u002BPurgeable",
              "recoverableDays": 7,
              "exportable": false
            }
          },
          {
            "kid": "https://t713bd8c5610d139b.vault.azure.net/keys/testeckeyp-25641022",
            "attributes": {
              "enabled": true,
              "created": 1695667618,
              "updated": 1695667618,
              "recoveryLevel": "CustomizedRecoverable\u002BPurgeable",
              "recoverableDays": 7,
              "exportable": false
            }
          },
          {
            "kid": "https://t713bd8c5610d139b.vault.azure.net/keys/testeckeyp-25644025",
            "attributes": {
              "enabled": true,
              "created": 1695653390,
              "updated": 1695653390,
              "recoveryLevel": "CustomizedRecoverable\u002BPurgeable",
              "recoverableDays": 7,
              "exportable": false
            }
          },
          {
            "kid": "https://t713bd8c5610d139b.vault.azure.net/keys/testeckeyp-25654690",
            "attributes": {
              "enabled": true,
              "created": 1695651416,
              "updated": 1695651416,
              "recoveryLevel": "CustomizedRecoverable\u002BPurgeable",
              "recoverableDays": 7,
              "exportable": false
            }
          },
          {
            "kid": "https://t713bd8c5610d139b.vault.azure.net/keys/testeckeyp-25674164",
            "attributes": {
              "enabled": true,
              "created": 1695654285,
              "updated": 1695654285,
              "recoveryLevel": "CustomizedRecoverable\u002BPurgeable",
              "recoverableDays": 7,
              "exportable": false
            }
          },
          {
            "kid": "https://t713bd8c5610d139b.vault.azure.net/keys/testeckeyp-25674196",
            "attributes": {
              "enabled": true,
              "created": 1695653336,
              "updated": 1695653336,
              "recoveryLevel": "CustomizedRecoverable\u002BPurgeable",
              "recoverableDays": 7,
              "exportable": false
            }
          },
          {
            "kid": "https://t713bd8c5610d139b.vault.azure.net/keys/testeckeyp-25676843",
            "attributes": {
              "enabled": true,
              "created": 1695651413,
              "updated": 1695651413,
              "recoveryLevel": "CustomizedRecoverable\u002BPurgeable",
              "recoverableDays": 7,
              "exportable": false
            }
          },
          {
            "kid": "https://t713bd8c5610d139b.vault.azure.net/keys/testeckeyp-25685591",
            "attributes": {
              "enabled": true,
              "created": 1695662379,
              "updated": 1695662379,
              "recoveryLevel": "CustomizedRecoverable\u002BPurgeable",
              "recoverableDays": 7,
              "exportable": false
            }
          },
          {
            "kid": "https://t713bd8c5610d139b.vault.azure.net/keys/testeckeyp-25688848",
            "attributes": {
              "enabled": true,
              "created": 1695656817,
              "updated": 1695656817,
              "recoveryLevel": "CustomizedRecoverable\u002BPurgeable",
              "recoverableDays": 7,
              "exportable": false
            }
          },
          {
            "kid": "https://t713bd8c5610d139b.vault.azure.net/keys/testeckeyp-256k21240",
            "attributes": {
              "enabled": true,
              "created": 1695662385,
              "updated": 1695662385,
              "recoveryLevel": "CustomizedRecoverable\u002BPurgeable",
              "recoverableDays": 7,
              "exportable": false
            }
          },
          {
            "kid": "https://t713bd8c5610d139b.vault.azure.net/keys/testeckeyp-256k65565",
            "attributes": {
              "enabled": true,
              "created": 1695667615,
              "updated": 1695667615,
              "recoveryLevel": "CustomizedRecoverable\u002BPurgeable",
              "recoverableDays": 7,
              "exportable": false
            }
          },
          {
            "kid": "https://t713bd8c5610d139b.vault.azure.net/keys/testeckeyp-256k71928",
            "attributes": {
              "enabled": true,
              "created": 1695662381,
              "updated": 1695662381,
              "recoveryLevel": "CustomizedRecoverable\u002BPurgeable",
              "recoverableDays": 7,
              "exportable": false
            }
          },
          {
            "kid": "https://t713bd8c5610d139b.vault.azure.net/keys/testeckeyp-256k91320",
            "attributes": {
              "enabled": true,
              "created": 1695667620,
              "updated": 1695667620,
              "recoveryLevel": "CustomizedRecoverable\u002BPurgeable",
              "recoverableDays": 7,
              "exportable": false
            }
          },
          {
            "kid": "https://t713bd8c5610d139b.vault.azure.net/keys/testeckeyp-38413225",
            "attributes": {
              "enabled": true,
              "created": 1695667619,
              "updated": 1695667619,
              "recoveryLevel": "CustomizedRecoverable\u002BPurgeable",
              "recoverableDays": 7,
              "exportable": false
            }
          },
          {
            "kid": "https://t713bd8c5610d139b.vault.azure.net/keys/testeckeyp-38450232",
            "attributes": {
              "enabled": true,
              "created": 1695662384,
              "updated": 1695662384,
              "recoveryLevel": "CustomizedRecoverable\u002BPurgeable",
              "recoverableDays": 7,
              "exportable": false
            }
          }
        ],
        "nextLink": "https://t713bd8c5610d139b.vault.azure.net:443/keys?api-version=7.4\u0026$skiptoken=eyJOZXh0TWFya2VyIjoiMiE5MiFNREF3TURJeklXdGxlUzlVUlZOVVJVTkxSVmxRTFRNNE5Ea3lORGN4SVRBd01EQXlPQ0U1T1RrNUxURXlMVE14VkRJek9qVTVPalU1TGprNU9UazVPVGxhSVEtLSIsIlRhcmdldExvY2F0aW9uIjowfQ"
      }
    },
    {
      "RequestUri": "https://REDACTED/keys?api-version=7.4\u0026$skiptoken=eyJOZXh0TWFya2VyIjoiMiE5MiFNREF3TURJeklXdGxlUzlVUlZOVVJVTkxSVmxRTFRNNE5Ea3lORGN4SVRBd01EQXlPQ0U1T1RrNUxURXlMVE14VkRJek9qVTVPalU1TGprNU9UazVPVGxhSVEtLSIsIlRhcmdldExvY2F0aW9uIjowfQ",
      "RequestMethod": "GET",
      "RequestHeaders": {
        "Accept": "application/json",
        "Authorization": "Sanitized",
        "Content-Length": "0",
        "User-Agent": "azsdk-java-azure-security-keyvault-keys/4.7.0-beta.1 (17.0.7; Windows 11; 10.0)"
      },
      "RequestBody": null,
      "StatusCode": 200,
      "ResponseHeaders": {
        "Cache-Control": "no-cache",
        "Content-Length": "7067",
        "Content-Type": "application/json; charset=utf-8",
        "Date": "Mon, 25 Sep 2023 19:08:08 GMT",
        "Expires": "-1",
        "Pragma": "no-cache",
        "Strict-Transport-Security": "max-age=31536000;includeSubDomains",
        "X-Content-Type-Options": "nosniff",
        "x-ms-keyvault-network-info": "conn_type=Ipv4;addr=20.51.128.65;act_addr_fam=InterNetwork;",
        "x-ms-keyvault-region": "westus",
        "x-ms-keyvault-service-version": "1.9.973.1",
        "x-ms-request-id": "e6cc19e4-88fe-47bd-8a0a-835442f3a144"
      },
      "ResponseBody": {
        "value": [
          {
            "kid": "https://t713bd8c5610d139b.vault.azure.net/keys/testeckeyp-38492471",
            "attributes": {
              "enabled": true,
              "created": 1695662380,
              "updated": 1695662380,
              "recoveryLevel": "CustomizedRecoverable\u002BPurgeable",
              "recoverableDays": 7,
              "exportable": false
            }
          },
          {
            "kid": "https://t713bd8c5610d139b.vault.azure.net/keys/testeckeyp-38495457",
            "attributes": {
              "enabled": true,
              "created": 1695667614,
              "updated": 1695667614,
              "recoveryLevel": "CustomizedRecoverable\u002BPurgeable",
              "recoverableDays": 7,
              "exportable": false
            }
          },
          {
            "kid": "https://t713bd8c5610d139b.vault.azure.net/keys/testeckeyp-52120994",
            "attributes": {
              "enabled": true,
              "created": 1695662380,
              "updated": 1695662380,
              "recoveryLevel": "CustomizedRecoverable\u002BPurgeable",
              "recoverableDays": 7,
              "exportable": false
            }
          },
          {
            "kid": "https://t713bd8c5610d139b.vault.azure.net/keys/testeckeyp-52142510",
            "attributes": {
              "enabled": true,
              "created": 1695662384,
              "updated": 1695662384,
              "recoveryLevel": "CustomizedRecoverable\u002BPurgeable",
              "recoverableDays": 7,
              "exportable": false
            }
          },
          {
            "kid": "https://t713bd8c5610d139b.vault.azure.net/keys/testeckeyp-52165697",
            "attributes": {
              "enabled": true,
              "created": 1695667619,
              "updated": 1695667619,
              "recoveryLevel": "CustomizedRecoverable\u002BPurgeable",
              "recoverableDays": 7,
              "exportable": false
            }
          },
          {
            "kid": "https://t713bd8c5610d139b.vault.azure.net/keys/testeckeyp-52195389",
            "attributes": {
              "enabled": true,
              "created": 1695667615,
              "updated": 1695667615,
              "recoveryLevel": "CustomizedRecoverable\u002BPurgeable",
              "recoverableDays": 7,
              "exportable": false
            }
          },
          {
            "kid": "https://t713bd8c5610d139b.vault.azure.net/keys/testkey107155335",
            "attributes": {
              "enabled": true,
              "exp": 2852668800,
              "created": 1695668662,
              "updated": 1695668662,
              "recoveryLevel": "CustomizedRecoverable\u002BPurgeable",
              "recoverableDays": 7,
              "exportable": false
            },
            "tags": {
              "second tag": "second value",
              "first tag": "first value"
            }
          },
          {
            "kid": "https://t713bd8c5610d139b.vault.azure.net/keys/testkey11562085b",
            "attributes": {
              "enabled": true,
              "exp": 2852668800,
              "created": 1695662082,
              "updated": 1695662083,
              "recoveryLevel": "CustomizedRecoverable\u002BPurgeable",
              "recoverableDays": 7,
              "exportable": false
            },
            "tags": {
              "second tag": "second value",
              "first tag": "first value"
            }
          },
          {
            "kid": "https://t713bd8c5610d139b.vault.azure.net/keys/testkey116851cfb",
            "attributes": {
              "enabled": true,
              "exp": 2852668800,
              "created": 1695655599,
              "updated": 1695655600,
              "recoveryLevel": "CustomizedRecoverable\u002BPurgeable",
              "recoverableDays": 7,
              "exportable": false
            },
            "tags": {
              "second tag": "second value",
              "first tag": "first value"
            }
          },
          {
            "kid": "https://t713bd8c5610d139b.vault.azure.net/keys/testkey126236eec",
            "attributes": {
              "enabled": true,
              "exp": 2852668800,
              "created": 1695650853,
              "updated": 1695650854,
              "recoveryLevel": "CustomizedRecoverable\u002BPurgeable",
              "recoverableDays": 7,
              "exportable": false
            },
            "tags": {
              "second tag": "second value",
              "first tag": "first value"
            }
          },
          {
            "kid": "https://t713bd8c5610d139b.vault.azure.net/keys/testkey144000d73",
            "attributes": {
              "enabled": true,
              "exp": 2852668800,
              "created": 1695651119,
              "updated": 1695651119,
              "recoveryLevel": "CustomizedRecoverable\u002BPurgeable",
              "recoverableDays": 7,
              "exportable": false
            },
            "tags": {
              "second tag": "second value",
              "first tag": "first value"
            }
          },
          {
            "kid": "https://t713bd8c5610d139b.vault.azure.net/keys/testkey14689292c",
            "attributes": {
              "enabled": true,
              "exp": 2852668800,
              "created": 1695667021,
              "updated": 1695667021,
              "recoveryLevel": "CustomizedRecoverable\u002BPurgeable",
              "recoverableDays": 7,
              "exportable": false
            },
            "tags": {
              "second tag": "second value",
              "first tag": "first value"
            }
          },
          {
            "kid": "https://t713bd8c5610d139b.vault.azure.net/keys/testkey158240636",
            "attributes": {
              "enabled": true,
              "exp": 2852668800,
              "created": 1695661817,
              "updated": 1695661818,
              "recoveryLevel": "CustomizedRecoverable\u002BPurgeable",
              "recoverableDays": 7,
              "exportable": false
            },
            "tags": {
              "second tag": "second value",
              "first tag": "first value"
            }
          },
          {
            "kid": "https://t713bd8c5610d139b.vault.azure.net/keys/testkey1613174b6",
            "attributes": {
              "enabled": true,
              "exp": 2852668800,
              "created": 1695655337,
              "updated": 1695655337,
              "recoveryLevel": "CustomizedRecoverable\u002BPurgeable",
              "recoverableDays": 7,
              "exportable": false
            },
            "tags": {
              "second tag": "second value",
              "first tag": "first value"
            }
          },
          {
            "kid": "https://t713bd8c5610d139b.vault.azure.net/keys/testkey178732561",
            "attributes": {
              "enabled": true,
              "exp": 2852668800,
              "created": 1695667284,
              "updated": 1695667284,
              "recoveryLevel": "CustomizedRecoverable\u002BPurgeable",
              "recoverableDays": 7,
              "exportable": false
            },
            "tags": {
              "second tag": "second value",
              "first tag": "first value"
            }
          },
          {
            "kid": "https://t713bd8c5610d139b.vault.azure.net/keys/testkey212563d03",
            "attributes": {
              "enabled": false,
              "exp": 2852668800,
              "created": 1695651237,
              "updated": 1695651237,
              "recoveryLevel": "CustomizedRecoverable\u002BPurgeable",
              "recoverableDays": 7,
              "exportable": false
            }
          },
          {
            "kid": "https://t713bd8c5610d139b.vault.azure.net/keys/testkey2169753cb",
            "attributes": {
              "enabled": false,
              "exp": 2852668800,
              "created": 1695662202,
              "updated": 1695662202,
              "recoveryLevel": "CustomizedRecoverable\u002BPurgeable",
              "recoverableDays": 7,
              "exportable": false
            }
          },
          {
            "kid": "https://t713bd8c5610d139b.vault.azure.net/keys/testkey22590717b",
            "attributes": {
              "enabled": false,
              "exp": 2852668800,
              "created": 1695661922,
              "updated": 1695661922,
              "recoveryLevel": "CustomizedRecoverable\u002BPurgeable",
              "recoverableDays": 7,
              "exportable": false
            }
          },
          {
            "kid": "https://t713bd8c5610d139b.vault.azure.net/keys/testkey2407300c8",
            "attributes": {
              "enabled": false,
              "exp": 2852668800,
              "created": 1695650959,
              "updated": 1695650959,
              "recoveryLevel": "CustomizedRecoverable\u002BPurgeable",
              "recoverableDays": 7,
              "exportable": false
            }
          },
          {
            "kid": "https://t713bd8c5610d139b.vault.azure.net/keys/testkey241160558",
            "attributes": {
              "enabled": false,
              "exp": 2852668800,
              "created": 1695668765,
              "updated": 1695668765,
              "recoveryLevel": "CustomizedRecoverable\u002BPurgeable",
              "recoverableDays": 7,
              "exportable": false
            }
          },
          {
            "kid": "https://t713bd8c5610d139b.vault.azure.net/keys/testkey24978230a",
            "attributes": {
              "enabled": false,
              "exp": 2852668800,
              "created": 1695655717,
              "updated": 1695655717,
              "recoveryLevel": "CustomizedRecoverable\u002BPurgeable",
              "recoverableDays": 7,
              "exportable": false
            }
          },
          {
            "kid": "https://t713bd8c5610d139b.vault.azure.net/keys/testkey254082575",
            "attributes": {
              "enabled": false,
              "exp": 2852668800,
              "created": 1695667123,
              "updated": 1695667123,
              "recoveryLevel": "CustomizedRecoverable\u002BPurgeable",
              "recoverableDays": 7,
              "exportable": false
            }
          },
          {
            "kid": "https://t713bd8c5610d139b.vault.azure.net/keys/testkey259083e5d",
            "attributes": {
              "enabled": false,
              "exp": 2852668800,
              "created": 1695655441,
              "updated": 1695655441,
              "recoveryLevel": "CustomizedRecoverable\u002BPurgeable",
              "recoverableDays": 7,
              "exportable": false
            }
          },
          {
            "kid": "https://t713bd8c5610d139b.vault.azure.net/keys/testkey266459c55",
            "attributes": {
              "enabled": false,
              "exp": 2852668800,
              "created": 1695667435,
              "updated": 1695667435,
              "recoveryLevel": "CustomizedRecoverable\u002BPurgeable",
              "recoverableDays": 7,
              "exportable": false
            }
          },
          {
            "kid": "https://t713bd8c5610d139b.vault.azure.net/keys/testkey316492230",
            "attributes": {
              "enabled": true,
              "exp": 2537049600,
              "created": 1695662083,
              "updated": 1695662083,
              "recoveryLevel": "CustomizedRecoverable\u002BPurgeable",
              "recoverableDays": 7,
              "exportable": false
            }
          }
        ],
        "nextLink": "https://t713bd8c5610d139b.vault.azure.net:443/keys?api-version=7.4\u0026$skiptoken=eyJOZXh0TWFya2VyIjoiMiE4OCFNREF3TURJd0lXdGxlUzlVUlZOVVMwVlpNekUyT1RReU1EQkNJVEF3TURBeU9DRTVPVGs1TFRFeUxUTXhWREl6T2pVNU9qVTVMams1T1RrNU9UbGFJUS0tIiwiVGFyZ2V0TG9jYXRpb24iOjB9"
      }
    },
    {
      "RequestUri": "https://REDACTED/keys?api-version=7.4\u0026$skiptoken=eyJOZXh0TWFya2VyIjoiMiE4OCFNREF3TURJd0lXdGxlUzlVUlZOVVMwVlpNekUyT1RReU1EQkNJVEF3TURBeU9DRTVPVGs1TFRFeUxUTXhWREl6T2pVNU9qVTVMams1T1RrNU9UbGFJUS0tIiwiVGFyZ2V0TG9jYXRpb24iOjB9",
      "RequestMethod": "GET",
      "RequestHeaders": {
        "Accept": "application/json",
        "Authorization": "Sanitized",
        "Content-Length": "0",
        "User-Agent": "azsdk-java-azure-security-keyvault-keys/4.7.0-beta.1 (17.0.7; Windows 11; 10.0)"
      },
      "RequestBody": null,
      "StatusCode": 200,
      "ResponseHeaders": {
        "Cache-Control": "no-cache",
        "Content-Length": "4559",
        "Content-Type": "application/json; charset=utf-8",
        "Date": "Mon, 25 Sep 2023 19:08:08 GMT",
        "Expires": "-1",
        "Pragma": "no-cache",
        "Strict-Transport-Security": "max-age=31536000;includeSubDomains",
        "X-Content-Type-Options": "nosniff",
        "x-ms-keyvault-network-info": "conn_type=Ipv4;addr=20.51.128.65;act_addr_fam=InterNetwork;",
        "x-ms-keyvault-region": "westus",
        "x-ms-keyvault-service-version": "1.9.973.1",
        "x-ms-request-id": "0ef4aaf1-a82a-4292-97b2-9f7e64f1396a"
      },
      "ResponseBody": {
        "value": [
          {
            "kid": "https://t713bd8c5610d139b.vault.azure.net/keys/testkey31694200b",
            "attributes": {
              "enabled": true,
              "exp": 2537049600,
              "created": 1695650854,
              "updated": 1695650854,
              "recoveryLevel": "CustomizedRecoverable\u002BPurgeable",
              "recoverableDays": 7,
              "exportable": false
            }
          },
          {
            "kid": "https://t713bd8c5610d139b.vault.azure.net/keys/testkey324942c6e",
            "attributes": {
              "enabled": true,
              "exp": 2537049600,
              "created": 1695667022,
              "updated": 1695667022,
              "recoveryLevel": "CustomizedRecoverable\u002BPurgeable",
              "recoverableDays": 7,
              "exportable": false
            }
          },
          {
            "kid": "https://t713bd8c5610d139b.vault.azure.net/keys/testkey326087ea9",
            "attributes": {
              "enabled": true,
              "exp": 2537049600,
              "created": 1695667285,
              "updated": 1695667285,
              "recoveryLevel": "CustomizedRecoverable\u002BPurgeable",
              "recoverableDays": 7,
              "exportable": false
            }
          },
          {
            "kid": "https://t713bd8c5610d139b.vault.azure.net/keys/testkey341028722",
            "attributes": {
              "enabled": true,
              "exp": 2537049600,
              "created": 1695655338,
              "updated": 1695655338,
              "recoveryLevel": "CustomizedRecoverable\u002BPurgeable",
              "recoverableDays": 7,
              "exportable": false
            }
          },
          {
            "kid": "https://t713bd8c5610d139b.vault.azure.net/keys/testkey351702c8a",
            "attributes": {
              "enabled": true,
              "exp": 2537049600,
              "created": 1695655600,
              "updated": 1695655600,
              "recoveryLevel": "CustomizedRecoverable\u002BPurgeable",
              "recoverableDays": 7,
              "exportable": false
            }
          },
          {
            "kid": "https://t713bd8c5610d139b.vault.azure.net/keys/testkey3641986b1",
            "attributes": {
              "enabled": true,
              "exp": 2537049600,
              "created": 1695661818,
              "updated": 1695661818,
              "recoveryLevel": "CustomizedRecoverable\u002BPurgeable",
              "recoverableDays": 7,
              "exportable": false
            }
          },
          {
            "kid": "https://t713bd8c5610d139b.vault.azure.net/keys/testkey3803143b2",
            "attributes": {
              "enabled": true,
              "exp": 2537049600,
              "created": 1695668663,
              "updated": 1695668663,
              "recoveryLevel": "CustomizedRecoverable\u002BPurgeable",
              "recoverableDays": 7,
              "exportable": false
            }
          },
          {
            "kid": "https://t713bd8c5610d139b.vault.azure.net/keys/testkey384541aef",
            "attributes": {
              "enabled": true,
              "exp": 2537049600,
              "created": 1695651120,
              "updated": 1695651120,
              "recoveryLevel": "CustomizedRecoverable\u002BPurgeable",
              "recoverableDays": 7,
              "exportable": false
            }
          },
          {
            "kid": "https://t713bd8c5610d139b.vault.azure.net/keys/testkey41166482a",
            "attributes": {
              "enabled": true,
              "exp": 2537049600,
              "created": 1695668727,
              "updated": 1695668727,
              "recoveryLevel": "CustomizedRecoverable\u002BPurgeable",
              "recoverableDays": 7,
              "exportable": false
            }
          },
          {
            "kid": "https://t713bd8c5610d139b.vault.azure.net/keys/testkey4162519d6",
            "attributes": {
              "enabled": true,
              "exp": 2537049600,
              "created": 1695651184,
              "updated": 1695651184,
              "recoveryLevel": "CustomizedRecoverable\u002BPurgeable",
              "recoverableDays": 7,
              "exportable": false
            }
          },
          {
            "kid": "https://t713bd8c5610d139b.vault.azure.net/keys/testkey420981ea7",
            "attributes": {
              "enabled": true,
              "exp": 2537049600,
              "created": 1695650918,
              "updated": 1695650918,
              "recoveryLevel": "CustomizedRecoverable\u002BPurgeable",
              "recoverableDays": 7,
              "exportable": false
            }
          },
          {
            "kid": "https://t713bd8c5610d139b.vault.azure.net/keys/testkey425002358",
            "attributes": {
              "enabled": true,
              "exp": 2537049600,
              "created": 1695655664,
              "updated": 1695655664,
              "recoveryLevel": "CustomizedRecoverable\u002BPurgeable",
              "recoverableDays": 7,
              "exportable": false
            }
          },
          {
            "kid": "https://t713bd8c5610d139b.vault.azure.net/keys/testkey42871399b",
            "attributes": {
              "enabled": true,
              "exp": 2537049600,
              "created": 1695661883,
              "updated": 1695661883,
              "recoveryLevel": "CustomizedRecoverable\u002BPurgeable",
              "recoverableDays": 7,
              "exportable": false
            }
          },
          {
            "kid": "https://t713bd8c5610d139b.vault.azure.net/keys/testkey4342576a9",
            "attributes": {
              "enabled": true,
              "exp": 2537049600,
              "created": 1695662148,
              "updated": 1695662148,
              "recoveryLevel": "CustomizedRecoverable\u002BPurgeable",
              "recoverableDays": 7,
              "exportable": false
            }
          },
          {
            "kid": "https://t713bd8c5610d139b.vault.azure.net/keys/testkey473854e1f",
            "attributes": {
              "enabled": true,
              "exp": 2537049600,
              "created": 1695667086,
              "updated": 1695667086,
              "recoveryLevel": "CustomizedRecoverable\u002BPurgeable",
              "recoverableDays": 7,
              "exportable": false
            }
          },
          {
            "kid": "https://t713bd8c5610d139b.vault.azure.net/keys/testkey477256ec1",
            "attributes": {
              "enabled": true,
              "exp": 2537049600,
              "created": 1695655402,
              "updated": 1695655402,
              "recoveryLevel": "CustomizedRecoverable\u002BPurgeable",
              "recoverableDays": 7,
              "exportable": false
            }
          },
          {
            "kid": "https://t713bd8c5610d139b.vault.azure.net/keys/testkey4852664e8",
            "attributes": {
              "enabled": true,
              "exp": 2537049600,
              "created": 1695667348,
              "updated": 1695667348,
              "recoveryLevel": "CustomizedRecoverable\u002BPurgeable",
              "recoverableDays": 7,
              "exportable": false
            }
          }
        ],
        "nextLink": "https://t713bd8c5610d139b.vault.azure.net:443/keys?api-version=7.4\u0026$skiptoken=eyJOZXh0TWFya2VyIjoiMiE4OCFNREF3TURJd0lXdGxlUzlVUlZOVVMwVlpOVGt4TURRNFJVWkRJVEF3TURBeU9DRTVPVGs1TFRFeUxUTXhWREl6T2pVNU9qVTVMams1T1RrNU9UbGFJUS0tIiwiVGFyZ2V0TG9jYXRpb24iOjB9"
      }
    },
    {
      "RequestUri": "https://REDACTED/keys?api-version=7.4\u0026$skiptoken=eyJOZXh0TWFya2VyIjoiMiE4OCFNREF3TURJd0lXdGxlUzlVUlZOVVMwVlpOVGt4TURRNFJVWkRJVEF3TURBeU9DRTVPVGs1TFRFeUxUTXhWREl6T2pVNU9qVTVMams1T1RrNU9UbGFJUS0tIiwiVGFyZ2V0TG9jYXRpb24iOjB9",
      "RequestMethod": "GET",
      "RequestHeaders": {
        "Accept": "application/json",
        "Authorization": "Sanitized",
        "Content-Length": "0",
        "User-Agent": "azsdk-java-azure-security-keyvault-keys/4.7.0-beta.1 (17.0.7; Windows 11; 10.0)"
      },
      "RequestBody": null,
      "StatusCode": 200,
      "ResponseHeaders": {
        "Cache-Control": "no-cache",
        "Content-Length": "4307",
        "Content-Type": "application/json; charset=utf-8",
        "Date": "Mon, 25 Sep 2023 19:08:08 GMT",
        "Expires": "-1",
        "Pragma": "no-cache",
        "Strict-Transport-Security": "max-age=31536000;includeSubDomains",
        "X-Content-Type-Options": "nosniff",
        "x-ms-keyvault-network-info": "conn_type=Ipv4;addr=20.51.128.65;act_addr_fam=InterNetwork;",
        "x-ms-keyvault-region": "westus",
        "x-ms-keyvault-service-version": "1.9.973.1",
        "x-ms-request-id": "fd1fe639-5a51-4dff-81b0-152233dd1b32"
      },
      "ResponseBody": {
        "value": [
          {
            "kid": "https://t713bd8c5610d139b.vault.azure.net/keys/testkey712802d4d",
            "attributes": {
              "enabled": true,
              "exp": 2537049600,
              "created": 1695655403,
              "updated": 1695655403,
              "recoveryLevel": "CustomizedRecoverable\u002BPurgeable",
              "recoverableDays": 7,
              "exportable": false
            }
          },
          {
            "kid": "https://t713bd8c5610d139b.vault.azure.net/keys/testkey715281eb2",
            "attributes": {
              "enabled": true,
              "exp": 2537049600,
              "created": 1695667381,
              "updated": 1695667381,
              "recoveryLevel": "CustomizedRecoverable\u002BPurgeable",
              "recoverableDays": 7,
              "exportable": false
            }
          },
          {
            "kid": "https://t713bd8c5610d139b.vault.azure.net/keys/testkey732618cfa",
            "attributes": {
              "enabled": true,
              "exp": 2537049600,
              "created": 1695668728,
              "updated": 1695668728,
              "recoveryLevel": "CustomizedRecoverable\u002BPurgeable",
              "recoverableDays": 7,
              "exportable": false
            }
          },
          {
            "kid": "https://t713bd8c5610d139b.vault.azure.net/keys/testkey7451801d4",
            "attributes": {
              "enabled": true,
              "exp": 2537049600,
              "created": 1695650920,
              "updated": 1695650920,
              "recoveryLevel": "CustomizedRecoverable\u002BPurgeable",
              "recoverableDays": 7,
              "exportable": false
            }
          },
          {
            "kid": "https://t713bd8c5610d139b.vault.azure.net/keys/testkey761619f9a",
            "attributes": {
              "enabled": true,
              "exp": 2537049600,
              "created": 1695667087,
              "updated": 1695667087,
              "recoveryLevel": "CustomizedRecoverable\u002BPurgeable",
              "recoverableDays": 7,
              "exportable": false
            }
          },
          {
            "kid": "https://t713bd8c5610d139b.vault.azure.net/keys/testkey76476534b",
            "attributes": {
              "enabled": true,
              "exp": 2537049600,
              "created": 1695661884,
              "updated": 1695661884,
              "recoveryLevel": "CustomizedRecoverable\u002BPurgeable",
              "recoverableDays": 7,
              "exportable": false
            }
          },
          {
            "kid": "https://t713bd8c5610d139b.vault.azure.net/keys/testkey766234cfa",
            "attributes": {
              "enabled": true,
              "exp": 2537049600,
              "created": 1695651184,
              "updated": 1695651184,
              "recoveryLevel": "CustomizedRecoverable\u002BPurgeable",
              "recoverableDays": 7,
              "exportable": false
            }
          },
          {
            "kid": "https://t713bd8c5610d139b.vault.azure.net/keys/testkey796395a3d",
            "attributes": {
              "enabled": true,
              "exp": 2537049600,
              "created": 1695655664,
              "updated": 1695655664,
              "recoveryLevel": "CustomizedRecoverable\u002BPurgeable",
              "recoverableDays": 7,
              "exportable": false
            }
          },
          {
            "kid": "https://t713bd8c5610d139b.vault.azure.net/keys/testkey798915605",
            "attributes": {
              "enabled": true,
              "exp": 2537049600,
              "created": 1695662149,
              "updated": 1695662149,
              "recoveryLevel": "CustomizedRecoverable\u002BPurgeable",
              "recoverableDays": 7,
              "exportable": false
            }
          },
          {
            "kid": "https://t713bd8c5610d139b.vault.azure.net/keys/testkey825340711",
            "attributes": {
              "enabled": true,
              "exp": 2537049600,
              "created": 1695655824,
              "updated": 1695655824,
              "recoveryLevel": "CustomizedRecoverable\u002BPurgeable",
              "recoverableDays": 7,
              "exportable": false
            }
          },
          {
            "kid": "https://t713bd8c5610d139b.vault.azure.net/keys/testkey836657fa3",
            "attributes": {
              "enabled": true,
              "exp": 2537049600,
              "created": 1695662309,
              "updated": 1695662309,
              "recoveryLevel": "CustomizedRecoverable\u002BPurgeable",
              "recoverableDays": 7,
              "exportable": false
            }
          },
          {
            "kid": "https://t713bd8c5610d139b.vault.azure.net/keys/testkey841077997",
            "attributes": {
              "enabled": true,
              "exp": 2537049600,
              "created": 1695667544,
              "updated": 1695667544,
              "recoveryLevel": "CustomizedRecoverable\u002BPurgeable",
              "recoverableDays": 7,
              "exportable": false
            }
          },
          {
            "kid": "https://t713bd8c5610d139b.vault.azure.net/keys/testkey8701401c4",
            "attributes": {
              "enabled": true,
              "exp": 2537049600,
              "created": 1695655562,
              "updated": 1695655562,
              "recoveryLevel": "CustomizedRecoverable\u002BPurgeable",
              "recoverableDays": 7,
              "exportable": false
            }
          },
          {
            "kid": "https://t713bd8c5610d139b.vault.azure.net/keys/testkey8871930dd",
            "attributes": {
              "enabled": true,
              "exp": 2537049600,
              "created": 1695651080,
              "updated": 1695651080,
              "recoveryLevel": "CustomizedRecoverable\u002BPurgeable",
              "recoverableDays": 7,
              "exportable": false
            }
          },
          {
            "kid": "https://t713bd8c5610d139b.vault.azure.net/keys/testkey8924553b0",
            "attributes": {
              "enabled": true,
              "exp": 2537049600,
              "created": 1695651342,
              "updated": 1695651342,
              "recoveryLevel": "CustomizedRecoverable\u002BPurgeable",
              "recoverableDays": 7,
              "exportable": false
            }
          },
          {
            "kid": "https://t713bd8c5610d139b.vault.azure.net/keys/testkey894149aaa",
            "attributes": {
              "enabled": true,
              "exp": 2537049600,
              "created": 1695667247,
              "updated": 1695667247,
              "recoveryLevel": "CustomizedRecoverable\u002BPurgeable",
              "recoverableDays": 7,
              "exportable": false
            }
          }
        ],
        "nextLink": "https://t713bd8c5610d139b.vault.azure.net:443/keys?api-version=7.4\u0026$skiptoken=eyJOZXh0TWFya2VyIjoiMiE4OCFNREF3TURJd0lXdGxlUzlVUlZOVVMwVlpPRGs0TXpJeE5qWkVJVEF3TURBeU9DRTVPVGs1TFRFeUxUTXhWREl6T2pVNU9qVTVMams1T1RrNU9UbGFJUS0tIiwiVGFyZ2V0TG9jYXRpb24iOjB9"
      }
    },
    {
      "RequestUri": "https://REDACTED/keys?api-version=7.4\u0026$skiptoken=eyJOZXh0TWFya2VyIjoiMiE4OCFNREF3TURJd0lXdGxlUzlVUlZOVVMwVlpPRGs0TXpJeE5qWkVJVEF3TURBeU9DRTVPVGs1TFRFeUxUTXhWREl6T2pVNU9qVTVMams1T1RrNU9UbGFJUS0tIiwiVGFyZ2V0TG9jYXRpb24iOjB9",
      "RequestMethod": "GET",
      "RequestHeaders": {
        "Accept": "application/json",
        "Authorization": "Sanitized",
        "Content-Length": "0",
        "User-Agent": "azsdk-java-azure-security-keyvault-keys/4.7.0-beta.1 (17.0.7; Windows 11; 10.0)"
      },
      "RequestBody": null,
      "StatusCode": 200,
      "ResponseHeaders": {
        "Cache-Control": "no-cache",
        "Content-Length": "6441",
        "Content-Type": "application/json; charset=utf-8",
        "Date": "Mon, 25 Sep 2023 19:08:09 GMT",
        "Expires": "-1",
        "Pragma": "no-cache",
        "Strict-Transport-Security": "max-age=31536000;includeSubDomains",
        "X-Content-Type-Options": "nosniff",
        "x-ms-keyvault-network-info": "conn_type=Ipv4;addr=20.51.128.65;act_addr_fam=InterNetwork;",
        "x-ms-keyvault-region": "westus",
        "x-ms-keyvault-service-version": "1.9.973.1",
        "x-ms-request-id": "b2f9f197-f3d0-4e85-b99e-3b69120f1b71"
      },
      "ResponseBody": {
        "value": [
          {
            "kid": "https://t713bd8c5610d139b.vault.azure.net/keys/testkey89832166d",
            "attributes": {
              "enabled": true,
              "exp": 2537049600,
              "created": 1695662045,
              "updated": 1695662045,
              "recoveryLevel": "CustomizedRecoverable\u002BPurgeable",
              "recoverableDays": 7,
              "exportable": false
            }
          },
          {
            "kid": "https://t713bd8c5610d139b.vault.azure.net/keys/testkey91074888e",
            "attributes": {
              "enabled": true,
              "exp": 2537049600,
              "created": 1695655339,
              "updated": 1695655339,
              "recoveryLevel": "CustomizedRecoverable\u002BPurgeable",
              "recoverableDays": 7,
              "exportable": false
            }
          },
          {
            "kid": "https://t713bd8c5610d139b.vault.azure.net/keys/testkey91614403f",
            "attributes": {
              "enabled": true,
              "exp": 2537049600,
              "created": 1695667023,
              "updated": 1695667023,
              "recoveryLevel": "CustomizedRecoverable\u002BPurgeable",
              "recoverableDays": 7,
              "exportable": false
            }
          },
          {
            "kid": "https://t713bd8c5610d139b.vault.azure.net/keys/testkey961086bec",
            "attributes": {
              "enabled": true,
              "exp": 2537049600,
              "created": 1695661820,
              "updated": 1695661820,
              "recoveryLevel": "CustomizedRecoverable\u002BPurgeable",
              "recoverableDays": 7,
              "exportable": false
            }
          },
          {
            "kid": "https://t713bd8c5610d139b.vault.azure.net/keys/testkey9666326ea",
            "attributes": {
              "enabled": true,
              "exp": 2537049600,
              "created": 1695667286,
              "updated": 1695667286,
              "recoveryLevel": "CustomizedRecoverable\u002BPurgeable",
              "recoverableDays": 7,
              "exportable": false
            }
          },
          {
            "kid": "https://t713bd8c5610d139b.vault.azure.net/keys/testkey967757a64",
            "attributes": {
              "enabled": true,
              "exp": 2537049600,
              "created": 1695655601,
              "updated": 1695655601,
              "recoveryLevel": "CustomizedRecoverable\u002BPurgeable",
              "recoverableDays": 7,
              "exportable": false
            }
          },
          {
            "kid": "https://t713bd8c5610d139b.vault.azure.net/keys/testkey9748242d1",
            "attributes": {
              "enabled": true,
              "exp": 2537049600,
              "created": 1695651121,
              "updated": 1695651121,
              "recoveryLevel": "CustomizedRecoverable\u002BPurgeable",
              "recoverableDays": 7,
              "exportable": false
            }
          },
          {
            "kid": "https://t713bd8c5610d139b.vault.azure.net/keys/testkey981202591",
            "attributes": {
              "enabled": true,
              "exp": 2537049600,
              "created": 1695650856,
              "updated": 1695650856,
              "recoveryLevel": "CustomizedRecoverable\u002BPurgeable",
              "recoverableDays": 7,
              "exportable": false
            }
          },
          {
            "kid": "https://t713bd8c5610d139b.vault.azure.net/keys/testkey982693b4f",
            "attributes": {
              "enabled": true,
              "exp": 2537049600,
              "created": 1695668664,
              "updated": 1695668664,
              "recoveryLevel": "CustomizedRecoverable\u002BPurgeable",
              "recoverableDays": 7,
              "exportable": false
            }
          },
          {
            "kid": "https://t713bd8c5610d139b.vault.azure.net/keys/testkey990004ac8",
            "attributes": {
              "enabled": true,
              "exp": 2537049600,
              "created": 1695662084,
              "updated": 1695662084,
              "recoveryLevel": "CustomizedRecoverable\u002BPurgeable",
              "recoverableDays": 7,
              "exportable": false
            }
          },
          {
            "kid": "https://t713bd8c5610d139b.vault.azure.net/keys/testrsakey11894aa",
            "attributes": {
              "enabled": true,
              "created": 1695667611,
              "updated": 1695667611,
              "recoveryLevel": "CustomizedRecoverable\u002BPurgeable",
              "recoverableDays": 7,
              "exportable": false
            }
          },
          {
            "kid": "https://t713bd8c5610d139b.vault.azure.net/keys/testrsakey58246ec",
            "attributes": {
              "enabled": true,
              "created": 1695655891,
              "updated": 1695655891,
              "recoveryLevel": "CustomizedRecoverable\u002BPurgeable",
              "recoverableDays": 7,
              "exportable": false
            }
          },
          {
            "kid": "https://t713bd8c5610d139b.vault.azure.net/keys/testrsakey64952e3",
            "attributes": {
              "enabled": true,
              "created": 1695662376,
              "updated": 1695662376,
              "recoveryLevel": "CustomizedRecoverable\u002BPurgeable",
              "recoverableDays": 7,
              "exportable": false
            }
          },
          {
            "kid": "https://t713bd8c5610d139b.vault.azure.net/keys/testrsakey996695f",
            "attributes": {
              "enabled": true,
              "created": 1695651410,
              "updated": 1695651410,
              "recoveryLevel": "CustomizedRecoverable\u002BPurgeable",
              "recoverableDays": 7,
              "exportable": false
            }
          },
          {
            "kid": "https://t713bd8c5610d139b.vault.azure.net/keys/testrsakeysignverify01602",
            "attributes": {
              "enabled": true,
              "created": 1695651415,
              "updated": 1695651415,
              "recoveryLevel": "CustomizedRecoverable\u002BPurgeable",
              "recoverableDays": 7,
              "exportable": false
            }
          },
          {
            "kid": "https://t713bd8c5610d139b.vault.azure.net/keys/testrsakeysignverify21303",
            "attributes": {
              "enabled": true,
              "created": 1695667617,
              "updated": 1695667617,
              "recoveryLevel": "CustomizedRecoverable\u002BPurgeable",
              "recoverableDays": 7,
              "exportable": false
            }
          },
          {
            "kid": "https://t713bd8c5610d139b.vault.azure.net/keys/testrsakeysignverify42376",
            "attributes": {
              "enabled": true,
              "created": 1695655895,
              "updated": 1695655895,
              "recoveryLevel": "CustomizedRecoverable\u002BPurgeable",
              "recoverableDays": 7,
              "exportable": false
            }
          },
          {
            "kid": "https://t713bd8c5610d139b.vault.azure.net/keys/testrsakeysignverify47683",
            "attributes": {
              "enabled": true,
              "created": 1695651414,
              "updated": 1695651414,
              "recoveryLevel": "CustomizedRecoverable\u002BPurgeable",
              "recoverableDays": 7,
              "exportable": false
            }
          },
          {
            "kid": "https://t713bd8c5610d139b.vault.azure.net/keys/testrsakeysignverify61340",
            "attributes": {
              "enabled": true,
              "created": 1695655896,
              "updated": 1695655896,
              "recoveryLevel": "CustomizedRecoverable\u002BPurgeable",
              "recoverableDays": 7,
              "exportable": false
            }
          },
          {
            "kid": "https://t713bd8c5610d139b.vault.azure.net/keys/testrsakeysignverify72736",
            "attributes": {
              "enabled": true,
              "created": 1695662383,
              "updated": 1695662383,
              "recoveryLevel": "CustomizedRecoverable\u002BPurgeable",
              "recoverableDays": 7,
              "exportable": false
            }
          },
          {
            "kid": "https://t713bd8c5610d139b.vault.azure.net/keys/testrsakeysignverify93021",
            "attributes": {
              "enabled": true,
              "created": 1695662382,
              "updated": 1695662382,
              "recoveryLevel": "CustomizedRecoverable\u002BPurgeable",
              "recoverableDays": 7,
              "exportable": false
            }
          },
          {
            "kid": "https://t713bd8c5610d139b.vault.azure.net/keys/testrsakeysignverify95384",
            "attributes": {
              "enabled": true,
              "created": 1695667618,
              "updated": 1695667618,
              "recoveryLevel": "CustomizedRecoverable\u002BPurgeable",
              "recoverableDays": 7,
              "exportable": false
            }
          },
          {
            "kid": "https://t713bd8c5610d139b.vault.azure.net/keys/testrsakeywrapunwrap00235",
            "attributes": {
              "enabled": true,
              "created": 1695655893,
              "updated": 1695655893,
              "recoveryLevel": "CustomizedRecoverable\u002BPurgeable",
              "recoverableDays": 7,
              "exportable": false
            }
          },
          {
            "kid": "https://t713bd8c5610d139b.vault.azure.net/keys/testrsakeywrapunwrap11078",
            "attributes": {
              "enabled": true,
              "created": 1695667613,
              "updated": 1695667613,
              "recoveryLevel": "CustomizedRecoverable\u002BPurgeable",
              "recoverableDays": 7,
              "exportable": false
            }
          },
          {
            "kid": "https://t713bd8c5610d139b.vault.azure.net/keys/testrsakeywrapunwrap49264",
            "attributes": {
              "enabled": true,
              "created": 1695662378,
              "updated": 1695662378,
              "recoveryLevel": "CustomizedRecoverable\u002BPurgeable",
              "recoverableDays": 7,
              "exportable": false
            }
          }
        ],
        "nextLink": "https://t713bd8c5610d139b.vault.azure.net:443/keys?api-version=7.4\u0026$skiptoken=eyJOZXh0TWFya2VyIjoiMiExMDAhTURBd01ESTVJV3RsZVM5VVJWTlVVbE5CUzBWWlYxSkJVRlZPVjFKQlVEazJOekV3SVRBd01EQXlPQ0U1T1RrNUxURXlMVE14VkRJek9qVTVPalU1TGprNU9UazVPVGxhSVEtLSIsIlRhcmdldExvY2F0aW9uIjowfQ"
      }
    },
    {
      "RequestUri": "https://REDACTED/keys?api-version=7.4\u0026$skiptoken=eyJOZXh0TWFya2VyIjoiMiExMDAhTURBd01ESTVJV3RsZVM5VVJWTlVVbE5CUzBWWlYxSkJVRlZPVjFKQlVEazJOekV3SVRBd01EQXlPQ0U1T1RrNUxURXlMVE14VkRJek9qVTVPalU1TGprNU9UazVPVGxhSVEtLSIsIlRhcmdldExvY2F0aW9uIjowfQ",
      "RequestMethod": "GET",
      "RequestHeaders": {
        "Accept": "application/json",
        "Authorization": "Sanitized",
        "Content-Length": "0",
        "User-Agent": "azsdk-java-azure-security-keyvault-keys/4.7.0-beta.1 (17.0.7; Windows 11; 10.0)"
      },
      "RequestBody": null,
      "StatusCode": 200,
      "ResponseHeaders": {
        "Cache-Control": "no-cache",
        "Content-Length": "271",
        "Content-Type": "application/json; charset=utf-8",
        "Date": "Mon, 25 Sep 2023 19:08:09 GMT",
        "Expires": "-1",
        "Pragma": "no-cache",
        "Strict-Transport-Security": "max-age=31536000;includeSubDomains",
        "X-Content-Type-Options": "nosniff",
        "x-ms-keyvault-network-info": "conn_type=Ipv4;addr=20.51.128.65;act_addr_fam=InterNetwork;",
        "x-ms-keyvault-region": "westus",
        "x-ms-keyvault-service-version": "1.9.973.1",
        "x-ms-request-id": "65c83beb-6834-4e6b-a7ea-01d5c35fa9ba"
      },
      "ResponseBody": {
        "value": [
          {
            "kid": "https://t713bd8c5610d139b.vault.azure.net/keys/testrsakeywrapunwrap96710",
            "attributes": {
              "enabled": true,
              "created": 1695651411,
              "updated": 1695651411,
              "recoveryLevel": "CustomizedRecoverable\u002BPurgeable",
              "recoverableDays": 7,
              "exportable": false
            }
          }
        ],
        "nextLink": null
      }
    }
  ],
  "Variables": {
    "0": "listkey032354bbb",
    "1": "listkey134248670"
  }
}
