{
  "Entries": [
    {
      "RequestUri": "https://REDACTED/keys/248515b87c784b10a507/create?api-version=7.4",
      "RequestMethod": "POST",
      "RequestHeaders": {
        "Accept": "application/json",
        "Content-Length": "0",
        "Content-Type": "application/json",
        "User-Agent": "azsdk-java-azure-security-keyvault-keys/4.7.0-beta.1 (17.0.7; Windows 11; 10.0)"
      },
      "RequestBody": null,
      "StatusCode": 401,
      "ResponseHeaders": {
        "Cache-Control": "no-cache",
        "Content-Length": "97",
        "Content-Type": "application/json; charset=utf-8",
        "Date": "Mon, 25 Sep 2023 17:16:45 GMT",
        "Expires": "-1",
        "Pragma": "no-cache",
        "Strict-Transport-Security": "max-age=31536000;includeSubDomains",
        "WWW-Authenticate": "Bearer authorization=\u0022https://login.microsoftonline.com/72f988bf-86f1-41af-91ab-2d7cd011db47\u0022, resource=\u0022https://vault.azure.net\u0022",
        "X-Content-Type-Options": "nosniff",
        "x-ms-keyvault-network-info": "conn_type=Ipv4;addr=20.51.128.71;act_addr_fam=InterNetwork;",
        "x-ms-keyvault-region": "westus",
        "x-ms-keyvault-service-version": "1.9.973.1",
        "x-ms-request-id": "7b198cc7-5963-47d6-8e29-4c2e66a5ea2a"
      },
      "ResponseBody": {
        "error": {
          "code": "Unauthorized",
          "message": "AKV10000: Request is missing a Bearer or PoP token."
        }
      }
    },
    {
      "RequestUri": "https://REDACTED/keys/248515b87c784b10a507/create?api-version=7.4",
      "RequestMethod": "POST",
      "RequestHeaders": {
        "Accept": "application/json",
        "Authorization": "Sanitized",
        "Content-Length": "45",
        "Content-Type": "application/json",
        "User-Agent": "azsdk-java-azure-security-keyvault-keys/4.7.0-beta.1 (17.0.7; Windows 11; 10.0)"
      },
      "RequestBody": {
        "kty": "RSA",
        "attributes": {
          "exp": 3799353600
        }
      },
      "StatusCode": 200,
      "ResponseHeaders": {
        "Cache-Control": "no-cache",
        "Content-Length": "738",
        "Content-Type": "application/json; charset=utf-8",
        "Date": "Mon, 25 Sep 2023 17:16:45 GMT",
        "Expires": "-1",
        "Pragma": "no-cache",
        "Strict-Transport-Security": "max-age=31536000;includeSubDomains",
        "X-Content-Type-Options": "nosniff",
        "x-ms-keyvault-network-info": "conn_type=Ipv4;addr=20.51.128.71;act_addr_fam=InterNetwork;",
        "x-ms-keyvault-region": "westus",
        "x-ms-keyvault-service-version": "1.9.973.1",
        "x-ms-request-id": "914ed0fa-d7d8-415a-bbc0-6cce522a08e7"
      },
      "ResponseBody": {
        "key": {
          "kid": "https://t713bd8c5610d139b.vault.azure.net/keys/248515b87c784b10a507/7aa7d32319c04fa195bdbe9d8e7a998f",
          "kty": "RSA",
          "key_ops": [
            "encrypt",
            "decrypt",
            "sign",
            "verify",
            "wrapKey",
            "unwrapKey"
          ],
          "n": "0fePiCE4PbvlyR8RcGLW654DKxHNF7jCQ8lUgILuIJJAqkdOvihgJcytjEB4-w6EUGn-SHi2HNkmPOTKvbW6YVF6_8f4YXOukk5RhKEMostjQ1tjoLOTx00TjZfWN_7kPm5tlE7KT5t_jZTsdjssKKaexIjRlVs6zi5n5pA3cCLXHDpwW7ATDbGYNJPbN1hgayg7uGxUv2wDajaETX0PnOXnN1Nh-8syXiLTrjjD6CNh6nKdPnBpFDvKSxDq40dbKDYfZ5i79keUAzXhHAmbL4CktclkhCMiadc8v47Q1jB1stxFfwe_I7n655CRgQ-aUTDsNhpM2oxfKVxxQNJU1Q",
          "e": "AQAB"
        },
        "attributes": {
          "enabled": true,
          "exp": 3799353600,
          "created": 1695662205,
          "updated": 1695662205,
          "recoveryLevel": "CustomizedRecoverable\u002BPurgeable",
          "recoverableDays": 7,
          "exportable": false
        }
      }
    },
    {
      "RequestUri": "https://REDACTED/keys/a7dbe655d01843629a3e/create?api-version=7.4",
      "RequestMethod": "POST",
      "RequestHeaders": {
        "Accept": "application/json",
        "Authorization": "Sanitized",
        "Content-Length": "45",
        "Content-Type": "application/json",
        "User-Agent": "azsdk-java-azure-security-keyvault-keys/4.7.0-beta.1 (17.0.7; Windows 11; 10.0)"
      },
      "RequestBody": {
        "kty": "RSA",
        "attributes": {
          "exp": 3799353600
        }
      },
      "StatusCode": 200,
      "ResponseHeaders": {
        "Cache-Control": "no-cache",
        "Content-Length": "738",
        "Content-Type": "application/json; charset=utf-8",
        "Date": "Mon, 25 Sep 2023 17:16:45 GMT",
        "Expires": "-1",
        "Pragma": "no-cache",
        "Strict-Transport-Security": "max-age=31536000;includeSubDomains",
        "X-Content-Type-Options": "nosniff",
        "x-ms-keyvault-network-info": "conn_type=Ipv4;addr=20.51.128.71;act_addr_fam=InterNetwork;",
        "x-ms-keyvault-region": "westus",
        "x-ms-keyvault-service-version": "1.9.973.1",
        "x-ms-request-id": "217f4307-82a1-4eb9-b1c2-75f791e411a7"
      },
      "ResponseBody": {
        "key": {
          "kid": "https://t713bd8c5610d139b.vault.azure.net/keys/a7dbe655d01843629a3e/407eedbcb45144db911aa3bde53d9d09",
          "kty": "RSA",
          "key_ops": [
            "encrypt",
            "decrypt",
            "sign",
            "verify",
            "wrapKey",
            "unwrapKey"
          ],
          "n": "0EfkbaVEE5FrhZJ14GY-odOElzgNdCa2AOcjI-R7XNiGov1w0QRocVDhySDVH26_bMR7CGlVt2GH6JIxTS1d8EI8gK580R7bg8snXvxoCe2izBi5bzLKRy_wTH8flt5o4JQ7_fU8hp_0BzcBQLeFO1hbHOrqREZIK6IVwS44j8KS-N33DSQJftTRaFdMJSNuKwQccb8t6GAe0BRmSgRUn06Rb0t1QDaG1D0JdD7Y0oBgOO0TQa8HUjfQjxcc--NrHQ7Lo7tIR4KP9ErwQbwEIB9sPyX9IzEaBKOy2BsDT505KCfzM4Z72KpkbKi7fmyBUJnc7hF295BOUn2Nd0Qt_Q",
          "e": "AQAB"
        },
        "attributes": {
          "enabled": true,
          "exp": 3799353600,
          "created": 1695662205,
          "updated": 1695662205,
          "recoveryLevel": "CustomizedRecoverable\u002BPurgeable",
          "recoverableDays": 7,
          "exportable": false
        }
      }
    },
    {
      "RequestUri": "https://REDACTED/keys/43d9312c9c154906857d/create?api-version=7.4",
      "RequestMethod": "POST",
      "RequestHeaders": {
        "Accept": "application/json",
        "Authorization": "Sanitized",
        "Content-Length": "45",
        "Content-Type": "application/json",
        "User-Agent": "azsdk-java-azure-security-keyvault-keys/4.7.0-beta.1 (17.0.7; Windows 11; 10.0)"
      },
      "RequestBody": {
        "kty": "RSA",
        "attributes": {
          "exp": 3799353600
        }
      },
      "StatusCode": 200,
      "ResponseHeaders": {
        "Cache-Control": "no-cache",
        "Content-Length": "738",
        "Content-Type": "application/json; charset=utf-8",
        "Date": "Mon, 25 Sep 2023 17:16:46 GMT",
        "Expires": "-1",
        "Pragma": "no-cache",
        "Strict-Transport-Security": "max-age=31536000;includeSubDomains",
        "X-Content-Type-Options": "nosniff",
        "x-ms-keyvault-network-info": "conn_type=Ipv4;addr=20.51.128.71;act_addr_fam=InterNetwork;",
        "x-ms-keyvault-region": "westus",
        "x-ms-keyvault-service-version": "1.9.973.1",
        "x-ms-request-id": "2c7a25cd-0640-44d2-ba42-592e67877dc0"
      },
      "ResponseBody": {
        "key": {
          "kid": "https://t713bd8c5610d139b.vault.azure.net/keys/43d9312c9c154906857d/fd522d43b12a452ea4b293749a82318c",
          "kty": "RSA",
          "key_ops": [
            "encrypt",
            "decrypt",
            "sign",
            "verify",
            "wrapKey",
            "unwrapKey"
          ],
          "n": "umpsgiIre9WvSIngbyLzh_AsX0F21s4DKHGsODVKatI9O65BskHqc8fr7YggQK1k4N0SRvbwTOCqk3gpxm0q9k5KooXxn6BxsitQI2JYdWcVuWvkUakia35_LSEfKOMogCkgvW1or7PGPXwNjvDH6sTWLV10dbllx92BugrmFvml3Ufemaa2zH34AfGXGgOzqkECu0ee6F0z33DHbpAz0Kxl2aQGmZ50SYozpe3TDHGknR9peG6RVUR1-Sz7Qa9RRgvLeBoSGfk9V2OB8-mUwDdZioHbcmZOCDYlXfCoZCHamwOEURmE18ckkeSl6FPe4zMQiS13inRmzTWRoGavzQ",
          "e": "AQAB"
        },
        "attributes": {
          "enabled": true,
          "exp": 3799353600,
          "created": 1695662205,
          "updated": 1695662205,
          "recoveryLevel": "CustomizedRecoverable\u002BPurgeable",
          "recoverableDays": 7,
          "exportable": false
        }
      }
    },
    {
      "RequestUri": "https://REDACTED/keys/248515b87c784b10a507?api-version=7.4",
      "RequestMethod": "DELETE",
      "RequestHeaders": {
        "Accept": "application/json",
        "Authorization": "Sanitized",
        "Content-Length": "0",
        "User-Agent": "azsdk-java-azure-security-keyvault-keys/4.7.0-beta.1 (17.0.7; Windows 11; 10.0)"
      },
      "RequestBody": null,
      "StatusCode": 200,
      "ResponseHeaders": {
        "Cache-Control": "no-cache",
        "Content-Length": "885",
        "Content-Type": "application/json; charset=utf-8",
        "Date": "Mon, 25 Sep 2023 17:16:46 GMT",
        "Expires": "-1",
        "Pragma": "no-cache",
        "Strict-Transport-Security": "max-age=31536000;includeSubDomains",
        "X-Content-Type-Options": "nosniff",
        "x-ms-keyvault-network-info": "conn_type=Ipv4;addr=20.51.128.71;act_addr_fam=InterNetwork;",
        "x-ms-keyvault-region": "westus",
        "x-ms-keyvault-service-version": "1.9.973.1",
        "x-ms-request-id": "46487c6f-9e04-40b2-a41a-cbedbe6fc960"
      },
      "ResponseBody": {
        "recoveryId": "https://t713bd8c5610d139b.vault.azure.net/deletedkeys/248515b87c784b10a507",
        "deletedDate": 1695662206,
        "scheduledPurgeDate": 1696267006,
        "key": {
          "kid": "https://t713bd8c5610d139b.vault.azure.net/keys/248515b87c784b10a507/7aa7d32319c04fa195bdbe9d8e7a998f",
          "kty": "RSA",
          "key_ops": [
            "encrypt",
            "decrypt",
            "sign",
            "verify",
            "wrapKey",
            "unwrapKey"
          ],
          "n": "0fePiCE4PbvlyR8RcGLW654DKxHNF7jCQ8lUgILuIJJAqkdOvihgJcytjEB4-w6EUGn-SHi2HNkmPOTKvbW6YVF6_8f4YXOukk5RhKEMostjQ1tjoLOTx00TjZfWN_7kPm5tlE7KT5t_jZTsdjssKKaexIjRlVs6zi5n5pA3cCLXHDpwW7ATDbGYNJPbN1hgayg7uGxUv2wDajaETX0PnOXnN1Nh-8syXiLTrjjD6CNh6nKdPnBpFDvKSxDq40dbKDYfZ5i79keUAzXhHAmbL4CktclkhCMiadc8v47Q1jB1stxFfwe_I7n655CRgQ-aUTDsNhpM2oxfKVxxQNJU1Q",
          "e": "AQAB"
        },
        "attributes": {
          "enabled": true,
          "exp": 3799353600,
          "created": 1695662205,
          "updated": 1695662205,
          "recoveryLevel": "CustomizedRecoverable\u002BPurgeable",
          "recoverableDays": 7,
          "exportable": false
        }
      }
    },
    {
      "RequestUri": "https://REDACTED/deletedkeys/248515b87c784b10a507?api-version=7.4",
      "RequestMethod": "GET",
      "RequestHeaders": {
        "Accept": "application/json",
        "Authorization": "Sanitized",
        "Content-Length": "0",
        "User-Agent": "azsdk-java-azure-security-keyvault-keys/4.7.0-beta.1 (17.0.7; Windows 11; 10.0)"
      },
      "RequestBody": null,
      "StatusCode": 404,
      "ResponseHeaders": {
        "Cache-Control": "no-cache",
        "Content-Length": "88",
        "Content-Type": "application/json; charset=utf-8",
        "Date": "Mon, 25 Sep 2023 17:16:46 GMT",
        "Expires": "-1",
        "Pragma": "no-cache",
        "Strict-Transport-Security": "max-age=31536000;includeSubDomains",
        "X-Content-Type-Options": "nosniff",
        "x-ms-keyvault-network-info": "conn_type=Ipv4;addr=20.51.128.71;act_addr_fam=InterNetwork;",
        "x-ms-keyvault-region": "westus",
        "x-ms-keyvault-service-version": "1.9.973.1",
        "x-ms-request-id": "ddb01e8a-4b24-4fe1-b68f-1e801162c85c"
      },
      "ResponseBody": {
        "error": {
          "code": "KeyNotFound",
          "message": "Deleted Key not found: 248515b87c784b10a507"
        }
      }
    },
    {
      "RequestUri": "https://REDACTED/deletedkeys/248515b87c784b10a507?api-version=7.4",
      "RequestMethod": "GET",
      "RequestHeaders": {
        "Accept": "application/json",
        "Authorization": "Sanitized",
        "Content-Length": "0",
        "User-Agent": "azsdk-java-azure-security-keyvault-keys/4.7.0-beta.1 (17.0.7; Windows 11; 10.0)"
      },
      "RequestBody": null,
      "StatusCode": 200,
      "ResponseHeaders": {
        "Cache-Control": "no-cache",
        "Content-Length": "885",
        "Content-Type": "application/json; charset=utf-8",
        "Date": "Mon, 25 Sep 2023 17:16:47 GMT",
        "Expires": "-1",
        "Pragma": "no-cache",
        "Strict-Transport-Security": "max-age=31536000;includeSubDomains",
        "X-Content-Type-Options": "nosniff",
        "x-ms-keyvault-network-info": "conn_type=Ipv4;addr=20.51.128.71;act_addr_fam=InterNetwork;",
        "x-ms-keyvault-region": "westus",
        "x-ms-keyvault-service-version": "1.9.973.1",
        "x-ms-request-id": "cf81a2ed-a59f-469e-816a-5117ac7ddfd1"
      },
      "ResponseBody": {
        "recoveryId": "https://t713bd8c5610d139b.vault.azure.net/deletedkeys/248515b87c784b10a507",
        "deletedDate": 1695662206,
        "scheduledPurgeDate": 1696267006,
        "key": {
          "kid": "https://t713bd8c5610d139b.vault.azure.net/keys/248515b87c784b10a507/7aa7d32319c04fa195bdbe9d8e7a998f",
          "kty": "RSA",
          "key_ops": [
            "encrypt",
            "decrypt",
            "sign",
            "verify",
            "wrapKey",
            "unwrapKey"
          ],
          "n": "0fePiCE4PbvlyR8RcGLW654DKxHNF7jCQ8lUgILuIJJAqkdOvihgJcytjEB4-w6EUGn-SHi2HNkmPOTKvbW6YVF6_8f4YXOukk5RhKEMostjQ1tjoLOTx00TjZfWN_7kPm5tlE7KT5t_jZTsdjssKKaexIjRlVs6zi5n5pA3cCLXHDpwW7ATDbGYNJPbN1hgayg7uGxUv2wDajaETX0PnOXnN1Nh-8syXiLTrjjD6CNh6nKdPnBpFDvKSxDq40dbKDYfZ5i79keUAzXhHAmbL4CktclkhCMiadc8v47Q1jB1stxFfwe_I7n655CRgQ-aUTDsNhpM2oxfKVxxQNJU1Q",
          "e": "AQAB"
        },
        "attributes": {
          "enabled": true,
          "exp": 3799353600,
          "created": 1695662205,
          "updated": 1695662205,
          "recoveryLevel": "CustomizedRecoverable\u002BPurgeable",
          "recoverableDays": 7,
          "exportable": false
        }
      }
    },
    {
      "RequestUri": "https://REDACTED/keys/a7dbe655d01843629a3e?api-version=7.4",
      "RequestMethod": "DELETE",
      "RequestHeaders": {
        "Accept": "application/json",
        "Authorization": "Sanitized",
        "Content-Length": "0",
        "User-Agent": "azsdk-java-azure-security-keyvault-keys/4.7.0-beta.1 (17.0.7; Windows 11; 10.0)"
      },
      "RequestBody": null,
      "StatusCode": 200,
      "ResponseHeaders": {
        "Cache-Control": "no-cache",
        "Content-Length": "885",
        "Content-Type": "application/json; charset=utf-8",
        "Date": "Mon, 25 Sep 2023 17:16:47 GMT",
        "Expires": "-1",
        "Pragma": "no-cache",
        "Strict-Transport-Security": "max-age=31536000;includeSubDomains",
        "X-Content-Type-Options": "nosniff",
        "x-ms-keyvault-network-info": "conn_type=Ipv4;addr=20.51.128.71;act_addr_fam=InterNetwork;",
        "x-ms-keyvault-region": "westus",
        "x-ms-keyvault-service-version": "1.9.973.1",
        "x-ms-request-id": "6b0fca9f-a6b7-487b-9897-e08c4506fee5"
      },
      "ResponseBody": {
        "recoveryId": "https://t713bd8c5610d139b.vault.azure.net/deletedkeys/a7dbe655d01843629a3e",
        "deletedDate": 1695662207,
        "scheduledPurgeDate": 1696267007,
        "key": {
          "kid": "https://t713bd8c5610d139b.vault.azure.net/keys/a7dbe655d01843629a3e/407eedbcb45144db911aa3bde53d9d09",
          "kty": "RSA",
          "key_ops": [
            "encrypt",
            "decrypt",
            "sign",
            "verify",
            "wrapKey",
            "unwrapKey"
          ],
          "n": "0EfkbaVEE5FrhZJ14GY-odOElzgNdCa2AOcjI-R7XNiGov1w0QRocVDhySDVH26_bMR7CGlVt2GH6JIxTS1d8EI8gK580R7bg8snXvxoCe2izBi5bzLKRy_wTH8flt5o4JQ7_fU8hp_0BzcBQLeFO1hbHOrqREZIK6IVwS44j8KS-N33DSQJftTRaFdMJSNuKwQccb8t6GAe0BRmSgRUn06Rb0t1QDaG1D0JdD7Y0oBgOO0TQa8HUjfQjxcc--NrHQ7Lo7tIR4KP9ErwQbwEIB9sPyX9IzEaBKOy2BsDT505KCfzM4Z72KpkbKi7fmyBUJnc7hF295BOUn2Nd0Qt_Q",
          "e": "AQAB"
        },
        "attributes": {
          "enabled": true,
          "exp": 3799353600,
          "created": 1695662205,
          "updated": 1695662205,
          "recoveryLevel": "CustomizedRecoverable\u002BPurgeable",
          "recoverableDays": 7,
          "exportable": false
        }
      }
    },
    {
      "RequestUri": "https://REDACTED/deletedkeys/a7dbe655d01843629a3e?api-version=7.4",
      "RequestMethod": "GET",
      "RequestHeaders": {
        "Accept": "application/json",
        "Authorization": "Sanitized",
        "Content-Length": "0",
        "User-Agent": "azsdk-java-azure-security-keyvault-keys/4.7.0-beta.1 (17.0.7; Windows 11; 10.0)"
      },
      "RequestBody": null,
      "StatusCode": 404,
      "ResponseHeaders": {
        "Cache-Control": "no-cache",
        "Content-Length": "88",
        "Content-Type": "application/json; charset=utf-8",
        "Date": "Mon, 25 Sep 2023 17:16:47 GMT",
        "Expires": "-1",
        "Pragma": "no-cache",
        "Strict-Transport-Security": "max-age=31536000;includeSubDomains",
        "X-Content-Type-Options": "nosniff",
        "x-ms-keyvault-network-info": "conn_type=Ipv4;addr=20.51.128.71;act_addr_fam=InterNetwork;",
        "x-ms-keyvault-region": "westus",
        "x-ms-keyvault-service-version": "1.9.973.1",
        "x-ms-request-id": "7c6013b6-301a-4227-9455-75c9e60b253e"
      },
      "ResponseBody": {
        "error": {
          "code": "KeyNotFound",
          "message": "Deleted Key not found: a7dbe655d01843629a3e"
        }
      }
    },
    {
      "RequestUri": "https://REDACTED/deletedkeys/a7dbe655d01843629a3e?api-version=7.4",
      "RequestMethod": "GET",
      "RequestHeaders": {
        "Accept": "application/json",
        "Authorization": "Sanitized",
        "Content-Length": "0",
        "User-Agent": "azsdk-java-azure-security-keyvault-keys/4.7.0-beta.1 (17.0.7; Windows 11; 10.0)"
      },
      "RequestBody": null,
      "StatusCode": 200,
      "ResponseHeaders": {
        "Cache-Control": "no-cache",
        "Content-Length": "885",
        "Content-Type": "application/json; charset=utf-8",
        "Date": "Mon, 25 Sep 2023 17:16:48 GMT",
        "Expires": "-1",
        "Pragma": "no-cache",
        "Strict-Transport-Security": "max-age=31536000;includeSubDomains",
        "X-Content-Type-Options": "nosniff",
        "x-ms-keyvault-network-info": "conn_type=Ipv4;addr=20.51.128.71;act_addr_fam=InterNetwork;",
        "x-ms-keyvault-region": "westus",
        "x-ms-keyvault-service-version": "1.9.973.1",
        "x-ms-request-id": "af069101-8a10-48a1-bd35-d07a5a50caa8"
      },
      "ResponseBody": {
        "recoveryId": "https://t713bd8c5610d139b.vault.azure.net/deletedkeys/a7dbe655d01843629a3e",
        "deletedDate": 1695662207,
        "scheduledPurgeDate": 1696267007,
        "key": {
          "kid": "https://t713bd8c5610d139b.vault.azure.net/keys/a7dbe655d01843629a3e/407eedbcb45144db911aa3bde53d9d09",
          "kty": "RSA",
          "key_ops": [
            "encrypt",
            "decrypt",
            "sign",
            "verify",
            "wrapKey",
            "unwrapKey"
          ],
          "n": "0EfkbaVEE5FrhZJ14GY-odOElzgNdCa2AOcjI-R7XNiGov1w0QRocVDhySDVH26_bMR7CGlVt2GH6JIxTS1d8EI8gK580R7bg8snXvxoCe2izBi5bzLKRy_wTH8flt5o4JQ7_fU8hp_0BzcBQLeFO1hbHOrqREZIK6IVwS44j8KS-N33DSQJftTRaFdMJSNuKwQccb8t6GAe0BRmSgRUn06Rb0t1QDaG1D0JdD7Y0oBgOO0TQa8HUjfQjxcc--NrHQ7Lo7tIR4KP9ErwQbwEIB9sPyX9IzEaBKOy2BsDT505KCfzM4Z72KpkbKi7fmyBUJnc7hF295BOUn2Nd0Qt_Q",
          "e": "AQAB"
        },
        "attributes": {
          "enabled": true,
          "exp": 3799353600,
          "created": 1695662205,
          "updated": 1695662205,
          "recoveryLevel": "CustomizedRecoverable\u002BPurgeable",
          "recoverableDays": 7,
          "exportable": false
        }
      }
    },
    {
      "RequestUri": "https://REDACTED/keys/43d9312c9c154906857d?api-version=7.4",
      "RequestMethod": "DELETE",
      "RequestHeaders": {
        "Accept": "application/json",
        "Authorization": "Sanitized",
        "Content-Length": "0",
        "User-Agent": "azsdk-java-azure-security-keyvault-keys/4.7.0-beta.1 (17.0.7; Windows 11; 10.0)"
      },
      "RequestBody": null,
      "StatusCode": 200,
      "ResponseHeaders": {
        "Cache-Control": "no-cache",
        "Content-Length": "885",
        "Content-Type": "application/json; charset=utf-8",
        "Date": "Mon, 25 Sep 2023 17:16:48 GMT",
        "Expires": "-1",
        "Pragma": "no-cache",
        "Strict-Transport-Security": "max-age=31536000;includeSubDomains",
        "X-Content-Type-Options": "nosniff",
        "x-ms-keyvault-network-info": "conn_type=Ipv4;addr=20.51.128.71;act_addr_fam=InterNetwork;",
        "x-ms-keyvault-region": "westus",
        "x-ms-keyvault-service-version": "1.9.973.1",
        "x-ms-request-id": "1b9aef8b-39c0-4d09-a45d-919531d1df6a"
      },
      "ResponseBody": {
        "recoveryId": "https://t713bd8c5610d139b.vault.azure.net/deletedkeys/43d9312c9c154906857d",
        "deletedDate": 1695662208,
        "scheduledPurgeDate": 1696267008,
        "key": {
          "kid": "https://t713bd8c5610d139b.vault.azure.net/keys/43d9312c9c154906857d/fd522d43b12a452ea4b293749a82318c",
          "kty": "RSA",
          "key_ops": [
            "encrypt",
            "decrypt",
            "sign",
            "verify",
            "wrapKey",
            "unwrapKey"
          ],
          "n": "umpsgiIre9WvSIngbyLzh_AsX0F21s4DKHGsODVKatI9O65BskHqc8fr7YggQK1k4N0SRvbwTOCqk3gpxm0q9k5KooXxn6BxsitQI2JYdWcVuWvkUakia35_LSEfKOMogCkgvW1or7PGPXwNjvDH6sTWLV10dbllx92BugrmFvml3Ufemaa2zH34AfGXGgOzqkECu0ee6F0z33DHbpAz0Kxl2aQGmZ50SYozpe3TDHGknR9peG6RVUR1-Sz7Qa9RRgvLeBoSGfk9V2OB8-mUwDdZioHbcmZOCDYlXfCoZCHamwOEURmE18ckkeSl6FPe4zMQiS13inRmzTWRoGavzQ",
          "e": "AQAB"
        },
        "attributes": {
          "enabled": true,
          "exp": 3799353600,
          "created": 1695662205,
          "updated": 1695662205,
          "recoveryLevel": "CustomizedRecoverable\u002BPurgeable",
          "recoverableDays": 7,
          "exportable": false
        }
      }
    },
    {
      "RequestUri": "https://REDACTED/deletedkeys/43d9312c9c154906857d?api-version=7.4",
      "RequestMethod": "GET",
      "RequestHeaders": {
        "Accept": "application/json",
        "Authorization": "Sanitized",
        "Content-Length": "0",
        "User-Agent": "azsdk-java-azure-security-keyvault-keys/4.7.0-beta.1 (17.0.7; Windows 11; 10.0)"
      },
      "RequestBody": null,
      "StatusCode": 404,
      "ResponseHeaders": {
        "Cache-Control": "no-cache",
        "Content-Length": "88",
        "Content-Type": "application/json; charset=utf-8",
        "Date": "Mon, 25 Sep 2023 17:16:48 GMT",
        "Expires": "-1",
        "Pragma": "no-cache",
        "Strict-Transport-Security": "max-age=31536000;includeSubDomains",
        "X-Content-Type-Options": "nosniff",
        "x-ms-keyvault-network-info": "conn_type=Ipv4;addr=20.51.128.71;act_addr_fam=InterNetwork;",
        "x-ms-keyvault-region": "westus",
        "x-ms-keyvault-service-version": "1.9.973.1",
        "x-ms-request-id": "c5c270b9-7a0e-4fe3-a651-8e5ca701ea6d"
      },
      "ResponseBody": {
        "error": {
          "code": "KeyNotFound",
          "message": "Deleted Key not found: 43d9312c9c154906857d"
        }
      }
    },
    {
      "RequestUri": "https://REDACTED/deletedkeys/43d9312c9c154906857d?api-version=7.4",
      "RequestMethod": "GET",
      "RequestHeaders": {
        "Accept": "application/json",
        "Authorization": "Sanitized",
        "Content-Length": "0",
        "User-Agent": "azsdk-java-azure-security-keyvault-keys/4.7.0-beta.1 (17.0.7; Windows 11; 10.0)"
      },
      "RequestBody": null,
      "StatusCode": 200,
      "ResponseHeaders": {
        "Cache-Control": "no-cache",
        "Content-Length": "885",
        "Content-Type": "application/json; charset=utf-8",
        "Date": "Mon, 25 Sep 2023 17:16:49 GMT",
        "Expires": "-1",
        "Pragma": "no-cache",
        "Strict-Transport-Security": "max-age=31536000;includeSubDomains",
        "X-Content-Type-Options": "nosniff",
        "x-ms-keyvault-network-info": "conn_type=Ipv4;addr=20.51.128.71;act_addr_fam=InterNetwork;",
        "x-ms-keyvault-region": "westus",
        "x-ms-keyvault-service-version": "1.9.973.1",
        "x-ms-request-id": "6afd16f4-3034-435f-9c4f-34c01246ebb7"
      },
      "ResponseBody": {
        "recoveryId": "https://t713bd8c5610d139b.vault.azure.net/deletedkeys/43d9312c9c154906857d",
        "deletedDate": 1695662208,
        "scheduledPurgeDate": 1696267008,
        "key": {
          "kid": "https://t713bd8c5610d139b.vault.azure.net/keys/43d9312c9c154906857d/fd522d43b12a452ea4b293749a82318c",
          "kty": "RSA",
          "key_ops": [
            "encrypt",
            "decrypt",
            "sign",
            "verify",
            "wrapKey",
            "unwrapKey"
          ],
          "n": "umpsgiIre9WvSIngbyLzh_AsX0F21s4DKHGsODVKatI9O65BskHqc8fr7YggQK1k4N0SRvbwTOCqk3gpxm0q9k5KooXxn6BxsitQI2JYdWcVuWvkUakia35_LSEfKOMogCkgvW1or7PGPXwNjvDH6sTWLV10dbllx92BugrmFvml3Ufemaa2zH34AfGXGgOzqkECu0ee6F0z33DHbpAz0Kxl2aQGmZ50SYozpe3TDHGknR9peG6RVUR1-Sz7Qa9RRgvLeBoSGfk9V2OB8-mUwDdZioHbcmZOCDYlXfCoZCHamwOEURmE18ckkeSl6FPe4zMQiS13inRmzTWRoGavzQ",
          "e": "AQAB"
        },
        "attributes": {
          "enabled": true,
          "exp": 3799353600,
          "created": 1695662205,
          "updated": 1695662205,
          "recoveryLevel": "CustomizedRecoverable\u002BPurgeable",
          "recoverableDays": 7,
          "exportable": false
        }
      }
    },
    {
      "RequestUri": "https://REDACTED/deletedkeys?api-version=7.4",
      "RequestMethod": "GET",
      "RequestHeaders": {
        "Accept": "application/json",
        "Authorization": "Sanitized",
        "Content-Length": "0",
        "User-Agent": "azsdk-java-azure-security-keyvault-keys/4.7.0-beta.1 (17.0.7; Windows 11; 10.0)"
      },
      "RequestBody": null,
      "StatusCode": 200,
      "ResponseHeaders": {
        "Cache-Control": "no-cache",
        "Content-Length": "5587",
        "Content-Type": "application/json; charset=utf-8",
        "Date": "Mon, 25 Sep 2023 17:18:19 GMT",
        "Expires": "-1",
        "Pragma": "no-cache",
        "Strict-Transport-Security": "max-age=31536000;includeSubDomains",
        "X-Content-Type-Options": "nosniff",
        "x-ms-keyvault-network-info": "conn_type=Ipv4;addr=20.51.128.76;act_addr_fam=InterNetwork;",
        "x-ms-keyvault-region": "westus",
        "x-ms-keyvault-service-version": "1.9.973.1",
        "x-ms-request-id": "1a50802a-76a9-4a3c-a168-273af91cbde8"
      },
      "ResponseBody": {
        "value": [
          {
            "recoveryId": "https://t713bd8c5610d139b.vault.azure.net/deletedkeys/04de00301cfb42a6af8d",
            "deletedDate": 1695655457,
            "scheduledPurgeDate": 1696260257,
            "kid": "https://t713bd8c5610d139b.vault.azure.net/keys/04de00301cfb42a6af8d",
            "attributes": {
              "enabled": true,
              "exp": 3799353600,
              "created": 1695655444,
              "updated": 1695655444,
              "recoveryLevel": "CustomizedRecoverable\u002BPurgeable",
              "recoverableDays": 7,
              "exportable": false
            }
          },
          {
            "recoveryId": "https://t713bd8c5610d139b.vault.azure.net/deletedkeys/0839f56d1e264fdc8022",
            "deletedDate": 1695655720,
            "scheduledPurgeDate": 1696260520,
            "kid": "https://t713bd8c5610d139b.vault.azure.net/keys/0839f56d1e264fdc8022",
            "attributes": {
              "enabled": true,
              "exp": 3799353600,
              "created": 1695655720,
              "updated": 1695655720,
              "recoveryLevel": "CustomizedRecoverable\u002BPurgeable",
              "recoverableDays": 7,
              "exportable": false
            }
          },
          {
            "recoveryId": "https://t713bd8c5610d139b.vault.azure.net/deletedkeys/157539953a834e7ca8cf",
            "deletedDate": 1695650976,
            "scheduledPurgeDate": 1696255776,
            "kid": "https://t713bd8c5610d139b.vault.azure.net/keys/157539953a834e7ca8cf",
            "attributes": {
              "enabled": true,
              "exp": 3799353600,
              "created": 1695650963,
              "updated": 1695650963,
              "recoveryLevel": "CustomizedRecoverable\u002BPurgeable",
              "recoverableDays": 7,
              "exportable": false
            }
          },
          {
            "recoveryId": "https://t713bd8c5610d139b.vault.azure.net/deletedkeys/17cf82028dc14935abda",
            "deletedDate": 1695651243,
            "scheduledPurgeDate": 1696256043,
            "kid": "https://t713bd8c5610d139b.vault.azure.net/keys/17cf82028dc14935abda",
            "attributes": {
              "enabled": true,
              "exp": 3799353600,
              "created": 1695651241,
              "updated": 1695651241,
              "recoveryLevel": "CustomizedRecoverable\u002BPurgeable",
              "recoverableDays": 7,
              "exportable": false
            }
          },
          {
            "recoveryId": "https://t713bd8c5610d139b.vault.azure.net/deletedkeys/248515b87c784b10a507",
            "deletedDate": 1695662206,
            "scheduledPurgeDate": 1696267006,
            "kid": "https://t713bd8c5610d139b.vault.azure.net/keys/248515b87c784b10a507",
            "attributes": {
              "enabled": true,
              "exp": 3799353600,
              "created": 1695662205,
              "updated": 1695662205,
              "recoveryLevel": "CustomizedRecoverable\u002BPurgeable",
              "recoverableDays": 7,
              "exportable": false
            }
          },
          {
            "recoveryId": "https://t713bd8c5610d139b.vault.azure.net/deletedkeys/2fde5a1bee8f41498d97",
            "deletedDate": 1695661937,
            "scheduledPurgeDate": 1696266737,
            "kid": "https://t713bd8c5610d139b.vault.azure.net/keys/2fde5a1bee8f41498d97",
            "attributes": {
              "enabled": true,
              "exp": 3799353600,
              "created": 1695661925,
              "updated": 1695661925,
              "recoveryLevel": "CustomizedRecoverable\u002BPurgeable",
              "recoverableDays": 7,
              "exportable": false
            }
          },
          {
            "recoveryId": "https://t713bd8c5610d139b.vault.azure.net/deletedkeys/43d9312c9c154906857d",
            "deletedDate": 1695662208,
            "scheduledPurgeDate": 1696267008,
            "kid": "https://t713bd8c5610d139b.vault.azure.net/keys/43d9312c9c154906857d",
            "attributes": {
              "enabled": true,
              "exp": 3799353600,
              "created": 1695662205,
              "updated": 1695662205,
              "recoveryLevel": "CustomizedRecoverable\u002BPurgeable",
              "recoverableDays": 7,
              "exportable": false
            }
          },
          {
            "recoveryId": "https://t713bd8c5610d139b.vault.azure.net/deletedkeys/849d982b66a64009acff",
            "deletedDate": 1695655723,
            "scheduledPurgeDate": 1696260523,
            "kid": "https://t713bd8c5610d139b.vault.azure.net/keys/849d982b66a64009acff",
            "attributes": {
              "enabled": true,
              "exp": 3799353600,
              "created": 1695655720,
              "updated": 1695655720,
              "recoveryLevel": "CustomizedRecoverable\u002BPurgeable",
              "recoverableDays": 7,
              "exportable": false
            }
          },
          {
            "recoveryId": "https://t713bd8c5610d139b.vault.azure.net/deletedkeys/8b382068e196430dbc0d",
            "deletedDate": 1695655456,
            "scheduledPurgeDate": 1696260256,
            "kid": "https://t713bd8c5610d139b.vault.azure.net/keys/8b382068e196430dbc0d",
            "attributes": {
              "enabled": true,
              "exp": 3799353600,
              "created": 1695655444,
              "updated": 1695655444,
              "recoveryLevel": "CustomizedRecoverable\u002BPurgeable",
              "recoverableDays": 7,
              "exportable": false
            }
          },
          {
            "recoveryId": "https://t713bd8c5610d139b.vault.azure.net/deletedkeys/8e4d2aaf026343f78ebb",
            "deletedDate": 1695651241,
            "scheduledPurgeDate": 1696256041,
            "kid": "https://t713bd8c5610d139b.vault.azure.net/keys/8e4d2aaf026343f78ebb",
            "attributes": {
              "enabled": true,
              "exp": 3799353600,
              "created": 1695651241,
              "updated": 1695651241,
              "recoveryLevel": "CustomizedRecoverable\u002BPurgeable",
              "recoverableDays": 7,
              "exportable": false
            }
          },
          {
            "recoveryId": "https://t713bd8c5610d139b.vault.azure.net/deletedkeys/970959cf4dad4233b60e",
            "deletedDate": 1695655455,
            "scheduledPurgeDate": 1696260255,
            "kid": "https://t713bd8c5610d139b.vault.azure.net/keys/970959cf4dad4233b60e",
            "attributes": {
              "enabled": true,
              "exp": 3799353600,
              "created": 1695655444,
              "updated": 1695655444,
              "recoveryLevel": "CustomizedRecoverable\u002BPurgeable",
              "recoverableDays": 7,
              "exportable": false
            }
          },
          {
            "recoveryId": "https://t713bd8c5610d139b.vault.azure.net/deletedkeys/a7dbe655d01843629a3e",
            "deletedDate": 1695662207,
            "scheduledPurgeDate": 1696267007,
            "kid": "https://t713bd8c5610d139b.vault.azure.net/keys/a7dbe655d01843629a3e",
            "attributes": {
              "enabled": true,
              "exp": 3799353600,
              "created": 1695662205,
              "updated": 1695662205,
              "recoveryLevel": "CustomizedRecoverable\u002BPurgeable",
              "recoverableDays": 7,
              "exportable": false
            }
          },
          {
            "recoveryId": "https://t713bd8c5610d139b.vault.azure.net/deletedkeys/aecdca79aaff4822b268",
            "deletedDate": 1695661938,
            "scheduledPurgeDate": 1696266738,
            "kid": "https://t713bd8c5610d139b.vault.azure.net/keys/aecdca79aaff4822b268",
            "attributes": {
              "enabled": true,
              "exp": 3799353600,
              "created": 1695661926,
              "updated": 1695661926,
              "recoveryLevel": "CustomizedRecoverable\u002BPurgeable",
              "recoverableDays": 7,
              "exportable": false
            }
          }
        ],
        "nextLink": "https://t713bd8c5610d139b.vault.azure.net:443/deletedkeys?api-version=7.4\u0026$skiptoken=eyJOZXh0TWFya2VyIjoiMiExMzYhTURBd01EVTNJV3RsZVM5QlJVTkVRMEUzT1VGQlJrWTBPREl5UWpJMk9DODJNME01TWpFMFJqQXpSRVUwUVRsR09FVXlORGxDTWtFeU1FUTFNVVUyTmlFd01EQXdNamdoT1RrNU9TMHhNaTB6TVZReU16bzFPVG8xT1M0NU9UazVPVGs1V2lFLSIsIlRhcmdldExvY2F0aW9uIjowfQ"
      }
    },
    {
      "RequestUri": "https://REDACTED/deletedkeys?api-version=7.4\u0026$skiptoken=eyJOZXh0TWFya2VyIjoiMiExMzYhTURBd01EVTNJV3RsZVM5QlJVTkVRMEUzT1VGQlJrWTBPREl5UWpJMk9DODJNME01TWpFMFJqQXpSRVUwUVRsR09FVXlORGxDTWtFeU1FUTFNVVUyTmlFd01EQXdNamdoT1RrNU9TMHhNaTB6TVZReU16bzFPVG8xT1M0NU9UazVPVGs1V2lFLSIsIlRhcmdldExvY2F0aW9uIjowfQ",
      "RequestMethod": "GET",
      "RequestHeaders": {
        "Accept": "application/json",
        "Authorization": "Sanitized",
        "Content-Length": "0",
        "User-Agent": "azsdk-java-azure-security-keyvault-keys/4.7.0-beta.1 (17.0.7; Windows 11; 10.0)"
      },
      "RequestBody": null,
      "StatusCode": 200,
      "ResponseHeaders": {
        "Cache-Control": "no-cache",
        "Content-Length": "2297",
        "Content-Type": "application/json; charset=utf-8",
        "Date": "Mon, 25 Sep 2023 17:18:19 GMT",
        "Expires": "-1",
        "Pragma": "no-cache",
        "Strict-Transport-Security": "max-age=31536000;includeSubDomains",
        "X-Content-Type-Options": "nosniff",
        "x-ms-keyvault-network-info": "conn_type=Ipv4;addr=20.51.128.76;act_addr_fam=InterNetwork;",
        "x-ms-keyvault-region": "westus",
        "x-ms-keyvault-service-version": "1.9.973.1",
        "x-ms-request-id": "1bb2072f-756c-494f-b733-df1918167646"
      },
      "ResponseBody": {
        "value": [
          {
            "recoveryId": "https://t713bd8c5610d139b.vault.azure.net/deletedkeys/ba1258a6813545d684ea",
            "deletedDate": 1695650974,
            "scheduledPurgeDate": 1696255774,
            "kid": "https://t713bd8c5610d139b.vault.azure.net/keys/ba1258a6813545d684ea",
            "attributes": {
              "enabled": true,
              "exp": 3799353600,
              "created": 1695650963,
              "updated": 1695650963,
              "recoveryLevel": "CustomizedRecoverable\u002BPurgeable",
              "recoverableDays": 7,
              "exportable": false
            }
          },
          {
            "recoveryId": "https://t713bd8c5610d139b.vault.azure.net/deletedkeys/de82251260034fb79ec3",
            "deletedDate": 1695655724,
            "scheduledPurgeDate": 1696260524,
            "kid": "https://t713bd8c5610d139b.vault.azure.net/keys/de82251260034fb79ec3",
            "attributes": {
              "enabled": true,
              "exp": 3799353600,
              "created": 1695655720,
              "updated": 1695655720,
              "recoveryLevel": "CustomizedRecoverable\u002BPurgeable",
              "recoverableDays": 7,
              "exportable": false
            }
          },
          {
            "recoveryId": "https://t713bd8c5610d139b.vault.azure.net/deletedkeys/e3c6a860d00b4bc8b318",
            "deletedDate": 1695661936,
            "scheduledPurgeDate": 1696266736,
            "kid": "https://t713bd8c5610d139b.vault.azure.net/keys/e3c6a860d00b4bc8b318",
            "attributes": {
              "enabled": true,
              "exp": 3799353600,
              "created": 1695661925,
              "updated": 1695661925,
              "recoveryLevel": "CustomizedRecoverable\u002BPurgeable",
              "recoverableDays": 7,
              "exportable": false
            }
          },
          {
            "recoveryId": "https://t713bd8c5610d139b.vault.azure.net/deletedkeys/e84e9a3fdd9f46e9bbcb",
            "deletedDate": 1695650975,
            "scheduledPurgeDate": 1696255775,
            "kid": "https://t713bd8c5610d139b.vault.azure.net/keys/e84e9a3fdd9f46e9bbcb",
            "attributes": {
              "enabled": true,
              "exp": 3799353600,
              "created": 1695650963,
              "updated": 1695650963,
              "recoveryLevel": "CustomizedRecoverable\u002BPurgeable",
              "recoverableDays": 7,
              "exportable": false
            }
          },
          {
            "recoveryId": "https://t713bd8c5610d139b.vault.azure.net/deletedkeys/f16cb5155d834b96a78e",
            "deletedDate": 1695651244,
            "scheduledPurgeDate": 1696256044,
            "kid": "https://t713bd8c5610d139b.vault.azure.net/keys/f16cb5155d834b96a78e",
            "attributes": {
              "enabled": true,
              "exp": 3799353600,
              "created": 1695651241,
              "updated": 1695651241,
              "recoveryLevel": "CustomizedRecoverable\u002BPurgeable",
              "recoverableDays": 7,
              "exportable": false
            }
          }
        ],
        "nextLink": "https://t713bd8c5610d139b.vault.azure.net:443/deletedkeys?api-version=7.4\u0026$skiptoken=eyJOZXh0TWFya2VyIjoiMiE4OCFNREF3TURJeUlXdGxlUzlLUVZaQlMwVlpWRVZOVURJMU1ETXlSRFVoTURBd01ESTRJVGs1T1RrdE1USXRNekZVTWpNNk5UazZOVGt1T1RrNU9UazVPVm9oIiwiVGFyZ2V0TG9jYXRpb24iOjB9"
      }
    },
    {
      "RequestUri": "https://REDACTED/deletedkeys?api-version=7.4\u0026$skiptoken=eyJOZXh0TWFya2VyIjoiMiE4OCFNREF3TURJeUlXdGxlUzlLUVZaQlMwVlpWRVZOVURJMU1ETXlSRFVoTURBd01ESTRJVGs1T1RrdE1USXRNekZVTWpNNk5UazZOVGt1T1RrNU9UazVPVm9oIiwiVGFyZ2V0TG9jYXRpb24iOjB9",
      "RequestMethod": "GET",
      "RequestHeaders": {
        "Accept": "application/json",
        "Authorization": "Sanitized",
        "Content-Length": "0",
        "User-Agent": "azsdk-java-azure-security-keyvault-keys/4.7.0-beta.1 (17.0.7; Windows 11; 10.0)"
      },
      "RequestBody": null,
      "StatusCode": 200,
      "ResponseHeaders": {
        "Cache-Control": "no-cache",
        "Content-Length": "343",
        "Content-Type": "application/json; charset=utf-8",
        "Date": "Mon, 25 Sep 2023 17:18:20 GMT",
        "Expires": "-1",
        "Pragma": "no-cache",
        "Strict-Transport-Security": "max-age=31536000;includeSubDomains",
        "X-Content-Type-Options": "nosniff",
        "x-ms-keyvault-network-info": "conn_type=Ipv4;addr=20.51.128.76;act_addr_fam=InterNetwork;",
        "x-ms-keyvault-region": "westus",
        "x-ms-keyvault-service-version": "1.9.973.1",
        "x-ms-request-id": "f98201ba-8146-4b81-bee7-6df4b81d7f2f"
      },
      "ResponseBody": {
        "value": [],
        "nextLink": "https://t713bd8c5610d139b.vault.azure.net:443/deletedkeys?api-version=7.4\u0026$skiptoken=eyJOZXh0TWFya2VyIjoiMiExMzIhTURBd01EVTFJV3RsZVM5S1FWWkJTMFZaVkVWTlVEWTFNakF3UlRndk9FWTBOVEExTkRoRU9UbEdORFUxTVRneFFURTNRamM1UkRkRE5ERTBNekFoTURBd01ESTRJVGs1T1RrdE1USXRNekZVTWpNNk5UazZOVGt1T1RrNU9UazVPVm9oIiwiVGFyZ2V0TG9jYXRpb24iOjB9"
      }
    },
    {
      "RequestUri": "https://REDACTED/deletedkeys?api-version=7.4\u0026$skiptoken=eyJOZXh0TWFya2VyIjoiMiExMzIhTURBd01EVTFJV3RsZVM5S1FWWkJTMFZaVkVWTlVEWTFNakF3UlRndk9FWTBOVEExTkRoRU9UbEdORFUxTVRneFFURTNRamM1UkRkRE5ERTBNekFoTURBd01ESTRJVGs1T1RrdE1USXRNekZVTWpNNk5UazZOVGt1T1RrNU9UazVPVm9oIiwiVGFyZ2V0TG9jYXRpb24iOjB9",
      "RequestMethod": "GET",
      "RequestHeaders": {
        "Accept": "application/json",
        "Authorization": "Sanitized",
        "Content-Length": "0",
        "User-Agent": "azsdk-java-azure-security-keyvault-keys/4.7.0-beta.1 (17.0.7; Windows 11; 10.0)"
      },
      "RequestBody": null,
      "StatusCode": 200,
      "ResponseHeaders": {
        "Cache-Control": "no-cache",
        "Content-Length": "283",
        "Content-Type": "application/json; charset=utf-8",
        "Date": "Mon, 25 Sep 2023 17:18:20 GMT",
        "Expires": "-1",
        "Pragma": "no-cache",
        "Strict-Transport-Security": "max-age=31536000;includeSubDomains",
        "X-Content-Type-Options": "nosniff",
        "x-ms-keyvault-network-info": "conn_type=Ipv4;addr=20.51.128.76;act_addr_fam=InterNetwork;",
        "x-ms-keyvault-region": "westus",
        "x-ms-keyvault-service-version": "1.9.973.1",
        "x-ms-request-id": "24f7fc1a-10b8-44c7-8d76-b35481feff8a"
      },
      "ResponseBody": {
        "value": [],
        "nextLink": "https://t713bd8c5610d139b.vault.azure.net:443/deletedkeys?api-version=7.4\u0026$skiptoken=eyJOZXh0TWFya2VyIjoiMiE4OCFNREF3TURJd0lXdGxlUzlNU1ZOVVMwVlpNREV6TURRM05EQXpJVEF3TURBeU9DRTVPVGs1TFRFeUxUTXhWREl6T2pVNU9qVTVMams1T1RrNU9UbGFJUS0tIiwiVGFyZ2V0TG9jYXRpb24iOjB9"
      }
    },
    {
      "RequestUri": "https://REDACTED/deletedkeys?api-version=7.4\u0026$skiptoken=eyJOZXh0TWFya2VyIjoiMiE4OCFNREF3TURJd0lXdGxlUzlNU1ZOVVMwVlpNREV6TURRM05EQXpJVEF3TURBeU9DRTVPVGs1TFRFeUxUTXhWREl6T2pVNU9qVTVMams1T1RrNU9UbGFJUS0tIiwiVGFyZ2V0TG9jYXRpb24iOjB9",
      "RequestMethod": "GET",
      "RequestHeaders": {
        "Accept": "application/json",
        "Authorization": "Sanitized",
        "Content-Length": "0",
        "User-Agent": "azsdk-java-azure-security-keyvault-keys/4.7.0-beta.1 (17.0.7; Windows 11; 10.0)"
      },
      "RequestBody": null,
      "StatusCode": 200,
      "ResponseHeaders": {
        "Cache-Control": "no-cache",
        "Content-Length": "349",
        "Content-Type": "application/json; charset=utf-8",
        "Date": "Mon, 25 Sep 2023 17:18:20 GMT",
        "Expires": "-1",
        "Pragma": "no-cache",
        "Strict-Transport-Security": "max-age=31536000;includeSubDomains",
        "X-Content-Type-Options": "nosniff",
        "x-ms-keyvault-network-info": "conn_type=Ipv4;addr=20.51.128.76;act_addr_fam=InterNetwork;",
        "x-ms-keyvault-region": "westus",
        "x-ms-keyvault-service-version": "1.9.973.1",
        "x-ms-request-id": "feb4dadc-d30e-4c81-b126-c4af2c40b0e6"
      },
      "ResponseBody": {
        "value": [],
        "nextLink": "https://t713bd8c5610d139b.vault.azure.net:443/deletedkeys?api-version=7.4\u0026$skiptoken=eyJOZXh0TWFya2VyIjoiMiExMzYhTURBd01EVTJJV3RsZVM5TVNWTlVTMFZaVmtWU1UwbFBUalU1TVRBMEx6QXdRamM1UVVZMlFrUTRRelF4TXpFNU1VWkVOamd4UVVRM09URkNOemxGSVRBd01EQXlPQ0U1T1RrNUxURXlMVE14VkRJek9qVTVPalU1TGprNU9UazVPVGxhSVEtLSIsIlRhcmdldExvY2F0aW9uIjowfQ"
      }
    },
    {
      "RequestUri": "https://REDACTED/deletedkeys?api-version=7.4\u0026$skiptoken=eyJOZXh0TWFya2VyIjoiMiExMzYhTURBd01EVTJJV3RsZVM5TVNWTlVTMFZaVmtWU1UwbFBUalU1TVRBMEx6QXdRamM1UVVZMlFrUTRRelF4TXpFNU1VWkVOamd4UVVRM09URkNOemxGSVRBd01EQXlPQ0U1T1RrNUxURXlMVE14VkRJek9qVTVPalU1TGprNU9UazVPVGxhSVEtLSIsIlRhcmdldExvY2F0aW9uIjowfQ",
      "RequestMethod": "GET",
      "RequestHeaders": {
        "Accept": "application/json",
        "Authorization": "Sanitized",
        "Content-Length": "0",
        "User-Agent": "azsdk-java-azure-security-keyvault-keys/4.7.0-beta.1 (17.0.7; Windows 11; 10.0)"
      },
      "RequestBody": null,
      "StatusCode": 200,
      "ResponseHeaders": {
        "Cache-Control": "no-cache",
        "Content-Length": "283",
        "Content-Type": "application/json; charset=utf-8",
        "Date": "Mon, 25 Sep 2023 17:18:20 GMT",
        "Expires": "-1",
        "Pragma": "no-cache",
        "Strict-Transport-Security": "max-age=31536000;includeSubDomains",
        "X-Content-Type-Options": "nosniff",
        "x-ms-keyvault-network-info": "conn_type=Ipv4;addr=20.51.128.76;act_addr_fam=InterNetwork;",
        "x-ms-keyvault-region": "westus",
        "x-ms-keyvault-service-version": "1.9.973.1",
        "x-ms-request-id": "24b35385-ad89-466f-b861-210596ac4337"
      },
      "ResponseBody": {
        "value": [],
        "nextLink": "https://t713bd8c5610d139b.vault.azure.net:443/deletedkeys?api-version=7.4\u0026$skiptoken=eyJOZXh0TWFya2VyIjoiMiE4OCFNREF3TURJeElXdGxlUzlTVDFSQlZFVkxSVmsyTWpBeE9UUkdPU0V3TURBd01qZ2hPVGs1T1MweE1pMHpNVlF5TXpvMU9UbzFPUzQ1T1RrNU9UazVXaUUtIiwiVGFyZ2V0TG9jYXRpb24iOjB9"
      }
    },
    {
      "RequestUri": "https://REDACTED/deletedkeys?api-version=7.4\u0026$skiptoken=eyJOZXh0TWFya2VyIjoiMiE4OCFNREF3TURJeElXdGxlUzlTVDFSQlZFVkxSVmsyTWpBeE9UUkdPU0V3TURBd01qZ2hPVGs1T1MweE1pMHpNVlF5TXpvMU9UbzFPUzQ1T1RrNU9UazVXaUUtIiwiVGFyZ2V0TG9jYXRpb24iOjB9",
      "RequestMethod": "GET",
      "RequestHeaders": {
        "Accept": "application/json",
        "Authorization": "Sanitized",
        "Content-Length": "0",
        "User-Agent": "azsdk-java-azure-security-keyvault-keys/4.7.0-beta.1 (17.0.7; Windows 11; 10.0)"
      },
      "RequestBody": null,
      "StatusCode": 200,
      "ResponseHeaders": {
        "Cache-Control": "no-cache",
        "Content-Length": "349",
        "Content-Type": "application/json; charset=utf-8",
        "Date": "Mon, 25 Sep 2023 17:18:20 GMT",
        "Expires": "-1",
        "Pragma": "no-cache",
        "Strict-Transport-Security": "max-age=31536000;includeSubDomains",
        "X-Content-Type-Options": "nosniff",
        "x-ms-keyvault-network-info": "conn_type=Ipv4;addr=20.51.128.76;act_addr_fam=InterNetwork;",
        "x-ms-keyvault-region": "westus",
        "x-ms-keyvault-service-version": "1.9.973.1",
        "x-ms-request-id": "b5ff3ca4-e7c5-4f13-b4b5-87b4c5a95c00"
      },
      "ResponseBody": {
        "value": [],
        "nextLink": "https://t713bd8c5610d139b.vault.azure.net:443/deletedkeys?api-version=7.4\u0026$skiptoken=eyJOZXh0TWFya2VyIjoiMiExMzYhTURBd01EVTJJV3RsZVM5VVJWTlVSVU5MUlZsUUxUSTFOakE1TXpFNEwwWTJNVFJCT0VRMk0wRkVOalE1T0ROQ09VTXdRak01TVRBME1UazJOME01SVRBd01EQXlPQ0U1T1RrNUxURXlMVE14VkRJek9qVTVPalU1TGprNU9UazVPVGxhSVEtLSIsIlRhcmdldExvY2F0aW9uIjowfQ"
      }
    },
    {
      "RequestUri": "https://REDACTED/deletedkeys?api-version=7.4\u0026$skiptoken=eyJOZXh0TWFya2VyIjoiMiExMzYhTURBd01EVTJJV3RsZVM5VVJWTlVSVU5MUlZsUUxUSTFOakE1TXpFNEwwWTJNVFJCT0VRMk0wRkVOalE1T0ROQ09VTXdRak01TVRBME1UazJOME01SVRBd01EQXlPQ0U1T1RrNUxURXlMVE14VkRJek9qVTVPalU1TGprNU9UazVPVGxhSVEtLSIsIlRhcmdldExvY2F0aW9uIjowfQ",
      "RequestMethod": "GET",
      "RequestHeaders": {
        "Accept": "application/json",
        "Authorization": "Sanitized",
        "Content-Length": "0",
        "User-Agent": "azsdk-java-azure-security-keyvault-keys/4.7.0-beta.1 (17.0.7; Windows 11; 10.0)"
      },
      "RequestBody": null,
      "StatusCode": 200,
      "ResponseHeaders": {
        "Cache-Control": "no-cache",
        "Content-Length": "283",
        "Content-Type": "application/json; charset=utf-8",
        "Date": "Mon, 25 Sep 2023 17:18:20 GMT",
        "Expires": "-1",
        "Pragma": "no-cache",
        "Strict-Transport-Security": "max-age=31536000;includeSubDomains",
        "X-Content-Type-Options": "nosniff",
        "x-ms-keyvault-network-info": "conn_type=Ipv4;addr=20.51.128.76;act_addr_fam=InterNetwork;",
        "x-ms-keyvault-region": "westus",
        "x-ms-keyvault-service-version": "1.9.973.1",
        "x-ms-request-id": "7818e429-ea5a-41c5-8d42-9e1fbce0af89"
      },
      "ResponseBody": {
        "value": [],
        "nextLink": "https://t713bd8c5610d139b.vault.azure.net:443/deletedkeys?api-version=7.4\u0026$skiptoken=eyJOZXh0TWFya2VyIjoiMiE4OCFNREF3TURJd0lXdGxlUzlVUlZOVVMwVlpNVFU0TWpRd05qTTJJVEF3TURBeU9DRTVPVGs1TFRFeUxUTXhWREl6T2pVNU9qVTVMams1T1RrNU9UbGFJUS0tIiwiVGFyZ2V0TG9jYXRpb24iOjB9"
      }
    },
    {
      "RequestUri": "https://REDACTED/deletedkeys?api-version=7.4\u0026$skiptoken=eyJOZXh0TWFya2VyIjoiMiE4OCFNREF3TURJd0lXdGxlUzlVUlZOVVMwVlpNVFU0TWpRd05qTTJJVEF3TURBeU9DRTVPVGs1TFRFeUxUTXhWREl6T2pVNU9qVTVMams1T1RrNU9UbGFJUS0tIiwiVGFyZ2V0TG9jYXRpb24iOjB9",
      "RequestMethod": "GET",
      "RequestHeaders": {
        "Accept": "application/json",
        "Authorization": "Sanitized",
        "Content-Length": "0",
        "User-Agent": "azsdk-java-azure-security-keyvault-keys/4.7.0-beta.1 (17.0.7; Windows 11; 10.0)"
      },
      "RequestBody": null,
      "StatusCode": 200,
      "ResponseHeaders": {
        "Cache-Control": "no-cache",
        "Content-Length": "343",
        "Content-Type": "application/json; charset=utf-8",
        "Date": "Mon, 25 Sep 2023 17:18:21 GMT",
        "Expires": "-1",
        "Pragma": "no-cache",
        "Strict-Transport-Security": "max-age=31536000;includeSubDomains",
        "X-Content-Type-Options": "nosniff",
        "x-ms-keyvault-network-info": "conn_type=Ipv4;addr=20.51.128.76;act_addr_fam=InterNetwork;",
        "x-ms-keyvault-region": "westus",
        "x-ms-keyvault-service-version": "1.9.973.1",
        "x-ms-request-id": "bf07879f-729a-4f60-868d-214dfa49ba35"
      },
      "ResponseBody": {
        "value": [],
        "nextLink": "https://t713bd8c5610d139b.vault.azure.net:443/deletedkeys?api-version=7.4\u0026$skiptoken=eyJOZXh0TWFya2VyIjoiMiExMzIhTURBd01EVXpJV3RsZVM5VVJWTlVTMFZaTXpZME1UazROa0l4THpGRFJrWTNPVEExTjBVMlFUUkVSa0pCTmtReU1VSkNSa0UzTXpZNE16ZEdJVEF3TURBeU9DRTVPVGs1TFRFeUxUTXhWREl6T2pVNU9qVTVMams1T1RrNU9UbGFJUS0tIiwiVGFyZ2V0TG9jYXRpb24iOjB9"
      }
    },
    {
      "RequestUri": "https://REDACTED/deletedkeys?api-version=7.4\u0026$skiptoken=eyJOZXh0TWFya2VyIjoiMiExMzIhTURBd01EVXpJV3RsZVM5VVJWTlVTMFZaTXpZME1UazROa0l4THpGRFJrWTNPVEExTjBVMlFUUkVSa0pCTmtReU1VSkNSa0UzTXpZNE16ZEdJVEF3TURBeU9DRTVPVGs1TFRFeUxUTXhWREl6T2pVNU9qVTVMams1T1RrNU9UbGFJUS0tIiwiVGFyZ2V0TG9jYXRpb24iOjB9",
      "RequestMethod": "GET",
      "RequestHeaders": {
        "Accept": "application/json",
        "Authorization": "Sanitized",
        "Content-Length": "0",
        "User-Agent": "azsdk-java-azure-security-keyvault-keys/4.7.0-beta.1 (17.0.7; Windows 11; 10.0)"
      },
      "RequestBody": null,
      "StatusCode": 200,
      "ResponseHeaders": {
        "Cache-Control": "no-cache",
        "Content-Length": "2257",
        "Content-Type": "application/json; charset=utf-8",
        "Date": "Mon, 25 Sep 2023 17:18:21 GMT",
        "Expires": "-1",
        "Pragma": "no-cache",
        "Strict-Transport-Security": "max-age=31536000;includeSubDomains",
        "X-Content-Type-Options": "nosniff",
        "x-ms-keyvault-network-info": "conn_type=Ipv4;addr=20.51.128.76;act_addr_fam=InterNetwork;",
        "x-ms-keyvault-region": "westus",
        "x-ms-keyvault-service-version": "1.9.973.1",
        "x-ms-request-id": "8b387f42-27f8-4989-8a00-dd136a2ca873"
      },
      "ResponseBody": {
        "value": [
          {
            "recoveryId": "https://t713bd8c5610d139b.vault.azure.net/deletedkeys/testkey5042736d7",
            "deletedDate": 1695651235,
            "scheduledPurgeDate": 1696256035,
            "kid": "https://t713bd8c5610d139b.vault.azure.net/keys/testkey5042736d7",
            "attributes": {
              "enabled": true,
              "exp": 2537049600,
              "created": 1695651235,
              "updated": 1695651235,
              "recoveryLevel": "CustomizedRecoverable\u002BPurgeable",
              "recoverableDays": 7,
              "exportable": false
            }
          },
          {
            "recoveryId": "https://t713bd8c5610d139b.vault.azure.net/deletedkeys/testkey533414041",
            "deletedDate": 1695661919,
            "scheduledPurgeDate": 1696266719,
            "kid": "https://t713bd8c5610d139b.vault.azure.net/keys/testkey533414041",
            "attributes": {
              "enabled": true,
              "exp": 2537049600,
              "created": 1695661919,
              "updated": 1695661919,
              "recoveryLevel": "CustomizedRecoverable\u002BPurgeable",
              "recoverableDays": 7,
              "exportable": false
            }
          },
          {
            "recoveryId": "https://t713bd8c5610d139b.vault.azure.net/deletedkeys/testkey541177b80",
            "deletedDate": 1695655439,
            "scheduledPurgeDate": 1696260239,
            "kid": "https://t713bd8c5610d139b.vault.azure.net/keys/testkey541177b80",
            "attributes": {
              "enabled": true,
              "exp": 2537049600,
              "created": 1695655439,
              "updated": 1695655439,
              "recoveryLevel": "CustomizedRecoverable\u002BPurgeable",
              "recoverableDays": 7,
              "exportable": false
            }
          },
          {
            "recoveryId": "https://t713bd8c5610d139b.vault.azure.net/deletedkeys/testkey549695221",
            "deletedDate": 1695650956,
            "scheduledPurgeDate": 1696255756,
            "kid": "https://t713bd8c5610d139b.vault.azure.net/keys/testkey549695221",
            "attributes": {
              "enabled": true,
              "exp": 2537049600,
              "created": 1695650956,
              "updated": 1695650956,
              "recoveryLevel": "CustomizedRecoverable\u002BPurgeable",
              "recoverableDays": 7,
              "exportable": false
            }
          },
          {
            "recoveryId": "https://t713bd8c5610d139b.vault.azure.net/deletedkeys/testkey555111175",
            "deletedDate": 1695655714,
            "scheduledPurgeDate": 1696260514,
            "kid": "https://t713bd8c5610d139b.vault.azure.net/keys/testkey555111175",
            "attributes": {
              "enabled": true,
              "exp": 2537049600,
              "created": 1695655714,
              "updated": 1695655714,
              "recoveryLevel": "CustomizedRecoverable\u002BPurgeable",
              "recoverableDays": 7,
              "exportable": false
            }
          }
        ],
        "nextLink": "https://t713bd8c5610d139b.vault.azure.net:443/deletedkeys?api-version=7.4\u0026$skiptoken=eyJOZXh0TWFya2VyIjoiMiE4OCFNREF3TURJd0lXdGxlUzlVUlZOVVMwVlpOVGt4TURRNFJVWkRJVEF3TURBeU9DRTVPVGs1TFRFeUxUTXhWREl6T2pVNU9qVTVMams1T1RrNU9UbGFJUS0tIiwiVGFyZ2V0TG9jYXRpb24iOjB9"
      }
    },
    {
      "RequestUri": "https://REDACTED/deletedkeys?api-version=7.4\u0026$skiptoken=eyJOZXh0TWFya2VyIjoiMiE4OCFNREF3TURJd0lXdGxlUzlVUlZOVVMwVlpOVGt4TURRNFJVWkRJVEF3TURBeU9DRTVPVGs1TFRFeUxUTXhWREl6T2pVNU9qVTVMams1T1RrNU9UbGFJUS0tIiwiVGFyZ2V0TG9jYXRpb24iOjB9",
      "RequestMethod": "GET",
      "RequestHeaders": {
        "Accept": "application/json",
        "Authorization": "Sanitized",
        "Content-Length": "0",
        "User-Agent": "azsdk-java-azure-security-keyvault-keys/4.7.0-beta.1 (17.0.7; Windows 11; 10.0)"
      },
      "RequestBody": null,
      "StatusCode": 200,
      "ResponseHeaders": {
        "Cache-Control": "no-cache",
        "Content-Length": "2712",
        "Content-Type": "application/json; charset=utf-8",
        "Date": "Mon, 25 Sep 2023 17:18:21 GMT",
        "Expires": "-1",
        "Pragma": "no-cache",
        "Strict-Transport-Security": "max-age=31536000;includeSubDomains",
        "X-Content-Type-Options": "nosniff",
        "x-ms-keyvault-network-info": "conn_type=Ipv4;addr=20.51.128.76;act_addr_fam=InterNetwork;",
        "x-ms-keyvault-region": "westus",
        "x-ms-keyvault-service-version": "1.9.973.1",
        "x-ms-request-id": "ca854c6f-850f-47a2-9334-108229506890"
      },
      "ResponseBody": {
        "value": [
          {
            "recoveryId": "https://t713bd8c5610d139b.vault.azure.net/deletedkeys/testkey591048efc",
            "deletedDate": 1695662199,
            "scheduledPurgeDate": 1696266999,
            "kid": "https://t713bd8c5610d139b.vault.azure.net/keys/testkey591048efc",
            "attributes": {
              "enabled": true,
              "exp": 2537049600,
              "created": 1695662199,
              "updated": 1695662199,
              "recoveryLevel": "CustomizedRecoverable\u002BPurgeable",
              "recoverableDays": 7,
              "exportable": false
            }
          },
          {
            "recoveryId": "https://t713bd8c5610d139b.vault.azure.net/deletedkeys/testkey6493124a1",
            "deletedDate": 1695651344,
            "scheduledPurgeDate": 1696256144,
            "kid": "https://t713bd8c5610d139b.vault.azure.net/keys/testkey6493124a1",
            "attributes": {
              "enabled": true,
              "exp": 2537049600,
              "created": 1695651343,
              "updated": 1695651343,
              "recoveryLevel": "CustomizedRecoverable\u002BPurgeable",
              "recoverableDays": 7,
              "exportable": false
            }
          },
          {
            "recoveryId": "https://t713bd8c5610d139b.vault.azure.net/deletedkeys/testkey65160506c",
            "deletedDate": 1695651081,
            "scheduledPurgeDate": 1696255881,
            "kid": "https://t713bd8c5610d139b.vault.azure.net/keys/testkey65160506c",
            "attributes": {
              "enabled": true,
              "exp": 2537049600,
              "created": 1695651081,
              "updated": 1695651081,
              "recoveryLevel": "CustomizedRecoverable\u002BPurgeable",
              "recoverableDays": 7,
              "exportable": false
            }
          },
          {
            "recoveryId": "https://t713bd8c5610d139b.vault.azure.net/deletedkeys/testkey652256df3",
            "deletedDate": 1695655825,
            "scheduledPurgeDate": 1696260625,
            "kid": "https://t713bd8c5610d139b.vault.azure.net/keys/testkey652256df3",
            "attributes": {
              "enabled": true,
              "exp": 2537049600,
              "created": 1695655825,
              "updated": 1695655825,
              "recoveryLevel": "CustomizedRecoverable\u002BPurgeable",
              "recoverableDays": 7,
              "exportable": false
            }
          },
          {
            "recoveryId": "https://t713bd8c5610d139b.vault.azure.net/deletedkeys/testkey666904b18",
            "deletedDate": 1695662046,
            "scheduledPurgeDate": 1696266846,
            "kid": "https://t713bd8c5610d139b.vault.azure.net/keys/testkey666904b18",
            "attributes": {
              "enabled": true,
              "exp": 2537049600,
              "created": 1695662046,
              "updated": 1695662046,
              "recoveryLevel": "CustomizedRecoverable\u002BPurgeable",
              "recoverableDays": 7,
              "exportable": false
            }
          },
          {
            "recoveryId": "https://t713bd8c5610d139b.vault.azure.net/deletedkeys/testkey673968fa9",
            "deletedDate": 1695655563,
            "scheduledPurgeDate": 1696260363,
            "kid": "https://t713bd8c5610d139b.vault.azure.net/keys/testkey673968fa9",
            "attributes": {
              "enabled": true,
              "exp": 2537049600,
              "created": 1695655563,
              "updated": 1695655563,
              "recoveryLevel": "CustomizedRecoverable\u002BPurgeable",
              "recoverableDays": 7,
              "exportable": false
            }
          }
        ],
        "nextLink": "https://t713bd8c5610d139b.vault.azure.net:443/deletedkeys?api-version=7.4\u0026$skiptoken=eyJOZXh0TWFya2VyIjoiMiExMzIhTURBd01EVXpJV3RsZVM5VVJWTlVTMFZaT0RJMU16UXdOekV4THpZelF6WXlNVU0wTTBKRlF6UkJNME5CTWpZek1qazFRMFJFUlVJMU5ESTFJVEF3TURBeU9DRTVPVGs1TFRFeUxUTXhWREl6T2pVNU9qVTVMams1T1RrNU9UbGFJUS0tIiwiVGFyZ2V0TG9jYXRpb24iOjB9"
      }
    },
    {
      "RequestUri": "https://REDACTED/deletedkeys?api-version=7.4\u0026$skiptoken=eyJOZXh0TWFya2VyIjoiMiExMzIhTURBd01EVXpJV3RsZVM5VVJWTlVTMFZaT0RJMU16UXdOekV4THpZelF6WXlNVU0wTTBKRlF6UkJNME5CTWpZek1qazFRMFJFUlVJMU5ESTFJVEF3TURBeU9DRTVPVGs1TFRFeUxUTXhWREl6T2pVNU9qVTVMams1T1RrNU9UbGFJUS0tIiwiVGFyZ2V0TG9jYXRpb24iOjB9",
      "RequestMethod": "GET",
      "RequestHeaders": {
        "Accept": "application/json",
        "Authorization": "Sanitized",
        "Content-Length": "0",
        "User-Agent": "azsdk-java-azure-security-keyvault-keys/4.7.0-beta.1 (17.0.7; Windows 11; 10.0)"
      },
      "RequestBody": null,
      "StatusCode": 200,
      "ResponseHeaders": {
        "Cache-Control": "no-cache",
        "Content-Length": "301",
        "Content-Type": "application/json; charset=utf-8",
        "Date": "Mon, 25 Sep 2023 17:18:21 GMT",
        "Expires": "-1",
        "Pragma": "no-cache",
        "Strict-Transport-Security": "max-age=31536000;includeSubDomains",
        "X-Content-Type-Options": "nosniff",
        "x-ms-keyvault-network-info": "conn_type=Ipv4;addr=20.51.128.76;act_addr_fam=InterNetwork;",
        "x-ms-keyvault-region": "westus",
        "x-ms-keyvault-service-version": "1.9.973.1",
        "x-ms-request-id": "94f5bc9b-1522-426d-a555-40e0f252f9dc"
      },
      "ResponseBody": {
        "value": [],
        "nextLink": "https://t713bd8c5610d139b.vault.azure.net:443/deletedkeys?api-version=7.4\u0026$skiptoken=eyJOZXh0TWFya2VyIjoiMiExMDAhTURBd01ESTVJV3RsZVM5VVJWTlVVbE5CUzBWWlUwbEhUbFpGVWtsR1dUQXhOakF5SVRBd01EQXlPQ0U1T1RrNUxURXlMVE14VkRJek9qVTVPalU1TGprNU9UazVPVGxhSVEtLSIsIlRhcmdldExvY2F0aW9uIjowfQ"
      }
    },
    {
      "RequestUri": "https://REDACTED/deletedkeys?api-version=7.4\u0026$skiptoken=eyJOZXh0TWFya2VyIjoiMiExMDAhTURBd01ESTVJV3RsZVM5VVJWTlVVbE5CUzBWWlUwbEhUbFpGVWtsR1dUQXhOakF5SVRBd01EQXlPQ0U1T1RrNUxURXlMVE14VkRJek9qVTVPalU1TGprNU9UazVPVGxhSVEtLSIsIlRhcmdldExvY2F0aW9uIjowfQ",
      "RequestMethod": "GET",
      "RequestHeaders": {
        "Accept": "application/json",
        "Authorization": "Sanitized",
        "Content-Length": "0",
        "User-Agent": "azsdk-java-azure-security-keyvault-keys/4.7.0-beta.1 (17.0.7; Windows 11; 10.0)"
      },
      "RequestBody": null,
      "StatusCode": 200,
      "ResponseHeaders": {
        "Cache-Control": "no-cache",
        "Content-Length": "28",
        "Content-Type": "application/json; charset=utf-8",
        "Date": "Mon, 25 Sep 2023 17:18:21 GMT",
        "Expires": "-1",
        "Pragma": "no-cache",
        "Strict-Transport-Security": "max-age=31536000;includeSubDomains",
        "X-Content-Type-Options": "nosniff",
        "x-ms-keyvault-network-info": "conn_type=Ipv4;addr=20.51.128.76;act_addr_fam=InterNetwork;",
        "x-ms-keyvault-region": "westus",
        "x-ms-keyvault-service-version": "1.9.973.1",
        "x-ms-request-id": "deeb23f2-9a3a-4c95-8829-3cdf8fcf0cdd"
      },
      "ResponseBody": {
        "value": [],
        "nextLink": null
      }
    }
  ],
  "Variables": {
    "0": "a7dbe655d01843629a3e",
    "1": "248515b87c784b10a507",
    "2": "43d9312c9c154906857d"
  }
}
