{
  "Entries": [
    {
      "RequestUri": "https://REDACTED/keys/testkey154752e3f/create?api-version=7.5-preview.1",
      "RequestMethod": "POST",
      "RequestHeaders": {
        "Accept": "*/*",
        "Accept-Language": "en-US",
        "Content-Length": "0",
        "Content-Type": "application/json",
        "User-Agent": "azsdk-java-client_name/client_version (17.0.8.1; Windows 11; 10.0)"
      },
      "RequestBody": null,
      "StatusCode": 401,
      "ResponseHeaders": {
        "Cache-Control": "no-cache",
        "Content-Length": "97",
        "Content-Type": "application/json; charset=utf-8",
        "Date": "Tue, 07 Nov 2023 08:16:18 GMT",
        "Expires": "-1",
        "Pragma": "no-cache",
        "Strict-Transport-Security": "max-age=31536000;includeSubDomains",
        "WWW-Authenticate": "Bearer authorization=\u0022https://login.microsoftonline.com/72f988bf-86f1-41af-91ab-2d7cd011db47\u0022, resource=\u0022https://vault.azure.net\u0022",
        "X-Content-Type-Options": "nosniff",
        "x-ms-keyvault-network-info": "conn_type=Ipv4;addr=172.92.148.195;act_addr_fam=InterNetwork;",
        "x-ms-keyvault-region": "westus",
        "x-ms-keyvault-service-version": "1.9.1054.1",
        "x-ms-request-id": "dbd7857d-9530-4d9e-8912-aab1b77e7f42"
      },
      "ResponseBody": {
        "error": {
          "code": "Unauthorized",
          "message": "AKV10000: Request is missing a Bearer or PoP token."
        }
      }
    },
    {
      "RequestUri": "https://REDACTED/keys/testkey154752e3f/create?api-version=7.5-preview.1",
      "RequestMethod": "POST",
      "RequestHeaders": {
        "Accept": "*/*",
        "Accept-Language": "en-US",
        "Authorization": "Sanitized",
        "Content-Length": "128",
        "Content-Type": "application/json",
        "User-Agent": "azsdk-java-client_name/client_version (17.0.8.1; Windows 11; 10.0)"
      },
      "RequestBody": {
        "kty": "RSA",
        "attributes": {
          "exp": 2537049600
        },
        "tags": {
          "second tag": "second value",
          "first tag": "first value"
        },
        "public_exponent": 0
      },
      "StatusCode": 200,
      "ResponseHeaders": {
        "Cache-Control": "no-cache",
        "Content-Length": "810",
        "Content-Type": "application/json; charset=utf-8",
        "Date": "Tue, 07 Nov 2023 08:16:20 GMT",
        "Expires": "-1",
        "Pragma": "no-cache",
        "Strict-Transport-Security": "max-age=31536000;includeSubDomains",
        "X-Content-Type-Options": "nosniff",
        "x-ms-keyvault-network-info": "conn_type=Ipv4;addr=172.92.148.195;act_addr_fam=InterNetwork;",
        "x-ms-keyvault-region": "westus",
        "x-ms-keyvault-service-version": "1.9.1054.1",
        "x-ms-request-id": "51026057-c807-40d5-a73b-ea2dea6f4209"
      },
      "ResponseBody": {
        "key": {
          "kid": "https://azkvrecordtests.vault.azure.net/keys/testkey154752e3f/cd90a3c0fd544d9a8e9c4daf943c0aa2",
          "kty": "RSA",
          "key_ops": [
            "encrypt",
            "decrypt",
            "sign",
            "verify",
            "wrapKey",
            "unwrapKey"
          ],
          "n": "8ojLM8wE3w9dgpiWA_YXlnSUABjjsc9DPo_dKChl6YHvlnu-hyZqMn1jAO_5F-J-MuxXW8nWokoZ0MDXSka_vTuTtYCZznaOU0dis6wamrBqPubmyr4AqAC9lNUWeSGifZL6a-LSzt2OQSKP_nD8sneqJzwAGEerPF_GATmsa-DaKvUbOLB-i7GrW90JM6Ryz1-_lBYNhpKH6rp8RXkniAdZWwmY24lCx80b-37-vhs2RkpGVI_OwVwc2pz1HEuI0A744WMC9OCHO4qCxJrZQZg346MYfpkI06qj6Bppq5106bA598Nz-qMzQSz-V2nqW5Ox5QX-6qljwLdYADmE9Q",
          "e": "AQAB"
        },
        "attributes": {
          "enabled": true,
          "exp": 2537049600,
          "created": 1699344980,
          "updated": 1699344980,
          "recoveryLevel": "CustomizedRecoverable\u002BPurgeable",
          "recoverableDays": 7,
          "exportable": false,
          "hsmPlatform": "0"
        },
        "tags": {
          "second tag": "second value",
          "first tag": "first value"
        }
      }
    },
    {
      "RequestUri": "https://REDACTED/keys/testkey154752e3f/cd90a3c0fd544d9a8e9c4daf943c0aa2?api-version=7.5-preview.1",
      "RequestMethod": "PATCH",
      "RequestHeaders": {
        "Accept": "*/*",
        "Accept-Language": "en-US",
        "Authorization": "Sanitized",
        "Content-Length": "150",
        "Content-Type": "application/json",
        "User-Agent": "azsdk-java-client_name/client_version (17.0.8.1; Windows 11; 10.0)"
      },
      "RequestBody": {
        "attributes": {
          "enabled": true,
          "exp": 2852668800,
          "exportable": false
        },
        "tags": {
          "second tag": "second value",
          "first tag": "first value"
        },
        "public_exponent": 0
      },
      "StatusCode": 200,
      "ResponseHeaders": {
        "Cache-Control": "no-cache",
        "Content-Length": "810",
        "Content-Type": "application/json; charset=utf-8",
        "Date": "Tue, 07 Nov 2023 08:16:20 GMT",
        "Expires": "-1",
        "Pragma": "no-cache",
        "Strict-Transport-Security": "max-age=31536000;includeSubDomains",
        "X-Content-Type-Options": "nosniff",
        "x-ms-keyvault-network-info": "conn_type=Ipv4;addr=172.92.148.195;act_addr_fam=InterNetwork;",
        "x-ms-keyvault-region": "westus",
        "x-ms-keyvault-service-version": "1.9.1054.1",
        "x-ms-request-id": "8ac029fd-24cd-42e7-91a2-dda580ff18f1"
      },
      "ResponseBody": {
        "key": {
          "kid": "https://azkvrecordtests.vault.azure.net/keys/testkey154752e3f/cd90a3c0fd544d9a8e9c4daf943c0aa2",
          "kty": "RSA",
          "key_ops": [
            "encrypt",
            "decrypt",
            "sign",
            "verify",
            "wrapKey",
            "unwrapKey"
          ],
          "n": "8ojLM8wE3w9dgpiWA_YXlnSUABjjsc9DPo_dKChl6YHvlnu-hyZqMn1jAO_5F-J-MuxXW8nWokoZ0MDXSka_vTuTtYCZznaOU0dis6wamrBqPubmyr4AqAC9lNUWeSGifZL6a-LSzt2OQSKP_nD8sneqJzwAGEerPF_GATmsa-DaKvUbOLB-i7GrW90JM6Ryz1-_lBYNhpKH6rp8RXkniAdZWwmY24lCx80b-37-vhs2RkpGVI_OwVwc2pz1HEuI0A744WMC9OCHO4qCxJrZQZg346MYfpkI06qj6Bppq5106bA598Nz-qMzQSz-V2nqW5Ox5QX-6qljwLdYADmE9Q",
          "e": "AQAB"
        },
        "attributes": {
          "enabled": true,
          "exp": 2852668800,
          "created": 1699344980,
          "updated": 1699344981,
          "recoveryLevel": "CustomizedRecoverable\u002BPurgeable",
          "recoverableDays": 7,
          "exportable": false,
          "hsmPlatform": "0"
        },
        "tags": {
          "second tag": "second value",
          "first tag": "first value"
        }
      }
    }
  ],
  "Variables": {
    "0": "testkey154752e3f"
  }
}
