{
  "Entries": [
    {
      "RequestUri": "https://REDACTED/keys/listkeyversion63125/create?api-version=7.4",
      "RequestMethod": "POST",
      "RequestHeaders": {
        "Accept": "application/json",
        "Content-Length": "0",
        "Content-Type": "application/json",
        "User-Agent": "azsdk-java-azure-security-keyvault-keys/4.8.0-beta.1 (21; Windows 11; 10.0)"
      },
      "RequestBody": null,
      "StatusCode": 401,
      "ResponseHeaders": {
        "Cache-Control": "no-cache",
        "Content-Length": "97",
        "Content-Type": "application/json; charset=utf-8",
        "Date": "Thu, 26 Oct 2023 17:23:38 GMT",
        "Expires": "-1",
        "Pragma": "no-cache",
        "Strict-Transport-Security": "max-age=31536000;includeSubDomains",
        "WWW-Authenticate": "Bearer authorization=\u0022https://login.microsoftonline.com/72f988bf-86f1-41af-91ab-2d7cd011db47\u0022, resource=\u0022https://vault.azure.net\u0022",
        "X-Content-Type-Options": "nosniff",
        "x-ms-keyvault-network-info": "conn_type=Ipv4;addr=20.51.128.75;act_addr_fam=InterNetwork;",
        "x-ms-keyvault-region": "westus",
        "x-ms-keyvault-service-version": "1.9.1036.1",
        "x-ms-request-id": "c57ca480-10fa-45c5-9424-788778147dcb"
      },
      "ResponseBody": {
        "error": {
          "code": "Unauthorized",
          "message": "AKV10000: Request is missing a Bearer or PoP token."
        }
      }
    },
    {
      "RequestUri": "https://REDACTED/keys/listkeyversion63125/create?api-version=7.4",
      "RequestMethod": "POST",
      "RequestHeaders": {
        "Accept": "application/json",
        "Authorization": "Sanitized",
        "Content-Length": "45",
        "Content-Type": "application/json",
        "User-Agent": "azsdk-java-azure-security-keyvault-keys/4.8.0-beta.1 (21; Windows 11; 10.0)"
      },
      "RequestBody": {
        "kty": "RSA",
        "attributes": {
          "exp": 3797280000
        }
      },
      "StatusCode": 200,
      "ResponseHeaders": {
        "Cache-Control": "no-cache",
        "Content-Length": "737",
        "Content-Type": "application/json; charset=utf-8",
        "Date": "Thu, 26 Oct 2023 17:23:38 GMT",
        "Expires": "-1",
        "Pragma": "no-cache",
        "Strict-Transport-Security": "max-age=31536000;includeSubDomains",
        "X-Content-Type-Options": "nosniff",
        "x-ms-keyvault-network-info": "conn_type=Ipv4;addr=20.51.128.75;act_addr_fam=InterNetwork;",
        "x-ms-keyvault-region": "westus",
        "x-ms-keyvault-service-version": "1.9.1036.1",
        "x-ms-request-id": "eccd6067-fa4a-4863-b126-8211d3b4b7af"
      },
      "ResponseBody": {
        "key": {
          "kid": "https://t713bd8c5610d139b.vault.azure.net/keys/listkeyversion63125/60ee9d790f22439693e237dd5b90cb87",
          "kty": "RSA",
          "key_ops": [
            "encrypt",
            "decrypt",
            "sign",
            "verify",
            "wrapKey",
            "unwrapKey"
          ],
          "n": "0WT2jF7Bmy7ILVWX-pNtLhKgH4JsSetIuOBbllJ9Ds6eKkMwpc6vyXyYUz3maTA43UK6R5RCuT52r_Veqkcn-8lAIcD5o5QDdLaUtQgyTRb3rZ94snWbKuZ9CG7YLFVPLDXrLr1mVqcWFi_jKZX9XJiUvdsj_oOj6mvDu9uoReaJdAs2B0L_s2ZtZX2Yq993OByn_k0Oal0g4zvzWsDsUXe4pBYP4iX6TH-LYKzDTcVTdDED3QsHN4Yimo2EbELzTG6LhCGlsPvBZQkgTwO9Yb51ApCpwrWcuszU05RH16t29ttOzmAs5PwXEZvmq3lLZ6d4IY7skiXgUmaiODhZyQ",
          "e": "AQAB"
        },
        "attributes": {
          "enabled": true,
          "exp": 3797280000,
          "created": 1698341018,
          "updated": 1698341018,
          "recoveryLevel": "CustomizedRecoverable\u002BPurgeable",
          "recoverableDays": 7,
          "exportable": false
        }
      }
    },
    {
      "RequestUri": "https://REDACTED/keys/listkeyversion63125/create?api-version=7.4",
      "RequestMethod": "POST",
      "RequestHeaders": {
        "Accept": "application/json",
        "Authorization": "Sanitized",
        "Content-Length": "45",
        "Content-Type": "application/json",
        "User-Agent": "azsdk-java-azure-security-keyvault-keys/4.8.0-beta.1 (21; Windows 11; 10.0)"
      },
      "RequestBody": {
        "kty": "RSA",
        "attributes": {
          "exp": 3797366400
        }
      },
      "StatusCode": 200,
      "ResponseHeaders": {
        "Cache-Control": "no-cache",
        "Content-Length": "737",
        "Content-Type": "application/json; charset=utf-8",
        "Date": "Thu, 26 Oct 2023 17:23:42 GMT",
        "Expires": "-1",
        "Pragma": "no-cache",
        "Strict-Transport-Security": "max-age=31536000;includeSubDomains",
        "X-Content-Type-Options": "nosniff",
        "x-ms-keyvault-network-info": "conn_type=Ipv4;addr=20.51.128.75;act_addr_fam=InterNetwork;",
        "x-ms-keyvault-region": "westus",
        "x-ms-keyvault-service-version": "1.9.1036.1",
        "x-ms-request-id": "c40d10d4-1807-4322-b087-2bdfa474494b"
      },
      "ResponseBody": {
        "key": {
          "kid": "https://t713bd8c5610d139b.vault.azure.net/keys/listkeyversion63125/5cb53a6438a346cdac4a8f99bcb7d9b1",
          "kty": "RSA",
          "key_ops": [
            "encrypt",
            "decrypt",
            "sign",
            "verify",
            "wrapKey",
            "unwrapKey"
          ],
          "n": "tl9zZvgyBlGOgWe8swp6dE7SclfnIhXCST09T0Id4dMdLWG6QH6hlwuY2AMo7bqz_ZUFC4x6YR2hUhIs4tpypGPtOCmlexaJRCrHsOPezIxZTYKIO85iSSByvOrqxsBLQn23FDCQ1iU0HzvJLfsmq0tOagBnbgRZy75MQ5lQHuLfbPCHm5VaiJA5GXYeDwVoQ8N3p5_hUhCidPS1KagqO-QsTQUMvOko0EKOstbm1f4AONMQ75vtGsP5PACkOp8pdeIY-xyGDY3kmPm0aAyGHEas3D1c_49CktEOLbG0jdQROyoEHoCyN-QIQWpckWlC9QzAOxXT5yY2ehkiJOnxiQ",
          "e": "AQAB"
        },
        "attributes": {
          "enabled": true,
          "exp": 3797366400,
          "created": 1698341022,
          "updated": 1698341022,
          "recoveryLevel": "CustomizedRecoverable\u002BPurgeable",
          "recoverableDays": 7,
          "exportable": false
        }
      }
    },
    {
      "RequestUri": "https://REDACTED/keys/listkeyversion63125/create?api-version=7.4",
      "RequestMethod": "POST",
      "RequestHeaders": {
        "Accept": "application/json",
        "Authorization": "Sanitized",
        "Content-Length": "45",
        "Content-Type": "application/json",
        "User-Agent": "azsdk-java-azure-security-keyvault-keys/4.8.0-beta.1 (21; Windows 11; 10.0)"
      },
      "RequestBody": {
        "kty": "RSA",
        "attributes": {
          "exp": 3797452800
        }
      },
      "StatusCode": 200,
      "ResponseHeaders": {
        "Cache-Control": "no-cache",
        "Content-Length": "737",
        "Content-Type": "application/json; charset=utf-8",
        "Date": "Thu, 26 Oct 2023 17:23:46 GMT",
        "Expires": "-1",
        "Pragma": "no-cache",
        "Strict-Transport-Security": "max-age=31536000;includeSubDomains",
        "X-Content-Type-Options": "nosniff",
        "x-ms-keyvault-network-info": "conn_type=Ipv4;addr=20.51.128.75;act_addr_fam=InterNetwork;",
        "x-ms-keyvault-region": "westus",
        "x-ms-keyvault-service-version": "1.9.1036.1",
        "x-ms-request-id": "844921a1-c2b2-487e-9d08-c83af79b0c9a"
      },
      "ResponseBody": {
        "key": {
          "kid": "https://t713bd8c5610d139b.vault.azure.net/keys/listkeyversion63125/acbda37977eb41e59958fb029bc811e3",
          "kty": "RSA",
          "key_ops": [
            "encrypt",
            "decrypt",
            "sign",
            "verify",
            "wrapKey",
            "unwrapKey"
          ],
          "n": "ltb46Bc4_3GmDSZAv7dtubhg7L7F0HUddOfguQTDZnlMcI5lovt1A2kNkFtOn0s-4UZ3eoU6-xwweNkK_DgVhrcLTNNZCHpIp286AYN9ZFOB6ToiotNHoRzboijLX4d0CulbByCtE_oWvxVoLtpnMueYqnEthTP05nIDEe1nhAtXv17Z9zdVl-NY7qFK7WTJCMadQL_570LfAZ8FjMw5vJy4CFdSyEzb9F2zSmBxL71M8knywo2I--lUJSekTeDqfnx9u5tyOBVxX8sjMGv-uU9qzUHWyQ6YENmENIcNuRpBJg5cb1puvjnJ8DSGyZbx1qkTIOOqtCK67wGb__0yjQ",
          "e": "AQAB"
        },
        "attributes": {
          "enabled": true,
          "exp": 3797452800,
          "created": 1698341026,
          "updated": 1698341026,
          "recoveryLevel": "CustomizedRecoverable\u002BPurgeable",
          "recoverableDays": 7,
          "exportable": false
        }
      }
    },
    {
      "RequestUri": "https://REDACTED/keys/listkeyversion63125/create?api-version=7.4",
      "RequestMethod": "POST",
      "RequestHeaders": {
        "Accept": "application/json",
        "Authorization": "Sanitized",
        "Content-Length": "45",
        "Content-Type": "application/json",
        "User-Agent": "azsdk-java-azure-security-keyvault-keys/4.8.0-beta.1 (21; Windows 11; 10.0)"
      },
      "RequestBody": {
        "kty": "RSA",
        "attributes": {
          "exp": 3797539200
        }
      },
      "StatusCode": 200,
      "ResponseHeaders": {
        "Cache-Control": "no-cache",
        "Content-Length": "737",
        "Content-Type": "application/json; charset=utf-8",
        "Date": "Thu, 26 Oct 2023 17:23:51 GMT",
        "Expires": "-1",
        "Pragma": "no-cache",
        "Strict-Transport-Security": "max-age=31536000;includeSubDomains",
        "X-Content-Type-Options": "nosniff",
        "x-ms-keyvault-network-info": "conn_type=Ipv4;addr=20.51.128.75;act_addr_fam=InterNetwork;",
        "x-ms-keyvault-region": "westus",
        "x-ms-keyvault-service-version": "1.9.1036.1",
        "x-ms-request-id": "525f5c7f-a558-4d0b-b370-07afdb2b8dc2"
      },
      "ResponseBody": {
        "key": {
          "kid": "https://t713bd8c5610d139b.vault.azure.net/keys/listkeyversion63125/5a0735415bed4cfab37462994d3daac1",
          "kty": "RSA",
          "key_ops": [
            "encrypt",
            "decrypt",
            "sign",
            "verify",
            "wrapKey",
            "unwrapKey"
          ],
          "n": "rBkqNgp8nZTZNs8hoe13-2mtQ5vXqTVHbWk-u32uGubItW-RD7Gd1Zq33RITKLKsCmt4Zf2t-b924LCr9SjOmhjbWGlYkC6IIE0B3zE3UWThaocAOuoSKukVC_Gn3fjnQN6t5-72avo9XtpaPGioTVRVgS7KjQvD_9wevFSeI9bw-BW7nKwQcg0TzcHFBxiUJ71tqxHR_9eNkIyYc6xe3coB0er9vUfdoyk5brWahbfvCXQCpGEajo-0xpbpAGZsRL37JPLR_xnOWjqErXVxIBY0PYPU7pXst3qFm81gOi9dtofsPaY5y5CUVZGi2Vc9lR5_Q1HrztTZ522GssIiWQ",
          "e": "AQAB"
        },
        "attributes": {
          "enabled": true,
          "exp": 3797539200,
          "created": 1698341031,
          "updated": 1698341031,
          "recoveryLevel": "CustomizedRecoverable\u002BPurgeable",
          "recoverableDays": 7,
          "exportable": false
        }
      }
    },
    {
      "RequestUri": "https://REDACTED/keys/listkeyversion63125/versions?api-version=7.4",
      "RequestMethod": "GET",
      "RequestHeaders": {
        "Accept": "application/json",
        "Authorization": "Sanitized",
        "Content-Length": "0",
        "User-Agent": "azsdk-java-azure-security-keyvault-keys/4.8.0-beta.1 (21; Windows 11; 10.0)"
      },
      "RequestBody": null,
      "StatusCode": 200,
      "ResponseHeaders": {
        "Cache-Control": "no-cache",
        "Content-Length": "1179",
        "Content-Type": "application/json; charset=utf-8",
        "Date": "Thu, 26 Oct 2023 17:23:51 GMT",
        "Expires": "-1",
        "Pragma": "no-cache",
        "Strict-Transport-Security": "max-age=31536000;includeSubDomains",
        "X-Content-Type-Options": "nosniff",
        "x-ms-keyvault-network-info": "conn_type=Ipv4;addr=20.51.128.75;act_addr_fam=InterNetwork;",
        "x-ms-keyvault-region": "westus",
        "x-ms-keyvault-service-version": "1.9.1036.1",
        "x-ms-request-id": "5f18a894-3544-4760-93ca-9199e0216125"
      },
      "ResponseBody": {
        "value": [
          {
            "kid": "https://t713bd8c5610d139b.vault.azure.net/keys/listkeyversion63125/5a0735415bed4cfab37462994d3daac1",
            "attributes": {
              "enabled": true,
              "exp": 3797539200,
              "created": 1698341031,
              "updated": 1698341031,
              "recoveryLevel": "CustomizedRecoverable\u002BPurgeable",
              "recoverableDays": 7,
              "exportable": false
            }
          },
          {
            "kid": "https://t713bd8c5610d139b.vault.azure.net/keys/listkeyversion63125/5cb53a6438a346cdac4a8f99bcb7d9b1",
            "attributes": {
              "enabled": true,
              "exp": 3797366400,
              "created": 1698341022,
              "updated": 1698341022,
              "recoveryLevel": "CustomizedRecoverable\u002BPurgeable",
              "recoverableDays": 7,
              "exportable": false
            }
          },
          {
            "kid": "https://t713bd8c5610d139b.vault.azure.net/keys/listkeyversion63125/60ee9d790f22439693e237dd5b90cb87",
            "attributes": {
              "enabled": true,
              "exp": 3797280000,
              "created": 1698341018,
              "updated": 1698341018,
              "recoveryLevel": "CustomizedRecoverable\u002BPurgeable",
              "recoverableDays": 7,
              "exportable": false
            }
          },
          {
            "kid": "https://t713bd8c5610d139b.vault.azure.net/keys/listkeyversion63125/acbda37977eb41e59958fb029bc811e3",
            "attributes": {
              "enabled": true,
              "exp": 3797452800,
              "created": 1698341026,
              "updated": 1698341026,
              "recoveryLevel": "CustomizedRecoverable\u002BPurgeable",
              "recoverableDays": 7,
              "exportable": false
            }
          }
        ],
        "nextLink": null
      }
    }
  ],
  "Variables": {
    "0": "listkeyversion63125"
  }
}
