{
  "Entries": [
    {
      "RequestUri": "https://Sanitized.azure.com/api/projects/00000/assistants?api-version=2025-05-15-preview",
      "RequestMethod": "POST",
      "RequestHeaders": {
        "Accept": "application/json",
        "Accept-Encoding": "gzip, deflate, br, zstd",
        "Authorization": "Sanitized",
        "Connection": "keep-alive",
        "Content-Length": "289",
        "Content-Type": "application/json",
        "Referer": "http://Sanitized.azure.com/",
        "sec-ch-ua": "\"Not)A;Brand\";v=\"8\", \"Chromium\";v=\"138\", \"HeadlessChrome\";v=\"138\"",
        "sec-ch-ua-mobile": "?0",
        "sec-ch-ua-platform": "\"Windows\"",
        "Sec-Fetch-Dest": "empty",
        "Sec-Fetch-Mode": "cors",
        "Sec-Fetch-Site": "same-site",
        "User-Agent": "Mozilla/5.0 (Windows NT 10.0; Win64; x64) AppleWebKit/537.36 (KHTML, like Gecko) HeadlessChrome/138.0.7204.23 Safari/537.36",
        "x-ms-client-request-id": "Sanitized",
        "x-ms-useragent": "azsdk-js-client azsdk-js-api azsdk-js-ai-agents/1.1.0-beta.1 core-rest-pipeline/1.21.1 Chromium/138 OS/x86-Windows-19.0.0"
      },
      "RequestBody": {
        "model": "gpt-4o",
        "name": "test-mcp-agent",
        "instructions": "You are a helpful agent that can use MCP tools to assist users.",
        "tools": [
          {
            "type": "mcp",
            "server_label": "github",
            "server_url": "https://Sanitized.azure.com/Azure/azure-rest-api-specs",
            "allowed_tools": [
              "search_azure_rest_api_code"
            ]
          }
        ]
      },
      "StatusCode": 200,
      "ResponseHeaders": {
        "apim-request-id": "da602d34-9acf-41c2-b73a-ac0f3a5fb8af",
        "azureml-served-by-cluster": "vienna-westus-02",
        "Content-Encoding": "gzip",
        "Content-Type": "application/json",
        "Date": "Thu, 24 Jul 2025 22:28:40 GMT",
        "openai-organization": "66c5ccd76cfe4bc79b7e2650cae937d0",
        "openai-processing-ms": "76",
        "openai-version": "2020-10-01",
        "Request-Context": "appId=cid-v1:2d2e8e63-272e-4b3c-8598-4ee570a0e70d",
        "Strict-Transport-Security": "max-age=31536000; includeSubDomains; preload",
        "Transfer-Encoding": "chunked",
        "Vary": "Accept-Encoding",
        "X-Content-Type-Options": "nosniff",
        "x-ms-middleware-request-id": "c4f5850d-6187-4493-879e-e8418b061959",
        "x-ms-region": "West US",
        "x-ms-response-type": "standard",
        "X-Request-ID": "7d21498a74abca22b959120c2e2762aa",
        "x-request-time": "0.221"
      },
      "ResponseBody": {
        "id": "asst_qfHDvFvc2b4SlCjaw7phOQJh",
        "object": "assistant",
        "created_at": 1753396120,
        "name": "test-mcp-agent",
        "description": null,
        "model": "gpt-4o",
        "instructions": "You are a helpful agent that can use MCP tools to assist users.",
        "tools": [
          {
            "type": "mcp",
            "server_label": "github",
            "server_url": "https://Sanitized.azure.com/Azure/azure-rest-api-specs",
            "allowed_tools": [
              "search_azure_rest_api_code"
            ]
          }
        ],
        "top_p": 1.0,
        "temperature": 1.0,
        "tool_resources": {},
        "metadata": {},
        "response_format": "auto"
      }
    },
    {
      "RequestUri": "https://Sanitized.azure.com/api/projects/00000/threads?api-version=2025-05-15-preview",
      "RequestMethod": "POST",
      "RequestHeaders": {
        "Accept": "application/json",
        "Accept-Encoding": "gzip, deflate, br, zstd",
        "Authorization": "Sanitized",
        "Connection": "keep-alive",
        "Content-Length": "2",
        "Content-Type": "application/json",
        "Referer": "http://Sanitized.azure.com/",
        "sec-ch-ua": "\"Not)A;Brand\";v=\"8\", \"Chromium\";v=\"138\", \"HeadlessChrome\";v=\"138\"",
        "sec-ch-ua-mobile": "?0",
        "sec-ch-ua-platform": "\"Windows\"",
        "Sec-Fetch-Dest": "empty",
        "Sec-Fetch-Mode": "cors",
        "Sec-Fetch-Site": "same-site",
        "User-Agent": "Mozilla/5.0 (Windows NT 10.0; Win64; x64) AppleWebKit/537.36 (KHTML, like Gecko) HeadlessChrome/138.0.7204.23 Safari/537.36",
        "x-ms-client-request-id": "Sanitized",
        "x-ms-useragent": "azsdk-js-client azsdk-js-api azsdk-js-ai-agents/1.1.0-beta.1 core-rest-pipeline/1.21.1 Chromium/138 OS/x86-Windows-19.0.0"
      },
      "RequestBody": {},
      "StatusCode": 200,
      "ResponseHeaders": {
        "apim-request-id": "aa09cb4c-5dd7-47d9-b49b-35d9547c848c",
        "azureml-served-by-cluster": "vienna-westus-02",
        "Content-Length": "137",
        "Content-Type": "application/json",
        "Date": "Thu, 24 Jul 2025 22:28:40 GMT",
        "openai-organization": "66c5ccd76cfe4bc79b7e2650cae937d0",
        "openai-processing-ms": "67",
        "openai-version": "2020-10-01",
        "Request-Context": "appId=cid-v1:2d2e8e63-272e-4b3c-8598-4ee570a0e70d",
        "Strict-Transport-Security": "max-age=31536000; includeSubDomains; preload",
        "X-Content-Type-Options": "nosniff",
        "x-ms-middleware-request-id": "f0ddde8b-7f8e-4909-a44a-93815a1afb22",
        "x-ms-region": "West US",
        "x-ms-response-type": "standard",
        "X-Request-ID": "985a2bdc5021156dea836acea1bd71cb",
        "x-request-time": "0.264"
      },
      "ResponseBody": {
        "id": "thread_TmBseatIU79trEmeBIKFs3wv",
        "object": "thread",
        "created_at": 1753396121,
        "metadata": {},
        "tool_resources": {}
      }
    },
    {
      "RequestUri": "https://Sanitized.azure.com/api/projects/00000/threads/thread_TmBseatIU79trEmeBIKFs3wv/messages?api-version=2025-05-15-preview",
      "RequestMethod": "POST",
      "RequestHeaders": {
        "Accept": "application/json",
        "Accept-Encoding": "gzip, deflate, br, zstd",
        "Authorization": "Sanitized",
        "Connection": "keep-alive",
        "Content-Length": "69",
        "Content-Type": "application/json",
        "Referer": "http://Sanitized.azure.com/",
        "sec-ch-ua": "\"Not)A;Brand\";v=\"8\", \"Chromium\";v=\"138\", \"HeadlessChrome\";v=\"138\"",
        "sec-ch-ua-mobile": "?0",
        "sec-ch-ua-platform": "\"Windows\"",
        "Sec-Fetch-Dest": "empty",
        "Sec-Fetch-Mode": "cors",
        "Sec-Fetch-Site": "same-site",
        "User-Agent": "Mozilla/5.0 (Windows NT 10.0; Win64; x64) AppleWebKit/537.36 (KHTML, like Gecko) HeadlessChrome/138.0.7204.23 Safari/537.36",
        "x-ms-client-request-id": "Sanitized",
        "x-ms-useragent": "azsdk-js-client azsdk-js-api azsdk-js-ai-agents/1.1.0-beta.1 core-rest-pipeline/1.21.1 Chromium/138 OS/x86-Windows-19.0.0"
      },
      "RequestBody": {
        "role": "user",
        "content": "Hello, please help me with a simple task."
      },
      "StatusCode": 200,
      "ResponseHeaders": {
        "apim-request-id": "0968ccc9-67a7-49c5-879e-85d26b0743bf",
        "azureml-served-by-cluster": "vienna-westus-02",
        "Content-Encoding": "gzip",
        "Content-Type": "application/json",
        "Date": "Thu, 24 Jul 2025 22:28:41 GMT",
        "openai-organization": "66c5ccd76cfe4bc79b7e2650cae937d0",
        "openai-processing-ms": "88",
        "openai-version": "2020-10-01",
        "Request-Context": "appId=cid-v1:2d2e8e63-272e-4b3c-8598-4ee570a0e70d",
        "Strict-Transport-Security": "max-age=31536000; includeSubDomains; preload",
        "Transfer-Encoding": "chunked",
        "Vary": "Accept-Encoding",
        "X-Content-Type-Options": "nosniff",
        "x-ms-middleware-request-id": "02bffcc8-e927-4a17-af6c-2aa6247bc34a",
        "x-ms-region": "West US",
        "x-ms-response-type": "standard",
        "X-Request-ID": "f57ec4109aa3ad9b860dd7e6460009b7",
        "x-request-time": "0.217"
      },
      "ResponseBody": {
        "id": "msg_GmDoBbXfZeuYcOxstSK9IgcT",
        "object": "thread.message",
        "created_at": 1753396121,
        "assistant_id": null,
        "thread_id": "thread_TmBseatIU79trEmeBIKFs3wv",
        "run_id": null,
        "role": "user",
        "content": [
          {
            "type": "text",
            "text": {
              "value": "Hello, please help me with a simple task.",
              "annotations": []
            }
          }
        ],
        "attachments": [],
        "metadata": {}
      }
    },
    {
      "RequestUri": "https://Sanitized.azure.com/api/projects/00000/threads/thread_TmBseatIU79trEmeBIKFs3wv/runs?api-version=2025-05-15-preview",
      "RequestMethod": "POST",
      "RequestHeaders": {
        "Accept": "application/json",
        "Accept-Encoding": "gzip, deflate, br, zstd",
        "Authorization": "Sanitized",
        "Connection": "keep-alive",
        "Content-Length": "175",
        "Content-Type": "application/json",
        "Referer": "http://Sanitized.azure.com/",
        "sec-ch-ua": "\"Not)A;Brand\";v=\"8\", \"Chromium\";v=\"138\", \"HeadlessChrome\";v=\"138\"",
        "sec-ch-ua-mobile": "?0",
        "sec-ch-ua-platform": "\"Windows\"",
        "Sec-Fetch-Dest": "empty",
        "Sec-Fetch-Mode": "cors",
        "Sec-Fetch-Site": "same-site",
        "User-Agent": "Mozilla/5.0 (Windows NT 10.0; Win64; x64) AppleWebKit/537.36 (KHTML, like Gecko) HeadlessChrome/138.0.7204.23 Safari/537.36",
        "x-ms-client-request-id": "Sanitized",
        "x-ms-useragent": "azsdk-js-client azsdk-js-api azsdk-js-ai-agents/1.1.0-beta.1 core-rest-pipeline/1.21.1 Chromium/138 OS/x86-Windows-19.0.0"
      },
      "RequestBody": {
        "assistant_id": "asst_qfHDvFvc2b4SlCjaw7phOQJh",
        "tool_resources": {
          "mcp": [
            {
              "server_label": "github",
              "headers": {
                "Authorization": "Bearer token123"
              },
              "require_approval": "always"
            }
          ]
        }
      },
      "StatusCode": 200,
      "ResponseHeaders": {
        "apim-request-id": "861c645c-63ee-401d-858d-216f0736b3cf",
        "azureml-served-by-cluster": "vienna-westus-02",
        "Content-Encoding": "gzip",
        "Content-Type": "application/json",
        "Date": "Thu, 24 Jul 2025 22:28:42 GMT",
        "openai-organization": "66c5ccd76cfe4bc79b7e2650cae937d0",
        "openai-processing-ms": "170",
        "openai-version": "2020-10-01",
        "Request-Context": "appId=cid-v1:2d2e8e63-272e-4b3c-8598-4ee570a0e70d",
        "Strict-Transport-Security": "max-age=31536000; includeSubDomains; preload",
        "Transfer-Encoding": "chunked",
        "Vary": "Accept-Encoding",
        "X-Content-Type-Options": "nosniff",
        "x-ms-middleware-request-id": "525f94e5-dda2-41b8-95c8-d212cb2ec3ce",
        "x-ms-region": "West US",
        "x-ms-response-type": "standard",
        "X-Request-ID": "b034570253bd36a1f23c89a96bd455be",
        "x-request-time": "0.787"
      },
      "ResponseBody": {
        "id": "run_6rbIhAIvlVJi2AwnSIUvLgw6",
        "object": "thread.run",
        "created_at": 1753396122,
        "assistant_id": "asst_qfHDvFvc2b4SlCjaw7phOQJh",
        "thread_id": "thread_TmBseatIU79trEmeBIKFs3wv",
        "status": "queued",
        "started_at": null,
        "expires_at": 1753397922,
        "cancelled_at": null,
        "failed_at": null,
        "completed_at": null,
        "required_action": null,
        "last_error": null,
        "model": "gpt-4o",
        "instructions": "You are a helpful agent that can use MCP tools to assist users.",
        "tools": [
          {
            "type": "mcp",
            "server_label": "github",
            "server_url": "https://Sanitized.azure.com/Azure/azure-rest-api-specs",
            "allowed_tools": [
              "search_azure_rest_api_code"
            ]
          }
        ],
        "tool_resources": {},
        "metadata": {},
        "temperature": 1.0,
        "top_p": 1.0,
        "max_completion_tokens": null,
        "max_prompt_tokens": null,
        "truncation_strategy": {
          "type": "auto",
          "last_messages": null
        },
        "incomplete_details": null,
        "usage": null,
        "response_format": "auto",
        "tool_choice": "auto",
        "parallel_tool_calls": true
      }
    },
    {
      "RequestUri": "https://Sanitized.azure.com/api/projects/00000/threads/thread_TmBseatIU79trEmeBIKFs3wv/runs/run_6rbIhAIvlVJi2AwnSIUvLgw6?api-version=2025-05-15-preview",
      "RequestMethod": "GET",
      "RequestHeaders": {
        "Accept": "application/json",
        "Accept-Encoding": "gzip, deflate, br, zstd",
        "Authorization": "Sanitized",
        "Connection": "keep-alive",
        "Referer": "http://Sanitized.azure.com/",
        "sec-ch-ua": "\"Not)A;Brand\";v=\"8\", \"Chromium\";v=\"138\", \"HeadlessChrome\";v=\"138\"",
        "sec-ch-ua-mobile": "?0",
        "sec-ch-ua-platform": "\"Windows\"",
        "Sec-Fetch-Dest": "empty",
        "Sec-Fetch-Mode": "cors",
        "Sec-Fetch-Site": "same-site",
        "User-Agent": "Mozilla/5.0 (Windows NT 10.0; Win64; x64) AppleWebKit/537.36 (KHTML, like Gecko) HeadlessChrome/138.0.7204.23 Safari/537.36",
        "x-ms-client-request-id": "Sanitized",
        "x-ms-useragent": "azsdk-js-client azsdk-js-api azsdk-js-ai-agents/1.1.0-beta.1 core-rest-pipeline/1.21.1 Chromium/138 OS/x86-Windows-19.0.0"
      },
      "RequestBody": null,
      "StatusCode": 200,
      "ResponseHeaders": {
        "apim-request-id": "2959c805-26ae-40f7-8b85-98d0853bd4cb",
        "azureml-served-by-cluster": "vienna-westus-02",
        "Content-Encoding": "gzip",
        "Content-Type": "application/json",
        "Date": "Thu, 24 Jul 2025 22:28:43 GMT",
        "openai-organization": "66c5ccd76cfe4bc79b7e2650cae937d0",
        "openai-processing-ms": "104",
        "openai-version": "2020-10-01",
        "Request-Context": "appId=cid-v1:2d2e8e63-272e-4b3c-8598-4ee570a0e70d",
        "Strict-Transport-Security": "max-age=31536000; includeSubDomains; preload",
        "Transfer-Encoding": "chunked",
        "Vary": "Accept-Encoding",
        "X-Content-Type-Options": "nosniff",
        "x-ms-middleware-request-id": "8425e284-76d8-4498-86f7-cf8863083ab8",
        "x-ms-region": "West US",
        "x-ms-response-type": "standard",
        "X-Request-ID": "0d16b47ecc5bd6f89103f8009d0aa1f2",
        "x-request-time": "0.216"
      },
      "ResponseBody": {
        "id": "run_6rbIhAIvlVJi2AwnSIUvLgw6",
        "object": "thread.run",
        "created_at": 1753396122,
        "assistant_id": "asst_qfHDvFvc2b4SlCjaw7phOQJh",
        "thread_id": "thread_TmBseatIU79trEmeBIKFs3wv",
        "status": "in_progress",
        "started_at": 1753396123,
        "expires_at": 1753397922,
        "cancelled_at": null,
        "failed_at": null,
        "completed_at": null,
        "required_action": null,
        "last_error": null,
        "model": "gpt-4o",
        "instructions": "You are a helpful agent that can use MCP tools to assist users.",
        "tools": [
          {
            "type": "mcp",
            "server_label": "github",
            "server_url": "https://Sanitized.azure.com/Azure/azure-rest-api-specs",
            "allowed_tools": [
              "search_azure_rest_api_code"
            ]
          }
        ],
        "tool_resources": {},
        "metadata": {},
        "temperature": 1.0,
        "top_p": 1.0,
        "max_completion_tokens": null,
        "max_prompt_tokens": null,
        "truncation_strategy": {
          "type": "auto",
          "last_messages": null
        },
        "incomplete_details": null,
        "usage": null,
        "response_format": "auto",
        "tool_choice": "auto",
        "parallel_tool_calls": true
      }
    },
    {
      "RequestUri": "https://Sanitized.azure.com/api/projects/00000/threads/thread_TmBseatIU79trEmeBIKFs3wv/runs/run_6rbIhAIvlVJi2AwnSIUvLgw6?api-version=2025-05-15-preview",
      "RequestMethod": "GET",
      "RequestHeaders": {
        "Accept": "application/json",
        "Accept-Encoding": "gzip, deflate, br, zstd",
        "Authorization": "Sanitized",
        "Connection": "keep-alive",
        "Referer": "http://Sanitized.azure.com/",
        "sec-ch-ua": "\"Not)A;Brand\";v=\"8\", \"Chromium\";v=\"138\", \"HeadlessChrome\";v=\"138\"",
        "sec-ch-ua-mobile": "?0",
        "sec-ch-ua-platform": "\"Windows\"",
        "Sec-Fetch-Dest": "empty",
        "Sec-Fetch-Mode": "cors",
        "Sec-Fetch-Site": "same-site",
        "User-Agent": "Mozilla/5.0 (Windows NT 10.0; Win64; x64) AppleWebKit/537.36 (KHTML, like Gecko) HeadlessChrome/138.0.7204.23 Safari/537.36",
        "x-ms-client-request-id": "Sanitized",
        "x-ms-useragent": "azsdk-js-client azsdk-js-api azsdk-js-ai-agents/1.1.0-beta.1 core-rest-pipeline/1.21.1 Chromium/138 OS/x86-Windows-19.0.0"
      },
      "RequestBody": null,
      "StatusCode": 200,
      "ResponseHeaders": {
        "apim-request-id": "681d1aab-591a-4df4-9b81-d9b948a5b487",
        "azureml-served-by-cluster": "vienna-westus-02",
        "Content-Encoding": "gzip",
        "Content-Type": "application/json",
        "Date": "Thu, 24 Jul 2025 22:28:44 GMT",
        "openai-organization": "66c5ccd76cfe4bc79b7e2650cae937d0",
        "openai-processing-ms": "129",
        "openai-version": "2020-10-01",
        "Request-Context": "appId=cid-v1:2d2e8e63-272e-4b3c-8598-4ee570a0e70d",
        "Strict-Transport-Security": "max-age=31536000; includeSubDomains; preload",
        "Transfer-Encoding": "chunked",
        "Vary": "Accept-Encoding",
        "X-Content-Type-Options": "nosniff",
        "x-ms-middleware-request-id": "f22004ce-933b-4b98-ab66-87992cecff16",
        "x-ms-region": "West US",
        "x-ms-response-type": "standard",
        "X-Request-ID": "45e98fddaab087e22c155f8959e904ea",
        "x-request-time": "0.236"
      },
      "ResponseBody": {
        "id": "run_6rbIhAIvlVJi2AwnSIUvLgw6",
        "object": "thread.run",
        "created_at": 1753396122,
        "assistant_id": "asst_qfHDvFvc2b4SlCjaw7phOQJh",
        "thread_id": "thread_TmBseatIU79trEmeBIKFs3wv",
        "status": "in_progress",
        "started_at": 1753396123,
        "expires_at": 1753397922,
        "cancelled_at": null,
        "failed_at": null,
        "completed_at": null,
        "required_action": null,
        "last_error": null,
        "model": "gpt-4o",
        "instructions": "You are a helpful agent that can use MCP tools to assist users.",
        "tools": [
          {
            "type": "mcp",
            "server_label": "github",
            "server_url": "https://Sanitized.azure.com/Azure/azure-rest-api-specs",
            "allowed_tools": [
              "search_azure_rest_api_code"
            ]
          }
        ],
        "tool_resources": {},
        "metadata": {},
        "temperature": 1.0,
        "top_p": 1.0,
        "max_completion_tokens": null,
        "max_prompt_tokens": null,
        "truncation_strategy": {
          "type": "auto",
          "last_messages": null
        },
        "incomplete_details": null,
        "usage": null,
        "response_format": "auto",
        "tool_choice": "auto",
        "parallel_tool_calls": true
      }
    },
    {
      "RequestUri": "https://Sanitized.azure.com/api/projects/00000/threads/thread_TmBseatIU79trEmeBIKFs3wv/runs/run_6rbIhAIvlVJi2AwnSIUvLgw6?api-version=2025-05-15-preview",
      "RequestMethod": "GET",
      "RequestHeaders": {
        "Accept": "application/json",
        "Accept-Encoding": "gzip, deflate, br, zstd",
        "Authorization": "Sanitized",
        "Connection": "keep-alive",
        "Referer": "http://Sanitized.azure.com/",
        "sec-ch-ua": "\"Not)A;Brand\";v=\"8\", \"Chromium\";v=\"138\", \"HeadlessChrome\";v=\"138\"",
        "sec-ch-ua-mobile": "?0",
        "sec-ch-ua-platform": "\"Windows\"",
        "Sec-Fetch-Dest": "empty",
        "Sec-Fetch-Mode": "cors",
        "Sec-Fetch-Site": "same-site",
        "User-Agent": "Mozilla/5.0 (Windows NT 10.0; Win64; x64) AppleWebKit/537.36 (KHTML, like Gecko) HeadlessChrome/138.0.7204.23 Safari/537.36",
        "x-ms-client-request-id": "Sanitized",
        "x-ms-useragent": "azsdk-js-client azsdk-js-api azsdk-js-ai-agents/1.1.0-beta.1 core-rest-pipeline/1.21.1 Chromium/138 OS/x86-Windows-19.0.0"
      },
      "RequestBody": null,
      "StatusCode": 200,
      "ResponseHeaders": {
        "apim-request-id": "b36aeec7-59ae-4d7c-92a5-b0ccf6757fe0",
        "azureml-served-by-cluster": "vienna-westus-02",
        "Content-Encoding": "gzip",
        "Content-Type": "application/json",
        "Date": "Thu, 24 Jul 2025 22:28:46 GMT",
        "openai-organization": "66c5ccd76cfe4bc79b7e2650cae937d0",
        "openai-processing-ms": "96",
        "openai-version": "2020-10-01",
        "Request-Context": "appId=cid-v1:2d2e8e63-272e-4b3c-8598-4ee570a0e70d",
        "Strict-Transport-Security": "max-age=31536000; includeSubDomains; preload",
        "Transfer-Encoding": "chunked",
        "Vary": "Accept-Encoding",
        "X-Content-Type-Options": "nosniff",
        "x-ms-middleware-request-id": "1e4cb55f-f96d-4b11-b9fa-999b5b5018e5",
        "x-ms-region": "West US",
        "x-ms-response-type": "standard",
        "X-Request-ID": "1c090b34d81e02e39ea09cbc7ec972dd",
        "x-request-time": "0.198"
      },
      "ResponseBody": {
        "id": "run_6rbIhAIvlVJi2AwnSIUvLgw6",
        "object": "thread.run",
        "created_at": 1753396122,
        "assistant_id": "asst_qfHDvFvc2b4SlCjaw7phOQJh",
        "thread_id": "thread_TmBseatIU79trEmeBIKFs3wv",
        "status": "in_progress",
        "started_at": 1753396123,
        "expires_at": 1753397922,
        "cancelled_at": null,
        "failed_at": null,
        "completed_at": null,
        "required_action": null,
        "last_error": null,
        "model": "gpt-4o",
        "instructions": "You are a helpful agent that can use MCP tools to assist users.",
        "tools": [
          {
            "type": "mcp",
            "server_label": "github",
            "server_url": "https://Sanitized.azure.com/Azure/azure-rest-api-specs",
            "allowed_tools": [
              "search_azure_rest_api_code"
            ]
          }
        ],
        "tool_resources": {},
        "metadata": {},
        "temperature": 1.0,
        "top_p": 1.0,
        "max_completion_tokens": null,
        "max_prompt_tokens": null,
        "truncation_strategy": {
          "type": "auto",
          "last_messages": null
        },
        "incomplete_details": null,
        "usage": null,
        "response_format": "auto",
        "tool_choice": "auto",
        "parallel_tool_calls": true
      }
    },
    {
      "RequestUri": "https://Sanitized.azure.com/api/projects/00000/threads/thread_TmBseatIU79trEmeBIKFs3wv/runs/run_6rbIhAIvlVJi2AwnSIUvLgw6?api-version=2025-05-15-preview",
      "RequestMethod": "GET",
      "RequestHeaders": {
        "Accept": "application/json",
        "Accept-Encoding": "gzip, deflate, br, zstd",
        "Authorization": "Sanitized",
        "Connection": "keep-alive",
        "Referer": "http://Sanitized.azure.com/",
        "sec-ch-ua": "\"Not)A;Brand\";v=\"8\", \"Chromium\";v=\"138\", \"HeadlessChrome\";v=\"138\"",
        "sec-ch-ua-mobile": "?0",
        "sec-ch-ua-platform": "\"Windows\"",
        "Sec-Fetch-Dest": "empty",
        "Sec-Fetch-Mode": "cors",
        "Sec-Fetch-Site": "same-site",
        "User-Agent": "Mozilla/5.0 (Windows NT 10.0; Win64; x64) AppleWebKit/537.36 (KHTML, like Gecko) HeadlessChrome/138.0.7204.23 Safari/537.36",
        "x-ms-client-request-id": "Sanitized",
        "x-ms-useragent": "azsdk-js-client azsdk-js-api azsdk-js-ai-agents/1.1.0-beta.1 core-rest-pipeline/1.21.1 Chromium/138 OS/x86-Windows-19.0.0"
      },
      "RequestBody": null,
      "StatusCode": 200,
      "ResponseHeaders": {
        "apim-request-id": "f2fe47a1-f650-43f9-999d-b89409472a92",
        "azureml-served-by-cluster": "vienna-westus-02",
        "Content-Encoding": "gzip",
        "Content-Type": "application/json",
        "Date": "Thu, 24 Jul 2025 22:28:47 GMT",
        "openai-organization": "66c5ccd76cfe4bc79b7e2650cae937d0",
        "openai-processing-ms": "318",
        "openai-version": "2020-10-01",
        "Request-Context": "appId=cid-v1:2d2e8e63-272e-4b3c-8598-4ee570a0e70d",
        "Strict-Transport-Security": "max-age=31536000; includeSubDomains; preload",
        "Transfer-Encoding": "chunked",
        "Vary": "Accept-Encoding",
        "X-Content-Type-Options": "nosniff",
        "x-ms-middleware-request-id": "45308de4-c561-485c-a935-bdc5167048e3",
        "x-ms-region": "West US",
        "x-ms-response-type": "standard",
        "X-Request-ID": "e744d9885ca04dd23940d68b050217c6",
        "x-request-time": "0.426"
      },
      "ResponseBody": {
        "id": "run_6rbIhAIvlVJi2AwnSIUvLgw6",
        "object": "thread.run",
        "created_at": 1753396122,
        "assistant_id": "asst_qfHDvFvc2b4SlCjaw7phOQJh",
        "thread_id": "thread_TmBseatIU79trEmeBIKFs3wv",
        "status": "in_progress",
        "started_at": 1753396123,
        "expires_at": 1753397922,
        "cancelled_at": null,
        "failed_at": null,
        "completed_at": null,
        "required_action": null,
        "last_error": null,
        "model": "gpt-4o",
        "instructions": "You are a helpful agent that can use MCP tools to assist users.",
        "tools": [
          {
            "type": "mcp",
            "server_label": "github",
            "server_url": "https://Sanitized.azure.com/Azure/azure-rest-api-specs",
            "allowed_tools": [
              "search_azure_rest_api_code"
            ]
          }
        ],
        "tool_resources": {},
        "metadata": {},
        "temperature": 1.0,
        "top_p": 1.0,
        "max_completion_tokens": null,
        "max_prompt_tokens": null,
        "truncation_strategy": {
          "type": "auto",
          "last_messages": null
        },
        "incomplete_details": null,
        "usage": null,
        "response_format": "auto",
        "tool_choice": "auto",
        "parallel_tool_calls": true
      }
    },
    {
      "RequestUri": "https://Sanitized.azure.com/api/projects/00000/threads/thread_TmBseatIU79trEmeBIKFs3wv/runs/run_6rbIhAIvlVJi2AwnSIUvLgw6?api-version=2025-05-15-preview",
      "RequestMethod": "GET",
      "RequestHeaders": {
        "Accept": "application/json",
        "Accept-Encoding": "gzip, deflate, br, zstd",
        "Authorization": "Sanitized",
        "Connection": "keep-alive",
        "Referer": "http://Sanitized.azure.com/",
        "sec-ch-ua": "\"Not)A;Brand\";v=\"8\", \"Chromium\";v=\"138\", \"HeadlessChrome\";v=\"138\"",
        "sec-ch-ua-mobile": "?0",
        "sec-ch-ua-platform": "\"Windows\"",
        "Sec-Fetch-Dest": "empty",
        "Sec-Fetch-Mode": "cors",
        "Sec-Fetch-Site": "same-site",
        "User-Agent": "Mozilla/5.0 (Windows NT 10.0; Win64; x64) AppleWebKit/537.36 (KHTML, like Gecko) HeadlessChrome/138.0.7204.23 Safari/537.36",
        "x-ms-client-request-id": "Sanitized",
        "x-ms-useragent": "azsdk-js-client azsdk-js-api azsdk-js-ai-agents/1.1.0-beta.1 core-rest-pipeline/1.21.1 Chromium/138 OS/x86-Windows-19.0.0"
      },
      "RequestBody": null,
      "StatusCode": 200,
      "ResponseHeaders": {
        "apim-request-id": "6586627c-9e7a-4e61-b246-78aae8ee8c49",
        "azureml-served-by-cluster": "vienna-westus-02",
        "Content-Encoding": "gzip",
        "Content-Type": "application/json",
        "Date": "Thu, 24 Jul 2025 22:28:49 GMT",
        "openai-organization": "66c5ccd76cfe4bc79b7e2650cae937d0",
        "openai-processing-ms": "109",
        "openai-version": "2020-10-01",
        "Request-Context": "appId=cid-v1:2d2e8e63-272e-4b3c-8598-4ee570a0e70d",
        "Strict-Transport-Security": "max-age=31536000; includeSubDomains; preload",
        "Transfer-Encoding": "chunked",
        "Vary": "Accept-Encoding",
        "X-Content-Type-Options": "nosniff",
        "x-ms-middleware-request-id": "bcab9fca-4032-464c-aa38-f61d025c767b",
        "x-ms-region": "West US",
        "x-ms-response-type": "standard",
        "X-Request-ID": "304ee07c847093bfbe0477fe2ab9c2cd",
        "x-request-time": "0.213"
      },
      "ResponseBody": {
        "id": "run_6rbIhAIvlVJi2AwnSIUvLgw6",
        "object": "thread.run",
        "created_at": 1753396122,
        "assistant_id": "asst_qfHDvFvc2b4SlCjaw7phOQJh",
        "thread_id": "thread_TmBseatIU79trEmeBIKFs3wv",
        "status": "in_progress",
        "started_at": 1753396123,
        "expires_at": 1753397922,
        "cancelled_at": null,
        "failed_at": null,
        "completed_at": null,
        "required_action": null,
        "last_error": null,
        "model": "gpt-4o",
        "instructions": "You are a helpful agent that can use MCP tools to assist users.",
        "tools": [
          {
            "type": "mcp",
            "server_label": "github",
            "server_url": "https://Sanitized.azure.com/Azure/azure-rest-api-specs",
            "allowed_tools": [
              "search_azure_rest_api_code"
            ]
          }
        ],
        "tool_resources": {},
        "metadata": {},
        "temperature": 1.0,
        "top_p": 1.0,
        "max_completion_tokens": null,
        "max_prompt_tokens": null,
        "truncation_strategy": {
          "type": "auto",
          "last_messages": null
        },
        "incomplete_details": null,
        "usage": null,
        "response_format": "auto",
        "tool_choice": "auto",
        "parallel_tool_calls": true
      }
    },
    {
      "RequestUri": "https://Sanitized.azure.com/api/projects/00000/threads/thread_TmBseatIU79trEmeBIKFs3wv/runs/run_6rbIhAIvlVJi2AwnSIUvLgw6?api-version=2025-05-15-preview",
      "RequestMethod": "GET",
      "RequestHeaders": {
        "Accept": "application/json",
        "Accept-Encoding": "gzip, deflate, br, zstd",
        "Authorization": "Sanitized",
        "Connection": "keep-alive",
        "Referer": "http://Sanitized.azure.com/",
        "sec-ch-ua": "\"Not)A;Brand\";v=\"8\", \"Chromium\";v=\"138\", \"HeadlessChrome\";v=\"138\"",
        "sec-ch-ua-mobile": "?0",
        "sec-ch-ua-platform": "\"Windows\"",
        "Sec-Fetch-Dest": "empty",
        "Sec-Fetch-Mode": "cors",
        "Sec-Fetch-Site": "same-site",
        "User-Agent": "Mozilla/5.0 (Windows NT 10.0; Win64; x64) AppleWebKit/537.36 (KHTML, like Gecko) HeadlessChrome/138.0.7204.23 Safari/537.36",
        "x-ms-client-request-id": "Sanitized",
        "x-ms-useragent": "azsdk-js-client azsdk-js-api azsdk-js-ai-agents/1.1.0-beta.1 core-rest-pipeline/1.21.1 Chromium/138 OS/x86-Windows-19.0.0"
      },
      "RequestBody": null,
      "StatusCode": 200,
      "ResponseHeaders": {
        "apim-request-id": "590b4e7e-bd76-4e9c-88d5-0e0ce8c263b4",
        "azureml-served-by-cluster": "vienna-westus-02",
        "Content-Encoding": "gzip",
        "Content-Type": "application/json",
        "Date": "Thu, 24 Jul 2025 22:28:50 GMT",
        "openai-organization": "66c5ccd76cfe4bc79b7e2650cae937d0",
        "openai-processing-ms": "88",
        "openai-version": "2020-10-01",
        "Request-Context": "appId=cid-v1:2d2e8e63-272e-4b3c-8598-4ee570a0e70d",
        "Strict-Transport-Security": "max-age=31536000; includeSubDomains; preload",
        "Transfer-Encoding": "chunked",
        "Vary": "Accept-Encoding",
        "X-Content-Type-Options": "nosniff",
        "x-ms-middleware-request-id": "048bbc79-74a7-47a1-ab20-6dae08fddb1e",
        "x-ms-region": "West US",
        "x-ms-response-type": "standard",
        "X-Request-ID": "79e375d5836b7ae6610d42462e6a03cd",
        "x-request-time": "0.185"
      },
      "ResponseBody": {
        "id": "run_6rbIhAIvlVJi2AwnSIUvLgw6",
        "object": "thread.run",
        "created_at": 1753396122,
        "assistant_id": "asst_qfHDvFvc2b4SlCjaw7phOQJh",
        "thread_id": "thread_TmBseatIU79trEmeBIKFs3wv",
        "status": "in_progress",
        "started_at": 1753396123,
        "expires_at": 1753397922,
        "cancelled_at": null,
        "failed_at": null,
        "completed_at": null,
        "required_action": null,
        "last_error": null,
        "model": "gpt-4o",
        "instructions": "You are a helpful agent that can use MCP tools to assist users.",
        "tools": [
          {
            "type": "mcp",
            "server_label": "github",
            "server_url": "https://Sanitized.azure.com/Azure/azure-rest-api-specs",
            "allowed_tools": [
              "search_azure_rest_api_code"
            ]
          }
        ],
        "tool_resources": {},
        "metadata": {},
        "temperature": 1.0,
        "top_p": 1.0,
        "max_completion_tokens": null,
        "max_prompt_tokens": null,
        "truncation_strategy": {
          "type": "auto",
          "last_messages": null
        },
        "incomplete_details": null,
        "usage": null,
        "response_format": "auto",
        "tool_choice": "auto",
        "parallel_tool_calls": true
      }
    },
    {
      "RequestUri": "https://Sanitized.azure.com/api/projects/00000/threads/thread_TmBseatIU79trEmeBIKFs3wv/runs/run_6rbIhAIvlVJi2AwnSIUvLgw6?api-version=2025-05-15-preview",
      "RequestMethod": "GET",
      "RequestHeaders": {
        "Accept": "application/json",
        "Accept-Encoding": "gzip, deflate, br, zstd",
        "Authorization": "Sanitized",
        "Connection": "keep-alive",
        "Referer": "http://Sanitized.azure.com/",
        "sec-ch-ua": "\"Not)A;Brand\";v=\"8\", \"Chromium\";v=\"138\", \"HeadlessChrome\";v=\"138\"",
        "sec-ch-ua-mobile": "?0",
        "sec-ch-ua-platform": "\"Windows\"",
        "Sec-Fetch-Dest": "empty",
        "Sec-Fetch-Mode": "cors",
        "Sec-Fetch-Site": "same-site",
        "User-Agent": "Mozilla/5.0 (Windows NT 10.0; Win64; x64) AppleWebKit/537.36 (KHTML, like Gecko) HeadlessChrome/138.0.7204.23 Safari/537.36",
        "x-ms-client-request-id": "Sanitized",
        "x-ms-useragent": "azsdk-js-client azsdk-js-api azsdk-js-ai-agents/1.1.0-beta.1 core-rest-pipeline/1.21.1 Chromium/138 OS/x86-Windows-19.0.0"
      },
      "RequestBody": null,
      "StatusCode": 200,
      "ResponseHeaders": {
        "apim-request-id": "972e48fc-09b1-4dc4-a912-0ae7c0bb53c0",
        "azureml-served-by-cluster": "vienna-westus-02",
        "Content-Encoding": "gzip",
        "Content-Type": "application/json",
        "Date": "Thu, 24 Jul 2025 22:28:51 GMT",
        "openai-organization": "66c5ccd76cfe4bc79b7e2650cae937d0",
        "openai-processing-ms": "124",
        "openai-version": "2020-10-01",
        "Request-Context": "appId=cid-v1:2d2e8e63-272e-4b3c-8598-4ee570a0e70d",
        "Strict-Transport-Security": "max-age=31536000; includeSubDomains; preload",
        "Transfer-Encoding": "chunked",
        "Vary": "Accept-Encoding",
        "X-Content-Type-Options": "nosniff",
        "x-ms-middleware-request-id": "980f0e46-07c1-4520-84d0-791885b7a2c8",
        "x-ms-region": "West US",
        "x-ms-response-type": "standard",
        "X-Request-ID": "02fa4371734735db055897c1c2b503d0",
        "x-request-time": "0.216"
      },
      "ResponseBody": {
        "id": "run_6rbIhAIvlVJi2AwnSIUvLgw6",
        "object": "thread.run",
        "created_at": 1753396122,
        "assistant_id": "asst_qfHDvFvc2b4SlCjaw7phOQJh",
        "thread_id": "thread_TmBseatIU79trEmeBIKFs3wv",
        "status": "in_progress",
        "started_at": 1753396123,
        "expires_at": 1753397922,
        "cancelled_at": null,
        "failed_at": null,
        "completed_at": null,
        "required_action": null,
        "last_error": null,
        "model": "gpt-4o",
        "instructions": "You are a helpful agent that can use MCP tools to assist users.",
        "tools": [
          {
            "type": "mcp",
            "server_label": "github",
            "server_url": "https://Sanitized.azure.com/Azure/azure-rest-api-specs",
            "allowed_tools": [
              "search_azure_rest_api_code"
            ]
          }
        ],
        "tool_resources": {},
        "metadata": {},
        "temperature": 1.0,
        "top_p": 1.0,
        "max_completion_tokens": null,
        "max_prompt_tokens": null,
        "truncation_strategy": {
          "type": "auto",
          "last_messages": null
        },
        "incomplete_details": null,
        "usage": null,
        "response_format": "auto",
        "tool_choice": "auto",
        "parallel_tool_calls": true
      }
    },
    {
      "RequestUri": "https://Sanitized.azure.com/api/projects/00000/threads/thread_TmBseatIU79trEmeBIKFs3wv/runs/run_6rbIhAIvlVJi2AwnSIUvLgw6?api-version=2025-05-15-preview",
      "RequestMethod": "GET",
      "RequestHeaders": {
        "Accept": "application/json",
        "Accept-Encoding": "gzip, deflate, br, zstd",
        "Authorization": "Sanitized",
        "Connection": "keep-alive",
        "Referer": "http://Sanitized.azure.com/",
        "sec-ch-ua": "\"Not)A;Brand\";v=\"8\", \"Chromium\";v=\"138\", \"HeadlessChrome\";v=\"138\"",
        "sec-ch-ua-mobile": "?0",
        "sec-ch-ua-platform": "\"Windows\"",
        "Sec-Fetch-Dest": "empty",
        "Sec-Fetch-Mode": "cors",
        "Sec-Fetch-Site": "same-site",
        "User-Agent": "Mozilla/5.0 (Windows NT 10.0; Win64; x64) AppleWebKit/537.36 (KHTML, like Gecko) HeadlessChrome/138.0.7204.23 Safari/537.36",
        "x-ms-client-request-id": "Sanitized",
        "x-ms-useragent": "azsdk-js-client azsdk-js-api azsdk-js-ai-agents/1.1.0-beta.1 core-rest-pipeline/1.21.1 Chromium/138 OS/x86-Windows-19.0.0"
      },
      "RequestBody": null,
      "StatusCode": 200,
      "ResponseHeaders": {
        "apim-request-id": "04282609-6105-4c9b-8c80-66c9740b0476",
        "azureml-served-by-cluster": "vienna-westus-02",
        "Content-Encoding": "gzip",
        "Content-Type": "application/json",
        "Date": "Thu, 24 Jul 2025 22:28:52 GMT",
        "openai-organization": "66c5ccd76cfe4bc79b7e2650cae937d0",
        "openai-processing-ms": "89",
        "openai-version": "2020-10-01",
        "Request-Context": "appId=cid-v1:2d2e8e63-272e-4b3c-8598-4ee570a0e70d",
        "Strict-Transport-Security": "max-age=31536000; includeSubDomains; preload",
        "Transfer-Encoding": "chunked",
        "Vary": "Accept-Encoding",
        "X-Content-Type-Options": "nosniff",
        "x-ms-middleware-request-id": "a3706d7e-5b25-4329-91c7-f244117fdb91",
        "x-ms-region": "West US",
        "x-ms-response-type": "standard",
        "X-Request-ID": "5dbdad0f71ae81fd194af35a99f662f6",
        "x-request-time": "0.200"
      },
      "ResponseBody": {
        "id": "run_6rbIhAIvlVJi2AwnSIUvLgw6",
        "object": "thread.run",
        "created_at": 1753396122,
        "assistant_id": "asst_qfHDvFvc2b4SlCjaw7phOQJh",
        "thread_id": "thread_TmBseatIU79trEmeBIKFs3wv",
        "status": "in_progress",
        "started_at": 1753396123,
        "expires_at": 1753397922,
        "cancelled_at": null,
        "failed_at": null,
        "completed_at": null,
        "required_action": null,
        "last_error": null,
        "model": "gpt-4o",
        "instructions": "You are a helpful agent that can use MCP tools to assist users.",
        "tools": [
          {
            "type": "mcp",
            "server_label": "github",
            "server_url": "https://Sanitized.azure.com/Azure/azure-rest-api-specs",
            "allowed_tools": [
              "search_azure_rest_api_code"
            ]
          }
        ],
        "tool_resources": {},
        "metadata": {},
        "temperature": 1.0,
        "top_p": 1.0,
        "max_completion_tokens": null,
        "max_prompt_tokens": null,
        "truncation_strategy": {
          "type": "auto",
          "last_messages": null
        },
        "incomplete_details": null,
        "usage": null,
        "response_format": "auto",
        "tool_choice": "auto",
        "parallel_tool_calls": true
      }
    },
    {
      "RequestUri": "https://Sanitized.azure.com/api/projects/00000/threads/thread_TmBseatIU79trEmeBIKFs3wv/runs/run_6rbIhAIvlVJi2AwnSIUvLgw6?api-version=2025-05-15-preview",
      "RequestMethod": "GET",
      "RequestHeaders": {
        "Accept": "application/json",
        "Accept-Encoding": "gzip, deflate, br, zstd",
        "Authorization": "Sanitized",
        "Connection": "keep-alive",
        "Referer": "http://Sanitized.azure.com/",
        "sec-ch-ua": "\"Not)A;Brand\";v=\"8\", \"Chromium\";v=\"138\", \"HeadlessChrome\";v=\"138\"",
        "sec-ch-ua-mobile": "?0",
        "sec-ch-ua-platform": "\"Windows\"",
        "Sec-Fetch-Dest": "empty",
        "Sec-Fetch-Mode": "cors",
        "Sec-Fetch-Site": "same-site",
        "User-Agent": "Mozilla/5.0 (Windows NT 10.0; Win64; x64) AppleWebKit/537.36 (KHTML, like Gecko) HeadlessChrome/138.0.7204.23 Safari/537.36",
        "x-ms-client-request-id": "Sanitized",
        "x-ms-useragent": "azsdk-js-client azsdk-js-api azsdk-js-ai-agents/1.1.0-beta.1 core-rest-pipeline/1.21.1 Chromium/138 OS/x86-Windows-19.0.0"
      },
      "RequestBody": null,
      "StatusCode": 200,
      "ResponseHeaders": {
        "apim-request-id": "c109e1dc-1ac9-423f-aaf7-f8014996616d",
        "azureml-served-by-cluster": "vienna-westus-02",
        "Content-Encoding": "gzip",
        "Content-Type": "application/json",
        "Date": "Thu, 24 Jul 2025 22:28:54 GMT",
        "openai-organization": "66c5ccd76cfe4bc79b7e2650cae937d0",
        "openai-processing-ms": "40",
        "openai-version": "2020-10-01",
        "Request-Context": "appId=cid-v1:2d2e8e63-272e-4b3c-8598-4ee570a0e70d",
        "Strict-Transport-Security": "max-age=31536000; includeSubDomains; preload",
        "Transfer-Encoding": "chunked",
        "Vary": "Accept-Encoding",
        "X-Content-Type-Options": "nosniff",
        "x-ms-middleware-request-id": "a13c6345-5b82-4791-8d91-e005f81661a9",
        "x-ms-region": "West US",
        "x-ms-response-type": "standard",
        "X-Request-ID": "d1c03e8b1f41c959012e091dba7acdee",
        "x-request-time": "0.147"
      },
      "ResponseBody": {
        "id": "run_6rbIhAIvlVJi2AwnSIUvLgw6",
        "object": "thread.run",
        "created_at": 1753396122,
        "assistant_id": "asst_qfHDvFvc2b4SlCjaw7phOQJh",
        "thread_id": "thread_TmBseatIU79trEmeBIKFs3wv",
        "status": "in_progress",
        "started_at": 1753396123,
        "expires_at": 1753397922,
        "cancelled_at": null,
        "failed_at": null,
        "completed_at": null,
        "required_action": null,
        "last_error": null,
        "model": "gpt-4o",
        "instructions": "You are a helpful agent that can use MCP tools to assist users.",
        "tools": [
          {
            "type": "mcp",
            "server_label": "github",
            "server_url": "https://Sanitized.azure.com/Azure/azure-rest-api-specs",
            "allowed_tools": [
              "search_azure_rest_api_code"
            ]
          }
        ],
        "tool_resources": {},
        "metadata": {},
        "temperature": 1.0,
        "top_p": 1.0,
        "max_completion_tokens": null,
        "max_prompt_tokens": null,
        "truncation_strategy": {
          "type": "auto",
          "last_messages": null
        },
        "incomplete_details": null,
        "usage": null,
        "response_format": "auto",
        "tool_choice": "auto",
        "parallel_tool_calls": true
      }
    },
    {
      "RequestUri": "https://Sanitized.azure.com/api/projects/00000/threads/thread_TmBseatIU79trEmeBIKFs3wv/runs/run_6rbIhAIvlVJi2AwnSIUvLgw6?api-version=2025-05-15-preview",
      "RequestMethod": "GET",
      "RequestHeaders": {
        "Accept": "application/json",
        "Accept-Encoding": "gzip, deflate, br, zstd",
        "Authorization": "Sanitized",
        "Connection": "keep-alive",
        "Referer": "http://Sanitized.azure.com/",
        "sec-ch-ua": "\"Not)A;Brand\";v=\"8\", \"Chromium\";v=\"138\", \"HeadlessChrome\";v=\"138\"",
        "sec-ch-ua-mobile": "?0",
        "sec-ch-ua-platform": "\"Windows\"",
        "Sec-Fetch-Dest": "empty",
        "Sec-Fetch-Mode": "cors",
        "Sec-Fetch-Site": "same-site",
        "User-Agent": "Mozilla/5.0 (Windows NT 10.0; Win64; x64) AppleWebKit/537.36 (KHTML, like Gecko) HeadlessChrome/138.0.7204.23 Safari/537.36",
        "x-ms-client-request-id": "Sanitized",
        "x-ms-useragent": "azsdk-js-client azsdk-js-api azsdk-js-ai-agents/1.1.0-beta.1 core-rest-pipeline/1.21.1 Chromium/138 OS/x86-Windows-19.0.0"
      },
      "RequestBody": null,
      "StatusCode": 200,
      "ResponseHeaders": {
        "apim-request-id": "96cf8bb3-ee23-4636-97e5-4a4f0cc2466b",
        "azureml-served-by-cluster": "vienna-westus-02",
        "Content-Encoding": "gzip",
        "Content-Type": "application/json",
        "Date": "Thu, 24 Jul 2025 22:28:55 GMT",
        "openai-organization": "66c5ccd76cfe4bc79b7e2650cae937d0",
        "openai-processing-ms": "85",
        "openai-version": "2020-10-01",
        "Request-Context": "appId=cid-v1:2d2e8e63-272e-4b3c-8598-4ee570a0e70d",
        "Strict-Transport-Security": "max-age=31536000; includeSubDomains; preload",
        "Transfer-Encoding": "chunked",
        "Vary": "Accept-Encoding",
        "X-Content-Type-Options": "nosniff",
        "x-ms-middleware-request-id": "95165b12-63e7-4f4e-8413-1b70d8e6c292",
        "x-ms-region": "West US",
        "x-ms-response-type": "standard",
        "X-Request-ID": "b15459cd3ac4eb1fd3ff6dd1f9422bae",
        "x-request-time": "0.184"
      },
      "ResponseBody": {
        "id": "run_6rbIhAIvlVJi2AwnSIUvLgw6",
        "object": "thread.run",
        "created_at": 1753396122,
        "assistant_id": "asst_qfHDvFvc2b4SlCjaw7phOQJh",
        "thread_id": "thread_TmBseatIU79trEmeBIKFs3wv",
        "status": "in_progress",
        "started_at": 1753396123,
        "expires_at": 1753397922,
        "cancelled_at": null,
        "failed_at": null,
        "completed_at": null,
        "required_action": null,
        "last_error": null,
        "model": "gpt-4o",
        "instructions": "You are a helpful agent that can use MCP tools to assist users.",
        "tools": [
          {
            "type": "mcp",
            "server_label": "github",
            "server_url": "https://Sanitized.azure.com/Azure/azure-rest-api-specs",
            "allowed_tools": [
              "search_azure_rest_api_code"
            ]
          }
        ],
        "tool_resources": {},
        "metadata": {},
        "temperature": 1.0,
        "top_p": 1.0,
        "max_completion_tokens": null,
        "max_prompt_tokens": null,
        "truncation_strategy": {
          "type": "auto",
          "last_messages": null
        },
        "incomplete_details": null,
        "usage": null,
        "response_format": "auto",
        "tool_choice": "auto",
        "parallel_tool_calls": true
      }
    },
    {
      "RequestUri": "https://Sanitized.azure.com/api/projects/00000/threads/thread_TmBseatIU79trEmeBIKFs3wv/runs/run_6rbIhAIvlVJi2AwnSIUvLgw6?api-version=2025-05-15-preview",
      "RequestMethod": "GET",
      "RequestHeaders": {
        "Accept": "application/json",
        "Accept-Encoding": "gzip, deflate, br, zstd",
        "Authorization": "Sanitized",
        "Connection": "keep-alive",
        "Referer": "http://Sanitized.azure.com/",
        "sec-ch-ua": "\"Not)A;Brand\";v=\"8\", \"Chromium\";v=\"138\", \"HeadlessChrome\";v=\"138\"",
        "sec-ch-ua-mobile": "?0",
        "sec-ch-ua-platform": "\"Windows\"",
        "Sec-Fetch-Dest": "empty",
        "Sec-Fetch-Mode": "cors",
        "Sec-Fetch-Site": "same-site",
        "User-Agent": "Mozilla/5.0 (Windows NT 10.0; Win64; x64) AppleWebKit/537.36 (KHTML, like Gecko) HeadlessChrome/138.0.7204.23 Safari/537.36",
        "x-ms-client-request-id": "Sanitized",
        "x-ms-useragent": "azsdk-js-client azsdk-js-api azsdk-js-ai-agents/1.1.0-beta.1 core-rest-pipeline/1.21.1 Chromium/138 OS/x86-Windows-19.0.0"
      },
      "RequestBody": null,
      "StatusCode": 200,
      "ResponseHeaders": {
        "apim-request-id": "9e82157d-14a2-4a8e-8c02-2521fd7ca916",
        "azureml-served-by-cluster": "vienna-westus-02",
        "Content-Encoding": "gzip",
        "Content-Type": "application/json",
        "Date": "Thu, 24 Jul 2025 22:28:56 GMT",
        "openai-organization": "66c5ccd76cfe4bc79b7e2650cae937d0",
        "openai-processing-ms": "87",
        "openai-version": "2020-10-01",
        "Request-Context": "appId=cid-v1:2d2e8e63-272e-4b3c-8598-4ee570a0e70d",
        "Strict-Transport-Security": "max-age=31536000; includeSubDomains; preload",
        "Transfer-Encoding": "chunked",
        "Vary": "Accept-Encoding",
        "X-Content-Type-Options": "nosniff",
        "x-ms-middleware-request-id": "9723044c-72ac-49ae-b1b8-52326bac6a8d",
        "x-ms-region": "West US",
        "x-ms-response-type": "standard",
        "X-Request-ID": "65f08037b67877a3476e589abe867fe3",
        "x-request-time": "0.196"
      },
      "ResponseBody": {
        "id": "run_6rbIhAIvlVJi2AwnSIUvLgw6",
        "object": "thread.run",
        "created_at": 1753396122,
        "assistant_id": "asst_qfHDvFvc2b4SlCjaw7phOQJh",
        "thread_id": "thread_TmBseatIU79trEmeBIKFs3wv",
        "status": "in_progress",
        "started_at": 1753396123,
        "expires_at": 1753397922,
        "cancelled_at": null,
        "failed_at": null,
        "completed_at": null,
        "required_action": null,
        "last_error": null,
        "model": "gpt-4o",
        "instructions": "You are a helpful agent that can use MCP tools to assist users.",
        "tools": [
          {
            "type": "mcp",
            "server_label": "github",
            "server_url": "https://Sanitized.azure.com/Azure/azure-rest-api-specs",
            "allowed_tools": [
              "search_azure_rest_api_code"
            ]
          }
        ],
        "tool_resources": {},
        "metadata": {},
        "temperature": 1.0,
        "top_p": 1.0,
        "max_completion_tokens": null,
        "max_prompt_tokens": null,
        "truncation_strategy": {
          "type": "auto",
          "last_messages": null
        },
        "incomplete_details": null,
        "usage": null,
        "response_format": "auto",
        "tool_choice": "auto",
        "parallel_tool_calls": true
      }
    },
    {
      "RequestUri": "https://Sanitized.azure.com/api/projects/00000/threads/thread_TmBseatIU79trEmeBIKFs3wv/runs/run_6rbIhAIvlVJi2AwnSIUvLgw6?api-version=2025-05-15-preview",
      "RequestMethod": "GET",
      "RequestHeaders": {
        "Accept": "application/json",
        "Accept-Encoding": "gzip, deflate, br, zstd",
        "Authorization": "Sanitized",
        "Connection": "keep-alive",
        "Referer": "http://Sanitized.azure.com/",
        "sec-ch-ua": "\"Not)A;Brand\";v=\"8\", \"Chromium\";v=\"138\", \"HeadlessChrome\";v=\"138\"",
        "sec-ch-ua-mobile": "?0",
        "sec-ch-ua-platform": "\"Windows\"",
        "Sec-Fetch-Dest": "empty",
        "Sec-Fetch-Mode": "cors",
        "Sec-Fetch-Site": "same-site",
        "User-Agent": "Mozilla/5.0 (Windows NT 10.0; Win64; x64) AppleWebKit/537.36 (KHTML, like Gecko) HeadlessChrome/138.0.7204.23 Safari/537.36",
        "x-ms-client-request-id": "Sanitized",
        "x-ms-useragent": "azsdk-js-client azsdk-js-api azsdk-js-ai-agents/1.1.0-beta.1 core-rest-pipeline/1.21.1 Chromium/138 OS/x86-Windows-19.0.0"
      },
      "RequestBody": null,
      "StatusCode": 200,
      "ResponseHeaders": {
        "apim-request-id": "8fc95efc-e1d8-4da9-9dbf-68e00e50a379",
        "azureml-served-by-cluster": "vienna-westus-02",
        "Content-Encoding": "gzip",
        "Content-Type": "application/json",
        "Date": "Thu, 24 Jul 2025 22:28:57 GMT",
        "openai-organization": "66c5ccd76cfe4bc79b7e2650cae937d0",
        "openai-processing-ms": "87",
        "openai-version": "2020-10-01",
        "Request-Context": "appId=cid-v1:2d2e8e63-272e-4b3c-8598-4ee570a0e70d",
        "Strict-Transport-Security": "max-age=31536000; includeSubDomains; preload",
        "Transfer-Encoding": "chunked",
        "Vary": "Accept-Encoding",
        "X-Content-Type-Options": "nosniff",
        "x-ms-middleware-request-id": "1fd8c198-6fac-47b4-9851-96c330eb1b77",
        "x-ms-region": "West US",
        "x-ms-response-type": "standard",
        "X-Request-ID": "8cf23194c7e9411852173886718fdc32",
        "x-request-time": "0.186"
      },
      "ResponseBody": {
        "id": "run_6rbIhAIvlVJi2AwnSIUvLgw6",
        "object": "thread.run",
        "created_at": 1753396122,
        "assistant_id": "asst_qfHDvFvc2b4SlCjaw7phOQJh",
        "thread_id": "thread_TmBseatIU79trEmeBIKFs3wv",
        "status": "completed",
        "started_at": 1753396123,
        "expires_at": null,
        "cancelled_at": null,
        "failed_at": null,
        "completed_at": 1753396138,
        "required_action": null,
        "last_error": null,
        "model": "gpt-4o",
        "instructions": "You are a helpful agent that can use MCP tools to assist users.",
        "tools": [
          {
            "type": "mcp",
            "server_label": "github",
            "server_url": "https://Sanitized.azure.com/Azure/azure-rest-api-specs",
            "allowed_tools": [
              "search_azure_rest_api_code"
            ]
          }
        ],
        "tool_resources": {},
        "metadata": {},
        "temperature": 1.0,
        "top_p": 1.0,
        "max_completion_tokens": null,
        "max_prompt_tokens": null,
        "truncation_strategy": {
          "type": "auto",
          "last_messages": null
        },
        "incomplete_details": null,
        "usage": {
          "prompt_tokens": 187,
          "completion_tokens": 12,
          "total_tokens": 199,
          "prompt_token_details": {
            "cached_tokens": 0
          }
        },
        "response_format": "auto",
        "tool_choice": "auto",
        "parallel_tool_calls": true
      }
    },
    {
      "RequestUri": "https://Sanitized.azure.com/api/projects/00000/threads/thread_TmBseatIU79trEmeBIKFs3wv/runs/run_6rbIhAIvlVJi2AwnSIUvLgw6/steps?api-version=2025-05-15-preview",
      "RequestMethod": "GET",
      "RequestHeaders": {
        "Accept": "application/json",
        "Accept-Encoding": "gzip, deflate, br, zstd",
        "Authorization": "Sanitized",
        "Connection": "keep-alive",
        "Referer": "http://Sanitized.azure.com/",
        "sec-ch-ua": "\"Not)A;Brand\";v=\"8\", \"Chromium\";v=\"138\", \"HeadlessChrome\";v=\"138\"",
        "sec-ch-ua-mobile": "?0",
        "sec-ch-ua-platform": "\"Windows\"",
        "Sec-Fetch-Dest": "empty",
        "Sec-Fetch-Mode": "cors",
        "Sec-Fetch-Site": "same-site",
        "User-Agent": "Mozilla/5.0 (Windows NT 10.0; Win64; x64) AppleWebKit/537.36 (KHTML, like Gecko) HeadlessChrome/138.0.7204.23 Safari/537.36",
        "x-ms-client-request-id": "Sanitized",
        "x-ms-useragent": "azsdk-js-client azsdk-js-api azsdk-js-ai-agents/1.1.0-beta.1 core-rest-pipeline/1.21.1 Chromium/138 OS/x86-Windows-19.0.0"
      },
      "RequestBody": null,
      "StatusCode": 200,
      "ResponseHeaders": {
        "apim-request-id": "5d04bcba-678c-449b-a6a6-0b5d70d32b87",
        "azureml-served-by-cluster": "vienna-westus-02",
        "Content-Encoding": "gzip",
        "Content-Type": "application/json",
        "Date": "Thu, 24 Jul 2025 22:28:58 GMT",
        "openai-organization": "66c5ccd76cfe4bc79b7e2650cae937d0",
        "openai-processing-ms": "80",
        "openai-version": "2020-10-01",
        "Request-Context": "appId=cid-v1:2d2e8e63-272e-4b3c-8598-4ee570a0e70d",
        "Strict-Transport-Security": "max-age=31536000; includeSubDomains; preload",
        "Transfer-Encoding": "chunked",
        "Vary": "Accept-Encoding",
        "X-Content-Type-Options": "nosniff",
        "x-ms-middleware-request-id": "6a1606a5-bc1f-42d8-8393-92974982ee97",
        "x-ms-region": "West US",
        "x-ms-response-type": "standard",
        "X-Request-ID": "5c85b69f5683a4d7c7900bc008380d36",
        "x-request-time": "0.206"
      },
      "ResponseBody": {
        "object": "list",
        "data": [
          {
            "id": "step_bcFAxwNFyZYbQYN3aJxXEO3t",
            "object": "thread.run.step",
            "created_at": 1753396138,
            "run_id": "run_6rbIhAIvlVJi2AwnSIUvLgw6",
            "assistant_id": "asst_qfHDvFvc2b4SlCjaw7phOQJh",
            "thread_id": "thread_TmBseatIU79trEmeBIKFs3wv",
            "type": "message_creation",
            "status": "completed",
            "cancelled_at": null,
            "completed_at": 1753396138,
            "expires_at": null,
            "failed_at": null,
            "last_error": null,
            "step_details": {
              "type": "message_creation",
              "message_creation": {
                "message_id": "msg_AxAkKpF33S2BRKGT5m5v5Esb"
              }
            },
            "usage": {
              "prompt_tokens": 187,
              "completion_tokens": 12,
              "total_tokens": 199,
              "prompt_token_details": {
                "cached_tokens": 0
              }
            }
          }
        ],
        "first_id": "step_bcFAxwNFyZYbQYN3aJxXEO3t",
        "last_id": "step_bcFAxwNFyZYbQYN3aJxXEO3t",
        "has_more": false
      }
    },
    {
      "RequestUri": "https://Sanitized.azure.com/api/projects/00000/threads/thread_TmBseatIU79trEmeBIKFs3wv/messages?api-version=2025-05-15-preview",
      "RequestMethod": "GET",
      "RequestHeaders": {
        "Accept": "application/json",
        "Accept-Encoding": "gzip, deflate, br, zstd",
        "Authorization": "Sanitized",
        "Connection": "keep-alive",
        "Referer": "http://Sanitized.azure.com/",
        "sec-ch-ua": "\"Not)A;Brand\";v=\"8\", \"Chromium\";v=\"138\", \"HeadlessChrome\";v=\"138\"",
        "sec-ch-ua-mobile": "?0",
        "sec-ch-ua-platform": "\"Windows\"",
        "Sec-Fetch-Dest": "empty",
        "Sec-Fetch-Mode": "cors",
        "Sec-Fetch-Site": "same-site",
        "User-Agent": "Mozilla/5.0 (Windows NT 10.0; Win64; x64) AppleWebKit/537.36 (KHTML, like Gecko) HeadlessChrome/138.0.7204.23 Safari/537.36",
        "x-ms-client-request-id": "Sanitized",
        "x-ms-useragent": "azsdk-js-client azsdk-js-api azsdk-js-ai-agents/1.1.0-beta.1 core-rest-pipeline/1.21.1 Chromium/138 OS/x86-Windows-19.0.0"
      },
      "RequestBody": null,
      "StatusCode": 200,
      "ResponseHeaders": {
        "apim-request-id": "66254d37-837d-4a76-a5aa-1f6ad2119100",
        "azureml-served-by-cluster": "vienna-westus-02",
        "Content-Encoding": "gzip",
        "Content-Type": "application/json",
        "Date": "Thu, 24 Jul 2025 22:28:58 GMT",
        "openai-organization": "66c5ccd76cfe4bc79b7e2650cae937d0",
        "openai-processing-ms": "83",
        "openai-version": "2020-10-01",
        "Request-Context": "appId=cid-v1:2d2e8e63-272e-4b3c-8598-4ee570a0e70d",
        "Strict-Transport-Security": "max-age=31536000; includeSubDomains; preload",
        "Transfer-Encoding": "chunked",
        "Vary": "Accept-Encoding",
        "X-Content-Type-Options": "nosniff",
        "x-ms-middleware-request-id": "99729a64-201c-462d-900d-281bb36336f4",
        "x-ms-region": "West US",
        "x-ms-response-type": "standard",
        "X-Request-ID": "fa5dc458aee9bde1ecb001e44cc49775",
        "x-request-time": "0.207"
      },
      "ResponseBody": {
        "object": "list",
        "data": [
          {
            "id": "msg_AxAkKpF33S2BRKGT5m5v5Esb",
            "object": "thread.message",
            "created_at": 1753396138,
            "assistant_id": "asst_qfHDvFvc2b4SlCjaw7phOQJh",
            "thread_id": "thread_TmBseatIU79trEmeBIKFs3wv",
            "run_id": "run_6rbIhAIvlVJi2AwnSIUvLgw6",
            "role": "assistant",
            "content": [
              {
                "type": "text",
                "text": {
                  "value": "Of course! What do you need help with?",
                  "annotations": []
                }
              }
            ],
            "attachments": [],
            "metadata": {}
          },
          {
            "id": "msg_GmDoBbXfZeuYcOxstSK9IgcT",
            "object": "thread.message",
            "created_at": 1753396121,
            "assistant_id": null,
            "thread_id": "thread_TmBseatIU79trEmeBIKFs3wv",
            "run_id": null,
            "role": "user",
            "content": [
              {
                "type": "text",
                "text": {
                  "value": "Hello, please help me with a simple task.",
                  "annotations": []
                }
              }
            ],
            "attachments": [],
            "metadata": {}
          }
        ],
        "first_id": "msg_AxAkKpF33S2BRKGT5m5v5Esb",
        "last_id": "msg_GmDoBbXfZeuYcOxstSK9IgcT",
        "has_more": false
      }
    },
    {
      "RequestUri": "https://Sanitized.azure.com/api/projects/00000/assistants/asst_qfHDvFvc2b4SlCjaw7phOQJh?api-version=2025-05-15-preview",
      "RequestMethod": "DELETE",
      "RequestHeaders": {
        "Accept": "application/json",
        "Accept-Encoding": "gzip, deflate, br, zstd",
        "Authorization": "Sanitized",
        "Connection": "keep-alive",
        "Referer": "http://Sanitized.azure.com/",
        "sec-ch-ua": "\"Not)A;Brand\";v=\"8\", \"Chromium\";v=\"138\", \"HeadlessChrome\";v=\"138\"",
        "sec-ch-ua-mobile": "?0",
        "sec-ch-ua-platform": "\"Windows\"",
        "Sec-Fetch-Dest": "empty",
        "Sec-Fetch-Mode": "cors",
        "Sec-Fetch-Site": "same-site",
        "User-Agent": "Mozilla/5.0 (Windows NT 10.0; Win64; x64) AppleWebKit/537.36 (KHTML, like Gecko) HeadlessChrome/138.0.7204.23 Safari/537.36",
        "x-ms-client-request-id": "Sanitized",
        "x-ms-useragent": "azsdk-js-client azsdk-js-api azsdk-js-ai-agents/1.1.0-beta.1 core-rest-pipeline/1.21.1 Chromium/138 OS/x86-Windows-19.0.0"
      },
      "RequestBody": null,
      "StatusCode": 200,
      "ResponseHeaders": {
        "apim-request-id": "3c7563bf-d119-4ae1-a57c-c4229f84ae71",
        "azureml-served-by-cluster": "vienna-westus-02",
        "Content-Length": "95",
        "Content-Type": "application/json",
        "Date": "Thu, 24 Jul 2025 22:28:58 GMT",
        "openai-organization": "66c5ccd76cfe4bc79b7e2650cae937d0",
        "openai-processing-ms": "78",
        "openai-version": "2020-10-01",
        "Request-Context": "appId=cid-v1:2d2e8e63-272e-4b3c-8598-4ee570a0e70d",
        "Strict-Transport-Security": "max-age=31536000; includeSubDomains; preload",
        "X-Content-Type-Options": "nosniff",
        "x-ms-middleware-request-id": "a022f06f-96f3-489f-b7c0-2a705bd43031",
        "x-ms-region": "West US",
        "x-ms-response-type": "standard",
        "X-Request-ID": "18362b229e88b472d9234e6e2bb08a58",
        "x-request-time": "0.165"
      },
      "ResponseBody": {
        "id": "asst_qfHDvFvc2b4SlCjaw7phOQJh",
        "object": "assistant.deleted",
        "deleted": true
      }
    }
  ],
  "Variables": {}
}
