{
  "Entries": [
    {
      "RequestUri": "https://login.microsoftonline.com/72f988bf-86f1-41af-91ab-2d7cd011db47/v2.0/.well-known/openid-configuration",
      "RequestMethod": "GET",
      "RequestHeaders": {
        "Accept": "*/*",
        "Accept-Encoding": "gzip, deflate",
        "Connection": "keep-alive",
        "User-Agent": "azsdk-python-identity/1.14.1 Python/3.10.12 (macOS-10.16-x86_64-i386-64bit)"
      },
      "RequestBody": null,
      "StatusCode": 200,
      "ResponseHeaders": {
        "Access-Control-Allow-Methods": "GET, OPTIONS",
        "Access-Control-Allow-Origin": "*",
        "Cache-Control": "max-age=86400, private",
        "Content-Length": "1753",
        "Content-Type": "application/json; charset=utf-8",
        "Date": "Thu, 24 Aug 2023 16:08:24 GMT",
        "P3P": "CP=\u0022DSP CUR OTPi IND OTRi ONL FIN\u0022",
        "Set-Cookie": [
          "fpc=AmoEiUAIYaNMoVxsLXg8f4R-TvxDAQAAAG13edwOAAAA; expires=Sat, 23-Sep-2023 16:08:24 GMT; path=/; secure; HttpOnly; SameSite=None",
          "x-ms-gateway-slice=estsfd; path=/; secure; samesite=none; httponly"
        ],
        "Strict-Transport-Security": "max-age=31536000; includeSubDomains",
        "X-Content-Type-Options": "nosniff",
        "x-ms-ests-server": "2.1.16150.3 - SCUS ProdSlices",
        "X-XSS-Protection": "0"
      },
      "ResponseBody": {
        "token_endpoint": "https://login.microsoftonline.com/72f988bf-86f1-41af-91ab-2d7cd011db47/oauth2/v2.0/token",
        "token_endpoint_auth_methods_supported": [
          "client_secret_post",
          "private_key_jwt",
          "client_secret_basic"
        ],
        "jwks_uri": "https://login.microsoftonline.com/72f988bf-86f1-41af-91ab-2d7cd011db47/discovery/v2.0/keys",
        "response_modes_supported": [
          "query",
          "fragment",
          "form_post"
        ],
        "subject_types_supported": [
          "pairwise"
        ],
        "id_token_signing_alg_values_supported": [
          "RS256"
        ],
        "response_types_supported": [
          "code",
          "id_token",
          "code id_token",
          "id_token token"
        ],
        "scopes_supported": [
          "openid",
          "profile",
          "email",
          "offline_access"
        ],
        "issuer": "https://login.microsoftonline.com/72f988bf-86f1-41af-91ab-2d7cd011db47/v2.0",
        "request_uri_parameter_supported": false,
        "userinfo_endpoint": "https://graph.microsoft.com/oidc/userinfo",
        "authorization_endpoint": "https://login.microsoftonline.com/72f988bf-86f1-41af-91ab-2d7cd011db47/oauth2/v2.0/authorize",
        "device_authorization_endpoint": "https://login.microsoftonline.com/72f988bf-86f1-41af-91ab-2d7cd011db47/oauth2/v2.0/devicecode",
        "http_logout_supported": true,
        "frontchannel_logout_supported": true,
        "end_session_endpoint": "https://login.microsoftonline.com/72f988bf-86f1-41af-91ab-2d7cd011db47/oauth2/v2.0/logout",
        "claims_supported": [
          "sub",
          "iss",
          "cloud_instance_name",
          "cloud_instance_host_name",
          "cloud_graph_host_name",
          "msgraph_host",
          "aud",
          "exp",
          "iat",
          "auth_time",
          "acr",
          "nonce",
          "preferred_username",
          "name",
          "tid",
          "ver",
          "at_hash",
          "c_hash",
          "email"
        ],
        "kerberos_endpoint": "https://login.microsoftonline.com/72f988bf-86f1-41af-91ab-2d7cd011db47/kerberos",
        "tenant_region_scope": "WW",
        "cloud_instance_name": "microsoftonline.com",
        "cloud_graph_host_name": "graph.windows.net",
        "msgraph_host": "graph.microsoft.com",
        "rbac_url": "https://pas.windows.net"
      }
    },
    {
      "RequestUri": "https://login.microsoftonline.com/72f988bf-86f1-41af-91ab-2d7cd011db47/oauth2/v2.0/token",
      "RequestMethod": "POST",
      "RequestHeaders": {
        "Accept": "application/json",
        "Accept-Encoding": "gzip, deflate",
        "client-request-id": "56d37767-d9a4-49b5-9de3-e73a7a867c22",
        "Connection": "keep-alive",
        "Content-Length": "197",
        "Content-Type": "application/x-www-form-urlencoded",
        "Cookie": "fpc=AmoEiUAIYaNMoVxsLXg8f4R-TvxDAQAAAG13edwOAAAA; x-ms-gateway-slice=estsfd",
        "User-Agent": "azsdk-python-identity/1.14.1 Python/3.10.12 (macOS-10.16-x86_64-i386-64bit)",
        "x-client-cpu": "x64",
        "x-client-current-telemetry": "4|730,2|",
        "x-client-last-telemetry": "4|0|||",
        "x-client-os": "darwin",
        "x-client-sku": "MSAL.Python",
        "x-client-ver": "1.24.0b1",
        "x-ms-lib-capability": "retry-after, h429"
      },
      "RequestBody": "client_id=117311a5-df69-4fff-a301-6be98c1bd0ab\u0026grant_type=client_credentials\u0026client_info=1\u0026client_secret=lPk8Q~XKLqLaWoT1-IaqetKiEXQLO-ZEotB_YdpN\u0026scope=https%3A%2F%2Fmanagement.azure.com%2F.default",
      "StatusCode": 200,
      "ResponseHeaders": {
        "Cache-Control": "no-store, no-cache",
        "client-request-id": "56d37767-d9a4-49b5-9de3-e73a7a867c22",
        "Content-Length": "92",
        "Content-Type": "application/json; charset=utf-8",
        "Date": "Thu, 24 Aug 2023 16:08:24 GMT",
        "Expires": "-1",
        "P3P": "CP=\u0022DSP CUR OTPi IND OTRi ONL FIN\u0022",
        "Pragma": "no-cache",
        "Set-Cookie": [
          "fpc=AmoEiUAIYaNMoVxsLXg8f4R-TvxDAgAAAG13edwOAAAA; expires=Sat, 23-Sep-2023 16:08:25 GMT; path=/; secure; HttpOnly; SameSite=None",
          "x-ms-gateway-slice=estsfd; path=/; secure; samesite=none; httponly"
        ],
        "Strict-Transport-Security": "max-age=31536000; includeSubDomains",
        "X-Content-Type-Options": "nosniff",
        "x-ms-clitelem": "1,0,0,,",
        "x-ms-ests-server": "2.1.16150.3 - NCUS ProdSlices",
        "X-XSS-Protection": "0"
      },
      "ResponseBody": {
        "token_type": "Bearer",
        "expires_in": 86399,
        "ext_expires_in": 86399,
        "access_token": "Sanitized"
      }
    },
    {
      "RequestUri": "https://eastus.api.azureml.ms/registrymanagement/v1.0/registries/azureml/discovery",
      "RequestMethod": "GET",
      "RequestHeaders": {
        "Accept": "application/json, text/json",
        "Accept-Encoding": "gzip, deflate",
        "Connection": "keep-alive",
        "User-Agent": "azsdk-python-mgmt-machinelearningservices/0.1.0 Python/3.10.12 (macOS-10.16-x86_64-i386-64bit)"
      },
      "RequestBody": null,
      "StatusCode": 200,
      "ResponseHeaders": {
        "Connection": "keep-alive",
        "Content-Encoding": "gzip",
        "Content-Type": "application/json; charset=utf-8",
        "Date": "Thu, 24 Aug 2023 16:08:25 GMT",
        "Request-Context": "appId=cid-v1:2d2e8e63-272e-4b3c-8598-4ee570a0e70d",
        "Strict-Transport-Security": "max-age=15724800; includeSubDomains; preload",
        "Transfer-Encoding": "chunked",
        "Vary": "Accept-Encoding",
        "x-aml-cluster": "vienna-eastus-02",
        "X-Content-Type-Options": "nosniff",
        "x-ms-response-type": "standard",
        "x-request-time": "0.034"
      },
      "ResponseBody": {
        "registryId": "b98c40bc-36d6-4175-b131-bad4502fe1a3",
        "registryName": "azureml",
        "tenantId": "33e01921-4d64-4f8c-a055-5bdaffd5e33d",
        "primaryRegion": "EastUS",
        "regions": [
          "eastus",
          "australiaeast",
          "australiasoutheast",
          "brazilsouth",
          "canadacentral",
          "canadaeast",
          "centralindia",
          "centralus",
          "eastasia",
          "eastus2",
          "francecentral",
          "germanywestcentral",
          "japaneast",
          "japanwest",
          "jioindiawest",
          "koreacentral",
          "northcentralus",
          "northeurope",
          "norwayeast",
          "southafricanorth",
          "southcentralus",
          "southeastasia",
          "swedencentral",
          "switzerlandnorth",
          "uaenorth",
          "uksouth",
          "ukwest",
          "westcentralus",
          "westeurope",
          "westus",
          "westus2",
          "westus3",
          "qatarcentral",
          "centraluseuap",
          "eastus2euap"
        ],
        "subscriptionId": "6c6683e9-e5fe-4038-8519-ce6ebec2ba15",
        "resourceGroup": "registry-builtin-prod-eastus-01",
        "workspaceName": null,
        "primaryRegionResourceProviderUri": "https://cert-EastUS.experiments.azureml.net/",
        "registryFqdns": {
          "eastus": {
            "uri": "https://eastus.api.azureml.ms"
          },
          "australiaeast": {
            "uri": "https://australiaeast.api.azureml.ms"
          },
          "australiasoutheast": {
            "uri": "https://australiasoutheast.api.azureml.ms"
          },
          "brazilsouth": {
            "uri": "https://brazilsouth.api.azureml.ms"
          },
          "canadacentral": {
            "uri": "https://canadacentral.api.azureml.ms"
          },
          "canadaeast": {
            "uri": "https://canadaeast.api.azureml.ms"
          },
          "centralindia": {
            "uri": "https://centralindia.api.azureml.ms"
          },
          "centralus": {
            "uri": "https://centralus.api.azureml.ms"
          },
          "eastasia": {
            "uri": "https://eastasia.api.azureml.ms"
          },
          "eastus2": {
            "uri": "https://eastus2.api.azureml.ms"
          },
          "francecentral": {
            "uri": "https://francecentral.api.azureml.ms"
          },
          "germanywestcentral": {
            "uri": "https://germanywestcentral.api.azureml.ms"
          },
          "japaneast": {
            "uri": "https://japaneast.api.azureml.ms"
          },
          "japanwest": {
            "uri": "https://japanwest.api.azureml.ms"
          },
          "jioindiawest": {
            "uri": "https://jioindiawest.api.azureml.ms"
          },
          "koreacentral": {
            "uri": "https://koreacentral.api.azureml.ms"
          },
          "northcentralus": {
            "uri": "https://northcentralus.api.azureml.ms"
          },
          "northeurope": {
            "uri": "https://northeurope.api.azureml.ms"
          },
          "norwayeast": {
            "uri": "https://norwayeast.api.azureml.ms"
          },
          "southafricanorth": {
            "uri": "https://southafricanorth.api.azureml.ms"
          },
          "southcentralus": {
            "uri": "https://southcentralus.api.azureml.ms"
          },
          "southeastasia": {
            "uri": "https://southeastasia.api.azureml.ms"
          },
          "swedencentral": {
            "uri": "https://swedencentral.api.azureml.ms"
          },
          "switzerlandnorth": {
            "uri": "https://switzerlandnorth.api.azureml.ms"
          },
          "uaenorth": {
            "uri": "https://uaenorth.api.azureml.ms"
          },
          "uksouth": {
            "uri": "https://uksouth.api.azureml.ms"
          },
          "ukwest": {
            "uri": "https://ukwest.api.azureml.ms"
          },
          "westcentralus": {
            "uri": "https://westcentralus.api.azureml.ms"
          },
          "westeurope": {
            "uri": "https://westeurope.api.azureml.ms"
          },
          "westus": {
            "uri": "https://westus.api.azureml.ms"
          },
          "westus2": {
            "uri": "https://westus2.api.azureml.ms"
          },
          "westus3": {
            "uri": "https://westus3.api.azureml.ms"
          },
          "qatarcentral": {
            "uri": "https://qatarcentral.api.azureml.ms"
          },
          "centraluseuap": {
            "uri": "https://int.api.azureml-test.ms"
          },
          "int": {
            "uri": "https://int.api.azureml-test.ms"
          },
          "eastus2euap": {
            "uri": "https://eastus2euap.api.azureml.ms"
          }
        },
        "intellectualPropertyPublisher": null
      }
    },
    {
      "RequestUri": "https://cert-eastus.experiments.azureml.net/mferp/managementfrontend/subscriptions/6c6683e9-e5fe-4038-8519-ce6ebec2ba15/resourceGroups/registry-builtin-prod-eastus-01/providers/Microsoft.MachineLearningServices/registries/azureml/components/llm_rag_crack_and_chunk/versions/azureml_default?api-version=2021-10-01-dataplanepreview",
      "RequestMethod": "GET",
      "RequestHeaders": {
        "Accept": "application/json",
        "Accept-Encoding": "gzip, deflate",
        "Connection": "keep-alive",
        "User-Agent": "azsdk-python-mgmt-machinelearningservices/0.1.0 Python/3.10.12 (macOS-10.16-x86_64-i386-64bit)"
      },
      "RequestBody": null,
      "StatusCode": 200,
      "ResponseHeaders": {
        "Connection": "keep-alive",
        "Content-Encoding": "gzip",
        "Content-Type": "application/json; charset=utf-8",
        "Date": "Thu, 24 Aug 2023 16:08:25 GMT",
        "Request-Context": "appId=cid-v1:2d2e8e63-272e-4b3c-8598-4ee570a0e70d",
        "Strict-Transport-Security": "max-age=15724800; includeSubDomains; preload",
        "Transfer-Encoding": "chunked",
        "Vary": "Accept-Encoding",
        "x-aml-cluster": "vienna-eastus-02",
        "X-Content-Type-Options": [
          "nosniff",
          "nosniff"
        ],
        "x-ms-response-type": "standard",
        "x-request-time": "0.124"
      },
      "ResponseBody": {
        "id": "azureml://registries/azureml/components/llm_rag_crack_and_chunk/labels/default",
        "name": "azureml_default",
        "type": "Microsoft.MachineLearningServices/registries/components/versions",
        "properties": {
          "description": null,
          "tags": {
            "Preview": ""
          },
          "properties": {
            "client_component_hash": "f9f10326-91b9-3851-f888-7388dee23e6f"
          },
          "isArchived": false,
          "isAnonymous": false,
          "componentSpec": {
            "$schema": "https://azuremlschemas.azureedge.net/latest/commandComponent.schema.json",
            "name": "llm_rag_crack_and_chunk",
            "version": "0.0.16",
            "display_name": "LLM - Crack and Chunk Data",
            "is_deterministic": "True",
            "type": "command",
            "description": "Creates chunks no larger than \u0060chunk_size\u0060 from \u0060input_data\u0060, extracted document titles are prepended to each chunk\n\nLLM models have token limits for the prompts passed to them, this is a limiting factor at embedding time and even more limiting at prompt completion time as only so much context can be passed along with instructions to the LLM and user queries.\nChunking allows splitting source data of various formats into small but coherent snippets of information which can be \u0027packed\u0027 into LLM prompts when asking for answers to user querys related to the sorce documents.\n\nSupported formats: md, txt, html/htm, pdf, ppt(x), doc(x), xls(x), py\n",
            "tags": {
              "Preview": ""
            },
            "inputs": {
              "input_data": {
                "type": "uri_folder",
                "optional": "False",
                "description": "Uri Folder containing files to be chunked."
              },
              "input_glob": {
                "type": "string",
                "optional": "True",
                "description": "Limit files opened from \u0060input_data\u0060, defaults to \u0027**/*\u0027."
              },
              "allowed_extensions": {
                "type": "string",
                "optional": "True",
                "description": "Comma separated list of extensions to include, if not provided the default list of supported extensions will be used. e.g. \u0027.md,.txt,.html,.py,.pdf.\u0027"
              },
              "chunk_size": {
                "type": "integer",
                "optional": "False",
                "default": "768",
                "description": "Maximum number of tokens to put in each chunk."
              },
              "chunk_overlap": {
                "type": "integer",
                "optional": "False",
                "default": "0",
                "description": "Number of tokens to overlap between chunks."
              },
              "data_source_url": {
                "type": "string",
                "optional": "True",
                "description": "Base URL to join with file paths to create full source file URL for chunk metadata."
              },
              "document_path_replacement_regex": {
                "type": "string",
                "optional": "True",
                "description": "A JSON string with two fields, \u0027match_pattern\u0027 and \u0027replacement_pattern\u0027 to be used with re.sub on the source url. e.g. \u0027{\u0022match_pattern\u0022: \u0022(.*)/articles/(.*)(\\\\.[^.]\u002B)$\u0022, \u0022replacement_pattern\u0022: \u0022\\\\1/\\\\2\u0022}\u0027 would remove \u0027/articles\u0027 from the middle of the url."
              },
              "max_sample_files": {
                "type": "integer",
                "optional": "False",
                "default": "-1",
                "description": "Number of files to chunk. Specify -1 to chunk all documents in input path."
              },
              "use_rcts": {
                "type": "string",
                "optional": "False",
                "default": "True",
                "description": "Whether to use RecursiveCharacterTextSplitter to split documents into chunks",
                "enum": [
                  "True",
                  "False"
                ]
              }
            },
            "outputs": {
              "output_chunks": {
                "type": "uri_folder",
                "description": "Uri Folder containing chunks. Each chunk will be a separate file in the folder"
              }
            },
            "code": "azureml://registries/azureml/codes/ebfbd999-364f-4fa2-9559-d2c573dcbdd0/versions/1",
            "environment": "azureml://registries/azureml/environments/llm-rag-embeddings/versions/9",
            "resources": {
              "instance_count": "1"
            },
            "command": "python -m azureml.rag.tasks.crack_and_chunk --input_data ${{inputs.input_data}} $[[--input_glob \u0027${{inputs.input_glob}}\u0027]] $[[--allowed_extensions ${{inputs.allowed_extensions}}]] --output_title_chunk ${{outputs.output_chunks}} --chunk_size ${{inputs.chunk_size}} --chunk_overlap ${{inputs.chunk_overlap}} $[[--data_source_url ${{inputs.data_source_url}}]] $[[--document_path_replacement_regex \u0027${{inputs.document_path_replacement_regex}}\u0027]] --max_sample_files ${{inputs.max_sample_files}} --use_rcts \u0027${{inputs.use_rcts}}\u0027"
          }
        },
        "systemData": {
          "createdAt": "2023-08-22T18:33:35.6488252\u002B00:00",
          "createdBy": "Microsoft",
          "createdByType": "User",
          "lastModifiedAt": "2023-08-22T18:33:35.6488253\u002B00:00",
          "lastModifiedBy": "Microsoft",
          "lastModifiedByType": "User"
        }
      }
    },
    {
      "RequestUri": "https://eastus.api.azureml.ms/registrymanagement/v1.0/registries/azureml/discovery",
      "RequestMethod": "GET",
      "RequestHeaders": {
        "Accept": "application/json, text/json",
        "Accept-Encoding": "gzip, deflate",
        "Connection": "keep-alive",
        "User-Agent": "azsdk-python-mgmt-machinelearningservices/0.1.0 Python/3.10.12 (macOS-10.16-x86_64-i386-64bit)"
      },
      "RequestBody": null,
      "StatusCode": 200,
      "ResponseHeaders": {
        "Connection": "keep-alive",
        "Content-Encoding": "gzip",
        "Content-Type": "application/json; charset=utf-8",
        "Date": "Thu, 24 Aug 2023 16:08:25 GMT",
        "Request-Context": "appId=cid-v1:2d2e8e63-272e-4b3c-8598-4ee570a0e70d",
        "Strict-Transport-Security": "max-age=15724800; includeSubDomains; preload",
        "Transfer-Encoding": "chunked",
        "Vary": "Accept-Encoding",
        "x-aml-cluster": "vienna-eastus-02",
        "X-Content-Type-Options": "nosniff",
        "x-ms-response-type": "standard",
        "x-request-time": "0.038"
      },
      "ResponseBody": {
        "registryId": "b98c40bc-36d6-4175-b131-bad4502fe1a3",
        "registryName": "azureml",
        "tenantId": "33e01921-4d64-4f8c-a055-5bdaffd5e33d",
        "primaryRegion": "EastUS",
        "regions": [
          "eastus",
          "australiaeast",
          "australiasoutheast",
          "brazilsouth",
          "canadacentral",
          "canadaeast",
          "centralindia",
          "centralus",
          "eastasia",
          "eastus2",
          "francecentral",
          "germanywestcentral",
          "japaneast",
          "japanwest",
          "jioindiawest",
          "koreacentral",
          "northcentralus",
          "northeurope",
          "norwayeast",
          "southafricanorth",
          "southcentralus",
          "southeastasia",
          "swedencentral",
          "switzerlandnorth",
          "uaenorth",
          "uksouth",
          "ukwest",
          "westcentralus",
          "westeurope",
          "westus",
          "westus2",
          "westus3",
          "qatarcentral",
          "centraluseuap",
          "eastus2euap"
        ],
        "subscriptionId": "6c6683e9-e5fe-4038-8519-ce6ebec2ba15",
        "resourceGroup": "registry-builtin-prod-eastus-01",
        "workspaceName": null,
        "primaryRegionResourceProviderUri": "https://cert-EastUS.experiments.azureml.net/",
        "registryFqdns": {
          "eastus": {
            "uri": "https://eastus.api.azureml.ms"
          },
          "australiaeast": {
            "uri": "https://australiaeast.api.azureml.ms"
          },
          "australiasoutheast": {
            "uri": "https://australiasoutheast.api.azureml.ms"
          },
          "brazilsouth": {
            "uri": "https://brazilsouth.api.azureml.ms"
          },
          "canadacentral": {
            "uri": "https://canadacentral.api.azureml.ms"
          },
          "canadaeast": {
            "uri": "https://canadaeast.api.azureml.ms"
          },
          "centralindia": {
            "uri": "https://centralindia.api.azureml.ms"
          },
          "centralus": {
            "uri": "https://centralus.api.azureml.ms"
          },
          "eastasia": {
            "uri": "https://eastasia.api.azureml.ms"
          },
          "eastus2": {
            "uri": "https://eastus2.api.azureml.ms"
          },
          "francecentral": {
            "uri": "https://francecentral.api.azureml.ms"
          },
          "germanywestcentral": {
            "uri": "https://germanywestcentral.api.azureml.ms"
          },
          "japaneast": {
            "uri": "https://japaneast.api.azureml.ms"
          },
          "japanwest": {
            "uri": "https://japanwest.api.azureml.ms"
          },
          "jioindiawest": {
            "uri": "https://jioindiawest.api.azureml.ms"
          },
          "koreacentral": {
            "uri": "https://koreacentral.api.azureml.ms"
          },
          "northcentralus": {
            "uri": "https://northcentralus.api.azureml.ms"
          },
          "northeurope": {
            "uri": "https://northeurope.api.azureml.ms"
          },
          "norwayeast": {
            "uri": "https://norwayeast.api.azureml.ms"
          },
          "southafricanorth": {
            "uri": "https://southafricanorth.api.azureml.ms"
          },
          "southcentralus": {
            "uri": "https://southcentralus.api.azureml.ms"
          },
          "southeastasia": {
            "uri": "https://southeastasia.api.azureml.ms"
          },
          "swedencentral": {
            "uri": "https://swedencentral.api.azureml.ms"
          },
          "switzerlandnorth": {
            "uri": "https://switzerlandnorth.api.azureml.ms"
          },
          "uaenorth": {
            "uri": "https://uaenorth.api.azureml.ms"
          },
          "uksouth": {
            "uri": "https://uksouth.api.azureml.ms"
          },
          "ukwest": {
            "uri": "https://ukwest.api.azureml.ms"
          },
          "westcentralus": {
            "uri": "https://westcentralus.api.azureml.ms"
          },
          "westeurope": {
            "uri": "https://westeurope.api.azureml.ms"
          },
          "westus": {
            "uri": "https://westus.api.azureml.ms"
          },
          "westus2": {
            "uri": "https://westus2.api.azureml.ms"
          },
          "westus3": {
            "uri": "https://westus3.api.azureml.ms"
          },
          "qatarcentral": {
            "uri": "https://qatarcentral.api.azureml.ms"
          },
          "centraluseuap": {
            "uri": "https://int.api.azureml-test.ms"
          },
          "int": {
            "uri": "https://int.api.azureml-test.ms"
          },
          "eastus2euap": {
            "uri": "https://eastus2euap.api.azureml.ms"
          }
        },
        "intellectualPropertyPublisher": null
      }
    },
    {
      "RequestUri": "https://cert-eastus.experiments.azureml.net/mferp/managementfrontend/subscriptions/6c6683e9-e5fe-4038-8519-ce6ebec2ba15/resourceGroups/registry-builtin-prod-eastus-01/providers/Microsoft.MachineLearningServices/registries/azureml/components/llm_rag_generate_embeddings/versions/azureml_default?api-version=2021-10-01-dataplanepreview",
      "RequestMethod": "GET",
      "RequestHeaders": {
        "Accept": "application/json",
        "Accept-Encoding": "gzip, deflate",
        "Connection": "keep-alive",
        "User-Agent": "azsdk-python-mgmt-machinelearningservices/0.1.0 Python/3.10.12 (macOS-10.16-x86_64-i386-64bit)"
      },
      "RequestBody": null,
      "StatusCode": 200,
      "ResponseHeaders": {
        "Connection": "keep-alive",
        "Content-Encoding": "gzip",
        "Content-Type": "application/json; charset=utf-8",
        "Date": "Thu, 24 Aug 2023 16:08:26 GMT",
        "Request-Context": "appId=cid-v1:2d2e8e63-272e-4b3c-8598-4ee570a0e70d",
        "Strict-Transport-Security": "max-age=15724800; includeSubDomains; preload",
        "Transfer-Encoding": "chunked",
        "Vary": "Accept-Encoding",
        "x-aml-cluster": "vienna-eastus-02",
        "X-Content-Type-Options": [
          "nosniff",
          "nosniff"
        ],
        "x-ms-response-type": "standard",
        "x-request-time": "0.104"
      },
      "ResponseBody": {
        "id": "azureml://registries/azureml/components/llm_rag_generate_embeddings/labels/default",
        "name": "azureml_default",
        "type": "Microsoft.MachineLearningServices/registries/components/versions",
        "properties": {
          "description": null,
          "tags": {
            "Preview": ""
          },
          "properties": {
            "client_component_hash": "a4355b63-171e-e33e-5535-016635fb0886"
          },
          "isArchived": false,
          "isAnonymous": false,
          "componentSpec": {
            "$schema": "https://azuremlschemas.azureedge.net/latest/commandComponent.schema.json",
            "name": "llm_rag_generate_embeddings",
            "version": "0.0.10",
            "display_name": "LLM - Generate Embeddings",
            "is_deterministic": "True",
            "type": "command",
            "description": "Generates embeddings vectors for data chunks read from \u0060chunks_source\u0060.\n\n\u0060chunks_source\u0060 is expected to contain \u0060csv\u0060 files containing two columns:\n- \u0022Chunk\u0022 - Chunk of text to be embedded\n- \u0022Metadata\u0022 - JSON object containing metadata for the chunk\n\nIf \u0060embeddings_container\u0060 is supplied, input chunks are compared to existing chunks in the Embeddings Container and only changed/new chunks are embedded, existing chunks being reused.\n",
            "tags": {
              "Preview": ""
            },
            "inputs": {
              "chunks_source": {
                "type": "uri_folder",
                "optional": "False",
                "description": "Folder containing chunks to be embedded."
              },
              "embeddings_container": {
                "type": "uri_folder",
                "optional": "True",
                "description": "Folder containing previously generated embeddings. Should be parent folder of the \u0027embeddings\u0027 output path used for for this component. Will compare input data to existing embeddings and only embed changed/new data, reusing existing chunks."
              },
              "deployment_validation": {
                "type": "uri_file",
                "optional": "True",
                "description": "Uri file containing information on if the Azure OpenAI deployments, if used, have been validated"
              },
              "embeddings_model": {
                "type": "string",
                "optional": "False",
                "default": "hugging_face://model/sentence-transformers/all-mpnet-base-v2",
                "description": "The model to use to embed data. E.g. \u0027hugging_face://model/sentence-transformers/all-mpnet-base-v2\u0027 or \u0027azure_open_ai://deployment/{deployment_name}/model/{model_name}\u0027"
              },
              "batch_size": {
                "type": "integer",
                "optional": "False",
                "default": "100",
                "description": "Batch size to use when embedding data"
              },
              "num_workers": {
                "type": "integer",
                "optional": "False",
                "default": "-1",
                "description": "Number of workers to use when embedding data. -1 means use half all available CPUs"
              }
            },
            "outputs": {
              "embeddings": {
                "type": "uri_folder",
                "description": "Where to save data with embeddings. This should be a subfolder of previous embeddings if supplied, typically named using \u0027${name}\u0027. e.g. /my/prev/embeddings/${name}"
              }
            },
            "code": "azureml://registries/azureml/codes/506fc2a5-d0c9-471f-b2e6-ed21fc40c443/versions/1",
            "environment": "azureml://registries/azureml/environments/llm-rag-embeddings/versions/9",
            "resources": {
              "instance_count": "1"
            },
            "command": "python -m azureml.rag.tasks.embed --chunks_source ${{inputs.chunks_source}} --embeddings_model ${{inputs.embeddings_model}} $[[--embeddings_container ${{inputs.embeddings_container}}]] --output ${{outputs.embeddings}} --batch_size ${{inputs.batch_size}} --num_workers ${{inputs.num_workers}}"
          }
        },
        "systemData": {
          "createdAt": "2023-08-22T18:31:49.0772912\u002B00:00",
          "createdBy": "Microsoft",
          "createdByType": "User",
          "lastModifiedAt": "2023-08-22T18:31:49.0772913\u002B00:00",
          "lastModifiedBy": "Microsoft",
          "lastModifiedByType": "User"
        }
      }
    },
    {
      "RequestUri": "https://eastus.api.azureml.ms/registrymanagement/v1.0/registries/azureml/discovery",
      "RequestMethod": "GET",
      "RequestHeaders": {
        "Accept": "application/json, text/json",
        "Accept-Encoding": "gzip, deflate",
        "Connection": "keep-alive",
        "User-Agent": "azsdk-python-mgmt-machinelearningservices/0.1.0 Python/3.10.12 (macOS-10.16-x86_64-i386-64bit)"
      },
      "RequestBody": null,
      "StatusCode": 200,
      "ResponseHeaders": {
        "Connection": "keep-alive",
        "Content-Encoding": "gzip",
        "Content-Type": "application/json; charset=utf-8",
        "Date": "Thu, 24 Aug 2023 16:08:26 GMT",
        "Request-Context": "appId=cid-v1:2d2e8e63-272e-4b3c-8598-4ee570a0e70d",
        "Strict-Transport-Security": "max-age=15724800; includeSubDomains; preload",
        "Transfer-Encoding": "chunked",
        "Vary": "Accept-Encoding",
        "x-aml-cluster": "vienna-eastus-02",
        "X-Content-Type-Options": "nosniff",
        "x-ms-response-type": "standard",
        "x-request-time": "0.077"
      },
      "ResponseBody": {
        "registryId": "b98c40bc-36d6-4175-b131-bad4502fe1a3",
        "registryName": "azureml",
        "tenantId": "33e01921-4d64-4f8c-a055-5bdaffd5e33d",
        "primaryRegion": "EastUS",
        "regions": [
          "eastus",
          "australiaeast",
          "australiasoutheast",
          "brazilsouth",
          "canadacentral",
          "canadaeast",
          "centralindia",
          "centralus",
          "eastasia",
          "eastus2",
          "francecentral",
          "germanywestcentral",
          "japaneast",
          "japanwest",
          "jioindiawest",
          "koreacentral",
          "northcentralus",
          "northeurope",
          "norwayeast",
          "southafricanorth",
          "southcentralus",
          "southeastasia",
          "swedencentral",
          "switzerlandnorth",
          "uaenorth",
          "uksouth",
          "ukwest",
          "westcentralus",
          "westeurope",
          "westus",
          "westus2",
          "westus3",
          "qatarcentral",
          "centraluseuap",
          "eastus2euap"
        ],
        "subscriptionId": "6c6683e9-e5fe-4038-8519-ce6ebec2ba15",
        "resourceGroup": "registry-builtin-prod-eastus-01",
        "workspaceName": null,
        "primaryRegionResourceProviderUri": "https://cert-EastUS.experiments.azureml.net/",
        "registryFqdns": {
          "eastus": {
            "uri": "https://eastus.api.azureml.ms"
          },
          "australiaeast": {
            "uri": "https://australiaeast.api.azureml.ms"
          },
          "australiasoutheast": {
            "uri": "https://australiasoutheast.api.azureml.ms"
          },
          "brazilsouth": {
            "uri": "https://brazilsouth.api.azureml.ms"
          },
          "canadacentral": {
            "uri": "https://canadacentral.api.azureml.ms"
          },
          "canadaeast": {
            "uri": "https://canadaeast.api.azureml.ms"
          },
          "centralindia": {
            "uri": "https://centralindia.api.azureml.ms"
          },
          "centralus": {
            "uri": "https://centralus.api.azureml.ms"
          },
          "eastasia": {
            "uri": "https://eastasia.api.azureml.ms"
          },
          "eastus2": {
            "uri": "https://eastus2.api.azureml.ms"
          },
          "francecentral": {
            "uri": "https://francecentral.api.azureml.ms"
          },
          "germanywestcentral": {
            "uri": "https://germanywestcentral.api.azureml.ms"
          },
          "japaneast": {
            "uri": "https://japaneast.api.azureml.ms"
          },
          "japanwest": {
            "uri": "https://japanwest.api.azureml.ms"
          },
          "jioindiawest": {
            "uri": "https://jioindiawest.api.azureml.ms"
          },
          "koreacentral": {
            "uri": "https://koreacentral.api.azureml.ms"
          },
          "northcentralus": {
            "uri": "https://northcentralus.api.azureml.ms"
          },
          "northeurope": {
            "uri": "https://northeurope.api.azureml.ms"
          },
          "norwayeast": {
            "uri": "https://norwayeast.api.azureml.ms"
          },
          "southafricanorth": {
            "uri": "https://southafricanorth.api.azureml.ms"
          },
          "southcentralus": {
            "uri": "https://southcentralus.api.azureml.ms"
          },
          "southeastasia": {
            "uri": "https://southeastasia.api.azureml.ms"
          },
          "swedencentral": {
            "uri": "https://swedencentral.api.azureml.ms"
          },
          "switzerlandnorth": {
            "uri": "https://switzerlandnorth.api.azureml.ms"
          },
          "uaenorth": {
            "uri": "https://uaenorth.api.azureml.ms"
          },
          "uksouth": {
            "uri": "https://uksouth.api.azureml.ms"
          },
          "ukwest": {
            "uri": "https://ukwest.api.azureml.ms"
          },
          "westcentralus": {
            "uri": "https://westcentralus.api.azureml.ms"
          },
          "westeurope": {
            "uri": "https://westeurope.api.azureml.ms"
          },
          "westus": {
            "uri": "https://westus.api.azureml.ms"
          },
          "westus2": {
            "uri": "https://westus2.api.azureml.ms"
          },
          "westus3": {
            "uri": "https://westus3.api.azureml.ms"
          },
          "qatarcentral": {
            "uri": "https://qatarcentral.api.azureml.ms"
          },
          "centraluseuap": {
            "uri": "https://int.api.azureml-test.ms"
          },
          "int": {
            "uri": "https://int.api.azureml-test.ms"
          },
          "eastus2euap": {
            "uri": "https://eastus2euap.api.azureml.ms"
          }
        },
        "intellectualPropertyPublisher": null
      }
    },
    {
      "RequestUri": "https://cert-eastus.experiments.azureml.net/mferp/managementfrontend/subscriptions/6c6683e9-e5fe-4038-8519-ce6ebec2ba15/resourceGroups/registry-builtin-prod-eastus-01/providers/Microsoft.MachineLearningServices/registries/azureml/components/llm_rag_update_acs_index/versions/azureml_default?api-version=2021-10-01-dataplanepreview",
      "RequestMethod": "GET",
      "RequestHeaders": {
        "Accept": "application/json",
        "Accept-Encoding": "gzip, deflate",
        "Connection": "keep-alive",
        "User-Agent": "azsdk-python-mgmt-machinelearningservices/0.1.0 Python/3.10.12 (macOS-10.16-x86_64-i386-64bit)"
      },
      "RequestBody": null,
      "StatusCode": 200,
      "ResponseHeaders": {
        "Connection": "keep-alive",
        "Content-Encoding": "gzip",
        "Content-Type": "application/json; charset=utf-8",
        "Date": "Thu, 24 Aug 2023 16:08:26 GMT",
        "Request-Context": "appId=cid-v1:2d2e8e63-272e-4b3c-8598-4ee570a0e70d",
        "Strict-Transport-Security": "max-age=15724800; includeSubDomains; preload",
        "Transfer-Encoding": "chunked",
        "Vary": "Accept-Encoding",
        "x-aml-cluster": "vienna-eastus-02",
        "X-Content-Type-Options": [
          "nosniff",
          "nosniff"
        ],
        "x-ms-response-type": "standard",
        "x-request-time": "0.169"
      },
      "ResponseBody": {
        "id": "azureml://registries/azureml/components/llm_rag_update_acs_index/labels/default",
        "name": "azureml_default",
        "type": "Microsoft.MachineLearningServices/registries/components/versions",
        "properties": {
          "description": null,
          "tags": {
            "Preview": ""
          },
          "properties": {
            "client_component_hash": "ab4bf7fd-6a0f-3f2c-74af-b76aaa819eff"
          },
          "isArchived": false,
          "isAnonymous": false,
          "componentSpec": {
            "$schema": "https://azuremlschemas.azureedge.net/latest/commandComponent.schema.json",
            "name": "llm_rag_update_acs_index",
            "version": "0.0.15",
            "display_name": "LLM - Update ACS Index",
            "is_deterministic": "True",
            "type": "command",
            "description": "Uploads \u0060embeddings\u0060 into Azure Cognitive Search instance specified in \u0060acs_config\u0060. The Index will be created if it doesn\u0027t exist.\n\nThe Index will have the following fields populated:\n- \u0022id\u0022, String, key=True\n- \u0022content\u0022, String,\n- \u0022content_vector_(open_ai|hugging_face)\u0022, Collection(Single)\n- \u0022category\u0022, String\n- \u0022sourcepage\u0022, String\n- \u0022sourcefile\u0022, String\n- \u0022content_hash\u0022, String\n- \u0022meta_json_string\u0022, String\n\n\u0022meta_json_string\u0022 contains all metadata for a document serialized as a JSON string.\n",
            "tags": {
              "Preview": ""
            },
            "inputs": {
              "embeddings": {
                "type": "uri_folder",
                "optional": "False",
                "description": "Embeddings output produced from parallel_create_embeddings."
              },
              "acs_config": {
                "type": "string",
                "optional": "False",
                "description": "JSON string containing the ACS configuration. e.g. {\u0022endpoint\u0022: \u0022https://my-cog.search.windows.net\u0022, \u0022index_name\u0022: \u0022my-index\u0022, \u0022api_version\u0022: \u00222021-04-30-Preview\u0022, \u0022endpoint_key_name\u0022: \u0022ACS-PROD-KEY\u0022}"
              }
            },
            "outputs": {
              "index": {
                "type": "uri_folder",
                "description": "Uri folder containing MLINdex yaml describing the newly created/updated ACS index"
              }
            },
            "code": "azureml://registries/azureml/codes/2562b099-d24d-490c-9622-a6fe62c1a0e4/versions/1",
            "environment": "azureml://registries/azureml/environments/llm-rag-embeddings/versions/9",
            "resources": {
              "instance_count": "1"
            },
            "command": "python -m azureml.rag.tasks.update_acs --embeddings ${{inputs.embeddings}} --acs_config \u0027${{inputs.acs_config}}\u0027 --output ${{outputs.index}}"
          }
        },
        "systemData": {
          "createdAt": "2023-08-22T18:41:38.7558629\u002B00:00",
          "createdBy": "Microsoft",
          "createdByType": "User",
          "lastModifiedAt": "2023-08-22T18:41:38.755863\u002B00:00",
          "lastModifiedBy": "Microsoft",
          "lastModifiedByType": "User"
        }
      }
    },
    {
      "RequestUri": "https://eastus.api.azureml.ms/registrymanagement/v1.0/registries/azureml/discovery",
      "RequestMethod": "GET",
      "RequestHeaders": {
        "Accept": "application/json, text/json",
        "Accept-Encoding": "gzip, deflate",
        "Connection": "keep-alive",
        "User-Agent": "azsdk-python-mgmt-machinelearningservices/0.1.0 Python/3.10.12 (macOS-10.16-x86_64-i386-64bit)"
      },
      "RequestBody": null,
      "StatusCode": 200,
      "ResponseHeaders": {
        "Connection": "keep-alive",
        "Content-Encoding": "gzip",
        "Content-Type": "application/json; charset=utf-8",
        "Date": "Thu, 24 Aug 2023 16:08:26 GMT",
        "Request-Context": "appId=cid-v1:2d2e8e63-272e-4b3c-8598-4ee570a0e70d",
        "Strict-Transport-Security": "max-age=15724800; includeSubDomains; preload",
        "Transfer-Encoding": "chunked",
        "Vary": "Accept-Encoding",
        "x-aml-cluster": "vienna-eastus-02",
        "X-Content-Type-Options": "nosniff",
        "x-ms-response-type": "standard",
        "x-request-time": "0.025"
      },
      "ResponseBody": {
        "registryId": "b98c40bc-36d6-4175-b131-bad4502fe1a3",
        "registryName": "azureml",
        "tenantId": "33e01921-4d64-4f8c-a055-5bdaffd5e33d",
        "primaryRegion": "EastUS",
        "regions": [
          "eastus",
          "australiaeast",
          "australiasoutheast",
          "brazilsouth",
          "canadacentral",
          "canadaeast",
          "centralindia",
          "centralus",
          "eastasia",
          "eastus2",
          "francecentral",
          "germanywestcentral",
          "japaneast",
          "japanwest",
          "jioindiawest",
          "koreacentral",
          "northcentralus",
          "northeurope",
          "norwayeast",
          "southafricanorth",
          "southcentralus",
          "southeastasia",
          "swedencentral",
          "switzerlandnorth",
          "uaenorth",
          "uksouth",
          "ukwest",
          "westcentralus",
          "westeurope",
          "westus",
          "westus2",
          "westus3",
          "qatarcentral",
          "centraluseuap",
          "eastus2euap"
        ],
        "subscriptionId": "6c6683e9-e5fe-4038-8519-ce6ebec2ba15",
        "resourceGroup": "registry-builtin-prod-eastus-01",
        "workspaceName": null,
        "primaryRegionResourceProviderUri": "https://cert-EastUS.experiments.azureml.net/",
        "registryFqdns": {
          "eastus": {
            "uri": "https://eastus.api.azureml.ms"
          },
          "australiaeast": {
            "uri": "https://australiaeast.api.azureml.ms"
          },
          "australiasoutheast": {
            "uri": "https://australiasoutheast.api.azureml.ms"
          },
          "brazilsouth": {
            "uri": "https://brazilsouth.api.azureml.ms"
          },
          "canadacentral": {
            "uri": "https://canadacentral.api.azureml.ms"
          },
          "canadaeast": {
            "uri": "https://canadaeast.api.azureml.ms"
          },
          "centralindia": {
            "uri": "https://centralindia.api.azureml.ms"
          },
          "centralus": {
            "uri": "https://centralus.api.azureml.ms"
          },
          "eastasia": {
            "uri": "https://eastasia.api.azureml.ms"
          },
          "eastus2": {
            "uri": "https://eastus2.api.azureml.ms"
          },
          "francecentral": {
            "uri": "https://francecentral.api.azureml.ms"
          },
          "germanywestcentral": {
            "uri": "https://germanywestcentral.api.azureml.ms"
          },
          "japaneast": {
            "uri": "https://japaneast.api.azureml.ms"
          },
          "japanwest": {
            "uri": "https://japanwest.api.azureml.ms"
          },
          "jioindiawest": {
            "uri": "https://jioindiawest.api.azureml.ms"
          },
          "koreacentral": {
            "uri": "https://koreacentral.api.azureml.ms"
          },
          "northcentralus": {
            "uri": "https://northcentralus.api.azureml.ms"
          },
          "northeurope": {
            "uri": "https://northeurope.api.azureml.ms"
          },
          "norwayeast": {
            "uri": "https://norwayeast.api.azureml.ms"
          },
          "southafricanorth": {
            "uri": "https://southafricanorth.api.azureml.ms"
          },
          "southcentralus": {
            "uri": "https://southcentralus.api.azureml.ms"
          },
          "southeastasia": {
            "uri": "https://southeastasia.api.azureml.ms"
          },
          "swedencentral": {
            "uri": "https://swedencentral.api.azureml.ms"
          },
          "switzerlandnorth": {
            "uri": "https://switzerlandnorth.api.azureml.ms"
          },
          "uaenorth": {
            "uri": "https://uaenorth.api.azureml.ms"
          },
          "uksouth": {
            "uri": "https://uksouth.api.azureml.ms"
          },
          "ukwest": {
            "uri": "https://ukwest.api.azureml.ms"
          },
          "westcentralus": {
            "uri": "https://westcentralus.api.azureml.ms"
          },
          "westeurope": {
            "uri": "https://westeurope.api.azureml.ms"
          },
          "westus": {
            "uri": "https://westus.api.azureml.ms"
          },
          "westus2": {
            "uri": "https://westus2.api.azureml.ms"
          },
          "westus3": {
            "uri": "https://westus3.api.azureml.ms"
          },
          "qatarcentral": {
            "uri": "https://qatarcentral.api.azureml.ms"
          },
          "centraluseuap": {
            "uri": "https://int.api.azureml-test.ms"
          },
          "int": {
            "uri": "https://int.api.azureml-test.ms"
          },
          "eastus2euap": {
            "uri": "https://eastus2euap.api.azureml.ms"
          }
        },
        "intellectualPropertyPublisher": null
      }
    },
    {
      "RequestUri": "https://cert-eastus.experiments.azureml.net/mferp/managementfrontend/subscriptions/6c6683e9-e5fe-4038-8519-ce6ebec2ba15/resourceGroups/registry-builtin-prod-eastus-01/providers/Microsoft.MachineLearningServices/registries/azureml/components/llm_rag_register_mlindex_asset/versions/azureml_default?api-version=2021-10-01-dataplanepreview",
      "RequestMethod": "GET",
      "RequestHeaders": {
        "Accept": "application/json",
        "Accept-Encoding": "gzip, deflate",
        "Connection": "keep-alive",
        "User-Agent": "azsdk-python-mgmt-machinelearningservices/0.1.0 Python/3.10.12 (macOS-10.16-x86_64-i386-64bit)"
      },
      "RequestBody": null,
      "StatusCode": 200,
      "ResponseHeaders": {
        "Connection": "keep-alive",
        "Content-Encoding": "gzip",
        "Content-Type": "application/json; charset=utf-8",
        "Date": "Thu, 24 Aug 2023 16:08:26 GMT",
        "Request-Context": "appId=cid-v1:2d2e8e63-272e-4b3c-8598-4ee570a0e70d",
        "Strict-Transport-Security": "max-age=15724800; includeSubDomains; preload",
        "Transfer-Encoding": "chunked",
        "Vary": "Accept-Encoding",
        "x-aml-cluster": "vienna-eastus-02",
        "X-Content-Type-Options": [
          "nosniff",
          "nosniff"
        ],
        "x-ms-response-type": "standard",
        "x-request-time": "0.105"
      },
      "ResponseBody": {
        "id": "azureml://registries/azureml/components/llm_rag_register_mlindex_asset/labels/default",
        "name": "azureml_default",
        "type": "Microsoft.MachineLearningServices/registries/components/versions",
        "properties": {
          "description": null,
          "tags": {
            "Preview": ""
          },
          "properties": {
            "client_component_hash": "05ba1b64-5845-88ff-b4cf-da0212c74637"
          },
          "isArchived": false,
          "isAnonymous": false,
          "componentSpec": {
            "$schema": "https://azuremlschemas.azureedge.net/latest/commandComponent.schema.json",
            "name": "llm_rag_register_mlindex_asset",
            "version": "0.0.15",
            "display_name": "LLM - Register Vector Index Asset",
            "is_deterministic": "True",
            "type": "command",
            "description": "Registers a MLIndex yaml and supporting files as an AzureML data asset\n",
            "tags": {
              "Preview": ""
            },
            "inputs": {
              "storage_uri": {
                "type": "uri_folder",
                "optional": "False",
                "description": "Folder containing MLIndex to be registered."
              },
              "asset_name": {
                "type": "string",
                "optional": "True",
                "description": "Name of the MLIndex registered dataset"
              }
            },
            "outputs": {
              "asset_id": {
                "type": "uri_file",
                "description": "Asset ID of the newly created data asset"
              }
            },
            "code": "azureml://registries/azureml/codes/53251c8e-b52d-412e-97f7-08665f5a1c13/versions/1",
            "environment": "azureml://registries/azureml/environments/llm-rag-embeddings/versions/9",
            "resources": {
              "instance_count": "1"
            },
            "command": "python -m azureml.rag.tasks.register_mlindex --storage-uri ${{inputs.storage_uri}} $[[--asset-name ${{inputs.asset_name}}]] --output-asset-id ${{outputs.asset_id}}"
          }
        },
        "systemData": {
          "createdAt": "2023-08-22T18:35:23.9195891\u002B00:00",
          "createdBy": "Microsoft",
          "createdByType": "User",
          "lastModifiedAt": "2023-08-22T18:35:23.9195892\u002B00:00",
          "lastModifiedBy": "Microsoft",
          "lastModifiedByType": "User"
        }
      }
    },
    {
      "RequestUri": "https://management.azure.com/subscriptions/00000000-0000-0000-0000-000000000/resourceGroups/00000/providers/Microsoft.MachineLearningServices/workspaces/00000/connections/azureml-rag-acs-v2?api-version=2023-06-01-preview",
      "RequestMethod": "GET",
      "RequestHeaders": {
        "Accept": "application/json",
        "Accept-Encoding": "gzip, deflate",
        "Connection": "keep-alive",
        "User-Agent": "azure-ai-ml/1.10.0 azsdk-python-mgmt-machinelearningservices/0.1.0 Python/3.10.12 (macOS-10.16-x86_64-i386-64bit)"
      },
      "RequestBody": null,
      "StatusCode": 200,
      "ResponseHeaders": {
        "Cache-Control": "no-cache",
        "Content-Length": "1050",
        "Content-Type": "application/json; charset=utf-8",
        "Date": "Thu, 24 Aug 2023 16:08:27 GMT",
        "Expires": "-1",
        "Pragma": "no-cache",
        "Request-Context": "appId=cid-v1:2d2e8e63-272e-4b3c-8598-4ee570a0e70d",
        "Strict-Transport-Security": "max-age=31536000; includeSubDomains",
        "Vary": "Accept-Encoding",
        "x-aml-cluster": "vienna-eastus-02",
        "X-Cache": "CONFIG_NOCACHE",
        "X-Content-Type-Options": "nosniff",
        "x-ms-correlation-request-id": "7dc722cf-7b71-4c8d-b39d-7de8c06a4ea9",
        "x-ms-ratelimit-remaining-subscription-reads": "11999",
        "x-ms-response-type": "standard",
        "x-ms-routing-request-id": "WESTUS:20230824T160827Z:7dc722cf-7b71-4c8d-b39d-7de8c06a4ea9",
        "X-MSEdge-Ref": "Ref A: F75EB59448CA43AFBBF78B625630BCA1 Ref B: SJC211051204029 Ref C: 2023-08-24T16:08:27Z",
        "x-request-time": "0.023"
      },
      "ResponseBody": {
        "tags": null,
        "location": null,
        "id": "/subscriptions/00000000-0000-0000-0000-000000000/resourceGroups/00000/providers/Microsoft.MachineLearningServices/workspaces/00000/connections/azureml-rag-acs-v2",
        "name": "azureml-rag-acs-v2",
        "type": "Microsoft.MachineLearningServices/workspaces/connections",
        "properties": {
          "authType": "ApiKey",
          "credentials": null,
          "category": "CognitiveSearch",
          "expiryTime": null,
          "target": "https://azureml-rag-acs.search.windows.net",
          "createdByWorkspaceId": null,
          "isSharedToAll": false,
          "sharedUserList": [],
          "metadata": {
            "azureml.flow.connection_type": "CognitiveSearch",
            "azureml.flow.module": "promptflow.connections",
            "ApiVersion": "2023-07-01-Preview"
          }
        },
        "systemData": {
          "createdAt": "2023-05-29T23:02:49.9169608Z",
          "createdBy": "lupickup@microsoft.com",
          "createdByType": "User",
          "lastModifiedAt": "2023-05-29T23:02:49.9169608Z",
          "lastModifiedBy": "lupickup@microsoft.com",
          "lastModifiedByType": "User"
        }
      }
    },
    {
      "RequestUri": "https://management.azure.com/subscriptions/00000000-0000-0000-0000-000000000/resourceGroups/00000/providers/Microsoft.MachineLearningServices/workspaces/00000/connections/azureml-rag-aoai-v2?api-version=2023-06-01-preview",
      "RequestMethod": "GET",
      "RequestHeaders": {
        "Accept": "application/json",
        "Accept-Encoding": "gzip, deflate",
        "Connection": "keep-alive",
        "User-Agent": "azure-ai-ml/1.10.0 azsdk-python-mgmt-machinelearningservices/0.1.0 Python/3.10.12 (macOS-10.16-x86_64-i386-64bit)"
      },
      "RequestBody": null,
      "StatusCode": 200,
      "ResponseHeaders": {
        "Cache-Control": "no-cache",
        "Content-Length": "961",
        "Content-Type": "application/json; charset=utf-8",
        "Date": "Thu, 24 Aug 2023 16:08:27 GMT",
        "Expires": "-1",
        "Pragma": "no-cache",
        "Request-Context": "appId=cid-v1:2d2e8e63-272e-4b3c-8598-4ee570a0e70d",
        "Strict-Transport-Security": "max-age=31536000; includeSubDomains",
        "Vary": "Accept-Encoding",
        "x-aml-cluster": "vienna-eastus-02",
        "X-Cache": "CONFIG_NOCACHE",
        "X-Content-Type-Options": "nosniff",
        "x-ms-correlation-request-id": "6e9df82a-e3bf-4089-a997-0f09ede92918",
        "x-ms-ratelimit-remaining-subscription-reads": "11999",
        "x-ms-response-type": "standard",
        "x-ms-routing-request-id": "WESTUS:20230824T160827Z:6e9df82a-e3bf-4089-a997-0f09ede92918",
        "X-MSEdge-Ref": "Ref A: 3F4C64E55D174FF390165EFEF54CD625 Ref B: SJC211051204029 Ref C: 2023-08-24T16:08:27Z",
        "x-request-time": "0.023"
      },
      "ResponseBody": {
        "tags": null,
        "location": null,
        "id": "/subscriptions/00000000-0000-0000-0000-000000000/resourceGroups/00000/providers/Microsoft.MachineLearningServices/workspaces/00000/connections/azureml-rag-aoai-v2",
        "name": "azureml-rag-aoai-v2",
        "type": "Microsoft.MachineLearningServices/workspaces/connections",
        "properties": {
          "authType": "ApiKey",
          "credentials": null,
          "category": "AzureOpenAI",
          "expiryTime": null,
          "target": "https://azureml-rag-oai.openai.azure.com/",
          "createdByWorkspaceId": null,
          "isSharedToAll": false,
          "sharedUserList": [],
          "metadata": {
            "apiType": "azure",
            "apiVersion": "2023-03-15-preview"
          }
        },
        "systemData": {
          "createdAt": "2023-05-15T20:02:20.6058328Z",
          "createdBy": "lupickup@microsoft.com",
          "createdByType": "User",
          "lastModifiedAt": "2023-05-15T20:02:20.6058328Z",
          "lastModifiedBy": "lupickup@microsoft.com",
          "lastModifiedByType": "User"
        }
      }
    }
  ],
  "Variables": {}
}
