{
  "Entries": [
    {
      "RequestUri": "https://REDACTED/5d9a9fb20setfilesystemaccesspolicybfd711970441af2d49?restype=container",
      "RequestMethod": "PUT",
      "RequestHeaders": {
        "Accept": "application/xml",
        "Authorization": "Sanitized",
        "Content-Length": "0",
        "Date": "Wed, 26 Jul 2023 19:31:46 GMT",
        "User-Agent": "azsdk-java-azure-storage-blob/12.24.0-beta.1 azsdk-java-azure-storage-file-datalake/12.17.0-beta.1 (17.0.7; Windows 11; 10.0)",
        "x-ms-client-request-id": "19bd3aa7-6dab-4cb5-bca3-d45f56f4a2f9",
        "x-ms-version": "2023-01-03"
      },
      "RequestBody": null,
      "StatusCode": 201,
      "ResponseHeaders": {
        "Content-Length": "0",
        "Date": "Wed, 26 Jul 2023 19:31:46 GMT",
        "ETag": "\u00220x8DB8E0EF3166373\u0022",
        "Last-Modified": "Wed, 26 Jul 2023 19:31:46 GMT",
        "Server": [
          "Windows-Azure-Blob/1.0",
          "Microsoft-HTTPAPI/2.0"
        ],
        "x-ms-client-request-id": "19bd3aa7-6dab-4cb5-bca3-d45f56f4a2f9",
        "x-ms-request-id": "9c3da871-001e-002e-12f7-bfc395000000",
        "x-ms-version": "2023-01-03"
      },
      "ResponseBody": null
    },
    {
      "RequestUri": "https://REDACTED/5d9a9fb21setfilesystemaccesspolicybfd275848858c9e65c?restype=container",
      "RequestMethod": "PUT",
      "RequestHeaders": {
        "Accept": "application/xml",
        "Authorization": "Sanitized",
        "Content-Length": "0",
        "Date": "Wed, 26 Jul 2023 19:31:46 GMT",
        "User-Agent": "azsdk-java-azure-storage-blob/12.24.0-beta.1 azsdk-java-azure-storage-file-datalake/12.17.0-beta.1 (17.0.7; Windows 11; 10.0)",
        "x-ms-client-request-id": "eebb7221-f2b8-4505-bb9d-32b46875b902",
        "x-ms-version": "2023-01-03"
      },
      "RequestBody": null,
      "StatusCode": 201,
      "ResponseHeaders": {
        "Content-Length": "0",
        "Date": "Wed, 26 Jul 2023 19:31:46 GMT",
        "ETag": "\u00220x8DB8E0EF33878E4\u0022",
        "Last-Modified": "Wed, 26 Jul 2023 19:31:46 GMT",
        "Server": [
          "Windows-Azure-Blob/1.0",
          "Microsoft-HTTPAPI/2.0"
        ],
        "x-ms-client-request-id": "eebb7221-f2b8-4505-bb9d-32b46875b902",
        "x-ms-request-id": "e2b7a207-d01e-0012-72f7-bfea52000000",
        "x-ms-version": "2023-01-03"
      },
      "ResponseBody": null
    },
    {
      "RequestUri": "https://REDACTED/5d9a9fb22setfilesystemaccesspolicybfd972237ccb9cff4c?restype=container\u0026comp=acl",
      "RequestMethod": "PUT",
      "RequestHeaders": {
        "Accept": "application/xml",
        "Authorization": "Sanitized",
        "Content-Length": "58",
        "Content-Type": "application/xml",
        "Date": "Wed, 26 Jul 2023 19:31:46 GMT",
        "User-Agent": "azsdk-java-azure-storage-blob/12.24.0-beta.1 azsdk-java-azure-storage-file-datalake/12.17.0-beta.1 (17.0.7; Windows 11; 10.0)",
        "x-ms-client-request-id": "158fb290-9a78-4956-b280-010a73ccdcb1",
        "x-ms-version": "2023-01-03"
      },
      "RequestBody": "\u003C?xml version=\u00271.0\u0027 encoding=\u0027UTF-8\u0027?\u003E\u003CSignedIdentifiers/\u003E",
      "StatusCode": 404,
      "ResponseHeaders": {
        "Content-Length": "225",
        "Content-Type": "application/xml",
        "Date": "Wed, 26 Jul 2023 19:31:46 GMT",
        "Server": [
          "Windows-Azure-Blob/1.0",
          "Microsoft-HTTPAPI/2.0"
        ],
        "x-ms-client-request-id": "158fb290-9a78-4956-b280-010a73ccdcb1",
        "x-ms-error-code": "ContainerNotFound",
        "x-ms-request-id": "e2f58e41-f01e-003a-3df7-bf8bfa000000",
        "x-ms-version": "2023-01-03"
      },
      "ResponseBody": [
        "\uFEFF\u003C?xml version=\u00221.0\u0022 encoding=\u0022utf-8\u0022?\u003E\u003CError\u003E\u003CCode\u003EContainerNotFound\u003C/Code\u003E\u003CMessage\u003EThe specified container does not exist.\n",
        "RequestId:e2f58e41-f01e-003a-3df7-bf8bfa000000\n",
        "Time:2023-07-26T19:31:46.5122834Z\u003C/Message\u003E\u003C/Error\u003E"
      ]
    }
  ],
  "Variables": {
    "0": "5d9a9fb20setfilesystemaccesspolicybfd711970441af2d49",
    "1": "5d9a9fb21setfilesystemaccesspolicybfd275848858c9e65c",
    "2": "5d9a9fb22setfilesystemaccesspolicybfd972237ccb9cff4c"
  }
}
