{
  "Entries": [
    {
      "RequestUri": "https://REDACTED/0b7695ac0setdirectoryhttpproperties59760798f42b30460c?restype=container",
      "RequestMethod": "PUT",
      "RequestHeaders": {
        "Accept": "application/xml",
        "Authorization": "Sanitized",
        "Content-Length": "0",
        "Date": "Wed, 26 Jul 2023 19:31:48 GMT",
        "User-Agent": "azsdk-java-azure-storage-blob/12.24.0-beta.1 azsdk-java-azure-storage-file-datalake/12.17.0-beta.1 (17.0.7; Windows 11; 10.0)",
        "x-ms-client-request-id": "02d51b4e-1bb5-4c80-8248-02a252304d71",
        "x-ms-version": "2023-01-03"
      },
      "RequestBody": null,
      "StatusCode": 201,
      "ResponseHeaders": {
        "Content-Length": "0",
        "Date": "Wed, 26 Jul 2023 19:31:47 GMT",
        "ETag": "\u00220x8DB8E0EF463E96C\u0022",
        "Last-Modified": "Wed, 26 Jul 2023 19:31:48 GMT",
        "Server": [
          "Windows-Azure-Blob/1.0",
          "Microsoft-HTTPAPI/2.0"
        ],
        "x-ms-client-request-id": "02d51b4e-1bb5-4c80-8248-02a252304d71",
        "x-ms-request-id": "7c5039d1-a01e-00a1-4df7-bf4aff000000",
        "x-ms-version": "2023-01-03"
      },
      "ResponseBody": null
    },
    {
      "RequestUri": "https://REDACTED/0b7695ac1setdirectoryhttpproperties5975160036b699007a?restype=container",
      "RequestMethod": "PUT",
      "RequestHeaders": {
        "Accept": "application/xml",
        "Authorization": "Sanitized",
        "Content-Length": "0",
        "Date": "Wed, 26 Jul 2023 19:31:48 GMT",
        "User-Agent": "azsdk-java-azure-storage-blob/12.24.0-beta.1 azsdk-java-azure-storage-file-datalake/12.17.0-beta.1 (17.0.7; Windows 11; 10.0)",
        "x-ms-client-request-id": "2da1c6cd-9ff1-4bb3-8484-94f2391f8b80",
        "x-ms-version": "2023-01-03"
      },
      "RequestBody": null,
      "StatusCode": 201,
      "ResponseHeaders": {
        "Content-Length": "0",
        "Date": "Wed, 26 Jul 2023 19:31:47 GMT",
        "ETag": "\u00220x8DB8E0EF46D0FD5\u0022",
        "Last-Modified": "Wed, 26 Jul 2023 19:31:48 GMT",
        "Server": [
          "Windows-Azure-Blob/1.0",
          "Microsoft-HTTPAPI/2.0"
        ],
        "x-ms-client-request-id": "2da1c6cd-9ff1-4bb3-8484-94f2391f8b80",
        "x-ms-request-id": "7c503a3c-a01e-00a1-2df7-bf4aff000000",
        "x-ms-version": "2023-01-03"
      },
      "ResponseBody": null
    },
    {
      "RequestUri": "https://REDACTED/0b7695ac1setdirectoryhttpproperties5975160036b699007a/0b7695ac2setdirectoryhttpproperties597006155e11331648?comp=properties",
      "RequestMethod": "PUT",
      "RequestHeaders": {
        "Accept": "application/xml",
        "Authorization": "Sanitized",
        "Content-Length": "0",
        "Date": "Wed, 26 Jul 2023 19:31:48 GMT",
        "User-Agent": "azsdk-java-azure-storage-blob/12.24.0-beta.1 azsdk-java-azure-storage-file-datalake/12.17.0-beta.1 (17.0.7; Windows 11; 10.0)",
        "x-ms-client-request-id": "bfb50c58-4c56-4af0-b366-fc3077fb161b",
        "x-ms-version": "2023-01-03"
      },
      "RequestBody": null,
      "StatusCode": 404,
      "ResponseHeaders": {
        "Content-Length": "215",
        "Content-Type": "application/xml",
        "Date": "Wed, 26 Jul 2023 19:31:47 GMT",
        "Server": [
          "Windows-Azure-Blob/1.0",
          "Microsoft-HTTPAPI/2.0"
        ],
        "x-ms-client-request-id": "bfb50c58-4c56-4af0-b366-fc3077fb161b",
        "x-ms-error-code": "BlobNotFound",
        "x-ms-request-id": "7c503a82-a01e-00a1-6ff7-bf4aff000000",
        "x-ms-version": "2023-01-03"
      },
      "ResponseBody": [
        "\uFEFF\u003C?xml version=\u00221.0\u0022 encoding=\u0022utf-8\u0022?\u003E\u003CError\u003E\u003CCode\u003EBlobNotFound\u003C/Code\u003E\u003CMessage\u003EThe specified blob does not exist.\n",
        "RequestId:7c503a82-a01e-00a1-6ff7-bf4aff000000\n",
        "Time:2023-07-26T19:31:48.5191271Z\u003C/Message\u003E\u003C/Error\u003E"
      ]
    }
  ],
  "Variables": {
    "0": "0b7695ac0setdirectoryhttpproperties59760798f42b30460c",
    "1": "0b7695ac1setdirectoryhttpproperties5975160036b699007a",
    "2": "0b7695ac2setdirectoryhttpproperties597006155e11331648"
  }
}
