{
  "Entries": [
    {
      "RequestUri": "https://REDACTED/57a8065a0setpermissionsacfail80954862c4f2e0d8998e4?restype=container",
      "RequestMethod": "PUT",
      "RequestHeaders": {
        "Accept": "application/xml",
        "Authorization": "Sanitized",
        "Content-Length": "0",
        "Date": "Thu, 19 Oct 2023 23:33:13 GMT",
        "User-Agent": "azsdk-java-azure-storage-blob/12.25.0-beta.1 azsdk-java-azure-storage-file-datalake/12.18.0-beta.1 (17.0.8; Windows 11; 10.0)",
        "x-ms-client-request-id": "6b184488-d2e5-45b9-8142-b572b646edbc",
        "x-ms-version": "2023-11-03"
      },
      "RequestBody": null,
      "StatusCode": 201,
      "ResponseHeaders": {
        "Content-Length": "0",
        "Date": "Thu, 19 Oct 2023 23:33:14 GMT",
        "ETag": "\u00220x8DBD0FBC41EFF25\u0022",
        "Last-Modified": "Thu, 19 Oct 2023 23:33:14 GMT",
        "Server": [
          "Windows-Azure-Blob/1.0",
          "Microsoft-HTTPAPI/2.0"
        ],
        "x-ms-client-request-id": "6b184488-d2e5-45b9-8142-b572b646edbc",
        "x-ms-request-id": "341e3722-701e-00e6-42e4-02bdaa000000",
        "x-ms-version": "2023-11-03"
      },
      "ResponseBody": null
    },
    {
      "RequestUri": "https://REDACTED/57a8065a0setpermissionsacfail80954862c4f2e0d8998e4/57a8065a1setpermissionsacfail8090262126dd6e0cdeb44?resource=directory",
      "RequestMethod": "PUT",
      "RequestHeaders": {
        "Accept": "application/json",
        "Authorization": "Sanitized",
        "Content-Length": "0",
        "Date": "Thu, 19 Oct 2023 23:33:13 GMT",
        "If-None-Match": "*",
        "User-Agent": "azsdk-java-azure-storage-file-datalake/12.18.0-beta.1 (17.0.8; Windows 11; 10.0)",
        "x-ms-client-request-id": "4ccd96cc-b6d8-4ff4-8988-e5fed2913877",
        "x-ms-version": "2023-11-03"
      },
      "RequestBody": null,
      "StatusCode": 201,
      "ResponseHeaders": {
        "Content-Length": "0",
        "Date": "Thu, 19 Oct 2023 23:33:14 GMT",
        "ETag": "\u00220x8DBD0FBC42F36B7\u0022",
        "Last-Modified": "Thu, 19 Oct 2023 23:33:14 GMT",
        "Server": [
          "Windows-Azure-HDFS/1.0",
          "Microsoft-HTTPAPI/2.0"
        ],
        "x-ms-client-request-id": "4ccd96cc-b6d8-4ff4-8988-e5fed2913877",
        "x-ms-request-id": "5caf836b-701f-0060-4ce4-027113000000",
        "x-ms-request-server-encrypted": "true",
        "x-ms-version": "2023-11-03"
      },
      "ResponseBody": null
    },
    {
      "RequestUri": "https://REDACTED/57a8065a0setpermissionsacfail80954862c4f2e0d8998e4/57a8065a1setpermissionsacfail8090262126dd6e0cdeb44",
      "RequestMethod": "HEAD",
      "RequestHeaders": {
        "Accept": "application/xml",
        "Authorization": "Sanitized",
        "Content-Length": "0",
        "Date": "Thu, 19 Oct 2023 23:33:13 GMT",
        "User-Agent": "azsdk-java-azure-storage-blob/12.25.0-beta.1 azsdk-java-azure-storage-file-datalake/12.18.0-beta.1 (17.0.8; Windows 11; 10.0)",
        "x-ms-client-request-id": "9d224851-42cf-4850-a569-e9f839113a0c",
        "x-ms-version": "2023-11-03"
      },
      "RequestBody": null,
      "StatusCode": 200,
      "ResponseHeaders": {
        "Accept-Ranges": "bytes",
        "Access-Control-Allow-Origin": "*",
        "Access-Control-Expose-Headers": "x-ms-client-request-id",
        "Content-Length": "0",
        "Content-Type": "application/octet-stream",
        "Date": "Thu, 19 Oct 2023 23:33:14 GMT",
        "ETag": "\u00220x8DBD0FBC42F36B7\u0022",
        "Last-Modified": "Thu, 19 Oct 2023 23:33:14 GMT",
        "Server": [
          "Windows-Azure-Blob/1.0",
          "Microsoft-HTTPAPI/2.0"
        ],
        "x-ms-access-tier": "Hot",
        "x-ms-access-tier-inferred": "true",
        "x-ms-blob-type": "BlockBlob",
        "x-ms-client-request-id": "9d224851-42cf-4850-a569-e9f839113a0c",
        "x-ms-creation-time": "Thu, 19 Oct 2023 23:33:14 GMT",
        "x-ms-group": "$superuser",
        "x-ms-lease-state": "available",
        "x-ms-lease-status": "unlocked",
        "x-ms-meta-hdi_isfolder": "true",
        "x-ms-owner": "$superuser",
        "x-ms-permissions": "rwxr-x---",
        "x-ms-request-id": "86a278dd-d01e-001b-7ee4-02338f000000",
        "x-ms-resource-type": "directory",
        "x-ms-server-encrypted": "true",
        "x-ms-version": "2023-11-03"
      },
      "ResponseBody": null
    },
    {
      "RequestUri": "https://REDACTED/57a8065a0setpermissionsacfail80954862c4f2e0d8998e4/57a8065a1setpermissionsacfail8090262126dd6e0cdeb44?action=setAccessControl",
      "RequestMethod": "PATCH",
      "RequestHeaders": {
        "Accept": "application/json",
        "Authorization": "Sanitized",
        "Content-Length": "0",
        "Date": "Thu, 19 Oct 2023 23:33:13 GMT",
        "If-None-Match": "0x8DBD0FBC42F36B7",
        "User-Agent": "azsdk-java-azure-storage-file-datalake/12.18.0-beta.1 (17.0.8; Windows 11; 10.0)",
        "x-ms-client-request-id": "c9255f1d-216f-496d-bd08-9e0ee760f0dd",
        "x-ms-permissions": "0754",
        "x-ms-version": "2023-11-03"
      },
      "RequestBody": null,
      "StatusCode": 412,
      "ResponseHeaders": {
        "Content-Length": "200",
        "Content-Type": "application/json; charset=utf-8",
        "Date": "Thu, 19 Oct 2023 23:33:14 GMT",
        "Server": [
          "Windows-Azure-HDFS/1.0",
          "Microsoft-HTTPAPI/2.0"
        ],
        "x-ms-client-request-id": "c9255f1d-216f-496d-bd08-9e0ee760f0dd",
        "x-ms-error-code": "ConditionNotMet",
        "x-ms-request-id": "746c3e55-501f-0093-6be4-02d686000000",
        "x-ms-version": "2023-11-03"
      },
      "ResponseBody": {
        "error": {
          "code": "ConditionNotMet",
          "message": "The condition specified using HTTP conditional header(s) is not met.\nRequestId:746c3e55-501f-0093-6be4-02d686000000\nTime:2023-10-19T23:33:15.1783092Z"
        }
      }
    }
  ],
  "Variables": {
    "0": "57a8065a0setpermissionsacfail80954862c4f2e0d8998e4",
    "1": "57a8065a1setpermissionsacfail8090262126dd6e0cdeb44"
  }
}
