{
  "Entries": [
    {
      "RequestUri": "https://REDACTED/42fb8d7d0setmetadataac39c94452df0c5a25f64d4f23?restype=container",
      "RequestMethod": "PUT",
      "RequestHeaders": {
        "Accept": "application/xml",
        "Authorization": "Sanitized",
        "Content-Length": "0",
        "Date": "Thu, 27 Jul 2023 14:37:36 GMT",
        "User-Agent": "azsdk-java-azure-storage-blob/12.24.0-beta.1 azsdk-java-azure-storage-file-datalake/12.17.0-beta.1 (17.0.7; Windows 11; 10.0)",
        "x-ms-client-request-id": "9158d0b1-f1f7-439b-bd0f-9bbe00dfc85a",
        "x-ms-version": "2023-01-03"
      },
      "RequestBody": null,
      "StatusCode": 201,
      "ResponseHeaders": {
        "Content-Length": "0",
        "Date": "Thu, 27 Jul 2023 14:37:35 GMT",
        "ETag": "\u00220x8DB8EAF0557163E\u0022",
        "Last-Modified": "Thu, 27 Jul 2023 14:37:36 GMT",
        "Server": [
          "Windows-Azure-Blob/1.0",
          "Microsoft-HTTPAPI/2.0"
        ],
        "x-ms-client-request-id": "9158d0b1-f1f7-439b-bd0f-9bbe00dfc85a",
        "x-ms-request-id": "98944764-001e-005c-3097-c0c4da000000",
        "x-ms-version": "2023-01-03"
      },
      "ResponseBody": null
    },
    {
      "RequestUri": "https://REDACTED/42fb8d7d0setmetadataac39c94452df0c5a25f64d4f23/42fb8d7d1setmetadataac39c34562dc4b060ed2c4431f?resource=directory",
      "RequestMethod": "PUT",
      "RequestHeaders": {
        "Accept": "application/json",
        "Authorization": "Sanitized",
        "Content-Length": "0",
        "Date": "Thu, 27 Jul 2023 14:37:36 GMT",
        "If-None-Match": "*",
        "User-Agent": "azsdk-java-azure-storage-file-datalake/12.17.0-beta.1 (17.0.7; Windows 11; 10.0)",
        "x-ms-client-request-id": "ecd5a99a-10e1-4a6e-9cc7-25a18efa0760",
        "x-ms-version": "2023-01-03"
      },
      "RequestBody": null,
      "StatusCode": 201,
      "ResponseHeaders": {
        "Content-Length": "0",
        "Date": "Thu, 27 Jul 2023 14:37:35 GMT",
        "ETag": "\u00220x8DB8EAF055EBF21\u0022",
        "Last-Modified": "Thu, 27 Jul 2023 14:37:36 GMT",
        "Server": [
          "Windows-Azure-HDFS/1.0",
          "Microsoft-HTTPAPI/2.0"
        ],
        "x-ms-client-request-id": "ecd5a99a-10e1-4a6e-9cc7-25a18efa0760",
        "x-ms-request-id": "c3ca9bba-b01f-0059-0e97-c01601000000",
        "x-ms-request-server-encrypted": "true",
        "x-ms-version": "2023-01-03"
      },
      "ResponseBody": null
    },
    {
      "RequestUri": "https://REDACTED/42fb8d7d0setmetadataac39c94452df0c5a25f64d4f23/42fb8d7d1setmetadataac39c34562dc4b060ed2c4431f",
      "RequestMethod": "HEAD",
      "RequestHeaders": {
        "Accept": "application/xml",
        "Authorization": "Sanitized",
        "Content-Length": "0",
        "Date": "Thu, 27 Jul 2023 14:37:36 GMT",
        "User-Agent": "azsdk-java-azure-storage-blob/12.24.0-beta.1 azsdk-java-azure-storage-file-datalake/12.17.0-beta.1 (17.0.7; Windows 11; 10.0)",
        "x-ms-client-request-id": "f9bddf68-c705-4b73-9f4b-be2f7accd4e9",
        "x-ms-version": "2023-01-03"
      },
      "RequestBody": null,
      "StatusCode": 200,
      "ResponseHeaders": {
        "Accept-Ranges": "bytes",
        "Access-Control-Allow-Origin": "*",
        "Access-Control-Expose-Headers": "x-ms-client-request-id",
        "Content-Length": "0",
        "Content-Type": "application/octet-stream",
        "Date": "Thu, 27 Jul 2023 14:37:36 GMT",
        "ETag": "\u00220x8DB8EAF055EBF21\u0022",
        "Last-Modified": "Thu, 27 Jul 2023 14:37:36 GMT",
        "Server": [
          "Windows-Azure-Blob/1.0",
          "Microsoft-HTTPAPI/2.0"
        ],
        "x-ms-access-tier": "Hot",
        "x-ms-access-tier-inferred": "true",
        "x-ms-blob-type": "BlockBlob",
        "x-ms-client-request-id": "f9bddf68-c705-4b73-9f4b-be2f7accd4e9",
        "x-ms-creation-time": "Thu, 27 Jul 2023 14:37:36 GMT",
        "x-ms-group": "$superuser",
        "x-ms-lease-state": "available",
        "x-ms-lease-status": "unlocked",
        "x-ms-meta-hdi_isfolder": "true",
        "x-ms-owner": "$superuser",
        "x-ms-permissions": "rwxr-x---",
        "x-ms-request-id": "77121065-901e-0003-7d97-c070e6000000",
        "x-ms-resource-type": "directory",
        "x-ms-server-encrypted": "true",
        "x-ms-version": "2023-01-03"
      },
      "ResponseBody": null
    },
    {
      "RequestUri": "https://REDACTED/42fb8d7d0setmetadataac39c94452df0c5a25f64d4f23/42fb8d7d1setmetadataac39c34562dc4b060ed2c4431f?comp=metadata",
      "RequestMethod": "PUT",
      "RequestHeaders": {
        "Accept": "application/xml",
        "Authorization": "Sanitized",
        "Content-Length": "0",
        "Date": "Thu, 27 Jul 2023 14:37:36 GMT",
        "If-Match": "0x8DB8EAF055EBF21",
        "User-Agent": "azsdk-java-azure-storage-blob/12.24.0-beta.1 azsdk-java-azure-storage-file-datalake/12.17.0-beta.1 (17.0.7; Windows 11; 10.0)",
        "x-ms-client-request-id": "7464b045-6c7d-4d5f-9a13-383650daf2e7",
        "x-ms-version": "2023-01-03"
      },
      "RequestBody": null,
      "StatusCode": 200,
      "ResponseHeaders": {
        "Content-Length": "0",
        "Date": "Thu, 27 Jul 2023 14:37:36 GMT",
        "ETag": "\u00220x8DB8EAF0567F737\u0022",
        "Last-Modified": "Thu, 27 Jul 2023 14:37:36 GMT",
        "Server": [
          "Windows-Azure-Blob/1.0",
          "Microsoft-HTTPAPI/2.0"
        ],
        "x-ms-client-request-id": "7464b045-6c7d-4d5f-9a13-383650daf2e7",
        "x-ms-request-id": "7712107e-901e-0003-1397-c070e6000000",
        "x-ms-request-server-encrypted": "true",
        "x-ms-version": "2023-01-03"
      },
      "ResponseBody": null
    }
  ],
  "Variables": {
    "0": "42fb8d7d0setmetadataac39c94452df0c5a25f64d4f23",
    "1": "42fb8d7d1setmetadataac39c34562dc4b060ed2c4431f"
  }
}
