{
  "Entries": [
    {
      "RequestUri": "https://REDACTED/4a32b53f0setaclminccf78950e205687ccc1a4fc9bf?restype=container",
      "RequestMethod": "PUT",
      "RequestHeaders": {
        "Accept": "application/xml",
        "Authorization": "Sanitized",
        "Content-Length": "0",
        "Date": "Tue, 12 Mar 2024 23:00:42 GMT",
        "User-Agent": "azsdk-java-azure-storage-blob/12.26.0-beta.1 azsdk-java-azure-storage-file-datalake/12.19.0-beta.1 (17.0.8; Windows 11; 10.0)",
        "x-ms-client-request-id": "21af5b11-7b9c-4c8b-8346-9557bba67d2d",
        "x-ms-version": "2024-02-04"
      },
      "RequestBody": null,
      "StatusCode": 201,
      "ResponseHeaders": {
        "Content-Length": "0",
        "Date": "Tue, 12 Mar 2024 23:00:42 GMT",
        "ETag": "\u00220x8DC42E83EAD6B77\u0022",
        "Last-Modified": "Tue, 12 Mar 2024 23:00:43 GMT",
        "Server": [
          "Windows-Azure-Blob/1.0",
          "Microsoft-HTTPAPI/2.0"
        ],
        "x-ms-client-request-id": "21af5b11-7b9c-4c8b-8346-9557bba67d2d",
        "x-ms-request-id": "876c0c63-501e-0093-3bd1-74d686000000",
        "x-ms-version": "2024-02-04"
      },
      "ResponseBody": null
    },
    {
      "RequestUri": "https://REDACTED/4a32b53f0setaclminccf78950e205687ccc1a4fc9bf/4a32b53f1setaclminccf610846f9a463aa49a4a7db4?resource=directory",
      "RequestMethod": "PUT",
      "RequestHeaders": {
        "Accept": "application/json",
        "Authorization": "Sanitized",
        "Content-Length": "0",
        "Date": "Tue, 12 Mar 2024 23:00:43 GMT",
        "If-None-Match": "*",
        "User-Agent": "azsdk-java-azure-storage-file-datalake/12.19.0-beta.1 (17.0.8; Windows 11; 10.0)",
        "x-ms-client-request-id": "e5db02a2-c70f-43b1-bdf0-7079a9fc86fd",
        "x-ms-version": "2024-02-04"
      },
      "RequestBody": null,
      "StatusCode": 201,
      "ResponseHeaders": {
        "Content-Length": "0",
        "Date": "Tue, 12 Mar 2024 23:00:42 GMT",
        "ETag": "\u00220x8DC42E83EBFF205\u0022",
        "Last-Modified": "Tue, 12 Mar 2024 23:00:43 GMT",
        "Server": [
          "Windows-Azure-HDFS/1.0",
          "Microsoft-HTTPAPI/2.0"
        ],
        "x-ms-client-request-id": "e5db02a2-c70f-43b1-bdf0-7079a9fc86fd",
        "x-ms-request-id": "10646c61-c01f-00dc-69d1-74a7d2000000",
        "x-ms-request-server-encrypted": "true",
        "x-ms-version": "2024-02-04"
      },
      "ResponseBody": null
    },
    {
      "RequestUri": "https://REDACTED/4a32b53f0setaclminccf78950e205687ccc1a4fc9bf/4a32b53f1setaclminccf610846f9a463aa49a4a7db4?action=setAccessControl",
      "RequestMethod": "PATCH",
      "RequestHeaders": {
        "Accept": "application/json",
        "Authorization": "Sanitized",
        "Content-Length": "0",
        "Date": "Tue, 12 Mar 2024 23:00:43 GMT",
        "User-Agent": "azsdk-java-azure-storage-file-datalake/12.19.0-beta.1 (17.0.8; Windows 11; 10.0)",
        "x-ms-acl": "user::rwx,group::r--,other::---,mask::rwx",
        "x-ms-client-request-id": "2c49adc8-d916-4344-96aa-5853e2aff546",
        "x-ms-version": "2024-02-04"
      },
      "RequestBody": null,
      "StatusCode": 200,
      "ResponseHeaders": {
        "Content-Length": "0",
        "Date": "Tue, 12 Mar 2024 23:00:42 GMT",
        "ETag": "\u00220x8DC42E83EBFF205\u0022",
        "Last-Modified": "Tue, 12 Mar 2024 23:00:43 GMT",
        "Server": [
          "Windows-Azure-HDFS/1.0",
          "Microsoft-HTTPAPI/2.0"
        ],
        "x-ms-client-request-id": "2c49adc8-d916-4344-96aa-5853e2aff546",
        "x-ms-namespace-enabled": "true",
        "x-ms-request-id": "10646c6e-c01f-00dc-76d1-74a7d2000000",
        "x-ms-version": "2024-02-04"
      },
      "ResponseBody": null
    }
  ],
  "Variables": {
    "0": "4a32b53f0setaclminccf78950e205687ccc1a4fc9bf",
    "1": "4a32b53f1setaclminccf610846f9a463aa49a4a7db4"
  }
}
