{
  "Entries": [
    {
      "RequestUri": "https://REDACTED/dae96db40renamedestacfaile6324211e364737750994c6?restype=container",
      "RequestMethod": "PUT",
      "RequestHeaders": {
        "Accept": "application/xml",
        "Authorization": "Sanitized",
        "Content-Length": "0",
        "Date": "Wed, 26 Jul 2023 19:19:17 GMT",
        "User-Agent": "azsdk-java-azure-storage-blob/12.24.0-beta.1 azsdk-java-azure-storage-file-datalake/12.17.0-beta.1 (17.0.7; Windows 11; 10.0)",
        "x-ms-client-request-id": "63d18dde-7fc7-4e8f-a274-be07e46b6c0d",
        "x-ms-version": "2023-01-03"
      },
      "RequestBody": null,
      "StatusCode": 201,
      "ResponseHeaders": {
        "Content-Length": "0",
        "Date": "Wed, 26 Jul 2023 19:19:17 GMT",
        "ETag": "\u00220x8DB8E0D34B8E529\u0022",
        "Last-Modified": "Wed, 26 Jul 2023 19:19:17 GMT",
        "Server": [
          "Windows-Azure-Blob/1.0",
          "Microsoft-HTTPAPI/2.0"
        ],
        "x-ms-client-request-id": "63d18dde-7fc7-4e8f-a274-be07e46b6c0d",
        "x-ms-request-id": "381c834d-901e-0085-52f6-bfbc5f000000",
        "x-ms-version": "2023-01-03"
      },
      "ResponseBody": null
    },
    {
      "RequestUri": "https://REDACTED/dae96db40renamedestacfaile6324211e364737750994c6/dae96db41renamedestacfaile633778425069997b50d45f?resource=directory",
      "RequestMethod": "PUT",
      "RequestHeaders": {
        "Accept": "application/json",
        "Authorization": "Sanitized",
        "Content-Length": "0",
        "Date": "Wed, 26 Jul 2023 19:19:17 GMT",
        "If-None-Match": "*",
        "User-Agent": "azsdk-java-azure-storage-file-datalake/12.17.0-beta.1 (17.0.7; Windows 11; 10.0)",
        "x-ms-client-request-id": "6c372d19-521e-4d6f-90c9-df897c04669d",
        "x-ms-version": "2023-01-03"
      },
      "RequestBody": null,
      "StatusCode": 201,
      "ResponseHeaders": {
        "Content-Length": "0",
        "Date": "Wed, 26 Jul 2023 19:19:16 GMT",
        "ETag": "\u00220x8DB8E0D34BFFD77\u0022",
        "Last-Modified": "Wed, 26 Jul 2023 19:19:17 GMT",
        "Server": [
          "Windows-Azure-HDFS/1.0",
          "Microsoft-HTTPAPI/2.0"
        ],
        "x-ms-client-request-id": "6c372d19-521e-4d6f-90c9-df897c04669d",
        "x-ms-request-id": "19f699f2-401f-004d-60f6-bf5e6e000000",
        "x-ms-request-server-encrypted": "true",
        "x-ms-version": "2023-01-03"
      },
      "ResponseBody": null
    },
    {
      "RequestUri": "https://REDACTED/dae96db40renamedestacfaile6324211e364737750994c6/dae96db42renamedestacfaile63610571c1b918ec8d445e?resource=directory",
      "RequestMethod": "PUT",
      "RequestHeaders": {
        "Accept": "application/json",
        "Authorization": "Sanitized",
        "Content-Length": "0",
        "Date": "Wed, 26 Jul 2023 19:19:17 GMT",
        "If-None-Match": "*",
        "User-Agent": "azsdk-java-azure-storage-file-datalake/12.17.0-beta.1 (17.0.7; Windows 11; 10.0)",
        "x-ms-client-request-id": "a761e718-2b2f-4dd6-a355-66e79afe4628",
        "x-ms-version": "2023-01-03"
      },
      "RequestBody": null,
      "StatusCode": 201,
      "ResponseHeaders": {
        "Content-Length": "0",
        "Date": "Wed, 26 Jul 2023 19:19:16 GMT",
        "ETag": "\u00220x8DB8E0D34C45745\u0022",
        "Last-Modified": "Wed, 26 Jul 2023 19:19:17 GMT",
        "Server": [
          "Windows-Azure-HDFS/1.0",
          "Microsoft-HTTPAPI/2.0"
        ],
        "x-ms-client-request-id": "a761e718-2b2f-4dd6-a355-66e79afe4628",
        "x-ms-request-id": "19f69a07-401f-004d-74f6-bf5e6e000000",
        "x-ms-request-server-encrypted": "true",
        "x-ms-version": "2023-01-03"
      },
      "ResponseBody": null
    },
    {
      "RequestUri": "https://REDACTED/dae96db40renamedestacfaile6324211e364737750994c6/dae96db42renamedestacfaile63610571c1b918ec8d445e?comp=lease",
      "RequestMethod": "PUT",
      "RequestHeaders": {
        "Accept": "application/xml",
        "Authorization": "Sanitized",
        "Content-Length": "0",
        "Date": "Wed, 26 Jul 2023 19:19:17 GMT",
        "User-Agent": "azsdk-java-azure-storage-file-datalake/12.17.0-beta.1 (17.0.7; Windows 11; 10.0)",
        "x-ms-client-request-id": "5db9722c-b4d2-4fe5-9031-f72930320412",
        "x-ms-lease-action": "acquire",
        "x-ms-lease-duration": "-1",
        "x-ms-proposed-lease-id": "b2c7421f-cc81-414d-be0c-e13383b7d6ab",
        "x-ms-version": "2023-01-03"
      },
      "RequestBody": null,
      "StatusCode": 201,
      "ResponseHeaders": {
        "Content-Length": "0",
        "Date": "Wed, 26 Jul 2023 19:19:16 GMT",
        "ETag": "\u00220x8DB8E0D34C45745\u0022",
        "Last-Modified": "Wed, 26 Jul 2023 19:19:17 GMT",
        "Server": [
          "Windows-Azure-Blob/1.0",
          "Microsoft-HTTPAPI/2.0"
        ],
        "x-ms-client-request-id": "5db9722c-b4d2-4fe5-9031-f72930320412",
        "x-ms-lease-id": "b2c7421f-cc81-414d-be0c-e13383b7d6ab",
        "x-ms-request-id": "c84ac55d-601e-0081-6af6-bf3158000000",
        "x-ms-version": "2023-01-03"
      },
      "ResponseBody": null
    },
    {
      "RequestUri": "https://REDACTED/dae96db40renamedestacfaile6324211e364737750994c6/dae96db42renamedestacfaile63610571c1b918ec8d445e?mode=legacy",
      "RequestMethod": "PUT",
      "RequestHeaders": {
        "Accept": "application/json",
        "Authorization": "Sanitized",
        "Content-Length": "0",
        "Date": "Wed, 26 Jul 2023 19:19:17 GMT",
        "User-Agent": "azsdk-java-azure-storage-file-datalake/12.17.0-beta.1 (17.0.7; Windows 11; 10.0)",
        "x-ms-client-request-id": "172d8027-885a-427f-afb2-e6974340269b",
        "x-ms-lease-id": "b219a612-f194-40af-ad7e-57a08c14df54",
        "x-ms-rename-source": "/dae96db40renamedestacfaile6324211e364737750994c6/dae96db41renamedestacfaile633778425069997b50d45f",
        "x-ms-version": "2023-01-03"
      },
      "RequestBody": null,
      "StatusCode": 412,
      "ResponseHeaders": {
        "Content-Length": "199",
        "Content-Type": "application/json; charset=utf-8",
        "Date": "Wed, 26 Jul 2023 19:19:16 GMT",
        "Server": [
          "Windows-Azure-HDFS/1.0",
          "Microsoft-HTTPAPI/2.0"
        ],
        "x-ms-client-request-id": "172d8027-885a-427f-afb2-e6974340269b",
        "x-ms-error-code": "LeaseIdMismatch",
        "x-ms-request-id": "7278d02c-f01f-0093-5ef6-bf4a88000000",
        "x-ms-version": "2023-01-03"
      },
      "ResponseBody": {
        "error": {
          "code": "LeaseIdMismatch",
          "message": "The lease ID specified did not match the lease ID for the resource.\nRequestId:7278d02c-f01f-0093-5ef6-bf4a88000000\nTime:2023-07-26T19:19:17.5440373Z"
        }
      }
    }
  ],
  "Variables": {
    "0": "dae96db40renamedestacfaile6324211e364737750994c6",
    "1": "dae96db41renamedestacfaile633778425069997b50d45f",
    "2": "dae96db42renamedestacfaile63610571c1b918ec8d445e"
  }
}
