{
  "Entries": [
    {
      "RequestUri": "https://REDACTED/73084f9f0createifnotexistssubdirmin87603393ab47d78475?restype=container",
      "RequestMethod": "PUT",
      "RequestHeaders": {
        "Accept": "application/xml",
        "Authorization": "Sanitized",
        "Content-Length": "0",
        "Date": "Wed, 26 Jul 2023 19:19:18 GMT",
        "User-Agent": "azsdk-java-azure-storage-blob/12.24.0-beta.1 azsdk-java-azure-storage-file-datalake/12.17.0-beta.1 (17.0.7; Windows 11; 10.0)",
        "x-ms-client-request-id": "271b7f26-5b9d-4771-b90a-835bd27815fc",
        "x-ms-version": "2023-01-03"
      },
      "RequestBody": null,
      "StatusCode": 201,
      "ResponseHeaders": {
        "Content-Length": "0",
        "Date": "Wed, 26 Jul 2023 19:19:17 GMT",
        "ETag": "\u00220x8DB8E0D3526FFE4\u0022",
        "Last-Modified": "Wed, 26 Jul 2023 19:19:18 GMT",
        "Server": [
          "Windows-Azure-Blob/1.0",
          "Microsoft-HTTPAPI/2.0"
        ],
        "x-ms-client-request-id": "271b7f26-5b9d-4771-b90a-835bd27815fc",
        "x-ms-request-id": "381c85b1-901e-0085-09f6-bfbc5f000000",
        "x-ms-version": "2023-01-03"
      },
      "ResponseBody": null
    },
    {
      "RequestUri": "https://REDACTED/73084f9f0createifnotexistssubdirmin87603393ab47d78475/73084f9f1createifnotexistssubdirmin8766004466a6acc964?resource=directory",
      "RequestMethod": "PUT",
      "RequestHeaders": {
        "Accept": "application/json",
        "Authorization": "Sanitized",
        "Content-Length": "0",
        "Date": "Wed, 26 Jul 2023 19:19:18 GMT",
        "If-None-Match": "*",
        "User-Agent": "azsdk-java-azure-storage-file-datalake/12.17.0-beta.1 (17.0.7; Windows 11; 10.0)",
        "x-ms-client-request-id": "b40b53d1-5998-4056-866d-9d536855a6e9",
        "x-ms-version": "2023-01-03"
      },
      "RequestBody": null,
      "StatusCode": 201,
      "ResponseHeaders": {
        "Content-Length": "0",
        "Date": "Wed, 26 Jul 2023 19:19:18 GMT",
        "ETag": "\u00220x8DB8E0D352F3EE5\u0022",
        "Last-Modified": "Wed, 26 Jul 2023 19:19:18 GMT",
        "Server": [
          "Windows-Azure-HDFS/1.0",
          "Microsoft-HTTPAPI/2.0"
        ],
        "x-ms-client-request-id": "b40b53d1-5998-4056-866d-9d536855a6e9",
        "x-ms-request-id": "f221757f-a01f-009e-20f6-bf825c000000",
        "x-ms-request-server-encrypted": "true",
        "x-ms-version": "2023-01-03"
      },
      "ResponseBody": null
    },
    {
      "RequestUri": "https://REDACTED/73084f9f0createifnotexistssubdirmin87603393ab47d78475/73084f9f1createifnotexistssubdirmin8766004466a6acc964%2F73084f9f2createifnotexistssubdirmin876714242510af8542?resource=directory",
      "RequestMethod": "PUT",
      "RequestHeaders": {
        "Accept": "application/json",
        "Authorization": "Sanitized",
        "Content-Length": "0",
        "Date": "Wed, 26 Jul 2023 19:19:18 GMT",
        "If-None-Match": "*",
        "User-Agent": "azsdk-java-azure-storage-file-datalake/12.17.0-beta.1 (17.0.7; Windows 11; 10.0)",
        "x-ms-client-request-id": "5275580a-42ea-404a-bc20-488a476529a3",
        "x-ms-version": "2023-01-03"
      },
      "RequestBody": null,
      "StatusCode": 201,
      "ResponseHeaders": {
        "Content-Length": "0",
        "Date": "Wed, 26 Jul 2023 19:19:18 GMT",
        "ETag": "\u00220x8DB8E0D3534102D\u0022",
        "Last-Modified": "Wed, 26 Jul 2023 19:19:18 GMT",
        "Server": [
          "Windows-Azure-HDFS/1.0",
          "Microsoft-HTTPAPI/2.0"
        ],
        "x-ms-client-request-id": "5275580a-42ea-404a-bc20-488a476529a3",
        "x-ms-request-id": "f221758a-a01f-009e-2bf6-bf825c000000",
        "x-ms-request-server-encrypted": "true",
        "x-ms-version": "2023-01-03"
      },
      "ResponseBody": null
    },
    {
      "RequestUri": "https://REDACTED/73084f9f0createifnotexistssubdirmin87603393ab47d78475/73084f9f1createifnotexistssubdirmin8766004466a6acc964%2F73084f9f2createifnotexistssubdirmin876714242510af8542",
      "RequestMethod": "HEAD",
      "RequestHeaders": {
        "Accept": "application/xml",
        "Authorization": "Sanitized",
        "Content-Length": "0",
        "Date": "Wed, 26 Jul 2023 19:19:18 GMT",
        "User-Agent": "azsdk-java-azure-storage-file-datalake/12.17.0-beta.1 (17.0.7; Windows 11; 10.0)",
        "x-ms-client-request-id": "91d47865-2c19-4388-a355-940a729d5e5d",
        "x-ms-version": "2023-01-03"
      },
      "RequestBody": null,
      "StatusCode": 200,
      "ResponseHeaders": {
        "Accept-Ranges": "bytes",
        "Access-Control-Allow-Origin": "*",
        "Access-Control-Expose-Headers": "x-ms-client-request-id",
        "Content-Length": "0",
        "Content-Type": "application/octet-stream",
        "Date": "Wed, 26 Jul 2023 19:19:17 GMT",
        "ETag": "\u00220x8DB8E0D3534102D\u0022",
        "Last-Modified": "Wed, 26 Jul 2023 19:19:18 GMT",
        "Server": [
          "Windows-Azure-Blob/1.0",
          "Microsoft-HTTPAPI/2.0"
        ],
        "x-ms-access-tier": "Hot",
        "x-ms-access-tier-inferred": "true",
        "x-ms-blob-type": "BlockBlob",
        "x-ms-client-request-id": "91d47865-2c19-4388-a355-940a729d5e5d",
        "x-ms-creation-time": "Wed, 26 Jul 2023 19:19:18 GMT",
        "x-ms-group": "$superuser",
        "x-ms-lease-state": "available",
        "x-ms-lease-status": "unlocked",
        "x-ms-meta-hdi_isfolder": "true",
        "x-ms-owner": "$superuser",
        "x-ms-permissions": "rwxr-x---",
        "x-ms-request-id": "c099e84a-c01e-0043-59f6-bf77de000000",
        "x-ms-resource-type": "directory",
        "x-ms-server-encrypted": "true",
        "x-ms-version": "2023-01-03"
      },
      "ResponseBody": null
    }
  ],
  "Variables": {
    "0": "73084f9f0createifnotexistssubdirmin87603393ab47d78475",
    "1": "73084f9f1createifnotexistssubdirmin8766004466a6acc964",
    "2": "73084f9f2createifnotexistssubdirmin876714242510af8542"
  }
}
