{
  "Entries": [
    {
      "RequestUri": "https://REDACTED/4f423afc0createsubdiracfail89e61372a77f3ecc97864b?restype=container",
      "RequestMethod": "PUT",
      "RequestHeaders": {
        "Accept": "application/xml",
        "Authorization": "Sanitized",
        "Content-Length": "0",
        "Date": "Wed, 26 Jul 2023 18:42:35 GMT",
        "User-Agent": "azsdk-java-azure-storage-blob/12.24.0-beta.1 azsdk-java-azure-storage-file-datalake/12.17.0-beta.1 (17.0.7; Windows 11; 10.0)",
        "x-ms-client-request-id": "bca4ea6c-3fed-4896-b459-c10ab051f605",
        "x-ms-version": "2023-01-03"
      },
      "RequestBody": null,
      "StatusCode": 201,
      "ResponseHeaders": {
        "Content-Length": "0",
        "Date": "Wed, 26 Jul 2023 18:42:34 GMT",
        "ETag": "\u00220x8DB8E0814504544\u0022",
        "Last-Modified": "Wed, 26 Jul 2023 18:42:35 GMT",
        "Server": [
          "Windows-Azure-Blob/1.0",
          "Microsoft-HTTPAPI/2.0"
        ],
        "x-ms-client-request-id": "bca4ea6c-3fed-4896-b459-c10ab051f605",
        "x-ms-request-id": "b324b7b7-801e-007d-53f0-bfe0a1000000",
        "x-ms-version": "2023-01-03"
      },
      "ResponseBody": null
    },
    {
      "RequestUri": "https://REDACTED/4f423afc0createsubdiracfail89e61372a77f3ecc97864b/4f423afc1createsubdiracfail89e51070d60791298ab94b?resource=directory",
      "RequestMethod": "PUT",
      "RequestHeaders": {
        "Accept": "application/json",
        "Authorization": "Sanitized",
        "Content-Length": "0",
        "Date": "Wed, 26 Jul 2023 18:42:35 GMT",
        "If-None-Match": "*",
        "User-Agent": "azsdk-java-azure-storage-file-datalake/12.17.0-beta.1 (17.0.7; Windows 11; 10.0)",
        "x-ms-client-request-id": "6a7fe9c9-6f6b-4fc3-827b-021e3ad36c46",
        "x-ms-version": "2023-01-03"
      },
      "RequestBody": null,
      "StatusCode": 201,
      "ResponseHeaders": {
        "Content-Length": "0",
        "Date": "Wed, 26 Jul 2023 18:42:34 GMT",
        "ETag": "\u00220x8DB8E081458A1FA\u0022",
        "Last-Modified": "Wed, 26 Jul 2023 18:42:35 GMT",
        "Server": [
          "Windows-Azure-HDFS/1.0",
          "Microsoft-HTTPAPI/2.0"
        ],
        "x-ms-client-request-id": "6a7fe9c9-6f6b-4fc3-827b-021e3ad36c46",
        "x-ms-request-id": "d47e8191-001f-0087-60f0-bf02e7000000",
        "x-ms-request-server-encrypted": "true",
        "x-ms-version": "2023-01-03"
      },
      "ResponseBody": null
    },
    {
      "RequestUri": "https://REDACTED/4f423afc0createsubdiracfail89e61372a77f3ecc97864b/4f423afc1createsubdiracfail89e51070d60791298ab94b%2F4f423afc2createsubdiracfail89e035997a5a48c2d2a64a?resource=directory",
      "RequestMethod": "PUT",
      "RequestHeaders": {
        "Accept": "application/json",
        "Authorization": "Sanitized",
        "Content-Length": "0",
        "Date": "Wed, 26 Jul 2023 18:42:35 GMT",
        "If-None-Match": "*",
        "User-Agent": "azsdk-java-azure-storage-file-datalake/12.17.0-beta.1 (17.0.7; Windows 11; 10.0)",
        "x-ms-client-request-id": "cfae7052-26c4-4995-9c4b-86851327db24",
        "x-ms-version": "2023-01-03"
      },
      "RequestBody": null,
      "StatusCode": 201,
      "ResponseHeaders": {
        "Content-Length": "0",
        "Date": "Wed, 26 Jul 2023 18:42:34 GMT",
        "ETag": "\u00220x8DB8E08145F96B1\u0022",
        "Last-Modified": "Wed, 26 Jul 2023 18:42:35 GMT",
        "Server": [
          "Windows-Azure-HDFS/1.0",
          "Microsoft-HTTPAPI/2.0"
        ],
        "x-ms-client-request-id": "cfae7052-26c4-4995-9c4b-86851327db24",
        "x-ms-request-id": "d47e819d-001f-0087-6cf0-bf02e7000000",
        "x-ms-request-server-encrypted": "true",
        "x-ms-version": "2023-01-03"
      },
      "ResponseBody": null
    },
    {
      "RequestUri": "https://REDACTED/4f423afc0createsubdiracfail89e61372a77f3ecc97864b/4f423afc1createsubdiracfail89e51070d60791298ab94b%2F4f423afc2createsubdiracfail89e035997a5a48c2d2a64a?resource=directory",
      "RequestMethod": "PUT",
      "RequestHeaders": {
        "Accept": "application/json",
        "Authorization": "Sanitized",
        "Content-Length": "0",
        "Date": "Wed, 26 Jul 2023 18:42:35 GMT",
        "If-Unmodified-Since": "Tue, 25 Jul 2023 18:42:22 GMT",
        "User-Agent": "azsdk-java-azure-storage-file-datalake/12.17.0-beta.1 (17.0.7; Windows 11; 10.0)",
        "x-ms-client-request-id": "0f062dbd-87f6-441c-9051-d37cc4d2b816",
        "x-ms-version": "2023-01-03"
      },
      "RequestBody": null,
      "StatusCode": 412,
      "ResponseHeaders": {
        "Content-Length": "200",
        "Content-Type": "application/json; charset=utf-8",
        "Date": "Wed, 26 Jul 2023 18:42:34 GMT",
        "Server": [
          "Windows-Azure-HDFS/1.0",
          "Microsoft-HTTPAPI/2.0"
        ],
        "x-ms-client-request-id": "0f062dbd-87f6-441c-9051-d37cc4d2b816",
        "x-ms-error-code": "ConditionNotMet",
        "x-ms-request-id": "f2cc1d61-a01f-0037-6cf0-bf432e000000",
        "x-ms-version": "2023-01-03"
      },
      "ResponseBody": {
        "error": {
          "code": "ConditionNotMet",
          "message": "The condition specified using HTTP conditional header(s) is not met.\nRequestId:f2cc1d61-a01f-0037-6cf0-bf432e000000\nTime:2023-07-26T18:42:35.6200204Z"
        }
      }
    }
  ],
  "Variables": {
    "0": "4f423afc0createsubdiracfail89e61372a77f3ecc97864b",
    "1": "4f423afc1createsubdiracfail89e51070d60791298ab94b",
    "2": "4f423afc2createsubdiracfail89e035997a5a48c2d2a64a"
  }
}
