{
  "Entries": [
    {
      "RequestUri": "https://REDACTED/3086c6a40deletefileacfail87186814297f3df653524c1?restype=container",
      "RequestMethod": "PUT",
      "RequestHeaders": {
        "Accept": "application/xml",
        "Authorization": "Sanitized",
        "Content-Length": "0",
        "Date": "Tue, 12 Mar 2024 22:12:58 GMT",
        "User-Agent": "azsdk-java-azure-storage-blob/12.26.0-beta.1 azsdk-java-azure-storage-file-datalake/12.19.0-beta.1 (17.0.8; Windows 11; 10.0)",
        "x-ms-client-request-id": "75684214-e860-4087-aa96-d5dd577a054c",
        "x-ms-version": "2024-02-04"
      },
      "RequestBody": null,
      "StatusCode": 201,
      "ResponseHeaders": {
        "Content-Length": "0",
        "Date": "Tue, 12 Mar 2024 22:12:58 GMT",
        "ETag": "\u00220x8DC42E1933203FB\u0022",
        "Last-Modified": "Tue, 12 Mar 2024 22:12:58 GMT",
        "Server": [
          "Windows-Azure-Blob/1.0",
          "Microsoft-HTTPAPI/2.0"
        ],
        "x-ms-client-request-id": "75684214-e860-4087-aa96-d5dd577a054c",
        "x-ms-request-id": "d2808925-701e-0002-0cca-74b334000000",
        "x-ms-version": "2024-02-04"
      },
      "ResponseBody": null
    },
    {
      "RequestUri": "https://REDACTED/3086c6a40deletefileacfail87186814297f3df653524c1/3086c6a41deletefileacfail87126544db168134f72c4c0?resource=directory",
      "RequestMethod": "PUT",
      "RequestHeaders": {
        "Accept": "application/json",
        "Authorization": "Sanitized",
        "Content-Length": "0",
        "Date": "Tue, 12 Mar 2024 22:12:58 GMT",
        "If-None-Match": "*",
        "User-Agent": "azsdk-java-azure-storage-file-datalake/12.19.0-beta.1 (17.0.8; Windows 11; 10.0)",
        "x-ms-client-request-id": "f1237b22-a3e3-4e79-9c10-e986ffca5cc8",
        "x-ms-version": "2024-02-04"
      },
      "RequestBody": null,
      "StatusCode": 201,
      "ResponseHeaders": {
        "Content-Length": "0",
        "Date": "Tue, 12 Mar 2024 22:12:57 GMT",
        "ETag": "\u00220x8DC42E1934316E6\u0022",
        "Last-Modified": "Tue, 12 Mar 2024 22:12:58 GMT",
        "Server": [
          "Windows-Azure-HDFS/1.0",
          "Microsoft-HTTPAPI/2.0"
        ],
        "x-ms-client-request-id": "f1237b22-a3e3-4e79-9c10-e986ffca5cc8",
        "x-ms-request-id": "fc5d6df9-f01f-00b5-24ca-749e9e000000",
        "x-ms-request-server-encrypted": "true",
        "x-ms-version": "2024-02-04"
      },
      "ResponseBody": null
    },
    {
      "RequestUri": "https://REDACTED/3086c6a40deletefileacfail87186814297f3df653524c1/3086c6a41deletefileacfail87126544db168134f72c4c0%2F3086c6a42deletefileacfail871807109a5e776d6e0540a?resource=file",
      "RequestMethod": "PUT",
      "RequestHeaders": {
        "Accept": "application/json",
        "Authorization": "Sanitized",
        "Content-Length": "0",
        "Date": "Tue, 12 Mar 2024 22:12:58 GMT",
        "If-None-Match": "*",
        "User-Agent": "azsdk-java-azure-storage-file-datalake/12.19.0-beta.1 (17.0.8; Windows 11; 10.0)",
        "x-ms-client-request-id": "633a4259-8722-4078-b12b-69b169eee1c4",
        "x-ms-version": "2024-02-04"
      },
      "RequestBody": null,
      "StatusCode": 201,
      "ResponseHeaders": {
        "Content-Length": "0",
        "Date": "Tue, 12 Mar 2024 22:12:57 GMT",
        "ETag": "\u00220x8DC42E19352BD17\u0022",
        "Last-Modified": "Tue, 12 Mar 2024 22:12:58 GMT",
        "Server": [
          "Windows-Azure-HDFS/1.0",
          "Microsoft-HTTPAPI/2.0"
        ],
        "x-ms-client-request-id": "633a4259-8722-4078-b12b-69b169eee1c4",
        "x-ms-request-id": "fc5d6e04-f01f-00b5-2fca-749e9e000000",
        "x-ms-request-server-encrypted": "true",
        "x-ms-version": "2024-02-04"
      },
      "ResponseBody": null
    },
    {
      "RequestUri": "https://REDACTED/3086c6a40deletefileacfail87186814297f3df653524c1/3086c6a41deletefileacfail87126544db168134f72c4c0%2F3086c6a42deletefileacfail871807109a5e776d6e0540a?comp=lease",
      "RequestMethod": "PUT",
      "RequestHeaders": {
        "Accept": "application/xml",
        "Authorization": "Sanitized",
        "Content-Length": "0",
        "Date": "Tue, 12 Mar 2024 22:12:58 GMT",
        "User-Agent": "azsdk-java-azure-storage-file-datalake/12.19.0-beta.1 (17.0.8; Windows 11; 10.0)",
        "x-ms-client-request-id": "4249dff4-f61f-4a51-baaa-19149141d3d7",
        "x-ms-lease-action": "acquire",
        "x-ms-lease-duration": "-1",
        "x-ms-proposed-lease-id": "9d9332b5-5b97-4a50-b413-3cd111cc596f",
        "x-ms-version": "2024-02-04"
      },
      "RequestBody": null,
      "StatusCode": 201,
      "ResponseHeaders": {
        "Content-Length": "0",
        "Date": "Tue, 12 Mar 2024 22:12:58 GMT",
        "ETag": "\u00220x8DC42E19352BD17\u0022",
        "Last-Modified": "Tue, 12 Mar 2024 22:12:58 GMT",
        "Server": [
          "Windows-Azure-Blob/1.0",
          "Microsoft-HTTPAPI/2.0"
        ],
        "x-ms-client-request-id": "4249dff4-f61f-4a51-baaa-19149141d3d7",
        "x-ms-lease-id": "9d9332b5-5b97-4a50-b413-3cd111cc596f",
        "x-ms-request-id": "d28089c5-701e-0002-1aca-74b334000000",
        "x-ms-version": "2024-02-04"
      },
      "ResponseBody": null
    },
    {
      "RequestUri": "https://REDACTED/3086c6a40deletefileacfail87186814297f3df653524c1/3086c6a41deletefileacfail87126544db168134f72c4c0%2F3086c6a42deletefileacfail871807109a5e776d6e0540a",
      "RequestMethod": "DELETE",
      "RequestHeaders": {
        "Accept": "application/json",
        "Authorization": "Sanitized",
        "Content-Length": "0",
        "Date": "Tue, 12 Mar 2024 22:12:58 GMT",
        "User-Agent": "azsdk-java-azure-storage-file-datalake/12.19.0-beta.1 (17.0.8; Windows 11; 10.0)",
        "x-ms-client-request-id": "a5430240-6cb3-4da7-bbe5-04500f40ccc9",
        "x-ms-lease-id": "a66f8a75-3f40-4b46-a140-e83cb2e7d9f0",
        "x-ms-version": "2024-02-04"
      },
      "RequestBody": null,
      "StatusCode": 412,
      "ResponseHeaders": {
        "Content-Length": "199",
        "Content-Type": "application/json; charset=utf-8",
        "Date": "Tue, 12 Mar 2024 22:12:58 GMT",
        "Server": [
          "Windows-Azure-HDFS/1.0",
          "Microsoft-HTTPAPI/2.0"
        ],
        "x-ms-client-request-id": "a5430240-6cb3-4da7-bbe5-04500f40ccc9",
        "x-ms-error-code": "LeaseIdMismatch",
        "x-ms-request-id": "fc5d6e1b-f01f-00b5-46ca-749e9e000000",
        "x-ms-version": "2024-02-04"
      },
      "ResponseBody": {
        "error": {
          "code": "LeaseIdMismatch",
          "message": "The lease ID specified did not match the lease ID for the resource.\nRequestId:fc5d6e1b-f01f-00b5-46ca-749e9e000000\nTime:2024-03-12T22:12:58.8876620Z"
        }
      }
    }
  ],
  "Variables": {
    "0": "3086c6a40deletefileacfail87186814297f3df653524c1",
    "1": "3086c6a41deletefileacfail87126544db168134f72c4c0",
    "2": "3086c6a42deletefileacfail871807109a5e776d6e0540a"
  }
}
