{
  "Entries": [
    {
      "RequestUri": "https://REDACTED/d9e1a80a0deletesubdiracfail2de33366581954e889a146?restype=container",
      "RequestMethod": "PUT",
      "RequestHeaders": {
        "Accept": "application/xml",
        "Authorization": "Sanitized",
        "Content-Length": "0",
        "Date": "Wed, 26 Jul 2023 19:32:00 GMT",
        "User-Agent": "azsdk-java-azure-storage-blob/12.24.0-beta.1 azsdk-java-azure-storage-file-datalake/12.17.0-beta.1 (17.0.7; Windows 11; 10.0)",
        "x-ms-client-request-id": "17ff39c7-dd97-4bea-9fee-d0c173eb0611",
        "x-ms-version": "2023-01-03"
      },
      "RequestBody": null,
      "StatusCode": 201,
      "ResponseHeaders": {
        "Content-Length": "0",
        "Date": "Wed, 26 Jul 2023 19:32:00 GMT",
        "ETag": "\u00220x8DB8E0EFBC7399E\u0022",
        "Last-Modified": "Wed, 26 Jul 2023 19:32:00 GMT",
        "Server": [
          "Windows-Azure-Blob/1.0",
          "Microsoft-HTTPAPI/2.0"
        ],
        "x-ms-client-request-id": "17ff39c7-dd97-4bea-9fee-d0c173eb0611",
        "x-ms-request-id": "e2f5ba8b-f01e-003a-2bf7-bf8bfa000000",
        "x-ms-version": "2023-01-03"
      },
      "ResponseBody": null
    },
    {
      "RequestUri": "https://REDACTED/d9e1a80a0deletesubdiracfail2de33366581954e889a146/d9e1a80a1deletesubdiracfail2de21530c865631171a74f?resource=directory",
      "RequestMethod": "PUT",
      "RequestHeaders": {
        "Accept": "application/json",
        "Authorization": "Sanitized",
        "Content-Length": "0",
        "Date": "Wed, 26 Jul 2023 19:32:00 GMT",
        "If-None-Match": "*",
        "User-Agent": "azsdk-java-azure-storage-file-datalake/12.17.0-beta.1 (17.0.7; Windows 11; 10.0)",
        "x-ms-client-request-id": "6ea61148-4c00-47ab-997e-43c624846b06",
        "x-ms-version": "2023-01-03"
      },
      "RequestBody": null,
      "StatusCode": 201,
      "ResponseHeaders": {
        "Content-Length": "0",
        "Date": "Wed, 26 Jul 2023 19:31:59 GMT",
        "ETag": "\u00220x8DB8E0EFBD18AA8\u0022",
        "Last-Modified": "Wed, 26 Jul 2023 19:32:00 GMT",
        "Server": [
          "Windows-Azure-HDFS/1.0",
          "Microsoft-HTTPAPI/2.0"
        ],
        "x-ms-client-request-id": "6ea61148-4c00-47ab-997e-43c624846b06",
        "x-ms-request-id": "f0c9452e-201f-0064-49f7-bf601a000000",
        "x-ms-request-server-encrypted": "true",
        "x-ms-version": "2023-01-03"
      },
      "ResponseBody": null
    },
    {
      "RequestUri": "https://REDACTED/d9e1a80a0deletesubdiracfail2de33366581954e889a146/d9e1a80a1deletesubdiracfail2de21530c865631171a74f%2Fd9e1a80a2deletesubdiracfail2de4180656e8ea02921a46?resource=directory",
      "RequestMethod": "PUT",
      "RequestHeaders": {
        "Accept": "application/json",
        "Authorization": "Sanitized",
        "Content-Length": "0",
        "Date": "Wed, 26 Jul 2023 19:32:00 GMT",
        "If-None-Match": "*",
        "User-Agent": "azsdk-java-azure-storage-file-datalake/12.17.0-beta.1 (17.0.7; Windows 11; 10.0)",
        "x-ms-client-request-id": "b9e72bbd-054e-427b-bc82-8f5164dae3d6",
        "x-ms-version": "2023-01-03"
      },
      "RequestBody": null,
      "StatusCode": 201,
      "ResponseHeaders": {
        "Content-Length": "0",
        "Date": "Wed, 26 Jul 2023 19:32:00 GMT",
        "ETag": "\u00220x8DB8E0EFBD69681\u0022",
        "Last-Modified": "Wed, 26 Jul 2023 19:32:00 GMT",
        "Server": [
          "Windows-Azure-HDFS/1.0",
          "Microsoft-HTTPAPI/2.0"
        ],
        "x-ms-client-request-id": "b9e72bbd-054e-427b-bc82-8f5164dae3d6",
        "x-ms-request-id": "c7533c87-c01f-0053-10f7-bfb2b6000000",
        "x-ms-request-server-encrypted": "true",
        "x-ms-version": "2023-01-03"
      },
      "ResponseBody": null
    },
    {
      "RequestUri": "https://REDACTED/d9e1a80a0deletesubdiracfail2de33366581954e889a146/d9e1a80a1deletesubdiracfail2de21530c865631171a74f%2Fd9e1a80a2deletesubdiracfail2de4180656e8ea02921a46?recursive=false",
      "RequestMethod": "DELETE",
      "RequestHeaders": {
        "Accept": "application/json",
        "Authorization": "Sanitized",
        "Content-Length": "0",
        "Date": "Wed, 26 Jul 2023 19:32:00 GMT",
        "If-Modified-Since": "Thu, 27 Jul 2023 19:31:32 GMT",
        "User-Agent": "azsdk-java-azure-storage-file-datalake/12.17.0-beta.1 (17.0.7; Windows 11; 10.0)",
        "x-ms-client-request-id": "a290a3d6-3503-478c-89dc-ebfc180ed80a",
        "x-ms-version": "2023-01-03"
      },
      "RequestBody": null,
      "StatusCode": 412,
      "ResponseHeaders": {
        "Content-Length": "200",
        "Content-Type": "application/json; charset=utf-8",
        "Date": "Wed, 26 Jul 2023 19:32:00 GMT",
        "Server": [
          "Windows-Azure-HDFS/1.0",
          "Microsoft-HTTPAPI/2.0"
        ],
        "x-ms-client-request-id": "a290a3d6-3503-478c-89dc-ebfc180ed80a",
        "x-ms-error-code": "ConditionNotMet",
        "x-ms-request-id": "c7533c9e-c01f-0053-27f7-bfb2b6000000",
        "x-ms-version": "2023-01-03"
      },
      "ResponseBody": {
        "error": {
          "code": "ConditionNotMet",
          "message": "The condition specified using HTTP conditional header(s) is not met.\nRequestId:c7533c9e-c01f-0053-27f7-bfb2b6000000\nTime:2023-07-26T19:32:00.9839908Z"
        }
      }
    }
  ],
  "Variables": {
    "0": "d9e1a80a0deletesubdiracfail2de33366581954e889a146",
    "1": "d9e1a80a1deletesubdiracfail2de21530c865631171a74f",
    "2": "d9e1a80a2deletesubdiracfail2de4180656e8ea02921a46"
  }
}
