{
  "Entries": [
    {
      "RequestUri": "https://REDACTED/b50f29fd0deletefileacbd2680125d32c4d6cd424f9a8?restype=container",
      "RequestMethod": "PUT",
      "RequestHeaders": {
        "Accept": "application/xml",
        "Authorization": "Sanitized",
        "Content-Length": "0",
        "Date": "Wed, 26 Jul 2023 18:42:51 GMT",
        "User-Agent": "azsdk-java-azure-storage-blob/12.24.0-beta.1 azsdk-java-azure-storage-file-datalake/12.17.0-beta.1 (17.0.7; Windows 11; 10.0)",
        "x-ms-client-request-id": "3cb8d46f-7b4b-4aec-b633-45b1dbfb819c",
        "x-ms-version": "2023-01-03"
      },
      "RequestBody": null,
      "StatusCode": 201,
      "ResponseHeaders": {
        "Content-Length": "0",
        "Date": "Wed, 26 Jul 2023 18:42:50 GMT",
        "ETag": "\u00220x8DB8E081D9CA8BD\u0022",
        "Last-Modified": "Wed, 26 Jul 2023 18:42:51 GMT",
        "Server": [
          "Windows-Azure-Blob/1.0",
          "Microsoft-HTTPAPI/2.0"
        ],
        "x-ms-client-request-id": "3cb8d46f-7b4b-4aec-b633-45b1dbfb819c",
        "x-ms-request-id": "f3472a0e-c01e-0088-50f0-bf748b000000",
        "x-ms-version": "2023-01-03"
      },
      "ResponseBody": null
    },
    {
      "RequestUri": "https://REDACTED/b50f29fd0deletefileacbd2680125d32c4d6cd424f9a8/b50f29fd1deletefileacbd2729249760a6faeb404db39?resource=directory",
      "RequestMethod": "PUT",
      "RequestHeaders": {
        "Accept": "application/json",
        "Authorization": "Sanitized",
        "Content-Length": "0",
        "Date": "Wed, 26 Jul 2023 18:42:51 GMT",
        "If-None-Match": "*",
        "User-Agent": "azsdk-java-azure-storage-file-datalake/12.17.0-beta.1 (17.0.7; Windows 11; 10.0)",
        "x-ms-client-request-id": "bb6d483e-095d-4538-bf31-84f59f0615d1",
        "x-ms-version": "2023-01-03"
      },
      "RequestBody": null,
      "StatusCode": 201,
      "ResponseHeaders": {
        "Content-Length": "0",
        "Date": "Wed, 26 Jul 2023 18:42:51 GMT",
        "ETag": "\u00220x8DB8E081DA4E165\u0022",
        "Last-Modified": "Wed, 26 Jul 2023 18:42:51 GMT",
        "Server": [
          "Windows-Azure-HDFS/1.0",
          "Microsoft-HTTPAPI/2.0"
        ],
        "x-ms-client-request-id": "bb6d483e-095d-4538-bf31-84f59f0615d1",
        "x-ms-request-id": "5bc15a42-f01f-003a-2af0-bf8bfa000000",
        "x-ms-request-server-encrypted": "true",
        "x-ms-version": "2023-01-03"
      },
      "ResponseBody": null
    },
    {
      "RequestUri": "https://REDACTED/b50f29fd0deletefileacbd2680125d32c4d6cd424f9a8/b50f29fd1deletefileacbd2729249760a6faeb404db39%2Fb50f29fd2deletefileacbd22959613e41d68cdde4399b?resource=file",
      "RequestMethod": "PUT",
      "RequestHeaders": {
        "Accept": "application/json",
        "Authorization": "Sanitized",
        "Content-Length": "0",
        "Date": "Wed, 26 Jul 2023 18:42:51 GMT",
        "If-None-Match": "*",
        "User-Agent": "azsdk-java-azure-storage-file-datalake/12.17.0-beta.1 (17.0.7; Windows 11; 10.0)",
        "x-ms-client-request-id": "53700c3c-a800-409d-9770-d417d565ca2a",
        "x-ms-version": "2023-01-03"
      },
      "RequestBody": null,
      "StatusCode": 201,
      "ResponseHeaders": {
        "Content-Length": "0",
        "Date": "Wed, 26 Jul 2023 18:42:50 GMT",
        "ETag": "\u00220x8DB8E081DACE480\u0022",
        "Last-Modified": "Wed, 26 Jul 2023 18:42:51 GMT",
        "Server": [
          "Windows-Azure-HDFS/1.0",
          "Microsoft-HTTPAPI/2.0"
        ],
        "x-ms-client-request-id": "53700c3c-a800-409d-9770-d417d565ca2a",
        "x-ms-request-id": "d47e8ff0-001f-0087-15f0-bf02e7000000",
        "x-ms-request-server-encrypted": "true",
        "x-ms-version": "2023-01-03"
      },
      "ResponseBody": null
    },
    {
      "RequestUri": "https://REDACTED/b50f29fd0deletefileacbd2680125d32c4d6cd424f9a8/b50f29fd1deletefileacbd2729249760a6faeb404db39%2Fb50f29fd2deletefileacbd22959613e41d68cdde4399b",
      "RequestMethod": "HEAD",
      "RequestHeaders": {
        "Accept": "application/xml",
        "Authorization": "Sanitized",
        "Content-Length": "0",
        "Date": "Wed, 26 Jul 2023 18:42:51 GMT",
        "User-Agent": "azsdk-java-azure-storage-file-datalake/12.17.0-beta.1 (17.0.7; Windows 11; 10.0)",
        "x-ms-client-request-id": "62293782-0297-47c7-8e76-d1e6088758a3",
        "x-ms-version": "2023-01-03"
      },
      "RequestBody": null,
      "StatusCode": 200,
      "ResponseHeaders": {
        "Accept-Ranges": "bytes",
        "Access-Control-Allow-Origin": "*",
        "Access-Control-Expose-Headers": "x-ms-client-request-id",
        "Content-Length": "0",
        "Content-Type": "application/octet-stream",
        "Date": "Wed, 26 Jul 2023 18:42:50 GMT",
        "ETag": "\u00220x8DB8E081DACE480\u0022",
        "Last-Modified": "Wed, 26 Jul 2023 18:42:51 GMT",
        "Server": [
          "Windows-Azure-Blob/1.0",
          "Microsoft-HTTPAPI/2.0"
        ],
        "x-ms-access-tier": "Hot",
        "x-ms-access-tier-inferred": "true",
        "x-ms-blob-type": "BlockBlob",
        "x-ms-client-request-id": "62293782-0297-47c7-8e76-d1e6088758a3",
        "x-ms-creation-time": "Wed, 26 Jul 2023 18:42:51 GMT",
        "x-ms-group": "$superuser",
        "x-ms-lease-state": "available",
        "x-ms-lease-status": "unlocked",
        "x-ms-owner": "$superuser",
        "x-ms-permissions": "rw-r-----",
        "x-ms-request-id": "f4aa6b61-801e-006d-5ff0-bf25c9000000",
        "x-ms-resource-type": "file",
        "x-ms-server-encrypted": "true",
        "x-ms-version": "2023-01-03"
      },
      "ResponseBody": null
    },
    {
      "RequestUri": "https://REDACTED/b50f29fd0deletefileacbd2680125d32c4d6cd424f9a8/b50f29fd1deletefileacbd2729249760a6faeb404db39%2Fb50f29fd2deletefileacbd22959613e41d68cdde4399b",
      "RequestMethod": "DELETE",
      "RequestHeaders": {
        "Accept": "application/json",
        "Authorization": "Sanitized",
        "Content-Length": "0",
        "Date": "Wed, 26 Jul 2023 18:42:51 GMT",
        "If-Match": "0x8DB8E081DACE480",
        "User-Agent": "azsdk-java-azure-storage-file-datalake/12.17.0-beta.1 (17.0.7; Windows 11; 10.0)",
        "x-ms-client-request-id": "350be8ad-5cd8-4924-9831-64aac2b68d8d",
        "x-ms-version": "2023-01-03"
      },
      "RequestBody": null,
      "StatusCode": 200,
      "ResponseHeaders": {
        "Content-Length": "0",
        "Date": "Wed, 26 Jul 2023 18:42:51 GMT",
        "Server": [
          "Windows-Azure-HDFS/1.0",
          "Microsoft-HTTPAPI/2.0"
        ],
        "x-ms-client-request-id": "350be8ad-5cd8-4924-9831-64aac2b68d8d",
        "x-ms-delete-type-permanent": "false",
        "x-ms-deletion-id": "133348705712685175",
        "x-ms-request-id": "5bc15a5a-f01f-003a-42f0-bf8bfa000000",
        "x-ms-version": "2023-01-03"
      },
      "ResponseBody": null
    }
  ],
  "Variables": {
    "0": "b50f29fd0deletefileacbd2680125d32c4d6cd424f9a8",
    "1": "b50f29fd1deletefileacbd2729249760a6faeb404db39",
    "2": "b50f29fd2deletefileacbd22959613e41d68cdde4399b"
  }
}
