{
  "Entries": [
    {
      "RequestUri": "https://REDACTED/b18c90b60renamesourceacfail01f196089d4b5b4a71004a?restype=container",
      "RequestMethod": "PUT",
      "RequestHeaders": {
        "Accept": "application/xml",
        "Authorization": "Sanitized",
        "Content-Length": "0",
        "Date": "Thu, 27 Jul 2023 14:37:44 GMT",
        "User-Agent": "azsdk-java-azure-storage-blob/12.24.0-beta.1 azsdk-java-azure-storage-file-datalake/12.17.0-beta.1 (17.0.7; Windows 11; 10.0)",
        "x-ms-client-request-id": "fcb674b4-17b4-4d10-b755-a6d5b171de9b",
        "x-ms-version": "2023-01-03"
      },
      "RequestBody": null,
      "StatusCode": 201,
      "ResponseHeaders": {
        "Content-Length": "0",
        "Date": "Thu, 27 Jul 2023 14:37:43 GMT",
        "ETag": "\u00220x8DB8EAF0A02F981\u0022",
        "Last-Modified": "Thu, 27 Jul 2023 14:37:44 GMT",
        "Server": [
          "Windows-Azure-Blob/1.0",
          "Microsoft-HTTPAPI/2.0"
        ],
        "x-ms-client-request-id": "fcb674b4-17b4-4d10-b755-a6d5b171de9b",
        "x-ms-request-id": "c55e1ebf-f01e-0067-5697-c0817e000000",
        "x-ms-version": "2023-01-03"
      },
      "ResponseBody": null
    },
    {
      "RequestUri": "https://REDACTED/b18c90b60renamesourceacfail01f196089d4b5b4a71004a/b18c90b61renamesourceacfail01f9572610a84a7240e642?resource=directory",
      "RequestMethod": "PUT",
      "RequestHeaders": {
        "Accept": "application/json",
        "Authorization": "Sanitized",
        "Content-Length": "0",
        "Date": "Thu, 27 Jul 2023 14:37:44 GMT",
        "If-None-Match": "*",
        "User-Agent": "azsdk-java-azure-storage-file-datalake/12.17.0-beta.1 (17.0.7; Windows 11; 10.0)",
        "x-ms-client-request-id": "7a8c93fd-f9ab-4f8b-a59f-6e1d9f912488",
        "x-ms-version": "2023-01-03"
      },
      "RequestBody": null,
      "StatusCode": 201,
      "ResponseHeaders": {
        "Content-Length": "0",
        "Date": "Thu, 27 Jul 2023 14:37:43 GMT",
        "ETag": "\u00220x8DB8EAF0A0D8B7C\u0022",
        "Last-Modified": "Thu, 27 Jul 2023 14:37:44 GMT",
        "Server": [
          "Windows-Azure-HDFS/1.0",
          "Microsoft-HTTPAPI/2.0"
        ],
        "x-ms-client-request-id": "7a8c93fd-f9ab-4f8b-a59f-6e1d9f912488",
        "x-ms-request-id": "960a2c4e-501f-009a-3c97-c00f5b000000",
        "x-ms-request-server-encrypted": "true",
        "x-ms-version": "2023-01-03"
      },
      "ResponseBody": null
    },
    {
      "RequestUri": "https://REDACTED/b18c90b60renamesourceacfail01f196089d4b5b4a71004a/b18c90b61renamesourceacfail01f9572610a84a7240e642",
      "RequestMethod": "HEAD",
      "RequestHeaders": {
        "Accept": "application/xml",
        "Authorization": "Sanitized",
        "Content-Length": "0",
        "Date": "Thu, 27 Jul 2023 14:37:44 GMT",
        "User-Agent": "azsdk-java-azure-storage-blob/12.24.0-beta.1 azsdk-java-azure-storage-file-datalake/12.17.0-beta.1 (17.0.7; Windows 11; 10.0)",
        "x-ms-client-request-id": "2aea3f4c-12c7-4df2-86c7-bd602be43a40",
        "x-ms-version": "2023-01-03"
      },
      "RequestBody": null,
      "StatusCode": 200,
      "ResponseHeaders": {
        "Accept-Ranges": "bytes",
        "Access-Control-Allow-Origin": "*",
        "Access-Control-Expose-Headers": "x-ms-client-request-id",
        "Content-Length": "0",
        "Content-Type": "application/octet-stream",
        "Date": "Thu, 27 Jul 2023 14:37:43 GMT",
        "ETag": "\u00220x8DB8EAF0A0D8B7C\u0022",
        "Last-Modified": "Thu, 27 Jul 2023 14:37:44 GMT",
        "Server": [
          "Windows-Azure-Blob/1.0",
          "Microsoft-HTTPAPI/2.0"
        ],
        "x-ms-access-tier": "Hot",
        "x-ms-access-tier-inferred": "true",
        "x-ms-blob-type": "BlockBlob",
        "x-ms-client-request-id": "2aea3f4c-12c7-4df2-86c7-bd602be43a40",
        "x-ms-creation-time": "Thu, 27 Jul 2023 14:37:44 GMT",
        "x-ms-group": "$superuser",
        "x-ms-lease-state": "available",
        "x-ms-lease-status": "unlocked",
        "x-ms-meta-hdi_isfolder": "true",
        "x-ms-owner": "$superuser",
        "x-ms-permissions": "rwxr-x---",
        "x-ms-request-id": "98947c9b-001e-005c-4797-c0c4da000000",
        "x-ms-resource-type": "directory",
        "x-ms-server-encrypted": "true",
        "x-ms-version": "2023-01-03"
      },
      "ResponseBody": null
    },
    {
      "RequestUri": "https://REDACTED/b18c90b60renamesourceacfail01f196089d4b5b4a71004a/b18c90b62renamesourceacfail01f560629ff17ab724cd4f?mode=legacy",
      "RequestMethod": "PUT",
      "RequestHeaders": {
        "Accept": "application/json",
        "Authorization": "Sanitized",
        "Content-Length": "0",
        "Date": "Thu, 27 Jul 2023 14:37:44 GMT",
        "User-Agent": "azsdk-java-azure-storage-file-datalake/12.17.0-beta.1 (17.0.7; Windows 11; 10.0)",
        "x-ms-client-request-id": "e20dbdd6-04ab-4060-a198-85cf4249cff8",
        "x-ms-rename-source": "/b18c90b60renamesourceacfail01f196089d4b5b4a71004a/b18c90b61renamesourceacfail01f9572610a84a7240e642",
        "x-ms-source-if-none-match": "0x8DB8EAF0A0D8B7C",
        "x-ms-version": "2023-01-03"
      },
      "RequestBody": null,
      "StatusCode": 412,
      "ResponseHeaders": {
        "Content-Length": "213",
        "Content-Type": "application/json; charset=utf-8",
        "Date": "Thu, 27 Jul 2023 14:37:43 GMT",
        "Server": [
          "Windows-Azure-HDFS/1.0",
          "Microsoft-HTTPAPI/2.0"
        ],
        "x-ms-client-request-id": "e20dbdd6-04ab-4060-a198-85cf4249cff8",
        "x-ms-error-code": "SourceConditionNotMet",
        "x-ms-request-id": "960a2c63-501f-009a-5197-c00f5b000000",
        "x-ms-version": "2023-01-03"
      },
      "ResponseBody": {
        "error": {
          "code": "SourceConditionNotMet",
          "message": "The source condition specified using HTTP conditional header(s) is not met.\nRequestId:960a2c63-501f-009a-5197-c00f5b000000\nTime:2023-07-27T14:37:44.2841736Z"
        }
      }
    }
  ],
  "Variables": {
    "0": "b18c90b60renamesourceacfail01f196089d4b5b4a71004a",
    "1": "b18c90b61renamesourceacfail01f9572610a84a7240e642",
    "2": "b18c90b62renamesourceacfail01f560629ff17ab724cd4f"
  }
}
