{
  "Entries": [
    {
      "RequestUri": "https://REDACTED/9e69bdc30setmetadatametadata27250963f646bb06f3944?restype=container",
      "RequestMethod": "PUT",
      "RequestHeaders": {
        "Accept": "application/xml",
        "Authorization": "Sanitized",
        "Content-Length": "0",
        "Date": "Tue, 12 Mar 2024 22:12:34 GMT",
        "User-Agent": "azsdk-java-azure-storage-blob/12.26.0-beta.1 azsdk-java-azure-storage-file-datalake/12.19.0-beta.1 (17.0.8; Windows 11; 10.0)",
        "x-ms-client-request-id": "abde8543-41df-49e7-919d-d5f2d746e4b7",
        "x-ms-version": "2024-02-04"
      },
      "RequestBody": null,
      "StatusCode": 201,
      "ResponseHeaders": {
        "Content-Length": "0",
        "Date": "Tue, 12 Mar 2024 22:12:34 GMT",
        "ETag": "\u00220x8DC42E184FE468D\u0022",
        "Last-Modified": "Tue, 12 Mar 2024 22:12:34 GMT",
        "Server": [
          "Windows-Azure-Blob/1.0",
          "Microsoft-HTTPAPI/2.0"
        ],
        "x-ms-client-request-id": "abde8543-41df-49e7-919d-d5f2d746e4b7",
        "x-ms-request-id": "d2805256-701e-0002-59ca-74b334000000",
        "x-ms-version": "2024-02-04"
      },
      "ResponseBody": null
    },
    {
      "RequestUri": "https://REDACTED/9e69bdc30setmetadatametadata27250963f646bb06f3944/9e69bdc31setmetadatametadata27286787bee24ea30b344?resource=directory",
      "RequestMethod": "PUT",
      "RequestHeaders": {
        "Accept": "application/json",
        "Authorization": "Sanitized",
        "Content-Length": "0",
        "Date": "Tue, 12 Mar 2024 22:12:34 GMT",
        "If-None-Match": "*",
        "User-Agent": "azsdk-java-azure-storage-file-datalake/12.19.0-beta.1 (17.0.8; Windows 11; 10.0)",
        "x-ms-client-request-id": "332fb856-8b3f-4b6c-a230-5c9ceaf81847",
        "x-ms-version": "2024-02-04"
      },
      "RequestBody": null,
      "StatusCode": 201,
      "ResponseHeaders": {
        "Content-Length": "0",
        "Date": "Tue, 12 Mar 2024 22:12:34 GMT",
        "ETag": "\u00220x8DC42E1850E7C09\u0022",
        "Last-Modified": "Tue, 12 Mar 2024 22:12:34 GMT",
        "Server": [
          "Windows-Azure-HDFS/1.0",
          "Microsoft-HTTPAPI/2.0"
        ],
        "x-ms-client-request-id": "332fb856-8b3f-4b6c-a230-5c9ceaf81847",
        "x-ms-request-id": "4167862c-701f-0002-62ca-74b334000000",
        "x-ms-request-server-encrypted": "true",
        "x-ms-version": "2024-02-04"
      },
      "ResponseBody": null
    },
    {
      "RequestUri": "https://REDACTED/9e69bdc30setmetadatametadata27250963f646bb06f3944/9e69bdc31setmetadatametadata27286787bee24ea30b344?comp=metadata",
      "RequestMethod": "PUT",
      "RequestHeaders": {
        "Accept": "application/xml",
        "Authorization": "Sanitized",
        "Content-Length": "0",
        "Date": "Tue, 12 Mar 2024 22:12:34 GMT",
        "User-Agent": "azsdk-java-azure-storage-blob/12.26.0-beta.1 azsdk-java-azure-storage-file-datalake/12.19.0-beta.1 (17.0.8; Windows 11; 10.0)",
        "x-ms-client-request-id": "c22b788f-0043-4528-8577-251ded91bf04",
        "x-ms-version": "2024-02-04"
      },
      "RequestBody": null,
      "StatusCode": 200,
      "ResponseHeaders": {
        "Content-Length": "0",
        "Date": "Tue, 12 Mar 2024 22:12:34 GMT",
        "ETag": "\u00220x8DC42E1851D6360\u0022",
        "Last-Modified": "Tue, 12 Mar 2024 22:12:34 GMT",
        "Server": [
          "Windows-Azure-Blob/1.0",
          "Microsoft-HTTPAPI/2.0"
        ],
        "x-ms-client-request-id": "c22b788f-0043-4528-8577-251ded91bf04",
        "x-ms-request-id": "c5c50a4e-c01e-005a-5bca-746b6b000000",
        "x-ms-request-server-encrypted": "true",
        "x-ms-version": "2024-02-04"
      },
      "ResponseBody": null
    },
    {
      "RequestUri": "https://REDACTED/9e69bdc30setmetadatametadata27250963f646bb06f3944/9e69bdc31setmetadatametadata27286787bee24ea30b344",
      "RequestMethod": "HEAD",
      "RequestHeaders": {
        "Accept": "application/xml",
        "Authorization": "Sanitized",
        "Content-Length": "0",
        "Date": "Tue, 12 Mar 2024 22:12:34 GMT",
        "User-Agent": "azsdk-java-azure-storage-blob/12.26.0-beta.1 azsdk-java-azure-storage-file-datalake/12.19.0-beta.1 (17.0.8; Windows 11; 10.0)",
        "x-ms-client-request-id": "0c6068fd-37cf-4025-8f5e-03441327eff6",
        "x-ms-version": "2024-02-04"
      },
      "RequestBody": null,
      "StatusCode": 200,
      "ResponseHeaders": {
        "Accept-Ranges": "bytes",
        "Access-Control-Allow-Origin": "*",
        "Access-Control-Expose-Headers": "x-ms-client-request-id",
        "Content-Length": "0",
        "Content-Type": "application/octet-stream",
        "Date": "Tue, 12 Mar 2024 22:12:34 GMT",
        "ETag": "\u00220x8DC42E1851D6360\u0022",
        "Last-Modified": "Tue, 12 Mar 2024 22:12:34 GMT",
        "Server": [
          "Windows-Azure-Blob/1.0",
          "Microsoft-HTTPAPI/2.0"
        ],
        "x-ms-access-tier": "Hot",
        "x-ms-access-tier-inferred": "true",
        "x-ms-acl": "user::rwx,group::r-x,other::---",
        "x-ms-blob-type": "BlockBlob",
        "x-ms-client-request-id": "0c6068fd-37cf-4025-8f5e-03441327eff6",
        "x-ms-creation-time": "Tue, 12 Mar 2024 22:12:34 GMT",
        "x-ms-group": "$superuser",
        "x-ms-lease-state": "available",
        "x-ms-lease-status": "unlocked",
        "x-ms-meta-hdi_isfolder": "true",
        "x-ms-owner": "$superuser",
        "x-ms-permissions": "rwxr-x---",
        "x-ms-request-id": "c5c50aa7-c01e-005a-2aca-746b6b000000",
        "x-ms-resource-type": "directory",
        "x-ms-server-encrypted": "true",
        "x-ms-version": "2024-02-04"
      },
      "ResponseBody": null
    }
  ],
  "Variables": {
    "0": "9e69bdc30setmetadatametadata27250963f646bb06f3944",
    "1": "9e69bdc31setmetadatametadata27286787bee24ea30b344"
  }
}
