{
  "Entries": [
    {
      "RequestUri": "https://REDACTED/eaae20b20deleteifexistsrecursivef2b7505391648a033fd?restype=container",
      "RequestMethod": "PUT",
      "RequestHeaders": {
        "Accept": "application/xml",
        "Authorization": "Sanitized",
        "Content-Length": "0",
        "Date": "Wed, 27 Sep 2023 21:27:21 GMT",
        "User-Agent": "azsdk-java-azure-storage-blob/12.25.0-beta.1 azsdk-java-azure-storage-file-datalake/12.18.0-beta.1 (17.0.8; Windows 11; 10.0)",
        "x-ms-client-request-id": "fcbedd03-21a6-41f3-9fd2-b22af548fc47",
        "x-ms-version": "2023-08-03"
      },
      "RequestBody": null,
      "StatusCode": 201,
      "ResponseHeaders": {
        "Content-Length": "0",
        "Date": "Wed, 27 Sep 2023 21:27:20 GMT",
        "ETag": "\u00220x8DBBFA088B9288E\u0022",
        "Last-Modified": "Wed, 27 Sep 2023 21:27:21 GMT",
        "Server": [
          "Windows-Azure-Blob/1.0",
          "Microsoft-HTTPAPI/2.0"
        ],
        "x-ms-client-request-id": "fcbedd03-21a6-41f3-9fd2-b22af548fc47",
        "x-ms-request-id": "7a5b5d7b-701e-0012-3389-f1765c000000",
        "x-ms-version": "2023-08-03"
      },
      "ResponseBody": null
    },
    {
      "RequestUri": "https://REDACTED/eaae20b20deleteifexistsrecursivef2b7505391648a033fd/eaae20b21deleteifexistsrecursivef2b08476206ccf71868?resource=directory",
      "RequestMethod": "PUT",
      "RequestHeaders": {
        "Accept": "application/json",
        "Authorization": "Sanitized",
        "Content-Length": "0",
        "Date": "Wed, 27 Sep 2023 21:27:21 GMT",
        "If-None-Match": "*",
        "User-Agent": "azsdk-java-azure-storage-file-datalake/12.18.0-beta.1 (17.0.8; Windows 11; 10.0)",
        "x-ms-client-request-id": "e7a06979-f1a0-4f61-b66c-f405b84b1ee5",
        "x-ms-version": "2023-08-03"
      },
      "RequestBody": null,
      "StatusCode": 201,
      "ResponseHeaders": {
        "Content-Length": "0",
        "Date": "Wed, 27 Sep 2023 21:27:20 GMT",
        "ETag": "\u00220x8DBBFA088CA54D0\u0022",
        "Last-Modified": "Wed, 27 Sep 2023 21:27:21 GMT",
        "Server": [
          "Windows-Azure-HDFS/1.0",
          "Microsoft-HTTPAPI/2.0"
        ],
        "x-ms-client-request-id": "e7a06979-f1a0-4f61-b66c-f405b84b1ee5",
        "x-ms-request-id": "8c334413-a01f-0063-7a89-f19077000000",
        "x-ms-request-server-encrypted": "true",
        "x-ms-version": "2023-08-03"
      },
      "ResponseBody": null
    },
    {
      "RequestUri": "https://REDACTED/eaae20b20deleteifexistsrecursivef2b7505391648a033fd/eaae20b21deleteifexistsrecursivef2b08476206ccf71868?recursive=true",
      "RequestMethod": "DELETE",
      "RequestHeaders": {
        "Accept": "application/json",
        "Authorization": "Sanitized",
        "Content-Length": "0",
        "Date": "Wed, 27 Sep 2023 21:27:21 GMT",
        "User-Agent": "azsdk-java-azure-storage-file-datalake/12.18.0-beta.1 (17.0.8; Windows 11; 10.0)",
        "x-ms-client-request-id": "87a5973f-1533-4424-85c7-12985d226ecf",
        "x-ms-version": "2023-08-03"
      },
      "RequestBody": null,
      "StatusCode": 200,
      "ResponseHeaders": {
        "Content-Length": "0",
        "Date": "Wed, 27 Sep 2023 21:27:21 GMT",
        "Server": [
          "Windows-Azure-HDFS/1.0",
          "Microsoft-HTTPAPI/2.0"
        ],
        "x-ms-client-request-id": "87a5973f-1533-4424-85c7-12985d226ecf",
        "x-ms-delete-type-permanent": "false",
        "x-ms-deletion-id": "133403236414699018",
        "x-ms-request-id": "8c334420-a01f-0063-0789-f19077000000",
        "x-ms-version": "2023-08-03"
      },
      "ResponseBody": null
    }
  ],
  "Variables": {
    "0": "eaae20b20deleteifexistsrecursivef2b7505391648a033fd",
    "1": "eaae20b21deleteifexistsrecursivef2b08476206ccf71868"
  }
}
