{
  "Entries": [
    {
      "RequestUri": "https://REDACTED/21fe99a70createacfail391144664d12e94d3713451fb?restype=container",
      "RequestMethod": "PUT",
      "RequestHeaders": {
        "Accept": "application/xml",
        "Authorization": "Sanitized",
        "Content-Length": "0",
        "Date": "Wed, 26 Jul 2023 19:19:21 GMT",
        "User-Agent": "azsdk-java-azure-storage-blob/12.24.0-beta.1 azsdk-java-azure-storage-file-datalake/12.17.0-beta.1 (17.0.7; Windows 11; 10.0)",
        "x-ms-client-request-id": "4cde0c63-3711-4600-a574-596c0a987ce7",
        "x-ms-version": "2023-01-03"
      },
      "RequestBody": null,
      "StatusCode": 201,
      "ResponseHeaders": {
        "Content-Length": "0",
        "Date": "Wed, 26 Jul 2023 19:19:21 GMT",
        "ETag": "\u00220x8DB8E0D3758B440\u0022",
        "Last-Modified": "Wed, 26 Jul 2023 19:19:21 GMT",
        "Server": [
          "Windows-Azure-Blob/1.0",
          "Microsoft-HTTPAPI/2.0"
        ],
        "x-ms-client-request-id": "4cde0c63-3711-4600-a574-596c0a987ce7",
        "x-ms-request-id": "e2ee96e0-f01e-003a-51f6-bf8bfa000000",
        "x-ms-version": "2023-01-03"
      },
      "ResponseBody": null
    },
    {
      "RequestUri": "https://REDACTED/21fe99a70createacfail391144664d12e94d3713451fb/21fe99a71createacfail391352036bad8a3cdd6c477c8?resource=directory",
      "RequestMethod": "PUT",
      "RequestHeaders": {
        "Accept": "application/json",
        "Authorization": "Sanitized",
        "Content-Length": "0",
        "Date": "Wed, 26 Jul 2023 19:19:21 GMT",
        "If-None-Match": "*",
        "User-Agent": "azsdk-java-azure-storage-file-datalake/12.17.0-beta.1 (17.0.7; Windows 11; 10.0)",
        "x-ms-client-request-id": "450af32c-1285-442b-bd3d-e2480d16a623",
        "x-ms-version": "2023-01-03"
      },
      "RequestBody": null,
      "StatusCode": 201,
      "ResponseHeaders": {
        "Content-Length": "0",
        "Date": "Wed, 26 Jul 2023 19:19:21 GMT",
        "ETag": "\u00220x8DB8E0D37604538\u0022",
        "Last-Modified": "Wed, 26 Jul 2023 19:19:21 GMT",
        "Server": [
          "Windows-Azure-HDFS/1.0",
          "Microsoft-HTTPAPI/2.0"
        ],
        "x-ms-client-request-id": "450af32c-1285-442b-bd3d-e2480d16a623",
        "x-ms-request-id": "4b40766c-d01f-003d-36f6-bfe799000000",
        "x-ms-request-server-encrypted": "true",
        "x-ms-version": "2023-01-03"
      },
      "ResponseBody": null
    },
    {
      "RequestUri": "https://REDACTED/21fe99a70createacfail391144664d12e94d3713451fb/21fe99a71createacfail391352036bad8a3cdd6c477c8?resource=directory",
      "RequestMethod": "PUT",
      "RequestHeaders": {
        "Accept": "application/json",
        "Authorization": "Sanitized",
        "Content-Length": "0",
        "Date": "Wed, 26 Jul 2023 19:19:21 GMT",
        "If-Modified-Since": "Thu, 27 Jul 2023 19:18:35 GMT",
        "User-Agent": "azsdk-java-azure-storage-file-datalake/12.17.0-beta.1 (17.0.7; Windows 11; 10.0)",
        "x-ms-client-request-id": "7b5e685a-7fa0-40bb-9080-96aef6ba2a1b",
        "x-ms-version": "2023-01-03"
      },
      "RequestBody": null,
      "StatusCode": 412,
      "ResponseHeaders": {
        "Content-Length": "200",
        "Content-Type": "application/json; charset=utf-8",
        "Date": "Wed, 26 Jul 2023 19:19:21 GMT",
        "Server": [
          "Windows-Azure-HDFS/1.0",
          "Microsoft-HTTPAPI/2.0"
        ],
        "x-ms-client-request-id": "7b5e685a-7fa0-40bb-9080-96aef6ba2a1b",
        "x-ms-error-code": "ConditionNotMet",
        "x-ms-request-id": "4b407684-d01f-003d-4ef6-bfe799000000",
        "x-ms-version": "2023-01-03"
      },
      "ResponseBody": {
        "error": {
          "code": "ConditionNotMet",
          "message": "The condition specified using HTTP conditional header(s) is not met.\nRequestId:4b407684-d01f-003d-4ef6-bfe799000000\nTime:2023-07-26T19:19:21.8174598Z"
        }
      }
    }
  ],
  "Variables": {
    "0": "21fe99a70createacfail391144664d12e94d3713451fb",
    "1": "21fe99a71createacfail391352036bad8a3cdd6c477c8"
  }
}
