{
  "Entries": [
    {
      "RequestUri": "https://REDACTED/ef451a9d0deletefileacfailde23428255fa7ea4d58a40c?restype=container",
      "RequestMethod": "PUT",
      "RequestHeaders": {
        "Accept": "application/xml",
        "Authorization": "Sanitized",
        "Content-Length": "0",
        "Date": "Thu, 19 Oct 2023 23:33:04 GMT",
        "User-Agent": "azsdk-java-azure-storage-blob/12.25.0-beta.1 azsdk-java-azure-storage-file-datalake/12.18.0-beta.1 (17.0.8; Windows 11; 10.0)",
        "x-ms-client-request-id": "39563715-bd55-4c83-ab9a-205ec8fcb141",
        "x-ms-version": "2023-11-03"
      },
      "RequestBody": null,
      "StatusCode": 201,
      "ResponseHeaders": {
        "Content-Length": "0",
        "Date": "Thu, 19 Oct 2023 23:33:05 GMT",
        "ETag": "\u00220x8DBD0FBBE9FF230\u0022",
        "Last-Modified": "Thu, 19 Oct 2023 23:33:05 GMT",
        "Server": [
          "Windows-Azure-Blob/1.0",
          "Microsoft-HTTPAPI/2.0"
        ],
        "x-ms-client-request-id": "39563715-bd55-4c83-ab9a-205ec8fcb141",
        "x-ms-request-id": "8cdf93dd-501e-00f1-15e4-0214a1000000",
        "x-ms-version": "2023-11-03"
      },
      "ResponseBody": null
    },
    {
      "RequestUri": "https://REDACTED/ef451a9d0deletefileacfailde23428255fa7ea4d58a40c/ef451a9d1deletefileacfailde2085518e36e9aeb9534d8?resource=directory",
      "RequestMethod": "PUT",
      "RequestHeaders": {
        "Accept": "application/json",
        "Authorization": "Sanitized",
        "Content-Length": "0",
        "Date": "Thu, 19 Oct 2023 23:33:04 GMT",
        "If-None-Match": "*",
        "User-Agent": "azsdk-java-azure-storage-file-datalake/12.18.0-beta.1 (17.0.8; Windows 11; 10.0)",
        "x-ms-client-request-id": "557f3387-b734-4e15-82b9-1fb85e4b0fb0",
        "x-ms-version": "2023-11-03"
      },
      "RequestBody": null,
      "StatusCode": 201,
      "ResponseHeaders": {
        "Content-Length": "0",
        "Date": "Thu, 19 Oct 2023 23:33:04 GMT",
        "ETag": "\u00220x8DBD0FBBEB163ED\u0022",
        "Last-Modified": "Thu, 19 Oct 2023 23:33:05 GMT",
        "Server": [
          "Windows-Azure-HDFS/1.0",
          "Microsoft-HTTPAPI/2.0"
        ],
        "x-ms-client-request-id": "557f3387-b734-4e15-82b9-1fb85e4b0fb0",
        "x-ms-request-id": "9a10a96f-401f-00a0-57e4-02892d000000",
        "x-ms-request-server-encrypted": "true",
        "x-ms-version": "2023-11-03"
      },
      "ResponseBody": null
    },
    {
      "RequestUri": "https://REDACTED/ef451a9d0deletefileacfailde23428255fa7ea4d58a40c/ef451a9d1deletefileacfailde2085518e36e9aeb9534d8%2Fef451a9d2deletefileacfailde253659cc1c813fe434414?resource=file",
      "RequestMethod": "PUT",
      "RequestHeaders": {
        "Accept": "application/json",
        "Authorization": "Sanitized",
        "Content-Length": "0",
        "Date": "Thu, 19 Oct 2023 23:33:04 GMT",
        "If-None-Match": "*",
        "User-Agent": "azsdk-java-azure-storage-file-datalake/12.18.0-beta.1 (17.0.8; Windows 11; 10.0)",
        "x-ms-client-request-id": "b8f73d7d-fa30-4a58-b4cf-4eb289f5f7f6",
        "x-ms-version": "2023-11-03"
      },
      "RequestBody": null,
      "StatusCode": 201,
      "ResponseHeaders": {
        "Content-Length": "0",
        "Date": "Thu, 19 Oct 2023 23:33:05 GMT",
        "ETag": "\u00220x8DBD0FBBEC0D600\u0022",
        "Last-Modified": "Thu, 19 Oct 2023 23:33:05 GMT",
        "Server": [
          "Windows-Azure-HDFS/1.0",
          "Microsoft-HTTPAPI/2.0"
        ],
        "x-ms-client-request-id": "b8f73d7d-fa30-4a58-b4cf-4eb289f5f7f6",
        "x-ms-request-id": "5caf7eb6-701f-0060-25e4-027113000000",
        "x-ms-request-server-encrypted": "true",
        "x-ms-version": "2023-11-03"
      },
      "ResponseBody": null
    },
    {
      "RequestUri": "https://REDACTED/ef451a9d0deletefileacfailde23428255fa7ea4d58a40c/ef451a9d1deletefileacfailde2085518e36e9aeb9534d8%2Fef451a9d2deletefileacfailde253659cc1c813fe434414",
      "RequestMethod": "HEAD",
      "RequestHeaders": {
        "Accept": "application/xml",
        "Authorization": "Sanitized",
        "Content-Length": "0",
        "Date": "Thu, 19 Oct 2023 23:33:04 GMT",
        "User-Agent": "azsdk-java-azure-storage-file-datalake/12.18.0-beta.1 (17.0.8; Windows 11; 10.0)",
        "x-ms-client-request-id": "a2d2cd48-96ab-4bec-b51c-0ec7e4b3a461",
        "x-ms-version": "2023-11-03"
      },
      "RequestBody": null,
      "StatusCode": 200,
      "ResponseHeaders": {
        "Accept-Ranges": "bytes",
        "Access-Control-Allow-Origin": "*",
        "Access-Control-Expose-Headers": "x-ms-client-request-id",
        "Content-Length": "0",
        "Content-Type": "application/octet-stream",
        "Date": "Thu, 19 Oct 2023 23:33:05 GMT",
        "ETag": "\u00220x8DBD0FBBEC0D600\u0022",
        "Last-Modified": "Thu, 19 Oct 2023 23:33:05 GMT",
        "Server": [
          "Windows-Azure-Blob/1.0",
          "Microsoft-HTTPAPI/2.0"
        ],
        "x-ms-access-tier": "Hot",
        "x-ms-access-tier-inferred": "true",
        "x-ms-blob-type": "BlockBlob",
        "x-ms-client-request-id": "a2d2cd48-96ab-4bec-b51c-0ec7e4b3a461",
        "x-ms-creation-time": "Thu, 19 Oct 2023 23:33:05 GMT",
        "x-ms-group": "$superuser",
        "x-ms-lease-state": "available",
        "x-ms-lease-status": "unlocked",
        "x-ms-owner": "$superuser",
        "x-ms-permissions": "rw-r-----",
        "x-ms-request-id": "86a26cf5-d01e-001b-67e4-02338f000000",
        "x-ms-resource-type": "file",
        "x-ms-server-encrypted": "true",
        "x-ms-version": "2023-11-03"
      },
      "ResponseBody": null
    },
    {
      "RequestUri": "https://REDACTED/ef451a9d0deletefileacfailde23428255fa7ea4d58a40c/ef451a9d1deletefileacfailde2085518e36e9aeb9534d8%2Fef451a9d2deletefileacfailde253659cc1c813fe434414",
      "RequestMethod": "DELETE",
      "RequestHeaders": {
        "Accept": "application/json",
        "Authorization": "Sanitized",
        "Content-Length": "0",
        "Date": "Thu, 19 Oct 2023 23:33:04 GMT",
        "If-None-Match": "0x8DBD0FBBEC0D600",
        "User-Agent": "azsdk-java-azure-storage-file-datalake/12.18.0-beta.1 (17.0.8; Windows 11; 10.0)",
        "x-ms-client-request-id": "df4b9c4e-4769-40ad-9a4f-984120052145",
        "x-ms-version": "2023-11-03"
      },
      "RequestBody": null,
      "StatusCode": 412,
      "ResponseHeaders": {
        "Content-Length": "200",
        "Content-Type": "application/json; charset=utf-8",
        "Date": "Thu, 19 Oct 2023 23:33:05 GMT",
        "Server": [
          "Windows-Azure-HDFS/1.0",
          "Microsoft-HTTPAPI/2.0"
        ],
        "x-ms-client-request-id": "df4b9c4e-4769-40ad-9a4f-984120052145",
        "x-ms-error-code": "ConditionNotMet",
        "x-ms-request-id": "7b2cab64-e01f-00e4-0ce4-020312000000",
        "x-ms-version": "2023-11-03"
      },
      "ResponseBody": {
        "error": {
          "code": "ConditionNotMet",
          "message": "The condition specified using HTTP conditional header(s) is not met.\nRequestId:7b2cab64-e01f-00e4-0ce4-020312000000\nTime:2023-10-19T23:33:06.1114453Z"
        }
      }
    }
  ],
  "Variables": {
    "0": "ef451a9d0deletefileacfailde23428255fa7ea4d58a40c",
    "1": "ef451a9d1deletefileacfailde2085518e36e9aeb9534d8",
    "2": "ef451a9d2deletefileacfailde253659cc1c813fe434414"
  }
}
