{
  "Entries": [
    {
      "RequestUri": "https://REDACTED/c4a620e00setmetadataaceb88304233f48f4b77c54c8f?restype=container",
      "RequestMethod": "PUT",
      "RequestHeaders": {
        "Accept": "application/xml",
        "Authorization": "Sanitized",
        "Content-Length": "0",
        "Date": "Wed, 27 Sep 2023 21:27:55 GMT",
        "User-Agent": "azsdk-java-azure-storage-blob/12.25.0-beta.1 azsdk-java-azure-storage-file-datalake/12.18.0-beta.1 (17.0.8; Windows 11; 10.0)",
        "x-ms-client-request-id": "01c82bfc-dd04-4eec-af06-cd97456aa9a9",
        "x-ms-version": "2023-08-03"
      },
      "RequestBody": null,
      "StatusCode": 201,
      "ResponseHeaders": {
        "Content-Length": "0",
        "Date": "Wed, 27 Sep 2023 21:27:55 GMT",
        "ETag": "\u00220x8DBBFA09D53FA8D\u0022",
        "Last-Modified": "Wed, 27 Sep 2023 21:27:55 GMT",
        "Server": [
          "Windows-Azure-Blob/1.0",
          "Microsoft-HTTPAPI/2.0"
        ],
        "x-ms-client-request-id": "01c82bfc-dd04-4eec-af06-cd97456aa9a9",
        "x-ms-request-id": "e7106fc0-301e-00c8-2f89-f1efbd000000",
        "x-ms-version": "2023-08-03"
      },
      "ResponseBody": null
    },
    {
      "RequestUri": "https://REDACTED/c4a620e00setmetadataaceb88304233f48f4b77c54c8f/c4a620e01setmetadataaceb8746831462b3ebdc3c4d67?resource=directory",
      "RequestMethod": "PUT",
      "RequestHeaders": {
        "Accept": "application/json",
        "Authorization": "Sanitized",
        "Content-Length": "0",
        "Date": "Wed, 27 Sep 2023 21:27:55 GMT",
        "If-None-Match": "*",
        "User-Agent": "azsdk-java-azure-storage-file-datalake/12.18.0-beta.1 (17.0.8; Windows 11; 10.0)",
        "x-ms-client-request-id": "3698f54a-ea6c-42d4-8fd0-a3c5b5f8fce5",
        "x-ms-version": "2023-08-03"
      },
      "RequestBody": null,
      "StatusCode": 201,
      "ResponseHeaders": {
        "Content-Length": "0",
        "Date": "Wed, 27 Sep 2023 21:27:55 GMT",
        "ETag": "\u00220x8DBBFA09D65C7A1\u0022",
        "Last-Modified": "Wed, 27 Sep 2023 21:27:55 GMT",
        "Server": [
          "Windows-Azure-HDFS/1.0",
          "Microsoft-HTTPAPI/2.0"
        ],
        "x-ms-client-request-id": "3698f54a-ea6c-42d4-8fd0-a3c5b5f8fce5",
        "x-ms-request-id": "da00fb43-501f-0005-2989-f1df57000000",
        "x-ms-request-server-encrypted": "true",
        "x-ms-version": "2023-08-03"
      },
      "ResponseBody": null
    },
    {
      "RequestUri": "https://REDACTED/c4a620e00setmetadataaceb88304233f48f4b77c54c8f/c4a620e01setmetadataaceb8746831462b3ebdc3c4d67?comp=metadata",
      "RequestMethod": "PUT",
      "RequestHeaders": {
        "Accept": "application/xml",
        "Authorization": "Sanitized",
        "Content-Length": "0",
        "Date": "Wed, 27 Sep 2023 21:27:55 GMT",
        "If-None-Match": "garbage",
        "User-Agent": "azsdk-java-azure-storage-blob/12.25.0-beta.1 azsdk-java-azure-storage-file-datalake/12.18.0-beta.1 (17.0.8; Windows 11; 10.0)",
        "x-ms-client-request-id": "71479801-a35d-4914-910a-6f2174b855ee",
        "x-ms-version": "2023-08-03"
      },
      "RequestBody": null,
      "StatusCode": 200,
      "ResponseHeaders": {
        "Content-Length": "0",
        "Date": "Wed, 27 Sep 2023 21:27:55 GMT",
        "ETag": "\u00220x8DBBFA09D74B0F8\u0022",
        "Last-Modified": "Wed, 27 Sep 2023 21:27:56 GMT",
        "Server": [
          "Windows-Azure-Blob/1.0",
          "Microsoft-HTTPAPI/2.0"
        ],
        "x-ms-client-request-id": "71479801-a35d-4914-910a-6f2174b855ee",
        "x-ms-request-id": "9a440a34-801e-0109-2789-f1b652000000",
        "x-ms-request-server-encrypted": "true",
        "x-ms-version": "2023-08-03"
      },
      "ResponseBody": null
    }
  ],
  "Variables": {
    "0": "c4a620e00setmetadataaceb88304233f48f4b77c54c8f",
    "1": "c4a620e01setmetadataaceb8746831462b3ebdc3c4d67"
  }
}
