{
  "Entries": [
    {
      "RequestUri": "https://REDACTED/4422d65e0removeaclrecursive38a048027f88e1ed05504e?restype=container",
      "RequestMethod": "PUT",
      "RequestHeaders": {
        "Accept": "application/xml",
        "Authorization": "Sanitized",
        "Content-Length": "0",
        "Date": "Wed, 27 Sep 2023 21:27:27 GMT",
        "User-Agent": "azsdk-java-azure-storage-blob/12.25.0-beta.1 azsdk-java-azure-storage-file-datalake/12.18.0-beta.1 (17.0.8; Windows 11; 10.0)",
        "x-ms-client-request-id": "3105a270-43b6-4b61-a745-a3aec60461c9",
        "x-ms-version": "2023-08-03"
      },
      "RequestBody": null,
      "StatusCode": 201,
      "ResponseHeaders": {
        "Content-Length": "0",
        "Date": "Wed, 27 Sep 2023 21:27:26 GMT",
        "ETag": "\u00220x8DBBFA08C7CA3FC\u0022",
        "Last-Modified": "Wed, 27 Sep 2023 21:27:27 GMT",
        "Server": [
          "Windows-Azure-Blob/1.0",
          "Microsoft-HTTPAPI/2.0"
        ],
        "x-ms-client-request-id": "3105a270-43b6-4b61-a745-a3aec60461c9",
        "x-ms-request-id": "7a5b6772-701e-0012-7389-f1765c000000",
        "x-ms-version": "2023-08-03"
      },
      "ResponseBody": null
    },
    {
      "RequestUri": "https://REDACTED/4422d65e0removeaclrecursive38a048027f88e1ed05504e/4422d65e1removeaclrecursive38a49417f61501b09ffb47?resource=directory",
      "RequestMethod": "PUT",
      "RequestHeaders": {
        "Accept": "application/json",
        "Authorization": "Sanitized",
        "Content-Length": "0",
        "Date": "Wed, 27 Sep 2023 21:27:27 GMT",
        "If-None-Match": "*",
        "User-Agent": "azsdk-java-azure-storage-file-datalake/12.18.0-beta.1 (17.0.8; Windows 11; 10.0)",
        "x-ms-client-request-id": "b3a85541-c450-4df6-ae3a-0ea12c1a6d42",
        "x-ms-version": "2023-08-03"
      },
      "RequestBody": null,
      "StatusCode": 201,
      "ResponseHeaders": {
        "Content-Length": "0",
        "Date": "Wed, 27 Sep 2023 21:27:27 GMT",
        "ETag": "\u00220x8DBBFA08C8D548B\u0022",
        "Last-Modified": "Wed, 27 Sep 2023 21:27:27 GMT",
        "Server": [
          "Windows-Azure-HDFS/1.0",
          "Microsoft-HTTPAPI/2.0"
        ],
        "x-ms-client-request-id": "b3a85541-c450-4df6-ae3a-0ea12c1a6d42",
        "x-ms-request-id": "8c334681-a01f-0063-5c89-f19077000000",
        "x-ms-request-server-encrypted": "true",
        "x-ms-version": "2023-08-03"
      },
      "ResponseBody": null
    },
    {
      "RequestUri": "https://REDACTED/4422d65e0removeaclrecursive38a048027f88e1ed05504e/4422d65e1removeaclrecursive38a49417f61501b09ffb47%2F4422d65e2removeaclrecursive38a62420b758d0c4de6242?resource=directory",
      "RequestMethod": "PUT",
      "RequestHeaders": {
        "Accept": "application/json",
        "Authorization": "Sanitized",
        "Content-Length": "0",
        "Date": "Wed, 27 Sep 2023 21:27:27 GMT",
        "If-None-Match": "*",
        "User-Agent": "azsdk-java-azure-storage-file-datalake/12.18.0-beta.1 (17.0.8; Windows 11; 10.0)",
        "x-ms-client-request-id": "44a8c529-e068-40fc-bab7-ad4b5f454d30",
        "x-ms-version": "2023-08-03"
      },
      "RequestBody": null,
      "StatusCode": 201,
      "ResponseHeaders": {
        "Content-Length": "0",
        "Date": "Wed, 27 Sep 2023 21:27:27 GMT",
        "ETag": "\u00220x8DBBFA08C9C975D\u0022",
        "Last-Modified": "Wed, 27 Sep 2023 21:27:27 GMT",
        "Server": [
          "Windows-Azure-HDFS/1.0",
          "Microsoft-HTTPAPI/2.0"
        ],
        "x-ms-client-request-id": "44a8c529-e068-40fc-bab7-ad4b5f454d30",
        "x-ms-request-id": "8c33468b-a01f-0063-6689-f19077000000",
        "x-ms-request-server-encrypted": "true",
        "x-ms-version": "2023-08-03"
      },
      "ResponseBody": null
    },
    {
      "RequestUri": "https://REDACTED/4422d65e0removeaclrecursive38a048027f88e1ed05504e/4422d65e1removeaclrecursive38a49417f61501b09ffb47%2F4422d65e2removeaclrecursive38a62420b758d0c4de6242%2F4422d65e3removeaclrecursive38a458956f720e38dc3948?resource=file",
      "RequestMethod": "PUT",
      "RequestHeaders": {
        "Accept": "application/json",
        "Authorization": "Sanitized",
        "Content-Length": "0",
        "Date": "Wed, 27 Sep 2023 21:27:27 GMT",
        "If-None-Match": "*",
        "User-Agent": "azsdk-java-azure-storage-file-datalake/12.18.0-beta.1 (17.0.8; Windows 11; 10.0)",
        "x-ms-client-request-id": "0bb0170c-94dc-475c-b31e-46436a4b961c",
        "x-ms-version": "2023-08-03"
      },
      "RequestBody": null,
      "StatusCode": 201,
      "ResponseHeaders": {
        "Content-Length": "0",
        "Date": "Wed, 27 Sep 2023 21:27:27 GMT",
        "ETag": "\u00220x8DBBFA08CABD836\u0022",
        "Last-Modified": "Wed, 27 Sep 2023 21:27:27 GMT",
        "Server": [
          "Windows-Azure-HDFS/1.0",
          "Microsoft-HTTPAPI/2.0"
        ],
        "x-ms-client-request-id": "0bb0170c-94dc-475c-b31e-46436a4b961c",
        "x-ms-request-id": "8c334695-a01f-0063-7089-f19077000000",
        "x-ms-request-server-encrypted": "true",
        "x-ms-version": "2023-08-03"
      },
      "ResponseBody": null
    },
    {
      "RequestUri": "https://REDACTED/4422d65e0removeaclrecursive38a048027f88e1ed05504e/4422d65e1removeaclrecursive38a49417f61501b09ffb47%2F4422d65e2removeaclrecursive38a62420b758d0c4de6242%2F4422d65e4removeaclrecursive38a354193e2b3206ad0749?resource=file",
      "RequestMethod": "PUT",
      "RequestHeaders": {
        "Accept": "application/json",
        "Authorization": "Sanitized",
        "Content-Length": "0",
        "Date": "Wed, 27 Sep 2023 21:27:27 GMT",
        "If-None-Match": "*",
        "User-Agent": "azsdk-java-azure-storage-file-datalake/12.18.0-beta.1 (17.0.8; Windows 11; 10.0)",
        "x-ms-client-request-id": "2cb8953e-f457-4bae-8b18-462de119aa5d",
        "x-ms-version": "2023-08-03"
      },
      "RequestBody": null,
      "StatusCode": 201,
      "ResponseHeaders": {
        "Content-Length": "0",
        "Date": "Wed, 27 Sep 2023 21:27:27 GMT",
        "ETag": "\u00220x8DBBFA08CBA56BD\u0022",
        "Last-Modified": "Wed, 27 Sep 2023 21:27:27 GMT",
        "Server": [
          "Windows-Azure-HDFS/1.0",
          "Microsoft-HTTPAPI/2.0"
        ],
        "x-ms-client-request-id": "2cb8953e-f457-4bae-8b18-462de119aa5d",
        "x-ms-request-id": "8c33469d-a01f-0063-7889-f19077000000",
        "x-ms-request-server-encrypted": "true",
        "x-ms-version": "2023-08-03"
      },
      "ResponseBody": null
    },
    {
      "RequestUri": "https://REDACTED/4422d65e0removeaclrecursive38a048027f88e1ed05504e/4422d65e1removeaclrecursive38a49417f61501b09ffb47%2F4422d65e5removeaclrecursive38a469161f8eecd5ffd343?resource=directory",
      "RequestMethod": "PUT",
      "RequestHeaders": {
        "Accept": "application/json",
        "Authorization": "Sanitized",
        "Content-Length": "0",
        "Date": "Wed, 27 Sep 2023 21:27:27 GMT",
        "If-None-Match": "*",
        "User-Agent": "azsdk-java-azure-storage-file-datalake/12.18.0-beta.1 (17.0.8; Windows 11; 10.0)",
        "x-ms-client-request-id": "d52b05e9-05c5-4f09-afd9-685cc999fe90",
        "x-ms-version": "2023-08-03"
      },
      "RequestBody": null,
      "StatusCode": 201,
      "ResponseHeaders": {
        "Content-Length": "0",
        "Date": "Wed, 27 Sep 2023 21:27:27 GMT",
        "ETag": "\u00220x8DBBFA08CCA760D\u0022",
        "Last-Modified": "Wed, 27 Sep 2023 21:27:28 GMT",
        "Server": [
          "Windows-Azure-HDFS/1.0",
          "Microsoft-HTTPAPI/2.0"
        ],
        "x-ms-client-request-id": "d52b05e9-05c5-4f09-afd9-685cc999fe90",
        "x-ms-request-id": "5d120e69-201f-0030-4289-f1b343000000",
        "x-ms-request-server-encrypted": "true",
        "x-ms-version": "2023-08-03"
      },
      "ResponseBody": null
    },
    {
      "RequestUri": "https://REDACTED/4422d65e0removeaclrecursive38a048027f88e1ed05504e/4422d65e1removeaclrecursive38a49417f61501b09ffb47%2F4422d65e5removeaclrecursive38a469161f8eecd5ffd343%2F4422d65e6removeaclrecursive38a081368a2c67b38e114c?resource=file",
      "RequestMethod": "PUT",
      "RequestHeaders": {
        "Accept": "application/json",
        "Authorization": "Sanitized",
        "Content-Length": "0",
        "Date": "Wed, 27 Sep 2023 21:27:27 GMT",
        "If-None-Match": "*",
        "User-Agent": "azsdk-java-azure-storage-file-datalake/12.18.0-beta.1 (17.0.8; Windows 11; 10.0)",
        "x-ms-client-request-id": "18e25635-f22b-4d44-a6f0-f3a54513120c",
        "x-ms-version": "2023-08-03"
      },
      "RequestBody": null,
      "StatusCode": 201,
      "ResponseHeaders": {
        "Content-Length": "0",
        "Date": "Wed, 27 Sep 2023 21:27:27 GMT",
        "ETag": "\u00220x8DBBFA08CD9E312\u0022",
        "Last-Modified": "Wed, 27 Sep 2023 21:27:28 GMT",
        "Server": [
          "Windows-Azure-HDFS/1.0",
          "Microsoft-HTTPAPI/2.0"
        ],
        "x-ms-client-request-id": "18e25635-f22b-4d44-a6f0-f3a54513120c",
        "x-ms-request-id": "5d120e71-201f-0030-4a89-f1b343000000",
        "x-ms-request-server-encrypted": "true",
        "x-ms-version": "2023-08-03"
      },
      "ResponseBody": null
    },
    {
      "RequestUri": "https://REDACTED/4422d65e0removeaclrecursive38a048027f88e1ed05504e/4422d65e1removeaclrecursive38a49417f61501b09ffb47%2F4422d65e7removeaclrecursive38a51205a83e3f0e10cc4c?resource=file",
      "RequestMethod": "PUT",
      "RequestHeaders": {
        "Accept": "application/json",
        "Authorization": "Sanitized",
        "Content-Length": "0",
        "Date": "Wed, 27 Sep 2023 21:27:28 GMT",
        "If-None-Match": "*",
        "User-Agent": "azsdk-java-azure-storage-file-datalake/12.18.0-beta.1 (17.0.8; Windows 11; 10.0)",
        "x-ms-client-request-id": "c3552e93-67f2-466f-bee3-4bcb4bc5bf75",
        "x-ms-version": "2023-08-03"
      },
      "RequestBody": null,
      "StatusCode": 201,
      "ResponseHeaders": {
        "Content-Length": "0",
        "Date": "Wed, 27 Sep 2023 21:27:27 GMT",
        "ETag": "\u00220x8DBBFA08CE93CBC\u0022",
        "Last-Modified": "Wed, 27 Sep 2023 21:27:28 GMT",
        "Server": [
          "Windows-Azure-HDFS/1.0",
          "Microsoft-HTTPAPI/2.0"
        ],
        "x-ms-client-request-id": "c3552e93-67f2-466f-bee3-4bcb4bc5bf75",
        "x-ms-request-id": "5d120e7c-201f-0030-5589-f1b343000000",
        "x-ms-request-server-encrypted": "true",
        "x-ms-version": "2023-08-03"
      },
      "ResponseBody": null
    },
    {
      "RequestUri": "https://REDACTED/4422d65e0removeaclrecursive38a048027f88e1ed05504e/4422d65e1removeaclrecursive38a49417f61501b09ffb47?action=setAccessControlRecursive\u0026mode=remove\u0026forceFlag=false",
      "RequestMethod": "PATCH",
      "RequestHeaders": {
        "Accept": "application/json",
        "Authorization": "Sanitized",
        "Content-Length": "0",
        "Date": "Wed, 27 Sep 2023 21:27:28 GMT",
        "User-Agent": "azsdk-java-azure-storage-file-datalake/12.18.0-beta.1 (17.0.8; Windows 11; 10.0)",
        "x-ms-acl": "mask:,default:user,default:group,user:ec3595d6-2c17-4696-8caa-7e139758d24a,group:ec3595d6-2c17-4696-8caa-7e139758d24a,default:user:ec3595d6-2c17-4696-8caa-7e139758d24a,default:group:ec3595d6-2c17-4696-8caa-7e139758d24a",
        "x-ms-client-request-id": "405977fc-eff1-4b40-95c6-d18cbf82f8ee",
        "x-ms-version": "2023-08-03"
      },
      "RequestBody": null,
      "StatusCode": 200,
      "ResponseHeaders": {
        "Date": "Wed, 27 Sep 2023 21:27:27 GMT",
        "Server": [
          "Windows-Azure-HDFS/1.0",
          "Microsoft-HTTPAPI/2.0"
        ],
        "Transfer-Encoding": "chunked",
        "x-ms-client-request-id": "405977fc-eff1-4b40-95c6-d18cbf82f8ee",
        "x-ms-namespace-enabled": "true",
        "x-ms-request-id": "d709694e-801f-0064-3b89-f1fc14000000",
        "x-ms-version": "2023-08-03"
      },
      "ResponseBody": "eyJkaXJlY3Rvcmllc1N1Y2Nlc3NmdWwiOjMsImZhaWxlZEVudHJpZXMiOltdLCJmYWlsdXJlQ291bnQiOjAsImZpbGVzU3VjY2Vzc2Z1bCI6NH0K"
    }
  ],
  "Variables": {
    "0": "4422d65e0removeaclrecursive38a048027f88e1ed05504e",
    "1": "4422d65e1removeaclrecursive38a49417f61501b09ffb47",
    "2": "4422d65e2removeaclrecursive38a62420b758d0c4de6242",
    "3": "4422d65e3removeaclrecursive38a458956f720e38dc3948",
    "4": "4422d65e4removeaclrecursive38a354193e2b3206ad0749",
    "5": "4422d65e5removeaclrecursive38a469161f8eecd5ffd343",
    "6": "4422d65e6removeaclrecursive38a081368a2c67b38e114c",
    "7": "4422d65e7removeaclrecursive38a51205a83e3f0e10cc4c"
  }
}
