{
  "Entries": [
    {
      "RequestUri": "https://REDACTED/761f911f0createsubdiracfailbe8826898e40f3ea23f240?restype=container",
      "RequestMethod": "PUT",
      "RequestHeaders": {
        "Accept": "application/xml",
        "Authorization": "Sanitized",
        "Content-Length": "0",
        "Date": "Fri, 17 Nov 2023 19:12:43 GMT",
        "User-Agent": "azsdk-java-azure-storage-blob/12.26.0-beta.1 azsdk-java-azure-storage-file-datalake/12.19.0-beta.1 (17.0.8; Windows 11; 10.0)",
        "x-ms-client-request-id": "9f98e7db-6955-4041-82a2-c54abaea6044",
        "x-ms-version": "2024-02-04"
      },
      "RequestBody": null,
      "StatusCode": 201,
      "ResponseHeaders": {
        "Content-Length": "0",
        "Date": "Fri, 17 Nov 2023 19:12:43 GMT",
        "ETag": "\u00220x8DBE7A12D570D29\u0022",
        "Last-Modified": "Fri, 17 Nov 2023 19:12:43 GMT",
        "Server": [
          "Windows-Azure-Blob/1.0",
          "Microsoft-HTTPAPI/2.0"
        ],
        "x-ms-client-request-id": "9f98e7db-6955-4041-82a2-c54abaea6044",
        "x-ms-request-id": "8432b5a0-a01e-0063-6f8a-199077000000",
        "x-ms-version": "2024-02-04"
      },
      "ResponseBody": null
    },
    {
      "RequestUri": "https://REDACTED/761f911f0createsubdiracfailbe8826898e40f3ea23f240/761f911f1createsubdiracfailbe8487402e70da94a2424e?resource=directory",
      "RequestMethod": "PUT",
      "RequestHeaders": {
        "Accept": "application/json",
        "Authorization": "Sanitized",
        "Content-Length": "0",
        "Date": "Fri, 17 Nov 2023 19:12:43 GMT",
        "If-None-Match": "*",
        "User-Agent": "azsdk-java-azure-storage-file-datalake/12.19.0-beta.1 (17.0.8; Windows 11; 10.0)",
        "x-ms-client-request-id": "9530a735-dc0c-40ff-bb41-85e7032b5e86",
        "x-ms-version": "2024-02-04"
      },
      "RequestBody": null,
      "StatusCode": 201,
      "ResponseHeaders": {
        "Content-Length": "0",
        "Date": "Fri, 17 Nov 2023 19:12:43 GMT",
        "ETag": "\u00220x8DBE7A12D67E98C\u0022",
        "Last-Modified": "Fri, 17 Nov 2023 19:12:44 GMT",
        "Server": [
          "Windows-Azure-HDFS/1.0",
          "Microsoft-HTTPAPI/2.0"
        ],
        "x-ms-client-request-id": "9530a735-dc0c-40ff-bb41-85e7032b5e86",
        "x-ms-request-id": "55c3b73a-c01f-0028-0c8a-196c24000000",
        "x-ms-request-server-encrypted": "true",
        "x-ms-version": "2024-02-04"
      },
      "ResponseBody": null
    },
    {
      "RequestUri": "https://REDACTED/761f911f0createsubdiracfailbe8826898e40f3ea23f240/761f911f1createsubdiracfailbe8487402e70da94a2424e%2F761f911f2createsubdiracfailbe8923743df9226fb88c44?resource=directory",
      "RequestMethod": "PUT",
      "RequestHeaders": {
        "Accept": "application/json",
        "Authorization": "Sanitized",
        "Content-Length": "0",
        "Date": "Fri, 17 Nov 2023 19:12:44 GMT",
        "If-None-Match": "*",
        "User-Agent": "azsdk-java-azure-storage-file-datalake/12.19.0-beta.1 (17.0.8; Windows 11; 10.0)",
        "x-ms-client-request-id": "fa43e7a9-fcc8-4cee-8e76-6473dab21440",
        "x-ms-version": "2024-02-04"
      },
      "RequestBody": null,
      "StatusCode": 201,
      "ResponseHeaders": {
        "Content-Length": "0",
        "Date": "Fri, 17 Nov 2023 19:12:43 GMT",
        "ETag": "\u00220x8DBE7A12D777F36\u0022",
        "Last-Modified": "Fri, 17 Nov 2023 19:12:44 GMT",
        "Server": [
          "Windows-Azure-HDFS/1.0",
          "Microsoft-HTTPAPI/2.0"
        ],
        "x-ms-client-request-id": "fa43e7a9-fcc8-4cee-8e76-6473dab21440",
        "x-ms-request-id": "55c3b745-c01f-0028-178a-196c24000000",
        "x-ms-request-server-encrypted": "true",
        "x-ms-version": "2024-02-04"
      },
      "ResponseBody": null
    },
    {
      "RequestUri": "https://REDACTED/761f911f0createsubdiracfailbe8826898e40f3ea23f240/761f911f1createsubdiracfailbe8487402e70da94a2424e%2F761f911f2createsubdiracfailbe8923743df9226fb88c44?resource=directory",
      "RequestMethod": "PUT",
      "RequestHeaders": {
        "Accept": "application/json",
        "Authorization": "Sanitized",
        "Content-Length": "0",
        "Date": "Fri, 17 Nov 2023 19:12:44 GMT",
        "If-Unmodified-Since": "Thu, 16 Nov 2023 19:12:37 GMT",
        "User-Agent": "azsdk-java-azure-storage-file-datalake/12.19.0-beta.1 (17.0.8; Windows 11; 10.0)",
        "x-ms-client-request-id": "980e8c54-c727-40d5-bcac-d8d878326b9e",
        "x-ms-version": "2024-02-04"
      },
      "RequestBody": null,
      "StatusCode": 412,
      "ResponseHeaders": {
        "Content-Length": "200",
        "Content-Type": "application/json; charset=utf-8",
        "Date": "Fri, 17 Nov 2023 19:12:43 GMT",
        "Server": [
          "Windows-Azure-HDFS/1.0",
          "Microsoft-HTTPAPI/2.0"
        ],
        "x-ms-client-request-id": "980e8c54-c727-40d5-bcac-d8d878326b9e",
        "x-ms-error-code": "ConditionNotMet",
        "x-ms-request-id": "55c3b757-c01f-0028-298a-196c24000000",
        "x-ms-version": "2024-02-04"
      },
      "ResponseBody": {
        "error": {
          "code": "ConditionNotMet",
          "message": "The condition specified using HTTP conditional header(s) is not met.\nRequestId:55c3b757-c01f-0028-298a-196c24000000\nTime:2023-11-17T19:12:44.2576285Z"
        }
      }
    }
  ],
  "Variables": {
    "0": "761f911f0createsubdiracfailbe8826898e40f3ea23f240",
    "1": "761f911f1createsubdiracfailbe8487402e70da94a2424e",
    "2": "761f911f2createsubdiracfailbe8923743df9226fb88c44"
  }
}
