{
  "Entries": [
    {
      "RequestUri": "https://REDACTED/454d61d30deletesubdirdirdoesnotexistanymore63138260fbe7ec?restype=container",
      "RequestMethod": "PUT",
      "RequestHeaders": {
        "Accept": "application/xml",
        "Authorization": "Sanitized",
        "Content-Length": "0",
        "Date": "Wed, 27 Sep 2023 21:27:22 GMT",
        "User-Agent": "azsdk-java-azure-storage-blob/12.25.0-beta.1 azsdk-java-azure-storage-file-datalake/12.18.0-beta.1 (17.0.8; Windows 11; 10.0)",
        "x-ms-client-request-id": "4593010b-d460-4b66-90bf-7e9309e9c5cf",
        "x-ms-version": "2023-08-03"
      },
      "RequestBody": null,
      "StatusCode": 201,
      "ResponseHeaders": {
        "Content-Length": "0",
        "Date": "Wed, 27 Sep 2023 21:27:21 GMT",
        "ETag": "\u00220x8DBBFA089671B96\u0022",
        "Last-Modified": "Wed, 27 Sep 2023 21:27:22 GMT",
        "Server": [
          "Windows-Azure-Blob/1.0",
          "Microsoft-HTTPAPI/2.0"
        ],
        "x-ms-client-request-id": "4593010b-d460-4b66-90bf-7e9309e9c5cf",
        "x-ms-request-id": "7a5b5f7e-701e-0012-6589-f1765c000000",
        "x-ms-version": "2023-08-03"
      },
      "ResponseBody": null
    },
    {
      "RequestUri": "https://REDACTED/454d61d30deletesubdirdirdoesnotexistanymore63138260fbe7ec/454d61d31deletesubdirdirdoesnotexistanymore63129445668a58?resource=directory",
      "RequestMethod": "PUT",
      "RequestHeaders": {
        "Accept": "application/json",
        "Authorization": "Sanitized",
        "Content-Length": "0",
        "Date": "Wed, 27 Sep 2023 21:27:22 GMT",
        "If-None-Match": "*",
        "User-Agent": "azsdk-java-azure-storage-file-datalake/12.18.0-beta.1 (17.0.8; Windows 11; 10.0)",
        "x-ms-client-request-id": "8ca36cac-d3fc-48d9-ac9d-c6788e8551f1",
        "x-ms-version": "2023-08-03"
      },
      "RequestBody": null,
      "StatusCode": 201,
      "ResponseHeaders": {
        "Content-Length": "0",
        "Date": "Wed, 27 Sep 2023 21:27:22 GMT",
        "ETag": "\u00220x8DBBFA0897DDD53\u0022",
        "Last-Modified": "Wed, 27 Sep 2023 21:27:22 GMT",
        "Server": [
          "Windows-Azure-HDFS/1.0",
          "Microsoft-HTTPAPI/2.0"
        ],
        "x-ms-client-request-id": "8ca36cac-d3fc-48d9-ac9d-c6788e8551f1",
        "x-ms-request-id": "b08c9228-f01f-00a5-1a89-f15bf6000000",
        "x-ms-request-server-encrypted": "true",
        "x-ms-version": "2023-08-03"
      },
      "ResponseBody": null
    },
    {
      "RequestUri": "https://REDACTED/454d61d30deletesubdirdirdoesnotexistanymore63138260fbe7ec/454d61d31deletesubdirdirdoesnotexistanymore63129445668a58%2F454d61d32deletesubdirdirdoesnotexistanymore63173106e21258?resource=directory",
      "RequestMethod": "PUT",
      "RequestHeaders": {
        "Accept": "application/json",
        "Authorization": "Sanitized",
        "Content-Length": "0",
        "Date": "Wed, 27 Sep 2023 21:27:22 GMT",
        "If-None-Match": "*",
        "User-Agent": "azsdk-java-azure-storage-file-datalake/12.18.0-beta.1 (17.0.8; Windows 11; 10.0)",
        "x-ms-client-request-id": "80767dbe-2c8f-4d00-8338-67f54b35ed9e",
        "x-ms-version": "2023-08-03"
      },
      "RequestBody": null,
      "StatusCode": 201,
      "ResponseHeaders": {
        "Content-Length": "0",
        "Date": "Wed, 27 Sep 2023 21:27:22 GMT",
        "ETag": "\u00220x8DBBFA0898F93D1\u0022",
        "Last-Modified": "Wed, 27 Sep 2023 21:27:22 GMT",
        "Server": [
          "Windows-Azure-HDFS/1.0",
          "Microsoft-HTTPAPI/2.0"
        ],
        "x-ms-client-request-id": "80767dbe-2c8f-4d00-8338-67f54b35ed9e",
        "x-ms-request-id": "b08c922e-f01f-00a5-1f89-f15bf6000000",
        "x-ms-request-server-encrypted": "true",
        "x-ms-version": "2023-08-03"
      },
      "ResponseBody": null
    },
    {
      "RequestUri": "https://REDACTED/454d61d30deletesubdirdirdoesnotexistanymore63138260fbe7ec/454d61d31deletesubdirdirdoesnotexistanymore63129445668a58%2F454d61d32deletesubdirdirdoesnotexistanymore63173106e21258?recursive=false",
      "RequestMethod": "DELETE",
      "RequestHeaders": {
        "Accept": "application/json",
        "Authorization": "Sanitized",
        "Content-Length": "0",
        "Date": "Wed, 27 Sep 2023 21:27:22 GMT",
        "User-Agent": "azsdk-java-azure-storage-file-datalake/12.18.0-beta.1 (17.0.8; Windows 11; 10.0)",
        "x-ms-client-request-id": "db22d67a-f916-441e-98d4-da9e7794587b",
        "x-ms-version": "2023-08-03"
      },
      "RequestBody": null,
      "StatusCode": 200,
      "ResponseHeaders": {
        "Content-Length": "0",
        "Date": "Wed, 27 Sep 2023 21:27:22 GMT",
        "Server": [
          "Windows-Azure-HDFS/1.0",
          "Microsoft-HTTPAPI/2.0"
        ],
        "x-ms-client-request-id": "db22d67a-f916-441e-98d4-da9e7794587b",
        "x-ms-delete-type-permanent": "false",
        "x-ms-deletion-id": "133403236427806115",
        "x-ms-request-id": "b08c9237-f01f-00a5-2889-f15bf6000000",
        "x-ms-version": "2023-08-03"
      },
      "ResponseBody": null
    },
    {
      "RequestUri": "https://REDACTED/454d61d30deletesubdirdirdoesnotexistanymore63138260fbe7ec/454d61d31deletesubdirdirdoesnotexistanymore63129445668a58%2F454d61d32deletesubdirdirdoesnotexistanymore63173106e21258",
      "RequestMethod": "HEAD",
      "RequestHeaders": {
        "Accept": "application/xml",
        "Authorization": "Sanitized",
        "Content-Length": "0",
        "Date": "Wed, 27 Sep 2023 21:27:22 GMT",
        "User-Agent": "azsdk-java-azure-storage-file-datalake/12.18.0-beta.1 (17.0.8; Windows 11; 10.0)",
        "x-ms-client-request-id": "4abc6e96-4544-46de-9d1e-eae1d9545970",
        "x-ms-version": "2023-08-03"
      },
      "RequestBody": null,
      "StatusCode": 404,
      "ResponseHeaders": {
        "Date": "Wed, 27 Sep 2023 21:27:22 GMT",
        "Server": [
          "Windows-Azure-Blob/1.0",
          "Microsoft-HTTPAPI/2.0"
        ],
        "Transfer-Encoding": "chunked",
        "x-ms-client-request-id": "4abc6e96-4544-46de-9d1e-eae1d9545970",
        "x-ms-error-code": "BlobNotFound",
        "x-ms-request-id": "7a5b608f-701e-0012-5589-f1765c000000",
        "x-ms-version": "2023-08-03"
      },
      "ResponseBody": null
    }
  ],
  "Variables": {
    "0": "454d61d30deletesubdirdirdoesnotexistanymore63138260fbe7ec",
    "1": "454d61d31deletesubdirdirdoesnotexistanymore63129445668a58",
    "2": "454d61d32deletesubdirdirdoesnotexistanymore63173106e21258"
  }
}
