{
  "Entries": [
    {
      "RequestUri": "https://REDACTED/12cbcd960setpermissionsaceb096844d0033c8988d7462?restype=container",
      "RequestMethod": "PUT",
      "RequestHeaders": {
        "Accept": "application/xml",
        "Authorization": "Sanitized",
        "Content-Length": "0",
        "Date": "Thu, 27 Jul 2023 14:37:46 GMT",
        "User-Agent": "azsdk-java-azure-storage-blob/12.24.0-beta.1 azsdk-java-azure-storage-file-datalake/12.17.0-beta.1 (17.0.7; Windows 11; 10.0)",
        "x-ms-client-request-id": "f548a478-6243-4165-adb4-d980add1cd31",
        "x-ms-version": "2023-01-03"
      },
      "RequestBody": null,
      "StatusCode": 201,
      "ResponseHeaders": {
        "Content-Length": "0",
        "Date": "Thu, 27 Jul 2023 14:37:46 GMT",
        "ETag": "\u00220x8DB8EAF0BAA20B1\u0022",
        "Last-Modified": "Thu, 27 Jul 2023 14:37:46 GMT",
        "Server": [
          "Windows-Azure-Blob/1.0",
          "Microsoft-HTTPAPI/2.0"
        ],
        "x-ms-client-request-id": "f548a478-6243-4165-adb4-d980add1cd31",
        "x-ms-request-id": "9151b09d-601e-0081-1197-c03158000000",
        "x-ms-version": "2023-01-03"
      },
      "ResponseBody": null
    },
    {
      "RequestUri": "https://REDACTED/12cbcd960setpermissionsaceb096844d0033c8988d7462/12cbcd961setpermissionsaceb0755849bb34e85c97544e?resource=directory",
      "RequestMethod": "PUT",
      "RequestHeaders": {
        "Accept": "application/json",
        "Authorization": "Sanitized",
        "Content-Length": "0",
        "Date": "Thu, 27 Jul 2023 14:37:46 GMT",
        "If-None-Match": "*",
        "User-Agent": "azsdk-java-azure-storage-file-datalake/12.17.0-beta.1 (17.0.7; Windows 11; 10.0)",
        "x-ms-client-request-id": "b51c4e46-713e-4dcd-82c7-d5ef037f59ab",
        "x-ms-version": "2023-01-03"
      },
      "RequestBody": null,
      "StatusCode": 201,
      "ResponseHeaders": {
        "Content-Length": "0",
        "Date": "Thu, 27 Jul 2023 14:37:46 GMT",
        "ETag": "\u00220x8DB8EAF0BB235F1\u0022",
        "Last-Modified": "Thu, 27 Jul 2023 14:37:46 GMT",
        "Server": [
          "Windows-Azure-HDFS/1.0",
          "Microsoft-HTTPAPI/2.0"
        ],
        "x-ms-client-request-id": "b51c4e46-713e-4dcd-82c7-d5ef037f59ab",
        "x-ms-request-id": "e5bd5506-801f-0020-1497-c0ea25000000",
        "x-ms-request-server-encrypted": "true",
        "x-ms-version": "2023-01-03"
      },
      "ResponseBody": null
    },
    {
      "RequestUri": "https://REDACTED/12cbcd960setpermissionsaceb096844d0033c8988d7462/12cbcd961setpermissionsaceb0755849bb34e85c97544e?action=setAccessControl",
      "RequestMethod": "PATCH",
      "RequestHeaders": {
        "Accept": "application/json",
        "Authorization": "Sanitized",
        "Content-Length": "0",
        "Date": "Thu, 27 Jul 2023 14:37:46 GMT",
        "If-Unmodified-Since": "Fri, 28 Jul 2023 14:37:07 GMT",
        "User-Agent": "azsdk-java-azure-storage-file-datalake/12.17.0-beta.1 (17.0.7; Windows 11; 10.0)",
        "x-ms-client-request-id": "2c2dafea-5045-45c3-bada-c0ff3160ff51",
        "x-ms-permissions": "0754",
        "x-ms-version": "2023-01-03"
      },
      "RequestBody": null,
      "StatusCode": 200,
      "ResponseHeaders": {
        "Content-Length": "0",
        "Date": "Thu, 27 Jul 2023 14:37:46 GMT",
        "ETag": "\u00220x8DB8EAF0BB235F1\u0022",
        "Last-Modified": "Thu, 27 Jul 2023 14:37:46 GMT",
        "Server": [
          "Windows-Azure-HDFS/1.0",
          "Microsoft-HTTPAPI/2.0"
        ],
        "x-ms-client-request-id": "2c2dafea-5045-45c3-bada-c0ff3160ff51",
        "x-ms-namespace-enabled": "true",
        "x-ms-request-id": "960a30da-501f-009a-4297-c00f5b000000",
        "x-ms-version": "2023-01-03"
      },
      "ResponseBody": null
    }
  ],
  "Variables": {
    "0": "12cbcd960setpermissionsaceb096844d0033c8988d7462",
    "1": "12cbcd961setpermissionsaceb0755849bb34e85c97544e"
  }
}
