{
  "Entries": [
    {
      "RequestUri": "https://REDACTED/8e05886a0deleteifexistsac42f8559198b0e701f9cf435?restype=container",
      "RequestMethod": "PUT",
      "RequestHeaders": {
        "Accept": "application/xml",
        "Authorization": "Sanitized",
        "Content-Length": "0",
        "Date": "Tue, 12 Mar 2024 20:35:44 GMT",
        "User-Agent": "azsdk-java-azure-storage-blob/12.26.0-beta.1 azsdk-java-azure-storage-file-datalake/12.19.0-beta.1 (17.0.8; Windows 11; 10.0)",
        "x-ms-client-request-id": "ced9dfc5-dc0f-4f04-a58c-755ffe7e128f",
        "x-ms-version": "2024-02-04"
      },
      "RequestBody": null,
      "StatusCode": 201,
      "ResponseHeaders": {
        "Content-Length": "0",
        "Date": "Tue, 12 Mar 2024 20:35:43 GMT",
        "ETag": "\u00220x8DC42D3FDD227B9\u0022",
        "Last-Modified": "Tue, 12 Mar 2024 20:35:44 GMT",
        "Server": [
          "Windows-Azure-Blob/1.0",
          "Microsoft-HTTPAPI/2.0"
        ],
        "x-ms-client-request-id": "ced9dfc5-dc0f-4f04-a58c-755ffe7e128f",
        "x-ms-request-id": "07592b52-e01e-00a9-4dbc-74ccfe000000",
        "x-ms-version": "2024-02-04"
      },
      "ResponseBody": null
    },
    {
      "RequestUri": "https://REDACTED/8e05886a0deleteifexistsac42f8559198b0e701f9cf435/8e05886a1deleteifexistsac42f08891f307652db59a4d6?resource=directory",
      "RequestMethod": "PUT",
      "RequestHeaders": {
        "Accept": "application/json",
        "Authorization": "Sanitized",
        "Content-Length": "0",
        "Date": "Tue, 12 Mar 2024 20:35:44 GMT",
        "If-None-Match": "*",
        "User-Agent": "azsdk-java-azure-storage-file-datalake/12.19.0-beta.1 (17.0.8; Windows 11; 10.0)",
        "x-ms-client-request-id": "90bce9a3-f51f-49cf-9605-9b1bb1fe8dce",
        "x-ms-version": "2024-02-04"
      },
      "RequestBody": null,
      "StatusCode": 201,
      "ResponseHeaders": {
        "Content-Length": "0",
        "Date": "Tue, 12 Mar 2024 20:35:44 GMT",
        "ETag": "\u00220x8DC42D3FDE5592A\u0022",
        "Last-Modified": "Tue, 12 Mar 2024 20:35:44 GMT",
        "Server": [
          "Windows-Azure-HDFS/1.0",
          "Microsoft-HTTPAPI/2.0"
        ],
        "x-ms-client-request-id": "90bce9a3-f51f-49cf-9605-9b1bb1fe8dce",
        "x-ms-request-id": "993cd09f-b01f-00b4-0cbc-74c142000000",
        "x-ms-request-server-encrypted": "true",
        "x-ms-version": "2024-02-04"
      },
      "ResponseBody": null
    },
    {
      "RequestUri": "https://REDACTED/8e05886a0deleteifexistsac42f8559198b0e701f9cf435/8e05886a1deleteifexistsac42f08891f307652db59a4d6?recursive=false",
      "RequestMethod": "DELETE",
      "RequestHeaders": {
        "Accept": "application/json",
        "Authorization": "Sanitized",
        "Content-Length": "0",
        "Date": "Tue, 12 Mar 2024 20:35:44 GMT",
        "If-None-Match": "garbage",
        "User-Agent": "azsdk-java-azure-storage-file-datalake/12.19.0-beta.1 (17.0.8; Windows 11; 10.0)",
        "x-ms-client-request-id": "3bdddc33-642c-4b4f-b7af-8ed7e4df402e",
        "x-ms-version": "2024-02-04"
      },
      "RequestBody": null,
      "StatusCode": 200,
      "ResponseHeaders": {
        "Content-Length": "0",
        "Date": "Tue, 12 Mar 2024 20:35:44 GMT",
        "Server": [
          "Windows-Azure-HDFS/1.0",
          "Microsoft-HTTPAPI/2.0"
        ],
        "x-ms-client-request-id": "3bdddc33-642c-4b4f-b7af-8ed7e4df402e",
        "x-ms-delete-type-permanent": "false",
        "x-ms-deletion-id": "133547493445998726",
        "x-ms-request-id": "4320c234-601f-00ea-2dbc-742aa2000000",
        "x-ms-version": "2024-02-04"
      },
      "ResponseBody": null
    }
  ],
  "Variables": {
    "0": "8e05886a0deleteifexistsac42f8559198b0e701f9cf435",
    "1": "8e05886a1deleteifexistsac42f08891f307652db59a4d6"
  }
}
