{
  "Entries": [
    {
      "RequestUri": "https://REDACTED/2b6302ea0listpathsrecursive1bf27089d44a868a4d814a?restype=container",
      "RequestMethod": "PUT",
      "RequestHeaders": {
        "Accept": "application/xml",
        "Authorization": "Sanitized",
        "Content-Length": "0",
        "Date": "Wed, 26 Jul 2023 19:31:53 GMT",
        "User-Agent": "azsdk-java-azure-storage-blob/12.24.0-beta.1 azsdk-java-azure-storage-file-datalake/12.17.0-beta.1 (17.0.7; Windows 11; 10.0)",
        "x-ms-client-request-id": "1b5c945f-97e5-4860-8339-e145524d3675",
        "x-ms-version": "2023-01-03"
      },
      "RequestBody": null,
      "StatusCode": 201,
      "ResponseHeaders": {
        "Content-Length": "0",
        "Date": "Wed, 26 Jul 2023 19:31:53 GMT",
        "ETag": "\u00220x8DB8E0EF7B6B69D\u0022",
        "Last-Modified": "Wed, 26 Jul 2023 19:31:53 GMT",
        "Server": [
          "Windows-Azure-Blob/1.0",
          "Microsoft-HTTPAPI/2.0"
        ],
        "x-ms-client-request-id": "1b5c945f-97e5-4860-8339-e145524d3675",
        "x-ms-request-id": "e2f5a547-f01e-003a-30f7-bf8bfa000000",
        "x-ms-version": "2023-01-03"
      },
      "ResponseBody": null
    },
    {
      "RequestUri": "https://REDACTED/2b6302ea0listpathsrecursive1bf27089d44a868a4d814a/2b6302ea1listpathsrecursive1bf15888c192b9f4a91240?resource=directory",
      "RequestMethod": "PUT",
      "RequestHeaders": {
        "Accept": "application/json",
        "Authorization": "Sanitized",
        "Content-Length": "0",
        "Date": "Wed, 26 Jul 2023 19:31:53 GMT",
        "If-None-Match": "*",
        "User-Agent": "azsdk-java-azure-storage-file-datalake/12.17.0-beta.1 (17.0.7; Windows 11; 10.0)",
        "x-ms-client-request-id": "2debc0b5-e0d1-4f55-a12c-703fc8286a5f",
        "x-ms-version": "2023-01-03"
      },
      "RequestBody": null,
      "StatusCode": 201,
      "ResponseHeaders": {
        "Content-Length": "0",
        "Date": "Wed, 26 Jul 2023 19:31:53 GMT",
        "ETag": "\u00220x8DB8E0EF7BF5E2A\u0022",
        "Last-Modified": "Wed, 26 Jul 2023 19:31:54 GMT",
        "Server": [
          "Windows-Azure-HDFS/1.0",
          "Microsoft-HTTPAPI/2.0"
        ],
        "x-ms-client-request-id": "2debc0b5-e0d1-4f55-a12c-703fc8286a5f",
        "x-ms-request-id": "01b93381-101f-008b-22f7-bf95ef000000",
        "x-ms-request-server-encrypted": "true",
        "x-ms-version": "2023-01-03"
      },
      "ResponseBody": null
    },
    {
      "RequestUri": "https://REDACTED/2b6302ea0listpathsrecursive1bf27089d44a868a4d814a/2b6302ea2listpathsrecursive1bf2467441828c13b98f45?resource=directory",
      "RequestMethod": "PUT",
      "RequestHeaders": {
        "Accept": "application/json",
        "Authorization": "Sanitized",
        "Content-Length": "0",
        "Date": "Wed, 26 Jul 2023 19:31:54 GMT",
        "If-None-Match": "*",
        "User-Agent": "azsdk-java-azure-storage-file-datalake/12.17.0-beta.1 (17.0.7; Windows 11; 10.0)",
        "x-ms-client-request-id": "3e176251-d7c6-4e41-a5e4-8a507a1a6af9",
        "x-ms-version": "2023-01-03"
      },
      "RequestBody": null,
      "StatusCode": 201,
      "ResponseHeaders": {
        "Content-Length": "0",
        "Date": "Wed, 26 Jul 2023 19:31:53 GMT",
        "ETag": "\u00220x8DB8E0EF7C40845\u0022",
        "Last-Modified": "Wed, 26 Jul 2023 19:31:54 GMT",
        "Server": [
          "Windows-Azure-HDFS/1.0",
          "Microsoft-HTTPAPI/2.0"
        ],
        "x-ms-client-request-id": "3e176251-d7c6-4e41-a5e4-8a507a1a6af9",
        "x-ms-request-id": "01b9338c-101f-008b-2df7-bf95ef000000",
        "x-ms-request-server-encrypted": "true",
        "x-ms-version": "2023-01-03"
      },
      "ResponseBody": null
    },
    {
      "RequestUri": "https://REDACTED/2b6302ea0listpathsrecursive1bf27089d44a868a4d814a/2b6302ea2listpathsrecursive1bf2467441828c13b98f45%2Ffoo?resource=directory",
      "RequestMethod": "PUT",
      "RequestHeaders": {
        "Accept": "application/json",
        "Authorization": "Sanitized",
        "Content-Length": "0",
        "Date": "Wed, 26 Jul 2023 19:31:54 GMT",
        "If-None-Match": "*",
        "User-Agent": "azsdk-java-azure-storage-file-datalake/12.17.0-beta.1 (17.0.7; Windows 11; 10.0)",
        "x-ms-client-request-id": "8b62e426-dde4-4de7-9fe2-5bf63c3c6933",
        "x-ms-version": "2023-01-03"
      },
      "RequestBody": null,
      "StatusCode": 201,
      "ResponseHeaders": {
        "Content-Length": "0",
        "Date": "Wed, 26 Jul 2023 19:31:53 GMT",
        "ETag": "\u00220x8DB8E0EF7C977E3\u0022",
        "Last-Modified": "Wed, 26 Jul 2023 19:31:54 GMT",
        "Server": [
          "Windows-Azure-HDFS/1.0",
          "Microsoft-HTTPAPI/2.0"
        ],
        "x-ms-client-request-id": "8b62e426-dde4-4de7-9fe2-5bf63c3c6933",
        "x-ms-request-id": "01b93393-101f-008b-34f7-bf95ef000000",
        "x-ms-request-server-encrypted": "true",
        "x-ms-version": "2023-01-03"
      },
      "ResponseBody": null
    },
    {
      "RequestUri": "https://REDACTED/2b6302ea0listpathsrecursive1bf27089d44a868a4d814a/2b6302ea2listpathsrecursive1bf2467441828c13b98f45%2Fbar?resource=directory",
      "RequestMethod": "PUT",
      "RequestHeaders": {
        "Accept": "application/json",
        "Authorization": "Sanitized",
        "Content-Length": "0",
        "Date": "Wed, 26 Jul 2023 19:31:54 GMT",
        "If-None-Match": "*",
        "User-Agent": "azsdk-java-azure-storage-file-datalake/12.17.0-beta.1 (17.0.7; Windows 11; 10.0)",
        "x-ms-client-request-id": "df7d4ddc-09a5-4dce-bcce-05f470821c8a",
        "x-ms-version": "2023-01-03"
      },
      "RequestBody": null,
      "StatusCode": 201,
      "ResponseHeaders": {
        "Content-Length": "0",
        "Date": "Wed, 26 Jul 2023 19:31:53 GMT",
        "ETag": "\u00220x8DB8E0EF7CF7FBB\u0022",
        "Last-Modified": "Wed, 26 Jul 2023 19:31:54 GMT",
        "Server": [
          "Windows-Azure-HDFS/1.0",
          "Microsoft-HTTPAPI/2.0"
        ],
        "x-ms-client-request-id": "df7d4ddc-09a5-4dce-bcce-05f470821c8a",
        "x-ms-request-id": "3400d462-401f-0000-1df7-bf9182000000",
        "x-ms-request-server-encrypted": "true",
        "x-ms-version": "2023-01-03"
      },
      "ResponseBody": null
    },
    {
      "RequestUri": "https://REDACTED/2b6302ea0listpathsrecursive1bf27089d44a868a4d814a/2b6302ea2listpathsrecursive1bf2467441828c13b98f45%2Fbaz?resource=directory",
      "RequestMethod": "PUT",
      "RequestHeaders": {
        "Accept": "application/json",
        "Authorization": "Sanitized",
        "Content-Length": "0",
        "Date": "Wed, 26 Jul 2023 19:31:54 GMT",
        "If-None-Match": "*",
        "User-Agent": "azsdk-java-azure-storage-file-datalake/12.17.0-beta.1 (17.0.7; Windows 11; 10.0)",
        "x-ms-client-request-id": "f8a42f59-ab49-4c27-ab38-56d67fd0a818",
        "x-ms-version": "2023-01-03"
      },
      "RequestBody": null,
      "StatusCode": 201,
      "ResponseHeaders": {
        "Content-Length": "0",
        "Date": "Wed, 26 Jul 2023 19:31:53 GMT",
        "ETag": "\u00220x8DB8E0EF7D44C39\u0022",
        "Last-Modified": "Wed, 26 Jul 2023 19:31:54 GMT",
        "Server": [
          "Windows-Azure-HDFS/1.0",
          "Microsoft-HTTPAPI/2.0"
        ],
        "x-ms-client-request-id": "f8a42f59-ab49-4c27-ab38-56d67fd0a818",
        "x-ms-request-id": "c7533102-c01f-0053-11f7-bfb2b6000000",
        "x-ms-request-server-encrypted": "true",
        "x-ms-version": "2023-01-03"
      },
      "ResponseBody": null
    },
    {
      "RequestUri": "https://REDACTED/2b6302ea0listpathsrecursive1bf27089d44a868a4d814a/2b6302ea2listpathsrecursive1bf2467441828c13b98f45%2Ffoo%2Ffoo?resource=directory",
      "RequestMethod": "PUT",
      "RequestHeaders": {
        "Accept": "application/json",
        "Authorization": "Sanitized",
        "Content-Length": "0",
        "Date": "Wed, 26 Jul 2023 19:31:54 GMT",
        "If-None-Match": "*",
        "User-Agent": "azsdk-java-azure-storage-file-datalake/12.17.0-beta.1 (17.0.7; Windows 11; 10.0)",
        "x-ms-client-request-id": "4ceea2b2-367f-47b4-a6f0-26fd8848b2bf",
        "x-ms-version": "2023-01-03"
      },
      "RequestBody": null,
      "StatusCode": 201,
      "ResponseHeaders": {
        "Content-Length": "0",
        "Date": "Wed, 26 Jul 2023 19:31:53 GMT",
        "ETag": "\u00220x8DB8E0EF7DA1AFB\u0022",
        "Last-Modified": "Wed, 26 Jul 2023 19:31:54 GMT",
        "Server": [
          "Windows-Azure-HDFS/1.0",
          "Microsoft-HTTPAPI/2.0"
        ],
        "x-ms-client-request-id": "4ceea2b2-367f-47b4-a6f0-26fd8848b2bf",
        "x-ms-request-id": "c753310c-c01f-0053-1bf7-bfb2b6000000",
        "x-ms-request-server-encrypted": "true",
        "x-ms-version": "2023-01-03"
      },
      "ResponseBody": null
    },
    {
      "RequestUri": "https://REDACTED/2b6302ea0listpathsrecursive1bf27089d44a868a4d814a/2b6302ea2listpathsrecursive1bf2467441828c13b98f45%2Ffoo%2Fbar?resource=directory",
      "RequestMethod": "PUT",
      "RequestHeaders": {
        "Accept": "application/json",
        "Authorization": "Sanitized",
        "Content-Length": "0",
        "Date": "Wed, 26 Jul 2023 19:31:54 GMT",
        "If-None-Match": "*",
        "User-Agent": "azsdk-java-azure-storage-file-datalake/12.17.0-beta.1 (17.0.7; Windows 11; 10.0)",
        "x-ms-client-request-id": "32186115-a7e7-4a9c-8f4b-41d6c882583e",
        "x-ms-version": "2023-01-03"
      },
      "RequestBody": null,
      "StatusCode": 201,
      "ResponseHeaders": {
        "Content-Length": "0",
        "Date": "Wed, 26 Jul 2023 19:31:53 GMT",
        "ETag": "\u00220x8DB8E0EF7DEE2A4\u0022",
        "Last-Modified": "Wed, 26 Jul 2023 19:31:54 GMT",
        "Server": [
          "Windows-Azure-HDFS/1.0",
          "Microsoft-HTTPAPI/2.0"
        ],
        "x-ms-client-request-id": "32186115-a7e7-4a9c-8f4b-41d6c882583e",
        "x-ms-request-id": "f0c93ffa-201f-0064-1af7-bf601a000000",
        "x-ms-request-server-encrypted": "true",
        "x-ms-version": "2023-01-03"
      },
      "ResponseBody": null
    },
    {
      "RequestUri": "https://REDACTED/2b6302ea0listpathsrecursive1bf27089d44a868a4d814a/2b6302ea2listpathsrecursive1bf2467441828c13b98f45%2Fbaz%2Ffoo?resource=directory",
      "RequestMethod": "PUT",
      "RequestHeaders": {
        "Accept": "application/json",
        "Authorization": "Sanitized",
        "Content-Length": "0",
        "Date": "Wed, 26 Jul 2023 19:31:54 GMT",
        "If-None-Match": "*",
        "User-Agent": "azsdk-java-azure-storage-file-datalake/12.17.0-beta.1 (17.0.7; Windows 11; 10.0)",
        "x-ms-client-request-id": "542346af-d2f3-4736-b76f-55feba58949b",
        "x-ms-version": "2023-01-03"
      },
      "RequestBody": null,
      "StatusCode": 201,
      "ResponseHeaders": {
        "Content-Length": "0",
        "Date": "Wed, 26 Jul 2023 19:31:53 GMT",
        "ETag": "\u00220x8DB8E0EF7E4142F\u0022",
        "Last-Modified": "Wed, 26 Jul 2023 19:31:54 GMT",
        "Server": [
          "Windows-Azure-HDFS/1.0",
          "Microsoft-HTTPAPI/2.0"
        ],
        "x-ms-client-request-id": "542346af-d2f3-4736-b76f-55feba58949b",
        "x-ms-request-id": "f0c94001-201f-0064-21f7-bf601a000000",
        "x-ms-request-server-encrypted": "true",
        "x-ms-version": "2023-01-03"
      },
      "ResponseBody": null
    },
    {
      "RequestUri": "https://REDACTED/2b6302ea0listpathsrecursive1bf27089d44a868a4d814a/2b6302ea2listpathsrecursive1bf2467441828c13b98f45%2Fbaz%2Ffoo%2Fbar?resource=directory",
      "RequestMethod": "PUT",
      "RequestHeaders": {
        "Accept": "application/json",
        "Authorization": "Sanitized",
        "Content-Length": "0",
        "Date": "Wed, 26 Jul 2023 19:31:54 GMT",
        "If-None-Match": "*",
        "User-Agent": "azsdk-java-azure-storage-file-datalake/12.17.0-beta.1 (17.0.7; Windows 11; 10.0)",
        "x-ms-client-request-id": "2c858731-cdaf-4855-9794-b964e20c9673",
        "x-ms-version": "2023-01-03"
      },
      "RequestBody": null,
      "StatusCode": 201,
      "ResponseHeaders": {
        "Content-Length": "0",
        "Date": "Wed, 26 Jul 2023 19:31:53 GMT",
        "ETag": "\u00220x8DB8E0EF7E99D48\u0022",
        "Last-Modified": "Wed, 26 Jul 2023 19:31:54 GMT",
        "Server": [
          "Windows-Azure-HDFS/1.0",
          "Microsoft-HTTPAPI/2.0"
        ],
        "x-ms-client-request-id": "2c858731-cdaf-4855-9794-b964e20c9673",
        "x-ms-request-id": "f0c94008-201f-0064-28f7-bf601a000000",
        "x-ms-request-server-encrypted": "true",
        "x-ms-version": "2023-01-03"
      },
      "ResponseBody": null
    },
    {
      "RequestUri": "https://REDACTED/2b6302ea0listpathsrecursive1bf27089d44a868a4d814a/2b6302ea2listpathsrecursive1bf2467441828c13b98f45%2Fbaz%2Fbar%2Ffoo?resource=directory",
      "RequestMethod": "PUT",
      "RequestHeaders": {
        "Accept": "application/json",
        "Authorization": "Sanitized",
        "Content-Length": "0",
        "Date": "Wed, 26 Jul 2023 19:31:54 GMT",
        "If-None-Match": "*",
        "User-Agent": "azsdk-java-azure-storage-file-datalake/12.17.0-beta.1 (17.0.7; Windows 11; 10.0)",
        "x-ms-client-request-id": "f05623be-ae0f-4b05-8c8f-92f99c9a7782",
        "x-ms-version": "2023-01-03"
      },
      "RequestBody": null,
      "StatusCode": 201,
      "ResponseHeaders": {
        "Content-Length": "0",
        "Date": "Wed, 26 Jul 2023 19:31:53 GMT",
        "ETag": "\u00220x8DB8E0EF7F36FB5\u0022",
        "Last-Modified": "Wed, 26 Jul 2023 19:31:54 GMT",
        "Server": [
          "Windows-Azure-HDFS/1.0",
          "Microsoft-HTTPAPI/2.0"
        ],
        "x-ms-client-request-id": "f05623be-ae0f-4b05-8c8f-92f99c9a7782",
        "x-ms-request-id": "f0c94012-201f-0064-32f7-bf601a000000",
        "x-ms-request-server-encrypted": "true",
        "x-ms-version": "2023-01-03"
      },
      "ResponseBody": null
    },
    {
      "RequestUri": "https://REDACTED/2b6302ea0listpathsrecursive1bf27089d44a868a4d814a?resource=filesystem\u0026directory=2b6302ea2listpathsrecursive1bf2467441828c13b98f45\u0026recursive=true\u0026upn=false",
      "RequestMethod": "GET",
      "RequestHeaders": {
        "Accept": "application/json",
        "Authorization": "Sanitized",
        "Content-Length": "0",
        "Date": "Wed, 26 Jul 2023 19:31:54 GMT",
        "User-Agent": "azsdk-java-azure-storage-file-datalake/12.17.0-beta.1 (17.0.7; Windows 11; 10.0)",
        "x-ms-client-request-id": "86320b24-994c-4bc9-99ca-fa3d7cf31964",
        "x-ms-version": "2023-01-03"
      },
      "RequestBody": null,
      "StatusCode": 200,
      "ResponseHeaders": {
        "Content-Type": "application/json; charset=utf-8",
        "Date": "Wed, 26 Jul 2023 19:31:53 GMT",
        "Server": [
          "Windows-Azure-HDFS/1.0",
          "Microsoft-HTTPAPI/2.0"
        ],
        "Transfer-Encoding": "chunked",
        "Vary": "Origin",
        "x-ms-client-request-id": "86320b24-994c-4bc9-99ca-fa3d7cf31964",
        "x-ms-request-id": "c0292927-c01f-0098-60f7-bfb1e3000000",
        "x-ms-version": "2023-01-03"
      },
      "ResponseBody": {
        "paths": [
          {
            "contentLength": "0",
            "creationTime": "133348735141314491",
            "etag": "0x8DB8E0EF7CF7FBB",
            "expiryTime": "0",
            "group": "$superuser",
            "isDirectory": "true",
            "lastModified": "Wed, 26 Jul 2023 19:31:54 GMT",
            "name": "2b6302ea2listpathsrecursive1bf2467441828c13b98f45/bar",
            "owner": "$superuser",
            "permissions": "rwxr-x---"
          },
          {
            "contentLength": "0",
            "creationTime": "133348735141628985",
            "etag": "0x8DB8E0EF7D44C39",
            "expiryTime": "0",
            "group": "$superuser",
            "isDirectory": "true",
            "lastModified": "Wed, 26 Jul 2023 19:31:54 GMT",
            "name": "2b6302ea2listpathsrecursive1bf2467441828c13b98f45/baz",
            "owner": "$superuser",
            "permissions": "rwxr-x---"
          },
          {
            "contentLength": "0",
            "creationTime": "133348735143434126",
            "etag": "0x8DB8E0EF7EFD867",
            "expiryTime": "0",
            "group": "$superuser",
            "isDirectory": "true",
            "lastModified": "Wed, 26 Jul 2023 19:31:54 GMT",
            "name": "2b6302ea2listpathsrecursive1bf2467441828c13b98f45/baz/bar",
            "owner": "$superuser",
            "permissions": "rwxr-x---"
          },
          {
            "contentLength": "0",
            "creationTime": "133348735143669685",
            "etag": "0x8DB8E0EF7F36FB5",
            "expiryTime": "0",
            "group": "$superuser",
            "isDirectory": "true",
            "lastModified": "Wed, 26 Jul 2023 19:31:54 GMT",
            "name": "2b6302ea2listpathsrecursive1bf2467441828c13b98f45/baz/bar/foo",
            "owner": "$superuser",
            "permissions": "rwxr-x---"
          },
          {
            "contentLength": "0",
            "creationTime": "133348735142663215",
            "etag": "0x8DB8E0EF7E4142F",
            "expiryTime": "0",
            "group": "$superuser",
            "isDirectory": "true",
            "lastModified": "Wed, 26 Jul 2023 19:31:54 GMT",
            "name": "2b6302ea2listpathsrecursive1bf2467441828c13b98f45/baz/foo",
            "owner": "$superuser",
            "permissions": "rwxr-x---"
          },
          {
            "contentLength": "0",
            "creationTime": "133348735143025992",
            "etag": "0x8DB8E0EF7E99D48",
            "expiryTime": "0",
            "group": "$superuser",
            "isDirectory": "true",
            "lastModified": "Wed, 26 Jul 2023 19:31:54 GMT",
            "name": "2b6302ea2listpathsrecursive1bf2467441828c13b98f45/baz/foo/bar",
            "owner": "$superuser",
            "permissions": "rwxr-x---"
          },
          {
            "contentLength": "0",
            "creationTime": "133348735140919267",
            "etag": "0x8DB8E0EF7C977E3",
            "expiryTime": "0",
            "group": "$superuser",
            "isDirectory": "true",
            "lastModified": "Wed, 26 Jul 2023 19:31:54 GMT",
            "name": "2b6302ea2listpathsrecursive1bf2467441828c13b98f45/foo",
            "owner": "$superuser",
            "permissions": "rwxr-x---"
          },
          {
            "contentLength": "0",
            "creationTime": "133348735142322852",
            "etag": "0x8DB8E0EF7DEE2A4",
            "expiryTime": "0",
            "group": "$superuser",
            "isDirectory": "true",
            "lastModified": "Wed, 26 Jul 2023 19:31:54 GMT",
            "name": "2b6302ea2listpathsrecursive1bf2467441828c13b98f45/foo/bar",
            "owner": "$superuser",
            "permissions": "rwxr-x---"
          },
          {
            "contentLength": "0",
            "creationTime": "133348735142009595",
            "etag": "0x8DB8E0EF7DA1AFB",
            "expiryTime": "0",
            "group": "$superuser",
            "isDirectory": "true",
            "lastModified": "Wed, 26 Jul 2023 19:31:54 GMT",
            "name": "2b6302ea2listpathsrecursive1bf2467441828c13b98f45/foo/foo",
            "owner": "$superuser",
            "permissions": "rwxr-x---"
          }
        ]
      }
    }
  ],
  "Variables": {
    "0": "2b6302ea0listpathsrecursive1bf27089d44a868a4d814a",
    "1": "2b6302ea1listpathsrecursive1bf15888c192b9f4a91240",
    "2": "2b6302ea2listpathsrecursive1bf2467441828c13b98f45"
  }
}
