{
  "Entries": [
    {
      "RequestUri": "https://REDACTED/08f70b650setaclacfail78b80921933133607a7d44ca8?restype=container",
      "RequestMethod": "PUT",
      "RequestHeaders": {
        "Accept": "application/xml",
        "Authorization": "Sanitized",
        "Content-Length": "0",
        "Date": "Wed, 26 Jul 2023 19:31:49 GMT",
        "User-Agent": "azsdk-java-azure-storage-blob/12.24.0-beta.1 azsdk-java-azure-storage-file-datalake/12.17.0-beta.1 (17.0.7; Windows 11; 10.0)",
        "x-ms-client-request-id": "9217dd0a-57d3-4bdd-9554-4b5e4914a7a6",
        "x-ms-version": "2023-01-03"
      },
      "RequestBody": null,
      "StatusCode": 201,
      "ResponseHeaders": {
        "Content-Length": "0",
        "Date": "Wed, 26 Jul 2023 19:31:49 GMT",
        "ETag": "\u00220x8DB8E0EF527524E\u0022",
        "Last-Modified": "Wed, 26 Jul 2023 19:31:49 GMT",
        "Server": [
          "Windows-Azure-Blob/1.0",
          "Microsoft-HTTPAPI/2.0"
        ],
        "x-ms-client-request-id": "9217dd0a-57d3-4bdd-9554-4b5e4914a7a6",
        "x-ms-request-id": "99276f4b-a01e-0037-33f7-bf432e000000",
        "x-ms-version": "2023-01-03"
      },
      "ResponseBody": null
    },
    {
      "RequestUri": "https://REDACTED/08f70b650setaclacfail78b80921933133607a7d44ca8/08f70b651setaclacfail78b876087a60ab6c11664369b?resource=directory",
      "RequestMethod": "PUT",
      "RequestHeaders": {
        "Accept": "application/json",
        "Authorization": "Sanitized",
        "Content-Length": "0",
        "Date": "Wed, 26 Jul 2023 19:31:49 GMT",
        "If-None-Match": "*",
        "User-Agent": "azsdk-java-azure-storage-file-datalake/12.17.0-beta.1 (17.0.7; Windows 11; 10.0)",
        "x-ms-client-request-id": "f196040b-ab49-4e6f-a1eb-40b3bffe2cf2",
        "x-ms-version": "2023-01-03"
      },
      "RequestBody": null,
      "StatusCode": 201,
      "ResponseHeaders": {
        "Content-Length": "0",
        "Date": "Wed, 26 Jul 2023 19:31:49 GMT",
        "ETag": "\u00220x8DB8E0EF52FB2E7\u0022",
        "Last-Modified": "Wed, 26 Jul 2023 19:31:49 GMT",
        "Server": [
          "Windows-Azure-HDFS/1.0",
          "Microsoft-HTTPAPI/2.0"
        ],
        "x-ms-client-request-id": "f196040b-ab49-4e6f-a1eb-40b3bffe2cf2",
        "x-ms-request-id": "046ea242-401f-002f-2cf7-bf9c49000000",
        "x-ms-request-server-encrypted": "true",
        "x-ms-version": "2023-01-03"
      },
      "ResponseBody": null
    },
    {
      "RequestUri": "https://REDACTED/08f70b650setaclacfail78b80921933133607a7d44ca8/08f70b651setaclacfail78b876087a60ab6c11664369b?comp=lease",
      "RequestMethod": "PUT",
      "RequestHeaders": {
        "Accept": "application/xml",
        "Authorization": "Sanitized",
        "Content-Length": "0",
        "Date": "Wed, 26 Jul 2023 19:31:49 GMT",
        "User-Agent": "azsdk-java-azure-storage-file-datalake/12.17.0-beta.1 (17.0.7; Windows 11; 10.0)",
        "x-ms-client-request-id": "1a508a6c-32e5-44ae-80cf-878243f60cdf",
        "x-ms-lease-action": "acquire",
        "x-ms-lease-duration": "-1",
        "x-ms-proposed-lease-id": "9612a230-d2e0-4caa-b88a-9ed3760e8f66",
        "x-ms-version": "2023-01-03"
      },
      "RequestBody": null,
      "StatusCode": 201,
      "ResponseHeaders": {
        "Content-Length": "0",
        "Date": "Wed, 26 Jul 2023 19:31:49 GMT",
        "ETag": "\u00220x8DB8E0EF52FB2E7\u0022",
        "Last-Modified": "Wed, 26 Jul 2023 19:31:49 GMT",
        "Server": [
          "Windows-Azure-Blob/1.0",
          "Microsoft-HTTPAPI/2.0"
        ],
        "x-ms-client-request-id": "1a508a6c-32e5-44ae-80cf-878243f60cdf",
        "x-ms-lease-id": "9612a230-d2e0-4caa-b88a-9ed3760e8f66",
        "x-ms-request-id": "7c504190-a01e-00a1-13f7-bf4aff000000",
        "x-ms-version": "2023-01-03"
      },
      "ResponseBody": null
    },
    {
      "RequestUri": "https://REDACTED/08f70b650setaclacfail78b80921933133607a7d44ca8/08f70b651setaclacfail78b876087a60ab6c11664369b?action=setAccessControl",
      "RequestMethod": "PATCH",
      "RequestHeaders": {
        "Accept": "application/json",
        "Authorization": "Sanitized",
        "Content-Length": "0",
        "Date": "Wed, 26 Jul 2023 19:31:49 GMT",
        "User-Agent": "azsdk-java-azure-storage-file-datalake/12.17.0-beta.1 (17.0.7; Windows 11; 10.0)",
        "x-ms-acl": "user::rwx,group::r--,other::---,mask::rwx",
        "x-ms-client-request-id": "a557e5e3-166d-4cff-a3cd-eb153214d245",
        "x-ms-lease-id": "89459db5-b3d9-4ddd-b8ee-c3c7ea366141",
        "x-ms-version": "2023-01-03"
      },
      "RequestBody": null,
      "StatusCode": 412,
      "ResponseHeaders": {
        "Content-Length": "199",
        "Content-Type": "application/json; charset=utf-8",
        "Date": "Wed, 26 Jul 2023 19:31:48 GMT",
        "Server": [
          "Windows-Azure-HDFS/1.0",
          "Microsoft-HTTPAPI/2.0"
        ],
        "x-ms-client-request-id": "a557e5e3-166d-4cff-a3cd-eb153214d245",
        "x-ms-error-code": "LeaseIdMismatch",
        "x-ms-request-id": "f0c93be9-201f-0064-11f7-bf601a000000",
        "x-ms-version": "2023-01-03"
      },
      "ResponseBody": {
        "error": {
          "code": "LeaseIdMismatch",
          "message": "The lease ID specified did not match the lease ID for the resource.\nRequestId:f0c93be9-201f-0064-11f7-bf601a000000\nTime:2023-07-26T19:31:49.8254477Z"
        }
      }
    }
  ],
  "Variables": {
    "0": "08f70b650setaclacfail78b80921933133607a7d44ca8",
    "1": "08f70b651setaclacfail78b876087a60ab6c11664369b"
  }
}
