{
  "Entries": [
    {
      "RequestUri": "https://REDACTED/6832de090createencryptionscopebc529359d8add09094fd?restype=container",
      "RequestMethod": "PUT",
      "RequestHeaders": {
        "Accept": "application/xml",
        "Authorization": "Sanitized",
        "Content-Length": "0",
        "Date": "Tue, 12 Mar 2024 23:00:34 GMT",
        "User-Agent": "azsdk-java-azure-storage-blob/12.26.0-beta.1 azsdk-java-azure-storage-file-datalake/12.19.0-beta.1 (17.0.8; Windows 11; 10.0)",
        "x-ms-client-request-id": "b9a5136f-705f-4707-ae57-ca59cc032205",
        "x-ms-version": "2024-02-04"
      },
      "RequestBody": null,
      "StatusCode": 201,
      "ResponseHeaders": {
        "Content-Length": "0",
        "Date": "Tue, 12 Mar 2024 23:00:34 GMT",
        "ETag": "\u00220x8DC42E839F2906D\u0022",
        "Last-Modified": "Tue, 12 Mar 2024 23:00:35 GMT",
        "Server": [
          "Windows-Azure-Blob/1.0",
          "Microsoft-HTTPAPI/2.0"
        ],
        "x-ms-client-request-id": "b9a5136f-705f-4707-ae57-ca59cc032205",
        "x-ms-request-id": "7c8dbc86-f01e-00e8-2ed1-74941a000000",
        "x-ms-version": "2024-02-04"
      },
      "ResponseBody": null
    },
    {
      "RequestUri": "https://REDACTED/6832de090createencryptionscopebc529359d8add09094fd/6832de091createencryptionscopebc516769aa03ab291a75?resource=directory",
      "RequestMethod": "PUT",
      "RequestHeaders": {
        "Accept": "application/json",
        "Authorization": "Sanitized",
        "Content-Length": "0",
        "Date": "Tue, 12 Mar 2024 23:00:35 GMT",
        "If-None-Match": "*",
        "User-Agent": "azsdk-java-azure-storage-file-datalake/12.19.0-beta.1 (17.0.8; Windows 11; 10.0)",
        "x-ms-client-request-id": "a64842ab-c816-48b9-a19e-439625aed175",
        "x-ms-version": "2024-02-04"
      },
      "RequestBody": null,
      "StatusCode": 201,
      "ResponseHeaders": {
        "Content-Length": "0",
        "Date": "Tue, 12 Mar 2024 23:00:34 GMT",
        "ETag": "\u00220x8DC42E83A069DEF\u0022",
        "Last-Modified": "Tue, 12 Mar 2024 23:00:35 GMT",
        "Server": [
          "Windows-Azure-HDFS/1.0",
          "Microsoft-HTTPAPI/2.0"
        ],
        "x-ms-client-request-id": "a64842ab-c816-48b9-a19e-439625aed175",
        "x-ms-request-id": "1064682c-c01f-00dc-3dd1-74a7d2000000",
        "x-ms-request-server-encrypted": "true",
        "x-ms-version": "2024-02-04"
      },
      "ResponseBody": null
    },
    {
      "RequestUri": "https://REDACTED/6832de092createencryptionscopebc5347396fafe3d4ab77?restype=container",
      "RequestMethod": "PUT",
      "RequestHeaders": {
        "Accept": "application/xml",
        "Authorization": "Sanitized",
        "Content-Length": "0",
        "Date": "Tue, 12 Mar 2024 23:00:35 GMT",
        "User-Agent": "azsdk-java-azure-storage-blob/12.26.0-beta.1 azsdk-java-azure-storage-file-datalake/12.19.0-beta.1 (17.0.8; Windows 11; 10.0)",
        "x-ms-client-request-id": "ee509d99-51ce-4900-be3e-8c9ef37aa434",
        "x-ms-default-encryption-scope": "testscope1",
        "x-ms-deny-encryption-scope-override": "true",
        "x-ms-version": "2024-02-04"
      },
      "RequestBody": null,
      "StatusCode": 201,
      "ResponseHeaders": {
        "Content-Length": "0",
        "Date": "Tue, 12 Mar 2024 23:00:34 GMT",
        "ETag": "\u00220x8DC42E83A1AA0C8\u0022",
        "Last-Modified": "Tue, 12 Mar 2024 23:00:35 GMT",
        "Server": [
          "Windows-Azure-Blob/1.0",
          "Microsoft-HTTPAPI/2.0"
        ],
        "x-ms-client-request-id": "ee509d99-51ce-4900-be3e-8c9ef37aa434",
        "x-ms-request-id": "c30d3e90-901e-0105-12d1-74215a000000",
        "x-ms-version": "2024-02-04"
      },
      "ResponseBody": null
    },
    {
      "RequestUri": "https://REDACTED/6832de092createencryptionscopebc5347396fafe3d4ab77/6832de093createencryptionscopebc53807185a43e2ffa2d?resource=directory",
      "RequestMethod": "PUT",
      "RequestHeaders": {
        "Accept": "application/json",
        "Authorization": "Sanitized",
        "Content-Length": "0",
        "Date": "Tue, 12 Mar 2024 23:00:35 GMT",
        "If-None-Match": "*",
        "User-Agent": "azsdk-java-azure-storage-file-datalake/12.19.0-beta.1 (17.0.8; Windows 11; 10.0)",
        "x-ms-client-request-id": "812b9ab0-9bca-4bc5-9c7f-135c3bb59c19",
        "x-ms-version": "2024-02-04"
      },
      "RequestBody": null,
      "StatusCode": 201,
      "ResponseHeaders": {
        "Content-Length": "0",
        "Date": "Tue, 12 Mar 2024 23:00:35 GMT",
        "ETag": "\u00220x8DC42E83A2FE2B9\u0022",
        "Last-Modified": "Tue, 12 Mar 2024 23:00:35 GMT",
        "Server": [
          "Windows-Azure-HDFS/1.0",
          "Microsoft-HTTPAPI/2.0"
        ],
        "x-ms-client-request-id": "812b9ab0-9bca-4bc5-9c7f-135c3bb59c19",
        "x-ms-encryption-scope": "testscope1",
        "x-ms-request-id": "8237b245-e01f-00cb-62d1-740ed9000000",
        "x-ms-request-server-encrypted": "true",
        "x-ms-version": "2024-02-04"
      },
      "ResponseBody": null
    },
    {
      "RequestUri": "https://REDACTED/6832de092createencryptionscopebc5347396fafe3d4ab77/6832de093createencryptionscopebc53807185a43e2ffa2d",
      "RequestMethod": "HEAD",
      "RequestHeaders": {
        "Accept": "application/xml",
        "Authorization": "Sanitized",
        "Content-Length": "0",
        "Date": "Tue, 12 Mar 2024 23:00:35 GMT",
        "User-Agent": "azsdk-java-azure-storage-blob/12.26.0-beta.1 azsdk-java-azure-storage-file-datalake/12.19.0-beta.1 (17.0.8; Windows 11; 10.0)",
        "x-ms-client-request-id": "1b043538-6641-40d4-a09e-e92c5862e42c",
        "x-ms-version": "2024-02-04"
      },
      "RequestBody": null,
      "StatusCode": 200,
      "ResponseHeaders": {
        "Accept-Ranges": "bytes",
        "Access-Control-Allow-Origin": "*",
        "Access-Control-Expose-Headers": "x-ms-client-request-id",
        "Content-Length": "0",
        "Content-Type": "application/octet-stream",
        "Date": "Tue, 12 Mar 2024 23:00:34 GMT",
        "ETag": "\u00220x8DC42E83A2FE2B9\u0022",
        "Last-Modified": "Tue, 12 Mar 2024 23:00:35 GMT",
        "Server": [
          "Windows-Azure-Blob/1.0",
          "Microsoft-HTTPAPI/2.0"
        ],
        "x-ms-access-tier": "Hot",
        "x-ms-access-tier-inferred": "true",
        "x-ms-acl": "user::rwx,group::r-x,other::---",
        "x-ms-blob-type": "BlockBlob",
        "x-ms-client-request-id": "1b043538-6641-40d4-a09e-e92c5862e42c",
        "x-ms-creation-time": "Tue, 12 Mar 2024 23:00:35 GMT",
        "x-ms-encryption-scope": "testscope1",
        "x-ms-group": "$superuser",
        "x-ms-lease-state": "available",
        "x-ms-lease-status": "unlocked",
        "x-ms-meta-hdi_isfolder": "true",
        "x-ms-owner": "$superuser",
        "x-ms-permissions": "rwxr-x---",
        "x-ms-request-id": "7c8dbdb6-f01e-00e8-43d1-74941a000000",
        "x-ms-resource-type": "directory",
        "x-ms-server-encrypted": "true",
        "x-ms-version": "2024-02-04"
      },
      "ResponseBody": null
    }
  ],
  "Variables": {
    "0": "6832de090createencryptionscopebc529359d8add09094fd",
    "1": "6832de091createencryptionscopebc516769aa03ab291a75",
    "2": "6832de092createencryptionscopebc5347396fafe3d4ab77",
    "3": "6832de093createencryptionscopebc53807185a43e2ffa2d"
  }
}
