{
  "Entries": [
    {
      "RequestUri": "https://REDACTED/2a8594580sethttpheadersac92402248423ac68f83de42f?restype=container",
      "RequestMethod": "PUT",
      "RequestHeaders": {
        "Accept": "application/xml",
        "Authorization": "Sanitized",
        "Content-Length": "0",
        "Date": "Wed, 26 Jul 2023 19:19:01 GMT",
        "User-Agent": "azsdk-java-azure-storage-blob/12.24.0-beta.1 azsdk-java-azure-storage-file-datalake/12.17.0-beta.1 (17.0.7; Windows 11; 10.0)",
        "x-ms-client-request-id": "7e7015ee-1c06-469b-9944-bc95c91e88d2",
        "x-ms-version": "2023-01-03"
      },
      "RequestBody": null,
      "StatusCode": 201,
      "ResponseHeaders": {
        "Content-Length": "0",
        "Date": "Wed, 26 Jul 2023 19:19:01 GMT",
        "ETag": "\u00220x8DB8E0D2B4AD4E1\u0022",
        "Last-Modified": "Wed, 26 Jul 2023 19:19:01 GMT",
        "Server": [
          "Windows-Azure-Blob/1.0",
          "Microsoft-HTTPAPI/2.0"
        ],
        "x-ms-client-request-id": "7e7015ee-1c06-469b-9944-bc95c91e88d2",
        "x-ms-request-id": "f369bb75-c01e-0088-19f6-bf748b000000",
        "x-ms-version": "2023-01-03"
      },
      "ResponseBody": null
    },
    {
      "RequestUri": "https://REDACTED/2a8594580sethttpheadersac92402248423ac68f83de42f/2a8594581sethttpheadersac92473266b194fe97ff834a6?resource=directory",
      "RequestMethod": "PUT",
      "RequestHeaders": {
        "Accept": "application/json",
        "Authorization": "Sanitized",
        "Content-Length": "0",
        "Date": "Wed, 26 Jul 2023 19:19:01 GMT",
        "If-None-Match": "*",
        "User-Agent": "azsdk-java-azure-storage-file-datalake/12.17.0-beta.1 (17.0.7; Windows 11; 10.0)",
        "x-ms-client-request-id": "647ce498-8e6b-4cea-a07c-ced46e7bbe47",
        "x-ms-version": "2023-01-03"
      },
      "RequestBody": null,
      "StatusCode": 201,
      "ResponseHeaders": {
        "Content-Length": "0",
        "Date": "Wed, 26 Jul 2023 19:19:00 GMT",
        "ETag": "\u00220x8DB8E0D2B538A09\u0022",
        "Last-Modified": "Wed, 26 Jul 2023 19:19:01 GMT",
        "Server": [
          "Windows-Azure-HDFS/1.0",
          "Microsoft-HTTPAPI/2.0"
        ],
        "x-ms-client-request-id": "647ce498-8e6b-4cea-a07c-ced46e7bbe47",
        "x-ms-request-id": "7278be1e-f01f-0093-62f6-bf4a88000000",
        "x-ms-request-server-encrypted": "true",
        "x-ms-version": "2023-01-03"
      },
      "ResponseBody": null
    },
    {
      "RequestUri": "https://REDACTED/2a8594580sethttpheadersac92402248423ac68f83de42f/2a8594581sethttpheadersac92473266b194fe97ff834a6?comp=lease",
      "RequestMethod": "PUT",
      "RequestHeaders": {
        "Accept": "application/xml",
        "Authorization": "Sanitized",
        "Content-Length": "0",
        "Date": "Wed, 26 Jul 2023 19:19:01 GMT",
        "User-Agent": "azsdk-java-azure-storage-file-datalake/12.17.0-beta.1 (17.0.7; Windows 11; 10.0)",
        "x-ms-client-request-id": "fd1ec590-0f12-4975-b218-6413a6d423ff",
        "x-ms-lease-action": "acquire",
        "x-ms-lease-duration": "-1",
        "x-ms-proposed-lease-id": "012e105b-8131-4563-ac63-9e5bca89c905",
        "x-ms-version": "2023-01-03"
      },
      "RequestBody": null,
      "StatusCode": 201,
      "ResponseHeaders": {
        "Content-Length": "0",
        "Date": "Wed, 26 Jul 2023 19:19:00 GMT",
        "ETag": "\u00220x8DB8E0D2B538A09\u0022",
        "Last-Modified": "Wed, 26 Jul 2023 19:19:01 GMT",
        "Server": [
          "Windows-Azure-Blob/1.0",
          "Microsoft-HTTPAPI/2.0"
        ],
        "x-ms-client-request-id": "fd1ec590-0f12-4975-b218-6413a6d423ff",
        "x-ms-lease-id": "012e105b-8131-4563-ac63-9e5bca89c905",
        "x-ms-request-id": "24e9aacf-e01e-00a0-1bf6-bf1523000000",
        "x-ms-version": "2023-01-03"
      },
      "ResponseBody": null
    },
    {
      "RequestUri": "https://REDACTED/2a8594580sethttpheadersac92402248423ac68f83de42f/2a8594581sethttpheadersac92473266b194fe97ff834a6?comp=properties",
      "RequestMethod": "PUT",
      "RequestHeaders": {
        "Accept": "application/xml",
        "Authorization": "Sanitized",
        "Content-Length": "0",
        "Date": "Wed, 26 Jul 2023 19:19:01 GMT",
        "User-Agent": "azsdk-java-azure-storage-blob/12.24.0-beta.1 azsdk-java-azure-storage-file-datalake/12.17.0-beta.1 (17.0.7; Windows 11; 10.0)",
        "x-ms-client-request-id": "90235e74-24bb-400c-a083-836f6db472ee",
        "x-ms-lease-id": "012e105b-8131-4563-ac63-9e5bca89c905",
        "x-ms-version": "2023-01-03"
      },
      "RequestBody": null,
      "StatusCode": 200,
      "ResponseHeaders": {
        "Content-Length": "0",
        "Date": "Wed, 26 Jul 2023 19:19:01 GMT",
        "ETag": "\u00220x8DB8E0D2B5CFA4F\u0022",
        "Last-Modified": "Wed, 26 Jul 2023 19:19:01 GMT",
        "Server": [
          "Windows-Azure-Blob/1.0",
          "Microsoft-HTTPAPI/2.0"
        ],
        "x-ms-client-request-id": "90235e74-24bb-400c-a083-836f6db472ee",
        "x-ms-request-id": "ec4e80f5-201e-0016-2cf6-bf6755000000",
        "x-ms-version": "2023-01-03"
      },
      "ResponseBody": null
    }
  ],
  "Variables": {
    "0": "2a8594580sethttpheadersac92402248423ac68f83de42f",
    "1": "2a8594581sethttpheadersac92473266b194fe97ff834a6"
  }
}
