{
  "Entries": [
    {
      "RequestUri": "https://REDACTED/453316ea0renamedestac166105789c308bc6017742e2a?restype=container",
      "RequestMethod": "PUT",
      "RequestHeaders": {
        "Accept": "application/xml",
        "Authorization": "Sanitized",
        "Content-Length": "0",
        "Date": "Thu, 19 Oct 2023 23:33:04 GMT",
        "User-Agent": "azsdk-java-azure-storage-blob/12.25.0-beta.1 azsdk-java-azure-storage-file-datalake/12.18.0-beta.1 (17.0.8; Windows 11; 10.0)",
        "x-ms-client-request-id": "2bd63b23-5fe4-45f3-8c23-5da8389e9d70",
        "x-ms-version": "2023-11-03"
      },
      "RequestBody": null,
      "StatusCode": 201,
      "ResponseHeaders": {
        "Content-Length": "0",
        "Date": "Thu, 19 Oct 2023 23:33:05 GMT",
        "ETag": "\u00220x8DBD0FBBEA0AFA5\u0022",
        "Last-Modified": "Thu, 19 Oct 2023 23:33:05 GMT",
        "Server": [
          "Windows-Azure-Blob/1.0",
          "Microsoft-HTTPAPI/2.0"
        ],
        "x-ms-client-request-id": "2bd63b23-5fe4-45f3-8c23-5da8389e9d70",
        "x-ms-request-id": "f2f4ef54-b01e-0040-1de4-020ab4000000",
        "x-ms-version": "2023-11-03"
      },
      "ResponseBody": null
    },
    {
      "RequestUri": "https://REDACTED/453316ea0renamedestac166105789c308bc6017742e2a/453316ea1renamedestac1666259245c014fea09043b5a?resource=directory",
      "RequestMethod": "PUT",
      "RequestHeaders": {
        "Accept": "application/json",
        "Authorization": "Sanitized",
        "Content-Length": "0",
        "Date": "Thu, 19 Oct 2023 23:33:04 GMT",
        "If-None-Match": "*",
        "User-Agent": "azsdk-java-azure-storage-file-datalake/12.18.0-beta.1 (17.0.8; Windows 11; 10.0)",
        "x-ms-client-request-id": "c78d32ea-73df-4e21-b878-d76ac5ecbc22",
        "x-ms-version": "2023-11-03"
      },
      "RequestBody": null,
      "StatusCode": 201,
      "ResponseHeaders": {
        "Content-Length": "0",
        "Date": "Thu, 19 Oct 2023 23:33:05 GMT",
        "ETag": "\u00220x8DBD0FBBEB18F03\u0022",
        "Last-Modified": "Thu, 19 Oct 2023 23:33:05 GMT",
        "Server": [
          "Windows-Azure-HDFS/1.0",
          "Microsoft-HTTPAPI/2.0"
        ],
        "x-ms-client-request-id": "c78d32ea-73df-4e21-b878-d76ac5ecbc22",
        "x-ms-request-id": "5caf7ea7-701f-0060-18e4-027113000000",
        "x-ms-request-server-encrypted": "true",
        "x-ms-version": "2023-11-03"
      },
      "ResponseBody": null
    },
    {
      "RequestUri": "https://REDACTED/453316ea0renamedestac166105789c308bc6017742e2a/453316ea2renamedestac166142883dd4fa79bfd541338?resource=directory",
      "RequestMethod": "PUT",
      "RequestHeaders": {
        "Accept": "application/json",
        "Authorization": "Sanitized",
        "Content-Length": "0",
        "Date": "Thu, 19 Oct 2023 23:33:04 GMT",
        "If-None-Match": "*",
        "User-Agent": "azsdk-java-azure-storage-file-datalake/12.18.0-beta.1 (17.0.8; Windows 11; 10.0)",
        "x-ms-client-request-id": "01be117d-69bb-468d-9de3-d2a028748bfc",
        "x-ms-version": "2023-11-03"
      },
      "RequestBody": null,
      "StatusCode": 201,
      "ResponseHeaders": {
        "Content-Length": "0",
        "Date": "Thu, 19 Oct 2023 23:33:05 GMT",
        "ETag": "\u00220x8DBD0FBBEBFA74D\u0022",
        "Last-Modified": "Thu, 19 Oct 2023 23:33:05 GMT",
        "Server": [
          "Windows-Azure-HDFS/1.0",
          "Microsoft-HTTPAPI/2.0"
        ],
        "x-ms-client-request-id": "01be117d-69bb-468d-9de3-d2a028748bfc",
        "x-ms-request-id": "9a10a97f-401f-00a0-66e4-02892d000000",
        "x-ms-request-server-encrypted": "true",
        "x-ms-version": "2023-11-03"
      },
      "ResponseBody": null
    },
    {
      "RequestUri": "https://REDACTED/453316ea0renamedestac166105789c308bc6017742e2a/453316ea2renamedestac166142883dd4fa79bfd541338",
      "RequestMethod": "HEAD",
      "RequestHeaders": {
        "Accept": "application/xml",
        "Authorization": "Sanitized",
        "Content-Length": "0",
        "Date": "Thu, 19 Oct 2023 23:33:04 GMT",
        "User-Agent": "azsdk-java-azure-storage-blob/12.25.0-beta.1 azsdk-java-azure-storage-file-datalake/12.18.0-beta.1 (17.0.8; Windows 11; 10.0)",
        "x-ms-client-request-id": "fde32cab-07ba-4ba8-9eae-fb45bf2721cd",
        "x-ms-version": "2023-11-03"
      },
      "RequestBody": null,
      "StatusCode": 200,
      "ResponseHeaders": {
        "Accept-Ranges": "bytes",
        "Access-Control-Allow-Origin": "*",
        "Access-Control-Expose-Headers": "x-ms-client-request-id",
        "Content-Length": "0",
        "Content-Type": "application/octet-stream",
        "Date": "Thu, 19 Oct 2023 23:33:05 GMT",
        "ETag": "\u00220x8DBD0FBBEBFA74D\u0022",
        "Last-Modified": "Thu, 19 Oct 2023 23:33:05 GMT",
        "Server": [
          "Windows-Azure-Blob/1.0",
          "Microsoft-HTTPAPI/2.0"
        ],
        "x-ms-access-tier": "Hot",
        "x-ms-access-tier-inferred": "true",
        "x-ms-blob-type": "BlockBlob",
        "x-ms-client-request-id": "fde32cab-07ba-4ba8-9eae-fb45bf2721cd",
        "x-ms-creation-time": "Thu, 19 Oct 2023 23:33:05 GMT",
        "x-ms-group": "$superuser",
        "x-ms-lease-state": "available",
        "x-ms-lease-status": "unlocked",
        "x-ms-meta-hdi_isfolder": "true",
        "x-ms-owner": "$superuser",
        "x-ms-permissions": "rwxr-x---",
        "x-ms-request-id": "8cdf944f-501e-00f1-80e4-0214a1000000",
        "x-ms-resource-type": "directory",
        "x-ms-server-encrypted": "true",
        "x-ms-version": "2023-11-03"
      },
      "ResponseBody": null
    },
    {
      "RequestUri": "https://REDACTED/453316ea0renamedestac166105789c308bc6017742e2a/453316ea2renamedestac166142883dd4fa79bfd541338?mode=legacy",
      "RequestMethod": "PUT",
      "RequestHeaders": {
        "Accept": "application/json",
        "Authorization": "Sanitized",
        "Content-Length": "0",
        "Date": "Thu, 19 Oct 2023 23:33:04 GMT",
        "If-Match": "0x8DBD0FBBEBFA74D",
        "User-Agent": "azsdk-java-azure-storage-file-datalake/12.18.0-beta.1 (17.0.8; Windows 11; 10.0)",
        "x-ms-client-request-id": "0a7ba202-67db-46d1-992b-bdf6740fc01c",
        "x-ms-rename-source": "/453316ea0renamedestac166105789c308bc6017742e2a/453316ea1renamedestac1666259245c014fea09043b5a",
        "x-ms-version": "2023-11-03"
      },
      "RequestBody": null,
      "StatusCode": 201,
      "ResponseHeaders": {
        "Content-Length": "0",
        "Date": "Thu, 19 Oct 2023 23:33:05 GMT",
        "ETag": "\u00220x8DBD0FBBEB18F03\u0022",
        "Last-Modified": "Thu, 19 Oct 2023 23:33:05 GMT",
        "Server": [
          "Windows-Azure-HDFS/1.0",
          "Microsoft-HTTPAPI/2.0"
        ],
        "x-ms-client-request-id": "0a7ba202-67db-46d1-992b-bdf6740fc01c",
        "x-ms-request-id": "42ae09d9-601f-00c5-13e4-022769000000",
        "x-ms-version": "2023-11-03"
      },
      "ResponseBody": null
    }
  ],
  "Variables": {
    "0": "453316ea0renamedestac166105789c308bc6017742e2a",
    "1": "453316ea1renamedestac1666259245c014fea09043b5a",
    "2": "453316ea2renamedestac166142883dd4fa79bfd541338"
  }
}
