{
  "Entries": [
    {
      "RequestUri": "https://REDACTED/a61b1ca90createifnotexistsfilemin64f397638818c823365?restype=container",
      "RequestMethod": "PUT",
      "RequestHeaders": {
        "Accept": "application/xml",
        "Authorization": "Sanitized",
        "Content-Length": "0",
        "Date": "Tue, 12 Mar 2024 20:35:50 GMT",
        "User-Agent": "azsdk-java-azure-storage-blob/12.26.0-beta.1 azsdk-java-azure-storage-file-datalake/12.19.0-beta.1 (17.0.8; Windows 11; 10.0)",
        "x-ms-client-request-id": "0e279596-d039-4b06-a7fc-5a5bdc9878b8",
        "x-ms-version": "2024-02-04"
      },
      "RequestBody": null,
      "StatusCode": 201,
      "ResponseHeaders": {
        "Content-Length": "0",
        "Date": "Tue, 12 Mar 2024 20:35:49 GMT",
        "ETag": "\u00220x8DC42D4017828B5\u0022",
        "Last-Modified": "Tue, 12 Mar 2024 20:35:50 GMT",
        "Server": [
          "Windows-Azure-Blob/1.0",
          "Microsoft-HTTPAPI/2.0"
        ],
        "x-ms-client-request-id": "0e279596-d039-4b06-a7fc-5a5bdc9878b8",
        "x-ms-request-id": "07593609-e01e-00a9-40bc-74ccfe000000",
        "x-ms-version": "2024-02-04"
      },
      "ResponseBody": null
    },
    {
      "RequestUri": "https://REDACTED/a61b1ca90createifnotexistsfilemin64f397638818c823365/a61b1ca91createifnotexistsfilemin64f90549817a9a3550d?resource=directory",
      "RequestMethod": "PUT",
      "RequestHeaders": {
        "Accept": "application/json",
        "Authorization": "Sanitized",
        "Content-Length": "0",
        "Date": "Tue, 12 Mar 2024 20:35:50 GMT",
        "If-None-Match": "*",
        "User-Agent": "azsdk-java-azure-storage-file-datalake/12.19.0-beta.1 (17.0.8; Windows 11; 10.0)",
        "x-ms-client-request-id": "942f577e-e292-4b80-8159-6c52fd3b8548",
        "x-ms-version": "2024-02-04"
      },
      "RequestBody": null,
      "StatusCode": 201,
      "ResponseHeaders": {
        "Content-Length": "0",
        "Date": "Tue, 12 Mar 2024 20:35:50 GMT",
        "ETag": "\u00220x8DC42D4018B6761\u0022",
        "Last-Modified": "Tue, 12 Mar 2024 20:35:50 GMT",
        "Server": [
          "Windows-Azure-HDFS/1.0",
          "Microsoft-HTTPAPI/2.0"
        ],
        "x-ms-client-request-id": "942f577e-e292-4b80-8159-6c52fd3b8548",
        "x-ms-request-id": "4320c2f4-601f-00ea-4dbc-742aa2000000",
        "x-ms-request-server-encrypted": "true",
        "x-ms-version": "2024-02-04"
      },
      "ResponseBody": null
    },
    {
      "RequestUri": "https://REDACTED/a61b1ca90createifnotexistsfilemin64f397638818c823365/a61b1ca91createifnotexistsfilemin64f90549817a9a3550d%2Fa61b1ca92createifnotexistsfilemin64f54945f426a0e93ba?resource=file",
      "RequestMethod": "PUT",
      "RequestHeaders": {
        "Accept": "application/json",
        "Authorization": "Sanitized",
        "Content-Length": "0",
        "Date": "Tue, 12 Mar 2024 20:35:50 GMT",
        "If-None-Match": "*",
        "User-Agent": "azsdk-java-azure-storage-file-datalake/12.19.0-beta.1 (17.0.8; Windows 11; 10.0)",
        "x-ms-client-request-id": "dbab9190-2dbc-41c3-8d44-a11740b41058",
        "x-ms-version": "2024-02-04"
      },
      "RequestBody": null,
      "StatusCode": 201,
      "ResponseHeaders": {
        "Content-Length": "0",
        "Date": "Tue, 12 Mar 2024 20:35:50 GMT",
        "ETag": "\u00220x8DC42D4019C2B29\u0022",
        "Last-Modified": "Tue, 12 Mar 2024 20:35:50 GMT",
        "Server": [
          "Windows-Azure-HDFS/1.0",
          "Microsoft-HTTPAPI/2.0"
        ],
        "x-ms-client-request-id": "dbab9190-2dbc-41c3-8d44-a11740b41058",
        "x-ms-request-id": "aef717cd-701f-0094-04bc-74bae5000000",
        "x-ms-request-server-encrypted": "true",
        "x-ms-version": "2024-02-04"
      },
      "ResponseBody": null
    },
    {
      "RequestUri": "https://REDACTED/a61b1ca90createifnotexistsfilemin64f397638818c823365/a61b1ca91createifnotexistsfilemin64f90549817a9a3550d%2Fa61b1ca92createifnotexistsfilemin64f54945f426a0e93ba",
      "RequestMethod": "HEAD",
      "RequestHeaders": {
        "Accept": "application/xml",
        "Authorization": "Sanitized",
        "Content-Length": "0",
        "Date": "Tue, 12 Mar 2024 20:35:50 GMT",
        "User-Agent": "azsdk-java-azure-storage-file-datalake/12.19.0-beta.1 (17.0.8; Windows 11; 10.0)",
        "x-ms-client-request-id": "96745a14-f89b-4ecc-9a60-2a798ec6c6fc",
        "x-ms-version": "2024-02-04"
      },
      "RequestBody": null,
      "StatusCode": 200,
      "ResponseHeaders": {
        "Accept-Ranges": "bytes",
        "Access-Control-Allow-Origin": "*",
        "Access-Control-Expose-Headers": "x-ms-client-request-id",
        "Content-Length": "0",
        "Content-Type": "application/octet-stream",
        "Date": "Tue, 12 Mar 2024 20:35:50 GMT",
        "ETag": "\u00220x8DC42D4019C2B29\u0022",
        "Last-Modified": "Tue, 12 Mar 2024 20:35:50 GMT",
        "Server": [
          "Windows-Azure-Blob/1.0",
          "Microsoft-HTTPAPI/2.0"
        ],
        "x-ms-access-tier": "Hot",
        "x-ms-access-tier-inferred": "true",
        "x-ms-acl": "user::rw-,group::r--,other::---",
        "x-ms-blob-type": "BlockBlob",
        "x-ms-client-request-id": "96745a14-f89b-4ecc-9a60-2a798ec6c6fc",
        "x-ms-creation-time": "Tue, 12 Mar 2024 20:35:50 GMT",
        "x-ms-group": "$superuser",
        "x-ms-lease-state": "available",
        "x-ms-lease-status": "unlocked",
        "x-ms-owner": "$superuser",
        "x-ms-permissions": "rw-r-----",
        "x-ms-request-id": "6a0c6144-101e-0014-11bc-7445e3000000",
        "x-ms-resource-type": "file",
        "x-ms-server-encrypted": "true",
        "x-ms-version": "2024-02-04"
      },
      "ResponseBody": null
    }
  ],
  "Variables": {
    "0": "a61b1ca90createifnotexistsfilemin64f397638818c823365",
    "1": "a61b1ca91createifnotexistsfilemin64f90549817a9a3550d",
    "2": "a61b1ca92createifnotexistsfilemin64f54945f426a0e93ba"
  }
}
