{
  "Entries": [
    {
      "RequestUri": "https://REDACTED/6a54b8e50createdeletesubdirectoryurlencodingf9d336580dadb?restype=container",
      "RequestMethod": "PUT",
      "RequestHeaders": {
        "Accept": "application/xml",
        "Authorization": "Sanitized",
        "Content-Length": "0",
        "Date": "Tue, 26 Sep 2023 21:47:01 GMT",
        "User-Agent": "azsdk-java-azure-storage-blob/12.25.0-beta.1 azsdk-java-azure-storage-file-datalake/12.18.0-beta.1 (17.0.8; Windows 11; 10.0)",
        "x-ms-client-request-id": "8b525c93-e78c-4e80-9a94-2da2cea80d9f",
        "x-ms-version": "2023-08-03"
      },
      "RequestBody": null,
      "StatusCode": 201,
      "ResponseHeaders": {
        "Content-Length": "0",
        "Date": "Tue, 26 Sep 2023 21:47:02 GMT",
        "ETag": "\u00220x8DBBEDA1EA7F417\u0022",
        "Last-Modified": "Tue, 26 Sep 2023 21:47:02 GMT",
        "Server": [
          "Windows-Azure-Blob/1.0",
          "Microsoft-HTTPAPI/2.0"
        ],
        "x-ms-client-request-id": "8b525c93-e78c-4e80-9a94-2da2cea80d9f",
        "x-ms-request-id": "249a32ca-301e-005e-22c2-f0e66c000000",
        "x-ms-version": "2023-08-03"
      },
      "ResponseBody": null
    },
    {
      "RequestUri": "https://REDACTED/6a54b8e50createdeletesubdirectoryurlencodingf9d336580dadb/6a54b8e51createdeletesubdirectoryurlencodingf9d46259f321c?resource=directory",
      "RequestMethod": "PUT",
      "RequestHeaders": {
        "Accept": "application/json",
        "Authorization": "Sanitized",
        "Content-Length": "0",
        "Date": "Tue, 26 Sep 2023 21:47:01 GMT",
        "If-None-Match": "*",
        "User-Agent": "azsdk-java-azure-storage-file-datalake/12.18.0-beta.1 (17.0.8; Windows 11; 10.0)",
        "x-ms-client-request-id": "71c0399e-b06e-4c89-8aca-02d099989e35",
        "x-ms-version": "2023-08-03"
      },
      "RequestBody": null,
      "StatusCode": 201,
      "ResponseHeaders": {
        "Content-Length": "0",
        "Date": "Tue, 26 Sep 2023 21:47:03 GMT",
        "ETag": "\u00220x8DBBEDA1EBFD908\u0022",
        "Last-Modified": "Tue, 26 Sep 2023 21:47:03 GMT",
        "Server": [
          "Windows-Azure-HDFS/1.0",
          "Microsoft-HTTPAPI/2.0"
        ],
        "x-ms-client-request-id": "71c0399e-b06e-4c89-8aca-02d099989e35",
        "x-ms-request-id": "5abdbe40-401f-0036-0ac2-f080fc000000",
        "x-ms-request-server-encrypted": "true",
        "x-ms-version": "2023-08-03"
      },
      "ResponseBody": null
    },
    {
      "RequestUri": "https://REDACTED/6a54b8e50createdeletesubdirectoryurlencodingf9d336580dadb/6a54b8e52createdeletesubdirectoryurlencodingf9d49392d9d88%2F%E6%96%91%E9%BB%9E?resource=directory",
      "RequestMethod": "PUT",
      "RequestHeaders": {
        "Accept": "application/json",
        "Authorization": "Sanitized",
        "Content-Length": "0",
        "Date": "Tue, 26 Sep 2023 21:47:02 GMT",
        "User-Agent": "azsdk-java-azure-storage-file-datalake/12.18.0-beta.1 (17.0.8; Windows 11; 10.0)",
        "x-ms-client-request-id": "0ca400ef-a879-4968-8f4c-78269fc1dd27",
        "x-ms-version": "2023-08-03"
      },
      "RequestBody": null,
      "StatusCode": 201,
      "ResponseHeaders": {
        "Content-Length": "0",
        "Date": "Tue, 26 Sep 2023 21:47:03 GMT",
        "ETag": "\u00220x8DBBEDA1ED2F8BE\u0022",
        "Last-Modified": "Tue, 26 Sep 2023 21:47:03 GMT",
        "Server": [
          "Windows-Azure-HDFS/1.0",
          "Microsoft-HTTPAPI/2.0"
        ],
        "x-ms-client-request-id": "0ca400ef-a879-4968-8f4c-78269fc1dd27",
        "x-ms-request-id": "bd1e4270-001f-0045-6ac2-f0d86f000000",
        "x-ms-request-server-encrypted": "true",
        "x-ms-version": "2023-08-03"
      },
      "ResponseBody": null
    },
    {
      "RequestUri": "https://REDACTED/6a54b8e50createdeletesubdirectoryurlencodingf9d336580dadb/6a54b8e52createdeletesubdirectoryurlencodingf9d49392d9d88%2F%E6%96%91%E9%BB%9E?recursive=false",
      "RequestMethod": "DELETE",
      "RequestHeaders": {
        "Accept": "application/json",
        "Authorization": "Sanitized",
        "Content-Length": "0",
        "Date": "Tue, 26 Sep 2023 21:47:02 GMT",
        "User-Agent": "azsdk-java-azure-storage-file-datalake/12.18.0-beta.1 (17.0.8; Windows 11; 10.0)",
        "x-ms-client-request-id": "1d669428-0520-4fc9-98d4-d112c75e57d5",
        "x-ms-version": "2023-08-03"
      },
      "RequestBody": null,
      "StatusCode": 200,
      "ResponseHeaders": {
        "Content-Length": "0",
        "Date": "Tue, 26 Sep 2023 21:47:03 GMT",
        "Server": [
          "Windows-Azure-HDFS/1.0",
          "Microsoft-HTTPAPI/2.0"
        ],
        "x-ms-client-request-id": "1d669428-0520-4fc9-98d4-d112c75e57d5",
        "x-ms-delete-type-permanent": "false",
        "x-ms-deletion-id": "133402384233507902",
        "x-ms-request-id": "bd1e4284-001f-0045-7ec2-f0d86f000000",
        "x-ms-version": "2023-08-03"
      },
      "ResponseBody": null
    }
  ],
  "Variables": {
    "0": "6a54b8e50createdeletesubdirectoryurlencodingf9d336580dadb",
    "1": "6a54b8e51createdeletesubdirectoryurlencodingf9d46259f321c",
    "2": "6a54b8e52createdeletesubdirectoryurlencodingf9d49392d9d88"
  }
}
