{
  "Entries": [
    {
      "RequestUri": "https://REDACTED/7fc750630deletefileacfail92c274745acd56963ea0419?restype=container",
      "RequestMethod": "PUT",
      "RequestHeaders": {
        "Accept": "application/xml",
        "Authorization": "Sanitized",
        "Content-Length": "0",
        "Date": "Wed, 27 Sep 2023 21:27:38 GMT",
        "User-Agent": "azsdk-java-azure-storage-blob/12.25.0-beta.1 azsdk-java-azure-storage-file-datalake/12.18.0-beta.1 (17.0.8; Windows 11; 10.0)",
        "x-ms-client-request-id": "46180aa9-ef70-4ae0-995c-eb59820f396b",
        "x-ms-version": "2023-08-03"
      },
      "RequestBody": null,
      "StatusCode": 201,
      "ResponseHeaders": {
        "Content-Length": "0",
        "Date": "Wed, 27 Sep 2023 21:27:38 GMT",
        "ETag": "\u00220x8DBBFA09319F07E\u0022",
        "Last-Modified": "Wed, 27 Sep 2023 21:27:38 GMT",
        "Server": [
          "Windows-Azure-Blob/1.0",
          "Microsoft-HTTPAPI/2.0"
        ],
        "x-ms-client-request-id": "46180aa9-ef70-4ae0-995c-eb59820f396b",
        "x-ms-request-id": "9a43e62d-801e-0109-4b89-f1b652000000",
        "x-ms-version": "2023-08-03"
      },
      "ResponseBody": null
    },
    {
      "RequestUri": "https://REDACTED/7fc750630deletefileacfail92c274745acd56963ea0419/7fc750631deletefileacfail92c55407705ea67548954ff?resource=directory",
      "RequestMethod": "PUT",
      "RequestHeaders": {
        "Accept": "application/json",
        "Authorization": "Sanitized",
        "Content-Length": "0",
        "Date": "Wed, 27 Sep 2023 21:27:38 GMT",
        "If-None-Match": "*",
        "User-Agent": "azsdk-java-azure-storage-file-datalake/12.18.0-beta.1 (17.0.8; Windows 11; 10.0)",
        "x-ms-client-request-id": "0d7e49e3-eb23-4464-976a-677926b2e099",
        "x-ms-version": "2023-08-03"
      },
      "RequestBody": null,
      "StatusCode": 201,
      "ResponseHeaders": {
        "Content-Length": "0",
        "Date": "Wed, 27 Sep 2023 21:27:38 GMT",
        "ETag": "\u00220x8DBBFA0932C1448\u0022",
        "Last-Modified": "Wed, 27 Sep 2023 21:27:38 GMT",
        "Server": [
          "Windows-Azure-HDFS/1.0",
          "Microsoft-HTTPAPI/2.0"
        ],
        "x-ms-client-request-id": "0d7e49e3-eb23-4464-976a-677926b2e099",
        "x-ms-request-id": "e81dbf59-401f-00c2-6189-f14b0a000000",
        "x-ms-request-server-encrypted": "true",
        "x-ms-version": "2023-08-03"
      },
      "ResponseBody": null
    },
    {
      "RequestUri": "https://REDACTED/7fc750630deletefileacfail92c274745acd56963ea0419/7fc750631deletefileacfail92c55407705ea67548954ff%2F7fc750632deletefileacfail92c36908f542594eb97049c?resource=file",
      "RequestMethod": "PUT",
      "RequestHeaders": {
        "Accept": "application/json",
        "Authorization": "Sanitized",
        "Content-Length": "0",
        "Date": "Wed, 27 Sep 2023 21:27:38 GMT",
        "If-None-Match": "*",
        "User-Agent": "azsdk-java-azure-storage-file-datalake/12.18.0-beta.1 (17.0.8; Windows 11; 10.0)",
        "x-ms-client-request-id": "70dd0e8b-c267-4ec7-8255-358db6ecee57",
        "x-ms-version": "2023-08-03"
      },
      "RequestBody": null,
      "StatusCode": 201,
      "ResponseHeaders": {
        "Content-Length": "0",
        "Date": "Wed, 27 Sep 2023 21:27:38 GMT",
        "ETag": "\u00220x8DBBFA0933B0F1B\u0022",
        "Last-Modified": "Wed, 27 Sep 2023 21:27:38 GMT",
        "Server": [
          "Windows-Azure-HDFS/1.0",
          "Microsoft-HTTPAPI/2.0"
        ],
        "x-ms-client-request-id": "70dd0e8b-c267-4ec7-8255-358db6ecee57",
        "x-ms-request-id": "e81dbf5e-401f-00c2-6689-f14b0a000000",
        "x-ms-request-server-encrypted": "true",
        "x-ms-version": "2023-08-03"
      },
      "ResponseBody": null
    },
    {
      "RequestUri": "https://REDACTED/7fc750630deletefileacfail92c274745acd56963ea0419/7fc750631deletefileacfail92c55407705ea67548954ff%2F7fc750632deletefileacfail92c36908f542594eb97049c",
      "RequestMethod": "DELETE",
      "RequestHeaders": {
        "Accept": "application/json",
        "Authorization": "Sanitized",
        "Content-Length": "0",
        "Date": "Wed, 27 Sep 2023 21:27:38 GMT",
        "If-Unmodified-Since": "Tue, 26 Sep 2023 21:27:08 GMT",
        "User-Agent": "azsdk-java-azure-storage-file-datalake/12.18.0-beta.1 (17.0.8; Windows 11; 10.0)",
        "x-ms-client-request-id": "7b396ed4-fc91-4bf7-be54-ce0816072f39",
        "x-ms-version": "2023-08-03"
      },
      "RequestBody": null,
      "StatusCode": 412,
      "ResponseHeaders": {
        "Content-Length": "200",
        "Content-Type": "application/json; charset=utf-8",
        "Date": "Wed, 27 Sep 2023 21:27:38 GMT",
        "Server": [
          "Windows-Azure-HDFS/1.0",
          "Microsoft-HTTPAPI/2.0"
        ],
        "x-ms-client-request-id": "7b396ed4-fc91-4bf7-be54-ce0816072f39",
        "x-ms-error-code": "ConditionNotMet",
        "x-ms-request-id": "e81dbf62-401f-00c2-6a89-f14b0a000000",
        "x-ms-version": "2023-08-03"
      },
      "ResponseBody": {
        "error": {
          "code": "ConditionNotMet",
          "message": "The condition specified using HTTP conditional header(s) is not met.\nRequestId:e81dbf62-401f-00c2-6a89-f14b0a000000\nTime:2023-09-27T21:27:39.0317106Z"
        }
      }
    }
  ],
  "Variables": {
    "0": "7fc750630deletefileacfail92c274745acd56963ea0419",
    "1": "7fc750631deletefileacfail92c55407705ea67548954ff",
    "2": "7fc750632deletefileacfail92c36908f542594eb97049c"
  }
}
