{
  "Entries": [
    {
      "RequestUri": "https://REDACTED/3c0e1f630createdeletesubdirectoryurlencoding83d0959239454?restype=container",
      "RequestMethod": "PUT",
      "RequestHeaders": {
        "Accept": "application/xml",
        "Authorization": "Sanitized",
        "Content-Length": "0",
        "Date": "Wed, 22 Nov 2023 23:24:09 GMT",
        "User-Agent": "azsdk-java-azure-storage-blob/12.26.0-beta.1 azsdk-java-azure-storage-file-datalake/12.19.0-beta.1 (11.0.16.1; Windows 11; 10.0)",
        "x-ms-client-request-id": "4713b125-0ce0-48d3-95eb-7ae1c950bc33",
        "x-ms-version": "2024-02-04"
      },
      "RequestBody": null,
      "StatusCode": 201,
      "ResponseHeaders": {
        "Content-Length": "0",
        "Date": "Wed, 22 Nov 2023 23:24:09 GMT",
        "ETag": "\u00220x8DBEBB22131D6FC\u0022",
        "Last-Modified": "Wed, 22 Nov 2023 23:24:09 GMT",
        "Server": [
          "Windows-Azure-Blob/1.0",
          "Microsoft-HTTPAPI/2.0"
        ],
        "x-ms-client-request-id": "4713b125-0ce0-48d3-95eb-7ae1c950bc33",
        "x-ms-request-id": "3d969f58-201e-005b-099a-1da8b9000000",
        "x-ms-version": "2024-02-04"
      },
      "ResponseBody": null
    },
    {
      "RequestUri": "https://REDACTED/3c0e1f630createdeletesubdirectoryurlencoding83d0959239454/3c0e1f631createdeletesubdirectoryurlencoding83d50213a1a50?resource=directory",
      "RequestMethod": "PUT",
      "RequestHeaders": {
        "Accept": "application/json",
        "Authorization": "Sanitized",
        "Content-Length": "0",
        "Date": "Wed, 22 Nov 2023 23:24:09 GMT",
        "If-None-Match": "*",
        "User-Agent": "azsdk-java-azure-storage-file-datalake/12.19.0-beta.1 (11.0.16.1; Windows 11; 10.0)",
        "x-ms-client-request-id": "26dee719-bc8a-471e-98f4-b09af585c0ef",
        "x-ms-version": "2024-02-04"
      },
      "RequestBody": null,
      "StatusCode": 201,
      "ResponseHeaders": {
        "Content-Length": "0",
        "Date": "Wed, 22 Nov 2023 23:24:09 GMT",
        "ETag": "\u00220x8DBEBB2217C275B\u0022",
        "Last-Modified": "Wed, 22 Nov 2023 23:24:10 GMT",
        "Server": [
          "Windows-Azure-HDFS/1.0",
          "Microsoft-HTTPAPI/2.0"
        ],
        "x-ms-client-request-id": "26dee719-bc8a-471e-98f4-b09af585c0ef",
        "x-ms-request-id": "5629f2ad-a01f-0018-719a-1d4ee5000000",
        "x-ms-request-server-encrypted": "true",
        "x-ms-version": "2024-02-04"
      },
      "ResponseBody": null
    },
    {
      "RequestUri": "https://REDACTED/3c0e1f630createdeletesubdirectoryurlencoding83d0959239454/3c0e1f632createdeletesubdirectoryurlencoding83d05692bebbe%2Ftest%25test?resource=directory",
      "RequestMethod": "PUT",
      "RequestHeaders": {
        "Accept": "application/json",
        "Authorization": "Sanitized",
        "Content-Length": "0",
        "Date": "Wed, 22 Nov 2023 23:24:10 GMT",
        "User-Agent": "azsdk-java-azure-storage-file-datalake/12.19.0-beta.1 (11.0.16.1; Windows 11; 10.0)",
        "x-ms-client-request-id": "6a2b34da-926f-477d-a95e-d87bedfe8f72",
        "x-ms-version": "2024-02-04"
      },
      "RequestBody": null,
      "StatusCode": 201,
      "ResponseHeaders": {
        "Content-Length": "0",
        "Date": "Wed, 22 Nov 2023 23:24:09 GMT",
        "ETag": "\u00220x8DBEBB22192E063\u0022",
        "Last-Modified": "Wed, 22 Nov 2023 23:24:10 GMT",
        "Server": [
          "Windows-Azure-HDFS/1.0",
          "Microsoft-HTTPAPI/2.0"
        ],
        "x-ms-client-request-id": "6a2b34da-926f-477d-a95e-d87bedfe8f72",
        "x-ms-request-id": "270524a4-a01f-0045-439a-1d4461000000",
        "x-ms-request-server-encrypted": "true",
        "x-ms-version": "2024-02-04"
      },
      "ResponseBody": null
    },
    {
      "RequestUri": "https://REDACTED/3c0e1f630createdeletesubdirectoryurlencoding83d0959239454/3c0e1f632createdeletesubdirectoryurlencoding83d05692bebbe%2Ftest%25test?recursive=false",
      "RequestMethod": "DELETE",
      "RequestHeaders": {
        "Accept": "application/json",
        "Authorization": "Sanitized",
        "Content-Length": "0",
        "Date": "Wed, 22 Nov 2023 23:24:10 GMT",
        "User-Agent": "azsdk-java-azure-storage-file-datalake/12.19.0-beta.1 (11.0.16.1; Windows 11; 10.0)",
        "x-ms-client-request-id": "9e37bebb-a8e0-48d2-b118-60625fe881a9",
        "x-ms-version": "2024-02-04"
      },
      "RequestBody": null,
      "StatusCode": 200,
      "ResponseHeaders": {
        "Content-Length": "0",
        "Date": "Wed, 22 Nov 2023 23:24:09 GMT",
        "Server": [
          "Windows-Azure-HDFS/1.0",
          "Microsoft-HTTPAPI/2.0"
        ],
        "x-ms-client-request-id": "9e37bebb-a8e0-48d2-b118-60625fe881a9",
        "x-ms-request-id": "136d647d-101f-006f-699a-1d9b71000000",
        "x-ms-version": "2024-02-04"
      },
      "ResponseBody": null
    }
  ],
  "Variables": {
    "0": "3c0e1f630createdeletesubdirectoryurlencoding83d0959239454",
    "1": "3c0e1f631createdeletesubdirectoryurlencoding83d50213a1a50",
    "2": "3c0e1f632createdeletesubdirectoryurlencoding83d05692bebbe"
  }
}
