{
  "Entries": [
    {
      "RequestUri": "https://REDACTED/d17c3bff0setmetadataacfail152045284d70feaacd0a4f?restype=container",
      "RequestMethod": "PUT",
      "RequestHeaders": {
        "Accept": "application/xml",
        "Authorization": "Sanitized",
        "Content-Length": "0",
        "Date": "Tue, 12 Mar 2024 20:35:43 GMT",
        "User-Agent": "azsdk-java-azure-storage-blob/12.26.0-beta.1 azsdk-java-azure-storage-file-datalake/12.19.0-beta.1 (17.0.8; Windows 11; 10.0)",
        "x-ms-client-request-id": "fac4e289-c058-470b-91b7-2958985fc6cd",
        "x-ms-version": "2024-02-04"
      },
      "RequestBody": null,
      "StatusCode": 201,
      "ResponseHeaders": {
        "Content-Length": "0",
        "Date": "Tue, 12 Mar 2024 20:35:43 GMT",
        "ETag": "\u00220x8DC42D3FD68CB7C\u0022",
        "Last-Modified": "Tue, 12 Mar 2024 20:35:43 GMT",
        "Server": [
          "Windows-Azure-Blob/1.0",
          "Microsoft-HTTPAPI/2.0"
        ],
        "x-ms-client-request-id": "fac4e289-c058-470b-91b7-2958985fc6cd",
        "x-ms-request-id": "ed6a8994-a01e-0063-75bc-749077000000",
        "x-ms-version": "2024-02-04"
      },
      "ResponseBody": null
    },
    {
      "RequestUri": "https://REDACTED/d17c3bff0setmetadataacfail152045284d70feaacd0a4f/d17c3bff1setmetadataacfail15245722ff65cbc03c1749?resource=directory",
      "RequestMethod": "PUT",
      "RequestHeaders": {
        "Accept": "application/json",
        "Authorization": "Sanitized",
        "Content-Length": "0",
        "Date": "Tue, 12 Mar 2024 20:35:43 GMT",
        "If-None-Match": "*",
        "User-Agent": "azsdk-java-azure-storage-file-datalake/12.19.0-beta.1 (17.0.8; Windows 11; 10.0)",
        "x-ms-client-request-id": "36cdfbe6-c829-43df-9b6a-cb84d2a61a52",
        "x-ms-version": "2024-02-04"
      },
      "RequestBody": null,
      "StatusCode": 201,
      "ResponseHeaders": {
        "Content-Length": "0",
        "Date": "Tue, 12 Mar 2024 20:35:43 GMT",
        "ETag": "\u00220x8DC42D3FD7AEB48\u0022",
        "Last-Modified": "Tue, 12 Mar 2024 20:35:43 GMT",
        "Server": [
          "Windows-Azure-HDFS/1.0",
          "Microsoft-HTTPAPI/2.0"
        ],
        "x-ms-client-request-id": "36cdfbe6-c829-43df-9b6a-cb84d2a61a52",
        "x-ms-request-id": "aef71598-701f-0094-13bc-74bae5000000",
        "x-ms-request-server-encrypted": "true",
        "x-ms-version": "2024-02-04"
      },
      "ResponseBody": null
    },
    {
      "RequestUri": "https://REDACTED/d17c3bff0setmetadataacfail152045284d70feaacd0a4f/d17c3bff1setmetadataacfail15245722ff65cbc03c1749",
      "RequestMethod": "HEAD",
      "RequestHeaders": {
        "Accept": "application/xml",
        "Authorization": "Sanitized",
        "Content-Length": "0",
        "Date": "Tue, 12 Mar 2024 20:35:43 GMT",
        "User-Agent": "azsdk-java-azure-storage-blob/12.26.0-beta.1 azsdk-java-azure-storage-file-datalake/12.19.0-beta.1 (17.0.8; Windows 11; 10.0)",
        "x-ms-client-request-id": "47323830-85af-4cf9-9db2-edde6294ce83",
        "x-ms-version": "2024-02-04"
      },
      "RequestBody": null,
      "StatusCode": 200,
      "ResponseHeaders": {
        "Accept-Ranges": "bytes",
        "Access-Control-Allow-Origin": "*",
        "Access-Control-Expose-Headers": "x-ms-client-request-id",
        "Content-Length": "0",
        "Content-Type": "application/octet-stream",
        "Date": "Tue, 12 Mar 2024 20:35:43 GMT",
        "ETag": "\u00220x8DC42D3FD7AEB48\u0022",
        "Last-Modified": "Tue, 12 Mar 2024 20:35:43 GMT",
        "Server": [
          "Windows-Azure-Blob/1.0",
          "Microsoft-HTTPAPI/2.0"
        ],
        "x-ms-access-tier": "Hot",
        "x-ms-access-tier-inferred": "true",
        "x-ms-acl": "user::rwx,group::r-x,other::---",
        "x-ms-blob-type": "BlockBlob",
        "x-ms-client-request-id": "47323830-85af-4cf9-9db2-edde6294ce83",
        "x-ms-creation-time": "Tue, 12 Mar 2024 20:35:43 GMT",
        "x-ms-group": "$superuser",
        "x-ms-lease-state": "available",
        "x-ms-lease-status": "unlocked",
        "x-ms-meta-hdi_isfolder": "true",
        "x-ms-owner": "$superuser",
        "x-ms-permissions": "rwxr-x---",
        "x-ms-request-id": "a333edc1-d01e-00c0-23bc-74f5b2000000",
        "x-ms-resource-type": "directory",
        "x-ms-server-encrypted": "true",
        "x-ms-version": "2024-02-04"
      },
      "ResponseBody": null
    },
    {
      "RequestUri": "https://REDACTED/d17c3bff0setmetadataacfail152045284d70feaacd0a4f/d17c3bff1setmetadataacfail15245722ff65cbc03c1749?comp=metadata",
      "RequestMethod": "PUT",
      "RequestHeaders": {
        "Accept": "application/xml",
        "Authorization": "Sanitized",
        "Content-Length": "0",
        "Date": "Tue, 12 Mar 2024 20:35:43 GMT",
        "If-None-Match": "0x8DC42D3FD7AEB48",
        "User-Agent": "azsdk-java-azure-storage-blob/12.26.0-beta.1 azsdk-java-azure-storage-file-datalake/12.19.0-beta.1 (17.0.8; Windows 11; 10.0)",
        "x-ms-client-request-id": "a4d00210-7bd9-447f-b368-12d1dcf6b4a6",
        "x-ms-version": "2024-02-04"
      },
      "RequestBody": null,
      "StatusCode": 412,
      "ResponseHeaders": {
        "Content-Length": "252",
        "Content-Type": "application/xml",
        "Date": "Tue, 12 Mar 2024 20:35:43 GMT",
        "Server": [
          "Windows-Azure-Blob/1.0",
          "Microsoft-HTTPAPI/2.0"
        ],
        "x-ms-client-request-id": "a4d00210-7bd9-447f-b368-12d1dcf6b4a6",
        "x-ms-error-code": "ConditionNotMet",
        "x-ms-request-id": "b67ed178-101e-00bd-14bc-748491000000",
        "x-ms-version": "2024-02-04"
      },
      "ResponseBody": [
        "\uFEFF\u003C?xml version=\u00221.0\u0022 encoding=\u0022utf-8\u0022?\u003E\u003CError\u003E\u003CCode\u003EConditionNotMet\u003C/Code\u003E\u003CMessage\u003EThe condition specified using HTTP conditional header(s) is not met.\n",
        "RequestId:b67ed178-101e-00bd-14bc-748491000000\n",
        "Time:2024-03-12T20:35:43.9919999Z\u003C/Message\u003E\u003C/Error\u003E"
      ]
    }
  ],
  "Variables": {
    "0": "d17c3bff0setmetadataacfail152045284d70feaacd0a4f",
    "1": "d17c3bff1setmetadataacfail15245722ff65cbc03c1749"
  }
}
