{
  "Entries": [
    {
      "RequestUri": "https://REDACTED/b7a490e70deletesubdiracda8825824569f039e68b4e50?restype=container",
      "RequestMethod": "PUT",
      "RequestHeaders": {
        "Accept": "application/xml",
        "Authorization": "Sanitized",
        "Content-Length": "0",
        "Date": "Wed, 26 Jul 2023 19:32:11 GMT",
        "User-Agent": "azsdk-java-azure-storage-blob/12.24.0-beta.1 azsdk-java-azure-storage-file-datalake/12.17.0-beta.1 (17.0.7; Windows 11; 10.0)",
        "x-ms-client-request-id": "8eed7755-554b-46fd-83ab-8828b3189f39",
        "x-ms-version": "2023-01-03"
      },
      "RequestBody": null,
      "StatusCode": 201,
      "ResponseHeaders": {
        "Content-Length": "0",
        "Date": "Wed, 26 Jul 2023 19:32:11 GMT",
        "ETag": "\u00220x8DB8E0F01ED7BF0\u0022",
        "Last-Modified": "Wed, 26 Jul 2023 19:32:11 GMT",
        "Server": [
          "Windows-Azure-Blob/1.0",
          "Microsoft-HTTPAPI/2.0"
        ],
        "x-ms-client-request-id": "8eed7755-554b-46fd-83ab-8828b3189f39",
        "x-ms-request-id": "bdd838f1-401e-004d-44f7-bf5e6e000000",
        "x-ms-version": "2023-01-03"
      },
      "ResponseBody": null
    },
    {
      "RequestUri": "https://REDACTED/b7a490e70deletesubdiracda8825824569f039e68b4e50/b7a490e71deletesubdiracda8923045ee6a930d5be4219?resource=directory",
      "RequestMethod": "PUT",
      "RequestHeaders": {
        "Accept": "application/json",
        "Authorization": "Sanitized",
        "Content-Length": "0",
        "Date": "Wed, 26 Jul 2023 19:32:11 GMT",
        "If-None-Match": "*",
        "User-Agent": "azsdk-java-azure-storage-file-datalake/12.17.0-beta.1 (17.0.7; Windows 11; 10.0)",
        "x-ms-client-request-id": "bcdc71b9-64ce-4efb-844f-41e3bc5de975",
        "x-ms-version": "2023-01-03"
      },
      "RequestBody": null,
      "StatusCode": 201,
      "ResponseHeaders": {
        "Content-Length": "0",
        "Date": "Wed, 26 Jul 2023 19:32:10 GMT",
        "ETag": "\u00220x8DB8E0F01F6732B\u0022",
        "Last-Modified": "Wed, 26 Jul 2023 19:32:11 GMT",
        "Server": [
          "Windows-Azure-HDFS/1.0",
          "Microsoft-HTTPAPI/2.0"
        ],
        "x-ms-client-request-id": "bcdc71b9-64ce-4efb-844f-41e3bc5de975",
        "x-ms-request-id": "c5d5a765-801f-006d-29f7-bf25c9000000",
        "x-ms-request-server-encrypted": "true",
        "x-ms-version": "2023-01-03"
      },
      "ResponseBody": null
    },
    {
      "RequestUri": "https://REDACTED/b7a490e70deletesubdiracda8825824569f039e68b4e50/b7a490e71deletesubdiracda8923045ee6a930d5be4219%2Fb7a490e72deletesubdiracda819306f843bf2bae204e25?resource=directory",
      "RequestMethod": "PUT",
      "RequestHeaders": {
        "Accept": "application/json",
        "Authorization": "Sanitized",
        "Content-Length": "0",
        "Date": "Wed, 26 Jul 2023 19:32:11 GMT",
        "If-None-Match": "*",
        "User-Agent": "azsdk-java-azure-storage-file-datalake/12.17.0-beta.1 (17.0.7; Windows 11; 10.0)",
        "x-ms-client-request-id": "d694c2b3-6752-45ad-955a-b67c9da4df95",
        "x-ms-version": "2023-01-03"
      },
      "RequestBody": null,
      "StatusCode": 201,
      "ResponseHeaders": {
        "Content-Length": "0",
        "Date": "Wed, 26 Jul 2023 19:32:10 GMT",
        "ETag": "\u00220x8DB8E0F01FC49B1\u0022",
        "Last-Modified": "Wed, 26 Jul 2023 19:32:11 GMT",
        "Server": [
          "Windows-Azure-HDFS/1.0",
          "Microsoft-HTTPAPI/2.0"
        ],
        "x-ms-client-request-id": "d694c2b3-6752-45ad-955a-b67c9da4df95",
        "x-ms-request-id": "c5d5a776-801f-006d-39f7-bf25c9000000",
        "x-ms-request-server-encrypted": "true",
        "x-ms-version": "2023-01-03"
      },
      "ResponseBody": null
    },
    {
      "RequestUri": "https://REDACTED/b7a490e70deletesubdiracda8825824569f039e68b4e50/b7a490e71deletesubdiracda8923045ee6a930d5be4219%2Fb7a490e72deletesubdiracda819306f843bf2bae204e25?recursive=false",
      "RequestMethod": "DELETE",
      "RequestHeaders": {
        "Accept": "application/json",
        "Authorization": "Sanitized",
        "Content-Length": "0",
        "Date": "Wed, 26 Jul 2023 19:32:11 GMT",
        "If-Unmodified-Since": "Thu, 27 Jul 2023 19:31:32 GMT",
        "User-Agent": "azsdk-java-azure-storage-file-datalake/12.17.0-beta.1 (17.0.7; Windows 11; 10.0)",
        "x-ms-client-request-id": "0c9b055e-0179-4f7a-add6-f9f190c36c74",
        "x-ms-version": "2023-01-03"
      },
      "RequestBody": null,
      "StatusCode": 200,
      "ResponseHeaders": {
        "Content-Length": "0",
        "Date": "Wed, 26 Jul 2023 19:32:11 GMT",
        "Server": [
          "Windows-Azure-HDFS/1.0",
          "Microsoft-HTTPAPI/2.0"
        ],
        "x-ms-client-request-id": "0c9b055e-0179-4f7a-add6-f9f190c36c74",
        "x-ms-delete-type-permanent": "false",
        "x-ms-deletion-id": "133348735312625159",
        "x-ms-request-id": "c5d5a78a-801f-006d-4df7-bf25c9000000",
        "x-ms-version": "2023-01-03"
      },
      "ResponseBody": null
    }
  ],
  "Variables": {
    "0": "b7a490e70deletesubdiracda8825824569f039e68b4e50",
    "1": "b7a490e71deletesubdiracda8923045ee6a930d5be4219",
    "2": "b7a490e72deletesubdiracda819306f843bf2bae204e25"
  }
}
