{
  "Entries": [
    {
      "RequestUri": "https://REDACTED/493e27970getpropertiesacfaile674253941b2a3ac61464?restype=container",
      "RequestMethod": "PUT",
      "RequestHeaders": {
        "Accept": "application/xml",
        "Authorization": "Sanitized",
        "Content-Length": "0",
        "Date": "Tue, 12 Mar 2024 20:35:11 GMT",
        "User-Agent": "azsdk-java-azure-storage-blob/12.26.0-beta.1 azsdk-java-azure-storage-file-datalake/12.19.0-beta.1 (17.0.8; Windows 11; 10.0)",
        "x-ms-client-request-id": "a6b93889-71b2-4d67-be89-6262254d80e8",
        "x-ms-version": "2024-02-04"
      },
      "RequestBody": null,
      "StatusCode": 201,
      "ResponseHeaders": {
        "Content-Length": "0",
        "Date": "Tue, 12 Mar 2024 20:35:11 GMT",
        "ETag": "\u00220x8DC42D3EA4755E9\u0022",
        "Last-Modified": "Tue, 12 Mar 2024 20:35:11 GMT",
        "Server": [
          "Windows-Azure-Blob/1.0",
          "Microsoft-HTTPAPI/2.0"
        ],
        "x-ms-client-request-id": "a6b93889-71b2-4d67-be89-6262254d80e8",
        "x-ms-request-id": "ed6a3ce3-a01e-0063-4abc-749077000000",
        "x-ms-version": "2024-02-04"
      },
      "ResponseBody": null
    },
    {
      "RequestUri": "https://REDACTED/493e27970getpropertiesacfaile674253941b2a3ac61464/493e27971getpropertiesacfaile67639565a63f65a18d54?resource=directory",
      "RequestMethod": "PUT",
      "RequestHeaders": {
        "Accept": "application/json",
        "Authorization": "Sanitized",
        "Content-Length": "0",
        "Date": "Tue, 12 Mar 2024 20:35:11 GMT",
        "If-None-Match": "*",
        "User-Agent": "azsdk-java-azure-storage-file-datalake/12.19.0-beta.1 (17.0.8; Windows 11; 10.0)",
        "x-ms-client-request-id": "e2cbabb5-76b9-488f-bf1f-11e2a38246b5",
        "x-ms-version": "2024-02-04"
      },
      "RequestBody": null,
      "StatusCode": 201,
      "ResponseHeaders": {
        "Content-Length": "0",
        "Date": "Tue, 12 Mar 2024 20:35:11 GMT",
        "ETag": "\u00220x8DC42D3EA5A0C18\u0022",
        "Last-Modified": "Tue, 12 Mar 2024 20:35:11 GMT",
        "Server": [
          "Windows-Azure-HDFS/1.0",
          "Microsoft-HTTPAPI/2.0"
        ],
        "x-ms-client-request-id": "e2cbabb5-76b9-488f-bf1f-11e2a38246b5",
        "x-ms-request-id": "4320bde2-601f-00ea-39bc-742aa2000000",
        "x-ms-request-server-encrypted": "true",
        "x-ms-version": "2024-02-04"
      },
      "ResponseBody": null
    },
    {
      "RequestUri": "https://REDACTED/493e27970getpropertiesacfaile674253941b2a3ac61464/493e27971getpropertiesacfaile67639565a63f65a18d54",
      "RequestMethod": "HEAD",
      "RequestHeaders": {
        "Accept": "application/xml",
        "Authorization": "Sanitized",
        "Content-Length": "0",
        "Date": "Tue, 12 Mar 2024 20:35:11 GMT",
        "User-Agent": "azsdk-java-azure-storage-blob/12.26.0-beta.1 azsdk-java-azure-storage-file-datalake/12.19.0-beta.1 (17.0.8; Windows 11; 10.0)",
        "x-ms-client-request-id": "de608db4-8905-4e95-92ce-2f7979468503",
        "x-ms-version": "2024-02-04"
      },
      "RequestBody": null,
      "StatusCode": 200,
      "ResponseHeaders": {
        "Accept-Ranges": "bytes",
        "Access-Control-Allow-Origin": "*",
        "Access-Control-Expose-Headers": "x-ms-client-request-id",
        "Content-Length": "0",
        "Content-Type": "application/octet-stream",
        "Date": "Tue, 12 Mar 2024 20:35:11 GMT",
        "ETag": "\u00220x8DC42D3EA5A0C18\u0022",
        "Last-Modified": "Tue, 12 Mar 2024 20:35:11 GMT",
        "Server": [
          "Windows-Azure-Blob/1.0",
          "Microsoft-HTTPAPI/2.0"
        ],
        "x-ms-access-tier": "Hot",
        "x-ms-access-tier-inferred": "true",
        "x-ms-acl": "user::rwx,group::r-x,other::---",
        "x-ms-blob-type": "BlockBlob",
        "x-ms-client-request-id": "de608db4-8905-4e95-92ce-2f7979468503",
        "x-ms-creation-time": "Tue, 12 Mar 2024 20:35:11 GMT",
        "x-ms-group": "$superuser",
        "x-ms-lease-state": "available",
        "x-ms-lease-status": "unlocked",
        "x-ms-meta-hdi_isfolder": "true",
        "x-ms-owner": "$superuser",
        "x-ms-permissions": "rwxr-x---",
        "x-ms-request-id": "1ea9fb97-901e-0025-1dbc-74a4f0000000",
        "x-ms-resource-type": "directory",
        "x-ms-server-encrypted": "true",
        "x-ms-version": "2024-02-04"
      },
      "ResponseBody": null
    },
    {
      "RequestUri": "https://REDACTED/493e27970getpropertiesacfaile674253941b2a3ac61464/493e27971getpropertiesacfaile67639565a63f65a18d54",
      "RequestMethod": "HEAD",
      "RequestHeaders": {
        "Accept": "application/xml",
        "Authorization": "Sanitized",
        "Content-Length": "0",
        "Date": "Tue, 12 Mar 2024 20:35:11 GMT",
        "If-None-Match": "0x8DC42D3EA5A0C18",
        "User-Agent": "azsdk-java-azure-storage-blob/12.26.0-beta.1 azsdk-java-azure-storage-file-datalake/12.19.0-beta.1 (17.0.8; Windows 11; 10.0)",
        "x-ms-client-request-id": "c967bf20-d13b-48d7-8791-d9bf00da63ec",
        "x-ms-version": "2024-02-04"
      },
      "RequestBody": null,
      "StatusCode": 304,
      "ResponseHeaders": {
        "Access-Control-Allow-Origin": "*",
        "Access-Control-Expose-Headers": "x-ms-client-request-id",
        "Content-Length": "0",
        "Date": "Tue, 12 Mar 2024 20:35:11 GMT",
        "Server": [
          "Windows-Azure-Blob/1.0",
          "Microsoft-HTTPAPI/2.0"
        ],
        "x-ms-client-request-id": "c967bf20-d13b-48d7-8791-d9bf00da63ec",
        "x-ms-error-code": "ConditionNotMet",
        "x-ms-request-id": "0758f73c-e01e-00a9-0dbc-74ccfe000000",
        "x-ms-version": "2024-02-04"
      },
      "ResponseBody": null
    }
  ],
  "Variables": {
    "0": "493e27970getpropertiesacfaile674253941b2a3ac61464",
    "1": "493e27971getpropertiesacfaile67639565a63f65a18d54"
  }
}
