{
  "Entries": [
    {
      "RequestUri": "https://REDACTED/288f05370createfileerrora46252486c7105a4df644d7?restype=container",
      "RequestMethod": "PUT",
      "RequestHeaders": {
        "Accept": "application/xml",
        "Authorization": "Sanitized",
        "Content-Length": "0",
        "Date": "Tue, 12 Mar 2024 20:35:49 GMT",
        "User-Agent": "azsdk-java-azure-storage-blob/12.26.0-beta.1 azsdk-java-azure-storage-file-datalake/12.19.0-beta.1 (17.0.8; Windows 11; 10.0)",
        "x-ms-client-request-id": "a582eddd-d2a8-448d-834b-981ad7c17a57",
        "x-ms-version": "2024-02-04"
      },
      "RequestBody": null,
      "StatusCode": 201,
      "ResponseHeaders": {
        "Content-Length": "0",
        "Date": "Tue, 12 Mar 2024 20:35:49 GMT",
        "ETag": "\u00220x8DC42D40127A433\u0022",
        "Last-Modified": "Tue, 12 Mar 2024 20:35:49 GMT",
        "Server": [
          "Windows-Azure-Blob/1.0",
          "Microsoft-HTTPAPI/2.0"
        ],
        "x-ms-client-request-id": "a582eddd-d2a8-448d-834b-981ad7c17a57",
        "x-ms-request-id": "07593520-e01e-00a9-7dbc-74ccfe000000",
        "x-ms-version": "2024-02-04"
      },
      "ResponseBody": null
    },
    {
      "RequestUri": "https://REDACTED/288f05370createfileerrora46252486c7105a4df644d7/288f05371createfileerrora460220145d736545a87453?resource=directory",
      "RequestMethod": "PUT",
      "RequestHeaders": {
        "Accept": "application/json",
        "Authorization": "Sanitized",
        "Content-Length": "0",
        "Date": "Tue, 12 Mar 2024 20:35:49 GMT",
        "If-None-Match": "*",
        "User-Agent": "azsdk-java-azure-storage-file-datalake/12.19.0-beta.1 (17.0.8; Windows 11; 10.0)",
        "x-ms-client-request-id": "6838d830-6e77-4022-9086-462ecd0ae102",
        "x-ms-version": "2024-02-04"
      },
      "RequestBody": null,
      "StatusCode": 201,
      "ResponseHeaders": {
        "Content-Length": "0",
        "Date": "Tue, 12 Mar 2024 20:35:49 GMT",
        "ETag": "\u00220x8DC42D40139893D\u0022",
        "Last-Modified": "Tue, 12 Mar 2024 20:35:50 GMT",
        "Server": [
          "Windows-Azure-HDFS/1.0",
          "Microsoft-HTTPAPI/2.0"
        ],
        "x-ms-client-request-id": "6838d830-6e77-4022-9086-462ecd0ae102",
        "x-ms-request-id": "4320c2ea-601f-00ea-49bc-742aa2000000",
        "x-ms-request-server-encrypted": "true",
        "x-ms-version": "2024-02-04"
      },
      "ResponseBody": null
    },
    {
      "RequestUri": "https://REDACTED/288f05370createfileerrora46252486c7105a4df644d7/288f05371createfileerrora460220145d736545a87453%2F288f05372createfileerrora4606563413b46a449de4b1?resource=file",
      "RequestMethod": "PUT",
      "RequestHeaders": {
        "Accept": "application/json",
        "Authorization": "Sanitized",
        "Content-Length": "0",
        "Date": "Tue, 12 Mar 2024 20:35:50 GMT",
        "If-Match": "garbage",
        "User-Agent": "azsdk-java-azure-storage-file-datalake/12.19.0-beta.1 (17.0.8; Windows 11; 10.0)",
        "x-ms-client-request-id": "b2255742-23db-40ab-8d36-dff579501a79",
        "x-ms-version": "2024-02-04"
      },
      "RequestBody": null,
      "StatusCode": 412,
      "ResponseHeaders": {
        "Content-Length": "200",
        "Content-Type": "application/json; charset=utf-8",
        "Date": "Tue, 12 Mar 2024 20:35:49 GMT",
        "Server": [
          "Windows-Azure-HDFS/1.0",
          "Microsoft-HTTPAPI/2.0"
        ],
        "x-ms-client-request-id": "b2255742-23db-40ab-8d36-dff579501a79",
        "x-ms-error-code": "ConditionNotMet",
        "x-ms-request-id": "f9478fa0-e01f-003f-57bc-74c52f000000",
        "x-ms-version": "2024-02-04"
      },
      "ResponseBody": {
        "error": {
          "code": "ConditionNotMet",
          "message": "The condition specified using HTTP conditional header(s) is not met.\nRequestId:f9478fa0-e01f-003f-57bc-74c52f000000\nTime:2024-03-12T20:35:50.1795676Z"
        }
      }
    }
  ],
  "Variables": {
    "0": "288f05370createfileerrora46252486c7105a4df644d7",
    "1": "288f05371createfileerrora460220145d736545a87453",
    "2": "288f05372createfileerrora4606563413b46a449de4b1"
  }
}
