{
  "Entries": [
    {
      "RequestUri": "https://REDACTED/62bbcae20deleteifexistsfileac930947235edf947f3ec24?restype=container",
      "RequestMethod": "PUT",
      "RequestHeaders": {
        "Accept": "application/xml",
        "Authorization": "Sanitized",
        "Content-Length": "0",
        "Date": "Tue, 12 Mar 2024 20:35:16 GMT",
        "User-Agent": "azsdk-java-azure-storage-blob/12.26.0-beta.1 azsdk-java-azure-storage-file-datalake/12.19.0-beta.1 (17.0.8; Windows 11; 10.0)",
        "x-ms-client-request-id": "68d7683e-8e8d-44ba-9614-65025f58a0b0",
        "x-ms-version": "2024-02-04"
      },
      "RequestBody": null,
      "StatusCode": 201,
      "ResponseHeaders": {
        "Content-Length": "0",
        "Date": "Tue, 12 Mar 2024 20:35:15 GMT",
        "ETag": "\u00220x8DC42D3ED637D55\u0022",
        "Last-Modified": "Tue, 12 Mar 2024 20:35:16 GMT",
        "Server": [
          "Windows-Azure-Blob/1.0",
          "Microsoft-HTTPAPI/2.0"
        ],
        "x-ms-client-request-id": "68d7683e-8e8d-44ba-9614-65025f58a0b0",
        "x-ms-request-id": "0758fecc-e01e-00a9-22bc-74ccfe000000",
        "x-ms-version": "2024-02-04"
      },
      "ResponseBody": null
    },
    {
      "RequestUri": "https://REDACTED/62bbcae20deleteifexistsfileac930947235edf947f3ec24/62bbcae21deleteifexistsfileac930473239d7e5039f91c4?resource=directory",
      "RequestMethod": "PUT",
      "RequestHeaders": {
        "Accept": "application/json",
        "Authorization": "Sanitized",
        "Content-Length": "0",
        "Date": "Tue, 12 Mar 2024 20:35:16 GMT",
        "If-None-Match": "*",
        "User-Agent": "azsdk-java-azure-storage-file-datalake/12.19.0-beta.1 (17.0.8; Windows 11; 10.0)",
        "x-ms-client-request-id": "80e1af4a-0ac2-470b-98cc-3a68d988ed36",
        "x-ms-version": "2024-02-04"
      },
      "RequestBody": null,
      "StatusCode": 201,
      "ResponseHeaders": {
        "Content-Length": "0",
        "Date": "Tue, 12 Mar 2024 20:35:16 GMT",
        "ETag": "\u00220x8DC42D3ED7582C0\u0022",
        "Last-Modified": "Tue, 12 Mar 2024 20:35:16 GMT",
        "Server": [
          "Windows-Azure-HDFS/1.0",
          "Microsoft-HTTPAPI/2.0"
        ],
        "x-ms-client-request-id": "80e1af4a-0ac2-470b-98cc-3a68d988ed36",
        "x-ms-request-id": "993cca13-b01f-00b4-35bc-74c142000000",
        "x-ms-request-server-encrypted": "true",
        "x-ms-version": "2024-02-04"
      },
      "ResponseBody": null
    },
    {
      "RequestUri": "https://REDACTED/62bbcae20deleteifexistsfileac930947235edf947f3ec24/62bbcae21deleteifexistsfileac930473239d7e5039f91c4%2F62bbcae22deleteifexistsfileac930925286218108017a14?resource=file",
      "RequestMethod": "PUT",
      "RequestHeaders": {
        "Accept": "application/json",
        "Authorization": "Sanitized",
        "Content-Length": "0",
        "Date": "Tue, 12 Mar 2024 20:35:16 GMT",
        "If-None-Match": "*",
        "User-Agent": "azsdk-java-azure-storage-file-datalake/12.19.0-beta.1 (17.0.8; Windows 11; 10.0)",
        "x-ms-client-request-id": "e5657023-5a95-402d-bf96-6e1b3e51291d",
        "x-ms-version": "2024-02-04"
      },
      "RequestBody": null,
      "StatusCode": 201,
      "ResponseHeaders": {
        "Content-Length": "0",
        "Date": "Tue, 12 Mar 2024 20:35:16 GMT",
        "ETag": "\u00220x8DC42D3ED881D97\u0022",
        "Last-Modified": "Tue, 12 Mar 2024 20:35:17 GMT",
        "Server": [
          "Windows-Azure-HDFS/1.0",
          "Microsoft-HTTPAPI/2.0"
        ],
        "x-ms-client-request-id": "e5657023-5a95-402d-bf96-6e1b3e51291d",
        "x-ms-request-id": "993cca1e-b01f-00b4-40bc-74c142000000",
        "x-ms-request-server-encrypted": "true",
        "x-ms-version": "2024-02-04"
      },
      "ResponseBody": null
    },
    {
      "RequestUri": "https://REDACTED/62bbcae20deleteifexistsfileac930947235edf947f3ec24/62bbcae21deleteifexistsfileac930473239d7e5039f91c4%2F62bbcae22deleteifexistsfileac930925286218108017a14",
      "RequestMethod": "HEAD",
      "RequestHeaders": {
        "Accept": "application/xml",
        "Authorization": "Sanitized",
        "Content-Length": "0",
        "Date": "Tue, 12 Mar 2024 20:35:17 GMT",
        "User-Agent": "azsdk-java-azure-storage-file-datalake/12.19.0-beta.1 (17.0.8; Windows 11; 10.0)",
        "x-ms-client-request-id": "858eb9c8-1384-4d38-bd30-5e9cdf9a4c1e",
        "x-ms-version": "2024-02-04"
      },
      "RequestBody": null,
      "StatusCode": 200,
      "ResponseHeaders": {
        "Accept-Ranges": "bytes",
        "Access-Control-Allow-Origin": "*",
        "Access-Control-Expose-Headers": "x-ms-client-request-id",
        "Content-Length": "0",
        "Content-Type": "application/octet-stream",
        "Date": "Tue, 12 Mar 2024 20:35:16 GMT",
        "ETag": "\u00220x8DC42D3ED881D97\u0022",
        "Last-Modified": "Tue, 12 Mar 2024 20:35:17 GMT",
        "Server": [
          "Windows-Azure-Blob/1.0",
          "Microsoft-HTTPAPI/2.0"
        ],
        "x-ms-access-tier": "Hot",
        "x-ms-access-tier-inferred": "true",
        "x-ms-acl": "user::rw-,group::r--,other::---",
        "x-ms-blob-type": "BlockBlob",
        "x-ms-client-request-id": "858eb9c8-1384-4d38-bd30-5e9cdf9a4c1e",
        "x-ms-creation-time": "Tue, 12 Mar 2024 20:35:17 GMT",
        "x-ms-group": "$superuser",
        "x-ms-lease-state": "available",
        "x-ms-lease-status": "unlocked",
        "x-ms-owner": "$superuser",
        "x-ms-permissions": "rw-r-----",
        "x-ms-request-id": "5f80e09d-701e-00c9-39bc-74b061000000",
        "x-ms-resource-type": "file",
        "x-ms-server-encrypted": "true",
        "x-ms-version": "2024-02-04"
      },
      "ResponseBody": null
    },
    {
      "RequestUri": "https://REDACTED/62bbcae20deleteifexistsfileac930947235edf947f3ec24/62bbcae21deleteifexistsfileac930473239d7e5039f91c4%2F62bbcae22deleteifexistsfileac930925286218108017a14?recursive=false",
      "RequestMethod": "DELETE",
      "RequestHeaders": {
        "Accept": "application/json",
        "Authorization": "Sanitized",
        "Content-Length": "0",
        "Date": "Tue, 12 Mar 2024 20:35:17 GMT",
        "If-Match": "0x8DC42D3ED881D97",
        "User-Agent": "azsdk-java-azure-storage-file-datalake/12.19.0-beta.1 (17.0.8; Windows 11; 10.0)",
        "x-ms-client-request-id": "3d4452c7-77d5-4337-8b5c-d5292226fd67",
        "x-ms-version": "2024-02-04"
      },
      "RequestBody": null,
      "StatusCode": 200,
      "ResponseHeaders": {
        "Content-Length": "0",
        "Date": "Tue, 12 Mar 2024 20:35:16 GMT",
        "Server": [
          "Windows-Azure-HDFS/1.0",
          "Microsoft-HTTPAPI/2.0"
        ],
        "x-ms-client-request-id": "3d4452c7-77d5-4337-8b5c-d5292226fd67",
        "x-ms-delete-type-permanent": "false",
        "x-ms-deletion-id": "133547493172977993",
        "x-ms-request-id": "993cca2e-b01f-00b4-4fbc-74c142000000",
        "x-ms-version": "2024-02-04"
      },
      "ResponseBody": null
    }
  ],
  "Variables": {
    "0": "62bbcae20deleteifexistsfileac930947235edf947f3ec24",
    "1": "62bbcae21deleteifexistsfileac930473239d7e5039f91c4",
    "2": "62bbcae22deleteifexistsfileac930925286218108017a14"
  }
}
