{
  "Entries": [
    {
      "RequestUri": "https://REDACTED/2867577b0985154334d515f19a434b837b5804?restype=container",
      "RequestMethod": "PUT",
      "RequestHeaders": {
        "Accept": "application/xml",
        "Authorization": "Sanitized",
        "Content-Length": "0",
        "Date": "Mon, 25 Sep 2023 21:56:29 GMT",
        "User-Agent": "azsdk-java-azure-storage-blob/12.25.0-beta.1 azsdk-java-azure-storage-file-datalake/12.18.0-beta.1 (17.0.8; Windows 11; 10.0)",
        "x-ms-client-request-id": "eef1c04d-3bf4-4eb8-90ef-94bf0a8f007b",
        "x-ms-version": "2023-08-03"
      },
      "RequestBody": null,
      "StatusCode": 201,
      "ResponseHeaders": {
        "Content-Length": "0",
        "Date": "Mon, 25 Sep 2023 21:56:29 GMT",
        "ETag": "\u00220x8DBBE1245D1E09F\u0022",
        "Last-Modified": "Mon, 25 Sep 2023 21:56:29 GMT",
        "Server": [
          "Windows-Azure-Blob/1.0",
          "Microsoft-HTTPAPI/2.0"
        ],
        "x-ms-client-request-id": "eef1c04d-3bf4-4eb8-90ef-94bf0a8f007b",
        "x-ms-request-id": "c7259722-e01e-00db-58fb-efcbb1000000",
        "x-ms-version": "2023-08-03"
      },
      "ResponseBody": null
    },
    {
      "RequestUri": "https://REDACTED/2867577b0985154334d515f19a434b837b5804/2867577b192329e87b7b7301e648fba9497495?resource=directory",
      "RequestMethod": "PUT",
      "RequestHeaders": {
        "Accept": "application/json",
        "Authorization": "Sanitized",
        "Content-Length": "0",
        "Date": "Mon, 25 Sep 2023 21:56:29 GMT",
        "If-None-Match": "*",
        "User-Agent": "azsdk-java-azure-storage-file-datalake/12.18.0-beta.1 (17.0.8; Windows 11; 10.0)",
        "x-ms-client-request-id": "d5f605cc-e6ae-4f06-a22d-1c866c99c396",
        "x-ms-version": "2023-08-03"
      },
      "RequestBody": null,
      "StatusCode": 201,
      "ResponseHeaders": {
        "Content-Length": "0",
        "Date": "Mon, 25 Sep 2023 21:56:29 GMT",
        "ETag": "\u00220x8DBBE1245E23212\u0022",
        "Last-Modified": "Mon, 25 Sep 2023 21:56:29 GMT",
        "Server": [
          "Windows-Azure-HDFS/1.0",
          "Microsoft-HTTPAPI/2.0"
        ],
        "x-ms-client-request-id": "d5f605cc-e6ae-4f06-a22d-1c866c99c396",
        "x-ms-request-id": "a3d1cd54-b01f-001d-36fb-ef0030000000",
        "x-ms-request-server-encrypted": "true",
        "x-ms-version": "2023-08-03"
      },
      "ResponseBody": null
    },
    {
      "RequestUri": "https://REDACTED/2867577b0985154334d515f19a434b837b5804/?action=setAccessControl",
      "RequestMethod": "PATCH",
      "RequestHeaders": {
        "Accept": "application/json",
        "Authorization": "Sanitized",
        "Content-Length": "0",
        "Date": "Mon, 25 Sep 2023 21:56:29 GMT",
        "User-Agent": "azsdk-java-azure-storage-file-datalake/12.18.0-beta.1 (17.0.8; Windows 11; 10.0)",
        "x-ms-acl": "user::--x,group::--x,other::--x",
        "x-ms-client-request-id": "5c868daf-0335-4725-b05b-c579f9d62fe4",
        "x-ms-version": "2023-08-03"
      },
      "RequestBody": null,
      "StatusCode": 200,
      "ResponseHeaders": {
        "Content-Length": "0",
        "Date": "Mon, 25 Sep 2023 21:56:29 GMT",
        "ETag": "\u00220x8DBBE1245D4084A\u0022",
        "Last-Modified": "Mon, 25 Sep 2023 21:56:29 GMT",
        "Server": [
          "Windows-Azure-HDFS/1.0",
          "Microsoft-HTTPAPI/2.0"
        ],
        "x-ms-client-request-id": "5c868daf-0335-4725-b05b-c579f9d62fe4",
        "x-ms-namespace-enabled": "true",
        "x-ms-request-id": "a3d1cd5a-b01f-001d-3cfb-ef0030000000",
        "x-ms-version": "2023-08-03"
      },
      "ResponseBody": null
    },
    {
      "RequestUri": "https://REDACTED/2867577b0985154334d515f19a434b837b5804/2867577b281337821442c981fc47ba8447bd47?resource=directory",
      "RequestMethod": "PUT",
      "RequestHeaders": {
        "Accept": "application/json",
        "Authorization": "Sanitized",
        "Content-Length": "0",
        "Date": "Mon, 25 Sep 2023 21:56:29 GMT",
        "If-None-Match": "*",
        "User-Agent": "azsdk-java-azure-storage-file-datalake/12.18.0-beta.1 (17.0.8; Windows 11; 10.0)",
        "x-ms-client-request-id": "0f643047-7eb9-430a-89ef-7f02c512e15a",
        "x-ms-version": "2023-08-03"
      },
      "RequestBody": null,
      "StatusCode": 201,
      "ResponseHeaders": {
        "Content-Length": "0",
        "Date": "Mon, 25 Sep 2023 21:56:29 GMT",
        "ETag": "\u00220x8DBBE124616BC32\u0022",
        "Last-Modified": "Mon, 25 Sep 2023 21:56:29 GMT",
        "Server": [
          "Windows-Azure-HDFS/1.0",
          "Microsoft-HTTPAPI/2.0"
        ],
        "x-ms-client-request-id": "0f643047-7eb9-430a-89ef-7f02c512e15a",
        "x-ms-request-id": "672b9ee7-101f-0049-03fb-ef4f67000000",
        "x-ms-request-server-encrypted": "true",
        "x-ms-version": "2023-08-03"
      },
      "ResponseBody": null
    },
    {
      "RequestUri": "https://REDACTED/2867577b0985154334d515f19a434b837b5804/2867577b281337821442c981fc47ba8447bd47%2F2867577b387940ee4d383729074314b0109e53?resource=directory",
      "RequestMethod": "PUT",
      "RequestHeaders": {
        "Accept": "application/json",
        "Authorization": "Sanitized",
        "Content-Length": "0",
        "Date": "Mon, 25 Sep 2023 21:56:29 GMT",
        "If-None-Match": "*",
        "User-Agent": "azsdk-java-azure-storage-file-datalake/12.18.0-beta.1 (17.0.8; Windows 11; 10.0)",
        "x-ms-client-request-id": "c8c4d780-674e-4855-8b2b-57ad7b93c539",
        "x-ms-version": "2023-08-03"
      },
      "RequestBody": null,
      "StatusCode": 201,
      "ResponseHeaders": {
        "Content-Length": "0",
        "Date": "Mon, 25 Sep 2023 21:56:29 GMT",
        "ETag": "\u00220x8DBBE12462652CE\u0022",
        "Last-Modified": "Mon, 25 Sep 2023 21:56:29 GMT",
        "Server": [
          "Windows-Azure-HDFS/1.0",
          "Microsoft-HTTPAPI/2.0"
        ],
        "x-ms-client-request-id": "c8c4d780-674e-4855-8b2b-57ad7b93c539",
        "x-ms-request-id": "672b9efa-101f-0049-16fb-ef4f67000000",
        "x-ms-request-server-encrypted": "true",
        "x-ms-version": "2023-08-03"
      },
      "ResponseBody": null
    },
    {
      "RequestUri": "https://REDACTED/2867577b0985154334d515f19a434b837b5804/2867577b281337821442c981fc47ba8447bd47%2F2867577b387940ee4d383729074314b0109e53%2F2867577b4229827c85596dd25349cd92d15af2?resource=file",
      "RequestMethod": "PUT",
      "RequestHeaders": {
        "Accept": "application/json",
        "Authorization": "Sanitized",
        "Content-Length": "0",
        "Date": "Mon, 25 Sep 2023 21:56:29 GMT",
        "If-None-Match": "*",
        "User-Agent": "azsdk-java-azure-storage-file-datalake/12.18.0-beta.1 (17.0.8; Windows 11; 10.0)",
        "x-ms-client-request-id": "eb066f6d-34d6-44eb-b749-d9c633601692",
        "x-ms-version": "2023-08-03"
      },
      "RequestBody": null,
      "StatusCode": 201,
      "ResponseHeaders": {
        "Content-Length": "0",
        "Date": "Mon, 25 Sep 2023 21:56:29 GMT",
        "ETag": "\u00220x8DBBE12463ED5FB\u0022",
        "Last-Modified": "Mon, 25 Sep 2023 21:56:30 GMT",
        "Server": [
          "Windows-Azure-HDFS/1.0",
          "Microsoft-HTTPAPI/2.0"
        ],
        "x-ms-client-request-id": "eb066f6d-34d6-44eb-b749-d9c633601692",
        "x-ms-request-id": "672b9f0a-101f-0049-26fb-ef4f67000000",
        "x-ms-request-server-encrypted": "true",
        "x-ms-version": "2023-08-03"
      },
      "ResponseBody": null
    },
    {
      "RequestUri": "https://REDACTED/2867577b0985154334d515f19a434b837b5804/2867577b281337821442c981fc47ba8447bd47%2F2867577b387940ee4d383729074314b0109e53%2F2867577b562528c1a7dcbca1bc45c4aee1904d?resource=file",
      "RequestMethod": "PUT",
      "RequestHeaders": {
        "Accept": "application/json",
        "Authorization": "Sanitized",
        "Content-Length": "0",
        "Date": "Mon, 25 Sep 2023 21:56:29 GMT",
        "If-None-Match": "*",
        "User-Agent": "azsdk-java-azure-storage-file-datalake/12.18.0-beta.1 (17.0.8; Windows 11; 10.0)",
        "x-ms-client-request-id": "24f91c0e-875d-4dcc-8d5b-502a41652454",
        "x-ms-version": "2023-08-03"
      },
      "RequestBody": null,
      "StatusCode": 201,
      "ResponseHeaders": {
        "Content-Length": "0",
        "Date": "Mon, 25 Sep 2023 21:56:29 GMT",
        "ETag": "\u00220x8DBBE12464EC097\u0022",
        "Last-Modified": "Mon, 25 Sep 2023 21:56:30 GMT",
        "Server": [
          "Windows-Azure-HDFS/1.0",
          "Microsoft-HTTPAPI/2.0"
        ],
        "x-ms-client-request-id": "24f91c0e-875d-4dcc-8d5b-502a41652454",
        "x-ms-request-id": "672b9f29-101f-0049-45fb-ef4f67000000",
        "x-ms-request-server-encrypted": "true",
        "x-ms-version": "2023-08-03"
      },
      "ResponseBody": null
    },
    {
      "RequestUri": "https://REDACTED/2867577b0985154334d515f19a434b837b5804/2867577b281337821442c981fc47ba8447bd47%2F2867577b626192400f500dfd1845368eda69b3?resource=directory",
      "RequestMethod": "PUT",
      "RequestHeaders": {
        "Accept": "application/json",
        "Authorization": "Sanitized",
        "Content-Length": "0",
        "Date": "Mon, 25 Sep 2023 21:56:29 GMT",
        "If-None-Match": "*",
        "User-Agent": "azsdk-java-azure-storage-file-datalake/12.18.0-beta.1 (17.0.8; Windows 11; 10.0)",
        "x-ms-client-request-id": "b4b3c0b3-e65d-4a44-bb42-01c7ca607922",
        "x-ms-version": "2023-08-03"
      },
      "RequestBody": null,
      "StatusCode": 201,
      "ResponseHeaders": {
        "Content-Length": "0",
        "Date": "Mon, 25 Sep 2023 21:56:29 GMT",
        "ETag": "\u00220x8DBBE12465E4ECC\u0022",
        "Last-Modified": "Mon, 25 Sep 2023 21:56:30 GMT",
        "Server": [
          "Windows-Azure-HDFS/1.0",
          "Microsoft-HTTPAPI/2.0"
        ],
        "x-ms-client-request-id": "b4b3c0b3-e65d-4a44-bb42-01c7ca607922",
        "x-ms-request-id": "672b9f41-101f-0049-5dfb-ef4f67000000",
        "x-ms-request-server-encrypted": "true",
        "x-ms-version": "2023-08-03"
      },
      "ResponseBody": null
    },
    {
      "RequestUri": "https://REDACTED/2867577b0985154334d515f19a434b837b5804/2867577b281337821442c981fc47ba8447bd47%2F2867577b626192400f500dfd1845368eda69b3%2F2867577b77503333c524a99d5a4969bb8ddf16?resource=file",
      "RequestMethod": "PUT",
      "RequestHeaders": {
        "Accept": "application/json",
        "Authorization": "Sanitized",
        "Content-Length": "0",
        "Date": "Mon, 25 Sep 2023 21:56:30 GMT",
        "If-None-Match": "*",
        "User-Agent": "azsdk-java-azure-storage-file-datalake/12.18.0-beta.1 (17.0.8; Windows 11; 10.0)",
        "x-ms-client-request-id": "5e051c20-b50d-45ba-b098-2e98573fce3e",
        "x-ms-version": "2023-08-03"
      },
      "RequestBody": null,
      "StatusCode": 201,
      "ResponseHeaders": {
        "Content-Length": "0",
        "Date": "Mon, 25 Sep 2023 21:56:29 GMT",
        "ETag": "\u00220x8DBBE12466FDC84\u0022",
        "Last-Modified": "Mon, 25 Sep 2023 21:56:30 GMT",
        "Server": [
          "Windows-Azure-HDFS/1.0",
          "Microsoft-HTTPAPI/2.0"
        ],
        "x-ms-client-request-id": "5e051c20-b50d-45ba-b098-2e98573fce3e",
        "x-ms-request-id": "672b9f55-101f-0049-71fb-ef4f67000000",
        "x-ms-request-server-encrypted": "true",
        "x-ms-version": "2023-08-03"
      },
      "ResponseBody": null
    },
    {
      "RequestUri": "https://REDACTED/2867577b0985154334d515f19a434b837b5804/2867577b281337821442c981fc47ba8447bd47?action=setAccessControl",
      "RequestMethod": "PATCH",
      "RequestHeaders": {
        "Accept": "application/json",
        "Authorization": "Sanitized",
        "Content-Length": "0",
        "Date": "Mon, 25 Sep 2023 21:56:30 GMT",
        "User-Agent": "azsdk-java-azure-storage-file-datalake/12.18.0-beta.1 (17.0.8; Windows 11; 10.0)",
        "x-ms-client-request-id": "db5064ea-6a2d-4a9b-89bd-bc7782aaa3b7",
        "x-ms-owner": "94642205-f805-4806-809c-102600a351cf",
        "x-ms-permissions": "0777",
        "x-ms-version": "2023-08-03"
      },
      "RequestBody": null,
      "StatusCode": 200,
      "ResponseHeaders": {
        "Content-Length": "0",
        "Date": "Mon, 25 Sep 2023 21:56:30 GMT",
        "ETag": "\u00220x8DBBE124616BC32\u0022",
        "Last-Modified": "Mon, 25 Sep 2023 21:56:29 GMT",
        "Server": [
          "Windows-Azure-HDFS/1.0",
          "Microsoft-HTTPAPI/2.0"
        ],
        "x-ms-client-request-id": "db5064ea-6a2d-4a9b-89bd-bc7782aaa3b7",
        "x-ms-namespace-enabled": "true",
        "x-ms-request-id": "672b9f69-101f-0049-05fb-ef4f67000000",
        "x-ms-version": "2023-08-03"
      },
      "ResponseBody": null
    },
    {
      "RequestUri": "https://REDACTED/2867577b0985154334d515f19a434b837b5804/2867577b281337821442c981fc47ba8447bd47%2F2867577b387940ee4d383729074314b0109e53?action=setAccessControl",
      "RequestMethod": "PATCH",
      "RequestHeaders": {
        "Accept": "application/json",
        "Authorization": "Sanitized",
        "Content-Length": "0",
        "Date": "Mon, 25 Sep 2023 21:56:30 GMT",
        "User-Agent": "azsdk-java-azure-storage-file-datalake/12.18.0-beta.1 (17.0.8; Windows 11; 10.0)",
        "x-ms-client-request-id": "1f299664-e292-48ad-aa2d-6fdcd633611a",
        "x-ms-owner": "94642205-f805-4806-809c-102600a351cf",
        "x-ms-permissions": "0777",
        "x-ms-version": "2023-08-03"
      },
      "RequestBody": null,
      "StatusCode": 200,
      "ResponseHeaders": {
        "Content-Length": "0",
        "Date": "Mon, 25 Sep 2023 21:56:30 GMT",
        "ETag": "\u00220x8DBBE12462652CE\u0022",
        "Last-Modified": "Mon, 25 Sep 2023 21:56:29 GMT",
        "Server": [
          "Windows-Azure-HDFS/1.0",
          "Microsoft-HTTPAPI/2.0"
        ],
        "x-ms-client-request-id": "1f299664-e292-48ad-aa2d-6fdcd633611a",
        "x-ms-namespace-enabled": "true",
        "x-ms-request-id": "672b9f7b-101f-0049-17fb-ef4f67000000",
        "x-ms-version": "2023-08-03"
      },
      "ResponseBody": null
    },
    {
      "RequestUri": "https://REDACTED/2867577b0985154334d515f19a434b837b5804/2867577b281337821442c981fc47ba8447bd47%2F2867577b387940ee4d383729074314b0109e53%2F2867577b4229827c85596dd25349cd92d15af2?action=setAccessControl",
      "RequestMethod": "PATCH",
      "RequestHeaders": {
        "Accept": "application/json",
        "Authorization": "Sanitized",
        "Content-Length": "0",
        "Date": "Mon, 25 Sep 2023 21:56:30 GMT",
        "User-Agent": "azsdk-java-azure-storage-file-datalake/12.18.0-beta.1 (17.0.8; Windows 11; 10.0)",
        "x-ms-client-request-id": "39f10133-711d-4315-9916-af4d3263ba88",
        "x-ms-owner": "94642205-f805-4806-809c-102600a351cf",
        "x-ms-permissions": "0777",
        "x-ms-version": "2023-08-03"
      },
      "RequestBody": null,
      "StatusCode": 200,
      "ResponseHeaders": {
        "Content-Length": "0",
        "Date": "Mon, 25 Sep 2023 21:56:30 GMT",
        "ETag": "\u00220x8DBBE12463ED5FB\u0022",
        "Last-Modified": "Mon, 25 Sep 2023 21:56:30 GMT",
        "Server": [
          "Windows-Azure-HDFS/1.0",
          "Microsoft-HTTPAPI/2.0"
        ],
        "x-ms-client-request-id": "39f10133-711d-4315-9916-af4d3263ba88",
        "x-ms-namespace-enabled": "true",
        "x-ms-request-id": "672b9f99-101f-0049-35fb-ef4f67000000",
        "x-ms-version": "2023-08-03"
      },
      "ResponseBody": null
    },
    {
      "RequestUri": "https://REDACTED/2867577b0985154334d515f19a434b837b5804/2867577b281337821442c981fc47ba8447bd47%2F2867577b387940ee4d383729074314b0109e53%2F2867577b562528c1a7dcbca1bc45c4aee1904d?action=setAccessControl",
      "RequestMethod": "PATCH",
      "RequestHeaders": {
        "Accept": "application/json",
        "Authorization": "Sanitized",
        "Content-Length": "0",
        "Date": "Mon, 25 Sep 2023 21:56:30 GMT",
        "User-Agent": "azsdk-java-azure-storage-file-datalake/12.18.0-beta.1 (17.0.8; Windows 11; 10.0)",
        "x-ms-client-request-id": "f5ce5b5f-8732-4fb8-8f56-ea175fb970d6",
        "x-ms-owner": "94642205-f805-4806-809c-102600a351cf",
        "x-ms-permissions": "0777",
        "x-ms-version": "2023-08-03"
      },
      "RequestBody": null,
      "StatusCode": 200,
      "ResponseHeaders": {
        "Content-Length": "0",
        "Date": "Mon, 25 Sep 2023 21:56:30 GMT",
        "ETag": "\u00220x8DBBE12464EC097\u0022",
        "Last-Modified": "Mon, 25 Sep 2023 21:56:30 GMT",
        "Server": [
          "Windows-Azure-HDFS/1.0",
          "Microsoft-HTTPAPI/2.0"
        ],
        "x-ms-client-request-id": "f5ce5b5f-8732-4fb8-8f56-ea175fb970d6",
        "x-ms-namespace-enabled": "true",
        "x-ms-request-id": "672b9fb4-101f-0049-50fb-ef4f67000000",
        "x-ms-version": "2023-08-03"
      },
      "ResponseBody": null
    },
    {
      "RequestUri": "https://REDACTED/2867577b0985154334d515f19a434b837b5804/2867577b281337821442c981fc47ba8447bd47%2F2867577b626192400f500dfd1845368eda69b3?action=setAccessControl",
      "RequestMethod": "PATCH",
      "RequestHeaders": {
        "Accept": "application/json",
        "Authorization": "Sanitized",
        "Content-Length": "0",
        "Date": "Mon, 25 Sep 2023 21:56:30 GMT",
        "User-Agent": "azsdk-java-azure-storage-file-datalake/12.18.0-beta.1 (17.0.8; Windows 11; 10.0)",
        "x-ms-client-request-id": "4a24e746-4974-4d72-9b17-89ae3d1fabc9",
        "x-ms-owner": "94642205-f805-4806-809c-102600a351cf",
        "x-ms-permissions": "0777",
        "x-ms-version": "2023-08-03"
      },
      "RequestBody": null,
      "StatusCode": 200,
      "ResponseHeaders": {
        "Content-Length": "0",
        "Date": "Mon, 25 Sep 2023 21:56:30 GMT",
        "ETag": "\u00220x8DBBE12465E4ECC\u0022",
        "Last-Modified": "Mon, 25 Sep 2023 21:56:30 GMT",
        "Server": [
          "Windows-Azure-HDFS/1.0",
          "Microsoft-HTTPAPI/2.0"
        ],
        "x-ms-client-request-id": "4a24e746-4974-4d72-9b17-89ae3d1fabc9",
        "x-ms-namespace-enabled": "true",
        "x-ms-request-id": "672b9fd0-101f-0049-6cfb-ef4f67000000",
        "x-ms-version": "2023-08-03"
      },
      "ResponseBody": null
    },
    {
      "RequestUri": "https://REDACTED/2867577b0985154334d515f19a434b837b5804/2867577b281337821442c981fc47ba8447bd47%2F2867577b626192400f500dfd1845368eda69b3%2F2867577b77503333c524a99d5a4969bb8ddf16?action=setAccessControl",
      "RequestMethod": "PATCH",
      "RequestHeaders": {
        "Accept": "application/json",
        "Authorization": "Sanitized",
        "Content-Length": "0",
        "Date": "Mon, 25 Sep 2023 21:56:30 GMT",
        "User-Agent": "azsdk-java-azure-storage-file-datalake/12.18.0-beta.1 (17.0.8; Windows 11; 10.0)",
        "x-ms-client-request-id": "f3fe69f0-1f3c-46ad-befb-a1989fa63c08",
        "x-ms-owner": "94642205-f805-4806-809c-102600a351cf",
        "x-ms-permissions": "0777",
        "x-ms-version": "2023-08-03"
      },
      "RequestBody": null,
      "StatusCode": 200,
      "ResponseHeaders": {
        "Content-Length": "0",
        "Date": "Mon, 25 Sep 2023 21:56:30 GMT",
        "ETag": "\u00220x8DBBE12466FDC84\u0022",
        "Last-Modified": "Mon, 25 Sep 2023 21:56:30 GMT",
        "Server": [
          "Windows-Azure-HDFS/1.0",
          "Microsoft-HTTPAPI/2.0"
        ],
        "x-ms-client-request-id": "f3fe69f0-1f3c-46ad-befb-a1989fa63c08",
        "x-ms-namespace-enabled": "true",
        "x-ms-request-id": "672b9fe6-101f-0049-02fb-ef4f67000000",
        "x-ms-version": "2023-08-03"
      },
      "ResponseBody": null
    },
    {
      "RequestUri": "https://REDACTED/2867577b0985154334d515f19a434b837b5804/2867577b281337821442c981fc47ba8447bd47%2F2867577b626192400f500dfd1845368eda69b3%2F2867577b815976580d6f2402774d53ba18b4f9?resource=file",
      "RequestMethod": "PUT",
      "RequestHeaders": {
        "Accept": "application/json",
        "Authorization": "Sanitized",
        "Content-Length": "0",
        "Date": "Mon, 25 Sep 2023 21:56:30 GMT",
        "If-None-Match": "*",
        "User-Agent": "azsdk-java-azure-storage-file-datalake/12.18.0-beta.1 (17.0.8; Windows 11; 10.0)",
        "x-ms-client-request-id": "cf4f6b56-69c3-42bc-a57d-903611ab1f3b",
        "x-ms-version": "2023-08-03"
      },
      "RequestBody": null,
      "StatusCode": 201,
      "ResponseHeaders": {
        "Content-Length": "0",
        "Date": "Mon, 25 Sep 2023 21:56:30 GMT",
        "ETag": "\u00220x8DBBE1246E31624\u0022",
        "Last-Modified": "Mon, 25 Sep 2023 21:56:31 GMT",
        "Server": [
          "Windows-Azure-HDFS/1.0",
          "Microsoft-HTTPAPI/2.0"
        ],
        "x-ms-client-request-id": "cf4f6b56-69c3-42bc-a57d-903611ab1f3b",
        "x-ms-request-id": "672b9ff8-101f-0049-14fb-ef4f67000000",
        "x-ms-request-server-encrypted": "true",
        "x-ms-version": "2023-08-03"
      },
      "ResponseBody": null
    },
    {
      "RequestUri": "https://REDACTED/2867577b0985154334d515f19a434b837b5804/2867577b281337821442c981fc47ba8447bd47%2F2867577b626192400f500dfd1845368eda69b3%2F2867577b9353196ded4e3a6e69415fa795e7a6?resource=file",
      "RequestMethod": "PUT",
      "RequestHeaders": {
        "Accept": "application/json",
        "Authorization": "Sanitized",
        "Content-Length": "0",
        "Date": "Mon, 25 Sep 2023 21:56:30 GMT",
        "If-None-Match": "*",
        "User-Agent": "azsdk-java-azure-storage-file-datalake/12.18.0-beta.1 (17.0.8; Windows 11; 10.0)",
        "x-ms-client-request-id": "2bb52e21-1fd3-467e-ac50-6fca67289c88",
        "x-ms-version": "2023-08-03"
      },
      "RequestBody": null,
      "StatusCode": 201,
      "ResponseHeaders": {
        "Content-Length": "0",
        "Date": "Mon, 25 Sep 2023 21:56:30 GMT",
        "ETag": "\u00220x8DBBE1246F21FC3\u0022",
        "Last-Modified": "Mon, 25 Sep 2023 21:56:31 GMT",
        "Server": [
          "Windows-Azure-HDFS/1.0",
          "Microsoft-HTTPAPI/2.0"
        ],
        "x-ms-client-request-id": "2bb52e21-1fd3-467e-ac50-6fca67289c88",
        "x-ms-request-id": "672ba009-101f-0049-25fb-ef4f67000000",
        "x-ms-request-server-encrypted": "true",
        "x-ms-version": "2023-08-03"
      },
      "ResponseBody": null
    },
    {
      "RequestUri": "https://REDACTED/2867577b0985154334d515f19a434b837b5804/2867577b281337821442c981fc47ba8447bd47%2F2867577b626192400f500dfd1845368eda69b3%2F2867577b1041156cf84fa2d4c434045b375287a?resource=file",
      "RequestMethod": "PUT",
      "RequestHeaders": {
        "Accept": "application/json",
        "Authorization": "Sanitized",
        "Content-Length": "0",
        "Date": "Mon, 25 Sep 2023 21:56:31 GMT",
        "If-None-Match": "*",
        "User-Agent": "azsdk-java-azure-storage-file-datalake/12.18.0-beta.1 (17.0.8; Windows 11; 10.0)",
        "x-ms-client-request-id": "22a20044-97b5-4eb3-8370-4d7c7049c183",
        "x-ms-version": "2023-08-03"
      },
      "RequestBody": null,
      "StatusCode": 201,
      "ResponseHeaders": {
        "Content-Length": "0",
        "Date": "Mon, 25 Sep 2023 21:56:30 GMT",
        "ETag": "\u00220x8DBBE12470143F0\u0022",
        "Last-Modified": "Mon, 25 Sep 2023 21:56:31 GMT",
        "Server": [
          "Windows-Azure-HDFS/1.0",
          "Microsoft-HTTPAPI/2.0"
        ],
        "x-ms-client-request-id": "22a20044-97b5-4eb3-8370-4d7c7049c183",
        "x-ms-request-id": "672ba019-101f-0049-35fb-ef4f67000000",
        "x-ms-request-server-encrypted": "true",
        "x-ms-version": "2023-08-03"
      },
      "ResponseBody": null
    },
    {
      "RequestUri": "https://REDACTED/2867577b0985154334d515f19a434b837b5804/2867577b281337821442c981fc47ba8447bd47%2F2867577b626192400f500dfd1845368eda69b3%2F2867577b1173793b1b07969c6c847849f92c0ec?resource=directory",
      "RequestMethod": "PUT",
      "RequestHeaders": {
        "Accept": "application/json",
        "Authorization": "Sanitized",
        "Content-Length": "0",
        "Date": "Mon, 25 Sep 2023 21:56:31 GMT",
        "If-None-Match": "*",
        "User-Agent": "azsdk-java-azure-storage-file-datalake/12.18.0-beta.1 (17.0.8; Windows 11; 10.0)",
        "x-ms-client-request-id": "a0c34927-1b7c-4421-ad05-4f41d05c4d85",
        "x-ms-version": "2023-08-03"
      },
      "RequestBody": null,
      "StatusCode": 201,
      "ResponseHeaders": {
        "Content-Length": "0",
        "Date": "Mon, 25 Sep 2023 21:56:30 GMT",
        "ETag": "\u00220x8DBBE12470FBCA2\u0022",
        "Last-Modified": "Mon, 25 Sep 2023 21:56:31 GMT",
        "Server": [
          "Windows-Azure-HDFS/1.0",
          "Microsoft-HTTPAPI/2.0"
        ],
        "x-ms-client-request-id": "a0c34927-1b7c-4421-ad05-4f41d05c4d85",
        "x-ms-request-id": "672ba02b-101f-0049-47fb-ef4f67000000",
        "x-ms-request-server-encrypted": "true",
        "x-ms-version": "2023-08-03"
      },
      "ResponseBody": null
    },
    {
      "RequestUri": "https://REDACTED/2867577b0985154334d515f19a434b837b5804/2867577b281337821442c981fc47ba8447bd47%2F2867577b387940ee4d383729074314b0109e53%2F2867577b12452719937233525ba4a1c8595ee26?resource=file",
      "RequestMethod": "PUT",
      "RequestHeaders": {
        "Accept": "application/json",
        "Authorization": "Sanitized",
        "Content-Length": "0",
        "Date": "Mon, 25 Sep 2023 21:56:31 GMT",
        "If-None-Match": "*",
        "User-Agent": "azsdk-java-azure-storage-file-datalake/12.18.0-beta.1 (17.0.8; Windows 11; 10.0)",
        "x-ms-client-request-id": "c395b641-1d46-4931-8a96-259686cd4591",
        "x-ms-version": "2023-08-03"
      },
      "RequestBody": null,
      "StatusCode": 201,
      "ResponseHeaders": {
        "Content-Length": "0",
        "Date": "Mon, 25 Sep 2023 21:56:31 GMT",
        "ETag": "\u00220x8DBBE12471ECB11\u0022",
        "Last-Modified": "Mon, 25 Sep 2023 21:56:31 GMT",
        "Server": [
          "Windows-Azure-HDFS/1.0",
          "Microsoft-HTTPAPI/2.0"
        ],
        "x-ms-client-request-id": "c395b641-1d46-4931-8a96-259686cd4591",
        "x-ms-request-id": "672ba039-101f-0049-55fb-ef4f67000000",
        "x-ms-request-server-encrypted": "true",
        "x-ms-version": "2023-08-03"
      },
      "ResponseBody": null
    },
    {
      "RequestUri": "https://REDACTED/2867577b0985154334d515f19a434b837b5804/2867577b281337821442c981fc47ba8447bd47%2F2867577b387940ee4d383729074314b0109e53%2F2867577b1326075f0207e347fdf43b6b5cffb18?resource=file",
      "RequestMethod": "PUT",
      "RequestHeaders": {
        "Accept": "application/json",
        "Authorization": "Sanitized",
        "Content-Length": "0",
        "Date": "Mon, 25 Sep 2023 21:56:31 GMT",
        "If-None-Match": "*",
        "User-Agent": "azsdk-java-azure-storage-file-datalake/12.18.0-beta.1 (17.0.8; Windows 11; 10.0)",
        "x-ms-client-request-id": "ffdd00de-02a7-4ec2-bc1e-d74e6f12e157",
        "x-ms-version": "2023-08-03"
      },
      "RequestBody": null,
      "StatusCode": 201,
      "ResponseHeaders": {
        "Content-Length": "0",
        "Date": "Mon, 25 Sep 2023 21:56:31 GMT",
        "ETag": "\u00220x8DBBE12472FCB61\u0022",
        "Last-Modified": "Mon, 25 Sep 2023 21:56:31 GMT",
        "Server": [
          "Windows-Azure-HDFS/1.0",
          "Microsoft-HTTPAPI/2.0"
        ],
        "x-ms-client-request-id": "ffdd00de-02a7-4ec2-bc1e-d74e6f12e157",
        "x-ms-request-id": "672ba04c-101f-0049-68fb-ef4f67000000",
        "x-ms-request-server-encrypted": "true",
        "x-ms-version": "2023-08-03"
      },
      "ResponseBody": null
    },
    {
      "RequestUri": "https://REDACTED/2867577b0985154334d515f19a434b837b5804/2867577b281337821442c981fc47ba8447bd47%2F2867577b148459602336716fb9d48fb97f940b8?resource=directory",
      "RequestMethod": "PUT",
      "RequestHeaders": {
        "Accept": "application/json",
        "Authorization": "Sanitized",
        "Content-Length": "0",
        "Date": "Mon, 25 Sep 2023 21:56:31 GMT",
        "If-None-Match": "*",
        "User-Agent": "azsdk-java-azure-storage-file-datalake/12.18.0-beta.1 (17.0.8; Windows 11; 10.0)",
        "x-ms-client-request-id": "605f0738-4d05-4182-af6d-271584bbbaeb",
        "x-ms-version": "2023-08-03"
      },
      "RequestBody": null,
      "StatusCode": 201,
      "ResponseHeaders": {
        "Content-Length": "0",
        "Date": "Mon, 25 Sep 2023 21:56:31 GMT",
        "ETag": "\u00220x8DBBE12473E9064\u0022",
        "Last-Modified": "Mon, 25 Sep 2023 21:56:31 GMT",
        "Server": [
          "Windows-Azure-HDFS/1.0",
          "Microsoft-HTTPAPI/2.0"
        ],
        "x-ms-client-request-id": "605f0738-4d05-4182-af6d-271584bbbaeb",
        "x-ms-request-id": "672ba05e-101f-0049-79fb-ef4f67000000",
        "x-ms-request-server-encrypted": "true",
        "x-ms-version": "2023-08-03"
      },
      "ResponseBody": null
    },
    {
      "RequestUri": "https://REDACTED/2867577b0985154334d515f19a434b837b5804/2867577b281337821442c981fc47ba8447bd47%2F2867577b148459602336716fb9d48fb97f940b8%2F2867577b1504162061d03b4dbf74663a824bf5b?resource=file",
      "RequestMethod": "PUT",
      "RequestHeaders": {
        "Accept": "application/json",
        "Authorization": "Sanitized",
        "Content-Length": "0",
        "Date": "Mon, 25 Sep 2023 21:56:31 GMT",
        "If-None-Match": "*",
        "User-Agent": "azsdk-java-azure-storage-file-datalake/12.18.0-beta.1 (17.0.8; Windows 11; 10.0)",
        "x-ms-client-request-id": "72c39808-927c-4963-b8c9-95dd612a72a2",
        "x-ms-version": "2023-08-03"
      },
      "RequestBody": null,
      "StatusCode": 201,
      "ResponseHeaders": {
        "Content-Length": "0",
        "Date": "Mon, 25 Sep 2023 21:56:31 GMT",
        "ETag": "\u00220x8DBBE12474EDED7\u0022",
        "Last-Modified": "Mon, 25 Sep 2023 21:56:31 GMT",
        "Server": [
          "Windows-Azure-HDFS/1.0",
          "Microsoft-HTTPAPI/2.0"
        ],
        "x-ms-client-request-id": "72c39808-927c-4963-b8c9-95dd612a72a2",
        "x-ms-request-id": "672ba06f-101f-0049-0afb-ef4f67000000",
        "x-ms-request-server-encrypted": "true",
        "x-ms-version": "2023-08-03"
      },
      "ResponseBody": null
    },
    {
      "RequestUri": "https://REDACTED/2867577b0985154334d515f19a434b837b5804/2867577b281337821442c981fc47ba8447bd47%2F2867577b387940ee4d383729074314b0109e53%2F2867577b12452719937233525ba4a1c8595ee26?action=setAccessControl",
      "RequestMethod": "PATCH",
      "RequestHeaders": {
        "Accept": "application/json",
        "Authorization": "Sanitized",
        "Content-Length": "0",
        "Date": "Mon, 25 Sep 2023 21:56:31 GMT",
        "User-Agent": "azsdk-java-azure-storage-file-datalake/12.18.0-beta.1 (17.0.8; Windows 11; 10.0)",
        "x-ms-client-request-id": "6c7c0878-e39c-4fe6-9d45-93e1802ee919",
        "x-ms-owner": "94642205-f805-4806-809c-102600a351cf",
        "x-ms-permissions": "0777",
        "x-ms-version": "2023-08-03"
      },
      "RequestBody": null,
      "StatusCode": 200,
      "ResponseHeaders": {
        "Content-Length": "0",
        "Date": "Mon, 25 Sep 2023 21:56:31 GMT",
        "ETag": "\u00220x8DBBE12471ECB11\u0022",
        "Last-Modified": "Mon, 25 Sep 2023 21:56:31 GMT",
        "Server": [
          "Windows-Azure-HDFS/1.0",
          "Microsoft-HTTPAPI/2.0"
        ],
        "x-ms-client-request-id": "6c7c0878-e39c-4fe6-9d45-93e1802ee919",
        "x-ms-namespace-enabled": "true",
        "x-ms-request-id": "672ba07f-101f-0049-1afb-ef4f67000000",
        "x-ms-version": "2023-08-03"
      },
      "ResponseBody": null
    },
    {
      "RequestUri": "https://REDACTED/2867577b0985154334d515f19a434b837b5804/2867577b281337821442c981fc47ba8447bd47%2F2867577b387940ee4d383729074314b0109e53%2F2867577b1326075f0207e347fdf43b6b5cffb18?action=setAccessControl",
      "RequestMethod": "PATCH",
      "RequestHeaders": {
        "Accept": "application/json",
        "Authorization": "Sanitized",
        "Content-Length": "0",
        "Date": "Mon, 25 Sep 2023 21:56:31 GMT",
        "User-Agent": "azsdk-java-azure-storage-file-datalake/12.18.0-beta.1 (17.0.8; Windows 11; 10.0)",
        "x-ms-client-request-id": "f72b7c47-21ea-4e42-b2e7-f11b2db38908",
        "x-ms-owner": "94642205-f805-4806-809c-102600a351cf",
        "x-ms-permissions": "0777",
        "x-ms-version": "2023-08-03"
      },
      "RequestBody": null,
      "StatusCode": 200,
      "ResponseHeaders": {
        "Content-Length": "0",
        "Date": "Mon, 25 Sep 2023 21:56:31 GMT",
        "ETag": "\u00220x8DBBE12472FCB61\u0022",
        "Last-Modified": "Mon, 25 Sep 2023 21:56:31 GMT",
        "Server": [
          "Windows-Azure-HDFS/1.0",
          "Microsoft-HTTPAPI/2.0"
        ],
        "x-ms-client-request-id": "f72b7c47-21ea-4e42-b2e7-f11b2db38908",
        "x-ms-namespace-enabled": "true",
        "x-ms-request-id": "672ba08b-101f-0049-25fb-ef4f67000000",
        "x-ms-version": "2023-08-03"
      },
      "ResponseBody": null
    },
    {
      "RequestUri": "https://REDACTED/2867577b0985154334d515f19a434b837b5804/2867577b281337821442c981fc47ba8447bd47%2F2867577b148459602336716fb9d48fb97f940b8?action=setAccessControl",
      "RequestMethod": "PATCH",
      "RequestHeaders": {
        "Accept": "application/json",
        "Authorization": "Sanitized",
        "Content-Length": "0",
        "Date": "Mon, 25 Sep 2023 21:56:31 GMT",
        "User-Agent": "azsdk-java-azure-storage-file-datalake/12.18.0-beta.1 (17.0.8; Windows 11; 10.0)",
        "x-ms-client-request-id": "f9b7b8d2-2a53-4377-84b3-4cdb7f3beab5",
        "x-ms-owner": "94642205-f805-4806-809c-102600a351cf",
        "x-ms-permissions": "0777",
        "x-ms-version": "2023-08-03"
      },
      "RequestBody": null,
      "StatusCode": 200,
      "ResponseHeaders": {
        "Content-Length": "0",
        "Date": "Mon, 25 Sep 2023 21:56:31 GMT",
        "ETag": "\u00220x8DBBE12473E9064\u0022",
        "Last-Modified": "Mon, 25 Sep 2023 21:56:31 GMT",
        "Server": [
          "Windows-Azure-HDFS/1.0",
          "Microsoft-HTTPAPI/2.0"
        ],
        "x-ms-client-request-id": "f9b7b8d2-2a53-4377-84b3-4cdb7f3beab5",
        "x-ms-namespace-enabled": "true",
        "x-ms-request-id": "672ba09d-101f-0049-37fb-ef4f67000000",
        "x-ms-version": "2023-08-03"
      },
      "ResponseBody": null
    },
    {
      "RequestUri": "https://REDACTED/2867577b0985154334d515f19a434b837b5804/2867577b281337821442c981fc47ba8447bd47%2F2867577b148459602336716fb9d48fb97f940b8%2F2867577b1504162061d03b4dbf74663a824bf5b?action=setAccessControl",
      "RequestMethod": "PATCH",
      "RequestHeaders": {
        "Accept": "application/json",
        "Authorization": "Sanitized",
        "Content-Length": "0",
        "Date": "Mon, 25 Sep 2023 21:56:31 GMT",
        "User-Agent": "azsdk-java-azure-storage-file-datalake/12.18.0-beta.1 (17.0.8; Windows 11; 10.0)",
        "x-ms-client-request-id": "aa4608c5-1be0-419a-84ee-6dc7986f1a11",
        "x-ms-owner": "94642205-f805-4806-809c-102600a351cf",
        "x-ms-permissions": "0777",
        "x-ms-version": "2023-08-03"
      },
      "RequestBody": null,
      "StatusCode": 200,
      "ResponseHeaders": {
        "Content-Length": "0",
        "Date": "Mon, 25 Sep 2023 21:56:31 GMT",
        "ETag": "\u00220x8DBBE12474EDED7\u0022",
        "Last-Modified": "Mon, 25 Sep 2023 21:56:31 GMT",
        "Server": [
          "Windows-Azure-HDFS/1.0",
          "Microsoft-HTTPAPI/2.0"
        ],
        "x-ms-client-request-id": "aa4608c5-1be0-419a-84ee-6dc7986f1a11",
        "x-ms-namespace-enabled": "true",
        "x-ms-request-id": "672ba0c5-101f-0049-4afb-ef4f67000000",
        "x-ms-version": "2023-08-03"
      },
      "ResponseBody": null
    },
    {
      "RequestUri": "https://REDACTED/?restype=service\u0026comp=userdelegationkey",
      "RequestMethod": "POST",
      "RequestHeaders": {
        "Accept": "application/xml",
        "Authorization": "Sanitized",
        "Content-Length": "109",
        "Content-Type": "application/xml",
        "Date": "Mon, 25 Sep 2023 21:56:32 GMT",
        "User-Agent": "azsdk-java-azure-storage-blob/12.25.0-beta.1 azsdk-java-azure-storage-file-datalake/12.18.0-beta.1 (17.0.8; Windows 11; 10.0)",
        "x-ms-client-request-id": "d3e00767-7a07-4837-a983-def24bf4d44c",
        "x-ms-version": "2023-08-03"
      },
      "RequestBody": "\u003C?xml version=\u00271.0\u0027 encoding=\u0027UTF-8\u0027?\u003E\u003CKeyInfo\u003E\u003CStart\u003E\u003C/Start\u003E\u003CExpiry\u003E2023-09-25T22:56:32Z\u003C/Expiry\u003E\u003C/KeyInfo\u003E",
      "StatusCode": 200,
      "ResponseHeaders": {
        "Content-Type": "application/xml",
        "Date": "Mon, 25 Sep 2023 21:56:31 GMT",
        "Server": [
          "Windows-Azure-Blob/1.0",
          "Microsoft-HTTPAPI/2.0"
        ],
        "Transfer-Encoding": "chunked",
        "x-ms-client-request-id": "d3e00767-7a07-4837-a983-def24bf4d44c",
        "x-ms-request-id": "b545cd8b-a01e-003e-69fb-ef9af3000000",
        "x-ms-version": "2023-08-03"
      },
      "ResponseBody": "\uFEFF\u003C?xml version=\u00221.0\u0022 encoding=\u0022utf-8\u0022?\u003E\u003CUserDelegationKey\u003E\u003CSignedOid\u003EREDACTED\u003C/SignedOid\u003E\u003CSignedTid\u003EREDACTED\u003C/SignedTid\u003E\u003CSignedStart\u003E2023-09-25T21:56:32Z\u003C/SignedStart\u003E\u003CSignedExpiry\u003E2023-09-25T22:56:32Z\u003C/SignedExpiry\u003E\u003CSignedService\u003Eb\u003C/SignedService\u003E\u003CSignedVersion\u003E2023-08-03\u003C/SignedVersion\u003E\u003CValue\u003EREDACTED\u003C/Value\u003E\u003C/UserDelegationKey\u003E"
    },
    {
      "RequestUri": "https://REDACTED/2867577b0985154334d515f19a434b837b5804/2867577b281337821442c981fc47ba8447bd47?action=setAccessControlRecursive\u0026mode=remove\u0026forceFlag=true\u0026maxRecords=2\u0026sv=2023-08-03\u0026se=2023-09-25T22%3A56%3A32Z\u0026skoid=1860430b-86fd-414a-8379-0ffff7834c55\u0026sktid=72f988bf-86f1-41af-91ab-2d7cd011db47\u0026skt=2023-09-25T21%3A56%3A32Z\u0026ske=2023-09-25T22%3A56%3A32Z\u0026sks=b\u0026skv=2023-08-03\u0026suoid=94642205-f805-4806-809c-102600a351cf\u0026sr=d\u0026sp=racwdlmeop\u0026sdd=1\u0026REDACTED",
      "RequestMethod": "PATCH",
      "RequestHeaders": {
        "Accept": "application/json",
        "Content-Length": "0",
        "Date": "Mon, 25 Sep 2023 21:56:32 GMT",
        "User-Agent": "azsdk-java-azure-storage-file-datalake/12.18.0-beta.1 (17.0.8; Windows 11; 10.0)",
        "x-ms-acl": "mask:,default:user,default:group,user:ec3595d6-2c17-4696-8caa-7e139758d24a,group:ec3595d6-2c17-4696-8caa-7e139758d24a,default:user:ec3595d6-2c17-4696-8caa-7e139758d24a,default:group:ec3595d6-2c17-4696-8caa-7e139758d24a",
        "x-ms-client-request-id": "30a2d271-afe7-4c44-8c07-2a805407a676",
        "x-ms-version": "2023-08-03"
      },
      "RequestBody": null,
      "StatusCode": 200,
      "ResponseHeaders": {
        "Date": "Mon, 25 Sep 2023 21:56:32 GMT",
        "Server": [
          "Windows-Azure-HDFS/1.0",
          "Microsoft-HTTPAPI/2.0"
        ],
        "Transfer-Encoding": "chunked",
        "x-ms-client-request-id": "30a2d271-afe7-4c44-8c07-2a805407a676",
        "x-ms-continuation": "VBahu7TNk\u002ByfxR0Y2gEY1AEvaWJyYW5kZXNzdG9yYWdlbGFrZQEwMUQ5QzcwODgyQTdCNzZELzI4Njc1NzdiMDk4NTE1NDMzNGQ1MTVmMTlhNDM0YjgzN2I1ODA0ATAxRDlFRkZCMjM1QjY5RTAvMjg2NzU3N2IyODEzMzc4MjE0NDJjOTgxZmM0N2JhODQ0N2JkNDcvMjg2NzU3N2IxNDg0NTk2MDIzMzY3MTZmYjlkNDhmYjk3Zjk0MGI4LzI4Njc1NzdiMTUwNDE2MjA2MWQwM2I0ZGJmNzQ2NjNhODI0YmY1YhYAAAA=",
        "x-ms-namespace-enabled": "true",
        "x-ms-request-id": "dbbdb58f-d01f-0024-03fb-effb2c000000",
        "x-ms-version": "2023-08-03"
      },
      "ResponseBody": "eyJkaXJlY3Rvcmllc1N1Y2Nlc3NmdWwiOjIsImZhaWxlZEVudHJpZXMiOltdLCJmYWlsdXJlQ291bnQiOjAsImZpbGVzU3VjY2Vzc2Z1bCI6MH0K"
    },
    {
      "RequestUri": "https://REDACTED/2867577b0985154334d515f19a434b837b5804/2867577b281337821442c981fc47ba8447bd47?action=setAccessControlRecursive\u0026continuation=VBahu7TNk%2ByfxR0Y2gEY1AEvaWJyYW5kZXNzdG9yYWdlbGFrZQEwMUQ5QzcwODgyQTdCNzZELzI4Njc1NzdiMDk4NTE1NDMzNGQ1MTVmMTlhNDM0YjgzN2I1ODA0ATAxRDlFRkZCMjM1QjY5RTAvMjg2NzU3N2IyODEzMzc4MjE0NDJjOTgxZmM0N2JhODQ0N2JkNDcvMjg2NzU3N2IxNDg0NTk2MDIzMzY3MTZmYjlkNDhmYjk3Zjk0MGI4LzI4Njc1NzdiMTUwNDE2MjA2MWQwM2I0ZGJmNzQ2NjNhODI0YmY1YhYAAAA%3D\u0026mode=remove\u0026forceFlag=true\u0026maxRecords=2\u0026sv=2023-08-03\u0026se=2023-09-25T22%3A56%3A32Z\u0026skoid=1860430b-86fd-414a-8379-0ffff7834c55\u0026sktid=72f988bf-86f1-41af-91ab-2d7cd011db47\u0026skt=2023-09-25T21%3A56%3A32Z\u0026ske=2023-09-25T22%3A56%3A32Z\u0026sks=b\u0026skv=2023-08-03\u0026suoid=94642205-f805-4806-809c-102600a351cf\u0026sr=d\u0026sp=racwdlmeop\u0026sdd=1\u0026REDACTED",
      "RequestMethod": "PATCH",
      "RequestHeaders": {
        "Accept": "application/json",
        "Content-Length": "0",
        "Date": "Mon, 25 Sep 2023 21:56:32 GMT",
        "User-Agent": "azsdk-java-azure-storage-file-datalake/12.18.0-beta.1 (17.0.8; Windows 11; 10.0)",
        "x-ms-acl": "mask:,default:user,default:group,user:ec3595d6-2c17-4696-8caa-7e139758d24a,group:ec3595d6-2c17-4696-8caa-7e139758d24a,default:user:ec3595d6-2c17-4696-8caa-7e139758d24a,default:group:ec3595d6-2c17-4696-8caa-7e139758d24a",
        "x-ms-client-request-id": "818493b1-7f5f-4559-a7d8-f3b513563356",
        "x-ms-version": "2023-08-03"
      },
      "RequestBody": null,
      "StatusCode": 200,
      "ResponseHeaders": {
        "Date": "Mon, 25 Sep 2023 21:56:32 GMT",
        "Server": [
          "Windows-Azure-HDFS/1.0",
          "Microsoft-HTTPAPI/2.0"
        ],
        "Transfer-Encoding": "chunked",
        "x-ms-client-request-id": "818493b1-7f5f-4559-a7d8-f3b513563356",
        "x-ms-continuation": "VBa6n46W4pzL/xcY2QEY0wEvaWJyYW5kZXNzdG9yYWdlbGFrZQEwMUQ5QzcwODgyQTdCNzZELzI4Njc1NzdiMDk4NTE1NDMzNGQ1MTVmMTlhNDM0YjgzN2I1ODA0ATAxRDlFRkZCMjM1QjY5RTAvMjg2NzU3N2IyODEzMzc4MjE0NDJjOTgxZmM0N2JhODQ0N2JkNDcvMjg2NzU3N2IzODc5NDBlZTRkMzgzNzI5MDc0MzE0YjAxMDllNTMvMjg2NzU3N2IxMjQ1MjcxOTkzNzIzMzUyNWJhNGExYzg1OTVlZTI2FgAAAA==",
        "x-ms-namespace-enabled": "true",
        "x-ms-request-id": "dbbdb5c9-d01f-0024-3dfb-effb2c000000",
        "x-ms-version": "2023-08-03"
      },
      "ResponseBody": "eyJkaXJlY3Rvcmllc1N1Y2Nlc3NmdWwiOjEsImZhaWxlZEVudHJpZXMiOltdLCJmYWlsdXJlQ291bnQiOjAsImZpbGVzU3VjY2Vzc2Z1bCI6MX0K"
    },
    {
      "RequestUri": "https://REDACTED/2867577b0985154334d515f19a434b837b5804/2867577b281337821442c981fc47ba8447bd47?action=setAccessControlRecursive\u0026continuation=VBa6n46W4pzL/xcY2QEY0wEvaWJyYW5kZXNzdG9yYWdlbGFrZQEwMUQ5QzcwODgyQTdCNzZELzI4Njc1NzdiMDk4NTE1NDMzNGQ1MTVmMTlhNDM0YjgzN2I1ODA0ATAxRDlFRkZCMjM1QjY5RTAvMjg2NzU3N2IyODEzMzc4MjE0NDJjOTgxZmM0N2JhODQ0N2JkNDcvMjg2NzU3N2IzODc5NDBlZTRkMzgzNzI5MDc0MzE0YjAxMDllNTMvMjg2NzU3N2IxMjQ1MjcxOTkzNzIzMzUyNWJhNGExYzg1OTVlZTI2FgAAAA%3D%3D\u0026mode=remove\u0026forceFlag=true\u0026maxRecords=2\u0026sv=2023-08-03\u0026se=2023-09-25T22%3A56%3A32Z\u0026skoid=1860430b-86fd-414a-8379-0ffff7834c55\u0026sktid=72f988bf-86f1-41af-91ab-2d7cd011db47\u0026skt=2023-09-25T21%3A56%3A32Z\u0026ske=2023-09-25T22%3A56%3A32Z\u0026sks=b\u0026skv=2023-08-03\u0026suoid=94642205-f805-4806-809c-102600a351cf\u0026sr=d\u0026sp=racwdlmeop\u0026sdd=1\u0026REDACTED",
      "RequestMethod": "PATCH",
      "RequestHeaders": {
        "Accept": "application/json",
        "Content-Length": "0",
        "Date": "Mon, 25 Sep 2023 21:56:32 GMT",
        "User-Agent": "azsdk-java-azure-storage-file-datalake/12.18.0-beta.1 (17.0.8; Windows 11; 10.0)",
        "x-ms-acl": "mask:,default:user,default:group,user:ec3595d6-2c17-4696-8caa-7e139758d24a,group:ec3595d6-2c17-4696-8caa-7e139758d24a,default:user:ec3595d6-2c17-4696-8caa-7e139758d24a,default:group:ec3595d6-2c17-4696-8caa-7e139758d24a",
        "x-ms-client-request-id": "f2ea4dcb-ba40-4e9f-868e-b93d549ea7b0",
        "x-ms-version": "2023-08-03"
      },
      "RequestBody": null,
      "StatusCode": 200,
      "ResponseHeaders": {
        "Date": "Mon, 25 Sep 2023 21:56:32 GMT",
        "Server": [
          "Windows-Azure-HDFS/1.0",
          "Microsoft-HTTPAPI/2.0"
        ],
        "Transfer-Encoding": "chunked",
        "x-ms-client-request-id": "f2ea4dcb-ba40-4e9f-868e-b93d549ea7b0",
        "x-ms-continuation": "VBaq4eiQ9fXpojgY2AEY0gEvaWJyYW5kZXNzdG9yYWdlbGFrZQEwMUQ5QzcwODgyQTdCNzZELzI4Njc1NzdiMDk4NTE1NDMzNGQ1MTVmMTlhNDM0YjgzN2I1ODA0ATAxRDlFRkZCMjM1QjY5RTAvMjg2NzU3N2IyODEzMzc4MjE0NDJjOTgxZmM0N2JhODQ0N2JkNDcvMjg2NzU3N2IzODc5NDBlZTRkMzgzNzI5MDc0MzE0YjAxMDllNTMvMjg2NzU3N2I0MjI5ODI3Yzg1NTk2ZGQyNTM0OWNkOTJkMTVhZjIWAAAA",
        "x-ms-namespace-enabled": "true",
        "x-ms-request-id": "1c0e8967-f01f-000c-4ffb-ef9a84000000",
        "x-ms-version": "2023-08-03"
      },
      "ResponseBody": "eyJkaXJlY3Rvcmllc1N1Y2Nlc3NmdWwiOjAsImZhaWxlZEVudHJpZXMiOltdLCJmYWlsdXJlQ291bnQiOjAsImZpbGVzU3VjY2Vzc2Z1bCI6Mn0K"
    },
    {
      "RequestUri": "https://REDACTED/2867577b0985154334d515f19a434b837b5804/2867577b281337821442c981fc47ba8447bd47?action=setAccessControlRecursive\u0026continuation=VBaq4eiQ9fXpojgY2AEY0gEvaWJyYW5kZXNzdG9yYWdlbGFrZQEwMUQ5QzcwODgyQTdCNzZELzI4Njc1NzdiMDk4NTE1NDMzNGQ1MTVmMTlhNDM0YjgzN2I1ODA0ATAxRDlFRkZCMjM1QjY5RTAvMjg2NzU3N2IyODEzMzc4MjE0NDJjOTgxZmM0N2JhODQ0N2JkNDcvMjg2NzU3N2IzODc5NDBlZTRkMzgzNzI5MDc0MzE0YjAxMDllNTMvMjg2NzU3N2I0MjI5ODI3Yzg1NTk2ZGQyNTM0OWNkOTJkMTVhZjIWAAAA\u0026mode=remove\u0026forceFlag=true\u0026maxRecords=2\u0026sv=2023-08-03\u0026se=2023-09-25T22%3A56%3A32Z\u0026skoid=1860430b-86fd-414a-8379-0ffff7834c55\u0026sktid=72f988bf-86f1-41af-91ab-2d7cd011db47\u0026skt=2023-09-25T21%3A56%3A32Z\u0026ske=2023-09-25T22%3A56%3A32Z\u0026sks=b\u0026skv=2023-08-03\u0026suoid=94642205-f805-4806-809c-102600a351cf\u0026sr=d\u0026sp=racwdlmeop\u0026sdd=1\u0026REDACTED",
      "RequestMethod": "PATCH",
      "RequestHeaders": {
        "Accept": "application/json",
        "Content-Length": "0",
        "Date": "Mon, 25 Sep 2023 21:56:33 GMT",
        "User-Agent": "azsdk-java-azure-storage-file-datalake/12.18.0-beta.1 (17.0.8; Windows 11; 10.0)",
        "x-ms-acl": "mask:,default:user,default:group,user:ec3595d6-2c17-4696-8caa-7e139758d24a,group:ec3595d6-2c17-4696-8caa-7e139758d24a,default:user:ec3595d6-2c17-4696-8caa-7e139758d24a,default:group:ec3595d6-2c17-4696-8caa-7e139758d24a",
        "x-ms-client-request-id": "d1178d58-cae9-4dc5-b019-249a44fb5fd8",
        "x-ms-version": "2023-08-03"
      },
      "RequestBody": null,
      "StatusCode": 200,
      "ResponseHeaders": {
        "Date": "Mon, 25 Sep 2023 21:56:32 GMT",
        "Server": [
          "Windows-Azure-HDFS/1.0",
          "Microsoft-HTTPAPI/2.0"
        ],
        "Transfer-Encoding": "chunked",
        "x-ms-client-request-id": "d1178d58-cae9-4dc5-b019-249a44fb5fd8",
        "x-ms-continuation": "VBazntS53PD/4BoYsQEYqwEvaWJyYW5kZXNzdG9yYWdlbGFrZQEwMUQ5QzcwODgyQTdCNzZELzI4Njc1NzdiMDk4NTE1NDMzNGQ1MTVmMTlhNDM0YjgzN2I1ODA0ATAxRDlFRkZCMjM1QjY5RTAvMjg2NzU3N2IyODEzMzc4MjE0NDJjOTgxZmM0N2JhODQ0N2JkNDcvMjg2NzU3N2I2MjYxOTI0MDBmNTAwZGZkMTg0NTM2OGVkYTY5YjMWAAAA",
        "x-ms-namespace-enabled": "true",
        "x-ms-request-id": "1c0e896f-f01f-000c-57fb-ef9a84000000",
        "x-ms-version": "2023-08-03"
      },
      "ResponseBody": "eyJkaXJlY3Rvcmllc1N1Y2Nlc3NmdWwiOjAsImZhaWxlZEVudHJpZXMiOltdLCJmYWlsdXJlQ291bnQiOjAsImZpbGVzU3VjY2Vzc2Z1bCI6Mn0K"
    },
    {
      "RequestUri": "https://REDACTED/2867577b0985154334d515f19a434b837b5804/2867577b281337821442c981fc47ba8447bd47?action=setAccessControlRecursive\u0026continuation=VBazntS53PD/4BoYsQEYqwEvaWJyYW5kZXNzdG9yYWdlbGFrZQEwMUQ5QzcwODgyQTdCNzZELzI4Njc1NzdiMDk4NTE1NDMzNGQ1MTVmMTlhNDM0YjgzN2I1ODA0ATAxRDlFRkZCMjM1QjY5RTAvMjg2NzU3N2IyODEzMzc4MjE0NDJjOTgxZmM0N2JhODQ0N2JkNDcvMjg2NzU3N2I2MjYxOTI0MDBmNTAwZGZkMTg0NTM2OGVkYTY5YjMWAAAA\u0026mode=remove\u0026forceFlag=true\u0026maxRecords=2\u0026sv=2023-08-03\u0026se=2023-09-25T22%3A56%3A32Z\u0026skoid=1860430b-86fd-414a-8379-0ffff7834c55\u0026sktid=72f988bf-86f1-41af-91ab-2d7cd011db47\u0026skt=2023-09-25T21%3A56%3A32Z\u0026ske=2023-09-25T22%3A56%3A32Z\u0026sks=b\u0026skv=2023-08-03\u0026suoid=94642205-f805-4806-809c-102600a351cf\u0026sr=d\u0026sp=racwdlmeop\u0026sdd=1\u0026REDACTED",
      "RequestMethod": "PATCH",
      "RequestHeaders": {
        "Accept": "application/json",
        "Content-Length": "0",
        "Date": "Mon, 25 Sep 2023 21:56:33 GMT",
        "User-Agent": "azsdk-java-azure-storage-file-datalake/12.18.0-beta.1 (17.0.8; Windows 11; 10.0)",
        "x-ms-acl": "mask:,default:user,default:group,user:ec3595d6-2c17-4696-8caa-7e139758d24a,group:ec3595d6-2c17-4696-8caa-7e139758d24a,default:user:ec3595d6-2c17-4696-8caa-7e139758d24a,default:group:ec3595d6-2c17-4696-8caa-7e139758d24a",
        "x-ms-client-request-id": "8ad26101-ef62-4abf-a290-03748207169d",
        "x-ms-version": "2023-08-03"
      },
      "RequestBody": null,
      "StatusCode": 200,
      "ResponseHeaders": {
        "Date": "Mon, 25 Sep 2023 21:56:33 GMT",
        "Server": [
          "Windows-Azure-HDFS/1.0",
          "Microsoft-HTTPAPI/2.0"
        ],
        "Transfer-Encoding": "chunked",
        "x-ms-client-request-id": "8ad26101-ef62-4abf-a290-03748207169d",
        "x-ms-continuation": "VBbT64jYwJuD8yIY2QEY0wEvaWJyYW5kZXNzdG9yYWdlbGFrZQEwMUQ5QzcwODgyQTdCNzZELzI4Njc1NzdiMDk4NTE1NDMzNGQ1MTVmMTlhNDM0YjgzN2I1ODA0ATAxRDlFRkZCMjM1QjY5RTAvMjg2NzU3N2IyODEzMzc4MjE0NDJjOTgxZmM0N2JhODQ0N2JkNDcvMjg2NzU3N2I2MjYxOTI0MDBmNTAwZGZkMTg0NTM2OGVkYTY5YjMvMjg2NzU3N2IxMTczNzkzYjFiMDc5NjljNmM4NDc4NDlmOTJjMGVjFgAAAA==",
        "x-ms-namespace-enabled": "true",
        "x-ms-request-id": "1c0e8979-f01f-000c-61fb-ef9a84000000",
        "x-ms-version": "2023-08-03"
      },
      "ResponseBody": "eyJkaXJlY3Rvcmllc1N1Y2Nlc3NmdWwiOjEsImZhaWxlZEVudHJpZXMiOlt7ImVycm9yTWVzc2FnZSI6IlRoaXMgcmVxdWVzdCBpcyBub3QgYXV0aG9yaXplZCB0byBwZXJmb3JtIHRoaXMgb3BlcmF0aW9uIHVzaW5nIHRoaXMgcGVybWlzc2lvbi4iLCJuYW1lIjoiMjg2NzU3N2IyODEzMzc4MjE0NDJjOTgxZmM0N2JhODQ0N2JkNDcvMjg2NzU3N2I2MjYxOTI0MDBmNTAwZGZkMTg0NTM2OGVkYTY5YjMvMjg2NzU3N2IxMDQxMTU2Y2Y4NGZhMmQ0YzQzNDA0NWIzNzUyODdhIiwidHlwZSI6IkZJTEUifV0sImZhaWx1cmVDb3VudCI6MSwiZmlsZXNTdWNjZXNzZnVsIjowfQo="
    },
    {
      "RequestUri": "https://REDACTED/2867577b0985154334d515f19a434b837b5804/2867577b281337821442c981fc47ba8447bd47?action=setAccessControlRecursive\u0026continuation=VBbT64jYwJuD8yIY2QEY0wEvaWJyYW5kZXNzdG9yYWdlbGFrZQEwMUQ5QzcwODgyQTdCNzZELzI4Njc1NzdiMDk4NTE1NDMzNGQ1MTVmMTlhNDM0YjgzN2I1ODA0ATAxRDlFRkZCMjM1QjY5RTAvMjg2NzU3N2IyODEzMzc4MjE0NDJjOTgxZmM0N2JhODQ0N2JkNDcvMjg2NzU3N2I2MjYxOTI0MDBmNTAwZGZkMTg0NTM2OGVkYTY5YjMvMjg2NzU3N2IxMTczNzkzYjFiMDc5NjljNmM4NDc4NDlmOTJjMGVjFgAAAA%3D%3D\u0026mode=remove\u0026forceFlag=true\u0026maxRecords=2\u0026sv=2023-08-03\u0026se=2023-09-25T22%3A56%3A32Z\u0026skoid=1860430b-86fd-414a-8379-0ffff7834c55\u0026sktid=72f988bf-86f1-41af-91ab-2d7cd011db47\u0026skt=2023-09-25T21%3A56%3A32Z\u0026ske=2023-09-25T22%3A56%3A32Z\u0026sks=b\u0026skv=2023-08-03\u0026suoid=94642205-f805-4806-809c-102600a351cf\u0026sr=d\u0026sp=racwdlmeop\u0026sdd=1\u0026REDACTED",
      "RequestMethod": "PATCH",
      "RequestHeaders": {
        "Accept": "application/json",
        "Content-Length": "0",
        "Date": "Mon, 25 Sep 2023 21:56:33 GMT",
        "User-Agent": "azsdk-java-azure-storage-file-datalake/12.18.0-beta.1 (17.0.8; Windows 11; 10.0)",
        "x-ms-acl": "mask:,default:user,default:group,user:ec3595d6-2c17-4696-8caa-7e139758d24a,group:ec3595d6-2c17-4696-8caa-7e139758d24a,default:user:ec3595d6-2c17-4696-8caa-7e139758d24a,default:group:ec3595d6-2c17-4696-8caa-7e139758d24a",
        "x-ms-client-request-id": "e08616ea-4e4b-44ca-b092-a1c309d85f7a",
        "x-ms-version": "2023-08-03"
      },
      "RequestBody": null,
      "StatusCode": 200,
      "ResponseHeaders": {
        "Date": "Mon, 25 Sep 2023 21:56:33 GMT",
        "Server": [
          "Windows-Azure-HDFS/1.0",
          "Microsoft-HTTPAPI/2.0"
        ],
        "Transfer-Encoding": "chunked",
        "x-ms-client-request-id": "e08616ea-4e4b-44ca-b092-a1c309d85f7a",
        "x-ms-continuation": "VBas\u002BMTjxLmm1rYBGNgBGNIBL2licmFuZGVzc3RvcmFnZWxha2UBMDFEOUM3MDg4MkE3Qjc2RC8yODY3NTc3YjA5ODUxNTQzMzRkNTE1ZjE5YTQzNGI4MzdiNTgwNAEwMUQ5RUZGQjIzNUI2OUUwLzI4Njc1NzdiMjgxMzM3ODIxNDQyYzk4MWZjNDdiYTg0NDdiZDQ3LzI4Njc1NzdiNjI2MTkyNDAwZjUwMGRmZDE4NDUzNjhlZGE2OWIzLzI4Njc1NzdiODE1OTc2NTgwZDZmMjQwMjc3NGQ1M2JhMThiNGY5FgAAAA==",
        "x-ms-namespace-enabled": "true",
        "x-ms-request-id": "1c0e8982-f01f-000c-6afb-ef9a84000000",
        "x-ms-version": "2023-08-03"
      },
      "ResponseBody": "eyJkaXJlY3Rvcmllc1N1Y2Nlc3NmdWwiOjAsImZhaWxlZEVudHJpZXMiOlt7ImVycm9yTWVzc2FnZSI6IlRoaXMgcmVxdWVzdCBpcyBub3QgYXV0aG9yaXplZCB0byBwZXJmb3JtIHRoaXMgb3BlcmF0aW9uIHVzaW5nIHRoaXMgcGVybWlzc2lvbi4iLCJuYW1lIjoiMjg2NzU3N2IyODEzMzc4MjE0NDJjOTgxZmM0N2JhODQ0N2JkNDcvMjg2NzU3N2I2MjYxOTI0MDBmNTAwZGZkMTg0NTM2OGVkYTY5YjMvMjg2NzU3N2IxMTczNzkzYjFiMDc5NjljNmM4NDc4NDlmOTJjMGVjIiwidHlwZSI6IkRJUkVDVE9SWSJ9XSwiZmFpbHVyZUNvdW50IjoxLCJmaWxlc1N1Y2Nlc3NmdWwiOjF9Cg=="
    },
    {
      "RequestUri": "https://REDACTED/2867577b0985154334d515f19a434b837b5804/2867577b281337821442c981fc47ba8447bd47?action=setAccessControlRecursive\u0026continuation=VBas%2BMTjxLmm1rYBGNgBGNIBL2licmFuZGVzc3RvcmFnZWxha2UBMDFEOUM3MDg4MkE3Qjc2RC8yODY3NTc3YjA5ODUxNTQzMzRkNTE1ZjE5YTQzNGI4MzdiNTgwNAEwMUQ5RUZGQjIzNUI2OUUwLzI4Njc1NzdiMjgxMzM3ODIxNDQyYzk4MWZjNDdiYTg0NDdiZDQ3LzI4Njc1NzdiNjI2MTkyNDAwZjUwMGRmZDE4NDUzNjhlZGE2OWIzLzI4Njc1NzdiODE1OTc2NTgwZDZmMjQwMjc3NGQ1M2JhMThiNGY5FgAAAA%3D%3D\u0026mode=remove\u0026forceFlag=true\u0026maxRecords=2\u0026sv=2023-08-03\u0026se=2023-09-25T22%3A56%3A32Z\u0026skoid=1860430b-86fd-414a-8379-0ffff7834c55\u0026sktid=72f988bf-86f1-41af-91ab-2d7cd011db47\u0026skt=2023-09-25T21%3A56%3A32Z\u0026ske=2023-09-25T22%3A56%3A32Z\u0026sks=b\u0026skv=2023-08-03\u0026suoid=94642205-f805-4806-809c-102600a351cf\u0026sr=d\u0026sp=racwdlmeop\u0026sdd=1\u0026REDACTED",
      "RequestMethod": "PATCH",
      "RequestHeaders": {
        "Accept": "application/json",
        "Content-Length": "0",
        "Date": "Mon, 25 Sep 2023 21:56:33 GMT",
        "User-Agent": "azsdk-java-azure-storage-file-datalake/12.18.0-beta.1 (17.0.8; Windows 11; 10.0)",
        "x-ms-acl": "mask:,default:user,default:group,user:ec3595d6-2c17-4696-8caa-7e139758d24a,group:ec3595d6-2c17-4696-8caa-7e139758d24a,default:user:ec3595d6-2c17-4696-8caa-7e139758d24a,default:group:ec3595d6-2c17-4696-8caa-7e139758d24a",
        "x-ms-client-request-id": "3e51ff92-70e3-420f-9724-8ff2275e3679",
        "x-ms-version": "2023-08-03"
      },
      "RequestBody": null,
      "StatusCode": 200,
      "ResponseHeaders": {
        "Date": "Mon, 25 Sep 2023 21:56:33 GMT",
        "Server": [
          "Windows-Azure-HDFS/1.0",
          "Microsoft-HTTPAPI/2.0"
        ],
        "Transfer-Encoding": "chunked",
        "x-ms-client-request-id": "3e51ff92-70e3-420f-9724-8ff2275e3679",
        "x-ms-namespace-enabled": "true",
        "x-ms-request-id": "1c0e898d-f01f-000c-75fb-ef9a84000000",
        "x-ms-version": "2023-08-03"
      },
      "ResponseBody": "eyJkaXJlY3Rvcmllc1N1Y2Nlc3NmdWwiOjAsImZhaWxlZEVudHJpZXMiOlt7ImVycm9yTWVzc2FnZSI6IlRoaXMgcmVxdWVzdCBpcyBub3QgYXV0aG9yaXplZCB0byBwZXJmb3JtIHRoaXMgb3BlcmF0aW9uIHVzaW5nIHRoaXMgcGVybWlzc2lvbi4iLCJuYW1lIjoiMjg2NzU3N2IyODEzMzc4MjE0NDJjOTgxZmM0N2JhODQ0N2JkNDcvMjg2NzU3N2I2MjYxOTI0MDBmNTAwZGZkMTg0NTM2OGVkYTY5YjMvMjg2NzU3N2I5MzUzMTk2ZGVkNGUzYTZlNjk0MTVmYTc5NWU3YTYiLCJ0eXBlIjoiRklMRSJ9LHsiZXJyb3JNZXNzYWdlIjoiVGhpcyByZXF1ZXN0IGlzIG5vdCBhdXRob3JpemVkIHRvIHBlcmZvcm0gdGhpcyBvcGVyYXRpb24gdXNpbmcgdGhpcyBwZXJtaXNzaW9uLiIsIm5hbWUiOiIyODY3NTc3YjI4MTMzNzgyMTQ0MmM5ODFmYzQ3YmE4NDQ3YmQ0Ny8yODY3NTc3YjYyNjE5MjQwMGY1MDBkZmQxODQ1MzY4ZWRhNjliMy8yODY3NTc3YjgxNTk3NjU4MGQ2ZjI0MDI3NzRkNTNiYTE4YjRmOSIsInR5cGUiOiJGSUxFIn1dLCJmYWlsdXJlQ291bnQiOjIsImZpbGVzU3VjY2Vzc2Z1bCI6MH0K"
    }
  ],
  "Variables": {
    "0": "2867577b0985154334d515f19a434b837b5804",
    "1": "2867577b192329e87b7b7301e648fba9497495",
    "10": "2867577b9353196ded4e3a6e69415fa795e7a6",
    "11": "2867577b1041156cf84fa2d4c434045b375287a",
    "12": "2867577b1173793b1b07969c6c847849f92c0ec",
    "13": "2867577b12452719937233525ba4a1c8595ee26",
    "14": "2867577b1326075f0207e347fdf43b6b5cffb18",
    "15": "2867577b148459602336716fb9d48fb97f940b8",
    "16": "2867577b1504162061d03b4dbf74663a824bf5b",
    "17": "2023-09-25T21:56:32.089669600Z",
    "18": "1860430b-86fd-414a-8379-0ffff7834c55",
    "19": "72f988bf-86f1-41af-91ab-2d7cd011db47",
    "2": "2867577b281337821442c981fc47ba8447bd47",
    "20": "2023-09-25T21:56:32.451970800Z",
    "3": "2867577b387940ee4d383729074314b0109e53",
    "4": "2867577b4229827c85596dd25349cd92d15af2",
    "5": "2867577b562528c1a7dcbca1bc45c4aee1904d",
    "6": "2867577b626192400f500dfd1845368eda69b3",
    "7": "2867577b77503333c524a99d5a4969bb8ddf16",
    "8": "94642205-f805-4806-809c-102600a351cf",
    "9": "2867577b815976580d6f2402774d53ba18b4f9"
  }
}
