{
  "Entries": [
    {
      "RequestUri": "https://REDACTED/0725762b0deleteifexistsfileacfaild50914677c75fee9019?restype=container",
      "RequestMethod": "PUT",
      "RequestHeaders": {
        "Accept": "application/xml",
        "Authorization": "Sanitized",
        "Content-Length": "0",
        "Date": "Wed, 26 Jul 2023 19:31:52 GMT",
        "User-Agent": "azsdk-java-azure-storage-blob/12.24.0-beta.1 azsdk-java-azure-storage-file-datalake/12.17.0-beta.1 (17.0.7; Windows 11; 10.0)",
        "x-ms-client-request-id": "9a017c3d-3858-4089-bbcd-9561b45ea3f2",
        "x-ms-version": "2023-01-03"
      },
      "RequestBody": null,
      "StatusCode": 201,
      "ResponseHeaders": {
        "Content-Length": "0",
        "Date": "Wed, 26 Jul 2023 19:31:51 GMT",
        "ETag": "\u00220x8DB8E0EF6CAA027\u0022",
        "Last-Modified": "Wed, 26 Jul 2023 19:31:52 GMT",
        "Server": [
          "Windows-Azure-Blob/1.0",
          "Microsoft-HTTPAPI/2.0"
        ],
        "x-ms-client-request-id": "9a017c3d-3858-4089-bbcd-9561b45ea3f2",
        "x-ms-request-id": "7c504ffd-a01e-00a1-6ef7-bf4aff000000",
        "x-ms-version": "2023-01-03"
      },
      "ResponseBody": null
    },
    {
      "RequestUri": "https://REDACTED/0725762b0deleteifexistsfileacfaild50914677c75fee9019/0725762b1deleteifexistsfileacfaild5093389e6838e64936?resource=directory",
      "RequestMethod": "PUT",
      "RequestHeaders": {
        "Accept": "application/json",
        "Authorization": "Sanitized",
        "Content-Length": "0",
        "Date": "Wed, 26 Jul 2023 19:31:52 GMT",
        "If-None-Match": "*",
        "User-Agent": "azsdk-java-azure-storage-file-datalake/12.17.0-beta.1 (17.0.7; Windows 11; 10.0)",
        "x-ms-client-request-id": "4525d3ed-3468-43ad-bf63-a3685df95d4d",
        "x-ms-version": "2023-01-03"
      },
      "RequestBody": null,
      "StatusCode": 201,
      "ResponseHeaders": {
        "Content-Length": "0",
        "Date": "Wed, 26 Jul 2023 19:31:51 GMT",
        "ETag": "\u00220x8DB8E0EF6D11604\u0022",
        "Last-Modified": "Wed, 26 Jul 2023 19:31:52 GMT",
        "Server": [
          "Windows-Azure-HDFS/1.0",
          "Microsoft-HTTPAPI/2.0"
        ],
        "x-ms-client-request-id": "4525d3ed-3468-43ad-bf63-a3685df95d4d",
        "x-ms-request-id": "2572943a-b01f-0049-6ef7-bfd369000000",
        "x-ms-request-server-encrypted": "true",
        "x-ms-version": "2023-01-03"
      },
      "ResponseBody": null
    },
    {
      "RequestUri": "https://REDACTED/0725762b0deleteifexistsfileacfaild50914677c75fee9019/0725762b1deleteifexistsfileacfaild5093389e6838e64936%2F0725762b2deleteifexistsfileacfaild505718684429d6a523?resource=file",
      "RequestMethod": "PUT",
      "RequestHeaders": {
        "Accept": "application/json",
        "Authorization": "Sanitized",
        "Content-Length": "0",
        "Date": "Wed, 26 Jul 2023 19:31:52 GMT",
        "If-None-Match": "*",
        "User-Agent": "azsdk-java-azure-storage-file-datalake/12.17.0-beta.1 (17.0.7; Windows 11; 10.0)",
        "x-ms-client-request-id": "d144b7df-f352-44e5-bbc4-882a02cbb4b0",
        "x-ms-version": "2023-01-03"
      },
      "RequestBody": null,
      "StatusCode": 201,
      "ResponseHeaders": {
        "Content-Length": "0",
        "Date": "Wed, 26 Jul 2023 19:31:51 GMT",
        "ETag": "\u00220x8DB8E0EF6D6CF08\u0022",
        "Last-Modified": "Wed, 26 Jul 2023 19:31:52 GMT",
        "Server": [
          "Windows-Azure-HDFS/1.0",
          "Microsoft-HTTPAPI/2.0"
        ],
        "x-ms-client-request-id": "d144b7df-f352-44e5-bbc4-882a02cbb4b0",
        "x-ms-request-id": "25729447-b01f-0049-7bf7-bfd369000000",
        "x-ms-request-server-encrypted": "true",
        "x-ms-version": "2023-01-03"
      },
      "ResponseBody": null
    },
    {
      "RequestUri": "https://REDACTED/0725762b0deleteifexistsfileacfaild50914677c75fee9019/0725762b1deleteifexistsfileacfaild5093389e6838e64936%2F0725762b2deleteifexistsfileacfaild505718684429d6a523?recursive=false",
      "RequestMethod": "DELETE",
      "RequestHeaders": {
        "Accept": "application/json",
        "Authorization": "Sanitized",
        "Content-Length": "0",
        "Date": "Wed, 26 Jul 2023 19:31:52 GMT",
        "If-Unmodified-Since": "Tue, 25 Jul 2023 19:31:32 GMT",
        "User-Agent": "azsdk-java-azure-storage-file-datalake/12.17.0-beta.1 (17.0.7; Windows 11; 10.0)",
        "x-ms-client-request-id": "5151e925-56ae-4b34-bae6-b43bc37cebdb",
        "x-ms-version": "2023-01-03"
      },
      "RequestBody": null,
      "StatusCode": 412,
      "ResponseHeaders": {
        "Content-Length": "200",
        "Content-Type": "application/json; charset=utf-8",
        "Date": "Wed, 26 Jul 2023 19:31:52 GMT",
        "Server": [
          "Windows-Azure-HDFS/1.0",
          "Microsoft-HTTPAPI/2.0"
        ],
        "x-ms-client-request-id": "5151e925-56ae-4b34-bae6-b43bc37cebdb",
        "x-ms-error-code": "ConditionNotMet",
        "x-ms-request-id": "25729453-b01f-0049-06f7-bfd369000000",
        "x-ms-version": "2023-01-03"
      },
      "ResponseBody": {
        "error": {
          "code": "ConditionNotMet",
          "message": "The condition specified using HTTP conditional header(s) is not met.\nRequestId:25729453-b01f-0049-06f7-bfd369000000\nTime:2023-07-26T19:31:52.5981677Z"
        }
      }
    }
  ],
  "Variables": {
    "0": "0725762b0deleteifexistsfileacfaild50914677c75fee9019",
    "1": "0725762b1deleteifexistsfileacfaild5093389e6838e64936",
    "2": "0725762b2deleteifexistsfileacfaild505718684429d6a523"
  }
}
