{
  "Entries": [
    {
      "RequestUri": "https://REDACTED/8be7b6270setmetadataac0082008821e512467d6a4a0d?restype=container",
      "RequestMethod": "PUT",
      "RequestHeaders": {
        "Accept": "application/xml",
        "Authorization": "Sanitized",
        "Content-Length": "0",
        "Date": "Tue, 12 Mar 2024 22:13:15 GMT",
        "User-Agent": "azsdk-java-azure-storage-blob/12.26.0-beta.1 azsdk-java-azure-storage-file-datalake/12.19.0-beta.1 (17.0.8; Windows 11; 10.0)",
        "x-ms-client-request-id": "d977a6ae-2d92-4439-9ab3-413ce17e8fa2",
        "x-ms-version": "2024-02-04"
      },
      "RequestBody": null,
      "StatusCode": 201,
      "ResponseHeaders": {
        "Content-Length": "0",
        "Date": "Tue, 12 Mar 2024 22:13:15 GMT",
        "ETag": "\u00220x8DC42E19DC02313\u0022",
        "Last-Modified": "Tue, 12 Mar 2024 22:13:16 GMT",
        "Server": [
          "Windows-Azure-Blob/1.0",
          "Microsoft-HTTPAPI/2.0"
        ],
        "x-ms-client-request-id": "d977a6ae-2d92-4439-9ab3-413ce17e8fa2",
        "x-ms-request-id": "701da933-901e-00b3-3dca-74ad21000000",
        "x-ms-version": "2024-02-04"
      },
      "ResponseBody": null
    },
    {
      "RequestUri": "https://REDACTED/8be7b6270setmetadataac0082008821e512467d6a4a0d/8be7b6271setmetadataac008709995b02e80be2ca49ad?resource=directory",
      "RequestMethod": "PUT",
      "RequestHeaders": {
        "Accept": "application/json",
        "Authorization": "Sanitized",
        "Content-Length": "0",
        "Date": "Tue, 12 Mar 2024 22:13:16 GMT",
        "If-None-Match": "*",
        "User-Agent": "azsdk-java-azure-storage-file-datalake/12.19.0-beta.1 (17.0.8; Windows 11; 10.0)",
        "x-ms-client-request-id": "b650cb6d-c5e6-4cf2-9902-c5988692083f",
        "x-ms-version": "2024-02-04"
      },
      "RequestBody": null,
      "StatusCode": 201,
      "ResponseHeaders": {
        "Content-Length": "0",
        "Date": "Tue, 12 Mar 2024 22:13:15 GMT",
        "ETag": "\u00220x8DC42E19DD12F67\u0022",
        "Last-Modified": "Tue, 12 Mar 2024 22:13:16 GMT",
        "Server": [
          "Windows-Azure-HDFS/1.0",
          "Microsoft-HTTPAPI/2.0"
        ],
        "x-ms-client-request-id": "b650cb6d-c5e6-4cf2-9902-c5988692083f",
        "x-ms-request-id": "60d75e68-801f-0080-66ca-74f28a000000",
        "x-ms-request-server-encrypted": "true",
        "x-ms-version": "2024-02-04"
      },
      "ResponseBody": null
    },
    {
      "RequestUri": "https://REDACTED/8be7b6270setmetadataac0082008821e512467d6a4a0d/8be7b6271setmetadataac008709995b02e80be2ca49ad?comp=metadata",
      "RequestMethod": "PUT",
      "RequestHeaders": {
        "Accept": "application/xml",
        "Authorization": "Sanitized",
        "Content-Length": "0",
        "Date": "Tue, 12 Mar 2024 22:13:16 GMT",
        "If-Modified-Since": "Mon, 11 Mar 2024 22:12:19 GMT",
        "User-Agent": "azsdk-java-azure-storage-blob/12.26.0-beta.1 azsdk-java-azure-storage-file-datalake/12.19.0-beta.1 (17.0.8; Windows 11; 10.0)",
        "x-ms-client-request-id": "f402e6fe-c4b1-4a01-b5e2-af8a1b60689d",
        "x-ms-version": "2024-02-04"
      },
      "RequestBody": null,
      "StatusCode": 200,
      "ResponseHeaders": {
        "Content-Length": "0",
        "Date": "Tue, 12 Mar 2024 22:13:16 GMT",
        "ETag": "\u00220x8DC42E19DE06964\u0022",
        "Last-Modified": "Tue, 12 Mar 2024 22:13:16 GMT",
        "Server": [
          "Windows-Azure-Blob/1.0",
          "Microsoft-HTTPAPI/2.0"
        ],
        "x-ms-client-request-id": "f402e6fe-c4b1-4a01-b5e2-af8a1b60689d",
        "x-ms-request-id": "d280b055-701e-0002-20ca-74b334000000",
        "x-ms-request-server-encrypted": "true",
        "x-ms-version": "2024-02-04"
      },
      "ResponseBody": null
    }
  ],
  "Variables": {
    "0": "8be7b6270setmetadataac0082008821e512467d6a4a0d",
    "1": "8be7b6271setmetadataac008709995b02e80be2ca49ad"
  }
}
