{
  "Entries": [
    {
      "RequestUri": "https://REDACTED/2ee56aa80createifnotexistssubdirpermissionsandumask45e68664ac?restype=container",
      "RequestMethod": "PUT",
      "RequestHeaders": {
        "Accept": "application/xml",
        "Authorization": "Sanitized",
        "Content-Length": "0",
        "Date": "Wed, 26 Jul 2023 19:31:53 GMT",
        "User-Agent": "azsdk-java-azure-storage-blob/12.24.0-beta.1 azsdk-java-azure-storage-file-datalake/12.17.0-beta.1 (17.0.7; Windows 11; 10.0)",
        "x-ms-client-request-id": "5e6ef8d4-2ef4-4854-bb9e-2cc7f5a46a59",
        "x-ms-version": "2023-01-03"
      },
      "RequestBody": null,
      "StatusCode": 201,
      "ResponseHeaders": {
        "Content-Length": "0",
        "Date": "Wed, 26 Jul 2023 19:31:53 GMT",
        "ETag": "\u00220x8DB8E0EF792BAC5\u0022",
        "Last-Modified": "Wed, 26 Jul 2023 19:31:53 GMT",
        "Server": [
          "Windows-Azure-Blob/1.0",
          "Microsoft-HTTPAPI/2.0"
        ],
        "x-ms-client-request-id": "5e6ef8d4-2ef4-4854-bb9e-2cc7f5a46a59",
        "x-ms-request-id": "bdd80b6a-401e-004d-4af7-bf5e6e000000",
        "x-ms-version": "2023-01-03"
      },
      "ResponseBody": null
    },
    {
      "RequestUri": "https://REDACTED/2ee56aa80createifnotexistssubdirpermissionsandumask45e68664ac/2ee56aa81createifnotexistssubdirpermissionsandumask45e40233c6?resource=directory",
      "RequestMethod": "PUT",
      "RequestHeaders": {
        "Accept": "application/json",
        "Authorization": "Sanitized",
        "Content-Length": "0",
        "Date": "Wed, 26 Jul 2023 19:31:53 GMT",
        "If-None-Match": "*",
        "User-Agent": "azsdk-java-azure-storage-file-datalake/12.17.0-beta.1 (17.0.7; Windows 11; 10.0)",
        "x-ms-client-request-id": "c6d65ce0-446a-4fff-b635-f34a03ea53fd",
        "x-ms-version": "2023-01-03"
      },
      "RequestBody": null,
      "StatusCode": 201,
      "ResponseHeaders": {
        "Content-Length": "0",
        "Date": "Wed, 26 Jul 2023 19:31:53 GMT",
        "ETag": "\u00220x8DB8E0EF7A06634\u0022",
        "Last-Modified": "Wed, 26 Jul 2023 19:31:53 GMT",
        "Server": [
          "Windows-Azure-HDFS/1.0",
          "Microsoft-HTTPAPI/2.0"
        ],
        "x-ms-client-request-id": "c6d65ce0-446a-4fff-b635-f34a03ea53fd",
        "x-ms-request-id": "c5d58373-801f-006d-65f7-bf25c9000000",
        "x-ms-request-server-encrypted": "true",
        "x-ms-version": "2023-01-03"
      },
      "ResponseBody": null
    },
    {
      "RequestUri": "https://REDACTED/2ee56aa80createifnotexistssubdirpermissionsandumask45e68664ac/2ee56aa82createifnotexistssubdirpermissionsandumask45e2090442%2F2ee56aa83createifnotexistssubdirpermissionsandumask45e32902c2?resource=directory",
      "RequestMethod": "PUT",
      "RequestHeaders": {
        "Accept": "application/json",
        "Authorization": "Sanitized",
        "Content-Length": "0",
        "Date": "Wed, 26 Jul 2023 19:31:53 GMT",
        "If-None-Match": "*",
        "User-Agent": "azsdk-java-azure-storage-file-datalake/12.17.0-beta.1 (17.0.7; Windows 11; 10.0)",
        "x-ms-client-request-id": "183da2e8-8d08-4574-b5ee-119cf3adf9e7",
        "x-ms-permissions": "0777",
        "x-ms-umask": "0057",
        "x-ms-version": "2023-01-03"
      },
      "RequestBody": null,
      "StatusCode": 201,
      "ResponseHeaders": {
        "Content-Length": "0",
        "Date": "Wed, 26 Jul 2023 19:31:53 GMT",
        "ETag": "\u00220x8DB8E0EF7A869E1\u0022",
        "Last-Modified": "Wed, 26 Jul 2023 19:31:53 GMT",
        "Server": [
          "Windows-Azure-HDFS/1.0",
          "Microsoft-HTTPAPI/2.0"
        ],
        "x-ms-client-request-id": "183da2e8-8d08-4574-b5ee-119cf3adf9e7",
        "x-ms-request-id": "3400d401-401f-0000-3cf7-bf9182000000",
        "x-ms-request-server-encrypted": "true",
        "x-ms-version": "2023-01-03"
      },
      "ResponseBody": null
    }
  ],
  "Variables": {
    "0": "2ee56aa80createifnotexistssubdirpermissionsandumask45e68664ac",
    "1": "2ee56aa81createifnotexistssubdirpermissionsandumask45e40233c6",
    "2": "2ee56aa82createifnotexistssubdirpermissionsandumask45e2090442",
    "3": "2ee56aa83createifnotexistssubdirpermissionsandumask45e32902c2"
  }
}
