{
  "Entries": [
    {
      "RequestUri": "https://REDACTED/94baaa7a0createoptionswithownerandgroupa60071320511a331?restype=container",
      "RequestMethod": "PUT",
      "RequestHeaders": {
        "Accept": "application/xml",
        "Authorization": "Sanitized",
        "Content-Length": "0",
        "Date": "Tue, 26 Sep 2023 21:46:52 GMT",
        "User-Agent": "azsdk-java-azure-storage-blob/12.25.0-beta.1 azsdk-java-azure-storage-file-datalake/12.18.0-beta.1 (17.0.8; Windows 11; 10.0)",
        "x-ms-client-request-id": "631ba28f-993e-4eab-a1f6-11030db5fc42",
        "x-ms-version": "2023-08-03"
      },
      "RequestBody": null,
      "StatusCode": 201,
      "ResponseHeaders": {
        "Content-Length": "0",
        "Date": "Tue, 26 Sep 2023 21:46:52 GMT",
        "ETag": "\u00220x8DBBEDA18CF92ED\u0022",
        "Last-Modified": "Tue, 26 Sep 2023 21:46:53 GMT",
        "Server": [
          "Windows-Azure-Blob/1.0",
          "Microsoft-HTTPAPI/2.0"
        ],
        "x-ms-client-request-id": "631ba28f-993e-4eab-a1f6-11030db5fc42",
        "x-ms-request-id": "e0ab5d4a-601e-006c-7ec2-f0e61b000000",
        "x-ms-version": "2023-08-03"
      },
      "ResponseBody": null
    },
    {
      "RequestUri": "https://REDACTED/94baaa7a0createoptionswithownerandgroupa60071320511a331/94baaa7a1createoptionswithownerandgroupa6047570abbda94f?resource=directory",
      "RequestMethod": "PUT",
      "RequestHeaders": {
        "Accept": "application/json",
        "Authorization": "Sanitized",
        "Content-Length": "0",
        "Date": "Tue, 26 Sep 2023 21:46:52 GMT",
        "If-None-Match": "*",
        "User-Agent": "azsdk-java-azure-storage-file-datalake/12.18.0-beta.1 (17.0.8; Windows 11; 10.0)",
        "x-ms-client-request-id": "76bc7637-2e71-4480-b4cc-efc10dd482b4",
        "x-ms-version": "2023-08-03"
      },
      "RequestBody": null,
      "StatusCode": 201,
      "ResponseHeaders": {
        "Content-Length": "0",
        "Date": "Tue, 26 Sep 2023 21:46:53 GMT",
        "ETag": "\u00220x8DBBEDA18DEF258\u0022",
        "Last-Modified": "Tue, 26 Sep 2023 21:46:53 GMT",
        "Server": [
          "Windows-Azure-HDFS/1.0",
          "Microsoft-HTTPAPI/2.0"
        ],
        "x-ms-client-request-id": "76bc7637-2e71-4480-b4cc-efc10dd482b4",
        "x-ms-request-id": "afa3566a-301f-00d8-32c2-f02ad5000000",
        "x-ms-request-server-encrypted": "true",
        "x-ms-version": "2023-08-03"
      },
      "ResponseBody": null
    },
    {
      "RequestUri": "https://REDACTED/94baaa7a0createoptionswithownerandgroupa60071320511a331/94baaa7a2createoptionswithownerandgroupa60552742c9566e5?resource=directory",
      "RequestMethod": "PUT",
      "RequestHeaders": {
        "Accept": "application/json",
        "Authorization": "Sanitized",
        "Content-Length": "0",
        "Date": "Tue, 26 Sep 2023 21:46:52 GMT",
        "User-Agent": "azsdk-java-azure-storage-file-datalake/12.18.0-beta.1 (17.0.8; Windows 11; 10.0)",
        "x-ms-client-request-id": "9058775a-5201-4096-8451-f907d95fe8ba",
        "x-ms-group": "ef01b1e3-a89b-4a7d-a3de-aeea0e823a8e",
        "x-ms-owner": "bd6f55b2-cfbe-4b9f-983d-59df38777105",
        "x-ms-version": "2023-08-03"
      },
      "RequestBody": null,
      "StatusCode": 201,
      "ResponseHeaders": {
        "Content-Length": "0",
        "Date": "Tue, 26 Sep 2023 21:46:53 GMT",
        "ETag": "\u00220x8DBBEDA18EDA552\u0022",
        "Last-Modified": "Tue, 26 Sep 2023 21:46:53 GMT",
        "Server": [
          "Windows-Azure-HDFS/1.0",
          "Microsoft-HTTPAPI/2.0"
        ],
        "x-ms-client-request-id": "9058775a-5201-4096-8451-f907d95fe8ba",
        "x-ms-request-id": "afa35675-301f-00d8-3dc2-f02ad5000000",
        "x-ms-request-server-encrypted": "true",
        "x-ms-version": "2023-08-03"
      },
      "ResponseBody": null
    },
    {
      "RequestUri": "https://REDACTED/94baaa7a0createoptionswithownerandgroupa60071320511a331/94baaa7a2createoptionswithownerandgroupa60552742c9566e5?action=getAccessControl\u0026upn=false",
      "RequestMethod": "HEAD",
      "RequestHeaders": {
        "Accept": "application/json",
        "Authorization": "Sanitized",
        "Content-Length": "0",
        "Date": "Tue, 26 Sep 2023 21:46:52 GMT",
        "User-Agent": "azsdk-java-azure-storage-file-datalake/12.18.0-beta.1 (17.0.8; Windows 11; 10.0)",
        "x-ms-client-request-id": "bac069d4-9c1c-421c-b8d6-3a339810d073",
        "x-ms-version": "2023-08-03"
      },
      "RequestBody": null,
      "StatusCode": 200,
      "ResponseHeaders": {
        "Date": "Tue, 26 Sep 2023 21:46:53 GMT",
        "ETag": "\u00220x8DBBEDA18EDA552\u0022",
        "Last-Modified": "Tue, 26 Sep 2023 21:46:53 GMT",
        "Server": [
          "Windows-Azure-HDFS/1.0",
          "Microsoft-HTTPAPI/2.0"
        ],
        "x-ms-acl": "user::rwx,group::r-x,other::---",
        "x-ms-client-request-id": "bac069d4-9c1c-421c-b8d6-3a339810d073",
        "x-ms-group": "ef01b1e3-a89b-4a7d-a3de-aeea0e823a8e",
        "x-ms-owner": "bd6f55b2-cfbe-4b9f-983d-59df38777105",
        "x-ms-permissions": "rwxr-x---",
        "x-ms-request-id": "afa35680-301f-00d8-48c2-f02ad5000000",
        "x-ms-version": "2023-08-03"
      },
      "ResponseBody": null
    }
  ],
  "Variables": {
    "0": "94baaa7a0createoptionswithownerandgroupa60071320511a331",
    "1": "94baaa7a1createoptionswithownerandgroupa6047570abbda94f",
    "2": "94baaa7a2createoptionswithownerandgroupa60552742c9566e5",
    "3": "bd6f55b2-cfbe-4b9f-983d-59df38777105",
    "4": "ef01b1e3-a89b-4a7d-a3de-aeea0e823a8e"
  }
}
