{
  "Entries": [
    {
      "RequestUri": "https://REDACTED/f2953cb80createdeletefileurlencoding7af9225166217043a?restype=container",
      "RequestMethod": "PUT",
      "RequestHeaders": {
        "Accept": "application/xml",
        "Authorization": "Sanitized",
        "Content-Length": "0",
        "Date": "Wed, 27 Sep 2023 21:27:41 GMT",
        "User-Agent": "azsdk-java-azure-storage-blob/12.25.0-beta.1 azsdk-java-azure-storage-file-datalake/12.18.0-beta.1 (17.0.8; Windows 11; 10.0)",
        "x-ms-client-request-id": "228adb6e-c415-4a9f-a19f-7c85dbfd8654",
        "x-ms-version": "2023-08-03"
      },
      "RequestBody": null,
      "StatusCode": 201,
      "ResponseHeaders": {
        "Content-Length": "0",
        "Date": "Wed, 27 Sep 2023 21:27:40 GMT",
        "ETag": "\u00220x8DBBFA094B7C4F0\u0022",
        "Last-Modified": "Wed, 27 Sep 2023 21:27:41 GMT",
        "Server": [
          "Windows-Azure-Blob/1.0",
          "Microsoft-HTTPAPI/2.0"
        ],
        "x-ms-client-request-id": "228adb6e-c415-4a9f-a19f-7c85dbfd8654",
        "x-ms-request-id": "9a43ed78-801e-0109-1589-f1b652000000",
        "x-ms-version": "2023-08-03"
      },
      "ResponseBody": null
    },
    {
      "RequestUri": "https://REDACTED/f2953cb80createdeletefileurlencoding7af9225166217043a/f2953cb81createdeletefileurlencoding7af99577600d7d6f8?resource=directory",
      "RequestMethod": "PUT",
      "RequestHeaders": {
        "Accept": "application/json",
        "Authorization": "Sanitized",
        "Content-Length": "0",
        "Date": "Wed, 27 Sep 2023 21:27:41 GMT",
        "If-None-Match": "*",
        "User-Agent": "azsdk-java-azure-storage-file-datalake/12.18.0-beta.1 (17.0.8; Windows 11; 10.0)",
        "x-ms-client-request-id": "3f3ddaa6-d970-46ee-8ee9-eda07921c0c9",
        "x-ms-version": "2023-08-03"
      },
      "RequestBody": null,
      "StatusCode": 201,
      "ResponseHeaders": {
        "Content-Length": "0",
        "Date": "Wed, 27 Sep 2023 21:27:41 GMT",
        "ETag": "\u00220x8DBBFA094C9DCC1\u0022",
        "Last-Modified": "Wed, 27 Sep 2023 21:27:41 GMT",
        "Server": [
          "Windows-Azure-HDFS/1.0",
          "Microsoft-HTTPAPI/2.0"
        ],
        "x-ms-client-request-id": "3f3ddaa6-d970-46ee-8ee9-eda07921c0c9",
        "x-ms-request-id": "50474e55-201f-0020-6289-f1762b000000",
        "x-ms-request-server-encrypted": "true",
        "x-ms-version": "2023-08-03"
      },
      "ResponseBody": null
    },
    {
      "RequestUri": "https://REDACTED/f2953cb80createdeletefileurlencoding7af9225166217043a/f2953cb82createdeletefileurlencoding7af81288fe4a0ec34%2Fpath%2Fto%5Da%20file?resource=file",
      "RequestMethod": "PUT",
      "RequestHeaders": {
        "Accept": "application/json",
        "Authorization": "Sanitized",
        "Content-Length": "0",
        "Date": "Wed, 27 Sep 2023 21:27:41 GMT",
        "User-Agent": "azsdk-java-azure-storage-file-datalake/12.18.0-beta.1 (17.0.8; Windows 11; 10.0)",
        "x-ms-client-request-id": "476e5f08-a343-4d6f-b09e-7cce6d2b3607",
        "x-ms-version": "2023-08-03"
      },
      "RequestBody": null,
      "StatusCode": 201,
      "ResponseHeaders": {
        "Content-Length": "0",
        "Date": "Wed, 27 Sep 2023 21:27:41 GMT",
        "ETag": "\u00220x8DBBFA094DE9149\u0022",
        "Last-Modified": "Wed, 27 Sep 2023 21:27:41 GMT",
        "Server": [
          "Windows-Azure-HDFS/1.0",
          "Microsoft-HTTPAPI/2.0"
        ],
        "x-ms-client-request-id": "476e5f08-a343-4d6f-b09e-7cce6d2b3607",
        "x-ms-request-id": "47852e0c-101f-0066-5089-f142ac000000",
        "x-ms-request-server-encrypted": "true",
        "x-ms-version": "2023-08-03"
      },
      "ResponseBody": null
    },
    {
      "RequestUri": "https://REDACTED/f2953cb80createdeletefileurlencoding7af9225166217043a/f2953cb82createdeletefileurlencoding7af81288fe4a0ec34%2Fpath%2Fto%5Da%20file",
      "RequestMethod": "DELETE",
      "RequestHeaders": {
        "Accept": "application/json",
        "Authorization": "Sanitized",
        "Content-Length": "0",
        "Date": "Wed, 27 Sep 2023 21:27:41 GMT",
        "User-Agent": "azsdk-java-azure-storage-file-datalake/12.18.0-beta.1 (17.0.8; Windows 11; 10.0)",
        "x-ms-client-request-id": "4dcc4343-77a4-4a8d-9de7-ad6f069fb788",
        "x-ms-version": "2023-08-03"
      },
      "RequestBody": null,
      "StatusCode": 200,
      "ResponseHeaders": {
        "Content-Length": "0",
        "Date": "Wed, 27 Sep 2023 21:27:41 GMT",
        "Server": [
          "Windows-Azure-HDFS/1.0",
          "Microsoft-HTTPAPI/2.0"
        ],
        "x-ms-client-request-id": "4dcc4343-77a4-4a8d-9de7-ad6f069fb788",
        "x-ms-delete-type-permanent": "false",
        "x-ms-deletion-id": "133403236617642752",
        "x-ms-request-id": "47852e12-101f-0066-5589-f142ac000000",
        "x-ms-version": "2023-08-03"
      },
      "ResponseBody": null
    }
  ],
  "Variables": {
    "0": "f2953cb80createdeletefileurlencoding7af9225166217043a",
    "1": "f2953cb81createdeletefileurlencoding7af99577600d7d6f8",
    "2": "f2953cb82createdeletefileurlencoding7af81288fe4a0ec34"
  }
}
