{
  "Entries": [
    {
      "RequestUri": "https://REDACTED/88d13b550renamesourceacfail9de36947ec4dd8419a3945?restype=container",
      "RequestMethod": "PUT",
      "RequestHeaders": {
        "Accept": "application/xml",
        "Authorization": "Sanitized",
        "Content-Length": "0",
        "Date": "Wed, 27 Sep 2023 21:27:33 GMT",
        "User-Agent": "azsdk-java-azure-storage-blob/12.25.0-beta.1 azsdk-java-azure-storage-file-datalake/12.18.0-beta.1 (17.0.8; Windows 11; 10.0)",
        "x-ms-client-request-id": "0cc87fe3-5852-445e-8a40-4ccbb3c920b0",
        "x-ms-version": "2023-08-03"
      },
      "RequestBody": null,
      "StatusCode": 201,
      "ResponseHeaders": {
        "Content-Length": "0",
        "Date": "Wed, 27 Sep 2023 21:27:32 GMT",
        "ETag": "\u00220x8DBBFA08FE1470D\u0022",
        "Last-Modified": "Wed, 27 Sep 2023 21:27:33 GMT",
        "Server": [
          "Windows-Azure-Blob/1.0",
          "Microsoft-HTTPAPI/2.0"
        ],
        "x-ms-client-request-id": "0cc87fe3-5852-445e-8a40-4ccbb3c920b0",
        "x-ms-request-id": "d84c9652-f01e-0033-3c89-f15227000000",
        "x-ms-version": "2023-08-03"
      },
      "ResponseBody": null
    },
    {
      "RequestUri": "https://REDACTED/88d13b550renamesourceacfail9de36947ec4dd8419a3945/88d13b551renamesourceacfail9de4036553f99955600d48?resource=directory",
      "RequestMethod": "PUT",
      "RequestHeaders": {
        "Accept": "application/json",
        "Authorization": "Sanitized",
        "Content-Length": "0",
        "Date": "Wed, 27 Sep 2023 21:27:33 GMT",
        "If-None-Match": "*",
        "User-Agent": "azsdk-java-azure-storage-file-datalake/12.18.0-beta.1 (17.0.8; Windows 11; 10.0)",
        "x-ms-client-request-id": "9aeeabbb-7c77-4368-9b58-af3cf2a5481e",
        "x-ms-version": "2023-08-03"
      },
      "RequestBody": null,
      "StatusCode": 201,
      "ResponseHeaders": {
        "Content-Length": "0",
        "Date": "Wed, 27 Sep 2023 21:27:32 GMT",
        "ETag": "\u00220x8DBBFA08FF19FE9\u0022",
        "Last-Modified": "Wed, 27 Sep 2023 21:27:33 GMT",
        "Server": [
          "Windows-Azure-HDFS/1.0",
          "Microsoft-HTTPAPI/2.0"
        ],
        "x-ms-client-request-id": "9aeeabbb-7c77-4368-9b58-af3cf2a5481e",
        "x-ms-request-id": "5d121000-201f-0030-5489-f1b343000000",
        "x-ms-request-server-encrypted": "true",
        "x-ms-version": "2023-08-03"
      },
      "ResponseBody": null
    },
    {
      "RequestUri": "https://REDACTED/88d13b550renamesourceacfail9de36947ec4dd8419a3945/88d13b551renamesourceacfail9de4036553f99955600d48",
      "RequestMethod": "HEAD",
      "RequestHeaders": {
        "Accept": "application/xml",
        "Authorization": "Sanitized",
        "Content-Length": "0",
        "Date": "Wed, 27 Sep 2023 21:27:33 GMT",
        "User-Agent": "azsdk-java-azure-storage-blob/12.25.0-beta.1 azsdk-java-azure-storage-file-datalake/12.18.0-beta.1 (17.0.8; Windows 11; 10.0)",
        "x-ms-client-request-id": "6263e92c-0b66-4308-8436-11461ee945c1",
        "x-ms-version": "2023-08-03"
      },
      "RequestBody": null,
      "StatusCode": 200,
      "ResponseHeaders": {
        "Accept-Ranges": "bytes",
        "Content-Length": "0",
        "Content-Type": "application/octet-stream",
        "Date": "Wed, 27 Sep 2023 21:27:32 GMT",
        "ETag": "\u00220x8DBBFA08FF19FE9\u0022",
        "Last-Modified": "Wed, 27 Sep 2023 21:27:33 GMT",
        "Server": [
          "Windows-Azure-Blob/1.0",
          "Microsoft-HTTPAPI/2.0"
        ],
        "x-ms-access-tier": "Hot",
        "x-ms-access-tier-inferred": "true",
        "x-ms-blob-type": "BlockBlob",
        "x-ms-client-request-id": "6263e92c-0b66-4308-8436-11461ee945c1",
        "x-ms-creation-time": "Wed, 27 Sep 2023 21:27:33 GMT",
        "x-ms-group": "$superuser",
        "x-ms-lease-state": "available",
        "x-ms-lease-status": "unlocked",
        "x-ms-meta-hdi_isfolder": "true",
        "x-ms-owner": "$superuser",
        "x-ms-permissions": "rwxr-x---",
        "x-ms-request-id": "7a5b783a-701e-0012-1489-f1765c000000",
        "x-ms-resource-type": "directory",
        "x-ms-server-encrypted": "true",
        "x-ms-version": "2023-08-03"
      },
      "ResponseBody": null
    },
    {
      "RequestUri": "https://REDACTED/88d13b550renamesourceacfail9de36947ec4dd8419a3945/88d13b552renamesourceacfail9de620147135ee3d64fd4b?mode=legacy",
      "RequestMethod": "PUT",
      "RequestHeaders": {
        "Accept": "application/json",
        "Authorization": "Sanitized",
        "Content-Length": "0",
        "Date": "Wed, 27 Sep 2023 21:27:33 GMT",
        "User-Agent": "azsdk-java-azure-storage-file-datalake/12.18.0-beta.1 (17.0.8; Windows 11; 10.0)",
        "x-ms-client-request-id": "c0591e0f-24a8-4239-8a25-dbddfa6e9595",
        "x-ms-rename-source": "/88d13b550renamesourceacfail9de36947ec4dd8419a3945/88d13b551renamesourceacfail9de4036553f99955600d48",
        "x-ms-source-if-none-match": "0x8DBBFA08FF19FE9",
        "x-ms-version": "2023-08-03"
      },
      "RequestBody": null,
      "StatusCode": 412,
      "ResponseHeaders": {
        "Content-Length": "213",
        "Content-Type": "application/json; charset=utf-8",
        "Date": "Wed, 27 Sep 2023 21:27:33 GMT",
        "Server": [
          "Windows-Azure-HDFS/1.0",
          "Microsoft-HTTPAPI/2.0"
        ],
        "x-ms-client-request-id": "c0591e0f-24a8-4239-8a25-dbddfa6e9595",
        "x-ms-error-code": "SourceConditionNotMet",
        "x-ms-request-id": "d7096c20-801f-0064-0889-f1fc14000000",
        "x-ms-version": "2023-08-03"
      },
      "ResponseBody": {
        "error": {
          "code": "SourceConditionNotMet",
          "message": "The source condition specified using HTTP conditional header(s) is not met.\nRequestId:d7096c20-801f-0064-0889-f1fc14000000\nTime:2023-09-27T21:27:33.5773437Z"
        }
      }
    }
  ],
  "Variables": {
    "0": "88d13b550renamesourceacfail9de36947ec4dd8419a3945",
    "1": "88d13b551renamesourceacfail9de4036553f99955600d48",
    "2": "88d13b552renamesourceacfail9de620147135ee3d64fd4b"
  }
}
