{
  "Entries": [
    {
      "RequestUri": "https://REDACTED/8491c5a00createifnotexistsfilemetadataf18198632e262dde?restype=container",
      "RequestMethod": "PUT",
      "RequestHeaders": {
        "Accept": "application/xml",
        "Authorization": "Sanitized",
        "Content-Length": "0",
        "Date": "Wed, 26 Jul 2023 19:32:05 GMT",
        "User-Agent": "azsdk-java-azure-storage-blob/12.24.0-beta.1 azsdk-java-azure-storage-file-datalake/12.17.0-beta.1 (17.0.7; Windows 11; 10.0)",
        "x-ms-client-request-id": "e3ab5888-ccb9-4cae-a87c-e4f26387186b",
        "x-ms-version": "2023-01-03"
      },
      "RequestBody": null,
      "StatusCode": 201,
      "ResponseHeaders": {
        "Content-Length": "0",
        "Date": "Wed, 26 Jul 2023 19:32:05 GMT",
        "ETag": "\u00220x8DB8E0EFEE0887A\u0022",
        "Last-Modified": "Wed, 26 Jul 2023 19:32:05 GMT",
        "Server": [
          "Windows-Azure-Blob/1.0",
          "Microsoft-HTTPAPI/2.0"
        ],
        "x-ms-client-request-id": "e3ab5888-ccb9-4cae-a87c-e4f26387186b",
        "x-ms-request-id": "f37614e0-c01e-0088-2af7-bf748b000000",
        "x-ms-version": "2023-01-03"
      },
      "ResponseBody": null
    },
    {
      "RequestUri": "https://REDACTED/8491c5a00createifnotexistsfilemetadataf18198632e262dde/8491c5a01createifnotexistsfilemetadataf18935035b50d3a7?resource=directory",
      "RequestMethod": "PUT",
      "RequestHeaders": {
        "Accept": "application/json",
        "Authorization": "Sanitized",
        "Content-Length": "0",
        "Date": "Wed, 26 Jul 2023 19:32:06 GMT",
        "If-None-Match": "*",
        "User-Agent": "azsdk-java-azure-storage-file-datalake/12.17.0-beta.1 (17.0.7; Windows 11; 10.0)",
        "x-ms-client-request-id": "fb2bbc2a-ac44-4182-adb7-e17a8e08ce30",
        "x-ms-version": "2023-01-03"
      },
      "RequestBody": null,
      "StatusCode": 201,
      "ResponseHeaders": {
        "Content-Length": "0",
        "Date": "Wed, 26 Jul 2023 19:32:05 GMT",
        "ETag": "\u00220x8DB8E0EFEE8A04C\u0022",
        "Last-Modified": "Wed, 26 Jul 2023 19:32:06 GMT",
        "Server": [
          "Windows-Azure-HDFS/1.0",
          "Microsoft-HTTPAPI/2.0"
        ],
        "x-ms-client-request-id": "fb2bbc2a-ac44-4182-adb7-e17a8e08ce30",
        "x-ms-request-id": "f0c949ba-201f-0064-4ff7-bf601a000000",
        "x-ms-request-server-encrypted": "true",
        "x-ms-version": "2023-01-03"
      },
      "ResponseBody": null
    },
    {
      "RequestUri": "https://REDACTED/8491c5a00createifnotexistsfilemetadataf18198632e262dde/8491c5a01createifnotexistsfilemetadataf18935035b50d3a7%2F8491c5a02createifnotexistsfilemetadataf1810457da1002f3?resource=file",
      "RequestMethod": "PUT",
      "RequestHeaders": {
        "Accept": "application/json",
        "Authorization": "Sanitized",
        "Content-Length": "0",
        "Date": "Wed, 26 Jul 2023 19:32:06 GMT",
        "If-None-Match": "*",
        "User-Agent": "azsdk-java-azure-storage-file-datalake/12.17.0-beta.1 (17.0.7; Windows 11; 10.0)",
        "x-ms-client-request-id": "cb387bc1-a48e-4d0f-921b-f7333b92b11c",
        "x-ms-properties": "foo=YmFy,fizz=YnV6eg==",
        "x-ms-version": "2023-01-03"
      },
      "RequestBody": null,
      "StatusCode": 201,
      "ResponseHeaders": {
        "Content-Length": "0",
        "Date": "Wed, 26 Jul 2023 19:32:05 GMT",
        "ETag": "\u00220x8DB8E0EFEEF79ED\u0022",
        "Last-Modified": "Wed, 26 Jul 2023 19:32:06 GMT",
        "Server": [
          "Windows-Azure-HDFS/1.0",
          "Microsoft-HTTPAPI/2.0"
        ],
        "x-ms-client-request-id": "cb387bc1-a48e-4d0f-921b-f7333b92b11c",
        "x-ms-request-id": "f0c949bf-201f-0064-54f7-bf601a000000",
        "x-ms-request-server-encrypted": "true",
        "x-ms-version": "2023-01-03"
      },
      "ResponseBody": null
    },
    {
      "RequestUri": "https://REDACTED/8491c5a00createifnotexistsfilemetadataf18198632e262dde/8491c5a01createifnotexistsfilemetadataf18935035b50d3a7%2F8491c5a02createifnotexistsfilemetadataf1810457da1002f3",
      "RequestMethod": "HEAD",
      "RequestHeaders": {
        "Accept": "application/xml",
        "Authorization": "Sanitized",
        "Content-Length": "0",
        "Date": "Wed, 26 Jul 2023 19:32:06 GMT",
        "User-Agent": "azsdk-java-azure-storage-file-datalake/12.17.0-beta.1 (17.0.7; Windows 11; 10.0)",
        "x-ms-client-request-id": "a04604d6-84d8-41a5-9ee4-6551fde99b2e",
        "x-ms-version": "2023-01-03"
      },
      "RequestBody": null,
      "StatusCode": 200,
      "ResponseHeaders": {
        "Accept-Ranges": "bytes",
        "Content-Length": "0",
        "Content-Type": "application/octet-stream",
        "Date": "Wed, 26 Jul 2023 19:32:05 GMT",
        "ETag": "\u00220x8DB8E0EFEEF79ED\u0022",
        "Last-Modified": "Wed, 26 Jul 2023 19:32:06 GMT",
        "Server": [
          "Windows-Azure-Blob/1.0",
          "Microsoft-HTTPAPI/2.0"
        ],
        "Vary": "Origin",
        "x-ms-access-tier": "Hot",
        "x-ms-access-tier-inferred": "true",
        "x-ms-blob-type": "BlockBlob",
        "x-ms-client-request-id": "a04604d6-84d8-41a5-9ee4-6551fde99b2e",
        "x-ms-creation-time": "Wed, 26 Jul 2023 19:32:06 GMT",
        "x-ms-group": "$superuser",
        "x-ms-lease-state": "available",
        "x-ms-lease-status": "unlocked",
        "x-ms-meta-fizz": "buzz",
        "x-ms-meta-foo": "bar",
        "x-ms-owner": "$superuser",
        "x-ms-permissions": "rw-r-----",
        "x-ms-request-id": "2dcff646-201e-005b-2ff7-bfa8b9000000",
        "x-ms-resource-type": "file",
        "x-ms-server-encrypted": "true",
        "x-ms-version": "2023-01-03"
      },
      "ResponseBody": null
    },
    {
      "RequestUri": "https://REDACTED/8491c5a00createifnotexistsfilemetadataf18198632e262dde/8491c5a01createifnotexistsfilemetadataf18935035b50d3a7%2F8491c5a02createifnotexistsfilemetadataf1810457da1002f3",
      "RequestMethod": "HEAD",
      "RequestHeaders": {
        "Accept": "application/xml",
        "Authorization": "Sanitized",
        "Content-Length": "0",
        "Date": "Wed, 26 Jul 2023 19:32:06 GMT",
        "User-Agent": "azsdk-java-azure-storage-file-datalake/12.17.0-beta.1 (17.0.7; Windows 11; 10.0)",
        "x-ms-client-request-id": "4a919890-b1ca-487c-8d0d-632eaf4d9460",
        "x-ms-version": "2023-01-03"
      },
      "RequestBody": null,
      "StatusCode": 200,
      "ResponseHeaders": {
        "Accept-Ranges": "bytes",
        "Content-Length": "0",
        "Content-Type": "application/octet-stream",
        "Date": "Wed, 26 Jul 2023 19:32:05 GMT",
        "ETag": "\u00220x8DB8E0EFEEF79ED\u0022",
        "Last-Modified": "Wed, 26 Jul 2023 19:32:06 GMT",
        "Server": [
          "Windows-Azure-Blob/1.0",
          "Microsoft-HTTPAPI/2.0"
        ],
        "Vary": "Origin",
        "x-ms-access-tier": "Hot",
        "x-ms-access-tier-inferred": "true",
        "x-ms-blob-type": "BlockBlob",
        "x-ms-client-request-id": "4a919890-b1ca-487c-8d0d-632eaf4d9460",
        "x-ms-creation-time": "Wed, 26 Jul 2023 19:32:06 GMT",
        "x-ms-group": "$superuser",
        "x-ms-lease-state": "available",
        "x-ms-lease-status": "unlocked",
        "x-ms-meta-fizz": "buzz",
        "x-ms-meta-foo": "bar",
        "x-ms-owner": "$superuser",
        "x-ms-permissions": "rw-r-----",
        "x-ms-request-id": "2dcff667-201e-005b-4df7-bfa8b9000000",
        "x-ms-resource-type": "file",
        "x-ms-server-encrypted": "true",
        "x-ms-version": "2023-01-03"
      },
      "ResponseBody": null
    }
  ],
  "Variables": {
    "0": "8491c5a00createifnotexistsfilemetadataf18198632e262dde",
    "1": "8491c5a01createifnotexistsfilemetadataf18935035b50d3a7",
    "2": "8491c5a02createifnotexistsfilemetadataf1810457da1002f3"
  }
}
