{
  "Entries": [
    {
      "RequestUri": "https://REDACTED/57f2601d0sethttpheadersac55163020738b07b0f27e49b?restype=container",
      "RequestMethod": "PUT",
      "RequestHeaders": {
        "Accept": "application/xml",
        "Authorization": "Sanitized",
        "Content-Length": "0",
        "Date": "Wed, 26 Jul 2023 19:31:57 GMT",
        "User-Agent": "azsdk-java-azure-storage-blob/12.24.0-beta.1 azsdk-java-azure-storage-file-datalake/12.17.0-beta.1 (17.0.7; Windows 11; 10.0)",
        "x-ms-client-request-id": "a3579852-e55f-4024-8532-3f7177649ffd",
        "x-ms-version": "2023-01-03"
      },
      "RequestBody": null,
      "StatusCode": 201,
      "ResponseHeaders": {
        "Content-Length": "0",
        "Date": "Wed, 26 Jul 2023 19:31:56 GMT",
        "ETag": "\u00220x8DB8E0EF98CBA9F\u0022",
        "Last-Modified": "Wed, 26 Jul 2023 19:31:57 GMT",
        "Server": [
          "Windows-Azure-Blob/1.0",
          "Microsoft-HTTPAPI/2.0"
        ],
        "x-ms-client-request-id": "a3579852-e55f-4024-8532-3f7177649ffd",
        "x-ms-request-id": "b34bef5e-801e-007d-10f7-bfe0a1000000",
        "x-ms-version": "2023-01-03"
      },
      "ResponseBody": null
    },
    {
      "RequestUri": "https://REDACTED/57f2601d0sethttpheadersac55163020738b07b0f27e49b/57f2601d1sethttpheadersac55188429b84cfa8d577640a?resource=directory",
      "RequestMethod": "PUT",
      "RequestHeaders": {
        "Accept": "application/json",
        "Authorization": "Sanitized",
        "Content-Length": "0",
        "Date": "Wed, 26 Jul 2023 19:31:57 GMT",
        "If-None-Match": "*",
        "User-Agent": "azsdk-java-azure-storage-file-datalake/12.17.0-beta.1 (17.0.7; Windows 11; 10.0)",
        "x-ms-client-request-id": "b20955d8-aae8-4c38-bbdd-1d97291be0e5",
        "x-ms-version": "2023-01-03"
      },
      "RequestBody": null,
      "StatusCode": 201,
      "ResponseHeaders": {
        "Content-Length": "0",
        "Date": "Wed, 26 Jul 2023 19:31:56 GMT",
        "ETag": "\u00220x8DB8E0EF994BE94\u0022",
        "Last-Modified": "Wed, 26 Jul 2023 19:31:57 GMT",
        "Server": [
          "Windows-Azure-HDFS/1.0",
          "Microsoft-HTTPAPI/2.0"
        ],
        "x-ms-client-request-id": "b20955d8-aae8-4c38-bbdd-1d97291be0e5",
        "x-ms-request-id": "0205ecbd-601f-0075-12f7-bffaae000000",
        "x-ms-request-server-encrypted": "true",
        "x-ms-version": "2023-01-03"
      },
      "ResponseBody": null
    },
    {
      "RequestUri": "https://REDACTED/57f2601d0sethttpheadersac55163020738b07b0f27e49b/57f2601d1sethttpheadersac55188429b84cfa8d577640a?comp=properties",
      "RequestMethod": "PUT",
      "RequestHeaders": {
        "Accept": "application/xml",
        "Authorization": "Sanitized",
        "Content-Length": "0",
        "Date": "Wed, 26 Jul 2023 19:31:57 GMT",
        "If-Unmodified-Since": "Thu, 27 Jul 2023 19:31:32 GMT",
        "User-Agent": "azsdk-java-azure-storage-blob/12.24.0-beta.1 azsdk-java-azure-storage-file-datalake/12.17.0-beta.1 (17.0.7; Windows 11; 10.0)",
        "x-ms-client-request-id": "c1a2a260-c52f-4ca8-816f-08f1ce431e9f",
        "x-ms-version": "2023-01-03"
      },
      "RequestBody": null,
      "StatusCode": 200,
      "ResponseHeaders": {
        "Content-Length": "0",
        "Date": "Wed, 26 Jul 2023 19:31:56 GMT",
        "ETag": "\u00220x8DB8E0EF999A241\u0022",
        "Last-Modified": "Wed, 26 Jul 2023 19:31:57 GMT",
        "Server": [
          "Windows-Azure-Blob/1.0",
          "Microsoft-HTTPAPI/2.0"
        ],
        "x-ms-client-request-id": "c1a2a260-c52f-4ca8-816f-08f1ce431e9f",
        "x-ms-request-id": "0f08c91e-601e-0075-13f7-bffaae000000",
        "x-ms-version": "2023-01-03"
      },
      "ResponseBody": null
    }
  ],
  "Variables": {
    "0": "57f2601d0sethttpheadersac55163020738b07b0f27e49b",
    "1": "57f2601d1sethttpheadersac55188429b84cfa8d577640a"
  }
}
