{
  "Entries": [
    {
      "RequestUri": "https://REDACTED/4981c9db0createfileac6cc13492c9335e4ff2c147a28?restype=container",
      "RequestMethod": "PUT",
      "RequestHeaders": {
        "Accept": "application/xml",
        "Authorization": "Sanitized",
        "Content-Length": "0",
        "Date": "Mon, 25 Sep 2023 21:56:46 GMT",
        "User-Agent": "azsdk-java-azure-storage-blob/12.25.0-beta.1 azsdk-java-azure-storage-file-datalake/12.18.0-beta.1 (17.0.8; Windows 11; 10.0)",
        "x-ms-client-request-id": "2f14fda4-a0e5-4720-bb3d-e3ecdc1ff890",
        "x-ms-version": "2023-08-03"
      },
      "RequestBody": null,
      "StatusCode": 201,
      "ResponseHeaders": {
        "Content-Length": "0",
        "Date": "Mon, 25 Sep 2023 21:56:46 GMT",
        "ETag": "\u00220x8DBBE12505AD1FA\u0022",
        "Last-Modified": "Mon, 25 Sep 2023 21:56:46 GMT",
        "Server": [
          "Windows-Azure-Blob/1.0",
          "Microsoft-HTTPAPI/2.0"
        ],
        "x-ms-client-request-id": "2f14fda4-a0e5-4720-bb3d-e3ecdc1ff890",
        "x-ms-request-id": "b545e5a5-a01e-003e-29fb-ef9af3000000",
        "x-ms-version": "2023-08-03"
      },
      "ResponseBody": null
    },
    {
      "RequestUri": "https://REDACTED/4981c9db0createfileac6cc13492c9335e4ff2c147a28/4981c9db1createfileac6cc23892160538fe5e0d464ba?resource=directory",
      "RequestMethod": "PUT",
      "RequestHeaders": {
        "Accept": "application/json",
        "Authorization": "Sanitized",
        "Content-Length": "0",
        "Date": "Mon, 25 Sep 2023 21:56:46 GMT",
        "If-None-Match": "*",
        "User-Agent": "azsdk-java-azure-storage-file-datalake/12.18.0-beta.1 (17.0.8; Windows 11; 10.0)",
        "x-ms-client-request-id": "f2fea51c-560e-46b2-b0dd-20a1ea2b198d",
        "x-ms-version": "2023-08-03"
      },
      "RequestBody": null,
      "StatusCode": 201,
      "ResponseHeaders": {
        "Content-Length": "0",
        "Date": "Mon, 25 Sep 2023 21:56:46 GMT",
        "ETag": "\u00220x8DBBE12506B5E53\u0022",
        "Last-Modified": "Mon, 25 Sep 2023 21:56:47 GMT",
        "Server": [
          "Windows-Azure-HDFS/1.0",
          "Microsoft-HTTPAPI/2.0"
        ],
        "x-ms-client-request-id": "f2fea51c-560e-46b2-b0dd-20a1ea2b198d",
        "x-ms-request-id": "9fa06c66-f01f-00c7-11fb-ef99d1000000",
        "x-ms-request-server-encrypted": "true",
        "x-ms-version": "2023-08-03"
      },
      "ResponseBody": null
    },
    {
      "RequestUri": "https://REDACTED/4981c9db0createfileac6cc13492c9335e4ff2c147a28/4981c9db1createfileac6cc23892160538fe5e0d464ba%2F4981c9db2createfileac6cc293751891e5046a9340dcb?resource=file",
      "RequestMethod": "PUT",
      "RequestHeaders": {
        "Accept": "application/json",
        "Authorization": "Sanitized",
        "Content-Length": "0",
        "Date": "Mon, 25 Sep 2023 21:56:46 GMT",
        "If-None-Match": "*",
        "User-Agent": "azsdk-java-azure-storage-file-datalake/12.18.0-beta.1 (17.0.8; Windows 11; 10.0)",
        "x-ms-client-request-id": "7b0a6e43-8e1a-4e26-8921-728106ebf26c",
        "x-ms-version": "2023-08-03"
      },
      "RequestBody": null,
      "StatusCode": 201,
      "ResponseHeaders": {
        "Content-Length": "0",
        "Date": "Mon, 25 Sep 2023 21:56:46 GMT",
        "ETag": "\u00220x8DBBE12507ADA81\u0022",
        "Last-Modified": "Mon, 25 Sep 2023 21:56:47 GMT",
        "Server": [
          "Windows-Azure-HDFS/1.0",
          "Microsoft-HTTPAPI/2.0"
        ],
        "x-ms-client-request-id": "7b0a6e43-8e1a-4e26-8921-728106ebf26c",
        "x-ms-request-id": "e8c02fa3-d01f-009d-16fb-efff36000000",
        "x-ms-request-server-encrypted": "true",
        "x-ms-version": "2023-08-03"
      },
      "ResponseBody": null
    },
    {
      "RequestUri": "https://REDACTED/4981c9db0createfileac6cc13492c9335e4ff2c147a28/4981c9db1createfileac6cc23892160538fe5e0d464ba%2F4981c9db2createfileac6cc293751891e5046a9340dcb?resource=file",
      "RequestMethod": "PUT",
      "RequestHeaders": {
        "Accept": "application/json",
        "Authorization": "Sanitized",
        "Content-Length": "0",
        "Date": "Mon, 25 Sep 2023 21:56:47 GMT",
        "If-None-Match": "garbage",
        "User-Agent": "azsdk-java-azure-storage-file-datalake/12.18.0-beta.1 (17.0.8; Windows 11; 10.0)",
        "x-ms-client-request-id": "f7f4e098-def8-4a2e-a36f-e1eaaae3304a",
        "x-ms-version": "2023-08-03"
      },
      "RequestBody": null,
      "StatusCode": 201,
      "ResponseHeaders": {
        "Content-Length": "0",
        "Date": "Mon, 25 Sep 2023 21:56:46 GMT",
        "ETag": "\u00220x8DBBE125088E76C\u0022",
        "Last-Modified": "Mon, 25 Sep 2023 21:56:47 GMT",
        "Server": [
          "Windows-Azure-HDFS/1.0",
          "Microsoft-HTTPAPI/2.0"
        ],
        "x-ms-client-request-id": "f7f4e098-def8-4a2e-a36f-e1eaaae3304a",
        "x-ms-request-id": "e8c02fb1-d01f-009d-24fb-efff36000000",
        "x-ms-request-server-encrypted": "true",
        "x-ms-version": "2023-08-03"
      },
      "ResponseBody": null
    }
  ],
  "Variables": {
    "0": "4981c9db0createfileac6cc13492c9335e4ff2c147a28",
    "1": "4981c9db1createfileac6cc23892160538fe5e0d464ba",
    "2": "4981c9db2createfileac6cc293751891e5046a9340dcb"
  }
}
