{
  "Entries": [
    {
      "RequestUri": "https://REDACTED/50a1ebbc0sethttpheaderserror31d868152356c9965c7b4?restype=container",
      "RequestMethod": "PUT",
      "RequestHeaders": {
        "Accept": "application/xml",
        "Authorization": "Sanitized",
        "Content-Length": "0",
        "Date": "Tue, 12 Mar 2024 22:12:38 GMT",
        "User-Agent": "azsdk-java-azure-storage-blob/12.26.0-beta.1 azsdk-java-azure-storage-file-datalake/12.19.0-beta.1 (17.0.8; Windows 11; 10.0)",
        "x-ms-client-request-id": "07e39fa3-2a62-48ca-9e63-a0d5385e10cd",
        "x-ms-version": "2024-02-04"
      },
      "RequestBody": null,
      "StatusCode": 201,
      "ResponseHeaders": {
        "Content-Length": "0",
        "Date": "Tue, 12 Mar 2024 22:12:38 GMT",
        "ETag": "\u00220x8DC42E1873F91F9\u0022",
        "Last-Modified": "Tue, 12 Mar 2024 22:12:38 GMT",
        "Server": [
          "Windows-Azure-Blob/1.0",
          "Microsoft-HTTPAPI/2.0"
        ],
        "x-ms-client-request-id": "07e39fa3-2a62-48ca-9e63-a0d5385e10cd",
        "x-ms-request-id": "d2805be0-701e-0002-0bca-74b334000000",
        "x-ms-version": "2024-02-04"
      },
      "ResponseBody": null
    },
    {
      "RequestUri": "https://REDACTED/50a1ebbc0sethttpheaderserror31d868152356c9965c7b4/50a1ebbc1sethttpheaderserror31d07483b9cbe912ae454?resource=directory",
      "RequestMethod": "PUT",
      "RequestHeaders": {
        "Accept": "application/json",
        "Authorization": "Sanitized",
        "Content-Length": "0",
        "Date": "Tue, 12 Mar 2024 22:12:38 GMT",
        "If-None-Match": "*",
        "User-Agent": "azsdk-java-azure-storage-file-datalake/12.19.0-beta.1 (17.0.8; Windows 11; 10.0)",
        "x-ms-client-request-id": "2a3b7dc5-a32b-4f26-908c-3f56b9f6831f",
        "x-ms-version": "2024-02-04"
      },
      "RequestBody": null,
      "StatusCode": 201,
      "ResponseHeaders": {
        "Content-Length": "0",
        "Date": "Tue, 12 Mar 2024 22:12:38 GMT",
        "ETag": "\u00220x8DC42E187501070\u0022",
        "Last-Modified": "Tue, 12 Mar 2024 22:12:38 GMT",
        "Server": [
          "Windows-Azure-HDFS/1.0",
          "Microsoft-HTTPAPI/2.0"
        ],
        "x-ms-client-request-id": "2a3b7dc5-a32b-4f26-908c-3f56b9f6831f",
        "x-ms-request-id": "416789be-701f-0002-6dca-74b334000000",
        "x-ms-request-server-encrypted": "true",
        "x-ms-version": "2024-02-04"
      },
      "ResponseBody": null
    },
    {
      "RequestUri": "https://REDACTED/50a1ebbc0sethttpheaderserror31d868152356c9965c7b4/50a1ebbc2sethttpheaderserror31d41154d4b4d6b9c9af4?comp=properties",
      "RequestMethod": "PUT",
      "RequestHeaders": {
        "Accept": "application/xml",
        "Authorization": "Sanitized",
        "Content-Length": "0",
        "Date": "Tue, 12 Mar 2024 22:12:38 GMT",
        "User-Agent": "azsdk-java-azure-storage-blob/12.26.0-beta.1 azsdk-java-azure-storage-file-datalake/12.19.0-beta.1 (17.0.8; Windows 11; 10.0)",
        "x-ms-client-request-id": "4af104b4-5d46-403d-8b84-6fb819679780",
        "x-ms-version": "2024-02-04"
      },
      "RequestBody": null,
      "StatusCode": 404,
      "ResponseHeaders": {
        "Content-Length": "215",
        "Content-Type": "application/xml",
        "Date": "Tue, 12 Mar 2024 22:12:37 GMT",
        "Server": [
          "Windows-Azure-Blob/1.0",
          "Microsoft-HTTPAPI/2.0"
        ],
        "x-ms-client-request-id": "4af104b4-5d46-403d-8b84-6fb819679780",
        "x-ms-error-code": "BlobNotFound",
        "x-ms-request-id": "6d96539d-a01e-00b8-2cca-74564a000000",
        "x-ms-version": "2024-02-04"
      },
      "ResponseBody": [
        "\uFEFF\u003C?xml version=\u00221.0\u0022 encoding=\u0022utf-8\u0022?\u003E\u003CError\u003E\u003CCode\u003EBlobNotFound\u003C/Code\u003E\u003CMessage\u003EThe specified blob does not exist.\n",
        "RequestId:6d96539d-a01e-00b8-2cca-74564a000000\n",
        "Time:2024-03-12T22:12:38.6062624Z\u003C/Message\u003E\u003C/Error\u003E"
      ]
    }
  ],
  "Variables": {
    "0": "50a1ebbc0sethttpheaderserror31d868152356c9965c7b4",
    "1": "50a1ebbc1sethttpheaderserror31d07483b9cbe912ae454",
    "2": "50a1ebbc2sethttpheaderserror31d41154d4b4d6b9c9af4"
  }
}
