{
  "Entries": [
    {
      "RequestUri": "https://REDACTED/f2953cb80createdeletefileurlencoding17192447228fb9a21?restype=container",
      "RequestMethod": "PUT",
      "RequestHeaders": {
        "Accept": "application/xml",
        "Authorization": "Sanitized",
        "Content-Length": "0",
        "Date": "Tue, 12 Mar 2024 23:00:40 GMT",
        "User-Agent": "azsdk-java-azure-storage-blob/12.26.0-beta.1 azsdk-java-azure-storage-file-datalake/12.19.0-beta.1 (17.0.8; Windows 11; 10.0)",
        "x-ms-client-request-id": "7a18c606-44fb-4767-a68d-fc677da4ff47",
        "x-ms-version": "2024-02-04"
      },
      "RequestBody": null,
      "StatusCode": 201,
      "ResponseHeaders": {
        "Content-Length": "0",
        "Date": "Tue, 12 Mar 2024 23:00:40 GMT",
        "ETag": "\u00220x8DC42E83D662253\u0022",
        "Last-Modified": "Tue, 12 Mar 2024 23:00:40 GMT",
        "Server": [
          "Windows-Azure-Blob/1.0",
          "Microsoft-HTTPAPI/2.0"
        ],
        "x-ms-client-request-id": "7a18c606-44fb-4767-a68d-fc677da4ff47",
        "x-ms-request-id": "4e810ce6-c01e-00be-2cd1-7465f5000000",
        "x-ms-version": "2024-02-04"
      },
      "ResponseBody": null
    },
    {
      "RequestUri": "https://REDACTED/f2953cb80createdeletefileurlencoding17192447228fb9a21/f2953cb81createdeletefileurlencoding1715048990a94ff0d?resource=directory",
      "RequestMethod": "PUT",
      "RequestHeaders": {
        "Accept": "application/json",
        "Authorization": "Sanitized",
        "Content-Length": "0",
        "Date": "Tue, 12 Mar 2024 23:00:40 GMT",
        "If-None-Match": "*",
        "User-Agent": "azsdk-java-azure-storage-file-datalake/12.19.0-beta.1 (17.0.8; Windows 11; 10.0)",
        "x-ms-client-request-id": "beaaef49-aa10-4044-a342-f410ef02b99c",
        "x-ms-version": "2024-02-04"
      },
      "RequestBody": null,
      "StatusCode": 201,
      "ResponseHeaders": {
        "Content-Length": "0",
        "Date": "Tue, 12 Mar 2024 23:00:40 GMT",
        "ETag": "\u00220x8DC42E83D78636E\u0022",
        "Last-Modified": "Tue, 12 Mar 2024 23:00:41 GMT",
        "Server": [
          "Windows-Azure-HDFS/1.0",
          "Microsoft-HTTPAPI/2.0"
        ],
        "x-ms-client-request-id": "beaaef49-aa10-4044-a342-f410ef02b99c",
        "x-ms-request-id": "10646b4a-c01f-00dc-57d1-74a7d2000000",
        "x-ms-request-server-encrypted": "true",
        "x-ms-version": "2024-02-04"
      },
      "ResponseBody": null
    },
    {
      "RequestUri": "https://REDACTED/f2953cb80createdeletefileurlencoding17192447228fb9a21/f2953cb82createdeletefileurlencoding17129645c90df5d78%2Ftest%25test?resource=file",
      "RequestMethod": "PUT",
      "RequestHeaders": {
        "Accept": "application/json",
        "Authorization": "Sanitized",
        "Content-Length": "0",
        "Date": "Tue, 12 Mar 2024 23:00:40 GMT",
        "User-Agent": "azsdk-java-azure-storage-file-datalake/12.19.0-beta.1 (17.0.8; Windows 11; 10.0)",
        "x-ms-client-request-id": "0684b99a-891b-496b-b170-69602ad84c3c",
        "x-ms-version": "2024-02-04"
      },
      "RequestBody": null,
      "StatusCode": 201,
      "ResponseHeaders": {
        "Content-Length": "0",
        "Date": "Tue, 12 Mar 2024 23:00:41 GMT",
        "ETag": "\u00220x8DC42E83D8CA3E3\u0022",
        "Last-Modified": "Tue, 12 Mar 2024 23:00:41 GMT",
        "Server": [
          "Windows-Azure-HDFS/1.0",
          "Microsoft-HTTPAPI/2.0"
        ],
        "x-ms-client-request-id": "0684b99a-891b-496b-b170-69602ad84c3c",
        "x-ms-request-id": "25cb6fc1-201f-00c4-27d1-7478b5000000",
        "x-ms-request-server-encrypted": "true",
        "x-ms-version": "2024-02-04"
      },
      "ResponseBody": null
    },
    {
      "RequestUri": "https://REDACTED/f2953cb80createdeletefileurlencoding17192447228fb9a21/f2953cb82createdeletefileurlencoding17129645c90df5d78%2Ftest%25test",
      "RequestMethod": "DELETE",
      "RequestHeaders": {
        "Accept": "application/json",
        "Authorization": "Sanitized",
        "Content-Length": "0",
        "Date": "Tue, 12 Mar 2024 23:00:41 GMT",
        "User-Agent": "azsdk-java-azure-storage-file-datalake/12.19.0-beta.1 (17.0.8; Windows 11; 10.0)",
        "x-ms-client-request-id": "182bf1f6-a06e-4617-8247-182eb4fe8da9",
        "x-ms-version": "2024-02-04"
      },
      "RequestBody": null,
      "StatusCode": 200,
      "ResponseHeaders": {
        "Content-Length": "0",
        "Date": "Tue, 12 Mar 2024 23:00:41 GMT",
        "Server": [
          "Windows-Azure-HDFS/1.0",
          "Microsoft-HTTPAPI/2.0"
        ],
        "x-ms-client-request-id": "182bf1f6-a06e-4617-8247-182eb4fe8da9",
        "x-ms-delete-type-permanent": "false",
        "x-ms-deletion-id": "133547580413541481",
        "x-ms-request-id": "25cb6fc3-201f-00c4-29d1-7478b5000000",
        "x-ms-version": "2024-02-04"
      },
      "ResponseBody": null
    }
  ],
  "Variables": {
    "0": "f2953cb80createdeletefileurlencoding17192447228fb9a21",
    "1": "f2953cb81createdeletefileurlencoding1715048990a94ff0d",
    "2": "f2953cb82createdeletefileurlencoding17129645c90df5d78"
  }
}
