{
  "Entries": [
    {
      "RequestUri": "https://REDACTED/7f7df90c0deleteifexistssubdirac31539931f3fc147d0fc0?restype=container",
      "RequestMethod": "PUT",
      "RequestHeaders": {
        "Accept": "application/xml",
        "Authorization": "Sanitized",
        "Content-Length": "0",
        "Date": "Thu, 19 Oct 2023 23:33:07 GMT",
        "User-Agent": "azsdk-java-azure-storage-blob/12.25.0-beta.1 azsdk-java-azure-storage-file-datalake/12.18.0-beta.1 (17.0.8; Windows 11; 10.0)",
        "x-ms-client-request-id": "63756d3e-0b8a-4c4a-a027-f663492bc429",
        "x-ms-version": "2023-11-03"
      },
      "RequestBody": null,
      "StatusCode": 201,
      "ResponseHeaders": {
        "Content-Length": "0",
        "Date": "Thu, 19 Oct 2023 23:33:07 GMT",
        "ETag": "\u00220x8DBD0FBC0598EA9\u0022",
        "Last-Modified": "Thu, 19 Oct 2023 23:33:08 GMT",
        "Server": [
          "Windows-Azure-Blob/1.0",
          "Microsoft-HTTPAPI/2.0"
        ],
        "x-ms-client-request-id": "63756d3e-0b8a-4c4a-a027-f663492bc429",
        "x-ms-request-id": "f2f4f5d7-b01e-0040-18e4-020ab4000000",
        "x-ms-version": "2023-11-03"
      },
      "ResponseBody": null
    },
    {
      "RequestUri": "https://REDACTED/7f7df90c0deleteifexistssubdirac31539931f3fc147d0fc0/7f7df90c1deleteifexistssubdirac31578089c2f9b1fc3703?resource=directory",
      "RequestMethod": "PUT",
      "RequestHeaders": {
        "Accept": "application/json",
        "Authorization": "Sanitized",
        "Content-Length": "0",
        "Date": "Thu, 19 Oct 2023 23:33:07 GMT",
        "If-None-Match": "*",
        "User-Agent": "azsdk-java-azure-storage-file-datalake/12.18.0-beta.1 (17.0.8; Windows 11; 10.0)",
        "x-ms-client-request-id": "c52e2606-bf8b-4f7d-a895-be3af556deba",
        "x-ms-version": "2023-11-03"
      },
      "RequestBody": null,
      "StatusCode": 201,
      "ResponseHeaders": {
        "Content-Length": "0",
        "Date": "Thu, 19 Oct 2023 23:33:08 GMT",
        "ETag": "\u00220x8DBD0FBC06A93EA\u0022",
        "Last-Modified": "Thu, 19 Oct 2023 23:33:08 GMT",
        "Server": [
          "Windows-Azure-HDFS/1.0",
          "Microsoft-HTTPAPI/2.0"
        ],
        "x-ms-client-request-id": "c52e2606-bf8b-4f7d-a895-be3af556deba",
        "x-ms-request-id": "7b2cae23-e01f-00e4-44e4-020312000000",
        "x-ms-request-server-encrypted": "true",
        "x-ms-version": "2023-11-03"
      },
      "ResponseBody": null
    },
    {
      "RequestUri": "https://REDACTED/7f7df90c0deleteifexistssubdirac31539931f3fc147d0fc0/7f7df90c1deleteifexistssubdirac31578089c2f9b1fc3703%2F7f7df90c2deleteifexistssubdirac31589127c78cfe21aef3?resource=directory",
      "RequestMethod": "PUT",
      "RequestHeaders": {
        "Accept": "application/json",
        "Authorization": "Sanitized",
        "Content-Length": "0",
        "Date": "Thu, 19 Oct 2023 23:33:07 GMT",
        "If-None-Match": "*",
        "User-Agent": "azsdk-java-azure-storage-file-datalake/12.18.0-beta.1 (17.0.8; Windows 11; 10.0)",
        "x-ms-client-request-id": "53bd2bec-dfa6-4e3b-949b-c743dacb8191",
        "x-ms-version": "2023-11-03"
      },
      "RequestBody": null,
      "StatusCode": 201,
      "ResponseHeaders": {
        "Content-Length": "0",
        "Date": "Thu, 19 Oct 2023 23:33:08 GMT",
        "ETag": "\u00220x8DBD0FBC079E79E\u0022",
        "Last-Modified": "Thu, 19 Oct 2023 23:33:08 GMT",
        "Server": [
          "Windows-Azure-HDFS/1.0",
          "Microsoft-HTTPAPI/2.0"
        ],
        "x-ms-client-request-id": "53bd2bec-dfa6-4e3b-949b-c743dacb8191",
        "x-ms-request-id": "746c3dc6-501f-0093-63e4-02d686000000",
        "x-ms-request-server-encrypted": "true",
        "x-ms-version": "2023-11-03"
      },
      "ResponseBody": null
    },
    {
      "RequestUri": "https://REDACTED/7f7df90c0deleteifexistssubdirac31539931f3fc147d0fc0/7f7df90c1deleteifexistssubdirac31578089c2f9b1fc3703%2F7f7df90c2deleteifexistssubdirac31589127c78cfe21aef3?comp=lease",
      "RequestMethod": "PUT",
      "RequestHeaders": {
        "Accept": "application/xml",
        "Authorization": "Sanitized",
        "Content-Length": "0",
        "Date": "Thu, 19 Oct 2023 23:33:07 GMT",
        "User-Agent": "azsdk-java-azure-storage-file-datalake/12.18.0-beta.1 (17.0.8; Windows 11; 10.0)",
        "x-ms-client-request-id": "38e04871-504f-4887-91eb-b6ec5956a543",
        "x-ms-lease-action": "acquire",
        "x-ms-lease-duration": "-1",
        "x-ms-proposed-lease-id": "e2f7fa6d-fb41-4aaa-a665-4bba6c56d57c",
        "x-ms-version": "2023-11-03"
      },
      "RequestBody": null,
      "StatusCode": 201,
      "ResponseHeaders": {
        "Content-Length": "0",
        "Date": "Thu, 19 Oct 2023 23:33:08 GMT",
        "ETag": "\u00220x8DBD0FBC079E79E\u0022",
        "Last-Modified": "Thu, 19 Oct 2023 23:33:08 GMT",
        "Server": [
          "Windows-Azure-Blob/1.0",
          "Microsoft-HTTPAPI/2.0"
        ],
        "x-ms-client-request-id": "38e04871-504f-4887-91eb-b6ec5956a543",
        "x-ms-lease-id": "e2f7fa6d-fb41-4aaa-a665-4bba6c56d57c",
        "x-ms-request-id": "b8702349-e01e-0096-36e4-02045d000000",
        "x-ms-version": "2023-11-03"
      },
      "ResponseBody": null
    },
    {
      "RequestUri": "https://REDACTED/7f7df90c0deleteifexistssubdirac31539931f3fc147d0fc0/7f7df90c1deleteifexistssubdirac31578089c2f9b1fc3703%2F7f7df90c2deleteifexistssubdirac31589127c78cfe21aef3?recursive=false",
      "RequestMethod": "DELETE",
      "RequestHeaders": {
        "Accept": "application/json",
        "Authorization": "Sanitized",
        "Content-Length": "0",
        "Date": "Thu, 19 Oct 2023 23:33:07 GMT",
        "User-Agent": "azsdk-java-azure-storage-file-datalake/12.18.0-beta.1 (17.0.8; Windows 11; 10.0)",
        "x-ms-client-request-id": "2843fc89-c81a-4adc-bbc5-ac9e6c756c5b",
        "x-ms-lease-id": "e2f7fa6d-fb41-4aaa-a665-4bba6c56d57c",
        "x-ms-version": "2023-11-03"
      },
      "RequestBody": null,
      "StatusCode": 200,
      "ResponseHeaders": {
        "Content-Length": "0",
        "Date": "Thu, 19 Oct 2023 23:33:08 GMT",
        "Server": [
          "Windows-Azure-HDFS/1.0",
          "Microsoft-HTTPAPI/2.0"
        ],
        "x-ms-client-request-id": "2843fc89-c81a-4adc-bbc5-ac9e6c756c5b",
        "x-ms-delete-type-permanent": "false",
        "x-ms-deletion-id": "133422319889757008",
        "x-ms-request-id": "9e141b50-f01f-008a-3de4-02563d000000",
        "x-ms-version": "2023-11-03"
      },
      "ResponseBody": null
    }
  ],
  "Variables": {
    "0": "7f7df90c0deleteifexistssubdirac31539931f3fc147d0fc0",
    "1": "7f7df90c1deleteifexistssubdirac31578089c2f9b1fc3703",
    "2": "7f7df90c2deleteifexistssubdirac31589127c78cfe21aef3"
  }
}
