{
  "Entries": [
    {
      "RequestUri": "https://REDACTED/a75353aa0setmetadatametadata16789643a982e1bc47564?restype=container",
      "RequestMethod": "PUT",
      "RequestHeaders": {
        "Accept": "application/xml",
        "Authorization": "Sanitized",
        "Content-Length": "0",
        "Date": "Wed, 26 Jul 2023 19:31:59 GMT",
        "User-Agent": "azsdk-java-azure-storage-blob/12.24.0-beta.1 azsdk-java-azure-storage-file-datalake/12.17.0-beta.1 (17.0.7; Windows 11; 10.0)",
        "x-ms-client-request-id": "ebfcf187-f067-4e01-bd29-cf96f31fc63b",
        "x-ms-version": "2023-01-03"
      },
      "RequestBody": null,
      "StatusCode": 201,
      "ResponseHeaders": {
        "Content-Length": "0",
        "Date": "Wed, 26 Jul 2023 19:31:58 GMT",
        "ETag": "\u00220x8DB8E0EFAC4CED4\u0022",
        "Last-Modified": "Wed, 26 Jul 2023 19:31:59 GMT",
        "Server": [
          "Windows-Azure-Blob/1.0",
          "Microsoft-HTTPAPI/2.0"
        ],
        "x-ms-client-request-id": "ebfcf187-f067-4e01-bd29-cf96f31fc63b",
        "x-ms-request-id": "e2b7f4c8-d01e-0012-39f7-bfea52000000",
        "x-ms-version": "2023-01-03"
      },
      "ResponseBody": null
    },
    {
      "RequestUri": "https://REDACTED/a75353aa0setmetadatametadata16789643a982e1bc47564/a75353aa1setmetadatametadata16761323cc422c65407d4?resource=directory",
      "RequestMethod": "PUT",
      "RequestHeaders": {
        "Accept": "application/json",
        "Authorization": "Sanitized",
        "Content-Length": "0",
        "Date": "Wed, 26 Jul 2023 19:31:59 GMT",
        "If-None-Match": "*",
        "User-Agent": "azsdk-java-azure-storage-file-datalake/12.17.0-beta.1 (17.0.7; Windows 11; 10.0)",
        "x-ms-client-request-id": "87cd2393-9329-4b9e-914a-2516954e0ec1",
        "x-ms-version": "2023-01-03"
      },
      "RequestBody": null,
      "StatusCode": 201,
      "ResponseHeaders": {
        "Content-Length": "0",
        "Date": "Wed, 26 Jul 2023 19:31:58 GMT",
        "ETag": "\u00220x8DB8E0EFACCE560\u0022",
        "Last-Modified": "Wed, 26 Jul 2023 19:31:59 GMT",
        "Server": [
          "Windows-Azure-HDFS/1.0",
          "Microsoft-HTTPAPI/2.0"
        ],
        "x-ms-client-request-id": "87cd2393-9329-4b9e-914a-2516954e0ec1",
        "x-ms-request-id": "c75338f0-c01f-0053-7af7-bfb2b6000000",
        "x-ms-request-server-encrypted": "true",
        "x-ms-version": "2023-01-03"
      },
      "ResponseBody": null
    },
    {
      "RequestUri": "https://REDACTED/a75353aa0setmetadatametadata16789643a982e1bc47564/a75353aa1setmetadatametadata16761323cc422c65407d4?comp=metadata",
      "RequestMethod": "PUT",
      "RequestHeaders": {
        "Accept": "application/xml",
        "Authorization": "Sanitized",
        "Content-Length": "0",
        "Date": "Wed, 26 Jul 2023 19:31:59 GMT",
        "User-Agent": "azsdk-java-azure-storage-blob/12.24.0-beta.1 azsdk-java-azure-storage-file-datalake/12.17.0-beta.1 (17.0.7; Windows 11; 10.0)",
        "x-ms-client-request-id": "7c7b3214-da11-4bd3-9588-ea43a7269393",
        "x-ms-version": "2023-01-03"
      },
      "RequestBody": null,
      "StatusCode": 200,
      "ResponseHeaders": {
        "Content-Length": "0",
        "Date": "Wed, 26 Jul 2023 19:31:59 GMT",
        "ETag": "\u00220x8DB8E0EFAD24723\u0022",
        "Last-Modified": "Wed, 26 Jul 2023 19:31:59 GMT",
        "Server": [
          "Windows-Azure-Blob/1.0",
          "Microsoft-HTTPAPI/2.0"
        ],
        "x-ms-client-request-id": "7c7b3214-da11-4bd3-9588-ea43a7269393",
        "x-ms-request-id": "7af29465-701e-0024-0df7-bf6722000000",
        "x-ms-request-server-encrypted": "true",
        "x-ms-version": "2023-01-03"
      },
      "ResponseBody": null
    },
    {
      "RequestUri": "https://REDACTED/a75353aa0setmetadatametadata16789643a982e1bc47564/a75353aa1setmetadatametadata16761323cc422c65407d4",
      "RequestMethod": "HEAD",
      "RequestHeaders": {
        "Accept": "application/xml",
        "Authorization": "Sanitized",
        "Content-Length": "0",
        "Date": "Wed, 26 Jul 2023 19:31:59 GMT",
        "User-Agent": "azsdk-java-azure-storage-blob/12.24.0-beta.1 azsdk-java-azure-storage-file-datalake/12.17.0-beta.1 (17.0.7; Windows 11; 10.0)",
        "x-ms-client-request-id": "d74fd699-7489-4993-8cb4-e53bf39f4aa0",
        "x-ms-version": "2023-01-03"
      },
      "RequestBody": null,
      "StatusCode": 200,
      "ResponseHeaders": {
        "Accept-Ranges": "bytes",
        "Content-Length": "0",
        "Content-Type": "application/octet-stream",
        "Date": "Wed, 26 Jul 2023 19:31:59 GMT",
        "ETag": "\u00220x8DB8E0EFAD24723\u0022",
        "Last-Modified": "Wed, 26 Jul 2023 19:31:59 GMT",
        "Server": [
          "Windows-Azure-Blob/1.0",
          "Microsoft-HTTPAPI/2.0"
        ],
        "Vary": "Origin",
        "x-ms-access-tier": "Hot",
        "x-ms-access-tier-inferred": "true",
        "x-ms-blob-type": "BlockBlob",
        "x-ms-client-request-id": "d74fd699-7489-4993-8cb4-e53bf39f4aa0",
        "x-ms-creation-time": "Wed, 26 Jul 2023 19:31:59 GMT",
        "x-ms-group": "$superuser",
        "x-ms-lease-state": "available",
        "x-ms-lease-status": "unlocked",
        "x-ms-meta-hdi_isfolder": "true",
        "x-ms-owner": "$superuser",
        "x-ms-permissions": "rwxr-x---",
        "x-ms-request-id": "7af29488-701e-0024-2df7-bf6722000000",
        "x-ms-resource-type": "directory",
        "x-ms-server-encrypted": "true",
        "x-ms-version": "2023-01-03"
      },
      "ResponseBody": null
    }
  ],
  "Variables": {
    "0": "a75353aa0setmetadatametadata16789643a982e1bc47564",
    "1": "a75353aa1setmetadatametadata16761323cc422c65407d4"
  }
}
