{
  "Entries": [
    {
      "RequestUri": "https://REDACTED/9bd4e35e0createfileac52d90744a657ad2286a8421f8?restype=container",
      "RequestMethod": "PUT",
      "RequestHeaders": {
        "Accept": "application/xml",
        "Authorization": "Sanitized",
        "Content-Length": "0",
        "Date": "Thu, 19 Oct 2023 23:33:13 GMT",
        "User-Agent": "azsdk-java-azure-storage-blob/12.25.0-beta.1 azsdk-java-azure-storage-file-datalake/12.18.0-beta.1 (17.0.8; Windows 11; 10.0)",
        "x-ms-client-request-id": "e89763ca-805a-45ce-a309-7410a6ebf03a",
        "x-ms-version": "2023-11-03"
      },
      "RequestBody": null,
      "StatusCode": 201,
      "ResponseHeaders": {
        "Content-Length": "0",
        "Date": "Thu, 19 Oct 2023 23:33:14 GMT",
        "ETag": "\u00220x8DBD0FBC410BD5F\u0022",
        "Last-Modified": "Thu, 19 Oct 2023 23:33:14 GMT",
        "Server": [
          "Windows-Azure-Blob/1.0",
          "Microsoft-HTTPAPI/2.0"
        ],
        "x-ms-client-request-id": "e89763ca-805a-45ce-a309-7410a6ebf03a",
        "x-ms-request-id": "86a27853-d01e-001b-79e4-02338f000000",
        "x-ms-version": "2023-11-03"
      },
      "ResponseBody": null
    },
    {
      "RequestUri": "https://REDACTED/9bd4e35e0createfileac52d90744a657ad2286a8421f8/9bd4e35e1createfileac52d2496959df0003dc1447f88?resource=directory",
      "RequestMethod": "PUT",
      "RequestHeaders": {
        "Accept": "application/json",
        "Authorization": "Sanitized",
        "Content-Length": "0",
        "Date": "Thu, 19 Oct 2023 23:33:13 GMT",
        "If-None-Match": "*",
        "User-Agent": "azsdk-java-azure-storage-file-datalake/12.18.0-beta.1 (17.0.8; Windows 11; 10.0)",
        "x-ms-client-request-id": "eff79137-2488-4810-8d78-0961d3470fac",
        "x-ms-version": "2023-11-03"
      },
      "RequestBody": null,
      "StatusCode": 201,
      "ResponseHeaders": {
        "Content-Length": "0",
        "Date": "Thu, 19 Oct 2023 23:33:14 GMT",
        "ETag": "\u00220x8DBD0FBC42155C2\u0022",
        "Last-Modified": "Thu, 19 Oct 2023 23:33:14 GMT",
        "Server": [
          "Windows-Azure-HDFS/1.0",
          "Microsoft-HTTPAPI/2.0"
        ],
        "x-ms-client-request-id": "eff79137-2488-4810-8d78-0961d3470fac",
        "x-ms-request-id": "746c3e46-501f-0093-5ce4-02d686000000",
        "x-ms-request-server-encrypted": "true",
        "x-ms-version": "2023-11-03"
      },
      "ResponseBody": null
    },
    {
      "RequestUri": "https://REDACTED/9bd4e35e0createfileac52d90744a657ad2286a8421f8/9bd4e35e1createfileac52d2496959df0003dc1447f88%2F9bd4e35e2createfileac52d51192cf8a8d686ad342f68?resource=file",
      "RequestMethod": "PUT",
      "RequestHeaders": {
        "Accept": "application/json",
        "Authorization": "Sanitized",
        "Content-Length": "0",
        "Date": "Thu, 19 Oct 2023 23:33:13 GMT",
        "If-None-Match": "*",
        "User-Agent": "azsdk-java-azure-storage-file-datalake/12.18.0-beta.1 (17.0.8; Windows 11; 10.0)",
        "x-ms-client-request-id": "c4865ec9-521d-448e-b666-a55671305890",
        "x-ms-version": "2023-11-03"
      },
      "RequestBody": null,
      "StatusCode": 201,
      "ResponseHeaders": {
        "Content-Length": "0",
        "Date": "Thu, 19 Oct 2023 23:33:14 GMT",
        "ETag": "\u00220x8DBD0FBC430D170\u0022",
        "Last-Modified": "Thu, 19 Oct 2023 23:33:14 GMT",
        "Server": [
          "Windows-Azure-HDFS/1.0",
          "Microsoft-HTTPAPI/2.0"
        ],
        "x-ms-client-request-id": "c4865ec9-521d-448e-b666-a55671305890",
        "x-ms-request-id": "746c3e4d-501f-0093-63e4-02d686000000",
        "x-ms-request-server-encrypted": "true",
        "x-ms-version": "2023-11-03"
      },
      "ResponseBody": null
    },
    {
      "RequestUri": "https://REDACTED/9bd4e35e0createfileac52d90744a657ad2286a8421f8/9bd4e35e1createfileac52d2496959df0003dc1447f88%2F9bd4e35e2createfileac52d51192cf8a8d686ad342f68?comp=lease",
      "RequestMethod": "PUT",
      "RequestHeaders": {
        "Accept": "application/xml",
        "Authorization": "Sanitized",
        "Content-Length": "0",
        "Date": "Thu, 19 Oct 2023 23:33:13 GMT",
        "User-Agent": "azsdk-java-azure-storage-file-datalake/12.18.0-beta.1 (17.0.8; Windows 11; 10.0)",
        "x-ms-client-request-id": "bd0611a1-82f6-4410-9a24-3309ca0a152b",
        "x-ms-lease-action": "acquire",
        "x-ms-lease-duration": "-1",
        "x-ms-proposed-lease-id": "0cc44e1b-179e-4f56-a0ed-0d2de0b050c9",
        "x-ms-version": "2023-11-03"
      },
      "RequestBody": null,
      "StatusCode": 201,
      "ResponseHeaders": {
        "Content-Length": "0",
        "Date": "Thu, 19 Oct 2023 23:33:14 GMT",
        "ETag": "\u00220x8DBD0FBC430D170\u0022",
        "Last-Modified": "Thu, 19 Oct 2023 23:33:14 GMT",
        "Server": [
          "Windows-Azure-Blob/1.0",
          "Microsoft-HTTPAPI/2.0"
        ],
        "x-ms-client-request-id": "bd0611a1-82f6-4410-9a24-3309ca0a152b",
        "x-ms-lease-id": "0cc44e1b-179e-4f56-a0ed-0d2de0b050c9",
        "x-ms-request-id": "8cdfa4a6-501e-00f1-34e4-0214a1000000",
        "x-ms-version": "2023-11-03"
      },
      "ResponseBody": null
    },
    {
      "RequestUri": "https://REDACTED/9bd4e35e0createfileac52d90744a657ad2286a8421f8/9bd4e35e1createfileac52d2496959df0003dc1447f88%2F9bd4e35e2createfileac52d51192cf8a8d686ad342f68?resource=file",
      "RequestMethod": "PUT",
      "RequestHeaders": {
        "Accept": "application/json",
        "Authorization": "Sanitized",
        "Content-Length": "0",
        "Date": "Thu, 19 Oct 2023 23:33:13 GMT",
        "User-Agent": "azsdk-java-azure-storage-file-datalake/12.18.0-beta.1 (17.0.8; Windows 11; 10.0)",
        "x-ms-client-request-id": "81c4f755-1b48-430a-a38c-9524d23368c1",
        "x-ms-lease-id": "0cc44e1b-179e-4f56-a0ed-0d2de0b050c9",
        "x-ms-version": "2023-11-03"
      },
      "RequestBody": null,
      "StatusCode": 201,
      "ResponseHeaders": {
        "Content-Length": "0",
        "Date": "Thu, 19 Oct 2023 23:33:14 GMT",
        "ETag": "\u00220x8DBD0FBC44C726E\u0022",
        "Last-Modified": "Thu, 19 Oct 2023 23:33:15 GMT",
        "Server": [
          "Windows-Azure-HDFS/1.0",
          "Microsoft-HTTPAPI/2.0"
        ],
        "x-ms-client-request-id": "81c4f755-1b48-430a-a38c-9524d23368c1",
        "x-ms-request-id": "7e65ede7-301f-0013-4de4-022980000000",
        "x-ms-request-server-encrypted": "true",
        "x-ms-version": "2023-11-03"
      },
      "ResponseBody": null
    }
  ],
  "Variables": {
    "0": "9bd4e35e0createfileac52d90744a657ad2286a8421f8",
    "1": "9bd4e35e1createfileac52d2496959df0003dc1447f88",
    "2": "9bd4e35e2createfileac52d51192cf8a8d686ad342f68"
  }
}
