{
  "Entries": [
    {
      "RequestUri": "https://REDACTED/a206fbb50createfileacfail5cd64733a1c724c86682454?restype=container",
      "RequestMethod": "PUT",
      "RequestHeaders": {
        "Accept": "application/xml",
        "Authorization": "Sanitized",
        "Content-Length": "0",
        "Date": "Thu, 19 Oct 2023 23:32:57 GMT",
        "User-Agent": "azsdk-java-azure-storage-blob/12.25.0-beta.1 azsdk-java-azure-storage-file-datalake/12.18.0-beta.1 (17.0.8; Windows 11; 10.0)",
        "x-ms-client-request-id": "d1259c12-5faf-4e5c-aea9-09e8c7291c41",
        "x-ms-version": "2023-11-03"
      },
      "RequestBody": null,
      "StatusCode": 201,
      "ResponseHeaders": {
        "Content-Length": "0",
        "Date": "Thu, 19 Oct 2023 23:32:58 GMT",
        "ETag": "\u00220x8DBD0FBBA4FFEBB\u0022",
        "Last-Modified": "Thu, 19 Oct 2023 23:32:58 GMT",
        "Server": [
          "Windows-Azure-Blob/1.0",
          "Microsoft-HTTPAPI/2.0"
        ],
        "x-ms-client-request-id": "d1259c12-5faf-4e5c-aea9-09e8c7291c41",
        "x-ms-request-id": "f2d020a2-301e-002c-76e4-02e123000000",
        "x-ms-version": "2023-11-03"
      },
      "ResponseBody": null
    },
    {
      "RequestUri": "https://REDACTED/a206fbb50createfileacfail5cd64733a1c724c86682454/a206fbb51createfileacfail5cd67352a6fe375acd1c423?resource=directory",
      "RequestMethod": "PUT",
      "RequestHeaders": {
        "Accept": "application/json",
        "Authorization": "Sanitized",
        "Content-Length": "0",
        "Date": "Thu, 19 Oct 2023 23:32:57 GMT",
        "If-None-Match": "*",
        "User-Agent": "azsdk-java-azure-storage-file-datalake/12.18.0-beta.1 (17.0.8; Windows 11; 10.0)",
        "x-ms-client-request-id": "61d16209-b312-4d98-b201-41f836ec8839",
        "x-ms-version": "2023-11-03"
      },
      "RequestBody": null,
      "StatusCode": 201,
      "ResponseHeaders": {
        "Content-Length": "0",
        "Date": "Thu, 19 Oct 2023 23:32:58 GMT",
        "ETag": "\u00220x8DBD0FBBA61BD51\u0022",
        "Last-Modified": "Thu, 19 Oct 2023 23:32:58 GMT",
        "Server": [
          "Windows-Azure-HDFS/1.0",
          "Microsoft-HTTPAPI/2.0"
        ],
        "x-ms-client-request-id": "61d16209-b312-4d98-b201-41f836ec8839",
        "x-ms-request-id": "42ae08e4-601f-00c5-3fe4-022769000000",
        "x-ms-request-server-encrypted": "true",
        "x-ms-version": "2023-11-03"
      },
      "ResponseBody": null
    },
    {
      "RequestUri": "https://REDACTED/a206fbb50createfileacfail5cd64733a1c724c86682454/a206fbb51createfileacfail5cd67352a6fe375acd1c423%2Fa206fbb52createfileacfail5cd998748083e4999ffb415?resource=file",
      "RequestMethod": "PUT",
      "RequestHeaders": {
        "Accept": "application/json",
        "Authorization": "Sanitized",
        "Content-Length": "0",
        "Date": "Thu, 19 Oct 2023 23:32:57 GMT",
        "If-None-Match": "*",
        "User-Agent": "azsdk-java-azure-storage-file-datalake/12.18.0-beta.1 (17.0.8; Windows 11; 10.0)",
        "x-ms-client-request-id": "3c3b03ef-bb77-4f3f-bb1d-bc6afbe610bf",
        "x-ms-version": "2023-11-03"
      },
      "RequestBody": null,
      "StatusCode": 201,
      "ResponseHeaders": {
        "Content-Length": "0",
        "Date": "Thu, 19 Oct 2023 23:32:58 GMT",
        "ETag": "\u00220x8DBD0FBBA768EF5\u0022",
        "Last-Modified": "Thu, 19 Oct 2023 23:32:58 GMT",
        "Server": [
          "Windows-Azure-HDFS/1.0",
          "Microsoft-HTTPAPI/2.0"
        ],
        "x-ms-client-request-id": "3c3b03ef-bb77-4f3f-bb1d-bc6afbe610bf",
        "x-ms-request-id": "42ae08e9-601f-00c5-44e4-022769000000",
        "x-ms-request-server-encrypted": "true",
        "x-ms-version": "2023-11-03"
      },
      "ResponseBody": null
    },
    {
      "RequestUri": "https://REDACTED/a206fbb50createfileacfail5cd64733a1c724c86682454/a206fbb51createfileacfail5cd67352a6fe375acd1c423%2Fa206fbb52createfileacfail5cd998748083e4999ffb415?resource=file",
      "RequestMethod": "PUT",
      "RequestHeaders": {
        "Accept": "application/json",
        "Authorization": "Sanitized",
        "Content-Length": "0",
        "Date": "Thu, 19 Oct 2023 23:32:57 GMT",
        "If-Modified-Since": "Fri, 20 Oct 2023 23:32:43 GMT",
        "User-Agent": "azsdk-java-azure-storage-file-datalake/12.18.0-beta.1 (17.0.8; Windows 11; 10.0)",
        "x-ms-client-request-id": "a70a7938-47c7-4fd7-8fb8-e48568d5cc6d",
        "x-ms-version": "2023-11-03"
      },
      "RequestBody": null,
      "StatusCode": 412,
      "ResponseHeaders": {
        "Content-Length": "200",
        "Content-Type": "application/json; charset=utf-8",
        "Date": "Thu, 19 Oct 2023 23:32:58 GMT",
        "Server": [
          "Windows-Azure-HDFS/1.0",
          "Microsoft-HTTPAPI/2.0"
        ],
        "x-ms-client-request-id": "a70a7938-47c7-4fd7-8fb8-e48568d5cc6d",
        "x-ms-error-code": "ConditionNotMet",
        "x-ms-request-id": "42ae08ed-601f-00c5-48e4-022769000000",
        "x-ms-version": "2023-11-03"
      },
      "ResponseBody": {
        "error": {
          "code": "ConditionNotMet",
          "message": "The condition specified using HTTP conditional header(s) is not met.\nRequestId:42ae08ed-601f-00c5-48e4-022769000000\nTime:2023-10-19T23:32:58.7738834Z"
        }
      }
    }
  ],
  "Variables": {
    "0": "a206fbb50createfileacfail5cd64733a1c724c86682454",
    "1": "a206fbb51createfileacfail5cd67352a6fe375acd1c423",
    "2": "a206fbb52createfileacfail5cd998748083e4999ffb415"
  }
}
