{
  "Entries": [
    {
      "RequestUri": "https://REDACTED/127913680sethttpheadersmin3a564945a90b864da8d749?restype=container",
      "RequestMethod": "PUT",
      "RequestHeaders": {
        "Accept": "application/xml",
        "Authorization": "Sanitized",
        "Content-Length": "0",
        "Date": "Wed, 26 Jul 2023 19:31:58 GMT",
        "User-Agent": "azsdk-java-azure-storage-blob/12.24.0-beta.1 azsdk-java-azure-storage-file-datalake/12.17.0-beta.1 (17.0.7; Windows 11; 10.0)",
        "x-ms-client-request-id": "3b4c9c6d-9a68-459e-b5fe-6bd19255f003",
        "x-ms-version": "2023-01-03"
      },
      "RequestBody": null,
      "StatusCode": 201,
      "ResponseHeaders": {
        "Content-Length": "0",
        "Date": "Wed, 26 Jul 2023 19:31:58 GMT",
        "ETag": "\u00220x8DB8E0EFA5E74E0\u0022",
        "Last-Modified": "Wed, 26 Jul 2023 19:31:58 GMT",
        "Server": [
          "Windows-Azure-Blob/1.0",
          "Microsoft-HTTPAPI/2.0"
        ],
        "x-ms-client-request-id": "3b4c9c6d-9a68-459e-b5fe-6bd19255f003",
        "x-ms-request-id": "33386f11-d01e-002d-72f7-bf22f1000000",
        "x-ms-version": "2023-01-03"
      },
      "ResponseBody": null
    },
    {
      "RequestUri": "https://REDACTED/127913680sethttpheadersmin3a564945a90b864da8d749/127913681sethttpheadersmin3a583233a55064c884e443?resource=directory",
      "RequestMethod": "PUT",
      "RequestHeaders": {
        "Accept": "application/json",
        "Authorization": "Sanitized",
        "Content-Length": "0",
        "Date": "Wed, 26 Jul 2023 19:31:58 GMT",
        "If-None-Match": "*",
        "User-Agent": "azsdk-java-azure-storage-file-datalake/12.17.0-beta.1 (17.0.7; Windows 11; 10.0)",
        "x-ms-client-request-id": "39ea2991-b238-40a5-b460-c00c9d3c47d7",
        "x-ms-version": "2023-01-03"
      },
      "RequestBody": null,
      "StatusCode": 201,
      "ResponseHeaders": {
        "Content-Length": "0",
        "Date": "Wed, 26 Jul 2023 19:31:57 GMT",
        "ETag": "\u00220x8DB8E0EFA65F5CE\u0022",
        "Last-Modified": "Wed, 26 Jul 2023 19:31:58 GMT",
        "Server": [
          "Windows-Azure-HDFS/1.0",
          "Microsoft-HTTPAPI/2.0"
        ],
        "x-ms-client-request-id": "39ea2991-b238-40a5-b460-c00c9d3c47d7",
        "x-ms-request-id": "01b937d9-101f-008b-79f7-bf95ef000000",
        "x-ms-request-server-encrypted": "true",
        "x-ms-version": "2023-01-03"
      },
      "ResponseBody": null
    },
    {
      "RequestUri": "https://REDACTED/127913680sethttpheadersmin3a564945a90b864da8d749/127913681sethttpheadersmin3a583233a55064c884e443",
      "RequestMethod": "HEAD",
      "RequestHeaders": {
        "Accept": "application/xml",
        "Authorization": "Sanitized",
        "Content-Length": "0",
        "Date": "Wed, 26 Jul 2023 19:31:58 GMT",
        "User-Agent": "azsdk-java-azure-storage-blob/12.24.0-beta.1 azsdk-java-azure-storage-file-datalake/12.17.0-beta.1 (17.0.7; Windows 11; 10.0)",
        "x-ms-client-request-id": "55e698fe-9d89-4935-9a45-f9d23a7d18b1",
        "x-ms-version": "2023-01-03"
      },
      "RequestBody": null,
      "StatusCode": 200,
      "ResponseHeaders": {
        "Accept-Ranges": "bytes",
        "Content-Length": "0",
        "Content-Type": "application/octet-stream",
        "Date": "Wed, 26 Jul 2023 19:31:58 GMT",
        "ETag": "\u00220x8DB8E0EFA65F5CE\u0022",
        "Last-Modified": "Wed, 26 Jul 2023 19:31:58 GMT",
        "Server": [
          "Windows-Azure-Blob/1.0",
          "Microsoft-HTTPAPI/2.0"
        ],
        "Vary": "Origin",
        "x-ms-access-tier": "Hot",
        "x-ms-access-tier-inferred": "true",
        "x-ms-blob-type": "BlockBlob",
        "x-ms-client-request-id": "55e698fe-9d89-4935-9a45-f9d23a7d18b1",
        "x-ms-creation-time": "Wed, 26 Jul 2023 19:31:58 GMT",
        "x-ms-group": "$superuser",
        "x-ms-lease-state": "available",
        "x-ms-lease-status": "unlocked",
        "x-ms-meta-hdi_isfolder": "true",
        "x-ms-owner": "$superuser",
        "x-ms-permissions": "rwxr-x---",
        "x-ms-request-id": "e2b7f111-d01e-0012-3ff7-bfea52000000",
        "x-ms-resource-type": "directory",
        "x-ms-server-encrypted": "true",
        "x-ms-version": "2023-01-03"
      },
      "ResponseBody": null
    },
    {
      "RequestUri": "https://REDACTED/127913680sethttpheadersmin3a564945a90b864da8d749/127913681sethttpheadersmin3a583233a55064c884e443?comp=properties",
      "RequestMethod": "PUT",
      "RequestHeaders": {
        "Accept": "application/xml",
        "Authorization": "Sanitized",
        "Content-Length": "0",
        "Date": "Wed, 26 Jul 2023 19:31:58 GMT",
        "User-Agent": "azsdk-java-azure-storage-blob/12.24.0-beta.1 azsdk-java-azure-storage-file-datalake/12.17.0-beta.1 (17.0.7; Windows 11; 10.0)",
        "x-ms-blob-content-type": "type",
        "x-ms-client-request-id": "c78d2266-a716-4bdc-acde-a51e9e34eba2",
        "x-ms-version": "2023-01-03"
      },
      "RequestBody": null,
      "StatusCode": 200,
      "ResponseHeaders": {
        "Content-Length": "0",
        "Date": "Wed, 26 Jul 2023 19:31:58 GMT",
        "ETag": "\u00220x8DB8E0EFA6E708F\u0022",
        "Last-Modified": "Wed, 26 Jul 2023 19:31:58 GMT",
        "Server": [
          "Windows-Azure-Blob/1.0",
          "Microsoft-HTTPAPI/2.0"
        ],
        "x-ms-client-request-id": "c78d2266-a716-4bdc-acde-a51e9e34eba2",
        "x-ms-request-id": "e2b7f134-d01e-0012-60f7-bfea52000000",
        "x-ms-version": "2023-01-03"
      },
      "ResponseBody": null
    },
    {
      "RequestUri": "https://REDACTED/127913680sethttpheadersmin3a564945a90b864da8d749/127913681sethttpheadersmin3a583233a55064c884e443",
      "RequestMethod": "HEAD",
      "RequestHeaders": {
        "Accept": "application/xml",
        "Authorization": "Sanitized",
        "Content-Length": "0",
        "Date": "Wed, 26 Jul 2023 19:31:58 GMT",
        "User-Agent": "azsdk-java-azure-storage-blob/12.24.0-beta.1 azsdk-java-azure-storage-file-datalake/12.17.0-beta.1 (17.0.7; Windows 11; 10.0)",
        "x-ms-client-request-id": "6ccf9937-6d11-41e4-8bb6-f1058af83ca8",
        "x-ms-version": "2023-01-03"
      },
      "RequestBody": null,
      "StatusCode": 200,
      "ResponseHeaders": {
        "Accept-Ranges": "bytes",
        "Content-Length": "0",
        "Content-Type": "type",
        "Date": "Wed, 26 Jul 2023 19:31:58 GMT",
        "ETag": "\u00220x8DB8E0EFA6E708F\u0022",
        "Last-Modified": "Wed, 26 Jul 2023 19:31:58 GMT",
        "Server": [
          "Windows-Azure-Blob/1.0",
          "Microsoft-HTTPAPI/2.0"
        ],
        "Vary": "Origin",
        "x-ms-access-tier": "Hot",
        "x-ms-access-tier-inferred": "true",
        "x-ms-blob-type": "BlockBlob",
        "x-ms-client-request-id": "6ccf9937-6d11-41e4-8bb6-f1058af83ca8",
        "x-ms-creation-time": "Wed, 26 Jul 2023 19:31:58 GMT",
        "x-ms-group": "$superuser",
        "x-ms-lease-state": "available",
        "x-ms-lease-status": "unlocked",
        "x-ms-meta-hdi_isfolder": "true",
        "x-ms-owner": "$superuser",
        "x-ms-permissions": "rwxr-x---",
        "x-ms-request-id": "e2b7f155-d01e-0012-7ff7-bfea52000000",
        "x-ms-resource-type": "directory",
        "x-ms-server-encrypted": "true",
        "x-ms-version": "2023-01-03"
      },
      "ResponseBody": null
    }
  ],
  "Variables": {
    "0": "127913680sethttpheadersmin3a564945a90b864da8d749",
    "1": "127913681sethttpheadersmin3a583233a55064c884e443"
  }
}
