{
  "Entries": [
    {
      "RequestUri": "https://REDACTED/91ca0a140renamesourceacfail67144592c10bb38560ce4c?restype=container",
      "RequestMethod": "PUT",
      "RequestHeaders": {
        "Accept": "application/xml",
        "Authorization": "Sanitized",
        "Content-Length": "0",
        "Date": "Tue, 12 Mar 2024 22:12:56 GMT",
        "User-Agent": "azsdk-java-azure-storage-blob/12.26.0-beta.1 azsdk-java-azure-storage-file-datalake/12.19.0-beta.1 (17.0.8; Windows 11; 10.0)",
        "x-ms-client-request-id": "f20f66c1-e8e1-4819-965b-1c90a78a50a7",
        "x-ms-version": "2024-02-04"
      },
      "RequestBody": null,
      "StatusCode": 201,
      "ResponseHeaders": {
        "Content-Length": "0",
        "Date": "Tue, 12 Mar 2024 22:12:56 GMT",
        "ETag": "\u00220x8DC42E1923EC105\u0022",
        "Last-Modified": "Tue, 12 Mar 2024 22:12:56 GMT",
        "Server": [
          "Windows-Azure-Blob/1.0",
          "Microsoft-HTTPAPI/2.0"
        ],
        "x-ms-client-request-id": "f20f66c1-e8e1-4819-965b-1c90a78a50a7",
        "x-ms-request-id": "116ab7f6-301e-00ba-3cca-74e8f2000000",
        "x-ms-version": "2024-02-04"
      },
      "ResponseBody": null
    },
    {
      "RequestUri": "https://REDACTED/91ca0a140renamesourceacfail67144592c10bb38560ce4c/91ca0a141renamesourceacfail67175519ae9dfe9bd3814a?resource=directory",
      "RequestMethod": "PUT",
      "RequestHeaders": {
        "Accept": "application/json",
        "Authorization": "Sanitized",
        "Content-Length": "0",
        "Date": "Tue, 12 Mar 2024 22:12:56 GMT",
        "If-None-Match": "*",
        "User-Agent": "azsdk-java-azure-storage-file-datalake/12.19.0-beta.1 (17.0.8; Windows 11; 10.0)",
        "x-ms-client-request-id": "aa71b231-4b56-40f0-b8e0-43df644f4f06",
        "x-ms-version": "2024-02-04"
      },
      "RequestBody": null,
      "StatusCode": 201,
      "ResponseHeaders": {
        "Content-Length": "0",
        "Date": "Tue, 12 Mar 2024 22:12:56 GMT",
        "ETag": "\u00220x8DC42E19250450B\u0022",
        "Last-Modified": "Tue, 12 Mar 2024 22:12:56 GMT",
        "Server": [
          "Windows-Azure-HDFS/1.0",
          "Microsoft-HTTPAPI/2.0"
        ],
        "x-ms-client-request-id": "aa71b231-4b56-40f0-b8e0-43df644f4f06",
        "x-ms-request-id": "f281529d-301f-00d8-01ca-742ad5000000",
        "x-ms-request-server-encrypted": "true",
        "x-ms-version": "2024-02-04"
      },
      "ResponseBody": null
    },
    {
      "RequestUri": "https://REDACTED/91ca0a140renamesourceacfail67144592c10bb38560ce4c/91ca0a141renamesourceacfail67175519ae9dfe9bd3814a?comp=lease",
      "RequestMethod": "PUT",
      "RequestHeaders": {
        "Accept": "application/xml",
        "Authorization": "Sanitized",
        "Content-Length": "0",
        "Date": "Tue, 12 Mar 2024 22:12:56 GMT",
        "User-Agent": "azsdk-java-azure-storage-file-datalake/12.19.0-beta.1 (17.0.8; Windows 11; 10.0)",
        "x-ms-client-request-id": "c6608e54-5595-4375-8f25-ccf5db855b14",
        "x-ms-lease-action": "acquire",
        "x-ms-lease-duration": "-1",
        "x-ms-proposed-lease-id": "2c742e6a-abf7-4e31-bedb-e2d564b5d3ee",
        "x-ms-version": "2024-02-04"
      },
      "RequestBody": null,
      "StatusCode": 201,
      "ResponseHeaders": {
        "Content-Length": "0",
        "Date": "Tue, 12 Mar 2024 22:12:56 GMT",
        "ETag": "\u00220x8DC42E19250450B\u0022",
        "Last-Modified": "Tue, 12 Mar 2024 22:12:56 GMT",
        "Server": [
          "Windows-Azure-Blob/1.0",
          "Microsoft-HTTPAPI/2.0"
        ],
        "x-ms-client-request-id": "c6608e54-5595-4375-8f25-ccf5db855b14",
        "x-ms-lease-id": "2c742e6a-abf7-4e31-bedb-e2d564b5d3ee",
        "x-ms-request-id": "2abbb7c0-601e-0053-21ca-742eb8000000",
        "x-ms-version": "2024-02-04"
      },
      "ResponseBody": null
    },
    {
      "RequestUri": "https://REDACTED/91ca0a140renamesourceacfail67144592c10bb38560ce4c/91ca0a142renamesourceacfail67165750290fb92165674f?mode=legacy",
      "RequestMethod": "PUT",
      "RequestHeaders": {
        "Accept": "application/json",
        "Authorization": "Sanitized",
        "Content-Length": "0",
        "Date": "Tue, 12 Mar 2024 22:12:56 GMT",
        "User-Agent": "azsdk-java-azure-storage-file-datalake/12.19.0-beta.1 (17.0.8; Windows 11; 10.0)",
        "x-ms-client-request-id": "03cf6f9e-4456-4560-b603-e492dd374b93",
        "x-ms-rename-source": "/91ca0a140renamesourceacfail67144592c10bb38560ce4c/91ca0a141renamesourceacfail67175519ae9dfe9bd3814a",
        "x-ms-source-lease-id": "a66f8a75-3f40-4b46-a140-e83cb2e7d9f0",
        "x-ms-version": "2024-02-04"
      },
      "RequestBody": null,
      "StatusCode": 412,
      "ResponseHeaders": {
        "Content-Length": "199",
        "Content-Type": "application/json; charset=utf-8",
        "Date": "Tue, 12 Mar 2024 22:12:56 GMT",
        "Server": [
          "Windows-Azure-HDFS/1.0",
          "Microsoft-HTTPAPI/2.0"
        ],
        "x-ms-client-request-id": "03cf6f9e-4456-4560-b603-e492dd374b93",
        "x-ms-error-code": "LeaseIdMismatch",
        "x-ms-request-id": "2be4fb22-f01f-008a-09ca-74563d000000",
        "x-ms-version": "2024-02-04"
      },
      "ResponseBody": {
        "error": {
          "code": "LeaseIdMismatch",
          "message": "The lease ID specified did not match the lease ID for the resource.\nRequestId:2be4fb22-f01f-008a-09ca-74563d000000\nTime:2024-03-12T22:12:57.1867231Z"
        }
      }
    }
  ],
  "Variables": {
    "0": "91ca0a140renamesourceacfail67144592c10bb38560ce4c",
    "1": "91ca0a141renamesourceacfail67175519ae9dfe9bd3814a",
    "2": "91ca0a142renamesourceacfail67165750290fb92165674f"
  }
}
