{
  "Entries": [
    {
      "RequestUri": "https://REDACTED/0a18c9d00deleteifexistssubdirrecursive2e4718494289815d?restype=container",
      "RequestMethod": "PUT",
      "RequestHeaders": {
        "Accept": "application/xml",
        "Authorization": "Sanitized",
        "Content-Length": "0",
        "Date": "Wed, 26 Jul 2023 19:19:17 GMT",
        "User-Agent": "azsdk-java-azure-storage-blob/12.24.0-beta.1 azsdk-java-azure-storage-file-datalake/12.17.0-beta.1 (17.0.7; Windows 11; 10.0)",
        "x-ms-client-request-id": "2a1cfebf-aef1-4449-a5e8-e9451965f526",
        "x-ms-version": "2023-01-03"
      },
      "RequestBody": null,
      "StatusCode": 201,
      "ResponseHeaders": {
        "Content-Length": "0",
        "Date": "Wed, 26 Jul 2023 19:19:17 GMT",
        "ETag": "\u00220x8DB8E0D34F05692\u0022",
        "Last-Modified": "Wed, 26 Jul 2023 19:19:17 GMT",
        "Server": [
          "Windows-Azure-Blob/1.0",
          "Microsoft-HTTPAPI/2.0"
        ],
        "x-ms-client-request-id": "2a1cfebf-aef1-4449-a5e8-e9451965f526",
        "x-ms-request-id": "d2b5311c-501e-0051-18f6-bf0c0e000000",
        "x-ms-version": "2023-01-03"
      },
      "ResponseBody": null
    },
    {
      "RequestUri": "https://REDACTED/0a18c9d00deleteifexistssubdirrecursive2e4718494289815d/0a18c9d01deleteifexistssubdirrecursive2e4515453fb60e28?resource=directory",
      "RequestMethod": "PUT",
      "RequestHeaders": {
        "Accept": "application/json",
        "Authorization": "Sanitized",
        "Content-Length": "0",
        "Date": "Wed, 26 Jul 2023 19:19:17 GMT",
        "If-None-Match": "*",
        "User-Agent": "azsdk-java-azure-storage-file-datalake/12.17.0-beta.1 (17.0.7; Windows 11; 10.0)",
        "x-ms-client-request-id": "cf7050a8-6948-4c8b-a945-ef8638f60507",
        "x-ms-version": "2023-01-03"
      },
      "RequestBody": null,
      "StatusCode": 201,
      "ResponseHeaders": {
        "Content-Length": "0",
        "Date": "Wed, 26 Jul 2023 19:19:17 GMT",
        "ETag": "\u00220x8DB8E0D34F7208C\u0022",
        "Last-Modified": "Wed, 26 Jul 2023 19:19:17 GMT",
        "Server": [
          "Windows-Azure-HDFS/1.0",
          "Microsoft-HTTPAPI/2.0"
        ],
        "x-ms-client-request-id": "cf7050a8-6948-4c8b-a945-ef8638f60507",
        "x-ms-request-id": "f2217514-a01f-009e-37f6-bf825c000000",
        "x-ms-request-server-encrypted": "true",
        "x-ms-version": "2023-01-03"
      },
      "ResponseBody": null
    },
    {
      "RequestUri": "https://REDACTED/0a18c9d00deleteifexistssubdirrecursive2e4718494289815d/0a18c9d01deleteifexistssubdirrecursive2e4515453fb60e28%2F0a18c9d02deleteifexistssubdirrecursive2e406266bc5e71b7?resource=directory",
      "RequestMethod": "PUT",
      "RequestHeaders": {
        "Accept": "application/json",
        "Authorization": "Sanitized",
        "Content-Length": "0",
        "Date": "Wed, 26 Jul 2023 19:19:17 GMT",
        "If-None-Match": "*",
        "User-Agent": "azsdk-java-azure-storage-file-datalake/12.17.0-beta.1 (17.0.7; Windows 11; 10.0)",
        "x-ms-client-request-id": "4aa85bb1-1b02-4230-83a6-677b23250209",
        "x-ms-version": "2023-01-03"
      },
      "RequestBody": null,
      "StatusCode": 201,
      "ResponseHeaders": {
        "Content-Length": "0",
        "Date": "Wed, 26 Jul 2023 19:19:17 GMT",
        "ETag": "\u00220x8DB8E0D34FB42AF\u0022",
        "Last-Modified": "Wed, 26 Jul 2023 19:19:17 GMT",
        "Server": [
          "Windows-Azure-HDFS/1.0",
          "Microsoft-HTTPAPI/2.0"
        ],
        "x-ms-client-request-id": "4aa85bb1-1b02-4230-83a6-677b23250209",
        "x-ms-request-id": "9272dbaf-101f-0032-7df6-bf91f5000000",
        "x-ms-request-server-encrypted": "true",
        "x-ms-version": "2023-01-03"
      },
      "ResponseBody": null
    },
    {
      "RequestUri": "https://REDACTED/0a18c9d00deleteifexistssubdirrecursive2e4718494289815d/0a18c9d01deleteifexistssubdirrecursive2e4515453fb60e28%2F0a18c9d02deleteifexistssubdirrecursive2e406266bc5e71b7?recursive=true",
      "RequestMethod": "DELETE",
      "RequestHeaders": {
        "Accept": "application/json",
        "Authorization": "Sanitized",
        "Content-Length": "0",
        "Date": "Wed, 26 Jul 2023 19:19:17 GMT",
        "User-Agent": "azsdk-java-azure-storage-file-datalake/12.17.0-beta.1 (17.0.7; Windows 11; 10.0)",
        "x-ms-client-request-id": "63a1e00d-e2d4-4a11-b92b-7954554dc4ea",
        "x-ms-version": "2023-01-03"
      },
      "RequestBody": null,
      "StatusCode": 200,
      "ResponseHeaders": {
        "Content-Length": "0",
        "Date": "Wed, 26 Jul 2023 19:19:17 GMT",
        "Server": [
          "Windows-Azure-HDFS/1.0",
          "Microsoft-HTTPAPI/2.0"
        ],
        "x-ms-client-request-id": "63a1e00d-e2d4-4a11-b92b-7954554dc4ea",
        "x-ms-delete-type-permanent": "false",
        "x-ms-deletion-id": "133348727578325793",
        "x-ms-request-id": "9272dbba-101f-0032-08f6-bf91f5000000",
        "x-ms-version": "2023-01-03"
      },
      "ResponseBody": null
    }
  ],
  "Variables": {
    "0": "0a18c9d00deleteifexistssubdirrecursive2e4718494289815d",
    "1": "0a18c9d01deleteifexistssubdirrecursive2e4515453fb60e28",
    "2": "0a18c9d02deleteifexistssubdirrecursive2e406266bc5e71b7"
  }
}
