{
  "Entries": [
    {
      "RequestUri": "https://REDACTED/9bd0388a0getaccesscontrolacfail44a9853306c1ebb1c2da?restype=container",
      "RequestMethod": "PUT",
      "RequestHeaders": {
        "Accept": "application/xml",
        "Authorization": "Sanitized",
        "Content-Length": "0",
        "Date": "Tue, 12 Mar 2024 23:00:19 GMT",
        "User-Agent": "azsdk-java-azure-storage-blob/12.26.0-beta.1 azsdk-java-azure-storage-file-datalake/12.19.0-beta.1 (17.0.8; Windows 11; 10.0)",
        "x-ms-client-request-id": "adbbbd8c-1a9f-4e57-8076-7ce999e5b99f",
        "x-ms-version": "2024-02-04"
      },
      "RequestBody": null,
      "StatusCode": 201,
      "ResponseHeaders": {
        "Content-Length": "0",
        "Date": "Tue, 12 Mar 2024 23:00:19 GMT",
        "ETag": "\u00220x8DC42E830F1531B\u0022",
        "Last-Modified": "Tue, 12 Mar 2024 23:00:20 GMT",
        "Server": [
          "Windows-Azure-Blob/1.0",
          "Microsoft-HTTPAPI/2.0"
        ],
        "x-ms-client-request-id": "adbbbd8c-1a9f-4e57-8076-7ce999e5b99f",
        "x-ms-request-id": "4e80e93f-c01e-00be-0fd1-7465f5000000",
        "x-ms-version": "2024-02-04"
      },
      "ResponseBody": null
    },
    {
      "RequestUri": "https://REDACTED/9bd0388a0getaccesscontrolacfail44a9853306c1ebb1c2da/9bd0388a1getaccesscontrolacfail44a131534133eb10042c?resource=directory",
      "RequestMethod": "PUT",
      "RequestHeaders": {
        "Accept": "application/json",
        "Authorization": "Sanitized",
        "Content-Length": "0",
        "Date": "Tue, 12 Mar 2024 23:00:19 GMT",
        "If-None-Match": "*",
        "User-Agent": "azsdk-java-azure-storage-file-datalake/12.19.0-beta.1 (17.0.8; Windows 11; 10.0)",
        "x-ms-client-request-id": "81089bb5-1298-4e59-a296-1d07ed3743ab",
        "x-ms-version": "2024-02-04"
      },
      "RequestBody": null,
      "StatusCode": 201,
      "ResponseHeaders": {
        "Content-Length": "0",
        "Date": "Tue, 12 Mar 2024 23:00:20 GMT",
        "ETag": "\u00220x8DC42E83105F9D7\u0022",
        "Last-Modified": "Tue, 12 Mar 2024 23:00:20 GMT",
        "Server": [
          "Windows-Azure-HDFS/1.0",
          "Microsoft-HTTPAPI/2.0"
        ],
        "x-ms-client-request-id": "81089bb5-1298-4e59-a296-1d07ed3743ab",
        "x-ms-request-id": "25cb6c8e-201f-00c4-17d1-7478b5000000",
        "x-ms-request-server-encrypted": "true",
        "x-ms-version": "2024-02-04"
      },
      "ResponseBody": null
    },
    {
      "RequestUri": "https://REDACTED/9bd0388a0getaccesscontrolacfail44a9853306c1ebb1c2da/9bd0388a1getaccesscontrolacfail44a131534133eb10042c?action=getAccessControl\u0026upn=false",
      "RequestMethod": "HEAD",
      "RequestHeaders": {
        "Accept": "application/json",
        "Authorization": "Sanitized",
        "Content-Length": "0",
        "Date": "Tue, 12 Mar 2024 23:00:20 GMT",
        "If-Modified-Since": "Wed, 13 Mar 2024 23:00:02 GMT",
        "User-Agent": "azsdk-java-azure-storage-file-datalake/12.19.0-beta.1 (17.0.8; Windows 11; 10.0)",
        "x-ms-client-request-id": "fd065ac7-f16b-4316-882a-1ecb4fcfd46c",
        "x-ms-version": "2024-02-04"
      },
      "RequestBody": null,
      "StatusCode": 304,
      "ResponseHeaders": {
        "Access-Control-Allow-Origin": "*",
        "Access-Control-Expose-Headers": "x-ms-client-request-id",
        "Date": "Tue, 12 Mar 2024 23:00:19 GMT",
        "Server": [
          "Windows-Azure-HDFS/1.0",
          "Microsoft-HTTPAPI/2.0"
        ],
        "x-ms-client-request-id": "fd065ac7-f16b-4316-882a-1ecb4fcfd46c",
        "x-ms-error-code": "ConditionNotMet",
        "x-ms-request-id": "3b47ce50-b01f-007f-5bd1-74c217000000",
        "x-ms-version": "2024-02-04"
      },
      "ResponseBody": null
    }
  ],
  "Variables": {
    "0": "9bd0388a0getaccesscontrolacfail44a9853306c1ebb1c2da",
    "1": "9bd0388a1getaccesscontrolacfail44a131534133eb10042c"
  }
}
