{
  "Entries": [
    {
      "RequestUri": "https://REDACTED/98367ca20createifnotexistsmetadataade15685804ac9a9e0?restype=container",
      "RequestMethod": "PUT",
      "RequestHeaders": {
        "Accept": "application/xml",
        "Authorization": "Sanitized",
        "Content-Length": "0",
        "Date": "Wed, 26 Jul 2023 19:31:55 GMT",
        "User-Agent": "azsdk-java-azure-storage-blob/12.24.0-beta.1 azsdk-java-azure-storage-file-datalake/12.17.0-beta.1 (17.0.7; Windows 11; 10.0)",
        "x-ms-client-request-id": "5cbf1d5f-1034-4db9-8136-e94314ab4c7c",
        "x-ms-version": "2023-01-03"
      },
      "RequestBody": null,
      "StatusCode": 201,
      "ResponseHeaders": {
        "Content-Length": "0",
        "Date": "Wed, 26 Jul 2023 19:31:54 GMT",
        "ETag": "\u00220x8DB8E0EF8CE24B5\u0022",
        "Last-Modified": "Wed, 26 Jul 2023 19:31:55 GMT",
        "Server": [
          "Windows-Azure-Blob/1.0",
          "Microsoft-HTTPAPI/2.0"
        ],
        "x-ms-client-request-id": "5cbf1d5f-1034-4db9-8136-e94314ab4c7c",
        "x-ms-request-id": "2dcfcaf6-201e-005b-7df7-bfa8b9000000",
        "x-ms-version": "2023-01-03"
      },
      "ResponseBody": null
    },
    {
      "RequestUri": "https://REDACTED/98367ca20createifnotexistsmetadataade15685804ac9a9e0/98367ca21createifnotexistsmetadataade73870a7a406152b?resource=directory",
      "RequestMethod": "PUT",
      "RequestHeaders": {
        "Accept": "application/json",
        "Authorization": "Sanitized",
        "Content-Length": "0",
        "Date": "Wed, 26 Jul 2023 19:31:55 GMT",
        "If-None-Match": "*",
        "User-Agent": "azsdk-java-azure-storage-file-datalake/12.17.0-beta.1 (17.0.7; Windows 11; 10.0)",
        "x-ms-client-request-id": "c2811918-9e9d-4364-9514-38af057c3b56",
        "x-ms-version": "2023-01-03"
      },
      "RequestBody": null,
      "StatusCode": 201,
      "ResponseHeaders": {
        "Content-Length": "0",
        "Date": "Wed, 26 Jul 2023 19:31:55 GMT",
        "ETag": "\u00220x8DB8E0EF8D906E2\u0022",
        "Last-Modified": "Wed, 26 Jul 2023 19:31:55 GMT",
        "Server": [
          "Windows-Azure-HDFS/1.0",
          "Microsoft-HTTPAPI/2.0"
        ],
        "x-ms-client-request-id": "c2811918-9e9d-4364-9514-38af057c3b56",
        "x-ms-request-id": "01b9354a-101f-008b-6bf7-bf95ef000000",
        "x-ms-request-server-encrypted": "true",
        "x-ms-version": "2023-01-03"
      },
      "ResponseBody": null
    },
    {
      "RequestUri": "https://REDACTED/98367ca20createifnotexistsmetadataade15685804ac9a9e0/98367ca22createifnotexistsmetadataade0717772b979c1ff?resource=directory",
      "RequestMethod": "PUT",
      "RequestHeaders": {
        "Accept": "application/json",
        "Authorization": "Sanitized",
        "Content-Length": "0",
        "Date": "Wed, 26 Jul 2023 19:31:55 GMT",
        "If-None-Match": "*",
        "User-Agent": "azsdk-java-azure-storage-file-datalake/12.17.0-beta.1 (17.0.7; Windows 11; 10.0)",
        "x-ms-client-request-id": "71534bc5-fa00-4f6f-9cc5-d1fd3711cfa3",
        "x-ms-version": "2023-01-03"
      },
      "RequestBody": null,
      "StatusCode": 201,
      "ResponseHeaders": {
        "Content-Length": "0",
        "Date": "Wed, 26 Jul 2023 19:31:55 GMT",
        "ETag": "\u00220x8DB8E0EF8DE1161\u0022",
        "Last-Modified": "Wed, 26 Jul 2023 19:31:55 GMT",
        "Server": [
          "Windows-Azure-HDFS/1.0",
          "Microsoft-HTTPAPI/2.0"
        ],
        "x-ms-client-request-id": "71534bc5-fa00-4f6f-9cc5-d1fd3711cfa3",
        "x-ms-request-id": "01b93553-101f-008b-74f7-bf95ef000000",
        "x-ms-request-server-encrypted": "true",
        "x-ms-version": "2023-01-03"
      },
      "ResponseBody": null
    },
    {
      "RequestUri": "https://REDACTED/98367ca20createifnotexistsmetadataade15685804ac9a9e0/98367ca22createifnotexistsmetadataade0717772b979c1ff",
      "RequestMethod": "HEAD",
      "RequestHeaders": {
        "Accept": "application/xml",
        "Authorization": "Sanitized",
        "Content-Length": "0",
        "Date": "Wed, 26 Jul 2023 19:31:55 GMT",
        "User-Agent": "azsdk-java-azure-storage-blob/12.24.0-beta.1 azsdk-java-azure-storage-file-datalake/12.17.0-beta.1 (17.0.7; Windows 11; 10.0)",
        "x-ms-client-request-id": "38644672-9492-443f-8d01-090f022f70fb",
        "x-ms-version": "2023-01-03"
      },
      "RequestBody": null,
      "StatusCode": 200,
      "ResponseHeaders": {
        "Accept-Ranges": "bytes",
        "Content-Length": "0",
        "Content-Type": "application/octet-stream",
        "Date": "Wed, 26 Jul 2023 19:31:55 GMT",
        "ETag": "\u00220x8DB8E0EF8DE1161\u0022",
        "Last-Modified": "Wed, 26 Jul 2023 19:31:55 GMT",
        "Server": [
          "Windows-Azure-Blob/1.0",
          "Microsoft-HTTPAPI/2.0"
        ],
        "Vary": "Origin",
        "x-ms-access-tier": "Hot",
        "x-ms-access-tier-inferred": "true",
        "x-ms-blob-type": "BlockBlob",
        "x-ms-client-request-id": "38644672-9492-443f-8d01-090f022f70fb",
        "x-ms-creation-time": "Wed, 26 Jul 2023 19:31:55 GMT",
        "x-ms-group": "$superuser",
        "x-ms-lease-state": "available",
        "x-ms-lease-status": "unlocked",
        "x-ms-meta-hdi_isfolder": "true",
        "x-ms-owner": "$superuser",
        "x-ms-permissions": "rwxr-x---",
        "x-ms-request-id": "bdd81231-401e-004d-69f7-bf5e6e000000",
        "x-ms-resource-type": "directory",
        "x-ms-server-encrypted": "true",
        "x-ms-version": "2023-01-03"
      },
      "ResponseBody": null
    }
  ],
  "Variables": {
    "0": "98367ca20createifnotexistsmetadataade15685804ac9a9e0",
    "1": "98367ca21createifnotexistsmetadataade73870a7a406152b",
    "2": "98367ca22createifnotexistsmetadataade0717772b979c1ff"
  }
}
