{
  "Entries": [
    {
      "RequestUri": "https://REDACTED/03b689b90renamemina9d980893e5b2fc2bba84d968d?restype=container",
      "RequestMethod": "PUT",
      "RequestHeaders": {
        "Accept": "application/xml",
        "Authorization": "Sanitized",
        "Content-Length": "0",
        "Date": "Tue, 26 Nov 2024 21:13:55 GMT",
        "User-Agent": "azsdk-java-azure-storage-blob/12.30.0-beta.1 azsdk-java-azure-storage-file-datalake/12.23.0-beta.1 (21.0.2; Windows 11; 10.0)",
        "x-ms-client-request-id": "Sanitized",
        "x-ms-version": "2025-01-05"
      },
      "RequestBody": null,
      "StatusCode": 201,
      "ResponseHeaders": {
        "Content-Length": "0",
        "Date": "Tue, 26 Nov 2024 21:13:55 GMT",
        "ETag": "\"0x8DD0E5F3C85A8EF\"",
        "Last-Modified": "Tue, 26 Nov 2024 21:13:55 GMT",
        "Server": [
          "Windows-Azure-Blob/1.0",
          "Microsoft-HTTPAPI/2.0"
        ],
        "x-ms-client-request-id": "Sanitized",
        "x-ms-request-id": "Sanitized",
        "x-ms-version": "2025-01-05"
      },
      "ResponseBody": null
    },
    {
      "RequestUri": "https://REDACTED/03b689b90renamemina9d980893e5b2fc2bba84d968d/03b689b91renamemina9d36336ea2f1b9f61a74973b4?resource=directory",
      "RequestMethod": "PUT",
      "RequestHeaders": {
        "Accept": "application/json",
        "Authorization": "Sanitized",
        "Content-Length": "0",
        "Date": "Tue, 26 Nov 2024 21:13:55 GMT",
        "If-None-Match": "*",
        "User-Agent": "azsdk-java-azure-storage-file-datalake/12.23.0-beta.1 (21.0.2; Windows 11; 10.0)",
        "x-ms-client-request-id": "Sanitized",
        "x-ms-version": "2025-01-05"
      },
      "RequestBody": null,
      "StatusCode": 201,
      "ResponseHeaders": {
        "Content-Length": "0",
        "Date": "Tue, 26 Nov 2024 21:13:55 GMT",
        "ETag": "\"0x8DD0E5F3C9660FC\"",
        "Last-Modified": "Tue, 26 Nov 2024 21:13:55 GMT",
        "Server": [
          "Windows-Azure-HDFS/1.0",
          "Microsoft-HTTPAPI/2.0"
        ],
        "x-ms-client-request-id": "Sanitized",
        "x-ms-request-id": "Sanitized",
        "x-ms-request-server-encrypted": "true",
        "x-ms-version": "2025-01-05"
      },
      "ResponseBody": null
    },
    {
      "RequestUri": "https://REDACTED/03b689b90renamemina9d980893e5b2fc2bba84d968d/03b689b92renamemina9d1238200b87fe69e0b4dafa9?mode=legacy",
      "RequestMethod": "PUT",
      "RequestHeaders": {
        "Accept": "application/json",
        "Authorization": "Sanitized",
        "Content-Length": "0",
        "Date": "Tue, 26 Nov 2024 21:13:56 GMT",
        "User-Agent": "azsdk-java-azure-storage-file-datalake/12.23.0-beta.1 (21.0.2; Windows 11; 10.0)",
        "x-ms-client-request-id": "Sanitized",
        "x-ms-rename-source": "Sanitized",
        "x-ms-version": "2025-01-05"
      },
      "RequestBody": null,
      "StatusCode": 201,
      "ResponseHeaders": {
        "Content-Length": "0",
        "Date": "Tue, 26 Nov 2024 21:13:55 GMT",
        "ETag": "\"0x8DD0E5F3C9660FC\"",
        "Last-Modified": "Tue, 26 Nov 2024 21:13:55 GMT",
        "Server": [
          "Windows-Azure-HDFS/1.0",
          "Microsoft-HTTPAPI/2.0"
        ],
        "x-ms-client-request-id": "Sanitized",
        "x-ms-request-id": "Sanitized",
        "x-ms-version": "2025-01-05"
      },
      "ResponseBody": null
    }
  ],
  "Variables": {
    "0": "03b689b90renamemina9d980893e5b2fc2bba84d968d",
    "1": "03b689b91renamemina9d36336ea2f1b9f61a74973b4",
    "2": "03b689b92renamemina9d1238200b87fe69e0b4dafa9"
  }
}
