{
  "Entries": [
    {
      "RequestUri": "https://REDACTED/6df39b950createoptionswithacl27e34895ab8273805b5c4?restype=container",
      "RequestMethod": "PUT",
      "RequestHeaders": {
        "Accept": "application/xml",
        "Authorization": "Sanitized",
        "Content-Length": "0",
        "Date": "Tue, 12 Mar 2024 22:12:24 GMT",
        "User-Agent": "azsdk-java-azure-storage-blob/12.26.0-beta.1 azsdk-java-azure-storage-file-datalake/12.19.0-beta.1 (17.0.8; Windows 11; 10.0)",
        "x-ms-client-request-id": "094271de-34c4-4f60-9d78-f47782855e99",
        "x-ms-version": "2024-02-04"
      },
      "RequestBody": null,
      "StatusCode": 201,
      "ResponseHeaders": {
        "Content-Length": "0",
        "Date": "Tue, 12 Mar 2024 22:12:24 GMT",
        "ETag": "\u00220x8DC42E17F323D80\u0022",
        "Last-Modified": "Tue, 12 Mar 2024 22:12:24 GMT",
        "Server": [
          "Windows-Azure-Blob/1.0",
          "Microsoft-HTTPAPI/2.0"
        ],
        "x-ms-client-request-id": "094271de-34c4-4f60-9d78-f47782855e99",
        "x-ms-request-id": "701d2c15-901e-00b3-01ca-74ad21000000",
        "x-ms-version": "2024-02-04"
      },
      "ResponseBody": null
    },
    {
      "RequestUri": "https://REDACTED/6df39b950createoptionswithacl27e34895ab8273805b5c4/6df39b951createoptionswithacl27e365232b7680b0db5d4?resource=directory",
      "RequestMethod": "PUT",
      "RequestHeaders": {
        "Accept": "application/json",
        "Authorization": "Sanitized",
        "Content-Length": "0",
        "Date": "Tue, 12 Mar 2024 22:12:24 GMT",
        "If-None-Match": "*",
        "User-Agent": "azsdk-java-azure-storage-file-datalake/12.19.0-beta.1 (17.0.8; Windows 11; 10.0)",
        "x-ms-client-request-id": "11841543-2306-4c26-b9d0-8f526a51fdd1",
        "x-ms-version": "2024-02-04"
      },
      "RequestBody": null,
      "StatusCode": 201,
      "ResponseHeaders": {
        "Content-Length": "0",
        "Date": "Tue, 12 Mar 2024 22:12:24 GMT",
        "ETag": "\u00220x8DC42E17F44162A\u0022",
        "Last-Modified": "Tue, 12 Mar 2024 22:12:25 GMT",
        "Server": [
          "Windows-Azure-HDFS/1.0",
          "Microsoft-HTTPAPI/2.0"
        ],
        "x-ms-client-request-id": "11841543-2306-4c26-b9d0-8f526a51fdd1",
        "x-ms-request-id": "90672c42-401f-006b-7cca-748a78000000",
        "x-ms-request-server-encrypted": "true",
        "x-ms-version": "2024-02-04"
      },
      "ResponseBody": null
    },
    {
      "RequestUri": "https://REDACTED/6df39b950createoptionswithacl27e34895ab8273805b5c4/6df39b952createoptionswithacl27e728276887ac9f479f4?resource=directory",
      "RequestMethod": "PUT",
      "RequestHeaders": {
        "Accept": "application/json",
        "Authorization": "Sanitized",
        "Content-Length": "0",
        "Date": "Tue, 12 Mar 2024 22:12:24 GMT",
        "User-Agent": "azsdk-java-azure-storage-file-datalake/12.19.0-beta.1 (17.0.8; Windows 11; 10.0)",
        "x-ms-acl": "user::rwx,group::r--,other::---,mask::rwx",
        "x-ms-client-request-id": "84bb8a9c-7da3-4cf1-9541-61c1d5460781",
        "x-ms-version": "2024-02-04"
      },
      "RequestBody": null,
      "StatusCode": 201,
      "ResponseHeaders": {
        "Content-Length": "0",
        "Date": "Tue, 12 Mar 2024 22:12:24 GMT",
        "ETag": "\u00220x8DC42E17F52E946\u0022",
        "Last-Modified": "Tue, 12 Mar 2024 22:12:25 GMT",
        "Server": [
          "Windows-Azure-HDFS/1.0",
          "Microsoft-HTTPAPI/2.0"
        ],
        "x-ms-client-request-id": "84bb8a9c-7da3-4cf1-9541-61c1d5460781",
        "x-ms-request-id": "674daebf-801f-005b-46ca-7434b7000000",
        "x-ms-request-server-encrypted": "true",
        "x-ms-version": "2024-02-04"
      },
      "ResponseBody": null
    },
    {
      "RequestUri": "https://REDACTED/6df39b950createoptionswithacl27e34895ab8273805b5c4/6df39b952createoptionswithacl27e728276887ac9f479f4?action=getAccessControl\u0026upn=false",
      "RequestMethod": "HEAD",
      "RequestHeaders": {
        "Accept": "application/json",
        "Authorization": "Sanitized",
        "Content-Length": "0",
        "Date": "Tue, 12 Mar 2024 22:12:25 GMT",
        "User-Agent": "azsdk-java-azure-storage-file-datalake/12.19.0-beta.1 (17.0.8; Windows 11; 10.0)",
        "x-ms-client-request-id": "b84d313d-8481-440e-8417-91ea78f6712a",
        "x-ms-version": "2024-02-04"
      },
      "RequestBody": null,
      "StatusCode": 200,
      "ResponseHeaders": {
        "Access-Control-Allow-Origin": "*",
        "Access-Control-Expose-Headers": "x-ms-client-request-id",
        "Date": "Tue, 12 Mar 2024 22:12:24 GMT",
        "ETag": "\u00220x8DC42E17F52E946\u0022",
        "Last-Modified": "Tue, 12 Mar 2024 22:12:25 GMT",
        "Server": [
          "Windows-Azure-HDFS/1.0",
          "Microsoft-HTTPAPI/2.0"
        ],
        "x-ms-acl": "user::rwx,group::r--,mask::rwx,other::---",
        "x-ms-client-request-id": "b84d313d-8481-440e-8417-91ea78f6712a",
        "x-ms-group": "$superuser",
        "x-ms-owner": "$superuser",
        "x-ms-permissions": "rwxrwx---\u002B",
        "x-ms-request-id": "674daed5-801f-005b-5cca-7434b7000000",
        "x-ms-version": "2024-02-04"
      },
      "ResponseBody": null
    }
  ],
  "Variables": {
    "0": "6df39b950createoptionswithacl27e34895ab8273805b5c4",
    "1": "6df39b951createoptionswithacl27e365232b7680b0db5d4",
    "2": "6df39b952createoptionswithacl27e728276887ac9f479f4"
  }
}
