{
  "Entries": [
    {
      "RequestUri": "https://REDACTED/91ca0a140renamesourceacfailb19667586bf74a182e3b4e?restype=container",
      "RequestMethod": "PUT",
      "RequestHeaders": {
        "Accept": "application/xml",
        "Authorization": "Sanitized",
        "Content-Length": "0",
        "Date": "Tue, 12 Mar 2024 20:35:24 GMT",
        "User-Agent": "azsdk-java-azure-storage-blob/12.26.0-beta.1 azsdk-java-azure-storage-file-datalake/12.19.0-beta.1 (17.0.8; Windows 11; 10.0)",
        "x-ms-client-request-id": "d8f6d56f-8d3e-47e0-996f-b245105102f7",
        "x-ms-version": "2024-02-04"
      },
      "RequestBody": null,
      "StatusCode": 201,
      "ResponseHeaders": {
        "Content-Length": "0",
        "Date": "Tue, 12 Mar 2024 20:35:23 GMT",
        "ETag": "\u00220x8DC42D3F1C9F9BD\u0022",
        "Last-Modified": "Tue, 12 Mar 2024 20:35:24 GMT",
        "Server": [
          "Windows-Azure-Blob/1.0",
          "Microsoft-HTTPAPI/2.0"
        ],
        "x-ms-client-request-id": "d8f6d56f-8d3e-47e0-996f-b245105102f7",
        "x-ms-request-id": "1eaa28d8-901e-0025-4ebc-74a4f0000000",
        "x-ms-version": "2024-02-04"
      },
      "ResponseBody": null
    },
    {
      "RequestUri": "https://REDACTED/91ca0a140renamesourceacfailb19667586bf74a182e3b4e/91ca0a141renamesourceacfailb196113817acd3b73fc541?resource=directory",
      "RequestMethod": "PUT",
      "RequestHeaders": {
        "Accept": "application/json",
        "Authorization": "Sanitized",
        "Content-Length": "0",
        "Date": "Tue, 12 Mar 2024 20:35:24 GMT",
        "If-None-Match": "*",
        "User-Agent": "azsdk-java-azure-storage-file-datalake/12.19.0-beta.1 (17.0.8; Windows 11; 10.0)",
        "x-ms-client-request-id": "ddc50663-2ef9-4e60-9f4a-28bb61a6cb03",
        "x-ms-version": "2024-02-04"
      },
      "RequestBody": null,
      "StatusCode": 201,
      "ResponseHeaders": {
        "Content-Length": "0",
        "Date": "Tue, 12 Mar 2024 20:35:23 GMT",
        "ETag": "\u00220x8DC42D3F1DD3B05\u0022",
        "Last-Modified": "Tue, 12 Mar 2024 20:35:24 GMT",
        "Server": [
          "Windows-Azure-HDFS/1.0",
          "Microsoft-HTTPAPI/2.0"
        ],
        "x-ms-client-request-id": "ddc50663-2ef9-4e60-9f4a-28bb61a6cb03",
        "x-ms-request-id": "a7d2f682-701f-00d9-77bc-747509000000",
        "x-ms-request-server-encrypted": "true",
        "x-ms-version": "2024-02-04"
      },
      "ResponseBody": null
    },
    {
      "RequestUri": "https://REDACTED/91ca0a140renamesourceacfailb19667586bf74a182e3b4e/91ca0a141renamesourceacfailb196113817acd3b73fc541?comp=lease",
      "RequestMethod": "PUT",
      "RequestHeaders": {
        "Accept": "application/xml",
        "Authorization": "Sanitized",
        "Content-Length": "0",
        "Date": "Tue, 12 Mar 2024 20:35:24 GMT",
        "User-Agent": "azsdk-java-azure-storage-file-datalake/12.19.0-beta.1 (17.0.8; Windows 11; 10.0)",
        "x-ms-client-request-id": "58f63b2d-37ea-4b1a-bd5d-be20dc60a34e",
        "x-ms-lease-action": "acquire",
        "x-ms-lease-duration": "-1",
        "x-ms-proposed-lease-id": "8ba2a5d3-6bb7-419e-9bf4-bd2279bbd4d4",
        "x-ms-version": "2024-02-04"
      },
      "RequestBody": null,
      "StatusCode": 201,
      "ResponseHeaders": {
        "Content-Length": "0",
        "Date": "Tue, 12 Mar 2024 20:35:23 GMT",
        "ETag": "\u00220x8DC42D3F1DD3B05\u0022",
        "Last-Modified": "Tue, 12 Mar 2024 20:35:24 GMT",
        "Server": [
          "Windows-Azure-Blob/1.0",
          "Microsoft-HTTPAPI/2.0"
        ],
        "x-ms-client-request-id": "58f63b2d-37ea-4b1a-bd5d-be20dc60a34e",
        "x-ms-lease-id": "8ba2a5d3-6bb7-419e-9bf4-bd2279bbd4d4",
        "x-ms-request-id": "c0e75295-101e-00f0-3ebc-744b7d000000",
        "x-ms-version": "2024-02-04"
      },
      "ResponseBody": null
    },
    {
      "RequestUri": "https://REDACTED/91ca0a140renamesourceacfailb19667586bf74a182e3b4e/91ca0a142renamesourceacfailb1926034b724b3e1bed04e?mode=legacy",
      "RequestMethod": "PUT",
      "RequestHeaders": {
        "Accept": "application/json",
        "Authorization": "Sanitized",
        "Content-Length": "0",
        "Date": "Tue, 12 Mar 2024 20:35:24 GMT",
        "User-Agent": "azsdk-java-azure-storage-file-datalake/12.19.0-beta.1 (17.0.8; Windows 11; 10.0)",
        "x-ms-client-request-id": "c2810d86-d80d-4898-9163-7000016a4a57",
        "x-ms-rename-source": "/91ca0a140renamesourceacfailb19667586bf74a182e3b4e/91ca0a141renamesourceacfailb196113817acd3b73fc541",
        "x-ms-source-lease-id": "5253586f-1096-443a-918e-45876a8b26d3",
        "x-ms-version": "2024-02-04"
      },
      "RequestBody": null,
      "StatusCode": 412,
      "ResponseHeaders": {
        "Content-Length": "199",
        "Content-Type": "application/json; charset=utf-8",
        "Date": "Tue, 12 Mar 2024 20:35:23 GMT",
        "Server": [
          "Windows-Azure-HDFS/1.0",
          "Microsoft-HTTPAPI/2.0"
        ],
        "x-ms-client-request-id": "c2810d86-d80d-4898-9163-7000016a4a57",
        "x-ms-error-code": "LeaseIdMismatch",
        "x-ms-request-id": "d8d48e9a-001f-00c3-76bc-7414d6000000",
        "x-ms-version": "2024-02-04"
      },
      "ResponseBody": {
        "error": {
          "code": "LeaseIdMismatch",
          "message": "The lease ID specified did not match the lease ID for the resource.\nRequestId:d8d48e9a-001f-00c3-76bc-7414d6000000\nTime:2024-03-12T20:35:24.5420423Z"
        }
      }
    }
  ],
  "Variables": {
    "0": "91ca0a140renamesourceacfailb19667586bf74a182e3b4e",
    "1": "91ca0a141renamesourceacfailb196113817acd3b73fc541",
    "2": "91ca0a142renamesourceacfailb1926034b724b3e1bed04e"
  }
}
