{
  "Entries": [
    {
      "RequestUri": "https://REDACTED/19adbf370deleteifexistsfileac5d001992b7d6a1d6b04e4?restype=container",
      "RequestMethod": "PUT",
      "RequestHeaders": {
        "Accept": "application/xml",
        "Authorization": "Sanitized",
        "Content-Length": "0",
        "Date": "Wed, 26 Jul 2023 18:42:40 GMT",
        "User-Agent": "azsdk-java-azure-storage-blob/12.24.0-beta.1 azsdk-java-azure-storage-file-datalake/12.17.0-beta.1 (17.0.7; Windows 11; 10.0)",
        "x-ms-client-request-id": "494bd4a8-ba4d-4521-b414-580b83111778",
        "x-ms-version": "2023-01-03"
      },
      "RequestBody": null,
      "StatusCode": 201,
      "ResponseHeaders": {
        "Content-Length": "0",
        "Date": "Wed, 26 Jul 2023 18:42:40 GMT",
        "ETag": "\u00220x8DB8E0817691D23\u0022",
        "Last-Modified": "Wed, 26 Jul 2023 18:42:40 GMT",
        "Server": [
          "Windows-Azure-Blob/1.0",
          "Microsoft-HTTPAPI/2.0"
        ],
        "x-ms-client-request-id": "494bd4a8-ba4d-4521-b414-580b83111778",
        "x-ms-request-id": "c152d197-901e-003c-3cf0-bfb845000000",
        "x-ms-version": "2023-01-03"
      },
      "ResponseBody": null
    },
    {
      "RequestUri": "https://REDACTED/19adbf370deleteifexistsfileac5d001992b7d6a1d6b04e4/19adbf371deleteifexistsfileac5d030395d221d483e64c4?resource=directory",
      "RequestMethod": "PUT",
      "RequestHeaders": {
        "Accept": "application/json",
        "Authorization": "Sanitized",
        "Content-Length": "0",
        "Date": "Wed, 26 Jul 2023 18:42:40 GMT",
        "If-None-Match": "*",
        "User-Agent": "azsdk-java-azure-storage-file-datalake/12.17.0-beta.1 (17.0.7; Windows 11; 10.0)",
        "x-ms-client-request-id": "380c92d6-7f16-42f6-98f4-24be0ff0994b",
        "x-ms-version": "2023-01-03"
      },
      "RequestBody": null,
      "StatusCode": 201,
      "ResponseHeaders": {
        "Content-Length": "0",
        "Date": "Wed, 26 Jul 2023 18:42:40 GMT",
        "ETag": "\u00220x8DB8E08177044BA\u0022",
        "Last-Modified": "Wed, 26 Jul 2023 18:42:40 GMT",
        "Server": [
          "Windows-Azure-HDFS/1.0",
          "Microsoft-HTTPAPI/2.0"
        ],
        "x-ms-client-request-id": "380c92d6-7f16-42f6-98f4-24be0ff0994b",
        "x-ms-request-id": "162d297c-d01f-005f-3bf0-bf25be000000",
        "x-ms-request-server-encrypted": "true",
        "x-ms-version": "2023-01-03"
      },
      "ResponseBody": null
    },
    {
      "RequestUri": "https://REDACTED/19adbf370deleteifexistsfileac5d001992b7d6a1d6b04e4/19adbf371deleteifexistsfileac5d030395d221d483e64c4%2F19adbf372deleteifexistsfileac5d056000cf1378a805ce4?resource=file",
      "RequestMethod": "PUT",
      "RequestHeaders": {
        "Accept": "application/json",
        "Authorization": "Sanitized",
        "Content-Length": "0",
        "Date": "Wed, 26 Jul 2023 18:42:40 GMT",
        "If-None-Match": "*",
        "User-Agent": "azsdk-java-azure-storage-file-datalake/12.17.0-beta.1 (17.0.7; Windows 11; 10.0)",
        "x-ms-client-request-id": "49493226-d4ea-47d5-94a4-aa42041c7cf7",
        "x-ms-version": "2023-01-03"
      },
      "RequestBody": null,
      "StatusCode": 201,
      "ResponseHeaders": {
        "Content-Length": "0",
        "Date": "Wed, 26 Jul 2023 18:42:40 GMT",
        "ETag": "\u00220x8DB8E081775C3EF\u0022",
        "Last-Modified": "Wed, 26 Jul 2023 18:42:40 GMT",
        "Server": [
          "Windows-Azure-HDFS/1.0",
          "Microsoft-HTTPAPI/2.0"
        ],
        "x-ms-client-request-id": "49493226-d4ea-47d5-94a4-aa42041c7cf7",
        "x-ms-request-id": "162d2989-d01f-005f-48f0-bf25be000000",
        "x-ms-request-server-encrypted": "true",
        "x-ms-version": "2023-01-03"
      },
      "ResponseBody": null
    },
    {
      "RequestUri": "https://REDACTED/19adbf370deleteifexistsfileac5d001992b7d6a1d6b04e4/19adbf371deleteifexistsfileac5d030395d221d483e64c4%2F19adbf372deleteifexistsfileac5d056000cf1378a805ce4?recursive=false",
      "RequestMethod": "DELETE",
      "RequestHeaders": {
        "Accept": "application/json",
        "Authorization": "Sanitized",
        "Content-Length": "0",
        "Date": "Wed, 26 Jul 2023 18:42:40 GMT",
        "If-Unmodified-Since": "Thu, 27 Jul 2023 18:42:22 GMT",
        "User-Agent": "azsdk-java-azure-storage-file-datalake/12.17.0-beta.1 (17.0.7; Windows 11; 10.0)",
        "x-ms-client-request-id": "e53d6e2a-6a29-4ca1-8d50-36af3db8f89a",
        "x-ms-version": "2023-01-03"
      },
      "RequestBody": null,
      "StatusCode": 200,
      "ResponseHeaders": {
        "Content-Length": "0",
        "Date": "Wed, 26 Jul 2023 18:42:40 GMT",
        "Server": [
          "Windows-Azure-HDFS/1.0",
          "Microsoft-HTTPAPI/2.0"
        ],
        "x-ms-client-request-id": "e53d6e2a-6a29-4ca1-8d50-36af3db8f89a",
        "x-ms-delete-type-permanent": "false",
        "x-ms-deletion-id": "133348705608057420",
        "x-ms-request-id": "162d2997-d01f-005f-56f0-bf25be000000",
        "x-ms-version": "2023-01-03"
      },
      "ResponseBody": null
    }
  ],
  "Variables": {
    "0": "19adbf370deleteifexistsfileac5d001992b7d6a1d6b04e4",
    "1": "19adbf371deleteifexistsfileac5d030395d221d483e64c4",
    "2": "19adbf372deleteifexistsfileac5d056000cf1378a805ce4"
  }
}
