{
  "Entries": [
    {
      "RequestUri": "https://REDACTED/51c654530deleteifexistsac20b034924a7f5d5deb27462?restype=container",
      "RequestMethod": "PUT",
      "RequestHeaders": {
        "Accept": "application/xml",
        "Authorization": "Sanitized",
        "Content-Length": "0",
        "Date": "Wed, 26 Jul 2023 19:31:59 GMT",
        "User-Agent": "azsdk-java-azure-storage-blob/12.24.0-beta.1 azsdk-java-azure-storage-file-datalake/12.17.0-beta.1 (17.0.7; Windows 11; 10.0)",
        "x-ms-client-request-id": "097b5771-b544-4f22-a3ba-355e85c63add",
        "x-ms-version": "2023-01-03"
      },
      "RequestBody": null,
      "StatusCode": 201,
      "ResponseHeaders": {
        "Content-Length": "0",
        "Date": "Wed, 26 Jul 2023 19:31:58 GMT",
        "ETag": "\u00220x8DB8E0EFB05FC8A\u0022",
        "Last-Modified": "Wed, 26 Jul 2023 19:31:59 GMT",
        "Server": [
          "Windows-Azure-Blob/1.0",
          "Microsoft-HTTPAPI/2.0"
        ],
        "x-ms-client-request-id": "097b5771-b544-4f22-a3ba-355e85c63add",
        "x-ms-request-id": "0f08d6b0-601e-0075-23f7-bffaae000000",
        "x-ms-version": "2023-01-03"
      },
      "ResponseBody": null
    },
    {
      "RequestUri": "https://REDACTED/51c654530deleteifexistsac20b034924a7f5d5deb27462/51c654531deleteifexistsac20b39469a5ad72ece81240e?resource=directory",
      "RequestMethod": "PUT",
      "RequestHeaders": {
        "Accept": "application/json",
        "Authorization": "Sanitized",
        "Content-Length": "0",
        "Date": "Wed, 26 Jul 2023 19:31:59 GMT",
        "If-None-Match": "*",
        "User-Agent": "azsdk-java-azure-storage-file-datalake/12.17.0-beta.1 (17.0.7; Windows 11; 10.0)",
        "x-ms-client-request-id": "f8948e76-591e-4603-bcc1-2551bd2c8efc",
        "x-ms-version": "2023-01-03"
      },
      "RequestBody": null,
      "StatusCode": 201,
      "ResponseHeaders": {
        "Content-Length": "0",
        "Date": "Wed, 26 Jul 2023 19:31:59 GMT",
        "ETag": "\u00220x8DB8E0EFB16778B\u0022",
        "Last-Modified": "Wed, 26 Jul 2023 19:31:59 GMT",
        "Server": [
          "Windows-Azure-HDFS/1.0",
          "Microsoft-HTTPAPI/2.0"
        ],
        "x-ms-client-request-id": "f8948e76-591e-4603-bcc1-2551bd2c8efc",
        "x-ms-request-id": "8e64422b-d01f-0002-44f7-bf2f3a000000",
        "x-ms-request-server-encrypted": "true",
        "x-ms-version": "2023-01-03"
      },
      "ResponseBody": null
    },
    {
      "RequestUri": "https://REDACTED/51c654530deleteifexistsac20b034924a7f5d5deb27462/51c654531deleteifexistsac20b39469a5ad72ece81240e",
      "RequestMethod": "HEAD",
      "RequestHeaders": {
        "Accept": "application/xml",
        "Authorization": "Sanitized",
        "Content-Length": "0",
        "Date": "Wed, 26 Jul 2023 19:31:59 GMT",
        "User-Agent": "azsdk-java-azure-storage-blob/12.24.0-beta.1 azsdk-java-azure-storage-file-datalake/12.17.0-beta.1 (17.0.7; Windows 11; 10.0)",
        "x-ms-client-request-id": "50503a72-a774-447a-8674-4cdaf7dee886",
        "x-ms-version": "2023-01-03"
      },
      "RequestBody": null,
      "StatusCode": 200,
      "ResponseHeaders": {
        "Accept-Ranges": "bytes",
        "Content-Length": "0",
        "Content-Type": "application/octet-stream",
        "Date": "Wed, 26 Jul 2023 19:31:59 GMT",
        "ETag": "\u00220x8DB8E0EFB16778B\u0022",
        "Last-Modified": "Wed, 26 Jul 2023 19:31:59 GMT",
        "Server": [
          "Windows-Azure-Blob/1.0",
          "Microsoft-HTTPAPI/2.0"
        ],
        "Vary": "Origin",
        "x-ms-access-tier": "Hot",
        "x-ms-access-tier-inferred": "true",
        "x-ms-blob-type": "BlockBlob",
        "x-ms-client-request-id": "50503a72-a774-447a-8674-4cdaf7dee886",
        "x-ms-creation-time": "Wed, 26 Jul 2023 19:31:59 GMT",
        "x-ms-group": "$superuser",
        "x-ms-lease-state": "available",
        "x-ms-lease-status": "unlocked",
        "x-ms-meta-hdi_isfolder": "true",
        "x-ms-owner": "$superuser",
        "x-ms-permissions": "rwxr-x---",
        "x-ms-request-id": "b34bf70b-801e-007d-5ef7-bfe0a1000000",
        "x-ms-resource-type": "directory",
        "x-ms-server-encrypted": "true",
        "x-ms-version": "2023-01-03"
      },
      "ResponseBody": null
    },
    {
      "RequestUri": "https://REDACTED/51c654530deleteifexistsac20b034924a7f5d5deb27462/51c654531deleteifexistsac20b39469a5ad72ece81240e?recursive=false",
      "RequestMethod": "DELETE",
      "RequestHeaders": {
        "Accept": "application/json",
        "Authorization": "Sanitized",
        "Content-Length": "0",
        "Date": "Wed, 26 Jul 2023 19:31:59 GMT",
        "If-Match": "0x8DB8E0EFB16778B",
        "User-Agent": "azsdk-java-azure-storage-file-datalake/12.17.0-beta.1 (17.0.7; Windows 11; 10.0)",
        "x-ms-client-request-id": "477ed921-c647-47c6-ba02-2f3fb6de83bc",
        "x-ms-version": "2023-01-03"
      },
      "RequestBody": null,
      "StatusCode": 200,
      "ResponseHeaders": {
        "Content-Length": "0",
        "Date": "Wed, 26 Jul 2023 19:31:59 GMT",
        "Server": [
          "Windows-Azure-HDFS/1.0",
          "Microsoft-HTTPAPI/2.0"
        ],
        "x-ms-client-request-id": "477ed921-c647-47c6-ba02-2f3fb6de83bc",
        "x-ms-delete-type-permanent": "false",
        "x-ms-deletion-id": "133348735197021357",
        "x-ms-request-id": "8e64423c-d01f-0002-55f7-bf2f3a000000",
        "x-ms-version": "2023-01-03"
      },
      "ResponseBody": null
    }
  ],
  "Variables": {
    "0": "51c654530deleteifexistsac20b034924a7f5d5deb27462",
    "1": "51c654531deleteifexistsac20b39469a5ad72ece81240e"
  }
}
