{
  "Entries": [
    {
      "RequestUri": "https://REDACTED/db4b9c760listpaths6d150136f0abccee0dfc4e90bc?restype=container",
      "RequestMethod": "PUT",
      "RequestHeaders": {
        "Accept": "application/xml",
        "Authorization": "Sanitized",
        "Content-Length": "0",
        "Date": "Fri, 17 Nov 2023 19:12:51 GMT",
        "User-Agent": "azsdk-java-azure-storage-blob/12.26.0-beta.1 azsdk-java-azure-storage-file-datalake/12.19.0-beta.1 (17.0.8; Windows 11; 10.0)",
        "x-ms-client-request-id": "256ea22c-c7e4-473f-afb3-7c68497798a1",
        "x-ms-version": "2024-02-04"
      },
      "RequestBody": null,
      "StatusCode": 201,
      "ResponseHeaders": {
        "Content-Length": "0",
        "Date": "Fri, 17 Nov 2023 19:12:50 GMT",
        "ETag": "\u00220x8DBE7A131E8DF4C\u0022",
        "Last-Modified": "Fri, 17 Nov 2023 19:12:51 GMT",
        "Server": [
          "Windows-Azure-Blob/1.0",
          "Microsoft-HTTPAPI/2.0"
        ],
        "x-ms-client-request-id": "256ea22c-c7e4-473f-afb3-7c68497798a1",
        "x-ms-request-id": "05754007-f01e-0113-268a-19d78d000000",
        "x-ms-version": "2024-02-04"
      },
      "ResponseBody": null
    },
    {
      "RequestUri": "https://REDACTED/db4b9c760listpaths6d150136f0abccee0dfc4e90bc/db4b9c761listpaths6d113865941247b21e584539a8?resource=directory",
      "RequestMethod": "PUT",
      "RequestHeaders": {
        "Accept": "application/json",
        "Authorization": "Sanitized",
        "Content-Length": "0",
        "Date": "Fri, 17 Nov 2023 19:12:51 GMT",
        "If-None-Match": "*",
        "User-Agent": "azsdk-java-azure-storage-file-datalake/12.19.0-beta.1 (17.0.8; Windows 11; 10.0)",
        "x-ms-client-request-id": "f6398338-0ad2-4cf7-bda5-ca20ce195582",
        "x-ms-version": "2024-02-04"
      },
      "RequestBody": null,
      "StatusCode": 201,
      "ResponseHeaders": {
        "Content-Length": "0",
        "Date": "Fri, 17 Nov 2023 19:12:51 GMT",
        "ETag": "\u00220x8DBE7A131FB472D\u0022",
        "Last-Modified": "Fri, 17 Nov 2023 19:12:51 GMT",
        "Server": [
          "Windows-Azure-HDFS/1.0",
          "Microsoft-HTTPAPI/2.0"
        ],
        "x-ms-client-request-id": "f6398338-0ad2-4cf7-bda5-ca20ce195582",
        "x-ms-request-id": "d785c3a6-001f-0045-538a-19d86f000000",
        "x-ms-request-server-encrypted": "true",
        "x-ms-version": "2024-02-04"
      },
      "ResponseBody": null
    },
    {
      "RequestUri": "https://REDACTED/db4b9c760listpaths6d150136f0abccee0dfc4e90bc/db4b9c762listpaths6d179929c2c5c831a19a4dc3b8?resource=directory",
      "RequestMethod": "PUT",
      "RequestHeaders": {
        "Accept": "application/json",
        "Authorization": "Sanitized",
        "Content-Length": "0",
        "Date": "Fri, 17 Nov 2023 19:12:51 GMT",
        "If-None-Match": "*",
        "User-Agent": "azsdk-java-azure-storage-file-datalake/12.19.0-beta.1 (17.0.8; Windows 11; 10.0)",
        "x-ms-client-request-id": "bd9ed5e8-e9c8-45af-8a87-576e19ceec99",
        "x-ms-version": "2024-02-04"
      },
      "RequestBody": null,
      "StatusCode": 201,
      "ResponseHeaders": {
        "Content-Length": "0",
        "Date": "Fri, 17 Nov 2023 19:12:51 GMT",
        "ETag": "\u00220x8DBE7A1320A9ED8\u0022",
        "Last-Modified": "Fri, 17 Nov 2023 19:12:51 GMT",
        "Server": [
          "Windows-Azure-HDFS/1.0",
          "Microsoft-HTTPAPI/2.0"
        ],
        "x-ms-client-request-id": "bd9ed5e8-e9c8-45af-8a87-576e19ceec99",
        "x-ms-request-id": "0e7795a1-d01f-009d-1e8a-19ff36000000",
        "x-ms-request-server-encrypted": "true",
        "x-ms-version": "2024-02-04"
      },
      "ResponseBody": null
    },
    {
      "RequestUri": "https://REDACTED/db4b9c760listpaths6d150136f0abccee0dfc4e90bc/db4b9c762listpaths6d179929c2c5c831a19a4dc3b8%2Ffoo?resource=directory",
      "RequestMethod": "PUT",
      "RequestHeaders": {
        "Accept": "application/json",
        "Authorization": "Sanitized",
        "Content-Length": "0",
        "Date": "Fri, 17 Nov 2023 19:12:51 GMT",
        "If-None-Match": "*",
        "User-Agent": "azsdk-java-azure-storage-file-datalake/12.19.0-beta.1 (17.0.8; Windows 11; 10.0)",
        "x-ms-client-request-id": "c3210680-6d30-4c94-a1d0-39d6c5ab3f58",
        "x-ms-version": "2024-02-04"
      },
      "RequestBody": null,
      "StatusCode": 201,
      "ResponseHeaders": {
        "Content-Length": "0",
        "Date": "Fri, 17 Nov 2023 19:12:51 GMT",
        "ETag": "\u00220x8DBE7A13218B690\u0022",
        "Last-Modified": "Fri, 17 Nov 2023 19:12:51 GMT",
        "Server": [
          "Windows-Azure-HDFS/1.0",
          "Microsoft-HTTPAPI/2.0"
        ],
        "x-ms-client-request-id": "c3210680-6d30-4c94-a1d0-39d6c5ab3f58",
        "x-ms-request-id": "0e7795d9-d01f-009d-358a-19ff36000000",
        "x-ms-request-server-encrypted": "true",
        "x-ms-version": "2024-02-04"
      },
      "ResponseBody": null
    },
    {
      "RequestUri": "https://REDACTED/db4b9c760listpaths6d150136f0abccee0dfc4e90bc/db4b9c762listpaths6d179929c2c5c831a19a4dc3b8%2Fbar?resource=directory",
      "RequestMethod": "PUT",
      "RequestHeaders": {
        "Accept": "application/json",
        "Authorization": "Sanitized",
        "Content-Length": "0",
        "Date": "Fri, 17 Nov 2023 19:12:51 GMT",
        "If-None-Match": "*",
        "User-Agent": "azsdk-java-azure-storage-file-datalake/12.19.0-beta.1 (17.0.8; Windows 11; 10.0)",
        "x-ms-client-request-id": "223b2e3e-f35d-48cb-83f0-54cd8d98b32b",
        "x-ms-version": "2024-02-04"
      },
      "RequestBody": null,
      "StatusCode": 201,
      "ResponseHeaders": {
        "Content-Length": "0",
        "Date": "Fri, 17 Nov 2023 19:12:51 GMT",
        "ETag": "\u00220x8DBE7A13226A5FF\u0022",
        "Last-Modified": "Fri, 17 Nov 2023 19:12:52 GMT",
        "Server": [
          "Windows-Azure-HDFS/1.0",
          "Microsoft-HTTPAPI/2.0"
        ],
        "x-ms-client-request-id": "223b2e3e-f35d-48cb-83f0-54cd8d98b32b",
        "x-ms-request-id": "0e7795ed-d01f-009d-498a-19ff36000000",
        "x-ms-request-server-encrypted": "true",
        "x-ms-version": "2024-02-04"
      },
      "ResponseBody": null
    },
    {
      "RequestUri": "https://REDACTED/db4b9c760listpaths6d150136f0abccee0dfc4e90bc/db4b9c762listpaths6d179929c2c5c831a19a4dc3b8%2Fbaz?resource=directory",
      "RequestMethod": "PUT",
      "RequestHeaders": {
        "Accept": "application/json",
        "Authorization": "Sanitized",
        "Content-Length": "0",
        "Date": "Fri, 17 Nov 2023 19:12:52 GMT",
        "If-None-Match": "*",
        "User-Agent": "azsdk-java-azure-storage-file-datalake/12.19.0-beta.1 (17.0.8; Windows 11; 10.0)",
        "x-ms-client-request-id": "eb434865-c685-4aef-b819-e1de23c18d5e",
        "x-ms-version": "2024-02-04"
      },
      "RequestBody": null,
      "StatusCode": 201,
      "ResponseHeaders": {
        "Content-Length": "0",
        "Date": "Fri, 17 Nov 2023 19:12:51 GMT",
        "ETag": "\u00220x8DBE7A13234FCC6\u0022",
        "Last-Modified": "Fri, 17 Nov 2023 19:12:52 GMT",
        "Server": [
          "Windows-Azure-HDFS/1.0",
          "Microsoft-HTTPAPI/2.0"
        ],
        "x-ms-client-request-id": "eb434865-c685-4aef-b819-e1de23c18d5e",
        "x-ms-request-id": "0e7795f8-d01f-009d-548a-19ff36000000",
        "x-ms-request-server-encrypted": "true",
        "x-ms-version": "2024-02-04"
      },
      "ResponseBody": null
    },
    {
      "RequestUri": "https://REDACTED/db4b9c760listpaths6d150136f0abccee0dfc4e90bc/db4b9c762listpaths6d179929c2c5c831a19a4dc3b8%2Ffoo%2Ffoo?resource=directory",
      "RequestMethod": "PUT",
      "RequestHeaders": {
        "Accept": "application/json",
        "Authorization": "Sanitized",
        "Content-Length": "0",
        "Date": "Fri, 17 Nov 2023 19:12:52 GMT",
        "If-None-Match": "*",
        "User-Agent": "azsdk-java-azure-storage-file-datalake/12.19.0-beta.1 (17.0.8; Windows 11; 10.0)",
        "x-ms-client-request-id": "bb4b98e5-2632-4b98-8e9d-bc4e8de24411",
        "x-ms-version": "2024-02-04"
      },
      "RequestBody": null,
      "StatusCode": 201,
      "ResponseHeaders": {
        "Content-Length": "0",
        "Date": "Fri, 17 Nov 2023 19:12:51 GMT",
        "ETag": "\u00220x8DBE7A132440EEE\u0022",
        "Last-Modified": "Fri, 17 Nov 2023 19:12:52 GMT",
        "Server": [
          "Windows-Azure-HDFS/1.0",
          "Microsoft-HTTPAPI/2.0"
        ],
        "x-ms-client-request-id": "bb4b98e5-2632-4b98-8e9d-bc4e8de24411",
        "x-ms-request-id": "d785c47b-001f-0045-278a-19d86f000000",
        "x-ms-request-server-encrypted": "true",
        "x-ms-version": "2024-02-04"
      },
      "ResponseBody": null
    },
    {
      "RequestUri": "https://REDACTED/db4b9c760listpaths6d150136f0abccee0dfc4e90bc/db4b9c762listpaths6d179929c2c5c831a19a4dc3b8%2Ffoo%2Fbar?resource=directory",
      "RequestMethod": "PUT",
      "RequestHeaders": {
        "Accept": "application/json",
        "Authorization": "Sanitized",
        "Content-Length": "0",
        "Date": "Fri, 17 Nov 2023 19:12:52 GMT",
        "If-None-Match": "*",
        "User-Agent": "azsdk-java-azure-storage-file-datalake/12.19.0-beta.1 (17.0.8; Windows 11; 10.0)",
        "x-ms-client-request-id": "30d36e38-5698-457a-878c-9184a1dc2ed6",
        "x-ms-version": "2024-02-04"
      },
      "RequestBody": null,
      "StatusCode": 201,
      "ResponseHeaders": {
        "Content-Length": "0",
        "Date": "Fri, 17 Nov 2023 19:12:51 GMT",
        "ETag": "\u00220x8DBE7A13252CB6B\u0022",
        "Last-Modified": "Fri, 17 Nov 2023 19:12:52 GMT",
        "Server": [
          "Windows-Azure-HDFS/1.0",
          "Microsoft-HTTPAPI/2.0"
        ],
        "x-ms-client-request-id": "30d36e38-5698-457a-878c-9184a1dc2ed6",
        "x-ms-request-id": "d785c4a7-001f-0045-538a-19d86f000000",
        "x-ms-request-server-encrypted": "true",
        "x-ms-version": "2024-02-04"
      },
      "ResponseBody": null
    },
    {
      "RequestUri": "https://REDACTED/db4b9c760listpaths6d150136f0abccee0dfc4e90bc/db4b9c762listpaths6d179929c2c5c831a19a4dc3b8%2Fbaz%2Ffoo?resource=directory",
      "RequestMethod": "PUT",
      "RequestHeaders": {
        "Accept": "application/json",
        "Authorization": "Sanitized",
        "Content-Length": "0",
        "Date": "Fri, 17 Nov 2023 19:12:52 GMT",
        "If-None-Match": "*",
        "User-Agent": "azsdk-java-azure-storage-file-datalake/12.19.0-beta.1 (17.0.8; Windows 11; 10.0)",
        "x-ms-client-request-id": "140d7ccd-1c54-4580-a0e4-9774bef0e92a",
        "x-ms-version": "2024-02-04"
      },
      "RequestBody": null,
      "StatusCode": 201,
      "ResponseHeaders": {
        "Content-Length": "0",
        "Date": "Fri, 17 Nov 2023 19:12:51 GMT",
        "ETag": "\u00220x8DBE7A1326210C9\u0022",
        "Last-Modified": "Fri, 17 Nov 2023 19:12:52 GMT",
        "Server": [
          "Windows-Azure-HDFS/1.0",
          "Microsoft-HTTPAPI/2.0"
        ],
        "x-ms-client-request-id": "140d7ccd-1c54-4580-a0e4-9774bef0e92a",
        "x-ms-request-id": "d785c4d0-001f-0045-7c8a-19d86f000000",
        "x-ms-request-server-encrypted": "true",
        "x-ms-version": "2024-02-04"
      },
      "ResponseBody": null
    },
    {
      "RequestUri": "https://REDACTED/db4b9c760listpaths6d150136f0abccee0dfc4e90bc/db4b9c762listpaths6d179929c2c5c831a19a4dc3b8%2Fbaz%2Ffoo%2Fbar?resource=directory",
      "RequestMethod": "PUT",
      "RequestHeaders": {
        "Accept": "application/json",
        "Authorization": "Sanitized",
        "Content-Length": "0",
        "Date": "Fri, 17 Nov 2023 19:12:52 GMT",
        "If-None-Match": "*",
        "User-Agent": "azsdk-java-azure-storage-file-datalake/12.19.0-beta.1 (17.0.8; Windows 11; 10.0)",
        "x-ms-client-request-id": "d1dbaa3a-06c4-4dd4-9569-4200d2f5d62d",
        "x-ms-version": "2024-02-04"
      },
      "RequestBody": null,
      "StatusCode": 201,
      "ResponseHeaders": {
        "Content-Length": "0",
        "Date": "Fri, 17 Nov 2023 19:12:52 GMT",
        "ETag": "\u00220x8DBE7A132713BB6\u0022",
        "Last-Modified": "Fri, 17 Nov 2023 19:12:52 GMT",
        "Server": [
          "Windows-Azure-HDFS/1.0",
          "Microsoft-HTTPAPI/2.0"
        ],
        "x-ms-client-request-id": "d1dbaa3a-06c4-4dd4-9569-4200d2f5d62d",
        "x-ms-request-id": "25372d3c-501f-0048-0d8a-1910bb000000",
        "x-ms-request-server-encrypted": "true",
        "x-ms-version": "2024-02-04"
      },
      "ResponseBody": null
    },
    {
      "RequestUri": "https://REDACTED/db4b9c760listpaths6d150136f0abccee0dfc4e90bc/db4b9c762listpaths6d179929c2c5c831a19a4dc3b8%2Fbaz%2Fbar%2Ffoo?resource=directory",
      "RequestMethod": "PUT",
      "RequestHeaders": {
        "Accept": "application/json",
        "Authorization": "Sanitized",
        "Content-Length": "0",
        "Date": "Fri, 17 Nov 2023 19:12:52 GMT",
        "If-None-Match": "*",
        "User-Agent": "azsdk-java-azure-storage-file-datalake/12.19.0-beta.1 (17.0.8; Windows 11; 10.0)",
        "x-ms-client-request-id": "b5ef0e05-eddc-4738-b9aa-6f22f8d18311",
        "x-ms-version": "2024-02-04"
      },
      "RequestBody": null,
      "StatusCode": 201,
      "ResponseHeaders": {
        "Content-Length": "0",
        "Date": "Fri, 17 Nov 2023 19:12:52 GMT",
        "ETag": "\u00220x8DBE7A132820B2D\u0022",
        "Last-Modified": "Fri, 17 Nov 2023 19:12:52 GMT",
        "Server": [
          "Windows-Azure-HDFS/1.0",
          "Microsoft-HTTPAPI/2.0"
        ],
        "x-ms-client-request-id": "b5ef0e05-eddc-4738-b9aa-6f22f8d18311",
        "x-ms-request-id": "25372d43-501f-0048-148a-1910bb000000",
        "x-ms-request-server-encrypted": "true",
        "x-ms-version": "2024-02-04"
      },
      "ResponseBody": null
    },
    {
      "RequestUri": "https://REDACTED/db4b9c760listpaths6d150136f0abccee0dfc4e90bc?resource=filesystem\u0026directory=db4b9c762listpaths6d179929c2c5c831a19a4dc3b8\u0026recursive=false\u0026upn=false",
      "RequestMethod": "GET",
      "RequestHeaders": {
        "Accept": "application/json",
        "Authorization": "Sanitized",
        "Content-Length": "0",
        "Date": "Fri, 17 Nov 2023 19:12:52 GMT",
        "User-Agent": "azsdk-java-azure-storage-file-datalake/12.19.0-beta.1 (17.0.8; Windows 11; 10.0)",
        "x-ms-client-request-id": "f1698fe1-6012-4245-bc9f-859f7cb6c57d",
        "x-ms-version": "2024-02-04"
      },
      "RequestBody": null,
      "StatusCode": 200,
      "ResponseHeaders": {
        "Access-Control-Allow-Origin": "*",
        "Access-Control-Expose-Headers": "x-ms-client-request-id",
        "Content-Type": "application/json; charset=utf-8",
        "Date": "Fri, 17 Nov 2023 19:12:52 GMT",
        "Server": [
          "Windows-Azure-HDFS/1.0",
          "Microsoft-HTTPAPI/2.0"
        ],
        "Transfer-Encoding": "chunked",
        "x-ms-client-request-id": "f1698fe1-6012-4245-bc9f-859f7cb6c57d",
        "x-ms-request-id": "d785c52a-001f-0045-568a-19d86f000000",
        "x-ms-version": "2024-02-04"
      },
      "ResponseBody": {
        "paths": [
          {
            "contentLength": "0",
            "creationTime": "133447219720201727",
            "etag": "0x8DBE7A13226A5FF",
            "expiryTime": "0",
            "group": "$superuser",
            "isDirectory": "true",
            "lastModified": "Fri, 17 Nov 2023 19:12:52 GMT",
            "name": "db4b9c762listpaths6d179929c2c5c831a19a4dc3b8/bar",
            "owner": "$superuser",
            "permissions": "rwxr-x---"
          },
          {
            "contentLength": "0",
            "creationTime": "133447219721141446",
            "etag": "0x8DBE7A13234FCC6",
            "expiryTime": "0",
            "group": "$superuser",
            "isDirectory": "true",
            "lastModified": "Fri, 17 Nov 2023 19:12:52 GMT",
            "name": "db4b9c762listpaths6d179929c2c5c831a19a4dc3b8/baz",
            "owner": "$superuser",
            "permissions": "rwxr-x---"
          },
          {
            "contentLength": "0",
            "creationTime": "133447219719288464",
            "etag": "0x8DBE7A13218B690",
            "expiryTime": "0",
            "group": "$superuser",
            "isDirectory": "true",
            "lastModified": "Fri, 17 Nov 2023 19:12:51 GMT",
            "name": "db4b9c762listpaths6d179929c2c5c831a19a4dc3b8/foo",
            "owner": "$superuser",
            "permissions": "rwxr-x---"
          }
        ]
      }
    }
  ],
  "Variables": {
    "0": "db4b9c760listpaths6d150136f0abccee0dfc4e90bc",
    "1": "db4b9c761listpaths6d113865941247b21e584539a8",
    "2": "db4b9c762listpaths6d179929c2c5c831a19a4dc3b8"
  }
}
