{
  "Entries": [
    {
      "RequestUri": "https://REDACTED/af0cd6ad0appenddataerror4e999757ca7f1b68b954452?restype=container",
      "RequestMethod": "PUT",
      "RequestHeaders": {
        "Accept": "application/xml",
        "Authorization": "Sanitized",
        "Content-Length": "0",
        "Date": "Thu, 27 Jul 2023 14:37:38 GMT",
        "User-Agent": "azsdk-java-azure-storage-blob/12.24.0-beta.1 azsdk-java-azure-storage-file-datalake/12.17.0-beta.1 (17.0.7; Windows 11; 10.0)",
        "x-ms-client-request-id": "72b35d34-6f7a-4443-9efd-ff69023c6c8c",
        "x-ms-version": "2023-01-03"
      },
      "RequestBody": null,
      "StatusCode": 201,
      "ResponseHeaders": {
        "Content-Length": "0",
        "Date": "Thu, 27 Jul 2023 14:37:38 GMT",
        "ETag": "\u00220x8DB8EAF069157B1\u0022",
        "Last-Modified": "Thu, 27 Jul 2023 14:37:38 GMT",
        "Server": [
          "Windows-Azure-Blob/1.0",
          "Microsoft-HTTPAPI/2.0"
        ],
        "x-ms-client-request-id": "72b35d34-6f7a-4443-9efd-ff69023c6c8c",
        "x-ms-request-id": "f4a95eb2-c01e-006c-5197-c07a15000000",
        "x-ms-version": "2023-01-03"
      },
      "ResponseBody": null
    },
    {
      "RequestUri": "https://REDACTED/af0cd6ad0appenddataerror4e999757ca7f1b68b954452/af0cd6ad1appenddataerror4e973639e5530c47325a435?resource=file",
      "RequestMethod": "PUT",
      "RequestHeaders": {
        "Accept": "application/json",
        "Authorization": "Sanitized",
        "Content-Length": "0",
        "Date": "Thu, 27 Jul 2023 14:37:38 GMT",
        "If-None-Match": "*",
        "User-Agent": "azsdk-java-azure-storage-file-datalake/12.17.0-beta.1 (17.0.7; Windows 11; 10.0)",
        "x-ms-client-request-id": "e1c3b0f0-c83c-4728-85b6-94b53740df6a",
        "x-ms-version": "2023-01-03"
      },
      "RequestBody": null,
      "StatusCode": 201,
      "ResponseHeaders": {
        "Content-Length": "0",
        "Date": "Thu, 27 Jul 2023 14:37:37 GMT",
        "ETag": "\u00220x8DB8EAF06996324\u0022",
        "Last-Modified": "Thu, 27 Jul 2023 14:37:38 GMT",
        "Server": [
          "Windows-Azure-HDFS/1.0",
          "Microsoft-HTTPAPI/2.0"
        ],
        "x-ms-client-request-id": "e1c3b0f0-c83c-4728-85b6-94b53740df6a",
        "x-ms-request-id": "8eae74c9-f01f-003a-7597-c08bfa000000",
        "x-ms-request-server-encrypted": "true",
        "x-ms-version": "2023-01-03"
      },
      "ResponseBody": null
    },
    {
      "RequestUri": "https://REDACTED/af0cd6ad0appenddataerror4e999757ca7f1b68b954452/af0cd6ad2appenddataerror4e92041772e79cefaebb4b2?action=append\u0026position=0",
      "RequestMethod": "PATCH",
      "RequestHeaders": {
        "Accept": "application/json",
        "Authorization": "Sanitized",
        "Content-Length": "7",
        "Content-Type": "application/octet-stream",
        "Date": "Thu, 27 Jul 2023 14:37:38 GMT",
        "User-Agent": "azsdk-java-azure-storage-file-datalake/12.17.0-beta.1 (17.0.7; Windows 11; 10.0)",
        "x-ms-client-request-id": "148815ce-2b84-427c-9937-8003f5197922",
        "x-ms-version": "2023-01-03"
      },
      "RequestBody": "ZGVmYXVsdA==",
      "StatusCode": 404,
      "ResponseHeaders": {
        "Content-Length": "163",
        "Content-Type": "application/json; charset=utf-8",
        "Date": "Thu, 27 Jul 2023 14:37:37 GMT",
        "Server": [
          "Windows-Azure-HDFS/1.0",
          "Microsoft-HTTPAPI/2.0"
        ],
        "x-ms-client-request-id": "148815ce-2b84-427c-9937-8003f5197922",
        "x-ms-error-code": "PathNotFound",
        "x-ms-request-id": "8eae74e1-f01f-003a-0d97-c08bfa000000",
        "x-ms-version": "2023-01-03"
      },
      "ResponseBody": {
        "error": {
          "code": "PathNotFound",
          "message": "The specified path does not exist.\nRequestId:8eae74e1-f01f-003a-0d97-c08bfa000000\nTime:2023-07-27T14:37:38.4491605Z"
        }
      }
    }
  ],
  "Variables": {
    "0": "af0cd6ad0appenddataerror4e999757ca7f1b68b954452",
    "1": "af0cd6ad1appenddataerror4e973639e5530c47325a435",
    "2": "af0cd6ad2appenddataerror4e92041772e79cefaebb4b2"
  }
}
