{
  "Entries": [
    {
      "RequestUri": "https://REDACTED/5de426210createac96024577e6195c9f92504f1098d?restype=container",
      "RequestMethod": "PUT",
      "RequestHeaders": {
        "Accept": "application/xml",
        "Authorization": "Sanitized",
        "Content-Length": "0",
        "Date": "Thu, 27 Jul 2023 14:37:28 GMT",
        "User-Agent": "azsdk-java-azure-storage-blob/12.24.0-beta.1 azsdk-java-azure-storage-file-datalake/12.17.0-beta.1 (17.0.7; Windows 11; 10.0)",
        "x-ms-client-request-id": "a02c32dc-3b9b-4e16-9c6d-bb54d3154a80",
        "x-ms-version": "2023-01-03"
      },
      "RequestBody": null,
      "StatusCode": 201,
      "ResponseHeaders": {
        "Content-Length": "0",
        "Date": "Thu, 27 Jul 2023 14:37:28 GMT",
        "ETag": "\u00220x8DB8EAF00EE355E\u0022",
        "Last-Modified": "Thu, 27 Jul 2023 14:37:28 GMT",
        "Server": [
          "Windows-Azure-Blob/1.0",
          "Microsoft-HTTPAPI/2.0"
        ],
        "x-ms-client-request-id": "a02c32dc-3b9b-4e16-9c6d-bb54d3154a80",
        "x-ms-request-id": "0246d2e2-d01e-004f-6d97-c0e0d6000000",
        "x-ms-version": "2023-01-03"
      },
      "ResponseBody": null
    },
    {
      "RequestUri": "https://REDACTED/5de426210createac96024577e6195c9f92504f1098d/5de426211createac9600776552243c34c2bb4f4f855?resource=file",
      "RequestMethod": "PUT",
      "RequestHeaders": {
        "Accept": "application/json",
        "Authorization": "Sanitized",
        "Content-Length": "0",
        "Date": "Thu, 27 Jul 2023 14:37:28 GMT",
        "If-None-Match": "*",
        "User-Agent": "azsdk-java-azure-storage-file-datalake/12.17.0-beta.1 (17.0.7; Windows 11; 10.0)",
        "x-ms-client-request-id": "50fe262d-d4ae-412a-8417-bf636c23f018",
        "x-ms-version": "2023-01-03"
      },
      "RequestBody": null,
      "StatusCode": 201,
      "ResponseHeaders": {
        "Content-Length": "0",
        "Date": "Thu, 27 Jul 2023 14:37:28 GMT",
        "ETag": "\u00220x8DB8EAF00F6911E\u0022",
        "Last-Modified": "Thu, 27 Jul 2023 14:37:28 GMT",
        "Server": [
          "Windows-Azure-HDFS/1.0",
          "Microsoft-HTTPAPI/2.0"
        ],
        "x-ms-client-request-id": "50fe262d-d4ae-412a-8417-bf636c23f018",
        "x-ms-request-id": "db2eb41e-601f-004a-4397-c0320d000000",
        "x-ms-request-server-encrypted": "true",
        "x-ms-version": "2023-01-03"
      },
      "ResponseBody": null
    },
    {
      "RequestUri": "https://REDACTED/5de426210createac96024577e6195c9f92504f1098d/5de426211createac9600776552243c34c2bb4f4f855?resource=file",
      "RequestMethod": "PUT",
      "RequestHeaders": {
        "Accept": "application/json",
        "Authorization": "Sanitized",
        "Content-Length": "0",
        "Date": "Thu, 27 Jul 2023 14:37:29 GMT",
        "If-None-Match": "garbage",
        "User-Agent": "azsdk-java-azure-storage-file-datalake/12.17.0-beta.1 (17.0.7; Windows 11; 10.0)",
        "x-ms-client-request-id": "f8e60684-07ad-4cc6-b35d-8bd7455a5989",
        "x-ms-version": "2023-01-03"
      },
      "RequestBody": null,
      "StatusCode": 201,
      "ResponseHeaders": {
        "Content-Length": "0",
        "Date": "Thu, 27 Jul 2023 14:37:28 GMT",
        "ETag": "\u00220x8DB8EAF010479F5\u0022",
        "Last-Modified": "Thu, 27 Jul 2023 14:37:29 GMT",
        "Server": [
          "Windows-Azure-HDFS/1.0",
          "Microsoft-HTTPAPI/2.0"
        ],
        "x-ms-client-request-id": "f8e60684-07ad-4cc6-b35d-8bd7455a5989",
        "x-ms-request-id": "db2eb42e-601f-004a-5397-c0320d000000",
        "x-ms-request-server-encrypted": "true",
        "x-ms-version": "2023-01-03"
      },
      "ResponseBody": null
    }
  ],
  "Variables": {
    "0": "5de426210createac96024577e6195c9f92504f1098d",
    "1": "5de426211createac9600776552243c34c2bb4f4f855"
  }
}
