{
  "Entries": [
    {
      "RequestUri": "https://REDACTED/00db54a40storageaccountaudience7da04440870b62c687b3?restype=container",
      "RequestMethod": "PUT",
      "RequestHeaders": {
        "Accept": "application/xml",
        "Authorization": "Sanitized",
        "Content-Length": "0",
        "Date": "Fri, 17 Nov 2023 19:14:34 GMT",
        "User-Agent": "azsdk-java-azure-storage-blob/12.26.0-beta.1 azsdk-java-azure-storage-file-datalake/12.19.0-beta.1 (17.0.8; Windows 11; 10.0)",
        "x-ms-client-request-id": "1e69ddcd-775e-4eb0-b598-a0471708aefa",
        "x-ms-version": "2024-02-04"
      },
      "RequestBody": null,
      "StatusCode": 201,
      "ResponseHeaders": {
        "Content-Length": "0",
        "Date": "Fri, 17 Nov 2023 19:14:33 GMT",
        "ETag": "\u00220x8DBE7A16F2E2BF4\u0022",
        "Last-Modified": "Fri, 17 Nov 2023 19:14:34 GMT",
        "Server": [
          "Windows-Azure-Blob/1.0",
          "Microsoft-HTTPAPI/2.0"
        ],
        "x-ms-client-request-id": "1e69ddcd-775e-4eb0-b598-a0471708aefa",
        "x-ms-request-id": "914c779d-401e-00b0-198a-194c45000000",
        "x-ms-version": "2024-02-04"
      },
      "ResponseBody": null
    },
    {
      "RequestUri": "https://REDACTED/00db54a40storageaccountaudience7da04440870b62c687b3/00db54a41storageaccountaudience7da37888d927be87f05d?resource=file",
      "RequestMethod": "PUT",
      "RequestHeaders": {
        "Accept": "application/json",
        "Authorization": "Sanitized",
        "Content-Length": "0",
        "Date": "Fri, 17 Nov 2023 19:14:34 GMT",
        "If-None-Match": "*",
        "User-Agent": "azsdk-java-azure-storage-file-datalake/12.19.0-beta.1 (17.0.8; Windows 11; 10.0)",
        "x-ms-client-request-id": "c091e7b7-6fb0-4132-9cef-74860641d675",
        "x-ms-version": "2024-02-04"
      },
      "RequestBody": null,
      "StatusCode": 201,
      "ResponseHeaders": {
        "Content-Length": "0",
        "Date": "Fri, 17 Nov 2023 19:14:33 GMT",
        "ETag": "\u00220x8DBE7A16F3FF31E\u0022",
        "Last-Modified": "Fri, 17 Nov 2023 19:14:34 GMT",
        "Server": [
          "Windows-Azure-HDFS/1.0",
          "Microsoft-HTTPAPI/2.0"
        ],
        "x-ms-client-request-id": "c091e7b7-6fb0-4132-9cef-74860641d675",
        "x-ms-request-id": "5a520644-801f-0080-188a-19f28a000000",
        "x-ms-request-server-encrypted": "true",
        "x-ms-version": "2024-02-04"
      },
      "ResponseBody": null
    },
    {
      "RequestUri": "https://REDACTED/00db54a40storageaccountaudience7da04440870b62c687b3/00db54a41storageaccountaudience7da37888d927be87f05d",
      "RequestMethod": "HEAD",
      "RequestHeaders": {
        "Accept": "application/xml",
        "Authorization": "Sanitized",
        "Content-Length": "0",
        "Date": "Fri, 17 Nov 2023 19:14:34 GMT",
        "User-Agent": "azsdk-java-azure-storage-blob/12.26.0-beta.1 azsdk-java-azure-storage-file-datalake/12.19.0-beta.1 (17.0.8; Windows 11; 10.0)",
        "x-ms-client-request-id": "04ac0086-250e-4cce-8549-d8b3994ac5f0",
        "x-ms-version": "2024-02-04"
      },
      "RequestBody": null,
      "StatusCode": 200,
      "ResponseHeaders": {
        "Accept-Ranges": "bytes",
        "Access-Control-Allow-Origin": "*",
        "Access-Control-Expose-Headers": "x-ms-client-request-id",
        "Content-Length": "0",
        "Content-Type": "application/octet-stream",
        "Date": "Fri, 17 Nov 2023 19:14:34 GMT",
        "ETag": "\u00220x8DBE7A16F3FF31E\u0022",
        "Last-Modified": "Fri, 17 Nov 2023 19:14:34 GMT",
        "Server": [
          "Windows-Azure-Blob/1.0",
          "Microsoft-HTTPAPI/2.0"
        ],
        "x-ms-access-tier": "Hot",
        "x-ms-access-tier-inferred": "true",
        "x-ms-blob-type": "BlockBlob",
        "x-ms-client-request-id": "04ac0086-250e-4cce-8549-d8b3994ac5f0",
        "x-ms-creation-time": "Fri, 17 Nov 2023 19:14:34 GMT",
        "x-ms-group": "$superuser",
        "x-ms-lease-state": "available",
        "x-ms-lease-status": "unlocked",
        "x-ms-owner": "$superuser",
        "x-ms-permissions": "rw-r-----",
        "x-ms-request-id": "3f1e52b5-201e-001f-5d8a-19be88000000",
        "x-ms-resource-type": "file",
        "x-ms-server-encrypted": "true",
        "x-ms-version": "2024-02-04"
      },
      "ResponseBody": null
    }
  ],
  "Variables": {
    "0": "00db54a40storageaccountaudience7da04440870b62c687b3",
    "1": "00db54a41storageaccountaudience7da37888d927be87f05d"
  }
}
