{
  "Entries": [
    {
      "RequestUri": "https://REDACTED/bdb29b5f0asynclistpathsmaxresultsbypagebc810782bb9152fc?restype=container",
      "RequestMethod": "PUT",
      "RequestHeaders": {
        "Accept": "application/xml",
        "Authorization": "Sanitized",
        "Content-Length": "0",
        "Date": "Wed, 26 Jul 2023 18:42:45 GMT",
        "User-Agent": "azsdk-java-azure-storage-blob/12.24.0-beta.1 azsdk-java-azure-storage-file-datalake/12.17.0-beta.1 (17.0.7; Windows 11; 10.0)",
        "x-ms-client-request-id": "8ae61975-0e02-43c3-9563-2a9efdb2fa80",
        "x-ms-version": "2023-01-03"
      },
      "RequestBody": null,
      "StatusCode": 201,
      "ResponseHeaders": {
        "Content-Length": "0",
        "Date": "Wed, 26 Jul 2023 18:42:45 GMT",
        "ETag": "\u00220x8DB8E081A94706A\u0022",
        "Last-Modified": "Wed, 26 Jul 2023 18:42:45 GMT",
        "Server": [
          "Windows-Azure-Blob/1.0",
          "Microsoft-HTTPAPI/2.0"
        ],
        "x-ms-client-request-id": "8ae61975-0e02-43c3-9563-2a9efdb2fa80",
        "x-ms-request-id": "5b7ad096-601e-0038-31f0-bf3542000000",
        "x-ms-version": "2023-01-03"
      },
      "ResponseBody": null
    },
    {
      "RequestUri": "https://REDACTED/bdb29b5f0asynclistpathsmaxresultsbypagebc810782bb9152fc/bdb29b5f1asynclistpathsmaxresultsbypagebc8331831b5583e3?resource=directory",
      "RequestMethod": "PUT",
      "RequestHeaders": {
        "Accept": "application/json",
        "Authorization": "Sanitized",
        "Content-Length": "0",
        "Date": "Wed, 26 Jul 2023 18:42:46 GMT",
        "If-None-Match": "*",
        "User-Agent": "azsdk-java-azure-storage-file-datalake/12.17.0-beta.1 (17.0.7; Windows 11; 10.0)",
        "x-ms-client-request-id": "85b5c449-273a-4c91-940e-b53a365e00fe",
        "x-ms-version": "2023-01-03"
      },
      "RequestBody": null,
      "StatusCode": 201,
      "ResponseHeaders": {
        "Content-Length": "0",
        "Date": "Wed, 26 Jul 2023 18:42:45 GMT",
        "ETag": "\u00220x8DB8E081A9BC30B\u0022",
        "Last-Modified": "Wed, 26 Jul 2023 18:42:46 GMT",
        "Server": [
          "Windows-Azure-HDFS/1.0",
          "Microsoft-HTTPAPI/2.0"
        ],
        "x-ms-client-request-id": "85b5c449-273a-4c91-940e-b53a365e00fe",
        "x-ms-request-id": "a6a6c5a0-e01f-0019-11f0-bf1139000000",
        "x-ms-request-server-encrypted": "true",
        "x-ms-version": "2023-01-03"
      },
      "ResponseBody": null
    },
    {
      "RequestUri": "https://REDACTED/bdb29b5f0asynclistpathsmaxresultsbypagebc810782bb9152fc/bdb29b5f2asynclistpathsmaxresultsbypagebc88572501005f3a?resource=file",
      "RequestMethod": "PUT",
      "RequestHeaders": {
        "Accept": "application/json",
        "Authorization": "Sanitized",
        "Content-Length": "0",
        "Date": "Wed, 26 Jul 2023 18:42:46 GMT",
        "If-None-Match": "*",
        "User-Agent": "azsdk-java-azure-storage-file-datalake/12.17.0-beta.1 (17.0.7; Windows 11; 10.0)",
        "x-ms-client-request-id": "a57d7b3d-c782-419b-9134-cf4cefc26228",
        "x-ms-version": "2023-01-03"
      },
      "RequestBody": null,
      "StatusCode": 201,
      "ResponseHeaders": {
        "Content-Length": "0",
        "Date": "Wed, 26 Jul 2023 18:42:45 GMT",
        "ETag": "\u00220x8DB8E081AA23D40\u0022",
        "Last-Modified": "Wed, 26 Jul 2023 18:42:46 GMT",
        "Server": [
          "Windows-Azure-HDFS/1.0",
          "Microsoft-HTTPAPI/2.0"
        ],
        "x-ms-client-request-id": "a57d7b3d-c782-419b-9134-cf4cefc26228",
        "x-ms-request-id": "6a4b74ca-001f-0001-33f0-bfce5e000000",
        "x-ms-request-server-encrypted": "true",
        "x-ms-version": "2023-01-03"
      },
      "ResponseBody": null
    },
    {
      "RequestUri": "https://REDACTED/bdb29b5f0asynclistpathsmaxresultsbypagebc810782bb9152fc?resource=filesystem\u0026recursive=false\u0026maxResults=1\u0026upn=false",
      "RequestMethod": "GET",
      "RequestHeaders": {
        "Accept": "application/json",
        "Authorization": "Sanitized",
        "Content-Length": "0",
        "Date": "Wed, 26 Jul 2023 18:42:46 GMT",
        "User-Agent": "azsdk-java-azure-storage-file-datalake/12.17.0-beta.1 (17.0.7; Windows 11; 10.0)",
        "x-ms-client-request-id": "5243cd01-9b5b-4dd4-b1c8-a68c698fa9d1",
        "x-ms-version": "2023-01-03"
      },
      "RequestBody": null,
      "StatusCode": 200,
      "ResponseHeaders": {
        "Access-Control-Allow-Origin": "*",
        "Access-Control-Expose-Headers": "x-ms-client-request-id",
        "Content-Type": "application/json; charset=utf-8",
        "Date": "Wed, 26 Jul 2023 18:42:45 GMT",
        "Server": [
          "Windows-Azure-HDFS/1.0",
          "Microsoft-HTTPAPI/2.0"
        ],
        "Transfer-Encoding": "chunked",
        "x-ms-client-request-id": "5243cd01-9b5b-4dd4-b1c8-a68c698fa9d1",
        "x-ms-continuation": "VBbus/KTxPj8mlMYUhg3YmRiMjliNWYyYXN5bmNsaXN0cGF0aHNtYXhyZXN1bHRzYnlwYWdlYmM4ODU3MjUwMTAwNWYzYRbCrYWDn/zf2QMYABbugdqCn/zf2QM4AAAA",
        "x-ms-request-id": "33033ce9-c01f-0031-35f0-bf7091000000",
        "x-ms-version": "2023-01-03"
      },
      "ResponseBody": {
        "paths": [
          {
            "contentLength": "0",
            "creationTime": "133348705660355339",
            "etag": "0x8DB8E081A9BC30B",
            "expiryTime": "0",
            "group": "$superuser",
            "isDirectory": "true",
            "lastModified": "Wed, 26 Jul 2023 18:42:46 GMT",
            "name": "bdb29b5f1asynclistpathsmaxresultsbypagebc8331831b5583e3",
            "owner": "$superuser",
            "permissions": "rwxr-x---"
          }
        ]
      }
    },
    {
      "RequestUri": "https://REDACTED/bdb29b5f0asynclistpathsmaxresultsbypagebc810782bb9152fc?resource=filesystem\u0026continuation=VBbus/KTxPj8mlMYUhg3YmRiMjliNWYyYXN5bmNsaXN0cGF0aHNtYXhyZXN1bHRzYnlwYWdlYmM4ODU3MjUwMTAwNWYzYRbCrYWDn/zf2QMYABbugdqCn/zf2QM4AAAA\u0026recursive=false\u0026maxResults=1\u0026upn=false",
      "RequestMethod": "GET",
      "RequestHeaders": {
        "Accept": "application/json",
        "Authorization": "Sanitized",
        "Content-Length": "0",
        "Date": "Wed, 26 Jul 2023 18:42:46 GMT",
        "User-Agent": "azsdk-java-azure-storage-file-datalake/12.17.0-beta.1 (17.0.7; Windows 11; 10.0)",
        "x-ms-client-request-id": "c79d26cd-ffbf-4caf-a8f1-69b43a3bc98b",
        "x-ms-version": "2023-01-03"
      },
      "RequestBody": null,
      "StatusCode": 200,
      "ResponseHeaders": {
        "Access-Control-Allow-Origin": "*",
        "Access-Control-Expose-Headers": "x-ms-client-request-id",
        "Content-Type": "application/json; charset=utf-8",
        "Date": "Wed, 26 Jul 2023 18:42:45 GMT",
        "Server": [
          "Windows-Azure-HDFS/1.0",
          "Microsoft-HTTPAPI/2.0"
        ],
        "Transfer-Encoding": "chunked",
        "x-ms-client-request-id": "c79d26cd-ffbf-4caf-a8f1-69b43a3bc98b",
        "x-ms-request-id": "51e128e2-501f-0023-14f0-bf0b41000000",
        "x-ms-version": "2023-01-03"
      },
      "ResponseBody": {
        "paths": [
          {
            "contentLength": "0",
            "creationTime": "133348705660779840",
            "etag": "0x8DB8E081AA23D40",
            "expiryTime": "0",
            "group": "$superuser",
            "lastModified": "Wed, 26 Jul 2023 18:42:46 GMT",
            "name": "bdb29b5f2asynclistpathsmaxresultsbypagebc88572501005f3a",
            "owner": "$superuser",
            "permissions": "rw-r-----"
          }
        ]
      }
    }
  ],
  "Variables": {
    "0": "bdb29b5f0asynclistpathsmaxresultsbypagebc810782bb9152fc",
    "1": "bdb29b5f1asynclistpathsmaxresultsbypagebc8331831b5583e3",
    "2": "bdb29b5f2asynclistpathsmaxresultsbypagebc88572501005f3a"
  }
}
