{
  "Entries": [
    {
      "RequestUri": "https://REDACTED/1d5d4aa10setaclacfaild1505515835660f79c3644a88?restype=container",
      "RequestMethod": "PUT",
      "RequestHeaders": {
        "Accept": "application/xml",
        "Authorization": "Sanitized",
        "Content-Length": "0",
        "Date": "Tue, 12 Mar 2024 21:13:54 GMT",
        "User-Agent": "azsdk-java-azure-storage-blob/12.26.0-beta.1 azsdk-java-azure-storage-file-datalake/12.19.0-beta.1 (17.0.8; Windows 11; 10.0)",
        "x-ms-client-request-id": "96e3b8b2-c682-422a-8f03-606553adcf12",
        "x-ms-version": "2024-02-04"
      },
      "RequestBody": null,
      "StatusCode": 201,
      "ResponseHeaders": {
        "Content-Length": "0",
        "Date": "Tue, 12 Mar 2024 21:13:53 GMT",
        "ETag": "\u00220x8DC42D952C0C336\u0022",
        "Last-Modified": "Tue, 12 Mar 2024 21:13:54 GMT",
        "Server": [
          "Windows-Azure-Blob/1.0",
          "Microsoft-HTTPAPI/2.0"
        ],
        "x-ms-client-request-id": "96e3b8b2-c682-422a-8f03-606553adcf12",
        "x-ms-request-id": "af963e0d-901e-00ee-7cc2-74a7a5000000",
        "x-ms-version": "2024-02-04"
      },
      "ResponseBody": null
    },
    {
      "RequestUri": "https://REDACTED/1d5d4aa10setaclacfaild1505515835660f79c3644a88/1d5d4aa11setaclacfaild15078869cd20433f3314de2b?resource=file",
      "RequestMethod": "PUT",
      "RequestHeaders": {
        "Accept": "application/json",
        "Authorization": "Sanitized",
        "Content-Length": "0",
        "Date": "Tue, 12 Mar 2024 21:13:54 GMT",
        "If-None-Match": "*",
        "User-Agent": "azsdk-java-azure-storage-file-datalake/12.19.0-beta.1 (17.0.8; Windows 11; 10.0)",
        "x-ms-client-request-id": "3c63d878-3ca4-4415-8c47-65c15c230003",
        "x-ms-version": "2024-02-04"
      },
      "RequestBody": null,
      "StatusCode": 201,
      "ResponseHeaders": {
        "Content-Length": "0",
        "Date": "Tue, 12 Mar 2024 21:13:53 GMT",
        "ETag": "\u00220x8DC42D952D28252\u0022",
        "Last-Modified": "Tue, 12 Mar 2024 21:13:54 GMT",
        "Server": [
          "Windows-Azure-HDFS/1.0",
          "Microsoft-HTTPAPI/2.0"
        ],
        "x-ms-client-request-id": "3c63d878-3ca4-4415-8c47-65c15c230003",
        "x-ms-request-id": "958a25a8-801f-0090-6fc2-7437e2000000",
        "x-ms-request-server-encrypted": "true",
        "x-ms-version": "2024-02-04"
      },
      "ResponseBody": null
    },
    {
      "RequestUri": "https://REDACTED/1d5d4aa10setaclacfaild1505515835660f79c3644a88/1d5d4aa11setaclacfaild15078869cd20433f3314de2b?comp=lease",
      "RequestMethod": "PUT",
      "RequestHeaders": {
        "Accept": "application/xml",
        "Authorization": "Sanitized",
        "Content-Length": "0",
        "Date": "Tue, 12 Mar 2024 21:13:54 GMT",
        "User-Agent": "azsdk-java-azure-storage-file-datalake/12.19.0-beta.1 (17.0.8; Windows 11; 10.0)",
        "x-ms-client-request-id": "3a3312e2-1637-4ffe-9c8e-63230b78e18d",
        "x-ms-lease-action": "acquire",
        "x-ms-lease-duration": "-1",
        "x-ms-proposed-lease-id": "0611b871-4b62-479b-851d-87b91130f179",
        "x-ms-version": "2024-02-04"
      },
      "RequestBody": null,
      "StatusCode": 201,
      "ResponseHeaders": {
        "Content-Length": "0",
        "Date": "Tue, 12 Mar 2024 21:13:53 GMT",
        "ETag": "\u00220x8DC42D952D28252\u0022",
        "Last-Modified": "Tue, 12 Mar 2024 21:13:54 GMT",
        "Server": [
          "Windows-Azure-Blob/1.0",
          "Microsoft-HTTPAPI/2.0"
        ],
        "x-ms-client-request-id": "3a3312e2-1637-4ffe-9c8e-63230b78e18d",
        "x-ms-lease-id": "0611b871-4b62-479b-851d-87b91130f179",
        "x-ms-request-id": "d2634696-701e-0002-11c2-74b334000000",
        "x-ms-version": "2024-02-04"
      },
      "ResponseBody": null
    },
    {
      "RequestUri": "https://REDACTED/1d5d4aa10setaclacfaild1505515835660f79c3644a88/1d5d4aa11setaclacfaild15078869cd20433f3314de2b?action=setAccessControl",
      "RequestMethod": "PATCH",
      "RequestHeaders": {
        "Accept": "application/json",
        "Authorization": "Sanitized",
        "Content-Length": "0",
        "Date": "Tue, 12 Mar 2024 21:13:54 GMT",
        "User-Agent": "azsdk-java-azure-storage-file-datalake/12.19.0-beta.1 (17.0.8; Windows 11; 10.0)",
        "x-ms-acl": "user::rwx,group::r--,other::---,mask::rwx",
        "x-ms-client-request-id": "aee55ebd-c1c9-423d-a75e-052ed2e9e035",
        "x-ms-lease-id": "05b19aae-24f0-4e97-b0d9-217015fd5e33",
        "x-ms-version": "2024-02-04"
      },
      "RequestBody": null,
      "StatusCode": 412,
      "ResponseHeaders": {
        "Content-Length": "199",
        "Content-Type": "application/json; charset=utf-8",
        "Date": "Tue, 12 Mar 2024 21:13:54 GMT",
        "Server": [
          "Windows-Azure-HDFS/1.0",
          "Microsoft-HTTPAPI/2.0"
        ],
        "x-ms-client-request-id": "aee55ebd-c1c9-423d-a75e-052ed2e9e035",
        "x-ms-error-code": "LeaseIdMismatch",
        "x-ms-request-id": "b294d292-601f-00c5-33c2-742769000000",
        "x-ms-version": "2024-02-04"
      },
      "ResponseBody": {
        "error": {
          "code": "LeaseIdMismatch",
          "message": "The lease ID specified did not match the lease ID for the resource.\nRequestId:b294d292-601f-00c5-33c2-742769000000\nTime:2024-03-12T21:13:54.6660612Z"
        }
      }
    }
  ],
  "Variables": {
    "0": "1d5d4aa10setaclacfaild1505515835660f79c3644a88",
    "1": "1d5d4aa11setaclacfaild15078869cd20433f3314de2b"
  }
}
