{
  "Entries": [
    {
      "RequestUri": "https://REDACTED/da066b8e0buffereduploadillegalargumentsnull61d78920202064?restype=container",
      "RequestMethod": "PUT",
      "RequestHeaders": {
        "Accept": "application/xml",
        "Authorization": "Sanitized",
        "Content-Length": "0",
        "Date": "Wed, 20 Sep 2023 18:19:56 GMT",
        "User-Agent": "azsdk-java-azure-storage-blob/12.25.0-beta.1 azsdk-java-azure-storage-file-datalake/12.18.0-beta.1 (17.0.8; Windows 11; 10.0)",
        "x-ms-client-request-id": "2c7c128e-00ab-49b9-b8f5-ba3d9dc48149",
        "x-ms-version": "2023-08-03"
      },
      "RequestBody": null,
      "StatusCode": 201,
      "ResponseHeaders": {
        "Content-Length": "0",
        "Date": "Wed, 20 Sep 2023 18:19:57 GMT",
        "ETag": "\u00220x8DBBA06324D639E\u0022",
        "Last-Modified": "Wed, 20 Sep 2023 18:19:57 GMT",
        "Server": [
          "Windows-Azure-Blob/1.0",
          "Microsoft-HTTPAPI/2.0"
        ],
        "x-ms-client-request-id": "2c7c128e-00ab-49b9-b8f5-ba3d9dc48149",
        "x-ms-request-id": "4edd12fe-c01e-0028-60ef-eb6c24000000",
        "x-ms-version": "2023-08-03"
      },
      "ResponseBody": null
    },
    {
      "RequestUri": "https://REDACTED/da066b8e0buffereduploadillegalargumentsnull61d78920202064/da066b8e1buffereduploadillegalargumentsnull61d477531af92c?resource=file",
      "RequestMethod": "PUT",
      "RequestHeaders": {
        "Accept": "application/json",
        "Authorization": "Sanitized",
        "Content-Length": "0",
        "Date": "Wed, 20 Sep 2023 18:19:56 GMT",
        "If-None-Match": "*",
        "User-Agent": "azsdk-java-azure-storage-file-datalake/12.18.0-beta.1 (17.0.8; Windows 11; 10.0)",
        "x-ms-client-request-id": "b1f12b69-9f0b-426a-8ff4-dea7a2edd7bf",
        "x-ms-version": "2023-08-03"
      },
      "RequestBody": null,
      "StatusCode": 201,
      "ResponseHeaders": {
        "Content-Length": "0",
        "Date": "Wed, 20 Sep 2023 18:19:57 GMT",
        "ETag": "\u00220x8DBBA0632607F7B\u0022",
        "Last-Modified": "Wed, 20 Sep 2023 18:19:58 GMT",
        "Server": [
          "Windows-Azure-HDFS/1.0",
          "Microsoft-HTTPAPI/2.0"
        ],
        "x-ms-client-request-id": "b1f12b69-9f0b-426a-8ff4-dea7a2edd7bf",
        "x-ms-request-id": "d0cf3fae-a01f-00ca-03ef-eb5105000000",
        "x-ms-request-server-encrypted": "true",
        "x-ms-version": "2023-08-03"
      },
      "ResponseBody": null
    },
    {
      "RequestUri": "https://REDACTED/da066b8e0buffereduploadillegalargumentsnull61d78920202064/da066b8e2buffereduploadillegalargumentsnull61d44860cab29d?resource=file",
      "RequestMethod": "PUT",
      "RequestHeaders": {
        "Accept": "application/json",
        "Authorization": "Sanitized",
        "Content-Length": "0",
        "Date": "Wed, 20 Sep 2023 18:19:56 GMT",
        "If-None-Match": "*",
        "User-Agent": "azsdk-java-azure-storage-file-datalake/12.18.0-beta.1 (17.0.8; Windows 11; 10.0)",
        "x-ms-client-request-id": "cb29e1f4-d940-4801-8860-9105c0aa397e",
        "x-ms-version": "2023-08-03"
      },
      "RequestBody": null,
      "StatusCode": 201,
      "ResponseHeaders": {
        "Content-Length": "0",
        "Date": "Wed, 20 Sep 2023 18:19:58 GMT",
        "ETag": "\u00220x8DBBA06326F6626\u0022",
        "Last-Modified": "Wed, 20 Sep 2023 18:19:58 GMT",
        "Server": [
          "Windows-Azure-HDFS/1.0",
          "Microsoft-HTTPAPI/2.0"
        ],
        "x-ms-client-request-id": "cb29e1f4-d940-4801-8860-9105c0aa397e",
        "x-ms-request-id": "d0cf3fb9-a01f-00ca-0eef-eb5105000000",
        "x-ms-request-server-encrypted": "true",
        "x-ms-version": "2023-08-03"
      },
      "ResponseBody": null
    }
  ],
  "Variables": {
    "0": "da066b8e0buffereduploadillegalargumentsnull61d78920202064",
    "1": "da066b8e1buffereduploadillegalargumentsnull61d477531af92c",
    "2": "da066b8e2buffereduploadillegalargumentsnull61d44860cab29d"
  }
}
