{
  "Entries": [
    {
      "RequestUri": "https://REDACTED/332312280deletediracfail13827793f87d98254f654d9?restype=container",
      "RequestMethod": "PUT",
      "RequestHeaders": {
        "Accept": "application/xml",
        "Authorization": "Sanitized",
        "Content-Length": "0",
        "Date": "Tue, 12 Mar 2024 19:14:42 GMT",
        "User-Agent": "azsdk-java-azure-storage-blob/12.26.0-beta.1 azsdk-java-azure-storage-file-datalake/12.19.0-beta.1 (17.0.8; Windows 11; 10.0)",
        "x-ms-client-request-id": "ac573c68-4091-490f-a9da-084a8d9ab447",
        "x-ms-version": "2024-02-04"
      },
      "RequestBody": null,
      "StatusCode": 201,
      "ResponseHeaders": {
        "Content-Length": "0",
        "Date": "Tue, 12 Mar 2024 19:14:43 GMT",
        "ETag": "\u00220x8DC42C8AC650484\u0022",
        "Last-Modified": "Tue, 12 Mar 2024 19:14:43 GMT",
        "Server": [
          "Windows-Azure-Blob/1.0",
          "Microsoft-HTTPAPI/2.0"
        ],
        "x-ms-client-request-id": "ac573c68-4091-490f-a9da-084a8d9ab447",
        "x-ms-request-id": "3e2d5740-001e-00a1-17b1-74d6f1000000",
        "x-ms-version": "2024-02-04"
      },
      "ResponseBody": null
    },
    {
      "RequestUri": "https://REDACTED/332312280deletediracfail13827793f87d98254f654d9/332312281deletediracfail13878044c54f8db7600a47f?resource=directory",
      "RequestMethod": "PUT",
      "RequestHeaders": {
        "Accept": "application/json",
        "Authorization": "Sanitized",
        "Content-Length": "0",
        "Date": "Tue, 12 Mar 2024 19:14:42 GMT",
        "If-None-Match": "*",
        "User-Agent": "azsdk-java-azure-storage-file-datalake/12.19.0-beta.1 (17.0.8; Windows 11; 10.0)",
        "x-ms-client-request-id": "2a255526-1e89-4d6c-a200-bc0d025d0bb5",
        "x-ms-version": "2024-02-04"
      },
      "RequestBody": null,
      "StatusCode": 201,
      "ResponseHeaders": {
        "Content-Length": "0",
        "Date": "Tue, 12 Mar 2024 19:14:43 GMT",
        "ETag": "\u00220x8DC42C8AC772946\u0022",
        "Last-Modified": "Tue, 12 Mar 2024 19:14:43 GMT",
        "Server": [
          "Windows-Azure-HDFS/1.0",
          "Microsoft-HTTPAPI/2.0"
        ],
        "x-ms-client-request-id": "2a255526-1e89-4d6c-a200-bc0d025d0bb5",
        "x-ms-request-id": "1c10e8f0-a01f-004c-31b1-749dbc000000",
        "x-ms-request-server-encrypted": "true",
        "x-ms-version": "2024-02-04"
      },
      "ResponseBody": null
    },
    {
      "RequestUri": "https://REDACTED/332312280deletediracfail13827793f87d98254f654d9/332312281deletediracfail13878044c54f8db7600a47f?recursive=false",
      "RequestMethod": "DELETE",
      "RequestHeaders": {
        "Accept": "application/json",
        "Authorization": "Sanitized",
        "Content-Length": "0",
        "Date": "Tue, 12 Mar 2024 19:14:42 GMT",
        "If-Unmodified-Since": "Mon, 11 Mar 2024 19:14:34 GMT",
        "User-Agent": "azsdk-java-azure-storage-file-datalake/12.19.0-beta.1 (17.0.8; Windows 11; 10.0)",
        "x-ms-client-request-id": "84bf4073-9374-4735-8730-4868dfa98c7d",
        "x-ms-version": "2024-02-04"
      },
      "RequestBody": null,
      "StatusCode": 412,
      "ResponseHeaders": {
        "Content-Length": "200",
        "Content-Type": "application/json; charset=utf-8",
        "Date": "Tue, 12 Mar 2024 19:14:43 GMT",
        "Server": [
          "Windows-Azure-HDFS/1.0",
          "Microsoft-HTTPAPI/2.0"
        ],
        "x-ms-client-request-id": "84bf4073-9374-4735-8730-4868dfa98c7d",
        "x-ms-error-code": "ConditionNotMet",
        "x-ms-request-id": "1c10e8f6-a01f-004c-37b1-749dbc000000",
        "x-ms-version": "2024-02-04"
      },
      "ResponseBody": {
        "error": {
          "code": "ConditionNotMet",
          "message": "The condition specified using HTTP conditional header(s) is not met.\nRequestId:1c10e8f6-a01f-004c-37b1-749dbc000000\nTime:2024-03-12T19:14:43.5835637Z"
        }
      }
    }
  ],
  "Variables": {
    "0": "332312280deletediracfail13827793f87d98254f654d9",
    "1": "332312281deletediracfail13878044c54f8db7600a47f"
  }
}
