{
  "Entries": [
    {
      "RequestUri": "https://REDACTED/dee721950setmetadataace809608484a62f33eafb4e54?restype=container",
      "RequestMethod": "PUT",
      "RequestHeaders": {
        "Accept": "application/xml",
        "Authorization": "Sanitized",
        "Content-Length": "0",
        "Date": "Mon, 25 Sep 2023 19:29:19 GMT",
        "User-Agent": "azsdk-java-azure-storage-blob/12.25.0-beta.1 azsdk-java-azure-storage-file-datalake/12.18.0-beta.1 (17.0.8; Windows 11; 10.0)",
        "x-ms-client-request-id": "5f3d623c-5003-47f2-bbf5-d61887e496a5",
        "x-ms-version": "2023-08-03"
      },
      "RequestBody": null,
      "StatusCode": 201,
      "ResponseHeaders": {
        "Content-Length": "0",
        "Date": "Mon, 25 Sep 2023 19:29:19 GMT",
        "ETag": "\u00220x8DBBDFDB7050514\u0022",
        "Last-Modified": "Mon, 25 Sep 2023 19:29:19 GMT",
        "Server": [
          "Windows-Azure-Blob/1.0",
          "Microsoft-HTTPAPI/2.0"
        ],
        "x-ms-client-request-id": "5f3d623c-5003-47f2-bbf5-d61887e496a5",
        "x-ms-request-id": "8d4864ae-301e-005e-13e6-efe66c000000",
        "x-ms-version": "2023-08-03"
      },
      "ResponseBody": null
    },
    {
      "RequestUri": "https://REDACTED/dee721950setmetadataace809608484a62f33eafb4e54/dee721951setmetadataace8097007840c92b22b234770?resource=file",
      "RequestMethod": "PUT",
      "RequestHeaders": {
        "Accept": "application/json",
        "Authorization": "Sanitized",
        "Content-Length": "0",
        "Date": "Mon, 25 Sep 2023 19:29:19 GMT",
        "If-None-Match": "*",
        "User-Agent": "azsdk-java-azure-storage-file-datalake/12.18.0-beta.1 (17.0.8; Windows 11; 10.0)",
        "x-ms-client-request-id": "9efc4844-b041-4c3f-b1ac-14f2675dd114",
        "x-ms-version": "2023-08-03"
      },
      "RequestBody": null,
      "StatusCode": 201,
      "ResponseHeaders": {
        "Content-Length": "0",
        "Date": "Mon, 25 Sep 2023 19:29:19 GMT",
        "ETag": "\u00220x8DBBDFDB717148C\u0022",
        "Last-Modified": "Mon, 25 Sep 2023 19:29:19 GMT",
        "Server": [
          "Windows-Azure-HDFS/1.0",
          "Microsoft-HTTPAPI/2.0"
        ],
        "x-ms-client-request-id": "9efc4844-b041-4c3f-b1ac-14f2675dd114",
        "x-ms-request-id": "e9dfc0d1-701f-002d-38e6-efbeff000000",
        "x-ms-request-server-encrypted": "true",
        "x-ms-version": "2023-08-03"
      },
      "ResponseBody": null
    },
    {
      "RequestUri": "https://REDACTED/dee721950setmetadataace809608484a62f33eafb4e54/dee721951setmetadataace8097007840c92b22b234770",
      "RequestMethod": "HEAD",
      "RequestHeaders": {
        "Accept": "application/xml",
        "Authorization": "Sanitized",
        "Content-Length": "0",
        "Date": "Mon, 25 Sep 2023 19:29:19 GMT",
        "User-Agent": "azsdk-java-azure-storage-blob/12.25.0-beta.1 azsdk-java-azure-storage-file-datalake/12.18.0-beta.1 (17.0.8; Windows 11; 10.0)",
        "x-ms-client-request-id": "5abb0a20-13f2-4600-b706-80b77e67d7c5",
        "x-ms-version": "2023-08-03"
      },
      "RequestBody": null,
      "StatusCode": 200,
      "ResponseHeaders": {
        "Accept-Ranges": "bytes",
        "Content-Length": "0",
        "Content-Type": "application/octet-stream",
        "Date": "Mon, 25 Sep 2023 19:29:19 GMT",
        "ETag": "\u00220x8DBBDFDB717148C\u0022",
        "Last-Modified": "Mon, 25 Sep 2023 19:29:19 GMT",
        "Server": [
          "Windows-Azure-Blob/1.0",
          "Microsoft-HTTPAPI/2.0"
        ],
        "x-ms-access-tier": "Hot",
        "x-ms-access-tier-inferred": "true",
        "x-ms-blob-type": "BlockBlob",
        "x-ms-client-request-id": "5abb0a20-13f2-4600-b706-80b77e67d7c5",
        "x-ms-creation-time": "Mon, 25 Sep 2023 19:29:19 GMT",
        "x-ms-group": "$superuser",
        "x-ms-lease-state": "available",
        "x-ms-lease-status": "unlocked",
        "x-ms-owner": "$superuser",
        "x-ms-permissions": "rw-r-----",
        "x-ms-request-id": "16294c64-a01e-004c-33e6-ef9dbc000000",
        "x-ms-resource-type": "file",
        "x-ms-server-encrypted": "true",
        "x-ms-version": "2023-08-03"
      },
      "ResponseBody": null
    },
    {
      "RequestUri": "https://REDACTED/dee721950setmetadataace809608484a62f33eafb4e54/dee721951setmetadataace8097007840c92b22b234770?comp=metadata",
      "RequestMethod": "PUT",
      "RequestHeaders": {
        "Accept": "application/xml",
        "Authorization": "Sanitized",
        "Content-Length": "0",
        "Date": "Mon, 25 Sep 2023 19:29:19 GMT",
        "If-Match": "0x8DBBDFDB717148C",
        "User-Agent": "azsdk-java-azure-storage-blob/12.25.0-beta.1 azsdk-java-azure-storage-file-datalake/12.18.0-beta.1 (17.0.8; Windows 11; 10.0)",
        "x-ms-client-request-id": "839d6c3a-6b57-452b-9d9a-c4311fcb1f4b",
        "x-ms-version": "2023-08-03"
      },
      "RequestBody": null,
      "StatusCode": 200,
      "ResponseHeaders": {
        "Content-Length": "0",
        "Date": "Mon, 25 Sep 2023 19:29:20 GMT",
        "ETag": "\u00220x8DBBDFDB732B54F\u0022",
        "Last-Modified": "Mon, 25 Sep 2023 19:29:20 GMT",
        "Server": [
          "Windows-Azure-Blob/1.0",
          "Microsoft-HTTPAPI/2.0"
        ],
        "x-ms-client-request-id": "839d6c3a-6b57-452b-9d9a-c4311fcb1f4b",
        "x-ms-request-id": "16294c8a-a01e-004c-57e6-ef9dbc000000",
        "x-ms-request-server-encrypted": "true",
        "x-ms-version": "2023-08-03"
      },
      "ResponseBody": null
    }
  ],
  "Variables": {
    "0": "dee721950setmetadataace809608484a62f33eafb4e54",
    "1": "dee721951setmetadataace8097007840c92b22b234770"
  }
}
