{
  "Entries": [
    {
      "RequestUri": "https://REDACTED/6b7fff580readacb6369823abaa4a7692d540a3a14d?restype=container",
      "RequestMethod": "PUT",
      "RequestHeaders": {
        "Accept": "application/xml",
        "Authorization": "Sanitized",
        "Content-Length": "0",
        "Date": "Mon, 18 Sep 2023 22:14:00 GMT",
        "User-Agent": "azsdk-java-azure-storage-blob/12.25.0-beta.1 azsdk-java-azure-storage-file-datalake/12.18.0-beta.1 (17.0.8; Windows 11; 10.0)",
        "x-ms-client-request-id": "f6d2a57c-ef50-4708-9d7e-52f1f994cb58",
        "x-ms-version": "2023-08-03"
      },
      "RequestBody": null,
      "StatusCode": 201,
      "ResponseHeaders": {
        "Content-Length": "0",
        "Date": "Mon, 18 Sep 2023 22:14:02 GMT",
        "ETag": "\u00220x8DBB89491178769\u0022",
        "Last-Modified": "Mon, 18 Sep 2023 22:14:03 GMT",
        "Server": [
          "Windows-Azure-Blob/1.0",
          "Microsoft-HTTPAPI/2.0"
        ],
        "x-ms-client-request-id": "f6d2a57c-ef50-4708-9d7e-52f1f994cb58",
        "x-ms-request-id": "d9371e0b-e01e-0072-067d-ea0ac3000000",
        "x-ms-version": "2023-08-03"
      },
      "ResponseBody": null
    },
    {
      "RequestUri": "https://REDACTED/6b7fff580readacb6369823abaa4a7692d540a3a14d/6b7fff581readacb6330592ecb6ed1fbf9040e5890a?resource=file",
      "RequestMethod": "PUT",
      "RequestHeaders": {
        "Accept": "application/json",
        "Authorization": "Sanitized",
        "Content-Length": "0",
        "Date": "Mon, 18 Sep 2023 22:14:00 GMT",
        "If-None-Match": "*",
        "User-Agent": "azsdk-java-azure-storage-file-datalake/12.18.0-beta.1 (17.0.8; Windows 11; 10.0)",
        "x-ms-client-request-id": "77c54312-fba9-4b61-b0b2-d141bb94b4aa",
        "x-ms-version": "2023-08-03"
      },
      "RequestBody": null,
      "StatusCode": 201,
      "ResponseHeaders": {
        "Content-Length": "0",
        "Date": "Mon, 18 Sep 2023 22:14:03 GMT",
        "ETag": "\u00220x8DBB894913565AD\u0022",
        "Last-Modified": "Mon, 18 Sep 2023 22:14:03 GMT",
        "Server": [
          "Windows-Azure-HDFS/1.0",
          "Microsoft-HTTPAPI/2.0"
        ],
        "x-ms-client-request-id": "77c54312-fba9-4b61-b0b2-d141bb94b4aa",
        "x-ms-request-id": "f3341f91-c01f-0075-137d-ea66a0000000",
        "x-ms-request-server-encrypted": "true",
        "x-ms-version": "2023-08-03"
      },
      "ResponseBody": null
    },
    {
      "RequestUri": "https://REDACTED/6b7fff580readacb6369823abaa4a7692d540a3a14d/6b7fff581readacb6330592ecb6ed1fbf9040e5890a",
      "RequestMethod": "GET",
      "RequestHeaders": {
        "Accept": "application/xml",
        "Authorization": "Sanitized",
        "Content-Length": "0",
        "Date": "Mon, 18 Sep 2023 22:14:00 GMT",
        "If-Unmodified-Since": "Tue, 19 Sep 2023 22:13:46 GMT",
        "User-Agent": "azsdk-java-azure-storage-blob/12.25.0-beta.1 azsdk-java-azure-storage-file-datalake/12.18.0-beta.1 (17.0.8; Windows 11; 10.0)",
        "x-ms-client-request-id": "a56e1966-9dfb-4ae9-ad27-f02caf7f9eb2",
        "x-ms-version": "2023-08-03"
      },
      "RequestBody": null,
      "StatusCode": 200,
      "ResponseHeaders": {
        "Accept-Ranges": "bytes",
        "Content-Length": "0",
        "Content-Type": "application/octet-stream",
        "Date": "Mon, 18 Sep 2023 22:14:03 GMT",
        "ETag": "\u00220x8DBB894913565AD\u0022",
        "Last-Modified": "Mon, 18 Sep 2023 22:14:03 GMT",
        "Server": [
          "Windows-Azure-Blob/1.0",
          "Microsoft-HTTPAPI/2.0"
        ],
        "x-ms-blob-type": "BlockBlob",
        "x-ms-client-request-id": "a56e1966-9dfb-4ae9-ad27-f02caf7f9eb2",
        "x-ms-creation-time": "Mon, 18 Sep 2023 22:14:03 GMT",
        "x-ms-group": "$superuser",
        "x-ms-lease-state": "available",
        "x-ms-lease-status": "unlocked",
        "x-ms-owner": "$superuser",
        "x-ms-permissions": "rw-r-----",
        "x-ms-request-id": "d9371e99-e01e-0072-097d-ea0ac3000000",
        "x-ms-resource-type": "file",
        "x-ms-server-encrypted": "true",
        "x-ms-version": "2023-08-03"
      },
      "ResponseBody": null
    }
  ],
  "Variables": {
    "0": "6b7fff580readacb6369823abaa4a7692d540a3a14d",
    "1": "6b7fff581readacb6330592ecb6ed1fbf9040e5890a"
  }
}
