{
  "Entries": [
    {
      "RequestUri": "https://REDACTED/736c59830getaccesscontrolacee869239633742df6ba94a?restype=container",
      "RequestMethod": "PUT",
      "RequestHeaders": {
        "Accept": "application/xml",
        "Authorization": "Sanitized",
        "Content-Length": "0",
        "Date": "Fri, 15 Sep 2023 19:58:08 GMT",
        "User-Agent": "azsdk-java-azure-storage-blob/12.25.0-beta.1 azsdk-java-azure-storage-file-datalake/12.18.0-beta.1 (17.0.8; Windows 11; 10.0)",
        "x-ms-client-request-id": "27974367-1d02-46ea-85a3-d57be0346a0a",
        "x-ms-version": "2023-08-03"
      },
      "RequestBody": null,
      "StatusCode": 201,
      "ResponseHeaders": {
        "Content-Length": "0",
        "Date": "Fri, 15 Sep 2023 19:58:08 GMT",
        "ETag": "\u00220x8DBB6261595FE40\u0022",
        "Last-Modified": "Fri, 15 Sep 2023 19:58:09 GMT",
        "Server": [
          "Windows-Azure-Blob/1.0",
          "Microsoft-HTTPAPI/2.0"
        ],
        "x-ms-client-request-id": "27974367-1d02-46ea-85a3-d57be0346a0a",
        "x-ms-request-id": "546f10f0-001e-0018-7b0e-e8d2eb000000",
        "x-ms-version": "2023-08-03"
      },
      "ResponseBody": null
    },
    {
      "RequestUri": "https://REDACTED/736c59830getaccesscontrolacee869239633742df6ba94a/736c59831getaccesscontrolacee82125928d789765f5340?resource=file",
      "RequestMethod": "PUT",
      "RequestHeaders": {
        "Accept": "application/json",
        "Authorization": "Sanitized",
        "Content-Length": "0",
        "Date": "Fri, 15 Sep 2023 19:58:09 GMT",
        "If-None-Match": "*",
        "User-Agent": "azsdk-java-azure-storage-file-datalake/12.18.0-beta.1 (17.0.8; Windows 11; 10.0)",
        "x-ms-client-request-id": "c24437b9-f9d5-4d16-aaca-67cd66ddd479",
        "x-ms-version": "2023-08-03"
      },
      "RequestBody": null,
      "StatusCode": 201,
      "ResponseHeaders": {
        "Content-Length": "0",
        "Date": "Fri, 15 Sep 2023 19:58:08 GMT",
        "ETag": "\u00220x8DBB62615A9876C\u0022",
        "Last-Modified": "Fri, 15 Sep 2023 19:58:09 GMT",
        "Server": [
          "Windows-Azure-HDFS/1.0",
          "Microsoft-HTTPAPI/2.0"
        ],
        "x-ms-client-request-id": "c24437b9-f9d5-4d16-aaca-67cd66ddd479",
        "x-ms-request-id": "2334d820-d01f-00b2-6a0e-e8f2fd000000",
        "x-ms-request-server-encrypted": "true",
        "x-ms-version": "2023-08-03"
      },
      "ResponseBody": null
    },
    {
      "RequestUri": "https://REDACTED/736c59830getaccesscontrolacee869239633742df6ba94a/736c59831getaccesscontrolacee82125928d789765f5340?action=getAccessControl\u0026upn=false",
      "RequestMethod": "HEAD",
      "RequestHeaders": {
        "Accept": "application/json",
        "Authorization": "Sanitized",
        "Content-Length": "0",
        "Date": "Fri, 15 Sep 2023 19:58:09 GMT",
        "If-Unmodified-Since": "Sat, 16 Sep 2023 19:58:05 GMT",
        "User-Agent": "azsdk-java-azure-storage-file-datalake/12.18.0-beta.1 (17.0.8; Windows 11; 10.0)",
        "x-ms-client-request-id": "79e3db73-0e44-42e9-a094-41aee0efa309",
        "x-ms-version": "2023-08-03"
      },
      "RequestBody": null,
      "StatusCode": 200,
      "ResponseHeaders": {
        "Date": "Fri, 15 Sep 2023 19:58:08 GMT",
        "ETag": "\u00220x8DBB62615A9876C\u0022",
        "Last-Modified": "Fri, 15 Sep 2023 19:58:09 GMT",
        "Server": [
          "Windows-Azure-HDFS/1.0",
          "Microsoft-HTTPAPI/2.0"
        ],
        "x-ms-acl": "user::rw-,group::r--,other::---",
        "x-ms-client-request-id": "79e3db73-0e44-42e9-a094-41aee0efa309",
        "x-ms-group": "$superuser",
        "x-ms-owner": "$superuser",
        "x-ms-permissions": "rw-r-----",
        "x-ms-request-id": "2334d829-d01f-00b2-730e-e8f2fd000000",
        "x-ms-version": "2023-08-03"
      },
      "ResponseBody": null
    }
  ],
  "Variables": {
    "0": "736c59830getaccesscontrolacee869239633742df6ba94a",
    "1": "736c59831getaccesscontrolacee82125928d789765f5340"
  }
}
