{
  "Entries": [
    {
      "RequestUri": "https://REDACTED/0559f27b0setmetadataacfail20134953a34c438e4f5148?restype=container",
      "RequestMethod": "PUT",
      "RequestHeaders": {
        "Accept": "application/xml",
        "Authorization": "Sanitized",
        "Content-Length": "0",
        "Date": "Mon, 18 Sep 2023 17:23:25 GMT",
        "User-Agent": "azsdk-java-azure-storage-blob/12.25.0-beta.1 azsdk-java-azure-storage-file-datalake/12.18.0-beta.1 (17.0.8; Windows 11; 10.0)",
        "x-ms-client-request-id": "3e7a6512-a520-4a1b-b466-bbdb6a43cd0f",
        "x-ms-version": "2023-08-03"
      },
      "RequestBody": null,
      "StatusCode": 201,
      "ResponseHeaders": {
        "Content-Length": "0",
        "Date": "Mon, 18 Sep 2023 17:23:27 GMT",
        "ETag": "\u00220x8DBB86BF8CA75CE\u0022",
        "Last-Modified": "Mon, 18 Sep 2023 17:23:27 GMT",
        "Server": [
          "Windows-Azure-Blob/1.0",
          "Microsoft-HTTPAPI/2.0"
        ],
        "x-ms-client-request-id": "3e7a6512-a520-4a1b-b466-bbdb6a43cd0f",
        "x-ms-request-id": "29de97bf-e01e-00cb-7854-ea0ed9000000",
        "x-ms-version": "2023-08-03"
      },
      "ResponseBody": null
    },
    {
      "RequestUri": "https://REDACTED/0559f27b0setmetadataacfail20134953a34c438e4f5148/0559f27b1setmetadataacfail20155733ae9acabb3c1649?resource=file",
      "RequestMethod": "PUT",
      "RequestHeaders": {
        "Accept": "application/json",
        "Authorization": "Sanitized",
        "Content-Length": "0",
        "Date": "Mon, 18 Sep 2023 17:23:25 GMT",
        "If-None-Match": "*",
        "User-Agent": "azsdk-java-azure-storage-file-datalake/12.18.0-beta.1 (17.0.8; Windows 11; 10.0)",
        "x-ms-client-request-id": "4b44cec6-96a7-4068-b131-75e63dd91d6a",
        "x-ms-version": "2023-08-03"
      },
      "RequestBody": null,
      "StatusCode": 201,
      "ResponseHeaders": {
        "Content-Length": "0",
        "Date": "Mon, 18 Sep 2023 17:23:27 GMT",
        "ETag": "\u00220x8DBB86BF8DB7057\u0022",
        "Last-Modified": "Mon, 18 Sep 2023 17:23:27 GMT",
        "Server": [
          "Windows-Azure-HDFS/1.0",
          "Microsoft-HTTPAPI/2.0"
        ],
        "x-ms-client-request-id": "4b44cec6-96a7-4068-b131-75e63dd91d6a",
        "x-ms-request-id": "f0bfb759-401f-00d2-2e54-ea8e62000000",
        "x-ms-request-server-encrypted": "true",
        "x-ms-version": "2023-08-03"
      },
      "ResponseBody": null
    },
    {
      "RequestUri": "https://REDACTED/0559f27b0setmetadataacfail20134953a34c438e4f5148/0559f27b1setmetadataacfail20155733ae9acabb3c1649?comp=metadata",
      "RequestMethod": "PUT",
      "RequestHeaders": {
        "Accept": "application/xml",
        "Authorization": "Sanitized",
        "Content-Length": "0",
        "Date": "Mon, 18 Sep 2023 17:23:25 GMT",
        "If-Unmodified-Since": "Sun, 17 Sep 2023 17:22:59 GMT",
        "User-Agent": "azsdk-java-azure-storage-blob/12.25.0-beta.1 azsdk-java-azure-storage-file-datalake/12.18.0-beta.1 (17.0.8; Windows 11; 10.0)",
        "x-ms-client-request-id": "c1bb5e1d-af92-45e9-99ea-9259e0a79c9c",
        "x-ms-version": "2023-08-03"
      },
      "RequestBody": null,
      "StatusCode": 412,
      "ResponseHeaders": {
        "Content-Length": "252",
        "Content-Type": "application/xml",
        "Date": "Mon, 18 Sep 2023 17:23:27 GMT",
        "Server": [
          "Windows-Azure-Blob/1.0",
          "Microsoft-HTTPAPI/2.0"
        ],
        "x-ms-client-request-id": "c1bb5e1d-af92-45e9-99ea-9259e0a79c9c",
        "x-ms-error-code": "ConditionNotMet",
        "x-ms-request-id": "42d2381d-b01e-00b4-4954-eac142000000",
        "x-ms-version": "2023-08-03"
      },
      "ResponseBody": [
        "\uFEFF\u003C?xml version=\u00221.0\u0022 encoding=\u0022utf-8\u0022?\u003E\u003CError\u003E\u003CCode\u003EConditionNotMet\u003C/Code\u003E\u003CMessage\u003EThe condition specified using HTTP conditional header(s) is not met.\n",
        "RequestId:42d2381d-b01e-00b4-4954-eac142000000\n",
        "Time:2023-09-18T17:23:28.0146053Z\u003C/Message\u003E\u003C/Error\u003E"
      ]
    }
  ],
  "Variables": {
    "0": "0559f27b0setmetadataacfail20134953a34c438e4f5148",
    "1": "0559f27b1setmetadataacfail20155733ae9acabb3c1649"
  }
}
