{
  "Entries": [
    {
      "RequestUri": "https://REDACTED/3df1e41c0renamedestacfail5df45007b2cc889fa4d14d5?restype=container",
      "RequestMethod": "PUT",
      "RequestHeaders": {
        "Accept": "application/xml",
        "Authorization": "Sanitized",
        "Content-Length": "0",
        "Date": "Fri, 17 Nov 2023 19:14:18 GMT",
        "User-Agent": "azsdk-java-azure-storage-blob/12.26.0-beta.1 azsdk-java-azure-storage-file-datalake/12.19.0-beta.1 (17.0.8; Windows 11; 10.0)",
        "x-ms-client-request-id": "462ee6eb-774d-44cb-ac0a-b412aa81e2da",
        "x-ms-version": "2024-02-04"
      },
      "RequestBody": null,
      "StatusCode": 201,
      "ResponseHeaders": {
        "Content-Length": "0",
        "Date": "Fri, 17 Nov 2023 19:14:18 GMT",
        "ETag": "\u00220x8DBE7A165B18FE3\u0022",
        "Last-Modified": "Fri, 17 Nov 2023 19:14:18 GMT",
        "Server": [
          "Windows-Azure-Blob/1.0",
          "Microsoft-HTTPAPI/2.0"
        ],
        "x-ms-client-request-id": "462ee6eb-774d-44cb-ac0a-b412aa81e2da",
        "x-ms-request-id": "7e0ff85a-001e-0027-2e8a-191a48000000",
        "x-ms-version": "2024-02-04"
      },
      "ResponseBody": null
    },
    {
      "RequestUri": "https://REDACTED/3df1e41c0renamedestacfail5df45007b2cc889fa4d14d5/3df1e41c1renamedestacfail5df379744d6b8001e5c3450?resource=file",
      "RequestMethod": "PUT",
      "RequestHeaders": {
        "Accept": "application/json",
        "Authorization": "Sanitized",
        "Content-Length": "0",
        "Date": "Fri, 17 Nov 2023 19:14:18 GMT",
        "If-None-Match": "*",
        "User-Agent": "azsdk-java-azure-storage-file-datalake/12.19.0-beta.1 (17.0.8; Windows 11; 10.0)",
        "x-ms-client-request-id": "88ccb315-d9d5-498e-ab7b-6c5ec0f0470d",
        "x-ms-version": "2024-02-04"
      },
      "RequestBody": null,
      "StatusCode": 201,
      "ResponseHeaders": {
        "Content-Length": "0",
        "Date": "Fri, 17 Nov 2023 19:14:17 GMT",
        "ETag": "\u00220x8DBE7A165C47B92\u0022",
        "Last-Modified": "Fri, 17 Nov 2023 19:14:18 GMT",
        "Server": [
          "Windows-Azure-HDFS/1.0",
          "Microsoft-HTTPAPI/2.0"
        ],
        "x-ms-client-request-id": "88ccb315-d9d5-498e-ab7b-6c5ec0f0470d",
        "x-ms-request-id": "71611af0-201f-0030-228a-19b343000000",
        "x-ms-request-server-encrypted": "true",
        "x-ms-version": "2024-02-04"
      },
      "ResponseBody": null
    },
    {
      "RequestUri": "https://REDACTED/3df1e41c0renamedestacfail5df45007b2cc889fa4d14d5/3df1e41c2renamedestacfail5df9249298adb30b06fa4aa?resource=file",
      "RequestMethod": "PUT",
      "RequestHeaders": {
        "Accept": "application/json",
        "Authorization": "Sanitized",
        "Content-Length": "0",
        "Date": "Fri, 17 Nov 2023 19:14:18 GMT",
        "If-None-Match": "*",
        "User-Agent": "azsdk-java-azure-storage-file-datalake/12.19.0-beta.1 (17.0.8; Windows 11; 10.0)",
        "x-ms-client-request-id": "e3f78066-8337-41b6-9e38-8d424eecb42f",
        "x-ms-version": "2024-02-04"
      },
      "RequestBody": null,
      "StatusCode": 201,
      "ResponseHeaders": {
        "Content-Length": "0",
        "Date": "Fri, 17 Nov 2023 19:14:17 GMT",
        "ETag": "\u00220x8DBE7A165D3D136\u0022",
        "Last-Modified": "Fri, 17 Nov 2023 19:14:18 GMT",
        "Server": [
          "Windows-Azure-HDFS/1.0",
          "Microsoft-HTTPAPI/2.0"
        ],
        "x-ms-client-request-id": "e3f78066-8337-41b6-9e38-8d424eecb42f",
        "x-ms-request-id": "71611b07-201f-0030-398a-19b343000000",
        "x-ms-request-server-encrypted": "true",
        "x-ms-version": "2024-02-04"
      },
      "ResponseBody": null
    },
    {
      "RequestUri": "https://REDACTED/3df1e41c0renamedestacfail5df45007b2cc889fa4d14d5/3df1e41c2renamedestacfail5df9249298adb30b06fa4aa?mode=legacy",
      "RequestMethod": "PUT",
      "RequestHeaders": {
        "Accept": "application/json",
        "Authorization": "Sanitized",
        "Content-Length": "0",
        "Date": "Fri, 17 Nov 2023 19:14:18 GMT",
        "If-Match": "garbage",
        "User-Agent": "azsdk-java-azure-storage-file-datalake/12.19.0-beta.1 (17.0.8; Windows 11; 10.0)",
        "x-ms-client-request-id": "fa856b7a-e248-4df0-97a0-f5274c5680d9",
        "x-ms-rename-source": "/3df1e41c0renamedestacfail5df45007b2cc889fa4d14d5/3df1e41c1renamedestacfail5df379744d6b8001e5c3450",
        "x-ms-version": "2024-02-04"
      },
      "RequestBody": null,
      "StatusCode": 412,
      "ResponseHeaders": {
        "Content-Length": "200",
        "Content-Type": "application/json; charset=utf-8",
        "Date": "Fri, 17 Nov 2023 19:14:17 GMT",
        "Server": [
          "Windows-Azure-HDFS/1.0",
          "Microsoft-HTTPAPI/2.0"
        ],
        "x-ms-client-request-id": "fa856b7a-e248-4df0-97a0-f5274c5680d9",
        "x-ms-error-code": "ConditionNotMet",
        "x-ms-request-id": "71611b1f-201f-0030-518a-19b343000000",
        "x-ms-version": "2024-02-04"
      },
      "ResponseBody": {
        "error": {
          "code": "ConditionNotMet",
          "message": "The condition specified using HTTP conditional header(s) is not met.\nRequestId:71611b1f-201f-0030-518a-19b343000000\nTime:2023-11-17T19:14:18.8099221Z"
        }
      }
    }
  ],
  "Variables": {
    "0": "3df1e41c0renamedestacfail5df45007b2cc889fa4d14d5",
    "1": "3df1e41c1renamedestacfail5df379744d6b8001e5c3450",
    "2": "3df1e41c2renamedestacfail5df9249298adb30b06fa4aa"
  }
}
