{
  "Entries": [
    {
      "RequestUri": "https://REDACTED/2a1853c20renamesourceacdc464722bfd46ddd6ff44849?restype=container",
      "RequestMethod": "PUT",
      "RequestHeaders": {
        "Accept": "application/xml",
        "Authorization": "Sanitized",
        "Content-Length": "0",
        "Date": "Thu, 14 Sep 2023 21:39:15 GMT",
        "User-Agent": "azsdk-java-azure-storage-blob/12.25.0-beta.1 azsdk-java-azure-storage-file-datalake/12.18.0-beta.1 (17.0.8; Windows 11; 10.0)",
        "x-ms-client-request-id": "86b0fdaf-27eb-410d-8d59-962a5dde3033",
        "x-ms-version": "2023-08-03"
      },
      "RequestBody": null,
      "StatusCode": 201,
      "ResponseHeaders": {
        "Content-Length": "0",
        "Date": "Thu, 14 Sep 2023 21:39:14 GMT",
        "ETag": "\u00220x8DBB56B0B0C6E1A\u0022",
        "Last-Modified": "Thu, 14 Sep 2023 21:39:15 GMT",
        "Server": [
          "Windows-Azure-Blob/1.0",
          "Microsoft-HTTPAPI/2.0"
        ],
        "x-ms-client-request-id": "86b0fdaf-27eb-410d-8d59-962a5dde3033",
        "x-ms-request-id": "d81a646b-901e-008c-6b53-e76582000000",
        "x-ms-version": "2023-08-03"
      },
      "ResponseBody": null
    },
    {
      "RequestUri": "https://REDACTED/2a1853c20renamesourceacdc464722bfd46ddd6ff44849/2a1853c21renamesourceacdc4332329480192e65d74bc2?resource=file",
      "RequestMethod": "PUT",
      "RequestHeaders": {
        "Accept": "application/json",
        "Authorization": "Sanitized",
        "Content-Length": "0",
        "Date": "Thu, 14 Sep 2023 21:39:15 GMT",
        "If-None-Match": "*",
        "User-Agent": "azsdk-java-azure-storage-file-datalake/12.18.0-beta.1 (17.0.8; Windows 11; 10.0)",
        "x-ms-client-request-id": "f7dade82-0d6e-46af-884e-0d19894e3677",
        "x-ms-version": "2023-08-03"
      },
      "RequestBody": null,
      "StatusCode": 201,
      "ResponseHeaders": {
        "Content-Length": "0",
        "Date": "Thu, 14 Sep 2023 21:39:14 GMT",
        "ETag": "\u00220x8DBB56B0B1C6574\u0022",
        "Last-Modified": "Thu, 14 Sep 2023 21:39:15 GMT",
        "Server": [
          "Windows-Azure-HDFS/1.0",
          "Microsoft-HTTPAPI/2.0"
        ],
        "x-ms-client-request-id": "f7dade82-0d6e-46af-884e-0d19894e3677",
        "x-ms-request-id": "b6376c7d-c01f-004a-5d53-e7ae03000000",
        "x-ms-request-server-encrypted": "true",
        "x-ms-version": "2023-08-03"
      },
      "ResponseBody": null
    },
    {
      "RequestUri": "https://REDACTED/2a1853c20renamesourceacdc464722bfd46ddd6ff44849/2a1853c22renamesourceacdc4627828f77233e861c4618?mode=legacy",
      "RequestMethod": "PUT",
      "RequestHeaders": {
        "Accept": "application/json",
        "Authorization": "Sanitized",
        "Content-Length": "0",
        "Date": "Thu, 14 Sep 2023 21:39:15 GMT",
        "User-Agent": "azsdk-java-azure-storage-file-datalake/12.18.0-beta.1 (17.0.8; Windows 11; 10.0)",
        "x-ms-client-request-id": "3cae01b6-92a4-4a2c-a29c-7e7c1d344c78",
        "x-ms-rename-source": "/2a1853c20renamesourceacdc464722bfd46ddd6ff44849/2a1853c21renamesourceacdc4332329480192e65d74bc2",
        "x-ms-source-if-unmodified-since": "Fri, 15 Sep 2023 21:38:36 GMT",
        "x-ms-version": "2023-08-03"
      },
      "RequestBody": null,
      "StatusCode": 201,
      "ResponseHeaders": {
        "Content-Length": "0",
        "Date": "Thu, 14 Sep 2023 21:39:14 GMT",
        "ETag": "\u00220x8DBB56B0B1C6574\u0022",
        "Last-Modified": "Thu, 14 Sep 2023 21:39:15 GMT",
        "Server": [
          "Windows-Azure-HDFS/1.0",
          "Microsoft-HTTPAPI/2.0"
        ],
        "x-ms-client-request-id": "3cae01b6-92a4-4a2c-a29c-7e7c1d344c78",
        "x-ms-request-id": "b6376c8f-c01f-004a-6f53-e7ae03000000",
        "x-ms-version": "2023-08-03"
      },
      "ResponseBody": null
    }
  ],
  "Variables": {
    "0": "2a1853c20renamesourceacdc464722bfd46ddd6ff44849",
    "1": "2a1853c21renamesourceacdc4332329480192e65d74bc2",
    "2": "2a1853c22renamesourceacdc4627828f77233e861c4618"
  }
}
