{
  "Entries": [
    {
      "RequestUri": "https://REDACTED/477d72ca020208064d0eac05be47929846594c?restype=container",
      "RequestMethod": "PUT",
      "RequestHeaders": {
        "Accept": "application/xml",
        "Authorization": "Sanitized",
        "Content-Length": "0",
        "Date": "Fri, 17 Nov 2023 19:16:43 GMT",
        "User-Agent": "azsdk-java-azure-storage-blob/12.26.0-beta.1 azsdk-java-azure-storage-file-datalake/12.19.0-beta.1 (17.0.8; Windows 11; 10.0)",
        "x-ms-client-request-id": "a77f7156-85ee-4cd9-a0ce-b6a2890a4426",
        "x-ms-version": "2024-02-04"
      },
      "RequestBody": null,
      "StatusCode": 201,
      "ResponseHeaders": {
        "Content-Length": "0",
        "Date": "Fri, 17 Nov 2023 19:16:43 GMT",
        "ETag": "\u00220x8DBE7A1BC02AB0D\u0022",
        "Last-Modified": "Fri, 17 Nov 2023 19:16:43 GMT",
        "Server": [
          "Windows-Azure-Blob/1.0",
          "Microsoft-HTTPAPI/2.0"
        ],
        "x-ms-client-request-id": "a77f7156-85ee-4cd9-a0ce-b6a2890a4426",
        "x-ms-request-id": "183258ff-201e-0042-0d8a-19b40c000000",
        "x-ms-version": "2024-02-04"
      },
      "ResponseBody": null
    },
    {
      "RequestUri": "https://REDACTED/477d72ca1120970bc7f2c821b74008a0e6562d?restype=container",
      "RequestMethod": "PUT",
      "RequestHeaders": {
        "Accept": "application/xml",
        "Authorization": "Sanitized",
        "Content-Length": "0",
        "Date": "Fri, 17 Nov 2023 19:16:43 GMT",
        "User-Agent": "azsdk-java-azure-storage-blob/12.26.0-beta.1 azsdk-java-azure-storage-file-datalake/12.19.0-beta.1 (17.0.8; Windows 11; 10.0)",
        "x-ms-client-request-id": "8bb5f459-39e9-4f1f-92ae-6a94883b5fa1",
        "x-ms-version": "2024-02-04"
      },
      "RequestBody": null,
      "StatusCode": 201,
      "ResponseHeaders": {
        "Content-Length": "0",
        "Date": "Fri, 17 Nov 2023 19:16:43 GMT",
        "ETag": "\u00220x8DBE7A1BC120322\u0022",
        "Last-Modified": "Fri, 17 Nov 2023 19:16:43 GMT",
        "Server": [
          "Windows-Azure-Blob/1.0",
          "Microsoft-HTTPAPI/2.0"
        ],
        "x-ms-client-request-id": "8bb5f459-39e9-4f1f-92ae-6a94883b5fa1",
        "x-ms-request-id": "18325944-201e-0042-4b8a-19b40c000000",
        "x-ms-version": "2024-02-04"
      },
      "ResponseBody": null
    },
    {
      "RequestUri": "https://REDACTED/477d72ca1120970bc7f2c821b74008a0e6562d?restype=container",
      "RequestMethod": "PUT",
      "RequestHeaders": {
        "Accept": "application/xml",
        "Authorization": "Sanitized",
        "Content-Length": "0",
        "Date": "Fri, 17 Nov 2023 19:16:43 GMT",
        "User-Agent": "azsdk-java-azure-storage-blob/12.26.0-beta.1 azsdk-java-azure-storage-file-datalake/12.19.0-beta.1 (17.0.8; Windows 11; 10.0)",
        "x-ms-client-request-id": "7d0891eb-5fd0-4961-bb70-0a5161ac2932",
        "x-ms-version": "2024-02-04"
      },
      "RequestBody": null,
      "StatusCode": 409,
      "ResponseHeaders": {
        "Content-Length": "230",
        "Content-Type": "application/xml",
        "Date": "Fri, 17 Nov 2023 19:16:42 GMT",
        "Server": [
          "Windows-Azure-Blob/1.0",
          "Microsoft-HTTPAPI/2.0"
        ],
        "x-ms-client-request-id": "7d0891eb-5fd0-4961-bb70-0a5161ac2932",
        "x-ms-error-code": "ContainerAlreadyExists",
        "x-ms-request-id": "c36fec93-d01e-0104-118a-197e86000000",
        "x-ms-version": "2024-02-04"
      },
      "ResponseBody": [
        "\uFEFF\u003C?xml version=\u00221.0\u0022 encoding=\u0022utf-8\u0022?\u003E\u003CError\u003E\u003CCode\u003EContainerAlreadyExists\u003C/Code\u003E\u003CMessage\u003EThe specified container already exists.\n",
        "RequestId:c36fec93-d01e-0104-118a-197e86000000\n",
        "Time:2023-11-17T19:16:43.5778152Z\u003C/Message\u003E\u003C/Error\u003E"
      ]
    }
  ],
  "Variables": {
    "0": "477d72ca020208064d0eac05be47929846594c",
    "1": "477d72ca1120970bc7f2c821b74008a0e6562d"
  }
}
