{
  "Entries": [
    {
      "RequestUri": "https://REDACTED/d1b1c098036339a984701886e449ba8205cae2?restype=container",
      "RequestMethod": "PUT",
      "RequestHeaders": {
        "Accept": "application/xml",
        "Authorization": "Sanitized",
        "Content-Length": "0",
        "Date": "Wed, 26 Jul 2023 18:42:57 GMT",
        "User-Agent": "azsdk-java-azure-storage-blob/12.24.0-beta.1 azsdk-java-azure-storage-file-datalake/12.17.0-beta.1 (17.0.7; Windows 11; 10.0)",
        "x-ms-client-request-id": "cb7bc0d5-b70c-4019-b7fd-ef27f8c39c6f",
        "x-ms-version": "2023-01-03"
      },
      "RequestBody": null,
      "StatusCode": 201,
      "ResponseHeaders": {
        "Content-Length": "0",
        "Date": "Wed, 26 Jul 2023 18:42:56 GMT",
        "ETag": "\u00220x8DB8E08213175C8\u0022",
        "Last-Modified": "Wed, 26 Jul 2023 18:42:57 GMT",
        "Server": [
          "Windows-Azure-Blob/1.0",
          "Microsoft-HTTPAPI/2.0"
        ],
        "x-ms-client-request-id": "cb7bc0d5-b70c-4019-b7fd-ef27f8c39c6f",
        "x-ms-request-id": "9c0b8ce9-001e-0063-6af0-bf0c79000000",
        "x-ms-version": "2023-01-03"
      },
      "ResponseBody": null
    },
    {
      "RequestUri": "https://REDACTED/d1b1c098036339a984701886e449ba8205cae2/d1b1c098137135ca3a307708044f669a9fe2fd?resource=file",
      "RequestMethod": "PUT",
      "RequestHeaders": {
        "Accept": "application/json",
        "Authorization": "Sanitized",
        "Content-Length": "0",
        "Date": "Wed, 26 Jul 2023 18:42:57 GMT",
        "If-None-Match": "*",
        "User-Agent": "azsdk-java-azure-storage-file-datalake/12.17.0-beta.1 (17.0.7; Windows 11; 10.0)",
        "x-ms-client-request-id": "0bb958ed-8d3d-4284-ae84-8f88318089c0",
        "x-ms-version": "2023-01-03"
      },
      "RequestBody": null,
      "StatusCode": 201,
      "ResponseHeaders": {
        "Content-Length": "0",
        "Date": "Wed, 26 Jul 2023 18:42:56 GMT",
        "ETag": "\u00220x8DB8E08213A5FAE\u0022",
        "Last-Modified": "Wed, 26 Jul 2023 18:42:57 GMT",
        "Server": [
          "Windows-Azure-HDFS/1.0",
          "Microsoft-HTTPAPI/2.0"
        ],
        "x-ms-client-request-id": "0bb958ed-8d3d-4284-ae84-8f88318089c0",
        "x-ms-request-id": "a6a6d106-e01f-0019-54f0-bf1139000000",
        "x-ms-request-server-encrypted": "true",
        "x-ms-version": "2023-01-03"
      },
      "ResponseBody": null
    },
    {
      "RequestUri": "https://REDACTED/d1b1c098036339a984701886e449ba8205cae2/d1b1c09822859510b63565795a49c1b6067a3b?resource=file",
      "RequestMethod": "PUT",
      "RequestHeaders": {
        "Accept": "application/json",
        "Authorization": "Sanitized",
        "Content-Length": "0",
        "Date": "Wed, 26 Jul 2023 18:42:57 GMT",
        "If-None-Match": "*",
        "User-Agent": "azsdk-java-azure-storage-file-datalake/12.17.0-beta.1 (17.0.7; Windows 11; 10.0)",
        "x-ms-client-request-id": "b62fe899-31d9-4272-88e0-c6fa1a233691",
        "x-ms-expiry-option": "RelativeToNow",
        "x-ms-expiry-time": "518400000",
        "x-ms-version": "2023-01-03"
      },
      "RequestBody": null,
      "StatusCode": 201,
      "ResponseHeaders": {
        "Content-Length": "0",
        "Date": "Wed, 26 Jul 2023 18:42:56 GMT",
        "ETag": "\u00220x8DB8E08213FD512\u0022",
        "Last-Modified": "Wed, 26 Jul 2023 18:42:57 GMT",
        "Server": [
          "Windows-Azure-HDFS/1.0",
          "Microsoft-HTTPAPI/2.0"
        ],
        "x-ms-client-request-id": "b62fe899-31d9-4272-88e0-c6fa1a233691",
        "x-ms-request-id": "a6a6d119-e01f-0019-67f0-bf1139000000",
        "x-ms-request-server-encrypted": "true",
        "x-ms-version": "2023-01-03"
      },
      "ResponseBody": null
    },
    {
      "RequestUri": "https://REDACTED/d1b1c098036339a984701886e449ba8205cae2/d1b1c09822859510b63565795a49c1b6067a3b",
      "RequestMethod": "HEAD",
      "RequestHeaders": {
        "Accept": "application/xml",
        "Authorization": "Sanitized",
        "Content-Length": "0",
        "Date": "Wed, 26 Jul 2023 18:42:57 GMT",
        "User-Agent": "azsdk-java-azure-storage-blob/12.24.0-beta.1 azsdk-java-azure-storage-file-datalake/12.17.0-beta.1 (17.0.7; Windows 11; 10.0)",
        "x-ms-client-request-id": "3fffcb8f-d78f-48fb-a825-359244df5c18",
        "x-ms-version": "2023-01-03"
      },
      "RequestBody": null,
      "StatusCode": 200,
      "ResponseHeaders": {
        "Accept-Ranges": "bytes",
        "Access-Control-Allow-Origin": "*",
        "Access-Control-Expose-Headers": "x-ms-client-request-id",
        "Content-Length": "0",
        "Content-Type": "application/octet-stream",
        "Date": "Wed, 26 Jul 2023 18:42:56 GMT",
        "ETag": "\u00220x8DB8E08213FD512\u0022",
        "Last-Modified": "Wed, 26 Jul 2023 18:42:57 GMT",
        "Server": [
          "Windows-Azure-Blob/1.0",
          "Microsoft-HTTPAPI/2.0"
        ],
        "x-ms-access-tier": "Hot",
        "x-ms-access-tier-inferred": "true",
        "x-ms-blob-type": "BlockBlob",
        "x-ms-client-request-id": "3fffcb8f-d78f-48fb-a825-359244df5c18",
        "x-ms-creation-time": "Wed, 26 Jul 2023 18:42:57 GMT",
        "x-ms-expiry-time": "Tue, 01 Aug 2023 18:42:57 GMT",
        "x-ms-group": "$superuser",
        "x-ms-lease-state": "available",
        "x-ms-lease-status": "unlocked",
        "x-ms-owner": "$superuser",
        "x-ms-permissions": "rw-r-----",
        "x-ms-request-id": "b324f299-801e-007d-20f0-bfe0a1000000",
        "x-ms-resource-type": "file",
        "x-ms-server-encrypted": "true",
        "x-ms-version": "2023-01-03"
      },
      "ResponseBody": null
    }
  ],
  "Variables": {
    "0": "d1b1c098036339a984701886e449ba8205cae2",
    "1": "d1b1c098137135ca3a307708044f669a9fe2fd",
    "2": "d1b1c09822859510b63565795a49c1b6067a3b"
  }
}
