{
  "Entries": [
    {
      "RequestUri": "https://REDACTED/8fc770fa0renamefilesystemwithresponsec087728750e831c1e?restype=container",
      "RequestMethod": "PUT",
      "RequestHeaders": {
        "Accept": "application/xml",
        "Authorization": "Sanitized",
        "Content-Length": "0",
        "Date": "Mon, 18 Sep 2023 22:13:59 GMT",
        "User-Agent": "azsdk-java-azure-storage-blob/12.25.0-beta.1 azsdk-java-azure-storage-file-datalake/12.18.0-beta.1 (17.0.8; Windows 11; 10.0)",
        "x-ms-client-request-id": "b6809117-b64c-47e7-b1b9-2db50e5a2d48",
        "x-ms-version": "2023-08-03"
      },
      "RequestBody": null,
      "StatusCode": 201,
      "ResponseHeaders": {
        "Content-Length": "0",
        "Date": "Mon, 18 Sep 2023 22:14:01 GMT",
        "ETag": "\u00220x8DBB89490B2C29B\u0022",
        "Last-Modified": "Mon, 18 Sep 2023 22:14:02 GMT",
        "Server": [
          "Windows-Azure-Blob/1.0",
          "Microsoft-HTTPAPI/2.0"
        ],
        "x-ms-client-request-id": "b6809117-b64c-47e7-b1b9-2db50e5a2d48",
        "x-ms-request-id": "d22b0dbb-301e-0095-1a7d-eae539000000",
        "x-ms-version": "2023-08-03"
      },
      "ResponseBody": null
    },
    {
      "RequestUri": "https://REDACTED/8fc770fa0renamefilesystemwithresponsec087728750e831c1e/8fc770fa1renamefilesystemwithresponsec08955304a56583d4?resource=file",
      "RequestMethod": "PUT",
      "RequestHeaders": {
        "Accept": "application/json",
        "Authorization": "Sanitized",
        "Content-Length": "0",
        "Date": "Mon, 18 Sep 2023 22:13:59 GMT",
        "If-None-Match": "*",
        "User-Agent": "azsdk-java-azure-storage-file-datalake/12.18.0-beta.1 (17.0.8; Windows 11; 10.0)",
        "x-ms-client-request-id": "fb51944f-c1ff-4afc-b52c-76aec596f183",
        "x-ms-version": "2023-08-03"
      },
      "RequestBody": null,
      "StatusCode": 201,
      "ResponseHeaders": {
        "Content-Length": "0",
        "Date": "Mon, 18 Sep 2023 22:14:01 GMT",
        "ETag": "\u00220x8DBB89490C36F6B\u0022",
        "Last-Modified": "Mon, 18 Sep 2023 22:14:02 GMT",
        "Server": [
          "Windows-Azure-HDFS/1.0",
          "Microsoft-HTTPAPI/2.0"
        ],
        "x-ms-client-request-id": "fb51944f-c1ff-4afc-b52c-76aec596f183",
        "x-ms-request-id": "61328c34-701f-004f-227d-ea7cd8000000",
        "x-ms-request-server-encrypted": "true",
        "x-ms-version": "2023-08-03"
      },
      "ResponseBody": null
    },
    {
      "RequestUri": "https://REDACTED/8fc770fa2renamefilesystemwithresponsec0831831a04697d78?restype=container",
      "RequestMethod": "PUT",
      "RequestHeaders": {
        "Accept": "application/xml",
        "Authorization": "Sanitized",
        "Content-Length": "0",
        "Date": "Mon, 18 Sep 2023 22:13:59 GMT",
        "User-Agent": "azsdk-java-azure-storage-blob/12.25.0-beta.1 azsdk-java-azure-storage-file-datalake/12.18.0-beta.1 (17.0.8; Windows 11; 10.0)",
        "x-ms-client-request-id": "49e0e8e6-20c4-4099-9742-6e2e1739084b",
        "x-ms-version": "2023-08-03"
      },
      "RequestBody": null,
      "StatusCode": 201,
      "ResponseHeaders": {
        "Content-Length": "0",
        "Date": "Mon, 18 Sep 2023 22:14:02 GMT",
        "ETag": "\u00220x8DBB89490D176BD\u0022",
        "Last-Modified": "Mon, 18 Sep 2023 22:14:02 GMT",
        "Server": [
          "Windows-Azure-Blob/1.0",
          "Microsoft-HTTPAPI/2.0"
        ],
        "x-ms-client-request-id": "49e0e8e6-20c4-4099-9742-6e2e1739084b",
        "x-ms-request-id": "8f53c631-f01e-0113-7b7d-ead78d000000",
        "x-ms-version": "2023-08-03"
      },
      "ResponseBody": null
    },
    {
      "RequestUri": "https://REDACTED/8fc770fa2renamefilesystemwithresponsec0831831a04697d78/8fc770fa3renamefilesystemwithresponsec08392274a7cfb6ea?mode=legacy",
      "RequestMethod": "PUT",
      "RequestHeaders": {
        "Accept": "application/json",
        "Authorization": "Sanitized",
        "Content-Length": "0",
        "Date": "Mon, 18 Sep 2023 22:14:00 GMT",
        "User-Agent": "azsdk-java-azure-storage-file-datalake/12.18.0-beta.1 (17.0.8; Windows 11; 10.0)",
        "x-ms-client-request-id": "76aa8224-c1e3-4c80-9b5e-f592c778acc2",
        "x-ms-rename-source": "/8fc770fa0renamefilesystemwithresponsec087728750e831c1e/8fc770fa1renamefilesystemwithresponsec08955304a56583d4",
        "x-ms-version": "2023-08-03"
      },
      "RequestBody": null,
      "StatusCode": 201,
      "ResponseHeaders": {
        "Content-Length": "0",
        "Date": "Mon, 18 Sep 2023 22:14:02 GMT",
        "ETag": "\u00220x8DBB89490C36F6B\u0022",
        "Last-Modified": "Mon, 18 Sep 2023 22:14:02 GMT",
        "Server": [
          "Windows-Azure-HDFS/1.0",
          "Microsoft-HTTPAPI/2.0"
        ],
        "x-ms-client-request-id": "76aa8224-c1e3-4c80-9b5e-f592c778acc2",
        "x-ms-request-id": "e2751d5c-e01f-0072-587d-ea0ac3000000",
        "x-ms-version": "2023-08-03"
      },
      "ResponseBody": null
    },
    {
      "RequestUri": "https://REDACTED/8fc770fa2renamefilesystemwithresponsec0831831a04697d78/8fc770fa3renamefilesystemwithresponsec08392274a7cfb6ea",
      "RequestMethod": "HEAD",
      "RequestHeaders": {
        "Accept": "application/xml",
        "Authorization": "Sanitized",
        "Content-Length": "0",
        "Date": "Mon, 18 Sep 2023 22:14:00 GMT",
        "User-Agent": "azsdk-java-azure-storage-file-datalake/12.18.0-beta.1 (17.0.8; Windows 11; 10.0)",
        "x-ms-client-request-id": "00ada0ed-57d2-4e5d-9c8c-5d2e94a761b8",
        "x-ms-version": "2023-08-03"
      },
      "RequestBody": null,
      "StatusCode": 200,
      "ResponseHeaders": {
        "Accept-Ranges": "bytes",
        "Content-Length": "0",
        "Content-Type": "application/octet-stream",
        "Date": "Mon, 18 Sep 2023 22:14:02 GMT",
        "ETag": "\u00220x8DBB89490C36F6B\u0022",
        "Last-Modified": "Mon, 18 Sep 2023 22:14:02 GMT",
        "Server": [
          "Windows-Azure-Blob/1.0",
          "Microsoft-HTTPAPI/2.0"
        ],
        "x-ms-access-tier": "Hot",
        "x-ms-access-tier-inferred": "true",
        "x-ms-blob-type": "BlockBlob",
        "x-ms-client-request-id": "00ada0ed-57d2-4e5d-9c8c-5d2e94a761b8",
        "x-ms-creation-time": "Mon, 18 Sep 2023 22:14:02 GMT",
        "x-ms-group": "$superuser",
        "x-ms-lease-state": "available",
        "x-ms-lease-status": "unlocked",
        "x-ms-owner": "$superuser",
        "x-ms-permissions": "rw-r-----",
        "x-ms-request-id": "d9371da4-e01e-0072-247d-ea0ac3000000",
        "x-ms-resource-type": "file",
        "x-ms-server-encrypted": "true",
        "x-ms-version": "2023-08-03"
      },
      "ResponseBody": null
    },
    {
      "RequestUri": "https://REDACTED/8fc770fa0renamefilesystemwithresponsec087728750e831c1e/8fc770fa1renamefilesystemwithresponsec08955304a56583d4",
      "RequestMethod": "HEAD",
      "RequestHeaders": {
        "Accept": "application/xml",
        "Authorization": "Sanitized",
        "Content-Length": "0",
        "Date": "Mon, 18 Sep 2023 22:14:00 GMT",
        "User-Agent": "azsdk-java-azure-storage-blob/12.25.0-beta.1 azsdk-java-azure-storage-file-datalake/12.18.0-beta.1 (17.0.8; Windows 11; 10.0)",
        "x-ms-client-request-id": "fb64f443-258e-490a-88fe-490ff54481a8",
        "x-ms-version": "2023-08-03"
      },
      "RequestBody": null,
      "StatusCode": 404,
      "ResponseHeaders": {
        "Date": "Mon, 18 Sep 2023 22:14:02 GMT",
        "Server": [
          "Windows-Azure-Blob/1.0",
          "Microsoft-HTTPAPI/2.0"
        ],
        "Transfer-Encoding": "chunked",
        "x-ms-client-request-id": "fb64f443-258e-490a-88fe-490ff54481a8",
        "x-ms-error-code": "BlobNotFound",
        "x-ms-request-id": "d9371dcb-e01e-0072-497d-ea0ac3000000",
        "x-ms-version": "2023-08-03"
      },
      "ResponseBody": null
    }
  ],
  "Variables": {
    "0": "8fc770fa0renamefilesystemwithresponsec087728750e831c1e",
    "1": "8fc770fa1renamefilesystemwithresponsec08955304a56583d4",
    "2": "8fc770fa2renamefilesystemwithresponsec0831831a04697d78",
    "3": "8fc770fa3renamefilesystemwithresponsec08392274a7cfb6ea"
  }
}
