{
  "Entries": [
    {
      "RequestUri": "https://REDACTED/8b862c440appenddataemptybodya39745826dd250d81aa84?restype=container",
      "RequestMethod": "PUT",
      "RequestHeaders": {
        "Accept": "application/xml",
        "Authorization": "Sanitized",
        "Content-Length": "0",
        "Date": "Wed, 26 Jul 2023 19:31:47 GMT",
        "User-Agent": "azsdk-java-azure-storage-blob/12.24.0-beta.1 azsdk-java-azure-storage-file-datalake/12.17.0-beta.1 (17.0.7; Windows 11; 10.0)",
        "x-ms-client-request-id": "d3d47f48-27c5-493e-b7cb-6474b260157e",
        "x-ms-version": "2023-01-03"
      },
      "RequestBody": null,
      "StatusCode": 201,
      "ResponseHeaders": {
        "Content-Length": "0",
        "Date": "Wed, 26 Jul 2023 19:31:46 GMT",
        "ETag": "\u00220x8DB8E0EF39E6F42\u0022",
        "Last-Modified": "Wed, 26 Jul 2023 19:31:47 GMT",
        "Server": [
          "Windows-Azure-Blob/1.0",
          "Microsoft-HTTPAPI/2.0"
        ],
        "x-ms-client-request-id": "d3d47f48-27c5-493e-b7cb-6474b260157e",
        "x-ms-request-id": "b34bccfd-801e-007d-0bf7-bfe0a1000000",
        "x-ms-version": "2023-01-03"
      },
      "ResponseBody": null
    },
    {
      "RequestUri": "https://REDACTED/8b862c440appenddataemptybodya39745826dd250d81aa84/8b862c441appenddataemptybodya39029523364408c3fe74?resource=file",
      "RequestMethod": "PUT",
      "RequestHeaders": {
        "Accept": "application/json",
        "Authorization": "Sanitized",
        "Content-Length": "0",
        "Date": "Wed, 26 Jul 2023 19:31:47 GMT",
        "If-None-Match": "*",
        "User-Agent": "azsdk-java-azure-storage-file-datalake/12.17.0-beta.1 (17.0.7; Windows 11; 10.0)",
        "x-ms-client-request-id": "0348819e-f492-4f3d-aa7d-99f050ce7c48",
        "x-ms-version": "2023-01-03"
      },
      "RequestBody": null,
      "StatusCode": 201,
      "ResponseHeaders": {
        "Content-Length": "0",
        "Date": "Wed, 26 Jul 2023 19:31:46 GMT",
        "ETag": "\u00220x8DB8E0EF3A7DC12\u0022",
        "Last-Modified": "Wed, 26 Jul 2023 19:31:47 GMT",
        "Server": [
          "Windows-Azure-HDFS/1.0",
          "Microsoft-HTTPAPI/2.0"
        ],
        "x-ms-client-request-id": "0348819e-f492-4f3d-aa7d-99f050ce7c48",
        "x-ms-request-id": "25728e4c-b01f-0049-05f7-bfd369000000",
        "x-ms-request-server-encrypted": "true",
        "x-ms-version": "2023-01-03"
      },
      "ResponseBody": null
    },
    {
      "RequestUri": "https://REDACTED/8b862c440appenddataemptybodya39745826dd250d81aa84/8b862c442appenddataemptybodya39641076ed84259c4e34?resource=file",
      "RequestMethod": "PUT",
      "RequestHeaders": {
        "Accept": "application/json",
        "Authorization": "Sanitized",
        "Content-Length": "0",
        "Date": "Wed, 26 Jul 2023 19:31:47 GMT",
        "If-None-Match": "*",
        "User-Agent": "azsdk-java-azure-storage-file-datalake/12.17.0-beta.1 (17.0.7; Windows 11; 10.0)",
        "x-ms-client-request-id": "a076477c-348d-426c-ba61-48828b15aa80",
        "x-ms-version": "2023-01-03"
      },
      "RequestBody": null,
      "StatusCode": 201,
      "ResponseHeaders": {
        "Content-Length": "0",
        "Date": "Wed, 26 Jul 2023 19:31:46 GMT",
        "ETag": "\u00220x8DB8E0EF3ADDEA7\u0022",
        "Last-Modified": "Wed, 26 Jul 2023 19:31:47 GMT",
        "Server": [
          "Windows-Azure-HDFS/1.0",
          "Microsoft-HTTPAPI/2.0"
        ],
        "x-ms-client-request-id": "a076477c-348d-426c-ba61-48828b15aa80",
        "x-ms-request-id": "c5d575d1-801f-006d-4cf7-bf25c9000000",
        "x-ms-request-server-encrypted": "true",
        "x-ms-version": "2023-01-03"
      },
      "ResponseBody": null
    },
    {
      "RequestUri": "https://REDACTED/8b862c440appenddataemptybodya39745826dd250d81aa84/8b862c442appenddataemptybodya39641076ed84259c4e34?action=append\u0026position=0",
      "RequestMethod": "PATCH",
      "RequestHeaders": {
        "Accept": "application/json",
        "Authorization": "Sanitized",
        "Content-Length": "0",
        "Content-Type": "application/octet-stream",
        "Date": "Wed, 26 Jul 2023 19:31:47 GMT",
        "User-Agent": "azsdk-java-azure-storage-file-datalake/12.17.0-beta.1 (17.0.7; Windows 11; 10.0)",
        "x-ms-client-request-id": "51f01489-2e47-40f4-8b3b-7e73b274ff4b",
        "x-ms-version": "2023-01-03"
      },
      "RequestBody": null,
      "StatusCode": 400,
      "ResponseHeaders": {
        "Content-Length": "262",
        "Content-Type": "application/json; charset=utf-8",
        "Date": "Wed, 26 Jul 2023 19:31:47 GMT",
        "Server": [
          "Windows-Azure-HDFS/1.0",
          "Microsoft-HTTPAPI/2.0"
        ],
        "x-ms-client-request-id": "51f01489-2e47-40f4-8b3b-7e73b274ff4b",
        "x-ms-error-code": "InvalidHeaderValue",
        "x-ms-request-id": "046e9e76-401f-002f-60f7-bf9c49000000",
        "x-ms-version": "2023-01-03"
      },
      "ResponseBody": {
        "error": {
          "code": "InvalidHeaderValue",
          "message": "The value for one of the HTTP headers is not in the correct format.\nRequestId:046e9e76-401f-002f-60f7-bf9c49000000\nTime:2023-07-26T19:31:47.2461081Z",
          "detail": {
            "HeaderName": "Content-Length",
            "HeaderValue": "0"
          }
        }
      }
    }
  ],
  "Variables": {
    "0": "8b862c440appenddataemptybodya39745826dd250d81aa84",
    "1": "8b862c441appenddataemptybodya39029523364408c3fe74",
    "2": "8b862c442appenddataemptybodya39641076ed84259c4e34"
  }
}
