{
  "Entries": [
    {
      "RequestUri": "https://REDACTED/1e6aa7180listpathscreationtimeparsefb490789b6bcc51a1d?restype=container",
      "RequestMethod": "PUT",
      "RequestHeaders": {
        "Accept": "application/xml",
        "Authorization": "Sanitized",
        "Content-Length": "0",
        "Date": "Tue, 12 Mar 2024 19:15:01 GMT",
        "User-Agent": "azsdk-java-azure-storage-blob/12.26.0-beta.1 azsdk-java-azure-storage-file-datalake/12.19.0-beta.1 (17.0.8; Windows 11; 10.0)",
        "x-ms-client-request-id": "095bdd0c-e974-457d-8d5a-3877acb6e359",
        "x-ms-version": "2024-02-04"
      },
      "RequestBody": null,
      "StatusCode": 201,
      "ResponseHeaders": {
        "Content-Length": "0",
        "Date": "Tue, 12 Mar 2024 19:15:01 GMT",
        "ETag": "\u00220x8DC42C8B7A716BE\u0022",
        "Last-Modified": "Tue, 12 Mar 2024 19:15:02 GMT",
        "Server": [
          "Windows-Azure-Blob/1.0",
          "Microsoft-HTTPAPI/2.0"
        ],
        "x-ms-client-request-id": "095bdd0c-e974-457d-8d5a-3877acb6e359",
        "x-ms-request-id": "c24e1e4a-f01e-001c-0bb1-745fec000000",
        "x-ms-version": "2024-02-04"
      },
      "ResponseBody": null
    },
    {
      "RequestUri": "https://REDACTED/1e6aa7180listpathscreationtimeparsefb490789b6bcc51a1d/1e6aa7181listpathscreationtimeparsefb4629077f74b450f9?resource=directory",
      "RequestMethod": "PUT",
      "RequestHeaders": {
        "Accept": "application/json",
        "Authorization": "Sanitized",
        "Content-Length": "0",
        "Date": "Tue, 12 Mar 2024 19:15:01 GMT",
        "If-None-Match": "*",
        "User-Agent": "azsdk-java-azure-storage-file-datalake/12.19.0-beta.1 (17.0.8; Windows 11; 10.0)",
        "x-ms-client-request-id": "cabc1695-9207-44e6-9c19-5b10a6dc1412",
        "x-ms-version": "2024-02-04"
      },
      "RequestBody": null,
      "StatusCode": 201,
      "ResponseHeaders": {
        "Content-Length": "0",
        "Date": "Tue, 12 Mar 2024 19:15:01 GMT",
        "ETag": "\u00220x8DC42C8B7B97F30\u0022",
        "Last-Modified": "Tue, 12 Mar 2024 19:15:02 GMT",
        "Server": [
          "Windows-Azure-HDFS/1.0",
          "Microsoft-HTTPAPI/2.0"
        ],
        "x-ms-client-request-id": "cabc1695-9207-44e6-9c19-5b10a6dc1412",
        "x-ms-request-id": "523ed869-701f-00ab-14b1-747246000000",
        "x-ms-request-server-encrypted": "true",
        "x-ms-version": "2024-02-04"
      },
      "ResponseBody": null
    },
    {
      "RequestUri": "https://REDACTED/1e6aa7180listpathscreationtimeparsefb490789b6bcc51a1d/1e6aa7182listpathscreationtimeparsefb413939f94efaa700?resource=file",
      "RequestMethod": "PUT",
      "RequestHeaders": {
        "Accept": "application/json",
        "Authorization": "Sanitized",
        "Content-Length": "0",
        "Date": "Tue, 12 Mar 2024 19:15:01 GMT",
        "If-None-Match": "*",
        "User-Agent": "azsdk-java-azure-storage-file-datalake/12.19.0-beta.1 (17.0.8; Windows 11; 10.0)",
        "x-ms-client-request-id": "a5b72975-9dbc-46bd-a204-1ba630532c28",
        "x-ms-version": "2024-02-04"
      },
      "RequestBody": null,
      "StatusCode": 201,
      "ResponseHeaders": {
        "Content-Length": "0",
        "Date": "Tue, 12 Mar 2024 19:15:02 GMT",
        "ETag": "\u00220x8DC42C8B7C875A6\u0022",
        "Last-Modified": "Tue, 12 Mar 2024 19:15:02 GMT",
        "Server": [
          "Windows-Azure-HDFS/1.0",
          "Microsoft-HTTPAPI/2.0"
        ],
        "x-ms-client-request-id": "a5b72975-9dbc-46bd-a204-1ba630532c28",
        "x-ms-request-id": "523ed86f-701f-00ab-1ab1-747246000000",
        "x-ms-request-server-encrypted": "true",
        "x-ms-version": "2024-02-04"
      },
      "ResponseBody": null
    },
    {
      "RequestUri": "https://REDACTED/1e6aa7180listpathscreationtimeparsefb490789b6bcc51a1d?resource=filesystem\u0026recursive=true\u0026upn=false",
      "RequestMethod": "GET",
      "RequestHeaders": {
        "Accept": "application/json",
        "Authorization": "Sanitized",
        "Content-Length": "0",
        "Date": "Tue, 12 Mar 2024 19:15:01 GMT",
        "User-Agent": "azsdk-java-azure-storage-file-datalake/12.19.0-beta.1 (17.0.8; Windows 11; 10.0)",
        "x-ms-client-request-id": "595406a4-169e-44ca-8154-2483fb1dcb5b",
        "x-ms-version": "2024-02-04"
      },
      "RequestBody": null,
      "StatusCode": 200,
      "ResponseHeaders": {
        "Content-Type": "application/json; charset=utf-8",
        "Date": "Tue, 12 Mar 2024 19:15:02 GMT",
        "Server": [
          "Windows-Azure-HDFS/1.0",
          "Microsoft-HTTPAPI/2.0"
        ],
        "Transfer-Encoding": "chunked",
        "x-ms-client-request-id": "595406a4-169e-44ca-8154-2483fb1dcb5b",
        "x-ms-request-id": "523ed872-701f-00ab-1db1-747246000000",
        "x-ms-version": "2024-02-04"
      },
      "ResponseBody": {
        "paths": [
          {
            "contentLength": "0",
            "creationTime": "133547445023047472",
            "etag": "0x8DC42C8B7B97F30",
            "expiryTime": "0",
            "group": "$superuser",
            "isDirectory": "true",
            "lastModified": "Tue, 12 Mar 2024 19:15:02 GMT",
            "name": "1e6aa7181listpathscreationtimeparsefb4629077f74b450f9",
            "owner": "$superuser",
            "permissions": "rwxr-x---"
          },
          {
            "contentLength": "0",
            "creationTime": "133547445024028070",
            "etag": "0x8DC42C8B7C875A6",
            "expiryTime": "0",
            "group": "$superuser",
            "lastModified": "Tue, 12 Mar 2024 19:15:02 GMT",
            "name": "1e6aa7182listpathscreationtimeparsefb413939f94efaa700",
            "owner": "$superuser",
            "permissions": "rw-r-----"
          }
        ]
      }
    }
  ],
  "Variables": {
    "0": "1e6aa7180listpathscreationtimeparsefb490789b6bcc51a1d",
    "1": "1e6aa7181listpathscreationtimeparsefb4629077f74b450f9",
    "2": "1e6aa7182listpathscreationtimeparsefb413939f94efaa700"
  }
}
