{
  "Entries": [
    {
      "RequestUri": "https://REDACTED/d3c1bd2e083016b7ef53cd34f34f59aa67e6cf?restype=container",
      "RequestMethod": "PUT",
      "RequestHeaders": {
        "Accept": "application/xml",
        "Authorization": "Sanitized",
        "Content-Length": "0",
        "Date": "Mon, 02 Oct 2023 19:17:34 GMT",
        "User-Agent": "azsdk-java-azure-storage-blob/12.25.0-beta.1 azsdk-java-azure-storage-file-datalake/12.18.0-beta.1 (17.0.8; Windows 11; 10.0)",
        "x-ms-client-request-id": "501ab035-7cc7-41a2-bdb6-54b0aaa65955",
        "x-ms-version": "2023-08-03"
      },
      "RequestBody": null,
      "StatusCode": 201,
      "ResponseHeaders": {
        "Content-Length": "0",
        "Date": "Mon, 02 Oct 2023 19:17:35 GMT",
        "ETag": "\u00220x8DBC37C3C2EF2B1\u0022",
        "Last-Modified": "Mon, 02 Oct 2023 19:17:35 GMT",
        "Server": [
          "Windows-Azure-Blob/1.0",
          "Microsoft-HTTPAPI/2.0"
        ],
        "x-ms-client-request-id": "501ab035-7cc7-41a2-bdb6-54b0aaa65955",
        "x-ms-request-id": "301f898f-301e-005e-4a65-f5e66c000000",
        "x-ms-version": "2023-08-03"
      },
      "ResponseBody": null
    },
    {
      "RequestUri": "https://REDACTED/d3c1bd2e083016b7ef53cd34f34f59aa67e6cf/d3c1bd2e169536abb4b255d38e4403b1da0172?resource=file",
      "RequestMethod": "PUT",
      "RequestHeaders": {
        "Accept": "application/json",
        "Authorization": "Sanitized",
        "Content-Length": "0",
        "Date": "Mon, 02 Oct 2023 19:17:34 GMT",
        "If-None-Match": "*",
        "User-Agent": "azsdk-java-azure-storage-file-datalake/12.18.0-beta.1 (17.0.8; Windows 11; 10.0)",
        "x-ms-client-request-id": "d32f7c4c-1c07-4cc6-b99c-b9aaeb157378",
        "x-ms-version": "2023-08-03"
      },
      "RequestBody": null,
      "StatusCode": 201,
      "ResponseHeaders": {
        "Content-Length": "0",
        "Date": "Mon, 02 Oct 2023 19:17:35 GMT",
        "ETag": "\u00220x8DBC37C3C41831C\u0022",
        "Last-Modified": "Mon, 02 Oct 2023 19:17:35 GMT",
        "Server": [
          "Windows-Azure-HDFS/1.0",
          "Microsoft-HTTPAPI/2.0"
        ],
        "x-ms-client-request-id": "d32f7c4c-1c07-4cc6-b99c-b9aaeb157378",
        "x-ms-request-id": "ca2e0bda-401f-00a0-5665-f5892d000000",
        "x-ms-request-server-encrypted": "true",
        "x-ms-version": "2023-08-03"
      },
      "ResponseBody": null
    },
    {
      "RequestUri": "https://REDACTED/d3c1bd2e083016b7ef53cd34f34f59aa67e6cf/d3c1bd2e169536abb4b255d38e4403b1da0172?action=getAccessControl\u0026upn=false",
      "RequestMethod": "HEAD",
      "RequestHeaders": {
        "Accept": "application/json",
        "Authorization": "Sanitized",
        "Content-Length": "0",
        "Date": "Mon, 02 Oct 2023 19:17:34 GMT",
        "User-Agent": "azsdk-java-azure-storage-file-datalake/12.18.0-beta.1 (17.0.8; Windows 11; 10.0)",
        "x-ms-client-request-id": "861b6665-1752-434d-a455-f78bff12505f",
        "x-ms-version": "2023-08-03"
      },
      "RequestBody": null,
      "StatusCode": 200,
      "ResponseHeaders": {
        "Date": "Mon, 02 Oct 2023 19:17:35 GMT",
        "ETag": "\u00220x8DBC37C3C41831C\u0022",
        "Last-Modified": "Mon, 02 Oct 2023 19:17:35 GMT",
        "Server": [
          "Windows-Azure-HDFS/1.0",
          "Microsoft-HTTPAPI/2.0"
        ],
        "x-ms-acl": "user::rw-,group::r--,other::---",
        "x-ms-client-request-id": "861b6665-1752-434d-a455-f78bff12505f",
        "x-ms-group": "$superuser",
        "x-ms-owner": "$superuser",
        "x-ms-permissions": "rw-r-----",
        "x-ms-request-id": "ca2e0bdb-401f-00a0-5765-f5892d000000",
        "x-ms-version": "2023-08-03"
      },
      "ResponseBody": null
    }
  ],
  "Variables": {
    "0": "d3c1bd2e083016b7ef53cd34f34f59aa67e6cf",
    "1": "d3c1bd2e169536abb4b255d38e4403b1da0172"
  }
}
