{
  "Entries": [
    {
      "RequestUri": "https://REDACTED/d276a8020percallpolicy0c309766bbb093534d6a43f7?restype=container",
      "RequestMethod": "PUT",
      "RequestHeaders": {
        "Accept": "application/xml",
        "Authorization": "Sanitized",
        "Content-Length": "0",
        "Date": "Tue, 12 Mar 2024 21:13:45 GMT",
        "User-Agent": "azsdk-java-azure-storage-blob/12.26.0-beta.1 azsdk-java-azure-storage-file-datalake/12.19.0-beta.1 (17.0.8; Windows 11; 10.0)",
        "x-ms-client-request-id": "63daa969-dda0-45f5-b899-9ee443777215",
        "x-ms-version": "2024-02-04"
      },
      "RequestBody": null,
      "StatusCode": 201,
      "ResponseHeaders": {
        "Content-Length": "0",
        "Date": "Tue, 12 Mar 2024 21:13:45 GMT",
        "ETag": "\u00220x8DC42D94DF114F5\u0022",
        "Last-Modified": "Tue, 12 Mar 2024 21:13:46 GMT",
        "Server": [
          "Windows-Azure-Blob/1.0",
          "Microsoft-HTTPAPI/2.0"
        ],
        "x-ms-client-request-id": "63daa969-dda0-45f5-b899-9ee443777215",
        "x-ms-request-id": "24bfd747-401e-0019-76c2-748d37000000",
        "x-ms-version": "2024-02-04"
      },
      "ResponseBody": null
    },
    {
      "RequestUri": "https://REDACTED/d276a8020percallpolicy0c309766bbb093534d6a43f7/d276a8021percallpolicy0c35430097c3c35e57324507?resource=file",
      "RequestMethod": "PUT",
      "RequestHeaders": {
        "Accept": "application/json",
        "Authorization": "Sanitized",
        "Content-Length": "0",
        "Date": "Tue, 12 Mar 2024 21:13:46 GMT",
        "If-None-Match": "*",
        "User-Agent": "azsdk-java-azure-storage-file-datalake/12.19.0-beta.1 (17.0.8; Windows 11; 10.0)",
        "x-ms-client-request-id": "b1d27c63-c58a-4e07-ae65-10ae25683563",
        "x-ms-version": "2024-02-04"
      },
      "RequestBody": null,
      "StatusCode": 201,
      "ResponseHeaders": {
        "Content-Length": "0",
        "Date": "Tue, 12 Mar 2024 21:13:46 GMT",
        "ETag": "\u00220x8DC42D94E46BC68\u0022",
        "Last-Modified": "Tue, 12 Mar 2024 21:13:46 GMT",
        "Server": [
          "Windows-Azure-HDFS/1.0",
          "Microsoft-HTTPAPI/2.0"
        ],
        "x-ms-client-request-id": "b1d27c63-c58a-4e07-ae65-10ae25683563",
        "x-ms-request-id": "958a2330-801f-0090-28c2-7437e2000000",
        "x-ms-request-server-encrypted": "true",
        "x-ms-version": "2024-02-04"
      },
      "ResponseBody": null
    },
    {
      "RequestUri": "https://REDACTED/d276a8020percallpolicy0c309766bbb093534d6a43f7/d276a8021percallpolicy0c35430097c3c35e57324507",
      "RequestMethod": "HEAD",
      "RequestHeaders": {
        "Accept": "application/xml",
        "Authorization": "Sanitized",
        "Content-Length": "0",
        "Date": "Tue, 12 Mar 2024 21:13:46 GMT",
        "User-Agent": "azsdk-java-azure-storage-blob/12.26.0-beta.1 azsdk-java-azure-storage-file-datalake/12.19.0-beta.1 (17.0.8; Windows 11; 10.0)",
        "x-ms-client-request-id": "e0257255-2bfb-4447-aba4-c32e21e8cc7c",
        "x-ms-version": "2019-02-02"
      },
      "RequestBody": null,
      "StatusCode": 200,
      "ResponseHeaders": {
        "Accept-Ranges": "bytes",
        "Access-Control-Allow-Origin": "*",
        "Access-Control-Expose-Headers": "x-ms-client-request-id",
        "Content-Length": "0",
        "Content-Type": "application/octet-stream",
        "Date": "Tue, 12 Mar 2024 21:13:46 GMT",
        "ETag": "\u00220x8DC42D94E46BC68\u0022",
        "Last-Modified": "Tue, 12 Mar 2024 21:13:46 GMT",
        "Server": [
          "Windows-Azure-Blob/1.0",
          "Microsoft-HTTPAPI/2.0"
        ],
        "x-ms-access-tier": "Hot",
        "x-ms-access-tier-inferred": "true",
        "x-ms-blob-type": "BlockBlob",
        "x-ms-client-request-id": "e0257255-2bfb-4447-aba4-c32e21e8cc7c",
        "x-ms-creation-time": "Tue, 12 Mar 2024 21:13:46 GMT",
        "x-ms-lease-state": "available",
        "x-ms-lease-status": "unlocked",
        "x-ms-request-id": "446cc7da-501e-00bc-4ac2-74db4d000000",
        "x-ms-server-encrypted": "true",
        "x-ms-version": "2019-02-02"
      },
      "ResponseBody": null
    },
    {
      "RequestUri": "https://REDACTED/d276a8020percallpolicy0c309766bbb093534d6a43f7/d276a8021percallpolicy0c35430097c3c35e57324507?action=getAccessControl\u0026upn=false",
      "RequestMethod": "HEAD",
      "RequestHeaders": {
        "Accept": "application/json",
        "Authorization": "Sanitized",
        "Content-Length": "0",
        "Date": "Tue, 12 Mar 2024 21:13:47 GMT",
        "User-Agent": "azsdk-java-azure-storage-file-datalake/12.19.0-beta.1 (17.0.8; Windows 11; 10.0)",
        "x-ms-client-request-id": "5af79d79-8d63-47a9-93f7-e6233ce1fb16",
        "x-ms-version": "2019-02-02"
      },
      "RequestBody": null,
      "StatusCode": 200,
      "ResponseHeaders": {
        "Access-Control-Allow-Origin": "*",
        "Access-Control-Expose-Headers": "x-ms-client-request-id",
        "Date": "Tue, 12 Mar 2024 21:13:46 GMT",
        "ETag": "\u00220x8DC42D94E46BC68\u0022",
        "Last-Modified": "Tue, 12 Mar 2024 21:13:46 GMT",
        "Server": [
          "Windows-Azure-HDFS/1.0",
          "Microsoft-HTTPAPI/2.0"
        ],
        "x-ms-acl": "user::rw-,group::r--,other::---",
        "x-ms-client-request-id": "5af79d79-8d63-47a9-93f7-e6233ce1fb16",
        "x-ms-group": "$superuser",
        "x-ms-owner": "$superuser",
        "x-ms-permissions": "rw-r-----",
        "x-ms-request-id": "5985804c-901f-0047-35c2-7466d7000000",
        "x-ms-version": "2019-02-02"
      },
      "ResponseBody": null
    }
  ],
  "Variables": {
    "0": "d276a8020percallpolicy0c309766bbb093534d6a43f7",
    "1": "d276a8021percallpolicy0c35430097c3c35e57324507"
  }
}
