{
  "Entries": [
    {
      "RequestUri": "https://REDACTED/0d04553d0createifnotexistsoverwrite91801202fe8e71f244?restype=container",
      "RequestMethod": "PUT",
      "RequestHeaders": {
        "Accept": "application/xml",
        "Authorization": "Sanitized",
        "Content-Length": "0",
        "Date": "Fri, 15 Sep 2023 19:58:30 GMT",
        "User-Agent": "azsdk-java-azure-storage-blob/12.25.0-beta.1 azsdk-java-azure-storage-file-datalake/12.18.0-beta.1 (17.0.8; Windows 11; 10.0)",
        "x-ms-client-request-id": "79f84951-8b86-4ac1-8448-ff98b667077d",
        "x-ms-version": "2023-08-03"
      },
      "RequestBody": null,
      "StatusCode": 201,
      "ResponseHeaders": {
        "Content-Length": "0",
        "Date": "Fri, 15 Sep 2023 19:58:29 GMT",
        "ETag": "\u00220x8DBB62622333B14\u0022",
        "Last-Modified": "Fri, 15 Sep 2023 19:58:30 GMT",
        "Server": [
          "Windows-Azure-Blob/1.0",
          "Microsoft-HTTPAPI/2.0"
        ],
        "x-ms-client-request-id": "79f84951-8b86-4ac1-8448-ff98b667077d",
        "x-ms-request-id": "546f369f-001e-0018-2c0e-e8d2eb000000",
        "x-ms-version": "2023-08-03"
      },
      "ResponseBody": null
    },
    {
      "RequestUri": "https://REDACTED/0d04553d0createifnotexistsoverwrite91801202fe8e71f244/0d04553d1createifnotexistsoverwrite9189551428f8bcd947?resource=file",
      "RequestMethod": "PUT",
      "RequestHeaders": {
        "Accept": "application/json",
        "Authorization": "Sanitized",
        "Content-Length": "0",
        "Date": "Fri, 15 Sep 2023 19:58:30 GMT",
        "If-None-Match": "*",
        "User-Agent": "azsdk-java-azure-storage-file-datalake/12.18.0-beta.1 (17.0.8; Windows 11; 10.0)",
        "x-ms-client-request-id": "2ed07583-8fb6-44a9-9505-c29a0bf072e9",
        "x-ms-version": "2023-08-03"
      },
      "RequestBody": null,
      "StatusCode": 201,
      "ResponseHeaders": {
        "Content-Length": "0",
        "Date": "Fri, 15 Sep 2023 19:58:29 GMT",
        "ETag": "\u00220x8DBB6262244C704\u0022",
        "Last-Modified": "Fri, 15 Sep 2023 19:58:30 GMT",
        "Server": [
          "Windows-Azure-HDFS/1.0",
          "Microsoft-HTTPAPI/2.0"
        ],
        "x-ms-client-request-id": "2ed07583-8fb6-44a9-9505-c29a0bf072e9",
        "x-ms-request-id": "d5886d72-401f-0026-2d0e-e84594000000",
        "x-ms-request-server-encrypted": "true",
        "x-ms-version": "2023-08-03"
      },
      "ResponseBody": null
    },
    {
      "RequestUri": "https://REDACTED/0d04553d0createifnotexistsoverwrite91801202fe8e71f244/0d04553d2createifnotexistsoverwrite918431746aef0f53b8?resource=file",
      "RequestMethod": "PUT",
      "RequestHeaders": {
        "Accept": "application/json",
        "Authorization": "Sanitized",
        "Content-Length": "0",
        "Date": "Fri, 15 Sep 2023 19:58:30 GMT",
        "If-None-Match": "*",
        "User-Agent": "azsdk-java-azure-storage-file-datalake/12.18.0-beta.1 (17.0.8; Windows 11; 10.0)",
        "x-ms-client-request-id": "e6942083-4b45-4a47-b6ec-120a483de46b",
        "x-ms-version": "2023-08-03"
      },
      "RequestBody": null,
      "StatusCode": 201,
      "ResponseHeaders": {
        "Content-Length": "0",
        "Date": "Fri, 15 Sep 2023 19:58:29 GMT",
        "ETag": "\u00220x8DBB62622534107\u0022",
        "Last-Modified": "Fri, 15 Sep 2023 19:58:30 GMT",
        "Server": [
          "Windows-Azure-HDFS/1.0",
          "Microsoft-HTTPAPI/2.0"
        ],
        "x-ms-client-request-id": "e6942083-4b45-4a47-b6ec-120a483de46b",
        "x-ms-request-id": "d5886d84-401f-0026-3f0e-e84594000000",
        "x-ms-request-server-encrypted": "true",
        "x-ms-version": "2023-08-03"
      },
      "ResponseBody": null
    },
    {
      "RequestUri": "https://REDACTED/0d04553d0createifnotexistsoverwrite91801202fe8e71f244/0d04553d2createifnotexistsoverwrite918431746aef0f53b8",
      "RequestMethod": "HEAD",
      "RequestHeaders": {
        "Accept": "application/xml",
        "Authorization": "Sanitized",
        "Content-Length": "0",
        "Date": "Fri, 15 Sep 2023 19:58:30 GMT",
        "User-Agent": "azsdk-java-azure-storage-blob/12.25.0-beta.1 azsdk-java-azure-storage-file-datalake/12.18.0-beta.1 (17.0.8; Windows 11; 10.0)",
        "x-ms-client-request-id": "ac4e0f98-828c-4bae-80ac-77ae34f4f00f",
        "x-ms-version": "2023-08-03"
      },
      "RequestBody": null,
      "StatusCode": 200,
      "ResponseHeaders": {
        "Accept-Ranges": "bytes",
        "Content-Length": "0",
        "Content-Type": "application/octet-stream",
        "Date": "Fri, 15 Sep 2023 19:58:30 GMT",
        "ETag": "\u00220x8DBB62622534107\u0022",
        "Last-Modified": "Fri, 15 Sep 2023 19:58:30 GMT",
        "Server": [
          "Windows-Azure-Blob/1.0",
          "Microsoft-HTTPAPI/2.0"
        ],
        "x-ms-access-tier": "Hot",
        "x-ms-access-tier-inferred": "true",
        "x-ms-blob-type": "BlockBlob",
        "x-ms-client-request-id": "ac4e0f98-828c-4bae-80ac-77ae34f4f00f",
        "x-ms-creation-time": "Fri, 15 Sep 2023 19:58:30 GMT",
        "x-ms-group": "$superuser",
        "x-ms-lease-state": "available",
        "x-ms-lease-status": "unlocked",
        "x-ms-owner": "$superuser",
        "x-ms-permissions": "rw-r-----",
        "x-ms-request-id": "21b88998-401e-009f-6c0e-e8418e000000",
        "x-ms-resource-type": "file",
        "x-ms-server-encrypted": "true",
        "x-ms-version": "2023-08-03"
      },
      "ResponseBody": null
    },
    {
      "RequestUri": "https://REDACTED/0d04553d0createifnotexistsoverwrite91801202fe8e71f244/0d04553d2createifnotexistsoverwrite918431746aef0f53b8?resource=file",
      "RequestMethod": "PUT",
      "RequestHeaders": {
        "Accept": "application/json",
        "Authorization": "Sanitized",
        "Content-Length": "0",
        "Date": "Fri, 15 Sep 2023 19:58:30 GMT",
        "If-None-Match": "*",
        "User-Agent": "azsdk-java-azure-storage-file-datalake/12.18.0-beta.1 (17.0.8; Windows 11; 10.0)",
        "x-ms-client-request-id": "e044f858-8a88-40c1-96af-7f622fdec594",
        "x-ms-version": "2023-08-03"
      },
      "RequestBody": null,
      "StatusCode": 409,
      "ResponseHeaders": {
        "Content-Length": "168",
        "Content-Type": "application/json; charset=utf-8",
        "Date": "Fri, 15 Sep 2023 19:58:30 GMT",
        "Server": [
          "Windows-Azure-HDFS/1.0",
          "Microsoft-HTTPAPI/2.0"
        ],
        "x-ms-client-request-id": "e044f858-8a88-40c1-96af-7f622fdec594",
        "x-ms-error-code": "PathAlreadyExists",
        "x-ms-request-id": "584be7ae-d01f-0056-0c0e-e8fc63000000",
        "x-ms-version": "2023-08-03"
      },
      "ResponseBody": {
        "error": {
          "code": "PathAlreadyExists",
          "message": "The specified path already exists.\nRequestId:584be7ae-d01f-0056-0c0e-e8fc63000000\nTime:2023-09-15T19:58:30.6042345Z"
        }
      }
    }
  ],
  "Variables": {
    "0": "0d04553d0createifnotexistsoverwrite91801202fe8e71f244",
    "1": "0d04553d1createifnotexistsoverwrite9189551428f8bcd947",
    "2": "0d04553d2createifnotexistsoverwrite918431746aef0f53b8"
  }
}
