{
  "Entries": [
    {
      "RequestUri": "https://REDACTED/2dc572070createdirheadersf322849812224b5aa077426?restype=container",
      "RequestMethod": "PUT",
      "RequestHeaders": {
        "Accept": "application/xml",
        "Authorization": "Sanitized",
        "Content-Length": "0",
        "Date": "Tue, 12 Mar 2024 19:14:36 GMT",
        "User-Agent": "azsdk-java-azure-storage-blob/12.26.0-beta.1 azsdk-java-azure-storage-file-datalake/12.19.0-beta.1 (17.0.8; Windows 11; 10.0)",
        "x-ms-client-request-id": "7c25d9c2-e249-4284-8e97-c169eeee65c4",
        "x-ms-version": "2024-02-04"
      },
      "RequestBody": null,
      "StatusCode": 201,
      "ResponseHeaders": {
        "Content-Length": "0",
        "Date": "Tue, 12 Mar 2024 19:14:37 GMT",
        "ETag": "\u00220x8DC42C8A94E0E46\u0022",
        "Last-Modified": "Tue, 12 Mar 2024 19:14:38 GMT",
        "Server": [
          "Windows-Azure-Blob/1.0",
          "Microsoft-HTTPAPI/2.0"
        ],
        "x-ms-client-request-id": "7c25d9c2-e249-4284-8e97-c169eeee65c4",
        "x-ms-request-id": "c24dedeb-f01e-001c-22b1-745fec000000",
        "x-ms-version": "2024-02-04"
      },
      "ResponseBody": null
    },
    {
      "RequestUri": "https://REDACTED/2dc572070createdirheadersf322849812224b5aa077426/2dc572071createdirheadersf32881951f308282895a464?resource=directory",
      "RequestMethod": "PUT",
      "RequestHeaders": {
        "Accept": "application/json",
        "Authorization": "Sanitized",
        "Content-Length": "0",
        "Date": "Tue, 12 Mar 2024 19:14:37 GMT",
        "User-Agent": "azsdk-java-azure-storage-file-datalake/12.19.0-beta.1 (17.0.8; Windows 11; 10.0)",
        "x-ms-client-request-id": "960f1b17-2cec-482c-b9a6-5eb437eefe04",
        "x-ms-version": "2024-02-04"
      },
      "RequestBody": null,
      "StatusCode": 201,
      "ResponseHeaders": {
        "Content-Length": "0",
        "Date": "Tue, 12 Mar 2024 19:14:38 GMT",
        "ETag": "\u00220x8DC42C8A9AA2F8B\u0022",
        "Last-Modified": "Tue, 12 Mar 2024 19:14:38 GMT",
        "Server": [
          "Windows-Azure-HDFS/1.0",
          "Microsoft-HTTPAPI/2.0"
        ],
        "x-ms-client-request-id": "960f1b17-2cec-482c-b9a6-5eb437eefe04",
        "x-ms-request-id": "49d2e1f4-601f-001e-39b1-74e154000000",
        "x-ms-request-server-encrypted": "true",
        "x-ms-version": "2024-02-04"
      },
      "ResponseBody": null
    },
    {
      "RequestUri": "https://REDACTED/2dc572070createdirheadersf322849812224b5aa077426/2dc572071createdirheadersf32881951f308282895a464",
      "RequestMethod": "HEAD",
      "RequestHeaders": {
        "Accept": "application/xml",
        "Authorization": "Sanitized",
        "Content-Length": "0",
        "Date": "Tue, 12 Mar 2024 19:14:37 GMT",
        "User-Agent": "azsdk-java-azure-storage-blob/12.26.0-beta.1 azsdk-java-azure-storage-file-datalake/12.19.0-beta.1 (17.0.8; Windows 11; 10.0)",
        "x-ms-client-request-id": "fdb2a159-07ae-43e9-9dd9-aed2cde2c843",
        "x-ms-version": "2024-02-04"
      },
      "RequestBody": null,
      "StatusCode": 200,
      "ResponseHeaders": {
        "Accept-Ranges": "bytes",
        "Content-Length": "0",
        "Content-Type": "application/octet-stream",
        "Date": "Tue, 12 Mar 2024 19:14:38 GMT",
        "ETag": "\u00220x8DC42C8A9AA2F8B\u0022",
        "Last-Modified": "Tue, 12 Mar 2024 19:14:38 GMT",
        "Server": [
          "Windows-Azure-Blob/1.0",
          "Microsoft-HTTPAPI/2.0"
        ],
        "x-ms-access-tier": "Hot",
        "x-ms-access-tier-inferred": "true",
        "x-ms-acl": "user::rwx,group::r-x,other::---",
        "x-ms-blob-type": "BlockBlob",
        "x-ms-client-request-id": "fdb2a159-07ae-43e9-9dd9-aed2cde2c843",
        "x-ms-creation-time": "Tue, 12 Mar 2024 19:14:38 GMT",
        "x-ms-group": "$superuser",
        "x-ms-lease-state": "available",
        "x-ms-lease-status": "unlocked",
        "x-ms-meta-hdi_isfolder": "true",
        "x-ms-owner": "$superuser",
        "x-ms-permissions": "rwxr-x---",
        "x-ms-request-id": "8467acd6-801e-004b-6ab1-74f1df000000",
        "x-ms-resource-type": "directory",
        "x-ms-server-encrypted": "true",
        "x-ms-version": "2024-02-04"
      },
      "ResponseBody": null
    }
  ],
  "Variables": {
    "0": "2dc572070createdirheadersf322849812224b5aa077426",
    "1": "2dc572071createdirheadersf32881951f308282895a464"
  }
}
