{
  "Entries": [
    {
      "RequestUri": "https://REDACTED/3f29e6480deleteifexistsfilethatwasalreadydelete20542539362e?restype=container",
      "RequestMethod": "PUT",
      "RequestHeaders": {
        "Accept": "application/xml",
        "Authorization": "Sanitized",
        "Content-Length": "0",
        "Date": "Wed, 26 Jul 2023 19:18:59 GMT",
        "User-Agent": "azsdk-java-azure-storage-blob/12.24.0-beta.1 azsdk-java-azure-storage-file-datalake/12.17.0-beta.1 (17.0.7; Windows 11; 10.0)",
        "x-ms-client-request-id": "9e6771a6-3493-4523-949d-9750382282f2",
        "x-ms-version": "2023-01-03"
      },
      "RequestBody": null,
      "StatusCode": 201,
      "ResponseHeaders": {
        "Content-Length": "0",
        "Date": "Wed, 26 Jul 2023 19:18:59 GMT",
        "ETag": "\u00220x8DB8E0D2A1E0ECD\u0022",
        "Last-Modified": "Wed, 26 Jul 2023 19:18:59 GMT",
        "Server": [
          "Windows-Azure-Blob/1.0",
          "Microsoft-HTTPAPI/2.0"
        ],
        "x-ms-client-request-id": "9e6771a6-3493-4523-949d-9750382282f2",
        "x-ms-request-id": "7c428fd0-a01e-00a1-17f6-bf4aff000000",
        "x-ms-version": "2023-01-03"
      },
      "ResponseBody": null
    },
    {
      "RequestUri": "https://REDACTED/3f29e6480deleteifexistsfilethatwasalreadydelete20542539362e/3f29e6481deleteifexistsfilethatwasalreadydelete205286014cc3?resource=file",
      "RequestMethod": "PUT",
      "RequestHeaders": {
        "Accept": "application/json",
        "Authorization": "Sanitized",
        "Content-Length": "0",
        "Date": "Wed, 26 Jul 2023 19:18:59 GMT",
        "If-None-Match": "*",
        "User-Agent": "azsdk-java-azure-storage-file-datalake/12.17.0-beta.1 (17.0.7; Windows 11; 10.0)",
        "x-ms-client-request-id": "6b7cc6be-7740-4d9d-b0e1-90927bd345e8",
        "x-ms-version": "2023-01-03"
      },
      "RequestBody": null,
      "StatusCode": 201,
      "ResponseHeaders": {
        "Content-Length": "0",
        "Date": "Wed, 26 Jul 2023 19:18:58 GMT",
        "ETag": "\u00220x8DB8E0D2A25DC30\u0022",
        "Last-Modified": "Wed, 26 Jul 2023 19:18:59 GMT",
        "Server": [
          "Windows-Azure-HDFS/1.0",
          "Microsoft-HTTPAPI/2.0"
        ],
        "x-ms-client-request-id": "6b7cc6be-7740-4d9d-b0e1-90927bd345e8",
        "x-ms-request-id": "19f673c0-401f-004d-40f6-bf5e6e000000",
        "x-ms-request-server-encrypted": "true",
        "x-ms-version": "2023-01-03"
      },
      "ResponseBody": null
    },
    {
      "RequestUri": "https://REDACTED/3f29e6480deleteifexistsfilethatwasalreadydelete20542539362e/3f29e6481deleteifexistsfilethatwasalreadydelete205286014cc3?recursive=false",
      "RequestMethod": "DELETE",
      "RequestHeaders": {
        "Accept": "application/json",
        "Authorization": "Sanitized",
        "Content-Length": "0",
        "Date": "Wed, 26 Jul 2023 19:18:59 GMT",
        "User-Agent": "azsdk-java-azure-storage-file-datalake/12.17.0-beta.1 (17.0.7; Windows 11; 10.0)",
        "x-ms-client-request-id": "716e5d66-3e39-4e1c-adf3-be771f1dbcb1",
        "x-ms-version": "2023-01-03"
      },
      "RequestBody": null,
      "StatusCode": 200,
      "ResponseHeaders": {
        "Content-Length": "0",
        "Date": "Wed, 26 Jul 2023 19:18:59 GMT",
        "Server": [
          "Windows-Azure-HDFS/1.0",
          "Microsoft-HTTPAPI/2.0"
        ],
        "x-ms-client-request-id": "716e5d66-3e39-4e1c-adf3-be771f1dbcb1",
        "x-ms-delete-type-permanent": "false",
        "x-ms-deletion-id": "133348727396267418",
        "x-ms-request-id": "4b4058d0-d01f-003d-31f6-bfe799000000",
        "x-ms-version": "2023-01-03"
      },
      "ResponseBody": null
    },
    {
      "RequestUri": "https://REDACTED/3f29e6480deleteifexistsfilethatwasalreadydelete20542539362e/3f29e6481deleteifexistsfilethatwasalreadydelete205286014cc3?recursive=false",
      "RequestMethod": "DELETE",
      "RequestHeaders": {
        "Accept": "application/json",
        "Authorization": "Sanitized",
        "Content-Length": "0",
        "Date": "Wed, 26 Jul 2023 19:18:59 GMT",
        "User-Agent": "azsdk-java-azure-storage-file-datalake/12.17.0-beta.1 (17.0.7; Windows 11; 10.0)",
        "x-ms-client-request-id": "d4797032-5696-45a3-ab1c-5728cf740611",
        "x-ms-version": "2023-01-03"
      },
      "RequestBody": null,
      "StatusCode": 404,
      "ResponseHeaders": {
        "Content-Length": "163",
        "Content-Type": "application/json; charset=utf-8",
        "Date": "Wed, 26 Jul 2023 19:18:59 GMT",
        "Server": [
          "Windows-Azure-HDFS/1.0",
          "Microsoft-HTTPAPI/2.0"
        ],
        "x-ms-client-request-id": "d4797032-5696-45a3-ab1c-5728cf740611",
        "x-ms-error-code": "PathNotFound",
        "x-ms-request-id": "37724659-701f-008d-45f6-bfa650000000",
        "x-ms-version": "2023-01-03"
      },
      "ResponseBody": {
        "error": {
          "code": "PathNotFound",
          "message": "The specified path does not exist.\nRequestId:37724659-701f-008d-45f6-bfa650000000\nTime:2023-07-26T19:18:59.7300164Z"
        }
      }
    }
  ],
  "Variables": {
    "0": "3f29e6480deleteifexistsfilethatwasalreadydelete20542539362e",
    "1": "3f29e6481deleteifexistsfilethatwasalreadydelete205286014cc3"
  }
}
