{
  "Entries": [
    {
      "RequestUri": "https://REDACTED/4177d5b60queryacfail23243105c366d17ebc0a49549?restype=container",
      "RequestMethod": "PUT",
      "RequestHeaders": {
        "Accept": "application/xml",
        "Authorization": "Sanitized",
        "Content-Length": "0",
        "Date": "Fri, 15 Sep 2023 19:58:09 GMT",
        "User-Agent": "azsdk-java-azure-storage-blob/12.25.0-beta.1 azsdk-java-azure-storage-file-datalake/12.18.0-beta.1 (17.0.8; Windows 11; 10.0)",
        "x-ms-client-request-id": "139c67ec-2f40-4566-b379-40bc211e972a",
        "x-ms-version": "2023-08-03"
      },
      "RequestBody": null,
      "StatusCode": 201,
      "ResponseHeaders": {
        "Content-Length": "0",
        "Date": "Fri, 15 Sep 2023 19:58:08 GMT",
        "ETag": "\u00220x8DBB62615AFF35B\u0022",
        "Last-Modified": "Fri, 15 Sep 2023 19:58:09 GMT",
        "Server": [
          "Windows-Azure-Blob/1.0",
          "Microsoft-HTTPAPI/2.0"
        ],
        "x-ms-client-request-id": "139c67ec-2f40-4566-b379-40bc211e972a",
        "x-ms-request-id": "cadd7e12-e01e-00cb-2c0e-e80ed9000000",
        "x-ms-version": "2023-08-03"
      },
      "ResponseBody": null
    },
    {
      "RequestUri": "https://REDACTED/4177d5b60queryacfail23243105c366d17ebc0a49549/4177d5b61queryacfail23202423dd3ad9dc817741c28?resource=file",
      "RequestMethod": "PUT",
      "RequestHeaders": {
        "Accept": "application/json",
        "Authorization": "Sanitized",
        "Content-Length": "0",
        "Date": "Fri, 15 Sep 2023 19:58:09 GMT",
        "If-None-Match": "*",
        "User-Agent": "azsdk-java-azure-storage-file-datalake/12.18.0-beta.1 (17.0.8; Windows 11; 10.0)",
        "x-ms-client-request-id": "2605615f-3720-491f-841a-19d32f156c0d",
        "x-ms-version": "2023-08-03"
      },
      "RequestBody": null,
      "StatusCode": 201,
      "ResponseHeaders": {
        "Content-Length": "0",
        "Date": "Fri, 15 Sep 2023 19:58:08 GMT",
        "ETag": "\u00220x8DBB62615C40DA9\u0022",
        "Last-Modified": "Fri, 15 Sep 2023 19:58:09 GMT",
        "Server": [
          "Windows-Azure-HDFS/1.0",
          "Microsoft-HTTPAPI/2.0"
        ],
        "x-ms-client-request-id": "2605615f-3720-491f-841a-19d32f156c0d",
        "x-ms-request-id": "ac50e92d-301f-0061-5a0e-e82ecf000000",
        "x-ms-request-server-encrypted": "true",
        "x-ms-version": "2023-08-03"
      },
      "ResponseBody": null
    },
    {
      "RequestUri": "https://REDACTED/4177d5b60queryacfail23243105c366d17ebc0a49549/4177d5b61queryacfail23202423dd3ad9dc817741c28?comp=lease",
      "RequestMethod": "PUT",
      "RequestHeaders": {
        "Accept": "application/xml",
        "Authorization": "Sanitized",
        "Content-Length": "0",
        "Date": "Fri, 15 Sep 2023 19:58:09 GMT",
        "User-Agent": "azsdk-java-azure-storage-file-datalake/12.18.0-beta.1 (17.0.8; Windows 11; 10.0)",
        "x-ms-client-request-id": "8779ee40-34f4-406e-a6ac-196d8494b8fa",
        "x-ms-lease-action": "acquire",
        "x-ms-lease-duration": "-1",
        "x-ms-proposed-lease-id": "a3afc13b-1ba5-42e2-9934-f0f88d7b9391",
        "x-ms-version": "2023-08-03"
      },
      "RequestBody": null,
      "StatusCode": 201,
      "ResponseHeaders": {
        "Content-Length": "0",
        "Date": "Fri, 15 Sep 2023 19:58:09 GMT",
        "ETag": "\u00220x8DBB62615C40DA9\u0022",
        "Last-Modified": "Fri, 15 Sep 2023 19:58:09 GMT",
        "Server": [
          "Windows-Azure-Blob/1.0",
          "Microsoft-HTTPAPI/2.0"
        ],
        "x-ms-client-request-id": "8779ee40-34f4-406e-a6ac-196d8494b8fa",
        "x-ms-lease-id": "a3afc13b-1ba5-42e2-9934-f0f88d7b9391",
        "x-ms-request-id": "21b86198-401e-009f-530e-e8418e000000",
        "x-ms-version": "2023-08-03"
      },
      "ResponseBody": null
    },
    {
      "RequestUri": "https://REDACTED/4177d5b60queryacfail23243105c366d17ebc0a49549/4177d5b61queryacfail23202423dd3ad9dc817741c28?comp=query",
      "RequestMethod": "POST",
      "RequestHeaders": {
        "Accept": "application/xml",
        "Authorization": "Sanitized",
        "Content-Length": "143",
        "Content-Type": "application/xml",
        "Date": "Fri, 15 Sep 2023 19:58:09 GMT",
        "User-Agent": "azsdk-java-azure-storage-blob/12.25.0-beta.1 azsdk-java-azure-storage-file-datalake/12.18.0-beta.1 (17.0.8; Windows 11; 10.0)",
        "x-ms-client-request-id": "ce865a88-2f72-41b7-b235-dce10c996c1a",
        "x-ms-lease-id": "46ecaf73-6b49-45df-81f9-7f82b6526456",
        "x-ms-version": "2023-08-03"
      },
      "RequestBody": "\u003C?xml version=\u00271.0\u0027 encoding=\u0027UTF-8\u0027?\u003E\u003CQueryRequest\u003E\u003CQueryType\u003ESQL\u003C/QueryType\u003E\u003CExpression\u003ESELECT * from BlobStorage\u003C/Expression\u003E\u003C/QueryRequest\u003E",
      "StatusCode": 412,
      "ResponseHeaders": {
        "Content-Length": "265",
        "Content-Type": "application/xml",
        "Date": "Fri, 15 Sep 2023 19:58:09 GMT",
        "Server": [
          "Windows-Azure-Blob/1.0",
          "Microsoft-HTTPAPI/2.0"
        ],
        "x-ms-client-request-id": "ce865a88-2f72-41b7-b235-dce10c996c1a",
        "x-ms-error-code": "LeaseIdMismatchWithBlobOperation",
        "x-ms-request-id": "21b861c0-401e-009f-790e-e8418e000000",
        "x-ms-version": "2023-08-03"
      },
      "ResponseBody": [
        "\uFEFF\u003C?xml version=\u00221.0\u0022 encoding=\u0022utf-8\u0022?\u003E\n",
        "\u003CError\u003E\u003CCode\u003ELeaseIdMismatchWithBlobOperation\u003C/Code\u003E\u003CMessage\u003EThe lease ID specified did not match the lease ID for the blob.\n",
        "RequestId:21b861c0-401e-009f-790e-e8418e000000\n",
        "Time:2023-09-15T19:58:09.5231022Z\u003C/Message\u003E\u003C/Error\u003E"
      ]
    }
  ],
  "Variables": {
    "0": "4177d5b60queryacfail23243105c366d17ebc0a49549",
    "1": "4177d5b61queryacfail23202423dd3ad9dc817741c28"
  }
}
