{
  "Entries": [
    {
      "RequestUri": "https://REDACTED/7f4614560renamesourceacfail35380281ea522a0f7a2f43?restype=container",
      "RequestMethod": "PUT",
      "RequestHeaders": {
        "Accept": "application/xml",
        "Authorization": "Sanitized",
        "Content-Length": "0",
        "Date": "Tue, 26 Nov 2024 21:21:03 GMT",
        "User-Agent": "azsdk-java-azure-storage-blob/12.30.0-beta.1 azsdk-java-azure-storage-file-datalake/12.23.0-beta.1 (21.0.2; Windows 11; 10.0)",
        "x-ms-client-request-id": "Sanitized",
        "x-ms-version": "2025-01-05"
      },
      "RequestBody": null,
      "StatusCode": 201,
      "ResponseHeaders": {
        "Content-Length": "0",
        "Date": "Tue, 26 Nov 2024 21:21:03 GMT",
        "ETag": "\"0x8DD0E603B8C5C4B\"",
        "Last-Modified": "Tue, 26 Nov 2024 21:21:03 GMT",
        "Server": [
          "Windows-Azure-Blob/1.0",
          "Microsoft-HTTPAPI/2.0"
        ],
        "x-ms-client-request-id": "Sanitized",
        "x-ms-request-id": "Sanitized",
        "x-ms-version": "2025-01-05"
      },
      "ResponseBody": null
    },
    {
      "RequestUri": "https://REDACTED/7f4614560renamesourceacfail35380281ea522a0f7a2f43/7f4614561renamesourceacfail35318245b07e6c3b10c040?resource=file",
      "RequestMethod": "PUT",
      "RequestHeaders": {
        "Accept": "application/json",
        "Authorization": "Sanitized",
        "Content-Length": "0",
        "Date": "Tue, 26 Nov 2024 21:21:03 GMT",
        "If-None-Match": "*",
        "User-Agent": "azsdk-java-azure-storage-file-datalake/12.23.0-beta.1 (21.0.2; Windows 11; 10.0)",
        "x-ms-client-request-id": "Sanitized",
        "x-ms-version": "2025-01-05"
      },
      "RequestBody": null,
      "StatusCode": 201,
      "ResponseHeaders": {
        "Content-Length": "0",
        "Date": "Tue, 26 Nov 2024 21:21:03 GMT",
        "ETag": "\"0x8DD0E603BAF5620\"",
        "Last-Modified": "Tue, 26 Nov 2024 21:21:03 GMT",
        "Server": [
          "Windows-Azure-HDFS/1.0",
          "Microsoft-HTTPAPI/2.0"
        ],
        "x-ms-client-request-id": "Sanitized",
        "x-ms-request-id": "Sanitized",
        "x-ms-request-server-encrypted": "true",
        "x-ms-version": "2025-01-05"
      },
      "ResponseBody": null
    },
    {
      "RequestUri": "https://REDACTED/7f4614560renamesourceacfail35380281ea522a0f7a2f43/7f4614561renamesourceacfail35318245b07e6c3b10c040?comp=lease",
      "RequestMethod": "PUT",
      "RequestHeaders": {
        "Accept": "application/xml",
        "Authorization": "Sanitized",
        "Content-Length": "0",
        "Date": "Tue, 26 Nov 2024 21:21:04 GMT",
        "User-Agent": "azsdk-java-azure-storage-file-datalake/12.23.0-beta.1 (21.0.2; Windows 11; 10.0)",
        "x-ms-client-request-id": "Sanitized",
        "x-ms-lease-action": "acquire",
        "x-ms-lease-duration": "-1",
        "x-ms-proposed-lease-id": "4ac31106-4374-47f5-aaac-dded3ef2eb14",
        "x-ms-version": "2025-01-05"
      },
      "RequestBody": null,
      "StatusCode": 201,
      "ResponseHeaders": {
        "Content-Length": "0",
        "Date": "Tue, 26 Nov 2024 21:21:03 GMT",
        "ETag": "\"0x8DD0E603BAF5620\"",
        "Last-Modified": "Tue, 26 Nov 2024 21:21:03 GMT",
        "Server": [
          "Windows-Azure-Blob/1.0",
          "Microsoft-HTTPAPI/2.0"
        ],
        "x-ms-client-request-id": "Sanitized",
        "x-ms-lease-id": "4ac31106-4374-47f5-aaac-dded3ef2eb14",
        "x-ms-request-id": "Sanitized",
        "x-ms-version": "2025-01-05"
      },
      "ResponseBody": null
    },
    {
      "RequestUri": "https://REDACTED/7f4614560renamesourceacfail35380281ea522a0f7a2f43/7f4614562renamesourceacfail35397411a9d42a314eb044?mode=legacy",
      "RequestMethod": "PUT",
      "RequestHeaders": {
        "Accept": "application/json",
        "Authorization": "Sanitized",
        "Content-Length": "0",
        "Date": "Tue, 26 Nov 2024 21:21:04 GMT",
        "User-Agent": "azsdk-java-azure-storage-file-datalake/12.23.0-beta.1 (21.0.2; Windows 11; 10.0)",
        "x-ms-client-request-id": "Sanitized",
        "x-ms-rename-source": "Sanitized",
        "x-ms-source-lease-id": "b8069c02-e649-4ceb-a08f-144719c963c5",
        "x-ms-version": "2025-01-05"
      },
      "RequestBody": null,
      "StatusCode": 412,
      "ResponseHeaders": {
        "Content-Length": "199",
        "Content-Type": "application/json; charset=utf-8",
        "Date": "Tue, 26 Nov 2024 21:21:03 GMT",
        "Server": [
          "Windows-Azure-HDFS/1.0",
          "Microsoft-HTTPAPI/2.0"
        ],
        "x-ms-client-request-id": "Sanitized",
        "x-ms-error-code": "LeaseIdMismatch",
        "x-ms-request-id": "Sanitized",
        "x-ms-version": "2025-01-05"
      },
      "ResponseBody": {
        "error": {
          "code": "LeaseIdMismatch",
          "message": "The lease ID specified did not match the lease ID for the resource.\nRequestId:625e83fa-501f-0063-3649-402aea000000\nTime:2024-11-26T21:21:03.9516122Z"
        }
      }
    }
  ],
  "Variables": {
    "0": "7f4614560renamesourceacfail35380281ea522a0f7a2f43",
    "1": "7f4614561renamesourceacfail35318245b07e6c3b10c040",
    "2": "7f4614562renamesourceacfail35397411a9d42a314eb044"
  }
}
