{
  "Entries": [
    {
      "RequestUri": "https://REDACTED/ee15af450getpropertiesacecb4177347077ce274bf4a2?restype=container",
      "RequestMethod": "PUT",
      "RequestHeaders": {
        "Accept": "application/xml",
        "Authorization": "Sanitized",
        "Content-Length": "0",
        "Date": "Wed, 26 Jul 2023 19:32:16 GMT",
        "User-Agent": "azsdk-java-azure-storage-blob/12.24.0-beta.1 azsdk-java-azure-storage-file-datalake/12.17.0-beta.1 (17.0.7; Windows 11; 10.0)",
        "x-ms-client-request-id": "5d3dae83-f9ac-4f9d-b999-a6436f6d0673",
        "x-ms-version": "2023-01-03"
      },
      "RequestBody": null,
      "StatusCode": 201,
      "ResponseHeaders": {
        "Content-Length": "0",
        "Date": "Wed, 26 Jul 2023 19:32:15 GMT",
        "ETag": "\u00220x8DB8E0F04F77263\u0022",
        "Last-Modified": "Wed, 26 Jul 2023 19:32:16 GMT",
        "Server": [
          "Windows-Azure-Blob/1.0",
          "Microsoft-HTTPAPI/2.0"
        ],
        "x-ms-client-request-id": "5d3dae83-f9ac-4f9d-b999-a6436f6d0673",
        "x-ms-request-id": "b4a66a88-301e-0035-04f7-bffd96000000",
        "x-ms-version": "2023-01-03"
      },
      "ResponseBody": null
    },
    {
      "RequestUri": "https://REDACTED/ee15af450getpropertiesacecb4177347077ce274bf4a2/ee15af451getpropertiesacecb64869a363892c63b744b?resource=file",
      "RequestMethod": "PUT",
      "RequestHeaders": {
        "Accept": "application/json",
        "Authorization": "Sanitized",
        "Content-Length": "0",
        "Date": "Wed, 26 Jul 2023 19:32:16 GMT",
        "If-None-Match": "*",
        "User-Agent": "azsdk-java-azure-storage-file-datalake/12.17.0-beta.1 (17.0.7; Windows 11; 10.0)",
        "x-ms-client-request-id": "83b12288-79e5-46b3-855b-ebe5f8614943",
        "x-ms-version": "2023-01-03"
      },
      "RequestBody": null,
      "StatusCode": 201,
      "ResponseHeaders": {
        "Content-Length": "0",
        "Date": "Wed, 26 Jul 2023 19:32:15 GMT",
        "ETag": "\u00220x8DB8E0F04FFE16F\u0022",
        "Last-Modified": "Wed, 26 Jul 2023 19:32:16 GMT",
        "Server": [
          "Windows-Azure-HDFS/1.0",
          "Microsoft-HTTPAPI/2.0"
        ],
        "x-ms-client-request-id": "83b12288-79e5-46b3-855b-ebe5f8614943",
        "x-ms-request-id": "020603be-601f-0075-7ef7-bffaae000000",
        "x-ms-request-server-encrypted": "true",
        "x-ms-version": "2023-01-03"
      },
      "ResponseBody": null
    },
    {
      "RequestUri": "https://REDACTED/ee15af450getpropertiesacecb4177347077ce274bf4a2/ee15af451getpropertiesacecb64869a363892c63b744b",
      "RequestMethod": "HEAD",
      "RequestHeaders": {
        "Accept": "application/xml",
        "Authorization": "Sanitized",
        "Content-Length": "0",
        "Date": "Wed, 26 Jul 2023 19:32:16 GMT",
        "User-Agent": "azsdk-java-azure-storage-blob/12.24.0-beta.1 azsdk-java-azure-storage-file-datalake/12.17.0-beta.1 (17.0.7; Windows 11; 10.0)",
        "x-ms-client-request-id": "60b56153-48ce-4326-9cb9-032e7cf008d1",
        "x-ms-version": "2023-01-03"
      },
      "RequestBody": null,
      "StatusCode": 200,
      "ResponseHeaders": {
        "Accept-Ranges": "bytes",
        "Content-Length": "0",
        "Content-Type": "application/octet-stream",
        "Date": "Wed, 26 Jul 2023 19:32:15 GMT",
        "ETag": "\u00220x8DB8E0F04FFE16F\u0022",
        "Last-Modified": "Wed, 26 Jul 2023 19:32:16 GMT",
        "Server": [
          "Windows-Azure-Blob/1.0",
          "Microsoft-HTTPAPI/2.0"
        ],
        "Vary": "Origin",
        "x-ms-access-tier": "Hot",
        "x-ms-access-tier-inferred": "true",
        "x-ms-blob-type": "BlockBlob",
        "x-ms-client-request-id": "60b56153-48ce-4326-9cb9-032e7cf008d1",
        "x-ms-creation-time": "Wed, 26 Jul 2023 19:32:16 GMT",
        "x-ms-group": "$superuser",
        "x-ms-lease-state": "available",
        "x-ms-lease-status": "unlocked",
        "x-ms-owner": "$superuser",
        "x-ms-permissions": "rw-r-----",
        "x-ms-request-id": "e2f5ed1d-f01e-003a-7af7-bf8bfa000000",
        "x-ms-resource-type": "file",
        "x-ms-server-encrypted": "true",
        "x-ms-version": "2023-01-03"
      },
      "ResponseBody": null
    },
    {
      "RequestUri": "https://REDACTED/ee15af450getpropertiesacecb4177347077ce274bf4a2/ee15af451getpropertiesacecb64869a363892c63b744b",
      "RequestMethod": "HEAD",
      "RequestHeaders": {
        "Accept": "application/xml",
        "Authorization": "Sanitized",
        "Content-Length": "0",
        "Date": "Wed, 26 Jul 2023 19:32:16 GMT",
        "If-Match": "0x8DB8E0F04FFE16F",
        "User-Agent": "azsdk-java-azure-storage-blob/12.24.0-beta.1 azsdk-java-azure-storage-file-datalake/12.17.0-beta.1 (17.0.7; Windows 11; 10.0)",
        "x-ms-client-request-id": "be590068-18fc-4438-b249-718a82e02dea",
        "x-ms-version": "2023-01-03"
      },
      "RequestBody": null,
      "StatusCode": 200,
      "ResponseHeaders": {
        "Accept-Ranges": "bytes",
        "Content-Length": "0",
        "Content-Type": "application/octet-stream",
        "Date": "Wed, 26 Jul 2023 19:32:15 GMT",
        "ETag": "\u00220x8DB8E0F04FFE16F\u0022",
        "Last-Modified": "Wed, 26 Jul 2023 19:32:16 GMT",
        "Server": [
          "Windows-Azure-Blob/1.0",
          "Microsoft-HTTPAPI/2.0"
        ],
        "Vary": "Origin",
        "x-ms-access-tier": "Hot",
        "x-ms-access-tier-inferred": "true",
        "x-ms-blob-type": "BlockBlob",
        "x-ms-client-request-id": "be590068-18fc-4438-b249-718a82e02dea",
        "x-ms-creation-time": "Wed, 26 Jul 2023 19:32:16 GMT",
        "x-ms-group": "$superuser",
        "x-ms-lease-state": "available",
        "x-ms-lease-status": "unlocked",
        "x-ms-owner": "$superuser",
        "x-ms-permissions": "rw-r-----",
        "x-ms-request-id": "e2f5ed32-f01e-003a-0bf7-bf8bfa000000",
        "x-ms-resource-type": "file",
        "x-ms-server-encrypted": "true",
        "x-ms-version": "2023-01-03"
      },
      "ResponseBody": null
    }
  ],
  "Variables": {
    "0": "ee15af450getpropertiesacecb4177347077ce274bf4a2",
    "1": "ee15af451getpropertiesacecb64869a363892c63b744b"
  }
}
