{
  "Entries": [
    {
      "RequestUri": "https://REDACTED/8bbefa610queryacfailfb1288107c7ec2553b8f44569?restype=container",
      "RequestMethod": "PUT",
      "RequestHeaders": {
        "Accept": "application/xml",
        "Authorization": "Sanitized",
        "Content-Length": "0",
        "Date": "Wed, 26 Jul 2023 19:18:54 GMT",
        "User-Agent": "azsdk-java-azure-storage-blob/12.24.0-beta.1 azsdk-java-azure-storage-file-datalake/12.17.0-beta.1 (17.0.7; Windows 11; 10.0)",
        "x-ms-client-request-id": "28933ea6-0de5-462b-a10e-f59992bba4d4",
        "x-ms-version": "2023-01-03"
      },
      "RequestBody": null,
      "StatusCode": 201,
      "ResponseHeaders": {
        "Content-Length": "0",
        "Date": "Wed, 26 Jul 2023 19:18:53 GMT",
        "ETag": "\u00220x8DB8E0D26D5224F\u0022",
        "Last-Modified": "Wed, 26 Jul 2023 19:18:54 GMT",
        "Server": [
          "Windows-Azure-Blob/1.0",
          "Microsoft-HTTPAPI/2.0"
        ],
        "x-ms-client-request-id": "28933ea6-0de5-462b-a10e-f59992bba4d4",
        "x-ms-request-id": "908e04bc-a01e-0008-0ef6-bf8b8d000000",
        "x-ms-version": "2023-01-03"
      },
      "ResponseBody": null
    },
    {
      "RequestUri": "https://REDACTED/8bbefa610queryacfailfb1288107c7ec2553b8f44569/8bbefa611queryacfailfb1458749d5095da0b00402b8?resource=file",
      "RequestMethod": "PUT",
      "RequestHeaders": {
        "Accept": "application/json",
        "Authorization": "Sanitized",
        "Content-Length": "0",
        "Date": "Wed, 26 Jul 2023 19:18:54 GMT",
        "If-None-Match": "*",
        "User-Agent": "azsdk-java-azure-storage-file-datalake/12.17.0-beta.1 (17.0.7; Windows 11; 10.0)",
        "x-ms-client-request-id": "d452bd77-701a-426e-a52b-afad3f931724",
        "x-ms-version": "2023-01-03"
      },
      "RequestBody": null,
      "StatusCode": 201,
      "ResponseHeaders": {
        "Content-Length": "0",
        "Date": "Wed, 26 Jul 2023 19:18:53 GMT",
        "ETag": "\u00220x8DB8E0D26DEBF6D\u0022",
        "Last-Modified": "Wed, 26 Jul 2023 19:18:54 GMT",
        "Server": [
          "Windows-Azure-HDFS/1.0",
          "Microsoft-HTTPAPI/2.0"
        ],
        "x-ms-client-request-id": "d452bd77-701a-426e-a52b-afad3f931724",
        "x-ms-request-id": "7278b994-f01f-0093-5af6-bf4a88000000",
        "x-ms-request-server-encrypted": "true",
        "x-ms-version": "2023-01-03"
      },
      "ResponseBody": null
    },
    {
      "RequestUri": "https://REDACTED/8bbefa610queryacfailfb1288107c7ec2553b8f44569/8bbefa611queryacfailfb1458749d5095da0b00402b8",
      "RequestMethod": "HEAD",
      "RequestHeaders": {
        "Accept": "application/xml",
        "Authorization": "Sanitized",
        "Content-Length": "0",
        "Date": "Wed, 26 Jul 2023 19:18:54 GMT",
        "User-Agent": "azsdk-java-azure-storage-blob/12.24.0-beta.1 azsdk-java-azure-storage-file-datalake/12.17.0-beta.1 (17.0.7; Windows 11; 10.0)",
        "x-ms-client-request-id": "87b0b293-ea17-48bb-b684-a7e81803a678",
        "x-ms-version": "2023-01-03"
      },
      "RequestBody": null,
      "StatusCode": 200,
      "ResponseHeaders": {
        "Accept-Ranges": "bytes",
        "Content-Length": "0",
        "Content-Type": "application/octet-stream",
        "Date": "Wed, 26 Jul 2023 19:18:54 GMT",
        "ETag": "\u00220x8DB8E0D26DEBF6D\u0022",
        "Last-Modified": "Wed, 26 Jul 2023 19:18:54 GMT",
        "Server": [
          "Windows-Azure-Blob/1.0",
          "Microsoft-HTTPAPI/2.0"
        ],
        "Vary": "Origin",
        "x-ms-access-tier": "Hot",
        "x-ms-access-tier-inferred": "true",
        "x-ms-blob-type": "BlockBlob",
        "x-ms-client-request-id": "87b0b293-ea17-48bb-b684-a7e81803a678",
        "x-ms-creation-time": "Wed, 26 Jul 2023 19:18:54 GMT",
        "x-ms-group": "$superuser",
        "x-ms-lease-state": "available",
        "x-ms-lease-status": "unlocked",
        "x-ms-owner": "$superuser",
        "x-ms-permissions": "rw-r-----",
        "x-ms-request-id": "7227c5f9-001e-0087-0af6-bf02e7000000",
        "x-ms-resource-type": "file",
        "x-ms-server-encrypted": "true",
        "x-ms-version": "2023-01-03"
      },
      "ResponseBody": null
    },
    {
      "RequestUri": "https://REDACTED/8bbefa610queryacfailfb1288107c7ec2553b8f44569/8bbefa611queryacfailfb1458749d5095da0b00402b8?comp=query",
      "RequestMethod": "POST",
      "RequestHeaders": {
        "Accept": "application/xml",
        "Authorization": "Sanitized",
        "Content-Length": "143",
        "Content-Type": "application/xml",
        "Date": "Wed, 26 Jul 2023 19:18:54 GMT",
        "If-None-Match": "0x8DB8E0D26DEBF6D",
        "User-Agent": "azsdk-java-azure-storage-blob/12.24.0-beta.1 azsdk-java-azure-storage-file-datalake/12.17.0-beta.1 (17.0.7; Windows 11; 10.0)",
        "x-ms-client-request-id": "4c4c1f17-9786-4bad-a3c6-c624cc6f09b7",
        "x-ms-version": "2023-01-03"
      },
      "RequestBody": "\u003C?xml version=\u00271.0\u0027 encoding=\u0027UTF-8\u0027?\u003E\u003CQueryRequest\u003E\u003CQueryType\u003ESQL\u003C/QueryType\u003E\u003CExpression\u003ESELECT * from BlobStorage\u003C/Expression\u003E\u003C/QueryRequest\u003E",
      "StatusCode": 304,
      "ResponseHeaders": {
        "Date": "Wed, 26 Jul 2023 19:18:54 GMT",
        "Server": [
          "Windows-Azure-Blob/1.0",
          "Microsoft-HTTPAPI/2.0"
        ],
        "x-ms-client-request-id": "4c4c1f17-9786-4bad-a3c6-c624cc6f09b7",
        "x-ms-error-code": "ConditionNotMet",
        "x-ms-request-id": "7227c644-001e-0087-4ff6-bf02e7000000",
        "x-ms-version": "2023-01-03"
      },
      "ResponseBody": null
    },
    {
      "RequestUri": "https://REDACTED/8bbefa610queryacfailfb1288107c7ec2553b8f44569/8bbefa611queryacfailfb1458749d5095da0b00402b8?comp=query",
      "RequestMethod": "POST",
      "RequestHeaders": {
        "Accept": "application/xml",
        "Authorization": "Sanitized",
        "Content-Length": "143",
        "Content-Type": "application/xml",
        "Date": "Wed, 26 Jul 2023 19:18:54 GMT",
        "If-None-Match": "0x8DB8E0D26DEBF6D",
        "User-Agent": "azsdk-java-azure-storage-blob/12.24.0-beta.1 azsdk-java-azure-storage-file-datalake/12.17.0-beta.1 (17.0.7; Windows 11; 10.0)",
        "x-ms-client-request-id": "7782ac2b-17c3-4dd7-a618-a05482bce30b",
        "x-ms-version": "2023-01-03"
      },
      "RequestBody": "\u003C?xml version=\u00271.0\u0027 encoding=\u0027UTF-8\u0027?\u003E\u003CQueryRequest\u003E\u003CQueryType\u003ESQL\u003C/QueryType\u003E\u003CExpression\u003ESELECT * from BlobStorage\u003C/Expression\u003E\u003C/QueryRequest\u003E",
      "StatusCode": 304,
      "ResponseHeaders": {
        "Date": "Wed, 26 Jul 2023 19:18:54 GMT",
        "Server": [
          "Windows-Azure-Blob/1.0",
          "Microsoft-HTTPAPI/2.0"
        ],
        "x-ms-client-request-id": "7782ac2b-17c3-4dd7-a618-a05482bce30b",
        "x-ms-error-code": "ConditionNotMet",
        "x-ms-request-id": "e2ee66f1-f01e-003a-7af6-bf8bfa000000",
        "x-ms-version": "2023-01-03"
      },
      "ResponseBody": null
    }
  ],
  "Variables": {
    "0": "8bbefa610queryacfailfb1288107c7ec2553b8f44569",
    "1": "8bbefa611queryacfailfb1458749d5095da0b00402b8"
  }
}
