{
  "Entries": [
    {
      "RequestUri": "https://REDACTED/b2c996c70creatediracfailee490442c9d4c3fd09574e4?restype=container",
      "RequestMethod": "PUT",
      "RequestHeaders": {
        "Accept": "application/xml",
        "Authorization": "Sanitized",
        "Content-Length": "0",
        "Date": "Tue, 12 Mar 2024 19:14:59 GMT",
        "User-Agent": "azsdk-java-azure-storage-blob/12.26.0-beta.1 azsdk-java-azure-storage-file-datalake/12.19.0-beta.1 (17.0.8; Windows 11; 10.0)",
        "x-ms-client-request-id": "2c353809-d7a0-4389-98b8-099f3b4f5fd9",
        "x-ms-version": "2024-02-04"
      },
      "RequestBody": null,
      "StatusCode": 201,
      "ResponseHeaders": {
        "Content-Length": "0",
        "Date": "Tue, 12 Mar 2024 19:14:59 GMT",
        "ETag": "\u00220x8DC42C8B6AEFFDA\u0022",
        "Last-Modified": "Tue, 12 Mar 2024 19:15:00 GMT",
        "Server": [
          "Windows-Azure-Blob/1.0",
          "Microsoft-HTTPAPI/2.0"
        ],
        "x-ms-client-request-id": "2c353809-d7a0-4389-98b8-099f3b4f5fd9",
        "x-ms-request-id": "c24e1a3b-f01e-001c-6ab1-745fec000000",
        "x-ms-version": "2024-02-04"
      },
      "ResponseBody": null
    },
    {
      "RequestUri": "https://REDACTED/b2c996c70creatediracfailee490442c9d4c3fd09574e4/b2c996c71creatediracfailee48036174c3e7e1ece745b?resource=directory",
      "RequestMethod": "PUT",
      "RequestHeaders": {
        "Accept": "application/json",
        "Authorization": "Sanitized",
        "Content-Length": "0",
        "Date": "Tue, 12 Mar 2024 19:14:59 GMT",
        "If-None-Match": "*",
        "User-Agent": "azsdk-java-azure-storage-file-datalake/12.19.0-beta.1 (17.0.8; Windows 11; 10.0)",
        "x-ms-client-request-id": "c1e10fa6-5079-408c-ae5d-1b71c16ffa5f",
        "x-ms-version": "2024-02-04"
      },
      "RequestBody": null,
      "StatusCode": 201,
      "ResponseHeaders": {
        "Content-Length": "0",
        "Date": "Tue, 12 Mar 2024 19:15:00 GMT",
        "ETag": "\u00220x8DC42C8B6C16CD7\u0022",
        "Last-Modified": "Tue, 12 Mar 2024 19:15:00 GMT",
        "Server": [
          "Windows-Azure-HDFS/1.0",
          "Microsoft-HTTPAPI/2.0"
        ],
        "x-ms-client-request-id": "c1e10fa6-5079-408c-ae5d-1b71c16ffa5f",
        "x-ms-request-id": "92c5cfc2-901f-0035-51b1-746198000000",
        "x-ms-request-server-encrypted": "true",
        "x-ms-version": "2024-02-04"
      },
      "ResponseBody": null
    },
    {
      "RequestUri": "https://REDACTED/b2c996c70creatediracfailee490442c9d4c3fd09574e4/b2c996c71creatediracfailee48036174c3e7e1ece745b?resource=directory",
      "RequestMethod": "PUT",
      "RequestHeaders": {
        "Accept": "application/json",
        "Authorization": "Sanitized",
        "Content-Length": "0",
        "Date": "Tue, 12 Mar 2024 19:14:59 GMT",
        "If-Unmodified-Since": "Mon, 11 Mar 2024 19:14:34 GMT",
        "User-Agent": "azsdk-java-azure-storage-file-datalake/12.19.0-beta.1 (17.0.8; Windows 11; 10.0)",
        "x-ms-client-request-id": "950f3064-c27b-48cc-a9cb-4c6d33198031",
        "x-ms-version": "2024-02-04"
      },
      "RequestBody": null,
      "StatusCode": 412,
      "ResponseHeaders": {
        "Content-Length": "200",
        "Content-Type": "application/json; charset=utf-8",
        "Date": "Tue, 12 Mar 2024 19:15:00 GMT",
        "Server": [
          "Windows-Azure-HDFS/1.0",
          "Microsoft-HTTPAPI/2.0"
        ],
        "x-ms-client-request-id": "950f3064-c27b-48cc-a9cb-4c6d33198031",
        "x-ms-error-code": "ConditionNotMet",
        "x-ms-request-id": "523ed810-701f-00ab-3db1-747246000000",
        "x-ms-version": "2024-02-04"
      },
      "ResponseBody": {
        "error": {
          "code": "ConditionNotMet",
          "message": "The condition specified using HTTP conditional header(s) is not met.\nRequestId:523ed810-701f-00ab-3db1-747246000000\nTime:2024-03-12T19:15:00.7679518Z"
        }
      }
    }
  ],
  "Variables": {
    "0": "b2c996c70creatediracfailee490442c9d4c3fd09574e4",
    "1": "b2c996c71creatediracfailee48036174c3e7e1ece745b"
  }
}
