{
  "Entries": [
    {
      "RequestUri": "https://REDACTED/1afdd1270createfileoptionswithpermissionsandumask8ea79239dbc?restype=container",
      "RequestMethod": "PUT",
      "RequestHeaders": {
        "Accept": "application/xml",
        "Authorization": "Sanitized",
        "Content-Length": "0",
        "Date": "Wed, 26 Jul 2023 18:42:39 GMT",
        "User-Agent": "azsdk-java-azure-storage-blob/12.24.0-beta.1 azsdk-java-azure-storage-file-datalake/12.17.0-beta.1 (17.0.7; Windows 11; 10.0)",
        "x-ms-client-request-id": "52e8816e-a0ce-4ae7-b3d5-418bdd0cbd66",
        "x-ms-version": "2023-01-03"
      },
      "RequestBody": null,
      "StatusCode": 201,
      "ResponseHeaders": {
        "Content-Length": "0",
        "Date": "Wed, 26 Jul 2023 18:42:39 GMT",
        "ETag": "\u00220x8DB8E0816F5256F\u0022",
        "Last-Modified": "Wed, 26 Jul 2023 18:42:39 GMT",
        "Server": [
          "Windows-Azure-Blob/1.0",
          "Microsoft-HTTPAPI/2.0"
        ],
        "x-ms-client-request-id": "52e8816e-a0ce-4ae7-b3d5-418bdd0cbd66",
        "x-ms-request-id": "07745d27-c01e-0098-01f0-bfb1e3000000",
        "x-ms-version": "2023-01-03"
      },
      "ResponseBody": null
    },
    {
      "RequestUri": "https://REDACTED/1afdd1270createfileoptionswithpermissionsandumask8ea79239dbc/1afdd1271createfileoptionswithpermissionsandumask8ea7562241d?resource=file",
      "RequestMethod": "PUT",
      "RequestHeaders": {
        "Accept": "application/json",
        "Authorization": "Sanitized",
        "Content-Length": "0",
        "Date": "Wed, 26 Jul 2023 18:42:39 GMT",
        "User-Agent": "azsdk-java-azure-storage-file-datalake/12.17.0-beta.1 (17.0.7; Windows 11; 10.0)",
        "x-ms-client-request-id": "c97fa525-ea90-4d47-bf67-2def4bb5b513",
        "x-ms-permissions": "0777",
        "x-ms-umask": "0057",
        "x-ms-version": "2023-01-03"
      },
      "RequestBody": null,
      "StatusCode": 201,
      "ResponseHeaders": {
        "Content-Length": "0",
        "Date": "Wed, 26 Jul 2023 18:42:39 GMT",
        "ETag": "\u00220x8DB8E0816FE0C44\u0022",
        "Last-Modified": "Wed, 26 Jul 2023 18:42:39 GMT",
        "Server": [
          "Windows-Azure-HDFS/1.0",
          "Microsoft-HTTPAPI/2.0"
        ],
        "x-ms-client-request-id": "c97fa525-ea90-4d47-bf67-2def4bb5b513",
        "x-ms-request-id": "f2cc21df-a01f-0037-67f0-bf432e000000",
        "x-ms-request-server-encrypted": "true",
        "x-ms-version": "2023-01-03"
      },
      "ResponseBody": null
    },
    {
      "RequestUri": "https://REDACTED/1afdd1270createfileoptionswithpermissionsandumask8ea79239dbc/1afdd1271createfileoptionswithpermissionsandumask8ea7562241d?action=getAccessControl\u0026upn=true",
      "RequestMethod": "HEAD",
      "RequestHeaders": {
        "Accept": "application/json",
        "Authorization": "Sanitized",
        "Content-Length": "0",
        "Date": "Wed, 26 Jul 2023 18:42:39 GMT",
        "User-Agent": "azsdk-java-azure-storage-file-datalake/12.17.0-beta.1 (17.0.7; Windows 11; 10.0)",
        "x-ms-client-request-id": "0c3b0d0e-6ebe-45de-b581-7df79f6dbf48",
        "x-ms-version": "2023-01-03"
      },
      "RequestBody": null,
      "StatusCode": 200,
      "ResponseHeaders": {
        "Access-Control-Allow-Origin": "*",
        "Access-Control-Expose-Headers": "x-ms-client-request-id",
        "Date": "Wed, 26 Jul 2023 18:42:39 GMT",
        "ETag": "\u00220x8DB8E0816FE0C44\u0022",
        "Last-Modified": "Wed, 26 Jul 2023 18:42:39 GMT",
        "Server": [
          "Windows-Azure-HDFS/1.0",
          "Microsoft-HTTPAPI/2.0"
        ],
        "x-ms-acl": "user::rwx,group::-w-,other::---",
        "x-ms-client-request-id": "0c3b0d0e-6ebe-45de-b581-7df79f6dbf48",
        "x-ms-group": "$superuser",
        "x-ms-owner": "$superuser",
        "x-ms-permissions": "rwx-w----",
        "x-ms-request-id": "f2cc21e9-a01f-0037-71f0-bf432e000000",
        "x-ms-version": "2023-01-03"
      },
      "ResponseBody": null
    }
  ],
  "Variables": {
    "0": "1afdd1270createfileoptionswithpermissionsandumask8ea79239dbc",
    "1": "1afdd1271createfileoptionswithpermissionsandumask8ea7562241d"
  }
}
