{
  "Entries": [
    {
      "RequestUri": "https://REDACTED/14161e490appenddatalease113673281679d047d54e403?restype=container",
      "RequestMethod": "PUT",
      "RequestHeaders": {
        "Accept": "application/xml",
        "Authorization": "Sanitized",
        "Content-Length": "0",
        "Date": "Wed, 26 Jul 2023 19:19:10 GMT",
        "User-Agent": "azsdk-java-azure-storage-blob/12.24.0-beta.1 azsdk-java-azure-storage-file-datalake/12.17.0-beta.1 (17.0.7; Windows 11; 10.0)",
        "x-ms-client-request-id": "1b5ffa5d-3fe2-4156-9d60-4b0abb794b6f",
        "x-ms-version": "2023-01-03"
      },
      "RequestBody": null,
      "StatusCode": 201,
      "ResponseHeaders": {
        "Content-Length": "0",
        "Date": "Wed, 26 Jul 2023 19:19:09 GMT",
        "ETag": "\u00220x8DB8E0D30991FF6\u0022",
        "Last-Modified": "Wed, 26 Jul 2023 19:19:10 GMT",
        "Server": [
          "Windows-Azure-Blob/1.0",
          "Microsoft-HTTPAPI/2.0"
        ],
        "x-ms-client-request-id": "1b5ffa5d-3fe2-4156-9d60-4b0abb794b6f",
        "x-ms-request-id": "24e9ddc0-e01e-00a0-6cf6-bf1523000000",
        "x-ms-version": "2023-01-03"
      },
      "ResponseBody": null
    },
    {
      "RequestUri": "https://REDACTED/14161e490appenddatalease113673281679d047d54e403/14161e491appenddatalease11330340fc33277305684a6?resource=file",
      "RequestMethod": "PUT",
      "RequestHeaders": {
        "Accept": "application/json",
        "Authorization": "Sanitized",
        "Content-Length": "0",
        "Date": "Wed, 26 Jul 2023 19:19:10 GMT",
        "If-None-Match": "*",
        "User-Agent": "azsdk-java-azure-storage-file-datalake/12.17.0-beta.1 (17.0.7; Windows 11; 10.0)",
        "x-ms-client-request-id": "b4873a75-8084-461e-881d-7bd5eaabe149",
        "x-ms-version": "2023-01-03"
      },
      "RequestBody": null,
      "StatusCode": 201,
      "ResponseHeaders": {
        "Content-Length": "0",
        "Date": "Wed, 26 Jul 2023 19:19:09 GMT",
        "ETag": "\u00220x8DB8E0D30A15339\u0022",
        "Last-Modified": "Wed, 26 Jul 2023 19:19:10 GMT",
        "Server": [
          "Windows-Azure-HDFS/1.0",
          "Microsoft-HTTPAPI/2.0"
        ],
        "x-ms-client-request-id": "b4873a75-8084-461e-881d-7bd5eaabe149",
        "x-ms-request-id": "5b637305-301f-0047-51f6-bffad9000000",
        "x-ms-request-server-encrypted": "true",
        "x-ms-version": "2023-01-03"
      },
      "ResponseBody": null
    },
    {
      "RequestUri": "https://REDACTED/14161e490appenddatalease113673281679d047d54e403/14161e491appenddatalease11330340fc33277305684a6?comp=lease",
      "RequestMethod": "PUT",
      "RequestHeaders": {
        "Accept": "application/xml",
        "Authorization": "Sanitized",
        "Content-Length": "0",
        "Date": "Wed, 26 Jul 2023 19:19:10 GMT",
        "User-Agent": "azsdk-java-azure-storage-file-datalake/12.17.0-beta.1 (17.0.7; Windows 11; 10.0)",
        "x-ms-client-request-id": "5afb5eb4-f56c-4e20-a2dd-9c6dea8fa4ac",
        "x-ms-lease-action": "acquire",
        "x-ms-lease-duration": "-1",
        "x-ms-proposed-lease-id": "b737cfb0-046b-40dd-920c-1f38fe134704",
        "x-ms-version": "2023-01-03"
      },
      "RequestBody": null,
      "StatusCode": 201,
      "ResponseHeaders": {
        "Content-Length": "0",
        "Date": "Wed, 26 Jul 2023 19:19:09 GMT",
        "ETag": "\u00220x8DB8E0D30A15339\u0022",
        "Last-Modified": "Wed, 26 Jul 2023 19:19:10 GMT",
        "Server": [
          "Windows-Azure-Blob/1.0",
          "Microsoft-HTTPAPI/2.0"
        ],
        "x-ms-client-request-id": "5afb5eb4-f56c-4e20-a2dd-9c6dea8fa4ac",
        "x-ms-lease-id": "b737cfb0-046b-40dd-920c-1f38fe134704",
        "x-ms-request-id": "24e9de65-e01e-00a0-7ff6-bf1523000000",
        "x-ms-version": "2023-01-03"
      },
      "ResponseBody": null
    },
    {
      "RequestUri": "https://REDACTED/14161e490appenddatalease113673281679d047d54e403/14161e491appenddatalease11330340fc33277305684a6?action=append\u0026position=0",
      "RequestMethod": "PATCH",
      "RequestHeaders": {
        "Accept": "application/json",
        "Authorization": "Sanitized",
        "Content-Length": "7",
        "Content-Type": "application/octet-stream",
        "Date": "Wed, 26 Jul 2023 19:19:10 GMT",
        "User-Agent": "azsdk-java-azure-storage-file-datalake/12.17.0-beta.1 (17.0.7; Windows 11; 10.0)",
        "x-ms-client-request-id": "d70ddf99-fba3-4bca-a9b3-9722b1ceaa01",
        "x-ms-lease-id": "b737cfb0-046b-40dd-920c-1f38fe134704",
        "x-ms-version": "2023-01-03"
      },
      "RequestBody": "ZGVmYXVsdA==",
      "StatusCode": 202,
      "ResponseHeaders": {
        "Content-Length": "0",
        "Date": "Wed, 26 Jul 2023 19:19:10 GMT",
        "Server": [
          "Windows-Azure-HDFS/1.0",
          "Microsoft-HTTPAPI/2.0"
        ],
        "x-ms-client-request-id": "d70ddf99-fba3-4bca-a9b3-9722b1ceaa01",
        "x-ms-request-id": "4b406a46-d01f-003d-19f6-bfe799000000",
        "x-ms-request-server-encrypted": "true",
        "x-ms-version": "2023-01-03"
      },
      "ResponseBody": null
    }
  ],
  "Variables": {
    "0": "14161e490appenddatalease113673281679d047d54e403",
    "1": "14161e491appenddatalease11330340fc33277305684a6"
  }
}
