{
  "Entries": [
    {
      "RequestUri": "https://REDACTED/dd96ad920deleteifexistsdirthatdoesnotexist1ce50920e8bcd3?restype=container",
      "RequestMethod": "PUT",
      "RequestHeaders": {
        "Accept": "application/xml",
        "Authorization": "Sanitized",
        "Content-Length": "0",
        "Date": "Wed, 26 Jul 2023 19:31:50 GMT",
        "User-Agent": "azsdk-java-azure-storage-blob/12.24.0-beta.1 azsdk-java-azure-storage-file-datalake/12.17.0-beta.1 (17.0.7; Windows 11; 10.0)",
        "x-ms-client-request-id": "3544af7b-5c35-4331-a895-6373821336db",
        "x-ms-version": "2023-01-03"
      },
      "RequestBody": null,
      "StatusCode": 201,
      "ResponseHeaders": {
        "Content-Length": "0",
        "Date": "Wed, 26 Jul 2023 19:31:49 GMT",
        "ETag": "\u00220x8DB8E0EF5D6B03F\u0022",
        "Last-Modified": "Wed, 26 Jul 2023 19:31:50 GMT",
        "Server": [
          "Windows-Azure-Blob/1.0",
          "Microsoft-HTTPAPI/2.0"
        ],
        "x-ms-client-request-id": "3544af7b-5c35-4331-a895-6373821336db",
        "x-ms-request-id": "2dcfb597-201e-005b-65f7-bfa8b9000000",
        "x-ms-version": "2023-01-03"
      },
      "ResponseBody": null
    },
    {
      "RequestUri": "https://REDACTED/dd96ad920deleteifexistsdirthatdoesnotexist1ce50920e8bcd3/dd96ad921deleteifexistsdirthatdoesnotexist1ce70435552c09?recursive=false",
      "RequestMethod": "DELETE",
      "RequestHeaders": {
        "Accept": "application/json",
        "Authorization": "Sanitized",
        "Content-Length": "0",
        "Date": "Wed, 26 Jul 2023 19:31:50 GMT",
        "User-Agent": "azsdk-java-azure-storage-file-datalake/12.17.0-beta.1 (17.0.7; Windows 11; 10.0)",
        "x-ms-client-request-id": "9475e03e-804f-4d86-bb20-b17971c9759d",
        "x-ms-version": "2023-01-03"
      },
      "RequestBody": null,
      "StatusCode": 404,
      "ResponseHeaders": {
        "Content-Length": "163",
        "Content-Type": "application/json; charset=utf-8",
        "Date": "Wed, 26 Jul 2023 19:31:50 GMT",
        "Server": [
          "Windows-Azure-HDFS/1.0",
          "Microsoft-HTTPAPI/2.0"
        ],
        "x-ms-client-request-id": "9475e03e-804f-4d86-bb20-b17971c9759d",
        "x-ms-error-code": "PathNotFound",
        "x-ms-request-id": "c5d57cb6-801f-006d-2df7-bf25c9000000",
        "x-ms-version": "2023-01-03"
      },
      "ResponseBody": {
        "error": {
          "code": "PathNotFound",
          "message": "The specified path does not exist.\nRequestId:c5d57cb6-801f-006d-2df7-bf25c9000000\nTime:2023-07-26T19:31:50.9272436Z"
        }
      }
    },
    {
      "RequestUri": "https://REDACTED/dd96ad920deleteifexistsdirthatdoesnotexist1ce50920e8bcd3/dd96ad921deleteifexistsdirthatdoesnotexist1ce70435552c09",
      "RequestMethod": "HEAD",
      "RequestHeaders": {
        "Accept": "application/xml",
        "Authorization": "Sanitized",
        "Content-Length": "0",
        "Date": "Wed, 26 Jul 2023 19:31:50 GMT",
        "User-Agent": "azsdk-java-azure-storage-blob/12.24.0-beta.1 azsdk-java-azure-storage-file-datalake/12.17.0-beta.1 (17.0.7; Windows 11; 10.0)",
        "x-ms-client-request-id": "2d1ae74b-fc9d-4bd5-a963-081e40557523",
        "x-ms-version": "2023-01-03"
      },
      "RequestBody": null,
      "StatusCode": 404,
      "ResponseHeaders": {
        "Date": "Wed, 26 Jul 2023 19:31:50 GMT",
        "Server": [
          "Windows-Azure-Blob/1.0",
          "Microsoft-HTTPAPI/2.0"
        ],
        "Transfer-Encoding": "chunked",
        "Vary": "Origin",
        "x-ms-client-request-id": "2d1ae74b-fc9d-4bd5-a963-081e40557523",
        "x-ms-error-code": "BlobNotFound",
        "x-ms-request-id": "b34bdafb-801e-007d-36f7-bfe0a1000000",
        "x-ms-version": "2023-01-03"
      },
      "ResponseBody": null
    }
  ],
  "Variables": {
    "0": "dd96ad920deleteifexistsdirthatdoesnotexist1ce50920e8bcd3",
    "1": "dd96ad921deleteifexistsdirthatdoesnotexist1ce70435552c09"
  }
}
