{
  "Entries": [
    {
      "RequestUri": "https://REDACTED/7b10d1c30renamedestac61728422bc42a155e996429ba?restype=container",
      "RequestMethod": "PUT",
      "RequestHeaders": {
        "Accept": "application/xml",
        "Authorization": "Sanitized",
        "Content-Length": "0",
        "Date": "Thu, 27 Jul 2023 14:37:37 GMT",
        "User-Agent": "azsdk-java-azure-storage-blob/12.24.0-beta.1 azsdk-java-azure-storage-file-datalake/12.17.0-beta.1 (17.0.7; Windows 11; 10.0)",
        "x-ms-client-request-id": "e1560d94-392c-4257-a2ed-179f52ebaf40",
        "x-ms-version": "2023-01-03"
      },
      "RequestBody": null,
      "StatusCode": 201,
      "ResponseHeaders": {
        "Content-Length": "0",
        "Date": "Thu, 27 Jul 2023 14:37:36 GMT",
        "ETag": "\u00220x8DB8EAF061D29A5\u0022",
        "Last-Modified": "Thu, 27 Jul 2023 14:37:37 GMT",
        "Server": [
          "Windows-Azure-Blob/1.0",
          "Microsoft-HTTPAPI/2.0"
        ],
        "x-ms-client-request-id": "e1560d94-392c-4257-a2ed-179f52ebaf40",
        "x-ms-request-id": "c55dfde7-f01e-0067-3497-c0817e000000",
        "x-ms-version": "2023-01-03"
      },
      "ResponseBody": null
    },
    {
      "RequestUri": "https://REDACTED/7b10d1c30renamedestac61728422bc42a155e996429ba/7b10d1c31renamedestac6170415862ffaaefc6ab41189?resource=file",
      "RequestMethod": "PUT",
      "RequestHeaders": {
        "Accept": "application/json",
        "Authorization": "Sanitized",
        "Content-Length": "0",
        "Date": "Thu, 27 Jul 2023 14:37:37 GMT",
        "If-None-Match": "*",
        "User-Agent": "azsdk-java-azure-storage-file-datalake/12.17.0-beta.1 (17.0.7; Windows 11; 10.0)",
        "x-ms-client-request-id": "58b6f9b6-6893-40d1-87f3-bc56659e68be",
        "x-ms-version": "2023-01-03"
      },
      "RequestBody": null,
      "StatusCode": 201,
      "ResponseHeaders": {
        "Content-Length": "0",
        "Date": "Thu, 27 Jul 2023 14:37:37 GMT",
        "ETag": "\u00220x8DB8EAF06254C9A\u0022",
        "Last-Modified": "Thu, 27 Jul 2023 14:37:37 GMT",
        "Server": [
          "Windows-Azure-HDFS/1.0",
          "Microsoft-HTTPAPI/2.0"
        ],
        "x-ms-client-request-id": "58b6f9b6-6893-40d1-87f3-bc56659e68be",
        "x-ms-request-id": "c3ca9eb7-b01f-0059-0997-c01601000000",
        "x-ms-request-server-encrypted": "true",
        "x-ms-version": "2023-01-03"
      },
      "ResponseBody": null
    },
    {
      "RequestUri": "https://REDACTED/7b10d1c30renamedestac61728422bc42a155e996429ba/7b10d1c32renamedestac61752188803ac87f23a54cfa8?resource=file",
      "RequestMethod": "PUT",
      "RequestHeaders": {
        "Accept": "application/json",
        "Authorization": "Sanitized",
        "Content-Length": "0",
        "Date": "Thu, 27 Jul 2023 14:37:37 GMT",
        "If-None-Match": "*",
        "User-Agent": "azsdk-java-azure-storage-file-datalake/12.17.0-beta.1 (17.0.7; Windows 11; 10.0)",
        "x-ms-client-request-id": "53c3d87f-6342-41d9-87b8-9d04c057302c",
        "x-ms-version": "2023-01-03"
      },
      "RequestBody": null,
      "StatusCode": 201,
      "ResponseHeaders": {
        "Content-Length": "0",
        "Date": "Thu, 27 Jul 2023 14:37:37 GMT",
        "ETag": "\u00220x8DB8EAF0629EDE1\u0022",
        "Last-Modified": "Thu, 27 Jul 2023 14:37:37 GMT",
        "Server": [
          "Windows-Azure-HDFS/1.0",
          "Microsoft-HTTPAPI/2.0"
        ],
        "x-ms-client-request-id": "53c3d87f-6342-41d9-87b8-9d04c057302c",
        "x-ms-request-id": "c3ca9ed2-b01f-0059-2497-c01601000000",
        "x-ms-request-server-encrypted": "true",
        "x-ms-version": "2023-01-03"
      },
      "ResponseBody": null
    },
    {
      "RequestUri": "https://REDACTED/7b10d1c30renamedestac61728422bc42a155e996429ba/7b10d1c32renamedestac61752188803ac87f23a54cfa8?comp=lease",
      "RequestMethod": "PUT",
      "RequestHeaders": {
        "Accept": "application/xml",
        "Authorization": "Sanitized",
        "Content-Length": "0",
        "Date": "Thu, 27 Jul 2023 14:37:37 GMT",
        "User-Agent": "azsdk-java-azure-storage-file-datalake/12.17.0-beta.1 (17.0.7; Windows 11; 10.0)",
        "x-ms-client-request-id": "9d9d84f4-353e-4ae3-b5d7-f9165927d1b6",
        "x-ms-lease-action": "acquire",
        "x-ms-lease-duration": "-1",
        "x-ms-proposed-lease-id": "a0ab3891-7be5-44fe-985d-5a8be453a429",
        "x-ms-version": "2023-01-03"
      },
      "RequestBody": null,
      "StatusCode": 201,
      "ResponseHeaders": {
        "Content-Length": "0",
        "Date": "Thu, 27 Jul 2023 14:37:36 GMT",
        "ETag": "\u00220x8DB8EAF0629EDE1\u0022",
        "Last-Modified": "Thu, 27 Jul 2023 14:37:37 GMT",
        "Server": [
          "Windows-Azure-Blob/1.0",
          "Microsoft-HTTPAPI/2.0"
        ],
        "x-ms-client-request-id": "9d9d84f4-353e-4ae3-b5d7-f9165927d1b6",
        "x-ms-lease-id": "a0ab3891-7be5-44fe-985d-5a8be453a429",
        "x-ms-request-id": "c55dfe82-f01e-0067-4397-c0817e000000",
        "x-ms-version": "2023-01-03"
      },
      "ResponseBody": null
    },
    {
      "RequestUri": "https://REDACTED/7b10d1c30renamedestac61728422bc42a155e996429ba/7b10d1c32renamedestac61752188803ac87f23a54cfa8?mode=legacy",
      "RequestMethod": "PUT",
      "RequestHeaders": {
        "Accept": "application/json",
        "Authorization": "Sanitized",
        "Content-Length": "0",
        "Date": "Thu, 27 Jul 2023 14:37:37 GMT",
        "User-Agent": "azsdk-java-azure-storage-file-datalake/12.17.0-beta.1 (17.0.7; Windows 11; 10.0)",
        "x-ms-client-request-id": "c442c364-d9ad-4a10-864a-93d0a33a272e",
        "x-ms-lease-id": "a0ab3891-7be5-44fe-985d-5a8be453a429",
        "x-ms-rename-source": "/7b10d1c30renamedestac61728422bc42a155e996429ba/7b10d1c31renamedestac6170415862ffaaefc6ab41189",
        "x-ms-version": "2023-01-03"
      },
      "RequestBody": null,
      "StatusCode": 201,
      "ResponseHeaders": {
        "Content-Length": "0",
        "Date": "Thu, 27 Jul 2023 14:37:37 GMT",
        "ETag": "\u00220x8DB8EAF06254C9A\u0022",
        "Last-Modified": "Thu, 27 Jul 2023 14:37:37 GMT",
        "Server": [
          "Windows-Azure-HDFS/1.0",
          "Microsoft-HTTPAPI/2.0"
        ],
        "x-ms-client-request-id": "c442c364-d9ad-4a10-864a-93d0a33a272e",
        "x-ms-request-id": "8410921c-001f-0097-5297-c0c78f000000",
        "x-ms-version": "2023-01-03"
      },
      "ResponseBody": null
    }
  ],
  "Variables": {
    "0": "7b10d1c30renamedestac61728422bc42a155e996429ba",
    "1": "7b10d1c31renamedestac6170415862ffaaefc6ab41189",
    "2": "7b10d1c32renamedestac61752188803ac87f23a54cfa8"
  }
}
