{
  "Entries": [
    {
      "RequestUri": "https://REDACTED/f6c90e240queryacfail9ba4684626c0c0395c9f46e68?restype=container",
      "RequestMethod": "PUT",
      "RequestHeaders": {
        "Accept": "application/xml",
        "Authorization": "Sanitized",
        "Content-Length": "0",
        "Date": "Wed, 26 Jul 2023 19:18:53 GMT",
        "User-Agent": "azsdk-java-azure-storage-blob/12.24.0-beta.1 azsdk-java-azure-storage-file-datalake/12.17.0-beta.1 (17.0.7; Windows 11; 10.0)",
        "x-ms-client-request-id": "096bbe51-12ea-417c-b9dd-cd88be5e2ce0",
        "x-ms-version": "2023-01-03"
      },
      "RequestBody": null,
      "StatusCode": 201,
      "ResponseHeaders": {
        "Content-Length": "0",
        "Date": "Wed, 26 Jul 2023 19:18:52 GMT",
        "ETag": "\u00220x8DB8E0D264D1AC5\u0022",
        "Last-Modified": "Wed, 26 Jul 2023 19:18:53 GMT",
        "Server": [
          "Windows-Azure-Blob/1.0",
          "Microsoft-HTTPAPI/2.0"
        ],
        "x-ms-client-request-id": "096bbe51-12ea-417c-b9dd-cd88be5e2ce0",
        "x-ms-request-id": "908e0235-a01e-0008-50f6-bf8b8d000000",
        "x-ms-version": "2023-01-03"
      },
      "ResponseBody": null
    },
    {
      "RequestUri": "https://REDACTED/f6c90e240queryacfail9ba4684626c0c0395c9f46e68/f6c90e241queryacfail9ba772912057196dda1d4d639?resource=file",
      "RequestMethod": "PUT",
      "RequestHeaders": {
        "Accept": "application/json",
        "Authorization": "Sanitized",
        "Content-Length": "0",
        "Date": "Wed, 26 Jul 2023 19:18:53 GMT",
        "If-None-Match": "*",
        "User-Agent": "azsdk-java-azure-storage-file-datalake/12.17.0-beta.1 (17.0.7; Windows 11; 10.0)",
        "x-ms-client-request-id": "2fabdc40-3d31-45a4-8956-bca224045dac",
        "x-ms-version": "2023-01-03"
      },
      "RequestBody": null,
      "StatusCode": 201,
      "ResponseHeaders": {
        "Content-Length": "0",
        "Date": "Wed, 26 Jul 2023 19:18:53 GMT",
        "ETag": "\u00220x8DB8E0D26553E97\u0022",
        "Last-Modified": "Wed, 26 Jul 2023 19:18:53 GMT",
        "Server": [
          "Windows-Azure-HDFS/1.0",
          "Microsoft-HTTPAPI/2.0"
        ],
        "x-ms-client-request-id": "2fabdc40-3d31-45a4-8956-bca224045dac",
        "x-ms-request-id": "4b404e47-d01f-003d-2bf6-bfe799000000",
        "x-ms-request-server-encrypted": "true",
        "x-ms-version": "2023-01-03"
      },
      "ResponseBody": null
    },
    {
      "RequestUri": "https://REDACTED/f6c90e240queryacfail9ba4684626c0c0395c9f46e68/f6c90e241queryacfail9ba772912057196dda1d4d639?comp=query",
      "RequestMethod": "POST",
      "RequestHeaders": {
        "Accept": "application/xml",
        "Authorization": "Sanitized",
        "Content-Length": "143",
        "Content-Type": "application/xml",
        "Date": "Wed, 26 Jul 2023 19:18:53 GMT",
        "If-Modified-Since": "Thu, 27 Jul 2023 19:18:35 GMT",
        "User-Agent": "azsdk-java-azure-storage-blob/12.24.0-beta.1 azsdk-java-azure-storage-file-datalake/12.17.0-beta.1 (17.0.7; Windows 11; 10.0)",
        "x-ms-client-request-id": "154af2e4-b550-4dfb-8c10-c916bb2ac95a",
        "x-ms-version": "2023-01-03"
      },
      "RequestBody": "\u003C?xml version=\u00271.0\u0027 encoding=\u0027UTF-8\u0027?\u003E\u003CQueryRequest\u003E\u003CQueryType\u003ESQL\u003C/QueryType\u003E\u003CExpression\u003ESELECT * from BlobStorage\u003C/Expression\u003E\u003C/QueryRequest\u003E",
      "StatusCode": 304,
      "ResponseHeaders": {
        "Date": "Wed, 26 Jul 2023 19:18:52 GMT",
        "Server": [
          "Windows-Azure-Blob/1.0",
          "Microsoft-HTTPAPI/2.0"
        ],
        "x-ms-client-request-id": "154af2e4-b550-4dfb-8c10-c916bb2ac95a",
        "x-ms-error-code": "ConditionNotMet",
        "x-ms-request-id": "c0999172-c01e-0043-6ff6-bf77de000000",
        "x-ms-version": "2023-01-03"
      },
      "ResponseBody": null
    },
    {
      "RequestUri": "https://REDACTED/f6c90e240queryacfail9ba4684626c0c0395c9f46e68/f6c90e241queryacfail9ba772912057196dda1d4d639?comp=query",
      "RequestMethod": "POST",
      "RequestHeaders": {
        "Accept": "application/xml",
        "Authorization": "Sanitized",
        "Content-Length": "143",
        "Content-Type": "application/xml",
        "Date": "Wed, 26 Jul 2023 19:18:53 GMT",
        "If-Modified-Since": "Thu, 27 Jul 2023 19:18:35 GMT",
        "User-Agent": "azsdk-java-azure-storage-blob/12.24.0-beta.1 azsdk-java-azure-storage-file-datalake/12.17.0-beta.1 (17.0.7; Windows 11; 10.0)",
        "x-ms-client-request-id": "65ef388b-9ba3-4ad4-b2d8-9668e71c5379",
        "x-ms-version": "2023-01-03"
      },
      "RequestBody": "\u003C?xml version=\u00271.0\u0027 encoding=\u0027UTF-8\u0027?\u003E\u003CQueryRequest\u003E\u003CQueryType\u003ESQL\u003C/QueryType\u003E\u003CExpression\u003ESELECT * from BlobStorage\u003C/Expression\u003E\u003C/QueryRequest\u003E",
      "StatusCode": 304,
      "ResponseHeaders": {
        "Date": "Wed, 26 Jul 2023 19:18:53 GMT",
        "Server": [
          "Windows-Azure-Blob/1.0",
          "Microsoft-HTTPAPI/2.0"
        ],
        "x-ms-client-request-id": "65ef388b-9ba3-4ad4-b2d8-9668e71c5379",
        "x-ms-error-code": "ConditionNotMet",
        "x-ms-request-id": "d2b4cd76-501e-0051-3af6-bf0c0e000000",
        "x-ms-version": "2023-01-03"
      },
      "ResponseBody": null
    }
  ],
  "Variables": {
    "0": "f6c90e240queryacfail9ba4684626c0c0395c9f46e68",
    "1": "f6c90e241queryacfail9ba772912057196dda1d4d639"
  }
}
