{
  "Entries": [
    {
      "RequestUri": "https://REDACTED/c6c329620appenddataleaserelease83f07777f72d4a2f1671?restype=container",
      "RequestMethod": "PUT",
      "RequestHeaders": {
        "Accept": "application/xml",
        "Authorization": "Sanitized",
        "Content-Length": "0",
        "Date": "Thu, 14 Sep 2023 21:38:58 GMT",
        "User-Agent": "azsdk-java-azure-storage-blob/12.25.0-beta.1 azsdk-java-azure-storage-file-datalake/12.18.0-beta.1 (17.0.8; Windows 11; 10.0)",
        "x-ms-client-request-id": "e8fdbfb0-7a21-4f19-805d-5014da014475",
        "x-ms-version": "2023-08-03"
      },
      "RequestBody": null,
      "StatusCode": 201,
      "ResponseHeaders": {
        "Content-Length": "0",
        "Date": "Thu, 14 Sep 2023 21:38:57 GMT",
        "ETag": "\u00220x8DBB56B00F2B640\u0022",
        "Last-Modified": "Thu, 14 Sep 2023 21:38:58 GMT",
        "Server": [
          "Windows-Azure-Blob/1.0",
          "Microsoft-HTTPAPI/2.0"
        ],
        "x-ms-client-request-id": "e8fdbfb0-7a21-4f19-805d-5014da014475",
        "x-ms-request-id": "4e330b5d-e01e-003f-6b53-e7c52f000000",
        "x-ms-version": "2023-08-03"
      },
      "ResponseBody": null
    },
    {
      "RequestUri": "https://REDACTED/c6c329620appenddataleaserelease83f07777f72d4a2f1671/c6c329621appenddataleaserelease83f17164de75a8bc53ac?resource=file",
      "RequestMethod": "PUT",
      "RequestHeaders": {
        "Accept": "application/json",
        "Authorization": "Sanitized",
        "Content-Length": "0",
        "Date": "Thu, 14 Sep 2023 21:38:58 GMT",
        "If-None-Match": "*",
        "User-Agent": "azsdk-java-azure-storage-file-datalake/12.18.0-beta.1 (17.0.8; Windows 11; 10.0)",
        "x-ms-client-request-id": "746de44b-9f22-48cb-9ba5-5e9a2d38d786",
        "x-ms-version": "2023-08-03"
      },
      "RequestBody": null,
      "StatusCode": 201,
      "ResponseHeaders": {
        "Content-Length": "0",
        "Date": "Thu, 14 Sep 2023 21:38:57 GMT",
        "ETag": "\u00220x8DBB56B010E7297\u0022",
        "Last-Modified": "Thu, 14 Sep 2023 21:38:58 GMT",
        "Server": [
          "Windows-Azure-HDFS/1.0",
          "Microsoft-HTTPAPI/2.0"
        ],
        "x-ms-client-request-id": "746de44b-9f22-48cb-9ba5-5e9a2d38d786",
        "x-ms-request-id": "66780b08-301f-0061-5853-e72ecf000000",
        "x-ms-request-server-encrypted": "true",
        "x-ms-version": "2023-08-03"
      },
      "ResponseBody": null
    },
    {
      "RequestUri": "https://REDACTED/c6c329620appenddataleaserelease83f07777f72d4a2f1671/c6c329622appenddataleaserelease83f61987d0ebedaf9797?resource=file",
      "RequestMethod": "PUT",
      "RequestHeaders": {
        "Accept": "application/json",
        "Authorization": "Sanitized",
        "Content-Length": "0",
        "Date": "Thu, 14 Sep 2023 21:38:58 GMT",
        "If-None-Match": "*",
        "User-Agent": "azsdk-java-azure-storage-file-datalake/12.18.0-beta.1 (17.0.8; Windows 11; 10.0)",
        "x-ms-client-request-id": "88dd468b-8b4f-423f-b9ef-25afcc2f0f87",
        "x-ms-version": "2023-08-03"
      },
      "RequestBody": null,
      "StatusCode": 201,
      "ResponseHeaders": {
        "Content-Length": "0",
        "Date": "Thu, 14 Sep 2023 21:38:57 GMT",
        "ETag": "\u00220x8DBB56B011D05E1\u0022",
        "Last-Modified": "Thu, 14 Sep 2023 21:38:58 GMT",
        "Server": [
          "Windows-Azure-HDFS/1.0",
          "Microsoft-HTTPAPI/2.0"
        ],
        "x-ms-client-request-id": "88dd468b-8b4f-423f-b9ef-25afcc2f0f87",
        "x-ms-request-id": "66780b15-301f-0061-6553-e72ecf000000",
        "x-ms-request-server-encrypted": "true",
        "x-ms-version": "2023-08-03"
      },
      "ResponseBody": null
    },
    {
      "RequestUri": "https://REDACTED/c6c329620appenddataleaserelease83f07777f72d4a2f1671/c6c329622appenddataleaserelease83f61987d0ebedaf9797?comp=lease",
      "RequestMethod": "PUT",
      "RequestHeaders": {
        "Accept": "application/xml",
        "Authorization": "Sanitized",
        "Content-Length": "0",
        "Date": "Thu, 14 Sep 2023 21:38:58 GMT",
        "User-Agent": "azsdk-java-azure-storage-file-datalake/12.18.0-beta.1 (17.0.8; Windows 11; 10.0)",
        "x-ms-client-request-id": "b431d065-6289-48f3-969a-0bbcec7d739f",
        "x-ms-lease-action": "acquire",
        "x-ms-lease-duration": "15",
        "x-ms-proposed-lease-id": "b96dee92-86e1-4e78-9395-0385448b12e2",
        "x-ms-version": "2023-08-03"
      },
      "RequestBody": null,
      "StatusCode": 201,
      "ResponseHeaders": {
        "Content-Length": "0",
        "Date": "Thu, 14 Sep 2023 21:38:58 GMT",
        "ETag": "\u00220x8DBB56B011D05E1\u0022",
        "Last-Modified": "Thu, 14 Sep 2023 21:38:58 GMT",
        "Server": [
          "Windows-Azure-Blob/1.0",
          "Microsoft-HTTPAPI/2.0"
        ],
        "x-ms-client-request-id": "b431d065-6289-48f3-969a-0bbcec7d739f",
        "x-ms-lease-id": "b96dee92-86e1-4e78-9395-0385448b12e2",
        "x-ms-request-id": "31795647-901e-0057-3a53-e7a3bf000000",
        "x-ms-version": "2023-08-03"
      },
      "ResponseBody": null
    },
    {
      "RequestUri": "https://REDACTED/c6c329620appenddataleaserelease83f07777f72d4a2f1671/c6c329622appenddataleaserelease83f61987d0ebedaf9797?action=append\u0026position=0\u0026flush=true",
      "RequestMethod": "PATCH",
      "RequestHeaders": {
        "Accept": "application/json",
        "Authorization": "Sanitized",
        "Content-Length": "7",
        "Content-Type": "application/octet-stream",
        "Date": "Thu, 14 Sep 2023 21:38:58 GMT",
        "User-Agent": "azsdk-java-azure-storage-file-datalake/12.18.0-beta.1 (17.0.8; Windows 11; 10.0)",
        "x-ms-client-request-id": "6d700ccc-e991-48b1-bd82-4216317a324d",
        "x-ms-lease-action": "release",
        "x-ms-lease-id": "b96dee92-86e1-4e78-9395-0385448b12e2",
        "x-ms-version": "2023-08-03"
      },
      "RequestBody": "ZGVmYXVsdA==",
      "StatusCode": 202,
      "ResponseHeaders": {
        "Content-Length": "0",
        "Date": "Thu, 14 Sep 2023 21:38:58 GMT",
        "ETag": "\u00220x8DBB56B013CAE07\u0022",
        "Last-Modified": "Thu, 14 Sep 2023 21:38:58 GMT",
        "Server": [
          "Windows-Azure-HDFS/1.0",
          "Microsoft-HTTPAPI/2.0"
        ],
        "x-ms-client-request-id": "6d700ccc-e991-48b1-bd82-4216317a324d",
        "x-ms-request-id": "6332b333-c01f-0038-2d53-e7a94c000000",
        "x-ms-request-server-encrypted": "true",
        "x-ms-version": "2023-08-03"
      },
      "ResponseBody": null
    },
    {
      "RequestUri": "https://REDACTED/c6c329620appenddataleaserelease83f07777f72d4a2f1671/c6c329622appenddataleaserelease83f61987d0ebedaf9797",
      "RequestMethod": "HEAD",
      "RequestHeaders": {
        "Accept": "application/xml",
        "Authorization": "Sanitized",
        "Content-Length": "0",
        "Date": "Thu, 14 Sep 2023 21:38:58 GMT",
        "User-Agent": "azsdk-java-azure-storage-blob/12.25.0-beta.1 azsdk-java-azure-storage-file-datalake/12.18.0-beta.1 (17.0.8; Windows 11; 10.0)",
        "x-ms-client-request-id": "f353c103-a12c-4b09-affc-bac38bbe9540",
        "x-ms-version": "2023-08-03"
      },
      "RequestBody": null,
      "StatusCode": 200,
      "ResponseHeaders": {
        "Accept-Ranges": "bytes",
        "Content-Length": "7",
        "Content-Type": "application/octet-stream",
        "Date": "Thu, 14 Sep 2023 21:38:58 GMT",
        "ETag": "\u00220x8DBB56B013CAE07\u0022",
        "Last-Modified": "Thu, 14 Sep 2023 21:38:58 GMT",
        "Server": [
          "Windows-Azure-Blob/1.0",
          "Microsoft-HTTPAPI/2.0"
        ],
        "x-ms-access-tier": "Hot",
        "x-ms-access-tier-inferred": "true",
        "x-ms-blob-type": "BlockBlob",
        "x-ms-client-request-id": "f353c103-a12c-4b09-affc-bac38bbe9540",
        "x-ms-creation-time": "Thu, 14 Sep 2023 21:38:58 GMT",
        "x-ms-group": "$superuser",
        "x-ms-lease-state": "available",
        "x-ms-lease-status": "unlocked",
        "x-ms-owner": "$superuser",
        "x-ms-permissions": "rw-r-----",
        "x-ms-request-id": "b09b80ad-a01e-0011-1f53-e79738000000",
        "x-ms-resource-type": "file",
        "x-ms-server-encrypted": "true",
        "x-ms-version": "2023-08-03"
      },
      "ResponseBody": null
    }
  ],
  "Variables": {
    "0": "c6c329620appenddataleaserelease83f07777f72d4a2f1671",
    "1": "c6c329621appenddataleaserelease83f17164de75a8bc53ac",
    "2": "c6c329622appenddataleaserelease83f61987d0ebedaf9797"
  }
}
