{
  "Entries": [
    {
      "RequestUri": "https://REDACTED/1186ca3b0getaccesscontrolacfail60a9061355cf03cf7baf?restype=container",
      "RequestMethod": "PUT",
      "RequestHeaders": {
        "Accept": "application/xml",
        "Authorization": "Sanitized",
        "Content-Length": "0",
        "Date": "Mon, 18 Sep 2023 17:23:02 GMT",
        "User-Agent": "azsdk-java-azure-storage-blob/12.25.0-beta.1 azsdk-java-azure-storage-file-datalake/12.18.0-beta.1 (17.0.8; Windows 11; 10.0)",
        "x-ms-client-request-id": "63065ecf-cf02-44d6-ae4d-309993693d99",
        "x-ms-version": "2023-08-03"
      },
      "RequestBody": null,
      "StatusCode": 201,
      "ResponseHeaders": {
        "Content-Length": "0",
        "Date": "Mon, 18 Sep 2023 17:23:04 GMT",
        "ETag": "\u00220x8DBB86BEB645C8B\u0022",
        "Last-Modified": "Mon, 18 Sep 2023 17:23:05 GMT",
        "Server": [
          "Windows-Azure-Blob/1.0",
          "Microsoft-HTTPAPI/2.0"
        ],
        "x-ms-client-request-id": "63065ecf-cf02-44d6-ae4d-309993693d99",
        "x-ms-request-id": "22198511-101e-0082-4154-ea4c32000000",
        "x-ms-version": "2023-08-03"
      },
      "ResponseBody": null
    },
    {
      "RequestUri": "https://REDACTED/1186ca3b0getaccesscontrolacfail60a9061355cf03cf7baf/1186ca3b1getaccesscontrolacfail60a8601488c04baed3a5?resource=file",
      "RequestMethod": "PUT",
      "RequestHeaders": {
        "Accept": "application/json",
        "Authorization": "Sanitized",
        "Content-Length": "0",
        "Date": "Mon, 18 Sep 2023 17:23:02 GMT",
        "If-None-Match": "*",
        "User-Agent": "azsdk-java-azure-storage-file-datalake/12.18.0-beta.1 (17.0.8; Windows 11; 10.0)",
        "x-ms-client-request-id": "d75edd47-9a4d-4945-98c2-62fad3b0c414",
        "x-ms-version": "2023-08-03"
      },
      "RequestBody": null,
      "StatusCode": 201,
      "ResponseHeaders": {
        "Content-Length": "0",
        "Date": "Mon, 18 Sep 2023 17:23:04 GMT",
        "ETag": "\u00220x8DBB86BEB764A6C\u0022",
        "Last-Modified": "Mon, 18 Sep 2023 17:23:05 GMT",
        "Server": [
          "Windows-Azure-HDFS/1.0",
          "Microsoft-HTTPAPI/2.0"
        ],
        "x-ms-client-request-id": "d75edd47-9a4d-4945-98c2-62fad3b0c414",
        "x-ms-request-id": "c3cdf707-901f-0068-7554-ea6b1c000000",
        "x-ms-request-server-encrypted": "true",
        "x-ms-version": "2023-08-03"
      },
      "ResponseBody": null
    },
    {
      "RequestUri": "https://REDACTED/1186ca3b0getaccesscontrolacfail60a9061355cf03cf7baf/1186ca3b1getaccesscontrolacfail60a8601488c04baed3a5",
      "RequestMethod": "HEAD",
      "RequestHeaders": {
        "Accept": "application/xml",
        "Authorization": "Sanitized",
        "Content-Length": "0",
        "Date": "Mon, 18 Sep 2023 17:23:02 GMT",
        "User-Agent": "azsdk-java-azure-storage-blob/12.25.0-beta.1 azsdk-java-azure-storage-file-datalake/12.18.0-beta.1 (17.0.8; Windows 11; 10.0)",
        "x-ms-client-request-id": "4f3e34fd-208c-4233-88b8-930b867704a6",
        "x-ms-version": "2023-08-03"
      },
      "RequestBody": null,
      "StatusCode": 200,
      "ResponseHeaders": {
        "Accept-Ranges": "bytes",
        "Content-Length": "0",
        "Content-Type": "application/octet-stream",
        "Date": "Mon, 18 Sep 2023 17:23:05 GMT",
        "ETag": "\u00220x8DBB86BEB764A6C\u0022",
        "Last-Modified": "Mon, 18 Sep 2023 17:23:05 GMT",
        "Server": [
          "Windows-Azure-Blob/1.0",
          "Microsoft-HTTPAPI/2.0"
        ],
        "x-ms-access-tier": "Hot",
        "x-ms-access-tier-inferred": "true",
        "x-ms-blob-type": "BlockBlob",
        "x-ms-client-request-id": "4f3e34fd-208c-4233-88b8-930b867704a6",
        "x-ms-creation-time": "Mon, 18 Sep 2023 17:23:05 GMT",
        "x-ms-group": "$superuser",
        "x-ms-lease-state": "available",
        "x-ms-lease-status": "unlocked",
        "x-ms-owner": "$superuser",
        "x-ms-permissions": "rw-r-----",
        "x-ms-request-id": "b5c8b185-101e-00cf-5a54-ea83de000000",
        "x-ms-resource-type": "file",
        "x-ms-server-encrypted": "true",
        "x-ms-version": "2023-08-03"
      },
      "ResponseBody": null
    },
    {
      "RequestUri": "https://REDACTED/1186ca3b0getaccesscontrolacfail60a9061355cf03cf7baf/1186ca3b1getaccesscontrolacfail60a8601488c04baed3a5?action=getAccessControl\u0026upn=false",
      "RequestMethod": "HEAD",
      "RequestHeaders": {
        "Accept": "application/json",
        "Authorization": "Sanitized",
        "Content-Length": "0",
        "Date": "Mon, 18 Sep 2023 17:23:03 GMT",
        "If-None-Match": "0x8DBB86BEB764A6C",
        "User-Agent": "azsdk-java-azure-storage-file-datalake/12.18.0-beta.1 (17.0.8; Windows 11; 10.0)",
        "x-ms-client-request-id": "c8f5b370-51b6-48c0-b813-94c63deb77bf",
        "x-ms-version": "2023-08-03"
      },
      "RequestBody": null,
      "StatusCode": 304,
      "ResponseHeaders": {
        "Date": "Mon, 18 Sep 2023 17:23:05 GMT",
        "Server": [
          "Windows-Azure-HDFS/1.0",
          "Microsoft-HTTPAPI/2.0"
        ],
        "x-ms-client-request-id": "c8f5b370-51b6-48c0-b813-94c63deb77bf",
        "x-ms-error-code": "ConditionNotMet",
        "x-ms-request-id": "8385583e-e01f-00db-6654-eacbb1000000",
        "x-ms-version": "2023-08-03"
      },
      "ResponseBody": null
    }
  ],
  "Variables": {
    "0": "1186ca3b0getaccesscontrolacfail60a9061355cf03cf7baf",
    "1": "1186ca3b1getaccesscontrolacfail60a8601488c04baed3a5"
  }
}
