{
  "Entries": [
    {
      "RequestUri": "https://REDACTED/d72561990createdirheadersbfd820328b4750da97b1430?restype=container",
      "RequestMethod": "PUT",
      "RequestHeaders": {
        "Accept": "application/xml",
        "Authorization": "Sanitized",
        "Content-Length": "0",
        "Date": "Wed, 26 Jul 2023 19:31:46 GMT",
        "User-Agent": "azsdk-java-azure-storage-blob/12.24.0-beta.1 azsdk-java-azure-storage-file-datalake/12.17.0-beta.1 (17.0.7; Windows 11; 10.0)",
        "x-ms-client-request-id": "3e1263e5-6255-45d3-b5bd-fe55853d76e8",
        "x-ms-version": "2023-01-03"
      },
      "RequestBody": null,
      "StatusCode": 201,
      "ResponseHeaders": {
        "Content-Length": "0",
        "Date": "Wed, 26 Jul 2023 19:31:45 GMT",
        "ETag": "\u00220x8DB8E0EF30F9647\u0022",
        "Last-Modified": "Wed, 26 Jul 2023 19:31:46 GMT",
        "Server": [
          "Windows-Azure-Blob/1.0",
          "Microsoft-HTTPAPI/2.0"
        ],
        "x-ms-client-request-id": "3e1263e5-6255-45d3-b5bd-fe55853d76e8",
        "x-ms-request-id": "b4a5e9d6-301e-0035-38f7-bffd96000000",
        "x-ms-version": "2023-01-03"
      },
      "ResponseBody": null
    },
    {
      "RequestUri": "https://REDACTED/d72561990createdirheadersbfd820328b4750da97b1430/d72561991createdirheadersbfd346268ae8a46766e6404?resource=directory",
      "RequestMethod": "PUT",
      "RequestHeaders": {
        "Accept": "application/json",
        "Authorization": "Sanitized",
        "Content-Length": "0",
        "Date": "Wed, 26 Jul 2023 19:31:46 GMT",
        "User-Agent": "azsdk-java-azure-storage-file-datalake/12.17.0-beta.1 (17.0.7; Windows 11; 10.0)",
        "x-ms-cache-control": "control",
        "x-ms-client-request-id": "f9e02447-a83b-4f00-84e3-8de9e88866c2",
        "x-ms-content-disposition": "disposition",
        "x-ms-content-encoding": "encoding",
        "x-ms-content-language": "language",
        "x-ms-content-type": "type",
        "x-ms-version": "2023-01-03"
      },
      "RequestBody": null,
      "StatusCode": 201,
      "ResponseHeaders": {
        "Content-Length": "0",
        "Date": "Wed, 26 Jul 2023 19:31:46 GMT",
        "ETag": "\u00220x8DB8E0EF317C364\u0022",
        "Last-Modified": "Wed, 26 Jul 2023 19:31:46 GMT",
        "Server": [
          "Windows-Azure-HDFS/1.0",
          "Microsoft-HTTPAPI/2.0"
        ],
        "x-ms-client-request-id": "f9e02447-a83b-4f00-84e3-8de9e88866c2",
        "x-ms-request-id": "c5d57353-801f-006d-4ef7-bf25c9000000",
        "x-ms-request-server-encrypted": "true",
        "x-ms-version": "2023-01-03"
      },
      "ResponseBody": null
    },
    {
      "RequestUri": "https://REDACTED/d72561990createdirheadersbfd820328b4750da97b1430/d72561991createdirheadersbfd346268ae8a46766e6404",
      "RequestMethod": "HEAD",
      "RequestHeaders": {
        "Accept": "application/xml",
        "Authorization": "Sanitized",
        "Content-Length": "0",
        "Date": "Wed, 26 Jul 2023 19:31:46 GMT",
        "User-Agent": "azsdk-java-azure-storage-blob/12.24.0-beta.1 azsdk-java-azure-storage-file-datalake/12.17.0-beta.1 (17.0.7; Windows 11; 10.0)",
        "x-ms-client-request-id": "961f03fd-70bc-4a22-be48-72f55fd7298d",
        "x-ms-version": "2023-01-03"
      },
      "RequestBody": null,
      "StatusCode": 200,
      "ResponseHeaders": {
        "Accept-Ranges": "bytes",
        "Cache-Control": "control",
        "Content-Disposition": "disposition",
        "Content-Encoding": "encoding",
        "Content-Language": "language",
        "Content-Length": "0",
        "Content-Type": "type",
        "Date": "Wed, 26 Jul 2023 19:31:45 GMT",
        "ETag": "\u00220x8DB8E0EF317C364\u0022",
        "Last-Modified": "Wed, 26 Jul 2023 19:31:46 GMT",
        "Server": [
          "Windows-Azure-Blob/1.0",
          "Microsoft-HTTPAPI/2.0"
        ],
        "Vary": "Origin",
        "x-ms-access-tier": "Hot",
        "x-ms-access-tier-inferred": "true",
        "x-ms-blob-type": "BlockBlob",
        "x-ms-client-request-id": "961f03fd-70bc-4a22-be48-72f55fd7298d",
        "x-ms-creation-time": "Wed, 26 Jul 2023 19:31:46 GMT",
        "x-ms-group": "$superuser",
        "x-ms-lease-state": "available",
        "x-ms-lease-status": "unlocked",
        "x-ms-meta-hdi_isfolder": "true",
        "x-ms-owner": "$superuser",
        "x-ms-permissions": "rwxr-x---",
        "x-ms-request-id": "b34bca23-801e-007d-70f7-bfe0a1000000",
        "x-ms-resource-type": "directory",
        "x-ms-server-encrypted": "true",
        "x-ms-version": "2023-01-03"
      },
      "ResponseBody": null
    }
  ],
  "Variables": {
    "0": "d72561990createdirheadersbfd820328b4750da97b1430",
    "1": "d72561991createdirheadersbfd346268ae8a46766e6404"
  }
}
