{
  "Entries": [
    {
      "RequestUri": "https://REDACTED/3257b1760uploadinputstreamnolength38e164635e661c84b8?restype=container",
      "RequestMethod": "PUT",
      "RequestHeaders": {
        "Accept": "application/xml",
        "Authorization": "Sanitized",
        "Content-Length": "0",
        "Date": "Wed, 26 Jul 2023 19:32:14 GMT",
        "User-Agent": "azsdk-java-azure-storage-blob/12.24.0-beta.1 azsdk-java-azure-storage-file-datalake/12.17.0-beta.1 (17.0.7; Windows 11; 10.0)",
        "x-ms-client-request-id": "77f48631-10bc-4da3-b178-29b63fcb9b9b",
        "x-ms-version": "2023-01-03"
      },
      "RequestBody": null,
      "StatusCode": 201,
      "ResponseHeaders": {
        "Content-Length": "0",
        "Date": "Wed, 26 Jul 2023 19:32:14 GMT",
        "ETag": "\u00220x8DB8E0F03BDBAE5\u0022",
        "Last-Modified": "Wed, 26 Jul 2023 19:32:14 GMT",
        "Server": [
          "Windows-Azure-Blob/1.0",
          "Microsoft-HTTPAPI/2.0"
        ],
        "x-ms-client-request-id": "77f48631-10bc-4da3-b178-29b63fcb9b9b",
        "x-ms-request-id": "9c3e0c20-001e-002e-5cf7-bfc395000000",
        "x-ms-version": "2023-01-03"
      },
      "ResponseBody": null
    },
    {
      "RequestUri": "https://REDACTED/3257b1760uploadinputstreamnolength38e164635e661c84b8/3257b1761uploadinputstreamnolength38e54501757754af54?resource=file",
      "RequestMethod": "PUT",
      "RequestHeaders": {
        "Accept": "application/json",
        "Authorization": "Sanitized",
        "Content-Length": "0",
        "Date": "Wed, 26 Jul 2023 19:32:14 GMT",
        "If-None-Match": "*",
        "User-Agent": "azsdk-java-azure-storage-file-datalake/12.17.0-beta.1 (17.0.7; Windows 11; 10.0)",
        "x-ms-client-request-id": "85f4a455-1e28-4c62-8860-d46d39b8bc72",
        "x-ms-version": "2023-01-03"
      },
      "RequestBody": null,
      "StatusCode": 201,
      "ResponseHeaders": {
        "Content-Length": "0",
        "Date": "Wed, 26 Jul 2023 19:32:13 GMT",
        "ETag": "\u00220x8DB8E0F03C5DA04\u0022",
        "Last-Modified": "Wed, 26 Jul 2023 19:32:14 GMT",
        "Server": [
          "Windows-Azure-HDFS/1.0",
          "Microsoft-HTTPAPI/2.0"
        ],
        "x-ms-client-request-id": "85f4a455-1e28-4c62-8860-d46d39b8bc72",
        "x-ms-request-id": "c5d5ad12-801f-006d-53f7-bf25c9000000",
        "x-ms-request-server-encrypted": "true",
        "x-ms-version": "2023-01-03"
      },
      "ResponseBody": null
    },
    {
      "RequestUri": "https://REDACTED/3257b1760uploadinputstreamnolength38e164635e661c84b8/3257b1761uploadinputstreamnolength38e54501757754af54?resource=file",
      "RequestMethod": "PUT",
      "RequestHeaders": {
        "Accept": "application/json",
        "Authorization": "Sanitized",
        "Content-Length": "0",
        "Date": "Wed, 26 Jul 2023 19:32:14 GMT",
        "User-Agent": "azsdk-java-azure-storage-file-datalake/12.17.0-beta.1 (17.0.7; Windows 11; 10.0)",
        "x-ms-client-request-id": "946a8ffc-f177-40fe-9c80-18513961e3f4",
        "x-ms-version": "2023-01-03"
      },
      "RequestBody": null,
      "StatusCode": 201,
      "ResponseHeaders": {
        "Content-Length": "0",
        "Date": "Wed, 26 Jul 2023 19:32:14 GMT",
        "ETag": "\u00220x8DB8E0F03CBFA87\u0022",
        "Last-Modified": "Wed, 26 Jul 2023 19:32:14 GMT",
        "Server": [
          "Windows-Azure-HDFS/1.0",
          "Microsoft-HTTPAPI/2.0"
        ],
        "x-ms-client-request-id": "946a8ffc-f177-40fe-9c80-18513961e3f4",
        "x-ms-request-id": "c5d5ad29-801f-006d-6af7-bf25c9000000",
        "x-ms-request-server-encrypted": "true",
        "x-ms-version": "2023-01-03"
      },
      "ResponseBody": null
    },
    {
      "RequestUri": "https://REDACTED/3257b1760uploadinputstreamnolength38e164635e661c84b8/3257b1761uploadinputstreamnolength38e54501757754af54?action=append\u0026position=0",
      "RequestMethod": "PATCH",
      "RequestHeaders": {
        "Accept": "application/json",
        "Authorization": "Sanitized",
        "Content-Length": "7",
        "Content-Type": "application/octet-stream",
        "Date": "Wed, 26 Jul 2023 19:32:14 GMT",
        "User-Agent": "azsdk-java-azure-storage-file-datalake/12.17.0-beta.1 (17.0.7; Windows 11; 10.0)",
        "x-ms-client-request-id": "ac106e90-7eaf-43d3-922b-cc10fd6bad6a",
        "x-ms-version": "2023-01-03"
      },
      "RequestBody": "ZGVmYXVsdA==",
      "StatusCode": 202,
      "ResponseHeaders": {
        "Content-Length": "0",
        "Date": "Wed, 26 Jul 2023 19:32:14 GMT",
        "Server": [
          "Windows-Azure-HDFS/1.0",
          "Microsoft-HTTPAPI/2.0"
        ],
        "x-ms-client-request-id": "ac106e90-7eaf-43d3-922b-cc10fd6bad6a",
        "x-ms-request-id": "c5d5ad3a-801f-006d-7bf7-bf25c9000000",
        "x-ms-request-server-encrypted": "true",
        "x-ms-version": "2023-01-03"
      },
      "ResponseBody": null
    },
    {
      "RequestUri": "https://REDACTED/3257b1760uploadinputstreamnolength38e164635e661c84b8/3257b1761uploadinputstreamnolength38e54501757754af54?action=flush\u0026position=7\u0026retainUncommittedData=false\u0026close=false",
      "RequestMethod": "PATCH",
      "RequestHeaders": {
        "Accept": "application/json",
        "Authorization": "Sanitized",
        "Content-Length": "0",
        "Date": "Wed, 26 Jul 2023 19:32:14 GMT",
        "User-Agent": "azsdk-java-azure-storage-file-datalake/12.17.0-beta.1 (17.0.7; Windows 11; 10.0)",
        "x-ms-client-request-id": "4832ac99-cef4-4803-a9da-db821657259c",
        "x-ms-version": "2023-01-03"
      },
      "RequestBody": null,
      "StatusCode": 200,
      "ResponseHeaders": {
        "Content-Length": "0",
        "Date": "Wed, 26 Jul 2023 19:32:14 GMT",
        "ETag": "\u00220x8DB8E0F03D71DC5\u0022",
        "Last-Modified": "Wed, 26 Jul 2023 19:32:14 GMT",
        "Server": [
          "Windows-Azure-HDFS/1.0",
          "Microsoft-HTTPAPI/2.0"
        ],
        "x-ms-client-request-id": "4832ac99-cef4-4803-a9da-db821657259c",
        "x-ms-request-id": "c5d5ad46-801f-006d-07f7-bf25c9000000",
        "x-ms-request-server-encrypted": "false",
        "x-ms-version": "2023-01-03"
      },
      "ResponseBody": null
    },
    {
      "RequestUri": "https://REDACTED/3257b1760uploadinputstreamnolength38e164635e661c84b8/3257b1761uploadinputstreamnolength38e54501757754af54",
      "RequestMethod": "GET",
      "RequestHeaders": {
        "Accept": "application/xml",
        "Authorization": "Sanitized",
        "Content-Length": "0",
        "Date": "Wed, 26 Jul 2023 19:32:14 GMT",
        "User-Agent": "azsdk-java-azure-storage-blob/12.24.0-beta.1 azsdk-java-azure-storage-file-datalake/12.17.0-beta.1 (17.0.7; Windows 11; 10.0)",
        "x-ms-client-request-id": "65be9219-55d1-4fc2-8f82-a15e0e944cf6",
        "x-ms-version": "2023-01-03"
      },
      "RequestBody": null,
      "StatusCode": 200,
      "ResponseHeaders": {
        "Accept-Ranges": "bytes",
        "Content-Length": "7",
        "Content-Type": "application/octet-stream",
        "Date": "Wed, 26 Jul 2023 19:32:13 GMT",
        "ETag": "\u00220x8DB8E0F03D71DC5\u0022",
        "Last-Modified": "Wed, 26 Jul 2023 19:32:14 GMT",
        "Server": [
          "Windows-Azure-Blob/1.0",
          "Microsoft-HTTPAPI/2.0"
        ],
        "Vary": "Origin",
        "x-ms-blob-type": "BlockBlob",
        "x-ms-client-request-id": "65be9219-55d1-4fc2-8f82-a15e0e944cf6",
        "x-ms-creation-time": "Wed, 26 Jul 2023 19:32:14 GMT",
        "x-ms-group": "$superuser",
        "x-ms-lease-state": "available",
        "x-ms-lease-status": "unlocked",
        "x-ms-owner": "$superuser",
        "x-ms-permissions": "rw-r-----",
        "x-ms-request-id": "b34c2256-801e-007d-18f7-bfe0a1000000",
        "x-ms-resource-type": "file",
        "x-ms-server-encrypted": "true",
        "x-ms-version": "2023-01-03"
      },
      "ResponseBody": "ZGVmYXVsdA=="
    }
  ],
  "Variables": {
    "0": "3257b1760uploadinputstreamnolength38e164635e661c84b8",
    "1": "3257b1761uploadinputstreamnolength38e54501757754af54"
  }
}
