{
  "Entries": [
    {
      "RequestUri": "https://REDACTED/717caebf0deleteifexistsfileacfailde483246b23db68bda0?restype=container",
      "RequestMethod": "PUT",
      "RequestHeaders": {
        "Accept": "application/xml",
        "Authorization": "Sanitized",
        "Content-Length": "0",
        "Date": "Tue, 26 Nov 2024 21:24:24 GMT",
        "User-Agent": "azsdk-java-azure-storage-blob/12.30.0-beta.1 azsdk-java-azure-storage-file-datalake/12.23.0-beta.1 (21.0.2; Windows 11; 10.0)",
        "x-ms-client-request-id": "Sanitized",
        "x-ms-version": "2025-01-05"
      },
      "RequestBody": null,
      "StatusCode": 201,
      "ResponseHeaders": {
        "Content-Length": "0",
        "Date": "Tue, 26 Nov 2024 21:24:24 GMT",
        "ETag": "\"0x8DD0E60B37E1B6A\"",
        "Last-Modified": "Tue, 26 Nov 2024 21:24:24 GMT",
        "Server": [
          "Windows-Azure-Blob/1.0",
          "Microsoft-HTTPAPI/2.0"
        ],
        "x-ms-client-request-id": "Sanitized",
        "x-ms-request-id": "Sanitized",
        "x-ms-version": "2025-01-05"
      },
      "ResponseBody": null
    },
    {
      "RequestUri": "https://REDACTED/717caebf0deleteifexistsfileacfailde483246b23db68bda0/717caebf1deleteifexistsfileacfailde4810143b62bed1f7e?resource=file",
      "RequestMethod": "PUT",
      "RequestHeaders": {
        "Accept": "application/json",
        "Authorization": "Sanitized",
        "Content-Length": "0",
        "Date": "Tue, 26 Nov 2024 21:24:25 GMT",
        "If-None-Match": "*",
        "User-Agent": "azsdk-java-azure-storage-file-datalake/12.23.0-beta.1 (21.0.2; Windows 11; 10.0)",
        "x-ms-client-request-id": "Sanitized",
        "x-ms-version": "2025-01-05"
      },
      "RequestBody": null,
      "StatusCode": 201,
      "ResponseHeaders": {
        "Content-Length": "0",
        "Date": "Tue, 26 Nov 2024 21:24:24 GMT",
        "ETag": "\"0x8DD0E60B39DFCE0\"",
        "Last-Modified": "Tue, 26 Nov 2024 21:24:24 GMT",
        "Server": [
          "Windows-Azure-HDFS/1.0",
          "Microsoft-HTTPAPI/2.0"
        ],
        "x-ms-client-request-id": "Sanitized",
        "x-ms-request-id": "Sanitized",
        "x-ms-request-server-encrypted": "true",
        "x-ms-version": "2025-01-05"
      },
      "ResponseBody": null
    },
    {
      "RequestUri": "https://REDACTED/717caebf0deleteifexistsfileacfailde483246b23db68bda0/717caebf1deleteifexistsfileacfailde4810143b62bed1f7e?comp=lease",
      "RequestMethod": "PUT",
      "RequestHeaders": {
        "Accept": "application/xml",
        "Authorization": "Sanitized",
        "Content-Length": "0",
        "Date": "Tue, 26 Nov 2024 21:24:25 GMT",
        "User-Agent": "azsdk-java-azure-storage-file-datalake/12.23.0-beta.1 (21.0.2; Windows 11; 10.0)",
        "x-ms-client-request-id": "Sanitized",
        "x-ms-lease-action": "acquire",
        "x-ms-lease-duration": "-1",
        "x-ms-proposed-lease-id": "41dfed51-55f3-430a-b680-4df62160e0b2",
        "x-ms-version": "2025-01-05"
      },
      "RequestBody": null,
      "StatusCode": 201,
      "ResponseHeaders": {
        "Content-Length": "0",
        "Date": "Tue, 26 Nov 2024 21:24:24 GMT",
        "ETag": "\"0x8DD0E60B39DFCE0\"",
        "Last-Modified": "Tue, 26 Nov 2024 21:24:24 GMT",
        "Server": [
          "Windows-Azure-Blob/1.0",
          "Microsoft-HTTPAPI/2.0"
        ],
        "x-ms-client-request-id": "Sanitized",
        "x-ms-lease-id": "41dfed51-55f3-430a-b680-4df62160e0b2",
        "x-ms-request-id": "Sanitized",
        "x-ms-version": "2025-01-05"
      },
      "ResponseBody": null
    },
    {
      "RequestUri": "https://REDACTED/717caebf0deleteifexistsfileacfailde483246b23db68bda0/717caebf1deleteifexistsfileacfailde4810143b62bed1f7e",
      "RequestMethod": "DELETE",
      "RequestHeaders": {
        "Accept": "application/json",
        "Authorization": "Sanitized",
        "Content-Length": "0",
        "Date": "Tue, 26 Nov 2024 21:24:25 GMT",
        "User-Agent": "azsdk-java-azure-storage-file-datalake/12.23.0-beta.1 (21.0.2; Windows 11; 10.0)",
        "x-ms-client-request-id": "Sanitized",
        "x-ms-lease-id": "25c00788-7e35-4aaf-84d5-1062ad001d91",
        "x-ms-version": "2025-01-05"
      },
      "RequestBody": null,
      "StatusCode": 412,
      "ResponseHeaders": {
        "Content-Length": "199",
        "Content-Type": "application/json; charset=utf-8",
        "Date": "Tue, 26 Nov 2024 21:24:24 GMT",
        "Server": [
          "Windows-Azure-HDFS/1.0",
          "Microsoft-HTTPAPI/2.0"
        ],
        "x-ms-client-request-id": "Sanitized",
        "x-ms-error-code": "LeaseIdMismatch",
        "x-ms-request-id": "Sanitized",
        "x-ms-version": "2025-01-05"
      },
      "ResponseBody": {
        "error": {
          "code": "LeaseIdMismatch",
          "message": "The lease ID specified did not match the lease ID for the resource.\nRequestId:0092ffda-501f-0011-2049-402da5000000\nTime:2024-11-26T21:24:25.2479770Z"
        }
      }
    }
  ],
  "Variables": {
    "0": "717caebf0deleteifexistsfileacfailde483246b23db68bda0",
    "1": "717caebf1deleteifexistsfileacfailde4810143b62bed1f7e"
  }
}
