{
  "Entries": [
    {
      "RequestUri": "https://REDACTED/62af35ac0renamedestac001348316bb6bb0279ea440e9?restype=container",
      "RequestMethod": "PUT",
      "RequestHeaders": {
        "Accept": "application/xml",
        "Authorization": "Sanitized",
        "Content-Length": "0",
        "Date": "Fri, 15 Sep 2023 18:57:37 GMT",
        "User-Agent": "azsdk-java-azure-storage-blob/12.25.0-beta.1 azsdk-java-azure-storage-file-datalake/12.18.0-beta.1 (17.0.8; Windows 11; 10.0)",
        "x-ms-client-request-id": "ed235678-7628-41d4-9920-a4d18e1ace49",
        "x-ms-version": "2023-08-03"
      },
      "RequestBody": null,
      "StatusCode": 201,
      "ResponseHeaders": {
        "Content-Length": "0",
        "Date": "Fri, 15 Sep 2023 18:57:36 GMT",
        "ETag": "\u00220x8DBB61DA0D5D904\u0022",
        "Last-Modified": "Fri, 15 Sep 2023 18:57:37 GMT",
        "Server": [
          "Windows-Azure-Blob/1.0",
          "Microsoft-HTTPAPI/2.0"
        ],
        "x-ms-client-request-id": "ed235678-7628-41d4-9920-a4d18e1ace49",
        "x-ms-request-id": "5beef86a-101e-0076-4006-e887c4000000",
        "x-ms-version": "2023-08-03"
      },
      "ResponseBody": null
    },
    {
      "RequestUri": "https://REDACTED/62af35ac0renamedestac001348316bb6bb0279ea440e9/62af35ac1renamedestac00100211d29c27d061ce474aa?resource=file",
      "RequestMethod": "PUT",
      "RequestHeaders": {
        "Accept": "application/json",
        "Authorization": "Sanitized",
        "Content-Length": "0",
        "Date": "Fri, 15 Sep 2023 18:57:37 GMT",
        "If-None-Match": "*",
        "User-Agent": "azsdk-java-azure-storage-file-datalake/12.18.0-beta.1 (17.0.8; Windows 11; 10.0)",
        "x-ms-client-request-id": "8bfff54f-a03c-4a8d-bb07-9416e968516a",
        "x-ms-version": "2023-08-03"
      },
      "RequestBody": null,
      "StatusCode": 201,
      "ResponseHeaders": {
        "Content-Length": "0",
        "Date": "Fri, 15 Sep 2023 18:57:37 GMT",
        "ETag": "\u00220x8DBB61DA0E657C8\u0022",
        "Last-Modified": "Fri, 15 Sep 2023 18:57:37 GMT",
        "Server": [
          "Windows-Azure-HDFS/1.0",
          "Microsoft-HTTPAPI/2.0"
        ],
        "x-ms-client-request-id": "8bfff54f-a03c-4a8d-bb07-9416e968516a",
        "x-ms-request-id": "6caaad28-e01f-005d-5a06-e80708000000",
        "x-ms-request-server-encrypted": "true",
        "x-ms-version": "2023-08-03"
      },
      "ResponseBody": null
    },
    {
      "RequestUri": "https://REDACTED/62af35ac0renamedestac001348316bb6bb0279ea440e9/62af35ac2renamedestac00121818ff633933c00440b69?resource=file",
      "RequestMethod": "PUT",
      "RequestHeaders": {
        "Accept": "application/json",
        "Authorization": "Sanitized",
        "Content-Length": "0",
        "Date": "Fri, 15 Sep 2023 18:57:37 GMT",
        "If-None-Match": "*",
        "User-Agent": "azsdk-java-azure-storage-file-datalake/12.18.0-beta.1 (17.0.8; Windows 11; 10.0)",
        "x-ms-client-request-id": "3de7d7a6-b34a-4ca7-832c-4ef6b3fd45e1",
        "x-ms-version": "2023-08-03"
      },
      "RequestBody": null,
      "StatusCode": 201,
      "ResponseHeaders": {
        "Content-Length": "0",
        "Date": "Fri, 15 Sep 2023 18:57:37 GMT",
        "ETag": "\u00220x8DBB61DA0F4FC33\u0022",
        "Last-Modified": "Fri, 15 Sep 2023 18:57:37 GMT",
        "Server": [
          "Windows-Azure-HDFS/1.0",
          "Microsoft-HTTPAPI/2.0"
        ],
        "x-ms-client-request-id": "3de7d7a6-b34a-4ca7-832c-4ef6b3fd45e1",
        "x-ms-request-id": "6caaad37-e01f-005d-6906-e80708000000",
        "x-ms-request-server-encrypted": "true",
        "x-ms-version": "2023-08-03"
      },
      "ResponseBody": null
    },
    {
      "RequestUri": "https://REDACTED/62af35ac0renamedestac001348316bb6bb0279ea440e9/62af35ac2renamedestac00121818ff633933c00440b69?comp=lease",
      "RequestMethod": "PUT",
      "RequestHeaders": {
        "Accept": "application/xml",
        "Authorization": "Sanitized",
        "Content-Length": "0",
        "Date": "Fri, 15 Sep 2023 18:57:37 GMT",
        "User-Agent": "azsdk-java-azure-storage-file-datalake/12.18.0-beta.1 (17.0.8; Windows 11; 10.0)",
        "x-ms-client-request-id": "f7371706-6fa1-4152-8308-58b7ea3eadd9",
        "x-ms-lease-action": "acquire",
        "x-ms-lease-duration": "-1",
        "x-ms-proposed-lease-id": "3770f07a-bc76-4c78-9419-1790a5d9dc98",
        "x-ms-version": "2023-08-03"
      },
      "RequestBody": null,
      "StatusCode": 201,
      "ResponseHeaders": {
        "Content-Length": "0",
        "Date": "Fri, 15 Sep 2023 18:57:36 GMT",
        "ETag": "\u00220x8DBB61DA0F4FC33\u0022",
        "Last-Modified": "Fri, 15 Sep 2023 18:57:37 GMT",
        "Server": [
          "Windows-Azure-Blob/1.0",
          "Microsoft-HTTPAPI/2.0"
        ],
        "x-ms-client-request-id": "f7371706-6fa1-4152-8308-58b7ea3eadd9",
        "x-ms-lease-id": "3770f07a-bc76-4c78-9419-1790a5d9dc98",
        "x-ms-request-id": "ef020913-401e-00a0-6406-e8892d000000",
        "x-ms-version": "2023-08-03"
      },
      "ResponseBody": null
    },
    {
      "RequestUri": "https://REDACTED/62af35ac0renamedestac001348316bb6bb0279ea440e9/62af35ac2renamedestac00121818ff633933c00440b69?mode=legacy",
      "RequestMethod": "PUT",
      "RequestHeaders": {
        "Accept": "application/json",
        "Authorization": "Sanitized",
        "Content-Length": "0",
        "Date": "Fri, 15 Sep 2023 18:57:37 GMT",
        "User-Agent": "azsdk-java-azure-storage-file-datalake/12.18.0-beta.1 (17.0.8; Windows 11; 10.0)",
        "x-ms-client-request-id": "e0abf7ec-96b0-4646-8d63-c5b61b8d202d",
        "x-ms-lease-id": "3770f07a-bc76-4c78-9419-1790a5d9dc98",
        "x-ms-rename-source": "/62af35ac0renamedestac001348316bb6bb0279ea440e9/62af35ac1renamedestac00100211d29c27d061ce474aa",
        "x-ms-version": "2023-08-03"
      },
      "RequestBody": null,
      "StatusCode": 201,
      "ResponseHeaders": {
        "Content-Length": "0",
        "Date": "Fri, 15 Sep 2023 18:57:37 GMT",
        "ETag": "\u00220x8DBB61DA0E657C8\u0022",
        "Last-Modified": "Fri, 15 Sep 2023 18:57:37 GMT",
        "Server": [
          "Windows-Azure-HDFS/1.0",
          "Microsoft-HTTPAPI/2.0"
        ],
        "x-ms-client-request-id": "e0abf7ec-96b0-4646-8d63-c5b61b8d202d",
        "x-ms-request-id": "49c9325e-401f-006b-4a06-e88a78000000",
        "x-ms-version": "2023-08-03"
      },
      "ResponseBody": null
    }
  ],
  "Variables": {
    "0": "62af35ac0renamedestac001348316bb6bb0279ea440e9",
    "1": "62af35ac1renamedestac00100211d29c27d061ce474aa",
    "2": "62af35ac2renamedestac00121818ff633933c00440b69"
  }
}
