{
  "Entries": [
    {
      "RequestUri": "https://REDACTED/b8cac1920setaccesspolicyminaccess9981679443e69f9983f?restype=container",
      "RequestMethod": "PUT",
      "RequestHeaders": {
        "Accept": "application/xml",
        "Authorization": "Sanitized",
        "Content-Length": "0",
        "Date": "Wed, 26 Jul 2023 19:32:07 GMT",
        "User-Agent": "azsdk-java-azure-storage-blob/12.24.0-beta.1 azsdk-java-azure-storage-file-datalake/12.17.0-beta.1 (17.0.7; Windows 11; 10.0)",
        "x-ms-client-request-id": "32c3d716-bbee-4a12-8d6e-2a803eda1c09",
        "x-ms-version": "2023-01-03"
      },
      "RequestBody": null,
      "StatusCode": 201,
      "ResponseHeaders": {
        "Content-Length": "0",
        "Date": "Wed, 26 Jul 2023 19:32:06 GMT",
        "ETag": "\u00220x8DB8E0EFFB330AF\u0022",
        "Last-Modified": "Wed, 26 Jul 2023 19:32:07 GMT",
        "Server": [
          "Windows-Azure-Blob/1.0",
          "Microsoft-HTTPAPI/2.0"
        ],
        "x-ms-client-request-id": "32c3d716-bbee-4a12-8d6e-2a803eda1c09",
        "x-ms-request-id": "2dcffb83-201e-005b-02f7-bfa8b9000000",
        "x-ms-version": "2023-01-03"
      },
      "ResponseBody": null
    },
    {
      "RequestUri": "https://REDACTED/b8cac1920setaccesspolicyminaccess9981679443e69f9983f?restype=container\u0026comp=acl",
      "RequestMethod": "PUT",
      "RequestHeaders": {
        "Accept": "application/xml",
        "Authorization": "Sanitized",
        "Content-Length": "58",
        "Content-Type": "application/xml",
        "Date": "Wed, 26 Jul 2023 19:32:07 GMT",
        "User-Agent": "azsdk-java-azure-storage-blob/12.24.0-beta.1 azsdk-java-azure-storage-file-datalake/12.17.0-beta.1 (17.0.7; Windows 11; 10.0)",
        "x-ms-blob-public-access": "container",
        "x-ms-client-request-id": "a175d76f-42ea-46c0-abc7-727dd580d29d",
        "x-ms-version": "2023-01-03"
      },
      "RequestBody": "\u003C?xml version=\u00271.0\u0027 encoding=\u0027UTF-8\u0027?\u003E\u003CSignedIdentifiers/\u003E",
      "StatusCode": 200,
      "ResponseHeaders": {
        "Content-Length": "0",
        "Date": "Wed, 26 Jul 2023 19:32:06 GMT",
        "ETag": "\u00220x8DB8E0EFFBBD5CE\u0022",
        "Last-Modified": "Wed, 26 Jul 2023 19:32:07 GMT",
        "Server": [
          "Windows-Azure-Blob/1.0",
          "Microsoft-HTTPAPI/2.0"
        ],
        "x-ms-client-request-id": "a175d76f-42ea-46c0-abc7-727dd580d29d",
        "x-ms-request-id": "7c50952a-a01e-00a1-38f7-bf4aff000000",
        "x-ms-version": "2023-01-03"
      },
      "ResponseBody": null
    },
    {
      "RequestUri": "https://REDACTED/b8cac1920setaccesspolicyminaccess9981679443e69f9983f?restype=container",
      "RequestMethod": "GET",
      "RequestHeaders": {
        "Accept": "application/xml",
        "Authorization": "Sanitized",
        "Content-Length": "0",
        "Date": "Wed, 26 Jul 2023 19:32:07 GMT",
        "User-Agent": "azsdk-java-azure-storage-blob/12.24.0-beta.1 azsdk-java-azure-storage-file-datalake/12.17.0-beta.1 (17.0.7; Windows 11; 10.0)",
        "x-ms-client-request-id": "19fa716b-4dbe-4f28-b4d5-d14a1734645e",
        "x-ms-version": "2023-01-03"
      },
      "RequestBody": null,
      "StatusCode": 200,
      "ResponseHeaders": {
        "Content-Length": "0",
        "Date": "Wed, 26 Jul 2023 19:32:06 GMT",
        "ETag": "\u00220x8DB8E0EFFBBD5CE\u0022",
        "Last-Modified": "Wed, 26 Jul 2023 19:32:07 GMT",
        "Server": [
          "Windows-Azure-Blob/1.0",
          "Microsoft-HTTPAPI/2.0"
        ],
        "Vary": "Origin",
        "x-ms-blob-public-access": "container",
        "x-ms-client-request-id": "19fa716b-4dbe-4f28-b4d5-d14a1734645e",
        "x-ms-default-encryption-scope": "$account-encryption-key",
        "x-ms-deny-encryption-scope-override": "false",
        "x-ms-has-immutability-policy": "false",
        "x-ms-has-legal-hold": "false",
        "x-ms-immutable-storage-with-versioning-enabled": "false",
        "x-ms-lease-state": "available",
        "x-ms-lease-status": "unlocked",
        "x-ms-request-id": "7c509547-a01e-00a1-55f7-bf4aff000000",
        "x-ms-version": "2023-01-03"
      },
      "ResponseBody": null
    }
  ],
  "Variables": {
    "0": "b8cac1920setaccesspolicyminaccess9981679443e69f9983f"
  }
}
