{
  "Entries": [
    {
      "RequestUri": "https://REDACTED/0db7e6700downloadfilerange137512022e1f6adc84c847?restype=container",
      "RequestMethod": "PUT",
      "RequestHeaders": {
        "Accept": "application/xml",
        "Authorization": "Sanitized",
        "Content-Length": "0",
        "Date": "Wed, 26 Jul 2023 19:32:15 GMT",
        "User-Agent": "azsdk-java-azure-storage-blob/12.24.0-beta.1 azsdk-java-azure-storage-file-datalake/12.17.0-beta.1 (17.0.7; Windows 11; 10.0)",
        "x-ms-client-request-id": "f9dc171e-ad14-43c8-a8e7-6c70417e810f",
        "x-ms-version": "2023-01-03"
      },
      "RequestBody": null,
      "StatusCode": 201,
      "ResponseHeaders": {
        "Content-Length": "0",
        "Date": "Wed, 26 Jul 2023 19:32:14 GMT",
        "ETag": "\u00220x8DB8E0F04721BD1\u0022",
        "Last-Modified": "Wed, 26 Jul 2023 19:32:15 GMT",
        "Server": [
          "Windows-Azure-Blob/1.0",
          "Microsoft-HTTPAPI/2.0"
        ],
        "x-ms-client-request-id": "f9dc171e-ad14-43c8-a8e7-6c70417e810f",
        "x-ms-request-id": "e2f5ea69-f01e-003a-09f7-bf8bfa000000",
        "x-ms-version": "2023-01-03"
      },
      "ResponseBody": null
    },
    {
      "RequestUri": "https://REDACTED/0db7e6700downloadfilerange137512022e1f6adc84c847/0db7e6701downloadfilerange137835252fd152ef9bc941?resource=file",
      "RequestMethod": "PUT",
      "RequestHeaders": {
        "Accept": "application/json",
        "Authorization": "Sanitized",
        "Content-Length": "0",
        "Date": "Wed, 26 Jul 2023 19:32:15 GMT",
        "If-None-Match": "*",
        "User-Agent": "azsdk-java-azure-storage-file-datalake/12.17.0-beta.1 (17.0.7; Windows 11; 10.0)",
        "x-ms-client-request-id": "4e461061-2722-4de5-88f0-2972dfc8ece9",
        "x-ms-version": "2023-01-03"
      },
      "RequestBody": null,
      "StatusCode": 201,
      "ResponseHeaders": {
        "Content-Length": "0",
        "Date": "Wed, 26 Jul 2023 19:32:15 GMT",
        "ETag": "\u00220x8DB8E0F047AA09C\u0022",
        "Last-Modified": "Wed, 26 Jul 2023 19:32:15 GMT",
        "Server": [
          "Windows-Azure-HDFS/1.0",
          "Microsoft-HTTPAPI/2.0"
        ],
        "x-ms-client-request-id": "4e461061-2722-4de5-88f0-2972dfc8ece9",
        "x-ms-request-id": "f4f840a6-801f-0020-78f7-bfea25000000",
        "x-ms-request-server-encrypted": "true",
        "x-ms-version": "2023-01-03"
      },
      "ResponseBody": null
    },
    {
      "RequestUri": "https://REDACTED/0db7e6700downloadfilerange137512022e1f6adc84c847/0db7e6701downloadfilerange137835252fd152ef9bc941?resource=file",
      "RequestMethod": "PUT",
      "RequestHeaders": {
        "Accept": "application/json",
        "Authorization": "Sanitized",
        "Content-Length": "0",
        "Date": "Wed, 26 Jul 2023 19:32:15 GMT",
        "User-Agent": "azsdk-java-azure-storage-file-datalake/12.17.0-beta.1 (17.0.7; Windows 11; 10.0)",
        "x-ms-client-request-id": "e395e4bc-fa21-4eaa-b1c3-7060e75f387e",
        "x-ms-version": "2023-01-03"
      },
      "RequestBody": null,
      "StatusCode": 201,
      "ResponseHeaders": {
        "Content-Length": "0",
        "Date": "Wed, 26 Jul 2023 19:32:15 GMT",
        "ETag": "\u00220x8DB8E0F04810C8A\u0022",
        "Last-Modified": "Wed, 26 Jul 2023 19:32:15 GMT",
        "Server": [
          "Windows-Azure-HDFS/1.0",
          "Microsoft-HTTPAPI/2.0"
        ],
        "x-ms-client-request-id": "e395e4bc-fa21-4eaa-b1c3-7060e75f387e",
        "x-ms-request-id": "f4f840c6-801f-0020-18f7-bfea25000000",
        "x-ms-request-server-encrypted": "true",
        "x-ms-version": "2023-01-03"
      },
      "ResponseBody": null
    },
    {
      "RequestUri": "https://REDACTED/0db7e6700downloadfilerange137512022e1f6adc84c847/0db7e6701downloadfilerange137835252fd152ef9bc941?action=append\u0026position=0",
      "RequestMethod": "PATCH",
      "RequestHeaders": {
        "Accept": "application/json",
        "Authorization": "Sanitized",
        "Content-Length": "7",
        "Content-Type": "application/octet-stream",
        "Date": "Wed, 26 Jul 2023 19:32:15 GMT",
        "User-Agent": "azsdk-java-azure-storage-file-datalake/12.17.0-beta.1 (17.0.7; Windows 11; 10.0)",
        "x-ms-client-request-id": "99a8e398-1e8c-4180-8b1d-516eb6f44908",
        "x-ms-version": "2023-01-03"
      },
      "RequestBody": "IfBa2ENcwA==",
      "StatusCode": 202,
      "ResponseHeaders": {
        "Content-Length": "0",
        "Date": "Wed, 26 Jul 2023 19:32:15 GMT",
        "Server": [
          "Windows-Azure-HDFS/1.0",
          "Microsoft-HTTPAPI/2.0"
        ],
        "x-ms-client-request-id": "99a8e398-1e8c-4180-8b1d-516eb6f44908",
        "x-ms-request-id": "f4f840db-801f-0020-2df7-bfea25000000",
        "x-ms-request-server-encrypted": "true",
        "x-ms-version": "2023-01-03"
      },
      "ResponseBody": null
    },
    {
      "RequestUri": "https://REDACTED/0db7e6700downloadfilerange137512022e1f6adc84c847/0db7e6701downloadfilerange137835252fd152ef9bc941?action=flush\u0026position=7\u0026retainUncommittedData=false\u0026close=false",
      "RequestMethod": "PATCH",
      "RequestHeaders": {
        "Accept": "application/json",
        "Authorization": "Sanitized",
        "Content-Length": "0",
        "Date": "Wed, 26 Jul 2023 19:32:15 GMT",
        "User-Agent": "azsdk-java-azure-storage-file-datalake/12.17.0-beta.1 (17.0.7; Windows 11; 10.0)",
        "x-ms-client-request-id": "191f16d7-4463-426a-a132-94aec360bb42",
        "x-ms-version": "2023-01-03"
      },
      "RequestBody": null,
      "StatusCode": 200,
      "ResponseHeaders": {
        "Content-Length": "0",
        "Date": "Wed, 26 Jul 2023 19:32:15 GMT",
        "ETag": "\u00220x8DB8E0F048CDF83\u0022",
        "Last-Modified": "Wed, 26 Jul 2023 19:32:15 GMT",
        "Server": [
          "Windows-Azure-HDFS/1.0",
          "Microsoft-HTTPAPI/2.0"
        ],
        "x-ms-client-request-id": "191f16d7-4463-426a-a132-94aec360bb42",
        "x-ms-request-id": "f4f840ee-801f-0020-40f7-bfea25000000",
        "x-ms-request-server-encrypted": "false",
        "x-ms-version": "2023-01-03"
      },
      "ResponseBody": null
    },
    {
      "RequestUri": "https://REDACTED/0db7e6700downloadfilerange137512022e1f6adc84c847/0db7e6701downloadfilerange137835252fd152ef9bc941",
      "RequestMethod": "GET",
      "RequestHeaders": {
        "Accept": "application/xml",
        "Authorization": "Sanitized",
        "Content-Length": "0",
        "Date": "Wed, 26 Jul 2023 19:32:15 GMT",
        "User-Agent": "azsdk-java-azure-storage-blob/12.24.0-beta.1 azsdk-java-azure-storage-file-datalake/12.17.0-beta.1 (17.0.7; Windows 11; 10.0)",
        "x-ms-client-request-id": "e3a1768f-39c9-41dd-bed8-7a44440fc51c",
        "x-ms-range": "bytes=3-4",
        "x-ms-version": "2023-01-03"
      },
      "RequestBody": null,
      "StatusCode": 206,
      "ResponseHeaders": {
        "Accept-Ranges": "bytes",
        "Content-Length": "2",
        "Content-Range": "bytes 3-4/7",
        "Content-Type": "application/octet-stream",
        "Date": "Wed, 26 Jul 2023 19:32:15 GMT",
        "ETag": "\u00220x8DB8E0F048CDF83\u0022",
        "Last-Modified": "Wed, 26 Jul 2023 19:32:15 GMT",
        "Server": [
          "Windows-Azure-Blob/1.0",
          "Microsoft-HTTPAPI/2.0"
        ],
        "Vary": "Origin",
        "x-ms-blob-type": "BlockBlob",
        "x-ms-client-request-id": "e3a1768f-39c9-41dd-bed8-7a44440fc51c",
        "x-ms-creation-time": "Wed, 26 Jul 2023 19:32:15 GMT",
        "x-ms-group": "$superuser",
        "x-ms-lease-state": "available",
        "x-ms-lease-status": "unlocked",
        "x-ms-owner": "$superuser",
        "x-ms-permissions": "rw-r-----",
        "x-ms-request-id": "b34c25cb-801e-007d-16f7-bfe0a1000000",
        "x-ms-resource-type": "file",
        "x-ms-server-encrypted": "true",
        "x-ms-version": "2023-01-03"
      },
      "ResponseBody": "2EM="
    }
  ],
  "Variables": {
    "0": "0db7e6700downloadfilerange137512022e1f6adc84c847",
    "1": "0db7e6701downloadfilerange137835252fd152ef9bc941",
    "2": "1d407f18-174f-4432-af60-ffbe287ce155",
    "3": "downloadfilerange1376227117f578da2b6f41798"
  }
}
