{
  "Entries": [
    {
      "RequestUri": "https://REDACTED/0819cafa0flushacf02407194589ebd2e2f14137885?restype=container",
      "RequestMethod": "PUT",
      "RequestHeaders": {
        "Accept": "application/xml",
        "Authorization": "Sanitized",
        "Content-Length": "0",
        "Date": "Wed, 20 Sep 2023 18:19:45 GMT",
        "User-Agent": "azsdk-java-azure-storage-blob/12.25.0-beta.1 azsdk-java-azure-storage-file-datalake/12.18.0-beta.1 (17.0.8; Windows 11; 10.0)",
        "x-ms-client-request-id": "56052011-ad94-4928-b7e4-95f8f4aaedb1",
        "x-ms-version": "2023-08-03"
      },
      "RequestBody": null,
      "StatusCode": 201,
      "ResponseHeaders": {
        "Content-Length": "0",
        "Date": "Wed, 20 Sep 2023 18:19:46 GMT",
        "ETag": "\u00220x8DBBA062BC56FF7\u0022",
        "Last-Modified": "Wed, 20 Sep 2023 18:19:46 GMT",
        "Server": [
          "Windows-Azure-Blob/1.0",
          "Microsoft-HTTPAPI/2.0"
        ],
        "x-ms-client-request-id": "56052011-ad94-4928-b7e4-95f8f4aaedb1",
        "x-ms-request-id": "dff68e29-701e-00bb-1def-ebb72e000000",
        "x-ms-version": "2023-08-03"
      },
      "ResponseBody": null
    },
    {
      "RequestUri": "https://REDACTED/0819cafa0flushacf02407194589ebd2e2f14137885/0819cafa1flushacf02941638e05bf6a28d140769f9?resource=file",
      "RequestMethod": "PUT",
      "RequestHeaders": {
        "Accept": "application/json",
        "Authorization": "Sanitized",
        "Content-Length": "0",
        "Date": "Wed, 20 Sep 2023 18:19:45 GMT",
        "If-None-Match": "*",
        "User-Agent": "azsdk-java-azure-storage-file-datalake/12.18.0-beta.1 (17.0.8; Windows 11; 10.0)",
        "x-ms-client-request-id": "737c54cf-688f-40c3-b494-b1357aa0fb7c",
        "x-ms-version": "2023-08-03"
      },
      "RequestBody": null,
      "StatusCode": 201,
      "ResponseHeaders": {
        "Content-Length": "0",
        "Date": "Wed, 20 Sep 2023 18:19:46 GMT",
        "ETag": "\u00220x8DBBA062BD61456\u0022",
        "Last-Modified": "Wed, 20 Sep 2023 18:19:47 GMT",
        "Server": [
          "Windows-Azure-HDFS/1.0",
          "Microsoft-HTTPAPI/2.0"
        ],
        "x-ms-client-request-id": "737c54cf-688f-40c3-b494-b1357aa0fb7c",
        "x-ms-request-id": "7f58208f-801f-005b-05ef-eb34b7000000",
        "x-ms-request-server-encrypted": "true",
        "x-ms-version": "2023-08-03"
      },
      "ResponseBody": null
    },
    {
      "RequestUri": "https://REDACTED/0819cafa0flushacf02407194589ebd2e2f14137885/0819cafa2flushacf0229831f3a6419a2ecf4734bc9?resource=file",
      "RequestMethod": "PUT",
      "RequestHeaders": {
        "Accept": "application/json",
        "Authorization": "Sanitized",
        "Content-Length": "0",
        "Date": "Wed, 20 Sep 2023 18:19:45 GMT",
        "If-None-Match": "*",
        "User-Agent": "azsdk-java-azure-storage-file-datalake/12.18.0-beta.1 (17.0.8; Windows 11; 10.0)",
        "x-ms-client-request-id": "11d0e0e4-98f6-4f3a-a1f6-69b5f4c4bf8c",
        "x-ms-version": "2023-08-03"
      },
      "RequestBody": null,
      "StatusCode": 201,
      "ResponseHeaders": {
        "Content-Length": "0",
        "Date": "Wed, 20 Sep 2023 18:19:46 GMT",
        "ETag": "\u00220x8DBBA062BE5497B\u0022",
        "Last-Modified": "Wed, 20 Sep 2023 18:19:47 GMT",
        "Server": [
          "Windows-Azure-HDFS/1.0",
          "Microsoft-HTTPAPI/2.0"
        ],
        "x-ms-client-request-id": "11d0e0e4-98f6-4f3a-a1f6-69b5f4c4bf8c",
        "x-ms-request-id": "86e42b08-701f-00e6-57ef-ebbdaa000000",
        "x-ms-request-server-encrypted": "true",
        "x-ms-version": "2023-08-03"
      },
      "ResponseBody": null
    },
    {
      "RequestUri": "https://REDACTED/0819cafa0flushacf02407194589ebd2e2f14137885/0819cafa2flushacf0229831f3a6419a2ecf4734bc9?action=append\u0026position=0",
      "RequestMethod": "PATCH",
      "RequestHeaders": {
        "Accept": "application/json",
        "Authorization": "Sanitized",
        "Content-Length": "7",
        "Content-Type": "application/octet-stream",
        "Date": "Wed, 20 Sep 2023 18:19:45 GMT",
        "User-Agent": "azsdk-java-azure-storage-file-datalake/12.18.0-beta.1 (17.0.8; Windows 11; 10.0)",
        "x-ms-client-request-id": "b7555b91-57ba-4271-8b27-abbd042d8cf2",
        "x-ms-version": "2023-08-03"
      },
      "RequestBody": "ZGVmYXVsdA==",
      "StatusCode": 202,
      "ResponseHeaders": {
        "Content-Length": "0",
        "Date": "Wed, 20 Sep 2023 18:19:46 GMT",
        "Server": [
          "Windows-Azure-HDFS/1.0",
          "Microsoft-HTTPAPI/2.0"
        ],
        "x-ms-client-request-id": "b7555b91-57ba-4271-8b27-abbd042d8cf2",
        "x-ms-request-id": "86e42b16-701f-00e6-65ef-ebbdaa000000",
        "x-ms-request-server-encrypted": "true",
        "x-ms-version": "2023-08-03"
      },
      "ResponseBody": null
    },
    {
      "RequestUri": "https://REDACTED/0819cafa0flushacf02407194589ebd2e2f14137885/0819cafa2flushacf0229831f3a6419a2ecf4734bc9?action=flush\u0026position=7\u0026retainUncommittedData=false\u0026close=false",
      "RequestMethod": "PATCH",
      "RequestHeaders": {
        "Accept": "application/json",
        "Authorization": "Sanitized",
        "Content-Length": "0",
        "Date": "Wed, 20 Sep 2023 18:19:46 GMT",
        "If-Unmodified-Since": "Thu, 21 Sep 2023 18:19:26 GMT",
        "User-Agent": "azsdk-java-azure-storage-file-datalake/12.18.0-beta.1 (17.0.8; Windows 11; 10.0)",
        "x-ms-client-request-id": "bb7cef24-5a4f-453e-8018-9e1a63e56927",
        "x-ms-version": "2023-08-03"
      },
      "RequestBody": null,
      "StatusCode": 200,
      "ResponseHeaders": {
        "Content-Length": "0",
        "Date": "Wed, 20 Sep 2023 18:19:46 GMT",
        "ETag": "\u00220x8DBBA062C0B26E3\u0022",
        "Last-Modified": "Wed, 20 Sep 2023 18:19:47 GMT",
        "Server": [
          "Windows-Azure-HDFS/1.0",
          "Microsoft-HTTPAPI/2.0"
        ],
        "x-ms-client-request-id": "bb7cef24-5a4f-453e-8018-9e1a63e56927",
        "x-ms-request-id": "86e42b25-701f-00e6-74ef-ebbdaa000000",
        "x-ms-request-server-encrypted": "false",
        "x-ms-version": "2023-08-03"
      },
      "ResponseBody": null
    }
  ],
  "Variables": {
    "0": "0819cafa0flushacf02407194589ebd2e2f14137885",
    "1": "0819cafa1flushacf02941638e05bf6a28d140769f9",
    "2": "0819cafa2flushacf0229831f3a6419a2ecf4734bc9"
  }
}
