{
  "Entries": [
    {
      "RequestUri": "https://REDACTED/d2b218ff0deleteifexistsac6c1947789e0aab01cf874ff?restype=container",
      "RequestMethod": "PUT",
      "RequestHeaders": {
        "Accept": "application/xml",
        "Authorization": "Sanitized",
        "Content-Length": "0",
        "Date": "Fri, 15 Sep 2023 18:58:27 GMT",
        "User-Agent": "azsdk-java-azure-storage-blob/12.25.0-beta.1 azsdk-java-azure-storage-file-datalake/12.18.0-beta.1 (17.0.8; Windows 11; 10.0)",
        "x-ms-client-request-id": "3a3cd8a3-eb74-4c36-8286-66348abb6989",
        "x-ms-version": "2023-08-03"
      },
      "RequestBody": null,
      "StatusCode": 201,
      "ResponseHeaders": {
        "Content-Length": "0",
        "Date": "Fri, 15 Sep 2023 18:58:27 GMT",
        "ETag": "\u00220x8DBB61DBEFB35DE\u0022",
        "Last-Modified": "Fri, 15 Sep 2023 18:58:27 GMT",
        "Server": [
          "Windows-Azure-Blob/1.0",
          "Microsoft-HTTPAPI/2.0"
        ],
        "x-ms-client-request-id": "3a3cd8a3-eb74-4c36-8286-66348abb6989",
        "x-ms-request-id": "47206e05-701e-00ab-1d06-e87246000000",
        "x-ms-version": "2023-08-03"
      },
      "ResponseBody": null
    },
    {
      "RequestUri": "https://REDACTED/d2b218ff0deleteifexistsac6c1947789e0aab01cf874ff/d2b218ff1deleteifexistsac6c169014e53ea22363a24e3?resource=file",
      "RequestMethod": "PUT",
      "RequestHeaders": {
        "Accept": "application/json",
        "Authorization": "Sanitized",
        "Content-Length": "0",
        "Date": "Fri, 15 Sep 2023 18:58:27 GMT",
        "If-None-Match": "*",
        "User-Agent": "azsdk-java-azure-storage-file-datalake/12.18.0-beta.1 (17.0.8; Windows 11; 10.0)",
        "x-ms-client-request-id": "b6551666-6e0e-488d-95a6-e597b8adf71c",
        "x-ms-version": "2023-08-03"
      },
      "RequestBody": null,
      "StatusCode": 201,
      "ResponseHeaders": {
        "Content-Length": "0",
        "Date": "Fri, 15 Sep 2023 18:58:27 GMT",
        "ETag": "\u00220x8DBB61DBF0B9182\u0022",
        "Last-Modified": "Fri, 15 Sep 2023 18:58:27 GMT",
        "Server": [
          "Windows-Azure-HDFS/1.0",
          "Microsoft-HTTPAPI/2.0"
        ],
        "x-ms-client-request-id": "b6551666-6e0e-488d-95a6-e597b8adf71c",
        "x-ms-request-id": "efd637b2-001f-008e-1106-e8db3a000000",
        "x-ms-request-server-encrypted": "true",
        "x-ms-version": "2023-08-03"
      },
      "ResponseBody": null
    },
    {
      "RequestUri": "https://REDACTED/d2b218ff0deleteifexistsac6c1947789e0aab01cf874ff/d2b218ff1deleteifexistsac6c169014e53ea22363a24e3?comp=lease",
      "RequestMethod": "PUT",
      "RequestHeaders": {
        "Accept": "application/xml",
        "Authorization": "Sanitized",
        "Content-Length": "0",
        "Date": "Fri, 15 Sep 2023 18:58:27 GMT",
        "User-Agent": "azsdk-java-azure-storage-file-datalake/12.18.0-beta.1 (17.0.8; Windows 11; 10.0)",
        "x-ms-client-request-id": "0bdf6622-36dc-4ba0-b758-987faf8d604d",
        "x-ms-lease-action": "acquire",
        "x-ms-lease-duration": "-1",
        "x-ms-proposed-lease-id": "38f1f0d7-5b0e-438a-bd48-3b44f039a56e",
        "x-ms-version": "2023-08-03"
      },
      "RequestBody": null,
      "StatusCode": 201,
      "ResponseHeaders": {
        "Content-Length": "0",
        "Date": "Fri, 15 Sep 2023 18:58:27 GMT",
        "ETag": "\u00220x8DBB61DBF0B9182\u0022",
        "Last-Modified": "Fri, 15 Sep 2023 18:58:27 GMT",
        "Server": [
          "Windows-Azure-Blob/1.0",
          "Microsoft-HTTPAPI/2.0"
        ],
        "x-ms-client-request-id": "0bdf6622-36dc-4ba0-b758-987faf8d604d",
        "x-ms-lease-id": "38f1f0d7-5b0e-438a-bd48-3b44f039a56e",
        "x-ms-request-id": "47206e51-701e-00ab-6206-e87246000000",
        "x-ms-version": "2023-08-03"
      },
      "ResponseBody": null
    },
    {
      "RequestUri": "https://REDACTED/d2b218ff0deleteifexistsac6c1947789e0aab01cf874ff/d2b218ff1deleteifexistsac6c169014e53ea22363a24e3?recursive=false",
      "RequestMethod": "DELETE",
      "RequestHeaders": {
        "Accept": "application/json",
        "Authorization": "Sanitized",
        "Content-Length": "0",
        "Date": "Fri, 15 Sep 2023 18:58:28 GMT",
        "User-Agent": "azsdk-java-azure-storage-file-datalake/12.18.0-beta.1 (17.0.8; Windows 11; 10.0)",
        "x-ms-client-request-id": "a7462d56-0a76-4c71-a8bb-1d204bebb4e6",
        "x-ms-lease-id": "38f1f0d7-5b0e-438a-bd48-3b44f039a56e",
        "x-ms-version": "2023-08-03"
      },
      "RequestBody": null,
      "StatusCode": 200,
      "ResponseHeaders": {
        "Content-Length": "0",
        "Date": "Fri, 15 Sep 2023 18:58:27 GMT",
        "Server": [
          "Windows-Azure-HDFS/1.0",
          "Microsoft-HTTPAPI/2.0"
        ],
        "x-ms-client-request-id": "a7462d56-0a76-4c71-a8bb-1d204bebb4e6",
        "x-ms-delete-type-permanent": "false",
        "x-ms-deletion-id": "133392779080770661",
        "x-ms-request-id": "efd637ef-001f-008e-4d06-e8db3a000000",
        "x-ms-version": "2023-08-03"
      },
      "ResponseBody": null
    }
  ],
  "Variables": {
    "0": "d2b218ff0deleteifexistsac6c1947789e0aab01cf874ff",
    "1": "d2b218ff1deleteifexistsac6c169014e53ea22363a24e3"
  }
}
