{
  "Entries": [
    {
      "RequestUri": "https://REDACTED/a390d5d00setmetadataac8f6113360fa3a40749f143ef?restype=container",
      "RequestMethod": "PUT",
      "RequestHeaders": {
        "Accept": "application/xml",
        "Authorization": "Sanitized",
        "Content-Length": "0",
        "Date": "Mon, 25 Sep 2023 19:29:20 GMT",
        "User-Agent": "azsdk-java-azure-storage-blob/12.25.0-beta.1 azsdk-java-azure-storage-file-datalake/12.18.0-beta.1 (17.0.8; Windows 11; 10.0)",
        "x-ms-client-request-id": "e1985e1d-16e4-4711-b487-52e5ed42857e",
        "x-ms-version": "2023-08-03"
      },
      "RequestBody": null,
      "StatusCode": 201,
      "ResponseHeaders": {
        "Content-Length": "0",
        "Date": "Mon, 25 Sep 2023 19:29:20 GMT",
        "ETag": "\u00220x8DBBDFDB78DF567\u0022",
        "Last-Modified": "Mon, 25 Sep 2023 19:29:20 GMT",
        "Server": [
          "Windows-Azure-Blob/1.0",
          "Microsoft-HTTPAPI/2.0"
        ],
        "x-ms-client-request-id": "e1985e1d-16e4-4711-b487-52e5ed42857e",
        "x-ms-request-id": "16294d87-a01e-004c-2fe6-ef9dbc000000",
        "x-ms-version": "2023-08-03"
      },
      "ResponseBody": null
    },
    {
      "RequestUri": "https://REDACTED/a390d5d00setmetadataac8f6113360fa3a40749f143ef/a390d5d01setmetadataac8f668101500224e949fe417a?resource=file",
      "RequestMethod": "PUT",
      "RequestHeaders": {
        "Accept": "application/json",
        "Authorization": "Sanitized",
        "Content-Length": "0",
        "Date": "Mon, 25 Sep 2023 19:29:20 GMT",
        "If-None-Match": "*",
        "User-Agent": "azsdk-java-azure-storage-file-datalake/12.18.0-beta.1 (17.0.8; Windows 11; 10.0)",
        "x-ms-client-request-id": "22d0a6bf-7667-4096-bf13-4b2c8d0b2e45",
        "x-ms-version": "2023-08-03"
      },
      "RequestBody": null,
      "StatusCode": 201,
      "ResponseHeaders": {
        "Content-Length": "0",
        "Date": "Mon, 25 Sep 2023 19:29:19 GMT",
        "ETag": "\u00220x8DBBDFDB7A04EB9\u0022",
        "Last-Modified": "Mon, 25 Sep 2023 19:29:20 GMT",
        "Server": [
          "Windows-Azure-HDFS/1.0",
          "Microsoft-HTTPAPI/2.0"
        ],
        "x-ms-client-request-id": "22d0a6bf-7667-4096-bf13-4b2c8d0b2e45",
        "x-ms-request-id": "1e0f51da-e01f-0000-18e6-ef0d8c000000",
        "x-ms-request-server-encrypted": "true",
        "x-ms-version": "2023-08-03"
      },
      "ResponseBody": null
    },
    {
      "RequestUri": "https://REDACTED/a390d5d00setmetadataac8f6113360fa3a40749f143ef/a390d5d01setmetadataac8f668101500224e949fe417a?comp=metadata",
      "RequestMethod": "PUT",
      "RequestHeaders": {
        "Accept": "application/xml",
        "Authorization": "Sanitized",
        "Content-Length": "0",
        "Date": "Mon, 25 Sep 2023 19:29:20 GMT",
        "User-Agent": "azsdk-java-azure-storage-blob/12.25.0-beta.1 azsdk-java-azure-storage-file-datalake/12.18.0-beta.1 (17.0.8; Windows 11; 10.0)",
        "x-ms-client-request-id": "b3101130-c41a-475f-8a12-6419c3432283",
        "x-ms-version": "2023-08-03"
      },
      "RequestBody": null,
      "StatusCode": 200,
      "ResponseHeaders": {
        "Content-Length": "0",
        "Date": "Mon, 25 Sep 2023 19:29:20 GMT",
        "ETag": "\u00220x8DBBDFDB7AF6B12\u0022",
        "Last-Modified": "Mon, 25 Sep 2023 19:29:20 GMT",
        "Server": [
          "Windows-Azure-Blob/1.0",
          "Microsoft-HTTPAPI/2.0"
        ],
        "x-ms-client-request-id": "b3101130-c41a-475f-8a12-6419c3432283",
        "x-ms-request-id": "16294dd3-a01e-004c-6fe6-ef9dbc000000",
        "x-ms-request-server-encrypted": "true",
        "x-ms-version": "2023-08-03"
      },
      "ResponseBody": null
    }
  ],
  "Variables": {
    "0": "a390d5d00setmetadataac8f6113360fa3a40749f143ef",
    "1": "a390d5d01setmetadataac8f668101500224e949fe417a"
  }
}
