{
  "Entries": [
    {
      "RequestUri": "https://REDACTED/833988f10deletefileacfail6a49993379a495f9ac6042a?restype=container",
      "RequestMethod": "PUT",
      "RequestHeaders": {
        "Accept": "application/xml",
        "Authorization": "Sanitized",
        "Content-Length": "0",
        "Date": "Mon, 02 Oct 2023 19:17:43 GMT",
        "User-Agent": "azsdk-java-azure-storage-blob/12.25.0-beta.1 azsdk-java-azure-storage-file-datalake/12.18.0-beta.1 (17.0.8; Windows 11; 10.0)",
        "x-ms-client-request-id": "8b9ee7c7-af3c-4673-a22b-5e30d1e9d265",
        "x-ms-version": "2023-08-03"
      },
      "RequestBody": null,
      "StatusCode": 201,
      "ResponseHeaders": {
        "Content-Length": "0",
        "Date": "Mon, 02 Oct 2023 19:17:44 GMT",
        "ETag": "\u00220x8DBC37C41997108\u0022",
        "Last-Modified": "Mon, 02 Oct 2023 19:17:44 GMT",
        "Server": [
          "Windows-Azure-Blob/1.0",
          "Microsoft-HTTPAPI/2.0"
        ],
        "x-ms-client-request-id": "8b9ee7c7-af3c-4673-a22b-5e30d1e9d265",
        "x-ms-request-id": "e8458ab2-401e-0009-0565-f5485f000000",
        "x-ms-version": "2023-08-03"
      },
      "ResponseBody": null
    },
    {
      "RequestUri": "https://REDACTED/833988f10deletefileacfail6a49993379a495f9ac6042a/833988f11deletefileacfail6a4735753bf41901f7064c3?resource=file",
      "RequestMethod": "PUT",
      "RequestHeaders": {
        "Accept": "application/json",
        "Authorization": "Sanitized",
        "Content-Length": "0",
        "Date": "Mon, 02 Oct 2023 19:17:43 GMT",
        "If-None-Match": "*",
        "User-Agent": "azsdk-java-azure-storage-file-datalake/12.18.0-beta.1 (17.0.8; Windows 11; 10.0)",
        "x-ms-client-request-id": "169de10f-c797-4dff-8b1f-be82775f2f63",
        "x-ms-version": "2023-08-03"
      },
      "RequestBody": null,
      "StatusCode": 201,
      "ResponseHeaders": {
        "Content-Length": "0",
        "Date": "Mon, 02 Oct 2023 19:17:44 GMT",
        "ETag": "\u00220x8DBC37C41ABA2D6\u0022",
        "Last-Modified": "Mon, 02 Oct 2023 19:17:44 GMT",
        "Server": [
          "Windows-Azure-HDFS/1.0",
          "Microsoft-HTTPAPI/2.0"
        ],
        "x-ms-client-request-id": "169de10f-c797-4dff-8b1f-be82775f2f63",
        "x-ms-request-id": "ca2e0cca-401f-00a0-3e65-f5892d000000",
        "x-ms-request-server-encrypted": "true",
        "x-ms-version": "2023-08-03"
      },
      "ResponseBody": null
    },
    {
      "RequestUri": "https://REDACTED/833988f10deletefileacfail6a49993379a495f9ac6042a/833988f11deletefileacfail6a4735753bf41901f7064c3",
      "RequestMethod": "DELETE",
      "RequestHeaders": {
        "Accept": "application/json",
        "Authorization": "Sanitized",
        "Content-Length": "0",
        "Date": "Mon, 02 Oct 2023 19:17:44 GMT",
        "If-Modified-Since": "Tue, 03 Oct 2023 19:17:28 GMT",
        "User-Agent": "azsdk-java-azure-storage-file-datalake/12.18.0-beta.1 (17.0.8; Windows 11; 10.0)",
        "x-ms-client-request-id": "e57b3ca5-ddfa-497d-955f-868334f1fc52",
        "x-ms-version": "2023-08-03"
      },
      "RequestBody": null,
      "StatusCode": 412,
      "ResponseHeaders": {
        "Content-Length": "200",
        "Content-Type": "application/json; charset=utf-8",
        "Date": "Mon, 02 Oct 2023 19:17:44 GMT",
        "Server": [
          "Windows-Azure-HDFS/1.0",
          "Microsoft-HTTPAPI/2.0"
        ],
        "x-ms-client-request-id": "e57b3ca5-ddfa-497d-955f-868334f1fc52",
        "x-ms-error-code": "ConditionNotMet",
        "x-ms-request-id": "ca2e0ccb-401f-00a0-3f65-f5892d000000",
        "x-ms-version": "2023-08-03"
      },
      "ResponseBody": {
        "error": {
          "code": "ConditionNotMet",
          "message": "The condition specified using HTTP conditional header(s) is not met.\nRequestId:ca2e0ccb-401f-00a0-3f65-f5892d000000\nTime:2023-10-02T19:17:44.9599416Z"
        }
      }
    }
  ],
  "Variables": {
    "0": "833988f10deletefileacfail6a49993379a495f9ac6042a",
    "1": "833988f11deletefileacfail6a4735753bf41901f7064c3"
  }
}
