{
  "Entries": [
    {
      "RequestUri": "https://REDACTED/517b7f520renamewithresponsef0638266efc4d11b428b4c?restype=container",
      "RequestMethod": "PUT",
      "RequestHeaders": {
        "Accept": "application/xml",
        "Authorization": "Sanitized",
        "Content-Length": "0",
        "Date": "Tue, 26 Nov 2024 21:21:06 GMT",
        "User-Agent": "azsdk-java-azure-storage-blob/12.30.0-beta.1 azsdk-java-azure-storage-file-datalake/12.23.0-beta.1 (21.0.2; Windows 11; 10.0)",
        "x-ms-client-request-id": "Sanitized",
        "x-ms-version": "2025-01-05"
      },
      "RequestBody": null,
      "StatusCode": 201,
      "ResponseHeaders": {
        "Content-Length": "0",
        "Date": "Tue, 26 Nov 2024 21:21:05 GMT",
        "ETag": "\"0x8DD0E603D19E9B6\"",
        "Last-Modified": "Tue, 26 Nov 2024 21:21:06 GMT",
        "Server": [
          "Windows-Azure-Blob/1.0",
          "Microsoft-HTTPAPI/2.0"
        ],
        "x-ms-client-request-id": "Sanitized",
        "x-ms-request-id": "Sanitized",
        "x-ms-version": "2025-01-05"
      },
      "ResponseBody": null
    },
    {
      "RequestUri": "https://REDACTED/517b7f520renamewithresponsef0638266efc4d11b428b4c/517b7f521renamewithresponsef0688108593aef6c998c44?resource=file",
      "RequestMethod": "PUT",
      "RequestHeaders": {
        "Accept": "application/json",
        "Authorization": "Sanitized",
        "Content-Length": "0",
        "Date": "Tue, 26 Nov 2024 21:21:06 GMT",
        "If-None-Match": "*",
        "User-Agent": "azsdk-java-azure-storage-file-datalake/12.23.0-beta.1 (21.0.2; Windows 11; 10.0)",
        "x-ms-client-request-id": "Sanitized",
        "x-ms-version": "2025-01-05"
      },
      "RequestBody": null,
      "StatusCode": 201,
      "ResponseHeaders": {
        "Content-Length": "0",
        "Date": "Tue, 26 Nov 2024 21:21:05 GMT",
        "ETag": "\"0x8DD0E603D297C10\"",
        "Last-Modified": "Tue, 26 Nov 2024 21:21:06 GMT",
        "Server": [
          "Windows-Azure-HDFS/1.0",
          "Microsoft-HTTPAPI/2.0"
        ],
        "x-ms-client-request-id": "Sanitized",
        "x-ms-request-id": "Sanitized",
        "x-ms-request-server-encrypted": "true",
        "x-ms-version": "2025-01-05"
      },
      "ResponseBody": null
    },
    {
      "RequestUri": "https://REDACTED/517b7f520renamewithresponsef0638266efc4d11b428b4c/517b7f522renamewithresponsef06511768ef6f7182e3e46?mode=legacy",
      "RequestMethod": "PUT",
      "RequestHeaders": {
        "Accept": "application/json",
        "Authorization": "Sanitized",
        "Content-Length": "0",
        "Date": "Tue, 26 Nov 2024 21:21:06 GMT",
        "User-Agent": "azsdk-java-azure-storage-file-datalake/12.23.0-beta.1 (21.0.2; Windows 11; 10.0)",
        "x-ms-client-request-id": "Sanitized",
        "x-ms-rename-source": "Sanitized",
        "x-ms-version": "2025-01-05"
      },
      "RequestBody": null,
      "StatusCode": 201,
      "ResponseHeaders": {
        "Content-Length": "0",
        "Date": "Tue, 26 Nov 2024 21:21:06 GMT",
        "ETag": "\"0x8DD0E603D297C10\"",
        "Last-Modified": "Tue, 26 Nov 2024 21:21:06 GMT",
        "Server": [
          "Windows-Azure-HDFS/1.0",
          "Microsoft-HTTPAPI/2.0"
        ],
        "x-ms-client-request-id": "Sanitized",
        "x-ms-request-id": "Sanitized",
        "x-ms-version": "2025-01-05"
      },
      "ResponseBody": null
    },
    {
      "RequestUri": "https://REDACTED/517b7f520renamewithresponsef0638266efc4d11b428b4c/517b7f522renamewithresponsef06511768ef6f7182e3e46",
      "RequestMethod": "HEAD",
      "RequestHeaders": {
        "Accept": "application/xml",
        "Authorization": "Sanitized",
        "Content-Length": "0",
        "Date": "Tue, 26 Nov 2024 21:21:06 GMT",
        "User-Agent": "azsdk-java-azure-storage-file-datalake/12.23.0-beta.1 (21.0.2; Windows 11; 10.0)",
        "x-ms-client-request-id": "Sanitized",
        "x-ms-version": "2025-01-05"
      },
      "RequestBody": null,
      "StatusCode": 200,
      "ResponseHeaders": {
        "Accept-Ranges": "bytes",
        "Content-Length": "0",
        "Content-Type": "application/octet-stream",
        "Date": "Tue, 26 Nov 2024 21:21:05 GMT",
        "ETag": "\"0x8DD0E603D297C10\"",
        "Last-Modified": "Tue, 26 Nov 2024 21:21:06 GMT",
        "Server": [
          "Windows-Azure-Blob/1.0",
          "Microsoft-HTTPAPI/2.0"
        ],
        "Vary": "Origin",
        "x-ms-access-tier": "Hot",
        "x-ms-access-tier-inferred": "true",
        "x-ms-acl": "user::rw-,group::r--,other::---",
        "x-ms-blob-type": "BlockBlob",
        "x-ms-client-request-id": "Sanitized",
        "x-ms-creation-time": "Tue, 26 Nov 2024 21:21:06 GMT",
        "x-ms-group": "$superuser",
        "x-ms-lease-state": "available",
        "x-ms-lease-status": "unlocked",
        "x-ms-owner": "$superuser",
        "x-ms-permissions": "rw-r-----",
        "x-ms-request-id": "Sanitized",
        "x-ms-resource-type": "file",
        "x-ms-server-encrypted": "true",
        "x-ms-version": "2025-01-05"
      },
      "ResponseBody": null
    },
    {
      "RequestUri": "https://REDACTED/517b7f520renamewithresponsef0638266efc4d11b428b4c/517b7f521renamewithresponsef0688108593aef6c998c44",
      "RequestMethod": "HEAD",
      "RequestHeaders": {
        "Accept": "application/xml",
        "Authorization": "Sanitized",
        "Content-Length": "0",
        "Date": "Tue, 26 Nov 2024 21:21:06 GMT",
        "User-Agent": "azsdk-java-azure-storage-blob/12.30.0-beta.1 azsdk-java-azure-storage-file-datalake/12.23.0-beta.1 (21.0.2; Windows 11; 10.0)",
        "x-ms-client-request-id": "Sanitized",
        "x-ms-version": "2025-01-05"
      },
      "RequestBody": null,
      "StatusCode": 404,
      "ResponseHeaders": {
        "Date": "Tue, 26 Nov 2024 21:21:05 GMT",
        "Server": [
          "Windows-Azure-Blob/1.0",
          "Microsoft-HTTPAPI/2.0"
        ],
        "Transfer-Encoding": "chunked",
        "Vary": "Origin",
        "x-ms-client-request-id": "Sanitized",
        "x-ms-error-code": "BlobNotFound",
        "x-ms-request-id": "Sanitized",
        "x-ms-version": "2025-01-05"
      },
      "ResponseBody": null
    }
  ],
  "Variables": {
    "0": "517b7f520renamewithresponsef0638266efc4d11b428b4c",
    "1": "517b7f521renamewithresponsef0688108593aef6c998c44",
    "2": "517b7f522renamewithresponsef06511768ef6f7182e3e46"
  }
}
