{
  "Entries": [
    {
      "RequestUri": "https://REDACTED/adf6f0950deleteifexistsfileacfail64f49773435d6dec61f?restype=container",
      "RequestMethod": "PUT",
      "RequestHeaders": {
        "Accept": "application/xml",
        "Authorization": "Sanitized",
        "Content-Length": "0",
        "Date": "Wed, 26 Jul 2023 19:18:51 GMT",
        "User-Agent": "azsdk-java-azure-storage-blob/12.24.0-beta.1 azsdk-java-azure-storage-file-datalake/12.17.0-beta.1 (17.0.7; Windows 11; 10.0)",
        "x-ms-client-request-id": "175f57e5-c6ea-4417-8a42-874de0a99253",
        "x-ms-version": "2023-01-03"
      },
      "RequestBody": null,
      "StatusCode": 201,
      "ResponseHeaders": {
        "Content-Length": "0",
        "Date": "Wed, 26 Jul 2023 19:18:51 GMT",
        "ETag": "\u00220x8DB8E0D25988BA2\u0022",
        "Last-Modified": "Wed, 26 Jul 2023 19:18:51 GMT",
        "Server": [
          "Windows-Azure-Blob/1.0",
          "Microsoft-HTTPAPI/2.0"
        ],
        "x-ms-client-request-id": "175f57e5-c6ea-4417-8a42-874de0a99253",
        "x-ms-request-id": "908dff36-a01e-0008-20f6-bf8b8d000000",
        "x-ms-version": "2023-01-03"
      },
      "ResponseBody": null
    },
    {
      "RequestUri": "https://REDACTED/adf6f0950deleteifexistsfileacfail64f49773435d6dec61f/adf6f0951deleteifexistsfileacfail64f13667e5c272e9b50?resource=file",
      "RequestMethod": "PUT",
      "RequestHeaders": {
        "Accept": "application/json",
        "Authorization": "Sanitized",
        "Content-Length": "0",
        "Date": "Wed, 26 Jul 2023 19:18:51 GMT",
        "If-None-Match": "*",
        "User-Agent": "azsdk-java-azure-storage-file-datalake/12.17.0-beta.1 (17.0.7; Windows 11; 10.0)",
        "x-ms-client-request-id": "45571881-795b-4d73-b5d3-f40a8790d875",
        "x-ms-version": "2023-01-03"
      },
      "RequestBody": null,
      "StatusCode": 201,
      "ResponseHeaders": {
        "Content-Length": "0",
        "Date": "Wed, 26 Jul 2023 19:18:51 GMT",
        "ETag": "\u00220x8DB8E0D25A16D9F\u0022",
        "Last-Modified": "Wed, 26 Jul 2023 19:18:52 GMT",
        "Server": [
          "Windows-Azure-HDFS/1.0",
          "Microsoft-HTTPAPI/2.0"
        ],
        "x-ms-client-request-id": "45571881-795b-4d73-b5d3-f40a8790d875",
        "x-ms-request-id": "00982ace-a01f-008e-67f6-bf4734000000",
        "x-ms-request-server-encrypted": "true",
        "x-ms-version": "2023-01-03"
      },
      "ResponseBody": null
    },
    {
      "RequestUri": "https://REDACTED/adf6f0950deleteifexistsfileacfail64f49773435d6dec61f/adf6f0951deleteifexistsfileacfail64f13667e5c272e9b50?recursive=false",
      "RequestMethod": "DELETE",
      "RequestHeaders": {
        "Accept": "application/json",
        "Authorization": "Sanitized",
        "Content-Length": "0",
        "Date": "Wed, 26 Jul 2023 19:18:52 GMT",
        "If-Unmodified-Since": "Tue, 25 Jul 2023 19:18:35 GMT",
        "User-Agent": "azsdk-java-azure-storage-file-datalake/12.17.0-beta.1 (17.0.7; Windows 11; 10.0)",
        "x-ms-client-request-id": "ee43773c-4b34-45e6-892f-888e8b4296cd",
        "x-ms-version": "2023-01-03"
      },
      "RequestBody": null,
      "StatusCode": 412,
      "ResponseHeaders": {
        "Content-Length": "200",
        "Content-Type": "application/json; charset=utf-8",
        "Date": "Wed, 26 Jul 2023 19:18:51 GMT",
        "Server": [
          "Windows-Azure-HDFS/1.0",
          "Microsoft-HTTPAPI/2.0"
        ],
        "x-ms-client-request-id": "ee43773c-4b34-45e6-892f-888e8b4296cd",
        "x-ms-error-code": "ConditionNotMet",
        "x-ms-request-id": "19f6650f-401f-004d-13f6-bf5e6e000000",
        "x-ms-version": "2023-01-03"
      },
      "ResponseBody": {
        "error": {
          "code": "ConditionNotMet",
          "message": "The condition specified using HTTP conditional header(s) is not met.\nRequestId:19f6650f-401f-004d-13f6-bf5e6e000000\nTime:2023-07-26T19:18:52.0848442Z"
        }
      }
    }
  ],
  "Variables": {
    "0": "adf6f0950deleteifexistsfileacfail64f49773435d6dec61f",
    "1": "adf6f0951deleteifexistsfileacfail64f13667e5c272e9b50"
  }
}
