{
  "Entries": [
    {
      "RequestUri": "https://REDACTED/3fd6a6a50deleteifexistsonfilesystemthatdoesnotexist44100901ac?restype=container",
      "RequestMethod": "PUT",
      "RequestHeaders": {
        "Accept": "application/xml",
        "Authorization": "Sanitized",
        "Content-Length": "0",
        "Date": "Wed, 26 Jul 2023 19:32:07 GMT",
        "User-Agent": "azsdk-java-azure-storage-blob/12.24.0-beta.1 azsdk-java-azure-storage-file-datalake/12.17.0-beta.1 (17.0.7; Windows 11; 10.0)",
        "x-ms-client-request-id": "f1005c7d-5294-43a5-945b-878c804c2883",
        "x-ms-version": "2023-01-03"
      },
      "RequestBody": null,
      "StatusCode": 201,
      "ResponseHeaders": {
        "Content-Length": "0",
        "Date": "Wed, 26 Jul 2023 19:32:07 GMT",
        "ETag": "\u00220x8DB8E0EFFB71F5F\u0022",
        "Last-Modified": "Wed, 26 Jul 2023 19:32:07 GMT",
        "Server": [
          "Windows-Azure-Blob/1.0",
          "Microsoft-HTTPAPI/2.0"
        ],
        "x-ms-client-request-id": "f1005c7d-5294-43a5-945b-878c804c2883",
        "x-ms-request-id": "9c3df06a-001e-002e-50f7-bfc395000000",
        "x-ms-version": "2023-01-03"
      },
      "ResponseBody": null
    },
    {
      "RequestUri": "https://REDACTED/3fd6a6a51deleteifexistsonfilesystemthatdoesnotexist44153056c6?restype=container",
      "RequestMethod": "DELETE",
      "RequestHeaders": {
        "Accept": "application/xml",
        "Authorization": "Sanitized",
        "Content-Length": "0",
        "Date": "Wed, 26 Jul 2023 19:32:07 GMT",
        "User-Agent": "azsdk-java-azure-storage-blob/12.24.0-beta.1 azsdk-java-azure-storage-file-datalake/12.17.0-beta.1 (17.0.7; Windows 11; 10.0)",
        "x-ms-client-request-id": "00d32e56-db48-4d00-976e-854f1a7a9331",
        "x-ms-version": "2023-01-03"
      },
      "RequestBody": null,
      "StatusCode": 404,
      "ResponseHeaders": {
        "Content-Length": "225",
        "Content-Type": "application/xml",
        "Date": "Wed, 26 Jul 2023 19:32:06 GMT",
        "Server": [
          "Windows-Azure-Blob/1.0",
          "Microsoft-HTTPAPI/2.0"
        ],
        "x-ms-client-request-id": "00d32e56-db48-4d00-976e-854f1a7a9331",
        "x-ms-error-code": "ContainerNotFound",
        "x-ms-request-id": "0f090cd0-601e-0075-21f7-bffaae000000",
        "x-ms-version": "2023-01-03"
      },
      "ResponseBody": [
        "\uFEFF\u003C?xml version=\u00221.0\u0022 encoding=\u0022utf-8\u0022?\u003E\u003CError\u003E\u003CCode\u003EContainerNotFound\u003C/Code\u003E\u003CMessage\u003EThe specified container does not exist.\n",
        "RequestId:0f090cd0-601e-0075-21f7-bffaae000000\n",
        "Time:2023-07-26T19:32:07.4381379Z\u003C/Message\u003E\u003C/Error\u003E"
      ]
    },
    {
      "RequestUri": "https://REDACTED/3fd6a6a51deleteifexistsonfilesystemthatdoesnotexist44153056c6?restype=container",
      "RequestMethod": "GET",
      "RequestHeaders": {
        "Accept": "application/xml",
        "Authorization": "Sanitized",
        "Content-Length": "0",
        "Date": "Wed, 26 Jul 2023 19:32:07 GMT",
        "User-Agent": "azsdk-java-azure-storage-blob/12.24.0-beta.1 azsdk-java-azure-storage-file-datalake/12.17.0-beta.1 (17.0.7; Windows 11; 10.0)",
        "x-ms-client-request-id": "885c8f8c-ffbd-4846-849b-c49c96f359c3",
        "x-ms-version": "2023-01-03"
      },
      "RequestBody": null,
      "StatusCode": 404,
      "ResponseHeaders": {
        "Content-Length": "225",
        "Content-Type": "application/xml",
        "Date": "Wed, 26 Jul 2023 19:32:06 GMT",
        "Server": [
          "Windows-Azure-Blob/1.0",
          "Microsoft-HTTPAPI/2.0"
        ],
        "Vary": "Origin",
        "x-ms-client-request-id": "885c8f8c-ffbd-4846-849b-c49c96f359c3",
        "x-ms-error-code": "ContainerNotFound",
        "x-ms-request-id": "0f090cf0-601e-0075-3ff7-bffaae000000",
        "x-ms-version": "2023-01-03"
      },
      "ResponseBody": [
        "\uFEFF\u003C?xml version=\u00221.0\u0022 encoding=\u0022utf-8\u0022?\u003E\u003CError\u003E\u003CCode\u003EContainerNotFound\u003C/Code\u003E\u003CMessage\u003EThe specified container does not exist.\n",
        "RequestId:0f090cf0-601e-0075-3ff7-bffaae000000\n",
        "Time:2023-07-26T19:32:07.4601250Z\u003C/Message\u003E\u003C/Error\u003E"
      ]
    }
  ],
  "Variables": {
    "0": "3fd6a6a50deleteifexistsonfilesystemthatdoesnotexist44100901ac",
    "1": "3fd6a6a51deleteifexistsonfilesystemthatdoesnotexist44153056c6"
  }
}
