{
  "Entries": [
    {
      "RequestUri": "https://REDACTED/561cc4300creatediracddf1523030a1857b4bf44925a?restype=container",
      "RequestMethod": "PUT",
      "RequestHeaders": {
        "Accept": "application/xml",
        "Authorization": "Sanitized",
        "Content-Length": "0",
        "Date": "Thu, 27 Jul 2023 14:37:29 GMT",
        "User-Agent": "azsdk-java-azure-storage-blob/12.24.0-beta.1 azsdk-java-azure-storage-file-datalake/12.17.0-beta.1 (17.0.7; Windows 11; 10.0)",
        "x-ms-client-request-id": "55f21c00-1643-4a5c-97b6-2fb126c156eb",
        "x-ms-version": "2023-01-03"
      },
      "RequestBody": null,
      "StatusCode": 201,
      "ResponseHeaders": {
        "Content-Length": "0",
        "Date": "Thu, 27 Jul 2023 14:37:28 GMT",
        "ETag": "\u00220x8DB8EAF015D1F4B\u0022",
        "Last-Modified": "Thu, 27 Jul 2023 14:37:29 GMT",
        "Server": [
          "Windows-Azure-Blob/1.0",
          "Microsoft-HTTPAPI/2.0"
        ],
        "x-ms-client-request-id": "55f21c00-1643-4a5c-97b6-2fb126c156eb",
        "x-ms-request-id": "c55dd922-f01e-0067-3b97-c0817e000000",
        "x-ms-version": "2023-01-03"
      },
      "ResponseBody": null
    },
    {
      "RequestUri": "https://REDACTED/561cc4300creatediracddf1523030a1857b4bf44925a/561cc4301creatediracddf01791c3524b11fc2148fc9?resource=directory",
      "RequestMethod": "PUT",
      "RequestHeaders": {
        "Accept": "application/json",
        "Authorization": "Sanitized",
        "Content-Length": "0",
        "Date": "Thu, 27 Jul 2023 14:37:29 GMT",
        "If-None-Match": "*",
        "User-Agent": "azsdk-java-azure-storage-file-datalake/12.17.0-beta.1 (17.0.7; Windows 11; 10.0)",
        "x-ms-client-request-id": "13226acd-8815-4292-aca6-18bb08f9f908",
        "x-ms-version": "2023-01-03"
      },
      "RequestBody": null,
      "StatusCode": 201,
      "ResponseHeaders": {
        "Content-Length": "0",
        "Date": "Thu, 27 Jul 2023 14:37:29 GMT",
        "ETag": "\u00220x8DB8EAF01667A62\u0022",
        "Last-Modified": "Thu, 27 Jul 2023 14:37:29 GMT",
        "Server": [
          "Windows-Azure-HDFS/1.0",
          "Microsoft-HTTPAPI/2.0"
        ],
        "x-ms-client-request-id": "13226acd-8815-4292-aca6-18bb08f9f908",
        "x-ms-request-id": "d8720fd8-001f-0063-1097-c00c79000000",
        "x-ms-request-server-encrypted": "true",
        "x-ms-version": "2023-01-03"
      },
      "ResponseBody": null
    },
    {
      "RequestUri": "https://REDACTED/561cc4300creatediracddf1523030a1857b4bf44925a/561cc4301creatediracddf01791c3524b11fc2148fc9",
      "RequestMethod": "HEAD",
      "RequestHeaders": {
        "Accept": "application/xml",
        "Authorization": "Sanitized",
        "Content-Length": "0",
        "Date": "Thu, 27 Jul 2023 14:37:29 GMT",
        "User-Agent": "azsdk-java-azure-storage-blob/12.24.0-beta.1 azsdk-java-azure-storage-file-datalake/12.17.0-beta.1 (17.0.7; Windows 11; 10.0)",
        "x-ms-client-request-id": "0dc550cc-785c-495e-9891-aeb0f8819980",
        "x-ms-version": "2023-01-03"
      },
      "RequestBody": null,
      "StatusCode": 200,
      "ResponseHeaders": {
        "Accept-Ranges": "bytes",
        "Access-Control-Allow-Origin": "*",
        "Access-Control-Expose-Headers": "x-ms-client-request-id",
        "Content-Length": "0",
        "Content-Type": "application/octet-stream",
        "Date": "Thu, 27 Jul 2023 14:37:29 GMT",
        "ETag": "\u00220x8DB8EAF01667A62\u0022",
        "Last-Modified": "Thu, 27 Jul 2023 14:37:29 GMT",
        "Server": [
          "Windows-Azure-Blob/1.0",
          "Microsoft-HTTPAPI/2.0"
        ],
        "x-ms-access-tier": "Hot",
        "x-ms-access-tier-inferred": "true",
        "x-ms-blob-type": "BlockBlob",
        "x-ms-client-request-id": "0dc550cc-785c-495e-9891-aeb0f8819980",
        "x-ms-creation-time": "Thu, 27 Jul 2023 14:37:29 GMT",
        "x-ms-group": "$superuser",
        "x-ms-lease-state": "available",
        "x-ms-lease-status": "unlocked",
        "x-ms-meta-hdi_isfolder": "true",
        "x-ms-owner": "$superuser",
        "x-ms-permissions": "rwxr-x---",
        "x-ms-request-id": "3c62ae31-101e-006f-6497-c09b71000000",
        "x-ms-resource-type": "directory",
        "x-ms-server-encrypted": "true",
        "x-ms-version": "2023-01-03"
      },
      "ResponseBody": null
    },
    {
      "RequestUri": "https://REDACTED/561cc4300creatediracddf1523030a1857b4bf44925a/561cc4301creatediracddf01791c3524b11fc2148fc9?resource=directory",
      "RequestMethod": "PUT",
      "RequestHeaders": {
        "Accept": "application/json",
        "Authorization": "Sanitized",
        "Content-Length": "0",
        "Date": "Thu, 27 Jul 2023 14:37:29 GMT",
        "If-Match": "0x8DB8EAF01667A62",
        "User-Agent": "azsdk-java-azure-storage-file-datalake/12.17.0-beta.1 (17.0.7; Windows 11; 10.0)",
        "x-ms-client-request-id": "bd1a567f-756a-4579-909d-801bdce1bf0a",
        "x-ms-version": "2023-01-03"
      },
      "RequestBody": null,
      "StatusCode": 201,
      "ResponseHeaders": {
        "Content-Length": "0",
        "Date": "Thu, 27 Jul 2023 14:37:29 GMT",
        "ETag": "\u00220x8DB8EAF0170B72B\u0022",
        "Last-Modified": "Thu, 27 Jul 2023 14:37:29 GMT",
        "Server": [
          "Windows-Azure-HDFS/1.0",
          "Microsoft-HTTPAPI/2.0"
        ],
        "x-ms-client-request-id": "bd1a567f-756a-4579-909d-801bdce1bf0a",
        "x-ms-request-id": "db29b80b-201f-0006-7b97-c0a23d000000",
        "x-ms-request-server-encrypted": "true",
        "x-ms-version": "2023-01-03"
      },
      "ResponseBody": null
    }
  ],
  "Variables": {
    "0": "561cc4300creatediracddf1523030a1857b4bf44925a",
    "1": "561cc4301creatediracddf01791c3524b11fc2148fc9"
  }
}
