{
  "Entries": [
    {
      "RequestUri": "https://REDACTED/a389e3b80setpermissionsac52685177629b2c32455647f?restype=container",
      "RequestMethod": "PUT",
      "RequestHeaders": {
        "Accept": "application/xml",
        "Authorization": "Sanitized",
        "Content-Length": "0",
        "Date": "Wed, 20 Sep 2023 18:19:49 GMT",
        "User-Agent": "azsdk-java-azure-storage-blob/12.25.0-beta.1 azsdk-java-azure-storage-file-datalake/12.18.0-beta.1 (17.0.8; Windows 11; 10.0)",
        "x-ms-client-request-id": "d3c0ffc6-6e32-411b-a7f8-57b37d3a6c18",
        "x-ms-version": "2023-08-03"
      },
      "RequestBody": null,
      "StatusCode": 201,
      "ResponseHeaders": {
        "Content-Length": "0",
        "Date": "Wed, 20 Sep 2023 18:19:50 GMT",
        "ETag": "\u00220x8DBBA062DCB16BC\u0022",
        "Last-Modified": "Wed, 20 Sep 2023 18:19:50 GMT",
        "Server": [
          "Windows-Azure-Blob/1.0",
          "Microsoft-HTTPAPI/2.0"
        ],
        "x-ms-client-request-id": "d3c0ffc6-6e32-411b-a7f8-57b37d3a6c18",
        "x-ms-request-id": "0a617e88-d01e-00c0-3aef-ebf5b2000000",
        "x-ms-version": "2023-08-03"
      },
      "ResponseBody": null
    },
    {
      "RequestUri": "https://REDACTED/a389e3b80setpermissionsac52685177629b2c32455647f/a389e3b81setpermissionsac52689943c782cf74ca4c45d?resource=file",
      "RequestMethod": "PUT",
      "RequestHeaders": {
        "Accept": "application/json",
        "Authorization": "Sanitized",
        "Content-Length": "0",
        "Date": "Wed, 20 Sep 2023 18:19:49 GMT",
        "If-None-Match": "*",
        "User-Agent": "azsdk-java-azure-storage-file-datalake/12.18.0-beta.1 (17.0.8; Windows 11; 10.0)",
        "x-ms-client-request-id": "dfe243fc-1a2a-4d7c-b638-d99cf11fbca6",
        "x-ms-version": "2023-08-03"
      },
      "RequestBody": null,
      "StatusCode": 201,
      "ResponseHeaders": {
        "Content-Length": "0",
        "Date": "Wed, 20 Sep 2023 18:19:50 GMT",
        "ETag": "\u00220x8DBBA062DE5E7EE\u0022",
        "Last-Modified": "Wed, 20 Sep 2023 18:19:50 GMT",
        "Server": [
          "Windows-Azure-HDFS/1.0",
          "Microsoft-HTTPAPI/2.0"
        ],
        "x-ms-client-request-id": "dfe243fc-1a2a-4d7c-b638-d99cf11fbca6",
        "x-ms-request-id": "86e42c7d-701f-00e6-46ef-ebbdaa000000",
        "x-ms-request-server-encrypted": "true",
        "x-ms-version": "2023-08-03"
      },
      "ResponseBody": null
    },
    {
      "RequestUri": "https://REDACTED/a389e3b80setpermissionsac52685177629b2c32455647f/a389e3b81setpermissionsac52689943c782cf74ca4c45d?action=setAccessControl",
      "RequestMethod": "PATCH",
      "RequestHeaders": {
        "Accept": "application/json",
        "Authorization": "Sanitized",
        "Content-Length": "0",
        "Date": "Wed, 20 Sep 2023 18:19:49 GMT",
        "If-Unmodified-Since": "Thu, 21 Sep 2023 18:19:26 GMT",
        "User-Agent": "azsdk-java-azure-storage-file-datalake/12.18.0-beta.1 (17.0.8; Windows 11; 10.0)",
        "x-ms-client-request-id": "152770ce-caa5-46cd-a499-dabf92f74806",
        "x-ms-permissions": "0754",
        "x-ms-version": "2023-08-03"
      },
      "RequestBody": null,
      "StatusCode": 200,
      "ResponseHeaders": {
        "Content-Length": "0",
        "Date": "Wed, 20 Sep 2023 18:19:50 GMT",
        "ETag": "\u00220x8DBBA062DE5E7EE\u0022",
        "Last-Modified": "Wed, 20 Sep 2023 18:19:50 GMT",
        "Server": [
          "Windows-Azure-HDFS/1.0",
          "Microsoft-HTTPAPI/2.0"
        ],
        "x-ms-client-request-id": "152770ce-caa5-46cd-a499-dabf92f74806",
        "x-ms-namespace-enabled": "true",
        "x-ms-request-id": "86e42c89-701f-00e6-52ef-ebbdaa000000",
        "x-ms-version": "2023-08-03"
      },
      "ResponseBody": null
    }
  ],
  "Variables": {
    "0": "a389e3b80setpermissionsac52685177629b2c32455647f",
    "1": "a389e3b81setpermissionsac52689943c782cf74ca4c45d"
  }
}
