{
  "Entries": [
    {
      "RequestUri": "https://REDACTED/8d80a8430readretrydefault0b761833f4ac4f889d98495?restype=container",
      "RequestMethod": "PUT",
      "RequestHeaders": {
        "Accept": "application/xml",
        "Authorization": "Sanitized",
        "Content-Length": "0",
        "Date": "Wed, 26 Jul 2023 18:42:48 GMT",
        "User-Agent": "azsdk-java-azure-storage-blob/12.24.0-beta.1 azsdk-java-azure-storage-file-datalake/12.17.0-beta.1 (17.0.7; Windows 11; 10.0)",
        "x-ms-client-request-id": "6f390f33-23ab-499f-8885-535c41125cde",
        "x-ms-version": "2023-01-03"
      },
      "RequestBody": null,
      "StatusCode": 201,
      "ResponseHeaders": {
        "Content-Length": "0",
        "Date": "Wed, 26 Jul 2023 18:42:47 GMT",
        "ETag": "\u00220x8DB8E081BEB617E\u0022",
        "Last-Modified": "Wed, 26 Jul 2023 18:42:48 GMT",
        "Server": [
          "Windows-Azure-Blob/1.0",
          "Microsoft-HTTPAPI/2.0"
        ],
        "x-ms-client-request-id": "6f390f33-23ab-499f-8885-535c41125cde",
        "x-ms-request-id": "9c0b6d41-001e-0063-5cf0-bf0c79000000",
        "x-ms-version": "2023-01-03"
      },
      "ResponseBody": null
    },
    {
      "RequestUri": "https://REDACTED/8d80a8430readretrydefault0b761833f4ac4f889d98495/8d80a8431readretrydefault0b744129a41162e4956c4d4?resource=file",
      "RequestMethod": "PUT",
      "RequestHeaders": {
        "Accept": "application/json",
        "Authorization": "Sanitized",
        "Content-Length": "0",
        "Date": "Wed, 26 Jul 2023 18:42:48 GMT",
        "If-None-Match": "*",
        "User-Agent": "azsdk-java-azure-storage-file-datalake/12.17.0-beta.1 (17.0.7; Windows 11; 10.0)",
        "x-ms-client-request-id": "f72fd740-6c9a-4f89-9e63-f4ab33f3870b",
        "x-ms-version": "2023-01-03"
      },
      "RequestBody": null,
      "StatusCode": 201,
      "ResponseHeaders": {
        "Content-Length": "0",
        "Date": "Wed, 26 Jul 2023 18:42:47 GMT",
        "ETag": "\u00220x8DB8E081BF44F8A\u0022",
        "Last-Modified": "Wed, 26 Jul 2023 18:42:48 GMT",
        "Server": [
          "Windows-Azure-HDFS/1.0",
          "Microsoft-HTTPAPI/2.0"
        ],
        "x-ms-client-request-id": "f72fd740-6c9a-4f89-9e63-f4ab33f3870b",
        "x-ms-request-id": "6a4b78f0-001f-0001-57f0-bfce5e000000",
        "x-ms-request-server-encrypted": "true",
        "x-ms-version": "2023-01-03"
      },
      "ResponseBody": null
    },
    {
      "RequestUri": "https://REDACTED/8d80a8430readretrydefault0b761833f4ac4f889d98495/8d80a8431readretrydefault0b744129a41162e4956c4d4?action=append\u0026position=0",
      "RequestMethod": "PATCH",
      "RequestHeaders": {
        "Accept": "application/json",
        "Authorization": "Sanitized",
        "Content-Length": "7",
        "Content-Type": "application/octet-stream",
        "Date": "Wed, 26 Jul 2023 18:42:48 GMT",
        "User-Agent": "azsdk-java-azure-storage-file-datalake/12.17.0-beta.1 (17.0.7; Windows 11; 10.0)",
        "x-ms-client-request-id": "507d3c86-d41e-4de0-a334-fe67c64e91be",
        "x-ms-version": "2023-01-03"
      },
      "RequestBody": "ZGVmYXVsdA==",
      "StatusCode": 202,
      "ResponseHeaders": {
        "Content-Length": "0",
        "Date": "Wed, 26 Jul 2023 18:42:48 GMT",
        "Server": [
          "Windows-Azure-HDFS/1.0",
          "Microsoft-HTTPAPI/2.0"
        ],
        "x-ms-client-request-id": "507d3c86-d41e-4de0-a334-fe67c64e91be",
        "x-ms-request-id": "40e14cf6-b01f-0076-11f0-bf1bca000000",
        "x-ms-request-server-encrypted": "true",
        "x-ms-version": "2023-01-03"
      },
      "ResponseBody": null
    },
    {
      "RequestUri": "https://REDACTED/8d80a8430readretrydefault0b761833f4ac4f889d98495/8d80a8431readretrydefault0b744129a41162e4956c4d4?action=flush\u0026position=7\u0026retainUncommittedData=false\u0026close=false",
      "RequestMethod": "PATCH",
      "RequestHeaders": {
        "Accept": "application/json",
        "Authorization": "Sanitized",
        "Content-Length": "0",
        "Date": "Wed, 26 Jul 2023 18:42:48 GMT",
        "User-Agent": "azsdk-java-azure-storage-file-datalake/12.17.0-beta.1 (17.0.7; Windows 11; 10.0)",
        "x-ms-client-request-id": "8eb4850b-9650-40f6-b843-8305a03ab50a",
        "x-ms-version": "2023-01-03"
      },
      "RequestBody": null,
      "StatusCode": 200,
      "ResponseHeaders": {
        "Content-Length": "0",
        "Date": "Wed, 26 Jul 2023 18:42:48 GMT",
        "ETag": "\u00220x8DB8E081C040298\u0022",
        "Last-Modified": "Wed, 26 Jul 2023 18:42:48 GMT",
        "Server": [
          "Windows-Azure-HDFS/1.0",
          "Microsoft-HTTPAPI/2.0"
        ],
        "x-ms-client-request-id": "8eb4850b-9650-40f6-b843-8305a03ab50a",
        "x-ms-request-id": "c01bc056-c01f-0098-39f0-bfb1e3000000",
        "x-ms-request-server-encrypted": "false",
        "x-ms-version": "2023-01-03"
      },
      "ResponseBody": null
    },
    {
      "RequestUri": "https://REDACTED/8d80a8430readretrydefault0b761833f4ac4f889d98495/8d80a8431readretrydefault0b744129a41162e4956c4d4",
      "RequestMethod": "GET",
      "RequestHeaders": {
        "Accept": "application/xml",
        "Authorization": "Sanitized",
        "Content-Length": "0",
        "Date": "Wed, 26 Jul 2023 18:42:48 GMT",
        "User-Agent": "azsdk-java-azure-storage-blob/12.24.0-beta.1 azsdk-java-azure-storage-file-datalake/12.17.0-beta.1 (17.0.7; Windows 11; 10.0)",
        "x-ms-client-request-id": "f029d822-4d07-4466-9c8a-be3a7e1ecc37",
        "x-ms-version": "2023-01-03"
      },
      "RequestBody": null,
      "StatusCode": 200,
      "ResponseHeaders": {
        "Accept-Ranges": "bytes",
        "Access-Control-Allow-Origin": "*",
        "Access-Control-Expose-Headers": "x-ms-client-request-id",
        "Content-Length": "7",
        "Content-Type": "application/octet-stream",
        "Date": "Wed, 26 Jul 2023 18:42:47 GMT",
        "ETag": "\u00220x8DB8E081C040298\u0022",
        "Last-Modified": "Wed, 26 Jul 2023 18:42:48 GMT",
        "Server": [
          "Windows-Azure-Blob/1.0",
          "Microsoft-HTTPAPI/2.0"
        ],
        "x-ms-blob-type": "BlockBlob",
        "x-ms-client-request-id": "f029d822-4d07-4466-9c8a-be3a7e1ecc37",
        "x-ms-creation-time": "Wed, 26 Jul 2023 18:42:48 GMT",
        "x-ms-group": "$superuser",
        "x-ms-lease-state": "available",
        "x-ms-lease-status": "unlocked",
        "x-ms-owner": "$superuser",
        "x-ms-permissions": "rw-r-----",
        "x-ms-request-id": "9d98ade3-501e-001c-37f0-bfc3e2000000",
        "x-ms-resource-type": "file",
        "x-ms-server-encrypted": "true",
        "x-ms-version": "2023-01-03"
      },
      "ResponseBody": "ZGVmYXVsdA=="
    },
    {
      "RequestUri": "https://REDACTED/8d80a8430readretrydefault0b761833f4ac4f889d98495/8d80a8431readretrydefault0b744129a41162e4956c4d4",
      "RequestMethod": "GET",
      "RequestHeaders": {
        "Accept": "application/xml",
        "Authorization": "Sanitized",
        "Content-Length": "0",
        "Date": "Wed, 26 Jul 2023 18:42:50 GMT",
        "If-Match": "0x8DB8E081C040298",
        "User-Agent": "azsdk-java-azure-storage-blob/12.24.0-beta.1 azsdk-java-azure-storage-file-datalake/12.17.0-beta.1 (17.0.7; Windows 11; 10.0)",
        "x-ms-client-request-id": "4ec22951-96ec-4b82-b97e-190650bc2279",
        "x-ms-range": "bytes=0-6",
        "x-ms-version": "2023-01-03"
      },
      "RequestBody": null,
      "StatusCode": 206,
      "ResponseHeaders": {
        "Accept-Ranges": "bytes",
        "Access-Control-Allow-Origin": "*",
        "Access-Control-Expose-Headers": "x-ms-client-request-id",
        "Content-Length": "7",
        "Content-Range": "bytes 0-6/7",
        "Content-Type": "application/octet-stream",
        "Date": "Wed, 26 Jul 2023 18:42:49 GMT",
        "ETag": "\u00220x8DB8E081C040298\u0022",
        "Last-Modified": "Wed, 26 Jul 2023 18:42:48 GMT",
        "Server": [
          "Windows-Azure-Blob/1.0",
          "Microsoft-HTTPAPI/2.0"
        ],
        "x-ms-blob-type": "BlockBlob",
        "x-ms-client-request-id": "4ec22951-96ec-4b82-b97e-190650bc2279",
        "x-ms-creation-time": "Wed, 26 Jul 2023 18:42:48 GMT",
        "x-ms-group": "$superuser",
        "x-ms-lease-state": "available",
        "x-ms-lease-status": "unlocked",
        "x-ms-owner": "$superuser",
        "x-ms-permissions": "rw-r-----",
        "x-ms-request-id": "82cb658c-f01e-0015-1bf0-bf8631000000",
        "x-ms-resource-type": "file",
        "x-ms-server-encrypted": "true",
        "x-ms-version": "2023-01-03"
      },
      "ResponseBody": "ZGVmYXVsdA=="
    },
    {
      "RequestUri": "https://REDACTED/8d80a8430readretrydefault0b761833f4ac4f889d98495/8d80a8431readretrydefault0b744129a41162e4956c4d4",
      "RequestMethod": "GET",
      "RequestHeaders": {
        "Accept": "application/xml",
        "Authorization": "Sanitized",
        "Content-Length": "0",
        "Date": "Wed, 26 Jul 2023 18:42:53 GMT",
        "If-Match": "0x8DB8E081C040298",
        "User-Agent": "azsdk-java-azure-storage-blob/12.24.0-beta.1 azsdk-java-azure-storage-file-datalake/12.17.0-beta.1 (17.0.7; Windows 11; 10.0)",
        "x-ms-client-request-id": "5dd07301-9b96-4c14-a3d7-d142a492669d",
        "x-ms-range": "bytes=0-6",
        "x-ms-version": "2023-01-03"
      },
      "RequestBody": null,
      "StatusCode": 206,
      "ResponseHeaders": {
        "Accept-Ranges": "bytes",
        "Access-Control-Allow-Origin": "*",
        "Access-Control-Expose-Headers": "x-ms-client-request-id",
        "Content-Length": "7",
        "Content-Range": "bytes 0-6/7",
        "Content-Type": "application/octet-stream",
        "Date": "Wed, 26 Jul 2023 18:42:52 GMT",
        "ETag": "\u00220x8DB8E081C040298\u0022",
        "Last-Modified": "Wed, 26 Jul 2023 18:42:48 GMT",
        "Server": [
          "Windows-Azure-Blob/1.0",
          "Microsoft-HTTPAPI/2.0"
        ],
        "x-ms-blob-type": "BlockBlob",
        "x-ms-client-request-id": "5dd07301-9b96-4c14-a3d7-d142a492669d",
        "x-ms-creation-time": "Wed, 26 Jul 2023 18:42:48 GMT",
        "x-ms-group": "$superuser",
        "x-ms-lease-state": "available",
        "x-ms-lease-status": "unlocked",
        "x-ms-owner": "$superuser",
        "x-ms-permissions": "rw-r-----",
        "x-ms-request-id": "8f99c112-f01e-0093-29f0-bf4a88000000",
        "x-ms-resource-type": "file",
        "x-ms-server-encrypted": "true",
        "x-ms-version": "2023-01-03"
      },
      "ResponseBody": "ZGVmYXVsdA=="
    },
    {
      "RequestUri": "https://REDACTED/8d80a8430readretrydefault0b761833f4ac4f889d98495/8d80a8431readretrydefault0b744129a41162e4956c4d4",
      "RequestMethod": "GET",
      "RequestHeaders": {
        "Accept": "application/xml",
        "Authorization": "Sanitized",
        "Content-Length": "0",
        "Date": "Wed, 26 Jul 2023 18:42:59 GMT",
        "If-Match": "0x8DB8E081C040298",
        "User-Agent": "azsdk-java-azure-storage-blob/12.24.0-beta.1 azsdk-java-azure-storage-file-datalake/12.17.0-beta.1 (17.0.7; Windows 11; 10.0)",
        "x-ms-client-request-id": "28f9475a-c199-4f0f-b8b4-b4f2086de0e6",
        "x-ms-range": "bytes=0-6",
        "x-ms-version": "2023-01-03"
      },
      "RequestBody": null,
      "StatusCode": 206,
      "ResponseHeaders": {
        "Accept-Ranges": "bytes",
        "Access-Control-Allow-Origin": "*",
        "Access-Control-Expose-Headers": "x-ms-client-request-id",
        "Content-Length": "7",
        "Content-Range": "bytes 0-6/7",
        "Content-Type": "application/octet-stream",
        "Date": "Wed, 26 Jul 2023 18:42:59 GMT",
        "ETag": "\u00220x8DB8E081C040298\u0022",
        "Last-Modified": "Wed, 26 Jul 2023 18:42:48 GMT",
        "Server": [
          "Windows-Azure-Blob/1.0",
          "Microsoft-HTTPAPI/2.0"
        ],
        "x-ms-blob-type": "BlockBlob",
        "x-ms-client-request-id": "28f9475a-c199-4f0f-b8b4-b4f2086de0e6",
        "x-ms-creation-time": "Wed, 26 Jul 2023 18:42:48 GMT",
        "x-ms-group": "$superuser",
        "x-ms-lease-state": "available",
        "x-ms-lease-status": "unlocked",
        "x-ms-owner": "$superuser",
        "x-ms-permissions": "rw-r-----",
        "x-ms-request-id": "8f99d3ed-f01e-0093-4ff1-bf4a88000000",
        "x-ms-resource-type": "file",
        "x-ms-server-encrypted": "true",
        "x-ms-version": "2023-01-03"
      },
      "ResponseBody": "ZGVmYXVsdA=="
    },
    {
      "RequestUri": "https://REDACTED/8d80a8430readretrydefault0b761833f4ac4f889d98495/8d80a8431readretrydefault0b744129a41162e4956c4d4",
      "RequestMethod": "GET",
      "RequestHeaders": {
        "Accept": "application/xml",
        "Authorization": "Sanitized",
        "Content-Length": "0",
        "Date": "Wed, 26 Jul 2023 18:43:07 GMT",
        "If-Match": "0x8DB8E081C040298",
        "User-Agent": "azsdk-java-azure-storage-blob/12.24.0-beta.1 azsdk-java-azure-storage-file-datalake/12.17.0-beta.1 (17.0.7; Windows 11; 10.0)",
        "x-ms-client-request-id": "5779981f-419d-44a3-93c6-5396632cf134",
        "x-ms-range": "bytes=0-6",
        "x-ms-version": "2023-01-03"
      },
      "RequestBody": null,
      "StatusCode": 206,
      "ResponseHeaders": {
        "Accept-Ranges": "bytes",
        "Access-Control-Allow-Origin": "*",
        "Access-Control-Expose-Headers": "x-ms-client-request-id",
        "Content-Length": "7",
        "Content-Range": "bytes 0-6/7",
        "Content-Type": "application/octet-stream",
        "Date": "Wed, 26 Jul 2023 18:43:07 GMT",
        "ETag": "\u00220x8DB8E081C040298\u0022",
        "Last-Modified": "Wed, 26 Jul 2023 18:42:48 GMT",
        "Server": [
          "Windows-Azure-Blob/1.0",
          "Microsoft-HTTPAPI/2.0"
        ],
        "x-ms-blob-type": "BlockBlob",
        "x-ms-client-request-id": "5779981f-419d-44a3-93c6-5396632cf134",
        "x-ms-creation-time": "Wed, 26 Jul 2023 18:42:48 GMT",
        "x-ms-group": "$superuser",
        "x-ms-lease-state": "available",
        "x-ms-lease-status": "unlocked",
        "x-ms-owner": "$superuser",
        "x-ms-permissions": "rw-r-----",
        "x-ms-request-id": "9c0bb6fb-001e-0063-74f1-bf0c79000000",
        "x-ms-resource-type": "file",
        "x-ms-server-encrypted": "true",
        "x-ms-version": "2023-01-03"
      },
      "ResponseBody": "ZGVmYXVsdA=="
    },
    {
      "RequestUri": "https://REDACTED/8d80a8430readretrydefault0b761833f4ac4f889d98495/8d80a8431readretrydefault0b744129a41162e4956c4d4",
      "RequestMethod": "GET",
      "RequestHeaders": {
        "Accept": "application/xml",
        "Authorization": "Sanitized",
        "Content-Length": "0",
        "Date": "Wed, 26 Jul 2023 18:43:15 GMT",
        "If-Match": "0x8DB8E081C040298",
        "User-Agent": "azsdk-java-azure-storage-blob/12.24.0-beta.1 azsdk-java-azure-storage-file-datalake/12.17.0-beta.1 (17.0.7; Windows 11; 10.0)",
        "x-ms-client-request-id": "3e142460-8452-4c2c-904d-f6ac8dcdee85",
        "x-ms-range": "bytes=0-6",
        "x-ms-version": "2023-01-03"
      },
      "RequestBody": null,
      "StatusCode": 206,
      "ResponseHeaders": {
        "Accept-Ranges": "bytes",
        "Access-Control-Allow-Origin": "*",
        "Access-Control-Expose-Headers": "x-ms-client-request-id",
        "Content-Length": "7",
        "Content-Range": "bytes 0-6/7",
        "Content-Type": "application/octet-stream",
        "Date": "Wed, 26 Jul 2023 18:43:15 GMT",
        "ETag": "\u00220x8DB8E081C040298\u0022",
        "Last-Modified": "Wed, 26 Jul 2023 18:42:48 GMT",
        "Server": [
          "Windows-Azure-Blob/1.0",
          "Microsoft-HTTPAPI/2.0"
        ],
        "x-ms-blob-type": "BlockBlob",
        "x-ms-client-request-id": "3e142460-8452-4c2c-904d-f6ac8dcdee85",
        "x-ms-creation-time": "Wed, 26 Jul 2023 18:42:48 GMT",
        "x-ms-group": "$superuser",
        "x-ms-lease-state": "available",
        "x-ms-lease-status": "unlocked",
        "x-ms-owner": "$superuser",
        "x-ms-permissions": "rw-r-----",
        "x-ms-request-id": "9c0bd4fa-001e-0063-1ef1-bf0c79000000",
        "x-ms-resource-type": "file",
        "x-ms-server-encrypted": "true",
        "x-ms-version": "2023-01-03"
      },
      "ResponseBody": "ZGVmYXVsdA=="
    }
  ],
  "Variables": {
    "0": "8d80a8430readretrydefault0b761833f4ac4f889d98495",
    "1": "8d80a8431readretrydefault0b744129a41162e4956c4d4"
  }
}
