{
  "Entries": [
    {
      "RequestUri": "https://REDACTED/9a827b760deleteifexistsfiledoesnotexistanymore01e96214ad0e?restype=container",
      "RequestMethod": "PUT",
      "RequestHeaders": {
        "Accept": "application/xml",
        "Authorization": "Sanitized",
        "Content-Length": "0",
        "Date": "Wed, 26 Jul 2023 18:43:00 GMT",
        "User-Agent": "azsdk-java-azure-storage-blob/12.24.0-beta.1 azsdk-java-azure-storage-file-datalake/12.17.0-beta.1 (17.0.7; Windows 11; 10.0)",
        "x-ms-client-request-id": "e27ff334-c859-4eeb-ac50-6dc9e2ca88e6",
        "x-ms-version": "2023-01-03"
      },
      "RequestBody": null,
      "StatusCode": 201,
      "ResponseHeaders": {
        "Content-Length": "0",
        "Date": "Wed, 26 Jul 2023 18:43:00 GMT",
        "ETag": "\u00220x8DB8E082364A767\u0022",
        "Last-Modified": "Wed, 26 Jul 2023 18:43:00 GMT",
        "Server": [
          "Windows-Azure-Blob/1.0",
          "Microsoft-HTTPAPI/2.0"
        ],
        "x-ms-client-request-id": "e27ff334-c859-4eeb-ac50-6dc9e2ca88e6",
        "x-ms-request-id": "c1531337-901e-003c-0ef1-bfb845000000",
        "x-ms-version": "2023-01-03"
      },
      "ResponseBody": null
    },
    {
      "RequestUri": "https://REDACTED/9a827b760deleteifexistsfiledoesnotexistanymore01e96214ad0e/9a827b761deleteifexistsfiledoesnotexistanymore01e84069a994?resource=file",
      "RequestMethod": "PUT",
      "RequestHeaders": {
        "Accept": "application/json",
        "Authorization": "Sanitized",
        "Content-Length": "0",
        "Date": "Wed, 26 Jul 2023 18:43:00 GMT",
        "If-None-Match": "*",
        "User-Agent": "azsdk-java-azure-storage-file-datalake/12.17.0-beta.1 (17.0.7; Windows 11; 10.0)",
        "x-ms-client-request-id": "eeb64f37-9af4-44e5-a0f0-97ca4f1e5371",
        "x-ms-version": "2023-01-03"
      },
      "RequestBody": null,
      "StatusCode": 201,
      "ResponseHeaders": {
        "Content-Length": "0",
        "Date": "Wed, 26 Jul 2023 18:43:00 GMT",
        "ETag": "\u00220x8DB8E08236DE9E4\u0022",
        "Last-Modified": "Wed, 26 Jul 2023 18:43:00 GMT",
        "Server": [
          "Windows-Azure-HDFS/1.0",
          "Microsoft-HTTPAPI/2.0"
        ],
        "x-ms-client-request-id": "eeb64f37-9af4-44e5-a0f0-97ca4f1e5371",
        "x-ms-request-id": "c01bcdca-c01f-0098-07f1-bfb1e3000000",
        "x-ms-request-server-encrypted": "true",
        "x-ms-version": "2023-01-03"
      },
      "ResponseBody": null
    },
    {
      "RequestUri": "https://REDACTED/9a827b760deleteifexistsfiledoesnotexistanymore01e96214ad0e/9a827b761deleteifexistsfiledoesnotexistanymore01e84069a994?recursive=false",
      "RequestMethod": "DELETE",
      "RequestHeaders": {
        "Accept": "application/json",
        "Authorization": "Sanitized",
        "Content-Length": "0",
        "Date": "Wed, 26 Jul 2023 18:43:00 GMT",
        "User-Agent": "azsdk-java-azure-storage-file-datalake/12.17.0-beta.1 (17.0.7; Windows 11; 10.0)",
        "x-ms-client-request-id": "90b26d8b-620d-4330-b9fb-809769dd2ff9",
        "x-ms-version": "2023-01-03"
      },
      "RequestBody": null,
      "StatusCode": 200,
      "ResponseHeaders": {
        "Content-Length": "0",
        "Date": "Wed, 26 Jul 2023 18:43:00 GMT",
        "Server": [
          "Windows-Azure-HDFS/1.0",
          "Microsoft-HTTPAPI/2.0"
        ],
        "x-ms-client-request-id": "90b26d8b-620d-4330-b9fb-809769dd2ff9",
        "x-ms-delete-type-permanent": "false",
        "x-ms-deletion-id": "133348705808683319",
        "x-ms-request-id": "162d42a7-d01f-005f-52f1-bf25be000000",
        "x-ms-version": "2023-01-03"
      },
      "ResponseBody": null
    },
    {
      "RequestUri": "https://REDACTED/9a827b760deleteifexistsfiledoesnotexistanymore01e96214ad0e/9a827b761deleteifexistsfiledoesnotexistanymore01e84069a994",
      "RequestMethod": "HEAD",
      "RequestHeaders": {
        "Accept": "application/xml",
        "Authorization": "Sanitized",
        "Content-Length": "0",
        "Date": "Wed, 26 Jul 2023 18:43:00 GMT",
        "User-Agent": "azsdk-java-azure-storage-blob/12.24.0-beta.1 azsdk-java-azure-storage-file-datalake/12.17.0-beta.1 (17.0.7; Windows 11; 10.0)",
        "x-ms-client-request-id": "dd3c2db6-9379-41e7-a260-e0949305c238",
        "x-ms-version": "2023-01-03"
      },
      "RequestBody": null,
      "StatusCode": 404,
      "ResponseHeaders": {
        "Access-Control-Allow-Origin": "*",
        "Access-Control-Expose-Headers": "x-ms-client-request-id",
        "Date": "Wed, 26 Jul 2023 18:43:00 GMT",
        "Server": [
          "Windows-Azure-Blob/1.0",
          "Microsoft-HTTPAPI/2.0"
        ],
        "Transfer-Encoding": "chunked",
        "x-ms-client-request-id": "dd3c2db6-9379-41e7-a260-e0949305c238",
        "x-ms-error-code": "BlobNotFound",
        "x-ms-request-id": "5b7afe9e-601e-0038-39f1-bf3542000000",
        "x-ms-version": "2023-01-03"
      },
      "ResponseBody": null
    }
  ],
  "Variables": {
    "0": "9a827b760deleteifexistsfiledoesnotexistanymore01e96214ad0e",
    "1": "9a827b761deleteifexistsfiledoesnotexistanymore01e84069a994"
  }
}
