{
  "Entries": [
    {
      "RequestUri": "https://REDACTED/bbb9e1a20createurlspecialcharsencoded06e185545c8a7d928?restype=container",
      "RequestMethod": "PUT",
      "RequestHeaders": {
        "Accept": "application/xml",
        "Authorization": "Sanitized",
        "Content-Length": "0",
        "Date": "Wed, 26 Jul 2023 19:18:50 GMT",
        "User-Agent": "azsdk-java-azure-storage-blob/12.24.0-beta.1 azsdk-java-azure-storage-file-datalake/12.17.0-beta.1 (17.0.7; Windows 11; 10.0)",
        "x-ms-client-request-id": "6df7799c-1d96-47de-99a3-adfb31ee09ef",
        "x-ms-version": "2023-01-03"
      },
      "RequestBody": null,
      "StatusCode": 201,
      "ResponseHeaders": {
        "Content-Length": "0",
        "Date": "Wed, 26 Jul 2023 19:18:50 GMT",
        "ETag": "\u00220x8DB8E0D24A49AD0\u0022",
        "Last-Modified": "Wed, 26 Jul 2023 19:18:50 GMT",
        "Server": [
          "Windows-Azure-Blob/1.0",
          "Microsoft-HTTPAPI/2.0"
        ],
        "x-ms-client-request-id": "6df7799c-1d96-47de-99a3-adfb31ee09ef",
        "x-ms-request-id": "f369912f-c01e-0088-6cf6-bf748b000000",
        "x-ms-version": "2023-01-03"
      },
      "ResponseBody": null
    },
    {
      "RequestUri": "https://REDACTED/bbb9e1a20createurlspecialcharsencoded06e185545c8a7d928/%E4%B8%AD%E6%96%87file1?resource=file",
      "RequestMethod": "PUT",
      "RequestHeaders": {
        "Accept": "application/json",
        "Authorization": "Sanitized",
        "Content-Length": "0",
        "Date": "Wed, 26 Jul 2023 19:18:50 GMT",
        "User-Agent": "azsdk-java-azure-storage-file-datalake/12.17.0-beta.1 (17.0.7; Windows 11; 10.0)",
        "x-ms-client-request-id": "f9f6ecc9-fcbc-4200-a7b9-104b31640364",
        "x-ms-version": "2023-01-03"
      },
      "RequestBody": null,
      "StatusCode": 201,
      "ResponseHeaders": {
        "Content-Length": "0",
        "Date": "Wed, 26 Jul 2023 19:18:50 GMT",
        "ETag": "\u00220x8DB8E0D24AFFCA3\u0022",
        "Last-Modified": "Wed, 26 Jul 2023 19:18:50 GMT",
        "Server": [
          "Windows-Azure-HDFS/1.0",
          "Microsoft-HTTPAPI/2.0"
        ],
        "x-ms-client-request-id": "f9f6ecc9-fcbc-4200-a7b9-104b31640364",
        "x-ms-request-id": "f22147f1-a01f-009e-2af6-bf825c000000",
        "x-ms-request-server-encrypted": "true",
        "x-ms-version": "2023-01-03"
      },
      "ResponseBody": null
    },
    {
      "RequestUri": "https://REDACTED/bbb9e1a20createurlspecialcharsencoded06e185545c8a7d928/%E4%B8%AD%E6%96%87file2?resource=file",
      "RequestMethod": "PUT",
      "RequestHeaders": {
        "Accept": "application/json",
        "Authorization": "Sanitized",
        "Content-Length": "0",
        "Date": "Wed, 26 Jul 2023 19:18:50 GMT",
        "If-None-Match": "*",
        "User-Agent": "azsdk-java-azure-storage-file-datalake/12.17.0-beta.1 (17.0.7; Windows 11; 10.0)",
        "x-ms-client-request-id": "202f66b1-c704-4fc5-a7aa-09c2cde8ee69",
        "x-ms-version": "2023-01-03"
      },
      "RequestBody": null,
      "StatusCode": 201,
      "ResponseHeaders": {
        "Content-Length": "0",
        "Date": "Wed, 26 Jul 2023 19:18:49 GMT",
        "ETag": "\u00220x8DB8E0D24B5E72F\u0022",
        "Last-Modified": "Wed, 26 Jul 2023 19:18:50 GMT",
        "Server": [
          "Windows-Azure-HDFS/1.0",
          "Microsoft-HTTPAPI/2.0"
        ],
        "x-ms-client-request-id": "202f66b1-c704-4fc5-a7aa-09c2cde8ee69",
        "x-ms-request-id": "b5825ce7-601f-0081-6df6-bf3158000000",
        "x-ms-request-server-encrypted": "true",
        "x-ms-version": "2023-01-03"
      },
      "ResponseBody": null
    },
    {
      "RequestUri": "https://REDACTED/bbb9e1a20createurlspecialcharsencoded06e185545c8a7d928/%E4%B8%AD%E6%96%87file2",
      "RequestMethod": "HEAD",
      "RequestHeaders": {
        "Accept": "application/xml",
        "Authorization": "Sanitized",
        "Content-Length": "0",
        "Date": "Wed, 26 Jul 2023 19:18:50 GMT",
        "User-Agent": "azsdk-java-azure-storage-blob/12.24.0-beta.1 azsdk-java-azure-storage-file-datalake/12.17.0-beta.1 (17.0.7; Windows 11; 10.0)",
        "x-ms-client-request-id": "3e2c6174-1f77-4968-941b-fb70d4e09fbb",
        "x-ms-version": "2023-01-03"
      },
      "RequestBody": null,
      "StatusCode": 200,
      "ResponseHeaders": {
        "Accept-Ranges": "bytes",
        "Content-Length": "0",
        "Content-Type": "application/octet-stream",
        "Date": "Wed, 26 Jul 2023 19:18:50 GMT",
        "ETag": "\u00220x8DB8E0D24B5E72F\u0022",
        "Last-Modified": "Wed, 26 Jul 2023 19:18:50 GMT",
        "Server": [
          "Windows-Azure-Blob/1.0",
          "Microsoft-HTTPAPI/2.0"
        ],
        "Vary": "Origin",
        "x-ms-access-tier": "Hot",
        "x-ms-access-tier-inferred": "true",
        "x-ms-blob-type": "BlockBlob",
        "x-ms-client-request-id": "3e2c6174-1f77-4968-941b-fb70d4e09fbb",
        "x-ms-creation-time": "Wed, 26 Jul 2023 19:18:50 GMT",
        "x-ms-group": "$superuser",
        "x-ms-lease-state": "available",
        "x-ms-lease-status": "unlocked",
        "x-ms-owner": "$superuser",
        "x-ms-permissions": "rw-r-----",
        "x-ms-request-id": "d2b4c34a-501e-0051-22f6-bf0c0e000000",
        "x-ms-resource-type": "file",
        "x-ms-server-encrypted": "true",
        "x-ms-version": "2023-01-03"
      },
      "ResponseBody": null
    },
    {
      "RequestUri": "https://REDACTED/bbb9e1a20createurlspecialcharsencoded06e185545c8a7d928/%E4%B8%AD%E6%96%87file2?action=append\u0026position=0",
      "RequestMethod": "PATCH",
      "RequestHeaders": {
        "Accept": "application/json",
        "Authorization": "Sanitized",
        "Content-Length": "7",
        "Content-Type": "application/octet-stream",
        "Date": "Wed, 26 Jul 2023 19:18:50 GMT",
        "User-Agent": "azsdk-java-azure-storage-file-datalake/12.17.0-beta.1 (17.0.7; Windows 11; 10.0)",
        "x-ms-client-request-id": "2ce9984c-b3d5-4879-8493-99bb2df9f450",
        "x-ms-version": "2023-01-03"
      },
      "RequestBody": "ZGVmYXVsdA==",
      "StatusCode": 202,
      "ResponseHeaders": {
        "Content-Length": "0",
        "Date": "Wed, 26 Jul 2023 19:18:50 GMT",
        "Server": [
          "Windows-Azure-HDFS/1.0",
          "Microsoft-HTTPAPI/2.0"
        ],
        "x-ms-client-request-id": "2ce9984c-b3d5-4879-8493-99bb2df9f450",
        "x-ms-request-id": "f221482b-a01f-009e-64f6-bf825c000000",
        "x-ms-request-server-encrypted": "true",
        "x-ms-version": "2023-01-03"
      },
      "ResponseBody": null
    },
    {
      "RequestUri": "https://REDACTED/bbb9e1a20createurlspecialcharsencoded06e185545c8a7d928/%E4%B8%AD%E6%96%87dir1?resource=directory",
      "RequestMethod": "PUT",
      "RequestHeaders": {
        "Accept": "application/json",
        "Authorization": "Sanitized",
        "Content-Length": "0",
        "Date": "Wed, 26 Jul 2023 19:18:50 GMT",
        "User-Agent": "azsdk-java-azure-storage-file-datalake/12.17.0-beta.1 (17.0.7; Windows 11; 10.0)",
        "x-ms-client-request-id": "9afa87b0-41fe-4d20-86ec-51584477efc8",
        "x-ms-version": "2023-01-03"
      },
      "RequestBody": null,
      "StatusCode": 201,
      "ResponseHeaders": {
        "Content-Length": "0",
        "Date": "Wed, 26 Jul 2023 19:18:50 GMT",
        "ETag": "\u00220x8DB8E0D24C3BCB0\u0022",
        "Last-Modified": "Wed, 26 Jul 2023 19:18:50 GMT",
        "Server": [
          "Windows-Azure-HDFS/1.0",
          "Microsoft-HTTPAPI/2.0"
        ],
        "x-ms-client-request-id": "9afa87b0-41fe-4d20-86ec-51584477efc8",
        "x-ms-request-id": "f2214841-a01f-009e-7af6-bf825c000000",
        "x-ms-request-server-encrypted": "true",
        "x-ms-version": "2023-01-03"
      },
      "ResponseBody": null
    },
    {
      "RequestUri": "https://REDACTED/bbb9e1a20createurlspecialcharsencoded06e185545c8a7d928/%E4%B8%AD%E6%96%87dir2?resource=directory",
      "RequestMethod": "PUT",
      "RequestHeaders": {
        "Accept": "application/json",
        "Authorization": "Sanitized",
        "Content-Length": "0",
        "Date": "Wed, 26 Jul 2023 19:18:50 GMT",
        "If-None-Match": "*",
        "User-Agent": "azsdk-java-azure-storage-file-datalake/12.17.0-beta.1 (17.0.7; Windows 11; 10.0)",
        "x-ms-client-request-id": "b51d8afc-0083-461a-ba95-62f0e9a5dcbc",
        "x-ms-version": "2023-01-03"
      },
      "RequestBody": null,
      "StatusCode": 201,
      "ResponseHeaders": {
        "Content-Length": "0",
        "Date": "Wed, 26 Jul 2023 19:18:49 GMT",
        "ETag": "\u00220x8DB8E0D24C99FC9\u0022",
        "Last-Modified": "Wed, 26 Jul 2023 19:18:50 GMT",
        "Server": [
          "Windows-Azure-HDFS/1.0",
          "Microsoft-HTTPAPI/2.0"
        ],
        "x-ms-client-request-id": "b51d8afc-0083-461a-ba95-62f0e9a5dcbc",
        "x-ms-request-id": "19f6606c-401f-004d-70f6-bf5e6e000000",
        "x-ms-request-server-encrypted": "true",
        "x-ms-version": "2023-01-03"
      },
      "ResponseBody": null
    },
    {
      "RequestUri": "https://REDACTED/bbb9e1a20createurlspecialcharsencoded06e185545c8a7d928/%E4%B8%AD%E6%96%87dir2",
      "RequestMethod": "HEAD",
      "RequestHeaders": {
        "Accept": "application/xml",
        "Authorization": "Sanitized",
        "Content-Length": "0",
        "Date": "Wed, 26 Jul 2023 19:18:50 GMT",
        "User-Agent": "azsdk-java-azure-storage-blob/12.24.0-beta.1 azsdk-java-azure-storage-file-datalake/12.17.0-beta.1 (17.0.7; Windows 11; 10.0)",
        "x-ms-client-request-id": "3595da56-4591-474e-aa94-07a943817141",
        "x-ms-version": "2023-01-03"
      },
      "RequestBody": null,
      "StatusCode": 200,
      "ResponseHeaders": {
        "Accept-Ranges": "bytes",
        "Content-Length": "0",
        "Content-Type": "application/octet-stream",
        "Date": "Wed, 26 Jul 2023 19:18:49 GMT",
        "ETag": "\u00220x8DB8E0D24C99FC9\u0022",
        "Last-Modified": "Wed, 26 Jul 2023 19:18:50 GMT",
        "Server": [
          "Windows-Azure-Blob/1.0",
          "Microsoft-HTTPAPI/2.0"
        ],
        "Vary": "Origin",
        "x-ms-access-tier": "Hot",
        "x-ms-access-tier-inferred": "true",
        "x-ms-blob-type": "BlockBlob",
        "x-ms-client-request-id": "3595da56-4591-474e-aa94-07a943817141",
        "x-ms-creation-time": "Wed, 26 Jul 2023 19:18:50 GMT",
        "x-ms-group": "$superuser",
        "x-ms-lease-state": "available",
        "x-ms-lease-status": "unlocked",
        "x-ms-meta-hdi_isfolder": "true",
        "x-ms-owner": "$superuser",
        "x-ms-permissions": "rwxr-x---",
        "x-ms-request-id": "c0998975-c01e-0043-7bf6-bf77de000000",
        "x-ms-resource-type": "directory",
        "x-ms-server-encrypted": "true",
        "x-ms-version": "2023-01-03"
      },
      "ResponseBody": null
    },
    {
      "RequestUri": "https://REDACTED/bbb9e1a20createurlspecialcharsencoded06e185545c8a7d928?resource=filesystem\u0026recursive=false\u0026upn=false",
      "RequestMethod": "GET",
      "RequestHeaders": {
        "Accept": "application/json",
        "Authorization": "Sanitized",
        "Content-Length": "0",
        "Date": "Wed, 26 Jul 2023 19:18:50 GMT",
        "User-Agent": "azsdk-java-azure-storage-file-datalake/12.17.0-beta.1 (17.0.7; Windows 11; 10.0)",
        "x-ms-client-request-id": "78e6b652-e9a6-4be9-a9b6-92e9d79c2ad4",
        "x-ms-version": "2023-01-03"
      },
      "RequestBody": null,
      "StatusCode": 200,
      "ResponseHeaders": {
        "Content-Type": "application/json; charset=utf-8",
        "Date": "Wed, 26 Jul 2023 19:18:50 GMT",
        "Server": [
          "Windows-Azure-HDFS/1.0",
          "Microsoft-HTTPAPI/2.0"
        ],
        "Transfer-Encoding": "chunked",
        "Vary": "Origin",
        "x-ms-client-request-id": "78e6b652-e9a6-4be9-a9b6-92e9d79c2ad4",
        "x-ms-request-id": "da461790-f01f-0077-74f6-bf4416000000",
        "x-ms-version": "2023-01-03"
      },
      "ResponseBody": {
        "paths": [
          {
            "contentLength": "0",
            "creationTime": "133348727305583792",
            "etag": "0x8DB8E0D24C3BCB0",
            "expiryTime": "0",
            "group": "$superuser",
            "isDirectory": "true",
            "lastModified": "Wed, 26 Jul 2023 19:18:50 GMT",
            "name": "\u4E2D\u6587dir1",
            "owner": "$superuser",
            "permissions": "rwxr-x---"
          },
          {
            "contentLength": "0",
            "creationTime": "133348727305969609",
            "etag": "0x8DB8E0D24C99FC9",
            "expiryTime": "0",
            "group": "$superuser",
            "isDirectory": "true",
            "lastModified": "Wed, 26 Jul 2023 19:18:50 GMT",
            "name": "\u4E2D\u6587dir2",
            "owner": "$superuser",
            "permissions": "rwxr-x---"
          },
          {
            "contentLength": "0",
            "creationTime": "133348727304289443",
            "etag": "0x8DB8E0D24AFFCA3",
            "expiryTime": "0",
            "group": "$superuser",
            "lastModified": "Wed, 26 Jul 2023 19:18:50 GMT",
            "name": "\u4E2D\u6587file1",
            "owner": "$superuser",
            "permissions": "rw-r-----"
          },
          {
            "contentLength": "0",
            "creationTime": "133348727304677167",
            "etag": "0x8DB8E0D24B5E72F",
            "expiryTime": "0",
            "group": "$superuser",
            "lastModified": "Wed, 26 Jul 2023 19:18:50 GMT",
            "name": "\u4E2D\u6587file2",
            "owner": "$superuser",
            "permissions": "rw-r-----"
          }
        ]
      }
    }
  ],
  "Variables": {
    "0": "bbb9e1a20createurlspecialcharsencoded06e185545c8a7d928"
  }
}
