{
  "Entries": [
    {
      "RequestUri": "https://REDACTED/fd49c5a00deleteifexistsdirthatwasalreadydeletedea527940e2b8?restype=container",
      "RequestMethod": "PUT",
      "RequestHeaders": {
        "Accept": "application/xml",
        "Authorization": "Sanitized",
        "Content-Length": "0",
        "Date": "Wed, 26 Jul 2023 19:32:00 GMT",
        "User-Agent": "azsdk-java-azure-storage-blob/12.24.0-beta.1 azsdk-java-azure-storage-file-datalake/12.17.0-beta.1 (17.0.7; Windows 11; 10.0)",
        "x-ms-client-request-id": "6fe323fd-dd44-4f2d-9356-536d3bc9bfc2",
        "x-ms-version": "2023-01-03"
      },
      "RequestBody": null,
      "StatusCode": 201,
      "ResponseHeaders": {
        "Content-Length": "0",
        "Date": "Wed, 26 Jul 2023 19:32:00 GMT",
        "ETag": "\u00220x8DB8E0EFBE2ACD5\u0022",
        "Last-Modified": "Wed, 26 Jul 2023 19:32:00 GMT",
        "Server": [
          "Windows-Azure-Blob/1.0",
          "Microsoft-HTTPAPI/2.0"
        ],
        "x-ms-client-request-id": "6fe323fd-dd44-4f2d-9356-536d3bc9bfc2",
        "x-ms-request-id": "e2f5bb30-f01e-003a-39f7-bf8bfa000000",
        "x-ms-version": "2023-01-03"
      },
      "ResponseBody": null
    },
    {
      "RequestUri": "https://REDACTED/fd49c5a00deleteifexistsdirthatwasalreadydeletedea527940e2b8/fd49c5a01deleteifexistsdirthatwasalreadydeletedea576323b3fe?resource=directory",
      "RequestMethod": "PUT",
      "RequestHeaders": {
        "Accept": "application/json",
        "Authorization": "Sanitized",
        "Content-Length": "0",
        "Date": "Wed, 26 Jul 2023 19:32:01 GMT",
        "If-None-Match": "*",
        "User-Agent": "azsdk-java-azure-storage-file-datalake/12.17.0-beta.1 (17.0.7; Windows 11; 10.0)",
        "x-ms-client-request-id": "95c10af7-fff5-47a5-905b-03915b880b20",
        "x-ms-version": "2023-01-03"
      },
      "RequestBody": null,
      "StatusCode": 201,
      "ResponseHeaders": {
        "Content-Length": "0",
        "Date": "Wed, 26 Jul 2023 19:32:00 GMT",
        "ETag": "\u00220x8DB8E0EFBEE2268\u0022",
        "Last-Modified": "Wed, 26 Jul 2023 19:32:01 GMT",
        "Server": [
          "Windows-Azure-HDFS/1.0",
          "Microsoft-HTTPAPI/2.0"
        ],
        "x-ms-client-request-id": "95c10af7-fff5-47a5-905b-03915b880b20",
        "x-ms-request-id": "c7533cd1-c01f-0053-5af7-bfb2b6000000",
        "x-ms-request-server-encrypted": "true",
        "x-ms-version": "2023-01-03"
      },
      "ResponseBody": null
    },
    {
      "RequestUri": "https://REDACTED/fd49c5a00deleteifexistsdirthatwasalreadydeletedea527940e2b8/fd49c5a01deleteifexistsdirthatwasalreadydeletedea576323b3fe?recursive=false",
      "RequestMethod": "DELETE",
      "RequestHeaders": {
        "Accept": "application/json",
        "Authorization": "Sanitized",
        "Content-Length": "0",
        "Date": "Wed, 26 Jul 2023 19:32:01 GMT",
        "User-Agent": "azsdk-java-azure-storage-file-datalake/12.17.0-beta.1 (17.0.7; Windows 11; 10.0)",
        "x-ms-client-request-id": "7ee3e4a3-6cae-4cda-b17b-3a4f7f3a85a9",
        "x-ms-version": "2023-01-03"
      },
      "RequestBody": null,
      "StatusCode": 200,
      "ResponseHeaders": {
        "Content-Length": "0",
        "Date": "Wed, 26 Jul 2023 19:32:00 GMT",
        "Server": [
          "Windows-Azure-HDFS/1.0",
          "Microsoft-HTTPAPI/2.0"
        ],
        "x-ms-client-request-id": "7ee3e4a3-6cae-4cda-b17b-3a4f7f3a85a9",
        "x-ms-delete-type-permanent": "false",
        "x-ms-deletion-id": "133348735210923995",
        "x-ms-request-id": "c7533ce7-c01f-0053-70f7-bfb2b6000000",
        "x-ms-version": "2023-01-03"
      },
      "ResponseBody": null
    },
    {
      "RequestUri": "https://REDACTED/fd49c5a00deleteifexistsdirthatwasalreadydeletedea527940e2b8/fd49c5a01deleteifexistsdirthatwasalreadydeletedea576323b3fe?recursive=false",
      "RequestMethod": "DELETE",
      "RequestHeaders": {
        "Accept": "application/json",
        "Authorization": "Sanitized",
        "Content-Length": "0",
        "Date": "Wed, 26 Jul 2023 19:32:01 GMT",
        "User-Agent": "azsdk-java-azure-storage-file-datalake/12.17.0-beta.1 (17.0.7; Windows 11; 10.0)",
        "x-ms-client-request-id": "ae0de2da-b9ec-42bb-b7c2-89e3f659d297",
        "x-ms-version": "2023-01-03"
      },
      "RequestBody": null,
      "StatusCode": 404,
      "ResponseHeaders": {
        "Content-Length": "163",
        "Content-Type": "application/json; charset=utf-8",
        "Date": "Wed, 26 Jul 2023 19:32:00 GMT",
        "Server": [
          "Windows-Azure-HDFS/1.0",
          "Microsoft-HTTPAPI/2.0"
        ],
        "x-ms-client-request-id": "ae0de2da-b9ec-42bb-b7c2-89e3f659d297",
        "x-ms-error-code": "PathNotFound",
        "x-ms-request-id": "c7533d1d-c01f-0053-26f7-bfb2b6000000",
        "x-ms-version": "2023-01-03"
      },
      "ResponseBody": {
        "error": {
          "code": "PathNotFound",
          "message": "The specified path does not exist.\nRequestId:c7533d1d-c01f-0053-26f7-bfb2b6000000\nTime:2023-07-26T19:32:01.1938707Z"
        }
      }
    }
  ],
  "Variables": {
    "0": "fd49c5a00deleteifexistsdirthatwasalreadydeletedea527940e2b8",
    "1": "fd49c5a01deleteifexistsdirthatwasalreadydeletedea576323b3fe"
  }
}
