{
  "Entries": [
    {
      "RequestUri": "https://REDACTED/dfd6bd3c0sethttpheadersheadersc2b983471e2ee2ce955a?restype=container",
      "RequestMethod": "PUT",
      "RequestHeaders": {
        "Accept": "application/xml",
        "Authorization": "Sanitized",
        "Content-Length": "0",
        "Date": "Wed, 26 Jul 2023 19:31:54 GMT",
        "User-Agent": "azsdk-java-azure-storage-blob/12.24.0-beta.1 azsdk-java-azure-storage-file-datalake/12.17.0-beta.1 (17.0.7; Windows 11; 10.0)",
        "x-ms-client-request-id": "6ee98b77-2e1b-489e-8fe8-f014a0514d09",
        "x-ms-version": "2023-01-03"
      },
      "RequestBody": null,
      "StatusCode": 201,
      "ResponseHeaders": {
        "Content-Length": "0",
        "Date": "Wed, 26 Jul 2023 19:31:54 GMT",
        "ETag": "\u00220x8DB8E0EF83D47EE\u0022",
        "Last-Modified": "Wed, 26 Jul 2023 19:31:54 GMT",
        "Server": [
          "Windows-Azure-Blob/1.0",
          "Microsoft-HTTPAPI/2.0"
        ],
        "x-ms-client-request-id": "6ee98b77-2e1b-489e-8fe8-f014a0514d09",
        "x-ms-request-id": "99278ef4-a01e-0037-21f7-bf432e000000",
        "x-ms-version": "2023-01-03"
      },
      "ResponseBody": null
    },
    {
      "RequestUri": "https://REDACTED/dfd6bd3c0sethttpheadersheadersc2b983471e2ee2ce955a/dfd6bd3c1sethttpheadersheadersc2b77556a63e79b0f875?resource=file",
      "RequestMethod": "PUT",
      "RequestHeaders": {
        "Accept": "application/json",
        "Authorization": "Sanitized",
        "Content-Length": "0",
        "Date": "Wed, 26 Jul 2023 19:31:54 GMT",
        "If-None-Match": "*",
        "User-Agent": "azsdk-java-azure-storage-file-datalake/12.17.0-beta.1 (17.0.7; Windows 11; 10.0)",
        "x-ms-client-request-id": "ff195d4a-923e-453b-b71e-35a83b5044b7",
        "x-ms-version": "2023-01-03"
      },
      "RequestBody": null,
      "StatusCode": 201,
      "ResponseHeaders": {
        "Content-Length": "0",
        "Date": "Wed, 26 Jul 2023 19:31:54 GMT",
        "ETag": "\u00220x8DB8E0EF845FD36\u0022",
        "Last-Modified": "Wed, 26 Jul 2023 19:31:54 GMT",
        "Server": [
          "Windows-Azure-HDFS/1.0",
          "Microsoft-HTTPAPI/2.0"
        ],
        "x-ms-client-request-id": "ff195d4a-923e-453b-b71e-35a83b5044b7",
        "x-ms-request-id": "01b9346b-101f-008b-0cf7-bf95ef000000",
        "x-ms-request-server-encrypted": "true",
        "x-ms-version": "2023-01-03"
      },
      "ResponseBody": null
    },
    {
      "RequestUri": "https://REDACTED/dfd6bd3c0sethttpheadersheadersc2b983471e2ee2ce955a/dfd6bd3c1sethttpheadersheadersc2b77556a63e79b0f875?action=append\u0026position=0",
      "RequestMethod": "PATCH",
      "RequestHeaders": {
        "Accept": "application/json",
        "Authorization": "Sanitized",
        "Content-Length": "7",
        "Content-Type": "application/octet-stream",
        "Date": "Wed, 26 Jul 2023 19:31:54 GMT",
        "User-Agent": "azsdk-java-azure-storage-file-datalake/12.17.0-beta.1 (17.0.7; Windows 11; 10.0)",
        "x-ms-client-request-id": "610b731a-e4dc-4187-8f4e-04a7f00153f1",
        "x-ms-version": "2023-01-03"
      },
      "RequestBody": "ZGVmYXVsdA==",
      "StatusCode": 202,
      "ResponseHeaders": {
        "Content-Length": "0",
        "Date": "Wed, 26 Jul 2023 19:31:54 GMT",
        "Server": [
          "Windows-Azure-HDFS/1.0",
          "Microsoft-HTTPAPI/2.0"
        ],
        "x-ms-client-request-id": "610b731a-e4dc-4187-8f4e-04a7f00153f1",
        "x-ms-request-id": "01b93474-101f-008b-15f7-bf95ef000000",
        "x-ms-request-server-encrypted": "true",
        "x-ms-version": "2023-01-03"
      },
      "ResponseBody": null
    },
    {
      "RequestUri": "https://REDACTED/dfd6bd3c0sethttpheadersheadersc2b983471e2ee2ce955a/dfd6bd3c1sethttpheadersheadersc2b77556a63e79b0f875?action=flush\u0026position=7\u0026retainUncommittedData=false\u0026close=false",
      "RequestMethod": "PATCH",
      "RequestHeaders": {
        "Accept": "application/json",
        "Authorization": "Sanitized",
        "Content-Length": "0",
        "Date": "Wed, 26 Jul 2023 19:31:54 GMT",
        "User-Agent": "azsdk-java-azure-storage-file-datalake/12.17.0-beta.1 (17.0.7; Windows 11; 10.0)",
        "x-ms-client-request-id": "9a6eb1e8-b666-4d55-8593-28714dc2a4d7",
        "x-ms-version": "2023-01-03"
      },
      "RequestBody": null,
      "StatusCode": 200,
      "ResponseHeaders": {
        "Content-Length": "0",
        "Date": "Wed, 26 Jul 2023 19:31:54 GMT",
        "ETag": "\u00220x8DB8E0EF8520681\u0022",
        "Last-Modified": "Wed, 26 Jul 2023 19:31:54 GMT",
        "Server": [
          "Windows-Azure-HDFS/1.0",
          "Microsoft-HTTPAPI/2.0"
        ],
        "x-ms-client-request-id": "9a6eb1e8-b666-4d55-8593-28714dc2a4d7",
        "x-ms-request-id": "f4f81fbb-801f-0020-24f7-bfea25000000",
        "x-ms-request-server-encrypted": "false",
        "x-ms-version": "2023-01-03"
      },
      "ResponseBody": null
    },
    {
      "RequestUri": "https://REDACTED/dfd6bd3c0sethttpheadersheadersc2b983471e2ee2ce955a/dfd6bd3c1sethttpheadersheadersc2b77556a63e79b0f875?comp=properties",
      "RequestMethod": "PUT",
      "RequestHeaders": {
        "Accept": "application/xml",
        "Authorization": "Sanitized",
        "Content-Length": "0",
        "Date": "Wed, 26 Jul 2023 19:31:54 GMT",
        "User-Agent": "azsdk-java-azure-storage-blob/12.24.0-beta.1 azsdk-java-azure-storage-file-datalake/12.17.0-beta.1 (17.0.7; Windows 11; 10.0)",
        "x-ms-client-request-id": "26922eba-9933-40d2-971b-81e9a36f23ca",
        "x-ms-version": "2023-01-03"
      },
      "RequestBody": null,
      "StatusCode": 200,
      "ResponseHeaders": {
        "Content-Length": "0",
        "Date": "Wed, 26 Jul 2023 19:31:54 GMT",
        "ETag": "\u00220x8DB8E0EF857EFE2\u0022",
        "Last-Modified": "Wed, 26 Jul 2023 19:31:55 GMT",
        "Server": [
          "Windows-Azure-Blob/1.0",
          "Microsoft-HTTPAPI/2.0"
        ],
        "x-ms-client-request-id": "26922eba-9933-40d2-971b-81e9a36f23ca",
        "x-ms-request-id": "e2b7db96-d01e-0012-23f7-bfea52000000",
        "x-ms-version": "2023-01-03"
      },
      "ResponseBody": null
    },
    {
      "RequestUri": "https://REDACTED/dfd6bd3c0sethttpheadersheadersc2b983471e2ee2ce955a/dfd6bd3c1sethttpheadersheadersc2b77556a63e79b0f875",
      "RequestMethod": "HEAD",
      "RequestHeaders": {
        "Accept": "application/xml",
        "Authorization": "Sanitized",
        "Content-Length": "0",
        "Date": "Wed, 26 Jul 2023 19:31:55 GMT",
        "User-Agent": "azsdk-java-azure-storage-blob/12.24.0-beta.1 azsdk-java-azure-storage-file-datalake/12.17.0-beta.1 (17.0.7; Windows 11; 10.0)",
        "x-ms-client-request-id": "2a7ff6a9-56cf-43e8-afa7-0665c7cbcfd7",
        "x-ms-version": "2023-01-03"
      },
      "RequestBody": null,
      "StatusCode": 200,
      "ResponseHeaders": {
        "Accept-Ranges": "bytes",
        "Content-Length": "7",
        "Date": "Wed, 26 Jul 2023 19:31:54 GMT",
        "ETag": "\u00220x8DB8E0EF857EFE2\u0022",
        "Last-Modified": "Wed, 26 Jul 2023 19:31:55 GMT",
        "Server": [
          "Windows-Azure-Blob/1.0",
          "Microsoft-HTTPAPI/2.0"
        ],
        "Vary": "Origin",
        "x-ms-access-tier": "Hot",
        "x-ms-access-tier-inferred": "true",
        "x-ms-blob-type": "BlockBlob",
        "x-ms-client-request-id": "2a7ff6a9-56cf-43e8-afa7-0665c7cbcfd7",
        "x-ms-creation-time": "Wed, 26 Jul 2023 19:31:54 GMT",
        "x-ms-group": "$superuser",
        "x-ms-lease-state": "available",
        "x-ms-lease-status": "unlocked",
        "x-ms-owner": "$superuser",
        "x-ms-permissions": "rw-r-----",
        "x-ms-request-id": "b34be9b7-801e-007d-7af7-bfe0a1000000",
        "x-ms-resource-type": "file",
        "x-ms-server-encrypted": "true",
        "x-ms-version": "2023-01-03"
      },
      "ResponseBody": null
    }
  ],
  "Variables": {
    "0": "dfd6bd3c0sethttpheadersheadersc2b983471e2ee2ce955a",
    "1": "dfd6bd3c1sethttpheadersheadersc2b77556a63e79b0f875"
  }
}
