{
  "Entries": [
    {
      "RequestUri": "https://REDACTED/fe73c03f0readmd5165036238763cccc8c144674ade?restype=container",
      "RequestMethod": "PUT",
      "RequestHeaders": {
        "Accept": "application/xml",
        "Authorization": "Sanitized",
        "Content-Length": "0",
        "Date": "Wed, 26 Jul 2023 18:43:05 GMT",
        "User-Agent": "azsdk-java-azure-storage-blob/12.24.0-beta.1 azsdk-java-azure-storage-file-datalake/12.17.0-beta.1 (17.0.7; Windows 11; 10.0)",
        "x-ms-client-request-id": "8cc5c08c-0bcb-43e9-9646-5306449aa36e",
        "x-ms-version": "2023-01-03"
      },
      "RequestBody": null,
      "StatusCode": 201,
      "ResponseHeaders": {
        "Content-Length": "0",
        "Date": "Wed, 26 Jul 2023 18:43:05 GMT",
        "ETag": "\u00220x8DB8E0826605BD3\u0022",
        "Last-Modified": "Wed, 26 Jul 2023 18:43:05 GMT",
        "Server": [
          "Windows-Azure-Blob/1.0",
          "Microsoft-HTTPAPI/2.0"
        ],
        "x-ms-client-request-id": "8cc5c08c-0bcb-43e9-9646-5306449aa36e",
        "x-ms-request-id": "8f99e7ce-f01e-0093-07f1-bf4a88000000",
        "x-ms-version": "2023-01-03"
      },
      "ResponseBody": null
    },
    {
      "RequestUri": "https://REDACTED/fe73c03f0readmd5165036238763cccc8c144674ade/fe73c03f1readmd516569521d95c64458d31499da03?resource=file",
      "RequestMethod": "PUT",
      "RequestHeaders": {
        "Accept": "application/json",
        "Authorization": "Sanitized",
        "Content-Length": "0",
        "Date": "Wed, 26 Jul 2023 18:43:05 GMT",
        "If-None-Match": "*",
        "User-Agent": "azsdk-java-azure-storage-file-datalake/12.17.0-beta.1 (17.0.7; Windows 11; 10.0)",
        "x-ms-client-request-id": "4ad27370-6098-45b7-826f-bb5a18f0ec6e",
        "x-ms-version": "2023-01-03"
      },
      "RequestBody": null,
      "StatusCode": 201,
      "ResponseHeaders": {
        "Content-Length": "0",
        "Date": "Wed, 26 Jul 2023 18:43:05 GMT",
        "ETag": "\u00220x8DB8E082668936C\u0022",
        "Last-Modified": "Wed, 26 Jul 2023 18:43:05 GMT",
        "Server": [
          "Windows-Azure-HDFS/1.0",
          "Microsoft-HTTPAPI/2.0"
        ],
        "x-ms-client-request-id": "4ad27370-6098-45b7-826f-bb5a18f0ec6e",
        "x-ms-request-id": "40e15b9c-b01f-0076-0ff1-bf1bca000000",
        "x-ms-request-server-encrypted": "true",
        "x-ms-version": "2023-01-03"
      },
      "ResponseBody": null
    },
    {
      "RequestUri": "https://REDACTED/fe73c03f0readmd5165036238763cccc8c144674ade/fe73c03f1readmd516569521d95c64458d31499da03?action=append\u0026position=0",
      "RequestMethod": "PATCH",
      "RequestHeaders": {
        "Accept": "application/json",
        "Authorization": "Sanitized",
        "Content-Length": "7",
        "Content-Type": "application/octet-stream",
        "Date": "Wed, 26 Jul 2023 18:43:05 GMT",
        "User-Agent": "azsdk-java-azure-storage-file-datalake/12.17.0-beta.1 (17.0.7; Windows 11; 10.0)",
        "x-ms-client-request-id": "2f090495-1ee5-41ac-9d48-5baf954726da",
        "x-ms-version": "2023-01-03"
      },
      "RequestBody": "ZGVmYXVsdA==",
      "StatusCode": 202,
      "ResponseHeaders": {
        "Content-Length": "0",
        "Date": "Wed, 26 Jul 2023 18:43:05 GMT",
        "Server": [
          "Windows-Azure-HDFS/1.0",
          "Microsoft-HTTPAPI/2.0"
        ],
        "x-ms-client-request-id": "2f090495-1ee5-41ac-9d48-5baf954726da",
        "x-ms-request-id": "40e15baa-b01f-0076-1df1-bf1bca000000",
        "x-ms-request-server-encrypted": "true",
        "x-ms-version": "2023-01-03"
      },
      "ResponseBody": null
    },
    {
      "RequestUri": "https://REDACTED/fe73c03f0readmd5165036238763cccc8c144674ade/fe73c03f1readmd516569521d95c64458d31499da03?action=flush\u0026position=7\u0026retainUncommittedData=false\u0026close=false",
      "RequestMethod": "PATCH",
      "RequestHeaders": {
        "Accept": "application/json",
        "Authorization": "Sanitized",
        "Content-Length": "0",
        "Date": "Wed, 26 Jul 2023 18:43:05 GMT",
        "User-Agent": "azsdk-java-azure-storage-file-datalake/12.17.0-beta.1 (17.0.7; Windows 11; 10.0)",
        "x-ms-client-request-id": "2375e350-2834-46c0-8d22-39e78efbc263",
        "x-ms-version": "2023-01-03"
      },
      "RequestBody": null,
      "StatusCode": 200,
      "ResponseHeaders": {
        "Content-Length": "0",
        "Date": "Wed, 26 Jul 2023 18:43:05 GMT",
        "ETag": "\u00220x8DB8E08267398D6\u0022",
        "Last-Modified": "Wed, 26 Jul 2023 18:43:05 GMT",
        "Server": [
          "Windows-Azure-HDFS/1.0",
          "Microsoft-HTTPAPI/2.0"
        ],
        "x-ms-client-request-id": "2375e350-2834-46c0-8d22-39e78efbc263",
        "x-ms-request-id": "40e15bb3-b01f-0076-26f1-bf1bca000000",
        "x-ms-request-server-encrypted": "false",
        "x-ms-version": "2023-01-03"
      },
      "ResponseBody": null
    },
    {
      "RequestUri": "https://REDACTED/fe73c03f0readmd5165036238763cccc8c144674ade/fe73c03f1readmd516569521d95c64458d31499da03",
      "RequestMethod": "GET",
      "RequestHeaders": {
        "Accept": "application/xml",
        "Authorization": "Sanitized",
        "Content-Length": "0",
        "Date": "Wed, 26 Jul 2023 18:43:05 GMT",
        "User-Agent": "azsdk-java-azure-storage-blob/12.24.0-beta.1 azsdk-java-azure-storage-file-datalake/12.17.0-beta.1 (17.0.7; Windows 11; 10.0)",
        "x-ms-client-request-id": "eb932507-bc8e-4e05-ba07-a68e390b1ef2",
        "x-ms-range": "bytes=0-2",
        "x-ms-range-get-content-md5": "true",
        "x-ms-version": "2023-01-03"
      },
      "RequestBody": null,
      "StatusCode": 206,
      "ResponseHeaders": {
        "Accept-Ranges": "bytes",
        "Access-Control-Allow-Origin": "*",
        "Access-Control-Expose-Headers": "x-ms-client-request-id",
        "Content-Length": "3",
        "Content-MD5": "TtlAdjDrEADA9rY4Qt76fQ==",
        "Content-Range": "bytes 0-2/7",
        "Content-Type": "application/octet-stream",
        "Date": "Wed, 26 Jul 2023 18:43:05 GMT",
        "ETag": "\u00220x8DB8E08267398D6\u0022",
        "Last-Modified": "Wed, 26 Jul 2023 18:43:05 GMT",
        "Server": [
          "Windows-Azure-Blob/1.0",
          "Microsoft-HTTPAPI/2.0"
        ],
        "x-ms-blob-type": "BlockBlob",
        "x-ms-client-request-id": "eb932507-bc8e-4e05-ba07-a68e390b1ef2",
        "x-ms-creation-time": "Wed, 26 Jul 2023 18:43:05 GMT",
        "x-ms-group": "$superuser",
        "x-ms-lease-state": "available",
        "x-ms-lease-status": "unlocked",
        "x-ms-owner": "$superuser",
        "x-ms-permissions": "rw-r-----",
        "x-ms-request-id": "8f99e82f-f01e-0093-5ff1-bf4a88000000",
        "x-ms-resource-type": "file",
        "x-ms-server-encrypted": "true",
        "x-ms-version": "2023-01-03"
      },
      "ResponseBody": "ZGVm"
    }
  ],
  "Variables": {
    "0": "fe73c03f0readmd5165036238763cccc8c144674ade",
    "1": "fe73c03f1readmd516569521d95c64458d31499da03"
  }
}
