{
  "Entries": [
    {
      "RequestUri": "https://REDACTED/a905cfc40sethttpheadersnull51156376ba5ff1a292194c?restype=container",
      "RequestMethod": "PUT",
      "RequestHeaders": {
        "Accept": "application/xml",
        "Authorization": "Sanitized",
        "Content-Length": "0",
        "Date": "Fri, 15 Sep 2023 18:57:42 GMT",
        "User-Agent": "azsdk-java-azure-storage-blob/12.25.0-beta.1 azsdk-java-azure-storage-file-datalake/12.18.0-beta.1 (17.0.8; Windows 11; 10.0)",
        "x-ms-client-request-id": "ae249bc6-b3b9-4423-ae06-06b9a57a4dcc",
        "x-ms-version": "2023-08-03"
      },
      "RequestBody": null,
      "StatusCode": 201,
      "ResponseHeaders": {
        "Content-Length": "0",
        "Date": "Fri, 15 Sep 2023 18:57:42 GMT",
        "ETag": "\u00220x8DBB61DA3F181DC\u0022",
        "Last-Modified": "Fri, 15 Sep 2023 18:57:42 GMT",
        "Server": [
          "Windows-Azure-Blob/1.0",
          "Microsoft-HTTPAPI/2.0"
        ],
        "x-ms-client-request-id": "ae249bc6-b3b9-4423-ae06-06b9a57a4dcc",
        "x-ms-request-id": "621b6283-c01e-00e3-7206-e86f71000000",
        "x-ms-version": "2023-08-03"
      },
      "ResponseBody": null
    },
    {
      "RequestUri": "https://REDACTED/a905cfc40sethttpheadersnull51156376ba5ff1a292194c/a905cfc41sethttpheadersnull511472595cfba003abd249?resource=file",
      "RequestMethod": "PUT",
      "RequestHeaders": {
        "Accept": "application/json",
        "Authorization": "Sanitized",
        "Content-Length": "0",
        "Date": "Fri, 15 Sep 2023 18:57:42 GMT",
        "If-None-Match": "*",
        "User-Agent": "azsdk-java-azure-storage-file-datalake/12.18.0-beta.1 (17.0.8; Windows 11; 10.0)",
        "x-ms-client-request-id": "a555fdc9-cee3-409c-80c5-ce5bb78a11a2",
        "x-ms-version": "2023-08-03"
      },
      "RequestBody": null,
      "StatusCode": 201,
      "ResponseHeaders": {
        "Content-Length": "0",
        "Date": "Fri, 15 Sep 2023 18:57:42 GMT",
        "ETag": "\u00220x8DBB61DA407AE8E\u0022",
        "Last-Modified": "Fri, 15 Sep 2023 18:57:42 GMT",
        "Server": [
          "Windows-Azure-HDFS/1.0",
          "Microsoft-HTTPAPI/2.0"
        ],
        "x-ms-client-request-id": "a555fdc9-cee3-409c-80c5-ce5bb78a11a2",
        "x-ms-request-id": "efd618c5-001f-008e-3506-e8db3a000000",
        "x-ms-request-server-encrypted": "true",
        "x-ms-version": "2023-08-03"
      },
      "ResponseBody": null
    },
    {
      "RequestUri": "https://REDACTED/a905cfc40sethttpheadersnull51156376ba5ff1a292194c/a905cfc41sethttpheadersnull511472595cfba003abd249?comp=properties",
      "RequestMethod": "PUT",
      "RequestHeaders": {
        "Accept": "application/xml",
        "Authorization": "Sanitized",
        "Content-Length": "0",
        "Date": "Fri, 15 Sep 2023 18:57:42 GMT",
        "User-Agent": "azsdk-java-azure-storage-blob/12.25.0-beta.1 azsdk-java-azure-storage-file-datalake/12.18.0-beta.1 (17.0.8; Windows 11; 10.0)",
        "x-ms-client-request-id": "28f981cf-14d9-409f-98ae-8415a852cc86",
        "x-ms-version": "2023-08-03"
      },
      "RequestBody": null,
      "StatusCode": 200,
      "ResponseHeaders": {
        "Content-Length": "0",
        "Date": "Fri, 15 Sep 2023 18:57:41 GMT",
        "ETag": "\u00220x8DBB61DA416345C\u0022",
        "Last-Modified": "Fri, 15 Sep 2023 18:57:42 GMT",
        "Server": [
          "Windows-Azure-Blob/1.0",
          "Microsoft-HTTPAPI/2.0"
        ],
        "x-ms-client-request-id": "28f981cf-14d9-409f-98ae-8415a852cc86",
        "x-ms-request-id": "5beeffca-101e-0076-0c06-e887c4000000",
        "x-ms-version": "2023-08-03"
      },
      "ResponseBody": null
    }
  ],
  "Variables": {
    "0": "a905cfc40sethttpheadersnull51156376ba5ff1a292194c",
    "1": "a905cfc41sethttpheadersnull511472595cfba003abd249"
  }
}
