{
  "Entries": [
    {
      "RequestUri": "https://REDACTED/e31c1b810scheduledeletiontime9146143335c43f7071e34?restype=container",
      "RequestMethod": "PUT",
      "RequestHeaders": {
        "Accept": "application/xml",
        "Authorization": "Sanitized",
        "Content-Length": "0",
        "Date": "Fri, 17 Nov 2023 19:14:09 GMT",
        "User-Agent": "azsdk-java-azure-storage-blob/12.26.0-beta.1 azsdk-java-azure-storage-file-datalake/12.19.0-beta.1 (17.0.8; Windows 11; 10.0)",
        "x-ms-client-request-id": "8ddf661b-d46a-4942-bc4a-c133ac6e1b2b",
        "x-ms-version": "2024-02-04"
      },
      "RequestBody": null,
      "StatusCode": 201,
      "ResponseHeaders": {
        "Content-Length": "0",
        "Date": "Fri, 17 Nov 2023 19:14:08 GMT",
        "ETag": "\u00220x8DBE7A160487D8A\u0022",
        "Last-Modified": "Fri, 17 Nov 2023 19:14:09 GMT",
        "Server": [
          "Windows-Azure-Blob/1.0",
          "Microsoft-HTTPAPI/2.0"
        ],
        "x-ms-client-request-id": "8ddf661b-d46a-4942-bc4a-c133ac6e1b2b",
        "x-ms-request-id": "9eb4dd5b-701e-0084-328a-197f8d000000",
        "x-ms-version": "2024-02-04"
      },
      "ResponseBody": null
    },
    {
      "RequestUri": "https://REDACTED/e31c1b810scheduledeletiontime9146143335c43f7071e34/e31c1b811scheduledeletiontime91455421e4a2127a7f844?resource=file",
      "RequestMethod": "PUT",
      "RequestHeaders": {
        "Accept": "application/json",
        "Authorization": "Sanitized",
        "Content-Length": "0",
        "Date": "Fri, 17 Nov 2023 19:14:09 GMT",
        "If-None-Match": "*",
        "User-Agent": "azsdk-java-azure-storage-file-datalake/12.19.0-beta.1 (17.0.8; Windows 11; 10.0)",
        "x-ms-client-request-id": "b7d7be35-7407-4fc3-977c-7c3ea895f971",
        "x-ms-version": "2024-02-04"
      },
      "RequestBody": null,
      "StatusCode": 201,
      "ResponseHeaders": {
        "Content-Length": "0",
        "Date": "Fri, 17 Nov 2023 19:14:08 GMT",
        "ETag": "\u00220x8DBE7A1605B9E5B\u0022",
        "Last-Modified": "Fri, 17 Nov 2023 19:14:09 GMT",
        "Server": [
          "Windows-Azure-HDFS/1.0",
          "Microsoft-HTTPAPI/2.0"
        ],
        "x-ms-client-request-id": "b7d7be35-7407-4fc3-977c-7c3ea895f971",
        "x-ms-request-id": "5a51fb89-801f-0080-1b8a-19f28a000000",
        "x-ms-request-server-encrypted": "true",
        "x-ms-version": "2024-02-04"
      },
      "ResponseBody": null
    },
    {
      "RequestUri": "https://REDACTED/e31c1b810scheduledeletiontime9146143335c43f7071e34/e31c1b812scheduledeletiontime914397424f7b3ab3e3364?resource=file",
      "RequestMethod": "PUT",
      "RequestHeaders": {
        "Accept": "application/json",
        "Authorization": "Sanitized",
        "Content-Length": "0",
        "Date": "Fri, 17 Nov 2023 19:14:09 GMT",
        "If-None-Match": "*",
        "User-Agent": "azsdk-java-azure-storage-file-datalake/12.19.0-beta.1 (17.0.8; Windows 11; 10.0)",
        "x-ms-client-request-id": "0f1fa504-dd52-4a93-a211-8529e7fd9260",
        "x-ms-version": "2024-02-04"
      },
      "RequestBody": null,
      "StatusCode": 201,
      "ResponseHeaders": {
        "Content-Length": "0",
        "Date": "Fri, 17 Nov 2023 19:14:08 GMT",
        "ETag": "\u00220x8DBE7A1606AE5C2\u0022",
        "Last-Modified": "Fri, 17 Nov 2023 19:14:09 GMT",
        "Server": [
          "Windows-Azure-HDFS/1.0",
          "Microsoft-HTTPAPI/2.0"
        ],
        "x-ms-client-request-id": "0f1fa504-dd52-4a93-a211-8529e7fd9260",
        "x-ms-request-id": "5a51fb8d-801f-0080-1f8a-19f28a000000",
        "x-ms-request-server-encrypted": "true",
        "x-ms-version": "2024-02-04"
      },
      "ResponseBody": null
    },
    {
      "RequestUri": "https://REDACTED/e31c1b810scheduledeletiontime9146143335c43f7071e34/e31c1b812scheduledeletiontime914397424f7b3ab3e3364?comp=expiry",
      "RequestMethod": "PUT",
      "RequestHeaders": {
        "Accept": "application/json",
        "Authorization": "Sanitized",
        "Content-Length": "0",
        "Date": "Fri, 17 Nov 2023 19:14:09 GMT",
        "User-Agent": "azsdk-java-azure-storage-file-datalake/12.19.0-beta.1 (17.0.8; Windows 11; 10.0)",
        "x-ms-client-request-id": "f6345e2f-977c-4077-a671-f3decd90e782",
        "x-ms-expiry-option": "Absolute",
        "x-ms-expiry-time": "Sat, 18 Nov 2023 19:14:09 GMT",
        "x-ms-version": "2024-02-04"
      },
      "RequestBody": null,
      "StatusCode": 200,
      "ResponseHeaders": {
        "Content-Length": "0",
        "Date": "Fri, 17 Nov 2023 19:14:09 GMT",
        "ETag": "\u00220x8DBE7A1606AE5C2\u0022",
        "Last-Modified": "Fri, 17 Nov 2023 19:14:09 GMT",
        "Server": [
          "Windows-Azure-Blob/1.0",
          "Microsoft-HTTPAPI/2.0"
        ],
        "x-ms-client-request-id": "f6345e2f-977c-4077-a671-f3decd90e782",
        "x-ms-request-id": "7e0fe63f-001e-0027-6f8a-191a48000000",
        "x-ms-version": "2024-02-04"
      },
      "ResponseBody": null
    },
    {
      "RequestUri": "https://REDACTED/e31c1b810scheduledeletiontime9146143335c43f7071e34/e31c1b812scheduledeletiontime914397424f7b3ab3e3364",
      "RequestMethod": "HEAD",
      "RequestHeaders": {
        "Accept": "application/xml",
        "Authorization": "Sanitized",
        "Content-Length": "0",
        "Date": "Fri, 17 Nov 2023 19:14:09 GMT",
        "User-Agent": "azsdk-java-azure-storage-blob/12.26.0-beta.1 azsdk-java-azure-storage-file-datalake/12.19.0-beta.1 (17.0.8; Windows 11; 10.0)",
        "x-ms-client-request-id": "23009234-4e3b-4e0b-8e61-72a4eca1cc8b",
        "x-ms-version": "2024-02-04"
      },
      "RequestBody": null,
      "StatusCode": 200,
      "ResponseHeaders": {
        "Accept-Ranges": "bytes",
        "Access-Control-Allow-Origin": "*",
        "Access-Control-Expose-Headers": "x-ms-client-request-id",
        "Content-Length": "0",
        "Content-Type": "application/octet-stream",
        "Date": "Fri, 17 Nov 2023 19:14:09 GMT",
        "ETag": "\u00220x8DBE7A1606AE5C2\u0022",
        "Last-Modified": "Fri, 17 Nov 2023 19:14:09 GMT",
        "Server": [
          "Windows-Azure-Blob/1.0",
          "Microsoft-HTTPAPI/2.0"
        ],
        "x-ms-access-tier": "Hot",
        "x-ms-access-tier-inferred": "true",
        "x-ms-blob-type": "BlockBlob",
        "x-ms-client-request-id": "23009234-4e3b-4e0b-8e61-72a4eca1cc8b",
        "x-ms-creation-time": "Fri, 17 Nov 2023 19:14:09 GMT",
        "x-ms-expiry-time": "Sat, 18 Nov 2023 19:14:09 GMT",
        "x-ms-group": "$superuser",
        "x-ms-lease-state": "available",
        "x-ms-lease-status": "unlocked",
        "x-ms-owner": "$superuser",
        "x-ms-permissions": "rw-r-----",
        "x-ms-request-id": "7e0fe683-001e-0027-2d8a-191a48000000",
        "x-ms-resource-type": "file",
        "x-ms-server-encrypted": "true",
        "x-ms-version": "2024-02-04"
      },
      "ResponseBody": null
    }
  ],
  "Variables": {
    "0": "e31c1b810scheduledeletiontime9146143335c43f7071e34",
    "1": "e31c1b811scheduledeletiontime91455421e4a2127a7f844",
    "2": "2023-11-17T19:14:09.559367700Z",
    "3": "e31c1b812scheduledeletiontime914397424f7b3ab3e3364"
  }
}
