{
  "Entries": [
    {
      "RequestUri": "https://REDACTED/3ce010fa0createifnotexistsfileoptionswithmetadatab2819999828?restype=container",
      "RequestMethod": "PUT",
      "RequestHeaders": {
        "Accept": "application/xml",
        "Authorization": "Sanitized",
        "Content-Length": "0",
        "Date": "Thu, 27 Jul 2023 14:37:19 GMT",
        "User-Agent": "azsdk-java-azure-storage-blob/12.24.0-beta.1 azsdk-java-azure-storage-file-datalake/12.17.0-beta.1 (17.0.7; Windows 11; 10.0)",
        "x-ms-client-request-id": "b5a9d45b-b623-4c4e-b044-acca82110cdd",
        "x-ms-version": "2023-01-03"
      },
      "RequestBody": null,
      "StatusCode": 201,
      "ResponseHeaders": {
        "Content-Length": "0",
        "Date": "Thu, 27 Jul 2023 14:37:19 GMT",
        "ETag": "\u00220x8DB8EAEFB9EA7CA\u0022",
        "Last-Modified": "Thu, 27 Jul 2023 14:37:19 GMT",
        "Server": [
          "Windows-Azure-Blob/1.0",
          "Microsoft-HTTPAPI/2.0"
        ],
        "x-ms-client-request-id": "b5a9d45b-b623-4c4e-b044-acca82110cdd",
        "x-ms-request-id": "f6280655-e01e-0026-7797-c0d99a000000",
        "x-ms-version": "2023-01-03"
      },
      "ResponseBody": null
    },
    {
      "RequestUri": "https://REDACTED/3ce010fa0createifnotexistsfileoptionswithmetadatab2819999828/3ce010fa1createifnotexistsfileoptionswithmetadatab289894254d?resource=file",
      "RequestMethod": "PUT",
      "RequestHeaders": {
        "Accept": "application/json",
        "Authorization": "Sanitized",
        "Content-Length": "0",
        "Date": "Thu, 27 Jul 2023 14:37:20 GMT",
        "If-None-Match": "*",
        "User-Agent": "azsdk-java-azure-storage-file-datalake/12.17.0-beta.1 (17.0.7; Windows 11; 10.0)",
        "x-ms-client-request-id": "c4857777-a38b-4660-8293-dcaee7bec5b9",
        "x-ms-properties": "foo=YmFy,fizz=YnV6eg==",
        "x-ms-version": "2023-01-03"
      },
      "RequestBody": null,
      "StatusCode": 201,
      "ResponseHeaders": {
        "Content-Length": "0",
        "Date": "Thu, 27 Jul 2023 14:37:19 GMT",
        "ETag": "\u00220x8DB8EAEFBAA4EA8\u0022",
        "Last-Modified": "Thu, 27 Jul 2023 14:37:20 GMT",
        "Server": [
          "Windows-Azure-HDFS/1.0",
          "Microsoft-HTTPAPI/2.0"
        ],
        "x-ms-client-request-id": "c4857777-a38b-4660-8293-dcaee7bec5b9",
        "x-ms-request-id": "5865a1fd-201f-0039-4597-c06a9e000000",
        "x-ms-request-server-encrypted": "true",
        "x-ms-version": "2023-01-03"
      },
      "ResponseBody": null
    },
    {
      "RequestUri": "https://REDACTED/3ce010fa0createifnotexistsfileoptionswithmetadatab2819999828/3ce010fa1createifnotexistsfileoptionswithmetadatab289894254d",
      "RequestMethod": "HEAD",
      "RequestHeaders": {
        "Accept": "application/xml",
        "Authorization": "Sanitized",
        "Content-Length": "0",
        "Date": "Thu, 27 Jul 2023 14:37:20 GMT",
        "User-Agent": "azsdk-java-azure-storage-blob/12.24.0-beta.1 azsdk-java-azure-storage-file-datalake/12.17.0-beta.1 (17.0.7; Windows 11; 10.0)",
        "x-ms-client-request-id": "428e3da8-ea93-45f8-84c4-a2437e0360d9",
        "x-ms-version": "2023-01-03"
      },
      "RequestBody": null,
      "StatusCode": 200,
      "ResponseHeaders": {
        "Accept-Ranges": "bytes",
        "Access-Control-Allow-Origin": "*",
        "Access-Control-Expose-Headers": "x-ms-client-request-id",
        "Content-Length": "0",
        "Content-Type": "application/octet-stream",
        "Date": "Thu, 27 Jul 2023 14:37:19 GMT",
        "ETag": "\u00220x8DB8EAEFBAA4EA8\u0022",
        "Last-Modified": "Thu, 27 Jul 2023 14:37:20 GMT",
        "Server": [
          "Windows-Azure-Blob/1.0",
          "Microsoft-HTTPAPI/2.0"
        ],
        "x-ms-access-tier": "Hot",
        "x-ms-access-tier-inferred": "true",
        "x-ms-blob-type": "BlockBlob",
        "x-ms-client-request-id": "428e3da8-ea93-45f8-84c4-a2437e0360d9",
        "x-ms-creation-time": "Thu, 27 Jul 2023 14:37:20 GMT",
        "x-ms-group": "$superuser",
        "x-ms-lease-state": "available",
        "x-ms-lease-status": "unlocked",
        "x-ms-meta-fizz": "buzz",
        "x-ms-meta-foo": "bar",
        "x-ms-owner": "$superuser",
        "x-ms-permissions": "rw-r-----",
        "x-ms-request-id": "0246a1d5-d01e-004f-6297-c0e0d6000000",
        "x-ms-resource-type": "file",
        "x-ms-server-encrypted": "true",
        "x-ms-version": "2023-01-03"
      },
      "ResponseBody": null
    }
  ],
  "Variables": {
    "0": "3ce010fa0createifnotexistsfileoptionswithmetadatab2819999828",
    "1": "3ce010fa1createifnotexistsfileoptionswithmetadatab289894254d"
  }
}
