{
  "Entries": [
    {
      "RequestUri": "https://REDACTED/95b77a930setaclac665471520f259f7a2fb34b1fa7f?restype=container",
      "RequestMethod": "PUT",
      "RequestHeaders": {
        "Accept": "application/xml",
        "Authorization": "Sanitized",
        "Content-Length": "0",
        "Date": "Wed, 26 Jul 2023 19:19:14 GMT",
        "User-Agent": "azsdk-java-azure-storage-blob/12.24.0-beta.1 azsdk-java-azure-storage-file-datalake/12.17.0-beta.1 (17.0.7; Windows 11; 10.0)",
        "x-ms-client-request-id": "f8248beb-a959-4776-8989-921164abcda0",
        "x-ms-version": "2023-01-03"
      },
      "RequestBody": null,
      "StatusCode": 201,
      "ResponseHeaders": {
        "Content-Length": "0",
        "Date": "Wed, 26 Jul 2023 19:19:14 GMT",
        "ETag": "\u00220x8DB8E0D3346A9A4\u0022",
        "Last-Modified": "Wed, 26 Jul 2023 19:19:14 GMT",
        "Server": [
          "Windows-Azure-Blob/1.0",
          "Microsoft-HTTPAPI/2.0"
        ],
        "x-ms-client-request-id": "f8248beb-a959-4776-8989-921164abcda0",
        "x-ms-request-id": "f369f315-c01e-0088-73f6-bf748b000000",
        "x-ms-version": "2023-01-03"
      },
      "ResponseBody": null
    },
    {
      "RequestUri": "https://REDACTED/95b77a930setaclac665471520f259f7a2fb34b1fa7f/95b77a931setaclac66544634d278266371134801bfb?resource=file",
      "RequestMethod": "PUT",
      "RequestHeaders": {
        "Accept": "application/json",
        "Authorization": "Sanitized",
        "Content-Length": "0",
        "Date": "Wed, 26 Jul 2023 19:19:14 GMT",
        "If-None-Match": "*",
        "User-Agent": "azsdk-java-azure-storage-file-datalake/12.17.0-beta.1 (17.0.7; Windows 11; 10.0)",
        "x-ms-client-request-id": "de3e3b36-20ea-49d7-9880-1bc48b0aa319",
        "x-ms-version": "2023-01-03"
      },
      "RequestBody": null,
      "StatusCode": 201,
      "ResponseHeaders": {
        "Content-Length": "0",
        "Date": "Wed, 26 Jul 2023 19:19:14 GMT",
        "ETag": "\u00220x8DB8E0D3350BFEE\u0022",
        "Last-Modified": "Wed, 26 Jul 2023 19:19:14 GMT",
        "Server": [
          "Windows-Azure-HDFS/1.0",
          "Microsoft-HTTPAPI/2.0"
        ],
        "x-ms-client-request-id": "de3e3b36-20ea-49d7-9880-1bc48b0aa319",
        "x-ms-request-id": "7278ce45-f01f-0093-79f6-bf4a88000000",
        "x-ms-request-server-encrypted": "true",
        "x-ms-version": "2023-01-03"
      },
      "ResponseBody": null
    },
    {
      "RequestUri": "https://REDACTED/95b77a930setaclac665471520f259f7a2fb34b1fa7f/95b77a931setaclac66544634d278266371134801bfb?action=setAccessControl",
      "RequestMethod": "PATCH",
      "RequestHeaders": {
        "Accept": "application/json",
        "Authorization": "Sanitized",
        "Content-Length": "0",
        "Date": "Wed, 26 Jul 2023 19:19:14 GMT",
        "User-Agent": "azsdk-java-azure-storage-file-datalake/12.17.0-beta.1 (17.0.7; Windows 11; 10.0)",
        "x-ms-acl": "user::rwx,group::r--,other::---,mask::rwx",
        "x-ms-client-request-id": "8216b662-8f52-4ca9-bea8-e5dd5f76b75c",
        "x-ms-version": "2023-01-03"
      },
      "RequestBody": null,
      "StatusCode": 200,
      "ResponseHeaders": {
        "Content-Length": "0",
        "Date": "Wed, 26 Jul 2023 19:19:14 GMT",
        "ETag": "\u00220x8DB8E0D3350BFEE\u0022",
        "Last-Modified": "Wed, 26 Jul 2023 19:19:14 GMT",
        "Server": [
          "Windows-Azure-HDFS/1.0",
          "Microsoft-HTTPAPI/2.0"
        ],
        "x-ms-client-request-id": "8216b662-8f52-4ca9-bea8-e5dd5f76b75c",
        "x-ms-namespace-enabled": "true",
        "x-ms-request-id": "37725f7d-701f-008d-58f6-bfa650000000",
        "x-ms-version": "2023-01-03"
      },
      "ResponseBody": null
    }
  ],
  "Variables": {
    "0": "95b77a930setaclac665471520f259f7a2fb34b1fa7f",
    "1": "95b77a931setaclac66544634d278266371134801bfb"
  }
}
