{
  "Entries": [
    {
      "RequestUri": "https://REDACTED/56af4e630createifnotexistsoptionswithaclae5736475003bcb?restype=container",
      "RequestMethod": "PUT",
      "RequestHeaders": {
        "Accept": "application/xml",
        "Authorization": "Sanitized",
        "Content-Length": "0",
        "Date": "Fri, 15 Sep 2023 18:58:00 GMT",
        "User-Agent": "azsdk-java-azure-storage-blob/12.25.0-beta.1 azsdk-java-azure-storage-file-datalake/12.18.0-beta.1 (17.0.8; Windows 11; 10.0)",
        "x-ms-client-request-id": "a2e41097-933b-48d4-91a7-c666a5311912",
        "x-ms-version": "2023-08-03"
      },
      "RequestBody": null,
      "StatusCode": 201,
      "ResponseHeaders": {
        "Content-Length": "0",
        "Date": "Fri, 15 Sep 2023 18:57:59 GMT",
        "ETag": "\u00220x8DBB61DAEC12483\u0022",
        "Last-Modified": "Fri, 15 Sep 2023 18:58:00 GMT",
        "Server": [
          "Windows-Azure-Blob/1.0",
          "Microsoft-HTTPAPI/2.0"
        ],
        "x-ms-client-request-id": "a2e41097-933b-48d4-91a7-c666a5311912",
        "x-ms-request-id": "5bef18ca-101e-0076-5f06-e887c4000000",
        "x-ms-version": "2023-08-03"
      },
      "ResponseBody": null
    },
    {
      "RequestUri": "https://REDACTED/56af4e630createifnotexistsoptionswithaclae5736475003bcb/56af4e631createifnotexistsoptionswithaclae550198f5c145b?resource=file",
      "RequestMethod": "PUT",
      "RequestHeaders": {
        "Accept": "application/json",
        "Authorization": "Sanitized",
        "Content-Length": "0",
        "Date": "Fri, 15 Sep 2023 18:58:00 GMT",
        "If-None-Match": "*",
        "User-Agent": "azsdk-java-azure-storage-file-datalake/12.18.0-beta.1 (17.0.8; Windows 11; 10.0)",
        "x-ms-client-request-id": "f567243a-28db-49b9-8542-5f7252f74f56",
        "x-ms-version": "2023-08-03"
      },
      "RequestBody": null,
      "StatusCode": 201,
      "ResponseHeaders": {
        "Content-Length": "0",
        "Date": "Fri, 15 Sep 2023 18:58:00 GMT",
        "ETag": "\u00220x8DBB61DAED296D1\u0022",
        "Last-Modified": "Fri, 15 Sep 2023 18:58:00 GMT",
        "Server": [
          "Windows-Azure-HDFS/1.0",
          "Microsoft-HTTPAPI/2.0"
        ],
        "x-ms-client-request-id": "f567243a-28db-49b9-8542-5f7252f74f56",
        "x-ms-request-id": "efd62594-001f-008e-3f06-e8db3a000000",
        "x-ms-request-server-encrypted": "true",
        "x-ms-version": "2023-08-03"
      },
      "ResponseBody": null
    },
    {
      "RequestUri": "https://REDACTED/56af4e630createifnotexistsoptionswithaclae5736475003bcb/56af4e632createifnotexistsoptionswithaclae5652450617724?resource=file",
      "RequestMethod": "PUT",
      "RequestHeaders": {
        "Accept": "application/json",
        "Authorization": "Sanitized",
        "Content-Length": "0",
        "Date": "Fri, 15 Sep 2023 18:58:00 GMT",
        "If-None-Match": "*",
        "User-Agent": "azsdk-java-azure-storage-file-datalake/12.18.0-beta.1 (17.0.8; Windows 11; 10.0)",
        "x-ms-acl": "user::rwx,group::r--,other::---,mask::rwx",
        "x-ms-client-request-id": "0d4f7b9b-27ef-4e01-9dea-37534758d457",
        "x-ms-version": "2023-08-03"
      },
      "RequestBody": null,
      "StatusCode": 201,
      "ResponseHeaders": {
        "Content-Length": "0",
        "Date": "Fri, 15 Sep 2023 18:58:00 GMT",
        "ETag": "\u00220x8DBB61DAEE1455B\u0022",
        "Last-Modified": "Fri, 15 Sep 2023 18:58:00 GMT",
        "Server": [
          "Windows-Azure-HDFS/1.0",
          "Microsoft-HTTPAPI/2.0"
        ],
        "x-ms-client-request-id": "0d4f7b9b-27ef-4e01-9dea-37534758d457",
        "x-ms-request-id": "efd625a3-001f-008e-4e06-e8db3a000000",
        "x-ms-request-server-encrypted": "true",
        "x-ms-version": "2023-08-03"
      },
      "ResponseBody": null
    },
    {
      "RequestUri": "https://REDACTED/56af4e630createifnotexistsoptionswithaclae5736475003bcb/56af4e632createifnotexistsoptionswithaclae5652450617724?action=getAccessControl\u0026upn=false",
      "RequestMethod": "HEAD",
      "RequestHeaders": {
        "Accept": "application/json",
        "Authorization": "Sanitized",
        "Content-Length": "0",
        "Date": "Fri, 15 Sep 2023 18:58:00 GMT",
        "User-Agent": "azsdk-java-azure-storage-file-datalake/12.18.0-beta.1 (17.0.8; Windows 11; 10.0)",
        "x-ms-client-request-id": "d8e6a4e0-529a-4577-98d0-afd9517ea1a9",
        "x-ms-version": "2023-08-03"
      },
      "RequestBody": null,
      "StatusCode": 200,
      "ResponseHeaders": {
        "Date": "Fri, 15 Sep 2023 18:58:00 GMT",
        "ETag": "\u00220x8DBB61DAEE1455B\u0022",
        "Last-Modified": "Fri, 15 Sep 2023 18:58:00 GMT",
        "Server": [
          "Windows-Azure-HDFS/1.0",
          "Microsoft-HTTPAPI/2.0"
        ],
        "x-ms-acl": "user::rwx,group::r--,mask::rwx,other::---",
        "x-ms-client-request-id": "d8e6a4e0-529a-4577-98d0-afd9517ea1a9",
        "x-ms-group": "$superuser",
        "x-ms-owner": "$superuser",
        "x-ms-permissions": "rwxrwx---\u002B",
        "x-ms-request-id": "efd625b7-001f-008e-6206-e8db3a000000",
        "x-ms-version": "2023-08-03"
      },
      "ResponseBody": null
    }
  ],
  "Variables": {
    "0": "56af4e630createifnotexistsoptionswithaclae5736475003bcb",
    "1": "56af4e631createifnotexistsoptionswithaclae550198f5c145b",
    "2": "56af4e632createifnotexistsoptionswithaclae5652450617724"
  }
}
