{
  "Entries": [
    {
      "RequestUri": "https://REDACTED/0437d3280breakfilesystemleaseace9929744b228f38c161c?restype=container",
      "RequestMethod": "PUT",
      "RequestHeaders": {
        "Accept": "application/xml",
        "Authorization": "Sanitized",
        "Content-Length": "0",
        "Date": "Thu, 27 Jul 2023 14:37:39 GMT",
        "User-Agent": "azsdk-java-azure-storage-blob/12.24.0-beta.1 azsdk-java-azure-storage-file-datalake/12.17.0-beta.1 (17.0.7; Windows 11; 10.0)",
        "x-ms-client-request-id": "5f86e135-a384-490f-8a9d-eb2157bfeba7",
        "x-ms-version": "2023-01-03"
      },
      "RequestBody": null,
      "StatusCode": 201,
      "ResponseHeaders": {
        "Content-Length": "0",
        "Date": "Thu, 27 Jul 2023 14:37:39 GMT",
        "ETag": "\u00220x8DB8EAF07520869\u0022",
        "Last-Modified": "Thu, 27 Jul 2023 14:37:39 GMT",
        "Server": [
          "Windows-Azure-Blob/1.0",
          "Microsoft-HTTPAPI/2.0"
        ],
        "x-ms-client-request-id": "5f86e135-a384-490f-8a9d-eb2157bfeba7",
        "x-ms-request-id": "3c62d375-101e-006f-1097-c09b71000000",
        "x-ms-version": "2023-01-03"
      },
      "ResponseBody": null
    },
    {
      "RequestUri": "https://REDACTED/0437d3280breakfilesystemleaseace9929744b228f38c161c?comp=lease\u0026restype=container",
      "RequestMethod": "PUT",
      "RequestHeaders": {
        "Accept": "application/xml",
        "Authorization": "Sanitized",
        "Content-Length": "0",
        "Date": "Thu, 27 Jul 2023 14:37:39 GMT",
        "User-Agent": "azsdk-java-azure-storage-file-datalake/12.17.0-beta.1 (17.0.7; Windows 11; 10.0)",
        "x-ms-client-request-id": "b9749ca2-3cd1-4d54-b2d1-c33fe1ebe776",
        "x-ms-lease-action": "acquire",
        "x-ms-lease-duration": "-1",
        "x-ms-proposed-lease-id": "248a9e09-d650-4e18-a59a-81a2ae7fcb5d",
        "x-ms-version": "2023-01-03"
      },
      "RequestBody": null,
      "StatusCode": 201,
      "ResponseHeaders": {
        "Content-Length": "0",
        "Date": "Thu, 27 Jul 2023 14:37:38 GMT",
        "ETag": "\u00220x8DB8EAF07520869\u0022",
        "Last-Modified": "Thu, 27 Jul 2023 14:37:39 GMT",
        "Server": [
          "Windows-Azure-Blob/1.0",
          "Microsoft-HTTPAPI/2.0"
        ],
        "x-ms-client-request-id": "b9749ca2-3cd1-4d54-b2d1-c33fe1ebe776",
        "x-ms-lease-id": "248a9e09-d650-4e18-a59a-81a2ae7fcb5d",
        "x-ms-request-id": "91519612-601e-0081-4597-c03158000000",
        "x-ms-version": "2023-01-03"
      },
      "ResponseBody": null
    },
    {
      "RequestUri": "https://REDACTED/0437d3280breakfilesystemleaseace9929744b228f38c161c?comp=lease\u0026restype=container",
      "RequestMethod": "PUT",
      "RequestHeaders": {
        "Accept": "application/xml",
        "Authorization": "Sanitized",
        "Content-Length": "0",
        "Date": "Thu, 27 Jul 2023 14:37:39 GMT",
        "If-Unmodified-Since": "Fri, 28 Jul 2023 14:37:07 GMT",
        "User-Agent": "azsdk-java-azure-storage-file-datalake/12.17.0-beta.1 (17.0.7; Windows 11; 10.0)",
        "x-ms-client-request-id": "02418d77-1820-4992-a54f-c9db194158c2",
        "x-ms-lease-action": "break",
        "x-ms-version": "2023-01-03"
      },
      "RequestBody": null,
      "StatusCode": 202,
      "ResponseHeaders": {
        "Content-Length": "0",
        "Date": "Thu, 27 Jul 2023 14:37:38 GMT",
        "ETag": "\u00220x8DB8EAF07520869\u0022",
        "Last-Modified": "Thu, 27 Jul 2023 14:37:39 GMT",
        "Server": [
          "Windows-Azure-Blob/1.0",
          "Microsoft-HTTPAPI/2.0"
        ],
        "x-ms-client-request-id": "02418d77-1820-4992-a54f-c9db194158c2",
        "x-ms-lease-time": "0",
        "x-ms-request-id": "91519620-601e-0081-5397-c03158000000",
        "x-ms-version": "2023-01-03"
      },
      "ResponseBody": null
    }
  ],
  "Variables": {
    "0": "0437d3280breakfilesystemleaseace9929744b228f38c161c"
  }
}
