{
  "Entries": [
    {
      "RequestUri": "https://REDACTED/ab3434a60releasefileleasemin2cf79023a65f7f8b538d4?restype=container",
      "RequestMethod": "PUT",
      "RequestHeaders": {
        "Accept": "application/xml",
        "Authorization": "Sanitized",
        "Content-Length": "0",
        "Date": "Wed, 26 Jul 2023 19:18:57 GMT",
        "User-Agent": "azsdk-java-azure-storage-blob/12.24.0-beta.1 azsdk-java-azure-storage-file-datalake/12.17.0-beta.1 (17.0.7; Windows 11; 10.0)",
        "x-ms-client-request-id": "252e3e9a-d23e-46c4-b2af-f6ee0809fb61",
        "x-ms-version": "2023-01-03"
      },
      "RequestBody": null,
      "StatusCode": 201,
      "ResponseHeaders": {
        "Content-Length": "0",
        "Date": "Wed, 26 Jul 2023 19:18:56 GMT",
        "ETag": "\u00220x8DB8E0D28A1C973\u0022",
        "Last-Modified": "Wed, 26 Jul 2023 19:18:57 GMT",
        "Server": [
          "Windows-Azure-Blob/1.0",
          "Microsoft-HTTPAPI/2.0"
        ],
        "x-ms-client-request-id": "252e3e9a-d23e-46c4-b2af-f6ee0809fb61",
        "x-ms-request-id": "e2ee6b6b-f01e-003a-33f6-bf8bfa000000",
        "x-ms-version": "2023-01-03"
      },
      "ResponseBody": null
    },
    {
      "RequestUri": "https://REDACTED/ab3434a60releasefileleasemin2cf79023a65f7f8b538d4/ab3434a61releasefileleasemin2cf47569a10df6340adf4?resource=file",
      "RequestMethod": "PUT",
      "RequestHeaders": {
        "Accept": "application/json",
        "Authorization": "Sanitized",
        "Content-Length": "0",
        "Date": "Wed, 26 Jul 2023 19:18:57 GMT",
        "If-None-Match": "*",
        "User-Agent": "azsdk-java-azure-storage-file-datalake/12.17.0-beta.1 (17.0.7; Windows 11; 10.0)",
        "x-ms-client-request-id": "2cfec482-a7b0-40e9-b021-5e43d3b2065c",
        "x-ms-version": "2023-01-03"
      },
      "RequestBody": null,
      "StatusCode": 201,
      "ResponseHeaders": {
        "Content-Length": "0",
        "Date": "Wed, 26 Jul 2023 19:18:57 GMT",
        "ETag": "\u00220x8DB8E0D28ACFF06\u0022",
        "Last-Modified": "Wed, 26 Jul 2023 19:18:57 GMT",
        "Server": [
          "Windows-Azure-HDFS/1.0",
          "Microsoft-HTTPAPI/2.0"
        ],
        "x-ms-client-request-id": "2cfec482-a7b0-40e9-b021-5e43d3b2065c",
        "x-ms-request-id": "4b40538f-d01f-003d-70f6-bfe799000000",
        "x-ms-request-server-encrypted": "true",
        "x-ms-version": "2023-01-03"
      },
      "ResponseBody": null
    },
    {
      "RequestUri": "https://REDACTED/ab3434a60releasefileleasemin2cf79023a65f7f8b538d4/ab3434a61releasefileleasemin2cf47569a10df6340adf4?comp=lease",
      "RequestMethod": "PUT",
      "RequestHeaders": {
        "Accept": "application/xml",
        "Authorization": "Sanitized",
        "Content-Length": "0",
        "Date": "Wed, 26 Jul 2023 19:18:57 GMT",
        "User-Agent": "azsdk-java-azure-storage-file-datalake/12.17.0-beta.1 (17.0.7; Windows 11; 10.0)",
        "x-ms-client-request-id": "4d32e31e-b8ca-46e7-ad4e-d32888ada52b",
        "x-ms-lease-action": "acquire",
        "x-ms-lease-duration": "-1",
        "x-ms-proposed-lease-id": "48311401-003e-46b9-8662-4eea6d55d607",
        "x-ms-version": "2023-01-03"
      },
      "RequestBody": null,
      "StatusCode": 201,
      "ResponseHeaders": {
        "Content-Length": "0",
        "Date": "Wed, 26 Jul 2023 19:18:56 GMT",
        "ETag": "\u00220x8DB8E0D28ACFF06\u0022",
        "Last-Modified": "Wed, 26 Jul 2023 19:18:57 GMT",
        "Server": [
          "Windows-Azure-Blob/1.0",
          "Microsoft-HTTPAPI/2.0"
        ],
        "x-ms-client-request-id": "4d32e31e-b8ca-46e7-ad4e-d32888ada52b",
        "x-ms-lease-id": "48311401-003e-46b9-8662-4eea6d55d607",
        "x-ms-request-id": "c0999e6b-c01e-0043-50f6-bf77de000000",
        "x-ms-version": "2023-01-03"
      },
      "ResponseBody": null
    },
    {
      "RequestUri": "https://REDACTED/ab3434a60releasefileleasemin2cf79023a65f7f8b538d4/ab3434a61releasefileleasemin2cf47569a10df6340adf4?comp=lease",
      "RequestMethod": "PUT",
      "RequestHeaders": {
        "Accept": "application/xml",
        "Authorization": "Sanitized",
        "Content-Length": "0",
        "Date": "Wed, 26 Jul 2023 19:18:57 GMT",
        "User-Agent": "azsdk-java-azure-storage-file-datalake/12.17.0-beta.1 (17.0.7; Windows 11; 10.0)",
        "x-ms-client-request-id": "c21ba1eb-dc62-440f-8a63-24d34f0b7a49",
        "x-ms-lease-action": "release",
        "x-ms-lease-id": "48311401-003e-46b9-8662-4eea6d55d607",
        "x-ms-version": "2023-01-03"
      },
      "RequestBody": null,
      "StatusCode": 200,
      "ResponseHeaders": {
        "Content-Length": "0",
        "Date": "Wed, 26 Jul 2023 19:18:56 GMT",
        "ETag": "\u00220x8DB8E0D28ACFF06\u0022",
        "Last-Modified": "Wed, 26 Jul 2023 19:18:57 GMT",
        "Server": [
          "Windows-Azure-Blob/1.0",
          "Microsoft-HTTPAPI/2.0"
        ],
        "x-ms-client-request-id": "c21ba1eb-dc62-440f-8a63-24d34f0b7a49",
        "x-ms-request-id": "c0999e90-c01e-0043-6df6-bf77de000000",
        "x-ms-version": "2023-01-03"
      },
      "ResponseBody": null
    }
  ],
  "Variables": {
    "0": "ab3434a60releasefileleasemin2cf79023a65f7f8b538d4",
    "1": "ab3434a61releasefileleasemin2cf47569a10df6340adf4"
  }
}
