{
  "Entries": [
    {
      "RequestUri": "https://REDACTED/9a95695f0breakfilesystemleaseb8a380977787e46f693b4?restype=container",
      "RequestMethod": "PUT",
      "RequestHeaders": {
        "Accept": "application/xml",
        "Authorization": "Sanitized",
        "Content-Length": "0",
        "Date": "Thu, 05 Oct 2023 19:36:54 GMT",
        "User-Agent": "azsdk-java-azure-storage-blob/12.25.0-beta.1 azsdk-java-azure-storage-file-datalake/12.18.0-beta.1 (17.0.8; Windows 11; 10.0)",
        "x-ms-client-request-id": "5b69bd4b-e50a-4c8a-b5f2-ef085baebb93",
        "x-ms-version": "2023-08-03"
      },
      "RequestBody": null,
      "StatusCode": 201,
      "ResponseHeaders": {
        "Content-Length": "0",
        "Date": "Thu, 05 Oct 2023 19:36:54 GMT",
        "ETag": "\u00220x8DBC5DA6E9534FA\u0022",
        "Last-Modified": "Thu, 05 Oct 2023 19:36:55 GMT",
        "Server": [
          "Windows-Azure-Blob/1.0",
          "Microsoft-HTTPAPI/2.0"
        ],
        "x-ms-client-request-id": "5b69bd4b-e50a-4c8a-b5f2-ef085baebb93",
        "x-ms-request-id": "4ee91be1-301e-00d8-6ec3-f72ad5000000",
        "x-ms-version": "2023-08-03"
      },
      "ResponseBody": null
    },
    {
      "RequestUri": "https://REDACTED/9a95695f0breakfilesystemleaseb8a380977787e46f693b4?comp=lease\u0026restype=container",
      "RequestMethod": "PUT",
      "RequestHeaders": {
        "Accept": "application/xml",
        "Authorization": "Sanitized",
        "Content-Length": "0",
        "Date": "Thu, 05 Oct 2023 19:36:54 GMT",
        "User-Agent": "azsdk-java-azure-storage-file-datalake/12.18.0-beta.1 (17.0.8; Windows 11; 10.0)",
        "x-ms-client-request-id": "f455daa1-418c-468d-935c-6bcda643c51e",
        "x-ms-lease-action": "acquire",
        "x-ms-lease-duration": "20",
        "x-ms-proposed-lease-id": "c1115fea-5bf7-48a5-921c-85b9d13c2ae3",
        "x-ms-version": "2023-08-03"
      },
      "RequestBody": null,
      "StatusCode": 201,
      "ResponseHeaders": {
        "Content-Length": "0",
        "Date": "Thu, 05 Oct 2023 19:36:54 GMT",
        "ETag": "\u00220x8DBC5DA6E9534FA\u0022",
        "Last-Modified": "Thu, 05 Oct 2023 19:36:55 GMT",
        "Server": [
          "Windows-Azure-Blob/1.0",
          "Microsoft-HTTPAPI/2.0"
        ],
        "x-ms-client-request-id": "f455daa1-418c-468d-935c-6bcda643c51e",
        "x-ms-lease-id": "c1115fea-5bf7-48a5-921c-85b9d13c2ae3",
        "x-ms-request-id": "4ee91c1b-301e-00d8-1cc3-f72ad5000000",
        "x-ms-version": "2023-08-03"
      },
      "ResponseBody": null
    },
    {
      "RequestUri": "https://REDACTED/9a95695f0breakfilesystemleaseb8a380977787e46f693b4?comp=lease\u0026restype=container",
      "RequestMethod": "PUT",
      "RequestHeaders": {
        "Accept": "application/xml",
        "Authorization": "Sanitized",
        "Content-Length": "0",
        "Date": "Thu, 05 Oct 2023 19:36:54 GMT",
        "User-Agent": "azsdk-java-azure-storage-file-datalake/12.18.0-beta.1 (17.0.8; Windows 11; 10.0)",
        "x-ms-client-request-id": "c8b3118b-059b-4a37-a089-1bd033d52294",
        "x-ms-lease-action": "break",
        "x-ms-lease-break-period": "15",
        "x-ms-version": "2023-08-03"
      },
      "RequestBody": null,
      "StatusCode": 202,
      "ResponseHeaders": {
        "Content-Length": "0",
        "Date": "Thu, 05 Oct 2023 19:36:54 GMT",
        "ETag": "\u00220x8DBC5DA6E9534FA\u0022",
        "Last-Modified": "Thu, 05 Oct 2023 19:36:55 GMT",
        "Server": [
          "Windows-Azure-Blob/1.0",
          "Microsoft-HTTPAPI/2.0"
        ],
        "x-ms-client-request-id": "c8b3118b-059b-4a37-a089-1bd033d52294",
        "x-ms-lease-time": "15",
        "x-ms-request-id": "4ee91c44-301e-00d8-40c3-f72ad5000000",
        "x-ms-version": "2023-08-03"
      },
      "ResponseBody": null
    },
    {
      "RequestUri": "https://REDACTED/9a95695f0breakfilesystemleaseb8a380977787e46f693b4?restype=container",
      "RequestMethod": "GET",
      "RequestHeaders": {
        "Accept": "application/xml",
        "Authorization": "Sanitized",
        "Content-Length": "0",
        "Date": "Thu, 05 Oct 2023 19:36:54 GMT",
        "User-Agent": "azsdk-java-azure-storage-blob/12.25.0-beta.1 azsdk-java-azure-storage-file-datalake/12.18.0-beta.1 (17.0.8; Windows 11; 10.0)",
        "x-ms-client-request-id": "0555e605-723b-483b-a7b2-13b3fb8532ba",
        "x-ms-version": "2023-08-03"
      },
      "RequestBody": null,
      "StatusCode": 200,
      "ResponseHeaders": {
        "Access-Control-Allow-Origin": "*",
        "Access-Control-Expose-Headers": "x-ms-client-request-id",
        "Content-Length": "0",
        "Date": "Thu, 05 Oct 2023 19:36:54 GMT",
        "ETag": "\u00220x8DBC5DA6E9534FA\u0022",
        "Last-Modified": "Thu, 05 Oct 2023 19:36:55 GMT",
        "Server": [
          "Windows-Azure-Blob/1.0",
          "Microsoft-HTTPAPI/2.0"
        ],
        "x-ms-client-request-id": "0555e605-723b-483b-a7b2-13b3fb8532ba",
        "x-ms-default-encryption-scope": "$account-encryption-key",
        "x-ms-deny-encryption-scope-override": "false",
        "x-ms-has-immutability-policy": "false",
        "x-ms-has-legal-hold": "false",
        "x-ms-immutable-storage-with-versioning-enabled": "false",
        "x-ms-lease-state": "breaking",
        "x-ms-lease-status": "locked",
        "x-ms-request-id": "4ee91c6d-301e-00d8-64c3-f72ad5000000",
        "x-ms-version": "2023-08-03"
      },
      "ResponseBody": null
    },
    {
      "RequestUri": "https://REDACTED/9a95695f0breakfilesystemleaseb8a380977787e46f693b4?comp=lease\u0026restype=container",
      "RequestMethod": "PUT",
      "RequestHeaders": {
        "Accept": "application/xml",
        "Authorization": "Sanitized",
        "Content-Length": "0",
        "Date": "Thu, 05 Oct 2023 19:36:54 GMT",
        "User-Agent": "azsdk-java-azure-storage-file-datalake/12.18.0-beta.1 (17.0.8; Windows 11; 10.0)",
        "x-ms-client-request-id": "7a0a8ddc-6ec5-4c36-a3f7-52406b75602e",
        "x-ms-lease-action": "break",
        "x-ms-lease-break-period": "0",
        "x-ms-version": "2023-08-03"
      },
      "RequestBody": null,
      "StatusCode": 202,
      "ResponseHeaders": {
        "Content-Length": "0",
        "Date": "Thu, 05 Oct 2023 19:36:55 GMT",
        "ETag": "\u00220x8DBC5DA6E9534FA\u0022",
        "Last-Modified": "Thu, 05 Oct 2023 19:36:55 GMT",
        "Server": [
          "Windows-Azure-Blob/1.0",
          "Microsoft-HTTPAPI/2.0"
        ],
        "x-ms-client-request-id": "7a0a8ddc-6ec5-4c36-a3f7-52406b75602e",
        "x-ms-lease-time": "0",
        "x-ms-request-id": "8045601c-301e-004e-5fc3-f72304000000",
        "x-ms-version": "2023-08-03"
      },
      "ResponseBody": null
    }
  ],
  "Variables": {
    "0": "9a95695f0breakfilesystemleaseb8a380977787e46f693b4",
    "1": "c1115fea-5bf7-48a5-921c-85b9d13c2ae3"
  }
}
