{
  "Entries": [
    {
      "RequestUri": "https://REDACTED/ce5d1bf20changefilesystemleaseacfaila16537868b441a268?restype=container",
      "RequestMethod": "PUT",
      "RequestHeaders": {
        "Accept": "application/xml",
        "Authorization": "Sanitized",
        "Content-Length": "0",
        "Date": "Tue, 26 Nov 2024 21:07:10 GMT",
        "User-Agent": "azsdk-java-azure-storage-blob/12.30.0-beta.1 azsdk-java-azure-storage-file-datalake/12.23.0-beta.1 (21.0.2; Windows 11; 10.0)",
        "x-ms-client-request-id": "Sanitized",
        "x-ms-version": "2025-01-05"
      },
      "RequestBody": null,
      "StatusCode": 201,
      "ResponseHeaders": {
        "Content-Length": "0",
        "Date": "Tue, 26 Nov 2024 21:07:10 GMT",
        "ETag": "\"0x8DD0E5E4B04322B\"",
        "Last-Modified": "Tue, 26 Nov 2024 21:07:10 GMT",
        "Server": [
          "Windows-Azure-Blob/1.0",
          "Microsoft-HTTPAPI/2.0"
        ],
        "x-ms-client-request-id": "Sanitized",
        "x-ms-request-id": "Sanitized",
        "x-ms-version": "2025-01-05"
      },
      "ResponseBody": null
    },
    {
      "RequestUri": "https://REDACTED/ce5d1bf20changefilesystemleaseacfaila16537868b441a268?comp=lease&restype=container",
      "RequestMethod": "PUT",
      "RequestHeaders": {
        "Accept": "application/xml",
        "Authorization": "Sanitized",
        "Content-Length": "0",
        "Date": "Tue, 26 Nov 2024 21:07:10 GMT",
        "User-Agent": "azsdk-java-azure-storage-file-datalake/12.23.0-beta.1 (21.0.2; Windows 11; 10.0)",
        "x-ms-client-request-id": "Sanitized",
        "x-ms-lease-action": "acquire",
        "x-ms-lease-duration": "-1",
        "x-ms-proposed-lease-id": "a231df55-0e54-448b-b27c-8eac462f0da2",
        "x-ms-version": "2025-01-05"
      },
      "RequestBody": null,
      "StatusCode": 201,
      "ResponseHeaders": {
        "Content-Length": "0",
        "Date": "Tue, 26 Nov 2024 21:07:09 GMT",
        "ETag": "\"0x8DD0E5E4B04322B\"",
        "Last-Modified": "Tue, 26 Nov 2024 21:07:10 GMT",
        "Server": [
          "Windows-Azure-Blob/1.0",
          "Microsoft-HTTPAPI/2.0"
        ],
        "x-ms-client-request-id": "Sanitized",
        "x-ms-lease-id": "a231df55-0e54-448b-b27c-8eac462f0da2",
        "x-ms-request-id": "Sanitized",
        "x-ms-version": "2025-01-05"
      },
      "ResponseBody": null
    },
    {
      "RequestUri": "https://REDACTED/ce5d1bf20changefilesystemleaseacfaila16537868b441a268?comp=lease&restype=container",
      "RequestMethod": "PUT",
      "RequestHeaders": {
        "Accept": "application/xml",
        "Authorization": "Sanitized",
        "Content-Length": "0",
        "Date": "Tue, 26 Nov 2024 21:07:10 GMT",
        "If-Unmodified-Since": "Mon, 25 Nov 2024 21:06:12 GMT",
        "User-Agent": "azsdk-java-azure-storage-file-datalake/12.23.0-beta.1 (21.0.2; Windows 11; 10.0)",
        "x-ms-client-request-id": "Sanitized",
        "x-ms-lease-action": "change",
        "x-ms-lease-id": "a231df55-0e54-448b-b27c-8eac462f0da2",
        "x-ms-proposed-lease-id": "069caa88-b133-4d9c-9a57-0abf66289580",
        "x-ms-version": "2025-01-05"
      },
      "RequestBody": null,
      "StatusCode": 412,
      "ResponseHeaders": {
        "Content-Length": "252",
        "Content-Type": "application/xml",
        "Date": "Tue, 26 Nov 2024 21:07:10 GMT",
        "Server": [
          "Windows-Azure-Blob/1.0",
          "Microsoft-HTTPAPI/2.0"
        ],
        "x-ms-client-request-id": "Sanitized",
        "x-ms-error-code": "ConditionNotMet",
        "x-ms-request-id": "Sanitized",
        "x-ms-version": "2025-01-05"
      },
      "ResponseBody": [
        "\uFEFF<?xml version=\"1.0\" encoding=\"utf-8\"?><Error><Code>ConditionNotMet</Code><Message>The condition specified using HTTP conditional header(s) is not met.\n",
        "RequestId:f8da873d-401e-0050-1947-407541000000\n",
        "Time:2024-11-26T21:07:10.6871090Z</Message></Error>"
      ]
    }
  ],
  "Variables": {
    "0": "ce5d1bf20changefilesystemleaseacfaila16537868b441a268",
    "1": "069caa88-b133-4d9c-9a57-0abf66289580"
  }
}
