{
  "Entries": [
    {
      "RequestUri": "https://REDACTED/9916f11a0releasefilesystemleaseb75451209c0e2cb1c656?restype=container",
      "RequestMethod": "PUT",
      "RequestHeaders": {
        "Accept": "application/xml",
        "Authorization": "Sanitized",
        "Content-Length": "0",
        "Date": "Wed, 26 Jul 2023 19:18:55 GMT",
        "User-Agent": "azsdk-java-azure-storage-blob/12.24.0-beta.1 azsdk-java-azure-storage-file-datalake/12.17.0-beta.1 (17.0.7; Windows 11; 10.0)",
        "x-ms-client-request-id": "b4feac39-6855-4eab-8f83-86c2b9e8445f",
        "x-ms-version": "2023-01-03"
      },
      "RequestBody": null,
      "StatusCode": 201,
      "ResponseHeaders": {
        "Content-Length": "0",
        "Date": "Wed, 26 Jul 2023 19:18:56 GMT",
        "ETag": "\u00220x8DB8E0D27DC3492\u0022",
        "Last-Modified": "Wed, 26 Jul 2023 19:18:55 GMT",
        "Server": [
          "Windows-Azure-Blob/1.0",
          "Microsoft-HTTPAPI/2.0"
        ],
        "x-ms-client-request-id": "b4feac39-6855-4eab-8f83-86c2b9e8445f",
        "x-ms-request-id": "d2b4d670-501e-0051-4ff6-bf0c0e000000",
        "x-ms-version": "2023-01-03"
      },
      "ResponseBody": null
    },
    {
      "RequestUri": "https://REDACTED/9916f11a0releasefilesystemleaseb75451209c0e2cb1c656?comp=lease\u0026restype=container",
      "RequestMethod": "PUT",
      "RequestHeaders": {
        "Accept": "application/xml",
        "Authorization": "Sanitized",
        "Content-Length": "0",
        "Date": "Wed, 26 Jul 2023 19:18:56 GMT",
        "User-Agent": "azsdk-java-azure-storage-file-datalake/12.17.0-beta.1 (17.0.7; Windows 11; 10.0)",
        "x-ms-client-request-id": "ee180817-0a8e-4fd4-8d10-c2e5c69c3939",
        "x-ms-lease-action": "acquire",
        "x-ms-lease-duration": "-1",
        "x-ms-proposed-lease-id": "463f404d-f101-494f-913d-2601c5ec83c4",
        "x-ms-version": "2023-01-03"
      },
      "RequestBody": null,
      "StatusCode": 201,
      "ResponseHeaders": {
        "Content-Length": "0",
        "Date": "Wed, 26 Jul 2023 19:18:56 GMT",
        "ETag": "\u00220x8DB8E0D27DC3492\u0022",
        "Last-Modified": "Wed, 26 Jul 2023 19:18:55 GMT",
        "Server": [
          "Windows-Azure-Blob/1.0",
          "Microsoft-HTTPAPI/2.0"
        ],
        "x-ms-client-request-id": "ee180817-0a8e-4fd4-8d10-c2e5c69c3939",
        "x-ms-lease-id": "463f404d-f101-494f-913d-2601c5ec83c4",
        "x-ms-request-id": "f369a815-c01e-0088-70f6-bf748b000000",
        "x-ms-version": "2023-01-03"
      },
      "ResponseBody": null
    },
    {
      "RequestUri": "https://REDACTED/9916f11a0releasefilesystemleaseb75451209c0e2cb1c656?comp=lease\u0026restype=container",
      "RequestMethod": "PUT",
      "RequestHeaders": {
        "Accept": "application/xml",
        "Authorization": "Sanitized",
        "Content-Length": "0",
        "Date": "Wed, 26 Jul 2023 19:18:56 GMT",
        "User-Agent": "azsdk-java-azure-storage-file-datalake/12.17.0-beta.1 (17.0.7; Windows 11; 10.0)",
        "x-ms-client-request-id": "c499559c-b4f2-4766-b5e8-92cebcef8436",
        "x-ms-lease-action": "release",
        "x-ms-lease-id": "463f404d-f101-494f-913d-2601c5ec83c4",
        "x-ms-version": "2023-01-03"
      },
      "RequestBody": null,
      "StatusCode": 200,
      "ResponseHeaders": {
        "Content-Length": "0",
        "Date": "Wed, 26 Jul 2023 19:18:56 GMT",
        "ETag": "\u00220x8DB8E0D27DC3492\u0022",
        "Last-Modified": "Wed, 26 Jul 2023 19:18:55 GMT",
        "Server": [
          "Windows-Azure-Blob/1.0",
          "Microsoft-HTTPAPI/2.0"
        ],
        "x-ms-client-request-id": "c499559c-b4f2-4766-b5e8-92cebcef8436",
        "x-ms-request-id": "f369a896-c01e-0088-5ff6-bf748b000000",
        "x-ms-version": "2023-01-03"
      },
      "ResponseBody": null
    },
    {
      "RequestUri": "https://REDACTED/9916f11a0releasefilesystemleaseb75451209c0e2cb1c656?restype=container",
      "RequestMethod": "GET",
      "RequestHeaders": {
        "Accept": "application/xml",
        "Authorization": "Sanitized",
        "Content-Length": "0",
        "Date": "Wed, 26 Jul 2023 19:18:56 GMT",
        "User-Agent": "azsdk-java-azure-storage-blob/12.24.0-beta.1 azsdk-java-azure-storage-file-datalake/12.17.0-beta.1 (17.0.7; Windows 11; 10.0)",
        "x-ms-client-request-id": "1fd99089-3248-4d26-ad48-9786c3f427a7",
        "x-ms-version": "2023-01-03"
      },
      "RequestBody": null,
      "StatusCode": 200,
      "ResponseHeaders": {
        "Content-Length": "0",
        "Date": "Wed, 26 Jul 2023 19:18:56 GMT",
        "ETag": "\u00220x8DB8E0D27DC3492\u0022",
        "Last-Modified": "Wed, 26 Jul 2023 19:18:55 GMT",
        "Server": [
          "Windows-Azure-Blob/1.0",
          "Microsoft-HTTPAPI/2.0"
        ],
        "Vary": "Origin",
        "x-ms-client-request-id": "1fd99089-3248-4d26-ad48-9786c3f427a7",
        "x-ms-default-encryption-scope": "$account-encryption-key",
        "x-ms-deny-encryption-scope-override": "false",
        "x-ms-has-immutability-policy": "false",
        "x-ms-has-legal-hold": "false",
        "x-ms-immutable-storage-with-versioning-enabled": "false",
        "x-ms-lease-state": "available",
        "x-ms-lease-status": "unlocked",
        "x-ms-request-id": "f369a8ab-c01e-0088-74f6-bf748b000000",
        "x-ms-version": "2023-01-03"
      },
      "ResponseBody": null
    }
  ],
  "Variables": {
    "0": "9916f11a0releasefilesystemleaseb75451209c0e2cb1c656"
  }
}
