{
  "Entries": [
    {
      "RequestUri": "https://REDACTED/678600c20releasefileleaseacfail0ff782169636f7df75d3?restype=container",
      "RequestMethod": "PUT",
      "RequestHeaders": {
        "Accept": "application/xml",
        "Authorization": "Sanitized",
        "Content-Length": "0",
        "Date": "Thu, 27 Jul 2023 14:37:30 GMT",
        "User-Agent": "azsdk-java-azure-storage-blob/12.24.0-beta.1 azsdk-java-azure-storage-file-datalake/12.17.0-beta.1 (17.0.7; Windows 11; 10.0)",
        "x-ms-client-request-id": "fa7d6ec8-b021-4bbc-8d40-c0485941a79d",
        "x-ms-version": "2023-01-03"
      },
      "RequestBody": null,
      "StatusCode": 201,
      "ResponseHeaders": {
        "Content-Length": "0",
        "Date": "Thu, 27 Jul 2023 14:37:30 GMT",
        "ETag": "\u00220x8DB8EAF01F93067\u0022",
        "Last-Modified": "Thu, 27 Jul 2023 14:37:30 GMT",
        "Server": [
          "Windows-Azure-Blob/1.0",
          "Microsoft-HTTPAPI/2.0"
        ],
        "x-ms-client-request-id": "fa7d6ec8-b021-4bbc-8d40-c0485941a79d",
        "x-ms-request-id": "63a01897-401e-0062-2a97-c053a5000000",
        "x-ms-version": "2023-01-03"
      },
      "ResponseBody": null
    },
    {
      "RequestUri": "https://REDACTED/678600c20releasefileleaseacfail0ff782169636f7df75d3/678600c21releasefileleaseacfail0ff151603ccb3e703cb6?resource=file",
      "RequestMethod": "PUT",
      "RequestHeaders": {
        "Accept": "application/json",
        "Authorization": "Sanitized",
        "Content-Length": "0",
        "Date": "Thu, 27 Jul 2023 14:37:30 GMT",
        "If-None-Match": "*",
        "User-Agent": "azsdk-java-azure-storage-file-datalake/12.17.0-beta.1 (17.0.7; Windows 11; 10.0)",
        "x-ms-client-request-id": "e9b18c29-a106-4a26-9935-4be43fad0307",
        "x-ms-version": "2023-01-03"
      },
      "RequestBody": null,
      "StatusCode": 201,
      "ResponseHeaders": {
        "Content-Length": "0",
        "Date": "Thu, 27 Jul 2023 14:37:29 GMT",
        "ETag": "\u00220x8DB8EAF0201BA87\u0022",
        "Last-Modified": "Thu, 27 Jul 2023 14:37:30 GMT",
        "Server": [
          "Windows-Azure-HDFS/1.0",
          "Microsoft-HTTPAPI/2.0"
        ],
        "x-ms-client-request-id": "e9b18c29-a106-4a26-9935-4be43fad0307",
        "x-ms-request-id": "db2eb66e-601f-004a-1397-c0320d000000",
        "x-ms-request-server-encrypted": "true",
        "x-ms-version": "2023-01-03"
      },
      "ResponseBody": null
    },
    {
      "RequestUri": "https://REDACTED/678600c20releasefileleaseacfail0ff782169636f7df75d3/678600c21releasefileleaseacfail0ff151603ccb3e703cb6?comp=lease",
      "RequestMethod": "PUT",
      "RequestHeaders": {
        "Accept": "application/xml",
        "Authorization": "Sanitized",
        "Content-Length": "0",
        "Date": "Thu, 27 Jul 2023 14:37:30 GMT",
        "User-Agent": "azsdk-java-azure-storage-file-datalake/12.17.0-beta.1 (17.0.7; Windows 11; 10.0)",
        "x-ms-client-request-id": "1a80fd61-e3c5-4d8a-bda0-7a85306545c8",
        "x-ms-lease-action": "acquire",
        "x-ms-lease-duration": "-1",
        "x-ms-proposed-lease-id": "3e0ff401-f0f5-4c2c-a4a3-340f14367718",
        "x-ms-version": "2023-01-03"
      },
      "RequestBody": null,
      "StatusCode": 201,
      "ResponseHeaders": {
        "Content-Length": "0",
        "Date": "Thu, 27 Jul 2023 14:37:30 GMT",
        "ETag": "\u00220x8DB8EAF0201BA87\u0022",
        "Last-Modified": "Thu, 27 Jul 2023 14:37:30 GMT",
        "Server": [
          "Windows-Azure-Blob/1.0",
          "Microsoft-HTTPAPI/2.0"
        ],
        "x-ms-client-request-id": "1a80fd61-e3c5-4d8a-bda0-7a85306545c8",
        "x-ms-lease-id": "3e0ff401-f0f5-4c2c-a4a3-340f14367718",
        "x-ms-request-id": "c5aad3ae-701e-0046-1e97-c0a505000000",
        "x-ms-version": "2023-01-03"
      },
      "ResponseBody": null
    },
    {
      "RequestUri": "https://REDACTED/678600c20releasefileleaseacfail0ff782169636f7df75d3/678600c21releasefileleaseacfail0ff151603ccb3e703cb6?comp=lease",
      "RequestMethod": "PUT",
      "RequestHeaders": {
        "Accept": "application/xml",
        "Authorization": "Sanitized",
        "Content-Length": "0",
        "Date": "Thu, 27 Jul 2023 14:37:30 GMT",
        "If-Modified-Since": "Fri, 28 Jul 2023 14:37:07 GMT",
        "User-Agent": "azsdk-java-azure-storage-file-datalake/12.17.0-beta.1 (17.0.7; Windows 11; 10.0)",
        "x-ms-client-request-id": "3d53764b-fe8e-4e74-89a3-e3c93a85792f",
        "x-ms-lease-action": "release",
        "x-ms-lease-id": "3e0ff401-f0f5-4c2c-a4a3-340f14367718",
        "x-ms-version": "2023-01-03"
      },
      "RequestBody": null,
      "StatusCode": 412,
      "ResponseHeaders": {
        "Content-Length": "252",
        "Content-Type": "application/xml",
        "Date": "Thu, 27 Jul 2023 14:37:30 GMT",
        "Server": [
          "Windows-Azure-Blob/1.0",
          "Microsoft-HTTPAPI/2.0"
        ],
        "x-ms-client-request-id": "3d53764b-fe8e-4e74-89a3-e3c93a85792f",
        "x-ms-error-code": "ConditionNotMet",
        "x-ms-request-id": "c5aad3bf-701e-0046-2d97-c0a505000000",
        "x-ms-version": "2023-01-03"
      },
      "ResponseBody": [
        "\uFEFF\u003C?xml version=\u00221.0\u0022 encoding=\u0022utf-8\u0022?\u003E\u003CError\u003E\u003CCode\u003EConditionNotMet\u003C/Code\u003E\u003CMessage\u003EThe condition specified using HTTP conditional header(s) is not met.\n",
        "RequestId:c5aad3bf-701e-0046-2d97-c0a505000000\n",
        "Time:2023-07-27T14:37:30.7691405Z\u003C/Message\u003E\u003C/Error\u003E"
      ]
    }
  ],
  "Variables": {
    "0": "678600c20releasefileleaseacfail0ff782169636f7df75d3",
    "1": "678600c21releasefileleaseacfail0ff151603ccb3e703cb6"
  }
}
