{
  "Entries": [
    {
      "RequestUri": "https://REDACTED/3dda54b90breakfilesystemlease82f409728d3e6346aa664?restype=container",
      "RequestMethod": "PUT",
      "RequestHeaders": {
        "Accept": "application/xml",
        "Authorization": "Sanitized",
        "Content-Length": "0",
        "Date": "Wed, 26 Jul 2023 19:31:47 GMT",
        "User-Agent": "azsdk-java-azure-storage-blob/12.24.0-beta.1 azsdk-java-azure-storage-file-datalake/12.17.0-beta.1 (17.0.7; Windows 11; 10.0)",
        "x-ms-client-request-id": "dd3ae383-3903-4130-a7f3-76ff54d88fbf",
        "x-ms-version": "2023-01-03"
      },
      "RequestBody": null,
      "StatusCode": 201,
      "ResponseHeaders": {
        "Content-Length": "0",
        "Date": "Wed, 26 Jul 2023 19:31:47 GMT",
        "ETag": "\u00220x8DB8E0EF3F868EA\u0022",
        "Last-Modified": "Wed, 26 Jul 2023 19:31:47 GMT",
        "Server": [
          "Windows-Azure-Blob/1.0",
          "Microsoft-HTTPAPI/2.0"
        ],
        "x-ms-client-request-id": "dd3ae383-3903-4130-a7f3-76ff54d88fbf",
        "x-ms-request-id": "bdd7f7b8-401e-004d-71f7-bf5e6e000000",
        "x-ms-version": "2023-01-03"
      },
      "ResponseBody": null
    },
    {
      "RequestUri": "https://REDACTED/3dda54b90breakfilesystemlease82f409728d3e6346aa664?comp=lease\u0026restype=container",
      "RequestMethod": "PUT",
      "RequestHeaders": {
        "Accept": "application/xml",
        "Authorization": "Sanitized",
        "Content-Length": "0",
        "Date": "Wed, 26 Jul 2023 19:31:47 GMT",
        "User-Agent": "azsdk-java-azure-storage-file-datalake/12.17.0-beta.1 (17.0.7; Windows 11; 10.0)",
        "x-ms-client-request-id": "117140b8-acd0-4681-8133-edc64464227d",
        "x-ms-lease-action": "acquire",
        "x-ms-lease-duration": "-1",
        "x-ms-proposed-lease-id": "9ae9e1eb-bfad-4657-b13a-d11431726a22",
        "x-ms-version": "2023-01-03"
      },
      "RequestBody": null,
      "StatusCode": 201,
      "ResponseHeaders": {
        "Content-Length": "0",
        "Date": "Wed, 26 Jul 2023 19:31:47 GMT",
        "ETag": "\u00220x8DB8E0EF3F868EA\u0022",
        "Last-Modified": "Wed, 26 Jul 2023 19:31:47 GMT",
        "Server": [
          "Windows-Azure-Blob/1.0",
          "Microsoft-HTTPAPI/2.0"
        ],
        "x-ms-client-request-id": "117140b8-acd0-4681-8133-edc64464227d",
        "x-ms-lease-id": "9ae9e1eb-bfad-4657-b13a-d11431726a22",
        "x-ms-request-id": "bdd7f7ce-401e-004d-03f7-bf5e6e000000",
        "x-ms-version": "2023-01-03"
      },
      "ResponseBody": null
    },
    {
      "RequestUri": "https://REDACTED/3dda54b90breakfilesystemlease82f409728d3e6346aa664?comp=lease\u0026restype=container",
      "RequestMethod": "PUT",
      "RequestHeaders": {
        "Accept": "application/xml",
        "Authorization": "Sanitized",
        "Content-Length": "0",
        "Date": "Wed, 26 Jul 2023 19:31:47 GMT",
        "User-Agent": "azsdk-java-azure-storage-file-datalake/12.17.0-beta.1 (17.0.7; Windows 11; 10.0)",
        "x-ms-client-request-id": "20d8e127-b63a-409d-b7ed-63120df5398b",
        "x-ms-lease-action": "break",
        "x-ms-lease-break-period": "20",
        "x-ms-version": "2023-01-03"
      },
      "RequestBody": null,
      "StatusCode": 202,
      "ResponseHeaders": {
        "Content-Length": "0",
        "Date": "Wed, 26 Jul 2023 19:31:47 GMT",
        "ETag": "\u00220x8DB8E0EF3F868EA\u0022",
        "Last-Modified": "Wed, 26 Jul 2023 19:31:47 GMT",
        "Server": [
          "Windows-Azure-Blob/1.0",
          "Microsoft-HTTPAPI/2.0"
        ],
        "x-ms-client-request-id": "20d8e127-b63a-409d-b7ed-63120df5398b",
        "x-ms-lease-time": "20",
        "x-ms-request-id": "bdd7f7dc-401e-004d-10f7-bf5e6e000000",
        "x-ms-version": "2023-01-03"
      },
      "ResponseBody": null
    },
    {
      "RequestUri": "https://REDACTED/3dda54b90breakfilesystemlease82f409728d3e6346aa664?restype=container",
      "RequestMethod": "GET",
      "RequestHeaders": {
        "Accept": "application/xml",
        "Authorization": "Sanitized",
        "Content-Length": "0",
        "Date": "Wed, 26 Jul 2023 19:31:47 GMT",
        "User-Agent": "azsdk-java-azure-storage-blob/12.24.0-beta.1 azsdk-java-azure-storage-file-datalake/12.17.0-beta.1 (17.0.7; Windows 11; 10.0)",
        "x-ms-client-request-id": "739e68fd-a6e1-4480-af28-15f3aef9a20f",
        "x-ms-version": "2023-01-03"
      },
      "RequestBody": null,
      "StatusCode": 200,
      "ResponseHeaders": {
        "Content-Length": "0",
        "Date": "Wed, 26 Jul 2023 19:31:47 GMT",
        "ETag": "\u00220x8DB8E0EF3F868EA\u0022",
        "Last-Modified": "Wed, 26 Jul 2023 19:31:47 GMT",
        "Server": [
          "Windows-Azure-Blob/1.0",
          "Microsoft-HTTPAPI/2.0"
        ],
        "Vary": "Origin",
        "x-ms-client-request-id": "739e68fd-a6e1-4480-af28-15f3aef9a20f",
        "x-ms-default-encryption-scope": "$account-encryption-key",
        "x-ms-deny-encryption-scope-override": "false",
        "x-ms-has-immutability-policy": "false",
        "x-ms-has-legal-hold": "false",
        "x-ms-immutable-storage-with-versioning-enabled": "false",
        "x-ms-lease-state": "breaking",
        "x-ms-lease-status": "locked",
        "x-ms-request-id": "bdd7f7f1-401e-004d-24f7-bf5e6e000000",
        "x-ms-version": "2023-01-03"
      },
      "ResponseBody": null
    },
    {
      "RequestUri": "https://REDACTED/3dda54b90breakfilesystemlease82f409728d3e6346aa664?comp=lease\u0026restype=container",
      "RequestMethod": "PUT",
      "RequestHeaders": {
        "Accept": "application/xml",
        "Authorization": "Sanitized",
        "Content-Length": "0",
        "Date": "Wed, 26 Jul 2023 19:31:47 GMT",
        "User-Agent": "azsdk-java-azure-storage-file-datalake/12.17.0-beta.1 (17.0.7; Windows 11; 10.0)",
        "x-ms-client-request-id": "fd3cb528-0c9c-44ea-a8b6-5c3bb8df582b",
        "x-ms-lease-action": "break",
        "x-ms-lease-break-period": "0",
        "x-ms-version": "2023-01-03"
      },
      "RequestBody": null,
      "StatusCode": 202,
      "ResponseHeaders": {
        "Content-Length": "0",
        "Date": "Wed, 26 Jul 2023 19:31:47 GMT",
        "ETag": "\u00220x8DB8E0EF3F868EA\u0022",
        "Last-Modified": "Wed, 26 Jul 2023 19:31:47 GMT",
        "Server": [
          "Windows-Azure-Blob/1.0",
          "Microsoft-HTTPAPI/2.0"
        ],
        "x-ms-client-request-id": "fd3cb528-0c9c-44ea-a8b6-5c3bb8df582b",
        "x-ms-lease-time": "0",
        "x-ms-request-id": "bdd7f801-401e-004d-32f7-bf5e6e000000",
        "x-ms-version": "2023-01-03"
      },
      "ResponseBody": null
    }
  ],
  "Variables": {
    "0": "3dda54b90breakfilesystemlease82f409728d3e6346aa664",
    "1": "9ae9e1eb-bfad-4657-b13a-d11431726a22"
  }
}
