{
  "Entries": [
    {
      "RequestUri": "https://REDACTED/3869379c0renewfileleaseacfailb7211157f7bd30fe72334?restype=container",
      "RequestMethod": "PUT",
      "RequestHeaders": {
        "Accept": "application/xml",
        "Authorization": "Sanitized",
        "Content-Length": "0",
        "Date": "Tue, 12 Mar 2024 19:11:00 GMT",
        "User-Agent": "azsdk-java-azure-storage-blob/12.26.0-beta.1 azsdk-java-azure-storage-file-datalake/12.19.0-beta.1 (17.0.8; Windows 11; 10.0)",
        "x-ms-client-request-id": "3062ddae-be17-42ef-a8b5-93f0eb186d70",
        "x-ms-version": "2024-02-04"
      },
      "RequestBody": null,
      "StatusCode": 201,
      "ResponseHeaders": {
        "Content-Length": "0",
        "Date": "Tue, 12 Mar 2024 19:11:00 GMT",
        "ETag": "\u00220x8DC42C82817378A\u0022",
        "Last-Modified": "Tue, 12 Mar 2024 19:11:01 GMT",
        "Server": [
          "Windows-Azure-Blob/1.0",
          "Microsoft-HTTPAPI/2.0"
        ],
        "x-ms-client-request-id": "3062ddae-be17-42ef-a8b5-93f0eb186d70",
        "x-ms-request-id": "52171e9e-b01e-007f-69b1-74c217000000",
        "x-ms-version": "2024-02-04"
      },
      "ResponseBody": null
    },
    {
      "RequestUri": "https://REDACTED/3869379c0renewfileleaseacfailb7211157f7bd30fe72334/3869379c1renewfileleaseacfailb723659752f029a63ca84?resource=file",
      "RequestMethod": "PUT",
      "RequestHeaders": {
        "Accept": "application/json",
        "Authorization": "Sanitized",
        "Content-Length": "0",
        "Date": "Tue, 12 Mar 2024 19:11:00 GMT",
        "If-None-Match": "*",
        "User-Agent": "azsdk-java-azure-storage-file-datalake/12.19.0-beta.1 (17.0.8; Windows 11; 10.0)",
        "x-ms-client-request-id": "9786586f-d319-4b88-9f28-a65be21c0c02",
        "x-ms-version": "2024-02-04"
      },
      "RequestBody": null,
      "StatusCode": 201,
      "ResponseHeaders": {
        "Content-Length": "0",
        "Date": "Tue, 12 Mar 2024 19:11:00 GMT",
        "ETag": "\u00220x8DC42C8282CC946\u0022",
        "Last-Modified": "Tue, 12 Mar 2024 19:11:01 GMT",
        "Server": [
          "Windows-Azure-HDFS/1.0",
          "Microsoft-HTTPAPI/2.0"
        ],
        "x-ms-client-request-id": "9786586f-d319-4b88-9f28-a65be21c0c02",
        "x-ms-request-id": "b3cfee22-201f-001f-0eb1-74be88000000",
        "x-ms-request-server-encrypted": "true",
        "x-ms-version": "2024-02-04"
      },
      "ResponseBody": null
    },
    {
      "RequestUri": "https://REDACTED/3869379c0renewfileleaseacfailb7211157f7bd30fe72334/3869379c1renewfileleaseacfailb723659752f029a63ca84",
      "RequestMethod": "HEAD",
      "RequestHeaders": {
        "Accept": "application/xml",
        "Authorization": "Sanitized",
        "Content-Length": "0",
        "Date": "Tue, 12 Mar 2024 19:11:00 GMT",
        "User-Agent": "azsdk-java-azure-storage-blob/12.26.0-beta.1 azsdk-java-azure-storage-file-datalake/12.19.0-beta.1 (17.0.8; Windows 11; 10.0)",
        "x-ms-client-request-id": "0f2ed527-26d6-4763-b510-34d5aa0728bb",
        "x-ms-version": "2024-02-04"
      },
      "RequestBody": null,
      "StatusCode": 200,
      "ResponseHeaders": {
        "Accept-Ranges": "bytes",
        "Content-Length": "0",
        "Content-Type": "application/octet-stream",
        "Date": "Tue, 12 Mar 2024 19:11:00 GMT",
        "ETag": "\u00220x8DC42C8282CC946\u0022",
        "Last-Modified": "Tue, 12 Mar 2024 19:11:01 GMT",
        "Server": [
          "Windows-Azure-Blob/1.0",
          "Microsoft-HTTPAPI/2.0"
        ],
        "x-ms-access-tier": "Hot",
        "x-ms-access-tier-inferred": "true",
        "x-ms-acl": "user::rw-,group::r--,other::---",
        "x-ms-blob-type": "BlockBlob",
        "x-ms-client-request-id": "0f2ed527-26d6-4763-b510-34d5aa0728bb",
        "x-ms-creation-time": "Tue, 12 Mar 2024 19:11:01 GMT",
        "x-ms-group": "$superuser",
        "x-ms-lease-state": "available",
        "x-ms-lease-status": "unlocked",
        "x-ms-owner": "$superuser",
        "x-ms-permissions": "rw-r-----",
        "x-ms-request-id": "52171f03-b01e-007f-46b1-74c217000000",
        "x-ms-resource-type": "file",
        "x-ms-server-encrypted": "true",
        "x-ms-version": "2024-02-04"
      },
      "ResponseBody": null
    },
    {
      "RequestUri": "https://REDACTED/3869379c0renewfileleaseacfailb7211157f7bd30fe72334/3869379c1renewfileleaseacfailb723659752f029a63ca84?comp=lease",
      "RequestMethod": "PUT",
      "RequestHeaders": {
        "Accept": "application/xml",
        "Authorization": "Sanitized",
        "Content-Length": "0",
        "Date": "Tue, 12 Mar 2024 19:11:00 GMT",
        "User-Agent": "azsdk-java-azure-storage-file-datalake/12.19.0-beta.1 (17.0.8; Windows 11; 10.0)",
        "x-ms-client-request-id": "d76cea07-9ca9-4dc8-b23c-5f0d765897e1",
        "x-ms-lease-action": "acquire",
        "x-ms-lease-duration": "-1",
        "x-ms-proposed-lease-id": "d1a15e9e-ed13-458c-9142-e244ec01397d",
        "x-ms-version": "2024-02-04"
      },
      "RequestBody": null,
      "StatusCode": 201,
      "ResponseHeaders": {
        "Content-Length": "0",
        "Date": "Tue, 12 Mar 2024 19:11:01 GMT",
        "ETag": "\u00220x8DC42C8282CC946\u0022",
        "Last-Modified": "Tue, 12 Mar 2024 19:11:01 GMT",
        "Server": [
          "Windows-Azure-Blob/1.0",
          "Microsoft-HTTPAPI/2.0"
        ],
        "x-ms-client-request-id": "d76cea07-9ca9-4dc8-b23c-5f0d765897e1",
        "x-ms-lease-id": "d1a15e9e-ed13-458c-9142-e244ec01397d",
        "x-ms-request-id": "f3f346d9-101e-00bd-2eb1-748491000000",
        "x-ms-version": "2024-02-04"
      },
      "ResponseBody": null
    },
    {
      "RequestUri": "https://REDACTED/3869379c0renewfileleaseacfailb7211157f7bd30fe72334/3869379c1renewfileleaseacfailb723659752f029a63ca84?comp=lease",
      "RequestMethod": "PUT",
      "RequestHeaders": {
        "Accept": "application/xml",
        "Authorization": "Sanitized",
        "Content-Length": "0",
        "Date": "Tue, 12 Mar 2024 19:11:00 GMT",
        "If-None-Match": "0x8DC42C8282CC946",
        "User-Agent": "azsdk-java-azure-storage-file-datalake/12.19.0-beta.1 (17.0.8; Windows 11; 10.0)",
        "x-ms-client-request-id": "024e820c-bab7-4d8f-a7f5-b71b63d882d1",
        "x-ms-lease-action": "renew",
        "x-ms-lease-id": "d1a15e9e-ed13-458c-9142-e244ec01397d",
        "x-ms-version": "2024-02-04"
      },
      "RequestBody": null,
      "StatusCode": 412,
      "ResponseHeaders": {
        "Content-Length": "252",
        "Content-Type": "application/xml",
        "Date": "Tue, 12 Mar 2024 19:11:01 GMT",
        "Server": [
          "Windows-Azure-Blob/1.0",
          "Microsoft-HTTPAPI/2.0"
        ],
        "x-ms-client-request-id": "024e820c-bab7-4d8f-a7f5-b71b63d882d1",
        "x-ms-error-code": "ConditionNotMet",
        "x-ms-request-id": "f3f346ff-101e-00bd-51b1-748491000000",
        "x-ms-version": "2024-02-04"
      },
      "ResponseBody": [
        "\uFEFF\u003C?xml version=\u00221.0\u0022 encoding=\u0022utf-8\u0022?\u003E\u003CError\u003E\u003CCode\u003EConditionNotMet\u003C/Code\u003E\u003CMessage\u003EThe condition specified using HTTP conditional header(s) is not met.\n",
        "RequestId:f3f346ff-101e-00bd-51b1-748491000000\n",
        "Time:2024-03-12T19:11:01.6691137Z\u003C/Message\u003E\u003C/Error\u003E"
      ]
    }
  ],
  "Variables": {
    "0": "3869379c0renewfileleaseacfailb7211157f7bd30fe72334",
    "1": "3869379c1renewfileleaseacfailb723659752f029a63ca84"
  }
}
