{
  "Entries": [
    {
      "RequestUri": "https://REDACTED/a8165a7f0changefilesystemlease360843541879b0724c29?restype=container",
      "RequestMethod": "PUT",
      "RequestHeaders": {
        "Accept": "application/xml",
        "Authorization": "Sanitized",
        "Content-Length": "0",
        "Date": "Thu, 27 Jul 2023 14:37:39 GMT",
        "User-Agent": "azsdk-java-azure-storage-blob/12.24.0-beta.1 azsdk-java-azure-storage-file-datalake/12.17.0-beta.1 (17.0.7; Windows 11; 10.0)",
        "x-ms-client-request-id": "f6b4758f-c895-4c27-896e-985d09f0cbdf",
        "x-ms-version": "2023-01-03"
      },
      "RequestBody": null,
      "StatusCode": 201,
      "ResponseHeaders": {
        "Content-Length": "0",
        "Date": "Thu, 27 Jul 2023 14:37:39 GMT",
        "ETag": "\u00220x8DB8EAF0759F437\u0022",
        "Last-Modified": "Thu, 27 Jul 2023 14:37:39 GMT",
        "Server": [
          "Windows-Azure-Blob/1.0",
          "Microsoft-HTTPAPI/2.0"
        ],
        "x-ms-client-request-id": "f6b4758f-c895-4c27-896e-985d09f0cbdf",
        "x-ms-request-id": "e1805411-b01e-0092-6a97-c01554000000",
        "x-ms-version": "2023-01-03"
      },
      "ResponseBody": null
    },
    {
      "RequestUri": "https://REDACTED/a8165a7f0changefilesystemlease360843541879b0724c29?comp=lease\u0026restype=container",
      "RequestMethod": "PUT",
      "RequestHeaders": {
        "Accept": "application/xml",
        "Authorization": "Sanitized",
        "Content-Length": "0",
        "Date": "Thu, 27 Jul 2023 14:37:39 GMT",
        "User-Agent": "azsdk-java-azure-storage-file-datalake/12.17.0-beta.1 (17.0.7; Windows 11; 10.0)",
        "x-ms-client-request-id": "d69aa470-d7ac-47cb-a622-7dd5b203f86b",
        "x-ms-lease-action": "acquire",
        "x-ms-lease-duration": "-1",
        "x-ms-proposed-lease-id": "9ceeedfa-84e0-4da3-bb6a-0abc39f27012",
        "x-ms-version": "2023-01-03"
      },
      "RequestBody": null,
      "StatusCode": 201,
      "ResponseHeaders": {
        "Content-Length": "0",
        "Date": "Thu, 27 Jul 2023 14:37:39 GMT",
        "ETag": "\u00220x8DB8EAF0759F437\u0022",
        "Last-Modified": "Thu, 27 Jul 2023 14:37:39 GMT",
        "Server": [
          "Windows-Azure-Blob/1.0",
          "Microsoft-HTTPAPI/2.0"
        ],
        "x-ms-client-request-id": "d69aa470-d7ac-47cb-a622-7dd5b203f86b",
        "x-ms-lease-id": "9ceeedfa-84e0-4da3-bb6a-0abc39f27012",
        "x-ms-request-id": "e180545e-b01e-0092-3597-c01554000000",
        "x-ms-version": "2023-01-03"
      },
      "ResponseBody": null
    },
    {
      "RequestUri": "https://REDACTED/a8165a7f0changefilesystemlease360843541879b0724c29?comp=lease\u0026restype=container",
      "RequestMethod": "PUT",
      "RequestHeaders": {
        "Accept": "application/xml",
        "Authorization": "Sanitized",
        "Content-Length": "0",
        "Date": "Thu, 27 Jul 2023 14:37:39 GMT",
        "User-Agent": "azsdk-java-azure-storage-file-datalake/12.17.0-beta.1 (17.0.7; Windows 11; 10.0)",
        "x-ms-client-request-id": "d232ab43-8296-4346-b3fb-6ab9c103fc1e",
        "x-ms-lease-action": "change",
        "x-ms-lease-id": "9ceeedfa-84e0-4da3-bb6a-0abc39f27012",
        "x-ms-proposed-lease-id": "75e101f2-7254-4c4d-8b0f-a0d28bf45719",
        "x-ms-version": "2023-01-03"
      },
      "RequestBody": null,
      "StatusCode": 200,
      "ResponseHeaders": {
        "Content-Length": "0",
        "Date": "Thu, 27 Jul 2023 14:37:38 GMT",
        "ETag": "\u00220x8DB8EAF0759F437\u0022",
        "Last-Modified": "Thu, 27 Jul 2023 14:37:39 GMT",
        "Server": [
          "Windows-Azure-Blob/1.0",
          "Microsoft-HTTPAPI/2.0"
        ],
        "x-ms-client-request-id": "d232ab43-8296-4346-b3fb-6ab9c103fc1e",
        "x-ms-lease-id": "75e101f2-7254-4c4d-8b0f-a0d28bf45719",
        "x-ms-request-id": "91519649-601e-0081-7797-c03158000000",
        "x-ms-version": "2023-01-03"
      },
      "ResponseBody": null
    },
    {
      "RequestUri": "https://REDACTED/a8165a7f0changefilesystemlease360843541879b0724c29?comp=lease\u0026restype=container",
      "RequestMethod": "PUT",
      "RequestHeaders": {
        "Accept": "application/xml",
        "Authorization": "Sanitized",
        "Content-Length": "0",
        "Date": "Thu, 27 Jul 2023 14:37:39 GMT",
        "User-Agent": "azsdk-java-azure-storage-file-datalake/12.17.0-beta.1 (17.0.7; Windows 11; 10.0)",
        "x-ms-client-request-id": "0dd89bab-504f-44e5-a2e6-57373a258de3",
        "x-ms-lease-action": "release",
        "x-ms-lease-id": "75e101f2-7254-4c4d-8b0f-a0d28bf45719",
        "x-ms-version": "2023-01-03"
      },
      "RequestBody": null,
      "StatusCode": 200,
      "ResponseHeaders": {
        "Content-Length": "0",
        "Date": "Thu, 27 Jul 2023 14:37:38 GMT",
        "ETag": "\u00220x8DB8EAF0759F437\u0022",
        "Last-Modified": "Thu, 27 Jul 2023 14:37:39 GMT",
        "Server": [
          "Windows-Azure-Blob/1.0",
          "Microsoft-HTTPAPI/2.0"
        ],
        "x-ms-client-request-id": "0dd89bab-504f-44e5-a2e6-57373a258de3",
        "x-ms-request-id": "9151965e-601e-0081-0997-c03158000000",
        "x-ms-version": "2023-01-03"
      },
      "ResponseBody": null
    }
  ],
  "Variables": {
    "0": "a8165a7f0changefilesystemlease360843541879b0724c29",
    "1": "75e101f2-7254-4c4d-8b0f-a0d28bf45719"
  }
}
