{
  "Entries": [
    {
      "RequestUri": "https://REDACTED/fc03ce8e0accountsastokenonendpoint7ea18490c4438598e1?restype=container",
      "RequestMethod": "PUT",
      "RequestHeaders": {
        "Accept": "application/xml",
        "Authorization": "Sanitized",
        "Content-Length": "0",
        "Date": "Tue, 26 Nov 2024 21:06:31 GMT",
        "User-Agent": "azsdk-java-azure-storage-blob/12.30.0-beta.1 azsdk-java-azure-storage-file-datalake/12.23.0-beta.1 (21.0.2; Windows 11; 10.0)",
        "x-ms-client-request-id": "Sanitized",
        "x-ms-version": "2025-01-05"
      },
      "RequestBody": null,
      "StatusCode": 201,
      "ResponseHeaders": {
        "Content-Length": "0",
        "Date": "Tue, 26 Nov 2024 21:06:30 GMT",
        "ETag": "\"0x8DD0E5E3386B62C\"",
        "Last-Modified": "Tue, 26 Nov 2024 21:06:31 GMT",
        "Server": [
          "Windows-Azure-Blob/1.0",
          "Microsoft-HTTPAPI/2.0"
        ],
        "x-ms-client-request-id": "Sanitized",
        "x-ms-request-id": "Sanitized",
        "x-ms-version": "2025-01-05"
      },
      "ResponseBody": null
    },
    {
      "RequestUri": "https://REDACTED/fc03ce8e0accountsastokenonendpoint7ea18490c4438598e1/fc03ce8e1accountsastokenonendpoint7ea9087730f0a6e21a?resource=file",
      "RequestMethod": "PUT",
      "RequestHeaders": {
        "Accept": "application/json",
        "Authorization": "Sanitized",
        "Content-Length": "0",
        "Date": "Tue, 26 Nov 2024 21:06:31 GMT",
        "If-None-Match": "*",
        "User-Agent": "azsdk-java-azure-storage-file-datalake/12.23.0-beta.1 (21.0.2; Windows 11; 10.0)",
        "x-ms-client-request-id": "Sanitized",
        "x-ms-version": "2025-01-05"
      },
      "RequestBody": null,
      "StatusCode": 201,
      "ResponseHeaders": {
        "Content-Length": "0",
        "Date": "Tue, 26 Nov 2024 21:06:30 GMT",
        "ETag": "\"0x8DD0E5E3399E38C\"",
        "Last-Modified": "Tue, 26 Nov 2024 21:06:31 GMT",
        "Server": [
          "Windows-Azure-HDFS/1.0",
          "Microsoft-HTTPAPI/2.0"
        ],
        "x-ms-client-request-id": "Sanitized",
        "x-ms-request-id": "Sanitized",
        "x-ms-request-server-encrypted": "true",
        "x-ms-version": "2025-01-05"
      },
      "ResponseBody": null
    },
    {
      "RequestUri": "https://REDACTED/fc03ce8e0accountsastokenonendpoint7ea18490c4438598e1/fc03ce8e1accountsastokenonendpoint7ea9087730f0a6e21a?action=append&position=0",
      "RequestMethod": "PATCH",
      "RequestHeaders": {
        "Accept": "application/json",
        "Authorization": "Sanitized",
        "Content-Length": "7",
        "Content-Type": "application/octet-stream",
        "Date": "Tue, 26 Nov 2024 21:06:31 GMT",
        "User-Agent": "azsdk-java-azure-storage-file-datalake/12.23.0-beta.1 (21.0.2; Windows 11; 10.0)",
        "x-ms-client-request-id": "Sanitized",
        "x-ms-version": "2025-01-05"
      },
      "RequestBody": "ZGVmYXVsdA==",
      "StatusCode": 202,
      "ResponseHeaders": {
        "Content-Length": "0",
        "Date": "Tue, 26 Nov 2024 21:06:30 GMT",
        "Server": [
          "Windows-Azure-HDFS/1.0",
          "Microsoft-HTTPAPI/2.0"
        ],
        "x-ms-client-request-id": "Sanitized",
        "x-ms-request-id": "Sanitized",
        "x-ms-request-server-encrypted": "true",
        "x-ms-version": "2025-01-05"
      },
      "ResponseBody": null
    },
    {
      "RequestUri": "https://REDACTED/fc03ce8e0accountsastokenonendpoint7ea18490c4438598e1/fc03ce8e1accountsastokenonendpoint7ea9087730f0a6e21a?action=flush&position=7&retainUncommittedData=false&close=false",
      "RequestMethod": "PATCH",
      "RequestHeaders": {
        "Accept": "application/json",
        "Authorization": "Sanitized",
        "Content-Length": "0",
        "Date": "Tue, 26 Nov 2024 21:06:31 GMT",
        "User-Agent": "azsdk-java-azure-storage-file-datalake/12.23.0-beta.1 (21.0.2; Windows 11; 10.0)",
        "x-ms-client-request-id": "Sanitized",
        "x-ms-version": "2025-01-05"
      },
      "RequestBody": null,
      "StatusCode": 200,
      "ResponseHeaders": {
        "Content-Length": "0",
        "Date": "Tue, 26 Nov 2024 21:06:31 GMT",
        "ETag": "\"0x8DD0E5E33B6227D\"",
        "Last-Modified": "Tue, 26 Nov 2024 21:06:31 GMT",
        "Server": [
          "Windows-Azure-HDFS/1.0",
          "Microsoft-HTTPAPI/2.0"
        ],
        "x-ms-client-request-id": "Sanitized",
        "x-ms-request-id": "Sanitized",
        "x-ms-request-server-encrypted": "false",
        "x-ms-version": "2025-01-05"
      },
      "ResponseBody": null
    },
    {
      "RequestUri": "https://REDACTED/fc03ce8e2accountsastokenonendpoint7ea7221087c67091e8?restype=container&sv=Sanitized&se=2024-11-27T21%3A06%3A31Z&sp=rlc&REDACTED",
      "RequestMethod": "PUT",
      "RequestHeaders": {
        "Accept": "application/xml",
        "Content-Length": "0",
        "Date": "Tue, 26 Nov 2024 21:06:31 GMT",
        "User-Agent": "azsdk-java-azure-storage-blob/12.30.0-beta.1 azsdk-java-azure-storage-file-datalake/12.23.0-beta.1 (21.0.2; Windows 11; 10.0)",
        "x-ms-client-request-id": "Sanitized",
        "x-ms-version": "2025-01-05"
      },
      "RequestBody": null,
      "StatusCode": 201,
      "ResponseHeaders": {
        "Content-Length": "0",
        "Date": "Tue, 26 Nov 2024 21:06:31 GMT",
        "ETag": "\"0x8DD0E5E33C5255B\"",
        "Last-Modified": "Tue, 26 Nov 2024 21:06:31 GMT",
        "Server": [
          "Windows-Azure-Blob/1.0",
          "Microsoft-HTTPAPI/2.0"
        ],
        "x-ms-client-request-id": "Sanitized",
        "x-ms-request-id": "Sanitized",
        "x-ms-version": "2025-01-05"
      },
      "ResponseBody": null
    },
    {
      "RequestUri": "https://REDACTED/fc03ce8e2accountsastokenonendpoint7ea7221087c67091e8?resource=filesystem&recursive=false&upn=false&sv=Sanitized&se=2024-11-27T21%3A06%3A31Z&sp=rlc&REDACTED",
      "RequestMethod": "GET",
      "RequestHeaders": {
        "Accept": "application/json",
        "Content-Length": "0",
        "Date": "Tue, 26 Nov 2024 21:06:31 GMT",
        "User-Agent": "azsdk-java-azure-storage-file-datalake/12.23.0-beta.1 (21.0.2; Windows 11; 10.0)",
        "x-ms-client-request-id": "Sanitized",
        "x-ms-version": "2025-01-05"
      },
      "RequestBody": null,
      "StatusCode": 200,
      "ResponseHeaders": {
        "Content-Type": "application/json; charset=utf-8",
        "Date": "Tue, 26 Nov 2024 21:06:31 GMT",
        "Server": [
          "Windows-Azure-HDFS/1.0",
          "Microsoft-HTTPAPI/2.0"
        ],
        "Transfer-Encoding": "chunked",
        "x-ms-client-request-id": "Sanitized",
        "x-ms-request-id": "Sanitized",
        "x-ms-version": "2025-01-05"
      },
      "ResponseBody": {
        "paths": []
      }
    },
    {
      "RequestUri": "https://REDACTED/fc03ce8e2accountsastokenonendpoint7ea7221087c67091e8/fc03ce8e3accountsastokenonendpoint7ea83883fc66f073ac?resource=file",
      "RequestMethod": "PUT",
      "RequestHeaders": {
        "Accept": "application/json",
        "Authorization": "Sanitized",
        "Content-Length": "0",
        "Date": "Tue, 26 Nov 2024 21:06:31 GMT",
        "If-None-Match": "*",
        "User-Agent": "azsdk-java-azure-storage-file-datalake/12.23.0-beta.1 (21.0.2; Windows 11; 10.0)",
        "x-ms-client-request-id": "Sanitized",
        "x-ms-version": "2025-01-05"
      },
      "RequestBody": null,
      "StatusCode": 201,
      "ResponseHeaders": {
        "Content-Length": "0",
        "Date": "Tue, 26 Nov 2024 21:06:31 GMT",
        "ETag": "\"0x8DD0E5E33E2637C\"",
        "Last-Modified": "Tue, 26 Nov 2024 21:06:31 GMT",
        "Server": [
          "Windows-Azure-HDFS/1.0",
          "Microsoft-HTTPAPI/2.0"
        ],
        "x-ms-client-request-id": "Sanitized",
        "x-ms-request-id": "Sanitized",
        "x-ms-request-server-encrypted": "true",
        "x-ms-version": "2025-01-05"
      },
      "ResponseBody": null
    }
  ],
  "Variables": {
    "0": "fc03ce8e0accountsastokenonendpoint7ea18490c4438598e1",
    "1": "fc03ce8e1accountsastokenonendpoint7ea9087730f0a6e21a",
    "2": "2024-11-26T21:06:31.659835Z",
    "3": "fc03ce8e2accountsastokenonendpoint7ea7221087c67091e8",
    "4": "fc03ce8e3accountsastokenonendpoint7ea83883fc66f073ac"
  }
}
