{
  "Entries": [
    {
      "RequestUri": "https://REDACTED/11d961c30filesystemuserdelegationcorrelationid55c80847571f?restype=container",
      "RequestMethod": "PUT",
      "RequestHeaders": {
        "Accept": "application/xml",
        "Authorization": "Sanitized",
        "Content-Length": "0",
        "Date": "Mon, 04 Dec 2023 20:20:27 GMT",
        "User-Agent": "azsdk-java-azure-storage-blob/12.26.0-beta.1 azsdk-java-azure-storage-file-datalake/12.19.0-beta.1 (17.0.8; Windows 11; 10.0)",
        "x-ms-client-request-id": "4c53ef6d-9edd-4f88-9c75-1a7e18eee26f",
        "x-ms-version": "2024-02-04"
      },
      "RequestBody": null,
      "StatusCode": 201,
      "ResponseHeaders": {
        "Content-Length": "0",
        "Date": "Mon, 04 Dec 2023 20:20:28 GMT",
        "ETag": "\u00220x8DBF506755932D7\u0022",
        "Last-Modified": "Mon, 04 Dec 2023 20:20:29 GMT",
        "Server": [
          "Windows-Azure-Blob/1.0",
          "Microsoft-HTTPAPI/2.0"
        ],
        "x-ms-client-request-id": "4c53ef6d-9edd-4f88-9c75-1a7e18eee26f",
        "x-ms-request-id": "6cd03ebe-001e-007a-53ef-2610cc000000",
        "x-ms-version": "2024-02-04"
      },
      "ResponseBody": null
    },
    {
      "RequestUri": "https://REDACTED/11d961c30filesystemuserdelegationcorrelationid55c80847571f/11d961c31filesystemuserdelegationcorrelationid55c392106f43?resource=file",
      "RequestMethod": "PUT",
      "RequestHeaders": {
        "Accept": "application/json",
        "Authorization": "Sanitized",
        "Content-Length": "0",
        "Date": "Mon, 04 Dec 2023 20:20:28 GMT",
        "If-None-Match": "*",
        "User-Agent": "azsdk-java-azure-storage-file-datalake/12.19.0-beta.1 (17.0.8; Windows 11; 10.0)",
        "x-ms-client-request-id": "463ffb66-2cca-4664-aa65-92165eb41f26",
        "x-ms-version": "2024-02-04"
      },
      "RequestBody": null,
      "StatusCode": 201,
      "ResponseHeaders": {
        "Content-Length": "0",
        "Date": "Mon, 04 Dec 2023 20:20:29 GMT",
        "ETag": "\u00220x8DBF506759F32EB\u0022",
        "Last-Modified": "Mon, 04 Dec 2023 20:20:29 GMT",
        "Server": [
          "Windows-Azure-HDFS/1.0",
          "Microsoft-HTTPAPI/2.0"
        ],
        "x-ms-client-request-id": "463ffb66-2cca-4664-aa65-92165eb41f26",
        "x-ms-request-id": "3a4640be-501f-00ce-29ef-26dc02000000",
        "x-ms-request-server-encrypted": "true",
        "x-ms-version": "2024-02-04"
      },
      "ResponseBody": null
    },
    {
      "RequestUri": "https://REDACTED/11d961c30filesystemuserdelegationcorrelationid55c80847571f/11d961c31filesystemuserdelegationcorrelationid55c392106f43?action=append\u0026position=0",
      "RequestMethod": "PATCH",
      "RequestHeaders": {
        "Accept": "application/json",
        "Authorization": "Sanitized",
        "Content-Length": "7",
        "Content-Type": "application/octet-stream",
        "Date": "Mon, 04 Dec 2023 20:20:28 GMT",
        "User-Agent": "azsdk-java-azure-storage-file-datalake/12.19.0-beta.1 (17.0.8; Windows 11; 10.0)",
        "x-ms-client-request-id": "ff6bd7b3-f0b8-40c0-9a12-d6c03e6b76f3",
        "x-ms-version": "2024-02-04"
      },
      "RequestBody": "ZGVmYXVsdA==",
      "StatusCode": 202,
      "ResponseHeaders": {
        "Content-Length": "0",
        "Date": "Mon, 04 Dec 2023 20:20:29 GMT",
        "Server": [
          "Windows-Azure-HDFS/1.0",
          "Microsoft-HTTPAPI/2.0"
        ],
        "x-ms-client-request-id": "ff6bd7b3-f0b8-40c0-9a12-d6c03e6b76f3",
        "x-ms-request-id": "9042a498-c01f-0075-73ef-2666a0000000",
        "x-ms-request-server-encrypted": "true",
        "x-ms-version": "2024-02-04"
      },
      "ResponseBody": null
    },
    {
      "RequestUri": "https://REDACTED/11d961c30filesystemuserdelegationcorrelationid55c80847571f/11d961c31filesystemuserdelegationcorrelationid55c392106f43?action=flush\u0026position=7\u0026retainUncommittedData=false\u0026close=false",
      "RequestMethod": "PATCH",
      "RequestHeaders": {
        "Accept": "application/json",
        "Authorization": "Sanitized",
        "Content-Length": "0",
        "Date": "Mon, 04 Dec 2023 20:20:28 GMT",
        "User-Agent": "azsdk-java-azure-storage-file-datalake/12.19.0-beta.1 (17.0.8; Windows 11; 10.0)",
        "x-ms-client-request-id": "1142a7c5-ba71-43fd-a5a1-7aa3263207f6",
        "x-ms-version": "2024-02-04"
      },
      "RequestBody": null,
      "StatusCode": 200,
      "ResponseHeaders": {
        "Content-Length": "0",
        "Date": "Mon, 04 Dec 2023 20:20:29 GMT",
        "ETag": "\u00220x8DBF50675C83F24\u0022",
        "Last-Modified": "Mon, 04 Dec 2023 20:20:29 GMT",
        "Server": [
          "Windows-Azure-HDFS/1.0",
          "Microsoft-HTTPAPI/2.0"
        ],
        "x-ms-client-request-id": "1142a7c5-ba71-43fd-a5a1-7aa3263207f6",
        "x-ms-request-id": "54488924-201f-0020-0eef-26762b000000",
        "x-ms-request-server-encrypted": "false",
        "x-ms-version": "2024-02-04"
      },
      "ResponseBody": null
    },
    {
      "RequestUri": "https://REDACTED/?restype=service\u0026comp=userdelegationkey",
      "RequestMethod": "POST",
      "RequestHeaders": {
        "Accept": "application/xml",
        "Authorization": "Sanitized",
        "Content-Length": "109",
        "Content-Type": "application/xml",
        "Date": "Mon, 04 Dec 2023 20:20:29 GMT",
        "User-Agent": "azsdk-java-azure-storage-blob/12.26.0-beta.1 azsdk-java-azure-storage-file-datalake/12.19.0-beta.1 (17.0.8; Windows 11; 10.0)",
        "x-ms-client-request-id": "93beb6d4-48c7-4be6-add8-a6fbe495e220",
        "x-ms-version": "2024-02-04"
      },
      "RequestBody": "\u003C?xml version=\u00271.0\u0027 encoding=\u0027UTF-8\u0027?\u003E\u003CKeyInfo\u003E\u003CStart\u003E\u003C/Start\u003E\u003CExpiry\u003E2023-12-05T20:20:29Z\u003C/Expiry\u003E\u003C/KeyInfo\u003E",
      "StatusCode": 200,
      "ResponseHeaders": {
        "Content-Type": "application/xml",
        "Date": "Mon, 04 Dec 2023 20:20:30 GMT",
        "Server": [
          "Windows-Azure-Blob/1.0",
          "Microsoft-HTTPAPI/2.0"
        ],
        "Transfer-Encoding": "chunked",
        "x-ms-client-request-id": "93beb6d4-48c7-4be6-add8-a6fbe495e220",
        "x-ms-request-id": "bbb80169-d01e-0069-0bef-2634c0000000",
        "x-ms-version": "2024-02-04"
      },
      "ResponseBody": "\uFEFF\u003C?xml version=\u00221.0\u0022 encoding=\u0022utf-8\u0022?\u003E\u003CUserDelegationKey\u003E\u003CSignedOid\u003EREDACTED\u003C/SignedOid\u003E\u003CSignedTid\u003EREDACTED\u003C/SignedTid\u003E\u003CSignedStart\u003E2023-12-04T20:20:30Z\u003C/SignedStart\u003E\u003CSignedExpiry\u003E2023-12-05T20:20:29Z\u003C/SignedExpiry\u003E\u003CSignedService\u003Eb\u003C/SignedService\u003E\u003CSignedVersion\u003E2024-02-04\u003C/SignedVersion\u003E\u003CValue\u003EREDACTED\u003C/Value\u003E\u003C/UserDelegationKey\u003E"
    },
    {
      "RequestUri": "https://REDACTED/11d961c30filesystemuserdelegationcorrelationid55c80847571f?resource=filesystem\u0026recursive=false\u0026upn=false\u0026sv=2024-02-04\u0026se=2023-12-05T20%3A20%3A29Z\u0026skoid=1860430b-86fd-414a-8379-0ffff7834c55\u0026sktid=72f988bf-86f1-41af-91ab-2d7cd011db47\u0026skt=2023-12-04T20%3A20%3A30Z\u0026ske=2023-12-05T20%3A20%3A29Z\u0026sks=b\u0026skv=2024-02-04\u0026scid=e45aeb2e-ea64-4e03-9252-f3b033f11a90\u0026sr=c\u0026sp=l\u0026REDACTED",
      "RequestMethod": "GET",
      "RequestHeaders": {
        "Accept": "application/json",
        "Content-Length": "0",
        "Date": "Mon, 04 Dec 2023 20:20:30 GMT",
        "User-Agent": "azsdk-java-azure-storage-file-datalake/12.19.0-beta.1 (17.0.8; Windows 11; 10.0)",
        "x-ms-client-request-id": "c44ad90a-dee3-4930-a60e-5a20d01c45d7",
        "x-ms-version": "2024-02-04"
      },
      "RequestBody": null,
      "StatusCode": 200,
      "ResponseHeaders": {
        "Content-Type": "application/json; charset=utf-8",
        "Date": "Mon, 04 Dec 2023 20:20:30 GMT",
        "Server": [
          "Windows-Azure-HDFS/1.0",
          "Microsoft-HTTPAPI/2.0"
        ],
        "Transfer-Encoding": "chunked",
        "x-ms-client-request-id": "c44ad90a-dee3-4930-a60e-5a20d01c45d7",
        "x-ms-request-id": "cedd9b21-f01f-000c-5aef-269a84000000",
        "x-ms-version": "2024-02-04"
      },
      "ResponseBody": {
        "paths": [
          {
            "contentLength": "7",
            "creationTime": "133461948295033579",
            "etag": "0x8DBF50675C83F24",
            "expiryTime": "0",
            "group": "$superuser",
            "lastModified": "Mon, 04 Dec 2023 20:20:29 GMT",
            "name": "11d961c31filesystemuserdelegationcorrelationid55c392106f43",
            "owner": "$superuser",
            "permissions": "rw-r-----"
          }
        ]
      }
    }
  ],
  "Variables": {
    "0": "11d961c30filesystemuserdelegationcorrelationid55c80847571f",
    "1": "11d961c31filesystemuserdelegationcorrelationid55c392106f43",
    "2": "2023-12-04T20:20:29.045424500Z",
    "3": "1860430b-86fd-414a-8379-0ffff7834c55",
    "4": "72f988bf-86f1-41af-91ab-2d7cd011db47",
    "5": "e45aeb2e-ea64-4e03-9252-f3b033f11a90"
  }
}
