{
  "Entries": [
    {
      "RequestUri": "https://REDACTED/7dd078520sasimplutilstringtosignuserdelegationkey50522522d68?restype=container",
      "RequestMethod": "PUT",
      "RequestHeaders": {
        "Accept": "application/xml",
        "Authorization": "Sanitized",
        "Content-Length": "0",
        "Date": "Thu, 27 Jul 2023 14:37:27 GMT",
        "User-Agent": "azsdk-java-azure-storage-blob/12.24.0-beta.1 azsdk-java-azure-storage-file-datalake/12.17.0-beta.1 (17.0.7; Windows 11; 10.0)",
        "x-ms-client-request-id": "8572cb18-d74e-450e-9dae-f3a06bff5d32",
        "x-ms-version": "2023-01-03"
      },
      "RequestBody": null,
      "StatusCode": 201,
      "ResponseHeaders": {
        "Content-Length": "0",
        "Date": "Thu, 27 Jul 2023 14:37:27 GMT",
        "ETag": "\u00220x8DB8EAF0008CCF6\u0022",
        "Last-Modified": "Thu, 27 Jul 2023 14:37:27 GMT",
        "Server": [
          "Windows-Azure-Blob/1.0",
          "Microsoft-HTTPAPI/2.0"
        ],
        "x-ms-client-request-id": "8572cb18-d74e-450e-9dae-f3a06bff5d32",
        "x-ms-request-id": "63a0065d-401e-0062-1197-c053a5000000",
        "x-ms-version": "2023-01-03"
      },
      "ResponseBody": null
    },
    {
      "RequestUri": "https://REDACTED/7dd078520sasimplutilstringtosignuserdelegationkey50522522d68/7dd078521sasimplutilstringtosignuserdelegationkey50551544b3a?resource=file",
      "RequestMethod": "PUT",
      "RequestHeaders": {
        "Accept": "application/json",
        "Authorization": "Sanitized",
        "Content-Length": "0",
        "Date": "Thu, 27 Jul 2023 14:37:27 GMT",
        "If-None-Match": "*",
        "User-Agent": "azsdk-java-azure-storage-file-datalake/12.17.0-beta.1 (17.0.7; Windows 11; 10.0)",
        "x-ms-client-request-id": "cd7209dd-9dde-41b2-b6c1-cada7cac72ce",
        "x-ms-version": "2023-01-03"
      },
      "RequestBody": null,
      "StatusCode": 201,
      "ResponseHeaders": {
        "Content-Length": "0",
        "Date": "Thu, 27 Jul 2023 14:37:26 GMT",
        "ETag": "\u00220x8DB8EAF0012836D\u0022",
        "Last-Modified": "Thu, 27 Jul 2023 14:37:27 GMT",
        "Server": [
          "Windows-Azure-HDFS/1.0",
          "Microsoft-HTTPAPI/2.0"
        ],
        "x-ms-client-request-id": "cd7209dd-9dde-41b2-b6c1-cada7cac72ce",
        "x-ms-request-id": "84107ceb-001f-0097-2897-c0c78f000000",
        "x-ms-request-server-encrypted": "true",
        "x-ms-version": "2023-01-03"
      },
      "ResponseBody": null
    },
    {
      "RequestUri": "https://REDACTED/7dd078520sasimplutilstringtosignuserdelegationkey50522522d68/7dd078521sasimplutilstringtosignuserdelegationkey50551544b3a?action=append\u0026position=0",
      "RequestMethod": "PATCH",
      "RequestHeaders": {
        "Accept": "application/json",
        "Authorization": "Sanitized",
        "Content-Length": "7",
        "Content-Type": "application/octet-stream",
        "Date": "Thu, 27 Jul 2023 14:37:27 GMT",
        "User-Agent": "azsdk-java-azure-storage-file-datalake/12.17.0-beta.1 (17.0.7; Windows 11; 10.0)",
        "x-ms-client-request-id": "c4a47caa-3240-4fc6-80b6-92e0de2138bd",
        "x-ms-version": "2023-01-03"
      },
      "RequestBody": "ZGVmYXVsdA==",
      "StatusCode": 202,
      "ResponseHeaders": {
        "Content-Length": "0",
        "Date": "Thu, 27 Jul 2023 14:37:26 GMT",
        "Server": [
          "Windows-Azure-HDFS/1.0",
          "Microsoft-HTTPAPI/2.0"
        ],
        "x-ms-client-request-id": "c4a47caa-3240-4fc6-80b6-92e0de2138bd",
        "x-ms-request-id": "84107cfc-001f-0097-3997-c0c78f000000",
        "x-ms-request-server-encrypted": "true",
        "x-ms-version": "2023-01-03"
      },
      "ResponseBody": null
    },
    {
      "RequestUri": "https://REDACTED/7dd078520sasimplutilstringtosignuserdelegationkey50522522d68/7dd078521sasimplutilstringtosignuserdelegationkey50551544b3a?action=flush\u0026position=7\u0026retainUncommittedData=false\u0026close=false",
      "RequestMethod": "PATCH",
      "RequestHeaders": {
        "Accept": "application/json",
        "Authorization": "Sanitized",
        "Content-Length": "0",
        "Date": "Thu, 27 Jul 2023 14:37:27 GMT",
        "User-Agent": "azsdk-java-azure-storage-file-datalake/12.17.0-beta.1 (17.0.7; Windows 11; 10.0)",
        "x-ms-client-request-id": "28461f34-76ae-4f33-9c24-17b7bec235e7",
        "x-ms-version": "2023-01-03"
      },
      "RequestBody": null,
      "StatusCode": 200,
      "ResponseHeaders": {
        "Content-Length": "0",
        "Date": "Thu, 27 Jul 2023 14:37:26 GMT",
        "ETag": "\u00220x8DB8EAF001F93FB\u0022",
        "Last-Modified": "Thu, 27 Jul 2023 14:37:27 GMT",
        "Server": [
          "Windows-Azure-HDFS/1.0",
          "Microsoft-HTTPAPI/2.0"
        ],
        "x-ms-client-request-id": "28461f34-76ae-4f33-9c24-17b7bec235e7",
        "x-ms-request-id": "84107d06-001f-0097-4397-c0c78f000000",
        "x-ms-request-server-encrypted": "false",
        "x-ms-version": "2023-01-03"
      },
      "ResponseBody": null
    }
  ],
  "Variables": {
    "0": "7dd078520sasimplutilstringtosignuserdelegationkey50522522d68",
    "1": "7dd078521sasimplutilstringtosignuserdelegationkey50551544b3a"
  }
}
