{
  "Entries": [
    {
      "RequestUri": "https://REDACTED/4a99c21d0accountsasfileread5c676700068df1554ec447?restype=container",
      "RequestMethod": "PUT",
      "RequestHeaders": {
        "Accept": "application/xml",
        "Authorization": "Sanitized",
        "Content-Length": "0",
        "Date": "Wed, 26 Jul 2023 18:42:32 GMT",
        "User-Agent": "azsdk-java-azure-storage-blob/12.24.0-beta.1 azsdk-java-azure-storage-file-datalake/12.17.0-beta.1 (17.0.7; Windows 11; 10.0)",
        "x-ms-client-request-id": "85c1f593-aeb3-450b-8d85-d63a170710d2",
        "x-ms-version": "2023-01-03"
      },
      "RequestBody": null,
      "StatusCode": 201,
      "ResponseHeaders": {
        "Content-Length": "0",
        "Date": "Wed, 26 Jul 2023 18:42:32 GMT",
        "ETag": "\u00220x8DB8E0812DC35C9\u0022",
        "Last-Modified": "Wed, 26 Jul 2023 18:42:33 GMT",
        "Server": [
          "Windows-Azure-Blob/1.0",
          "Microsoft-HTTPAPI/2.0"
        ],
        "x-ms-client-request-id": "85c1f593-aeb3-450b-8d85-d63a170710d2",
        "x-ms-request-id": "aaeac5fb-801e-001f-1df0-bf2286000000",
        "x-ms-version": "2023-01-03"
      },
      "ResponseBody": null
    },
    {
      "RequestUri": "https://REDACTED/4a99c21d0accountsasfileread5c676700068df1554ec447/4a99c21d1accountsasfileread5c653006f1cb9cd965b644?resource=file",
      "RequestMethod": "PUT",
      "RequestHeaders": {
        "Accept": "application/json",
        "Authorization": "Sanitized",
        "Content-Length": "0",
        "Date": "Wed, 26 Jul 2023 18:42:33 GMT",
        "If-None-Match": "*",
        "User-Agent": "azsdk-java-azure-storage-file-datalake/12.17.0-beta.1 (17.0.7; Windows 11; 10.0)",
        "x-ms-client-request-id": "9042eca7-44ef-4178-89b8-eb30fad17637",
        "x-ms-version": "2023-01-03"
      },
      "RequestBody": null,
      "StatusCode": 201,
      "ResponseHeaders": {
        "Content-Length": "0",
        "Date": "Wed, 26 Jul 2023 18:42:32 GMT",
        "ETag": "\u00220x8DB8E081311A0B5\u0022",
        "Last-Modified": "Wed, 26 Jul 2023 18:42:33 GMT",
        "Server": [
          "Windows-Azure-HDFS/1.0",
          "Microsoft-HTTPAPI/2.0"
        ],
        "x-ms-client-request-id": "9042eca7-44ef-4178-89b8-eb30fad17637",
        "x-ms-request-id": "51e11b0f-501f-0023-4cf0-bf0b41000000",
        "x-ms-request-server-encrypted": "true",
        "x-ms-version": "2023-01-03"
      },
      "ResponseBody": null
    },
    {
      "RequestUri": "https://REDACTED/4a99c21d0accountsasfileread5c676700068df1554ec447/4a99c21d1accountsasfileread5c653006f1cb9cd965b644?action=append\u0026position=0",
      "RequestMethod": "PATCH",
      "RequestHeaders": {
        "Accept": "application/json",
        "Authorization": "Sanitized",
        "Content-Length": "7",
        "Content-Type": "application/octet-stream",
        "Date": "Wed, 26 Jul 2023 18:42:33 GMT",
        "User-Agent": "azsdk-java-azure-storage-file-datalake/12.17.0-beta.1 (17.0.7; Windows 11; 10.0)",
        "x-ms-client-request-id": "f5f1ee3c-57f7-4ffe-a473-7b94e34f7f0c",
        "x-ms-version": "2023-01-03"
      },
      "RequestBody": "ZGVmYXVsdA==",
      "StatusCode": 202,
      "ResponseHeaders": {
        "Content-Length": "0",
        "Date": "Wed, 26 Jul 2023 18:42:33 GMT",
        "Server": [
          "Windows-Azure-HDFS/1.0",
          "Microsoft-HTTPAPI/2.0"
        ],
        "x-ms-client-request-id": "f5f1ee3c-57f7-4ffe-a473-7b94e34f7f0c",
        "x-ms-request-id": "f2cc1bfd-a01f-0037-08f0-bf432e000000",
        "x-ms-request-server-encrypted": "true",
        "x-ms-version": "2023-01-03"
      },
      "ResponseBody": null
    },
    {
      "RequestUri": "https://REDACTED/4a99c21d0accountsasfileread5c676700068df1554ec447/4a99c21d1accountsasfileread5c653006f1cb9cd965b644?action=flush\u0026position=7\u0026retainUncommittedData=false\u0026close=false",
      "RequestMethod": "PATCH",
      "RequestHeaders": {
        "Accept": "application/json",
        "Authorization": "Sanitized",
        "Content-Length": "0",
        "Date": "Wed, 26 Jul 2023 18:42:34 GMT",
        "User-Agent": "azsdk-java-azure-storage-file-datalake/12.17.0-beta.1 (17.0.7; Windows 11; 10.0)",
        "x-ms-client-request-id": "52d70cd8-6512-414b-b9d8-7db12532e8a3",
        "x-ms-version": "2023-01-03"
      },
      "RequestBody": null,
      "StatusCode": 200,
      "ResponseHeaders": {
        "Content-Length": "0",
        "Date": "Wed, 26 Jul 2023 18:42:33 GMT",
        "ETag": "\u00220x8DB8E0813824424\u0022",
        "Last-Modified": "Wed, 26 Jul 2023 18:42:34 GMT",
        "Server": [
          "Windows-Azure-HDFS/1.0",
          "Microsoft-HTTPAPI/2.0"
        ],
        "x-ms-client-request-id": "52d70cd8-6512-414b-b9d8-7db12532e8a3",
        "x-ms-request-id": "f2cc1c1d-a01f-0037-28f0-bf432e000000",
        "x-ms-request-server-encrypted": "false",
        "x-ms-version": "2023-01-03"
      },
      "ResponseBody": null
    },
    {
      "RequestUri": "https://REDACTED/4a99c21d0accountsasfileread5c676700068df1554ec447/4a99c21d2accountsasfileread5c61592219b647e5f82242?resource=file",
      "RequestMethod": "PUT",
      "RequestHeaders": {
        "Accept": "application/json",
        "Authorization": "Sanitized",
        "Content-Length": "0",
        "Date": "Wed, 26 Jul 2023 18:42:34 GMT",
        "If-None-Match": "*",
        "User-Agent": "azsdk-java-azure-storage-file-datalake/12.17.0-beta.1 (17.0.7; Windows 11; 10.0)",
        "x-ms-client-request-id": "652249cf-44cd-4d09-8460-c932260aa5e9",
        "x-ms-version": "2023-01-03"
      },
      "RequestBody": null,
      "StatusCode": 201,
      "ResponseHeaders": {
        "Content-Length": "0",
        "Date": "Wed, 26 Jul 2023 18:42:33 GMT",
        "ETag": "\u00220x8DB8E08138892E9\u0022",
        "Last-Modified": "Wed, 26 Jul 2023 18:42:34 GMT",
        "Server": [
          "Windows-Azure-HDFS/1.0",
          "Microsoft-HTTPAPI/2.0"
        ],
        "x-ms-client-request-id": "652249cf-44cd-4d09-8460-c932260aa5e9",
        "x-ms-request-id": "f2cc1c26-a01f-0037-31f0-bf432e000000",
        "x-ms-request-server-encrypted": "true",
        "x-ms-version": "2023-01-03"
      },
      "ResponseBody": null
    },
    {
      "RequestUri": "https://REDACTED/4a99c21d0accountsasfileread5c676700068df1554ec447/4a99c21d2accountsasfileread5c61592219b647e5f82242?action=append\u0026position=0",
      "RequestMethod": "PATCH",
      "RequestHeaders": {
        "Accept": "application/json",
        "Authorization": "Sanitized",
        "Content-Length": "7",
        "Content-Type": "application/octet-stream",
        "Date": "Wed, 26 Jul 2023 18:42:34 GMT",
        "User-Agent": "azsdk-java-azure-storage-file-datalake/12.17.0-beta.1 (17.0.7; Windows 11; 10.0)",
        "x-ms-client-request-id": "05ba1264-1068-4287-a737-72c709bfc6f9",
        "x-ms-version": "2023-01-03"
      },
      "RequestBody": "ZGVmYXVsdA==",
      "StatusCode": 202,
      "ResponseHeaders": {
        "Content-Length": "0",
        "Date": "Wed, 26 Jul 2023 18:42:33 GMT",
        "Server": [
          "Windows-Azure-HDFS/1.0",
          "Microsoft-HTTPAPI/2.0"
        ],
        "x-ms-client-request-id": "05ba1264-1068-4287-a737-72c709bfc6f9",
        "x-ms-request-id": "f2cc1c2b-a01f-0037-36f0-bf432e000000",
        "x-ms-request-server-encrypted": "true",
        "x-ms-version": "2023-01-03"
      },
      "ResponseBody": null
    },
    {
      "RequestUri": "https://REDACTED/4a99c21d0accountsasfileread5c676700068df1554ec447/4a99c21d2accountsasfileread5c61592219b647e5f82242?action=flush\u0026position=7\u0026retainUncommittedData=false\u0026close=false",
      "RequestMethod": "PATCH",
      "RequestHeaders": {
        "Accept": "application/json",
        "Authorization": "Sanitized",
        "Content-Length": "0",
        "Date": "Wed, 26 Jul 2023 18:42:34 GMT",
        "User-Agent": "azsdk-java-azure-storage-file-datalake/12.17.0-beta.1 (17.0.7; Windows 11; 10.0)",
        "x-ms-client-request-id": "a55bc487-2fa1-4162-a97d-d201a49ffa6a",
        "x-ms-version": "2023-01-03"
      },
      "RequestBody": null,
      "StatusCode": 200,
      "ResponseHeaders": {
        "Content-Length": "0",
        "Date": "Wed, 26 Jul 2023 18:42:34 GMT",
        "ETag": "\u00220x8DB8E0813E7F1BF\u0022",
        "Last-Modified": "Wed, 26 Jul 2023 18:42:34 GMT",
        "Server": [
          "Windows-Azure-HDFS/1.0",
          "Microsoft-HTTPAPI/2.0"
        ],
        "x-ms-client-request-id": "a55bc487-2fa1-4162-a97d-d201a49ffa6a",
        "x-ms-request-id": "f2cc1c88-a01f-0037-13f0-bf432e000000",
        "x-ms-request-server-encrypted": "false",
        "x-ms-version": "2023-01-03"
      },
      "ResponseBody": null
    },
    {
      "RequestUri": "https://REDACTED/4a99c21d0accountsasfileread5c676700068df1554ec447/4a99c21d2accountsasfileread5c61592219b647e5f82242?sv=2023-01-03\u0026ss=b\u0026srt=sco\u0026se=2023-07-27T18%3A42%3A34Z\u0026sp=r\u0026REDACTED",
      "RequestMethod": "GET",
      "RequestHeaders": {
        "Accept": "application/xml",
        "Content-Length": "0",
        "Date": "Wed, 26 Jul 2023 18:42:34 GMT",
        "User-Agent": "azsdk-java-azure-storage-blob/12.24.0-beta.1 azsdk-java-azure-storage-file-datalake/12.17.0-beta.1 (17.0.7; Windows 11; 10.0)",
        "x-ms-client-request-id": "cd6c556f-af18-4a0a-a40b-eff225e24840",
        "x-ms-version": "2023-01-03"
      },
      "RequestBody": null,
      "StatusCode": 200,
      "ResponseHeaders": {
        "Accept-Ranges": "bytes",
        "Access-Control-Allow-Origin": "*",
        "Access-Control-Expose-Headers": "x-ms-client-request-id",
        "Content-Length": "7",
        "Content-Type": "application/octet-stream",
        "Date": "Wed, 26 Jul 2023 18:42:34 GMT",
        "ETag": "\u00220x8DB8E0813E7F1BF\u0022",
        "Last-Modified": "Wed, 26 Jul 2023 18:42:34 GMT",
        "Server": [
          "Windows-Azure-Blob/1.0",
          "Microsoft-HTTPAPI/2.0"
        ],
        "x-ms-blob-type": "BlockBlob",
        "x-ms-client-request-id": "cd6c556f-af18-4a0a-a40b-eff225e24840",
        "x-ms-creation-time": "Wed, 26 Jul 2023 18:42:34 GMT",
        "x-ms-group": "$superuser",
        "x-ms-lease-state": "available",
        "x-ms-lease-status": "unlocked",
        "x-ms-owner": "$superuser",
        "x-ms-permissions": "rw-r-----",
        "x-ms-request-id": "9d984ceb-501e-001c-59f0-bfc3e2000000",
        "x-ms-resource-type": "file",
        "x-ms-server-encrypted": "true",
        "x-ms-version": "2023-01-03"
      },
      "ResponseBody": "ZGVmYXVsdA=="
    }
  ],
  "Variables": {
    "0": "4a99c21d0accountsasfileread5c676700068df1554ec447",
    "1": "4a99c21d1accountsasfileread5c653006f1cb9cd965b644",
    "2": "4a99c21d2accountsasfileread5c61592219b647e5f82242",
    "3": "2023-07-26T18:42:34.880495600Z"
  }
}
