{
  "Entries": [
    {
      "RequestUri": "https://REDACTED/77a7a8750filesystemuserdelegationa6f28070fa95ee05bb0?restype=container",
      "RequestMethod": "PUT",
      "RequestHeaders": {
        "Accept": "application/xml",
        "Authorization": "Sanitized",
        "Content-Length": "0",
        "Date": "Thu, 27 Jul 2023 14:37:37 GMT",
        "User-Agent": "azsdk-java-azure-storage-blob/12.24.0-beta.1 azsdk-java-azure-storage-file-datalake/12.17.0-beta.1 (17.0.7; Windows 11; 10.0)",
        "x-ms-client-request-id": "e0a2738d-8b8e-4379-9e8f-980826441f06",
        "x-ms-version": "2023-01-03"
      },
      "RequestBody": null,
      "StatusCode": 201,
      "ResponseHeaders": {
        "Content-Length": "0",
        "Date": "Thu, 27 Jul 2023 14:37:36 GMT",
        "ETag": "\u00220x8DB8EAF05DCC5A3\u0022",
        "Last-Modified": "Thu, 27 Jul 2023 14:37:37 GMT",
        "Server": [
          "Windows-Azure-Blob/1.0",
          "Microsoft-HTTPAPI/2.0"
        ],
        "x-ms-client-request-id": "e0a2738d-8b8e-4379-9e8f-980826441f06",
        "x-ms-request-id": "91518df7-601e-0081-1197-c03158000000",
        "x-ms-version": "2023-01-03"
      },
      "ResponseBody": null
    },
    {
      "RequestUri": "https://REDACTED/77a7a8750filesystemuserdelegationa6f28070fa95ee05bb0/77a7a8751filesystemuserdelegationa6f72044fa9d6791d98?resource=file",
      "RequestMethod": "PUT",
      "RequestHeaders": {
        "Accept": "application/json",
        "Authorization": "Sanitized",
        "Content-Length": "0",
        "Date": "Thu, 27 Jul 2023 14:37:37 GMT",
        "If-None-Match": "*",
        "User-Agent": "azsdk-java-azure-storage-file-datalake/12.17.0-beta.1 (17.0.7; Windows 11; 10.0)",
        "x-ms-client-request-id": "0c1e04e9-717d-49e4-baaa-9652e169ea68",
        "x-ms-version": "2023-01-03"
      },
      "RequestBody": null,
      "StatusCode": 201,
      "ResponseHeaders": {
        "Content-Length": "0",
        "Date": "Thu, 27 Jul 2023 14:37:37 GMT",
        "ETag": "\u00220x8DB8EAF05E5CB90\u0022",
        "Last-Modified": "Thu, 27 Jul 2023 14:37:37 GMT",
        "Server": [
          "Windows-Azure-HDFS/1.0",
          "Microsoft-HTTPAPI/2.0"
        ],
        "x-ms-client-request-id": "0c1e04e9-717d-49e4-baaa-9652e169ea68",
        "x-ms-request-id": "35237ed7-601f-0028-2497-c0f02a000000",
        "x-ms-request-server-encrypted": "true",
        "x-ms-version": "2023-01-03"
      },
      "ResponseBody": null
    },
    {
      "RequestUri": "https://REDACTED/77a7a8750filesystemuserdelegationa6f28070fa95ee05bb0/77a7a8751filesystemuserdelegationa6f72044fa9d6791d98?action=append\u0026position=0",
      "RequestMethod": "PATCH",
      "RequestHeaders": {
        "Accept": "application/json",
        "Authorization": "Sanitized",
        "Content-Length": "7",
        "Content-Type": "application/octet-stream",
        "Date": "Thu, 27 Jul 2023 14:37:37 GMT",
        "User-Agent": "azsdk-java-azure-storage-file-datalake/12.17.0-beta.1 (17.0.7; Windows 11; 10.0)",
        "x-ms-client-request-id": "3221c860-8f4c-4748-99f5-05acdd2436cc",
        "x-ms-version": "2023-01-03"
      },
      "RequestBody": "ZGVmYXVsdA==",
      "StatusCode": 202,
      "ResponseHeaders": {
        "Content-Length": "0",
        "Date": "Thu, 27 Jul 2023 14:37:37 GMT",
        "Server": [
          "Windows-Azure-HDFS/1.0",
          "Microsoft-HTTPAPI/2.0"
        ],
        "x-ms-client-request-id": "3221c860-8f4c-4748-99f5-05acdd2436cc",
        "x-ms-request-id": "35237ee5-601f-0028-3297-c0f02a000000",
        "x-ms-request-server-encrypted": "true",
        "x-ms-version": "2023-01-03"
      },
      "ResponseBody": null
    },
    {
      "RequestUri": "https://REDACTED/77a7a8750filesystemuserdelegationa6f28070fa95ee05bb0/77a7a8751filesystemuserdelegationa6f72044fa9d6791d98?action=flush\u0026position=7\u0026retainUncommittedData=false\u0026close=false",
      "RequestMethod": "PATCH",
      "RequestHeaders": {
        "Accept": "application/json",
        "Authorization": "Sanitized",
        "Content-Length": "0",
        "Date": "Thu, 27 Jul 2023 14:37:37 GMT",
        "User-Agent": "azsdk-java-azure-storage-file-datalake/12.17.0-beta.1 (17.0.7; Windows 11; 10.0)",
        "x-ms-client-request-id": "cf28686c-7a77-4d37-8e13-dd873262555c",
        "x-ms-version": "2023-01-03"
      },
      "RequestBody": null,
      "StatusCode": 200,
      "ResponseHeaders": {
        "Content-Length": "0",
        "Date": "Thu, 27 Jul 2023 14:37:37 GMT",
        "ETag": "\u00220x8DB8EAF05F0E916\u0022",
        "Last-Modified": "Thu, 27 Jul 2023 14:37:37 GMT",
        "Server": [
          "Windows-Azure-HDFS/1.0",
          "Microsoft-HTTPAPI/2.0"
        ],
        "x-ms-client-request-id": "cf28686c-7a77-4d37-8e13-dd873262555c",
        "x-ms-request-id": "35237eed-601f-0028-3a97-c0f02a000000",
        "x-ms-request-server-encrypted": "false",
        "x-ms-version": "2023-01-03"
      },
      "ResponseBody": null
    },
    {
      "RequestUri": "https://REDACTED/?restype=service\u0026comp=userdelegationkey",
      "RequestMethod": "POST",
      "RequestHeaders": {
        "Accept": "application/xml",
        "Authorization": "Sanitized",
        "Content-Length": "109",
        "Content-Type": "application/xml",
        "Date": "Thu, 27 Jul 2023 14:37:37 GMT",
        "User-Agent": "azsdk-java-azure-storage-blob/12.24.0-beta.1 azsdk-java-azure-storage-file-datalake/12.17.0-beta.1 (17.0.7; Windows 11; 10.0)",
        "x-ms-client-request-id": "0734cb39-9e69-42fb-a1e0-648bc01fb117",
        "x-ms-version": "2023-01-03"
      },
      "RequestBody": "\u003C?xml version=\u00271.0\u0027 encoding=\u0027UTF-8\u0027?\u003E\u003CKeyInfo\u003E\u003CStart\u003E\u003C/Start\u003E\u003CExpiry\u003E2023-07-28T14:37:37Z\u003C/Expiry\u003E\u003C/KeyInfo\u003E",
      "StatusCode": 200,
      "ResponseHeaders": {
        "Content-Type": "application/xml",
        "Date": "Thu, 27 Jul 2023 14:37:36 GMT",
        "Server": [
          "Windows-Azure-Blob/1.0",
          "Microsoft-HTTPAPI/2.0"
        ],
        "Transfer-Encoding": "chunked",
        "x-ms-client-request-id": "0734cb39-9e69-42fb-a1e0-648bc01fb117",
        "x-ms-request-id": "98944e77-001e-005c-5097-c0c4da000000",
        "x-ms-version": "2023-01-03"
      },
      "ResponseBody": "\uFEFF\u003C?xml version=\u00221.0\u0022 encoding=\u0022utf-8\u0022?\u003E\u003CUserDelegationKey\u003E\u003CSignedOid\u003EREDACTED\u003C/SignedOid\u003E\u003CSignedTid\u003EREDACTED\u003C/SignedTid\u003E\u003CSignedStart\u003E2023-07-27T14:37:37Z\u003C/SignedStart\u003E\u003CSignedExpiry\u003E2023-07-28T14:37:37Z\u003C/SignedExpiry\u003E\u003CSignedService\u003Eb\u003C/SignedService\u003E\u003CSignedVersion\u003E2023-01-03\u003C/SignedVersion\u003E\u003CValue\u003EREDACTED\u003C/Value\u003E\u003C/UserDelegationKey\u003E"
    },
    {
      "RequestUri": "https://REDACTED/77a7a8750filesystemuserdelegationa6f28070fa95ee05bb0?resource=filesystem\u0026recursive=false\u0026upn=false\u0026sv=2023-01-03\u0026se=2023-07-28T14%3A37%3A37Z\u0026skoid=30511c9d-ba1a-4c7b-b422-5b543da11b3f\u0026sktid=72f988bf-86f1-41af-91ab-2d7cd011db47\u0026skt=2023-07-27T14%3A37%3A37Z\u0026ske=2023-07-28T14%3A37%3A37Z\u0026sks=b\u0026skv=2023-01-03\u0026sr=c\u0026sp=racwdlmeop\u0026REDACTED",
      "RequestMethod": "GET",
      "RequestHeaders": {
        "Accept": "application/json",
        "Content-Length": "0",
        "Date": "Thu, 27 Jul 2023 14:37:37 GMT",
        "User-Agent": "azsdk-java-azure-storage-file-datalake/12.17.0-beta.1 (17.0.7; Windows 11; 10.0)",
        "x-ms-client-request-id": "0e8470bc-9344-484c-99dc-f5c797a09f4a",
        "x-ms-version": "2023-01-03"
      },
      "RequestBody": null,
      "StatusCode": 200,
      "ResponseHeaders": {
        "Access-Control-Allow-Origin": "*",
        "Access-Control-Expose-Headers": "x-ms-client-request-id",
        "Content-Type": "application/json; charset=utf-8",
        "Date": "Thu, 27 Jul 2023 14:37:37 GMT",
        "Server": [
          "Windows-Azure-HDFS/1.0",
          "Microsoft-HTTPAPI/2.0"
        ],
        "Transfer-Encoding": "chunked",
        "x-ms-client-request-id": "0e8470bc-9344-484c-99dc-f5c797a09f4a",
        "x-ms-request-id": "c3ca9e60-b01f-0059-3297-c01601000000",
        "x-ms-version": "2023-01-03"
      },
      "ResponseBody": {
        "paths": [
          {
            "contentLength": "7",
            "creationTime": "133349422572424080",
            "etag": "0x8DB8EAF05F0E916",
            "expiryTime": "0",
            "group": "$superuser",
            "lastModified": "Thu, 27 Jul 2023 14:37:37 GMT",
            "name": "77a7a8751filesystemuserdelegationa6f72044fa9d6791d98",
            "owner": "$superuser",
            "permissions": "rw-r-----"
          }
        ]
      }
    }
  ],
  "Variables": {
    "0": "77a7a8750filesystemuserdelegationa6f28070fa95ee05bb0",
    "1": "77a7a8751filesystemuserdelegationa6f72044fa9d6791d98",
    "2": "2023-07-27T14:37:37.330793400Z",
    "3": "30511c9d-ba1a-4c7b-b422-5b543da11b3f",
    "4": "72f988bf-86f1-41af-91ab-2d7cd011db47"
  }
}
