{
  "Entries": [
    {
      "RequestUri": "https://REDACTED/64cb49130sasimplutilstringtosignuserdelegationkeyc2805176605?restype=container",
      "RequestMethod": "PUT",
      "RequestHeaders": {
        "Accept": "application/xml",
        "Authorization": "Sanitized",
        "Content-Length": "0",
        "Date": "Thu, 27 Jul 2023 14:37:27 GMT",
        "User-Agent": "azsdk-java-azure-storage-blob/12.24.0-beta.1 azsdk-java-azure-storage-file-datalake/12.17.0-beta.1 (17.0.7; Windows 11; 10.0)",
        "x-ms-client-request-id": "df087e97-0d93-42f2-a773-0c6209add224",
        "x-ms-version": "2023-01-03"
      },
      "RequestBody": null,
      "StatusCode": 201,
      "ResponseHeaders": {
        "Content-Length": "0",
        "Date": "Thu, 27 Jul 2023 14:37:26 GMT",
        "ETag": "\u00220x8DB8EAEFFE2A9B5\u0022",
        "Last-Modified": "Thu, 27 Jul 2023 14:37:27 GMT",
        "Server": [
          "Windows-Azure-Blob/1.0",
          "Microsoft-HTTPAPI/2.0"
        ],
        "x-ms-client-request-id": "df087e97-0d93-42f2-a773-0c6209add224",
        "x-ms-request-id": "3c62a418-101e-006f-4c97-c09b71000000",
        "x-ms-version": "2023-01-03"
      },
      "ResponseBody": null
    },
    {
      "RequestUri": "https://REDACTED/64cb49130sasimplutilstringtosignuserdelegationkeyc2805176605/64cb49131sasimplutilstringtosignuserdelegationkeyc2800627cec?resource=file",
      "RequestMethod": "PUT",
      "RequestHeaders": {
        "Accept": "application/json",
        "Authorization": "Sanitized",
        "Content-Length": "0",
        "Date": "Thu, 27 Jul 2023 14:37:27 GMT",
        "If-None-Match": "*",
        "User-Agent": "azsdk-java-azure-storage-file-datalake/12.17.0-beta.1 (17.0.7; Windows 11; 10.0)",
        "x-ms-client-request-id": "d2478eca-3a55-4a6c-8166-0850483fe424",
        "x-ms-version": "2023-01-03"
      },
      "RequestBody": null,
      "StatusCode": 201,
      "ResponseHeaders": {
        "Content-Length": "0",
        "Date": "Thu, 27 Jul 2023 14:37:26 GMT",
        "ETag": "\u00220x8DB8EAEFFEBD002\u0022",
        "Last-Modified": "Thu, 27 Jul 2023 14:37:27 GMT",
        "Server": [
          "Windows-Azure-HDFS/1.0",
          "Microsoft-HTTPAPI/2.0"
        ],
        "x-ms-client-request-id": "d2478eca-3a55-4a6c-8166-0850483fe424",
        "x-ms-request-id": "8eae5e63-f01f-003a-1a97-c08bfa000000",
        "x-ms-request-server-encrypted": "true",
        "x-ms-version": "2023-01-03"
      },
      "ResponseBody": null
    },
    {
      "RequestUri": "https://REDACTED/64cb49130sasimplutilstringtosignuserdelegationkeyc2805176605/64cb49131sasimplutilstringtosignuserdelegationkeyc2800627cec?action=append\u0026position=0",
      "RequestMethod": "PATCH",
      "RequestHeaders": {
        "Accept": "application/json",
        "Authorization": "Sanitized",
        "Content-Length": "7",
        "Content-Type": "application/octet-stream",
        "Date": "Thu, 27 Jul 2023 14:37:27 GMT",
        "User-Agent": "azsdk-java-azure-storage-file-datalake/12.17.0-beta.1 (17.0.7; Windows 11; 10.0)",
        "x-ms-client-request-id": "e27cca74-aa43-4ccd-bc9d-714fb45ae693",
        "x-ms-version": "2023-01-03"
      },
      "RequestBody": "ZGVmYXVsdA==",
      "StatusCode": 202,
      "ResponseHeaders": {
        "Content-Length": "0",
        "Date": "Thu, 27 Jul 2023 14:37:26 GMT",
        "Server": [
          "Windows-Azure-HDFS/1.0",
          "Microsoft-HTTPAPI/2.0"
        ],
        "x-ms-client-request-id": "e27cca74-aa43-4ccd-bc9d-714fb45ae693",
        "x-ms-request-id": "84107c85-001f-0097-4397-c0c78f000000",
        "x-ms-request-server-encrypted": "true",
        "x-ms-version": "2023-01-03"
      },
      "ResponseBody": null
    },
    {
      "RequestUri": "https://REDACTED/64cb49130sasimplutilstringtosignuserdelegationkeyc2805176605/64cb49131sasimplutilstringtosignuserdelegationkeyc2800627cec?action=flush\u0026position=7\u0026retainUncommittedData=false\u0026close=false",
      "RequestMethod": "PATCH",
      "RequestHeaders": {
        "Accept": "application/json",
        "Authorization": "Sanitized",
        "Content-Length": "0",
        "Date": "Thu, 27 Jul 2023 14:37:27 GMT",
        "User-Agent": "azsdk-java-azure-storage-file-datalake/12.17.0-beta.1 (17.0.7; Windows 11; 10.0)",
        "x-ms-client-request-id": "2e66f499-59c6-4520-8481-5488f8e46a17",
        "x-ms-version": "2023-01-03"
      },
      "RequestBody": null,
      "StatusCode": 200,
      "ResponseHeaders": {
        "Content-Length": "0",
        "Date": "Thu, 27 Jul 2023 14:37:26 GMT",
        "ETag": "\u00220x8DB8EAEFFF96384\u0022",
        "Last-Modified": "Thu, 27 Jul 2023 14:37:27 GMT",
        "Server": [
          "Windows-Azure-HDFS/1.0",
          "Microsoft-HTTPAPI/2.0"
        ],
        "x-ms-client-request-id": "2e66f499-59c6-4520-8481-5488f8e46a17",
        "x-ms-request-id": "84107c96-001f-0097-5497-c0c78f000000",
        "x-ms-request-server-encrypted": "false",
        "x-ms-version": "2023-01-03"
      },
      "ResponseBody": null
    }
  ],
  "Variables": {
    "0": "64cb49130sasimplutilstringtosignuserdelegationkeyc2805176605",
    "1": "64cb49131sasimplutilstringtosignuserdelegationkeyc2800627cec"
  }
}
