{
  "Entries": [
    {
      "RequestUri": "https://REDACTED/7cf9105f0restorepathspecialcharactersb934862122a5c9d7a?restype=container",
      "RequestMethod": "PUT",
      "RequestHeaders": {
        "Accept": "application/xml",
        "Authorization": "Sanitized",
        "Content-Length": "0",
        "Date": "Mon, 04 Dec 2023 20:34:25 GMT",
        "User-Agent": "azsdk-java-azure-storage-blob/12.26.0-beta.1 azsdk-java-azure-storage-file-datalake/12.19.0-beta.1 (17.0.8; Windows 11; 10.0)",
        "x-ms-client-request-id": "cfd885e3-bafb-4af0-b561-efecfefe636b",
        "x-ms-version": "2024-02-04"
      },
      "RequestBody": null,
      "StatusCode": 201,
      "ResponseHeaders": {
        "Content-Length": "0",
        "Date": "Mon, 04 Dec 2023 20:34:26 GMT",
        "ETag": "\u00220x8DBF50868654EE8\u0022",
        "Last-Modified": "Mon, 04 Dec 2023 20:34:26 GMT",
        "Server": [
          "Windows-Azure-Blob/1.0",
          "Microsoft-HTTPAPI/2.0"
        ],
        "x-ms-client-request-id": "cfd885e3-bafb-4af0-b561-efecfefe636b",
        "x-ms-request-id": "fe331ecf-d01e-00ef-1bf1-26f879000000",
        "x-ms-version": "2024-02-04"
      },
      "ResponseBody": null
    },
    {
      "RequestUri": "https://REDACTED/7cf9105f1restorepathspecialcharactersb9387334e3af3c3a4?restype=container",
      "RequestMethod": "PUT",
      "RequestHeaders": {
        "Accept": "application/xml",
        "Authorization": "Sanitized",
        "Content-Length": "0",
        "Date": "Mon, 04 Dec 2023 20:34:25 GMT",
        "User-Agent": "azsdk-java-azure-storage-blob/12.26.0-beta.1 azsdk-java-azure-storage-file-datalake/12.19.0-beta.1 (17.0.8; Windows 11; 10.0)",
        "x-ms-client-request-id": "8dcf1bfd-8c4c-4fef-9d26-90927a845bce",
        "x-ms-version": "2024-02-04"
      },
      "RequestBody": null,
      "StatusCode": 201,
      "ResponseHeaders": {
        "Content-Length": "0",
        "Date": "Mon, 04 Dec 2023 20:34:26 GMT",
        "ETag": "\u00220x8DBF5086875DE1A\u0022",
        "Last-Modified": "Mon, 04 Dec 2023 20:34:26 GMT",
        "Server": [
          "Windows-Azure-Blob/1.0",
          "Microsoft-HTTPAPI/2.0"
        ],
        "x-ms-client-request-id": "8dcf1bfd-8c4c-4fef-9d26-90927a845bce",
        "x-ms-request-id": "fe331ef8-d01e-00ef-40f1-26f879000000",
        "x-ms-version": "2024-02-04"
      },
      "ResponseBody": null
    },
    {
      "RequestUri": "https://REDACTED/7cf9105f1restorepathspecialcharactersb9387334e3af3c3a4/dirdirectory?resource=directory",
      "RequestMethod": "PUT",
      "RequestHeaders": {
        "Accept": "application/json",
        "Authorization": "Sanitized",
        "Content-Length": "0",
        "Date": "Mon, 04 Dec 2023 20:34:25 GMT",
        "If-None-Match": "*",
        "User-Agent": "azsdk-java-azure-storage-file-datalake/12.19.0-beta.1 (17.0.8; Windows 11; 10.0)",
        "x-ms-client-request-id": "5c224c7b-abcd-4c76-9d87-bd3b8ae6ddc3",
        "x-ms-version": "2024-02-04"
      },
      "RequestBody": null,
      "StatusCode": 201,
      "ResponseHeaders": {
        "Content-Length": "0",
        "Date": "Mon, 04 Dec 2023 20:34:25 GMT",
        "ETag": "\u00220x8DBF50868872829\u0022",
        "Last-Modified": "Mon, 04 Dec 2023 20:34:26 GMT",
        "Server": [
          "Windows-Azure-HDFS/1.0",
          "Microsoft-HTTPAPI/2.0"
        ],
        "x-ms-client-request-id": "5c224c7b-abcd-4c76-9d87-bd3b8ae6ddc3",
        "x-ms-request-id": "cf29f94d-a01f-0087-59f1-269ee9000000",
        "x-ms-request-server-encrypted": "true",
        "x-ms-version": "2024-02-04"
      },
      "ResponseBody": null
    },
    {
      "RequestUri": "https://REDACTED/7cf9105f1restorepathspecialcharactersb9387334e3af3c3a4/dirdirectory?recursive=false",
      "RequestMethod": "DELETE",
      "RequestHeaders": {
        "Accept": "application/json",
        "Authorization": "Sanitized",
        "Content-Length": "0",
        "Date": "Mon, 04 Dec 2023 20:34:25 GMT",
        "User-Agent": "azsdk-java-azure-storage-file-datalake/12.19.0-beta.1 (17.0.8; Windows 11; 10.0)",
        "x-ms-client-request-id": "c4c81fe9-6757-413d-9327-dbe018425264",
        "x-ms-version": "2024-02-04"
      },
      "RequestBody": null,
      "StatusCode": 200,
      "ResponseHeaders": {
        "Content-Length": "0",
        "Date": "Mon, 04 Dec 2023 20:34:26 GMT",
        "Server": [
          "Windows-Azure-HDFS/1.0",
          "Microsoft-HTTPAPI/2.0"
        ],
        "x-ms-client-request-id": "c4c81fe9-6757-413d-9327-dbe018425264",
        "x-ms-delete-type-permanent": "false",
        "x-ms-deletion-id": "133461956666311711",
        "x-ms-request-id": "cf29f951-a01f-0087-5df1-269ee9000000",
        "x-ms-version": "2024-02-04"
      },
      "ResponseBody": null
    },
    {
      "RequestUri": "https://REDACTED/7cf9105f1restorepathspecialcharactersb9387334e3af3c3a4/filedirectory?resource=file",
      "RequestMethod": "PUT",
      "RequestHeaders": {
        "Accept": "application/json",
        "Authorization": "Sanitized",
        "Content-Length": "0",
        "Date": "Mon, 04 Dec 2023 20:34:25 GMT",
        "If-None-Match": "*",
        "User-Agent": "azsdk-java-azure-storage-file-datalake/12.19.0-beta.1 (17.0.8; Windows 11; 10.0)",
        "x-ms-client-request-id": "58bf0429-85e8-43fd-87bc-2ccf56d8b41f",
        "x-ms-version": "2024-02-04"
      },
      "RequestBody": null,
      "StatusCode": 201,
      "ResponseHeaders": {
        "Content-Length": "0",
        "Date": "Mon, 04 Dec 2023 20:34:26 GMT",
        "ETag": "\u00220x8DBF50868B23AFE\u0022",
        "Last-Modified": "Mon, 04 Dec 2023 20:34:26 GMT",
        "Server": [
          "Windows-Azure-HDFS/1.0",
          "Microsoft-HTTPAPI/2.0"
        ],
        "x-ms-client-request-id": "58bf0429-85e8-43fd-87bc-2ccf56d8b41f",
        "x-ms-request-id": "cf29f953-a01f-0087-5ff1-269ee9000000",
        "x-ms-request-server-encrypted": "true",
        "x-ms-version": "2024-02-04"
      },
      "ResponseBody": null
    },
    {
      "RequestUri": "https://REDACTED/7cf9105f1restorepathspecialcharactersb9387334e3af3c3a4/filedirectory",
      "RequestMethod": "DELETE",
      "RequestHeaders": {
        "Accept": "application/json",
        "Authorization": "Sanitized",
        "Content-Length": "0",
        "Date": "Mon, 04 Dec 2023 20:34:26 GMT",
        "User-Agent": "azsdk-java-azure-storage-file-datalake/12.19.0-beta.1 (17.0.8; Windows 11; 10.0)",
        "x-ms-client-request-id": "809e988d-2b26-4921-9bc2-a50f04d7c297",
        "x-ms-version": "2024-02-04"
      },
      "RequestBody": null,
      "StatusCode": 200,
      "ResponseHeaders": {
        "Content-Length": "0",
        "Date": "Mon, 04 Dec 2023 20:34:26 GMT",
        "Server": [
          "Windows-Azure-HDFS/1.0",
          "Microsoft-HTTPAPI/2.0"
        ],
        "x-ms-client-request-id": "809e988d-2b26-4921-9bc2-a50f04d7c297",
        "x-ms-delete-type-permanent": "false",
        "x-ms-deletion-id": "133461956669019374",
        "x-ms-request-id": "cf29f954-a01f-0087-60f1-269ee9000000",
        "x-ms-version": "2024-02-04"
      },
      "ResponseBody": null
    },
    {
      "RequestUri": "https://REDACTED/7cf9105f1restorepathspecialcharactersb9387334e3af3c3a4?restype=container\u0026comp=list\u0026showonly=deleted",
      "RequestMethod": "GET",
      "RequestHeaders": {
        "Accept": "application/xml",
        "Authorization": "Sanitized",
        "Content-Length": "0",
        "Date": "Mon, 04 Dec 2023 20:34:26 GMT",
        "User-Agent": "azsdk-java-azure-storage-file-datalake/12.19.0-beta.1 (17.0.8; Windows 11; 10.0)",
        "x-ms-client-request-id": "16b3fcf7-7fde-4735-8d20-df60fa897770",
        "x-ms-version": "2024-02-04"
      },
      "RequestBody": null,
      "StatusCode": 200,
      "ResponseHeaders": {
        "Content-Type": "application/xml",
        "Date": "Mon, 04 Dec 2023 20:34:26 GMT",
        "Server": [
          "Windows-Azure-Blob/1.0",
          "Microsoft-HTTPAPI/2.0"
        ],
        "Transfer-Encoding": "chunked",
        "x-ms-client-request-id": "16b3fcf7-7fde-4735-8d20-df60fa897770",
        "x-ms-request-id": "fe331fc8-d01e-00ef-7cf1-26f879000000",
        "x-ms-version": "2024-02-04"
      },
      "ResponseBody": "\uFEFF\u003C?xml version=\u00221.0\u0022 encoding=\u0022utf-8\u0022?\u003E\u003CEnumerationResults ServiceEndpoint=\u0022https://ibrandesstoragelake.blob.core.windows.net/\u0022 ContainerName=\u00227cf9105f1restorepathspecialcharactersb9387334e3af3c3a4\u0022\u003E\u003CBlobs\u003E\u003CBlob\u003E\u003CName\u003Edirdirectory\u003C/Name\u003E\u003CDeletionId\u003E133461956666311711\u003C/DeletionId\u003E\u003CDeleted\u003Etrue\u003C/Deleted\u003E\u003CProperties\u003E\u003CCreation-Time\u003EMon, 04 Dec 2023 20:34:26 GMT\u003C/Creation-Time\u003E\u003CLast-Modified\u003EMon, 04 Dec 2023 20:34:26 GMT\u003C/Last-Modified\u003E\u003CExpiry-Time\u003EWed, 06 Dec 2023 20:34:26 GMT\u003C/Expiry-Time\u003E\u003CEtag\u003E0x8DBF50868872829\u003C/Etag\u003E\u003CResourceType\u003Edirectory\u003C/ResourceType\u003E\u003CContent-Length\u003E0\u003C/Content-Length\u003E\u003CContent-Type\u003Eapplication/octet-stream\u003C/Content-Type\u003E\u003CContent-Encoding /\u003E\u003CContent-Language /\u003E\u003CContent-CRC64\u003EAAAAAAAAAAA=\u003C/Content-CRC64\u003E\u003CContent-MD5 /\u003E\u003CCache-Control /\u003E\u003CContent-Disposition /\u003E\u003CBlobType\u003EBlockBlob\u003C/BlobType\u003E\u003CAccessTier\u003EHot\u003C/AccessTier\u003E\u003CAccessTierInferred\u003Etrue\u003C/AccessTierInferred\u003E\u003CServerEncrypted\u003Etrue\u003C/ServerEncrypted\u003E\u003CDeletedTime\u003EMon, 04 Dec 2023 20:34:26 GMT\u003C/DeletedTime\u003E\u003CRemainingRetentionDays\u003E1\u003C/RemainingRetentionDays\u003E\u003C/Properties\u003E\u003COrMetadata /\u003E\u003C/Blob\u003E\u003CBlob\u003E\u003CName\u003Efiledirectory\u003C/Name\u003E\u003CDeletionId\u003E133461956669019374\u003C/DeletionId\u003E\u003CDeleted\u003Etrue\u003C/Deleted\u003E\u003CProperties\u003E\u003CCreation-Time\u003EMon, 04 Dec 2023 20:34:26 GMT\u003C/Creation-Time\u003E\u003CLast-Modified\u003EMon, 04 Dec 2023 20:34:26 GMT\u003C/Last-Modified\u003E\u003CExpiry-Time\u003EWed, 06 Dec 2023 20:34:26 GMT\u003C/Expiry-Time\u003E\u003CEtag\u003E0x8DBF50868B23AFE\u003C/Etag\u003E\u003CResourceType\u003Efile\u003C/ResourceType\u003E\u003CContent-Length\u003E0\u003C/Content-Length\u003E\u003CContent-Type\u003Eapplication/octet-stream\u003C/Content-Type\u003E\u003CContent-Encoding /\u003E\u003CContent-Language /\u003E\u003CContent-CRC64\u003EAAAAAAAAAAA=\u003C/Content-CRC64\u003E\u003CContent-MD5 /\u003E\u003CCache-Control /\u003E\u003CContent-Disposition /\u003E\u003CBlobType\u003EBlockBlob\u003C/BlobType\u003E\u003CAccessTier\u003EHot\u003C/AccessTier\u003E\u003CAccessTierInferred\u003Etrue\u003C/AccessTierInferred\u003E\u003CServerEncrypted\u003Etrue\u003C/ServerEncrypted\u003E\u003CDeletedTime\u003EMon, 04 Dec 2023 20:34:26 GMT\u003C/DeletedTime\u003E\u003CRemainingRetentionDays\u003E1\u003C/RemainingRetentionDays\u003E\u003C/Properties\u003E\u003COrMetadata /\u003E\u003C/Blob\u003E\u003C/Blobs\u003E\u003CNextMarker /\u003E\u003C/EnumerationResults\u003E"
    },
    {
      "RequestUri": "https://REDACTED/7cf9105f1restorepathspecialcharactersb9387334e3af3c3a4/dirdirectory?comp=undelete",
      "RequestMethod": "PUT",
      "RequestHeaders": {
        "Accept": "application/json",
        "Authorization": "Sanitized",
        "Content-Length": "0",
        "Date": "Mon, 04 Dec 2023 20:34:26 GMT",
        "User-Agent": "azsdk-java-azure-storage-file-datalake/12.19.0-beta.1 (17.0.8; Windows 11; 10.0)",
        "x-ms-client-request-id": "fa40bd2f-9917-48b5-9cfe-0a562abd8f4b",
        "x-ms-undelete-source": "?deletionid=133461956666311711",
        "x-ms-version": "2024-02-04"
      },
      "RequestBody": null,
      "StatusCode": 200,
      "ResponseHeaders": {
        "Content-Length": "0",
        "Date": "Mon, 04 Dec 2023 20:34:26 GMT",
        "Server": [
          "Windows-Azure-Blob/1.0",
          "Microsoft-HTTPAPI/2.0"
        ],
        "x-ms-client-request-id": "fa40bd2f-9917-48b5-9cfe-0a562abd8f4b",
        "x-ms-creation-time": "Mon, 04 Dec 2023 20:34:26 GMT",
        "x-ms-request-id": "fe331ff3-d01e-00ef-22f1-26f879000000",
        "x-ms-resource-type": "directory",
        "x-ms-version": "2024-02-04"
      },
      "ResponseBody": null
    },
    {
      "RequestUri": "https://REDACTED/7cf9105f1restorepathspecialcharactersb9387334e3af3c3a4/dirdirectory",
      "RequestMethod": "HEAD",
      "RequestHeaders": {
        "Accept": "application/xml",
        "Authorization": "Sanitized",
        "Content-Length": "0",
        "Date": "Mon, 04 Dec 2023 20:34:26 GMT",
        "User-Agent": "azsdk-java-azure-storage-blob/12.26.0-beta.1 azsdk-java-azure-storage-file-datalake/12.19.0-beta.1 (17.0.8; Windows 11; 10.0)",
        "x-ms-client-request-id": "7cef2235-988a-401b-854c-46c703943214",
        "x-ms-version": "2024-02-04"
      },
      "RequestBody": null,
      "StatusCode": 200,
      "ResponseHeaders": {
        "Accept-Ranges": "bytes",
        "Content-Length": "0",
        "Content-Type": "application/octet-stream",
        "Date": "Mon, 04 Dec 2023 20:34:26 GMT",
        "ETag": "\u00220x8DBF50868872829\u0022",
        "Last-Modified": "Mon, 04 Dec 2023 20:34:26 GMT",
        "Server": [
          "Windows-Azure-Blob/1.0",
          "Microsoft-HTTPAPI/2.0"
        ],
        "x-ms-access-tier": "Hot",
        "x-ms-access-tier-inferred": "true",
        "x-ms-blob-type": "BlockBlob",
        "x-ms-client-request-id": "7cef2235-988a-401b-854c-46c703943214",
        "x-ms-creation-time": "Mon, 04 Dec 2023 20:34:26 GMT",
        "x-ms-group": "$superuser",
        "x-ms-lease-state": "available",
        "x-ms-lease-status": "unlocked",
        "x-ms-meta-hdi_isfolder": "true",
        "x-ms-owner": "$superuser",
        "x-ms-permissions": "rwxr-x---",
        "x-ms-request-id": "fe332033-d01e-00ef-5df1-26f879000000",
        "x-ms-resource-type": "directory",
        "x-ms-server-encrypted": "true",
        "x-ms-version": "2024-02-04"
      },
      "ResponseBody": null
    },
    {
      "RequestUri": "https://REDACTED/7cf9105f1restorepathspecialcharactersb9387334e3af3c3a4/filedirectory?comp=undelete",
      "RequestMethod": "PUT",
      "RequestHeaders": {
        "Accept": "application/json",
        "Authorization": "Sanitized",
        "Content-Length": "0",
        "Date": "Mon, 04 Dec 2023 20:34:26 GMT",
        "User-Agent": "azsdk-java-azure-storage-file-datalake/12.19.0-beta.1 (17.0.8; Windows 11; 10.0)",
        "x-ms-client-request-id": "41c49559-59cf-4d7b-b5e2-e7e8102e7908",
        "x-ms-undelete-source": "?deletionid=133461956669019374",
        "x-ms-version": "2024-02-04"
      },
      "RequestBody": null,
      "StatusCode": 200,
      "ResponseHeaders": {
        "Content-Length": "0",
        "Date": "Mon, 04 Dec 2023 20:34:27 GMT",
        "Server": [
          "Windows-Azure-Blob/1.0",
          "Microsoft-HTTPAPI/2.0"
        ],
        "x-ms-client-request-id": "41c49559-59cf-4d7b-b5e2-e7e8102e7908",
        "x-ms-creation-time": "Mon, 04 Dec 2023 20:34:26 GMT",
        "x-ms-request-id": "fe33204c-d01e-00ef-75f1-26f879000000",
        "x-ms-resource-type": "file",
        "x-ms-version": "2024-02-04"
      },
      "ResponseBody": null
    },
    {
      "RequestUri": "https://REDACTED/7cf9105f1restorepathspecialcharactersb9387334e3af3c3a4/filedirectory",
      "RequestMethod": "HEAD",
      "RequestHeaders": {
        "Accept": "application/xml",
        "Authorization": "Sanitized",
        "Content-Length": "0",
        "Date": "Mon, 04 Dec 2023 20:34:26 GMT",
        "User-Agent": "azsdk-java-azure-storage-blob/12.26.0-beta.1 azsdk-java-azure-storage-file-datalake/12.19.0-beta.1 (17.0.8; Windows 11; 10.0)",
        "x-ms-client-request-id": "83957281-d535-4037-9854-af74fd9e748b",
        "x-ms-version": "2024-02-04"
      },
      "RequestBody": null,
      "StatusCode": 200,
      "ResponseHeaders": {
        "Accept-Ranges": "bytes",
        "Content-Length": "0",
        "Content-Type": "application/octet-stream",
        "Date": "Mon, 04 Dec 2023 20:34:27 GMT",
        "ETag": "\u00220x8DBF50868B23AFE\u0022",
        "Last-Modified": "Mon, 04 Dec 2023 20:34:26 GMT",
        "Server": [
          "Windows-Azure-Blob/1.0",
          "Microsoft-HTTPAPI/2.0"
        ],
        "x-ms-access-tier": "Hot",
        "x-ms-access-tier-inferred": "true",
        "x-ms-blob-type": "BlockBlob",
        "x-ms-client-request-id": "83957281-d535-4037-9854-af74fd9e748b",
        "x-ms-creation-time": "Mon, 04 Dec 2023 20:34:26 GMT",
        "x-ms-group": "$superuser",
        "x-ms-lease-state": "available",
        "x-ms-lease-status": "unlocked",
        "x-ms-owner": "$superuser",
        "x-ms-permissions": "rw-r-----",
        "x-ms-request-id": "fe332079-d01e-00ef-1ef1-26f879000000",
        "x-ms-resource-type": "file",
        "x-ms-server-encrypted": "true",
        "x-ms-version": "2024-02-04"
      },
      "ResponseBody": null
    },
    {
      "RequestUri": "https://REDACTED/7cf9105f1restorepathspecialcharactersb9387334e3af3c3a4?restype=container",
      "RequestMethod": "DELETE",
      "RequestHeaders": {
        "Accept": "application/xml",
        "Authorization": "Sanitized",
        "Content-Length": "0",
        "Date": "Mon, 04 Dec 2023 20:34:26 GMT",
        "User-Agent": "azsdk-java-azure-storage-blob/12.26.0-beta.1 azsdk-java-azure-storage-file-datalake/12.19.0-beta.1 (17.0.8; Windows 11; 10.0)",
        "x-ms-client-request-id": "633fb61b-8fdc-4863-9c43-4a41d896b2b8",
        "x-ms-version": "2024-02-04"
      },
      "RequestBody": null,
      "StatusCode": 202,
      "ResponseHeaders": {
        "Content-Length": "0",
        "Date": "Mon, 04 Dec 2023 20:34:27 GMT",
        "Server": [
          "Windows-Azure-Blob/1.0",
          "Microsoft-HTTPAPI/2.0"
        ],
        "x-ms-client-request-id": "633fb61b-8fdc-4863-9c43-4a41d896b2b8",
        "x-ms-request-id": "fe332089-d01e-00ef-2df1-26f879000000",
        "x-ms-version": "2024-02-04"
      },
      "ResponseBody": null
    }
  ],
  "Variables": {
    "0": "7cf9105f0restorepathspecialcharactersb934862122a5c9d7a",
    "1": "7cf9105f1restorepathspecialcharactersb9387334e3af3c3a4"
  }
}
