{
  "Entries": [
    {
      "RequestUri": "https://myappconfig.azconfig.io/kv/listConfigSetting2A24733?api-version=2022-11-01-preview\u0026label=listConfigSettingsLabel24512",
      "RequestMethod": "PUT",
      "RequestHeaders": {
        "Accept": "application/vnd.microsoft.appconfig.kv\u002Bjson, application/problem\u002Bjson",
        "Accept-Encoding": "gzip,deflate",
        "Authorization": "Sanitized",
        "Connection": "keep-alive",
        "Content-Length": "136",
        "Content-Type": "application/vnd.microsoft.appconfig.kv\u002Bjson",
        "If-None-Match": "*",
        "User-Agent": "azsdk-js-app-configuration/1.4.1 core-rest-pipeline/1.10.4 Node/v16.17.0 OS/(x64-Windows_NT-10.0.22621)",
        "x-ms-client-request-id": "3a9ced17-79f7-4918-96ef-27bb53340250",
        "x-ms-content-sha256": "vngmWS7Eug9/CZLacEZZ4zPfmCJl4txPy/KmHjub3ME=",
        "x-ms-date": "Fri, 19 May 2023 17:46:35 GMT"
      },
      "RequestBody": {
        "key": "listConfigSetting2A24733",
        "label": "listConfigSettingsLabel24512",
        "content_type": "a content type",
        "value": "[A] production value"
      },
      "StatusCode": 200,
      "ResponseHeaders": {
        "Access-Control-Allow-Credentials": "true",
        "Access-Control-Allow-Origin": "*",
        "Access-Control-Expose-Headers": "DNT, X-CustomHeader, Keep-Alive, User-Agent, X-Requested-With, If-Modified-Since, Cache-Control, Content-Type, Authorization, x-ms-client-request-id, x-ms-useragent, x-ms-content-sha256, x-ms-date, host, Accept, Accept-Datetime, Date, If-Match, If-None-Match, Sync-Token, x-ms-return-client-request-id, ETag, Last-Modified, Link, Memento-Datetime, retry-after-ms, x-ms-request-id, x-ms-client-session-id, x-ms-effective-locale, WWW-Authenticate, traceparent, tracestate, Operation-Location, Retry-After",
        "Connection": "keep-alive",
        "Content-Type": "application/vnd.microsoft.appconfig.kv\u002Bjson; charset=utf-8",
        "Date": "Fri, 19 May 2023 17:46:35 GMT",
        "ETag": "\u0022P6ZbdaqAnWDDg2TRCqDYu3yv8WICWdJSwqVGAIkGMPg\u0022",
        "Last-Modified": "Fri, 19 May 2023 17:46:35 GMT",
        "Server": "openresty/1.21.4.1",
        "Strict-Transport-Security": "max-age=15724800; includeSubDomains",
        "Sync-Token": "zAJw6V16=Mjc6NSM1Mjg5MzE4;sn=5289318",
        "Transfer-Encoding": "chunked",
        "x-ms-correlation-request-id": "c8d20293-c395-4398-bd32-15abe52ca110",
        "x-ms-request-id": "c8d20293-c395-4398-bd32-15abe52ca110"
      },
      "ResponseBody": {
        "etag": "P6ZbdaqAnWDDg2TRCqDYu3yv8WICWdJSwqVGAIkGMPg",
        "key": "listConfigSetting2A24733",
        "label": "listConfigSettingsLabel24512",
        "content_type": "a content type",
        "value": "[A] production value",
        "tags": {},
        "locked": false,
        "last_modified": "2023-05-19T17:46:35\u002B00:00"
      }
    },
    {
      "RequestUri": "https://myappconfig.azconfig.io/locks/listConfigSetting2A24733?api-version=2022-11-01-preview\u0026label=listConfigSettingsLabel24512",
      "RequestMethod": "PUT",
      "RequestHeaders": {
        "Accept": "application/vnd.microsoft.appconfig.kv\u002Bjson, application/problem\u002Bjson",
        "Accept-Encoding": "gzip,deflate",
        "Authorization": "Sanitized",
        "Connection": "keep-alive",
        "Content-Length": "0",
        "sync-token": "zAJw6V16=Mjc6NSM1Mjg5MzE4",
        "User-Agent": "azsdk-js-app-configuration/1.4.1 core-rest-pipeline/1.10.4 Node/v16.17.0 OS/(x64-Windows_NT-10.0.22621)",
        "x-ms-client-request-id": "7795e54d-401f-46a6-9de5-4516526a1e1b",
        "x-ms-content-sha256": "47DEQpj8HBSa\u002B/TImW\u002B5JCeuQeRkm5NMpJWZG3hSuFU=",
        "x-ms-date": "Fri, 19 May 2023 17:46:35 GMT"
      },
      "RequestBody": null,
      "StatusCode": 200,
      "ResponseHeaders": {
        "Access-Control-Allow-Credentials": "true",
        "Access-Control-Allow-Origin": "*",
        "Access-Control-Expose-Headers": "DNT, X-CustomHeader, Keep-Alive, User-Agent, X-Requested-With, If-Modified-Since, Cache-Control, Content-Type, Authorization, x-ms-client-request-id, x-ms-useragent, x-ms-content-sha256, x-ms-date, host, Accept, Accept-Datetime, Date, If-Match, If-None-Match, Sync-Token, x-ms-return-client-request-id, ETag, Last-Modified, Link, Memento-Datetime, retry-after-ms, x-ms-request-id, x-ms-client-session-id, x-ms-effective-locale, WWW-Authenticate, traceparent, tracestate, Operation-Location, Retry-After",
        "Connection": "keep-alive",
        "Content-Type": "application/vnd.microsoft.appconfig.kv\u002Bjson; charset=utf-8",
        "Date": "Fri, 19 May 2023 17:46:35 GMT",
        "ETag": "\u0022wFB6V3pKoA5eDLYfbS--Q_t05LQLFV-CnsKQ-wWFnfs\u0022",
        "Last-Modified": "Fri, 19 May 2023 17:46:35 GMT",
        "Server": "openresty/1.21.4.1",
        "Strict-Transport-Security": "max-age=15724800; includeSubDomains",
        "Sync-Token": "zAJw6V16=Mjc6NSM1Mjg5MzE5;sn=5289319",
        "Transfer-Encoding": "chunked",
        "x-ms-correlation-request-id": "dbe4274c-084d-4138-a31a-dae53985b097",
        "x-ms-request-id": "dbe4274c-084d-4138-a31a-dae53985b097"
      },
      "ResponseBody": {
        "etag": "wFB6V3pKoA5eDLYfbS--Q_t05LQLFV-CnsKQ-wWFnfs",
        "key": "listConfigSetting2A24733",
        "label": "listConfigSettingsLabel24512",
        "content_type": "a content type",
        "value": "[A] production value",
        "tags": {},
        "locked": true,
        "last_modified": "2023-05-19T17:46:35\u002B00:00"
      }
    },
    {
      "RequestUri": "https://myappconfig.azconfig.io/kv/listConfigSetting2A24733?api-version=2022-11-01-preview",
      "RequestMethod": "PUT",
      "RequestHeaders": {
        "Accept": "application/vnd.microsoft.appconfig.kv\u002Bjson, application/problem\u002Bjson",
        "Accept-Encoding": "gzip,deflate",
        "Authorization": "Sanitized",
        "Connection": "keep-alive",
        "Content-Length": "54",
        "Content-Type": "application/vnd.microsoft.appconfig.kv\u002Bjson",
        "If-None-Match": "*",
        "sync-token": "zAJw6V16=Mjc6NSM1Mjg5MzE5",
        "User-Agent": "azsdk-js-app-configuration/1.4.1 core-rest-pipeline/1.10.4 Node/v16.17.0 OS/(x64-Windows_NT-10.0.22621)",
        "x-ms-client-request-id": "4dc80065-533e-43a7-b63c-ef3e7fc94c8d",
        "x-ms-content-sha256": "jJQxudrq436UFPGv6DnhLkkDKdyZXYCgMwqVH\u002Bq68zI=",
        "x-ms-date": "Fri, 19 May 2023 17:46:35 GMT"
      },
      "RequestBody": {
        "key": "listConfigSetting2A24733",
        "value": "[A] value"
      },
      "StatusCode": 200,
      "ResponseHeaders": {
        "Access-Control-Allow-Credentials": "true",
        "Access-Control-Allow-Origin": "*",
        "Access-Control-Expose-Headers": "DNT, X-CustomHeader, Keep-Alive, User-Agent, X-Requested-With, If-Modified-Since, Cache-Control, Content-Type, Authorization, x-ms-client-request-id, x-ms-useragent, x-ms-content-sha256, x-ms-date, host, Accept, Accept-Datetime, Date, If-Match, If-None-Match, Sync-Token, x-ms-return-client-request-id, ETag, Last-Modified, Link, Memento-Datetime, retry-after-ms, x-ms-request-id, x-ms-client-session-id, x-ms-effective-locale, WWW-Authenticate, traceparent, tracestate, Operation-Location, Retry-After",
        "Connection": "keep-alive",
        "Content-Type": "application/vnd.microsoft.appconfig.kv\u002Bjson; charset=utf-8",
        "Date": "Fri, 19 May 2023 17:46:35 GMT",
        "ETag": "\u0022RhQ4C-Wzrye1MmT0tAuatrSaiA-4qAyB90uPZAhJGtI\u0022",
        "Last-Modified": "Fri, 19 May 2023 17:46:35 GMT",
        "Server": "openresty/1.21.4.1",
        "Strict-Transport-Security": "max-age=15724800; includeSubDomains",
        "Sync-Token": "zAJw6V16=Mjc6NSM1Mjg5MzIx;sn=5289321",
        "Transfer-Encoding": "chunked",
        "x-ms-correlation-request-id": "936a19ac-7b29-4ece-b8eb-ceefd66133e1",
        "x-ms-request-id": "936a19ac-7b29-4ece-b8eb-ceefd66133e1"
      },
      "ResponseBody": {
        "etag": "RhQ4C-Wzrye1MmT0tAuatrSaiA-4qAyB90uPZAhJGtI",
        "key": "listConfigSetting2A24733",
        "label": null,
        "content_type": null,
        "value": "[A] value",
        "tags": {},
        "locked": false,
        "last_modified": "2023-05-19T17:46:35\u002B00:00"
      }
    },
    {
      "RequestUri": "https://myappconfig.azconfig.io/kv/listConfigSetting2B68694?api-version=2022-11-01-preview\u0026label=listConfigSettingsLabel24512",
      "RequestMethod": "PUT",
      "RequestHeaders": {
        "Accept": "application/vnd.microsoft.appconfig.kv\u002Bjson, application/problem\u002Bjson",
        "Accept-Encoding": "gzip,deflate",
        "Authorization": "Sanitized",
        "Connection": "keep-alive",
        "Content-Length": "104",
        "Content-Type": "application/vnd.microsoft.appconfig.kv\u002Bjson",
        "If-None-Match": "*",
        "sync-token": "zAJw6V16=Mjc6NSM1Mjg5MzIx",
        "User-Agent": "azsdk-js-app-configuration/1.4.1 core-rest-pipeline/1.10.4 Node/v16.17.0 OS/(x64-Windows_NT-10.0.22621)",
        "x-ms-client-request-id": "f84ed679-3e76-44ac-9883-faef59da9389",
        "x-ms-content-sha256": "CAw/4NnMW8OrVEQAyAoD7\u002BBuu5v2gFycI6i1o0rHQbg=",
        "x-ms-date": "Fri, 19 May 2023 17:46:35 GMT"
      },
      "RequestBody": {
        "key": "listConfigSetting2B68694",
        "label": "listConfigSettingsLabel24512",
        "value": "[B] production value"
      },
      "StatusCode": 200,
      "ResponseHeaders": {
        "Access-Control-Allow-Credentials": "true",
        "Access-Control-Allow-Origin": "*",
        "Access-Control-Expose-Headers": "DNT, X-CustomHeader, Keep-Alive, User-Agent, X-Requested-With, If-Modified-Since, Cache-Control, Content-Type, Authorization, x-ms-client-request-id, x-ms-useragent, x-ms-content-sha256, x-ms-date, host, Accept, Accept-Datetime, Date, If-Match, If-None-Match, Sync-Token, x-ms-return-client-request-id, ETag, Last-Modified, Link, Memento-Datetime, retry-after-ms, x-ms-request-id, x-ms-client-session-id, x-ms-effective-locale, WWW-Authenticate, traceparent, tracestate, Operation-Location, Retry-After",
        "Connection": "keep-alive",
        "Content-Type": "application/vnd.microsoft.appconfig.kv\u002Bjson; charset=utf-8",
        "Date": "Fri, 19 May 2023 17:46:36 GMT",
        "ETag": "\u0022H6lboWXYlzPXp__lG5lGeFga9dBaGrwV_W7jgv2fNQw\u0022",
        "Last-Modified": "Fri, 19 May 2023 17:46:36 GMT",
        "Server": "openresty/1.21.4.1",
        "Strict-Transport-Security": "max-age=15724800; includeSubDomains",
        "Sync-Token": "zAJw6V16=Mjc6NSM1Mjg5MzIy;sn=5289322",
        "Transfer-Encoding": "chunked",
        "x-ms-correlation-request-id": "00aefe08-7fa1-43cd-8340-a8744c89b112",
        "x-ms-request-id": "00aefe08-7fa1-43cd-8340-a8744c89b112"
      },
      "ResponseBody": {
        "etag": "H6lboWXYlzPXp__lG5lGeFga9dBaGrwV_W7jgv2fNQw",
        "key": "listConfigSetting2B68694",
        "label": "listConfigSettingsLabel24512",
        "content_type": null,
        "value": "[B] production value",
        "tags": {},
        "locked": false,
        "last_modified": "2023-05-19T17:46:36\u002B00:00"
      }
    },
    {
      "RequestUri": "https://myappconfig.azconfig.io/kv/listConfigSetting2B68694?api-version=2022-11-01-preview",
      "RequestMethod": "PUT",
      "RequestHeaders": {
        "Accept": "application/vnd.microsoft.appconfig.kv\u002Bjson, application/problem\u002Bjson",
        "Accept-Encoding": "gzip,deflate",
        "Authorization": "Sanitized",
        "Connection": "keep-alive",
        "Content-Length": "54",
        "Content-Type": "application/vnd.microsoft.appconfig.kv\u002Bjson",
        "If-None-Match": "*",
        "sync-token": "zAJw6V16=Mjc6NSM1Mjg5MzIy",
        "User-Agent": "azsdk-js-app-configuration/1.4.1 core-rest-pipeline/1.10.4 Node/v16.17.0 OS/(x64-Windows_NT-10.0.22621)",
        "x-ms-client-request-id": "3504fbe9-89c5-43b4-b126-c6f746909cfa",
        "x-ms-content-sha256": "FO3Sgl6pAtQmKLRrKu0e/PdkSlId8UCMwUtM9/ksw5c=",
        "x-ms-date": "Fri, 19 May 2023 17:46:36 GMT"
      },
      "RequestBody": {
        "key": "listConfigSetting2B68694",
        "value": "[B] value"
      },
      "StatusCode": 200,
      "ResponseHeaders": {
        "Access-Control-Allow-Credentials": "true",
        "Access-Control-Allow-Origin": "*",
        "Access-Control-Expose-Headers": "DNT, X-CustomHeader, Keep-Alive, User-Agent, X-Requested-With, If-Modified-Since, Cache-Control, Content-Type, Authorization, x-ms-client-request-id, x-ms-useragent, x-ms-content-sha256, x-ms-date, host, Accept, Accept-Datetime, Date, If-Match, If-None-Match, Sync-Token, x-ms-return-client-request-id, ETag, Last-Modified, Link, Memento-Datetime, retry-after-ms, x-ms-request-id, x-ms-client-session-id, x-ms-effective-locale, WWW-Authenticate, traceparent, tracestate, Operation-Location, Retry-After",
        "Connection": "keep-alive",
        "Content-Type": "application/vnd.microsoft.appconfig.kv\u002Bjson; charset=utf-8",
        "Date": "Fri, 19 May 2023 17:46:36 GMT",
        "ETag": "\u0022xfwHT80FvCqFK2R_bfb9Ssh_8loMk_hqpXsA-jPm8L0\u0022",
        "Last-Modified": "Fri, 19 May 2023 17:46:36 GMT",
        "Server": "openresty/1.21.4.1",
        "Strict-Transport-Security": "max-age=15724800; includeSubDomains",
        "Sync-Token": "zAJw6V16=Mjc6NSM1Mjg5MzIz;sn=5289323",
        "Transfer-Encoding": "chunked",
        "x-ms-correlation-request-id": "79b4ba7b-a3b4-4db4-8b92-8cb80e3a6380",
        "x-ms-request-id": "79b4ba7b-a3b4-4db4-8b92-8cb80e3a6380"
      },
      "ResponseBody": {
        "etag": "xfwHT80FvCqFK2R_bfb9Ssh_8loMk_hqpXsA-jPm8L0",
        "key": "listConfigSetting2B68694",
        "label": null,
        "content_type": null,
        "value": "[B] value",
        "tags": {},
        "locked": false,
        "last_modified": "2023-05-19T17:46:36\u002B00:00"
      }
    },
    {
      "RequestUri": "https://myappconfig.azconfig.io/kv?api-version=2022-11-01-preview\u0026label=listConfigSettingsLabel2451*",
      "RequestMethod": "GET",
      "RequestHeaders": {
        "Accept": "application/vnd.microsoft.appconfig.kvset\u002Bjson, application/problem\u002Bjson",
        "Accept-Encoding": "gzip,deflate",
        "Authorization": "Sanitized",
        "Connection": "keep-alive",
        "sync-token": "zAJw6V16=Mjc6NSM1Mjg5MzIz",
        "User-Agent": "azsdk-js-app-configuration/1.4.1 core-rest-pipeline/1.10.4 Node/v16.17.0 OS/(x64-Windows_NT-10.0.22621)",
        "x-ms-client-request-id": "1f377f58-b6f9-4511-94fe-033709202e7b",
        "x-ms-content-sha256": "47DEQpj8HBSa\u002B/TImW\u002B5JCeuQeRkm5NMpJWZG3hSuFU=",
        "x-ms-date": "Fri, 19 May 2023 17:46:36 GMT"
      },
      "RequestBody": null,
      "StatusCode": 200,
      "ResponseHeaders": {
        "Access-Control-Allow-Credentials": "true",
        "Access-Control-Allow-Origin": "*",
        "Access-Control-Expose-Headers": "DNT, X-CustomHeader, Keep-Alive, User-Agent, X-Requested-With, If-Modified-Since, Cache-Control, Content-Type, Authorization, x-ms-client-request-id, x-ms-useragent, x-ms-content-sha256, x-ms-date, host, Accept, Accept-Datetime, Date, If-Match, If-None-Match, Sync-Token, x-ms-return-client-request-id, ETag, Last-Modified, Link, Memento-Datetime, retry-after-ms, x-ms-request-id, x-ms-client-session-id, x-ms-effective-locale, WWW-Authenticate, traceparent, tracestate, Operation-Location, Retry-After",
        "Connection": "keep-alive",
        "Content-Type": "application/vnd.microsoft.appconfig.kvset\u002Bjson; charset=utf-8",
        "Date": "Fri, 19 May 2023 17:46:36 GMT",
        "Server": "openresty/1.21.4.1",
        "Strict-Transport-Security": "max-age=15724800; includeSubDomains",
        "Sync-Token": "zAJw6V16=Mjc6NSM1Mjg5MzIz;sn=5289323",
        "Transfer-Encoding": "chunked",
        "x-ms-correlation-request-id": "0cadcd57-fe05-414f-a8c7-b32fbd9691ea",
        "x-ms-request-id": "0cadcd57-fe05-414f-a8c7-b32fbd9691ea"
      },
      "ResponseBody": {
        "items": [
          {
            "etag": "wFB6V3pKoA5eDLYfbS--Q_t05LQLFV-CnsKQ-wWFnfs",
            "key": "listConfigSetting2A24733",
            "label": "listConfigSettingsLabel24512",
            "content_type": "a content type",
            "value": "[A] production value",
            "tags": {},
            "locked": true,
            "last_modified": "2023-05-19T17:46:35\u002B00:00"
          },
          {
            "etag": "H6lboWXYlzPXp__lG5lGeFga9dBaGrwV_W7jgv2fNQw",
            "key": "listConfigSetting2B68694",
            "label": "listConfigSettingsLabel24512",
            "content_type": null,
            "value": "[B] production value",
            "tags": {},
            "locked": false,
            "last_modified": "2023-05-19T17:46:36\u002B00:00"
          }
        ]
      }
    },
    {
      "RequestUri": "https://myappconfig.azconfig.io/kv?api-version=2022-11-01-preview\u0026label=listConfigSettingsLabel2451*",
      "RequestMethod": "GET",
      "RequestHeaders": {
        "Accept": "application/vnd.microsoft.appconfig.kvset\u002Bjson, application/problem\u002Bjson",
        "Accept-Encoding": "gzip,deflate",
        "Authorization": "Sanitized",
        "Connection": "keep-alive",
        "sync-token": "zAJw6V16=Mjc6NSM1Mjg5MzIz",
        "User-Agent": "azsdk-js-app-configuration/1.4.1 core-rest-pipeline/1.10.4 Node/v16.17.0 OS/(x64-Windows_NT-10.0.22621)",
        "x-ms-client-request-id": "61f19664-8b17-4e38-bc64-29b21bf3da61",
        "x-ms-content-sha256": "47DEQpj8HBSa\u002B/TImW\u002B5JCeuQeRkm5NMpJWZG3hSuFU=",
        "x-ms-date": "Fri, 19 May 2023 17:46:36 GMT"
      },
      "RequestBody": null,
      "StatusCode": 200,
      "ResponseHeaders": {
        "Access-Control-Allow-Credentials": "true",
        "Access-Control-Allow-Origin": "*",
        "Access-Control-Expose-Headers": "DNT, X-CustomHeader, Keep-Alive, User-Agent, X-Requested-With, If-Modified-Since, Cache-Control, Content-Type, Authorization, x-ms-client-request-id, x-ms-useragent, x-ms-content-sha256, x-ms-date, host, Accept, Accept-Datetime, Date, If-Match, If-None-Match, Sync-Token, x-ms-return-client-request-id, ETag, Last-Modified, Link, Memento-Datetime, retry-after-ms, x-ms-request-id, x-ms-client-session-id, x-ms-effective-locale, WWW-Authenticate, traceparent, tracestate, Operation-Location, Retry-After",
        "Connection": "keep-alive",
        "Content-Type": "application/vnd.microsoft.appconfig.kvset\u002Bjson; charset=utf-8",
        "Date": "Fri, 19 May 2023 17:46:36 GMT",
        "Server": "openresty/1.21.4.1",
        "Strict-Transport-Security": "max-age=15724800; includeSubDomains",
        "Sync-Token": "zAJw6V16=Mjc6NSM1Mjg5MzIz;sn=5289323",
        "Transfer-Encoding": "chunked",
        "x-ms-correlation-request-id": "ee564f6b-b830-47f4-80ba-15a611aba9a9",
        "x-ms-request-id": "ee564f6b-b830-47f4-80ba-15a611aba9a9"
      },
      "ResponseBody": {
        "items": [
          {
            "etag": "wFB6V3pKoA5eDLYfbS--Q_t05LQLFV-CnsKQ-wWFnfs",
            "key": "listConfigSetting2A24733",
            "label": "listConfigSettingsLabel24512",
            "content_type": "a content type",
            "value": "[A] production value",
            "tags": {},
            "locked": true,
            "last_modified": "2023-05-19T17:46:35\u002B00:00"
          },
          {
            "etag": "H6lboWXYlzPXp__lG5lGeFga9dBaGrwV_W7jgv2fNQw",
            "key": "listConfigSetting2B68694",
            "label": "listConfigSettingsLabel24512",
            "content_type": null,
            "value": "[B] production value",
            "tags": {},
            "locked": false,
            "last_modified": "2023-05-19T17:46:36\u002B00:00"
          }
        ]
      }
    }
  ],
  "Variables": {
    "listConfigSetting2A": "listConfigSetting2A24733",
    "listConfigSetting2B": "listConfigSetting2B68694",
    "listConfigSettingsLabel": "listConfigSettingsLabel24512"
  }
}
