{
  "Entries": [
    {
      "RequestUri": "https://Sanitized.managedhsm.azure.net/backup?api-version=7.6",
      "RequestMethod": "POST",
      "RequestHeaders": {
        "Accept": "application/json",
        "Accept-Encoding": "gzip",
        "Content-Length": "0",
        "User-Agent": "azsdk-go-azadmin/v1.4.0-beta.2 (go1.23.4; linux)"
      },
      "RequestBody": null,
      "StatusCode": 401,
      "ResponseHeaders": {
        "Cache-Control": "no-cache",
        "Content-Length": "0",
        "Content-Security-Policy": "default-src 'self'",
        "Content-Type": "application/json; charset=utf-8",
        "Strict-Transport-Security": "max-age=31536000; includeSubDomains",
        "WWW-Authenticate": "Bearer authorization=\"https://login.microsoftonline.com/70a036f6-8e4d-4615-bad6-149c02e7720d\", resource=\"https://managedhsm.azure.net\"",
        "X-Content-Type-Options": "nosniff",
        "X-Frame-Options": "SAMEORIGIN",
        "x-ms-request-id": "Sanitized",
        "x-ms-server-latency": "0"
      },
      "ResponseBody": null
    },
    {
      "RequestUri": "https://Sanitized.managedhsm.azure.net/backup?api-version=7.6",
      "RequestMethod": "POST",
      "RequestHeaders": {
        "Accept": "application/json",
        "Accept-Encoding": "gzip",
        "Authorization": "Sanitized",
        "Content-Length": "91",
        "Content-Type": "application/json",
        "User-Agent": "azsdk-go-azadmin/v1.4.0-beta.2 (go1.23.4; linux)"
      },
      "RequestBody": {
        "storageResourceUri": "https://Sanitized.blob.core.windows.net/backup",
        "token": "Sanitized"
      },
      "StatusCode": 202,
      "ResponseHeaders": {
        "api-supported-versions": "20180927, 20211111",
        "azure-asyncoperation": "https://Sanitized.managedhsm.azure.net/backup/18a763cb57d84acea7e3276142a265dc/pending",
        "Cache-Control": "no-cache",
        "Content-Length": "174",
        "Content-Security-Policy": "default-src 'self'",
        "Content-Type": "application/json; charset=utf-8",
        "Date": "Tue, 03 Jun 2025 22:37:27 GMT",
        "Retry-After": "10",
        "Server": "Kestrel",
        "Strict-Transport-Security": "max-age=31536000; includeSubDomains",
        "X-Content-Type-Options": "nosniff",
        "X-Frame-Options": "SAMEORIGIN",
        "x-ms-keyvault-network-info": "conn_type=Ipv4;addr=50.46.238.252;act_addr_fam=Ipv4;",
        "x-ms-keyvault-region": "uksouth",
        "x-ms-request-id": "Sanitized",
        "x-ms-server-latency": "269"
      },
      "ResponseBody": {
        "status": "InProgress",
        "statusDetails": null,
        "error": null,
        "startTime": 1748990248,
        "endTime": null,
        "jobId": "18a763cb57d84acea7e3276142a265dc",
        "azureStorageBlobContainerUri": null
      }
    },
    {
      "RequestUri": "https://Sanitized.managedhsm.azure.net/backup/18a763cb57d84acea7e3276142a265dc/pending",
      "RequestMethod": "GET",
      "RequestHeaders": {
        "Accept-Encoding": "gzip",
        "Authorization": "Sanitized",
        "User-Agent": "azsdk-go-azadmin/v1.4.0-beta.2 (go1.23.4; linux)"
      },
      "RequestBody": null,
      "StatusCode": 200,
      "ResponseHeaders": {
        "api-supported-versions": "20180927, 20211111",
        "Cache-Control": "no-cache",
        "Content-Length": "174",
        "Content-Security-Policy": "default-src 'self'",
        "Content-Type": "application/json; charset=utf-8",
        "Date": "Tue, 03 Jun 2025 22:37:28 GMT",
        "Server": "Kestrel",
        "Strict-Transport-Security": "max-age=31536000; includeSubDomains",
        "X-Content-Type-Options": "nosniff",
        "X-Frame-Options": "SAMEORIGIN",
        "x-ms-build-version": "1.0.20250507-1-41b99104-key-verify-fix",
        "x-ms-keyvault-network-info": "conn_type=Ipv4;addr=50.46.238.252;act_addr_fam=Ipv4;",
        "x-ms-keyvault-region": "uksouth",
        "x-ms-request-id": "Sanitized",
        "x-ms-server-latency": "67"
      },
      "ResponseBody": {
        "azureStorageBlobContainerUri": null,
        "endTime": null,
        "error": null,
        "jobId": "18a763cb57d84acea7e3276142a265dc",
        "startTime": 1748990248,
        "status": "InProgress",
        "statusDetails": null
      }
    },
    {
      "RequestUri": "https://Sanitized.managedhsm.azure.net/backup/18a763cb57d84acea7e3276142a265dc/pending",
      "RequestMethod": "GET",
      "RequestHeaders": {
        "Accept-Encoding": "gzip",
        "Authorization": "Sanitized",
        "User-Agent": "azsdk-go-azadmin/v1.4.0-beta.2 (go1.23.4; linux)"
      },
      "RequestBody": null,
      "StatusCode": 200,
      "ResponseHeaders": {
        "api-supported-versions": "20180927, 20211111",
        "Cache-Control": "no-cache",
        "Content-Length": "262",
        "Content-Security-Policy": "default-src 'self'",
        "Content-Type": "application/json; charset=utf-8",
        "Date": "Tue, 03 Jun 2025 22:37:59 GMT",
        "Server": "Kestrel",
        "Strict-Transport-Security": "max-age=31536000; includeSubDomains",
        "X-Content-Type-Options": "nosniff",
        "X-Frame-Options": "SAMEORIGIN",
        "x-ms-build-version": "1.0.20250507-1-41b99104-key-verify-fix",
        "x-ms-keyvault-network-info": "conn_type=Ipv4;addr=50.46.238.252;act_addr_fam=Ipv4;",
        "x-ms-keyvault-region": "uksouth",
        "x-ms-request-id": "Sanitized",
        "x-ms-server-latency": "75"
      },
      "ResponseBody": {
        "azureStorageBlobContainerUri": "https://Sanitized.blob.core.windows.net/backup/mhsm-gracewilcox30hsm-2025060322372854",
        "endTime": 1748990255,
        "error": null,
        "jobId": "18a763cb57d84acea7e3276142a265dc",
        "startTime": 1748990248,
        "status": "Succeeded",
        "statusDetails": null
      }
    },
    {
      "RequestUri": "https://Sanitized.managedhsm.azure.net/restore?api-version=7.6",
      "RequestMethod": "PUT",
      "RequestHeaders": {
        "Accept": "application/json",
        "Accept-Encoding": "gzip",
        "Authorization": "Sanitized",
        "Content-Length": "173",
        "Content-Type": "application/json",
        "User-Agent": "azsdk-go-azadmin/v1.4.0-beta.2 (go1.23.4; linux)"
      },
      "RequestBody": {
        "folderToRestore": "mhsm-gracewilcox30hsm-2025060322372854",
        "sasTokenParameters": {
          "storageResourceUri": "https://Sanitized.blob.core.windows.net/backup",
          "token": "Sanitized"
        }
      },
      "StatusCode": 202,
      "ResponseHeaders": {
        "api-supported-versions": "20180927, 20211111",
        "azure-asyncoperation": "https://Sanitized.managedhsm.azure.net/restore/0b416e17828c43119629fda2a9fd53d4/pending",
        "Cache-Control": "no-cache",
        "Content-Length": "138",
        "Content-Security-Policy": "default-src 'self'",
        "Content-Type": "application/json; charset=utf-8",
        "Date": "Tue, 03 Jun 2025 22:38:01 GMT",
        "Retry-After": "10",
        "Server": "Kestrel",
        "Strict-Transport-Security": "max-age=31536000; includeSubDomains",
        "X-Content-Type-Options": "nosniff",
        "X-Frame-Options": "SAMEORIGIN",
        "x-ms-keyvault-network-info": "conn_type=Ipv4;addr=50.46.238.252;act_addr_fam=Ipv4;",
        "x-ms-keyvault-region": "uksouth",
        "x-ms-request-id": "Sanitized",
        "x-ms-server-latency": "290"
      },
      "ResponseBody": {
        "endTime": null,
        "error": null,
        "jobId": "0b416e17828c43119629fda2a9fd53d4",
        "startTime": 1748990281,
        "status": "InProgress",
        "statusDetails": null
      }
    },
    {
      "RequestUri": "https://Sanitized.managedhsm.azure.net/restore/0b416e17828c43119629fda2a9fd53d4/pending",
      "RequestMethod": "GET",
      "RequestHeaders": {
        "Accept-Encoding": "gzip",
        "Authorization": "Sanitized",
        "User-Agent": "azsdk-go-azadmin/v1.4.0-beta.2 (go1.23.4; linux)"
      },
      "RequestBody": null,
      "StatusCode": 200,
      "ResponseHeaders": {
        "api-supported-versions": "20180927, 20211111",
        "Cache-Control": "no-cache",
        "Content-Length": "138",
        "Content-Security-Policy": "default-src 'self'",
        "Content-Type": "application/json; charset=utf-8",
        "Date": "Tue, 03 Jun 2025 22:38:00 GMT",
        "Server": "Kestrel",
        "Strict-Transport-Security": "max-age=31536000; includeSubDomains",
        "X-Content-Type-Options": "nosniff",
        "X-Frame-Options": "SAMEORIGIN",
        "x-ms-build-version": "1.0.20250507-1-41b99104-key-verify-fix",
        "x-ms-keyvault-network-info": "conn_type=Ipv4;addr=50.46.238.252;act_addr_fam=Ipv4;",
        "x-ms-keyvault-region": "uksouth",
        "x-ms-request-id": "Sanitized",
        "x-ms-server-latency": "66"
      },
      "ResponseBody": {
        "endTime": null,
        "error": null,
        "jobId": "0b416e17828c43119629fda2a9fd53d4",
        "startTime": 1748990281,
        "status": "InProgress",
        "statusDetails": null
      }
    },
    {
      "RequestUri": "https://Sanitized.managedhsm.azure.net/restore/0b416e17828c43119629fda2a9fd53d4/pending",
      "RequestMethod": "GET",
      "RequestHeaders": {
        "Accept-Encoding": "gzip",
        "Authorization": "Sanitized",
        "User-Agent": "azsdk-go-azadmin/v1.4.0-beta.2 (go1.23.4; linux)"
      },
      "RequestBody": null,
      "StatusCode": 200,
      "ResponseHeaders": {
        "api-supported-versions": "20180927, 20211111",
        "Cache-Control": "no-cache",
        "Content-Length": "143",
        "Content-Security-Policy": "default-src 'self'",
        "Content-Type": "application/json; charset=utf-8",
        "Date": "Tue, 03 Jun 2025 22:38:32 GMT",
        "Server": "Kestrel",
        "Strict-Transport-Security": "max-age=31536000; includeSubDomains",
        "X-Content-Type-Options": "nosniff",
        "X-Frame-Options": "SAMEORIGIN",
        "x-ms-build-version": "1.0.20250507-1-41b99104-key-verify-fix",
        "x-ms-keyvault-network-info": "conn_type=Ipv4;addr=50.46.238.252;act_addr_fam=Ipv4;",
        "x-ms-keyvault-region": "uksouth",
        "x-ms-request-id": "Sanitized",
        "x-ms-server-latency": "107"
      },
      "ResponseBody": {
        "endTime": 1748990286,
        "error": null,
        "jobId": "0b416e17828c43119629fda2a9fd53d4",
        "startTime": 1748990281,
        "status": "Succeeded",
        "statusDetails": null
      }
    }
  ],
  "Variables": {}
}
