{
  "Entries": [
    {
      "RequestUri": "https://camaiaor-localtests.cognitiveservices.azure.com/documentintelligence/documentModels:build?api-version=2024-07-31-preview",
      "RequestMethod": "POST",
      "RequestHeaders": {
        "Accept": "application/json",
        "Content-Length": "221",
        "Content-Type": "application/json",
        "Ocp-Apim-Subscription-Key": "Sanitized",
        "traceparent": "00-4b774ed621fb41e939f017735af6cc52-8da77c1861f61f06-00",
        "User-Agent": "azsdk-net-AI.DocumentIntelligence/1.0.0-alpha.20240806.1 (.NET 7.0.20; Microsoft Windows 10.0.22631)",
        "x-ms-client-request-id": "Sanitized",
        "x-ms-return-client-request-id": "true"
      },
      "RequestBody": {
        "modelId": "390153311",
        "description": "This model was generated by a .NET test.",
        "buildMode": "template",
        "azureBlobSource": {
          "containerUrl": "https://sanitized.blob.core.windows.net"
        },
        "tags": {
          "tag1": "value1",
          "tag2": "value2"
        }
      },
      "StatusCode": 202,
      "ResponseHeaders": {
        "apim-request-id": "c86fc224-dac4-46b8-93bd-9461b9e432ff",
        "Content-Length": "0",
        "Date": "Wed, 07 Aug 2024 19:32:09 GMT",
        "operation-location": "https://camaiaor-localtests.cognitiveservices.azure.com/documentintelligence/operations/31443308873_c86fc224-dac4-46b8-93bd-9461b9e432ff?api-version=2024-07-31-preview",
        "Strict-Transport-Security": "max-age=31536000; includeSubDomains; preload",
        "X-Content-Type-Options": "nosniff",
        "x-envoy-upstream-service-time": "3720",
        "x-ms-region": "East US"
      },
      "ResponseBody": null
    },
    {
      "RequestUri": "https://camaiaor-localtests.cognitiveservices.azure.com/documentintelligence/operations/31443308873_c86fc224-dac4-46b8-93bd-9461b9e432ff?api-version=2024-07-31-preview",
      "RequestMethod": "GET",
      "RequestHeaders": {
        "Ocp-Apim-Subscription-Key": "Sanitized",
        "traceparent": "00-4b774ed621fb41e939f017735af6cc52-3780825ae7f95ad3-00",
        "User-Agent": "azsdk-net-AI.DocumentIntelligence/1.0.0-alpha.20240806.1 (.NET 7.0.20; Microsoft Windows 10.0.22631)",
        "x-ms-client-request-id": "Sanitized",
        "x-ms-return-client-request-id": "true"
      },
      "RequestBody": null,
      "StatusCode": 200,
      "ResponseHeaders": {
        "apim-request-id": "7725c9d3-1a33-4e21-9200-459e08c309c6",
        "Content-Type": "application/json; charset=utf-8",
        "Date": "Wed, 07 Aug 2024 19:32:09 GMT",
        "Strict-Transport-Security": "max-age=31536000; includeSubDomains; preload",
        "Transfer-Encoding": "chunked",
        "X-Content-Type-Options": "nosniff",
        "x-envoy-upstream-service-time": "7",
        "x-ms-region": "East US"
      },
      "ResponseBody": {
        "operationId": "31443308873_c86fc224-dac4-46b8-93bd-9461b9e432ff",
        "kind": "documentModelBuild",
        "status": "running",
        "createdDateTime": "2024-08-07T19:32:06Z",
        "lastUpdatedDateTime": "2024-08-07T19:32:10Z",
        "resourceLocation": "https://camaiaor-localtests.cognitiveservices.azure.com/documentintelligence/documentModels/390153311?api-version=2024-07-31-preview",
        "tags": {
          "tag1": "value1",
          "tag2": "value2"
        },
        "apiVersion": "2024-07-31-preview"
      }
    },
    {
      "RequestUri": "https://camaiaor-localtests.cognitiveservices.azure.com/documentintelligence/operations/31443308873_c86fc224-dac4-46b8-93bd-9461b9e432ff?api-version=2024-07-31-preview",
      "RequestMethod": "GET",
      "RequestHeaders": {
        "Ocp-Apim-Subscription-Key": "Sanitized",
        "traceparent": "00-4b774ed621fb41e939f017735af6cc52-ad236df63effae71-00",
        "User-Agent": "azsdk-net-AI.DocumentIntelligence/1.0.0-alpha.20240806.1 (.NET 7.0.20; Microsoft Windows 10.0.22631)",
        "x-ms-client-request-id": "Sanitized",
        "x-ms-return-client-request-id": "true"
      },
      "RequestBody": null,
      "StatusCode": 200,
      "ResponseHeaders": {
        "apim-request-id": "6e93e0b4-0923-4dfb-a8c4-ed94286813aa",
        "Content-Type": "application/json; charset=utf-8",
        "Date": "Wed, 07 Aug 2024 19:32:10 GMT",
        "Strict-Transport-Security": "max-age=31536000; includeSubDomains; preload",
        "Transfer-Encoding": "chunked",
        "X-Content-Type-Options": "nosniff",
        "x-envoy-upstream-service-time": "7",
        "x-ms-region": "East US"
      },
      "ResponseBody": {
        "operationId": "31443308873_c86fc224-dac4-46b8-93bd-9461b9e432ff",
        "kind": "documentModelBuild",
        "status": "succeeded",
        "createdDateTime": "2024-08-07T19:32:06Z",
        "lastUpdatedDateTime": "2024-08-07T19:32:11Z",
        "resourceLocation": "https://camaiaor-localtests.cognitiveservices.azure.com/documentintelligence/documentModels/390153311?api-version=2024-07-31-preview",
        "percentCompleted": 100,
        "result": {
          "docTypes": {
            "390153311": {
              "fieldSchema": {
                "Merchant": {
                  "type": "string"
                },
                "PhoneNumber": {
                  "type": "string"
                },
                "Website": {
                  "type": "string"
                },
                "Email": {
                  "type": "string"
                },
                "PurchaseOrderNumber": {
                  "type": "string"
                },
                "DatedAs": {
                  "type": "string"
                },
                "VendorName": {
                  "type": "string"
                },
                "CompanyName": {
                  "type": "string"
                },
                "CompanyAddress": {
                  "type": "string"
                },
                "CompanyPhoneNumber": {
                  "type": "string"
                },
                "Subtotal": {
                  "type": "string"
                },
                "Tax": {
                  "type": "string"
                },
                "Total": {
                  "type": "string"
                },
                "Signature": {
                  "type": "string"
                },
                "Quantity": {
                  "type": "number"
                },
                "FullSignature": {
                  "type": "signature"
                }
              },
              "buildMode": "template",
              "fieldConfidence": {
                "CompanyAddress": 0.8,
                "CompanyName": 0.995,
                "CompanyPhoneNumber": 0.995,
                "DatedAs": 0.995,
                "Email": 0.8,
                "FullSignature": 0.6,
                "Merchant": 0.995,
                "PhoneNumber": 0.995,
                "PurchaseOrderNumber": 0.995,
                "Quantity": 0.995,
                "Signature": 0.995,
                "Subtotal": 0.995,
                "Tax": 0.995,
                "Total": 0.995,
                "VendorName": 0.995,
                "Website": 0.995
              }
            }
          },
          "modelId": "390153311",
          "createdDateTime": "2024-08-07T19:32:11Z",
          "expirationDateTime": "2026-08-07T19:32:11Z",
          "apiVersion": "2024-07-31-preview",
          "description": "This model was generated by a .NET test.",
          "tags": {
            "tag1": "value1",
            "tag2": "value2"
          }
        },
        "tags": {
          "tag1": "value1",
          "tag2": "value2"
        },
        "apiVersion": "2024-07-31-preview"
      }
    },
    {
      "RequestUri": "https://camaiaor-localtests.cognitiveservices.azure.com/documentintelligence/operations/31443308873_c86fc224-dac4-46b8-93bd-9461b9e432ff?api-version=2024-07-31-preview",
      "RequestMethod": "GET",
      "RequestHeaders": {
        "Accept": "application/json",
        "Ocp-Apim-Subscription-Key": "Sanitized",
        "traceparent": "00-b4e0d2a5cf3b8ebed847ec52ef82607d-c3300554d525b381-00",
        "User-Agent": "azsdk-net-AI.DocumentIntelligence/1.0.0-alpha.20240806.1 (.NET 7.0.20; Microsoft Windows 10.0.22631)",
        "x-ms-client-request-id": "Sanitized",
        "x-ms-return-client-request-id": "true"
      },
      "RequestBody": null,
      "StatusCode": 200,
      "ResponseHeaders": {
        "apim-request-id": "0e6019a0-85e5-4449-8b2a-0585d06f22c4",
        "Content-Type": "application/json; charset=utf-8",
        "Date": "Wed, 07 Aug 2024 19:32:11 GMT",
        "Strict-Transport-Security": "max-age=31536000; includeSubDomains; preload",
        "Transfer-Encoding": "chunked",
        "X-Content-Type-Options": "nosniff",
        "x-envoy-upstream-service-time": "9",
        "x-ms-region": "East US"
      },
      "ResponseBody": {
        "operationId": "31443308873_c86fc224-dac4-46b8-93bd-9461b9e432ff",
        "kind": "documentModelBuild",
        "status": "succeeded",
        "createdDateTime": "2024-08-07T19:32:06Z",
        "lastUpdatedDateTime": "2024-08-07T19:32:11Z",
        "resourceLocation": "https://camaiaor-localtests.cognitiveservices.azure.com/documentintelligence/documentModels/390153311?api-version=2024-07-31-preview",
        "percentCompleted": 100,
        "result": {
          "docTypes": {
            "390153311": {
              "fieldSchema": {
                "Merchant": {
                  "type": "string"
                },
                "PhoneNumber": {
                  "type": "string"
                },
                "Website": {
                  "type": "string"
                },
                "Email": {
                  "type": "string"
                },
                "PurchaseOrderNumber": {
                  "type": "string"
                },
                "DatedAs": {
                  "type": "string"
                },
                "VendorName": {
                  "type": "string"
                },
                "CompanyName": {
                  "type": "string"
                },
                "CompanyAddress": {
                  "type": "string"
                },
                "CompanyPhoneNumber": {
                  "type": "string"
                },
                "Subtotal": {
                  "type": "string"
                },
                "Tax": {
                  "type": "string"
                },
                "Total": {
                  "type": "string"
                },
                "Signature": {
                  "type": "string"
                },
                "Quantity": {
                  "type": "number"
                },
                "FullSignature": {
                  "type": "signature"
                }
              },
              "buildMode": "template",
              "fieldConfidence": {
                "CompanyAddress": 0.8,
                "CompanyName": 0.995,
                "CompanyPhoneNumber": 0.995,
                "DatedAs": 0.995,
                "Email": 0.8,
                "FullSignature": 0.6,
                "Merchant": 0.995,
                "PhoneNumber": 0.995,
                "PurchaseOrderNumber": 0.995,
                "Quantity": 0.995,
                "Signature": 0.995,
                "Subtotal": 0.995,
                "Tax": 0.995,
                "Total": 0.995,
                "VendorName": 0.995,
                "Website": 0.995
              }
            }
          },
          "modelId": "390153311",
          "createdDateTime": "2024-08-07T19:32:11Z",
          "expirationDateTime": "2026-08-07T19:32:11Z",
          "apiVersion": "2024-07-31-preview",
          "description": "This model was generated by a .NET test.",
          "tags": {
            "tag1": "value1",
            "tag2": "value2"
          }
        },
        "tags": {
          "tag1": "value1",
          "tag2": "value2"
        },
        "apiVersion": "2024-07-31-preview"
      }
    },
    {
      "RequestUri": "https://camaiaor-localtests.cognitiveservices.azure.com/documentintelligence/documentModels/390153311?api-version=2024-07-31-preview",
      "RequestMethod": "DELETE",
      "RequestHeaders": {
        "Accept": "application/json",
        "Ocp-Apim-Subscription-Key": "Sanitized",
        "traceparent": "00-0ccc8f7b034237d9a45336ac1b101466-225f86f11f9cefaa-00",
        "User-Agent": "azsdk-net-AI.DocumentIntelligence/1.0.0-alpha.20240806.1 (.NET 7.0.20; Microsoft Windows 10.0.22631)",
        "x-ms-client-request-id": "Sanitized",
        "x-ms-return-client-request-id": "true"
      },
      "RequestBody": null,
      "StatusCode": 204,
      "ResponseHeaders": {
        "apim-request-id": "1c904148-4311-4cff-8325-fe8991ccf1c4",
        "Content-Length": "0",
        "Date": "Wed, 07 Aug 2024 19:32:11 GMT",
        "Strict-Transport-Security": "max-age=31536000; includeSubDomains; preload",
        "X-Content-Type-Options": "nosniff",
        "x-envoy-upstream-service-time": "57",
        "x-ms-region": "East US"
      },
      "ResponseBody": null
    }
  ],
  "Variables": {
    "API_KEY": "Sanitized",
    "DateTimeOffsetNow": "2024-08-07T12:32:06.7361645-07:00",
    "ENDPOINT": "https://camaiaor-localtests.cognitiveservices.azure.com/",
    "RandomSeed": "1149783755",
    "SINGLEPAGE_BLOB_CONTAINER_SAS_URL": "https://sanitized.blob.core.windows.net"
  }
}
