{
  "Entries": [
    {
      "RequestUri": "https://fakestorageaccount.blob.core.windows.net/filesystem168988294211006085?restype=container",
      "RequestMethod": "PUT",
      "RequestHeaders": {
        "Accept": "application/xml",
        "Authorization": "Sanitized",
        "Connection": "keep-alive",
        "Content-Length": "0",
        "User-Agent": "azsdk-js-azure-storage-blob/12.20.0 core-rest-pipeline/1.11.1 Node/v18.16.0 OS/(x64-Linux-6.2.10-arch1-1)",
        "x-ms-client-request-id": "9aea643f-0ba6-469e-aff6-9dab321064f3",
        "x-ms-date": "Thu, 20 Jul 2023 19:55:42 GMT",
        "x-ms-version": "2023-01-03"
      },
      "RequestBody": null,
      "StatusCode": 201,
      "ResponseHeaders": {
        "Content-Length": "0",
        "Date": "Thu, 20 Jul 2023 19:52:47 GMT",
        "ETag": "\u00220x8DB895AE4AE697A\u0022",
        "Last-Modified": "Thu, 20 Jul 2023 19:52:47 GMT",
        "Server": [
          "Windows-Azure-Blob/1.0",
          "Microsoft-HTTPAPI/2.0"
        ],
        "x-ms-client-request-id": "9aea643f-0ba6-469e-aff6-9dab321064f3",
        "x-ms-request-id": "049acbea-701e-001b-3a43-bbaf81000000",
        "x-ms-version": "2023-01-03"
      },
      "ResponseBody": null
    },
    {
      "RequestUri": "https://fakestorageaccount.dfs.core.windows.net/filesystem168988294211006085/file168988294221607035?resource=file",
      "RequestMethod": "PUT",
      "RequestHeaders": {
        "Accept": "application/json",
        "Authorization": "Sanitized",
        "Connection": "keep-alive",
        "Content-Length": "0",
        "User-Agent": "azsdk-js-azure-storage-blob/12.20.0 core-rest-pipeline/1.11.1 Node/v18.16.0 OS/(x64-Linux-6.2.10-arch1-1)",
        "x-ms-client-request-id": "a9be240a-1a4a-469d-a2f9-570a51816fe3",
        "x-ms-date": "Thu, 20 Jul 2023 19:55:42 GMT",
        "x-ms-version": "2023-01-03"
      },
      "RequestBody": null,
      "StatusCode": 201,
      "ResponseHeaders": {
        "Content-Length": "0",
        "Date": "Thu, 20 Jul 2023 19:52:47 GMT",
        "ETag": "\u00220x8DB895AE4C196A8\u0022",
        "Last-Modified": "Thu, 20 Jul 2023 19:52:48 GMT",
        "Server": [
          "Windows-Azure-HDFS/1.0",
          "Microsoft-HTTPAPI/2.0"
        ],
        "x-ms-client-request-id": "a9be240a-1a4a-469d-a2f9-570a51816fe3",
        "x-ms-request-id": "f2ae1dd0-b01f-003b-7f43-bbd426000000",
        "x-ms-request-server-encrypted": "true",
        "x-ms-version": "2023-01-03"
      },
      "ResponseBody": null
    },
    {
      "RequestUri": "https://fakestorageaccount.dfs.core.windows.net/filesystem168988294211006085/file168988294221607035?position=0\u0026action=append",
      "RequestMethod": "PATCH",
      "RequestHeaders": {
        "Accept": "application/json",
        "Authorization": "Sanitized",
        "Connection": "keep-alive",
        "Content-Length": "11",
        "Content-Type": "application/json",
        "User-Agent": "azsdk-js-azure-storage-blob/12.20.0 core-rest-pipeline/1.11.1 Node/v18.16.0 OS/(x64-Linux-6.2.10-arch1-1)",
        "x-ms-client-request-id": "bbcaf3fe-d651-4800-bf50-7c0d7e8b0516",
        "x-ms-date": "Thu, 20 Jul 2023 19:55:42 GMT",
        "x-ms-version": "2023-01-03"
      },
      "RequestBody": "Hello World",
      "StatusCode": 202,
      "ResponseHeaders": {
        "Content-Length": "0",
        "Date": "Thu, 20 Jul 2023 19:52:47 GMT",
        "Server": [
          "Windows-Azure-HDFS/1.0",
          "Microsoft-HTTPAPI/2.0"
        ],
        "x-ms-client-request-id": "bbcaf3fe-d651-4800-bf50-7c0d7e8b0516",
        "x-ms-request-id": "f2ae1ddb-b01f-003b-0943-bbd426000000",
        "x-ms-request-server-encrypted": "true",
        "x-ms-version": "2023-01-03"
      },
      "ResponseBody": null
    },
    {
      "RequestUri": "https://fakestorageaccount.dfs.core.windows.net/filesystem168988294211006085/file168988294221607035?position=11\u0026action=flush",
      "RequestMethod": "PATCH",
      "RequestHeaders": {
        "Accept": "application/json",
        "Authorization": "Sanitized",
        "Connection": "keep-alive",
        "Content-Length": "0",
        "User-Agent": "azsdk-js-azure-storage-blob/12.20.0 core-rest-pipeline/1.11.1 Node/v18.16.0 OS/(x64-Linux-6.2.10-arch1-1)",
        "x-ms-client-request-id": "536412e6-d9fb-412f-aac5-243f021171a6",
        "x-ms-date": "Thu, 20 Jul 2023 19:55:42 GMT",
        "x-ms-version": "2023-01-03"
      },
      "RequestBody": null,
      "StatusCode": 200,
      "ResponseHeaders": {
        "Content-Length": "0",
        "Date": "Thu, 20 Jul 2023 19:52:47 GMT",
        "ETag": "\u00220x8DB895AE4E52C68\u0022",
        "Last-Modified": "Thu, 20 Jul 2023 19:52:48 GMT",
        "Server": [
          "Windows-Azure-HDFS/1.0",
          "Microsoft-HTTPAPI/2.0"
        ],
        "x-ms-client-request-id": "536412e6-d9fb-412f-aac5-243f021171a6",
        "x-ms-request-id": "f2ae1deb-b01f-003b-1943-bbd426000000",
        "x-ms-request-server-encrypted": "false",
        "x-ms-version": "2023-01-03"
      },
      "ResponseBody": null
    },
    {
      "RequestUri": "https://fakestorageaccount.dfs.core.windows.net/filesystem168988294211006085/testdir168988294254900627?resource=directory",
      "RequestMethod": "PUT",
      "RequestHeaders": {
        "Accept": "application/json",
        "Authorization": "Sanitized",
        "Connection": "keep-alive",
        "Content-Length": "0",
        "User-Agent": "azsdk-js-azure-storage-blob/12.20.0 core-rest-pipeline/1.11.1 Node/v18.16.0 OS/(x64-Linux-6.2.10-arch1-1)",
        "x-ms-client-request-id": "9e12d9d4-80c9-4706-a9bc-b09cba179940",
        "x-ms-date": "Thu, 20 Jul 2023 19:55:42 GMT",
        "x-ms-group": "67089e35-dc13-458b-b06e-d873b8406284",
        "x-ms-version": "2023-01-03"
      },
      "RequestBody": null,
      "StatusCode": 201,
      "ResponseHeaders": {
        "Content-Length": "0",
        "Date": "Thu, 20 Jul 2023 19:52:47 GMT",
        "ETag": "\u00220x8DB895AE4F24C92\u0022",
        "Last-Modified": "Thu, 20 Jul 2023 19:52:48 GMT",
        "Server": [
          "Windows-Azure-HDFS/1.0",
          "Microsoft-HTTPAPI/2.0"
        ],
        "x-ms-client-request-id": "9e12d9d4-80c9-4706-a9bc-b09cba179940",
        "x-ms-request-id": "f2ae1dfa-b01f-003b-2843-bbd426000000",
        "x-ms-request-server-encrypted": "true",
        "x-ms-version": "2023-01-03"
      },
      "ResponseBody": null
    },
    {
      "RequestUri": "https://fakestorageaccount.dfs.core.windows.net/filesystem168988294211006085/testdir168988294254900627?action=getAccessControl",
      "RequestMethod": "HEAD",
      "RequestHeaders": {
        "Accept": "application/json",
        "Authorization": "Sanitized",
        "Connection": "keep-alive",
        "User-Agent": "azsdk-js-azure-storage-blob/12.20.0 core-rest-pipeline/1.11.1 Node/v18.16.0 OS/(x64-Linux-6.2.10-arch1-1)",
        "x-ms-client-request-id": "8fd549d3-37cc-41fa-8583-149f6ee3bb63",
        "x-ms-date": "Thu, 20 Jul 2023 19:55:42 GMT",
        "x-ms-version": "2023-01-03"
      },
      "RequestBody": null,
      "StatusCode": 200,
      "ResponseHeaders": {
        "Access-Control-Allow-Origin": "*",
        "Access-Control-Expose-Headers": "Content-Length,Date,ETag,Last-Modified,Server,x-ms-acl,x-ms-client-request-id,x-ms-group,x-ms-owner,x-ms-permissions,x-ms-request-id,x-ms-version",
        "Date": "Thu, 20 Jul 2023 19:52:48 GMT",
        "ETag": "\u00220x8DB895AE4F24C92\u0022",
        "Last-Modified": "Thu, 20 Jul 2023 19:52:48 GMT",
        "Server": [
          "Windows-Azure-HDFS/1.0",
          "Microsoft-HTTPAPI/2.0"
        ],
        "x-ms-acl": "user::rwx,group::r-x,other::---",
        "x-ms-client-request-id": "8fd549d3-37cc-41fa-8583-149f6ee3bb63",
        "x-ms-group": "67089e35-dc13-458b-b06e-d873b8406284",
        "x-ms-owner": "$superuser",
        "x-ms-permissions": "rwxr-x---",
        "x-ms-request-id": "f2ae1e00-b01f-003b-2e43-bbd426000000",
        "x-ms-version": "2023-01-03"
      },
      "ResponseBody": null
    },
    {
      "RequestUri": "https://fakestorageaccount.blob.core.windows.net/filesystem168988294211006085/testdir168988294254900627",
      "RequestMethod": "HEAD",
      "RequestHeaders": {
        "Accept": "application/xml",
        "Authorization": "Sanitized",
        "Connection": "keep-alive",
        "User-Agent": "azsdk-js-azure-storage-blob/12.20.0 core-rest-pipeline/1.11.1 Node/v18.16.0 OS/(x64-Linux-6.2.10-arch1-1)",
        "x-ms-client-request-id": "9ee6ded1-6222-4dd0-9099-aca70d75023b",
        "x-ms-date": "Thu, 20 Jul 2023 19:55:42 GMT",
        "x-ms-version": "2023-01-03"
      },
      "RequestBody": null,
      "StatusCode": 200,
      "ResponseHeaders": {
        "Accept-Ranges": "bytes",
        "Access-Control-Allow-Origin": "*",
        "Access-Control-Expose-Headers": "x-ms-request-id,x-ms-client-request-id,Server,x-ms-version,x-ms-resource-type,x-ms-meta-hdi_isfolder,Content-Type,Last-Modified,ETag,x-ms-creation-time,x-ms-lease-status,x-ms-lease-state,x-ms-blob-type,x-ms-server-encrypted,x-ms-access-tier,x-ms-access-tier-inferred,Accept-Ranges,x-ms-owner,x-ms-group,x-ms-permissions,Content-Length,Date,Transfer-Encoding",
        "Content-Length": "0",
        "Content-Type": "application/octet-stream",
        "Date": "Thu, 20 Jul 2023 19:52:47 GMT",
        "ETag": "\u00220x8DB895AE4F24C92\u0022",
        "Last-Modified": "Thu, 20 Jul 2023 19:52:48 GMT",
        "Server": [
          "Windows-Azure-Blob/1.0",
          "Microsoft-HTTPAPI/2.0"
        ],
        "x-ms-access-tier": "Hot",
        "x-ms-access-tier-inferred": "true",
        "x-ms-blob-type": "BlockBlob",
        "x-ms-client-request-id": "9ee6ded1-6222-4dd0-9099-aca70d75023b",
        "x-ms-creation-time": "Thu, 20 Jul 2023 19:52:48 GMT",
        "x-ms-group": "67089e35-dc13-458b-b06e-d873b8406284",
        "x-ms-lease-state": "available",
        "x-ms-lease-status": "unlocked",
        "x-ms-meta-hdi_isfolder": "true",
        "x-ms-owner": "$superuser",
        "x-ms-permissions": "rwxr-x---",
        "x-ms-request-id": "049ace30-701e-001b-4f43-bbaf81000000",
        "x-ms-resource-type": "directory",
        "x-ms-server-encrypted": "true",
        "x-ms-version": "2023-01-03"
      },
      "ResponseBody": null
    },
    {
      "RequestUri": "https://fakestorageaccount.blob.core.windows.net/filesystem168988294211006085?restype=container",
      "RequestMethod": "DELETE",
      "RequestHeaders": {
        "Accept": "application/xml",
        "Authorization": "Sanitized",
        "Connection": "keep-alive",
        "User-Agent": "azsdk-js-azure-storage-blob/12.20.0 core-rest-pipeline/1.11.1 Node/v18.16.0 OS/(x64-Linux-6.2.10-arch1-1)",
        "x-ms-client-request-id": "1ea804b6-8a6d-4f91-82ab-124d7d729dcb",
        "x-ms-date": "Thu, 20 Jul 2023 19:55:42 GMT",
        "x-ms-version": "2023-01-03"
      },
      "RequestBody": null,
      "StatusCode": 202,
      "ResponseHeaders": {
        "Content-Length": "0",
        "Date": "Thu, 20 Jul 2023 19:52:47 GMT",
        "Server": [
          "Windows-Azure-Blob/1.0",
          "Microsoft-HTTPAPI/2.0"
        ],
        "x-ms-client-request-id": "1ea804b6-8a6d-4f91-82ab-124d7d729dcb",
        "x-ms-request-id": "049ace7a-701e-001b-1043-bbaf81000000",
        "x-ms-version": "2023-01-03"
      },
      "ResponseBody": null
    }
  ],
  "Variables": {
    "file": "file168988294221607035",
    "filesystem": "filesystem168988294211006085",
    "testdir": "testdir168988294254900627"
  }
}
