{
  "Entries": [
    {
      "RequestUri": "https://fakestorageaccount.blob.core.windows.net/filesystem169273899403102837?restype=container",
      "RequestMethod": "PUT",
      "RequestHeaders": {
        "Accept": "application/xml",
        "Authorization": "Sanitized",
        "Connection": "keep-alive",
        "Content-Length": "0",
        "User-Agent": "azsdk-js-azure-storage-blob/12.20.0 core-rest-pipeline/1.12.1 Node/v18.16.0 OS/(x64-Linux-5.15.0-1041-azure)",
        "x-ms-client-request-id": "cac70e4e-7c0d-47c3-aea1-755b7a1c04a7",
        "x-ms-date": "Tue, 22 Aug 2023 21:16:34 GMT",
        "x-ms-version": "2023-08-03"
      },
      "RequestBody": null,
      "StatusCode": 201,
      "ResponseHeaders": {
        "Content-Length": "0",
        "Date": "Tue, 22 Aug 2023 21:16:33 GMT",
        "ETag": "\u00220x8DBA35510281A97\u0022",
        "Last-Modified": "Tue, 22 Aug 2023 21:16:34 GMT",
        "Server": [
          "Windows-Azure-Blob/1.0",
          "Microsoft-HTTPAPI/2.0"
        ],
        "x-ms-client-request-id": "cac70e4e-7c0d-47c3-aea1-755b7a1c04a7",
        "x-ms-request-id": "a4e518b7-201e-0006-0d3d-d50e7e000000",
        "x-ms-version": "2023-08-03"
      },
      "ResponseBody": null
    },
    {
      "RequestUri": "https://fakestorageaccount.dfs.core.windows.net/filesystem169273899403102837/file169273899411600347?resource=file",
      "RequestMethod": "PUT",
      "RequestHeaders": {
        "Accept": "application/json",
        "Authorization": "Sanitized",
        "Connection": "keep-alive",
        "Content-Length": "0",
        "User-Agent": "azsdk-js-azure-storage-blob/12.20.0 core-rest-pipeline/1.12.1 Node/v18.16.0 OS/(x64-Linux-5.15.0-1041-azure)",
        "x-ms-client-request-id": "8bba3df8-067f-4146-b6cf-c75c6dc42ae4",
        "x-ms-date": "Tue, 22 Aug 2023 21:16:34 GMT",
        "x-ms-version": "2023-08-03"
      },
      "RequestBody": null,
      "StatusCode": 201,
      "ResponseHeaders": {
        "Content-Length": "0",
        "Date": "Tue, 22 Aug 2023 21:16:33 GMT",
        "ETag": "\u00220x8DBA355103A79C0\u0022",
        "Last-Modified": "Tue, 22 Aug 2023 21:16:34 GMT",
        "Server": [
          "Windows-Azure-HDFS/1.0",
          "Microsoft-HTTPAPI/2.0"
        ],
        "x-ms-client-request-id": "8bba3df8-067f-4146-b6cf-c75c6dc42ae4",
        "x-ms-request-id": "ea257f8a-c01f-006c-4a3d-d5d656000000",
        "x-ms-request-server-encrypted": "true",
        "x-ms-version": "2023-08-03"
      },
      "ResponseBody": null
    },
    {
      "RequestUri": "https://fakestorageaccount.dfs.core.windows.net/filesystem169273899403102837/file169273899411600347?position=0\u0026action=append",
      "RequestMethod": "PATCH",
      "RequestHeaders": {
        "Accept": "application/json",
        "Authorization": "Sanitized",
        "Connection": "keep-alive",
        "Content-Length": "12",
        "Content-Type": "application/json",
        "User-Agent": "azsdk-js-azure-storage-blob/12.20.0 core-rest-pipeline/1.12.1 Node/v18.16.0 OS/(x64-Linux-5.15.0-1041-azure)",
        "x-ms-client-request-id": "df6abe25-9292-494d-b869-cc0b2880b394",
        "x-ms-date": "Tue, 22 Aug 2023 21:16:34 GMT",
        "x-ms-version": "2023-08-03"
      },
      "RequestBody": "Hello, World",
      "StatusCode": 202,
      "ResponseHeaders": {
        "Content-Length": "0",
        "Date": "Tue, 22 Aug 2023 21:16:33 GMT",
        "Server": [
          "Windows-Azure-HDFS/1.0",
          "Microsoft-HTTPAPI/2.0"
        ],
        "x-ms-client-request-id": "df6abe25-9292-494d-b869-cc0b2880b394",
        "x-ms-request-id": "ea257f92-c01f-006c-523d-d5d656000000",
        "x-ms-request-server-encrypted": "true",
        "x-ms-version": "2023-08-03"
      },
      "ResponseBody": null
    },
    {
      "RequestUri": "https://fakestorageaccount.dfs.core.windows.net/filesystem169273899403102837/file169273899411600347?position=12\u0026action=flush",
      "RequestMethod": "PATCH",
      "RequestHeaders": {
        "Accept": "application/json",
        "Authorization": "Sanitized",
        "Connection": "keep-alive",
        "Content-Length": "0",
        "User-Agent": "azsdk-js-azure-storage-blob/12.20.0 core-rest-pipeline/1.12.1 Node/v18.16.0 OS/(x64-Linux-5.15.0-1041-azure)",
        "x-ms-client-request-id": "2280d530-ffe3-40fe-81c7-dbcc929a874a",
        "x-ms-date": "Tue, 22 Aug 2023 21:16:34 GMT",
        "x-ms-version": "2023-08-03"
      },
      "RequestBody": null,
      "StatusCode": 200,
      "ResponseHeaders": {
        "Content-Length": "0",
        "Date": "Tue, 22 Aug 2023 21:16:34 GMT",
        "ETag": "\u00220x8DBA3551051CEED\u0022",
        "Last-Modified": "Tue, 22 Aug 2023 21:16:34 GMT",
        "Server": [
          "Windows-Azure-HDFS/1.0",
          "Microsoft-HTTPAPI/2.0"
        ],
        "x-ms-client-request-id": "2280d530-ffe3-40fe-81c7-dbcc929a874a",
        "x-ms-request-id": "ea257f97-c01f-006c-573d-d5d656000000",
        "x-ms-request-server-encrypted": "false",
        "x-ms-version": "2023-08-03"
      },
      "ResponseBody": null
    },
    {
      "RequestUri": "https://fakestorageaccount.blob.core.windows.net/filesystem169273899403102837/file169273899411600347?comp=expiry",
      "RequestMethod": "PUT",
      "RequestHeaders": {
        "Accept": "application/json",
        "Authorization": "Sanitized",
        "Connection": "keep-alive",
        "Content-Length": "0",
        "User-Agent": "azsdk-js-azure-storage-blob/12.20.0 core-rest-pipeline/1.12.1 Node/v18.16.0 OS/(x64-Linux-5.15.0-1041-azure)",
        "x-ms-client-request-id": "7dabc8ae-6268-4736-bd40-8bbc0bf8efb9",
        "x-ms-date": "Tue, 22 Aug 2023 21:16:34 GMT",
        "x-ms-expiry-option": "RelativeToNow",
        "x-ms-expiry-time": "30000",
        "x-ms-version": "2023-08-03"
      },
      "RequestBody": null,
      "StatusCode": 200,
      "ResponseHeaders": {
        "Content-Length": "0",
        "Date": "Tue, 22 Aug 2023 21:16:34 GMT",
        "ETag": "\u00220x8DBA3551051CEED\u0022",
        "Last-Modified": "Tue, 22 Aug 2023 21:16:34 GMT",
        "Server": [
          "Windows-Azure-Blob/1.0",
          "Microsoft-HTTPAPI/2.0"
        ],
        "x-ms-client-request-id": "7dabc8ae-6268-4736-bd40-8bbc0bf8efb9",
        "x-ms-request-id": "a4e519a8-201e-0006-6f3d-d50e7e000000",
        "x-ms-version": "2023-08-03"
      },
      "ResponseBody": null
    },
    {
      "RequestUri": "https://fakestorageaccount.dfs.core.windows.net/filesystem169273899403102837?resource=filesystem\u0026recursive=false",
      "RequestMethod": "GET",
      "RequestHeaders": {
        "Accept": "application/json",
        "Authorization": "Sanitized",
        "Connection": "keep-alive",
        "User-Agent": "azsdk-js-azure-storage-blob/12.20.0 core-rest-pipeline/1.12.1 Node/v18.16.0 OS/(x64-Linux-5.15.0-1041-azure)",
        "x-ms-client-request-id": "53ef3e10-4fde-4a72-b3f2-7f4050e216a0",
        "x-ms-date": "Tue, 22 Aug 2023 21:16:34 GMT",
        "x-ms-version": "2023-08-03"
      },
      "RequestBody": null,
      "StatusCode": 200,
      "ResponseHeaders": {
        "Access-Control-Allow-Origin": "*",
        "Access-Control-Expose-Headers": "Content-Length,Content-Type,Date,Server,Transfer-Encoding,x-ms-client-request-id,x-ms-request-id,x-ms-version",
        "Content-Type": "application/json; charset=utf-8",
        "Date": "Tue, 22 Aug 2023 21:16:34 GMT",
        "Server": [
          "Windows-Azure-HDFS/1.0",
          "Microsoft-HTTPAPI/2.0"
        ],
        "Transfer-Encoding": "chunked",
        "x-ms-client-request-id": "53ef3e10-4fde-4a72-b3f2-7f4050e216a0",
        "x-ms-request-id": "ea257fa1-c01f-006c-613d-d5d656000000",
        "x-ms-version": "2023-08-03"
      },
      "ResponseBody": {
        "paths": [
          {
            "contentLength": "12",
            "creationTime": "133372125942872512",
            "etag": "0x8DBA3551051CEED",
            "expiryTime": "133372126245080000",
            "group": "$superuser",
            "lastModified": "Tue, 22 Aug 2023 21:16:34 GMT",
            "name": "file169273899411600347",
            "owner": "$superuser",
            "permissions": "rw-r-----"
          }
        ]
      }
    },
    {
      "RequestUri": "https://fakestorageaccount.dfs.core.windows.net/filesystem169273899403102837/file169273899411600347?paginated=false",
      "RequestMethod": "DELETE",
      "RequestHeaders": {
        "Accept": "application/json",
        "Authorization": "Sanitized",
        "Connection": "keep-alive",
        "User-Agent": "azsdk-js-azure-storage-blob/12.20.0 core-rest-pipeline/1.12.1 Node/v18.16.0 OS/(x64-Linux-5.15.0-1041-azure)",
        "x-ms-client-request-id": "60383787-6f73-4dea-8b84-1d56e7f6f410",
        "x-ms-date": "Tue, 22 Aug 2023 21:16:34 GMT",
        "x-ms-version": "2023-08-03"
      },
      "RequestBody": null,
      "StatusCode": 200,
      "ResponseHeaders": {
        "Content-Length": "0",
        "Date": "Tue, 22 Aug 2023 21:16:34 GMT",
        "Server": [
          "Windows-Azure-HDFS/1.0",
          "Microsoft-HTTPAPI/2.0"
        ],
        "x-ms-client-request-id": "60383787-6f73-4dea-8b84-1d56e7f6f410",
        "x-ms-delete-type-permanent": "true",
        "x-ms-request-id": "ea257fa5-c01f-006c-653d-d5d656000000",
        "x-ms-version": "2023-08-03"
      },
      "ResponseBody": null
    },
    {
      "RequestUri": "https://fakestorageaccount.blob.core.windows.net/filesystem169273899403102837?restype=container",
      "RequestMethod": "DELETE",
      "RequestHeaders": {
        "Accept": "application/xml",
        "Authorization": "Sanitized",
        "Connection": "keep-alive",
        "User-Agent": "azsdk-js-azure-storage-blob/12.20.0 core-rest-pipeline/1.12.1 Node/v18.16.0 OS/(x64-Linux-5.15.0-1041-azure)",
        "x-ms-client-request-id": "d352502d-5c5d-4618-8ae2-5da6bbc7b412",
        "x-ms-date": "Tue, 22 Aug 2023 21:16:34 GMT",
        "x-ms-version": "2023-08-03"
      },
      "RequestBody": null,
      "StatusCode": 202,
      "ResponseHeaders": {
        "Content-Length": "0",
        "Date": "Tue, 22 Aug 2023 21:16:34 GMT",
        "Server": [
          "Windows-Azure-Blob/1.0",
          "Microsoft-HTTPAPI/2.0"
        ],
        "x-ms-client-request-id": "d352502d-5c5d-4618-8ae2-5da6bbc7b412",
        "x-ms-request-id": "a4e51a3c-201e-0006-013d-d50e7e000000",
        "x-ms-version": "2023-08-03"
      },
      "ResponseBody": null
    }
  ],
  "Variables": {
    "file": "file169273899411600347",
    "filesystem": "filesystem169273899403102837"
  }
}
