{
  "Entries": [
    {
      "RequestUri": "https://management.azure.com/tenants?api-version=2022-12-01",
      "RequestMethod": "GET",
      "RequestHeaders": {
        "Accept": "application/json",
        "Authorization": "Sanitized",
        "traceparent": "00-51b18215fc7710db6c87dbb918dc1dbf-9c268bbee0467abf-00",
        "User-Agent": "azsdk-net-ResourceManager/1.7.0 (.NET 6.0.23; Microsoft Windows 10.0.22621)",
        "x-ms-client-request-id": "42ee1f849aef95f203b2d986cd4678b9",
        "x-ms-return-client-request-id": "true"
      },
      "RequestBody": null,
      "StatusCode": 200,
      "ResponseHeaders": {
        "Cache-Control": "no-cache",
        "Content-Length": "140",
        "Content-Type": "application/json; charset=utf-8",
        "Date": "Tue, 24 Oct 2023 01:47:43 GMT",
        "Expires": "-1",
        "Pragma": "no-cache",
        "Strict-Transport-Security": "max-age=31536000; includeSubDomains",
        "X-Content-Type-Options": "nosniff",
        "x-ms-correlation-request-id": "7e5d149c-df6a-42f1-9e46-ae063759f7df",
        "x-ms-ratelimit-remaining-tenant-reads": "11997",
        "x-ms-request-id": "7e5d149c-df6a-42f1-9e46-ae063759f7df",
        "x-ms-routing-request-id": "WESTUS2:20231024T014744Z:7e5d149c-df6a-42f1-9e46-ae063759f7df"
      },
      "ResponseBody": {
        "value": [
          {
            "id": "/tenants/a73527ee-8243-45dd-8920-ec148d4ad0f8",
            "tenantId": "a73527ee-8243-45dd-8920-ec148d4ad0f8",
            "tenantCategory": "Home"
          }
        ]
      }
    },
    {
      "RequestUri": "https://management.azure.com/subscriptions/cca0326c-4c31-46d8-8fcb-c67023a46f4b?api-version=2022-12-01",
      "RequestMethod": "GET",
      "RequestHeaders": {
        "Accept": "application/json",
        "Authorization": "Sanitized",
        "traceparent": "00-d5816c67746f7eea37f224004b4264d3-1b01fb2a369ec6f5-00",
        "User-Agent": "azsdk-net-ResourceManager/1.7.0 (.NET 6.0.23; Microsoft Windows 10.0.22621)",
        "x-ms-client-request-id": "8015c202c950467b62683e264f71f883",
        "x-ms-return-client-request-id": "true"
      },
      "RequestBody": null,
      "StatusCode": 200,
      "ResponseHeaders": {
        "Cache-Control": "no-cache",
        "Content-Length": "408",
        "Content-Type": "application/json; charset=utf-8",
        "Date": "Tue, 24 Oct 2023 01:47:43 GMT",
        "Expires": "-1",
        "Pragma": "no-cache",
        "Strict-Transport-Security": "max-age=31536000; includeSubDomains",
        "X-Content-Type-Options": "nosniff",
        "x-ms-correlation-request-id": "ffa83307-213c-4c52-be82-30600ac34ffe",
        "x-ms-ratelimit-remaining-subscription-reads": "11998",
        "x-ms-request-id": "ffa83307-213c-4c52-be82-30600ac34ffe",
        "x-ms-routing-request-id": "WESTUS2:20231024T014744Z:ffa83307-213c-4c52-be82-30600ac34ffe"
      },
      "ResponseBody": {
        "id": "/subscriptions/cca0326c-4c31-46d8-8fcb-c67023a46f4b",
        "authorizationSource": "RoleBased",
        "managedByTenants": [],
        "subscriptionId": "cca0326c-4c31-46d8-8fcb-c67023a46f4b",
        "tenantId": "a73527ee-8243-45dd-8920-ec148d4ad0f8",
        "displayName": "Microsoft Azure Sponsorship 2",
        "state": "Enabled",
        "subscriptionPolicies": {
          "locationPlacementId": "Public_2014-09-01",
          "quotaId": "Sponsored_2016-01-01",
          "spendingLimit": "Off"
        }
      }
    },
    {
      "RequestUri": "https://management.azure.com/providers/Microsoft.Support/services/484e2236-bc6d-b1bb-76d2-7d09278cf9ea?api-version=2022-09-01-preview",
      "RequestMethod": "GET",
      "RequestHeaders": {
        "Accept": "application/json",
        "Authorization": "Sanitized",
        "traceparent": "00-f69c3465ccb471d2899db51ea224467e-771a2b25e24e0f26-00",
        "User-Agent": "azsdk-net-ResourceManager.Support/1.1.0-alpha.20231023.1 (.NET 6.0.23; Microsoft Windows 10.0.22621)",
        "x-ms-client-request-id": "a7ea22e81a7f3bce1cae2fae820e1a78",
        "x-ms-return-client-request-id": "true"
      },
      "RequestBody": null,
      "StatusCode": 200,
      "ResponseHeaders": {
        "Cache-Control": "no-cache",
        "Content-Length": "229",
        "Content-Type": "application/json; charset=utf-8",
        "Date": "Tue, 24 Oct 2023 01:47:43 GMT",
        "Expires": "-1",
        "Pragma": "no-cache",
        "Server": "Kestrel",
        "Strict-Transport-Security": "max-age=31536000; includeSubDomains",
        "X-Content-Type-Options": "nosniff",
        "x-ms-correlation-request-id": "627d0a18-a8f5-43f2-898a-f98a3e8b3249",
        "x-ms-ratelimit-remaining-tenant-reads": "11996",
        "x-ms-request-id": "627d0a18-a8f5-43f2-898a-f98a3e8b3249",
        "x-ms-routing-request-id": "WESTUS2:20231024T014744Z:627d0a18-a8f5-43f2-898a-f98a3e8b3249"
      },
      "ResponseBody": {
        "id": "/providers/Microsoft.Support/services/484e2236-bc6d-b1bb-76d2-7d09278cf9ea",
        "name": "484e2236-bc6d-b1bb-76d2-7d09278cf9ea",
        "type": "Microsoft.Support/services",
        "properties": {
          "displayName": "Activity Logs",
          "resourceTypes": []
        }
      }
    }
  ],
  "Variables": {
    "AZURE_AUTHORITY_HOST": "https://login.microsoftonline.com",
    "RandomSeed": "409999189",
    "RESOURCE_MANAGER_URL": null,
    "SUBSCRIPTION_ID": "cca0326c-4c31-46d8-8fcb-c67023a46f4b"
  }
}
