{
  "Entries": [
    {
      "RequestUri": "https://Sanitized.azure.com/api/projects/project/assistants?api-version=2025-05-15-preview",
      "RequestMethod": "POST",
      "RequestHeaders": {
        "Accept": "application/json",
        "Accept-Encoding": "gzip,deflate",
        "Authorization": "Sanitized",
        "Connection": "keep-alive",
        "Content-Length": "75",
        "Content-Type": "application/json",
        "User-Agent": "azsdk-js-client azsdk-js-api azsdk-js-ai-agents/1.0.0-beta.1 core-rest-pipeline/1.20.0 Node/22.10.0 OS/(x64-Windows_NT-10.0.22631)",
        "x-ms-client-request-id": "Sanitized"
      },
      "RequestBody": {
        "model": "gpt-4o",
        "name": "my-agent",
        "instructions": "You are helpful agent"
      },
      "StatusCode": 200,
      "ResponseHeaders": {
        "apim-request-id": "d9d85d8f-8535-4068-b32f-080f83ad1b02",
        "azureml-served-by-cluster": "vienna-eastus-02",
        "Content-Encoding": "gzip",
        "Content-Type": "application/json",
        "Date": "Wed, 07 May 2025 05:31:28 GMT",
        "openai-organization": "1fa34553a93e4e53b531c64321ca4ae2",
        "openai-processing-ms": "66",
        "openai-version": "2020-10-01",
        "Request-Context": "appId=cid-v1:2d2e8e63-272e-4b3c-8598-4ee570a0e70d",
        "Strict-Transport-Security": "max-age=31536000; includeSubDomains; preload",
        "Transfer-Encoding": "chunked",
        "Vary": "Accept-Encoding",
        "X-Content-Type-Options": "nosniff",
        "x-ms-middleware-request-id": "98b4f15c-a489-4853-99f9-caac0262fb66",
        "x-ms-region": "East US",
        "x-ms-response-type": "standard",
        "X-Request-ID": "e16734839cac6fe374b606976d542071",
        "x-request-time": "0.202"
      },
      "ResponseBody": {
        "id": "asst_kml5LrPBWGJHiVqAHB8RIQo0",
        "object": "assistant",
        "created_at": 1746595888,
        "name": "my-agent",
        "description": null,
        "model": "gpt-4o",
        "instructions": "You are helpful agent",
        "tools": [],
        "top_p": 1.0,
        "temperature": 1.0,
        "tool_resources": {},
        "metadata": {},
        "response_format": "auto"
      }
    },
    {
      "RequestUri": "https://Sanitized.azure.com/api/projects/project/threads?api-version=2025-05-15-preview",
      "RequestMethod": "POST",
      "RequestHeaders": {
        "Accept": "application/json",
        "Accept-Encoding": "gzip,deflate",
        "Authorization": "Sanitized",
        "Connection": "keep-alive",
        "Content-Length": "2",
        "Content-Type": "application/json",
        "User-Agent": "azsdk-js-client azsdk-js-api azsdk-js-ai-agents/1.0.0-beta.1 core-rest-pipeline/1.20.0 Node/22.10.0 OS/(x64-Windows_NT-10.0.22631)",
        "x-ms-client-request-id": "Sanitized"
      },
      "RequestBody": {},
      "StatusCode": 200,
      "ResponseHeaders": {
        "apim-request-id": "b3f35b5c-e2f9-46c1-93e4-f9ad098063ac",
        "azureml-served-by-cluster": "vienna-eastus-02",
        "Content-Length": "137",
        "Content-Type": "application/json",
        "Date": "Wed, 07 May 2025 05:31:28 GMT",
        "openai-organization": "1fa34553a93e4e53b531c64321ca4ae2",
        "openai-processing-ms": "125",
        "openai-version": "2020-10-01",
        "Request-Context": "appId=cid-v1:2d2e8e63-272e-4b3c-8598-4ee570a0e70d",
        "Strict-Transport-Security": "max-age=31536000; includeSubDomains; preload",
        "X-Content-Type-Options": "nosniff",
        "x-ms-middleware-request-id": "b0776e65-f2de-4698-be33-99e65938dfc1",
        "x-ms-region": "East US",
        "x-ms-response-type": "standard",
        "X-Request-ID": "3058f92874dead585fdda006d0cf0997",
        "x-request-time": "0.291"
      },
      "ResponseBody": {
        "id": "thread_eCks79cD12kfPjh2udtcn6yu",
        "object": "thread",
        "created_at": 1746595889,
        "metadata": {},
        "tool_resources": {}
      }
    },
    {
      "RequestUri": "https://Sanitized.azure.com/api/projects/project/threads/thread_eCks79cD12kfPjh2udtcn6yu/messages?api-version=2025-05-15-preview",
      "RequestMethod": "POST",
      "RequestHeaders": {
        "Accept": "application/json",
        "Accept-Encoding": "gzip,deflate",
        "Authorization": "Sanitized",
        "Connection": "keep-alive",
        "Content-Length": "49",
        "Content-Type": "application/json",
        "User-Agent": "azsdk-js-client azsdk-js-api azsdk-js-ai-agents/1.0.0-beta.1 core-rest-pipeline/1.20.0 Node/22.10.0 OS/(x64-Windows_NT-10.0.22631)",
        "x-ms-client-request-id": "Sanitized"
      },
      "RequestBody": {
        "role": "user",
        "content": "Hello, tell me a joke"
      },
      "StatusCode": 200,
      "ResponseHeaders": {
        "apim-request-id": "b1689c18-7f2f-4c02-9b10-425154f4b69f",
        "azureml-served-by-cluster": "vienna-eastus-02",
        "Content-Encoding": "gzip",
        "Content-Type": "application/json",
        "Date": "Wed, 07 May 2025 05:31:29 GMT",
        "openai-organization": "1fa34553a93e4e53b531c64321ca4ae2",
        "openai-processing-ms": "125",
        "openai-version": "2020-10-01",
        "Request-Context": "appId=cid-v1:2d2e8e63-272e-4b3c-8598-4ee570a0e70d",
        "Strict-Transport-Security": "max-age=31536000; includeSubDomains; preload",
        "Transfer-Encoding": "chunked",
        "Vary": "Accept-Encoding",
        "X-Content-Type-Options": "nosniff",
        "x-ms-middleware-request-id": "d90dadfb-7a2f-4afc-a75a-9714cf1d40f9",
        "x-ms-region": "East US",
        "x-ms-response-type": "standard",
        "X-Request-ID": "609b7f8192e5baadc39463e96efb28ce",
        "x-request-time": "0.267"
      },
      "ResponseBody": {
        "id": "msg_Vz85bnS6ZqgMgKEpVNK7jVMT",
        "object": "thread.message",
        "created_at": 1746595889,
        "assistant_id": null,
        "thread_id": "thread_eCks79cD12kfPjh2udtcn6yu",
        "run_id": null,
        "role": "user",
        "content": [
          {
            "type": "text",
            "text": {
              "value": "Hello, tell me a joke",
              "annotations": []
            }
          }
        ],
        "attachments": [],
        "metadata": {}
      }
    },
    {
      "RequestUri": "https://Sanitized.azure.com/api/projects/project/threads/thread_eCks79cD12kfPjh2udtcn6yu/runs?api-version=2025-05-15-preview",
      "RequestMethod": "POST",
      "RequestHeaders": {
        "Accept": "application/json",
        "Accept-Encoding": "gzip,deflate",
        "Authorization": "Sanitized",
        "Connection": "keep-alive",
        "Content-Length": "48",
        "Content-Type": "application/json",
        "User-Agent": "azsdk-js-client azsdk-js-api azsdk-js-ai-agents/1.0.0-beta.1 core-rest-pipeline/1.20.0 Node/22.10.0 OS/(x64-Windows_NT-10.0.22631)",
        "x-ms-client-request-id": "Sanitized"
      },
      "RequestBody": {
        "assistant_id": "asst_kml5LrPBWGJHiVqAHB8RIQo0"
      },
      "StatusCode": 200,
      "ResponseHeaders": {
        "apim-request-id": "e7d58d5b-53b9-4bad-ad7c-f76afd77772c",
        "azureml-served-by-cluster": "vienna-eastus-02",
        "Content-Encoding": "gzip",
        "Content-Type": "application/json",
        "Date": "Wed, 07 May 2025 05:31:30 GMT",
        "openai-organization": "1fa34553a93e4e53b531c64321ca4ae2",
        "openai-processing-ms": "215",
        "openai-version": "2020-10-01",
        "Request-Context": "appId=cid-v1:2d2e8e63-272e-4b3c-8598-4ee570a0e70d",
        "Strict-Transport-Security": "max-age=31536000; includeSubDomains; preload",
        "Transfer-Encoding": "chunked",
        "Vary": "Accept-Encoding",
        "X-Content-Type-Options": "nosniff",
        "x-ms-middleware-request-id": "0bc941a8-4166-4b1b-9e19-b8dc7bd80ac5",
        "x-ms-region": "East US",
        "x-ms-response-type": "standard",
        "X-Request-ID": "d5fd02a28fb361ac089d85b79cca65da",
        "x-request-time": "0.750"
      },
      "ResponseBody": {
        "id": "run_jkTteWsCRCHonNh8R45iSrkQ",
        "object": "thread.run",
        "created_at": 1746595890,
        "assistant_id": "asst_kml5LrPBWGJHiVqAHB8RIQo0",
        "thread_id": "thread_eCks79cD12kfPjh2udtcn6yu",
        "status": "queued",
        "started_at": null,
        "expires_at": 1746596490,
        "cancelled_at": null,
        "failed_at": null,
        "completed_at": null,
        "required_action": null,
        "last_error": null,
        "model": "gpt-4o",
        "instructions": "You are helpful agent",
        "tools": [],
        "tool_resources": {},
        "metadata": {},
        "temperature": 1.0,
        "top_p": 1.0,
        "max_completion_tokens": null,
        "max_prompt_tokens": null,
        "truncation_strategy": {
          "type": "auto",
          "last_messages": null
        },
        "incomplete_details": null,
        "usage": null,
        "response_format": "auto",
        "tool_choice": "auto",
        "parallel_tool_calls": true
      }
    },
    {
      "RequestUri": "https://Sanitized.azure.com/api/projects/project/threads/thread_eCks79cD12kfPjh2udtcn6yu/runs/run_jkTteWsCRCHonNh8R45iSrkQ?api-version=2025-05-15-preview",
      "RequestMethod": "GET",
      "RequestHeaders": {
        "Accept": "application/json",
        "Accept-Encoding": "gzip,deflate",
        "Authorization": "Sanitized",
        "Connection": "keep-alive",
        "User-Agent": "azsdk-js-client azsdk-js-api azsdk-js-ai-agents/1.0.0-beta.1 core-rest-pipeline/1.20.0 Node/22.10.0 OS/(x64-Windows_NT-10.0.22631)",
        "x-ms-client-request-id": "Sanitized"
      },
      "RequestBody": null,
      "StatusCode": 200,
      "ResponseHeaders": {
        "apim-request-id": "eb4e5728-7505-4134-90b7-846df3bd1632",
        "azureml-served-by-cluster": "vienna-eastus-02",
        "Content-Encoding": "gzip",
        "Content-Type": "application/json",
        "Date": "Wed, 07 May 2025 05:31:30 GMT",
        "openai-organization": "1fa34553a93e4e53b531c64321ca4ae2",
        "openai-processing-ms": "114",
        "openai-version": "2020-10-01",
        "Request-Context": "appId=cid-v1:2d2e8e63-272e-4b3c-8598-4ee570a0e70d",
        "Strict-Transport-Security": "max-age=31536000; includeSubDomains; preload",
        "Transfer-Encoding": "chunked",
        "Vary": "Accept-Encoding",
        "X-Content-Type-Options": "nosniff",
        "x-ms-middleware-request-id": "4e1c8f49-a8f0-4000-83fa-da9b6f67545b",
        "x-ms-region": "East US",
        "x-ms-response-type": "standard",
        "X-Request-ID": "fc898acec3f8a9533c9209f52ecf7283",
        "x-request-time": "0.232"
      },
      "ResponseBody": {
        "id": "run_jkTteWsCRCHonNh8R45iSrkQ",
        "object": "thread.run",
        "created_at": 1746595890,
        "assistant_id": "asst_kml5LrPBWGJHiVqAHB8RIQo0",
        "thread_id": "thread_eCks79cD12kfPjh2udtcn6yu",
        "status": "in_progress",
        "started_at": 1746595890,
        "expires_at": 1746596490,
        "cancelled_at": null,
        "failed_at": null,
        "completed_at": null,
        "required_action": null,
        "last_error": null,
        "model": "gpt-4o",
        "instructions": "You are helpful agent",
        "tools": [],
        "tool_resources": {},
        "metadata": {},
        "temperature": 1.0,
        "top_p": 1.0,
        "max_completion_tokens": null,
        "max_prompt_tokens": null,
        "truncation_strategy": {
          "type": "auto",
          "last_messages": null
        },
        "incomplete_details": null,
        "usage": null,
        "response_format": "auto",
        "tool_choice": "auto",
        "parallel_tool_calls": true
      }
    },
    {
      "RequestUri": "https://Sanitized.azure.com/api/projects/project/threads/thread_eCks79cD12kfPjh2udtcn6yu/runs/run_jkTteWsCRCHonNh8R45iSrkQ?api-version=2025-05-15-preview",
      "RequestMethod": "GET",
      "RequestHeaders": {
        "Accept": "application/json",
        "Accept-Encoding": "gzip,deflate",
        "Authorization": "Sanitized",
        "Connection": "keep-alive",
        "User-Agent": "azsdk-js-client azsdk-js-api azsdk-js-ai-agents/1.0.0-beta.1 core-rest-pipeline/1.20.0 Node/22.10.0 OS/(x64-Windows_NT-10.0.22631)",
        "x-ms-client-request-id": "Sanitized"
      },
      "RequestBody": null,
      "StatusCode": 200,
      "ResponseHeaders": {
        "apim-request-id": "50326ab1-401e-436f-b5ae-93f0465c5d91",
        "azureml-served-by-cluster": "vienna-eastus-01",
        "Content-Encoding": "gzip",
        "Content-Type": "application/json",
        "Date": "Wed, 07 May 2025 05:31:32 GMT",
        "openai-organization": "1fa34553a93e4e53b531c64321ca4ae2",
        "openai-processing-ms": "42",
        "openai-version": "2020-10-01",
        "Request-Context": "appId=cid-v1:2d2e8e63-272e-4b3c-8598-4ee570a0e70d",
        "Strict-Transport-Security": "max-age=31536000; includeSubDomains; preload",
        "Transfer-Encoding": "chunked",
        "Vary": "Accept-Encoding",
        "X-Content-Type-Options": "nosniff",
        "x-ms-middleware-request-id": "aabb72be-ccb7-4abc-a8eb-b64896fb44d2",
        "x-ms-region": "East US",
        "x-ms-response-type": "standard",
        "X-Request-ID": "24b4b73f7e6fdb536f752d341ddebbde",
        "x-request-time": "0.326"
      },
      "ResponseBody": {
        "id": "run_jkTteWsCRCHonNh8R45iSrkQ",
        "object": "thread.run",
        "created_at": 1746595890,
        "assistant_id": "asst_kml5LrPBWGJHiVqAHB8RIQo0",
        "thread_id": "thread_eCks79cD12kfPjh2udtcn6yu",
        "status": "in_progress",
        "started_at": 1746595890,
        "expires_at": 1746596490,
        "cancelled_at": null,
        "failed_at": null,
        "completed_at": null,
        "required_action": null,
        "last_error": null,
        "model": "gpt-4o",
        "instructions": "You are helpful agent",
        "tools": [],
        "tool_resources": {},
        "metadata": {},
        "temperature": 1.0,
        "top_p": 1.0,
        "max_completion_tokens": null,
        "max_prompt_tokens": null,
        "truncation_strategy": {
          "type": "auto",
          "last_messages": null
        },
        "incomplete_details": null,
        "usage": null,
        "response_format": "auto",
        "tool_choice": "auto",
        "parallel_tool_calls": true
      }
    },
    {
      "RequestUri": "https://Sanitized.azure.com/api/projects/project/threads/thread_eCks79cD12kfPjh2udtcn6yu/runs/run_jkTteWsCRCHonNh8R45iSrkQ?api-version=2025-05-15-preview",
      "RequestMethod": "GET",
      "RequestHeaders": {
        "Accept": "application/json",
        "Accept-Encoding": "gzip,deflate",
        "Authorization": "Sanitized",
        "Connection": "keep-alive",
        "User-Agent": "azsdk-js-client azsdk-js-api azsdk-js-ai-agents/1.0.0-beta.1 core-rest-pipeline/1.20.0 Node/22.10.0 OS/(x64-Windows_NT-10.0.22631)",
        "x-ms-client-request-id": "Sanitized"
      },
      "RequestBody": null,
      "StatusCode": 200,
      "ResponseHeaders": {
        "apim-request-id": "5e4c0171-5889-4e40-bb19-74ddd3a62e60",
        "azureml-served-by-cluster": "vienna-eastus-01",
        "Content-Encoding": "gzip",
        "Content-Type": "application/json",
        "Date": "Wed, 07 May 2025 05:31:32 GMT",
        "openai-organization": "1fa34553a93e4e53b531c64321ca4ae2",
        "openai-processing-ms": "41",
        "openai-version": "2020-10-01",
        "Request-Context": "appId=cid-v1:2d2e8e63-272e-4b3c-8598-4ee570a0e70d",
        "Strict-Transport-Security": "max-age=31536000; includeSubDomains; preload",
        "Transfer-Encoding": "chunked",
        "Vary": "Accept-Encoding",
        "X-Content-Type-Options": "nosniff",
        "x-ms-middleware-request-id": "0b088fe6-fb77-4082-9e2e-cc791f3c2a2b",
        "x-ms-region": "East US",
        "x-ms-response-type": "standard",
        "X-Request-ID": "b6f472d7ef0736adea9236fc3ef3ee66",
        "x-request-time": "0.184"
      },
      "ResponseBody": {
        "id": "run_jkTteWsCRCHonNh8R45iSrkQ",
        "object": "thread.run",
        "created_at": 1746595890,
        "assistant_id": "asst_kml5LrPBWGJHiVqAHB8RIQo0",
        "thread_id": "thread_eCks79cD12kfPjh2udtcn6yu",
        "status": "in_progress",
        "started_at": 1746595890,
        "expires_at": 1746596490,
        "cancelled_at": null,
        "failed_at": null,
        "completed_at": null,
        "required_action": null,
        "last_error": null,
        "model": "gpt-4o",
        "instructions": "You are helpful agent",
        "tools": [],
        "tool_resources": {},
        "metadata": {},
        "temperature": 1.0,
        "top_p": 1.0,
        "max_completion_tokens": null,
        "max_prompt_tokens": null,
        "truncation_strategy": {
          "type": "auto",
          "last_messages": null
        },
        "incomplete_details": null,
        "usage": null,
        "response_format": "auto",
        "tool_choice": "auto",
        "parallel_tool_calls": true
      }
    },
    {
      "RequestUri": "https://Sanitized.azure.com/api/projects/project/threads/thread_eCks79cD12kfPjh2udtcn6yu/runs/run_jkTteWsCRCHonNh8R45iSrkQ?api-version=2025-05-15-preview",
      "RequestMethod": "GET",
      "RequestHeaders": {
        "Accept": "application/json",
        "Accept-Encoding": "gzip,deflate",
        "Authorization": "Sanitized",
        "Connection": "keep-alive",
        "User-Agent": "azsdk-js-client azsdk-js-api azsdk-js-ai-agents/1.0.0-beta.1 core-rest-pipeline/1.20.0 Node/22.10.0 OS/(x64-Windows_NT-10.0.22631)",
        "x-ms-client-request-id": "Sanitized"
      },
      "RequestBody": null,
      "StatusCode": 200,
      "ResponseHeaders": {
        "apim-request-id": "aabc624e-e60e-409d-b370-ed8e8fd83e39",
        "azureml-served-by-cluster": "vienna-eastus-01",
        "Content-Encoding": "gzip",
        "Content-Type": "application/json",
        "Date": "Wed, 07 May 2025 05:31:34 GMT",
        "openai-organization": "1fa34553a93e4e53b531c64321ca4ae2",
        "openai-processing-ms": "123",
        "openai-version": "2020-10-01",
        "Request-Context": "appId=cid-v1:2d2e8e63-272e-4b3c-8598-4ee570a0e70d",
        "Strict-Transport-Security": "max-age=31536000; includeSubDomains; preload",
        "Transfer-Encoding": "chunked",
        "Vary": "Accept-Encoding",
        "X-Content-Type-Options": "nosniff",
        "x-ms-middleware-request-id": "86c4ac3f-f1bb-4979-a24b-b97e38957fc6",
        "x-ms-region": "East US",
        "x-ms-response-type": "standard",
        "X-Request-ID": "baa0b1be800edf5f68be29f23511d257",
        "x-request-time": "0.278"
      },
      "ResponseBody": {
        "id": "run_jkTteWsCRCHonNh8R45iSrkQ",
        "object": "thread.run",
        "created_at": 1746595890,
        "assistant_id": "asst_kml5LrPBWGJHiVqAHB8RIQo0",
        "thread_id": "thread_eCks79cD12kfPjh2udtcn6yu",
        "status": "failed",
        "started_at": 1746595890,
        "expires_at": null,
        "cancelled_at": null,
        "failed_at": 1746595894,
        "completed_at": null,
        "required_action": null,
        "last_error": {
          "code": "rate_limit_exceeded",
          "message": "Rate limit is exceeded. Try again in 41 seconds."
        },
        "model": "gpt-4o",
        "instructions": "You are helpful agent",
        "tools": [],
        "tool_resources": {},
        "metadata": {},
        "temperature": 1.0,
        "top_p": 1.0,
        "max_completion_tokens": null,
        "max_prompt_tokens": null,
        "truncation_strategy": {
          "type": "auto",
          "last_messages": null
        },
        "incomplete_details": null,
        "usage": {
          "prompt_tokens": 0,
          "completion_tokens": 0,
          "total_tokens": 0,
          "prompt_token_details": {
            "cached_tokens": 0
          }
        },
        "response_format": "auto",
        "tool_choice": "auto",
        "parallel_tool_calls": true
      }
    },
    {
      "RequestUri": "https://Sanitized.azure.com/api/projects/project/assistants/asst_kml5LrPBWGJHiVqAHB8RIQo0?api-version=2025-05-15-preview",
      "RequestMethod": "DELETE",
      "RequestHeaders": {
        "Accept": "application/json",
        "Accept-Encoding": "gzip,deflate",
        "Authorization": "Sanitized",
        "Connection": "keep-alive",
        "User-Agent": "azsdk-js-client azsdk-js-api azsdk-js-ai-agents/1.0.0-beta.1 core-rest-pipeline/1.20.0 Node/22.10.0 OS/(x64-Windows_NT-10.0.22631)",
        "x-ms-client-request-id": "Sanitized"
      },
      "RequestBody": null,
      "StatusCode": 200,
      "ResponseHeaders": {
        "apim-request-id": "68d6a2d1-f6a5-47ac-b36a-ef2d4dbf3ed4",
        "azureml-served-by-cluster": "vienna-eastus-01",
        "Content-Length": "95",
        "Content-Type": "application/json",
        "Date": "Wed, 07 May 2025 05:31:34 GMT",
        "openai-organization": "1fa34553a93e4e53b531c64321ca4ae2",
        "openai-processing-ms": "32",
        "openai-version": "2020-10-01",
        "Request-Context": "appId=cid-v1:2d2e8e63-272e-4b3c-8598-4ee570a0e70d",
        "Strict-Transport-Security": "max-age=31536000; includeSubDomains; preload",
        "X-Content-Type-Options": "nosniff",
        "x-ms-middleware-request-id": "c27eafa7-f532-4187-9b98-10a2ba8b2682",
        "x-ms-region": "East US",
        "x-ms-response-type": "standard",
        "X-Request-ID": "bab0444aabeca3492c6997e358570c6d",
        "x-request-time": "0.158"
      },
      "ResponseBody": {
        "id": "asst_kml5LrPBWGJHiVqAHB8RIQo0",
        "object": "assistant.deleted",
        "deleted": true
      }
    },
    {
      "RequestUri": "https://Sanitized.azure.com/api/projects/project/threads/thread_eCks79cD12kfPjh2udtcn6yu?api-version=2025-05-15-preview",
      "RequestMethod": "DELETE",
      "RequestHeaders": {
        "Accept": "application/json",
        "Accept-Encoding": "gzip,deflate",
        "Authorization": "Sanitized",
        "Connection": "keep-alive",
        "User-Agent": "azsdk-js-client azsdk-js-api azsdk-js-ai-agents/1.0.0-beta.1 core-rest-pipeline/1.20.0 Node/22.10.0 OS/(x64-Windows_NT-10.0.22631)",
        "x-ms-client-request-id": "Sanitized"
      },
      "RequestBody": null,
      "StatusCode": 200,
      "ResponseHeaders": {
        "apim-request-id": "33010487-2c1c-4975-8029-3949f6d0a1c6",
        "azureml-served-by-cluster": "vienna-eastus-01",
        "Content-Length": "94",
        "Content-Type": "application/json",
        "Date": "Wed, 07 May 2025 05:31:34 GMT",
        "openai-organization": "1fa34553a93e4e53b531c64321ca4ae2",
        "openai-processing-ms": "92",
        "openai-version": "2020-10-01",
        "Request-Context": "appId=cid-v1:2d2e8e63-272e-4b3c-8598-4ee570a0e70d",
        "Strict-Transport-Security": "max-age=31536000; includeSubDomains; preload",
        "X-Content-Type-Options": "nosniff",
        "x-ms-middleware-request-id": "1dd7a895-0979-427c-b9c0-7631ea79056c",
        "x-ms-region": "East US",
        "x-ms-response-type": "standard",
        "X-Request-ID": "547cafdb918453b25eeb49019b6099c5",
        "x-request-time": "0.212"
      },
      "ResponseBody": {
        "id": "thread_eCks79cD12kfPjh2udtcn6yu",
        "object": "thread.deleted",
        "deleted": true
      }
    }
  ],
  "Variables": {}
}
