{
  "Entries": [
    {
      "RequestUri": "https://Sanitized.openai.azure.com/openai/assistants?api-version=2025-03-01-preview",
      "RequestMethod": "POST",
      "RequestHeaders": {
        "Accept": "application/json",
        "api-key": "Sanitized",
        "Content-Length": "23",
        "Content-Type": "application/json",
        "OpenAI-Beta": "assistants=v2",
        "User-Agent": "azsdk-net-AI.OpenAI/2.2.0-beta.3-rsp2025022701 (.NET 8.0.13; Microsoft Windows 10.0.26100)",
        "x-ms-client-request-id": "Sanitized"
      },
      "RequestBody": {
        "model": "gpt-4o-mini"
      },
      "StatusCode": 200,
      "ResponseHeaders": {
        "apim-request-id": "991abb83-666b-4eb8-9d2f-289111521498",
        "Connection": "keep-alive",
        "Content-Length": "309",
        "Content-Type": "application/json",
        "Date": "Tue, 11 Mar 2025 23:59:52 GMT",
        "openai-organization": "1ae165719699410c9b5dba48cfaf5755",
        "openai-processing-ms": "65",
        "openai-version": "2020-10-01",
        "Strict-Transport-Security": "max-age=31536000; includeSubDomains; preload",
        "X-Content-Type-Options": "nosniff",
        "x-ms-middleware-request-id": "991abb83-666b-4eb8-9d2f-289111521498",
        "x-ms-region": "East US",
        "X-Request-ID": "0c93887b-a994-42b3-841b-7245c08d2d15"
      },
      "ResponseBody": {
        "id": "asst_deM9MVUWoewznZPImpTi9cN2",
        "object": "assistant",
        "created_at": 1741737592,
        "name": null,
        "description": null,
        "model": "gpt-4o-mini",
        "instructions": null,
        "tools": [],
        "top_p": 1.0,
        "temperature": 1.0,
        "tool_resources": {},
        "metadata": {},
        "response_format": "auto"
      }
    },
    {
      "RequestUri": "https://Sanitized.openai.azure.com/openai/threads?api-version=2025-03-01-preview",
      "RequestMethod": "POST",
      "RequestHeaders": {
        "Accept": "application/json",
        "api-key": "Sanitized",
        "Content-Length": "0",
        "OpenAI-Beta": "assistants=v2",
        "User-Agent": "azsdk-net-AI.OpenAI/2.2.0-beta.3-rsp2025022701 (.NET 8.0.13; Microsoft Windows 10.0.26100)",
        "x-ms-client-request-id": "Sanitized"
      },
      "RequestBody": null,
      "StatusCode": 200,
      "ResponseHeaders": {
        "apim-request-id": "4e0357c2-0875-4843-889a-aa52fbb9ee26",
        "Connection": "keep-alive",
        "Content-Length": "137",
        "Content-Type": "application/json",
        "Date": "Tue, 11 Mar 2025 23:59:52 GMT",
        "openai-organization": "1ae165719699410c9b5dba48cfaf5755",
        "openai-processing-ms": "69",
        "openai-version": "2020-10-01",
        "Strict-Transport-Security": "max-age=31536000; includeSubDomains; preload",
        "X-Content-Type-Options": "nosniff",
        "x-ms-middleware-request-id": "f5364c52-0d6f-4162-a943-62d7e14fa70c",
        "x-ms-region": "East US",
        "X-Request-ID": "b749eadc-5874-44c8-9b93-dec3d5341ee4"
      },
      "ResponseBody": {
        "id": "thread_ERijYGtj5dMzFIDyLe2bd9Nr",
        "object": "thread",
        "created_at": 1741737592,
        "metadata": {},
        "tool_resources": {}
      }
    },
    {
      "RequestUri": "https://Sanitized.openai.azure.com/openai/threads/thread_ERijYGtj5dMzFIDyLe2bd9Nr/messages?api-version=2025-03-01-preview",
      "RequestMethod": "POST",
      "RequestHeaders": {
        "Accept": "application/json",
        "api-key": "Sanitized",
        "Content-Length": "51",
        "Content-Type": "application/json",
        "OpenAI-Beta": "assistants=v2",
        "User-Agent": "azsdk-net-AI.OpenAI/2.2.0-beta.3-rsp2025022701 (.NET 8.0.13; Microsoft Windows 10.0.26100)",
        "x-ms-client-request-id": "Sanitized"
      },
      "RequestBody": {
        "role": "user",
        "content": "Write some JSON for me!"
      },
      "StatusCode": 200,
      "ResponseHeaders": {
        "apim-request-id": "c55c5615-f7fb-4439-8cc9-e23f07c81998",
        "Connection": "keep-alive",
        "Content-Length": "397",
        "Content-Type": "application/json",
        "Date": "Tue, 11 Mar 2025 23:59:52 GMT",
        "openai-organization": "1ae165719699410c9b5dba48cfaf5755",
        "openai-processing-ms": "92",
        "openai-version": "2020-10-01",
        "Strict-Transport-Security": "max-age=31536000; includeSubDomains; preload",
        "X-Content-Type-Options": "nosniff",
        "x-ms-middleware-request-id": "8317b07e-d292-414a-a5d3-2baf4cb7aad9",
        "x-ms-region": "East US",
        "X-Request-ID": "ea7eb17e-f347-4c81-8fcf-564f62b46aea"
      },
      "ResponseBody": {
        "id": "msg_vvvDlgrBCjaNpMiFFQrA0L28",
        "object": "thread.message",
        "created_at": 1741737592,
        "assistant_id": null,
        "thread_id": "thread_ERijYGtj5dMzFIDyLe2bd9Nr",
        "run_id": null,
        "role": "user",
        "content": [
          {
            "type": "text",
            "text": {
              "value": "Write some JSON for me!",
              "annotations": []
            }
          }
        ],
        "attachments": [],
        "metadata": {}
      }
    },
    {
      "RequestUri": "https://Sanitized.openai.azure.com/openai/threads/thread_ERijYGtj5dMzFIDyLe2bd9Nr/runs?api-version=2025-03-01-preview",
      "RequestMethod": "POST",
      "RequestHeaders": {
        "Accept": "application/json",
        "api-key": "Sanitized",
        "Content-Length": "73",
        "Content-Type": "application/json",
        "OpenAI-Beta": "assistants=v2",
        "User-Agent": "azsdk-net-AI.OpenAI/2.2.0-beta.3-rsp2025022701 (.NET 8.0.13; Microsoft Windows 10.0.26100)",
        "x-ms-client-request-id": "Sanitized"
      },
      "RequestBody": {
        "assistant_id": "asst_deM9MVUWoewznZPImpTi9cN2",
        "additional_messages": []
      },
      "StatusCode": 200,
      "ResponseHeaders": {
        "apim-request-id": "522b84c7-3cee-49ca-99ff-299a7ed3ad80",
        "Connection": "keep-alive",
        "Content-Length": "804",
        "Content-Type": "application/json",
        "Date": "Tue, 11 Mar 2025 23:59:52 GMT",
        "openai-organization": "1ae165719699410c9b5dba48cfaf5755",
        "openai-processing-ms": "206",
        "openai-version": "2020-10-01",
        "Strict-Transport-Security": "max-age=31536000; includeSubDomains; preload",
        "X-Content-Type-Options": "nosniff",
        "x-ms-middleware-request-id": "097c83af-e4dd-4ad0-b746-53e938c6bc49",
        "x-ms-region": "East US",
        "X-Request-ID": "b9771d16-bf98-4b86-9788-3903e616a1ef"
      },
      "ResponseBody": {
        "id": "run_HWZIMN75MKdrQTTrtztBa7S2",
        "object": "thread.run",
        "created_at": 1741737592,
        "assistant_id": "asst_deM9MVUWoewznZPImpTi9cN2",
        "thread_id": "thread_ERijYGtj5dMzFIDyLe2bd9Nr",
        "status": "queued",
        "started_at": null,
        "expires_at": 1741738192,
        "cancelled_at": null,
        "failed_at": null,
        "completed_at": null,
        "required_action": null,
        "last_error": null,
        "model": "gpt-4o-mini",
        "instructions": null,
        "tools": [],
        "tool_resources": {},
        "metadata": {},
        "temperature": 1.0,
        "top_p": 1.0,
        "max_completion_tokens": null,
        "max_prompt_tokens": null,
        "truncation_strategy": {
          "type": "auto",
          "last_messages": null
        },
        "incomplete_details": null,
        "usage": null,
        "response_format": "auto",
        "tool_choice": "auto",
        "parallel_tool_calls": true
      }
    },
    {
      "RequestUri": "https://Sanitized.openai.azure.com/openai/threads/thread_ERijYGtj5dMzFIDyLe2bd9Nr/messages/msg_vvvDlgrBCjaNpMiFFQrA0L28?api-version=2025-03-01-preview",
      "RequestMethod": "DELETE",
      "RequestHeaders": {
        "Accept": "application/json",
        "api-key": "Sanitized",
        "OpenAI-Beta": "assistants=v2",
        "User-Agent": "azsdk-net-AI.OpenAI/2.2.0-beta.3-rsp2025022701 (.NET 8.0.13; Microsoft Windows 10.0.26100)",
        "x-ms-client-request-id": "Sanitized"
      },
      "RequestBody": null,
      "StatusCode": 200,
      "ResponseHeaders": {
        "apim-request-id": "bab69545-5409-4769-a90f-e141e6493e84",
        "Connection": "keep-alive",
        "Content-Length": "99",
        "Content-Type": "application/json",
        "Date": "Tue, 11 Mar 2025 23:59:53 GMT",
        "openai-organization": "1ae165719699410c9b5dba48cfaf5755",
        "openai-processing-ms": "82",
        "openai-version": "2020-10-01",
        "Strict-Transport-Security": "max-age=31536000; includeSubDomains; preload",
        "X-Content-Type-Options": "nosniff",
        "x-ms-middleware-request-id": "5adf0f51-cc29-4dd6-860d-2a9bc7798ea5",
        "x-ms-region": "East US",
        "X-Request-ID": "2fedd424-9a26-4c7b-82d0-7ecf63f2d0d3"
      },
      "ResponseBody": {
        "id": "msg_vvvDlgrBCjaNpMiFFQrA0L28",
        "object": "thread.message.deleted",
        "deleted": true
      }
    },
    {
      "RequestUri": "https://Sanitized.openai.azure.com/openai/assistants/asst_deM9MVUWoewznZPImpTi9cN2?api-version=2025-03-01-preview",
      "RequestMethod": "DELETE",
      "RequestHeaders": {
        "Accept": "application/json",
        "api-key": "Sanitized",
        "OpenAI-Beta": "assistants=v2",
        "User-Agent": "azsdk-net-AI.OpenAI/2.2.0-beta.3-rsp2025022701 (.NET 8.0.13; Microsoft Windows 10.0.26100)",
        "x-ms-client-request-id": "Sanitized"
      },
      "RequestBody": null,
      "StatusCode": 200,
      "ResponseHeaders": {
        "apim-request-id": "da3a6c12-b0b6-4492-bf7f-6feb9dd14f34",
        "Connection": "keep-alive",
        "Content-Length": "95",
        "Content-Type": "application/json",
        "Date": "Tue, 11 Mar 2025 23:59:53 GMT",
        "openai-organization": "1ae165719699410c9b5dba48cfaf5755",
        "openai-processing-ms": "85",
        "openai-version": "2020-10-01",
        "Strict-Transport-Security": "max-age=31536000; includeSubDomains; preload",
        "X-Content-Type-Options": "nosniff",
        "x-ms-middleware-request-id": "10434008-bc8f-4388-8599-685487dc5ac8",
        "x-ms-region": "East US",
        "X-Request-ID": "9ac00604-ac61-40bd-9d4e-ee61ef8b4262"
      },
      "ResponseBody": {
        "id": "asst_deM9MVUWoewznZPImpTi9cN2",
        "object": "assistant.deleted",
        "deleted": true
      }
    },
    {
      "RequestUri": "https://Sanitized.openai.azure.com/openai/threads/thread_ERijYGtj5dMzFIDyLe2bd9Nr?api-version=2025-03-01-preview",
      "RequestMethod": "DELETE",
      "RequestHeaders": {
        "Accept": "application/json",
        "api-key": "Sanitized",
        "OpenAI-Beta": "assistants=v2",
        "User-Agent": "azsdk-net-AI.OpenAI/2.2.0-beta.3-rsp2025022701 (.NET 8.0.13; Microsoft Windows 10.0.26100)",
        "x-ms-client-request-id": "Sanitized"
      },
      "RequestBody": null,
      "StatusCode": 200,
      "ResponseHeaders": {
        "apim-request-id": "7d4778e5-72b7-4e79-95df-f396f654679d",
        "Connection": "keep-alive",
        "Content-Length": "94",
        "Content-Type": "application/json",
        "Date": "Tue, 11 Mar 2025 23:59:53 GMT",
        "openai-organization": "1ae165719699410c9b5dba48cfaf5755",
        "openai-processing-ms": "82",
        "openai-version": "2020-10-01",
        "Strict-Transport-Security": "max-age=31536000; includeSubDomains; preload",
        "X-Content-Type-Options": "nosniff",
        "x-ms-middleware-request-id": "43324d10-df57-44f2-912d-1c438ab6692d",
        "x-ms-region": "East US",
        "X-Request-ID": "251244b6-c9f0-45e3-bd8b-d834ef44d8cc"
      },
      "ResponseBody": {
        "id": "thread_ERijYGtj5dMzFIDyLe2bd9Nr",
        "object": "thread.deleted",
        "deleted": true
      }
    }
  ],
  "Variables": {
    "RandomSeed": "86914995"
  }
}
