{
  "Entries": [
    {
      "RequestUri": "https://Sanitized.openai.azure.com/openai/assistants?api-version=2025-03-01-preview",
      "RequestMethod": "POST",
      "RequestHeaders": {
        "Accept": "application/json",
        "api-key": "Sanitized",
        "Content-Length": "148",
        "Content-Type": "application/json",
        "OpenAI-Beta": "assistants=v2",
        "User-Agent": "azsdk-net-AI.OpenAI/2.2.0-beta.3-rsp2025022701 (.NET 8.0.13; Microsoft Windows 10.0.26100)",
        "x-ms-client-request-id": "Sanitized"
      },
      "RequestBody": {
        "model": "gpt-4o-mini",
        "tools": [
          {
            "function": {
              "description": "Gets the user's current weather",
              "name": "get_current_weather"
            },
            "type": "function"
          }
        ]
      },
      "StatusCode": 200,
      "ResponseHeaders": {
        "apim-request-id": "c7f3a4e6-b269-4c70-ad72-ee3212e21e3e",
        "Connection": "keep-alive",
        "Content-Length": "589",
        "Content-Type": "application/json",
        "Date": "Wed, 12 Mar 2025 00:01:41 GMT",
        "openai-organization": "1ae165719699410c9b5dba48cfaf5755",
        "openai-processing-ms": "75",
        "openai-version": "2020-10-01",
        "Strict-Transport-Security": "max-age=31536000; includeSubDomains; preload",
        "X-Content-Type-Options": "nosniff",
        "x-ms-middleware-request-id": "c7f3a4e6-b269-4c70-ad72-ee3212e21e3e",
        "x-ms-region": "East US",
        "X-Request-ID": "a4e04685-9278-4fda-97d0-2459fe1e1ba3"
      },
      "ResponseBody": {
        "id": "asst_53M2azy9UdKLYJA5ZblDFcTs",
        "object": "assistant",
        "created_at": 1741737701,
        "name": null,
        "description": null,
        "model": "gpt-4o-mini",
        "instructions": null,
        "tools": [
          {
            "type": "function",
            "function": {
              "name": "get_current_weather",
              "description": "Gets the user's current weather",
              "parameters": {
                "type": "object",
                "properties": {}
              },
              "strict": false
            }
          }
        ],
        "top_p": 1.0,
        "temperature": 1.0,
        "tool_resources": {},
        "metadata": {},
        "response_format": "auto"
      }
    },
    {
      "RequestUri": "https://Sanitized.openai.azure.com/openai/threads/runs?api-version=2025-03-01-preview",
      "RequestMethod": "POST",
      "RequestHeaders": {
        "Accept": "application/json",
        "api-key": "Sanitized",
        "Content-Length": "152",
        "Content-Type": "application/json",
        "OpenAI-Beta": "assistants=v2",
        "User-Agent": "azsdk-net-AI.OpenAI/2.2.0-beta.3-rsp2025022701 (.NET 8.0.13; Microsoft Windows 10.0.26100)",
        "x-ms-client-request-id": "Sanitized"
      },
      "RequestBody": {
        "assistant_id": "asst_53M2azy9UdKLYJA5ZblDFcTs",
        "thread": {
          "messages": [
            {
              "role": "user",
              "content": "What should I wear outside right now?"
            }
          ]
        },
        "stream": true
      },
      "StatusCode": 200,
      "ResponseHeaders": {
        "apim-request-id": "fb9249f4-c5c7-4a0b-b3a4-06d1f4349992",
        "Connection": "keep-alive",
        "Content-Type": "text/event-stream; charset=utf-8",
        "Date": "Wed, 12 Mar 2025 00:01:41 GMT",
        "openai-organization": "1ae165719699410c9b5dba48cfaf5755",
        "openai-processing-ms": "186",
        "openai-version": "2020-10-01",
        "Strict-Transport-Security": "max-age=31536000; includeSubDomains; preload",
        "Transfer-Encoding": "chunked",
        "X-Content-Type-Options": "nosniff",
        "x-ms-middleware-request-id": "3026dbb8-13c3-4c25-af6c-e991cd6848fe",
        "x-ms-region": "East US",
        "X-Request-ID": "3d32ae27-4092-48a8-b9ff-72f53917751f"
      },
      "ResponseBody": [
        "event: thread.created\n",
        "data: {\"id\":\"thread_VdzZySsbDiv4vFjxPYXOOD4a\",\"object\":\"thread\",\"created_at\":1741737701,\"metadata\":{},\"tool_resources\":{\"code_interpreter\":{\"file_ids\":[]}}}\n\n",
        "event: thread.run.created\n",
        "data: {\"id\":\"run_0j5U9PRMxNsNoiKPjZ8ns7z3\",\"object\":\"thread.run\",\"created_at\":1741737701,\"assistant_id\":\"asst_53M2azy9UdKLYJA5ZblDFcTs\",\"thread_id\":\"thread_VdzZySsbDiv4vFjxPYXOOD4a\",\"status\":\"queued\",\"started_at\":null,\"expires_at\":1741738301,\"cancelled_at\":null,\"failed_at\":null,\"completed_at\":null,\"required_action\":null,\"last_error\":null,\"model\":\"gpt-4o-mini\",\"instructions\":null,\"tools\":[{\"type\":\"function\",\"function\":{\"name\":\"get_current_weather\",\"description\":\"Gets the user's current weather\",\"parameters\":{\"type\":\"object\",\"properties\":{}},\"strict\":false}}],\"tool_resources\":{\"code_interpreter\":{\"file_ids\":[]}},\"metadata\":{},\"temperature\":1.0,\"top_p\":1.0,\"max_completion_tokens\":null,\"max_prompt_tokens\":null,\"truncation_strategy\":{\"type\":\"auto\",\"last_messages\":null},\"incomplete_details\":null,\"usage\":null,\"response_format\":\"auto\",\"tool_choice\":\"auto\",\"parallel_tool_calls\":true}\n\n",
        "event: thread.run.queued\n",
        "data: {\"id\":\"run_0j5U9PRMxNsNoiKPjZ8ns7z3\",\"object\":\"thread.run\",\"created_at\":1741737701,\"assistant_id\":\"asst_53M2azy9UdKLYJA5ZblDFcTs\",\"thread_id\":\"thread_VdzZySsbDiv4vFjxPYXOOD4a\",\"status\":\"queued\",\"started_at\":null,\"expires_at\":1741738301,\"cancelled_at\":null,\"failed_at\":null,\"completed_at\":null,\"required_action\":null,\"last_error\":null,\"model\":\"gpt-4o-mini\",\"instructions\":null,\"tools\":[{\"type\":\"function\",\"function\":{\"name\":\"get_current_weather\",\"description\":\"Gets the user's current weather\",\"parameters\":{\"type\":\"object\",\"properties\":{}},\"strict\":false}}],\"tool_resources\":{\"code_interpreter\":{\"file_ids\":[]}},\"metadata\":{},\"temperature\":1.0,\"top_p\":1.0,\"max_completion_tokens\":null,\"max_prompt_tokens\":null,\"truncation_strategy\":{\"type\":\"auto\",\"last_messages\":null},\"incomplete_details\":null,\"usage\":null,\"response_format\":\"auto\",\"tool_choice\":\"auto\",\"parallel_tool_calls\":true}\n\n",
        "event: thread.run.in_progress\n",
        "data: {\"id\":\"run_0j5U9PRMxNsNoiKPjZ8ns7z3\",\"object\":\"thread.run\",\"created_at\":1741737701,\"assistant_id\":\"asst_53M2azy9UdKLYJA5ZblDFcTs\",\"thread_id\":\"thread_VdzZySsbDiv4vFjxPYXOOD4a\",\"status\":\"in_progress\",\"started_at\":1741737702,\"expires_at\":1741738301,\"cancelled_at\":null,\"failed_at\":null,\"completed_at\":null,\"required_action\":null,\"last_error\":null,\"model\":\"gpt-4o-mini\",\"instructions\":null,\"tools\":[{\"type\":\"function\",\"function\":{\"name\":\"get_current_weather\",\"description\":\"Gets the user's current weather\",\"parameters\":{\"type\":\"object\",\"properties\":{}},\"strict\":false}}],\"tool_resources\":{\"code_interpreter\":{\"file_ids\":[]}},\"metadata\":{},\"temperature\":1.0,\"top_p\":1.0,\"max_completion_tokens\":null,\"max_prompt_tokens\":null,\"truncation_strategy\":{\"type\":\"auto\",\"last_messages\":null},\"incomplete_details\":null,\"usage\":null,\"response_format\":\"auto\",\"tool_choice\":\"auto\",\"parallel_tool_calls\":true}\n\n",
        "event: thread.run.step.created\n",
        "data: {\"id\":\"step_f5TzmLpBAoEeyZiIm8MLO5Sa\",\"object\":\"thread.run.step\",\"created_at\":1741737703,\"run_id\":\"run_0j5U9PRMxNsNoiKPjZ8ns7z3\",\"assistant_id\":\"asst_53M2azy9UdKLYJA5ZblDFcTs\",\"thread_id\":\"thread_VdzZySsbDiv4vFjxPYXOOD4a\",\"type\":\"tool_calls\",\"status\":\"in_progress\",\"cancelled_at\":null,\"completed_at\":null,\"expires_at\":1741738301,\"failed_at\":null,\"last_error\":null,\"step_details\":{\"type\":\"tool_calls\",\"tool_calls\":[]},\"usage\":null}\n\n",
        "event: thread.run.step.in_progress\n",
        "data: {\"id\":\"step_f5TzmLpBAoEeyZiIm8MLO5Sa\",\"object\":\"thread.run.step\",\"created_at\":1741737703,\"run_id\":\"run_0j5U9PRMxNsNoiKPjZ8ns7z3\",\"assistant_id\":\"asst_53M2azy9UdKLYJA5ZblDFcTs\",\"thread_id\":\"thread_VdzZySsbDiv4vFjxPYXOOD4a\",\"type\":\"tool_calls\",\"status\":\"in_progress\",\"cancelled_at\":null,\"completed_at\":null,\"expires_at\":1741738301,\"failed_at\":null,\"last_error\":null,\"step_details\":{\"type\":\"tool_calls\",\"tool_calls\":[]},\"usage\":null}\n\n",
        "event: thread.run.step.delta\n",
        "data: {\"id\":\"step_f5TzmLpBAoEeyZiIm8MLO5Sa\",\"object\":\"thread.run.step.delta\",\"delta\":{\"step_details\":{\"type\":\"tool_calls\",\"tool_calls\":[{\"index\":0,\"id\":\"call_tdjCf66KMRkqTeVx9QoYTfDS\",\"type\":\"function\",\"function\":{\"name\":\"get_current_weather\",\"arguments\":\"\",\"output\":null}}]}}}\n\n",
        "event: thread.run.step.delta\n",
        "data: {\"id\":\"step_f5TzmLpBAoEeyZiIm8MLO5Sa\",\"object\":\"thread.run.step.delta\",\"delta\":{\"step_details\":{\"type\":\"tool_calls\",\"tool_calls\":[{\"index\":0,\"type\":\"function\",\"function\":{\"arguments\":\"{}\"}}]}}}\n\n",
        "event: thread.run.requires_action\n",
        "data: {\"id\":\"run_0j5U9PRMxNsNoiKPjZ8ns7z3\",\"object\":\"thread.run\",\"created_at\":1741737701,\"assistant_id\":\"asst_53M2azy9UdKLYJA5ZblDFcTs\",\"thread_id\":\"thread_VdzZySsbDiv4vFjxPYXOOD4a\",\"status\":\"requires_action\",\"started_at\":1741737702,\"expires_at\":1741738301,\"cancelled_at\":null,\"failed_at\":null,\"completed_at\":null,\"required_action\":{\"type\":\"submit_tool_outputs\",\"submit_tool_outputs\":{\"tool_calls\":[{\"id\":\"call_tdjCf66KMRkqTeVx9QoYTfDS\",\"type\":\"function\",\"function\":{\"name\":\"get_current_weather\",\"arguments\":\"{}\"}}]}},\"last_error\":null,\"model\":\"gpt-4o-mini\",\"instructions\":null,\"tools\":[{\"type\":\"function\",\"function\":{\"name\":\"get_current_weather\",\"description\":\"Gets the user's current weather\",\"parameters\":{\"type\":\"object\",\"properties\":{}},\"strict\":false}}],\"tool_resources\":{\"code_interpreter\":{\"file_ids\":[]}},\"metadata\":{},\"temperature\":1.0,\"top_p\":1.0,\"max_completion_tokens\":null,\"max_prompt_tokens\":null,\"truncation_strategy\":{\"type\":\"auto\",\"last_messages\":null},\"incomplete_details\":null,\"usage\":null,\"response_format\":\"auto\",\"tool_choice\":\"auto\",\"parallel_tool_calls\":true}\n\n",
        "event: done\n",
        "data: [DONE]\n\n"
      ]
    },
    {
      "RequestUri": "https://Sanitized.openai.azure.com/openai/threads/thread_VdzZySsbDiv4vFjxPYXOOD4a/runs/run_0j5U9PRMxNsNoiKPjZ8ns7z3/submit_tool_outputs?api-version=2025-03-01-preview",
      "RequestMethod": "POST",
      "RequestHeaders": {
        "Accept": "application/json",
        "api-key": "Sanitized",
        "Content-Length": "107",
        "Content-Type": "application/json",
        "OpenAI-Beta": "assistants=v2",
        "User-Agent": "azsdk-net-AI.OpenAI/2.2.0-beta.3-rsp2025022701 (.NET 8.0.13; Microsoft Windows 10.0.26100)",
        "x-ms-client-request-id": "Sanitized"
      },
      "RequestBody": {
        "tool_outputs": [
          {
            "tool_call_id": "call_tdjCf66KMRkqTeVx9QoYTfDS",
            "output": "warm and sunny"
          }
        ],
        "stream": true
      },
      "StatusCode": 200,
      "ResponseHeaders": {
        "apim-request-id": "9b617729-06e1-4fd7-be11-1f6cd2114f7a",
        "Connection": "keep-alive",
        "Content-Type": "text/event-stream; charset=utf-8",
        "Date": "Wed, 12 Mar 2025 00:01:43 GMT",
        "openai-organization": "1ae165719699410c9b5dba48cfaf5755",
        "openai-processing-ms": "158",
        "openai-version": "2020-10-01",
        "Strict-Transport-Security": "max-age=31536000; includeSubDomains; preload",
        "Transfer-Encoding": "chunked",
        "X-Content-Type-Options": "nosniff",
        "x-ms-middleware-request-id": "137d35ad-c1e3-4517-b800-f4544714c27e",
        "x-ms-region": "East US",
        "X-Request-ID": "f7ba953b-ca61-45a8-9683-90fc437e069b"
      },
      "ResponseBody": [
        "event: thread.run.step.completed\n",
        "data: {\"id\":\"step_f5TzmLpBAoEeyZiIm8MLO5Sa\",\"object\":\"thread.run.step\",\"created_at\":1741737703,\"run_id\":\"run_0j5U9PRMxNsNoiKPjZ8ns7z3\",\"assistant_id\":\"asst_53M2azy9UdKLYJA5ZblDFcTs\",\"thread_id\":\"thread_VdzZySsbDiv4vFjxPYXOOD4a\",\"type\":\"tool_calls\",\"status\":\"completed\",\"cancelled_at\":null,\"completed_at\":1741737703,\"expires_at\":1741738301,\"failed_at\":null,\"last_error\":null,\"step_details\":{\"type\":\"tool_calls\",\"tool_calls\":[{\"id\":\"call_tdjCf66KMRkqTeVx9QoYTfDS\",\"type\":\"function\",\"function\":{\"name\":\"get_current_weather\",\"arguments\":\"{}\",\"output\":\"warm and sunny\"}}]},\"usage\":{\"prompt_tokens\":278,\"completion_tokens\":12,\"total_tokens\":290,\"prompt_token_details\":{\"cached_tokens\":0}}}\n\n",
        "event: thread.run.queued\n",
        "data: {\"id\":\"run_0j5U9PRMxNsNoiKPjZ8ns7z3\",\"object\":\"thread.run\",\"created_at\":1741737701,\"assistant_id\":\"asst_53M2azy9UdKLYJA5ZblDFcTs\",\"thread_id\":\"thread_VdzZySsbDiv4vFjxPYXOOD4a\",\"status\":\"queued\",\"started_at\":1741737702,\"expires_at\":1741738301,\"cancelled_at\":null,\"failed_at\":null,\"completed_at\":null,\"required_action\":null,\"last_error\":null,\"model\":\"gpt-4o-mini\",\"instructions\":null,\"tools\":[{\"type\":\"function\",\"function\":{\"name\":\"get_current_weather\",\"description\":\"Gets the user's current weather\",\"parameters\":{\"type\":\"object\",\"properties\":{}},\"strict\":false}}],\"tool_resources\":{\"code_interpreter\":{\"file_ids\":[]}},\"metadata\":{},\"temperature\":1.0,\"top_p\":1.0,\"max_completion_tokens\":null,\"max_prompt_tokens\":null,\"truncation_strategy\":{\"type\":\"auto\",\"last_messages\":null},\"incomplete_details\":null,\"usage\":null,\"response_format\":\"auto\",\"tool_choice\":\"auto\",\"parallel_tool_calls\":true}\n\n",
        "event: thread.run.in_progress\n",
        "data: {\"id\":\"run_0j5U9PRMxNsNoiKPjZ8ns7z3\",\"object\":\"thread.run\",\"created_at\":1741737701,\"assistant_id\":\"asst_53M2azy9UdKLYJA5ZblDFcTs\",\"thread_id\":\"thread_VdzZySsbDiv4vFjxPYXOOD4a\",\"status\":\"in_progress\",\"started_at\":1741737703,\"expires_at\":1741738301,\"cancelled_at\":null,\"failed_at\":null,\"completed_at\":null,\"required_action\":null,\"last_error\":null,\"model\":\"gpt-4o-mini\",\"instructions\":null,\"tools\":[{\"type\":\"function\",\"function\":{\"name\":\"get_current_weather\",\"description\":\"Gets the user's current weather\",\"parameters\":{\"type\":\"object\",\"properties\":{}},\"strict\":false}}],\"tool_resources\":{\"code_interpreter\":{\"file_ids\":[]}},\"metadata\":{},\"temperature\":1.0,\"top_p\":1.0,\"max_completion_tokens\":null,\"max_prompt_tokens\":null,\"truncation_strategy\":{\"type\":\"auto\",\"last_messages\":null},\"incomplete_details\":null,\"usage\":null,\"response_format\":\"auto\",\"tool_choice\":\"auto\",\"parallel_tool_calls\":true}\n\n",
        "event: thread.run.failed\n",
        "data: {\"id\":\"run_0j5U9PRMxNsNoiKPjZ8ns7z3\",\"object\":\"thread.run\",\"created_at\":1741737701,\"assistant_id\":\"asst_53M2azy9UdKLYJA5ZblDFcTs\",\"thread_id\":\"thread_VdzZySsbDiv4vFjxPYXOOD4a\",\"status\":\"failed\",\"started_at\":1741737703,\"expires_at\":null,\"cancelled_at\":null,\"failed_at\":1741737707,\"completed_at\":null,\"required_action\":null,\"last_error\":{\"code\":\"rate_limit_exceeded\",\"message\":\"Rate limit is exceeded. Try again in 14 seconds.\"},\"model\":\"gpt-4o-mini\",\"instructions\":null,\"tools\":[{\"type\":\"function\",\"function\":{\"name\":\"get_current_weather\",\"description\":\"Gets the user's current weather\",\"parameters\":{\"type\":\"object\",\"properties\":{}},\"strict\":false}}],\"tool_resources\":{\"code_interpreter\":{\"file_ids\":[]}},\"metadata\":{},\"temperature\":1.0,\"top_p\":1.0,\"max_completion_tokens\":null,\"max_prompt_tokens\":null,\"truncation_strategy\":{\"type\":\"auto\",\"last_messages\":null},\"incomplete_details\":null,\"usage\":{\"prompt_tokens\":278,\"completion_tokens\":12,\"total_tokens\":290,\"prompt_token_details\":{\"cached_tokens\":0}},\"response_format\":\"auto\",\"tool_choice\":\"auto\",\"parallel_tool_calls\":true}\n\n",
        "event: done\n",
        "data: [DONE]\n\n"
      ]
    },
    {
      "RequestUri": "https://Sanitized.openai.azure.com/openai/assistants/asst_53M2azy9UdKLYJA5ZblDFcTs?api-version=2025-03-01-preview",
      "RequestMethod": "DELETE",
      "RequestHeaders": {
        "Accept": "application/json",
        "api-key": "Sanitized",
        "OpenAI-Beta": "assistants=v2",
        "User-Agent": "azsdk-net-AI.OpenAI/2.2.0-beta.3-rsp2025022701 (.NET 8.0.13; Microsoft Windows 10.0.26100)",
        "x-ms-client-request-id": "Sanitized"
      },
      "RequestBody": null,
      "StatusCode": 200,
      "ResponseHeaders": {
        "apim-request-id": "d98ff80c-dec6-41bf-9b2a-1438dc5ebd74",
        "Connection": "keep-alive",
        "Content-Length": "95",
        "Content-Type": "application/json",
        "Date": "Wed, 12 Mar 2025 00:01:47 GMT",
        "openai-organization": "1ae165719699410c9b5dba48cfaf5755",
        "openai-processing-ms": "77",
        "openai-version": "2020-10-01",
        "Strict-Transport-Security": "max-age=31536000; includeSubDomains; preload",
        "X-Content-Type-Options": "nosniff",
        "x-ms-middleware-request-id": "c82ec607-9c58-4ec8-ae37-0f308b67ed40",
        "x-ms-region": "East US",
        "X-Request-ID": "bcb65e15-8901-48eb-b092-a701880f2f46"
      },
      "ResponseBody": {
        "id": "asst_53M2azy9UdKLYJA5ZblDFcTs",
        "object": "assistant.deleted",
        "deleted": true
      }
    }
  ],
  "Variables": {
    "RandomSeed": "258670269"
  }
}
