{
  "Entries": [
    {
      "RequestUri": "https://REDACTED/subscriptions/00000000-0000-0000-0000-000000000000/resourcegroups/vmexttest25922?api-version=2022-09-01",
      "RequestMethod": "PUT",
      "RequestHeaders": {
        "Accept": "application/json",
        "Authorization": "Sanitized",
        "Content-Length": "21",
        "Content-Type": "application/json",
        "Date": "Tue, 25 Jul 2023 01:54:13 GMT",
        "User-Agent": "azsdk-java-com.azure.resourcemanager.resources/2.29.0-beta.1 (17.0.1; Windows 11; 10.0)",
        "x-ms-client-request-id": "b82c379a-a6f3-4262-8016-84494319fdae",
        "x-ms-return-client-request-id": "true"
      },
      "RequestBody": {
        "location": "eastus"
      },
      "StatusCode": 201,
      "ResponseHeaders": {
        "Cache-Control": "no-cache",
        "Content-Length": "225",
        "Content-Type": "application/json; charset=utf-8",
        "Date": "Tue, 25 Jul 2023 01:54:17 GMT",
        "Expires": "-1",
        "Pragma": "no-cache",
        "Strict-Transport-Security": "max-age=31536000; includeSubDomains",
        "X-Content-Type-Options": "nosniff",
        "x-ms-correlation-request-id": "b7f8b459-5674-45b0-a6dc-c28ab3d2ba69",
        "x-ms-ratelimit-remaining-subscription-writes": "1197",
        "x-ms-request-id": "b7f8b459-5674-45b0-a6dc-c28ab3d2ba69",
        "x-ms-routing-request-id": "SOUTHEASTASIA:20230725T015418Z:b7f8b459-5674-45b0-a6dc-c28ab3d2ba69"
      },
      "ResponseBody": {
        "id": "/subscriptions/ec0aa5f7-9e78-40c9-85cd-535c6305b380/resourceGroups/vmexttest25922",
        "name": "vmexttest25922",
        "type": "Microsoft.Resources/resourceGroups",
        "location": "eastus",
        "properties": {
          "provisioningState": "Succeeded"
        }
      }
    },
    {
      "RequestUri": "https://REDACTED/subscriptions/00000000-0000-0000-0000-000000000000/resourceGroups/vmexttest25922/providers/Microsoft.Storage/storageAccounts/stg4858985b?api-version=2022-09-01",
      "RequestMethod": "PUT",
      "RequestHeaders": {
        "Accept": "application/json",
        "Authorization": "Sanitized",
        "Content-Length": "266",
        "Content-Type": "application/json",
        "Date": "Tue, 25 Jul 2023 01:54:17 GMT",
        "User-Agent": "azsdk-java-com.azure.resourcemanager.storage/2.29.0-beta.1 (17.0.1; Windows 11; 10.0)",
        "x-ms-client-request-id": "ea0eeb29-886e-4f8d-9f06-a453a0c84ad0",
        "x-ms-return-client-request-id": "true"
      },
      "RequestBody": {
        "sku": {
          "name": "Standard_RAGRS"
        },
        "kind": "StorageV2",
        "location": "eastus",
        "tags": {},
        "properties": {
          "encryption": {
            "services": {
              "blob": {
                "enabled": true
              },
              "file": {
                "enabled": true
              }
            },
            "keySource": "Microsoft.Storage"
          },
          "supportsHttpsTrafficOnly": true,
          "minimumTlsVersion": "TLS1_2"
        }
      },
      "StatusCode": 202,
      "ResponseHeaders": {
        "Cache-Control": "no-cache",
        "Content-Length": "0",
        "Content-Type": "text/plain; charset=utf-8",
        "Date": "Tue, 25 Jul 2023 01:54:22 GMT",
        "Expires": "-1",
        "Location": "https://management.azure.com/subscriptions/ec0aa5f7-9e78-40c9-85cd-535c6305b380/providers/Microsoft.Storage/locations/eastus/asyncoperations/16947f06-3c70-4a6a-97d9-c47e6326412d?monitor=true\u0026api-version=2022-09-01",
        "Pragma": "no-cache",
        "Retry-After": "0",
        "Server": "Microsoft-Azure-Storage-Resource-Provider/1.0,Microsoft-HTTPAPI/2.0 Microsoft-HTTPAPI/2.0",
        "Strict-Transport-Security": "max-age=31536000; includeSubDomains",
        "X-Content-Type-Options": "nosniff",
        "x-ms-client-request-id": "ea0eeb29-886e-4f8d-9f06-a453a0c84ad0",
        "x-ms-correlation-request-id": "12236deb-1a5e-4777-b033-5251a28eceab",
        "x-ms-ratelimit-remaining-subscription-writes": "1196",
        "x-ms-request-id": "16947f06-3c70-4a6a-97d9-c47e6326412d",
        "x-ms-routing-request-id": "SOUTHEASTASIA:20230725T015422Z:12236deb-1a5e-4777-b033-5251a28eceab"
      },
      "ResponseBody": null
    },
    {
      "RequestUri": "https://REDACTED/subscriptions/00000000-0000-0000-0000-000000000000/providers/Microsoft.Storage/locations/eastus/asyncoperations/16947f06-3c70-4a6a-97d9-c47e6326412d?monitor=true\u0026api-version=2022-09-01",
      "RequestMethod": "GET",
      "RequestHeaders": {
        "Accept": "application/json",
        "Authorization": "Sanitized",
        "Date": "Tue, 25 Jul 2023 01:54:39 GMT",
        "User-Agent": "azsdk-java-com.azure.resourcemanager.storage/2.29.0-beta.1 (17.0.1; Windows 11; 10.0)",
        "x-ms-client-request-id": "37aa1523-2dbf-4f28-af1a-933d786c66ef",
        "x-ms-return-client-request-id": "true"
      },
      "RequestBody": null,
      "StatusCode": 200,
      "ResponseHeaders": {
        "Cache-Control": "no-cache",
        "Content-Length": "1780",
        "Content-Type": "application/json",
        "Date": "Tue, 25 Jul 2023 01:54:40 GMT",
        "Expires": "-1",
        "Pragma": "no-cache",
        "Server": "Microsoft-Azure-Storage-Resource-Provider/1.0,Microsoft-HTTPAPI/2.0 Microsoft-HTTPAPI/2.0",
        "Strict-Transport-Security": "max-age=31536000; includeSubDomains",
        "X-Content-Type-Options": "nosniff",
        "x-ms-client-request-id": "37aa1523-2dbf-4f28-af1a-933d786c66ef",
        "x-ms-correlation-request-id": "9e46ffde-77c1-4226-92fb-15c05b95fe96",
        "x-ms-ratelimit-remaining-subscription-reads": "11862",
        "x-ms-request-id": "c5f75b7d-e315-4554-bfeb-f152f97d8249",
        "x-ms-routing-request-id": "SOUTHEASTASIA:20230725T015440Z:9e46ffde-77c1-4226-92fb-15c05b95fe96"
      },
      "ResponseBody": {
        "sku": {
          "name": "Standard_RAGRS",
          "tier": "Standard"
        },
        "kind": "StorageV2",
        "id": "/subscriptions/ec0aa5f7-9e78-40c9-85cd-535c6305b380/resourceGroups/vmexttest25922/providers/Microsoft.Storage/storageAccounts/stg4858985b",
        "name": "stg4858985b",
        "type": "Microsoft.Storage/storageAccounts",
        "location": "eastus",
        "tags": {},
        "properties": {
          "keyCreationTime": {
            "key1": "2023-07-25T01:54:20.6558214Z",
            "key2": "2023-07-25T01:54:20.6558214Z"
          },
          "privateEndpointConnections": [],
          "minimumTlsVersion": "TLS1_2",
          "allowBlobPublicAccess": true,
          "networkAcls": {
            "bypass": "AzureServices",
            "virtualNetworkRules": [],
            "ipRules": [],
            "defaultAction": "Allow"
          },
          "supportsHttpsTrafficOnly": true,
          "encryption": {
            "services": {
              "file": {
                "keyType": "Account",
                "enabled": true,
                "lastEnabledTime": "2023-07-25T01:54:20.6714501Z"
              },
              "blob": {
                "keyType": "Account",
                "enabled": true,
                "lastEnabledTime": "2023-07-25T01:54:20.6714501Z"
              }
            },
            "keySource": "Microsoft.Storage"
          },
          "accessTier": "Hot",
          "provisioningState": "Succeeded",
          "creationTime": "2023-07-25T01:54:20.4995745Z",
          "primaryEndpoints": {
            "dfs": "https://stg4858985b.dfs.core.windows.net/",
            "web": "https://stg4858985b.z13.web.core.windows.net/",
            "blob": "https://stg4858985b.blob.core.windows.net/",
            "queue": "https://stg4858985b.queue.core.windows.net/",
            "table": "https://stg4858985b.table.core.windows.net/",
            "file": "https://stg4858985b.file.core.windows.net/"
          },
          "primaryLocation": "eastus",
          "statusOfPrimary": "available",
          "secondaryLocation": "westus",
          "statusOfSecondary": "available",
          "secondaryEndpoints": {
            "dfs": "https://stg4858985b-secondary.dfs.core.windows.net/",
            "web": "https://stg4858985b-secondary.z13.web.core.windows.net/",
            "blob": "https://stg4858985b-secondary.blob.core.windows.net/",
            "queue": "https://stg4858985b-secondary.queue.core.windows.net/",
            "table": "https://stg4858985b-secondary.table.core.windows.net/"
          }
        }
      }
    },
    {
      "RequestUri": "https://REDACTED/subscriptions/00000000-0000-0000-0000-000000000000/resourceGroups/vmexttest25922/providers/Microsoft.Storage/storageAccounts/stg4858985b?api-version=2022-09-01",
      "RequestMethod": "GET",
      "RequestHeaders": {
        "Accept": "application/json",
        "Authorization": "Sanitized",
        "Content-Length": "0",
        "Content-Type": "application/json",
        "Date": "Tue, 25 Jul 2023 01:54:39 GMT",
        "User-Agent": "azsdk-java-com.azure.resourcemanager.storage/2.29.0-beta.1 (17.0.1; Windows 11; 10.0)",
        "x-ms-client-request-id": "48cb365f-5374-4670-a529-6d3873a41a63",
        "x-ms-return-client-request-id": "true"
      },
      "RequestBody": null,
      "StatusCode": 200,
      "ResponseHeaders": {
        "Cache-Control": "no-cache",
        "Content-Length": "1780",
        "Content-Type": "application/json",
        "Date": "Tue, 25 Jul 2023 01:54:40 GMT",
        "Expires": "-1",
        "Pragma": "no-cache",
        "Server": "Microsoft-Azure-Storage-Resource-Provider/1.0,Microsoft-HTTPAPI/2.0 Microsoft-HTTPAPI/2.0",
        "Strict-Transport-Security": "max-age=31536000; includeSubDomains",
        "X-Content-Type-Options": "nosniff",
        "x-ms-client-request-id": "48cb365f-5374-4670-a529-6d3873a41a63",
        "x-ms-correlation-request-id": "83fd72fb-2022-4a7c-8ebd-678604e9b04e",
        "x-ms-ratelimit-remaining-subscription-reads": "11811",
        "x-ms-request-id": "6f008412-ab93-4456-89d9-d5aba2ae4032",
        "x-ms-routing-request-id": "SOUTHEASTASIA:20230725T015440Z:83fd72fb-2022-4a7c-8ebd-678604e9b04e"
      },
      "ResponseBody": {
        "sku": {
          "name": "Standard_RAGRS",
          "tier": "Standard"
        },
        "kind": "StorageV2",
        "id": "/subscriptions/ec0aa5f7-9e78-40c9-85cd-535c6305b380/resourceGroups/vmexttest25922/providers/Microsoft.Storage/storageAccounts/stg4858985b",
        "name": "stg4858985b",
        "type": "Microsoft.Storage/storageAccounts",
        "location": "eastus",
        "tags": {},
        "properties": {
          "keyCreationTime": {
            "key1": "2023-07-25T01:54:20.6558214Z",
            "key2": "2023-07-25T01:54:20.6558214Z"
          },
          "privateEndpointConnections": [],
          "minimumTlsVersion": "TLS1_2",
          "allowBlobPublicAccess": true,
          "networkAcls": {
            "bypass": "AzureServices",
            "virtualNetworkRules": [],
            "ipRules": [],
            "defaultAction": "Allow"
          },
          "supportsHttpsTrafficOnly": true,
          "encryption": {
            "services": {
              "file": {
                "keyType": "Account",
                "enabled": true,
                "lastEnabledTime": "2023-07-25T01:54:20.6714501Z"
              },
              "blob": {
                "keyType": "Account",
                "enabled": true,
                "lastEnabledTime": "2023-07-25T01:54:20.6714501Z"
              }
            },
            "keySource": "Microsoft.Storage"
          },
          "accessTier": "Hot",
          "provisioningState": "Succeeded",
          "creationTime": "2023-07-25T01:54:20.4995745Z",
          "primaryEndpoints": {
            "dfs": "https://stg4858985b.dfs.core.windows.net/",
            "web": "https://stg4858985b.z13.web.core.windows.net/",
            "blob": "https://stg4858985b.blob.core.windows.net/",
            "queue": "https://stg4858985b.queue.core.windows.net/",
            "table": "https://stg4858985b.table.core.windows.net/",
            "file": "https://stg4858985b.file.core.windows.net/"
          },
          "primaryLocation": "eastus",
          "statusOfPrimary": "available",
          "secondaryLocation": "westus",
          "statusOfSecondary": "available",
          "secondaryEndpoints": {
            "dfs": "https://stg4858985b-secondary.dfs.core.windows.net/",
            "web": "https://stg4858985b-secondary.z13.web.core.windows.net/",
            "blob": "https://stg4858985b-secondary.blob.core.windows.net/",
            "queue": "https://stg4858985b-secondary.queue.core.windows.net/",
            "table": "https://stg4858985b-secondary.table.core.windows.net/"
          }
        }
      }
    },
    {
      "RequestUri": "https://REDACTED/subscriptions/00000000-0000-0000-0000-000000000000/resourceGroups/vmexttest25922/providers/Microsoft.Network/virtualNetworks/vnet78371b2c89?api-version=2023-02-01",
      "RequestMethod": "PUT",
      "RequestHeaders": {
        "Accept": "application/json",
        "Authorization": "Sanitized",
        "Content-Length": "205",
        "Content-Type": "application/json",
        "Date": "Tue, 25 Jul 2023 01:54:40 GMT",
        "User-Agent": "azsdk-java-com.azure.resourcemanager.network/2.29.0-beta.1 (17.0.1; Windows 11; 10.0)",
        "x-ms-client-request-id": "2cdb9eab-76f2-4113-adac-9bf243d5d7f2",
        "x-ms-return-client-request-id": "true"
      },
      "RequestBody": {
        "location": "eastus",
        "tags": {},
        "properties": {
          "addressSpace": {
            "addressPrefixes": [
              "10.0.0.0/28"
            ]
          },
          "dhcpOptions": {
            "dnsServers": []
          },
          "subnets": [
            {
              "properties": {
                "addressPrefix": "10.0.0.0/28"
              },
              "name": "subnet1"
            }
          ]
        }
      },
      "StatusCode": 201,
      "ResponseHeaders": {
        "Azure-AsyncNotification": "Enabled",
        "Azure-AsyncOperation": "https://management.azure.com/subscriptions/ec0aa5f7-9e78-40c9-85cd-535c6305b380/providers/Microsoft.Network/locations/eastus/operations/214c971b-2abe-423c-ae90-9ce0149bcd48?api-version=2023-02-01",
        "Cache-Control": "no-cache",
        "Content-Length": "1019",
        "Content-Type": "application/json; charset=utf-8",
        "Date": "Tue, 25 Jul 2023 01:54:44 GMT",
        "Expires": "-1",
        "Pragma": "no-cache",
        "Retry-After": "0",
        "Server": [
          "Microsoft-HTTPAPI/2.0",
          "Microsoft-HTTPAPI/2.0"
        ],
        "Strict-Transport-Security": "max-age=31536000; includeSubDomains",
        "X-Content-Type-Options": "nosniff",
        "x-ms-arm-service-request-id": "4db28292-aebc-46b3-b839-e58e411bef5d",
        "x-ms-client-request-id": "2cdb9eab-76f2-4113-adac-9bf243d5d7f2",
        "x-ms-correlation-request-id": "f160d112-0660-4fe0-af47-6811476a2b2a",
        "x-ms-ratelimit-remaining-subscription-writes": "1167",
        "x-ms-request-id": "214c971b-2abe-423c-ae90-9ce0149bcd48",
        "x-ms-routing-request-id": "SOUTHEASTASIA:20230725T015444Z:f160d112-0660-4fe0-af47-6811476a2b2a"
      },
      "ResponseBody": {
        "name": "vnet78371b2c89",
        "id": "/subscriptions/ec0aa5f7-9e78-40c9-85cd-535c6305b380/resourceGroups/vmexttest25922/providers/Microsoft.Network/virtualNetworks/vnet78371b2c89",
        "etag": "W/\u002231ab80e7-046f-45f1-9bc1-38fdf44e921e\u0022",
        "type": "Microsoft.Network/virtualNetworks",
        "location": "eastus",
        "tags": {},
        "properties": {
          "provisioningState": "Updating",
          "resourceGuid": "f628fa4d-c25b-4cd5-b524-c13127ce7b1e",
          "addressSpace": {
            "addressPrefixes": [
              "10.0.0.0/28"
            ]
          },
          "dhcpOptions": {
            "dnsServers": []
          },
          "subnets": [
            {
              "name": "subnet1",
              "id": "/subscriptions/ec0aa5f7-9e78-40c9-85cd-535c6305b380/resourceGroups/vmexttest25922/providers/Microsoft.Network/virtualNetworks/vnet78371b2c89/subnets/subnet1",
              "etag": "W/\u002231ab80e7-046f-45f1-9bc1-38fdf44e921e\u0022",
              "properties": {
                "provisioningState": "Updating",
                "addressPrefix": "10.0.0.0/28",
                "delegations": [],
                "privateEndpointNetworkPolicies": "Disabled",
                "privateLinkServiceNetworkPolicies": "Enabled"
              },
              "type": "Microsoft.Network/virtualNetworks/subnets"
            }
          ],
          "virtualNetworkPeerings": [],
          "enableDdosProtection": false
        }
      }
    },
    {
      "RequestUri": "https://REDACTED/subscriptions/00000000-0000-0000-0000-000000000000/providers/Microsoft.Network/locations/eastus/operations/214c971b-2abe-423c-ae90-9ce0149bcd48?api-version=2023-02-01",
      "RequestMethod": "GET",
      "RequestHeaders": {
        "Accept": "application/json",
        "Authorization": "Sanitized",
        "Date": "Tue, 25 Jul 2023 01:54:47 GMT",
        "User-Agent": "azsdk-java-com.azure.resourcemanager.network/2.29.0-beta.1 (17.0.1; Windows 11; 10.0)",
        "x-ms-client-request-id": "bd8ca8ce-25a3-4be3-a090-2b7f1ff3178f",
        "x-ms-return-client-request-id": "true"
      },
      "RequestBody": null,
      "StatusCode": 200,
      "ResponseHeaders": {
        "Cache-Control": "no-cache",
        "Content-Length": "22",
        "Content-Type": "application/json; charset=utf-8",
        "Date": "Tue, 25 Jul 2023 01:54:47 GMT",
        "Expires": "-1",
        "Pragma": "no-cache",
        "Server": [
          "Microsoft-HTTPAPI/2.0",
          "Microsoft-HTTPAPI/2.0"
        ],
        "Strict-Transport-Security": "max-age=31536000; includeSubDomains",
        "X-Content-Type-Options": "nosniff",
        "x-ms-arm-service-request-id": "0e2e8f80-0c02-48f9-a163-d477b80cd993",
        "x-ms-client-request-id": "bd8ca8ce-25a3-4be3-a090-2b7f1ff3178f",
        "x-ms-correlation-request-id": "e92e6efe-45a7-49e8-8757-aa4030f2275f",
        "x-ms-ratelimit-remaining-subscription-reads": "11870",
        "x-ms-request-id": "f4faa5af-9ca9-4116-af67-59c860eb7ab6",
        "x-ms-routing-request-id": "SOUTHEASTASIA:20230725T015448Z:e92e6efe-45a7-49e8-8757-aa4030f2275f"
      },
      "ResponseBody": {
        "status": "Succeeded"
      }
    },
    {
      "RequestUri": "https://REDACTED/subscriptions/00000000-0000-0000-0000-000000000000/resourceGroups/vmexttest25922/providers/Microsoft.Network/virtualNetworks/vnet78371b2c89?api-version=2023-02-01",
      "RequestMethod": "GET",
      "RequestHeaders": {
        "Accept": "application/json",
        "Authorization": "Sanitized",
        "Date": "Tue, 25 Jul 2023 01:54:47 GMT",
        "User-Agent": "azsdk-java-com.azure.resourcemanager.network/2.29.0-beta.1 (17.0.1; Windows 11; 10.0)",
        "x-ms-client-request-id": "2800df3b-7c62-495a-af4f-9345f8f4f45d",
        "x-ms-return-client-request-id": "true"
      },
      "RequestBody": null,
      "StatusCode": 200,
      "ResponseHeaders": {
        "Cache-Control": "no-cache",
        "Content-Length": "1021",
        "Content-Type": "application/json; charset=utf-8",
        "Date": "Tue, 25 Jul 2023 01:54:48 GMT",
        "ETag": "W/\u002208af793b-ddc8-477a-a667-9b17feb0e16a\u0022",
        "Expires": "-1",
        "Pragma": "no-cache",
        "Server": [
          "Microsoft-HTTPAPI/2.0",
          "Microsoft-HTTPAPI/2.0"
        ],
        "Strict-Transport-Security": "max-age=31536000; includeSubDomains",
        "X-Content-Type-Options": "nosniff",
        "x-ms-arm-service-request-id": "d0d00837-fa8e-45a8-b992-27493cd2d5db",
        "x-ms-client-request-id": "2800df3b-7c62-495a-af4f-9345f8f4f45d",
        "x-ms-correlation-request-id": "1055d47d-26d4-4d76-998c-08e8a687c9e3",
        "x-ms-ratelimit-remaining-subscription-reads": "11869",
        "x-ms-request-id": "9f7f4115-c37a-42a9-8440-cc37652c9b80",
        "x-ms-routing-request-id": "SOUTHEASTASIA:20230725T015449Z:1055d47d-26d4-4d76-998c-08e8a687c9e3"
      },
      "ResponseBody": {
        "name": "vnet78371b2c89",
        "id": "/subscriptions/ec0aa5f7-9e78-40c9-85cd-535c6305b380/resourceGroups/vmexttest25922/providers/Microsoft.Network/virtualNetworks/vnet78371b2c89",
        "etag": "W/\u002208af793b-ddc8-477a-a667-9b17feb0e16a\u0022",
        "type": "Microsoft.Network/virtualNetworks",
        "location": "eastus",
        "tags": {},
        "properties": {
          "provisioningState": "Succeeded",
          "resourceGuid": "f628fa4d-c25b-4cd5-b524-c13127ce7b1e",
          "addressSpace": {
            "addressPrefixes": [
              "10.0.0.0/28"
            ]
          },
          "dhcpOptions": {
            "dnsServers": []
          },
          "subnets": [
            {
              "name": "subnet1",
              "id": "/subscriptions/ec0aa5f7-9e78-40c9-85cd-535c6305b380/resourceGroups/vmexttest25922/providers/Microsoft.Network/virtualNetworks/vnet78371b2c89/subnets/subnet1",
              "etag": "W/\u002208af793b-ddc8-477a-a667-9b17feb0e16a\u0022",
              "properties": {
                "provisioningState": "Succeeded",
                "addressPrefix": "10.0.0.0/28",
                "delegations": [],
                "privateEndpointNetworkPolicies": "Disabled",
                "privateLinkServiceNetworkPolicies": "Enabled"
              },
              "type": "Microsoft.Network/virtualNetworks/subnets"
            }
          ],
          "virtualNetworkPeerings": [],
          "enableDdosProtection": false
        }
      }
    },
    {
      "RequestUri": "https://REDACTED/subscriptions/00000000-0000-0000-0000-000000000000/resourceGroups/vmexttest25922/providers/Microsoft.Network/networkInterfaces/nic7003198d5e4?api-version=2023-02-01",
      "RequestMethod": "PUT",
      "RequestHeaders": {
        "Accept": "application/json",
        "Authorization": "Sanitized",
        "Content-Length": "346",
        "Content-Type": "application/json",
        "Date": "Tue, 25 Jul 2023 01:54:48 GMT",
        "User-Agent": "azsdk-java-com.azure.resourcemanager.network/2.29.0-beta.1 (17.0.1; Windows 11; 10.0)",
        "x-ms-client-request-id": "ef080971-c032-447f-aa3b-ccb2c1dd421e",
        "x-ms-return-client-request-id": "true"
      },
      "RequestBody": {
        "location": "eastus",
        "tags": {},
        "properties": {
          "ipConfigurations": [
            {
              "properties": {
                "privateIPAllocationMethod": "Dynamic",
                "subnet": {
                  "id": "/subscriptions/ec0aa5f7-9e78-40c9-85cd-535c6305b380/resourceGroups/vmexttest25922/providers/Microsoft.Network/virtualNetworks/vnet78371b2c89/subnets/subnet1"
                },
                "primary": true
              },
              "name": "primary"
            }
          ],
          "dnsSettings": {}
        }
      },
      "StatusCode": 201,
      "ResponseHeaders": {
        "Azure-AsyncNotification": "Enabled",
        "Azure-AsyncOperation": "https://management.azure.com/subscriptions/ec0aa5f7-9e78-40c9-85cd-535c6305b380/providers/Microsoft.Network/locations/eastus/operations/819dca28-f1a2-4092-88c1-ff0be9891b42?api-version=2023-02-01",
        "Cache-Control": "no-cache",
        "Content-Length": "1485",
        "Content-Type": "application/json; charset=utf-8",
        "Date": "Tue, 25 Jul 2023 01:54:51 GMT",
        "Expires": "-1",
        "Pragma": "no-cache",
        "Server": [
          "Microsoft-HTTPAPI/2.0",
          "Microsoft-HTTPAPI/2.0"
        ],
        "Strict-Transport-Security": "max-age=31536000; includeSubDomains",
        "X-Content-Type-Options": "nosniff",
        "x-ms-arm-service-request-id": "c1d9499b-466c-4d26-930d-7e4e44c8da69",
        "x-ms-client-request-id": "ef080971-c032-447f-aa3b-ccb2c1dd421e",
        "x-ms-correlation-request-id": "5884c99f-0a13-4e9a-a512-4286bb789f72",
        "x-ms-ratelimit-remaining-subscription-writes": "1142",
        "x-ms-request-id": "819dca28-f1a2-4092-88c1-ff0be9891b42",
        "x-ms-routing-request-id": "SOUTHEASTASIA:20230725T015452Z:5884c99f-0a13-4e9a-a512-4286bb789f72"
      },
      "ResponseBody": {
        "name": "nic7003198d5e4",
        "id": "/subscriptions/ec0aa5f7-9e78-40c9-85cd-535c6305b380/resourceGroups/vmexttest25922/providers/Microsoft.Network/networkInterfaces/nic7003198d5e4",
        "etag": "W/\u002253c74b75-a951-4c05-8371-812c615631da\u0022",
        "tags": {},
        "properties": {
          "provisioningState": "Succeeded",
          "resourceGuid": "86396b9f-a3ab-45a3-84ab-f8ebde9ba8ec",
          "ipConfigurations": [
            {
              "name": "primary",
              "id": "/subscriptions/ec0aa5f7-9e78-40c9-85cd-535c6305b380/resourceGroups/vmexttest25922/providers/Microsoft.Network/networkInterfaces/nic7003198d5e4/ipConfigurations/primary",
              "etag": "W/\u002253c74b75-a951-4c05-8371-812c615631da\u0022",
              "type": "Microsoft.Network/networkInterfaces/ipConfigurations",
              "properties": {
                "provisioningState": "Succeeded",
                "privateIPAddress": "10.0.0.4",
                "privateIPAllocationMethod": "Dynamic",
                "subnet": {
                  "id": "/subscriptions/ec0aa5f7-9e78-40c9-85cd-535c6305b380/resourceGroups/vmexttest25922/providers/Microsoft.Network/virtualNetworks/vnet78371b2c89/subnets/subnet1"
                },
                "primary": true,
                "privateIPAddressVersion": "IPv4"
              }
            }
          ],
          "dnsSettings": {
            "dnsServers": [],
            "appliedDnsServers": [],
            "internalDomainNameSuffix": "jx3cr3s1ylkuznjeyeysptt1dg.bx.internal.cloudapp.net"
          },
          "enableAcceleratedNetworking": false,
          "vnetEncryptionSupported": false,
          "enableIPForwarding": false,
          "disableTcpStateTracking": false,
          "hostedWorkloads": [],
          "tapConfigurations": [],
          "nicType": "Standard",
          "allowPort25Out": true,
          "nicAuxiliarySkuBillingNotificationType": "NoOp"
        },
        "type": "Microsoft.Network/networkInterfaces",
        "location": "eastus",
        "kind": "Regular"
      }
    },
    {
      "RequestUri": "https://REDACTED/subscriptions/00000000-0000-0000-0000-000000000000/resourceGroups/vmexttest25922/providers/Microsoft.Compute/virtualMachines/javavm1?api-version=2023-03-01",
      "RequestMethod": "PUT",
      "RequestHeaders": {
        "Accept": "application/json",
        "Authorization": "Sanitized",
        "Content-Length": "965",
        "Content-Type": "application/json",
        "Date": "Tue, 25 Jul 2023 01:54:51 GMT",
        "User-Agent": "azsdk-java-com.azure.resourcemanager.compute/2.29.0-beta.1 (17.0.1; Windows 11; 10.0)",
        "x-ms-client-request-id": "a37cb6c5-eca7-4566-8d64-cfa45269a042",
        "x-ms-return-client-request-id": "true"
      },
      "RequestBody": {
        "location": "eastus",
        "tags": {},
        "properties": {
          "hardwareProfile": {
            "vmSize": "Standard_D2a_v4"
          },
          "storageProfile": {
            "imageReference": {
              "publisher": "Canonical",
              "offer": "UbuntuServer",
              "sku": "18.04-LTS",
              "version": "latest"
            },
            "osDisk": {
              "caching": "ReadWrite",
              "createOption": "FromImage",
              "managedDisk": {
                "storageAccountType": "Standard_LRS"
              }
            }
          },
          "osProfile": {
            "computerName": "javavm1",
            "adminUsername": "Foo12",
            "linuxConfiguration": {
              "disablePasswordAuthentication": true,
              "ssh": {
                "publicKeys": [
                  {
                    "path": "/home/Foo12/.ssh/authorized_keys",
                    "keyData": "ssh-rsa AAAAB3NzaC1yc2EAAAADAQABAAAAgQCZgFe7CFZfW/Gr6LlpP\u002BzoGbA2gD6pszJjS\u002B6KK6LM7ot0DT2Vk0wT7fMQDE7GAGaeY2PeTFHQLXfu6f43cm\u002B3lx9xGWPDne\u002BQzZcXB5EDbbxyB2Fjj6m0H7j\u002BzvYjpw9sfPj8lC8UP/surWyDT8FgxBjkG\u002B8rUDSklR3Z6zookQ=="
                  }
                ]
              }
            }
          },
          "networkProfile": {
            "networkInterfaces": [
              {
                "id": "/subscriptions/ec0aa5f7-9e78-40c9-85cd-535c6305b380/resourceGroups/vmexttest25922/providers/Microsoft.Network/networkInterfaces/nic7003198d5e4",
                "properties": {
                  "primary": true
                }
              }
            ]
          }
        }
      },
      "StatusCode": 201,
      "ResponseHeaders": {
        "Azure-AsyncNotification": "Enabled",
        "Azure-AsyncOperation": "https://management.azure.com/subscriptions/ec0aa5f7-9e78-40c9-85cd-535c6305b380/providers/Microsoft.Compute/locations/eastus/operations/f7937fc7-209b-4658-b164-c2f7c74a8040?p=c4eddfd8-50c0-4095-b028-281986cc641e\u0026api-version=2023-03-01",
        "Cache-Control": "no-cache",
        "Content-Length": "2286",
        "Content-Type": "application/json; charset=utf-8",
        "Date": "Tue, 25 Jul 2023 01:54:57 GMT",
        "Expires": "-1",
        "Pragma": "no-cache",
        "Retry-After": "0",
        "Server": [
          "Microsoft-HTTPAPI/2.0",
          "Microsoft-HTTPAPI/2.0"
        ],
        "Strict-Transport-Security": "max-age=31536000; includeSubDomains",
        "X-Content-Type-Options": "nosniff",
        "x-ms-client-request-id": "a37cb6c5-eca7-4566-8d64-cfa45269a042",
        "x-ms-correlation-request-id": "d490cf67-fa68-4077-b7b4-9be684fba581",
        "x-ms-ratelimit-remaining-resource": "Microsoft.Compute/PutVM3Min;227,Microsoft.Compute/PutVM30Min;1120",
        "x-ms-ratelimit-remaining-subscription-writes": "1141",
        "x-ms-request-id": "f7937fc7-209b-4658-b164-c2f7c74a8040",
        "x-ms-routing-request-id": "SOUTHEASTASIA:20230725T015458Z:d490cf67-fa68-4077-b7b4-9be684fba581"
      },
      "ResponseBody": {
        "name": "javavm1",
        "id": "/subscriptions/ec0aa5f7-9e78-40c9-85cd-535c6305b380/resourceGroups/vmexttest25922/providers/Microsoft.Compute/virtualMachines/javavm1",
        "type": "Microsoft.Compute/virtualMachines",
        "location": "eastus",
        "tags": {
          "azsecpack": "nonprod",
          "platformsettings.host_environment.service.platform_optedin_for_rootcerts": "true"
        },
        "properties": {
          "vmId": "bc560482-c99d-4845-93e6-23f5503b04d5",
          "hardwareProfile": {
            "vmSize": "Standard_D2a_v4"
          },
          "storageProfile": {
            "imageReference": {
              "publisher": "Canonical",
              "offer": "UbuntuServer",
              "sku": "18.04-LTS",
              "version": "latest",
              "exactVersion": "18.04.202306070"
            },
            "osDisk": {
              "osType": "Linux",
              "createOption": "FromImage",
              "caching": "ReadWrite",
              "managedDisk": {
                "storageAccountType": "Standard_LRS"
              },
              "deleteOption": "Detach",
              "diskSizeGB": 30
            },
            "dataDisks": []
          },
          "osProfile": {
            "computerName": "javavm1",
            "adminUsername": "Foo12",
            "linuxConfiguration": {
              "disablePasswordAuthentication": true,
              "ssh": {
                "publicKeys": [
                  {
                    "path": "/home/Foo12/.ssh/authorized_keys",
                    "keyData": "ssh-rsa AAAAB3NzaC1yc2EAAAADAQABAAAAgQCZgFe7CFZfW/Gr6LlpP\u002BzoGbA2gD6pszJjS\u002B6KK6LM7ot0DT2Vk0wT7fMQDE7GAGaeY2PeTFHQLXfu6f43cm\u002B3lx9xGWPDne\u002BQzZcXB5EDbbxyB2Fjj6m0H7j\u002BzvYjpw9sfPj8lC8UP/surWyDT8FgxBjkG\u002B8rUDSklR3Z6zookQ=="
                  }
                ]
              },
              "provisionVMAgent": true,
              "patchSettings": {
                "patchMode": "ImageDefault",
                "assessmentMode": "ImageDefault"
              },
              "enableVMAgentPlatformUpdates": false
            },
            "secrets": [],
            "allowExtensionOperations": true,
            "requireGuestProvisionSignal": true
          },
          "networkProfile": {
            "networkInterfaces": [
              {
                "id": "/subscriptions/ec0aa5f7-9e78-40c9-85cd-535c6305b380/resourceGroups/vmexttest25922/providers/Microsoft.Network/networkInterfaces/nic7003198d5e4",
                "properties": {
                  "primary": true
                }
              }
            ]
          },
          "provisioningState": "Creating",
          "timeCreated": "2023-07-25T01:54:55.4824285\u002B00:00"
        }
      }
    },
    {
      "RequestUri": "https://REDACTED/subscriptions/00000000-0000-0000-0000-000000000000/providers/Microsoft.Compute/locations/eastus/operations/f7937fc7-209b-4658-b164-c2f7c74a8040?p=c4eddfd8-50c0-4095-b028-281986cc641e\u0026api-version=2023-03-01",
      "RequestMethod": "GET",
      "RequestHeaders": {
        "Accept": "application/json",
        "Authorization": "Sanitized",
        "Date": "Tue, 25 Jul 2023 01:55:27 GMT",
        "User-Agent": "azsdk-java-com.azure.resourcemanager.compute/2.29.0-beta.1 (17.0.1; Windows 11; 10.0)",
        "x-ms-client-request-id": "ca2ac1c3-a0e6-4a68-9189-8950b17b357f",
        "x-ms-return-client-request-id": "true"
      },
      "RequestBody": null,
      "StatusCode": 200,
      "ResponseHeaders": {
        "Cache-Control": "no-cache",
        "Content-Length": "184",
        "Content-Type": "application/json; charset=utf-8",
        "Date": "Tue, 25 Jul 2023 01:55:27 GMT",
        "Expires": "-1",
        "Pragma": "no-cache",
        "Server": [
          "Microsoft-HTTPAPI/2.0",
          "Microsoft-HTTPAPI/2.0"
        ],
        "Strict-Transport-Security": "max-age=31536000; includeSubDomains",
        "X-Content-Type-Options": "nosniff",
        "x-ms-client-request-id": "ca2ac1c3-a0e6-4a68-9189-8950b17b357f",
        "x-ms-correlation-request-id": "526ac320-0110-44f7-85e9-7518683aee4b",
        "x-ms-ratelimit-remaining-resource": "Microsoft.Compute/GetOperation3Min;14893,Microsoft.Compute/GetOperation30Min;29613",
        "x-ms-ratelimit-remaining-subscription-reads": "11808",
        "x-ms-request-id": "28ff2813-2d7a-46cf-8896-ced4cb25b48a",
        "x-ms-routing-request-id": "SOUTHEASTASIA:20230725T015528Z:526ac320-0110-44f7-85e9-7518683aee4b"
      },
      "ResponseBody": {
        "startTime": "2023-07-25T01:54:55.4824285\u002B00:00",
        "endTime": "2023-07-25T01:55:18.0447754\u002B00:00",
        "status": "Succeeded",
        "name": "f7937fc7-209b-4658-b164-c2f7c74a8040"
      }
    },
    {
      "RequestUri": "https://REDACTED/subscriptions/00000000-0000-0000-0000-000000000000/resourceGroups/vmexttest25922/providers/Microsoft.Compute/virtualMachines/javavm1?api-version=2023-03-01",
      "RequestMethod": "GET",
      "RequestHeaders": {
        "Accept": "application/json",
        "Authorization": "Sanitized",
        "Date": "Tue, 25 Jul 2023 01:55:27 GMT",
        "User-Agent": "azsdk-java-com.azure.resourcemanager.compute/2.29.0-beta.1 (17.0.1; Windows 11; 10.0)",
        "x-ms-client-request-id": "62198243-2373-47ed-bf49-9e06a5c19aea",
        "x-ms-return-client-request-id": "true"
      },
      "RequestBody": null,
      "StatusCode": 200,
      "ResponseHeaders": {
        "Cache-Control": "no-cache",
        "Content-Length": "2543",
        "Content-Type": "application/json; charset=utf-8",
        "Date": "Tue, 25 Jul 2023 01:55:28 GMT",
        "Expires": "-1",
        "Pragma": "no-cache",
        "Server": [
          "Microsoft-HTTPAPI/2.0",
          "Microsoft-HTTPAPI/2.0"
        ],
        "Strict-Transport-Security": "max-age=31536000; includeSubDomains",
        "X-Content-Type-Options": "nosniff",
        "x-ms-client-request-id": "62198243-2373-47ed-bf49-9e06a5c19aea",
        "x-ms-correlation-request-id": "2c33111c-2c2e-4612-a905-beffbeed1b8c",
        "x-ms-ratelimit-remaining-resource": "Microsoft.Compute/LowCostGet3Min;3876,Microsoft.Compute/LowCostGet30Min;31537",
        "x-ms-ratelimit-remaining-subscription-reads": "11851",
        "x-ms-request-id": "aaf1d1c0-2d2c-4a7b-9b4d-c732cc32a52f",
        "x-ms-routing-request-id": "SOUTHEASTASIA:20230725T015529Z:2c33111c-2c2e-4612-a905-beffbeed1b8c"
      },
      "ResponseBody": {
        "name": "javavm1",
        "id": "/subscriptions/ec0aa5f7-9e78-40c9-85cd-535c6305b380/resourceGroups/vmexttest25922/providers/Microsoft.Compute/virtualMachines/javavm1",
        "type": "Microsoft.Compute/virtualMachines",
        "location": "eastus",
        "tags": {
          "azsecpack": "nonprod",
          "platformsettings.host_environment.service.platform_optedin_for_rootcerts": "true"
        },
        "properties": {
          "vmId": "bc560482-c99d-4845-93e6-23f5503b04d5",
          "hardwareProfile": {
            "vmSize": "Standard_D2a_v4"
          },
          "storageProfile": {
            "imageReference": {
              "publisher": "Canonical",
              "offer": "UbuntuServer",
              "sku": "18.04-LTS",
              "version": "latest",
              "exactVersion": "18.04.202306070"
            },
            "osDisk": {
              "osType": "Linux",
              "name": "javavm1_OsDisk_1_c6e7e80d14ee4a0e99017cf01958d6ed",
              "createOption": "FromImage",
              "caching": "ReadWrite",
              "managedDisk": {
                "storageAccountType": "Standard_LRS",
                "id": "/subscriptions/ec0aa5f7-9e78-40c9-85cd-535c6305b380/resourceGroups/vmexttest25922/providers/Microsoft.Compute/disks/javavm1_OsDisk_1_c6e7e80d14ee4a0e99017cf01958d6ed"
              },
              "deleteOption": "Detach",
              "diskSizeGB": 30
            },
            "dataDisks": []
          },
          "osProfile": {
            "computerName": "javavm1",
            "adminUsername": "Foo12",
            "linuxConfiguration": {
              "disablePasswordAuthentication": true,
              "ssh": {
                "publicKeys": [
                  {
                    "path": "/home/Foo12/.ssh/authorized_keys",
                    "keyData": "ssh-rsa AAAAB3NzaC1yc2EAAAADAQABAAAAgQCZgFe7CFZfW/Gr6LlpP\u002BzoGbA2gD6pszJjS\u002B6KK6LM7ot0DT2Vk0wT7fMQDE7GAGaeY2PeTFHQLXfu6f43cm\u002B3lx9xGWPDne\u002BQzZcXB5EDbbxyB2Fjj6m0H7j\u002BzvYjpw9sfPj8lC8UP/surWyDT8FgxBjkG\u002B8rUDSklR3Z6zookQ=="
                  }
                ]
              },
              "provisionVMAgent": true,
              "patchSettings": {
                "patchMode": "ImageDefault",
                "assessmentMode": "ImageDefault"
              },
              "enableVMAgentPlatformUpdates": false
            },
            "secrets": [],
            "allowExtensionOperations": true,
            "requireGuestProvisionSignal": true
          },
          "networkProfile": {
            "networkInterfaces": [
              {
                "id": "/subscriptions/ec0aa5f7-9e78-40c9-85cd-535c6305b380/resourceGroups/vmexttest25922/providers/Microsoft.Network/networkInterfaces/nic7003198d5e4",
                "properties": {
                  "primary": true
                }
              }
            ]
          },
          "provisioningState": "Succeeded",
          "timeCreated": "2023-07-25T01:54:55.4824285\u002B00:00"
        }
      }
    },
    {
      "RequestUri": "https://REDACTED/subscriptions/00000000-0000-0000-0000-000000000000/resourceGroups/vmexttest25922/providers/Microsoft.Storage/storageAccounts/stg4858985b/listKeys?api-version=2022-09-01",
      "RequestMethod": "POST",
      "RequestHeaders": {
        "Accept": "application/json",
        "Authorization": "Sanitized",
        "Content-Length": "0",
        "Content-Type": "application/json",
        "Date": "Tue, 25 Jul 2023 01:55:28 GMT",
        "User-Agent": "azsdk-java-com.azure.resourcemanager.storage/2.29.0-beta.1 (17.0.1; Windows 11; 10.0)",
        "x-ms-client-request-id": "bd6bb7f8-7f64-4eba-b4f4-3fbb44c1743a",
        "x-ms-return-client-request-id": "true"
      },
      "RequestBody": null,
      "StatusCode": 200,
      "ResponseHeaders": {
        "Cache-Control": "no-cache",
        "Content-Length": "220",
        "Content-Type": "application/json",
        "Date": "Tue, 25 Jul 2023 01:55:29 GMT",
        "Expires": "-1",
        "Pragma": "no-cache",
        "Server": "Microsoft-Azure-Storage-Resource-Provider/1.0,Microsoft-HTTPAPI/2.0 Microsoft-HTTPAPI/2.0",
        "Strict-Transport-Security": "max-age=31536000; includeSubDomains",
        "X-Content-Type-Options": "nosniff",
        "x-ms-client-request-id": "bd6bb7f8-7f64-4eba-b4f4-3fbb44c1743a",
        "x-ms-correlation-request-id": "ce01a5ae-e138-4827-be28-d58a8301b936",
        "x-ms-ratelimit-remaining-subscription-resource-requests": "11999",
        "x-ms-request-id": "e47a1aca-9418-4ab4-a466-ae1fac3667f7",
        "x-ms-routing-request-id": "SOUTHEASTASIA:20230725T015530Z:ce01a5ae-e138-4827-be28-d58a8301b936"
      },
      "ResponseBody": {
        "keys": [
          {
            "creationTime": "2023-07-25T01:54:20.6558214Z",
            "keyName": "key1",
            "value": "REDACTED",
            "permissions": "FULL"
          },
          {
            "creationTime": "2023-07-25T01:54:20.6558214Z",
            "keyName": "key2",
            "value": "REDACTED",
            "permissions": "FULL"
          }
        ]
      }
    },
    {
      "RequestUri": "https://REDACTED/subscriptions/00000000-0000-0000-0000-000000000000/resourceGroups/vmexttest25922/providers/Microsoft.Compute/virtualMachines/javavm1/extensions/LinuxDiagnostic?api-version=2023-03-01",
      "RequestMethod": "PUT",
      "RequestHeaders": {
        "Accept": "application/json",
        "Authorization": "Sanitized",
        "Content-Length": "2064",
        "Content-Type": "application/json",
        "Date": "Tue, 25 Jul 2023 01:55:29 GMT",
        "User-Agent": "azsdk-java-com.azure.resourcemanager.compute/2.29.0-beta.1 (17.0.1; Windows 11; 10.0)",
        "x-ms-client-request-id": "ff1ae42f-17e1-4602-842b-0c0e91f3c213",
        "x-ms-return-client-request-id": "true"
      },
      "RequestBody": {
        "location": "eastus",
        "properties": {
          "publisher": "Microsoft.OSTCExtensions",
          "type": "LinuxDiagnostic",
          "typeHandlerVersion": "2.3",
          "settings": {
            "ladCfg": "eyJkaWFnbm9zdGljTW9uaXRvckNvbmZpZ3VyYXRpb24iOnsibWV0cmljcyI6eyJyZXNvdXJjZUlkIjoiL3N1YnNjcmlwdGlvbnMvZWMwYWE1ZjctOWU3OC00MGM5LTg1Y2QtNTM1YzYzMDViMzgwL3Jlc291cmNlR3JvdXBzL3ZtZXh0dGVzdDI1OTIyL3Byb3ZpZGVycy9NaWNyb3NvZnQuQ29tcHV0ZS92aXJ0dWFsTWFjaGluZXMvamF2YXZtMSIsIm1ldHJpY0FnZ3JlZ2F0aW9uIjpbeyJzY2hlZHVsZWRUcmFuc2ZlclBlcmlvZCI6IlBUMUgifSx7InNjaGVkdWxlZFRyYW5zZmVyUGVyaW9kIjoiUFQxTSJ9XX0sInBlcmZvcm1hbmNlQ291bnRlcnMiOnsicGVyZm9ybWFuY2VDb3VudGVyQ29uZmlndXJhdGlvbiI6W3siY2xhc3MiOiJNZW1vcnkiLCJjb3VudGVyU3BlY2lmaWVyIjoiUGVyY2VudEF2YWlsYWJsZU1lbW9yeSIsInRhYmxlIjoiTGludXhNZW1vcnkifSx7ImNsYXNzIjoiTWVtb3J5IiwiY291bnRlclNwZWNpZmllciI6IkF2YWlsYWJsZU1lbW9yeSIsInRhYmxlIjoiTGludXhNZW1vcnkifSx7ImNsYXNzIjoiTWVtb3J5IiwiY291bnRlclNwZWNpZmllciI6IlVzZWRNZW1vcnkiLCJ0YWJsZSI6IkxpbnV4TWVtb3J5In0seyJjbGFzcyI6Ik1lbW9yeSIsImNvdW50ZXJTcGVjaWZpZXIiOiJQZXJjZW50VXNlZFN3YXAiLCJ0YWJsZSI6IkxpbnV4TWVtb3J5In0seyJjbGFzcyI6IlByb2Nlc3NvciIsImNvdW50ZXJTcGVjaWZpZXIiOiJQZXJjZW50UHJvY2Vzc29yVGltZSIsInRhYmxlIjoiTGludXhDcHUifSx7ImNsYXNzIjoiUHJvY2Vzc29yIiwiY291bnRlclNwZWNpZmllciI6IlBlcmNlbnRJT1dhaXRUaW1lIiwidGFibGUiOiJMaW51eENwdSJ9LHsiY2xhc3MiOiJQcm9jZXNzb3IiLCJjb3VudGVyU3BlY2lmaWVyIjoiUGVyY2VudElkbGVUaW1lIiwidGFibGUiOiJMaW51eENwdSJ9LHsiY2xhc3MiOiJQaHlzaWNhbERpc2siLCJjb3VudGVyU3BlY2lmaWVyIjoiQXZlcmFnZVdyaXRlVGltZSIsInRhYmxlIjoiTGludXhEaXNrIn0seyJjbGFzcyI6IlBoeXNpY2FsRGlzayIsImNvdW50ZXJTcGVjaWZpZXIiOiJBdmVyYWdlUmVhZFRpbWUiLCJ0YWJsZSI6IkxpbnV4RGlzayJ9LHsiY2xhc3MiOiJQaHlzaWNhbERpc2siLCJjb3VudGVyU3BlY2lmaWVyIjoiUmVhZEJ5dGVzUGVyU2Vjb25kIiwidGFibGUiOiJMaW51eERpc2sifSx7ImNsYXNzIjoiUGh5c2ljYWxEaXNrIiwiY291bnRlclNwZWNpZmllciI6IldyaXRlQnl0ZXNQZXJTZWNvbmQiLCJ0YWJsZSI6IkxpbnV4RGlzayJ9XX19fQ==",
            "storageAccount": "stg4858985b"
          },
          "protectedSettings": {
            "storageAccountName": "stg4858985b",
            "storageAccountKey": "o3GhA\u002Bw9DtTSGiNgCaEE3skug0OeHc\u002BBa3x1i2l/vYkZhP5\u002BIH/vo3/qbdbIXImJy8VYeU6yu5Hw\u002BASt4QRr0g==",
            "storageAccountEndPoint": "https://core.windows.net:443/"
          }
        }
      },
      "StatusCode": 201,
      "ResponseHeaders": {
        "Azure-AsyncNotification": "Enabled",
        "Azure-AsyncOperation": "https://management.azure.com/subscriptions/ec0aa5f7-9e78-40c9-85cd-535c6305b380/providers/Microsoft.Compute/locations/eastus/operations/536122b0-a330-4c82-8361-a37e00aa5eee?p=c4eddfd8-50c0-4095-b028-281986cc641e\u0026api-version=2023-03-01",
        "Cache-Control": "no-cache",
        "Content-Length": "2222",
        "Content-Type": "application/json; charset=utf-8",
        "Date": "Tue, 25 Jul 2023 01:55:35 GMT",
        "Expires": "-1",
        "Pragma": "no-cache",
        "Server": [
          "Microsoft-HTTPAPI/2.0",
          "Microsoft-HTTPAPI/2.0"
        ],
        "Strict-Transport-Security": "max-age=31536000; includeSubDomains",
        "X-Content-Type-Options": "nosniff",
        "x-ms-client-request-id": "ff1ae42f-17e1-4602-842b-0c0e91f3c213",
        "x-ms-correlation-request-id": "ab80c8f5-e08d-4e06-8c96-d9da97e910f9",
        "x-ms-ratelimit-remaining-resource": "Microsoft.Compute/UpdateVM3Min;236,Microsoft.Compute/UpdateVM30Min;1184",
        "x-ms-ratelimit-remaining-subscription-writes": "1195",
        "x-ms-request-id": "536122b0-a330-4c82-8361-a37e00aa5eee",
        "x-ms-routing-request-id": "SOUTHEASTASIA:20230725T015536Z:ab80c8f5-e08d-4e06-8c96-d9da97e910f9"
      },
      "ResponseBody": {
        "name": "LinuxDiagnostic",
        "id": "/subscriptions/ec0aa5f7-9e78-40c9-85cd-535c6305b380/resourceGroups/vmexttest25922/providers/Microsoft.Compute/virtualMachines/javavm1/extensions/LinuxDiagnostic",
        "type": "Microsoft.Compute/virtualMachines/extensions",
        "location": "eastus",
        "properties": {
          "autoUpgradeMinorVersion": false,
          "provisioningState": "Creating",
          "publisher": "Microsoft.OSTCExtensions",
          "type": "LinuxDiagnostic",
          "typeHandlerVersion": "2.3",
          "settings": {
            "ladCfg": "eyJkaWFnbm9zdGljTW9uaXRvckNvbmZpZ3VyYXRpb24iOnsibWV0cmljcyI6eyJyZXNvdXJjZUlkIjoiL3N1YnNjcmlwdGlvbnMvZWMwYWE1ZjctOWU3OC00MGM5LTg1Y2QtNTM1YzYzMDViMzgwL3Jlc291cmNlR3JvdXBzL3ZtZXh0dGVzdDI1OTIyL3Byb3ZpZGVycy9NaWNyb3NvZnQuQ29tcHV0ZS92aXJ0dWFsTWFjaGluZXMvamF2YXZtMSIsIm1ldHJpY0FnZ3JlZ2F0aW9uIjpbeyJzY2hlZHVsZWRUcmFuc2ZlclBlcmlvZCI6IlBUMUgifSx7InNjaGVkdWxlZFRyYW5zZmVyUGVyaW9kIjoiUFQxTSJ9XX0sInBlcmZvcm1hbmNlQ291bnRlcnMiOnsicGVyZm9ybWFuY2VDb3VudGVyQ29uZmlndXJhdGlvbiI6W3siY2xhc3MiOiJNZW1vcnkiLCJjb3VudGVyU3BlY2lmaWVyIjoiUGVyY2VudEF2YWlsYWJsZU1lbW9yeSIsInRhYmxlIjoiTGludXhNZW1vcnkifSx7ImNsYXNzIjoiTWVtb3J5IiwiY291bnRlclNwZWNpZmllciI6IkF2YWlsYWJsZU1lbW9yeSIsInRhYmxlIjoiTGludXhNZW1vcnkifSx7ImNsYXNzIjoiTWVtb3J5IiwiY291bnRlclNwZWNpZmllciI6IlVzZWRNZW1vcnkiLCJ0YWJsZSI6IkxpbnV4TWVtb3J5In0seyJjbGFzcyI6Ik1lbW9yeSIsImNvdW50ZXJTcGVjaWZpZXIiOiJQZXJjZW50VXNlZFN3YXAiLCJ0YWJsZSI6IkxpbnV4TWVtb3J5In0seyJjbGFzcyI6IlByb2Nlc3NvciIsImNvdW50ZXJTcGVjaWZpZXIiOiJQZXJjZW50UHJvY2Vzc29yVGltZSIsInRhYmxlIjoiTGludXhDcHUifSx7ImNsYXNzIjoiUHJvY2Vzc29yIiwiY291bnRlclNwZWNpZmllciI6IlBlcmNlbnRJT1dhaXRUaW1lIiwidGFibGUiOiJMaW51eENwdSJ9LHsiY2xhc3MiOiJQcm9jZXNzb3IiLCJjb3VudGVyU3BlY2lmaWVyIjoiUGVyY2VudElkbGVUaW1lIiwidGFibGUiOiJMaW51eENwdSJ9LHsiY2xhc3MiOiJQaHlzaWNhbERpc2siLCJjb3VudGVyU3BlY2lmaWVyIjoiQXZlcmFnZVdyaXRlVGltZSIsInRhYmxlIjoiTGludXhEaXNrIn0seyJjbGFzcyI6IlBoeXNpY2FsRGlzayIsImNvdW50ZXJTcGVjaWZpZXIiOiJBdmVyYWdlUmVhZFRpbWUiLCJ0YWJsZSI6IkxpbnV4RGlzayJ9LHsiY2xhc3MiOiJQaHlzaWNhbERpc2siLCJjb3VudGVyU3BlY2lmaWVyIjoiUmVhZEJ5dGVzUGVyU2Vjb25kIiwidGFibGUiOiJMaW51eERpc2sifSx7ImNsYXNzIjoiUGh5c2ljYWxEaXNrIiwiY291bnRlclNwZWNpZmllciI6IldyaXRlQnl0ZXNQZXJTZWNvbmQiLCJ0YWJsZSI6IkxpbnV4RGlzayJ9XX19fQ==",
            "storageAccount": "stg4858985b"
          }
        }
      }
    },
    {
      "RequestUri": "https://REDACTED/subscriptions/00000000-0000-0000-0000-000000000000/providers/Microsoft.Compute/locations/eastus/operations/536122b0-a330-4c82-8361-a37e00aa5eee?p=c4eddfd8-50c0-4095-b028-281986cc641e\u0026api-version=2023-03-01",
      "RequestMethod": "GET",
      "RequestHeaders": {
        "Accept": "application/json",
        "Authorization": "Sanitized",
        "Date": "Tue, 25 Jul 2023 01:56:06 GMT",
        "User-Agent": "azsdk-java-com.azure.resourcemanager.compute/2.29.0-beta.1 (17.0.1; Windows 11; 10.0)",
        "x-ms-client-request-id": "1fa84176-2001-455d-823c-d56125736641",
        "x-ms-return-client-request-id": "true"
      },
      "RequestBody": null,
      "StatusCode": 200,
      "ResponseHeaders": {
        "Cache-Control": "no-cache",
        "Content-Length": "184",
        "Content-Type": "application/json; charset=utf-8",
        "Date": "Tue, 25 Jul 2023 01:56:06 GMT",
        "Expires": "-1",
        "Pragma": "no-cache",
        "Server": [
          "Microsoft-HTTPAPI/2.0",
          "Microsoft-HTTPAPI/2.0"
        ],
        "Strict-Transport-Security": "max-age=31536000; includeSubDomains",
        "X-Content-Type-Options": "nosniff",
        "x-ms-client-request-id": "1fa84176-2001-455d-823c-d56125736641",
        "x-ms-correlation-request-id": "5b200f86-d717-4771-a757-4708f37801dc",
        "x-ms-ratelimit-remaining-resource": "Microsoft.Compute/GetOperation3Min;14911,Microsoft.Compute/GetOperation30Min;29587",
        "x-ms-ratelimit-remaining-subscription-reads": "11734",
        "x-ms-request-id": "b6b04484-8e94-4be2-b9c4-0e3869a3a342",
        "x-ms-routing-request-id": "SOUTHEASTASIA:20230725T015607Z:5b200f86-d717-4771-a757-4708f37801dc"
      },
      "ResponseBody": {
        "startTime": "2023-07-25T01:55:34.8884188\u002B00:00",
        "endTime": "2023-07-25T01:55:51.2945655\u002B00:00",
        "status": "Succeeded",
        "name": "536122b0-a330-4c82-8361-a37e00aa5eee"
      }
    },
    {
      "RequestUri": "https://REDACTED/subscriptions/00000000-0000-0000-0000-000000000000/resourceGroups/vmexttest25922/providers/Microsoft.Compute/virtualMachines/javavm1/extensions/LinuxDiagnostic?api-version=2023-03-01",
      "RequestMethod": "GET",
      "RequestHeaders": {
        "Accept": "application/json",
        "Authorization": "Sanitized",
        "Date": "Tue, 25 Jul 2023 01:56:06 GMT",
        "User-Agent": "azsdk-java-com.azure.resourcemanager.compute/2.29.0-beta.1 (17.0.1; Windows 11; 10.0)",
        "x-ms-client-request-id": "a2811cfb-b998-461d-8f14-dcabef17dd40",
        "x-ms-return-client-request-id": "true"
      },
      "RequestBody": null,
      "StatusCode": 200,
      "ResponseHeaders": {
        "Cache-Control": "no-cache",
        "Content-Length": "2223",
        "Content-Type": "application/json; charset=utf-8",
        "Date": "Tue, 25 Jul 2023 01:56:07 GMT",
        "Expires": "-1",
        "Pragma": "no-cache",
        "Server": [
          "Microsoft-HTTPAPI/2.0",
          "Microsoft-HTTPAPI/2.0"
        ],
        "Strict-Transport-Security": "max-age=31536000; includeSubDomains",
        "X-Content-Type-Options": "nosniff",
        "x-ms-client-request-id": "a2811cfb-b998-461d-8f14-dcabef17dd40",
        "x-ms-correlation-request-id": "38e1f8be-756e-4b9b-9a18-14fd17107a36",
        "x-ms-ratelimit-remaining-resource": "Microsoft.Compute/LowCostGet3Min;3901,Microsoft.Compute/LowCostGet30Min;31516",
        "x-ms-ratelimit-remaining-subscription-reads": "11733",
        "x-ms-request-id": "618ff540-2a8f-42c5-b327-c8505eda1efb",
        "x-ms-routing-request-id": "SOUTHEASTASIA:20230725T015607Z:38e1f8be-756e-4b9b-9a18-14fd17107a36"
      },
      "ResponseBody": {
        "name": "LinuxDiagnostic",
        "id": "/subscriptions/ec0aa5f7-9e78-40c9-85cd-535c6305b380/resourceGroups/vmexttest25922/providers/Microsoft.Compute/virtualMachines/javavm1/extensions/LinuxDiagnostic",
        "type": "Microsoft.Compute/virtualMachines/extensions",
        "location": "eastus",
        "properties": {
          "autoUpgradeMinorVersion": false,
          "provisioningState": "Succeeded",
          "publisher": "Microsoft.OSTCExtensions",
          "type": "LinuxDiagnostic",
          "typeHandlerVersion": "2.3",
          "settings": {
            "ladCfg": "eyJkaWFnbm9zdGljTW9uaXRvckNvbmZpZ3VyYXRpb24iOnsibWV0cmljcyI6eyJyZXNvdXJjZUlkIjoiL3N1YnNjcmlwdGlvbnMvZWMwYWE1ZjctOWU3OC00MGM5LTg1Y2QtNTM1YzYzMDViMzgwL3Jlc291cmNlR3JvdXBzL3ZtZXh0dGVzdDI1OTIyL3Byb3ZpZGVycy9NaWNyb3NvZnQuQ29tcHV0ZS92aXJ0dWFsTWFjaGluZXMvamF2YXZtMSIsIm1ldHJpY0FnZ3JlZ2F0aW9uIjpbeyJzY2hlZHVsZWRUcmFuc2ZlclBlcmlvZCI6IlBUMUgifSx7InNjaGVkdWxlZFRyYW5zZmVyUGVyaW9kIjoiUFQxTSJ9XX0sInBlcmZvcm1hbmNlQ291bnRlcnMiOnsicGVyZm9ybWFuY2VDb3VudGVyQ29uZmlndXJhdGlvbiI6W3siY2xhc3MiOiJNZW1vcnkiLCJjb3VudGVyU3BlY2lmaWVyIjoiUGVyY2VudEF2YWlsYWJsZU1lbW9yeSIsInRhYmxlIjoiTGludXhNZW1vcnkifSx7ImNsYXNzIjoiTWVtb3J5IiwiY291bnRlclNwZWNpZmllciI6IkF2YWlsYWJsZU1lbW9yeSIsInRhYmxlIjoiTGludXhNZW1vcnkifSx7ImNsYXNzIjoiTWVtb3J5IiwiY291bnRlclNwZWNpZmllciI6IlVzZWRNZW1vcnkiLCJ0YWJsZSI6IkxpbnV4TWVtb3J5In0seyJjbGFzcyI6Ik1lbW9yeSIsImNvdW50ZXJTcGVjaWZpZXIiOiJQZXJjZW50VXNlZFN3YXAiLCJ0YWJsZSI6IkxpbnV4TWVtb3J5In0seyJjbGFzcyI6IlByb2Nlc3NvciIsImNvdW50ZXJTcGVjaWZpZXIiOiJQZXJjZW50UHJvY2Vzc29yVGltZSIsInRhYmxlIjoiTGludXhDcHUifSx7ImNsYXNzIjoiUHJvY2Vzc29yIiwiY291bnRlclNwZWNpZmllciI6IlBlcmNlbnRJT1dhaXRUaW1lIiwidGFibGUiOiJMaW51eENwdSJ9LHsiY2xhc3MiOiJQcm9jZXNzb3IiLCJjb3VudGVyU3BlY2lmaWVyIjoiUGVyY2VudElkbGVUaW1lIiwidGFibGUiOiJMaW51eENwdSJ9LHsiY2xhc3MiOiJQaHlzaWNhbERpc2siLCJjb3VudGVyU3BlY2lmaWVyIjoiQXZlcmFnZVdyaXRlVGltZSIsInRhYmxlIjoiTGludXhEaXNrIn0seyJjbGFzcyI6IlBoeXNpY2FsRGlzayIsImNvdW50ZXJTcGVjaWZpZXIiOiJBdmVyYWdlUmVhZFRpbWUiLCJ0YWJsZSI6IkxpbnV4RGlzayJ9LHsiY2xhc3MiOiJQaHlzaWNhbERpc2siLCJjb3VudGVyU3BlY2lmaWVyIjoiUmVhZEJ5dGVzUGVyU2Vjb25kIiwidGFibGUiOiJMaW51eERpc2sifSx7ImNsYXNzIjoiUGh5c2ljYWxEaXNrIiwiY291bnRlclNwZWNpZmllciI6IldyaXRlQnl0ZXNQZXJTZWNvbmQiLCJ0YWJsZSI6IkxpbnV4RGlzayJ9XX19fQ==",
            "storageAccount": "stg4858985b"
          }
        }
      }
    },
    {
      "RequestUri": "https://REDACTED/subscriptions/00000000-0000-0000-0000-000000000000/resourceGroups/vmexttest25922/providers/Microsoft.Compute/virtualMachines/javavm1?api-version=2023-03-01",
      "RequestMethod": "GET",
      "RequestHeaders": {
        "Accept": "application/json",
        "Authorization": "Sanitized",
        "Content-Length": "0",
        "Content-Type": "application/json",
        "Date": "Tue, 25 Jul 2023 01:56:07 GMT",
        "User-Agent": "azsdk-java-com.azure.resourcemanager.compute/2.29.0-beta.1 (17.0.1; Windows 11; 10.0)",
        "x-ms-client-request-id": "3ab8dc7b-b0ec-4bf4-9229-1c8e4c3e0173",
        "x-ms-return-client-request-id": "true"
      },
      "RequestBody": null,
      "StatusCode": 200,
      "ResponseHeaders": {
        "Cache-Control": "no-cache",
        "Content-Length": "4848",
        "Content-Type": "application/json; charset=utf-8",
        "Date": "Tue, 25 Jul 2023 01:56:07 GMT",
        "Expires": "-1",
        "Pragma": "no-cache",
        "Server": [
          "Microsoft-HTTPAPI/2.0",
          "Microsoft-HTTPAPI/2.0"
        ],
        "Strict-Transport-Security": "max-age=31536000; includeSubDomains",
        "X-Content-Type-Options": "nosniff",
        "x-ms-client-request-id": "3ab8dc7b-b0ec-4bf4-9229-1c8e4c3e0173",
        "x-ms-correlation-request-id": "7c89c2fc-225f-470d-a6c7-e95f4dd37314",
        "x-ms-ratelimit-remaining-resource": "Microsoft.Compute/LowCostGet3Min;3900,Microsoft.Compute/LowCostGet30Min;31515",
        "x-ms-ratelimit-remaining-subscription-reads": "11849",
        "x-ms-request-id": "9a51da3d-fadc-4acb-894e-ad0ee0c23b75",
        "x-ms-routing-request-id": "SOUTHEASTASIA:20230725T015608Z:7c89c2fc-225f-470d-a6c7-e95f4dd37314"
      },
      "ResponseBody": {
        "name": "javavm1",
        "id": "/subscriptions/ec0aa5f7-9e78-40c9-85cd-535c6305b380/resourceGroups/vmexttest25922/providers/Microsoft.Compute/virtualMachines/javavm1",
        "type": "Microsoft.Compute/virtualMachines",
        "location": "eastus",
        "tags": {
          "azsecpack": "nonprod",
          "platformsettings.host_environment.service.platform_optedin_for_rootcerts": "true"
        },
        "properties": {
          "vmId": "bc560482-c99d-4845-93e6-23f5503b04d5",
          "hardwareProfile": {
            "vmSize": "Standard_D2a_v4"
          },
          "storageProfile": {
            "imageReference": {
              "publisher": "Canonical",
              "offer": "UbuntuServer",
              "sku": "18.04-LTS",
              "version": "latest",
              "exactVersion": "18.04.202306070"
            },
            "osDisk": {
              "osType": "Linux",
              "name": "javavm1_OsDisk_1_c6e7e80d14ee4a0e99017cf01958d6ed",
              "createOption": "FromImage",
              "caching": "ReadWrite",
              "managedDisk": {
                "storageAccountType": "Standard_LRS",
                "id": "/subscriptions/ec0aa5f7-9e78-40c9-85cd-535c6305b380/resourceGroups/vmexttest25922/providers/Microsoft.Compute/disks/javavm1_OsDisk_1_c6e7e80d14ee4a0e99017cf01958d6ed"
              },
              "deleteOption": "Detach",
              "diskSizeGB": 30
            },
            "dataDisks": []
          },
          "osProfile": {
            "computerName": "javavm1",
            "adminUsername": "Foo12",
            "linuxConfiguration": {
              "disablePasswordAuthentication": true,
              "ssh": {
                "publicKeys": [
                  {
                    "path": "/home/Foo12/.ssh/authorized_keys",
                    "keyData": "ssh-rsa AAAAB3NzaC1yc2EAAAADAQABAAAAgQCZgFe7CFZfW/Gr6LlpP\u002BzoGbA2gD6pszJjS\u002B6KK6LM7ot0DT2Vk0wT7fMQDE7GAGaeY2PeTFHQLXfu6f43cm\u002B3lx9xGWPDne\u002BQzZcXB5EDbbxyB2Fjj6m0H7j\u002BzvYjpw9sfPj8lC8UP/surWyDT8FgxBjkG\u002B8rUDSklR3Z6zookQ=="
                  }
                ]
              },
              "provisionVMAgent": true,
              "patchSettings": {
                "patchMode": "ImageDefault",
                "assessmentMode": "ImageDefault"
              },
              "enableVMAgentPlatformUpdates": false
            },
            "secrets": [],
            "allowExtensionOperations": true,
            "requireGuestProvisionSignal": true
          },
          "networkProfile": {
            "networkInterfaces": [
              {
                "id": "/subscriptions/ec0aa5f7-9e78-40c9-85cd-535c6305b380/resourceGroups/vmexttest25922/providers/Microsoft.Network/networkInterfaces/nic7003198d5e4",
                "properties": {
                  "primary": true
                }
              }
            ]
          },
          "provisioningState": "Succeeded",
          "timeCreated": "2023-07-25T01:54:55.4824285\u002B00:00"
        },
        "resources": [
          {
            "name": "LinuxDiagnostic",
            "id": "/subscriptions/ec0aa5f7-9e78-40c9-85cd-535c6305b380/resourceGroups/vmexttest25922/providers/Microsoft.Compute/virtualMachines/javavm1/extensions/LinuxDiagnostic",
            "type": "Microsoft.Compute/virtualMachines/extensions",
            "location": "eastus",
            "properties": {
              "autoUpgradeMinorVersion": false,
              "provisioningState": "Succeeded",
              "publisher": "Microsoft.OSTCExtensions",
              "type": "LinuxDiagnostic",
              "typeHandlerVersion": "2.3",
              "settings": {
                "ladCfg": "eyJkaWFnbm9zdGljTW9uaXRvckNvbmZpZ3VyYXRpb24iOnsibWV0cmljcyI6eyJyZXNvdXJjZUlkIjoiL3N1YnNjcmlwdGlvbnMvZWMwYWE1ZjctOWU3OC00MGM5LTg1Y2QtNTM1YzYzMDViMzgwL3Jlc291cmNlR3JvdXBzL3ZtZXh0dGVzdDI1OTIyL3Byb3ZpZGVycy9NaWNyb3NvZnQuQ29tcHV0ZS92aXJ0dWFsTWFjaGluZXMvamF2YXZtMSIsIm1ldHJpY0FnZ3JlZ2F0aW9uIjpbeyJzY2hlZHVsZWRUcmFuc2ZlclBlcmlvZCI6IlBUMUgifSx7InNjaGVkdWxlZFRyYW5zZmVyUGVyaW9kIjoiUFQxTSJ9XX0sInBlcmZvcm1hbmNlQ291bnRlcnMiOnsicGVyZm9ybWFuY2VDb3VudGVyQ29uZmlndXJhdGlvbiI6W3siY2xhc3MiOiJNZW1vcnkiLCJjb3VudGVyU3BlY2lmaWVyIjoiUGVyY2VudEF2YWlsYWJsZU1lbW9yeSIsInRhYmxlIjoiTGludXhNZW1vcnkifSx7ImNsYXNzIjoiTWVtb3J5IiwiY291bnRlclNwZWNpZmllciI6IkF2YWlsYWJsZU1lbW9yeSIsInRhYmxlIjoiTGludXhNZW1vcnkifSx7ImNsYXNzIjoiTWVtb3J5IiwiY291bnRlclNwZWNpZmllciI6IlVzZWRNZW1vcnkiLCJ0YWJsZSI6IkxpbnV4TWVtb3J5In0seyJjbGFzcyI6Ik1lbW9yeSIsImNvdW50ZXJTcGVjaWZpZXIiOiJQZXJjZW50VXNlZFN3YXAiLCJ0YWJsZSI6IkxpbnV4TWVtb3J5In0seyJjbGFzcyI6IlByb2Nlc3NvciIsImNvdW50ZXJTcGVjaWZpZXIiOiJQZXJjZW50UHJvY2Vzc29yVGltZSIsInRhYmxlIjoiTGludXhDcHUifSx7ImNsYXNzIjoiUHJvY2Vzc29yIiwiY291bnRlclNwZWNpZmllciI6IlBlcmNlbnRJT1dhaXRUaW1lIiwidGFibGUiOiJMaW51eENwdSJ9LHsiY2xhc3MiOiJQcm9jZXNzb3IiLCJjb3VudGVyU3BlY2lmaWVyIjoiUGVyY2VudElkbGVUaW1lIiwidGFibGUiOiJMaW51eENwdSJ9LHsiY2xhc3MiOiJQaHlzaWNhbERpc2siLCJjb3VudGVyU3BlY2lmaWVyIjoiQXZlcmFnZVdyaXRlVGltZSIsInRhYmxlIjoiTGludXhEaXNrIn0seyJjbGFzcyI6IlBoeXNpY2FsRGlzayIsImNvdW50ZXJTcGVjaWZpZXIiOiJBdmVyYWdlUmVhZFRpbWUiLCJ0YWJsZSI6IkxpbnV4RGlzayJ9LHsiY2xhc3MiOiJQaHlzaWNhbERpc2siLCJjb3VudGVyU3BlY2lmaWVyIjoiUmVhZEJ5dGVzUGVyU2Vjb25kIiwidGFibGUiOiJMaW51eERpc2sifSx7ImNsYXNzIjoiUGh5c2ljYWxEaXNrIiwiY291bnRlclNwZWNpZmllciI6IldyaXRlQnl0ZXNQZXJTZWNvbmQiLCJ0YWJsZSI6IkxpbnV4RGlzayJ9XX19fQ==",
                "storageAccount": "stg4858985b"
              }
            }
          }
        ]
      }
    },
    {
      "RequestUri": "https://REDACTED/subscriptions/00000000-0000-0000-0000-000000000000/resourceGroups/vmexttest25922/providers/Microsoft.Compute/virtualMachines/javavm1?api-version=2023-03-01",
      "RequestMethod": "GET",
      "RequestHeaders": {
        "Accept": "application/json",
        "Authorization": "Sanitized",
        "Content-Length": "0",
        "Content-Type": "application/json",
        "Date": "Tue, 25 Jul 2023 01:56:07 GMT",
        "User-Agent": "azsdk-java-com.azure.resourcemanager.compute/2.29.0-beta.1 (17.0.1; Windows 11; 10.0)",
        "x-ms-client-request-id": "9c26467d-0b4d-43fb-b615-dad2b7c7ff9c",
        "x-ms-return-client-request-id": "true"
      },
      "RequestBody": null,
      "StatusCode": 200,
      "ResponseHeaders": {
        "Cache-Control": "no-cache",
        "Content-Length": "4848",
        "Content-Type": "application/json; charset=utf-8",
        "Date": "Tue, 25 Jul 2023 01:56:08 GMT",
        "Expires": "-1",
        "Pragma": "no-cache",
        "Server": [
          "Microsoft-HTTPAPI/2.0",
          "Microsoft-HTTPAPI/2.0"
        ],
        "Strict-Transport-Security": "max-age=31536000; includeSubDomains",
        "X-Content-Type-Options": "nosniff",
        "x-ms-client-request-id": "9c26467d-0b4d-43fb-b615-dad2b7c7ff9c",
        "x-ms-correlation-request-id": "aa81b794-7609-46b9-8143-118fb067e14a",
        "x-ms-ratelimit-remaining-resource": "Microsoft.Compute/LowCostGet3Min;3899,Microsoft.Compute/LowCostGet30Min;31514",
        "x-ms-ratelimit-remaining-subscription-reads": "11783",
        "x-ms-request-id": "c940205f-db45-4352-a93b-ce5e3817a610",
        "x-ms-routing-request-id": "SOUTHEASTASIA:20230725T015609Z:aa81b794-7609-46b9-8143-118fb067e14a"
      },
      "ResponseBody": {
        "name": "javavm1",
        "id": "/subscriptions/ec0aa5f7-9e78-40c9-85cd-535c6305b380/resourceGroups/vmexttest25922/providers/Microsoft.Compute/virtualMachines/javavm1",
        "type": "Microsoft.Compute/virtualMachines",
        "location": "eastus",
        "tags": {
          "azsecpack": "nonprod",
          "platformsettings.host_environment.service.platform_optedin_for_rootcerts": "true"
        },
        "properties": {
          "vmId": "bc560482-c99d-4845-93e6-23f5503b04d5",
          "hardwareProfile": {
            "vmSize": "Standard_D2a_v4"
          },
          "storageProfile": {
            "imageReference": {
              "publisher": "Canonical",
              "offer": "UbuntuServer",
              "sku": "18.04-LTS",
              "version": "latest",
              "exactVersion": "18.04.202306070"
            },
            "osDisk": {
              "osType": "Linux",
              "name": "javavm1_OsDisk_1_c6e7e80d14ee4a0e99017cf01958d6ed",
              "createOption": "FromImage",
              "caching": "ReadWrite",
              "managedDisk": {
                "storageAccountType": "Standard_LRS",
                "id": "/subscriptions/ec0aa5f7-9e78-40c9-85cd-535c6305b380/resourceGroups/vmexttest25922/providers/Microsoft.Compute/disks/javavm1_OsDisk_1_c6e7e80d14ee4a0e99017cf01958d6ed"
              },
              "deleteOption": "Detach",
              "diskSizeGB": 30
            },
            "dataDisks": []
          },
          "osProfile": {
            "computerName": "javavm1",
            "adminUsername": "Foo12",
            "linuxConfiguration": {
              "disablePasswordAuthentication": true,
              "ssh": {
                "publicKeys": [
                  {
                    "path": "/home/Foo12/.ssh/authorized_keys",
                    "keyData": "ssh-rsa AAAAB3NzaC1yc2EAAAADAQABAAAAgQCZgFe7CFZfW/Gr6LlpP\u002BzoGbA2gD6pszJjS\u002B6KK6LM7ot0DT2Vk0wT7fMQDE7GAGaeY2PeTFHQLXfu6f43cm\u002B3lx9xGWPDne\u002BQzZcXB5EDbbxyB2Fjj6m0H7j\u002BzvYjpw9sfPj8lC8UP/surWyDT8FgxBjkG\u002B8rUDSklR3Z6zookQ=="
                  }
                ]
              },
              "provisionVMAgent": true,
              "patchSettings": {
                "patchMode": "ImageDefault",
                "assessmentMode": "ImageDefault"
              },
              "enableVMAgentPlatformUpdates": false
            },
            "secrets": [],
            "allowExtensionOperations": true,
            "requireGuestProvisionSignal": true
          },
          "networkProfile": {
            "networkInterfaces": [
              {
                "id": "/subscriptions/ec0aa5f7-9e78-40c9-85cd-535c6305b380/resourceGroups/vmexttest25922/providers/Microsoft.Network/networkInterfaces/nic7003198d5e4",
                "properties": {
                  "primary": true
                }
              }
            ]
          },
          "provisioningState": "Succeeded",
          "timeCreated": "2023-07-25T01:54:55.4824285\u002B00:00"
        },
        "resources": [
          {
            "name": "LinuxDiagnostic",
            "id": "/subscriptions/ec0aa5f7-9e78-40c9-85cd-535c6305b380/resourceGroups/vmexttest25922/providers/Microsoft.Compute/virtualMachines/javavm1/extensions/LinuxDiagnostic",
            "type": "Microsoft.Compute/virtualMachines/extensions",
            "location": "eastus",
            "properties": {
              "autoUpgradeMinorVersion": false,
              "provisioningState": "Succeeded",
              "publisher": "Microsoft.OSTCExtensions",
              "type": "LinuxDiagnostic",
              "typeHandlerVersion": "2.3",
              "settings": {
                "ladCfg": "eyJkaWFnbm9zdGljTW9uaXRvckNvbmZpZ3VyYXRpb24iOnsibWV0cmljcyI6eyJyZXNvdXJjZUlkIjoiL3N1YnNjcmlwdGlvbnMvZWMwYWE1ZjctOWU3OC00MGM5LTg1Y2QtNTM1YzYzMDViMzgwL3Jlc291cmNlR3JvdXBzL3ZtZXh0dGVzdDI1OTIyL3Byb3ZpZGVycy9NaWNyb3NvZnQuQ29tcHV0ZS92aXJ0dWFsTWFjaGluZXMvamF2YXZtMSIsIm1ldHJpY0FnZ3JlZ2F0aW9uIjpbeyJzY2hlZHVsZWRUcmFuc2ZlclBlcmlvZCI6IlBUMUgifSx7InNjaGVkdWxlZFRyYW5zZmVyUGVyaW9kIjoiUFQxTSJ9XX0sInBlcmZvcm1hbmNlQ291bnRlcnMiOnsicGVyZm9ybWFuY2VDb3VudGVyQ29uZmlndXJhdGlvbiI6W3siY2xhc3MiOiJNZW1vcnkiLCJjb3VudGVyU3BlY2lmaWVyIjoiUGVyY2VudEF2YWlsYWJsZU1lbW9yeSIsInRhYmxlIjoiTGludXhNZW1vcnkifSx7ImNsYXNzIjoiTWVtb3J5IiwiY291bnRlclNwZWNpZmllciI6IkF2YWlsYWJsZU1lbW9yeSIsInRhYmxlIjoiTGludXhNZW1vcnkifSx7ImNsYXNzIjoiTWVtb3J5IiwiY291bnRlclNwZWNpZmllciI6IlVzZWRNZW1vcnkiLCJ0YWJsZSI6IkxpbnV4TWVtb3J5In0seyJjbGFzcyI6Ik1lbW9yeSIsImNvdW50ZXJTcGVjaWZpZXIiOiJQZXJjZW50VXNlZFN3YXAiLCJ0YWJsZSI6IkxpbnV4TWVtb3J5In0seyJjbGFzcyI6IlByb2Nlc3NvciIsImNvdW50ZXJTcGVjaWZpZXIiOiJQZXJjZW50UHJvY2Vzc29yVGltZSIsInRhYmxlIjoiTGludXhDcHUifSx7ImNsYXNzIjoiUHJvY2Vzc29yIiwiY291bnRlclNwZWNpZmllciI6IlBlcmNlbnRJT1dhaXRUaW1lIiwidGFibGUiOiJMaW51eENwdSJ9LHsiY2xhc3MiOiJQcm9jZXNzb3IiLCJjb3VudGVyU3BlY2lmaWVyIjoiUGVyY2VudElkbGVUaW1lIiwidGFibGUiOiJMaW51eENwdSJ9LHsiY2xhc3MiOiJQaHlzaWNhbERpc2siLCJjb3VudGVyU3BlY2lmaWVyIjoiQXZlcmFnZVdyaXRlVGltZSIsInRhYmxlIjoiTGludXhEaXNrIn0seyJjbGFzcyI6IlBoeXNpY2FsRGlzayIsImNvdW50ZXJTcGVjaWZpZXIiOiJBdmVyYWdlUmVhZFRpbWUiLCJ0YWJsZSI6IkxpbnV4RGlzayJ9LHsiY2xhc3MiOiJQaHlzaWNhbERpc2siLCJjb3VudGVyU3BlY2lmaWVyIjoiUmVhZEJ5dGVzUGVyU2Vjb25kIiwidGFibGUiOiJMaW51eERpc2sifSx7ImNsYXNzIjoiUGh5c2ljYWxEaXNrIiwiY291bnRlclNwZWNpZmllciI6IldyaXRlQnl0ZXNQZXJTZWNvbmQiLCJ0YWJsZSI6IkxpbnV4RGlzayJ9XX19fQ==",
                "storageAccount": "stg4858985b"
              }
            }
          }
        ]
      }
    },
    {
      "RequestUri": "https://REDACTED/subscriptions/00000000-0000-0000-0000-000000000000/resourcegroups/vmexttest25922?api-version=2022-09-01",
      "RequestMethod": "DELETE",
      "RequestHeaders": {
        "Accept": "application/json",
        "Authorization": "Sanitized",
        "Content-Length": "0",
        "Content-Type": "application/json",
        "Date": "Tue, 25 Jul 2023 01:56:08 GMT",
        "User-Agent": "azsdk-java-com.azure.resourcemanager.resources/2.29.0-beta.1 (17.0.1; Windows 11; 10.0)",
        "x-ms-client-request-id": "ff8e75ab-fd13-4ba0-96b0-84c3cddc3d91",
        "x-ms-return-client-request-id": "true"
      },
      "RequestBody": null,
      "StatusCode": 202,
      "ResponseHeaders": {
        "Cache-Control": "no-cache",
        "Connection": "close",
        "Content-Length": "0",
        "Date": "Tue, 25 Jul 2023 01:56:14 GMT",
        "Expires": "-1",
        "Location": "https://management.azure.com/subscriptions/ec0aa5f7-9e78-40c9-85cd-535c6305b380/operationresults/eyJqb2JJZCI6IlJFU09VUkNFR1JPVVBERUxFVElPTkpPQi1WTUVYVFRFU1QyNTkyMi1FQVNUVVMiLCJqb2JMb2NhdGlvbiI6ImVhc3R1cyJ9?api-version=2022-09-01",
        "Pragma": "no-cache",
        "Retry-After": "0",
        "Strict-Transport-Security": "max-age=31536000; includeSubDomains",
        "X-Content-Type-Options": "nosniff",
        "x-ms-correlation-request-id": "3e0a97d8-f88f-4c3e-a23a-f6316ea51fa0",
        "x-ms-ratelimit-remaining-subscription-deletes": "14999",
        "x-ms-request-id": "3e0a97d8-f88f-4c3e-a23a-f6316ea51fa0",
        "x-ms-routing-request-id": "SOUTHEASTASIA:20230725T015615Z:3e0a97d8-f88f-4c3e-a23a-f6316ea51fa0"
      },
      "ResponseBody": null
    }
  ],
  "Variables": {
    "0": "vmexttest25922",
    "1": "stg4858985b",
    "2": "nic7003198d5e4",
    "3": "vnet78371b2c89"
  }
}
