{
  "Entries": [
    {
      "RequestUri": "https://REDACTED/subscriptions/00000000-0000-0000-0000-000000000000/resourcegroups/javacsmrg87112?api-version=2022-09-01",
      "RequestMethod": "PUT",
      "RequestHeaders": {
        "Accept": "application/json",
        "Authorization": "Sanitized",
        "Content-Length": "21",
        "Content-Type": "application/json",
        "Date": "Tue, 15 Aug 2023 13:14:13 GMT",
        "User-Agent": "azsdk-java-com.azure.resourcemanager.resources/2.30.0-beta.1 (17.0.7; Windows 11; 10.0)",
        "x-ms-client-request-id": "a4e12b68-3df5-4567-b914-83e4d3c2924a",
        "x-ms-return-client-request-id": "true"
      },
      "RequestBody": {
        "location": "eastus"
      },
      "StatusCode": 201,
      "ResponseHeaders": {
        "Cache-Control": "no-cache",
        "Content-Length": "225",
        "Content-Type": "application/json; charset=utf-8",
        "Date": "Tue, 15 Aug 2023 13:14:19 GMT",
        "Expires": "-1",
        "Pragma": "no-cache",
        "Strict-Transport-Security": "max-age=31536000; includeSubDomains",
        "X-Content-Type-Options": "nosniff",
        "x-ms-correlation-request-id": "7e58e2b3-ef27-48dd-8823-6258c4da4d64",
        "x-ms-ratelimit-remaining-subscription-writes": "1198",
        "x-ms-request-id": "7e58e2b3-ef27-48dd-8823-6258c4da4d64",
        "x-ms-routing-request-id": "SOUTHEASTASIA:20230815T131420Z:7e58e2b3-ef27-48dd-8823-6258c4da4d64"
      },
      "ResponseBody": {
        "id": "/subscriptions/ec0aa5f7-9e78-40c9-85cd-535c6305b380/resourceGroups/javacsmrg87112",
        "name": "javacsmrg87112",
        "type": "Microsoft.Resources/resourceGroups",
        "location": "eastus",
        "properties": {
          "provisioningState": "Succeeded"
        }
      }
    },
    {
      "RequestUri": "https://REDACTED/subscriptions/00000000-0000-0000-0000-000000000000/resourceGroups/javacsmrg87112/providers/Microsoft.Network/virtualNetworks/vnet77227c0322?api-version=2023-04-01",
      "RequestMethod": "PUT",
      "RequestHeaders": {
        "Accept": "application/json",
        "Authorization": "Sanitized",
        "Content-Length": "205",
        "Content-Type": "application/json",
        "Date": "Tue, 15 Aug 2023 13:14:18 GMT",
        "User-Agent": "azsdk-java-com.azure.resourcemanager.network/2.30.0-beta.1 (17.0.7; Windows 11; 10.0)",
        "x-ms-client-request-id": "f897f3be-8425-46fe-ac27-6c6c98be2ff6",
        "x-ms-return-client-request-id": "true"
      },
      "RequestBody": {
        "location": "eastus",
        "tags": {},
        "properties": {
          "addressSpace": {
            "addressPrefixes": [
              "10.0.0.0/28"
            ]
          },
          "dhcpOptions": {
            "dnsServers": []
          },
          "subnets": [
            {
              "properties": {
                "addressPrefix": "10.0.0.0/28"
              },
              "name": "subnet1"
            }
          ]
        }
      },
      "StatusCode": 201,
      "ResponseHeaders": {
        "Azure-AsyncNotification": "Enabled",
        "Azure-AsyncOperation": "https://management.azure.com/subscriptions/ec0aa5f7-9e78-40c9-85cd-535c6305b380/providers/Microsoft.Network/locations/eastus/operations/b32fd2e8-d19b-4a53-8316-cf29a7425887?api-version=2023-04-01",
        "Cache-Control": "no-cache",
        "Content-Length": "1019",
        "Content-Type": "application/json; charset=utf-8",
        "Date": "Tue, 15 Aug 2023 13:14:21 GMT",
        "Expires": "-1",
        "Pragma": "no-cache",
        "Retry-After": "0",
        "Server": [
          "Microsoft-HTTPAPI/2.0",
          "Microsoft-HTTPAPI/2.0"
        ],
        "Strict-Transport-Security": "max-age=31536000; includeSubDomains",
        "X-Content-Type-Options": "nosniff",
        "x-ms-arm-service-request-id": "50423737-f45e-4c7a-b5a5-6c7b0b0b1320",
        "x-ms-client-request-id": "f897f3be-8425-46fe-ac27-6c6c98be2ff6",
        "x-ms-correlation-request-id": "317e4b62-c6d8-47eb-9a72-0daf56e43469",
        "x-ms-ratelimit-remaining-subscription-writes": "1197",
        "x-ms-request-id": "b32fd2e8-d19b-4a53-8316-cf29a7425887",
        "x-ms-routing-request-id": "SOUTHEASTASIA:20230815T131421Z:317e4b62-c6d8-47eb-9a72-0daf56e43469"
      },
      "ResponseBody": {
        "name": "vnet77227c0322",
        "id": "/subscriptions/ec0aa5f7-9e78-40c9-85cd-535c6305b380/resourceGroups/javacsmrg87112/providers/Microsoft.Network/virtualNetworks/vnet77227c0322",
        "etag": "W/\u00223ea79499-6df0-4756-a581-3774af0ebbbe\u0022",
        "type": "Microsoft.Network/virtualNetworks",
        "location": "eastus",
        "tags": {},
        "properties": {
          "provisioningState": "Updating",
          "resourceGuid": "e74cc33d-089b-4a6b-8335-0326d5e77f1c",
          "addressSpace": {
            "addressPrefixes": [
              "10.0.0.0/28"
            ]
          },
          "dhcpOptions": {
            "dnsServers": []
          },
          "subnets": [
            {
              "name": "subnet1",
              "id": "/subscriptions/ec0aa5f7-9e78-40c9-85cd-535c6305b380/resourceGroups/javacsmrg87112/providers/Microsoft.Network/virtualNetworks/vnet77227c0322/subnets/subnet1",
              "etag": "W/\u00223ea79499-6df0-4756-a581-3774af0ebbbe\u0022",
              "properties": {
                "provisioningState": "Updating",
                "addressPrefix": "10.0.0.0/28",
                "delegations": [],
                "privateEndpointNetworkPolicies": "Disabled",
                "privateLinkServiceNetworkPolicies": "Enabled"
              },
              "type": "Microsoft.Network/virtualNetworks/subnets"
            }
          ],
          "virtualNetworkPeerings": [],
          "enableDdosProtection": false
        }
      }
    },
    {
      "RequestUri": "https://REDACTED/subscriptions/00000000-0000-0000-0000-000000000000/resourceGroups/javacsmrg87112/providers/Microsoft.Storage/storageAccounts/stg0467223b5a45e?api-version=2023-01-01",
      "RequestMethod": "PUT",
      "RequestHeaders": {
        "Accept": "application/json",
        "Authorization": "Sanitized",
        "Content-Length": "266",
        "Content-Type": "application/json",
        "Date": "Tue, 15 Aug 2023 13:14:18 GMT",
        "User-Agent": "azsdk-java-com.azure.resourcemanager.storage/2.30.0-beta.1 (17.0.7; Windows 11; 10.0)",
        "x-ms-client-request-id": "921f22ea-94fb-430c-bf57-42be59d0f3a4",
        "x-ms-return-client-request-id": "true"
      },
      "RequestBody": {
        "sku": {
          "name": "Standard_RAGRS"
        },
        "kind": "StorageV2",
        "location": "eastus",
        "tags": {},
        "properties": {
          "encryption": {
            "services": {
              "blob": {
                "enabled": true
              },
              "file": {
                "enabled": true
              }
            },
            "keySource": "Microsoft.Storage"
          },
          "supportsHttpsTrafficOnly": true,
          "minimumTlsVersion": "TLS1_2"
        }
      },
      "StatusCode": 202,
      "ResponseHeaders": {
        "Cache-Control": "no-cache",
        "Content-Length": "0",
        "Content-Type": "text/plain; charset=utf-8",
        "Date": "Tue, 15 Aug 2023 13:14:24 GMT",
        "Expires": "-1",
        "Location": "https://management.azure.com/subscriptions/ec0aa5f7-9e78-40c9-85cd-535c6305b380/providers/Microsoft.Storage/locations/eastus/asyncoperations/0e912c07-d3b9-4f6f-8a66-42cbba26677a?monitor=true\u0026api-version=2023-01-01",
        "Pragma": "no-cache",
        "Retry-After": "0",
        "Server": "Microsoft-Azure-Storage-Resource-Provider/1.0,Microsoft-HTTPAPI/2.0 Microsoft-HTTPAPI/2.0",
        "Strict-Transport-Security": "max-age=31536000; includeSubDomains",
        "X-Content-Type-Options": "nosniff",
        "x-ms-client-request-id": "921f22ea-94fb-430c-bf57-42be59d0f3a4",
        "x-ms-correlation-request-id": "41279402-7823-46dd-a322-40833622cb4e",
        "x-ms-ratelimit-remaining-subscription-writes": "1199",
        "x-ms-request-id": "0e912c07-d3b9-4f6f-8a66-42cbba26677a",
        "x-ms-routing-request-id": "SOUTHEASTASIA:20230815T131424Z:41279402-7823-46dd-a322-40833622cb4e"
      },
      "ResponseBody": null
    },
    {
      "RequestUri": "https://REDACTED/subscriptions/00000000-0000-0000-0000-000000000000/providers/Microsoft.Network/locations/eastus/operations/b32fd2e8-d19b-4a53-8316-cf29a7425887?api-version=2023-04-01",
      "RequestMethod": "GET",
      "RequestHeaders": {
        "Accept": "application/json",
        "Authorization": "Sanitized",
        "Date": "Tue, 15 Aug 2023 13:14:23 GMT",
        "User-Agent": "azsdk-java-com.azure.resourcemanager.network/2.30.0-beta.1 (17.0.7; Windows 11; 10.0)",
        "x-ms-client-request-id": "300ed4ae-cdc1-4ed6-9786-eef0a3d9ec78",
        "x-ms-return-client-request-id": "true"
      },
      "RequestBody": null,
      "StatusCode": 200,
      "ResponseHeaders": {
        "Cache-Control": "no-cache",
        "Content-Length": "22",
        "Content-Type": "application/json; charset=utf-8",
        "Date": "Tue, 15 Aug 2023 13:14:25 GMT",
        "Expires": "-1",
        "Pragma": "no-cache",
        "Server": [
          "Microsoft-HTTPAPI/2.0",
          "Microsoft-HTTPAPI/2.0"
        ],
        "Strict-Transport-Security": "max-age=31536000; includeSubDomains",
        "X-Content-Type-Options": "nosniff",
        "x-ms-arm-service-request-id": "4d020334-ef72-4eae-a9ef-9e68849ac216",
        "x-ms-client-request-id": "300ed4ae-cdc1-4ed6-9786-eef0a3d9ec78",
        "x-ms-correlation-request-id": "c2c45e2c-f7aa-479f-813b-90a2f3d47ec6",
        "x-ms-ratelimit-remaining-subscription-reads": "11998",
        "x-ms-request-id": "7453214d-826f-4d94-87e4-7f265ccfc0d0",
        "x-ms-routing-request-id": "SOUTHEASTASIA:20230815T131425Z:c2c45e2c-f7aa-479f-813b-90a2f3d47ec6"
      },
      "ResponseBody": {
        "status": "Succeeded"
      }
    },
    {
      "RequestUri": "https://REDACTED/subscriptions/00000000-0000-0000-0000-000000000000/resourceGroups/javacsmrg87112/providers/Microsoft.Network/virtualNetworks/vnet77227c0322?api-version=2023-04-01",
      "RequestMethod": "GET",
      "RequestHeaders": {
        "Accept": "application/json",
        "Authorization": "Sanitized",
        "Date": "Tue, 15 Aug 2023 13:14:24 GMT",
        "User-Agent": "azsdk-java-com.azure.resourcemanager.network/2.30.0-beta.1 (17.0.7; Windows 11; 10.0)",
        "x-ms-client-request-id": "295264dc-ba1b-4c9c-9a89-dbfaa2235327",
        "x-ms-return-client-request-id": "true"
      },
      "RequestBody": null,
      "StatusCode": 200,
      "ResponseHeaders": {
        "Cache-Control": "no-cache",
        "Content-Length": "1021",
        "Content-Type": "application/json; charset=utf-8",
        "Date": "Tue, 15 Aug 2023 13:14:26 GMT",
        "ETag": "W/\u0022039e6753-4e7f-452d-98f1-649be6f6c435\u0022",
        "Expires": "-1",
        "Pragma": "no-cache",
        "Server": [
          "Microsoft-HTTPAPI/2.0",
          "Microsoft-HTTPAPI/2.0"
        ],
        "Strict-Transport-Security": "max-age=31536000; includeSubDomains",
        "X-Content-Type-Options": "nosniff",
        "x-ms-arm-service-request-id": "f8a97e5d-d478-4adb-92dc-c2240e2efe9d",
        "x-ms-client-request-id": "295264dc-ba1b-4c9c-9a89-dbfaa2235327",
        "x-ms-correlation-request-id": "d0d00bef-420a-4186-9ffb-edc34844d16f",
        "x-ms-ratelimit-remaining-subscription-reads": "11997",
        "x-ms-request-id": "f7dd14a7-d3df-4de5-993d-39d47b1226e5",
        "x-ms-routing-request-id": "SOUTHEASTASIA:20230815T131426Z:d0d00bef-420a-4186-9ffb-edc34844d16f"
      },
      "ResponseBody": {
        "name": "vnet77227c0322",
        "id": "/subscriptions/ec0aa5f7-9e78-40c9-85cd-535c6305b380/resourceGroups/javacsmrg87112/providers/Microsoft.Network/virtualNetworks/vnet77227c0322",
        "etag": "W/\u0022039e6753-4e7f-452d-98f1-649be6f6c435\u0022",
        "type": "Microsoft.Network/virtualNetworks",
        "location": "eastus",
        "tags": {},
        "properties": {
          "provisioningState": "Succeeded",
          "resourceGuid": "e74cc33d-089b-4a6b-8335-0326d5e77f1c",
          "addressSpace": {
            "addressPrefixes": [
              "10.0.0.0/28"
            ]
          },
          "dhcpOptions": {
            "dnsServers": []
          },
          "subnets": [
            {
              "name": "subnet1",
              "id": "/subscriptions/ec0aa5f7-9e78-40c9-85cd-535c6305b380/resourceGroups/javacsmrg87112/providers/Microsoft.Network/virtualNetworks/vnet77227c0322/subnets/subnet1",
              "etag": "W/\u0022039e6753-4e7f-452d-98f1-649be6f6c435\u0022",
              "properties": {
                "provisioningState": "Succeeded",
                "addressPrefix": "10.0.0.0/28",
                "delegations": [],
                "privateEndpointNetworkPolicies": "Disabled",
                "privateLinkServiceNetworkPolicies": "Enabled"
              },
              "type": "Microsoft.Network/virtualNetworks/subnets"
            }
          ],
          "virtualNetworkPeerings": [],
          "enableDdosProtection": false
        }
      }
    },
    {
      "RequestUri": "https://REDACTED/subscriptions/00000000-0000-0000-0000-000000000000/resourceGroups/javacsmrg87112/providers/Microsoft.Network/networkInterfaces/nic93755810b63?api-version=2023-04-01",
      "RequestMethod": "PUT",
      "RequestHeaders": {
        "Accept": "application/json",
        "Authorization": "Sanitized",
        "Content-Length": "346",
        "Content-Type": "application/json",
        "Date": "Tue, 15 Aug 2023 13:14:25 GMT",
        "User-Agent": "azsdk-java-com.azure.resourcemanager.network/2.30.0-beta.1 (17.0.7; Windows 11; 10.0)",
        "x-ms-client-request-id": "4028cd82-5d52-4ee4-abb9-cd1a6cb5cb00",
        "x-ms-return-client-request-id": "true"
      },
      "RequestBody": {
        "location": "eastus",
        "tags": {},
        "properties": {
          "ipConfigurations": [
            {
              "properties": {
                "privateIPAllocationMethod": "Dynamic",
                "subnet": {
                  "id": "/subscriptions/ec0aa5f7-9e78-40c9-85cd-535c6305b380/resourceGroups/javacsmrg87112/providers/Microsoft.Network/virtualNetworks/vnet77227c0322/subnets/subnet1"
                },
                "primary": true
              },
              "name": "primary"
            }
          ],
          "dnsSettings": {}
        }
      },
      "StatusCode": 201,
      "ResponseHeaders": {
        "Azure-AsyncNotification": "Enabled",
        "Azure-AsyncOperation": "https://management.azure.com/subscriptions/ec0aa5f7-9e78-40c9-85cd-535c6305b380/providers/Microsoft.Network/locations/eastus/operations/0bcf8762-2c69-4a73-9ae0-549b6803b88b?api-version=2023-04-01",
        "Cache-Control": "no-cache",
        "Content-Length": "1530",
        "Content-Type": "application/json; charset=utf-8",
        "Date": "Tue, 15 Aug 2023 13:14:27 GMT",
        "Expires": "-1",
        "Pragma": "no-cache",
        "Server": [
          "Microsoft-HTTPAPI/2.0",
          "Microsoft-HTTPAPI/2.0"
        ],
        "Strict-Transport-Security": "max-age=31536000; includeSubDomains",
        "X-Content-Type-Options": "nosniff",
        "x-ms-arm-service-request-id": "6fb0d8d0-4feb-468b-bd55-8163a3c6e784",
        "x-ms-client-request-id": "4028cd82-5d52-4ee4-abb9-cd1a6cb5cb00",
        "x-ms-correlation-request-id": "1acab020-d7bc-4ebb-adfa-06bf6469ac9b",
        "x-ms-ratelimit-remaining-subscription-writes": "1198",
        "x-ms-request-id": "0bcf8762-2c69-4a73-9ae0-549b6803b88b",
        "x-ms-routing-request-id": "SOUTHEASTASIA:20230815T131427Z:1acab020-d7bc-4ebb-adfa-06bf6469ac9b"
      },
      "ResponseBody": {
        "name": "nic93755810b63",
        "id": "/subscriptions/ec0aa5f7-9e78-40c9-85cd-535c6305b380/resourceGroups/javacsmrg87112/providers/Microsoft.Network/networkInterfaces/nic93755810b63",
        "etag": "W/\u0022ee716029-6ec3-4235-8e8c-0ebf075e6426\u0022",
        "tags": {},
        "properties": {
          "provisioningState": "Succeeded",
          "resourceGuid": "15ba47de-1d37-417f-9868-7dbac5a4d625",
          "ipConfigurations": [
            {
              "name": "primary",
              "id": "/subscriptions/ec0aa5f7-9e78-40c9-85cd-535c6305b380/resourceGroups/javacsmrg87112/providers/Microsoft.Network/networkInterfaces/nic93755810b63/ipConfigurations/primary",
              "etag": "W/\u0022ee716029-6ec3-4235-8e8c-0ebf075e6426\u0022",
              "type": "Microsoft.Network/networkInterfaces/ipConfigurations",
              "properties": {
                "provisioningState": "Succeeded",
                "privateIPAddress": "10.0.0.4",
                "privateIPAllocationMethod": "Dynamic",
                "subnet": {
                  "id": "/subscriptions/ec0aa5f7-9e78-40c9-85cd-535c6305b380/resourceGroups/javacsmrg87112/providers/Microsoft.Network/virtualNetworks/vnet77227c0322/subnets/subnet1"
                },
                "primary": true,
                "privateIPAddressVersion": "IPv4"
              }
            }
          ],
          "dnsSettings": {
            "dnsServers": [],
            "appliedDnsServers": [],
            "internalDomainNameSuffix": "hxbuzz21bbvuvazvamtnlz15de.bx.internal.cloudapp.net"
          },
          "enableAcceleratedNetworking": false,
          "vnetEncryptionSupported": false,
          "enableIPForwarding": false,
          "disableTcpStateTracking": false,
          "hostedWorkloads": [],
          "tapConfigurations": [],
          "nicType": "Standard",
          "allowPort25Out": true,
          "auxiliaryMode": "None",
          "auxiliarySku": "None",
          "nicAuxiliarySkuBillingNotificationType": "NoOp"
        },
        "type": "Microsoft.Network/networkInterfaces",
        "location": "eastus",
        "kind": "Regular"
      }
    },
    {
      "RequestUri": "https://REDACTED/subscriptions/00000000-0000-0000-0000-000000000000/providers/Microsoft.Storage/locations/eastus/asyncoperations/0e912c07-d3b9-4f6f-8a66-42cbba26677a?monitor=true\u0026api-version=2023-01-01",
      "RequestMethod": "GET",
      "RequestHeaders": {
        "Accept": "application/json",
        "Authorization": "Sanitized",
        "Date": "Tue, 15 Aug 2023 13:14:39 GMT",
        "User-Agent": "azsdk-java-com.azure.resourcemanager.storage/2.30.0-beta.1 (17.0.7; Windows 11; 10.0)",
        "x-ms-client-request-id": "28c6058f-6de2-441e-8da3-c024216ca241",
        "x-ms-return-client-request-id": "true"
      },
      "RequestBody": null,
      "StatusCode": 200,
      "ResponseHeaders": {
        "Cache-Control": "no-cache",
        "Content-Length": "1897",
        "Content-Type": "application/json",
        "Date": "Tue, 15 Aug 2023 13:14:40 GMT",
        "Expires": "-1",
        "Pragma": "no-cache",
        "Server": "Microsoft-Azure-Storage-Resource-Provider/1.0,Microsoft-HTTPAPI/2.0 Microsoft-HTTPAPI/2.0",
        "Strict-Transport-Security": "max-age=31536000; includeSubDomains",
        "X-Content-Type-Options": "nosniff",
        "x-ms-client-request-id": "28c6058f-6de2-441e-8da3-c024216ca241",
        "x-ms-correlation-request-id": "d97b0c24-01d6-4772-8cc8-b98a855aac28",
        "x-ms-ratelimit-remaining-subscription-reads": "11996",
        "x-ms-request-id": "391ee938-98f1-40d8-b35c-e71c2abc5743",
        "x-ms-routing-request-id": "SOUTHEASTASIA:20230815T131441Z:d97b0c24-01d6-4772-8cc8-b98a855aac28"
      },
      "ResponseBody": {
        "sku": {
          "name": "Standard_RAGRS",
          "tier": "Standard"
        },
        "kind": "StorageV2",
        "id": "/subscriptions/ec0aa5f7-9e78-40c9-85cd-535c6305b380/resourceGroups/javacsmrg87112/providers/Microsoft.Storage/storageAccounts/stg0467223b5a45e",
        "name": "stg0467223b5a45e",
        "type": "Microsoft.Storage/storageAccounts",
        "location": "eastus",
        "tags": {},
        "properties": {
          "keyCreationTime": {
            "key1": "2023-08-15T13:14:22.6021794Z",
            "key2": "2023-08-15T13:14:22.6021794Z"
          },
          "allowCrossTenantReplication": false,
          "privateEndpointConnections": [],
          "minimumTlsVersion": "TLS1_2",
          "allowBlobPublicAccess": false,
          "networkAcls": {
            "ipv6Rules": [],
            "bypass": "AzureServices",
            "virtualNetworkRules": [],
            "ipRules": [],
            "defaultAction": "Allow"
          },
          "supportsHttpsTrafficOnly": true,
          "encryption": {
            "services": {
              "file": {
                "keyType": "Account",
                "enabled": true,
                "lastEnabledTime": "2023-08-15T13:14:22.6021794Z"
              },
              "blob": {
                "keyType": "Account",
                "enabled": true,
                "lastEnabledTime": "2023-08-15T13:14:22.6021794Z"
              }
            },
            "keySource": "Microsoft.Storage"
          },
          "accessTier": "Hot",
          "provisioningState": "Succeeded",
          "creationTime": "2023-08-15T13:14:22.3834740Z",
          "primaryEndpoints": {
            "dfs": "https://stg0467223b5a45e.dfs.core.windows.net/",
            "web": "https://stg0467223b5a45e.z13.web.core.windows.net/",
            "blob": "https://stg0467223b5a45e.blob.core.windows.net/",
            "queue": "https://stg0467223b5a45e.queue.core.windows.net/",
            "table": "https://stg0467223b5a45e.table.core.windows.net/",
            "file": "https://stg0467223b5a45e.file.core.windows.net/"
          },
          "primaryLocation": "eastus",
          "statusOfPrimary": "available",
          "secondaryLocation": "westus",
          "statusOfSecondary": "available",
          "secondaryEndpoints": {
            "dfs": "https://stg0467223b5a45e-secondary.dfs.core.windows.net/",
            "web": "https://stg0467223b5a45e-secondary.z13.web.core.windows.net/",
            "blob": "https://stg0467223b5a45e-secondary.blob.core.windows.net/",
            "queue": "https://stg0467223b5a45e-secondary.queue.core.windows.net/",
            "table": "https://stg0467223b5a45e-secondary.table.core.windows.net/"
          }
        }
      }
    },
    {
      "RequestUri": "https://REDACTED/subscriptions/00000000-0000-0000-0000-000000000000/resourceGroups/javacsmrg87112/providers/Microsoft.Storage/storageAccounts/stg0467223b5a45e?api-version=2023-01-01",
      "RequestMethod": "GET",
      "RequestHeaders": {
        "Accept": "application/json",
        "Authorization": "Sanitized",
        "Content-Length": "0",
        "Content-Type": "application/json",
        "Date": "Tue, 15 Aug 2023 13:14:40 GMT",
        "User-Agent": "azsdk-java-com.azure.resourcemanager.storage/2.30.0-beta.1 (17.0.7; Windows 11; 10.0)",
        "x-ms-client-request-id": "7f657a3f-fa36-4bcc-b260-d3f9185d78f1",
        "x-ms-return-client-request-id": "true"
      },
      "RequestBody": null,
      "StatusCode": 200,
      "ResponseHeaders": {
        "Cache-Control": "no-cache",
        "Content-Length": "1897",
        "Content-Type": "application/json",
        "Date": "Tue, 15 Aug 2023 13:14:41 GMT",
        "Expires": "-1",
        "Pragma": "no-cache",
        "Server": "Microsoft-Azure-Storage-Resource-Provider/1.0,Microsoft-HTTPAPI/2.0 Microsoft-HTTPAPI/2.0",
        "Strict-Transport-Security": "max-age=31536000; includeSubDomains",
        "X-Content-Type-Options": "nosniff",
        "x-ms-client-request-id": "7f657a3f-fa36-4bcc-b260-d3f9185d78f1",
        "x-ms-correlation-request-id": "38fba8e8-ba8b-40d7-85ce-963a4ad9e2ef",
        "x-ms-ratelimit-remaining-subscription-reads": "11995",
        "x-ms-request-id": "06a5f748-b55a-41b9-9f13-a64d7dc5a419",
        "x-ms-routing-request-id": "SOUTHEASTASIA:20230815T131442Z:38fba8e8-ba8b-40d7-85ce-963a4ad9e2ef"
      },
      "ResponseBody": {
        "sku": {
          "name": "Standard_RAGRS",
          "tier": "Standard"
        },
        "kind": "StorageV2",
        "id": "/subscriptions/ec0aa5f7-9e78-40c9-85cd-535c6305b380/resourceGroups/javacsmrg87112/providers/Microsoft.Storage/storageAccounts/stg0467223b5a45e",
        "name": "stg0467223b5a45e",
        "type": "Microsoft.Storage/storageAccounts",
        "location": "eastus",
        "tags": {},
        "properties": {
          "keyCreationTime": {
            "key1": "2023-08-15T13:14:22.6021794Z",
            "key2": "2023-08-15T13:14:22.6021794Z"
          },
          "allowCrossTenantReplication": false,
          "privateEndpointConnections": [],
          "minimumTlsVersion": "TLS1_2",
          "allowBlobPublicAccess": false,
          "networkAcls": {
            "ipv6Rules": [],
            "bypass": "AzureServices",
            "virtualNetworkRules": [],
            "ipRules": [],
            "defaultAction": "Allow"
          },
          "supportsHttpsTrafficOnly": true,
          "encryption": {
            "services": {
              "file": {
                "keyType": "Account",
                "enabled": true,
                "lastEnabledTime": "2023-08-15T13:14:22.6021794Z"
              },
              "blob": {
                "keyType": "Account",
                "enabled": true,
                "lastEnabledTime": "2023-08-15T13:14:22.6021794Z"
              }
            },
            "keySource": "Microsoft.Storage"
          },
          "accessTier": "Hot",
          "provisioningState": "Succeeded",
          "creationTime": "2023-08-15T13:14:22.3834740Z",
          "primaryEndpoints": {
            "dfs": "https://stg0467223b5a45e.dfs.core.windows.net/",
            "web": "https://stg0467223b5a45e.z13.web.core.windows.net/",
            "blob": "https://stg0467223b5a45e.blob.core.windows.net/",
            "queue": "https://stg0467223b5a45e.queue.core.windows.net/",
            "table": "https://stg0467223b5a45e.table.core.windows.net/",
            "file": "https://stg0467223b5a45e.file.core.windows.net/"
          },
          "primaryLocation": "eastus",
          "statusOfPrimary": "available",
          "secondaryLocation": "westus",
          "statusOfSecondary": "available",
          "secondaryEndpoints": {
            "dfs": "https://stg0467223b5a45e-secondary.dfs.core.windows.net/",
            "web": "https://stg0467223b5a45e-secondary.z13.web.core.windows.net/",
            "blob": "https://stg0467223b5a45e-secondary.blob.core.windows.net/",
            "queue": "https://stg0467223b5a45e-secondary.queue.core.windows.net/",
            "table": "https://stg0467223b5a45e-secondary.table.core.windows.net/"
          }
        }
      }
    },
    {
      "RequestUri": "https://REDACTED/subscriptions/00000000-0000-0000-0000-000000000000/resourceGroups/javacsmrg87112/providers/Microsoft.Compute/virtualMachines/javavm?api-version=2023-07-01",
      "RequestMethod": "PUT",
      "RequestHeaders": {
        "Accept": "application/json",
        "Authorization": "Sanitized",
        "Content-Length": "1070",
        "Content-Type": "application/json",
        "Date": "Tue, 15 Aug 2023 13:14:40 GMT",
        "User-Agent": "azsdk-java-com.azure.resourcemanager.compute/2.30.0-beta.1 (17.0.7; Windows 11; 10.0)",
        "x-ms-client-request-id": "6a099b9c-80fe-4a88-927b-5809a5de7823",
        "x-ms-return-client-request-id": "true"
      },
      "RequestBody": {
        "location": "eastus",
        "tags": {},
        "properties": {
          "hardwareProfile": {
            "vmSize": "Basic_A0"
          },
          "storageProfile": {
            "imageReference": {
              "publisher": "Canonical",
              "offer": "UbuntuServer",
              "sku": "16.04.0-LTS",
              "version": "latest"
            },
            "osDisk": {
              "name": "javavm-os-disk",
              "vhd": {
                "uri": "https://stg0467223b5a45e.blob.core.windows.net/vhds/javavm-os-disk-1e467fc7-4489-4b50-93a5-e564881646d1.vhd"
              },
              "caching": "ReadWrite",
              "createOption": "FromImage"
            },
            "dataDisks": []
          },
          "osProfile": {
            "computerName": "javavm",
            "adminUsername": "Foo12",
            "linuxConfiguration": {
              "disablePasswordAuthentication": true,
              "ssh": {
                "publicKeys": [
                  {
                    "path": "/home/Foo12/.ssh/authorized_keys",
                    "keyData": "ssh-rsa AAAAB3NzaC1yc2EAAAADAQABAAAAgQCjRTVc7DrkpoFLKH5EF9FV0AAg9KwS47lZtVzLH5WSORI3d5zcNm9PmI8m88p/TM8ONu/3y4RyIsw3Axf\u002Bsy5p/S3xNh2Qtw8s9tFhWR\u002BXt6GBcavCK2bwfcE/JGmYED/2pWMW5dx4TVDClETKSb4eb9\u002BJMTNVI/F2pzcC25Eq/w=="
                  }
                ]
              }
            }
          },
          "networkProfile": {
            "networkInterfaces": [
              {
                "id": "/subscriptions/ec0aa5f7-9e78-40c9-85cd-535c6305b380/resourceGroups/javacsmrg87112/providers/Microsoft.Network/networkInterfaces/nic93755810b63",
                "properties": {
                  "primary": true
                }
              }
            ]
          }
        }
      },
      "StatusCode": 201,
      "ResponseHeaders": {
        "Azure-AsyncNotification": "Enabled",
        "Azure-AsyncOperation": "https://management.azure.com/subscriptions/ec0aa5f7-9e78-40c9-85cd-535c6305b380/providers/Microsoft.Compute/locations/eastus/operations/242da6a2-d5e8-4124-886e-c92b8c0120da?p=c4eddfd8-50c0-4095-b028-281986cc641e\u0026api-version=2023-07-01",
        "Cache-Control": "no-cache",
        "Content-Length": "2358",
        "Content-Type": "application/json; charset=utf-8",
        "Date": "Tue, 15 Aug 2023 13:14:44 GMT",
        "Expires": "-1",
        "Pragma": "no-cache",
        "Retry-After": "0",
        "Server": [
          "Microsoft-HTTPAPI/2.0",
          "Microsoft-HTTPAPI/2.0"
        ],
        "Strict-Transport-Security": "max-age=31536000; includeSubDomains",
        "X-Content-Type-Options": "nosniff",
        "x-ms-client-request-id": "6a099b9c-80fe-4a88-927b-5809a5de7823",
        "x-ms-correlation-request-id": "84fa1e33-8c7b-486b-8de0-8552349200ea",
        "x-ms-ratelimit-remaining-resource": "Microsoft.Compute/PutVM3Min;239,Microsoft.Compute/PutVM30Min;1181",
        "x-ms-ratelimit-remaining-subscription-writes": "1197",
        "x-ms-request-id": "242da6a2-d5e8-4124-886e-c92b8c0120da",
        "x-ms-routing-request-id": "SOUTHEASTASIA:20230815T131445Z:84fa1e33-8c7b-486b-8de0-8552349200ea"
      },
      "ResponseBody": {
        "name": "javavm",
        "id": "/subscriptions/ec0aa5f7-9e78-40c9-85cd-535c6305b380/resourceGroups/javacsmrg87112/providers/Microsoft.Compute/virtualMachines/javavm",
        "type": "Microsoft.Compute/virtualMachines",
        "location": "eastus",
        "tags": {
          "azsecpack": "nonprod",
          "platformsettings.host_environment.service.platform_optedin_for_rootcerts": "true"
        },
        "properties": {
          "vmId": "669e7a1c-43d7-48e6-8cbe-c8b26b278898",
          "hardwareProfile": {
            "vmSize": "Basic_A0"
          },
          "storageProfile": {
            "imageReference": {
              "publisher": "Canonical",
              "offer": "UbuntuServer",
              "sku": "16.04.0-LTS",
              "version": "latest",
              "exactVersion": "16.04.202109280"
            },
            "osDisk": {
              "osType": "Linux",
              "name": "javavm-os-disk",
              "createOption": "FromImage",
              "vhd": {
                "uri": "https://stg0467223b5a45e.blob.core.windows.net/vhds/javavm-os-disk-1e467fc7-4489-4b50-93a5-e564881646d1.vhd"
              },
              "caching": "ReadWrite",
              "deleteOption": "Detach"
            },
            "dataDisks": []
          },
          "osProfile": {
            "computerName": "javavm",
            "adminUsername": "Foo12",
            "linuxConfiguration": {
              "disablePasswordAuthentication": true,
              "ssh": {
                "publicKeys": [
                  {
                    "path": "/home/Foo12/.ssh/authorized_keys",
                    "keyData": "ssh-rsa AAAAB3NzaC1yc2EAAAADAQABAAAAgQCjRTVc7DrkpoFLKH5EF9FV0AAg9KwS47lZtVzLH5WSORI3d5zcNm9PmI8m88p/TM8ONu/3y4RyIsw3Axf\u002Bsy5p/S3xNh2Qtw8s9tFhWR\u002BXt6GBcavCK2bwfcE/JGmYED/2pWMW5dx4TVDClETKSb4eb9\u002BJMTNVI/F2pzcC25Eq/w=="
                  }
                ]
              },
              "provisionVMAgent": true,
              "patchSettings": {
                "patchMode": "ImageDefault",
                "assessmentMode": "ImageDefault"
              },
              "enableVMAgentPlatformUpdates": false
            },
            "secrets": [],
            "allowExtensionOperations": true,
            "requireGuestProvisionSignal": true
          },
          "networkProfile": {
            "networkInterfaces": [
              {
                "id": "/subscriptions/ec0aa5f7-9e78-40c9-85cd-535c6305b380/resourceGroups/javacsmrg87112/providers/Microsoft.Network/networkInterfaces/nic93755810b63",
                "properties": {
                  "primary": true
                }
              }
            ]
          },
          "provisioningState": "Creating",
          "timeCreated": "2023-08-15T13:14:44.1206914\u002B00:00"
        }
      }
    },
    {
      "RequestUri": "https://REDACTED/subscriptions/00000000-0000-0000-0000-000000000000/providers/Microsoft.Compute/locations/eastus/operations/242da6a2-d5e8-4124-886e-c92b8c0120da?p=c4eddfd8-50c0-4095-b028-281986cc641e\u0026api-version=2023-07-01",
      "RequestMethod": "GET",
      "RequestHeaders": {
        "Accept": "application/json",
        "Authorization": "Sanitized",
        "Date": "Tue, 15 Aug 2023 13:14:53 GMT",
        "User-Agent": "azsdk-java-com.azure.resourcemanager.compute/2.30.0-beta.1 (17.0.7; Windows 11; 10.0)",
        "x-ms-client-request-id": "6e8247f8-42c7-46fd-b490-c206cf495ebd",
        "x-ms-return-client-request-id": "true"
      },
      "RequestBody": null,
      "StatusCode": 200,
      "ResponseHeaders": {
        "Cache-Control": "no-cache",
        "Content-Length": "134",
        "Content-Type": "application/json; charset=utf-8",
        "Date": "Tue, 15 Aug 2023 13:14:56 GMT",
        "Expires": "-1",
        "Pragma": "no-cache",
        "Retry-After": "0",
        "Server": [
          "Microsoft-HTTPAPI/2.0",
          "Microsoft-HTTPAPI/2.0"
        ],
        "Strict-Transport-Security": "max-age=31536000; includeSubDomains",
        "X-Content-Type-Options": "nosniff",
        "x-ms-client-request-id": "6e8247f8-42c7-46fd-b490-c206cf495ebd",
        "x-ms-correlation-request-id": "5de0b6be-5250-467d-b659-b806e9462709",
        "x-ms-ratelimit-remaining-resource": "Microsoft.Compute/GetOperation3Min;14999,Microsoft.Compute/GetOperation30Min;29888",
        "x-ms-ratelimit-remaining-subscription-reads": "11994",
        "x-ms-request-id": "5a0d24f1-e3fb-4b03-9120-1b8de83ad699",
        "x-ms-routing-request-id": "SOUTHEASTASIA:20230815T131456Z:5de0b6be-5250-467d-b659-b806e9462709"
      },
      "ResponseBody": {
        "startTime": "2023-08-15T13:14:44.1206914\u002B00:00",
        "status": "InProgress",
        "name": "242da6a2-d5e8-4124-886e-c92b8c0120da"
      }
    },
    {
      "RequestUri": "https://REDACTED/subscriptions/00000000-0000-0000-0000-000000000000/providers/Microsoft.Compute/locations/eastus/operations/242da6a2-d5e8-4124-886e-c92b8c0120da?p=c4eddfd8-50c0-4095-b028-281986cc641e\u0026api-version=2023-07-01",
      "RequestMethod": "GET",
      "RequestHeaders": {
        "Accept": "application/json",
        "Authorization": "Sanitized",
        "Date": "Tue, 15 Aug 2023 13:15:29 GMT",
        "User-Agent": "azsdk-java-com.azure.resourcemanager.compute/2.30.0-beta.1 (17.0.7; Windows 11; 10.0)",
        "x-ms-client-request-id": "9e25546c-3f3c-4b97-8a28-1b302dc9a037",
        "x-ms-return-client-request-id": "true"
      },
      "RequestBody": null,
      "StatusCode": 200,
      "ResponseHeaders": {
        "Cache-Control": "no-cache",
        "Content-Length": "134",
        "Content-Type": "application/json; charset=utf-8",
        "Date": "Tue, 15 Aug 2023 13:15:31 GMT",
        "Expires": "-1",
        "Pragma": "no-cache",
        "Retry-After": "0",
        "Server": [
          "Microsoft-HTTPAPI/2.0",
          "Microsoft-HTTPAPI/2.0"
        ],
        "Strict-Transport-Security": "max-age=31536000; includeSubDomains",
        "X-Content-Type-Options": "nosniff",
        "x-ms-client-request-id": "9e25546c-3f3c-4b97-8a28-1b302dc9a037",
        "x-ms-correlation-request-id": "862eb870-99c8-47a4-a308-e6d7809bc970",
        "x-ms-ratelimit-remaining-resource": "Microsoft.Compute/GetOperation3Min;14998,Microsoft.Compute/GetOperation30Min;29899",
        "x-ms-ratelimit-remaining-subscription-reads": "11993",
        "x-ms-request-id": "4be1b349-082e-45cb-8f76-91190f047462",
        "x-ms-routing-request-id": "SOUTHEASTASIA:20230815T131532Z:862eb870-99c8-47a4-a308-e6d7809bc970"
      },
      "ResponseBody": {
        "startTime": "2023-08-15T13:14:44.1206914\u002B00:00",
        "status": "InProgress",
        "name": "242da6a2-d5e8-4124-886e-c92b8c0120da"
      }
    },
    {
      "RequestUri": "https://REDACTED/subscriptions/00000000-0000-0000-0000-000000000000/providers/Microsoft.Compute/locations/eastus/operations/242da6a2-d5e8-4124-886e-c92b8c0120da?p=c4eddfd8-50c0-4095-b028-281986cc641e\u0026api-version=2023-07-01",
      "RequestMethod": "GET",
      "RequestHeaders": {
        "Accept": "application/json",
        "Authorization": "Sanitized",
        "Date": "Tue, 15 Aug 2023 13:16:00 GMT",
        "User-Agent": "azsdk-java-com.azure.resourcemanager.compute/2.30.0-beta.1 (17.0.7; Windows 11; 10.0)",
        "x-ms-client-request-id": "e7857537-8179-4e6f-963a-a9698fc051bf",
        "x-ms-return-client-request-id": "true"
      },
      "RequestBody": null,
      "StatusCode": 200,
      "ResponseHeaders": {
        "Cache-Control": "no-cache",
        "Content-Length": "184",
        "Content-Type": "application/json; charset=utf-8",
        "Date": "Tue, 15 Aug 2023 13:16:02 GMT",
        "Expires": "-1",
        "Pragma": "no-cache",
        "Server": [
          "Microsoft-HTTPAPI/2.0",
          "Microsoft-HTTPAPI/2.0"
        ],
        "Strict-Transport-Security": "max-age=31536000; includeSubDomains",
        "X-Content-Type-Options": "nosniff",
        "x-ms-client-request-id": "e7857537-8179-4e6f-963a-a9698fc051bf",
        "x-ms-correlation-request-id": "3e59b68d-144f-497e-b3e9-fff662ac7822",
        "x-ms-ratelimit-remaining-resource": "Microsoft.Compute/GetOperation3Min;14995,Microsoft.Compute/GetOperation30Min;29896",
        "x-ms-ratelimit-remaining-subscription-reads": "11992",
        "x-ms-request-id": "0a9f93d6-b2f6-45d4-ad2c-6dd8547947a5",
        "x-ms-routing-request-id": "SOUTHEASTASIA:20230815T131603Z:3e59b68d-144f-497e-b3e9-fff662ac7822"
      },
      "ResponseBody": {
        "startTime": "2023-08-15T13:14:44.1206914\u002B00:00",
        "endTime": "2023-08-15T13:15:41.5890711\u002B00:00",
        "status": "Succeeded",
        "name": "242da6a2-d5e8-4124-886e-c92b8c0120da"
      }
    },
    {
      "RequestUri": "https://REDACTED/subscriptions/00000000-0000-0000-0000-000000000000/resourceGroups/javacsmrg87112/providers/Microsoft.Compute/virtualMachines/javavm?api-version=2023-07-01",
      "RequestMethod": "GET",
      "RequestHeaders": {
        "Accept": "application/json",
        "Authorization": "Sanitized",
        "Date": "Tue, 15 Aug 2023 13:16:01 GMT",
        "User-Agent": "azsdk-java-com.azure.resourcemanager.compute/2.30.0-beta.1 (17.0.7; Windows 11; 10.0)",
        "x-ms-client-request-id": "0a1f2fbb-b1ad-4a62-876b-f926ac6d1ea0",
        "x-ms-return-client-request-id": "true"
      },
      "RequestBody": null,
      "StatusCode": 200,
      "ResponseHeaders": {
        "Cache-Control": "no-cache",
        "Content-Length": "2386",
        "Content-Type": "application/json; charset=utf-8",
        "Date": "Tue, 15 Aug 2023 13:16:03 GMT",
        "Expires": "-1",
        "Pragma": "no-cache",
        "Server": [
          "Microsoft-HTTPAPI/2.0",
          "Microsoft-HTTPAPI/2.0"
        ],
        "Strict-Transport-Security": "max-age=31536000; includeSubDomains",
        "X-Content-Type-Options": "nosniff",
        "x-ms-client-request-id": "0a1f2fbb-b1ad-4a62-876b-f926ac6d1ea0",
        "x-ms-correlation-request-id": "b00c6a4f-ce8a-4df2-afc6-4eb9239bcaf3",
        "x-ms-ratelimit-remaining-resource": "Microsoft.Compute/LowCostGet3Min;3991,Microsoft.Compute/LowCostGet30Min;31888",
        "x-ms-ratelimit-remaining-subscription-reads": "11991",
        "x-ms-request-id": "fd0b6312-c738-4ceb-bd00-ef05a389dfb5",
        "x-ms-routing-request-id": "SOUTHEASTASIA:20230815T131603Z:b00c6a4f-ce8a-4df2-afc6-4eb9239bcaf3"
      },
      "ResponseBody": {
        "name": "javavm",
        "id": "/subscriptions/ec0aa5f7-9e78-40c9-85cd-535c6305b380/resourceGroups/javacsmrg87112/providers/Microsoft.Compute/virtualMachines/javavm",
        "type": "Microsoft.Compute/virtualMachines",
        "location": "eastus",
        "tags": {
          "azsecpack": "nonprod",
          "platformsettings.host_environment.service.platform_optedin_for_rootcerts": "true"
        },
        "properties": {
          "vmId": "669e7a1c-43d7-48e6-8cbe-c8b26b278898",
          "hardwareProfile": {
            "vmSize": "Basic_A0"
          },
          "storageProfile": {
            "imageReference": {
              "publisher": "Canonical",
              "offer": "UbuntuServer",
              "sku": "16.04.0-LTS",
              "version": "latest",
              "exactVersion": "16.04.202109280"
            },
            "osDisk": {
              "osType": "Linux",
              "name": "javavm-os-disk",
              "createOption": "FromImage",
              "vhd": {
                "uri": "https://stg0467223b5a45e.blob.core.windows.net/vhds/javavm-os-disk-1e467fc7-4489-4b50-93a5-e564881646d1.vhd"
              },
              "caching": "ReadWrite",
              "deleteOption": "Detach",
              "diskSizeGB": 30
            },
            "dataDisks": []
          },
          "osProfile": {
            "computerName": "javavm",
            "adminUsername": "Foo12",
            "linuxConfiguration": {
              "disablePasswordAuthentication": true,
              "ssh": {
                "publicKeys": [
                  {
                    "path": "/home/Foo12/.ssh/authorized_keys",
                    "keyData": "ssh-rsa AAAAB3NzaC1yc2EAAAADAQABAAAAgQCjRTVc7DrkpoFLKH5EF9FV0AAg9KwS47lZtVzLH5WSORI3d5zcNm9PmI8m88p/TM8ONu/3y4RyIsw3Axf\u002Bsy5p/S3xNh2Qtw8s9tFhWR\u002BXt6GBcavCK2bwfcE/JGmYED/2pWMW5dx4TVDClETKSb4eb9\u002BJMTNVI/F2pzcC25Eq/w=="
                  }
                ]
              },
              "provisionVMAgent": true,
              "patchSettings": {
                "patchMode": "ImageDefault",
                "assessmentMode": "ImageDefault"
              },
              "enableVMAgentPlatformUpdates": false
            },
            "secrets": [],
            "allowExtensionOperations": true,
            "requireGuestProvisionSignal": true
          },
          "networkProfile": {
            "networkInterfaces": [
              {
                "id": "/subscriptions/ec0aa5f7-9e78-40c9-85cd-535c6305b380/resourceGroups/javacsmrg87112/providers/Microsoft.Network/networkInterfaces/nic93755810b63",
                "properties": {
                  "primary": true
                }
              }
            ]
          },
          "provisioningState": "Succeeded",
          "timeCreated": "2023-08-15T13:14:44.1206914\u002B00:00"
        }
      }
    },
    {
      "RequestUri": "https://REDACTED/subscriptions/00000000-0000-0000-0000-000000000000/resourceGroups/javacsmrg87112/providers/Microsoft.Compute/virtualMachines/javavm?api-version=2023-07-01",
      "RequestMethod": "DELETE",
      "RequestHeaders": {
        "Accept": "application/json",
        "Authorization": "Sanitized",
        "Content-Length": "0",
        "Content-Type": "application/json",
        "Date": "Tue, 15 Aug 2023 13:16:02 GMT",
        "User-Agent": "azsdk-java-com.azure.resourcemanager.compute/2.30.0-beta.1 (17.0.7; Windows 11; 10.0)",
        "x-ms-client-request-id": "a4d769a9-44f3-4876-bacf-3935ddeae96e",
        "x-ms-return-client-request-id": "true"
      },
      "RequestBody": null,
      "StatusCode": 202,
      "ResponseHeaders": {
        "Azure-AsyncNotification": "Enabled",
        "Azure-AsyncOperation": "https://management.azure.com/subscriptions/ec0aa5f7-9e78-40c9-85cd-535c6305b380/providers/Microsoft.Compute/locations/eastus/operations/38459216-04f5-4a6c-9492-e02b0136b004?p=c4eddfd8-50c0-4095-b028-281986cc641e\u0026api-version=2023-07-01",
        "Cache-Control": "no-cache",
        "Content-Length": "0",
        "Date": "Tue, 15 Aug 2023 13:16:04 GMT",
        "Expires": "-1",
        "Location": "https://management.azure.com/subscriptions/ec0aa5f7-9e78-40c9-85cd-535c6305b380/providers/Microsoft.Compute/locations/eastus/operations/38459216-04f5-4a6c-9492-e02b0136b004?p=c4eddfd8-50c0-4095-b028-281986cc641e\u0026monitor=true\u0026api-version=2023-07-01",
        "Pragma": "no-cache",
        "Retry-After": "0",
        "Server": [
          "Microsoft-HTTPAPI/2.0",
          "Microsoft-HTTPAPI/2.0"
        ],
        "Strict-Transport-Security": "max-age=31536000; includeSubDomains",
        "X-Content-Type-Options": "nosniff",
        "x-ms-client-request-id": "a4d769a9-44f3-4876-bacf-3935ddeae96e",
        "x-ms-correlation-request-id": "5436b584-29a8-432c-b194-8753edc72931",
        "x-ms-ratelimit-remaining-resource": "Microsoft.Compute/DeleteVM3Min;239,Microsoft.Compute/DeleteVM30Min;1182",
        "x-ms-ratelimit-remaining-subscription-deletes": "14999",
        "x-ms-request-id": "38459216-04f5-4a6c-9492-e02b0136b004",
        "x-ms-routing-request-id": "SOUTHEASTASIA:20230815T131604Z:5436b584-29a8-432c-b194-8753edc72931"
      },
      "ResponseBody": null
    },
    {
      "RequestUri": "https://REDACTED/subscriptions/00000000-0000-0000-0000-000000000000/providers/Microsoft.Compute/locations/eastus/operations/38459216-04f5-4a6c-9492-e02b0136b004?p=c4eddfd8-50c0-4095-b028-281986cc641e\u0026api-version=2023-07-01",
      "RequestMethod": "GET",
      "RequestHeaders": {
        "Accept": "application/json",
        "Authorization": "Sanitized",
        "Date": "Tue, 15 Aug 2023 13:16:13 GMT",
        "User-Agent": "azsdk-java-com.azure.resourcemanager.compute/2.30.0-beta.1 (17.0.7; Windows 11; 10.0)",
        "x-ms-client-request-id": "da6ccb94-d894-4c2f-89f0-f470c84d4f9f",
        "x-ms-return-client-request-id": "true"
      },
      "RequestBody": null,
      "StatusCode": 200,
      "ResponseHeaders": {
        "Cache-Control": "no-cache",
        "Content-Length": "133",
        "Content-Type": "application/json; charset=utf-8",
        "Date": "Tue, 15 Aug 2023 13:16:14 GMT",
        "Expires": "-1",
        "Pragma": "no-cache",
        "Retry-After": "0",
        "Server": [
          "Microsoft-HTTPAPI/2.0",
          "Microsoft-HTTPAPI/2.0"
        ],
        "Strict-Transport-Security": "max-age=31536000; includeSubDomains",
        "X-Content-Type-Options": "nosniff",
        "x-ms-client-request-id": "da6ccb94-d894-4c2f-89f0-f470c84d4f9f",
        "x-ms-correlation-request-id": "33bb223c-ae8c-42e1-8035-b69800d3771e",
        "x-ms-ratelimit-remaining-resource": "Microsoft.Compute/GetOperation3Min;14994,Microsoft.Compute/GetOperation30Min;29895",
        "x-ms-ratelimit-remaining-subscription-reads": "11990",
        "x-ms-request-id": "0022e6e6-a443-46c6-9175-b7d898a2fbe4",
        "x-ms-routing-request-id": "SOUTHEASTASIA:20230815T131614Z:33bb223c-ae8c-42e1-8035-b69800d3771e"
      },
      "ResponseBody": {
        "startTime": "2023-08-15T13:16:04.417052\u002B00:00",
        "status": "InProgress",
        "name": "38459216-04f5-4a6c-9492-e02b0136b004"
      }
    },
    {
      "RequestUri": "https://REDACTED/subscriptions/00000000-0000-0000-0000-000000000000/providers/Microsoft.Compute/locations/eastus/operations/38459216-04f5-4a6c-9492-e02b0136b004?p=c4eddfd8-50c0-4095-b028-281986cc641e\u0026api-version=2023-07-01",
      "RequestMethod": "GET",
      "RequestHeaders": {
        "Accept": "application/json",
        "Authorization": "Sanitized",
        "Date": "Tue, 15 Aug 2023 13:16:43 GMT",
        "User-Agent": "azsdk-java-com.azure.resourcemanager.compute/2.30.0-beta.1 (17.0.7; Windows 11; 10.0)",
        "x-ms-client-request-id": "5e0155ba-f8de-48c7-b9d2-c8895fd3403d",
        "x-ms-return-client-request-id": "true"
      },
      "RequestBody": null,
      "StatusCode": 200,
      "ResponseHeaders": {
        "Cache-Control": "no-cache",
        "Content-Length": "183",
        "Content-Type": "application/json; charset=utf-8",
        "Date": "Tue, 15 Aug 2023 13:16:45 GMT",
        "Expires": "-1",
        "Pragma": "no-cache",
        "Server": [
          "Microsoft-HTTPAPI/2.0",
          "Microsoft-HTTPAPI/2.0"
        ],
        "Strict-Transport-Security": "max-age=31536000; includeSubDomains",
        "X-Content-Type-Options": "nosniff",
        "x-ms-client-request-id": "5e0155ba-f8de-48c7-b9d2-c8895fd3403d",
        "x-ms-correlation-request-id": "7880df64-91af-4c3f-b252-38f0d2a358de",
        "x-ms-ratelimit-remaining-resource": "Microsoft.Compute/GetOperation3Min;14993,Microsoft.Compute/GetOperation30Min;29894",
        "x-ms-ratelimit-remaining-subscription-reads": "11989",
        "x-ms-request-id": "b7400e7f-8226-4c24-ba6a-1f1b4b48adf8",
        "x-ms-routing-request-id": "SOUTHEASTASIA:20230815T131645Z:7880df64-91af-4c3f-b252-38f0d2a358de"
      },
      "ResponseBody": {
        "startTime": "2023-08-15T13:16:04.417052\u002B00:00",
        "endTime": "2023-08-15T13:16:45.2136673\u002B00:00",
        "status": "Succeeded",
        "name": "38459216-04f5-4a6c-9492-e02b0136b004"
      }
    },
    {
      "RequestUri": "https://REDACTED/subscriptions/00000000-0000-0000-0000-000000000000/providers/Microsoft.Compute/locations/eastus/operations/38459216-04f5-4a6c-9492-e02b0136b004?p=c4eddfd8-50c0-4095-b028-281986cc641e\u0026monitor=true\u0026api-version=2023-07-01",
      "RequestMethod": "GET",
      "RequestHeaders": {
        "Accept": "application/json",
        "Authorization": "Sanitized",
        "Date": "Tue, 15 Aug 2023 13:16:44 GMT",
        "User-Agent": "azsdk-java-com.azure.resourcemanager.compute/2.30.0-beta.1 (17.0.7; Windows 11; 10.0)",
        "x-ms-client-request-id": "4382fcd7-1711-4497-8b67-7e50b1c985e2",
        "x-ms-return-client-request-id": "true"
      },
      "RequestBody": null,
      "StatusCode": 200,
      "ResponseHeaders": {
        "Cache-Control": "no-cache",
        "Content-Length": "0",
        "Date": "Tue, 15 Aug 2023 13:16:45 GMT",
        "Expires": "-1",
        "Pragma": "no-cache",
        "Server": [
          "Microsoft-HTTPAPI/2.0",
          "Microsoft-HTTPAPI/2.0"
        ],
        "Strict-Transport-Security": "max-age=31536000; includeSubDomains",
        "X-Content-Type-Options": "nosniff",
        "x-ms-client-request-id": "4382fcd7-1711-4497-8b67-7e50b1c985e2",
        "x-ms-correlation-request-id": "7c5a8525-8a4f-4167-9e4c-bb2999ebae2b",
        "x-ms-ratelimit-remaining-resource": "Microsoft.Compute/GetOperation3Min;14992,Microsoft.Compute/GetOperation30Min;29893",
        "x-ms-ratelimit-remaining-subscription-reads": "11988",
        "x-ms-request-id": "64d1c4a5-cb3b-42ae-af6d-204b247b09f0",
        "x-ms-routing-request-id": "SOUTHEASTASIA:20230815T131646Z:7c5a8525-8a4f-4167-9e4c-bb2999ebae2b"
      },
      "ResponseBody": null
    },
    {
      "RequestUri": "https://REDACTED/subscriptions/00000000-0000-0000-0000-000000000000/resourcegroups/javacsmrg87112?api-version=2022-09-01",
      "RequestMethod": "PUT",
      "RequestHeaders": {
        "Accept": "application/json",
        "Authorization": "Sanitized",
        "Content-Length": "21",
        "Content-Type": "application/json",
        "Date": "Tue, 15 Aug 2023 13:16:44 GMT",
        "User-Agent": "azsdk-java-com.azure.resourcemanager.resources/2.30.0-beta.1 (17.0.7; Windows 11; 10.0)",
        "x-ms-client-request-id": "c95dd05e-2019-4541-b696-c6ee70f4ff59",
        "x-ms-return-client-request-id": "true"
      },
      "RequestBody": {
        "location": "eastus"
      },
      "StatusCode": 200,
      "ResponseHeaders": {
        "Cache-Control": "no-cache",
        "Content-Length": "225",
        "Content-Type": "application/json; charset=utf-8",
        "Date": "Tue, 15 Aug 2023 13:16:48 GMT",
        "Expires": "-1",
        "Pragma": "no-cache",
        "Strict-Transport-Security": "max-age=31536000; includeSubDomains",
        "X-Content-Type-Options": "nosniff",
        "x-ms-correlation-request-id": "3ff88703-bcf6-45db-90ad-8cc5587d31e0",
        "x-ms-ratelimit-remaining-subscription-writes": "1196",
        "x-ms-request-id": "3ff88703-bcf6-45db-90ad-8cc5587d31e0",
        "x-ms-routing-request-id": "SOUTHEASTASIA:20230815T131648Z:3ff88703-bcf6-45db-90ad-8cc5587d31e0"
      },
      "ResponseBody": {
        "id": "/subscriptions/ec0aa5f7-9e78-40c9-85cd-535c6305b380/resourceGroups/javacsmrg87112",
        "name": "javacsmrg87112",
        "type": "Microsoft.Resources/resourceGroups",
        "location": "eastus",
        "properties": {
          "provisioningState": "Succeeded"
        }
      }
    },
    {
      "RequestUri": "https://REDACTED/subscriptions/00000000-0000-0000-0000-000000000000/resourceGroups/javacsmrg87112/providers/Microsoft.Network/virtualNetworks/vnet0518114b74?api-version=2023-04-01",
      "RequestMethod": "PUT",
      "RequestHeaders": {
        "Accept": "application/json",
        "Authorization": "Sanitized",
        "Content-Length": "205",
        "Content-Type": "application/json",
        "Date": "Tue, 15 Aug 2023 13:16:47 GMT",
        "User-Agent": "azsdk-java-com.azure.resourcemanager.network/2.30.0-beta.1 (17.0.7; Windows 11; 10.0)",
        "x-ms-client-request-id": "c030aeec-db59-4977-80fc-e2a2e0dd8bfb",
        "x-ms-return-client-request-id": "true"
      },
      "RequestBody": {
        "location": "eastus",
        "tags": {},
        "properties": {
          "addressSpace": {
            "addressPrefixes": [
              "10.0.0.0/28"
            ]
          },
          "dhcpOptions": {
            "dnsServers": []
          },
          "subnets": [
            {
              "properties": {
                "addressPrefix": "10.0.0.0/28"
              },
              "name": "subnet1"
            }
          ]
        }
      },
      "StatusCode": 201,
      "ResponseHeaders": {
        "Azure-AsyncNotification": "Enabled",
        "Azure-AsyncOperation": "https://management.azure.com/subscriptions/ec0aa5f7-9e78-40c9-85cd-535c6305b380/providers/Microsoft.Network/locations/eastus/operations/d757fa7a-a00e-4762-be50-3c6458ec4773?api-version=2023-04-01",
        "Cache-Control": "no-cache",
        "Content-Length": "1019",
        "Content-Type": "application/json; charset=utf-8",
        "Date": "Tue, 15 Aug 2023 13:16:50 GMT",
        "Expires": "-1",
        "Pragma": "no-cache",
        "Retry-After": "0",
        "Server": [
          "Microsoft-HTTPAPI/2.0",
          "Microsoft-HTTPAPI/2.0"
        ],
        "Strict-Transport-Security": "max-age=31536000; includeSubDomains",
        "X-Content-Type-Options": "nosniff",
        "x-ms-arm-service-request-id": "bd090c98-aa12-4383-a51f-64c5365a7c32",
        "x-ms-client-request-id": "c030aeec-db59-4977-80fc-e2a2e0dd8bfb",
        "x-ms-correlation-request-id": "08333fdf-743d-4024-bc72-29318ad5017a",
        "x-ms-ratelimit-remaining-subscription-writes": "1199",
        "x-ms-request-id": "d757fa7a-a00e-4762-be50-3c6458ec4773",
        "x-ms-routing-request-id": "SOUTHEASTASIA:20230815T131651Z:08333fdf-743d-4024-bc72-29318ad5017a"
      },
      "ResponseBody": {
        "name": "vnet0518114b74",
        "id": "/subscriptions/ec0aa5f7-9e78-40c9-85cd-535c6305b380/resourceGroups/javacsmrg87112/providers/Microsoft.Network/virtualNetworks/vnet0518114b74",
        "etag": "W/\u00227529ceb4-6959-449a-b8d9-d7a7aafefb11\u0022",
        "type": "Microsoft.Network/virtualNetworks",
        "location": "eastus",
        "tags": {},
        "properties": {
          "provisioningState": "Updating",
          "resourceGuid": "bcd63482-eced-4931-aab5-80d30d37dbe7",
          "addressSpace": {
            "addressPrefixes": [
              "10.0.0.0/28"
            ]
          },
          "dhcpOptions": {
            "dnsServers": []
          },
          "subnets": [
            {
              "name": "subnet1",
              "id": "/subscriptions/ec0aa5f7-9e78-40c9-85cd-535c6305b380/resourceGroups/javacsmrg87112/providers/Microsoft.Network/virtualNetworks/vnet0518114b74/subnets/subnet1",
              "etag": "W/\u00227529ceb4-6959-449a-b8d9-d7a7aafefb11\u0022",
              "properties": {
                "provisioningState": "Updating",
                "addressPrefix": "10.0.0.0/28",
                "delegations": [],
                "privateEndpointNetworkPolicies": "Disabled",
                "privateLinkServiceNetworkPolicies": "Enabled"
              },
              "type": "Microsoft.Network/virtualNetworks/subnets"
            }
          ],
          "virtualNetworkPeerings": [],
          "enableDdosProtection": false
        }
      }
    },
    {
      "RequestUri": "https://REDACTED/subscriptions/00000000-0000-0000-0000-000000000000/resourceGroups/javacsmrg87112/providers/Microsoft.Storage/storageAccounts/stg826738651da6c?api-version=2023-01-01",
      "RequestMethod": "PUT",
      "RequestHeaders": {
        "Accept": "application/json",
        "Authorization": "Sanitized",
        "Content-Length": "266",
        "Content-Type": "application/json",
        "Date": "Tue, 15 Aug 2023 13:16:47 GMT",
        "User-Agent": "azsdk-java-com.azure.resourcemanager.storage/2.30.0-beta.1 (17.0.7; Windows 11; 10.0)",
        "x-ms-client-request-id": "5974eb8c-c2b5-4501-ad4e-818ccd7d7d2b",
        "x-ms-return-client-request-id": "true"
      },
      "RequestBody": {
        "sku": {
          "name": "Standard_RAGRS"
        },
        "kind": "StorageV2",
        "location": "eastus",
        "tags": {},
        "properties": {
          "encryption": {
            "services": {
              "blob": {
                "enabled": true
              },
              "file": {
                "enabled": true
              }
            },
            "keySource": "Microsoft.Storage"
          },
          "supportsHttpsTrafficOnly": true,
          "minimumTlsVersion": "TLS1_2"
        }
      },
      "StatusCode": 202,
      "ResponseHeaders": {
        "Cache-Control": "no-cache",
        "Content-Length": "0",
        "Content-Type": "text/plain; charset=utf-8",
        "Date": "Tue, 15 Aug 2023 13:16:52 GMT",
        "Expires": "-1",
        "Location": "https://management.azure.com/subscriptions/ec0aa5f7-9e78-40c9-85cd-535c6305b380/providers/Microsoft.Storage/locations/eastus/asyncoperations/eefde62d-0df6-4443-b24f-cfc795aebf53?monitor=true\u0026api-version=2023-01-01",
        "Pragma": "no-cache",
        "Retry-After": "0",
        "Server": "Microsoft-Azure-Storage-Resource-Provider/1.0,Microsoft-HTTPAPI/2.0 Microsoft-HTTPAPI/2.0",
        "Strict-Transport-Security": "max-age=31536000; includeSubDomains",
        "X-Content-Type-Options": "nosniff",
        "x-ms-client-request-id": "5974eb8c-c2b5-4501-ad4e-818ccd7d7d2b",
        "x-ms-correlation-request-id": "fc37700d-85f6-4b91-9316-26017b2a65fa",
        "x-ms-ratelimit-remaining-subscription-writes": "1195",
        "x-ms-request-id": "eefde62d-0df6-4443-b24f-cfc795aebf53",
        "x-ms-routing-request-id": "SOUTHEASTASIA:20230815T131652Z:fc37700d-85f6-4b91-9316-26017b2a65fa"
      },
      "ResponseBody": null
    },
    {
      "RequestUri": "https://REDACTED/subscriptions/00000000-0000-0000-0000-000000000000/providers/Microsoft.Network/locations/eastus/operations/d757fa7a-a00e-4762-be50-3c6458ec4773?api-version=2023-04-01",
      "RequestMethod": "GET",
      "RequestHeaders": {
        "Accept": "application/json",
        "Authorization": "Sanitized",
        "Date": "Tue, 15 Aug 2023 13:16:52 GMT",
        "User-Agent": "azsdk-java-com.azure.resourcemanager.network/2.30.0-beta.1 (17.0.7; Windows 11; 10.0)",
        "x-ms-client-request-id": "1110841b-4ed6-4bc2-b1ba-49bd02cc528b",
        "x-ms-return-client-request-id": "true"
      },
      "RequestBody": null,
      "StatusCode": 200,
      "ResponseHeaders": {
        "Cache-Control": "no-cache",
        "Content-Length": "22",
        "Content-Type": "application/json; charset=utf-8",
        "Date": "Tue, 15 Aug 2023 13:16:54 GMT",
        "Expires": "-1",
        "Pragma": "no-cache",
        "Server": [
          "Microsoft-HTTPAPI/2.0",
          "Microsoft-HTTPAPI/2.0"
        ],
        "Strict-Transport-Security": "max-age=31536000; includeSubDomains",
        "X-Content-Type-Options": "nosniff",
        "x-ms-arm-service-request-id": "bbc265dc-c434-4372-bd4a-f3a72eefc96c",
        "x-ms-client-request-id": "1110841b-4ed6-4bc2-b1ba-49bd02cc528b",
        "x-ms-correlation-request-id": "98219cca-4ed4-44bf-a7da-1cb01dfd0b64",
        "x-ms-ratelimit-remaining-subscription-reads": "11987",
        "x-ms-request-id": "c3ed8fbf-d7cd-4829-9792-77306d81d093",
        "x-ms-routing-request-id": "SOUTHEASTASIA:20230815T131655Z:98219cca-4ed4-44bf-a7da-1cb01dfd0b64"
      },
      "ResponseBody": {
        "status": "Succeeded"
      }
    },
    {
      "RequestUri": "https://REDACTED/subscriptions/00000000-0000-0000-0000-000000000000/resourceGroups/javacsmrg87112/providers/Microsoft.Network/virtualNetworks/vnet0518114b74?api-version=2023-04-01",
      "RequestMethod": "GET",
      "RequestHeaders": {
        "Accept": "application/json",
        "Authorization": "Sanitized",
        "Date": "Tue, 15 Aug 2023 13:16:53 GMT",
        "User-Agent": "azsdk-java-com.azure.resourcemanager.network/2.30.0-beta.1 (17.0.7; Windows 11; 10.0)",
        "x-ms-client-request-id": "409604c7-e7c7-4f96-9634-f912fa348a8d",
        "x-ms-return-client-request-id": "true"
      },
      "RequestBody": null,
      "StatusCode": 200,
      "ResponseHeaders": {
        "Cache-Control": "no-cache",
        "Content-Length": "1021",
        "Content-Type": "application/json; charset=utf-8",
        "Date": "Tue, 15 Aug 2023 13:16:55 GMT",
        "ETag": "W/\u00222a6ea446-b959-4e48-b7dc-c81f3ee7ed5d\u0022",
        "Expires": "-1",
        "Pragma": "no-cache",
        "Server": [
          "Microsoft-HTTPAPI/2.0",
          "Microsoft-HTTPAPI/2.0"
        ],
        "Strict-Transport-Security": "max-age=31536000; includeSubDomains",
        "X-Content-Type-Options": "nosniff",
        "x-ms-arm-service-request-id": "cb356599-2348-4083-95fa-08b04a5c7018",
        "x-ms-client-request-id": "409604c7-e7c7-4f96-9634-f912fa348a8d",
        "x-ms-correlation-request-id": "82f3d9ed-2971-484b-94d0-609577201118",
        "x-ms-ratelimit-remaining-subscription-reads": "11986",
        "x-ms-request-id": "6a51e02c-9bc8-4b31-8df5-e7e3201c0758",
        "x-ms-routing-request-id": "SOUTHEASTASIA:20230815T131655Z:82f3d9ed-2971-484b-94d0-609577201118"
      },
      "ResponseBody": {
        "name": "vnet0518114b74",
        "id": "/subscriptions/ec0aa5f7-9e78-40c9-85cd-535c6305b380/resourceGroups/javacsmrg87112/providers/Microsoft.Network/virtualNetworks/vnet0518114b74",
        "etag": "W/\u00222a6ea446-b959-4e48-b7dc-c81f3ee7ed5d\u0022",
        "type": "Microsoft.Network/virtualNetworks",
        "location": "eastus",
        "tags": {},
        "properties": {
          "provisioningState": "Succeeded",
          "resourceGuid": "bcd63482-eced-4931-aab5-80d30d37dbe7",
          "addressSpace": {
            "addressPrefixes": [
              "10.0.0.0/28"
            ]
          },
          "dhcpOptions": {
            "dnsServers": []
          },
          "subnets": [
            {
              "name": "subnet1",
              "id": "/subscriptions/ec0aa5f7-9e78-40c9-85cd-535c6305b380/resourceGroups/javacsmrg87112/providers/Microsoft.Network/virtualNetworks/vnet0518114b74/subnets/subnet1",
              "etag": "W/\u00222a6ea446-b959-4e48-b7dc-c81f3ee7ed5d\u0022",
              "properties": {
                "provisioningState": "Succeeded",
                "addressPrefix": "10.0.0.0/28",
                "delegations": [],
                "privateEndpointNetworkPolicies": "Disabled",
                "privateLinkServiceNetworkPolicies": "Enabled"
              },
              "type": "Microsoft.Network/virtualNetworks/subnets"
            }
          ],
          "virtualNetworkPeerings": [],
          "enableDdosProtection": false
        }
      }
    },
    {
      "RequestUri": "https://REDACTED/subscriptions/00000000-0000-0000-0000-000000000000/resourceGroups/javacsmrg87112/providers/Microsoft.Network/networkInterfaces/nic92632bbe180?api-version=2023-04-01",
      "RequestMethod": "PUT",
      "RequestHeaders": {
        "Accept": "application/json",
        "Authorization": "Sanitized",
        "Content-Length": "346",
        "Content-Type": "application/json",
        "Date": "Tue, 15 Aug 2023 13:16:54 GMT",
        "User-Agent": "azsdk-java-com.azure.resourcemanager.network/2.30.0-beta.1 (17.0.7; Windows 11; 10.0)",
        "x-ms-client-request-id": "bd806f25-3340-43b1-9eb1-5b020ba0d7db",
        "x-ms-return-client-request-id": "true"
      },
      "RequestBody": {
        "location": "eastus",
        "tags": {},
        "properties": {
          "ipConfigurations": [
            {
              "properties": {
                "privateIPAllocationMethod": "Dynamic",
                "subnet": {
                  "id": "/subscriptions/ec0aa5f7-9e78-40c9-85cd-535c6305b380/resourceGroups/javacsmrg87112/providers/Microsoft.Network/virtualNetworks/vnet0518114b74/subnets/subnet1"
                },
                "primary": true
              },
              "name": "primary"
            }
          ],
          "dnsSettings": {}
        }
      },
      "StatusCode": 201,
      "ResponseHeaders": {
        "Azure-AsyncNotification": "Enabled",
        "Azure-AsyncOperation": "https://management.azure.com/subscriptions/ec0aa5f7-9e78-40c9-85cd-535c6305b380/providers/Microsoft.Network/locations/eastus/operations/df5c76ba-d59f-4a07-8c95-60738711a247?api-version=2023-04-01",
        "Cache-Control": "no-cache",
        "Content-Length": "1530",
        "Content-Type": "application/json; charset=utf-8",
        "Date": "Tue, 15 Aug 2023 13:16:57 GMT",
        "Expires": "-1",
        "Pragma": "no-cache",
        "Server": [
          "Microsoft-HTTPAPI/2.0",
          "Microsoft-HTTPAPI/2.0"
        ],
        "Strict-Transport-Security": "max-age=31536000; includeSubDomains",
        "X-Content-Type-Options": "nosniff",
        "x-ms-arm-service-request-id": "90142a58-9a94-4e6c-ad0b-1477c0c078a4",
        "x-ms-client-request-id": "bd806f25-3340-43b1-9eb1-5b020ba0d7db",
        "x-ms-correlation-request-id": "11c08b89-8927-4704-9e37-8b65039151c4",
        "x-ms-ratelimit-remaining-subscription-writes": "1194",
        "x-ms-request-id": "df5c76ba-d59f-4a07-8c95-60738711a247",
        "x-ms-routing-request-id": "SOUTHEASTASIA:20230815T131657Z:11c08b89-8927-4704-9e37-8b65039151c4"
      },
      "ResponseBody": {
        "name": "nic92632bbe180",
        "id": "/subscriptions/ec0aa5f7-9e78-40c9-85cd-535c6305b380/resourceGroups/javacsmrg87112/providers/Microsoft.Network/networkInterfaces/nic92632bbe180",
        "etag": "W/\u0022a90c5c1e-a4a2-43e0-a274-41cafe531933\u0022",
        "tags": {},
        "properties": {
          "provisioningState": "Succeeded",
          "resourceGuid": "2f3055b2-8628-4546-82a7-3667ede56230",
          "ipConfigurations": [
            {
              "name": "primary",
              "id": "/subscriptions/ec0aa5f7-9e78-40c9-85cd-535c6305b380/resourceGroups/javacsmrg87112/providers/Microsoft.Network/networkInterfaces/nic92632bbe180/ipConfigurations/primary",
              "etag": "W/\u0022a90c5c1e-a4a2-43e0-a274-41cafe531933\u0022",
              "type": "Microsoft.Network/networkInterfaces/ipConfigurations",
              "properties": {
                "provisioningState": "Succeeded",
                "privateIPAddress": "10.0.0.4",
                "privateIPAllocationMethod": "Dynamic",
                "subnet": {
                  "id": "/subscriptions/ec0aa5f7-9e78-40c9-85cd-535c6305b380/resourceGroups/javacsmrg87112/providers/Microsoft.Network/virtualNetworks/vnet0518114b74/subnets/subnet1"
                },
                "primary": true,
                "privateIPAddressVersion": "IPv4"
              }
            }
          ],
          "dnsSettings": {
            "dnsServers": [],
            "appliedDnsServers": [],
            "internalDomainNameSuffix": "qi0nnphn3qyutkvvqdjq0n412h.bx.internal.cloudapp.net"
          },
          "enableAcceleratedNetworking": false,
          "vnetEncryptionSupported": false,
          "enableIPForwarding": false,
          "disableTcpStateTracking": false,
          "hostedWorkloads": [],
          "tapConfigurations": [],
          "nicType": "Standard",
          "allowPort25Out": true,
          "auxiliaryMode": "None",
          "auxiliarySku": "None",
          "nicAuxiliarySkuBillingNotificationType": "NoOp"
        },
        "type": "Microsoft.Network/networkInterfaces",
        "location": "eastus",
        "kind": "Regular"
      }
    },
    {
      "RequestUri": "https://REDACTED/subscriptions/00000000-0000-0000-0000-000000000000/providers/Microsoft.Storage/locations/eastus/asyncoperations/eefde62d-0df6-4443-b24f-cfc795aebf53?monitor=true\u0026api-version=2023-01-01",
      "RequestMethod": "GET",
      "RequestHeaders": {
        "Accept": "application/json",
        "Authorization": "Sanitized",
        "Date": "Tue, 15 Aug 2023 13:17:08 GMT",
        "User-Agent": "azsdk-java-com.azure.resourcemanager.storage/2.30.0-beta.1 (17.0.7; Windows 11; 10.0)",
        "x-ms-client-request-id": "aaa5da47-4f80-47bb-aec8-9742bfd562f1",
        "x-ms-return-client-request-id": "true"
      },
      "RequestBody": null,
      "StatusCode": 200,
      "ResponseHeaders": {
        "Cache-Control": "no-cache",
        "Content-Length": "1897",
        "Content-Type": "application/json",
        "Date": "Tue, 15 Aug 2023 13:17:09 GMT",
        "Expires": "-1",
        "Pragma": "no-cache",
        "Server": "Microsoft-Azure-Storage-Resource-Provider/1.0,Microsoft-HTTPAPI/2.0 Microsoft-HTTPAPI/2.0",
        "Strict-Transport-Security": "max-age=31536000; includeSubDomains",
        "X-Content-Type-Options": "nosniff",
        "x-ms-client-request-id": "aaa5da47-4f80-47bb-aec8-9742bfd562f1",
        "x-ms-correlation-request-id": "e24310c4-7936-4c14-8290-c77e63e230cf",
        "x-ms-ratelimit-remaining-subscription-reads": "11985",
        "x-ms-request-id": "358b6651-cf9e-423b-93f3-29f662850321",
        "x-ms-routing-request-id": "SOUTHEASTASIA:20230815T131710Z:e24310c4-7936-4c14-8290-c77e63e230cf"
      },
      "ResponseBody": {
        "sku": {
          "name": "Standard_RAGRS",
          "tier": "Standard"
        },
        "kind": "StorageV2",
        "id": "/subscriptions/ec0aa5f7-9e78-40c9-85cd-535c6305b380/resourceGroups/javacsmrg87112/providers/Microsoft.Storage/storageAccounts/stg826738651da6c",
        "name": "stg826738651da6c",
        "type": "Microsoft.Storage/storageAccounts",
        "location": "eastus",
        "tags": {},
        "properties": {
          "keyCreationTime": {
            "key1": "2023-08-15T13:16:50.7267671Z",
            "key2": "2023-08-15T13:16:50.7267671Z"
          },
          "allowCrossTenantReplication": false,
          "privateEndpointConnections": [],
          "minimumTlsVersion": "TLS1_2",
          "allowBlobPublicAccess": false,
          "networkAcls": {
            "ipv6Rules": [],
            "bypass": "AzureServices",
            "virtualNetworkRules": [],
            "ipRules": [],
            "defaultAction": "Allow"
          },
          "supportsHttpsTrafficOnly": true,
          "encryption": {
            "services": {
              "file": {
                "keyType": "Account",
                "enabled": true,
                "lastEnabledTime": "2023-08-15T13:16:50.7267671Z"
              },
              "blob": {
                "keyType": "Account",
                "enabled": true,
                "lastEnabledTime": "2023-08-15T13:16:50.7267671Z"
              }
            },
            "keySource": "Microsoft.Storage"
          },
          "accessTier": "Hot",
          "provisioningState": "Succeeded",
          "creationTime": "2023-08-15T13:16:50.5548524Z",
          "primaryEndpoints": {
            "dfs": "https://stg826738651da6c.dfs.core.windows.net/",
            "web": "https://stg826738651da6c.z13.web.core.windows.net/",
            "blob": "https://stg826738651da6c.blob.core.windows.net/",
            "queue": "https://stg826738651da6c.queue.core.windows.net/",
            "table": "https://stg826738651da6c.table.core.windows.net/",
            "file": "https://stg826738651da6c.file.core.windows.net/"
          },
          "primaryLocation": "eastus",
          "statusOfPrimary": "available",
          "secondaryLocation": "westus",
          "statusOfSecondary": "available",
          "secondaryEndpoints": {
            "dfs": "https://stg826738651da6c-secondary.dfs.core.windows.net/",
            "web": "https://stg826738651da6c-secondary.z13.web.core.windows.net/",
            "blob": "https://stg826738651da6c-secondary.blob.core.windows.net/",
            "queue": "https://stg826738651da6c-secondary.queue.core.windows.net/",
            "table": "https://stg826738651da6c-secondary.table.core.windows.net/"
          }
        }
      }
    },
    {
      "RequestUri": "https://REDACTED/subscriptions/00000000-0000-0000-0000-000000000000/resourceGroups/javacsmrg87112/providers/Microsoft.Storage/storageAccounts/stg826738651da6c?api-version=2023-01-01",
      "RequestMethod": "GET",
      "RequestHeaders": {
        "Accept": "application/json",
        "Authorization": "Sanitized",
        "Content-Length": "0",
        "Content-Type": "application/json",
        "Date": "Tue, 15 Aug 2023 13:17:08 GMT",
        "User-Agent": "azsdk-java-com.azure.resourcemanager.storage/2.30.0-beta.1 (17.0.7; Windows 11; 10.0)",
        "x-ms-client-request-id": "dcc38d92-9a91-42eb-aeaa-a5f8cc7a7cf5",
        "x-ms-return-client-request-id": "true"
      },
      "RequestBody": null,
      "StatusCode": 200,
      "ResponseHeaders": {
        "Cache-Control": "no-cache",
        "Content-Length": "1897",
        "Content-Type": "application/json",
        "Date": "Tue, 15 Aug 2023 13:17:09 GMT",
        "Expires": "-1",
        "Pragma": "no-cache",
        "Server": "Microsoft-Azure-Storage-Resource-Provider/1.0,Microsoft-HTTPAPI/2.0 Microsoft-HTTPAPI/2.0",
        "Strict-Transport-Security": "max-age=31536000; includeSubDomains",
        "X-Content-Type-Options": "nosniff",
        "x-ms-client-request-id": "dcc38d92-9a91-42eb-aeaa-a5f8cc7a7cf5",
        "x-ms-correlation-request-id": "5673f0d1-18eb-43cc-8dbe-3b3965582520",
        "x-ms-ratelimit-remaining-subscription-reads": "11984",
        "x-ms-request-id": "70e4e0b0-2891-40de-ac99-dfab44587f3f",
        "x-ms-routing-request-id": "SOUTHEASTASIA:20230815T131710Z:5673f0d1-18eb-43cc-8dbe-3b3965582520"
      },
      "ResponseBody": {
        "sku": {
          "name": "Standard_RAGRS",
          "tier": "Standard"
        },
        "kind": "StorageV2",
        "id": "/subscriptions/ec0aa5f7-9e78-40c9-85cd-535c6305b380/resourceGroups/javacsmrg87112/providers/Microsoft.Storage/storageAccounts/stg826738651da6c",
        "name": "stg826738651da6c",
        "type": "Microsoft.Storage/storageAccounts",
        "location": "eastus",
        "tags": {},
        "properties": {
          "keyCreationTime": {
            "key1": "2023-08-15T13:16:50.7267671Z",
            "key2": "2023-08-15T13:16:50.7267671Z"
          },
          "allowCrossTenantReplication": false,
          "privateEndpointConnections": [],
          "minimumTlsVersion": "TLS1_2",
          "allowBlobPublicAccess": false,
          "networkAcls": {
            "ipv6Rules": [],
            "bypass": "AzureServices",
            "virtualNetworkRules": [],
            "ipRules": [],
            "defaultAction": "Allow"
          },
          "supportsHttpsTrafficOnly": true,
          "encryption": {
            "services": {
              "file": {
                "keyType": "Account",
                "enabled": true,
                "lastEnabledTime": "2023-08-15T13:16:50.7267671Z"
              },
              "blob": {
                "keyType": "Account",
                "enabled": true,
                "lastEnabledTime": "2023-08-15T13:16:50.7267671Z"
              }
            },
            "keySource": "Microsoft.Storage"
          },
          "accessTier": "Hot",
          "provisioningState": "Succeeded",
          "creationTime": "2023-08-15T13:16:50.5548524Z",
          "primaryEndpoints": {
            "dfs": "https://stg826738651da6c.dfs.core.windows.net/",
            "web": "https://stg826738651da6c.z13.web.core.windows.net/",
            "blob": "https://stg826738651da6c.blob.core.windows.net/",
            "queue": "https://stg826738651da6c.queue.core.windows.net/",
            "table": "https://stg826738651da6c.table.core.windows.net/",
            "file": "https://stg826738651da6c.file.core.windows.net/"
          },
          "primaryLocation": "eastus",
          "statusOfPrimary": "available",
          "secondaryLocation": "westus",
          "statusOfSecondary": "available",
          "secondaryEndpoints": {
            "dfs": "https://stg826738651da6c-secondary.dfs.core.windows.net/",
            "web": "https://stg826738651da6c-secondary.z13.web.core.windows.net/",
            "blob": "https://stg826738651da6c-secondary.blob.core.windows.net/",
            "queue": "https://stg826738651da6c-secondary.queue.core.windows.net/",
            "table": "https://stg826738651da6c-secondary.table.core.windows.net/"
          }
        }
      }
    },
    {
      "RequestUri": "https://REDACTED/subscriptions/00000000-0000-0000-0000-000000000000/resourceGroups/javacsmrg87112/providers/Microsoft.Compute/virtualMachines/javavm?api-version=2023-07-01",
      "RequestMethod": "PUT",
      "RequestHeaders": {
        "Accept": "application/json",
        "Authorization": "Sanitized",
        "Content-Length": "686",
        "Content-Type": "application/json",
        "Date": "Tue, 15 Aug 2023 13:17:09 GMT",
        "User-Agent": "azsdk-java-com.azure.resourcemanager.compute/2.30.0-beta.1 (17.0.7; Windows 11; 10.0)",
        "x-ms-client-request-id": "a4f6ff3c-e017-4e78-ad22-1f80f0f3a538",
        "x-ms-return-client-request-id": "true"
      },
      "RequestBody": {
        "location": "eastus",
        "tags": {},
        "properties": {
          "hardwareProfile": {
            "vmSize": "Basic_A0"
          },
          "storageProfile": {
            "osDisk": {
              "osType": "Linux",
              "name": "javavm-os-disk",
              "vhd": {
                "uri": "https://stg0467223b5a45e.blob.core.windows.net/vhds/javavm-os-disk-1e467fc7-4489-4b50-93a5-e564881646d1.vhd"
              },
              "caching": "ReadWrite",
              "createOption": "Attach"
            },
            "dataDisks": []
          },
          "networkProfile": {
            "networkInterfaces": [
              {
                "id": "/subscriptions/ec0aa5f7-9e78-40c9-85cd-535c6305b380/resourceGroups/javacsmrg87112/providers/Microsoft.Network/networkInterfaces/nic92632bbe180",
                "properties": {
                  "primary": true
                }
              }
            ]
          },
          "diagnosticsProfile": {
            "bootDiagnostics": {
              "enabled": true,
              "storageUri": "https://stg826738651da6c.blob.core.windows.net/"
            }
          }
        }
      },
      "StatusCode": 201,
      "ResponseHeaders": {
        "Azure-AsyncNotification": "Enabled",
        "Azure-AsyncOperation": "https://management.azure.com/subscriptions/ec0aa5f7-9e78-40c9-85cd-535c6305b380/providers/Microsoft.Compute/locations/eastus/operations/fe2bd270-6bb8-4a5e-b512-46b27a0fd5ba?p=c4eddfd8-50c0-4095-b028-281986cc641e\u0026api-version=2023-07-01",
        "Cache-Control": "no-cache",
        "Content-Length": "1394",
        "Content-Type": "application/json; charset=utf-8",
        "Date": "Tue, 15 Aug 2023 13:17:12 GMT",
        "Expires": "-1",
        "Pragma": "no-cache",
        "Retry-After": "0",
        "Server": [
          "Microsoft-HTTPAPI/2.0",
          "Microsoft-HTTPAPI/2.0"
        ],
        "Strict-Transport-Security": "max-age=31536000; includeSubDomains",
        "X-Content-Type-Options": "nosniff",
        "x-ms-client-request-id": "a4f6ff3c-e017-4e78-ad22-1f80f0f3a538",
        "x-ms-correlation-request-id": "1d74c34a-8ca6-49f4-9f44-b4413824b39b",
        "x-ms-ratelimit-remaining-resource": "Microsoft.Compute/PutVM3Min;237,Microsoft.Compute/PutVM30Min;1183",
        "x-ms-ratelimit-remaining-subscription-writes": "1193",
        "x-ms-request-id": "fe2bd270-6bb8-4a5e-b512-46b27a0fd5ba",
        "x-ms-routing-request-id": "SOUTHEASTASIA:20230815T131713Z:1d74c34a-8ca6-49f4-9f44-b4413824b39b"
      },
      "ResponseBody": {
        "name": "javavm",
        "id": "/subscriptions/ec0aa5f7-9e78-40c9-85cd-535c6305b380/resourceGroups/javacsmrg87112/providers/Microsoft.Compute/virtualMachines/javavm",
        "type": "Microsoft.Compute/virtualMachines",
        "location": "eastus",
        "tags": {
          "platformsettings.host_environment.service.platform_optedin_for_rootcerts": "true"
        },
        "properties": {
          "vmId": "2a486b04-b112-4c27-b0f0-7ffe81098db6",
          "hardwareProfile": {
            "vmSize": "Basic_A0"
          },
          "storageProfile": {
            "osDisk": {
              "osType": "Linux",
              "name": "javavm-os-disk",
              "createOption": "Attach",
              "vhd": {
                "uri": "https://stg0467223b5a45e.blob.core.windows.net/vhds/javavm-os-disk-1e467fc7-4489-4b50-93a5-e564881646d1.vhd"
              },
              "caching": "ReadWrite",
              "deleteOption": "Detach"
            },
            "dataDisks": []
          },
          "networkProfile": {
            "networkInterfaces": [
              {
                "id": "/subscriptions/ec0aa5f7-9e78-40c9-85cd-535c6305b380/resourceGroups/javacsmrg87112/providers/Microsoft.Network/networkInterfaces/nic92632bbe180",
                "properties": {
                  "primary": true
                }
              }
            ]
          },
          "diagnosticsProfile": {
            "bootDiagnostics": {
              "enabled": true,
              "storageUri": "https://stg826738651da6c.blob.core.windows.net/"
            }
          },
          "provisioningState": "Creating",
          "timeCreated": "2023-08-15T13:17:12.3541235\u002B00:00"
        }
      }
    },
    {
      "RequestUri": "https://REDACTED/subscriptions/00000000-0000-0000-0000-000000000000/providers/Microsoft.Compute/locations/eastus/operations/fe2bd270-6bb8-4a5e-b512-46b27a0fd5ba?p=c4eddfd8-50c0-4095-b028-281986cc641e\u0026api-version=2023-07-01",
      "RequestMethod": "GET",
      "RequestHeaders": {
        "Accept": "application/json",
        "Authorization": "Sanitized",
        "Date": "Tue, 15 Aug 2023 13:17:22 GMT",
        "User-Agent": "azsdk-java-com.azure.resourcemanager.compute/2.30.0-beta.1 (17.0.7; Windows 11; 10.0)",
        "x-ms-client-request-id": "1f8660ba-72fa-489c-882e-6fdff7d704a8",
        "x-ms-return-client-request-id": "true"
      },
      "RequestBody": null,
      "StatusCode": 200,
      "ResponseHeaders": {
        "Cache-Control": "no-cache",
        "Content-Length": "134",
        "Content-Type": "application/json; charset=utf-8",
        "Date": "Tue, 15 Aug 2023 13:17:24 GMT",
        "Expires": "-1",
        "Pragma": "no-cache",
        "Retry-After": "0",
        "Server": [
          "Microsoft-HTTPAPI/2.0",
          "Microsoft-HTTPAPI/2.0"
        ],
        "Strict-Transport-Security": "max-age=31536000; includeSubDomains",
        "X-Content-Type-Options": "nosniff",
        "x-ms-client-request-id": "1f8660ba-72fa-489c-882e-6fdff7d704a8",
        "x-ms-correlation-request-id": "9ac8a736-febb-4c64-8fb6-f19c5287f9df",
        "x-ms-ratelimit-remaining-resource": "Microsoft.Compute/GetOperation3Min;14990,Microsoft.Compute/GetOperation30Min;29891",
        "x-ms-ratelimit-remaining-subscription-reads": "11983",
        "x-ms-request-id": "0a7709af-20c9-42f5-ba11-438659b1655e",
        "x-ms-routing-request-id": "SOUTHEASTASIA:20230815T131724Z:9ac8a736-febb-4c64-8fb6-f19c5287f9df"
      },
      "ResponseBody": {
        "startTime": "2023-08-15T13:17:12.3384985\u002B00:00",
        "status": "InProgress",
        "name": "fe2bd270-6bb8-4a5e-b512-46b27a0fd5ba"
      }
    },
    {
      "RequestUri": "https://REDACTED/subscriptions/00000000-0000-0000-0000-000000000000/providers/Microsoft.Compute/locations/eastus/operations/fe2bd270-6bb8-4a5e-b512-46b27a0fd5ba?p=c4eddfd8-50c0-4095-b028-281986cc641e\u0026api-version=2023-07-01",
      "RequestMethod": "GET",
      "RequestHeaders": {
        "Accept": "application/json",
        "Authorization": "Sanitized",
        "Date": "Tue, 15 Aug 2023 13:17:28 GMT",
        "User-Agent": "azsdk-java-com.azure.resourcemanager.compute/2.30.0-beta.1 (17.0.7; Windows 11; 10.0)",
        "x-ms-client-request-id": "976843fa-48de-4a9a-abcf-06cc6330a11e",
        "x-ms-return-client-request-id": "true"
      },
      "RequestBody": null,
      "StatusCode": 200,
      "ResponseHeaders": {
        "Cache-Control": "no-cache",
        "Content-Length": "134",
        "Content-Type": "application/json; charset=utf-8",
        "Date": "Tue, 15 Aug 2023 13:17:30 GMT",
        "Expires": "-1",
        "Pragma": "no-cache",
        "Retry-After": "0",
        "Server": [
          "Microsoft-HTTPAPI/2.0",
          "Microsoft-HTTPAPI/2.0"
        ],
        "Strict-Transport-Security": "max-age=31536000; includeSubDomains",
        "X-Content-Type-Options": "nosniff",
        "x-ms-client-request-id": "976843fa-48de-4a9a-abcf-06cc6330a11e",
        "x-ms-correlation-request-id": "27b6a771-db4f-4599-a877-6104c4156a3e",
        "x-ms-ratelimit-remaining-resource": "Microsoft.Compute/GetOperation3Min;14990,Microsoft.Compute/GetOperation30Min;29890",
        "x-ms-ratelimit-remaining-subscription-reads": "11982",
        "x-ms-request-id": "7b95a482-d846-4ddc-b27e-7c4c11d3eb51",
        "x-ms-routing-request-id": "SOUTHEASTASIA:20230815T131730Z:27b6a771-db4f-4599-a877-6104c4156a3e"
      },
      "ResponseBody": {
        "startTime": "2023-08-15T13:17:12.3384985\u002B00:00",
        "status": "InProgress",
        "name": "fe2bd270-6bb8-4a5e-b512-46b27a0fd5ba"
      }
    },
    {
      "RequestUri": "https://REDACTED/subscriptions/00000000-0000-0000-0000-000000000000/providers/Microsoft.Compute/locations/eastus/operations/fe2bd270-6bb8-4a5e-b512-46b27a0fd5ba?p=c4eddfd8-50c0-4095-b028-281986cc641e\u0026api-version=2023-07-01",
      "RequestMethod": "GET",
      "RequestHeaders": {
        "Accept": "application/json",
        "Authorization": "Sanitized",
        "Date": "Tue, 15 Aug 2023 13:17:34 GMT",
        "User-Agent": "azsdk-java-com.azure.resourcemanager.compute/2.30.0-beta.1 (17.0.7; Windows 11; 10.0)",
        "x-ms-client-request-id": "15bd3eeb-6514-40ed-8bd0-f727fbb67c91",
        "x-ms-return-client-request-id": "true"
      },
      "RequestBody": null,
      "StatusCode": 200,
      "ResponseHeaders": {
        "Cache-Control": "no-cache",
        "Content-Length": "183",
        "Content-Type": "application/json; charset=utf-8",
        "Date": "Tue, 15 Aug 2023 13:17:36 GMT",
        "Expires": "-1",
        "Pragma": "no-cache",
        "Server": [
          "Microsoft-HTTPAPI/2.0",
          "Microsoft-HTTPAPI/2.0"
        ],
        "Strict-Transport-Security": "max-age=31536000; includeSubDomains",
        "X-Content-Type-Options": "nosniff",
        "x-ms-client-request-id": "15bd3eeb-6514-40ed-8bd0-f727fbb67c91",
        "x-ms-correlation-request-id": "ec631a82-ea7c-4776-8d5b-79f9d806ebca",
        "x-ms-ratelimit-remaining-resource": "Microsoft.Compute/GetOperation3Min;14989,Microsoft.Compute/GetOperation30Min;29889",
        "x-ms-ratelimit-remaining-subscription-reads": "11981",
        "x-ms-request-id": "d9e1d8c5-9f3d-4ebe-a2ae-cd61a2bcf02d",
        "x-ms-routing-request-id": "SOUTHEASTASIA:20230815T131736Z:ec631a82-ea7c-4776-8d5b-79f9d806ebca"
      },
      "ResponseBody": {
        "startTime": "2023-08-15T13:17:12.3384985\u002B00:00",
        "endTime": "2023-08-15T13:17:35.510224\u002B00:00",
        "status": "Succeeded",
        "name": "fe2bd270-6bb8-4a5e-b512-46b27a0fd5ba"
      }
    },
    {
      "RequestUri": "https://REDACTED/subscriptions/00000000-0000-0000-0000-000000000000/resourceGroups/javacsmrg87112/providers/Microsoft.Compute/virtualMachines/javavm?api-version=2023-07-01",
      "RequestMethod": "GET",
      "RequestHeaders": {
        "Accept": "application/json",
        "Authorization": "Sanitized",
        "Date": "Tue, 15 Aug 2023 13:17:35 GMT",
        "User-Agent": "azsdk-java-com.azure.resourcemanager.compute/2.30.0-beta.1 (17.0.7; Windows 11; 10.0)",
        "x-ms-client-request-id": "4ac853db-9edb-4f5d-b6cc-2af3833ee3aa",
        "x-ms-return-client-request-id": "true"
      },
      "RequestBody": null,
      "StatusCode": 200,
      "ResponseHeaders": {
        "Cache-Control": "no-cache",
        "Content-Length": "1422",
        "Content-Type": "application/json; charset=utf-8",
        "Date": "Tue, 15 Aug 2023 13:17:36 GMT",
        "Expires": "-1",
        "Pragma": "no-cache",
        "Server": [
          "Microsoft-HTTPAPI/2.0",
          "Microsoft-HTTPAPI/2.0"
        ],
        "Strict-Transport-Security": "max-age=31536000; includeSubDomains",
        "X-Content-Type-Options": "nosniff",
        "x-ms-client-request-id": "4ac853db-9edb-4f5d-b6cc-2af3833ee3aa",
        "x-ms-correlation-request-id": "0300111f-21bc-43e0-aa37-948588d222b4",
        "x-ms-ratelimit-remaining-resource": "Microsoft.Compute/LowCostGet3Min;3988,Microsoft.Compute/LowCostGet30Min;31883",
        "x-ms-ratelimit-remaining-subscription-reads": "11980",
        "x-ms-request-id": "eaeee30f-e310-414c-9e6f-4e8eb2a4bead",
        "x-ms-routing-request-id": "SOUTHEASTASIA:20230815T131737Z:0300111f-21bc-43e0-aa37-948588d222b4"
      },
      "ResponseBody": {
        "name": "javavm",
        "id": "/subscriptions/ec0aa5f7-9e78-40c9-85cd-535c6305b380/resourceGroups/javacsmrg87112/providers/Microsoft.Compute/virtualMachines/javavm",
        "type": "Microsoft.Compute/virtualMachines",
        "location": "eastus",
        "tags": {
          "platformsettings.host_environment.service.platform_optedin_for_rootcerts": "true"
        },
        "properties": {
          "vmId": "2a486b04-b112-4c27-b0f0-7ffe81098db6",
          "hardwareProfile": {
            "vmSize": "Basic_A0"
          },
          "storageProfile": {
            "osDisk": {
              "osType": "Linux",
              "name": "javavm-os-disk",
              "createOption": "Attach",
              "vhd": {
                "uri": "https://stg0467223b5a45e.blob.core.windows.net/vhds/javavm-os-disk-1e467fc7-4489-4b50-93a5-e564881646d1.vhd"
              },
              "caching": "ReadWrite",
              "deleteOption": "Detach",
              "diskSizeGB": 30
            },
            "dataDisks": []
          },
          "networkProfile": {
            "networkInterfaces": [
              {
                "id": "/subscriptions/ec0aa5f7-9e78-40c9-85cd-535c6305b380/resourceGroups/javacsmrg87112/providers/Microsoft.Network/networkInterfaces/nic92632bbe180",
                "properties": {
                  "primary": true
                }
              }
            ]
          },
          "diagnosticsProfile": {
            "bootDiagnostics": {
              "enabled": true,
              "storageUri": "https://stg826738651da6c.blob.core.windows.net/"
            }
          },
          "provisioningState": "Succeeded",
          "timeCreated": "2023-08-15T13:17:12.3541235\u002B00:00"
        }
      }
    },
    {
      "RequestUri": "https://REDACTED/subscriptions/00000000-0000-0000-0000-000000000000/resourcegroups/javacsmrg87112?api-version=2022-09-01",
      "RequestMethod": "DELETE",
      "RequestHeaders": {
        "Accept": "application/json",
        "Authorization": "Sanitized",
        "Content-Length": "0",
        "Content-Type": "application/json",
        "Date": "Tue, 15 Aug 2023 13:17:35 GMT",
        "User-Agent": "azsdk-java-com.azure.resourcemanager.resources/2.30.0-beta.1 (17.0.7; Windows 11; 10.0)",
        "x-ms-client-request-id": "40b8a953-fef5-42d4-b7ad-bcb8ec4a873d",
        "x-ms-return-client-request-id": "true"
      },
      "RequestBody": null,
      "StatusCode": 202,
      "ResponseHeaders": {
        "Cache-Control": "no-cache",
        "Content-Length": "0",
        "Date": "Tue, 15 Aug 2023 13:17:39 GMT",
        "Expires": "-1",
        "Location": "https://management.azure.com/subscriptions/ec0aa5f7-9e78-40c9-85cd-535c6305b380/operationresults/eyJqb2JJZCI6IlJFU09VUkNFR1JPVVBERUxFVElPTkpPQi1KQVZBQ1NNUkc4NzExMi1FQVNUVVMiLCJqb2JMb2NhdGlvbiI6ImVhc3R1cyJ9?api-version=2022-09-01",
        "Pragma": "no-cache",
        "Retry-After": "0",
        "Strict-Transport-Security": "max-age=31536000; includeSubDomains",
        "X-Content-Type-Options": "nosniff",
        "x-ms-correlation-request-id": "3839cc90-8b15-4f3b-95d2-93d5ac030fff",
        "x-ms-ratelimit-remaining-subscription-deletes": "14998",
        "x-ms-request-id": "3839cc90-8b15-4f3b-95d2-93d5ac030fff",
        "x-ms-routing-request-id": "SOUTHEASTASIA:20230815T131740Z:3839cc90-8b15-4f3b-95d2-93d5ac030fff"
      },
      "ResponseBody": null
    }
  ],
  "Variables": {
    "0": "javacsmrg87112",
    "1": "nic93755810b63",
    "2": "vnet77227c0322",
    "3": "stg0467223b5a45e",
    "4": "nic92632bbe180",
    "5": "vnet0518114b74",
    "6": "stg826738651da6c"
  }
}
