{
  "Entries": [
    {
      "RequestUri": "https://management.azure.com/subscriptions/da1d7b9a-a759-41c8-bb73-093a1818e03a?api-version=2022-12-01",
      "RequestMethod": "GET",
      "RequestHeaders": {
        "Accept": "application/json",
        "Authorization": "Sanitized",
        "traceparent": "00-81094fa12393d199062443819149ffde-21ff5f56ce509eae-00",
        "User-Agent": "azsdk-net-ResourceManager/1.9.0 (.NET 7.0.14; Microsoft Windows 10.0.22621)",
        "x-ms-client-request-id": "f50242a15d53588282568c087c2c7d50",
        "x-ms-return-client-request-id": "true"
      },
      "RequestBody": null,
      "StatusCode": 200,
      "ResponseHeaders": {
        "Cache-Control": "no-cache",
        "Content-Length": "501",
        "Content-Type": "application/json; charset=utf-8",
        "Date": "Tue, 21 Nov 2023 07:29:59 GMT",
        "Expires": "-1",
        "Pragma": "no-cache",
        "Strict-Transport-Security": "max-age=31536000; includeSubDomains",
        "X-Cache": "CONFIG_NOCACHE",
        "X-Content-Type-Options": "nosniff",
        "x-ms-correlation-request-id": "2163120a-ac5f-4e71-a110-2d41a2a59e8b",
        "x-ms-ratelimit-remaining-subscription-reads": "11644",
        "x-ms-request-id": "2163120a-ac5f-4e71-a110-2d41a2a59e8b",
        "x-ms-routing-request-id": "JAPANWEST:20231121T073000Z:2163120a-ac5f-4e71-a110-2d41a2a59e8b",
        "X-MSEdge-Ref": "Ref A: 062537A1014648A58FC843A7C8F4E6A8 Ref B: TYO201100114025 Ref C: 2023-11-21T07:30:00Z"
      },
      "ResponseBody": {
        "id": "/subscriptions/da1d7b9a-a759-41c8-bb73-093a1818e03a",
        "authorizationSource": "RoleBased",
        "managedByTenants": [
          {
            "tenantId": "2f4a9838-26b7-47ee-be60-ccc1fdec5953"
          }
        ],
        "tags": {
          "NRMS10318670": "20220720"
        },
        "subscriptionId": "da1d7b9a-a759-41c8-bb73-093a1818e03a",
        "tenantId": "72f988bf-86f1-41af-91ab-2d7cd011db47",
        "displayName": "ADMS_Test_Engineering_RichTransform",
        "state": "Enabled",
        "subscriptionPolicies": {
          "locationPlacementId": "Internal_2014-09-01",
          "quotaId": "Internal_2014-09-01",
          "spendingLimit": "Off"
        }
      }
    },
    {
      "RequestUri": "https://management.azure.com/subscriptions/da1d7b9a-a759-41c8-bb73-093a1818e03a/resourcegroups/adf-rg-marketo-9589?api-version=2022-09-01",
      "RequestMethod": "PUT",
      "RequestHeaders": {
        "Accept": "application/json",
        "Authorization": "Sanitized",
        "Content-Length": "22",
        "Content-Type": "application/json",
        "traceparent": "00-52f2cb16717cee53ced9d2ff5808b586-508f5063e321d7b7-00",
        "User-Agent": "azsdk-net-ResourceManager/1.9.0 (.NET 7.0.14; Microsoft Windows 10.0.22621)",
        "x-ms-client-request-id": "c5f329058d3965ce061112d36c008abf",
        "x-ms-return-client-request-id": "true"
      },
      "RequestBody": {
        "location": "westus2"
      },
      "StatusCode": 201,
      "ResponseHeaders": {
        "Cache-Control": "no-cache",
        "Content-Length": "236",
        "Content-Type": "application/json; charset=utf-8",
        "Date": "Tue, 21 Nov 2023 07:30:00 GMT",
        "Expires": "-1",
        "Pragma": "no-cache",
        "Strict-Transport-Security": "max-age=31536000; includeSubDomains",
        "X-Cache": "CONFIG_NOCACHE",
        "X-Content-Type-Options": "nosniff",
        "x-ms-correlation-request-id": "938fddcb-2065-4ee0-ad20-e7a98b2a4f8d",
        "x-ms-ratelimit-remaining-subscription-writes": "1186",
        "x-ms-request-id": "938fddcb-2065-4ee0-ad20-e7a98b2a4f8d",
        "x-ms-routing-request-id": "JAPANEAST:20231121T073001Z:938fddcb-2065-4ee0-ad20-e7a98b2a4f8d",
        "X-MSEdge-Ref": "Ref A: FA48EF8F3EDD4F7BA69792DE9B3CE7DE Ref B: TYO201100114025 Ref C: 2023-11-21T07:30:00Z"
      },
      "ResponseBody": {
        "id": "/subscriptions/da1d7b9a-a759-41c8-bb73-093a1818e03a/resourceGroups/adf-rg-marketo-9589",
        "name": "adf-rg-marketo-9589",
        "type": "Microsoft.Resources/resourceGroups",
        "location": "westus2",
        "properties": {
          "provisioningState": "Succeeded"
        }
      }
    },
    {
      "RequestUri": "https://management.azure.com/subscriptions/da1d7b9a-a759-41c8-bb73-093a1818e03a/resourceGroups/adf-rg-marketo-9589/providers/Microsoft.DataFactory/factories/adf-marketo-8482?api-version=2018-06-01",
      "RequestMethod": "PUT",
      "RequestHeaders": {
        "Accept": "application/json",
        "Authorization": "Sanitized",
        "Content-Length": "48",
        "Content-Type": "application/json",
        "traceparent": "00-857b4338312c7c21aaf7a75cc87a9e5f-95a3c916372d5b76-00",
        "User-Agent": "azsdk-net-ResourceManager.DataFactory/1.0.0-alpha.20231121.1 (.NET 7.0.14; Microsoft Windows 10.0.22621)",
        "x-ms-client-request-id": "0b855d2418a7ce35c096271da8388761",
        "x-ms-return-client-request-id": "true"
      },
      "RequestBody": {
        "tags": {},
        "location": "westus2",
        "properties": {}
      },
      "StatusCode": 200,
      "ResponseHeaders": {
        "Cache-Control": "no-cache",
        "Content-Length": "466",
        "Content-Type": "application/json; charset=utf-8",
        "Date": "Tue, 21 Nov 2023 07:30:02 GMT",
        "Expires": "-1",
        "Pragma": "no-cache",
        "Strict-Transport-Security": "max-age=31536000; includeSubDomains",
        "X-Cache": "CONFIG_NOCACHE",
        "X-Content-Type-Options": "nosniff",
        "x-ms-correlation-request-id": "9ce4250c-09c4-4f88-9ff0-067922d36993",
        "x-ms-ratelimit-remaining-subscription-writes": "1181",
        "x-ms-request-id": "9ce4250c-09c4-4f88-9ff0-067922d36993",
        "x-ms-routing-request-id": "JAPANEAST:20231121T073003Z:9ce4250c-09c4-4f88-9ff0-067922d36993",
        "X-MSEdge-Ref": "Ref A: 85C7E23EADCC49DC8E1BFE261EC50E8B Ref B: TYO201100114025 Ref C: 2023-11-21T07:30:01Z"
      },
      "ResponseBody": {
        "name": "adf-marketo-8482",
        "id": "/subscriptions/da1d7b9a-a759-41c8-bb73-093a1818e03a/resourceGroups/adf-rg-marketo-9589/providers/Microsoft.DataFactory/factories/adf-marketo-8482",
        "type": "Microsoft.DataFactory/factories",
        "properties": {
          "provisioningState": "Succeeded",
          "createTime": "2023-11-21T07:30:03.0345685Z",
          "version": "2018-06-01"
        },
        "eTag": "\u002240041d8d-0000-0800-0000-655c5c7b0000\u0022",
        "location": "westus2",
        "tags": {}
      }
    },
    {
      "RequestUri": "https://management.azure.com/subscriptions/da1d7b9a-a759-41c8-bb73-093a1818e03a/resourceGroups/adf-rg-marketo-9589/providers/Microsoft.DataFactory/factories/adf-marketo-8482/integrationRuntimes/adf-integrationRuntime-8600?api-version=2018-06-01",
      "RequestMethod": "PUT",
      "RequestHeaders": {
        "Accept": "application/json",
        "Authorization": "Sanitized",
        "Content-Length": "172",
        "Content-Type": "application/json",
        "traceparent": "00-6a86244467216f856fa152dc95707cc9-ee949e1426b28b51-00",
        "User-Agent": "azsdk-net-ResourceManager.DataFactory/1.0.0-alpha.20231121.1 (.NET 7.0.14; Microsoft Windows 10.0.22621)",
        "x-ms-client-request-id": "83e7a5ab148f9d74ee424baeec82cccd",
        "x-ms-return-client-request-id": "true"
      },
      "RequestBody": {
        "properties": {
          "type": "Managed",
          "typeProperties": {
            "computeProperties": {
              "location": "eastus2",
              "dataFlowProperties": {
                "computeType": "General",
                "coreCount": 4,
                "timeToLive": 10
              }
            }
          }
        }
      },
      "StatusCode": 200,
      "ResponseHeaders": {
        "Cache-Control": "no-cache",
        "Content-Length": "638",
        "Content-Type": "application/json; charset=utf-8",
        "Date": "Tue, 21 Nov 2023 07:30:03 GMT",
        "Expires": "-1",
        "Pragma": "no-cache",
        "Strict-Transport-Security": "max-age=31536000; includeSubDomains",
        "X-Cache": "CONFIG_NOCACHE",
        "X-Content-Type-Options": "nosniff",
        "x-ms-correlation-request-id": "6761861c-5aef-4636-ba1d-48f21892013e",
        "x-ms-ratelimit-remaining-subscription-writes": "1187",
        "x-ms-request-id": "6761861c-5aef-4636-ba1d-48f21892013e",
        "x-ms-routing-request-id": "JAPANEAST:20231121T073004Z:6761861c-5aef-4636-ba1d-48f21892013e",
        "X-MSEdge-Ref": "Ref A: 44098C9B123C4E479789A4E1A4B1970C Ref B: TYO201100114025 Ref C: 2023-11-21T07:30:03Z"
      },
      "ResponseBody": {
        "id": "/subscriptions/da1d7b9a-a759-41c8-bb73-093a1818e03a/resourceGroups/adf-rg-marketo-9589/providers/Microsoft.DataFactory/factories/adf-marketo-8482/integrationruntimes/adf-integrationRuntime-8600",
        "name": "adf-integrationRuntime-8600",
        "type": "Microsoft.DataFactory/factories/integrationruntimes",
        "properties": {
          "type": "Managed",
          "typeProperties": {
            "computeProperties": {
              "location": "eastus2",
              "dataFlowProperties": {
                "computeType": "General",
                "coreCount": 4,
                "timeToLive": 10
              }
            }
          }
        },
        "etag": "2403cf42-0000-0800-0000-655c5c7c0000"
      }
    },
    {
      "RequestUri": "https://management.azure.com/subscriptions/da1d7b9a-a759-41c8-bb73-093a1818e03a/resourceGroups/adf-rg-marketo-9589/providers/Microsoft.DataFactory/factories/adf-marketo-8482/linkedservices/adf_linkedservice_akv_4036?api-version=2018-06-01",
      "RequestMethod": "PUT",
      "RequestHeaders": {
        "Accept": "application/json",
        "Authorization": "Sanitized",
        "Content-Length": "100",
        "Content-Type": "application/json",
        "traceparent": "00-407957f924bb06256c868c8cd079c3c6-4fbef89d02f75ba0-00",
        "User-Agent": "azsdk-net-ResourceManager.DataFactory/1.0.0-alpha.20231121.1 (.NET 7.0.14; Microsoft Windows 10.0.22621)",
        "x-ms-client-request-id": "5e45f7cfbe1079f6f6a6485dd88a7245",
        "x-ms-return-client-request-id": "true"
      },
      "RequestBody": {
        "properties": {
          "type": "AzureKeyVault",
          "typeProperties": {
            "baseUrl": "https://Test.vault.azure.net/"
          }
        }
      },
      "StatusCode": 200,
      "ResponseHeaders": {
        "Cache-Control": "no-cache",
        "Content-Length": "482",
        "Content-Type": "application/json; charset=utf-8",
        "Date": "Tue, 21 Nov 2023 07:30:03 GMT",
        "Expires": "-1",
        "Pragma": "no-cache",
        "Strict-Transport-Security": "max-age=31536000; includeSubDomains",
        "X-Cache": "CONFIG_NOCACHE",
        "X-Content-Type-Options": "nosniff",
        "x-ms-correlation-request-id": "56091576-e186-4d32-b3f7-5ef7c50952bc",
        "x-ms-ratelimit-remaining-subscription-writes": "1182",
        "x-ms-request-id": "56091576-e186-4d32-b3f7-5ef7c50952bc",
        "x-ms-routing-request-id": "JAPANEAST:20231121T073004Z:56091576-e186-4d32-b3f7-5ef7c50952bc",
        "X-MSEdge-Ref": "Ref A: 5745DE5BD8674D159805A4E2F3A22C7B Ref B: TYO201100114025 Ref C: 2023-11-21T07:30:04Z"
      },
      "ResponseBody": {
        "id": "/subscriptions/da1d7b9a-a759-41c8-bb73-093a1818e03a/resourceGroups/adf-rg-marketo-9589/providers/Microsoft.DataFactory/factories/adf-marketo-8482/linkedservices/adf_linkedservice_akv_4036",
        "name": "adf_linkedservice_akv_4036",
        "type": "Microsoft.DataFactory/factories/linkedservices",
        "properties": {
          "type": "AzureKeyVault",
          "typeProperties": {
            "baseUrl": "https://Test.vault.azure.net/"
          }
        },
        "etag": "2403d742-0000-0800-0000-655c5c7c0000"
      }
    },
    {
      "RequestUri": "https://management.azure.com/subscriptions/da1d7b9a-a759-41c8-bb73-093a1818e03a/resourceGroups/adf-rg-marketo-9589/providers/Microsoft.DataFactory/factories/adf-marketo-8482/linkedservices/adf_linkedservice_marketo_7774?api-version=2018-06-01",
      "RequestMethod": "PUT",
      "RequestHeaders": {
        "Accept": "application/json",
        "Authorization": "Sanitized",
        "Content-Length": "260",
        "Content-Type": "application/json",
        "traceparent": "00-77ca941e1affdde3092122376aa3682d-0cad8844a6cc6d43-00",
        "User-Agent": "azsdk-net-ResourceManager.DataFactory/1.0.0-alpha.20231121.1 (.NET 7.0.14; Microsoft Windows 10.0.22621)",
        "x-ms-client-request-id": "1bd7e45449956d10b8d6e920d3145b4f",
        "x-ms-return-client-request-id": "true"
      },
      "RequestBody": {
        "properties": {
          "type": "Marketo",
          "typeProperties": {
            "endpoint": "123-ABC-321.mktorest.com",
            "clientId": "fakeClientId",
            "clientSecret": {
              "value": "some secret",
              "type": "SecureString"
            },
            "useEncryptedEndpoints": true,
            "useHostVerification": true,
            "usePeerVerification": true
          }
        }
      },
      "StatusCode": 200,
      "ResponseHeaders": {
        "Cache-Control": "no-cache",
        "Content-Length": "926",
        "Content-Type": "application/json; charset=utf-8",
        "Date": "Tue, 21 Nov 2023 07:30:04 GMT",
        "Expires": "-1",
        "Pragma": "no-cache",
        "Strict-Transport-Security": "max-age=31536000; includeSubDomains",
        "X-Cache": "CONFIG_NOCACHE",
        "X-Content-Type-Options": "nosniff",
        "x-ms-correlation-request-id": "6c84ddec-35d8-4502-a5cb-e5d44e0a2ccd",
        "x-ms-ratelimit-remaining-subscription-writes": "1190",
        "x-ms-request-id": "6c84ddec-35d8-4502-a5cb-e5d44e0a2ccd",
        "x-ms-routing-request-id": "JAPANEAST:20231121T073005Z:6c84ddec-35d8-4502-a5cb-e5d44e0a2ccd",
        "X-MSEdge-Ref": "Ref A: E9A40838272E4D2CAF6906AFB9A83EDE Ref B: TYO201100114025 Ref C: 2023-11-21T07:30:04Z"
      },
      "ResponseBody": {
        "id": "/subscriptions/da1d7b9a-a759-41c8-bb73-093a1818e03a/resourceGroups/adf-rg-marketo-9589/providers/Microsoft.DataFactory/factories/adf-marketo-8482/linkedservices/adf_linkedservice_marketo_7774",
        "name": "adf_linkedservice_marketo_7774",
        "type": "Microsoft.DataFactory/factories/linkedservices",
        "properties": {
          "type": "Marketo",
          "typeProperties": {
            "endpoint": "123-ABC-321.mktorest.com",
            "clientId": "fakeClientId",
            "useEncryptedEndpoints": true,
            "useHostVerification": true,
            "usePeerVerification": true,
            "encryptedCredential": "ew0KICAiVmVyc2lvbiI6ICIyMDE3LTExLTMwIiwNCiAgIlByb3RlY3Rpb25Nb2RlIjogIktleSIsDQogICJTZWNyZXRDb250ZW50VHlwZSI6ICJQbGFpbnRleHQiLA0KICAiQ3JlZGVudGlhbElkIjogIkRBVEFGQUNUT1JZQDRENDQ5MDkxLUQwQjMtNENFRS04OTk0LTAyN0UyNDQ4OEZEQ19jYTI0NTA5MC00ZDEwLTQ3ZWEtOGNiZi0yYThhMmE2NTU0YjUiDQp9"
          }
        },
        "etag": "2403f342-0000-0800-0000-655c5c7d0000"
      }
    }
  ],
  "Variables": {
    "AZURE_AUTHORITY_HOST": null,
    "RandomSeed": "1842097858",
    "RESOURCE_MANAGER_URL": null,
    "SUBSCRIPTION_ID": "da1d7b9a-a759-41c8-bb73-093a1818e03a"
  }
}
