{
  "Entries": [
    {
      "RequestUri": "https://management.azure.com/subscriptions/da1d7b9a-a759-41c8-bb73-093a1818e03a?api-version=2022-12-01",
      "RequestMethod": "GET",
      "RequestHeaders": {
        "Accept": "application/json",
        "Authorization": "Sanitized",
        "traceparent": "00-a0bbd5f8d103ff709b3321db5cfed563-3eaf855d692cf0c1-00",
        "User-Agent": "azsdk-net-ResourceManager/1.9.0 (.NET 7.0.14; Microsoft Windows 10.0.22621)",
        "x-ms-client-request-id": "32146eeb9019500a35c9b6e5db06638d",
        "x-ms-return-client-request-id": "true"
      },
      "RequestBody": null,
      "StatusCode": 200,
      "ResponseHeaders": {
        "Cache-Control": "no-cache",
        "Content-Length": "501",
        "Content-Type": "application/json; charset=utf-8",
        "Date": "Thu, 23 Nov 2023 10:37:59 GMT",
        "Expires": "-1",
        "Pragma": "no-cache",
        "Strict-Transport-Security": "max-age=31536000; includeSubDomains",
        "X-Content-Type-Options": "nosniff",
        "x-ms-correlation-request-id": "9c67d76e-89b8-4b84-bd04-2cbda42bcf5a",
        "x-ms-ratelimit-remaining-subscription-reads": "11456",
        "x-ms-request-id": "9c67d76e-89b8-4b84-bd04-2cbda42bcf5a",
        "x-ms-routing-request-id": "EASTUS:20231123T103800Z:9c67d76e-89b8-4b84-bd04-2cbda42bcf5a"
      },
      "ResponseBody": {
        "id": "/subscriptions/da1d7b9a-a759-41c8-bb73-093a1818e03a",
        "authorizationSource": "RoleBased",
        "managedByTenants": [
          {
            "tenantId": "2f4a9838-26b7-47ee-be60-ccc1fdec5953"
          }
        ],
        "tags": {
          "NRMS10318670": "20220720"
        },
        "subscriptionId": "da1d7b9a-a759-41c8-bb73-093a1818e03a",
        "tenantId": "72f988bf-86f1-41af-91ab-2d7cd011db47",
        "displayName": "ADMS_Test_Engineering_RichTransform",
        "state": "Enabled",
        "subscriptionPolicies": {
          "locationPlacementId": "Internal_2014-09-01",
          "quotaId": "Internal_2014-09-01",
          "spendingLimit": "Off"
        }
      }
    },
    {
      "RequestUri": "https://management.azure.com/subscriptions/da1d7b9a-a759-41c8-bb73-093a1818e03a/resourcegroups/adf-rg-azuredatabricks-4339?api-version=2022-09-01",
      "RequestMethod": "PUT",
      "RequestHeaders": {
        "Accept": "application/json",
        "Authorization": "Sanitized",
        "Content-Length": "22",
        "Content-Type": "application/json",
        "traceparent": "00-be73c449b3ddfbaa57eb4c55c6e949b6-ce406b8c6dabff6c-00",
        "User-Agent": "azsdk-net-ResourceManager/1.9.0 (.NET 7.0.14; Microsoft Windows 10.0.22621)",
        "x-ms-client-request-id": "c54485657eeb3c557c65fd30c3af738e",
        "x-ms-return-client-request-id": "true"
      },
      "RequestBody": {
        "location": "westus2"
      },
      "StatusCode": 201,
      "ResponseHeaders": {
        "Cache-Control": "no-cache",
        "Content-Length": "252",
        "Content-Type": "application/json; charset=utf-8",
        "Date": "Thu, 23 Nov 2023 10:38:00 GMT",
        "Expires": "-1",
        "Pragma": "no-cache",
        "Strict-Transport-Security": "max-age=31536000; includeSubDomains",
        "X-Content-Type-Options": "nosniff",
        "x-ms-correlation-request-id": "7dc0a612-60da-461c-8eed-db7f90fb8b1b",
        "x-ms-ratelimit-remaining-subscription-writes": "648",
        "x-ms-request-id": "7dc0a612-60da-461c-8eed-db7f90fb8b1b",
        "x-ms-routing-request-id": "EASTUS:20231123T103800Z:7dc0a612-60da-461c-8eed-db7f90fb8b1b"
      },
      "ResponseBody": {
        "id": "/subscriptions/da1d7b9a-a759-41c8-bb73-093a1818e03a/resourceGroups/adf-rg-azuredatabricks-4339",
        "name": "adf-rg-azuredatabricks-4339",
        "type": "Microsoft.Resources/resourceGroups",
        "location": "westus2",
        "properties": {
          "provisioningState": "Succeeded"
        }
      }
    },
    {
      "RequestUri": "https://management.azure.com/subscriptions/da1d7b9a-a759-41c8-bb73-093a1818e03a/resourceGroups/adf-rg-azuredatabricks-4339/providers/Microsoft.DataFactory/factories/adf-azuredatabricks-4455?api-version=2018-06-01",
      "RequestMethod": "PUT",
      "RequestHeaders": {
        "Accept": "application/json",
        "Authorization": "Sanitized",
        "Content-Length": "48",
        "Content-Type": "application/json",
        "traceparent": "00-1ecda38cf617c1228900e9b0a9a1249c-2f3ca63c118e9b5d-00",
        "User-Agent": "azsdk-net-ResourceManager.DataFactory/1.0.0-alpha.20231123.1 (.NET 7.0.14; Microsoft Windows 10.0.22621)",
        "x-ms-client-request-id": "12e4db8c75f599885d3018a97f90c1ae",
        "x-ms-return-client-request-id": "true"
      },
      "RequestBody": {
        "tags": {},
        "location": "westus2",
        "properties": {}
      },
      "StatusCode": 200,
      "ResponseHeaders": {
        "Cache-Control": "no-cache",
        "Content-Length": "489",
        "Content-Type": "application/json; charset=utf-8",
        "Date": "Thu, 23 Nov 2023 10:38:02 GMT",
        "Expires": "-1",
        "Pragma": "no-cache",
        "Server": "Kestrel",
        "Strict-Transport-Security": "max-age=31536000; includeSubDomains",
        "X-Content-Type-Options": "nosniff",
        "x-ms-correlation-request-id": "a2c84c4c-805a-4718-9172-b819c4ac28df",
        "x-ms-ratelimit-remaining-subscription-writes": "647",
        "x-ms-request-id": "a2c84c4c-805a-4718-9172-b819c4ac28df",
        "x-ms-routing-request-id": "EASTUS:20231123T103802Z:a2c84c4c-805a-4718-9172-b819c4ac28df"
      },
      "ResponseBody": {
        "name": "adf-azuredatabricks-4455",
        "id": "/subscriptions/da1d7b9a-a759-41c8-bb73-093a1818e03a/resourceGroups/adf-rg-azuredatabricks-4339/providers/Microsoft.DataFactory/factories/adf-azuredatabricks-4455",
        "type": "Microsoft.DataFactory/factories",
        "properties": {
          "provisioningState": "Succeeded",
          "createTime": "2023-11-23T10:38:02.462842Z",
          "version": "2018-06-01"
        },
        "eTag": "\u00229f04a08b-0000-0800-0000-655f2b8a0000\u0022",
        "location": "westus2",
        "tags": {}
      }
    },
    {
      "RequestUri": "https://management.azure.com/subscriptions/da1d7b9a-a759-41c8-bb73-093a1818e03a/resourceGroups/adf-rg-azuredatabricks-4339/providers/Microsoft.DataFactory/factories/adf-azuredatabricks-4455/integrationRuntimes/adf-integrationRuntime-6721?api-version=2018-06-01",
      "RequestMethod": "PUT",
      "RequestHeaders": {
        "Accept": "application/json",
        "Authorization": "Sanitized",
        "Content-Length": "172",
        "Content-Type": "application/json",
        "traceparent": "00-7fc3805f396173d5c553eca76fbf3b77-86cb9ae7bb98e91a-00",
        "User-Agent": "azsdk-net-ResourceManager.DataFactory/1.0.0-alpha.20231123.1 (.NET 7.0.14; Microsoft Windows 10.0.22621)",
        "x-ms-client-request-id": "569a98486db8d818b6b493da8d855628",
        "x-ms-return-client-request-id": "true"
      },
      "RequestBody": {
        "properties": {
          "type": "Managed",
          "typeProperties": {
            "computeProperties": {
              "location": "eastus2",
              "dataFlowProperties": {
                "computeType": "General",
                "coreCount": 4,
                "timeToLive": 10
              }
            }
          }
        }
      },
      "StatusCode": 200,
      "ResponseHeaders": {
        "Cache-Control": "no-cache",
        "Content-Length": "654",
        "Content-Type": "application/json; charset=utf-8",
        "Date": "Thu, 23 Nov 2023 10:38:02 GMT",
        "Expires": "-1",
        "Pragma": "no-cache",
        "Server": "Kestrel",
        "Strict-Transport-Security": "max-age=31536000; includeSubDomains",
        "X-Content-Type-Options": "nosniff",
        "x-ms-correlation-request-id": "dad13b52-ae9c-4e9f-b5f0-0c05f92283ab",
        "x-ms-ratelimit-remaining-subscription-writes": "646",
        "x-ms-request-id": "dad13b52-ae9c-4e9f-b5f0-0c05f92283ab",
        "x-ms-routing-request-id": "EASTUS:20231123T103802Z:dad13b52-ae9c-4e9f-b5f0-0c05f92283ab"
      },
      "ResponseBody": {
        "id": "/subscriptions/da1d7b9a-a759-41c8-bb73-093a1818e03a/resourceGroups/adf-rg-azuredatabricks-4339/providers/Microsoft.DataFactory/factories/adf-azuredatabricks-4455/integrationruntimes/adf-integrationRuntime-6721",
        "name": "adf-integrationRuntime-6721",
        "type": "Microsoft.DataFactory/factories/integrationruntimes",
        "properties": {
          "type": "Managed",
          "typeProperties": {
            "computeProperties": {
              "location": "eastus2",
              "dataFlowProperties": {
                "computeType": "General",
                "coreCount": 4,
                "timeToLive": 10
              }
            }
          }
        },
        "etag": "d60605cf-0000-0800-0000-655f2b8a0000"
      }
    },
    {
      "RequestUri": "https://management.azure.com/subscriptions/da1d7b9a-a759-41c8-bb73-093a1818e03a/resourceGroups/adf-rg-azuredatabricks-4339/providers/Microsoft.DataFactory/factories/adf-azuredatabricks-4455/linkedservices/adf_linkedservice_akv_6768?api-version=2018-06-01",
      "RequestMethod": "PUT",
      "RequestHeaders": {
        "Accept": "application/json",
        "Authorization": "Sanitized",
        "Content-Length": "100",
        "Content-Type": "application/json",
        "traceparent": "00-f2ea07dffddebe1c5f4132b667e1a5e5-77a50b2694c34885-00",
        "User-Agent": "azsdk-net-ResourceManager.DataFactory/1.0.0-alpha.20231123.1 (.NET 7.0.14; Microsoft Windows 10.0.22621)",
        "x-ms-client-request-id": "707b7e2abb0f8d2b4d3d93fcd43c811c",
        "x-ms-return-client-request-id": "true"
      },
      "RequestBody": {
        "properties": {
          "type": "AzureKeyVault",
          "typeProperties": {
            "baseUrl": "https://Test.vault.azure.net/"
          }
        }
      },
      "StatusCode": 200,
      "ResponseHeaders": {
        "Cache-Control": "no-cache",
        "Content-Length": "498",
        "Content-Type": "application/json; charset=utf-8",
        "Date": "Thu, 23 Nov 2023 10:38:02 GMT",
        "Expires": "-1",
        "Pragma": "no-cache",
        "Server": "Kestrel",
        "Strict-Transport-Security": "max-age=31536000; includeSubDomains",
        "X-Content-Type-Options": "nosniff",
        "x-ms-correlation-request-id": "cb62f839-3ae9-4ee1-a0aa-262a30c8f262",
        "x-ms-ratelimit-remaining-subscription-writes": "645",
        "x-ms-request-id": "cb62f839-3ae9-4ee1-a0aa-262a30c8f262",
        "x-ms-routing-request-id": "EASTUS:20231123T103803Z:cb62f839-3ae9-4ee1-a0aa-262a30c8f262"
      },
      "ResponseBody": {
        "id": "/subscriptions/da1d7b9a-a759-41c8-bb73-093a1818e03a/resourceGroups/adf-rg-azuredatabricks-4339/providers/Microsoft.DataFactory/factories/adf-azuredatabricks-4455/linkedservices/adf_linkedservice_akv_6768",
        "name": "adf_linkedservice_akv_6768",
        "type": "Microsoft.DataFactory/factories/linkedservices",
        "properties": {
          "type": "AzureKeyVault",
          "typeProperties": {
            "baseUrl": "https://Test.vault.azure.net/"
          }
        },
        "etag": "d60616cf-0000-0800-0000-655f2b8b0000"
      }
    },
    {
      "RequestUri": "https://management.azure.com/subscriptions/da1d7b9a-a759-41c8-bb73-093a1818e03a/resourceGroups/adf-rg-azuredatabricks-4339/providers/Microsoft.DataFactory/factories/adf-azuredatabricks-4455/linkedservices/adf_linkedservice_azuredatabricks_1880?api-version=2018-06-01",
      "RequestMethod": "PUT",
      "RequestHeaders": {
        "Accept": "application/json",
        "Authorization": "Sanitized",
        "Content-Length": "469",
        "Content-Type": "application/json",
        "traceparent": "00-dd5d057dbe980ffa161af2d6402f65d4-0b2abd9054101028-00",
        "User-Agent": "azsdk-net-ResourceManager.DataFactory/1.0.0-alpha.20231123.1 (.NET 7.0.14; Microsoft Windows 10.0.22621)",
        "x-ms-client-request-id": "fcf4da666dd43acc3fc1f5bfd0aac181",
        "x-ms-return-client-request-id": "true"
      },
      "RequestBody": {
        "properties": {
          "type": "AzureDatabricks",
          "typeProperties": {
            "domain": "https://westeurope.azuredatabricks.net/",
            "authentication": "MSI",
            "workspaceResourceId": "/subscriptions/1e42591f-1f0c-4c5a-b7f2-a268f6105ec5/resourceGroups/keshADF_test/providers/Microsoft.Databricks/workspaces/keshPremDB",
            "newClusterVersion": "3.4.x-scala2.11",
            "newClusterNumOfWorker": "1",
            "newClusterNodeType": "Standard_DS3_v2",
            "newClusterDriverNodeType": "Standard_DS3_v2",
            "policyId": "DS2K4A1WIEIQDX"
          }
        }
      },
      "StatusCode": 200,
      "ResponseHeaders": {
        "Cache-Control": "no-cache",
        "Content-Length": "947",
        "Content-Type": "application/json; charset=utf-8",
        "Date": "Thu, 23 Nov 2023 10:38:02 GMT",
        "Expires": "-1",
        "Pragma": "no-cache",
        "Server": "Kestrel",
        "Strict-Transport-Security": "max-age=31536000; includeSubDomains",
        "X-Content-Type-Options": "nosniff",
        "x-ms-correlation-request-id": "44dec7ad-521f-42e6-8db9-0846d582682d",
        "x-ms-ratelimit-remaining-subscription-writes": "644",
        "x-ms-request-id": "44dec7ad-521f-42e6-8db9-0846d582682d",
        "x-ms-routing-request-id": "EASTUS:20231123T103803Z:44dec7ad-521f-42e6-8db9-0846d582682d"
      },
      "ResponseBody": {
        "id": "/subscriptions/da1d7b9a-a759-41c8-bb73-093a1818e03a/resourceGroups/adf-rg-azuredatabricks-4339/providers/Microsoft.DataFactory/factories/adf-azuredatabricks-4455/linkedservices/adf_linkedservice_azuredatabricks_1880",
        "name": "adf_linkedservice_azuredatabricks_1880",
        "type": "Microsoft.DataFactory/factories/linkedservices",
        "properties": {
          "type": "AzureDatabricks",
          "typeProperties": {
            "domain": "https://westeurope.azuredatabricks.net/",
            "authentication": "MSI",
            "workspaceResourceId": "/subscriptions/1e42591f-1f0c-4c5a-b7f2-a268f6105ec5/resourceGroups/keshADF_test/providers/Microsoft.Databricks/workspaces/keshPremDB",
            "newClusterVersion": "3.4.x-scala2.11",
            "newClusterNumOfWorker": "1",
            "newClusterNodeType": "Standard_DS3_v2",
            "newClusterDriverNodeType": "Standard_DS3_v2",
            "policyId": "DS2K4A1WIEIQDX"
          }
        },
        "etag": "d6062fcf-0000-0800-0000-655f2b8b0000"
      }
    }
  ],
  "Variables": {
    "AZURE_AUTHORITY_HOST": null,
    "RandomSeed": "1373199053",
    "RESOURCE_MANAGER_URL": null,
    "SUBSCRIPTION_ID": "da1d7b9a-a759-41c8-bb73-093a1818e03a"
  }
}
