{
  "Entries": [
    {
      "RequestUri": "https://Sanitized.azure.com/agents/v1.0/subscriptions/00000000-0000-0000-0000-000000000000/resourceGroups/00000/providers/Microsoft.MachineLearningServices/workspaces/00000/assistants?api-version=2024-07-01-preview",
      "RequestMethod": "POST",
      "RequestHeaders": {
        "Accept": "application/json",
        "Accept-Encoding": "gzip, deflate, br, zstd",
        "Authorization": "Sanitized",
        "Connection": "keep-alive",
        "Content-Length": "202",
        "Content-Type": "application/json; charset=UTF-8",
        "Referer": "http://Sanitized.azure.com/",
        "sec-ch-ua": "\"HeadlessChrome\";v=\"131\", \"Chromium\";v=\"131\", \"Not_A Brand\";v=\"24\"",
        "sec-ch-ua-mobile": "?0",
        "sec-ch-ua-platform": "\"Windows\"",
        "Sec-Fetch-Dest": "empty",
        "Sec-Fetch-Mode": "cors",
        "Sec-Fetch-Site": "same-site",
        "User-Agent": "Mozilla/5.0 (Windows NT 10.0; Win64; x64) AppleWebKit/537.36 (KHTML, like Gecko) HeadlessChrome/131.0.6778.33 Safari/537.36",
        "x-ms-client-request-id": "Sanitized",
        "x-ms-useragent": "azsdk-js-ai-projects-rest/1.0.0-beta.3 core-rest-pipeline/1.18.3 Chromium/131 OS/x86-Windows-15.0.0"
      },
      "RequestBody": {
        "model": "gpt-4o",
        "name": "my-agent",
        "instructions": "You are a helpful agent",
        "tools": [
          {
            "type": "function",
            "function": {
              "name": "getCurrentDateTime",
              "description": "Get current date time",
              "parameters": {}
            }
          }
        ]
      },
      "StatusCode": 200,
      "ResponseHeaders": {
        "apim-request-id": "313e0d48-cf0f-4b8c-b0c3-918c10c56863",
        "Connection": "keep-alive",
        "Content-Encoding": "gzip",
        "Content-Type": "application/json",
        "Date": "Tue, 21 Jan 2025 19:43:48 GMT",
        "openai-organization": "3d8304e5257c4cc49d2bec8a48b2e43f",
        "openai-processing-ms": "17",
        "openai-version": "2020-10-01",
        "request-context": "appId=cid-v1:17d65b70-e9ce-4ed5-9347-1f660ec782e9",
        "Strict-Transport-Security": "max-age=31536000; includeSubDomains; preload",
        "Transfer-Encoding": "chunked",
        "Vary": "Accept-Encoding",
        "x-aml-cluster": "vienna-eastus2euap-01",
        "X-Content-Type-Options": "nosniff",
        "x-ms-middleware-request-id": "313e0d48-cf0f-4b8c-b0c3-918c10c56863",
        "x-ms-region": "West US 2",
        "x-ms-response-type": "standard",
        "X-Request-ID": "e6dc2a7db89597808dd6366e46b832b6",
        "x-request-time": "0.173"
      },
      "ResponseBody": {
        "id": "asst_puXB12lvS6S3MG2T8DNq2Dpb",
        "object": "assistant",
        "created_at": 1737488628,
        "name": "my-agent",
        "description": null,
        "model": "gpt-4o",
        "instructions": "You are a helpful agent",
        "tools": [
          {
            "type": "function",
            "function": {
              "name": "getCurrentDateTime",
              "description": "Get current date time",
              "parameters": {
                "type": "object",
                "properties": {}
              },
              "strict": false
            }
          }
        ],
        "top_p": 1.0,
        "temperature": 1.0,
        "tool_resources": {},
        "metadata": {},
        "response_format": "auto"
      }
    },
    {
      "RequestUri": "https://Sanitized.azure.com/agents/v1.0/subscriptions/00000000-0000-0000-0000-000000000000/resourceGroups/00000/providers/Microsoft.MachineLearningServices/workspaces/00000/threads?api-version=2024-07-01-preview",
      "RequestMethod": "POST",
      "RequestHeaders": {
        "Accept": "application/json",
        "Accept-Encoding": "gzip, deflate, br, zstd",
        "Authorization": "Sanitized",
        "Connection": "keep-alive",
        "Content-Length": "2",
        "Content-Type": "application/json; charset=UTF-8",
        "Referer": "http://Sanitized.azure.com/",
        "sec-ch-ua": "\"HeadlessChrome\";v=\"131\", \"Chromium\";v=\"131\", \"Not_A Brand\";v=\"24\"",
        "sec-ch-ua-mobile": "?0",
        "sec-ch-ua-platform": "\"Windows\"",
        "Sec-Fetch-Dest": "empty",
        "Sec-Fetch-Mode": "cors",
        "Sec-Fetch-Site": "same-site",
        "User-Agent": "Mozilla/5.0 (Windows NT 10.0; Win64; x64) AppleWebKit/537.36 (KHTML, like Gecko) HeadlessChrome/131.0.6778.33 Safari/537.36",
        "x-ms-client-request-id": "Sanitized",
        "x-ms-useragent": "azsdk-js-ai-projects-rest/1.0.0-beta.3 core-rest-pipeline/1.18.3 Chromium/131 OS/x86-Windows-15.0.0"
      },
      "RequestBody": {},
      "StatusCode": 200,
      "ResponseHeaders": {
        "apim-request-id": "7fc99072-8f60-4c33-9946-1e4873284bd2",
        "Connection": "keep-alive",
        "Content-Length": "137",
        "Content-Type": "application/json",
        "Date": "Tue, 21 Jan 2025 19:43:48 GMT",
        "openai-organization": "3d8304e5257c4cc49d2bec8a48b2e43f",
        "openai-processing-ms": "65",
        "openai-version": "2020-10-01",
        "request-context": "appId=cid-v1:17d65b70-e9ce-4ed5-9347-1f660ec782e9",
        "Strict-Transport-Security": "max-age=31536000; includeSubDomains; preload",
        "x-aml-cluster": "vienna-eastus2euap-01",
        "X-Content-Type-Options": "nosniff",
        "x-ms-middleware-request-id": "78f9c283-3174-4a4d-b8d4-8fc4e085cb6b",
        "x-ms-region": "West US 2",
        "x-ms-response-type": "standard",
        "X-Request-ID": "994217064a1bd52e1b130924721e654f",
        "x-request-time": "0.220"
      },
      "ResponseBody": {
        "id": "thread_ozjEHF2fQb1WgDVIQYL4OjtK",
        "object": "thread",
        "created_at": 1737488628,
        "metadata": {},
        "tool_resources": {}
      }
    },
    {
      "RequestUri": "https://Sanitized.azure.com/agents/v1.0/subscriptions/00000000-0000-0000-0000-000000000000/resourceGroups/00000/providers/Microsoft.MachineLearningServices/workspaces/00000/threads/thread_ozjEHF2fQb1WgDVIQYL4OjtK/messages?api-version=2024-07-01-preview",
      "RequestMethod": "POST",
      "RequestHeaders": {
        "Accept": "application/json",
        "Accept-Encoding": "gzip, deflate, br, zstd",
        "Authorization": "Sanitized",
        "Connection": "keep-alive",
        "Content-Length": "51",
        "Content-Type": "application/json; charset=UTF-8",
        "Referer": "http://Sanitized.azure.com/",
        "sec-ch-ua": "\"HeadlessChrome\";v=\"131\", \"Chromium\";v=\"131\", \"Not_A Brand\";v=\"24\"",
        "sec-ch-ua-mobile": "?0",
        "sec-ch-ua-platform": "\"Windows\"",
        "Sec-Fetch-Dest": "empty",
        "Sec-Fetch-Mode": "cors",
        "Sec-Fetch-Site": "same-site",
        "User-Agent": "Mozilla/5.0 (Windows NT 10.0; Win64; x64) AppleWebKit/537.36 (KHTML, like Gecko) HeadlessChrome/131.0.6778.33 Safari/537.36",
        "x-ms-client-request-id": "Sanitized",
        "x-ms-useragent": "azsdk-js-ai-projects-rest/1.0.0-beta.3 core-rest-pipeline/1.18.3 Chromium/131 OS/x86-Windows-15.0.0"
      },
      "RequestBody": {
        "role": "user",
        "content": "Hello, what's the time?"
      },
      "StatusCode": 200,
      "ResponseHeaders": {
        "apim-request-id": "dcb28531-7674-4ff8-bcbc-ec9e7d27eb77",
        "Connection": "keep-alive",
        "Content-Encoding": "gzip",
        "Content-Type": "application/json",
        "Date": "Tue, 21 Jan 2025 19:43:49 GMT",
        "openai-organization": "3d8304e5257c4cc49d2bec8a48b2e43f",
        "openai-processing-ms": "49",
        "openai-version": "2020-10-01",
        "request-context": "appId=cid-v1:17d65b70-e9ce-4ed5-9347-1f660ec782e9",
        "Strict-Transport-Security": "max-age=31536000; includeSubDomains; preload",
        "Transfer-Encoding": "chunked",
        "Vary": "Accept-Encoding",
        "x-aml-cluster": "vienna-eastus2euap-01",
        "X-Content-Type-Options": "nosniff",
        "x-ms-middleware-request-id": "d52057e3-4c41-4f1f-8459-e5b66d86952d",
        "x-ms-region": "West US 2",
        "x-ms-response-type": "standard",
        "X-Request-ID": "5de579b3ad053115fb358dc22b33c328",
        "x-request-time": "0.224"
      },
      "ResponseBody": {
        "id": "msg_AO1A5fL1SMnVGGBfz5D5yzMN",
        "object": "thread.message",
        "created_at": 1737488629,
        "assistant_id": null,
        "thread_id": "thread_ozjEHF2fQb1WgDVIQYL4OjtK",
        "run_id": null,
        "role": "user",
        "content": [
          {
            "type": "text",
            "text": {
              "value": "Hello, what's the time?",
              "annotations": []
            }
          }
        ],
        "attachments": [],
        "metadata": {}
      }
    },
    {
      "RequestUri": "https://Sanitized.azure.com/agents/v1.0/subscriptions/00000000-0000-0000-0000-000000000000/resourceGroups/00000/providers/Microsoft.MachineLearningServices/workspaces/00000/threads/thread_ozjEHF2fQb1WgDVIQYL4OjtK/runs?api-version=2024-07-01-preview",
      "RequestMethod": "POST",
      "RequestHeaders": {
        "Accept": "application/json",
        "Accept-Encoding": "gzip, deflate, br, zstd",
        "Authorization": "Sanitized",
        "Connection": "keep-alive",
        "Content-Length": "63",
        "Content-Type": "application/json; charset=UTF-8",
        "Referer": "http://Sanitized.azure.com/",
        "sec-ch-ua": "\"HeadlessChrome\";v=\"131\", \"Chromium\";v=\"131\", \"Not_A Brand\";v=\"24\"",
        "sec-ch-ua-mobile": "?0",
        "sec-ch-ua-platform": "\"Windows\"",
        "Sec-Fetch-Dest": "empty",
        "Sec-Fetch-Mode": "cors",
        "Sec-Fetch-Site": "same-site",
        "User-Agent": "Mozilla/5.0 (Windows NT 10.0; Win64; x64) AppleWebKit/537.36 (KHTML, like Gecko) HeadlessChrome/131.0.6778.33 Safari/537.36",
        "x-ms-client-request-id": "Sanitized",
        "x-ms-useragent": "azsdk-js-ai-projects-rest/1.0.0-beta.3 core-rest-pipeline/1.18.3 Chromium/131 OS/x86-Windows-15.0.0"
      },
      "RequestBody": {
        "assistant_id": "asst_puXB12lvS6S3MG2T8DNq2Dpb",
        "stream": false
      },
      "StatusCode": 200,
      "ResponseHeaders": {
        "apim-request-id": "f8a77514-88f5-40e8-8be9-1783dedadabb",
        "Connection": "keep-alive",
        "Content-Encoding": "gzip",
        "Content-Type": "application/json",
        "Date": "Tue, 21 Jan 2025 19:43:49 GMT",
        "openai-organization": "3d8304e5257c4cc49d2bec8a48b2e43f",
        "openai-processing-ms": "241",
        "openai-version": "2020-10-01",
        "request-context": "appId=cid-v1:17d65b70-e9ce-4ed5-9347-1f660ec782e9",
        "Strict-Transport-Security": "max-age=31536000; includeSubDomains; preload",
        "Transfer-Encoding": "chunked",
        "Vary": "Accept-Encoding",
        "x-aml-cluster": "vienna-eastus2euap-01",
        "X-Content-Type-Options": "nosniff",
        "x-ms-middleware-request-id": "5c1263d9-e3c9-4d9c-af9b-a2c58fed6e25",
        "x-ms-region": "West US 2",
        "x-ms-response-type": "standard",
        "X-Request-ID": "aadc46cf334b6f7146dbaaad16b48dd4",
        "x-request-time": "0.706"
      },
      "ResponseBody": {
        "id": "run_whTFkdDODuvfqqmVOvQOz2LW",
        "object": "thread.run",
        "created_at": 1737488629,
        "assistant_id": "asst_puXB12lvS6S3MG2T8DNq2Dpb",
        "thread_id": "thread_ozjEHF2fQb1WgDVIQYL4OjtK",
        "status": "queued",
        "started_at": null,
        "expires_at": 1737489229,
        "cancelled_at": null,
        "failed_at": null,
        "completed_at": null,
        "required_action": null,
        "last_error": null,
        "model": "gpt-4o",
        "instructions": "You are a helpful agent",
        "tools": [
          {
            "type": "function",
            "function": {
              "name": "getCurrentDateTime",
              "description": "Get current date time",
              "parameters": {
                "type": "object",
                "properties": {}
              },
              "strict": false
            }
          }
        ],
        "tool_resources": {},
        "metadata": {},
        "temperature": 1.0,
        "top_p": 1.0,
        "max_completion_tokens": null,
        "max_prompt_tokens": null,
        "truncation_strategy": {
          "type": "auto",
          "last_messages": null
        },
        "incomplete_details": null,
        "usage": null,
        "response_format": "auto",
        "tool_choice": "auto",
        "parallel_tool_calls": true
      }
    },
    {
      "RequestUri": "https://Sanitized.azure.com/agents/v1.0/subscriptions/00000000-0000-0000-0000-000000000000/resourceGroups/00000/providers/Microsoft.MachineLearningServices/workspaces/00000/threads/thread_ozjEHF2fQb1WgDVIQYL4OjtK/runs/run_whTFkdDODuvfqqmVOvQOz2LW?api-version=2024-07-01-preview",
      "RequestMethod": "GET",
      "RequestHeaders": {
        "Accept": "application/json",
        "Accept-Encoding": "gzip, deflate, br, zstd",
        "Authorization": "Sanitized",
        "Connection": "keep-alive",
        "Referer": "http://Sanitized.azure.com/",
        "sec-ch-ua": "\"HeadlessChrome\";v=\"131\", \"Chromium\";v=\"131\", \"Not_A Brand\";v=\"24\"",
        "sec-ch-ua-mobile": "?0",
        "sec-ch-ua-platform": "\"Windows\"",
        "Sec-Fetch-Dest": "empty",
        "Sec-Fetch-Mode": "cors",
        "Sec-Fetch-Site": "same-site",
        "User-Agent": "Mozilla/5.0 (Windows NT 10.0; Win64; x64) AppleWebKit/537.36 (KHTML, like Gecko) HeadlessChrome/131.0.6778.33 Safari/537.36",
        "x-ms-client-request-id": "Sanitized",
        "x-ms-useragent": "azsdk-js-ai-projects-rest/1.0.0-beta.3 core-rest-pipeline/1.18.3 Chromium/131 OS/x86-Windows-15.0.0"
      },
      "RequestBody": null,
      "StatusCode": 200,
      "ResponseHeaders": {
        "apim-request-id": "c1baba62-7b36-4ba9-be73-677225abd595",
        "Connection": "keep-alive",
        "Content-Encoding": "gzip",
        "Content-Type": "application/json",
        "Date": "Tue, 21 Jan 2025 19:43:51 GMT",
        "openai-organization": "3d8304e5257c4cc49d2bec8a48b2e43f",
        "openai-processing-ms": "51",
        "openai-version": "2020-10-01",
        "request-context": "appId=cid-v1:17d65b70-e9ce-4ed5-9347-1f660ec782e9",
        "Strict-Transport-Security": "max-age=31536000; includeSubDomains; preload",
        "Transfer-Encoding": "chunked",
        "Vary": "Accept-Encoding",
        "x-aml-cluster": "vienna-eastus2euap-01",
        "X-Content-Type-Options": "nosniff",
        "x-ms-middleware-request-id": "a9566b9a-81ac-4ca1-a1aa-07804185ddf5",
        "x-ms-region": "West US 2",
        "x-ms-response-type": "standard",
        "X-Request-ID": "c075a9d3bf478b0f0b7c35fbccd378e9",
        "x-request-time": "0.201"
      },
      "ResponseBody": {
        "id": "run_whTFkdDODuvfqqmVOvQOz2LW",
        "object": "thread.run",
        "created_at": 1737488629,
        "assistant_id": "asst_puXB12lvS6S3MG2T8DNq2Dpb",
        "thread_id": "thread_ozjEHF2fQb1WgDVIQYL4OjtK",
        "status": "in_progress",
        "started_at": 1737488629,
        "expires_at": 1737489229,
        "cancelled_at": null,
        "failed_at": null,
        "completed_at": null,
        "required_action": null,
        "last_error": null,
        "model": "gpt-4o",
        "instructions": "You are a helpful agent",
        "tools": [
          {
            "type": "function",
            "function": {
              "name": "getCurrentDateTime",
              "description": "Get current date time",
              "parameters": {
                "type": "object",
                "properties": {}
              },
              "strict": false
            }
          }
        ],
        "tool_resources": {},
        "metadata": {},
        "temperature": 1.0,
        "top_p": 1.0,
        "max_completion_tokens": null,
        "max_prompt_tokens": null,
        "truncation_strategy": {
          "type": "auto",
          "last_messages": null
        },
        "incomplete_details": null,
        "usage": null,
        "response_format": "auto",
        "tool_choice": "auto",
        "parallel_tool_calls": true
      }
    },
    {
      "RequestUri": "https://Sanitized.azure.com/agents/v1.0/subscriptions/00000000-0000-0000-0000-000000000000/resourceGroups/00000/providers/Microsoft.MachineLearningServices/workspaces/00000/threads/thread_ozjEHF2fQb1WgDVIQYL4OjtK/runs/run_whTFkdDODuvfqqmVOvQOz2LW?api-version=2024-07-01-preview",
      "RequestMethod": "GET",
      "RequestHeaders": {
        "Accept": "application/json",
        "Accept-Encoding": "gzip, deflate, br, zstd",
        "Authorization": "Sanitized",
        "Connection": "keep-alive",
        "Referer": "http://Sanitized.azure.com/",
        "sec-ch-ua": "\"HeadlessChrome\";v=\"131\", \"Chromium\";v=\"131\", \"Not_A Brand\";v=\"24\"",
        "sec-ch-ua-mobile": "?0",
        "sec-ch-ua-platform": "\"Windows\"",
        "Sec-Fetch-Dest": "empty",
        "Sec-Fetch-Mode": "cors",
        "Sec-Fetch-Site": "same-site",
        "User-Agent": "Mozilla/5.0 (Windows NT 10.0; Win64; x64) AppleWebKit/537.36 (KHTML, like Gecko) HeadlessChrome/131.0.6778.33 Safari/537.36",
        "x-ms-client-request-id": "Sanitized",
        "x-ms-useragent": "azsdk-js-ai-projects-rest/1.0.0-beta.3 core-rest-pipeline/1.18.3 Chromium/131 OS/x86-Windows-15.0.0"
      },
      "RequestBody": null,
      "StatusCode": 200,
      "ResponseHeaders": {
        "apim-request-id": "2dd7537d-db56-4ad5-9e9d-6de45631e3cd",
        "Connection": "keep-alive",
        "Content-Encoding": "gzip",
        "Content-Type": "application/json",
        "Date": "Tue, 21 Jan 2025 19:43:52 GMT",
        "openai-organization": "3d8304e5257c4cc49d2bec8a48b2e43f",
        "openai-processing-ms": "84",
        "openai-version": "2020-10-01",
        "request-context": "appId=cid-v1:17d65b70-e9ce-4ed5-9347-1f660ec782e9",
        "Strict-Transport-Security": "max-age=31536000; includeSubDomains; preload",
        "Transfer-Encoding": "chunked",
        "Vary": "Accept-Encoding",
        "x-aml-cluster": "vienna-eastus2euap-01",
        "X-Content-Type-Options": "nosniff",
        "x-ms-middleware-request-id": "54844fee-e0ae-440a-b969-bc6f58cf84ad",
        "x-ms-region": "West US 2",
        "x-ms-response-type": "standard",
        "X-Request-ID": "dbce4416276a095108eb388511adb519",
        "x-request-time": "0.248"
      },
      "ResponseBody": {
        "id": "run_whTFkdDODuvfqqmVOvQOz2LW",
        "object": "thread.run",
        "created_at": 1737488629,
        "assistant_id": "asst_puXB12lvS6S3MG2T8DNq2Dpb",
        "thread_id": "thread_ozjEHF2fQb1WgDVIQYL4OjtK",
        "status": "in_progress",
        "started_at": 1737488629,
        "expires_at": 1737489229,
        "cancelled_at": null,
        "failed_at": null,
        "completed_at": null,
        "required_action": null,
        "last_error": null,
        "model": "gpt-4o",
        "instructions": "You are a helpful agent",
        "tools": [
          {
            "type": "function",
            "function": {
              "name": "getCurrentDateTime",
              "description": "Get current date time",
              "parameters": {
                "type": "object",
                "properties": {}
              },
              "strict": false
            }
          }
        ],
        "tool_resources": {},
        "metadata": {},
        "temperature": 1.0,
        "top_p": 1.0,
        "max_completion_tokens": null,
        "max_prompt_tokens": null,
        "truncation_strategy": {
          "type": "auto",
          "last_messages": null
        },
        "incomplete_details": null,
        "usage": null,
        "response_format": "auto",
        "tool_choice": "auto",
        "parallel_tool_calls": true
      }
    },
    {
      "RequestUri": "https://Sanitized.azure.com/agents/v1.0/subscriptions/00000000-0000-0000-0000-000000000000/resourceGroups/00000/providers/Microsoft.MachineLearningServices/workspaces/00000/threads/thread_ozjEHF2fQb1WgDVIQYL4OjtK/runs/run_whTFkdDODuvfqqmVOvQOz2LW?api-version=2024-07-01-preview",
      "RequestMethod": "GET",
      "RequestHeaders": {
        "Accept": "application/json",
        "Accept-Encoding": "gzip, deflate, br, zstd",
        "Authorization": "Sanitized",
        "Connection": "keep-alive",
        "Referer": "http://Sanitized.azure.com/",
        "sec-ch-ua": "\"HeadlessChrome\";v=\"131\", \"Chromium\";v=\"131\", \"Not_A Brand\";v=\"24\"",
        "sec-ch-ua-mobile": "?0",
        "sec-ch-ua-platform": "\"Windows\"",
        "Sec-Fetch-Dest": "empty",
        "Sec-Fetch-Mode": "cors",
        "Sec-Fetch-Site": "same-site",
        "User-Agent": "Mozilla/5.0 (Windows NT 10.0; Win64; x64) AppleWebKit/537.36 (KHTML, like Gecko) HeadlessChrome/131.0.6778.33 Safari/537.36",
        "x-ms-client-request-id": "Sanitized",
        "x-ms-useragent": "azsdk-js-ai-projects-rest/1.0.0-beta.3 core-rest-pipeline/1.18.3 Chromium/131 OS/x86-Windows-15.0.0"
      },
      "RequestBody": null,
      "StatusCode": 200,
      "ResponseHeaders": {
        "apim-request-id": "7dbcd63d-1f2f-4432-8ebe-c7e6daf2badb",
        "Connection": "keep-alive",
        "Content-Encoding": "gzip",
        "Content-Type": "application/json",
        "Date": "Tue, 21 Jan 2025 19:43:54 GMT",
        "openai-organization": "3d8304e5257c4cc49d2bec8a48b2e43f",
        "openai-processing-ms": "44",
        "openai-version": "2020-10-01",
        "request-context": "appId=cid-v1:17d65b70-e9ce-4ed5-9347-1f660ec782e9",
        "Strict-Transport-Security": "max-age=31536000; includeSubDomains; preload",
        "Transfer-Encoding": "chunked",
        "Vary": "Accept-Encoding",
        "x-aml-cluster": "vienna-eastus2euap-01",
        "X-Content-Type-Options": "nosniff",
        "x-ms-middleware-request-id": "af6893db-902e-4c93-b16b-3197d2771c72",
        "x-ms-region": "West US 2",
        "x-ms-response-type": "standard",
        "X-Request-ID": "099073477298db93f288f262d8fff6e5",
        "x-request-time": "0.544"
      },
      "ResponseBody": {
        "id": "run_whTFkdDODuvfqqmVOvQOz2LW",
        "object": "thread.run",
        "created_at": 1737488629,
        "assistant_id": "asst_puXB12lvS6S3MG2T8DNq2Dpb",
        "thread_id": "thread_ozjEHF2fQb1WgDVIQYL4OjtK",
        "status": "requires_action",
        "started_at": 1737488629,
        "expires_at": 1737489229,
        "cancelled_at": null,
        "failed_at": null,
        "completed_at": null,
        "required_action": {
          "type": "submit_tool_outputs",
          "submit_tool_outputs": {
            "tool_calls": [
              {
                "id": "call_I0o63MYfaK3dxmaecUt8iTCF",
                "type": "function",
                "function": {
                  "name": "getCurrentDateTime",
                  "arguments": "{}"
                }
              }
            ]
          }
        },
        "last_error": null,
        "model": "gpt-4o",
        "instructions": "You are a helpful agent",
        "tools": [
          {
            "type": "function",
            "function": {
              "name": "getCurrentDateTime",
              "description": "Get current date time",
              "parameters": {
                "type": "object",
                "properties": {}
              },
              "strict": false
            }
          }
        ],
        "tool_resources": {},
        "metadata": {},
        "temperature": 1.0,
        "top_p": 1.0,
        "max_completion_tokens": null,
        "max_prompt_tokens": null,
        "truncation_strategy": {
          "type": "auto",
          "last_messages": null
        },
        "incomplete_details": null,
        "usage": null,
        "response_format": "auto",
        "tool_choice": "auto",
        "parallel_tool_calls": true
      }
    },
    {
      "RequestUri": "https://Sanitized.azure.com/agents/v1.0/subscriptions/00000000-0000-0000-0000-000000000000/resourceGroups/00000/providers/Microsoft.MachineLearningServices/workspaces/00000/threads/thread_ozjEHF2fQb1WgDVIQYL4OjtK/runs/run_whTFkdDODuvfqqmVOvQOz2LW/submit_tool_outputs?api-version=2024-07-01-preview",
      "RequestMethod": "POST",
      "RequestHeaders": {
        "Accept": "application/json",
        "Accept-Encoding": "gzip, deflate, br, zstd",
        "Authorization": "Sanitized",
        "Connection": "keep-alive",
        "Content-Length": "139",
        "Content-Type": "application/json; charset=UTF-8",
        "Referer": "http://Sanitized.azure.com/",
        "sec-ch-ua": "\"HeadlessChrome\";v=\"131\", \"Chromium\";v=\"131\", \"Not_A Brand\";v=\"24\"",
        "sec-ch-ua-mobile": "?0",
        "sec-ch-ua-platform": "\"Windows\"",
        "Sec-Fetch-Dest": "empty",
        "Sec-Fetch-Mode": "cors",
        "Sec-Fetch-Site": "same-site",
        "User-Agent": "Mozilla/5.0 (Windows NT 10.0; Win64; x64) AppleWebKit/537.36 (KHTML, like Gecko) HeadlessChrome/131.0.6778.33 Safari/537.36",
        "x-ms-client-request-id": "Sanitized",
        "x-ms-useragent": "azsdk-js-ai-projects-rest/1.0.0-beta.3 core-rest-pipeline/1.18.3 Chromium/131 OS/x86-Windows-15.0.0"
      },
      "RequestBody": {
        "tool_outputs": [
          {
            "tool_call_id": "call_I0o63MYfaK3dxmaecUt8iTCF",
            "output": "{\"currentDateTime\":\"2024-10-10 12:30:19\"}"
          }
        ],
        "stream": false
      },
      "StatusCode": 200,
      "ResponseHeaders": {
        "apim-request-id": "8b521ddf-1694-4a11-a1ba-f0d0683494ac",
        "Connection": "keep-alive",
        "Content-Encoding": "gzip",
        "Content-Type": "application/json",
        "Date": "Tue, 21 Jan 2025 19:43:54 GMT",
        "openai-organization": "3d8304e5257c4cc49d2bec8a48b2e43f",
        "openai-processing-ms": "252",
        "openai-version": "2020-10-01",
        "request-context": "appId=cid-v1:17d65b70-e9ce-4ed5-9347-1f660ec782e9",
        "Strict-Transport-Security": "max-age=31536000; includeSubDomains; preload",
        "Transfer-Encoding": "chunked",
        "Vary": "Accept-Encoding",
        "x-aml-cluster": "vienna-eastus2euap-01",
        "X-Content-Type-Options": "nosniff",
        "x-ms-middleware-request-id": "a1280cce-6297-4726-a3af-4566b789a744",
        "x-ms-region": "West US 2",
        "x-ms-response-type": "standard",
        "X-Request-ID": "d2c2022616a9be3f211620668aa8787e",
        "x-request-time": "0.737"
      },
      "ResponseBody": {
        "id": "run_whTFkdDODuvfqqmVOvQOz2LW",
        "object": "thread.run",
        "created_at": 1737488629,
        "assistant_id": "asst_puXB12lvS6S3MG2T8DNq2Dpb",
        "thread_id": "thread_ozjEHF2fQb1WgDVIQYL4OjtK",
        "status": "queued",
        "started_at": 1737488629,
        "expires_at": 1737489229,
        "cancelled_at": null,
        "failed_at": null,
        "completed_at": null,
        "required_action": null,
        "last_error": null,
        "model": "gpt-4o",
        "instructions": "You are a helpful agent",
        "tools": [
          {
            "type": "function",
            "function": {
              "name": "getCurrentDateTime",
              "description": "Get current date time",
              "parameters": {
                "type": "object",
                "properties": {}
              },
              "strict": false
            }
          }
        ],
        "tool_resources": {},
        "metadata": {},
        "temperature": 1.0,
        "top_p": 1.0,
        "max_completion_tokens": null,
        "max_prompt_tokens": null,
        "truncation_strategy": {
          "type": "auto",
          "last_messages": null
        },
        "incomplete_details": null,
        "usage": null,
        "response_format": "auto",
        "tool_choice": "auto",
        "parallel_tool_calls": true
      }
    },
    {
      "RequestUri": "https://Sanitized.azure.com/agents/v1.0/subscriptions/00000000-0000-0000-0000-000000000000/resourceGroups/00000/providers/Microsoft.MachineLearningServices/workspaces/00000/threads/thread_ozjEHF2fQb1WgDVIQYL4OjtK/runs/run_whTFkdDODuvfqqmVOvQOz2LW?api-version=2024-07-01-preview",
      "RequestMethod": "GET",
      "RequestHeaders": {
        "Accept": "application/json",
        "Accept-Encoding": "gzip, deflate, br, zstd",
        "Authorization": "Sanitized",
        "Connection": "keep-alive",
        "Referer": "http://Sanitized.azure.com/",
        "sec-ch-ua": "\"HeadlessChrome\";v=\"131\", \"Chromium\";v=\"131\", \"Not_A Brand\";v=\"24\"",
        "sec-ch-ua-mobile": "?0",
        "sec-ch-ua-platform": "\"Windows\"",
        "Sec-Fetch-Dest": "empty",
        "Sec-Fetch-Mode": "cors",
        "Sec-Fetch-Site": "same-site",
        "User-Agent": "Mozilla/5.0 (Windows NT 10.0; Win64; x64) AppleWebKit/537.36 (KHTML, like Gecko) HeadlessChrome/131.0.6778.33 Safari/537.36",
        "x-ms-client-request-id": "Sanitized",
        "x-ms-useragent": "azsdk-js-ai-projects-rest/1.0.0-beta.3 core-rest-pipeline/1.18.3 Chromium/131 OS/x86-Windows-15.0.0"
      },
      "RequestBody": null,
      "StatusCode": 200,
      "ResponseHeaders": {
        "apim-request-id": "d11812f6-5db7-40a0-b2c1-abedbb3bfe99",
        "Connection": "keep-alive",
        "Content-Encoding": "gzip",
        "Content-Type": "application/json",
        "Date": "Tue, 21 Jan 2025 19:43:56 GMT",
        "openai-organization": "3d8304e5257c4cc49d2bec8a48b2e43f",
        "openai-processing-ms": "87",
        "openai-version": "2020-10-01",
        "request-context": "appId=cid-v1:17d65b70-e9ce-4ed5-9347-1f660ec782e9",
        "Strict-Transport-Security": "max-age=31536000; includeSubDomains; preload",
        "Transfer-Encoding": "chunked",
        "Vary": "Accept-Encoding",
        "x-aml-cluster": "vienna-eastus2euap-01",
        "X-Content-Type-Options": "nosniff",
        "x-ms-middleware-request-id": "c6b19a65-be81-443e-acda-e49393834cd9",
        "x-ms-region": "West US 2",
        "x-ms-response-type": "standard",
        "X-Request-ID": "3f7acf7273fb0d4a0e288c9a6f1e6f45",
        "x-request-time": "0.245"
      },
      "ResponseBody": {
        "id": "run_whTFkdDODuvfqqmVOvQOz2LW",
        "object": "thread.run",
        "created_at": 1737488629,
        "assistant_id": "asst_puXB12lvS6S3MG2T8DNq2Dpb",
        "thread_id": "thread_ozjEHF2fQb1WgDVIQYL4OjtK",
        "status": "completed",
        "started_at": 1737488634,
        "expires_at": null,
        "cancelled_at": null,
        "failed_at": null,
        "completed_at": 1737488635,
        "required_action": null,
        "last_error": null,
        "model": "gpt-4o",
        "instructions": "You are a helpful agent",
        "tools": [
          {
            "type": "function",
            "function": {
              "name": "getCurrentDateTime",
              "description": "Get current date time",
              "parameters": {
                "type": "object",
                "properties": {}
              },
              "strict": false
            }
          }
        ],
        "tool_resources": {},
        "metadata": {},
        "temperature": 1.0,
        "top_p": 1.0,
        "max_completion_tokens": null,
        "max_prompt_tokens": null,
        "truncation_strategy": {
          "type": "auto",
          "last_messages": null
        },
        "incomplete_details": null,
        "usage": {
          "prompt_tokens": 549,
          "completion_tokens": 35,
          "total_tokens": 584
        },
        "response_format": "auto",
        "tool_choice": "auto",
        "parallel_tool_calls": true
      }
    },
    {
      "RequestUri": "https://Sanitized.azure.com/agents/v1.0/subscriptions/00000000-0000-0000-0000-000000000000/resourceGroups/00000/providers/Microsoft.MachineLearningServices/workspaces/00000/threads/thread_ozjEHF2fQb1WgDVIQYL4OjtK/messages?api-version=2024-07-01-preview",
      "RequestMethod": "GET",
      "RequestHeaders": {
        "Accept": "application/json",
        "Accept-Encoding": "gzip, deflate, br, zstd",
        "Authorization": "Sanitized",
        "Connection": "keep-alive",
        "Referer": "http://Sanitized.azure.com/",
        "sec-ch-ua": "\"HeadlessChrome\";v=\"131\", \"Chromium\";v=\"131\", \"Not_A Brand\";v=\"24\"",
        "sec-ch-ua-mobile": "?0",
        "sec-ch-ua-platform": "\"Windows\"",
        "Sec-Fetch-Dest": "empty",
        "Sec-Fetch-Mode": "cors",
        "Sec-Fetch-Site": "same-site",
        "User-Agent": "Mozilla/5.0 (Windows NT 10.0; Win64; x64) AppleWebKit/537.36 (KHTML, like Gecko) HeadlessChrome/131.0.6778.33 Safari/537.36",
        "x-ms-client-request-id": "Sanitized",
        "x-ms-useragent": "azsdk-js-ai-projects-rest/1.0.0-beta.3 core-rest-pipeline/1.18.3 Chromium/131 OS/x86-Windows-15.0.0"
      },
      "RequestBody": null,
      "StatusCode": 200,
      "ResponseHeaders": {
        "apim-request-id": "d4d7c211-47ff-409f-9f44-1ab143b796b4",
        "Connection": "keep-alive",
        "Content-Encoding": "gzip",
        "Content-Type": "application/json",
        "Date": "Tue, 21 Jan 2025 19:43:56 GMT",
        "openai-organization": "3d8304e5257c4cc49d2bec8a48b2e43f",
        "openai-processing-ms": "72",
        "openai-version": "2020-10-01",
        "request-context": "appId=cid-v1:17d65b70-e9ce-4ed5-9347-1f660ec782e9",
        "Strict-Transport-Security": "max-age=31536000; includeSubDomains; preload",
        "Transfer-Encoding": "chunked",
        "Vary": "Accept-Encoding",
        "x-aml-cluster": "vienna-eastus2euap-01",
        "X-Content-Type-Options": "nosniff",
        "x-ms-middleware-request-id": "0b822a48-3335-45ef-88a0-6b4c0073477e",
        "x-ms-region": "West US 2",
        "x-ms-response-type": "standard",
        "X-Request-ID": "f151ccf427a58c6f89a700c82d1aff1d",
        "x-request-time": "0.236"
      },
      "ResponseBody": {
        "object": "list",
        "data": [
          {
            "id": "msg_M6hVCKVIEzNYpw0WZaOpX3pm",
            "object": "thread.message",
            "created_at": 1737488635,
            "assistant_id": "asst_puXB12lvS6S3MG2T8DNq2Dpb",
            "thread_id": "thread_ozjEHF2fQb1WgDVIQYL4OjtK",
            "run_id": "run_whTFkdDODuvfqqmVOvQOz2LW",
            "role": "assistant",
            "content": [
              {
                "type": "text",
                "text": {
                  "value": "The current date and time is 2024-10-10 12:30:19.",
                  "annotations": []
                }
              }
            ],
            "attachments": [],
            "metadata": {}
          },
          {
            "id": "msg_AO1A5fL1SMnVGGBfz5D5yzMN",
            "object": "thread.message",
            "created_at": 1737488629,
            "assistant_id": null,
            "thread_id": "thread_ozjEHF2fQb1WgDVIQYL4OjtK",
            "run_id": null,
            "role": "user",
            "content": [
              {
                "type": "text",
                "text": {
                  "value": "Hello, what's the time?",
                  "annotations": []
                }
              }
            ],
            "attachments": [],
            "metadata": {}
          }
        ],
        "first_id": "msg_M6hVCKVIEzNYpw0WZaOpX3pm",
        "last_id": "msg_AO1A5fL1SMnVGGBfz5D5yzMN",
        "has_more": false
      }
    },
    {
      "RequestUri": "https://Sanitized.azure.com/agents/v1.0/subscriptions/00000000-0000-0000-0000-000000000000/resourceGroups/00000/providers/Microsoft.MachineLearningServices/workspaces/00000/assistants/asst_puXB12lvS6S3MG2T8DNq2Dpb?api-version=2024-07-01-preview",
      "RequestMethod": "DELETE",
      "RequestHeaders": {
        "Accept": "application/json",
        "Accept-Encoding": "gzip, deflate, br, zstd",
        "Authorization": "Sanitized",
        "Connection": "keep-alive",
        "Referer": "http://Sanitized.azure.com/",
        "sec-ch-ua": "\"HeadlessChrome\";v=\"131\", \"Chromium\";v=\"131\", \"Not_A Brand\";v=\"24\"",
        "sec-ch-ua-mobile": "?0",
        "sec-ch-ua-platform": "\"Windows\"",
        "Sec-Fetch-Dest": "empty",
        "Sec-Fetch-Mode": "cors",
        "Sec-Fetch-Site": "same-site",
        "User-Agent": "Mozilla/5.0 (Windows NT 10.0; Win64; x64) AppleWebKit/537.36 (KHTML, like Gecko) HeadlessChrome/131.0.6778.33 Safari/537.36",
        "x-ms-client-request-id": "Sanitized",
        "x-ms-useragent": "azsdk-js-ai-projects-rest/1.0.0-beta.3 core-rest-pipeline/1.18.3 Chromium/131 OS/x86-Windows-15.0.0"
      },
      "RequestBody": null,
      "StatusCode": 200,
      "ResponseHeaders": {
        "apim-request-id": "5f63b93b-7033-4997-b81e-7ef0e7781f20",
        "Connection": "keep-alive",
        "Content-Length": "95",
        "Content-Type": "application/json",
        "Date": "Tue, 21 Jan 2025 19:43:56 GMT",
        "openai-organization": "3d8304e5257c4cc49d2bec8a48b2e43f",
        "openai-processing-ms": "74",
        "openai-version": "2020-10-01",
        "request-context": "appId=cid-v1:17d65b70-e9ce-4ed5-9347-1f660ec782e9",
        "Strict-Transport-Security": "max-age=31536000; includeSubDomains; preload",
        "x-aml-cluster": "vienna-eastus2euap-01",
        "X-Content-Type-Options": "nosniff",
        "x-ms-middleware-request-id": "01735b44-1af1-41f9-9a81-bf41dbb32b45",
        "x-ms-region": "West US 2",
        "x-ms-response-type": "standard",
        "X-Request-ID": "c4606f28c71065cb8dac8089da55603b",
        "x-request-time": "0.238"
      },
      "ResponseBody": {
        "id": "asst_puXB12lvS6S3MG2T8DNq2Dpb",
        "object": "assistant.deleted",
        "deleted": true
      }
    }
  ],
  "Variables": {}
}
