{
  "Entries": [
    {
      "RequestUri": "https://Sanitized.blob.core.windows.net/filesystema6823993?restype=container",
      "RequestMethod": "PUT",
      "RequestHeaders": {
        "Accept": "application/xml",
        "Accept-Encoding": "gzip, deflate",
        "Content-Length": "0",
        "User-Agent": "azsdk-python-storage-dfs/12.20.0b1 Python/3.11.11 (macOS-15.3-x86_64-i386-64bit)",
        "x-ms-date": "Mon, 10 Feb 2025 20:59:07 GMT",
        "x-ms-version": "2025-07-05"
      },
      "RequestBody": null,
      "StatusCode": 201,
      "ResponseHeaders": {
        "Content-Length": "0",
        "Date": "Mon, 10 Feb 2025 20:59:07 GMT",
        "ETag": "\"0x8DD4A15C27FA0A3\"",
        "Last-Modified": "Mon, 10 Feb 2025 20:59:07 GMT",
        "Server": [
          "Windows-Azure-Blob/1.0",
          "Microsoft-HTTPAPI/2.0"
        ],
        "x-ms-version": "2025-07-05"
      },
      "ResponseBody": null
    },
    {
      "RequestUri": "https://Sanitized.dfs.core.windows.net/filesystema6823993/dir1/dir2/file?resource=file",
      "RequestMethod": "PUT",
      "RequestHeaders": {
        "Accept": "application/json",
        "Accept-Encoding": "gzip, deflate",
        "Content-Length": "0",
        "User-Agent": "azsdk-python-storage-dfs/12.20.0b1 Python/3.11.11 (macOS-15.3-x86_64-i386-64bit)",
        "x-ms-date": "Mon, 10 Feb 2025 20:59:07 GMT",
        "x-ms-version": "2025-07-05"
      },
      "RequestBody": null,
      "StatusCode": 201,
      "ResponseHeaders": {
        "Content-Length": "0",
        "Date": "Mon, 10 Feb 2025 20:59:07 GMT",
        "ETag": "\"0x8DD4A15C2AD3830\"",
        "Last-Modified": "Mon, 10 Feb 2025 20:59:07 GMT",
        "Server": [
          "Windows-Azure-HDFS/1.0",
          "Microsoft-HTTPAPI/2.0"
        ],
        "x-ms-request-server-encrypted": "true",
        "x-ms-version": "2025-07-05"
      },
      "ResponseBody": null
    },
    {
      "RequestUri": "https://Sanitized.dfs.core.windows.net/filesystema6823993?resource=filesystem&recursive=true&upn=true",
      "RequestMethod": "GET",
      "RequestHeaders": {
        "Accept": "application/json",
        "Accept-Encoding": "gzip, deflate",
        "User-Agent": "azsdk-python-storage-dfs/12.20.0b1 Python/3.11.11 (macOS-15.3-x86_64-i386-64bit)",
        "x-ms-date": "Mon, 10 Feb 2025 20:59:07 GMT",
        "x-ms-version": "2025-07-05"
      },
      "RequestBody": null,
      "StatusCode": 200,
      "ResponseHeaders": {
        "Content-Type": "application/json; charset=utf-8",
        "Date": "Mon, 10 Feb 2025 20:59:07 GMT",
        "Server": [
          "Windows-Azure-HDFS/1.0",
          "Microsoft-HTTPAPI/2.0"
        ],
        "Transfer-Encoding": "chunked",
        "x-ms-version": "2025-07-05"
      },
      "ResponseBody": {
        "paths": [
          {
            "contentLength": "0",
            "creationTime": "133836947477167804",
            "etag": "Sanitized",
            "expiryTime": "0",
            "group": "$superuser",
            "isDirectory": "true",
            "lastModified": "Mon, 10 Feb 2025 20:59:07 GMT",
            "name": "dir1",
            "owner": "$superuser",
            "permissions": "rwxr-x---"
          },
          {
            "contentLength": "0",
            "creationTime": "133836947477261984",
            "etag": "Sanitized",
            "expiryTime": "0",
            "group": "$superuser",
            "isDirectory": "true",
            "lastModified": "Mon, 10 Feb 2025 20:59:07 GMT",
            "name": "dir1/dir2",
            "owner": "$superuser",
            "permissions": "rwxr-x---"
          },
          {
            "contentLength": "0",
            "creationTime": "133836947477379120",
            "etag": "Sanitized",
            "expiryTime": "0",
            "group": "$superuser",
            "lastModified": "Mon, 10 Feb 2025 20:59:07 GMT",
            "name": "dir1/dir2/file",
            "owner": "$superuser",
            "permissions": "rw-r-----"
          }
        ]
      }
    }
  ],
  "Variables": {}
}
