{
  "Entries": [
    {
      "RequestUri": "https://storagename.blob.core.windows.net/filesysteme5913862?restype=container\u0026timeout=5",
      "RequestMethod": "PUT",
      "RequestHeaders": {
        "Accept": "application/xml",
        "Accept-Encoding": "gzip, deflate",
        "Content-Length": "0",
        "User-Agent": "azsdk-python-storage-dfs/12.15.0b1 Python/3.11.7 (Windows-10-10.0.22621-SP0)",
        "x-ms-date": "Fri, 19 Jan 2024 20:28:29 GMT",
        "x-ms-version": "2024-05-04"
      },
      "RequestBody": null,
      "StatusCode": 409,
      "ResponseHeaders": {
        "Content-Length": "230",
        "Content-Type": "application/xml",
        "Date": "Fri, 19 Jan 2024 20:28:29 GMT",
        "x-ms-error-code": "ContainerAlreadyExists",
        "x-ms-version": "2024-05-04"
      },
      "ResponseBody": [
        "\uFEFF\u003C?xml version=\u00221.0\u0022 encoding=\u0022utf-8\u0022?\u003E\u003CError\u003E\u003CCode\u003EContainerAlreadyExists\u003C/Code\u003E\u003CMessage\u003EThe specified container already exists.\n",
        "RequestId:baa0f888-201e-0000-5716-4be568000000\n",
        "Time:2024-01-19T20:28:29.1256704Z\u003C/Message\u003E\u003C/Error\u003E"
      ]
    },
    {
      "RequestUri": "https://storagename.dfs.core.windows.net/filesysteme5913862/directorye5913862?resource=directory",
      "RequestMethod": "PUT",
      "RequestHeaders": {
        "Accept": "application/json",
        "Accept-Encoding": "gzip, deflate",
        "Content-Length": "0",
        "User-Agent": "azsdk-python-storage-dfs/12.15.0b1 Python/3.11.7 (Windows-10-10.0.22621-SP0)",
        "x-ms-date": "Fri, 19 Jan 2024 20:28:31 GMT",
        "x-ms-version": "2024-05-04"
      },
      "RequestBody": null,
      "StatusCode": 201,
      "ResponseHeaders": {
        "Content-Length": "0",
        "Date": "Fri, 19 Jan 2024 20:28:28 GMT",
        "ETag": "\u00220x8DC192D32BB95A6\u0022",
        "Last-Modified": "Fri, 19 Jan 2024 20:28:29 GMT",
        "x-ms-request-server-encrypted": "true",
        "x-ms-version": "2024-05-04"
      },
      "ResponseBody": null
    },
    {
      "RequestUri": "https://storagename.dfs.core.windows.net/filesysteme5913862/directorye5913862%2Ffilename?resource=file",
      "RequestMethod": "PUT",
      "RequestHeaders": {
        "Accept": "application/json",
        "Accept-Encoding": "gzip, deflate",
        "Content-Length": "0",
        "User-Agent": "azsdk-python-storage-dfs/12.15.0b1 Python/3.11.7 (Windows-10-10.0.22621-SP0)",
        "x-ms-date": "Fri, 19 Jan 2024 20:28:31 GMT",
        "x-ms-version": "2024-05-04"
      },
      "RequestBody": null,
      "StatusCode": 201,
      "ResponseHeaders": {
        "Content-Length": "0",
        "Date": "Fri, 19 Jan 2024 20:28:28 GMT",
        "ETag": "\u00220x8DC192D32C78714\u0022",
        "Last-Modified": "Fri, 19 Jan 2024 20:28:29 GMT",
        "x-ms-request-server-encrypted": "true",
        "x-ms-version": "2024-05-04"
      },
      "ResponseBody": null
    },
    {
      "RequestUri": "https://storagename.blob.core.windows.net/filesysteme5913862/directorye5913862",
      "RequestMethod": "HEAD",
      "RequestHeaders": {
        "Accept": "application/xml",
        "Accept-Encoding": "gzip, deflate",
        "User-Agent": "azsdk-python-storage-dfs/12.15.0b1 Python/3.11.7 (Windows-10-10.0.22621-SP0)",
        "x-ms-date": "Fri, 19 Jan 2024 20:28:31 GMT",
        "x-ms-version": "2024-05-04"
      },
      "RequestBody": null,
      "StatusCode": 200,
      "ResponseHeaders": {
        "Accept-Ranges": "bytes",
        "Content-Length": "0",
        "Content-Type": "application/octet-stream",
        "Date": "Fri, 19 Jan 2024 20:28:29 GMT",
        "ETag": "\u00220x8DC192D32BB95A6\u0022",
        "Last-Modified": "Fri, 19 Jan 2024 20:28:29 GMT",
        "x-ms-access-tier": "Cool",
        "x-ms-access-tier-inferred": "true",
        "x-ms-acl": "user::rwx,group::r-x,other::---",
        "x-ms-blob-type": "BlockBlob",
        "x-ms-creation-time": "Fri, 19 Jan 2024 20:26:18 GMT",
        "x-ms-group": "$superuser",
        "x-ms-last-access-time": "Fri, 19 Jan 2024 20:28:29 GMT",
        "x-ms-lease-state": "available",
        "x-ms-lease-status": "unlocked",
        "x-ms-meta-hdi_isfolder": "true",
        "x-ms-owner": "$superuser",
        "x-ms-permissions": "rwxr-x---",
        "x-ms-resource-type": "directory",
        "x-ms-server-encrypted": "true",
        "x-ms-version": "2024-05-04"
      },
      "ResponseBody": null
    },
    {
      "RequestUri": "https://storagename.blob.core.windows.net/filesysteme5913862/directorye5913862/filename",
      "RequestMethod": "HEAD",
      "RequestHeaders": {
        "Accept": "application/xml",
        "Accept-Encoding": "gzip, deflate",
        "User-Agent": "azsdk-python-storage-dfs/12.15.0b1 Python/3.11.7 (Windows-10-10.0.22621-SP0)",
        "x-ms-date": "Fri, 19 Jan 2024 20:28:31 GMT",
        "x-ms-upn": "True",
        "x-ms-version": "2024-05-04"
      },
      "RequestBody": null,
      "StatusCode": 200,
      "ResponseHeaders": {
        "Accept-Ranges": "bytes",
        "Content-Length": "0",
        "Content-Type": "application/octet-stream",
        "Date": "Fri, 19 Jan 2024 20:28:29 GMT",
        "ETag": "\u00220x8DC192D32C78714\u0022",
        "Last-Modified": "Fri, 19 Jan 2024 20:28:29 GMT",
        "x-ms-access-tier": "Cool",
        "x-ms-access-tier-inferred": "true",
        "x-ms-acl": "user::rw-,group::r--,other::---",
        "x-ms-blob-type": "BlockBlob",
        "x-ms-creation-time": "Fri, 19 Jan 2024 20:28:29 GMT",
        "x-ms-group": "$superuser",
        "x-ms-last-access-time": "Fri, 19 Jan 2024 20:28:29 GMT",
        "x-ms-lease-state": "available",
        "x-ms-lease-status": "unlocked",
        "x-ms-owner": "$superuser",
        "x-ms-permissions": "rw-r-----",
        "x-ms-resource-type": "file",
        "x-ms-server-encrypted": "true",
        "x-ms-version": "2024-05-04"
      },
      "ResponseBody": null
    }
  ],
  "Variables": {}
}
