{
  "Entries": [
    {
      "RequestUri": "https://Sanitized.blob.core.windows.net/filesystem25572cab?restype=container",
      "RequestMethod": "PUT",
      "RequestHeaders": {
        "Accept": "application/xml",
        "Accept-Encoding": "gzip, deflate",
        "Connection": "keep-alive",
        "Content-Length": "0",
        "User-Agent": "azsdk-python-storage-dfs/12.20.0b1 Python/3.11.11 (macOS-15.3-x86_64-i386-64bit)",
        "x-ms-date": "Mon, 10 Feb 2025 20:51:33 GMT",
        "x-ms-version": "2025-07-05"
      },
      "RequestBody": null,
      "StatusCode": 201,
      "ResponseHeaders": {
        "Content-Length": "0",
        "Date": "Mon, 10 Feb 2025 20:51:34 GMT",
        "ETag": "\"0x8DD4A14B453B7C0\"",
        "Last-Modified": "Mon, 10 Feb 2025 20:51:34 GMT",
        "Server": [
          "Windows-Azure-Blob/1.0",
          "Microsoft-HTTPAPI/2.0"
        ],
        "x-ms-version": "2025-07-05"
      },
      "ResponseBody": null
    },
    {
      "RequestUri": "https://Sanitized.dfs.core.windows.net/filesystem25572cab/file1?resource=file",
      "RequestMethod": "PUT",
      "RequestHeaders": {
        "Accept": "application/json",
        "Accept-Encoding": "gzip, deflate",
        "Connection": "keep-alive",
        "Content-Length": "0",
        "User-Agent": "azsdk-python-storage-dfs/12.20.0b1 Python/3.11.11 (macOS-15.3-x86_64-i386-64bit)",
        "x-ms-date": "Mon, 10 Feb 2025 20:51:34 GMT",
        "x-ms-version": "2025-07-05"
      },
      "RequestBody": null,
      "StatusCode": 201,
      "ResponseHeaders": {
        "Content-Length": "0",
        "Date": "Mon, 10 Feb 2025 20:51:33 GMT",
        "ETag": "\"0x8DD4A14B47F1804\"",
        "Last-Modified": "Mon, 10 Feb 2025 20:51:34 GMT",
        "Server": [
          "Windows-Azure-HDFS/1.0",
          "Microsoft-HTTPAPI/2.0"
        ],
        "x-ms-request-server-encrypted": "true",
        "x-ms-version": "2025-07-05"
      },
      "ResponseBody": null
    },
    {
      "RequestUri": "https://Sanitized.dfs.core.windows.net/filesystem25572cab?resource=filesystem&recursive=true&upn=true",
      "RequestMethod": "GET",
      "RequestHeaders": {
        "Accept": "application/json",
        "Accept-Encoding": "gzip, deflate",
        "Connection": "keep-alive",
        "User-Agent": "azsdk-python-storage-dfs/12.20.0b1 Python/3.11.11 (macOS-15.3-x86_64-i386-64bit)",
        "x-ms-date": "Mon, 10 Feb 2025 20:51:34 GMT",
        "x-ms-version": "2025-07-05"
      },
      "RequestBody": null,
      "StatusCode": 200,
      "ResponseHeaders": {
        "Content-Type": "application/json; charset=utf-8",
        "Date": "Mon, 10 Feb 2025 20:51:33 GMT",
        "Server": [
          "Windows-Azure-HDFS/1.0",
          "Microsoft-HTTPAPI/2.0"
        ],
        "Transfer-Encoding": "chunked",
        "x-ms-version": "2025-07-05"
      },
      "ResponseBody": {
        "paths": [
          {
            "contentLength": "0",
            "creationTime": "133836942944507908",
            "etag": "Sanitized",
            "expiryTime": "0",
            "group": "$superuser",
            "lastModified": "Mon, 10 Feb 2025 20:51:34 GMT",
            "name": "file1",
            "owner": "$superuser",
            "permissions": "rw-r-----"
          }
        ]
      }
    }
  ],
  "Variables": {}
}
