{
  "Entries": [
    {
      "RequestUri": "https://Sanitized.blob.core.windows.net/filesystem5ba641bd?restype=container&timeout=5",
      "RequestMethod": "PUT",
      "RequestHeaders": {
        "Accept": "application/xml",
        "Accept-Encoding": "gzip, deflate",
        "Content-Length": "0",
        "User-Agent": "azsdk-python-storage-dfs/12.20.0b1 Python/3.11.11 (macOS-15.3-x86_64-i386-64bit)",
        "x-ms-date": "Mon, 10 Feb 2025 19:49:17 GMT",
        "x-ms-version": "2025-07-05"
      },
      "RequestBody": null,
      "StatusCode": 201,
      "ResponseHeaders": {
        "Content-Length": "0",
        "Date": "Mon, 10 Feb 2025 19:49:16 GMT",
        "ETag": "\"0x8DD4A0C0129AEBD\"",
        "Last-Modified": "Mon, 10 Feb 2025 19:49:17 GMT",
        "Server": [
          "Windows-Azure-Blob/1.0",
          "Microsoft-HTTPAPI/2.0"
        ],
        "x-ms-version": "2025-07-05"
      },
      "ResponseBody": null
    },
    {
      "RequestUri": "https://Sanitized.dfs.core.windows.net/filesystem5ba641bd/directory5ba641bd?resource=directory",
      "RequestMethod": "PUT",
      "RequestHeaders": {
        "Accept": "application/json",
        "Accept-Encoding": "gzip, deflate",
        "Content-Length": "0",
        "User-Agent": "azsdk-python-storage-dfs/12.20.0b1 Python/3.11.11 (macOS-15.3-x86_64-i386-64bit)",
        "x-ms-date": "Mon, 10 Feb 2025 19:49:17 GMT",
        "x-ms-version": "2025-07-05"
      },
      "RequestBody": null,
      "StatusCode": 201,
      "ResponseHeaders": {
        "Content-Length": "0",
        "Date": "Mon, 10 Feb 2025 19:49:17 GMT",
        "ETag": "\"0x8DD4A0C01560C84\"",
        "Last-Modified": "Mon, 10 Feb 2025 19:49:17 GMT",
        "Server": [
          "Windows-Azure-HDFS/1.0",
          "Microsoft-HTTPAPI/2.0"
        ],
        "x-ms-request-server-encrypted": "true",
        "x-ms-version": "2025-07-05"
      },
      "ResponseBody": null
    },
    {
      "RequestUri": "https://Sanitized.dfs.core.windows.net/filesystem5ba641bd/directory5ba641bd/subdir05ba641bd?resource=directory",
      "RequestMethod": "PUT",
      "RequestHeaders": {
        "Accept": "application/json",
        "Accept-Encoding": "gzip, deflate",
        "Content-Length": "0",
        "User-Agent": "azsdk-python-storage-dfs/12.20.0b1 Python/3.11.11 (macOS-15.3-x86_64-i386-64bit)",
        "x-ms-date": "Mon, 10 Feb 2025 19:49:18 GMT",
        "x-ms-version": "2025-07-05"
      },
      "RequestBody": null,
      "StatusCode": 201,
      "ResponseHeaders": {
        "Content-Length": "0",
        "Date": "Mon, 10 Feb 2025 19:49:17 GMT",
        "ETag": "\"0x8DD4A0C017CE8B4\"",
        "Last-Modified": "Mon, 10 Feb 2025 19:49:18 GMT",
        "Server": [
          "Windows-Azure-HDFS/1.0",
          "Microsoft-HTTPAPI/2.0"
        ],
        "x-ms-request-server-encrypted": "true",
        "x-ms-version": "2025-07-05"
      },
      "ResponseBody": null
    },
    {
      "RequestUri": "https://Sanitized.dfs.core.windows.net/filesystem5ba641bd/directory5ba641bd/subdir05ba641bd/subfile05ba641bd?resource=file",
      "RequestMethod": "PUT",
      "RequestHeaders": {
        "Accept": "application/json",
        "Accept-Encoding": "gzip, deflate",
        "Content-Length": "0",
        "User-Agent": "azsdk-python-storage-dfs/12.20.0b1 Python/3.11.11 (macOS-15.3-x86_64-i386-64bit)",
        "x-ms-date": "Mon, 10 Feb 2025 19:49:18 GMT",
        "x-ms-version": "2025-07-05"
      },
      "RequestBody": null,
      "StatusCode": 201,
      "ResponseHeaders": {
        "Content-Length": "0",
        "Date": "Mon, 10 Feb 2025 19:49:17 GMT",
        "ETag": "\"0x8DD4A0C01A9FB8C\"",
        "Last-Modified": "Mon, 10 Feb 2025 19:49:18 GMT",
        "Server": [
          "Windows-Azure-HDFS/1.0",
          "Microsoft-HTTPAPI/2.0"
        ],
        "x-ms-request-server-encrypted": "true",
        "x-ms-version": "2025-07-05"
      },
      "ResponseBody": null
    },
    {
      "RequestUri": "https://Sanitized.dfs.core.windows.net/filesystem5ba641bd/directory5ba641bd/subdir05ba641bd/subfile15ba641bd?resource=file",
      "RequestMethod": "PUT",
      "RequestHeaders": {
        "Accept": "application/json",
        "Accept-Encoding": "gzip, deflate",
        "Content-Length": "0",
        "User-Agent": "azsdk-python-storage-dfs/12.20.0b1 Python/3.11.11 (macOS-15.3-x86_64-i386-64bit)",
        "x-ms-date": "Mon, 10 Feb 2025 19:49:18 GMT",
        "x-ms-version": "2025-07-05"
      },
      "RequestBody": null,
      "StatusCode": 201,
      "ResponseHeaders": {
        "Content-Length": "0",
        "Date": "Mon, 10 Feb 2025 19:49:18 GMT",
        "ETag": "\"0x8DD4A0C01D4F8FC\"",
        "Last-Modified": "Mon, 10 Feb 2025 19:49:18 GMT",
        "Server": [
          "Windows-Azure-HDFS/1.0",
          "Microsoft-HTTPAPI/2.0"
        ],
        "x-ms-request-server-encrypted": "true",
        "x-ms-version": "2025-07-05"
      },
      "ResponseBody": null
    },
    {
      "RequestUri": "https://Sanitized.dfs.core.windows.net/filesystem5ba641bd/directory5ba641bd/subdir05ba641bd/subfile25ba641bd?resource=file",
      "RequestMethod": "PUT",
      "RequestHeaders": {
        "Accept": "application/json",
        "Accept-Encoding": "gzip, deflate",
        "Content-Length": "0",
        "User-Agent": "azsdk-python-storage-dfs/12.20.0b1 Python/3.11.11 (macOS-15.3-x86_64-i386-64bit)",
        "x-ms-date": "Mon, 10 Feb 2025 19:49:18 GMT",
        "x-ms-version": "2025-07-05"
      },
      "RequestBody": null,
      "StatusCode": 201,
      "ResponseHeaders": {
        "Content-Length": "0",
        "Date": "Mon, 10 Feb 2025 19:49:18 GMT",
        "ETag": "\"0x8DD4A0C0200A8F4\"",
        "Last-Modified": "Mon, 10 Feb 2025 19:49:19 GMT",
        "Server": [
          "Windows-Azure-HDFS/1.0",
          "Microsoft-HTTPAPI/2.0"
        ],
        "x-ms-request-server-encrypted": "true",
        "x-ms-version": "2025-07-05"
      },
      "ResponseBody": null
    },
    {
      "RequestUri": "https://Sanitized.dfs.core.windows.net/filesystem5ba641bd/directory5ba641bd/subdir05ba641bd/subfile35ba641bd?resource=file",
      "RequestMethod": "PUT",
      "RequestHeaders": {
        "Accept": "application/json",
        "Accept-Encoding": "gzip, deflate",
        "Content-Length": "0",
        "User-Agent": "azsdk-python-storage-dfs/12.20.0b1 Python/3.11.11 (macOS-15.3-x86_64-i386-64bit)",
        "x-ms-date": "Mon, 10 Feb 2025 19:49:19 GMT",
        "x-ms-version": "2025-07-05"
      },
      "RequestBody": null,
      "StatusCode": 201,
      "ResponseHeaders": {
        "Content-Length": "0",
        "Date": "Mon, 10 Feb 2025 19:49:18 GMT",
        "ETag": "\"0x8DD4A0C02294580\"",
        "Last-Modified": "Mon, 10 Feb 2025 19:49:19 GMT",
        "Server": [
          "Windows-Azure-HDFS/1.0",
          "Microsoft-HTTPAPI/2.0"
        ],
        "x-ms-request-server-encrypted": "true",
        "x-ms-version": "2025-07-05"
      },
      "ResponseBody": null
    },
    {
      "RequestUri": "https://Sanitized.dfs.core.windows.net/filesystem5ba641bd/directory5ba641bd/subdir05ba641bd/subfile45ba641bd?resource=file",
      "RequestMethod": "PUT",
      "RequestHeaders": {
        "Accept": "application/json",
        "Accept-Encoding": "gzip, deflate",
        "Content-Length": "0",
        "User-Agent": "azsdk-python-storage-dfs/12.20.0b1 Python/3.11.11 (macOS-15.3-x86_64-i386-64bit)",
        "x-ms-date": "Mon, 10 Feb 2025 19:49:19 GMT",
        "x-ms-version": "2025-07-05"
      },
      "RequestBody": null,
      "StatusCode": 201,
      "ResponseHeaders": {
        "Content-Length": "0",
        "Date": "Mon, 10 Feb 2025 19:49:18 GMT",
        "ETag": "\"0x8DD4A0C0253CEF8\"",
        "Last-Modified": "Mon, 10 Feb 2025 19:49:19 GMT",
        "Server": [
          "Windows-Azure-HDFS/1.0",
          "Microsoft-HTTPAPI/2.0"
        ],
        "x-ms-request-server-encrypted": "true",
        "x-ms-version": "2025-07-05"
      },
      "ResponseBody": null
    },
    {
      "RequestUri": "https://Sanitized.dfs.core.windows.net/filesystem5ba641bd/directory5ba641bd/subdir15ba641bd?resource=directory",
      "RequestMethod": "PUT",
      "RequestHeaders": {
        "Accept": "application/json",
        "Accept-Encoding": "gzip, deflate",
        "Content-Length": "0",
        "User-Agent": "azsdk-python-storage-dfs/12.20.0b1 Python/3.11.11 (macOS-15.3-x86_64-i386-64bit)",
        "x-ms-date": "Mon, 10 Feb 2025 19:49:19 GMT",
        "x-ms-version": "2025-07-05"
      },
      "RequestBody": null,
      "StatusCode": 201,
      "ResponseHeaders": {
        "Content-Length": "0",
        "Date": "Mon, 10 Feb 2025 19:49:19 GMT",
        "ETag": "\"0x8DD4A0C027AF924\"",
        "Last-Modified": "Mon, 10 Feb 2025 19:49:19 GMT",
        "Server": [
          "Windows-Azure-HDFS/1.0",
          "Microsoft-HTTPAPI/2.0"
        ],
        "x-ms-request-server-encrypted": "true",
        "x-ms-version": "2025-07-05"
      },
      "ResponseBody": null
    },
    {
      "RequestUri": "https://Sanitized.dfs.core.windows.net/filesystem5ba641bd/directory5ba641bd/subdir15ba641bd/subfile05ba641bd?resource=file",
      "RequestMethod": "PUT",
      "RequestHeaders": {
        "Accept": "application/json",
        "Accept-Encoding": "gzip, deflate",
        "Content-Length": "0",
        "User-Agent": "azsdk-python-storage-dfs/12.20.0b1 Python/3.11.11 (macOS-15.3-x86_64-i386-64bit)",
        "x-ms-date": "Mon, 10 Feb 2025 19:49:19 GMT",
        "x-ms-version": "2025-07-05"
      },
      "RequestBody": null,
      "StatusCode": 201,
      "ResponseHeaders": {
        "Content-Length": "0",
        "Date": "Mon, 10 Feb 2025 19:49:19 GMT",
        "ETag": "\"0x8DD4A0C02A7CAE4\"",
        "Last-Modified": "Mon, 10 Feb 2025 19:49:20 GMT",
        "Server": [
          "Windows-Azure-HDFS/1.0",
          "Microsoft-HTTPAPI/2.0"
        ],
        "x-ms-request-server-encrypted": "true",
        "x-ms-version": "2025-07-05"
      },
      "ResponseBody": null
    },
    {
      "RequestUri": "https://Sanitized.dfs.core.windows.net/filesystem5ba641bd/directory5ba641bd/subdir15ba641bd/subfile15ba641bd?resource=file",
      "RequestMethod": "PUT",
      "RequestHeaders": {
        "Accept": "application/json",
        "Accept-Encoding": "gzip, deflate",
        "Content-Length": "0",
        "User-Agent": "azsdk-python-storage-dfs/12.20.0b1 Python/3.11.11 (macOS-15.3-x86_64-i386-64bit)",
        "x-ms-date": "Mon, 10 Feb 2025 19:49:20 GMT",
        "x-ms-version": "2025-07-05"
      },
      "RequestBody": null,
      "StatusCode": 201,
      "ResponseHeaders": {
        "Content-Length": "0",
        "Date": "Mon, 10 Feb 2025 19:49:19 GMT",
        "ETag": "\"0x8DD4A0C02D0A29C\"",
        "Last-Modified": "Mon, 10 Feb 2025 19:49:20 GMT",
        "Server": [
          "Windows-Azure-HDFS/1.0",
          "Microsoft-HTTPAPI/2.0"
        ],
        "x-ms-request-server-encrypted": "true",
        "x-ms-version": "2025-07-05"
      },
      "ResponseBody": null
    },
    {
      "RequestUri": "https://Sanitized.dfs.core.windows.net/filesystem5ba641bd/directory5ba641bd/subdir15ba641bd/subfile25ba641bd?resource=file",
      "RequestMethod": "PUT",
      "RequestHeaders": {
        "Accept": "application/json",
        "Accept-Encoding": "gzip, deflate",
        "Content-Length": "0",
        "User-Agent": "azsdk-python-storage-dfs/12.20.0b1 Python/3.11.11 (macOS-15.3-x86_64-i386-64bit)",
        "x-ms-date": "Mon, 10 Feb 2025 19:49:20 GMT",
        "x-ms-version": "2025-07-05"
      },
      "RequestBody": null,
      "StatusCode": 201,
      "ResponseHeaders": {
        "Content-Length": "0",
        "Date": "Mon, 10 Feb 2025 19:49:20 GMT",
        "ETag": "\"0x8DD4A0C02F81B58\"",
        "Last-Modified": "Mon, 10 Feb 2025 19:49:20 GMT",
        "Server": [
          "Windows-Azure-HDFS/1.0",
          "Microsoft-HTTPAPI/2.0"
        ],
        "x-ms-request-server-encrypted": "true",
        "x-ms-version": "2025-07-05"
      },
      "ResponseBody": null
    },
    {
      "RequestUri": "https://Sanitized.dfs.core.windows.net/filesystem5ba641bd/directory5ba641bd/subdir15ba641bd/subfile35ba641bd?resource=file",
      "RequestMethod": "PUT",
      "RequestHeaders": {
        "Accept": "application/json",
        "Accept-Encoding": "gzip, deflate",
        "Content-Length": "0",
        "User-Agent": "azsdk-python-storage-dfs/12.20.0b1 Python/3.11.11 (macOS-15.3-x86_64-i386-64bit)",
        "x-ms-date": "Mon, 10 Feb 2025 19:49:20 GMT",
        "x-ms-version": "2025-07-05"
      },
      "RequestBody": null,
      "StatusCode": 201,
      "ResponseHeaders": {
        "Content-Length": "0",
        "Date": "Mon, 10 Feb 2025 19:49:20 GMT",
        "ETag": "\"0x8DD4A0C031EB664\"",
        "Last-Modified": "Mon, 10 Feb 2025 19:49:20 GMT",
        "Server": [
          "Windows-Azure-HDFS/1.0",
          "Microsoft-HTTPAPI/2.0"
        ],
        "x-ms-request-server-encrypted": "true",
        "x-ms-version": "2025-07-05"
      },
      "ResponseBody": null
    },
    {
      "RequestUri": "https://Sanitized.dfs.core.windows.net/filesystem5ba641bd/directory5ba641bd/subdir15ba641bd/subfile45ba641bd?resource=file",
      "RequestMethod": "PUT",
      "RequestHeaders": {
        "Accept": "application/json",
        "Accept-Encoding": "gzip, deflate",
        "Content-Length": "0",
        "User-Agent": "azsdk-python-storage-dfs/12.20.0b1 Python/3.11.11 (macOS-15.3-x86_64-i386-64bit)",
        "x-ms-date": "Mon, 10 Feb 2025 19:49:21 GMT",
        "x-ms-version": "2025-07-05"
      },
      "RequestBody": null,
      "StatusCode": 201,
      "ResponseHeaders": {
        "Content-Length": "0",
        "Date": "Mon, 10 Feb 2025 19:49:20 GMT",
        "ETag": "\"0x8DD4A0C0346C39C\"",
        "Last-Modified": "Mon, 10 Feb 2025 19:49:21 GMT",
        "Server": [
          "Windows-Azure-HDFS/1.0",
          "Microsoft-HTTPAPI/2.0"
        ],
        "x-ms-request-server-encrypted": "true",
        "x-ms-version": "2025-07-05"
      },
      "ResponseBody": null
    },
    {
      "RequestUri": "https://Sanitized.dfs.core.windows.net/filesystem5ba641bd/directory5ba641bd/subdir25ba641bd?resource=directory",
      "RequestMethod": "PUT",
      "RequestHeaders": {
        "Accept": "application/json",
        "Accept-Encoding": "gzip, deflate",
        "Content-Length": "0",
        "User-Agent": "azsdk-python-storage-dfs/12.20.0b1 Python/3.11.11 (macOS-15.3-x86_64-i386-64bit)",
        "x-ms-date": "Mon, 10 Feb 2025 19:49:21 GMT",
        "x-ms-version": "2025-07-05"
      },
      "RequestBody": null,
      "StatusCode": 201,
      "ResponseHeaders": {
        "Content-Length": "0",
        "Date": "Mon, 10 Feb 2025 19:49:20 GMT",
        "ETag": "\"0x8DD4A0C036D4C94\"",
        "Last-Modified": "Mon, 10 Feb 2025 19:49:21 GMT",
        "Server": [
          "Windows-Azure-HDFS/1.0",
          "Microsoft-HTTPAPI/2.0"
        ],
        "x-ms-request-server-encrypted": "true",
        "x-ms-version": "2025-07-05"
      },
      "ResponseBody": null
    },
    {
      "RequestUri": "https://Sanitized.dfs.core.windows.net/filesystem5ba641bd/directory5ba641bd/subdir25ba641bd/subfile05ba641bd?resource=file",
      "RequestMethod": "PUT",
      "RequestHeaders": {
        "Accept": "application/json",
        "Accept-Encoding": "gzip, deflate",
        "Content-Length": "0",
        "User-Agent": "azsdk-python-storage-dfs/12.20.0b1 Python/3.11.11 (macOS-15.3-x86_64-i386-64bit)",
        "x-ms-date": "Mon, 10 Feb 2025 19:49:21 GMT",
        "x-ms-version": "2025-07-05"
      },
      "RequestBody": null,
      "StatusCode": 201,
      "ResponseHeaders": {
        "Content-Length": "0",
        "Date": "Mon, 10 Feb 2025 19:49:21 GMT",
        "ETag": "\"0x8DD4A0C03972228\"",
        "Last-Modified": "Mon, 10 Feb 2025 19:49:21 GMT",
        "Server": [
          "Windows-Azure-HDFS/1.0",
          "Microsoft-HTTPAPI/2.0"
        ],
        "x-ms-request-server-encrypted": "true",
        "x-ms-version": "2025-07-05"
      },
      "ResponseBody": null
    },
    {
      "RequestUri": "https://Sanitized.dfs.core.windows.net/filesystem5ba641bd/directory5ba641bd/subdir25ba641bd/subfile15ba641bd?resource=file",
      "RequestMethod": "PUT",
      "RequestHeaders": {
        "Accept": "application/json",
        "Accept-Encoding": "gzip, deflate",
        "Content-Length": "0",
        "User-Agent": "azsdk-python-storage-dfs/12.20.0b1 Python/3.11.11 (macOS-15.3-x86_64-i386-64bit)",
        "x-ms-date": "Mon, 10 Feb 2025 19:49:21 GMT",
        "x-ms-version": "2025-07-05"
      },
      "RequestBody": null,
      "StatusCode": 201,
      "ResponseHeaders": {
        "Content-Length": "0",
        "Date": "Mon, 10 Feb 2025 19:49:21 GMT",
        "ETag": "\"0x8DD4A0C03C06278\"",
        "Last-Modified": "Mon, 10 Feb 2025 19:49:21 GMT",
        "Server": [
          "Windows-Azure-HDFS/1.0",
          "Microsoft-HTTPAPI/2.0"
        ],
        "x-ms-request-server-encrypted": "true",
        "x-ms-version": "2025-07-05"
      },
      "ResponseBody": null
    },
    {
      "RequestUri": "https://Sanitized.dfs.core.windows.net/filesystem5ba641bd/directory5ba641bd/subdir25ba641bd/subfile25ba641bd?resource=file",
      "RequestMethod": "PUT",
      "RequestHeaders": {
        "Accept": "application/json",
        "Accept-Encoding": "gzip, deflate",
        "Content-Length": "0",
        "User-Agent": "azsdk-python-storage-dfs/12.20.0b1 Python/3.11.11 (macOS-15.3-x86_64-i386-64bit)",
        "x-ms-date": "Mon, 10 Feb 2025 19:49:22 GMT",
        "x-ms-version": "2025-07-05"
      },
      "RequestBody": null,
      "StatusCode": 201,
      "ResponseHeaders": {
        "Content-Length": "0",
        "Date": "Mon, 10 Feb 2025 19:49:21 GMT",
        "ETag": "\"0x8DD4A0C03E7AAD4\"",
        "Last-Modified": "Mon, 10 Feb 2025 19:49:22 GMT",
        "Server": [
          "Windows-Azure-HDFS/1.0",
          "Microsoft-HTTPAPI/2.0"
        ],
        "x-ms-request-server-encrypted": "true",
        "x-ms-version": "2025-07-05"
      },
      "ResponseBody": null
    },
    {
      "RequestUri": "https://Sanitized.dfs.core.windows.net/filesystem5ba641bd/directory5ba641bd/subdir25ba641bd/subfile35ba641bd?resource=file",
      "RequestMethod": "PUT",
      "RequestHeaders": {
        "Accept": "application/json",
        "Accept-Encoding": "gzip, deflate",
        "Content-Length": "0",
        "User-Agent": "azsdk-python-storage-dfs/12.20.0b1 Python/3.11.11 (macOS-15.3-x86_64-i386-64bit)",
        "x-ms-date": "Mon, 10 Feb 2025 19:49:22 GMT",
        "x-ms-version": "2025-07-05"
      },
      "RequestBody": null,
      "StatusCode": 201,
      "ResponseHeaders": {
        "Content-Length": "0",
        "Date": "Mon, 10 Feb 2025 19:49:21 GMT",
        "ETag": "\"0x8DD4A0C0410754C\"",
        "Last-Modified": "Mon, 10 Feb 2025 19:49:22 GMT",
        "Server": [
          "Windows-Azure-HDFS/1.0",
          "Microsoft-HTTPAPI/2.0"
        ],
        "x-ms-request-server-encrypted": "true",
        "x-ms-version": "2025-07-05"
      },
      "ResponseBody": null
    },
    {
      "RequestUri": "https://Sanitized.dfs.core.windows.net/filesystem5ba641bd/directory5ba641bd/subdir25ba641bd/subfile45ba641bd?resource=file",
      "RequestMethod": "PUT",
      "RequestHeaders": {
        "Accept": "application/json",
        "Accept-Encoding": "gzip, deflate",
        "Content-Length": "0",
        "User-Agent": "azsdk-python-storage-dfs/12.20.0b1 Python/3.11.11 (macOS-15.3-x86_64-i386-64bit)",
        "x-ms-date": "Mon, 10 Feb 2025 19:49:22 GMT",
        "x-ms-version": "2025-07-05"
      },
      "RequestBody": null,
      "StatusCode": 201,
      "ResponseHeaders": {
        "Content-Length": "0",
        "Date": "Mon, 10 Feb 2025 19:49:22 GMT",
        "ETag": "\"0x8DD4A0C0439FBE8\"",
        "Last-Modified": "Mon, 10 Feb 2025 19:49:22 GMT",
        "Server": [
          "Windows-Azure-HDFS/1.0",
          "Microsoft-HTTPAPI/2.0"
        ],
        "x-ms-request-server-encrypted": "true",
        "x-ms-version": "2025-07-05"
      },
      "ResponseBody": null
    },
    {
      "RequestUri": "https://Sanitized.dfs.core.windows.net/filesystem5ba641bd/directory5ba641bd/subdir35ba641bd?resource=directory",
      "RequestMethod": "PUT",
      "RequestHeaders": {
        "Accept": "application/json",
        "Accept-Encoding": "gzip, deflate",
        "Content-Length": "0",
        "User-Agent": "azsdk-python-storage-dfs/12.20.0b1 Python/3.11.11 (macOS-15.3-x86_64-i386-64bit)",
        "x-ms-date": "Mon, 10 Feb 2025 19:49:22 GMT",
        "x-ms-version": "2025-07-05"
      },
      "RequestBody": null,
      "StatusCode": 201,
      "ResponseHeaders": {
        "Content-Length": "0",
        "Date": "Mon, 10 Feb 2025 19:49:22 GMT",
        "ETag": "\"0x8DD4A0C045FC4BC\"",
        "Last-Modified": "Mon, 10 Feb 2025 19:49:22 GMT",
        "Server": [
          "Windows-Azure-HDFS/1.0",
          "Microsoft-HTTPAPI/2.0"
        ],
        "x-ms-request-server-encrypted": "true",
        "x-ms-version": "2025-07-05"
      },
      "ResponseBody": null
    },
    {
      "RequestUri": "https://Sanitized.dfs.core.windows.net/filesystem5ba641bd/directory5ba641bd/subdir35ba641bd/subfile05ba641bd?resource=file",
      "RequestMethod": "PUT",
      "RequestHeaders": {
        "Accept": "application/json",
        "Accept-Encoding": "gzip, deflate",
        "Content-Length": "0",
        "User-Agent": "azsdk-python-storage-dfs/12.20.0b1 Python/3.11.11 (macOS-15.3-x86_64-i386-64bit)",
        "x-ms-date": "Mon, 10 Feb 2025 19:49:23 GMT",
        "x-ms-version": "2025-07-05"
      },
      "RequestBody": null,
      "StatusCode": 201,
      "ResponseHeaders": {
        "Content-Length": "0",
        "Date": "Mon, 10 Feb 2025 19:49:22 GMT",
        "ETag": "\"0x8DD4A0C048A3BC8\"",
        "Last-Modified": "Mon, 10 Feb 2025 19:49:23 GMT",
        "Server": [
          "Windows-Azure-HDFS/1.0",
          "Microsoft-HTTPAPI/2.0"
        ],
        "x-ms-request-server-encrypted": "true",
        "x-ms-version": "2025-07-05"
      },
      "ResponseBody": null
    },
    {
      "RequestUri": "https://Sanitized.dfs.core.windows.net/filesystem5ba641bd/directory5ba641bd/subdir35ba641bd/subfile15ba641bd?resource=file",
      "RequestMethod": "PUT",
      "RequestHeaders": {
        "Accept": "application/json",
        "Accept-Encoding": "gzip, deflate",
        "Content-Length": "0",
        "User-Agent": "azsdk-python-storage-dfs/12.20.0b1 Python/3.11.11 (macOS-15.3-x86_64-i386-64bit)",
        "x-ms-date": "Mon, 10 Feb 2025 19:49:23 GMT",
        "x-ms-version": "2025-07-05"
      },
      "RequestBody": null,
      "StatusCode": 201,
      "ResponseHeaders": {
        "Content-Length": "0",
        "Date": "Mon, 10 Feb 2025 19:49:22 GMT",
        "ETag": "\"0x8DD4A0C04B4EF58\"",
        "Last-Modified": "Mon, 10 Feb 2025 19:49:23 GMT",
        "Server": [
          "Windows-Azure-HDFS/1.0",
          "Microsoft-HTTPAPI/2.0"
        ],
        "x-ms-request-server-encrypted": "true",
        "x-ms-version": "2025-07-05"
      },
      "ResponseBody": null
    },
    {
      "RequestUri": "https://Sanitized.dfs.core.windows.net/filesystem5ba641bd/directory5ba641bd/subdir35ba641bd/subfile25ba641bd?resource=file",
      "RequestMethod": "PUT",
      "RequestHeaders": {
        "Accept": "application/json",
        "Accept-Encoding": "gzip, deflate",
        "Content-Length": "0",
        "User-Agent": "azsdk-python-storage-dfs/12.20.0b1 Python/3.11.11 (macOS-15.3-x86_64-i386-64bit)",
        "x-ms-date": "Mon, 10 Feb 2025 19:49:23 GMT",
        "x-ms-version": "2025-07-05"
      },
      "RequestBody": null,
      "StatusCode": 201,
      "ResponseHeaders": {
        "Content-Length": "0",
        "Date": "Mon, 10 Feb 2025 19:49:23 GMT",
        "ETag": "\"0x8DD4A0C04DC4C34\"",
        "Last-Modified": "Mon, 10 Feb 2025 19:49:23 GMT",
        "Server": [
          "Windows-Azure-HDFS/1.0",
          "Microsoft-HTTPAPI/2.0"
        ],
        "x-ms-request-server-encrypted": "true",
        "x-ms-version": "2025-07-05"
      },
      "ResponseBody": null
    },
    {
      "RequestUri": "https://Sanitized.dfs.core.windows.net/filesystem5ba641bd/directory5ba641bd/subdir35ba641bd/subfile35ba641bd?resource=file",
      "RequestMethod": "PUT",
      "RequestHeaders": {
        "Accept": "application/json",
        "Accept-Encoding": "gzip, deflate",
        "Content-Length": "0",
        "User-Agent": "azsdk-python-storage-dfs/12.20.0b1 Python/3.11.11 (macOS-15.3-x86_64-i386-64bit)",
        "x-ms-date": "Mon, 10 Feb 2025 19:49:23 GMT",
        "x-ms-version": "2025-07-05"
      },
      "RequestBody": null,
      "StatusCode": 201,
      "ResponseHeaders": {
        "Content-Length": "0",
        "Date": "Mon, 10 Feb 2025 19:49:23 GMT",
        "ETag": "\"0x8DD4A0C0504F644\"",
        "Last-Modified": "Mon, 10 Feb 2025 19:49:24 GMT",
        "Server": [
          "Windows-Azure-HDFS/1.0",
          "Microsoft-HTTPAPI/2.0"
        ],
        "x-ms-request-server-encrypted": "true",
        "x-ms-version": "2025-07-05"
      },
      "ResponseBody": null
    },
    {
      "RequestUri": "https://Sanitized.dfs.core.windows.net/filesystem5ba641bd/directory5ba641bd/subdir35ba641bd/subfile45ba641bd?resource=file",
      "RequestMethod": "PUT",
      "RequestHeaders": {
        "Accept": "application/json",
        "Accept-Encoding": "gzip, deflate",
        "Content-Length": "0",
        "User-Agent": "azsdk-python-storage-dfs/12.20.0b1 Python/3.11.11 (macOS-15.3-x86_64-i386-64bit)",
        "x-ms-date": "Mon, 10 Feb 2025 19:49:24 GMT",
        "x-ms-version": "2025-07-05"
      },
      "RequestBody": null,
      "StatusCode": 201,
      "ResponseHeaders": {
        "Content-Length": "0",
        "Date": "Mon, 10 Feb 2025 19:49:23 GMT",
        "ETag": "\"0x8DD4A0C052D8CF8\"",
        "Last-Modified": "Mon, 10 Feb 2025 19:49:24 GMT",
        "Server": [
          "Windows-Azure-HDFS/1.0",
          "Microsoft-HTTPAPI/2.0"
        ],
        "x-ms-request-server-encrypted": "true",
        "x-ms-version": "2025-07-05"
      },
      "ResponseBody": null
    },
    {
      "RequestUri": "https://Sanitized.dfs.core.windows.net/filesystem5ba641bd/directory5ba641bd/subdir45ba641bd?resource=directory",
      "RequestMethod": "PUT",
      "RequestHeaders": {
        "Accept": "application/json",
        "Accept-Encoding": "gzip, deflate",
        "Content-Length": "0",
        "User-Agent": "azsdk-python-storage-dfs/12.20.0b1 Python/3.11.11 (macOS-15.3-x86_64-i386-64bit)",
        "x-ms-date": "Mon, 10 Feb 2025 19:49:24 GMT",
        "x-ms-version": "2025-07-05"
      },
      "RequestBody": null,
      "StatusCode": 201,
      "ResponseHeaders": {
        "Content-Length": "0",
        "Date": "Mon, 10 Feb 2025 19:49:23 GMT",
        "ETag": "\"0x8DD4A0C0552FF8C\"",
        "Last-Modified": "Mon, 10 Feb 2025 19:49:24 GMT",
        "Server": [
          "Windows-Azure-HDFS/1.0",
          "Microsoft-HTTPAPI/2.0"
        ],
        "x-ms-request-server-encrypted": "true",
        "x-ms-version": "2025-07-05"
      },
      "ResponseBody": null
    },
    {
      "RequestUri": "https://Sanitized.dfs.core.windows.net/filesystem5ba641bd/directory5ba641bd/subdir45ba641bd/subfile05ba641bd?resource=file",
      "RequestMethod": "PUT",
      "RequestHeaders": {
        "Accept": "application/json",
        "Accept-Encoding": "gzip, deflate",
        "Content-Length": "0",
        "User-Agent": "azsdk-python-storage-dfs/12.20.0b1 Python/3.11.11 (macOS-15.3-x86_64-i386-64bit)",
        "x-ms-date": "Mon, 10 Feb 2025 19:49:24 GMT",
        "x-ms-version": "2025-07-05"
      },
      "RequestBody": null,
      "StatusCode": 201,
      "ResponseHeaders": {
        "Content-Length": "0",
        "Date": "Mon, 10 Feb 2025 19:49:24 GMT",
        "ETag": "\"0x8DD4A0C057DA60C\"",
        "Last-Modified": "Mon, 10 Feb 2025 19:49:24 GMT",
        "Server": [
          "Windows-Azure-HDFS/1.0",
          "Microsoft-HTTPAPI/2.0"
        ],
        "x-ms-request-server-encrypted": "true",
        "x-ms-version": "2025-07-05"
      },
      "ResponseBody": null
    },
    {
      "RequestUri": "https://Sanitized.dfs.core.windows.net/filesystem5ba641bd/directory5ba641bd/subdir45ba641bd/subfile15ba641bd?resource=file",
      "RequestMethod": "PUT",
      "RequestHeaders": {
        "Accept": "application/json",
        "Accept-Encoding": "gzip, deflate",
        "Content-Length": "0",
        "User-Agent": "azsdk-python-storage-dfs/12.20.0b1 Python/3.11.11 (macOS-15.3-x86_64-i386-64bit)",
        "x-ms-date": "Mon, 10 Feb 2025 19:49:24 GMT",
        "x-ms-version": "2025-07-05"
      },
      "RequestBody": null,
      "StatusCode": 201,
      "ResponseHeaders": {
        "Content-Length": "0",
        "Date": "Mon, 10 Feb 2025 19:49:24 GMT",
        "ETag": "\"0x8DD4A0C05A66288\"",
        "Last-Modified": "Mon, 10 Feb 2025 19:49:25 GMT",
        "Server": [
          "Windows-Azure-HDFS/1.0",
          "Microsoft-HTTPAPI/2.0"
        ],
        "x-ms-request-server-encrypted": "true",
        "x-ms-version": "2025-07-05"
      },
      "ResponseBody": null
    },
    {
      "RequestUri": "https://Sanitized.dfs.core.windows.net/filesystem5ba641bd/directory5ba641bd/subdir45ba641bd/subfile25ba641bd?resource=file",
      "RequestMethod": "PUT",
      "RequestHeaders": {
        "Accept": "application/json",
        "Accept-Encoding": "gzip, deflate",
        "Content-Length": "0",
        "User-Agent": "azsdk-python-storage-dfs/12.20.0b1 Python/3.11.11 (macOS-15.3-x86_64-i386-64bit)",
        "x-ms-date": "Mon, 10 Feb 2025 19:49:25 GMT",
        "x-ms-version": "2025-07-05"
      },
      "RequestBody": null,
      "StatusCode": 201,
      "ResponseHeaders": {
        "Content-Length": "0",
        "Date": "Mon, 10 Feb 2025 19:49:24 GMT",
        "ETag": "\"0x8DD4A0C05CEC5F8\"",
        "Last-Modified": "Mon, 10 Feb 2025 19:49:25 GMT",
        "Server": [
          "Windows-Azure-HDFS/1.0",
          "Microsoft-HTTPAPI/2.0"
        ],
        "x-ms-request-server-encrypted": "true",
        "x-ms-version": "2025-07-05"
      },
      "ResponseBody": null
    },
    {
      "RequestUri": "https://Sanitized.dfs.core.windows.net/filesystem5ba641bd/directory5ba641bd/subdir45ba641bd/subfile35ba641bd?resource=file",
      "RequestMethod": "PUT",
      "RequestHeaders": {
        "Accept": "application/json",
        "Accept-Encoding": "gzip, deflate",
        "Content-Length": "0",
        "User-Agent": "azsdk-python-storage-dfs/12.20.0b1 Python/3.11.11 (macOS-15.3-x86_64-i386-64bit)",
        "x-ms-date": "Mon, 10 Feb 2025 19:49:25 GMT",
        "x-ms-version": "2025-07-05"
      },
      "RequestBody": null,
      "StatusCode": 201,
      "ResponseHeaders": {
        "Content-Length": "0",
        "Date": "Mon, 10 Feb 2025 19:49:25 GMT",
        "ETag": "\"0x8DD4A0C060566B0\"",
        "Last-Modified": "Mon, 10 Feb 2025 19:49:25 GMT",
        "Server": [
          "Windows-Azure-HDFS/1.0",
          "Microsoft-HTTPAPI/2.0"
        ],
        "x-ms-request-server-encrypted": "true",
        "x-ms-version": "2025-07-05"
      },
      "ResponseBody": null
    },
    {
      "RequestUri": "https://Sanitized.dfs.core.windows.net/filesystem5ba641bd/directory5ba641bd/subdir45ba641bd/subfile45ba641bd?resource=file",
      "RequestMethod": "PUT",
      "RequestHeaders": {
        "Accept": "application/json",
        "Accept-Encoding": "gzip, deflate",
        "Content-Length": "0",
        "User-Agent": "azsdk-python-storage-dfs/12.20.0b1 Python/3.11.11 (macOS-15.3-x86_64-i386-64bit)",
        "x-ms-date": "Mon, 10 Feb 2025 19:49:25 GMT",
        "x-ms-version": "2025-07-05"
      },
      "RequestBody": null,
      "StatusCode": 201,
      "ResponseHeaders": {
        "Content-Length": "0",
        "Date": "Mon, 10 Feb 2025 19:49:25 GMT",
        "ETag": "\"0x8DD4A0C062D2060\"",
        "Last-Modified": "Mon, 10 Feb 2025 19:49:26 GMT",
        "Server": [
          "Windows-Azure-HDFS/1.0",
          "Microsoft-HTTPAPI/2.0"
        ],
        "x-ms-request-server-encrypted": "true",
        "x-ms-version": "2025-07-05"
      },
      "ResponseBody": null
    },
    {
      "RequestUri": "https://Sanitized.dfs.core.windows.net/filesystem5ba641bd/directory5ba641bd?action=setAccessControlRecursive&continuation=&mode=set&maxRecords=2",
      "RequestMethod": "PATCH",
      "RequestHeaders": {
        "Accept": "application/json",
        "Accept-Encoding": "gzip, deflate",
        "Content-Length": "0",
        "User-Agent": "azsdk-python-storage-dfs/12.20.0b1 Python/3.11.11 (macOS-15.3-x86_64-i386-64bit)",
        "x-ms-acl": "user::rwx,group::r-x,other::rwx",
        "x-ms-date": "Mon, 10 Feb 2025 19:49:26 GMT",
        "x-ms-version": "2025-07-05"
      },
      "RequestBody": null,
      "StatusCode": 200,
      "ResponseHeaders": {
        "Date": "Mon, 10 Feb 2025 19:49:25 GMT",
        "Server": [
          "Windows-Azure-HDFS/1.0",
          "Microsoft-HTTPAPI/2.0"
        ],
        "Transfer-Encoding": "chunked",
        "x-ms-continuation": "VBb6/7SzkLr9n1MYexh2L3NlYW5obnNjYW5hcnkBMDFEN0M1MUU5OUZFOUI0MS9maWxlc3lzdGVtNWJhNjQxYmQBMDFEQjdCRjRERUIyNEExRC9kaXJlY3Rvcnk1YmE2NDFiZC9zdWJkaXIwNWJhNjQxYmQvc3ViZmlsZTA1YmE2NDFiZBYAAAA=",
        "x-ms-namespace-enabled": "true",
        "x-ms-version": "2025-07-05"
      },
      "ResponseBody": "eyJkaXJlY3Rvcmllc1N1Y2Nlc3NmdWwiOjIsImZhaWxlZEVudHJpZXMiOltdLCJmYWlsdXJlQ291bnQiOjAsImZpbGVzU3VjY2Vzc2Z1bCI6MH0K"
    },
    {
      "RequestUri": "https://Sanitized.dfs.core.windows.net/filesystem5ba641bd/directory5ba641bd?action=setAccessControlRecursive&continuation=VBb6/7SzkLr9n1MYexh2L3NlYW5obnNjYW5hcnkBMDFEN0M1MUU5OUZFOUI0MS9maWxlc3lzdGVtNWJhNjQxYmQBMDFEQjdCRjRERUIyNEExRC9kaXJlY3Rvcnk1YmE2NDFiZC9zdWJkaXIwNWJhNjQxYmQvc3ViZmlsZTA1YmE2NDFiZBYAAAA%3D&mode=set&maxRecords=2",
      "RequestMethod": "PATCH",
      "RequestHeaders": {
        "Accept": "application/json",
        "Accept-Encoding": "gzip, deflate",
        "Content-Length": "0",
        "User-Agent": "azsdk-python-storage-dfs/12.20.0b1 Python/3.11.11 (macOS-15.3-x86_64-i386-64bit)",
        "x-ms-acl": "user::rwx,group::r-x,other::rwx",
        "x-ms-date": "Mon, 10 Feb 2025 19:49:26 GMT",
        "x-ms-version": "2025-07-05"
      },
      "RequestBody": null,
      "StatusCode": 200,
      "ResponseHeaders": {
        "Date": "Mon, 10 Feb 2025 19:49:25 GMT",
        "Server": [
          "Windows-Azure-HDFS/1.0",
          "Microsoft-HTTPAPI/2.0"
        ],
        "Transfer-Encoding": "chunked",
        "x-ms-continuation": "VBbxlKbinZix9TYYexh2L3NlYW5obnNjYW5hcnkBMDFEN0M1MUU5OUZFOUI0MS9maWxlc3lzdGVtNWJhNjQxYmQBMDFEQjdCRjRERUIyNEExRC9kaXJlY3Rvcnk1YmE2NDFiZC9zdWJkaXIwNWJhNjQxYmQvc3ViZmlsZTI1YmE2NDFiZBYAAAA=",
        "x-ms-namespace-enabled": "true",
        "x-ms-version": "2025-07-05"
      },
      "ResponseBody": "eyJkaXJlY3Rvcmllc1N1Y2Nlc3NmdWwiOjAsImZhaWxlZEVudHJpZXMiOltdLCJmYWlsdXJlQ291bnQiOjAsImZpbGVzU3VjY2Vzc2Z1bCI6Mn0K"
    },
    {
      "RequestUri": "https://Sanitized.dfs.core.windows.net/filesystem5ba641bd/directory5ba641bd?action=setAccessControlRecursive&continuation=VBbxlKbinZix9TYYexh2L3NlYW5obnNjYW5hcnkBMDFEN0M1MUU5OUZFOUI0MS9maWxlc3lzdGVtNWJhNjQxYmQBMDFEQjdCRjRERUIyNEExRC9kaXJlY3Rvcnk1YmE2NDFiZC9zdWJkaXIwNWJhNjQxYmQvc3ViZmlsZTI1YmE2NDFiZBYAAAA%3D&mode=set&maxRecords=2",
      "RequestMethod": "PATCH",
      "RequestHeaders": {
        "Accept": "application/json",
        "Accept-Encoding": "gzip, deflate",
        "Content-Length": "0",
        "User-Agent": "azsdk-python-storage-dfs/12.20.0b1 Python/3.11.11 (macOS-15.3-x86_64-i386-64bit)",
        "x-ms-acl": "user::rwx,group::r-x,other::rwx",
        "x-ms-date": "Mon, 10 Feb 2025 19:49:26 GMT",
        "x-ms-version": "2025-07-05"
      },
      "RequestBody": null,
      "StatusCode": 200,
      "ResponseHeaders": {
        "Date": "Mon, 10 Feb 2025 19:49:26 GMT",
        "Server": [
          "Windows-Azure-HDFS/1.0",
          "Microsoft-HTTPAPI/2.0"
        ],
        "Transfer-Encoding": "chunked",
        "x-ms-continuation": "VBa75K2Y4Or2k/EBGHsYdi9zZWFuaG5zY2FuYXJ5ATAxRDdDNTFFOTlGRTlCNDEvZmlsZXN5c3RlbTViYTY0MWJkATAxREI3QkY0REVCMjRBMUQvZGlyZWN0b3J5NWJhNjQxYmQvc3ViZGlyMDViYTY0MWJkL3N1YmZpbGU0NWJhNjQxYmQWAAAA",
        "x-ms-namespace-enabled": "true",
        "x-ms-version": "2025-07-05"
      },
      "ResponseBody": "eyJkaXJlY3Rvcmllc1N1Y2Nlc3NmdWwiOjAsImZhaWxlZEVudHJpZXMiOltdLCJmYWlsdXJlQ291bnQiOjAsImZpbGVzU3VjY2Vzc2Z1bCI6Mn0K"
    },
    {
      "RequestUri": "https://Sanitized.dfs.core.windows.net/filesystem5ba641bd/directory5ba641bd?action=setAccessControlRecursive&continuation=VBa75K2Y4Or2k/EBGHsYdi9zZWFuaG5zY2FuYXJ5ATAxRDdDNTFFOTlGRTlCNDEvZmlsZXN5c3RlbTViYTY0MWJkATAxREI3QkY0REVCMjRBMUQvZGlyZWN0b3J5NWJhNjQxYmQvc3ViZGlyMDViYTY0MWJkL3N1YmZpbGU0NWJhNjQxYmQWAAAA&mode=set&maxRecords=2",
      "RequestMethod": "PATCH",
      "RequestHeaders": {
        "Accept": "application/json",
        "Accept-Encoding": "gzip, deflate",
        "Content-Length": "0",
        "User-Agent": "azsdk-python-storage-dfs/12.20.0b1 Python/3.11.11 (macOS-15.3-x86_64-i386-64bit)",
        "x-ms-acl": "user::rwx,group::r-x,other::rwx",
        "x-ms-date": "Mon, 10 Feb 2025 19:49:26 GMT",
        "x-ms-version": "2025-07-05"
      },
      "RequestBody": null,
      "StatusCode": 200,
      "ResponseHeaders": {
        "Date": "Mon, 10 Feb 2025 19:49:26 GMT",
        "Server": [
          "Windows-Azure-HDFS/1.0",
          "Microsoft-HTTPAPI/2.0"
        ],
        "Transfer-Encoding": "chunked",
        "x-ms-continuation": "VBaUyrydtZX2uS4Yexh2L3NlYW5obnNjYW5hcnkBMDFEN0M1MUU5OUZFOUI0MS9maWxlc3lzdGVtNWJhNjQxYmQBMDFEQjdCRjRERUIyNEExRC9kaXJlY3Rvcnk1YmE2NDFiZC9zdWJkaXIxNWJhNjQxYmQvc3ViZmlsZTA1YmE2NDFiZBYAAAA=",
        "x-ms-namespace-enabled": "true",
        "x-ms-version": "2025-07-05"
      },
      "ResponseBody": "eyJkaXJlY3Rvcmllc1N1Y2Nlc3NmdWwiOjEsImZhaWxlZEVudHJpZXMiOltdLCJmYWlsdXJlQ291bnQiOjAsImZpbGVzU3VjY2Vzc2Z1bCI6MX0K"
    },
    {
      "RequestUri": "https://Sanitized.dfs.core.windows.net/filesystem5ba641bd/directory5ba641bd?action=setAccessControlRecursive&continuation=VBaUyrydtZX2uS4Yexh2L3NlYW5obnNjYW5hcnkBMDFEN0M1MUU5OUZFOUI0MS9maWxlc3lzdGVtNWJhNjQxYmQBMDFEQjdCRjRERUIyNEExRC9kaXJlY3Rvcnk1YmE2NDFiZC9zdWJkaXIxNWJhNjQxYmQvc3ViZmlsZTA1YmE2NDFiZBYAAAA%3D&mode=set&maxRecords=2",
      "RequestMethod": "PATCH",
      "RequestHeaders": {
        "Accept": "application/json",
        "Accept-Encoding": "gzip, deflate",
        "Content-Length": "0",
        "User-Agent": "azsdk-python-storage-dfs/12.20.0b1 Python/3.11.11 (macOS-15.3-x86_64-i386-64bit)",
        "x-ms-acl": "user::rwx,group::r-x,other::rwx",
        "x-ms-date": "Mon, 10 Feb 2025 19:49:27 GMT",
        "x-ms-version": "2025-07-05"
      },
      "RequestBody": null,
      "StatusCode": 200,
      "ResponseHeaders": {
        "Date": "Mon, 10 Feb 2025 19:49:26 GMT",
        "Server": [
          "Windows-Azure-HDFS/1.0",
          "Microsoft-HTTPAPI/2.0"
        ],
        "Transfer-Encoding": "chunked",
        "x-ms-continuation": "VBafoa7MuLe600sYexh2L3NlYW5obnNjYW5hcnkBMDFEN0M1MUU5OUZFOUI0MS9maWxlc3lzdGVtNWJhNjQxYmQBMDFEQjdCRjRERUIyNEExRC9kaXJlY3Rvcnk1YmE2NDFiZC9zdWJkaXIxNWJhNjQxYmQvc3ViZmlsZTI1YmE2NDFiZBYAAAA=",
        "x-ms-namespace-enabled": "true",
        "x-ms-version": "2025-07-05"
      },
      "ResponseBody": "eyJkaXJlY3Rvcmllc1N1Y2Nlc3NmdWwiOjAsImZhaWxlZEVudHJpZXMiOltdLCJmYWlsdXJlQ291bnQiOjAsImZpbGVzU3VjY2Vzc2Z1bCI6Mn0K"
    },
    {
      "RequestUri": "https://Sanitized.dfs.core.windows.net/filesystem5ba641bd/directory5ba641bd?action=setAccessControlRecursive&continuation=VBafoa7MuLe600sYexh2L3NlYW5obnNjYW5hcnkBMDFEN0M1MUU5OUZFOUI0MS9maWxlc3lzdGVtNWJhNjQxYmQBMDFEQjdCRjRERUIyNEExRC9kaXJlY3Rvcnk1YmE2NDFiZC9zdWJkaXIxNWJhNjQxYmQvc3ViZmlsZTI1YmE2NDFiZBYAAAA%3D&mode=set&maxRecords=2",
      "RequestMethod": "PATCH",
      "RequestHeaders": {
        "Accept": "application/json",
        "Accept-Encoding": "gzip, deflate",
        "Content-Length": "0",
        "User-Agent": "azsdk-python-storage-dfs/12.20.0b1 Python/3.11.11 (macOS-15.3-x86_64-i386-64bit)",
        "x-ms-acl": "user::rwx,group::r-x,other::rwx",
        "x-ms-date": "Mon, 10 Feb 2025 19:49:27 GMT",
        "x-ms-version": "2025-07-05"
      },
      "RequestBody": null,
      "StatusCode": 200,
      "ResponseHeaders": {
        "Date": "Mon, 10 Feb 2025 19:49:26 GMT",
        "Server": [
          "Windows-Azure-HDFS/1.0",
          "Microsoft-HTTPAPI/2.0"
        ],
        "Transfer-Encoding": "chunked",
        "x-ms-continuation": "VBbV0aW2xcX9tYwBGHsYdi9zZWFuaG5zY2FuYXJ5ATAxRDdDNTFFOTlGRTlCNDEvZmlsZXN5c3RlbTViYTY0MWJkATAxREI3QkY0REVCMjRBMUQvZGlyZWN0b3J5NWJhNjQxYmQvc3ViZGlyMTViYTY0MWJkL3N1YmZpbGU0NWJhNjQxYmQWAAAA",
        "x-ms-namespace-enabled": "true",
        "x-ms-version": "2025-07-05"
      },
      "ResponseBody": "eyJkaXJlY3Rvcmllc1N1Y2Nlc3NmdWwiOjAsImZhaWxlZEVudHJpZXMiOltdLCJmYWlsdXJlQ291bnQiOjAsImZpbGVzU3VjY2Vzc2Z1bCI6Mn0K"
    },
    {
      "RequestUri": "https://Sanitized.dfs.core.windows.net/filesystem5ba641bd/directory5ba641bd?action=setAccessControlRecursive&continuation=VBbV0aW2xcX9tYwBGHsYdi9zZWFuaG5zY2FuYXJ5ATAxRDdDNTFFOTlGRTlCNDEvZmlsZXN5c3RlbTViYTY0MWJkATAxREI3QkY0REVCMjRBMUQvZGlyZWN0b3J5NWJhNjQxYmQvc3ViZGlyMTViYTY0MWJkL3N1YmZpbGU0NWJhNjQxYmQWAAAA&mode=set&maxRecords=2",
      "RequestMethod": "PATCH",
      "RequestHeaders": {
        "Accept": "application/json",
        "Accept-Encoding": "gzip, deflate",
        "Content-Length": "0",
        "User-Agent": "azsdk-python-storage-dfs/12.20.0b1 Python/3.11.11 (macOS-15.3-x86_64-i386-64bit)",
        "x-ms-acl": "user::rwx,group::r-x,other::rwx",
        "x-ms-date": "Mon, 10 Feb 2025 19:49:27 GMT",
        "x-ms-version": "2025-07-05"
      },
      "RequestBody": null,
      "StatusCode": 200,
      "ResponseHeaders": {
        "Date": "Mon, 10 Feb 2025 19:49:27 GMT",
        "Server": [
          "Windows-Azure-HDFS/1.0",
          "Microsoft-HTTPAPI/2.0"
        ],
        "Transfer-Encoding": "chunked",
        "x-ms-continuation": "VBamlKTv2uTr06kBGHsYdi9zZWFuaG5zY2FuYXJ5ATAxRDdDNTFFOTlGRTlCNDEvZmlsZXN5c3RlbTViYTY0MWJkATAxREI3QkY0REVCMjRBMUQvZGlyZWN0b3J5NWJhNjQxYmQvc3ViZGlyMjViYTY0MWJkL3N1YmZpbGUwNWJhNjQxYmQWAAAA",
        "x-ms-namespace-enabled": "true",
        "x-ms-version": "2025-07-05"
      },
      "ResponseBody": "eyJkaXJlY3Rvcmllc1N1Y2Nlc3NmdWwiOjEsImZhaWxlZEVudHJpZXMiOltdLCJmYWlsdXJlQ291bnQiOjAsImZpbGVzU3VjY2Vzc2Z1bCI6MX0K"
    },
    {
      "RequestUri": "https://Sanitized.dfs.core.windows.net/filesystem5ba641bd/directory5ba641bd?action=setAccessControlRecursive&continuation=VBamlKTv2uTr06kBGHsYdi9zZWFuaG5zY2FuYXJ5ATAxRDdDNTFFOTlGRTlCNDEvZmlsZXN5c3RlbTViYTY0MWJkATAxREI3QkY0REVCMjRBMUQvZGlyZWN0b3J5NWJhNjQxYmQvc3ViZGlyMjViYTY0MWJkL3N1YmZpbGUwNWJhNjQxYmQWAAAA&mode=set&maxRecords=2",
      "RequestMethod": "PATCH",
      "RequestHeaders": {
        "Accept": "application/json",
        "Accept-Encoding": "gzip, deflate",
        "Content-Length": "0",
        "User-Agent": "azsdk-python-storage-dfs/12.20.0b1 Python/3.11.11 (macOS-15.3-x86_64-i386-64bit)",
        "x-ms-acl": "user::rwx,group::r-x,other::rwx",
        "x-ms-date": "Mon, 10 Feb 2025 19:49:28 GMT",
        "x-ms-version": "2025-07-05"
      },
      "RequestBody": null,
      "StatusCode": 200,
      "ResponseHeaders": {
        "Date": "Mon, 10 Feb 2025 19:49:27 GMT",
        "Server": [
          "Windows-Azure-HDFS/1.0",
          "Microsoft-HTTPAPI/2.0"
        ],
        "Transfer-Encoding": "chunked",
        "x-ms-continuation": "VBat/7a+18anucwBGHsYdi9zZWFuaG5zY2FuYXJ5ATAxRDdDNTFFOTlGRTlCNDEvZmlsZXN5c3RlbTViYTY0MWJkATAxREI3QkY0REVCMjRBMUQvZGlyZWN0b3J5NWJhNjQxYmQvc3ViZGlyMjViYTY0MWJkL3N1YmZpbGUyNWJhNjQxYmQWAAAA",
        "x-ms-namespace-enabled": "true",
        "x-ms-version": "2025-07-05"
      },
      "ResponseBody": "eyJkaXJlY3Rvcmllc1N1Y2Nlc3NmdWwiOjAsImZhaWxlZEVudHJpZXMiOltdLCJmYWlsdXJlQ291bnQiOjAsImZpbGVzU3VjY2Vzc2Z1bCI6Mn0K"
    },
    {
      "RequestUri": "https://Sanitized.dfs.core.windows.net/filesystem5ba641bd/directory5ba641bd?action=setAccessControlRecursive&continuation=VBat/7a%2B18anucwBGHsYdi9zZWFuaG5zY2FuYXJ5ATAxRDdDNTFFOTlGRTlCNDEvZmlsZXN5c3RlbTViYTY0MWJkATAxREI3QkY0REVCMjRBMUQvZGlyZWN0b3J5NWJhNjQxYmQvc3ViZGlyMjViYTY0MWJkL3N1YmZpbGUyNWJhNjQxYmQWAAAA&mode=set&maxRecords=2",
      "RequestMethod": "PATCH",
      "RequestHeaders": {
        "Accept": "application/json",
        "Accept-Encoding": "gzip, deflate",
        "Content-Length": "0",
        "User-Agent": "azsdk-python-storage-dfs/12.20.0b1 Python/3.11.11 (macOS-15.3-x86_64-i386-64bit)",
        "x-ms-acl": "user::rwx,group::r-x,other::rwx",
        "x-ms-date": "Mon, 10 Feb 2025 19:49:28 GMT",
        "x-ms-version": "2025-07-05"
      },
      "RequestBody": null,
      "StatusCode": 200,
      "ResponseHeaders": {
        "Date": "Mon, 10 Feb 2025 19:49:27 GMT",
        "Server": [
          "Windows-Azure-HDFS/1.0",
          "Microsoft-HTTPAPI/2.0"
        ],
        "Transfer-Encoding": "chunked",
        "x-ms-continuation": "VBbnj73EqrTg3wsYexh2L3NlYW5obnNjYW5hcnkBMDFEN0M1MUU5OUZFOUI0MS9maWxlc3lzdGVtNWJhNjQxYmQBMDFEQjdCRjRERUIyNEExRC9kaXJlY3Rvcnk1YmE2NDFiZC9zdWJkaXIyNWJhNjQxYmQvc3ViZmlsZTQ1YmE2NDFiZBYAAAA=",
        "x-ms-namespace-enabled": "true",
        "x-ms-version": "2025-07-05"
      },
      "ResponseBody": "eyJkaXJlY3Rvcmllc1N1Y2Nlc3NmdWwiOjAsImZhaWxlZEVudHJpZXMiOltdLCJmYWlsdXJlQ291bnQiOjAsImZpbGVzU3VjY2Vzc2Z1bCI6Mn0K"
    },
    {
      "RequestUri": "https://Sanitized.dfs.core.windows.net/filesystem5ba641bd/directory5ba641bd?action=setAccessControlRecursive&continuation=VBbnj73EqrTg3wsYexh2L3NlYW5obnNjYW5hcnkBMDFEN0M1MUU5OUZFOUI0MS9maWxlc3lzdGVtNWJhNjQxYmQBMDFEQjdCRjRERUIyNEExRC9kaXJlY3Rvcnk1YmE2NDFiZC9zdWJkaXIyNWJhNjQxYmQvc3ViZmlsZTQ1YmE2NDFiZBYAAAA%3D&mode=set&maxRecords=2",
      "RequestMethod": "PATCH",
      "RequestHeaders": {
        "Accept": "application/json",
        "Accept-Encoding": "gzip, deflate",
        "Content-Length": "0",
        "User-Agent": "azsdk-python-storage-dfs/12.20.0b1 Python/3.11.11 (macOS-15.3-x86_64-i386-64bit)",
        "x-ms-acl": "user::rwx,group::r-x,other::rwx",
        "x-ms-date": "Mon, 10 Feb 2025 19:49:28 GMT",
        "x-ms-version": "2025-07-05"
      },
      "RequestBody": null,
      "StatusCode": 200,
      "ResponseHeaders": {
        "Date": "Mon, 10 Feb 2025 19:49:28 GMT",
        "Server": [
          "Windows-Azure-HDFS/1.0",
          "Microsoft-HTTPAPI/2.0"
        ],
        "Transfer-Encoding": "chunked",
        "x-ms-continuation": "VBbIoazB/8vg9dQBGHsYdi9zZWFuaG5zY2FuYXJ5ATAxRDdDNTFFOTlGRTlCNDEvZmlsZXN5c3RlbTViYTY0MWJkATAxREI3QkY0REVCMjRBMUQvZGlyZWN0b3J5NWJhNjQxYmQvc3ViZGlyMzViYTY0MWJkL3N1YmZpbGUwNWJhNjQxYmQWAAAA",
        "x-ms-namespace-enabled": "true",
        "x-ms-version": "2025-07-05"
      },
      "ResponseBody": "eyJkaXJlY3Rvcmllc1N1Y2Nlc3NmdWwiOjEsImZhaWxlZEVudHJpZXMiOltdLCJmYWlsdXJlQ291bnQiOjAsImZpbGVzU3VjY2Vzc2Z1bCI6MX0K"
    },
    {
      "RequestUri": "https://Sanitized.dfs.core.windows.net/filesystem5ba641bd/directory5ba641bd?action=setAccessControlRecursive&continuation=VBbIoazB/8vg9dQBGHsYdi9zZWFuaG5zY2FuYXJ5ATAxRDdDNTFFOTlGRTlCNDEvZmlsZXN5c3RlbTViYTY0MWJkATAxREI3QkY0REVCMjRBMUQvZGlyZWN0b3J5NWJhNjQxYmQvc3ViZGlyMzViYTY0MWJkL3N1YmZpbGUwNWJhNjQxYmQWAAAA&mode=set&maxRecords=2",
      "RequestMethod": "PATCH",
      "RequestHeaders": {
        "Accept": "application/json",
        "Accept-Encoding": "gzip, deflate",
        "Content-Length": "0",
        "User-Agent": "azsdk-python-storage-dfs/12.20.0b1 Python/3.11.11 (macOS-15.3-x86_64-i386-64bit)",
        "x-ms-acl": "user::rwx,group::r-x,other::rwx",
        "x-ms-date": "Mon, 10 Feb 2025 19:49:28 GMT",
        "x-ms-version": "2025-07-05"
      },
      "RequestBody": null,
      "StatusCode": 200,
      "ResponseHeaders": {
        "Date": "Mon, 10 Feb 2025 19:49:28 GMT",
        "Server": [
          "Windows-Azure-HDFS/1.0",
          "Microsoft-HTTPAPI/2.0"
        ],
        "Transfer-Encoding": "chunked",
        "x-ms-continuation": "VBbDyr6Q8umsn7EBGHsYdi9zZWFuaG5zY2FuYXJ5ATAxRDdDNTFFOTlGRTlCNDEvZmlsZXN5c3RlbTViYTY0MWJkATAxREI3QkY0REVCMjRBMUQvZGlyZWN0b3J5NWJhNjQxYmQvc3ViZGlyMzViYTY0MWJkL3N1YmZpbGUyNWJhNjQxYmQWAAAA",
        "x-ms-namespace-enabled": "true",
        "x-ms-version": "2025-07-05"
      },
      "ResponseBody": "eyJkaXJlY3Rvcmllc1N1Y2Nlc3NmdWwiOjAsImZhaWxlZEVudHJpZXMiOltdLCJmYWlsdXJlQ291bnQiOjAsImZpbGVzU3VjY2Vzc2Z1bCI6Mn0K"
    },
    {
      "RequestUri": "https://Sanitized.dfs.core.windows.net/filesystem5ba641bd/directory5ba641bd?action=setAccessControlRecursive&continuation=VBbDyr6Q8umsn7EBGHsYdi9zZWFuaG5zY2FuYXJ5ATAxRDdDNTFFOTlGRTlCNDEvZmlsZXN5c3RlbTViYTY0MWJkATAxREI3QkY0REVCMjRBMUQvZGlyZWN0b3J5NWJhNjQxYmQvc3ViZGlyMzViYTY0MWJkL3N1YmZpbGUyNWJhNjQxYmQWAAAA&mode=set&maxRecords=2",
      "RequestMethod": "PATCH",
      "RequestHeaders": {
        "Accept": "application/json",
        "Accept-Encoding": "gzip, deflate",
        "Content-Length": "0",
        "User-Agent": "azsdk-python-storage-dfs/12.20.0b1 Python/3.11.11 (macOS-15.3-x86_64-i386-64bit)",
        "x-ms-acl": "user::rwx,group::r-x,other::rwx",
        "x-ms-date": "Mon, 10 Feb 2025 19:49:29 GMT",
        "x-ms-version": "2025-07-05"
      },
      "RequestBody": null,
      "StatusCode": 200,
      "ResponseHeaders": {
        "Date": "Mon, 10 Feb 2025 19:49:28 GMT",
        "Server": [
          "Windows-Azure-HDFS/1.0",
          "Microsoft-HTTPAPI/2.0"
        ],
        "Transfer-Encoding": "chunked",
        "x-ms-continuation": "VBaJurXqj5vr+XYYexh2L3NlYW5obnNjYW5hcnkBMDFEN0M1MUU5OUZFOUI0MS9maWxlc3lzdGVtNWJhNjQxYmQBMDFEQjdCRjRERUIyNEExRC9kaXJlY3Rvcnk1YmE2NDFiZC9zdWJkaXIzNWJhNjQxYmQvc3ViZmlsZTQ1YmE2NDFiZBYAAAA=",
        "x-ms-namespace-enabled": "true",
        "x-ms-version": "2025-07-05"
      },
      "ResponseBody": "eyJkaXJlY3Rvcmllc1N1Y2Nlc3NmdWwiOjAsImZhaWxlZEVudHJpZXMiOltdLCJmYWlsdXJlQ291bnQiOjAsImZpbGVzU3VjY2Vzc2Z1bCI6Mn0K"
    },
    {
      "RequestUri": "https://Sanitized.dfs.core.windows.net/filesystem5ba641bd/directory5ba641bd?action=setAccessControlRecursive&continuation=VBaJurXqj5vr%2BXYYexh2L3NlYW5obnNjYW5hcnkBMDFEN0M1MUU5OUZFOUI0MS9maWxlc3lzdGVtNWJhNjQxYmQBMDFEQjdCRjRERUIyNEExRC9kaXJlY3Rvcnk1YmE2NDFiZC9zdWJkaXIzNWJhNjQxYmQvc3ViZmlsZTQ1YmE2NDFiZBYAAAA%3D&mode=set&maxRecords=2",
      "RequestMethod": "PATCH",
      "RequestHeaders": {
        "Accept": "application/json",
        "Accept-Encoding": "gzip, deflate",
        "Content-Length": "0",
        "User-Agent": "azsdk-python-storage-dfs/12.20.0b1 Python/3.11.11 (macOS-15.3-x86_64-i386-64bit)",
        "x-ms-acl": "user::rwx,group::r-x,other::rwx",
        "x-ms-date": "Mon, 10 Feb 2025 19:49:29 GMT",
        "x-ms-version": "2025-07-05"
      },
      "RequestBody": null,
      "StatusCode": 200,
      "ResponseHeaders": {
        "Date": "Mon, 10 Feb 2025 19:49:28 GMT",
        "Server": [
          "Windows-Azure-HDFS/1.0",
          "Microsoft-HTTPAPI/2.0"
        ],
        "Transfer-Encoding": "chunked",
        "x-ms-continuation": "VBa91+r0+viv+FkYexh2L3NlYW5obnNjYW5hcnkBMDFEN0M1MUU5OUZFOUI0MS9maWxlc3lzdGVtNWJhNjQxYmQBMDFEQjdCRjRERUIyNEExRC9kaXJlY3Rvcnk1YmE2NDFiZC9zdWJkaXI0NWJhNjQxYmQvc3ViZmlsZTA1YmE2NDFiZBYAAAA=",
        "x-ms-namespace-enabled": "true",
        "x-ms-version": "2025-07-05"
      },
      "ResponseBody": "eyJkaXJlY3Rvcmllc1N1Y2Nlc3NmdWwiOjEsImZhaWxlZEVudHJpZXMiOltdLCJmYWlsdXJlQ291bnQiOjAsImZpbGVzU3VjY2Vzc2Z1bCI6MX0K"
    },
    {
      "RequestUri": "https://Sanitized.dfs.core.windows.net/filesystem5ba641bd/directory5ba641bd?action=setAccessControlRecursive&continuation=VBa91%2Br0%2Bviv%2BFkYexh2L3NlYW5obnNjYW5hcnkBMDFEN0M1MUU5OUZFOUI0MS9maWxlc3lzdGVtNWJhNjQxYmQBMDFEQjdCRjRERUIyNEExRC9kaXJlY3Rvcnk1YmE2NDFiZC9zdWJkaXI0NWJhNjQxYmQvc3ViZmlsZTA1YmE2NDFiZBYAAAA%3D&mode=set&maxRecords=2",
      "RequestMethod": "PATCH",
      "RequestHeaders": {
        "Accept": "application/json",
        "Accept-Encoding": "gzip, deflate",
        "Content-Length": "0",
        "User-Agent": "azsdk-python-storage-dfs/12.20.0b1 Python/3.11.11 (macOS-15.3-x86_64-i386-64bit)",
        "x-ms-acl": "user::rwx,group::r-x,other::rwx",
        "x-ms-date": "Mon, 10 Feb 2025 19:49:29 GMT",
        "x-ms-version": "2025-07-05"
      },
      "RequestBody": null,
      "StatusCode": 200,
      "ResponseHeaders": {
        "Date": "Mon, 10 Feb 2025 19:49:29 GMT",
        "Server": [
          "Windows-Azure-HDFS/1.0",
          "Microsoft-HTTPAPI/2.0"
        ],
        "Transfer-Encoding": "chunked",
        "x-ms-continuation": "VBa2vPil99rjkjwYexh2L3NlYW5obnNjYW5hcnkBMDFEN0M1MUU5OUZFOUI0MS9maWxlc3lzdGVtNWJhNjQxYmQBMDFEQjdCRjRERUIyNEExRC9kaXJlY3Rvcnk1YmE2NDFiZC9zdWJkaXI0NWJhNjQxYmQvc3ViZmlsZTI1YmE2NDFiZBYAAAA=",
        "x-ms-namespace-enabled": "true",
        "x-ms-version": "2025-07-05"
      },
      "ResponseBody": "eyJkaXJlY3Rvcmllc1N1Y2Nlc3NmdWwiOjAsImZhaWxlZEVudHJpZXMiOltdLCJmYWlsdXJlQ291bnQiOjAsImZpbGVzU3VjY2Vzc2Z1bCI6Mn0K"
    },
    {
      "RequestUri": "https://Sanitized.dfs.core.windows.net/filesystem5ba641bd/directory5ba641bd?action=setAccessControlRecursive&continuation=VBa2vPil99rjkjwYexh2L3NlYW5obnNjYW5hcnkBMDFEN0M1MUU5OUZFOUI0MS9maWxlc3lzdGVtNWJhNjQxYmQBMDFEQjdCRjRERUIyNEExRC9kaXJlY3Rvcnk1YmE2NDFiZC9zdWJkaXI0NWJhNjQxYmQvc3ViZmlsZTI1YmE2NDFiZBYAAAA%3D&mode=set&maxRecords=2",
      "RequestMethod": "PATCH",
      "RequestHeaders": {
        "Accept": "application/json",
        "Accept-Encoding": "gzip, deflate",
        "Content-Length": "0",
        "User-Agent": "azsdk-python-storage-dfs/12.20.0b1 Python/3.11.11 (macOS-15.3-x86_64-i386-64bit)",
        "x-ms-acl": "user::rwx,group::r-x,other::rwx",
        "x-ms-date": "Mon, 10 Feb 2025 19:49:29 GMT",
        "x-ms-version": "2025-07-05"
      },
      "RequestBody": null,
      "StatusCode": 200,
      "ResponseHeaders": {
        "Date": "Mon, 10 Feb 2025 19:49:29 GMT",
        "Server": [
          "Windows-Azure-HDFS/1.0",
          "Microsoft-HTTPAPI/2.0"
        ],
        "Transfer-Encoding": "chunked",
        "x-ms-continuation": "VBb8zPPfiqik9PsBGHsYdi9zZWFuaG5zY2FuYXJ5ATAxRDdDNTFFOTlGRTlCNDEvZmlsZXN5c3RlbTViYTY0MWJkATAxREI3QkY0REVCMjRBMUQvZGlyZWN0b3J5NWJhNjQxYmQvc3ViZGlyNDViYTY0MWJkL3N1YmZpbGU0NWJhNjQxYmQWAAAA",
        "x-ms-namespace-enabled": "true",
        "x-ms-version": "2025-07-05"
      },
      "ResponseBody": "eyJkaXJlY3Rvcmllc1N1Y2Nlc3NmdWwiOjAsImZhaWxlZEVudHJpZXMiOltdLCJmYWlsdXJlQ291bnQiOjAsImZpbGVzU3VjY2Vzc2Z1bCI6Mn0K"
    },
    {
      "RequestUri": "https://Sanitized.dfs.core.windows.net/filesystem5ba641bd/directory5ba641bd?action=setAccessControlRecursive&continuation=VBb8zPPfiqik9PsBGHsYdi9zZWFuaG5zY2FuYXJ5ATAxRDdDNTFFOTlGRTlCNDEvZmlsZXN5c3RlbTViYTY0MWJkATAxREI3QkY0REVCMjRBMUQvZGlyZWN0b3J5NWJhNjQxYmQvc3ViZGlyNDViYTY0MWJkL3N1YmZpbGU0NWJhNjQxYmQWAAAA&mode=set&maxRecords=2",
      "RequestMethod": "PATCH",
      "RequestHeaders": {
        "Accept": "application/json",
        "Accept-Encoding": "gzip, deflate",
        "Content-Length": "0",
        "User-Agent": "azsdk-python-storage-dfs/12.20.0b1 Python/3.11.11 (macOS-15.3-x86_64-i386-64bit)",
        "x-ms-acl": "user::rwx,group::r-x,other::rwx",
        "x-ms-date": "Mon, 10 Feb 2025 19:49:30 GMT",
        "x-ms-version": "2025-07-05"
      },
      "RequestBody": null,
      "StatusCode": 200,
      "ResponseHeaders": {
        "Date": "Mon, 10 Feb 2025 19:49:29 GMT",
        "Server": [
          "Windows-Azure-HDFS/1.0",
          "Microsoft-HTTPAPI/2.0"
        ],
        "Transfer-Encoding": "chunked",
        "x-ms-namespace-enabled": "true",
        "x-ms-version": "2025-07-05"
      },
      "ResponseBody": "eyJkaXJlY3Rvcmllc1N1Y2Nlc3NmdWwiOjAsImZhaWxlZEVudHJpZXMiOltdLCJmYWlsdXJlQ291bnQiOjAsImZpbGVzU3VjY2Vzc2Z1bCI6MX0K"
    },
    {
      "RequestUri": "https://Sanitized.dfs.core.windows.net/filesystem5ba641bd/directory5ba641bd?action=getAccessControl&upn=false",
      "RequestMethod": "HEAD",
      "RequestHeaders": {
        "Accept": "application/json",
        "Accept-Encoding": "gzip, deflate",
        "User-Agent": "azsdk-python-storage-dfs/12.20.0b1 Python/3.11.11 (macOS-15.3-x86_64-i386-64bit)",
        "x-ms-date": "Mon, 10 Feb 2025 19:49:30 GMT",
        "x-ms-version": "2025-07-05"
      },
      "RequestBody": null,
      "StatusCode": 200,
      "ResponseHeaders": {
        "Date": "Mon, 10 Feb 2025 19:49:29 GMT",
        "ETag": "\"0x8DD4A0C01560C84\"",
        "Last-Modified": "Mon, 10 Feb 2025 19:49:17 GMT",
        "Server": [
          "Windows-Azure-HDFS/1.0",
          "Microsoft-HTTPAPI/2.0"
        ],
        "x-ms-acl": "user::rwx,group::r-x,other::rwx",
        "x-ms-group": "$superuser",
        "x-ms-owner": "$superuser",
        "x-ms-permissions": "rwxr-xrwx",
        "x-ms-version": "2025-07-05"
      },
      "ResponseBody": null
    }
  ],
  "Variables": {}
}
