{
  "Entries": [
    {
      "RequestUri": "https://endpoint/language/analyze-text/jobs?api-version=2022-10-01-preview",
      "RequestMethod": "POST",
      "RequestHeaders": {
        "Accept": "application/json",
        "Accept-Encoding": "gzip, deflate, br",
        "Accept-Language": "en-US",
        "Connection": "keep-alive",
        "Content-Length": "408",
        "Content-Type": "application/json",
        "ocp-apim-subscription-key": "api_key",
        "Referer": "http://localhost:9876/",
        "sec-ch-ua": "",
        "sec-ch-ua-mobile": "?0",
        "sec-ch-ua-platform": "\u0022\u0022",
        "Sec-Fetch-Dest": "empty",
        "Sec-Fetch-Mode": "cors",
        "Sec-Fetch-Site": "same-site",
        "User-Agent": "Mozilla/5.0 (Windows NT 10.0; Win64; x64) AppleWebKit/537.36 (KHTML, like Gecko) HeadlessChrome/112.0.5614.0 Safari/537.36",
        "x-ms-client-request-id": "6d93cd35-60c2-4622-b9d3-526df7fd093d",
        "x-ms-useragent": "azsdk-js-ai-language-text/1.1.0-beta.3 core-rest-pipeline/1.10.4 OS"
      },
      "RequestBody": {
        "analysisInput": {
          "documents": [
            {
              "id": "0",
              "text": "Patient does not suffer from high blood pressure.",
              "language": "en"
            },
            {
              "id": "1",
              "text": "Prescribed 100mg ibuprofen, taken twice daily.",
              "language": "en"
            }
          ]
        },
        "tasks": [
          {
            "kind": "Healthcare",
            "parameters": {}
          },
          {
            "kind": "EntityRecognition",
            "parameters": {}
          },
          {
            "kind": "PiiEntityRecognition",
            "parameters": {}
          },
          {
            "kind": "SentimentAnalysis",
            "parameters": {
              "opinionMining": true
            }
          }
        ]
      },
      "StatusCode": 202,
      "ResponseHeaders": {
        "apim-request-id": "23815762-7fd7-49e4-869f-6afc39cf12fe",
        "Content-Length": "0",
        "Date": "Tue, 16 May 2023 15:59:47 GMT",
        "operation-location": "https://endpointlanguage/analyze-text/jobs/233daff0-7f5a-4a72-88f2-94f8070b6143?api-version=2022-10-01-preview",
        "Strict-Transport-Security": "max-age=31536000; includeSubDomains; preload",
        "X-Content-Type-Options": "nosniff",
        "x-envoy-upstream-service-time": "402",
        "x-ms-region": "East US"
      },
      "ResponseBody": null
    },
    {
      "RequestUri": "https://endpointlanguage/analyze-text/jobs/233daff0-7f5a-4a72-88f2-94f8070b6143?api-version=2022-10-01-preview",
      "RequestMethod": "GET",
      "RequestHeaders": {
        "Accept": "application/json",
        "Accept-Encoding": "gzip, deflate, br",
        "Accept-Language": "en-US",
        "Connection": "keep-alive",
        "ocp-apim-subscription-key": "api_key",
        "Referer": "http://localhost:9876/",
        "sec-ch-ua": "",
        "sec-ch-ua-mobile": "?0",
        "sec-ch-ua-platform": "\u0022\u0022",
        "Sec-Fetch-Dest": "empty",
        "Sec-Fetch-Mode": "cors",
        "Sec-Fetch-Site": "same-site",
        "User-Agent": "Mozilla/5.0 (Windows NT 10.0; Win64; x64) AppleWebKit/537.36 (KHTML, like Gecko) HeadlessChrome/112.0.5614.0 Safari/537.36",
        "x-ms-client-request-id": "dd1f364b-2a0d-466b-bf83-968fdf99e122",
        "x-ms-useragent": "azsdk-js-ai-language-text/1.1.0-beta.3 core-rest-pipeline/1.10.4 OS"
      },
      "RequestBody": null,
      "StatusCode": 200,
      "ResponseHeaders": {
        "apim-request-id": "a1a786cf-d568-4985-8fb9-b7cd88913fbd",
        "Content-Length": "280",
        "Content-Type": "application/json; charset=utf-8",
        "Date": "Tue, 16 May 2023 15:59:47 GMT",
        "Strict-Transport-Security": "max-age=31536000; includeSubDomains; preload",
        "X-Content-Type-Options": "nosniff",
        "x-envoy-upstream-service-time": "9",
        "x-ms-region": "East US"
      },
      "ResponseBody": {
        "jobId": "233daff0-7f5a-4a72-88f2-94f8070b6143",
        "lastUpdatedDateTime": "2023-05-16T15:59:48Z",
        "createdDateTime": "2023-05-16T15:59:48Z",
        "expirationDateTime": "2023-05-17T15:59:48Z",
        "status": "running",
        "errors": [],
        "tasks": {
          "completed": 0,
          "failed": 0,
          "inProgress": 4,
          "total": 4,
          "items": []
        }
      }
    },
    {
      "RequestUri": "https://endpointlanguage/analyze-text/jobs/233daff0-7f5a-4a72-88f2-94f8070b6143?api-version=2022-10-01-preview",
      "RequestMethod": "GET",
      "RequestHeaders": {
        "Accept": "application/json",
        "Accept-Encoding": "gzip, deflate, br",
        "Accept-Language": "en-US",
        "Connection": "keep-alive",
        "ocp-apim-subscription-key": "api_key",
        "Referer": "http://localhost:9876/",
        "sec-ch-ua": "",
        "sec-ch-ua-mobile": "?0",
        "sec-ch-ua-platform": "\u0022\u0022",
        "Sec-Fetch-Dest": "empty",
        "Sec-Fetch-Mode": "cors",
        "Sec-Fetch-Site": "same-site",
        "User-Agent": "Mozilla/5.0 (Windows NT 10.0; Win64; x64) AppleWebKit/537.36 (KHTML, like Gecko) HeadlessChrome/112.0.5614.0 Safari/537.36",
        "x-ms-client-request-id": "bbc6a41b-4cdd-4be1-922a-a3830720504b",
        "x-ms-useragent": "azsdk-js-ai-language-text/1.1.0-beta.3 core-rest-pipeline/1.10.4 OS"
      },
      "RequestBody": null,
      "StatusCode": 200,
      "ResponseHeaders": {
        "apim-request-id": "8dfa164c-8253-48a5-8c5a-1155815c8e4b",
        "Content-Length": "280",
        "Content-Type": "application/json; charset=utf-8",
        "Date": "Tue, 16 May 2023 15:59:48 GMT",
        "Strict-Transport-Security": "max-age=31536000; includeSubDomains; preload",
        "X-Content-Type-Options": "nosniff",
        "x-envoy-upstream-service-time": "14",
        "x-ms-region": "East US"
      },
      "ResponseBody": {
        "jobId": "233daff0-7f5a-4a72-88f2-94f8070b6143",
        "lastUpdatedDateTime": "2023-05-16T15:59:48Z",
        "createdDateTime": "2023-05-16T15:59:48Z",
        "expirationDateTime": "2023-05-17T15:59:48Z",
        "status": "running",
        "errors": [],
        "tasks": {
          "completed": 0,
          "failed": 0,
          "inProgress": 4,
          "total": 4,
          "items": []
        }
      }
    },
    {
      "RequestUri": "https://endpointlanguage/analyze-text/jobs/233daff0-7f5a-4a72-88f2-94f8070b6143?api-version=2022-10-01-preview",
      "RequestMethod": "GET",
      "RequestHeaders": {
        "Accept": "application/json",
        "Accept-Encoding": "gzip, deflate, br",
        "Accept-Language": "en-US",
        "Connection": "keep-alive",
        "ocp-apim-subscription-key": "api_key",
        "Referer": "http://localhost:9876/",
        "sec-ch-ua": "",
        "sec-ch-ua-mobile": "?0",
        "sec-ch-ua-platform": "\u0022\u0022",
        "Sec-Fetch-Dest": "empty",
        "Sec-Fetch-Mode": "cors",
        "Sec-Fetch-Site": "same-site",
        "User-Agent": "Mozilla/5.0 (Windows NT 10.0; Win64; x64) AppleWebKit/537.36 (KHTML, like Gecko) HeadlessChrome/112.0.5614.0 Safari/537.36",
        "x-ms-client-request-id": "9847f4e2-75f2-4073-8df2-8e43f37f0354",
        "x-ms-useragent": "azsdk-js-ai-language-text/1.1.0-beta.3 core-rest-pipeline/1.10.4 OS"
      },
      "RequestBody": null,
      "StatusCode": 200,
      "ResponseHeaders": {
        "apim-request-id": "41203c6b-62ab-4e71-a45a-5c51887b1e8d",
        "Content-Length": "280",
        "Content-Type": "application/json; charset=utf-8",
        "Date": "Tue, 16 May 2023 15:59:48 GMT",
        "Strict-Transport-Security": "max-age=31536000; includeSubDomains; preload",
        "X-Content-Type-Options": "nosniff",
        "x-envoy-upstream-service-time": "11",
        "x-ms-region": "East US"
      },
      "ResponseBody": {
        "jobId": "233daff0-7f5a-4a72-88f2-94f8070b6143",
        "lastUpdatedDateTime": "2023-05-16T15:59:48Z",
        "createdDateTime": "2023-05-16T15:59:48Z",
        "expirationDateTime": "2023-05-17T15:59:48Z",
        "status": "running",
        "errors": [],
        "tasks": {
          "completed": 0,
          "failed": 0,
          "inProgress": 4,
          "total": 4,
          "items": []
        }
      }
    },
    {
      "RequestUri": "https://endpointlanguage/analyze-text/jobs/233daff0-7f5a-4a72-88f2-94f8070b6143?api-version=2022-10-01-preview",
      "RequestMethod": "GET",
      "RequestHeaders": {
        "Accept": "application/json",
        "Accept-Encoding": "gzip, deflate, br",
        "Accept-Language": "en-US",
        "Connection": "keep-alive",
        "ocp-apim-subscription-key": "api_key",
        "Referer": "http://localhost:9876/",
        "sec-ch-ua": "",
        "sec-ch-ua-mobile": "?0",
        "sec-ch-ua-platform": "\u0022\u0022",
        "Sec-Fetch-Dest": "empty",
        "Sec-Fetch-Mode": "cors",
        "Sec-Fetch-Site": "same-site",
        "User-Agent": "Mozilla/5.0 (Windows NT 10.0; Win64; x64) AppleWebKit/537.36 (KHTML, like Gecko) HeadlessChrome/112.0.5614.0 Safari/537.36",
        "x-ms-client-request-id": "d2091c5b-04d8-4eb4-999c-ef7668f6d703",
        "x-ms-useragent": "azsdk-js-ai-language-text/1.1.0-beta.3 core-rest-pipeline/1.10.4 OS"
      },
      "RequestBody": null,
      "StatusCode": 200,
      "ResponseHeaders": {
        "apim-request-id": "70ab30ff-1185-41ab-b1ee-55aa25f313ff",
        "Content-Length": "1116",
        "Content-Type": "application/json; charset=utf-8",
        "Date": "Tue, 16 May 2023 15:59:50 GMT",
        "Strict-Transport-Security": "max-age=31536000; includeSubDomains; preload",
        "X-Content-Type-Options": "nosniff",
        "x-envoy-upstream-service-time": "95",
        "x-ms-region": "East US"
      },
      "ResponseBody": {
        "jobId": "233daff0-7f5a-4a72-88f2-94f8070b6143",
        "lastUpdatedDateTime": "2023-05-16T15:59:49Z",
        "createdDateTime": "2023-05-16T15:59:48Z",
        "expirationDateTime": "2023-05-17T15:59:48Z",
        "status": "running",
        "errors": [],
        "tasks": {
          "completed": 1,
          "failed": 0,
          "inProgress": 3,
          "total": 4,
          "items": [
            {
              "kind": "SentimentAnalysisLROResults",
              "lastUpdateDateTime": "2023-05-16T15:59:49.8949563Z",
              "status": "succeeded",
              "results": {
                "documents": [
                  {
                    "id": "0",
                    "sentiment": "neutral",
                    "confidenceScores": {
                      "positive": 0.46,
                      "neutral": 0.5,
                      "negative": 0.05
                    },
                    "sentences": [
                      {
                        "sentiment": "neutral",
                        "confidenceScores": {
                          "positive": 0.46,
                          "neutral": 0.5,
                          "negative": 0.05
                        },
                        "offset": 0,
                        "length": 49,
                        "text": "Patient does not suffer from high blood pressure.",
                        "targets": [],
                        "assessments": []
                      }
                    ],
                    "warnings": []
                  },
                  {
                    "id": "1",
                    "sentiment": "neutral",
                    "confidenceScores": {
                      "positive": 0.01,
                      "neutral": 0.99,
                      "negative": 0.0
                    },
                    "sentences": [
                      {
                        "sentiment": "neutral",
                        "confidenceScores": {
                          "positive": 0.01,
                          "neutral": 0.99,
                          "negative": 0.0
                        },
                        "offset": 0,
                        "length": 46,
                        "text": "Prescribed 100mg ibuprofen, taken twice daily.",
                        "targets": [],
                        "assessments": []
                      }
                    ],
                    "warnings": []
                  }
                ],
                "errors": [],
                "modelVersion": "2022-11-01"
              }
            }
          ]
        }
      }
    },
    {
      "RequestUri": "https://endpointlanguage/analyze-text/jobs/233daff0-7f5a-4a72-88f2-94f8070b6143?api-version=2022-10-01-preview",
      "RequestMethod": "GET",
      "RequestHeaders": {
        "Accept": "application/json",
        "Accept-Encoding": "gzip, deflate, br",
        "Accept-Language": "en-US",
        "Connection": "keep-alive",
        "ocp-apim-subscription-key": "api_key",
        "Referer": "http://localhost:9876/",
        "sec-ch-ua": "",
        "sec-ch-ua-mobile": "?0",
        "sec-ch-ua-platform": "\u0022\u0022",
        "Sec-Fetch-Dest": "empty",
        "Sec-Fetch-Mode": "cors",
        "Sec-Fetch-Site": "same-site",
        "User-Agent": "Mozilla/5.0 (Windows NT 10.0; Win64; x64) AppleWebKit/537.36 (KHTML, like Gecko) HeadlessChrome/112.0.5614.0 Safari/537.36",
        "x-ms-client-request-id": "5b5af898-d77d-4873-8efe-a1624d744c96",
        "x-ms-useragent": "azsdk-js-ai-language-text/1.1.0-beta.3 core-rest-pipeline/1.10.4 OS"
      },
      "RequestBody": null,
      "StatusCode": 200,
      "ResponseHeaders": {
        "apim-request-id": "564c0319-feba-4f28-aba4-79e2d81edfcd",
        "Content-Length": "5229",
        "Content-Type": "application/json; charset=utf-8",
        "Date": "Tue, 16 May 2023 15:59:52 GMT",
        "Strict-Transport-Security": "max-age=31536000; includeSubDomains; preload",
        "X-Content-Type-Options": "nosniff",
        "x-envoy-upstream-service-time": "201",
        "x-ms-region": "East US"
      },
      "ResponseBody": {
        "jobId": "233daff0-7f5a-4a72-88f2-94f8070b6143",
        "lastUpdatedDateTime": "2023-05-16T15:59:51Z",
        "createdDateTime": "2023-05-16T15:59:48Z",
        "expirationDateTime": "2023-05-17T15:59:48Z",
        "status": "running",
        "errors": [],
        "tasks": {
          "completed": 3,
          "failed": 0,
          "inProgress": 1,
          "total": 4,
          "items": [
            {
              "kind": "HealthcareLROResults",
              "lastUpdateDateTime": "2023-05-16T15:59:51.3971565Z",
              "status": "succeeded",
              "results": {
                "documents": [
                  {
                    "id": "0",
                    "entities": [
                      {
                        "offset": 29,
                        "length": 19,
                        "text": "high blood pressure",
                        "category": "SymptomOrSign",
                        "confidenceScore": 1.0,
                        "assertion": {
                          "certainty": "negative"
                        },
                        "name": "Hypertensive disease",
                        "links": [
                          {
                            "dataSource": "UMLS",
                            "id": "C0020538"
                          },
                          {
                            "dataSource": "AOD",
                            "id": "0000023317"
                          },
                          {
                            "dataSource": "BI",
                            "id": "BI00001"
                          },
                          {
                            "dataSource": "CCPSS",
                            "id": "1017493"
                          },
                          {
                            "dataSource": "CCS",
                            "id": "7.1"
                          },
                          {
                            "dataSource": "CHV",
                            "id": "0000015800"
                          },
                          {
                            "dataSource": "COSTAR",
                            "id": "397"
                          },
                          {
                            "dataSource": "CSP",
                            "id": "0571-5243"
                          },
                          {
                            "dataSource": "CST",
                            "id": "HYPERTENS"
                          },
                          {
                            "dataSource": "DXP",
                            "id": "U002034"
                          },
                          {
                            "dataSource": "HPO",
                            "id": "HP:0000822"
                          },
                          {
                            "dataSource": "ICD10",
                            "id": "I10-I15.9"
                          },
                          {
                            "dataSource": "ICD10AM",
                            "id": "I10-I15.9"
                          },
                          {
                            "dataSource": "ICD10CM",
                            "id": "I10"
                          },
                          {
                            "dataSource": "ICD9CM",
                            "id": "997.91"
                          },
                          {
                            "dataSource": "ICPC2ICD10ENG",
                            "id": "MTHU035456"
                          },
                          {
                            "dataSource": "ICPC2P",
                            "id": "K85004"
                          },
                          {
                            "dataSource": "LCH",
                            "id": "U002317"
                          },
                          {
                            "dataSource": "LCH_NW",
                            "id": "sh85063723"
                          },
                          {
                            "dataSource": "LNC",
                            "id": "LA14293-7"
                          },
                          {
                            "dataSource": "MDR",
                            "id": "10020772"
                          },
                          {
                            "dataSource": "MEDCIN",
                            "id": "33288"
                          },
                          {
                            "dataSource": "MEDLINEPLUS",
                            "id": "34"
                          },
                          {
                            "dataSource": "MSH",
                            "id": "D006973"
                          },
                          {
                            "dataSource": "MTH",
                            "id": "005"
                          },
                          {
                            "dataSource": "MTHICD9",
                            "id": "997.91"
                          },
                          {
                            "dataSource": "NANDA-I",
                            "id": "00905"
                          },
                          {
                            "dataSource": "NCI",
                            "id": "C3117"
                          },
                          {
                            "dataSource": "NOC",
                            "id": "060808"
                          },
                          {
                            "dataSource": "OMIM",
                            "id": "MTHU002068"
                          },
                          {
                            "dataSource": "PCDS",
                            "id": "PRB_11000.06"
                          },
                          {
                            "dataSource": "PDQ",
                            "id": "CDR0000686951"
                          },
                          {
                            "dataSource": "PSY",
                            "id": "23830"
                          },
                          {
                            "dataSource": "RCD",
                            "id": "XE0Ub"
                          },
                          {
                            "dataSource": "SNM",
                            "id": "F-70700"
                          },
                          {
                            "dataSource": "SNMI",
                            "id": "D3-02000"
                          },
                          {
                            "dataSource": "SNOMEDCT_US",
                            "id": "38341003"
                          },
                          {
                            "dataSource": "WHO",
                            "id": "0210"
                          }
                        ]
                      }
                    ],
                    "relations": [],
                    "warnings": []
                  },
                  {
                    "id": "1",
                    "entities": [
                      {
                        "offset": 11,
                        "length": 5,
                        "text": "100mg",
                        "category": "Dosage",
                        "confidenceScore": 0.99
                      },
                      {
                        "offset": 17,
                        "length": 9,
                        "text": "ibuprofen",
                        "category": "MedicationName",
                        "confidenceScore": 1.0,
                        "name": "ibuprofen",
                        "links": [
                          {
                            "dataSource": "UMLS",
                            "id": "C0020740"
                          },
                          {
                            "dataSource": "AOD",
                            "id": "0000019879"
                          },
                          {
                            "dataSource": "ATC",
                            "id": "M01AE01"
                          },
                          {
                            "dataSource": "CCPSS",
                            "id": "0046165"
                          },
                          {
                            "dataSource": "CHV",
                            "id": "0000006519"
                          },
                          {
                            "dataSource": "CSP",
                            "id": "2270-2077"
                          },
                          {
                            "dataSource": "DRUGBANK",
                            "id": "DB01050"
                          },
                          {
                            "dataSource": "GS",
                            "id": "1611"
                          },
                          {
                            "dataSource": "LCH_NW",
                            "id": "sh97005926"
                          },
                          {
                            "dataSource": "LNC",
                            "id": "LP16165-0"
                          },
                          {
                            "dataSource": "MEDCIN",
                            "id": "40458"
                          },
                          {
                            "dataSource": "MMSL",
                            "id": "d00015"
                          },
                          {
                            "dataSource": "MSH",
                            "id": "D007052"
                          },
                          {
                            "dataSource": "MTHSPL",
                            "id": "WK2XYI10QM"
                          },
                          {
                            "dataSource": "NCI",
                            "id": "C561"
                          },
                          {
                            "dataSource": "NDDF",
                            "id": "002377"
                          },
                          {
                            "dataSource": "PDQ",
                            "id": "CDR0000040475"
                          },
                          {
                            "dataSource": "RCD",
                            "id": "x02MO"
                          },
                          {
                            "dataSource": "RXNORM",
                            "id": "5640"
                          },
                          {
                            "dataSource": "SNM",
                            "id": "E-7772"
                          },
                          {
                            "dataSource": "SNMI",
                            "id": "C-603C0"
                          },
                          {
                            "dataSource": "SNOMEDCT_US",
                            "id": "387207008"
                          },
                          {
                            "dataSource": "USP",
                            "id": "m39860"
                          },
                          {
                            "dataSource": "USPMG",
                            "id": "MTHU000060"
                          },
                          {
                            "dataSource": "VANDF",
                            "id": "4017840"
                          }
                        ]
                      },
                      {
                        "offset": 34,
                        "length": 11,
                        "text": "twice daily",
                        "category": "Frequency",
                        "confidenceScore": 1.0
                      }
                    ],
                    "relations": [
                      {
                        "confidenceScore": 1.0,
                        "relationType": "DosageOfMedication",
                        "entities": [
                          {
                            "ref": "#/results/documents/1/entities/0",
                            "role": "Dosage"
                          },
                          {
                            "ref": "#/results/documents/1/entities/1",
                            "role": "Medication"
                          }
                        ]
                      },
                      {
                        "confidenceScore": 1.0,
                        "relationType": "FrequencyOfMedication",
                        "entities": [
                          {
                            "ref": "#/results/documents/1/entities/1",
                            "role": "Medication"
                          },
                          {
                            "ref": "#/results/documents/1/entities/2",
                            "role": "Frequency"
                          }
                        ]
                      }
                    ],
                    "warnings": []
                  }
                ],
                "errors": [],
                "modelVersion": "2023-04-01"
              }
            },
            {
              "kind": "PiiEntityRecognitionLROResults",
              "lastUpdateDateTime": "2023-05-16T15:59:51.8037069Z",
              "status": "succeeded",
              "results": {
                "documents": [
                  {
                    "redactedText": "******* does not suffer from high blood pressure.",
                    "id": "0",
                    "entities": [
                      {
                        "text": "Patient",
                        "category": "PersonType",
                        "offset": 0,
                        "length": 7,
                        "confidenceScore": 0.94
                      }
                    ],
                    "warnings": []
                  },
                  {
                    "redactedText": "Prescribed 100mg ibuprofen, taken twice *****.",
                    "id": "1",
                    "entities": [
                      {
                        "text": "daily",
                        "category": "DateTime",
                        "subcategory": "Set",
                        "offset": 40,
                        "length": 5,
                        "confidenceScore": 0.8
                      }
                    ],
                    "warnings": []
                  }
                ],
                "errors": [],
                "modelVersion": "2021-01-15"
              }
            },
            {
              "kind": "SentimentAnalysisLROResults",
              "lastUpdateDateTime": "2023-05-16T15:59:49.8949563Z",
              "status": "succeeded",
              "results": {
                "documents": [
                  {
                    "id": "0",
                    "sentiment": "neutral",
                    "confidenceScores": {
                      "positive": 0.46,
                      "neutral": 0.5,
                      "negative": 0.05
                    },
                    "sentences": [
                      {
                        "sentiment": "neutral",
                        "confidenceScores": {
                          "positive": 0.46,
                          "neutral": 0.5,
                          "negative": 0.05
                        },
                        "offset": 0,
                        "length": 49,
                        "text": "Patient does not suffer from high blood pressure.",
                        "targets": [],
                        "assessments": []
                      }
                    ],
                    "warnings": []
                  },
                  {
                    "id": "1",
                    "sentiment": "neutral",
                    "confidenceScores": {
                      "positive": 0.01,
                      "neutral": 0.99,
                      "negative": 0.0
                    },
                    "sentences": [
                      {
                        "sentiment": "neutral",
                        "confidenceScores": {
                          "positive": 0.01,
                          "neutral": 0.99,
                          "negative": 0.0
                        },
                        "offset": 0,
                        "length": 46,
                        "text": "Prescribed 100mg ibuprofen, taken twice daily.",
                        "targets": [],
                        "assessments": []
                      }
                    ],
                    "warnings": []
                  }
                ],
                "errors": [],
                "modelVersion": "2022-11-01"
              }
            }
          ]
        }
      }
    },
    {
      "RequestUri": "https://endpointlanguage/analyze-text/jobs/233daff0-7f5a-4a72-88f2-94f8070b6143?api-version=2022-10-01-preview",
      "RequestMethod": "GET",
      "RequestHeaders": {
        "Accept": "application/json",
        "Accept-Encoding": "gzip, deflate, br",
        "Accept-Language": "en-US",
        "Connection": "keep-alive",
        "ocp-apim-subscription-key": "api_key",
        "Referer": "http://localhost:9876/",
        "sec-ch-ua": "",
        "sec-ch-ua-mobile": "?0",
        "sec-ch-ua-platform": "\u0022\u0022",
        "Sec-Fetch-Dest": "empty",
        "Sec-Fetch-Mode": "cors",
        "Sec-Fetch-Site": "same-site",
        "User-Agent": "Mozilla/5.0 (Windows NT 10.0; Win64; x64) AppleWebKit/537.36 (KHTML, like Gecko) HeadlessChrome/112.0.5614.0 Safari/537.36",
        "x-ms-client-request-id": "87ebf610-230c-4cad-98af-baca6a6cac53",
        "x-ms-useragent": "azsdk-js-ai-language-text/1.1.0-beta.3 core-rest-pipeline/1.10.4 OS"
      },
      "RequestBody": null,
      "StatusCode": 200,
      "ResponseHeaders": {
        "apim-request-id": "b10a22e3-8671-4602-ae99-68a63d59ff18",
        "Content-Length": "5875",
        "Content-Type": "application/json; charset=utf-8",
        "Date": "Tue, 16 May 2023 15:59:54 GMT",
        "Strict-Transport-Security": "max-age=31536000; includeSubDomains; preload",
        "X-Content-Type-Options": "nosniff",
        "x-envoy-upstream-service-time": "204",
        "x-ms-region": "East US"
      },
      "ResponseBody": {
        "jobId": "233daff0-7f5a-4a72-88f2-94f8070b6143",
        "lastUpdatedDateTime": "2023-05-16T15:59:54Z",
        "createdDateTime": "2023-05-16T15:59:48Z",
        "expirationDateTime": "2023-05-17T15:59:48Z",
        "status": "succeeded",
        "errors": [],
        "tasks": {
          "completed": 4,
          "failed": 0,
          "inProgress": 0,
          "total": 4,
          "items": [
            {
              "kind": "HealthcareLROResults",
              "lastUpdateDateTime": "2023-05-16T15:59:51.3971565Z",
              "status": "succeeded",
              "results": {
                "documents": [
                  {
                    "id": "0",
                    "entities": [
                      {
                        "offset": 29,
                        "length": 19,
                        "text": "high blood pressure",
                        "category": "SymptomOrSign",
                        "confidenceScore": 1.0,
                        "assertion": {
                          "certainty": "negative"
                        },
                        "name": "Hypertensive disease",
                        "links": [
                          {
                            "dataSource": "UMLS",
                            "id": "C0020538"
                          },
                          {
                            "dataSource": "AOD",
                            "id": "0000023317"
                          },
                          {
                            "dataSource": "BI",
                            "id": "BI00001"
                          },
                          {
                            "dataSource": "CCPSS",
                            "id": "1017493"
                          },
                          {
                            "dataSource": "CCS",
                            "id": "7.1"
                          },
                          {
                            "dataSource": "CHV",
                            "id": "0000015800"
                          },
                          {
                            "dataSource": "COSTAR",
                            "id": "397"
                          },
                          {
                            "dataSource": "CSP",
                            "id": "0571-5243"
                          },
                          {
                            "dataSource": "CST",
                            "id": "HYPERTENS"
                          },
                          {
                            "dataSource": "DXP",
                            "id": "U002034"
                          },
                          {
                            "dataSource": "HPO",
                            "id": "HP:0000822"
                          },
                          {
                            "dataSource": "ICD10",
                            "id": "I10-I15.9"
                          },
                          {
                            "dataSource": "ICD10AM",
                            "id": "I10-I15.9"
                          },
                          {
                            "dataSource": "ICD10CM",
                            "id": "I10"
                          },
                          {
                            "dataSource": "ICD9CM",
                            "id": "997.91"
                          },
                          {
                            "dataSource": "ICPC2ICD10ENG",
                            "id": "MTHU035456"
                          },
                          {
                            "dataSource": "ICPC2P",
                            "id": "K85004"
                          },
                          {
                            "dataSource": "LCH",
                            "id": "U002317"
                          },
                          {
                            "dataSource": "LCH_NW",
                            "id": "sh85063723"
                          },
                          {
                            "dataSource": "LNC",
                            "id": "LA14293-7"
                          },
                          {
                            "dataSource": "MDR",
                            "id": "10020772"
                          },
                          {
                            "dataSource": "MEDCIN",
                            "id": "33288"
                          },
                          {
                            "dataSource": "MEDLINEPLUS",
                            "id": "34"
                          },
                          {
                            "dataSource": "MSH",
                            "id": "D006973"
                          },
                          {
                            "dataSource": "MTH",
                            "id": "005"
                          },
                          {
                            "dataSource": "MTHICD9",
                            "id": "997.91"
                          },
                          {
                            "dataSource": "NANDA-I",
                            "id": "00905"
                          },
                          {
                            "dataSource": "NCI",
                            "id": "C3117"
                          },
                          {
                            "dataSource": "NOC",
                            "id": "060808"
                          },
                          {
                            "dataSource": "OMIM",
                            "id": "MTHU002068"
                          },
                          {
                            "dataSource": "PCDS",
                            "id": "PRB_11000.06"
                          },
                          {
                            "dataSource": "PDQ",
                            "id": "CDR0000686951"
                          },
                          {
                            "dataSource": "PSY",
                            "id": "23830"
                          },
                          {
                            "dataSource": "RCD",
                            "id": "XE0Ub"
                          },
                          {
                            "dataSource": "SNM",
                            "id": "F-70700"
                          },
                          {
                            "dataSource": "SNMI",
                            "id": "D3-02000"
                          },
                          {
                            "dataSource": "SNOMEDCT_US",
                            "id": "38341003"
                          },
                          {
                            "dataSource": "WHO",
                            "id": "0210"
                          }
                        ]
                      }
                    ],
                    "relations": [],
                    "warnings": []
                  },
                  {
                    "id": "1",
                    "entities": [
                      {
                        "offset": 11,
                        "length": 5,
                        "text": "100mg",
                        "category": "Dosage",
                        "confidenceScore": 0.99
                      },
                      {
                        "offset": 17,
                        "length": 9,
                        "text": "ibuprofen",
                        "category": "MedicationName",
                        "confidenceScore": 1.0,
                        "name": "ibuprofen",
                        "links": [
                          {
                            "dataSource": "UMLS",
                            "id": "C0020740"
                          },
                          {
                            "dataSource": "AOD",
                            "id": "0000019879"
                          },
                          {
                            "dataSource": "ATC",
                            "id": "M01AE01"
                          },
                          {
                            "dataSource": "CCPSS",
                            "id": "0046165"
                          },
                          {
                            "dataSource": "CHV",
                            "id": "0000006519"
                          },
                          {
                            "dataSource": "CSP",
                            "id": "2270-2077"
                          },
                          {
                            "dataSource": "DRUGBANK",
                            "id": "DB01050"
                          },
                          {
                            "dataSource": "GS",
                            "id": "1611"
                          },
                          {
                            "dataSource": "LCH_NW",
                            "id": "sh97005926"
                          },
                          {
                            "dataSource": "LNC",
                            "id": "LP16165-0"
                          },
                          {
                            "dataSource": "MEDCIN",
                            "id": "40458"
                          },
                          {
                            "dataSource": "MMSL",
                            "id": "d00015"
                          },
                          {
                            "dataSource": "MSH",
                            "id": "D007052"
                          },
                          {
                            "dataSource": "MTHSPL",
                            "id": "WK2XYI10QM"
                          },
                          {
                            "dataSource": "NCI",
                            "id": "C561"
                          },
                          {
                            "dataSource": "NDDF",
                            "id": "002377"
                          },
                          {
                            "dataSource": "PDQ",
                            "id": "CDR0000040475"
                          },
                          {
                            "dataSource": "RCD",
                            "id": "x02MO"
                          },
                          {
                            "dataSource": "RXNORM",
                            "id": "5640"
                          },
                          {
                            "dataSource": "SNM",
                            "id": "E-7772"
                          },
                          {
                            "dataSource": "SNMI",
                            "id": "C-603C0"
                          },
                          {
                            "dataSource": "SNOMEDCT_US",
                            "id": "387207008"
                          },
                          {
                            "dataSource": "USP",
                            "id": "m39860"
                          },
                          {
                            "dataSource": "USPMG",
                            "id": "MTHU000060"
                          },
                          {
                            "dataSource": "VANDF",
                            "id": "4017840"
                          }
                        ]
                      },
                      {
                        "offset": 34,
                        "length": 11,
                        "text": "twice daily",
                        "category": "Frequency",
                        "confidenceScore": 1.0
                      }
                    ],
                    "relations": [
                      {
                        "confidenceScore": 1.0,
                        "relationType": "DosageOfMedication",
                        "entities": [
                          {
                            "ref": "#/results/documents/1/entities/0",
                            "role": "Dosage"
                          },
                          {
                            "ref": "#/results/documents/1/entities/1",
                            "role": "Medication"
                          }
                        ]
                      },
                      {
                        "confidenceScore": 1.0,
                        "relationType": "FrequencyOfMedication",
                        "entities": [
                          {
                            "ref": "#/results/documents/1/entities/1",
                            "role": "Medication"
                          },
                          {
                            "ref": "#/results/documents/1/entities/2",
                            "role": "Frequency"
                          }
                        ]
                      }
                    ],
                    "warnings": []
                  }
                ],
                "errors": [],
                "modelVersion": "2023-04-01"
              }
            },
            {
              "kind": "EntityRecognitionLROResults",
              "lastUpdateDateTime": "2023-05-16T15:59:54.4949219Z",
              "status": "succeeded",
              "results": {
                "documents": [
                  {
                    "id": "0",
                    "entities": [
                      {
                        "text": "Patient",
                        "category": "PersonType",
                        "offset": 0,
                        "length": 7,
                        "confidenceScore": 0.99
                      }
                    ],
                    "warnings": []
                  },
                  {
                    "id": "1",
                    "entities": [
                      {
                        "text": "100mg",
                        "category": "Quantity",
                        "subcategory": "Dimension",
                        "offset": 11,
                        "length": 5,
                        "confidenceScore": 0.8
                      },
                      {
                        "text": "ibuprofen",
                        "category": "Product",
                        "offset": 17,
                        "length": 9,
                        "confidenceScore": 0.89
                      },
                      {
                        "text": "daily",
                        "category": "DateTime",
                        "subcategory": "Set",
                        "offset": 40,
                        "length": 5,
                        "confidenceScore": 0.8
                      }
                    ],
                    "warnings": []
                  }
                ],
                "errors": [],
                "modelVersion": "2021-06-01"
              }
            },
            {
              "kind": "PiiEntityRecognitionLROResults",
              "lastUpdateDateTime": "2023-05-16T15:59:51.8037069Z",
              "status": "succeeded",
              "results": {
                "documents": [
                  {
                    "redactedText": "******* does not suffer from high blood pressure.",
                    "id": "0",
                    "entities": [
                      {
                        "text": "Patient",
                        "category": "PersonType",
                        "offset": 0,
                        "length": 7,
                        "confidenceScore": 0.94
                      }
                    ],
                    "warnings": []
                  },
                  {
                    "redactedText": "Prescribed 100mg ibuprofen, taken twice *****.",
                    "id": "1",
                    "entities": [
                      {
                        "text": "daily",
                        "category": "DateTime",
                        "subcategory": "Set",
                        "offset": 40,
                        "length": 5,
                        "confidenceScore": 0.8
                      }
                    ],
                    "warnings": []
                  }
                ],
                "errors": [],
                "modelVersion": "2021-01-15"
              }
            },
            {
              "kind": "SentimentAnalysisLROResults",
              "lastUpdateDateTime": "2023-05-16T15:59:49.8949563Z",
              "status": "succeeded",
              "results": {
                "documents": [
                  {
                    "id": "0",
                    "sentiment": "neutral",
                    "confidenceScores": {
                      "positive": 0.46,
                      "neutral": 0.5,
                      "negative": 0.05
                    },
                    "sentences": [
                      {
                        "sentiment": "neutral",
                        "confidenceScores": {
                          "positive": 0.46,
                          "neutral": 0.5,
                          "negative": 0.05
                        },
                        "offset": 0,
                        "length": 49,
                        "text": "Patient does not suffer from high blood pressure.",
                        "targets": [],
                        "assessments": []
                      }
                    ],
                    "warnings": []
                  },
                  {
                    "id": "1",
                    "sentiment": "neutral",
                    "confidenceScores": {
                      "positive": 0.01,
                      "neutral": 0.99,
                      "negative": 0.0
                    },
                    "sentences": [
                      {
                        "sentiment": "neutral",
                        "confidenceScores": {
                          "positive": 0.01,
                          "neutral": 0.99,
                          "negative": 0.0
                        },
                        "offset": 0,
                        "length": 46,
                        "text": "Prescribed 100mg ibuprofen, taken twice daily.",
                        "targets": [],
                        "assessments": []
                      }
                    ],
                    "warnings": []
                  }
                ],
                "errors": [],
                "modelVersion": "2022-11-01"
              }
            }
          ]
        }
      }
    },
    {
      "RequestUri": "https://endpointlanguage/analyze-text/jobs/233daff0-7f5a-4a72-88f2-94f8070b6143?api-version=2022-10-01-preview",
      "RequestMethod": "GET",
      "RequestHeaders": {
        "Accept": "application/json",
        "Accept-Encoding": "gzip, deflate, br",
        "Accept-Language": "en-US",
        "Connection": "keep-alive",
        "ocp-apim-subscription-key": "api_key",
        "Referer": "http://localhost:9876/",
        "sec-ch-ua": "",
        "sec-ch-ua-mobile": "?0",
        "sec-ch-ua-platform": "\u0022\u0022",
        "Sec-Fetch-Dest": "empty",
        "Sec-Fetch-Mode": "cors",
        "Sec-Fetch-Site": "same-site",
        "User-Agent": "Mozilla/5.0 (Windows NT 10.0; Win64; x64) AppleWebKit/537.36 (KHTML, like Gecko) HeadlessChrome/112.0.5614.0 Safari/537.36",
        "x-ms-client-request-id": "a06e7929-44e7-4eb6-b7b8-36d68d4f6eb1",
        "x-ms-useragent": "azsdk-js-ai-language-text/1.1.0-beta.3 core-rest-pipeline/1.10.4 OS"
      },
      "RequestBody": null,
      "StatusCode": 200,
      "ResponseHeaders": {
        "apim-request-id": "c12d6d57-a8fc-4c4c-86c2-213a7901333f",
        "Content-Length": "5875",
        "Content-Type": "application/json; charset=utf-8",
        "Date": "Tue, 16 May 2023 15:59:55 GMT",
        "Strict-Transport-Security": "max-age=31536000; includeSubDomains; preload",
        "X-Content-Type-Options": "nosniff",
        "x-envoy-upstream-service-time": "193",
        "x-ms-region": "East US"
      },
      "ResponseBody": {
        "jobId": "233daff0-7f5a-4a72-88f2-94f8070b6143",
        "lastUpdatedDateTime": "2023-05-16T15:59:54Z",
        "createdDateTime": "2023-05-16T15:59:48Z",
        "expirationDateTime": "2023-05-17T15:59:48Z",
        "status": "succeeded",
        "errors": [],
        "tasks": {
          "completed": 4,
          "failed": 0,
          "inProgress": 0,
          "total": 4,
          "items": [
            {
              "kind": "HealthcareLROResults",
              "lastUpdateDateTime": "2023-05-16T15:59:51.3971565Z",
              "status": "succeeded",
              "results": {
                "documents": [
                  {
                    "id": "0",
                    "entities": [
                      {
                        "offset": 29,
                        "length": 19,
                        "text": "high blood pressure",
                        "category": "SymptomOrSign",
                        "confidenceScore": 1.0,
                        "assertion": {
                          "certainty": "negative"
                        },
                        "name": "Hypertensive disease",
                        "links": [
                          {
                            "dataSource": "UMLS",
                            "id": "C0020538"
                          },
                          {
                            "dataSource": "AOD",
                            "id": "0000023317"
                          },
                          {
                            "dataSource": "BI",
                            "id": "BI00001"
                          },
                          {
                            "dataSource": "CCPSS",
                            "id": "1017493"
                          },
                          {
                            "dataSource": "CCS",
                            "id": "7.1"
                          },
                          {
                            "dataSource": "CHV",
                            "id": "0000015800"
                          },
                          {
                            "dataSource": "COSTAR",
                            "id": "397"
                          },
                          {
                            "dataSource": "CSP",
                            "id": "0571-5243"
                          },
                          {
                            "dataSource": "CST",
                            "id": "HYPERTENS"
                          },
                          {
                            "dataSource": "DXP",
                            "id": "U002034"
                          },
                          {
                            "dataSource": "HPO",
                            "id": "HP:0000822"
                          },
                          {
                            "dataSource": "ICD10",
                            "id": "I10-I15.9"
                          },
                          {
                            "dataSource": "ICD10AM",
                            "id": "I10-I15.9"
                          },
                          {
                            "dataSource": "ICD10CM",
                            "id": "I10"
                          },
                          {
                            "dataSource": "ICD9CM",
                            "id": "997.91"
                          },
                          {
                            "dataSource": "ICPC2ICD10ENG",
                            "id": "MTHU035456"
                          },
                          {
                            "dataSource": "ICPC2P",
                            "id": "K85004"
                          },
                          {
                            "dataSource": "LCH",
                            "id": "U002317"
                          },
                          {
                            "dataSource": "LCH_NW",
                            "id": "sh85063723"
                          },
                          {
                            "dataSource": "LNC",
                            "id": "LA14293-7"
                          },
                          {
                            "dataSource": "MDR",
                            "id": "10020772"
                          },
                          {
                            "dataSource": "MEDCIN",
                            "id": "33288"
                          },
                          {
                            "dataSource": "MEDLINEPLUS",
                            "id": "34"
                          },
                          {
                            "dataSource": "MSH",
                            "id": "D006973"
                          },
                          {
                            "dataSource": "MTH",
                            "id": "005"
                          },
                          {
                            "dataSource": "MTHICD9",
                            "id": "997.91"
                          },
                          {
                            "dataSource": "NANDA-I",
                            "id": "00905"
                          },
                          {
                            "dataSource": "NCI",
                            "id": "C3117"
                          },
                          {
                            "dataSource": "NOC",
                            "id": "060808"
                          },
                          {
                            "dataSource": "OMIM",
                            "id": "MTHU002068"
                          },
                          {
                            "dataSource": "PCDS",
                            "id": "PRB_11000.06"
                          },
                          {
                            "dataSource": "PDQ",
                            "id": "CDR0000686951"
                          },
                          {
                            "dataSource": "PSY",
                            "id": "23830"
                          },
                          {
                            "dataSource": "RCD",
                            "id": "XE0Ub"
                          },
                          {
                            "dataSource": "SNM",
                            "id": "F-70700"
                          },
                          {
                            "dataSource": "SNMI",
                            "id": "D3-02000"
                          },
                          {
                            "dataSource": "SNOMEDCT_US",
                            "id": "38341003"
                          },
                          {
                            "dataSource": "WHO",
                            "id": "0210"
                          }
                        ]
                      }
                    ],
                    "relations": [],
                    "warnings": []
                  },
                  {
                    "id": "1",
                    "entities": [
                      {
                        "offset": 11,
                        "length": 5,
                        "text": "100mg",
                        "category": "Dosage",
                        "confidenceScore": 0.99
                      },
                      {
                        "offset": 17,
                        "length": 9,
                        "text": "ibuprofen",
                        "category": "MedicationName",
                        "confidenceScore": 1.0,
                        "name": "ibuprofen",
                        "links": [
                          {
                            "dataSource": "UMLS",
                            "id": "C0020740"
                          },
                          {
                            "dataSource": "AOD",
                            "id": "0000019879"
                          },
                          {
                            "dataSource": "ATC",
                            "id": "M01AE01"
                          },
                          {
                            "dataSource": "CCPSS",
                            "id": "0046165"
                          },
                          {
                            "dataSource": "CHV",
                            "id": "0000006519"
                          },
                          {
                            "dataSource": "CSP",
                            "id": "2270-2077"
                          },
                          {
                            "dataSource": "DRUGBANK",
                            "id": "DB01050"
                          },
                          {
                            "dataSource": "GS",
                            "id": "1611"
                          },
                          {
                            "dataSource": "LCH_NW",
                            "id": "sh97005926"
                          },
                          {
                            "dataSource": "LNC",
                            "id": "LP16165-0"
                          },
                          {
                            "dataSource": "MEDCIN",
                            "id": "40458"
                          },
                          {
                            "dataSource": "MMSL",
                            "id": "d00015"
                          },
                          {
                            "dataSource": "MSH",
                            "id": "D007052"
                          },
                          {
                            "dataSource": "MTHSPL",
                            "id": "WK2XYI10QM"
                          },
                          {
                            "dataSource": "NCI",
                            "id": "C561"
                          },
                          {
                            "dataSource": "NDDF",
                            "id": "002377"
                          },
                          {
                            "dataSource": "PDQ",
                            "id": "CDR0000040475"
                          },
                          {
                            "dataSource": "RCD",
                            "id": "x02MO"
                          },
                          {
                            "dataSource": "RXNORM",
                            "id": "5640"
                          },
                          {
                            "dataSource": "SNM",
                            "id": "E-7772"
                          },
                          {
                            "dataSource": "SNMI",
                            "id": "C-603C0"
                          },
                          {
                            "dataSource": "SNOMEDCT_US",
                            "id": "387207008"
                          },
                          {
                            "dataSource": "USP",
                            "id": "m39860"
                          },
                          {
                            "dataSource": "USPMG",
                            "id": "MTHU000060"
                          },
                          {
                            "dataSource": "VANDF",
                            "id": "4017840"
                          }
                        ]
                      },
                      {
                        "offset": 34,
                        "length": 11,
                        "text": "twice daily",
                        "category": "Frequency",
                        "confidenceScore": 1.0
                      }
                    ],
                    "relations": [
                      {
                        "confidenceScore": 1.0,
                        "relationType": "DosageOfMedication",
                        "entities": [
                          {
                            "ref": "#/results/documents/1/entities/0",
                            "role": "Dosage"
                          },
                          {
                            "ref": "#/results/documents/1/entities/1",
                            "role": "Medication"
                          }
                        ]
                      },
                      {
                        "confidenceScore": 1.0,
                        "relationType": "FrequencyOfMedication",
                        "entities": [
                          {
                            "ref": "#/results/documents/1/entities/1",
                            "role": "Medication"
                          },
                          {
                            "ref": "#/results/documents/1/entities/2",
                            "role": "Frequency"
                          }
                        ]
                      }
                    ],
                    "warnings": []
                  }
                ],
                "errors": [],
                "modelVersion": "2023-04-01"
              }
            },
            {
              "kind": "EntityRecognitionLROResults",
              "lastUpdateDateTime": "2023-05-16T15:59:54.4949219Z",
              "status": "succeeded",
              "results": {
                "documents": [
                  {
                    "id": "0",
                    "entities": [
                      {
                        "text": "Patient",
                        "category": "PersonType",
                        "offset": 0,
                        "length": 7,
                        "confidenceScore": 0.99
                      }
                    ],
                    "warnings": []
                  },
                  {
                    "id": "1",
                    "entities": [
                      {
                        "text": "100mg",
                        "category": "Quantity",
                        "subcategory": "Dimension",
                        "offset": 11,
                        "length": 5,
                        "confidenceScore": 0.8
                      },
                      {
                        "text": "ibuprofen",
                        "category": "Product",
                        "offset": 17,
                        "length": 9,
                        "confidenceScore": 0.89
                      },
                      {
                        "text": "daily",
                        "category": "DateTime",
                        "subcategory": "Set",
                        "offset": 40,
                        "length": 5,
                        "confidenceScore": 0.8
                      }
                    ],
                    "warnings": []
                  }
                ],
                "errors": [],
                "modelVersion": "2021-06-01"
              }
            },
            {
              "kind": "PiiEntityRecognitionLROResults",
              "lastUpdateDateTime": "2023-05-16T15:59:51.8037069Z",
              "status": "succeeded",
              "results": {
                "documents": [
                  {
                    "redactedText": "******* does not suffer from high blood pressure.",
                    "id": "0",
                    "entities": [
                      {
                        "text": "Patient",
                        "category": "PersonType",
                        "offset": 0,
                        "length": 7,
                        "confidenceScore": 0.94
                      }
                    ],
                    "warnings": []
                  },
                  {
                    "redactedText": "Prescribed 100mg ibuprofen, taken twice *****.",
                    "id": "1",
                    "entities": [
                      {
                        "text": "daily",
                        "category": "DateTime",
                        "subcategory": "Set",
                        "offset": 40,
                        "length": 5,
                        "confidenceScore": 0.8
                      }
                    ],
                    "warnings": []
                  }
                ],
                "errors": [],
                "modelVersion": "2021-01-15"
              }
            },
            {
              "kind": "SentimentAnalysisLROResults",
              "lastUpdateDateTime": "2023-05-16T15:59:49.8949563Z",
              "status": "succeeded",
              "results": {
                "documents": [
                  {
                    "id": "0",
                    "sentiment": "neutral",
                    "confidenceScores": {
                      "positive": 0.46,
                      "neutral": 0.5,
                      "negative": 0.05
                    },
                    "sentences": [
                      {
                        "sentiment": "neutral",
                        "confidenceScores": {
                          "positive": 0.46,
                          "neutral": 0.5,
                          "negative": 0.05
                        },
                        "offset": 0,
                        "length": 49,
                        "text": "Patient does not suffer from high blood pressure.",
                        "targets": [],
                        "assessments": []
                      }
                    ],
                    "warnings": []
                  },
                  {
                    "id": "1",
                    "sentiment": "neutral",
                    "confidenceScores": {
                      "positive": 0.01,
                      "neutral": 0.99,
                      "negative": 0.0
                    },
                    "sentences": [
                      {
                        "sentiment": "neutral",
                        "confidenceScores": {
                          "positive": 0.01,
                          "neutral": 0.99,
                          "negative": 0.0
                        },
                        "offset": 0,
                        "length": 46,
                        "text": "Prescribed 100mg ibuprofen, taken twice daily.",
                        "targets": [],
                        "assessments": []
                      }
                    ],
                    "warnings": []
                  }
                ],
                "errors": [],
                "modelVersion": "2022-11-01"
              }
            }
          ]
        }
      }
    },
    {
      "RequestUri": "https://endpointlanguage/analyze-text/jobs/233daff0-7f5a-4a72-88f2-94f8070b6143?api-version=2022-10-01-preview",
      "RequestMethod": "GET",
      "RequestHeaders": {
        "Accept": "application/json",
        "Accept-Encoding": "gzip, deflate, br",
        "Accept-Language": "en-US",
        "Connection": "keep-alive",
        "ocp-apim-subscription-key": "api_key",
        "Referer": "http://localhost:9876/",
        "sec-ch-ua": "",
        "sec-ch-ua-mobile": "?0",
        "sec-ch-ua-platform": "\u0022\u0022",
        "Sec-Fetch-Dest": "empty",
        "Sec-Fetch-Mode": "cors",
        "Sec-Fetch-Site": "same-site",
        "User-Agent": "Mozilla/5.0 (Windows NT 10.0; Win64; x64) AppleWebKit/537.36 (KHTML, like Gecko) HeadlessChrome/112.0.5614.0 Safari/537.36",
        "x-ms-client-request-id": "e70a2212-0598-4c8c-b195-9eab7cf5a7ea",
        "x-ms-useragent": "azsdk-js-ai-language-text/1.1.0-beta.3 core-rest-pipeline/1.10.4 OS"
      },
      "RequestBody": null,
      "StatusCode": 200,
      "ResponseHeaders": {
        "apim-request-id": "fc93894c-1e3e-4a71-9aac-53efd46d0845",
        "Content-Length": "5875",
        "Content-Type": "application/json; charset=utf-8",
        "Date": "Tue, 16 May 2023 15:59:55 GMT",
        "Strict-Transport-Security": "max-age=31536000; includeSubDomains; preload",
        "X-Content-Type-Options": "nosniff",
        "x-envoy-upstream-service-time": "207",
        "x-ms-region": "East US"
      },
      "ResponseBody": {
        "jobId": "233daff0-7f5a-4a72-88f2-94f8070b6143",
        "lastUpdatedDateTime": "2023-05-16T15:59:54Z",
        "createdDateTime": "2023-05-16T15:59:48Z",
        "expirationDateTime": "2023-05-17T15:59:48Z",
        "status": "succeeded",
        "errors": [],
        "tasks": {
          "completed": 4,
          "failed": 0,
          "inProgress": 0,
          "total": 4,
          "items": [
            {
              "kind": "HealthcareLROResults",
              "lastUpdateDateTime": "2023-05-16T15:59:51.3971565Z",
              "status": "succeeded",
              "results": {
                "documents": [
                  {
                    "id": "0",
                    "entities": [
                      {
                        "offset": 29,
                        "length": 19,
                        "text": "high blood pressure",
                        "category": "SymptomOrSign",
                        "confidenceScore": 1.0,
                        "assertion": {
                          "certainty": "negative"
                        },
                        "name": "Hypertensive disease",
                        "links": [
                          {
                            "dataSource": "UMLS",
                            "id": "C0020538"
                          },
                          {
                            "dataSource": "AOD",
                            "id": "0000023317"
                          },
                          {
                            "dataSource": "BI",
                            "id": "BI00001"
                          },
                          {
                            "dataSource": "CCPSS",
                            "id": "1017493"
                          },
                          {
                            "dataSource": "CCS",
                            "id": "7.1"
                          },
                          {
                            "dataSource": "CHV",
                            "id": "0000015800"
                          },
                          {
                            "dataSource": "COSTAR",
                            "id": "397"
                          },
                          {
                            "dataSource": "CSP",
                            "id": "0571-5243"
                          },
                          {
                            "dataSource": "CST",
                            "id": "HYPERTENS"
                          },
                          {
                            "dataSource": "DXP",
                            "id": "U002034"
                          },
                          {
                            "dataSource": "HPO",
                            "id": "HP:0000822"
                          },
                          {
                            "dataSource": "ICD10",
                            "id": "I10-I15.9"
                          },
                          {
                            "dataSource": "ICD10AM",
                            "id": "I10-I15.9"
                          },
                          {
                            "dataSource": "ICD10CM",
                            "id": "I10"
                          },
                          {
                            "dataSource": "ICD9CM",
                            "id": "997.91"
                          },
                          {
                            "dataSource": "ICPC2ICD10ENG",
                            "id": "MTHU035456"
                          },
                          {
                            "dataSource": "ICPC2P",
                            "id": "K85004"
                          },
                          {
                            "dataSource": "LCH",
                            "id": "U002317"
                          },
                          {
                            "dataSource": "LCH_NW",
                            "id": "sh85063723"
                          },
                          {
                            "dataSource": "LNC",
                            "id": "LA14293-7"
                          },
                          {
                            "dataSource": "MDR",
                            "id": "10020772"
                          },
                          {
                            "dataSource": "MEDCIN",
                            "id": "33288"
                          },
                          {
                            "dataSource": "MEDLINEPLUS",
                            "id": "34"
                          },
                          {
                            "dataSource": "MSH",
                            "id": "D006973"
                          },
                          {
                            "dataSource": "MTH",
                            "id": "005"
                          },
                          {
                            "dataSource": "MTHICD9",
                            "id": "997.91"
                          },
                          {
                            "dataSource": "NANDA-I",
                            "id": "00905"
                          },
                          {
                            "dataSource": "NCI",
                            "id": "C3117"
                          },
                          {
                            "dataSource": "NOC",
                            "id": "060808"
                          },
                          {
                            "dataSource": "OMIM",
                            "id": "MTHU002068"
                          },
                          {
                            "dataSource": "PCDS",
                            "id": "PRB_11000.06"
                          },
                          {
                            "dataSource": "PDQ",
                            "id": "CDR0000686951"
                          },
                          {
                            "dataSource": "PSY",
                            "id": "23830"
                          },
                          {
                            "dataSource": "RCD",
                            "id": "XE0Ub"
                          },
                          {
                            "dataSource": "SNM",
                            "id": "F-70700"
                          },
                          {
                            "dataSource": "SNMI",
                            "id": "D3-02000"
                          },
                          {
                            "dataSource": "SNOMEDCT_US",
                            "id": "38341003"
                          },
                          {
                            "dataSource": "WHO",
                            "id": "0210"
                          }
                        ]
                      }
                    ],
                    "relations": [],
                    "warnings": []
                  },
                  {
                    "id": "1",
                    "entities": [
                      {
                        "offset": 11,
                        "length": 5,
                        "text": "100mg",
                        "category": "Dosage",
                        "confidenceScore": 0.99
                      },
                      {
                        "offset": 17,
                        "length": 9,
                        "text": "ibuprofen",
                        "category": "MedicationName",
                        "confidenceScore": 1.0,
                        "name": "ibuprofen",
                        "links": [
                          {
                            "dataSource": "UMLS",
                            "id": "C0020740"
                          },
                          {
                            "dataSource": "AOD",
                            "id": "0000019879"
                          },
                          {
                            "dataSource": "ATC",
                            "id": "M01AE01"
                          },
                          {
                            "dataSource": "CCPSS",
                            "id": "0046165"
                          },
                          {
                            "dataSource": "CHV",
                            "id": "0000006519"
                          },
                          {
                            "dataSource": "CSP",
                            "id": "2270-2077"
                          },
                          {
                            "dataSource": "DRUGBANK",
                            "id": "DB01050"
                          },
                          {
                            "dataSource": "GS",
                            "id": "1611"
                          },
                          {
                            "dataSource": "LCH_NW",
                            "id": "sh97005926"
                          },
                          {
                            "dataSource": "LNC",
                            "id": "LP16165-0"
                          },
                          {
                            "dataSource": "MEDCIN",
                            "id": "40458"
                          },
                          {
                            "dataSource": "MMSL",
                            "id": "d00015"
                          },
                          {
                            "dataSource": "MSH",
                            "id": "D007052"
                          },
                          {
                            "dataSource": "MTHSPL",
                            "id": "WK2XYI10QM"
                          },
                          {
                            "dataSource": "NCI",
                            "id": "C561"
                          },
                          {
                            "dataSource": "NDDF",
                            "id": "002377"
                          },
                          {
                            "dataSource": "PDQ",
                            "id": "CDR0000040475"
                          },
                          {
                            "dataSource": "RCD",
                            "id": "x02MO"
                          },
                          {
                            "dataSource": "RXNORM",
                            "id": "5640"
                          },
                          {
                            "dataSource": "SNM",
                            "id": "E-7772"
                          },
                          {
                            "dataSource": "SNMI",
                            "id": "C-603C0"
                          },
                          {
                            "dataSource": "SNOMEDCT_US",
                            "id": "387207008"
                          },
                          {
                            "dataSource": "USP",
                            "id": "m39860"
                          },
                          {
                            "dataSource": "USPMG",
                            "id": "MTHU000060"
                          },
                          {
                            "dataSource": "VANDF",
                            "id": "4017840"
                          }
                        ]
                      },
                      {
                        "offset": 34,
                        "length": 11,
                        "text": "twice daily",
                        "category": "Frequency",
                        "confidenceScore": 1.0
                      }
                    ],
                    "relations": [
                      {
                        "confidenceScore": 1.0,
                        "relationType": "DosageOfMedication",
                        "entities": [
                          {
                            "ref": "#/results/documents/1/entities/0",
                            "role": "Dosage"
                          },
                          {
                            "ref": "#/results/documents/1/entities/1",
                            "role": "Medication"
                          }
                        ]
                      },
                      {
                        "confidenceScore": 1.0,
                        "relationType": "FrequencyOfMedication",
                        "entities": [
                          {
                            "ref": "#/results/documents/1/entities/1",
                            "role": "Medication"
                          },
                          {
                            "ref": "#/results/documents/1/entities/2",
                            "role": "Frequency"
                          }
                        ]
                      }
                    ],
                    "warnings": []
                  }
                ],
                "errors": [],
                "modelVersion": "2023-04-01"
              }
            },
            {
              "kind": "EntityRecognitionLROResults",
              "lastUpdateDateTime": "2023-05-16T15:59:54.4949219Z",
              "status": "succeeded",
              "results": {
                "documents": [
                  {
                    "id": "0",
                    "entities": [
                      {
                        "text": "Patient",
                        "category": "PersonType",
                        "offset": 0,
                        "length": 7,
                        "confidenceScore": 0.99
                      }
                    ],
                    "warnings": []
                  },
                  {
                    "id": "1",
                    "entities": [
                      {
                        "text": "100mg",
                        "category": "Quantity",
                        "subcategory": "Dimension",
                        "offset": 11,
                        "length": 5,
                        "confidenceScore": 0.8
                      },
                      {
                        "text": "ibuprofen",
                        "category": "Product",
                        "offset": 17,
                        "length": 9,
                        "confidenceScore": 0.89
                      },
                      {
                        "text": "daily",
                        "category": "DateTime",
                        "subcategory": "Set",
                        "offset": 40,
                        "length": 5,
                        "confidenceScore": 0.8
                      }
                    ],
                    "warnings": []
                  }
                ],
                "errors": [],
                "modelVersion": "2021-06-01"
              }
            },
            {
              "kind": "PiiEntityRecognitionLROResults",
              "lastUpdateDateTime": "2023-05-16T15:59:51.8037069Z",
              "status": "succeeded",
              "results": {
                "documents": [
                  {
                    "redactedText": "******* does not suffer from high blood pressure.",
                    "id": "0",
                    "entities": [
                      {
                        "text": "Patient",
                        "category": "PersonType",
                        "offset": 0,
                        "length": 7,
                        "confidenceScore": 0.94
                      }
                    ],
                    "warnings": []
                  },
                  {
                    "redactedText": "Prescribed 100mg ibuprofen, taken twice *****.",
                    "id": "1",
                    "entities": [
                      {
                        "text": "daily",
                        "category": "DateTime",
                        "subcategory": "Set",
                        "offset": 40,
                        "length": 5,
                        "confidenceScore": 0.8
                      }
                    ],
                    "warnings": []
                  }
                ],
                "errors": [],
                "modelVersion": "2021-01-15"
              }
            },
            {
              "kind": "SentimentAnalysisLROResults",
              "lastUpdateDateTime": "2023-05-16T15:59:49.8949563Z",
              "status": "succeeded",
              "results": {
                "documents": [
                  {
                    "id": "0",
                    "sentiment": "neutral",
                    "confidenceScores": {
                      "positive": 0.46,
                      "neutral": 0.5,
                      "negative": 0.05
                    },
                    "sentences": [
                      {
                        "sentiment": "neutral",
                        "confidenceScores": {
                          "positive": 0.46,
                          "neutral": 0.5,
                          "negative": 0.05
                        },
                        "offset": 0,
                        "length": 49,
                        "text": "Patient does not suffer from high blood pressure.",
                        "targets": [],
                        "assessments": []
                      }
                    ],
                    "warnings": []
                  },
                  {
                    "id": "1",
                    "sentiment": "neutral",
                    "confidenceScores": {
                      "positive": 0.01,
                      "neutral": 0.99,
                      "negative": 0.0
                    },
                    "sentences": [
                      {
                        "sentiment": "neutral",
                        "confidenceScores": {
                          "positive": 0.01,
                          "neutral": 0.99,
                          "negative": 0.0
                        },
                        "offset": 0,
                        "length": 46,
                        "text": "Prescribed 100mg ibuprofen, taken twice daily.",
                        "targets": [],
                        "assessments": []
                      }
                    ],
                    "warnings": []
                  }
                ],
                "errors": [],
                "modelVersion": "2022-11-01"
              }
            }
          ]
        }
      }
    },
    {
      "RequestUri": "https://endpointlanguage/analyze-text/jobs/233daff0-7f5a-4a72-88f2-94f8070b6143?api-version=2022-10-01-preview",
      "RequestMethod": "GET",
      "RequestHeaders": {
        "Accept": "application/json",
        "Accept-Encoding": "gzip, deflate, br",
        "Accept-Language": "en-US",
        "Connection": "keep-alive",
        "ocp-apim-subscription-key": "api_key",
        "Referer": "http://localhost:9876/",
        "sec-ch-ua": "",
        "sec-ch-ua-mobile": "?0",
        "sec-ch-ua-platform": "\u0022\u0022",
        "Sec-Fetch-Dest": "empty",
        "Sec-Fetch-Mode": "cors",
        "Sec-Fetch-Site": "same-site",
        "User-Agent": "Mozilla/5.0 (Windows NT 10.0; Win64; x64) AppleWebKit/537.36 (KHTML, like Gecko) HeadlessChrome/112.0.5614.0 Safari/537.36",
        "x-ms-client-request-id": "218c72cd-7a88-4dfd-b75c-1f0c1decb338",
        "x-ms-useragent": "azsdk-js-ai-language-text/1.1.0-beta.3 core-rest-pipeline/1.10.4 OS"
      },
      "RequestBody": null,
      "StatusCode": 200,
      "ResponseHeaders": {
        "apim-request-id": "47d9ba21-2be5-458e-aa62-a7bee6ca8eb6",
        "Content-Length": "5875",
        "Content-Type": "application/json; charset=utf-8",
        "Date": "Tue, 16 May 2023 15:59:55 GMT",
        "Strict-Transport-Security": "max-age=31536000; includeSubDomains; preload",
        "X-Content-Type-Options": "nosniff",
        "x-envoy-upstream-service-time": "259",
        "x-ms-region": "East US"
      },
      "ResponseBody": {
        "jobId": "233daff0-7f5a-4a72-88f2-94f8070b6143",
        "lastUpdatedDateTime": "2023-05-16T15:59:54Z",
        "createdDateTime": "2023-05-16T15:59:48Z",
        "expirationDateTime": "2023-05-17T15:59:48Z",
        "status": "succeeded",
        "errors": [],
        "tasks": {
          "completed": 4,
          "failed": 0,
          "inProgress": 0,
          "total": 4,
          "items": [
            {
              "kind": "HealthcareLROResults",
              "lastUpdateDateTime": "2023-05-16T15:59:51.3971565Z",
              "status": "succeeded",
              "results": {
                "documents": [
                  {
                    "id": "0",
                    "entities": [
                      {
                        "offset": 29,
                        "length": 19,
                        "text": "high blood pressure",
                        "category": "SymptomOrSign",
                        "confidenceScore": 1.0,
                        "assertion": {
                          "certainty": "negative"
                        },
                        "name": "Hypertensive disease",
                        "links": [
                          {
                            "dataSource": "UMLS",
                            "id": "C0020538"
                          },
                          {
                            "dataSource": "AOD",
                            "id": "0000023317"
                          },
                          {
                            "dataSource": "BI",
                            "id": "BI00001"
                          },
                          {
                            "dataSource": "CCPSS",
                            "id": "1017493"
                          },
                          {
                            "dataSource": "CCS",
                            "id": "7.1"
                          },
                          {
                            "dataSource": "CHV",
                            "id": "0000015800"
                          },
                          {
                            "dataSource": "COSTAR",
                            "id": "397"
                          },
                          {
                            "dataSource": "CSP",
                            "id": "0571-5243"
                          },
                          {
                            "dataSource": "CST",
                            "id": "HYPERTENS"
                          },
                          {
                            "dataSource": "DXP",
                            "id": "U002034"
                          },
                          {
                            "dataSource": "HPO",
                            "id": "HP:0000822"
                          },
                          {
                            "dataSource": "ICD10",
                            "id": "I10-I15.9"
                          },
                          {
                            "dataSource": "ICD10AM",
                            "id": "I10-I15.9"
                          },
                          {
                            "dataSource": "ICD10CM",
                            "id": "I10"
                          },
                          {
                            "dataSource": "ICD9CM",
                            "id": "997.91"
                          },
                          {
                            "dataSource": "ICPC2ICD10ENG",
                            "id": "MTHU035456"
                          },
                          {
                            "dataSource": "ICPC2P",
                            "id": "K85004"
                          },
                          {
                            "dataSource": "LCH",
                            "id": "U002317"
                          },
                          {
                            "dataSource": "LCH_NW",
                            "id": "sh85063723"
                          },
                          {
                            "dataSource": "LNC",
                            "id": "LA14293-7"
                          },
                          {
                            "dataSource": "MDR",
                            "id": "10020772"
                          },
                          {
                            "dataSource": "MEDCIN",
                            "id": "33288"
                          },
                          {
                            "dataSource": "MEDLINEPLUS",
                            "id": "34"
                          },
                          {
                            "dataSource": "MSH",
                            "id": "D006973"
                          },
                          {
                            "dataSource": "MTH",
                            "id": "005"
                          },
                          {
                            "dataSource": "MTHICD9",
                            "id": "997.91"
                          },
                          {
                            "dataSource": "NANDA-I",
                            "id": "00905"
                          },
                          {
                            "dataSource": "NCI",
                            "id": "C3117"
                          },
                          {
                            "dataSource": "NOC",
                            "id": "060808"
                          },
                          {
                            "dataSource": "OMIM",
                            "id": "MTHU002068"
                          },
                          {
                            "dataSource": "PCDS",
                            "id": "PRB_11000.06"
                          },
                          {
                            "dataSource": "PDQ",
                            "id": "CDR0000686951"
                          },
                          {
                            "dataSource": "PSY",
                            "id": "23830"
                          },
                          {
                            "dataSource": "RCD",
                            "id": "XE0Ub"
                          },
                          {
                            "dataSource": "SNM",
                            "id": "F-70700"
                          },
                          {
                            "dataSource": "SNMI",
                            "id": "D3-02000"
                          },
                          {
                            "dataSource": "SNOMEDCT_US",
                            "id": "38341003"
                          },
                          {
                            "dataSource": "WHO",
                            "id": "0210"
                          }
                        ]
                      }
                    ],
                    "relations": [],
                    "warnings": []
                  },
                  {
                    "id": "1",
                    "entities": [
                      {
                        "offset": 11,
                        "length": 5,
                        "text": "100mg",
                        "category": "Dosage",
                        "confidenceScore": 0.99
                      },
                      {
                        "offset": 17,
                        "length": 9,
                        "text": "ibuprofen",
                        "category": "MedicationName",
                        "confidenceScore": 1.0,
                        "name": "ibuprofen",
                        "links": [
                          {
                            "dataSource": "UMLS",
                            "id": "C0020740"
                          },
                          {
                            "dataSource": "AOD",
                            "id": "0000019879"
                          },
                          {
                            "dataSource": "ATC",
                            "id": "M01AE01"
                          },
                          {
                            "dataSource": "CCPSS",
                            "id": "0046165"
                          },
                          {
                            "dataSource": "CHV",
                            "id": "0000006519"
                          },
                          {
                            "dataSource": "CSP",
                            "id": "2270-2077"
                          },
                          {
                            "dataSource": "DRUGBANK",
                            "id": "DB01050"
                          },
                          {
                            "dataSource": "GS",
                            "id": "1611"
                          },
                          {
                            "dataSource": "LCH_NW",
                            "id": "sh97005926"
                          },
                          {
                            "dataSource": "LNC",
                            "id": "LP16165-0"
                          },
                          {
                            "dataSource": "MEDCIN",
                            "id": "40458"
                          },
                          {
                            "dataSource": "MMSL",
                            "id": "d00015"
                          },
                          {
                            "dataSource": "MSH",
                            "id": "D007052"
                          },
                          {
                            "dataSource": "MTHSPL",
                            "id": "WK2XYI10QM"
                          },
                          {
                            "dataSource": "NCI",
                            "id": "C561"
                          },
                          {
                            "dataSource": "NDDF",
                            "id": "002377"
                          },
                          {
                            "dataSource": "PDQ",
                            "id": "CDR0000040475"
                          },
                          {
                            "dataSource": "RCD",
                            "id": "x02MO"
                          },
                          {
                            "dataSource": "RXNORM",
                            "id": "5640"
                          },
                          {
                            "dataSource": "SNM",
                            "id": "E-7772"
                          },
                          {
                            "dataSource": "SNMI",
                            "id": "C-603C0"
                          },
                          {
                            "dataSource": "SNOMEDCT_US",
                            "id": "387207008"
                          },
                          {
                            "dataSource": "USP",
                            "id": "m39860"
                          },
                          {
                            "dataSource": "USPMG",
                            "id": "MTHU000060"
                          },
                          {
                            "dataSource": "VANDF",
                            "id": "4017840"
                          }
                        ]
                      },
                      {
                        "offset": 34,
                        "length": 11,
                        "text": "twice daily",
                        "category": "Frequency",
                        "confidenceScore": 1.0
                      }
                    ],
                    "relations": [
                      {
                        "confidenceScore": 1.0,
                        "relationType": "DosageOfMedication",
                        "entities": [
                          {
                            "ref": "#/results/documents/1/entities/0",
                            "role": "Dosage"
                          },
                          {
                            "ref": "#/results/documents/1/entities/1",
                            "role": "Medication"
                          }
                        ]
                      },
                      {
                        "confidenceScore": 1.0,
                        "relationType": "FrequencyOfMedication",
                        "entities": [
                          {
                            "ref": "#/results/documents/1/entities/1",
                            "role": "Medication"
                          },
                          {
                            "ref": "#/results/documents/1/entities/2",
                            "role": "Frequency"
                          }
                        ]
                      }
                    ],
                    "warnings": []
                  }
                ],
                "errors": [],
                "modelVersion": "2023-04-01"
              }
            },
            {
              "kind": "EntityRecognitionLROResults",
              "lastUpdateDateTime": "2023-05-16T15:59:54.4949219Z",
              "status": "succeeded",
              "results": {
                "documents": [
                  {
                    "id": "0",
                    "entities": [
                      {
                        "text": "Patient",
                        "category": "PersonType",
                        "offset": 0,
                        "length": 7,
                        "confidenceScore": 0.99
                      }
                    ],
                    "warnings": []
                  },
                  {
                    "id": "1",
                    "entities": [
                      {
                        "text": "100mg",
                        "category": "Quantity",
                        "subcategory": "Dimension",
                        "offset": 11,
                        "length": 5,
                        "confidenceScore": 0.8
                      },
                      {
                        "text": "ibuprofen",
                        "category": "Product",
                        "offset": 17,
                        "length": 9,
                        "confidenceScore": 0.89
                      },
                      {
                        "text": "daily",
                        "category": "DateTime",
                        "subcategory": "Set",
                        "offset": 40,
                        "length": 5,
                        "confidenceScore": 0.8
                      }
                    ],
                    "warnings": []
                  }
                ],
                "errors": [],
                "modelVersion": "2021-06-01"
              }
            },
            {
              "kind": "PiiEntityRecognitionLROResults",
              "lastUpdateDateTime": "2023-05-16T15:59:51.8037069Z",
              "status": "succeeded",
              "results": {
                "documents": [
                  {
                    "redactedText": "******* does not suffer from high blood pressure.",
                    "id": "0",
                    "entities": [
                      {
                        "text": "Patient",
                        "category": "PersonType",
                        "offset": 0,
                        "length": 7,
                        "confidenceScore": 0.94
                      }
                    ],
                    "warnings": []
                  },
                  {
                    "redactedText": "Prescribed 100mg ibuprofen, taken twice *****.",
                    "id": "1",
                    "entities": [
                      {
                        "text": "daily",
                        "category": "DateTime",
                        "subcategory": "Set",
                        "offset": 40,
                        "length": 5,
                        "confidenceScore": 0.8
                      }
                    ],
                    "warnings": []
                  }
                ],
                "errors": [],
                "modelVersion": "2021-01-15"
              }
            },
            {
              "kind": "SentimentAnalysisLROResults",
              "lastUpdateDateTime": "2023-05-16T15:59:49.8949563Z",
              "status": "succeeded",
              "results": {
                "documents": [
                  {
                    "id": "0",
                    "sentiment": "neutral",
                    "confidenceScores": {
                      "positive": 0.46,
                      "neutral": 0.5,
                      "negative": 0.05
                    },
                    "sentences": [
                      {
                        "sentiment": "neutral",
                        "confidenceScores": {
                          "positive": 0.46,
                          "neutral": 0.5,
                          "negative": 0.05
                        },
                        "offset": 0,
                        "length": 49,
                        "text": "Patient does not suffer from high blood pressure.",
                        "targets": [],
                        "assessments": []
                      }
                    ],
                    "warnings": []
                  },
                  {
                    "id": "1",
                    "sentiment": "neutral",
                    "confidenceScores": {
                      "positive": 0.01,
                      "neutral": 0.99,
                      "negative": 0.0
                    },
                    "sentences": [
                      {
                        "sentiment": "neutral",
                        "confidenceScores": {
                          "positive": 0.01,
                          "neutral": 0.99,
                          "negative": 0.0
                        },
                        "offset": 0,
                        "length": 46,
                        "text": "Prescribed 100mg ibuprofen, taken twice daily.",
                        "targets": [],
                        "assessments": []
                      }
                    ],
                    "warnings": []
                  }
                ],
                "errors": [],
                "modelVersion": "2022-11-01"
              }
            }
          ]
        }
      }
    }
  ],
  "Variables": {}
}
