{
  "Entries": [
    {
      "RequestUri": "https://REDACTED/102917d50startincrementalcopyacfail7d2304667f52b4a860?restype=container",
      "RequestMethod": "PUT",
      "RequestHeaders": {
        "Accept": "application/xml",
        "Authorization": "Sanitized",
        "Content-Length": "0",
        "Date": "Mon, 11 Dec 2023 22:32:12 GMT",
        "User-Agent": "azsdk-java-azure-storage-blob/12.26.0-beta.1 (17.0.8; Windows 11; 10.0)",
        "x-ms-client-request-id": "44f0e293-2038-4192-96a4-b0da1a94561c",
        "x-ms-version": "2024-02-04"
      },
      "RequestBody": null,
      "StatusCode": 201,
      "ResponseHeaders": {
        "Content-Length": "0",
        "Date": "Mon, 11 Dec 2023 22:32:16 GMT",
        "ETag": "\u00220x8DBFA99076173AC\u0022",
        "Last-Modified": "Mon, 11 Dec 2023 22:32:16 GMT",
        "Server": [
          "Windows-Azure-Blob/1.0",
          "Microsoft-HTTPAPI/2.0"
        ],
        "x-ms-client-request-id": "44f0e293-2038-4192-96a4-b0da1a94561c",
        "x-ms-request-id": "7889003d-e01e-0069-1581-2cae2a000000",
        "x-ms-version": "2024-02-04"
      },
      "ResponseBody": null
    },
    {
      "RequestUri": "https://REDACTED/102917d50startincrementalcopyacfail7d2304667f52b4a860?restype=container",
      "RequestMethod": "PUT",
      "RequestHeaders": {
        "Accept": "application/xml",
        "Authorization": "Sanitized",
        "Content-Length": "0",
        "Date": "Mon, 11 Dec 2023 22:32:12 GMT",
        "User-Agent": "azsdk-java-azure-storage-blob/12.26.0-beta.1 (17.0.8; Windows 11; 10.0)",
        "x-ms-client-request-id": "1cb7f065-57bb-4a5e-b999-c42db66d2c04",
        "x-ms-version": "2024-02-04"
      },
      "RequestBody": null,
      "StatusCode": 409,
      "ResponseHeaders": {
        "Content-Length": "230",
        "Content-Type": "application/xml",
        "Date": "Mon, 11 Dec 2023 22:32:16 GMT",
        "Server": [
          "Windows-Azure-Blob/1.0",
          "Microsoft-HTTPAPI/2.0"
        ],
        "x-ms-client-request-id": "1cb7f065-57bb-4a5e-b999-c42db66d2c04",
        "x-ms-error-code": "ContainerAlreadyExists",
        "x-ms-request-id": "7889016b-e01e-0069-4781-2cae2a000000",
        "x-ms-version": "2024-02-04"
      },
      "ResponseBody": [
        "\uFEFF\u003C?xml version=\u00221.0\u0022 encoding=\u0022utf-8\u0022?\u003E\u003CError\u003E\u003CCode\u003EContainerAlreadyExists\u003C/Code\u003E\u003CMessage\u003EThe specified container already exists.\n",
        "RequestId:7889016b-e01e-0069-4781-2cae2a000000\n",
        "Time:2023-12-11T22:32:16.4724033Z\u003C/Message\u003E\u003C/Error\u003E"
      ]
    },
    {
      "RequestUri": "https://REDACTED/102917d50startincrementalcopyacfail7d2304667f52b4a860/102917d51startincrementalcopyacfail7d23126097f84a84d3",
      "RequestMethod": "PUT",
      "RequestHeaders": {
        "Accept": "application/xml",
        "Authorization": "Sanitized",
        "Content-Length": "7",
        "Content-Type": "application/octet-stream",
        "Date": "Mon, 11 Dec 2023 22:32:12 GMT",
        "If-None-Match": "*",
        "User-Agent": "azsdk-java-azure-storage-blob/12.26.0-beta.1 (17.0.8; Windows 11; 10.0)",
        "x-ms-blob-type": "BlockBlob",
        "x-ms-client-request-id": "8fe6e9b3-1199-4baa-aa2d-e0cd036c52d3",
        "x-ms-version": "2024-02-04"
      },
      "RequestBody": "ZGVmYXVsdA==",
      "StatusCode": 201,
      "ResponseHeaders": {
        "Content-Length": "0",
        "Content-MD5": "wh\u002BWm18D0z1D4E\u002BPE252gg==",
        "Date": "Mon, 11 Dec 2023 22:32:16 GMT",
        "ETag": "\u00220x8DBFA99077C3277\u0022",
        "Last-Modified": "Mon, 11 Dec 2023 22:32:16 GMT",
        "Server": [
          "Windows-Azure-Blob/1.0",
          "Microsoft-HTTPAPI/2.0"
        ],
        "x-ms-client-request-id": "8fe6e9b3-1199-4baa-aa2d-e0cd036c52d3",
        "x-ms-content-crc64": "6RYQPwaVsyQ=",
        "x-ms-request-id": "7889027f-e01e-0069-6281-2cae2a000000",
        "x-ms-request-server-encrypted": "true",
        "x-ms-version": "2024-02-04"
      },
      "ResponseBody": null
    },
    {
      "RequestUri": "https://REDACTED/102917d50startincrementalcopyacfail7d2304667f52b4a860/102917d52startincrementalcopyacfail7d2665775ede47f99c",
      "RequestMethod": "PUT",
      "RequestHeaders": {
        "Accept": "application/xml",
        "Authorization": "Sanitized",
        "Content-Length": "7",
        "Content-Type": "application/octet-stream",
        "Date": "Mon, 11 Dec 2023 22:32:12 GMT",
        "User-Agent": "azsdk-java-azure-storage-blob/12.26.0-beta.1 (17.0.8; Windows 11; 10.0)",
        "x-ms-blob-type": "BlockBlob",
        "x-ms-client-request-id": "ca54a036-a13e-492d-bd06-f235f820d433",
        "x-ms-version": "2024-02-04"
      },
      "RequestBody": "ZGVmYXVsdA==",
      "StatusCode": 201,
      "ResponseHeaders": {
        "Content-Length": "0",
        "Content-MD5": "wh\u002BWm18D0z1D4E\u002BPE252gg==",
        "Date": "Mon, 11 Dec 2023 22:32:16 GMT",
        "ETag": "\u00220x8DBFA99078A3A40\u0022",
        "Last-Modified": "Mon, 11 Dec 2023 22:32:16 GMT",
        "Server": [
          "Windows-Azure-Blob/1.0",
          "Microsoft-HTTPAPI/2.0"
        ],
        "x-ms-client-request-id": "ca54a036-a13e-492d-bd06-f235f820d433",
        "x-ms-content-crc64": "6RYQPwaVsyQ=",
        "x-ms-request-id": "788903bd-e01e-0069-1181-2cae2a000000",
        "x-ms-request-server-encrypted": "true",
        "x-ms-version": "2024-02-04"
      },
      "ResponseBody": null
    },
    {
      "RequestUri": "https://REDACTED/102917d50startincrementalcopyacfail7d2304667f52b4a860/102917d53startincrementalcopyacfail7d215917f9f07abf73",
      "RequestMethod": "PUT",
      "RequestHeaders": {
        "Accept": "application/xml",
        "Authorization": "Sanitized",
        "Content-Length": "0",
        "Date": "Mon, 11 Dec 2023 22:32:12 GMT",
        "If-None-Match": "*",
        "User-Agent": "azsdk-java-azure-storage-blob/12.26.0-beta.1 (17.0.8; Windows 11; 10.0)",
        "x-ms-blob-type": "AppendBlob",
        "x-ms-client-request-id": "aab82a4c-f737-4a08-aaa0-6ecce2b432c2",
        "x-ms-version": "2024-02-04"
      },
      "RequestBody": null,
      "StatusCode": 201,
      "ResponseHeaders": {
        "Content-Length": "0",
        "Date": "Mon, 11 Dec 2023 22:32:16 GMT",
        "ETag": "\u00220x8DBFA990798B6FB\u0022",
        "Last-Modified": "Mon, 11 Dec 2023 22:32:16 GMT",
        "Server": [
          "Windows-Azure-Blob/1.0",
          "Microsoft-HTTPAPI/2.0"
        ],
        "x-ms-client-request-id": "aab82a4c-f737-4a08-aaa0-6ecce2b432c2",
        "x-ms-request-id": "788904f2-e01e-0069-3581-2cae2a000000",
        "x-ms-request-server-encrypted": "true",
        "x-ms-version": "2024-02-04"
      },
      "ResponseBody": null
    },
    {
      "RequestUri": "https://REDACTED/102917d50startincrementalcopyacfail7d2304667f52b4a860/102917d54startincrementalcopyacfail7d2566044aecb26776",
      "RequestMethod": "PUT",
      "RequestHeaders": {
        "Accept": "application/xml",
        "Authorization": "Sanitized",
        "Content-Length": "0",
        "Date": "Mon, 11 Dec 2023 22:32:12 GMT",
        "If-None-Match": "*",
        "User-Agent": "azsdk-java-azure-storage-blob/12.26.0-beta.1 (17.0.8; Windows 11; 10.0)",
        "x-ms-blob-content-length": "512",
        "x-ms-blob-type": "PageBlob",
        "x-ms-client-request-id": "4b87ba21-d73d-42d8-a4d2-24a654991611",
        "x-ms-version": "2024-02-04"
      },
      "RequestBody": null,
      "StatusCode": 201,
      "ResponseHeaders": {
        "Content-Length": "0",
        "Date": "Mon, 11 Dec 2023 22:32:16 GMT",
        "ETag": "\u00220x8DBFA9907A6709C\u0022",
        "Last-Modified": "Mon, 11 Dec 2023 22:32:16 GMT",
        "Server": [
          "Windows-Azure-Blob/1.0",
          "Microsoft-HTTPAPI/2.0"
        ],
        "x-ms-client-request-id": "4b87ba21-d73d-42d8-a4d2-24a654991611",
        "x-ms-request-id": "7889060f-e01e-0069-5981-2cae2a000000",
        "x-ms-request-server-encrypted": "true",
        "x-ms-version": "2024-02-04"
      },
      "ResponseBody": null
    },
    {
      "RequestUri": "https://REDACTED/102917d56startincrementalcopyacfail7d237321639e7438cb?restype=container",
      "RequestMethod": "PUT",
      "RequestHeaders": {
        "Accept": "application/xml",
        "Authorization": "Sanitized",
        "Content-Length": "0",
        "Date": "Mon, 11 Dec 2023 22:32:13 GMT",
        "User-Agent": "azsdk-java-azure-storage-blob/12.26.0-beta.1 (17.0.8; Windows 11; 10.0)",
        "x-ms-client-request-id": "28ae079d-42f0-49a1-b460-f64f5c6b49a8",
        "x-ms-version": "2024-02-04"
      },
      "RequestBody": null,
      "StatusCode": 201,
      "ResponseHeaders": {
        "Content-Length": "0",
        "Date": "Mon, 11 Dec 2023 22:32:16 GMT",
        "ETag": "\u00220x8DBFA9907B4E7E6\u0022",
        "Last-Modified": "Mon, 11 Dec 2023 22:32:16 GMT",
        "Server": [
          "Windows-Azure-Blob/1.0",
          "Microsoft-HTTPAPI/2.0"
        ],
        "x-ms-client-request-id": "28ae079d-42f0-49a1-b460-f64f5c6b49a8",
        "x-ms-request-id": "e84865c9-901e-0028-5981-2c80fd000000",
        "x-ms-version": "2024-02-04"
      },
      "ResponseBody": null
    },
    {
      "RequestUri": "https://REDACTED/102917d50startincrementalcopyacfail7d2304667f52b4a860?restype=container\u0026comp=acl",
      "RequestMethod": "PUT",
      "RequestHeaders": {
        "Accept": "application/xml",
        "Authorization": "Sanitized",
        "Content-Length": "58",
        "Content-Type": "application/xml",
        "Date": "Mon, 11 Dec 2023 22:32:13 GMT",
        "User-Agent": "azsdk-java-azure-storage-blob/12.26.0-beta.1 (17.0.8; Windows 11; 10.0)",
        "x-ms-blob-public-access": "blob",
        "x-ms-client-request-id": "a26a6ff2-a3ac-44cd-9460-9c24677de333",
        "x-ms-version": "2024-02-04"
      },
      "RequestBody": "\u003C?xml version=\u00271.0\u0027 encoding=\u0027UTF-8\u0027?\u003E\u003CSignedIdentifiers/\u003E",
      "StatusCode": 200,
      "ResponseHeaders": {
        "Content-Length": "0",
        "Date": "Mon, 11 Dec 2023 22:32:16 GMT",
        "ETag": "\u00220x8DBFA9907C3C27B\u0022",
        "Last-Modified": "Mon, 11 Dec 2023 22:32:17 GMT",
        "Server": [
          "Windows-Azure-Blob/1.0",
          "Microsoft-HTTPAPI/2.0"
        ],
        "x-ms-client-request-id": "a26a6ff2-a3ac-44cd-9460-9c24677de333",
        "x-ms-request-id": "78890854-e01e-0069-1d81-2cae2a000000",
        "x-ms-version": "2024-02-04"
      },
      "ResponseBody": null
    },
    {
      "RequestUri": "https://REDACTED/102917d50startincrementalcopyacfail7d2304667f52b4a860?restype=container\u0026comp=acl",
      "RequestMethod": "GET",
      "RequestHeaders": {
        "Accept": "application/xml",
        "Authorization": "Sanitized",
        "Content-Length": "0",
        "Date": "Mon, 11 Dec 2023 22:32:13 GMT",
        "User-Agent": "azsdk-java-azure-storage-blob/12.26.0-beta.1 (17.0.8; Windows 11; 10.0)",
        "x-ms-client-request-id": "e7870309-66a0-49d4-b275-4160a457c4ec",
        "x-ms-version": "2024-02-04"
      },
      "RequestBody": null,
      "StatusCode": 200,
      "ResponseHeaders": {
        "Content-Type": "application/xml",
        "Date": "Mon, 11 Dec 2023 22:32:16 GMT",
        "ETag": "\u00220x8DBFA9907C3C27B\u0022",
        "Last-Modified": "Mon, 11 Dec 2023 22:32:17 GMT",
        "Server": [
          "Windows-Azure-Blob/1.0",
          "Microsoft-HTTPAPI/2.0"
        ],
        "Transfer-Encoding": "chunked",
        "x-ms-blob-public-access": "blob",
        "x-ms-client-request-id": "e7870309-66a0-49d4-b275-4160a457c4ec",
        "x-ms-request-id": "7889098f-e01e-0069-4881-2cae2a000000",
        "x-ms-version": "2024-02-04"
      },
      "ResponseBody": "\uFEFF\u003C?xml version=\u00221.0\u0022 encoding=\u0022utf-8\u0022?\u003E\u003CSignedIdentifiers /\u003E"
    },
    {
      "RequestUri": "https://REDACTED/102917d50startincrementalcopyacfail7d2304667f52b4a860/102917d54startincrementalcopyacfail7d2566044aecb26776?comp=snapshot",
      "RequestMethod": "PUT",
      "RequestHeaders": {
        "Accept": "application/xml",
        "Authorization": "Sanitized",
        "Content-Length": "0",
        "Date": "Mon, 11 Dec 2023 22:32:13 GMT",
        "User-Agent": "azsdk-java-azure-storage-blob/12.26.0-beta.1 (17.0.8; Windows 11; 10.0)",
        "x-ms-client-request-id": "221d5e28-f655-4bf3-bee7-5acf8c5b5a5a",
        "x-ms-version": "2024-02-04"
      },
      "RequestBody": null,
      "StatusCode": 201,
      "ResponseHeaders": {
        "Content-Length": "0",
        "Date": "Mon, 11 Dec 2023 22:32:17 GMT",
        "ETag": "\u00220x8DBFA9907A6709C\u0022",
        "Last-Modified": "Mon, 11 Dec 2023 22:32:16 GMT",
        "Server": [
          "Windows-Azure-Blob/1.0",
          "Microsoft-HTTPAPI/2.0"
        ],
        "x-ms-client-request-id": "221d5e28-f655-4bf3-bee7-5acf8c5b5a5a",
        "x-ms-request-id": "78890af7-e01e-0069-0b81-2cae2a000000",
        "x-ms-request-server-encrypted": "false",
        "x-ms-snapshot": "2023-12-11T22:32:17.2033655Z",
        "x-ms-version": "2024-02-04"
      },
      "ResponseBody": null
    },
    {
      "RequestUri": "https://REDACTED/102917d50startincrementalcopyacfail7d2304667f52b4a860/102917d58startincrementalcopyacfail7d205365ce330b6a4f?comp=incrementalcopy",
      "RequestMethod": "PUT",
      "RequestHeaders": {
        "Accept": "application/xml",
        "Authorization": "Sanitized",
        "Content-Length": "0",
        "Date": "Mon, 11 Dec 2023 22:32:13 GMT",
        "User-Agent": "azsdk-java-azure-storage-blob/12.26.0-beta.1 (17.0.8; Windows 11; 10.0)",
        "x-ms-client-request-id": "76d54f5f-0225-4420-bb6d-86c653874d79",
        "x-ms-copy-source": "https://REDACTED/102917d50startincrementalcopyacfail7d2304667f52b4a860/102917d54startincrementalcopyacfail7d2566044aecb26776?snapshot=2023-12-11T22:32:17.2033655Z",
        "x-ms-version": "2024-02-04"
      },
      "RequestBody": null,
      "StatusCode": 202,
      "ResponseHeaders": {
        "Content-Length": "0",
        "Date": "Mon, 11 Dec 2023 22:32:17 GMT",
        "ETag": "\u00220x8DBFA9907F373F0\u0022",
        "Last-Modified": "Mon, 11 Dec 2023 22:32:17 GMT",
        "Server": [
          "Windows-Azure-Blob/1.0",
          "Microsoft-HTTPAPI/2.0"
        ],
        "x-ms-client-request-id": "76d54f5f-0225-4420-bb6d-86c653874d79",
        "x-ms-copy-id": "29e9f266-b4c9-4e33-b2fd-682f2f1dfe69",
        "x-ms-copy-status": "pending",
        "x-ms-request-id": "78890c5c-e01e-0069-5281-2cae2a000000",
        "x-ms-version": "2024-02-04"
      },
      "ResponseBody": null
    },
    {
      "RequestUri": "https://REDACTED/102917d50startincrementalcopyacfail7d2304667f52b4a860/102917d54startincrementalcopyacfail7d2566044aecb26776?comp=snapshot",
      "RequestMethod": "PUT",
      "RequestHeaders": {
        "Accept": "application/xml",
        "Authorization": "Sanitized",
        "Content-Length": "0",
        "Date": "Mon, 11 Dec 2023 22:32:13 GMT",
        "User-Agent": "azsdk-java-azure-storage-blob/12.26.0-beta.1 (17.0.8; Windows 11; 10.0)",
        "x-ms-client-request-id": "36939f9f-03d1-4791-b070-69402406acc2",
        "x-ms-version": "2024-02-04"
      },
      "RequestBody": null,
      "StatusCode": 201,
      "ResponseHeaders": {
        "Content-Length": "0",
        "Date": "Mon, 11 Dec 2023 22:32:17 GMT",
        "ETag": "\u00220x8DBFA9907A6709C\u0022",
        "Last-Modified": "Mon, 11 Dec 2023 22:32:16 GMT",
        "Server": [
          "Windows-Azure-Blob/1.0",
          "Microsoft-HTTPAPI/2.0"
        ],
        "x-ms-client-request-id": "36939f9f-03d1-4791-b070-69402406acc2",
        "x-ms-request-id": "78890df6-e01e-0069-4281-2cae2a000000",
        "x-ms-request-server-encrypted": "false",
        "x-ms-snapshot": "2023-12-11T22:32:17.4312356Z",
        "x-ms-version": "2024-02-04"
      },
      "ResponseBody": null
    },
    {
      "RequestUri": "https://REDACTED/102917d50startincrementalcopyacfail7d2304667f52b4a860/102917d58startincrementalcopyacfail7d205365ce330b6a4f?comp=incrementalcopy",
      "RequestMethod": "PUT",
      "RequestHeaders": {
        "Accept": "application/xml",
        "Authorization": "Sanitized",
        "Content-Length": "0",
        "Date": "Mon, 11 Dec 2023 22:32:13 GMT",
        "If-Modified-Since": "Tue, 12 Dec 2023 22:31:24 GMT",
        "User-Agent": "azsdk-java-azure-storage-blob/12.26.0-beta.1 (17.0.8; Windows 11; 10.0)",
        "x-ms-client-request-id": "c0bb6665-9b2d-4b85-bcd4-9dbef46f00a5",
        "x-ms-copy-source": "https://REDACTED/102917d50startincrementalcopyacfail7d2304667f52b4a860/102917d54startincrementalcopyacfail7d2566044aecb26776?snapshot=2023-12-11T22:32:17.4312356Z",
        "x-ms-version": "2024-02-04"
      },
      "RequestBody": null,
      "StatusCode": 412,
      "ResponseHeaders": {
        "Content-Length": "252",
        "Content-Type": "application/xml",
        "Date": "Mon, 11 Dec 2023 22:32:17 GMT",
        "Server": [
          "Windows-Azure-Blob/1.0",
          "Microsoft-HTTPAPI/2.0"
        ],
        "x-ms-client-request-id": "c0bb6665-9b2d-4b85-bcd4-9dbef46f00a5",
        "x-ms-error-code": "ConditionNotMet",
        "x-ms-request-id": "78890f11-e01e-0069-6081-2cae2a000000",
        "x-ms-version": "2024-02-04"
      },
      "ResponseBody": [
        "\uFEFF\u003C?xml version=\u00221.0\u0022 encoding=\u0022utf-8\u0022?\u003E\u003CError\u003E\u003CCode\u003EConditionNotMet\u003C/Code\u003E\u003CMessage\u003EThe condition specified using HTTP conditional header(s) is not met.\n",
        "RequestId:78890f11-e01e-0069-6081-2cae2a000000\n",
        "Time:2023-12-11T22:32:17.5457908Z\u003C/Message\u003E\u003C/Error\u003E"
      ]
    }
  ],
  "Variables": {
    "0": "102917d50startincrementalcopyacfail7d2304667f52b4a860",
    "1": "102917d51startincrementalcopyacfail7d23126097f84a84d3",
    "2": "102917d52startincrementalcopyacfail7d2665775ede47f99c",
    "3": "102917d53startincrementalcopyacfail7d215917f9f07abf73",
    "4": "102917d54startincrementalcopyacfail7d2566044aecb26776",
    "5": "102917d55startincrementalcopyacfail7d2985461b67949788",
    "6": "102917d56startincrementalcopyacfail7d237321639e7438cb",
    "7": "102917d57startincrementalcopyacfail7d24046683411875cf",
    "8": "102917d58startincrementalcopyacfail7d205365ce330b6a4f"
  }
}
