{
  "Entries": [
    {
      "RequestUri": "https://REDACTED/1fe7901f0stageblockfromurlminc0641308a98eec53ec0d4?restype=container",
      "RequestMethod": "PUT",
      "RequestHeaders": {
        "Accept": "application/xml",
        "Authorization": "Sanitized",
        "Content-Length": "0",
        "Date": "Mon, 11 Dec 2023 23:23:50 GMT",
        "User-Agent": "azsdk-java-azure-storage-blob/12.26.0-beta.1 (17.0.8; Windows 11; 10.0)",
        "x-ms-client-request-id": "7fd10202-0ea7-41fe-af37-8c202b046647",
        "x-ms-version": "2024-02-04"
      },
      "RequestBody": null,
      "StatusCode": 201,
      "ResponseHeaders": {
        "Content-Length": "0",
        "Date": "Mon, 11 Dec 2023 23:23:53 GMT",
        "ETag": "\u00220x8DBFAA03DD3A6F5\u0022",
        "Last-Modified": "Mon, 11 Dec 2023 23:23:54 GMT",
        "Server": [
          "Windows-Azure-Blob/1.0",
          "Microsoft-HTTPAPI/2.0"
        ],
        "x-ms-client-request-id": "7fd10202-0ea7-41fe-af37-8c202b046647",
        "x-ms-request-id": "7beb196f-701e-006b-5f89-2c1092000000",
        "x-ms-version": "2024-02-04"
      },
      "ResponseBody": null
    },
    {
      "RequestUri": "https://REDACTED/1fe7901f0stageblockfromurlminc0641308a98eec53ec0d4?restype=container",
      "RequestMethod": "PUT",
      "RequestHeaders": {
        "Accept": "application/xml",
        "Authorization": "Sanitized",
        "Content-Length": "0",
        "Date": "Mon, 11 Dec 2023 23:23:50 GMT",
        "User-Agent": "azsdk-java-azure-storage-blob/12.26.0-beta.1 (17.0.8; Windows 11; 10.0)",
        "x-ms-client-request-id": "87889126-edc2-494d-add9-a93e7c7dea09",
        "x-ms-version": "2024-02-04"
      },
      "RequestBody": null,
      "StatusCode": 409,
      "ResponseHeaders": {
        "Content-Length": "230",
        "Content-Type": "application/xml",
        "Date": "Mon, 11 Dec 2023 23:23:54 GMT",
        "Server": [
          "Windows-Azure-Blob/1.0",
          "Microsoft-HTTPAPI/2.0"
        ],
        "x-ms-client-request-id": "87889126-edc2-494d-add9-a93e7c7dea09",
        "x-ms-error-code": "ContainerAlreadyExists",
        "x-ms-request-id": "7beb1a0f-701e-006b-6f89-2c1092000000",
        "x-ms-version": "2024-02-04"
      },
      "ResponseBody": [
        "\uFEFF\u003C?xml version=\u00221.0\u0022 encoding=\u0022utf-8\u0022?\u003E\u003CError\u003E\u003CCode\u003EContainerAlreadyExists\u003C/Code\u003E\u003CMessage\u003EThe specified container already exists.\n",
        "RequestId:7beb1a0f-701e-006b-6f89-2c1092000000\n",
        "Time:2023-12-11T23:23:54.3018974Z\u003C/Message\u003E\u003C/Error\u003E"
      ]
    },
    {
      "RequestUri": "https://REDACTED/1fe7901f0stageblockfromurlminc0641308a98eec53ec0d4/1fe7901f1stageblockfromurlminc065001467e71f3ac3774",
      "RequestMethod": "PUT",
      "RequestHeaders": {
        "Accept": "application/xml",
        "Authorization": "Sanitized",
        "Content-Length": "7",
        "Content-Type": "application/octet-stream",
        "Date": "Mon, 11 Dec 2023 23:23:50 GMT",
        "User-Agent": "azsdk-java-azure-storage-blob/12.26.0-beta.1 (17.0.8; Windows 11; 10.0)",
        "x-ms-blob-type": "BlockBlob",
        "x-ms-client-request-id": "838a6ec6-14a8-4d45-bac9-b79b7ece593e",
        "x-ms-version": "2024-02-04"
      },
      "RequestBody": "ZGVmYXVsdA==",
      "StatusCode": 201,
      "ResponseHeaders": {
        "Content-Length": "0",
        "Content-MD5": "wh\u002BWm18D0z1D4E\u002BPE252gg==",
        "Date": "Mon, 11 Dec 2023 23:23:54 GMT",
        "ETag": "\u00220x8DBFAA03DEEB193\u0022",
        "Last-Modified": "Mon, 11 Dec 2023 23:23:54 GMT",
        "Server": [
          "Windows-Azure-Blob/1.0",
          "Microsoft-HTTPAPI/2.0"
        ],
        "x-ms-client-request-id": "838a6ec6-14a8-4d45-bac9-b79b7ece593e",
        "x-ms-content-crc64": "6RYQPwaVsyQ=",
        "x-ms-request-id": "7beb1a9a-701e-006b-6789-2c1092000000",
        "x-ms-request-server-encrypted": "true",
        "x-ms-version": "2024-02-04"
      },
      "ResponseBody": null
    },
    {
      "RequestUri": "https://REDACTED/1fe7901f0stageblockfromurlminc0641308a98eec53ec0d4/1fe7901f2stageblockfromurlminc06610687cbd519a91d04",
      "RequestMethod": "PUT",
      "RequestHeaders": {
        "Accept": "application/xml",
        "Authorization": "Sanitized",
        "Content-Length": "0",
        "Date": "Mon, 11 Dec 2023 23:23:50 GMT",
        "If-None-Match": "*",
        "User-Agent": "azsdk-java-azure-storage-blob/12.26.0-beta.1 (17.0.8; Windows 11; 10.0)",
        "x-ms-blob-type": "AppendBlob",
        "x-ms-client-request-id": "5128e622-b7e1-4b65-99b1-b844c7f1b659",
        "x-ms-version": "2024-02-04"
      },
      "RequestBody": null,
      "StatusCode": 201,
      "ResponseHeaders": {
        "Content-Length": "0",
        "Date": "Mon, 11 Dec 2023 23:23:54 GMT",
        "ETag": "\u00220x8DBFAA03DFC4426\u0022",
        "Last-Modified": "Mon, 11 Dec 2023 23:23:54 GMT",
        "Server": [
          "Windows-Azure-Blob/1.0",
          "Microsoft-HTTPAPI/2.0"
        ],
        "x-ms-client-request-id": "5128e622-b7e1-4b65-99b1-b844c7f1b659",
        "x-ms-request-id": "7beb1b1a-701e-006b-5d89-2c1092000000",
        "x-ms-request-server-encrypted": "true",
        "x-ms-version": "2024-02-04"
      },
      "ResponseBody": null
    },
    {
      "RequestUri": "https://REDACTED/1fe7901f0stageblockfromurlminc0641308a98eec53ec0d4/1fe7901f3stageblockfromurlminc065866390b2c20af4134",
      "RequestMethod": "PUT",
      "RequestHeaders": {
        "Accept": "application/xml",
        "Authorization": "Sanitized",
        "Content-Length": "0",
        "Date": "Mon, 11 Dec 2023 23:23:50 GMT",
        "If-None-Match": "*",
        "User-Agent": "azsdk-java-azure-storage-blob/12.26.0-beta.1 (17.0.8; Windows 11; 10.0)",
        "x-ms-blob-content-length": "512",
        "x-ms-blob-type": "PageBlob",
        "x-ms-client-request-id": "68217a3b-bd33-4adc-8467-8fe984f23b75",
        "x-ms-version": "2024-02-04"
      },
      "RequestBody": null,
      "StatusCode": 201,
      "ResponseHeaders": {
        "Content-Length": "0",
        "Date": "Mon, 11 Dec 2023 23:23:54 GMT",
        "ETag": "\u00220x8DBFAA03E09FDC8\u0022",
        "Last-Modified": "Mon, 11 Dec 2023 23:23:54 GMT",
        "Server": [
          "Windows-Azure-Blob/1.0",
          "Microsoft-HTTPAPI/2.0"
        ],
        "x-ms-client-request-id": "68217a3b-bd33-4adc-8467-8fe984f23b75",
        "x-ms-request-id": "7beb1bb7-701e-006b-6689-2c1092000000",
        "x-ms-request-server-encrypted": "true",
        "x-ms-version": "2024-02-04"
      },
      "ResponseBody": null
    },
    {
      "RequestUri": "https://REDACTED/1fe7901f5stageblockfromurlminc06496689e9b77c1352e4?restype=container",
      "RequestMethod": "PUT",
      "RequestHeaders": {
        "Accept": "application/xml",
        "Authorization": "Sanitized",
        "Content-Length": "0",
        "Date": "Mon, 11 Dec 2023 23:23:50 GMT",
        "User-Agent": "azsdk-java-azure-storage-blob/12.26.0-beta.1 (17.0.8; Windows 11; 10.0)",
        "x-ms-client-request-id": "b6bbb667-aa74-4631-99af-be60391f70ca",
        "x-ms-version": "2024-02-04"
      },
      "RequestBody": null,
      "StatusCode": 201,
      "ResponseHeaders": {
        "Content-Length": "0",
        "Date": "Mon, 11 Dec 2023 23:23:54 GMT",
        "ETag": "\u00220x8DBFAA03E17D0FE\u0022",
        "Last-Modified": "Mon, 11 Dec 2023 23:23:54 GMT",
        "Server": [
          "Windows-Azure-Blob/1.0",
          "Microsoft-HTTPAPI/2.0"
        ],
        "x-ms-client-request-id": "b6bbb667-aa74-4631-99af-be60391f70ca",
        "x-ms-request-id": "124ebe23-601e-0003-3489-2c0031000000",
        "x-ms-version": "2024-02-04"
      },
      "ResponseBody": null
    },
    {
      "RequestUri": "https://REDACTED/1fe7901f0stageblockfromurlminc0641308a98eec53ec0d4?restype=container\u0026comp=acl",
      "RequestMethod": "PUT",
      "RequestHeaders": {
        "Accept": "application/xml",
        "Authorization": "Sanitized",
        "Content-Length": "58",
        "Content-Type": "application/xml",
        "Date": "Mon, 11 Dec 2023 23:23:50 GMT",
        "User-Agent": "azsdk-java-azure-storage-blob/12.26.0-beta.1 (17.0.8; Windows 11; 10.0)",
        "x-ms-blob-public-access": "container",
        "x-ms-client-request-id": "c32e7e08-0932-4b28-890f-73a0dad73bde",
        "x-ms-version": "2024-02-04"
      },
      "RequestBody": "\u003C?xml version=\u00271.0\u0027 encoding=\u0027UTF-8\u0027?\u003E\u003CSignedIdentifiers/\u003E",
      "StatusCode": 200,
      "ResponseHeaders": {
        "Content-Length": "0",
        "Date": "Mon, 11 Dec 2023 23:23:54 GMT",
        "ETag": "\u00220x8DBFAA03E273588\u0022",
        "Last-Modified": "Mon, 11 Dec 2023 23:23:54 GMT",
        "Server": [
          "Windows-Azure-Blob/1.0",
          "Microsoft-HTTPAPI/2.0"
        ],
        "x-ms-client-request-id": "c32e7e08-0932-4b28-890f-73a0dad73bde",
        "x-ms-request-id": "7beb1d15-701e-006b-0f89-2c1092000000",
        "x-ms-version": "2024-02-04"
      },
      "ResponseBody": null
    },
    {
      "RequestUri": "https://REDACTED/1fe7901f0stageblockfromurlminc0641308a98eec53ec0d4?restype=container\u0026comp=acl",
      "RequestMethod": "GET",
      "RequestHeaders": {
        "Accept": "application/xml",
        "Authorization": "Sanitized",
        "Content-Length": "0",
        "Date": "Mon, 11 Dec 2023 23:23:50 GMT",
        "User-Agent": "azsdk-java-azure-storage-blob/12.26.0-beta.1 (17.0.8; Windows 11; 10.0)",
        "x-ms-client-request-id": "e8b0b7b5-6458-4212-9f50-9365d6a18394",
        "x-ms-version": "2024-02-04"
      },
      "RequestBody": null,
      "StatusCode": 200,
      "ResponseHeaders": {
        "Content-Type": "application/xml",
        "Date": "Mon, 11 Dec 2023 23:23:54 GMT",
        "ETag": "\u00220x8DBFAA03E273588\u0022",
        "Last-Modified": "Mon, 11 Dec 2023 23:23:54 GMT",
        "Server": [
          "Windows-Azure-Blob/1.0",
          "Microsoft-HTTPAPI/2.0"
        ],
        "Transfer-Encoding": "chunked",
        "x-ms-blob-public-access": "container",
        "x-ms-client-request-id": "e8b0b7b5-6458-4212-9f50-9365d6a18394",
        "x-ms-request-id": "7beb1d9c-701e-006b-0889-2c1092000000",
        "x-ms-version": "2024-02-04"
      },
      "ResponseBody": "\uFEFF\u003C?xml version=\u00221.0\u0022 encoding=\u0022utf-8\u0022?\u003E\u003CSignedIdentifiers /\u003E"
    },
    {
      "RequestUri": "https://REDACTED/1fe7901f0stageblockfromurlminc0641308a98eec53ec0d4/1fe7901f7stageblockfromurlminc06841044d5afd64e4324?comp=block\u0026blockid=MmZjNzFmNjEtNDcxYS00OWRlLWFjNDItYjYxNDc2YmJmYzA3",
      "RequestMethod": "PUT",
      "RequestHeaders": {
        "Accept": "application/xml",
        "Authorization": "Sanitized",
        "Content-Length": "0",
        "Date": "Mon, 11 Dec 2023 23:23:50 GMT",
        "User-Agent": "azsdk-java-azure-storage-blob/12.26.0-beta.1 (17.0.8; Windows 11; 10.0)",
        "x-ms-client-request-id": "9a14d57e-8486-49cf-b392-23cf887dbaac",
        "x-ms-copy-source": "https://REDACTED/1fe7901f0stageblockfromurlminc0641308a98eec53ec0d4/1fe7901f1stageblockfromurlminc065001467e71f3ac3774",
        "x-ms-version": "2024-02-04"
      },
      "RequestBody": null,
      "StatusCode": 201,
      "ResponseHeaders": {
        "Content-Length": "0",
        "Date": "Mon, 11 Dec 2023 23:23:54 GMT",
        "Server": [
          "Windows-Azure-Blob/1.0",
          "Microsoft-HTTPAPI/2.0"
        ],
        "x-ms-client-request-id": "9a14d57e-8486-49cf-b392-23cf887dbaac",
        "x-ms-content-crc64": "6RYQPwaVsyQ=",
        "x-ms-request-id": "7beb1e1f-701e-006b-7989-2c1092000000",
        "x-ms-request-server-encrypted": "true",
        "x-ms-version": "2024-02-04"
      },
      "ResponseBody": null
    }
  ],
  "Variables": {
    "0": "1fe7901f0stageblockfromurlminc0641308a98eec53ec0d4",
    "1": "1fe7901f1stageblockfromurlminc065001467e71f3ac3774",
    "2": "1fe7901f2stageblockfromurlminc06610687cbd519a91d04",
    "3": "1fe7901f3stageblockfromurlminc065866390b2c20af4134",
    "4": "1fe7901f4stageblockfromurlminc06520495f3e31b9500c4",
    "5": "1fe7901f5stageblockfromurlminc06496689e9b77c1352e4",
    "6": "1fe7901f6stageblockfromurlminc0690086ce28b30c97e64",
    "7": "1fe7901f7stageblockfromurlminc06841044d5afd64e4324",
    "8": "2fc71f61-471a-49de-ac42-b61476bbfc07"
  }
}
