{
  "Entries": [
    {
      "RequestUri": "https://REDACTED/b5d590620stageblockfromurlleasefailbf626617d79439d78a?restype=container",
      "RequestMethod": "PUT",
      "RequestHeaders": {
        "Accept": "application/xml",
        "Authorization": "Sanitized",
        "Content-Length": "0",
        "Date": "Mon, 11 Dec 2023 23:25:23 GMT",
        "User-Agent": "azsdk-java-azure-storage-blob/12.26.0-beta.1 (17.0.8; Windows 11; 10.0)",
        "x-ms-client-request-id": "40a262ee-9de3-4674-a73d-51ca95619075",
        "x-ms-version": "2024-02-04"
      },
      "RequestBody": null,
      "StatusCode": 201,
      "ResponseHeaders": {
        "Content-Length": "0",
        "Date": "Mon, 11 Dec 2023 23:25:26 GMT",
        "ETag": "\u00220x8DBFAA0751BE9A1\u0022",
        "Last-Modified": "Mon, 11 Dec 2023 23:25:26 GMT",
        "Server": [
          "Windows-Azure-Blob/1.0",
          "Microsoft-HTTPAPI/2.0"
        ],
        "x-ms-client-request-id": "40a262ee-9de3-4674-a73d-51ca95619075",
        "x-ms-request-id": "7bed5727-701e-006b-3c89-2c1092000000",
        "x-ms-version": "2024-02-04"
      },
      "ResponseBody": null
    },
    {
      "RequestUri": "https://REDACTED/b5d590620stageblockfromurlleasefailbf626617d79439d78a?restype=container",
      "RequestMethod": "PUT",
      "RequestHeaders": {
        "Accept": "application/xml",
        "Authorization": "Sanitized",
        "Content-Length": "0",
        "Date": "Mon, 11 Dec 2023 23:25:23 GMT",
        "User-Agent": "azsdk-java-azure-storage-blob/12.26.0-beta.1 (17.0.8; Windows 11; 10.0)",
        "x-ms-client-request-id": "7473b6a3-8ab3-4526-9de2-8f57f8b8a00c",
        "x-ms-version": "2024-02-04"
      },
      "RequestBody": null,
      "StatusCode": 409,
      "ResponseHeaders": {
        "Content-Length": "230",
        "Content-Type": "application/xml",
        "Date": "Mon, 11 Dec 2023 23:25:26 GMT",
        "Server": [
          "Windows-Azure-Blob/1.0",
          "Microsoft-HTTPAPI/2.0"
        ],
        "x-ms-client-request-id": "7473b6a3-8ab3-4526-9de2-8f57f8b8a00c",
        "x-ms-error-code": "ContainerAlreadyExists",
        "x-ms-request-id": "7bed5798-701e-006b-2089-2c1092000000",
        "x-ms-version": "2024-02-04"
      },
      "ResponseBody": [
        "\uFEFF\u003C?xml version=\u00221.0\u0022 encoding=\u0022utf-8\u0022?\u003E\u003CError\u003E\u003CCode\u003EContainerAlreadyExists\u003C/Code\u003E\u003CMessage\u003EThe specified container already exists.\n",
        "RequestId:7bed5798-701e-006b-2089-2c1092000000\n",
        "Time:2023-12-11T23:25:27.0421544Z\u003C/Message\u003E\u003C/Error\u003E"
      ]
    },
    {
      "RequestUri": "https://REDACTED/b5d590620stageblockfromurlleasefailbf626617d79439d78a/b5d590621stageblockfromurlleasefailbf694388c6d85ee4df",
      "RequestMethod": "PUT",
      "RequestHeaders": {
        "Accept": "application/xml",
        "Authorization": "Sanitized",
        "Content-Length": "7",
        "Content-Type": "application/octet-stream",
        "Date": "Mon, 11 Dec 2023 23:25:23 GMT",
        "If-None-Match": "*",
        "User-Agent": "azsdk-java-azure-storage-blob/12.26.0-beta.1 (17.0.8; Windows 11; 10.0)",
        "x-ms-blob-type": "BlockBlob",
        "x-ms-client-request-id": "ede99631-56f0-4f67-b770-66630f3ff512",
        "x-ms-version": "2024-02-04"
      },
      "RequestBody": "ZGVmYXVsdA==",
      "StatusCode": 201,
      "ResponseHeaders": {
        "Content-Length": "0",
        "Content-MD5": "wh\u002BWm18D0z1D4E\u002BPE252gg==",
        "Date": "Mon, 11 Dec 2023 23:25:26 GMT",
        "ETag": "\u00220x8DBFAA075358A76\u0022",
        "Last-Modified": "Mon, 11 Dec 2023 23:25:27 GMT",
        "Server": [
          "Windows-Azure-Blob/1.0",
          "Microsoft-HTTPAPI/2.0"
        ],
        "x-ms-client-request-id": "ede99631-56f0-4f67-b770-66630f3ff512",
        "x-ms-content-crc64": "6RYQPwaVsyQ=",
        "x-ms-request-id": "7bed5813-701e-006b-1289-2c1092000000",
        "x-ms-request-server-encrypted": "true",
        "x-ms-version": "2024-02-04"
      },
      "ResponseBody": null
    },
    {
      "RequestUri": "https://REDACTED/b5d590620stageblockfromurlleasefailbf626617d79439d78a/b5d590622stageblockfromurlleasefailbf676633de8df56bac",
      "RequestMethod": "PUT",
      "RequestHeaders": {
        "Accept": "application/xml",
        "Authorization": "Sanitized",
        "Content-Length": "7",
        "Content-Type": "application/octet-stream",
        "Date": "Mon, 11 Dec 2023 23:25:23 GMT",
        "User-Agent": "azsdk-java-azure-storage-blob/12.26.0-beta.1 (17.0.8; Windows 11; 10.0)",
        "x-ms-blob-type": "BlockBlob",
        "x-ms-client-request-id": "c5264d44-5f96-4a8e-8672-06a6c092c243",
        "x-ms-version": "2024-02-04"
      },
      "RequestBody": "ZGVmYXVsdA==",
      "StatusCode": 201,
      "ResponseHeaders": {
        "Content-Length": "0",
        "Content-MD5": "wh\u002BWm18D0z1D4E\u002BPE252gg==",
        "Date": "Mon, 11 Dec 2023 23:25:26 GMT",
        "ETag": "\u00220x8DBFAA075431D12\u0022",
        "Last-Modified": "Mon, 11 Dec 2023 23:25:27 GMT",
        "Server": [
          "Windows-Azure-Blob/1.0",
          "Microsoft-HTTPAPI/2.0"
        ],
        "x-ms-client-request-id": "c5264d44-5f96-4a8e-8672-06a6c092c243",
        "x-ms-content-crc64": "6RYQPwaVsyQ=",
        "x-ms-request-id": "7bed589b-701e-006b-0b89-2c1092000000",
        "x-ms-request-server-encrypted": "true",
        "x-ms-version": "2024-02-04"
      },
      "ResponseBody": null
    },
    {
      "RequestUri": "https://REDACTED/b5d590620stageblockfromurlleasefailbf626617d79439d78a/b5d590623stageblockfromurlleasefailbf6374972ba747d5d7",
      "RequestMethod": "PUT",
      "RequestHeaders": {
        "Accept": "application/xml",
        "Authorization": "Sanitized",
        "Content-Length": "0",
        "Date": "Mon, 11 Dec 2023 23:25:23 GMT",
        "If-None-Match": "*",
        "User-Agent": "azsdk-java-azure-storage-blob/12.26.0-beta.1 (17.0.8; Windows 11; 10.0)",
        "x-ms-blob-type": "AppendBlob",
        "x-ms-client-request-id": "0ae27ccc-a13d-4a59-a0f7-185e5b9e19e6",
        "x-ms-version": "2024-02-04"
      },
      "RequestBody": null,
      "StatusCode": 201,
      "ResponseHeaders": {
        "Content-Length": "0",
        "Date": "Mon, 11 Dec 2023 23:25:26 GMT",
        "ETag": "\u00220x8DBFAA07550D6A6\u0022",
        "Last-Modified": "Mon, 11 Dec 2023 23:25:27 GMT",
        "Server": [
          "Windows-Azure-Blob/1.0",
          "Microsoft-HTTPAPI/2.0"
        ],
        "x-ms-client-request-id": "0ae27ccc-a13d-4a59-a0f7-185e5b9e19e6",
        "x-ms-request-id": "7bed590a-701e-006b-7689-2c1092000000",
        "x-ms-request-server-encrypted": "true",
        "x-ms-version": "2024-02-04"
      },
      "ResponseBody": null
    },
    {
      "RequestUri": "https://REDACTED/b5d590620stageblockfromurlleasefailbf626617d79439d78a/b5d590624stageblockfromurlleasefailbf6646773454f5ca28",
      "RequestMethod": "PUT",
      "RequestHeaders": {
        "Accept": "application/xml",
        "Authorization": "Sanitized",
        "Content-Length": "0",
        "Date": "Mon, 11 Dec 2023 23:25:23 GMT",
        "If-None-Match": "*",
        "User-Agent": "azsdk-java-azure-storage-blob/12.26.0-beta.1 (17.0.8; Windows 11; 10.0)",
        "x-ms-blob-content-length": "512",
        "x-ms-blob-type": "PageBlob",
        "x-ms-client-request-id": "ddb87937-2827-464c-9859-baa271107c7e",
        "x-ms-version": "2024-02-04"
      },
      "RequestBody": null,
      "StatusCode": 201,
      "ResponseHeaders": {
        "Content-Length": "0",
        "Date": "Mon, 11 Dec 2023 23:25:27 GMT",
        "ETag": "\u00220x8DBFAA0755E4233\u0022",
        "Last-Modified": "Mon, 11 Dec 2023 23:25:27 GMT",
        "Server": [
          "Windows-Azure-Blob/1.0",
          "Microsoft-HTTPAPI/2.0"
        ],
        "x-ms-client-request-id": "ddb87937-2827-464c-9859-baa271107c7e",
        "x-ms-request-id": "7bed597e-701e-006b-6689-2c1092000000",
        "x-ms-request-server-encrypted": "true",
        "x-ms-version": "2024-02-04"
      },
      "ResponseBody": null
    },
    {
      "RequestUri": "https://REDACTED/b5d590626stageblockfromurlleasefailbf6704797b90866367?restype=container",
      "RequestMethod": "PUT",
      "RequestHeaders": {
        "Accept": "application/xml",
        "Authorization": "Sanitized",
        "Content-Length": "0",
        "Date": "Mon, 11 Dec 2023 23:25:23 GMT",
        "User-Agent": "azsdk-java-azure-storage-blob/12.26.0-beta.1 (17.0.8; Windows 11; 10.0)",
        "x-ms-client-request-id": "427904c2-bc7d-404a-9dd6-ad66d74790df",
        "x-ms-version": "2024-02-04"
      },
      "RequestBody": null,
      "StatusCode": 201,
      "ResponseHeaders": {
        "Content-Length": "0",
        "Date": "Mon, 11 Dec 2023 23:25:27 GMT",
        "ETag": "\u00220x8DBFAA0756BEB86\u0022",
        "Last-Modified": "Mon, 11 Dec 2023 23:25:27 GMT",
        "Server": [
          "Windows-Azure-Blob/1.0",
          "Microsoft-HTTPAPI/2.0"
        ],
        "x-ms-client-request-id": "427904c2-bc7d-404a-9dd6-ad66d74790df",
        "x-ms-request-id": "12500073-601e-0003-1689-2c0031000000",
        "x-ms-version": "2024-02-04"
      },
      "ResponseBody": null
    },
    {
      "RequestUri": "https://REDACTED/b5d590620stageblockfromurlleasefailbf626617d79439d78a?restype=container\u0026comp=acl",
      "RequestMethod": "PUT",
      "RequestHeaders": {
        "Accept": "application/xml",
        "Authorization": "Sanitized",
        "Content-Length": "58",
        "Content-Type": "application/xml",
        "Date": "Mon, 11 Dec 2023 23:25:23 GMT",
        "User-Agent": "azsdk-java-azure-storage-blob/12.26.0-beta.1 (17.0.8; Windows 11; 10.0)",
        "x-ms-blob-public-access": "container",
        "x-ms-client-request-id": "62a3c77c-6612-4bbe-98e5-462ead3975ce",
        "x-ms-version": "2024-02-04"
      },
      "RequestBody": "\u003C?xml version=\u00271.0\u0027 encoding=\u0027UTF-8\u0027?\u003E\u003CSignedIdentifiers/\u003E",
      "StatusCode": 200,
      "ResponseHeaders": {
        "Content-Length": "0",
        "Date": "Mon, 11 Dec 2023 23:25:27 GMT",
        "ETag": "\u00220x8DBFAA0757B2122\u0022",
        "Last-Modified": "Mon, 11 Dec 2023 23:25:27 GMT",
        "Server": [
          "Windows-Azure-Blob/1.0",
          "Microsoft-HTTPAPI/2.0"
        ],
        "x-ms-client-request-id": "62a3c77c-6612-4bbe-98e5-462ead3975ce",
        "x-ms-request-id": "7bed5a79-701e-006b-4c89-2c1092000000",
        "x-ms-version": "2024-02-04"
      },
      "ResponseBody": null
    },
    {
      "RequestUri": "https://REDACTED/b5d590620stageblockfromurlleasefailbf626617d79439d78a?restype=container\u0026comp=acl",
      "RequestMethod": "GET",
      "RequestHeaders": {
        "Accept": "application/xml",
        "Authorization": "Sanitized",
        "Content-Length": "0",
        "Date": "Mon, 11 Dec 2023 23:25:23 GMT",
        "User-Agent": "azsdk-java-azure-storage-blob/12.26.0-beta.1 (17.0.8; Windows 11; 10.0)",
        "x-ms-client-request-id": "a598b412-7093-4362-a5d2-1db7b606a736",
        "x-ms-version": "2024-02-04"
      },
      "RequestBody": null,
      "StatusCode": 200,
      "ResponseHeaders": {
        "Content-Type": "application/xml",
        "Date": "Mon, 11 Dec 2023 23:25:27 GMT",
        "ETag": "\u00220x8DBFAA0757B2122\u0022",
        "Last-Modified": "Mon, 11 Dec 2023 23:25:27 GMT",
        "Server": [
          "Windows-Azure-Blob/1.0",
          "Microsoft-HTTPAPI/2.0"
        ],
        "Transfer-Encoding": "chunked",
        "x-ms-blob-public-access": "container",
        "x-ms-client-request-id": "a598b412-7093-4362-a5d2-1db7b606a736",
        "x-ms-request-id": "7bed5b08-701e-006b-5289-2c1092000000",
        "x-ms-version": "2024-02-04"
      },
      "ResponseBody": "\uFEFF\u003C?xml version=\u00221.0\u0022 encoding=\u0022utf-8\u0022?\u003E\u003CSignedIdentifiers /\u003E"
    },
    {
      "RequestUri": "https://REDACTED/b5d590620stageblockfromurlleasefailbf626617d79439d78a/b5d590622stageblockfromurlleasefailbf676633de8df56bac?comp=block\u0026blockid=NmNhOTEwMzQtZjAwOC00NTY3LTljNzItZTEzODNlOGI3MGM5",
      "RequestMethod": "PUT",
      "RequestHeaders": {
        "Accept": "application/xml",
        "Authorization": "Sanitized",
        "Content-Length": "0",
        "Date": "Mon, 11 Dec 2023 23:25:23 GMT",
        "User-Agent": "azsdk-java-azure-storage-blob/12.26.0-beta.1 (17.0.8; Windows 11; 10.0)",
        "x-ms-client-request-id": "2f527f7f-c13a-47e8-ac51-8b721922b4d3",
        "x-ms-copy-source": "https://REDACTED/b5d590620stageblockfromurlleasefailbf626617d79439d78a/b5d590622stageblockfromurlleasefailbf676633de8df56bac",
        "x-ms-lease-id": "garbage",
        "x-ms-version": "2024-02-04"
      },
      "RequestBody": null,
      "StatusCode": 400,
      "ResponseHeaders": {
        "Content-Length": "326",
        "Content-Type": "application/xml",
        "Date": "Mon, 11 Dec 2023 23:25:27 GMT",
        "Server": [
          "Windows-Azure-Blob/1.0",
          "Microsoft-HTTPAPI/2.0"
        ],
        "x-ms-client-request-id": "2f527f7f-c13a-47e8-ac51-8b721922b4d3",
        "x-ms-error-code": "InvalidHeaderValue",
        "x-ms-request-id": "7bed5b75-701e-006b-3689-2c1092000000",
        "x-ms-version": "2024-02-04"
      },
      "ResponseBody": [
        "\uFEFF\u003C?xml version=\u00221.0\u0022 encoding=\u0022utf-8\u0022?\u003E\u003CError\u003E\u003CCode\u003EInvalidHeaderValue\u003C/Code\u003E\u003CMessage\u003EThe value for one of the HTTP headers is not in the correct format.\n",
        "RequestId:7bed5b75-701e-006b-3689-2c1092000000\n",
        "Time:2023-12-11T23:25:27.7507442Z\u003C/Message\u003E\u003CHeaderName\u003Ex-ms-lease-id\u003C/HeaderName\u003E\u003CHeaderValue\u003Egarbage\u003C/HeaderValue\u003E\u003C/Error\u003E"
      ]
    }
  ],
  "Variables": {
    "0": "b5d590620stageblockfromurlleasefailbf626617d79439d78a",
    "1": "b5d590621stageblockfromurlleasefailbf694388c6d85ee4df",
    "2": "b5d590622stageblockfromurlleasefailbf676633de8df56bac",
    "3": "b5d590623stageblockfromurlleasefailbf6374972ba747d5d7",
    "4": "b5d590624stageblockfromurlleasefailbf6646773454f5ca28",
    "5": "b5d590625stageblockfromurlleasefailbf66611878e235afdb",
    "6": "b5d590626stageblockfromurlleasefailbf6704797b90866367",
    "7": "b5d590627stageblockfromurlleasefailbf699543b65e3c6527",
    "8": "6ca91034-f008-4567-9c72-e1383e8b70c9"
  }
}
