{
  "Entries": [
    {
      "RequestUri": "https://REDACTED/f85f87130uploadpagefromurldestinationacea934524ef9bd359?restype=container",
      "RequestMethod": "PUT",
      "RequestHeaders": {
        "Accept": "application/xml",
        "Authorization": "Sanitized",
        "Content-Length": "0",
        "Date": "Mon, 11 Dec 2023 23:24:49 GMT",
        "User-Agent": "azsdk-java-azure-storage-blob/12.26.0-beta.1 (17.0.8; Windows 11; 10.0)",
        "x-ms-client-request-id": "57a1dc38-d514-44b6-b306-6e8abbca8080",
        "x-ms-version": "2024-02-04"
      },
      "RequestBody": null,
      "StatusCode": 201,
      "ResponseHeaders": {
        "Content-Length": "0",
        "Date": "Mon, 11 Dec 2023 23:24:53 GMT",
        "ETag": "\u00220x8DBFAA06144761D\u0022",
        "Last-Modified": "Mon, 11 Dec 2023 23:24:53 GMT",
        "Server": [
          "Windows-Azure-Blob/1.0",
          "Microsoft-HTTPAPI/2.0"
        ],
        "x-ms-client-request-id": "57a1dc38-d514-44b6-b306-6e8abbca8080",
        "x-ms-request-id": "7bec88ef-701e-006b-4c89-2c1092000000",
        "x-ms-version": "2024-02-04"
      },
      "ResponseBody": null
    },
    {
      "RequestUri": "https://REDACTED/f85f87130uploadpagefromurldestinationacea934524ef9bd359?restype=container",
      "RequestMethod": "PUT",
      "RequestHeaders": {
        "Accept": "application/xml",
        "Authorization": "Sanitized",
        "Content-Length": "0",
        "Date": "Mon, 11 Dec 2023 23:24:49 GMT",
        "User-Agent": "azsdk-java-azure-storage-blob/12.26.0-beta.1 (17.0.8; Windows 11; 10.0)",
        "x-ms-client-request-id": "ba6a1eb2-1324-4d20-a65e-f8b386e60cf0",
        "x-ms-version": "2024-02-04"
      },
      "RequestBody": null,
      "StatusCode": 409,
      "ResponseHeaders": {
        "Content-Length": "230",
        "Content-Type": "application/xml",
        "Date": "Mon, 11 Dec 2023 23:24:53 GMT",
        "Server": [
          "Windows-Azure-Blob/1.0",
          "Microsoft-HTTPAPI/2.0"
        ],
        "x-ms-client-request-id": "ba6a1eb2-1324-4d20-a65e-f8b386e60cf0",
        "x-ms-error-code": "ContainerAlreadyExists",
        "x-ms-request-id": "7bec89f8-701e-006b-3c89-2c1092000000",
        "x-ms-version": "2024-02-04"
      },
      "ResponseBody": [
        "\uFEFF\u003C?xml version=\u00221.0\u0022 encoding=\u0022utf-8\u0022?\u003E\u003CError\u003E\u003CCode\u003EContainerAlreadyExists\u003C/Code\u003E\u003CMessage\u003EThe specified container already exists.\n",
        "RequestId:7bec89f8-701e-006b-3c89-2c1092000000\n",
        "Time:2023-12-11T23:24:53.7534631Z\u003C/Message\u003E\u003C/Error\u003E"
      ]
    },
    {
      "RequestUri": "https://REDACTED/f85f87130uploadpagefromurldestinationacea934524ef9bd359/f85f87131uploadpagefromurldestinationacea920264658e0424",
      "RequestMethod": "PUT",
      "RequestHeaders": {
        "Accept": "application/xml",
        "Authorization": "Sanitized",
        "Content-Length": "7",
        "Content-Type": "application/octet-stream",
        "Date": "Mon, 11 Dec 2023 23:24:49 GMT",
        "If-None-Match": "*",
        "User-Agent": "azsdk-java-azure-storage-blob/12.26.0-beta.1 (17.0.8; Windows 11; 10.0)",
        "x-ms-blob-type": "BlockBlob",
        "x-ms-client-request-id": "969109d8-a2c4-43bb-80b1-c6e17be44bec",
        "x-ms-version": "2024-02-04"
      },
      "RequestBody": "ZGVmYXVsdA==",
      "StatusCode": 201,
      "ResponseHeaders": {
        "Content-Length": "0",
        "Content-MD5": "wh\u002BWm18D0z1D4E\u002BPE252gg==",
        "Date": "Mon, 11 Dec 2023 23:24:53 GMT",
        "ETag": "\u00220x8DBFAA0615E5A07\u0022",
        "Last-Modified": "Mon, 11 Dec 2023 23:24:53 GMT",
        "Server": [
          "Windows-Azure-Blob/1.0",
          "Microsoft-HTTPAPI/2.0"
        ],
        "x-ms-client-request-id": "969109d8-a2c4-43bb-80b1-c6e17be44bec",
        "x-ms-content-crc64": "6RYQPwaVsyQ=",
        "x-ms-request-id": "7bec8a86-701e-006b-4489-2c1092000000",
        "x-ms-request-server-encrypted": "true",
        "x-ms-version": "2024-02-04"
      },
      "ResponseBody": null
    },
    {
      "RequestUri": "https://REDACTED/f85f87130uploadpagefromurldestinationacea934524ef9bd359/f85f87132uploadpagefromurldestinationacea995107499c66db",
      "RequestMethod": "PUT",
      "RequestHeaders": {
        "Accept": "application/xml",
        "Authorization": "Sanitized",
        "Content-Length": "7",
        "Content-Type": "application/octet-stream",
        "Date": "Mon, 11 Dec 2023 23:24:49 GMT",
        "User-Agent": "azsdk-java-azure-storage-blob/12.26.0-beta.1 (17.0.8; Windows 11; 10.0)",
        "x-ms-blob-type": "BlockBlob",
        "x-ms-client-request-id": "ba7a2f2c-1416-4d29-b816-f0e088b4c5de",
        "x-ms-version": "2024-02-04"
      },
      "RequestBody": "ZGVmYXVsdA==",
      "StatusCode": 201,
      "ResponseHeaders": {
        "Content-Length": "0",
        "Content-MD5": "wh\u002BWm18D0z1D4E\u002BPE252gg==",
        "Date": "Mon, 11 Dec 2023 23:24:53 GMT",
        "ETag": "\u00220x8DBFAA0616C13A6\u0022",
        "Last-Modified": "Mon, 11 Dec 2023 23:24:53 GMT",
        "Server": [
          "Windows-Azure-Blob/1.0",
          "Microsoft-HTTPAPI/2.0"
        ],
        "x-ms-client-request-id": "ba7a2f2c-1416-4d29-b816-f0e088b4c5de",
        "x-ms-content-crc64": "6RYQPwaVsyQ=",
        "x-ms-request-id": "7bec8afd-701e-006b-3889-2c1092000000",
        "x-ms-request-server-encrypted": "true",
        "x-ms-version": "2024-02-04"
      },
      "ResponseBody": null
    },
    {
      "RequestUri": "https://REDACTED/f85f87130uploadpagefromurldestinationacea934524ef9bd359/f85f87133uploadpagefromurldestinationacea933871c484e91f",
      "RequestMethod": "PUT",
      "RequestHeaders": {
        "Accept": "application/xml",
        "Authorization": "Sanitized",
        "Content-Length": "0",
        "Date": "Mon, 11 Dec 2023 23:24:50 GMT",
        "If-None-Match": "*",
        "User-Agent": "azsdk-java-azure-storage-blob/12.26.0-beta.1 (17.0.8; Windows 11; 10.0)",
        "x-ms-blob-type": "AppendBlob",
        "x-ms-client-request-id": "769a589d-9716-45eb-91df-12e5fdf61e69",
        "x-ms-version": "2024-02-04"
      },
      "RequestBody": null,
      "StatusCode": 201,
      "ResponseHeaders": {
        "Content-Length": "0",
        "Date": "Mon, 11 Dec 2023 23:24:53 GMT",
        "ETag": "\u00220x8DBFAA061797F30\u0022",
        "Last-Modified": "Mon, 11 Dec 2023 23:24:54 GMT",
        "Server": [
          "Windows-Azure-Blob/1.0",
          "Microsoft-HTTPAPI/2.0"
        ],
        "x-ms-client-request-id": "769a589d-9716-45eb-91df-12e5fdf61e69",
        "x-ms-request-id": "7bec8b8e-701e-006b-3a89-2c1092000000",
        "x-ms-request-server-encrypted": "true",
        "x-ms-version": "2024-02-04"
      },
      "ResponseBody": null
    },
    {
      "RequestUri": "https://REDACTED/f85f87130uploadpagefromurldestinationacea934524ef9bd359/f85f87134uploadpagefromurldestinationacea920384efed3ff1",
      "RequestMethod": "PUT",
      "RequestHeaders": {
        "Accept": "application/xml",
        "Authorization": "Sanitized",
        "Content-Length": "0",
        "Date": "Mon, 11 Dec 2023 23:24:50 GMT",
        "If-None-Match": "*",
        "User-Agent": "azsdk-java-azure-storage-blob/12.26.0-beta.1 (17.0.8; Windows 11; 10.0)",
        "x-ms-blob-content-length": "512",
        "x-ms-blob-type": "PageBlob",
        "x-ms-client-request-id": "82aa795f-f664-4587-91d0-db0e5d71d8df",
        "x-ms-version": "2024-02-04"
      },
      "RequestBody": null,
      "StatusCode": 201,
      "ResponseHeaders": {
        "Content-Length": "0",
        "Date": "Mon, 11 Dec 2023 23:24:53 GMT",
        "ETag": "\u00220x8DBFAA061875FDD\u0022",
        "Last-Modified": "Mon, 11 Dec 2023 23:24:54 GMT",
        "Server": [
          "Windows-Azure-Blob/1.0",
          "Microsoft-HTTPAPI/2.0"
        ],
        "x-ms-client-request-id": "82aa795f-f664-4587-91d0-db0e5d71d8df",
        "x-ms-request-id": "7bec8c08-701e-006b-2d89-2c1092000000",
        "x-ms-request-server-encrypted": "true",
        "x-ms-version": "2024-02-04"
      },
      "ResponseBody": null
    },
    {
      "RequestUri": "https://REDACTED/f85f87136uploadpagefromurldestinationacea925146e293901f?restype=container",
      "RequestMethod": "PUT",
      "RequestHeaders": {
        "Accept": "application/xml",
        "Authorization": "Sanitized",
        "Content-Length": "0",
        "Date": "Mon, 11 Dec 2023 23:24:50 GMT",
        "User-Agent": "azsdk-java-azure-storage-blob/12.26.0-beta.1 (17.0.8; Windows 11; 10.0)",
        "x-ms-client-request-id": "c5b939fb-ab21-412f-baad-4e2247c440a7",
        "x-ms-version": "2024-02-04"
      },
      "RequestBody": null,
      "StatusCode": 201,
      "ResponseHeaders": {
        "Content-Length": "0",
        "Date": "Mon, 11 Dec 2023 23:24:53 GMT",
        "ETag": "\u00220x8DBFAA06194EECC\u0022",
        "Last-Modified": "Mon, 11 Dec 2023 23:24:54 GMT",
        "Server": [
          "Windows-Azure-Blob/1.0",
          "Microsoft-HTTPAPI/2.0"
        ],
        "x-ms-client-request-id": "c5b939fb-ab21-412f-baad-4e2247c440a7",
        "x-ms-request-id": "124f87d6-601e-0003-6f89-2c0031000000",
        "x-ms-version": "2024-02-04"
      },
      "ResponseBody": null
    },
    {
      "RequestUri": "https://REDACTED/f85f87130uploadpagefromurldestinationacea934524ef9bd359/f85f87134uploadpagefromurldestinationacea920384efed3ff1?comp=tags",
      "RequestMethod": "PUT",
      "RequestHeaders": {
        "Accept": "application/xml",
        "Authorization": "Sanitized",
        "Content-Length": "111",
        "Content-Type": "application/xml",
        "Date": "Mon, 11 Dec 2023 23:24:50 GMT",
        "User-Agent": "azsdk-java-azure-storage-blob/12.26.0-beta.1 (17.0.8; Windows 11; 10.0)",
        "x-ms-client-request-id": "105a2149-7fa5-4edb-8675-1ade0f4c4f31",
        "x-ms-version": "2024-02-04"
      },
      "RequestBody": "\u003C?xml version=\u00271.0\u0027 encoding=\u0027UTF-8\u0027?\u003E\u003CTags\u003E\u003CTagSet\u003E\u003CTag\u003E\u003CKey\u003Efoo\u003C/Key\u003E\u003CValue\u003Ebar\u003C/Value\u003E\u003C/Tag\u003E\u003C/TagSet\u003E\u003C/Tags\u003E",
      "StatusCode": 204,
      "ResponseHeaders": {
        "Date": "Mon, 11 Dec 2023 23:24:53 GMT",
        "Server": [
          "Windows-Azure-Blob/1.0",
          "Microsoft-HTTPAPI/2.0"
        ],
        "x-ms-client-request-id": "105a2149-7fa5-4edb-8675-1ade0f4c4f31",
        "x-ms-request-id": "7bec8d29-701e-006b-3789-2c1092000000",
        "x-ms-version": "2024-02-04"
      },
      "ResponseBody": null
    },
    {
      "RequestUri": "https://REDACTED/f85f87130uploadpagefromurldestinationacea934524ef9bd359?restype=container\u0026comp=acl",
      "RequestMethod": "PUT",
      "RequestHeaders": {
        "Accept": "application/xml",
        "Authorization": "Sanitized",
        "Content-Length": "58",
        "Content-Type": "application/xml",
        "Date": "Mon, 11 Dec 2023 23:24:50 GMT",
        "User-Agent": "azsdk-java-azure-storage-blob/12.26.0-beta.1 (17.0.8; Windows 11; 10.0)",
        "x-ms-blob-public-access": "container",
        "x-ms-client-request-id": "f1be9955-d38f-47a4-950e-968d13839666",
        "x-ms-version": "2024-02-04"
      },
      "RequestBody": "\u003C?xml version=\u00271.0\u0027 encoding=\u0027UTF-8\u0027?\u003E\u003CSignedIdentifiers/\u003E",
      "StatusCode": 200,
      "ResponseHeaders": {
        "Content-Length": "0",
        "Date": "Mon, 11 Dec 2023 23:24:54 GMT",
        "ETag": "\u00220x8DBFAA061B0C3BE\u0022",
        "Last-Modified": "Mon, 11 Dec 2023 23:24:54 GMT",
        "Server": [
          "Windows-Azure-Blob/1.0",
          "Microsoft-HTTPAPI/2.0"
        ],
        "x-ms-client-request-id": "f1be9955-d38f-47a4-950e-968d13839666",
        "x-ms-request-id": "7bec8da9-701e-006b-3389-2c1092000000",
        "x-ms-version": "2024-02-04"
      },
      "ResponseBody": null
    },
    {
      "RequestUri": "https://REDACTED/f85f87130uploadpagefromurldestinationacea934524ef9bd359?restype=container\u0026comp=acl",
      "RequestMethod": "GET",
      "RequestHeaders": {
        "Accept": "application/xml",
        "Authorization": "Sanitized",
        "Content-Length": "0",
        "Date": "Mon, 11 Dec 2023 23:24:50 GMT",
        "User-Agent": "azsdk-java-azure-storage-blob/12.26.0-beta.1 (17.0.8; Windows 11; 10.0)",
        "x-ms-client-request-id": "9de17002-57bf-423e-be5b-ba94291ce294",
        "x-ms-version": "2024-02-04"
      },
      "RequestBody": null,
      "StatusCode": 200,
      "ResponseHeaders": {
        "Content-Type": "application/xml",
        "Date": "Mon, 11 Dec 2023 23:24:54 GMT",
        "ETag": "\u00220x8DBFAA061B0C3BE\u0022",
        "Last-Modified": "Mon, 11 Dec 2023 23:24:54 GMT",
        "Server": [
          "Windows-Azure-Blob/1.0",
          "Microsoft-HTTPAPI/2.0"
        ],
        "Transfer-Encoding": "chunked",
        "x-ms-blob-public-access": "container",
        "x-ms-client-request-id": "9de17002-57bf-423e-be5b-ba94291ce294",
        "x-ms-request-id": "7bec8e50-701e-006b-5089-2c1092000000",
        "x-ms-version": "2024-02-04"
      },
      "ResponseBody": "\uFEFF\u003C?xml version=\u00221.0\u0022 encoding=\u0022utf-8\u0022?\u003E\u003CSignedIdentifiers /\u003E"
    },
    {
      "RequestUri": "https://REDACTED/f85f87130uploadpagefromurldestinationacea934524ef9bd359/f85f87138uploadpagefromurldestinationacea900641eaa6f000",
      "RequestMethod": "PUT",
      "RequestHeaders": {
        "Accept": "application/xml",
        "Authorization": "Sanitized",
        "Content-Length": "0",
        "Date": "Mon, 11 Dec 2023 23:24:50 GMT",
        "If-None-Match": "*",
        "User-Agent": "azsdk-java-azure-storage-blob/12.26.0-beta.1 (17.0.8; Windows 11; 10.0)",
        "x-ms-blob-content-length": "512",
        "x-ms-blob-type": "PageBlob",
        "x-ms-client-request-id": "71f344cb-3d84-458d-be41-c74c58aa39c2",
        "x-ms-version": "2024-02-04"
      },
      "RequestBody": null,
      "StatusCode": 201,
      "ResponseHeaders": {
        "Content-Length": "0",
        "Date": "Mon, 11 Dec 2023 23:24:54 GMT",
        "ETag": "\u00220x8DBFAA061CAC79D\u0022",
        "Last-Modified": "Mon, 11 Dec 2023 23:24:54 GMT",
        "Server": [
          "Windows-Azure-Blob/1.0",
          "Microsoft-HTTPAPI/2.0"
        ],
        "x-ms-client-request-id": "71f344cb-3d84-458d-be41-c74c58aa39c2",
        "x-ms-request-id": "7bec8ef0-701e-006b-6489-2c1092000000",
        "x-ms-request-server-encrypted": "true",
        "x-ms-version": "2024-02-04"
      },
      "ResponseBody": null
    },
    {
      "RequestUri": "https://REDACTED/f85f87130uploadpagefromurldestinationacea934524ef9bd359/f85f87138uploadpagefromurldestinationacea900641eaa6f000?comp=page",
      "RequestMethod": "PUT",
      "RequestHeaders": {
        "Accept": "application/xml",
        "Authorization": "Sanitized",
        "Content-Length": "512",
        "Content-Type": "application/octet-stream",
        "Date": "Mon, 11 Dec 2023 23:24:50 GMT",
        "User-Agent": "azsdk-java-azure-storage-blob/12.26.0-beta.1 (17.0.8; Windows 11; 10.0)",
        "x-ms-client-request-id": "e254360a-af8d-4736-8091-61f2b5d2fe58",
        "x-ms-page-write": "update",
        "x-ms-range": "bytes=0-511",
        "x-ms-version": "2024-02-04"
      },
      "RequestBody": "gQWu2AIA2Z2CJBAucYLJbzIDmPZiqJiO6xjxUQpDTBPgWuUv6tgekkkzGPUk4p0hat/ZpL6RNwBTI2EYuVTrU3Vgt\u002B3qkDCrkwQMD\u002B\u002BQe\u002ByQCD41ur9Ffidjkf6Jre38mflRiEih1hXGSCv3oQT1cV7LM/JVlmt8AZZziZRNqE6G0G9TXAqr4MsruGw84lPZskWCReTdy7E7qalEZKMOrt7ObPwWohNLj8ERVHgwVGsN51vEjnnEOHNuiql8Zt6hJSZBKnWyx0KDgv9SP1ojtheBMe3PbZ84DmBYac9BfMZC6KTBEej69x3YP1cvAU1wGeimmfY27iizddzoR07LbwIw3lOSkIeZVbmrRhugf7yBI0tRpm\u002BJO8wI148/XYmPldn7zDYpslspV4Hwiv1SA2Iu9ttZx25fCMn4qgoT\u002Bv0Py36MTz1g5RnZp/c3bnpT8UfurNhI95vcwFUDatHqcejMs7HDlNwgqyn\u002B1Y/nDBwJ1DYCxPAfOf1phPoZcllMffI/i4qygjbo0gZJNuLMH6jLqt0RlN5G59Ha7kTRR9uNkqHHNKPrKN3qgnCCDJqzcL3ET4UWvZpZznvnCiiG3rzPpzphG3YjGxDOp/7MdrUnXjbmPvE0SNdBJgwBN37oE7EiykbmQw04dg2r6ZTLLDepsXIpCYXtJ3D4OLJASaw=",
      "StatusCode": 201,
      "ResponseHeaders": {
        "Content-Length": "0",
        "Date": "Mon, 11 Dec 2023 23:24:54 GMT",
        "ETag": "\u00220x8DBFAA061D80C1F\u0022",
        "Last-Modified": "Mon, 11 Dec 2023 23:24:54 GMT",
        "Server": [
          "Windows-Azure-Blob/1.0",
          "Microsoft-HTTPAPI/2.0"
        ],
        "x-ms-blob-sequence-number": "0",
        "x-ms-client-request-id": "e254360a-af8d-4736-8091-61f2b5d2fe58",
        "x-ms-content-crc64": "NY22nhEor/4=",
        "x-ms-request-id": "7bec8f91-701e-006b-7f89-2c1092000000",
        "x-ms-request-server-encrypted": "true",
        "x-ms-version": "2024-02-04"
      },
      "ResponseBody": null
    },
    {
      "RequestUri": "https://REDACTED/f85f87130uploadpagefromurldestinationacea934524ef9bd359/f85f87134uploadpagefromurldestinationacea920384efed3ff1?comp=page",
      "RequestMethod": "PUT",
      "RequestHeaders": {
        "Accept": "application/xml",
        "Authorization": "Sanitized",
        "Content-Length": "0",
        "Date": "Mon, 11 Dec 2023 23:24:50 GMT",
        "User-Agent": "azsdk-java-azure-storage-blob/12.26.0-beta.1 (17.0.8; Windows 11; 10.0)",
        "x-ms-client-request-id": "2559c4d7-e94b-4198-8584-5161be80dbb5",
        "x-ms-copy-source": "https://REDACTED/f85f87130uploadpagefromurldestinationacea934524ef9bd359/f85f87138uploadpagefromurldestinationacea900641eaa6f000",
        "x-ms-if-sequence-number-le": "3",
        "x-ms-page-write": "update",
        "x-ms-range": "bytes=0-511",
        "x-ms-source-range": "bytes=0-511",
        "x-ms-version": "2024-02-04"
      },
      "RequestBody": null,
      "StatusCode": 201,
      "ResponseHeaders": {
        "Content-Length": "0",
        "Date": "Mon, 11 Dec 2023 23:24:54 GMT",
        "ETag": "\u00220x8DBFAA061E688EE\u0022",
        "Last-Modified": "Mon, 11 Dec 2023 23:24:54 GMT",
        "Server": [
          "Windows-Azure-Blob/1.0",
          "Microsoft-HTTPAPI/2.0"
        ],
        "x-ms-blob-sequence-number": "0",
        "x-ms-client-request-id": "2559c4d7-e94b-4198-8584-5161be80dbb5",
        "x-ms-content-crc64": "NY22nhEor/4=",
        "x-ms-request-id": "7bec9047-701e-006b-2e89-2c1092000000",
        "x-ms-request-server-encrypted": "true",
        "x-ms-version": "2024-02-04"
      },
      "ResponseBody": null
    }
  ],
  "Variables": {
    "0": "f85f87130uploadpagefromurldestinationacea934524ef9bd359",
    "1": "f85f87131uploadpagefromurldestinationacea920264658e0424",
    "2": "f85f87132uploadpagefromurldestinationacea995107499c66db",
    "3": "f85f87133uploadpagefromurldestinationacea933871c484e91f",
    "4": "f85f87134uploadpagefromurldestinationacea920384efed3ff1",
    "5": "f85f87135uploadpagefromurldestinationacea903618c18e1dac",
    "6": "f85f87136uploadpagefromurldestinationacea925146e293901f",
    "7": "f85f87137uploadpagefromurldestinationacea94201162952553",
    "8": "f85f87138uploadpagefromurldestinationacea900641eaa6f000",
    "9": "fafb98d1-02bb-4ade-8337-5d6729a5c86d"
  }
}
