{
  "Entries": [
    {
      "RequestUri": "https://REDACTED/8260d9750stageblockfromurlsourceacfailc9c13511fd0adc02?restype=container",
      "RequestMethod": "PUT",
      "RequestHeaders": {
        "Accept": "application/xml",
        "Authorization": "Sanitized",
        "Content-Length": "0",
        "Date": "Tue, 12 Dec 2023 18:09:37 GMT",
        "User-Agent": "azsdk-java-azure-storage-blob/12.26.0-beta.1 (17.0.8; Windows 11; 10.0)",
        "x-ms-client-request-id": "9d7983fc-16c9-431c-b7ad-5442dfff9628",
        "x-ms-version": "2024-02-04"
      },
      "RequestBody": null,
      "StatusCode": 201,
      "ResponseHeaders": {
        "Content-Length": "0",
        "Date": "Tue, 12 Dec 2023 18:09:38 GMT",
        "ETag": "\u00220x8DBFB3D81510EB3\u0022",
        "Last-Modified": "Tue, 12 Dec 2023 18:09:38 GMT",
        "Server": [
          "Windows-Azure-Blob/1.0",
          "Microsoft-HTTPAPI/2.0"
        ],
        "x-ms-client-request-id": "9d7983fc-16c9-431c-b7ad-5442dfff9628",
        "x-ms-request-id": "a66e5122-c01e-000c-7e26-2d006e000000",
        "x-ms-version": "2024-02-04"
      },
      "ResponseBody": null
    },
    {
      "RequestUri": "https://REDACTED/8260d9750stageblockfromurlsourceacfailc9c13511fd0adc02?restype=container",
      "RequestMethod": "PUT",
      "RequestHeaders": {
        "Accept": "application/xml",
        "Authorization": "Sanitized",
        "Content-Length": "0",
        "Date": "Tue, 12 Dec 2023 18:09:37 GMT",
        "User-Agent": "azsdk-java-azure-storage-blob/12.26.0-beta.1 (17.0.8; Windows 11; 10.0)",
        "x-ms-client-request-id": "4272b570-8b88-43f9-99cc-b38103a4f9f4",
        "x-ms-version": "2024-02-04"
      },
      "RequestBody": null,
      "StatusCode": 409,
      "ResponseHeaders": {
        "Content-Length": "230",
        "Content-Type": "application/xml",
        "Date": "Tue, 12 Dec 2023 18:09:38 GMT",
        "Server": [
          "Windows-Azure-Blob/1.0",
          "Microsoft-HTTPAPI/2.0"
        ],
        "x-ms-client-request-id": "4272b570-8b88-43f9-99cc-b38103a4f9f4",
        "x-ms-error-code": "ContainerAlreadyExists",
        "x-ms-request-id": "a66e5242-c01e-000c-0c26-2d006e000000",
        "x-ms-version": "2024-02-04"
      },
      "ResponseBody": [
        "\uFEFF\u003C?xml version=\u00221.0\u0022 encoding=\u0022utf-8\u0022?\u003E\u003CError\u003E\u003CCode\u003EContainerAlreadyExists\u003C/Code\u003E\u003CMessage\u003EThe specified container already exists.\n",
        "RequestId:a66e5242-c01e-000c-0c26-2d006e000000\n",
        "Time:2023-12-12T18:09:38.5176476Z\u003C/Message\u003E\u003C/Error\u003E"
      ]
    },
    {
      "RequestUri": "https://REDACTED/8260d9750stageblockfromurlsourceacfailc9c13511fd0adc02/8260d9751stageblockfromurlsourceacfailc9c16869ba78b86f",
      "RequestMethod": "PUT",
      "RequestHeaders": {
        "Accept": "application/xml",
        "Authorization": "Sanitized",
        "Content-Length": "7",
        "Content-Type": "application/octet-stream",
        "Date": "Tue, 12 Dec 2023 18:09:37 GMT",
        "If-None-Match": "*",
        "User-Agent": "azsdk-java-azure-storage-blob/12.26.0-beta.1 (17.0.8; Windows 11; 10.0)",
        "x-ms-blob-type": "BlockBlob",
        "x-ms-client-request-id": "30eeef9e-9359-44dc-8135-90fbe909455c",
        "x-ms-version": "2024-02-04"
      },
      "RequestBody": "ZGVmYXVsdA==",
      "StatusCode": 201,
      "ResponseHeaders": {
        "Content-Length": "0",
        "Content-MD5": "wh\u002BWm18D0z1D4E\u002BPE252gg==",
        "Date": "Tue, 12 Dec 2023 18:09:38 GMT",
        "ETag": "\u00220x8DBFB3D816E59A1\u0022",
        "Last-Modified": "Tue, 12 Dec 2023 18:09:38 GMT",
        "Server": [
          "Windows-Azure-Blob/1.0",
          "Microsoft-HTTPAPI/2.0"
        ],
        "x-ms-client-request-id": "30eeef9e-9359-44dc-8135-90fbe909455c",
        "x-ms-content-crc64": "6RYQPwaVsyQ=",
        "x-ms-request-id": "a66e5357-c01e-000c-1726-2d006e000000",
        "x-ms-request-server-encrypted": "true",
        "x-ms-version": "2024-02-04"
      },
      "ResponseBody": null
    },
    {
      "RequestUri": "https://REDACTED/8260d9750stageblockfromurlsourceacfailc9c13511fd0adc02/8260d9752stageblockfromurlsourceacfailc9c3845316d9dd32",
      "RequestMethod": "PUT",
      "RequestHeaders": {
        "Accept": "application/xml",
        "Authorization": "Sanitized",
        "Content-Length": "7",
        "Content-Type": "application/octet-stream",
        "Date": "Tue, 12 Dec 2023 18:09:38 GMT",
        "User-Agent": "azsdk-java-azure-storage-blob/12.26.0-beta.1 (17.0.8; Windows 11; 10.0)",
        "x-ms-blob-type": "BlockBlob",
        "x-ms-client-request-id": "5e7f0520-3518-461d-b325-c5187ab67edd",
        "x-ms-version": "2024-02-04"
      },
      "RequestBody": "ZGVmYXVsdA==",
      "StatusCode": 201,
      "ResponseHeaders": {
        "Content-Length": "0",
        "Content-MD5": "wh\u002BWm18D0z1D4E\u002BPE252gg==",
        "Date": "Tue, 12 Dec 2023 18:09:38 GMT",
        "ETag": "\u00220x8DBFB3D817D247E\u0022",
        "Last-Modified": "Tue, 12 Dec 2023 18:09:38 GMT",
        "Server": [
          "Windows-Azure-Blob/1.0",
          "Microsoft-HTTPAPI/2.0"
        ],
        "x-ms-client-request-id": "5e7f0520-3518-461d-b325-c5187ab67edd",
        "x-ms-content-crc64": "6RYQPwaVsyQ=",
        "x-ms-request-id": "a66e5463-c01e-000c-1526-2d006e000000",
        "x-ms-request-server-encrypted": "true",
        "x-ms-version": "2024-02-04"
      },
      "ResponseBody": null
    },
    {
      "RequestUri": "https://REDACTED/8260d9750stageblockfromurlsourceacfailc9c13511fd0adc02/8260d9753stageblockfromurlsourceacfailc9c294122b8c0ad1",
      "RequestMethod": "PUT",
      "RequestHeaders": {
        "Accept": "application/xml",
        "Authorization": "Sanitized",
        "Content-Length": "0",
        "Date": "Tue, 12 Dec 2023 18:09:38 GMT",
        "If-None-Match": "*",
        "User-Agent": "azsdk-java-azure-storage-blob/12.26.0-beta.1 (17.0.8; Windows 11; 10.0)",
        "x-ms-blob-type": "AppendBlob",
        "x-ms-client-request-id": "2cf49629-6813-4996-88da-0332ddcd63b4",
        "x-ms-version": "2024-02-04"
      },
      "RequestBody": null,
      "StatusCode": 201,
      "ResponseHeaders": {
        "Content-Length": "0",
        "Date": "Tue, 12 Dec 2023 18:09:38 GMT",
        "ETag": "\u00220x8DBFB3D818BA148\u0022",
        "Last-Modified": "Tue, 12 Dec 2023 18:09:38 GMT",
        "Server": [
          "Windows-Azure-Blob/1.0",
          "Microsoft-HTTPAPI/2.0"
        ],
        "x-ms-client-request-id": "2cf49629-6813-4996-88da-0332ddcd63b4",
        "x-ms-request-id": "a66e558f-c01e-000c-3326-2d006e000000",
        "x-ms-request-server-encrypted": "true",
        "x-ms-version": "2024-02-04"
      },
      "ResponseBody": null
    },
    {
      "RequestUri": "https://REDACTED/8260d9750stageblockfromurlsourceacfailc9c13511fd0adc02/8260d9754stageblockfromurlsourceacfailc9c30368c48a5c1a",
      "RequestMethod": "PUT",
      "RequestHeaders": {
        "Accept": "application/xml",
        "Authorization": "Sanitized",
        "Content-Length": "0",
        "Date": "Tue, 12 Dec 2023 18:09:38 GMT",
        "If-None-Match": "*",
        "User-Agent": "azsdk-java-azure-storage-blob/12.26.0-beta.1 (17.0.8; Windows 11; 10.0)",
        "x-ms-blob-content-length": "512",
        "x-ms-blob-type": "PageBlob",
        "x-ms-client-request-id": "b0e33cf1-9d32-4cfe-9e97-c8cc008559ad",
        "x-ms-version": "2024-02-04"
      },
      "RequestBody": null,
      "StatusCode": 201,
      "ResponseHeaders": {
        "Content-Length": "0",
        "Date": "Tue, 12 Dec 2023 18:09:38 GMT",
        "ETag": "\u00220x8DBFB3D819CDCCE\u0022",
        "Last-Modified": "Tue, 12 Dec 2023 18:09:38 GMT",
        "Server": [
          "Windows-Azure-Blob/1.0",
          "Microsoft-HTTPAPI/2.0"
        ],
        "x-ms-client-request-id": "b0e33cf1-9d32-4cfe-9e97-c8cc008559ad",
        "x-ms-request-id": "a66e5691-c01e-000c-2a26-2d006e000000",
        "x-ms-request-server-encrypted": "true",
        "x-ms-version": "2024-02-04"
      },
      "ResponseBody": null
    },
    {
      "RequestUri": "https://REDACTED/8260d9756stageblockfromurlsourceacfailc9c310720f44442b?restype=container",
      "RequestMethod": "PUT",
      "RequestHeaders": {
        "Accept": "application/xml",
        "Authorization": "Sanitized",
        "Content-Length": "0",
        "Date": "Tue, 12 Dec 2023 18:09:38 GMT",
        "User-Agent": "azsdk-java-azure-storage-blob/12.26.0-beta.1 (17.0.8; Windows 11; 10.0)",
        "x-ms-client-request-id": "ce811252-4532-42c5-93b5-57ccf34a017a",
        "x-ms-version": "2024-02-04"
      },
      "RequestBody": null,
      "StatusCode": 201,
      "ResponseHeaders": {
        "Content-Length": "0",
        "Date": "Tue, 12 Dec 2023 18:09:38 GMT",
        "ETag": "\u00220x8DBFB3D81AEAF9C\u0022",
        "Last-Modified": "Tue, 12 Dec 2023 18:09:39 GMT",
        "Server": [
          "Windows-Azure-Blob/1.0",
          "Microsoft-HTTPAPI/2.0"
        ],
        "x-ms-client-request-id": "ce811252-4532-42c5-93b5-57ccf34a017a",
        "x-ms-request-id": "194ce3ea-501e-0037-5b26-2d33f9000000",
        "x-ms-version": "2024-02-04"
      },
      "ResponseBody": null
    },
    {
      "RequestUri": "https://REDACTED/8260d9750stageblockfromurlsourceacfailc9c13511fd0adc02?restype=container\u0026comp=acl",
      "RequestMethod": "PUT",
      "RequestHeaders": {
        "Accept": "application/xml",
        "Authorization": "Sanitized",
        "Content-Length": "58",
        "Content-Type": "application/xml",
        "Date": "Tue, 12 Dec 2023 18:09:38 GMT",
        "User-Agent": "azsdk-java-azure-storage-blob/12.26.0-beta.1 (17.0.8; Windows 11; 10.0)",
        "x-ms-blob-public-access": "container",
        "x-ms-client-request-id": "b827b344-6680-46c0-85e2-5f89eb8b605e",
        "x-ms-version": "2024-02-04"
      },
      "RequestBody": "\u003C?xml version=\u00271.0\u0027 encoding=\u0027UTF-8\u0027?\u003E\u003CSignedIdentifiers/\u003E",
      "StatusCode": 200,
      "ResponseHeaders": {
        "Content-Length": "0",
        "Date": "Tue, 12 Dec 2023 18:09:38 GMT",
        "ETag": "\u00220x8DBFB3D81BD0336\u0022",
        "Last-Modified": "Tue, 12 Dec 2023 18:09:39 GMT",
        "Server": [
          "Windows-Azure-Blob/1.0",
          "Microsoft-HTTPAPI/2.0"
        ],
        "x-ms-client-request-id": "b827b344-6680-46c0-85e2-5f89eb8b605e",
        "x-ms-request-id": "a66e58e8-c01e-000c-6d26-2d006e000000",
        "x-ms-version": "2024-02-04"
      },
      "ResponseBody": null
    },
    {
      "RequestUri": "https://REDACTED/8260d9750stageblockfromurlsourceacfailc9c13511fd0adc02/8260d9758stageblockfromurlsourceacfailc9c87329462c2a86",
      "RequestMethod": "PUT",
      "RequestHeaders": {
        "Accept": "application/xml",
        "Authorization": "Sanitized",
        "Content-Length": "7",
        "Content-Type": "application/octet-stream",
        "Date": "Tue, 12 Dec 2023 18:10:08 GMT",
        "If-None-Match": "*",
        "User-Agent": "azsdk-java-azure-storage-blob/12.26.0-beta.1 (17.0.8; Windows 11; 10.0)",
        "x-ms-blob-type": "BlockBlob",
        "x-ms-client-request-id": "a21cabc7-320b-4830-b845-1d4919f53cde",
        "x-ms-version": "2024-02-04"
      },
      "RequestBody": "ZGVmYXVsdA==",
      "StatusCode": 201,
      "ResponseHeaders": {
        "Content-Length": "0",
        "Content-MD5": "wh\u002BWm18D0z1D4E\u002BPE252gg==",
        "Date": "Tue, 12 Dec 2023 18:10:08 GMT",
        "ETag": "\u00220x8DBFB3D93B09FEF\u0022",
        "Last-Modified": "Tue, 12 Dec 2023 18:10:09 GMT",
        "Server": [
          "Windows-Azure-Blob/1.0",
          "Microsoft-HTTPAPI/2.0"
        ],
        "x-ms-client-request-id": "a21cabc7-320b-4830-b845-1d4919f53cde",
        "x-ms-content-crc64": "6RYQPwaVsyQ=",
        "x-ms-request-id": "a66f3fee-c01e-000c-1c26-2d006e000000",
        "x-ms-request-server-encrypted": "true",
        "x-ms-version": "2024-02-04"
      },
      "ResponseBody": null
    },
    {
      "RequestUri": "https://REDACTED/8260d9750stageblockfromurlsourceacfailc9c13511fd0adc02/8260d9752stageblockfromurlsourceacfailc9c3845316d9dd32?comp=block\u0026blockid=NDdkOGUxZDEtNzJhMC00YjI3LThjNjQtNWVlMTk2ZTNkNWU3",
      "RequestMethod": "PUT",
      "RequestHeaders": {
        "Accept": "application/xml",
        "Authorization": "Sanitized",
        "Content-Length": "0",
        "Date": "Tue, 12 Dec 2023 18:10:08 GMT",
        "User-Agent": "azsdk-java-azure-storage-blob/12.26.0-beta.1 (17.0.8; Windows 11; 10.0)",
        "x-ms-client-request-id": "f9ba3514-94d1-43c4-8247-744a3be2f973",
        "x-ms-copy-source": "https://REDACTED/8260d9750stageblockfromurlsourceacfailc9c13511fd0adc02/8260d9758stageblockfromurlsourceacfailc9c87329462c2a86",
        "x-ms-source-if-modified-since": "Wed, 13 Dec 2023 18:08:00 GMT",
        "x-ms-version": "2024-02-04"
      },
      "RequestBody": null,
      "StatusCode": 304,
      "ResponseHeaders": {
        "Content-Length": "0",
        "Date": "Tue, 12 Dec 2023 18:10:08 GMT",
        "Server": [
          "Windows-Azure-Blob/1.0",
          "Microsoft-HTTPAPI/2.0"
        ],
        "x-ms-client-request-id": "f9ba3514-94d1-43c4-8247-744a3be2f973",
        "x-ms-error-code": "CannotVerifyCopySource",
        "x-ms-request-id": "a66f40aa-c01e-000c-4b26-2d006e000000",
        "x-ms-version": "2024-02-04"
      },
      "ResponseBody": null
    }
  ],
  "Variables": {
    "0": "8260d9750stageblockfromurlsourceacfailc9c13511fd0adc02",
    "1": "8260d9751stageblockfromurlsourceacfailc9c16869ba78b86f",
    "2": "8260d9752stageblockfromurlsourceacfailc9c3845316d9dd32",
    "3": "8260d9753stageblockfromurlsourceacfailc9c294122b8c0ad1",
    "4": "8260d9754stageblockfromurlsourceacfailc9c30368c48a5c1a",
    "5": "8260d9755stageblockfromurlsourceacfailc9c93070821eb38a",
    "6": "8260d9756stageblockfromurlsourceacfailc9c310720f44442b",
    "7": "8260d9757stageblockfromurlsourceacfailc9c85969de219095",
    "8": "47d8e1d1-72a0-4b27-8c64-5ee196e3d5e7",
    "9": "8260d9758stageblockfromurlsourceacfailc9c87329462c2a86"
  }
}
