{
  "Entries": [
    {
      "RequestUri": "https://REDACTED/ff172d300stageblockfromurlsourceacfail63f875654b967596?restype=container",
      "RequestMethod": "PUT",
      "RequestHeaders": {
        "Accept": "application/xml",
        "Authorization": "Sanitized",
        "Content-Length": "0",
        "Date": "Mon, 11 Dec 2023 23:24:33 GMT",
        "User-Agent": "azsdk-java-azure-storage-blob/12.26.0-beta.1 (17.0.8; Windows 11; 10.0)",
        "x-ms-client-request-id": "5418d9b3-ec92-4a9f-8ae2-2ec3cee9e51f",
        "x-ms-version": "2024-02-04"
      },
      "RequestBody": null,
      "StatusCode": 201,
      "ResponseHeaders": {
        "Content-Length": "0",
        "Date": "Mon, 11 Dec 2023 23:24:36 GMT",
        "ETag": "\u00220x8DBFAA0575C17A5\u0022",
        "Last-Modified": "Mon, 11 Dec 2023 23:24:37 GMT",
        "Server": [
          "Windows-Azure-Blob/1.0",
          "Microsoft-HTTPAPI/2.0"
        ],
        "x-ms-client-request-id": "5418d9b3-ec92-4a9f-8ae2-2ec3cee9e51f",
        "x-ms-request-id": "7bec10bb-701e-006b-5189-2c1092000000",
        "x-ms-version": "2024-02-04"
      },
      "ResponseBody": null
    },
    {
      "RequestUri": "https://REDACTED/ff172d300stageblockfromurlsourceacfail63f875654b967596?restype=container",
      "RequestMethod": "PUT",
      "RequestHeaders": {
        "Accept": "application/xml",
        "Authorization": "Sanitized",
        "Content-Length": "0",
        "Date": "Mon, 11 Dec 2023 23:24:33 GMT",
        "User-Agent": "azsdk-java-azure-storage-blob/12.26.0-beta.1 (17.0.8; Windows 11; 10.0)",
        "x-ms-client-request-id": "4253136b-6909-4429-a39f-71f9edb29c38",
        "x-ms-version": "2024-02-04"
      },
      "RequestBody": null,
      "StatusCode": 409,
      "ResponseHeaders": {
        "Content-Length": "230",
        "Content-Type": "application/xml",
        "Date": "Mon, 11 Dec 2023 23:24:36 GMT",
        "Server": [
          "Windows-Azure-Blob/1.0",
          "Microsoft-HTTPAPI/2.0"
        ],
        "x-ms-client-request-id": "4253136b-6909-4429-a39f-71f9edb29c38",
        "x-ms-error-code": "ContainerAlreadyExists",
        "x-ms-request-id": "7bec1183-701e-006b-0c89-2c1092000000",
        "x-ms-version": "2024-02-04"
      },
      "ResponseBody": [
        "\uFEFF\u003C?xml version=\u00221.0\u0022 encoding=\u0022utf-8\u0022?\u003E\u003CError\u003E\u003CCode\u003EContainerAlreadyExists\u003C/Code\u003E\u003CMessage\u003EThe specified container already exists.\n",
        "RequestId:7bec1183-701e-006b-0c89-2c1092000000\n",
        "Time:2023-12-11T23:24:37.1311153Z\u003C/Message\u003E\u003C/Error\u003E"
      ]
    },
    {
      "RequestUri": "https://REDACTED/ff172d300stageblockfromurlsourceacfail63f875654b967596/ff172d301stageblockfromurlsourceacfail63f922626eb6486f",
      "RequestMethod": "PUT",
      "RequestHeaders": {
        "Accept": "application/xml",
        "Authorization": "Sanitized",
        "Content-Length": "7",
        "Content-Type": "application/octet-stream",
        "Date": "Mon, 11 Dec 2023 23:24:33 GMT",
        "If-None-Match": "*",
        "User-Agent": "azsdk-java-azure-storage-blob/12.26.0-beta.1 (17.0.8; Windows 11; 10.0)",
        "x-ms-blob-type": "BlockBlob",
        "x-ms-client-request-id": "2d761127-b6de-47f8-8b37-e47ece980b06",
        "x-ms-version": "2024-02-04"
      },
      "RequestBody": "ZGVmYXVsdA==",
      "StatusCode": 201,
      "ResponseHeaders": {
        "Content-Length": "0",
        "Content-MD5": "wh\u002BWm18D0z1D4E\u002BPE252gg==",
        "Date": "Mon, 11 Dec 2023 23:24:36 GMT",
        "ETag": "\u00220x8DBFAA05775A795\u0022",
        "Last-Modified": "Mon, 11 Dec 2023 23:24:37 GMT",
        "Server": [
          "Windows-Azure-Blob/1.0",
          "Microsoft-HTTPAPI/2.0"
        ],
        "x-ms-client-request-id": "2d761127-b6de-47f8-8b37-e47ece980b06",
        "x-ms-content-crc64": "6RYQPwaVsyQ=",
        "x-ms-request-id": "7bec123a-701e-006b-3c89-2c1092000000",
        "x-ms-request-server-encrypted": "true",
        "x-ms-version": "2024-02-04"
      },
      "ResponseBody": null
    },
    {
      "RequestUri": "https://REDACTED/ff172d300stageblockfromurlsourceacfail63f875654b967596/ff172d302stageblockfromurlsourceacfail63f47425335f2024",
      "RequestMethod": "PUT",
      "RequestHeaders": {
        "Accept": "application/xml",
        "Authorization": "Sanitized",
        "Content-Length": "7",
        "Content-Type": "application/octet-stream",
        "Date": "Mon, 11 Dec 2023 23:24:33 GMT",
        "User-Agent": "azsdk-java-azure-storage-blob/12.26.0-beta.1 (17.0.8; Windows 11; 10.0)",
        "x-ms-blob-type": "BlockBlob",
        "x-ms-client-request-id": "4d4ecc37-24cf-4522-a716-8c9ca429dacf",
        "x-ms-version": "2024-02-04"
      },
      "RequestBody": "ZGVmYXVsdA==",
      "StatusCode": 201,
      "ResponseHeaders": {
        "Content-Length": "0",
        "Content-MD5": "wh\u002BWm18D0z1D4E\u002BPE252gg==",
        "Date": "Mon, 11 Dec 2023 23:24:37 GMT",
        "ETag": "\u00220x8DBFAA057836139\u0022",
        "Last-Modified": "Mon, 11 Dec 2023 23:24:37 GMT",
        "Server": [
          "Windows-Azure-Blob/1.0",
          "Microsoft-HTTPAPI/2.0"
        ],
        "x-ms-client-request-id": "4d4ecc37-24cf-4522-a716-8c9ca429dacf",
        "x-ms-content-crc64": "6RYQPwaVsyQ=",
        "x-ms-request-id": "7bec12ee-701e-006b-6b89-2c1092000000",
        "x-ms-request-server-encrypted": "true",
        "x-ms-version": "2024-02-04"
      },
      "ResponseBody": null
    },
    {
      "RequestUri": "https://REDACTED/ff172d300stageblockfromurlsourceacfail63f875654b967596/ff172d303stageblockfromurlsourceacfail63f111482f807f4a",
      "RequestMethod": "PUT",
      "RequestHeaders": {
        "Accept": "application/xml",
        "Authorization": "Sanitized",
        "Content-Length": "0",
        "Date": "Mon, 11 Dec 2023 23:24:33 GMT",
        "If-None-Match": "*",
        "User-Agent": "azsdk-java-azure-storage-blob/12.26.0-beta.1 (17.0.8; Windows 11; 10.0)",
        "x-ms-blob-type": "AppendBlob",
        "x-ms-client-request-id": "a77e7a88-c378-4025-9b57-06f338a666ea",
        "x-ms-version": "2024-02-04"
      },
      "RequestBody": null,
      "StatusCode": 201,
      "ResponseHeaders": {
        "Content-Length": "0",
        "Date": "Mon, 11 Dec 2023 23:24:37 GMT",
        "ETag": "\u00220x8DBFAA057919007\u0022",
        "Last-Modified": "Mon, 11 Dec 2023 23:24:37 GMT",
        "Server": [
          "Windows-Azure-Blob/1.0",
          "Microsoft-HTTPAPI/2.0"
        ],
        "x-ms-client-request-id": "a77e7a88-c378-4025-9b57-06f338a666ea",
        "x-ms-request-id": "7bec13b1-701e-006b-2489-2c1092000000",
        "x-ms-request-server-encrypted": "true",
        "x-ms-version": "2024-02-04"
      },
      "ResponseBody": null
    },
    {
      "RequestUri": "https://REDACTED/ff172d300stageblockfromurlsourceacfail63f875654b967596/ff172d304stageblockfromurlsourceacfail63f8009643ca3e09",
      "RequestMethod": "PUT",
      "RequestHeaders": {
        "Accept": "application/xml",
        "Authorization": "Sanitized",
        "Content-Length": "0",
        "Date": "Mon, 11 Dec 2023 23:24:33 GMT",
        "If-None-Match": "*",
        "User-Agent": "azsdk-java-azure-storage-blob/12.26.0-beta.1 (17.0.8; Windows 11; 10.0)",
        "x-ms-blob-content-length": "512",
        "x-ms-blob-type": "PageBlob",
        "x-ms-client-request-id": "bb003455-8fd5-4fbf-8a45-05f1db4b00da",
        "x-ms-version": "2024-02-04"
      },
      "RequestBody": null,
      "StatusCode": 201,
      "ResponseHeaders": {
        "Content-Length": "0",
        "Date": "Mon, 11 Dec 2023 23:24:37 GMT",
        "ETag": "\u00220x8DBFAA0579F2289\u0022",
        "Last-Modified": "Mon, 11 Dec 2023 23:24:37 GMT",
        "Server": [
          "Windows-Azure-Blob/1.0",
          "Microsoft-HTTPAPI/2.0"
        ],
        "x-ms-client-request-id": "bb003455-8fd5-4fbf-8a45-05f1db4b00da",
        "x-ms-request-id": "7bec1448-701e-006b-3589-2c1092000000",
        "x-ms-request-server-encrypted": "true",
        "x-ms-version": "2024-02-04"
      },
      "ResponseBody": null
    },
    {
      "RequestUri": "https://REDACTED/ff172d306stageblockfromurlsourceacfail63f65952f1678752?restype=container",
      "RequestMethod": "PUT",
      "RequestHeaders": {
        "Accept": "application/xml",
        "Authorization": "Sanitized",
        "Content-Length": "0",
        "Date": "Mon, 11 Dec 2023 23:24:33 GMT",
        "User-Agent": "azsdk-java-azure-storage-blob/12.26.0-beta.1 (17.0.8; Windows 11; 10.0)",
        "x-ms-client-request-id": "bdc2daa2-b9e6-40d5-a22f-a514932f6b9a",
        "x-ms-version": "2024-02-04"
      },
      "RequestBody": null,
      "StatusCode": 201,
      "ResponseHeaders": {
        "Content-Length": "0",
        "Date": "Mon, 11 Dec 2023 23:24:37 GMT",
        "ETag": "\u00220x8DBFAA057AC7A30\u0022",
        "Last-Modified": "Mon, 11 Dec 2023 23:24:37 GMT",
        "Server": [
          "Windows-Azure-Blob/1.0",
          "Microsoft-HTTPAPI/2.0"
        ],
        "x-ms-client-request-id": "bdc2daa2-b9e6-40d5-a22f-a514932f6b9a",
        "x-ms-request-id": "124f50bd-601e-0003-4889-2c0031000000",
        "x-ms-version": "2024-02-04"
      },
      "ResponseBody": null
    },
    {
      "RequestUri": "https://REDACTED/ff172d300stageblockfromurlsourceacfail63f875654b967596?restype=container\u0026comp=acl",
      "RequestMethod": "PUT",
      "RequestHeaders": {
        "Accept": "application/xml",
        "Authorization": "Sanitized",
        "Content-Length": "58",
        "Content-Type": "application/xml",
        "Date": "Mon, 11 Dec 2023 23:24:33 GMT",
        "User-Agent": "azsdk-java-azure-storage-blob/12.26.0-beta.1 (17.0.8; Windows 11; 10.0)",
        "x-ms-blob-public-access": "container",
        "x-ms-client-request-id": "6ccfeabc-9c12-41c3-92a8-a029342102f4",
        "x-ms-version": "2024-02-04"
      },
      "RequestBody": "\u003C?xml version=\u00271.0\u0027 encoding=\u0027UTF-8\u0027?\u003E\u003CSignedIdentifiers/\u003E",
      "StatusCode": 200,
      "ResponseHeaders": {
        "Content-Length": "0",
        "Date": "Mon, 11 Dec 2023 23:24:37 GMT",
        "ETag": "\u00220x8DBFAA057BBB902\u0022",
        "Last-Modified": "Mon, 11 Dec 2023 23:24:37 GMT",
        "Server": [
          "Windows-Azure-Blob/1.0",
          "Microsoft-HTTPAPI/2.0"
        ],
        "x-ms-client-request-id": "6ccfeabc-9c12-41c3-92a8-a029342102f4",
        "x-ms-request-id": "7bec1561-701e-006b-3f89-2c1092000000",
        "x-ms-version": "2024-02-04"
      },
      "ResponseBody": null
    },
    {
      "RequestUri": "https://REDACTED/ff172d300stageblockfromurlsourceacfail63f875654b967596?restype=container\u0026comp=acl",
      "RequestMethod": "GET",
      "RequestHeaders": {
        "Accept": "application/xml",
        "Authorization": "Sanitized",
        "Content-Length": "0",
        "Date": "Mon, 11 Dec 2023 23:24:33 GMT",
        "User-Agent": "azsdk-java-azure-storage-blob/12.26.0-beta.1 (17.0.8; Windows 11; 10.0)",
        "x-ms-client-request-id": "51800a2e-c2ec-4983-b420-dc621ccd6c27",
        "x-ms-version": "2024-02-04"
      },
      "RequestBody": null,
      "StatusCode": 200,
      "ResponseHeaders": {
        "Content-Type": "application/xml",
        "Date": "Mon, 11 Dec 2023 23:24:37 GMT",
        "ETag": "\u00220x8DBFAA057BBB902\u0022",
        "Last-Modified": "Mon, 11 Dec 2023 23:24:37 GMT",
        "Server": [
          "Windows-Azure-Blob/1.0",
          "Microsoft-HTTPAPI/2.0"
        ],
        "Transfer-Encoding": "chunked",
        "x-ms-blob-public-access": "container",
        "x-ms-client-request-id": "51800a2e-c2ec-4983-b420-dc621ccd6c27",
        "x-ms-request-id": "7bec15e9-701e-006b-3f89-2c1092000000",
        "x-ms-version": "2024-02-04"
      },
      "ResponseBody": "\uFEFF\u003C?xml version=\u00221.0\u0022 encoding=\u0022utf-8\u0022?\u003E\u003CSignedIdentifiers /\u003E"
    },
    {
      "RequestUri": "https://REDACTED/ff172d300stageblockfromurlsourceacfail63f875654b967596/ff172d308stageblockfromurlsourceacfail63f45901e51d9e44",
      "RequestMethod": "PUT",
      "RequestHeaders": {
        "Accept": "application/xml",
        "Authorization": "Sanitized",
        "Content-Length": "7",
        "Content-Type": "application/octet-stream",
        "Date": "Mon, 11 Dec 2023 23:24:33 GMT",
        "If-None-Match": "*",
        "User-Agent": "azsdk-java-azure-storage-blob/12.26.0-beta.1 (17.0.8; Windows 11; 10.0)",
        "x-ms-blob-type": "BlockBlob",
        "x-ms-client-request-id": "b3bb8187-25dd-44f3-9fb2-0cb08861b920",
        "x-ms-version": "2024-02-04"
      },
      "RequestBody": "ZGVmYXVsdA==",
      "StatusCode": 201,
      "ResponseHeaders": {
        "Content-Length": "0",
        "Content-MD5": "wh\u002BWm18D0z1D4E\u002BPE252gg==",
        "Date": "Mon, 11 Dec 2023 23:24:37 GMT",
        "ETag": "\u00220x8DBFAA057D56CD3\u0022",
        "Last-Modified": "Mon, 11 Dec 2023 23:24:37 GMT",
        "Server": [
          "Windows-Azure-Blob/1.0",
          "Microsoft-HTTPAPI/2.0"
        ],
        "x-ms-client-request-id": "b3bb8187-25dd-44f3-9fb2-0cb08861b920",
        "x-ms-content-crc64": "6RYQPwaVsyQ=",
        "x-ms-request-id": "7bec1672-701e-006b-3e89-2c1092000000",
        "x-ms-request-server-encrypted": "true",
        "x-ms-version": "2024-02-04"
      },
      "ResponseBody": null
    },
    {
      "RequestUri": "https://REDACTED/ff172d300stageblockfromurlsourceacfail63f875654b967596/ff172d308stageblockfromurlsourceacfail63f45901e51d9e44",
      "RequestMethod": "HEAD",
      "RequestHeaders": {
        "Accept": "application/xml",
        "Authorization": "Sanitized",
        "Content-Length": "0",
        "Date": "Mon, 11 Dec 2023 23:24:33 GMT",
        "User-Agent": "azsdk-java-azure-storage-blob/12.26.0-beta.1 (17.0.8; Windows 11; 10.0)",
        "x-ms-client-request-id": "f4ec11a5-78e7-4673-9316-98b7010b970c",
        "x-ms-version": "2024-02-04"
      },
      "RequestBody": null,
      "StatusCode": 200,
      "ResponseHeaders": {
        "Accept-Ranges": "bytes",
        "Content-Length": "7",
        "Content-MD5": "wh\u002BWm18D0z1D4E\u002BPE252gg==",
        "Content-Type": "application/octet-stream",
        "Date": "Mon, 11 Dec 2023 23:24:37 GMT",
        "ETag": "\u00220x8DBFAA057D56CD3\u0022",
        "Last-Modified": "Mon, 11 Dec 2023 23:24:37 GMT",
        "Server": [
          "Windows-Azure-Blob/1.0",
          "Microsoft-HTTPAPI/2.0"
        ],
        "x-ms-access-tier": "Hot",
        "x-ms-access-tier-inferred": "true",
        "x-ms-blob-type": "BlockBlob",
        "x-ms-client-request-id": "f4ec11a5-78e7-4673-9316-98b7010b970c",
        "x-ms-creation-time": "Mon, 11 Dec 2023 23:24:37 GMT",
        "x-ms-lease-state": "available",
        "x-ms-lease-status": "unlocked",
        "x-ms-request-id": "7bec16f9-701e-006b-3c89-2c1092000000",
        "x-ms-server-encrypted": "true",
        "x-ms-version": "2024-02-04"
      },
      "ResponseBody": null
    },
    {
      "RequestUri": "https://REDACTED/ff172d300stageblockfromurlsourceacfail63f875654b967596/ff172d302stageblockfromurlsourceacfail63f47425335f2024?comp=block\u0026blockid=ZGVkMTBjYzAtZWI5ZS00ZmJmLThjZTktZWYxZjVkZTk1ZjEz",
      "RequestMethod": "PUT",
      "RequestHeaders": {
        "Accept": "application/xml",
        "Authorization": "Sanitized",
        "Content-Length": "0",
        "Date": "Mon, 11 Dec 2023 23:24:34 GMT",
        "User-Agent": "azsdk-java-azure-storage-blob/12.26.0-beta.1 (17.0.8; Windows 11; 10.0)",
        "x-ms-client-request-id": "e1c3b245-6858-463e-8b7d-efa9cafe74e4",
        "x-ms-copy-source": "https://REDACTED/ff172d300stageblockfromurlsourceacfail63f875654b967596/ff172d308stageblockfromurlsourceacfail63f45901e51d9e44",
        "x-ms-source-if-none-match": "0x8DBFAA057D56CD3",
        "x-ms-version": "2024-02-04"
      },
      "RequestBody": null,
      "StatusCode": 304,
      "ResponseHeaders": {
        "Content-Length": "0",
        "Date": "Mon, 11 Dec 2023 23:24:37 GMT",
        "Server": [
          "Windows-Azure-Blob/1.0",
          "Microsoft-HTTPAPI/2.0"
        ],
        "x-ms-client-request-id": "e1c3b245-6858-463e-8b7d-efa9cafe74e4",
        "x-ms-error-code": "CannotVerifyCopySource",
        "x-ms-request-id": "7bec1777-701e-006b-3289-2c1092000000",
        "x-ms-version": "2024-02-04"
      },
      "ResponseBody": null
    }
  ],
  "Variables": {
    "0": "ff172d300stageblockfromurlsourceacfail63f875654b967596",
    "1": "ff172d301stageblockfromurlsourceacfail63f922626eb6486f",
    "2": "ff172d302stageblockfromurlsourceacfail63f47425335f2024",
    "3": "ff172d303stageblockfromurlsourceacfail63f111482f807f4a",
    "4": "ff172d304stageblockfromurlsourceacfail63f8009643ca3e09",
    "5": "ff172d305stageblockfromurlsourceacfail63f043815fb62eeb",
    "6": "ff172d306stageblockfromurlsourceacfail63f65952f1678752",
    "7": "ff172d307stageblockfromurlsourceacfail63f51614cb6c1274",
    "8": "ded10cc0-eb9e-4fbf-8ce9-ef1f5de95f13",
    "9": "ff172d308stageblockfromurlsourceacfail63f45901e51d9e44"
  }
}
