{
  "Entries": [
    {
      "RequestUri": "https://REDACTED/1288218a0containersasidentifierandpermissions18b49088f75cc?restype=container",
      "RequestMethod": "PUT",
      "RequestHeaders": {
        "Accept": "application/xml",
        "Authorization": "Sanitized",
        "Content-Length": "0",
        "Date": "Mon, 08 Jan 2024 19:43:47 GMT",
        "User-Agent": "azsdk-java-azure-storage-blob/12.26.0-beta.1 (17.0.8; Windows 11; 10.0)",
        "x-ms-client-request-id": "a0cc941a-3fba-43e2-a2ac-76b48ab7b786",
        "x-ms-version": "2024-02-04"
      },
      "RequestBody": null,
      "StatusCode": 201,
      "ResponseHeaders": {
        "Content-Length": "0",
        "Date": "Mon, 08 Jan 2024 19:43:57 GMT",
        "ETag": "\u00220x8DC108227C54BD9\u0022",
        "Last-Modified": "Mon, 08 Jan 2024 19:43:57 GMT",
        "Server": [
          "Windows-Azure-Blob/1.0",
          "Microsoft-HTTPAPI/2.0"
        ],
        "x-ms-client-request-id": "a0cc941a-3fba-43e2-a2ac-76b48ab7b786",
        "x-ms-request-id": "e3c95113-e01e-0056-7b6b-426689000000",
        "x-ms-version": "2024-02-04"
      },
      "ResponseBody": null
    },
    {
      "RequestUri": "https://REDACTED/1288218a0containersasidentifierandpermissions18b49088f75cc?restype=container",
      "RequestMethod": "PUT",
      "RequestHeaders": {
        "Accept": "application/xml",
        "Authorization": "Sanitized",
        "Content-Length": "0",
        "Date": "Mon, 08 Jan 2024 19:43:47 GMT",
        "User-Agent": "azsdk-java-azure-storage-blob/12.26.0-beta.1 (17.0.8; Windows 11; 10.0)",
        "x-ms-client-request-id": "6ed0ed68-44c7-4c75-8e48-78c426488d40",
        "x-ms-version": "2024-02-04"
      },
      "RequestBody": null,
      "StatusCode": 409,
      "ResponseHeaders": {
        "Content-Length": "230",
        "Content-Type": "application/xml",
        "Date": "Mon, 08 Jan 2024 19:43:57 GMT",
        "Server": [
          "Windows-Azure-Blob/1.0",
          "Microsoft-HTTPAPI/2.0"
        ],
        "x-ms-client-request-id": "6ed0ed68-44c7-4c75-8e48-78c426488d40",
        "x-ms-error-code": "ContainerAlreadyExists",
        "x-ms-request-id": "e3c951ca-e01e-0056-1e6b-426689000000",
        "x-ms-version": "2024-02-04"
      },
      "ResponseBody": [
        "\uFEFF\u003C?xml version=\u00221.0\u0022 encoding=\u0022utf-8\u0022?\u003E\u003CError\u003E\u003CCode\u003EContainerAlreadyExists\u003C/Code\u003E\u003CMessage\u003EThe specified container already exists.\n",
        "RequestId:e3c951ca-e01e-0056-1e6b-426689000000\n",
        "Time:2024-01-08T19:43:57.9771575Z\u003C/Message\u003E\u003C/Error\u003E"
      ]
    },
    {
      "RequestUri": "https://REDACTED/1288218a0containersasidentifierandpermissions18b49088f75cc?restype=container\u0026comp=acl",
      "RequestMethod": "PUT",
      "RequestHeaders": {
        "Accept": "application/xml",
        "Authorization": "Sanitized",
        "Content-Length": "224",
        "Content-Type": "application/xml",
        "Date": "Mon, 08 Jan 2024 19:43:47 GMT",
        "User-Agent": "azsdk-java-azure-storage-blob/12.26.0-beta.1 (17.0.8; Windows 11; 10.0)",
        "x-ms-client-request-id": "7474d1c0-c451-4669-bb4a-89a44f932a20",
        "x-ms-version": "2024-02-04"
      },
      "RequestBody": "\u003C?xml version=\u00271.0\u0027 encoding=\u0027UTF-8\u0027?\u003E\u003CSignedIdentifiers\u003E\u003CSignedIdentifier\u003E\u003CId\u003E0000\u003C/Id\u003E\u003CAccessPolicy\u003E\u003CExpiry\u003E2024-01-09T19:43:47Z\u003C/Expiry\u003E\u003CPermission\u003Eracwdl\u003C/Permission\u003E\u003C/AccessPolicy\u003E\u003C/SignedIdentifier\u003E\u003C/SignedIdentifiers\u003E",
      "StatusCode": 200,
      "ResponseHeaders": {
        "Content-Length": "0",
        "Date": "Mon, 08 Jan 2024 19:43:57 GMT",
        "ETag": "\u00220x8DC108227E20105\u0022",
        "Last-Modified": "Mon, 08 Jan 2024 19:43:58 GMT",
        "Server": [
          "Windows-Azure-Blob/1.0",
          "Microsoft-HTTPAPI/2.0"
        ],
        "x-ms-client-request-id": "7474d1c0-c451-4669-bb4a-89a44f932a20",
        "x-ms-request-id": "e3c95240-e01e-0056-0d6b-426689000000",
        "x-ms-version": "2024-02-04"
      },
      "ResponseBody": null
    },
    {
      "RequestUri": "https://REDACTED/1288218a0containersasidentifierandpermissions18b49088f75cc?restype=container\u0026comp=list\u0026sv=2024-02-04\u0026si=0000\u0026sr=c\u0026REDACTED",
      "RequestMethod": "GET",
      "RequestHeaders": {
        "Accept": "application/xml",
        "Content-Length": "0",
        "Date": "Mon, 08 Jan 2024 19:44:17 GMT",
        "User-Agent": "azsdk-java-azure-storage-blob/12.26.0-beta.1 (17.0.8; Windows 11; 10.0)",
        "x-ms-client-request-id": "28eb71ed-c36a-471c-a91b-42126b671fc4",
        "x-ms-version": "2024-02-04"
      },
      "RequestBody": null,
      "StatusCode": 200,
      "ResponseHeaders": {
        "Content-Type": "application/xml",
        "Date": "Mon, 08 Jan 2024 19:44:27 GMT",
        "Server": [
          "Windows-Azure-Blob/1.0",
          "Microsoft-HTTPAPI/2.0"
        ],
        "Transfer-Encoding": "chunked",
        "x-ms-client-request-id": "28eb71ed-c36a-471c-a91b-42126b671fc4",
        "x-ms-request-id": "7a58069e-d01e-0062-0e6b-425541000000",
        "x-ms-version": "2024-02-04"
      },
      "ResponseBody": "\uFEFF\u003C?xml version=\u00221.0\u0022 encoding=\u0022utf-8\u0022?\u003E\u003CEnumerationResults ServiceEndpoint=\u0022https://ibrandesstorage.blob.core.windows.net/\u0022 ContainerName=\u00221288218a0containersasidentifierandpermissions18b49088f75cc\u0022\u003E\u003CBlobs /\u003E\u003CNextMarker /\u003E\u003C/EnumerationResults\u003E"
    },
    {
      "RequestUri": "https://REDACTED/1288218a0containersasidentifierandpermissions18b49088f75cc?restype=container\u0026comp=list\u0026sv=2024-02-04\u0026se=2024-01-09T19%3A44%3A17Z\u0026sr=c\u0026sp=racwdxlfi\u0026REDACTED",
      "RequestMethod": "GET",
      "RequestHeaders": {
        "Accept": "application/xml",
        "Content-Length": "0",
        "Date": "Mon, 08 Jan 2024 19:44:17 GMT",
        "User-Agent": "azsdk-java-azure-storage-blob/12.26.0-beta.1 (17.0.8; Windows 11; 10.0)",
        "x-ms-client-request-id": "47f4ac27-7add-4af4-8e14-5b990de1ba3f",
        "x-ms-version": "2024-02-04"
      },
      "RequestBody": null,
      "StatusCode": 200,
      "ResponseHeaders": {
        "Content-Type": "application/xml",
        "Date": "Mon, 08 Jan 2024 19:44:27 GMT",
        "Server": [
          "Windows-Azure-Blob/1.0",
          "Microsoft-HTTPAPI/2.0"
        ],
        "Transfer-Encoding": "chunked",
        "x-ms-client-request-id": "47f4ac27-7add-4af4-8e14-5b990de1ba3f",
        "x-ms-request-id": "7a580715-d01e-0062-706b-425541000000",
        "x-ms-version": "2024-02-04"
      },
      "ResponseBody": "\uFEFF\u003C?xml version=\u00221.0\u0022 encoding=\u0022utf-8\u0022?\u003E\u003CEnumerationResults ServiceEndpoint=\u0022https://ibrandesstorage.blob.core.windows.net/\u0022 ContainerName=\u00221288218a0containersasidentifierandpermissions18b49088f75cc\u0022\u003E\u003CBlobs /\u003E\u003CNextMarker /\u003E\u003C/EnumerationResults\u003E"
    }
  ],
  "Variables": {
    "0": "1288218a0containersasidentifierandpermissions18b49088f75cc",
    "1": "2024-01-08T19:43:47.232228500Z",
    "2": "2024-01-08T19:44:17.340928700Z"
  }
}
