{
  "Entries": [
    {
      "RequestUri": "https://REDACTED/6d0d52a10appendblockfromurldestinationac5ee5812733b404e?restype=container",
      "RequestMethod": "PUT",
      "RequestHeaders": {
        "Accept": "application/xml",
        "Authorization": "Sanitized",
        "Content-Length": "0",
        "Date": "Tue, 12 Dec 2023 18:47:52 GMT",
        "User-Agent": "azsdk-java-azure-storage-blob/12.26.0-beta.1 (17.0.8; Windows 11; 10.0)",
        "x-ms-client-request-id": "74982551-b139-4ada-a88e-35ecc4df741a",
        "x-ms-version": "2024-02-04"
      },
      "RequestBody": null,
      "StatusCode": 201,
      "ResponseHeaders": {
        "Content-Length": "0",
        "Date": "Tue, 12 Dec 2023 18:47:52 GMT",
        "ETag": "\u00220x8DBFB42D8EAF5B9\u0022",
        "Last-Modified": "Tue, 12 Dec 2023 18:47:52 GMT",
        "Server": [
          "Windows-Azure-Blob/1.0",
          "Microsoft-HTTPAPI/2.0"
        ],
        "x-ms-client-request-id": "74982551-b139-4ada-a88e-35ecc4df741a",
        "x-ms-request-id": "18b5ee93-f01e-005a-0d2b-2df181000000",
        "x-ms-version": "2024-02-04"
      },
      "ResponseBody": null
    },
    {
      "RequestUri": "https://REDACTED/6d0d52a10appendblockfromurldestinationac5ee5812733b404e?restype=container",
      "RequestMethod": "PUT",
      "RequestHeaders": {
        "Accept": "application/xml",
        "Authorization": "Sanitized",
        "Content-Length": "0",
        "Date": "Tue, 12 Dec 2023 18:47:52 GMT",
        "User-Agent": "azsdk-java-azure-storage-blob/12.26.0-beta.1 (17.0.8; Windows 11; 10.0)",
        "x-ms-client-request-id": "18cde143-4a54-4f2a-80e2-4b6272bf59e5",
        "x-ms-version": "2024-02-04"
      },
      "RequestBody": null,
      "StatusCode": 409,
      "ResponseHeaders": {
        "Content-Length": "230",
        "Content-Type": "application/xml",
        "Date": "Tue, 12 Dec 2023 18:47:52 GMT",
        "Server": [
          "Windows-Azure-Blob/1.0",
          "Microsoft-HTTPAPI/2.0"
        ],
        "x-ms-client-request-id": "18cde143-4a54-4f2a-80e2-4b6272bf59e5",
        "x-ms-error-code": "ContainerAlreadyExists",
        "x-ms-request-id": "18b5eed8-f01e-005a-442b-2df181000000",
        "x-ms-version": "2024-02-04"
      },
      "ResponseBody": [
        "\uFEFF\u003C?xml version=\u00221.0\u0022 encoding=\u0022utf-8\u0022?\u003E\u003CError\u003E\u003CCode\u003EContainerAlreadyExists\u003C/Code\u003E\u003CMessage\u003EThe specified container already exists.\n",
        "RequestId:18b5eed8-f01e-005a-442b-2df181000000\n",
        "Time:2023-12-12T18:47:52.9746885Z\u003C/Message\u003E\u003C/Error\u003E"
      ]
    },
    {
      "RequestUri": "https://REDACTED/6d0d52a10appendblockfromurldestinationac5ee5812733b404e/6d0d52a11appendblockfromurldestinationac5ee222952c1b322",
      "RequestMethod": "PUT",
      "RequestHeaders": {
        "Accept": "application/xml",
        "Authorization": "Sanitized",
        "Content-Length": "7",
        "Content-Type": "application/octet-stream",
        "Date": "Tue, 12 Dec 2023 18:47:52 GMT",
        "If-None-Match": "*",
        "User-Agent": "azsdk-java-azure-storage-blob/12.26.0-beta.1 (17.0.8; Windows 11; 10.0)",
        "x-ms-blob-type": "BlockBlob",
        "x-ms-client-request-id": "00972990-2369-4490-9448-5bd5836b3b2b",
        "x-ms-version": "2024-02-04"
      },
      "RequestBody": "ZGVmYXVsdA==",
      "StatusCode": 201,
      "ResponseHeaders": {
        "Content-Length": "0",
        "Content-MD5": "wh\u002BWm18D0z1D4E\u002BPE252gg==",
        "Date": "Tue, 12 Dec 2023 18:47:52 GMT",
        "ETag": "\u00220x8DBFB42D9090291\u0022",
        "Last-Modified": "Tue, 12 Dec 2023 18:47:53 GMT",
        "Server": [
          "Windows-Azure-Blob/1.0",
          "Microsoft-HTTPAPI/2.0"
        ],
        "x-ms-client-request-id": "00972990-2369-4490-9448-5bd5836b3b2b",
        "x-ms-content-crc64": "6RYQPwaVsyQ=",
        "x-ms-request-id": "18b5ef24-f01e-005a-082b-2df181000000",
        "x-ms-request-server-encrypted": "true",
        "x-ms-version": "2024-02-04"
      },
      "ResponseBody": null
    },
    {
      "RequestUri": "https://REDACTED/6d0d52a10appendblockfromurldestinationac5ee5812733b404e/6d0d52a12appendblockfromurldestinationac5ee17782c905146",
      "RequestMethod": "PUT",
      "RequestHeaders": {
        "Accept": "application/xml",
        "Authorization": "Sanitized",
        "Content-Length": "7",
        "Content-Type": "application/octet-stream",
        "Date": "Tue, 12 Dec 2023 18:47:52 GMT",
        "User-Agent": "azsdk-java-azure-storage-blob/12.26.0-beta.1 (17.0.8; Windows 11; 10.0)",
        "x-ms-blob-type": "BlockBlob",
        "x-ms-client-request-id": "4defd35d-13f9-45ee-a2df-ec8c7b07f75d",
        "x-ms-version": "2024-02-04"
      },
      "RequestBody": "ZGVmYXVsdA==",
      "StatusCode": 201,
      "ResponseHeaders": {
        "Content-Length": "0",
        "Content-MD5": "wh\u002BWm18D0z1D4E\u002BPE252gg==",
        "Date": "Tue, 12 Dec 2023 18:47:52 GMT",
        "ETag": "\u00220x8DBFB42D9181B92\u0022",
        "Last-Modified": "Tue, 12 Dec 2023 18:47:53 GMT",
        "Server": [
          "Windows-Azure-Blob/1.0",
          "Microsoft-HTTPAPI/2.0"
        ],
        "x-ms-client-request-id": "4defd35d-13f9-45ee-a2df-ec8c7b07f75d",
        "x-ms-content-crc64": "6RYQPwaVsyQ=",
        "x-ms-request-id": "18b5ef6b-f01e-005a-422b-2df181000000",
        "x-ms-request-server-encrypted": "true",
        "x-ms-version": "2024-02-04"
      },
      "ResponseBody": null
    },
    {
      "RequestUri": "https://REDACTED/6d0d52a10appendblockfromurldestinationac5ee5812733b404e/6d0d52a13appendblockfromurldestinationac5ee1311555466a0",
      "RequestMethod": "PUT",
      "RequestHeaders": {
        "Accept": "application/xml",
        "Authorization": "Sanitized",
        "Content-Length": "0",
        "Date": "Tue, 12 Dec 2023 18:47:52 GMT",
        "If-None-Match": "*",
        "User-Agent": "azsdk-java-azure-storage-blob/12.26.0-beta.1 (17.0.8; Windows 11; 10.0)",
        "x-ms-blob-type": "AppendBlob",
        "x-ms-client-request-id": "b00308ab-1efa-435b-b46f-1add19231672",
        "x-ms-version": "2024-02-04"
      },
      "RequestBody": null,
      "StatusCode": 201,
      "ResponseHeaders": {
        "Content-Length": "0",
        "Date": "Tue, 12 Dec 2023 18:47:53 GMT",
        "ETag": "\u00220x8DBFB42D926E666\u0022",
        "Last-Modified": "Tue, 12 Dec 2023 18:47:53 GMT",
        "Server": [
          "Windows-Azure-Blob/1.0",
          "Microsoft-HTTPAPI/2.0"
        ],
        "x-ms-client-request-id": "b00308ab-1efa-435b-b46f-1add19231672",
        "x-ms-request-id": "18b5efc7-f01e-005a-142b-2df181000000",
        "x-ms-request-server-encrypted": "true",
        "x-ms-version": "2024-02-04"
      },
      "ResponseBody": null
    },
    {
      "RequestUri": "https://REDACTED/6d0d52a10appendblockfromurldestinationac5ee5812733b404e/6d0d52a14appendblockfromurldestinationac5ee304487455cc4",
      "RequestMethod": "PUT",
      "RequestHeaders": {
        "Accept": "application/xml",
        "Authorization": "Sanitized",
        "Content-Length": "0",
        "Date": "Tue, 12 Dec 2023 18:47:52 GMT",
        "If-None-Match": "*",
        "User-Agent": "azsdk-java-azure-storage-blob/12.26.0-beta.1 (17.0.8; Windows 11; 10.0)",
        "x-ms-blob-content-length": "512",
        "x-ms-blob-type": "PageBlob",
        "x-ms-client-request-id": "28ef6ddd-4467-4067-b354-5f86d0e4235b",
        "x-ms-version": "2024-02-04"
      },
      "RequestBody": null,
      "StatusCode": 201,
      "ResponseHeaders": {
        "Content-Length": "0",
        "Date": "Tue, 12 Dec 2023 18:47:53 GMT",
        "ETag": "\u00220x8DBFB42D935FF5A\u0022",
        "Last-Modified": "Tue, 12 Dec 2023 18:47:53 GMT",
        "Server": [
          "Windows-Azure-Blob/1.0",
          "Microsoft-HTTPAPI/2.0"
        ],
        "x-ms-client-request-id": "28ef6ddd-4467-4067-b354-5f86d0e4235b",
        "x-ms-request-id": "18b5f004-f01e-005a-4b2b-2df181000000",
        "x-ms-request-server-encrypted": "true",
        "x-ms-version": "2024-02-04"
      },
      "ResponseBody": null
    },
    {
      "RequestUri": "https://REDACTED/6d0d52a16appendblockfromurldestinationac5ee54206f4ba39b?restype=container",
      "RequestMethod": "PUT",
      "RequestHeaders": {
        "Accept": "application/xml",
        "Authorization": "Sanitized",
        "Content-Length": "0",
        "Date": "Tue, 12 Dec 2023 18:47:52 GMT",
        "User-Agent": "azsdk-java-azure-storage-blob/12.26.0-beta.1 (17.0.8; Windows 11; 10.0)",
        "x-ms-client-request-id": "7edf8892-502a-448d-9563-8bbf31e9edce",
        "x-ms-version": "2024-02-04"
      },
      "RequestBody": null,
      "StatusCode": 201,
      "ResponseHeaders": {
        "Content-Length": "0",
        "Date": "Tue, 12 Dec 2023 18:47:52 GMT",
        "ETag": "\u00220x8DBFB42D944E484\u0022",
        "Last-Modified": "Tue, 12 Dec 2023 18:47:53 GMT",
        "Server": [
          "Windows-Azure-Blob/1.0",
          "Microsoft-HTTPAPI/2.0"
        ],
        "x-ms-client-request-id": "7edf8892-502a-448d-9563-8bbf31e9edce",
        "x-ms-request-id": "1966d5a1-501e-0037-3b2b-2d33f9000000",
        "x-ms-version": "2024-02-04"
      },
      "ResponseBody": null
    },
    {
      "RequestUri": "https://REDACTED/6d0d52a10appendblockfromurldestinationac5ee5812733b404e/6d0d52a13appendblockfromurldestinationac5ee1311555466a0?comp=tags",
      "RequestMethod": "PUT",
      "RequestHeaders": {
        "Accept": "application/xml",
        "Authorization": "Sanitized",
        "Content-Length": "111",
        "Content-Type": "application/xml",
        "Date": "Tue, 12 Dec 2023 18:47:52 GMT",
        "User-Agent": "azsdk-java-azure-storage-blob/12.26.0-beta.1 (17.0.8; Windows 11; 10.0)",
        "x-ms-client-request-id": "5b6f26e7-bdd1-449c-94f3-cae364e23a95",
        "x-ms-version": "2024-02-04"
      },
      "RequestBody": "\u003C?xml version=\u00271.0\u0027 encoding=\u0027UTF-8\u0027?\u003E\u003CTags\u003E\u003CTagSet\u003E\u003CTag\u003E\u003CKey\u003Efoo\u003C/Key\u003E\u003CValue\u003Ebar\u003C/Value\u003E\u003C/Tag\u003E\u003C/TagSet\u003E\u003C/Tags\u003E",
      "StatusCode": 204,
      "ResponseHeaders": {
        "Date": "Tue, 12 Dec 2023 18:47:53 GMT",
        "Server": [
          "Windows-Azure-Blob/1.0",
          "Microsoft-HTTPAPI/2.0"
        ],
        "x-ms-client-request-id": "5b6f26e7-bdd1-449c-94f3-cae364e23a95",
        "x-ms-request-id": "18b5f084-f01e-005a-412b-2df181000000",
        "x-ms-version": "2024-02-04"
      },
      "ResponseBody": null
    },
    {
      "RequestUri": "https://REDACTED/6d0d52a10appendblockfromurldestinationac5ee5812733b404e?restype=container\u0026comp=acl",
      "RequestMethod": "PUT",
      "RequestHeaders": {
        "Accept": "application/xml",
        "Authorization": "Sanitized",
        "Content-Length": "58",
        "Content-Type": "application/xml",
        "Date": "Tue, 12 Dec 2023 18:47:52 GMT",
        "User-Agent": "azsdk-java-azure-storage-blob/12.26.0-beta.1 (17.0.8; Windows 11; 10.0)",
        "x-ms-blob-public-access": "container",
        "x-ms-client-request-id": "f8dd8344-ad28-44a6-ac06-a46b5f45d1dc",
        "x-ms-version": "2024-02-04"
      },
      "RequestBody": "\u003C?xml version=\u00271.0\u0027 encoding=\u0027UTF-8\u0027?\u003E\u003CSignedIdentifiers/\u003E",
      "StatusCode": 200,
      "ResponseHeaders": {
        "Content-Length": "0",
        "Date": "Tue, 12 Dec 2023 18:47:53 GMT",
        "ETag": "\u00220x8DBFB42D960A1EC\u0022",
        "Last-Modified": "Tue, 12 Dec 2023 18:47:53 GMT",
        "Server": [
          "Windows-Azure-Blob/1.0",
          "Microsoft-HTTPAPI/2.0"
        ],
        "x-ms-client-request-id": "f8dd8344-ad28-44a6-ac06-a46b5f45d1dc",
        "x-ms-request-id": "18b5f0d1-f01e-005a-802b-2df181000000",
        "x-ms-version": "2024-02-04"
      },
      "ResponseBody": null
    },
    {
      "RequestUri": "https://REDACTED/6d0d52a10appendblockfromurldestinationac5ee5812733b404e/6d0d52a18appendblockfromurldestinationac5ee91300077e391",
      "RequestMethod": "PUT",
      "RequestHeaders": {
        "Accept": "application/xml",
        "Authorization": "Sanitized",
        "Content-Length": "0",
        "Date": "Tue, 12 Dec 2023 18:48:23 GMT",
        "If-None-Match": "*",
        "User-Agent": "azsdk-java-azure-storage-blob/12.26.0-beta.1 (17.0.8; Windows 11; 10.0)",
        "x-ms-blob-type": "AppendBlob",
        "x-ms-client-request-id": "a959a92d-9cc3-4370-8ba0-8cbc4dabfbb2",
        "x-ms-version": "2024-02-04"
      },
      "RequestBody": null,
      "StatusCode": 201,
      "ResponseHeaders": {
        "Content-Length": "0",
        "Date": "Tue, 12 Dec 2023 18:48:23 GMT",
        "ETag": "\u00220x8DBFB42EB530FD5\u0022",
        "Last-Modified": "Tue, 12 Dec 2023 18:48:23 GMT",
        "Server": [
          "Windows-Azure-Blob/1.0",
          "Microsoft-HTTPAPI/2.0"
        ],
        "x-ms-client-request-id": "a959a92d-9cc3-4370-8ba0-8cbc4dabfbb2",
        "x-ms-request-id": "18b65227-f01e-005a-692b-2df181000000",
        "x-ms-request-server-encrypted": "true",
        "x-ms-version": "2024-02-04"
      },
      "ResponseBody": null
    },
    {
      "RequestUri": "https://REDACTED/6d0d52a10appendblockfromurldestinationac5ee5812733b404e/6d0d52a18appendblockfromurldestinationac5ee91300077e391?comp=appendblock",
      "RequestMethod": "PUT",
      "RequestHeaders": {
        "Accept": "application/xml",
        "Authorization": "Sanitized",
        "Content-Length": "7",
        "Content-Type": "application/octet-stream",
        "Date": "Tue, 12 Dec 2023 18:48:23 GMT",
        "User-Agent": "azsdk-java-azure-storage-blob/12.26.0-beta.1 (17.0.8; Windows 11; 10.0)",
        "x-ms-client-request-id": "d28d2a1d-e12e-4e21-9528-3d011eec94f7",
        "x-ms-version": "2024-02-04"
      },
      "RequestBody": "ZGVmYXVsdA==",
      "StatusCode": 201,
      "ResponseHeaders": {
        "Content-Length": "0",
        "Date": "Tue, 12 Dec 2023 18:48:23 GMT",
        "ETag": "\u00220x8DBFB42EB61DAAB\u0022",
        "Last-Modified": "Tue, 12 Dec 2023 18:48:23 GMT",
        "Server": [
          "Windows-Azure-Blob/1.0",
          "Microsoft-HTTPAPI/2.0"
        ],
        "x-ms-blob-append-offset": "0",
        "x-ms-blob-committed-block-count": "1",
        "x-ms-client-request-id": "d28d2a1d-e12e-4e21-9528-3d011eec94f7",
        "x-ms-content-crc64": "6RYQPwaVsyQ=",
        "x-ms-request-id": "18b65280-f01e-005a-382b-2df181000000",
        "x-ms-request-server-encrypted": "true",
        "x-ms-version": "2024-02-04"
      },
      "ResponseBody": null
    },
    {
      "RequestUri": "https://REDACTED/6d0d52a10appendblockfromurldestinationac5ee5812733b404e/6d0d52a13appendblockfromurldestinationac5ee1311555466a0?comp=appendblock",
      "RequestMethod": "PUT",
      "RequestHeaders": {
        "Accept": "application/xml",
        "Authorization": "Sanitized",
        "Content-Length": "0",
        "Date": "Tue, 12 Dec 2023 18:48:23 GMT",
        "User-Agent": "azsdk-java-azure-storage-blob/12.26.0-beta.1 (17.0.8; Windows 11; 10.0)",
        "x-ms-blob-condition-appendpos": "0",
        "x-ms-client-request-id": "0256f288-ad58-4936-b10a-640f9eb8b5f7",
        "x-ms-copy-source": "https://REDACTED/6d0d52a10appendblockfromurldestinationac5ee5812733b404e/6d0d52a18appendblockfromurldestinationac5ee91300077e391",
        "x-ms-source-range": "bytes=0-",
        "x-ms-version": "2024-02-04"
      },
      "RequestBody": null,
      "StatusCode": 201,
      "ResponseHeaders": {
        "Content-Length": "0",
        "Date": "Tue, 12 Dec 2023 18:48:23 GMT",
        "ETag": "\u00220x8DBFB42EB7538C3\u0022",
        "Last-Modified": "Tue, 12 Dec 2023 18:48:23 GMT",
        "Server": [
          "Windows-Azure-Blob/1.0",
          "Microsoft-HTTPAPI/2.0"
        ],
        "x-ms-blob-append-offset": "0",
        "x-ms-blob-committed-block-count": "1",
        "x-ms-client-request-id": "0256f288-ad58-4936-b10a-640f9eb8b5f7",
        "x-ms-content-crc64": "6RYQPwaVsyQ=",
        "x-ms-request-id": "18b652cb-f01e-005a-7a2b-2df181000000",
        "x-ms-request-server-encrypted": "true",
        "x-ms-version": "2024-02-04"
      },
      "ResponseBody": null
    }
  ],
  "Variables": {
    "0": "6d0d52a10appendblockfromurldestinationac5ee5812733b404e",
    "1": "6d0d52a11appendblockfromurldestinationac5ee222952c1b322",
    "2": "6d0d52a12appendblockfromurldestinationac5ee17782c905146",
    "3": "6d0d52a13appendblockfromurldestinationac5ee1311555466a0",
    "4": "6d0d52a14appendblockfromurldestinationac5ee304487455cc4",
    "5": "6d0d52a15appendblockfromurldestinationac5ee51928ba36b4b",
    "6": "6d0d52a16appendblockfromurldestinationac5ee54206f4ba39b",
    "7": "6d0d52a17appendblockfromurldestinationac5ee671417ec5fff",
    "8": "6d0d52a18appendblockfromurldestinationac5ee91300077e391"
  }
}
