{
  "Entries": [
    {
      "RequestUri": "https://REDACTED/8bdeb07a0stageblockfromurlsourceac75554429112a8c486c?restype=container",
      "RequestMethod": "PUT",
      "RequestHeaders": {
        "Accept": "application/xml",
        "Authorization": "Sanitized",
        "Content-Length": "0",
        "Date": "Tue, 12 Dec 2023 18:36:53 GMT",
        "User-Agent": "azsdk-java-azure-storage-blob/12.26.0-beta.1 (17.0.8; Windows 11; 10.0)",
        "x-ms-client-request-id": "ada07808-aad2-4b95-ac3a-d29c01617d78",
        "x-ms-version": "2024-02-04"
      },
      "RequestBody": null,
      "StatusCode": 201,
      "ResponseHeaders": {
        "Content-Length": "0",
        "Date": "Tue, 12 Dec 2023 18:36:54 GMT",
        "ETag": "\u00220x8DBFB4150693D28\u0022",
        "Last-Modified": "Tue, 12 Dec 2023 18:36:54 GMT",
        "Server": [
          "Windows-Azure-Blob/1.0",
          "Microsoft-HTTPAPI/2.0"
        ],
        "x-ms-client-request-id": "ada07808-aad2-4b95-ac3a-d29c01617d78",
        "x-ms-request-id": "a69911e0-c01e-000c-072a-2d006e000000",
        "x-ms-version": "2024-02-04"
      },
      "ResponseBody": null
    },
    {
      "RequestUri": "https://REDACTED/8bdeb07a0stageblockfromurlsourceac75554429112a8c486c?restype=container",
      "RequestMethod": "PUT",
      "RequestHeaders": {
        "Accept": "application/xml",
        "Authorization": "Sanitized",
        "Content-Length": "0",
        "Date": "Tue, 12 Dec 2023 18:36:53 GMT",
        "User-Agent": "azsdk-java-azure-storage-blob/12.26.0-beta.1 (17.0.8; Windows 11; 10.0)",
        "x-ms-client-request-id": "445b70a0-6eb1-46ad-b5ee-4c7950b26781",
        "x-ms-version": "2024-02-04"
      },
      "RequestBody": null,
      "StatusCode": 409,
      "ResponseHeaders": {
        "Content-Length": "230",
        "Content-Type": "application/xml",
        "Date": "Tue, 12 Dec 2023 18:36:54 GMT",
        "Server": [
          "Windows-Azure-Blob/1.0",
          "Microsoft-HTTPAPI/2.0"
        ],
        "x-ms-client-request-id": "445b70a0-6eb1-46ad-b5ee-4c7950b26781",
        "x-ms-error-code": "ContainerAlreadyExists",
        "x-ms-request-id": "a6991258-c01e-000c-782a-2d006e000000",
        "x-ms-version": "2024-02-04"
      },
      "ResponseBody": [
        "\uFEFF\u003C?xml version=\u00221.0\u0022 encoding=\u0022utf-8\u0022?\u003E\u003CError\u003E\u003CCode\u003EContainerAlreadyExists\u003C/Code\u003E\u003CMessage\u003EThe specified container already exists.\n",
        "RequestId:a6991258-c01e-000c-782a-2d006e000000\n",
        "Time:2023-12-12T18:36:54.4456882Z\u003C/Message\u003E\u003C/Error\u003E"
      ]
    },
    {
      "RequestUri": "https://REDACTED/8bdeb07a0stageblockfromurlsourceac75554429112a8c486c/8bdeb07a1stageblockfromurlsourceac755869316fc3361b30",
      "RequestMethod": "PUT",
      "RequestHeaders": {
        "Accept": "application/xml",
        "Authorization": "Sanitized",
        "Content-Length": "7",
        "Content-Type": "application/octet-stream",
        "Date": "Tue, 12 Dec 2023 18:36:53 GMT",
        "If-None-Match": "*",
        "User-Agent": "azsdk-java-azure-storage-blob/12.26.0-beta.1 (17.0.8; Windows 11; 10.0)",
        "x-ms-blob-type": "BlockBlob",
        "x-ms-client-request-id": "e86d7b91-aef5-41d8-8b5e-7439d343ce5c",
        "x-ms-version": "2024-02-04"
      },
      "RequestBody": "ZGVmYXVsdA==",
      "StatusCode": 201,
      "ResponseHeaders": {
        "Content-Length": "0",
        "Content-MD5": "wh\u002BWm18D0z1D4E\u002BPE252gg==",
        "Date": "Tue, 12 Dec 2023 18:36:54 GMT",
        "ETag": "\u00220x8DBFB4150839FB3\u0022",
        "Last-Modified": "Tue, 12 Dec 2023 18:36:54 GMT",
        "Server": [
          "Windows-Azure-Blob/1.0",
          "Microsoft-HTTPAPI/2.0"
        ],
        "x-ms-client-request-id": "e86d7b91-aef5-41d8-8b5e-7439d343ce5c",
        "x-ms-content-crc64": "6RYQPwaVsyQ=",
        "x-ms-request-id": "a69912cc-c01e-000c-672a-2d006e000000",
        "x-ms-request-server-encrypted": "true",
        "x-ms-version": "2024-02-04"
      },
      "ResponseBody": null
    },
    {
      "RequestUri": "https://REDACTED/8bdeb07a0stageblockfromurlsourceac75554429112a8c486c/8bdeb07a2stageblockfromurlsourceac75577905aba3a14bf0",
      "RequestMethod": "PUT",
      "RequestHeaders": {
        "Accept": "application/xml",
        "Authorization": "Sanitized",
        "Content-Length": "7",
        "Content-Type": "application/octet-stream",
        "Date": "Tue, 12 Dec 2023 18:36:53 GMT",
        "User-Agent": "azsdk-java-azure-storage-blob/12.26.0-beta.1 (17.0.8; Windows 11; 10.0)",
        "x-ms-blob-type": "BlockBlob",
        "x-ms-client-request-id": "e8c5ed18-2aff-465a-ad6b-bfa15729cb03",
        "x-ms-version": "2024-02-04"
      },
      "RequestBody": "ZGVmYXVsdA==",
      "StatusCode": 201,
      "ResponseHeaders": {
        "Content-Length": "0",
        "Content-MD5": "wh\u002BWm18D0z1D4E\u002BPE252gg==",
        "Date": "Tue, 12 Dec 2023 18:36:54 GMT",
        "ETag": "\u00220x8DBFB4150943F11\u0022",
        "Last-Modified": "Tue, 12 Dec 2023 18:36:54 GMT",
        "Server": [
          "Windows-Azure-Blob/1.0",
          "Microsoft-HTTPAPI/2.0"
        ],
        "x-ms-client-request-id": "e8c5ed18-2aff-465a-ad6b-bfa15729cb03",
        "x-ms-content-crc64": "6RYQPwaVsyQ=",
        "x-ms-request-id": "a6991357-c01e-000c-692a-2d006e000000",
        "x-ms-request-server-encrypted": "true",
        "x-ms-version": "2024-02-04"
      },
      "ResponseBody": null
    },
    {
      "RequestUri": "https://REDACTED/8bdeb07a0stageblockfromurlsourceac75554429112a8c486c/8bdeb07a3stageblockfromurlsourceac755038210da7e5def4",
      "RequestMethod": "PUT",
      "RequestHeaders": {
        "Accept": "application/xml",
        "Authorization": "Sanitized",
        "Content-Length": "0",
        "Date": "Tue, 12 Dec 2023 18:36:54 GMT",
        "If-None-Match": "*",
        "User-Agent": "azsdk-java-azure-storage-blob/12.26.0-beta.1 (17.0.8; Windows 11; 10.0)",
        "x-ms-blob-type": "AppendBlob",
        "x-ms-client-request-id": "770bfd95-31e0-4177-96d6-a3fca7c37291",
        "x-ms-version": "2024-02-04"
      },
      "RequestBody": null,
      "StatusCode": 201,
      "ResponseHeaders": {
        "Content-Length": "0",
        "Date": "Tue, 12 Dec 2023 18:36:54 GMT",
        "ETag": "\u00220x8DBFB4150A1D1A1\u0022",
        "Last-Modified": "Tue, 12 Dec 2023 18:36:54 GMT",
        "Server": [
          "Windows-Azure-Blob/1.0",
          "Microsoft-HTTPAPI/2.0"
        ],
        "x-ms-client-request-id": "770bfd95-31e0-4177-96d6-a3fca7c37291",
        "x-ms-request-id": "a69913de-c01e-000c-5f2a-2d006e000000",
        "x-ms-request-server-encrypted": "true",
        "x-ms-version": "2024-02-04"
      },
      "ResponseBody": null
    },
    {
      "RequestUri": "https://REDACTED/8bdeb07a0stageblockfromurlsourceac75554429112a8c486c/8bdeb07a4stageblockfromurlsourceac7558430858d60b5ca2",
      "RequestMethod": "PUT",
      "RequestHeaders": {
        "Accept": "application/xml",
        "Authorization": "Sanitized",
        "Content-Length": "0",
        "Date": "Tue, 12 Dec 2023 18:36:54 GMT",
        "If-None-Match": "*",
        "User-Agent": "azsdk-java-azure-storage-blob/12.26.0-beta.1 (17.0.8; Windows 11; 10.0)",
        "x-ms-blob-content-length": "512",
        "x-ms-blob-type": "PageBlob",
        "x-ms-client-request-id": "dd21b0c1-3437-46f1-8176-e68bfa066780",
        "x-ms-version": "2024-02-04"
      },
      "RequestBody": null,
      "StatusCode": 201,
      "ResponseHeaders": {
        "Content-Length": "0",
        "Date": "Tue, 12 Dec 2023 18:36:54 GMT",
        "ETag": "\u00220x8DBFB4150AF161A\u0022",
        "Last-Modified": "Tue, 12 Dec 2023 18:36:54 GMT",
        "Server": [
          "Windows-Azure-Blob/1.0",
          "Microsoft-HTTPAPI/2.0"
        ],
        "x-ms-client-request-id": "dd21b0c1-3437-46f1-8176-e68bfa066780",
        "x-ms-request-id": "a699145c-c01e-000c-552a-2d006e000000",
        "x-ms-request-server-encrypted": "true",
        "x-ms-version": "2024-02-04"
      },
      "ResponseBody": null
    },
    {
      "RequestUri": "https://REDACTED/8bdeb07a6stageblockfromurlsourceac755343741a4b1595df?restype=container",
      "RequestMethod": "PUT",
      "RequestHeaders": {
        "Accept": "application/xml",
        "Authorization": "Sanitized",
        "Content-Length": "0",
        "Date": "Tue, 12 Dec 2023 18:36:54 GMT",
        "User-Agent": "azsdk-java-azure-storage-blob/12.26.0-beta.1 (17.0.8; Windows 11; 10.0)",
        "x-ms-client-request-id": "3c92951e-6f2c-403b-9629-a5838beb6636",
        "x-ms-version": "2024-02-04"
      },
      "RequestBody": null,
      "StatusCode": 201,
      "ResponseHeaders": {
        "Content-Length": "0",
        "Date": "Tue, 12 Dec 2023 18:36:54 GMT",
        "ETag": "\u00220x8DBFB4150BD073F\u0022",
        "Last-Modified": "Tue, 12 Dec 2023 18:36:54 GMT",
        "Server": [
          "Windows-Azure-Blob/1.0",
          "Microsoft-HTTPAPI/2.0"
        ],
        "x-ms-client-request-id": "3c92951e-6f2c-403b-9629-a5838beb6636",
        "x-ms-request-id": "195e5079-501e-0037-212a-2d33f9000000",
        "x-ms-version": "2024-02-04"
      },
      "ResponseBody": null
    },
    {
      "RequestUri": "https://REDACTED/8bdeb07a0stageblockfromurlsourceac75554429112a8c486c?restype=container\u0026comp=acl",
      "RequestMethod": "PUT",
      "RequestHeaders": {
        "Accept": "application/xml",
        "Authorization": "Sanitized",
        "Content-Length": "58",
        "Content-Type": "application/xml",
        "Date": "Tue, 12 Dec 2023 18:36:54 GMT",
        "User-Agent": "azsdk-java-azure-storage-blob/12.26.0-beta.1 (17.0.8; Windows 11; 10.0)",
        "x-ms-blob-public-access": "container",
        "x-ms-client-request-id": "299f2729-d0d0-4f11-92aa-0495e65c787c",
        "x-ms-version": "2024-02-04"
      },
      "RequestBody": "\u003C?xml version=\u00271.0\u0027 encoding=\u0027UTF-8\u0027?\u003E\u003CSignedIdentifiers/\u003E",
      "StatusCode": 200,
      "ResponseHeaders": {
        "Content-Length": "0",
        "Date": "Tue, 12 Dec 2023 18:36:54 GMT",
        "ETag": "\u00220x8DBFB4150CAF0FC\u0022",
        "Last-Modified": "Tue, 12 Dec 2023 18:36:54 GMT",
        "Server": [
          "Windows-Azure-Blob/1.0",
          "Microsoft-HTTPAPI/2.0"
        ],
        "x-ms-client-request-id": "299f2729-d0d0-4f11-92aa-0495e65c787c",
        "x-ms-request-id": "a6991580-c01e-000c-6e2a-2d006e000000",
        "x-ms-version": "2024-02-04"
      },
      "ResponseBody": null
    },
    {
      "RequestUri": "https://REDACTED/8bdeb07a0stageblockfromurlsourceac75554429112a8c486c/8bdeb07a8stageblockfromurlsourceac755526747f45fbf1a5",
      "RequestMethod": "PUT",
      "RequestHeaders": {
        "Accept": "application/xml",
        "Authorization": "Sanitized",
        "Content-Length": "7",
        "Content-Type": "application/octet-stream",
        "Date": "Tue, 12 Dec 2023 18:37:24 GMT",
        "If-None-Match": "*",
        "User-Agent": "azsdk-java-azure-storage-blob/12.26.0-beta.1 (17.0.8; Windows 11; 10.0)",
        "x-ms-blob-type": "BlockBlob",
        "x-ms-client-request-id": "f6ae5878-7358-4c2e-b9a7-cefac9e18b1a",
        "x-ms-version": "2024-02-04"
      },
      "RequestBody": "ZGVmYXVsdA==",
      "StatusCode": 201,
      "ResponseHeaders": {
        "Content-Length": "0",
        "Content-MD5": "wh\u002BWm18D0z1D4E\u002BPE252gg==",
        "Date": "Tue, 12 Dec 2023 18:37:25 GMT",
        "ETag": "\u00220x8DBFB4162BD5BAC\u0022",
        "Last-Modified": "Tue, 12 Dec 2023 18:37:25 GMT",
        "Server": [
          "Windows-Azure-Blob/1.0",
          "Microsoft-HTTPAPI/2.0"
        ],
        "x-ms-client-request-id": "f6ae5878-7358-4c2e-b9a7-cefac9e18b1a",
        "x-ms-content-crc64": "6RYQPwaVsyQ=",
        "x-ms-request-id": "a699c219-c01e-000c-512a-2d006e000000",
        "x-ms-request-server-encrypted": "true",
        "x-ms-version": "2024-02-04"
      },
      "ResponseBody": null
    },
    {
      "RequestUri": "https://REDACTED/8bdeb07a0stageblockfromurlsourceac75554429112a8c486c/8bdeb07a2stageblockfromurlsourceac75577905aba3a14bf0?comp=block\u0026blockid=NmRhYTllM2EtOGE2Ni00ODI0LTk3NWYtOGE4MWIzNWY4MzQ4",
      "RequestMethod": "PUT",
      "RequestHeaders": {
        "Accept": "application/xml",
        "Authorization": "Sanitized",
        "Content-Length": "0",
        "Date": "Tue, 12 Dec 2023 18:37:24 GMT",
        "User-Agent": "azsdk-java-azure-storage-blob/12.26.0-beta.1 (17.0.8; Windows 11; 10.0)",
        "x-ms-client-request-id": "df6cc7b3-c5e2-40f0-ae0c-20105895eb92",
        "x-ms-copy-source": "https://REDACTED/8bdeb07a0stageblockfromurlsourceac75554429112a8c486c/8bdeb07a8stageblockfromurlsourceac755526747f45fbf1a5",
        "x-ms-source-if-none-match": "garbage",
        "x-ms-version": "2024-02-04"
      },
      "RequestBody": null,
      "StatusCode": 201,
      "ResponseHeaders": {
        "Content-Length": "0",
        "Date": "Tue, 12 Dec 2023 18:37:25 GMT",
        "Server": [
          "Windows-Azure-Blob/1.0",
          "Microsoft-HTTPAPI/2.0"
        ],
        "x-ms-client-request-id": "df6cc7b3-c5e2-40f0-ae0c-20105895eb92",
        "x-ms-content-crc64": "6RYQPwaVsyQ=",
        "x-ms-request-id": "a699c29e-c01e-000c-4c2a-2d006e000000",
        "x-ms-request-server-encrypted": "true",
        "x-ms-version": "2024-02-04"
      },
      "ResponseBody": null
    }
  ],
  "Variables": {
    "0": "8bdeb07a0stageblockfromurlsourceac75554429112a8c486c",
    "1": "8bdeb07a1stageblockfromurlsourceac755869316fc3361b30",
    "2": "8bdeb07a2stageblockfromurlsourceac75577905aba3a14bf0",
    "3": "8bdeb07a3stageblockfromurlsourceac755038210da7e5def4",
    "4": "8bdeb07a4stageblockfromurlsourceac7558430858d60b5ca2",
    "5": "8bdeb07a5stageblockfromurlsourceac75582752c2327258b4",
    "6": "8bdeb07a6stageblockfromurlsourceac755343741a4b1595df",
    "7": "8bdeb07a7stageblockfromurlsourceac7553144748dc0e2d35",
    "8": "6daa9e3a-8a66-4824-975f-8a81b35f8348",
    "9": "8bdeb07a8stageblockfromurlsourceac755526747f45fbf1a5"
  }
}
