{
  "Entries": [
    {
      "RequestUri": "https://REDACTED/3456ff390appendblockfromurlsourceacfail5b3439077254aefd?restype=container",
      "RequestMethod": "PUT",
      "RequestHeaders": {
        "Accept": "application/xml",
        "Authorization": "Sanitized",
        "Content-Length": "0",
        "Date": "Tue, 12 Dec 2023 18:55:41 GMT",
        "User-Agent": "azsdk-java-azure-storage-blob/12.26.0-beta.1 (17.0.8; Windows 11; 10.0)",
        "x-ms-client-request-id": "24fe5eda-74db-4089-88a6-b99562f86421",
        "x-ms-version": "2024-02-04"
      },
      "RequestBody": null,
      "StatusCode": 201,
      "ResponseHeaders": {
        "Content-Length": "0",
        "Date": "Tue, 12 Dec 2023 18:55:41 GMT",
        "ETag": "\u00220x8DBFB43F094A67C\u0022",
        "Last-Modified": "Tue, 12 Dec 2023 18:55:42 GMT",
        "Server": [
          "Windows-Azure-Blob/1.0",
          "Microsoft-HTTPAPI/2.0"
        ],
        "x-ms-client-request-id": "24fe5eda-74db-4089-88a6-b99562f86421",
        "x-ms-request-id": "18be53dd-f01e-005a-302c-2df181000000",
        "x-ms-version": "2024-02-04"
      },
      "ResponseBody": null
    },
    {
      "RequestUri": "https://REDACTED/3456ff390appendblockfromurlsourceacfail5b3439077254aefd?restype=container",
      "RequestMethod": "PUT",
      "RequestHeaders": {
        "Accept": "application/xml",
        "Authorization": "Sanitized",
        "Content-Length": "0",
        "Date": "Tue, 12 Dec 2023 18:55:41 GMT",
        "User-Agent": "azsdk-java-azure-storage-blob/12.26.0-beta.1 (17.0.8; Windows 11; 10.0)",
        "x-ms-client-request-id": "7ef249c4-e783-434f-87c9-c484faa5849d",
        "x-ms-version": "2024-02-04"
      },
      "RequestBody": null,
      "StatusCode": 409,
      "ResponseHeaders": {
        "Content-Length": "230",
        "Content-Type": "application/xml",
        "Date": "Tue, 12 Dec 2023 18:55:41 GMT",
        "Server": [
          "Windows-Azure-Blob/1.0",
          "Microsoft-HTTPAPI/2.0"
        ],
        "x-ms-client-request-id": "7ef249c4-e783-434f-87c9-c484faa5849d",
        "x-ms-error-code": "ContainerAlreadyExists",
        "x-ms-request-id": "18be5463-f01e-005a-1e2c-2df181000000",
        "x-ms-version": "2024-02-04"
      },
      "ResponseBody": [
        "\uFEFF\u003C?xml version=\u00221.0\u0022 encoding=\u0022utf-8\u0022?\u003E\u003CError\u003E\u003CCode\u003EContainerAlreadyExists\u003C/Code\u003E\u003CMessage\u003EThe specified container already exists.\n",
        "RequestId:18be5463-f01e-005a-1e2c-2df181000000\n",
        "Time:2023-12-12T18:55:42.1611040Z\u003C/Message\u003E\u003C/Error\u003E"
      ]
    },
    {
      "RequestUri": "https://REDACTED/3456ff390appendblockfromurlsourceacfail5b3439077254aefd/3456ff391appendblockfromurlsourceacfail5b31286541af4201",
      "RequestMethod": "PUT",
      "RequestHeaders": {
        "Accept": "application/xml",
        "Authorization": "Sanitized",
        "Content-Length": "7",
        "Content-Type": "application/octet-stream",
        "Date": "Tue, 12 Dec 2023 18:55:41 GMT",
        "If-None-Match": "*",
        "User-Agent": "azsdk-java-azure-storage-blob/12.26.0-beta.1 (17.0.8; Windows 11; 10.0)",
        "x-ms-blob-type": "BlockBlob",
        "x-ms-client-request-id": "898434ce-4418-4c0e-893c-e19af7e0a0eb",
        "x-ms-version": "2024-02-04"
      },
      "RequestBody": "ZGVmYXVsdA==",
      "StatusCode": 201,
      "ResponseHeaders": {
        "Content-Length": "0",
        "Content-MD5": "wh\u002BWm18D0z1D4E\u002BPE252gg==",
        "Date": "Tue, 12 Dec 2023 18:55:41 GMT",
        "ETag": "\u00220x8DBFB43F0AF532E\u0022",
        "Last-Modified": "Tue, 12 Dec 2023 18:55:42 GMT",
        "Server": [
          "Windows-Azure-Blob/1.0",
          "Microsoft-HTTPAPI/2.0"
        ],
        "x-ms-client-request-id": "898434ce-4418-4c0e-893c-e19af7e0a0eb",
        "x-ms-content-crc64": "6RYQPwaVsyQ=",
        "x-ms-request-id": "18be54dc-f01e-005a-072c-2df181000000",
        "x-ms-request-server-encrypted": "true",
        "x-ms-version": "2024-02-04"
      },
      "ResponseBody": null
    },
    {
      "RequestUri": "https://REDACTED/3456ff390appendblockfromurlsourceacfail5b3439077254aefd/3456ff392appendblockfromurlsourceacfail5b398892cf15debf",
      "RequestMethod": "PUT",
      "RequestHeaders": {
        "Accept": "application/xml",
        "Authorization": "Sanitized",
        "Content-Length": "7",
        "Content-Type": "application/octet-stream",
        "Date": "Tue, 12 Dec 2023 18:55:41 GMT",
        "User-Agent": "azsdk-java-azure-storage-blob/12.26.0-beta.1 (17.0.8; Windows 11; 10.0)",
        "x-ms-blob-type": "BlockBlob",
        "x-ms-client-request-id": "3c49741a-0143-45c0-9bbe-2ff737eb365f",
        "x-ms-version": "2024-02-04"
      },
      "RequestBody": "ZGVmYXVsdA==",
      "StatusCode": 201,
      "ResponseHeaders": {
        "Content-Length": "0",
        "Content-MD5": "wh\u002BWm18D0z1D4E\u002BPE252gg==",
        "Date": "Tue, 12 Dec 2023 18:55:41 GMT",
        "ETag": "\u00220x8DBFB43F0BC9791\u0022",
        "Last-Modified": "Tue, 12 Dec 2023 18:55:42 GMT",
        "Server": [
          "Windows-Azure-Blob/1.0",
          "Microsoft-HTTPAPI/2.0"
        ],
        "x-ms-client-request-id": "3c49741a-0143-45c0-9bbe-2ff737eb365f",
        "x-ms-content-crc64": "6RYQPwaVsyQ=",
        "x-ms-request-id": "18be553b-f01e-005a-512c-2df181000000",
        "x-ms-request-server-encrypted": "true",
        "x-ms-version": "2024-02-04"
      },
      "ResponseBody": null
    },
    {
      "RequestUri": "https://REDACTED/3456ff390appendblockfromurlsourceacfail5b3439077254aefd/3456ff393appendblockfromurlsourceacfail5b374024f67bbbb5",
      "RequestMethod": "PUT",
      "RequestHeaders": {
        "Accept": "application/xml",
        "Authorization": "Sanitized",
        "Content-Length": "0",
        "Date": "Tue, 12 Dec 2023 18:55:41 GMT",
        "If-None-Match": "*",
        "User-Agent": "azsdk-java-azure-storage-blob/12.26.0-beta.1 (17.0.8; Windows 11; 10.0)",
        "x-ms-blob-type": "AppendBlob",
        "x-ms-client-request-id": "d5507b95-98ac-4b71-b479-1a987e341f6a",
        "x-ms-version": "2024-02-04"
      },
      "RequestBody": null,
      "StatusCode": 201,
      "ResponseHeaders": {
        "Content-Length": "0",
        "Date": "Tue, 12 Dec 2023 18:55:41 GMT",
        "ETag": "\u00220x8DBFB43F0C9DC0D\u0022",
        "Last-Modified": "Tue, 12 Dec 2023 18:55:42 GMT",
        "Server": [
          "Windows-Azure-Blob/1.0",
          "Microsoft-HTTPAPI/2.0"
        ],
        "x-ms-client-request-id": "d5507b95-98ac-4b71-b479-1a987e341f6a",
        "x-ms-request-id": "18be558a-f01e-005a-182c-2df181000000",
        "x-ms-request-server-encrypted": "true",
        "x-ms-version": "2024-02-04"
      },
      "ResponseBody": null
    },
    {
      "RequestUri": "https://REDACTED/3456ff390appendblockfromurlsourceacfail5b3439077254aefd/3456ff394appendblockfromurlsourceacfail5b390676f10e8ed9",
      "RequestMethod": "PUT",
      "RequestHeaders": {
        "Accept": "application/xml",
        "Authorization": "Sanitized",
        "Content-Length": "0",
        "Date": "Tue, 12 Dec 2023 18:55:41 GMT",
        "If-None-Match": "*",
        "User-Agent": "azsdk-java-azure-storage-blob/12.26.0-beta.1 (17.0.8; Windows 11; 10.0)",
        "x-ms-blob-content-length": "512",
        "x-ms-blob-type": "PageBlob",
        "x-ms-client-request-id": "909c7c0b-446c-4270-af5e-a5d531e804b2",
        "x-ms-version": "2024-02-04"
      },
      "RequestBody": null,
      "StatusCode": 201,
      "ResponseHeaders": {
        "Content-Length": "0",
        "Date": "Tue, 12 Dec 2023 18:55:42 GMT",
        "ETag": "\u00220x8DBFB43F0D795AD\u0022",
        "Last-Modified": "Tue, 12 Dec 2023 18:55:42 GMT",
        "Server": [
          "Windows-Azure-Blob/1.0",
          "Microsoft-HTTPAPI/2.0"
        ],
        "x-ms-client-request-id": "909c7c0b-446c-4270-af5e-a5d531e804b2",
        "x-ms-request-id": "18be55ef-f01e-005a-762c-2df181000000",
        "x-ms-request-server-encrypted": "true",
        "x-ms-version": "2024-02-04"
      },
      "ResponseBody": null
    },
    {
      "RequestUri": "https://REDACTED/3456ff396appendblockfromurlsourceacfail5b3174187f378fca?restype=container",
      "RequestMethod": "PUT",
      "RequestHeaders": {
        "Accept": "application/xml",
        "Authorization": "Sanitized",
        "Content-Length": "0",
        "Date": "Tue, 12 Dec 2023 18:55:41 GMT",
        "User-Agent": "azsdk-java-azure-storage-blob/12.26.0-beta.1 (17.0.8; Windows 11; 10.0)",
        "x-ms-client-request-id": "f9065e68-7f29-41e5-8b62-48000d6a3c36",
        "x-ms-version": "2024-02-04"
      },
      "RequestBody": null,
      "StatusCode": 201,
      "ResponseHeaders": {
        "Content-Length": "0",
        "Date": "Tue, 12 Dec 2023 18:55:41 GMT",
        "ETag": "\u00220x8DBFB43F0E90519\u0022",
        "Last-Modified": "Tue, 12 Dec 2023 18:55:42 GMT",
        "Server": [
          "Windows-Azure-Blob/1.0",
          "Microsoft-HTTPAPI/2.0"
        ],
        "x-ms-client-request-id": "f9065e68-7f29-41e5-8b62-48000d6a3c36",
        "x-ms-request-id": "196ea16c-501e-0037-3e2c-2d33f9000000",
        "x-ms-version": "2024-02-04"
      },
      "ResponseBody": null
    },
    {
      "RequestUri": "https://REDACTED/3456ff390appendblockfromurlsourceacfail5b3439077254aefd?restype=container\u0026comp=acl",
      "RequestMethod": "PUT",
      "RequestHeaders": {
        "Accept": "application/xml",
        "Authorization": "Sanitized",
        "Content-Length": "58",
        "Content-Type": "application/xml",
        "Date": "Tue, 12 Dec 2023 18:55:42 GMT",
        "User-Agent": "azsdk-java-azure-storage-blob/12.26.0-beta.1 (17.0.8; Windows 11; 10.0)",
        "x-ms-blob-public-access": "container",
        "x-ms-client-request-id": "b0b66edc-644b-4283-9bc3-1c6d6ab0a8f7",
        "x-ms-version": "2024-02-04"
      },
      "RequestBody": "\u003C?xml version=\u00271.0\u0027 encoding=\u0027UTF-8\u0027?\u003E\u003CSignedIdentifiers/\u003E",
      "StatusCode": 200,
      "ResponseHeaders": {
        "Content-Length": "0",
        "Date": "Tue, 12 Dec 2023 18:55:42 GMT",
        "ETag": "\u00220x8DBFB43F0F6C9C1\u0022",
        "Last-Modified": "Tue, 12 Dec 2023 18:55:42 GMT",
        "Server": [
          "Windows-Azure-Blob/1.0",
          "Microsoft-HTTPAPI/2.0"
        ],
        "x-ms-client-request-id": "b0b66edc-644b-4283-9bc3-1c6d6ab0a8f7",
        "x-ms-request-id": "18be56fb-f01e-005a-562c-2df181000000",
        "x-ms-version": "2024-02-04"
      },
      "ResponseBody": null
    },
    {
      "RequestUri": "https://REDACTED/3456ff390appendblockfromurlsourceacfail5b3439077254aefd/3456ff398appendblockfromurlsourceacfail5b329085e364724e",
      "RequestMethod": "PUT",
      "RequestHeaders": {
        "Accept": "application/xml",
        "Authorization": "Sanitized",
        "Content-Length": "0",
        "Date": "Tue, 12 Dec 2023 18:56:12 GMT",
        "If-None-Match": "*",
        "User-Agent": "azsdk-java-azure-storage-blob/12.26.0-beta.1 (17.0.8; Windows 11; 10.0)",
        "x-ms-blob-type": "AppendBlob",
        "x-ms-client-request-id": "5968c344-b124-4942-9bf2-2ef7189bc80f",
        "x-ms-version": "2024-02-04"
      },
      "RequestBody": null,
      "StatusCode": 201,
      "ResponseHeaders": {
        "Content-Length": "0",
        "Date": "Tue, 12 Dec 2023 18:56:12 GMT",
        "ETag": "\u00220x8DBFB4402E788C7\u0022",
        "Last-Modified": "Tue, 12 Dec 2023 18:56:12 GMT",
        "Server": [
          "Windows-Azure-Blob/1.0",
          "Microsoft-HTTPAPI/2.0"
        ],
        "x-ms-client-request-id": "5968c344-b124-4942-9bf2-2ef7189bc80f",
        "x-ms-request-id": "18beeb4f-f01e-005a-702c-2df181000000",
        "x-ms-request-server-encrypted": "true",
        "x-ms-version": "2024-02-04"
      },
      "ResponseBody": null
    },
    {
      "RequestUri": "https://REDACTED/3456ff390appendblockfromurlsourceacfail5b3439077254aefd/3456ff398appendblockfromurlsourceacfail5b329085e364724e?comp=appendblock",
      "RequestMethod": "PUT",
      "RequestHeaders": {
        "Accept": "application/xml",
        "Authorization": "Sanitized",
        "Content-Length": "7",
        "Content-Type": "application/octet-stream",
        "Date": "Tue, 12 Dec 2023 18:56:12 GMT",
        "User-Agent": "azsdk-java-azure-storage-blob/12.26.0-beta.1 (17.0.8; Windows 11; 10.0)",
        "x-ms-client-request-id": "83c94a28-09aa-48ee-8913-915129252874",
        "x-ms-version": "2024-02-04"
      },
      "RequestBody": "ZGVmYXVsdA==",
      "StatusCode": 201,
      "ResponseHeaders": {
        "Content-Length": "0",
        "Date": "Tue, 12 Dec 2023 18:56:12 GMT",
        "ETag": "\u00220x8DBFB4402F4CD40\u0022",
        "Last-Modified": "Tue, 12 Dec 2023 18:56:12 GMT",
        "Server": [
          "Windows-Azure-Blob/1.0",
          "Microsoft-HTTPAPI/2.0"
        ],
        "x-ms-blob-append-offset": "0",
        "x-ms-blob-committed-block-count": "1",
        "x-ms-client-request-id": "83c94a28-09aa-48ee-8913-915129252874",
        "x-ms-content-crc64": "6RYQPwaVsyQ=",
        "x-ms-request-id": "18beebc5-f01e-005a-632c-2df181000000",
        "x-ms-request-server-encrypted": "true",
        "x-ms-version": "2024-02-04"
      },
      "ResponseBody": null
    },
    {
      "RequestUri": "https://REDACTED/3456ff390appendblockfromurlsourceacfail5b3439077254aefd/3456ff398appendblockfromurlsourceacfail5b329085e364724e",
      "RequestMethod": "HEAD",
      "RequestHeaders": {
        "Accept": "application/xml",
        "Authorization": "Sanitized",
        "Content-Length": "0",
        "Date": "Tue, 12 Dec 2023 18:56:12 GMT",
        "User-Agent": "azsdk-java-azure-storage-blob/12.26.0-beta.1 (17.0.8; Windows 11; 10.0)",
        "x-ms-client-request-id": "aa9566f7-c502-4815-938f-25aebbf96381",
        "x-ms-version": "2024-02-04"
      },
      "RequestBody": null,
      "StatusCode": 200,
      "ResponseHeaders": {
        "Accept-Ranges": "bytes",
        "Access-Control-Allow-Origin": "*",
        "Access-Control-Expose-Headers": "x-ms-client-request-id",
        "Content-Length": "7",
        "Content-Type": "application/octet-stream",
        "Date": "Tue, 12 Dec 2023 18:56:12 GMT",
        "ETag": "\u00220x8DBFB4402F4CD40\u0022",
        "Last-Modified": "Tue, 12 Dec 2023 18:56:12 GMT",
        "Server": [
          "Windows-Azure-Blob/1.0",
          "Microsoft-HTTPAPI/2.0"
        ],
        "x-ms-blob-committed-block-count": "1",
        "x-ms-blob-type": "AppendBlob",
        "x-ms-client-request-id": "aa9566f7-c502-4815-938f-25aebbf96381",
        "x-ms-creation-time": "Tue, 12 Dec 2023 18:56:12 GMT",
        "x-ms-lease-state": "available",
        "x-ms-lease-status": "unlocked",
        "x-ms-request-id": "18beec43-f01e-005a-5c2c-2df181000000",
        "x-ms-server-encrypted": "true",
        "x-ms-version": "2024-02-04"
      },
      "ResponseBody": null
    },
    {
      "RequestUri": "https://REDACTED/3456ff390appendblockfromurlsourceacfail5b3439077254aefd/3456ff393appendblockfromurlsourceacfail5b374024f67bbbb5?comp=appendblock",
      "RequestMethod": "PUT",
      "RequestHeaders": {
        "Accept": "application/xml",
        "Authorization": "Sanitized",
        "Content-Length": "0",
        "Date": "Tue, 12 Dec 2023 18:56:12 GMT",
        "User-Agent": "azsdk-java-azure-storage-blob/12.26.0-beta.1 (17.0.8; Windows 11; 10.0)",
        "x-ms-client-request-id": "17996c90-8128-47bc-9c82-28bccf141423",
        "x-ms-copy-source": "https://REDACTED/3456ff390appendblockfromurlsourceacfail5b3439077254aefd/3456ff398appendblockfromurlsourceacfail5b329085e364724e",
        "x-ms-source-if-none-match": "0x8DBFB4402F4CD40",
        "x-ms-source-range": "bytes=0-",
        "x-ms-version": "2024-02-04"
      },
      "RequestBody": null,
      "StatusCode": 304,
      "ResponseHeaders": {
        "Date": "Tue, 12 Dec 2023 18:56:12 GMT",
        "Server": [
          "Windows-Azure-Blob/1.0",
          "Microsoft-HTTPAPI/2.0"
        ],
        "x-ms-client-request-id": "17996c90-8128-47bc-9c82-28bccf141423",
        "x-ms-error-code": "CannotVerifyCopySource",
        "x-ms-request-id": "18beecd5-f01e-005a-632c-2df181000000",
        "x-ms-version": "2024-02-04"
      },
      "ResponseBody": null
    }
  ],
  "Variables": {
    "0": "3456ff390appendblockfromurlsourceacfail5b3439077254aefd",
    "1": "3456ff391appendblockfromurlsourceacfail5b31286541af4201",
    "2": "3456ff392appendblockfromurlsourceacfail5b398892cf15debf",
    "3": "3456ff393appendblockfromurlsourceacfail5b374024f67bbbb5",
    "4": "3456ff394appendblockfromurlsourceacfail5b390676f10e8ed9",
    "5": "3456ff395appendblockfromurlsourceacfail5b30099140c2f7be",
    "6": "3456ff396appendblockfromurlsourceacfail5b3174187f378fca",
    "7": "3456ff397appendblockfromurlsourceacfail5b31588298d2ab11",
    "8": "3456ff398appendblockfromurlsourceacfail5b329085e364724e"
  }
}
