{
  "Entries": [
    {
      "RequestUri": "https://REDACTED/9c63cbec0uploadpagefromurldestinationacaac650695144fbaf?restype=container",
      "RequestMethod": "PUT",
      "RequestHeaders": {
        "Accept": "application/xml",
        "Authorization": "Sanitized",
        "Content-Length": "0",
        "Date": "Mon, 11 Dec 2023 23:22:18 GMT",
        "User-Agent": "azsdk-java-azure-storage-blob/12.26.0-beta.1 (17.0.8; Windows 11; 10.0)",
        "x-ms-client-request-id": "86a86e12-88d8-4b71-a7f1-4333512fbfb2",
        "x-ms-version": "2024-02-04"
      },
      "RequestBody": null,
      "StatusCode": 201,
      "ResponseHeaders": {
        "Content-Length": "0",
        "Date": "Mon, 11 Dec 2023 23:22:22 GMT",
        "ETag": "\u00220x8DBFAA00748BDAA\u0022",
        "Last-Modified": "Mon, 11 Dec 2023 23:22:22 GMT",
        "Server": [
          "Windows-Azure-Blob/1.0",
          "Microsoft-HTTPAPI/2.0"
        ],
        "x-ms-client-request-id": "86a86e12-88d8-4b71-a7f1-4333512fbfb2",
        "x-ms-request-id": "7be8aac7-701e-006b-3688-2c1092000000",
        "x-ms-version": "2024-02-04"
      },
      "ResponseBody": null
    },
    {
      "RequestUri": "https://REDACTED/9c63cbec0uploadpagefromurldestinationacaac650695144fbaf?restype=container",
      "RequestMethod": "PUT",
      "RequestHeaders": {
        "Accept": "application/xml",
        "Authorization": "Sanitized",
        "Content-Length": "0",
        "Date": "Mon, 11 Dec 2023 23:22:18 GMT",
        "User-Agent": "azsdk-java-azure-storage-blob/12.26.0-beta.1 (17.0.8; Windows 11; 10.0)",
        "x-ms-client-request-id": "e8fd64a5-4862-45d0-a860-10170997cc78",
        "x-ms-version": "2024-02-04"
      },
      "RequestBody": null,
      "StatusCode": 409,
      "ResponseHeaders": {
        "Content-Length": "230",
        "Content-Type": "application/xml",
        "Date": "Mon, 11 Dec 2023 23:22:22 GMT",
        "Server": [
          "Windows-Azure-Blob/1.0",
          "Microsoft-HTTPAPI/2.0"
        ],
        "x-ms-client-request-id": "e8fd64a5-4862-45d0-a860-10170997cc78",
        "x-ms-error-code": "ContainerAlreadyExists",
        "x-ms-request-id": "7be8ab62-701e-006b-4788-2c1092000000",
        "x-ms-version": "2024-02-04"
      },
      "ResponseBody": [
        "\uFEFF\u003C?xml version=\u00221.0\u0022 encoding=\u0022utf-8\u0022?\u003E\u003CError\u003E\u003CCode\u003EContainerAlreadyExists\u003C/Code\u003E\u003CMessage\u003EThe specified container already exists.\n",
        "RequestId:7be8ab62-701e-006b-4788-2c1092000000\n",
        "Time:2023-12-11T23:22:22.7865659Z\u003C/Message\u003E\u003C/Error\u003E"
      ]
    },
    {
      "RequestUri": "https://REDACTED/9c63cbec0uploadpagefromurldestinationacaac650695144fbaf/9c63cbec1uploadpagefromurldestinationacaac21111051daa01",
      "RequestMethod": "PUT",
      "RequestHeaders": {
        "Accept": "application/xml",
        "Authorization": "Sanitized",
        "Content-Length": "7",
        "Content-Type": "application/octet-stream",
        "Date": "Mon, 11 Dec 2023 23:22:18 GMT",
        "User-Agent": "azsdk-java-azure-storage-blob/12.26.0-beta.1 (17.0.8; Windows 11; 10.0)",
        "x-ms-blob-type": "BlockBlob",
        "x-ms-client-request-id": "e026aabf-a387-4860-b2c1-52fe8bb31189",
        "x-ms-version": "2024-02-04"
      },
      "RequestBody": "ZGVmYXVsdA==",
      "StatusCode": 201,
      "ResponseHeaders": {
        "Content-Length": "0",
        "Content-MD5": "wh\u002BWm18D0z1D4E\u002BPE252gg==",
        "Date": "Mon, 11 Dec 2023 23:22:22 GMT",
        "ETag": "\u00220x8DBFAA007631DC4\u0022",
        "Last-Modified": "Mon, 11 Dec 2023 23:22:22 GMT",
        "Server": [
          "Windows-Azure-Blob/1.0",
          "Microsoft-HTTPAPI/2.0"
        ],
        "x-ms-client-request-id": "e026aabf-a387-4860-b2c1-52fe8bb31189",
        "x-ms-content-crc64": "6RYQPwaVsyQ=",
        "x-ms-request-id": "7be8abd8-701e-006b-3c88-2c1092000000",
        "x-ms-request-server-encrypted": "true",
        "x-ms-version": "2024-02-04"
      },
      "ResponseBody": null
    },
    {
      "RequestUri": "https://REDACTED/9c63cbec0uploadpagefromurldestinationacaac650695144fbaf/9c63cbec2uploadpagefromurldestinationacaac8577784d4380b",
      "RequestMethod": "PUT",
      "RequestHeaders": {
        "Accept": "application/xml",
        "Authorization": "Sanitized",
        "Content-Length": "0",
        "Date": "Mon, 11 Dec 2023 23:22:19 GMT",
        "If-None-Match": "*",
        "User-Agent": "azsdk-java-azure-storage-blob/12.26.0-beta.1 (17.0.8; Windows 11; 10.0)",
        "x-ms-blob-type": "AppendBlob",
        "x-ms-client-request-id": "620e21fc-6fdb-4bc1-b667-7c8a2b106f32",
        "x-ms-version": "2024-02-04"
      },
      "RequestBody": null,
      "StatusCode": 201,
      "ResponseHeaders": {
        "Content-Length": "0",
        "Date": "Mon, 11 Dec 2023 23:22:22 GMT",
        "ETag": "\u00220x8DBFAA00770FE64\u0022",
        "Last-Modified": "Mon, 11 Dec 2023 23:22:22 GMT",
        "Server": [
          "Windows-Azure-Blob/1.0",
          "Microsoft-HTTPAPI/2.0"
        ],
        "x-ms-client-request-id": "620e21fc-6fdb-4bc1-b667-7c8a2b106f32",
        "x-ms-request-id": "7be8ac74-701e-006b-4f88-2c1092000000",
        "x-ms-request-server-encrypted": "true",
        "x-ms-version": "2024-02-04"
      },
      "ResponseBody": null
    },
    {
      "RequestUri": "https://REDACTED/9c63cbec0uploadpagefromurldestinationacaac650695144fbaf/9c63cbec3uploadpagefromurldestinationacaac6492679f147fa",
      "RequestMethod": "PUT",
      "RequestHeaders": {
        "Accept": "application/xml",
        "Authorization": "Sanitized",
        "Content-Length": "0",
        "Date": "Mon, 11 Dec 2023 23:22:19 GMT",
        "If-None-Match": "*",
        "User-Agent": "azsdk-java-azure-storage-blob/12.26.0-beta.1 (17.0.8; Windows 11; 10.0)",
        "x-ms-blob-content-length": "512",
        "x-ms-blob-type": "PageBlob",
        "x-ms-client-request-id": "856cf6ce-0b8b-41d2-bbe8-344649bdf301",
        "x-ms-version": "2024-02-04"
      },
      "RequestBody": null,
      "StatusCode": 201,
      "ResponseHeaders": {
        "Content-Length": "0",
        "Date": "Mon, 11 Dec 2023 23:22:22 GMT",
        "ETag": "\u00220x8DBFAA0077FA23E\u0022",
        "Last-Modified": "Mon, 11 Dec 2023 23:22:23 GMT",
        "Server": [
          "Windows-Azure-Blob/1.0",
          "Microsoft-HTTPAPI/2.0"
        ],
        "x-ms-client-request-id": "856cf6ce-0b8b-41d2-bbe8-344649bdf301",
        "x-ms-request-id": "7be8acfc-701e-006b-4c88-2c1092000000",
        "x-ms-request-server-encrypted": "true",
        "x-ms-version": "2024-02-04"
      },
      "ResponseBody": null
    },
    {
      "RequestUri": "https://REDACTED/9c63cbec5uploadpagefromurldestinationacaac40049a6426ea7?restype=container",
      "RequestMethod": "PUT",
      "RequestHeaders": {
        "Accept": "application/xml",
        "Authorization": "Sanitized",
        "Content-Length": "0",
        "Date": "Mon, 11 Dec 2023 23:22:19 GMT",
        "User-Agent": "azsdk-java-azure-storage-blob/12.26.0-beta.1 (17.0.8; Windows 11; 10.0)",
        "x-ms-client-request-id": "beec32db-a15d-46a3-b163-5b08814a2639",
        "x-ms-version": "2024-02-04"
      },
      "RequestBody": null,
      "StatusCode": 201,
      "ResponseHeaders": {
        "Content-Length": "0",
        "Date": "Mon, 11 Dec 2023 23:22:23 GMT",
        "ETag": "\u00220x8DBFAA0078D75FB\u0022",
        "Last-Modified": "Mon, 11 Dec 2023 23:22:23 GMT",
        "Server": [
          "Windows-Azure-Blob/1.0",
          "Microsoft-HTTPAPI/2.0"
        ],
        "x-ms-client-request-id": "beec32db-a15d-46a3-b163-5b08814a2639",
        "x-ms-request-id": "124d5375-601e-0003-6588-2c0031000000",
        "x-ms-version": "2024-02-04"
      },
      "ResponseBody": null
    },
    {
      "RequestUri": "https://REDACTED/9c63cbec0uploadpagefromurldestinationacaac650695144fbaf/9c63cbec3uploadpagefromurldestinationacaac6492679f147fa?comp=tags",
      "RequestMethod": "PUT",
      "RequestHeaders": {
        "Accept": "application/xml",
        "Authorization": "Sanitized",
        "Content-Length": "111",
        "Content-Type": "application/xml",
        "Date": "Mon, 11 Dec 2023 23:22:19 GMT",
        "User-Agent": "azsdk-java-azure-storage-blob/12.26.0-beta.1 (17.0.8; Windows 11; 10.0)",
        "x-ms-client-request-id": "e1145d59-ecd0-430f-ba07-7cc2727ff0d1",
        "x-ms-version": "2024-02-04"
      },
      "RequestBody": "\u003C?xml version=\u00271.0\u0027 encoding=\u0027UTF-8\u0027?\u003E\u003CTags\u003E\u003CTagSet\u003E\u003CTag\u003E\u003CKey\u003Efoo\u003C/Key\u003E\u003CValue\u003Ebar\u003C/Value\u003E\u003C/Tag\u003E\u003C/TagSet\u003E\u003C/Tags\u003E",
      "StatusCode": 204,
      "ResponseHeaders": {
        "Date": "Mon, 11 Dec 2023 23:22:23 GMT",
        "Server": [
          "Windows-Azure-Blob/1.0",
          "Microsoft-HTTPAPI/2.0"
        ],
        "x-ms-client-request-id": "e1145d59-ecd0-430f-ba07-7cc2727ff0d1",
        "x-ms-request-id": "7be8ae2a-701e-006b-6988-2c1092000000",
        "x-ms-version": "2024-02-04"
      },
      "ResponseBody": null
    },
    {
      "RequestUri": "https://REDACTED/9c63cbec0uploadpagefromurldestinationacaac650695144fbaf?restype=container\u0026comp=acl",
      "RequestMethod": "PUT",
      "RequestHeaders": {
        "Accept": "application/xml",
        "Authorization": "Sanitized",
        "Content-Length": "58",
        "Content-Type": "application/xml",
        "Date": "Mon, 11 Dec 2023 23:22:19 GMT",
        "User-Agent": "azsdk-java-azure-storage-blob/12.26.0-beta.1 (17.0.8; Windows 11; 10.0)",
        "x-ms-blob-public-access": "container",
        "x-ms-client-request-id": "48fbdb2a-7432-4a9c-8cd5-f577f525a03d",
        "x-ms-version": "2024-02-04"
      },
      "RequestBody": "\u003C?xml version=\u00271.0\u0027 encoding=\u0027UTF-8\u0027?\u003E\u003CSignedIdentifiers/\u003E",
      "StatusCode": 200,
      "ResponseHeaders": {
        "Content-Length": "0",
        "Date": "Mon, 11 Dec 2023 23:22:23 GMT",
        "ETag": "\u00220x8DBFAA007AB14B3\u0022",
        "Last-Modified": "Mon, 11 Dec 2023 23:22:23 GMT",
        "Server": [
          "Windows-Azure-Blob/1.0",
          "Microsoft-HTTPAPI/2.0"
        ],
        "x-ms-client-request-id": "48fbdb2a-7432-4a9c-8cd5-f577f525a03d",
        "x-ms-request-id": "7be8aecc-701e-006b-0788-2c1092000000",
        "x-ms-version": "2024-02-04"
      },
      "ResponseBody": null
    },
    {
      "RequestUri": "https://REDACTED/9c63cbec0uploadpagefromurldestinationacaac650695144fbaf?restype=container\u0026comp=acl",
      "RequestMethod": "GET",
      "RequestHeaders": {
        "Accept": "application/xml",
        "Authorization": "Sanitized",
        "Content-Length": "0",
        "Date": "Mon, 11 Dec 2023 23:22:19 GMT",
        "User-Agent": "azsdk-java-azure-storage-blob/12.26.0-beta.1 (17.0.8; Windows 11; 10.0)",
        "x-ms-client-request-id": "378b44e7-3f9a-41cd-909a-bf58983f8ad4",
        "x-ms-version": "2024-02-04"
      },
      "RequestBody": null,
      "StatusCode": 200,
      "ResponseHeaders": {
        "Content-Type": "application/xml",
        "Date": "Mon, 11 Dec 2023 23:22:23 GMT",
        "ETag": "\u00220x8DBFAA007AB14B3\u0022",
        "Last-Modified": "Mon, 11 Dec 2023 23:22:23 GMT",
        "Server": [
          "Windows-Azure-Blob/1.0",
          "Microsoft-HTTPAPI/2.0"
        ],
        "Transfer-Encoding": "chunked",
        "x-ms-blob-public-access": "container",
        "x-ms-client-request-id": "378b44e7-3f9a-41cd-909a-bf58983f8ad4",
        "x-ms-request-id": "7be8af58-701e-006b-0a88-2c1092000000",
        "x-ms-version": "2024-02-04"
      },
      "ResponseBody": "\uFEFF\u003C?xml version=\u00221.0\u0022 encoding=\u0022utf-8\u0022?\u003E\u003CSignedIdentifiers /\u003E"
    },
    {
      "RequestUri": "https://REDACTED/9c63cbec0uploadpagefromurldestinationacaac650695144fbaf/9c63cbec7uploadpagefromurldestinationacaac84186115183cb",
      "RequestMethod": "PUT",
      "RequestHeaders": {
        "Accept": "application/xml",
        "Authorization": "Sanitized",
        "Content-Length": "0",
        "Date": "Mon, 11 Dec 2023 23:22:19 GMT",
        "If-None-Match": "*",
        "User-Agent": "azsdk-java-azure-storage-blob/12.26.0-beta.1 (17.0.8; Windows 11; 10.0)",
        "x-ms-blob-content-length": "512",
        "x-ms-blob-type": "PageBlob",
        "x-ms-client-request-id": "3a437312-5686-49bd-b1b6-b7592b623964",
        "x-ms-version": "2024-02-04"
      },
      "RequestBody": null,
      "StatusCode": 201,
      "ResponseHeaders": {
        "Content-Length": "0",
        "Date": "Mon, 11 Dec 2023 23:22:23 GMT",
        "ETag": "\u00220x8DBFAA007C5A1BC\u0022",
        "Last-Modified": "Mon, 11 Dec 2023 23:22:23 GMT",
        "Server": [
          "Windows-Azure-Blob/1.0",
          "Microsoft-HTTPAPI/2.0"
        ],
        "x-ms-client-request-id": "3a437312-5686-49bd-b1b6-b7592b623964",
        "x-ms-request-id": "7be8afd0-701e-006b-7588-2c1092000000",
        "x-ms-request-server-encrypted": "true",
        "x-ms-version": "2024-02-04"
      },
      "ResponseBody": null
    },
    {
      "RequestUri": "https://REDACTED/9c63cbec0uploadpagefromurldestinationacaac650695144fbaf/9c63cbec7uploadpagefromurldestinationacaac84186115183cb?comp=page",
      "RequestMethod": "PUT",
      "RequestHeaders": {
        "Accept": "application/xml",
        "Authorization": "Sanitized",
        "Content-Length": "512",
        "Content-Type": "application/octet-stream",
        "Date": "Mon, 11 Dec 2023 23:22:19 GMT",
        "User-Agent": "azsdk-java-azure-storage-blob/12.26.0-beta.1 (17.0.8; Windows 11; 10.0)",
        "x-ms-client-request-id": "f30b1e89-0124-44a0-b2f1-3e2ef314f101",
        "x-ms-page-write": "update",
        "x-ms-range": "bytes=0-511",
        "x-ms-version": "2024-02-04"
      },
      "RequestBody": "MWCsqgSreKlw9XJIo369nC5g\u002Bdcjxbo/r8m0uknL4euvaeDyl7JlCpCnK5rUtZqGsm59076l0udFQknhkQgn5Q1qBv1BK3dG\u002BEB9/ZeRhTB7DxpemRoIY/8\u002B3Nnj8K4d9\u002BjA2NWKvBJOGzrCxKQbGk110sqZz0Q4LUtVz3n4c5ztG3WwacLFiCokWAwYuf0JAgqJ3ifcaBRQUdAQsNQ1vMJMO9fa4hWQmOeLX7FHQngHvf8QsC/zG5/Nzi2M/MrtHpAFNUXRlfCZakruloGOSt\u002BhI/clDps7hdBs8zG58XX9y3Yjjwv5h6HVOwQt6Bdan969Vnyc7F4g0UPZa8YCoS8OJOPffEaoGu9oG8N1EEJw6uOMLX06hMRP5dcngycR1jI6Th5i93ngZa0KCFY/gxEcwQG1fHZ9dkgXNvix9f3q2sFSfj5eWMTrOEOQLsgfU4iTXRZOw81ydTyVk8mSdriy\u002Bwvw30eDCiApQlP3YnCbMPYTVVfRe6ZhkmhT1cD5XwiPB6xzCC3qSYYyLWOGGmOB0qP7jVjhNEsvDrbldgFSsoRgrapm4BLjLDtf2Ea9uCCTm5VjQXj01enz3RDncdlFSN8y7hZ2IvJtGwz56yC9DHIKNMJOZu\u002BNlI0QAxQ2j50pOz\u002BkuFUuNXCIvbt\u002BcygK/IjuGFsQ5Tk3ZTgfWLY=",
      "StatusCode": 201,
      "ResponseHeaders": {
        "Content-Length": "0",
        "Date": "Mon, 11 Dec 2023 23:22:23 GMT",
        "ETag": "\u00220x8DBFAA007D35B51\u0022",
        "Last-Modified": "Mon, 11 Dec 2023 23:22:23 GMT",
        "Server": [
          "Windows-Azure-Blob/1.0",
          "Microsoft-HTTPAPI/2.0"
        ],
        "x-ms-blob-sequence-number": "0",
        "x-ms-client-request-id": "f30b1e89-0124-44a0-b2f1-3e2ef314f101",
        "x-ms-content-crc64": "qpGvTWXrgOI=",
        "x-ms-request-id": "7be8b073-701e-006b-0b88-2c1092000000",
        "x-ms-request-server-encrypted": "true",
        "x-ms-version": "2024-02-04"
      },
      "ResponseBody": null
    },
    {
      "RequestUri": "https://REDACTED/9c63cbec0uploadpagefromurldestinationacaac650695144fbaf/9c63cbec3uploadpagefromurldestinationacaac6492679f147fa?comp=page",
      "RequestMethod": "PUT",
      "RequestHeaders": {
        "Accept": "application/xml",
        "Authorization": "Sanitized",
        "Content-Length": "0",
        "Date": "Mon, 11 Dec 2023 23:22:19 GMT",
        "If-None-Match": "garbage",
        "User-Agent": "azsdk-java-azure-storage-blob/12.26.0-beta.1 (17.0.8; Windows 11; 10.0)",
        "x-ms-client-request-id": "9621aa7f-8a1c-4e5f-a38a-90e4a74ac3da",
        "x-ms-copy-source": "https://REDACTED/9c63cbec0uploadpagefromurldestinationacaac650695144fbaf/9c63cbec7uploadpagefromurldestinationacaac84186115183cb",
        "x-ms-page-write": "update",
        "x-ms-range": "bytes=0-511",
        "x-ms-source-range": "bytes=0-511",
        "x-ms-version": "2024-02-04"
      },
      "RequestBody": null,
      "StatusCode": 201,
      "ResponseHeaders": {
        "Content-Length": "0",
        "Date": "Mon, 11 Dec 2023 23:22:23 GMT",
        "ETag": "\u00220x8DBFAA007E2E96E\u0022",
        "Last-Modified": "Mon, 11 Dec 2023 23:22:23 GMT",
        "Server": [
          "Windows-Azure-Blob/1.0",
          "Microsoft-HTTPAPI/2.0"
        ],
        "x-ms-blob-sequence-number": "0",
        "x-ms-client-request-id": "9621aa7f-8a1c-4e5f-a38a-90e4a74ac3da",
        "x-ms-content-crc64": "qpGvTWXrgOI=",
        "x-ms-request-id": "7be8b0e6-701e-006b-7b88-2c1092000000",
        "x-ms-request-server-encrypted": "true",
        "x-ms-version": "2024-02-04"
      },
      "ResponseBody": null
    }
  ],
  "Variables": {
    "0": "9c63cbec0uploadpagefromurldestinationacaac650695144fbaf",
    "1": "9c63cbec1uploadpagefromurldestinationacaac21111051daa01",
    "2": "9c63cbec2uploadpagefromurldestinationacaac8577784d4380b",
    "3": "9c63cbec3uploadpagefromurldestinationacaac6492679f147fa",
    "4": "9c63cbec4uploadpagefromurldestinationacaac88311e08ce8c1",
    "5": "9c63cbec5uploadpagefromurldestinationacaac40049a6426ea7",
    "6": "9c63cbec6uploadpagefromurldestinationacaac3480555a4b48e",
    "7": "9c63cbec7uploadpagefromurldestinationacaac84186115183cb",
    "8": "0bc15fb3-cb98-4a33-971a-97f81d5be98c"
  }
}
