{
  "Entries": [
    {
      "RequestUri": "https://REDACTED/d6426e940stageblockfromurlsourceacfailfed04103a9340218?restype=container",
      "RequestMethod": "PUT",
      "RequestHeaders": {
        "Accept": "application/xml",
        "Authorization": "Sanitized",
        "Content-Length": "0",
        "Date": "Tue, 12 Dec 2023 19:01:47 GMT",
        "User-Agent": "azsdk-java-azure-storage-blob/12.26.0-beta.1 (17.0.8; Windows 11; 10.0)",
        "x-ms-client-request-id": "90ecf142-f49f-4b9d-ac73-220ef8dab898",
        "x-ms-version": "2024-02-04"
      },
      "RequestBody": null,
      "StatusCode": 201,
      "ResponseHeaders": {
        "Content-Length": "0",
        "Date": "Tue, 12 Dec 2023 19:01:47 GMT",
        "ETag": "\u00220x8DBFB44CAFD4BB5\u0022",
        "Last-Modified": "Tue, 12 Dec 2023 19:01:48 GMT",
        "Server": [
          "Windows-Azure-Blob/1.0",
          "Microsoft-HTTPAPI/2.0"
        ],
        "x-ms-client-request-id": "90ecf142-f49f-4b9d-ac73-220ef8dab898",
        "x-ms-request-id": "f845f421-301e-007a-4c2d-2d8a26000000",
        "x-ms-version": "2024-02-04"
      },
      "ResponseBody": null
    },
    {
      "RequestUri": "https://REDACTED/d6426e940stageblockfromurlsourceacfailfed04103a9340218?restype=container",
      "RequestMethod": "PUT",
      "RequestHeaders": {
        "Accept": "application/xml",
        "Authorization": "Sanitized",
        "Content-Length": "0",
        "Date": "Tue, 12 Dec 2023 19:01:47 GMT",
        "User-Agent": "azsdk-java-azure-storage-blob/12.26.0-beta.1 (17.0.8; Windows 11; 10.0)",
        "x-ms-client-request-id": "7a9252f6-fee6-4dac-aa78-a1527c24feab",
        "x-ms-version": "2024-02-04"
      },
      "RequestBody": null,
      "StatusCode": 409,
      "ResponseHeaders": {
        "Content-Length": "230",
        "Content-Type": "application/xml",
        "Date": "Tue, 12 Dec 2023 19:01:48 GMT",
        "Server": [
          "Windows-Azure-Blob/1.0",
          "Microsoft-HTTPAPI/2.0"
        ],
        "x-ms-client-request-id": "7a9252f6-fee6-4dac-aa78-a1527c24feab",
        "x-ms-error-code": "ContainerAlreadyExists",
        "x-ms-request-id": "f845f4e0-301e-007a-7e2d-2d8a26000000",
        "x-ms-version": "2024-02-04"
      },
      "ResponseBody": [
        "\uFEFF\u003C?xml version=\u00221.0\u0022 encoding=\u0022utf-8\u0022?\u003E\u003CError\u003E\u003CCode\u003EContainerAlreadyExists\u003C/Code\u003E\u003CMessage\u003EThe specified container already exists.\n",
        "RequestId:f845f4e0-301e-007a-7e2d-2d8a26000000\n",
        "Time:2023-12-12T19:01:48.6191999Z\u003C/Message\u003E\u003C/Error\u003E"
      ]
    },
    {
      "RequestUri": "https://REDACTED/d6426e940stageblockfromurlsourceacfailfed04103a9340218/d6426e941stageblockfromurlsourceacfailfed23382cd200319",
      "RequestMethod": "PUT",
      "RequestHeaders": {
        "Accept": "application/xml",
        "Authorization": "Sanitized",
        "Content-Length": "7",
        "Content-Type": "application/octet-stream",
        "Date": "Tue, 12 Dec 2023 19:01:48 GMT",
        "User-Agent": "azsdk-java-azure-storage-blob/12.26.0-beta.1 (17.0.8; Windows 11; 10.0)",
        "x-ms-blob-type": "BlockBlob",
        "x-ms-client-request-id": "88723e9f-bfdb-46de-b0e4-601bc75a7700",
        "x-ms-version": "2024-02-04"
      },
      "RequestBody": "ZGVmYXVsdA==",
      "StatusCode": 201,
      "ResponseHeaders": {
        "Content-Length": "0",
        "Content-MD5": "wh\u002BWm18D0z1D4E\u002BPE252gg==",
        "Date": "Tue, 12 Dec 2023 19:01:48 GMT",
        "ETag": "\u00220x8DBFB44CB20BC87\u0022",
        "Last-Modified": "Tue, 12 Dec 2023 19:01:48 GMT",
        "Server": [
          "Windows-Azure-Blob/1.0",
          "Microsoft-HTTPAPI/2.0"
        ],
        "x-ms-client-request-id": "88723e9f-bfdb-46de-b0e4-601bc75a7700",
        "x-ms-content-crc64": "6RYQPwaVsyQ=",
        "x-ms-request-id": "f845f595-301e-007a-2c2d-2d8a26000000",
        "x-ms-request-server-encrypted": "true",
        "x-ms-version": "2024-02-04"
      },
      "ResponseBody": null
    },
    {
      "RequestUri": "https://REDACTED/d6426e940stageblockfromurlsourceacfailfed04103a9340218/d6426e942stageblockfromurlsourceacfailfed77003e926fd43",
      "RequestMethod": "PUT",
      "RequestHeaders": {
        "Accept": "application/xml",
        "Authorization": "Sanitized",
        "Content-Length": "0",
        "Date": "Tue, 12 Dec 2023 19:01:48 GMT",
        "If-None-Match": "*",
        "User-Agent": "azsdk-java-azure-storage-blob/12.26.0-beta.1 (17.0.8; Windows 11; 10.0)",
        "x-ms-blob-type": "AppendBlob",
        "x-ms-client-request-id": "f2c9eccc-ef04-40b3-822c-52cca13592ee",
        "x-ms-version": "2024-02-04"
      },
      "RequestBody": null,
      "StatusCode": 201,
      "ResponseHeaders": {
        "Content-Length": "0",
        "Date": "Tue, 12 Dec 2023 19:01:48 GMT",
        "ETag": "\u00220x8DBFB44CB304AA2\u0022",
        "Last-Modified": "Tue, 12 Dec 2023 19:01:48 GMT",
        "Server": [
          "Windows-Azure-Blob/1.0",
          "Microsoft-HTTPAPI/2.0"
        ],
        "x-ms-client-request-id": "f2c9eccc-ef04-40b3-822c-52cca13592ee",
        "x-ms-request-id": "f845f662-301e-007a-642d-2d8a26000000",
        "x-ms-request-server-encrypted": "true",
        "x-ms-version": "2024-02-04"
      },
      "ResponseBody": null
    },
    {
      "RequestUri": "https://REDACTED/d6426e940stageblockfromurlsourceacfailfed04103a9340218/d6426e943stageblockfromurlsourceacfailfed79592633e6f33",
      "RequestMethod": "PUT",
      "RequestHeaders": {
        "Accept": "application/xml",
        "Authorization": "Sanitized",
        "Content-Length": "0",
        "Date": "Tue, 12 Dec 2023 19:01:48 GMT",
        "If-None-Match": "*",
        "User-Agent": "azsdk-java-azure-storage-blob/12.26.0-beta.1 (17.0.8; Windows 11; 10.0)",
        "x-ms-blob-content-length": "512",
        "x-ms-blob-type": "PageBlob",
        "x-ms-client-request-id": "4f77559d-4515-499c-8641-9813c207664f",
        "x-ms-version": "2024-02-04"
      },
      "RequestBody": null,
      "StatusCode": 201,
      "ResponseHeaders": {
        "Content-Length": "0",
        "Date": "Tue, 12 Dec 2023 19:01:48 GMT",
        "ETag": "\u00220x8DBFB44CB3F638F\u0022",
        "Last-Modified": "Tue, 12 Dec 2023 19:01:48 GMT",
        "Server": [
          "Windows-Azure-Blob/1.0",
          "Microsoft-HTTPAPI/2.0"
        ],
        "x-ms-client-request-id": "4f77559d-4515-499c-8641-9813c207664f",
        "x-ms-request-id": "f845f709-301e-007a-012d-2d8a26000000",
        "x-ms-request-server-encrypted": "true",
        "x-ms-version": "2024-02-04"
      },
      "ResponseBody": null
    },
    {
      "RequestUri": "https://REDACTED/d6426e945stageblockfromurlsourceacfailfed87146dd52b37c?restype=container",
      "RequestMethod": "PUT",
      "RequestHeaders": {
        "Accept": "application/xml",
        "Authorization": "Sanitized",
        "Content-Length": "0",
        "Date": "Tue, 12 Dec 2023 19:01:48 GMT",
        "User-Agent": "azsdk-java-azure-storage-blob/12.26.0-beta.1 (17.0.8; Windows 11; 10.0)",
        "x-ms-client-request-id": "e3937331-480d-4a7c-97d2-aba9128587d3",
        "x-ms-version": "2024-02-04"
      },
      "RequestBody": null,
      "StatusCode": 201,
      "ResponseHeaders": {
        "Content-Length": "0",
        "Date": "Tue, 12 Dec 2023 19:01:48 GMT",
        "ETag": "\u00220x8DBFB44CB4F5208\u0022",
        "Last-Modified": "Tue, 12 Dec 2023 19:01:49 GMT",
        "Server": [
          "Windows-Azure-Blob/1.0",
          "Microsoft-HTTPAPI/2.0"
        ],
        "x-ms-client-request-id": "e3937331-480d-4a7c-97d2-aba9128587d3",
        "x-ms-request-id": "2c2c8d55-c01e-000a-3e2d-2d45e2000000",
        "x-ms-version": "2024-02-04"
      },
      "ResponseBody": null
    },
    {
      "RequestUri": "https://REDACTED/d6426e940stageblockfromurlsourceacfailfed04103a9340218?restype=container\u0026comp=acl",
      "RequestMethod": "PUT",
      "RequestHeaders": {
        "Accept": "application/xml",
        "Authorization": "Sanitized",
        "Content-Length": "58",
        "Content-Type": "application/xml",
        "Date": "Tue, 12 Dec 2023 19:01:48 GMT",
        "User-Agent": "azsdk-java-azure-storage-blob/12.26.0-beta.1 (17.0.8; Windows 11; 10.0)",
        "x-ms-blob-public-access": "container",
        "x-ms-client-request-id": "5890689b-2254-4ced-bae8-cf3dd2d0e48c",
        "x-ms-version": "2024-02-04"
      },
      "RequestBody": "\u003C?xml version=\u00271.0\u0027 encoding=\u0027UTF-8\u0027?\u003E\u003CSignedIdentifiers/\u003E",
      "StatusCode": 200,
      "ResponseHeaders": {
        "Content-Length": "0",
        "Date": "Tue, 12 Dec 2023 19:01:48 GMT",
        "ETag": "\u00220x8DBFB44CB5EB322\u0022",
        "Last-Modified": "Tue, 12 Dec 2023 19:01:49 GMT",
        "Server": [
          "Windows-Azure-Blob/1.0",
          "Microsoft-HTTPAPI/2.0"
        ],
        "x-ms-client-request-id": "5890689b-2254-4ced-bae8-cf3dd2d0e48c",
        "x-ms-request-id": "f845f86f-301e-007a-482d-2d8a26000000",
        "x-ms-version": "2024-02-04"
      },
      "ResponseBody": null
    },
    {
      "RequestUri": "https://REDACTED/d6426e940stageblockfromurlsourceacfailfed04103a9340218/d6426e947stageblockfromurlsourceacfailfed854495eb7b6a0",
      "RequestMethod": "PUT",
      "RequestHeaders": {
        "Accept": "application/xml",
        "Authorization": "Sanitized",
        "Content-Length": "7",
        "Content-Type": "application/octet-stream",
        "Date": "Tue, 12 Dec 2023 19:02:18 GMT",
        "If-None-Match": "*",
        "User-Agent": "azsdk-java-azure-storage-blob/12.26.0-beta.1 (17.0.8; Windows 11; 10.0)",
        "x-ms-blob-type": "BlockBlob",
        "x-ms-client-request-id": "ea6040e3-f624-4c47-8246-74a30c11b4bd",
        "x-ms-version": "2024-02-04"
      },
      "RequestBody": "ZGVmYXVsdA==",
      "StatusCode": 201,
      "ResponseHeaders": {
        "Content-Length": "0",
        "Content-MD5": "wh\u002BWm18D0z1D4E\u002BPE252gg==",
        "Date": "Tue, 12 Dec 2023 19:02:18 GMT",
        "ETag": "\u00220x8DBFB44DD52FFA7\u0022",
        "Last-Modified": "Tue, 12 Dec 2023 19:02:19 GMT",
        "Server": [
          "Windows-Azure-Blob/1.0",
          "Microsoft-HTTPAPI/2.0"
        ],
        "x-ms-client-request-id": "ea6040e3-f624-4c47-8246-74a30c11b4bd",
        "x-ms-content-crc64": "6RYQPwaVsyQ=",
        "x-ms-request-id": "f846a64e-301e-007a-592d-2d8a26000000",
        "x-ms-request-server-encrypted": "true",
        "x-ms-version": "2024-02-04"
      },
      "ResponseBody": null
    },
    {
      "RequestUri": "https://REDACTED/d6426e940stageblockfromurlsourceacfailfed04103a9340218/d6426e947stageblockfromurlsourceacfailfed854495eb7b6a0",
      "RequestMethod": "HEAD",
      "RequestHeaders": {
        "Accept": "application/xml",
        "Authorization": "Sanitized",
        "Content-Length": "0",
        "Date": "Tue, 12 Dec 2023 19:02:18 GMT",
        "User-Agent": "azsdk-java-azure-storage-blob/12.26.0-beta.1 (17.0.8; Windows 11; 10.0)",
        "x-ms-client-request-id": "389f8f73-faa3-46bf-9bf0-6a76fe7d6ac5",
        "x-ms-version": "2024-02-04"
      },
      "RequestBody": null,
      "StatusCode": 200,
      "ResponseHeaders": {
        "Accept-Ranges": "bytes",
        "Access-Control-Allow-Origin": "*",
        "Access-Control-Expose-Headers": "x-ms-client-request-id",
        "Content-Length": "7",
        "Content-MD5": "wh\u002BWm18D0z1D4E\u002BPE252gg==",
        "Content-Type": "application/octet-stream",
        "Date": "Tue, 12 Dec 2023 19:02:18 GMT",
        "ETag": "\u00220x8DBFB44DD52FFA7\u0022",
        "Last-Modified": "Tue, 12 Dec 2023 19:02:19 GMT",
        "Server": [
          "Windows-Azure-Blob/1.0",
          "Microsoft-HTTPAPI/2.0"
        ],
        "x-ms-access-tier": "Hot",
        "x-ms-access-tier-inferred": "true",
        "x-ms-blob-type": "BlockBlob",
        "x-ms-client-request-id": "389f8f73-faa3-46bf-9bf0-6a76fe7d6ac5",
        "x-ms-creation-time": "Tue, 12 Dec 2023 19:02:19 GMT",
        "x-ms-lease-state": "available",
        "x-ms-lease-status": "unlocked",
        "x-ms-request-id": "f846a6a7-301e-007a-2b2d-2d8a26000000",
        "x-ms-server-encrypted": "true",
        "x-ms-version": "2024-02-04"
      },
      "ResponseBody": null
    },
    {
      "RequestUri": "https://REDACTED/d6426e940stageblockfromurlsourceacfailfed04103a9340218/d6426e941stageblockfromurlsourceacfailfed23382cd200319?comp=block\u0026blockid=NThkZDA0OGUtNzY5NS00MmY5LWFmNTEtNTJhOWY5NzIxZGI3",
      "RequestMethod": "PUT",
      "RequestHeaders": {
        "Accept": "application/xml",
        "Authorization": "Sanitized",
        "Content-Length": "0",
        "Date": "Tue, 12 Dec 2023 19:02:18 GMT",
        "User-Agent": "azsdk-java-azure-storage-blob/12.26.0-beta.1 (17.0.8; Windows 11; 10.0)",
        "x-ms-client-request-id": "375a4573-62b2-49b4-a25b-a507025c8ff1",
        "x-ms-copy-source": "https://REDACTED/d6426e940stageblockfromurlsourceacfailfed04103a9340218/d6426e947stageblockfromurlsourceacfailfed854495eb7b6a0",
        "x-ms-source-if-none-match": "0x8DBFB44DD52FFA7",
        "x-ms-version": "2024-02-04"
      },
      "RequestBody": null,
      "StatusCode": 304,
      "ResponseHeaders": {
        "Content-Length": "0",
        "Date": "Tue, 12 Dec 2023 19:02:18 GMT",
        "Server": [
          "Windows-Azure-Blob/1.0",
          "Microsoft-HTTPAPI/2.0"
        ],
        "x-ms-client-request-id": "375a4573-62b2-49b4-a25b-a507025c8ff1",
        "x-ms-error-code": "CannotVerifyCopySource",
        "x-ms-request-id": "f846a717-301e-007a-0e2d-2d8a26000000",
        "x-ms-version": "2024-02-04"
      },
      "ResponseBody": null
    }
  ],
  "Variables": {
    "0": "d6426e940stageblockfromurlsourceacfailfed04103a9340218",
    "1": "d6426e941stageblockfromurlsourceacfailfed23382cd200319",
    "2": "d6426e942stageblockfromurlsourceacfailfed77003e926fd43",
    "3": "d6426e943stageblockfromurlsourceacfailfed79592633e6f33",
    "4": "d6426e944stageblockfromurlsourceacfailfed879491a4cb6a6",
    "5": "d6426e945stageblockfromurlsourceacfailfed87146dd52b37c",
    "6": "d6426e946stageblockfromurlsourceacfailfed911481f4953e9",
    "7": "58dd048e-7695-42f9-af51-52a9f9721db7",
    "8": "d6426e947stageblockfromurlsourceacfailfed854495eb7b6a0"
  }
}
