{
  "Entries": [
    {
      "RequestUri": "https://REDACTED/8c1937e124appendblockacfaile9738373e862b16d49bc42?restype=container",
      "RequestMethod": "PUT",
      "RequestHeaders": {
        "Accept": "application/xml",
        "Authorization": "Sanitized",
        "Content-Length": "0",
        "Date": "Mon, 04 Dec 2023 20:53:59 GMT",
        "User-Agent": "azsdk-java-azure-storage-blob/12.26.0-beta.1 (17.0.8; Windows 11; 10.0)",
        "x-ms-client-request-id": "06f7d8c2-c685-4876-9807-54ea4498d12f",
        "x-ms-version": "2024-02-04"
      },
      "RequestBody": null,
      "StatusCode": 201,
      "ResponseHeaders": {
        "Content-Length": "0",
        "Date": "Mon, 04 Dec 2023 20:53:58 GMT",
        "ETag": "\u00220x8DBF50B23E7C7BC\u0022",
        "Last-Modified": "Mon, 04 Dec 2023 20:53:59 GMT",
        "Server": [
          "Windows-Azure-Blob/1.0",
          "Microsoft-HTTPAPI/2.0"
        ],
        "x-ms-client-request-id": "06f7d8c2-c685-4876-9807-54ea4498d12f",
        "x-ms-request-id": "588266d5-601e-0091-38f4-26f430000000",
        "x-ms-version": "2024-02-04"
      },
      "ResponseBody": null
    },
    {
      "RequestUri": "https://REDACTED/8c1937e124appendblockacfaile9738373e862b16d49bc42?restype=container",
      "RequestMethod": "PUT",
      "RequestHeaders": {
        "Accept": "application/xml",
        "Authorization": "Sanitized",
        "Content-Length": "0",
        "Date": "Mon, 04 Dec 2023 20:53:59 GMT",
        "User-Agent": "azsdk-java-azure-storage-blob/12.26.0-beta.1 (17.0.8; Windows 11; 10.0)",
        "x-ms-client-request-id": "d0b8eb33-3b38-4628-b23e-ab5622766a98",
        "x-ms-version": "2024-02-04"
      },
      "RequestBody": null,
      "StatusCode": 409,
      "ResponseHeaders": {
        "Content-Length": "230",
        "Content-Type": "application/xml",
        "Date": "Mon, 04 Dec 2023 20:53:59 GMT",
        "Server": [
          "Windows-Azure-Blob/1.0",
          "Microsoft-HTTPAPI/2.0"
        ],
        "x-ms-client-request-id": "d0b8eb33-3b38-4628-b23e-ab5622766a98",
        "x-ms-error-code": "ContainerAlreadyExists",
        "x-ms-request-id": "58826727-601e-0091-04f4-26f430000000",
        "x-ms-version": "2024-02-04"
      },
      "ResponseBody": [
        "\uFEFF\u003C?xml version=\u00221.0\u0022 encoding=\u0022utf-8\u0022?\u003E\u003CError\u003E\u003CCode\u003EContainerAlreadyExists\u003C/Code\u003E\u003CMessage\u003EThe specified container already exists.\n",
        "RequestId:58826727-601e-0091-04f4-26f430000000\n",
        "Time:2023-12-04T20:53:59.9814507Z\u003C/Message\u003E\u003C/Error\u003E"
      ]
    },
    {
      "RequestUri": "https://REDACTED/8c1937e124appendblockacfaile9738373e862b16d49bc42/8c1937e125appendblockacfaile9783157b2ad1623425b42",
      "RequestMethod": "PUT",
      "RequestHeaders": {
        "Accept": "application/xml",
        "Authorization": "Sanitized",
        "Content-Length": "0",
        "Date": "Mon, 04 Dec 2023 20:53:59 GMT",
        "If-None-Match": "*",
        "User-Agent": "azsdk-java-azure-storage-blob/12.26.0-beta.1 (17.0.8; Windows 11; 10.0)",
        "x-ms-blob-type": "AppendBlob",
        "x-ms-client-request-id": "8035fd80-44a9-4386-9a07-cde17e2c3af9",
        "x-ms-version": "2024-02-04"
      },
      "RequestBody": null,
      "StatusCode": 201,
      "ResponseHeaders": {
        "Content-Length": "0",
        "Date": "Mon, 04 Dec 2023 20:53:59 GMT",
        "ETag": "\u00220x8DBF50B2401D129\u0022",
        "Last-Modified": "Mon, 04 Dec 2023 20:54:00 GMT",
        "Server": [
          "Windows-Azure-Blob/1.0",
          "Microsoft-HTTPAPI/2.0"
        ],
        "x-ms-client-request-id": "8035fd80-44a9-4386-9a07-cde17e2c3af9",
        "x-ms-request-id": "5882675f-601e-0091-38f4-26f430000000",
        "x-ms-request-server-encrypted": "true",
        "x-ms-version": "2024-02-04",
        "x-ms-version-id": "2023-12-04T20:54:00.0601385Z"
      },
      "ResponseBody": null
    },
    {
      "RequestUri": "https://REDACTED/8c1937e124appendblockacfaile9738373e862b16d49bc42/8c1937e125appendblockacfaile9783157b2ad1623425b42?comp=appendblock",
      "RequestMethod": "PUT",
      "RequestHeaders": {
        "Accept": "application/xml",
        "Authorization": "Sanitized",
        "Content-Length": "7",
        "Content-Type": "application/octet-stream",
        "Date": "Mon, 04 Dec 2023 20:53:59 GMT",
        "User-Agent": "azsdk-java-azure-storage-blob/12.26.0-beta.1 (17.0.8; Windows 11; 10.0)",
        "x-ms-client-request-id": "f2daeeb0-9c93-413f-bf61-35cafc3214e3",
        "x-ms-if-tags": "\u0022notfoo\u0022 = \u0027notbar\u0027",
        "x-ms-version": "2024-02-04"
      },
      "RequestBody": "ZGVmYXVsdA==",
      "StatusCode": 412,
      "ResponseHeaders": {
        "Content-Length": "252",
        "Content-Type": "application/xml",
        "Date": "Mon, 04 Dec 2023 20:53:59 GMT",
        "Server": [
          "Windows-Azure-Blob/1.0",
          "Microsoft-HTTPAPI/2.0"
        ],
        "x-ms-client-request-id": "f2daeeb0-9c93-413f-bf61-35cafc3214e3",
        "x-ms-error-code": "ConditionNotMet",
        "x-ms-request-id": "588267b8-601e-0091-7ff4-26f430000000",
        "x-ms-version": "2024-02-04"
      },
      "ResponseBody": [
        "\uFEFF\u003C?xml version=\u00221.0\u0022 encoding=\u0022utf-8\u0022?\u003E\u003CError\u003E\u003CCode\u003EConditionNotMet\u003C/Code\u003E\u003CMessage\u003EThe condition specified using HTTP conditional header(s) is not met.\n",
        "RequestId:588267b8-601e-0091-7ff4-26f430000000\n",
        "Time:2023-12-04T20:54:00.1413591Z\u003C/Message\u003E\u003C/Error\u003E"
      ]
    }
  ],
  "Variables": {
    "0": "8c1937e124appendblockacfaile9738373e862b16d49bc42",
    "1": "8c1937e125appendblockacfaile9783157b2ad1623425b42"
  }
}
