{
  "Entries": [
    {
      "RequestUri": "https://REDACTED/5ba4bfa3189appendblocktransactionalmd5fail8b7854245ecccb?restype=container",
      "RequestMethod": "PUT",
      "RequestHeaders": {
        "Accept": "application/xml",
        "Authorization": "Sanitized",
        "Content-Length": "0",
        "Date": "Wed, 13 Dec 2023 21:50:31 GMT",
        "User-Agent": "azsdk-java-azure-storage-blob/12.26.0-beta.1 (17.0.8; Windows 11; 10.0)",
        "x-ms-client-request-id": "9bf1da5d-572f-455f-93bd-12dff571ef47",
        "x-ms-version": "2024-02-04"
      },
      "RequestBody": null,
      "StatusCode": 201,
      "ResponseHeaders": {
        "Content-Length": "0",
        "Date": "Wed, 13 Dec 2023 21:50:31 GMT",
        "ETag": "\u00220x8DBFC2587681C57\u0022",
        "Last-Modified": "Wed, 13 Dec 2023 21:50:31 GMT",
        "Server": [
          "Windows-Azure-Blob/1.0",
          "Microsoft-HTTPAPI/2.0"
        ],
        "x-ms-client-request-id": "9bf1da5d-572f-455f-93bd-12dff571ef47",
        "x-ms-request-id": "bffd824a-601e-003a-490e-2e8d1e000000",
        "x-ms-version": "2024-02-04"
      },
      "ResponseBody": null
    },
    {
      "RequestUri": "https://REDACTED/5ba4bfa3189appendblocktransactionalmd5fail8b7854245ecccb?restype=container",
      "RequestMethod": "PUT",
      "RequestHeaders": {
        "Accept": "application/xml",
        "Authorization": "Sanitized",
        "Content-Length": "0",
        "Date": "Wed, 13 Dec 2023 21:50:31 GMT",
        "User-Agent": "azsdk-java-azure-storage-blob/12.26.0-beta.1 (17.0.8; Windows 11; 10.0)",
        "x-ms-client-request-id": "ebc33653-7ad6-4cea-93d3-d9ed8c21e1b3",
        "x-ms-version": "2024-02-04"
      },
      "RequestBody": null,
      "StatusCode": 409,
      "ResponseHeaders": {
        "Content-Length": "230",
        "Content-Type": "application/xml",
        "Date": "Wed, 13 Dec 2023 21:50:31 GMT",
        "Server": [
          "Windows-Azure-Blob/1.0",
          "Microsoft-HTTPAPI/2.0"
        ],
        "x-ms-client-request-id": "ebc33653-7ad6-4cea-93d3-d9ed8c21e1b3",
        "x-ms-error-code": "ContainerAlreadyExists",
        "x-ms-request-id": "bffd82a8-601e-003a-170e-2e8d1e000000",
        "x-ms-version": "2024-02-04"
      },
      "ResponseBody": [
        "\uFEFF\u003C?xml version=\u00221.0\u0022 encoding=\u0022utf-8\u0022?\u003E\u003CError\u003E\u003CCode\u003EContainerAlreadyExists\u003C/Code\u003E\u003CMessage\u003EThe specified container already exists.\n",
        "RequestId:bffd82a8-601e-003a-170e-2e8d1e000000\n",
        "Time:2023-12-13T21:50:31.9633327Z\u003C/Message\u003E\u003C/Error\u003E"
      ]
    },
    {
      "RequestUri": "https://REDACTED/5ba4bfa3189appendblocktransactionalmd5fail8b7854245ecccb/5ba4bfa3190appendblocktransactionalmd5fail8b765664b0c9ab",
      "RequestMethod": "PUT",
      "RequestHeaders": {
        "Accept": "application/xml",
        "Authorization": "Sanitized",
        "Content-Length": "0",
        "Date": "Wed, 13 Dec 2023 21:50:31 GMT",
        "If-None-Match": "*",
        "User-Agent": "azsdk-java-azure-storage-blob/12.26.0-beta.1 (17.0.8; Windows 11; 10.0)",
        "x-ms-blob-type": "AppendBlob",
        "x-ms-client-request-id": "7845ab88-d09f-4ae5-ad62-bdac70c5cc16",
        "x-ms-version": "2024-02-04"
      },
      "RequestBody": null,
      "StatusCode": 201,
      "ResponseHeaders": {
        "Content-Length": "0",
        "Date": "Wed, 13 Dec 2023 21:50:31 GMT",
        "ETag": "\u00220x8DBFC258781808C\u0022",
        "Last-Modified": "Wed, 13 Dec 2023 21:50:32 GMT",
        "Server": [
          "Windows-Azure-Blob/1.0",
          "Microsoft-HTTPAPI/2.0"
        ],
        "x-ms-client-request-id": "7845ab88-d09f-4ae5-ad62-bdac70c5cc16",
        "x-ms-request-id": "bffd82f5-601e-003a-5b0e-2e8d1e000000",
        "x-ms-request-server-encrypted": "true",
        "x-ms-version": "2024-02-04"
      },
      "ResponseBody": null
    },
    {
      "RequestUri": "https://REDACTED/5ba4bfa3189appendblocktransactionalmd5fail8b7854245ecccb/5ba4bfa3190appendblocktransactionalmd5fail8b765664b0c9ab?comp=appendblock",
      "RequestMethod": "PUT",
      "RequestHeaders": {
        "Accept": "application/xml",
        "Authorization": "Sanitized",
        "Content-Length": "7",
        "Content-MD5": "yOjfiVwsrhZrrQJ/3xUzWw==",
        "Content-Type": "application/octet-stream",
        "Date": "Wed, 13 Dec 2023 21:50:31 GMT",
        "User-Agent": "azsdk-java-azure-storage-blob/12.26.0-beta.1 (17.0.8; Windows 11; 10.0)",
        "x-ms-client-request-id": "97100fbc-6e4d-4d3c-9f51-25d13a526fd4",
        "x-ms-version": "2024-02-04"
      },
      "RequestBody": "ZGVmYXVsdA==",
      "StatusCode": 400,
      "ResponseHeaders": {
        "Content-Length": "405",
        "Content-Type": "application/xml",
        "Date": "Wed, 13 Dec 2023 21:50:31 GMT",
        "Server": [
          "Windows-Azure-Blob/1.0",
          "Microsoft-HTTPAPI/2.0"
        ],
        "x-ms-client-request-id": "97100fbc-6e4d-4d3c-9f51-25d13a526fd4",
        "x-ms-error-code": "Md5Mismatch",
        "x-ms-request-id": "bffd8375-601e-003a-4a0e-2e8d1e000000",
        "x-ms-version": "2024-02-04"
      },
      "ResponseBody": [
        "\uFEFF\u003C?xml version=\u00221.0\u0022 encoding=\u0022utf-8\u0022?\u003E\u003CError\u003E\u003CCode\u003EMd5Mismatch\u003C/Code\u003E\u003CMessage\u003EThe MD5 value specified in the request did not match with the MD5 value calculated by the server.\n",
        "RequestId:bffd8375-601e-003a-4a0e-2e8d1e000000\n",
        "Time:2023-12-13T21:50:32.1302373Z\u003C/Message\u003E\u003CUserSpecifiedMd5\u003EyOjfiVwsrhZrrQJ/3xUzWw==\u003C/UserSpecifiedMd5\u003E\u003CServerCalculatedMd5\u003Ewh\u002BWm18D0z1D4E\u002BPE252gg==\u003C/ServerCalculatedMd5\u003E\u003C/Error\u003E"
      ]
    }
  ],
  "Variables": {
    "0": "5ba4bfa3189appendblocktransactionalmd5fail8b7854245ecccb",
    "1": "5ba4bfa3190appendblocktransactionalmd5fail8b765664b0c9ab"
  }
}
