{
  "Entries": [
    {
      "RequestUri": "https://REDACTED/56c2ba7f82appendblockfromurlsourceac31253218060003653?restype=container",
      "RequestMethod": "PUT",
      "RequestHeaders": {
        "Accept": "application/xml",
        "Authorization": "Sanitized",
        "Content-Length": "0",
        "Date": "Thu, 12 Oct 2023 13:50:15 GMT",
        "User-Agent": "azsdk-java-azure-storage-blob/12.25.0-beta.1 (17.0.8.1; Windows 11; 10.0)",
        "x-ms-client-request-id": "add0c153-5ce1-4489-96eb-28a2b13f44d6",
        "x-ms-version": "2023-08-03"
      },
      "RequestBody": null,
      "StatusCode": 201,
      "ResponseHeaders": {
        "Content-Length": "0",
        "Date": "Thu, 12 Oct 2023 13:50:14 GMT",
        "ETag": "\u00220x8DBCB2A29B051E2\u0022",
        "Last-Modified": "Thu, 12 Oct 2023 13:50:15 GMT",
        "Server": [
          "Windows-Azure-Blob/1.0",
          "Microsoft-HTTPAPI/2.0"
        ],
        "x-ms-client-request-id": "add0c153-5ce1-4489-96eb-28a2b13f44d6",
        "x-ms-request-id": "343f5b06-e01e-0041-1913-fd9255000000",
        "x-ms-version": "2023-08-03"
      },
      "ResponseBody": null
    },
    {
      "RequestUri": "https://REDACTED/56c2ba7f82appendblockfromurlsourceac31253218060003653/56c2ba7f83appendblockfromurlsourceac31265273d8da60958",
      "RequestMethod": "PUT",
      "RequestHeaders": {
        "Accept": "application/xml",
        "Authorization": "Sanitized",
        "Content-Length": "0",
        "Date": "Thu, 12 Oct 2023 13:50:15 GMT",
        "If-None-Match": "*",
        "User-Agent": "azsdk-java-azure-storage-blob/12.25.0-beta.1 (17.0.8.1; Windows 11; 10.0)",
        "x-ms-blob-type": "AppendBlob",
        "x-ms-client-request-id": "616e7c4b-5c6d-4dc0-a411-ea8fe9f5f1c0",
        "x-ms-version": "2023-08-03"
      },
      "RequestBody": null,
      "StatusCode": 201,
      "ResponseHeaders": {
        "Content-Length": "0",
        "Date": "Thu, 12 Oct 2023 13:50:14 GMT",
        "ETag": "\u00220x8DBCB2A29B45380\u0022",
        "Last-Modified": "Thu, 12 Oct 2023 13:50:15 GMT",
        "Server": [
          "Windows-Azure-Blob/1.0",
          "Microsoft-HTTPAPI/2.0"
        ],
        "x-ms-client-request-id": "616e7c4b-5c6d-4dc0-a411-ea8fe9f5f1c0",
        "x-ms-request-id": "7453610e-301e-0030-4813-fd747e000000",
        "x-ms-request-server-encrypted": "true",
        "x-ms-version": "2023-08-03"
      },
      "ResponseBody": null
    },
    {
      "RequestUri": "https://REDACTED/56c2ba7f82appendblockfromurlsourceac31253218060003653?restype=container\u0026comp=acl",
      "RequestMethod": "PUT",
      "RequestHeaders": {
        "Accept": "application/xml",
        "Authorization": "Sanitized",
        "Content-Length": "58",
        "Content-Type": "application/xml",
        "Date": "Thu, 12 Oct 2023 13:50:15 GMT",
        "User-Agent": "azsdk-java-azure-storage-blob/12.25.0-beta.1 (17.0.8.1; Windows 11; 10.0)",
        "x-ms-blob-public-access": "container",
        "x-ms-client-request-id": "234b5698-7449-4d1d-b8eb-2057c663c38b",
        "x-ms-version": "2023-08-03"
      },
      "RequestBody": "\u003C?xml version=\u00271.0\u0027 encoding=\u0027UTF-8\u0027?\u003E\u003CSignedIdentifiers/\u003E",
      "StatusCode": 200,
      "ResponseHeaders": {
        "Content-Length": "0",
        "Date": "Thu, 12 Oct 2023 13:50:14 GMT",
        "ETag": "\u00220x8DBCB2A29BCDDCA\u0022",
        "Last-Modified": "Thu, 12 Oct 2023 13:50:15 GMT",
        "Server": [
          "Windows-Azure-Blob/1.0",
          "Microsoft-HTTPAPI/2.0"
        ],
        "x-ms-client-request-id": "234b5698-7449-4d1d-b8eb-2057c663c38b",
        "x-ms-request-id": "b6ca4cf6-101e-0027-6d13-fddd75000000",
        "x-ms-version": "2023-08-03"
      },
      "ResponseBody": null
    },
    {
      "RequestUri": "https://REDACTED/56c2ba7f82appendblockfromurlsourceac31253218060003653/56c2ba7f84appendblockfromurlsourceac312376710f1f62197",
      "RequestMethod": "PUT",
      "RequestHeaders": {
        "Accept": "application/xml",
        "Authorization": "Sanitized",
        "Content-Length": "0",
        "Date": "Thu, 12 Oct 2023 13:50:15 GMT",
        "If-None-Match": "*",
        "User-Agent": "azsdk-java-azure-storage-blob/12.25.0-beta.1 (17.0.8.1; Windows 11; 10.0)",
        "x-ms-blob-type": "AppendBlob",
        "x-ms-client-request-id": "644369f7-843f-4120-b510-237bfea225cd",
        "x-ms-version": "2023-08-03"
      },
      "RequestBody": null,
      "StatusCode": 201,
      "ResponseHeaders": {
        "Content-Length": "0",
        "Date": "Thu, 12 Oct 2023 13:50:14 GMT",
        "ETag": "\u00220x8DBCB2A29C0FBE8\u0022",
        "Last-Modified": "Thu, 12 Oct 2023 13:50:15 GMT",
        "Server": [
          "Windows-Azure-Blob/1.0",
          "Microsoft-HTTPAPI/2.0"
        ],
        "x-ms-client-request-id": "644369f7-843f-4120-b510-237bfea225cd",
        "x-ms-request-id": "343f5b58-e01e-0041-6313-fd9255000000",
        "x-ms-request-server-encrypted": "true",
        "x-ms-version": "2023-08-03"
      },
      "ResponseBody": null
    },
    {
      "RequestUri": "https://REDACTED/56c2ba7f82appendblockfromurlsourceac31253218060003653/56c2ba7f84appendblockfromurlsourceac312376710f1f62197?comp=appendblock",
      "RequestMethod": "PUT",
      "RequestHeaders": {
        "Accept": "application/xml",
        "Authorization": "Sanitized",
        "Content-Length": "7",
        "Content-Type": "application/octet-stream",
        "Date": "Thu, 12 Oct 2023 13:50:15 GMT",
        "User-Agent": "azsdk-java-azure-storage-blob/12.25.0-beta.1 (17.0.8.1; Windows 11; 10.0)",
        "x-ms-client-request-id": "ab627c81-f7ed-4f68-9d9b-86c0a71e7780",
        "x-ms-version": "2023-08-03"
      },
      "RequestBody": "ZGVmYXVsdA==",
      "StatusCode": 201,
      "ResponseHeaders": {
        "Content-Length": "0",
        "Date": "Thu, 12 Oct 2023 13:50:14 GMT",
        "ETag": "\u00220x8DBCB2A29C98628\u0022",
        "Last-Modified": "Thu, 12 Oct 2023 13:50:15 GMT",
        "Server": [
          "Windows-Azure-Blob/1.0",
          "Microsoft-HTTPAPI/2.0"
        ],
        "x-ms-blob-append-offset": "0",
        "x-ms-blob-committed-block-count": "1",
        "x-ms-client-request-id": "ab627c81-f7ed-4f68-9d9b-86c0a71e7780",
        "x-ms-content-crc64": "6RYQPwaVsyQ=",
        "x-ms-request-id": "9bec272d-801e-001a-4e13-fdab6e000000",
        "x-ms-request-server-encrypted": "true",
        "x-ms-version": "2023-08-03"
      },
      "ResponseBody": null
    },
    {
      "RequestUri": "https://REDACTED/56c2ba7f82appendblockfromurlsourceac31253218060003653/56c2ba7f83appendblockfromurlsourceac31265273d8da60958?comp=appendblock",
      "RequestMethod": "PUT",
      "RequestHeaders": {
        "Accept": "application/xml",
        "Authorization": "Sanitized",
        "Content-Length": "0",
        "Date": "Thu, 12 Oct 2023 13:50:15 GMT",
        "User-Agent": "azsdk-java-azure-storage-blob/12.25.0-beta.1 (17.0.8.1; Windows 11; 10.0)",
        "x-ms-client-request-id": "35580394-c3f8-4f82-bb51-ba5a826ba286",
        "x-ms-copy-source": "https://REDACTED/56c2ba7f82appendblockfromurlsourceac31253218060003653/56c2ba7f84appendblockfromurlsourceac312376710f1f62197",
        "x-ms-source-range": "bytes=0-",
        "x-ms-version": "2023-08-03"
      },
      "RequestBody": null,
      "StatusCode": 201,
      "ResponseHeaders": {
        "Content-Length": "0",
        "Date": "Thu, 12 Oct 2023 13:50:14 GMT",
        "ETag": "\u00220x8DBCB2A29D03BF4\u0022",
        "Last-Modified": "Thu, 12 Oct 2023 13:50:15 GMT",
        "Server": [
          "Windows-Azure-Blob/1.0",
          "Microsoft-HTTPAPI/2.0"
        ],
        "x-ms-blob-append-offset": "0",
        "x-ms-blob-committed-block-count": "1",
        "x-ms-client-request-id": "35580394-c3f8-4f82-bb51-ba5a826ba286",
        "x-ms-content-crc64": "6RYQPwaVsyQ=",
        "x-ms-request-id": "9bec274b-801e-001a-6813-fdab6e000000",
        "x-ms-request-server-encrypted": "true",
        "x-ms-version": "2023-08-03"
      },
      "ResponseBody": null
    }
  ],
  "Variables": {
    "0": "56c2ba7f82appendblockfromurlsourceac31253218060003653",
    "1": "56c2ba7f83appendblockfromurlsourceac31265273d8da60958",
    "2": "56c2ba7f84appendblockfromurlsourceac312376710f1f62197"
  }
}
