{
  "Entries": [
    {
      "RequestUri": "https://REDACTED/a11636d8241createifnotexistsonablobthatalreadyexists3b431442e?restype=container",
      "RequestMethod": "PUT",
      "RequestHeaders": {
        "Accept": "application/xml",
        "Authorization": "Sanitized",
        "Content-Length": "0",
        "Date": "Wed, 13 Dec 2023 21:50:47 GMT",
        "User-Agent": "azsdk-java-azure-storage-blob/12.26.0-beta.1 (17.0.8; Windows 11; 10.0)",
        "x-ms-client-request-id": "b0ff4d5c-b7f1-4138-8f68-073fd40b938e",
        "x-ms-version": "2024-02-04"
      },
      "RequestBody": null,
      "StatusCode": 201,
      "ResponseHeaders": {
        "Content-Length": "0",
        "Date": "Wed, 13 Dec 2023 21:50:46 GMT",
        "ETag": "\u00220x8DBFC2590CFF95A\u0022",
        "Last-Modified": "Wed, 13 Dec 2023 21:50:47 GMT",
        "Server": [
          "Windows-Azure-Blob/1.0",
          "Microsoft-HTTPAPI/2.0"
        ],
        "x-ms-client-request-id": "b0ff4d5c-b7f1-4138-8f68-073fd40b938e",
        "x-ms-request-id": "76a6f2b8-e01e-008d-2d0e-2ea0b4000000",
        "x-ms-version": "2024-02-04"
      },
      "ResponseBody": null
    },
    {
      "RequestUri": "https://REDACTED/a11636d8241createifnotexistsonablobthatalreadyexists3b431442e?restype=container",
      "RequestMethod": "PUT",
      "RequestHeaders": {
        "Accept": "application/xml",
        "Authorization": "Sanitized",
        "Content-Length": "0",
        "Date": "Wed, 13 Dec 2023 21:50:47 GMT",
        "User-Agent": "azsdk-java-azure-storage-blob/12.26.0-beta.1 (17.0.8; Windows 11; 10.0)",
        "x-ms-client-request-id": "b485ff86-1f54-4542-a122-2a2bcc64b9ef",
        "x-ms-version": "2024-02-04"
      },
      "RequestBody": null,
      "StatusCode": 409,
      "ResponseHeaders": {
        "Content-Length": "230",
        "Content-Type": "application/xml",
        "Date": "Wed, 13 Dec 2023 21:50:47 GMT",
        "Server": [
          "Windows-Azure-Blob/1.0",
          "Microsoft-HTTPAPI/2.0"
        ],
        "x-ms-client-request-id": "b485ff86-1f54-4542-a122-2a2bcc64b9ef",
        "x-ms-error-code": "ContainerAlreadyExists",
        "x-ms-request-id": "bffdcc74-601e-003a-240e-2e8d1e000000",
        "x-ms-version": "2024-02-04"
      },
      "ResponseBody": [
        "\uFEFF\u003C?xml version=\u00221.0\u0022 encoding=\u0022utf-8\u0022?\u003E\u003CError\u003E\u003CCode\u003EContainerAlreadyExists\u003C/Code\u003E\u003CMessage\u003EThe specified container already exists.\n",
        "RequestId:bffdcc74-601e-003a-240e-2e8d1e000000\n",
        "Time:2023-12-13T21:50:47.7423160Z\u003C/Message\u003E\u003C/Error\u003E"
      ]
    },
    {
      "RequestUri": "https://REDACTED/a11636d8241createifnotexistsonablobthatalreadyexists3b431442e/a11636d8242createifnotexistsonablobthatalreadyexists3b4331330",
      "RequestMethod": "PUT",
      "RequestHeaders": {
        "Accept": "application/xml",
        "Authorization": "Sanitized",
        "Content-Length": "0",
        "Date": "Wed, 13 Dec 2023 21:50:47 GMT",
        "If-None-Match": "*",
        "User-Agent": "azsdk-java-azure-storage-blob/12.26.0-beta.1 (17.0.8; Windows 11; 10.0)",
        "x-ms-blob-type": "AppendBlob",
        "x-ms-client-request-id": "2740b27e-e211-45ba-b7bd-ab1f92a71df7",
        "x-ms-version": "2024-02-04"
      },
      "RequestBody": null,
      "StatusCode": 201,
      "ResponseHeaders": {
        "Content-Length": "0",
        "Date": "Wed, 13 Dec 2023 21:50:47 GMT",
        "ETag": "\u00220x8DBFC2590E978E8\u0022",
        "Last-Modified": "Wed, 13 Dec 2023 21:50:47 GMT",
        "Server": [
          "Windows-Azure-Blob/1.0",
          "Microsoft-HTTPAPI/2.0"
        ],
        "x-ms-client-request-id": "2740b27e-e211-45ba-b7bd-ab1f92a71df7",
        "x-ms-request-id": "0913ca1a-501e-0043-7e0e-2e713a000000",
        "x-ms-request-server-encrypted": "true",
        "x-ms-version": "2024-02-04"
      },
      "ResponseBody": null
    },
    {
      "RequestUri": "https://REDACTED/a11636d8241createifnotexistsonablobthatalreadyexists3b431442e/a11636d8243createifnotexistsonablobthatalreadyexists3b4567745",
      "RequestMethod": "PUT",
      "RequestHeaders": {
        "Accept": "application/xml",
        "Authorization": "Sanitized",
        "Content-Length": "0",
        "Date": "Wed, 13 Dec 2023 21:50:47 GMT",
        "If-None-Match": "*",
        "User-Agent": "azsdk-java-azure-storage-blob/12.26.0-beta.1 (17.0.8; Windows 11; 10.0)",
        "x-ms-blob-type": "AppendBlob",
        "x-ms-client-request-id": "1b0bde56-02a8-4ed8-9889-0dac1aaa10ef",
        "x-ms-version": "2024-02-04"
      },
      "RequestBody": null,
      "StatusCode": 201,
      "ResponseHeaders": {
        "Content-Length": "0",
        "Date": "Wed, 13 Dec 2023 21:50:47 GMT",
        "ETag": "\u00220x8DBFC2590F66F56\u0022",
        "Last-Modified": "Wed, 13 Dec 2023 21:50:47 GMT",
        "Server": [
          "Windows-Azure-Blob/1.0",
          "Microsoft-HTTPAPI/2.0"
        ],
        "x-ms-client-request-id": "1b0bde56-02a8-4ed8-9889-0dac1aaa10ef",
        "x-ms-request-id": "0913cac1-501e-0043-1b0e-2e713a000000",
        "x-ms-request-server-encrypted": "true",
        "x-ms-version": "2024-02-04"
      },
      "ResponseBody": null
    },
    {
      "RequestUri": "https://REDACTED/a11636d8241createifnotexistsonablobthatalreadyexists3b431442e/a11636d8243createifnotexistsonablobthatalreadyexists3b4567745",
      "RequestMethod": "PUT",
      "RequestHeaders": {
        "Accept": "application/xml",
        "Authorization": "Sanitized",
        "Content-Length": "0",
        "Date": "Wed, 13 Dec 2023 21:50:47 GMT",
        "If-None-Match": "*",
        "User-Agent": "azsdk-java-azure-storage-blob/12.26.0-beta.1 (17.0.8; Windows 11; 10.0)",
        "x-ms-blob-type": "AppendBlob",
        "x-ms-client-request-id": "58810479-9a9c-4f0c-b1ac-040659383d4b",
        "x-ms-version": "2024-02-04"
      },
      "RequestBody": null,
      "StatusCode": 409,
      "ResponseHeaders": {
        "Content-Length": "220",
        "Content-Type": "application/xml",
        "Date": "Wed, 13 Dec 2023 21:50:47 GMT",
        "Server": [
          "Windows-Azure-Blob/1.0",
          "Microsoft-HTTPAPI/2.0"
        ],
        "x-ms-client-request-id": "58810479-9a9c-4f0c-b1ac-040659383d4b",
        "x-ms-error-code": "BlobAlreadyExists",
        "x-ms-request-id": "0913cb6b-501e-0043-3f0e-2e713a000000",
        "x-ms-version": "2024-02-04"
      },
      "ResponseBody": [
        "\uFEFF\u003C?xml version=\u00221.0\u0022 encoding=\u0022utf-8\u0022?\u003E\u003CError\u003E\u003CCode\u003EBlobAlreadyExists\u003C/Code\u003E\u003CMessage\u003EThe specified blob already exists.\n",
        "RequestId:0913cb6b-501e-0043-3f0e-2e713a000000\n",
        "Time:2023-12-13T21:50:47.9933718Z\u003C/Message\u003E\u003C/Error\u003E"
      ]
    }
  ],
  "Variables": {
    "0": "a11636d8241createifnotexistsonablobthatalreadyexists3b431442e",
    "1": "a11636d8242createifnotexistsonablobthatalreadyexists3b4331330",
    "2": "a11636d8243createifnotexistsonablobthatalreadyexists3b4567745"
  }
}
