{
  "Entries": [
    {
      "RequestUri": "https://REDACTED/ae3462f946sealacf1f270955c5b849ede7147d9ad1?restype=container",
      "RequestMethod": "PUT",
      "RequestHeaders": {
        "Accept": "application/xml",
        "Authorization": "Sanitized",
        "Content-Length": "0",
        "Date": "Wed, 11 Oct 2023 21:22:12 GMT",
        "User-Agent": "azsdk-java-azure-storage-blob/12.25.0-beta.1 (17.0.8.1; Windows 11; 10.0)",
        "x-ms-client-request-id": "5b6422e4-e8ab-4206-a5e8-a3f7ca2e738a",
        "x-ms-version": "2023-08-03"
      },
      "RequestBody": null,
      "StatusCode": 201,
      "ResponseHeaders": {
        "Content-Length": "0",
        "Date": "Wed, 11 Oct 2023 21:22:12 GMT",
        "ETag": "\u00220x8DBCAA022C572FA\u0022",
        "Last-Modified": "Wed, 11 Oct 2023 21:22:13 GMT",
        "Server": [
          "Windows-Azure-Blob/1.0",
          "Microsoft-HTTPAPI/2.0"
        ],
        "x-ms-client-request-id": "5b6422e4-e8ab-4206-a5e8-a3f7ca2e738a",
        "x-ms-request-id": "e50749ee-201e-0039-3889-fc6a9e000000",
        "x-ms-version": "2023-08-03"
      },
      "ResponseBody": null
    },
    {
      "RequestUri": "https://REDACTED/ae3462f946sealacf1f270955c5b849ede7147d9ad1/ae3462f947sealacf1f320393a2e9fc06b14411e988",
      "RequestMethod": "PUT",
      "RequestHeaders": {
        "Accept": "application/xml",
        "Authorization": "Sanitized",
        "Content-Length": "0",
        "Date": "Wed, 11 Oct 2023 21:22:13 GMT",
        "If-None-Match": "*",
        "User-Agent": "azsdk-java-azure-storage-blob/12.25.0-beta.1 (17.0.8.1; Windows 11; 10.0)",
        "x-ms-blob-type": "AppendBlob",
        "x-ms-client-request-id": "6a9bc9fa-01c4-43cd-a6b0-6209fb8cf6c4",
        "x-ms-version": "2023-08-03"
      },
      "RequestBody": null,
      "StatusCode": 201,
      "ResponseHeaders": {
        "Content-Length": "0",
        "Date": "Wed, 11 Oct 2023 21:22:12 GMT",
        "ETag": "\u00220x8DBCAA022CA115D\u0022",
        "Last-Modified": "Wed, 11 Oct 2023 21:22:13 GMT",
        "Server": [
          "Windows-Azure-Blob/1.0",
          "Microsoft-HTTPAPI/2.0"
        ],
        "x-ms-client-request-id": "6a9bc9fa-01c4-43cd-a6b0-6209fb8cf6c4",
        "x-ms-request-id": "de19bcff-201e-0080-4389-fc6e84000000",
        "x-ms-request-server-encrypted": "true",
        "x-ms-version": "2023-08-03"
      },
      "ResponseBody": null
    },
    {
      "RequestUri": "https://REDACTED/ae3462f946sealacf1f270955c5b849ede7147d9ad1/ae3462f947sealacf1f320393a2e9fc06b14411e988?comp=seal",
      "RequestMethod": "PUT",
      "RequestHeaders": {
        "Accept": "application/xml",
        "Authorization": "Sanitized",
        "Content-Length": "0",
        "Date": "Wed, 11 Oct 2023 21:22:13 GMT",
        "If-None-Match": "garbage",
        "User-Agent": "azsdk-java-azure-storage-blob/12.25.0-beta.1 (17.0.8.1; Windows 11; 10.0)",
        "x-ms-client-request-id": "3b6feb50-459d-4910-82c1-07a477989ff7",
        "x-ms-version": "2023-08-03"
      },
      "RequestBody": null,
      "StatusCode": 200,
      "ResponseHeaders": {
        "Content-Length": "0",
        "Date": "Wed, 11 Oct 2023 21:22:13 GMT",
        "ETag": "\u00220x8DBCAA022CE567D\u0022",
        "Last-Modified": "Wed, 11 Oct 2023 21:22:13 GMT",
        "Server": [
          "Windows-Azure-Blob/1.0",
          "Microsoft-HTTPAPI/2.0"
        ],
        "x-ms-blob-sealed": "true",
        "x-ms-client-request-id": "3b6feb50-459d-4910-82c1-07a477989ff7",
        "x-ms-request-id": "de19bd18-201e-0080-5989-fc6e84000000",
        "x-ms-version": "2023-08-03"
      },
      "ResponseBody": null
    }
  ],
  "Variables": {
    "0": "ae3462f946sealacf1f270955c5b849ede7147d9ad1",
    "1": "ae3462f947sealacf1f320393a2e9fc06b14411e988"
  }
}
