{
  "Entries": [
    {
      "RequestUri": "https://REDACTED/ebba3b6491appendblockac20a19467c54b41eb1e6f483b?restype=container",
      "RequestMethod": "PUT",
      "RequestHeaders": {
        "Accept": "application/xml",
        "Authorization": "Sanitized",
        "Content-Length": "0",
        "Date": "Mon, 11 Dec 2023 23:29:45 GMT",
        "User-Agent": "azsdk-java-azure-storage-blob/12.26.0-beta.1 (17.0.8; Windows 11; 10.0)",
        "x-ms-client-request-id": "4719e7c0-5375-4d8d-97cf-df390ca5f8be",
        "x-ms-version": "2024-02-04"
      },
      "RequestBody": null,
      "StatusCode": 201,
      "ResponseHeaders": {
        "Content-Length": "0",
        "Date": "Mon, 11 Dec 2023 23:29:49 GMT",
        "ETag": "\u00220x8DBFAA111C2AD97\u0022",
        "Last-Modified": "Mon, 11 Dec 2023 23:29:49 GMT",
        "Server": [
          "Windows-Azure-Blob/1.0",
          "Microsoft-HTTPAPI/2.0"
        ],
        "x-ms-client-request-id": "4719e7c0-5375-4d8d-97cf-df390ca5f8be",
        "x-ms-request-id": "bb3a119a-f01e-0075-3089-2cfc4a000000",
        "x-ms-version": "2024-02-04"
      },
      "ResponseBody": null
    },
    {
      "RequestUri": "https://REDACTED/ebba3b6491appendblockac20a19467c54b41eb1e6f483b?restype=container",
      "RequestMethod": "PUT",
      "RequestHeaders": {
        "Accept": "application/xml",
        "Authorization": "Sanitized",
        "Content-Length": "0",
        "Date": "Mon, 11 Dec 2023 23:29:45 GMT",
        "User-Agent": "azsdk-java-azure-storage-blob/12.26.0-beta.1 (17.0.8; Windows 11; 10.0)",
        "x-ms-client-request-id": "b5de771f-3da2-4e24-a40a-9840b3344cf2",
        "x-ms-version": "2024-02-04"
      },
      "RequestBody": null,
      "StatusCode": 409,
      "ResponseHeaders": {
        "Content-Length": "230",
        "Content-Type": "application/xml",
        "Date": "Mon, 11 Dec 2023 23:29:48 GMT",
        "Server": [
          "Windows-Azure-Blob/1.0",
          "Microsoft-HTTPAPI/2.0"
        ],
        "x-ms-client-request-id": "b5de771f-3da2-4e24-a40a-9840b3344cf2",
        "x-ms-error-code": "ContainerAlreadyExists",
        "x-ms-request-id": "2f5465d3-501e-000e-5b89-2cbed6000000",
        "x-ms-version": "2024-02-04"
      },
      "ResponseBody": [
        "\uFEFF\u003C?xml version=\u00221.0\u0022 encoding=\u0022utf-8\u0022?\u003E\u003CError\u003E\u003CCode\u003EContainerAlreadyExists\u003C/Code\u003E\u003CMessage\u003EThe specified container already exists.\n",
        "RequestId:2f5465d3-501e-000e-5b89-2cbed6000000\n",
        "Time:2023-12-11T23:29:49.8651516Z\u003C/Message\u003E\u003C/Error\u003E"
      ]
    },
    {
      "RequestUri": "https://REDACTED/ebba3b6491appendblockac20a19467c54b41eb1e6f483b/ebba3b6492appendblockac20a61208236d8b536f164fea",
      "RequestMethod": "PUT",
      "RequestHeaders": {
        "Accept": "application/xml",
        "Authorization": "Sanitized",
        "Content-Length": "0",
        "Date": "Mon, 11 Dec 2023 23:29:46 GMT",
        "If-None-Match": "*",
        "User-Agent": "azsdk-java-azure-storage-blob/12.26.0-beta.1 (17.0.8; Windows 11; 10.0)",
        "x-ms-blob-type": "AppendBlob",
        "x-ms-client-request-id": "83b818d4-3db2-4c32-a46a-b2439b91b280",
        "x-ms-version": "2024-02-04"
      },
      "RequestBody": null,
      "StatusCode": 201,
      "ResponseHeaders": {
        "Content-Length": "0",
        "Date": "Mon, 11 Dec 2023 23:29:48 GMT",
        "ETag": "\u00220x8DBFAA111DE89B3\u0022",
        "Last-Modified": "Mon, 11 Dec 2023 23:29:49 GMT",
        "Server": [
          "Windows-Azure-Blob/1.0",
          "Microsoft-HTTPAPI/2.0"
        ],
        "x-ms-client-request-id": "83b818d4-3db2-4c32-a46a-b2439b91b280",
        "x-ms-request-id": "2f546639-501e-000e-3a89-2cbed6000000",
        "x-ms-request-server-encrypted": "true",
        "x-ms-version": "2024-02-04"
      },
      "ResponseBody": null
    },
    {
      "RequestUri": "https://REDACTED/ebba3b6491appendblockac20a19467c54b41eb1e6f483b/ebba3b6492appendblockac20a61208236d8b536f164fea?comp=tags",
      "RequestMethod": "PUT",
      "RequestHeaders": {
        "Accept": "application/xml",
        "Authorization": "Sanitized",
        "Content-Length": "111",
        "Content-Type": "application/xml",
        "Date": "Mon, 11 Dec 2023 23:29:46 GMT",
        "User-Agent": "azsdk-java-azure-storage-blob/12.26.0-beta.1 (17.0.8; Windows 11; 10.0)",
        "x-ms-client-request-id": "ded69bac-e99c-404c-a0df-2b20d3239a68",
        "x-ms-version": "2024-02-04"
      },
      "RequestBody": "\u003C?xml version=\u00271.0\u0027 encoding=\u0027UTF-8\u0027?\u003E\u003CTags\u003E\u003CTagSet\u003E\u003CTag\u003E\u003CKey\u003Efoo\u003C/Key\u003E\u003CValue\u003Ebar\u003C/Value\u003E\u003C/Tag\u003E\u003C/TagSet\u003E\u003C/Tags\u003E",
      "StatusCode": 204,
      "ResponseHeaders": {
        "Date": "Mon, 11 Dec 2023 23:29:49 GMT",
        "Server": [
          "Windows-Azure-Blob/1.0",
          "Microsoft-HTTPAPI/2.0"
        ],
        "x-ms-client-request-id": "ded69bac-e99c-404c-a0df-2b20d3239a68",
        "x-ms-request-id": "2e298cb7-e01e-001b-2c89-2ca965000000",
        "x-ms-version": "2024-02-04"
      },
      "ResponseBody": null
    },
    {
      "RequestUri": "https://REDACTED/ebba3b6491appendblockac20a19467c54b41eb1e6f483b/ebba3b6492appendblockac20a61208236d8b536f164fea?comp=appendblock",
      "RequestMethod": "PUT",
      "RequestHeaders": {
        "Accept": "application/xml",
        "Authorization": "Sanitized",
        "Content-Length": "7",
        "Content-Type": "application/octet-stream",
        "Date": "Mon, 11 Dec 2023 23:29:46 GMT",
        "User-Agent": "azsdk-java-azure-storage-blob/12.26.0-beta.1 (17.0.8; Windows 11; 10.0)",
        "x-ms-blob-condition-maxsize": "100",
        "x-ms-client-request-id": "29763aa2-53ed-47ce-b921-113330182ec6",
        "x-ms-version": "2024-02-04"
      },
      "RequestBody": "ZGVmYXVsdA==",
      "StatusCode": 201,
      "ResponseHeaders": {
        "Content-Length": "0",
        "Date": "Mon, 11 Dec 2023 23:29:49 GMT",
        "ETag": "\u00220x8DBFAA111FC4694\u0022",
        "Last-Modified": "Mon, 11 Dec 2023 23:29:50 GMT",
        "Server": [
          "Windows-Azure-Blob/1.0",
          "Microsoft-HTTPAPI/2.0"
        ],
        "x-ms-blob-append-offset": "0",
        "x-ms-blob-committed-block-count": "1",
        "x-ms-client-request-id": "29763aa2-53ed-47ce-b921-113330182ec6",
        "x-ms-content-crc64": "6RYQPwaVsyQ=",
        "x-ms-request-id": "2e298d15-e01e-001b-8089-2ca965000000",
        "x-ms-request-server-encrypted": "true",
        "x-ms-version": "2024-02-04"
      },
      "ResponseBody": null
    }
  ],
  "Variables": {
    "0": "ebba3b6491appendblockac20a19467c54b41eb1e6f483b",
    "1": "ebba3b6492appendblockac20a61208236d8b536f164fea"
  }
}
