{
  "Entries": [
    {
      "RequestUri": "https://REDACTED/3739bd1c176sealacfail61313155f9947ce6561a4b789?restype=container",
      "RequestMethod": "PUT",
      "RequestHeaders": {
        "Accept": "application/xml",
        "Authorization": "Sanitized",
        "Content-Length": "0",
        "Date": "Thu, 12 Oct 2023 14:29:08 GMT",
        "User-Agent": "azsdk-java-azure-storage-blob/12.25.0-beta.1 (17.0.8.1; Windows 11; 10.0)",
        "x-ms-client-request-id": "3f65b73e-0fe1-4932-9801-470bba6f4858",
        "x-ms-version": "2023-08-03"
      },
      "RequestBody": null,
      "StatusCode": 201,
      "ResponseHeaders": {
        "Content-Length": "0",
        "Date": "Thu, 12 Oct 2023 14:29:07 GMT",
        "ETag": "\u00220x8DBCB2F98524984\u0022",
        "Last-Modified": "Thu, 12 Oct 2023 14:29:08 GMT",
        "Server": [
          "Windows-Azure-Blob/1.0",
          "Microsoft-HTTPAPI/2.0"
        ],
        "x-ms-client-request-id": "3f65b73e-0fe1-4932-9801-470bba6f4858",
        "x-ms-request-id": "284a5e70-e01e-000c-7118-fd5db9000000",
        "x-ms-version": "2023-08-03"
      },
      "ResponseBody": null
    },
    {
      "RequestUri": "https://REDACTED/3739bd1c176sealacfail61313155f9947ce6561a4b789/3739bd1c177sealacfail6137191056935cc86e6345cfa",
      "RequestMethod": "PUT",
      "RequestHeaders": {
        "Accept": "application/xml",
        "Authorization": "Sanitized",
        "Content-Length": "0",
        "Date": "Thu, 12 Oct 2023 14:29:08 GMT",
        "If-None-Match": "*",
        "User-Agent": "azsdk-java-azure-storage-blob/12.25.0-beta.1 (17.0.8.1; Windows 11; 10.0)",
        "x-ms-blob-type": "AppendBlob",
        "x-ms-client-request-id": "d0a14b3a-d2f2-48ad-bb1f-3fe7d320dd12",
        "x-ms-version": "2023-08-03"
      },
      "RequestBody": null,
      "StatusCode": 201,
      "ResponseHeaders": {
        "Content-Length": "0",
        "Date": "Thu, 12 Oct 2023 14:29:07 GMT",
        "ETag": "\u00220x8DBCB2F9856744C\u0022",
        "Last-Modified": "Thu, 12 Oct 2023 14:29:08 GMT",
        "Server": [
          "Windows-Azure-Blob/1.0",
          "Microsoft-HTTPAPI/2.0"
        ],
        "x-ms-client-request-id": "d0a14b3a-d2f2-48ad-bb1f-3fe7d320dd12",
        "x-ms-request-id": "284a5e8f-e01e-000c-0a18-fd5db9000000",
        "x-ms-request-server-encrypted": "true",
        "x-ms-version": "2023-08-03"
      },
      "ResponseBody": null
    },
    {
      "RequestUri": "https://REDACTED/3739bd1c176sealacfail61313155f9947ce6561a4b789/3739bd1c177sealacfail6137191056935cc86e6345cfa?comp=seal",
      "RequestMethod": "PUT",
      "RequestHeaders": {
        "Accept": "application/xml",
        "Authorization": "Sanitized",
        "Content-Length": "0",
        "Date": "Thu, 12 Oct 2023 14:29:08 GMT",
        "If-Unmodified-Since": "Wed, 11 Oct 2023 14:28:37 GMT",
        "User-Agent": "azsdk-java-azure-storage-blob/12.25.0-beta.1 (17.0.8.1; Windows 11; 10.0)",
        "x-ms-client-request-id": "bcd82681-fafe-4d9d-b533-a2261526ce43",
        "x-ms-version": "2023-08-03"
      },
      "RequestBody": null,
      "StatusCode": 412,
      "ResponseHeaders": {
        "Content-Length": "253",
        "Content-Type": "application/xml",
        "Date": "Thu, 12 Oct 2023 14:29:07 GMT",
        "Server": [
          "Windows-Azure-Blob/1.0",
          "Microsoft-HTTPAPI/2.0"
        ],
        "x-ms-client-request-id": "bcd82681-fafe-4d9d-b533-a2261526ce43",
        "x-ms-error-code": "ConditionNotMet",
        "x-ms-request-id": "284a5eb3-e01e-000c-2918-fd5db9000000",
        "x-ms-version": "2023-08-03"
      },
      "ResponseBody": [
        "\uFEFF\u003C?xml version=\u00221.0\u0022 encoding=\u0022utf-8\u0022?\u003E\n",
        "\u003CError\u003E\u003CCode\u003EConditionNotMet\u003C/Code\u003E\u003CMessage\u003EThe condition specified using HTTP conditional header(s) is not met.\n",
        "RequestId:284a5eb3-e01e-000c-2918-fd5db9000000\n",
        "Time:2023-10-12T14:29:08.3347709Z\u003C/Message\u003E\u003C/Error\u003E"
      ]
    }
  ],
  "Variables": {
    "0": "3739bd1c176sealacfail61313155f9947ce6561a4b789",
    "1": "3739bd1c177sealacfail6137191056935cc86e6345cfa"
  }
}
