{
  "Entries": [
    {
      "RequestUri": "https://REDACTED/39fbe5fb201createac0d581384afb642cfb7ef40ef91?restype=container",
      "RequestMethod": "PUT",
      "RequestHeaders": {
        "Accept": "application/xml",
        "Authorization": "Sanitized",
        "Content-Length": "0",
        "Date": "Tue, 03 Oct 2023 21:48:31 GMT",
        "User-Agent": "azsdk-java-azure-storage-blob/12.25.0-beta.1 (11.0.16.1; Windows 11; 10.0)",
        "x-ms-client-request-id": "16e920d8-1c93-4c8b-8aae-efeb5a9e1bae",
        "x-ms-version": "2023-08-03"
      },
      "RequestBody": null,
      "StatusCode": 201,
      "ResponseHeaders": {
        "Content-Length": "0",
        "Date": "Tue, 03 Oct 2023 21:48:32 GMT",
        "ETag": "\u00220x8DBC45A7CA854EE\u0022",
        "Last-Modified": "Tue, 03 Oct 2023 21:48:32 GMT",
        "Server": [
          "Windows-Azure-Blob/1.0",
          "Microsoft-HTTPAPI/2.0"
        ],
        "x-ms-client-request-id": "16e920d8-1c93-4c8b-8aae-efeb5a9e1bae",
        "x-ms-request-id": "801999fe-c01e-001e-3b43-f67d5a000000",
        "x-ms-version": "2023-08-03"
      },
      "ResponseBody": null
    },
    {
      "RequestUri": "https://REDACTED/39fbe5fb201createac0d581384afb642cfb7ef40ef91/39fbe5fb202createac0d580825e6f0291e52ea43c2a4",
      "RequestMethod": "PUT",
      "RequestHeaders": {
        "Accept": "application/xml",
        "Authorization": "Sanitized",
        "Content-Length": "0",
        "Date": "Tue, 03 Oct 2023 21:48:31 GMT",
        "If-None-Match": "*",
        "User-Agent": "azsdk-java-azure-storage-blob/12.25.0-beta.1 (11.0.16.1; Windows 11; 10.0)",
        "x-ms-blob-type": "AppendBlob",
        "x-ms-client-request-id": "7bcc9df4-696f-4b2a-bb81-26bbec30547c",
        "x-ms-version": "2023-08-03"
      },
      "RequestBody": null,
      "StatusCode": 201,
      "ResponseHeaders": {
        "Content-Length": "0",
        "Date": "Tue, 03 Oct 2023 21:48:32 GMT",
        "ETag": "\u00220x8DBC45A7CBB9CC1\u0022",
        "Last-Modified": "Tue, 03 Oct 2023 21:48:32 GMT",
        "Server": [
          "Windows-Azure-Blob/1.0",
          "Microsoft-HTTPAPI/2.0"
        ],
        "x-ms-client-request-id": "7bcc9df4-696f-4b2a-bb81-26bbec30547c",
        "x-ms-request-id": "80199a6e-c01e-001e-1d43-f67d5a000000",
        "x-ms-request-server-encrypted": "true",
        "x-ms-version": "2023-08-03",
        "x-ms-version-id": "2023-10-03T21:48:32.1828033Z"
      },
      "ResponseBody": null
    },
    {
      "RequestUri": "https://REDACTED/39fbe5fb201createac0d581384afb642cfb7ef40ef91/39fbe5fb202createac0d580825e6f0291e52ea43c2a4?comp=tags",
      "RequestMethod": "PUT",
      "RequestHeaders": {
        "Accept": "application/xml",
        "Authorization": "Sanitized",
        "Content-Length": "116",
        "Content-Type": "application/xml",
        "Date": "Tue, 03 Oct 2023 21:48:31 GMT",
        "User-Agent": "azsdk-java-azure-storage-blob/12.25.0-beta.1 (11.0.16.1; Windows 11; 10.0)",
        "x-ms-client-request-id": "2b7667ee-be49-49be-bffd-a3c469bf471c",
        "x-ms-version": "2023-08-03"
      },
      "RequestBody": "\u003C?xml version=\u00271.0\u0027 encoding=\u0027UTF-8\u0027?\u003E\u003CTags\u003E\u003CTagSet\u003E\u003CTag\u003E\u003CKey\u003Efoo\u003C/Key\u003E\u003CValue\u003EREDACTED\u003C/Value\u003E\u003C/Tag\u003E\u003C/TagSet\u003E\u003C/Tags\u003E",
      "StatusCode": 204,
      "ResponseHeaders": {
        "Date": "Tue, 03 Oct 2023 21:48:32 GMT",
        "Server": [
          "Windows-Azure-Blob/1.0",
          "Microsoft-HTTPAPI/2.0"
        ],
        "x-ms-client-request-id": "2b7667ee-be49-49be-bffd-a3c469bf471c",
        "x-ms-request-id": "80199aad-c01e-001e-5643-f67d5a000000",
        "x-ms-version": "2023-08-03"
      },
      "ResponseBody": null
    },
    {
      "RequestUri": "https://REDACTED/39fbe5fb201createac0d581384afb642cfb7ef40ef91/39fbe5fb202createac0d580825e6f0291e52ea43c2a4",
      "RequestMethod": "PUT",
      "RequestHeaders": {
        "Accept": "application/xml",
        "Authorization": "Sanitized",
        "Content-Length": "0",
        "Date": "Tue, 03 Oct 2023 21:48:31 GMT",
        "If-Modified-Since": "Mon, 02 Oct 2023 21:47:16 GMT",
        "User-Agent": "azsdk-java-azure-storage-blob/12.25.0-beta.1 (11.0.16.1; Windows 11; 10.0)",
        "x-ms-blob-type": "AppendBlob",
        "x-ms-client-request-id": "fc79a475-7e1b-4aa7-8edc-e4dcac034d5b",
        "x-ms-version": "2023-08-03"
      },
      "RequestBody": null,
      "StatusCode": 201,
      "ResponseHeaders": {
        "Content-Length": "0",
        "Date": "Tue, 03 Oct 2023 21:48:32 GMT",
        "ETag": "\u00220x8DBC45A7CD95990\u0022",
        "Last-Modified": "Tue, 03 Oct 2023 21:48:32 GMT",
        "Server": [
          "Windows-Azure-Blob/1.0",
          "Microsoft-HTTPAPI/2.0"
        ],
        "x-ms-client-request-id": "fc79a475-7e1b-4aa7-8edc-e4dcac034d5b",
        "x-ms-request-id": "80199afb-c01e-001e-1c43-f67d5a000000",
        "x-ms-request-server-encrypted": "true",
        "x-ms-version": "2023-08-03",
        "x-ms-version-id": "2023-10-03T21:48:32.3786912Z"
      },
      "ResponseBody": null
    }
  ],
  "Variables": {
    "0": "39fbe5fb201createac0d581384afb642cfb7ef40ef91",
    "1": "39fbe5fb202createac0d580825e6f0291e52ea43c2a4"
  }
}
