{
  "Entries": [
    {
      "RequestUri": "https://REDACTED/215c1fad64createifnotexiststagsa6f68347a396cc986c4d?restype=container",
      "RequestMethod": "PUT",
      "RequestHeaders": {
        "Accept": "application/xml",
        "Authorization": "Sanitized",
        "Content-Length": "0",
        "Date": "Mon, 11 Dec 2023 19:12:40 GMT",
        "User-Agent": "azsdk-java-azure-storage-blob/12.26.0-beta.1 (17.0.8; Windows 11; 10.0)",
        "x-ms-client-request-id": "990e8893-1149-4958-8207-11156d1c5a66",
        "x-ms-version": "2024-02-04"
      },
      "RequestBody": null,
      "StatusCode": 201,
      "ResponseHeaders": {
        "Content-Length": "0",
        "Date": "Mon, 11 Dec 2023 19:12:43 GMT",
        "ETag": "\u00220x8DBFA7D277531EC\u0022",
        "Last-Modified": "Mon, 11 Dec 2023 19:12:44 GMT",
        "Server": [
          "Windows-Azure-Blob/1.0",
          "Microsoft-HTTPAPI/2.0"
        ],
        "x-ms-client-request-id": "990e8893-1149-4958-8207-11156d1c5a66",
        "x-ms-request-id": "20edd82b-f01e-0007-3c66-2cfb05000000",
        "x-ms-version": "2024-02-04"
      },
      "ResponseBody": null
    },
    {
      "RequestUri": "https://REDACTED/215c1fad64createifnotexiststagsa6f68347a396cc986c4d?restype=container",
      "RequestMethod": "PUT",
      "RequestHeaders": {
        "Accept": "application/xml",
        "Authorization": "Sanitized",
        "Content-Length": "0",
        "Date": "Mon, 11 Dec 2023 19:12:40 GMT",
        "User-Agent": "azsdk-java-azure-storage-blob/12.26.0-beta.1 (17.0.8; Windows 11; 10.0)",
        "x-ms-client-request-id": "cc2d886d-e202-4693-8944-b29721085faa",
        "x-ms-version": "2024-02-04"
      },
      "RequestBody": null,
      "StatusCode": 409,
      "ResponseHeaders": {
        "Content-Length": "230",
        "Content-Type": "application/xml",
        "Date": "Mon, 11 Dec 2023 19:12:43 GMT",
        "Server": [
          "Windows-Azure-Blob/1.0",
          "Microsoft-HTTPAPI/2.0"
        ],
        "x-ms-client-request-id": "cc2d886d-e202-4693-8944-b29721085faa",
        "x-ms-error-code": "ContainerAlreadyExists",
        "x-ms-request-id": "20edd8ac-f01e-0007-2e66-2cfb05000000",
        "x-ms-version": "2024-02-04"
      },
      "ResponseBody": [
        "\uFEFF\u003C?xml version=\u00221.0\u0022 encoding=\u0022utf-8\u0022?\u003E\u003CError\u003E\u003CCode\u003EContainerAlreadyExists\u003C/Code\u003E\u003CMessage\u003EThe specified container already exists.\n",
        "RequestId:20edd8ac-f01e-0007-2e66-2cfb05000000\n",
        "Time:2023-12-11T19:12:44.3734589Z\u003C/Message\u003E\u003C/Error\u003E"
      ]
    },
    {
      "RequestUri": "https://REDACTED/215c1fad64createifnotexiststagsa6f68347a396cc986c4d/215c1fad65createifnotexiststagsa6f8379480de1e09037e",
      "RequestMethod": "PUT",
      "RequestHeaders": {
        "Accept": "application/xml",
        "Authorization": "Sanitized",
        "Content-Length": "0",
        "Date": "Mon, 11 Dec 2023 19:12:40 GMT",
        "If-None-Match": "*",
        "User-Agent": "azsdk-java-azure-storage-blob/12.26.0-beta.1 (17.0.8; Windows 11; 10.0)",
        "x-ms-blob-type": "AppendBlob",
        "x-ms-client-request-id": "51a19b2e-1c67-4260-86a5-c03843b5eb6d",
        "x-ms-version": "2024-02-04"
      },
      "RequestBody": null,
      "StatusCode": 201,
      "ResponseHeaders": {
        "Content-Length": "0",
        "Date": "Mon, 11 Dec 2023 19:12:43 GMT",
        "ETag": "\u00220x8DBFA7D27909CCF\u0022",
        "Last-Modified": "Mon, 11 Dec 2023 19:12:44 GMT",
        "Server": [
          "Windows-Azure-Blob/1.0",
          "Microsoft-HTTPAPI/2.0"
        ],
        "x-ms-client-request-id": "51a19b2e-1c67-4260-86a5-c03843b5eb6d",
        "x-ms-request-id": "20edd924-f01e-0007-1f66-2cfb05000000",
        "x-ms-request-server-encrypted": "true",
        "x-ms-version": "2024-02-04"
      },
      "ResponseBody": null
    },
    {
      "RequestUri": "https://REDACTED/215c1fad64createifnotexiststagsa6f68347a396cc986c4d/215c1fad65createifnotexiststagsa6f8379480de1e09037e",
      "RequestMethod": "DELETE",
      "RequestHeaders": {
        "Accept": "application/xml",
        "Authorization": "Sanitized",
        "Content-Length": "0",
        "Date": "Mon, 11 Dec 2023 19:12:40 GMT",
        "User-Agent": "azsdk-java-azure-storage-blob/12.26.0-beta.1 (17.0.8; Windows 11; 10.0)",
        "x-ms-client-request-id": "5ef949c9-a605-42b7-bd17-4634ea8fdac4",
        "x-ms-version": "2024-02-04"
      },
      "RequestBody": null,
      "StatusCode": 202,
      "ResponseHeaders": {
        "Content-Length": "0",
        "Date": "Mon, 11 Dec 2023 19:12:43 GMT",
        "Server": [
          "Windows-Azure-Blob/1.0",
          "Microsoft-HTTPAPI/2.0"
        ],
        "x-ms-client-request-id": "5ef949c9-a605-42b7-bd17-4634ea8fdac4",
        "x-ms-delete-type-permanent": "true",
        "x-ms-request-id": "20edd989-f01e-0007-7766-2cfb05000000",
        "x-ms-version": "2024-02-04"
      },
      "ResponseBody": null
    },
    {
      "RequestUri": "https://REDACTED/215c1fad64createifnotexiststagsa6f68347a396cc986c4d/215c1fad65createifnotexiststagsa6f8379480de1e09037e",
      "RequestMethod": "PUT",
      "RequestHeaders": {
        "Accept": "application/xml",
        "Authorization": "Sanitized",
        "Content-Length": "0",
        "Date": "Mon, 11 Dec 2023 19:12:40 GMT",
        "If-None-Match": "*",
        "User-Agent": "azsdk-java-azure-storage-blob/12.26.0-beta.1 (17.0.8; Windows 11; 10.0)",
        "x-ms-blob-type": "AppendBlob",
        "x-ms-client-request-id": "ded8b5e7-d5cd-4118-bfb0-63fa8574c4b0",
        "x-ms-version": "2024-02-04"
      },
      "RequestBody": null,
      "StatusCode": 201,
      "ResponseHeaders": {
        "Content-Length": "0",
        "Date": "Mon, 11 Dec 2023 19:12:43 GMT",
        "ETag": "\u00220x8DBFA7D27ACAC38\u0022",
        "Last-Modified": "Mon, 11 Dec 2023 19:12:44 GMT",
        "Server": [
          "Windows-Azure-Blob/1.0",
          "Microsoft-HTTPAPI/2.0"
        ],
        "x-ms-client-request-id": "ded8b5e7-d5cd-4118-bfb0-63fa8574c4b0",
        "x-ms-request-id": "20edda03-f01e-0007-6666-2cfb05000000",
        "x-ms-request-server-encrypted": "true",
        "x-ms-version": "2024-02-04"
      },
      "ResponseBody": null
    },
    {
      "RequestUri": "https://REDACTED/215c1fad64createifnotexiststagsa6f68347a396cc986c4d/215c1fad65createifnotexiststagsa6f8379480de1e09037e?comp=tags",
      "RequestMethod": "GET",
      "RequestHeaders": {
        "Accept": "application/xml",
        "Authorization": "Sanitized",
        "Content-Length": "0",
        "Date": "Mon, 11 Dec 2023 19:12:41 GMT",
        "User-Agent": "azsdk-java-azure-storage-blob/12.26.0-beta.1 (17.0.8; Windows 11; 10.0)",
        "x-ms-client-request-id": "bf068d1b-8337-402b-9844-b3f60a8b661c",
        "x-ms-version": "2024-02-04"
      },
      "RequestBody": null,
      "StatusCode": 200,
      "ResponseHeaders": {
        "Access-Control-Allow-Origin": "*",
        "Access-Control-Expose-Headers": "x-ms-client-request-id",
        "Content-Length": "64",
        "Content-Type": "application/xml",
        "Date": "Mon, 11 Dec 2023 19:12:43 GMT",
        "Server": [
          "Windows-Azure-Blob/1.0",
          "Microsoft-HTTPAPI/2.0"
        ],
        "x-ms-client-request-id": "bf068d1b-8337-402b-9844-b3f60a8b661c",
        "x-ms-request-id": "20edda7d-f01e-0007-5366-2cfb05000000",
        "x-ms-version": "2024-02-04"
      },
      "ResponseBody": [
        "\uFEFF\u003C?xml version=\u00221.0\u0022 encoding=\u0022utf-8\u0022?\u003E\n",
        "\u003CTags\u003E\u003CTagSet/\u003E\u003C/Tags\u003E"
      ]
    }
  ],
  "Variables": {
    "0": "215c1fad64createifnotexiststagsa6f68347a396cc986c4d",
    "1": "215c1fad65createifnotexiststagsa6f8379480de1e09037e"
  }
}
