{
  "Entries": [
    {
      "RequestUri": "https://REDACTED/9d756943117appendblockfromurldestinationacfailf2344040f1fd?restype=container",
      "RequestMethod": "PUT",
      "RequestHeaders": {
        "Accept": "application/xml",
        "Authorization": "Sanitized",
        "Content-Length": "0",
        "Date": "Wed, 25 Oct 2023 20:27:35 GMT",
        "User-Agent": "azsdk-java-azure-storage-blob/12.25.0-beta.2 (17.0.8; Windows 11; 10.0)",
        "x-ms-client-request-id": "28b7f8e4-4014-414c-8092-5ace033eb872",
        "x-ms-version": "2023-11-03"
      },
      "RequestBody": null,
      "StatusCode": 201,
      "ResponseHeaders": {
        "Content-Length": "0",
        "Date": "Wed, 25 Oct 2023 20:27:35 GMT",
        "ETag": "\u00220x8DBD598D36CBC22\u0022",
        "Last-Modified": "Wed, 25 Oct 2023 20:27:36 GMT",
        "Server": [
          "Windows-Azure-Blob/1.0",
          "Microsoft-HTTPAPI/2.0"
        ],
        "x-ms-client-request-id": "28b7f8e4-4014-414c-8092-5ace033eb872",
        "x-ms-request-id": "7654a5c1-f01e-005a-7281-07f181000000",
        "x-ms-version": "2023-11-03"
      },
      "ResponseBody": null
    },
    {
      "RequestUri": "https://REDACTED/9d756943117appendblockfromurldestinationacfailf2344040f1fd/9d756943118appendblockfromurldestinationacfailf23940855d0f",
      "RequestMethod": "PUT",
      "RequestHeaders": {
        "Accept": "application/xml",
        "Authorization": "Sanitized",
        "Content-Length": "0",
        "Date": "Wed, 25 Oct 2023 20:27:35 GMT",
        "If-None-Match": "*",
        "User-Agent": "azsdk-java-azure-storage-blob/12.25.0-beta.2 (17.0.8; Windows 11; 10.0)",
        "x-ms-blob-type": "AppendBlob",
        "x-ms-client-request-id": "8de2eedc-e724-49aa-8bb5-d67ed1c00506",
        "x-ms-version": "2023-11-03"
      },
      "RequestBody": null,
      "StatusCode": 201,
      "ResponseHeaders": {
        "Content-Length": "0",
        "Date": "Wed, 25 Oct 2023 20:27:35 GMT",
        "ETag": "\u00220x8DBD598D37C037F\u0022",
        "Last-Modified": "Wed, 25 Oct 2023 20:27:36 GMT",
        "Server": [
          "Windows-Azure-Blob/1.0",
          "Microsoft-HTTPAPI/2.0"
        ],
        "x-ms-client-request-id": "8de2eedc-e724-49aa-8bb5-d67ed1c00506",
        "x-ms-request-id": "7654a63f-f01e-005a-6581-07f181000000",
        "x-ms-request-server-encrypted": "true",
        "x-ms-version": "2023-11-03"
      },
      "ResponseBody": null
    },
    {
      "RequestUri": "https://REDACTED/9d756943117appendblockfromurldestinationacfailf2344040f1fd?restype=container\u0026comp=acl",
      "RequestMethod": "PUT",
      "RequestHeaders": {
        "Accept": "application/xml",
        "Authorization": "Sanitized",
        "Content-Length": "58",
        "Content-Type": "application/xml",
        "Date": "Wed, 25 Oct 2023 20:27:35 GMT",
        "User-Agent": "azsdk-java-azure-storage-blob/12.25.0-beta.2 (17.0.8; Windows 11; 10.0)",
        "x-ms-blob-public-access": "container",
        "x-ms-client-request-id": "e7e6cbdd-31be-41a6-9dda-7d49c61eeca1",
        "x-ms-version": "2023-11-03"
      },
      "RequestBody": "\u003C?xml version=\u00271.0\u0027 encoding=\u0027UTF-8\u0027?\u003E\u003CSignedIdentifiers/\u003E",
      "StatusCode": 200,
      "ResponseHeaders": {
        "Content-Length": "0",
        "Date": "Wed, 25 Oct 2023 20:27:35 GMT",
        "ETag": "\u00220x8DBD598D3918000\u0022",
        "Last-Modified": "Wed, 25 Oct 2023 20:27:36 GMT",
        "Server": [
          "Windows-Azure-Blob/1.0",
          "Microsoft-HTTPAPI/2.0"
        ],
        "x-ms-client-request-id": "e7e6cbdd-31be-41a6-9dda-7d49c61eeca1",
        "x-ms-request-id": "7654a726-f01e-005a-4281-07f181000000",
        "x-ms-version": "2023-11-03"
      },
      "ResponseBody": null
    },
    {
      "RequestUri": "https://REDACTED/9d756943117appendblockfromurldestinationacfailf2344040f1fd/9d756943118appendblockfromurldestinationacfailf23940855d0f",
      "RequestMethod": "HEAD",
      "RequestHeaders": {
        "Accept": "application/xml",
        "Authorization": "Sanitized",
        "Content-Length": "0",
        "Date": "Wed, 25 Oct 2023 20:27:35 GMT",
        "User-Agent": "azsdk-java-azure-storage-blob/12.25.0-beta.2 (17.0.8; Windows 11; 10.0)",
        "x-ms-client-request-id": "166f6983-c983-4b99-8a1f-036902047825",
        "x-ms-version": "2023-11-03"
      },
      "RequestBody": null,
      "StatusCode": 200,
      "ResponseHeaders": {
        "Accept-Ranges": "bytes",
        "Access-Control-Allow-Origin": "*",
        "Access-Control-Expose-Headers": "x-ms-client-request-id",
        "Content-Length": "0",
        "Content-Type": "application/octet-stream",
        "Date": "Wed, 25 Oct 2023 20:27:35 GMT",
        "ETag": "\u00220x8DBD598D37C037F\u0022",
        "Last-Modified": "Wed, 25 Oct 2023 20:27:36 GMT",
        "Server": [
          "Windows-Azure-Blob/1.0",
          "Microsoft-HTTPAPI/2.0"
        ],
        "x-ms-blob-committed-block-count": "0",
        "x-ms-blob-type": "AppendBlob",
        "x-ms-client-request-id": "166f6983-c983-4b99-8a1f-036902047825",
        "x-ms-creation-time": "Wed, 25 Oct 2023 20:27:36 GMT",
        "x-ms-lease-state": "available",
        "x-ms-lease-status": "unlocked",
        "x-ms-request-id": "7654a7b9-f01e-005a-4d81-07f181000000",
        "x-ms-server-encrypted": "true",
        "x-ms-version": "2023-11-03"
      },
      "ResponseBody": null
    },
    {
      "RequestUri": "https://REDACTED/9d756943117appendblockfromurldestinationacfailf2344040f1fd/9d756943119appendblockfromurldestinationacfailf2329114cd84",
      "RequestMethod": "PUT",
      "RequestHeaders": {
        "Accept": "application/xml",
        "Authorization": "Sanitized",
        "Content-Length": "0",
        "Date": "Wed, 25 Oct 2023 20:27:35 GMT",
        "If-None-Match": "*",
        "User-Agent": "azsdk-java-azure-storage-blob/12.25.0-beta.2 (17.0.8; Windows 11; 10.0)",
        "x-ms-blob-type": "AppendBlob",
        "x-ms-client-request-id": "6fcdcbdb-ea62-41b7-be51-bdd813ae7914",
        "x-ms-version": "2023-11-03"
      },
      "RequestBody": null,
      "StatusCode": 201,
      "ResponseHeaders": {
        "Content-Length": "0",
        "Date": "Wed, 25 Oct 2023 20:27:35 GMT",
        "ETag": "\u00220x8DBD598D3ADE19A\u0022",
        "Last-Modified": "Wed, 25 Oct 2023 20:27:36 GMT",
        "Server": [
          "Windows-Azure-Blob/1.0",
          "Microsoft-HTTPAPI/2.0"
        ],
        "x-ms-client-request-id": "6fcdcbdb-ea62-41b7-be51-bdd813ae7914",
        "x-ms-request-id": "7654a854-f01e-005a-5881-07f181000000",
        "x-ms-request-server-encrypted": "true",
        "x-ms-version": "2023-11-03"
      },
      "ResponseBody": null
    },
    {
      "RequestUri": "https://REDACTED/9d756943117appendblockfromurldestinationacfailf2344040f1fd/9d756943119appendblockfromurldestinationacfailf2329114cd84?comp=appendblock",
      "RequestMethod": "PUT",
      "RequestHeaders": {
        "Accept": "application/xml",
        "Authorization": "Sanitized",
        "Content-Length": "7",
        "Content-Type": "application/octet-stream",
        "Date": "Wed, 25 Oct 2023 20:27:35 GMT",
        "User-Agent": "azsdk-java-azure-storage-blob/12.25.0-beta.2 (17.0.8; Windows 11; 10.0)",
        "x-ms-client-request-id": "3547be9c-89a3-469d-814c-a607129ec5e0",
        "x-ms-version": "2023-11-03"
      },
      "RequestBody": "ZGVmYXVsdA==",
      "StatusCode": 201,
      "ResponseHeaders": {
        "Content-Length": "0",
        "Date": "Wed, 25 Oct 2023 20:27:35 GMT",
        "ETag": "\u00220x8DBD598D3BD48AD\u0022",
        "Last-Modified": "Wed, 25 Oct 2023 20:27:36 GMT",
        "Server": [
          "Windows-Azure-Blob/1.0",
          "Microsoft-HTTPAPI/2.0"
        ],
        "x-ms-blob-append-offset": "0",
        "x-ms-blob-committed-block-count": "1",
        "x-ms-client-request-id": "3547be9c-89a3-469d-814c-a607129ec5e0",
        "x-ms-content-crc64": "6RYQPwaVsyQ=",
        "x-ms-request-id": "7654a8fc-f01e-005a-7281-07f181000000",
        "x-ms-request-server-encrypted": "true",
        "x-ms-version": "2023-11-03"
      },
      "ResponseBody": null
    },
    {
      "RequestUri": "https://REDACTED/9d756943117appendblockfromurldestinationacfailf2344040f1fd/9d756943118appendblockfromurldestinationacfailf23940855d0f?comp=appendblock",
      "RequestMethod": "PUT",
      "RequestHeaders": {
        "Accept": "application/xml",
        "Authorization": "Sanitized",
        "Content-Length": "0",
        "Date": "Wed, 25 Oct 2023 20:27:35 GMT",
        "If-None-Match": "0x8DBD598D37C037F",
        "User-Agent": "azsdk-java-azure-storage-blob/12.25.0-beta.2 (17.0.8; Windows 11; 10.0)",
        "x-ms-client-request-id": "05d398fc-2b41-4749-943e-0378f8f8508f",
        "x-ms-copy-source": "https://REDACTED/9d756943117appendblockfromurldestinationacfailf2344040f1fd/9d756943119appendblockfromurldestinationacfailf2329114cd84",
        "x-ms-source-range": "bytes=0-",
        "x-ms-version": "2023-11-03"
      },
      "RequestBody": null,
      "StatusCode": 412,
      "ResponseHeaders": {
        "Content-Length": "253",
        "Content-Type": "application/xml",
        "Date": "Wed, 25 Oct 2023 20:27:35 GMT",
        "Server": [
          "Windows-Azure-Blob/1.0",
          "Microsoft-HTTPAPI/2.0"
        ],
        "x-ms-client-request-id": "05d398fc-2b41-4749-943e-0378f8f8508f",
        "x-ms-error-code": "ConditionNotMet",
        "x-ms-request-id": "7654a98a-f01e-005a-7c81-07f181000000",
        "x-ms-version": "2023-11-03"
      },
      "ResponseBody": [
        "\uFEFF\u003C?xml version=\u00221.0\u0022 encoding=\u0022utf-8\u0022?\u003E\n",
        "\u003CError\u003E\u003CCode\u003EConditionNotMet\u003C/Code\u003E\u003CMessage\u003EThe condition specified using HTTP conditional header(s) is not met.\n",
        "RequestId:7654a98a-f01e-005a-7c81-07f181000000\n",
        "Time:2023-10-25T20:27:36.8197476Z\u003C/Message\u003E\u003C/Error\u003E"
      ]
    }
  ],
  "Variables": {
    "0": "9d756943117appendblockfromurldestinationacfailf2344040f1fd",
    "1": "9d756943118appendblockfromurldestinationacfailf23940855d0f",
    "2": "9d756943119appendblockfromurldestinationacfailf2329114cd84"
  }
}
