{
  "Entries": [
    {
      "RequestUri": "https://REDACTED/64f4d8fd110appendblockfromurlsourceac7d813434995c1cdbe?restype=container",
      "RequestMethod": "PUT",
      "RequestHeaders": {
        "Accept": "application/xml",
        "Authorization": "Sanitized",
        "Content-Length": "0",
        "Date": "Mon, 08 Jan 2024 19:46:23 GMT",
        "User-Agent": "azsdk-java-azure-storage-blob/12.26.0-beta.1 (17.0.8; Windows 11; 10.0)",
        "x-ms-client-request-id": "afa69214-564c-4aa1-9d0d-081e1ec50bc0",
        "x-ms-version": "2024-02-04"
      },
      "RequestBody": null,
      "StatusCode": 201,
      "ResponseHeaders": {
        "Content-Length": "0",
        "Date": "Mon, 08 Jan 2024 19:46:33 GMT",
        "ETag": "\u00220x8DC108285013873\u0022",
        "Last-Modified": "Mon, 08 Jan 2024 19:46:34 GMT",
        "Server": [
          "Windows-Azure-Blob/1.0",
          "Microsoft-HTTPAPI/2.0"
        ],
        "x-ms-client-request-id": "afa69214-564c-4aa1-9d0d-081e1ec50bc0",
        "x-ms-request-id": "1ac37435-a01e-001a-116b-42f6b9000000",
        "x-ms-version": "2024-02-04"
      },
      "ResponseBody": null
    },
    {
      "RequestUri": "https://REDACTED/64f4d8fd110appendblockfromurlsourceac7d813434995c1cdbe?restype=container",
      "RequestMethod": "PUT",
      "RequestHeaders": {
        "Accept": "application/xml",
        "Authorization": "Sanitized",
        "Content-Length": "0",
        "Date": "Mon, 08 Jan 2024 19:46:23 GMT",
        "User-Agent": "azsdk-java-azure-storage-blob/12.26.0-beta.1 (17.0.8; Windows 11; 10.0)",
        "x-ms-client-request-id": "0bdbb33a-28f9-45d8-b3fa-e2cfba8eb0a8",
        "x-ms-version": "2024-02-04"
      },
      "RequestBody": null,
      "StatusCode": 409,
      "ResponseHeaders": {
        "Content-Length": "230",
        "Content-Type": "application/xml",
        "Date": "Mon, 08 Jan 2024 19:46:33 GMT",
        "Server": [
          "Windows-Azure-Blob/1.0",
          "Microsoft-HTTPAPI/2.0"
        ],
        "x-ms-client-request-id": "0bdbb33a-28f9-45d8-b3fa-e2cfba8eb0a8",
        "x-ms-error-code": "ContainerAlreadyExists",
        "x-ms-request-id": "1ac374e2-a01e-001a-2f6b-42f6b9000000",
        "x-ms-version": "2024-02-04"
      },
      "ResponseBody": [
        "\uFEFF\u003C?xml version=\u00221.0\u0022 encoding=\u0022utf-8\u0022?\u003E\u003CError\u003E\u003CCode\u003EContainerAlreadyExists\u003C/Code\u003E\u003CMessage\u003EThe specified container already exists.\n",
        "RequestId:1ac374e2-a01e-001a-2f6b-42f6b9000000\n",
        "Time:2024-01-08T19:46:34.3989868Z\u003C/Message\u003E\u003C/Error\u003E"
      ]
    },
    {
      "RequestUri": "https://REDACTED/64f4d8fd110appendblockfromurlsourceac7d813434995c1cdbe/64f4d8fd111appendblockfromurlsourceac7d837537373500003",
      "RequestMethod": "PUT",
      "RequestHeaders": {
        "Accept": "application/xml",
        "Authorization": "Sanitized",
        "Content-Length": "0",
        "Date": "Mon, 08 Jan 2024 19:46:23 GMT",
        "If-None-Match": "*",
        "User-Agent": "azsdk-java-azure-storage-blob/12.26.0-beta.1 (17.0.8; Windows 11; 10.0)",
        "x-ms-blob-type": "AppendBlob",
        "x-ms-client-request-id": "94cc6128-b842-410e-a814-fb3c90fdfbb7",
        "x-ms-version": "2024-02-04"
      },
      "RequestBody": null,
      "StatusCode": 201,
      "ResponseHeaders": {
        "Content-Length": "0",
        "Date": "Mon, 08 Jan 2024 19:46:33 GMT",
        "ETag": "\u00220x8DC1082851F03AA\u0022",
        "Last-Modified": "Mon, 08 Jan 2024 19:46:34 GMT",
        "Server": [
          "Windows-Azure-Blob/1.0",
          "Microsoft-HTTPAPI/2.0"
        ],
        "x-ms-client-request-id": "94cc6128-b842-410e-a814-fb3c90fdfbb7",
        "x-ms-request-id": "1ac37599-a01e-001a-5b6b-42f6b9000000",
        "x-ms-request-server-encrypted": "true",
        "x-ms-version": "2024-02-04"
      },
      "ResponseBody": null
    },
    {
      "RequestUri": "https://REDACTED/64f4d8fd110appendblockfromurlsourceac7d813434995c1cdbe/64f4d8fd112appendblockfromurlsourceac7d804847cd799a0f0",
      "RequestMethod": "PUT",
      "RequestHeaders": {
        "Accept": "application/xml",
        "Authorization": "Sanitized",
        "Content-Length": "0",
        "Date": "Mon, 08 Jan 2024 19:46:23 GMT",
        "If-None-Match": "*",
        "User-Agent": "azsdk-java-azure-storage-blob/12.26.0-beta.1 (17.0.8; Windows 11; 10.0)",
        "x-ms-blob-type": "AppendBlob",
        "x-ms-client-request-id": "b121d44e-41f5-4757-859e-4259907b671a",
        "x-ms-version": "2024-02-04"
      },
      "RequestBody": null,
      "StatusCode": 201,
      "ResponseHeaders": {
        "Content-Length": "0",
        "Date": "Mon, 08 Jan 2024 19:46:34 GMT",
        "ETag": "\u00220x8DC1082852E91BE\u0022",
        "Last-Modified": "Mon, 08 Jan 2024 19:46:34 GMT",
        "Server": [
          "Windows-Azure-Blob/1.0",
          "Microsoft-HTTPAPI/2.0"
        ],
        "x-ms-client-request-id": "b121d44e-41f5-4757-859e-4259907b671a",
        "x-ms-request-id": "2c666890-d01e-0086-156b-425bdf000000",
        "x-ms-request-server-encrypted": "true",
        "x-ms-version": "2024-02-04"
      },
      "ResponseBody": null
    },
    {
      "RequestUri": "https://REDACTED/64f4d8fd110appendblockfromurlsourceac7d813434995c1cdbe/64f4d8fd112appendblockfromurlsourceac7d804847cd799a0f0?comp=appendblock",
      "RequestMethod": "PUT",
      "RequestHeaders": {
        "Accept": "application/xml",
        "Authorization": "Sanitized",
        "Content-Length": "7",
        "Content-Type": "application/octet-stream",
        "Date": "Mon, 08 Jan 2024 19:46:23 GMT",
        "User-Agent": "azsdk-java-azure-storage-blob/12.26.0-beta.1 (17.0.8; Windows 11; 10.0)",
        "x-ms-client-request-id": "a047a9e7-4abc-4ec7-ad1e-bf28a4a18d6f",
        "x-ms-version": "2024-02-04"
      },
      "RequestBody": "ZGVmYXVsdA==",
      "StatusCode": 201,
      "ResponseHeaders": {
        "Content-Length": "0",
        "Date": "Mon, 08 Jan 2024 19:46:34 GMT",
        "ETag": "\u00220x8DC108285423DE9\u0022",
        "Last-Modified": "Mon, 08 Jan 2024 19:46:34 GMT",
        "Server": [
          "Windows-Azure-Blob/1.0",
          "Microsoft-HTTPAPI/2.0"
        ],
        "x-ms-blob-append-offset": "0",
        "x-ms-blob-committed-block-count": "1",
        "x-ms-client-request-id": "a047a9e7-4abc-4ec7-ad1e-bf28a4a18d6f",
        "x-ms-content-crc64": "6RYQPwaVsyQ=",
        "x-ms-request-id": "e2c98327-b01e-0016-0d6b-4261b1000000",
        "x-ms-request-server-encrypted": "true",
        "x-ms-version": "2024-02-04"
      },
      "ResponseBody": null
    },
    {
      "RequestUri": "https://REDACTED/64f4d8fd110appendblockfromurlsourceac7d813434995c1cdbe/64f4d8fd111appendblockfromurlsourceac7d837537373500003?comp=appendblock",
      "RequestMethod": "PUT",
      "RequestHeaders": {
        "Accept": "application/xml",
        "Authorization": "Sanitized",
        "Content-Length": "0",
        "Date": "Mon, 08 Jan 2024 19:46:23 GMT",
        "User-Agent": "azsdk-java-azure-storage-blob/12.26.0-beta.1 (17.0.8; Windows 11; 10.0)",
        "x-ms-client-request-id": "01e1a96e-543d-473f-ad0c-cd1f7d61c300",
        "x-ms-copy-source": "https://REDACTED/64f4d8fd110appendblockfromurlsourceac7d813434995c1cdbe/64f4d8fd112appendblockfromurlsourceac7d804847cd799a0f0?sv=2024-02-04\u0026se=2024-01-09T19%3A46%3A23Z\u0026sr=b\u0026sp=r\u0026REDACTED",
        "x-ms-source-if-unmodified-since": "Tue, 09 Jan 2024 19:41:42 GMT",
        "x-ms-source-range": "bytes=0-",
        "x-ms-version": "2024-02-04"
      },
      "RequestBody": null,
      "StatusCode": 201,
      "ResponseHeaders": {
        "Content-Length": "0",
        "Date": "Mon, 08 Jan 2024 19:46:34 GMT",
        "ETag": "\u00220x8DC108285591DF5\u0022",
        "Last-Modified": "Mon, 08 Jan 2024 19:46:34 GMT",
        "Server": [
          "Windows-Azure-Blob/1.0",
          "Microsoft-HTTPAPI/2.0"
        ],
        "x-ms-blob-append-offset": "0",
        "x-ms-blob-committed-block-count": "1",
        "x-ms-client-request-id": "01e1a96e-543d-473f-ad0c-cd1f7d61c300",
        "x-ms-content-crc64": "6RYQPwaVsyQ=",
        "x-ms-request-id": "d0a06ed1-501e-0031-0d6b-427675000000",
        "x-ms-request-server-encrypted": "true",
        "x-ms-version": "2024-02-04"
      },
      "ResponseBody": null
    }
  ],
  "Variables": {
    "0": "64f4d8fd110appendblockfromurlsourceac7d813434995c1cdbe",
    "1": "64f4d8fd111appendblockfromurlsourceac7d837537373500003",
    "2": "64f4d8fd112appendblockfromurlsourceac7d804847cd799a0f0",
    "3": "2024-01-08T19:46:23.979468900Z"
  }
}
