{
  "Entries": [
    {
      "RequestUri": "https://REDACTED/d500acbd0appendblockfromurlsourceerrorandstatuscode27ed553170?restype=container",
      "RequestMethod": "PUT",
      "RequestHeaders": {
        "Accept": "application/xml",
        "Authorization": "Sanitized",
        "Content-Length": "0",
        "Date": "Mon, 22 Apr 2024 22:38:50 GMT",
        "User-Agent": "azsdk-java-azure-storage-blob/12.26.0-beta.1 (17.0.8; Windows 11; 10.0)",
        "x-ms-client-request-id": "c3cccb4c-c470-4267-a04f-812d36d3a12b",
        "x-ms-version": "2024-08-04"
      },
      "RequestBody": null,
      "StatusCode": 201,
      "ResponseHeaders": {
        "Content-Length": "0",
        "Date": "Mon, 22 Apr 2024 22:38:50 GMT",
        "ETag": "\u00220x8DC631CFBB2B5EB\u0022",
        "Last-Modified": "Mon, 22 Apr 2024 22:38:51 GMT",
        "x-ms-client-request-id": "c3cccb4c-c470-4267-a04f-812d36d3a12b",
        "x-ms-request-id": "4c1789b1-a01e-0003-4305-951608000000",
        "x-ms-version": "2024-08-04"
      },
      "ResponseBody": null
    },
    {
      "RequestUri": "https://REDACTED/d500acbd0appendblockfromurlsourceerrorandstatuscode27ed553170?restype=container",
      "RequestMethod": "PUT",
      "RequestHeaders": {
        "Accept": "application/xml",
        "Authorization": "Sanitized",
        "Content-Length": "0",
        "Date": "Mon, 22 Apr 2024 22:38:51 GMT",
        "User-Agent": "azsdk-java-azure-storage-blob/12.26.0-beta.1 (17.0.8; Windows 11; 10.0)",
        "x-ms-client-request-id": "0a0bb580-1f35-4168-bbff-21c09dbeda2d",
        "x-ms-version": "2024-08-04"
      },
      "RequestBody": null,
      "StatusCode": 409,
      "ResponseHeaders": {
        "Content-Length": "230",
        "Content-Type": "application/xml",
        "Date": "Mon, 22 Apr 2024 22:38:50 GMT",
        "x-ms-client-request-id": "0a0bb580-1f35-4168-bbff-21c09dbeda2d",
        "x-ms-error-code": "ContainerAlreadyExists",
        "x-ms-request-id": "4c1789b4-a01e-0003-4405-951608000000",
        "x-ms-version": "2024-08-04"
      },
      "ResponseBody": [
        "\uFEFF\u003C?xml version=\u00221.0\u0022 encoding=\u0022utf-8\u0022?\u003E\u003CError\u003E\u003CCode\u003EContainerAlreadyExists\u003C/Code\u003E\u003CMessage\u003EThe specified container already exists.\n",
        "RequestId:4c1789b4-a01e-0003-4405-951608000000\n",
        "Time:2024-04-22T22:38:51.4765346Z\u003C/Message\u003E\u003C/Error\u003E"
      ]
    },
    {
      "RequestUri": "https://REDACTED/d500acbd0appendblockfromurlsourceerrorandstatuscode27ed553170/d500acbd1appendblockfromurlsourceerrorandstatuscode27ed775214",
      "RequestMethod": "PUT",
      "RequestHeaders": {
        "Accept": "application/xml",
        "Authorization": "Sanitized",
        "Content-Length": "0",
        "Date": "Mon, 22 Apr 2024 22:38:51 GMT",
        "If-None-Match": "*",
        "User-Agent": "azsdk-java-azure-storage-blob/12.26.0-beta.1 (17.0.8; Windows 11; 10.0)",
        "x-ms-blob-type": "AppendBlob",
        "x-ms-client-request-id": "6c2cac21-b16a-407d-b448-1fb9c4f5d74f",
        "x-ms-version": "2024-08-04"
      },
      "RequestBody": null,
      "StatusCode": 201,
      "ResponseHeaders": {
        "Content-Length": "0",
        "Date": "Mon, 22 Apr 2024 22:38:51 GMT",
        "ETag": "\u00220x8DC631CFBF6BD26\u0022",
        "Last-Modified": "Mon, 22 Apr 2024 22:38:51 GMT",
        "x-ms-client-request-id": "6c2cac21-b16a-407d-b448-1fb9c4f5d74f",
        "x-ms-request-id": "4c1789b5-a01e-0003-4505-951608000000",
        "x-ms-request-server-encrypted": "true",
        "x-ms-version": "2024-08-04"
      },
      "ResponseBody": null
    },
    {
      "RequestUri": "https://REDACTED/d500acbd0appendblockfromurlsourceerrorandstatuscode27ed553170/d500acbd2appendblockfromurlsourceerrorandstatuscode27ed15051c",
      "RequestMethod": "PUT",
      "RequestHeaders": {
        "Accept": "application/xml",
        "Authorization": "Sanitized",
        "Content-Length": "0",
        "Date": "Mon, 22 Apr 2024 22:38:51 GMT",
        "If-None-Match": "*",
        "User-Agent": "azsdk-java-azure-storage-blob/12.26.0-beta.1 (17.0.8; Windows 11; 10.0)",
        "x-ms-blob-type": "AppendBlob",
        "x-ms-client-request-id": "aea1fe90-df62-4a9a-a718-d8c974dbe423",
        "x-ms-version": "2024-08-04"
      },
      "RequestBody": null,
      "StatusCode": 201,
      "ResponseHeaders": {
        "Content-Length": "0",
        "Date": "Mon, 22 Apr 2024 22:38:51 GMT",
        "ETag": "\u00220x8DC631CFC04C704\u0022",
        "Last-Modified": "Mon, 22 Apr 2024 22:38:51 GMT",
        "x-ms-client-request-id": "aea1fe90-df62-4a9a-a718-d8c974dbe423",
        "x-ms-request-id": "4c1789b6-a01e-0003-4605-951608000000",
        "x-ms-request-server-encrypted": "true",
        "x-ms-version": "2024-08-04"
      },
      "ResponseBody": null
    }
  ],
  "Variables": {
    "0": "d500acbd0appendblockfromurlsourceerrorandstatuscode27ed553170",
    "1": "d500acbd1appendblockfromurlsourceerrorandstatuscode27ed775214",
    "2": "d500acbd2appendblockfromurlsourceerrorandstatuscode27ed15051c"
  }
}
