{
  "Entries": [
    {
      "RequestUri": "https://REDACTED/8347b7fc91appendblockace879752979cf9e684ec64ea0?restype=container",
      "RequestMethod": "PUT",
      "RequestHeaders": {
        "Accept": "application/xml",
        "Authorization": "Sanitized",
        "Content-Length": "0",
        "Date": "Fri, 17 Nov 2023 18:46:04 GMT",
        "User-Agent": "azsdk-java-azure-storage-blob/12.26.0-beta.1 (17.0.8; Windows 11; 10.0)",
        "x-ms-client-request-id": "3071e1a3-89da-49eb-8bad-70e1e687693f",
        "x-ms-version": "2024-02-04"
      },
      "RequestBody": null,
      "StatusCode": 201,
      "ResponseHeaders": {
        "Content-Length": "0",
        "Date": "Fri, 17 Nov 2023 18:46:04 GMT",
        "ETag": "\u00220x8DBE79D73FCD0F9\u0022",
        "Last-Modified": "Fri, 17 Nov 2023 18:46:04 GMT",
        "Server": [
          "Windows-Azure-Blob/1.0",
          "Microsoft-HTTPAPI/2.0"
        ],
        "x-ms-client-request-id": "3071e1a3-89da-49eb-8bad-70e1e687693f",
        "x-ms-request-id": "c3f52878-901e-0097-0986-19c16b000000",
        "x-ms-version": "2024-02-04"
      },
      "ResponseBody": null
    },
    {
      "RequestUri": "https://REDACTED/8347b7fc91appendblockace879752979cf9e684ec64ea0/8347b7fc92appendblockace87329144effe00f05e74f71",
      "RequestMethod": "PUT",
      "RequestHeaders": {
        "Accept": "application/xml",
        "Authorization": "Sanitized",
        "Content-Length": "0",
        "Date": "Fri, 17 Nov 2023 18:46:04 GMT",
        "If-None-Match": "*",
        "User-Agent": "azsdk-java-azure-storage-blob/12.26.0-beta.1 (17.0.8; Windows 11; 10.0)",
        "x-ms-blob-type": "AppendBlob",
        "x-ms-client-request-id": "1528ebf4-e2c6-470f-b373-e6063a961024",
        "x-ms-version": "2024-02-04"
      },
      "RequestBody": null,
      "StatusCode": 201,
      "ResponseHeaders": {
        "Content-Length": "0",
        "Date": "Fri, 17 Nov 2023 18:46:04 GMT",
        "ETag": "\u00220x8DBE79D7414BBA1\u0022",
        "Last-Modified": "Fri, 17 Nov 2023 18:46:04 GMT",
        "Server": [
          "Windows-Azure-Blob/1.0",
          "Microsoft-HTTPAPI/2.0"
        ],
        "x-ms-client-request-id": "1528ebf4-e2c6-470f-b373-e6063a961024",
        "x-ms-request-id": "c3f52986-901e-0097-0386-19c16b000000",
        "x-ms-request-server-encrypted": "true",
        "x-ms-version": "2024-02-04"
      },
      "ResponseBody": null
    },
    {
      "RequestUri": "https://REDACTED/8347b7fc91appendblockace879752979cf9e684ec64ea0/8347b7fc92appendblockace87329144effe00f05e74f71?comp=tags",
      "RequestMethod": "PUT",
      "RequestHeaders": {
        "Accept": "application/xml",
        "Authorization": "Sanitized",
        "Content-Length": "111",
        "Content-Type": "application/xml",
        "Date": "Fri, 17 Nov 2023 18:46:04 GMT",
        "User-Agent": "azsdk-java-azure-storage-blob/12.26.0-beta.1 (17.0.8; Windows 11; 10.0)",
        "x-ms-client-request-id": "da555a71-9963-4b3f-af66-134f90188656",
        "x-ms-version": "2024-02-04"
      },
      "RequestBody": "\u003C?xml version=\u00271.0\u0027 encoding=\u0027UTF-8\u0027?\u003E\u003CTags\u003E\u003CTagSet\u003E\u003CTag\u003E\u003CKey\u003Efoo\u003C/Key\u003E\u003CValue\u003Ebar\u003C/Value\u003E\u003C/Tag\u003E\u003C/TagSet\u003E\u003C/Tags\u003E",
      "StatusCode": 204,
      "ResponseHeaders": {
        "Date": "Fri, 17 Nov 2023 18:46:04 GMT",
        "Server": [
          "Windows-Azure-Blob/1.0",
          "Microsoft-HTTPAPI/2.0"
        ],
        "x-ms-client-request-id": "da555a71-9963-4b3f-af66-134f90188656",
        "x-ms-request-id": "c3f52a63-901e-0097-5186-19c16b000000",
        "x-ms-version": "2024-02-04"
      },
      "ResponseBody": null
    },
    {
      "RequestUri": "https://REDACTED/8347b7fc91appendblockace879752979cf9e684ec64ea0/8347b7fc92appendblockace87329144effe00f05e74f71?comp=appendblock",
      "RequestMethod": "PUT",
      "RequestHeaders": {
        "Accept": "application/xml",
        "Authorization": "Sanitized",
        "Content-Length": "7",
        "Content-Type": "application/octet-stream",
        "Date": "Fri, 17 Nov 2023 18:46:04 GMT",
        "User-Agent": "azsdk-java-azure-storage-blob/12.26.0-beta.1 (17.0.8; Windows 11; 10.0)",
        "x-ms-blob-condition-maxsize": "100",
        "x-ms-client-request-id": "421496b0-768a-4389-ac62-b504d62ca1b9",
        "x-ms-version": "2024-02-04"
      },
      "RequestBody": "ZGVmYXVsdA==",
      "StatusCode": 201,
      "ResponseHeaders": {
        "Content-Length": "0",
        "Date": "Fri, 17 Nov 2023 18:46:04 GMT",
        "ETag": "\u00220x8DBE79D7437A7D2\u0022",
        "Last-Modified": "Fri, 17 Nov 2023 18:46:04 GMT",
        "Server": [
          "Windows-Azure-Blob/1.0",
          "Microsoft-HTTPAPI/2.0"
        ],
        "x-ms-blob-append-offset": "0",
        "x-ms-blob-committed-block-count": "1",
        "x-ms-client-request-id": "421496b0-768a-4389-ac62-b504d62ca1b9",
        "x-ms-content-crc64": "6RYQPwaVsyQ=",
        "x-ms-request-id": "c3f52b3f-901e-0097-1486-19c16b000000",
        "x-ms-request-server-encrypted": "true",
        "x-ms-version": "2024-02-04"
      },
      "ResponseBody": null
    }
  ],
  "Variables": {
    "0": "8347b7fc91appendblockace879752979cf9e684ec64ea0",
    "1": "8347b7fc92appendblockace87329144effe00f05e74f71"
  }
}
