{
  "Entries": [
    {
      "RequestUri": "https://REDACTED/5d9720ff173createac5c6967545678d9b2e17c41a0b0?restype=container",
      "RequestMethod": "PUT",
      "RequestHeaders": {
        "Accept": "application/xml",
        "Authorization": "Sanitized",
        "Content-Length": "0",
        "Date": "Mon, 11 Dec 2023 23:30:10 GMT",
        "User-Agent": "azsdk-java-azure-storage-blob/12.26.0-beta.1 (17.0.8; Windows 11; 10.0)",
        "x-ms-client-request-id": "1ee434dd-4c29-4043-8d0b-1281717483e3",
        "x-ms-version": "2024-02-04"
      },
      "RequestBody": null,
      "StatusCode": 201,
      "ResponseHeaders": {
        "Content-Length": "0",
        "Date": "Mon, 11 Dec 2023 23:30:14 GMT",
        "ETag": "\u00220x8DBFAA120386CA6\u0022",
        "Last-Modified": "Mon, 11 Dec 2023 23:30:14 GMT",
        "Server": [
          "Windows-Azure-Blob/1.0",
          "Microsoft-HTTPAPI/2.0"
        ],
        "x-ms-client-request-id": "1ee434dd-4c29-4043-8d0b-1281717483e3",
        "x-ms-request-id": "e5081a26-201e-0076-7c89-2c1d2e000000",
        "x-ms-version": "2024-02-04"
      },
      "ResponseBody": null
    },
    {
      "RequestUri": "https://REDACTED/5d9720ff173createac5c6967545678d9b2e17c41a0b0?restype=container",
      "RequestMethod": "PUT",
      "RequestHeaders": {
        "Accept": "application/xml",
        "Authorization": "Sanitized",
        "Content-Length": "0",
        "Date": "Mon, 11 Dec 2023 23:30:10 GMT",
        "User-Agent": "azsdk-java-azure-storage-blob/12.26.0-beta.1 (17.0.8; Windows 11; 10.0)",
        "x-ms-client-request-id": "40188383-b13a-43c3-9a5b-5db45b86a131",
        "x-ms-version": "2024-02-04"
      },
      "RequestBody": null,
      "StatusCode": 409,
      "ResponseHeaders": {
        "Content-Length": "230",
        "Content-Type": "application/xml",
        "Date": "Mon, 11 Dec 2023 23:30:14 GMT",
        "Server": [
          "Windows-Azure-Blob/1.0",
          "Microsoft-HTTPAPI/2.0"
        ],
        "x-ms-client-request-id": "40188383-b13a-43c3-9a5b-5db45b86a131",
        "x-ms-error-code": "ContainerAlreadyExists",
        "x-ms-request-id": "d5746416-501e-0088-7089-2c726f000000",
        "x-ms-version": "2024-02-04"
      },
      "ResponseBody": [
        "\uFEFF\u003C?xml version=\u00221.0\u0022 encoding=\u0022utf-8\u0022?\u003E\u003CError\u003E\u003CCode\u003EContainerAlreadyExists\u003C/Code\u003E\u003CMessage\u003EThe specified container already exists.\n",
        "RequestId:d5746416-501e-0088-7089-2c726f000000\n",
        "Time:2023-12-11T23:30:14.9625546Z\u003C/Message\u003E\u003C/Error\u003E"
      ]
    },
    {
      "RequestUri": "https://REDACTED/5d9720ff173createac5c6967545678d9b2e17c41a0b0/5d9720ff174createac5c66367923d559613df04540b7",
      "RequestMethod": "PUT",
      "RequestHeaders": {
        "Accept": "application/xml",
        "Authorization": "Sanitized",
        "Content-Length": "0",
        "Date": "Mon, 11 Dec 2023 23:30:11 GMT",
        "If-None-Match": "*",
        "User-Agent": "azsdk-java-azure-storage-blob/12.26.0-beta.1 (17.0.8; Windows 11; 10.0)",
        "x-ms-blob-type": "AppendBlob",
        "x-ms-client-request-id": "b8a64663-c957-4aee-8bf0-84d2d59eee8c",
        "x-ms-version": "2024-02-04"
      },
      "RequestBody": null,
      "StatusCode": 201,
      "ResponseHeaders": {
        "Content-Length": "0",
        "Date": "Mon, 11 Dec 2023 23:30:14 GMT",
        "ETag": "\u00220x8DBFAA120D7D2B0\u0022",
        "Last-Modified": "Mon, 11 Dec 2023 23:30:15 GMT",
        "Server": [
          "Windows-Azure-Blob/1.0",
          "Microsoft-HTTPAPI/2.0"
        ],
        "x-ms-client-request-id": "b8a64663-c957-4aee-8bf0-84d2d59eee8c",
        "x-ms-request-id": "d57465b7-501e-0088-5089-2c726f000000",
        "x-ms-request-server-encrypted": "true",
        "x-ms-version": "2024-02-04"
      },
      "ResponseBody": null
    },
    {
      "RequestUri": "https://REDACTED/5d9720ff173createac5c6967545678d9b2e17c41a0b0/5d9720ff174createac5c66367923d559613df04540b7?comp=tags",
      "RequestMethod": "PUT",
      "RequestHeaders": {
        "Accept": "application/xml",
        "Authorization": "Sanitized",
        "Content-Length": "111",
        "Content-Type": "application/xml",
        "Date": "Mon, 11 Dec 2023 23:30:11 GMT",
        "User-Agent": "azsdk-java-azure-storage-blob/12.26.0-beta.1 (17.0.8; Windows 11; 10.0)",
        "x-ms-client-request-id": "a9801673-67ee-4241-80e4-558ff614aac0",
        "x-ms-version": "2024-02-04"
      },
      "RequestBody": "\u003C?xml version=\u00271.0\u0027 encoding=\u0027UTF-8\u0027?\u003E\u003CTags\u003E\u003CTagSet\u003E\u003CTag\u003E\u003CKey\u003Efoo\u003C/Key\u003E\u003CValue\u003Ebar\u003C/Value\u003E\u003C/Tag\u003E\u003C/TagSet\u003E\u003C/Tags\u003E",
      "StatusCode": 204,
      "ResponseHeaders": {
        "Date": "Mon, 11 Dec 2023 23:30:14 GMT",
        "Server": [
          "Windows-Azure-Blob/1.0",
          "Microsoft-HTTPAPI/2.0"
        ],
        "x-ms-client-request-id": "a9801673-67ee-4241-80e4-558ff614aac0",
        "x-ms-request-id": "d57466bc-501e-0088-4889-2c726f000000",
        "x-ms-version": "2024-02-04"
      },
      "ResponseBody": null
    },
    {
      "RequestUri": "https://REDACTED/5d9720ff173createac5c6967545678d9b2e17c41a0b0/5d9720ff174createac5c66367923d559613df04540b7?comp=lease",
      "RequestMethod": "PUT",
      "RequestHeaders": {
        "Accept": "application/xml",
        "Authorization": "Sanitized",
        "Content-Length": "0",
        "Date": "Mon, 11 Dec 2023 23:30:11 GMT",
        "User-Agent": "azsdk-java-azure-storage-blob/12.26.0-beta.1 (17.0.8; Windows 11; 10.0)",
        "x-ms-client-request-id": "debd46ea-08c9-437b-8545-10bcc9482db4",
        "x-ms-lease-action": "acquire",
        "x-ms-lease-duration": "-1",
        "x-ms-proposed-lease-id": "3524ad31-2420-4bf7-9e4d-f81768cf620e",
        "x-ms-version": "2024-02-04"
      },
      "RequestBody": null,
      "StatusCode": 201,
      "ResponseHeaders": {
        "Content-Length": "0",
        "Date": "Mon, 11 Dec 2023 23:30:14 GMT",
        "ETag": "\u00220x8DBFAA120D7D2B0\u0022",
        "Last-Modified": "Mon, 11 Dec 2023 23:30:15 GMT",
        "Server": [
          "Windows-Azure-Blob/1.0",
          "Microsoft-HTTPAPI/2.0"
        ],
        "x-ms-client-request-id": "debd46ea-08c9-437b-8545-10bcc9482db4",
        "x-ms-lease-id": "3524ad31-2420-4bf7-9e4d-f81768cf620e",
        "x-ms-request-id": "d574677d-501e-0088-7e89-2c726f000000",
        "x-ms-version": "2024-02-04"
      },
      "ResponseBody": null
    },
    {
      "RequestUri": "https://REDACTED/5d9720ff173createac5c6967545678d9b2e17c41a0b0/5d9720ff174createac5c66367923d559613df04540b7",
      "RequestMethod": "PUT",
      "RequestHeaders": {
        "Accept": "application/xml",
        "Authorization": "Sanitized",
        "Content-Length": "0",
        "Date": "Mon, 11 Dec 2023 23:30:11 GMT",
        "User-Agent": "azsdk-java-azure-storage-blob/12.26.0-beta.1 (17.0.8; Windows 11; 10.0)",
        "x-ms-blob-type": "AppendBlob",
        "x-ms-client-request-id": "a6290035-9fd5-4e29-bccc-9daa744854eb",
        "x-ms-lease-id": "3524ad31-2420-4bf7-9e4d-f81768cf620e",
        "x-ms-version": "2024-02-04"
      },
      "RequestBody": null,
      "StatusCode": 201,
      "ResponseHeaders": {
        "Content-Length": "0",
        "Date": "Mon, 11 Dec 2023 23:30:15 GMT",
        "ETag": "\u00220x8DBFAA1217BC327\u0022",
        "Last-Modified": "Mon, 11 Dec 2023 23:30:16 GMT",
        "Server": [
          "Windows-Azure-Blob/1.0",
          "Microsoft-HTTPAPI/2.0"
        ],
        "x-ms-client-request-id": "a6290035-9fd5-4e29-bccc-9daa744854eb",
        "x-ms-request-id": "d5746815-501e-0088-1289-2c726f000000",
        "x-ms-request-server-encrypted": "true",
        "x-ms-version": "2024-02-04"
      },
      "ResponseBody": null
    }
  ],
  "Variables": {
    "0": "5d9720ff173createac5c6967545678d9b2e17c41a0b0",
    "1": "5d9720ff174createac5c66367923d559613df04540b7"
  }
}
