{
  "Entries": [
    {
      "RequestUri": "https://REDACTED/92c1062458createifnotexiststagsd5c657970e3f8091483f?restype=container",
      "RequestMethod": "PUT",
      "RequestHeaders": {
        "Accept": "application/xml",
        "Authorization": "Sanitized",
        "Content-Length": "0",
        "Date": "Thu, 05 Oct 2023 19:35:49 GMT",
        "User-Agent": "azsdk-java-azure-storage-blob/12.25.0-beta.1 (11.0.16.1; Windows 11; 10.0)",
        "x-ms-client-request-id": "6c77b97d-7020-43a9-beed-844d6adeeee6",
        "x-ms-version": "2023-08-03"
      },
      "RequestBody": null,
      "StatusCode": 201,
      "ResponseHeaders": {
        "Content-Length": "0",
        "Date": "Thu, 05 Oct 2023 19:35:49 GMT",
        "ETag": "\u00220x8DBC5DA4788D464\u0022",
        "Last-Modified": "Thu, 05 Oct 2023 19:35:49 GMT",
        "Server": [
          "Windows-Azure-Blob/1.0",
          "Microsoft-HTTPAPI/2.0"
        ],
        "x-ms-client-request-id": "6c77b97d-7020-43a9-beed-844d6adeeee6",
        "x-ms-request-id": "4f0adbf8-c01e-0088-53c3-f7748b000000",
        "x-ms-version": "2023-08-03"
      },
      "ResponseBody": null
    },
    {
      "RequestUri": "https://REDACTED/92c1062458createifnotexiststagsd5c657970e3f8091483f/92c1062459createifnotexiststagsd5c62925bef083ed3076",
      "RequestMethod": "PUT",
      "RequestHeaders": {
        "Accept": "application/xml",
        "Authorization": "Sanitized",
        "Content-Length": "0",
        "Date": "Thu, 05 Oct 2023 19:35:49 GMT",
        "If-None-Match": "*",
        "User-Agent": "azsdk-java-azure-storage-blob/12.25.0-beta.1 (11.0.16.1; Windows 11; 10.0)",
        "x-ms-blob-type": "AppendBlob",
        "x-ms-client-request-id": "7ad85a99-8c78-46ea-987d-c6bb6c7d2c6d",
        "x-ms-version": "2023-08-03"
      },
      "RequestBody": null,
      "StatusCode": 201,
      "ResponseHeaders": {
        "Content-Length": "0",
        "Date": "Thu, 05 Oct 2023 19:35:49 GMT",
        "ETag": "\u00220x8DBC5DA479AA416\u0022",
        "Last-Modified": "Thu, 05 Oct 2023 19:35:49 GMT",
        "Server": [
          "Windows-Azure-Blob/1.0",
          "Microsoft-HTTPAPI/2.0"
        ],
        "x-ms-client-request-id": "7ad85a99-8c78-46ea-987d-c6bb6c7d2c6d",
        "x-ms-request-id": "4f0adc67-c01e-0088-33c3-f7748b000000",
        "x-ms-request-server-encrypted": "true",
        "x-ms-version": "2023-08-03",
        "x-ms-version-id": "2023-10-05T19:35:49.7916438Z"
      },
      "ResponseBody": null
    },
    {
      "RequestUri": "https://REDACTED/92c1062458createifnotexiststagsd5c657970e3f8091483f/92c1062459createifnotexiststagsd5c62925bef083ed3076",
      "RequestMethod": "DELETE",
      "RequestHeaders": {
        "Accept": "application/xml",
        "Authorization": "Sanitized",
        "Content-Length": "0",
        "Date": "Thu, 05 Oct 2023 19:35:49 GMT",
        "User-Agent": "azsdk-java-azure-storage-blob/12.25.0-beta.1 (11.0.16.1; Windows 11; 10.0)",
        "x-ms-client-request-id": "c3d31471-8409-453d-91b5-fa9849df2680",
        "x-ms-version": "2023-08-03"
      },
      "RequestBody": null,
      "StatusCode": 202,
      "ResponseHeaders": {
        "Content-Length": "0",
        "Date": "Thu, 05 Oct 2023 19:35:49 GMT",
        "Server": [
          "Windows-Azure-Blob/1.0",
          "Microsoft-HTTPAPI/2.0"
        ],
        "x-ms-client-request-id": "c3d31471-8409-453d-91b5-fa9849df2680",
        "x-ms-delete-type-permanent": "false",
        "x-ms-request-id": "4f0adcb4-c01e-0088-79c3-f7748b000000",
        "x-ms-version": "2023-08-03"
      },
      "ResponseBody": null
    },
    {
      "RequestUri": "https://REDACTED/92c1062458createifnotexiststagsd5c657970e3f8091483f/92c1062459createifnotexiststagsd5c62925bef083ed3076",
      "RequestMethod": "PUT",
      "RequestHeaders": {
        "Accept": "application/xml",
        "Authorization": "Sanitized",
        "Content-Length": "0",
        "Date": "Thu, 05 Oct 2023 19:35:49 GMT",
        "If-None-Match": "*",
        "User-Agent": "azsdk-java-azure-storage-blob/12.25.0-beta.1 (11.0.16.1; Windows 11; 10.0)",
        "x-ms-blob-type": "AppendBlob",
        "x-ms-client-request-id": "4dcfa8ba-29f7-4006-a437-9ecb0a839415",
        "x-ms-version": "2023-08-03"
      },
      "RequestBody": null,
      "StatusCode": 201,
      "ResponseHeaders": {
        "Content-Length": "0",
        "Date": "Thu, 05 Oct 2023 19:35:49 GMT",
        "ETag": "\u00220x8DBC5DA47B839D4\u0022",
        "Last-Modified": "Thu, 05 Oct 2023 19:35:49 GMT",
        "Server": [
          "Windows-Azure-Blob/1.0",
          "Microsoft-HTTPAPI/2.0"
        ],
        "x-ms-client-request-id": "4dcfa8ba-29f7-4006-a437-9ecb0a839415",
        "x-ms-request-id": "4f0adcff-c01e-0088-3dc3-f7748b000000",
        "x-ms-request-server-encrypted": "true",
        "x-ms-version": "2023-08-03",
        "x-ms-version-id": "2023-10-05T19:35:49.9855316Z"
      },
      "ResponseBody": null
    },
    {
      "RequestUri": "https://REDACTED/92c1062458createifnotexiststagsd5c657970e3f8091483f/92c1062459createifnotexiststagsd5c62925bef083ed3076?comp=tags",
      "RequestMethod": "GET",
      "RequestHeaders": {
        "Accept": "application/xml",
        "Authorization": "Sanitized",
        "Content-Length": "0",
        "Date": "Thu, 05 Oct 2023 19:35:49 GMT",
        "User-Agent": "azsdk-java-azure-storage-blob/12.25.0-beta.1 (11.0.16.1; Windows 11; 10.0)",
        "x-ms-client-request-id": "bd7714ce-ecc0-4a2b-9a58-a8b8884dc422",
        "x-ms-version": "2023-08-03"
      },
      "RequestBody": null,
      "StatusCode": 200,
      "ResponseHeaders": {
        "Access-Control-Allow-Origin": "*",
        "Access-Control-Expose-Headers": "x-ms-client-request-id",
        "Content-Length": "64",
        "Content-Type": "application/xml",
        "Date": "Thu, 05 Oct 2023 19:35:49 GMT",
        "Server": [
          "Windows-Azure-Blob/1.0",
          "Microsoft-HTTPAPI/2.0"
        ],
        "x-ms-client-request-id": "bd7714ce-ecc0-4a2b-9a58-a8b8884dc422",
        "x-ms-request-id": "4f0add3e-c01e-0088-79c3-f7748b000000",
        "x-ms-version": "2023-08-03"
      },
      "ResponseBody": [
        "\uFEFF\u003C?xml version=\u00221.0\u0022 encoding=\u0022utf-8\u0022?\u003E\n",
        "\u003CTags\u003E\u003CTagSet/\u003E\u003C/Tags\u003E"
      ]
    }
  ],
  "Variables": {
    "0": "92c1062458createifnotexiststagsd5c657970e3f8091483f",
    "1": "92c1062459createifnotexiststagsd5c62925bef083ed3076"
  }
}
