{
  "Entries": [
    {
      "RequestUri": "https://REDACTED/ce32c52d145sealacfailb20375221aaaefdff3c14c6aa?restype=container",
      "RequestMethod": "PUT",
      "RequestHeaders": {
        "Accept": "application/xml",
        "Authorization": "Sanitized",
        "Content-Length": "0",
        "Date": "Mon, 11 Dec 2023 23:30:01 GMT",
        "User-Agent": "azsdk-java-azure-storage-blob/12.26.0-beta.1 (17.0.8; Windows 11; 10.0)",
        "x-ms-client-request-id": "d8c29238-2e56-46da-99be-a68ac189b2cb",
        "x-ms-version": "2024-02-04"
      },
      "RequestBody": null,
      "StatusCode": 201,
      "ResponseHeaders": {
        "Content-Length": "0",
        "Date": "Mon, 11 Dec 2023 23:30:04 GMT",
        "ETag": "\u00220x8DBFAA11B2744A2\u0022",
        "Last-Modified": "Mon, 11 Dec 2023 23:30:05 GMT",
        "Server": [
          "Windows-Azure-Blob/1.0",
          "Microsoft-HTTPAPI/2.0"
        ],
        "x-ms-client-request-id": "d8c29238-2e56-46da-99be-a68ac189b2cb",
        "x-ms-request-id": "bdd2f657-701e-0036-1689-2c1a16000000",
        "x-ms-version": "2024-02-04"
      },
      "ResponseBody": null
    },
    {
      "RequestUri": "https://REDACTED/ce32c52d145sealacfailb20375221aaaefdff3c14c6aa?restype=container",
      "RequestMethod": "PUT",
      "RequestHeaders": {
        "Accept": "application/xml",
        "Authorization": "Sanitized",
        "Content-Length": "0",
        "Date": "Mon, 11 Dec 2023 23:30:01 GMT",
        "User-Agent": "azsdk-java-azure-storage-blob/12.26.0-beta.1 (17.0.8; Windows 11; 10.0)",
        "x-ms-client-request-id": "3b52034c-6b04-46d2-840d-8d08b74afebe",
        "x-ms-version": "2024-02-04"
      },
      "RequestBody": null,
      "StatusCode": 409,
      "ResponseHeaders": {
        "Content-Length": "230",
        "Content-Type": "application/xml",
        "Date": "Mon, 11 Dec 2023 23:30:05 GMT",
        "Server": [
          "Windows-Azure-Blob/1.0",
          "Microsoft-HTTPAPI/2.0"
        ],
        "x-ms-client-request-id": "3b52034c-6b04-46d2-840d-8d08b74afebe",
        "x-ms-error-code": "ContainerAlreadyExists",
        "x-ms-request-id": "640164ce-001e-0013-3989-2cb36a000000",
        "x-ms-version": "2024-02-04"
      },
      "ResponseBody": [
        "\uFEFF\u003C?xml version=\u00221.0\u0022 encoding=\u0022utf-8\u0022?\u003E\u003CError\u003E\u003CCode\u003EContainerAlreadyExists\u003C/Code\u003E\u003CMessage\u003EThe specified container already exists.\n",
        "RequestId:640164ce-001e-0013-3989-2cb36a000000\n",
        "Time:2023-12-11T23:30:05.6252079Z\u003C/Message\u003E\u003C/Error\u003E"
      ]
    },
    {
      "RequestUri": "https://REDACTED/ce32c52d145sealacfailb20375221aaaefdff3c14c6aa/ce32c52d146sealacfailb20429126754dcf74803434db",
      "RequestMethod": "PUT",
      "RequestHeaders": {
        "Accept": "application/xml",
        "Authorization": "Sanitized",
        "Content-Length": "0",
        "Date": "Mon, 11 Dec 2023 23:30:01 GMT",
        "If-None-Match": "*",
        "User-Agent": "azsdk-java-azure-storage-blob/12.26.0-beta.1 (17.0.8; Windows 11; 10.0)",
        "x-ms-blob-type": "AppendBlob",
        "x-ms-client-request-id": "2e4d7823-5c4e-4ede-a77e-641ca31ede6f",
        "x-ms-version": "2024-02-04"
      },
      "RequestBody": null,
      "StatusCode": 201,
      "ResponseHeaders": {
        "Content-Length": "0",
        "Date": "Mon, 11 Dec 2023 23:30:05 GMT",
        "ETag": "\u00220x8DBFAA11B4356C7\u0022",
        "Last-Modified": "Mon, 11 Dec 2023 23:30:05 GMT",
        "Server": [
          "Windows-Azure-Blob/1.0",
          "Microsoft-HTTPAPI/2.0"
        ],
        "x-ms-client-request-id": "2e4d7823-5c4e-4ede-a77e-641ca31ede6f",
        "x-ms-request-id": "af3dda39-c01e-0023-5189-2c0da5000000",
        "x-ms-request-server-encrypted": "true",
        "x-ms-version": "2024-02-04"
      },
      "ResponseBody": null
    },
    {
      "RequestUri": "https://REDACTED/ce32c52d145sealacfailb20375221aaaefdff3c14c6aa/ce32c52d146sealacfailb20429126754dcf74803434db?comp=seal",
      "RequestMethod": "PUT",
      "RequestHeaders": {
        "Accept": "application/xml",
        "Authorization": "Sanitized",
        "Content-Length": "0",
        "Date": "Mon, 11 Dec 2023 23:30:01 GMT",
        "If-Match": "garbage",
        "User-Agent": "azsdk-java-azure-storage-blob/12.26.0-beta.1 (17.0.8; Windows 11; 10.0)",
        "x-ms-client-request-id": "a105282b-e6d6-47ba-a2ac-2dd6aad1a0ca",
        "x-ms-version": "2024-02-04"
      },
      "RequestBody": null,
      "StatusCode": 412,
      "ResponseHeaders": {
        "Content-Length": "253",
        "Content-Type": "application/xml",
        "Date": "Mon, 11 Dec 2023 23:30:05 GMT",
        "Server": [
          "Windows-Azure-Blob/1.0",
          "Microsoft-HTTPAPI/2.0"
        ],
        "x-ms-client-request-id": "a105282b-e6d6-47ba-a2ac-2dd6aad1a0ca",
        "x-ms-error-code": "ConditionNotMet",
        "x-ms-request-id": "70c29c12-801e-007f-2189-2c58fd000000",
        "x-ms-version": "2024-02-04"
      },
      "ResponseBody": [
        "\uFEFF\u003C?xml version=\u00221.0\u0022 encoding=\u0022utf-8\u0022?\u003E\n",
        "\u003CError\u003E\u003CCode\u003EConditionNotMet\u003C/Code\u003E\u003CMessage\u003EThe condition specified using HTTP conditional header(s) is not met.\n",
        "RequestId:70c29c12-801e-007f-2189-2c58fd000000\n",
        "Time:2023-12-11T23:30:05.8052806Z\u003C/Message\u003E\u003C/Error\u003E"
      ]
    }
  ],
  "Variables": {
    "0": "ce32c52d145sealacfailb20375221aaaefdff3c14c6aa",
    "1": "ce32c52d146sealacfailb20429126754dcf74803434db"
  }
}
