{
  "Entries": [
    {
      "RequestUri": "https://REDACTED/a11636d8193createifnotexistsonablobthatalreadyexists683068233?restype=container",
      "RequestMethod": "PUT",
      "RequestHeaders": {
        "Accept": "application/xml",
        "Authorization": "Sanitized",
        "Content-Length": "0",
        "Date": "Thu, 05 Oct 2023 19:36:34 GMT",
        "User-Agent": "azsdk-java-azure-storage-blob/12.25.0-beta.1 (11.0.16.1; Windows 11; 10.0)",
        "x-ms-client-request-id": "040d4219-98c3-43dc-85de-b86aeb403f25",
        "x-ms-version": "2023-08-03"
      },
      "RequestBody": null,
      "StatusCode": 201,
      "ResponseHeaders": {
        "Content-Length": "0",
        "Date": "Thu, 05 Oct 2023 19:36:34 GMT",
        "ETag": "\u00220x8DBC5DA629306FD\u0022",
        "Last-Modified": "Thu, 05 Oct 2023 19:36:35 GMT",
        "Server": [
          "Windows-Azure-Blob/1.0",
          "Microsoft-HTTPAPI/2.0"
        ],
        "x-ms-client-request-id": "040d4219-98c3-43dc-85de-b86aeb403f25",
        "x-ms-request-id": "d9566311-901e-005e-07c3-f77a62000000",
        "x-ms-version": "2023-08-03"
      },
      "ResponseBody": null
    },
    {
      "RequestUri": "https://REDACTED/a11636d8193createifnotexistsonablobthatalreadyexists683068233/a11636d8194createifnotexistsonablobthatalreadyexists68350619c",
      "RequestMethod": "PUT",
      "RequestHeaders": {
        "Accept": "application/xml",
        "Authorization": "Sanitized",
        "Content-Length": "0",
        "Date": "Thu, 05 Oct 2023 19:36:34 GMT",
        "If-None-Match": "*",
        "User-Agent": "azsdk-java-azure-storage-blob/12.25.0-beta.1 (11.0.16.1; Windows 11; 10.0)",
        "x-ms-blob-type": "AppendBlob",
        "x-ms-client-request-id": "c7c54df7-901b-4753-a5d2-1e23106f8284",
        "x-ms-version": "2023-08-03"
      },
      "RequestBody": null,
      "StatusCode": 201,
      "ResponseHeaders": {
        "Content-Length": "0",
        "Date": "Thu, 05 Oct 2023 19:36:35 GMT",
        "ETag": "\u00220x8DBC5DA62A25408\u0022",
        "Last-Modified": "Thu, 05 Oct 2023 19:36:35 GMT",
        "Server": [
          "Windows-Azure-Blob/1.0",
          "Microsoft-HTTPAPI/2.0"
        ],
        "x-ms-client-request-id": "c7c54df7-901b-4753-a5d2-1e23106f8284",
        "x-ms-request-id": "d9566393-901e-005e-77c3-f77a62000000",
        "x-ms-request-server-encrypted": "true",
        "x-ms-version": "2023-08-03",
        "x-ms-version-id": "2023-10-05T19:36:35.1405064Z"
      },
      "ResponseBody": null
    },
    {
      "RequestUri": "https://REDACTED/a11636d8193createifnotexistsonablobthatalreadyexists683068233/a11636d8195createifnotexistsonablobthatalreadyexists68383629b",
      "RequestMethod": "PUT",
      "RequestHeaders": {
        "Accept": "application/xml",
        "Authorization": "Sanitized",
        "Content-Length": "0",
        "Date": "Thu, 05 Oct 2023 19:36:34 GMT",
        "If-None-Match": "*",
        "User-Agent": "azsdk-java-azure-storage-blob/12.25.0-beta.1 (11.0.16.1; Windows 11; 10.0)",
        "x-ms-blob-type": "AppendBlob",
        "x-ms-client-request-id": "19fc8a95-23cd-463c-a837-7258dfe614ef",
        "x-ms-version": "2023-08-03"
      },
      "RequestBody": null,
      "StatusCode": 201,
      "ResponseHeaders": {
        "Content-Length": "0",
        "Date": "Thu, 05 Oct 2023 19:36:35 GMT",
        "ETag": "\u00220x8DBC5DA62B1E222\u0022",
        "Last-Modified": "Thu, 05 Oct 2023 19:36:35 GMT",
        "Server": [
          "Windows-Azure-Blob/1.0",
          "Microsoft-HTTPAPI/2.0"
        ],
        "x-ms-client-request-id": "19fc8a95-23cd-463c-a837-7258dfe614ef",
        "x-ms-request-id": "d95663f7-901e-005e-41c3-f77a62000000",
        "x-ms-request-server-encrypted": "true",
        "x-ms-version": "2023-08-03",
        "x-ms-version-id": "2023-10-05T19:36:35.2424482Z"
      },
      "ResponseBody": null
    },
    {
      "RequestUri": "https://REDACTED/a11636d8193createifnotexistsonablobthatalreadyexists683068233/a11636d8195createifnotexistsonablobthatalreadyexists68383629b",
      "RequestMethod": "PUT",
      "RequestHeaders": {
        "Accept": "application/xml",
        "Authorization": "Sanitized",
        "Content-Length": "0",
        "Date": "Thu, 05 Oct 2023 19:36:35 GMT",
        "If-None-Match": "*",
        "User-Agent": "azsdk-java-azure-storage-blob/12.25.0-beta.1 (11.0.16.1; Windows 11; 10.0)",
        "x-ms-blob-type": "AppendBlob",
        "x-ms-client-request-id": "8f3e1681-74d4-450c-9d2e-7831bdce0a9a",
        "x-ms-version": "2023-08-03"
      },
      "RequestBody": null,
      "StatusCode": 409,
      "ResponseHeaders": {
        "Content-Length": "220",
        "Content-Type": "application/xml",
        "Date": "Thu, 05 Oct 2023 19:36:35 GMT",
        "Server": [
          "Windows-Azure-Blob/1.0",
          "Microsoft-HTTPAPI/2.0"
        ],
        "x-ms-client-request-id": "8f3e1681-74d4-450c-9d2e-7831bdce0a9a",
        "x-ms-error-code": "BlobAlreadyExists",
        "x-ms-request-id": "d956645a-901e-005e-17c3-f77a62000000",
        "x-ms-version": "2023-08-03"
      },
      "ResponseBody": [
        "\uFEFF\u003C?xml version=\u00221.0\u0022 encoding=\u0022utf-8\u0022?\u003E\u003CError\u003E\u003CCode\u003EBlobAlreadyExists\u003C/Code\u003E\u003CMessage\u003EThe specified blob already exists.\n",
        "RequestId:d956645a-901e-005e-17c3-f77a62000000\n",
        "Time:2023-10-05T19:36:35.3420566Z\u003C/Message\u003E\u003C/Error\u003E"
      ]
    }
  ],
  "Variables": {
    "0": "a11636d8193createifnotexistsonablobthatalreadyexists683068233",
    "1": "a11636d8194createifnotexistsonablobthatalreadyexists68350619c",
    "2": "a11636d8195createifnotexistsonablobthatalreadyexists68383629b"
  }
}
