{
  "Entries": [
    {
      "RequestUri": "https://REDACTED/64f4d8fd88appendblockfromurlsourceac6cd7547055e46df87?restype=container",
      "RequestMethod": "PUT",
      "RequestHeaders": {
        "Accept": "application/xml",
        "Authorization": "Sanitized",
        "Content-Length": "0",
        "Date": "Wed, 11 Oct 2023 21:22:18 GMT",
        "User-Agent": "azsdk-java-azure-storage-blob/12.25.0-beta.1 (17.0.8.1; Windows 11; 10.0)",
        "x-ms-client-request-id": "35750f2c-3862-4428-9cc9-ddbd1bb60277",
        "x-ms-version": "2023-08-03"
      },
      "RequestBody": null,
      "StatusCode": 201,
      "ResponseHeaders": {
        "Content-Length": "0",
        "Date": "Wed, 11 Oct 2023 21:22:18 GMT",
        "ETag": "\u00220x8DBCAA0265A38B2\u0022",
        "Last-Modified": "Wed, 11 Oct 2023 21:22:19 GMT",
        "Server": [
          "Windows-Azure-Blob/1.0",
          "Microsoft-HTTPAPI/2.0"
        ],
        "x-ms-client-request-id": "35750f2c-3862-4428-9cc9-ddbd1bb60277",
        "x-ms-request-id": "31a5324c-a01e-00a1-3989-fc4aff000000",
        "x-ms-version": "2023-08-03"
      },
      "ResponseBody": null
    },
    {
      "RequestUri": "https://REDACTED/64f4d8fd88appendblockfromurlsourceac6cd7547055e46df87/64f4d8fd89appendblockfromurlsourceac6cd60517810bff4f0",
      "RequestMethod": "PUT",
      "RequestHeaders": {
        "Accept": "application/xml",
        "Authorization": "Sanitized",
        "Content-Length": "0",
        "Date": "Wed, 11 Oct 2023 21:22:19 GMT",
        "If-None-Match": "*",
        "User-Agent": "azsdk-java-azure-storage-blob/12.25.0-beta.1 (17.0.8.1; Windows 11; 10.0)",
        "x-ms-blob-type": "AppendBlob",
        "x-ms-client-request-id": "e8485850-2139-43e4-b3d1-c046355ce6a9",
        "x-ms-version": "2023-08-03"
      },
      "RequestBody": null,
      "StatusCode": 201,
      "ResponseHeaders": {
        "Content-Length": "0",
        "Date": "Wed, 11 Oct 2023 21:22:18 GMT",
        "ETag": "\u00220x8DBCAA0265E70C9\u0022",
        "Last-Modified": "Wed, 11 Oct 2023 21:22:19 GMT",
        "Server": [
          "Windows-Azure-Blob/1.0",
          "Microsoft-HTTPAPI/2.0"
        ],
        "x-ms-client-request-id": "e8485850-2139-43e4-b3d1-c046355ce6a9",
        "x-ms-request-id": "25e95adf-a01e-0037-4689-fc432e000000",
        "x-ms-request-server-encrypted": "true",
        "x-ms-version": "2023-08-03"
      },
      "ResponseBody": null
    },
    {
      "RequestUri": "https://REDACTED/64f4d8fd88appendblockfromurlsourceac6cd7547055e46df87?restype=container\u0026comp=acl",
      "RequestMethod": "PUT",
      "RequestHeaders": {
        "Accept": "application/xml",
        "Authorization": "Sanitized",
        "Content-Length": "58",
        "Content-Type": "application/xml",
        "Date": "Wed, 11 Oct 2023 21:22:19 GMT",
        "User-Agent": "azsdk-java-azure-storage-blob/12.25.0-beta.1 (17.0.8.1; Windows 11; 10.0)",
        "x-ms-blob-public-access": "container",
        "x-ms-client-request-id": "fcd12c7e-4a4a-4889-985b-2aee18b477f8",
        "x-ms-version": "2023-08-03"
      },
      "RequestBody": "\u003C?xml version=\u00271.0\u0027 encoding=\u0027UTF-8\u0027?\u003E\u003CSignedIdentifiers/\u003E",
      "StatusCode": 200,
      "ResponseHeaders": {
        "Content-Length": "0",
        "Date": "Wed, 11 Oct 2023 21:22:18 GMT",
        "ETag": "\u00220x8DBCAA026623FE9\u0022",
        "Last-Modified": "Wed, 11 Oct 2023 21:22:19 GMT",
        "Server": [
          "Windows-Azure-Blob/1.0",
          "Microsoft-HTTPAPI/2.0"
        ],
        "x-ms-client-request-id": "fcd12c7e-4a4a-4889-985b-2aee18b477f8",
        "x-ms-request-id": "25e95b07-a01e-0037-6b89-fc432e000000",
        "x-ms-version": "2023-08-03"
      },
      "ResponseBody": null
    },
    {
      "RequestUri": "https://REDACTED/64f4d8fd88appendblockfromurlsourceac6cd7547055e46df87/64f4d8fd90appendblockfromurlsourceac6cd70290247273305",
      "RequestMethod": "PUT",
      "RequestHeaders": {
        "Accept": "application/xml",
        "Authorization": "Sanitized",
        "Content-Length": "0",
        "Date": "Wed, 11 Oct 2023 21:22:19 GMT",
        "If-None-Match": "*",
        "User-Agent": "azsdk-java-azure-storage-blob/12.25.0-beta.1 (17.0.8.1; Windows 11; 10.0)",
        "x-ms-blob-type": "AppendBlob",
        "x-ms-client-request-id": "3864e93b-0acb-421c-921e-8d71a97a0266",
        "x-ms-version": "2023-08-03"
      },
      "RequestBody": null,
      "StatusCode": 201,
      "ResponseHeaders": {
        "Content-Length": "0",
        "Date": "Wed, 11 Oct 2023 21:22:18 GMT",
        "ETag": "\u00220x8DBCAA026665EE4\u0022",
        "Last-Modified": "Wed, 11 Oct 2023 21:22:19 GMT",
        "Server": [
          "Windows-Azure-Blob/1.0",
          "Microsoft-HTTPAPI/2.0"
        ],
        "x-ms-client-request-id": "3864e93b-0acb-421c-921e-8d71a97a0266",
        "x-ms-request-id": "25e95b45-a01e-0037-2589-fc432e000000",
        "x-ms-request-server-encrypted": "true",
        "x-ms-version": "2023-08-03"
      },
      "ResponseBody": null
    },
    {
      "RequestUri": "https://REDACTED/64f4d8fd88appendblockfromurlsourceac6cd7547055e46df87/64f4d8fd90appendblockfromurlsourceac6cd70290247273305?comp=appendblock",
      "RequestMethod": "PUT",
      "RequestHeaders": {
        "Accept": "application/xml",
        "Authorization": "Sanitized",
        "Content-Length": "7",
        "Content-Type": "application/octet-stream",
        "Date": "Wed, 11 Oct 2023 21:22:19 GMT",
        "User-Agent": "azsdk-java-azure-storage-blob/12.25.0-beta.1 (17.0.8.1; Windows 11; 10.0)",
        "x-ms-client-request-id": "6f057c37-470a-45cc-9d73-0ab2da60edc4",
        "x-ms-version": "2023-08-03"
      },
      "RequestBody": "ZGVmYXVsdA==",
      "StatusCode": 201,
      "ResponseHeaders": {
        "Content-Length": "0",
        "Date": "Wed, 11 Oct 2023 21:22:18 GMT",
        "ETag": "\u00220x8DBCAA0266A55E6\u0022",
        "Last-Modified": "Wed, 11 Oct 2023 21:22:19 GMT",
        "Server": [
          "Windows-Azure-Blob/1.0",
          "Microsoft-HTTPAPI/2.0"
        ],
        "x-ms-blob-append-offset": "0",
        "x-ms-blob-committed-block-count": "1",
        "x-ms-client-request-id": "6f057c37-470a-45cc-9d73-0ab2da60edc4",
        "x-ms-content-crc64": "6RYQPwaVsyQ=",
        "x-ms-request-id": "25e95b75-a01e-0037-5189-fc432e000000",
        "x-ms-request-server-encrypted": "true",
        "x-ms-version": "2023-08-03"
      },
      "ResponseBody": null
    },
    {
      "RequestUri": "https://REDACTED/64f4d8fd88appendblockfromurlsourceac6cd7547055e46df87/64f4d8fd89appendblockfromurlsourceac6cd60517810bff4f0?comp=appendblock",
      "RequestMethod": "PUT",
      "RequestHeaders": {
        "Accept": "application/xml",
        "Authorization": "Sanitized",
        "Content-Length": "0",
        "Date": "Wed, 11 Oct 2023 21:22:19 GMT",
        "User-Agent": "azsdk-java-azure-storage-blob/12.25.0-beta.1 (17.0.8.1; Windows 11; 10.0)",
        "x-ms-client-request-id": "adee4f04-343b-4e42-8e8c-a90b5fe04abd",
        "x-ms-copy-source": "https://REDACTED/64f4d8fd88appendblockfromurlsourceac6cd7547055e46df87/64f4d8fd90appendblockfromurlsourceac6cd70290247273305",
        "x-ms-source-if-unmodified-since": "Thu, 12 Oct 2023 21:21:58 GMT",
        "x-ms-source-range": "bytes=0-",
        "x-ms-version": "2023-08-03"
      },
      "RequestBody": null,
      "StatusCode": 201,
      "ResponseHeaders": {
        "Content-Length": "0",
        "Date": "Wed, 11 Oct 2023 21:22:18 GMT",
        "ETag": "\u00220x8DBCAA0266F8545\u0022",
        "Last-Modified": "Wed, 11 Oct 2023 21:22:19 GMT",
        "Server": [
          "Windows-Azure-Blob/1.0",
          "Microsoft-HTTPAPI/2.0"
        ],
        "x-ms-blob-append-offset": "0",
        "x-ms-blob-committed-block-count": "1",
        "x-ms-client-request-id": "adee4f04-343b-4e42-8e8c-a90b5fe04abd",
        "x-ms-content-crc64": "6RYQPwaVsyQ=",
        "x-ms-request-id": "da290da0-601e-0007-1389-fcfde1000000",
        "x-ms-request-server-encrypted": "true",
        "x-ms-version": "2023-08-03"
      },
      "ResponseBody": null
    }
  ],
  "Variables": {
    "0": "64f4d8fd88appendblockfromurlsourceac6cd7547055e46df87",
    "1": "64f4d8fd89appendblockfromurlsourceac6cd60517810bff4f0",
    "2": "64f4d8fd90appendblockfromurlsourceac6cd70290247273305"
  }
}
