{
  "Entries": [
    {
      "RequestUri": "https://REDACTED/846e5802160appendblockfromurldestinationacfaild73457277d1b?restype=container",
      "RequestMethod": "PUT",
      "RequestHeaders": {
        "Accept": "application/xml",
        "Authorization": "Sanitized",
        "Content-Length": "0",
        "Date": "Fri, 17 Nov 2023 18:46:24 GMT",
        "User-Agent": "azsdk-java-azure-storage-blob/12.26.0-beta.1 (17.0.8; Windows 11; 10.0)",
        "x-ms-client-request-id": "abcd126c-8851-495b-bda4-593ef1a29e3f",
        "x-ms-version": "2024-02-04"
      },
      "RequestBody": null,
      "StatusCode": 201,
      "ResponseHeaders": {
        "Content-Length": "0",
        "Date": "Fri, 17 Nov 2023 18:46:24 GMT",
        "ETag": "\u00220x8DBE79D80291FF4\u0022",
        "Last-Modified": "Fri, 17 Nov 2023 18:46:24 GMT",
        "Server": [
          "Windows-Azure-Blob/1.0",
          "Microsoft-HTTPAPI/2.0"
        ],
        "x-ms-client-request-id": "abcd126c-8851-495b-bda4-593ef1a29e3f",
        "x-ms-request-id": "c3f5a7be-901e-0097-5b86-19c16b000000",
        "x-ms-version": "2024-02-04"
      },
      "ResponseBody": null
    },
    {
      "RequestUri": "https://REDACTED/846e5802160appendblockfromurldestinationacfaild73457277d1b/846e5802161appendblockfromurldestinationacfaild73121064158",
      "RequestMethod": "PUT",
      "RequestHeaders": {
        "Accept": "application/xml",
        "Authorization": "Sanitized",
        "Content-Length": "0",
        "Date": "Fri, 17 Nov 2023 18:46:24 GMT",
        "If-None-Match": "*",
        "User-Agent": "azsdk-java-azure-storage-blob/12.26.0-beta.1 (17.0.8; Windows 11; 10.0)",
        "x-ms-blob-type": "AppendBlob",
        "x-ms-client-request-id": "8dba478b-7d3a-419c-8057-2e3d2b90fd67",
        "x-ms-version": "2024-02-04"
      },
      "RequestBody": null,
      "StatusCode": 201,
      "ResponseHeaders": {
        "Content-Length": "0",
        "Date": "Fri, 17 Nov 2023 18:46:24 GMT",
        "ETag": "\u00220x8DBE79D8036B64A\u0022",
        "Last-Modified": "Fri, 17 Nov 2023 18:46:25 GMT",
        "Server": [
          "Windows-Azure-Blob/1.0",
          "Microsoft-HTTPAPI/2.0"
        ],
        "x-ms-client-request-id": "8dba478b-7d3a-419c-8057-2e3d2b90fd67",
        "x-ms-request-id": "c3f5a85e-901e-0097-7386-19c16b000000",
        "x-ms-request-server-encrypted": "true",
        "x-ms-version": "2024-02-04"
      },
      "ResponseBody": null
    },
    {
      "RequestUri": "https://REDACTED/846e5802160appendblockfromurldestinationacfaild73457277d1b?restype=container\u0026comp=acl",
      "RequestMethod": "PUT",
      "RequestHeaders": {
        "Accept": "application/xml",
        "Authorization": "Sanitized",
        "Content-Length": "58",
        "Content-Type": "application/xml",
        "Date": "Fri, 17 Nov 2023 18:46:25 GMT",
        "User-Agent": "azsdk-java-azure-storage-blob/12.26.0-beta.1 (17.0.8; Windows 11; 10.0)",
        "x-ms-blob-public-access": "container",
        "x-ms-client-request-id": "8348ed34-8eaa-4dc4-975d-95aae9cad843",
        "x-ms-version": "2024-02-04"
      },
      "RequestBody": "\u003C?xml version=\u00271.0\u0027 encoding=\u0027UTF-8\u0027?\u003E\u003CSignedIdentifiers/\u003E",
      "StatusCode": 200,
      "ResponseHeaders": {
        "Content-Length": "0",
        "Date": "Fri, 17 Nov 2023 18:46:25 GMT",
        "ETag": "\u00220x8DBE79D8045BA61\u0022",
        "Last-Modified": "Fri, 17 Nov 2023 18:46:25 GMT",
        "Server": [
          "Windows-Azure-Blob/1.0",
          "Microsoft-HTTPAPI/2.0"
        ],
        "x-ms-client-request-id": "8348ed34-8eaa-4dc4-975d-95aae9cad843",
        "x-ms-request-id": "c3f5a8e3-901e-0097-6f86-19c16b000000",
        "x-ms-version": "2024-02-04"
      },
      "ResponseBody": null
    },
    {
      "RequestUri": "https://REDACTED/846e5802160appendblockfromurldestinationacfaild73457277d1b/846e5802161appendblockfromurldestinationacfaild73121064158?comp=lease",
      "RequestMethod": "PUT",
      "RequestHeaders": {
        "Accept": "application/xml",
        "Authorization": "Sanitized",
        "Content-Length": "0",
        "Date": "Fri, 17 Nov 2023 18:46:25 GMT",
        "User-Agent": "azsdk-java-azure-storage-blob/12.26.0-beta.1 (17.0.8; Windows 11; 10.0)",
        "x-ms-client-request-id": "eed14123-f2e3-43a9-b7e2-d8ef0d8ee97b",
        "x-ms-lease-action": "acquire",
        "x-ms-lease-duration": "-1",
        "x-ms-proposed-lease-id": "18cb84a1-2537-421d-8084-9b9d6de741c3",
        "x-ms-version": "2024-02-04"
      },
      "RequestBody": null,
      "StatusCode": 201,
      "ResponseHeaders": {
        "Content-Length": "0",
        "Date": "Fri, 17 Nov 2023 18:46:25 GMT",
        "ETag": "\u00220x8DBE79D8036B64A\u0022",
        "Last-Modified": "Fri, 17 Nov 2023 18:46:25 GMT",
        "Server": [
          "Windows-Azure-Blob/1.0",
          "Microsoft-HTTPAPI/2.0"
        ],
        "x-ms-client-request-id": "eed14123-f2e3-43a9-b7e2-d8ef0d8ee97b",
        "x-ms-lease-id": "18cb84a1-2537-421d-8084-9b9d6de741c3",
        "x-ms-request-id": "c3f5a95e-901e-0097-5f86-19c16b000000",
        "x-ms-version": "2024-02-04"
      },
      "ResponseBody": null
    },
    {
      "RequestUri": "https://REDACTED/846e5802160appendblockfromurldestinationacfaild73457277d1b/846e5802162appendblockfromurldestinationacfaild7380493ab23",
      "RequestMethod": "PUT",
      "RequestHeaders": {
        "Accept": "application/xml",
        "Authorization": "Sanitized",
        "Content-Length": "0",
        "Date": "Fri, 17 Nov 2023 18:46:25 GMT",
        "If-None-Match": "*",
        "User-Agent": "azsdk-java-azure-storage-blob/12.26.0-beta.1 (17.0.8; Windows 11; 10.0)",
        "x-ms-blob-type": "AppendBlob",
        "x-ms-client-request-id": "9072f01a-f10e-4aa7-b520-d49f36228ac9",
        "x-ms-version": "2024-02-04"
      },
      "RequestBody": null,
      "StatusCode": 201,
      "ResponseHeaders": {
        "Content-Length": "0",
        "Date": "Fri, 17 Nov 2023 18:46:25 GMT",
        "ETag": "\u00220x8DBE79D8061698C\u0022",
        "Last-Modified": "Fri, 17 Nov 2023 18:46:25 GMT",
        "Server": [
          "Windows-Azure-Blob/1.0",
          "Microsoft-HTTPAPI/2.0"
        ],
        "x-ms-client-request-id": "9072f01a-f10e-4aa7-b520-d49f36228ac9",
        "x-ms-request-id": "c3f5a9c2-901e-0097-3c86-19c16b000000",
        "x-ms-request-server-encrypted": "true",
        "x-ms-version": "2024-02-04"
      },
      "ResponseBody": null
    },
    {
      "RequestUri": "https://REDACTED/846e5802160appendblockfromurldestinationacfaild73457277d1b/846e5802162appendblockfromurldestinationacfaild7380493ab23?comp=appendblock",
      "RequestMethod": "PUT",
      "RequestHeaders": {
        "Accept": "application/xml",
        "Authorization": "Sanitized",
        "Content-Length": "7",
        "Content-Type": "application/octet-stream",
        "Date": "Fri, 17 Nov 2023 18:46:25 GMT",
        "User-Agent": "azsdk-java-azure-storage-blob/12.26.0-beta.1 (17.0.8; Windows 11; 10.0)",
        "x-ms-client-request-id": "bcc694a7-824a-4743-8197-aa1f874ae32b",
        "x-ms-version": "2024-02-04"
      },
      "RequestBody": "ZGVmYXVsdA==",
      "StatusCode": 201,
      "ResponseHeaders": {
        "Content-Length": "0",
        "Date": "Fri, 17 Nov 2023 18:46:25 GMT",
        "ETag": "\u00220x8DBE79D806ED50A\u0022",
        "Last-Modified": "Fri, 17 Nov 2023 18:46:25 GMT",
        "Server": [
          "Windows-Azure-Blob/1.0",
          "Microsoft-HTTPAPI/2.0"
        ],
        "x-ms-blob-append-offset": "0",
        "x-ms-blob-committed-block-count": "1",
        "x-ms-client-request-id": "bcc694a7-824a-4743-8197-aa1f874ae32b",
        "x-ms-content-crc64": "6RYQPwaVsyQ=",
        "x-ms-request-id": "c3f5aa33-901e-0097-2186-19c16b000000",
        "x-ms-request-server-encrypted": "true",
        "x-ms-version": "2024-02-04"
      },
      "ResponseBody": null
    },
    {
      "RequestUri": "https://REDACTED/846e5802160appendblockfromurldestinationacfaild73457277d1b/846e5802161appendblockfromurldestinationacfaild73121064158?comp=appendblock",
      "RequestMethod": "PUT",
      "RequestHeaders": {
        "Accept": "application/xml",
        "Authorization": "Sanitized",
        "Content-Length": "0",
        "Date": "Fri, 17 Nov 2023 18:46:25 GMT",
        "User-Agent": "azsdk-java-azure-storage-blob/12.26.0-beta.1 (17.0.8; Windows 11; 10.0)",
        "x-ms-client-request-id": "79f397c1-d5a2-43a3-85eb-e8d75b844ff3",
        "x-ms-copy-source": "https://REDACTED/846e5802160appendblockfromurldestinationacfaild73457277d1b/846e5802162appendblockfromurldestinationacfaild7380493ab23",
        "x-ms-lease-id": "19c5fac1-43c8-4815-a861-496cdbc8862f",
        "x-ms-source-range": "bytes=0-",
        "x-ms-version": "2024-02-04"
      },
      "RequestBody": null,
      "StatusCode": 412,
      "ResponseHeaders": {
        "Content-Length": "265",
        "Content-Type": "application/xml",
        "Date": "Fri, 17 Nov 2023 18:46:25 GMT",
        "Server": [
          "Windows-Azure-Blob/1.0",
          "Microsoft-HTTPAPI/2.0"
        ],
        "x-ms-client-request-id": "79f397c1-d5a2-43a3-85eb-e8d75b844ff3",
        "x-ms-error-code": "LeaseIdMismatchWithBlobOperation",
        "x-ms-request-id": "c3f5aab7-901e-0097-1d86-19c16b000000",
        "x-ms-version": "2024-02-04"
      },
      "ResponseBody": [
        "\uFEFF\u003C?xml version=\u00221.0\u0022 encoding=\u0022utf-8\u0022?\u003E\n",
        "\u003CError\u003E\u003CCode\u003ELeaseIdMismatchWithBlobOperation\u003C/Code\u003E\u003CMessage\u003EThe lease ID specified did not match the lease ID for the blob.\n",
        "RequestId:c3f5aab7-901e-0097-1d86-19c16b000000\n",
        "Time:2023-11-17T18:46:25.4674430Z\u003C/Message\u003E\u003C/Error\u003E"
      ]
    }
  ],
  "Variables": {
    "0": "846e5802160appendblockfromurldestinationacfaild73457277d1b",
    "1": "846e5802161appendblockfromurldestinationacfaild73121064158",
    "2": "846e5802162appendblockfromurldestinationacfaild7380493ab23"
  }
}
