{
  "Entries": [
    {
      "RequestUri": "https://REDACTED/a4933b7397appendblockdefaultsb121291032ac099eba1a4?restype=container",
      "RequestMethod": "PUT",
      "RequestHeaders": {
        "Accept": "application/xml",
        "Authorization": "Sanitized",
        "Content-Length": "0",
        "Date": "Thu, 12 Oct 2023 13:50:16 GMT",
        "User-Agent": "azsdk-java-azure-storage-blob/12.25.0-beta.1 (17.0.8.1; Windows 11; 10.0)",
        "x-ms-client-request-id": "c3c65ab8-15d6-4168-89d3-bc694261b5ff",
        "x-ms-version": "2023-08-03"
      },
      "RequestBody": null,
      "StatusCode": 201,
      "ResponseHeaders": {
        "Content-Length": "0",
        "Date": "Thu, 12 Oct 2023 13:50:16 GMT",
        "ETag": "\u00220x8DBCB2A2AA08C2F\u0022",
        "Last-Modified": "Thu, 12 Oct 2023 13:50:16 GMT",
        "Server": [
          "Windows-Azure-Blob/1.0",
          "Microsoft-HTTPAPI/2.0"
        ],
        "x-ms-client-request-id": "c3c65ab8-15d6-4168-89d3-bc694261b5ff",
        "x-ms-request-id": "b6ca51cd-101e-0027-3513-fddd75000000",
        "x-ms-version": "2023-08-03"
      },
      "ResponseBody": null
    },
    {
      "RequestUri": "https://REDACTED/a4933b7397appendblockdefaultsb121291032ac099eba1a4/a4933b7398appendblockdefaultsb1229880c66edb0957a34",
      "RequestMethod": "PUT",
      "RequestHeaders": {
        "Accept": "application/xml",
        "Authorization": "Sanitized",
        "Content-Length": "0",
        "Date": "Thu, 12 Oct 2023 13:50:16 GMT",
        "If-None-Match": "*",
        "User-Agent": "azsdk-java-azure-storage-blob/12.25.0-beta.1 (17.0.8.1; Windows 11; 10.0)",
        "x-ms-blob-type": "AppendBlob",
        "x-ms-client-request-id": "a4772c3c-2634-44c5-89ab-ba787112983d",
        "x-ms-version": "2023-08-03"
      },
      "RequestBody": null,
      "StatusCode": 201,
      "ResponseHeaders": {
        "Content-Length": "0",
        "Date": "Thu, 12 Oct 2023 13:50:16 GMT",
        "ETag": "\u00220x8DBCB2A2AA4F9B1\u0022",
        "Last-Modified": "Thu, 12 Oct 2023 13:50:16 GMT",
        "Server": [
          "Windows-Azure-Blob/1.0",
          "Microsoft-HTTPAPI/2.0"
        ],
        "x-ms-client-request-id": "a4772c3c-2634-44c5-89ab-ba787112983d",
        "x-ms-request-id": "9bec2b96-801e-001a-3413-fdab6e000000",
        "x-ms-request-server-encrypted": "true",
        "x-ms-version": "2023-08-03"
      },
      "ResponseBody": null
    },
    {
      "RequestUri": "https://REDACTED/a4933b7397appendblockdefaultsb121291032ac099eba1a4/a4933b7398appendblockdefaultsb1229880c66edb0957a34?comp=appendblock",
      "RequestMethod": "PUT",
      "RequestHeaders": {
        "Accept": "application/xml",
        "Authorization": "Sanitized",
        "Content-Length": "7",
        "Content-Type": "application/octet-stream",
        "Date": "Thu, 12 Oct 2023 13:50:16 GMT",
        "User-Agent": "azsdk-java-azure-storage-blob/12.25.0-beta.1 (17.0.8.1; Windows 11; 10.0)",
        "x-ms-client-request-id": "2fceadf7-c87b-4e68-a614-1f3db5267149",
        "x-ms-version": "2023-08-03"
      },
      "RequestBody": "ZGVmYXVsdA==",
      "StatusCode": 201,
      "ResponseHeaders": {
        "Content-Length": "0",
        "Date": "Thu, 12 Oct 2023 13:50:16 GMT",
        "ETag": "\u00220x8DBCB2A2AA8A2AF\u0022",
        "Last-Modified": "Thu, 12 Oct 2023 13:50:16 GMT",
        "Server": [
          "Windows-Azure-Blob/1.0",
          "Microsoft-HTTPAPI/2.0"
        ],
        "x-ms-blob-append-offset": "0",
        "x-ms-blob-committed-block-count": "1",
        "x-ms-client-request-id": "2fceadf7-c87b-4e68-a614-1f3db5267149",
        "x-ms-content-crc64": "6RYQPwaVsyQ=",
        "x-ms-request-id": "9bec2bb3-801e-001a-4d13-fdab6e000000",
        "x-ms-request-server-encrypted": "true",
        "x-ms-version": "2023-08-03"
      },
      "ResponseBody": null
    },
    {
      "RequestUri": "https://REDACTED/a4933b7397appendblockdefaultsb121291032ac099eba1a4/a4933b7398appendblockdefaultsb1229880c66edb0957a34",
      "RequestMethod": "GET",
      "RequestHeaders": {
        "Accept": "application/xml",
        "Authorization": "Sanitized",
        "Content-Length": "0",
        "Date": "Thu, 12 Oct 2023 13:50:16 GMT",
        "User-Agent": "azsdk-java-azure-storage-blob/12.25.0-beta.1 (17.0.8.1; Windows 11; 10.0)",
        "x-ms-client-request-id": "d9146d17-d550-44a0-930e-63aac58fa2f1",
        "x-ms-version": "2023-08-03"
      },
      "RequestBody": null,
      "StatusCode": 200,
      "ResponseHeaders": {
        "Accept-Ranges": "bytes",
        "Access-Control-Allow-Origin": "*",
        "Access-Control-Expose-Headers": "x-ms-client-request-id",
        "Content-Length": "7",
        "Content-Type": "application/octet-stream",
        "Date": "Thu, 12 Oct 2023 13:50:16 GMT",
        "ETag": "\u00220x8DBCB2A2AA8A2AF\u0022",
        "Last-Modified": "Thu, 12 Oct 2023 13:50:16 GMT",
        "Server": [
          "Windows-Azure-Blob/1.0",
          "Microsoft-HTTPAPI/2.0"
        ],
        "x-ms-blob-committed-block-count": "1",
        "x-ms-blob-type": "AppendBlob",
        "x-ms-client-request-id": "d9146d17-d550-44a0-930e-63aac58fa2f1",
        "x-ms-creation-time": "Thu, 12 Oct 2023 13:50:16 GMT",
        "x-ms-lease-state": "available",
        "x-ms-lease-status": "unlocked",
        "x-ms-request-id": "3f62eddd-701e-0031-3613-fd2ba2000000",
        "x-ms-server-encrypted": "true",
        "x-ms-version": "2023-08-03"
      },
      "ResponseBody": "ZGVmYXVsdA=="
    },
    {
      "RequestUri": "https://REDACTED/a4933b7397appendblockdefaultsb121291032ac099eba1a4/a4933b7398appendblockdefaultsb1229880c66edb0957a34",
      "RequestMethod": "HEAD",
      "RequestHeaders": {
        "Accept": "application/xml",
        "Authorization": "Sanitized",
        "Content-Length": "0",
        "Date": "Thu, 12 Oct 2023 13:50:16 GMT",
        "User-Agent": "azsdk-java-azure-storage-blob/12.25.0-beta.1 (17.0.8.1; Windows 11; 10.0)",
        "x-ms-client-request-id": "5ef2d758-c75e-401a-8577-1d49b9e512c3",
        "x-ms-version": "2023-08-03"
      },
      "RequestBody": null,
      "StatusCode": 200,
      "ResponseHeaders": {
        "Accept-Ranges": "bytes",
        "Access-Control-Allow-Origin": "*",
        "Access-Control-Expose-Headers": "x-ms-client-request-id",
        "Content-Length": "7",
        "Content-Type": "application/octet-stream",
        "Date": "Thu, 12 Oct 2023 13:50:16 GMT",
        "ETag": "\u00220x8DBCB2A2AA8A2AF\u0022",
        "Last-Modified": "Thu, 12 Oct 2023 13:50:16 GMT",
        "Server": [
          "Windows-Azure-Blob/1.0",
          "Microsoft-HTTPAPI/2.0"
        ],
        "x-ms-blob-committed-block-count": "1",
        "x-ms-blob-type": "AppendBlob",
        "x-ms-client-request-id": "5ef2d758-c75e-401a-8577-1d49b9e512c3",
        "x-ms-creation-time": "Thu, 12 Oct 2023 13:50:16 GMT",
        "x-ms-lease-state": "available",
        "x-ms-lease-status": "unlocked",
        "x-ms-request-id": "3f62edf3-701e-0031-4913-fd2ba2000000",
        "x-ms-server-encrypted": "true",
        "x-ms-version": "2023-08-03"
      },
      "ResponseBody": null
    }
  ],
  "Variables": {
    "0": "a4933b7397appendblockdefaultsb121291032ac099eba1a4",
    "1": "a4933b7398appendblockdefaultsb1229880c66edb0957a34"
  }
}
