{
  "Entries": [
    {
      "RequestUri": "https://REDACTED/cf034c2144sealac5b044445d17043e7be3741579b8?restype=container",
      "RequestMethod": "PUT",
      "RequestHeaders": {
        "Accept": "application/xml",
        "Authorization": "Sanitized",
        "Content-Length": "0",
        "Date": "Mon, 11 Dec 2023 23:29:29 GMT",
        "User-Agent": "azsdk-java-azure-storage-blob/12.26.0-beta.1 (17.0.8; Windows 11; 10.0)",
        "x-ms-client-request-id": "0b591fbf-a3ee-46b6-b078-e62e4f2cf2f4",
        "x-ms-version": "2024-02-04"
      },
      "RequestBody": null,
      "StatusCode": 201,
      "ResponseHeaders": {
        "Content-Length": "0",
        "Date": "Mon, 11 Dec 2023 23:29:33 GMT",
        "ETag": "\u00220x8DBFAA1081D0F17\u0022",
        "Last-Modified": "Mon, 11 Dec 2023 23:29:33 GMT",
        "Server": [
          "Windows-Azure-Blob/1.0",
          "Microsoft-HTTPAPI/2.0"
        ],
        "x-ms-client-request-id": "0b591fbf-a3ee-46b6-b078-e62e4f2cf2f4",
        "x-ms-request-id": "c2c63642-901e-00a8-3689-2c09c8000000",
        "x-ms-version": "2024-02-04"
      },
      "ResponseBody": null
    },
    {
      "RequestUri": "https://REDACTED/cf034c2144sealac5b044445d17043e7be3741579b8?restype=container",
      "RequestMethod": "PUT",
      "RequestHeaders": {
        "Accept": "application/xml",
        "Authorization": "Sanitized",
        "Content-Length": "0",
        "Date": "Mon, 11 Dec 2023 23:29:29 GMT",
        "User-Agent": "azsdk-java-azure-storage-blob/12.26.0-beta.1 (17.0.8; Windows 11; 10.0)",
        "x-ms-client-request-id": "affb325c-7ab0-46a3-a0fe-b3170883f82e",
        "x-ms-version": "2024-02-04"
      },
      "RequestBody": null,
      "StatusCode": 409,
      "ResponseHeaders": {
        "Content-Length": "230",
        "Content-Type": "application/xml",
        "Date": "Mon, 11 Dec 2023 23:29:33 GMT",
        "Server": [
          "Windows-Azure-Blob/1.0",
          "Microsoft-HTTPAPI/2.0"
        ],
        "x-ms-client-request-id": "affb325c-7ab0-46a3-a0fe-b3170883f82e",
        "x-ms-error-code": "ContainerAlreadyExists",
        "x-ms-request-id": "c2c636b4-901e-00a8-1c89-2c09c8000000",
        "x-ms-version": "2024-02-04"
      },
      "ResponseBody": [
        "\uFEFF\u003C?xml version=\u00221.0\u0022 encoding=\u0022utf-8\u0022?\u003E\u003CError\u003E\u003CCode\u003EContainerAlreadyExists\u003C/Code\u003E\u003CMessage\u003EThe specified container already exists.\n",
        "RequestId:c2c636b4-901e-00a8-1c89-2c09c8000000\n",
        "Time:2023-12-11T23:29:33.6757401Z\u003C/Message\u003E\u003C/Error\u003E"
      ]
    },
    {
      "RequestUri": "https://REDACTED/cf034c2144sealac5b044445d17043e7be3741579b8/cf034c2145sealac5b024161ea7c405bf3364393a85",
      "RequestMethod": "PUT",
      "RequestHeaders": {
        "Accept": "application/xml",
        "Authorization": "Sanitized",
        "Content-Length": "0",
        "Date": "Mon, 11 Dec 2023 23:29:29 GMT",
        "If-None-Match": "*",
        "User-Agent": "azsdk-java-azure-storage-blob/12.26.0-beta.1 (17.0.8; Windows 11; 10.0)",
        "x-ms-blob-type": "AppendBlob",
        "x-ms-client-request-id": "b883c94b-8bbc-42a6-903b-7d2370a5de67",
        "x-ms-version": "2024-02-04"
      },
      "RequestBody": null,
      "StatusCode": 201,
      "ResponseHeaders": {
        "Content-Length": "0",
        "Date": "Mon, 11 Dec 2023 23:29:33 GMT",
        "ETag": "\u00220x8DBFAA1083765B0\u0022",
        "Last-Modified": "Mon, 11 Dec 2023 23:29:33 GMT",
        "Server": [
          "Windows-Azure-Blob/1.0",
          "Microsoft-HTTPAPI/2.0"
        ],
        "x-ms-client-request-id": "b883c94b-8bbc-42a6-903b-7d2370a5de67",
        "x-ms-request-id": "c2c63730-901e-00a8-0989-2c09c8000000",
        "x-ms-request-server-encrypted": "true",
        "x-ms-version": "2024-02-04"
      },
      "ResponseBody": null
    },
    {
      "RequestUri": "https://REDACTED/cf034c2144sealac5b044445d17043e7be3741579b8/cf034c2145sealac5b024161ea7c405bf3364393a85?comp=seal",
      "RequestMethod": "PUT",
      "RequestHeaders": {
        "Accept": "application/xml",
        "Authorization": "Sanitized",
        "Content-Length": "0",
        "Date": "Mon, 11 Dec 2023 23:29:29 GMT",
        "User-Agent": "azsdk-java-azure-storage-blob/12.26.0-beta.1 (17.0.8; Windows 11; 10.0)",
        "x-ms-client-request-id": "d97b91b3-b71f-4283-be3e-3eabd5b45173",
        "x-ms-version": "2024-02-04"
      },
      "RequestBody": null,
      "StatusCode": 200,
      "ResponseHeaders": {
        "Content-Length": "0",
        "Date": "Mon, 11 Dec 2023 23:29:33 GMT",
        "ETag": "\u00220x8DBFAA108454660\u0022",
        "Last-Modified": "Mon, 11 Dec 2023 23:29:33 GMT",
        "Server": [
          "Windows-Azure-Blob/1.0",
          "Microsoft-HTTPAPI/2.0"
        ],
        "x-ms-blob-sealed": "true",
        "x-ms-client-request-id": "d97b91b3-b71f-4283-be3e-3eabd5b45173",
        "x-ms-request-id": "b9ea1b53-901e-004c-7989-2c0756000000",
        "x-ms-version": "2024-02-04"
      },
      "ResponseBody": null
    }
  ],
  "Variables": {
    "0": "cf034c2144sealac5b044445d17043e7be3741579b8",
    "1": "cf034c2145sealac5b024161ea7c405bf3364393a85"
  }
}
