{
  "Entries": [
    {
      "RequestUri": "https://REDACTED/7defe9bc107appendblockfromurlsourceac52c08796c02688a43?restype=container",
      "RequestMethod": "PUT",
      "RequestHeaders": {
        "Accept": "application/xml",
        "Authorization": "Sanitized",
        "Content-Length": "0",
        "Date": "Mon, 11 Dec 2023 19:12:54 GMT",
        "User-Agent": "azsdk-java-azure-storage-blob/12.26.0-beta.1 (17.0.8; Windows 11; 10.0)",
        "x-ms-client-request-id": "44f16195-40ef-4cd2-8ace-4a5dd5b26006",
        "x-ms-version": "2024-02-04"
      },
      "RequestBody": null,
      "StatusCode": 201,
      "ResponseHeaders": {
        "Content-Length": "0",
        "Date": "Mon, 11 Dec 2023 19:12:57 GMT",
        "ETag": "\u00220x8DBFA7D2FC33A70\u0022",
        "Last-Modified": "Mon, 11 Dec 2023 19:12:58 GMT",
        "Server": [
          "Windows-Azure-Blob/1.0",
          "Microsoft-HTTPAPI/2.0"
        ],
        "x-ms-client-request-id": "44f16195-40ef-4cd2-8ace-4a5dd5b26006",
        "x-ms-request-id": "c6007c50-d01e-0072-5766-2c9029000000",
        "x-ms-version": "2024-02-04"
      },
      "ResponseBody": null
    },
    {
      "RequestUri": "https://REDACTED/7defe9bc107appendblockfromurlsourceac52c08796c02688a43?restype=container",
      "RequestMethod": "PUT",
      "RequestHeaders": {
        "Accept": "application/xml",
        "Authorization": "Sanitized",
        "Content-Length": "0",
        "Date": "Mon, 11 Dec 2023 19:12:54 GMT",
        "User-Agent": "azsdk-java-azure-storage-blob/12.26.0-beta.1 (17.0.8; Windows 11; 10.0)",
        "x-ms-client-request-id": "c675c4bb-e129-4f17-bfaf-022352457f3c",
        "x-ms-version": "2024-02-04"
      },
      "RequestBody": null,
      "StatusCode": 409,
      "ResponseHeaders": {
        "Content-Length": "230",
        "Content-Type": "application/xml",
        "Date": "Mon, 11 Dec 2023 19:12:57 GMT",
        "Server": [
          "Windows-Azure-Blob/1.0",
          "Microsoft-HTTPAPI/2.0"
        ],
        "x-ms-client-request-id": "c675c4bb-e129-4f17-bfaf-022352457f3c",
        "x-ms-error-code": "ContainerAlreadyExists",
        "x-ms-request-id": "c6007cfc-d01e-0072-7366-2c9029000000",
        "x-ms-version": "2024-02-04"
      },
      "ResponseBody": [
        "\uFEFF\u003C?xml version=\u00221.0\u0022 encoding=\u0022utf-8\u0022?\u003E\u003CError\u003E\u003CCode\u003EContainerAlreadyExists\u003C/Code\u003E\u003CMessage\u003EThe specified container already exists.\n",
        "RequestId:c6007cfc-d01e-0072-7366-2c9029000000\n",
        "Time:2023-12-11T19:12:58.3236216Z\u003C/Message\u003E\u003C/Error\u003E"
      ]
    },
    {
      "RequestUri": "https://REDACTED/7defe9bc107appendblockfromurlsourceac52c08796c02688a43/7defe9bc108appendblockfromurlsourceac52c84147088b55a23",
      "RequestMethod": "PUT",
      "RequestHeaders": {
        "Accept": "application/xml",
        "Authorization": "Sanitized",
        "Content-Length": "0",
        "Date": "Mon, 11 Dec 2023 19:12:54 GMT",
        "If-None-Match": "*",
        "User-Agent": "azsdk-java-azure-storage-blob/12.26.0-beta.1 (17.0.8; Windows 11; 10.0)",
        "x-ms-blob-type": "AppendBlob",
        "x-ms-client-request-id": "4b752407-aa3d-4c0c-a8e3-063d629755ea",
        "x-ms-version": "2024-02-04"
      },
      "RequestBody": null,
      "StatusCode": 201,
      "ResponseHeaders": {
        "Content-Length": "0",
        "Date": "Mon, 11 Dec 2023 19:12:58 GMT",
        "ETag": "\u00220x8DBFA7D2FDFB3DA\u0022",
        "Last-Modified": "Mon, 11 Dec 2023 19:12:58 GMT",
        "Server": [
          "Windows-Azure-Blob/1.0",
          "Microsoft-HTTPAPI/2.0"
        ],
        "x-ms-client-request-id": "4b752407-aa3d-4c0c-a8e3-063d629755ea",
        "x-ms-request-id": "c6007d6d-d01e-0072-5d66-2c9029000000",
        "x-ms-request-server-encrypted": "true",
        "x-ms-version": "2024-02-04"
      },
      "ResponseBody": null
    },
    {
      "RequestUri": "https://REDACTED/7defe9bc107appendblockfromurlsourceac52c08796c02688a43?restype=container\u0026comp=acl",
      "RequestMethod": "PUT",
      "RequestHeaders": {
        "Accept": "application/xml",
        "Authorization": "Sanitized",
        "Content-Length": "58",
        "Content-Type": "application/xml",
        "Date": "Mon, 11 Dec 2023 19:12:54 GMT",
        "User-Agent": "azsdk-java-azure-storage-blob/12.26.0-beta.1 (17.0.8; Windows 11; 10.0)",
        "x-ms-blob-public-access": "container",
        "x-ms-client-request-id": "fdb5c306-6739-494e-9560-c25fafd9d12a",
        "x-ms-version": "2024-02-04"
      },
      "RequestBody": "\u003C?xml version=\u00271.0\u0027 encoding=\u0027UTF-8\u0027?\u003E\u003CSignedIdentifiers/\u003E",
      "StatusCode": 200,
      "ResponseHeaders": {
        "Content-Length": "0",
        "Date": "Mon, 11 Dec 2023 19:12:58 GMT",
        "ETag": "\u00220x8DBFA7D2FF07A01\u0022",
        "Last-Modified": "Mon, 11 Dec 2023 19:12:58 GMT",
        "Server": [
          "Windows-Azure-Blob/1.0",
          "Microsoft-HTTPAPI/2.0"
        ],
        "x-ms-client-request-id": "fdb5c306-6739-494e-9560-c25fafd9d12a",
        "x-ms-request-id": "c6007e00-d01e-0072-6666-2c9029000000",
        "x-ms-version": "2024-02-04"
      },
      "ResponseBody": null
    },
    {
      "RequestUri": "https://REDACTED/7defe9bc107appendblockfromurlsourceac52c08796c02688a43?restype=container\u0026comp=acl",
      "RequestMethod": "GET",
      "RequestHeaders": {
        "Accept": "application/xml",
        "Authorization": "Sanitized",
        "Content-Length": "0",
        "Date": "Mon, 11 Dec 2023 19:12:54 GMT",
        "User-Agent": "azsdk-java-azure-storage-blob/12.26.0-beta.1 (17.0.8; Windows 11; 10.0)",
        "x-ms-client-request-id": "f082b0c5-16e1-4a47-a612-80ca70c075a9",
        "x-ms-version": "2024-02-04"
      },
      "RequestBody": null,
      "StatusCode": 200,
      "ResponseHeaders": {
        "Access-Control-Allow-Origin": "*",
        "Access-Control-Expose-Headers": "x-ms-client-request-id",
        "Content-Type": "application/xml",
        "Date": "Mon, 11 Dec 2023 19:12:58 GMT",
        "ETag": "\u00220x8DBFA7D2FF07A01\u0022",
        "Last-Modified": "Mon, 11 Dec 2023 19:12:58 GMT",
        "Server": [
          "Windows-Azure-Blob/1.0",
          "Microsoft-HTTPAPI/2.0"
        ],
        "Transfer-Encoding": "chunked",
        "x-ms-blob-public-access": "container",
        "x-ms-client-request-id": "f082b0c5-16e1-4a47-a612-80ca70c075a9",
        "x-ms-request-id": "c6007e77-d01e-0072-4f66-2c9029000000",
        "x-ms-version": "2024-02-04"
      },
      "ResponseBody": "\uFEFF\u003C?xml version=\u00221.0\u0022 encoding=\u0022utf-8\u0022?\u003E\u003CSignedIdentifiers /\u003E"
    },
    {
      "RequestUri": "https://REDACTED/7defe9bc107appendblockfromurlsourceac52c08796c02688a43/7defe9bc109appendblockfromurlsourceac52c059125b35e8493",
      "RequestMethod": "PUT",
      "RequestHeaders": {
        "Accept": "application/xml",
        "Authorization": "Sanitized",
        "Content-Length": "0",
        "Date": "Mon, 11 Dec 2023 19:12:56 GMT",
        "If-None-Match": "*",
        "User-Agent": "azsdk-java-azure-storage-blob/12.26.0-beta.1 (17.0.8; Windows 11; 10.0)",
        "x-ms-blob-type": "AppendBlob",
        "x-ms-client-request-id": "d5c85557-c3d3-4f97-8d90-ceb5b707255e",
        "x-ms-version": "2024-02-04"
      },
      "RequestBody": null,
      "StatusCode": 201,
      "ResponseHeaders": {
        "Content-Length": "0",
        "Date": "Mon, 11 Dec 2023 19:13:00 GMT",
        "ETag": "\u00220x8DBFA7D313E74B2\u0022",
        "Last-Modified": "Mon, 11 Dec 2023 19:13:00 GMT",
        "Server": [
          "Windows-Azure-Blob/1.0",
          "Microsoft-HTTPAPI/2.0"
        ],
        "x-ms-client-request-id": "d5c85557-c3d3-4f97-8d90-ceb5b707255e",
        "x-ms-request-id": "c600882e-d01e-0072-2866-2c9029000000",
        "x-ms-request-server-encrypted": "true",
        "x-ms-version": "2024-02-04"
      },
      "ResponseBody": null
    },
    {
      "RequestUri": "https://REDACTED/7defe9bc107appendblockfromurlsourceac52c08796c02688a43/7defe9bc109appendblockfromurlsourceac52c059125b35e8493?comp=appendblock",
      "RequestMethod": "PUT",
      "RequestHeaders": {
        "Accept": "application/xml",
        "Authorization": "Sanitized",
        "Content-Length": "7",
        "Content-Type": "application/octet-stream",
        "Date": "Mon, 11 Dec 2023 19:12:57 GMT",
        "User-Agent": "azsdk-java-azure-storage-blob/12.26.0-beta.1 (17.0.8; Windows 11; 10.0)",
        "x-ms-client-request-id": "0fde3baa-2bb6-45d4-8584-434b55a2c359",
        "x-ms-version": "2024-02-04"
      },
      "RequestBody": "ZGVmYXVsdA==",
      "StatusCode": 201,
      "ResponseHeaders": {
        "Content-Length": "0",
        "Date": "Mon, 11 Dec 2023 19:13:00 GMT",
        "ETag": "\u00220x8DBFA7D314DB4BB\u0022",
        "Last-Modified": "Mon, 11 Dec 2023 19:13:00 GMT",
        "Server": [
          "Windows-Azure-Blob/1.0",
          "Microsoft-HTTPAPI/2.0"
        ],
        "x-ms-blob-append-offset": "0",
        "x-ms-blob-committed-block-count": "1",
        "x-ms-client-request-id": "0fde3baa-2bb6-45d4-8584-434b55a2c359",
        "x-ms-content-crc64": "6RYQPwaVsyQ=",
        "x-ms-request-id": "f3609685-701e-0054-6866-2cd831000000",
        "x-ms-request-server-encrypted": "true",
        "x-ms-version": "2024-02-04"
      },
      "ResponseBody": null
    },
    {
      "RequestUri": "https://REDACTED/7defe9bc107appendblockfromurlsourceac52c08796c02688a43/7defe9bc108appendblockfromurlsourceac52c84147088b55a23?comp=appendblock",
      "RequestMethod": "PUT",
      "RequestHeaders": {
        "Accept": "application/xml",
        "Authorization": "Sanitized",
        "Content-Length": "0",
        "Date": "Mon, 11 Dec 2023 19:12:57 GMT",
        "User-Agent": "azsdk-java-azure-storage-blob/12.26.0-beta.1 (17.0.8; Windows 11; 10.0)",
        "x-ms-client-request-id": "7fc54147-a595-47f1-9e9b-5e2d55a62e74",
        "x-ms-copy-source": "https://REDACTED/7defe9bc107appendblockfromurlsourceac52c08796c02688a43/7defe9bc109appendblockfromurlsourceac52c059125b35e8493",
        "x-ms-source-if-modified-since": "Sun, 10 Dec 2023 19:09:04 GMT",
        "x-ms-source-range": "bytes=0-",
        "x-ms-version": "2024-02-04"
      },
      "RequestBody": null,
      "StatusCode": 201,
      "ResponseHeaders": {
        "Content-Length": "0",
        "Date": "Mon, 11 Dec 2023 19:13:00 GMT",
        "ETag": "\u00220x8DBFA7D315BE37F\u0022",
        "Last-Modified": "Mon, 11 Dec 2023 19:13:00 GMT",
        "Server": [
          "Windows-Azure-Blob/1.0",
          "Microsoft-HTTPAPI/2.0"
        ],
        "x-ms-blob-append-offset": "0",
        "x-ms-blob-committed-block-count": "1",
        "x-ms-client-request-id": "7fc54147-a595-47f1-9e9b-5e2d55a62e74",
        "x-ms-content-crc64": "6RYQPwaVsyQ=",
        "x-ms-request-id": "f36096dd-701e-0054-3166-2cd831000000",
        "x-ms-request-server-encrypted": "true",
        "x-ms-version": "2024-02-04"
      },
      "ResponseBody": null
    }
  ],
  "Variables": {
    "0": "7defe9bc107appendblockfromurlsourceac52c08796c02688a43",
    "1": "7defe9bc108appendblockfromurlsourceac52c84147088b55a23",
    "2": "7defe9bc109appendblockfromurlsourceac52c059125b35e8493"
  }
}
