{
  "Entries": [
    {
      "RequestUri": "https://REDACTED/76f6df6b12appendblockacfail9f81655466904f22eb8d4a?restype=container",
      "RequestMethod": "PUT",
      "RequestHeaders": {
        "Accept": "application/xml",
        "Authorization": "Sanitized",
        "Content-Length": "0",
        "Date": "Thu, 09 Nov 2023 22:41:11 GMT",
        "User-Agent": "azsdk-java-azure-storage-blob/12.25.0-beta.2 (17.0.8; Windows 11; 10.0)",
        "x-ms-client-request-id": "59a507c3-d244-48e4-acd0-c3289c90d820",
        "x-ms-version": "2023-11-03"
      },
      "RequestBody": null,
      "StatusCode": 201,
      "ResponseHeaders": {
        "Content-Length": "0",
        "Date": "Thu, 09 Nov 2023 22:41:10 GMT",
        "ETag": "\u00220x8DBE174F92A8AAD\u0022",
        "Last-Modified": "Thu, 09 Nov 2023 22:41:11 GMT",
        "Server": [
          "Windows-Azure-Blob/1.0",
          "Microsoft-HTTPAPI/2.0"
        ],
        "x-ms-client-request-id": "59a507c3-d244-48e4-acd0-c3289c90d820",
        "x-ms-request-id": "6b420165-301e-0055-605d-1387ed000000",
        "x-ms-version": "2023-11-03"
      },
      "ResponseBody": null
    },
    {
      "RequestUri": "https://REDACTED/76f6df6b12appendblockacfail9f81655466904f22eb8d4a/76f6df6b13appendblockacfail9f860928c6865637aadc46",
      "RequestMethod": "PUT",
      "RequestHeaders": {
        "Accept": "application/xml",
        "Authorization": "Sanitized",
        "Content-Length": "0",
        "Date": "Thu, 09 Nov 2023 22:41:11 GMT",
        "If-None-Match": "*",
        "User-Agent": "azsdk-java-azure-storage-blob/12.25.0-beta.2 (17.0.8; Windows 11; 10.0)",
        "x-ms-blob-type": "AppendBlob",
        "x-ms-client-request-id": "af9c11da-94e1-4ce5-a0b2-f8d96e484cef",
        "x-ms-version": "2023-11-03"
      },
      "RequestBody": null,
      "StatusCode": 201,
      "ResponseHeaders": {
        "Content-Length": "0",
        "Date": "Thu, 09 Nov 2023 22:41:10 GMT",
        "ETag": "\u00220x8DBE174F93C5CA6\u0022",
        "Last-Modified": "Thu, 09 Nov 2023 22:41:11 GMT",
        "Server": [
          "Windows-Azure-Blob/1.0",
          "Microsoft-HTTPAPI/2.0"
        ],
        "x-ms-client-request-id": "af9c11da-94e1-4ce5-a0b2-f8d96e484cef",
        "x-ms-request-id": "6b420228-301e-0055-195d-1387ed000000",
        "x-ms-request-server-encrypted": "true",
        "x-ms-version": "2023-11-03"
      },
      "ResponseBody": null
    },
    {
      "RequestUri": "https://REDACTED/76f6df6b12appendblockacfail9f81655466904f22eb8d4a/76f6df6b13appendblockacfail9f860928c6865637aadc46?comp=appendblock",
      "RequestMethod": "PUT",
      "RequestHeaders": {
        "Accept": "application/xml",
        "Authorization": "Sanitized",
        "Content-Length": "7",
        "Content-Type": "application/octet-stream",
        "Date": "Thu, 09 Nov 2023 22:41:11 GMT",
        "If-Unmodified-Since": "Wed, 08 Nov 2023 22:40:57 GMT",
        "User-Agent": "azsdk-java-azure-storage-blob/12.25.0-beta.2 (17.0.8; Windows 11; 10.0)",
        "x-ms-client-request-id": "a7214073-0e02-4288-be2b-2bfbc0cc276a",
        "x-ms-version": "2023-11-03"
      },
      "RequestBody": "ZGVmYXVsdA==",
      "StatusCode": 412,
      "ResponseHeaders": {
        "Content-Length": "252",
        "Content-Type": "application/xml",
        "Date": "Thu, 09 Nov 2023 22:41:11 GMT",
        "Server": [
          "Windows-Azure-Blob/1.0",
          "Microsoft-HTTPAPI/2.0"
        ],
        "x-ms-client-request-id": "a7214073-0e02-4288-be2b-2bfbc0cc276a",
        "x-ms-error-code": "ConditionNotMet",
        "x-ms-request-id": "6b4202b7-301e-0055-1f5d-1387ed000000",
        "x-ms-version": "2023-11-03"
      },
      "ResponseBody": [
        "\uFEFF\u003C?xml version=\u00221.0\u0022 encoding=\u0022utf-8\u0022?\u003E\u003CError\u003E\u003CCode\u003EConditionNotMet\u003C/Code\u003E\u003CMessage\u003EThe condition specified using HTTP conditional header(s) is not met.\n",
        "RequestId:6b4202b7-301e-0055-1f5d-1387ed000000\n",
        "Time:2023-11-09T22:41:11.7906703Z\u003C/Message\u003E\u003C/Error\u003E"
      ]
    }
  ],
  "Variables": {
    "0": "76f6df6b12appendblockacfail9f81655466904f22eb8d4a",
    "1": "76f6df6b13appendblockacfail9f860928c6865637aadc46"
  }
}
