{
  "Entries": [
    {
      "RequestUri": "https://REDACTED/6fa1427d205createac7e2645088f6e09b69f614bedaf?restype=container",
      "RequestMethod": "PUT",
      "RequestHeaders": {
        "Accept": "application/xml",
        "Authorization": "Sanitized",
        "Content-Length": "0",
        "Date": "Tue, 03 Oct 2023 21:48:33 GMT",
        "User-Agent": "azsdk-java-azure-storage-blob/12.25.0-beta.1 (11.0.16.1; Windows 11; 10.0)",
        "x-ms-client-request-id": "4bda0446-b395-4428-8ba5-ea578454ee65",
        "x-ms-version": "2023-08-03"
      },
      "RequestBody": null,
      "StatusCode": 201,
      "ResponseHeaders": {
        "Content-Length": "0",
        "Date": "Tue, 03 Oct 2023 21:48:33 GMT",
        "ETag": "\u00220x8DBC45A7D7F347A\u0022",
        "Last-Modified": "Tue, 03 Oct 2023 21:48:33 GMT",
        "Server": [
          "Windows-Azure-Blob/1.0",
          "Microsoft-HTTPAPI/2.0"
        ],
        "x-ms-client-request-id": "4bda0446-b395-4428-8ba5-ea578454ee65",
        "x-ms-request-id": "80199ddb-c01e-001e-1d43-f67d5a000000",
        "x-ms-version": "2023-08-03"
      },
      "ResponseBody": null
    },
    {
      "RequestUri": "https://REDACTED/6fa1427d205createac7e2645088f6e09b69f614bedaf/6fa1427d206createac7e2034415262be4785d444ca8e",
      "RequestMethod": "PUT",
      "RequestHeaders": {
        "Accept": "application/xml",
        "Authorization": "Sanitized",
        "Content-Length": "0",
        "Date": "Tue, 03 Oct 2023 21:48:33 GMT",
        "If-None-Match": "*",
        "User-Agent": "azsdk-java-azure-storage-blob/12.25.0-beta.1 (11.0.16.1; Windows 11; 10.0)",
        "x-ms-blob-type": "AppendBlob",
        "x-ms-client-request-id": "0e2b85a4-92ee-4a0b-96ea-c6ca5704400c",
        "x-ms-version": "2023-08-03"
      },
      "RequestBody": null,
      "StatusCode": 201,
      "ResponseHeaders": {
        "Content-Length": "0",
        "Date": "Tue, 03 Oct 2023 21:48:33 GMT",
        "ETag": "\u00220x8DBC45A7D8FBD62\u0022",
        "Last-Modified": "Tue, 03 Oct 2023 21:48:33 GMT",
        "Server": [
          "Windows-Azure-Blob/1.0",
          "Microsoft-HTTPAPI/2.0"
        ],
        "x-ms-client-request-id": "0e2b85a4-92ee-4a0b-96ea-c6ca5704400c",
        "x-ms-request-id": "80199e16-c01e-001e-5243-f67d5a000000",
        "x-ms-request-server-encrypted": "true",
        "x-ms-version": "2023-08-03",
        "x-ms-version-id": "2023-10-03T21:48:33.5730018Z"
      },
      "ResponseBody": null
    },
    {
      "RequestUri": "https://REDACTED/6fa1427d205createac7e2645088f6e09b69f614bedaf/6fa1427d206createac7e2034415262be4785d444ca8e?comp=tags",
      "RequestMethod": "PUT",
      "RequestHeaders": {
        "Accept": "application/xml",
        "Authorization": "Sanitized",
        "Content-Length": "116",
        "Content-Type": "application/xml",
        "Date": "Tue, 03 Oct 2023 21:48:33 GMT",
        "User-Agent": "azsdk-java-azure-storage-blob/12.25.0-beta.1 (11.0.16.1; Windows 11; 10.0)",
        "x-ms-client-request-id": "09e1389c-711b-4f47-b5cb-47b05a465757",
        "x-ms-version": "2023-08-03"
      },
      "RequestBody": "\u003C?xml version=\u00271.0\u0027 encoding=\u0027UTF-8\u0027?\u003E\u003CTags\u003E\u003CTagSet\u003E\u003CTag\u003E\u003CKey\u003Efoo\u003C/Key\u003E\u003CValue\u003EREDACTED\u003C/Value\u003E\u003C/Tag\u003E\u003C/TagSet\u003E\u003C/Tags\u003E",
      "StatusCode": 204,
      "ResponseHeaders": {
        "Date": "Tue, 03 Oct 2023 21:48:33 GMT",
        "Server": [
          "Windows-Azure-Blob/1.0",
          "Microsoft-HTTPAPI/2.0"
        ],
        "x-ms-client-request-id": "09e1389c-711b-4f47-b5cb-47b05a465757",
        "x-ms-request-id": "80199e76-c01e-001e-2a43-f67d5a000000",
        "x-ms-version": "2023-08-03"
      },
      "ResponseBody": null
    },
    {
      "RequestUri": "https://REDACTED/6fa1427d205createac7e2645088f6e09b69f614bedaf/6fa1427d206createac7e2034415262be4785d444ca8e",
      "RequestMethod": "HEAD",
      "RequestHeaders": {
        "Accept": "application/xml",
        "Authorization": "Sanitized",
        "Content-Length": "0",
        "Date": "Tue, 03 Oct 2023 21:48:33 GMT",
        "User-Agent": "azsdk-java-azure-storage-blob/12.25.0-beta.1 (11.0.16.1; Windows 11; 10.0)",
        "x-ms-client-request-id": "1f689a77-40dc-41b3-ba97-e40fa90e7c97",
        "x-ms-version": "2023-08-03"
      },
      "RequestBody": null,
      "StatusCode": 200,
      "ResponseHeaders": {
        "Accept-Ranges": "bytes",
        "Access-Control-Allow-Origin": "*",
        "Access-Control-Expose-Headers": "x-ms-client-request-id",
        "Content-Length": "0",
        "Content-Type": "application/octet-stream",
        "Date": "Tue, 03 Oct 2023 21:48:33 GMT",
        "ETag": "\u00220x8DBC45A7D8FBD62\u0022",
        "Last-Modified": "Tue, 03 Oct 2023 21:48:33 GMT",
        "Server": [
          "Windows-Azure-Blob/1.0",
          "Microsoft-HTTPAPI/2.0"
        ],
        "x-ms-blob-committed-block-count": "0",
        "x-ms-blob-type": "AppendBlob",
        "x-ms-client-request-id": "1f689a77-40dc-41b3-ba97-e40fa90e7c97",
        "x-ms-creation-time": "Tue, 03 Oct 2023 21:48:33 GMT",
        "x-ms-is-current-version": "true",
        "x-ms-lease-state": "available",
        "x-ms-lease-status": "unlocked",
        "x-ms-request-id": "80199eb0-c01e-001e-5d43-f67d5a000000",
        "x-ms-server-encrypted": "true",
        "x-ms-tag-count": "1",
        "x-ms-version": "2023-08-03",
        "x-ms-version-id": "2023-10-03T21:48:33.5730018Z"
      },
      "ResponseBody": null
    },
    {
      "RequestUri": "https://REDACTED/6fa1427d205createac7e2645088f6e09b69f614bedaf/6fa1427d206createac7e2034415262be4785d444ca8e",
      "RequestMethod": "PUT",
      "RequestHeaders": {
        "Accept": "application/xml",
        "Authorization": "Sanitized",
        "Content-Length": "0",
        "Date": "Tue, 03 Oct 2023 21:48:33 GMT",
        "If-Match": "0x8DBC45A7D8FBD62",
        "User-Agent": "azsdk-java-azure-storage-blob/12.25.0-beta.1 (11.0.16.1; Windows 11; 10.0)",
        "x-ms-blob-type": "AppendBlob",
        "x-ms-client-request-id": "f8a34ac0-cd97-4149-b0a3-707d71781cfb",
        "x-ms-version": "2023-08-03"
      },
      "RequestBody": null,
      "StatusCode": 201,
      "ResponseHeaders": {
        "Content-Length": "0",
        "Date": "Tue, 03 Oct 2023 21:48:33 GMT",
        "ETag": "\u00220x8DBC45A7DC285AC\u0022",
        "Last-Modified": "Tue, 03 Oct 2023 21:48:33 GMT",
        "Server": [
          "Windows-Azure-Blob/1.0",
          "Microsoft-HTTPAPI/2.0"
        ],
        "x-ms-client-request-id": "f8a34ac0-cd97-4149-b0a3-707d71781cfb",
        "x-ms-request-id": "80199f04-c01e-001e-2943-f67d5a000000",
        "x-ms-request-server-encrypted": "true",
        "x-ms-version": "2023-08-03",
        "x-ms-version-id": "2023-10-03T21:48:33.9068092Z"
      },
      "ResponseBody": null
    }
  ],
  "Variables": {
    "0": "6fa1427d205createac7e2645088f6e09b69f614bedaf",
    "1": "6fa1427d206createac7e2034415262be4785d444ca8e"
  }
}
