{
  "Entries": [
    {
      "RequestUri": "https://REDACTED/3a78802d77appendblockacabc92405accfe17d1b0b4a4e?restype=container",
      "RequestMethod": "PUT",
      "RequestHeaders": {
        "Accept": "application/xml",
        "Authorization": "Sanitized",
        "Content-Length": "0",
        "Date": "Mon, 08 Jan 2024 19:46:12 GMT",
        "User-Agent": "azsdk-java-azure-storage-blob/12.26.0-beta.1 (17.0.8; Windows 11; 10.0)",
        "x-ms-client-request-id": "928b1320-4983-473b-a99f-315a39d42807",
        "x-ms-version": "2024-02-04"
      },
      "RequestBody": null,
      "StatusCode": 201,
      "ResponseHeaders": {
        "Content-Length": "0",
        "Date": "Mon, 08 Jan 2024 19:46:22 GMT",
        "ETag": "\u00220x8DC10827E8B08BB\u0022",
        "Last-Modified": "Mon, 08 Jan 2024 19:46:23 GMT",
        "Server": [
          "Windows-Azure-Blob/1.0",
          "Microsoft-HTTPAPI/2.0"
        ],
        "x-ms-client-request-id": "928b1320-4983-473b-a99f-315a39d42807",
        "x-ms-request-id": "1ac31e3d-a01e-001a-116b-42f6b9000000",
        "x-ms-version": "2024-02-04"
      },
      "ResponseBody": null
    },
    {
      "RequestUri": "https://REDACTED/3a78802d77appendblockacabc92405accfe17d1b0b4a4e?restype=container",
      "RequestMethod": "PUT",
      "RequestHeaders": {
        "Accept": "application/xml",
        "Authorization": "Sanitized",
        "Content-Length": "0",
        "Date": "Mon, 08 Jan 2024 19:46:12 GMT",
        "User-Agent": "azsdk-java-azure-storage-blob/12.26.0-beta.1 (17.0.8; Windows 11; 10.0)",
        "x-ms-client-request-id": "f6f10803-d81c-4aaf-9ad0-acd7aecd5a83",
        "x-ms-version": "2024-02-04"
      },
      "RequestBody": null,
      "StatusCode": 409,
      "ResponseHeaders": {
        "Content-Length": "230",
        "Content-Type": "application/xml",
        "Date": "Mon, 08 Jan 2024 19:46:22 GMT",
        "Server": [
          "Windows-Azure-Blob/1.0",
          "Microsoft-HTTPAPI/2.0"
        ],
        "x-ms-client-request-id": "f6f10803-d81c-4aaf-9ad0-acd7aecd5a83",
        "x-ms-error-code": "ContainerAlreadyExists",
        "x-ms-request-id": "1ac31f1f-a01e-001a-566b-42f6b9000000",
        "x-ms-version": "2024-02-04"
      },
      "ResponseBody": [
        "\uFEFF\u003C?xml version=\u00221.0\u0022 encoding=\u0022utf-8\u0022?\u003E\u003CError\u003E\u003CCode\u003EContainerAlreadyExists\u003C/Code\u003E\u003CMessage\u003EThe specified container already exists.\n",
        "RequestId:1ac31f1f-a01e-001a-566b-42f6b9000000\n",
        "Time:2024-01-08T19:46:23.5561105Z\u003C/Message\u003E\u003C/Error\u003E"
      ]
    },
    {
      "RequestUri": "https://REDACTED/3a78802d77appendblockacabc92405accfe17d1b0b4a4e/3a78802d78appendblockacabc7368685bfab3afba6416a",
      "RequestMethod": "PUT",
      "RequestHeaders": {
        "Accept": "application/xml",
        "Authorization": "Sanitized",
        "Content-Length": "0",
        "Date": "Mon, 08 Jan 2024 19:46:12 GMT",
        "If-None-Match": "*",
        "User-Agent": "azsdk-java-azure-storage-blob/12.26.0-beta.1 (17.0.8; Windows 11; 10.0)",
        "x-ms-blob-type": "AppendBlob",
        "x-ms-client-request-id": "de16448d-79f4-4160-8f02-60f5d12baa4a",
        "x-ms-version": "2024-02-04"
      },
      "RequestBody": null,
      "StatusCode": 201,
      "ResponseHeaders": {
        "Content-Length": "0",
        "Date": "Mon, 08 Jan 2024 19:46:22 GMT",
        "ETag": "\u00220x8DC10827EAAFB51\u0022",
        "Last-Modified": "Mon, 08 Jan 2024 19:46:23 GMT",
        "Server": [
          "Windows-Azure-Blob/1.0",
          "Microsoft-HTTPAPI/2.0"
        ],
        "x-ms-client-request-id": "de16448d-79f4-4160-8f02-60f5d12baa4a",
        "x-ms-request-id": "1ac31fb3-a01e-001a-5f6b-42f6b9000000",
        "x-ms-request-server-encrypted": "true",
        "x-ms-version": "2024-02-04"
      },
      "ResponseBody": null
    },
    {
      "RequestUri": "https://REDACTED/3a78802d77appendblockacabc92405accfe17d1b0b4a4e/3a78802d78appendblockacabc7368685bfab3afba6416a?comp=tags",
      "RequestMethod": "PUT",
      "RequestHeaders": {
        "Accept": "application/xml",
        "Authorization": "Sanitized",
        "Content-Length": "111",
        "Content-Type": "application/xml",
        "Date": "Mon, 08 Jan 2024 19:46:12 GMT",
        "User-Agent": "azsdk-java-azure-storage-blob/12.26.0-beta.1 (17.0.8; Windows 11; 10.0)",
        "x-ms-client-request-id": "9970e2b9-6626-4a55-b497-2a73b121ea3f",
        "x-ms-version": "2024-02-04"
      },
      "RequestBody": "\u003C?xml version=\u00271.0\u0027 encoding=\u0027UTF-8\u0027?\u003E\u003CTags\u003E\u003CTagSet\u003E\u003CTag\u003E\u003CKey\u003Efoo\u003C/Key\u003E\u003CValue\u003Ebar\u003C/Value\u003E\u003C/Tag\u003E\u003C/TagSet\u003E\u003C/Tags\u003E",
      "StatusCode": 204,
      "ResponseHeaders": {
        "Date": "Mon, 08 Jan 2024 19:46:22 GMT",
        "Server": [
          "Windows-Azure-Blob/1.0",
          "Microsoft-HTTPAPI/2.0"
        ],
        "x-ms-client-request-id": "9970e2b9-6626-4a55-b497-2a73b121ea3f",
        "x-ms-request-id": "1ac3207b-a01e-001a-196b-42f6b9000000",
        "x-ms-version": "2024-02-04"
      },
      "ResponseBody": null
    },
    {
      "RequestUri": "https://REDACTED/3a78802d77appendblockacabc92405accfe17d1b0b4a4e/3a78802d78appendblockacabc7368685bfab3afba6416a?comp=appendblock",
      "RequestMethod": "PUT",
      "RequestHeaders": {
        "Accept": "application/xml",
        "Authorization": "Sanitized",
        "Content-Length": "7",
        "Content-Type": "application/octet-stream",
        "Date": "Mon, 08 Jan 2024 19:46:13 GMT",
        "User-Agent": "azsdk-java-azure-storage-blob/12.26.0-beta.1 (17.0.8; Windows 11; 10.0)",
        "x-ms-client-request-id": "14de24da-af36-465d-b398-6d7b1f0a5691",
        "x-ms-version": "2024-02-04"
      },
      "RequestBody": "ZGVmYXVsdA==",
      "StatusCode": 201,
      "ResponseHeaders": {
        "Content-Length": "0",
        "Date": "Mon, 08 Jan 2024 19:46:22 GMT",
        "ETag": "\u00220x8DC10827EC8DF2F\u0022",
        "Last-Modified": "Mon, 08 Jan 2024 19:46:23 GMT",
        "Server": [
          "Windows-Azure-Blob/1.0",
          "Microsoft-HTTPAPI/2.0"
        ],
        "x-ms-blob-append-offset": "0",
        "x-ms-blob-committed-block-count": "1",
        "x-ms-client-request-id": "14de24da-af36-465d-b398-6d7b1f0a5691",
        "x-ms-content-crc64": "6RYQPwaVsyQ=",
        "x-ms-request-id": "1ac32116-a01e-001a-2f6b-42f6b9000000",
        "x-ms-request-server-encrypted": "true",
        "x-ms-version": "2024-02-04"
      },
      "ResponseBody": null
    }
  ],
  "Variables": {
    "0": "3a78802d77appendblockacabc92405accfe17d1b0b4a4e",
    "1": "3a78802d78appendblockacabc7368685bfab3afba6416a"
  }
}
