{
  "Entries": [
    {
      "RequestUri": "https://REDACTED/147c2db70downloadacstreaming6a7491662db8ca022c504?restype=container",
      "RequestMethod": "PUT",
      "RequestHeaders": {
        "Accept": "application/xml",
        "Authorization": "Sanitized",
        "Content-Length": "0",
        "Date": "Fri, 01 Dec 2023 19:12:14 GMT",
        "User-Agent": "azsdk-java-azure-storage-blob/12.26.0-beta.1 (17.0.8; Windows 11; 10.0)",
        "x-ms-client-request-id": "abcf8eb8-e1d4-4d79-993f-55008b579bf9",
        "x-ms-version": "2024-02-04"
      },
      "RequestBody": null,
      "StatusCode": 201,
      "ResponseHeaders": {
        "Content-Length": "0",
        "Date": "Fri, 01 Dec 2023 19:12:14 GMT",
        "ETag": "\u00220x8DBF2A16E5A60EE\u0022",
        "Last-Modified": "Fri, 01 Dec 2023 19:12:15 GMT",
        "Server": [
          "Windows-Azure-Blob/1.0",
          "Microsoft-HTTPAPI/2.0"
        ],
        "x-ms-client-request-id": "abcf8eb8-e1d4-4d79-993f-55008b579bf9",
        "x-ms-request-id": "23e34af5-201e-0066-0f8a-24d846000000",
        "x-ms-version": "2024-02-04"
      },
      "ResponseBody": null
    },
    {
      "RequestUri": "https://REDACTED/147c2db70downloadacstreaming6a7491662db8ca022c504?restype=container",
      "RequestMethod": "PUT",
      "RequestHeaders": {
        "Accept": "application/xml",
        "Authorization": "Sanitized",
        "Content-Length": "0",
        "Date": "Fri, 01 Dec 2023 19:12:14 GMT",
        "User-Agent": "azsdk-java-azure-storage-blob/12.26.0-beta.1 (17.0.8; Windows 11; 10.0)",
        "x-ms-client-request-id": "6e1fb13c-13d3-47f0-92f8-b8e5f698c310",
        "x-ms-version": "2024-02-04"
      },
      "RequestBody": null,
      "StatusCode": 409,
      "ResponseHeaders": {
        "Content-Length": "230",
        "Content-Type": "application/xml",
        "Date": "Fri, 01 Dec 2023 19:12:15 GMT",
        "Server": [
          "Windows-Azure-Blob/1.0",
          "Microsoft-HTTPAPI/2.0"
        ],
        "x-ms-client-request-id": "6e1fb13c-13d3-47f0-92f8-b8e5f698c310",
        "x-ms-error-code": "ContainerAlreadyExists",
        "x-ms-request-id": "cdf52c58-601e-0015-4e8a-2480d5000000",
        "x-ms-version": "2024-02-04"
      },
      "ResponseBody": [
        "\uFEFF\u003C?xml version=\u00221.0\u0022 encoding=\u0022utf-8\u0022?\u003E\u003CError\u003E\u003CCode\u003EContainerAlreadyExists\u003C/Code\u003E\u003CMessage\u003EThe specified container already exists.\n",
        "RequestId:cdf52c58-601e-0015-4e8a-2480d5000000\n",
        "Time:2023-12-01T19:12:15.9125951Z\u003C/Message\u003E\u003C/Error\u003E"
      ]
    },
    {
      "RequestUri": "https://REDACTED/147c2db70downloadacstreaming6a7491662db8ca022c504/147c2db71downloadacstreaming6a77489356de5a344c9f4",
      "RequestMethod": "PUT",
      "RequestHeaders": {
        "Accept": "application/xml",
        "Authorization": "Sanitized",
        "Content-Length": "7",
        "Content-Type": "application/octet-stream",
        "Date": "Fri, 01 Dec 2023 19:12:14 GMT",
        "If-None-Match": "*",
        "User-Agent": "azsdk-java-azure-storage-blob/12.26.0-beta.1 (17.0.8; Windows 11; 10.0)",
        "x-ms-blob-type": "BlockBlob",
        "x-ms-client-request-id": "4f5b1dc0-b5af-4a8a-8df1-9d36074fa5a0",
        "x-ms-version": "2024-02-04"
      },
      "RequestBody": "ZGVmYXVsdA==",
      "StatusCode": 201,
      "ResponseHeaders": {
        "Content-Length": "0",
        "Content-MD5": "wh\u002BWm18D0z1D4E\u002BPE252gg==",
        "Date": "Fri, 01 Dec 2023 19:12:15 GMT",
        "ETag": "\u00220x8DBF2A16E76CA25\u0022",
        "Last-Modified": "Fri, 01 Dec 2023 19:12:15 GMT",
        "Server": [
          "Windows-Azure-Blob/1.0",
          "Microsoft-HTTPAPI/2.0"
        ],
        "x-ms-client-request-id": "4f5b1dc0-b5af-4a8a-8df1-9d36074fa5a0",
        "x-ms-content-crc64": "6RYQPwaVsyQ=",
        "x-ms-request-id": "cdf52cd1-601e-0015-3c8a-2480d5000000",
        "x-ms-request-server-encrypted": "true",
        "x-ms-version": "2024-02-04"
      },
      "ResponseBody": null
    },
    {
      "RequestUri": "https://REDACTED/147c2db70downloadacstreaming6a7491662db8ca022c504/147c2db71downloadacstreaming6a77489356de5a344c9f4?comp=tags",
      "RequestMethod": "PUT",
      "RequestHeaders": {
        "Accept": "application/xml",
        "Authorization": "Sanitized",
        "Content-Length": "111",
        "Content-Type": "application/xml",
        "Date": "Fri, 01 Dec 2023 19:12:15 GMT",
        "User-Agent": "azsdk-java-azure-storage-blob/12.26.0-beta.1 (17.0.8; Windows 11; 10.0)",
        "x-ms-client-request-id": "adc183d9-77a6-40ad-8425-5a67216d9bb2",
        "x-ms-version": "2024-02-04"
      },
      "RequestBody": "\u003C?xml version=\u00271.0\u0027 encoding=\u0027UTF-8\u0027?\u003E\u003CTags\u003E\u003CTagSet\u003E\u003CTag\u003E\u003CKey\u003Efoo\u003C/Key\u003E\u003CValue\u003Ebar\u003C/Value\u003E\u003C/Tag\u003E\u003C/TagSet\u003E\u003C/Tags\u003E",
      "StatusCode": 204,
      "ResponseHeaders": {
        "Date": "Fri, 01 Dec 2023 19:12:15 GMT",
        "Server": [
          "Windows-Azure-Blob/1.0",
          "Microsoft-HTTPAPI/2.0"
        ],
        "x-ms-client-request-id": "adc183d9-77a6-40ad-8425-5a67216d9bb2",
        "x-ms-request-id": "7f2cbb52-601e-003a-5c8a-248d1e000000",
        "x-ms-version": "2024-02-04"
      },
      "ResponseBody": null
    },
    {
      "RequestUri": "https://REDACTED/147c2db70downloadacstreaming6a7491662db8ca022c504/147c2db71downloadacstreaming6a77489356de5a344c9f4",
      "RequestMethod": "HEAD",
      "RequestHeaders": {
        "Accept": "application/xml",
        "Authorization": "Sanitized",
        "Content-Length": "0",
        "Date": "Fri, 01 Dec 2023 19:12:15 GMT",
        "User-Agent": "azsdk-java-azure-storage-blob/12.26.0-beta.1 (17.0.8; Windows 11; 10.0)",
        "x-ms-client-request-id": "8646d79a-7b52-4313-8eec-b61995c6cc26",
        "x-ms-version": "2024-02-04"
      },
      "RequestBody": null,
      "StatusCode": 200,
      "ResponseHeaders": {
        "Accept-Ranges": "bytes",
        "Content-Length": "7",
        "Content-MD5": "wh\u002BWm18D0z1D4E\u002BPE252gg==",
        "Content-Type": "application/octet-stream",
        "Date": "Fri, 01 Dec 2023 19:12:16 GMT",
        "ETag": "\u00220x8DBF2A16E76CA25\u0022",
        "Last-Modified": "Fri, 01 Dec 2023 19:12:15 GMT",
        "Server": [
          "Windows-Azure-Blob/1.0",
          "Microsoft-HTTPAPI/2.0"
        ],
        "x-ms-access-tier": "Hot",
        "x-ms-access-tier-inferred": "true",
        "x-ms-blob-type": "BlockBlob",
        "x-ms-client-request-id": "8646d79a-7b52-4313-8eec-b61995c6cc26",
        "x-ms-creation-time": "Fri, 01 Dec 2023 19:12:15 GMT",
        "x-ms-lease-state": "available",
        "x-ms-lease-status": "unlocked",
        "x-ms-request-id": "7f2cbbb8-601e-003a-398a-248d1e000000",
        "x-ms-server-encrypted": "true",
        "x-ms-tag-count": "1",
        "x-ms-version": "2024-02-04"
      },
      "ResponseBody": null
    },
    {
      "RequestUri": "https://REDACTED/147c2db70downloadacstreaming6a7491662db8ca022c504/147c2db71downloadacstreaming6a77489356de5a344c9f4",
      "RequestMethod": "GET",
      "RequestHeaders": {
        "Accept": "application/xml",
        "Authorization": "Sanitized",
        "Content-Length": "0",
        "Date": "Fri, 01 Dec 2023 19:12:15 GMT",
        "If-Match": "0x8DBF2A16E76CA25",
        "User-Agent": "azsdk-java-azure-storage-blob/12.26.0-beta.1 (17.0.8; Windows 11; 10.0)",
        "x-ms-client-request-id": "f7b9a45c-42f8-4d75-8a9d-8ab64168dab7",
        "x-ms-version": "2024-02-04"
      },
      "RequestBody": null,
      "StatusCode": 200,
      "ResponseHeaders": {
        "Accept-Ranges": "bytes",
        "Content-Length": "7",
        "Content-MD5": "wh\u002BWm18D0z1D4E\u002BPE252gg==",
        "Content-Type": "application/octet-stream",
        "Date": "Fri, 01 Dec 2023 19:12:16 GMT",
        "ETag": "\u00220x8DBF2A16E76CA25\u0022",
        "Last-Modified": "Fri, 01 Dec 2023 19:12:15 GMT",
        "Server": [
          "Windows-Azure-Blob/1.0",
          "Microsoft-HTTPAPI/2.0"
        ],
        "x-ms-blob-type": "BlockBlob",
        "x-ms-client-request-id": "f7b9a45c-42f8-4d75-8a9d-8ab64168dab7",
        "x-ms-creation-time": "Fri, 01 Dec 2023 19:12:15 GMT",
        "x-ms-lease-state": "available",
        "x-ms-lease-status": "unlocked",
        "x-ms-request-id": "92b9e98a-e01e-0024-5b8a-2461c6000000",
        "x-ms-server-encrypted": "true",
        "x-ms-tag-count": "1",
        "x-ms-version": "2024-02-04"
      },
      "ResponseBody": "ZGVmYXVsdA=="
    }
  ],
  "Variables": {
    "0": "147c2db70downloadacstreaming6a7491662db8ca022c504",
    "1": "147c2db71downloadacstreaming6a77489356de5a344c9f4"
  }
}
