{
  "Entries": [
    {
      "RequestUri": "https://REDACTED/13287cb00downloadsnapshotca6150386e276e05e57f4a5?restype=container",
      "RequestMethod": "PUT",
      "RequestHeaders": {
        "Accept": "application/xml",
        "Authorization": "Sanitized",
        "Content-Length": "0",
        "Date": "Tue, 03 Oct 2023 22:44:54 GMT",
        "User-Agent": "azsdk-java-azure-storage-blob/12.25.0-beta.1 (11.0.16.1; Windows 11; 10.0)",
        "x-ms-client-request-id": "18e80a49-66ef-47b0-b737-6168495ba0e1",
        "x-ms-version": "2023-08-03"
      },
      "RequestBody": null,
      "StatusCode": 201,
      "ResponseHeaders": {
        "Content-Length": "0",
        "Date": "Tue, 03 Oct 2023 22:44:54 GMT",
        "ETag": "\u00220x8DBC4625D186F28\u0022",
        "Last-Modified": "Tue, 03 Oct 2023 22:44:55 GMT",
        "Server": [
          "Windows-Azure-Blob/1.0",
          "Microsoft-HTTPAPI/2.0"
        ],
        "x-ms-client-request-id": "18e80a49-66ef-47b0-b737-6168495ba0e1",
        "x-ms-request-id": "7dfa3d2a-e01e-007b-5e4b-f6d31e000000",
        "x-ms-version": "2023-08-03"
      },
      "ResponseBody": null
    },
    {
      "RequestUri": "https://REDACTED/13287cb00downloadsnapshotca6150386e276e05e57f4a5/13287cb01downloadsnapshotca662696e01a4d2c37d244e",
      "RequestMethod": "PUT",
      "RequestHeaders": {
        "Accept": "application/xml",
        "Authorization": "Sanitized",
        "Content-Length": "7",
        "Content-Type": "application/octet-stream",
        "Date": "Tue, 03 Oct 2023 22:44:54 GMT",
        "If-None-Match": "*",
        "User-Agent": "azsdk-java-azure-storage-blob/12.25.0-beta.1 (11.0.16.1; Windows 11; 10.0)",
        "x-ms-blob-type": "BlockBlob",
        "x-ms-client-request-id": "f77ceec5-79c2-4d19-916d-21191b1f24fe",
        "x-ms-version": "2023-08-03"
      },
      "RequestBody": "ZGVmYXVsdA==",
      "StatusCode": 201,
      "ResponseHeaders": {
        "Content-Length": "0",
        "Content-MD5": "wh\u002BWm18D0z1D4E\u002BPE252gg==",
        "Date": "Tue, 03 Oct 2023 22:44:54 GMT",
        "ETag": "\u00220x8DBC4625D26D4E4\u0022",
        "Last-Modified": "Tue, 03 Oct 2023 22:44:55 GMT",
        "Server": [
          "Windows-Azure-Blob/1.0",
          "Microsoft-HTTPAPI/2.0"
        ],
        "x-ms-client-request-id": "f77ceec5-79c2-4d19-916d-21191b1f24fe",
        "x-ms-content-crc64": "6RYQPwaVsyQ=",
        "x-ms-request-id": "7dfa3d6e-e01e-007b-174b-f6d31e000000",
        "x-ms-request-server-encrypted": "true",
        "x-ms-version": "2023-08-03",
        "x-ms-version-id": "2023-10-03T22:44:55.1722212Z"
      },
      "ResponseBody": null
    },
    {
      "RequestUri": "https://REDACTED/13287cb00downloadsnapshotca6150386e276e05e57f4a5/13287cb01downloadsnapshotca662696e01a4d2c37d244e",
      "RequestMethod": "GET",
      "RequestHeaders": {
        "Accept": "application/xml",
        "Authorization": "Sanitized",
        "Content-Length": "0",
        "Date": "Tue, 03 Oct 2023 22:44:54 GMT",
        "User-Agent": "azsdk-java-azure-storage-blob/12.25.0-beta.1 (11.0.16.1; Windows 11; 10.0)",
        "x-ms-client-request-id": "097da6ee-e415-4555-819c-0a57fe3bbd45",
        "x-ms-version": "2023-08-03"
      },
      "RequestBody": null,
      "StatusCode": 200,
      "ResponseHeaders": {
        "Accept-Ranges": "bytes",
        "Access-Control-Allow-Origin": "*",
        "Access-Control-Expose-Headers": "x-ms-client-request-id",
        "Content-Length": "7",
        "Content-MD5": "wh\u002BWm18D0z1D4E\u002BPE252gg==",
        "Content-Type": "application/octet-stream",
        "Date": "Tue, 03 Oct 2023 22:44:54 GMT",
        "ETag": "\u00220x8DBC4625D26D4E4\u0022",
        "Last-Modified": "Tue, 03 Oct 2023 22:44:55 GMT",
        "Server": [
          "Windows-Azure-Blob/1.0",
          "Microsoft-HTTPAPI/2.0"
        ],
        "x-ms-blob-type": "BlockBlob",
        "x-ms-client-request-id": "097da6ee-e415-4555-819c-0a57fe3bbd45",
        "x-ms-creation-time": "Tue, 03 Oct 2023 22:44:55 GMT",
        "x-ms-is-current-version": "true",
        "x-ms-last-access-time": "Tue, 03 Oct 2023 22:44:55 GMT",
        "x-ms-lease-state": "available",
        "x-ms-lease-status": "unlocked",
        "x-ms-request-id": "7dfa3dc9-e01e-007b-6c4b-f6d31e000000",
        "x-ms-server-encrypted": "true",
        "x-ms-version": "2023-08-03",
        "x-ms-version-id": "2023-10-03T22:44:55.1722212Z"
      },
      "ResponseBody": "ZGVmYXVsdA=="
    },
    {
      "RequestUri": "https://REDACTED/13287cb00downloadsnapshotca6150386e276e05e57f4a5/13287cb01downloadsnapshotca662696e01a4d2c37d244e?comp=snapshot",
      "RequestMethod": "PUT",
      "RequestHeaders": {
        "Accept": "application/xml",
        "Authorization": "Sanitized",
        "Content-Length": "0",
        "Date": "Tue, 03 Oct 2023 22:44:54 GMT",
        "User-Agent": "azsdk-java-azure-storage-blob/12.25.0-beta.1 (11.0.16.1; Windows 11; 10.0)",
        "x-ms-client-request-id": "a0459b49-17b9-4107-a156-fb37562bbef9",
        "x-ms-version": "2023-08-03"
      },
      "RequestBody": null,
      "StatusCode": 201,
      "ResponseHeaders": {
        "Content-Length": "0",
        "Date": "Tue, 03 Oct 2023 22:44:54 GMT",
        "ETag": "\u00220x8DBC4625D26D4E4\u0022",
        "Last-Modified": "Tue, 03 Oct 2023 22:44:55 GMT",
        "Server": [
          "Windows-Azure-Blob/1.0",
          "Microsoft-HTTPAPI/2.0"
        ],
        "x-ms-client-request-id": "a0459b49-17b9-4107-a156-fb37562bbef9",
        "x-ms-request-id": "7dfa3ded-e01e-007b-0c4b-f6d31e000000",
        "x-ms-request-server-encrypted": "false",
        "x-ms-snapshot": "2023-10-03T22:44:55.3950935Z",
        "x-ms-version": "2023-08-03",
        "x-ms-version-id": "2023-10-03T22:44:55.3960935Z"
      },
      "ResponseBody": null
    },
    {
      "RequestUri": "https://REDACTED/13287cb00downloadsnapshotca6150386e276e05e57f4a5/13287cb01downloadsnapshotca662696e01a4d2c37d244e",
      "RequestMethod": "PUT",
      "RequestHeaders": {
        "Accept": "application/xml",
        "Authorization": "Sanitized",
        "Content-Length": "3",
        "Content-Type": "application/octet-stream",
        "Date": "Tue, 03 Oct 2023 22:44:55 GMT",
        "User-Agent": "azsdk-java-azure-storage-blob/12.25.0-beta.1 (11.0.16.1; Windows 11; 10.0)",
        "x-ms-blob-type": "BlockBlob",
        "x-ms-client-request-id": "8b272593-0f65-4f9d-983e-93c5ba59bc98",
        "x-ms-version": "2023-08-03"
      },
      "RequestBody": "QUJD",
      "StatusCode": 201,
      "ResponseHeaders": {
        "Content-Length": "0",
        "Content-MD5": "kC\u002B90rHfDE9wtKXSNSXpMg==",
        "Date": "Tue, 03 Oct 2023 22:44:54 GMT",
        "ETag": "\u00220x8DBC4625D5F68AB\u0022",
        "Last-Modified": "Tue, 03 Oct 2023 22:44:55 GMT",
        "Server": [
          "Windows-Azure-Blob/1.0",
          "Microsoft-HTTPAPI/2.0"
        ],
        "x-ms-client-request-id": "8b272593-0f65-4f9d-983e-93c5ba59bc98",
        "x-ms-content-crc64": "Ky/Mhvo/J\u002Bs=",
        "x-ms-request-id": "7dfa3e25-e01e-007b-3c4b-f6d31e000000",
        "x-ms-request-server-encrypted": "true",
        "x-ms-version": "2023-08-03",
        "x-ms-version-id": "2023-10-03T22:44:55.5450055Z"
      },
      "ResponseBody": null
    },
    {
      "RequestUri": "https://REDACTED/13287cb00downloadsnapshotca6150386e276e05e57f4a5/13287cb01downloadsnapshotca662696e01a4d2c37d244e?snapshot=2023-10-03T22%3A44%3A55.3950935Z",
      "RequestMethod": "GET",
      "RequestHeaders": {
        "Accept": "application/xml",
        "Authorization": "Sanitized",
        "Content-Length": "0",
        "Date": "Tue, 03 Oct 2023 22:44:55 GMT",
        "User-Agent": "azsdk-java-azure-storage-blob/12.25.0-beta.1 (11.0.16.1; Windows 11; 10.0)",
        "x-ms-client-request-id": "6382532b-190a-41de-85dd-b30f47af3f34",
        "x-ms-version": "2023-08-03"
      },
      "RequestBody": null,
      "StatusCode": 200,
      "ResponseHeaders": {
        "Accept-Ranges": "bytes",
        "Access-Control-Allow-Origin": "*",
        "Access-Control-Expose-Headers": "x-ms-client-request-id",
        "Content-Length": "7",
        "Content-MD5": "wh\u002BWm18D0z1D4E\u002BPE252gg==",
        "Content-Type": "application/octet-stream",
        "Date": "Tue, 03 Oct 2023 22:44:54 GMT",
        "ETag": "\u00220x8DBC4625D26D4E4\u0022",
        "Last-Modified": "Tue, 03 Oct 2023 22:44:55 GMT",
        "Server": [
          "Windows-Azure-Blob/1.0",
          "Microsoft-HTTPAPI/2.0"
        ],
        "x-ms-blob-type": "BlockBlob",
        "x-ms-client-request-id": "6382532b-190a-41de-85dd-b30f47af3f34",
        "x-ms-creation-time": "Tue, 03 Oct 2023 22:44:55 GMT",
        "x-ms-request-id": "7dfa3e58-e01e-007b-654b-f6d31e000000",
        "x-ms-server-encrypted": "true",
        "x-ms-version": "2023-08-03"
      },
      "ResponseBody": "ZGVmYXVsdA=="
    }
  ],
  "Variables": {
    "0": "13287cb00downloadsnapshotca6150386e276e05e57f4a5",
    "1": "13287cb01downloadsnapshotca662696e01a4d2c37d244e"
  }
}
