{
  "Entries": [
    {
      "RequestUri": "https://REDACTED/a1b21a4d0settierpageblob254943440e1f3d871be3431?restype=container",
      "RequestMethod": "PUT",
      "RequestHeaders": {
        "Accept": "application/xml",
        "Authorization": "Sanitized",
        "Content-Length": "0",
        "Date": "Mon, 08 Jan 2024 19:45:54 GMT",
        "User-Agent": "azsdk-java-azure-storage-blob/12.26.0-beta.1 (17.0.8; Windows 11; 10.0)",
        "x-ms-client-request-id": "827601a8-1eaa-48b0-ba9d-727c29f1b66a",
        "x-ms-version": "2024-02-04"
      },
      "RequestBody": null,
      "StatusCode": 201,
      "ResponseHeaders": {
        "Content-Length": "0",
        "Date": "Mon, 08 Jan 2024 19:46:04 GMT",
        "ETag": "\u00220x8DC108273D1E5EB\u0022",
        "Last-Modified": "Mon, 08 Jan 2024 19:46:05 GMT",
        "Server": [
          "Windows-Azure-Blob/1.0",
          "Microsoft-HTTPAPI/2.0"
        ],
        "x-ms-client-request-id": "827601a8-1eaa-48b0-ba9d-727c29f1b66a",
        "x-ms-request-id": "4cacf03c-501e-000e-476b-42bed6000000",
        "x-ms-version": "2024-02-04"
      },
      "ResponseBody": null
    },
    {
      "RequestUri": "https://REDACTED/a1b21a4d0settierpageblob254943440e1f3d871be3431?restype=container",
      "RequestMethod": "PUT",
      "RequestHeaders": {
        "Accept": "application/xml",
        "Authorization": "Sanitized",
        "Content-Length": "0",
        "Date": "Mon, 08 Jan 2024 19:45:54 GMT",
        "User-Agent": "azsdk-java-azure-storage-blob/12.26.0-beta.1 (17.0.8; Windows 11; 10.0)",
        "x-ms-client-request-id": "64febaca-f7dd-4a3a-9c49-ae4ef71bb52e",
        "x-ms-version": "2024-02-04"
      },
      "RequestBody": null,
      "StatusCode": 409,
      "ResponseHeaders": {
        "Content-Length": "230",
        "Content-Type": "application/xml",
        "Date": "Mon, 08 Jan 2024 19:46:04 GMT",
        "Server": [
          "Windows-Azure-Blob/1.0",
          "Microsoft-HTTPAPI/2.0"
        ],
        "x-ms-client-request-id": "64febaca-f7dd-4a3a-9c49-ae4ef71bb52e",
        "x-ms-error-code": "ContainerAlreadyExists",
        "x-ms-request-id": "4cacf0fc-501e-000e-806b-42bed6000000",
        "x-ms-version": "2024-02-04"
      },
      "ResponseBody": [
        "\uFEFF\u003C?xml version=\u00221.0\u0022 encoding=\u0022utf-8\u0022?\u003E\u003CError\u003E\u003CCode\u003EContainerAlreadyExists\u003C/Code\u003E\u003CMessage\u003EThe specified container already exists.\n",
        "RequestId:4cacf0fc-501e-000e-806b-42bed6000000\n",
        "Time:2024-01-08T19:46:05.5865767Z\u003C/Message\u003E\u003C/Error\u003E"
      ]
    },
    {
      "RequestUri": "https://REDACTED/a1b21a4d0settierpageblob254943440e1f3d871be3431/a1b21a4d1settierpageblob254691414c0bd4fb7b6543c",
      "RequestMethod": "PUT",
      "RequestHeaders": {
        "Accept": "application/xml",
        "Authorization": "Sanitized",
        "Content-Length": "7",
        "Content-Type": "application/octet-stream",
        "Date": "Mon, 08 Jan 2024 19:45:54 GMT",
        "If-None-Match": "*",
        "User-Agent": "azsdk-java-azure-storage-blob/12.26.0-beta.1 (17.0.8; Windows 11; 10.0)",
        "x-ms-blob-type": "BlockBlob",
        "x-ms-client-request-id": "7064d8f9-79aa-4478-b131-6abed723e236",
        "x-ms-version": "2024-02-04"
      },
      "RequestBody": "ZGVmYXVsdA==",
      "StatusCode": 201,
      "ResponseHeaders": {
        "Content-Length": "0",
        "Content-MD5": "wh\u002BWm18D0z1D4E\u002BPE252gg==",
        "Date": "Mon, 08 Jan 2024 19:46:05 GMT",
        "ETag": "\u00220x8DC108273F3CFE6\u0022",
        "Last-Modified": "Mon, 08 Jan 2024 19:46:05 GMT",
        "Server": [
          "Windows-Azure-Blob/1.0",
          "Microsoft-HTTPAPI/2.0"
        ],
        "x-ms-client-request-id": "7064d8f9-79aa-4478-b131-6abed723e236",
        "x-ms-content-crc64": "6RYQPwaVsyQ=",
        "x-ms-request-id": "4cacf18c-501e-000e-0e6b-42bed6000000",
        "x-ms-request-server-encrypted": "true",
        "x-ms-version": "2024-02-04"
      },
      "ResponseBody": null
    },
    {
      "RequestUri": "https://REDACTED/a1b21a4d2settierpageblob25453959be45773d99dc413?restype=container",
      "RequestMethod": "PUT",
      "RequestHeaders": {
        "Accept": "application/xml",
        "Authorization": "Sanitized",
        "Content-Length": "0",
        "Date": "Mon, 08 Jan 2024 19:45:54 GMT",
        "User-Agent": "azsdk-java-azure-storage-blob/12.26.0-beta.1 (17.0.8; Windows 11; 10.0)",
        "x-ms-client-request-id": "bd79bf07-2e98-49a8-b316-af16b6dcdb3a",
        "x-ms-version": "2024-02-04"
      },
      "RequestBody": null,
      "StatusCode": 201,
      "ResponseHeaders": {
        "Content-Length": "0",
        "Date": "Mon, 08 Jan 2024 19:46:05 GMT",
        "ETag": "\u00220x8DC108274013E69\u0022",
        "Last-Modified": "Mon, 08 Jan 2024 19:46:05 GMT",
        "Server": [
          "Windows-Azure-Blob/1.0",
          "Microsoft-HTTPAPI/2.0"
        ],
        "x-ms-client-request-id": "bd79bf07-2e98-49a8-b316-af16b6dcdb3a",
        "x-ms-request-id": "eec8ca1a-501c-00a6-106b-420c31000000",
        "x-ms-version": "2024-02-04"
      },
      "ResponseBody": null
    },
    {
      "RequestUri": "https://REDACTED/a1b21a4d2settierpageblob25453959be45773d99dc413/a1b21a4d3settierpageblob254752742c6d8bde516c4e0",
      "RequestMethod": "PUT",
      "RequestHeaders": {
        "Accept": "application/xml",
        "Authorization": "Sanitized",
        "Content-Length": "0",
        "Date": "Mon, 08 Jan 2024 19:45:55 GMT",
        "If-None-Match": "*",
        "User-Agent": "azsdk-java-azure-storage-blob/12.26.0-beta.1 (17.0.8; Windows 11; 10.0)",
        "x-ms-blob-content-length": "512",
        "x-ms-blob-type": "PageBlob",
        "x-ms-client-request-id": "0b56942d-2661-4b1e-80db-5337110cb262",
        "x-ms-version": "2024-02-04"
      },
      "RequestBody": null,
      "StatusCode": 201,
      "ResponseHeaders": {
        "Content-Length": "0",
        "Date": "Mon, 08 Jan 2024 19:46:05 GMT",
        "ETag": "\u00220x8DC108274096E2F\u0022",
        "Last-Modified": "Mon, 08 Jan 2024 19:46:05 GMT",
        "Server": [
          "Windows-Azure-Blob/1.0",
          "Microsoft-HTTPAPI/2.0"
        ],
        "x-ms-client-request-id": "0b56942d-2661-4b1e-80db-5337110cb262",
        "x-ms-request-id": "eec8ca37-501c-00a6-2d6b-420c31000000",
        "x-ms-request-server-encrypted": "true",
        "x-ms-version": "2024-02-04"
      },
      "ResponseBody": null
    },
    {
      "RequestUri": "https://REDACTED/a1b21a4d2settierpageblob25453959be45773d99dc413/a1b21a4d3settierpageblob254752742c6d8bde516c4e0?comp=tier",
      "RequestMethod": "PUT",
      "RequestHeaders": {
        "Accept": "application/xml",
        "Authorization": "Sanitized",
        "Content-Length": "0",
        "Date": "Mon, 08 Jan 2024 19:45:55 GMT",
        "User-Agent": "azsdk-java-azure-storage-blob/12.26.0-beta.1 (17.0.8; Windows 11; 10.0)",
        "x-ms-access-tier": "P50",
        "x-ms-client-request-id": "c7577a87-f814-441b-92f9-5e5f684cc68f",
        "x-ms-version": "2024-02-04"
      },
      "RequestBody": null,
      "StatusCode": 200,
      "ResponseHeaders": {
        "Content-Length": "0",
        "Date": "Mon, 08 Jan 2024 19:46:05 GMT",
        "Server": [
          "Windows-Azure-Blob/1.0",
          "Microsoft-HTTPAPI/2.0"
        ],
        "x-ms-client-request-id": "c7577a87-f814-441b-92f9-5e5f684cc68f",
        "x-ms-request-id": "eec8ca63-501c-00a6-596b-420c31000000",
        "x-ms-version": "2024-02-04"
      },
      "ResponseBody": null
    },
    {
      "RequestUri": "https://REDACTED/a1b21a4d2settierpageblob25453959be45773d99dc413/a1b21a4d3settierpageblob254752742c6d8bde516c4e0",
      "RequestMethod": "HEAD",
      "RequestHeaders": {
        "Accept": "application/xml",
        "Authorization": "Sanitized",
        "Content-Length": "0",
        "Date": "Mon, 08 Jan 2024 19:45:55 GMT",
        "User-Agent": "azsdk-java-azure-storage-blob/12.26.0-beta.1 (17.0.8; Windows 11; 10.0)",
        "x-ms-client-request-id": "2ba83539-d8c7-49c5-853f-f0ff7f7726f9",
        "x-ms-version": "2024-02-04"
      },
      "RequestBody": null,
      "StatusCode": 200,
      "ResponseHeaders": {
        "Accept-Ranges": "bytes",
        "Content-Length": "512",
        "Content-Type": "application/octet-stream",
        "Date": "Mon, 08 Jan 2024 19:46:05 GMT",
        "ETag": "\u00220x8DC108274096E2F\u0022",
        "Last-Modified": "Mon, 08 Jan 2024 19:46:05 GMT",
        "Server": [
          "Windows-Azure-Blob/1.0",
          "Microsoft-HTTPAPI/2.0"
        ],
        "x-ms-access-tier": "P50",
        "x-ms-blob-sequence-number": "0",
        "x-ms-blob-type": "PageBlob",
        "x-ms-client-request-id": "2ba83539-d8c7-49c5-853f-f0ff7f7726f9",
        "x-ms-creation-time": "Mon, 08 Jan 2024 19:46:05 GMT",
        "x-ms-lease-state": "available",
        "x-ms-lease-status": "unlocked",
        "x-ms-request-id": "eec8ca86-501c-00a6-7c6b-420c31000000",
        "x-ms-server-encrypted": "true",
        "x-ms-version": "2024-02-04"
      },
      "ResponseBody": null
    },
    {
      "RequestUri": "https://REDACTED/a1b21a4d2settierpageblob25453959be45773d99dc413?restype=container\u0026comp=list",
      "RequestMethod": "GET",
      "RequestHeaders": {
        "Accept": "application/xml",
        "Authorization": "Sanitized",
        "Content-Length": "0",
        "Date": "Mon, 08 Jan 2024 19:45:55 GMT",
        "User-Agent": "azsdk-java-azure-storage-blob/12.26.0-beta.1 (17.0.8; Windows 11; 10.0)",
        "x-ms-client-request-id": "8e51d648-a93b-48e5-99df-4f1cb84a727a",
        "x-ms-version": "2024-02-04"
      },
      "RequestBody": null,
      "StatusCode": 200,
      "ResponseHeaders": {
        "Content-Type": "application/xml",
        "Date": "Mon, 08 Jan 2024 19:46:05 GMT",
        "Server": [
          "Windows-Azure-Blob/1.0",
          "Microsoft-HTTPAPI/2.0"
        ],
        "Transfer-Encoding": "chunked",
        "x-ms-client-request-id": "8e51d648-a93b-48e5-99df-4f1cb84a727a",
        "x-ms-request-id": "eec8cab1-501c-00a6-276b-420c31000000",
        "x-ms-version": "2024-02-04"
      },
      "ResponseBody": [
        "\uFEFF\u003C?xml version=\u00221.0\u0022 encoding=\u0022utf-8\u0022?\u003E\n",
        "\u003CEnumerationResults ServiceEndpoint=\u0022https://gapradevpremium.blob.core.windows.net/\u0022 ContainerName=\u0022a1b21a4d2settierpageblob25453959be45773d99dc413\u0022\u003E\u003CBlobs\u003E\u003CBlob\u003E\u003CName\u003Ea1b21a4d3settierpageblob254752742c6d8bde516c4e0\u003C/Name\u003E\u003CProperties\u003E\u003CCreation-Time\u003EMon, 08 Jan 2024 19:46:05 GMT\u003C/Creation-Time\u003E\u003CLast-Modified\u003EMon, 08 Jan 2024 19:46:05 GMT\u003C/Last-Modified\u003E\u003CEtag\u003E0x8DC108274096E2F\u003C/Etag\u003E\u003CContent-Length\u003E512\u003C/Content-Length\u003E\u003CContent-Type\u003Eapplication/octet-stream\u003C/Content-Type\u003E\u003CContent-Encoding/\u003E\u003CContent-Language/\u003E\u003CContent-MD5/\u003E\u003CCache-Control/\u003E\u003CContent-Disposition/\u003E\u003Cx-ms-blob-sequence-number\u003E0\u003C/x-ms-blob-sequence-number\u003E\u003CBlobType\u003EPageBlob\u003C/BlobType\u003E\u003CAccessTier\u003EP50\u003C/AccessTier\u003E\u003CLeaseStatus\u003Eunlocked\u003C/LeaseStatus\u003E\u003CLeaseState\u003Eavailable\u003C/LeaseState\u003E\u003CServerEncrypted\u003Etrue\u003C/ServerEncrypted\u003E\u003C/Properties\u003E\u003C/Blob\u003E\u003C/Blobs\u003E\u003CNextMarker/\u003E\u003C/EnumerationResults\u003E"
      ]
    },
    {
      "RequestUri": "https://REDACTED/a1b21a4d2settierpageblob25453959be45773d99dc413?restype=container",
      "RequestMethod": "DELETE",
      "RequestHeaders": {
        "Accept": "application/xml",
        "Authorization": "Sanitized",
        "Content-Length": "0",
        "Date": "Mon, 08 Jan 2024 19:45:55 GMT",
        "User-Agent": "azsdk-java-azure-storage-blob/12.26.0-beta.1 (17.0.8; Windows 11; 10.0)",
        "x-ms-client-request-id": "ba0964f9-5271-489a-9034-adf7449a8c2b",
        "x-ms-version": "2024-02-04"
      },
      "RequestBody": null,
      "StatusCode": 202,
      "ResponseHeaders": {
        "Content-Length": "0",
        "Date": "Mon, 08 Jan 2024 19:46:05 GMT",
        "Server": [
          "Windows-Azure-Blob/1.0",
          "Microsoft-HTTPAPI/2.0"
        ],
        "x-ms-client-request-id": "ba0964f9-5271-489a-9034-adf7449a8c2b",
        "x-ms-request-id": "eec8cad0-501c-00a6-436b-420c31000000",
        "x-ms-version": "2024-02-04"
      },
      "ResponseBody": null
    }
  ],
  "Variables": {
    "0": "a1b21a4d0settierpageblob254943440e1f3d871be3431",
    "1": "a1b21a4d1settierpageblob254691414c0bd4fb7b6543c",
    "2": "a1b21a4d2settierpageblob25453959be45773d99dc413",
    "3": "a1b21a4d3settierpageblob254752742c6d8bde516c4e0"
  }
}
