{
  "Entries": [
    {
      "RequestUri": "https://REDACTED/5b3dbb700downloadacstreaming79573514dfe1bd20e4b34?restype=container",
      "RequestMethod": "PUT",
      "RequestHeaders": {
        "Accept": "application/xml",
        "Authorization": "Sanitized",
        "Content-Length": "0",
        "Date": "Mon, 04 Dec 2023 20:52:01 GMT",
        "User-Agent": "azsdk-java-azure-storage-blob/12.26.0-beta.1 (17.0.8; Windows 11; 10.0)",
        "x-ms-client-request-id": "1c8935c6-9619-41e9-a101-3601015450a3",
        "x-ms-version": "2024-02-04"
      },
      "RequestBody": null,
      "StatusCode": 201,
      "ResponseHeaders": {
        "Content-Length": "0",
        "Date": "Mon, 04 Dec 2023 20:52:01 GMT",
        "ETag": "\u00220x8DBF50ADD9D3B0E\u0022",
        "Last-Modified": "Mon, 04 Dec 2023 20:52:01 GMT",
        "Server": [
          "Windows-Azure-Blob/1.0",
          "Microsoft-HTTPAPI/2.0"
        ],
        "x-ms-client-request-id": "1c8935c6-9619-41e9-a101-3601015450a3",
        "x-ms-request-id": "5880de9b-601e-0091-06f3-26f430000000",
        "x-ms-version": "2024-02-04"
      },
      "ResponseBody": null
    },
    {
      "RequestUri": "https://REDACTED/5b3dbb700downloadacstreaming79573514dfe1bd20e4b34?restype=container",
      "RequestMethod": "PUT",
      "RequestHeaders": {
        "Accept": "application/xml",
        "Authorization": "Sanitized",
        "Content-Length": "0",
        "Date": "Mon, 04 Dec 2023 20:52:01 GMT",
        "User-Agent": "azsdk-java-azure-storage-blob/12.26.0-beta.1 (17.0.8; Windows 11; 10.0)",
        "x-ms-client-request-id": "0d825cf6-f244-4bba-be50-a4627eaa7949",
        "x-ms-version": "2024-02-04"
      },
      "RequestBody": null,
      "StatusCode": 409,
      "ResponseHeaders": {
        "Content-Length": "230",
        "Content-Type": "application/xml",
        "Date": "Mon, 04 Dec 2023 20:52:01 GMT",
        "Server": [
          "Windows-Azure-Blob/1.0",
          "Microsoft-HTTPAPI/2.0"
        ],
        "x-ms-client-request-id": "0d825cf6-f244-4bba-be50-a4627eaa7949",
        "x-ms-error-code": "ContainerAlreadyExists",
        "x-ms-request-id": "5880def1-601e-0091-4ef3-26f430000000",
        "x-ms-version": "2024-02-04"
      },
      "ResponseBody": [
        "\uFEFF\u003C?xml version=\u00221.0\u0022 encoding=\u0022utf-8\u0022?\u003E\u003CError\u003E\u003CCode\u003EContainerAlreadyExists\u003C/Code\u003E\u003CMessage\u003EThe specified container already exists.\n",
        "RequestId:5880def1-601e-0091-4ef3-26f430000000\n",
        "Time:2023-12-04T20:52:02.0423767Z\u003C/Message\u003E\u003C/Error\u003E"
      ]
    },
    {
      "RequestUri": "https://REDACTED/5b3dbb700downloadacstreaming79573514dfe1bd20e4b34/5b3dbb701downloadacstreaming795499475a43316520094",
      "RequestMethod": "PUT",
      "RequestHeaders": {
        "Accept": "application/xml",
        "Authorization": "Sanitized",
        "Content-Length": "7",
        "Content-Type": "application/octet-stream",
        "Date": "Mon, 04 Dec 2023 20:52:01 GMT",
        "If-None-Match": "*",
        "User-Agent": "azsdk-java-azure-storage-blob/12.26.0-beta.1 (17.0.8; Windows 11; 10.0)",
        "x-ms-blob-type": "BlockBlob",
        "x-ms-client-request-id": "3a534316-8316-44cb-847d-b19cc4cda74b",
        "x-ms-version": "2024-02-04"
      },
      "RequestBody": "ZGVmYXVsdA==",
      "StatusCode": 201,
      "ResponseHeaders": {
        "Content-Length": "0",
        "Content-MD5": "wh\u002BWm18D0z1D4E\u002BPE252gg==",
        "Date": "Mon, 04 Dec 2023 20:52:01 GMT",
        "ETag": "\u00220x8DBF50ADDB5F981\u0022",
        "Last-Modified": "Mon, 04 Dec 2023 20:52:02 GMT",
        "Server": [
          "Windows-Azure-Blob/1.0",
          "Microsoft-HTTPAPI/2.0"
        ],
        "x-ms-client-request-id": "3a534316-8316-44cb-847d-b19cc4cda74b",
        "x-ms-content-crc64": "6RYQPwaVsyQ=",
        "x-ms-request-id": "5880df57-601e-0091-29f3-26f430000000",
        "x-ms-request-server-encrypted": "true",
        "x-ms-version": "2024-02-04",
        "x-ms-version-id": "2023-12-04T20:52:02.1225857Z"
      },
      "ResponseBody": null
    },
    {
      "RequestUri": "https://REDACTED/5b3dbb700downloadacstreaming79573514dfe1bd20e4b34/5b3dbb701downloadacstreaming795499475a43316520094?comp=tags",
      "RequestMethod": "PUT",
      "RequestHeaders": {
        "Accept": "application/xml",
        "Authorization": "Sanitized",
        "Content-Length": "111",
        "Content-Type": "application/xml",
        "Date": "Mon, 04 Dec 2023 20:52:01 GMT",
        "User-Agent": "azsdk-java-azure-storage-blob/12.26.0-beta.1 (17.0.8; Windows 11; 10.0)",
        "x-ms-client-request-id": "b81bbdb4-4c94-4c28-b3a0-62fe567fce1f",
        "x-ms-version": "2024-02-04"
      },
      "RequestBody": "\u003C?xml version=\u00271.0\u0027 encoding=\u0027UTF-8\u0027?\u003E\u003CTags\u003E\u003CTagSet\u003E\u003CTag\u003E\u003CKey\u003Efoo\u003C/Key\u003E\u003CValue\u003Ebar\u003C/Value\u003E\u003C/Tag\u003E\u003C/TagSet\u003E\u003C/Tags\u003E",
      "StatusCode": 204,
      "ResponseHeaders": {
        "Date": "Mon, 04 Dec 2023 20:52:01 GMT",
        "Server": [
          "Windows-Azure-Blob/1.0",
          "Microsoft-HTTPAPI/2.0"
        ],
        "x-ms-client-request-id": "b81bbdb4-4c94-4c28-b3a0-62fe567fce1f",
        "x-ms-request-id": "5880dfaf-601e-0091-7af3-26f430000000",
        "x-ms-version": "2024-02-04"
      },
      "ResponseBody": null
    },
    {
      "RequestUri": "https://REDACTED/5b3dbb700downloadacstreaming79573514dfe1bd20e4b34/5b3dbb701downloadacstreaming795499475a43316520094",
      "RequestMethod": "GET",
      "RequestHeaders": {
        "Accept": "application/xml",
        "Authorization": "Sanitized",
        "Content-Length": "0",
        "Date": "Mon, 04 Dec 2023 20:52:01 GMT",
        "If-Unmodified-Since": "Tue, 05 Dec 2023 20:51:14 GMT",
        "User-Agent": "azsdk-java-azure-storage-blob/12.26.0-beta.1 (17.0.8; Windows 11; 10.0)",
        "x-ms-client-request-id": "69f426d9-846a-48fa-a805-a0287524aee4",
        "x-ms-version": "2024-02-04"
      },
      "RequestBody": null,
      "StatusCode": 200,
      "ResponseHeaders": {
        "Accept-Ranges": "bytes",
        "Access-Control-Allow-Origin": "*",
        "Access-Control-Expose-Headers": "x-ms-client-request-id",
        "Content-Length": "7",
        "Content-MD5": "wh\u002BWm18D0z1D4E\u002BPE252gg==",
        "Content-Type": "application/octet-stream",
        "Date": "Mon, 04 Dec 2023 20:52:01 GMT",
        "ETag": "\u00220x8DBF50ADDB5F981\u0022",
        "Last-Modified": "Mon, 04 Dec 2023 20:52:02 GMT",
        "Server": [
          "Windows-Azure-Blob/1.0",
          "Microsoft-HTTPAPI/2.0"
        ],
        "x-ms-blob-type": "BlockBlob",
        "x-ms-client-request-id": "69f426d9-846a-48fa-a805-a0287524aee4",
        "x-ms-creation-time": "Mon, 04 Dec 2023 20:52:02 GMT",
        "x-ms-is-current-version": "true",
        "x-ms-last-access-time": "Mon, 04 Dec 2023 20:52:02 GMT",
        "x-ms-lease-state": "available",
        "x-ms-lease-status": "unlocked",
        "x-ms-request-id": "5880e00d-601e-0091-4df3-26f430000000",
        "x-ms-server-encrypted": "true",
        "x-ms-tag-count": "1",
        "x-ms-version": "2024-02-04",
        "x-ms-version-id": "2023-12-04T20:52:02.1225857Z"
      },
      "ResponseBody": "ZGVmYXVsdA=="
    }
  ],
  "Variables": {
    "0": "5b3dbb700downloadacstreaming79573514dfe1bd20e4b34",
    "1": "5b3dbb701downloadacstreaming795499475a43316520094"
  }
}
