{
  "Entries": [
    {
      "RequestUri": "https://REDACTED/c6356a0e0settierminae892186f216f227fd1d49879e?restype=container",
      "RequestMethod": "PUT",
      "RequestHeaders": {
        "Accept": "application/xml",
        "Authorization": "Sanitized",
        "Content-Length": "0",
        "Date": "Mon, 08 Jan 2024 19:42:24 GMT",
        "User-Agent": "azsdk-java-azure-storage-blob/12.26.0-beta.1 (17.0.8; Windows 11; 10.0)",
        "x-ms-client-request-id": "7b5b82e4-3fd9-47d6-98a0-0ac13aa9198c",
        "x-ms-version": "2024-02-04"
      },
      "RequestBody": null,
      "StatusCode": 201,
      "ResponseHeaders": {
        "Content-Length": "0",
        "Date": "Mon, 08 Jan 2024 19:42:34 GMT",
        "ETag": "\u00220x8DC1081F6678809\u0022",
        "Last-Modified": "Mon, 08 Jan 2024 19:42:35 GMT",
        "Server": [
          "Windows-Azure-Blob/1.0",
          "Microsoft-HTTPAPI/2.0"
        ],
        "x-ms-client-request-id": "7b5b82e4-3fd9-47d6-98a0-0ac13aa9198c",
        "x-ms-request-id": "e3c6e5da-e01e-0056-7b6a-426689000000",
        "x-ms-version": "2024-02-04"
      },
      "ResponseBody": null
    },
    {
      "RequestUri": "https://REDACTED/c6356a0e0settierminae892186f216f227fd1d49879e?restype=container",
      "RequestMethod": "PUT",
      "RequestHeaders": {
        "Accept": "application/xml",
        "Authorization": "Sanitized",
        "Content-Length": "0",
        "Date": "Mon, 08 Jan 2024 19:42:24 GMT",
        "User-Agent": "azsdk-java-azure-storage-blob/12.26.0-beta.1 (17.0.8; Windows 11; 10.0)",
        "x-ms-client-request-id": "bee3001c-8b4c-439a-8193-d96c20b67dfc",
        "x-ms-version": "2024-02-04"
      },
      "RequestBody": null,
      "StatusCode": 409,
      "ResponseHeaders": {
        "Content-Length": "230",
        "Content-Type": "application/xml",
        "Date": "Mon, 08 Jan 2024 19:42:34 GMT",
        "Server": [
          "Windows-Azure-Blob/1.0",
          "Microsoft-HTTPAPI/2.0"
        ],
        "x-ms-client-request-id": "bee3001c-8b4c-439a-8193-d96c20b67dfc",
        "x-ms-error-code": "ContainerAlreadyExists",
        "x-ms-request-id": "e3c6e6a4-e01e-0056-136a-426689000000",
        "x-ms-version": "2024-02-04"
      },
      "ResponseBody": [
        "\uFEFF\u003C?xml version=\u00221.0\u0022 encoding=\u0022utf-8\u0022?\u003E\u003CError\u003E\u003CCode\u003EContainerAlreadyExists\u003C/Code\u003E\u003CMessage\u003EThe specified container already exists.\n",
        "RequestId:e3c6e6a4-e01e-0056-136a-426689000000\n",
        "Time:2024-01-08T19:42:35.1553008Z\u003C/Message\u003E\u003C/Error\u003E"
      ]
    },
    {
      "RequestUri": "https://REDACTED/c6356a0e0settierminae892186f216f227fd1d49879e/c6356a0e1settierminae896187890c2f30a4fa4b7da9",
      "RequestMethod": "PUT",
      "RequestHeaders": {
        "Accept": "application/xml",
        "Authorization": "Sanitized",
        "Content-Length": "7",
        "Content-Type": "application/octet-stream",
        "Date": "Mon, 08 Jan 2024 19:42:24 GMT",
        "If-None-Match": "*",
        "User-Agent": "azsdk-java-azure-storage-blob/12.26.0-beta.1 (17.0.8; Windows 11; 10.0)",
        "x-ms-blob-type": "BlockBlob",
        "x-ms-client-request-id": "38019ff6-82c0-4468-9dff-972d943e909f",
        "x-ms-version": "2024-02-04"
      },
      "RequestBody": "ZGVmYXVsdA==",
      "StatusCode": 201,
      "ResponseHeaders": {
        "Content-Length": "0",
        "Content-MD5": "wh\u002BWm18D0z1D4E\u002BPE252gg==",
        "Date": "Mon, 08 Jan 2024 19:42:34 GMT",
        "ETag": "\u00220x8DC1081F684B8AF\u0022",
        "Last-Modified": "Mon, 08 Jan 2024 19:42:35 GMT",
        "Server": [
          "Windows-Azure-Blob/1.0",
          "Microsoft-HTTPAPI/2.0"
        ],
        "x-ms-client-request-id": "38019ff6-82c0-4468-9dff-972d943e909f",
        "x-ms-content-crc64": "6RYQPwaVsyQ=",
        "x-ms-request-id": "e3c6e75a-e01e-0056-236a-426689000000",
        "x-ms-request-server-encrypted": "true",
        "x-ms-version": "2024-02-04"
      },
      "ResponseBody": null
    },
    {
      "RequestUri": "https://REDACTED/c6356a0e2settierminae8617558a8463c2085446799b?restype=container",
      "RequestMethod": "PUT",
      "RequestHeaders": {
        "Accept": "application/xml",
        "Authorization": "Sanitized",
        "Content-Length": "0",
        "Date": "Mon, 08 Jan 2024 19:42:24 GMT",
        "User-Agent": "azsdk-java-azure-storage-blob/12.26.0-beta.1 (17.0.8; Windows 11; 10.0)",
        "x-ms-client-request-id": "4f178a87-5df4-4e1b-839b-ff31c57cf544",
        "x-ms-version": "2024-02-04"
      },
      "RequestBody": null,
      "StatusCode": 201,
      "ResponseHeaders": {
        "Content-Length": "0",
        "Date": "Mon, 08 Jan 2024 19:42:34 GMT",
        "ETag": "\u00220x8DC1081F692B05F\u0022",
        "Last-Modified": "Mon, 08 Jan 2024 19:42:35 GMT",
        "Server": [
          "Windows-Azure-Blob/1.0",
          "Microsoft-HTTPAPI/2.0"
        ],
        "x-ms-client-request-id": "4f178a87-5df4-4e1b-839b-ff31c57cf544",
        "x-ms-request-id": "e3c6e823-e01e-0056-346a-426689000000",
        "x-ms-version": "2024-02-04"
      },
      "ResponseBody": null
    },
    {
      "RequestUri": "https://REDACTED/c6356a0e2settierminae8617558a8463c2085446799b/c6356a0e3settierminae871994d3f287d2cdb74e9096",
      "RequestMethod": "PUT",
      "RequestHeaders": {
        "Accept": "application/xml",
        "Authorization": "Sanitized",
        "Content-Length": "7",
        "Content-Type": "application/octet-stream",
        "Date": "Mon, 08 Jan 2024 19:42:24 GMT",
        "If-None-Match": "*",
        "User-Agent": "azsdk-java-azure-storage-blob/12.26.0-beta.1 (17.0.8; Windows 11; 10.0)",
        "x-ms-blob-type": "BlockBlob",
        "x-ms-client-request-id": "b9e95eb7-bc3f-491c-89a2-e902f1d0bce1",
        "x-ms-version": "2024-02-04"
      },
      "RequestBody": "ZGVmYXVsdA==",
      "StatusCode": 201,
      "ResponseHeaders": {
        "Content-Length": "0",
        "Content-MD5": "wh\u002BWm18D0z1D4E\u002BPE252gg==",
        "Date": "Mon, 08 Jan 2024 19:42:35 GMT",
        "ETag": "\u00220x8DC1081F6A24E6B\u0022",
        "Last-Modified": "Mon, 08 Jan 2024 19:42:35 GMT",
        "Server": [
          "Windows-Azure-Blob/1.0",
          "Microsoft-HTTPAPI/2.0"
        ],
        "x-ms-client-request-id": "b9e95eb7-bc3f-491c-89a2-e902f1d0bce1",
        "x-ms-content-crc64": "6RYQPwaVsyQ=",
        "x-ms-request-id": "345641c8-c01e-007e-6d6a-420721000000",
        "x-ms-request-server-encrypted": "true",
        "x-ms-version": "2024-02-04"
      },
      "ResponseBody": null
    },
    {
      "RequestUri": "https://REDACTED/c6356a0e0settierminae892186f216f227fd1d49879e/c6356a0e1settierminae896187890c2f30a4fa4b7da9?comp=tier",
      "RequestMethod": "PUT",
      "RequestHeaders": {
        "Accept": "application/xml",
        "Authorization": "Sanitized",
        "Content-Length": "0",
        "Date": "Mon, 08 Jan 2024 19:42:24 GMT",
        "User-Agent": "azsdk-java-azure-storage-blob/12.26.0-beta.1 (17.0.8; Windows 11; 10.0)",
        "x-ms-access-tier": "Hot",
        "x-ms-client-request-id": "b6e5916e-ee8d-4828-8c7b-b46528c57d5c",
        "x-ms-version": "2024-02-04"
      },
      "RequestBody": null,
      "StatusCode": 200,
      "ResponseHeaders": {
        "Content-Length": "0",
        "Date": "Mon, 08 Jan 2024 19:42:34 GMT",
        "Server": [
          "Windows-Azure-Blob/1.0",
          "Microsoft-HTTPAPI/2.0"
        ],
        "x-ms-client-request-id": "b6e5916e-ee8d-4828-8c7b-b46528c57d5c",
        "x-ms-request-id": "4ca7f1e5-501e-000e-7c6a-42bed6000000",
        "x-ms-version": "2024-02-04"
      },
      "ResponseBody": null
    },
    {
      "RequestUri": "https://REDACTED/c6356a0e2settierminae8617558a8463c2085446799b?restype=container",
      "RequestMethod": "DELETE",
      "RequestHeaders": {
        "Accept": "application/xml",
        "Authorization": "Sanitized",
        "Content-Length": "0",
        "Date": "Mon, 08 Jan 2024 19:42:24 GMT",
        "User-Agent": "azsdk-java-azure-storage-blob/12.26.0-beta.1 (17.0.8; Windows 11; 10.0)",
        "x-ms-client-request-id": "fc80e1ec-28a9-4695-abf9-7b88de80ab4b",
        "x-ms-version": "2024-02-04"
      },
      "RequestBody": null,
      "StatusCode": 202,
      "ResponseHeaders": {
        "Content-Length": "0",
        "Date": "Mon, 08 Jan 2024 19:42:35 GMT",
        "Server": [
          "Windows-Azure-Blob/1.0",
          "Microsoft-HTTPAPI/2.0"
        ],
        "x-ms-client-request-id": "fc80e1ec-28a9-4695-abf9-7b88de80ab4b",
        "x-ms-request-id": "4ca7f27a-501e-000e-5f6a-42bed6000000",
        "x-ms-version": "2024-02-04"
      },
      "ResponseBody": null
    }
  ],
  "Variables": {
    "0": "c6356a0e0settierminae892186f216f227fd1d49879e",
    "1": "c6356a0e1settierminae896187890c2f30a4fa4b7da9",
    "2": "c6356a0e2settierminae8617558a8463c2085446799b",
    "3": "c6356a0e3settierminae871994d3f287d2cdb74e9096"
  }
}
