{
  "Entries": [
    {
      "RequestUri": "https://REDACTED/938814120sethttpheadersacfail02900312eca5458f4bdd4?restype=container",
      "RequestMethod": "PUT",
      "RequestHeaders": {
        "Accept": "application/xml",
        "Authorization": "Sanitized",
        "Content-Length": "0",
        "Date": "Thu, 12 Oct 2023 16:47:52 GMT",
        "User-Agent": "azsdk-java-azure-storage-blob/12.25.0-beta.1 (17.0.8.1; Windows 11; 10.0)",
        "x-ms-client-request-id": "6bda111c-adb0-4f81-92bd-51eabebe70d1",
        "x-ms-version": "2023-08-03"
      },
      "RequestBody": null,
      "StatusCode": 201,
      "ResponseHeaders": {
        "Content-Length": "0",
        "Date": "Thu, 12 Oct 2023 16:47:51 GMT",
        "ETag": "\u00220x8DBCB42F9DD9C3F\u0022",
        "Last-Modified": "Thu, 12 Oct 2023 16:47:52 GMT",
        "Server": [
          "Windows-Azure-Blob/1.0",
          "Microsoft-HTTPAPI/2.0"
        ],
        "x-ms-client-request-id": "6bda111c-adb0-4f81-92bd-51eabebe70d1",
        "x-ms-request-id": "56fc827b-301e-006d-222b-fd7efa000000",
        "x-ms-version": "2023-08-03"
      },
      "ResponseBody": null
    },
    {
      "RequestUri": "https://REDACTED/938814120sethttpheadersacfail02900312eca5458f4bdd4/938814121sethttpheadersacfail029320132872018282224",
      "RequestMethod": "PUT",
      "RequestHeaders": {
        "Accept": "application/xml",
        "Authorization": "Sanitized",
        "Content-Length": "7",
        "Content-Type": "application/octet-stream",
        "Date": "Thu, 12 Oct 2023 16:47:52 GMT",
        "If-None-Match": "*",
        "User-Agent": "azsdk-java-azure-storage-blob/12.25.0-beta.1 (17.0.8.1; Windows 11; 10.0)",
        "x-ms-blob-type": "BlockBlob",
        "x-ms-client-request-id": "99f5b701-70df-4897-a7eb-c5dc8a338bc7",
        "x-ms-version": "2023-08-03"
      },
      "RequestBody": "ZGVmYXVsdA==",
      "StatusCode": 201,
      "ResponseHeaders": {
        "Content-Length": "0",
        "Content-MD5": "wh\u002BWm18D0z1D4E\u002BPE252gg==",
        "Date": "Thu, 12 Oct 2023 16:47:51 GMT",
        "ETag": "\u00220x8DBCB42F9DFEF2E\u0022",
        "Last-Modified": "Thu, 12 Oct 2023 16:47:52 GMT",
        "Server": [
          "Windows-Azure-Blob/1.0",
          "Microsoft-HTTPAPI/2.0"
        ],
        "x-ms-client-request-id": "99f5b701-70df-4897-a7eb-c5dc8a338bc7",
        "x-ms-content-crc64": "6RYQPwaVsyQ=",
        "x-ms-request-id": "56fc829c-301e-006d-3d2b-fd7efa000000",
        "x-ms-request-server-encrypted": "true",
        "x-ms-version": "2023-08-03"
      },
      "ResponseBody": null
    },
    {
      "RequestUri": "https://REDACTED/938814120sethttpheadersacfail02900312eca5458f4bdd4/938814121sethttpheadersacfail029320132872018282224?comp=properties",
      "RequestMethod": "PUT",
      "RequestHeaders": {
        "Accept": "application/xml",
        "Authorization": "Sanitized",
        "Content-Length": "0",
        "Date": "Thu, 12 Oct 2023 16:47:52 GMT",
        "If-Modified-Since": "Fri, 13 Oct 2023 16:47:10 GMT",
        "User-Agent": "azsdk-java-azure-storage-blob/12.25.0-beta.1 (17.0.8.1; Windows 11; 10.0)",
        "x-ms-client-request-id": "8ac4dfba-fbf8-4ddb-ae2b-fb2ac46e3ebe",
        "x-ms-version": "2023-08-03"
      },
      "RequestBody": null,
      "StatusCode": 412,
      "ResponseHeaders": {
        "Content-Length": "252",
        "Content-Type": "application/xml",
        "Date": "Thu, 12 Oct 2023 16:47:51 GMT",
        "Server": [
          "Windows-Azure-Blob/1.0",
          "Microsoft-HTTPAPI/2.0"
        ],
        "x-ms-client-request-id": "8ac4dfba-fbf8-4ddb-ae2b-fb2ac46e3ebe",
        "x-ms-error-code": "ConditionNotMet",
        "x-ms-request-id": "56fc82ba-301e-006d-5a2b-fd7efa000000",
        "x-ms-version": "2023-08-03"
      },
      "ResponseBody": [
        "\uFEFF\u003C?xml version=\u00221.0\u0022 encoding=\u0022utf-8\u0022?\u003E\u003CError\u003E\u003CCode\u003EConditionNotMet\u003C/Code\u003E\u003CMessage\u003EThe condition specified using HTTP conditional header(s) is not met.\n",
        "RequestId:56fc82ba-301e-006d-5a2b-fd7efa000000\n",
        "Time:2023-10-12T16:47:52.3957137Z\u003C/Message\u003E\u003C/Error\u003E"
      ]
    }
  ],
  "Variables": {
    "0": "938814120sethttpheadersacfail02900312eca5458f4bdd4",
    "1": "938814121sethttpheadersacfail029320132872018282224"
  }
}
