{
  "Entries": [
    {
      "RequestUri": "https://REDACTED/f0f326c10snapshotmetadata71683637d97f78a05bd4439?restype=container",
      "RequestMethod": "PUT",
      "RequestHeaders": {
        "Accept": "application/xml",
        "Authorization": "Sanitized",
        "Content-Length": "0",
        "Date": "Thu, 12 Oct 2023 17:26:47 GMT",
        "User-Agent": "azsdk-java-azure-storage-blob/12.25.0-beta.1 (17.0.8.1; Windows 11; 10.0)",
        "x-ms-client-request-id": "29fc84c6-bdd1-4272-be81-81df33f6e1bc",
        "x-ms-version": "2023-08-03"
      },
      "RequestBody": null,
      "StatusCode": 201,
      "ResponseHeaders": {
        "Content-Length": "0",
        "Date": "Thu, 12 Oct 2023 17:26:47 GMT",
        "ETag": "\u00220x8DBCB486A027F61\u0022",
        "Last-Modified": "Thu, 12 Oct 2023 17:26:47 GMT",
        "Server": [
          "Windows-Azure-Blob/1.0",
          "Microsoft-HTTPAPI/2.0"
        ],
        "x-ms-client-request-id": "29fc84c6-bdd1-4272-be81-81df33f6e1bc",
        "x-ms-request-id": "1ffb8de2-301e-0030-0d31-fd747e000000",
        "x-ms-version": "2023-08-03"
      },
      "ResponseBody": null
    },
    {
      "RequestUri": "https://REDACTED/f0f326c10snapshotmetadata71683637d97f78a05bd4439/f0f326c11snapshotmetadata71646573d5b3b61d0a254fe",
      "RequestMethod": "PUT",
      "RequestHeaders": {
        "Accept": "application/xml",
        "Authorization": "Sanitized",
        "Content-Length": "7",
        "Content-Type": "application/octet-stream",
        "Date": "Thu, 12 Oct 2023 17:26:47 GMT",
        "If-None-Match": "*",
        "User-Agent": "azsdk-java-azure-storage-blob/12.25.0-beta.1 (17.0.8.1; Windows 11; 10.0)",
        "x-ms-blob-type": "BlockBlob",
        "x-ms-client-request-id": "2f2548a6-ffe9-4d37-9663-e1f4309dfd13",
        "x-ms-version": "2023-08-03"
      },
      "RequestBody": "ZGVmYXVsdA==",
      "StatusCode": 201,
      "ResponseHeaders": {
        "Content-Length": "0",
        "Content-MD5": "wh\u002BWm18D0z1D4E\u002BPE252gg==",
        "Date": "Thu, 12 Oct 2023 17:26:47 GMT",
        "ETag": "\u00220x8DBCB486A05A042\u0022",
        "Last-Modified": "Thu, 12 Oct 2023 17:26:47 GMT",
        "Server": [
          "Windows-Azure-Blob/1.0",
          "Microsoft-HTTPAPI/2.0"
        ],
        "x-ms-client-request-id": "2f2548a6-ffe9-4d37-9663-e1f4309dfd13",
        "x-ms-content-crc64": "6RYQPwaVsyQ=",
        "x-ms-request-id": "1ffb8df3-301e-0030-1b31-fd747e000000",
        "x-ms-request-server-encrypted": "true",
        "x-ms-version": "2023-08-03"
      },
      "ResponseBody": null
    },
    {
      "RequestUri": "https://REDACTED/f0f326c10snapshotmetadata71683637d97f78a05bd4439/f0f326c11snapshotmetadata71646573d5b3b61d0a254fe?comp=snapshot",
      "RequestMethod": "PUT",
      "RequestHeaders": {
        "Accept": "application/xml",
        "Authorization": "Sanitized",
        "Content-Length": "0",
        "Date": "Thu, 12 Oct 2023 17:26:48 GMT",
        "User-Agent": "azsdk-java-azure-storage-blob/12.25.0-beta.1 (17.0.8.1; Windows 11; 10.0)",
        "x-ms-client-request-id": "14dee650-bfc2-48d4-ba84-1a79bcc42725",
        "x-ms-meta-fizz": "buzz",
        "x-ms-meta-foo": "bar",
        "x-ms-version": "2023-08-03"
      },
      "RequestBody": null,
      "StatusCode": 201,
      "ResponseHeaders": {
        "Content-Length": "0",
        "Date": "Thu, 12 Oct 2023 17:26:48 GMT",
        "ETag": "\u00220x8DBCB486A0A0C67\u0022",
        "Last-Modified": "Thu, 12 Oct 2023 17:26:48 GMT",
        "Server": [
          "Windows-Azure-Blob/1.0",
          "Microsoft-HTTPAPI/2.0"
        ],
        "x-ms-client-request-id": "14dee650-bfc2-48d4-ba84-1a79bcc42725",
        "x-ms-request-id": "1ffb8dfe-301e-0030-2631-fd747e000000",
        "x-ms-request-server-encrypted": "true",
        "x-ms-snapshot": "2023-10-12T17:26:48.0184423Z",
        "x-ms-version": "2023-08-03"
      },
      "ResponseBody": null
    },
    {
      "RequestUri": "https://REDACTED/f0f326c10snapshotmetadata71683637d97f78a05bd4439/f0f326c11snapshotmetadata71646573d5b3b61d0a254fe?snapshot=2023-10-12T17%3A26%3A48.0184423Z",
      "RequestMethod": "HEAD",
      "RequestHeaders": {
        "Accept": "application/xml",
        "Authorization": "Sanitized",
        "Content-Length": "0",
        "Date": "Thu, 12 Oct 2023 17:26:48 GMT",
        "User-Agent": "azsdk-java-azure-storage-blob/12.25.0-beta.1 (17.0.8.1; Windows 11; 10.0)",
        "x-ms-client-request-id": "15ec38e3-27d8-45a1-bd76-656fef4e761e",
        "x-ms-version": "2023-08-03"
      },
      "RequestBody": null,
      "StatusCode": 200,
      "ResponseHeaders": {
        "Accept-Ranges": "bytes",
        "Access-Control-Allow-Origin": "*",
        "Access-Control-Expose-Headers": "x-ms-client-request-id",
        "Content-Length": "7",
        "Content-MD5": "wh\u002BWm18D0z1D4E\u002BPE252gg==",
        "Content-Type": "application/octet-stream",
        "Date": "Thu, 12 Oct 2023 17:26:47 GMT",
        "ETag": "\u00220x8DBCB486A0A0C67\u0022",
        "Last-Modified": "Thu, 12 Oct 2023 17:26:48 GMT",
        "Server": [
          "Windows-Azure-Blob/1.0",
          "Microsoft-HTTPAPI/2.0"
        ],
        "x-ms-access-tier": "Hot",
        "x-ms-access-tier-inferred": "true",
        "x-ms-blob-type": "BlockBlob",
        "x-ms-client-request-id": "15ec38e3-27d8-45a1-bd76-656fef4e761e",
        "x-ms-creation-time": "Thu, 12 Oct 2023 17:26:47 GMT",
        "x-ms-meta-fizz": "buzz",
        "x-ms-meta-foo": "bar",
        "x-ms-request-id": "99bc6943-c01e-0034-4931-fdf979000000",
        "x-ms-server-encrypted": "true",
        "x-ms-version": "2023-08-03"
      },
      "ResponseBody": null
    }
  ],
  "Variables": {
    "0": "f0f326c10snapshotmetadata71683637d97f78a05bd4439",
    "1": "f0f326c11snapshotmetadata71646573d5b3b61d0a254fe"
  }
}
