{
  "Entries": [
    {
      "RequestUri": "https://REDACTED/bace7b850downloadacfailbinarydatacb10215935e96ead185?restype=container",
      "RequestMethod": "PUT",
      "RequestHeaders": {
        "Accept": "application/xml",
        "Authorization": "Sanitized",
        "Content-Length": "0",
        "Date": "Wed, 13 Dec 2023 21:49:21 GMT",
        "User-Agent": "azsdk-java-azure-storage-blob/12.26.0-beta.1 (17.0.8; Windows 11; 10.0)",
        "x-ms-client-request-id": "50069c14-24ea-436c-88e9-f907ec9b9bcd",
        "x-ms-version": "2024-02-04"
      },
      "RequestBody": null,
      "StatusCode": 201,
      "ResponseHeaders": {
        "Content-Length": "0",
        "Date": "Wed, 13 Dec 2023 21:49:21 GMT",
        "ETag": "\u00220x8DBFC255D9AE28F\u0022",
        "Last-Modified": "Wed, 13 Dec 2023 21:49:21 GMT",
        "Server": [
          "Windows-Azure-Blob/1.0",
          "Microsoft-HTTPAPI/2.0"
        ],
        "x-ms-client-request-id": "50069c14-24ea-436c-88e9-f907ec9b9bcd",
        "x-ms-request-id": "9991ee4d-a01e-00a3-590e-2ef2a3000000",
        "x-ms-version": "2024-02-04"
      },
      "ResponseBody": null
    },
    {
      "RequestUri": "https://REDACTED/bace7b850downloadacfailbinarydatacb10215935e96ead185?restype=container",
      "RequestMethod": "PUT",
      "RequestHeaders": {
        "Accept": "application/xml",
        "Authorization": "Sanitized",
        "Content-Length": "0",
        "Date": "Wed, 13 Dec 2023 21:49:21 GMT",
        "User-Agent": "azsdk-java-azure-storage-blob/12.26.0-beta.1 (17.0.8; Windows 11; 10.0)",
        "x-ms-client-request-id": "5988ac07-ff75-4b1a-9610-3a19e7ba712f",
        "x-ms-version": "2024-02-04"
      },
      "RequestBody": null,
      "StatusCode": 409,
      "ResponseHeaders": {
        "Content-Length": "230",
        "Content-Type": "application/xml",
        "Date": "Wed, 13 Dec 2023 21:49:21 GMT",
        "Server": [
          "Windows-Azure-Blob/1.0",
          "Microsoft-HTTPAPI/2.0"
        ],
        "x-ms-client-request-id": "5988ac07-ff75-4b1a-9610-3a19e7ba712f",
        "x-ms-error-code": "ContainerAlreadyExists",
        "x-ms-request-id": "9991eea9-a01e-00a3-240e-2ef2a3000000",
        "x-ms-version": "2024-02-04"
      },
      "ResponseBody": [
        "\uFEFF\u003C?xml version=\u00221.0\u0022 encoding=\u0022utf-8\u0022?\u003E\u003CError\u003E\u003CCode\u003EContainerAlreadyExists\u003C/Code\u003E\u003CMessage\u003EThe specified container already exists.\n",
        "RequestId:9991eea9-a01e-00a3-240e-2ef2a3000000\n",
        "Time:2023-12-13T21:49:21.8467685Z\u003C/Message\u003E\u003C/Error\u003E"
      ]
    },
    {
      "RequestUri": "https://REDACTED/bace7b850downloadacfailbinarydatacb10215935e96ead185/bace7b851downloadacfailbinarydatacb164011d80caefd8ed",
      "RequestMethod": "PUT",
      "RequestHeaders": {
        "Accept": "application/xml",
        "Authorization": "Sanitized",
        "Content-Length": "7",
        "Content-Type": "application/octet-stream",
        "Date": "Wed, 13 Dec 2023 21:49:21 GMT",
        "If-None-Match": "*",
        "User-Agent": "azsdk-java-azure-storage-blob/12.26.0-beta.1 (17.0.8; Windows 11; 10.0)",
        "x-ms-blob-type": "BlockBlob",
        "x-ms-client-request-id": "76167ee5-de48-4f63-82f2-8818c6da39ea",
        "x-ms-version": "2024-02-04"
      },
      "RequestBody": "ZGVmYXVsdA==",
      "StatusCode": 201,
      "ResponseHeaders": {
        "Content-Length": "0",
        "Content-MD5": "wh\u002BWm18D0z1D4E\u002BPE252gg==",
        "Date": "Wed, 13 Dec 2023 21:49:21 GMT",
        "ETag": "\u00220x8DBFC255DB8B72B\u0022",
        "Last-Modified": "Wed, 13 Dec 2023 21:49:21 GMT",
        "Server": [
          "Windows-Azure-Blob/1.0",
          "Microsoft-HTTPAPI/2.0"
        ],
        "x-ms-client-request-id": "76167ee5-de48-4f63-82f2-8818c6da39ea",
        "x-ms-content-crc64": "6RYQPwaVsyQ=",
        "x-ms-request-id": "9991ef01-a01e-00a3-6f0e-2ef2a3000000",
        "x-ms-request-server-encrypted": "true",
        "x-ms-version": "2024-02-04"
      },
      "ResponseBody": null
    },
    {
      "RequestUri": "https://REDACTED/bace7b850downloadacfailbinarydatacb10215935e96ead185/bace7b851downloadacfailbinarydatacb164011d80caefd8ed?comp=lease",
      "RequestMethod": "PUT",
      "RequestHeaders": {
        "Accept": "application/xml",
        "Authorization": "Sanitized",
        "Content-Length": "0",
        "Date": "Wed, 13 Dec 2023 21:49:21 GMT",
        "User-Agent": "azsdk-java-azure-storage-blob/12.26.0-beta.1 (17.0.8; Windows 11; 10.0)",
        "x-ms-client-request-id": "88d0c107-1d32-48ed-bcce-8bc36675f66d",
        "x-ms-lease-action": "acquire",
        "x-ms-lease-duration": "-1",
        "x-ms-proposed-lease-id": "09075b6d-6f2f-4120-abff-8824d73f28d6",
        "x-ms-version": "2024-02-04"
      },
      "RequestBody": null,
      "StatusCode": 201,
      "ResponseHeaders": {
        "Content-Length": "0",
        "Date": "Wed, 13 Dec 2023 21:49:22 GMT",
        "ETag": "\u00220x8DBFC255DB8B72B\u0022",
        "Last-Modified": "Wed, 13 Dec 2023 21:49:21 GMT",
        "Server": [
          "Windows-Azure-Blob/1.0",
          "Microsoft-HTTPAPI/2.0"
        ],
        "x-ms-client-request-id": "88d0c107-1d32-48ed-bcce-8bc36675f66d",
        "x-ms-lease-id": "09075b6d-6f2f-4120-abff-8824d73f28d6",
        "x-ms-request-id": "9991ef71-a01e-00a3-4e0e-2ef2a3000000",
        "x-ms-version": "2024-02-04"
      },
      "ResponseBody": null
    },
    {
      "RequestUri": "https://REDACTED/bace7b850downloadacfailbinarydatacb10215935e96ead185/bace7b851downloadacfailbinarydatacb164011d80caefd8ed",
      "RequestMethod": "GET",
      "RequestHeaders": {
        "Accept": "application/xml",
        "Authorization": "Sanitized",
        "Content-Length": "0",
        "Date": "Wed, 13 Dec 2023 21:49:22 GMT",
        "User-Agent": "azsdk-java-azure-storage-blob/12.26.0-beta.1 (17.0.8; Windows 11; 10.0)",
        "x-ms-client-request-id": "7c4c72b6-7c28-44a1-a97f-fe46b5b0b7a1",
        "x-ms-lease-id": "906b71c1-d594-45fc-b630-5710e039bc9e",
        "x-ms-version": "2024-02-04"
      },
      "RequestBody": null,
      "StatusCode": 412,
      "ResponseHeaders": {
        "Access-Control-Allow-Origin": "*",
        "Access-Control-Expose-Headers": "x-ms-client-request-id",
        "Content-Length": "264",
        "Content-Type": "application/xml",
        "Date": "Wed, 13 Dec 2023 21:49:22 GMT",
        "Server": [
          "Windows-Azure-Blob/1.0",
          "Microsoft-HTTPAPI/2.0"
        ],
        "x-ms-client-request-id": "7c4c72b6-7c28-44a1-a97f-fe46b5b0b7a1",
        "x-ms-error-code": "LeaseIdMismatchWithBlobOperation",
        "x-ms-request-id": "9991eff8-a01e-00a3-3b0e-2ef2a3000000",
        "x-ms-version": "2024-02-04"
      },
      "ResponseBody": [
        "\uFEFF\u003C?xml version=\u00221.0\u0022 encoding=\u0022utf-8\u0022?\u003E\u003CError\u003E\u003CCode\u003ELeaseIdMismatchWithBlobOperation\u003C/Code\u003E\u003CMessage\u003EThe lease ID specified did not match the lease ID for the blob.\n",
        "RequestId:9991eff8-a01e-00a3-3b0e-2ef2a3000000\n",
        "Time:2023-12-13T21:49:22.1575796Z\u003C/Message\u003E\u003C/Error\u003E"
      ]
    }
  ],
  "Variables": {
    "0": "bace7b850downloadacfailbinarydatacb10215935e96ead185",
    "1": "bace7b851downloadacfailbinarydatacb164011d80caefd8ed"
  }
}
