{
  "Entries": [
    {
      "RequestUri": "https://REDACTED/ffca03320getaccountinfobasef5a030107ef3450938454f?restype=container",
      "RequestMethod": "PUT",
      "RequestHeaders": {
        "Accept": "application/xml",
        "Authorization": "Sanitized",
        "Content-Length": "0",
        "Date": "Mon, 08 Apr 2024 18:21:11 GMT",
        "User-Agent": "azsdk-java-azure-storage-blob/12.26.0-beta.1 (17.0.8; Windows 11; 10.0)",
        "x-ms-client-request-id": "ae163151-cc72-446a-a5de-eaaea216c85e",
        "x-ms-version": "2024-02-04"
      },
      "RequestBody": null,
      "StatusCode": 201,
      "ResponseHeaders": {
        "Content-Length": "0",
        "Date": "Mon, 08 Apr 2024 18:21:11 GMT",
        "ETag": "\u00220x8DC57F8ABBC0514\u0022",
        "Last-Modified": "Mon, 08 Apr 2024 18:21:12 GMT",
        "Server": [
          "Windows-Azure-Blob/1.0",
          "Microsoft-HTTPAPI/2.0"
        ],
        "x-ms-client-request-id": "ae163151-cc72-446a-a5de-eaaea216c85e",
        "x-ms-request-id": "1ed2b4b9-f01e-0007-3be1-89fb05000000",
        "x-ms-version": "2024-02-04"
      },
      "ResponseBody": null
    },
    {
      "RequestUri": "https://REDACTED/ffca03320getaccountinfobasef5a030107ef3450938454f?restype=container",
      "RequestMethod": "PUT",
      "RequestHeaders": {
        "Accept": "application/xml",
        "Authorization": "Sanitized",
        "Content-Length": "0",
        "Date": "Mon, 08 Apr 2024 18:21:12 GMT",
        "User-Agent": "azsdk-java-azure-storage-blob/12.26.0-beta.1 (17.0.8; Windows 11; 10.0)",
        "x-ms-client-request-id": "11ddf58e-4de6-4904-b676-cfda3231c3ec",
        "x-ms-version": "2024-02-04"
      },
      "RequestBody": null,
      "StatusCode": 409,
      "ResponseHeaders": {
        "Content-Length": "230",
        "Content-Type": "application/xml",
        "Date": "Mon, 08 Apr 2024 18:21:11 GMT",
        "Server": [
          "Windows-Azure-Blob/1.0",
          "Microsoft-HTTPAPI/2.0"
        ],
        "x-ms-client-request-id": "11ddf58e-4de6-4904-b676-cfda3231c3ec",
        "x-ms-error-code": "ContainerAlreadyExists",
        "x-ms-request-id": "1ed2b6ac-f01e-0007-52e1-89fb05000000",
        "x-ms-version": "2024-02-04"
      },
      "ResponseBody": [
        "\uFEFF\u003C?xml version=\u00221.0\u0022 encoding=\u0022utf-8\u0022?\u003E\u003CError\u003E\u003CCode\u003EContainerAlreadyExists\u003C/Code\u003E\u003CMessage\u003EThe specified container already exists.\n",
        "RequestId:1ed2b6ac-f01e-0007-52e1-89fb05000000\n",
        "Time:2024-04-08T18:21:12.6188780Z\u003C/Message\u003E\u003C/Error\u003E"
      ]
    },
    {
      "RequestUri": "https://REDACTED/ffca03320getaccountinfobasef5a030107ef3450938454f/ffca03321getaccountinfobasef5a48005c8285c07dfee42",
      "RequestMethod": "PUT",
      "RequestHeaders": {
        "Accept": "application/xml",
        "Authorization": "Sanitized",
        "Content-Length": "7",
        "Content-Type": "application/octet-stream",
        "Date": "Mon, 08 Apr 2024 18:21:12 GMT",
        "If-None-Match": "*",
        "User-Agent": "azsdk-java-azure-storage-blob/12.26.0-beta.1 (17.0.8; Windows 11; 10.0)",
        "x-ms-blob-type": "BlockBlob",
        "x-ms-client-request-id": "f1916b19-3fdf-4260-a4bf-b781da5f971b",
        "x-ms-version": "2024-02-04"
      },
      "RequestBody": "ZGVmYXVsdA==",
      "StatusCode": 201,
      "ResponseHeaders": {
        "Content-Length": "0",
        "Content-MD5": "wh\u002BWm18D0z1D4E\u002BPE252gg==",
        "Date": "Mon, 08 Apr 2024 18:21:12 GMT",
        "ETag": "\u00220x8DC57F8AC08DF0E\u0022",
        "Last-Modified": "Mon, 08 Apr 2024 18:21:12 GMT",
        "Server": [
          "Windows-Azure-Blob/1.0",
          "Microsoft-HTTPAPI/2.0"
        ],
        "x-ms-client-request-id": "f1916b19-3fdf-4260-a4bf-b781da5f971b",
        "x-ms-content-crc64": "6RYQPwaVsyQ=",
        "x-ms-request-id": "1ed2ba9b-f01e-0007-3be1-89fb05000000",
        "x-ms-request-server-encrypted": "true",
        "x-ms-version": "2024-02-04"
      },
      "ResponseBody": null
    },
    {
      "RequestUri": "https://REDACTED/ffca03320getaccountinfobasef5a030107ef3450938454f/ffca03321getaccountinfobasef5a48005c8285c07dfee42?restype=account\u0026comp=properties",
      "RequestMethod": "GET",
      "RequestHeaders": {
        "Accept": "application/xml",
        "Authorization": "Sanitized",
        "Content-Length": "0",
        "Date": "Mon, 08 Apr 2024 18:21:12 GMT",
        "User-Agent": "azsdk-java-azure-storage-blob/12.26.0-beta.1 (17.0.8; Windows 11; 10.0)",
        "x-ms-client-request-id": "b92a3531-1490-49c1-b847-8b19311085df",
        "x-ms-version": "2024-02-04"
      },
      "RequestBody": null,
      "StatusCode": 200,
      "ResponseHeaders": {
        "Content-Length": "0",
        "Date": "Mon, 08 Apr 2024 18:21:12 GMT",
        "Server": [
          "Windows-Azure-Blob/1.0",
          "Microsoft-HTTPAPI/2.0"
        ],
        "x-ms-account-kind": "StorageV2",
        "x-ms-client-request-id": "b92a3531-1490-49c1-b847-8b19311085df",
        "x-ms-is-hns-enabled": "false",
        "x-ms-request-id": "1ed2bcae-f01e-0007-7ce1-89fb05000000",
        "x-ms-sku-name": "Standard_RAGRS",
        "x-ms-version": "2024-02-04"
      },
      "ResponseBody": null
    }
  ],
  "Variables": {
    "0": "ffca03320getaccountinfobasef5a030107ef3450938454f",
    "1": "ffca03321getaccountinfobasef5a48005c8285c07dfee42"
  }
}
