{
  "Entries": [
    {
      "RequestUri": "https://REDACTED/4a43377a0synccopy6e905584cce395f842544b40a15?restype=container",
      "RequestMethod": "PUT",
      "RequestHeaders": {
        "Accept": "application/xml",
        "Authorization": "Sanitized",
        "Content-Length": "0",
        "Date": "Wed, 11 Oct 2023 21:22:15 GMT",
        "User-Agent": "azsdk-java-azure-storage-blob/12.25.0-beta.1 (17.0.8.1; Windows 11; 10.0)",
        "x-ms-client-request-id": "a0236898-809a-4777-b58d-15e884b8eea9",
        "x-ms-version": "2023-08-03"
      },
      "RequestBody": null,
      "StatusCode": 201,
      "ResponseHeaders": {
        "Content-Length": "0",
        "Date": "Wed, 11 Oct 2023 21:22:14 GMT",
        "ETag": "\u00220x8DBCAA02449C1FF\u0022",
        "Last-Modified": "Wed, 11 Oct 2023 21:22:15 GMT",
        "Server": [
          "Windows-Azure-Blob/1.0",
          "Microsoft-HTTPAPI/2.0"
        ],
        "x-ms-client-request-id": "a0236898-809a-4777-b58d-15e884b8eea9",
        "x-ms-request-id": "53fcedf4-a01e-0018-0189-fc4ee5000000",
        "x-ms-version": "2023-08-03"
      },
      "ResponseBody": null
    },
    {
      "RequestUri": "https://REDACTED/4a43377a0synccopy6e905584cce395f842544b40a15/4a43377a1synccopy6e99476023abe3e22dbf408ea03",
      "RequestMethod": "PUT",
      "RequestHeaders": {
        "Accept": "application/xml",
        "Authorization": "Sanitized",
        "Content-Length": "7",
        "Content-Type": "application/octet-stream",
        "Date": "Wed, 11 Oct 2023 21:22:15 GMT",
        "If-None-Match": "*",
        "User-Agent": "azsdk-java-azure-storage-blob/12.25.0-beta.1 (17.0.8.1; Windows 11; 10.0)",
        "x-ms-blob-type": "BlockBlob",
        "x-ms-client-request-id": "ee723730-4f8a-4d13-b674-ce326e365e80",
        "x-ms-version": "2023-08-03"
      },
      "RequestBody": "ZGVmYXVsdA==",
      "StatusCode": 201,
      "ResponseHeaders": {
        "Content-Length": "0",
        "Content-MD5": "wh\u002BWm18D0z1D4E\u002BPE252gg==",
        "Date": "Wed, 11 Oct 2023 21:22:14 GMT",
        "ETag": "\u00220x8DBCAA0244DB90E\u0022",
        "Last-Modified": "Wed, 11 Oct 2023 21:22:15 GMT",
        "Server": [
          "Windows-Azure-Blob/1.0",
          "Microsoft-HTTPAPI/2.0"
        ],
        "x-ms-client-request-id": "ee723730-4f8a-4d13-b674-ce326e365e80",
        "x-ms-content-crc64": "6RYQPwaVsyQ=",
        "x-ms-request-id": "53fcee0c-a01e-0018-1889-fc4ee5000000",
        "x-ms-request-server-encrypted": "true",
        "x-ms-version": "2023-08-03"
      },
      "ResponseBody": null
    },
    {
      "RequestUri": "https://REDACTED/4a43377a0synccopy6e905584cce395f842544b40a15?restype=container\u0026comp=acl",
      "RequestMethod": "PUT",
      "RequestHeaders": {
        "Accept": "application/xml",
        "Authorization": "Sanitized",
        "Content-Length": "58",
        "Content-Type": "application/xml",
        "Date": "Wed, 11 Oct 2023 21:22:15 GMT",
        "User-Agent": "azsdk-java-azure-storage-blob/12.25.0-beta.1 (17.0.8.1; Windows 11; 10.0)",
        "x-ms-blob-public-access": "container",
        "x-ms-client-request-id": "8cfa3899-7747-4eba-838a-68a3b10df24f",
        "x-ms-version": "2023-08-03"
      },
      "RequestBody": "\u003C?xml version=\u00271.0\u0027 encoding=\u0027UTF-8\u0027?\u003E\u003CSignedIdentifiers/\u003E",
      "StatusCode": 200,
      "ResponseHeaders": {
        "Content-Length": "0",
        "Date": "Wed, 11 Oct 2023 21:22:15 GMT",
        "ETag": "\u00220x8DBCAA02451D4D7\u0022",
        "Last-Modified": "Wed, 11 Oct 2023 21:22:15 GMT",
        "Server": [
          "Windows-Azure-Blob/1.0",
          "Microsoft-HTTPAPI/2.0"
        ],
        "x-ms-client-request-id": "8cfa3899-7747-4eba-838a-68a3b10df24f",
        "x-ms-request-id": "31a525a7-a01e-00a1-4989-fc4aff000000",
        "x-ms-version": "2023-08-03"
      },
      "ResponseBody": null
    },
    {
      "RequestUri": "https://REDACTED/4a43377a0synccopy6e905584cce395f842544b40a15/4a43377a2synccopy6e935866243c81a72dc843dda29",
      "RequestMethod": "PUT",
      "RequestHeaders": {
        "Accept": "application/xml",
        "Authorization": "Sanitized",
        "Content-Length": "0",
        "Date": "Wed, 11 Oct 2023 21:22:15 GMT",
        "User-Agent": "azsdk-java-azure-storage-blob/12.25.0-beta.1 (17.0.8.1; Windows 11; 10.0)",
        "x-ms-client-request-id": "ab00a10e-ec79-4784-8ad1-786218ef9f9c",
        "x-ms-copy-source": "https://REDACTED/4a43377a0synccopy6e905584cce395f842544b40a15/4a43377a1synccopy6e99476023abe3e22dbf408ea03",
        "x-ms-requires-sync": "true",
        "x-ms-version": "2023-08-03"
      },
      "RequestBody": null,
      "StatusCode": 202,
      "ResponseHeaders": {
        "Content-Length": "0",
        "Date": "Wed, 11 Oct 2023 21:22:15 GMT",
        "ETag": "\u00220x8DBCAA02456A183\u0022",
        "Last-Modified": "Wed, 11 Oct 2023 21:22:15 GMT",
        "Server": [
          "Windows-Azure-Blob/1.0",
          "Microsoft-HTTPAPI/2.0"
        ],
        "x-ms-client-request-id": "ab00a10e-ec79-4784-8ad1-786218ef9f9c",
        "x-ms-content-crc64": "6RYQPwaVsyQ=",
        "x-ms-copy-id": "b986ced4-6039-4436-b481-e12b1c4d6c62",
        "x-ms-copy-status": "success",
        "x-ms-request-id": "31a525c7-a01e-00a1-6589-fc4aff000000",
        "x-ms-request-server-encrypted": "true",
        "x-ms-version": "2023-08-03"
      },
      "ResponseBody": null
    }
  ],
  "Variables": {
    "0": "4a43377a0synccopy6e905584cce395f842544b40a15",
    "1": "4a43377a1synccopy6e99476023abe3e22dbf408ea03",
    "2": "4a43377a2synccopy6e935866243c81a72dc843dda29"
  }
}
