{
  "Entries": [
    {
      "RequestUri": "https://REDACTED/7420f7ed0uploadreturnvalue21430339e5eaa3584def49?restype=container",
      "RequestMethod": "PUT",
      "RequestHeaders": {
        "Accept": "application/xml",
        "Authorization": "Sanitized",
        "Content-Length": "0",
        "Date": "Wed, 18 Oct 2023 19:08:11 GMT",
        "User-Agent": "azsdk-java-azure-storage-blob/12.25.0-beta.1 (17.0.8; Windows 11; 10.0)",
        "x-ms-client-request-id": "b361abb4-2fa6-4af9-bd6e-71a02a3c176e",
        "x-ms-version": "2023-11-03"
      },
      "RequestBody": null,
      "StatusCode": 201,
      "ResponseHeaders": {
        "Content-Length": "0",
        "Date": "Wed, 18 Oct 2023 19:08:11 GMT",
        "ETag": "\u00220x8DBD00D92C8AFB7\u0022",
        "Last-Modified": "Wed, 18 Oct 2023 19:08:11 GMT",
        "Server": [
          "Windows-Azure-Blob/1.0",
          "Microsoft-HTTPAPI/2.0"
        ],
        "x-ms-client-request-id": "b361abb4-2fa6-4af9-bd6e-71a02a3c176e",
        "x-ms-request-id": "8d7a0efd-a01e-001a-11f6-01f6b9000000",
        "x-ms-version": "2023-11-03"
      },
      "ResponseBody": null
    },
    {
      "RequestUri": "https://REDACTED/7420f7ed0uploadreturnvalue21430339e5eaa3584def49/7420f7ed1uploadreturnvalue214854860c84a288fb1342",
      "RequestMethod": "PUT",
      "RequestHeaders": {
        "Accept": "application/xml",
        "Authorization": "Sanitized",
        "Content-Length": "7",
        "Content-Type": "application/octet-stream",
        "Date": "Wed, 18 Oct 2023 19:08:11 GMT",
        "If-None-Match": "*",
        "User-Agent": "azsdk-java-azure-storage-blob/12.25.0-beta.1 (17.0.8; Windows 11; 10.0)",
        "x-ms-blob-type": "BlockBlob",
        "x-ms-client-request-id": "a5543008-63b4-44e8-a989-31cfd072629f",
        "x-ms-version": "2023-11-03"
      },
      "RequestBody": "ZGVmYXVsdA==",
      "StatusCode": 201,
      "ResponseHeaders": {
        "Content-Length": "0",
        "Content-MD5": "wh\u002BWm18D0z1D4E\u002BPE252gg==",
        "Date": "Wed, 18 Oct 2023 19:08:11 GMT",
        "ETag": "\u00220x8DBD00D92D93566\u0022",
        "Last-Modified": "Wed, 18 Oct 2023 19:08:11 GMT",
        "Server": [
          "Windows-Azure-Blob/1.0",
          "Microsoft-HTTPAPI/2.0"
        ],
        "x-ms-client-request-id": "a5543008-63b4-44e8-a989-31cfd072629f",
        "x-ms-content-crc64": "6RYQPwaVsyQ=",
        "x-ms-request-id": "8d7a0f8f-a01e-001a-15f6-01f6b9000000",
        "x-ms-request-server-encrypted": "true",
        "x-ms-version": "2023-11-03"
      },
      "ResponseBody": null
    },
    {
      "RequestUri": "https://REDACTED/7420f7ed0uploadreturnvalue21430339e5eaa3584def49/7420f7ed1uploadreturnvalue214854860c84a288fb1342",
      "RequestMethod": "PUT",
      "RequestHeaders": {
        "Accept": "application/xml",
        "Authorization": "Sanitized",
        "Content-Length": "7",
        "Content-Type": "application/octet-stream",
        "Date": "Wed, 18 Oct 2023 19:08:12 GMT",
        "User-Agent": "azsdk-java-azure-storage-blob/12.25.0-beta.1 (17.0.8; Windows 11; 10.0)",
        "x-ms-blob-type": "BlockBlob",
        "x-ms-client-request-id": "b48097a7-d08b-48e3-97c0-c4ac480ba566",
        "x-ms-version": "2023-11-03"
      },
      "RequestBody": "ZGVmYXVsdA==",
      "StatusCode": 201,
      "ResponseHeaders": {
        "Content-Length": "0",
        "Content-MD5": "wh\u002BWm18D0z1D4E\u002BPE252gg==",
        "Date": "Wed, 18 Oct 2023 19:08:11 GMT",
        "ETag": "\u00220x8DBD00D92E93878\u0022",
        "Last-Modified": "Wed, 18 Oct 2023 19:08:12 GMT",
        "Server": [
          "Windows-Azure-Blob/1.0",
          "Microsoft-HTTPAPI/2.0"
        ],
        "x-ms-client-request-id": "b48097a7-d08b-48e3-97c0-c4ac480ba566",
        "x-ms-content-crc64": "6RYQPwaVsyQ=",
        "x-ms-request-id": "8d7a1027-a01e-001a-1ff6-01f6b9000000",
        "x-ms-request-server-encrypted": "true",
        "x-ms-version": "2023-11-03"
      },
      "ResponseBody": null
    }
  ],
  "Variables": {
    "0": "7420f7ed0uploadreturnvalue21430339e5eaa3584def49",
    "1": "7420f7ed1uploadreturnvalue214854860c84a288fb1342"
  }
}
