{
  "Entries": [
    {
      "RequestUri": "https://REDACTED/873ddfd80setmetadataacfail8a550429b63a7544a88a41?restype=container",
      "RequestMethod": "PUT",
      "RequestHeaders": {
        "Accept": "application/xml",
        "Authorization": "Sanitized",
        "Content-Length": "0",
        "Date": "Wed, 18 Oct 2023 19:08:23 GMT",
        "User-Agent": "azsdk-java-azure-storage-blob/12.25.0-beta.1 (17.0.8; Windows 11; 10.0)",
        "x-ms-client-request-id": "2b41c888-c0f5-4f6a-b957-af7332409bae",
        "x-ms-version": "2023-11-03"
      },
      "RequestBody": null,
      "StatusCode": 201,
      "ResponseHeaders": {
        "Content-Length": "0",
        "Date": "Wed, 18 Oct 2023 19:08:23 GMT",
        "ETag": "\u00220x8DBD00D99B01C45\u0022",
        "Last-Modified": "Wed, 18 Oct 2023 19:08:23 GMT",
        "Server": [
          "Windows-Azure-Blob/1.0",
          "Microsoft-HTTPAPI/2.0"
        ],
        "x-ms-client-request-id": "2b41c888-c0f5-4f6a-b957-af7332409bae",
        "x-ms-request-id": "9f53ede6-801e-0032-28f6-019711000000",
        "x-ms-version": "2023-11-03"
      },
      "ResponseBody": null
    },
    {
      "RequestUri": "https://REDACTED/873ddfd80setmetadataacfail8a550429b63a7544a88a41/873ddfd81setmetadataacfail8a5553068ad407f1c75c49",
      "RequestMethod": "PUT",
      "RequestHeaders": {
        "Accept": "application/xml",
        "Authorization": "Sanitized",
        "Content-Length": "7",
        "Content-Type": "application/octet-stream",
        "Date": "Wed, 18 Oct 2023 19:08:23 GMT",
        "If-None-Match": "*",
        "User-Agent": "azsdk-java-azure-storage-blob/12.25.0-beta.1 (17.0.8; Windows 11; 10.0)",
        "x-ms-blob-type": "BlockBlob",
        "x-ms-client-request-id": "ab24b840-afe1-45fe-8706-7105051ff85a",
        "x-ms-version": "2023-11-03"
      },
      "RequestBody": "ZGVmYXVsdA==",
      "StatusCode": 201,
      "ResponseHeaders": {
        "Content-Length": "0",
        "Content-MD5": "wh\u002BWm18D0z1D4E\u002BPE252gg==",
        "Date": "Wed, 18 Oct 2023 19:08:23 GMT",
        "ETag": "\u00220x8DBD00D99C24F27\u0022",
        "Last-Modified": "Wed, 18 Oct 2023 19:08:23 GMT",
        "Server": [
          "Windows-Azure-Blob/1.0",
          "Microsoft-HTTPAPI/2.0"
        ],
        "x-ms-client-request-id": "ab24b840-afe1-45fe-8706-7105051ff85a",
        "x-ms-content-crc64": "6RYQPwaVsyQ=",
        "x-ms-request-id": "9f53ee05-801e-0032-43f6-019711000000",
        "x-ms-request-server-encrypted": "true",
        "x-ms-version": "2023-11-03"
      },
      "ResponseBody": null
    },
    {
      "RequestUri": "https://REDACTED/873ddfd80setmetadataacfail8a550429b63a7544a88a41/873ddfd81setmetadataacfail8a5553068ad407f1c75c49?comp=lease",
      "RequestMethod": "PUT",
      "RequestHeaders": {
        "Accept": "application/xml",
        "Authorization": "Sanitized",
        "Content-Length": "0",
        "Date": "Wed, 18 Oct 2023 19:08:23 GMT",
        "User-Agent": "azsdk-java-azure-storage-blob/12.25.0-beta.1 (17.0.8; Windows 11; 10.0)",
        "x-ms-client-request-id": "2cdd6878-d754-4196-b9f9-b9f5df005670",
        "x-ms-lease-action": "acquire",
        "x-ms-lease-duration": "-1",
        "x-ms-proposed-lease-id": "30df3693-c1f3-48c1-bc04-685861a5f0eb",
        "x-ms-version": "2023-11-03"
      },
      "RequestBody": null,
      "StatusCode": 201,
      "ResponseHeaders": {
        "Content-Length": "0",
        "Date": "Wed, 18 Oct 2023 19:08:23 GMT",
        "ETag": "\u00220x8DBD00D99C24F27\u0022",
        "Last-Modified": "Wed, 18 Oct 2023 19:08:23 GMT",
        "Server": [
          "Windows-Azure-Blob/1.0",
          "Microsoft-HTTPAPI/2.0"
        ],
        "x-ms-client-request-id": "2cdd6878-d754-4196-b9f9-b9f5df005670",
        "x-ms-lease-id": "30df3693-c1f3-48c1-bc04-685861a5f0eb",
        "x-ms-request-id": "23e5675d-201e-0076-0cf6-011d2e000000",
        "x-ms-version": "2023-11-03"
      },
      "ResponseBody": null
    },
    {
      "RequestUri": "https://REDACTED/873ddfd80setmetadataacfail8a550429b63a7544a88a41/873ddfd81setmetadataacfail8a5553068ad407f1c75c49?comp=metadata",
      "RequestMethod": "PUT",
      "RequestHeaders": {
        "Accept": "application/xml",
        "Authorization": "Sanitized",
        "Content-Length": "0",
        "Date": "Wed, 18 Oct 2023 19:08:23 GMT",
        "User-Agent": "azsdk-java-azure-storage-blob/12.25.0-beta.1 (17.0.8; Windows 11; 10.0)",
        "x-ms-client-request-id": "a93faccc-b795-4617-ad12-d4ec6401e05d",
        "x-ms-lease-id": "06cde407-50c6-4ee5-8edd-57d81a077ac3",
        "x-ms-version": "2023-11-03"
      },
      "RequestBody": null,
      "StatusCode": 412,
      "ResponseHeaders": {
        "Content-Length": "264",
        "Content-Type": "application/xml",
        "Date": "Wed, 18 Oct 2023 19:08:23 GMT",
        "Server": [
          "Windows-Azure-Blob/1.0",
          "Microsoft-HTTPAPI/2.0"
        ],
        "x-ms-client-request-id": "a93faccc-b795-4617-ad12-d4ec6401e05d",
        "x-ms-error-code": "LeaseIdMismatchWithBlobOperation",
        "x-ms-request-id": "23e567ac-201e-0076-52f6-011d2e000000",
        "x-ms-version": "2023-11-03"
      },
      "ResponseBody": [
        "\uFEFF\u003C?xml version=\u00221.0\u0022 encoding=\u0022utf-8\u0022?\u003E\u003CError\u003E\u003CCode\u003ELeaseIdMismatchWithBlobOperation\u003C/Code\u003E\u003CMessage\u003EThe lease ID specified did not match the lease ID for the blob.\n",
        "RequestId:23e567ac-201e-0076-52f6-011d2e000000\n",
        "Time:2023-10-18T19:08:23.7704996Z\u003C/Message\u003E\u003C/Error\u003E"
      ]
    }
  ],
  "Variables": {
    "0": "873ddfd80setmetadataacfail8a550429b63a7544a88a41",
    "1": "873ddfd81setmetadataacfail8a5553068ad407f1c75c49"
  }
}
