{
  "Entries": [
    {
      "RequestUri": "https://REDACTED/a30e2c990downloademptyfile2c7439022983b4b83e6a45?restype=container",
      "RequestMethod": "PUT",
      "RequestHeaders": {
        "Accept": "application/xml",
        "Authorization": "Sanitized",
        "Content-Length": "0",
        "Date": "Thu, 12 Oct 2023 13:50:58 GMT",
        "User-Agent": "azsdk-java-azure-storage-blob/12.25.0-beta.1 (17.0.8.1; Windows 11; 10.0)",
        "x-ms-client-request-id": "d1aa36bc-f0ef-4588-b1af-77b2bad03ddf",
        "x-ms-version": "2023-08-03"
      },
      "RequestBody": null,
      "StatusCode": 201,
      "ResponseHeaders": {
        "Content-Length": "0",
        "Date": "Thu, 12 Oct 2023 13:50:57 GMT",
        "ETag": "\u00220x8DBCB2A435616DE\u0022",
        "Last-Modified": "Thu, 12 Oct 2023 13:50:58 GMT",
        "Server": [
          "Windows-Azure-Blob/1.0",
          "Microsoft-HTTPAPI/2.0"
        ],
        "x-ms-client-request-id": "d1aa36bc-f0ef-4588-b1af-77b2bad03ddf",
        "x-ms-request-id": "b6cae756-101e-0027-6f13-fddd75000000",
        "x-ms-version": "2023-08-03"
      },
      "ResponseBody": null
    },
    {
      "RequestUri": "https://REDACTED/a30e2c990downloademptyfile2c7439022983b4b83e6a45/a30e2c991downloademptyfile2c743968f7abaa716c8246",
      "RequestMethod": "PUT",
      "RequestHeaders": {
        "Accept": "application/xml",
        "Authorization": "Sanitized",
        "Content-Length": "7",
        "Content-Type": "application/octet-stream",
        "Date": "Thu, 12 Oct 2023 13:50:58 GMT",
        "If-None-Match": "*",
        "User-Agent": "azsdk-java-azure-storage-blob/12.25.0-beta.1 (17.0.8.1; Windows 11; 10.0)",
        "x-ms-blob-type": "BlockBlob",
        "x-ms-client-request-id": "0eada1e0-cf93-493a-8776-cbb460ee910d",
        "x-ms-version": "2023-08-03"
      },
      "RequestBody": "ZGVmYXVsdA==",
      "StatusCode": 201,
      "ResponseHeaders": {
        "Content-Length": "0",
        "Content-MD5": "wh\u002BWm18D0z1D4E\u002BPE252gg==",
        "Date": "Thu, 12 Oct 2023 13:50:57 GMT",
        "ETag": "\u00220x8DBCB2A435968C4\u0022",
        "Last-Modified": "Thu, 12 Oct 2023 13:50:58 GMT",
        "Server": [
          "Windows-Azure-Blob/1.0",
          "Microsoft-HTTPAPI/2.0"
        ],
        "x-ms-client-request-id": "0eada1e0-cf93-493a-8776-cbb460ee910d",
        "x-ms-content-crc64": "6RYQPwaVsyQ=",
        "x-ms-request-id": "b6cae76c-101e-0027-0313-fddd75000000",
        "x-ms-request-server-encrypted": "true",
        "x-ms-version": "2023-08-03"
      },
      "ResponseBody": null
    },
    {
      "RequestUri": "https://REDACTED/a30e2c990downloademptyfile2c7439022983b4b83e6a45/emptyAppendBlob",
      "RequestMethod": "PUT",
      "RequestHeaders": {
        "Accept": "application/xml",
        "Authorization": "Sanitized",
        "Content-Length": "0",
        "Date": "Thu, 12 Oct 2023 13:50:58 GMT",
        "If-None-Match": "*",
        "User-Agent": "azsdk-java-azure-storage-blob/12.25.0-beta.1 (17.0.8.1; Windows 11; 10.0)",
        "x-ms-blob-type": "AppendBlob",
        "x-ms-client-request-id": "df90bbba-de16-429e-8246-e7d38b9115fd",
        "x-ms-version": "2023-08-03"
      },
      "RequestBody": null,
      "StatusCode": 201,
      "ResponseHeaders": {
        "Content-Length": "0",
        "Date": "Thu, 12 Oct 2023 13:50:57 GMT",
        "ETag": "\u00220x8DBCB2A43637980\u0022",
        "Last-Modified": "Thu, 12 Oct 2023 13:50:58 GMT",
        "Server": [
          "Windows-Azure-Blob/1.0",
          "Microsoft-HTTPAPI/2.0"
        ],
        "x-ms-client-request-id": "df90bbba-de16-429e-8246-e7d38b9115fd",
        "x-ms-request-id": "7453fd7b-301e-0030-5e13-fd747e000000",
        "x-ms-request-server-encrypted": "true",
        "x-ms-version": "2023-08-03"
      },
      "ResponseBody": null
    },
    {
      "RequestUri": "https://REDACTED/a30e2c990downloademptyfile2c7439022983b4b83e6a45/emptyAppendBlob",
      "RequestMethod": "GET",
      "RequestHeaders": {
        "Accept": "application/xml",
        "Authorization": "Sanitized",
        "Content-Length": "0",
        "Date": "Thu, 12 Oct 2023 13:50:58 GMT",
        "User-Agent": "azsdk-java-azure-storage-blob/12.25.0-beta.1 (17.0.8.1; Windows 11; 10.0)",
        "x-ms-client-request-id": "7543893e-2423-4887-b59e-841066c9609f",
        "x-ms-version": "2023-08-03"
      },
      "RequestBody": null,
      "StatusCode": 200,
      "ResponseHeaders": {
        "Accept-Ranges": "bytes",
        "Access-Control-Allow-Origin": "*",
        "Access-Control-Expose-Headers": "x-ms-client-request-id",
        "Content-Length": "0",
        "Content-Type": "application/octet-stream",
        "Date": "Thu, 12 Oct 2023 13:50:57 GMT",
        "ETag": "\u00220x8DBCB2A43637980\u0022",
        "Last-Modified": "Thu, 12 Oct 2023 13:50:58 GMT",
        "Server": [
          "Windows-Azure-Blob/1.0",
          "Microsoft-HTTPAPI/2.0"
        ],
        "x-ms-blob-committed-block-count": "0",
        "x-ms-blob-type": "AppendBlob",
        "x-ms-client-request-id": "7543893e-2423-4887-b59e-841066c9609f",
        "x-ms-creation-time": "Thu, 12 Oct 2023 13:50:58 GMT",
        "x-ms-lease-state": "available",
        "x-ms-lease-status": "unlocked",
        "x-ms-request-id": "7453fda4-301e-0030-0313-fd747e000000",
        "x-ms-server-encrypted": "true",
        "x-ms-version": "2023-08-03"
      },
      "ResponseBody": null
    }
  ],
  "Variables": {
    "0": "a30e2c990downloademptyfile2c7439022983b4b83e6a45",
    "1": "a30e2c991downloademptyfile2c743968f7abaa716c8246"
  }
}
