{
  "Entries": [
    {
      "RequestUri": "https://REDACTED/8be231010synccopydestacfail6a086788b35581627ceb48?restype=container",
      "RequestMethod": "PUT",
      "RequestHeaders": {
        "Accept": "application/xml",
        "Authorization": "Sanitized",
        "Content-Length": "0",
        "Date": "Mon, 04 Dec 2023 20:52:52 GMT",
        "User-Agent": "azsdk-java-azure-storage-blob/12.26.0-beta.1 (17.0.8; Windows 11; 10.0)",
        "x-ms-client-request-id": "1d9f834c-1b2e-4e33-9899-bc722616076a",
        "x-ms-version": "2024-02-04"
      },
      "RequestBody": null,
      "StatusCode": 201,
      "ResponseHeaders": {
        "Content-Length": "0",
        "Date": "Mon, 04 Dec 2023 20:52:52 GMT",
        "ETag": "\u00220x8DBF50AFC770241\u0022",
        "Last-Modified": "Mon, 04 Dec 2023 20:52:53 GMT",
        "Server": [
          "Windows-Azure-Blob/1.0",
          "Microsoft-HTTPAPI/2.0"
        ],
        "x-ms-client-request-id": "1d9f834c-1b2e-4e33-9899-bc722616076a",
        "x-ms-request-id": "e4d61047-b01e-0004-5af3-261c85000000",
        "x-ms-version": "2024-02-04"
      },
      "ResponseBody": null
    },
    {
      "RequestUri": "https://REDACTED/8be231010synccopydestacfail6a086788b35581627ceb48?restype=container",
      "RequestMethod": "PUT",
      "RequestHeaders": {
        "Accept": "application/xml",
        "Authorization": "Sanitized",
        "Content-Length": "0",
        "Date": "Mon, 04 Dec 2023 20:52:52 GMT",
        "User-Agent": "azsdk-java-azure-storage-blob/12.26.0-beta.1 (17.0.8; Windows 11; 10.0)",
        "x-ms-client-request-id": "ed0bbfa9-6752-49ac-a5ec-f81883171fb5",
        "x-ms-version": "2024-02-04"
      },
      "RequestBody": null,
      "StatusCode": 409,
      "ResponseHeaders": {
        "Content-Length": "230",
        "Content-Type": "application/xml",
        "Date": "Mon, 04 Dec 2023 20:52:52 GMT",
        "Server": [
          "Windows-Azure-Blob/1.0",
          "Microsoft-HTTPAPI/2.0"
        ],
        "x-ms-client-request-id": "ed0bbfa9-6752-49ac-a5ec-f81883171fb5",
        "x-ms-error-code": "ContainerAlreadyExists",
        "x-ms-request-id": "e4d61089-b01e-0004-13f3-261c85000000",
        "x-ms-version": "2024-02-04"
      },
      "ResponseBody": [
        "\uFEFF\u003C?xml version=\u00221.0\u0022 encoding=\u0022utf-8\u0022?\u003E\u003CError\u003E\u003CCode\u003EContainerAlreadyExists\u003C/Code\u003E\u003CMessage\u003EThe specified container already exists.\n",
        "RequestId:e4d61089-b01e-0004-13f3-261c85000000\n",
        "Time:2023-12-04T20:52:53.7952596Z\u003C/Message\u003E\u003C/Error\u003E"
      ]
    },
    {
      "RequestUri": "https://REDACTED/8be231010synccopydestacfail6a086788b35581627ceb48/8be231011synccopydestacfail6a0179715b16c1cd420246",
      "RequestMethod": "PUT",
      "RequestHeaders": {
        "Accept": "application/xml",
        "Authorization": "Sanitized",
        "Content-Length": "7",
        "Content-Type": "application/octet-stream",
        "Date": "Mon, 04 Dec 2023 20:52:53 GMT",
        "If-None-Match": "*",
        "User-Agent": "azsdk-java-azure-storage-blob/12.26.0-beta.1 (17.0.8; Windows 11; 10.0)",
        "x-ms-blob-type": "BlockBlob",
        "x-ms-client-request-id": "c4bf0e45-7486-4e74-af2b-299856bc03b2",
        "x-ms-version": "2024-02-04"
      },
      "RequestBody": "ZGVmYXVsdA==",
      "StatusCode": 201,
      "ResponseHeaders": {
        "Content-Length": "0",
        "Content-MD5": "wh\u002BWm18D0z1D4E\u002BPE252gg==",
        "Date": "Mon, 04 Dec 2023 20:52:52 GMT",
        "ETag": "\u00220x8DBF50AFC8E0089\u0022",
        "Last-Modified": "Mon, 04 Dec 2023 20:52:53 GMT",
        "Server": [
          "Windows-Azure-Blob/1.0",
          "Microsoft-HTTPAPI/2.0"
        ],
        "x-ms-client-request-id": "c4bf0e45-7486-4e74-af2b-299856bc03b2",
        "x-ms-content-crc64": "6RYQPwaVsyQ=",
        "x-ms-request-id": "e4d610b8-b01e-0004-40f3-261c85000000",
        "x-ms-request-server-encrypted": "true",
        "x-ms-version": "2024-02-04",
        "x-ms-version-id": "2023-12-04T20:52:53.8709908Z"
      },
      "ResponseBody": null
    },
    {
      "RequestUri": "https://REDACTED/8be231010synccopydestacfail6a086788b35581627ceb48?restype=container\u0026comp=acl",
      "RequestMethod": "PUT",
      "RequestHeaders": {
        "Accept": "application/xml",
        "Authorization": "Sanitized",
        "Content-Length": "58",
        "Content-Type": "application/xml",
        "Date": "Mon, 04 Dec 2023 20:52:53 GMT",
        "User-Agent": "azsdk-java-azure-storage-blob/12.26.0-beta.1 (17.0.8; Windows 11; 10.0)",
        "x-ms-blob-public-access": "container",
        "x-ms-client-request-id": "12f43b82-2c81-4096-a7b3-e28630e1d09f",
        "x-ms-version": "2024-02-04"
      },
      "RequestBody": "\u003C?xml version=\u00271.0\u0027 encoding=\u0027UTF-8\u0027?\u003E\u003CSignedIdentifiers/\u003E",
      "StatusCode": 200,
      "ResponseHeaders": {
        "Content-Length": "0",
        "Date": "Mon, 04 Dec 2023 20:52:53 GMT",
        "ETag": "\u00220x8DBF50AFC99A729\u0022",
        "Last-Modified": "Mon, 04 Dec 2023 20:52:53 GMT",
        "Server": [
          "Windows-Azure-Blob/1.0",
          "Microsoft-HTTPAPI/2.0"
        ],
        "x-ms-client-request-id": "12f43b82-2c81-4096-a7b3-e28630e1d09f",
        "x-ms-request-id": "e4d610f2-b01e-0004-77f3-261c85000000",
        "x-ms-version": "2024-02-04"
      },
      "ResponseBody": null
    },
    {
      "RequestUri": "https://REDACTED/8be231010synccopydestacfail6a086788b35581627ceb48/8be231012synccopydestacfail6a081781816a0ce6714b4c",
      "RequestMethod": "PUT",
      "RequestHeaders": {
        "Accept": "application/xml",
        "Authorization": "Sanitized",
        "Content-Length": "7",
        "Content-Type": "application/octet-stream",
        "Date": "Mon, 04 Dec 2023 20:52:53 GMT",
        "If-None-Match": "*",
        "User-Agent": "azsdk-java-azure-storage-blob/12.26.0-beta.1 (17.0.8; Windows 11; 10.0)",
        "x-ms-blob-type": "BlockBlob",
        "x-ms-client-request-id": "179dfcc1-655a-4998-a882-40891f0baa0a",
        "x-ms-version": "2024-02-04"
      },
      "RequestBody": "ZGVmYXVsdA==",
      "StatusCode": 201,
      "ResponseHeaders": {
        "Content-Length": "0",
        "Content-MD5": "wh\u002BWm18D0z1D4E\u002BPE252gg==",
        "Date": "Mon, 04 Dec 2023 20:52:53 GMT",
        "ETag": "\u00220x8DBF50AFCA555AD\u0022",
        "Last-Modified": "Mon, 04 Dec 2023 20:52:54 GMT",
        "Server": [
          "Windows-Azure-Blob/1.0",
          "Microsoft-HTTPAPI/2.0"
        ],
        "x-ms-client-request-id": "179dfcc1-655a-4998-a882-40891f0baa0a",
        "x-ms-content-crc64": "6RYQPwaVsyQ=",
        "x-ms-request-id": "e4d6111e-b01e-0004-21f3-261c85000000",
        "x-ms-request-server-encrypted": "true",
        "x-ms-version": "2024-02-04",
        "x-ms-version-id": "2023-12-04T20:52:54.0229037Z"
      },
      "ResponseBody": null
    },
    {
      "RequestUri": "https://REDACTED/8be231010synccopydestacfail6a086788b35581627ceb48/8be231012synccopydestacfail6a081781816a0ce6714b4c",
      "RequestMethod": "PUT",
      "RequestHeaders": {
        "Accept": "application/xml",
        "Authorization": "Sanitized",
        "Content-Length": "0",
        "Date": "Mon, 04 Dec 2023 20:52:53 GMT",
        "If-Unmodified-Since": "Sun, 03 Dec 2023 20:51:14 GMT",
        "User-Agent": "azsdk-java-azure-storage-blob/12.26.0-beta.1 (17.0.8; Windows 11; 10.0)",
        "x-ms-client-request-id": "c9a76589-1e78-490c-ab4b-062d74cf83cb",
        "x-ms-copy-source": "https://REDACTED/8be231010synccopydestacfail6a086788b35581627ceb48/8be231011synccopydestacfail6a0179715b16c1cd420246",
        "x-ms-requires-sync": "true",
        "x-ms-version": "2024-02-04"
      },
      "RequestBody": null,
      "StatusCode": 412,
      "ResponseHeaders": {
        "Content-Length": "252",
        "Content-Type": "application/xml",
        "Date": "Mon, 04 Dec 2023 20:52:53 GMT",
        "Server": [
          "Windows-Azure-Blob/1.0",
          "Microsoft-HTTPAPI/2.0"
        ],
        "x-ms-client-request-id": "c9a76589-1e78-490c-ab4b-062d74cf83cb",
        "x-ms-error-code": "ConditionNotMet",
        "x-ms-request-id": "e4d61172-b01e-0004-68f3-261c85000000",
        "x-ms-version": "2024-02-04"
      },
      "ResponseBody": [
        "\uFEFF\u003C?xml version=\u00221.0\u0022 encoding=\u0022utf-8\u0022?\u003E\u003CError\u003E\u003CCode\u003EConditionNotMet\u003C/Code\u003E\u003CMessage\u003EThe condition specified using HTTP conditional header(s) is not met.\n",
        "RequestId:e4d61172-b01e-0004-68f3-261c85000000\n",
        "Time:2023-12-04T20:52:54.1540533Z\u003C/Message\u003E\u003C/Error\u003E"
      ]
    }
  ],
  "Variables": {
    "0": "8be231010synccopydestacfail6a086788b35581627ceb48",
    "1": "8be231011synccopydestacfail6a0179715b16c1cd420246",
    "2": "8be231012synccopydestacfail6a081781816a0ce6714b4c"
  }
}
