{
  "Entries": [
    {
      "RequestUri": "https://REDACTED/e33a8e760deleteifexistsacfailc1109887961abc6293294?restype=container",
      "RequestMethod": "PUT",
      "RequestHeaders": {
        "Accept": "application/xml",
        "Authorization": "Sanitized",
        "Content-Length": "0",
        "Date": "Thu, 12 Oct 2023 16:47:25 GMT",
        "User-Agent": "azsdk-java-azure-storage-blob/12.25.0-beta.1 (17.0.8.1; Windows 11; 10.0)",
        "x-ms-client-request-id": "e616f3d0-7f71-4b92-880f-820021de4766",
        "x-ms-version": "2023-08-03"
      },
      "RequestBody": null,
      "StatusCode": 201,
      "ResponseHeaders": {
        "Content-Length": "0",
        "Date": "Thu, 12 Oct 2023 16:47:24 GMT",
        "ETag": "\u00220x8DBCB42E9FB173B\u0022",
        "Last-Modified": "Thu, 12 Oct 2023 16:47:25 GMT",
        "Server": [
          "Windows-Azure-Blob/1.0",
          "Microsoft-HTTPAPI/2.0"
        ],
        "x-ms-client-request-id": "e616f3d0-7f71-4b92-880f-820021de4766",
        "x-ms-request-id": "f614eb1b-d01e-0028-562b-fdab19000000",
        "x-ms-version": "2023-08-03"
      },
      "ResponseBody": null
    },
    {
      "RequestUri": "https://REDACTED/e33a8e760deleteifexistsacfailc1109887961abc6293294/e33a8e761deleteifexistsacfailc119986700f1290bf1204",
      "RequestMethod": "PUT",
      "RequestHeaders": {
        "Accept": "application/xml",
        "Authorization": "Sanitized",
        "Content-Length": "7",
        "Content-Type": "application/octet-stream",
        "Date": "Thu, 12 Oct 2023 16:47:25 GMT",
        "If-None-Match": "*",
        "User-Agent": "azsdk-java-azure-storage-blob/12.25.0-beta.1 (17.0.8.1; Windows 11; 10.0)",
        "x-ms-blob-type": "BlockBlob",
        "x-ms-client-request-id": "5f008572-6187-49e1-ad7e-a42f9ce89171",
        "x-ms-version": "2023-08-03"
      },
      "RequestBody": "ZGVmYXVsdA==",
      "StatusCode": 201,
      "ResponseHeaders": {
        "Content-Length": "0",
        "Content-MD5": "wh\u002BWm18D0z1D4E\u002BPE252gg==",
        "Date": "Thu, 12 Oct 2023 16:47:25 GMT",
        "ETag": "\u00220x8DBCB42E9FE6B11\u0022",
        "Last-Modified": "Thu, 12 Oct 2023 16:47:25 GMT",
        "Server": [
          "Windows-Azure-Blob/1.0",
          "Microsoft-HTTPAPI/2.0"
        ],
        "x-ms-client-request-id": "5f008572-6187-49e1-ad7e-a42f9ce89171",
        "x-ms-content-crc64": "6RYQPwaVsyQ=",
        "x-ms-request-id": "56fc02db-301e-006d-032b-fd7efa000000",
        "x-ms-request-server-encrypted": "true",
        "x-ms-version": "2023-08-03"
      },
      "ResponseBody": null
    },
    {
      "RequestUri": "https://REDACTED/e33a8e760deleteifexistsacfailc1109887961abc6293294/e33a8e761deleteifexistsacfailc119986700f1290bf1204",
      "RequestMethod": "DELETE",
      "RequestHeaders": {
        "Accept": "application/xml",
        "Authorization": "Sanitized",
        "Content-Length": "0",
        "Date": "Thu, 12 Oct 2023 16:47:25 GMT",
        "If-Match": "garbage",
        "User-Agent": "azsdk-java-azure-storage-blob/12.25.0-beta.1 (17.0.8.1; Windows 11; 10.0)",
        "x-ms-client-request-id": "02bb1207-5bab-43ba-a58e-23b8dd10581e",
        "x-ms-delete-snapshots": "include",
        "x-ms-version": "2023-08-03"
      },
      "RequestBody": null,
      "StatusCode": 412,
      "ResponseHeaders": {
        "Content-Length": "252",
        "Content-Type": "application/xml",
        "Date": "Thu, 12 Oct 2023 16:47:24 GMT",
        "Server": [
          "Windows-Azure-Blob/1.0",
          "Microsoft-HTTPAPI/2.0"
        ],
        "x-ms-client-request-id": "02bb1207-5bab-43ba-a58e-23b8dd10581e",
        "x-ms-error-code": "ConditionNotMet",
        "x-ms-request-id": "40a59058-d01e-004a-362b-fd693e000000",
        "x-ms-version": "2023-08-03"
      },
      "ResponseBody": [
        "\uFEFF\u003C?xml version=\u00221.0\u0022 encoding=\u0022utf-8\u0022?\u003E\u003CError\u003E\u003CCode\u003EConditionNotMet\u003C/Code\u003E\u003CMessage\u003EThe condition specified using HTTP conditional header(s) is not met.\n",
        "RequestId:40a59058-d01e-004a-362b-fd693e000000\n",
        "Time:2023-10-12T16:47:25.7423616Z\u003C/Message\u003E\u003C/Error\u003E"
      ]
    }
  ],
  "Variables": {
    "0": "e33a8e760deleteifexistsacfailc1109887961abc6293294",
    "1": "e33a8e761deleteifexistsacfailc119986700f1290bf1204"
  }
}
