{
  "Entries": [
    {
      "RequestUri": "https://REDACTED/a2703fbf0uploadfluxoverwritefailsad414912059f6e7fc02?restype=container",
      "RequestMethod": "PUT",
      "RequestHeaders": {
        "Accept": "application/xml",
        "Authorization": "Sanitized",
        "Content-Length": "0",
        "Date": "Fri, 17 Nov 2023 21:09:11 GMT",
        "User-Agent": "azsdk-java-azure-storage-blob/12.26.0-beta.1 (17.0.8; Windows 11; 10.0)",
        "x-ms-client-request-id": "1422f757-446e-4ba3-b6dc-6833add05c4c",
        "x-ms-version": "2024-02-04"
      },
      "RequestBody": null,
      "StatusCode": 201,
      "ResponseHeaders": {
        "Content-Length": "0",
        "Date": "Fri, 17 Nov 2023 21:09:11 GMT",
        "ETag": "\u00220x8DBE7B172952F18\u0022",
        "Last-Modified": "Fri, 17 Nov 2023 21:09:12 GMT",
        "Server": [
          "Windows-Azure-Blob/1.0",
          "Microsoft-HTTPAPI/2.0"
        ],
        "x-ms-client-request-id": "1422f757-446e-4ba3-b6dc-6833add05c4c",
        "x-ms-request-id": "6bdaead5-b01e-005b-2f9a-19ae5d000000",
        "x-ms-version": "2024-02-04"
      },
      "ResponseBody": null
    },
    {
      "RequestUri": "https://REDACTED/a2703fbf0uploadfluxoverwritefailsad414912059f6e7fc02/a2703fbf1uploadfluxoverwritefailsad433277a270b2ec528",
      "RequestMethod": "PUT",
      "RequestHeaders": {
        "Accept": "application/xml",
        "Authorization": "Sanitized",
        "Content-Length": "7",
        "Content-Type": "application/octet-stream",
        "Date": "Fri, 17 Nov 2023 21:09:11 GMT",
        "If-None-Match": "*",
        "User-Agent": "azsdk-java-azure-storage-blob/12.26.0-beta.1 (17.0.8; Windows 11; 10.0)",
        "x-ms-blob-type": "BlockBlob",
        "x-ms-client-request-id": "ccd5652e-f8c1-4fdd-af84-506f169cce25",
        "x-ms-version": "2024-02-04"
      },
      "RequestBody": "ZGVmYXVsdA==",
      "StatusCode": 201,
      "ResponseHeaders": {
        "Content-Length": "0",
        "Content-MD5": "wh\u002BWm18D0z1D4E\u002BPE252gg==",
        "Date": "Fri, 17 Nov 2023 21:09:11 GMT",
        "ETag": "\u00220x8DBE7B172A57E74\u0022",
        "Last-Modified": "Fri, 17 Nov 2023 21:09:12 GMT",
        "Server": [
          "Windows-Azure-Blob/1.0",
          "Microsoft-HTTPAPI/2.0"
        ],
        "x-ms-client-request-id": "ccd5652e-f8c1-4fdd-af84-506f169cce25",
        "x-ms-content-crc64": "6RYQPwaVsyQ=",
        "x-ms-request-id": "6bdaeb7d-b01e-005b-4e9a-19ae5d000000",
        "x-ms-request-server-encrypted": "true",
        "x-ms-version": "2024-02-04"
      },
      "ResponseBody": null
    },
    {
      "RequestUri": "https://REDACTED/a2703fbf0uploadfluxoverwritefailsad414912059f6e7fc02/a2703fbf1uploadfluxoverwritefailsad433277a270b2ec528",
      "RequestMethod": "HEAD",
      "RequestHeaders": {
        "Accept": "application/xml",
        "Authorization": "Sanitized",
        "Content-Length": "0",
        "Date": "Fri, 17 Nov 2023 21:09:12 GMT",
        "User-Agent": "azsdk-java-azure-storage-blob/12.26.0-beta.1 (17.0.8; Windows 11; 10.0)",
        "x-ms-client-request-id": "4abc5fef-7af6-4834-ad3f-716e3b189f63",
        "x-ms-version": "2024-02-04"
      },
      "RequestBody": null,
      "StatusCode": 200,
      "ResponseHeaders": {
        "Accept-Ranges": "bytes",
        "Access-Control-Allow-Origin": "*",
        "Access-Control-Expose-Headers": "x-ms-client-request-id",
        "Content-Length": "7",
        "Content-MD5": "wh\u002BWm18D0z1D4E\u002BPE252gg==",
        "Content-Type": "application/octet-stream",
        "Date": "Fri, 17 Nov 2023 21:09:12 GMT",
        "ETag": "\u00220x8DBE7B172A57E74\u0022",
        "Last-Modified": "Fri, 17 Nov 2023 21:09:12 GMT",
        "Server": [
          "Windows-Azure-Blob/1.0",
          "Microsoft-HTTPAPI/2.0"
        ],
        "x-ms-access-tier": "Hot",
        "x-ms-access-tier-inferred": "true",
        "x-ms-blob-type": "BlockBlob",
        "x-ms-client-request-id": "4abc5fef-7af6-4834-ad3f-716e3b189f63",
        "x-ms-creation-time": "Fri, 17 Nov 2023 21:09:12 GMT",
        "x-ms-lease-state": "available",
        "x-ms-lease-status": "unlocked",
        "x-ms-request-id": "6bdaec25-b01e-005b-6a9a-19ae5d000000",
        "x-ms-server-encrypted": "true",
        "x-ms-version": "2024-02-04"
      },
      "ResponseBody": null
    }
  ],
  "Variables": {
    "0": "a2703fbf0uploadfluxoverwritefailsad414912059f6e7fc02",
    "1": "a2703fbf1uploadfluxoverwritefailsad433277a270b2ec528"
  }
}
