{
  "Entries": [
    {
      "RequestUri": "https://REDACTED/86be71710sethttpheadersac89b90698c1d02fd1d88642d?restype=container",
      "RequestMethod": "PUT",
      "RequestHeaders": {
        "Accept": "application/xml",
        "Authorization": "Sanitized",
        "Content-Length": "0",
        "Date": "Thu, 12 Oct 2023 17:26:24 GMT",
        "User-Agent": "azsdk-java-azure-storage-blob/12.25.0-beta.1 (17.0.8.1; Windows 11; 10.0)",
        "x-ms-client-request-id": "50ffbe30-814d-4bbc-a571-4ce19639981f",
        "x-ms-version": "2023-08-03"
      },
      "RequestBody": null,
      "StatusCode": 201,
      "ResponseHeaders": {
        "Content-Length": "0",
        "Date": "Thu, 12 Oct 2023 17:26:23 GMT",
        "ETag": "\u00220x8DBCB485BCCB833\u0022",
        "Last-Modified": "Thu, 12 Oct 2023 17:26:24 GMT",
        "Server": [
          "Windows-Azure-Blob/1.0",
          "Microsoft-HTTPAPI/2.0"
        ],
        "x-ms-client-request-id": "50ffbe30-814d-4bbc-a571-4ce19639981f",
        "x-ms-request-id": "5ddc4e7c-801e-0057-3031-fd6482000000",
        "x-ms-version": "2023-08-03"
      },
      "ResponseBody": null
    },
    {
      "RequestUri": "https://REDACTED/86be71710sethttpheadersac89b90698c1d02fd1d88642d/86be71711sethttpheadersac89b1633666fc4f3799fb4ea",
      "RequestMethod": "PUT",
      "RequestHeaders": {
        "Accept": "application/xml",
        "Authorization": "Sanitized",
        "Content-Length": "7",
        "Content-Type": "application/octet-stream",
        "Date": "Thu, 12 Oct 2023 17:26:24 GMT",
        "If-None-Match": "*",
        "User-Agent": "azsdk-java-azure-storage-blob/12.25.0-beta.1 (17.0.8.1; Windows 11; 10.0)",
        "x-ms-blob-type": "BlockBlob",
        "x-ms-client-request-id": "71802ff1-ba28-45f5-9984-948f4be38b5d",
        "x-ms-version": "2023-08-03"
      },
      "RequestBody": "ZGVmYXVsdA==",
      "StatusCode": 201,
      "ResponseHeaders": {
        "Content-Length": "0",
        "Content-MD5": "wh\u002BWm18D0z1D4E\u002BPE252gg==",
        "Date": "Thu, 12 Oct 2023 17:26:23 GMT",
        "ETag": "\u00220x8DBCB485BD04B5E\u0022",
        "Last-Modified": "Thu, 12 Oct 2023 17:26:24 GMT",
        "Server": [
          "Windows-Azure-Blob/1.0",
          "Microsoft-HTTPAPI/2.0"
        ],
        "x-ms-client-request-id": "71802ff1-ba28-45f5-9984-948f4be38b5d",
        "x-ms-content-crc64": "6RYQPwaVsyQ=",
        "x-ms-request-id": "5ddc4e96-801e-0057-4931-fd6482000000",
        "x-ms-request-server-encrypted": "true",
        "x-ms-version": "2023-08-03"
      },
      "ResponseBody": null
    },
    {
      "RequestUri": "https://REDACTED/86be71710sethttpheadersac89b90698c1d02fd1d88642d/86be71711sethttpheadersac89b1633666fc4f3799fb4ea?comp=tags",
      "RequestMethod": "PUT",
      "RequestHeaders": {
        "Accept": "application/xml",
        "Authorization": "Sanitized",
        "Content-Length": "111",
        "Content-Type": "application/xml",
        "Date": "Thu, 12 Oct 2023 17:26:24 GMT",
        "User-Agent": "azsdk-java-azure-storage-blob/12.25.0-beta.1 (17.0.8.1; Windows 11; 10.0)",
        "x-ms-client-request-id": "9cd0a8ce-63f2-477d-b592-880e397e8412",
        "x-ms-version": "2023-08-03"
      },
      "RequestBody": "\u003C?xml version=\u00271.0\u0027 encoding=\u0027UTF-8\u0027?\u003E\u003CTags\u003E\u003CTagSet\u003E\u003CTag\u003E\u003CKey\u003Efoo\u003C/Key\u003E\u003CValue\u003Ebar\u003C/Value\u003E\u003C/Tag\u003E\u003C/TagSet\u003E\u003C/Tags\u003E",
      "StatusCode": 204,
      "ResponseHeaders": {
        "Date": "Thu, 12 Oct 2023 17:26:23 GMT",
        "Server": [
          "Windows-Azure-Blob/1.0",
          "Microsoft-HTTPAPI/2.0"
        ],
        "x-ms-client-request-id": "9cd0a8ce-63f2-477d-b592-880e397e8412",
        "x-ms-request-id": "5ddc4eb8-801e-0057-6531-fd6482000000",
        "x-ms-version": "2023-08-03"
      },
      "ResponseBody": null
    },
    {
      "RequestUri": "https://REDACTED/86be71710sethttpheadersac89b90698c1d02fd1d88642d/86be71711sethttpheadersac89b1633666fc4f3799fb4ea?comp=properties",
      "RequestMethod": "PUT",
      "RequestHeaders": {
        "Accept": "application/xml",
        "Authorization": "Sanitized",
        "Content-Length": "0",
        "Date": "Thu, 12 Oct 2023 17:26:24 GMT",
        "User-Agent": "azsdk-java-azure-storage-blob/12.25.0-beta.1 (17.0.8.1; Windows 11; 10.0)",
        "x-ms-client-request-id": "229ba428-f55a-45ff-a841-94435092c085",
        "x-ms-if-tags": "\u0022foo\u0022 = \u0027bar\u0027",
        "x-ms-version": "2023-08-03"
      },
      "RequestBody": null,
      "StatusCode": 200,
      "ResponseHeaders": {
        "Content-Length": "0",
        "Date": "Thu, 12 Oct 2023 17:26:23 GMT",
        "ETag": "\u00220x8DBCB485BD88795\u0022",
        "Last-Modified": "Thu, 12 Oct 2023 17:26:24 GMT",
        "Server": [
          "Windows-Azure-Blob/1.0",
          "Microsoft-HTTPAPI/2.0"
        ],
        "x-ms-client-request-id": "229ba428-f55a-45ff-a841-94435092c085",
        "x-ms-request-id": "5ddc4edf-801e-0057-0731-fd6482000000",
        "x-ms-version": "2023-08-03"
      },
      "ResponseBody": null
    }
  ],
  "Variables": {
    "0": "86be71710sethttpheadersac89b90698c1d02fd1d88642d",
    "1": "86be71711sethttpheadersac89b1633666fc4f3799fb4ea"
  }
}
