{
  "Entries": [
    {
      "RequestUri": "https://REDACTED/6bead48b0settiersnapshoterror2f90618300b0fd69f60d4?restype=container",
      "RequestMethod": "PUT",
      "RequestHeaders": {
        "Accept": "application/xml",
        "Authorization": "Sanitized",
        "Content-Length": "0",
        "Date": "Wed, 11 Oct 2023 21:22:35 GMT",
        "User-Agent": "azsdk-java-azure-storage-blob/12.25.0-beta.1 (17.0.8.1; Windows 11; 10.0)",
        "x-ms-client-request-id": "e3b07f6b-2f09-4160-ae94-9f3d4a28327f",
        "x-ms-version": "2023-08-03"
      },
      "RequestBody": null,
      "StatusCode": 201,
      "ResponseHeaders": {
        "Content-Length": "0",
        "Date": "Wed, 11 Oct 2023 21:22:35 GMT",
        "ETag": "\u00220x8DBCAA0306F71DB\u0022",
        "Last-Modified": "Wed, 11 Oct 2023 21:22:35 GMT",
        "Server": [
          "Windows-Azure-Blob/1.0",
          "Microsoft-HTTPAPI/2.0"
        ],
        "x-ms-client-request-id": "e3b07f6b-2f09-4160-ae94-9f3d4a28327f",
        "x-ms-request-id": "cccff178-701e-009d-7489-fc6338000000",
        "x-ms-version": "2023-08-03"
      },
      "ResponseBody": null
    },
    {
      "RequestUri": "https://REDACTED/6bead48b0settiersnapshoterror2f90618300b0fd69f60d4/6bead48b1settiersnapshoterror2f9996565ad9f2dc8b1d4",
      "RequestMethod": "PUT",
      "RequestHeaders": {
        "Accept": "application/xml",
        "Authorization": "Sanitized",
        "Content-Length": "7",
        "Content-Type": "application/octet-stream",
        "Date": "Wed, 11 Oct 2023 21:22:35 GMT",
        "If-None-Match": "*",
        "User-Agent": "azsdk-java-azure-storage-blob/12.25.0-beta.1 (17.0.8.1; Windows 11; 10.0)",
        "x-ms-blob-type": "BlockBlob",
        "x-ms-client-request-id": "f12fc480-52cb-44e1-bd1f-75abe8106432",
        "x-ms-version": "2023-08-03"
      },
      "RequestBody": "ZGVmYXVsdA==",
      "StatusCode": 201,
      "ResponseHeaders": {
        "Content-Length": "0",
        "Content-MD5": "wh\u002BWm18D0z1D4E\u002BPE252gg==",
        "Date": "Wed, 11 Oct 2023 21:22:35 GMT",
        "ETag": "\u00220x8DBCAA03073A7E8\u0022",
        "Last-Modified": "Wed, 11 Oct 2023 21:22:35 GMT",
        "Server": [
          "Windows-Azure-Blob/1.0",
          "Microsoft-HTTPAPI/2.0"
        ],
        "x-ms-client-request-id": "f12fc480-52cb-44e1-bd1f-75abe8106432",
        "x-ms-content-crc64": "6RYQPwaVsyQ=",
        "x-ms-request-id": "cccff18d-701e-009d-0689-fc6338000000",
        "x-ms-request-server-encrypted": "true",
        "x-ms-version": "2023-08-03"
      },
      "ResponseBody": null
    },
    {
      "RequestUri": "https://REDACTED/6bead48b0settiersnapshoterror2f90618300b0fd69f60d4/6bead48b1settiersnapshoterror2f9996565ad9f2dc8b1d4?comp=snapshot",
      "RequestMethod": "PUT",
      "RequestHeaders": {
        "Accept": "application/xml",
        "Authorization": "Sanitized",
        "Content-Length": "0",
        "Date": "Wed, 11 Oct 2023 21:22:35 GMT",
        "User-Agent": "azsdk-java-azure-storage-blob/12.25.0-beta.1 (17.0.8.1; Windows 11; 10.0)",
        "x-ms-client-request-id": "52e612e9-59de-4a30-9738-ab1bb8f595e8",
        "x-ms-version": "2023-08-03"
      },
      "RequestBody": null,
      "StatusCode": 201,
      "ResponseHeaders": {
        "Content-Length": "0",
        "Date": "Wed, 11 Oct 2023 21:22:35 GMT",
        "ETag": "\u00220x8DBCAA03073A7E8\u0022",
        "Last-Modified": "Wed, 11 Oct 2023 21:22:35 GMT",
        "Server": [
          "Windows-Azure-Blob/1.0",
          "Microsoft-HTTPAPI/2.0"
        ],
        "x-ms-client-request-id": "52e612e9-59de-4a30-9738-ab1bb8f595e8",
        "x-ms-request-id": "e507c1cb-201e-0039-6d89-fc6a9e000000",
        "x-ms-request-server-encrypted": "false",
        "x-ms-snapshot": "2023-10-11T21:22:35.9921029Z",
        "x-ms-version": "2023-08-03"
      },
      "ResponseBody": null
    },
    {
      "RequestUri": "https://REDACTED/6bead48b0settiersnapshoterror2f90618300b0fd69f60d4/6bead48b1settiersnapshoterror2f9996565ad9f2dc8b1d4?comp=tier\u0026snapshot=2020-04-17T20%3A37%3A16.5129130Z",
      "RequestMethod": "PUT",
      "RequestHeaders": {
        "Accept": "application/xml",
        "Authorization": "Sanitized",
        "Content-Length": "0",
        "Date": "Wed, 11 Oct 2023 21:22:36 GMT",
        "User-Agent": "azsdk-java-azure-storage-blob/12.25.0-beta.1 (17.0.8.1; Windows 11; 10.0)",
        "x-ms-access-tier": "Cool",
        "x-ms-client-request-id": "7612bfd1-d473-4d76-b134-b5e03fffa9a7",
        "x-ms-version": "2023-08-03"
      },
      "RequestBody": null,
      "StatusCode": 404,
      "ResponseHeaders": {
        "Content-Length": "215",
        "Content-Type": "application/xml",
        "Date": "Wed, 11 Oct 2023 21:22:35 GMT",
        "Server": [
          "Windows-Azure-Blob/1.0",
          "Microsoft-HTTPAPI/2.0"
        ],
        "x-ms-client-request-id": "7612bfd1-d473-4d76-b134-b5e03fffa9a7",
        "x-ms-error-code": "BlobNotFound",
        "x-ms-request-id": "e507c1f5-201e-0039-1289-fc6a9e000000",
        "x-ms-version": "2023-08-03"
      },
      "ResponseBody": [
        "\uFEFF\u003C?xml version=\u00221.0\u0022 encoding=\u0022utf-8\u0022?\u003E\u003CError\u003E\u003CCode\u003EBlobNotFound\u003C/Code\u003E\u003CMessage\u003EThe specified blob does not exist.\n",
        "RequestId:e507c1f5-201e-0039-1289-fc6a9e000000\n",
        "Time:2023-10-11T21:22:36.0188981Z\u003C/Message\u003E\u003C/Error\u003E"
      ]
    }
  ],
  "Variables": {
    "0": "6bead48b0settiersnapshoterror2f90618300b0fd69f60d4",
    "1": "6bead48b1settiersnapshoterror2f9996565ad9f2dc8b1d4"
  }
}
