{
  "Entries": [
    {
      "RequestUri": "https://REDACTED/f918f0d30synccopytags35647606f7dd7e9adf0a4f52a?restype=container",
      "RequestMethod": "PUT",
      "RequestHeaders": {
        "Accept": "application/xml",
        "Authorization": "Sanitized",
        "Content-Length": "0",
        "Date": "Mon, 08 Jan 2024 19:44:17 GMT",
        "User-Agent": "azsdk-java-azure-storage-blob/12.26.0-beta.1 (17.0.8; Windows 11; 10.0)",
        "x-ms-client-request-id": "c1008633-d98f-4a99-a4d9-108034266f77",
        "x-ms-version": "2024-02-04"
      },
      "RequestBody": null,
      "StatusCode": 201,
      "ResponseHeaders": {
        "Content-Length": "0",
        "Date": "Mon, 08 Jan 2024 19:44:27 GMT",
        "ETag": "\u00220x8DC10823A18CA93\u0022",
        "Last-Modified": "Mon, 08 Jan 2024 19:44:28 GMT",
        "Server": [
          "Windows-Azure-Blob/1.0",
          "Microsoft-HTTPAPI/2.0"
        ],
        "x-ms-client-request-id": "c1008633-d98f-4a99-a4d9-108034266f77",
        "x-ms-request-id": "c64396de-401e-0012-6d6b-42ecb6000000",
        "x-ms-version": "2024-02-04"
      },
      "ResponseBody": null
    },
    {
      "RequestUri": "https://REDACTED/f918f0d30synccopytags35647606f7dd7e9adf0a4f52a?restype=container",
      "RequestMethod": "PUT",
      "RequestHeaders": {
        "Accept": "application/xml",
        "Authorization": "Sanitized",
        "Content-Length": "0",
        "Date": "Mon, 08 Jan 2024 19:44:17 GMT",
        "User-Agent": "azsdk-java-azure-storage-blob/12.26.0-beta.1 (17.0.8; Windows 11; 10.0)",
        "x-ms-client-request-id": "2a9c7624-eb3d-4015-9fb2-76a4713c5370",
        "x-ms-version": "2024-02-04"
      },
      "RequestBody": null,
      "StatusCode": 409,
      "ResponseHeaders": {
        "Content-Length": "230",
        "Content-Type": "application/xml",
        "Date": "Mon, 08 Jan 2024 19:44:28 GMT",
        "Server": [
          "Windows-Azure-Blob/1.0",
          "Microsoft-HTTPAPI/2.0"
        ],
        "x-ms-client-request-id": "2a9c7624-eb3d-4015-9fb2-76a4713c5370",
        "x-ms-error-code": "ContainerAlreadyExists",
        "x-ms-request-id": "c6439768-401e-0012-726b-42ecb6000000",
        "x-ms-version": "2024-02-04"
      },
      "ResponseBody": [
        "\uFEFF\u003C?xml version=\u00221.0\u0022 encoding=\u0022utf-8\u0022?\u003E\u003CError\u003E\u003CCode\u003EContainerAlreadyExists\u003C/Code\u003E\u003CMessage\u003EThe specified container already exists.\n",
        "RequestId:c6439768-401e-0012-726b-42ecb6000000\n",
        "Time:2024-01-08T19:44:28.7233406Z\u003C/Message\u003E\u003C/Error\u003E"
      ]
    },
    {
      "RequestUri": "https://REDACTED/f918f0d30synccopytags35647606f7dd7e9adf0a4f52a/f918f0d31synccopytags35661620e2507229506a43dba",
      "RequestMethod": "PUT",
      "RequestHeaders": {
        "Accept": "application/xml",
        "Authorization": "Sanitized",
        "Content-Length": "7",
        "Content-Type": "application/octet-stream",
        "Date": "Mon, 08 Jan 2024 19:44:17 GMT",
        "If-None-Match": "*",
        "User-Agent": "azsdk-java-azure-storage-blob/12.26.0-beta.1 (17.0.8; Windows 11; 10.0)",
        "x-ms-blob-type": "BlockBlob",
        "x-ms-client-request-id": "002327e0-fbf0-47a7-936c-672cd7c32ac3",
        "x-ms-version": "2024-02-04"
      },
      "RequestBody": "ZGVmYXVsdA==",
      "StatusCode": 201,
      "ResponseHeaders": {
        "Content-Length": "0",
        "Content-MD5": "wh\u002BWm18D0z1D4E\u002BPE252gg==",
        "Date": "Mon, 08 Jan 2024 19:44:28 GMT",
        "ETag": "\u00220x8DC10823A3600A0\u0022",
        "Last-Modified": "Mon, 08 Jan 2024 19:44:28 GMT",
        "Server": [
          "Windows-Azure-Blob/1.0",
          "Microsoft-HTTPAPI/2.0"
        ],
        "x-ms-client-request-id": "002327e0-fbf0-47a7-936c-672cd7c32ac3",
        "x-ms-content-crc64": "6RYQPwaVsyQ=",
        "x-ms-request-id": "c6439817-401e-0012-146b-42ecb6000000",
        "x-ms-request-server-encrypted": "true",
        "x-ms-version": "2024-02-04"
      },
      "ResponseBody": null
    },
    {
      "RequestUri": "https://REDACTED/f918f0d30synccopytags35647606f7dd7e9adf0a4f52a/f918f0d32synccopytags35633759b7fe4eb9437741b98",
      "RequestMethod": "PUT",
      "RequestHeaders": {
        "Accept": "application/xml",
        "Authorization": "Sanitized",
        "Content-Length": "0",
        "Date": "Mon, 08 Jan 2024 19:44:18 GMT",
        "User-Agent": "azsdk-java-azure-storage-blob/12.26.0-beta.1 (17.0.8; Windows 11; 10.0)",
        "x-ms-client-request-id": "9dbb0ecf-9c08-4494-a4d1-f980e1073da8",
        "x-ms-copy-source": "https://REDACTED/f918f0d30synccopytags35647606f7dd7e9adf0a4f52a/f918f0d31synccopytags35661620e2507229506a43dba?sv=2024-05-04\u0026se=2024-01-09T19%3A44%3A18Z\u0026sr=b\u0026sp=r\u0026REDACTED",
        "x-ms-requires-sync": "true",
        "x-ms-tags": "foo=bar\u0026fizz=buzz",
        "x-ms-version": "2024-02-04"
      },
      "RequestBody": null,
      "StatusCode": 202,
      "ResponseHeaders": {
        "Content-Length": "0",
        "Date": "Mon, 08 Jan 2024 19:44:28 GMT",
        "ETag": "\u00220x8DC10823A452B48\u0022",
        "Last-Modified": "Mon, 08 Jan 2024 19:44:28 GMT",
        "Server": [
          "Windows-Azure-Blob/1.0",
          "Microsoft-HTTPAPI/2.0"
        ],
        "x-ms-client-request-id": "9dbb0ecf-9c08-4494-a4d1-f980e1073da8",
        "x-ms-content-crc64": "6RYQPwaVsyQ=",
        "x-ms-copy-id": "fe49591b-0a4c-4a78-a054-fd998a24a441",
        "x-ms-copy-status": "success",
        "x-ms-request-id": "c64398c1-401e-0012-306b-42ecb6000000",
        "x-ms-request-server-encrypted": "true",
        "x-ms-version": "2024-02-04"
      },
      "ResponseBody": null
    },
    {
      "RequestUri": "https://REDACTED/f918f0d30synccopytags35647606f7dd7e9adf0a4f52a/f918f0d32synccopytags35633759b7fe4eb9437741b98?comp=tags",
      "RequestMethod": "GET",
      "RequestHeaders": {
        "Accept": "application/xml",
        "Authorization": "Sanitized",
        "Content-Length": "0",
        "Date": "Mon, 08 Jan 2024 19:44:18 GMT",
        "User-Agent": "azsdk-java-azure-storage-blob/12.26.0-beta.1 (17.0.8; Windows 11; 10.0)",
        "x-ms-client-request-id": "8633d6b5-ed77-438e-8945-ff3fa619763e",
        "x-ms-version": "2024-02-04"
      },
      "RequestBody": null,
      "StatusCode": 200,
      "ResponseHeaders": {
        "Content-Length": "160",
        "Content-Type": "application/xml",
        "Date": "Mon, 08 Jan 2024 19:44:28 GMT",
        "Server": [
          "Windows-Azure-Blob/1.0",
          "Microsoft-HTTPAPI/2.0"
        ],
        "x-ms-client-request-id": "8633d6b5-ed77-438e-8945-ff3fa619763e",
        "x-ms-request-id": "c64399e6-401e-0012-4d6b-42ecb6000000",
        "x-ms-version": "2024-02-04"
      },
      "ResponseBody": [
        "\uFEFF\u003C?xml version=\u00221.0\u0022 encoding=\u0022utf-8\u0022?\u003E\n",
        "\u003CTags\u003E\u003CTagSet\u003E\u003CTag\u003E\u003CKey\u003Efizz\u003C/Key\u003E\u003CValue\u003Ebuzz\u003C/Value\u003E\u003C/Tag\u003E\u003CTag\u003E\u003CKey\u003Efoo\u003C/Key\u003E\u003CValue\u003Ebar\u003C/Value\u003E\u003C/Tag\u003E\u003C/TagSet\u003E\u003C/Tags\u003E"
      ]
    }
  ],
  "Variables": {
    "0": "f918f0d30synccopytags35647606f7dd7e9adf0a4f52a",
    "1": "f918f0d31synccopytags35661620e2507229506a43dba",
    "2": "f918f0d32synccopytags35633759b7fe4eb9437741b98",
    "3": "2024-01-08T19:44:18.071868500Z"
  }
}
