{
  "Entries": [
    {
      "RequestUri": "https://REDACTED/1077410e0setmetadatamin27b5029877f3d3a54e514607?restype=container",
      "RequestMethod": "PUT",
      "RequestHeaders": {
        "Accept": "application/xml",
        "Authorization": "Sanitized",
        "Content-Length": "0",
        "Date": "Mon, 04 Dec 2023 20:53:14 GMT",
        "User-Agent": "azsdk-java-azure-storage-blob/12.26.0-beta.1 (17.0.8; Windows 11; 10.0)",
        "x-ms-client-request-id": "b1d44392-91eb-4824-ad61-b956a303e155",
        "x-ms-version": "2024-02-04"
      },
      "RequestBody": null,
      "StatusCode": 201,
      "ResponseHeaders": {
        "Content-Length": "0",
        "Date": "Mon, 04 Dec 2023 20:53:14 GMT",
        "ETag": "\u00220x8DBF50B0997B336\u0022",
        "Last-Modified": "Mon, 04 Dec 2023 20:53:15 GMT",
        "Server": [
          "Windows-Azure-Blob/1.0",
          "Microsoft-HTTPAPI/2.0"
        ],
        "x-ms-client-request-id": "b1d44392-91eb-4824-ad61-b956a303e155",
        "x-ms-request-id": "5881d77a-601e-0091-30f3-26f430000000",
        "x-ms-version": "2024-02-04"
      },
      "ResponseBody": null
    },
    {
      "RequestUri": "https://REDACTED/1077410e0setmetadatamin27b5029877f3d3a54e514607?restype=container",
      "RequestMethod": "PUT",
      "RequestHeaders": {
        "Accept": "application/xml",
        "Authorization": "Sanitized",
        "Content-Length": "0",
        "Date": "Mon, 04 Dec 2023 20:53:14 GMT",
        "User-Agent": "azsdk-java-azure-storage-blob/12.26.0-beta.1 (17.0.8; Windows 11; 10.0)",
        "x-ms-client-request-id": "2cb50cc5-e8ee-497d-8f10-4060ad1198a5",
        "x-ms-version": "2024-02-04"
      },
      "RequestBody": null,
      "StatusCode": 409,
      "ResponseHeaders": {
        "Content-Length": "230",
        "Content-Type": "application/xml",
        "Date": "Mon, 04 Dec 2023 20:53:15 GMT",
        "Server": [
          "Windows-Azure-Blob/1.0",
          "Microsoft-HTTPAPI/2.0"
        ],
        "x-ms-client-request-id": "2cb50cc5-e8ee-497d-8f10-4060ad1198a5",
        "x-ms-error-code": "ContainerAlreadyExists",
        "x-ms-request-id": "3bba4100-401e-004d-66f3-265e6e000000",
        "x-ms-version": "2024-02-04"
      },
      "ResponseBody": [
        "\uFEFF\u003C?xml version=\u00221.0\u0022 encoding=\u0022utf-8\u0022?\u003E\u003CError\u003E\u003CCode\u003EContainerAlreadyExists\u003C/Code\u003E\u003CMessage\u003EThe specified container already exists.\n",
        "RequestId:3bba4100-401e-004d-66f3-265e6e000000\n",
        "Time:2023-12-04T20:53:15.8273022Z\u003C/Message\u003E\u003C/Error\u003E"
      ]
    },
    {
      "RequestUri": "https://REDACTED/1077410e0setmetadatamin27b5029877f3d3a54e514607/1077410e1setmetadatamin27b16704e02372b47ad041e1",
      "RequestMethod": "PUT",
      "RequestHeaders": {
        "Accept": "application/xml",
        "Authorization": "Sanitized",
        "Content-Length": "7",
        "Content-Type": "application/octet-stream",
        "Date": "Mon, 04 Dec 2023 20:53:15 GMT",
        "If-None-Match": "*",
        "User-Agent": "azsdk-java-azure-storage-blob/12.26.0-beta.1 (17.0.8; Windows 11; 10.0)",
        "x-ms-blob-type": "BlockBlob",
        "x-ms-client-request-id": "146a551a-6ae0-49fe-b024-4099c093ee54",
        "x-ms-version": "2024-02-04"
      },
      "RequestBody": "ZGVmYXVsdA==",
      "StatusCode": 201,
      "ResponseHeaders": {
        "Content-Length": "0",
        "Content-MD5": "wh\u002BWm18D0z1D4E\u002BPE252gg==",
        "Date": "Mon, 04 Dec 2023 20:53:15 GMT",
        "ETag": "\u00220x8DBF50B09AF930E\u0022",
        "Last-Modified": "Mon, 04 Dec 2023 20:53:15 GMT",
        "Server": [
          "Windows-Azure-Blob/1.0",
          "Microsoft-HTTPAPI/2.0"
        ],
        "x-ms-client-request-id": "146a551a-6ae0-49fe-b024-4099c093ee54",
        "x-ms-content-crc64": "6RYQPwaVsyQ=",
        "x-ms-request-id": "3bba414a-401e-004d-28f3-265e6e000000",
        "x-ms-request-server-encrypted": "true",
        "x-ms-version": "2024-02-04",
        "x-ms-version-id": "2023-12-04T20:53:15.9003918Z"
      },
      "ResponseBody": null
    },
    {
      "RequestUri": "https://REDACTED/1077410e0setmetadatamin27b5029877f3d3a54e514607/1077410e1setmetadatamin27b16704e02372b47ad041e1?comp=metadata",
      "RequestMethod": "PUT",
      "RequestHeaders": {
        "Accept": "application/xml",
        "Authorization": "Sanitized",
        "Content-Length": "0",
        "Date": "Mon, 04 Dec 2023 20:53:15 GMT",
        "User-Agent": "azsdk-java-azure-storage-blob/12.26.0-beta.1 (17.0.8; Windows 11; 10.0)",
        "x-ms-client-request-id": "2f421570-fdf6-46d1-b580-534449a3d2df",
        "x-ms-meta-foo": "bar",
        "x-ms-version": "2024-02-04"
      },
      "RequestBody": null,
      "StatusCode": 200,
      "ResponseHeaders": {
        "Content-Length": "0",
        "Date": "Mon, 04 Dec 2023 20:53:15 GMT",
        "ETag": "\u00220x8DBF50B09BB5126\u0022",
        "Last-Modified": "Mon, 04 Dec 2023 20:53:15 GMT",
        "Server": [
          "Windows-Azure-Blob/1.0",
          "Microsoft-HTTPAPI/2.0"
        ],
        "x-ms-client-request-id": "2f421570-fdf6-46d1-b580-534449a3d2df",
        "x-ms-request-id": "3bba4192-401e-004d-6af3-265e6e000000",
        "x-ms-request-server-encrypted": "true",
        "x-ms-version": "2024-02-04",
        "x-ms-version-id": "2023-12-04T20:53:15.9783478Z"
      },
      "ResponseBody": null
    },
    {
      "RequestUri": "https://REDACTED/1077410e0setmetadatamin27b5029877f3d3a54e514607/1077410e1setmetadatamin27b16704e02372b47ad041e1",
      "RequestMethod": "HEAD",
      "RequestHeaders": {
        "Accept": "application/xml",
        "Authorization": "Sanitized",
        "Content-Length": "0",
        "Date": "Mon, 04 Dec 2023 20:53:15 GMT",
        "User-Agent": "azsdk-java-azure-storage-blob/12.26.0-beta.1 (17.0.8; Windows 11; 10.0)",
        "x-ms-client-request-id": "7778ae3e-54a4-4d90-a03d-4527cf48ec4b",
        "x-ms-version": "2024-02-04"
      },
      "RequestBody": null,
      "StatusCode": 200,
      "ResponseHeaders": {
        "Accept-Ranges": "bytes",
        "Access-Control-Allow-Origin": "*",
        "Access-Control-Expose-Headers": "x-ms-client-request-id",
        "Content-Length": "7",
        "Content-MD5": "wh\u002BWm18D0z1D4E\u002BPE252gg==",
        "Content-Type": "application/octet-stream",
        "Date": "Mon, 04 Dec 2023 20:53:15 GMT",
        "ETag": "\u00220x8DBF50B09BB5126\u0022",
        "Last-Modified": "Mon, 04 Dec 2023 20:53:15 GMT",
        "Server": [
          "Windows-Azure-Blob/1.0",
          "Microsoft-HTTPAPI/2.0"
        ],
        "x-ms-access-tier": "Hot",
        "x-ms-access-tier-inferred": "true",
        "x-ms-blob-type": "BlockBlob",
        "x-ms-client-request-id": "7778ae3e-54a4-4d90-a03d-4527cf48ec4b",
        "x-ms-creation-time": "Mon, 04 Dec 2023 20:53:15 GMT",
        "x-ms-is-current-version": "true",
        "x-ms-last-access-time": "Mon, 04 Dec 2023 20:53:15 GMT",
        "x-ms-lease-state": "available",
        "x-ms-lease-status": "unlocked",
        "x-ms-meta-foo": "bar",
        "x-ms-request-id": "3bba41ed-401e-004d-3ef3-265e6e000000",
        "x-ms-server-encrypted": "true",
        "x-ms-version": "2024-02-04",
        "x-ms-version-id": "2023-12-04T20:53:15.9783478Z"
      },
      "ResponseBody": null
    }
  ],
  "Variables": {
    "0": "1077410e0setmetadatamin27b5029877f3d3a54e514607",
    "1": "1077410e1setmetadatamin27b16704e02372b47ad041e1"
  }
}
