{
  "Entries": [
    {
      "RequestUri": "https://REDACTED/521754bc0copysourceacd41971787e10ae25b8f44f9b8?restype=container",
      "RequestMethod": "PUT",
      "RequestHeaders": {
        "Accept": "application/xml",
        "Authorization": "Sanitized",
        "Content-Length": "0",
        "Date": "Wed, 13 Dec 2023 21:48:24 GMT",
        "User-Agent": "azsdk-java-azure-storage-blob/12.26.0-beta.1 (17.0.8; Windows 11; 10.0)",
        "x-ms-client-request-id": "28a13ed8-7256-4c04-9e3c-da55bc2ac42b",
        "x-ms-version": "2024-02-04"
      },
      "RequestBody": null,
      "StatusCode": 201,
      "ResponseHeaders": {
        "Content-Length": "0",
        "Date": "Wed, 13 Dec 2023 21:48:24 GMT",
        "ETag": "\u00220x8DBFC253B9F5149\u0022",
        "Last-Modified": "Wed, 13 Dec 2023 21:48:24 GMT",
        "Server": [
          "Windows-Azure-Blob/1.0",
          "Microsoft-HTTPAPI/2.0"
        ],
        "x-ms-client-request-id": "28a13ed8-7256-4c04-9e3c-da55bc2ac42b",
        "x-ms-request-id": "260c440b-801e-0050-7d0e-2e5536000000",
        "x-ms-version": "2024-02-04"
      },
      "ResponseBody": null
    },
    {
      "RequestUri": "https://REDACTED/521754bc0copysourceacd41971787e10ae25b8f44f9b8?restype=container",
      "RequestMethod": "PUT",
      "RequestHeaders": {
        "Accept": "application/xml",
        "Authorization": "Sanitized",
        "Content-Length": "0",
        "Date": "Wed, 13 Dec 2023 21:48:24 GMT",
        "User-Agent": "azsdk-java-azure-storage-blob/12.26.0-beta.1 (17.0.8; Windows 11; 10.0)",
        "x-ms-client-request-id": "76b72fbd-fd55-4dfd-a966-d47f084e5ab4",
        "x-ms-version": "2024-02-04"
      },
      "RequestBody": null,
      "StatusCode": 409,
      "ResponseHeaders": {
        "Content-Length": "230",
        "Content-Type": "application/xml",
        "Date": "Wed, 13 Dec 2023 21:48:24 GMT",
        "Server": [
          "Windows-Azure-Blob/1.0",
          "Microsoft-HTTPAPI/2.0"
        ],
        "x-ms-client-request-id": "76b72fbd-fd55-4dfd-a966-d47f084e5ab4",
        "x-ms-error-code": "ContainerAlreadyExists",
        "x-ms-request-id": "260c4463-801e-0050-4f0e-2e5536000000",
        "x-ms-version": "2024-02-04"
      },
      "ResponseBody": [
        "\uFEFF\u003C?xml version=\u00221.0\u0022 encoding=\u0022utf-8\u0022?\u003E\u003CError\u003E\u003CCode\u003EContainerAlreadyExists\u003C/Code\u003E\u003CMessage\u003EThe specified container already exists.\n",
        "RequestId:260c4463-801e-0050-4f0e-2e5536000000\n",
        "Time:2023-12-13T21:48:24.8322877Z\u003C/Message\u003E\u003C/Error\u003E"
      ]
    },
    {
      "RequestUri": "https://REDACTED/521754bc0copysourceacd41971787e10ae25b8f44f9b8/521754bc1copysourceacd41946032879c24962f34287a",
      "RequestMethod": "PUT",
      "RequestHeaders": {
        "Accept": "application/xml",
        "Authorization": "Sanitized",
        "Content-Length": "7",
        "Content-Type": "application/octet-stream",
        "Date": "Wed, 13 Dec 2023 21:48:24 GMT",
        "If-None-Match": "*",
        "User-Agent": "azsdk-java-azure-storage-blob/12.26.0-beta.1 (17.0.8; Windows 11; 10.0)",
        "x-ms-blob-type": "BlockBlob",
        "x-ms-client-request-id": "c3971568-6635-4eb7-bfbf-d493927807f7",
        "x-ms-version": "2024-02-04"
      },
      "RequestBody": "ZGVmYXVsdA==",
      "StatusCode": 201,
      "ResponseHeaders": {
        "Content-Length": "0",
        "Content-MD5": "wh\u002BWm18D0z1D4E\u002BPE252gg==",
        "Date": "Wed, 13 Dec 2023 21:48:24 GMT",
        "ETag": "\u00220x8DBFC253BBBD9C9\u0022",
        "Last-Modified": "Wed, 13 Dec 2023 21:48:24 GMT",
        "Server": [
          "Windows-Azure-Blob/1.0",
          "Microsoft-HTTPAPI/2.0"
        ],
        "x-ms-client-request-id": "c3971568-6635-4eb7-bfbf-d493927807f7",
        "x-ms-content-crc64": "6RYQPwaVsyQ=",
        "x-ms-request-id": "260c449a-801e-0050-800e-2e5536000000",
        "x-ms-request-server-encrypted": "true",
        "x-ms-version": "2024-02-04"
      },
      "ResponseBody": null
    },
    {
      "RequestUri": "https://REDACTED/521754bc0copysourceacd41971787e10ae25b8f44f9b8/521754bc1copysourceacd41946032879c24962f34287a?comp=tags",
      "RequestMethod": "PUT",
      "RequestHeaders": {
        "Accept": "application/xml",
        "Authorization": "Sanitized",
        "Content-Length": "111",
        "Content-Type": "application/xml",
        "Date": "Wed, 13 Dec 2023 21:48:24 GMT",
        "User-Agent": "azsdk-java-azure-storage-blob/12.26.0-beta.1 (17.0.8; Windows 11; 10.0)",
        "x-ms-client-request-id": "f8b7bf6a-fbc9-498e-8039-33589b5321e3",
        "x-ms-version": "2024-02-04"
      },
      "RequestBody": "\u003C?xml version=\u00271.0\u0027 encoding=\u0027UTF-8\u0027?\u003E\u003CTags\u003E\u003CTagSet\u003E\u003CTag\u003E\u003CKey\u003Efoo\u003C/Key\u003E\u003CValue\u003Ebar\u003C/Value\u003E\u003C/Tag\u003E\u003C/TagSet\u003E\u003C/Tags\u003E",
      "StatusCode": 204,
      "ResponseHeaders": {
        "Date": "Wed, 13 Dec 2023 21:48:24 GMT",
        "Server": [
          "Windows-Azure-Blob/1.0",
          "Microsoft-HTTPAPI/2.0"
        ],
        "x-ms-client-request-id": "f8b7bf6a-fbc9-498e-8039-33589b5321e3",
        "x-ms-request-id": "0910615a-501e-0043-7a0e-2e713a000000",
        "x-ms-version": "2024-02-04"
      },
      "ResponseBody": null
    },
    {
      "RequestUri": "https://REDACTED/521754bc0copysourceacd41971787e10ae25b8f44f9b8/521754bc2copysourceacd41471563f258a62db3646128",
      "RequestMethod": "PUT",
      "RequestHeaders": {
        "Accept": "application/xml",
        "Authorization": "Sanitized",
        "Content-Length": "0",
        "Date": "Wed, 13 Dec 2023 21:48:24 GMT",
        "User-Agent": "azsdk-java-azure-storage-blob/12.26.0-beta.1 (17.0.8; Windows 11; 10.0)",
        "x-ms-client-request-id": "8c650234-59fb-4108-8975-8276b7620387",
        "x-ms-copy-source": "https://REDACTED/521754bc0copysourceacd41971787e10ae25b8f44f9b8/521754bc1copysourceacd41946032879c24962f34287a",
        "x-ms-source-if-none-match": "garbage",
        "x-ms-version": "2024-02-04"
      },
      "RequestBody": null,
      "StatusCode": 202,
      "ResponseHeaders": {
        "Content-Length": "0",
        "Date": "Wed, 13 Dec 2023 21:48:24 GMT",
        "ETag": "\u00220x8DBFC253BDC554E\u0022",
        "Last-Modified": "Wed, 13 Dec 2023 21:48:25 GMT",
        "Server": [
          "Windows-Azure-Blob/1.0",
          "Microsoft-HTTPAPI/2.0"
        ],
        "x-ms-client-request-id": "8c650234-59fb-4108-8975-8276b7620387",
        "x-ms-copy-id": "c41f1f74-e9a0-46e6-a5ab-60572f2301b2",
        "x-ms-copy-status": "success",
        "x-ms-request-id": "091061eb-501e-0043-7d0e-2e713a000000",
        "x-ms-version": "2024-02-04"
      },
      "ResponseBody": null
    },
    {
      "RequestUri": "https://REDACTED/521754bc0copysourceacd41971787e10ae25b8f44f9b8/521754bc2copysourceacd41471563f258a62db3646128",
      "RequestMethod": "HEAD",
      "RequestHeaders": {
        "Accept": "application/xml",
        "Authorization": "Sanitized",
        "Content-Length": "0",
        "Date": "Wed, 13 Dec 2023 21:48:26 GMT",
        "User-Agent": "azsdk-java-azure-storage-blob/12.26.0-beta.1 (17.0.8; Windows 11; 10.0)",
        "x-ms-client-request-id": "e9ed2817-d5fb-4baf-841f-4144a5f45daa",
        "x-ms-version": "2024-02-04"
      },
      "RequestBody": null,
      "StatusCode": 200,
      "ResponseHeaders": {
        "Accept-Ranges": "bytes",
        "Access-Control-Allow-Origin": "*",
        "Access-Control-Expose-Headers": "x-ms-client-request-id",
        "Content-Length": "7",
        "Content-MD5": "wh\u002BWm18D0z1D4E\u002BPE252gg==",
        "Content-Type": "application/octet-stream",
        "Date": "Wed, 13 Dec 2023 21:48:25 GMT",
        "ETag": "\u00220x8DBFC253BDC554E\u0022",
        "Last-Modified": "Wed, 13 Dec 2023 21:48:25 GMT",
        "Server": [
          "Windows-Azure-Blob/1.0",
          "Microsoft-HTTPAPI/2.0"
        ],
        "x-ms-access-tier": "Hot",
        "x-ms-access-tier-inferred": "true",
        "x-ms-blob-type": "BlockBlob",
        "x-ms-client-request-id": "e9ed2817-d5fb-4baf-841f-4144a5f45daa",
        "x-ms-copy-completion-time": "Wed, 13 Dec 2023 21:48:25 GMT",
        "x-ms-copy-id": "c41f1f74-e9a0-46e6-a5ab-60572f2301b2",
        "x-ms-copy-progress": "7/7",
        "x-ms-copy-source": "https://REDACTED/521754bc0copysourceacd41971787e10ae25b8f44f9b8/521754bc1copysourceacd41946032879c24962f34287a",
        "x-ms-copy-status": "success",
        "x-ms-creation-time": "Wed, 13 Dec 2023 21:48:25 GMT",
        "x-ms-lease-state": "available",
        "x-ms-lease-status": "unlocked",
        "x-ms-request-id": "95c5faf4-601e-0015-380e-2e80d5000000",
        "x-ms-server-encrypted": "true",
        "x-ms-version": "2024-02-04"
      },
      "ResponseBody": null
    }
  ],
  "Variables": {
    "0": "521754bc0copysourceacd41971787e10ae25b8f44f9b8",
    "1": "521754bc1copysourceacd41946032879c24962f34287a",
    "2": "521754bc2copysourceacd41471563f258a62db3646128"
  }
}
