{
  "Entries": [
    {
      "RequestUri": "https://REDACTED/780394d30copydestacfail44c808949f86d06f0e054d05?restype=container",
      "RequestMethod": "PUT",
      "RequestHeaders": {
        "Accept": "application/xml",
        "Authorization": "Sanitized",
        "Content-Length": "0",
        "Date": "Wed, 13 Dec 2023 21:47:54 GMT",
        "User-Agent": "azsdk-java-azure-storage-blob/12.26.0-beta.1 (17.0.8; Windows 11; 10.0)",
        "x-ms-client-request-id": "df27d833-680b-4334-904a-bc221e527f0f",
        "x-ms-version": "2024-02-04"
      },
      "RequestBody": null,
      "StatusCode": 201,
      "ResponseHeaders": {
        "Content-Length": "0",
        "Date": "Wed, 13 Dec 2023 21:47:54 GMT",
        "ETag": "\u00220x8DBFC2529B7B5CA\u0022",
        "Last-Modified": "Wed, 13 Dec 2023 21:47:54 GMT",
        "Server": [
          "Windows-Azure-Blob/1.0",
          "Microsoft-HTTPAPI/2.0"
        ],
        "x-ms-client-request-id": "df27d833-680b-4334-904a-bc221e527f0f",
        "x-ms-request-id": "47ea5be5-401e-005f-6c0e-2e235a000000",
        "x-ms-version": "2024-02-04"
      },
      "ResponseBody": null
    },
    {
      "RequestUri": "https://REDACTED/780394d30copydestacfail44c808949f86d06f0e054d05?restype=container",
      "RequestMethod": "PUT",
      "RequestHeaders": {
        "Accept": "application/xml",
        "Authorization": "Sanitized",
        "Content-Length": "0",
        "Date": "Wed, 13 Dec 2023 21:47:54 GMT",
        "User-Agent": "azsdk-java-azure-storage-blob/12.26.0-beta.1 (17.0.8; Windows 11; 10.0)",
        "x-ms-client-request-id": "281e7d4e-b855-43af-8825-6bcabbe57ca3",
        "x-ms-version": "2024-02-04"
      },
      "RequestBody": null,
      "StatusCode": 409,
      "ResponseHeaders": {
        "Content-Length": "230",
        "Content-Type": "application/xml",
        "Date": "Wed, 13 Dec 2023 21:47:54 GMT",
        "Server": [
          "Windows-Azure-Blob/1.0",
          "Microsoft-HTTPAPI/2.0"
        ],
        "x-ms-client-request-id": "281e7d4e-b855-43af-8825-6bcabbe57ca3",
        "x-ms-error-code": "ContainerAlreadyExists",
        "x-ms-request-id": "47ea5c8c-401e-005f-0a0e-2e235a000000",
        "x-ms-version": "2024-02-04"
      },
      "ResponseBody": [
        "\uFEFF\u003C?xml version=\u00221.0\u0022 encoding=\u0022utf-8\u0022?\u003E\u003CError\u003E\u003CCode\u003EContainerAlreadyExists\u003C/Code\u003E\u003CMessage\u003EThe specified container already exists.\n",
        "RequestId:47ea5c8c-401e-005f-0a0e-2e235a000000\n",
        "Time:2023-12-13T21:47:54.7881610Z\u003C/Message\u003E\u003C/Error\u003E"
      ]
    },
    {
      "RequestUri": "https://REDACTED/780394d30copydestacfail44c808949f86d06f0e054d05/780394d31copydestacfail44c1631389911aebf2a24810",
      "RequestMethod": "PUT",
      "RequestHeaders": {
        "Accept": "application/xml",
        "Authorization": "Sanitized",
        "Content-Length": "7",
        "Content-Type": "application/octet-stream",
        "Date": "Wed, 13 Dec 2023 21:47:54 GMT",
        "If-None-Match": "*",
        "User-Agent": "azsdk-java-azure-storage-blob/12.26.0-beta.1 (17.0.8; Windows 11; 10.0)",
        "x-ms-blob-type": "BlockBlob",
        "x-ms-client-request-id": "cf3aa355-5610-4e18-82f0-e09f9623d75e",
        "x-ms-version": "2024-02-04"
      },
      "RequestBody": "ZGVmYXVsdA==",
      "StatusCode": 201,
      "ResponseHeaders": {
        "Content-Length": "0",
        "Content-MD5": "wh\u002BWm18D0z1D4E\u002BPE252gg==",
        "Date": "Wed, 13 Dec 2023 21:47:54 GMT",
        "ETag": "\u00220x8DBFC2529D69D0A\u0022",
        "Last-Modified": "Wed, 13 Dec 2023 21:47:54 GMT",
        "Server": [
          "Windows-Azure-Blob/1.0",
          "Microsoft-HTTPAPI/2.0"
        ],
        "x-ms-client-request-id": "cf3aa355-5610-4e18-82f0-e09f9623d75e",
        "x-ms-content-crc64": "6RYQPwaVsyQ=",
        "x-ms-request-id": "47ea5d24-401e-005f-1c0e-2e235a000000",
        "x-ms-request-server-encrypted": "true",
        "x-ms-version": "2024-02-04"
      },
      "ResponseBody": null
    },
    {
      "RequestUri": "https://REDACTED/780394d30copydestacfail44c808949f86d06f0e054d05/780394d32copydestacfail44c801139042fe4f719c435b",
      "RequestMethod": "PUT",
      "RequestHeaders": {
        "Accept": "application/xml",
        "Authorization": "Sanitized",
        "Content-Length": "7",
        "Content-Type": "application/octet-stream",
        "Date": "Wed, 13 Dec 2023 21:47:54 GMT",
        "If-None-Match": "*",
        "User-Agent": "azsdk-java-azure-storage-blob/12.26.0-beta.1 (17.0.8; Windows 11; 10.0)",
        "x-ms-blob-type": "BlockBlob",
        "x-ms-client-request-id": "d78b9e83-859f-4cb2-900c-a47fa2bc9059",
        "x-ms-version": "2024-02-04"
      },
      "RequestBody": "ZGVmYXVsdA==",
      "StatusCode": 201,
      "ResponseHeaders": {
        "Content-Length": "0",
        "Content-MD5": "wh\u002BWm18D0z1D4E\u002BPE252gg==",
        "Date": "Wed, 13 Dec 2023 21:47:54 GMT",
        "ETag": "\u00220x8DBFC2529E95EF2\u0022",
        "Last-Modified": "Wed, 13 Dec 2023 21:47:55 GMT",
        "Server": [
          "Windows-Azure-Blob/1.0",
          "Microsoft-HTTPAPI/2.0"
        ],
        "x-ms-client-request-id": "d78b9e83-859f-4cb2-900c-a47fa2bc9059",
        "x-ms-content-crc64": "6RYQPwaVsyQ=",
        "x-ms-request-id": "47ea5dd8-401e-005f-410e-2e235a000000",
        "x-ms-request-server-encrypted": "true",
        "x-ms-version": "2024-02-04"
      },
      "ResponseBody": null
    },
    {
      "RequestUri": "https://REDACTED/780394d30copydestacfail44c808949f86d06f0e054d05/780394d32copydestacfail44c801139042fe4f719c435b",
      "RequestMethod": "HEAD",
      "RequestHeaders": {
        "Accept": "application/xml",
        "Authorization": "Sanitized",
        "Content-Length": "0",
        "Date": "Wed, 13 Dec 2023 21:47:54 GMT",
        "User-Agent": "azsdk-java-azure-storage-blob/12.26.0-beta.1 (17.0.8; Windows 11; 10.0)",
        "x-ms-client-request-id": "409a5fb2-04df-40ec-811f-b946a7cdb467",
        "x-ms-version": "2024-02-04"
      },
      "RequestBody": null,
      "StatusCode": 200,
      "ResponseHeaders": {
        "Accept-Ranges": "bytes",
        "Access-Control-Allow-Origin": "*",
        "Access-Control-Expose-Headers": "x-ms-client-request-id",
        "Content-Length": "7",
        "Content-MD5": "wh\u002BWm18D0z1D4E\u002BPE252gg==",
        "Content-Type": "application/octet-stream",
        "Date": "Wed, 13 Dec 2023 21:47:54 GMT",
        "ETag": "\u00220x8DBFC2529E95EF2\u0022",
        "Last-Modified": "Wed, 13 Dec 2023 21:47:55 GMT",
        "Server": [
          "Windows-Azure-Blob/1.0",
          "Microsoft-HTTPAPI/2.0"
        ],
        "x-ms-access-tier": "Hot",
        "x-ms-access-tier-inferred": "true",
        "x-ms-blob-type": "BlockBlob",
        "x-ms-client-request-id": "409a5fb2-04df-40ec-811f-b946a7cdb467",
        "x-ms-creation-time": "Wed, 13 Dec 2023 21:47:55 GMT",
        "x-ms-lease-state": "available",
        "x-ms-lease-status": "unlocked",
        "x-ms-request-id": "47ea5e7a-401e-005f-540e-2e235a000000",
        "x-ms-server-encrypted": "true",
        "x-ms-version": "2024-02-04"
      },
      "ResponseBody": null
    },
    {
      "RequestUri": "https://REDACTED/780394d30copydestacfail44c808949f86d06f0e054d05/780394d32copydestacfail44c801139042fe4f719c435b",
      "RequestMethod": "PUT",
      "RequestHeaders": {
        "Accept": "application/xml",
        "Authorization": "Sanitized",
        "Content-Length": "0",
        "Date": "Wed, 13 Dec 2023 21:47:55 GMT",
        "If-None-Match": "0x8DBFC2529E95EF2",
        "User-Agent": "azsdk-java-azure-storage-blob/12.26.0-beta.1 (17.0.8; Windows 11; 10.0)",
        "x-ms-client-request-id": "963d7f2a-4b8b-47bb-9137-5a153af4f22b",
        "x-ms-copy-source": "https://REDACTED/780394d30copydestacfail44c808949f86d06f0e054d05/780394d31copydestacfail44c1631389911aebf2a24810",
        "x-ms-version": "2024-02-04"
      },
      "RequestBody": null,
      "StatusCode": 412,
      "ResponseHeaders": {
        "Content-Length": "265",
        "Content-Type": "application/xml",
        "Date": "Wed, 13 Dec 2023 21:47:55 GMT",
        "Server": [
          "Windows-Azure-Blob/1.0",
          "Microsoft-HTTPAPI/2.0"
        ],
        "x-ms-client-request-id": "963d7f2a-4b8b-47bb-9137-5a153af4f22b",
        "x-ms-error-code": "TargetConditionNotMet",
        "x-ms-request-id": "47ea5f06-401e-005f-540e-2e235a000000",
        "x-ms-version": "2024-02-04"
      },
      "ResponseBody": [
        "\uFEFF\u003C?xml version=\u00221.0\u0022 encoding=\u0022utf-8\u0022?\u003E\u003CError\u003E\u003CCode\u003ETargetConditionNotMet\u003C/Code\u003E\u003CMessage\u003EThe target condition specified using HTTP conditional header(s) is not met.\n",
        "RequestId:47ea5f06-401e-005f-540e-2e235a000000\n",
        "Time:2023-12-13T21:47:55.2119206Z\u003C/Message\u003E\u003C/Error\u003E"
      ]
    }
  ],
  "Variables": {
    "0": "780394d30copydestacfail44c808949f86d06f0e054d05",
    "1": "780394d31copydestacfail44c1631389911aebf2a24810",
    "2": "780394d32copydestacfail44c801139042fe4f719c435b"
  }
}
