{
  "Entries": [
    {
      "RequestUri": "https://REDACTED/f7e8bdcb0settierpageblobd4c64014e0bc9ea45cdf4c3?restype=container",
      "RequestMethod": "PUT",
      "RequestHeaders": {
        "Accept": "application/xml",
        "Authorization": "Sanitized",
        "Content-Length": "0",
        "Date": "Wed, 11 Oct 2023 21:22:37 GMT",
        "User-Agent": "azsdk-java-azure-storage-blob/12.25.0-beta.1 (17.0.8.1; Windows 11; 10.0)",
        "x-ms-client-request-id": "dd50c191-f005-4f73-8e91-d4e382029214",
        "x-ms-version": "2023-08-03"
      },
      "RequestBody": null,
      "StatusCode": 201,
      "ResponseHeaders": {
        "Content-Length": "0",
        "Date": "Wed, 11 Oct 2023 21:22:36 GMT",
        "ETag": "\u00220x8DBCAA0312190C6\u0022",
        "Last-Modified": "Wed, 11 Oct 2023 21:22:37 GMT",
        "Server": [
          "Windows-Azure-Blob/1.0",
          "Microsoft-HTTPAPI/2.0"
        ],
        "x-ms-client-request-id": "dd50c191-f005-4f73-8e91-d4e382029214",
        "x-ms-request-id": "cccff556-701e-009d-4889-fc6338000000",
        "x-ms-version": "2023-08-03"
      },
      "ResponseBody": null
    },
    {
      "RequestUri": "https://REDACTED/f7e8bdcb0settierpageblobd4c64014e0bc9ea45cdf4c3/f7e8bdcb1settierpageblobd4c94349a7a3301a6f56433",
      "RequestMethod": "PUT",
      "RequestHeaders": {
        "Accept": "application/xml",
        "Authorization": "Sanitized",
        "Content-Length": "7",
        "Content-Type": "application/octet-stream",
        "Date": "Wed, 11 Oct 2023 21:22:37 GMT",
        "If-None-Match": "*",
        "User-Agent": "azsdk-java-azure-storage-blob/12.25.0-beta.1 (17.0.8.1; Windows 11; 10.0)",
        "x-ms-blob-type": "BlockBlob",
        "x-ms-client-request-id": "bfffb18f-8877-4070-8467-9a91e18a930d",
        "x-ms-version": "2023-08-03"
      },
      "RequestBody": "ZGVmYXVsdA==",
      "StatusCode": 201,
      "ResponseHeaders": {
        "Content-Length": "0",
        "Content-MD5": "wh\u002BWm18D0z1D4E\u002BPE252gg==",
        "Date": "Wed, 11 Oct 2023 21:22:36 GMT",
        "ETag": "\u00220x8DBCAA031263BBB\u0022",
        "Last-Modified": "Wed, 11 Oct 2023 21:22:37 GMT",
        "Server": [
          "Windows-Azure-Blob/1.0",
          "Microsoft-HTTPAPI/2.0"
        ],
        "x-ms-client-request-id": "bfffb18f-8877-4070-8467-9a91e18a930d",
        "x-ms-content-crc64": "6RYQPwaVsyQ=",
        "x-ms-request-id": "0517a4de-001e-0073-5f89-fcc911000000",
        "x-ms-request-server-encrypted": "true",
        "x-ms-version": "2023-08-03"
      },
      "ResponseBody": null
    },
    {
      "RequestUri": "https://REDACTED/f7e8bdcb2settierpageblobd4c634891dde86fa7aa6400?restype=container",
      "RequestMethod": "PUT",
      "RequestHeaders": {
        "Accept": "application/xml",
        "Authorization": "Sanitized",
        "Content-Length": "0",
        "Date": "Wed, 11 Oct 2023 21:22:37 GMT",
        "User-Agent": "azsdk-java-azure-storage-blob/12.25.0-beta.1 (17.0.8.1; Windows 11; 10.0)",
        "x-ms-client-request-id": "7b6bba41-848a-40dd-a95a-998602dcae8d",
        "x-ms-version": "2023-08-03"
      },
      "RequestBody": null,
      "StatusCode": 201,
      "ResponseHeaders": {
        "Content-Length": "0",
        "Date": "Wed, 11 Oct 2023 21:22:36 GMT",
        "ETag": "\u00220x8DBCAA0312C34F8\u0022",
        "Last-Modified": "Wed, 11 Oct 2023 21:22:37 GMT",
        "Server": [
          "Windows-Azure-Blob/1.0",
          "Microsoft-HTTPAPI/2.0"
        ],
        "x-ms-client-request-id": "7b6bba41-848a-40dd-a95a-998602dcae8d",
        "x-ms-request-id": "75676deb-e01c-0059-7a89-fce0ba000000",
        "x-ms-version": "2023-08-03"
      },
      "ResponseBody": null
    },
    {
      "RequestUri": "https://REDACTED/f7e8bdcb2settierpageblobd4c634891dde86fa7aa6400/f7e8bdcb3settierpageblobd4c73453a5046b0cd033466",
      "RequestMethod": "PUT",
      "RequestHeaders": {
        "Accept": "application/xml",
        "Authorization": "Sanitized",
        "Content-Length": "0",
        "Date": "Wed, 11 Oct 2023 21:22:37 GMT",
        "If-None-Match": "*",
        "User-Agent": "azsdk-java-azure-storage-blob/12.25.0-beta.1 (17.0.8.1; Windows 11; 10.0)",
        "x-ms-blob-content-length": "512",
        "x-ms-blob-type": "PageBlob",
        "x-ms-client-request-id": "4bb8e60c-685c-43a3-b557-d901156602d9",
        "x-ms-version": "2023-08-03"
      },
      "RequestBody": null,
      "StatusCode": 201,
      "ResponseHeaders": {
        "Content-Length": "0",
        "Date": "Wed, 11 Oct 2023 21:22:36 GMT",
        "ETag": "\u00220x8DBCAA0313587EF\u0022",
        "Last-Modified": "Wed, 11 Oct 2023 21:22:37 GMT",
        "Server": [
          "Windows-Azure-Blob/1.0",
          "Microsoft-HTTPAPI/2.0"
        ],
        "x-ms-client-request-id": "4bb8e60c-685c-43a3-b557-d901156602d9",
        "x-ms-request-id": "991a4681-a01c-002a-3789-fcb829000000",
        "x-ms-request-server-encrypted": "true",
        "x-ms-version": "2023-08-03"
      },
      "ResponseBody": null
    },
    {
      "RequestUri": "https://REDACTED/f7e8bdcb2settierpageblobd4c634891dde86fa7aa6400/f7e8bdcb3settierpageblobd4c73453a5046b0cd033466?comp=tier",
      "RequestMethod": "PUT",
      "RequestHeaders": {
        "Accept": "application/xml",
        "Authorization": "Sanitized",
        "Content-Length": "0",
        "Date": "Wed, 11 Oct 2023 21:22:37 GMT",
        "User-Agent": "azsdk-java-azure-storage-blob/12.25.0-beta.1 (17.0.8.1; Windows 11; 10.0)",
        "x-ms-access-tier": "P4",
        "x-ms-client-request-id": "bb6c085e-a234-449f-8654-ed033b1c0737",
        "x-ms-version": "2023-08-03"
      },
      "RequestBody": null,
      "StatusCode": 200,
      "ResponseHeaders": {
        "Content-Length": "0",
        "Date": "Wed, 11 Oct 2023 21:22:36 GMT",
        "Server": [
          "Windows-Azure-Blob/1.0",
          "Microsoft-HTTPAPI/2.0"
        ],
        "x-ms-client-request-id": "bb6c085e-a234-449f-8654-ed033b1c0737",
        "x-ms-request-id": "991a46a7-a01c-002a-5d89-fcb829000000",
        "x-ms-version": "2023-08-03"
      },
      "ResponseBody": null
    },
    {
      "RequestUri": "https://REDACTED/f7e8bdcb2settierpageblobd4c634891dde86fa7aa6400/f7e8bdcb3settierpageblobd4c73453a5046b0cd033466",
      "RequestMethod": "HEAD",
      "RequestHeaders": {
        "Accept": "application/xml",
        "Authorization": "Sanitized",
        "Content-Length": "0",
        "Date": "Wed, 11 Oct 2023 21:22:37 GMT",
        "User-Agent": "azsdk-java-azure-storage-blob/12.25.0-beta.1 (17.0.8.1; Windows 11; 10.0)",
        "x-ms-client-request-id": "7f312657-588b-4aad-a724-a6f7fbe6dcea",
        "x-ms-version": "2023-08-03"
      },
      "RequestBody": null,
      "StatusCode": 200,
      "ResponseHeaders": {
        "Accept-Ranges": "bytes",
        "Content-Length": "512",
        "Content-Type": "application/octet-stream",
        "Date": "Wed, 11 Oct 2023 21:22:36 GMT",
        "ETag": "\u00220x8DBCAA0313587EF\u0022",
        "Last-Modified": "Wed, 11 Oct 2023 21:22:37 GMT",
        "Server": [
          "Windows-Azure-Blob/1.0",
          "Microsoft-HTTPAPI/2.0"
        ],
        "x-ms-access-tier": "P4",
        "x-ms-blob-sequence-number": "0",
        "x-ms-blob-type": "PageBlob",
        "x-ms-client-request-id": "7f312657-588b-4aad-a724-a6f7fbe6dcea",
        "x-ms-creation-time": "Wed, 11 Oct 2023 21:22:37 GMT",
        "x-ms-lease-state": "available",
        "x-ms-lease-status": "unlocked",
        "x-ms-request-id": "991a46e2-a01c-002a-1889-fcb829000000",
        "x-ms-server-encrypted": "true",
        "x-ms-version": "2023-08-03"
      },
      "ResponseBody": null
    },
    {
      "RequestUri": "https://REDACTED/f7e8bdcb2settierpageblobd4c634891dde86fa7aa6400?restype=container\u0026comp=list",
      "RequestMethod": "GET",
      "RequestHeaders": {
        "Accept": "application/xml",
        "Authorization": "Sanitized",
        "Content-Length": "0",
        "Date": "Wed, 11 Oct 2023 21:22:37 GMT",
        "User-Agent": "azsdk-java-azure-storage-blob/12.25.0-beta.1 (17.0.8.1; Windows 11; 10.0)",
        "x-ms-client-request-id": "85d55fe4-cb22-4093-8ed7-11a361bda802",
        "x-ms-version": "2023-08-03"
      },
      "RequestBody": null,
      "StatusCode": 200,
      "ResponseHeaders": {
        "Content-Type": "application/xml",
        "Date": "Wed, 11 Oct 2023 21:22:36 GMT",
        "Server": [
          "Windows-Azure-Blob/1.0",
          "Microsoft-HTTPAPI/2.0"
        ],
        "Transfer-Encoding": "chunked",
        "x-ms-client-request-id": "85d55fe4-cb22-4093-8ed7-11a361bda802",
        "x-ms-request-id": "991a46f6-a01c-002a-2c89-fcb829000000",
        "x-ms-version": "2023-08-03"
      },
      "ResponseBody": [
        "\uFEFF\u003C?xml version=\u00221.0\u0022 encoding=\u0022utf-8\u0022?\u003E\n",
        "\u003CEnumerationResults ServiceEndpoint=\u0022https://premt0c144d546aa34dc5.blob.core.windows.net/\u0022 ContainerName=\u0022f7e8bdcb2settierpageblobd4c634891dde86fa7aa6400\u0022\u003E\u003CBlobs\u003E\u003CBlob\u003E\u003CName\u003Ef7e8bdcb3settierpageblobd4c73453a5046b0cd033466\u003C/Name\u003E\u003CProperties\u003E\u003CCreation-Time\u003EWed, 11 Oct 2023 21:22:37 GMT\u003C/Creation-Time\u003E\u003CLast-Modified\u003EWed, 11 Oct 2023 21:22:37 GMT\u003C/Last-Modified\u003E\u003CEtag\u003E0x8DBCAA0313587EF\u003C/Etag\u003E\u003CContent-Length\u003E512\u003C/Content-Length\u003E\u003CContent-Type\u003Eapplication/octet-stream\u003C/Content-Type\u003E\u003CContent-Encoding/\u003E\u003CContent-Language/\u003E\u003CContent-MD5/\u003E\u003CCache-Control/\u003E\u003CContent-Disposition/\u003E\u003Cx-ms-blob-sequence-number\u003E0\u003C/x-ms-blob-sequence-number\u003E\u003CBlobType\u003EPageBlob\u003C/BlobType\u003E\u003CAccessTier\u003EP4\u003C/AccessTier\u003E\u003CLeaseStatus\u003Eunlocked\u003C/LeaseStatus\u003E\u003CLeaseState\u003Eavailable\u003C/LeaseState\u003E\u003CServerEncrypted\u003Etrue\u003C/ServerEncrypted\u003E\u003C/Properties\u003E\u003C/Blob\u003E\u003C/Blobs\u003E\u003CNextMarker/\u003E\u003C/EnumerationResults\u003E"
      ]
    },
    {
      "RequestUri": "https://REDACTED/f7e8bdcb2settierpageblobd4c634891dde86fa7aa6400?restype=container",
      "RequestMethod": "DELETE",
      "RequestHeaders": {
        "Accept": "application/xml",
        "Authorization": "Sanitized",
        "Content-Length": "0",
        "Date": "Wed, 11 Oct 2023 21:22:37 GMT",
        "User-Agent": "azsdk-java-azure-storage-blob/12.25.0-beta.1 (17.0.8.1; Windows 11; 10.0)",
        "x-ms-client-request-id": "5cff53f6-5859-4675-bcff-3e6cba6ea6be",
        "x-ms-version": "2023-08-03"
      },
      "RequestBody": null,
      "StatusCode": 202,
      "ResponseHeaders": {
        "Content-Length": "0",
        "Date": "Wed, 11 Oct 2023 21:22:36 GMT",
        "Server": [
          "Windows-Azure-Blob/1.0",
          "Microsoft-HTTPAPI/2.0"
        ],
        "x-ms-client-request-id": "5cff53f6-5859-4675-bcff-3e6cba6ea6be",
        "x-ms-request-id": "991a4710-a01c-002a-4689-fcb829000000",
        "x-ms-version": "2023-08-03"
      },
      "ResponseBody": null
    }
  ],
  "Variables": {
    "0": "f7e8bdcb0settierpageblobd4c64014e0bc9ea45cdf4c3",
    "1": "f7e8bdcb1settierpageblobd4c94349a7a3301a6f56433",
    "2": "f7e8bdcb2settierpageblobd4c634891dde86fa7aa6400",
    "3": "f7e8bdcb3settierpageblobd4c73453a5046b0cd033466"
  }
}
