{
  "Entries": [
    {
      "RequestUri": "https://REDACTED/a18f688a0deleteac1c615199cf05d71b0b8645bfb01?restype=container",
      "RequestMethod": "PUT",
      "RequestHeaders": {
        "Accept": "application/xml",
        "Authorization": "Sanitized",
        "Content-Length": "0",
        "Date": "Mon, 08 Jan 2024 19:43:51 GMT",
        "User-Agent": "azsdk-java-azure-storage-blob/12.26.0-beta.1 (17.0.8; Windows 11; 10.0)",
        "x-ms-client-request-id": "91bd76dd-7712-4784-8f64-19251376f5be",
        "x-ms-version": "2024-02-04"
      },
      "RequestBody": null,
      "StatusCode": 201,
      "ResponseHeaders": {
        "Content-Length": "0",
        "Date": "Mon, 08 Jan 2024 19:44:02 GMT",
        "ETag": "\u00220x8DC10822A96E777\u0022",
        "Last-Modified": "Mon, 08 Jan 2024 19:44:02 GMT",
        "Server": [
          "Windows-Azure-Blob/1.0",
          "Microsoft-HTTPAPI/2.0"
        ],
        "x-ms-client-request-id": "91bd76dd-7712-4784-8f64-19251376f5be",
        "x-ms-request-id": "2c62c7a7-d01e-0086-4c6b-425bdf000000",
        "x-ms-version": "2024-02-04"
      },
      "ResponseBody": null
    },
    {
      "RequestUri": "https://REDACTED/a18f688a0deleteac1c615199cf05d71b0b8645bfb01?restype=container",
      "RequestMethod": "PUT",
      "RequestHeaders": {
        "Accept": "application/xml",
        "Authorization": "Sanitized",
        "Content-Length": "0",
        "Date": "Mon, 08 Jan 2024 19:43:51 GMT",
        "User-Agent": "azsdk-java-azure-storage-blob/12.26.0-beta.1 (17.0.8; Windows 11; 10.0)",
        "x-ms-client-request-id": "c93040b4-8f49-479b-bcb3-9e7e0f6be085",
        "x-ms-version": "2024-02-04"
      },
      "RequestBody": null,
      "StatusCode": 409,
      "ResponseHeaders": {
        "Content-Length": "230",
        "Content-Type": "application/xml",
        "Date": "Mon, 08 Jan 2024 19:44:02 GMT",
        "Server": [
          "Windows-Azure-Blob/1.0",
          "Microsoft-HTTPAPI/2.0"
        ],
        "x-ms-client-request-id": "c93040b4-8f49-479b-bcb3-9e7e0f6be085",
        "x-ms-error-code": "ContainerAlreadyExists",
        "x-ms-request-id": "2c62c852-d01e-0086-6d6b-425bdf000000",
        "x-ms-version": "2024-02-04"
      },
      "ResponseBody": [
        "\uFEFF\u003C?xml version=\u00221.0\u0022 encoding=\u0022utf-8\u0022?\u003E\u003CError\u003E\u003CCode\u003EContainerAlreadyExists\u003C/Code\u003E\u003CMessage\u003EThe specified container already exists.\n",
        "RequestId:2c62c852-d01e-0086-6d6b-425bdf000000\n",
        "Time:2024-01-08T19:44:02.7182809Z\u003C/Message\u003E\u003C/Error\u003E"
      ]
    },
    {
      "RequestUri": "https://REDACTED/a18f688a0deleteac1c615199cf05d71b0b8645bfb01/a18f688a1deleteac1c694479a38137e6a77047238ee",
      "RequestMethod": "PUT",
      "RequestHeaders": {
        "Accept": "application/xml",
        "Authorization": "Sanitized",
        "Content-Length": "7",
        "Content-Type": "application/octet-stream",
        "Date": "Mon, 08 Jan 2024 19:43:51 GMT",
        "If-None-Match": "*",
        "User-Agent": "azsdk-java-azure-storage-blob/12.26.0-beta.1 (17.0.8; Windows 11; 10.0)",
        "x-ms-blob-type": "BlockBlob",
        "x-ms-client-request-id": "e94551d7-2b24-4003-a76e-5195a390db15",
        "x-ms-version": "2024-02-04"
      },
      "RequestBody": "ZGVmYXVsdA==",
      "StatusCode": 201,
      "ResponseHeaders": {
        "Content-Length": "0",
        "Content-MD5": "wh\u002BWm18D0z1D4E\u002BPE252gg==",
        "Date": "Mon, 08 Jan 2024 19:44:02 GMT",
        "ETag": "\u00220x8DC10822AB7CA8E\u0022",
        "Last-Modified": "Mon, 08 Jan 2024 19:44:02 GMT",
        "Server": [
          "Windows-Azure-Blob/1.0",
          "Microsoft-HTTPAPI/2.0"
        ],
        "x-ms-client-request-id": "e94551d7-2b24-4003-a76e-5195a390db15",
        "x-ms-content-crc64": "6RYQPwaVsyQ=",
        "x-ms-request-id": "2c62c8ee-d01e-0086-016b-425bdf000000",
        "x-ms-request-server-encrypted": "true",
        "x-ms-version": "2024-02-04"
      },
      "ResponseBody": null
    },
    {
      "RequestUri": "https://REDACTED/a18f688a0deleteac1c615199cf05d71b0b8645bfb01/a18f688a1deleteac1c694479a38137e6a77047238ee?comp=tags",
      "RequestMethod": "PUT",
      "RequestHeaders": {
        "Accept": "application/xml",
        "Authorization": "Sanitized",
        "Content-Length": "111",
        "Content-Type": "application/xml",
        "Date": "Mon, 08 Jan 2024 19:43:52 GMT",
        "User-Agent": "azsdk-java-azure-storage-blob/12.26.0-beta.1 (17.0.8; Windows 11; 10.0)",
        "x-ms-client-request-id": "56099db2-8c99-495d-a567-741d11b758c1",
        "x-ms-version": "2024-02-04"
      },
      "RequestBody": "\u003C?xml version=\u00271.0\u0027 encoding=\u0027UTF-8\u0027?\u003E\u003CTags\u003E\u003CTagSet\u003E\u003CTag\u003E\u003CKey\u003Efoo\u003C/Key\u003E\u003CValue\u003Ebar\u003C/Value\u003E\u003C/Tag\u003E\u003C/TagSet\u003E\u003C/Tags\u003E",
      "StatusCode": 204,
      "ResponseHeaders": {
        "Date": "Mon, 08 Jan 2024 19:44:02 GMT",
        "Server": [
          "Windows-Azure-Blob/1.0",
          "Microsoft-HTTPAPI/2.0"
        ],
        "x-ms-client-request-id": "56099db2-8c99-495d-a567-741d11b758c1",
        "x-ms-request-id": "2c62c993-d01e-0086-1d6b-425bdf000000",
        "x-ms-version": "2024-02-04"
      },
      "ResponseBody": null
    },
    {
      "RequestUri": "https://REDACTED/a18f688a0deleteac1c615199cf05d71b0b8645bfb01/a18f688a1deleteac1c694479a38137e6a77047238ee",
      "RequestMethod": "DELETE",
      "RequestHeaders": {
        "Accept": "application/xml",
        "Authorization": "Sanitized",
        "Content-Length": "0",
        "Date": "Mon, 08 Jan 2024 19:43:52 GMT",
        "User-Agent": "azsdk-java-azure-storage-blob/12.26.0-beta.1 (17.0.8; Windows 11; 10.0)",
        "x-ms-client-request-id": "d6fb18a5-6069-4d57-82aa-31139f00cc83",
        "x-ms-delete-snapshots": "include",
        "x-ms-if-tags": "\u0022foo\u0022 = \u0027bar\u0027",
        "x-ms-version": "2024-02-04"
      },
      "RequestBody": null,
      "StatusCode": 202,
      "ResponseHeaders": {
        "Content-Length": "0",
        "Date": "Mon, 08 Jan 2024 19:44:02 GMT",
        "Server": [
          "Windows-Azure-Blob/1.0",
          "Microsoft-HTTPAPI/2.0"
        ],
        "x-ms-client-request-id": "d6fb18a5-6069-4d57-82aa-31139f00cc83",
        "x-ms-delete-type-permanent": "true",
        "x-ms-request-id": "adc71cf4-b01e-0039-176b-426c7a000000",
        "x-ms-version": "2024-02-04"
      },
      "ResponseBody": null
    }
  ],
  "Variables": {
    "0": "a18f688a0deleteac1c615199cf05d71b0b8645bfb01",
    "1": "a18f688a1deleteac1c694479a38137e6a77047238ee"
  }
}
