{
  "Entries": [
    {
      "RequestUri": "https://REDACTED/4a35f6510copydestacfail442239842c2ec506cc124e37?restype=container",
      "RequestMethod": "PUT",
      "RequestHeaders": {
        "Accept": "application/xml",
        "Authorization": "Sanitized",
        "Content-Length": "0",
        "Date": "Mon, 11 Dec 2023 23:29:56 GMT",
        "User-Agent": "azsdk-java-azure-storage-blob/12.26.0-beta.1 (17.0.8; Windows 11; 10.0)",
        "x-ms-client-request-id": "34f8ce9a-cba3-4b71-a646-71f42582f883",
        "x-ms-version": "2024-02-04"
      },
      "RequestBody": null,
      "StatusCode": 201,
      "ResponseHeaders": {
        "Content-Length": "0",
        "Date": "Mon, 11 Dec 2023 23:30:00 GMT",
        "ETag": "\u00220x8DBFAA1180AFFAA\u0022",
        "Last-Modified": "Mon, 11 Dec 2023 23:30:00 GMT",
        "Server": [
          "Windows-Azure-Blob/1.0",
          "Microsoft-HTTPAPI/2.0"
        ],
        "x-ms-client-request-id": "34f8ce9a-cba3-4b71-a646-71f42582f883",
        "x-ms-request-id": "dddd6448-e01e-0034-4789-2ca4ae000000",
        "x-ms-version": "2024-02-04"
      },
      "ResponseBody": null
    },
    {
      "RequestUri": "https://REDACTED/4a35f6510copydestacfail442239842c2ec506cc124e37?restype=container",
      "RequestMethod": "PUT",
      "RequestHeaders": {
        "Accept": "application/xml",
        "Authorization": "Sanitized",
        "Content-Length": "0",
        "Date": "Mon, 11 Dec 2023 23:29:56 GMT",
        "User-Agent": "azsdk-java-azure-storage-blob/12.26.0-beta.1 (17.0.8; Windows 11; 10.0)",
        "x-ms-client-request-id": "f79c0a98-f0d9-48dc-a864-5efc78964468",
        "x-ms-version": "2024-02-04"
      },
      "RequestBody": null,
      "StatusCode": 409,
      "ResponseHeaders": {
        "Content-Length": "230",
        "Content-Type": "application/xml",
        "Date": "Mon, 11 Dec 2023 23:29:59 GMT",
        "Server": [
          "Windows-Azure-Blob/1.0",
          "Microsoft-HTTPAPI/2.0"
        ],
        "x-ms-client-request-id": "f79c0a98-f0d9-48dc-a864-5efc78964468",
        "x-ms-error-code": "ContainerAlreadyExists",
        "x-ms-request-id": "6401442c-001e-0013-6589-2cb36a000000",
        "x-ms-version": "2024-02-04"
      },
      "ResponseBody": [
        "\uFEFF\u003C?xml version=\u00221.0\u0022 encoding=\u0022utf-8\u0022?\u003E\u003CError\u003E\u003CCode\u003EContainerAlreadyExists\u003C/Code\u003E\u003CMessage\u003EThe specified container already exists.\n",
        "RequestId:6401442c-001e-0013-6589-2cb36a000000\n",
        "Time:2023-12-11T23:30:00.4141706Z\u003C/Message\u003E\u003C/Error\u003E"
      ]
    },
    {
      "RequestUri": "https://REDACTED/4a35f6510copydestacfail442239842c2ec506cc124e37/4a35f6511copydestacfail44259545924937e41b364ce7",
      "RequestMethod": "PUT",
      "RequestHeaders": {
        "Accept": "application/xml",
        "Authorization": "Sanitized",
        "Content-Length": "7",
        "Content-Type": "application/octet-stream",
        "Date": "Mon, 11 Dec 2023 23:29:56 GMT",
        "If-None-Match": "*",
        "User-Agent": "azsdk-java-azure-storage-blob/12.26.0-beta.1 (17.0.8; Windows 11; 10.0)",
        "x-ms-blob-type": "BlockBlob",
        "x-ms-client-request-id": "1ddb5d23-4de9-4d3e-8844-84ed868aa0d2",
        "x-ms-version": "2024-02-04"
      },
      "RequestBody": "ZGVmYXVsdA==",
      "StatusCode": 201,
      "ResponseHeaders": {
        "Content-Length": "0",
        "Content-MD5": "wh\u002BWm18D0z1D4E\u002BPE252gg==",
        "Date": "Mon, 11 Dec 2023 23:30:00 GMT",
        "ETag": "\u00220x8DBFAA11828CDFC\u0022",
        "Last-Modified": "Mon, 11 Dec 2023 23:30:00 GMT",
        "Server": [
          "Windows-Azure-Blob/1.0",
          "Microsoft-HTTPAPI/2.0"
        ],
        "x-ms-client-request-id": "1ddb5d23-4de9-4d3e-8844-84ed868aa0d2",
        "x-ms-content-crc64": "6RYQPwaVsyQ=",
        "x-ms-request-id": "640144d9-001e-0013-7a89-2cb36a000000",
        "x-ms-request-server-encrypted": "true",
        "x-ms-version": "2024-02-04"
      },
      "ResponseBody": null
    },
    {
      "RequestUri": "https://REDACTED/4a35f6510copydestacfail442239842c2ec506cc124e37/4a35f6512copydestacfail4429664240f54ce72c51442a",
      "RequestMethod": "PUT",
      "RequestHeaders": {
        "Accept": "application/xml",
        "Authorization": "Sanitized",
        "Content-Length": "7",
        "Content-Type": "application/octet-stream",
        "Date": "Mon, 11 Dec 2023 23:29:56 GMT",
        "If-None-Match": "*",
        "User-Agent": "azsdk-java-azure-storage-blob/12.26.0-beta.1 (17.0.8; Windows 11; 10.0)",
        "x-ms-blob-type": "BlockBlob",
        "x-ms-client-request-id": "bf51678e-4edd-44b7-bc4d-d8393ca977a1",
        "x-ms-version": "2024-02-04"
      },
      "RequestBody": "ZGVmYXVsdA==",
      "StatusCode": 201,
      "ResponseHeaders": {
        "Content-Length": "0",
        "Content-MD5": "wh\u002BWm18D0z1D4E\u002BPE252gg==",
        "Date": "Mon, 11 Dec 2023 23:30:00 GMT",
        "ETag": "\u00220x8DBFAA11836FCC1\u0022",
        "Last-Modified": "Mon, 11 Dec 2023 23:30:00 GMT",
        "Server": [
          "Windows-Azure-Blob/1.0",
          "Microsoft-HTTPAPI/2.0"
        ],
        "x-ms-client-request-id": "bf51678e-4edd-44b7-bc4d-d8393ca977a1",
        "x-ms-content-crc64": "6RYQPwaVsyQ=",
        "x-ms-request-id": "64014573-001e-0013-0189-2cb36a000000",
        "x-ms-request-server-encrypted": "true",
        "x-ms-version": "2024-02-04"
      },
      "ResponseBody": null
    },
    {
      "RequestUri": "https://REDACTED/4a35f6510copydestacfail442239842c2ec506cc124e37/4a35f6512copydestacfail4429664240f54ce72c51442a",
      "RequestMethod": "PUT",
      "RequestHeaders": {
        "Accept": "application/xml",
        "Authorization": "Sanitized",
        "Content-Length": "0",
        "Date": "Mon, 11 Dec 2023 23:29:56 GMT",
        "User-Agent": "azsdk-java-azure-storage-blob/12.26.0-beta.1 (17.0.8; Windows 11; 10.0)",
        "x-ms-client-request-id": "3c152a5a-931e-4de7-aac5-208c09fe3b0c",
        "x-ms-copy-source": "https://REDACTED/4a35f6510copydestacfail442239842c2ec506cc124e37/4a35f6511copydestacfail44259545924937e41b364ce7",
        "x-ms-if-tags": "\u0022notfoo\u0022 = \u0027notbar\u0027",
        "x-ms-version": "2024-02-04"
      },
      "RequestBody": null,
      "StatusCode": 412,
      "ResponseHeaders": {
        "Content-Length": "252",
        "Content-Type": "application/xml",
        "Date": "Mon, 11 Dec 2023 23:30:00 GMT",
        "Server": [
          "Windows-Azure-Blob/1.0",
          "Microsoft-HTTPAPI/2.0"
        ],
        "x-ms-client-request-id": "3c152a5a-931e-4de7-aac5-208c09fe3b0c",
        "x-ms-error-code": "ConditionNotMet",
        "x-ms-request-id": "6401461f-001e-0013-1889-2cb36a000000",
        "x-ms-version": "2024-02-04"
      },
      "ResponseBody": [
        "\uFEFF\u003C?xml version=\u00221.0\u0022 encoding=\u0022utf-8\u0022?\u003E\u003CError\u003E\u003CCode\u003EConditionNotMet\u003C/Code\u003E\u003CMessage\u003EThe condition specified using HTTP conditional header(s) is not met.\n",
        "RequestId:6401461f-001e-0013-1889-2cb36a000000\n",
        "Time:2023-12-11T23:30:00.7020062Z\u003C/Message\u003E\u003C/Error\u003E"
      ]
    }
  ],
  "Variables": {
    "0": "4a35f6510copydestacfail442239842c2ec506cc124e37",
    "1": "4a35f6511copydestacfail44259545924937e41b364ce7",
    "2": "4a35f6512copydestacfail4429664240f54ce72c51442a"
  }
}
