{
  "Entries": [
    {
      "RequestUri": "https://REDACTED/8df3a4410sethttpheadersheaders01d4492836a6d6a63868?restype=container",
      "RequestMethod": "PUT",
      "RequestHeaders": {
        "Accept": "application/xml",
        "Authorization": "Sanitized",
        "Content-Length": "0",
        "Date": "Mon, 04 Dec 2023 20:51:39 GMT",
        "User-Agent": "azsdk-java-azure-storage-blob/12.26.0-beta.1 (17.0.8; Windows 11; 10.0)",
        "x-ms-client-request-id": "d7867f4c-a40a-4f3d-8e6c-de5faedcb23c",
        "x-ms-version": "2024-02-04"
      },
      "RequestBody": null,
      "StatusCode": 201,
      "ResponseHeaders": {
        "Content-Length": "0",
        "Date": "Mon, 04 Dec 2023 20:51:39 GMT",
        "ETag": "\u00220x8DBF50AD0A96CF8\u0022",
        "Last-Modified": "Mon, 04 Dec 2023 20:51:40 GMT",
        "Server": [
          "Windows-Azure-Blob/1.0",
          "Microsoft-HTTPAPI/2.0"
        ],
        "x-ms-client-request-id": "d7867f4c-a40a-4f3d-8e6c-de5faedcb23c",
        "x-ms-request-id": "084b6f23-101e-0040-3ff3-2696ba000000",
        "x-ms-version": "2024-02-04"
      },
      "ResponseBody": null
    },
    {
      "RequestUri": "https://REDACTED/8df3a4410sethttpheadersheaders01d4492836a6d6a63868?restype=container",
      "RequestMethod": "PUT",
      "RequestHeaders": {
        "Accept": "application/xml",
        "Authorization": "Sanitized",
        "Content-Length": "0",
        "Date": "Mon, 04 Dec 2023 20:51:39 GMT",
        "User-Agent": "azsdk-java-azure-storage-blob/12.26.0-beta.1 (17.0.8; Windows 11; 10.0)",
        "x-ms-client-request-id": "7567a72c-c269-4a77-b8ee-ef61c5a18eeb",
        "x-ms-version": "2024-02-04"
      },
      "RequestBody": null,
      "StatusCode": 409,
      "ResponseHeaders": {
        "Content-Length": "230",
        "Content-Type": "application/xml",
        "Date": "Mon, 04 Dec 2023 20:51:39 GMT",
        "Server": [
          "Windows-Azure-Blob/1.0",
          "Microsoft-HTTPAPI/2.0"
        ],
        "x-ms-client-request-id": "7567a72c-c269-4a77-b8ee-ef61c5a18eeb",
        "x-ms-error-code": "ContainerAlreadyExists",
        "x-ms-request-id": "084b6f5d-101e-0040-70f3-2696ba000000",
        "x-ms-version": "2024-02-04"
      },
      "ResponseBody": [
        "\uFEFF\u003C?xml version=\u00221.0\u0022 encoding=\u0022utf-8\u0022?\u003E\u003CError\u003E\u003CCode\u003EContainerAlreadyExists\u003C/Code\u003E\u003CMessage\u003EThe specified container already exists.\n",
        "RequestId:084b6f5d-101e-0040-70f3-2696ba000000\n",
        "Time:2023-12-04T20:51:40.3109174Z\u003C/Message\u003E\u003C/Error\u003E"
      ]
    },
    {
      "RequestUri": "https://REDACTED/8df3a4410sethttpheadersheaders01d4492836a6d6a63868/8df3a4411sethttpheadersheaders01d15044951a39e301ff",
      "RequestMethod": "PUT",
      "RequestHeaders": {
        "Accept": "application/xml",
        "Authorization": "Sanitized",
        "Content-Length": "7",
        "Content-Type": "application/octet-stream",
        "Date": "Mon, 04 Dec 2023 20:51:39 GMT",
        "If-None-Match": "*",
        "User-Agent": "azsdk-java-azure-storage-blob/12.26.0-beta.1 (17.0.8; Windows 11; 10.0)",
        "x-ms-blob-type": "BlockBlob",
        "x-ms-client-request-id": "d0bd8e63-c17a-4a25-b39d-d7cd0ca228c0",
        "x-ms-version": "2024-02-04"
      },
      "RequestBody": "ZGVmYXVsdA==",
      "StatusCode": 201,
      "ResponseHeaders": {
        "Content-Length": "0",
        "Content-MD5": "wh\u002BWm18D0z1D4E\u002BPE252gg==",
        "Date": "Mon, 04 Dec 2023 20:51:39 GMT",
        "ETag": "\u00220x8DBF50AD0C1D8F0\u0022",
        "Last-Modified": "Mon, 04 Dec 2023 20:51:40 GMT",
        "Server": [
          "Windows-Azure-Blob/1.0",
          "Microsoft-HTTPAPI/2.0"
        ],
        "x-ms-client-request-id": "d0bd8e63-c17a-4a25-b39d-d7cd0ca228c0",
        "x-ms-content-crc64": "6RYQPwaVsyQ=",
        "x-ms-request-id": "1f98cd60-c01e-007c-45f3-26bf7d000000",
        "x-ms-request-server-encrypted": "true",
        "x-ms-version": "2024-02-04",
        "x-ms-version-id": "2023-12-04T20:51:40.3900144Z"
      },
      "ResponseBody": null
    },
    {
      "RequestUri": "https://REDACTED/8df3a4410sethttpheadersheaders01d4492836a6d6a63868/8df3a4411sethttpheadersheaders01d15044951a39e301ff?comp=properties",
      "RequestMethod": "PUT",
      "RequestHeaders": {
        "Accept": "application/xml",
        "Authorization": "Sanitized",
        "Content-Length": "0",
        "Date": "Mon, 04 Dec 2023 20:51:39 GMT",
        "User-Agent": "azsdk-java-azure-storage-blob/12.26.0-beta.1 (17.0.8; Windows 11; 10.0)",
        "x-ms-blob-cache-control": "control",
        "x-ms-blob-content-disposition": "disposition",
        "x-ms-blob-content-encoding": "encoding",
        "x-ms-blob-content-language": "language",
        "x-ms-blob-content-md5": "d2grV20xOEQwejFENEUrUEUyNTJnZz09",
        "x-ms-blob-content-type": "type",
        "x-ms-client-request-id": "7503123d-881d-4f56-a010-429a980b4a1f",
        "x-ms-version": "2024-02-04"
      },
      "RequestBody": null,
      "StatusCode": 200,
      "ResponseHeaders": {
        "Content-Length": "0",
        "Date": "Mon, 04 Dec 2023 20:51:39 GMT",
        "ETag": "\u00220x8DBF50AD0CE8141\u0022",
        "Last-Modified": "Mon, 04 Dec 2023 20:51:40 GMT",
        "Server": [
          "Windows-Azure-Blob/1.0",
          "Microsoft-HTTPAPI/2.0"
        ],
        "x-ms-client-request-id": "7503123d-881d-4f56-a010-429a980b4a1f",
        "x-ms-request-id": "1f98cddd-c01e-007c-36f3-26bf7d000000",
        "x-ms-version": "2024-02-04"
      },
      "ResponseBody": null
    },
    {
      "RequestUri": "https://REDACTED/8df3a4410sethttpheadersheaders01d4492836a6d6a63868/8df3a4411sethttpheadersheaders01d15044951a39e301ff",
      "RequestMethod": "HEAD",
      "RequestHeaders": {
        "Accept": "application/xml",
        "Authorization": "Sanitized",
        "Content-Length": "0",
        "Date": "Mon, 04 Dec 2023 20:51:39 GMT",
        "User-Agent": "azsdk-java-azure-storage-blob/12.26.0-beta.1 (17.0.8; Windows 11; 10.0)",
        "x-ms-client-request-id": "5a512ec2-bcbb-4d32-82d5-500387a5d6f1",
        "x-ms-version": "2024-02-04"
      },
      "RequestBody": null,
      "StatusCode": 200,
      "ResponseHeaders": {
        "Accept-Ranges": "bytes",
        "Access-Control-Allow-Origin": "*",
        "Access-Control-Expose-Headers": "x-ms-client-request-id",
        "Cache-Control": "control",
        "Content-Disposition": "disposition",
        "Content-Encoding": "encoding",
        "Content-Language": "language",
        "Content-Length": "7",
        "Content-MD5": "d2grV20xOEQwejFENEUrUEUyNTJnZz09",
        "Content-Type": "type",
        "Date": "Mon, 04 Dec 2023 20:51:39 GMT",
        "ETag": "\u00220x8DBF50AD0CE8141\u0022",
        "Last-Modified": "Mon, 04 Dec 2023 20:51:40 GMT",
        "Server": [
          "Windows-Azure-Blob/1.0",
          "Microsoft-HTTPAPI/2.0"
        ],
        "x-ms-access-tier": "Hot",
        "x-ms-access-tier-inferred": "true",
        "x-ms-blob-type": "BlockBlob",
        "x-ms-client-request-id": "5a512ec2-bcbb-4d32-82d5-500387a5d6f1",
        "x-ms-creation-time": "Mon, 04 Dec 2023 20:51:40 GMT",
        "x-ms-is-current-version": "true",
        "x-ms-last-access-time": "Mon, 04 Dec 2023 20:51:40 GMT",
        "x-ms-lease-state": "available",
        "x-ms-lease-status": "unlocked",
        "x-ms-request-id": "1f98ce53-c01e-007c-26f3-26bf7d000000",
        "x-ms-server-encrypted": "true",
        "x-ms-version": "2024-02-04",
        "x-ms-version-id": "2023-12-04T20:51:40.3900144Z"
      },
      "ResponseBody": null
    }
  ],
  "Variables": {
    "0": "8df3a4410sethttpheadersheaders01d4492836a6d6a63868",
    "1": "8df3a4411sethttpheadersheaders01d15044951a39e301ff"
  }
}
