{
  "Entries": [
    {
      "RequestUri": "https://REDACTED/b8a92b0c0settierpageblobcaf71123dd444083aeb747b?restype=container",
      "RequestMethod": "PUT",
      "RequestHeaders": {
        "Accept": "application/xml",
        "Authorization": "Sanitized",
        "Content-Length": "0",
        "Date": "Tue, 03 Oct 2023 22:44:51 GMT",
        "User-Agent": "azsdk-java-azure-storage-blob/12.25.0-beta.1 (11.0.16.1; Windows 11; 10.0)",
        "x-ms-client-request-id": "73b898d7-8457-48bc-b19d-d6db7679dd19",
        "x-ms-version": "2023-08-03"
      },
      "RequestBody": null,
      "StatusCode": 201,
      "ResponseHeaders": {
        "Content-Length": "0",
        "Date": "Tue, 03 Oct 2023 22:44:51 GMT",
        "ETag": "\u00220x8DBC4625B5D49AB\u0022",
        "Last-Modified": "Tue, 03 Oct 2023 22:44:52 GMT",
        "Server": [
          "Windows-Azure-Blob/1.0",
          "Microsoft-HTTPAPI/2.0"
        ],
        "x-ms-client-request-id": "73b898d7-8457-48bc-b19d-d6db7679dd19",
        "x-ms-request-id": "94efa1c1-001e-0087-284b-f602e7000000",
        "x-ms-version": "2023-08-03"
      },
      "ResponseBody": null
    },
    {
      "RequestUri": "https://REDACTED/b8a92b0c0settierpageblobcaf71123dd444083aeb747b/b8a92b0c1settierpageblobcaf21381fa3e69396b0946d",
      "RequestMethod": "PUT",
      "RequestHeaders": {
        "Accept": "application/xml",
        "Authorization": "Sanitized",
        "Content-Length": "7",
        "Content-Type": "application/octet-stream",
        "Date": "Tue, 03 Oct 2023 22:44:51 GMT",
        "If-None-Match": "*",
        "User-Agent": "azsdk-java-azure-storage-blob/12.25.0-beta.1 (11.0.16.1; Windows 11; 10.0)",
        "x-ms-blob-type": "BlockBlob",
        "x-ms-client-request-id": "b9a2f66f-1e03-4c05-96db-941de71413d0",
        "x-ms-version": "2023-08-03"
      },
      "RequestBody": "ZGVmYXVsdA==",
      "StatusCode": 201,
      "ResponseHeaders": {
        "Content-Length": "0",
        "Content-MD5": "wh\u002BWm18D0z1D4E\u002BPE252gg==",
        "Date": "Tue, 03 Oct 2023 22:44:51 GMT",
        "ETag": "\u00220x8DBC4625B6FA1FA\u0022",
        "Last-Modified": "Tue, 03 Oct 2023 22:44:52 GMT",
        "Server": [
          "Windows-Azure-Blob/1.0",
          "Microsoft-HTTPAPI/2.0"
        ],
        "x-ms-client-request-id": "b9a2f66f-1e03-4c05-96db-941de71413d0",
        "x-ms-content-crc64": "6RYQPwaVsyQ=",
        "x-ms-request-id": "94efa24d-001e-0087-304b-f602e7000000",
        "x-ms-request-server-encrypted": "true",
        "x-ms-version": "2023-08-03",
        "x-ms-version-id": "2023-10-03T22:44:52.2938874Z"
      },
      "ResponseBody": null
    },
    {
      "RequestUri": "https://REDACTED/b8a92b0c2settierpageblobcaf32195c1487af53e814ee?restype=container",
      "RequestMethod": "PUT",
      "RequestHeaders": {
        "Accept": "application/xml",
        "Authorization": "Sanitized",
        "Content-Length": "0",
        "Date": "Tue, 03 Oct 2023 22:44:51 GMT",
        "User-Agent": "azsdk-java-azure-storage-blob/12.25.0-beta.1 (11.0.16.1; Windows 11; 10.0)",
        "x-ms-client-request-id": "951bb9f3-1f0d-4ec6-bf51-47cb01fe6eca",
        "x-ms-version": "2023-08-03"
      },
      "RequestBody": null,
      "StatusCode": 201,
      "ResponseHeaders": {
        "Content-Length": "0",
        "Date": "Tue, 03 Oct 2023 22:44:52 GMT",
        "ETag": "\u00220x8DBC4625B7C999F\u0022",
        "Last-Modified": "Tue, 03 Oct 2023 22:44:52 GMT",
        "Server": [
          "Windows-Azure-Blob/1.0",
          "Microsoft-HTTPAPI/2.0"
        ],
        "x-ms-client-request-id": "951bb9f3-1f0d-4ec6-bf51-47cb01fe6eca",
        "x-ms-request-id": "170d5615-401c-00d8-304b-f69c76000000",
        "x-ms-version": "2023-08-03"
      },
      "ResponseBody": null
    },
    {
      "RequestUri": "https://REDACTED/b8a92b0c2settierpageblobcaf32195c1487af53e814ee/b8a92b0c3settierpageblobcaf940527d9ff96da2464a8",
      "RequestMethod": "PUT",
      "RequestHeaders": {
        "Accept": "application/xml",
        "Authorization": "Sanitized",
        "Content-Length": "0",
        "Date": "Tue, 03 Oct 2023 22:44:52 GMT",
        "If-None-Match": "*",
        "User-Agent": "azsdk-java-azure-storage-blob/12.25.0-beta.1 (11.0.16.1; Windows 11; 10.0)",
        "x-ms-blob-content-length": "512",
        "x-ms-blob-type": "PageBlob",
        "x-ms-client-request-id": "357445d5-5e2d-4244-acfd-f7485030b0f4",
        "x-ms-version": "2023-08-03"
      },
      "RequestBody": null,
      "StatusCode": 201,
      "ResponseHeaders": {
        "Content-Length": "0",
        "Date": "Tue, 03 Oct 2023 22:44:52 GMT",
        "ETag": "\u00220x8DBC4625B875C05\u0022",
        "Last-Modified": "Tue, 03 Oct 2023 22:44:52 GMT",
        "Server": [
          "Windows-Azure-Blob/1.0",
          "Microsoft-HTTPAPI/2.0"
        ],
        "x-ms-client-request-id": "357445d5-5e2d-4244-acfd-f7485030b0f4",
        "x-ms-request-id": "170d5622-401c-00d8-3d4b-f69c76000000",
        "x-ms-request-server-encrypted": "true",
        "x-ms-version": "2023-08-03"
      },
      "ResponseBody": null
    },
    {
      "RequestUri": "https://REDACTED/b8a92b0c2settierpageblobcaf32195c1487af53e814ee/b8a92b0c3settierpageblobcaf940527d9ff96da2464a8?comp=tier",
      "RequestMethod": "PUT",
      "RequestHeaders": {
        "Accept": "application/xml",
        "Authorization": "Sanitized",
        "Content-Length": "0",
        "Date": "Tue, 03 Oct 2023 22:44:52 GMT",
        "User-Agent": "azsdk-java-azure-storage-blob/12.25.0-beta.1 (11.0.16.1; Windows 11; 10.0)",
        "x-ms-access-tier": "P40",
        "x-ms-client-request-id": "1a0ea842-0492-499e-b1b2-ae59e790b646",
        "x-ms-version": "2023-08-03"
      },
      "RequestBody": null,
      "StatusCode": 200,
      "ResponseHeaders": {
        "Content-Length": "0",
        "Date": "Tue, 03 Oct 2023 22:44:52 GMT",
        "Server": [
          "Windows-Azure-Blob/1.0",
          "Microsoft-HTTPAPI/2.0"
        ],
        "x-ms-client-request-id": "1a0ea842-0492-499e-b1b2-ae59e790b646",
        "x-ms-request-id": "170d562a-401c-00d8-454b-f69c76000000",
        "x-ms-version": "2023-08-03"
      },
      "ResponseBody": null
    },
    {
      "RequestUri": "https://REDACTED/b8a92b0c2settierpageblobcaf32195c1487af53e814ee/b8a92b0c3settierpageblobcaf940527d9ff96da2464a8",
      "RequestMethod": "HEAD",
      "RequestHeaders": {
        "Accept": "application/xml",
        "Authorization": "Sanitized",
        "Content-Length": "0",
        "Date": "Tue, 03 Oct 2023 22:44:52 GMT",
        "User-Agent": "azsdk-java-azure-storage-blob/12.25.0-beta.1 (11.0.16.1; Windows 11; 10.0)",
        "x-ms-client-request-id": "506b0e6c-83fd-4e64-ace1-5e58c535e52f",
        "x-ms-version": "2023-08-03"
      },
      "RequestBody": null,
      "StatusCode": 200,
      "ResponseHeaders": {
        "Accept-Ranges": "bytes",
        "Content-Length": "512",
        "Content-Type": "application/octet-stream",
        "Date": "Tue, 03 Oct 2023 22:44:52 GMT",
        "ETag": "\u00220x8DBC4625B875C05\u0022",
        "Last-Modified": "Tue, 03 Oct 2023 22:44:52 GMT",
        "Server": [
          "Windows-Azure-Blob/1.0",
          "Microsoft-HTTPAPI/2.0"
        ],
        "x-ms-access-tier": "P40",
        "x-ms-blob-sequence-number": "0",
        "x-ms-blob-type": "PageBlob",
        "x-ms-client-request-id": "506b0e6c-83fd-4e64-ace1-5e58c535e52f",
        "x-ms-creation-time": "Tue, 03 Oct 2023 22:44:52 GMT",
        "x-ms-lease-state": "available",
        "x-ms-lease-status": "unlocked",
        "x-ms-request-id": "170d5638-401c-00d8-534b-f69c76000000",
        "x-ms-server-encrypted": "true",
        "x-ms-version": "2023-08-03"
      },
      "ResponseBody": null
    },
    {
      "RequestUri": "https://REDACTED/b8a92b0c2settierpageblobcaf32195c1487af53e814ee?restype=container\u0026comp=list",
      "RequestMethod": "GET",
      "RequestHeaders": {
        "Accept": "application/xml",
        "Authorization": "Sanitized",
        "Content-Length": "0",
        "Date": "Tue, 03 Oct 2023 22:44:52 GMT",
        "User-Agent": "azsdk-java-azure-storage-blob/12.25.0-beta.1 (11.0.16.1; Windows 11; 10.0)",
        "x-ms-client-request-id": "ac65b8fc-065a-44b9-9c53-798603c0fc21",
        "x-ms-version": "2023-08-03"
      },
      "RequestBody": null,
      "StatusCode": 200,
      "ResponseHeaders": {
        "Content-Type": "application/xml",
        "Date": "Tue, 03 Oct 2023 22:44:52 GMT",
        "Server": [
          "Windows-Azure-Blob/1.0",
          "Microsoft-HTTPAPI/2.0"
        ],
        "Transfer-Encoding": "chunked",
        "x-ms-client-request-id": "ac65b8fc-065a-44b9-9c53-798603c0fc21",
        "x-ms-request-id": "170d5640-401c-00d8-5a4b-f69c76000000",
        "x-ms-version": "2023-08-03"
      },
      "ResponseBody": [
        "\uFEFF\u003C?xml version=\u00221.0\u0022 encoding=\u0022utf-8\u0022?\u003E\n",
        "\u003CEnumerationResults ServiceEndpoint=\u0022https://gapradevpremium.blob.core.windows.net/\u0022 ContainerName=\u0022b8a92b0c2settierpageblobcaf32195c1487af53e814ee\u0022\u003E\u003CBlobs\u003E\u003CBlob\u003E\u003CName\u003Eb8a92b0c3settierpageblobcaf940527d9ff96da2464a8\u003C/Name\u003E\u003CProperties\u003E\u003CCreation-Time\u003ETue, 03 Oct 2023 22:44:52 GMT\u003C/Creation-Time\u003E\u003CLast-Modified\u003ETue, 03 Oct 2023 22:44:52 GMT\u003C/Last-Modified\u003E\u003CEtag\u003E0x8DBC4625B875C05\u003C/Etag\u003E\u003CContent-Length\u003E512\u003C/Content-Length\u003E\u003CContent-Type\u003Eapplication/octet-stream\u003C/Content-Type\u003E\u003CContent-Encoding/\u003E\u003CContent-Language/\u003E\u003CContent-MD5/\u003E\u003CCache-Control/\u003E\u003CContent-Disposition/\u003E\u003Cx-ms-blob-sequence-number\u003E0\u003C/x-ms-blob-sequence-number\u003E\u003CBlobType\u003EPageBlob\u003C/BlobType\u003E\u003CAccessTier\u003EP40\u003C/AccessTier\u003E\u003CLeaseStatus\u003Eunlocked\u003C/LeaseStatus\u003E\u003CLeaseState\u003Eavailable\u003C/LeaseState\u003E\u003CServerEncrypted\u003Etrue\u003C/ServerEncrypted\u003E\u003C/Properties\u003E\u003C/Blob\u003E\u003C/Blobs\u003E\u003CNextMarker/\u003E\u003C/EnumerationResults\u003E"
      ]
    },
    {
      "RequestUri": "https://REDACTED/b8a92b0c2settierpageblobcaf32195c1487af53e814ee?restype=container",
      "RequestMethod": "DELETE",
      "RequestHeaders": {
        "Accept": "application/xml",
        "Authorization": "Sanitized",
        "Content-Length": "0",
        "Date": "Tue, 03 Oct 2023 22:44:52 GMT",
        "User-Agent": "azsdk-java-azure-storage-blob/12.25.0-beta.1 (11.0.16.1; Windows 11; 10.0)",
        "x-ms-client-request-id": "194700a4-35d5-46fa-9aaf-4474cb42efbe",
        "x-ms-version": "2023-08-03"
      },
      "RequestBody": null,
      "StatusCode": 202,
      "ResponseHeaders": {
        "Content-Length": "0",
        "Date": "Tue, 03 Oct 2023 22:44:52 GMT",
        "Server": [
          "Windows-Azure-Blob/1.0",
          "Microsoft-HTTPAPI/2.0"
        ],
        "x-ms-client-request-id": "194700a4-35d5-46fa-9aaf-4474cb42efbe",
        "x-ms-request-id": "170d5647-401c-00d8-614b-f69c76000000",
        "x-ms-version": "2023-08-03"
      },
      "ResponseBody": null
    }
  ],
  "Variables": {
    "0": "b8a92b0c0settierpageblobcaf71123dd444083aeb747b",
    "1": "b8a92b0c1settierpageblobcaf21381fa3e69396b0946d",
    "2": "b8a92b0c2settierpageblobcaf32195c1487af53e814ee",
    "3": "b8a92b0c3settierpageblobcaf940527d9ff96da2464a8"
  }
}
