{
  "Entries": [
    {
      "RequestUri": "https://REDACTED/256958720downloadacfailbinarydata3f6225943a9102f4dad?restype=container",
      "RequestMethod": "PUT",
      "RequestHeaders": {
        "Accept": "application/xml",
        "Authorization": "Sanitized",
        "Content-Length": "0",
        "Date": "Fri, 17 Nov 2023 21:09:07 GMT",
        "User-Agent": "azsdk-java-azure-storage-blob/12.26.0-beta.1 (17.0.8; Windows 11; 10.0)",
        "x-ms-client-request-id": "e0a9834b-23c8-4c60-833c-e5994adda0dc",
        "x-ms-version": "2024-02-04"
      },
      "RequestBody": null,
      "StatusCode": 201,
      "ResponseHeaders": {
        "Content-Length": "0",
        "Date": "Fri, 17 Nov 2023 21:09:06 GMT",
        "ETag": "\u00220x8DBE7B16FD0AAD7\u0022",
        "Last-Modified": "Fri, 17 Nov 2023 21:09:07 GMT",
        "Server": [
          "Windows-Azure-Blob/1.0",
          "Microsoft-HTTPAPI/2.0"
        ],
        "x-ms-client-request-id": "e0a9834b-23c8-4c60-833c-e5994adda0dc",
        "x-ms-request-id": "cd777726-701e-0009-019a-19d2b5000000",
        "x-ms-version": "2024-02-04"
      },
      "ResponseBody": null
    },
    {
      "RequestUri": "https://REDACTED/256958720downloadacfailbinarydata3f6225943a9102f4dad/256958721downloadacfailbinarydata3f630751e5c5077869d",
      "RequestMethod": "PUT",
      "RequestHeaders": {
        "Accept": "application/xml",
        "Authorization": "Sanitized",
        "Content-Length": "7",
        "Content-Type": "application/octet-stream",
        "Date": "Fri, 17 Nov 2023 21:09:07 GMT",
        "If-None-Match": "*",
        "User-Agent": "azsdk-java-azure-storage-blob/12.26.0-beta.1 (17.0.8; Windows 11; 10.0)",
        "x-ms-blob-type": "BlockBlob",
        "x-ms-client-request-id": "3ecb9672-d895-49ce-92d1-3af00416e4ae",
        "x-ms-version": "2024-02-04"
      },
      "RequestBody": "ZGVmYXVsdA==",
      "StatusCode": 201,
      "ResponseHeaders": {
        "Content-Length": "0",
        "Content-MD5": "wh\u002BWm18D0z1D4E\u002BPE252gg==",
        "Date": "Fri, 17 Nov 2023 21:09:07 GMT",
        "ETag": "\u00220x8DBE7B16FE0D2EA\u0022",
        "Last-Modified": "Fri, 17 Nov 2023 21:09:07 GMT",
        "Server": [
          "Windows-Azure-Blob/1.0",
          "Microsoft-HTTPAPI/2.0"
        ],
        "x-ms-client-request-id": "3ecb9672-d895-49ce-92d1-3af00416e4ae",
        "x-ms-content-crc64": "6RYQPwaVsyQ=",
        "x-ms-request-id": "3b42e879-201e-0004-3f9a-191a61000000",
        "x-ms-request-server-encrypted": "true",
        "x-ms-version": "2024-02-04"
      },
      "ResponseBody": null
    },
    {
      "RequestUri": "https://REDACTED/256958720downloadacfailbinarydata3f6225943a9102f4dad/256958721downloadacfailbinarydata3f630751e5c5077869d",
      "RequestMethod": "GET",
      "RequestHeaders": {
        "Accept": "application/xml",
        "Authorization": "Sanitized",
        "Content-Length": "0",
        "Date": "Fri, 17 Nov 2023 21:09:07 GMT",
        "If-Modified-Since": "Sat, 18 Nov 2023 21:09:04 GMT",
        "User-Agent": "azsdk-java-azure-storage-blob/12.26.0-beta.1 (17.0.8; Windows 11; 10.0)",
        "x-ms-client-request-id": "c956508b-0db3-47ae-90a8-17f28b258618",
        "x-ms-version": "2024-02-04"
      },
      "RequestBody": null,
      "StatusCode": 304,
      "ResponseHeaders": {
        "Access-Control-Allow-Origin": "*",
        "Access-Control-Expose-Headers": "x-ms-client-request-id",
        "Content-Length": "0",
        "Date": "Fri, 17 Nov 2023 21:09:07 GMT",
        "Server": [
          "Windows-Azure-Blob/1.0",
          "Microsoft-HTTPAPI/2.0"
        ],
        "x-ms-client-request-id": "c956508b-0db3-47ae-90a8-17f28b258618",
        "x-ms-error-code": "ConditionNotMet",
        "x-ms-request-id": "7e5d7048-701e-0026-089a-19df7e000000",
        "x-ms-version": "2024-02-04"
      },
      "ResponseBody": null
    }
  ],
  "Variables": {
    "0": "256958720downloadacfailbinarydata3f6225943a9102f4dad",
    "1": "256958721downloadacfailbinarydata3f630751e5c5077869d"
  }
}
