{
  "Entries": [
    {
      "RequestUri": "https://REDACTED/1e3f524b0specializedchildclientgetscached1ef769661101902?restype=container",
      "RequestMethod": "PUT",
      "RequestHeaders": {
        "Accept": "application/xml",
        "Authorization": "Sanitized",
        "Content-Length": "0",
        "Date": "Mon, 11 Dec 2023 23:29:48 GMT",
        "User-Agent": "azsdk-java-azure-storage-blob/12.26.0-beta.1 (17.0.8; Windows 11; 10.0)",
        "x-ms-client-request-id": "39735a8f-830e-45d1-a03c-94bf5f91408a",
        "x-ms-version": "2024-02-04"
      },
      "RequestBody": null,
      "StatusCode": 201,
      "ResponseHeaders": {
        "Content-Length": "0",
        "Date": "Mon, 11 Dec 2023 23:29:51 GMT",
        "ETag": "\u00220x8DBFAA1131185F5\u0022",
        "Last-Modified": "Mon, 11 Dec 2023 23:29:51 GMT",
        "Server": [
          "Windows-Azure-Blob/1.0",
          "Microsoft-HTTPAPI/2.0"
        ],
        "x-ms-client-request-id": "39735a8f-830e-45d1-a03c-94bf5f91408a",
        "x-ms-request-id": "af3d829b-c01e-0023-2289-2c0da5000000",
        "x-ms-version": "2024-02-04"
      },
      "ResponseBody": null
    },
    {
      "RequestUri": "https://REDACTED/1e3f524b0specializedchildclientgetscached1ef769661101902?restype=container",
      "RequestMethod": "PUT",
      "RequestHeaders": {
        "Accept": "application/xml",
        "Authorization": "Sanitized",
        "Content-Length": "0",
        "Date": "Mon, 11 Dec 2023 23:29:48 GMT",
        "User-Agent": "azsdk-java-azure-storage-blob/12.26.0-beta.1 (17.0.8; Windows 11; 10.0)",
        "x-ms-client-request-id": "7517ed5a-a29c-4e23-98a0-64f30b963a9d",
        "x-ms-version": "2024-02-04"
      },
      "RequestBody": null,
      "StatusCode": 409,
      "ResponseHeaders": {
        "Content-Length": "230",
        "Content-Type": "application/xml",
        "Date": "Mon, 11 Dec 2023 23:29:51 GMT",
        "Server": [
          "Windows-Azure-Blob/1.0",
          "Microsoft-HTTPAPI/2.0"
        ],
        "x-ms-client-request-id": "7517ed5a-a29c-4e23-98a0-64f30b963a9d",
        "x-ms-error-code": "ContainerAlreadyExists",
        "x-ms-request-id": "af3d8309-c01e-0023-0489-2c0da5000000",
        "x-ms-version": "2024-02-04"
      },
      "ResponseBody": [
        "\uFEFF\u003C?xml version=\u00221.0\u0022 encoding=\u0022utf-8\u0022?\u003E\u003CError\u003E\u003CCode\u003EContainerAlreadyExists\u003C/Code\u003E\u003CMessage\u003EThe specified container already exists.\n",
        "RequestId:af3d8309-c01e-0023-0489-2c0da5000000\n",
        "Time:2023-12-11T23:29:52.0560794Z\u003C/Message\u003E\u003C/Error\u003E"
      ]
    },
    {
      "RequestUri": "https://REDACTED/1e3f524b0specializedchildclientgetscached1ef769661101902/1e3f524b1specializedchildclientgetscached1ef5001972c7d74",
      "RequestMethod": "PUT",
      "RequestHeaders": {
        "Accept": "application/xml",
        "Authorization": "Sanitized",
        "Content-Length": "7",
        "Content-Type": "application/octet-stream",
        "Date": "Mon, 11 Dec 2023 23:29:48 GMT",
        "If-None-Match": "*",
        "User-Agent": "azsdk-java-azure-storage-blob/12.26.0-beta.1 (17.0.8; Windows 11; 10.0)",
        "x-ms-blob-type": "BlockBlob",
        "x-ms-client-request-id": "cc46a87d-c070-48fd-93f8-ee6e09d28313",
        "x-ms-version": "2024-02-04"
      },
      "RequestBody": "ZGVmYXVsdA==",
      "StatusCode": 201,
      "ResponseHeaders": {
        "Content-Length": "0",
        "Content-MD5": "wh\u002BWm18D0z1D4E\u002BPE252gg==",
        "Date": "Mon, 11 Dec 2023 23:29:51 GMT",
        "ETag": "\u00220x8DBFAA1132C8456\u0022",
        "Last-Modified": "Mon, 11 Dec 2023 23:29:52 GMT",
        "Server": [
          "Windows-Azure-Blob/1.0",
          "Microsoft-HTTPAPI/2.0"
        ],
        "x-ms-client-request-id": "cc46a87d-c070-48fd-93f8-ee6e09d28313",
        "x-ms-content-crc64": "6RYQPwaVsyQ=",
        "x-ms-request-id": "af3d8379-c01e-0023-6989-2c0da5000000",
        "x-ms-request-server-encrypted": "true",
        "x-ms-version": "2024-02-04"
      },
      "ResponseBody": null
    }
  ],
  "Variables": {
    "0": "1e3f524b0specializedchildclientgetscached1ef769661101902",
    "1": "1e3f524b1specializedchildclientgetscached1ef5001972c7d74"
  }
}
