{
  "Entries": [
    {
      "RequestUri": "https://REDACTED/2b60f5220sethttpheadersminb7779594d2499f1f3d3e4f?restype=container",
      "RequestMethod": "PUT",
      "RequestHeaders": {
        "Accept": "application/xml",
        "Authorization": "Sanitized",
        "Content-Length": "0",
        "Date": "Thu, 12 Oct 2023 13:50:49 GMT",
        "User-Agent": "azsdk-java-azure-storage-blob/12.25.0-beta.1 (17.0.8.1; Windows 11; 10.0)",
        "x-ms-client-request-id": "3babf4bb-c635-4857-9020-f9ed1e23f924",
        "x-ms-version": "2023-08-03"
      },
      "RequestBody": null,
      "StatusCode": 201,
      "ResponseHeaders": {
        "Content-Length": "0",
        "Date": "Thu, 12 Oct 2023 13:50:48 GMT",
        "ETag": "\u00220x8DBCB2A3E100031\u0022",
        "Last-Modified": "Thu, 12 Oct 2023 13:50:49 GMT",
        "Server": [
          "Windows-Azure-Blob/1.0",
          "Microsoft-HTTPAPI/2.0"
        ],
        "x-ms-client-request-id": "3babf4bb-c635-4857-9020-f9ed1e23f924",
        "x-ms-request-id": "343febe6-e01e-0041-6d13-fd9255000000",
        "x-ms-version": "2023-08-03"
      },
      "ResponseBody": null
    },
    {
      "RequestUri": "https://REDACTED/2b60f5220sethttpheadersminb7779594d2499f1f3d3e4f/2b60f5221sethttpheadersminb77508653379f37d8aa14e",
      "RequestMethod": "PUT",
      "RequestHeaders": {
        "Accept": "application/xml",
        "Authorization": "Sanitized",
        "Content-Length": "7",
        "Content-Type": "application/octet-stream",
        "Date": "Thu, 12 Oct 2023 13:50:49 GMT",
        "If-None-Match": "*",
        "User-Agent": "azsdk-java-azure-storage-blob/12.25.0-beta.1 (17.0.8.1; Windows 11; 10.0)",
        "x-ms-blob-type": "BlockBlob",
        "x-ms-client-request-id": "52a9e95f-8ae5-477b-84de-ab77e1e331cd",
        "x-ms-version": "2023-08-03"
      },
      "RequestBody": "ZGVmYXVsdA==",
      "StatusCode": 201,
      "ResponseHeaders": {
        "Content-Length": "0",
        "Content-MD5": "wh\u002BWm18D0z1D4E\u002BPE252gg==",
        "Date": "Thu, 12 Oct 2023 13:50:48 GMT",
        "ETag": "\u00220x8DBCB2A3E139C20\u0022",
        "Last-Modified": "Thu, 12 Oct 2023 13:50:49 GMT",
        "Server": [
          "Windows-Azure-Blob/1.0",
          "Microsoft-HTTPAPI/2.0"
        ],
        "x-ms-client-request-id": "52a9e95f-8ae5-477b-84de-ab77e1e331cd",
        "x-ms-content-crc64": "6RYQPwaVsyQ=",
        "x-ms-request-id": "343febfa-e01e-0041-7f13-fd9255000000",
        "x-ms-request-server-encrypted": "true",
        "x-ms-version": "2023-08-03"
      },
      "ResponseBody": null
    },
    {
      "RequestUri": "https://REDACTED/2b60f5220sethttpheadersminb7779594d2499f1f3d3e4f/2b60f5221sethttpheadersminb77508653379f37d8aa14e",
      "RequestMethod": "HEAD",
      "RequestHeaders": {
        "Accept": "application/xml",
        "Authorization": "Sanitized",
        "Content-Length": "0",
        "Date": "Thu, 12 Oct 2023 13:50:49 GMT",
        "User-Agent": "azsdk-java-azure-storage-blob/12.25.0-beta.1 (17.0.8.1; Windows 11; 10.0)",
        "x-ms-client-request-id": "336899bf-73eb-4205-ac1e-d33a14f4e631",
        "x-ms-version": "2023-08-03"
      },
      "RequestBody": null,
      "StatusCode": 200,
      "ResponseHeaders": {
        "Accept-Ranges": "bytes",
        "Access-Control-Allow-Origin": "*",
        "Access-Control-Expose-Headers": "x-ms-client-request-id",
        "Content-Length": "7",
        "Content-MD5": "wh\u002BWm18D0z1D4E\u002BPE252gg==",
        "Content-Type": "application/octet-stream",
        "Date": "Thu, 12 Oct 2023 13:50:48 GMT",
        "ETag": "\u00220x8DBCB2A3E139C20\u0022",
        "Last-Modified": "Thu, 12 Oct 2023 13:50:49 GMT",
        "Server": [
          "Windows-Azure-Blob/1.0",
          "Microsoft-HTTPAPI/2.0"
        ],
        "x-ms-access-tier": "Hot",
        "x-ms-access-tier-inferred": "true",
        "x-ms-blob-type": "BlockBlob",
        "x-ms-client-request-id": "336899bf-73eb-4205-ac1e-d33a14f4e631",
        "x-ms-creation-time": "Thu, 12 Oct 2023 13:50:49 GMT",
        "x-ms-lease-state": "available",
        "x-ms-lease-status": "unlocked",
        "x-ms-request-id": "3f637e42-701e-0031-4c13-fd2ba2000000",
        "x-ms-server-encrypted": "true",
        "x-ms-version": "2023-08-03"
      },
      "ResponseBody": null
    },
    {
      "RequestUri": "https://REDACTED/2b60f5220sethttpheadersminb7779594d2499f1f3d3e4f/2b60f5221sethttpheadersminb77508653379f37d8aa14e?comp=properties",
      "RequestMethod": "PUT",
      "RequestHeaders": {
        "Accept": "application/xml",
        "Authorization": "Sanitized",
        "Content-Length": "0",
        "Date": "Thu, 12 Oct 2023 13:50:49 GMT",
        "User-Agent": "azsdk-java-azure-storage-blob/12.25.0-beta.1 (17.0.8.1; Windows 11; 10.0)",
        "x-ms-blob-content-md5": "d2grV20xOEQwejFENEUrUEUyNTJnZz09",
        "x-ms-blob-content-type": "type",
        "x-ms-client-request-id": "a3ffcad7-48bc-4140-b541-6ee6ffddf17b",
        "x-ms-version": "2023-08-03"
      },
      "RequestBody": null,
      "StatusCode": 200,
      "ResponseHeaders": {
        "Content-Length": "0",
        "Date": "Thu, 12 Oct 2023 13:50:48 GMT",
        "ETag": "\u00220x8DBCB2A3E1AC711\u0022",
        "Last-Modified": "Thu, 12 Oct 2023 13:50:49 GMT",
        "Server": [
          "Windows-Azure-Blob/1.0",
          "Microsoft-HTTPAPI/2.0"
        ],
        "x-ms-client-request-id": "a3ffcad7-48bc-4140-b541-6ee6ffddf17b",
        "x-ms-request-id": "3f637e6a-701e-0031-6c13-fd2ba2000000",
        "x-ms-version": "2023-08-03"
      },
      "ResponseBody": null
    },
    {
      "RequestUri": "https://REDACTED/2b60f5220sethttpheadersminb7779594d2499f1f3d3e4f/2b60f5221sethttpheadersminb77508653379f37d8aa14e",
      "RequestMethod": "HEAD",
      "RequestHeaders": {
        "Accept": "application/xml",
        "Authorization": "Sanitized",
        "Content-Length": "0",
        "Date": "Thu, 12 Oct 2023 13:50:49 GMT",
        "User-Agent": "azsdk-java-azure-storage-blob/12.25.0-beta.1 (17.0.8.1; Windows 11; 10.0)",
        "x-ms-client-request-id": "b216c01b-fdf3-434c-97c5-5b5343d985af",
        "x-ms-version": "2023-08-03"
      },
      "RequestBody": null,
      "StatusCode": 200,
      "ResponseHeaders": {
        "Accept-Ranges": "bytes",
        "Access-Control-Allow-Origin": "*",
        "Access-Control-Expose-Headers": "x-ms-client-request-id",
        "Content-Length": "7",
        "Content-MD5": "d2grV20xOEQwejFENEUrUEUyNTJnZz09",
        "Content-Type": "type",
        "Date": "Thu, 12 Oct 2023 13:50:48 GMT",
        "ETag": "\u00220x8DBCB2A3E1AC711\u0022",
        "Last-Modified": "Thu, 12 Oct 2023 13:50:49 GMT",
        "Server": [
          "Windows-Azure-Blob/1.0",
          "Microsoft-HTTPAPI/2.0"
        ],
        "x-ms-access-tier": "Hot",
        "x-ms-access-tier-inferred": "true",
        "x-ms-blob-type": "BlockBlob",
        "x-ms-client-request-id": "b216c01b-fdf3-434c-97c5-5b5343d985af",
        "x-ms-creation-time": "Thu, 12 Oct 2023 13:50:49 GMT",
        "x-ms-lease-state": "available",
        "x-ms-lease-status": "unlocked",
        "x-ms-request-id": "3f637e85-701e-0031-0513-fd2ba2000000",
        "x-ms-server-encrypted": "true",
        "x-ms-version": "2023-08-03"
      },
      "ResponseBody": null
    }
  ],
  "Variables": {
    "0": "2b60f5220sethttpheadersminb7779594d2499f1f3d3e4f",
    "1": "2b60f5221sethttpheadersminb77508653379f37d8aa14e"
  }
}
