{
  "Entries": [
    {
      "RequestUri": "https://REDACTED/521754bc0copysourceace7687069b1f7c52e143447fda?restype=container",
      "RequestMethod": "PUT",
      "RequestHeaders": {
        "Accept": "application/xml",
        "Authorization": "Sanitized",
        "Content-Length": "0",
        "Date": "Mon, 11 Dec 2023 19:12:10 GMT",
        "User-Agent": "azsdk-java-azure-storage-blob/12.26.0-beta.1 (17.0.8; Windows 11; 10.0)",
        "x-ms-client-request-id": "4eee4d69-f81c-44fc-b1fc-0e2d599b3220",
        "x-ms-version": "2024-02-04"
      },
      "RequestBody": null,
      "StatusCode": 201,
      "ResponseHeaders": {
        "Content-Length": "0",
        "Date": "Mon, 11 Dec 2023 19:12:13 GMT",
        "ETag": "\u00220x8DBFA7D159FE71C\u0022",
        "Last-Modified": "Mon, 11 Dec 2023 19:12:14 GMT",
        "Server": [
          "Windows-Azure-Blob/1.0",
          "Microsoft-HTTPAPI/2.0"
        ],
        "x-ms-client-request-id": "4eee4d69-f81c-44fc-b1fc-0e2d599b3220",
        "x-ms-request-id": "20ed4a40-f01e-0007-3265-2cfb05000000",
        "x-ms-version": "2024-02-04"
      },
      "ResponseBody": null
    },
    {
      "RequestUri": "https://REDACTED/521754bc0copysourceace7687069b1f7c52e143447fda?restype=container",
      "RequestMethod": "PUT",
      "RequestHeaders": {
        "Accept": "application/xml",
        "Authorization": "Sanitized",
        "Content-Length": "0",
        "Date": "Mon, 11 Dec 2023 19:12:10 GMT",
        "User-Agent": "azsdk-java-azure-storage-blob/12.26.0-beta.1 (17.0.8; Windows 11; 10.0)",
        "x-ms-client-request-id": "94b9feaa-be2b-4ab2-b746-b84b8397246e",
        "x-ms-version": "2024-02-04"
      },
      "RequestBody": null,
      "StatusCode": 409,
      "ResponseHeaders": {
        "Content-Length": "230",
        "Content-Type": "application/xml",
        "Date": "Mon, 11 Dec 2023 19:12:13 GMT",
        "Server": [
          "Windows-Azure-Blob/1.0",
          "Microsoft-HTTPAPI/2.0"
        ],
        "x-ms-client-request-id": "94b9feaa-be2b-4ab2-b746-b84b8397246e",
        "x-ms-error-code": "ContainerAlreadyExists",
        "x-ms-request-id": "20ed4ab0-f01e-0007-1665-2cfb05000000",
        "x-ms-version": "2024-02-04"
      },
      "ResponseBody": [
        "\uFEFF\u003C?xml version=\u00221.0\u0022 encoding=\u0022utf-8\u0022?\u003E\u003CError\u003E\u003CCode\u003EContainerAlreadyExists\u003C/Code\u003E\u003CMessage\u003EThe specified container already exists.\n",
        "RequestId:20ed4ab0-f01e-0007-1665-2cfb05000000\n",
        "Time:2023-12-11T19:12:14.4693529Z\u003C/Message\u003E\u003C/Error\u003E"
      ]
    },
    {
      "RequestUri": "https://REDACTED/521754bc0copysourceace7687069b1f7c52e143447fda/521754bc1copysourceace7673398c700f310ec7843de9",
      "RequestMethod": "PUT",
      "RequestHeaders": {
        "Accept": "application/xml",
        "Authorization": "Sanitized",
        "Content-Length": "7",
        "Content-Type": "application/octet-stream",
        "Date": "Mon, 11 Dec 2023 19:12:10 GMT",
        "If-None-Match": "*",
        "User-Agent": "azsdk-java-azure-storage-blob/12.26.0-beta.1 (17.0.8; Windows 11; 10.0)",
        "x-ms-blob-type": "BlockBlob",
        "x-ms-client-request-id": "7e779d7b-2beb-4d71-a840-21a8afc85bf0",
        "x-ms-version": "2024-02-04"
      },
      "RequestBody": "ZGVmYXVsdA==",
      "StatusCode": 201,
      "ResponseHeaders": {
        "Content-Length": "0",
        "Content-MD5": "wh\u002BWm18D0z1D4E\u002BPE252gg==",
        "Date": "Mon, 11 Dec 2023 19:12:13 GMT",
        "ETag": "\u00220x8DBFA7D15BBF072\u0022",
        "Last-Modified": "Mon, 11 Dec 2023 19:12:14 GMT",
        "Server": [
          "Windows-Azure-Blob/1.0",
          "Microsoft-HTTPAPI/2.0"
        ],
        "x-ms-client-request-id": "7e779d7b-2beb-4d71-a840-21a8afc85bf0",
        "x-ms-content-crc64": "6RYQPwaVsyQ=",
        "x-ms-request-id": "20ed4b22-f01e-0007-8065-2cfb05000000",
        "x-ms-request-server-encrypted": "true",
        "x-ms-version": "2024-02-04"
      },
      "ResponseBody": null
    },
    {
      "RequestUri": "https://REDACTED/521754bc0copysourceace7687069b1f7c52e143447fda/521754bc1copysourceace7673398c700f310ec7843de9?comp=tags",
      "RequestMethod": "PUT",
      "RequestHeaders": {
        "Accept": "application/xml",
        "Authorization": "Sanitized",
        "Content-Length": "111",
        "Content-Type": "application/xml",
        "Date": "Mon, 11 Dec 2023 19:12:10 GMT",
        "User-Agent": "azsdk-java-azure-storage-blob/12.26.0-beta.1 (17.0.8; Windows 11; 10.0)",
        "x-ms-client-request-id": "dd2f9d25-3a12-4626-b98d-4fd9c7c084ac",
        "x-ms-version": "2024-02-04"
      },
      "RequestBody": "\u003C?xml version=\u00271.0\u0027 encoding=\u0027UTF-8\u0027?\u003E\u003CTags\u003E\u003CTagSet\u003E\u003CTag\u003E\u003CKey\u003Efoo\u003C/Key\u003E\u003CValue\u003Ebar\u003C/Value\u003E\u003C/Tag\u003E\u003C/TagSet\u003E\u003C/Tags\u003E",
      "StatusCode": 204,
      "ResponseHeaders": {
        "Date": "Mon, 11 Dec 2023 19:12:13 GMT",
        "Server": [
          "Windows-Azure-Blob/1.0",
          "Microsoft-HTTPAPI/2.0"
        ],
        "x-ms-client-request-id": "dd2f9d25-3a12-4626-b98d-4fd9c7c084ac",
        "x-ms-request-id": "20ed4b85-f01e-0007-5765-2cfb05000000",
        "x-ms-version": "2024-02-04"
      },
      "ResponseBody": null
    },
    {
      "RequestUri": "https://REDACTED/521754bc0copysourceace7687069b1f7c52e143447fda/521754bc2copysourceace7609468eaf2bdbbd8d646b3a",
      "RequestMethod": "PUT",
      "RequestHeaders": {
        "Accept": "application/xml",
        "Authorization": "Sanitized",
        "Content-Length": "0",
        "Date": "Mon, 11 Dec 2023 19:12:11 GMT",
        "User-Agent": "azsdk-java-azure-storage-blob/12.26.0-beta.1 (17.0.8; Windows 11; 10.0)",
        "x-ms-client-request-id": "c724b306-02b9-43d1-aff0-25863d53e7db",
        "x-ms-copy-source": "https://REDACTED/521754bc0copysourceace7687069b1f7c52e143447fda/521754bc1copysourceace7673398c700f310ec7843de9",
        "x-ms-source-if-none-match": "garbage",
        "x-ms-version": "2024-02-04"
      },
      "RequestBody": null,
      "StatusCode": 202,
      "ResponseHeaders": {
        "Content-Length": "0",
        "Date": "Mon, 11 Dec 2023 19:12:13 GMT",
        "ETag": "\u00220x8DBFA7D15D87503\u0022",
        "Last-Modified": "Mon, 11 Dec 2023 19:12:14 GMT",
        "Server": [
          "Windows-Azure-Blob/1.0",
          "Microsoft-HTTPAPI/2.0"
        ],
        "x-ms-client-request-id": "c724b306-02b9-43d1-aff0-25863d53e7db",
        "x-ms-copy-id": "64fd95ce-4e1a-48b0-9249-18383054020c",
        "x-ms-copy-status": "success",
        "x-ms-request-id": "20ed4bd7-f01e-0007-2665-2cfb05000000",
        "x-ms-version": "2024-02-04"
      },
      "ResponseBody": null
    },
    {
      "RequestUri": "https://REDACTED/521754bc0copysourceace7687069b1f7c52e143447fda/521754bc2copysourceace7609468eaf2bdbbd8d646b3a",
      "RequestMethod": "HEAD",
      "RequestHeaders": {
        "Accept": "application/xml",
        "Authorization": "Sanitized",
        "Content-Length": "0",
        "Date": "Mon, 11 Dec 2023 19:12:12 GMT",
        "User-Agent": "azsdk-java-azure-storage-blob/12.26.0-beta.1 (17.0.8; Windows 11; 10.0)",
        "x-ms-client-request-id": "4f16145f-7006-4c98-ba52-064b7ee334db",
        "x-ms-version": "2024-02-04"
      },
      "RequestBody": null,
      "StatusCode": 200,
      "ResponseHeaders": {
        "Accept-Ranges": "bytes",
        "Access-Control-Allow-Origin": "*",
        "Access-Control-Expose-Headers": "x-ms-client-request-id",
        "Content-Length": "7",
        "Content-MD5": "wh\u002BWm18D0z1D4E\u002BPE252gg==",
        "Content-Type": "application/octet-stream",
        "Date": "Mon, 11 Dec 2023 19:12:15 GMT",
        "ETag": "\u00220x8DBFA7D15D87503\u0022",
        "Last-Modified": "Mon, 11 Dec 2023 19:12:14 GMT",
        "Server": [
          "Windows-Azure-Blob/1.0",
          "Microsoft-HTTPAPI/2.0"
        ],
        "x-ms-access-tier": "Hot",
        "x-ms-access-tier-inferred": "true",
        "x-ms-blob-type": "BlockBlob",
        "x-ms-client-request-id": "4f16145f-7006-4c98-ba52-064b7ee334db",
        "x-ms-copy-completion-time": "Mon, 11 Dec 2023 19:12:14 GMT",
        "x-ms-copy-id": "64fd95ce-4e1a-48b0-9249-18383054020c",
        "x-ms-copy-progress": "7/7",
        "x-ms-copy-source": "https://REDACTED/521754bc0copysourceace7687069b1f7c52e143447fda/521754bc1copysourceace7673398c700f310ec7843de9",
        "x-ms-copy-status": "success",
        "x-ms-creation-time": "Mon, 11 Dec 2023 19:12:14 GMT",
        "x-ms-lease-state": "available",
        "x-ms-lease-status": "unlocked",
        "x-ms-request-id": "dd0e8c05-801e-0022-4065-2c5279000000",
        "x-ms-server-encrypted": "true",
        "x-ms-version": "2024-02-04"
      },
      "ResponseBody": null
    }
  ],
  "Variables": {
    "0": "521754bc0copysourceace7687069b1f7c52e143447fda",
    "1": "521754bc1copysourceace7673398c700f310ec7843de9",
    "2": "521754bc2copysourceace7609468eaf2bdbbd8d646b3a"
  }
}
