{
  "Entries": [
    {
      "RequestUri": "https://REDACTED/2c6a762a0copysourceac3f9866688e61c54c28a041608?restype=container",
      "RequestMethod": "PUT",
      "RequestHeaders": {
        "Accept": "application/xml",
        "Authorization": "Sanitized",
        "Content-Length": "0",
        "Date": "Thu, 12 Oct 2023 16:47:53 GMT",
        "User-Agent": "azsdk-java-azure-storage-blob/12.25.0-beta.1 (17.0.8.1; Windows 11; 10.0)",
        "x-ms-client-request-id": "83f3e0e9-8114-4c6b-9200-e3a872997b39",
        "x-ms-version": "2023-08-03"
      },
      "RequestBody": null,
      "StatusCode": 201,
      "ResponseHeaders": {
        "Content-Length": "0",
        "Date": "Thu, 12 Oct 2023 16:47:53 GMT",
        "ETag": "\u00220x8DBCB42FAB068DF\u0022",
        "Last-Modified": "Thu, 12 Oct 2023 16:47:53 GMT",
        "Server": [
          "Windows-Azure-Blob/1.0",
          "Microsoft-HTTPAPI/2.0"
        ],
        "x-ms-client-request-id": "83f3e0e9-8114-4c6b-9200-e3a872997b39",
        "x-ms-request-id": "add9e4bf-201e-004e-602b-fde439000000",
        "x-ms-version": "2023-08-03"
      },
      "ResponseBody": null
    },
    {
      "RequestUri": "https://REDACTED/2c6a762a0copysourceac3f9866688e61c54c28a041608/2c6a762a1copysourceac3f9281772ace2cb386a54929b",
      "RequestMethod": "PUT",
      "RequestHeaders": {
        "Accept": "application/xml",
        "Authorization": "Sanitized",
        "Content-Length": "7",
        "Content-Type": "application/octet-stream",
        "Date": "Thu, 12 Oct 2023 16:47:53 GMT",
        "If-None-Match": "*",
        "User-Agent": "azsdk-java-azure-storage-blob/12.25.0-beta.1 (17.0.8.1; Windows 11; 10.0)",
        "x-ms-blob-type": "BlockBlob",
        "x-ms-client-request-id": "1feea5ff-c537-4a1b-a1e6-26ea5c68396e",
        "x-ms-version": "2023-08-03"
      },
      "RequestBody": "ZGVmYXVsdA==",
      "StatusCode": 201,
      "ResponseHeaders": {
        "Content-Length": "0",
        "Content-MD5": "wh\u002BWm18D0z1D4E\u002BPE252gg==",
        "Date": "Thu, 12 Oct 2023 16:47:52 GMT",
        "ETag": "\u00220x8DBCB42FAB4D349\u0022",
        "Last-Modified": "Thu, 12 Oct 2023 16:47:53 GMT",
        "Server": [
          "Windows-Azure-Blob/1.0",
          "Microsoft-HTTPAPI/2.0"
        ],
        "x-ms-client-request-id": "1feea5ff-c537-4a1b-a1e6-26ea5c68396e",
        "x-ms-content-crc64": "6RYQPwaVsyQ=",
        "x-ms-request-id": "f615b322-d01e-0028-652b-fdab19000000",
        "x-ms-request-server-encrypted": "true",
        "x-ms-version": "2023-08-03"
      },
      "ResponseBody": null
    },
    {
      "RequestUri": "https://REDACTED/2c6a762a0copysourceac3f9866688e61c54c28a041608/2c6a762a1copysourceac3f9281772ace2cb386a54929b?comp=tags",
      "RequestMethod": "PUT",
      "RequestHeaders": {
        "Accept": "application/xml",
        "Authorization": "Sanitized",
        "Content-Length": "111",
        "Content-Type": "application/xml",
        "Date": "Thu, 12 Oct 2023 16:47:53 GMT",
        "User-Agent": "azsdk-java-azure-storage-blob/12.25.0-beta.1 (17.0.8.1; Windows 11; 10.0)",
        "x-ms-client-request-id": "64f0900b-6213-462f-ad71-8b4b7f6067bb",
        "x-ms-version": "2023-08-03"
      },
      "RequestBody": "\u003C?xml version=\u00271.0\u0027 encoding=\u0027UTF-8\u0027?\u003E\u003CTags\u003E\u003CTagSet\u003E\u003CTag\u003E\u003CKey\u003Efoo\u003C/Key\u003E\u003CValue\u003Ebar\u003C/Value\u003E\u003C/Tag\u003E\u003C/TagSet\u003E\u003C/Tags\u003E",
      "StatusCode": 204,
      "ResponseHeaders": {
        "Date": "Thu, 12 Oct 2023 16:47:52 GMT",
        "Server": [
          "Windows-Azure-Blob/1.0",
          "Microsoft-HTTPAPI/2.0"
        ],
        "x-ms-client-request-id": "64f0900b-6213-462f-ad71-8b4b7f6067bb",
        "x-ms-request-id": "f615b361-d01e-0028-202b-fdab19000000",
        "x-ms-version": "2023-08-03"
      },
      "ResponseBody": null
    },
    {
      "RequestUri": "https://REDACTED/2c6a762a0copysourceac3f9866688e61c54c28a041608/2c6a762a1copysourceac3f9281772ace2cb386a54929b",
      "RequestMethod": "HEAD",
      "RequestHeaders": {
        "Accept": "application/xml",
        "Authorization": "Sanitized",
        "Content-Length": "0",
        "Date": "Thu, 12 Oct 2023 16:47:53 GMT",
        "User-Agent": "azsdk-java-azure-storage-blob/12.25.0-beta.1 (17.0.8.1; Windows 11; 10.0)",
        "x-ms-client-request-id": "e4660f77-8a0d-4549-a7c6-3f4a8e8da215",
        "x-ms-version": "2023-08-03"
      },
      "RequestBody": null,
      "StatusCode": 200,
      "ResponseHeaders": {
        "Accept-Ranges": "bytes",
        "Access-Control-Allow-Origin": "*",
        "Access-Control-Expose-Headers": "x-ms-client-request-id",
        "Content-Length": "7",
        "Content-MD5": "wh\u002BWm18D0z1D4E\u002BPE252gg==",
        "Content-Type": "application/octet-stream",
        "Date": "Thu, 12 Oct 2023 16:47:52 GMT",
        "ETag": "\u00220x8DBCB42FAB4D349\u0022",
        "Last-Modified": "Thu, 12 Oct 2023 16:47:53 GMT",
        "Server": [
          "Windows-Azure-Blob/1.0",
          "Microsoft-HTTPAPI/2.0"
        ],
        "x-ms-access-tier": "Hot",
        "x-ms-access-tier-inferred": "true",
        "x-ms-blob-type": "BlockBlob",
        "x-ms-client-request-id": "e4660f77-8a0d-4549-a7c6-3f4a8e8da215",
        "x-ms-creation-time": "Thu, 12 Oct 2023 16:47:53 GMT",
        "x-ms-lease-state": "available",
        "x-ms-lease-status": "unlocked",
        "x-ms-request-id": "f615b3a5-d01e-0028-5f2b-fdab19000000",
        "x-ms-server-encrypted": "true",
        "x-ms-tag-count": "1",
        "x-ms-version": "2023-08-03"
      },
      "ResponseBody": null
    },
    {
      "RequestUri": "https://REDACTED/2c6a762a0copysourceac3f9866688e61c54c28a041608/2c6a762a2copysourceac3f970917ac29f11bba734eb89",
      "RequestMethod": "PUT",
      "RequestHeaders": {
        "Accept": "application/xml",
        "Authorization": "Sanitized",
        "Content-Length": "0",
        "Date": "Thu, 12 Oct 2023 16:47:53 GMT",
        "User-Agent": "azsdk-java-azure-storage-blob/12.25.0-beta.1 (17.0.8.1; Windows 11; 10.0)",
        "x-ms-client-request-id": "56ca1361-1a1e-4530-8dde-eb86adc27b8e",
        "x-ms-copy-source": "https://REDACTED/2c6a762a0copysourceac3f9866688e61c54c28a041608/2c6a762a1copysourceac3f9281772ace2cb386a54929b",
        "x-ms-source-if-match": "0x8DBCB42FAB4D349",
        "x-ms-version": "2023-08-03"
      },
      "RequestBody": null,
      "StatusCode": 202,
      "ResponseHeaders": {
        "Content-Length": "0",
        "Date": "Thu, 12 Oct 2023 16:47:53 GMT",
        "ETag": "\u00220x8DBCB42FAC1F0BE\u0022",
        "Last-Modified": "Thu, 12 Oct 2023 16:47:53 GMT",
        "Server": [
          "Windows-Azure-Blob/1.0",
          "Microsoft-HTTPAPI/2.0"
        ],
        "x-ms-client-request-id": "56ca1361-1a1e-4530-8dde-eb86adc27b8e",
        "x-ms-copy-id": "d07b90b0-1162-4e4a-accf-c7e3bc995ca6",
        "x-ms-copy-status": "success",
        "x-ms-request-id": "f615b3e2-d01e-0028-182b-fdab19000000",
        "x-ms-version": "2023-08-03"
      },
      "ResponseBody": null
    },
    {
      "RequestUri": "https://REDACTED/2c6a762a0copysourceac3f9866688e61c54c28a041608/2c6a762a2copysourceac3f970917ac29f11bba734eb89",
      "RequestMethod": "HEAD",
      "RequestHeaders": {
        "Accept": "application/xml",
        "Authorization": "Sanitized",
        "Content-Length": "0",
        "Date": "Thu, 12 Oct 2023 16:47:54 GMT",
        "User-Agent": "azsdk-java-azure-storage-blob/12.25.0-beta.1 (17.0.8.1; Windows 11; 10.0)",
        "x-ms-client-request-id": "4b882f83-c240-49e0-9f18-f63dae50da9e",
        "x-ms-version": "2023-08-03"
      },
      "RequestBody": null,
      "StatusCode": 200,
      "ResponseHeaders": {
        "Accept-Ranges": "bytes",
        "Access-Control-Allow-Origin": "*",
        "Access-Control-Expose-Headers": "x-ms-client-request-id",
        "Content-Length": "7",
        "Content-MD5": "wh\u002BWm18D0z1D4E\u002BPE252gg==",
        "Content-Type": "application/octet-stream",
        "Date": "Thu, 12 Oct 2023 16:47:54 GMT",
        "ETag": "\u00220x8DBCB42FAC1F0BE\u0022",
        "Last-Modified": "Thu, 12 Oct 2023 16:47:53 GMT",
        "Server": [
          "Windows-Azure-Blob/1.0",
          "Microsoft-HTTPAPI/2.0"
        ],
        "x-ms-access-tier": "Hot",
        "x-ms-access-tier-inferred": "true",
        "x-ms-blob-type": "BlockBlob",
        "x-ms-client-request-id": "4b882f83-c240-49e0-9f18-f63dae50da9e",
        "x-ms-copy-completion-time": "Thu, 12 Oct 2023 16:47:53 GMT",
        "x-ms-copy-id": "d07b90b0-1162-4e4a-accf-c7e3bc995ca6",
        "x-ms-copy-progress": "7/7",
        "x-ms-copy-source": "https://REDACTED/2c6a762a0copysourceac3f9866688e61c54c28a041608/2c6a762a1copysourceac3f9281772ace2cb386a54929b",
        "x-ms-copy-status": "success",
        "x-ms-creation-time": "Thu, 12 Oct 2023 16:47:53 GMT",
        "x-ms-lease-state": "available",
        "x-ms-lease-status": "unlocked",
        "x-ms-request-id": "f615baba-d01e-0028-772b-fdab19000000",
        "x-ms-server-encrypted": "true",
        "x-ms-version": "2023-08-03"
      },
      "ResponseBody": null
    }
  ],
  "Variables": {
    "0": "2c6a762a0copysourceac3f9866688e61c54c28a041608",
    "1": "2c6a762a1copysourceac3f9281772ace2cb386a54929b",
    "2": "2c6a762a2copysourceac3f970917ac29f11bba734eb89"
  }
}
