{
  "Entries": [
    {
      "RequestUri": "https://REDACTED/25d9f1db0setmetadataac0fd98049c6645dc490de4645?restype=container",
      "RequestMethod": "PUT",
      "RequestHeaders": {
        "Accept": "application/xml",
        "Authorization": "Sanitized",
        "Content-Length": "0",
        "Date": "Wed, 13 Dec 2023 21:45:51 GMT",
        "User-Agent": "azsdk-java-azure-storage-blob/12.26.0-beta.1 (17.0.8; Windows 11; 10.0)",
        "x-ms-client-request-id": "5e329e89-b961-48d3-8b4c-c4ffea57fab8",
        "x-ms-version": "2024-02-04"
      },
      "RequestBody": null,
      "StatusCode": 201,
      "ResponseHeaders": {
        "Content-Length": "0",
        "Date": "Wed, 13 Dec 2023 21:45:51 GMT",
        "ETag": "\u00220x8DBFC24E076C83C\u0022",
        "Last-Modified": "Wed, 13 Dec 2023 21:45:51 GMT",
        "Server": [
          "Windows-Azure-Blob/1.0",
          "Microsoft-HTTPAPI/2.0"
        ],
        "x-ms-client-request-id": "5e329e89-b961-48d3-8b4c-c4ffea57fab8",
        "x-ms-request-id": "95c27c9c-601e-0015-140d-2e80d5000000",
        "x-ms-version": "2024-02-04"
      },
      "ResponseBody": null
    },
    {
      "RequestUri": "https://REDACTED/25d9f1db0setmetadataac0fd98049c6645dc490de4645?restype=container",
      "RequestMethod": "PUT",
      "RequestHeaders": {
        "Accept": "application/xml",
        "Authorization": "Sanitized",
        "Content-Length": "0",
        "Date": "Wed, 13 Dec 2023 21:45:51 GMT",
        "User-Agent": "azsdk-java-azure-storage-blob/12.26.0-beta.1 (17.0.8; Windows 11; 10.0)",
        "x-ms-client-request-id": "cf4b3028-1b17-415b-b74d-42b8dde02fd4",
        "x-ms-version": "2024-02-04"
      },
      "RequestBody": null,
      "StatusCode": 409,
      "ResponseHeaders": {
        "Content-Length": "230",
        "Content-Type": "application/xml",
        "Date": "Wed, 13 Dec 2023 21:45:51 GMT",
        "Server": [
          "Windows-Azure-Blob/1.0",
          "Microsoft-HTTPAPI/2.0"
        ],
        "x-ms-client-request-id": "cf4b3028-1b17-415b-b74d-42b8dde02fd4",
        "x-ms-error-code": "ContainerAlreadyExists",
        "x-ms-request-id": "95c27d22-601e-0015-130d-2e80d5000000",
        "x-ms-version": "2024-02-04"
      },
      "ResponseBody": [
        "\uFEFF\u003C?xml version=\u00221.0\u0022 encoding=\u0022utf-8\u0022?\u003E\u003CError\u003E\u003CCode\u003EContainerAlreadyExists\u003C/Code\u003E\u003CMessage\u003EThe specified container already exists.\n",
        "RequestId:95c27d22-601e-0015-130d-2e80d5000000\n",
        "Time:2023-12-13T21:45:51.8889729Z\u003C/Message\u003E\u003C/Error\u003E"
      ]
    },
    {
      "RequestUri": "https://REDACTED/25d9f1db0setmetadataac0fd98049c6645dc490de4645/25d9f1db1setmetadataac0fd32222d67428b9eccf47a8",
      "RequestMethod": "PUT",
      "RequestHeaders": {
        "Accept": "application/xml",
        "Authorization": "Sanitized",
        "Content-Length": "7",
        "Content-Type": "application/octet-stream",
        "Date": "Wed, 13 Dec 2023 21:45:51 GMT",
        "If-None-Match": "*",
        "User-Agent": "azsdk-java-azure-storage-blob/12.26.0-beta.1 (17.0.8; Windows 11; 10.0)",
        "x-ms-blob-type": "BlockBlob",
        "x-ms-client-request-id": "7e8fcd69-01a1-4d50-89e2-637f1fc64bbc",
        "x-ms-version": "2024-02-04"
      },
      "RequestBody": "ZGVmYXVsdA==",
      "StatusCode": 201,
      "ResponseHeaders": {
        "Content-Length": "0",
        "Content-MD5": "wh\u002BWm18D0z1D4E\u002BPE252gg==",
        "Date": "Wed, 13 Dec 2023 21:45:51 GMT",
        "ETag": "\u00220x8DBFC24E092F4ED\u0022",
        "Last-Modified": "Wed, 13 Dec 2023 21:45:51 GMT",
        "Server": [
          "Windows-Azure-Blob/1.0",
          "Microsoft-HTTPAPI/2.0"
        ],
        "x-ms-client-request-id": "7e8fcd69-01a1-4d50-89e2-637f1fc64bbc",
        "x-ms-content-crc64": "6RYQPwaVsyQ=",
        "x-ms-request-id": "95c27d8d-601e-0015-770d-2e80d5000000",
        "x-ms-request-server-encrypted": "true",
        "x-ms-version": "2024-02-04"
      },
      "ResponseBody": null
    },
    {
      "RequestUri": "https://REDACTED/25d9f1db0setmetadataac0fd98049c6645dc490de4645/25d9f1db1setmetadataac0fd32222d67428b9eccf47a8?comp=tags",
      "RequestMethod": "PUT",
      "RequestHeaders": {
        "Accept": "application/xml",
        "Authorization": "Sanitized",
        "Content-Length": "111",
        "Content-Type": "application/xml",
        "Date": "Wed, 13 Dec 2023 21:45:51 GMT",
        "User-Agent": "azsdk-java-azure-storage-blob/12.26.0-beta.1 (17.0.8; Windows 11; 10.0)",
        "x-ms-client-request-id": "3ac6a5c8-82df-4d32-b403-87eb24c5d948",
        "x-ms-version": "2024-02-04"
      },
      "RequestBody": "\u003C?xml version=\u00271.0\u0027 encoding=\u0027UTF-8\u0027?\u003E\u003CTags\u003E\u003CTagSet\u003E\u003CTag\u003E\u003CKey\u003Efoo\u003C/Key\u003E\u003CValue\u003Ebar\u003C/Value\u003E\u003C/Tag\u003E\u003C/TagSet\u003E\u003C/Tags\u003E",
      "StatusCode": 204,
      "ResponseHeaders": {
        "Date": "Wed, 13 Dec 2023 21:45:51 GMT",
        "Server": [
          "Windows-Azure-Blob/1.0",
          "Microsoft-HTTPAPI/2.0"
        ],
        "x-ms-client-request-id": "3ac6a5c8-82df-4d32-b403-87eb24c5d948",
        "x-ms-request-id": "95c27e16-601e-0015-780d-2e80d5000000",
        "x-ms-version": "2024-02-04"
      },
      "ResponseBody": null
    },
    {
      "RequestUri": "https://REDACTED/25d9f1db0setmetadataac0fd98049c6645dc490de4645/25d9f1db1setmetadataac0fd32222d67428b9eccf47a8?comp=metadata",
      "RequestMethod": "PUT",
      "RequestHeaders": {
        "Accept": "application/xml",
        "Authorization": "Sanitized",
        "Content-Length": "0",
        "Date": "Wed, 13 Dec 2023 21:45:52 GMT",
        "User-Agent": "azsdk-java-azure-storage-blob/12.26.0-beta.1 (17.0.8; Windows 11; 10.0)",
        "x-ms-client-request-id": "aab486f3-701b-4820-95b0-1a7ee15e974a",
        "x-ms-version": "2024-02-04"
      },
      "RequestBody": null,
      "StatusCode": 200,
      "ResponseHeaders": {
        "Content-Length": "0",
        "Date": "Wed, 13 Dec 2023 21:45:51 GMT",
        "ETag": "\u00220x8DBFC24E0B2111B\u0022",
        "Last-Modified": "Wed, 13 Dec 2023 21:45:52 GMT",
        "Server": [
          "Windows-Azure-Blob/1.0",
          "Microsoft-HTTPAPI/2.0"
        ],
        "x-ms-client-request-id": "aab486f3-701b-4820-95b0-1a7ee15e974a",
        "x-ms-request-id": "95c27e9a-601e-0015-750d-2e80d5000000",
        "x-ms-request-server-encrypted": "true",
        "x-ms-version": "2024-02-04"
      },
      "ResponseBody": null
    }
  ],
  "Variables": {
    "0": "25d9f1db0setmetadataac0fd98049c6645dc490de4645",
    "1": "25d9f1db1setmetadataac0fd32222d67428b9eccf47a8"
  }
}
