{
  "Entries": [
    {
      "RequestUri": "https://REDACTED/8a09f9130copydestacaae7315978528754029046619e?restype=container",
      "RequestMethod": "PUT",
      "RequestHeaders": {
        "Accept": "application/xml",
        "Authorization": "Sanitized",
        "Content-Length": "0",
        "Date": "Thu, 05 Oct 2023 19:43:58 GMT",
        "User-Agent": "azsdk-java-azure-storage-blob/12.25.0-beta.1 (11.0.16.1; Windows 11; 10.0)",
        "x-ms-client-request-id": "c0071f4a-7de6-452e-9a94-8172000c219e",
        "x-ms-version": "2023-08-03"
      },
      "RequestBody": null,
      "StatusCode": 201,
      "ResponseHeaders": {
        "Content-Length": "0",
        "Date": "Thu, 05 Oct 2023 19:43:58 GMT",
        "ETag": "\u00220x8DBC5DB6B00F431\u0022",
        "Last-Modified": "Thu, 05 Oct 2023 19:43:58 GMT",
        "Server": [
          "Windows-Azure-Blob/1.0",
          "Microsoft-HTTPAPI/2.0"
        ],
        "x-ms-client-request-id": "c0071f4a-7de6-452e-9a94-8172000c219e",
        "x-ms-request-id": "7e31a500-b01e-002b-01c4-f7114e000000",
        "x-ms-version": "2023-08-03"
      },
      "ResponseBody": null
    },
    {
      "RequestUri": "https://REDACTED/8a09f9130copydestacaae7315978528754029046619e/8a09f9131copydestacaae617138210a5a03d8f44ea8a",
      "RequestMethod": "PUT",
      "RequestHeaders": {
        "Accept": "application/xml",
        "Authorization": "Sanitized",
        "Content-Length": "7",
        "Content-Type": "application/octet-stream",
        "Date": "Thu, 05 Oct 2023 19:43:58 GMT",
        "If-None-Match": "*",
        "User-Agent": "azsdk-java-azure-storage-blob/12.25.0-beta.1 (11.0.16.1; Windows 11; 10.0)",
        "x-ms-blob-type": "BlockBlob",
        "x-ms-client-request-id": "ee427b6a-b6b8-49b8-8166-97921f15179f",
        "x-ms-version": "2023-08-03"
      },
      "RequestBody": "ZGVmYXVsdA==",
      "StatusCode": 201,
      "ResponseHeaders": {
        "Content-Length": "0",
        "Content-MD5": "wh\u002BWm18D0z1D4E\u002BPE252gg==",
        "Date": "Thu, 05 Oct 2023 19:43:58 GMT",
        "ETag": "\u00220x8DBC5DB6B100997\u0022",
        "Last-Modified": "Thu, 05 Oct 2023 19:43:58 GMT",
        "Server": [
          "Windows-Azure-Blob/1.0",
          "Microsoft-HTTPAPI/2.0"
        ],
        "x-ms-client-request-id": "ee427b6a-b6b8-49b8-8166-97921f15179f",
        "x-ms-content-crc64": "6RYQPwaVsyQ=",
        "x-ms-request-id": "7e31a55d-b01e-002b-57c4-f7114e000000",
        "x-ms-request-server-encrypted": "true",
        "x-ms-version": "2023-08-03",
        "x-ms-version-id": "2023-10-05T19:43:58.7779991Z"
      },
      "ResponseBody": null
    },
    {
      "RequestUri": "https://REDACTED/8a09f9130copydestacaae7315978528754029046619e/8a09f9132copydestacaae117134ac673fa96cc49d0b2",
      "RequestMethod": "PUT",
      "RequestHeaders": {
        "Accept": "application/xml",
        "Authorization": "Sanitized",
        "Content-Length": "7",
        "Content-Type": "application/octet-stream",
        "Date": "Thu, 05 Oct 2023 19:43:58 GMT",
        "If-None-Match": "*",
        "User-Agent": "azsdk-java-azure-storage-blob/12.25.0-beta.1 (11.0.16.1; Windows 11; 10.0)",
        "x-ms-blob-type": "BlockBlob",
        "x-ms-client-request-id": "2b16891c-aba2-4f25-8a40-b5160c70cc92",
        "x-ms-version": "2023-08-03"
      },
      "RequestBody": "ZGVmYXVsdA==",
      "StatusCode": 201,
      "ResponseHeaders": {
        "Content-Length": "0",
        "Content-MD5": "wh\u002BWm18D0z1D4E\u002BPE252gg==",
        "Date": "Thu, 05 Oct 2023 19:43:58 GMT",
        "ETag": "\u00220x8DBC5DB6B1F97A3\u0022",
        "Last-Modified": "Thu, 05 Oct 2023 19:43:58 GMT",
        "Server": [
          "Windows-Azure-Blob/1.0",
          "Microsoft-HTTPAPI/2.0"
        ],
        "x-ms-client-request-id": "2b16891c-aba2-4f25-8a40-b5160c70cc92",
        "x-ms-content-crc64": "6RYQPwaVsyQ=",
        "x-ms-request-id": "7e31a5e7-b01e-002b-5ac4-f7114e000000",
        "x-ms-request-server-encrypted": "true",
        "x-ms-version": "2023-08-03",
        "x-ms-version-id": "2023-10-05T19:43:58.8799395Z"
      },
      "ResponseBody": null
    },
    {
      "RequestUri": "https://REDACTED/8a09f9130copydestacaae7315978528754029046619e/8a09f9132copydestacaae117134ac673fa96cc49d0b2?comp=tags",
      "RequestMethod": "PUT",
      "RequestHeaders": {
        "Accept": "application/xml",
        "Authorization": "Sanitized",
        "Content-Length": "116",
        "Content-Type": "application/xml",
        "Date": "Thu, 05 Oct 2023 19:43:58 GMT",
        "User-Agent": "azsdk-java-azure-storage-blob/12.25.0-beta.1 (11.0.16.1; Windows 11; 10.0)",
        "x-ms-client-request-id": "7902917d-3925-4694-aeb7-9f33c174dd3e",
        "x-ms-version": "2023-08-03"
      },
      "RequestBody": "\u003C?xml version=\u00271.0\u0027 encoding=\u0027UTF-8\u0027?\u003E\u003CTags\u003E\u003CTagSet\u003E\u003CTag\u003E\u003CKey\u003Efoo\u003C/Key\u003E\u003CValue\u003EREDACTED\u003C/Value\u003E\u003C/Tag\u003E\u003C/TagSet\u003E\u003C/Tags\u003E",
      "StatusCode": 204,
      "ResponseHeaders": {
        "Date": "Thu, 05 Oct 2023 19:43:58 GMT",
        "Server": [
          "Windows-Azure-Blob/1.0",
          "Microsoft-HTTPAPI/2.0"
        ],
        "x-ms-client-request-id": "7902917d-3925-4694-aeb7-9f33c174dd3e",
        "x-ms-request-id": "7e31a675-b01e-002b-5fc4-f7114e000000",
        "x-ms-version": "2023-08-03"
      },
      "ResponseBody": null
    },
    {
      "RequestUri": "https://REDACTED/8a09f9130copydestacaae7315978528754029046619e/8a09f9132copydestacaae117134ac673fa96cc49d0b2",
      "RequestMethod": "PUT",
      "RequestHeaders": {
        "Accept": "application/xml",
        "Authorization": "Sanitized",
        "Content-Length": "0",
        "Date": "Thu, 05 Oct 2023 19:43:58 GMT",
        "User-Agent": "azsdk-java-azure-storage-blob/12.25.0-beta.1 (11.0.16.1; Windows 11; 10.0)",
        "x-ms-client-request-id": "c00a296b-3b49-4382-b0f9-2b63af9d4082",
        "x-ms-copy-source": "REDACTED",
        "x-ms-if-tags": "\u0022foo\u0022 = \u0027bar\u0027",
        "x-ms-version": "2023-08-03"
      },
      "RequestBody": null,
      "StatusCode": 202,
      "ResponseHeaders": {
        "Content-Length": "0",
        "Date": "Thu, 05 Oct 2023 19:43:58 GMT",
        "ETag": "\u00220x8DBC5DB6B3FC51C\u0022",
        "Last-Modified": "Thu, 05 Oct 2023 19:43:59 GMT",
        "Server": [
          "Windows-Azure-Blob/1.0",
          "Microsoft-HTTPAPI/2.0"
        ],
        "x-ms-client-request-id": "c00a296b-3b49-4382-b0f9-2b63af9d4082",
        "x-ms-copy-id": "d4d7d63a-fb3b-4598-bb05-55a480d20c50",
        "x-ms-copy-status": "success",
        "x-ms-request-id": "7e31a716-b01e-002b-75c4-f7114e000000",
        "x-ms-version": "2023-08-03",
        "x-ms-version-id": "2023-10-05T19:43:59.0918176Z"
      },
      "ResponseBody": null
    },
    {
      "RequestUri": "https://REDACTED/8a09f9130copydestacaae7315978528754029046619e/8a09f9132copydestacaae117134ac673fa96cc49d0b2",
      "RequestMethod": "HEAD",
      "RequestHeaders": {
        "Accept": "application/xml",
        "Authorization": "Sanitized",
        "Content-Length": "0",
        "Date": "Thu, 05 Oct 2023 19:43:59 GMT",
        "User-Agent": "azsdk-java-azure-storage-blob/12.25.0-beta.1 (11.0.16.1; Windows 11; 10.0)",
        "x-ms-client-request-id": "9bfa59df-4d9e-44e6-b928-9a9369b99e66",
        "x-ms-version": "2023-08-03"
      },
      "RequestBody": null,
      "StatusCode": 200,
      "ResponseHeaders": {
        "Accept-Ranges": "bytes",
        "Access-Control-Allow-Origin": "*",
        "Access-Control-Expose-Headers": "x-ms-client-request-id",
        "Content-Length": "7",
        "Content-MD5": "wh\u002BWm18D0z1D4E\u002BPE252gg==",
        "Content-Type": "application/octet-stream",
        "Date": "Thu, 05 Oct 2023 19:43:59 GMT",
        "ETag": "\u00220x8DBC5DB6B3FC51C\u0022",
        "Last-Modified": "Thu, 05 Oct 2023 19:43:59 GMT",
        "Server": [
          "Windows-Azure-Blob/1.0",
          "Microsoft-HTTPAPI/2.0"
        ],
        "x-ms-access-tier": "Hot",
        "x-ms-access-tier-inferred": "true",
        "x-ms-blob-type": "BlockBlob",
        "x-ms-client-request-id": "9bfa59df-4d9e-44e6-b928-9a9369b99e66",
        "x-ms-copy-completion-time": "Thu, 05 Oct 2023 19:43:59 GMT",
        "x-ms-copy-id": "d4d7d63a-fb3b-4598-bb05-55a480d20c50",
        "x-ms-copy-progress": "7/7",
        "x-ms-copy-source": "REDACTED",
        "x-ms-copy-status": "success",
        "x-ms-creation-time": "Thu, 05 Oct 2023 19:43:58 GMT",
        "x-ms-is-current-version": "true",
        "x-ms-last-access-time": "Thu, 05 Oct 2023 19:43:59 GMT",
        "x-ms-lease-state": "available",
        "x-ms-lease-status": "unlocked",
        "x-ms-request-id": "7b463a18-501e-0033-7bc4-f7ce29000000",
        "x-ms-server-encrypted": "true",
        "x-ms-version": "2023-08-03",
        "x-ms-version-id": "2023-10-05T19:43:59.0918176Z"
      },
      "ResponseBody": null
    }
  ],
  "Variables": {
    "0": "8a09f9130copydestacaae7315978528754029046619e",
    "1": "8a09f9131copydestacaae617138210a5a03d8f44ea8a",
    "2": "8a09f9132copydestacaae117134ac673fa96cc49d0b2"
  }
}
