{
  "Entries": [
    {
      "RequestUri": "https://REDACTED/91f7c39d0synccopydestacd596554507a35aa6f13c4229?restype=container",
      "RequestMethod": "PUT",
      "RequestHeaders": {
        "Accept": "application/xml",
        "Authorization": "Sanitized",
        "Content-Length": "0",
        "Date": "Mon, 08 Jan 2024 19:43:43 GMT",
        "User-Agent": "azsdk-java-azure-storage-blob/12.26.0-beta.1 (17.0.8; Windows 11; 10.0)",
        "x-ms-client-request-id": "ee37ef96-cf4c-4844-bb80-a37f2a827aad",
        "x-ms-version": "2024-02-04"
      },
      "RequestBody": null,
      "StatusCode": 201,
      "ResponseHeaders": {
        "Content-Length": "0",
        "Date": "Mon, 08 Jan 2024 19:43:53 GMT",
        "ETag": "\u00220x8DC108225785776\u0022",
        "Last-Modified": "Mon, 08 Jan 2024 19:43:54 GMT",
        "Server": [
          "Windows-Azure-Blob/1.0",
          "Microsoft-HTTPAPI/2.0"
        ],
        "x-ms-client-request-id": "ee37ef96-cf4c-4844-bb80-a37f2a827aad",
        "x-ms-request-id": "f4a3f483-b01e-0006-0b6b-42a4d9000000",
        "x-ms-version": "2024-02-04"
      },
      "ResponseBody": null
    },
    {
      "RequestUri": "https://REDACTED/91f7c39d0synccopydestacd596554507a35aa6f13c4229?restype=container",
      "RequestMethod": "PUT",
      "RequestHeaders": {
        "Accept": "application/xml",
        "Authorization": "Sanitized",
        "Content-Length": "0",
        "Date": "Mon, 08 Jan 2024 19:43:43 GMT",
        "User-Agent": "azsdk-java-azure-storage-blob/12.26.0-beta.1 (17.0.8; Windows 11; 10.0)",
        "x-ms-client-request-id": "57a9dea3-0851-4afb-b547-de53d8942478",
        "x-ms-version": "2024-02-04"
      },
      "RequestBody": null,
      "StatusCode": 409,
      "ResponseHeaders": {
        "Content-Length": "230",
        "Content-Type": "application/xml",
        "Date": "Mon, 08 Jan 2024 19:43:53 GMT",
        "Server": [
          "Windows-Azure-Blob/1.0",
          "Microsoft-HTTPAPI/2.0"
        ],
        "x-ms-client-request-id": "57a9dea3-0851-4afb-b547-de53d8942478",
        "x-ms-error-code": "ContainerAlreadyExists",
        "x-ms-request-id": "f4a3f4e5-b01e-0006-666b-42a4d9000000",
        "x-ms-version": "2024-02-04"
      },
      "ResponseBody": [
        "\uFEFF\u003C?xml version=\u00221.0\u0022 encoding=\u0022utf-8\u0022?\u003E\u003CError\u003E\u003CCode\u003EContainerAlreadyExists\u003C/Code\u003E\u003CMessage\u003EThe specified container already exists.\n",
        "RequestId:f4a3f4e5-b01e-0006-666b-42a4d9000000\n",
        "Time:2024-01-08T19:43:54.1263794Z\u003C/Message\u003E\u003C/Error\u003E"
      ]
    },
    {
      "RequestUri": "https://REDACTED/91f7c39d0synccopydestacd596554507a35aa6f13c4229/91f7c39d1synccopydestacd59160296849c77a6e954972",
      "RequestMethod": "PUT",
      "RequestHeaders": {
        "Accept": "application/xml",
        "Authorization": "Sanitized",
        "Content-Length": "7",
        "Content-Type": "application/octet-stream",
        "Date": "Mon, 08 Jan 2024 19:43:43 GMT",
        "If-None-Match": "*",
        "User-Agent": "azsdk-java-azure-storage-blob/12.26.0-beta.1 (17.0.8; Windows 11; 10.0)",
        "x-ms-blob-type": "BlockBlob",
        "x-ms-client-request-id": "0b6b9202-5852-46cf-a76d-c4c3e85c46ff",
        "x-ms-version": "2024-02-04"
      },
      "RequestBody": "ZGVmYXVsdA==",
      "StatusCode": 201,
      "ResponseHeaders": {
        "Content-Length": "0",
        "Content-MD5": "wh\u002BWm18D0z1D4E\u002BPE252gg==",
        "Date": "Mon, 08 Jan 2024 19:43:53 GMT",
        "ETag": "\u00220x8DC10822597D642\u0022",
        "Last-Modified": "Mon, 08 Jan 2024 19:43:54 GMT",
        "Server": [
          "Windows-Azure-Blob/1.0",
          "Microsoft-HTTPAPI/2.0"
        ],
        "x-ms-client-request-id": "0b6b9202-5852-46cf-a76d-c4c3e85c46ff",
        "x-ms-content-crc64": "6RYQPwaVsyQ=",
        "x-ms-request-id": "4ca9ec91-501e-000e-5c6b-42bed6000000",
        "x-ms-request-server-encrypted": "true",
        "x-ms-version": "2024-02-04"
      },
      "ResponseBody": null
    },
    {
      "RequestUri": "https://REDACTED/91f7c39d0synccopydestacd596554507a35aa6f13c4229/91f7c39d2synccopydestacd5956493e259b64ba7324933",
      "RequestMethod": "PUT",
      "RequestHeaders": {
        "Accept": "application/xml",
        "Authorization": "Sanitized",
        "Content-Length": "7",
        "Content-Type": "application/octet-stream",
        "Date": "Mon, 08 Jan 2024 19:43:43 GMT",
        "If-None-Match": "*",
        "User-Agent": "azsdk-java-azure-storage-blob/12.26.0-beta.1 (17.0.8; Windows 11; 10.0)",
        "x-ms-blob-type": "BlockBlob",
        "x-ms-client-request-id": "e5b9994d-ae05-42a0-a0b0-049f2080d123",
        "x-ms-version": "2024-02-04"
      },
      "RequestBody": "ZGVmYXVsdA==",
      "StatusCode": 201,
      "ResponseHeaders": {
        "Content-Length": "0",
        "Content-MD5": "wh\u002BWm18D0z1D4E\u002BPE252gg==",
        "Date": "Mon, 08 Jan 2024 19:43:53 GMT",
        "ETag": "\u00220x8DC108225A7B263\u0022",
        "Last-Modified": "Mon, 08 Jan 2024 19:43:54 GMT",
        "Server": [
          "Windows-Azure-Blob/1.0",
          "Microsoft-HTTPAPI/2.0"
        ],
        "x-ms-client-request-id": "e5b9994d-ae05-42a0-a0b0-049f2080d123",
        "x-ms-content-crc64": "6RYQPwaVsyQ=",
        "x-ms-request-id": "c642939b-401e-0012-326b-42ecb6000000",
        "x-ms-request-server-encrypted": "true",
        "x-ms-version": "2024-02-04"
      },
      "ResponseBody": null
    },
    {
      "RequestUri": "https://REDACTED/91f7c39d0synccopydestacd596554507a35aa6f13c4229/91f7c39d2synccopydestacd5956493e259b64ba7324933?comp=tags",
      "RequestMethod": "PUT",
      "RequestHeaders": {
        "Accept": "application/xml",
        "Authorization": "Sanitized",
        "Content-Length": "111",
        "Content-Type": "application/xml",
        "Date": "Mon, 08 Jan 2024 19:43:43 GMT",
        "User-Agent": "azsdk-java-azure-storage-blob/12.26.0-beta.1 (17.0.8; Windows 11; 10.0)",
        "x-ms-client-request-id": "c597fc65-fdef-469d-b74b-8d0232c20c26",
        "x-ms-version": "2024-02-04"
      },
      "RequestBody": "\u003C?xml version=\u00271.0\u0027 encoding=\u0027UTF-8\u0027?\u003E\u003CTags\u003E\u003CTagSet\u003E\u003CTag\u003E\u003CKey\u003Efoo\u003C/Key\u003E\u003CValue\u003Ebar\u003C/Value\u003E\u003C/Tag\u003E\u003C/TagSet\u003E\u003C/Tags\u003E",
      "StatusCode": 204,
      "ResponseHeaders": {
        "Date": "Mon, 08 Jan 2024 19:43:53 GMT",
        "Server": [
          "Windows-Azure-Blob/1.0",
          "Microsoft-HTTPAPI/2.0"
        ],
        "x-ms-client-request-id": "c597fc65-fdef-469d-b74b-8d0232c20c26",
        "x-ms-request-id": "c642944e-401e-0012-5d6b-42ecb6000000",
        "x-ms-version": "2024-02-04"
      },
      "ResponseBody": null
    },
    {
      "RequestUri": "https://REDACTED/91f7c39d0synccopydestacd596554507a35aa6f13c4229/91f7c39d2synccopydestacd5956493e259b64ba7324933?comp=lease",
      "RequestMethod": "PUT",
      "RequestHeaders": {
        "Accept": "application/xml",
        "Authorization": "Sanitized",
        "Content-Length": "0",
        "Date": "Mon, 08 Jan 2024 19:43:43 GMT",
        "User-Agent": "azsdk-java-azure-storage-blob/12.26.0-beta.1 (17.0.8; Windows 11; 10.0)",
        "x-ms-client-request-id": "7f1d9aa3-cb13-4e3a-ba9f-4c243def0ea4",
        "x-ms-lease-action": "acquire",
        "x-ms-lease-duration": "-1",
        "x-ms-proposed-lease-id": "73520c6d-2a0d-431c-aac6-210cbab00afd",
        "x-ms-version": "2024-02-04"
      },
      "RequestBody": null,
      "StatusCode": 201,
      "ResponseHeaders": {
        "Content-Length": "0",
        "Date": "Mon, 08 Jan 2024 19:43:53 GMT",
        "ETag": "\u00220x8DC108225A7B263\u0022",
        "Last-Modified": "Mon, 08 Jan 2024 19:43:54 GMT",
        "Server": [
          "Windows-Azure-Blob/1.0",
          "Microsoft-HTTPAPI/2.0"
        ],
        "x-ms-client-request-id": "7f1d9aa3-cb13-4e3a-ba9f-4c243def0ea4",
        "x-ms-lease-id": "73520c6d-2a0d-431c-aac6-210cbab00afd",
        "x-ms-request-id": "c64294f9-401e-0012-7f6b-42ecb6000000",
        "x-ms-version": "2024-02-04"
      },
      "ResponseBody": null
    },
    {
      "RequestUri": "https://REDACTED/91f7c39d0synccopydestacd596554507a35aa6f13c4229/91f7c39d2synccopydestacd5956493e259b64ba7324933",
      "RequestMethod": "PUT",
      "RequestHeaders": {
        "Accept": "application/xml",
        "Authorization": "Sanitized",
        "Content-Length": "0",
        "Date": "Mon, 08 Jan 2024 19:43:43 GMT",
        "User-Agent": "azsdk-java-azure-storage-blob/12.26.0-beta.1 (17.0.8; Windows 11; 10.0)",
        "x-ms-client-request-id": "cff0ef5f-da31-46e0-9210-718e9f5e86e6",
        "x-ms-copy-source": "https://REDACTED/91f7c39d0synccopydestacd596554507a35aa6f13c4229/91f7c39d1synccopydestacd59160296849c77a6e954972?sv=2024-02-04\u0026se=2024-01-09T19%3A43%3A43Z\u0026sr=b\u0026sp=r\u0026REDACTED",
        "x-ms-lease-id": "73520c6d-2a0d-431c-aac6-210cbab00afd",
        "x-ms-requires-sync": "true",
        "x-ms-version": "2024-02-04"
      },
      "RequestBody": null,
      "StatusCode": 202,
      "ResponseHeaders": {
        "Content-Length": "0",
        "Date": "Mon, 08 Jan 2024 19:43:54 GMT",
        "ETag": "\u00220x8DC108225D37EE5\u0022",
        "Last-Modified": "Mon, 08 Jan 2024 19:43:54 GMT",
        "Server": [
          "Windows-Azure-Blob/1.0",
          "Microsoft-HTTPAPI/2.0"
        ],
        "x-ms-client-request-id": "cff0ef5f-da31-46e0-9210-718e9f5e86e6",
        "x-ms-content-crc64": "6RYQPwaVsyQ=",
        "x-ms-copy-id": "7bd12b57-1165-428a-83a7-878f2d490984",
        "x-ms-copy-status": "success",
        "x-ms-request-id": "c64295c4-401e-0012-386b-42ecb6000000",
        "x-ms-request-server-encrypted": "true",
        "x-ms-version": "2024-02-04"
      },
      "ResponseBody": null
    }
  ],
  "Variables": {
    "0": "91f7c39d0synccopydestacd596554507a35aa6f13c4229",
    "1": "91f7c39d1synccopydestacd59160296849c77a6e954972",
    "2": "91f7c39d2synccopydestacd5956493e259b64ba7324933",
    "3": "2024-01-08T19:43:43.778272Z"
  }
}
