{
  "Entries": [
    {
      "RequestUri": "https://REDACTED/e3511adc0setmetadataacfailc16985070de29d210dc242?restype=container",
      "RequestMethod": "PUT",
      "RequestHeaders": {
        "Accept": "application/xml",
        "Authorization": "Sanitized",
        "Content-Length": "0",
        "Date": "Mon, 04 Dec 2023 20:53:19 GMT",
        "User-Agent": "azsdk-java-azure-storage-blob/12.26.0-beta.1 (17.0.8; Windows 11; 10.0)",
        "x-ms-client-request-id": "0ce55195-2698-4497-b333-0ca708dd7f8c",
        "x-ms-version": "2024-02-04"
      },
      "RequestBody": null,
      "StatusCode": 201,
      "ResponseHeaders": {
        "Content-Length": "0",
        "Date": "Mon, 04 Dec 2023 20:53:19 GMT",
        "ETag": "\u00220x8DBF50B0C3B6B4E\u0022",
        "Last-Modified": "Mon, 04 Dec 2023 20:53:20 GMT",
        "Server": [
          "Windows-Azure-Blob/1.0",
          "Microsoft-HTTPAPI/2.0"
        ],
        "x-ms-client-request-id": "0ce55195-2698-4497-b333-0ca708dd7f8c",
        "x-ms-request-id": "1f9b5b18-c01e-007c-0df3-26bf7d000000",
        "x-ms-version": "2024-02-04"
      },
      "ResponseBody": null
    },
    {
      "RequestUri": "https://REDACTED/e3511adc0setmetadataacfailc16985070de29d210dc242?restype=container",
      "RequestMethod": "PUT",
      "RequestHeaders": {
        "Accept": "application/xml",
        "Authorization": "Sanitized",
        "Content-Length": "0",
        "Date": "Mon, 04 Dec 2023 20:53:19 GMT",
        "User-Agent": "azsdk-java-azure-storage-blob/12.26.0-beta.1 (17.0.8; Windows 11; 10.0)",
        "x-ms-client-request-id": "37e0abca-0af3-4715-bb32-e6d9ecc646f6",
        "x-ms-version": "2024-02-04"
      },
      "RequestBody": null,
      "StatusCode": 409,
      "ResponseHeaders": {
        "Content-Length": "230",
        "Content-Type": "application/xml",
        "Date": "Mon, 04 Dec 2023 20:53:19 GMT",
        "Server": [
          "Windows-Azure-Blob/1.0",
          "Microsoft-HTTPAPI/2.0"
        ],
        "x-ms-client-request-id": "37e0abca-0af3-4715-bb32-e6d9ecc646f6",
        "x-ms-error-code": "ContainerAlreadyExists",
        "x-ms-request-id": "3bba54f0-401e-004d-67f3-265e6e000000",
        "x-ms-version": "2024-02-04"
      },
      "ResponseBody": [
        "\uFEFF\u003C?xml version=\u00221.0\u0022 encoding=\u0022utf-8\u0022?\u003E\u003CError\u003E\u003CCode\u003EContainerAlreadyExists\u003C/Code\u003E\u003CMessage\u003EThe specified container already exists.\n",
        "RequestId:3bba54f0-401e-004d-67f3-265e6e000000\n",
        "Time:2023-12-04T20:53:20.2547482Z\u003C/Message\u003E\u003C/Error\u003E"
      ]
    },
    {
      "RequestUri": "https://REDACTED/e3511adc0setmetadataacfailc16985070de29d210dc242/e3511adc1setmetadataacfailc1689730ff21ceaa29af41",
      "RequestMethod": "PUT",
      "RequestHeaders": {
        "Accept": "application/xml",
        "Authorization": "Sanitized",
        "Content-Length": "7",
        "Content-Type": "application/octet-stream",
        "Date": "Mon, 04 Dec 2023 20:53:19 GMT",
        "If-None-Match": "*",
        "User-Agent": "azsdk-java-azure-storage-blob/12.26.0-beta.1 (17.0.8; Windows 11; 10.0)",
        "x-ms-blob-type": "BlockBlob",
        "x-ms-client-request-id": "2ed65a44-9e8d-4bf2-99c8-9cb05a762043",
        "x-ms-version": "2024-02-04"
      },
      "RequestBody": "ZGVmYXVsdA==",
      "StatusCode": 201,
      "ResponseHeaders": {
        "Content-Length": "0",
        "Content-MD5": "wh\u002BWm18D0z1D4E\u002BPE252gg==",
        "Date": "Mon, 04 Dec 2023 20:53:20 GMT",
        "ETag": "\u00220x8DBF50B0C537519\u0022",
        "Last-Modified": "Mon, 04 Dec 2023 20:53:20 GMT",
        "Server": [
          "Windows-Azure-Blob/1.0",
          "Microsoft-HTTPAPI/2.0"
        ],
        "x-ms-client-request-id": "2ed65a44-9e8d-4bf2-99c8-9cb05a762043",
        "x-ms-content-crc64": "6RYQPwaVsyQ=",
        "x-ms-request-id": "8fe0fcc0-101e-008b-25f3-2695ef000000",
        "x-ms-request-server-encrypted": "true",
        "x-ms-version": "2024-02-04",
        "x-ms-version-id": "2023-12-04T20:53:20.3298585Z"
      },
      "ResponseBody": null
    },
    {
      "RequestUri": "https://REDACTED/e3511adc0setmetadataacfailc16985070de29d210dc242/e3511adc1setmetadataacfailc1689730ff21ceaa29af41?comp=metadata",
      "RequestMethod": "PUT",
      "RequestHeaders": {
        "Accept": "application/xml",
        "Authorization": "Sanitized",
        "Content-Length": "0",
        "Date": "Mon, 04 Dec 2023 20:53:19 GMT",
        "If-Modified-Since": "Tue, 05 Dec 2023 20:51:14 GMT",
        "User-Agent": "azsdk-java-azure-storage-blob/12.26.0-beta.1 (17.0.8; Windows 11; 10.0)",
        "x-ms-client-request-id": "8bef5842-9357-401d-9259-b3a923fe863b",
        "x-ms-version": "2024-02-04"
      },
      "RequestBody": null,
      "StatusCode": 412,
      "ResponseHeaders": {
        "Content-Length": "252",
        "Content-Type": "application/xml",
        "Date": "Mon, 04 Dec 2023 20:53:19 GMT",
        "Server": [
          "Windows-Azure-Blob/1.0",
          "Microsoft-HTTPAPI/2.0"
        ],
        "x-ms-client-request-id": "8bef5842-9357-401d-9259-b3a923fe863b",
        "x-ms-error-code": "ConditionNotMet",
        "x-ms-request-id": "5881ec38-601e-0091-11f3-26f430000000",
        "x-ms-version": "2024-02-04"
      },
      "ResponseBody": [
        "\uFEFF\u003C?xml version=\u00221.0\u0022 encoding=\u0022utf-8\u0022?\u003E\u003CError\u003E\u003CCode\u003EConditionNotMet\u003C/Code\u003E\u003CMessage\u003EThe condition specified using HTTP conditional header(s) is not met.\n",
        "RequestId:5881ec38-601e-0091-11f3-26f430000000\n",
        "Time:2023-12-04T20:53:20.4192366Z\u003C/Message\u003E\u003C/Error\u003E"
      ]
    }
  ],
  "Variables": {
    "0": "e3511adc0setmetadataacfailc16985070de29d210dc242",
    "1": "e3511adc1setmetadataacfailc1689730ff21ceaa29af41"
  }
}
