{
  "Entries": [
    {
      "RequestUri": "https://REDACTED/fa21bf370deleteifexistsacfail778287646d9018e27d574?restype=container",
      "RequestMethod": "PUT",
      "RequestHeaders": {
        "Accept": "application/xml",
        "Authorization": "Sanitized",
        "Content-Length": "0",
        "Date": "Tue, 03 Oct 2023 22:45:09 GMT",
        "User-Agent": "azsdk-java-azure-storage-blob/12.25.0-beta.1 (11.0.16.1; Windows 11; 10.0)",
        "x-ms-client-request-id": "4ccbe4d9-16bd-406a-8866-997cc0316ac9",
        "x-ms-version": "2023-08-03"
      },
      "RequestBody": null,
      "StatusCode": 201,
      "ResponseHeaders": {
        "Content-Length": "0",
        "Date": "Tue, 03 Oct 2023 22:45:09 GMT",
        "ETag": "\u00220x8DBC46265DDD202\u0022",
        "Last-Modified": "Tue, 03 Oct 2023 22:45:09 GMT",
        "Server": [
          "Windows-Azure-Blob/1.0",
          "Microsoft-HTTPAPI/2.0"
        ],
        "x-ms-client-request-id": "4ccbe4d9-16bd-406a-8866-997cc0316ac9",
        "x-ms-request-id": "fee6570c-601e-0017-284b-f63889000000",
        "x-ms-version": "2023-08-03"
      },
      "ResponseBody": null
    },
    {
      "RequestUri": "https://REDACTED/fa21bf370deleteifexistsacfail778287646d9018e27d574/fa21bf371deleteifexistsacfail77866390df840ea0d3724",
      "RequestMethod": "PUT",
      "RequestHeaders": {
        "Accept": "application/xml",
        "Authorization": "Sanitized",
        "Content-Length": "7",
        "Content-Type": "application/octet-stream",
        "Date": "Tue, 03 Oct 2023 22:45:09 GMT",
        "If-None-Match": "*",
        "User-Agent": "azsdk-java-azure-storage-blob/12.25.0-beta.1 (11.0.16.1; Windows 11; 10.0)",
        "x-ms-blob-type": "BlockBlob",
        "x-ms-client-request-id": "6425b18a-8404-461b-8c6d-84f66a98de7b",
        "x-ms-version": "2023-08-03"
      },
      "RequestBody": "ZGVmYXVsdA==",
      "StatusCode": 201,
      "ResponseHeaders": {
        "Content-Length": "0",
        "Content-MD5": "wh\u002BWm18D0z1D4E\u002BPE252gg==",
        "Date": "Tue, 03 Oct 2023 22:45:09 GMT",
        "ETag": "\u00220x8DBC46265ECFF60\u0022",
        "Last-Modified": "Tue, 03 Oct 2023 22:45:09 GMT",
        "Server": [
          "Windows-Azure-Blob/1.0",
          "Microsoft-HTTPAPI/2.0"
        ],
        "x-ms-client-request-id": "6425b18a-8404-461b-8c6d-84f66a98de7b",
        "x-ms-content-crc64": "6RYQPwaVsyQ=",
        "x-ms-request-id": "fee65769-601e-0017-7a4b-f63889000000",
        "x-ms-request-server-encrypted": "true",
        "x-ms-version": "2023-08-03",
        "x-ms-version-id": "2023-10-03T22:45:09.8926944Z"
      },
      "ResponseBody": null
    },
    {
      "RequestUri": "https://REDACTED/fa21bf370deleteifexistsacfail778287646d9018e27d574/fa21bf371deleteifexistsacfail77866390df840ea0d3724",
      "RequestMethod": "DELETE",
      "RequestHeaders": {
        "Accept": "application/xml",
        "Authorization": "Sanitized",
        "Content-Length": "0",
        "Date": "Tue, 03 Oct 2023 22:45:09 GMT",
        "If-Unmodified-Since": "Mon, 02 Oct 2023 22:44:40 GMT",
        "User-Agent": "azsdk-java-azure-storage-blob/12.25.0-beta.1 (11.0.16.1; Windows 11; 10.0)",
        "x-ms-client-request-id": "1c8e3927-d250-4917-825b-84dc57868548",
        "x-ms-delete-snapshots": "include",
        "x-ms-version": "2023-08-03"
      },
      "RequestBody": null,
      "StatusCode": 412,
      "ResponseHeaders": {
        "Content-Length": "252",
        "Content-Type": "application/xml",
        "Date": "Tue, 03 Oct 2023 22:45:09 GMT",
        "Server": [
          "Windows-Azure-Blob/1.0",
          "Microsoft-HTTPAPI/2.0"
        ],
        "x-ms-client-request-id": "1c8e3927-d250-4917-825b-84dc57868548",
        "x-ms-error-code": "ConditionNotMet",
        "x-ms-request-id": "d2c69705-101e-007f-5c4b-f65e19000000",
        "x-ms-version": "2023-08-03"
      },
      "ResponseBody": [
        "\uFEFF\u003C?xml version=\u00221.0\u0022 encoding=\u0022utf-8\u0022?\u003E\u003CError\u003E\u003CCode\u003EConditionNotMet\u003C/Code\u003E\u003CMessage\u003EThe condition specified using HTTP conditional header(s) is not met.\n",
        "RequestId:d2c69705-101e-007f-5c4b-f65e19000000\n",
        "Time:2023-10-03T22:45:09.9984074Z\u003C/Message\u003E\u003C/Error\u003E"
      ]
    }
  ],
  "Variables": {
    "0": "fa21bf370deleteifexistsacfail778287646d9018e27d574",
    "1": "fa21bf371deleteifexistsacfail77866390df840ea0d3724"
  }
}
