{
  "Entries": [
    {
      "RequestUri": "https://REDACTED/22cf0aae0queryerrord48062336716df8cd1d0400293?restype=container",
      "RequestMethod": "PUT",
      "RequestHeaders": {
        "Accept": "application/xml",
        "Authorization": "Sanitized",
        "Content-Length": "0",
        "Date": "Thu, 12 Oct 2023 17:26:13 GMT",
        "User-Agent": "azsdk-java-azure-storage-blob/12.25.0-beta.1 (17.0.8.1; Windows 11; 10.0)",
        "x-ms-client-request-id": "0d2a4ddf-1cb5-4599-b600-a60100906a63",
        "x-ms-version": "2023-08-03"
      },
      "RequestBody": null,
      "StatusCode": 201,
      "ResponseHeaders": {
        "Content-Length": "0",
        "Date": "Thu, 12 Oct 2023 17:26:13 GMT",
        "ETag": "\u00220x8DBCB4855C730E8\u0022",
        "Last-Modified": "Thu, 12 Oct 2023 17:26:14 GMT",
        "Server": [
          "Windows-Azure-Blob/1.0",
          "Microsoft-HTTPAPI/2.0"
        ],
        "x-ms-client-request-id": "0d2a4ddf-1cb5-4599-b600-a60100906a63",
        "x-ms-request-id": "0c9b8f70-201e-002c-3a31-fd261e000000",
        "x-ms-version": "2023-08-03"
      },
      "ResponseBody": null
    },
    {
      "RequestUri": "https://REDACTED/22cf0aae0queryerrord48062336716df8cd1d0400293/22cf0aae1queryerrord4828091e6422169390d41a28c",
      "RequestMethod": "PUT",
      "RequestHeaders": {
        "Accept": "application/xml",
        "Authorization": "Sanitized",
        "Content-Length": "0",
        "Content-Type": "application/octet-stream",
        "Date": "Thu, 12 Oct 2023 17:26:14 GMT",
        "If-None-Match": "*",
        "User-Agent": "azsdk-java-azure-storage-blob/12.25.0-beta.1 (17.0.8.1; Windows 11; 10.0)",
        "x-ms-blob-type": "BlockBlob",
        "x-ms-client-request-id": "05915270-29f4-43f7-a11a-65acda3a902e",
        "x-ms-version": "2023-08-03"
      },
      "RequestBody": null,
      "StatusCode": 201,
      "ResponseHeaders": {
        "Content-Length": "0",
        "Content-MD5": "1B2M2Y8AsgTpgAmY7PhCfg==",
        "Date": "Thu, 12 Oct 2023 17:26:13 GMT",
        "ETag": "\u00220x8DBCB4855CCEF86\u0022",
        "Last-Modified": "Thu, 12 Oct 2023 17:26:14 GMT",
        "Server": [
          "Windows-Azure-Blob/1.0",
          "Microsoft-HTTPAPI/2.0"
        ],
        "x-ms-client-request-id": "05915270-29f4-43f7-a11a-65acda3a902e",
        "x-ms-content-crc64": "AAAAAAAAAAA=",
        "x-ms-request-id": "0c9b8f91-201e-002c-5831-fd261e000000",
        "x-ms-request-server-encrypted": "true",
        "x-ms-version": "2023-08-03"
      },
      "ResponseBody": null
    },
    {
      "RequestUri": "https://REDACTED/22cf0aae0queryerrord48062336716df8cd1d0400293/22cf0aae2queryerrord484804720591675dc24421e92?comp=query",
      "RequestMethod": "POST",
      "RequestHeaders": {
        "Accept": "application/xml",
        "Authorization": "Sanitized",
        "Content-Length": "143",
        "Content-Type": "application/xml",
        "Date": "Thu, 12 Oct 2023 17:26:14 GMT",
        "User-Agent": "azsdk-java-azure-storage-blob/12.25.0-beta.1 (17.0.8.1; Windows 11; 10.0)",
        "x-ms-client-request-id": "c36940fd-ddf5-463e-9086-f83808295aef",
        "x-ms-version": "2023-08-03"
      },
      "RequestBody": "\u003C?xml version=\u00271.0\u0027 encoding=\u0027UTF-8\u0027?\u003E\u003CQueryRequest\u003E\u003CQueryType\u003ESQL\u003C/QueryType\u003E\u003CExpression\u003ESELECT * from BlobStorage\u003C/Expression\u003E\u003C/QueryRequest\u003E",
      "StatusCode": 404,
      "ResponseHeaders": {
        "Content-Length": "216",
        "Content-Type": "application/xml",
        "Date": "Thu, 12 Oct 2023 17:26:13 GMT",
        "Server": [
          "Windows-Azure-Blob/1.0",
          "Microsoft-HTTPAPI/2.0"
        ],
        "x-ms-client-request-id": "c36940fd-ddf5-463e-9086-f83808295aef",
        "x-ms-error-code": "BlobNotFound",
        "x-ms-request-id": "b71128dc-301e-0020-7031-fdb116000000",
        "x-ms-version": "2023-08-03"
      },
      "ResponseBody": [
        "\uFEFF\u003C?xml version=\u00221.0\u0022 encoding=\u0022utf-8\u0022?\u003E\n",
        "\u003CError\u003E\u003CCode\u003EBlobNotFound\u003C/Code\u003E\u003CMessage\u003EThe specified blob does not exist.\n",
        "RequestId:b71128dc-301e-0020-7031-fdb116000000\n",
        "Time:2023-10-12T17:26:14.1763720Z\u003C/Message\u003E\u003C/Error\u003E"
      ]
    },
    {
      "RequestUri": "https://REDACTED/22cf0aae0queryerrord48062336716df8cd1d0400293/22cf0aae2queryerrord484804720591675dc24421e92?comp=query",
      "RequestMethod": "POST",
      "RequestHeaders": {
        "Accept": "application/xml",
        "Authorization": "Sanitized",
        "Content-Length": "143",
        "Content-Type": "application/xml",
        "Date": "Thu, 12 Oct 2023 17:26:14 GMT",
        "User-Agent": "azsdk-java-azure-storage-blob/12.25.0-beta.1 (17.0.8.1; Windows 11; 10.0)",
        "x-ms-client-request-id": "895b0434-959e-47e4-a9d2-bb3d2488f503",
        "x-ms-version": "2023-08-03"
      },
      "RequestBody": "\u003C?xml version=\u00271.0\u0027 encoding=\u0027UTF-8\u0027?\u003E\u003CQueryRequest\u003E\u003CQueryType\u003ESQL\u003C/QueryType\u003E\u003CExpression\u003ESELECT * from BlobStorage\u003C/Expression\u003E\u003C/QueryRequest\u003E",
      "StatusCode": 404,
      "ResponseHeaders": {
        "Content-Length": "216",
        "Content-Type": "application/xml",
        "Date": "Thu, 12 Oct 2023 17:26:13 GMT",
        "Server": [
          "Windows-Azure-Blob/1.0",
          "Microsoft-HTTPAPI/2.0"
        ],
        "x-ms-client-request-id": "895b0434-959e-47e4-a9d2-bb3d2488f503",
        "x-ms-error-code": "BlobNotFound",
        "x-ms-request-id": "ab1d3885-a01e-0032-5031-fdcac6000000",
        "x-ms-version": "2023-08-03"
      },
      "ResponseBody": [
        "\uFEFF\u003C?xml version=\u00221.0\u0022 encoding=\u0022utf-8\u0022?\u003E\n",
        "\u003CError\u003E\u003CCode\u003EBlobNotFound\u003C/Code\u003E\u003CMessage\u003EThe specified blob does not exist.\n",
        "RequestId:ab1d3885-a01e-0032-5031-fdcac6000000\n",
        "Time:2023-10-12T17:26:14.2045227Z\u003C/Message\u003E\u003C/Error\u003E"
      ]
    }
  ],
  "Variables": {
    "0": "22cf0aae0queryerrord48062336716df8cd1d0400293",
    "1": "22cf0aae1queryerrord4828091e6422169390d41a28c",
    "2": "22cf0aae2queryerrord484804720591675dc24421e92"
  }
}
