{
  "Entries": [
    {
      "RequestUri": "https://REDACTED/2bdfd0f20copydestacfail9cc44225ef23d42426204536?restype=container",
      "RequestMethod": "PUT",
      "RequestHeaders": {
        "Accept": "application/xml",
        "Authorization": "Sanitized",
        "Content-Length": "0",
        "Date": "Thu, 28 Sep 2023 22:24:12 GMT",
        "User-Agent": "azsdk-java-azure-storage-blob/12.25.0-beta.1 (11.0.16.1; Windows 11; 10.0)",
        "x-ms-client-request-id": "b4a66ded-882b-4151-a3a3-2040d925dc4c",
        "x-ms-version": "2023-08-03"
      },
      "RequestBody": null,
      "StatusCode": 201,
      "ResponseHeaders": {
        "Content-Length": "0",
        "Date": "Thu, 28 Sep 2023 22:24:12 GMT",
        "ETag": "\u00220x8DBC071A44D5E81\u0022",
        "Last-Modified": "Thu, 28 Sep 2023 22:24:12 GMT",
        "Server": [
          "Windows-Azure-Blob/1.0",
          "Microsoft-HTTPAPI/2.0"
        ],
        "x-ms-client-request-id": "b4a66ded-882b-4151-a3a3-2040d925dc4c",
        "x-ms-request-id": "060947cb-a01e-0045-305a-f24461000000",
        "x-ms-version": "2023-08-03"
      },
      "ResponseBody": null
    },
    {
      "RequestUri": "https://REDACTED/2bdfd0f20copydestacfail9cc44225ef23d42426204536/2bdfd0f21copydestacfail9cc706587f8a0524af294faa",
      "RequestMethod": "PUT",
      "RequestHeaders": {
        "Accept": "application/xml",
        "Authorization": "Sanitized",
        "Content-Length": "7",
        "Content-Type": "application/octet-stream",
        "Date": "Thu, 28 Sep 2023 22:24:12 GMT",
        "If-None-Match": "*",
        "User-Agent": "azsdk-java-azure-storage-blob/12.25.0-beta.1 (11.0.16.1; Windows 11; 10.0)",
        "x-ms-blob-type": "BlockBlob",
        "x-ms-client-request-id": "3df43563-e762-4770-9507-cdd1a09d3113",
        "x-ms-version": "2023-08-03"
      },
      "RequestBody": "ZGVmYXVsdA==",
      "StatusCode": 201,
      "ResponseHeaders": {
        "Content-Length": "0",
        "Content-MD5": "wh\u002BWm18D0z1D4E\u002BPE252gg==",
        "Date": "Thu, 28 Sep 2023 22:24:12 GMT",
        "ETag": "\u00220x8DBC071A45B7CB2\u0022",
        "Last-Modified": "Thu, 28 Sep 2023 22:24:12 GMT",
        "Server": [
          "Windows-Azure-Blob/1.0",
          "Microsoft-HTTPAPI/2.0"
        ],
        "x-ms-client-request-id": "3df43563-e762-4770-9507-cdd1a09d3113",
        "x-ms-content-crc64": "6RYQPwaVsyQ=",
        "x-ms-request-id": "06094803-a01e-0045-615a-f24461000000",
        "x-ms-request-server-encrypted": "true",
        "x-ms-version": "2023-08-03"
      },
      "ResponseBody": null
    },
    {
      "RequestUri": "https://REDACTED/2bdfd0f20copydestacfail9cc44225ef23d42426204536/2bdfd0f22copydestacfail9cc56308dd244b99f6284e16",
      "RequestMethod": "PUT",
      "RequestHeaders": {
        "Accept": "application/xml",
        "Authorization": "Sanitized",
        "Content-Length": "7",
        "Content-Type": "application/octet-stream",
        "Date": "Thu, 28 Sep 2023 22:24:12 GMT",
        "If-None-Match": "*",
        "User-Agent": "azsdk-java-azure-storage-blob/12.25.0-beta.1 (11.0.16.1; Windows 11; 10.0)",
        "x-ms-blob-type": "BlockBlob",
        "x-ms-client-request-id": "edab30f6-cd12-4406-927c-db9dfe8e8203",
        "x-ms-version": "2023-08-03"
      },
      "RequestBody": "ZGVmYXVsdA==",
      "StatusCode": 201,
      "ResponseHeaders": {
        "Content-Length": "0",
        "Content-MD5": "wh\u002BWm18D0z1D4E\u002BPE252gg==",
        "Date": "Thu, 28 Sep 2023 22:24:11 GMT",
        "ETag": "\u00220x8DBC071A4701310\u0022",
        "Last-Modified": "Thu, 28 Sep 2023 22:24:12 GMT",
        "Server": [
          "Windows-Azure-Blob/1.0",
          "Microsoft-HTTPAPI/2.0"
        ],
        "x-ms-client-request-id": "edab30f6-cd12-4406-927c-db9dfe8e8203",
        "x-ms-content-crc64": "6RYQPwaVsyQ=",
        "x-ms-request-id": "68f16010-401e-00a9-2f5a-f250f0000000",
        "x-ms-request-server-encrypted": "true",
        "x-ms-version": "2023-08-03"
      },
      "ResponseBody": null
    },
    {
      "RequestUri": "https://REDACTED/2bdfd0f20copydestacfail9cc44225ef23d42426204536/2bdfd0f22copydestacfail9cc56308dd244b99f6284e16?comp=lease",
      "RequestMethod": "PUT",
      "RequestHeaders": {
        "Accept": "application/xml",
        "Authorization": "Sanitized",
        "Content-Length": "0",
        "Date": "Thu, 28 Sep 2023 22:24:12 GMT",
        "User-Agent": "azsdk-java-azure-storage-blob/12.25.0-beta.1 (11.0.16.1; Windows 11; 10.0)",
        "x-ms-client-request-id": "fa7dbcf3-6334-45fc-a888-a38419e8574f",
        "x-ms-lease-action": "acquire",
        "x-ms-lease-duration": "-1",
        "x-ms-proposed-lease-id": "7a972ed6-a104-47f6-a0e8-0630f0d467c1",
        "x-ms-version": "2023-08-03"
      },
      "RequestBody": null,
      "StatusCode": 201,
      "ResponseHeaders": {
        "Content-Length": "0",
        "Date": "Thu, 28 Sep 2023 22:24:12 GMT",
        "ETag": "\u00220x8DBC071A4701310\u0022",
        "Last-Modified": "Thu, 28 Sep 2023 22:24:12 GMT",
        "Server": [
          "Windows-Azure-Blob/1.0",
          "Microsoft-HTTPAPI/2.0"
        ],
        "x-ms-client-request-id": "fa7dbcf3-6334-45fc-a888-a38419e8574f",
        "x-ms-lease-id": "7a972ed6-a104-47f6-a0e8-0630f0d467c1",
        "x-ms-request-id": "79ee03a2-601e-0065-115a-f23fc6000000",
        "x-ms-version": "2023-08-03"
      },
      "ResponseBody": null
    },
    {
      "RequestUri": "https://REDACTED/2bdfd0f20copydestacfail9cc44225ef23d42426204536/2bdfd0f22copydestacfail9cc56308dd244b99f6284e16",
      "RequestMethod": "PUT",
      "RequestHeaders": {
        "Accept": "application/xml",
        "Authorization": "Sanitized",
        "Content-Length": "0",
        "Date": "Thu, 28 Sep 2023 22:24:12 GMT",
        "User-Agent": "azsdk-java-azure-storage-blob/12.25.0-beta.1 (11.0.16.1; Windows 11; 10.0)",
        "x-ms-client-request-id": "8c23527b-e034-460e-87f5-4eb9aa71aac3",
        "x-ms-copy-source": "https://seanmcccanada.blob.core.windows.net/2bdfd0f20copydestacfail9cc44225ef23d42426204536/2bdfd0f21copydestacfail9cc706587f8a0524af294faa",
        "x-ms-lease-id": "c01aadd2-f2a1-4713-84a3-029f157b48ff",
        "x-ms-requires-sync": "true",
        "x-ms-version": "2023-08-03"
      },
      "RequestBody": null,
      "StatusCode": 401,
      "ResponseHeaders": {
        "Content-Length": "297",
        "Content-Type": "application/xml",
        "Date": "Thu, 28 Sep 2023 22:24:12 GMT",
        "Server": [
          "Windows-Azure-Blob/1.0",
          "Microsoft-HTTPAPI/2.0"
        ],
        "x-ms-client-request-id": "8c23527b-e034-460e-87f5-4eb9aa71aac3",
        "x-ms-error-code": "CannotVerifyCopySource",
        "x-ms-request-id": "79ee0440-601e-0065-235a-f23fc6000000",
        "x-ms-version": "2023-08-03"
      },
      "ResponseBody": [
        "\uFEFF\u003C?xml version=\u00221.0\u0022 encoding=\u0022utf-8\u0022?\u003E\u003CError\u003E\u003CCode\u003ECannotVerifyCopySource\u003C/Code\u003E\u003CMessage\u003EServer failed to authenticate the request. Please refer to the information in the www-authenticate header.\n",
        "RequestId:79ee0440-601e-0065-235a-f23fc6000000\n",
        "Time:2023-09-28T22:24:12.7658014Z\u003C/Message\u003E\u003C/Error\u003E"
      ]
    }
  ],
  "Variables": {
    "0": "2bdfd0f20copydestacfail9cc44225ef23d42426204536",
    "1": "2bdfd0f21copydestacfail9cc706587f8a0524af294faa",
    "2": "2bdfd0f22copydestacfail9cc56308dd244b99f6284e16"
  }
}
