{
  "Entries": [
    {
      "RequestUri": "https://REDACTED/a85e48000deleteacfailb35387284d5edcd57fe8410eb?restype=container",
      "RequestMethod": "PUT",
      "RequestHeaders": {
        "Accept": "application/xml",
        "Authorization": "Sanitized",
        "Content-Length": "0",
        "Date": "Fri, 01 Dec 2023 19:11:52 GMT",
        "User-Agent": "azsdk-java-azure-storage-blob/12.26.0-beta.1 (17.0.8; Windows 11; 10.0)",
        "x-ms-client-request-id": "338b4993-4ae6-49e7-afbb-56a8b736346f",
        "x-ms-version": "2024-02-04"
      },
      "RequestBody": null,
      "StatusCode": 201,
      "ResponseHeaders": {
        "Content-Length": "0",
        "Date": "Fri, 01 Dec 2023 19:11:52 GMT",
        "ETag": "\u00220x8DBF2A160ED6C58\u0022",
        "Last-Modified": "Fri, 01 Dec 2023 19:11:53 GMT",
        "Server": [
          "Windows-Azure-Blob/1.0",
          "Microsoft-HTTPAPI/2.0"
        ],
        "x-ms-client-request-id": "338b4993-4ae6-49e7-afbb-56a8b736346f",
        "x-ms-request-id": "865ebac1-c01e-0041-1d8a-24cf82000000",
        "x-ms-version": "2024-02-04"
      },
      "ResponseBody": null
    },
    {
      "RequestUri": "https://REDACTED/a85e48000deleteacfailb35387284d5edcd57fe8410eb?restype=container",
      "RequestMethod": "PUT",
      "RequestHeaders": {
        "Accept": "application/xml",
        "Authorization": "Sanitized",
        "Content-Length": "0",
        "Date": "Fri, 01 Dec 2023 19:11:52 GMT",
        "User-Agent": "azsdk-java-azure-storage-blob/12.26.0-beta.1 (17.0.8; Windows 11; 10.0)",
        "x-ms-client-request-id": "14592e66-1282-4aea-a177-53b1eb2bd202",
        "x-ms-version": "2024-02-04"
      },
      "RequestBody": null,
      "StatusCode": 409,
      "ResponseHeaders": {
        "Content-Length": "230",
        "Content-Type": "application/xml",
        "Date": "Fri, 01 Dec 2023 19:11:52 GMT",
        "Server": [
          "Windows-Azure-Blob/1.0",
          "Microsoft-HTTPAPI/2.0"
        ],
        "x-ms-client-request-id": "14592e66-1282-4aea-a177-53b1eb2bd202",
        "x-ms-error-code": "ContainerAlreadyExists",
        "x-ms-request-id": "865ebb57-c01e-0041-2b8a-24cf82000000",
        "x-ms-version": "2024-02-04"
      },
      "ResponseBody": [
        "\uFEFF\u003C?xml version=\u00221.0\u0022 encoding=\u0022utf-8\u0022?\u003E\u003CError\u003E\u003CCode\u003EContainerAlreadyExists\u003C/Code\u003E\u003CMessage\u003EThe specified container already exists.\n",
        "RequestId:865ebb57-c01e-0041-2b8a-24cf82000000\n",
        "Time:2023-12-01T19:11:53.4195363Z\u003C/Message\u003E\u003C/Error\u003E"
      ]
    },
    {
      "RequestUri": "https://REDACTED/a85e48000deleteacfailb35387284d5edcd57fe8410eb/a85e48001deleteacfailb3556345e5fca0c1af9041968",
      "RequestMethod": "PUT",
      "RequestHeaders": {
        "Accept": "application/xml",
        "Authorization": "Sanitized",
        "Content-Length": "7",
        "Content-Type": "application/octet-stream",
        "Date": "Fri, 01 Dec 2023 19:11:52 GMT",
        "If-None-Match": "*",
        "User-Agent": "azsdk-java-azure-storage-blob/12.26.0-beta.1 (17.0.8; Windows 11; 10.0)",
        "x-ms-blob-type": "BlockBlob",
        "x-ms-client-request-id": "54a9ad3e-daaf-4fab-986b-f3d878060126",
        "x-ms-version": "2024-02-04"
      },
      "RequestBody": "ZGVmYXVsdA==",
      "StatusCode": 201,
      "ResponseHeaders": {
        "Content-Length": "0",
        "Content-MD5": "wh\u002BWm18D0z1D4E\u002BPE252gg==",
        "Date": "Fri, 01 Dec 2023 19:11:52 GMT",
        "ETag": "\u00220x8DBF2A1610EF079\u0022",
        "Last-Modified": "Fri, 01 Dec 2023 19:11:53 GMT",
        "Server": [
          "Windows-Azure-Blob/1.0",
          "Microsoft-HTTPAPI/2.0"
        ],
        "x-ms-client-request-id": "54a9ad3e-daaf-4fab-986b-f3d878060126",
        "x-ms-content-crc64": "6RYQPwaVsyQ=",
        "x-ms-request-id": "865ebc0c-c01e-0041-548a-24cf82000000",
        "x-ms-request-server-encrypted": "true",
        "x-ms-version": "2024-02-04"
      },
      "ResponseBody": null
    },
    {
      "RequestUri": "https://REDACTED/a85e48000deleteacfailb35387284d5edcd57fe8410eb/a85e48001deleteacfailb3556345e5fca0c1af9041968",
      "RequestMethod": "HEAD",
      "RequestHeaders": {
        "Accept": "application/xml",
        "Authorization": "Sanitized",
        "Content-Length": "0",
        "Date": "Fri, 01 Dec 2023 19:11:52 GMT",
        "User-Agent": "azsdk-java-azure-storage-blob/12.26.0-beta.1 (17.0.8; Windows 11; 10.0)",
        "x-ms-client-request-id": "1c1d55b9-db1d-435c-abba-a0f8500eb303",
        "x-ms-version": "2024-02-04"
      },
      "RequestBody": null,
      "StatusCode": 200,
      "ResponseHeaders": {
        "Accept-Ranges": "bytes",
        "Content-Length": "7",
        "Content-MD5": "wh\u002BWm18D0z1D4E\u002BPE252gg==",
        "Content-Type": "application/octet-stream",
        "Date": "Fri, 01 Dec 2023 19:11:52 GMT",
        "ETag": "\u00220x8DBF2A1610EF079\u0022",
        "Last-Modified": "Fri, 01 Dec 2023 19:11:53 GMT",
        "Server": [
          "Windows-Azure-Blob/1.0",
          "Microsoft-HTTPAPI/2.0"
        ],
        "x-ms-access-tier": "Hot",
        "x-ms-access-tier-inferred": "true",
        "x-ms-blob-type": "BlockBlob",
        "x-ms-client-request-id": "1c1d55b9-db1d-435c-abba-a0f8500eb303",
        "x-ms-creation-time": "Fri, 01 Dec 2023 19:11:53 GMT",
        "x-ms-lease-state": "available",
        "x-ms-lease-status": "unlocked",
        "x-ms-request-id": "865ebca8-c01e-0041-658a-24cf82000000",
        "x-ms-server-encrypted": "true",
        "x-ms-version": "2024-02-04"
      },
      "ResponseBody": null
    },
    {
      "RequestUri": "https://REDACTED/a85e48000deleteacfailb35387284d5edcd57fe8410eb/a85e48001deleteacfailb3556345e5fca0c1af9041968",
      "RequestMethod": "DELETE",
      "RequestHeaders": {
        "Accept": "application/xml",
        "Authorization": "Sanitized",
        "Content-Length": "0",
        "Date": "Fri, 01 Dec 2023 19:11:52 GMT",
        "If-None-Match": "0x8DBF2A1610EF079",
        "User-Agent": "azsdk-java-azure-storage-blob/12.26.0-beta.1 (17.0.8; Windows 11; 10.0)",
        "x-ms-client-request-id": "a738763c-74b4-486a-a9ba-85d4475f41e7",
        "x-ms-delete-snapshots": "include",
        "x-ms-version": "2024-02-04"
      },
      "RequestBody": null,
      "StatusCode": 412,
      "ResponseHeaders": {
        "Content-Length": "252",
        "Content-Type": "application/xml",
        "Date": "Fri, 01 Dec 2023 19:11:52 GMT",
        "Server": [
          "Windows-Azure-Blob/1.0",
          "Microsoft-HTTPAPI/2.0"
        ],
        "x-ms-client-request-id": "a738763c-74b4-486a-a9ba-85d4475f41e7",
        "x-ms-error-code": "ConditionNotMet",
        "x-ms-request-id": "865ebd36-c01e-0041-6a8a-24cf82000000",
        "x-ms-version": "2024-02-04"
      },
      "ResponseBody": [
        "\uFEFF\u003C?xml version=\u00221.0\u0022 encoding=\u0022utf-8\u0022?\u003E\u003CError\u003E\u003CCode\u003EConditionNotMet\u003C/Code\u003E\u003CMessage\u003EThe condition specified using HTTP conditional header(s) is not met.\n",
        "RequestId:865ebd36-c01e-0041-6a8a-24cf82000000\n",
        "Time:2023-12-01T19:11:53.6733937Z\u003C/Message\u003E\u003C/Error\u003E"
      ]
    }
  ],
  "Variables": {
    "0": "a85e48000deleteacfailb35387284d5edcd57fe8410eb",
    "1": "a85e48001deleteacfailb3556345e5fca0c1af9041968"
  }
}
