{
  "Entries": [
    {
      "RequestUri": "https://REDACTED/0c743c1b0downloadrangefd0560486b47265c84304064?restype=container",
      "RequestMethod": "PUT",
      "RequestHeaders": {
        "Accept": "application/xml",
        "Authorization": "Sanitized",
        "Content-Length": "0",
        "Date": "Mon, 08 Jan 2024 19:44:10 GMT",
        "User-Agent": "azsdk-java-azure-storage-blob/12.26.0-beta.1 (17.0.8; Windows 11; 10.0)",
        "x-ms-client-request-id": "7bb1eea0-c2b7-406b-beb2-09d1da388bda",
        "x-ms-version": "2024-02-04"
      },
      "RequestBody": null,
      "StatusCode": 201,
      "ResponseHeaders": {
        "Content-Length": "0",
        "Date": "Mon, 08 Jan 2024 19:44:20 GMT",
        "ETag": "\u00220x8DC1082359572EC\u0022",
        "Last-Modified": "Mon, 08 Jan 2024 19:44:21 GMT",
        "Server": [
          "Windows-Azure-Blob/1.0",
          "Microsoft-HTTPAPI/2.0"
        ],
        "x-ms-client-request-id": "7bb1eea0-c2b7-406b-beb2-09d1da388bda",
        "x-ms-request-id": "e3c9ee14-e01e-0056-016b-426689000000",
        "x-ms-version": "2024-02-04"
      },
      "ResponseBody": null
    },
    {
      "RequestUri": "https://REDACTED/0c743c1b0downloadrangefd0560486b47265c84304064?restype=container",
      "RequestMethod": "PUT",
      "RequestHeaders": {
        "Accept": "application/xml",
        "Authorization": "Sanitized",
        "Content-Length": "0",
        "Date": "Mon, 08 Jan 2024 19:44:10 GMT",
        "User-Agent": "azsdk-java-azure-storage-blob/12.26.0-beta.1 (17.0.8; Windows 11; 10.0)",
        "x-ms-client-request-id": "25ebccc8-8f55-4cdd-a462-d4b23bcb8cad",
        "x-ms-version": "2024-02-04"
      },
      "RequestBody": null,
      "StatusCode": 409,
      "ResponseHeaders": {
        "Content-Length": "230",
        "Content-Type": "application/xml",
        "Date": "Mon, 08 Jan 2024 19:44:20 GMT",
        "Server": [
          "Windows-Azure-Blob/1.0",
          "Microsoft-HTTPAPI/2.0"
        ],
        "x-ms-client-request-id": "25ebccc8-8f55-4cdd-a462-d4b23bcb8cad",
        "x-ms-error-code": "ContainerAlreadyExists",
        "x-ms-request-id": "e3c9eeac-e01e-0056-076b-426689000000",
        "x-ms-version": "2024-02-04"
      },
      "ResponseBody": [
        "\uFEFF\u003C?xml version=\u00221.0\u0022 encoding=\u0022utf-8\u0022?\u003E\u003CError\u003E\u003CCode\u003EContainerAlreadyExists\u003C/Code\u003E\u003CMessage\u003EThe specified container already exists.\n",
        "RequestId:e3c9eeac-e01e-0056-076b-426689000000\n",
        "Time:2024-01-08T19:44:21.1486885Z\u003C/Message\u003E\u003C/Error\u003E"
      ]
    },
    {
      "RequestUri": "https://REDACTED/0c743c1b0downloadrangefd0560486b47265c84304064/0c743c1b1downloadrangefd0353064d0b2fa04d054c38",
      "RequestMethod": "PUT",
      "RequestHeaders": {
        "Accept": "application/xml",
        "Authorization": "Sanitized",
        "Content-Length": "7",
        "Content-Type": "application/octet-stream",
        "Date": "Mon, 08 Jan 2024 19:44:10 GMT",
        "If-None-Match": "*",
        "User-Agent": "azsdk-java-azure-storage-blob/12.26.0-beta.1 (17.0.8; Windows 11; 10.0)",
        "x-ms-blob-type": "BlockBlob",
        "x-ms-client-request-id": "cf64b7c7-33ec-40bf-9cc8-7211337a2168",
        "x-ms-version": "2024-02-04"
      },
      "RequestBody": "ZGVmYXVsdA==",
      "StatusCode": 201,
      "ResponseHeaders": {
        "Content-Length": "0",
        "Content-MD5": "wh\u002BWm18D0z1D4E\u002BPE252gg==",
        "Date": "Mon, 08 Jan 2024 19:44:20 GMT",
        "ETag": "\u00220x8DC108235B2350A\u0022",
        "Last-Modified": "Mon, 08 Jan 2024 19:44:21 GMT",
        "Server": [
          "Windows-Azure-Blob/1.0",
          "Microsoft-HTTPAPI/2.0"
        ],
        "x-ms-client-request-id": "cf64b7c7-33ec-40bf-9cc8-7211337a2168",
        "x-ms-content-crc64": "6RYQPwaVsyQ=",
        "x-ms-request-id": "e3c9ef5e-e01e-0056-296b-426689000000",
        "x-ms-request-server-encrypted": "true",
        "x-ms-version": "2024-02-04"
      },
      "ResponseBody": null
    },
    {
      "RequestUri": "https://REDACTED/0c743c1b0downloadrangefd0560486b47265c84304064/0c743c1b1downloadrangefd0353064d0b2fa04d054c38",
      "RequestMethod": "GET",
      "RequestHeaders": {
        "Accept": "application/xml",
        "Authorization": "Sanitized",
        "Content-Length": "0",
        "Date": "Mon, 08 Jan 2024 19:44:10 GMT",
        "User-Agent": "azsdk-java-azure-storage-blob/12.26.0-beta.1 (17.0.8; Windows 11; 10.0)",
        "x-ms-client-request-id": "4dda7474-90a8-4d34-b63f-45aebacc3f9a",
        "x-ms-range": "bytes=0-4",
        "x-ms-version": "2024-02-04"
      },
      "RequestBody": null,
      "StatusCode": 206,
      "ResponseHeaders": {
        "Accept-Ranges": "bytes",
        "Content-Length": "5",
        "Content-Range": "bytes 0-4/7",
        "Content-Type": "application/octet-stream",
        "Date": "Mon, 08 Jan 2024 19:44:20 GMT",
        "ETag": "\u00220x8DC108235B2350A\u0022",
        "Last-Modified": "Mon, 08 Jan 2024 19:44:21 GMT",
        "Server": [
          "Windows-Azure-Blob/1.0",
          "Microsoft-HTTPAPI/2.0"
        ],
        "x-ms-blob-content-md5": "wh\u002BWm18D0z1D4E\u002BPE252gg==",
        "x-ms-blob-type": "BlockBlob",
        "x-ms-client-request-id": "4dda7474-90a8-4d34-b63f-45aebacc3f9a",
        "x-ms-creation-time": "Mon, 08 Jan 2024 19:44:21 GMT",
        "x-ms-lease-state": "available",
        "x-ms-lease-status": "unlocked",
        "x-ms-request-id": "e3c9f01f-e01e-0056-5c6b-426689000000",
        "x-ms-server-encrypted": "true",
        "x-ms-version": "2024-02-04"
      },
      "ResponseBody": "ZGVmYXU="
    }
  ],
  "Variables": {
    "0": "0c743c1b0downloadrangefd0560486b47265c84304064",
    "1": "0c743c1b1downloadrangefd0353064d0b2fa04d054c38"
  }
}
