{
  "Entries": [
    {
      "RequestUri": "https://REDACTED/953bb3f60getpropertiesacfail7d1462018b1b133894214?restype=container",
      "RequestMethod": "PUT",
      "RequestHeaders": {
        "Accept": "application/xml",
        "Authorization": "Sanitized",
        "Content-Length": "0",
        "Date": "Thu, 12 Oct 2023 13:50:45 GMT",
        "User-Agent": "azsdk-java-azure-storage-blob/12.25.0-beta.1 (17.0.8.1; Windows 11; 10.0)",
        "x-ms-client-request-id": "741ec4a1-425c-4780-919b-0adf81fd105a",
        "x-ms-version": "2023-08-03"
      },
      "RequestBody": null,
      "StatusCode": 201,
      "ResponseHeaders": {
        "Content-Length": "0",
        "Date": "Thu, 12 Oct 2023 13:50:45 GMT",
        "ETag": "\u00220x8DBCB2A3BC51659\u0022",
        "Last-Modified": "Thu, 12 Oct 2023 13:50:45 GMT",
        "Server": [
          "Windows-Azure-Blob/1.0",
          "Microsoft-HTTPAPI/2.0"
        ],
        "x-ms-client-request-id": "741ec4a1-425c-4780-919b-0adf81fd105a",
        "x-ms-request-id": "7453c9a5-301e-0030-0513-fd747e000000",
        "x-ms-version": "2023-08-03"
      },
      "ResponseBody": null
    },
    {
      "RequestUri": "https://REDACTED/953bb3f60getpropertiesacfail7d1462018b1b133894214/953bb3f61getpropertiesacfail7d1386245b31e121682b4",
      "RequestMethod": "PUT",
      "RequestHeaders": {
        "Accept": "application/xml",
        "Authorization": "Sanitized",
        "Content-Length": "7",
        "Content-Type": "application/octet-stream",
        "Date": "Thu, 12 Oct 2023 13:50:45 GMT",
        "If-None-Match": "*",
        "User-Agent": "azsdk-java-azure-storage-blob/12.25.0-beta.1 (17.0.8.1; Windows 11; 10.0)",
        "x-ms-blob-type": "BlockBlob",
        "x-ms-client-request-id": "d22aeb92-35bf-4f5b-ba30-af9e6b8c286b",
        "x-ms-version": "2023-08-03"
      },
      "RequestBody": "ZGVmYXVsdA==",
      "StatusCode": 201,
      "ResponseHeaders": {
        "Content-Length": "0",
        "Content-MD5": "wh\u002BWm18D0z1D4E\u002BPE252gg==",
        "Date": "Thu, 12 Oct 2023 13:50:45 GMT",
        "ETag": "\u00220x8DBCB2A3BC852A4\u0022",
        "Last-Modified": "Thu, 12 Oct 2023 13:50:45 GMT",
        "Server": [
          "Windows-Azure-Blob/1.0",
          "Microsoft-HTTPAPI/2.0"
        ],
        "x-ms-client-request-id": "d22aeb92-35bf-4f5b-ba30-af9e6b8c286b",
        "x-ms-content-crc64": "6RYQPwaVsyQ=",
        "x-ms-request-id": "7453c9ce-301e-0030-2a13-fd747e000000",
        "x-ms-request-server-encrypted": "true",
        "x-ms-version": "2023-08-03"
      },
      "ResponseBody": null
    },
    {
      "RequestUri": "https://REDACTED/953bb3f60getpropertiesacfail7d1462018b1b133894214/953bb3f61getpropertiesacfail7d1386245b31e121682b4?comp=lease",
      "RequestMethod": "PUT",
      "RequestHeaders": {
        "Accept": "application/xml",
        "Authorization": "Sanitized",
        "Content-Length": "0",
        "Date": "Thu, 12 Oct 2023 13:50:45 GMT",
        "User-Agent": "azsdk-java-azure-storage-blob/12.25.0-beta.1 (17.0.8.1; Windows 11; 10.0)",
        "x-ms-client-request-id": "dd45059e-ff8a-44be-8393-44b312cf94d7",
        "x-ms-lease-action": "acquire",
        "x-ms-lease-duration": "-1",
        "x-ms-proposed-lease-id": "bc2b95ad-fc4f-4093-99b8-b3c0f9583b7b",
        "x-ms-version": "2023-08-03"
      },
      "RequestBody": null,
      "StatusCode": 201,
      "ResponseHeaders": {
        "Content-Length": "0",
        "Date": "Thu, 12 Oct 2023 13:50:45 GMT",
        "ETag": "\u00220x8DBCB2A3BC852A4\u0022",
        "Last-Modified": "Thu, 12 Oct 2023 13:50:45 GMT",
        "Server": [
          "Windows-Azure-Blob/1.0",
          "Microsoft-HTTPAPI/2.0"
        ],
        "x-ms-client-request-id": "dd45059e-ff8a-44be-8393-44b312cf94d7",
        "x-ms-lease-id": "bc2b95ad-fc4f-4093-99b8-b3c0f9583b7b",
        "x-ms-request-id": "7453c9ea-301e-0030-4513-fd747e000000",
        "x-ms-version": "2023-08-03"
      },
      "ResponseBody": null
    },
    {
      "RequestUri": "https://REDACTED/953bb3f60getpropertiesacfail7d1462018b1b133894214/953bb3f61getpropertiesacfail7d1386245b31e121682b4",
      "RequestMethod": "HEAD",
      "RequestHeaders": {
        "Accept": "application/xml",
        "Authorization": "Sanitized",
        "Content-Length": "0",
        "Date": "Thu, 12 Oct 2023 13:50:45 GMT",
        "User-Agent": "azsdk-java-azure-storage-blob/12.25.0-beta.1 (17.0.8.1; Windows 11; 10.0)",
        "x-ms-client-request-id": "11065343-f81a-4868-a2d0-d2f691a2bf76",
        "x-ms-lease-id": "aa393c85-3ae7-469b-be3c-4d2268830eba",
        "x-ms-version": "2023-08-03"
      },
      "RequestBody": null,
      "StatusCode": 412,
      "ResponseHeaders": {
        "Access-Control-Allow-Origin": "*",
        "Access-Control-Expose-Headers": "x-ms-client-request-id",
        "Date": "Thu, 12 Oct 2023 13:50:45 GMT",
        "Server": [
          "Windows-Azure-Blob/1.0",
          "Microsoft-HTTPAPI/2.0"
        ],
        "Transfer-Encoding": "chunked",
        "x-ms-client-request-id": "11065343-f81a-4868-a2d0-d2f691a2bf76",
        "x-ms-error-code": "LeaseIdMismatchWithBlobOperation",
        "x-ms-request-id": "7453c9fe-301e-0030-5813-fd747e000000",
        "x-ms-version": "2023-08-03"
      },
      "ResponseBody": null
    }
  ],
  "Variables": {
    "0": "953bb3f60getpropertiesacfail7d1462018b1b133894214",
    "1": "953bb3f61getpropertiesacfail7d1386245b31e121682b4"
  }
}
