{
  "Entries": [
    {
      "RequestUri": "https://REDACTED/9303532a0deleteifexistsblobthatdoesnotexist11327957c595e3?restype=container",
      "RequestMethod": "PUT",
      "RequestHeaders": {
        "Accept": "application/xml",
        "Authorization": "Sanitized",
        "Content-Length": "0",
        "Date": "Mon, 08 Jan 2024 19:45:39 GMT",
        "User-Agent": "azsdk-java-azure-storage-blob/12.26.0-beta.1 (17.0.8; Windows 11; 10.0)",
        "x-ms-client-request-id": "487c2362-01e3-4cdb-b36c-15112e8f0753",
        "x-ms-version": "2024-02-04"
      },
      "RequestBody": null,
      "StatusCode": 201,
      "ResponseHeaders": {
        "Content-Length": "0",
        "Date": "Mon, 08 Jan 2024 19:45:49 GMT",
        "ETag": "\u00220x8DC10826ABA30BB\u0022",
        "Last-Modified": "Mon, 08 Jan 2024 19:45:50 GMT",
        "Server": [
          "Windows-Azure-Blob/1.0",
          "Microsoft-HTTPAPI/2.0"
        ],
        "x-ms-client-request-id": "487c2362-01e3-4cdb-b36c-15112e8f0753",
        "x-ms-request-id": "c646a208-401e-0012-266b-42ecb6000000",
        "x-ms-version": "2024-02-04"
      },
      "ResponseBody": null
    },
    {
      "RequestUri": "https://REDACTED/9303532a0deleteifexistsblobthatdoesnotexist11327957c595e3?restype=container",
      "RequestMethod": "PUT",
      "RequestHeaders": {
        "Accept": "application/xml",
        "Authorization": "Sanitized",
        "Content-Length": "0",
        "Date": "Mon, 08 Jan 2024 19:45:39 GMT",
        "User-Agent": "azsdk-java-azure-storage-blob/12.26.0-beta.1 (17.0.8; Windows 11; 10.0)",
        "x-ms-client-request-id": "90084710-0f48-409a-8f8c-8e37e1990d4f",
        "x-ms-version": "2024-02-04"
      },
      "RequestBody": null,
      "StatusCode": 409,
      "ResponseHeaders": {
        "Content-Length": "230",
        "Content-Type": "application/xml",
        "Date": "Mon, 08 Jan 2024 19:45:49 GMT",
        "Server": [
          "Windows-Azure-Blob/1.0",
          "Microsoft-HTTPAPI/2.0"
        ],
        "x-ms-client-request-id": "90084710-0f48-409a-8f8c-8e37e1990d4f",
        "x-ms-error-code": "ContainerAlreadyExists",
        "x-ms-request-id": "c646a2d7-401e-0012-6e6b-42ecb6000000",
        "x-ms-version": "2024-02-04"
      },
      "ResponseBody": [
        "\uFEFF\u003C?xml version=\u00221.0\u0022 encoding=\u0022utf-8\u0022?\u003E\u003CError\u003E\u003CCode\u003EContainerAlreadyExists\u003C/Code\u003E\u003CMessage\u003EThe specified container already exists.\n",
        "RequestId:c646a2d7-401e-0012-6e6b-42ecb6000000\n",
        "Time:2024-01-08T19:45:50.3117218Z\u003C/Message\u003E\u003C/Error\u003E"
      ]
    },
    {
      "RequestUri": "https://REDACTED/9303532a0deleteifexistsblobthatdoesnotexist11327957c595e3/9303532a1deleteifexistsblobthatdoesnotexist11398511ae2d6e",
      "RequestMethod": "PUT",
      "RequestHeaders": {
        "Accept": "application/xml",
        "Authorization": "Sanitized",
        "Content-Length": "7",
        "Content-Type": "application/octet-stream",
        "Date": "Mon, 08 Jan 2024 19:45:39 GMT",
        "If-None-Match": "*",
        "User-Agent": "azsdk-java-azure-storage-blob/12.26.0-beta.1 (17.0.8; Windows 11; 10.0)",
        "x-ms-blob-type": "BlockBlob",
        "x-ms-client-request-id": "0abd1774-b64d-4728-ad74-cb8641665f1e",
        "x-ms-version": "2024-02-04"
      },
      "RequestBody": "ZGVmYXVsdA==",
      "StatusCode": 201,
      "ResponseHeaders": {
        "Content-Length": "0",
        "Content-MD5": "wh\u002BWm18D0z1D4E\u002BPE252gg==",
        "Date": "Mon, 08 Jan 2024 19:45:49 GMT",
        "ETag": "\u00220x8DC10826AD77A5B\u0022",
        "Last-Modified": "Mon, 08 Jan 2024 19:45:50 GMT",
        "Server": [
          "Windows-Azure-Blob/1.0",
          "Microsoft-HTTPAPI/2.0"
        ],
        "x-ms-client-request-id": "0abd1774-b64d-4728-ad74-cb8641665f1e",
        "x-ms-content-crc64": "6RYQPwaVsyQ=",
        "x-ms-request-id": "c646a39e-401e-0012-2a6b-42ecb6000000",
        "x-ms-request-server-encrypted": "true",
        "x-ms-version": "2024-02-04"
      },
      "ResponseBody": null
    },
    {
      "RequestUri": "https://REDACTED/9303532a0deleteifexistsblobthatdoesnotexist11327957c595e3/9303532a2deleteifexistsblobthatdoesnotexist11392070b5730f",
      "RequestMethod": "DELETE",
      "RequestHeaders": {
        "Accept": "application/xml",
        "Authorization": "Sanitized",
        "Content-Length": "0",
        "Date": "Mon, 08 Jan 2024 19:45:39 GMT",
        "User-Agent": "azsdk-java-azure-storage-blob/12.26.0-beta.1 (17.0.8; Windows 11; 10.0)",
        "x-ms-client-request-id": "78023fda-c68e-4603-a366-f7e64627f061",
        "x-ms-version": "2024-02-04"
      },
      "RequestBody": null,
      "StatusCode": 404,
      "ResponseHeaders": {
        "Content-Length": "215",
        "Content-Type": "application/xml",
        "Date": "Mon, 08 Jan 2024 19:45:49 GMT",
        "Server": [
          "Windows-Azure-Blob/1.0",
          "Microsoft-HTTPAPI/2.0"
        ],
        "x-ms-client-request-id": "78023fda-c68e-4603-a366-f7e64627f061",
        "x-ms-error-code": "BlobNotFound",
        "x-ms-request-id": "c646a478-401e-0012-776b-42ecb6000000",
        "x-ms-version": "2024-02-04"
      },
      "ResponseBody": [
        "\uFEFF\u003C?xml version=\u00221.0\u0022 encoding=\u0022utf-8\u0022?\u003E\u003CError\u003E\u003CCode\u003EBlobNotFound\u003C/Code\u003E\u003CMessage\u003EThe specified blob does not exist.\n",
        "RequestId:c646a478-401e-0012-776b-42ecb6000000\n",
        "Time:2024-01-08T19:45:50.5136064Z\u003C/Message\u003E\u003C/Error\u003E"
      ]
    }
  ],
  "Variables": {
    "0": "9303532a0deleteifexistsblobthatdoesnotexist11327957c595e3",
    "1": "9303532a1deleteifexistsblobthatdoesnotexist11398511ae2d6e",
    "2": "9303532a2deleteifexistsblobthatdoesnotexist11392070b5730f"
  }
}
