{
  "Entries": [
    {
      "RequestUri": "https://REDACTED/8c41455f0settagsleaseaee66732d787a576f9c04a708?restype=container",
      "RequestMethod": "PUT",
      "RequestHeaders": {
        "Accept": "application/xml",
        "Authorization": "Sanitized",
        "Content-Length": "0",
        "Date": "Thu, 28 Sep 2023 22:24:11 GMT",
        "User-Agent": "azsdk-java-azure-storage-blob/12.25.0-beta.1 (11.0.16.1; Windows 11; 10.0)",
        "x-ms-client-request-id": "22982894-25f5-4361-87bf-05e9182fc9f4",
        "x-ms-version": "2023-08-03"
      },
      "RequestBody": null,
      "StatusCode": 201,
      "ResponseHeaders": {
        "Content-Length": "0",
        "Date": "Thu, 28 Sep 2023 22:24:11 GMT",
        "ETag": "\u00220x8DBC071A3F97940\u0022",
        "Last-Modified": "Thu, 28 Sep 2023 22:24:11 GMT",
        "Server": [
          "Windows-Azure-Blob/1.0",
          "Microsoft-HTTPAPI/2.0"
        ],
        "x-ms-client-request-id": "22982894-25f5-4361-87bf-05e9182fc9f4",
        "x-ms-request-id": "e626decd-701e-009d-775a-f26338000000",
        "x-ms-version": "2023-08-03"
      },
      "ResponseBody": null
    },
    {
      "RequestUri": "https://REDACTED/8c41455f0settagsleaseaee66732d787a576f9c04a708/8c41455f1settagsleaseaee62062725878abe3b14d40b",
      "RequestMethod": "PUT",
      "RequestHeaders": {
        "Accept": "application/xml",
        "Authorization": "Sanitized",
        "Content-Length": "7",
        "Content-Type": "application/octet-stream",
        "Date": "Thu, 28 Sep 2023 22:24:11 GMT",
        "If-None-Match": "*",
        "User-Agent": "azsdk-java-azure-storage-blob/12.25.0-beta.1 (11.0.16.1; Windows 11; 10.0)",
        "x-ms-blob-type": "BlockBlob",
        "x-ms-client-request-id": "e481e9fd-396b-4293-9f1e-a90f0539e51a",
        "x-ms-version": "2023-08-03"
      },
      "RequestBody": "ZGVmYXVsdA==",
      "StatusCode": 201,
      "ResponseHeaders": {
        "Content-Length": "0",
        "Content-MD5": "wh\u002BWm18D0z1D4E\u002BPE252gg==",
        "Date": "Thu, 28 Sep 2023 22:24:11 GMT",
        "ETag": "\u00220x8DBC071A4085FDE\u0022",
        "Last-Modified": "Thu, 28 Sep 2023 22:24:11 GMT",
        "Server": [
          "Windows-Azure-Blob/1.0",
          "Microsoft-HTTPAPI/2.0"
        ],
        "x-ms-client-request-id": "e481e9fd-396b-4293-9f1e-a90f0539e51a",
        "x-ms-content-crc64": "6RYQPwaVsyQ=",
        "x-ms-request-id": "e626df07-701e-009d-2b5a-f26338000000",
        "x-ms-request-server-encrypted": "true",
        "x-ms-version": "2023-08-03"
      },
      "ResponseBody": null
    },
    {
      "RequestUri": "https://REDACTED/8c41455f0settagsleaseaee66732d787a576f9c04a708/8c41455f1settagsleaseaee62062725878abe3b14d40b?comp=lease",
      "RequestMethod": "PUT",
      "RequestHeaders": {
        "Accept": "application/xml",
        "Authorization": "Sanitized",
        "Content-Length": "0",
        "Date": "Thu, 28 Sep 2023 22:24:11 GMT",
        "User-Agent": "azsdk-java-azure-storage-blob/12.25.0-beta.1 (11.0.16.1; Windows 11; 10.0)",
        "x-ms-client-request-id": "622fa405-0a55-46c3-9e91-6760b5d12d48",
        "x-ms-lease-action": "acquire",
        "x-ms-lease-duration": "-1",
        "x-ms-proposed-lease-id": "acdc33da-9ffb-41d9-9c8f-a93ee5478061",
        "x-ms-version": "2023-08-03"
      },
      "RequestBody": null,
      "StatusCode": 201,
      "ResponseHeaders": {
        "Content-Length": "0",
        "Date": "Thu, 28 Sep 2023 22:24:11 GMT",
        "ETag": "\u00220x8DBC071A4085FDE\u0022",
        "Last-Modified": "Thu, 28 Sep 2023 22:24:11 GMT",
        "Server": [
          "Windows-Azure-Blob/1.0",
          "Microsoft-HTTPAPI/2.0"
        ],
        "x-ms-client-request-id": "622fa405-0a55-46c3-9e91-6760b5d12d48",
        "x-ms-lease-id": "acdc33da-9ffb-41d9-9c8f-a93ee5478061",
        "x-ms-request-id": "e626df2a-701e-009d-4a5a-f26338000000",
        "x-ms-version": "2023-08-03"
      },
      "ResponseBody": null
    },
    {
      "RequestUri": "https://REDACTED/8c41455f0settagsleaseaee66732d787a576f9c04a708/8c41455f1settagsleaseaee62062725878abe3b14d40b?comp=tags",
      "RequestMethod": "PUT",
      "RequestHeaders": {
        "Accept": "application/xml",
        "Authorization": "Sanitized",
        "Content-Length": "116",
        "Content-Type": "application/xml",
        "Date": "Thu, 28 Sep 2023 22:24:11 GMT",
        "User-Agent": "azsdk-java-azure-storage-blob/12.25.0-beta.1 (11.0.16.1; Windows 11; 10.0)",
        "x-ms-client-request-id": "aea1ae0f-5d1c-4d86-924e-3f9bef8b8e77",
        "x-ms-lease-id": "acdc33da-9ffb-41d9-9c8f-a93ee5478061",
        "x-ms-version": "2023-08-03"
      },
      "RequestBody": "\u003C?xml version=\u00271.0\u0027 encoding=\u0027UTF-8\u0027?\u003E\u003CTags\u003E\u003CTagSet\u003E\u003CTag\u003E\u003CKey\u003Efoo\u003C/Key\u003E\u003CValue\u003EREDACTED\u003C/Value\u003E\u003C/Tag\u003E\u003C/TagSet\u003E\u003C/Tags\u003E",
      "StatusCode": 204,
      "ResponseHeaders": {
        "Date": "Thu, 28 Sep 2023 22:24:11 GMT",
        "Server": [
          "Windows-Azure-Blob/1.0",
          "Microsoft-HTTPAPI/2.0"
        ],
        "x-ms-client-request-id": "aea1ae0f-5d1c-4d86-924e-3f9bef8b8e77",
        "x-ms-request-id": "e626df7f-701e-009d-195a-f26338000000",
        "x-ms-version": "2023-08-03"
      },
      "ResponseBody": null
    },
    {
      "RequestUri": "https://REDACTED/8c41455f0settagsleaseaee66732d787a576f9c04a708/8c41455f1settagsleaseaee62062725878abe3b14d40b?comp=tags",
      "RequestMethod": "GET",
      "RequestHeaders": {
        "Accept": "application/xml",
        "Authorization": "Sanitized",
        "Content-Length": "0",
        "Date": "Thu, 28 Sep 2023 22:24:12 GMT",
        "User-Agent": "azsdk-java-azure-storage-blob/12.25.0-beta.1 (11.0.16.1; Windows 11; 10.0)",
        "x-ms-client-request-id": "c936aec0-6150-407a-a38a-251ba7e6e5d0",
        "x-ms-version": "2023-08-03"
      },
      "RequestBody": null,
      "StatusCode": 200,
      "ResponseHeaders": {
        "Content-Length": "120",
        "Content-Type": "application/xml",
        "Date": "Thu, 28 Sep 2023 22:24:11 GMT",
        "Server": [
          "Windows-Azure-Blob/1.0",
          "Microsoft-HTTPAPI/2.0"
        ],
        "x-ms-client-request-id": "c936aec0-6150-407a-a38a-251ba7e6e5d0",
        "x-ms-request-id": "4b925c83-f01e-0005-4c5a-f24359000000",
        "x-ms-version": "2023-08-03"
      },
      "ResponseBody": [
        "\uFEFF\u003C?xml version=\u00221.0\u0022 encoding=\u0022utf-8\u0022?\u003E\n",
        "\u003CTags\u003E\u003CTagSet\u003E\u003CTag\u003E\u003CKey\u003Efoo\u003C/Key\u003E\u003CValue\u003EREDACTED\u003C/Value\u003E\u003C/Tag\u003E\u003C/TagSet\u003E\u003C/Tags\u003E"
      ]
    }
  ],
  "Variables": {
    "0": "8c41455f0settagsleaseaee66732d787a576f9c04a708",
    "1": "8c41455f1settagsleaseaee62062725878abe3b14d40b"
  }
}
