{
  "Entries": [
    {
      "RequestUri": "https://REDACTED/7982cd260getcontainerclient18c1764140e1ae3076c647?restype=container",
      "RequestMethod": "PUT",
      "RequestHeaders": {
        "Accept": "application/xml",
        "Authorization": "Sanitized",
        "Content-Length": "0",
        "Date": "Mon, 08 Jan 2024 19:45:14 GMT",
        "User-Agent": "azsdk-java-azure-storage-blob/12.26.0-beta.1 (17.0.8; Windows 11; 10.0)",
        "x-ms-client-request-id": "9f599d03-0a4f-4dcb-adf3-79b3d677020d",
        "x-ms-version": "2024-02-04"
      },
      "RequestBody": null,
      "StatusCode": 201,
      "ResponseHeaders": {
        "Content-Length": "0",
        "Date": "Mon, 08 Jan 2024 19:45:24 GMT",
        "ETag": "\u00220x8DC10825C259421\u0022",
        "Last-Modified": "Mon, 08 Jan 2024 19:45:25 GMT",
        "Server": [
          "Windows-Azure-Blob/1.0",
          "Microsoft-HTTPAPI/2.0"
        ],
        "x-ms-client-request-id": "9f599d03-0a4f-4dcb-adf3-79b3d677020d",
        "x-ms-request-id": "7a5996b2-d01e-0062-366b-425541000000",
        "x-ms-version": "2024-02-04"
      },
      "ResponseBody": null
    },
    {
      "RequestUri": "https://REDACTED/7982cd260getcontainerclient18c1764140e1ae3076c647?restype=container",
      "RequestMethod": "PUT",
      "RequestHeaders": {
        "Accept": "application/xml",
        "Authorization": "Sanitized",
        "Content-Length": "0",
        "Date": "Mon, 08 Jan 2024 19:45:15 GMT",
        "User-Agent": "azsdk-java-azure-storage-blob/12.26.0-beta.1 (17.0.8; Windows 11; 10.0)",
        "x-ms-client-request-id": "17b0274a-8f9d-4bb7-a1fc-a73530920e49",
        "x-ms-version": "2024-02-04"
      },
      "RequestBody": null,
      "StatusCode": 409,
      "ResponseHeaders": {
        "Content-Length": "230",
        "Content-Type": "application/xml",
        "Date": "Mon, 08 Jan 2024 19:45:24 GMT",
        "Server": [
          "Windows-Azure-Blob/1.0",
          "Microsoft-HTTPAPI/2.0"
        ],
        "x-ms-client-request-id": "17b0274a-8f9d-4bb7-a1fc-a73530920e49",
        "x-ms-error-code": "ContainerAlreadyExists",
        "x-ms-request-id": "7a59973c-d01e-0062-356b-425541000000",
        "x-ms-version": "2024-02-04"
      },
      "ResponseBody": [
        "\uFEFF\u003C?xml version=\u00221.0\u0022 encoding=\u0022utf-8\u0022?\u003E\u003CError\u003E\u003CCode\u003EContainerAlreadyExists\u003C/Code\u003E\u003CMessage\u003EThe specified container already exists.\n",
        "RequestId:7a59973c-d01e-0062-356b-425541000000\n",
        "Time:2024-01-08T19:45:25.8416818Z\u003C/Message\u003E\u003C/Error\u003E"
      ]
    },
    {
      "RequestUri": "https://REDACTED/7982cd260getcontainerclient18c1764140e1ae3076c647/7982cd261getcontainerclient18c264391d72ceb8ae8141",
      "RequestMethod": "PUT",
      "RequestHeaders": {
        "Accept": "application/xml",
        "Authorization": "Sanitized",
        "Content-Length": "7",
        "Content-Type": "application/octet-stream",
        "Date": "Mon, 08 Jan 2024 19:45:15 GMT",
        "If-None-Match": "*",
        "User-Agent": "azsdk-java-azure-storage-blob/12.26.0-beta.1 (17.0.8; Windows 11; 10.0)",
        "x-ms-blob-type": "BlockBlob",
        "x-ms-client-request-id": "c8ada179-7654-4a9d-b219-f5f366ce991d",
        "x-ms-version": "2024-02-04"
      },
      "RequestBody": "ZGVmYXVsdA==",
      "StatusCode": 201,
      "ResponseHeaders": {
        "Content-Length": "0",
        "Content-MD5": "wh\u002BWm18D0z1D4E\u002BPE252gg==",
        "Date": "Mon, 08 Jan 2024 19:45:25 GMT",
        "ETag": "\u00220x8DC10825C409A5E\u0022",
        "Last-Modified": "Mon, 08 Jan 2024 19:45:25 GMT",
        "Server": [
          "Windows-Azure-Blob/1.0",
          "Microsoft-HTTPAPI/2.0"
        ],
        "x-ms-client-request-id": "c8ada179-7654-4a9d-b219-f5f366ce991d",
        "x-ms-content-crc64": "6RYQPwaVsyQ=",
        "x-ms-request-id": "7a5997b8-d01e-0062-256b-425541000000",
        "x-ms-request-server-encrypted": "true",
        "x-ms-version": "2024-02-04"
      },
      "ResponseBody": null
    },
    {
      "RequestUri": "https://REDACTED/7982cd260getcontainerclient18c1764140e1ae3076c647?restype=container",
      "RequestMethod": "GET",
      "RequestHeaders": {
        "Accept": "application/xml",
        "Authorization": "Sanitized",
        "Content-Length": "0",
        "Date": "Mon, 08 Jan 2024 19:45:15 GMT",
        "User-Agent": "azsdk-java-azure-storage-blob/12.26.0-beta.1 (17.0.8; Windows 11; 10.0)",
        "x-ms-client-request-id": "3434ddd6-590a-416e-89a6-d40a018bc9a9",
        "x-ms-version": "2024-02-04"
      },
      "RequestBody": null,
      "StatusCode": 200,
      "ResponseHeaders": {
        "Content-Length": "0",
        "Date": "Mon, 08 Jan 2024 19:45:25 GMT",
        "ETag": "\u00220x8DC10825C259421\u0022",
        "Last-Modified": "Mon, 08 Jan 2024 19:45:25 GMT",
        "Server": [
          "Windows-Azure-Blob/1.0",
          "Microsoft-HTTPAPI/2.0"
        ],
        "Vary": "Origin",
        "x-ms-client-request-id": "3434ddd6-590a-416e-89a6-d40a018bc9a9",
        "x-ms-default-encryption-scope": "$account-encryption-key",
        "x-ms-deny-encryption-scope-override": "false",
        "x-ms-has-immutability-policy": "false",
        "x-ms-has-legal-hold": "false",
        "x-ms-immutable-storage-with-versioning-enabled": "false",
        "x-ms-lease-state": "available",
        "x-ms-lease-status": "unlocked",
        "x-ms-request-id": "7a599832-d01e-0062-0f6b-425541000000",
        "x-ms-version": "2024-02-04"
      },
      "ResponseBody": null
    }
  ],
  "Variables": {
    "0": "7982cd260getcontainerclient18c1764140e1ae3076c647",
    "1": "7982cd261getcontainerclient18c264391d72ceb8ae8141",
    "2": "2024-01-08T19:45:15.176244700Z"
  }
}
