{
  "Entries": [
    {
      "RequestUri": "https://REDACTED/a9902abb0copyseal9a993267878eb65fa3b64da088f?restype=container",
      "RequestMethod": "PUT",
      "RequestHeaders": {
        "Accept": "application/xml",
        "Authorization": "Sanitized",
        "Content-Length": "0",
        "Date": "Thu, 05 Oct 2023 19:43:54 GMT",
        "User-Agent": "azsdk-java-azure-storage-blob/12.25.0-beta.1 (11.0.16.1; Windows 11; 10.0)",
        "x-ms-client-request-id": "9f6d4070-156e-4313-b93a-c3db2e89fb62",
        "x-ms-version": "2023-08-03"
      },
      "RequestBody": null,
      "StatusCode": 201,
      "ResponseHeaders": {
        "Content-Length": "0",
        "Date": "Thu, 05 Oct 2023 19:43:54 GMT",
        "ETag": "\u00220x8DBC5DB68786F9D\u0022",
        "Last-Modified": "Thu, 05 Oct 2023 19:43:54 GMT",
        "Server": [
          "Windows-Azure-Blob/1.0",
          "Microsoft-HTTPAPI/2.0"
        ],
        "x-ms-client-request-id": "9f6d4070-156e-4313-b93a-c3db2e89fb62",
        "x-ms-request-id": "69ec9fe6-501e-001c-7bc4-f7c3e2000000",
        "x-ms-version": "2023-08-03"
      },
      "ResponseBody": null
    },
    {
      "RequestUri": "https://REDACTED/a9902abb0copyseal9a993267878eb65fa3b64da088f/a9902abb1copyseal9a9354169028913be1ed44f9abb",
      "RequestMethod": "PUT",
      "RequestHeaders": {
        "Accept": "application/xml",
        "Authorization": "Sanitized",
        "Content-Length": "7",
        "Content-Type": "application/octet-stream",
        "Date": "Thu, 05 Oct 2023 19:43:54 GMT",
        "If-None-Match": "*",
        "User-Agent": "azsdk-java-azure-storage-blob/12.25.0-beta.1 (11.0.16.1; Windows 11; 10.0)",
        "x-ms-blob-type": "BlockBlob",
        "x-ms-client-request-id": "4c653c61-3149-4a09-90a0-63e9228b6cc6",
        "x-ms-version": "2023-08-03"
      },
      "RequestBody": "ZGVmYXVsdA==",
      "StatusCode": 201,
      "ResponseHeaders": {
        "Content-Length": "0",
        "Content-MD5": "wh\u002BWm18D0z1D4E\u002BPE252gg==",
        "Date": "Thu, 05 Oct 2023 19:43:54 GMT",
        "ETag": "\u00220x8DBC5DB6887C267\u0022",
        "Last-Modified": "Thu, 05 Oct 2023 19:43:54 GMT",
        "Server": [
          "Windows-Azure-Blob/1.0",
          "Microsoft-HTTPAPI/2.0"
        ],
        "x-ms-client-request-id": "4c653c61-3149-4a09-90a0-63e9228b6cc6",
        "x-ms-content-crc64": "6RYQPwaVsyQ=",
        "x-ms-request-id": "69eca016-501e-001c-23c4-f7c3e2000000",
        "x-ms-request-server-encrypted": "true",
        "x-ms-version": "2023-08-03",
        "x-ms-version-id": "2023-10-05T19:43:54.5304441Z"
      },
      "ResponseBody": null
    },
    {
      "RequestUri": "https://REDACTED/a9902abb0copyseal9a993267878eb65fa3b64da088f/a9902abb2copyseal9a9671389fb5baf2eec0401abef",
      "RequestMethod": "PUT",
      "RequestHeaders": {
        "Accept": "application/xml",
        "Authorization": "Sanitized",
        "Content-Length": "0",
        "Date": "Thu, 05 Oct 2023 19:43:54 GMT",
        "If-None-Match": "*",
        "User-Agent": "azsdk-java-azure-storage-blob/12.25.0-beta.1 (11.0.16.1; Windows 11; 10.0)",
        "x-ms-blob-type": "AppendBlob",
        "x-ms-client-request-id": "a12f50e5-17c0-4ae0-953e-e7a173437edf",
        "x-ms-version": "2023-08-03"
      },
      "RequestBody": null,
      "StatusCode": 201,
      "ResponseHeaders": {
        "Content-Length": "0",
        "Date": "Thu, 05 Oct 2023 19:43:54 GMT",
        "ETag": "\u00220x8DBC5DB689D4311\u0022",
        "Last-Modified": "Thu, 05 Oct 2023 19:43:54 GMT",
        "Server": [
          "Windows-Azure-Blob/1.0",
          "Microsoft-HTTPAPI/2.0"
        ],
        "x-ms-client-request-id": "a12f50e5-17c0-4ae0-953e-e7a173437edf",
        "x-ms-request-id": "69eca065-501e-001c-65c4-f7c3e2000000",
        "x-ms-request-server-encrypted": "true",
        "x-ms-version": "2023-08-03",
        "x-ms-version-id": "2023-10-05T19:43:54.6703633Z"
      },
      "ResponseBody": null
    },
    {
      "RequestUri": "https://REDACTED/a9902abb0copyseal9a993267878eb65fa3b64da088f/a9902abb3copyseal9a9807916f466ebc4d4740e39f9",
      "RequestMethod": "PUT",
      "RequestHeaders": {
        "Accept": "application/xml",
        "Authorization": "Sanitized",
        "Content-Length": "0",
        "Date": "Thu, 05 Oct 2023 19:43:54 GMT",
        "User-Agent": "azsdk-java-azure-storage-blob/12.25.0-beta.1 (11.0.16.1; Windows 11; 10.0)",
        "x-ms-client-request-id": "b5c38def-8b33-4102-b51d-6011340bcc0c",
        "x-ms-copy-source": "REDACTED",
        "x-ms-seal-blob": "true",
        "x-ms-version": "2023-08-03"
      },
      "RequestBody": null,
      "StatusCode": 202,
      "ResponseHeaders": {
        "Content-Length": "0",
        "Date": "Thu, 05 Oct 2023 19:43:54 GMT",
        "ETag": "\u00220x8DBC5DB68AE578F\u0022",
        "Last-Modified": "Thu, 05 Oct 2023 19:43:54 GMT",
        "Server": [
          "Windows-Azure-Blob/1.0",
          "Microsoft-HTTPAPI/2.0"
        ],
        "x-ms-client-request-id": "b5c38def-8b33-4102-b51d-6011340bcc0c",
        "x-ms-copy-id": "6beefafd-cd35-44a3-942b-b0ae991b4a91",
        "x-ms-copy-status": "success",
        "x-ms-request-id": "69eca08a-501e-001c-07c4-f7c3e2000000",
        "x-ms-version": "2023-08-03",
        "x-ms-version-id": "2023-10-05T19:43:54.7832981Z"
      },
      "ResponseBody": null
    },
    {
      "RequestUri": "https://REDACTED/a9902abb0copyseal9a993267878eb65fa3b64da088f/a9902abb3copyseal9a9807916f466ebc4d4740e39f9",
      "RequestMethod": "HEAD",
      "RequestHeaders": {
        "Accept": "application/xml",
        "Authorization": "Sanitized",
        "Content-Length": "0",
        "Date": "Thu, 05 Oct 2023 19:43:55 GMT",
        "User-Agent": "azsdk-java-azure-storage-blob/12.25.0-beta.1 (11.0.16.1; Windows 11; 10.0)",
        "x-ms-client-request-id": "a595e1cc-d7ab-4bde-af8d-bee99cf34ce5",
        "x-ms-version": "2023-08-03"
      },
      "RequestBody": null,
      "StatusCode": 200,
      "ResponseHeaders": {
        "Accept-Ranges": "bytes",
        "Access-Control-Allow-Origin": "*",
        "Access-Control-Expose-Headers": "x-ms-client-request-id",
        "Content-Length": "0",
        "Content-Type": "application/octet-stream",
        "Date": "Thu, 05 Oct 2023 19:43:55 GMT",
        "ETag": "\u00220x8DBC5DB68AE578F\u0022",
        "Last-Modified": "Thu, 05 Oct 2023 19:43:54 GMT",
        "Server": [
          "Windows-Azure-Blob/1.0",
          "Microsoft-HTTPAPI/2.0"
        ],
        "x-ms-blob-committed-block-count": "0",
        "x-ms-blob-sealed": "true",
        "x-ms-blob-type": "AppendBlob",
        "x-ms-client-request-id": "a595e1cc-d7ab-4bde-af8d-bee99cf34ce5",
        "x-ms-copy-completion-time": "Thu, 05 Oct 2023 19:43:54 GMT",
        "x-ms-copy-id": "6beefafd-cd35-44a3-942b-b0ae991b4a91",
        "x-ms-copy-progress": "0/0",
        "x-ms-copy-source": "REDACTED",
        "x-ms-copy-status": "success",
        "x-ms-creation-time": "Thu, 05 Oct 2023 19:43:54 GMT",
        "x-ms-is-current-version": "true",
        "x-ms-lease-state": "available",
        "x-ms-lease-status": "unlocked",
        "x-ms-request-id": "00275f20-601e-004a-6cc4-f7320d000000",
        "x-ms-server-encrypted": "true",
        "x-ms-version": "2023-08-03",
        "x-ms-version-id": "2023-10-05T19:43:54.7832981Z"
      },
      "ResponseBody": null
    },
    {
      "RequestUri": "https://REDACTED/a9902abb0copyseal9a993267878eb65fa3b64da088f/a9902abb3copyseal9a9807916f466ebc4d4740e39f9",
      "RequestMethod": "HEAD",
      "RequestHeaders": {
        "Accept": "application/xml",
        "Authorization": "Sanitized",
        "Content-Length": "0",
        "Date": "Thu, 05 Oct 2023 19:43:55 GMT",
        "User-Agent": "azsdk-java-azure-storage-blob/12.25.0-beta.1 (11.0.16.1; Windows 11; 10.0)",
        "x-ms-client-request-id": "ed7b0f2e-88b0-494a-8971-46318a7fbf8c",
        "x-ms-version": "2023-08-03"
      },
      "RequestBody": null,
      "StatusCode": 200,
      "ResponseHeaders": {
        "Accept-Ranges": "bytes",
        "Access-Control-Allow-Origin": "*",
        "Access-Control-Expose-Headers": "x-ms-client-request-id",
        "Content-Length": "0",
        "Content-Type": "application/octet-stream",
        "Date": "Thu, 05 Oct 2023 19:43:55 GMT",
        "ETag": "\u00220x8DBC5DB68AE578F\u0022",
        "Last-Modified": "Thu, 05 Oct 2023 19:43:54 GMT",
        "Server": [
          "Windows-Azure-Blob/1.0",
          "Microsoft-HTTPAPI/2.0"
        ],
        "x-ms-blob-committed-block-count": "0",
        "x-ms-blob-sealed": "true",
        "x-ms-blob-type": "AppendBlob",
        "x-ms-client-request-id": "ed7b0f2e-88b0-494a-8971-46318a7fbf8c",
        "x-ms-copy-completion-time": "Thu, 05 Oct 2023 19:43:54 GMT",
        "x-ms-copy-id": "6beefafd-cd35-44a3-942b-b0ae991b4a91",
        "x-ms-copy-progress": "0/0",
        "x-ms-copy-source": "REDACTED",
        "x-ms-copy-status": "success",
        "x-ms-creation-time": "Thu, 05 Oct 2023 19:43:54 GMT",
        "x-ms-is-current-version": "true",
        "x-ms-lease-state": "available",
        "x-ms-lease-status": "unlocked",
        "x-ms-request-id": "00275f99-601e-004a-5cc4-f7320d000000",
        "x-ms-server-encrypted": "true",
        "x-ms-version": "2023-08-03",
        "x-ms-version-id": "2023-10-05T19:43:54.7832981Z"
      },
      "ResponseBody": null
    }
  ],
  "Variables": {
    "0": "a9902abb0copyseal9a993267878eb65fa3b64da088f",
    "1": "a9902abb1copyseal9a9354169028913be1ed44f9abb",
    "2": "a9902abb2copyseal9a9671389fb5baf2eec0401abef",
    "3": "a9902abb3copyseal9a9807916f466ebc4d4740e39f9"
  }
}
