{
  "Entries": [
    {
      "RequestUri": "https://REDACTED/64c6ab230copytagscf5535280183db479136472c928?restype=container",
      "RequestMethod": "PUT",
      "RequestHeaders": {
        "Accept": "application/xml",
        "Authorization": "Sanitized",
        "Content-Length": "0",
        "Date": "Mon, 11 Dec 2023 23:29:47 GMT",
        "User-Agent": "azsdk-java-azure-storage-blob/12.26.0-beta.1 (17.0.8; Windows 11; 10.0)",
        "x-ms-client-request-id": "0a96c0c8-4008-4390-bbed-67d2e3f9d4af",
        "x-ms-version": "2024-02-04"
      },
      "RequestBody": null,
      "StatusCode": 201,
      "ResponseHeaders": {
        "Content-Length": "0",
        "Date": "Mon, 11 Dec 2023 23:29:50 GMT",
        "ETag": "\u00220x8DBFAA112AB5A81\u0022",
        "Last-Modified": "Mon, 11 Dec 2023 23:29:51 GMT",
        "Server": [
          "Windows-Azure-Blob/1.0",
          "Microsoft-HTTPAPI/2.0"
        ],
        "x-ms-client-request-id": "0a96c0c8-4008-4390-bbed-67d2e3f9d4af",
        "x-ms-request-id": "70c251dd-801e-007f-4f89-2c58fd000000",
        "x-ms-version": "2024-02-04"
      },
      "ResponseBody": null
    },
    {
      "RequestUri": "https://REDACTED/64c6ab230copytagscf5535280183db479136472c928?restype=container",
      "RequestMethod": "PUT",
      "RequestHeaders": {
        "Accept": "application/xml",
        "Authorization": "Sanitized",
        "Content-Length": "0",
        "Date": "Mon, 11 Dec 2023 23:29:47 GMT",
        "User-Agent": "azsdk-java-azure-storage-blob/12.26.0-beta.1 (17.0.8; Windows 11; 10.0)",
        "x-ms-client-request-id": "8ea424c2-55e8-44e1-8417-d1db8215fa07",
        "x-ms-version": "2024-02-04"
      },
      "RequestBody": null,
      "StatusCode": 409,
      "ResponseHeaders": {
        "Content-Length": "230",
        "Content-Type": "application/xml",
        "Date": "Mon, 11 Dec 2023 23:29:51 GMT",
        "Server": [
          "Windows-Azure-Blob/1.0",
          "Microsoft-HTTPAPI/2.0"
        ],
        "x-ms-client-request-id": "8ea424c2-55e8-44e1-8417-d1db8215fa07",
        "x-ms-error-code": "ContainerAlreadyExists",
        "x-ms-request-id": "af3d7fca-c01e-0023-2e89-2c0da5000000",
        "x-ms-version": "2024-02-04"
      },
      "ResponseBody": [
        "\uFEFF\u003C?xml version=\u00221.0\u0022 encoding=\u0022utf-8\u0022?\u003E\u003CError\u003E\u003CCode\u003EContainerAlreadyExists\u003C/Code\u003E\u003CMessage\u003EThe specified container already exists.\n",
        "RequestId:af3d7fca-c01e-0023-2e89-2c0da5000000\n",
        "Time:2023-12-11T23:29:51.3914615Z\u003C/Message\u003E\u003C/Error\u003E"
      ]
    },
    {
      "RequestUri": "https://REDACTED/64c6ab230copytagscf5535280183db479136472c928/64c6ab231copytagscf583407223ae77ec4d7464fb81",
      "RequestMethod": "PUT",
      "RequestHeaders": {
        "Accept": "application/xml",
        "Authorization": "Sanitized",
        "Content-Length": "7",
        "Content-Type": "application/octet-stream",
        "Date": "Mon, 11 Dec 2023 23:29:47 GMT",
        "If-None-Match": "*",
        "User-Agent": "azsdk-java-azure-storage-blob/12.26.0-beta.1 (17.0.8; Windows 11; 10.0)",
        "x-ms-blob-type": "BlockBlob",
        "x-ms-client-request-id": "38d163f1-e2b4-4c51-9faf-a270fd7a3768",
        "x-ms-version": "2024-02-04"
      },
      "RequestBody": "ZGVmYXVsdA==",
      "StatusCode": 201,
      "ResponseHeaders": {
        "Content-Length": "0",
        "Content-MD5": "wh\u002BWm18D0z1D4E\u002BPE252gg==",
        "Date": "Mon, 11 Dec 2023 23:29:50 GMT",
        "ETag": "\u00220x8DBFAA112C6F35E\u0022",
        "Last-Modified": "Mon, 11 Dec 2023 23:29:51 GMT",
        "Server": [
          "Windows-Azure-Blob/1.0",
          "Microsoft-HTTPAPI/2.0"
        ],
        "x-ms-client-request-id": "38d163f1-e2b4-4c51-9faf-a270fd7a3768",
        "x-ms-content-crc64": "6RYQPwaVsyQ=",
        "x-ms-request-id": "b9ea4840-901e-004c-1189-2c0756000000",
        "x-ms-request-server-encrypted": "true",
        "x-ms-version": "2024-02-04"
      },
      "ResponseBody": null
    },
    {
      "RequestUri": "https://REDACTED/64c6ab230copytagscf5535280183db479136472c928/64c6ab232copytagscf565524b8b00991a9b8431e83b",
      "RequestMethod": "PUT",
      "RequestHeaders": {
        "Accept": "application/xml",
        "Authorization": "Sanitized",
        "Content-Length": "0",
        "Date": "Mon, 11 Dec 2023 23:29:47 GMT",
        "User-Agent": "azsdk-java-azure-storage-blob/12.26.0-beta.1 (17.0.8; Windows 11; 10.0)",
        "x-ms-client-request-id": "ca228330-3821-4f1a-a12b-5910a8125e50",
        "x-ms-copy-source": "https://REDACTED/64c6ab230copytagscf5535280183db479136472c928/64c6ab231copytagscf583407223ae77ec4d7464fb81",
        "x-ms-tags": "\u002B%2B-.%2F%3A%3D_\u002B\u002B%2B-.%2F%3A%3D_=\u002B%2B-.%2F%3A%3D_",
        "x-ms-version": "2024-02-04"
      },
      "RequestBody": null,
      "StatusCode": 202,
      "ResponseHeaders": {
        "Content-Length": "0",
        "Date": "Mon, 11 Dec 2023 23:29:50 GMT",
        "ETag": "\u00220x8DBFAA112D6CF92\u0022",
        "Last-Modified": "Mon, 11 Dec 2023 23:29:51 GMT",
        "Server": [
          "Windows-Azure-Blob/1.0",
          "Microsoft-HTTPAPI/2.0"
        ],
        "x-ms-client-request-id": "ca228330-3821-4f1a-a12b-5910a8125e50",
        "x-ms-copy-id": "274185fa-c6d2-4ca9-a53d-57fec657f9c8",
        "x-ms-copy-status": "success",
        "x-ms-request-id": "b9ea4881-901e-004c-4b89-2c0756000000",
        "x-ms-version": "2024-02-04"
      },
      "ResponseBody": null
    },
    {
      "RequestUri": "https://REDACTED/64c6ab230copytagscf5535280183db479136472c928/64c6ab232copytagscf565524b8b00991a9b8431e83b",
      "RequestMethod": "HEAD",
      "RequestHeaders": {
        "Accept": "application/xml",
        "Authorization": "Sanitized",
        "Content-Length": "0",
        "Date": "Mon, 11 Dec 2023 23:29:48 GMT",
        "User-Agent": "azsdk-java-azure-storage-blob/12.26.0-beta.1 (17.0.8; Windows 11; 10.0)",
        "x-ms-client-request-id": "694fb8c0-3b3c-4a07-a5e5-46031b598eac",
        "x-ms-version": "2024-02-04"
      },
      "RequestBody": null,
      "StatusCode": 200,
      "ResponseHeaders": {
        "Accept-Ranges": "bytes",
        "Content-Length": "7",
        "Content-MD5": "wh\u002BWm18D0z1D4E\u002BPE252gg==",
        "Content-Type": "application/octet-stream",
        "Date": "Mon, 11 Dec 2023 23:29:52 GMT",
        "ETag": "\u00220x8DBFAA112D6CF92\u0022",
        "Last-Modified": "Mon, 11 Dec 2023 23:29:51 GMT",
        "Server": [
          "Windows-Azure-Blob/1.0",
          "Microsoft-HTTPAPI/2.0"
        ],
        "x-ms-access-tier": "Hot",
        "x-ms-access-tier-inferred": "true",
        "x-ms-blob-type": "BlockBlob",
        "x-ms-client-request-id": "694fb8c0-3b3c-4a07-a5e5-46031b598eac",
        "x-ms-copy-completion-time": "Mon, 11 Dec 2023 23:29:51 GMT",
        "x-ms-copy-id": "274185fa-c6d2-4ca9-a53d-57fec657f9c8",
        "x-ms-copy-progress": "7/7",
        "x-ms-copy-source": "https://REDACTED/64c6ab230copytagscf5535280183db479136472c928/64c6ab231copytagscf583407223ae77ec4d7464fb81",
        "x-ms-copy-status": "success",
        "x-ms-creation-time": "Mon, 11 Dec 2023 23:29:51 GMT",
        "x-ms-lease-state": "available",
        "x-ms-lease-status": "unlocked",
        "x-ms-request-id": "af3d8719-c01e-0023-2789-2c0da5000000",
        "x-ms-server-encrypted": "true",
        "x-ms-tag-count": "1",
        "x-ms-version": "2024-02-04"
      },
      "ResponseBody": null
    },
    {
      "RequestUri": "https://REDACTED/64c6ab230copytagscf5535280183db479136472c928/64c6ab232copytagscf565524b8b00991a9b8431e83b?comp=tags",
      "RequestMethod": "GET",
      "RequestHeaders": {
        "Accept": "application/xml",
        "Authorization": "Sanitized",
        "Content-Length": "0",
        "Date": "Mon, 11 Dec 2023 23:29:48 GMT",
        "User-Agent": "azsdk-java-azure-storage-blob/12.26.0-beta.1 (17.0.8; Windows 11; 10.0)",
        "x-ms-client-request-id": "49d0e30b-ea18-4171-9417-22f8cbb0c258",
        "x-ms-version": "2024-02-04"
      },
      "RequestBody": null,
      "StatusCode": 200,
      "ResponseHeaders": {
        "Content-Length": "134",
        "Content-Type": "application/xml",
        "Date": "Mon, 11 Dec 2023 23:29:52 GMT",
        "Server": [
          "Windows-Azure-Blob/1.0",
          "Microsoft-HTTPAPI/2.0"
        ],
        "x-ms-client-request-id": "49d0e30b-ea18-4171-9417-22f8cbb0c258",
        "x-ms-request-id": "af3d87ab-c01e-0023-2b89-2c0da5000000",
        "x-ms-version": "2024-02-04"
      },
      "ResponseBody": [
        "\uFEFF\u003C?xml version=\u00221.0\u0022 encoding=\u0022utf-8\u0022?\u003E\n",
        "\u003CTags\u003E\u003CTagSet\u003E\u003CTag\u003E\u003CKey\u003E \u002B-./:=_  \u002B-./:=_\u003C/Key\u003E\u003CValue\u003E \u002B-./:=_\u003C/Value\u003E\u003C/Tag\u003E\u003C/TagSet\u003E\u003C/Tags\u003E"
      ]
    }
  ],
  "Variables": {
    "0": "64c6ab230copytagscf5535280183db479136472c928",
    "1": "64c6ab231copytagscf583407223ae77ec4d7464fb81",
    "2": "64c6ab232copytagscf565524b8b00991a9b8431e83b"
  }
}
