{
  "Entries": [
    {
      "RequestUri": "https://REDACTED/f918f0d30synccopytagsf4893569133f9c4744134ec2b?restype=container",
      "RequestMethod": "PUT",
      "RequestHeaders": {
        "Accept": "application/xml",
        "Authorization": "Sanitized",
        "Content-Length": "0",
        "Date": "Thu, 12 Oct 2023 16:47:55 GMT",
        "User-Agent": "azsdk-java-azure-storage-blob/12.25.0-beta.1 (17.0.8.1; Windows 11; 10.0)",
        "x-ms-client-request-id": "f4e5ddf5-36e3-4c29-9beb-0d522b86a431",
        "x-ms-version": "2023-08-03"
      },
      "RequestBody": null,
      "StatusCode": 201,
      "ResponseHeaders": {
        "Content-Length": "0",
        "Date": "Thu, 12 Oct 2023 16:47:54 GMT",
        "ETag": "\u00220x8DBCB42FBACC089\u0022",
        "Last-Modified": "Thu, 12 Oct 2023 16:47:55 GMT",
        "Server": [
          "Windows-Azure-Blob/1.0",
          "Microsoft-HTTPAPI/2.0"
        ],
        "x-ms-client-request-id": "f4e5ddf5-36e3-4c29-9beb-0d522b86a431",
        "x-ms-request-id": "56fc8f57-301e-006d-612b-fd7efa000000",
        "x-ms-version": "2023-08-03"
      },
      "ResponseBody": null
    },
    {
      "RequestUri": "https://REDACTED/f918f0d30synccopytagsf4893569133f9c4744134ec2b/f918f0d31synccopytagsf4885133a90c4c7ed9a149148",
      "RequestMethod": "PUT",
      "RequestHeaders": {
        "Accept": "application/xml",
        "Authorization": "Sanitized",
        "Content-Length": "7",
        "Content-Type": "application/octet-stream",
        "Date": "Thu, 12 Oct 2023 16:47:55 GMT",
        "If-None-Match": "*",
        "User-Agent": "azsdk-java-azure-storage-blob/12.25.0-beta.1 (17.0.8.1; Windows 11; 10.0)",
        "x-ms-blob-type": "BlockBlob",
        "x-ms-client-request-id": "59efc917-b75a-4306-aaab-b0329b2e3e6c",
        "x-ms-version": "2023-08-03"
      },
      "RequestBody": "ZGVmYXVsdA==",
      "StatusCode": 201,
      "ResponseHeaders": {
        "Content-Length": "0",
        "Content-MD5": "wh\u002BWm18D0z1D4E\u002BPE252gg==",
        "Date": "Thu, 12 Oct 2023 16:47:54 GMT",
        "ETag": "\u00220x8DBCB42FBAF3B43\u0022",
        "Last-Modified": "Thu, 12 Oct 2023 16:47:55 GMT",
        "Server": [
          "Windows-Azure-Blob/1.0",
          "Microsoft-HTTPAPI/2.0"
        ],
        "x-ms-client-request-id": "59efc917-b75a-4306-aaab-b0329b2e3e6c",
        "x-ms-content-crc64": "6RYQPwaVsyQ=",
        "x-ms-request-id": "56fc8f69-301e-006d-712b-fd7efa000000",
        "x-ms-request-server-encrypted": "true",
        "x-ms-version": "2023-08-03"
      },
      "ResponseBody": null
    },
    {
      "RequestUri": "https://REDACTED/f918f0d30synccopytagsf4893569133f9c4744134ec2b?restype=container\u0026comp=acl",
      "RequestMethod": "PUT",
      "RequestHeaders": {
        "Accept": "application/xml",
        "Authorization": "Sanitized",
        "Content-Length": "58",
        "Content-Type": "application/xml",
        "Date": "Thu, 12 Oct 2023 16:47:55 GMT",
        "User-Agent": "azsdk-java-azure-storage-blob/12.25.0-beta.1 (17.0.8.1; Windows 11; 10.0)",
        "x-ms-blob-public-access": "container",
        "x-ms-client-request-id": "888ccb45-1fe9-4514-bf56-767e7f8e739b",
        "x-ms-version": "2023-08-03"
      },
      "RequestBody": "\u003C?xml version=\u00271.0\u0027 encoding=\u0027UTF-8\u0027?\u003E\u003CSignedIdentifiers/\u003E",
      "StatusCode": 200,
      "ResponseHeaders": {
        "Content-Length": "0",
        "Date": "Thu, 12 Oct 2023 16:47:54 GMT",
        "ETag": "\u00220x8DBCB42FBB33253\u0022",
        "Last-Modified": "Thu, 12 Oct 2023 16:47:55 GMT",
        "Server": [
          "Windows-Azure-Blob/1.0",
          "Microsoft-HTTPAPI/2.0"
        ],
        "x-ms-client-request-id": "888ccb45-1fe9-4514-bf56-767e7f8e739b",
        "x-ms-request-id": "56fc8f82-301e-006d-082b-fd7efa000000",
        "x-ms-version": "2023-08-03"
      },
      "ResponseBody": null
    },
    {
      "RequestUri": "https://REDACTED/f918f0d30synccopytagsf4893569133f9c4744134ec2b/f918f0d32synccopytagsf4872359a310211c51fe44e98",
      "RequestMethod": "PUT",
      "RequestHeaders": {
        "Accept": "application/xml",
        "Authorization": "Sanitized",
        "Content-Length": "0",
        "Date": "Thu, 12 Oct 2023 16:47:55 GMT",
        "User-Agent": "azsdk-java-azure-storage-blob/12.25.0-beta.1 (17.0.8.1; Windows 11; 10.0)",
        "x-ms-client-request-id": "3f84c07a-9223-446e-be5a-79777e58f79a",
        "x-ms-copy-source": "https://REDACTED/f918f0d30synccopytagsf4893569133f9c4744134ec2b/f918f0d31synccopytagsf4885133a90c4c7ed9a149148",
        "x-ms-requires-sync": "true",
        "x-ms-tags": "foo=bar\u0026fizz=buzz",
        "x-ms-version": "2023-08-03"
      },
      "RequestBody": null,
      "StatusCode": 202,
      "ResponseHeaders": {
        "Content-Length": "0",
        "Date": "Thu, 12 Oct 2023 16:47:54 GMT",
        "ETag": "\u00220x8DBCB42FBBD86E4\u0022",
        "Last-Modified": "Thu, 12 Oct 2023 16:47:55 GMT",
        "Server": [
          "Windows-Azure-Blob/1.0",
          "Microsoft-HTTPAPI/2.0"
        ],
        "x-ms-client-request-id": "3f84c07a-9223-446e-be5a-79777e58f79a",
        "x-ms-content-crc64": "6RYQPwaVsyQ=",
        "x-ms-copy-id": "925d358b-59b0-405d-bda8-939e8ecb8cbd",
        "x-ms-copy-status": "success",
        "x-ms-request-id": "56fc8faf-301e-006d-342b-fd7efa000000",
        "x-ms-request-server-encrypted": "true",
        "x-ms-version": "2023-08-03"
      },
      "ResponseBody": null
    },
    {
      "RequestUri": "https://REDACTED/f918f0d30synccopytagsf4893569133f9c4744134ec2b/f918f0d32synccopytagsf4872359a310211c51fe44e98?comp=tags",
      "RequestMethod": "GET",
      "RequestHeaders": {
        "Accept": "application/xml",
        "Authorization": "Sanitized",
        "Content-Length": "0",
        "Date": "Thu, 12 Oct 2023 16:47:55 GMT",
        "User-Agent": "azsdk-java-azure-storage-blob/12.25.0-beta.1 (17.0.8.1; Windows 11; 10.0)",
        "x-ms-client-request-id": "01e8be94-30e1-422e-a955-fa7943a1a1e6",
        "x-ms-version": "2023-08-03"
      },
      "RequestBody": null,
      "StatusCode": 200,
      "ResponseHeaders": {
        "Access-Control-Allow-Origin": "*",
        "Access-Control-Expose-Headers": "x-ms-client-request-id",
        "Content-Length": "160",
        "Content-Type": "application/xml",
        "Date": "Thu, 12 Oct 2023 16:47:54 GMT",
        "Server": [
          "Windows-Azure-Blob/1.0",
          "Microsoft-HTTPAPI/2.0"
        ],
        "x-ms-client-request-id": "01e8be94-30e1-422e-a955-fa7943a1a1e6",
        "x-ms-request-id": "56fc8fec-301e-006d-5c2b-fd7efa000000",
        "x-ms-version": "2023-08-03"
      },
      "ResponseBody": [
        "\uFEFF\u003C?xml version=\u00221.0\u0022 encoding=\u0022utf-8\u0022?\u003E\n",
        "\u003CTags\u003E\u003CTagSet\u003E\u003CTag\u003E\u003CKey\u003Efizz\u003C/Key\u003E\u003CValue\u003Ebuzz\u003C/Value\u003E\u003C/Tag\u003E\u003CTag\u003E\u003CKey\u003Efoo\u003C/Key\u003E\u003CValue\u003Ebar\u003C/Value\u003E\u003C/Tag\u003E\u003C/TagSet\u003E\u003C/Tags\u003E"
      ]
    }
  ],
  "Variables": {
    "0": "f918f0d30synccopytagsf4893569133f9c4744134ec2b",
    "1": "f918f0d31synccopytagsf4885133a90c4c7ed9a149148",
    "2": "f918f0d32synccopytagsf4872359a310211c51fe44e98"
  }
}
