{
  "Entries": [
    {
      "RequestUri": "https://REDACTED/31d3e3250settierrehydratepriority7fd18650c1fbef01157?restype=container",
      "RequestMethod": "PUT",
      "RequestHeaders": {
        "Accept": "application/xml",
        "Authorization": "Sanitized",
        "Content-Length": "0",
        "Date": "Wed, 11 Oct 2023 21:22:48 GMT",
        "User-Agent": "azsdk-java-azure-storage-blob/12.25.0-beta.1 (17.0.8.1; Windows 11; 10.0)",
        "x-ms-client-request-id": "3cdbb0dc-3237-4913-a6cb-041cb8c01767",
        "x-ms-version": "2023-08-03"
      },
      "RequestBody": null,
      "StatusCode": 201,
      "ResponseHeaders": {
        "Content-Length": "0",
        "Date": "Wed, 11 Oct 2023 21:22:48 GMT",
        "ETag": "\u00220x8DBCAA038297E31\u0022",
        "Last-Modified": "Wed, 11 Oct 2023 21:22:48 GMT",
        "Server": [
          "Windows-Azure-Blob/1.0",
          "Microsoft-HTTPAPI/2.0"
        ],
        "x-ms-client-request-id": "3cdbb0dc-3237-4913-a6cb-041cb8c01767",
        "x-ms-request-id": "de1a4108-201e-0080-3b89-fc6e84000000",
        "x-ms-version": "2023-08-03"
      },
      "ResponseBody": null
    },
    {
      "RequestUri": "https://REDACTED/31d3e3250settierrehydratepriority7fd18650c1fbef01157/31d3e3251settierrehydratepriority7fd178082106a1d70b9",
      "RequestMethod": "PUT",
      "RequestHeaders": {
        "Accept": "application/xml",
        "Authorization": "Sanitized",
        "Content-Length": "7",
        "Content-Type": "application/octet-stream",
        "Date": "Wed, 11 Oct 2023 21:22:48 GMT",
        "If-None-Match": "*",
        "User-Agent": "azsdk-java-azure-storage-blob/12.25.0-beta.1 (17.0.8.1; Windows 11; 10.0)",
        "x-ms-blob-type": "BlockBlob",
        "x-ms-client-request-id": "c0b407de-7e8a-47db-a70f-944dcc1fa09c",
        "x-ms-version": "2023-08-03"
      },
      "RequestBody": "ZGVmYXVsdA==",
      "StatusCode": 201,
      "ResponseHeaders": {
        "Content-Length": "0",
        "Content-MD5": "wh\u002BWm18D0z1D4E\u002BPE252gg==",
        "Date": "Wed, 11 Oct 2023 21:22:48 GMT",
        "ETag": "\u00220x8DBCAA0382E09E8\u0022",
        "Last-Modified": "Wed, 11 Oct 2023 21:22:48 GMT",
        "Server": [
          "Windows-Azure-Blob/1.0",
          "Microsoft-HTTPAPI/2.0"
        ],
        "x-ms-client-request-id": "c0b407de-7e8a-47db-a70f-944dcc1fa09c",
        "x-ms-content-crc64": "6RYQPwaVsyQ=",
        "x-ms-request-id": "de1a411e-201e-0080-4f89-fc6e84000000",
        "x-ms-request-server-encrypted": "true",
        "x-ms-version": "2023-08-03"
      },
      "ResponseBody": null
    },
    {
      "RequestUri": "https://REDACTED/31d3e3250settierrehydratepriority7fd18650c1fbef01157/31d3e3251settierrehydratepriority7fd178082106a1d70b9?comp=tier",
      "RequestMethod": "PUT",
      "RequestHeaders": {
        "Accept": "application/xml",
        "Authorization": "Sanitized",
        "Content-Length": "0",
        "Date": "Wed, 11 Oct 2023 21:22:48 GMT",
        "User-Agent": "azsdk-java-azure-storage-blob/12.25.0-beta.1 (17.0.8.1; Windows 11; 10.0)",
        "x-ms-access-tier": "Archive",
        "x-ms-client-request-id": "68771f99-86d0-4f93-94cc-318fa49471a0",
        "x-ms-version": "2023-08-03"
      },
      "RequestBody": null,
      "StatusCode": 200,
      "ResponseHeaders": {
        "Content-Length": "0",
        "Date": "Wed, 11 Oct 2023 21:22:48 GMT",
        "Server": [
          "Windows-Azure-Blob/1.0",
          "Microsoft-HTTPAPI/2.0"
        ],
        "x-ms-client-request-id": "68771f99-86d0-4f93-94cc-318fa49471a0",
        "x-ms-request-id": "ccd01c9a-701e-009d-6989-fc6338000000",
        "x-ms-version": "2023-08-03"
      },
      "ResponseBody": null
    },
    {
      "RequestUri": "https://REDACTED/31d3e3250settierrehydratepriority7fd18650c1fbef01157/31d3e3251settierrehydratepriority7fd178082106a1d70b9?comp=tier",
      "RequestMethod": "PUT",
      "RequestHeaders": {
        "Accept": "application/xml",
        "Authorization": "Sanitized",
        "Content-Length": "0",
        "Date": "Wed, 11 Oct 2023 21:22:48 GMT",
        "User-Agent": "azsdk-java-azure-storage-blob/12.25.0-beta.1 (17.0.8.1; Windows 11; 10.0)",
        "x-ms-access-tier": "Hot",
        "x-ms-client-request-id": "c05d92c9-485c-46c4-b125-92ce6b65f5c2",
        "x-ms-rehydrate-priority": "Standard",
        "x-ms-version": "2023-08-03"
      },
      "RequestBody": null,
      "StatusCode": 202,
      "ResponseHeaders": {
        "Content-Length": "0",
        "Date": "Wed, 11 Oct 2023 21:22:48 GMT",
        "Server": [
          "Windows-Azure-Blob/1.0",
          "Microsoft-HTTPAPI/2.0"
        ],
        "x-ms-client-request-id": "c05d92c9-485c-46c4-b125-92ce6b65f5c2",
        "x-ms-request-id": "de1a4140-201e-0080-6e89-fc6e84000000",
        "x-ms-version": "2023-08-03"
      },
      "ResponseBody": null
    },
    {
      "RequestUri": "https://REDACTED/31d3e3250settierrehydratepriority7fd18650c1fbef01157/31d3e3251settierrehydratepriority7fd178082106a1d70b9",
      "RequestMethod": "HEAD",
      "RequestHeaders": {
        "Accept": "application/xml",
        "Authorization": "Sanitized",
        "Content-Length": "0",
        "Date": "Wed, 11 Oct 2023 21:22:49 GMT",
        "User-Agent": "azsdk-java-azure-storage-blob/12.25.0-beta.1 (17.0.8.1; Windows 11; 10.0)",
        "x-ms-client-request-id": "85000e87-86aa-40c0-90fa-f469fcce4d87",
        "x-ms-version": "2023-08-03"
      },
      "RequestBody": null,
      "StatusCode": 200,
      "ResponseHeaders": {
        "Accept-Ranges": "bytes",
        "Access-Control-Allow-Origin": "*",
        "Access-Control-Expose-Headers": "x-ms-client-request-id",
        "Content-Length": "7",
        "Content-MD5": "wh\u002BWm18D0z1D4E\u002BPE252gg==",
        "Content-Type": "application/octet-stream",
        "Date": "Wed, 11 Oct 2023 21:22:48 GMT",
        "ETag": "\u00220x8DBCAA0382E09E8\u0022",
        "Last-Modified": "Wed, 11 Oct 2023 21:22:48 GMT",
        "Server": [
          "Windows-Azure-Blob/1.0",
          "Microsoft-HTTPAPI/2.0"
        ],
        "x-ms-access-tier": "Archive",
        "x-ms-access-tier-change-time": "Wed, 11 Oct 2023 21:22:48 GMT",
        "x-ms-archive-status": "rehydrate-pending-to-hot",
        "x-ms-blob-type": "BlockBlob",
        "x-ms-client-request-id": "85000e87-86aa-40c0-90fa-f469fcce4d87",
        "x-ms-creation-time": "Wed, 11 Oct 2023 21:22:48 GMT",
        "x-ms-lease-state": "available",
        "x-ms-lease-status": "unlocked",
        "x-ms-rehydrate-priority": "Standard",
        "x-ms-request-id": "ccd01cbc-701e-009d-0a89-fc6338000000",
        "x-ms-server-encrypted": "true",
        "x-ms-version": "2023-08-03"
      },
      "ResponseBody": null
    }
  ],
  "Variables": {
    "0": "31d3e3250settierrehydratepriority7fd18650c1fbef01157",
    "1": "31d3e3251settierrehydratepriority7fd178082106a1d70b9"
  }
}
