{
  "Entries": [
    {
      "RequestUri": "https://REDACTED/d167785e0setmetadataacfailfd25028020635c8e2fc24e?restype=container",
      "RequestMethod": "PUT",
      "RequestHeaders": {
        "Accept": "application/xml",
        "Authorization": "Sanitized",
        "Content-Length": "0",
        "Date": "Mon, 11 Dec 2023 19:11:45 GMT",
        "User-Agent": "azsdk-java-azure-storage-blob/12.26.0-beta.1 (17.0.8; Windows 11; 10.0)",
        "x-ms-client-request-id": "f207b330-e286-4bbd-abc0-c2b1a8b4ff02",
        "x-ms-version": "2024-02-04"
      },
      "RequestBody": null,
      "StatusCode": 201,
      "ResponseHeaders": {
        "Content-Length": "0",
        "Date": "Mon, 11 Dec 2023 19:11:48 GMT",
        "ETag": "\u00220x8DBFA7D06CBD449\u0022",
        "Last-Modified": "Mon, 11 Dec 2023 19:11:49 GMT",
        "Server": [
          "Windows-Azure-Blob/1.0",
          "Microsoft-HTTPAPI/2.0"
        ],
        "x-ms-client-request-id": "f207b330-e286-4bbd-abc0-c2b1a8b4ff02",
        "x-ms-request-id": "20eccf9d-f01e-0007-0f65-2cfb05000000",
        "x-ms-version": "2024-02-04"
      },
      "ResponseBody": null
    },
    {
      "RequestUri": "https://REDACTED/d167785e0setmetadataacfailfd25028020635c8e2fc24e?restype=container",
      "RequestMethod": "PUT",
      "RequestHeaders": {
        "Accept": "application/xml",
        "Authorization": "Sanitized",
        "Content-Length": "0",
        "Date": "Mon, 11 Dec 2023 19:11:45 GMT",
        "User-Agent": "azsdk-java-azure-storage-blob/12.26.0-beta.1 (17.0.8; Windows 11; 10.0)",
        "x-ms-client-request-id": "6b3bb759-aa28-4672-ba12-58cac79703e4",
        "x-ms-version": "2024-02-04"
      },
      "RequestBody": null,
      "StatusCode": 409,
      "ResponseHeaders": {
        "Content-Length": "230",
        "Content-Type": "application/xml",
        "Date": "Mon, 11 Dec 2023 19:11:48 GMT",
        "Server": [
          "Windows-Azure-Blob/1.0",
          "Microsoft-HTTPAPI/2.0"
        ],
        "x-ms-client-request-id": "6b3bb759-aa28-4672-ba12-58cac79703e4",
        "x-ms-error-code": "ContainerAlreadyExists",
        "x-ms-request-id": "20ecd030-f01e-0007-7265-2cfb05000000",
        "x-ms-version": "2024-02-04"
      },
      "ResponseBody": [
        "\uFEFF\u003C?xml version=\u00221.0\u0022 encoding=\u0022utf-8\u0022?\u003E\u003CError\u003E\u003CCode\u003EContainerAlreadyExists\u003C/Code\u003E\u003CMessage\u003EThe specified container already exists.\n",
        "RequestId:20ecd030-f01e-0007-7265-2cfb05000000\n",
        "Time:2023-12-11T19:11:49.5794116Z\u003C/Message\u003E\u003C/Error\u003E"
      ]
    },
    {
      "RequestUri": "https://REDACTED/d167785e0setmetadataacfailfd25028020635c8e2fc24e/d167785e1setmetadataacfailfd26603196588eb564a14c",
      "RequestMethod": "PUT",
      "RequestHeaders": {
        "Accept": "application/xml",
        "Authorization": "Sanitized",
        "Content-Length": "7",
        "Content-Type": "application/octet-stream",
        "Date": "Mon, 11 Dec 2023 19:11:45 GMT",
        "If-None-Match": "*",
        "User-Agent": "azsdk-java-azure-storage-blob/12.26.0-beta.1 (17.0.8; Windows 11; 10.0)",
        "x-ms-blob-type": "BlockBlob",
        "x-ms-client-request-id": "b025cb57-89e2-4261-bc56-4d507a815d45",
        "x-ms-version": "2024-02-04"
      },
      "RequestBody": "ZGVmYXVsdA==",
      "StatusCode": 201,
      "ResponseHeaders": {
        "Content-Length": "0",
        "Content-MD5": "wh\u002BWm18D0z1D4E\u002BPE252gg==",
        "Date": "Mon, 11 Dec 2023 19:11:48 GMT",
        "ETag": "\u00220x8DBFA7D06E60B1D\u0022",
        "Last-Modified": "Mon, 11 Dec 2023 19:11:49 GMT",
        "Server": [
          "Windows-Azure-Blob/1.0",
          "Microsoft-HTTPAPI/2.0"
        ],
        "x-ms-client-request-id": "b025cb57-89e2-4261-bc56-4d507a815d45",
        "x-ms-content-crc64": "6RYQPwaVsyQ=",
        "x-ms-request-id": "20ecd0a0-f01e-0007-4365-2cfb05000000",
        "x-ms-request-server-encrypted": "true",
        "x-ms-version": "2024-02-04"
      },
      "ResponseBody": null
    },
    {
      "RequestUri": "https://REDACTED/d167785e0setmetadataacfailfd25028020635c8e2fc24e/d167785e1setmetadataacfailfd26603196588eb564a14c?comp=metadata",
      "RequestMethod": "PUT",
      "RequestHeaders": {
        "Accept": "application/xml",
        "Authorization": "Sanitized",
        "Content-Length": "0",
        "Date": "Mon, 11 Dec 2023 19:11:46 GMT",
        "If-Match": "garbage",
        "User-Agent": "azsdk-java-azure-storage-blob/12.26.0-beta.1 (17.0.8; Windows 11; 10.0)",
        "x-ms-client-request-id": "25e7384d-e8bd-4fad-af01-4b06a80d57c0",
        "x-ms-version": "2024-02-04"
      },
      "RequestBody": null,
      "StatusCode": 412,
      "ResponseHeaders": {
        "Content-Length": "252",
        "Content-Type": "application/xml",
        "Date": "Mon, 11 Dec 2023 19:11:48 GMT",
        "Server": [
          "Windows-Azure-Blob/1.0",
          "Microsoft-HTTPAPI/2.0"
        ],
        "x-ms-client-request-id": "25e7384d-e8bd-4fad-af01-4b06a80d57c0",
        "x-ms-error-code": "ConditionNotMet",
        "x-ms-request-id": "20ecd132-f01e-0007-2665-2cfb05000000",
        "x-ms-version": "2024-02-04"
      },
      "ResponseBody": [
        "\uFEFF\u003C?xml version=\u00221.0\u0022 encoding=\u0022utf-8\u0022?\u003E\u003CError\u003E\u003CCode\u003EConditionNotMet\u003C/Code\u003E\u003CMessage\u003EThe condition specified using HTTP conditional header(s) is not met.\n",
        "RequestId:20ecd132-f01e-0007-2665-2cfb05000000\n",
        "Time:2023-12-11T19:11:49.7523139Z\u003C/Message\u003E\u003C/Error\u003E"
      ]
    }
  ],
  "Variables": {
    "0": "d167785e0setmetadataacfailfd25028020635c8e2fc24e",
    "1": "d167785e1setmetadataacfailfd26603196588eb564a14c"
  }
}
