{
  "Entries": [
    {
      "RequestUri": "https://REDACTED/ad9322b20sethttpheadersac83d80741a5e2fc9ea99345b?restype=container",
      "RequestMethod": "PUT",
      "RequestHeaders": {
        "Accept": "application/xml",
        "Authorization": "Sanitized",
        "Content-Length": "0",
        "Date": "Thu, 12 Oct 2023 13:50:20 GMT",
        "User-Agent": "azsdk-java-azure-storage-blob/12.25.0-beta.1 (17.0.8.1; Windows 11; 10.0)",
        "x-ms-client-request-id": "5bc1f7b6-da7b-4800-b639-09b634fbe9de",
        "x-ms-version": "2023-08-03"
      },
      "RequestBody": null,
      "StatusCode": 201,
      "ResponseHeaders": {
        "Content-Length": "0",
        "Date": "Thu, 12 Oct 2023 13:50:20 GMT",
        "ETag": "\u00220x8DBCB2A2CD087EE\u0022",
        "Last-Modified": "Thu, 12 Oct 2023 13:50:20 GMT",
        "Server": [
          "Windows-Azure-Blob/1.0",
          "Microsoft-HTTPAPI/2.0"
        ],
        "x-ms-client-request-id": "5bc1f7b6-da7b-4800-b639-09b634fbe9de",
        "x-ms-request-id": "35c287d1-a01e-0022-3213-fd0fae000000",
        "x-ms-version": "2023-08-03"
      },
      "ResponseBody": null
    },
    {
      "RequestUri": "https://REDACTED/ad9322b20sethttpheadersac83d80741a5e2fc9ea99345b/ad9322b21sethttpheadersac83d27956e01d1d8bc8cb4c9",
      "RequestMethod": "PUT",
      "RequestHeaders": {
        "Accept": "application/xml",
        "Authorization": "Sanitized",
        "Content-Length": "7",
        "Content-Type": "application/octet-stream",
        "Date": "Thu, 12 Oct 2023 13:50:20 GMT",
        "If-None-Match": "*",
        "User-Agent": "azsdk-java-azure-storage-blob/12.25.0-beta.1 (17.0.8.1; Windows 11; 10.0)",
        "x-ms-blob-type": "BlockBlob",
        "x-ms-client-request-id": "a99a4d6a-6668-4660-8090-e94c291570c6",
        "x-ms-version": "2023-08-03"
      },
      "RequestBody": "ZGVmYXVsdA==",
      "StatusCode": 201,
      "ResponseHeaders": {
        "Content-Length": "0",
        "Content-MD5": "wh\u002BWm18D0z1D4E\u002BPE252gg==",
        "Date": "Thu, 12 Oct 2023 13:50:19 GMT",
        "ETag": "\u00220x8DBCB2A2CD40CDD\u0022",
        "Last-Modified": "Thu, 12 Oct 2023 13:50:20 GMT",
        "Server": [
          "Windows-Azure-Blob/1.0",
          "Microsoft-HTTPAPI/2.0"
        ],
        "x-ms-client-request-id": "a99a4d6a-6668-4660-8090-e94c291570c6",
        "x-ms-content-crc64": "6RYQPwaVsyQ=",
        "x-ms-request-id": "343f6c34-e01e-0041-1813-fd9255000000",
        "x-ms-request-server-encrypted": "true",
        "x-ms-version": "2023-08-03"
      },
      "ResponseBody": null
    },
    {
      "RequestUri": "https://REDACTED/ad9322b20sethttpheadersac83d80741a5e2fc9ea99345b/ad9322b21sethttpheadersac83d27956e01d1d8bc8cb4c9?comp=tags",
      "RequestMethod": "PUT",
      "RequestHeaders": {
        "Accept": "application/xml",
        "Authorization": "Sanitized",
        "Content-Length": "111",
        "Content-Type": "application/xml",
        "Date": "Thu, 12 Oct 2023 13:50:20 GMT",
        "User-Agent": "azsdk-java-azure-storage-blob/12.25.0-beta.1 (17.0.8.1; Windows 11; 10.0)",
        "x-ms-client-request-id": "06f0fa35-af5f-43a6-9cdc-3dbec45e244f",
        "x-ms-version": "2023-08-03"
      },
      "RequestBody": "\u003C?xml version=\u00271.0\u0027 encoding=\u0027UTF-8\u0027?\u003E\u003CTags\u003E\u003CTagSet\u003E\u003CTag\u003E\u003CKey\u003Efoo\u003C/Key\u003E\u003CValue\u003Ebar\u003C/Value\u003E\u003C/Tag\u003E\u003C/TagSet\u003E\u003C/Tags\u003E",
      "StatusCode": 204,
      "ResponseHeaders": {
        "Date": "Thu, 12 Oct 2023 13:50:20 GMT",
        "Server": [
          "Windows-Azure-Blob/1.0",
          "Microsoft-HTTPAPI/2.0"
        ],
        "x-ms-client-request-id": "06f0fa35-af5f-43a6-9cdc-3dbec45e244f",
        "x-ms-request-id": "281ff7a3-e01e-000c-7113-fd5db9000000",
        "x-ms-version": "2023-08-03"
      },
      "ResponseBody": null
    },
    {
      "RequestUri": "https://REDACTED/ad9322b20sethttpheadersac83d80741a5e2fc9ea99345b/ad9322b21sethttpheadersac83d27956e01d1d8bc8cb4c9",
      "RequestMethod": "HEAD",
      "RequestHeaders": {
        "Accept": "application/xml",
        "Authorization": "Sanitized",
        "Content-Length": "0",
        "Date": "Thu, 12 Oct 2023 13:50:20 GMT",
        "User-Agent": "azsdk-java-azure-storage-blob/12.25.0-beta.1 (17.0.8.1; Windows 11; 10.0)",
        "x-ms-client-request-id": "3f6fcfc2-bb50-4473-a508-ea30fbe6aaf9",
        "x-ms-version": "2023-08-03"
      },
      "RequestBody": null,
      "StatusCode": 200,
      "ResponseHeaders": {
        "Accept-Ranges": "bytes",
        "Access-Control-Allow-Origin": "*",
        "Access-Control-Expose-Headers": "x-ms-client-request-id",
        "Content-Length": "7",
        "Content-MD5": "wh\u002BWm18D0z1D4E\u002BPE252gg==",
        "Content-Type": "application/octet-stream",
        "Date": "Thu, 12 Oct 2023 13:50:20 GMT",
        "ETag": "\u00220x8DBCB2A2CD40CDD\u0022",
        "Last-Modified": "Thu, 12 Oct 2023 13:50:20 GMT",
        "Server": [
          "Windows-Azure-Blob/1.0",
          "Microsoft-HTTPAPI/2.0"
        ],
        "x-ms-access-tier": "Hot",
        "x-ms-access-tier-inferred": "true",
        "x-ms-blob-type": "BlockBlob",
        "x-ms-client-request-id": "3f6fcfc2-bb50-4473-a508-ea30fbe6aaf9",
        "x-ms-creation-time": "Thu, 12 Oct 2023 13:50:20 GMT",
        "x-ms-lease-state": "available",
        "x-ms-lease-status": "unlocked",
        "x-ms-request-id": "74537308-301e-0030-4c13-fd747e000000",
        "x-ms-server-encrypted": "true",
        "x-ms-tag-count": "1",
        "x-ms-version": "2023-08-03"
      },
      "ResponseBody": null
    },
    {
      "RequestUri": "https://REDACTED/ad9322b20sethttpheadersac83d80741a5e2fc9ea99345b/ad9322b21sethttpheadersac83d27956e01d1d8bc8cb4c9?comp=properties",
      "RequestMethod": "PUT",
      "RequestHeaders": {
        "Accept": "application/xml",
        "Authorization": "Sanitized",
        "Content-Length": "0",
        "Date": "Thu, 12 Oct 2023 13:50:20 GMT",
        "If-Match": "0x8DBCB2A2CD40CDD",
        "User-Agent": "azsdk-java-azure-storage-blob/12.25.0-beta.1 (17.0.8.1; Windows 11; 10.0)",
        "x-ms-client-request-id": "afb95dc2-b367-4e45-8c3e-92f0e1da04ad",
        "x-ms-version": "2023-08-03"
      },
      "RequestBody": null,
      "StatusCode": 200,
      "ResponseHeaders": {
        "Content-Length": "0",
        "Date": "Thu, 12 Oct 2023 13:50:20 GMT",
        "ETag": "\u00220x8DBCB2A2CDFA3F3\u0022",
        "Last-Modified": "Thu, 12 Oct 2023 13:50:20 GMT",
        "Server": [
          "Windows-Azure-Blob/1.0",
          "Microsoft-HTTPAPI/2.0"
        ],
        "x-ms-client-request-id": "afb95dc2-b367-4e45-8c3e-92f0e1da04ad",
        "x-ms-request-id": "74537332-301e-0030-6e13-fd747e000000",
        "x-ms-version": "2023-08-03"
      },
      "ResponseBody": null
    }
  ],
  "Variables": {
    "0": "ad9322b20sethttpheadersac83d80741a5e2fc9ea99345b",
    "1": "ad9322b21sethttpheadersac83d27956e01d1d8bc8cb4c9"
  }
}
