{
  "Entries": [
    {
      "RequestUri": "https://REDACTED/650d657d0gettagsacfail4a248395709f124484214351?restype=container",
      "RequestMethod": "PUT",
      "RequestHeaders": {
        "Accept": "application/xml",
        "Authorization": "Sanitized",
        "Content-Length": "0",
        "Date": "Wed, 13 Dec 2023 21:48:34 GMT",
        "User-Agent": "azsdk-java-azure-storage-blob/12.26.0-beta.1 (17.0.8; Windows 11; 10.0)",
        "x-ms-client-request-id": "5af3447d-9872-48e2-a668-567331962233",
        "x-ms-version": "2024-02-04"
      },
      "RequestBody": null,
      "StatusCode": 201,
      "ResponseHeaders": {
        "Content-Length": "0",
        "Date": "Wed, 13 Dec 2023 21:48:33 GMT",
        "ETag": "\u00220x8DBFC2541A2F9F6\u0022",
        "Last-Modified": "Wed, 13 Dec 2023 21:48:34 GMT",
        "Server": [
          "Windows-Azure-Blob/1.0",
          "Microsoft-HTTPAPI/2.0"
        ],
        "x-ms-client-request-id": "5af3447d-9872-48e2-a668-567331962233",
        "x-ms-request-id": "48ad401f-901e-00a8-620e-2e09c8000000",
        "x-ms-version": "2024-02-04"
      },
      "ResponseBody": null
    },
    {
      "RequestUri": "https://REDACTED/650d657d0gettagsacfail4a248395709f124484214351?restype=container",
      "RequestMethod": "PUT",
      "RequestHeaders": {
        "Accept": "application/xml",
        "Authorization": "Sanitized",
        "Content-Length": "0",
        "Date": "Wed, 13 Dec 2023 21:48:34 GMT",
        "User-Agent": "azsdk-java-azure-storage-blob/12.26.0-beta.1 (17.0.8; Windows 11; 10.0)",
        "x-ms-client-request-id": "f1a0c470-e891-4de7-9aca-9570cac20356",
        "x-ms-version": "2024-02-04"
      },
      "RequestBody": null,
      "StatusCode": 409,
      "ResponseHeaders": {
        "Content-Length": "230",
        "Content-Type": "application/xml",
        "Date": "Wed, 13 Dec 2023 21:48:34 GMT",
        "Server": [
          "Windows-Azure-Blob/1.0",
          "Microsoft-HTTPAPI/2.0"
        ],
        "x-ms-client-request-id": "f1a0c470-e891-4de7-9aca-9570cac20356",
        "x-ms-error-code": "ContainerAlreadyExists",
        "x-ms-request-id": "a3d93163-c01e-001c-7a0e-2ec506000000",
        "x-ms-version": "2024-02-04"
      },
      "ResponseBody": [
        "\uFEFF\u003C?xml version=\u00221.0\u0022 encoding=\u0022utf-8\u0022?\u003E\u003CError\u003E\u003CCode\u003EContainerAlreadyExists\u003C/Code\u003E\u003CMessage\u003EThe specified container already exists.\n",
        "RequestId:a3d93163-c01e-001c-7a0e-2ec506000000\n",
        "Time:2023-12-13T21:48:34.9389221Z\u003C/Message\u003E\u003C/Error\u003E"
      ]
    },
    {
      "RequestUri": "https://REDACTED/650d657d0gettagsacfail4a248395709f124484214351/650d657d1gettagsacfail4a28966923a8ccc2e5d643ae",
      "RequestMethod": "PUT",
      "RequestHeaders": {
        "Accept": "application/xml",
        "Authorization": "Sanitized",
        "Content-Length": "7",
        "Content-Type": "application/octet-stream",
        "Date": "Wed, 13 Dec 2023 21:48:34 GMT",
        "If-None-Match": "*",
        "User-Agent": "azsdk-java-azure-storage-blob/12.26.0-beta.1 (17.0.8; Windows 11; 10.0)",
        "x-ms-blob-type": "BlockBlob",
        "x-ms-client-request-id": "c919ceb6-dd44-4ae8-9cc9-6228321c3782",
        "x-ms-version": "2024-02-04"
      },
      "RequestBody": "ZGVmYXVsdA==",
      "StatusCode": 201,
      "ResponseHeaders": {
        "Content-Length": "0",
        "Content-MD5": "wh\u002BWm18D0z1D4E\u002BPE252gg==",
        "Date": "Wed, 13 Dec 2023 21:48:34 GMT",
        "ETag": "\u00220x8DBFC2541C37380\u0022",
        "Last-Modified": "Wed, 13 Dec 2023 21:48:35 GMT",
        "Server": [
          "Windows-Azure-Blob/1.0",
          "Microsoft-HTTPAPI/2.0"
        ],
        "x-ms-client-request-id": "c919ceb6-dd44-4ae8-9cc9-6228321c3782",
        "x-ms-content-crc64": "6RYQPwaVsyQ=",
        "x-ms-request-id": "260c67e9-801e-0050-0b0e-2e5536000000",
        "x-ms-request-server-encrypted": "true",
        "x-ms-version": "2024-02-04"
      },
      "ResponseBody": null
    },
    {
      "RequestUri": "https://REDACTED/650d657d0gettagsacfail4a248395709f124484214351/650d657d1gettagsacfail4a28966923a8ccc2e5d643ae?comp=tags",
      "RequestMethod": "GET",
      "RequestHeaders": {
        "Accept": "application/xml",
        "Authorization": "Sanitized",
        "Content-Length": "0",
        "Date": "Wed, 13 Dec 2023 21:48:34 GMT",
        "User-Agent": "azsdk-java-azure-storage-blob/12.26.0-beta.1 (17.0.8; Windows 11; 10.0)",
        "x-ms-client-request-id": "90c5b8e7-96ac-4c38-8586-3d1cebee94d1",
        "x-ms-if-tags": "\u0022foo\u0022 = \u0027bar\u0027",
        "x-ms-version": "2024-02-04"
      },
      "RequestBody": null,
      "StatusCode": 412,
      "ResponseHeaders": {
        "Access-Control-Allow-Origin": "*",
        "Access-Control-Expose-Headers": "x-ms-client-request-id",
        "Content-Length": "253",
        "Content-Type": "application/xml",
        "Date": "Wed, 13 Dec 2023 21:48:34 GMT",
        "Server": [
          "Windows-Azure-Blob/1.0",
          "Microsoft-HTTPAPI/2.0"
        ],
        "x-ms-client-request-id": "90c5b8e7-96ac-4c38-8586-3d1cebee94d1",
        "x-ms-error-code": "ConditionNotMet",
        "x-ms-request-id": "260c6842-801e-0050-580e-2e5536000000",
        "x-ms-version": "2024-02-04"
      },
      "ResponseBody": [
        "\uFEFF\u003C?xml version=\u00221.0\u0022 encoding=\u0022utf-8\u0022?\u003E\n",
        "\u003CError\u003E\u003CCode\u003EConditionNotMet\u003C/Code\u003E\u003CMessage\u003EThe condition specified using HTTP conditional header(s) is not met.\n",
        "RequestId:260c6842-801e-0050-580e-2e5536000000\n",
        "Time:2023-12-13T21:48:35.1283724Z\u003C/Message\u003E\u003C/Error\u003E"
      ]
    }
  ],
  "Variables": {
    "0": "650d657d0gettagsacfail4a248395709f124484214351",
    "1": "650d657d1gettagsacfail4a28966923a8ccc2e5d643ae"
  }
}
