{
  "Entries": [
    {
      "RequestUri": "https://REDACTED/73983c990sethttpheadersacfailb5804613fc060c64e0ec4?restype=container",
      "RequestMethod": "PUT",
      "RequestHeaders": {
        "Accept": "application/xml",
        "Authorization": "Sanitized",
        "Content-Length": "0",
        "Date": "Fri, 17 Nov 2023 21:09:20 GMT",
        "User-Agent": "azsdk-java-azure-storage-blob/12.26.0-beta.1 (17.0.8; Windows 11; 10.0)",
        "x-ms-client-request-id": "6e0d239f-8151-488a-a125-448337931b85",
        "x-ms-version": "2024-02-04"
      },
      "RequestBody": null,
      "StatusCode": 201,
      "ResponseHeaders": {
        "Content-Length": "0",
        "Date": "Fri, 17 Nov 2023 21:09:20 GMT",
        "ETag": "\u00220x8DBE7B177D46F26\u0022",
        "Last-Modified": "Fri, 17 Nov 2023 21:09:20 GMT",
        "Server": [
          "Windows-Azure-Blob/1.0",
          "Microsoft-HTTPAPI/2.0"
        ],
        "x-ms-client-request-id": "6e0d239f-8151-488a-a125-448337931b85",
        "x-ms-request-id": "f7670024-901e-003e-4e9a-190019000000",
        "x-ms-version": "2024-02-04"
      },
      "ResponseBody": null
    },
    {
      "RequestUri": "https://REDACTED/73983c990sethttpheadersacfailb5804613fc060c64e0ec4/73983c991sethttpheadersacfailb588435622c7eb39b7714",
      "RequestMethod": "PUT",
      "RequestHeaders": {
        "Accept": "application/xml",
        "Authorization": "Sanitized",
        "Content-Length": "7",
        "Content-Type": "application/octet-stream",
        "Date": "Fri, 17 Nov 2023 21:09:20 GMT",
        "If-None-Match": "*",
        "User-Agent": "azsdk-java-azure-storage-blob/12.26.0-beta.1 (17.0.8; Windows 11; 10.0)",
        "x-ms-blob-type": "BlockBlob",
        "x-ms-client-request-id": "5ea53444-41d9-4045-a54f-e27acbf1864c",
        "x-ms-version": "2024-02-04"
      },
      "RequestBody": "ZGVmYXVsdA==",
      "StatusCode": 201,
      "ResponseHeaders": {
        "Content-Length": "0",
        "Content-MD5": "wh\u002BWm18D0z1D4E\u002BPE252gg==",
        "Date": "Fri, 17 Nov 2023 21:09:20 GMT",
        "ETag": "\u00220x8DBE7B177E2204D\u0022",
        "Last-Modified": "Fri, 17 Nov 2023 21:09:20 GMT",
        "Server": [
          "Windows-Azure-Blob/1.0",
          "Microsoft-HTTPAPI/2.0"
        ],
        "x-ms-client-request-id": "5ea53444-41d9-4045-a54f-e27acbf1864c",
        "x-ms-content-crc64": "6RYQPwaVsyQ=",
        "x-ms-request-id": "f7670098-901e-003e-3c9a-190019000000",
        "x-ms-request-server-encrypted": "true",
        "x-ms-version": "2024-02-04"
      },
      "ResponseBody": null
    },
    {
      "RequestUri": "https://REDACTED/73983c990sethttpheadersacfailb5804613fc060c64e0ec4/73983c991sethttpheadersacfailb588435622c7eb39b7714?comp=properties",
      "RequestMethod": "PUT",
      "RequestHeaders": {
        "Accept": "application/xml",
        "Authorization": "Sanitized",
        "Content-Length": "0",
        "Date": "Fri, 17 Nov 2023 21:09:20 GMT",
        "User-Agent": "azsdk-java-azure-storage-blob/12.26.0-beta.1 (17.0.8; Windows 11; 10.0)",
        "x-ms-client-request-id": "74ef190c-c9f7-4a20-b01b-66c42f95f911",
        "x-ms-if-tags": "\u0022notfoo\u0022 = \u0027notbar\u0027",
        "x-ms-version": "2024-02-04"
      },
      "RequestBody": null,
      "StatusCode": 412,
      "ResponseHeaders": {
        "Content-Length": "252",
        "Content-Type": "application/xml",
        "Date": "Fri, 17 Nov 2023 21:09:20 GMT",
        "Server": [
          "Windows-Azure-Blob/1.0",
          "Microsoft-HTTPAPI/2.0"
        ],
        "x-ms-client-request-id": "74ef190c-c9f7-4a20-b01b-66c42f95f911",
        "x-ms-error-code": "ConditionNotMet",
        "x-ms-request-id": "f7670103-901e-003e-1d9a-190019000000",
        "x-ms-version": "2024-02-04"
      },
      "ResponseBody": [
        "\uFEFF\u003C?xml version=\u00221.0\u0022 encoding=\u0022utf-8\u0022?\u003E\u003CError\u003E\u003CCode\u003EConditionNotMet\u003C/Code\u003E\u003CMessage\u003EThe condition specified using HTTP conditional header(s) is not met.\n",
        "RequestId:f7670103-901e-003e-1d9a-190019000000\n",
        "Time:2023-11-17T21:09:21.0484561Z\u003C/Message\u003E\u003C/Error\u003E"
      ]
    }
  ],
  "Variables": {
    "0": "73983c990sethttpheadersacfailb5804613fc060c64e0ec4",
    "1": "73983c991sethttpheadersacfailb588435622c7eb39b7714"
  }
}
