{
  "Entries": [
    {
      "RequestUri": "https://REDACTED/f1498ad00settierarchivestatusrehydratependingtocold744550094c?restype=container",
      "RequestMethod": "PUT",
      "RequestHeaders": {
        "Accept": "application/xml",
        "Authorization": "Sanitized",
        "Content-Length": "0",
        "Date": "Fri, 01 Dec 2023 19:12:05 GMT",
        "User-Agent": "azsdk-java-azure-storage-blob/12.26.0-beta.1 (17.0.8; Windows 11; 10.0)",
        "x-ms-client-request-id": "e5524617-c88f-4b4d-ba18-7c17d38b338f",
        "x-ms-version": "2024-02-04"
      },
      "RequestBody": null,
      "StatusCode": 201,
      "ResponseHeaders": {
        "Content-Length": "0",
        "Date": "Fri, 01 Dec 2023 19:12:05 GMT",
        "ETag": "\u00220x8DBF2A16895DC0F\u0022",
        "Last-Modified": "Fri, 01 Dec 2023 19:12:06 GMT",
        "Server": [
          "Windows-Azure-Blob/1.0",
          "Microsoft-HTTPAPI/2.0"
        ],
        "x-ms-client-request-id": "e5524617-c88f-4b4d-ba18-7c17d38b338f",
        "x-ms-request-id": "23e320c8-201e-0066-098a-24d846000000",
        "x-ms-version": "2024-02-04"
      },
      "ResponseBody": null
    },
    {
      "RequestUri": "https://REDACTED/f1498ad00settierarchivestatusrehydratependingtocold744550094c?restype=container",
      "RequestMethod": "PUT",
      "RequestHeaders": {
        "Accept": "application/xml",
        "Authorization": "Sanitized",
        "Content-Length": "0",
        "Date": "Fri, 01 Dec 2023 19:12:05 GMT",
        "User-Agent": "azsdk-java-azure-storage-blob/12.26.0-beta.1 (17.0.8; Windows 11; 10.0)",
        "x-ms-client-request-id": "b120fe09-6b8d-4c4a-8955-a255bbf92cac",
        "x-ms-version": "2024-02-04"
      },
      "RequestBody": null,
      "StatusCode": 409,
      "ResponseHeaders": {
        "Content-Length": "230",
        "Content-Type": "application/xml",
        "Date": "Fri, 01 Dec 2023 19:12:05 GMT",
        "Server": [
          "Windows-Azure-Blob/1.0",
          "Microsoft-HTTPAPI/2.0"
        ],
        "x-ms-client-request-id": "b120fe09-6b8d-4c4a-8955-a255bbf92cac",
        "x-ms-error-code": "ContainerAlreadyExists",
        "x-ms-request-id": "23e3212b-201e-0066-648a-24d846000000",
        "x-ms-version": "2024-02-04"
      },
      "ResponseBody": [
        "\uFEFF\u003C?xml version=\u00221.0\u0022 encoding=\u0022utf-8\u0022?\u003E\u003CError\u003E\u003CCode\u003EContainerAlreadyExists\u003C/Code\u003E\u003CMessage\u003EThe specified container already exists.\n",
        "RequestId:23e3212b-201e-0066-648a-24d846000000\n",
        "Time:2023-12-01T19:12:06.2264762Z\u003C/Message\u003E\u003C/Error\u003E"
      ]
    },
    {
      "RequestUri": "https://REDACTED/f1498ad00settierarchivestatusrehydratependingtocold744550094c/f1498ad01settierarchivestatusrehydratependingtocold7442388418",
      "RequestMethod": "PUT",
      "RequestHeaders": {
        "Accept": "application/xml",
        "Authorization": "Sanitized",
        "Content-Length": "7",
        "Content-Type": "application/octet-stream",
        "Date": "Fri, 01 Dec 2023 19:12:05 GMT",
        "If-None-Match": "*",
        "User-Agent": "azsdk-java-azure-storage-blob/12.26.0-beta.1 (17.0.8; Windows 11; 10.0)",
        "x-ms-blob-type": "BlockBlob",
        "x-ms-client-request-id": "54875929-7113-4038-86cf-c568e6524b37",
        "x-ms-version": "2024-02-04"
      },
      "RequestBody": "ZGVmYXVsdA==",
      "StatusCode": 201,
      "ResponseHeaders": {
        "Content-Length": "0",
        "Content-MD5": "wh\u002BWm18D0z1D4E\u002BPE252gg==",
        "Date": "Fri, 01 Dec 2023 19:12:05 GMT",
        "ETag": "\u00220x8DBF2A168B1FBD7\u0022",
        "Last-Modified": "Fri, 01 Dec 2023 19:12:06 GMT",
        "Server": [
          "Windows-Azure-Blob/1.0",
          "Microsoft-HTTPAPI/2.0"
        ],
        "x-ms-client-request-id": "54875929-7113-4038-86cf-c568e6524b37",
        "x-ms-content-crc64": "6RYQPwaVsyQ=",
        "x-ms-request-id": "23e32190-201e-0066-438a-24d846000000",
        "x-ms-request-server-encrypted": "true",
        "x-ms-version": "2024-02-04"
      },
      "ResponseBody": null
    },
    {
      "RequestUri": "https://REDACTED/f1498ad02settierarchivestatusrehydratependingtocold7441987054?restype=container",
      "RequestMethod": "PUT",
      "RequestHeaders": {
        "Accept": "application/xml",
        "Authorization": "Sanitized",
        "Content-Length": "0",
        "Date": "Fri, 01 Dec 2023 19:12:05 GMT",
        "User-Agent": "azsdk-java-azure-storage-blob/12.26.0-beta.1 (17.0.8; Windows 11; 10.0)",
        "x-ms-client-request-id": "715f7682-1893-420e-a0ff-cc0a89444269",
        "x-ms-version": "2024-02-04"
      },
      "RequestBody": null,
      "StatusCode": 201,
      "ResponseHeaders": {
        "Content-Length": "0",
        "Date": "Fri, 01 Dec 2023 19:12:05 GMT",
        "ETag": "\u00220x8DBF2A168BFA522\u0022",
        "Last-Modified": "Fri, 01 Dec 2023 19:12:06 GMT",
        "Server": [
          "Windows-Azure-Blob/1.0",
          "Microsoft-HTTPAPI/2.0"
        ],
        "x-ms-client-request-id": "715f7682-1893-420e-a0ff-cc0a89444269",
        "x-ms-request-id": "23e32204-201e-0066-2c8a-24d846000000",
        "x-ms-version": "2024-02-04"
      },
      "ResponseBody": null
    },
    {
      "RequestUri": "https://REDACTED/f1498ad02settierarchivestatusrehydratependingtocold7441987054/f1498ad03settierarchivestatusrehydratependingtocold7443489748",
      "RequestMethod": "PUT",
      "RequestHeaders": {
        "Accept": "application/xml",
        "Authorization": "Sanitized",
        "Content-Length": "7",
        "Content-Type": "application/octet-stream",
        "Date": "Fri, 01 Dec 2023 19:12:05 GMT",
        "If-None-Match": "*",
        "User-Agent": "azsdk-java-azure-storage-blob/12.26.0-beta.1 (17.0.8; Windows 11; 10.0)",
        "x-ms-blob-type": "BlockBlob",
        "x-ms-client-request-id": "4c0efaac-fc6b-4538-8996-96b04215df1e",
        "x-ms-version": "2024-02-04"
      },
      "RequestBody": "ZGVmYXVsdA==",
      "StatusCode": 201,
      "ResponseHeaders": {
        "Content-Length": "0",
        "Content-MD5": "wh\u002BWm18D0z1D4E\u002BPE252gg==",
        "Date": "Fri, 01 Dec 2023 19:12:05 GMT",
        "ETag": "\u00220x8DBF2A168CEA752\u0022",
        "Last-Modified": "Fri, 01 Dec 2023 19:12:06 GMT",
        "Server": [
          "Windows-Azure-Blob/1.0",
          "Microsoft-HTTPAPI/2.0"
        ],
        "x-ms-client-request-id": "4c0efaac-fc6b-4538-8996-96b04215df1e",
        "x-ms-content-crc64": "6RYQPwaVsyQ=",
        "x-ms-request-id": "865ef845-c01e-0041-428a-24cf82000000",
        "x-ms-request-server-encrypted": "true",
        "x-ms-version": "2024-02-04"
      },
      "ResponseBody": null
    },
    {
      "RequestUri": "https://REDACTED/f1498ad02settierarchivestatusrehydratependingtocold7441987054/f1498ad03settierarchivestatusrehydratependingtocold7443489748?comp=tier",
      "RequestMethod": "PUT",
      "RequestHeaders": {
        "Accept": "application/xml",
        "Authorization": "Sanitized",
        "Content-Length": "0",
        "Date": "Fri, 01 Dec 2023 19:12:05 GMT",
        "User-Agent": "azsdk-java-azure-storage-blob/12.26.0-beta.1 (17.0.8; Windows 11; 10.0)",
        "x-ms-access-tier": "Archive",
        "x-ms-client-request-id": "819d42d1-96fd-42ec-83c6-cf2219cd074a",
        "x-ms-version": "2024-02-04"
      },
      "RequestBody": null,
      "StatusCode": 200,
      "ResponseHeaders": {
        "Content-Length": "0",
        "Date": "Fri, 01 Dec 2023 19:12:05 GMT",
        "Server": [
          "Windows-Azure-Blob/1.0",
          "Microsoft-HTTPAPI/2.0"
        ],
        "x-ms-client-request-id": "819d42d1-96fd-42ec-83c6-cf2219cd074a",
        "x-ms-request-id": "865ef89d-c01e-0041-148a-24cf82000000",
        "x-ms-version": "2024-02-04"
      },
      "ResponseBody": null
    },
    {
      "RequestUri": "https://REDACTED/f1498ad02settierarchivestatusrehydratependingtocold7441987054/f1498ad03settierarchivestatusrehydratependingtocold7443489748?comp=tier",
      "RequestMethod": "PUT",
      "RequestHeaders": {
        "Accept": "application/xml",
        "Authorization": "Sanitized",
        "Content-Length": "0",
        "Date": "Fri, 01 Dec 2023 19:12:05 GMT",
        "User-Agent": "azsdk-java-azure-storage-blob/12.26.0-beta.1 (17.0.8; Windows 11; 10.0)",
        "x-ms-access-tier": "Cold",
        "x-ms-client-request-id": "8faa962c-b7a8-4d2f-9797-ae62a38d7719",
        "x-ms-version": "2024-02-04"
      },
      "RequestBody": null,
      "StatusCode": 202,
      "ResponseHeaders": {
        "Content-Length": "0",
        "Date": "Fri, 01 Dec 2023 19:12:05 GMT",
        "Server": [
          "Windows-Azure-Blob/1.0",
          "Microsoft-HTTPAPI/2.0"
        ],
        "x-ms-client-request-id": "8faa962c-b7a8-4d2f-9797-ae62a38d7719",
        "x-ms-request-id": "865ef8fa-c01e-0041-668a-24cf82000000",
        "x-ms-version": "2024-02-04"
      },
      "ResponseBody": null
    },
    {
      "RequestUri": "https://REDACTED/f1498ad02settierarchivestatusrehydratependingtocold7441987054/f1498ad03settierarchivestatusrehydratependingtocold7443489748",
      "RequestMethod": "HEAD",
      "RequestHeaders": {
        "Accept": "application/xml",
        "Authorization": "Sanitized",
        "Content-Length": "0",
        "Date": "Fri, 01 Dec 2023 19:12:05 GMT",
        "User-Agent": "azsdk-java-azure-storage-blob/12.26.0-beta.1 (17.0.8; Windows 11; 10.0)",
        "x-ms-client-request-id": "47339199-59a0-4b73-8483-ffc453717e64",
        "x-ms-version": "2024-02-04"
      },
      "RequestBody": null,
      "StatusCode": 200,
      "ResponseHeaders": {
        "Accept-Ranges": "bytes",
        "Content-Length": "7",
        "Content-MD5": "wh\u002BWm18D0z1D4E\u002BPE252gg==",
        "Content-Type": "application/octet-stream",
        "Date": "Fri, 01 Dec 2023 19:12:05 GMT",
        "ETag": "\u00220x8DBF2A168CEA752\u0022",
        "Last-Modified": "Fri, 01 Dec 2023 19:12:06 GMT",
        "Server": [
          "Windows-Azure-Blob/1.0",
          "Microsoft-HTTPAPI/2.0"
        ],
        "x-ms-access-tier": "Archive",
        "x-ms-access-tier-change-time": "Fri, 01 Dec 2023 19:12:06 GMT",
        "x-ms-archive-status": "rehydrate-pending-to-cold",
        "x-ms-blob-type": "BlockBlob",
        "x-ms-client-request-id": "47339199-59a0-4b73-8483-ffc453717e64",
        "x-ms-creation-time": "Fri, 01 Dec 2023 19:12:06 GMT",
        "x-ms-lease-state": "available",
        "x-ms-lease-status": "unlocked",
        "x-ms-rehydrate-priority": "Standard",
        "x-ms-request-id": "865ef957-c01e-0041-3b8a-24cf82000000",
        "x-ms-server-encrypted": "true",
        "x-ms-version": "2024-02-04"
      },
      "ResponseBody": null
    },
    {
      "RequestUri": "https://REDACTED/f1498ad02settierarchivestatusrehydratependingtocold7441987054?restype=container\u0026comp=list",
      "RequestMethod": "GET",
      "RequestHeaders": {
        "Accept": "application/xml",
        "Authorization": "Sanitized",
        "Content-Length": "0",
        "Date": "Fri, 01 Dec 2023 19:12:05 GMT",
        "User-Agent": "azsdk-java-azure-storage-blob/12.26.0-beta.1 (17.0.8; Windows 11; 10.0)",
        "x-ms-client-request-id": "fd2ea150-e985-4419-b312-c573ac20bbef",
        "x-ms-version": "2024-02-04"
      },
      "RequestBody": null,
      "StatusCode": 200,
      "ResponseHeaders": {
        "Content-Type": "application/xml",
        "Date": "Fri, 01 Dec 2023 19:12:06 GMT",
        "Server": [
          "Windows-Azure-Blob/1.0",
          "Microsoft-HTTPAPI/2.0"
        ],
        "Transfer-Encoding": "chunked",
        "x-ms-client-request-id": "fd2ea150-e985-4419-b312-c573ac20bbef",
        "x-ms-request-id": "cdf4fb90-601e-0015-058a-2480d5000000",
        "x-ms-version": "2024-02-04"
      },
      "ResponseBody": "\uFEFF\u003C?xml version=\u00221.0\u0022 encoding=\u0022utf-8\u0022?\u003E\u003CEnumerationResults ServiceEndpoint=\u0022https://ibrandesstorage.blob.core.windows.net/\u0022 ContainerName=\u0022f1498ad02settierarchivestatusrehydratependingtocold7441987054\u0022\u003E\u003CBlobs\u003E\u003CBlob\u003E\u003CName\u003Ef1498ad03settierarchivestatusrehydratependingtocold7443489748\u003C/Name\u003E\u003CProperties\u003E\u003CCreation-Time\u003EFri, 01 Dec 2023 19:12:06 GMT\u003C/Creation-Time\u003E\u003CLast-Modified\u003EFri, 01 Dec 2023 19:12:06 GMT\u003C/Last-Modified\u003E\u003CEtag\u003E0x8DBF2A168CEA752\u003C/Etag\u003E\u003CContent-Length\u003E7\u003C/Content-Length\u003E\u003CContent-Type\u003Eapplication/octet-stream\u003C/Content-Type\u003E\u003CContent-Encoding /\u003E\u003CContent-Language /\u003E\u003CContent-CRC64 /\u003E\u003CContent-MD5\u003Ewh\u002BWm18D0z1D4E\u002BPE252gg==\u003C/Content-MD5\u003E\u003CCache-Control /\u003E\u003CContent-Disposition /\u003E\u003CBlobType\u003EBlockBlob\u003C/BlobType\u003E\u003CAccessTier\u003EArchive\u003C/AccessTier\u003E\u003CArchiveStatus\u003Erehydrate-pending-to-cold\u003C/ArchiveStatus\u003E\u003CRehydratePriority\u003EStandard\u003C/RehydratePriority\u003E\u003CAccessTierChangeTime\u003EFri, 01 Dec 2023 19:12:06 GMT\u003C/AccessTierChangeTime\u003E\u003CLeaseStatus\u003Eunlocked\u003C/LeaseStatus\u003E\u003CLeaseState\u003Eavailable\u003C/LeaseState\u003E\u003CServerEncrypted\u003Etrue\u003C/ServerEncrypted\u003E\u003C/Properties\u003E\u003COrMetadata /\u003E\u003C/Blob\u003E\u003C/Blobs\u003E\u003CNextMarker /\u003E\u003C/EnumerationResults\u003E"
    },
    {
      "RequestUri": "https://REDACTED/f1498ad02settierarchivestatusrehydratependingtocold7441987054?restype=container",
      "RequestMethod": "DELETE",
      "RequestHeaders": {
        "Accept": "application/xml",
        "Authorization": "Sanitized",
        "Content-Length": "0",
        "Date": "Fri, 01 Dec 2023 19:12:05 GMT",
        "User-Agent": "azsdk-java-azure-storage-blob/12.26.0-beta.1 (17.0.8; Windows 11; 10.0)",
        "x-ms-client-request-id": "31b86b4e-7124-4aae-af4c-bfce21b66da2",
        "x-ms-version": "2024-02-04"
      },
      "RequestBody": null,
      "StatusCode": 202,
      "ResponseHeaders": {
        "Content-Length": "0",
        "Date": "Fri, 01 Dec 2023 19:12:06 GMT",
        "Server": [
          "Windows-Azure-Blob/1.0",
          "Microsoft-HTTPAPI/2.0"
        ],
        "x-ms-client-request-id": "31b86b4e-7124-4aae-af4c-bfce21b66da2",
        "x-ms-request-id": "cdf4fc29-601e-0015-158a-2480d5000000",
        "x-ms-version": "2024-02-04"
      },
      "ResponseBody": null
    }
  ],
  "Variables": {
    "0": "f1498ad00settierarchivestatusrehydratependingtocold744550094c",
    "1": "f1498ad01settierarchivestatusrehydratependingtocold7442388418",
    "2": "f1498ad02settierarchivestatusrehydratependingtocold7441987054",
    "3": "f1498ad03settierarchivestatusrehydratependingtocold7443489748"
  }
}
