{
  "Entries": [
    {
      "RequestUri": "https://REDACTED/0b22bcc90deleteifexistsac0f162450f961c71835c84c6?restype=container",
      "RequestMethod": "PUT",
      "RequestHeaders": {
        "Accept": "application/xml",
        "Authorization": "Sanitized",
        "Content-Length": "0",
        "Date": "Mon, 04 Dec 2023 20:51:32 GMT",
        "User-Agent": "azsdk-java-azure-storage-blob/12.26.0-beta.1 (17.0.8; Windows 11; 10.0)",
        "x-ms-client-request-id": "0260eb0b-31ed-4de9-98de-7ac1e4356a0c",
        "x-ms-version": "2024-02-04"
      },
      "RequestBody": null,
      "StatusCode": 201,
      "ResponseHeaders": {
        "Content-Length": "0",
        "Date": "Mon, 04 Dec 2023 20:51:32 GMT",
        "ETag": "\u00220x8DBF50ACC59585E\u0022",
        "Last-Modified": "Mon, 04 Dec 2023 20:51:32 GMT",
        "Server": [
          "Windows-Azure-Blob/1.0",
          "Microsoft-HTTPAPI/2.0"
        ],
        "x-ms-client-request-id": "0260eb0b-31ed-4de9-98de-7ac1e4356a0c",
        "x-ms-request-id": "ca885369-201e-0090-4ff3-26abec000000",
        "x-ms-version": "2024-02-04"
      },
      "ResponseBody": null
    },
    {
      "RequestUri": "https://REDACTED/0b22bcc90deleteifexistsac0f162450f961c71835c84c6?restype=container",
      "RequestMethod": "PUT",
      "RequestHeaders": {
        "Accept": "application/xml",
        "Authorization": "Sanitized",
        "Content-Length": "0",
        "Date": "Mon, 04 Dec 2023 20:51:32 GMT",
        "User-Agent": "azsdk-java-azure-storage-blob/12.26.0-beta.1 (17.0.8; Windows 11; 10.0)",
        "x-ms-client-request-id": "feb1dc09-17ab-473f-b356-bb534253cefe",
        "x-ms-version": "2024-02-04"
      },
      "RequestBody": null,
      "StatusCode": 409,
      "ResponseHeaders": {
        "Content-Length": "230",
        "Content-Type": "application/xml",
        "Date": "Mon, 04 Dec 2023 20:51:33 GMT",
        "Server": [
          "Windows-Azure-Blob/1.0",
          "Microsoft-HTTPAPI/2.0"
        ],
        "x-ms-client-request-id": "feb1dc09-17ab-473f-b356-bb534253cefe",
        "x-ms-error-code": "ContainerAlreadyExists",
        "x-ms-request-id": "ca8853f8-201e-0090-54f3-26abec000000",
        "x-ms-version": "2024-02-04"
      },
      "ResponseBody": [
        "\uFEFF\u003C?xml version=\u00221.0\u0022 encoding=\u0022utf-8\u0022?\u003E\u003CError\u003E\u003CCode\u003EContainerAlreadyExists\u003C/Code\u003E\u003CMessage\u003EThe specified container already exists.\n",
        "RequestId:ca8853f8-201e-0090-54f3-26abec000000\n",
        "Time:2023-12-04T20:51:33.0792122Z\u003C/Message\u003E\u003C/Error\u003E"
      ]
    },
    {
      "RequestUri": "https://REDACTED/0b22bcc90deleteifexistsac0f162450f961c71835c84c6/0b22bcc91deleteifexistsac0f184188ad4db3d79d5141f",
      "RequestMethod": "PUT",
      "RequestHeaders": {
        "Accept": "application/xml",
        "Authorization": "Sanitized",
        "Content-Length": "7",
        "Content-Type": "application/octet-stream",
        "Date": "Mon, 04 Dec 2023 20:51:32 GMT",
        "If-None-Match": "*",
        "User-Agent": "azsdk-java-azure-storage-blob/12.26.0-beta.1 (17.0.8; Windows 11; 10.0)",
        "x-ms-blob-type": "BlockBlob",
        "x-ms-client-request-id": "1c9b2a69-eaa6-43af-abbf-7b9f11fc4765",
        "x-ms-version": "2024-02-04"
      },
      "RequestBody": "ZGVmYXVsdA==",
      "StatusCode": 201,
      "ResponseHeaders": {
        "Content-Length": "0",
        "Content-MD5": "wh\u002BWm18D0z1D4E\u002BPE252gg==",
        "Date": "Mon, 04 Dec 2023 20:51:33 GMT",
        "ETag": "\u00220x8DBF50ACC72CF5C\u0022",
        "Last-Modified": "Mon, 04 Dec 2023 20:51:33 GMT",
        "Server": [
          "Windows-Azure-Blob/1.0",
          "Microsoft-HTTPAPI/2.0"
        ],
        "x-ms-client-request-id": "1c9b2a69-eaa6-43af-abbf-7b9f11fc4765",
        "x-ms-content-crc64": "6RYQPwaVsyQ=",
        "x-ms-request-id": "ca88546f-201e-0090-48f3-26abec000000",
        "x-ms-request-server-encrypted": "true",
        "x-ms-version": "2024-02-04",
        "x-ms-version-id": "2023-12-04T20:51:33.1611484Z"
      },
      "ResponseBody": null
    },
    {
      "RequestUri": "https://REDACTED/0b22bcc90deleteifexistsac0f162450f961c71835c84c6/0b22bcc91deleteifexistsac0f184188ad4db3d79d5141f?comp=tags",
      "RequestMethod": "PUT",
      "RequestHeaders": {
        "Accept": "application/xml",
        "Authorization": "Sanitized",
        "Content-Length": "111",
        "Content-Type": "application/xml",
        "Date": "Mon, 04 Dec 2023 20:51:32 GMT",
        "User-Agent": "azsdk-java-azure-storage-blob/12.26.0-beta.1 (17.0.8; Windows 11; 10.0)",
        "x-ms-client-request-id": "9d2db3fa-972c-44e9-968f-57ff0dd3ba3e",
        "x-ms-version": "2024-02-04"
      },
      "RequestBody": "\u003C?xml version=\u00271.0\u0027 encoding=\u0027UTF-8\u0027?\u003E\u003CTags\u003E\u003CTagSet\u003E\u003CTag\u003E\u003CKey\u003Efoo\u003C/Key\u003E\u003CValue\u003Ebar\u003C/Value\u003E\u003C/Tag\u003E\u003C/TagSet\u003E\u003C/Tags\u003E",
      "StatusCode": 204,
      "ResponseHeaders": {
        "Date": "Mon, 04 Dec 2023 20:51:33 GMT",
        "Server": [
          "Windows-Azure-Blob/1.0",
          "Microsoft-HTTPAPI/2.0"
        ],
        "x-ms-client-request-id": "9d2db3fa-972c-44e9-968f-57ff0dd3ba3e",
        "x-ms-request-id": "ca885515-201e-0090-65f3-26abec000000",
        "x-ms-version": "2024-02-04"
      },
      "ResponseBody": null
    },
    {
      "RequestUri": "https://REDACTED/0b22bcc90deleteifexistsac0f162450f961c71835c84c6/0b22bcc91deleteifexistsac0f184188ad4db3d79d5141f",
      "RequestMethod": "DELETE",
      "RequestHeaders": {
        "Accept": "application/xml",
        "Authorization": "Sanitized",
        "Content-Length": "0",
        "Date": "Mon, 04 Dec 2023 20:51:32 GMT",
        "If-None-Match": "garbage",
        "User-Agent": "azsdk-java-azure-storage-blob/12.26.0-beta.1 (17.0.8; Windows 11; 10.0)",
        "x-ms-client-request-id": "5e6731b3-a93b-4cf6-9c7d-6da32ed9b69f",
        "x-ms-delete-snapshots": "include",
        "x-ms-version": "2024-02-04"
      },
      "RequestBody": null,
      "StatusCode": 202,
      "ResponseHeaders": {
        "Content-Length": "0",
        "Date": "Mon, 04 Dec 2023 20:51:33 GMT",
        "Server": [
          "Windows-Azure-Blob/1.0",
          "Microsoft-HTTPAPI/2.0"
        ],
        "x-ms-client-request-id": "5e6731b3-a93b-4cf6-9c7d-6da32ed9b69f",
        "x-ms-delete-type-permanent": "false",
        "x-ms-request-id": "ca8855ae-201e-0090-77f3-26abec000000",
        "x-ms-version": "2024-02-04"
      },
      "ResponseBody": null
    }
  ],
  "Variables": {
    "0": "0b22bcc90deleteifexistsac0f162450f961c71835c84c6",
    "1": "0b22bcc91deleteifexistsac0f184188ad4db3d79d5141f"
  }
}
