{
  "Entries": [
    {
      "RequestUri": "https://REDACTED/f236f8440sethttpheadersheadersf600529871068f178e1e?restype=container",
      "RequestMethod": "PUT",
      "RequestHeaders": {
        "Accept": "application/xml",
        "Authorization": "Sanitized",
        "Content-Length": "0",
        "Date": "Thu, 05 Oct 2023 19:44:07 GMT",
        "User-Agent": "azsdk-java-azure-storage-blob/12.25.0-beta.1 (11.0.16.1; Windows 11; 10.0)",
        "x-ms-client-request-id": "f30a44b4-b987-4129-b82b-e2ebee84b949",
        "x-ms-version": "2023-08-03"
      },
      "RequestBody": null,
      "StatusCode": 201,
      "ResponseHeaders": {
        "Content-Length": "0",
        "Date": "Thu, 05 Oct 2023 19:44:06 GMT",
        "ETag": "\u00220x8DBC5DB7028C1FC\u0022",
        "Last-Modified": "Thu, 05 Oct 2023 19:44:07 GMT",
        "Server": [
          "Windows-Azure-Blob/1.0",
          "Microsoft-HTTPAPI/2.0"
        ],
        "x-ms-client-request-id": "f30a44b4-b987-4129-b82b-e2ebee84b949",
        "x-ms-request-id": "69ecbff5-501e-001c-1ac4-f7c3e2000000",
        "x-ms-version": "2023-08-03"
      },
      "ResponseBody": null
    },
    {
      "RequestUri": "https://REDACTED/f236f8440sethttpheadersheadersf600529871068f178e1e/f236f8441sethttpheadersheadersf6078002749fb96836bc",
      "RequestMethod": "PUT",
      "RequestHeaders": {
        "Accept": "application/xml",
        "Authorization": "Sanitized",
        "Content-Length": "7",
        "Content-Type": "application/octet-stream",
        "Date": "Thu, 05 Oct 2023 19:44:07 GMT",
        "If-None-Match": "*",
        "User-Agent": "azsdk-java-azure-storage-blob/12.25.0-beta.1 (11.0.16.1; Windows 11; 10.0)",
        "x-ms-blob-type": "BlockBlob",
        "x-ms-client-request-id": "17a63b8a-bf69-4022-816e-99ae6a34f41a",
        "x-ms-version": "2023-08-03"
      },
      "RequestBody": "ZGVmYXVsdA==",
      "StatusCode": 201,
      "ResponseHeaders": {
        "Content-Length": "0",
        "Content-MD5": "wh\u002BWm18D0z1D4E\u002BPE252gg==",
        "Date": "Thu, 05 Oct 2023 19:44:07 GMT",
        "ETag": "\u00220x8DBC5DB7037C5F0\u0022",
        "Last-Modified": "Thu, 05 Oct 2023 19:44:07 GMT",
        "Server": [
          "Windows-Azure-Blob/1.0",
          "Microsoft-HTTPAPI/2.0"
        ],
        "x-ms-client-request-id": "17a63b8a-bf69-4022-816e-99ae6a34f41a",
        "x-ms-content-crc64": "6RYQPwaVsyQ=",
        "x-ms-request-id": "69ecc024-501e-001c-44c4-f7c3e2000000",
        "x-ms-request-server-encrypted": "true",
        "x-ms-version": "2023-08-03",
        "x-ms-version-id": "2023-10-05T19:44:07.4280188Z"
      },
      "ResponseBody": null
    },
    {
      "RequestUri": "https://REDACTED/f236f8440sethttpheadersheadersf600529871068f178e1e/f236f8441sethttpheadersheadersf6078002749fb96836bc?comp=properties",
      "RequestMethod": "PUT",
      "RequestHeaders": {
        "Accept": "application/xml",
        "Authorization": "Sanitized",
        "Content-Length": "0",
        "Date": "Thu, 05 Oct 2023 19:44:07 GMT",
        "User-Agent": "azsdk-java-azure-storage-blob/12.25.0-beta.1 (11.0.16.1; Windows 11; 10.0)",
        "x-ms-blob-cache-control": "control",
        "x-ms-blob-content-disposition": "disposition",
        "x-ms-blob-content-encoding": "encoding",
        "x-ms-blob-content-language": "language",
        "x-ms-blob-content-md5": "d2grV20xOEQwejFENEUrUEUyNTJnZz09",
        "x-ms-blob-content-type": "type",
        "x-ms-client-request-id": "560579ee-b670-4a29-bce8-61b08557a417",
        "x-ms-version": "2023-08-03"
      },
      "RequestBody": null,
      "StatusCode": 200,
      "ResponseHeaders": {
        "Content-Length": "0",
        "Date": "Thu, 05 Oct 2023 19:44:07 GMT",
        "ETag": "\u00220x8DBC5DB7046B7DE\u0022",
        "Last-Modified": "Thu, 05 Oct 2023 19:44:07 GMT",
        "Server": [
          "Windows-Azure-Blob/1.0",
          "Microsoft-HTTPAPI/2.0"
        ],
        "x-ms-client-request-id": "560579ee-b670-4a29-bce8-61b08557a417",
        "x-ms-request-id": "b968deb9-401e-005d-06c4-f79b06000000",
        "x-ms-version": "2023-08-03"
      },
      "ResponseBody": null
    },
    {
      "RequestUri": "https://REDACTED/f236f8440sethttpheadersheadersf600529871068f178e1e/f236f8441sethttpheadersheadersf6078002749fb96836bc",
      "RequestMethod": "HEAD",
      "RequestHeaders": {
        "Accept": "application/xml",
        "Authorization": "Sanitized",
        "Content-Length": "0",
        "Date": "Thu, 05 Oct 2023 19:44:07 GMT",
        "User-Agent": "azsdk-java-azure-storage-blob/12.25.0-beta.1 (11.0.16.1; Windows 11; 10.0)",
        "x-ms-client-request-id": "be34966d-1abb-4eff-a022-e827f6e75607",
        "x-ms-version": "2023-08-03"
      },
      "RequestBody": null,
      "StatusCode": 200,
      "ResponseHeaders": {
        "Accept-Ranges": "bytes",
        "Access-Control-Allow-Origin": "*",
        "Access-Control-Expose-Headers": "x-ms-client-request-id",
        "Cache-Control": "control",
        "Content-Disposition": "disposition",
        "Content-Encoding": "encoding",
        "Content-Language": "language",
        "Content-Length": "7",
        "Content-MD5": "d2grV20xOEQwejFENEUrUEUyNTJnZz09",
        "Content-Type": "type",
        "Date": "Thu, 05 Oct 2023 19:44:07 GMT",
        "ETag": "\u00220x8DBC5DB7046B7DE\u0022",
        "Last-Modified": "Thu, 05 Oct 2023 19:44:07 GMT",
        "Server": [
          "Windows-Azure-Blob/1.0",
          "Microsoft-HTTPAPI/2.0"
        ],
        "x-ms-access-tier": "Hot",
        "x-ms-access-tier-inferred": "true",
        "x-ms-blob-type": "BlockBlob",
        "x-ms-client-request-id": "be34966d-1abb-4eff-a022-e827f6e75607",
        "x-ms-creation-time": "Thu, 05 Oct 2023 19:44:07 GMT",
        "x-ms-is-current-version": "true",
        "x-ms-last-access-time": "Thu, 05 Oct 2023 19:44:07 GMT",
        "x-ms-lease-state": "available",
        "x-ms-lease-status": "unlocked",
        "x-ms-request-id": "b968df2a-401e-005d-6bc4-f79b06000000",
        "x-ms-server-encrypted": "true",
        "x-ms-version": "2023-08-03",
        "x-ms-version-id": "2023-10-05T19:44:07.4280188Z"
      },
      "ResponseBody": null
    }
  ],
  "Variables": {
    "0": "f236f8440sethttpheadersheadersf600529871068f178e1e",
    "1": "f236f8441sethttpheadersheadersf6078002749fb96836bc"
  }
}
