{
  "Entries": [
    {
      "RequestUri": "https://REDACTED/44cb5ab30downloadacfail22517547ac45ab41219944e2?restype=container",
      "RequestMethod": "PUT",
      "RequestHeaders": {
        "Accept": "application/xml",
        "Authorization": "Sanitized",
        "Content-Length": "0",
        "Date": "Wed, 13 Dec 2023 21:47:39 GMT",
        "User-Agent": "azsdk-java-azure-storage-blob/12.26.0-beta.1 (17.0.8; Windows 11; 10.0)",
        "x-ms-client-request-id": "41006b10-d8d5-4b8c-b30b-8a23a2173175",
        "x-ms-version": "2024-02-04"
      },
      "RequestBody": null,
      "StatusCode": 201,
      "ResponseHeaders": {
        "Content-Length": "0",
        "Date": "Wed, 13 Dec 2023 21:47:39 GMT",
        "ETag": "\u00220x8DBFC2520D2A182\u0022",
        "Last-Modified": "Wed, 13 Dec 2023 21:47:39 GMT",
        "Server": [
          "Windows-Azure-Blob/1.0",
          "Microsoft-HTTPAPI/2.0"
        ],
        "x-ms-client-request-id": "41006b10-d8d5-4b8c-b30b-8a23a2173175",
        "x-ms-request-id": "95c501d0-601e-0015-750d-2e80d5000000",
        "x-ms-version": "2024-02-04"
      },
      "ResponseBody": null
    },
    {
      "RequestUri": "https://REDACTED/44cb5ab30downloadacfail22517547ac45ab41219944e2?restype=container",
      "RequestMethod": "PUT",
      "RequestHeaders": {
        "Accept": "application/xml",
        "Authorization": "Sanitized",
        "Content-Length": "0",
        "Date": "Wed, 13 Dec 2023 21:47:39 GMT",
        "User-Agent": "azsdk-java-azure-storage-blob/12.26.0-beta.1 (17.0.8; Windows 11; 10.0)",
        "x-ms-client-request-id": "25b8070f-719b-4483-9c14-349965130dbd",
        "x-ms-version": "2024-02-04"
      },
      "RequestBody": null,
      "StatusCode": 409,
      "ResponseHeaders": {
        "Content-Length": "230",
        "Content-Type": "application/xml",
        "Date": "Wed, 13 Dec 2023 21:47:39 GMT",
        "Server": [
          "Windows-Azure-Blob/1.0",
          "Microsoft-HTTPAPI/2.0"
        ],
        "x-ms-client-request-id": "25b8070f-719b-4483-9c14-349965130dbd",
        "x-ms-error-code": "ContainerAlreadyExists",
        "x-ms-request-id": "95c5024e-601e-0015-670d-2e80d5000000",
        "x-ms-version": "2024-02-04"
      },
      "ResponseBody": [
        "\uFEFF\u003C?xml version=\u00221.0\u0022 encoding=\u0022utf-8\u0022?\u003E\u003CError\u003E\u003CCode\u003EContainerAlreadyExists\u003C/Code\u003E\u003CMessage\u003EThe specified container already exists.\n",
        "RequestId:95c5024e-601e-0015-670d-2e80d5000000\n",
        "Time:2023-12-13T21:47:39.8670930Z\u003C/Message\u003E\u003C/Error\u003E"
      ]
    },
    {
      "RequestUri": "https://REDACTED/44cb5ab30downloadacfail22517547ac45ab41219944e2/44cb5ab31downloadacfail2253154927838c2197714e1d",
      "RequestMethod": "PUT",
      "RequestHeaders": {
        "Accept": "application/xml",
        "Authorization": "Sanitized",
        "Content-Length": "7",
        "Content-Type": "application/octet-stream",
        "Date": "Wed, 13 Dec 2023 21:47:39 GMT",
        "If-None-Match": "*",
        "User-Agent": "azsdk-java-azure-storage-blob/12.26.0-beta.1 (17.0.8; Windows 11; 10.0)",
        "x-ms-blob-type": "BlockBlob",
        "x-ms-client-request-id": "c1ceab13-7f64-46ab-be50-b08ff9101309",
        "x-ms-version": "2024-02-04"
      },
      "RequestBody": "ZGVmYXVsdA==",
      "StatusCode": 201,
      "ResponseHeaders": {
        "Content-Length": "0",
        "Content-MD5": "wh\u002BWm18D0z1D4E\u002BPE252gg==",
        "Date": "Wed, 13 Dec 2023 21:47:39 GMT",
        "ETag": "\u00220x8DBFC2520EEE632\u0022",
        "Last-Modified": "Wed, 13 Dec 2023 21:47:39 GMT",
        "Server": [
          "Windows-Azure-Blob/1.0",
          "Microsoft-HTTPAPI/2.0"
        ],
        "x-ms-client-request-id": "c1ceab13-7f64-46ab-be50-b08ff9101309",
        "x-ms-content-crc64": "6RYQPwaVsyQ=",
        "x-ms-request-id": "95c502ce-601e-0015-5d0d-2e80d5000000",
        "x-ms-request-server-encrypted": "true",
        "x-ms-version": "2024-02-04"
      },
      "ResponseBody": null
    },
    {
      "RequestUri": "https://REDACTED/44cb5ab30downloadacfail22517547ac45ab41219944e2/44cb5ab31downloadacfail2253154927838c2197714e1d",
      "RequestMethod": "GET",
      "RequestHeaders": {
        "Accept": "application/xml",
        "Authorization": "Sanitized",
        "Content-Length": "0",
        "Date": "Wed, 13 Dec 2023 21:47:39 GMT",
        "If-Unmodified-Since": "Tue, 12 Dec 2023 21:45:16 GMT",
        "User-Agent": "azsdk-java-azure-storage-blob/12.26.0-beta.1 (17.0.8; Windows 11; 10.0)",
        "x-ms-client-request-id": "0f2315ca-8d5f-4015-9e36-5a81966ff7c0",
        "x-ms-version": "2024-02-04"
      },
      "RequestBody": null,
      "StatusCode": 412,
      "ResponseHeaders": {
        "Access-Control-Allow-Origin": "*",
        "Access-Control-Expose-Headers": "x-ms-client-request-id",
        "Content-Length": "252",
        "Content-Type": "application/xml",
        "Date": "Wed, 13 Dec 2023 21:47:39 GMT",
        "Server": [
          "Windows-Azure-Blob/1.0",
          "Microsoft-HTTPAPI/2.0"
        ],
        "x-ms-client-request-id": "0f2315ca-8d5f-4015-9e36-5a81966ff7c0",
        "x-ms-error-code": "ConditionNotMet",
        "x-ms-request-id": "95c50360-601e-0015-640d-2e80d5000000",
        "x-ms-version": "2024-02-04"
      },
      "ResponseBody": [
        "\uFEFF\u003C?xml version=\u00221.0\u0022 encoding=\u0022utf-8\u0022?\u003E\u003CError\u003E\u003CCode\u003EConditionNotMet\u003C/Code\u003E\u003CMessage\u003EThe condition specified using HTTP conditional header(s) is not met.\n",
        "RequestId:95c50360-601e-0015-640d-2e80d5000000\n",
        "Time:2023-12-13T21:47:40.0639808Z\u003C/Message\u003E\u003C/Error\u003E"
      ]
    }
  ],
  "Variables": {
    "0": "44cb5ab30downloadacfail22517547ac45ab41219944e2",
    "1": "44cb5ab31downloadacfail2253154927838c2197714e1d"
  }
}
