{
  "Entries": [
    {
      "RequestUri": "https://REDACTED/de2297890audiencefromstring3ba81679991e312d31814d?restype=container",
      "RequestMethod": "PUT",
      "RequestHeaders": {
        "Accept": "application/xml",
        "Authorization": "Sanitized",
        "Content-Length": "0",
        "Date": "Mon, 04 Dec 2023 20:55:17 GMT",
        "User-Agent": "azsdk-java-azure-storage-blob/12.26.0-beta.1 (17.0.8; Windows 11; 10.0)",
        "x-ms-client-request-id": "59ba452f-67ff-4f99-8399-5385ac20e7e8",
        "x-ms-version": "2024-02-04"
      },
      "RequestBody": null,
      "StatusCode": 201,
      "ResponseHeaders": {
        "Content-Length": "0",
        "Date": "Mon, 04 Dec 2023 20:55:18 GMT",
        "ETag": "\u00220x8DBF50B5293AEE4\u0022",
        "Last-Modified": "Mon, 04 Dec 2023 20:55:18 GMT",
        "Server": [
          "Windows-Azure-Blob/1.0",
          "Microsoft-HTTPAPI/2.0"
        ],
        "x-ms-client-request-id": "59ba452f-67ff-4f99-8399-5385ac20e7e8",
        "x-ms-request-id": "619e936b-501e-0041-2ef4-26c966000000",
        "x-ms-version": "2024-02-04"
      },
      "ResponseBody": null
    },
    {
      "RequestUri": "https://REDACTED/de2297890audiencefromstring3ba81679991e312d31814d?restype=container",
      "RequestMethod": "PUT",
      "RequestHeaders": {
        "Accept": "application/xml",
        "Authorization": "Sanitized",
        "Content-Length": "0",
        "Date": "Mon, 04 Dec 2023 20:55:17 GMT",
        "User-Agent": "azsdk-java-azure-storage-blob/12.26.0-beta.1 (17.0.8; Windows 11; 10.0)",
        "x-ms-client-request-id": "2e3d94e0-e638-4fbe-b323-ded449e8ea78",
        "x-ms-version": "2024-02-04"
      },
      "RequestBody": null,
      "StatusCode": 409,
      "ResponseHeaders": {
        "Content-Length": "230",
        "Content-Type": "application/xml",
        "Date": "Mon, 04 Dec 2023 20:55:17 GMT",
        "Server": [
          "Windows-Azure-Blob/1.0",
          "Microsoft-HTTPAPI/2.0"
        ],
        "x-ms-client-request-id": "2e3d94e0-e638-4fbe-b323-ded449e8ea78",
        "x-ms-error-code": "ContainerAlreadyExists",
        "x-ms-request-id": "1f9e5028-c01e-007c-70f4-26bf7d000000",
        "x-ms-version": "2024-02-04"
      },
      "ResponseBody": [
        "\uFEFF\u003C?xml version=\u00221.0\u0022 encoding=\u0022utf-8\u0022?\u003E\u003CError\u003E\u003CCode\u003EContainerAlreadyExists\u003C/Code\u003E\u003CMessage\u003EThe specified container already exists.\n",
        "RequestId:1f9e5028-c01e-007c-70f4-26bf7d000000\n",
        "Time:2023-12-04T20:55:18.2697594Z\u003C/Message\u003E\u003C/Error\u003E"
      ]
    },
    {
      "RequestUri": "https://REDACTED/de2297890audiencefromstring3ba81679991e312d31814d/de2297891audiencefromstring3ba30712efa3b9eec30546",
      "RequestMethod": "PUT",
      "RequestHeaders": {
        "Accept": "application/xml",
        "Authorization": "Sanitized",
        "Content-Length": "7",
        "Content-Type": "application/octet-stream",
        "Date": "Mon, 04 Dec 2023 20:55:17 GMT",
        "If-None-Match": "*",
        "User-Agent": "azsdk-java-azure-storage-blob/12.26.0-beta.1 (17.0.8; Windows 11; 10.0)",
        "x-ms-blob-type": "BlockBlob",
        "x-ms-client-request-id": "59939d95-2656-41a8-a6ac-0a2c6eed37dd",
        "x-ms-version": "2024-02-04"
      },
      "RequestBody": "ZGVmYXVsdA==",
      "StatusCode": 201,
      "ResponseHeaders": {
        "Content-Length": "0",
        "Content-MD5": "wh\u002BWm18D0z1D4E\u002BPE252gg==",
        "Date": "Mon, 04 Dec 2023 20:55:17 GMT",
        "ETag": "\u00220x8DBF50B52AC9136\u0022",
        "Last-Modified": "Mon, 04 Dec 2023 20:55:18 GMT",
        "Server": [
          "Windows-Azure-Blob/1.0",
          "Microsoft-HTTPAPI/2.0"
        ],
        "x-ms-client-request-id": "59939d95-2656-41a8-a6ac-0a2c6eed37dd",
        "x-ms-content-crc64": "6RYQPwaVsyQ=",
        "x-ms-request-id": "588379da-601e-0091-01f4-26f430000000",
        "x-ms-request-server-encrypted": "true",
        "x-ms-version": "2024-02-04",
        "x-ms-version-id": "2023-12-04T20:55:18.3543606Z"
      },
      "ResponseBody": null
    },
    {
      "RequestUri": "https://REDACTED/de2297890audiencefromstring3ba81679991e312d31814d/de2297891audiencefromstring3ba30712efa3b9eec30546",
      "RequestMethod": "HEAD",
      "RequestHeaders": {
        "Accept": "application/xml",
        "Authorization": "Sanitized",
        "Content-Length": "0",
        "Date": "Mon, 04 Dec 2023 20:55:17 GMT",
        "User-Agent": "azsdk-java-azure-storage-blob/12.26.0-beta.1 (17.0.8; Windows 11; 10.0)",
        "x-ms-client-request-id": "922bb77c-76b9-46d7-ae63-b527f4b31826",
        "x-ms-version": "2024-02-04"
      },
      "RequestBody": null,
      "StatusCode": 200,
      "ResponseHeaders": {
        "Accept-Ranges": "bytes",
        "Access-Control-Allow-Origin": "*",
        "Access-Control-Expose-Headers": "x-ms-client-request-id",
        "Content-Length": "7",
        "Content-MD5": "wh\u002BWm18D0z1D4E\u002BPE252gg==",
        "Content-Type": "application/octet-stream",
        "Date": "Mon, 04 Dec 2023 20:55:18 GMT",
        "ETag": "\u00220x8DBF50B52AC9136\u0022",
        "Last-Modified": "Mon, 04 Dec 2023 20:55:18 GMT",
        "Server": [
          "Windows-Azure-Blob/1.0",
          "Microsoft-HTTPAPI/2.0"
        ],
        "x-ms-access-tier": "Hot",
        "x-ms-access-tier-inferred": "true",
        "x-ms-blob-type": "BlockBlob",
        "x-ms-client-request-id": "922bb77c-76b9-46d7-ae63-b527f4b31826",
        "x-ms-creation-time": "Mon, 04 Dec 2023 20:55:18 GMT",
        "x-ms-is-current-version": "true",
        "x-ms-last-access-time": "Mon, 04 Dec 2023 20:55:18 GMT",
        "x-ms-lease-state": "available",
        "x-ms-lease-status": "unlocked",
        "x-ms-request-id": "619e94b4-501e-0041-42f4-26c966000000",
        "x-ms-server-encrypted": "true",
        "x-ms-version": "2024-02-04",
        "x-ms-version-id": "2023-12-04T20:55:18.3543606Z"
      },
      "ResponseBody": null
    }
  ],
  "Variables": {
    "0": "de2297890audiencefromstring3ba81679991e312d31814d",
    "1": "de2297891audiencefromstring3ba30712efa3b9eec30546"
  }
}
