{
  "Entries": [
    {
      "RequestUri": "https://REDACTED/8be231010synccopydestacfail66b10204ace383ac158b44?restype=container",
      "RequestMethod": "PUT",
      "RequestHeaders": {
        "Accept": "application/xml",
        "Authorization": "Sanitized",
        "Content-Length": "0",
        "Date": "Wed, 11 Oct 2023 21:22:40 GMT",
        "User-Agent": "azsdk-java-azure-storage-blob/12.25.0-beta.1 (17.0.8.1; Windows 11; 10.0)",
        "x-ms-client-request-id": "c0d268ca-6f38-4708-bcc6-19ee34d11a6a",
        "x-ms-version": "2023-08-03"
      },
      "RequestBody": null,
      "StatusCode": 201,
      "ResponseHeaders": {
        "Content-Length": "0",
        "Date": "Wed, 11 Oct 2023 21:22:39 GMT",
        "ETag": "\u00220x8DBCAA032DF3ABB\u0022",
        "Last-Modified": "Wed, 11 Oct 2023 21:22:40 GMT",
        "Server": [
          "Windows-Azure-Blob/1.0",
          "Microsoft-HTTPAPI/2.0"
        ],
        "x-ms-client-request-id": "c0d268ca-6f38-4708-bcc6-19ee34d11a6a",
        "x-ms-request-id": "555c6169-b01e-0014-5189-fcd9ed000000",
        "x-ms-version": "2023-08-03"
      },
      "ResponseBody": null
    },
    {
      "RequestUri": "https://REDACTED/8be231010synccopydestacfail66b10204ace383ac158b44/8be231011synccopydestacfail66b201085102b452ff974c",
      "RequestMethod": "PUT",
      "RequestHeaders": {
        "Accept": "application/xml",
        "Authorization": "Sanitized",
        "Content-Length": "7",
        "Content-Type": "application/octet-stream",
        "Date": "Wed, 11 Oct 2023 21:22:40 GMT",
        "If-None-Match": "*",
        "User-Agent": "azsdk-java-azure-storage-blob/12.25.0-beta.1 (17.0.8.1; Windows 11; 10.0)",
        "x-ms-blob-type": "BlockBlob",
        "x-ms-client-request-id": "5491cf60-af6c-41b6-814d-08df469c103b",
        "x-ms-version": "2023-08-03"
      },
      "RequestBody": "ZGVmYXVsdA==",
      "StatusCode": 201,
      "ResponseHeaders": {
        "Content-Length": "0",
        "Content-MD5": "wh\u002BWm18D0z1D4E\u002BPE252gg==",
        "Date": "Wed, 11 Oct 2023 21:22:39 GMT",
        "ETag": "\u00220x8DBCAA032E3136F\u0022",
        "Last-Modified": "Wed, 11 Oct 2023 21:22:40 GMT",
        "Server": [
          "Windows-Azure-Blob/1.0",
          "Microsoft-HTTPAPI/2.0"
        ],
        "x-ms-client-request-id": "5491cf60-af6c-41b6-814d-08df469c103b",
        "x-ms-content-crc64": "6RYQPwaVsyQ=",
        "x-ms-request-id": "de1a22ac-201e-0080-7c89-fc6e84000000",
        "x-ms-request-server-encrypted": "true",
        "x-ms-version": "2023-08-03"
      },
      "ResponseBody": null
    },
    {
      "RequestUri": "https://REDACTED/8be231010synccopydestacfail66b10204ace383ac158b44?restype=container\u0026comp=acl",
      "RequestMethod": "PUT",
      "RequestHeaders": {
        "Accept": "application/xml",
        "Authorization": "Sanitized",
        "Content-Length": "58",
        "Content-Type": "application/xml",
        "Date": "Wed, 11 Oct 2023 21:22:40 GMT",
        "User-Agent": "azsdk-java-azure-storage-blob/12.25.0-beta.1 (17.0.8.1; Windows 11; 10.0)",
        "x-ms-blob-public-access": "container",
        "x-ms-client-request-id": "af982e5e-4862-4b87-89d9-8e8729f81896",
        "x-ms-version": "2023-08-03"
      },
      "RequestBody": "\u003C?xml version=\u00271.0\u0027 encoding=\u0027UTF-8\u0027?\u003E\u003CSignedIdentifiers/\u003E",
      "StatusCode": 200,
      "ResponseHeaders": {
        "Content-Length": "0",
        "Date": "Wed, 11 Oct 2023 21:22:40 GMT",
        "ETag": "\u00220x8DBCAA032E760AE\u0022",
        "Last-Modified": "Wed, 11 Oct 2023 21:22:40 GMT",
        "Server": [
          "Windows-Azure-Blob/1.0",
          "Microsoft-HTTPAPI/2.0"
        ],
        "x-ms-client-request-id": "af982e5e-4862-4b87-89d9-8e8729f81896",
        "x-ms-request-id": "de1a22ce-201e-0080-1789-fc6e84000000",
        "x-ms-version": "2023-08-03"
      },
      "ResponseBody": null
    },
    {
      "RequestUri": "https://REDACTED/8be231010synccopydestacfail66b10204ace383ac158b44/8be231012synccopydestacfail66b2600193df97f454e34b",
      "RequestMethod": "PUT",
      "RequestHeaders": {
        "Accept": "application/xml",
        "Authorization": "Sanitized",
        "Content-Length": "7",
        "Content-Type": "application/octet-stream",
        "Date": "Wed, 11 Oct 2023 21:22:40 GMT",
        "If-None-Match": "*",
        "User-Agent": "azsdk-java-azure-storage-blob/12.25.0-beta.1 (17.0.8.1; Windows 11; 10.0)",
        "x-ms-blob-type": "BlockBlob",
        "x-ms-client-request-id": "2f8edaa3-fe51-4d8d-9a1d-7ea2021e3c7c",
        "x-ms-version": "2023-08-03"
      },
      "RequestBody": "ZGVmYXVsdA==",
      "StatusCode": 201,
      "ResponseHeaders": {
        "Content-Length": "0",
        "Content-MD5": "wh\u002BWm18D0z1D4E\u002BPE252gg==",
        "Date": "Wed, 11 Oct 2023 21:22:40 GMT",
        "ETag": "\u00220x8DBCAA032EEF895\u0022",
        "Last-Modified": "Wed, 11 Oct 2023 21:22:40 GMT",
        "Server": [
          "Windows-Azure-Blob/1.0",
          "Microsoft-HTTPAPI/2.0"
        ],
        "x-ms-client-request-id": "2f8edaa3-fe51-4d8d-9a1d-7ea2021e3c7c",
        "x-ms-content-crc64": "6RYQPwaVsyQ=",
        "x-ms-request-id": "de1a231d-201e-0080-5f89-fc6e84000000",
        "x-ms-request-server-encrypted": "true",
        "x-ms-version": "2023-08-03"
      },
      "ResponseBody": null
    },
    {
      "RequestUri": "https://REDACTED/8be231010synccopydestacfail66b10204ace383ac158b44/8be231012synccopydestacfail66b2600193df97f454e34b",
      "RequestMethod": "PUT",
      "RequestHeaders": {
        "Accept": "application/xml",
        "Authorization": "Sanitized",
        "Content-Length": "0",
        "Date": "Wed, 11 Oct 2023 21:22:40 GMT",
        "If-Unmodified-Since": "Tue, 10 Oct 2023 21:21:58 GMT",
        "User-Agent": "azsdk-java-azure-storage-blob/12.25.0-beta.1 (17.0.8.1; Windows 11; 10.0)",
        "x-ms-client-request-id": "8330f213-abba-4545-9f85-855278de3472",
        "x-ms-copy-source": "https://REDACTED/8be231010synccopydestacfail66b10204ace383ac158b44/8be231011synccopydestacfail66b201085102b452ff974c",
        "x-ms-requires-sync": "true",
        "x-ms-version": "2023-08-03"
      },
      "RequestBody": null,
      "StatusCode": 412,
      "ResponseHeaders": {
        "Content-Length": "252",
        "Content-Type": "application/xml",
        "Date": "Wed, 11 Oct 2023 21:22:40 GMT",
        "Server": [
          "Windows-Azure-Blob/1.0",
          "Microsoft-HTTPAPI/2.0"
        ],
        "x-ms-client-request-id": "8330f213-abba-4545-9f85-855278de3472",
        "x-ms-error-code": "ConditionNotMet",
        "x-ms-request-id": "de1a2343-201e-0080-7e89-fc6e84000000",
        "x-ms-version": "2023-08-03"
      },
      "ResponseBody": [
        "\uFEFF\u003C?xml version=\u00221.0\u0022 encoding=\u0022utf-8\u0022?\u003E\u003CError\u003E\u003CCode\u003EConditionNotMet\u003C/Code\u003E\u003CMessage\u003EThe condition specified using HTTP conditional header(s) is not met.\n",
        "RequestId:de1a2343-201e-0080-7e89-fc6e84000000\n",
        "Time:2023-10-11T21:22:40.1658710Z\u003C/Message\u003E\u003C/Error\u003E"
      ]
    }
  ],
  "Variables": {
    "0": "8be231010synccopydestacfail66b10204ace383ac158b44",
    "1": "8be231011synccopydestacfail66b201085102b452ff974c",
    "2": "8be231012synccopydestacfail66b2600193df97f454e34b"
  }
}
