{
  "Entries": [
    {
      "RequestUri": "https://REDACTED/f28bf3150copyseal8db4609083dd3ae42ea446dea9f?restype=container",
      "RequestMethod": "PUT",
      "RequestHeaders": {
        "Accept": "application/xml",
        "Authorization": "Sanitized",
        "Content-Length": "0",
        "Date": "Mon, 11 Dec 2023 19:12:28 GMT",
        "User-Agent": "azsdk-java-azure-storage-blob/12.26.0-beta.1 (17.0.8; Windows 11; 10.0)",
        "x-ms-client-request-id": "cb705787-d3f9-4cf3-898a-e96400787d09",
        "x-ms-version": "2024-02-04"
      },
      "RequestBody": null,
      "StatusCode": 201,
      "ResponseHeaders": {
        "Content-Length": "0",
        "Date": "Mon, 11 Dec 2023 19:12:31 GMT",
        "ETag": "\u00220x8DBFA7D208ABFB2\u0022",
        "Last-Modified": "Mon, 11 Dec 2023 19:12:32 GMT",
        "Server": [
          "Windows-Azure-Blob/1.0",
          "Microsoft-HTTPAPI/2.0"
        ],
        "x-ms-client-request-id": "cb705787-d3f9-4cf3-898a-e96400787d09",
        "x-ms-request-id": "3cc0646c-701e-009f-2e65-2cdb64000000",
        "x-ms-version": "2024-02-04"
      },
      "ResponseBody": null
    },
    {
      "RequestUri": "https://REDACTED/f28bf3150copyseal8db4609083dd3ae42ea446dea9f?restype=container",
      "RequestMethod": "PUT",
      "RequestHeaders": {
        "Accept": "application/xml",
        "Authorization": "Sanitized",
        "Content-Length": "0",
        "Date": "Mon, 11 Dec 2023 19:12:29 GMT",
        "User-Agent": "azsdk-java-azure-storage-blob/12.26.0-beta.1 (17.0.8; Windows 11; 10.0)",
        "x-ms-client-request-id": "acd07056-c152-4d05-bb54-83916dbe40f1",
        "x-ms-version": "2024-02-04"
      },
      "RequestBody": null,
      "StatusCode": 409,
      "ResponseHeaders": {
        "Content-Length": "230",
        "Content-Type": "application/xml",
        "Date": "Mon, 11 Dec 2023 19:12:31 GMT",
        "Server": [
          "Windows-Azure-Blob/1.0",
          "Microsoft-HTTPAPI/2.0"
        ],
        "x-ms-client-request-id": "acd07056-c152-4d05-bb54-83916dbe40f1",
        "x-ms-error-code": "ContainerAlreadyExists",
        "x-ms-request-id": "3cc064db-701e-009f-1265-2cdb64000000",
        "x-ms-version": "2024-02-04"
      },
      "ResponseBody": [
        "\uFEFF\u003C?xml version=\u00221.0\u0022 encoding=\u0022utf-8\u0022?\u003E\u003CError\u003E\u003CCode\u003EContainerAlreadyExists\u003C/Code\u003E\u003CMessage\u003EThe specified container already exists.\n",
        "RequestId:3cc064db-701e-009f-1265-2cdb64000000\n",
        "Time:2023-12-11T19:12:32.7726630Z\u003C/Message\u003E\u003C/Error\u003E"
      ]
    },
    {
      "RequestUri": "https://REDACTED/f28bf3150copyseal8db4609083dd3ae42ea446dea9f/f28bf3151copyseal8db06167113422b690b14bbb865",
      "RequestMethod": "PUT",
      "RequestHeaders": {
        "Accept": "application/xml",
        "Authorization": "Sanitized",
        "Content-Length": "7",
        "Content-Type": "application/octet-stream",
        "Date": "Mon, 11 Dec 2023 19:12:29 GMT",
        "If-None-Match": "*",
        "User-Agent": "azsdk-java-azure-storage-blob/12.26.0-beta.1 (17.0.8; Windows 11; 10.0)",
        "x-ms-blob-type": "BlockBlob",
        "x-ms-client-request-id": "fcb6f5fa-c5fa-4dd1-90ac-dc5803515f34",
        "x-ms-version": "2024-02-04"
      },
      "RequestBody": "ZGVmYXVsdA==",
      "StatusCode": 201,
      "ResponseHeaders": {
        "Content-Length": "0",
        "Content-MD5": "wh\u002BWm18D0z1D4E\u002BPE252gg==",
        "Date": "Mon, 11 Dec 2023 19:12:31 GMT",
        "ETag": "\u00220x8DBFA7D20A48BB2\u0022",
        "Last-Modified": "Mon, 11 Dec 2023 19:12:32 GMT",
        "Server": [
          "Windows-Azure-Blob/1.0",
          "Microsoft-HTTPAPI/2.0"
        ],
        "x-ms-client-request-id": "fcb6f5fa-c5fa-4dd1-90ac-dc5803515f34",
        "x-ms-content-crc64": "6RYQPwaVsyQ=",
        "x-ms-request-id": "3cc06568-701e-009f-1965-2cdb64000000",
        "x-ms-request-server-encrypted": "true",
        "x-ms-version": "2024-02-04"
      },
      "ResponseBody": null
    },
    {
      "RequestUri": "https://REDACTED/f28bf3150copyseal8db4609083dd3ae42ea446dea9f/f28bf3152copyseal8db22740ae536037f1a94ffd842",
      "RequestMethod": "PUT",
      "RequestHeaders": {
        "Accept": "application/xml",
        "Authorization": "Sanitized",
        "Content-Length": "0",
        "Date": "Mon, 11 Dec 2023 19:12:29 GMT",
        "If-None-Match": "*",
        "User-Agent": "azsdk-java-azure-storage-blob/12.26.0-beta.1 (17.0.8; Windows 11; 10.0)",
        "x-ms-blob-type": "AppendBlob",
        "x-ms-client-request-id": "26fb377c-42ef-4ea1-9023-d8f84fe76efc",
        "x-ms-version": "2024-02-04"
      },
      "RequestBody": null,
      "StatusCode": 201,
      "ResponseHeaders": {
        "Content-Length": "0",
        "Date": "Mon, 11 Dec 2023 19:12:31 GMT",
        "ETag": "\u00220x8DBFA7D20B18222\u0022",
        "Last-Modified": "Mon, 11 Dec 2023 19:12:32 GMT",
        "Server": [
          "Windows-Azure-Blob/1.0",
          "Microsoft-HTTPAPI/2.0"
        ],
        "x-ms-client-request-id": "26fb377c-42ef-4ea1-9023-d8f84fe76efc",
        "x-ms-request-id": "3cc0662b-701e-009f-5265-2cdb64000000",
        "x-ms-request-server-encrypted": "true",
        "x-ms-version": "2024-02-04"
      },
      "ResponseBody": null
    },
    {
      "RequestUri": "https://REDACTED/f28bf3150copyseal8db4609083dd3ae42ea446dea9f/f28bf3153copyseal8db37586c6ca37afe3a84e219dd",
      "RequestMethod": "PUT",
      "RequestHeaders": {
        "Accept": "application/xml",
        "Authorization": "Sanitized",
        "Content-Length": "0",
        "Date": "Mon, 11 Dec 2023 19:12:29 GMT",
        "User-Agent": "azsdk-java-azure-storage-blob/12.26.0-beta.1 (17.0.8; Windows 11; 10.0)",
        "x-ms-client-request-id": "9e75ccb4-f5e8-4744-acea-caba941f3834",
        "x-ms-copy-source": "https://REDACTED/f28bf3150copyseal8db4609083dd3ae42ea446dea9f/f28bf3152copyseal8db22740ae536037f1a94ffd842",
        "x-ms-seal-blob": "false",
        "x-ms-version": "2024-02-04"
      },
      "RequestBody": null,
      "StatusCode": 202,
      "ResponseHeaders": {
        "Content-Length": "0",
        "Date": "Mon, 11 Dec 2023 19:12:32 GMT",
        "ETag": "\u00220x8DBFA7D20BF89D7\u0022",
        "Last-Modified": "Mon, 11 Dec 2023 19:12:33 GMT",
        "Server": [
          "Windows-Azure-Blob/1.0",
          "Microsoft-HTTPAPI/2.0"
        ],
        "x-ms-client-request-id": "9e75ccb4-f5e8-4744-acea-caba941f3834",
        "x-ms-copy-id": "b47f231a-47af-43f8-a6bd-bd3fb4939b7f",
        "x-ms-copy-status": "success",
        "x-ms-request-id": "3cc066f3-701e-009f-0f65-2cdb64000000",
        "x-ms-version": "2024-02-04"
      },
      "ResponseBody": null
    },
    {
      "RequestUri": "https://REDACTED/f28bf3150copyseal8db4609083dd3ae42ea446dea9f/f28bf3153copyseal8db37586c6ca37afe3a84e219dd",
      "RequestMethod": "HEAD",
      "RequestHeaders": {
        "Accept": "application/xml",
        "Authorization": "Sanitized",
        "Content-Length": "0",
        "Date": "Mon, 11 Dec 2023 19:12:30 GMT",
        "User-Agent": "azsdk-java-azure-storage-blob/12.26.0-beta.1 (17.0.8; Windows 11; 10.0)",
        "x-ms-client-request-id": "e93084e6-38ee-495f-b654-e6d82cf0a1c6",
        "x-ms-version": "2024-02-04"
      },
      "RequestBody": null,
      "StatusCode": 200,
      "ResponseHeaders": {
        "Accept-Ranges": "bytes",
        "Access-Control-Allow-Origin": "*",
        "Access-Control-Expose-Headers": "x-ms-client-request-id",
        "Content-Length": "0",
        "Content-Type": "application/octet-stream",
        "Date": "Mon, 11 Dec 2023 19:12:33 GMT",
        "ETag": "\u00220x8DBFA7D20BF89D7\u0022",
        "Last-Modified": "Mon, 11 Dec 2023 19:12:33 GMT",
        "Server": [
          "Windows-Azure-Blob/1.0",
          "Microsoft-HTTPAPI/2.0"
        ],
        "x-ms-blob-committed-block-count": "0",
        "x-ms-blob-type": "AppendBlob",
        "x-ms-client-request-id": "e93084e6-38ee-495f-b654-e6d82cf0a1c6",
        "x-ms-copy-completion-time": "Mon, 11 Dec 2023 19:12:33 GMT",
        "x-ms-copy-id": "b47f231a-47af-43f8-a6bd-bd3fb4939b7f",
        "x-ms-copy-progress": "0/0",
        "x-ms-copy-source": "https://REDACTED/f28bf3150copyseal8db4609083dd3ae42ea446dea9f/f28bf3152copyseal8db22740ae536037f1a94ffd842",
        "x-ms-copy-status": "success",
        "x-ms-creation-time": "Mon, 11 Dec 2023 19:12:33 GMT",
        "x-ms-lease-state": "available",
        "x-ms-lease-status": "unlocked",
        "x-ms-request-id": "3cc06e59-701e-009f-0965-2cdb64000000",
        "x-ms-server-encrypted": "true",
        "x-ms-version": "2024-02-04"
      },
      "ResponseBody": null
    },
    {
      "RequestUri": "https://REDACTED/f28bf3150copyseal8db4609083dd3ae42ea446dea9f/f28bf3153copyseal8db37586c6ca37afe3a84e219dd",
      "RequestMethod": "HEAD",
      "RequestHeaders": {
        "Accept": "application/xml",
        "Authorization": "Sanitized",
        "Content-Length": "0",
        "Date": "Mon, 11 Dec 2023 19:12:30 GMT",
        "User-Agent": "azsdk-java-azure-storage-blob/12.26.0-beta.1 (17.0.8; Windows 11; 10.0)",
        "x-ms-client-request-id": "b7441689-0309-421b-8358-ae67a7541f5e",
        "x-ms-version": "2024-02-04"
      },
      "RequestBody": null,
      "StatusCode": 200,
      "ResponseHeaders": {
        "Accept-Ranges": "bytes",
        "Access-Control-Allow-Origin": "*",
        "Access-Control-Expose-Headers": "x-ms-client-request-id",
        "Content-Length": "0",
        "Content-Type": "application/octet-stream",
        "Date": "Mon, 11 Dec 2023 19:12:33 GMT",
        "ETag": "\u00220x8DBFA7D20BF89D7\u0022",
        "Last-Modified": "Mon, 11 Dec 2023 19:12:33 GMT",
        "Server": [
          "Windows-Azure-Blob/1.0",
          "Microsoft-HTTPAPI/2.0"
        ],
        "x-ms-blob-committed-block-count": "0",
        "x-ms-blob-type": "AppendBlob",
        "x-ms-client-request-id": "b7441689-0309-421b-8358-ae67a7541f5e",
        "x-ms-copy-completion-time": "Mon, 11 Dec 2023 19:12:33 GMT",
        "x-ms-copy-id": "b47f231a-47af-43f8-a6bd-bd3fb4939b7f",
        "x-ms-copy-progress": "0/0",
        "x-ms-copy-source": "https://REDACTED/f28bf3150copyseal8db4609083dd3ae42ea446dea9f/f28bf3152copyseal8db22740ae536037f1a94ffd842",
        "x-ms-copy-status": "success",
        "x-ms-creation-time": "Mon, 11 Dec 2023 19:12:33 GMT",
        "x-ms-lease-state": "available",
        "x-ms-lease-status": "unlocked",
        "x-ms-request-id": "3cc06eeb-701e-009f-0b65-2cdb64000000",
        "x-ms-server-encrypted": "true",
        "x-ms-version": "2024-02-04"
      },
      "ResponseBody": null
    }
  ],
  "Variables": {
    "0": "f28bf3150copyseal8db4609083dd3ae42ea446dea9f",
    "1": "f28bf3151copyseal8db06167113422b690b14bbb865",
    "2": "f28bf3152copyseal8db22740ae536037f1a94ffd842",
    "3": "f28bf3153copyseal8db37586c6ca37afe3a84e219dd"
  }
}
