{
  "Entries": [
    {
      "RequestUri": "https://REDACTED/1d6744d10queryparquetoutputia464905366f0dfd5d3b8d4?restype=container",
      "RequestMethod": "PUT",
      "RequestHeaders": {
        "Accept": "application/xml",
        "Authorization": "Sanitized",
        "Content-Length": "0",
        "Date": "Mon, 04 Dec 2023 20:54:34 GMT",
        "User-Agent": "azsdk-java-azure-storage-blob/12.26.0-beta.1 (17.0.8; Windows 11; 10.0)",
        "x-ms-client-request-id": "3cc2ff6c-95c4-450b-9013-f4f44e12ba2e",
        "x-ms-version": "2024-02-04"
      },
      "RequestBody": null,
      "StatusCode": 201,
      "ResponseHeaders": {
        "Content-Length": "0",
        "Date": "Mon, 04 Dec 2023 20:54:34 GMT",
        "ETag": "\u00220x8DBF50B39217B58\u0022",
        "Last-Modified": "Mon, 04 Dec 2023 20:54:35 GMT",
        "Server": [
          "Windows-Azure-Blob/1.0",
          "Microsoft-HTTPAPI/2.0"
        ],
        "x-ms-client-request-id": "3cc2ff6c-95c4-450b-9013-f4f44e12ba2e",
        "x-ms-request-id": "619e2729-501e-0041-2ff4-26c966000000",
        "x-ms-version": "2024-02-04"
      },
      "ResponseBody": null
    },
    {
      "RequestUri": "https://REDACTED/1d6744d10queryparquetoutputia464905366f0dfd5d3b8d4?restype=container",
      "RequestMethod": "PUT",
      "RequestHeaders": {
        "Accept": "application/xml",
        "Authorization": "Sanitized",
        "Content-Length": "0",
        "Date": "Mon, 04 Dec 2023 20:54:34 GMT",
        "User-Agent": "azsdk-java-azure-storage-blob/12.26.0-beta.1 (17.0.8; Windows 11; 10.0)",
        "x-ms-client-request-id": "303348a6-e627-4119-bdbf-9513a9b2d432",
        "x-ms-version": "2024-02-04"
      },
      "RequestBody": null,
      "StatusCode": 409,
      "ResponseHeaders": {
        "Content-Length": "230",
        "Content-Type": "application/xml",
        "Date": "Mon, 04 Dec 2023 20:54:34 GMT",
        "Server": [
          "Windows-Azure-Blob/1.0",
          "Microsoft-HTTPAPI/2.0"
        ],
        "x-ms-client-request-id": "303348a6-e627-4119-bdbf-9513a9b2d432",
        "x-ms-error-code": "ContainerAlreadyExists",
        "x-ms-request-id": "619e274a-501e-0041-4af4-26c966000000",
        "x-ms-version": "2024-02-04"
      },
      "ResponseBody": [
        "\uFEFF\u003C?xml version=\u00221.0\u0022 encoding=\u0022utf-8\u0022?\u003E\u003CError\u003E\u003CCode\u003EContainerAlreadyExists\u003C/Code\u003E\u003CMessage\u003EThe specified container already exists.\n",
        "RequestId:619e274a-501e-0041-4af4-26c966000000\n",
        "Time:2023-12-04T20:54:35.5817637Z\u003C/Message\u003E\u003C/Error\u003E"
      ]
    },
    {
      "RequestUri": "https://REDACTED/1d6744d10queryparquetoutputia464905366f0dfd5d3b8d4/1d6744d11queryparquetoutputia46476320c9e699af8d424",
      "RequestMethod": "HEAD",
      "RequestHeaders": {
        "Accept": "application/xml",
        "Authorization": "Sanitized",
        "Content-Length": "0",
        "Date": "Mon, 04 Dec 2023 20:54:34 GMT",
        "User-Agent": "azsdk-java-azure-storage-blob/12.26.0-beta.1 (17.0.8; Windows 11; 10.0)",
        "x-ms-client-request-id": "e62ef64e-126e-4771-aa63-c1359a2fcc91",
        "x-ms-version": "2024-02-04"
      },
      "RequestBody": null,
      "StatusCode": 404,
      "ResponseHeaders": {
        "Date": "Mon, 04 Dec 2023 20:54:34 GMT",
        "Server": [
          "Windows-Azure-Blob/1.0",
          "Microsoft-HTTPAPI/2.0"
        ],
        "Transfer-Encoding": "chunked",
        "x-ms-client-request-id": "e62ef64e-126e-4771-aa63-c1359a2fcc91",
        "x-ms-error-code": "BlobNotFound",
        "x-ms-request-id": "619e276a-501e-0041-64f4-26c966000000",
        "x-ms-version": "2024-02-04"
      },
      "ResponseBody": null
    },
    {
      "RequestUri": "https://REDACTED/1d6744d10queryparquetoutputia464905366f0dfd5d3b8d4/1d6744d11queryparquetoutputia46476320c9e699af8d424",
      "RequestMethod": "PUT",
      "RequestHeaders": {
        "Accept": "application/xml",
        "Authorization": "Sanitized",
        "Content-Length": "0",
        "Content-Type": "application/octet-stream",
        "Date": "Mon, 04 Dec 2023 20:54:34 GMT",
        "If-None-Match": "*",
        "User-Agent": "azsdk-java-azure-storage-blob/12.26.0-beta.1 (17.0.8; Windows 11; 10.0)",
        "x-ms-blob-type": "BlockBlob",
        "x-ms-client-request-id": "c617af46-0a36-4bd4-a6e7-c9c8787fb2da",
        "x-ms-version": "2024-02-04"
      },
      "RequestBody": null,
      "StatusCode": 201,
      "ResponseHeaders": {
        "Content-Length": "0",
        "Content-MD5": "1B2M2Y8AsgTpgAmY7PhCfg==",
        "Date": "Mon, 04 Dec 2023 20:54:34 GMT",
        "ETag": "\u00220x8DBF50B394442CE\u0022",
        "Last-Modified": "Mon, 04 Dec 2023 20:54:35 GMT",
        "Server": [
          "Windows-Azure-Blob/1.0",
          "Microsoft-HTTPAPI/2.0"
        ],
        "x-ms-client-request-id": "c617af46-0a36-4bd4-a6e7-c9c8787fb2da",
        "x-ms-content-crc64": "AAAAAAAAAAA=",
        "x-ms-request-id": "619e278a-501e-0041-7ff4-26c966000000",
        "x-ms-request-server-encrypted": "true",
        "x-ms-version": "2024-02-04",
        "x-ms-version-id": "2023-12-04T20:54:35.7277390Z"
      },
      "ResponseBody": null
    }
  ],
  "Variables": {
    "0": "1d6744d10queryparquetoutputia464905366f0dfd5d3b8d4",
    "1": "1d6744d11queryparquetoutputia46476320c9e699af8d424"
  }
}
