{
  "Entries": [
    {
      "RequestUri": "https://REDACTED/bb5e535d0uploadsuccessfulretryabc142315b0598afa1c9?restype=container",
      "RequestMethod": "PUT",
      "RequestHeaders": {
        "Accept": "application/xml",
        "Authorization": "Sanitized",
        "Content-Length": "0",
        "Date": "Mon, 11 Dec 2023 23:29:31 GMT",
        "User-Agent": "azsdk-java-azure-storage-blob/12.26.0-beta.1 (17.0.8; Windows 11; 10.0)",
        "x-ms-client-request-id": "5b8f8af4-f0e0-4e21-915d-c731803c08a4",
        "x-ms-version": "2024-02-04"
      },
      "RequestBody": null,
      "StatusCode": 201,
      "ResponseHeaders": {
        "Content-Length": "0",
        "Date": "Mon, 11 Dec 2023 23:29:35 GMT",
        "ETag": "\u00220x8DBFAA10939CDBA\u0022",
        "Last-Modified": "Mon, 11 Dec 2023 23:29:35 GMT",
        "Server": [
          "Windows-Azure-Blob/1.0",
          "Microsoft-HTTPAPI/2.0"
        ],
        "x-ms-client-request-id": "5b8f8af4-f0e0-4e21-915d-c731803c08a4",
        "x-ms-request-id": "b5e66b26-101e-007d-7e89-2ce645000000",
        "x-ms-version": "2024-02-04"
      },
      "ResponseBody": null
    },
    {
      "RequestUri": "https://REDACTED/bb5e535d0uploadsuccessfulretryabc142315b0598afa1c9?restype=container",
      "RequestMethod": "PUT",
      "RequestHeaders": {
        "Accept": "application/xml",
        "Authorization": "Sanitized",
        "Content-Length": "0",
        "Date": "Mon, 11 Dec 2023 23:29:31 GMT",
        "User-Agent": "azsdk-java-azure-storage-blob/12.26.0-beta.1 (17.0.8; Windows 11; 10.0)",
        "x-ms-client-request-id": "cf7aab2c-3e9d-4273-85bd-1dee22658a01",
        "x-ms-version": "2024-02-04"
      },
      "RequestBody": null,
      "StatusCode": 409,
      "ResponseHeaders": {
        "Content-Length": "230",
        "Content-Type": "application/xml",
        "Date": "Mon, 11 Dec 2023 23:29:35 GMT",
        "Server": [
          "Windows-Azure-Blob/1.0",
          "Microsoft-HTTPAPI/2.0"
        ],
        "x-ms-client-request-id": "cf7aab2c-3e9d-4273-85bd-1dee22658a01",
        "x-ms-error-code": "ContainerAlreadyExists",
        "x-ms-request-id": "b5e66b6e-101e-007d-3d89-2ce645000000",
        "x-ms-version": "2024-02-04"
      },
      "ResponseBody": [
        "\uFEFF\u003C?xml version=\u00221.0\u0022 encoding=\u0022utf-8\u0022?\u003E\u003CError\u003E\u003CCode\u003EContainerAlreadyExists\u003C/Code\u003E\u003CMessage\u003EThe specified container already exists.\n",
        "RequestId:b5e66b6e-101e-007d-3d89-2ce645000000\n",
        "Time:2023-12-11T23:29:35.5368488Z\u003C/Message\u003E\u003C/Error\u003E"
      ]
    },
    {
      "RequestUri": "https://REDACTED/bb5e535d0uploadsuccessfulretryabc142315b0598afa1c9/bb5e535d1uploadsuccessfulretryabc79861fb4c06597c77",
      "RequestMethod": "PUT",
      "RequestHeaders": {
        "Accept": "application/xml",
        "Authorization": "Sanitized",
        "Content-Length": "7",
        "Content-Type": "application/octet-stream",
        "Date": "Mon, 11 Dec 2023 23:29:31 GMT",
        "If-None-Match": "*",
        "User-Agent": "azsdk-java-azure-storage-blob/12.26.0-beta.1 (17.0.8; Windows 11; 10.0)",
        "x-ms-blob-type": "BlockBlob",
        "x-ms-client-request-id": "5ed2be38-fe42-4e94-91c4-075cab4c6718",
        "x-ms-version": "2024-02-04"
      },
      "RequestBody": "ZGVmYXVsdA==",
      "StatusCode": 201,
      "ResponseHeaders": {
        "Content-Length": "0",
        "Content-MD5": "wh\u002BWm18D0z1D4E\u002BPE252gg==",
        "Date": "Mon, 11 Dec 2023 23:29:34 GMT",
        "ETag": "\u00220x8DBFAA109530D04\u0022",
        "Last-Modified": "Mon, 11 Dec 2023 23:29:35 GMT",
        "Server": [
          "Windows-Azure-Blob/1.0",
          "Microsoft-HTTPAPI/2.0"
        ],
        "x-ms-client-request-id": "5ed2be38-fe42-4e94-91c4-075cab4c6718",
        "x-ms-content-crc64": "6RYQPwaVsyQ=",
        "x-ms-request-id": "20ef2492-101e-0099-5989-2ce8db000000",
        "x-ms-request-server-encrypted": "true",
        "x-ms-version": "2024-02-04"
      },
      "ResponseBody": null
    },
    {
      "RequestUri": "https://REDACTED/bb5e535d0uploadsuccessfulretryabc142315b0598afa1c9/bb5e535d1uploadsuccessfulretryabc79861fb4c06597c77",
      "RequestMethod": "PUT",
      "RequestHeaders": {
        "Accept": "application/xml",
        "Authorization": "Sanitized",
        "Content-Length": "7",
        "Content-Type": "application/octet-stream",
        "Date": "Mon, 11 Dec 2023 23:29:31 GMT",
        "User-Agent": "azsdk-java-azure-storage-blob/12.26.0-beta.1 (17.0.8; Windows 11; 10.0)",
        "x-ms-blob-type": "BlockBlob",
        "x-ms-client-request-id": "db229f76-b3d2-4418-b199-039a1a9d1ec3",
        "x-ms-version": "2024-02-04"
      },
      "RequestBody": "ZGVmYXVsdA==",
      "StatusCode": 201,
      "ResponseHeaders": {
        "Content-Length": "0",
        "Content-MD5": "wh\u002BWm18D0z1D4E\u002BPE252gg==",
        "Date": "Mon, 11 Dec 2023 23:29:34 GMT",
        "ETag": "\u00220x8DBFAA1096189DC\u0022",
        "Last-Modified": "Mon, 11 Dec 2023 23:29:35 GMT",
        "Server": [
          "Windows-Azure-Blob/1.0",
          "Microsoft-HTTPAPI/2.0"
        ],
        "x-ms-client-request-id": "db229f76-b3d2-4418-b199-039a1a9d1ec3",
        "x-ms-content-crc64": "6RYQPwaVsyQ=",
        "x-ms-request-id": "2f543228-501e-000e-7e89-2cbed6000000",
        "x-ms-request-server-encrypted": "true",
        "x-ms-version": "2024-02-04"
      },
      "ResponseBody": null
    },
    {
      "RequestUri": "https://REDACTED/bb5e535d0uploadsuccessfulretryabc142315b0598afa1c9/bb5e535d1uploadsuccessfulretryabc79861fb4c06597c77",
      "RequestMethod": "GET",
      "RequestHeaders": {
        "Accept": "application/xml",
        "Authorization": "Sanitized",
        "Content-Length": "0",
        "Date": "Mon, 11 Dec 2023 23:29:31 GMT",
        "User-Agent": "azsdk-java-azure-storage-blob/12.26.0-beta.1 (17.0.8; Windows 11; 10.0)",
        "x-ms-client-request-id": "3d0d9bad-3d36-46ec-a328-094cd807313e",
        "x-ms-version": "2024-02-04"
      },
      "RequestBody": null,
      "StatusCode": 200,
      "ResponseHeaders": {
        "Accept-Ranges": "bytes",
        "Content-Length": "7",
        "Content-MD5": "wh\u002BWm18D0z1D4E\u002BPE252gg==",
        "Content-Type": "application/octet-stream",
        "Date": "Mon, 11 Dec 2023 23:29:35 GMT",
        "ETag": "\u00220x8DBFAA1096189DC\u0022",
        "Last-Modified": "Mon, 11 Dec 2023 23:29:35 GMT",
        "Server": [
          "Windows-Azure-Blob/1.0",
          "Microsoft-HTTPAPI/2.0"
        ],
        "x-ms-blob-type": "BlockBlob",
        "x-ms-client-request-id": "3d0d9bad-3d36-46ec-a328-094cd807313e",
        "x-ms-creation-time": "Mon, 11 Dec 2023 23:29:35 GMT",
        "x-ms-lease-state": "available",
        "x-ms-lease-status": "unlocked",
        "x-ms-request-id": "c2c64173-901e-00a8-3d89-2c09c8000000",
        "x-ms-server-encrypted": "true",
        "x-ms-version": "2024-02-04"
      },
      "ResponseBody": "ZGVmYXVsdA=="
    }
  ],
  "Variables": {
    "0": "bb5e535d0uploadsuccessfulretryabc142315b0598afa1c9",
    "1": "bb5e535d1uploadsuccessfulretryabc79861fb4c06597c77"
  }
}
