{
  "Entries": [
    {
      "RequestUri": "https://REDACTED/f7e4d1160sethttpheadersacfail15983069bb75d6b045d64?restype=container",
      "RequestMethod": "PUT",
      "RequestHeaders": {
        "Accept": "application/xml",
        "Authorization": "Sanitized",
        "Content-Length": "0",
        "Date": "Wed, 18 Oct 2023 19:08:17 GMT",
        "User-Agent": "azsdk-java-azure-storage-blob/12.25.0-beta.1 (17.0.8; Windows 11; 10.0)",
        "x-ms-client-request-id": "1f2bc66c-fac4-4856-8b05-9a0ba21d3233",
        "x-ms-version": "2023-11-03"
      },
      "RequestBody": null,
      "StatusCode": 201,
      "ResponseHeaders": {
        "Content-Length": "0",
        "Date": "Wed, 18 Oct 2023 19:08:17 GMT",
        "ETag": "\u00220x8DBD00D964B773A\u0022",
        "Last-Modified": "Wed, 18 Oct 2023 19:08:17 GMT",
        "Server": [
          "Windows-Azure-Blob/1.0",
          "Microsoft-HTTPAPI/2.0"
        ],
        "x-ms-client-request-id": "1f2bc66c-fac4-4856-8b05-9a0ba21d3233",
        "x-ms-request-id": "a302aadd-d01e-00a9-54f6-015614000000",
        "x-ms-version": "2023-11-03"
      },
      "ResponseBody": null
    },
    {
      "RequestUri": "https://REDACTED/f7e4d1160sethttpheadersacfail15983069bb75d6b045d64/f7e4d1161sethttpheadersacfail159709692540c8e0709d4",
      "RequestMethod": "PUT",
      "RequestHeaders": {
        "Accept": "application/xml",
        "Authorization": "Sanitized",
        "Content-Length": "7",
        "Content-Type": "application/octet-stream",
        "Date": "Wed, 18 Oct 2023 19:08:17 GMT",
        "If-None-Match": "*",
        "User-Agent": "azsdk-java-azure-storage-blob/12.25.0-beta.1 (17.0.8; Windows 11; 10.0)",
        "x-ms-blob-type": "BlockBlob",
        "x-ms-client-request-id": "8b0dd42f-b007-4e19-a4ed-e051795aa55e",
        "x-ms-version": "2023-11-03"
      },
      "RequestBody": "ZGVmYXVsdA==",
      "StatusCode": 201,
      "ResponseHeaders": {
        "Content-Length": "0",
        "Content-MD5": "wh\u002BWm18D0z1D4E\u002BPE252gg==",
        "Date": "Wed, 18 Oct 2023 19:08:17 GMT",
        "ETag": "\u00220x8DBD00D96588275\u0022",
        "Last-Modified": "Wed, 18 Oct 2023 19:08:17 GMT",
        "Server": [
          "Windows-Azure-Blob/1.0",
          "Microsoft-HTTPAPI/2.0"
        ],
        "x-ms-client-request-id": "8b0dd42f-b007-4e19-a4ed-e051795aa55e",
        "x-ms-content-crc64": "6RYQPwaVsyQ=",
        "x-ms-request-id": "a302ab33-d01e-00a9-1df6-015614000000",
        "x-ms-request-server-encrypted": "true",
        "x-ms-version": "2023-11-03"
      },
      "ResponseBody": null
    },
    {
      "RequestUri": "https://REDACTED/f7e4d1160sethttpheadersacfail15983069bb75d6b045d64/f7e4d1161sethttpheadersacfail159709692540c8e0709d4?comp=lease",
      "RequestMethod": "PUT",
      "RequestHeaders": {
        "Accept": "application/xml",
        "Authorization": "Sanitized",
        "Content-Length": "0",
        "Date": "Wed, 18 Oct 2023 19:08:17 GMT",
        "User-Agent": "azsdk-java-azure-storage-blob/12.25.0-beta.1 (17.0.8; Windows 11; 10.0)",
        "x-ms-client-request-id": "f7bed776-a2d5-474d-99c3-cdf9faf886a5",
        "x-ms-lease-action": "acquire",
        "x-ms-lease-duration": "-1",
        "x-ms-proposed-lease-id": "0afcd916-a4f5-45e1-9224-2b31f6dbdbf6",
        "x-ms-version": "2023-11-03"
      },
      "RequestBody": null,
      "StatusCode": 201,
      "ResponseHeaders": {
        "Content-Length": "0",
        "Date": "Wed, 18 Oct 2023 19:08:17 GMT",
        "ETag": "\u00220x8DBD00D96588275\u0022",
        "Last-Modified": "Wed, 18 Oct 2023 19:08:17 GMT",
        "Server": [
          "Windows-Azure-Blob/1.0",
          "Microsoft-HTTPAPI/2.0"
        ],
        "x-ms-client-request-id": "f7bed776-a2d5-474d-99c3-cdf9faf886a5",
        "x-ms-lease-id": "0afcd916-a4f5-45e1-9224-2b31f6dbdbf6",
        "x-ms-request-id": "9d994fd0-001e-005e-65f6-017c86000000",
        "x-ms-version": "2023-11-03"
      },
      "ResponseBody": null
    },
    {
      "RequestUri": "https://REDACTED/f7e4d1160sethttpheadersacfail15983069bb75d6b045d64/f7e4d1161sethttpheadersacfail159709692540c8e0709d4?comp=properties",
      "RequestMethod": "PUT",
      "RequestHeaders": {
        "Accept": "application/xml",
        "Authorization": "Sanitized",
        "Content-Length": "0",
        "Date": "Wed, 18 Oct 2023 19:08:17 GMT",
        "User-Agent": "azsdk-java-azure-storage-blob/12.25.0-beta.1 (17.0.8; Windows 11; 10.0)",
        "x-ms-client-request-id": "df6b663e-1fdd-4d39-a783-4b588a3eae31",
        "x-ms-lease-id": "06cde407-50c6-4ee5-8edd-57d81a077ac3",
        "x-ms-version": "2023-11-03"
      },
      "RequestBody": null,
      "StatusCode": 412,
      "ResponseHeaders": {
        "Content-Length": "264",
        "Content-Type": "application/xml",
        "Date": "Wed, 18 Oct 2023 19:08:17 GMT",
        "Server": [
          "Windows-Azure-Blob/1.0",
          "Microsoft-HTTPAPI/2.0"
        ],
        "x-ms-client-request-id": "df6b663e-1fdd-4d39-a783-4b588a3eae31",
        "x-ms-error-code": "LeaseIdMismatchWithBlobOperation",
        "x-ms-request-id": "a302abde-d01e-00a9-32f6-015614000000",
        "x-ms-version": "2023-11-03"
      },
      "ResponseBody": [
        "\uFEFF\u003C?xml version=\u00221.0\u0022 encoding=\u0022utf-8\u0022?\u003E\u003CError\u003E\u003CCode\u003ELeaseIdMismatchWithBlobOperation\u003C/Code\u003E\u003CMessage\u003EThe lease ID specified did not match the lease ID for the blob.\n",
        "RequestId:a302abde-d01e-00a9-32f6-015614000000\n",
        "Time:2023-10-18T19:08:18.0575836Z\u003C/Message\u003E\u003C/Error\u003E"
      ]
    }
  ],
  "Variables": {
    "0": "f7e4d1160sethttpheadersacfail15983069bb75d6b045d64",
    "1": "f7e4d1161sethttpheadersacfail159709692540c8e0709d4"
  }
}
