{
  "Entries": [
    {
      "RequestUri": "https://REDACTED/347a6b0b0getcontainerclient1089494527cbe2d6a19046?restype=container",
      "RequestMethod": "PUT",
      "RequestHeaders": {
        "Accept": "application/xml",
        "Authorization": "Sanitized",
        "Content-Length": "0",
        "Date": "Thu, 12 Oct 2023 17:26:48 GMT",
        "User-Agent": "azsdk-java-azure-storage-blob/12.25.0-beta.1 (17.0.8.1; Windows 11; 10.0)",
        "x-ms-client-request-id": "f6d47e6a-95a0-4755-a87c-219694bb1daa",
        "x-ms-version": "2023-08-03"
      },
      "RequestBody": null,
      "StatusCode": 201,
      "ResponseHeaders": {
        "Content-Length": "0",
        "Date": "Thu, 12 Oct 2023 17:26:48 GMT",
        "ETag": "\u00220x8DBCB486A7B1669\u0022",
        "Last-Modified": "Thu, 12 Oct 2023 17:26:48 GMT",
        "Server": [
          "Windows-Azure-Blob/1.0",
          "Microsoft-HTTPAPI/2.0"
        ],
        "x-ms-client-request-id": "f6d47e6a-95a0-4755-a87c-219694bb1daa",
        "x-ms-request-id": "8d0a3d47-301e-001f-4e31-fd79b5000000",
        "x-ms-version": "2023-08-03"
      },
      "ResponseBody": null
    },
    {
      "RequestUri": "https://REDACTED/347a6b0b0getcontainerclient1089494527cbe2d6a19046/347a6b0b1getcontainerclient1082072536f25f06511b43",
      "RequestMethod": "PUT",
      "RequestHeaders": {
        "Accept": "application/xml",
        "Authorization": "Sanitized",
        "Content-Length": "7",
        "Content-Type": "application/octet-stream",
        "Date": "Thu, 12 Oct 2023 17:26:48 GMT",
        "If-None-Match": "*",
        "User-Agent": "azsdk-java-azure-storage-blob/12.25.0-beta.1 (17.0.8.1; Windows 11; 10.0)",
        "x-ms-blob-type": "BlockBlob",
        "x-ms-client-request-id": "0943a680-5943-47c3-bfba-bfeb454d50e3",
        "x-ms-version": "2023-08-03"
      },
      "RequestBody": "ZGVmYXVsdA==",
      "StatusCode": 201,
      "ResponseHeaders": {
        "Content-Length": "0",
        "Content-MD5": "wh\u002BWm18D0z1D4E\u002BPE252gg==",
        "Date": "Thu, 12 Oct 2023 17:26:48 GMT",
        "ETag": "\u00220x8DBCB486A7F0495\u0022",
        "Last-Modified": "Thu, 12 Oct 2023 17:26:48 GMT",
        "Server": [
          "Windows-Azure-Blob/1.0",
          "Microsoft-HTTPAPI/2.0"
        ],
        "x-ms-client-request-id": "0943a680-5943-47c3-bfba-bfeb454d50e3",
        "x-ms-content-crc64": "6RYQPwaVsyQ=",
        "x-ms-request-id": "8d0a3d5c-301e-001f-6031-fd79b5000000",
        "x-ms-request-server-encrypted": "true",
        "x-ms-version": "2023-08-03"
      },
      "ResponseBody": null
    },
    {
      "RequestUri": "https://REDACTED/347a6b0b0getcontainerclient1089494527cbe2d6a19046?restype=container",
      "RequestMethod": "GET",
      "RequestHeaders": {
        "Accept": "application/xml",
        "Authorization": "Sanitized",
        "Content-Length": "0",
        "Date": "Thu, 12 Oct 2023 17:26:48 GMT",
        "User-Agent": "azsdk-java-azure-storage-blob/12.25.0-beta.1 (17.0.8.1; Windows 11; 10.0)",
        "x-ms-client-request-id": "fe0fdb53-9b50-4724-8eac-c26d46c30706",
        "x-ms-version": "2023-08-03"
      },
      "RequestBody": null,
      "StatusCode": 200,
      "ResponseHeaders": {
        "Access-Control-Allow-Origin": "*",
        "Access-Control-Expose-Headers": "x-ms-client-request-id",
        "Content-Length": "0",
        "Date": "Thu, 12 Oct 2023 17:26:48 GMT",
        "ETag": "\u00220x8DBCB486A7B1669\u0022",
        "Last-Modified": "Thu, 12 Oct 2023 17:26:48 GMT",
        "Server": [
          "Windows-Azure-Blob/1.0",
          "Microsoft-HTTPAPI/2.0"
        ],
        "x-ms-client-request-id": "fe0fdb53-9b50-4724-8eac-c26d46c30706",
        "x-ms-default-encryption-scope": "$account-encryption-key",
        "x-ms-deny-encryption-scope-override": "false",
        "x-ms-has-immutability-policy": "false",
        "x-ms-has-legal-hold": "false",
        "x-ms-immutable-storage-with-versioning-enabled": "false",
        "x-ms-lease-state": "available",
        "x-ms-lease-status": "unlocked",
        "x-ms-request-id": "8d0a3d73-301e-001f-7431-fd79b5000000",
        "x-ms-version": "2023-08-03"
      },
      "ResponseBody": null
    }
  ],
  "Variables": {
    "0": "347a6b0b0getcontainerclient1089494527cbe2d6a19046",
    "1": "347a6b0b1getcontainerclient1082072536f25f06511b43",
    "2": "2023-10-12T17:26:48.805081400Z"
  }
}
