{
  "Entries": [
    {
      "RequestUri": "https://REDACTED/165b41390downloadacbinarydata2ef27266ebc2bb955a594?restype=container",
      "RequestMethod": "PUT",
      "RequestHeaders": {
        "Accept": "application/xml",
        "Authorization": "Sanitized",
        "Content-Length": "0",
        "Date": "Mon, 04 Dec 2023 20:52:35 GMT",
        "User-Agent": "azsdk-java-azure-storage-blob/12.26.0-beta.1 (17.0.8; Windows 11; 10.0)",
        "x-ms-client-request-id": "7985184a-5794-4a8e-af09-479e508bc267",
        "x-ms-version": "2024-02-04"
      },
      "RequestBody": null,
      "StatusCode": 201,
      "ResponseHeaders": {
        "Content-Length": "0",
        "Date": "Mon, 04 Dec 2023 20:52:36 GMT",
        "ETag": "\u00220x8DBF50AF2583D2D\u0022",
        "Last-Modified": "Mon, 04 Dec 2023 20:52:36 GMT",
        "Server": [
          "Windows-Azure-Blob/1.0",
          "Microsoft-HTTPAPI/2.0"
        ],
        "x-ms-client-request-id": "7985184a-5794-4a8e-af09-479e508bc267",
        "x-ms-request-id": "ca89c4b9-201e-0090-09f3-26abec000000",
        "x-ms-version": "2024-02-04"
      },
      "ResponseBody": null
    },
    {
      "RequestUri": "https://REDACTED/165b41390downloadacbinarydata2ef27266ebc2bb955a594?restype=container",
      "RequestMethod": "PUT",
      "RequestHeaders": {
        "Accept": "application/xml",
        "Authorization": "Sanitized",
        "Content-Length": "0",
        "Date": "Mon, 04 Dec 2023 20:52:35 GMT",
        "User-Agent": "azsdk-java-azure-storage-blob/12.26.0-beta.1 (17.0.8; Windows 11; 10.0)",
        "x-ms-client-request-id": "f32e4027-5069-462a-8720-90769efad2a2",
        "x-ms-version": "2024-02-04"
      },
      "RequestBody": null,
      "StatusCode": 409,
      "ResponseHeaders": {
        "Content-Length": "230",
        "Content-Type": "application/xml",
        "Date": "Mon, 04 Dec 2023 20:52:36 GMT",
        "Server": [
          "Windows-Azure-Blob/1.0",
          "Microsoft-HTTPAPI/2.0"
        ],
        "x-ms-client-request-id": "f32e4027-5069-462a-8720-90769efad2a2",
        "x-ms-error-code": "ContainerAlreadyExists",
        "x-ms-request-id": "ca89c54b-201e-0090-18f3-26abec000000",
        "x-ms-version": "2024-02-04"
      },
      "ResponseBody": [
        "\uFEFF\u003C?xml version=\u00221.0\u0022 encoding=\u0022utf-8\u0022?\u003E\u003CError\u003E\u003CCode\u003EContainerAlreadyExists\u003C/Code\u003E\u003CMessage\u003EThe specified container already exists.\n",
        "RequestId:ca89c54b-201e-0090-18f3-26abec000000\n",
        "Time:2023-12-04T20:52:36.8313801Z\u003C/Message\u003E\u003C/Error\u003E"
      ]
    },
    {
      "RequestUri": "https://REDACTED/165b41390downloadacbinarydata2ef27266ebc2bb955a594/165b41391downloadacbinarydata2ef47617c4370f24b2c14",
      "RequestMethod": "PUT",
      "RequestHeaders": {
        "Accept": "application/xml",
        "Authorization": "Sanitized",
        "Content-Length": "7",
        "Content-Type": "application/octet-stream",
        "Date": "Mon, 04 Dec 2023 20:52:36 GMT",
        "If-None-Match": "*",
        "User-Agent": "azsdk-java-azure-storage-blob/12.26.0-beta.1 (17.0.8; Windows 11; 10.0)",
        "x-ms-blob-type": "BlockBlob",
        "x-ms-client-request-id": "21d9e13c-15d9-47d6-9d95-d00c5ac12d28",
        "x-ms-version": "2024-02-04"
      },
      "RequestBody": "ZGVmYXVsdA==",
      "StatusCode": 201,
      "ResponseHeaders": {
        "Content-Length": "0",
        "Content-MD5": "wh\u002BWm18D0z1D4E\u002BPE252gg==",
        "Date": "Mon, 04 Dec 2023 20:52:36 GMT",
        "ETag": "\u00220x8DBF50AF2739730\u0022",
        "Last-Modified": "Mon, 04 Dec 2023 20:52:36 GMT",
        "Server": [
          "Windows-Azure-Blob/1.0",
          "Microsoft-HTTPAPI/2.0"
        ],
        "x-ms-client-request-id": "21d9e13c-15d9-47d6-9d95-d00c5ac12d28",
        "x-ms-content-crc64": "6RYQPwaVsyQ=",
        "x-ms-request-id": "ca89c5d1-201e-0090-19f3-26abec000000",
        "x-ms-request-server-encrypted": "true",
        "x-ms-version": "2024-02-04",
        "x-ms-version-id": "2023-12-04T20:52:36.9196848Z"
      },
      "ResponseBody": null
    },
    {
      "RequestUri": "https://REDACTED/165b41390downloadacbinarydata2ef27266ebc2bb955a594/165b41391downloadacbinarydata2ef47617c4370f24b2c14?comp=tags",
      "RequestMethod": "PUT",
      "RequestHeaders": {
        "Accept": "application/xml",
        "Authorization": "Sanitized",
        "Content-Length": "111",
        "Content-Type": "application/xml",
        "Date": "Mon, 04 Dec 2023 20:52:36 GMT",
        "User-Agent": "azsdk-java-azure-storage-blob/12.26.0-beta.1 (17.0.8; Windows 11; 10.0)",
        "x-ms-client-request-id": "eb6cf2fc-2c52-4eff-a5c7-79a918dd6d15",
        "x-ms-version": "2024-02-04"
      },
      "RequestBody": "\u003C?xml version=\u00271.0\u0027 encoding=\u0027UTF-8\u0027?\u003E\u003CTags\u003E\u003CTagSet\u003E\u003CTag\u003E\u003CKey\u003Efoo\u003C/Key\u003E\u003CValue\u003Ebar\u003C/Value\u003E\u003C/Tag\u003E\u003C/TagSet\u003E\u003C/Tags\u003E",
      "StatusCode": 204,
      "ResponseHeaders": {
        "Date": "Mon, 04 Dec 2023 20:52:36 GMT",
        "Server": [
          "Windows-Azure-Blob/1.0",
          "Microsoft-HTTPAPI/2.0"
        ],
        "x-ms-client-request-id": "eb6cf2fc-2c52-4eff-a5c7-79a918dd6d15",
        "x-ms-request-id": "ca89c65d-201e-0090-1cf3-26abec000000",
        "x-ms-version": "2024-02-04"
      },
      "ResponseBody": null
    },
    {
      "RequestUri": "https://REDACTED/165b41390downloadacbinarydata2ef27266ebc2bb955a594/165b41391downloadacbinarydata2ef47617c4370f24b2c14",
      "RequestMethod": "HEAD",
      "RequestHeaders": {
        "Accept": "application/xml",
        "Authorization": "Sanitized",
        "Content-Length": "0",
        "Date": "Mon, 04 Dec 2023 20:52:36 GMT",
        "User-Agent": "azsdk-java-azure-storage-blob/12.26.0-beta.1 (17.0.8; Windows 11; 10.0)",
        "x-ms-client-request-id": "e81d6b11-a00e-4685-b25d-d4149586e68d",
        "x-ms-version": "2024-02-04"
      },
      "RequestBody": null,
      "StatusCode": 200,
      "ResponseHeaders": {
        "Accept-Ranges": "bytes",
        "Access-Control-Allow-Origin": "*",
        "Access-Control-Expose-Headers": "x-ms-client-request-id",
        "Content-Length": "7",
        "Content-MD5": "wh\u002BWm18D0z1D4E\u002BPE252gg==",
        "Content-Type": "application/octet-stream",
        "Date": "Mon, 04 Dec 2023 20:52:37 GMT",
        "ETag": "\u00220x8DBF50AF2739730\u0022",
        "Last-Modified": "Mon, 04 Dec 2023 20:52:36 GMT",
        "Server": [
          "Windows-Azure-Blob/1.0",
          "Microsoft-HTTPAPI/2.0"
        ],
        "x-ms-access-tier": "Hot",
        "x-ms-access-tier-inferred": "true",
        "x-ms-blob-type": "BlockBlob",
        "x-ms-client-request-id": "e81d6b11-a00e-4685-b25d-d4149586e68d",
        "x-ms-creation-time": "Mon, 04 Dec 2023 20:52:36 GMT",
        "x-ms-is-current-version": "true",
        "x-ms-last-access-time": "Mon, 04 Dec 2023 20:52:36 GMT",
        "x-ms-lease-state": "available",
        "x-ms-lease-status": "unlocked",
        "x-ms-request-id": "ca89c6f2-201e-0090-27f3-26abec000000",
        "x-ms-server-encrypted": "true",
        "x-ms-tag-count": "1",
        "x-ms-version": "2024-02-04",
        "x-ms-version-id": "2023-12-04T20:52:36.9196848Z"
      },
      "ResponseBody": null
    },
    {
      "RequestUri": "https://REDACTED/165b41390downloadacbinarydata2ef27266ebc2bb955a594/165b41391downloadacbinarydata2ef47617c4370f24b2c14",
      "RequestMethod": "GET",
      "RequestHeaders": {
        "Accept": "application/xml",
        "Authorization": "Sanitized",
        "Content-Length": "0",
        "Date": "Mon, 04 Dec 2023 20:52:36 GMT",
        "If-Match": "0x8DBF50AF2739730",
        "User-Agent": "azsdk-java-azure-storage-blob/12.26.0-beta.1 (17.0.8; Windows 11; 10.0)",
        "x-ms-client-request-id": "9e080ca8-4171-4f83-a206-e0e3be4a8936",
        "x-ms-version": "2024-02-04"
      },
      "RequestBody": null,
      "StatusCode": 200,
      "ResponseHeaders": {
        "Accept-Ranges": "bytes",
        "Access-Control-Allow-Origin": "*",
        "Access-Control-Expose-Headers": "x-ms-client-request-id",
        "Content-Length": "7",
        "Content-MD5": "wh\u002BWm18D0z1D4E\u002BPE252gg==",
        "Content-Type": "application/octet-stream",
        "Date": "Mon, 04 Dec 2023 20:52:37 GMT",
        "ETag": "\u00220x8DBF50AF2739730\u0022",
        "Last-Modified": "Mon, 04 Dec 2023 20:52:36 GMT",
        "Server": [
          "Windows-Azure-Blob/1.0",
          "Microsoft-HTTPAPI/2.0"
        ],
        "x-ms-blob-type": "BlockBlob",
        "x-ms-client-request-id": "9e080ca8-4171-4f83-a206-e0e3be4a8936",
        "x-ms-creation-time": "Mon, 04 Dec 2023 20:52:36 GMT",
        "x-ms-is-current-version": "true",
        "x-ms-last-access-time": "Mon, 04 Dec 2023 20:52:36 GMT",
        "x-ms-lease-state": "available",
        "x-ms-lease-status": "unlocked",
        "x-ms-request-id": "ca89c787-201e-0090-35f3-26abec000000",
        "x-ms-server-encrypted": "true",
        "x-ms-tag-count": "1",
        "x-ms-version": "2024-02-04",
        "x-ms-version-id": "2023-12-04T20:52:36.9196848Z"
      },
      "ResponseBody": "ZGVmYXVsdA=="
    }
  ],
  "Variables": {
    "0": "165b41390downloadacbinarydata2ef27266ebc2bb955a594",
    "1": "165b41391downloadacbinarydata2ef47617c4370f24b2c14"
  }
}
