{
  "Entries": [
    {
      "RequestUri": "https://REDACTED/c767efa30settierpageblobde04256874090602f3f94e7?restype=container",
      "RequestMethod": "PUT",
      "RequestHeaders": {
        "Accept": "application/xml",
        "Authorization": "Sanitized",
        "Content-Length": "0",
        "Date": "Mon, 08 Jan 2024 19:45:28 GMT",
        "User-Agent": "azsdk-java-azure-storage-blob/12.26.0-beta.1 (17.0.8; Windows 11; 10.0)",
        "x-ms-client-request-id": "c773e699-7f63-4e3e-a1e0-d3328e1b4fec",
        "x-ms-version": "2024-02-04"
      },
      "RequestBody": null,
      "StatusCode": 201,
      "ResponseHeaders": {
        "Content-Length": "0",
        "Date": "Mon, 08 Jan 2024 19:45:38 GMT",
        "ETag": "\u00220x8DC108264547B4C\u0022",
        "Last-Modified": "Mon, 08 Jan 2024 19:45:39 GMT",
        "Server": [
          "Windows-Azure-Blob/1.0",
          "Microsoft-HTTPAPI/2.0"
        ],
        "x-ms-client-request-id": "c773e699-7f63-4e3e-a1e0-d3328e1b4fec",
        "x-ms-request-id": "7a59ef74-d01e-0062-316b-425541000000",
        "x-ms-version": "2024-02-04"
      },
      "ResponseBody": null
    },
    {
      "RequestUri": "https://REDACTED/c767efa30settierpageblobde04256874090602f3f94e7?restype=container",
      "RequestMethod": "PUT",
      "RequestHeaders": {
        "Accept": "application/xml",
        "Authorization": "Sanitized",
        "Content-Length": "0",
        "Date": "Mon, 08 Jan 2024 19:45:28 GMT",
        "User-Agent": "azsdk-java-azure-storage-blob/12.26.0-beta.1 (17.0.8; Windows 11; 10.0)",
        "x-ms-client-request-id": "2fcbc127-c3ee-4b3f-a78f-bb2b6001abbf",
        "x-ms-version": "2024-02-04"
      },
      "RequestBody": null,
      "StatusCode": 409,
      "ResponseHeaders": {
        "Content-Length": "230",
        "Content-Type": "application/xml",
        "Date": "Mon, 08 Jan 2024 19:45:38 GMT",
        "Server": [
          "Windows-Azure-Blob/1.0",
          "Microsoft-HTTPAPI/2.0"
        ],
        "x-ms-client-request-id": "2fcbc127-c3ee-4b3f-a78f-bb2b6001abbf",
        "x-ms-error-code": "ContainerAlreadyExists",
        "x-ms-request-id": "7a59effb-d01e-0062-296b-425541000000",
        "x-ms-version": "2024-02-04"
      },
      "ResponseBody": [
        "\uFEFF\u003C?xml version=\u00221.0\u0022 encoding=\u0022utf-8\u0022?\u003E\u003CError\u003E\u003CCode\u003EContainerAlreadyExists\u003C/Code\u003E\u003CMessage\u003EThe specified container already exists.\n",
        "RequestId:7a59effb-d01e-0062-296b-425541000000\n",
        "Time:2024-01-08T19:45:39.5708376Z\u003C/Message\u003E\u003C/Error\u003E"
      ]
    },
    {
      "RequestUri": "https://REDACTED/c767efa30settierpageblobde04256874090602f3f94e7/c767efa31settierpageblobde074911773828a87cca449",
      "RequestMethod": "PUT",
      "RequestHeaders": {
        "Accept": "application/xml",
        "Authorization": "Sanitized",
        "Content-Length": "7",
        "Content-Type": "application/octet-stream",
        "Date": "Mon, 08 Jan 2024 19:45:28 GMT",
        "If-None-Match": "*",
        "User-Agent": "azsdk-java-azure-storage-blob/12.26.0-beta.1 (17.0.8; Windows 11; 10.0)",
        "x-ms-blob-type": "BlockBlob",
        "x-ms-client-request-id": "53c5732e-c096-41ee-bac7-0f666cc30598",
        "x-ms-version": "2024-02-04"
      },
      "RequestBody": "ZGVmYXVsdA==",
      "StatusCode": 201,
      "ResponseHeaders": {
        "Content-Length": "0",
        "Content-MD5": "wh\u002BWm18D0z1D4E\u002BPE252gg==",
        "Date": "Mon, 08 Jan 2024 19:45:38 GMT",
        "ETag": "\u00220x8DC1082646FA58A\u0022",
        "Last-Modified": "Mon, 08 Jan 2024 19:45:39 GMT",
        "Server": [
          "Windows-Azure-Blob/1.0",
          "Microsoft-HTTPAPI/2.0"
        ],
        "x-ms-client-request-id": "53c5732e-c096-41ee-bac7-0f666cc30598",
        "x-ms-content-crc64": "6RYQPwaVsyQ=",
        "x-ms-request-id": "7a59f07e-d01e-0062-226b-425541000000",
        "x-ms-request-server-encrypted": "true",
        "x-ms-version": "2024-02-04"
      },
      "ResponseBody": null
    },
    {
      "RequestUri": "https://REDACTED/c767efa32settierpageblobde010539dd00455081d04ad?restype=container",
      "RequestMethod": "PUT",
      "RequestHeaders": {
        "Accept": "application/xml",
        "Authorization": "Sanitized",
        "Content-Length": "0",
        "Date": "Mon, 08 Jan 2024 19:45:28 GMT",
        "User-Agent": "azsdk-java-azure-storage-blob/12.26.0-beta.1 (17.0.8; Windows 11; 10.0)",
        "x-ms-client-request-id": "5d90e639-8403-4d33-bc7b-dd57e86da693",
        "x-ms-version": "2024-02-04"
      },
      "RequestBody": null,
      "StatusCode": 201,
      "ResponseHeaders": {
        "Content-Length": "0",
        "Date": "Mon, 08 Jan 2024 19:45:39 GMT",
        "ETag": "\u00220x8DC1082647AA4C3\u0022",
        "Last-Modified": "Mon, 08 Jan 2024 19:45:39 GMT",
        "Server": [
          "Windows-Azure-Blob/1.0",
          "Microsoft-HTTPAPI/2.0"
        ],
        "x-ms-client-request-id": "5d90e639-8403-4d33-bc7b-dd57e86da693",
        "x-ms-request-id": "eec87e79-501c-00a6-096b-420c31000000",
        "x-ms-version": "2024-02-04"
      },
      "ResponseBody": null
    },
    {
      "RequestUri": "https://REDACTED/c767efa32settierpageblobde010539dd00455081d04ad/c767efa33settierpageblobde063239e19af596062c4d6",
      "RequestMethod": "PUT",
      "RequestHeaders": {
        "Accept": "application/xml",
        "Authorization": "Sanitized",
        "Content-Length": "0",
        "Date": "Mon, 08 Jan 2024 19:45:28 GMT",
        "If-None-Match": "*",
        "User-Agent": "azsdk-java-azure-storage-blob/12.26.0-beta.1 (17.0.8; Windows 11; 10.0)",
        "x-ms-blob-content-length": "512",
        "x-ms-blob-type": "PageBlob",
        "x-ms-client-request-id": "280584c9-e9f9-402c-bf6a-4e4d53ad52f8",
        "x-ms-version": "2024-02-04"
      },
      "RequestBody": null,
      "StatusCode": 201,
      "ResponseHeaders": {
        "Content-Length": "0",
        "Date": "Mon, 08 Jan 2024 19:45:39 GMT",
        "ETag": "\u00220x8DC1082648406E4\u0022",
        "Last-Modified": "Mon, 08 Jan 2024 19:45:39 GMT",
        "Server": [
          "Windows-Azure-Blob/1.0",
          "Microsoft-HTTPAPI/2.0"
        ],
        "x-ms-client-request-id": "280584c9-e9f9-402c-bf6a-4e4d53ad52f8",
        "x-ms-request-id": "eec87e91-501c-00a6-216b-420c31000000",
        "x-ms-request-server-encrypted": "true",
        "x-ms-version": "2024-02-04"
      },
      "ResponseBody": null
    },
    {
      "RequestUri": "https://REDACTED/c767efa32settierpageblobde010539dd00455081d04ad/c767efa33settierpageblobde063239e19af596062c4d6?comp=tier",
      "RequestMethod": "PUT",
      "RequestHeaders": {
        "Accept": "application/xml",
        "Authorization": "Sanitized",
        "Content-Length": "0",
        "Date": "Mon, 08 Jan 2024 19:45:29 GMT",
        "User-Agent": "azsdk-java-azure-storage-blob/12.26.0-beta.1 (17.0.8; Windows 11; 10.0)",
        "x-ms-access-tier": "P20",
        "x-ms-client-request-id": "940e75f4-7a57-4a4f-aa98-a394c1c745d0",
        "x-ms-version": "2024-02-04"
      },
      "RequestBody": null,
      "StatusCode": 200,
      "ResponseHeaders": {
        "Content-Length": "0",
        "Date": "Mon, 08 Jan 2024 19:45:39 GMT",
        "Server": [
          "Windows-Azure-Blob/1.0",
          "Microsoft-HTTPAPI/2.0"
        ],
        "x-ms-client-request-id": "940e75f4-7a57-4a4f-aa98-a394c1c745d0",
        "x-ms-request-id": "eec87eac-501c-00a6-3c6b-420c31000000",
        "x-ms-version": "2024-02-04"
      },
      "ResponseBody": null
    },
    {
      "RequestUri": "https://REDACTED/c767efa32settierpageblobde010539dd00455081d04ad/c767efa33settierpageblobde063239e19af596062c4d6",
      "RequestMethod": "HEAD",
      "RequestHeaders": {
        "Accept": "application/xml",
        "Authorization": "Sanitized",
        "Content-Length": "0",
        "Date": "Mon, 08 Jan 2024 19:45:29 GMT",
        "User-Agent": "azsdk-java-azure-storage-blob/12.26.0-beta.1 (17.0.8; Windows 11; 10.0)",
        "x-ms-client-request-id": "78b3eab1-8932-4fed-baf3-6e5addfaa98d",
        "x-ms-version": "2024-02-04"
      },
      "RequestBody": null,
      "StatusCode": 200,
      "ResponseHeaders": {
        "Accept-Ranges": "bytes",
        "Content-Length": "512",
        "Content-Type": "application/octet-stream",
        "Date": "Mon, 08 Jan 2024 19:45:39 GMT",
        "ETag": "\u00220x8DC1082648406E4\u0022",
        "Last-Modified": "Mon, 08 Jan 2024 19:45:39 GMT",
        "Server": [
          "Windows-Azure-Blob/1.0",
          "Microsoft-HTTPAPI/2.0"
        ],
        "x-ms-access-tier": "P20",
        "x-ms-blob-sequence-number": "0",
        "x-ms-blob-type": "PageBlob",
        "x-ms-client-request-id": "78b3eab1-8932-4fed-baf3-6e5addfaa98d",
        "x-ms-creation-time": "Mon, 08 Jan 2024 19:45:39 GMT",
        "x-ms-lease-state": "available",
        "x-ms-lease-status": "unlocked",
        "x-ms-request-id": "eec87ec9-501c-00a6-596b-420c31000000",
        "x-ms-server-encrypted": "true",
        "x-ms-version": "2024-02-04"
      },
      "ResponseBody": null
    },
    {
      "RequestUri": "https://REDACTED/c767efa32settierpageblobde010539dd00455081d04ad?restype=container\u0026comp=list",
      "RequestMethod": "GET",
      "RequestHeaders": {
        "Accept": "application/xml",
        "Authorization": "Sanitized",
        "Content-Length": "0",
        "Date": "Mon, 08 Jan 2024 19:45:29 GMT",
        "User-Agent": "azsdk-java-azure-storage-blob/12.26.0-beta.1 (17.0.8; Windows 11; 10.0)",
        "x-ms-client-request-id": "6a3ae44c-a307-494e-af4e-64877a1b7c4f",
        "x-ms-version": "2024-02-04"
      },
      "RequestBody": null,
      "StatusCode": 200,
      "ResponseHeaders": {
        "Content-Type": "application/xml",
        "Date": "Mon, 08 Jan 2024 19:45:39 GMT",
        "Server": [
          "Windows-Azure-Blob/1.0",
          "Microsoft-HTTPAPI/2.0"
        ],
        "Transfer-Encoding": "chunked",
        "x-ms-client-request-id": "6a3ae44c-a307-494e-af4e-64877a1b7c4f",
        "x-ms-request-id": "eec87ee1-501c-00a6-706b-420c31000000",
        "x-ms-version": "2024-02-04"
      },
      "ResponseBody": [
        "\uFEFF\u003C?xml version=\u00221.0\u0022 encoding=\u0022utf-8\u0022?\u003E\n",
        "\u003CEnumerationResults ServiceEndpoint=\u0022https://gapradevpremium.blob.core.windows.net/\u0022 ContainerName=\u0022c767efa32settierpageblobde010539dd00455081d04ad\u0022\u003E\u003CBlobs\u003E\u003CBlob\u003E\u003CName\u003Ec767efa33settierpageblobde063239e19af596062c4d6\u003C/Name\u003E\u003CProperties\u003E\u003CCreation-Time\u003EMon, 08 Jan 2024 19:45:39 GMT\u003C/Creation-Time\u003E\u003CLast-Modified\u003EMon, 08 Jan 2024 19:45:39 GMT\u003C/Last-Modified\u003E\u003CEtag\u003E0x8DC1082648406E4\u003C/Etag\u003E\u003CContent-Length\u003E512\u003C/Content-Length\u003E\u003CContent-Type\u003Eapplication/octet-stream\u003C/Content-Type\u003E\u003CContent-Encoding/\u003E\u003CContent-Language/\u003E\u003CContent-MD5/\u003E\u003CCache-Control/\u003E\u003CContent-Disposition/\u003E\u003Cx-ms-blob-sequence-number\u003E0\u003C/x-ms-blob-sequence-number\u003E\u003CBlobType\u003EPageBlob\u003C/BlobType\u003E\u003CAccessTier\u003EP20\u003C/AccessTier\u003E\u003CLeaseStatus\u003Eunlocked\u003C/LeaseStatus\u003E\u003CLeaseState\u003Eavailable\u003C/LeaseState\u003E\u003CServerEncrypted\u003Etrue\u003C/ServerEncrypted\u003E\u003C/Properties\u003E\u003C/Blob\u003E\u003C/Blobs\u003E\u003CNextMarker/\u003E\u003C/EnumerationResults\u003E"
      ]
    },
    {
      "RequestUri": "https://REDACTED/c767efa32settierpageblobde010539dd00455081d04ad?restype=container",
      "RequestMethod": "DELETE",
      "RequestHeaders": {
        "Accept": "application/xml",
        "Authorization": "Sanitized",
        "Content-Length": "0",
        "Date": "Mon, 08 Jan 2024 19:45:29 GMT",
        "User-Agent": "azsdk-java-azure-storage-blob/12.26.0-beta.1 (17.0.8; Windows 11; 10.0)",
        "x-ms-client-request-id": "cc4be668-700c-4682-88ed-dab02d7403b8",
        "x-ms-version": "2024-02-04"
      },
      "RequestBody": null,
      "StatusCode": 202,
      "ResponseHeaders": {
        "Content-Length": "0",
        "Date": "Mon, 08 Jan 2024 19:45:39 GMT",
        "Server": [
          "Windows-Azure-Blob/1.0",
          "Microsoft-HTTPAPI/2.0"
        ],
        "x-ms-client-request-id": "cc4be668-700c-4682-88ed-dab02d7403b8",
        "x-ms-request-id": "eec87eec-501c-00a6-7b6b-420c31000000",
        "x-ms-version": "2024-02-04"
      },
      "ResponseBody": null
    }
  ],
  "Variables": {
    "0": "c767efa30settierpageblobde04256874090602f3f94e7",
    "1": "c767efa31settierpageblobde074911773828a87cca449",
    "2": "c767efa32settierpageblobde010539dd00455081d04ad",
    "3": "c767efa33settierpageblobde063239e19af596062c4d6"
  }
}
