{
  "Entries": [
    {
      "RequestUri": "https://REDACTED/9e4cd1d10snapshotmetadataebd43043f75cb256f76545d?restype=container",
      "RequestMethod": "PUT",
      "RequestHeaders": {
        "Accept": "application/xml",
        "Authorization": "Sanitized",
        "Content-Length": "0",
        "Date": "Mon, 11 Dec 2023 23:29:45 GMT",
        "User-Agent": "azsdk-java-azure-storage-blob/12.26.0-beta.1 (17.0.8; Windows 11; 10.0)",
        "x-ms-client-request-id": "d71d7a95-e5d1-41d0-9ffa-5c1758784e5b",
        "x-ms-version": "2024-02-04"
      },
      "RequestBody": null,
      "StatusCode": 201,
      "ResponseHeaders": {
        "Content-Length": "0",
        "Date": "Mon, 11 Dec 2023 23:29:48 GMT",
        "ETag": "\u00220x8DBFAA11161CB4A\u0022",
        "Last-Modified": "Mon, 11 Dec 2023 23:29:49 GMT",
        "Server": [
          "Windows-Azure-Blob/1.0",
          "Microsoft-HTTPAPI/2.0"
        ],
        "x-ms-client-request-id": "d71d7a95-e5d1-41d0-9ffa-5c1758784e5b",
        "x-ms-request-id": "e50794f0-201e-0076-3a89-2c1d2e000000",
        "x-ms-version": "2024-02-04"
      },
      "ResponseBody": null
    },
    {
      "RequestUri": "https://REDACTED/9e4cd1d10snapshotmetadataebd43043f75cb256f76545d?restype=container",
      "RequestMethod": "PUT",
      "RequestHeaders": {
        "Accept": "application/xml",
        "Authorization": "Sanitized",
        "Content-Length": "0",
        "Date": "Mon, 11 Dec 2023 23:29:45 GMT",
        "User-Agent": "azsdk-java-azure-storage-blob/12.26.0-beta.1 (17.0.8; Windows 11; 10.0)",
        "x-ms-client-request-id": "e43e4324-0cab-4070-8ffd-9678269d3c02",
        "x-ms-version": "2024-02-04"
      },
      "RequestBody": null,
      "StatusCode": 409,
      "ResponseHeaders": {
        "Content-Length": "230",
        "Content-Type": "application/xml",
        "Date": "Mon, 11 Dec 2023 23:29:48 GMT",
        "Server": [
          "Windows-Azure-Blob/1.0",
          "Microsoft-HTTPAPI/2.0"
        ],
        "x-ms-client-request-id": "e43e4324-0cab-4070-8ffd-9678269d3c02",
        "x-ms-error-code": "ContainerAlreadyExists",
        "x-ms-request-id": "e5079558-201e-0076-1b89-2c1d2e000000",
        "x-ms-version": "2024-02-04"
      },
      "ResponseBody": [
        "\uFEFF\u003C?xml version=\u00221.0\u0022 encoding=\u0022utf-8\u0022?\u003E\u003CError\u003E\u003CCode\u003EContainerAlreadyExists\u003C/Code\u003E\u003CMessage\u003EThe specified container already exists.\n",
        "RequestId:e5079558-201e-0076-1b89-2c1d2e000000\n",
        "Time:2023-12-11T23:29:49.2227016Z\u003C/Message\u003E\u003C/Error\u003E"
      ]
    },
    {
      "RequestUri": "https://REDACTED/9e4cd1d10snapshotmetadataebd43043f75cb256f76545d/9e4cd1d11snapshotmetadataebd1328327909e25a69d47f",
      "RequestMethod": "PUT",
      "RequestHeaders": {
        "Accept": "application/xml",
        "Authorization": "Sanitized",
        "Content-Length": "7",
        "Content-Type": "application/octet-stream",
        "Date": "Mon, 11 Dec 2023 23:29:45 GMT",
        "If-None-Match": "*",
        "User-Agent": "azsdk-java-azure-storage-blob/12.26.0-beta.1 (17.0.8; Windows 11; 10.0)",
        "x-ms-blob-type": "BlockBlob",
        "x-ms-client-request-id": "2b3be2a9-a11f-467e-ae9f-ad5e9622d339",
        "x-ms-version": "2024-02-04"
      },
      "RequestBody": "ZGVmYXVsdA==",
      "StatusCode": 201,
      "ResponseHeaders": {
        "Content-Length": "0",
        "Content-MD5": "wh\u002BWm18D0z1D4E\u002BPE252gg==",
        "Date": "Mon, 11 Dec 2023 23:29:49 GMT",
        "ETag": "\u00220x8DBFAA1117C539C\u0022",
        "Last-Modified": "Mon, 11 Dec 2023 23:29:49 GMT",
        "Server": [
          "Windows-Azure-Blob/1.0",
          "Microsoft-HTTPAPI/2.0"
        ],
        "x-ms-client-request-id": "2b3be2a9-a11f-467e-ae9f-ad5e9622d339",
        "x-ms-content-crc64": "6RYQPwaVsyQ=",
        "x-ms-request-id": "7dba42d9-001e-005e-2a89-2c7c86000000",
        "x-ms-request-server-encrypted": "true",
        "x-ms-version": "2024-02-04"
      },
      "ResponseBody": null
    },
    {
      "RequestUri": "https://REDACTED/9e4cd1d10snapshotmetadataebd43043f75cb256f76545d/9e4cd1d11snapshotmetadataebd1328327909e25a69d47f?comp=snapshot",
      "RequestMethod": "PUT",
      "RequestHeaders": {
        "Accept": "application/xml",
        "Authorization": "Sanitized",
        "Content-Length": "0",
        "Date": "Mon, 11 Dec 2023 23:29:45 GMT",
        "User-Agent": "azsdk-java-azure-storage-blob/12.26.0-beta.1 (17.0.8; Windows 11; 10.0)",
        "x-ms-client-request-id": "b550ac2f-cd35-4731-8366-53897563ce3f",
        "x-ms-version": "2024-02-04"
      },
      "RequestBody": null,
      "StatusCode": 201,
      "ResponseHeaders": {
        "Content-Length": "0",
        "Date": "Mon, 11 Dec 2023 23:29:48 GMT",
        "ETag": "\u00220x8DBFAA1117C539C\u0022",
        "Last-Modified": "Mon, 11 Dec 2023 23:29:49 GMT",
        "Server": [
          "Windows-Azure-Blob/1.0",
          "Microsoft-HTTPAPI/2.0"
        ],
        "x-ms-client-request-id": "b550ac2f-cd35-4731-8366-53897563ce3f",
        "x-ms-request-id": "649da1c8-201e-0004-2889-2c1a61000000",
        "x-ms-request-server-encrypted": "false",
        "x-ms-snapshot": "2023-12-11T23:29:49.4095791Z",
        "x-ms-version": "2024-02-04"
      },
      "ResponseBody": null
    },
    {
      "RequestUri": "https://REDACTED/9e4cd1d10snapshotmetadataebd43043f75cb256f76545d/9e4cd1d11snapshotmetadataebd1328327909e25a69d47f?snapshot=2023-12-11T23%3A29%3A49.4095791Z",
      "RequestMethod": "HEAD",
      "RequestHeaders": {
        "Accept": "application/xml",
        "Authorization": "Sanitized",
        "Content-Length": "0",
        "Date": "Mon, 11 Dec 2023 23:29:45 GMT",
        "User-Agent": "azsdk-java-azure-storage-blob/12.26.0-beta.1 (17.0.8; Windows 11; 10.0)",
        "x-ms-client-request-id": "d11e1eee-241c-42c3-9f90-c69a241a5b20",
        "x-ms-version": "2024-02-04"
      },
      "RequestBody": null,
      "StatusCode": 200,
      "ResponseHeaders": {
        "Accept-Ranges": "bytes",
        "Content-Length": "7",
        "Content-MD5": "wh\u002BWm18D0z1D4E\u002BPE252gg==",
        "Content-Type": "application/octet-stream",
        "Date": "Mon, 11 Dec 2023 23:29:48 GMT",
        "ETag": "\u00220x8DBFAA1117C539C\u0022",
        "Last-Modified": "Mon, 11 Dec 2023 23:29:49 GMT",
        "Server": [
          "Windows-Azure-Blob/1.0",
          "Microsoft-HTTPAPI/2.0"
        ],
        "x-ms-access-tier": "Hot",
        "x-ms-access-tier-inferred": "true",
        "x-ms-blob-type": "BlockBlob",
        "x-ms-client-request-id": "d11e1eee-241c-42c3-9f90-c69a241a5b20",
        "x-ms-creation-time": "Mon, 11 Dec 2023 23:29:49 GMT",
        "x-ms-request-id": "649da23f-201e-0004-1489-2c1a61000000",
        "x-ms-server-encrypted": "true",
        "x-ms-version": "2024-02-04"
      },
      "ResponseBody": null
    }
  ],
  "Variables": {
    "0": "9e4cd1d10snapshotmetadataebd43043f75cb256f76545d",
    "1": "9e4cd1d11snapshotmetadataebd1328327909e25a69d47f"
  }
}
