{
  "Entries": [
    {
      "RequestUri": "https://REDACTED/7c87f6df0settagstags997634528821bf2b9d6e4cc79?restype=container",
      "RequestMethod": "PUT",
      "RequestHeaders": {
        "Accept": "application/xml",
        "Authorization": "Sanitized",
        "Content-Length": "0",
        "Date": "Mon, 04 Dec 2023 20:52:36 GMT",
        "User-Agent": "azsdk-java-azure-storage-blob/12.26.0-beta.1 (17.0.8; Windows 11; 10.0)",
        "x-ms-client-request-id": "95824215-39bc-4b94-a17e-ac434b5c82d7",
        "x-ms-version": "2024-02-04"
      },
      "RequestBody": null,
      "StatusCode": 201,
      "ResponseHeaders": {
        "Content-Length": "0",
        "Date": "Mon, 04 Dec 2023 20:52:36 GMT",
        "ETag": "\u00220x8DBF50AF2968593\u0022",
        "Last-Modified": "Mon, 04 Dec 2023 20:52:37 GMT",
        "Server": [
          "Windows-Azure-Blob/1.0",
          "Microsoft-HTTPAPI/2.0"
        ],
        "x-ms-client-request-id": "95824215-39bc-4b94-a17e-ac434b5c82d7",
        "x-ms-request-id": "3bb99b12-401e-004d-57f3-265e6e000000",
        "x-ms-version": "2024-02-04"
      },
      "ResponseBody": null
    },
    {
      "RequestUri": "https://REDACTED/7c87f6df0settagstags997634528821bf2b9d6e4cc79?restype=container",
      "RequestMethod": "PUT",
      "RequestHeaders": {
        "Accept": "application/xml",
        "Authorization": "Sanitized",
        "Content-Length": "0",
        "Date": "Mon, 04 Dec 2023 20:52:36 GMT",
        "User-Agent": "azsdk-java-azure-storage-blob/12.26.0-beta.1 (17.0.8; Windows 11; 10.0)",
        "x-ms-client-request-id": "197396e9-11ce-440e-a88b-636c3fd92a11",
        "x-ms-version": "2024-02-04"
      },
      "RequestBody": null,
      "StatusCode": 409,
      "ResponseHeaders": {
        "Content-Length": "230",
        "Content-Type": "application/xml",
        "Date": "Mon, 04 Dec 2023 20:52:36 GMT",
        "Server": [
          "Windows-Azure-Blob/1.0",
          "Microsoft-HTTPAPI/2.0"
        ],
        "x-ms-client-request-id": "197396e9-11ce-440e-a88b-636c3fd92a11",
        "x-ms-error-code": "ContainerAlreadyExists",
        "x-ms-request-id": "3bb99b74-401e-004d-2ef3-265e6e000000",
        "x-ms-version": "2024-02-04"
      },
      "ResponseBody": [
        "\uFEFF\u003C?xml version=\u00221.0\u0022 encoding=\u0022utf-8\u0022?\u003E\u003CError\u003E\u003CCode\u003EContainerAlreadyExists\u003C/Code\u003E\u003CMessage\u003EThe specified container already exists.\n",
        "RequestId:3bb99b74-401e-004d-2ef3-265e6e000000\n",
        "Time:2023-12-04T20:52:37.2315626Z\u003C/Message\u003E\u003C/Error\u003E"
      ]
    },
    {
      "RequestUri": "https://REDACTED/7c87f6df0settagstags997634528821bf2b9d6e4cc79/7c87f6df1settagstags99756746a4e07bd4344744a88",
      "RequestMethod": "PUT",
      "RequestHeaders": {
        "Accept": "application/xml",
        "Authorization": "Sanitized",
        "Content-Length": "7",
        "Content-Type": "application/octet-stream",
        "Date": "Mon, 04 Dec 2023 20:52:36 GMT",
        "If-None-Match": "*",
        "User-Agent": "azsdk-java-azure-storage-blob/12.26.0-beta.1 (17.0.8; Windows 11; 10.0)",
        "x-ms-blob-type": "BlockBlob",
        "x-ms-client-request-id": "b8488c01-8943-41d5-b14d-fdbdd418ae29",
        "x-ms-version": "2024-02-04"
      },
      "RequestBody": "ZGVmYXVsdA==",
      "StatusCode": 201,
      "ResponseHeaders": {
        "Content-Length": "0",
        "Content-MD5": "wh\u002BWm18D0z1D4E\u002BPE252gg==",
        "Date": "Mon, 04 Dec 2023 20:52:36 GMT",
        "ETag": "\u00220x8DBF50AF2AE74B1\u0022",
        "Last-Modified": "Mon, 04 Dec 2023 20:52:37 GMT",
        "Server": [
          "Windows-Azure-Blob/1.0",
          "Microsoft-HTTPAPI/2.0"
        ],
        "x-ms-client-request-id": "b8488c01-8943-41d5-b14d-fdbdd418ae29",
        "x-ms-content-crc64": "6RYQPwaVsyQ=",
        "x-ms-request-id": "3bb99bd4-401e-004d-7ef3-265e6e000000",
        "x-ms-request-server-encrypted": "true",
        "x-ms-version": "2024-02-04",
        "x-ms-version-id": "2023-12-04T20:52:37.3064636Z"
      },
      "ResponseBody": null
    },
    {
      "RequestUri": "https://REDACTED/7c87f6df0settagstags997634528821bf2b9d6e4cc79/7c87f6df1settagstags99756746a4e07bd4344744a88?comp=tags",
      "RequestMethod": "PUT",
      "RequestHeaders": {
        "Accept": "application/xml",
        "Authorization": "Sanitized",
        "Content-Length": "60",
        "Content-Type": "application/xml",
        "Date": "Mon, 04 Dec 2023 20:52:36 GMT",
        "User-Agent": "azsdk-java-azure-storage-blob/12.26.0-beta.1 (17.0.8; Windows 11; 10.0)",
        "x-ms-client-request-id": "5b9abf92-3537-4291-a8a5-664c88b774ca",
        "x-ms-version": "2024-02-04"
      },
      "RequestBody": "\u003C?xml version=\u00271.0\u0027 encoding=\u0027UTF-8\u0027?\u003E\u003CTags\u003E\u003CTagSet/\u003E\u003C/Tags\u003E",
      "StatusCode": 204,
      "ResponseHeaders": {
        "Date": "Mon, 04 Dec 2023 20:52:36 GMT",
        "Server": [
          "Windows-Azure-Blob/1.0",
          "Microsoft-HTTPAPI/2.0"
        ],
        "x-ms-client-request-id": "5b9abf92-3537-4291-a8a5-664c88b774ca",
        "x-ms-request-id": "3bb99c36-401e-004d-55f3-265e6e000000",
        "x-ms-version": "2024-02-04"
      },
      "ResponseBody": null
    },
    {
      "RequestUri": "https://REDACTED/7c87f6df0settagstags997634528821bf2b9d6e4cc79/7c87f6df1settagstags99756746a4e07bd4344744a88?comp=tags",
      "RequestMethod": "GET",
      "RequestHeaders": {
        "Accept": "application/xml",
        "Authorization": "Sanitized",
        "Content-Length": "0",
        "Date": "Mon, 04 Dec 2023 20:52:36 GMT",
        "User-Agent": "azsdk-java-azure-storage-blob/12.26.0-beta.1 (17.0.8; Windows 11; 10.0)",
        "x-ms-client-request-id": "16386c7a-d786-48ba-b124-1ffc8d6f8c01",
        "x-ms-version": "2024-02-04"
      },
      "RequestBody": null,
      "StatusCode": 200,
      "ResponseHeaders": {
        "Access-Control-Allow-Origin": "*",
        "Access-Control-Expose-Headers": "x-ms-client-request-id",
        "Content-Length": "64",
        "Content-Type": "application/xml",
        "Date": "Mon, 04 Dec 2023 20:52:36 GMT",
        "Server": [
          "Windows-Azure-Blob/1.0",
          "Microsoft-HTTPAPI/2.0"
        ],
        "x-ms-client-request-id": "16386c7a-d786-48ba-b124-1ffc8d6f8c01",
        "x-ms-request-id": "3bb99c96-401e-004d-2ef3-265e6e000000",
        "x-ms-version": "2024-02-04"
      },
      "ResponseBody": [
        "\uFEFF\u003C?xml version=\u00221.0\u0022 encoding=\u0022utf-8\u0022?\u003E\n",
        "\u003CTags\u003E\u003CTagSet/\u003E\u003C/Tags\u003E"
      ]
    }
  ],
  "Variables": {
    "0": "7c87f6df0settagstags997634528821bf2b9d6e4cc79",
    "1": "7c87f6df1settagstags99756746a4e07bd4344744a88"
  }
}
