{
  "Entries": [
    {
      "RequestUri": "https://REDACTED/1914d7900settagsace7992550702e03830bd54ddd83?restype=container",
      "RequestMethod": "PUT",
      "RequestHeaders": {
        "Accept": "application/xml",
        "Authorization": "Sanitized",
        "Content-Length": "0",
        "Date": "Thu, 05 Oct 2023 19:44:05 GMT",
        "User-Agent": "azsdk-java-azure-storage-blob/12.25.0-beta.1 (11.0.16.1; Windows 11; 10.0)",
        "x-ms-client-request-id": "85e2ce45-a986-4107-aa3c-b9ec4ba0de80",
        "x-ms-version": "2023-08-03"
      },
      "RequestBody": null,
      "StatusCode": 201,
      "ResponseHeaders": {
        "Content-Length": "0",
        "Date": "Thu, 05 Oct 2023 19:44:04 GMT",
        "ETag": "\u00220x8DBC5DB6F0AA1A3\u0022",
        "Last-Modified": "Thu, 05 Oct 2023 19:44:05 GMT",
        "Server": [
          "Windows-Azure-Blob/1.0",
          "Microsoft-HTTPAPI/2.0"
        ],
        "x-ms-client-request-id": "85e2ce45-a986-4107-aa3c-b9ec4ba0de80",
        "x-ms-request-id": "bf80808a-b01e-0014-2ac4-f7d9ed000000",
        "x-ms-version": "2023-08-03"
      },
      "ResponseBody": null
    },
    {
      "RequestUri": "https://REDACTED/1914d7900settagsace7992550702e03830bd54ddd83/1914d7901settagsace7990530ed284da8d0794a16b7",
      "RequestMethod": "PUT",
      "RequestHeaders": {
        "Accept": "application/xml",
        "Authorization": "Sanitized",
        "Content-Length": "7",
        "Content-Type": "application/octet-stream",
        "Date": "Thu, 05 Oct 2023 19:44:05 GMT",
        "If-None-Match": "*",
        "User-Agent": "azsdk-java-azure-storage-blob/12.25.0-beta.1 (11.0.16.1; Windows 11; 10.0)",
        "x-ms-blob-type": "BlockBlob",
        "x-ms-client-request-id": "3cfe5618-2404-4dd0-9a82-6d83f72ab451",
        "x-ms-version": "2023-08-03"
      },
      "RequestBody": "ZGVmYXVsdA==",
      "StatusCode": 201,
      "ResponseHeaders": {
        "Content-Length": "0",
        "Content-MD5": "wh\u002BWm18D0z1D4E\u002BPE252gg==",
        "Date": "Thu, 05 Oct 2023 19:44:05 GMT",
        "ETag": "\u00220x8DBC5DB6F27416B\u0022",
        "Last-Modified": "Thu, 05 Oct 2023 19:44:05 GMT",
        "Server": [
          "Windows-Azure-Blob/1.0",
          "Microsoft-HTTPAPI/2.0"
        ],
        "x-ms-client-request-id": "3cfe5618-2404-4dd0-9a82-6d83f72ab451",
        "x-ms-content-crc64": "6RYQPwaVsyQ=",
        "x-ms-request-id": "3c680ea3-f01e-003a-18c4-f78bfa000000",
        "x-ms-request-server-encrypted": "true",
        "x-ms-version": "2023-08-03",
        "x-ms-version-id": "2023-10-05T19:44:05.6410475Z"
      },
      "ResponseBody": null
    },
    {
      "RequestUri": "https://REDACTED/1914d7900settagsace7992550702e03830bd54ddd83/1914d7901settagsace7990530ed284da8d0794a16b7?comp=tags",
      "RequestMethod": "PUT",
      "RequestHeaders": {
        "Accept": "application/xml",
        "Authorization": "Sanitized",
        "Content-Length": "116",
        "Content-Type": "application/xml",
        "Date": "Thu, 05 Oct 2023 19:44:05 GMT",
        "User-Agent": "azsdk-java-azure-storage-blob/12.25.0-beta.1 (11.0.16.1; Windows 11; 10.0)",
        "x-ms-client-request-id": "88719d03-9f1c-4290-9d17-2d43302bf6e6",
        "x-ms-version": "2023-08-03"
      },
      "RequestBody": "\u003C?xml version=\u00271.0\u0027 encoding=\u0027UTF-8\u0027?\u003E\u003CTags\u003E\u003CTagSet\u003E\u003CTag\u003E\u003CKey\u003Efoo\u003C/Key\u003E\u003CValue\u003EREDACTED\u003C/Value\u003E\u003C/Tag\u003E\u003C/TagSet\u003E\u003C/Tags\u003E",
      "StatusCode": 204,
      "ResponseHeaders": {
        "Date": "Thu, 05 Oct 2023 19:44:05 GMT",
        "Server": [
          "Windows-Azure-Blob/1.0",
          "Microsoft-HTTPAPI/2.0"
        ],
        "x-ms-client-request-id": "88719d03-9f1c-4290-9d17-2d43302bf6e6",
        "x-ms-request-id": "b968d60a-401e-005d-2fc4-f79b06000000",
        "x-ms-version": "2023-08-03"
      },
      "ResponseBody": null
    },
    {
      "RequestUri": "https://REDACTED/1914d7900settagsace7992550702e03830bd54ddd83/1914d7901settagsace7990530ed284da8d0794a16b7?comp=tags",
      "RequestMethod": "PUT",
      "RequestHeaders": {
        "Accept": "application/xml",
        "Authorization": "Sanitized",
        "Content-Length": "117",
        "Content-Type": "application/xml",
        "Date": "Thu, 05 Oct 2023 19:44:05 GMT",
        "User-Agent": "azsdk-java-azure-storage-blob/12.25.0-beta.1 (11.0.16.1; Windows 11; 10.0)",
        "x-ms-client-request-id": "7dbe00cb-19d1-468e-9293-bed081c24d9e",
        "x-ms-if-tags": "\u0022foo\u0022 = \u0027bar\u0027",
        "x-ms-version": "2023-08-03"
      },
      "RequestBody": "\u003C?xml version=\u00271.0\u0027 encoding=\u0027UTF-8\u0027?\u003E\u003CTags\u003E\u003CTagSet\u003E\u003CTag\u003E\u003CKey\u003Efizz\u003C/Key\u003E\u003CValue\u003EREDACTED\u003C/Value\u003E\u003C/Tag\u003E\u003C/TagSet\u003E\u003C/Tags\u003E",
      "StatusCode": 204,
      "ResponseHeaders": {
        "Date": "Thu, 05 Oct 2023 19:44:05 GMT",
        "Server": [
          "Windows-Azure-Blob/1.0",
          "Microsoft-HTTPAPI/2.0"
        ],
        "x-ms-client-request-id": "7dbe00cb-19d1-468e-9293-bed081c24d9e",
        "x-ms-request-id": "bf8082a9-b01e-0014-1ec4-f7d9ed000000",
        "x-ms-version": "2023-08-03"
      },
      "ResponseBody": null
    }
  ],
  "Variables": {
    "0": "1914d7900settagsace7992550702e03830bd54ddd83",
    "1": "1914d7901settagsace7990530ed284da8d0794a16b7"
  }
}
