{
  "Entries": [
    {
      "RequestUri": "https://REDACTED/19838a980downloadacstreaming469437785ed0d1079d994?restype=container",
      "RequestMethod": "PUT",
      "RequestHeaders": {
        "Accept": "application/xml",
        "Authorization": "Sanitized",
        "Content-Length": "0",
        "Date": "Thu, 05 Oct 2023 19:44:09 GMT",
        "User-Agent": "azsdk-java-azure-storage-blob/12.25.0-beta.1 (11.0.16.1; Windows 11; 10.0)",
        "x-ms-client-request-id": "d3e8e2e6-5c4e-414f-a097-12afa0671a0b",
        "x-ms-version": "2023-08-03"
      },
      "RequestBody": null,
      "StatusCode": 201,
      "ResponseHeaders": {
        "Content-Length": "0",
        "Date": "Thu, 05 Oct 2023 19:44:09 GMT",
        "ETag": "\u00220x8DBC5DB719D7490\u0022",
        "Last-Modified": "Thu, 05 Oct 2023 19:44:09 GMT",
        "Server": [
          "Windows-Azure-Blob/1.0",
          "Microsoft-HTTPAPI/2.0"
        ],
        "x-ms-client-request-id": "d3e8e2e6-5c4e-414f-a097-12afa0671a0b",
        "x-ms-request-id": "84be251b-601e-0028-38c4-f7f02a000000",
        "x-ms-version": "2023-08-03"
      },
      "ResponseBody": null
    },
    {
      "RequestUri": "https://REDACTED/19838a980downloadacstreaming469437785ed0d1079d994/19838a981downloadacstreaming4694622646998eb04c7a4",
      "RequestMethod": "PUT",
      "RequestHeaders": {
        "Accept": "application/xml",
        "Authorization": "Sanitized",
        "Content-Length": "7",
        "Content-Type": "application/octet-stream",
        "Date": "Thu, 05 Oct 2023 19:44:09 GMT",
        "If-None-Match": "*",
        "User-Agent": "azsdk-java-azure-storage-blob/12.25.0-beta.1 (11.0.16.1; Windows 11; 10.0)",
        "x-ms-blob-type": "BlockBlob",
        "x-ms-client-request-id": "234d1ba4-e35b-470f-b239-a3c819328121",
        "x-ms-version": "2023-08-03"
      },
      "RequestBody": "ZGVmYXVsdA==",
      "StatusCode": 201,
      "ResponseHeaders": {
        "Content-Length": "0",
        "Content-MD5": "wh\u002BWm18D0z1D4E\u002BPE252gg==",
        "Date": "Thu, 05 Oct 2023 19:44:09 GMT",
        "ETag": "\u00220x8DBC5DB71ACC9DC\u0022",
        "Last-Modified": "Thu, 05 Oct 2023 19:44:09 GMT",
        "Server": [
          "Windows-Azure-Blob/1.0",
          "Microsoft-HTTPAPI/2.0"
        ],
        "x-ms-client-request-id": "234d1ba4-e35b-470f-b239-a3c819328121",
        "x-ms-content-crc64": "6RYQPwaVsyQ=",
        "x-ms-request-id": "84be2570-601e-0028-03c4-f7f02a000000",
        "x-ms-request-server-encrypted": "true",
        "x-ms-version": "2023-08-03",
        "x-ms-version-id": "2023-10-05T19:44:09.8716124Z"
      },
      "ResponseBody": null
    },
    {
      "RequestUri": "https://REDACTED/19838a980downloadacstreaming469437785ed0d1079d994/19838a981downloadacstreaming4694622646998eb04c7a4?comp=tags",
      "RequestMethod": "PUT",
      "RequestHeaders": {
        "Accept": "application/xml",
        "Authorization": "Sanitized",
        "Content-Length": "116",
        "Content-Type": "application/xml",
        "Date": "Thu, 05 Oct 2023 19:44:09 GMT",
        "User-Agent": "azsdk-java-azure-storage-blob/12.25.0-beta.1 (11.0.16.1; Windows 11; 10.0)",
        "x-ms-client-request-id": "1a568c17-a69b-4fe6-93e1-1adcb4bf3fe4",
        "x-ms-version": "2023-08-03"
      },
      "RequestBody": "\u003C?xml version=\u00271.0\u0027 encoding=\u0027UTF-8\u0027?\u003E\u003CTags\u003E\u003CTagSet\u003E\u003CTag\u003E\u003CKey\u003Efoo\u003C/Key\u003E\u003CValue\u003EREDACTED\u003C/Value\u003E\u003C/Tag\u003E\u003C/TagSet\u003E\u003C/Tags\u003E",
      "StatusCode": 204,
      "ResponseHeaders": {
        "Date": "Thu, 05 Oct 2023 19:44:09 GMT",
        "Server": [
          "Windows-Azure-Blob/1.0",
          "Microsoft-HTTPAPI/2.0"
        ],
        "x-ms-client-request-id": "1a568c17-a69b-4fe6-93e1-1adcb4bf3fe4",
        "x-ms-request-id": "84be25fd-601e-0028-07c4-f7f02a000000",
        "x-ms-version": "2023-08-03"
      },
      "ResponseBody": null
    },
    {
      "RequestUri": "https://REDACTED/19838a980downloadacstreaming469437785ed0d1079d994/19838a981downloadacstreaming4694622646998eb04c7a4",
      "RequestMethod": "GET",
      "RequestHeaders": {
        "Accept": "application/xml",
        "Authorization": "Sanitized",
        "Content-Length": "0",
        "Date": "Thu, 05 Oct 2023 19:44:09 GMT",
        "If-Modified-Since": "Wed, 04 Oct 2023 19:43:41 GMT",
        "User-Agent": "azsdk-java-azure-storage-blob/12.25.0-beta.1 (11.0.16.1; Windows 11; 10.0)",
        "x-ms-client-request-id": "3e9186c6-95b1-4951-8beb-5f4e33613883",
        "x-ms-version": "2023-08-03"
      },
      "RequestBody": null,
      "StatusCode": 200,
      "ResponseHeaders": {
        "Accept-Ranges": "bytes",
        "Access-Control-Allow-Origin": "*",
        "Access-Control-Expose-Headers": "x-ms-client-request-id",
        "Content-Length": "7",
        "Content-MD5": "wh\u002BWm18D0z1D4E\u002BPE252gg==",
        "Content-Type": "application/octet-stream",
        "Date": "Thu, 05 Oct 2023 19:44:09 GMT",
        "ETag": "\u00220x8DBC5DB71ACC9DC\u0022",
        "Last-Modified": "Thu, 05 Oct 2023 19:44:09 GMT",
        "Server": [
          "Windows-Azure-Blob/1.0",
          "Microsoft-HTTPAPI/2.0"
        ],
        "x-ms-blob-type": "BlockBlob",
        "x-ms-client-request-id": "3e9186c6-95b1-4951-8beb-5f4e33613883",
        "x-ms-creation-time": "Thu, 05 Oct 2023 19:44:09 GMT",
        "x-ms-is-current-version": "true",
        "x-ms-last-access-time": "Thu, 05 Oct 2023 19:44:09 GMT",
        "x-ms-lease-state": "available",
        "x-ms-lease-status": "unlocked",
        "x-ms-request-id": "7e31df87-b01e-002b-01c4-f7114e000000",
        "x-ms-server-encrypted": "true",
        "x-ms-tag-count": "1",
        "x-ms-version": "2023-08-03",
        "x-ms-version-id": "2023-10-05T19:44:09.8716124Z"
      },
      "ResponseBody": "ZGVmYXVsdA=="
    }
  ],
  "Variables": {
    "0": "19838a980downloadacstreaming469437785ed0d1079d994",
    "1": "19838a981downloadacstreaming4694622646998eb04c7a4"
  }
}
