{
  "Entries": [
    {
      "RequestUri": "https://REDACTED/84e63ccb0snapshotacfailda024792698565c1a4c74716?restype=container",
      "RequestMethod": "PUT",
      "RequestHeaders": {
        "Accept": "application/xml",
        "Authorization": "Sanitized",
        "Content-Length": "0",
        "Date": "Fri, 01 Dec 2023 19:12:00 GMT",
        "User-Agent": "azsdk-java-azure-storage-blob/12.26.0-beta.1 (17.0.8; Windows 11; 10.0)",
        "x-ms-client-request-id": "ff48b95d-2fb9-48d4-98be-159eabf0bdca",
        "x-ms-version": "2024-02-04"
      },
      "RequestBody": null,
      "StatusCode": 201,
      "ResponseHeaders": {
        "Content-Length": "0",
        "Date": "Fri, 01 Dec 2023 19:12:00 GMT",
        "ETag": "\u00220x8DBF2A165C83101\u0022",
        "Last-Modified": "Fri, 01 Dec 2023 19:12:01 GMT",
        "Server": [
          "Windows-Azure-Blob/1.0",
          "Microsoft-HTTPAPI/2.0"
        ],
        "x-ms-client-request-id": "ff48b95d-2fb9-48d4-98be-159eabf0bdca",
        "x-ms-request-id": "52ae1b2a-101e-0030-7a8a-2429a9000000",
        "x-ms-version": "2024-02-04"
      },
      "ResponseBody": null
    },
    {
      "RequestUri": "https://REDACTED/84e63ccb0snapshotacfailda024792698565c1a4c74716?restype=container",
      "RequestMethod": "PUT",
      "RequestHeaders": {
        "Accept": "application/xml",
        "Authorization": "Sanitized",
        "Content-Length": "0",
        "Date": "Fri, 01 Dec 2023 19:12:00 GMT",
        "User-Agent": "azsdk-java-azure-storage-blob/12.26.0-beta.1 (17.0.8; Windows 11; 10.0)",
        "x-ms-client-request-id": "92757655-81d0-4b42-bdcc-594dcd7de24a",
        "x-ms-version": "2024-02-04"
      },
      "RequestBody": null,
      "StatusCode": 409,
      "ResponseHeaders": {
        "Content-Length": "230",
        "Content-Type": "application/xml",
        "Date": "Fri, 01 Dec 2023 19:12:01 GMT",
        "Server": [
          "Windows-Azure-Blob/1.0",
          "Microsoft-HTTPAPI/2.0"
        ],
        "x-ms-client-request-id": "92757655-81d0-4b42-bdcc-594dcd7de24a",
        "x-ms-error-code": "ContainerAlreadyExists",
        "x-ms-request-id": "52ae1bba-101e-0030-018a-2429a9000000",
        "x-ms-version": "2024-02-04"
      },
      "ResponseBody": [
        "\uFEFF\u003C?xml version=\u00221.0\u0022 encoding=\u0022utf-8\u0022?\u003E\u003CError\u003E\u003CCode\u003EContainerAlreadyExists\u003C/Code\u003E\u003CMessage\u003EThe specified container already exists.\n",
        "RequestId:52ae1bba-101e-0030-018a-2429a9000000\n",
        "Time:2023-12-01T19:12:01.5211655Z\u003C/Message\u003E\u003C/Error\u003E"
      ]
    },
    {
      "RequestUri": "https://REDACTED/84e63ccb0snapshotacfailda024792698565c1a4c74716/84e63ccb1snapshotacfailda049875ac7c5a8bff474fc7",
      "RequestMethod": "PUT",
      "RequestHeaders": {
        "Accept": "application/xml",
        "Authorization": "Sanitized",
        "Content-Length": "7",
        "Content-Type": "application/octet-stream",
        "Date": "Fri, 01 Dec 2023 19:12:00 GMT",
        "If-None-Match": "*",
        "User-Agent": "azsdk-java-azure-storage-blob/12.26.0-beta.1 (17.0.8; Windows 11; 10.0)",
        "x-ms-blob-type": "BlockBlob",
        "x-ms-client-request-id": "95a247ac-0f6f-484f-9328-d60639f4128f",
        "x-ms-version": "2024-02-04"
      },
      "RequestBody": "ZGVmYXVsdA==",
      "StatusCode": 201,
      "ResponseHeaders": {
        "Content-Length": "0",
        "Content-MD5": "wh\u002BWm18D0z1D4E\u002BPE252gg==",
        "Date": "Fri, 01 Dec 2023 19:12:01 GMT",
        "ETag": "\u00220x8DBF2A165E2CBB7\u0022",
        "Last-Modified": "Fri, 01 Dec 2023 19:12:01 GMT",
        "Server": [
          "Windows-Azure-Blob/1.0",
          "Microsoft-HTTPAPI/2.0"
        ],
        "x-ms-client-request-id": "95a247ac-0f6f-484f-9328-d60639f4128f",
        "x-ms-content-crc64": "6RYQPwaVsyQ=",
        "x-ms-request-id": "52ae1c33-101e-0030-718a-2429a9000000",
        "x-ms-request-server-encrypted": "true",
        "x-ms-version": "2024-02-04"
      },
      "ResponseBody": null
    },
    {
      "RequestUri": "https://REDACTED/84e63ccb0snapshotacfailda024792698565c1a4c74716/84e63ccb1snapshotacfailda049875ac7c5a8bff474fc7?comp=snapshot",
      "RequestMethod": "PUT",
      "RequestHeaders": {
        "Accept": "application/xml",
        "Authorization": "Sanitized",
        "Content-Length": "0",
        "Date": "Fri, 01 Dec 2023 19:12:00 GMT",
        "If-Unmodified-Since": "Thu, 30 Nov 2023 19:11:44 GMT",
        "User-Agent": "azsdk-java-azure-storage-blob/12.26.0-beta.1 (17.0.8; Windows 11; 10.0)",
        "x-ms-client-request-id": "6febce99-114a-4b05-a27d-f9812bceb106",
        "x-ms-version": "2024-02-04"
      },
      "RequestBody": null,
      "StatusCode": 412,
      "ResponseHeaders": {
        "Content-Length": "252",
        "Content-Type": "application/xml",
        "Date": "Fri, 01 Dec 2023 19:12:01 GMT",
        "Server": [
          "Windows-Azure-Blob/1.0",
          "Microsoft-HTTPAPI/2.0"
        ],
        "x-ms-client-request-id": "6febce99-114a-4b05-a27d-f9812bceb106",
        "x-ms-error-code": "ConditionNotMet",
        "x-ms-request-id": "52ae1cd1-101e-0030-038a-2429a9000000",
        "x-ms-version": "2024-02-04"
      },
      "ResponseBody": [
        "\uFEFF\u003C?xml version=\u00221.0\u0022 encoding=\u0022utf-8\u0022?\u003E\u003CError\u003E\u003CCode\u003EConditionNotMet\u003C/Code\u003E\u003CMessage\u003EThe condition specified using HTTP conditional header(s) is not met.\n",
        "RequestId:52ae1cd1-101e-0030-038a-2429a9000000\n",
        "Time:2023-12-01T19:12:01.7030607Z\u003C/Message\u003E\u003C/Error\u003E"
      ]
    }
  ],
  "Variables": {
    "0": "84e63ccb0snapshotacfailda024792698565c1a4c74716",
    "1": "84e63ccb1snapshotacfailda049875ac7c5a8bff474fc7"
  }
}
