{
  "Entries": [
    {
      "RequestUri": "https://REDACTED/deb6555a0synccopydestac13165821e7ba231267f94447?restype=container",
      "RequestMethod": "PUT",
      "RequestHeaders": {
        "Accept": "application/xml",
        "Authorization": "Sanitized",
        "Content-Length": "0",
        "Date": "Mon, 11 Dec 2023 19:11:03 GMT",
        "User-Agent": "azsdk-java-azure-storage-blob/12.26.0-beta.1 (17.0.8; Windows 11; 10.0)",
        "x-ms-client-request-id": "bb1cb5f4-d685-491e-966b-2bb61ae3d325",
        "x-ms-version": "2024-02-04"
      },
      "RequestBody": null,
      "StatusCode": 201,
      "ResponseHeaders": {
        "Content-Length": "0",
        "Date": "Mon, 11 Dec 2023 19:11:07 GMT",
        "ETag": "\u00220x8DBFA7CEDB460CF\u0022",
        "Last-Modified": "Mon, 11 Dec 2023 19:11:07 GMT",
        "Server": [
          "Windows-Azure-Blob/1.0",
          "Microsoft-HTTPAPI/2.0"
        ],
        "x-ms-client-request-id": "bb1cb5f4-d685-491e-966b-2bb61ae3d325",
        "x-ms-request-id": "5838f7fc-401e-0012-3265-2cecb6000000",
        "x-ms-version": "2024-02-04"
      },
      "ResponseBody": null
    },
    {
      "RequestUri": "https://REDACTED/deb6555a0synccopydestac13165821e7ba231267f94447?restype=container",
      "RequestMethod": "PUT",
      "RequestHeaders": {
        "Accept": "application/xml",
        "Authorization": "Sanitized",
        "Content-Length": "0",
        "Date": "Mon, 11 Dec 2023 19:11:03 GMT",
        "User-Agent": "azsdk-java-azure-storage-blob/12.26.0-beta.1 (17.0.8; Windows 11; 10.0)",
        "x-ms-client-request-id": "72ec98eb-ef35-4a44-a727-4855b33fb6fa",
        "x-ms-version": "2024-02-04"
      },
      "RequestBody": null,
      "StatusCode": 409,
      "ResponseHeaders": {
        "Content-Length": "230",
        "Content-Type": "application/xml",
        "Date": "Mon, 11 Dec 2023 19:11:07 GMT",
        "Server": [
          "Windows-Azure-Blob/1.0",
          "Microsoft-HTTPAPI/2.0"
        ],
        "x-ms-client-request-id": "72ec98eb-ef35-4a44-a727-4855b33fb6fa",
        "x-ms-error-code": "ContainerAlreadyExists",
        "x-ms-request-id": "5838f8b0-401e-0012-5965-2cecb6000000",
        "x-ms-version": "2024-02-04"
      },
      "ResponseBody": [
        "\uFEFF\u003C?xml version=\u00221.0\u0022 encoding=\u0022utf-8\u0022?\u003E\u003CError\u003E\u003CCode\u003EContainerAlreadyExists\u003C/Code\u003E\u003CMessage\u003EThe specified container already exists.\n",
        "RequestId:5838f8b0-401e-0012-5965-2cecb6000000\n",
        "Time:2023-12-11T19:11:07.5016706Z\u003C/Message\u003E\u003C/Error\u003E"
      ]
    },
    {
      "RequestUri": "https://REDACTED/deb6555a0synccopydestac13165821e7ba231267f94447/deb6555a1synccopydestac131581186f62e65252514f73",
      "RequestMethod": "PUT",
      "RequestHeaders": {
        "Accept": "application/xml",
        "Authorization": "Sanitized",
        "Content-Length": "7",
        "Content-Type": "application/octet-stream",
        "Date": "Mon, 11 Dec 2023 19:11:03 GMT",
        "If-None-Match": "*",
        "User-Agent": "azsdk-java-azure-storage-blob/12.26.0-beta.1 (17.0.8; Windows 11; 10.0)",
        "x-ms-blob-type": "BlockBlob",
        "x-ms-client-request-id": "e5618438-ee77-4058-8705-0ed4cf76a123",
        "x-ms-version": "2024-02-04"
      },
      "RequestBody": "ZGVmYXVsdA==",
      "StatusCode": 201,
      "ResponseHeaders": {
        "Content-Length": "0",
        "Content-MD5": "wh\u002BWm18D0z1D4E\u002BPE252gg==",
        "Date": "Mon, 11 Dec 2023 19:11:07 GMT",
        "ETag": "\u00220x8DBFA7CEDD3B71E\u0022",
        "Last-Modified": "Mon, 11 Dec 2023 19:11:07 GMT",
        "Server": [
          "Windows-Azure-Blob/1.0",
          "Microsoft-HTTPAPI/2.0"
        ],
        "x-ms-client-request-id": "e5618438-ee77-4058-8705-0ed4cf76a123",
        "x-ms-content-crc64": "6RYQPwaVsyQ=",
        "x-ms-request-id": "5838f95e-401e-0012-7e65-2cecb6000000",
        "x-ms-request-server-encrypted": "true",
        "x-ms-version": "2024-02-04"
      },
      "ResponseBody": null
    },
    {
      "RequestUri": "https://REDACTED/deb6555a0synccopydestac13165821e7ba231267f94447?restype=container\u0026comp=acl",
      "RequestMethod": "PUT",
      "RequestHeaders": {
        "Accept": "application/xml",
        "Authorization": "Sanitized",
        "Content-Length": "58",
        "Content-Type": "application/xml",
        "Date": "Mon, 11 Dec 2023 19:11:03 GMT",
        "User-Agent": "azsdk-java-azure-storage-blob/12.26.0-beta.1 (17.0.8; Windows 11; 10.0)",
        "x-ms-blob-public-access": "container",
        "x-ms-client-request-id": "b4f3ff21-a715-4755-b413-5a8a271d53b0",
        "x-ms-version": "2024-02-04"
      },
      "RequestBody": "\u003C?xml version=\u00271.0\u0027 encoding=\u0027UTF-8\u0027?\u003E\u003CSignedIdentifiers/\u003E",
      "StatusCode": 200,
      "ResponseHeaders": {
        "Content-Length": "0",
        "Date": "Mon, 11 Dec 2023 19:11:07 GMT",
        "ETag": "\u00220x8DBFA7CEDE69DA5\u0022",
        "Last-Modified": "Mon, 11 Dec 2023 19:11:07 GMT",
        "Server": [
          "Windows-Azure-Blob/1.0",
          "Microsoft-HTTPAPI/2.0"
        ],
        "x-ms-client-request-id": "b4f3ff21-a715-4755-b413-5a8a271d53b0",
        "x-ms-request-id": "dd0cfc95-801e-0022-0665-2c5279000000",
        "x-ms-version": "2024-02-04"
      },
      "ResponseBody": null
    },
    {
      "RequestUri": "https://REDACTED/deb6555a0synccopydestac13165821e7ba231267f94447?restype=container\u0026comp=acl",
      "RequestMethod": "GET",
      "RequestHeaders": {
        "Accept": "application/xml",
        "Authorization": "Sanitized",
        "Content-Length": "0",
        "Date": "Mon, 11 Dec 2023 19:11:04 GMT",
        "User-Agent": "azsdk-java-azure-storage-blob/12.26.0-beta.1 (17.0.8; Windows 11; 10.0)",
        "x-ms-client-request-id": "b1144db8-fa12-484a-9737-3050a3534e38",
        "x-ms-version": "2024-02-04"
      },
      "RequestBody": null,
      "StatusCode": 200,
      "ResponseHeaders": {
        "Content-Type": "application/xml",
        "Date": "Mon, 11 Dec 2023 19:11:07 GMT",
        "ETag": "\u00220x8DBFA7CEDE69DA5\u0022",
        "Last-Modified": "Mon, 11 Dec 2023 19:11:07 GMT",
        "Server": [
          "Windows-Azure-Blob/1.0",
          "Microsoft-HTTPAPI/2.0"
        ],
        "Transfer-Encoding": "chunked",
        "Vary": "Origin",
        "x-ms-blob-public-access": "container",
        "x-ms-client-request-id": "b1144db8-fa12-484a-9737-3050a3534e38",
        "x-ms-request-id": "c5fe557d-d01e-0072-4865-2c9029000000",
        "x-ms-version": "2024-02-04"
      },
      "ResponseBody": "\uFEFF\u003C?xml version=\u00221.0\u0022 encoding=\u0022utf-8\u0022?\u003E\u003CSignedIdentifiers /\u003E"
    },
    {
      "RequestUri": "https://REDACTED/deb6555a0synccopydestac13165821e7ba231267f94447/deb6555a2synccopydestac1312702764a93094a2b44b51",
      "RequestMethod": "PUT",
      "RequestHeaders": {
        "Accept": "application/xml",
        "Authorization": "Sanitized",
        "Content-Length": "7",
        "Content-Type": "application/octet-stream",
        "Date": "Mon, 11 Dec 2023 19:11:06 GMT",
        "If-None-Match": "*",
        "User-Agent": "azsdk-java-azure-storage-blob/12.26.0-beta.1 (17.0.8; Windows 11; 10.0)",
        "x-ms-blob-type": "BlockBlob",
        "x-ms-client-request-id": "369aaec9-7693-4613-b0b1-631e5419b713",
        "x-ms-version": "2024-02-04"
      },
      "RequestBody": "ZGVmYXVsdA==",
      "StatusCode": 201,
      "ResponseHeaders": {
        "Content-Length": "0",
        "Content-MD5": "wh\u002BWm18D0z1D4E\u002BPE252gg==",
        "Date": "Mon, 11 Dec 2023 19:11:09 GMT",
        "ETag": "\u00220x8DBFA7CEF35D2D8\u0022",
        "Last-Modified": "Mon, 11 Dec 2023 19:11:09 GMT",
        "Server": [
          "Windows-Azure-Blob/1.0",
          "Microsoft-HTTPAPI/2.0"
        ],
        "x-ms-client-request-id": "369aaec9-7693-4613-b0b1-631e5419b713",
        "x-ms-content-crc64": "6RYQPwaVsyQ=",
        "x-ms-request-id": "8f577515-801e-007f-0765-2c58fd000000",
        "x-ms-request-server-encrypted": "true",
        "x-ms-version": "2024-02-04"
      },
      "ResponseBody": null
    },
    {
      "RequestUri": "https://REDACTED/deb6555a0synccopydestac13165821e7ba231267f94447/deb6555a2synccopydestac1312702764a93094a2b44b51?comp=tags",
      "RequestMethod": "PUT",
      "RequestHeaders": {
        "Accept": "application/xml",
        "Authorization": "Sanitized",
        "Content-Length": "111",
        "Content-Type": "application/xml",
        "Date": "Mon, 11 Dec 2023 19:11:06 GMT",
        "User-Agent": "azsdk-java-azure-storage-blob/12.26.0-beta.1 (17.0.8; Windows 11; 10.0)",
        "x-ms-client-request-id": "bd4aad80-5f82-4f0d-b091-2105efb7c7e9",
        "x-ms-version": "2024-02-04"
      },
      "RequestBody": "\u003C?xml version=\u00271.0\u0027 encoding=\u0027UTF-8\u0027?\u003E\u003CTags\u003E\u003CTagSet\u003E\u003CTag\u003E\u003CKey\u003Efoo\u003C/Key\u003E\u003CValue\u003Ebar\u003C/Value\u003E\u003C/Tag\u003E\u003C/TagSet\u003E\u003C/Tags\u003E",
      "StatusCode": 204,
      "ResponseHeaders": {
        "Date": "Mon, 11 Dec 2023 19:11:09 GMT",
        "Server": [
          "Windows-Azure-Blob/1.0",
          "Microsoft-HTTPAPI/2.0"
        ],
        "x-ms-client-request-id": "bd4aad80-5f82-4f0d-b091-2105efb7c7e9",
        "x-ms-request-id": "c5fe61cf-d01e-0072-0365-2c9029000000",
        "x-ms-version": "2024-02-04"
      },
      "ResponseBody": null
    },
    {
      "RequestUri": "https://REDACTED/deb6555a0synccopydestac13165821e7ba231267f94447/deb6555a2synccopydestac1312702764a93094a2b44b51",
      "RequestMethod": "PUT",
      "RequestHeaders": {
        "Accept": "application/xml",
        "Authorization": "Sanitized",
        "Content-Length": "0",
        "Date": "Mon, 11 Dec 2023 19:11:06 GMT",
        "User-Agent": "azsdk-java-azure-storage-blob/12.26.0-beta.1 (17.0.8; Windows 11; 10.0)",
        "x-ms-client-request-id": "c4bb49ca-0426-478a-b4aa-60ce536b3b70",
        "x-ms-copy-source": "https://REDACTED/deb6555a0synccopydestac13165821e7ba231267f94447/deb6555a1synccopydestac131581186f62e65252514f73",
        "x-ms-requires-sync": "true",
        "x-ms-version": "2024-02-04"
      },
      "RequestBody": null,
      "StatusCode": 202,
      "ResponseHeaders": {
        "Content-Length": "0",
        "Date": "Mon, 11 Dec 2023 19:11:09 GMT",
        "ETag": "\u00220x8DBFA7CEF54273E\u0022",
        "Last-Modified": "Mon, 11 Dec 2023 19:11:10 GMT",
        "Server": [
          "Windows-Azure-Blob/1.0",
          "Microsoft-HTTPAPI/2.0"
        ],
        "x-ms-client-request-id": "c4bb49ca-0426-478a-b4aa-60ce536b3b70",
        "x-ms-content-crc64": "6RYQPwaVsyQ=",
        "x-ms-copy-id": "bb6733f7-ce53-4757-a6e8-93276823f201",
        "x-ms-copy-status": "success",
        "x-ms-request-id": "c5fe623b-d01e-0072-5a65-2c9029000000",
        "x-ms-request-server-encrypted": "true",
        "x-ms-version": "2024-02-04"
      },
      "ResponseBody": null
    }
  ],
  "Variables": {
    "0": "deb6555a0synccopydestac13165821e7ba231267f94447",
    "1": "deb6555a1synccopydestac131581186f62e65252514f73",
    "2": "deb6555a2synccopydestac1312702764a93094a2b44b51"
  }
}
