{
  "Entries": [
    {
      "RequestUri": "https://REDACTED/be3e06640getpropertiesorscc3271283fd463084497458?restype=container",
      "RequestMethod": "PUT",
      "RequestHeaders": {
        "Accept": "application/xml",
        "Authorization": "Sanitized",
        "Content-Length": "0",
        "Date": "Fri, 01 Dec 2023 19:51:32 GMT",
        "User-Agent": "azsdk-java-azure-storage-blob/12.26.0-beta.1 (17.0.8; Windows 11; 10.0)",
        "x-ms-client-request-id": "66d2c71d-e8f1-41ba-8b84-3ef7400ed381",
        "x-ms-version": "2024-02-04"
      },
      "RequestBody": null,
      "StatusCode": 201,
      "ResponseHeaders": {
        "Content-Length": "0",
        "Date": "Fri, 01 Dec 2023 19:51:33 GMT",
        "ETag": "\u00220x8DBF2A6EBC107F3\u0022",
        "Last-Modified": "Fri, 01 Dec 2023 19:51:33 GMT",
        "Server": [
          "Windows-Azure-Blob/1.0",
          "Microsoft-HTTPAPI/2.0"
        ],
        "x-ms-client-request-id": "66d2c71d-e8f1-41ba-8b84-3ef7400ed381",
        "x-ms-request-id": "d711368c-901e-0082-0a8f-240c1e000000",
        "x-ms-version": "2024-02-04"
      },
      "ResponseBody": null
    },
    {
      "RequestUri": "https://REDACTED/be3e06640getpropertiesorscc3271283fd463084497458?restype=container",
      "RequestMethod": "PUT",
      "RequestHeaders": {
        "Accept": "application/xml",
        "Authorization": "Sanitized",
        "Content-Length": "0",
        "Date": "Fri, 01 Dec 2023 19:51:32 GMT",
        "User-Agent": "azsdk-java-azure-storage-blob/12.26.0-beta.1 (17.0.8; Windows 11; 10.0)",
        "x-ms-client-request-id": "ffef4914-f1f4-4325-9ad4-14f55f9c8d8e",
        "x-ms-version": "2024-02-04"
      },
      "RequestBody": null,
      "StatusCode": 409,
      "ResponseHeaders": {
        "Content-Length": "230",
        "Content-Type": "application/xml",
        "Date": "Fri, 01 Dec 2023 19:51:33 GMT",
        "Server": [
          "Windows-Azure-Blob/1.0",
          "Microsoft-HTTPAPI/2.0"
        ],
        "x-ms-client-request-id": "ffef4914-f1f4-4325-9ad4-14f55f9c8d8e",
        "x-ms-error-code": "ContainerAlreadyExists",
        "x-ms-request-id": "d71136ae-901e-0082-238f-240c1e000000",
        "x-ms-version": "2024-02-04"
      },
      "ResponseBody": [
        "\uFEFF\u003C?xml version=\u00221.0\u0022 encoding=\u0022utf-8\u0022?\u003E\u003CError\u003E\u003CCode\u003EContainerAlreadyExists\u003C/Code\u003E\u003CMessage\u003EThe specified container already exists.\n",
        "RequestId:d71136ae-901e-0082-238f-240c1e000000\n",
        "Time:2023-12-01T19:51:33.8793539Z\u003C/Message\u003E\u003C/Error\u003E"
      ]
    },
    {
      "RequestUri": "https://REDACTED/be3e06640getpropertiesorscc3271283fd463084497458/be3e06641getpropertiesorscc34257628d023e94a984ec",
      "RequestMethod": "PUT",
      "RequestHeaders": {
        "Accept": "application/xml",
        "Authorization": "Sanitized",
        "Content-Length": "7",
        "Content-Type": "application/octet-stream",
        "Date": "Fri, 01 Dec 2023 19:51:32 GMT",
        "If-None-Match": "*",
        "User-Agent": "azsdk-java-azure-storage-blob/12.26.0-beta.1 (17.0.8; Windows 11; 10.0)",
        "x-ms-blob-type": "BlockBlob",
        "x-ms-client-request-id": "6cbe58fd-035f-42a3-a785-505a19d05548",
        "x-ms-version": "2024-02-04"
      },
      "RequestBody": "ZGVmYXVsdA==",
      "StatusCode": 201,
      "ResponseHeaders": {
        "Content-Length": "0",
        "Content-MD5": "wh\u002BWm18D0z1D4E\u002BPE252gg==",
        "Date": "Fri, 01 Dec 2023 19:51:33 GMT",
        "ETag": "\u00220x8DBF2A6EBFFC861\u0022",
        "Last-Modified": "Fri, 01 Dec 2023 19:51:34 GMT",
        "Server": [
          "Windows-Azure-Blob/1.0",
          "Microsoft-HTTPAPI/2.0"
        ],
        "x-ms-client-request-id": "6cbe58fd-035f-42a3-a785-505a19d05548",
        "x-ms-content-crc64": "6RYQPwaVsyQ=",
        "x-ms-request-id": "d71136c2-901e-0082-348f-240c1e000000",
        "x-ms-request-server-encrypted": "true",
        "x-ms-version": "2024-02-04",
        "x-ms-version-id": "2023-12-01T19:51:34.0958817Z"
      },
      "ResponseBody": null
    },
    {
      "RequestUri": "https://REDACTED/test1/javablobgetpropertiesors2blobapitestgetpropertiesors57d93407b",
      "RequestMethod": "HEAD",
      "RequestHeaders": {
        "Accept": "application/xml",
        "Authorization": "Sanitized",
        "Content-Length": "0",
        "Date": "Fri, 01 Dec 2023 19:51:33 GMT",
        "User-Agent": "azsdk-java-azure-storage-blob/12.26.0-beta.1 (17.0.8; Windows 11; 10.0)",
        "x-ms-client-request-id": "a5d32c71-964f-4ce2-a828-6fc6934dcd95",
        "x-ms-version": "2024-02-04"
      },
      "RequestBody": null,
      "StatusCode": 200,
      "ResponseHeaders": {
        "Accept-Ranges": "bytes",
        "Access-Control-Allow-Origin": "*",
        "Access-Control-Expose-Headers": "x-ms-client-request-id",
        "Content-Length": "7",
        "Content-MD5": "wh\u002BWm18D0z1D4E\u002BPE252gg==",
        "Content-Type": "application/octet-stream",
        "Date": "Fri, 01 Dec 2023 19:51:34 GMT",
        "ETag": "\u00220x8D7E6390264E659\u0022",
        "Last-Modified": "Tue, 21 Apr 2020 21:14:42 GMT",
        "Server": [
          "Windows-Azure-Blob/1.0",
          "Microsoft-HTTPAPI/2.0"
        ],
        "x-ms-access-tier": "Hot",
        "x-ms-access-tier-inferred": "true",
        "x-ms-blob-type": "BlockBlob",
        "x-ms-client-request-id": "a5d32c71-964f-4ce2-a828-6fc6934dcd95",
        "x-ms-creation-time": "Tue, 21 Apr 2020 21:14:42 GMT",
        "x-ms-is-current-version": "true",
        "x-ms-lease-state": "available",
        "x-ms-lease-status": "unlocked",
        "x-ms-or-fd2da1b9-56f5-45ff-9eb6-310e6dfc2c80_105f9aad-f39b-4064-8e47-ccd7937295ca": "complete",
        "x-ms-request-id": "d71136d2-901e-0082-428f-240c1e000000",
        "x-ms-server-encrypted": "true",
        "x-ms-version": "2024-02-04",
        "x-ms-version-id": "2020-04-21T21:14:42.3905881Z"
      },
      "ResponseBody": null
    },
    {
      "RequestUri": "https://REDACTED/test1/javablobgetpropertiesors2blobapitestgetpropertiesors57d93407b",
      "RequestMethod": "GET",
      "RequestHeaders": {
        "Accept": "application/xml",
        "Authorization": "Sanitized",
        "Content-Length": "0",
        "Date": "Fri, 01 Dec 2023 19:51:33 GMT",
        "User-Agent": "azsdk-java-azure-storage-blob/12.26.0-beta.1 (17.0.8; Windows 11; 10.0)",
        "x-ms-client-request-id": "78616b1c-34e0-4696-a9cf-5072d1c3412a",
        "x-ms-version": "2024-02-04"
      },
      "RequestBody": null,
      "StatusCode": 200,
      "ResponseHeaders": {
        "Accept-Ranges": "bytes",
        "Access-Control-Allow-Origin": "*",
        "Access-Control-Expose-Headers": "x-ms-client-request-id",
        "Content-Length": "7",
        "Content-MD5": "wh\u002BWm18D0z1D4E\u002BPE252gg==",
        "Content-Type": "application/octet-stream",
        "Date": "Fri, 01 Dec 2023 19:51:34 GMT",
        "ETag": "\u00220x8D7E6390264E659\u0022",
        "Last-Modified": "Tue, 21 Apr 2020 21:14:42 GMT",
        "Server": [
          "Windows-Azure-Blob/1.0",
          "Microsoft-HTTPAPI/2.0"
        ],
        "x-ms-blob-type": "BlockBlob",
        "x-ms-client-request-id": "78616b1c-34e0-4696-a9cf-5072d1c3412a",
        "x-ms-creation-time": "Tue, 21 Apr 2020 21:14:42 GMT",
        "x-ms-is-current-version": "true",
        "x-ms-lease-state": "available",
        "x-ms-lease-status": "unlocked",
        "x-ms-or-fd2da1b9-56f5-45ff-9eb6-310e6dfc2c80_105f9aad-f39b-4064-8e47-ccd7937295ca": "complete",
        "x-ms-request-id": "d71136ee-901e-0082-578f-240c1e000000",
        "x-ms-server-encrypted": "true",
        "x-ms-version": "2024-02-04",
        "x-ms-version-id": "2020-04-21T21:14:42.3905881Z"
      },
      "ResponseBody": "ZGVmYXVsdA=="
    },
    {
      "RequestUri": "https://REDACTED/test2/javablobgetpropertiesors2blobapitestgetpropertiesors57d93407b",
      "RequestMethod": "HEAD",
      "RequestHeaders": {
        "Accept": "application/xml",
        "Authorization": "Sanitized",
        "Content-Length": "0",
        "Date": "Fri, 01 Dec 2023 19:51:33 GMT",
        "User-Agent": "azsdk-java-azure-storage-blob/12.26.0-beta.1 (17.0.8; Windows 11; 10.0)",
        "x-ms-client-request-id": "35361ce8-9120-4a12-ace9-28af696200ae",
        "x-ms-version": "2024-02-04"
      },
      "RequestBody": null,
      "StatusCode": 200,
      "ResponseHeaders": {
        "Accept-Ranges": "bytes",
        "Content-Length": "7",
        "Content-MD5": "wh\u002BWm18D0z1D4E\u002BPE252gg==",
        "Content-Type": "application/octet-stream",
        "Date": "Fri, 01 Dec 2023 19:51:33 GMT",
        "ETag": "\u00220x8D7E6392667E161\u0022",
        "Last-Modified": "Tue, 21 Apr 2020 21:15:42 GMT",
        "Server": [
          "Windows-Azure-Blob/1.0",
          "Microsoft-HTTPAPI/2.0"
        ],
        "x-ms-access-tier": "Hot",
        "x-ms-access-tier-inferred": "true",
        "x-ms-blob-type": "BlockBlob",
        "x-ms-client-request-id": "35361ce8-9120-4a12-ace9-28af696200ae",
        "x-ms-copy-completion-time": "Tue, 21 Apr 2020 21:15:42 GMT",
        "x-ms-copy-id": "a514d62a-e039-4bdc-90e3-6576d95f18a5",
        "x-ms-copy-progress": "7/7",
        "x-ms-copy-source": "https://REDACTED/test1/javablobgetpropertiesors2blobapitestgetpropertiesors57d93407b?versionid=2020-04-21T21:14:42.3905881Z\u0026sv=2015-04-05\u0026ss=b\u0026srt=sco\u0026sp=rwdlacup\u0026se=2020-04-22T21%3A05%3A01.4556519Z\u0026spr=https",
        "x-ms-copy-status": "success",
        "x-ms-creation-time": "Tue, 21 Apr 2020 21:15:42 GMT",
        "x-ms-is-current-version": "true",
        "x-ms-lease-state": "available",
        "x-ms-lease-status": "unlocked",
        "x-ms-or-policy-id": "fd2da1b9-56f5-45ff-9eb6-310e6dfc2c80",
        "x-ms-request-id": "461a6a4f-401e-0078-778f-24793a000000",
        "x-ms-server-encrypted": "true",
        "x-ms-version": "2024-02-04",
        "x-ms-version-id": "2020-04-21T21:15:42.8141548Z"
      },
      "ResponseBody": null
    },
    {
      "RequestUri": "https://REDACTED/test2/javablobgetpropertiesors2blobapitestgetpropertiesors57d93407b",
      "RequestMethod": "GET",
      "RequestHeaders": {
        "Accept": "application/xml",
        "Authorization": "Sanitized",
        "Content-Length": "0",
        "Date": "Fri, 01 Dec 2023 19:51:33 GMT",
        "User-Agent": "azsdk-java-azure-storage-blob/12.26.0-beta.1 (17.0.8; Windows 11; 10.0)",
        "x-ms-client-request-id": "94ee3ab3-66cd-4161-867e-72037d0a3fac",
        "x-ms-version": "2024-02-04"
      },
      "RequestBody": null,
      "StatusCode": 200,
      "ResponseHeaders": {
        "Accept-Ranges": "bytes",
        "Content-Length": "7",
        "Content-MD5": "wh\u002BWm18D0z1D4E\u002BPE252gg==",
        "Content-Type": "application/octet-stream",
        "Date": "Fri, 01 Dec 2023 19:51:33 GMT",
        "ETag": "\u00220x8D7E6392667E161\u0022",
        "Last-Modified": "Tue, 21 Apr 2020 21:15:42 GMT",
        "Server": [
          "Windows-Azure-Blob/1.0",
          "Microsoft-HTTPAPI/2.0"
        ],
        "x-ms-blob-type": "BlockBlob",
        "x-ms-client-request-id": "94ee3ab3-66cd-4161-867e-72037d0a3fac",
        "x-ms-copy-completion-time": "Tue, 21 Apr 2020 21:15:42 GMT",
        "x-ms-copy-id": "a514d62a-e039-4bdc-90e3-6576d95f18a5",
        "x-ms-copy-progress": "7/7",
        "x-ms-copy-source": "https://REDACTED/test1/javablobgetpropertiesors2blobapitestgetpropertiesors57d93407b?versionid=2020-04-21T21:14:42.3905881Z\u0026sv=2015-04-05\u0026ss=b\u0026srt=sco\u0026sp=rwdlacup\u0026se=2020-04-22T21%3A05%3A01.4556519Z\u0026spr=https",
        "x-ms-copy-status": "success",
        "x-ms-creation-time": "Tue, 21 Apr 2020 21:15:42 GMT",
        "x-ms-is-current-version": "true",
        "x-ms-lease-state": "available",
        "x-ms-lease-status": "unlocked",
        "x-ms-or-policy-id": "fd2da1b9-56f5-45ff-9eb6-310e6dfc2c80",
        "x-ms-request-id": "461a6a7f-401e-0078-0c8f-24793a000000",
        "x-ms-server-encrypted": "true",
        "x-ms-version": "2024-02-04",
        "x-ms-version-id": "2020-04-21T21:15:42.8141548Z"
      },
      "ResponseBody": "ZGVmYXVsdA=="
    }
  ],
  "Variables": {
    "0": "be3e06640getpropertiesorscc3271283fd463084497458",
    "1": "be3e06641getpropertiesorscc34257628d023e94a984ec"
  }
}
