{
  "Entries": [
    {
      "RequestUri": "https://REDACTED/acce16a20deleteac6cb06232c11f545ca39e4b6ab10?restype=container",
      "RequestMethod": "PUT",
      "RequestHeaders": {
        "Accept": "application/xml",
        "Authorization": "Sanitized",
        "Content-Length": "0",
        "Date": "Fri, 01 Dec 2023 19:12:10 GMT",
        "User-Agent": "azsdk-java-azure-storage-blob/12.26.0-beta.1 (17.0.8; Windows 11; 10.0)",
        "x-ms-client-request-id": "ca44d0fe-2608-4aab-bc94-56b64089c4a1",
        "x-ms-version": "2024-02-04"
      },
      "RequestBody": null,
      "StatusCode": 201,
      "ResponseHeaders": {
        "Content-Length": "0",
        "Date": "Fri, 01 Dec 2023 19:12:10 GMT",
        "ETag": "\u00220x8DBF2A16B8F659D\u0022",
        "Last-Modified": "Fri, 01 Dec 2023 19:12:11 GMT",
        "Server": [
          "Windows-Azure-Blob/1.0",
          "Microsoft-HTTPAPI/2.0"
        ],
        "x-ms-client-request-id": "ca44d0fe-2608-4aab-bc94-56b64089c4a1",
        "x-ms-request-id": "cdf514e9-601e-0015-188a-2480d5000000",
        "x-ms-version": "2024-02-04"
      },
      "ResponseBody": null
    },
    {
      "RequestUri": "https://REDACTED/acce16a20deleteac6cb06232c11f545ca39e4b6ab10?restype=container",
      "RequestMethod": "PUT",
      "RequestHeaders": {
        "Accept": "application/xml",
        "Authorization": "Sanitized",
        "Content-Length": "0",
        "Date": "Fri, 01 Dec 2023 19:12:10 GMT",
        "User-Agent": "azsdk-java-azure-storage-blob/12.26.0-beta.1 (17.0.8; Windows 11; 10.0)",
        "x-ms-client-request-id": "02344d59-5942-4294-98e2-02a46b8c847b",
        "x-ms-version": "2024-02-04"
      },
      "RequestBody": null,
      "StatusCode": 409,
      "ResponseHeaders": {
        "Content-Length": "230",
        "Content-Type": "application/xml",
        "Date": "Fri, 01 Dec 2023 19:12:10 GMT",
        "Server": [
          "Windows-Azure-Blob/1.0",
          "Microsoft-HTTPAPI/2.0"
        ],
        "x-ms-client-request-id": "02344d59-5942-4294-98e2-02a46b8c847b",
        "x-ms-error-code": "ContainerAlreadyExists",
        "x-ms-request-id": "cdf5157f-601e-0015-218a-2480d5000000",
        "x-ms-version": "2024-02-04"
      },
      "ResponseBody": [
        "\uFEFF\u003C?xml version=\u00221.0\u0022 encoding=\u0022utf-8\u0022?\u003E\u003CError\u003E\u003CCode\u003EContainerAlreadyExists\u003C/Code\u003E\u003CMessage\u003EThe specified container already exists.\n",
        "RequestId:cdf5157f-601e-0015-218a-2480d5000000\n",
        "Time:2023-12-01T19:12:11.2142867Z\u003C/Message\u003E\u003C/Error\u003E"
      ]
    },
    {
      "RequestUri": "https://REDACTED/acce16a20deleteac6cb06232c11f545ca39e4b6ab10/acce16a21deleteac6cb05225a9e60af1ffbb48c69f0",
      "RequestMethod": "PUT",
      "RequestHeaders": {
        "Accept": "application/xml",
        "Authorization": "Sanitized",
        "Content-Length": "7",
        "Content-Type": "application/octet-stream",
        "Date": "Fri, 01 Dec 2023 19:12:10 GMT",
        "If-None-Match": "*",
        "User-Agent": "azsdk-java-azure-storage-blob/12.26.0-beta.1 (17.0.8; Windows 11; 10.0)",
        "x-ms-blob-type": "BlockBlob",
        "x-ms-client-request-id": "bfafaeca-663d-462c-b625-43fbcd26c481",
        "x-ms-version": "2024-02-04"
      },
      "RequestBody": "ZGVmYXVsdA==",
      "StatusCode": 201,
      "ResponseHeaders": {
        "Content-Length": "0",
        "Content-MD5": "wh\u002BWm18D0z1D4E\u002BPE252gg==",
        "Date": "Fri, 01 Dec 2023 19:12:10 GMT",
        "ETag": "\u00220x8DBF2A16BAA7FBD\u0022",
        "Last-Modified": "Fri, 01 Dec 2023 19:12:11 GMT",
        "Server": [
          "Windows-Azure-Blob/1.0",
          "Microsoft-HTTPAPI/2.0"
        ],
        "x-ms-client-request-id": "bfafaeca-663d-462c-b625-43fbcd26c481",
        "x-ms-content-crc64": "6RYQPwaVsyQ=",
        "x-ms-request-id": "cdf5160c-601e-0015-288a-2480d5000000",
        "x-ms-request-server-encrypted": "true",
        "x-ms-version": "2024-02-04"
      },
      "ResponseBody": null
    },
    {
      "RequestUri": "https://REDACTED/acce16a20deleteac6cb06232c11f545ca39e4b6ab10/acce16a21deleteac6cb05225a9e60af1ffbb48c69f0?comp=tags",
      "RequestMethod": "PUT",
      "RequestHeaders": {
        "Accept": "application/xml",
        "Authorization": "Sanitized",
        "Content-Length": "111",
        "Content-Type": "application/xml",
        "Date": "Fri, 01 Dec 2023 19:12:10 GMT",
        "User-Agent": "azsdk-java-azure-storage-blob/12.26.0-beta.1 (17.0.8; Windows 11; 10.0)",
        "x-ms-client-request-id": "916d3635-adf3-4925-94eb-e5b32d823e2d",
        "x-ms-version": "2024-02-04"
      },
      "RequestBody": "\u003C?xml version=\u00271.0\u0027 encoding=\u0027UTF-8\u0027?\u003E\u003CTags\u003E\u003CTagSet\u003E\u003CTag\u003E\u003CKey\u003Efoo\u003C/Key\u003E\u003CValue\u003Ebar\u003C/Value\u003E\u003C/Tag\u003E\u003C/TagSet\u003E\u003C/Tags\u003E",
      "StatusCode": 204,
      "ResponseHeaders": {
        "Date": "Fri, 01 Dec 2023 19:12:10 GMT",
        "Server": [
          "Windows-Azure-Blob/1.0",
          "Microsoft-HTTPAPI/2.0"
        ],
        "x-ms-client-request-id": "916d3635-adf3-4925-94eb-e5b32d823e2d",
        "x-ms-request-id": "cdf5167d-601e-0015-148a-2480d5000000",
        "x-ms-version": "2024-02-04"
      },
      "ResponseBody": null
    },
    {
      "RequestUri": "https://REDACTED/acce16a20deleteac6cb06232c11f545ca39e4b6ab10/acce16a21deleteac6cb05225a9e60af1ffbb48c69f0?comp=lease",
      "RequestMethod": "PUT",
      "RequestHeaders": {
        "Accept": "application/xml",
        "Authorization": "Sanitized",
        "Content-Length": "0",
        "Date": "Fri, 01 Dec 2023 19:12:10 GMT",
        "User-Agent": "azsdk-java-azure-storage-blob/12.26.0-beta.1 (17.0.8; Windows 11; 10.0)",
        "x-ms-client-request-id": "7b8aa1e4-ddf1-4950-9c2c-e517eee64632",
        "x-ms-lease-action": "acquire",
        "x-ms-lease-duration": "-1",
        "x-ms-proposed-lease-id": "392a6685-6017-4d18-871b-8bee289715f8",
        "x-ms-version": "2024-02-04"
      },
      "RequestBody": null,
      "StatusCode": 201,
      "ResponseHeaders": {
        "Content-Length": "0",
        "Date": "Fri, 01 Dec 2023 19:12:10 GMT",
        "ETag": "\u00220x8DBF2A16BAA7FBD\u0022",
        "Last-Modified": "Fri, 01 Dec 2023 19:12:11 GMT",
        "Server": [
          "Windows-Azure-Blob/1.0",
          "Microsoft-HTTPAPI/2.0"
        ],
        "x-ms-client-request-id": "7b8aa1e4-ddf1-4950-9c2c-e517eee64632",
        "x-ms-lease-id": "392a6685-6017-4d18-871b-8bee289715f8",
        "x-ms-request-id": "cdf516fe-601e-0015-098a-2480d5000000",
        "x-ms-version": "2024-02-04"
      },
      "ResponseBody": null
    },
    {
      "RequestUri": "https://REDACTED/acce16a20deleteac6cb06232c11f545ca39e4b6ab10/acce16a21deleteac6cb05225a9e60af1ffbb48c69f0",
      "RequestMethod": "DELETE",
      "RequestHeaders": {
        "Accept": "application/xml",
        "Authorization": "Sanitized",
        "Content-Length": "0",
        "Date": "Fri, 01 Dec 2023 19:12:10 GMT",
        "User-Agent": "azsdk-java-azure-storage-blob/12.26.0-beta.1 (17.0.8; Windows 11; 10.0)",
        "x-ms-client-request-id": "52fc5bd1-bcf3-4e0d-b56b-5f4dd054a3d2",
        "x-ms-delete-snapshots": "include",
        "x-ms-lease-id": "392a6685-6017-4d18-871b-8bee289715f8",
        "x-ms-version": "2024-02-04"
      },
      "RequestBody": null,
      "StatusCode": 202,
      "ResponseHeaders": {
        "Content-Length": "0",
        "Date": "Fri, 01 Dec 2023 19:12:11 GMT",
        "Server": [
          "Windows-Azure-Blob/1.0",
          "Microsoft-HTTPAPI/2.0"
        ],
        "x-ms-client-request-id": "52fc5bd1-bcf3-4e0d-b56b-5f4dd054a3d2",
        "x-ms-delete-type-permanent": "true",
        "x-ms-request-id": "7f2ca9cf-601e-003a-5c8a-248d1e000000",
        "x-ms-version": "2024-02-04"
      },
      "ResponseBody": null
    }
  ],
  "Variables": {
    "0": "acce16a20deleteac6cb06232c11f545ca39e4b6ab10",
    "1": "acce16a21deleteac6cb05225a9e60af1ffbb48c69f0"
  }
}
