{
  "Entries": [
    {
      "RequestUri": "https://REDACTED/dbbe02550settiersnapshot4292297219670bc6427b4d5?restype=container",
      "RequestMethod": "PUT",
      "RequestHeaders": {
        "Accept": "application/xml",
        "Authorization": "Sanitized",
        "Content-Length": "0",
        "Date": "Mon, 04 Dec 2023 20:52:01 GMT",
        "User-Agent": "azsdk-java-azure-storage-blob/12.26.0-beta.1 (17.0.8; Windows 11; 10.0)",
        "x-ms-client-request-id": "87bc1b0c-8499-46f2-8e68-03f413b9e43b",
        "x-ms-version": "2024-02-04"
      },
      "RequestBody": null,
      "StatusCode": 201,
      "ResponseHeaders": {
        "Content-Length": "0",
        "Date": "Mon, 04 Dec 2023 20:52:02 GMT",
        "ETag": "\u00220x8DBF50ADDB027FB\u0022",
        "Last-Modified": "Mon, 04 Dec 2023 20:52:02 GMT",
        "Server": [
          "Windows-Azure-Blob/1.0",
          "Microsoft-HTTPAPI/2.0"
        ],
        "x-ms-client-request-id": "87bc1b0c-8499-46f2-8e68-03f413b9e43b",
        "x-ms-request-id": "ca8903cc-201e-0090-17f3-26abec000000",
        "x-ms-version": "2024-02-04"
      },
      "ResponseBody": null
    },
    {
      "RequestUri": "https://REDACTED/dbbe02550settiersnapshot4292297219670bc6427b4d5?restype=container",
      "RequestMethod": "PUT",
      "RequestHeaders": {
        "Accept": "application/xml",
        "Authorization": "Sanitized",
        "Content-Length": "0",
        "Date": "Mon, 04 Dec 2023 20:52:01 GMT",
        "User-Agent": "azsdk-java-azure-storage-blob/12.26.0-beta.1 (17.0.8; Windows 11; 10.0)",
        "x-ms-client-request-id": "08f3c668-e7cf-4a81-9f53-031ece69e067",
        "x-ms-version": "2024-02-04"
      },
      "RequestBody": null,
      "StatusCode": 409,
      "ResponseHeaders": {
        "Content-Length": "230",
        "Content-Type": "application/xml",
        "Date": "Mon, 04 Dec 2023 20:52:02 GMT",
        "Server": [
          "Windows-Azure-Blob/1.0",
          "Microsoft-HTTPAPI/2.0"
        ],
        "x-ms-client-request-id": "08f3c668-e7cf-4a81-9f53-031ece69e067",
        "x-ms-error-code": "ContainerAlreadyExists",
        "x-ms-request-id": "ca890478-201e-0090-20f3-26abec000000",
        "x-ms-version": "2024-02-04"
      },
      "ResponseBody": [
        "\uFEFF\u003C?xml version=\u00221.0\u0022 encoding=\u0022utf-8\u0022?\u003E\u003CError\u003E\u003CCode\u003EContainerAlreadyExists\u003C/Code\u003E\u003CMessage\u003EThe specified container already exists.\n",
        "RequestId:ca890478-201e-0090-20f3-26abec000000\n",
        "Time:2023-12-04T20:52:02.1704037Z\u003C/Message\u003E\u003C/Error\u003E"
      ]
    },
    {
      "RequestUri": "https://REDACTED/dbbe02550settiersnapshot4292297219670bc6427b4d5/dbbe02551settiersnapshot42991831473daa5eafaf40e",
      "RequestMethod": "PUT",
      "RequestHeaders": {
        "Accept": "application/xml",
        "Authorization": "Sanitized",
        "Content-Length": "7",
        "Content-Type": "application/octet-stream",
        "Date": "Mon, 04 Dec 2023 20:52:01 GMT",
        "If-None-Match": "*",
        "User-Agent": "azsdk-java-azure-storage-blob/12.26.0-beta.1 (17.0.8; Windows 11; 10.0)",
        "x-ms-blob-type": "BlockBlob",
        "x-ms-client-request-id": "c9b51d6b-4028-4171-8e60-cccf415833ee",
        "x-ms-version": "2024-02-04"
      },
      "RequestBody": "ZGVmYXVsdA==",
      "StatusCode": 201,
      "ResponseHeaders": {
        "Content-Length": "0",
        "Content-MD5": "wh\u002BWm18D0z1D4E\u002BPE252gg==",
        "Date": "Mon, 04 Dec 2023 20:52:02 GMT",
        "ETag": "\u00220x8DBF50ADDCA1ACD\u0022",
        "Last-Modified": "Mon, 04 Dec 2023 20:52:02 GMT",
        "Server": [
          "Windows-Azure-Blob/1.0",
          "Microsoft-HTTPAPI/2.0"
        ],
        "x-ms-client-request-id": "c9b51d6b-4028-4171-8e60-cccf415833ee",
        "x-ms-content-crc64": "6RYQPwaVsyQ=",
        "x-ms-request-id": "ca8904ed-201e-0090-12f3-26abec000000",
        "x-ms-request-server-encrypted": "true",
        "x-ms-version": "2024-02-04",
        "x-ms-version-id": "2023-12-04T20:52:02.2545101Z"
      },
      "ResponseBody": null
    },
    {
      "RequestUri": "https://REDACTED/dbbe02550settiersnapshot4292297219670bc6427b4d5/dbbe02551settiersnapshot42991831473daa5eafaf40e?comp=snapshot",
      "RequestMethod": "PUT",
      "RequestHeaders": {
        "Accept": "application/xml",
        "Authorization": "Sanitized",
        "Content-Length": "0",
        "Date": "Mon, 04 Dec 2023 20:52:01 GMT",
        "User-Agent": "azsdk-java-azure-storage-blob/12.26.0-beta.1 (17.0.8; Windows 11; 10.0)",
        "x-ms-client-request-id": "5bc0ff9d-e0dd-454f-aa1a-d5a89cc9a75b",
        "x-ms-version": "2024-02-04"
      },
      "RequestBody": null,
      "StatusCode": 201,
      "ResponseHeaders": {
        "Content-Length": "0",
        "Date": "Mon, 04 Dec 2023 20:52:02 GMT",
        "ETag": "\u00220x8DBF50ADDCA1ACD\u0022",
        "Last-Modified": "Mon, 04 Dec 2023 20:52:02 GMT",
        "Server": [
          "Windows-Azure-Blob/1.0",
          "Microsoft-HTTPAPI/2.0"
        ],
        "x-ms-client-request-id": "5bc0ff9d-e0dd-454f-aa1a-d5a89cc9a75b",
        "x-ms-request-id": "ca890581-201e-0090-1cf3-26abec000000",
        "x-ms-request-server-encrypted": "false",
        "x-ms-snapshot": "2023-12-04T20:52:02.3414608Z",
        "x-ms-version": "2024-02-04",
        "x-ms-version-id": "2023-12-04T20:52:02.3424608Z"
      },
      "ResponseBody": null
    },
    {
      "RequestUri": "https://REDACTED/dbbe02550settiersnapshot4292297219670bc6427b4d5/dbbe02551settiersnapshot42991831473daa5eafaf40e?comp=tier\u0026snapshot=2023-12-04T20%3A52%3A02.3414608Z",
      "RequestMethod": "PUT",
      "RequestHeaders": {
        "Accept": "application/xml",
        "Authorization": "Sanitized",
        "Content-Length": "0",
        "Date": "Mon, 04 Dec 2023 20:52:01 GMT",
        "User-Agent": "azsdk-java-azure-storage-blob/12.26.0-beta.1 (17.0.8; Windows 11; 10.0)",
        "x-ms-access-tier": "Cool",
        "x-ms-client-request-id": "95706fac-d8d7-40ae-9a0a-fcce02234fb3",
        "x-ms-version": "2024-02-04"
      },
      "RequestBody": null,
      "StatusCode": 200,
      "ResponseHeaders": {
        "Content-Length": "0",
        "Date": "Mon, 04 Dec 2023 20:52:02 GMT",
        "Server": [
          "Windows-Azure-Blob/1.0",
          "Microsoft-HTTPAPI/2.0"
        ],
        "x-ms-client-request-id": "95706fac-d8d7-40ae-9a0a-fcce02234fb3",
        "x-ms-request-id": "ca8905fb-201e-0090-13f3-26abec000000",
        "x-ms-version": "2024-02-04"
      },
      "ResponseBody": null
    },
    {
      "RequestUri": "https://REDACTED/dbbe02550settiersnapshot4292297219670bc6427b4d5/dbbe02551settiersnapshot42991831473daa5eafaf40e?snapshot=2023-12-04T20%3A52%3A02.3414608Z",
      "RequestMethod": "HEAD",
      "RequestHeaders": {
        "Accept": "application/xml",
        "Authorization": "Sanitized",
        "Content-Length": "0",
        "Date": "Mon, 04 Dec 2023 20:52:01 GMT",
        "User-Agent": "azsdk-java-azure-storage-blob/12.26.0-beta.1 (17.0.8; Windows 11; 10.0)",
        "x-ms-client-request-id": "d02277e5-caa6-46c6-9c8a-90a1c2ee28b0",
        "x-ms-version": "2024-02-04"
      },
      "RequestBody": null,
      "StatusCode": 200,
      "ResponseHeaders": {
        "Accept-Ranges": "bytes",
        "Access-Control-Allow-Origin": "*",
        "Access-Control-Expose-Headers": "x-ms-client-request-id",
        "Content-Length": "7",
        "Content-MD5": "wh\u002BWm18D0z1D4E\u002BPE252gg==",
        "Content-Type": "application/octet-stream",
        "Date": "Mon, 04 Dec 2023 20:52:02 GMT",
        "ETag": "\u00220x8DBF50ADDCA1ACD\u0022",
        "Last-Modified": "Mon, 04 Dec 2023 20:52:02 GMT",
        "Server": [
          "Windows-Azure-Blob/1.0",
          "Microsoft-HTTPAPI/2.0"
        ],
        "x-ms-access-tier": "Cool",
        "x-ms-access-tier-change-time": "Mon, 04 Dec 2023 20:52:02 GMT",
        "x-ms-blob-type": "BlockBlob",
        "x-ms-client-request-id": "d02277e5-caa6-46c6-9c8a-90a1c2ee28b0",
        "x-ms-creation-time": "Mon, 04 Dec 2023 20:52:02 GMT",
        "x-ms-request-id": "ca89067e-201e-0090-15f3-26abec000000",
        "x-ms-server-encrypted": "true",
        "x-ms-version": "2024-02-04"
      },
      "ResponseBody": null
    },
    {
      "RequestUri": "https://REDACTED/dbbe02550settiersnapshot4292297219670bc6427b4d5/dbbe02551settiersnapshot42991831473daa5eafaf40e",
      "RequestMethod": "HEAD",
      "RequestHeaders": {
        "Accept": "application/xml",
        "Authorization": "Sanitized",
        "Content-Length": "0",
        "Date": "Mon, 04 Dec 2023 20:52:01 GMT",
        "User-Agent": "azsdk-java-azure-storage-blob/12.26.0-beta.1 (17.0.8; Windows 11; 10.0)",
        "x-ms-client-request-id": "15235984-141a-41c3-858c-9cfc6025b2e6",
        "x-ms-version": "2024-02-04"
      },
      "RequestBody": null,
      "StatusCode": 200,
      "ResponseHeaders": {
        "Accept-Ranges": "bytes",
        "Access-Control-Allow-Origin": "*",
        "Access-Control-Expose-Headers": "x-ms-client-request-id",
        "Content-Length": "7",
        "Content-MD5": "wh\u002BWm18D0z1D4E\u002BPE252gg==",
        "Content-Type": "application/octet-stream",
        "Date": "Mon, 04 Dec 2023 20:52:02 GMT",
        "ETag": "\u00220x8DBF50ADDCA1ACD\u0022",
        "Last-Modified": "Mon, 04 Dec 2023 20:52:02 GMT",
        "Server": [
          "Windows-Azure-Blob/1.0",
          "Microsoft-HTTPAPI/2.0"
        ],
        "x-ms-access-tier": "Hot",
        "x-ms-access-tier-inferred": "true",
        "x-ms-blob-type": "BlockBlob",
        "x-ms-client-request-id": "15235984-141a-41c3-858c-9cfc6025b2e6",
        "x-ms-creation-time": "Mon, 04 Dec 2023 20:52:02 GMT",
        "x-ms-is-current-version": "true",
        "x-ms-last-access-time": "Mon, 04 Dec 2023 20:52:02 GMT",
        "x-ms-lease-state": "available",
        "x-ms-lease-status": "unlocked",
        "x-ms-request-id": "ca890700-201e-0090-0df3-26abec000000",
        "x-ms-server-encrypted": "true",
        "x-ms-version": "2024-02-04",
        "x-ms-version-id": "2023-12-04T20:52:02.3424608Z"
      },
      "ResponseBody": null
    }
  ],
  "Variables": {
    "0": "dbbe02550settiersnapshot4292297219670bc6427b4d5",
    "1": "dbbe02551settiersnapshot42991831473daa5eafaf40e"
  }
}
