{
  "Entries": [
    {
      "RequestUri": "https://REDACTED/eec157870synccopysourceacc5480455b34fd99f12a74eb?restype=container",
      "RequestMethod": "PUT",
      "RequestHeaders": {
        "Accept": "application/xml",
        "Authorization": "Sanitized",
        "Content-Length": "0",
        "Date": "Thu, 05 Oct 2023 19:44:06 GMT",
        "User-Agent": "azsdk-java-azure-storage-blob/12.25.0-beta.1 (11.0.16.1; Windows 11; 10.0)",
        "x-ms-client-request-id": "09fd60c7-da45-461c-8fb5-2099bcaf1d0f",
        "x-ms-version": "2023-08-03"
      },
      "RequestBody": null,
      "StatusCode": 201,
      "ResponseHeaders": {
        "Content-Length": "0",
        "Date": "Thu, 05 Oct 2023 19:44:06 GMT",
        "ETag": "\u00220x8DBC5DB6FD123D1\u0022",
        "Last-Modified": "Thu, 05 Oct 2023 19:44:06 GMT",
        "Server": [
          "Windows-Azure-Blob/1.0",
          "Microsoft-HTTPAPI/2.0"
        ],
        "x-ms-client-request-id": "09fd60c7-da45-461c-8fb5-2099bcaf1d0f",
        "x-ms-request-id": "b968dae1-401e-005d-13c4-f79b06000000",
        "x-ms-version": "2023-08-03"
      },
      "ResponseBody": null
    },
    {
      "RequestUri": "https://REDACTED/eec157870synccopysourceacc5480455b34fd99f12a74eb/eec157871synccopysourceacc5418629938266e8d1bd4ec",
      "RequestMethod": "PUT",
      "RequestHeaders": {
        "Accept": "application/xml",
        "Authorization": "Sanitized",
        "Content-Length": "7",
        "Content-Type": "application/octet-stream",
        "Date": "Thu, 05 Oct 2023 19:44:06 GMT",
        "If-None-Match": "*",
        "User-Agent": "azsdk-java-azure-storage-blob/12.25.0-beta.1 (11.0.16.1; Windows 11; 10.0)",
        "x-ms-blob-type": "BlockBlob",
        "x-ms-client-request-id": "5cba8d0d-8c20-4324-b91e-03e02b5db5a3",
        "x-ms-version": "2023-08-03"
      },
      "RequestBody": "ZGVmYXVsdA==",
      "StatusCode": 201,
      "ResponseHeaders": {
        "Content-Length": "0",
        "Content-MD5": "wh\u002BWm18D0z1D4E\u002BPE252gg==",
        "Date": "Thu, 05 Oct 2023 19:44:06 GMT",
        "ETag": "\u00220x8DBC5DB6FE0D921\u0022",
        "Last-Modified": "Thu, 05 Oct 2023 19:44:06 GMT",
        "Server": [
          "Windows-Azure-Blob/1.0",
          "Microsoft-HTTPAPI/2.0"
        ],
        "x-ms-client-request-id": "5cba8d0d-8c20-4324-b91e-03e02b5db5a3",
        "x-ms-content-crc64": "6RYQPwaVsyQ=",
        "x-ms-request-id": "b968db62-401e-005d-7fc4-f79b06000000",
        "x-ms-request-server-encrypted": "true",
        "x-ms-version": "2023-08-03",
        "x-ms-version-id": "2023-10-05T19:44:06.8573473Z"
      },
      "ResponseBody": null
    },
    {
      "RequestUri": "https://REDACTED/eec157870synccopysourceacc5480455b34fd99f12a74eb?restype=container\u0026comp=acl",
      "RequestMethod": "PUT",
      "RequestHeaders": {
        "Accept": "application/xml",
        "Authorization": "Sanitized",
        "Content-Length": "58",
        "Content-Type": "application/xml",
        "Date": "Thu, 05 Oct 2023 19:44:06 GMT",
        "User-Agent": "azsdk-java-azure-storage-blob/12.25.0-beta.1 (11.0.16.1; Windows 11; 10.0)",
        "x-ms-blob-public-access": "container",
        "x-ms-client-request-id": "e3885e4e-4345-4d40-a77b-7c60321710d0",
        "x-ms-version": "2023-08-03"
      },
      "RequestBody": "\u003C?xml version=\u00271.0\u0027 encoding=\u0027UTF-8\u0027?\u003E\u003CSignedIdentifiers/\u003E",
      "StatusCode": 200,
      "ResponseHeaders": {
        "Content-Length": "0",
        "Date": "Thu, 05 Oct 2023 19:44:06 GMT",
        "ETag": "\u00220x8DBC5DB6FEF3FD3\u0022",
        "Last-Modified": "Thu, 05 Oct 2023 19:44:06 GMT",
        "Server": [
          "Windows-Azure-Blob/1.0",
          "Microsoft-HTTPAPI/2.0"
        ],
        "x-ms-client-request-id": "e3885e4e-4345-4d40-a77b-7c60321710d0",
        "x-ms-request-id": "b968dbe8-401e-005d-78c4-f79b06000000",
        "x-ms-version": "2023-08-03"
      },
      "ResponseBody": null
    },
    {
      "RequestUri": "https://REDACTED/eec157870synccopysourceacc5480455b34fd99f12a74eb/eec157872synccopysourceacc5421272d3720888a62e439",
      "RequestMethod": "PUT",
      "RequestHeaders": {
        "Accept": "application/xml",
        "Authorization": "Sanitized",
        "Content-Length": "0",
        "Date": "Thu, 05 Oct 2023 19:44:06 GMT",
        "User-Agent": "azsdk-java-azure-storage-blob/12.25.0-beta.1 (11.0.16.1; Windows 11; 10.0)",
        "x-ms-client-request-id": "3f08cbf5-59fc-4385-b7b5-33d7b2fa4664",
        "x-ms-copy-source": "REDACTED",
        "x-ms-requires-sync": "true",
        "x-ms-source-if-none-match": "garbage",
        "x-ms-version": "2023-08-03"
      },
      "RequestBody": null,
      "StatusCode": 202,
      "ResponseHeaders": {
        "Content-Length": "0",
        "Date": "Thu, 05 Oct 2023 19:44:06 GMT",
        "ETag": "\u00220x8DBC5DB6FFFCE14\u0022",
        "Last-Modified": "Thu, 05 Oct 2023 19:44:07 GMT",
        "Server": [
          "Windows-Azure-Blob/1.0",
          "Microsoft-HTTPAPI/2.0"
        ],
        "x-ms-client-request-id": "3f08cbf5-59fc-4385-b7b5-33d7b2fa4664",
        "x-ms-content-crc64": "6RYQPwaVsyQ=",
        "x-ms-copy-id": "ebe83190-5550-49a3-af86-a35119a9dc0c",
        "x-ms-copy-status": "success",
        "x-ms-request-id": "b968dc6b-401e-005d-6fc4-f79b06000000",
        "x-ms-request-server-encrypted": "true",
        "x-ms-version": "2023-08-03",
        "x-ms-version-id": "2023-10-05T19:44:07.0832173Z"
      },
      "ResponseBody": null
    }
  ],
  "Variables": {
    "0": "eec157870synccopysourceacc5480455b34fd99f12a74eb",
    "1": "eec157871synccopysourceacc5418629938266e8d1bd4ec",
    "2": "eec157872synccopysourceacc5421272d3720888a62e439"
  }
}
