{
  "Entries": [
    {
      "RequestUri": "https://REDACTED/d235a3100synccopytags88d583410e910dfbc2a0487ab?restype=container",
      "RequestMethod": "PUT",
      "RequestHeaders": {
        "Accept": "application/xml",
        "Authorization": "Sanitized",
        "Content-Length": "0",
        "Date": "Mon, 08 Jan 2024 19:44:17 GMT",
        "User-Agent": "azsdk-java-azure-storage-blob/12.26.0-beta.1 (17.0.8; Windows 11; 10.0)",
        "x-ms-client-request-id": "087d0aa0-f5bf-41a3-91c0-2ad3d648135a",
        "x-ms-version": "2024-02-04"
      },
      "RequestBody": null,
      "StatusCode": 201,
      "ResponseHeaders": {
        "Content-Length": "0",
        "Date": "Mon, 08 Jan 2024 19:44:27 GMT",
        "ETag": "\u00220x8DC108239AE7B20\u0022",
        "Last-Modified": "Mon, 08 Jan 2024 19:44:27 GMT",
        "Server": [
          "Windows-Azure-Blob/1.0",
          "Microsoft-HTTPAPI/2.0"
        ],
        "x-ms-client-request-id": "087d0aa0-f5bf-41a3-91c0-2ad3d648135a",
        "x-ms-request-id": "adc7bde1-b01e-0039-196b-426c7a000000",
        "x-ms-version": "2024-02-04"
      },
      "ResponseBody": null
    },
    {
      "RequestUri": "https://REDACTED/d235a3100synccopytags88d583410e910dfbc2a0487ab?restype=container",
      "RequestMethod": "PUT",
      "RequestHeaders": {
        "Accept": "application/xml",
        "Authorization": "Sanitized",
        "Content-Length": "0",
        "Date": "Mon, 08 Jan 2024 19:44:17 GMT",
        "User-Agent": "azsdk-java-azure-storage-blob/12.26.0-beta.1 (17.0.8; Windows 11; 10.0)",
        "x-ms-client-request-id": "5cf34926-d141-4ee4-a432-3fb04843ed3c",
        "x-ms-version": "2024-02-04"
      },
      "RequestBody": null,
      "StatusCode": 409,
      "ResponseHeaders": {
        "Content-Length": "230",
        "Content-Type": "application/xml",
        "Date": "Mon, 08 Jan 2024 19:44:27 GMT",
        "Server": [
          "Windows-Azure-Blob/1.0",
          "Microsoft-HTTPAPI/2.0"
        ],
        "x-ms-client-request-id": "5cf34926-d141-4ee4-a432-3fb04843ed3c",
        "x-ms-error-code": "ContainerAlreadyExists",
        "x-ms-request-id": "adc7be96-b01e-0039-2d6b-426c7a000000",
        "x-ms-version": "2024-02-04"
      },
      "ResponseBody": [
        "\uFEFF\u003C?xml version=\u00221.0\u0022 encoding=\u0022utf-8\u0022?\u003E\u003CError\u003E\u003CCode\u003EContainerAlreadyExists\u003C/Code\u003E\u003CMessage\u003EThe specified container already exists.\n",
        "RequestId:adc7be96-b01e-0039-2d6b-426c7a000000\n",
        "Time:2024-01-08T19:44:28.0226267Z\u003C/Message\u003E\u003C/Error\u003E"
      ]
    },
    {
      "RequestUri": "https://REDACTED/d235a3100synccopytags88d583410e910dfbc2a0487ab/d235a3101synccopytags88d7458525938b9c6bf547efb",
      "RequestMethod": "PUT",
      "RequestHeaders": {
        "Accept": "application/xml",
        "Authorization": "Sanitized",
        "Content-Length": "7",
        "Content-Type": "application/octet-stream",
        "Date": "Mon, 08 Jan 2024 19:44:17 GMT",
        "If-None-Match": "*",
        "User-Agent": "azsdk-java-azure-storage-blob/12.26.0-beta.1 (17.0.8; Windows 11; 10.0)",
        "x-ms-blob-type": "BlockBlob",
        "x-ms-client-request-id": "02364c73-8bed-473b-b528-7590a5a66f73",
        "x-ms-version": "2024-02-04"
      },
      "RequestBody": "ZGVmYXVsdA==",
      "StatusCode": 201,
      "ResponseHeaders": {
        "Content-Length": "0",
        "Content-MD5": "wh\u002BWm18D0z1D4E\u002BPE252gg==",
        "Date": "Mon, 08 Jan 2024 19:44:28 GMT",
        "ETag": "\u00220x8DC108239CB19A0\u0022",
        "Last-Modified": "Mon, 08 Jan 2024 19:44:28 GMT",
        "Server": [
          "Windows-Azure-Blob/1.0",
          "Microsoft-HTTPAPI/2.0"
        ],
        "x-ms-client-request-id": "02364c73-8bed-473b-b528-7590a5a66f73",
        "x-ms-content-crc64": "6RYQPwaVsyQ=",
        "x-ms-request-id": "adc7bf3e-b01e-0039-2c6b-426c7a000000",
        "x-ms-request-server-encrypted": "true",
        "x-ms-version": "2024-02-04"
      },
      "ResponseBody": null
    },
    {
      "RequestUri": "https://REDACTED/d235a3100synccopytags88d583410e910dfbc2a0487ab/d235a3102synccopytags88d422424409ace03eb941f8a",
      "RequestMethod": "PUT",
      "RequestHeaders": {
        "Accept": "application/xml",
        "Authorization": "Sanitized",
        "Content-Length": "0",
        "Date": "Mon, 08 Jan 2024 19:44:17 GMT",
        "User-Agent": "azsdk-java-azure-storage-blob/12.26.0-beta.1 (17.0.8; Windows 11; 10.0)",
        "x-ms-client-request-id": "013d19ee-a72e-40c6-af3b-642f17e0cf88",
        "x-ms-copy-source": "https://REDACTED/d235a3100synccopytags88d583410e910dfbc2a0487ab/d235a3101synccopytags88d7458525938b9c6bf547efb?sv=2024-08-04\u0026se=2024-01-09T19%3A44%3A17Z\u0026sr=b\u0026sp=r\u0026REDACTED",
        "x-ms-requires-sync": "true",
        "x-ms-version": "2024-02-04"
      },
      "RequestBody": null,
      "StatusCode": 202,
      "ResponseHeaders": {
        "Content-Length": "0",
        "Date": "Mon, 08 Jan 2024 19:44:28 GMT",
        "ETag": "\u00220x8DC108239DE0FAC\u0022",
        "Last-Modified": "Mon, 08 Jan 2024 19:44:28 GMT",
        "Server": [
          "Windows-Azure-Blob/1.0",
          "Microsoft-HTTPAPI/2.0"
        ],
        "x-ms-client-request-id": "013d19ee-a72e-40c6-af3b-642f17e0cf88",
        "x-ms-content-crc64": "6RYQPwaVsyQ=",
        "x-ms-copy-id": "52e15da1-67a2-49d4-a317-31798b2f05b3",
        "x-ms-copy-status": "success",
        "x-ms-request-id": "adc7bfcb-b01e-0039-2a6b-426c7a000000",
        "x-ms-request-server-encrypted": "true",
        "x-ms-version": "2024-02-04"
      },
      "ResponseBody": null
    },
    {
      "RequestUri": "https://REDACTED/d235a3100synccopytags88d583410e910dfbc2a0487ab/d235a3102synccopytags88d422424409ace03eb941f8a?comp=tags",
      "RequestMethod": "GET",
      "RequestHeaders": {
        "Accept": "application/xml",
        "Authorization": "Sanitized",
        "Content-Length": "0",
        "Date": "Mon, 08 Jan 2024 19:44:17 GMT",
        "User-Agent": "azsdk-java-azure-storage-blob/12.26.0-beta.1 (17.0.8; Windows 11; 10.0)",
        "x-ms-client-request-id": "6273f309-0418-40f7-9559-25d74e377867",
        "x-ms-version": "2024-02-04"
      },
      "RequestBody": null,
      "StatusCode": 200,
      "ResponseHeaders": {
        "Content-Length": "64",
        "Content-Type": "application/xml",
        "Date": "Mon, 08 Jan 2024 19:44:28 GMT",
        "Server": [
          "Windows-Azure-Blob/1.0",
          "Microsoft-HTTPAPI/2.0"
        ],
        "x-ms-client-request-id": "6273f309-0418-40f7-9559-25d74e377867",
        "x-ms-request-id": "adc7c0a3-b01e-0039-7e6b-426c7a000000",
        "x-ms-version": "2024-02-04"
      },
      "ResponseBody": [
        "\uFEFF\u003C?xml version=\u00221.0\u0022 encoding=\u0022utf-8\u0022?\u003E\n",
        "\u003CTags\u003E\u003CTagSet/\u003E\u003C/Tags\u003E"
      ]
    }
  ],
  "Variables": {
    "0": "d235a3100synccopytags88d583410e910dfbc2a0487ab",
    "1": "d235a3101synccopytags88d7458525938b9c6bf547efb",
    "2": "d235a3102synccopytags88d422424409ace03eb941f8a",
    "3": "2024-01-08T19:44:17.364627800Z"
  }
}
