{
  "Entries": [
    {
      "RequestUri": "https://REDACTED/a0cf62c20synccopydestacfaile0b401643adb1927a7e64c?restype=container",
      "RequestMethod": "PUT",
      "RequestHeaders": {
        "Accept": "application/xml",
        "Authorization": "Sanitized",
        "Content-Length": "0",
        "Date": "Mon, 11 Dec 2023 19:11:38 GMT",
        "User-Agent": "azsdk-java-azure-storage-blob/12.26.0-beta.1 (17.0.8; Windows 11; 10.0)",
        "x-ms-client-request-id": "d2b22794-b5e5-4242-b569-5e1cd375765c",
        "x-ms-version": "2024-02-04"
      },
      "RequestBody": null,
      "StatusCode": 201,
      "ResponseHeaders": {
        "Content-Length": "0",
        "Date": "Mon, 11 Dec 2023 19:11:41 GMT",
        "ETag": "\u00220x8DBFA7D023796C2\u0022",
        "Last-Modified": "Mon, 11 Dec 2023 19:11:41 GMT",
        "Server": [
          "Windows-Azure-Blob/1.0",
          "Microsoft-HTTPAPI/2.0"
        ],
        "x-ms-client-request-id": "d2b22794-b5e5-4242-b569-5e1cd375765c",
        "x-ms-request-id": "dd0dd199-801e-0022-0b65-2c5279000000",
        "x-ms-version": "2024-02-04"
      },
      "ResponseBody": null
    },
    {
      "RequestUri": "https://REDACTED/a0cf62c20synccopydestacfaile0b401643adb1927a7e64c?restype=container",
      "RequestMethod": "PUT",
      "RequestHeaders": {
        "Accept": "application/xml",
        "Authorization": "Sanitized",
        "Content-Length": "0",
        "Date": "Mon, 11 Dec 2023 19:11:38 GMT",
        "User-Agent": "azsdk-java-azure-storage-blob/12.26.0-beta.1 (17.0.8; Windows 11; 10.0)",
        "x-ms-client-request-id": "91aa31e4-123d-4acd-a5cd-d47f666595c2",
        "x-ms-version": "2024-02-04"
      },
      "RequestBody": null,
      "StatusCode": 409,
      "ResponseHeaders": {
        "Content-Length": "230",
        "Content-Type": "application/xml",
        "Date": "Mon, 11 Dec 2023 19:11:41 GMT",
        "Server": [
          "Windows-Azure-Blob/1.0",
          "Microsoft-HTTPAPI/2.0"
        ],
        "x-ms-client-request-id": "91aa31e4-123d-4acd-a5cd-d47f666595c2",
        "x-ms-error-code": "ContainerAlreadyExists",
        "x-ms-request-id": "dd0dd23c-801e-0022-1465-2c5279000000",
        "x-ms-version": "2024-02-04"
      },
      "ResponseBody": [
        "\uFEFF\u003C?xml version=\u00221.0\u0022 encoding=\u0022utf-8\u0022?\u003E\u003CError\u003E\u003CCode\u003EContainerAlreadyExists\u003C/Code\u003E\u003CMessage\u003EThe specified container already exists.\n",
        "RequestId:dd0dd23c-801e-0022-1465-2c5279000000\n",
        "Time:2023-12-11T19:11:41.9220019Z\u003C/Message\u003E\u003C/Error\u003E"
      ]
    },
    {
      "RequestUri": "https://REDACTED/a0cf62c20synccopydestacfaile0b401643adb1927a7e64c/a0cf62c21synccopydestacfaile0b96399a9b6b282aedc41",
      "RequestMethod": "PUT",
      "RequestHeaders": {
        "Accept": "application/xml",
        "Authorization": "Sanitized",
        "Content-Length": "7",
        "Content-Type": "application/octet-stream",
        "Date": "Mon, 11 Dec 2023 19:11:38 GMT",
        "If-None-Match": "*",
        "User-Agent": "azsdk-java-azure-storage-blob/12.26.0-beta.1 (17.0.8; Windows 11; 10.0)",
        "x-ms-blob-type": "BlockBlob",
        "x-ms-client-request-id": "f05e76e0-8cbf-4afc-9722-4cae4e5d2017",
        "x-ms-version": "2024-02-04"
      },
      "RequestBody": "ZGVmYXVsdA==",
      "StatusCode": 201,
      "ResponseHeaders": {
        "Content-Length": "0",
        "Content-MD5": "wh\u002BWm18D0z1D4E\u002BPE252gg==",
        "Date": "Mon, 11 Dec 2023 19:11:41 GMT",
        "ETag": "\u00220x8DBFA7D0255BAD5\u0022",
        "Last-Modified": "Mon, 11 Dec 2023 19:11:42 GMT",
        "Server": [
          "Windows-Azure-Blob/1.0",
          "Microsoft-HTTPAPI/2.0"
        ],
        "x-ms-client-request-id": "f05e76e0-8cbf-4afc-9722-4cae4e5d2017",
        "x-ms-content-crc64": "6RYQPwaVsyQ=",
        "x-ms-request-id": "dd0dd2d5-801e-0022-1665-2c5279000000",
        "x-ms-request-server-encrypted": "true",
        "x-ms-version": "2024-02-04"
      },
      "ResponseBody": null
    },
    {
      "RequestUri": "https://REDACTED/a0cf62c20synccopydestacfaile0b401643adb1927a7e64c?restype=container\u0026comp=acl",
      "RequestMethod": "PUT",
      "RequestHeaders": {
        "Accept": "application/xml",
        "Authorization": "Sanitized",
        "Content-Length": "58",
        "Content-Type": "application/xml",
        "Date": "Mon, 11 Dec 2023 19:11:38 GMT",
        "User-Agent": "azsdk-java-azure-storage-blob/12.26.0-beta.1 (17.0.8; Windows 11; 10.0)",
        "x-ms-blob-public-access": "container",
        "x-ms-client-request-id": "018d7451-a37a-42f5-9c63-b5c07fc31579",
        "x-ms-version": "2024-02-04"
      },
      "RequestBody": "\u003C?xml version=\u00271.0\u0027 encoding=\u0027UTF-8\u0027?\u003E\u003CSignedIdentifiers/\u003E",
      "StatusCode": 200,
      "ResponseHeaders": {
        "Content-Length": "0",
        "Date": "Mon, 11 Dec 2023 19:11:41 GMT",
        "ETag": "\u00220x8DBFA7D0263663D\u0022",
        "Last-Modified": "Mon, 11 Dec 2023 19:11:42 GMT",
        "Server": [
          "Windows-Azure-Blob/1.0",
          "Microsoft-HTTPAPI/2.0"
        ],
        "x-ms-client-request-id": "018d7451-a37a-42f5-9c63-b5c07fc31579",
        "x-ms-request-id": "dd0dd386-801e-0022-2f65-2c5279000000",
        "x-ms-version": "2024-02-04"
      },
      "ResponseBody": null
    },
    {
      "RequestUri": "https://REDACTED/a0cf62c20synccopydestacfaile0b401643adb1927a7e64c?restype=container\u0026comp=acl",
      "RequestMethod": "GET",
      "RequestHeaders": {
        "Accept": "application/xml",
        "Authorization": "Sanitized",
        "Content-Length": "0",
        "Date": "Mon, 11 Dec 2023 19:11:38 GMT",
        "User-Agent": "azsdk-java-azure-storage-blob/12.26.0-beta.1 (17.0.8; Windows 11; 10.0)",
        "x-ms-client-request-id": "d622de84-8610-4bf0-9c04-5ecc6435dc2a",
        "x-ms-version": "2024-02-04"
      },
      "RequestBody": null,
      "StatusCode": 200,
      "ResponseHeaders": {
        "Content-Type": "application/xml",
        "Date": "Mon, 11 Dec 2023 19:11:41 GMT",
        "ETag": "\u00220x8DBFA7D0263663D\u0022",
        "Last-Modified": "Mon, 11 Dec 2023 19:11:42 GMT",
        "Server": [
          "Windows-Azure-Blob/1.0",
          "Microsoft-HTTPAPI/2.0"
        ],
        "Transfer-Encoding": "chunked",
        "Vary": "Origin",
        "x-ms-blob-public-access": "container",
        "x-ms-client-request-id": "d622de84-8610-4bf0-9c04-5ecc6435dc2a",
        "x-ms-request-id": "dd0dd41b-801e-0022-3165-2c5279000000",
        "x-ms-version": "2024-02-04"
      },
      "ResponseBody": "\uFEFF\u003C?xml version=\u00221.0\u0022 encoding=\u0022utf-8\u0022?\u003E\u003CSignedIdentifiers /\u003E"
    },
    {
      "RequestUri": "https://REDACTED/a0cf62c20synccopydestacfaile0b401643adb1927a7e64c/a0cf62c22synccopydestacfaile0b9401809d4539053f645",
      "RequestMethod": "PUT",
      "RequestHeaders": {
        "Accept": "application/xml",
        "Authorization": "Sanitized",
        "Content-Length": "7",
        "Content-Type": "application/octet-stream",
        "Date": "Mon, 11 Dec 2023 19:11:40 GMT",
        "If-None-Match": "*",
        "User-Agent": "azsdk-java-azure-storage-blob/12.26.0-beta.1 (17.0.8; Windows 11; 10.0)",
        "x-ms-blob-type": "BlockBlob",
        "x-ms-client-request-id": "1b9c1bb8-84e3-4954-8831-8e91356abbb2",
        "x-ms-version": "2024-02-04"
      },
      "RequestBody": "ZGVmYXVsdA==",
      "StatusCode": 201,
      "ResponseHeaders": {
        "Content-Length": "0",
        "Content-MD5": "wh\u002BWm18D0z1D4E\u002BPE252gg==",
        "Date": "Mon, 11 Dec 2023 19:11:43 GMT",
        "ETag": "\u00220x8DBFA7D03B147DB\u0022",
        "Last-Modified": "Mon, 11 Dec 2023 19:11:44 GMT",
        "Server": [
          "Windows-Azure-Blob/1.0",
          "Microsoft-HTTPAPI/2.0"
        ],
        "x-ms-client-request-id": "1b9c1bb8-84e3-4954-8831-8e91356abbb2",
        "x-ms-content-crc64": "6RYQPwaVsyQ=",
        "x-ms-request-id": "3cbf4bb8-701e-009f-3265-2cdb64000000",
        "x-ms-request-server-encrypted": "true",
        "x-ms-version": "2024-02-04"
      },
      "ResponseBody": null
    },
    {
      "RequestUri": "https://REDACTED/a0cf62c20synccopydestacfaile0b401643adb1927a7e64c/a0cf62c22synccopydestacfaile0b9401809d4539053f645",
      "RequestMethod": "PUT",
      "RequestHeaders": {
        "Accept": "application/xml",
        "Authorization": "Sanitized",
        "Content-Length": "0",
        "Date": "Mon, 11 Dec 2023 19:11:40 GMT",
        "If-Modified-Since": "Tue, 12 Dec 2023 19:09:04 GMT",
        "User-Agent": "azsdk-java-azure-storage-blob/12.26.0-beta.1 (17.0.8; Windows 11; 10.0)",
        "x-ms-client-request-id": "b481838f-0bb7-44ac-adf5-b21c2f8a5cd5",
        "x-ms-copy-source": "https://REDACTED/a0cf62c20synccopydestacfaile0b401643adb1927a7e64c/a0cf62c21synccopydestacfaile0b96399a9b6b282aedc41",
        "x-ms-requires-sync": "true",
        "x-ms-version": "2024-02-04"
      },
      "RequestBody": null,
      "StatusCode": 412,
      "ResponseHeaders": {
        "Content-Length": "252",
        "Content-Type": "application/xml",
        "Date": "Mon, 11 Dec 2023 19:11:43 GMT",
        "Server": [
          "Windows-Azure-Blob/1.0",
          "Microsoft-HTTPAPI/2.0"
        ],
        "x-ms-client-request-id": "b481838f-0bb7-44ac-adf5-b21c2f8a5cd5",
        "x-ms-error-code": "ConditionNotMet",
        "x-ms-request-id": "3cbf4c3a-701e-009f-1765-2cdb64000000",
        "x-ms-version": "2024-02-04"
      },
      "ResponseBody": [
        "\uFEFF\u003C?xml version=\u00221.0\u0022 encoding=\u0022utf-8\u0022?\u003E\u003CError\u003E\u003CCode\u003EConditionNotMet\u003C/Code\u003E\u003CMessage\u003EThe condition specified using HTTP conditional header(s) is not met.\n",
        "RequestId:3cbf4c3a-701e-009f-1765-2cdb64000000\n",
        "Time:2023-12-11T19:11:44.4348726Z\u003C/Message\u003E\u003C/Error\u003E"
      ]
    }
  ],
  "Variables": {
    "0": "a0cf62c20synccopydestacfaile0b401643adb1927a7e64c",
    "1": "a0cf62c21synccopydestacfaile0b96399a9b6b282aedc41",
    "2": "a0cf62c22synccopydestacfaile0b9401809d4539053f645"
  }
}
