{
  "Entries": [
    {
      "RequestUri": "https://REDACTED/b87d54820settiererror43f27310d960eefb5940438d8?restype=container",
      "RequestMethod": "PUT",
      "RequestHeaders": {
        "Accept": "application/xml",
        "Authorization": "Sanitized",
        "Content-Length": "0",
        "Date": "Thu, 12 Oct 2023 14:29:23 GMT",
        "User-Agent": "azsdk-java-azure-storage-blob/12.25.0-beta.1 (17.0.8.1; Windows 11; 10.0)",
        "x-ms-client-request-id": "a4fbb4fb-7528-4f71-80e2-e747612b3702",
        "x-ms-version": "2023-08-03"
      },
      "RequestBody": null,
      "StatusCode": 201,
      "ResponseHeaders": {
        "Content-Length": "0",
        "Date": "Thu, 12 Oct 2023 14:29:23 GMT",
        "ETag": "\u00220x8DBCB2FA1337C76\u0022",
        "Last-Modified": "Thu, 12 Oct 2023 14:29:23 GMT",
        "Server": [
          "Windows-Azure-Blob/1.0",
          "Microsoft-HTTPAPI/2.0"
        ],
        "x-ms-client-request-id": "a4fbb4fb-7528-4f71-80e2-e747612b3702",
        "x-ms-request-id": "35f112c4-a01e-0022-3518-fd0fae000000",
        "x-ms-version": "2023-08-03"
      },
      "ResponseBody": null
    },
    {
      "RequestUri": "https://REDACTED/b87d54820settiererror43f27310d960eefb5940438d8/b87d54821settiererror43f0199887fa8a90401442cf8",
      "RequestMethod": "PUT",
      "RequestHeaders": {
        "Accept": "application/xml",
        "Authorization": "Sanitized",
        "Content-Length": "7",
        "Content-Type": "application/octet-stream",
        "Date": "Thu, 12 Oct 2023 14:29:23 GMT",
        "If-None-Match": "*",
        "User-Agent": "azsdk-java-azure-storage-blob/12.25.0-beta.1 (17.0.8.1; Windows 11; 10.0)",
        "x-ms-blob-type": "BlockBlob",
        "x-ms-client-request-id": "add92fac-82e7-49a9-b5be-9acd6de6bcb8",
        "x-ms-version": "2023-08-03"
      },
      "RequestBody": "ZGVmYXVsdA==",
      "StatusCode": 201,
      "ResponseHeaders": {
        "Content-Length": "0",
        "Content-MD5": "wh\u002BWm18D0z1D4E\u002BPE252gg==",
        "Date": "Thu, 12 Oct 2023 14:29:23 GMT",
        "ETag": "\u00220x8DBCB2FA13CD409\u0022",
        "Last-Modified": "Thu, 12 Oct 2023 14:29:23 GMT",
        "Server": [
          "Windows-Azure-Blob/1.0",
          "Microsoft-HTTPAPI/2.0"
        ],
        "x-ms-client-request-id": "add92fac-82e7-49a9-b5be-9acd6de6bcb8",
        "x-ms-content-crc64": "6RYQPwaVsyQ=",
        "x-ms-request-id": "35f1130a-a01e-0022-6f18-fd0fae000000",
        "x-ms-request-server-encrypted": "true",
        "x-ms-version": "2023-08-03"
      },
      "ResponseBody": null
    },
    {
      "RequestUri": "https://REDACTED/b87d54822settiererror43f9044612f444a1b1904d0cb?restype=container",
      "RequestMethod": "PUT",
      "RequestHeaders": {
        "Accept": "application/xml",
        "Authorization": "Sanitized",
        "Content-Length": "0",
        "Date": "Thu, 12 Oct 2023 14:29:23 GMT",
        "User-Agent": "azsdk-java-azure-storage-blob/12.25.0-beta.1 (17.0.8.1; Windows 11; 10.0)",
        "x-ms-client-request-id": "0121b4a2-a7cb-4418-af04-5dc0574d3630",
        "x-ms-version": "2023-08-03"
      },
      "RequestBody": null,
      "StatusCode": 201,
      "ResponseHeaders": {
        "Content-Length": "0",
        "Date": "Thu, 12 Oct 2023 14:29:23 GMT",
        "ETag": "\u00220x8DBCB2FA144B807\u0022",
        "Last-Modified": "Thu, 12 Oct 2023 14:29:23 GMT",
        "Server": [
          "Windows-Azure-Blob/1.0",
          "Microsoft-HTTPAPI/2.0"
        ],
        "x-ms-client-request-id": "0121b4a2-a7cb-4418-af04-5dc0574d3630",
        "x-ms-request-id": "35f11345-a01e-0022-2218-fd0fae000000",
        "x-ms-version": "2023-08-03"
      },
      "ResponseBody": null
    },
    {
      "RequestUri": "https://REDACTED/b87d54822settiererror43f9044612f444a1b1904d0cb/b87d54823settiererror43f8462794c32e15af30438ab",
      "RequestMethod": "PUT",
      "RequestHeaders": {
        "Accept": "application/xml",
        "Authorization": "Sanitized",
        "Content-Length": "7",
        "Content-Type": "application/octet-stream",
        "Date": "Thu, 12 Oct 2023 14:29:23 GMT",
        "If-None-Match": "*",
        "User-Agent": "azsdk-java-azure-storage-blob/12.25.0-beta.1 (17.0.8.1; Windows 11; 10.0)",
        "x-ms-blob-type": "BlockBlob",
        "x-ms-client-request-id": "fd8a3401-9e1a-47e3-be1b-36d3d97ad185",
        "x-ms-version": "2023-08-03"
      },
      "RequestBody": "ZGVmYXVsdA==",
      "StatusCode": 201,
      "ResponseHeaders": {
        "Content-Length": "0",
        "Content-MD5": "wh\u002BWm18D0z1D4E\u002BPE252gg==",
        "Date": "Thu, 12 Oct 2023 14:29:23 GMT",
        "ETag": "\u00220x8DBCB2FA1489228\u0022",
        "Last-Modified": "Thu, 12 Oct 2023 14:29:23 GMT",
        "Server": [
          "Windows-Azure-Blob/1.0",
          "Microsoft-HTTPAPI/2.0"
        ],
        "x-ms-client-request-id": "fd8a3401-9e1a-47e3-be1b-36d3d97ad185",
        "x-ms-content-crc64": "6RYQPwaVsyQ=",
        "x-ms-request-id": "35f11362-a01e-0022-3c18-fd0fae000000",
        "x-ms-request-server-encrypted": "true",
        "x-ms-version": "2023-08-03"
      },
      "ResponseBody": null
    },
    {
      "RequestUri": "https://REDACTED/b87d54822settiererror43f9044612f444a1b1904d0cb/b87d54823settiererror43f8462794c32e15af30438ab?comp=tier",
      "RequestMethod": "PUT",
      "RequestHeaders": {
        "Accept": "application/xml",
        "Authorization": "Sanitized",
        "Content-Length": "0",
        "Date": "Thu, 12 Oct 2023 14:29:23 GMT",
        "User-Agent": "azsdk-java-azure-storage-blob/12.25.0-beta.1 (17.0.8.1; Windows 11; 10.0)",
        "x-ms-access-tier": "garbage",
        "x-ms-client-request-id": "afbcc0bc-07b7-47d9-b781-a80450032feb",
        "x-ms-version": "2023-08-03"
      },
      "RequestBody": null,
      "StatusCode": 400,
      "ResponseHeaders": {
        "Content-Length": "329",
        "Content-Type": "application/xml",
        "Date": "Thu, 12 Oct 2023 14:29:23 GMT",
        "Server": [
          "Windows-Azure-Blob/1.0",
          "Microsoft-HTTPAPI/2.0"
        ],
        "x-ms-client-request-id": "afbcc0bc-07b7-47d9-b781-a80450032feb",
        "x-ms-error-code": "InvalidHeaderValue",
        "x-ms-request-id": "35f113ad-a01e-0022-7718-fd0fae000000",
        "x-ms-version": "2023-08-03"
      },
      "ResponseBody": [
        "\uFEFF\u003C?xml version=\u00221.0\u0022 encoding=\u0022utf-8\u0022?\u003E\u003CError\u003E\u003CCode\u003EInvalidHeaderValue\u003C/Code\u003E\u003CMessage\u003EThe value for one of the HTTP headers is not in the correct format.\n",
        "RequestId:35f113ad-a01e-0022-7718-fd0fae000000\n",
        "Time:2023-10-12T14:29:23.3383474Z\u003C/Message\u003E\u003CHeaderName\u003Ex-ms-access-tier\u003C/HeaderName\u003E\u003CHeaderValue\u003Egarbage\u003C/HeaderValue\u003E\u003C/Error\u003E"
      ]
    },
    {
      "RequestUri": "https://REDACTED/b87d54822settiererror43f9044612f444a1b1904d0cb?restype=container",
      "RequestMethod": "DELETE",
      "RequestHeaders": {
        "Accept": "application/xml",
        "Authorization": "Sanitized",
        "Content-Length": "0",
        "Date": "Thu, 12 Oct 2023 14:29:23 GMT",
        "User-Agent": "azsdk-java-azure-storage-blob/12.25.0-beta.1 (17.0.8.1; Windows 11; 10.0)",
        "x-ms-client-request-id": "a0fb3392-561f-49b5-b02f-9e054a728865",
        "x-ms-version": "2023-08-03"
      },
      "RequestBody": null,
      "StatusCode": 202,
      "ResponseHeaders": {
        "Content-Length": "0",
        "Date": "Thu, 12 Oct 2023 14:29:23 GMT",
        "Server": [
          "Windows-Azure-Blob/1.0",
          "Microsoft-HTTPAPI/2.0"
        ],
        "x-ms-client-request-id": "a0fb3392-561f-49b5-b02f-9e054a728865",
        "x-ms-request-id": "35f113bf-a01e-0022-0718-fd0fae000000",
        "x-ms-version": "2023-08-03"
      },
      "ResponseBody": null
    }
  ],
  "Variables": {
    "0": "b87d54820settiererror43f27310d960eefb5940438d8",
    "1": "b87d54821settiererror43f0199887fa8a90401442cf8",
    "2": "b87d54822settiererror43f9044612f444a1b1904d0cb",
    "3": "b87d54823settiererror43f8462794c32e15af30438ab"
  }
}
