{
  "Entries": [
    {
      "RequestUri": "https://REDACTED/a52295e30copydestac1f341735600d5de91ae04edea5?restype=container",
      "RequestMethod": "PUT",
      "RequestHeaders": {
        "Accept": "application/xml",
        "Authorization": "Sanitized",
        "Content-Length": "0",
        "Date": "Mon, 04 Dec 2023 20:54:57 GMT",
        "User-Agent": "azsdk-java-azure-storage-blob/12.26.0-beta.1 (17.0.8; Windows 11; 10.0)",
        "x-ms-client-request-id": "02924e4e-c583-4223-b8dc-b206066b779c",
        "x-ms-version": "2024-02-04"
      },
      "RequestBody": null,
      "StatusCode": 201,
      "ResponseHeaders": {
        "Content-Length": "0",
        "Date": "Mon, 04 Dec 2023 20:54:58 GMT",
        "ETag": "\u00220x8DBF50B4706B4A4\u0022",
        "Last-Modified": "Mon, 04 Dec 2023 20:54:58 GMT",
        "Server": [
          "Windows-Azure-Blob/1.0",
          "Microsoft-HTTPAPI/2.0"
        ],
        "x-ms-client-request-id": "02924e4e-c583-4223-b8dc-b206066b779c",
        "x-ms-request-id": "8fe28011-101e-008b-7ff4-2695ef000000",
        "x-ms-version": "2024-02-04"
      },
      "ResponseBody": null
    },
    {
      "RequestUri": "https://REDACTED/a52295e30copydestac1f341735600d5de91ae04edea5?restype=container",
      "RequestMethod": "PUT",
      "RequestHeaders": {
        "Accept": "application/xml",
        "Authorization": "Sanitized",
        "Content-Length": "0",
        "Date": "Mon, 04 Dec 2023 20:54:58 GMT",
        "User-Agent": "azsdk-java-azure-storage-blob/12.26.0-beta.1 (17.0.8; Windows 11; 10.0)",
        "x-ms-client-request-id": "6971c810-f253-4a63-a0ee-26b330078c3d",
        "x-ms-version": "2024-02-04"
      },
      "RequestBody": null,
      "StatusCode": 409,
      "ResponseHeaders": {
        "Content-Length": "230",
        "Content-Type": "application/xml",
        "Date": "Mon, 04 Dec 2023 20:54:58 GMT",
        "Server": [
          "Windows-Azure-Blob/1.0",
          "Microsoft-HTTPAPI/2.0"
        ],
        "x-ms-client-request-id": "6971c810-f253-4a63-a0ee-26b330078c3d",
        "x-ms-error-code": "ContainerAlreadyExists",
        "x-ms-request-id": "8fe2803f-101e-008b-23f4-2695ef000000",
        "x-ms-version": "2024-02-04"
      },
      "ResponseBody": [
        "\uFEFF\u003C?xml version=\u00221.0\u0022 encoding=\u0022utf-8\u0022?\u003E\u003CError\u003E\u003CCode\u003EContainerAlreadyExists\u003C/Code\u003E\u003CMessage\u003EThe specified container already exists.\n",
        "RequestId:8fe2803f-101e-008b-23f4-2695ef000000\n",
        "Time:2023-12-04T20:54:58.8853920Z\u003C/Message\u003E\u003C/Error\u003E"
      ]
    },
    {
      "RequestUri": "https://REDACTED/a52295e30copydestac1f341735600d5de91ae04edea5/a52295e31copydestac1f39467462fdda40b480473299",
      "RequestMethod": "PUT",
      "RequestHeaders": {
        "Accept": "application/xml",
        "Authorization": "Sanitized",
        "Content-Length": "7",
        "Content-Type": "application/octet-stream",
        "Date": "Mon, 04 Dec 2023 20:54:58 GMT",
        "If-None-Match": "*",
        "User-Agent": "azsdk-java-azure-storage-blob/12.26.0-beta.1 (17.0.8; Windows 11; 10.0)",
        "x-ms-blob-type": "BlockBlob",
        "x-ms-client-request-id": "132281e2-115a-4c80-aa06-e2e0ec3b68d0",
        "x-ms-version": "2024-02-04"
      },
      "RequestBody": "ZGVmYXVsdA==",
      "StatusCode": 201,
      "ResponseHeaders": {
        "Content-Length": "0",
        "Content-MD5": "wh\u002BWm18D0z1D4E\u002BPE252gg==",
        "Date": "Mon, 04 Dec 2023 20:54:58 GMT",
        "ETag": "\u00220x8DBF50B471CFC93\u0022",
        "Last-Modified": "Mon, 04 Dec 2023 20:54:58 GMT",
        "Server": [
          "Windows-Azure-Blob/1.0",
          "Microsoft-HTTPAPI/2.0"
        ],
        "x-ms-client-request-id": "132281e2-115a-4c80-aa06-e2e0ec3b68d0",
        "x-ms-content-crc64": "6RYQPwaVsyQ=",
        "x-ms-request-id": "8fe28071-101e-008b-51f4-2695ef000000",
        "x-ms-request-server-encrypted": "true",
        "x-ms-version": "2024-02-04",
        "x-ms-version-id": "2023-12-04T20:54:58.9594528Z"
      },
      "ResponseBody": null
    },
    {
      "RequestUri": "https://REDACTED/a52295e30copydestac1f341735600d5de91ae04edea5/a52295e32copydestac1f3191300b05f73e9fa34f18aa",
      "RequestMethod": "PUT",
      "RequestHeaders": {
        "Accept": "application/xml",
        "Authorization": "Sanitized",
        "Content-Length": "7",
        "Content-Type": "application/octet-stream",
        "Date": "Mon, 04 Dec 2023 20:54:58 GMT",
        "If-None-Match": "*",
        "User-Agent": "azsdk-java-azure-storage-blob/12.26.0-beta.1 (17.0.8; Windows 11; 10.0)",
        "x-ms-blob-type": "BlockBlob",
        "x-ms-client-request-id": "8b779572-16f7-49d5-adb8-e086e804182c",
        "x-ms-version": "2024-02-04"
      },
      "RequestBody": "ZGVmYXVsdA==",
      "StatusCode": 201,
      "ResponseHeaders": {
        "Content-Length": "0",
        "Content-MD5": "wh\u002BWm18D0z1D4E\u002BPE252gg==",
        "Date": "Mon, 04 Dec 2023 20:54:58 GMT",
        "ETag": "\u00220x8DBF50B4728BAB2\u0022",
        "Last-Modified": "Mon, 04 Dec 2023 20:54:59 GMT",
        "Server": [
          "Windows-Azure-Blob/1.0",
          "Microsoft-HTTPAPI/2.0"
        ],
        "x-ms-client-request-id": "8b779572-16f7-49d5-adb8-e086e804182c",
        "x-ms-content-crc64": "6RYQPwaVsyQ=",
        "x-ms-request-id": "8fe28090-101e-008b-6ef4-2695ef000000",
        "x-ms-request-server-encrypted": "true",
        "x-ms-version": "2024-02-04",
        "x-ms-version-id": "2023-12-04T20:54:59.0354098Z"
      },
      "ResponseBody": null
    },
    {
      "RequestUri": "https://REDACTED/a52295e30copydestac1f341735600d5de91ae04edea5/a52295e32copydestac1f3191300b05f73e9fa34f18aa?comp=tags",
      "RequestMethod": "PUT",
      "RequestHeaders": {
        "Accept": "application/xml",
        "Authorization": "Sanitized",
        "Content-Length": "111",
        "Content-Type": "application/xml",
        "Date": "Mon, 04 Dec 2023 20:54:58 GMT",
        "User-Agent": "azsdk-java-azure-storage-blob/12.26.0-beta.1 (17.0.8; Windows 11; 10.0)",
        "x-ms-client-request-id": "46a35613-de1b-493f-9f04-aa7a1aeffe0b",
        "x-ms-version": "2024-02-04"
      },
      "RequestBody": "\u003C?xml version=\u00271.0\u0027 encoding=\u0027UTF-8\u0027?\u003E\u003CTags\u003E\u003CTagSet\u003E\u003CTag\u003E\u003CKey\u003Efoo\u003C/Key\u003E\u003CValue\u003Ebar\u003C/Value\u003E\u003C/Tag\u003E\u003C/TagSet\u003E\u003C/Tags\u003E",
      "StatusCode": 204,
      "ResponseHeaders": {
        "Date": "Mon, 04 Dec 2023 20:54:58 GMT",
        "Server": [
          "Windows-Azure-Blob/1.0",
          "Microsoft-HTTPAPI/2.0"
        ],
        "x-ms-client-request-id": "46a35613-de1b-493f-9f04-aa7a1aeffe0b",
        "x-ms-request-id": "8fe280d2-101e-008b-2df4-2695ef000000",
        "x-ms-version": "2024-02-04"
      },
      "ResponseBody": null
    },
    {
      "RequestUri": "https://REDACTED/a52295e30copydestac1f341735600d5de91ae04edea5/a52295e32copydestac1f3191300b05f73e9fa34f18aa",
      "RequestMethod": "PUT",
      "RequestHeaders": {
        "Accept": "application/xml",
        "Authorization": "Sanitized",
        "Content-Length": "0",
        "Date": "Mon, 04 Dec 2023 20:54:58 GMT",
        "If-Modified-Since": "Sun, 03 Dec 2023 20:51:14 GMT",
        "User-Agent": "azsdk-java-azure-storage-blob/12.26.0-beta.1 (17.0.8; Windows 11; 10.0)",
        "x-ms-client-request-id": "299c2448-10f4-4011-b49a-d8a8f53584a7",
        "x-ms-copy-source": "https://REDACTED/a52295e30copydestac1f341735600d5de91ae04edea5/a52295e31copydestac1f39467462fdda40b480473299",
        "x-ms-version": "2024-02-04"
      },
      "RequestBody": null,
      "StatusCode": 202,
      "ResponseHeaders": {
        "Content-Length": "0",
        "Date": "Mon, 04 Dec 2023 20:54:58 GMT",
        "ETag": "\u00220x8DBF50B4740D30B\u0022",
        "Last-Modified": "Mon, 04 Dec 2023 20:54:59 GMT",
        "Server": [
          "Windows-Azure-Blob/1.0",
          "Microsoft-HTTPAPI/2.0"
        ],
        "x-ms-client-request-id": "299c2448-10f4-4011-b49a-d8a8f53584a7",
        "x-ms-copy-id": "9d81a370-1f80-477c-917a-bdca9f5a17c9",
        "x-ms-copy-status": "success",
        "x-ms-request-id": "8fe280fc-101e-008b-54f4-2695ef000000",
        "x-ms-version": "2024-02-04",
        "x-ms-version-id": "2023-12-04T20:54:59.1943195Z"
      },
      "ResponseBody": null
    },
    {
      "RequestUri": "https://REDACTED/a52295e30copydestac1f341735600d5de91ae04edea5/a52295e32copydestac1f3191300b05f73e9fa34f18aa",
      "RequestMethod": "HEAD",
      "RequestHeaders": {
        "Accept": "application/xml",
        "Authorization": "Sanitized",
        "Content-Length": "0",
        "Date": "Mon, 04 Dec 2023 20:54:59 GMT",
        "User-Agent": "azsdk-java-azure-storage-blob/12.26.0-beta.1 (17.0.8; Windows 11; 10.0)",
        "x-ms-client-request-id": "f1c2498d-f955-4809-bbbc-1f73cf07c89c",
        "x-ms-version": "2024-02-04"
      },
      "RequestBody": null,
      "StatusCode": 200,
      "ResponseHeaders": {
        "Accept-Ranges": "bytes",
        "Content-Length": "7",
        "Content-MD5": "wh\u002BWm18D0z1D4E\u002BPE252gg==",
        "Content-Type": "application/octet-stream",
        "Date": "Mon, 04 Dec 2023 20:54:59 GMT",
        "ETag": "\u00220x8DBF50B4740D30B\u0022",
        "Last-Modified": "Mon, 04 Dec 2023 20:54:59 GMT",
        "Server": [
          "Windows-Azure-Blob/1.0",
          "Microsoft-HTTPAPI/2.0"
        ],
        "x-ms-access-tier": "Hot",
        "x-ms-access-tier-inferred": "true",
        "x-ms-blob-type": "BlockBlob",
        "x-ms-client-request-id": "f1c2498d-f955-4809-bbbc-1f73cf07c89c",
        "x-ms-copy-completion-time": "Mon, 04 Dec 2023 20:54:59 GMT",
        "x-ms-copy-id": "9d81a370-1f80-477c-917a-bdca9f5a17c9",
        "x-ms-copy-progress": "7/7",
        "x-ms-copy-source": "https://REDACTED/a52295e30copydestac1f341735600d5de91ae04edea5/a52295e31copydestac1f39467462fdda40b480473299",
        "x-ms-copy-status": "success",
        "x-ms-creation-time": "Mon, 04 Dec 2023 20:54:59 GMT",
        "x-ms-is-current-version": "true",
        "x-ms-last-access-time": "Mon, 04 Dec 2023 20:54:59 GMT",
        "x-ms-lease-state": "available",
        "x-ms-lease-status": "unlocked",
        "x-ms-request-id": "3bbbf6cd-401e-004d-2cf4-265e6e000000",
        "x-ms-server-encrypted": "true",
        "x-ms-version": "2024-02-04",
        "x-ms-version-id": "2023-12-04T20:54:59.1943195Z"
      },
      "ResponseBody": null
    }
  ],
  "Variables": {
    "0": "a52295e30copydestac1f341735600d5de91ae04edea5",
    "1": "a52295e31copydestac1f39467462fdda40b480473299",
    "2": "a52295e32copydestac1f3191300b05f73e9fa34f18aa"
  }
}
