{
  "Entries": [
    {
      "RequestUri": "https://REDACTED/0eefc8dc0sethttpheadersacfail2eb63697bb66094a4ca84?restype=container",
      "RequestMethod": "PUT",
      "RequestHeaders": {
        "Accept": "application/xml",
        "Authorization": "Sanitized",
        "Content-Length": "0",
        "Date": "Wed, 13 Dec 2023 21:48:06 GMT",
        "User-Agent": "azsdk-java-azure-storage-blob/12.26.0-beta.1 (17.0.8; Windows 11; 10.0)",
        "x-ms-client-request-id": "729284f5-e544-4ed6-a583-43c8917a454b",
        "x-ms-version": "2024-02-04"
      },
      "RequestBody": null,
      "StatusCode": 201,
      "ResponseHeaders": {
        "Content-Length": "0",
        "Date": "Wed, 13 Dec 2023 21:48:06 GMT",
        "ETag": "\u00220x8DBFC2530CEA06F\u0022",
        "Last-Modified": "Wed, 13 Dec 2023 21:48:06 GMT",
        "Server": [
          "Windows-Azure-Blob/1.0",
          "Microsoft-HTTPAPI/2.0"
        ],
        "x-ms-client-request-id": "729284f5-e544-4ed6-a583-43c8917a454b",
        "x-ms-request-id": "47eaa121-401e-005f-6f0e-2e235a000000",
        "x-ms-version": "2024-02-04"
      },
      "ResponseBody": null
    },
    {
      "RequestUri": "https://REDACTED/0eefc8dc0sethttpheadersacfail2eb63697bb66094a4ca84?restype=container",
      "RequestMethod": "PUT",
      "RequestHeaders": {
        "Accept": "application/xml",
        "Authorization": "Sanitized",
        "Content-Length": "0",
        "Date": "Wed, 13 Dec 2023 21:48:06 GMT",
        "User-Agent": "azsdk-java-azure-storage-blob/12.26.0-beta.1 (17.0.8; Windows 11; 10.0)",
        "x-ms-client-request-id": "ccf8d409-b39a-459d-803a-d65ee1f9886b",
        "x-ms-version": "2024-02-04"
      },
      "RequestBody": null,
      "StatusCode": 409,
      "ResponseHeaders": {
        "Content-Length": "230",
        "Content-Type": "application/xml",
        "Date": "Wed, 13 Dec 2023 21:48:06 GMT",
        "Server": [
          "Windows-Azure-Blob/1.0",
          "Microsoft-HTTPAPI/2.0"
        ],
        "x-ms-client-request-id": "ccf8d409-b39a-459d-803a-d65ee1f9886b",
        "x-ms-error-code": "ContainerAlreadyExists",
        "x-ms-request-id": "47eaa1a2-401e-005f-630e-2e235a000000",
        "x-ms-version": "2024-02-04"
      },
      "ResponseBody": [
        "\uFEFF\u003C?xml version=\u00221.0\u0022 encoding=\u0022utf-8\u0022?\u003E\u003CError\u003E\u003CCode\u003EContainerAlreadyExists\u003C/Code\u003E\u003CMessage\u003EThe specified container already exists.\n",
        "RequestId:47eaa1a2-401e-005f-630e-2e235a000000\n",
        "Time:2023-12-13T21:48:06.6883940Z\u003C/Message\u003E\u003C/Error\u003E"
      ]
    },
    {
      "RequestUri": "https://REDACTED/0eefc8dc0sethttpheadersacfail2eb63697bb66094a4ca84/0eefc8dc1sethttpheadersacfail2eb187167bb6ce0543ad4",
      "RequestMethod": "PUT",
      "RequestHeaders": {
        "Accept": "application/xml",
        "Authorization": "Sanitized",
        "Content-Length": "7",
        "Content-Type": "application/octet-stream",
        "Date": "Wed, 13 Dec 2023 21:48:06 GMT",
        "If-None-Match": "*",
        "User-Agent": "azsdk-java-azure-storage-blob/12.26.0-beta.1 (17.0.8; Windows 11; 10.0)",
        "x-ms-blob-type": "BlockBlob",
        "x-ms-client-request-id": "e49f1762-3363-45be-9d5c-02248a28c9e2",
        "x-ms-version": "2024-02-04"
      },
      "RequestBody": "ZGVmYXVsdA==",
      "StatusCode": 201,
      "ResponseHeaders": {
        "Content-Length": "0",
        "Content-MD5": "wh\u002BWm18D0z1D4E\u002BPE252gg==",
        "Date": "Wed, 13 Dec 2023 21:48:06 GMT",
        "ETag": "\u00220x8DBFC2530ED0D62\u0022",
        "Last-Modified": "Wed, 13 Dec 2023 21:48:06 GMT",
        "Server": [
          "Windows-Azure-Blob/1.0",
          "Microsoft-HTTPAPI/2.0"
        ],
        "x-ms-client-request-id": "e49f1762-3363-45be-9d5c-02248a28c9e2",
        "x-ms-content-crc64": "6RYQPwaVsyQ=",
        "x-ms-request-id": "47eaa217-401e-005f-4f0e-2e235a000000",
        "x-ms-request-server-encrypted": "true",
        "x-ms-version": "2024-02-04"
      },
      "ResponseBody": null
    },
    {
      "RequestUri": "https://REDACTED/0eefc8dc0sethttpheadersacfail2eb63697bb66094a4ca84/0eefc8dc1sethttpheadersacfail2eb187167bb6ce0543ad4?comp=properties",
      "RequestMethod": "PUT",
      "RequestHeaders": {
        "Accept": "application/xml",
        "Authorization": "Sanitized",
        "Content-Length": "0",
        "Date": "Wed, 13 Dec 2023 21:48:06 GMT",
        "If-Match": "garbage",
        "User-Agent": "azsdk-java-azure-storage-blob/12.26.0-beta.1 (17.0.8; Windows 11; 10.0)",
        "x-ms-client-request-id": "ab5854bd-93d0-42a7-abb8-66c7ce036132",
        "x-ms-version": "2024-02-04"
      },
      "RequestBody": null,
      "StatusCode": 412,
      "ResponseHeaders": {
        "Content-Length": "252",
        "Content-Type": "application/xml",
        "Date": "Wed, 13 Dec 2023 21:48:06 GMT",
        "Server": [
          "Windows-Azure-Blob/1.0",
          "Microsoft-HTTPAPI/2.0"
        ],
        "x-ms-client-request-id": "ab5854bd-93d0-42a7-abb8-66c7ce036132",
        "x-ms-error-code": "ConditionNotMet",
        "x-ms-request-id": "47eaa28a-401e-005f-390e-2e235a000000",
        "x-ms-version": "2024-02-04"
      },
      "ResponseBody": [
        "\uFEFF\u003C?xml version=\u00221.0\u0022 encoding=\u0022utf-8\u0022?\u003E\u003CError\u003E\u003CCode\u003EConditionNotMet\u003C/Code\u003E\u003CMessage\u003EThe condition specified using HTTP conditional header(s) is not met.\n",
        "RequestId:47eaa28a-401e-005f-390e-2e235a000000\n",
        "Time:2023-12-13T21:48:06.8852833Z\u003C/Message\u003E\u003C/Error\u003E"
      ]
    }
  ],
  "Variables": {
    "0": "0eefc8dc0sethttpheadersacfail2eb63697bb66094a4ca84",
    "1": "0eefc8dc1sethttpheadersacfail2eb187167bb6ce0543ad4"
  }
}
