{
  "Entries": [
    {
      "RequestUri": "https://REDACTED/e71fdec70deleteacfaila63820939608a9bd600a4d14b?restype=container",
      "RequestMethod": "PUT",
      "RequestHeaders": {
        "Accept": "application/xml",
        "Authorization": "Sanitized",
        "Content-Length": "0",
        "Date": "Mon, 11 Dec 2023 19:13:08 GMT",
        "User-Agent": "azsdk-java-azure-storage-blob/12.26.0-beta.1 (17.0.8; Windows 11; 10.0)",
        "x-ms-client-request-id": "6cb8409e-8c43-4c1d-96e1-f82d6dd38d07",
        "x-ms-version": "2024-02-04"
      },
      "RequestBody": null,
      "StatusCode": 201,
      "ResponseHeaders": {
        "Content-Length": "0",
        "Date": "Mon, 11 Dec 2023 19:13:11 GMT",
        "ETag": "\u00220x8DBFA7D37D5FD8F\u0022",
        "Last-Modified": "Mon, 11 Dec 2023 19:13:11 GMT",
        "Server": [
          "Windows-Azure-Blob/1.0",
          "Microsoft-HTTPAPI/2.0"
        ],
        "x-ms-client-request-id": "6cb8409e-8c43-4c1d-96e1-f82d6dd38d07",
        "x-ms-request-id": "dd0fd7e0-801e-0022-5966-2c5279000000",
        "x-ms-version": "2024-02-04"
      },
      "ResponseBody": null
    },
    {
      "RequestUri": "https://REDACTED/e71fdec70deleteacfaila63820939608a9bd600a4d14b?restype=container",
      "RequestMethod": "PUT",
      "RequestHeaders": {
        "Accept": "application/xml",
        "Authorization": "Sanitized",
        "Content-Length": "0",
        "Date": "Mon, 11 Dec 2023 19:13:08 GMT",
        "User-Agent": "azsdk-java-azure-storage-blob/12.26.0-beta.1 (17.0.8; Windows 11; 10.0)",
        "x-ms-client-request-id": "04f6556f-629b-49e1-9440-e1c17b676aa6",
        "x-ms-version": "2024-02-04"
      },
      "RequestBody": null,
      "StatusCode": 409,
      "ResponseHeaders": {
        "Content-Length": "230",
        "Content-Type": "application/xml",
        "Date": "Mon, 11 Dec 2023 19:13:11 GMT",
        "Server": [
          "Windows-Azure-Blob/1.0",
          "Microsoft-HTTPAPI/2.0"
        ],
        "x-ms-client-request-id": "04f6556f-629b-49e1-9440-e1c17b676aa6",
        "x-ms-error-code": "ContainerAlreadyExists",
        "x-ms-request-id": "dd0fd88b-801e-0022-7366-2c5279000000",
        "x-ms-version": "2024-02-04"
      },
      "ResponseBody": [
        "\uFEFF\u003C?xml version=\u00221.0\u0022 encoding=\u0022utf-8\u0022?\u003E\u003CError\u003E\u003CCode\u003EContainerAlreadyExists\u003C/Code\u003E\u003CMessage\u003EThe specified container already exists.\n",
        "RequestId:dd0fd88b-801e-0022-7366-2c5279000000\n",
        "Time:2023-12-11T19:13:11.8603576Z\u003C/Message\u003E\u003C/Error\u003E"
      ]
    },
    {
      "RequestUri": "https://REDACTED/e71fdec70deleteacfaila63820939608a9bd600a4d14b/e71fdec71deleteacfaila63570915120107e778f4a4f8",
      "RequestMethod": "PUT",
      "RequestHeaders": {
        "Accept": "application/xml",
        "Authorization": "Sanitized",
        "Content-Length": "7",
        "Content-Type": "application/octet-stream",
        "Date": "Mon, 11 Dec 2023 19:13:08 GMT",
        "If-None-Match": "*",
        "User-Agent": "azsdk-java-azure-storage-blob/12.26.0-beta.1 (17.0.8; Windows 11; 10.0)",
        "x-ms-blob-type": "BlockBlob",
        "x-ms-client-request-id": "d8705a30-02f5-4f5f-a08f-bbfcb24b1240",
        "x-ms-version": "2024-02-04"
      },
      "RequestBody": "ZGVmYXVsdA==",
      "StatusCode": 201,
      "ResponseHeaders": {
        "Content-Length": "0",
        "Content-MD5": "wh\u002BWm18D0z1D4E\u002BPE252gg==",
        "Date": "Mon, 11 Dec 2023 19:13:11 GMT",
        "ETag": "\u00220x8DBFA7D37F0B97F\u0022",
        "Last-Modified": "Mon, 11 Dec 2023 19:13:11 GMT",
        "Server": [
          "Windows-Azure-Blob/1.0",
          "Microsoft-HTTPAPI/2.0"
        ],
        "x-ms-client-request-id": "d8705a30-02f5-4f5f-a08f-bbfcb24b1240",
        "x-ms-content-crc64": "6RYQPwaVsyQ=",
        "x-ms-request-id": "f360ce1a-701e-0054-7766-2cd831000000",
        "x-ms-request-server-encrypted": "true",
        "x-ms-version": "2024-02-04"
      },
      "ResponseBody": null
    },
    {
      "RequestUri": "https://REDACTED/e71fdec70deleteacfaila63820939608a9bd600a4d14b/e71fdec71deleteacfaila63570915120107e778f4a4f8",
      "RequestMethod": "DELETE",
      "RequestHeaders": {
        "Accept": "application/xml",
        "Authorization": "Sanitized",
        "Content-Length": "0",
        "Date": "Mon, 11 Dec 2023 19:13:08 GMT",
        "If-Match": "garbage",
        "User-Agent": "azsdk-java-azure-storage-blob/12.26.0-beta.1 (17.0.8; Windows 11; 10.0)",
        "x-ms-client-request-id": "0ca6ee6a-72ae-4a25-b8af-50e894f331e0",
        "x-ms-delete-snapshots": "include",
        "x-ms-version": "2024-02-04"
      },
      "RequestBody": null,
      "StatusCode": 412,
      "ResponseHeaders": {
        "Content-Length": "252",
        "Content-Type": "application/xml",
        "Date": "Mon, 11 Dec 2023 19:13:11 GMT",
        "Server": [
          "Windows-Azure-Blob/1.0",
          "Microsoft-HTTPAPI/2.0"
        ],
        "x-ms-client-request-id": "0ca6ee6a-72ae-4a25-b8af-50e894f331e0",
        "x-ms-error-code": "ConditionNotMet",
        "x-ms-request-id": "dd0fd97c-801e-0022-5366-2c5279000000",
        "x-ms-version": "2024-02-04"
      },
      "ResponseBody": [
        "\uFEFF\u003C?xml version=\u00221.0\u0022 encoding=\u0022utf-8\u0022?\u003E\u003CError\u003E\u003CCode\u003EConditionNotMet\u003C/Code\u003E\u003CMessage\u003EThe condition specified using HTTP conditional header(s) is not met.\n",
        "RequestId:dd0fd97c-801e-0022-5366-2c5279000000\n",
        "Time:2023-12-11T19:13:12.0302596Z\u003C/Message\u003E\u003C/Error\u003E"
      ]
    }
  ],
  "Variables": {
    "0": "e71fdec70deleteacfaila63820939608a9bd600a4d14b",
    "1": "e71fdec71deleteacfaila63570915120107e778f4a4f8"
  }
}
