{
  "Entries": [
    {
      "RequestUri": "https://REDACTED/d167785e0setmetadataacfail43a94949f7d64813ad0044?restype=container",
      "RequestMethod": "PUT",
      "RequestHeaders": {
        "Accept": "application/xml",
        "Authorization": "Sanitized",
        "Content-Length": "0",
        "Date": "Tue, 03 Oct 2023 22:45:02 GMT",
        "User-Agent": "azsdk-java-azure-storage-blob/12.25.0-beta.1 (11.0.16.1; Windows 11; 10.0)",
        "x-ms-client-request-id": "9a2edfde-d7b2-4d90-81c8-f16fad61defd",
        "x-ms-version": "2023-08-03"
      },
      "RequestBody": null,
      "StatusCode": 201,
      "ResponseHeaders": {
        "Content-Length": "0",
        "Date": "Tue, 03 Oct 2023 22:45:02 GMT",
        "ETag": "\u00220x8DBC462619E9454\u0022",
        "Last-Modified": "Tue, 03 Oct 2023 22:45:02 GMT",
        "Server": [
          "Windows-Azure-Blob/1.0",
          "Microsoft-HTTPAPI/2.0"
        ],
        "x-ms-client-request-id": "9a2edfde-d7b2-4d90-81c8-f16fad61defd",
        "x-ms-request-id": "b43860cb-401e-003f-024b-f65921000000",
        "x-ms-version": "2023-08-03"
      },
      "ResponseBody": null
    },
    {
      "RequestUri": "https://REDACTED/d167785e0setmetadataacfail43a94949f7d64813ad0044/d167785e1setmetadataacfail43a31618da58e4af83c745",
      "RequestMethod": "PUT",
      "RequestHeaders": {
        "Accept": "application/xml",
        "Authorization": "Sanitized",
        "Content-Length": "7",
        "Content-Type": "application/octet-stream",
        "Date": "Tue, 03 Oct 2023 22:45:02 GMT",
        "If-None-Match": "*",
        "User-Agent": "azsdk-java-azure-storage-blob/12.25.0-beta.1 (11.0.16.1; Windows 11; 10.0)",
        "x-ms-blob-type": "BlockBlob",
        "x-ms-client-request-id": "8dbd11b2-1b23-4512-a3ef-4af9e0f740e7",
        "x-ms-version": "2023-08-03"
      },
      "RequestBody": "ZGVmYXVsdA==",
      "StatusCode": 201,
      "ResponseHeaders": {
        "Content-Length": "0",
        "Content-MD5": "wh\u002BWm18D0z1D4E\u002BPE252gg==",
        "Date": "Tue, 03 Oct 2023 22:45:02 GMT",
        "ETag": "\u00220x8DBC46261ADFB10\u0022",
        "Last-Modified": "Tue, 03 Oct 2023 22:45:02 GMT",
        "Server": [
          "Windows-Azure-Blob/1.0",
          "Microsoft-HTTPAPI/2.0"
        ],
        "x-ms-client-request-id": "8dbd11b2-1b23-4512-a3ef-4af9e0f740e7",
        "x-ms-content-crc64": "6RYQPwaVsyQ=",
        "x-ms-request-id": "b4386110-401e-003f-3c4b-f65921000000",
        "x-ms-request-server-encrypted": "true",
        "x-ms-version": "2023-08-03",
        "x-ms-version-id": "2023-10-03T22:45:02.7688208Z"
      },
      "ResponseBody": null
    },
    {
      "RequestUri": "https://REDACTED/d167785e0setmetadataacfail43a94949f7d64813ad0044/d167785e1setmetadataacfail43a31618da58e4af83c745?comp=metadata",
      "RequestMethod": "PUT",
      "RequestHeaders": {
        "Accept": "application/xml",
        "Authorization": "Sanitized",
        "Content-Length": "0",
        "Date": "Tue, 03 Oct 2023 22:45:02 GMT",
        "If-Match": "garbage",
        "User-Agent": "azsdk-java-azure-storage-blob/12.25.0-beta.1 (11.0.16.1; Windows 11; 10.0)",
        "x-ms-client-request-id": "adf1a4d1-5bcd-427a-a443-b4576ca290d0",
        "x-ms-version": "2023-08-03"
      },
      "RequestBody": null,
      "StatusCode": 412,
      "ResponseHeaders": {
        "Content-Length": "252",
        "Content-Type": "application/xml",
        "Date": "Tue, 03 Oct 2023 22:45:02 GMT",
        "Server": [
          "Windows-Azure-Blob/1.0",
          "Microsoft-HTTPAPI/2.0"
        ],
        "x-ms-client-request-id": "adf1a4d1-5bcd-427a-a443-b4576ca290d0",
        "x-ms-error-code": "ConditionNotMet",
        "x-ms-request-id": "fee63e1d-601e-0017-344b-f63889000000",
        "x-ms-version": "2023-08-03"
      },
      "ResponseBody": [
        "\uFEFF\u003C?xml version=\u00221.0\u0022 encoding=\u0022utf-8\u0022?\u003E\u003CError\u003E\u003CCode\u003EConditionNotMet\u003C/Code\u003E\u003CMessage\u003EThe condition specified using HTTP conditional header(s) is not met.\n",
        "RequestId:fee63e1d-601e-0017-344b-f63889000000\n",
        "Time:2023-10-03T22:45:02.8851643Z\u003C/Message\u003E\u003C/Error\u003E"
      ]
    }
  ],
  "Variables": {
    "0": "d167785e0setmetadataacfail43a94949f7d64813ad0044",
    "1": "d167785e1setmetadataacfail43a31618da58e4af83c745"
  }
}
