{
  "Entries": [
    {
      "RequestUri": "https://REDACTED/28c8d2640settierrehydratepriority31f97188b1a4b5ca2de?restype=container",
      "RequestMethod": "PUT",
      "RequestHeaders": {
        "Accept": "application/xml",
        "Authorization": "Sanitized",
        "Content-Length": "0",
        "Date": "Mon, 04 Dec 2023 20:52:39 GMT",
        "User-Agent": "azsdk-java-azure-storage-blob/12.26.0-beta.1 (17.0.8; Windows 11; 10.0)",
        "x-ms-client-request-id": "554a4583-d2c7-4866-be52-782dc62ade45",
        "x-ms-version": "2024-02-04"
      },
      "RequestBody": null,
      "StatusCode": 201,
      "ResponseHeaders": {
        "Content-Length": "0",
        "Date": "Mon, 04 Dec 2023 20:52:39 GMT",
        "ETag": "\u00220x8DBF50AF43CA44C\u0022",
        "Last-Modified": "Mon, 04 Dec 2023 20:52:39 GMT",
        "Server": [
          "Windows-Azure-Blob/1.0",
          "Microsoft-HTTPAPI/2.0"
        ],
        "x-ms-client-request-id": "554a4583-d2c7-4866-be52-782dc62ade45",
        "x-ms-request-id": "3bb9a67a-401e-004d-09f3-265e6e000000",
        "x-ms-version": "2024-02-04"
      },
      "ResponseBody": null
    },
    {
      "RequestUri": "https://REDACTED/28c8d2640settierrehydratepriority31f97188b1a4b5ca2de?restype=container",
      "RequestMethod": "PUT",
      "RequestHeaders": {
        "Accept": "application/xml",
        "Authorization": "Sanitized",
        "Content-Length": "0",
        "Date": "Mon, 04 Dec 2023 20:52:39 GMT",
        "User-Agent": "azsdk-java-azure-storage-blob/12.26.0-beta.1 (17.0.8; Windows 11; 10.0)",
        "x-ms-client-request-id": "fb627197-36d7-4090-bf8c-2e5cdee6ad12",
        "x-ms-version": "2024-02-04"
      },
      "RequestBody": null,
      "StatusCode": 409,
      "ResponseHeaders": {
        "Content-Length": "230",
        "Content-Type": "application/xml",
        "Date": "Mon, 04 Dec 2023 20:52:39 GMT",
        "Server": [
          "Windows-Azure-Blob/1.0",
          "Microsoft-HTTPAPI/2.0"
        ],
        "x-ms-client-request-id": "fb627197-36d7-4090-bf8c-2e5cdee6ad12",
        "x-ms-error-code": "ContainerAlreadyExists",
        "x-ms-request-id": "3bb9a6cb-401e-004d-54f3-265e6e000000",
        "x-ms-version": "2024-02-04"
      },
      "ResponseBody": [
        "\uFEFF\u003C?xml version=\u00221.0\u0022 encoding=\u0022utf-8\u0022?\u003E\u003CError\u003E\u003CCode\u003EContainerAlreadyExists\u003C/Code\u003E\u003CMessage\u003EThe specified container already exists.\n",
        "RequestId:3bb9a6cb-401e-004d-54f3-265e6e000000\n",
        "Time:2023-12-04T20:52:39.9909715Z\u003C/Message\u003E\u003C/Error\u003E"
      ]
    },
    {
      "RequestUri": "https://REDACTED/28c8d2640settierrehydratepriority31f97188b1a4b5ca2de/28c8d2641settierrehydratepriority31f90086b8f72fa7ffe",
      "RequestMethod": "PUT",
      "RequestHeaders": {
        "Accept": "application/xml",
        "Authorization": "Sanitized",
        "Content-Length": "7",
        "Content-Type": "application/octet-stream",
        "Date": "Mon, 04 Dec 2023 20:52:39 GMT",
        "If-None-Match": "*",
        "User-Agent": "azsdk-java-azure-storage-blob/12.26.0-beta.1 (17.0.8; Windows 11; 10.0)",
        "x-ms-blob-type": "BlockBlob",
        "x-ms-client-request-id": "e6a50131-8b7f-43aa-8011-d262c1418c85",
        "x-ms-version": "2024-02-04"
      },
      "RequestBody": "ZGVmYXVsdA==",
      "StatusCode": 201,
      "ResponseHeaders": {
        "Content-Length": "0",
        "Content-MD5": "wh\u002BWm18D0z1D4E\u002BPE252gg==",
        "Date": "Mon, 04 Dec 2023 20:52:39 GMT",
        "ETag": "\u00220x8DBF50AF453A9A1\u0022",
        "Last-Modified": "Mon, 04 Dec 2023 20:52:40 GMT",
        "Server": [
          "Windows-Azure-Blob/1.0",
          "Microsoft-HTTPAPI/2.0"
        ],
        "x-ms-client-request-id": "e6a50131-8b7f-43aa-8011-d262c1418c85",
        "x-ms-content-crc64": "6RYQPwaVsyQ=",
        "x-ms-request-id": "3bb9a729-401e-004d-2af3-265e6e000000",
        "x-ms-request-server-encrypted": "true",
        "x-ms-version": "2024-02-04",
        "x-ms-version-id": "2023-12-04T20:52:40.0658849Z"
      },
      "ResponseBody": null
    },
    {
      "RequestUri": "https://REDACTED/28c8d2640settierrehydratepriority31f97188b1a4b5ca2de/28c8d2641settierrehydratepriority31f90086b8f72fa7ffe?comp=tier",
      "RequestMethod": "PUT",
      "RequestHeaders": {
        "Accept": "application/xml",
        "Authorization": "Sanitized",
        "Content-Length": "0",
        "Date": "Mon, 04 Dec 2023 20:52:39 GMT",
        "User-Agent": "azsdk-java-azure-storage-blob/12.26.0-beta.1 (17.0.8; Windows 11; 10.0)",
        "x-ms-access-tier": "Archive",
        "x-ms-client-request-id": "b7ec2eeb-784f-4f2e-9a26-1552e16b1f1e",
        "x-ms-version": "2024-02-04"
      },
      "RequestBody": null,
      "StatusCode": 200,
      "ResponseHeaders": {
        "Content-Length": "0",
        "Date": "Mon, 04 Dec 2023 20:52:39 GMT",
        "Server": [
          "Windows-Azure-Blob/1.0",
          "Microsoft-HTTPAPI/2.0"
        ],
        "x-ms-client-request-id": "b7ec2eeb-784f-4f2e-9a26-1552e16b1f1e",
        "x-ms-request-id": "3bb9a786-401e-004d-7af3-265e6e000000",
        "x-ms-version": "2024-02-04"
      },
      "ResponseBody": null
    },
    {
      "RequestUri": "https://REDACTED/28c8d2640settierrehydratepriority31f97188b1a4b5ca2de/28c8d2641settierrehydratepriority31f90086b8f72fa7ffe?comp=tier",
      "RequestMethod": "PUT",
      "RequestHeaders": {
        "Accept": "application/xml",
        "Authorization": "Sanitized",
        "Content-Length": "0",
        "Date": "Mon, 04 Dec 2023 20:52:39 GMT",
        "User-Agent": "azsdk-java-azure-storage-blob/12.26.0-beta.1 (17.0.8; Windows 11; 10.0)",
        "x-ms-access-tier": "Hot",
        "x-ms-client-request-id": "6edb4401-c481-4a72-9a59-0647f69b955d",
        "x-ms-rehydrate-priority": "High",
        "x-ms-version": "2024-02-04"
      },
      "RequestBody": null,
      "StatusCode": 202,
      "ResponseHeaders": {
        "Content-Length": "0",
        "Date": "Mon, 04 Dec 2023 20:52:39 GMT",
        "Server": [
          "Windows-Azure-Blob/1.0",
          "Microsoft-HTTPAPI/2.0"
        ],
        "x-ms-client-request-id": "6edb4401-c481-4a72-9a59-0647f69b955d",
        "x-ms-request-id": "3bb9a7cf-401e-004d-3df3-265e6e000000",
        "x-ms-version": "2024-02-04"
      },
      "ResponseBody": null
    },
    {
      "RequestUri": "https://REDACTED/28c8d2640settierrehydratepriority31f97188b1a4b5ca2de/28c8d2641settierrehydratepriority31f90086b8f72fa7ffe",
      "RequestMethod": "HEAD",
      "RequestHeaders": {
        "Accept": "application/xml",
        "Authorization": "Sanitized",
        "Content-Length": "0",
        "Date": "Mon, 04 Dec 2023 20:52:39 GMT",
        "User-Agent": "azsdk-java-azure-storage-blob/12.26.0-beta.1 (17.0.8; Windows 11; 10.0)",
        "x-ms-client-request-id": "e0c7797f-fb13-4731-9b0e-ba8347e6dddf",
        "x-ms-version": "2024-02-04"
      },
      "RequestBody": null,
      "StatusCode": 200,
      "ResponseHeaders": {
        "Accept-Ranges": "bytes",
        "Access-Control-Allow-Origin": "*",
        "Access-Control-Expose-Headers": "x-ms-client-request-id",
        "Content-Length": "7",
        "Content-MD5": "wh\u002BWm18D0z1D4E\u002BPE252gg==",
        "Content-Type": "application/octet-stream",
        "Date": "Mon, 04 Dec 2023 20:52:39 GMT",
        "ETag": "\u00220x8DBF50AF453A9A1\u0022",
        "Last-Modified": "Mon, 04 Dec 2023 20:52:40 GMT",
        "Server": [
          "Windows-Azure-Blob/1.0",
          "Microsoft-HTTPAPI/2.0"
        ],
        "x-ms-access-tier": "Archive",
        "x-ms-access-tier-change-time": "Mon, 04 Dec 2023 20:52:40 GMT",
        "x-ms-archive-status": "rehydrate-pending-to-hot",
        "x-ms-blob-type": "BlockBlob",
        "x-ms-client-request-id": "e0c7797f-fb13-4731-9b0e-ba8347e6dddf",
        "x-ms-creation-time": "Mon, 04 Dec 2023 20:52:40 GMT",
        "x-ms-is-current-version": "true",
        "x-ms-last-access-time": "Mon, 04 Dec 2023 20:52:40 GMT",
        "x-ms-lease-state": "available",
        "x-ms-lease-status": "unlocked",
        "x-ms-rehydrate-priority": "High",
        "x-ms-request-id": "3bb9a824-401e-004d-01f3-265e6e000000",
        "x-ms-server-encrypted": "true",
        "x-ms-version": "2024-02-04",
        "x-ms-version-id": "2023-12-04T20:52:40.0658849Z"
      },
      "ResponseBody": null
    }
  ],
  "Variables": {
    "0": "28c8d2640settierrehydratepriority31f97188b1a4b5ca2de",
    "1": "28c8d2641settierrehydratepriority31f90086b8f72fa7ffe"
  }
}
