{
  "Entries": [
    {
      "RequestUri": "https://REDACTED/2381a8130snapshotac5706704282328191092f4441b6?restype=container",
      "RequestMethod": "PUT",
      "RequestHeaders": {
        "Accept": "application/xml",
        "Authorization": "Sanitized",
        "Content-Length": "0",
        "Date": "Wed, 13 Dec 2023 21:48:54 GMT",
        "User-Agent": "azsdk-java-azure-storage-blob/12.26.0-beta.1 (17.0.8; Windows 11; 10.0)",
        "x-ms-client-request-id": "400f266d-fdbc-48b5-a675-9f8137368c67",
        "x-ms-version": "2024-02-04"
      },
      "RequestBody": null,
      "StatusCode": 201,
      "ResponseHeaders": {
        "Content-Length": "0",
        "Date": "Wed, 13 Dec 2023 21:48:54 GMT",
        "ETag": "\u00220x8DBFC254DB41C75\u0022",
        "Last-Modified": "Wed, 13 Dec 2023 21:48:55 GMT",
        "Server": [
          "Windows-Azure-Blob/1.0",
          "Microsoft-HTTPAPI/2.0"
        ],
        "x-ms-client-request-id": "400f266d-fdbc-48b5-a675-9f8137368c67",
        "x-ms-request-id": "1e2194d0-c01e-009a-320e-2e09bf000000",
        "x-ms-version": "2024-02-04"
      },
      "ResponseBody": null
    },
    {
      "RequestUri": "https://REDACTED/2381a8130snapshotac5706704282328191092f4441b6?restype=container",
      "RequestMethod": "PUT",
      "RequestHeaders": {
        "Accept": "application/xml",
        "Authorization": "Sanitized",
        "Content-Length": "0",
        "Date": "Wed, 13 Dec 2023 21:48:55 GMT",
        "User-Agent": "azsdk-java-azure-storage-blob/12.26.0-beta.1 (17.0.8; Windows 11; 10.0)",
        "x-ms-client-request-id": "92ef3955-b44c-4a34-8f2b-a83a593351e9",
        "x-ms-version": "2024-02-04"
      },
      "RequestBody": null,
      "StatusCode": 409,
      "ResponseHeaders": {
        "Content-Length": "230",
        "Content-Type": "application/xml",
        "Date": "Wed, 13 Dec 2023 21:48:54 GMT",
        "Server": [
          "Windows-Azure-Blob/1.0",
          "Microsoft-HTTPAPI/2.0"
        ],
        "x-ms-client-request-id": "92ef3955-b44c-4a34-8f2b-a83a593351e9",
        "x-ms-error-code": "ContainerAlreadyExists",
        "x-ms-request-id": "1e2195a6-c01e-009a-7b0e-2e09bf000000",
        "x-ms-version": "2024-02-04"
      },
      "ResponseBody": [
        "\uFEFF\u003C?xml version=\u00221.0\u0022 encoding=\u0022utf-8\u0022?\u003E\u003CError\u003E\u003CCode\u003EContainerAlreadyExists\u003C/Code\u003E\u003CMessage\u003EThe specified container already exists.\n",
        "RequestId:1e2195a6-c01e-009a-7b0e-2e09bf000000\n",
        "Time:2023-12-13T21:48:55.1705475Z\u003C/Message\u003E\u003C/Error\u003E"
      ]
    },
    {
      "RequestUri": "https://REDACTED/2381a8130snapshotac5706704282328191092f4441b6/2381a8131snapshotac57045300731a631c22014001b3",
      "RequestMethod": "PUT",
      "RequestHeaders": {
        "Accept": "application/xml",
        "Authorization": "Sanitized",
        "Content-Length": "7",
        "Content-Type": "application/octet-stream",
        "Date": "Wed, 13 Dec 2023 21:48:55 GMT",
        "If-None-Match": "*",
        "User-Agent": "azsdk-java-azure-storage-blob/12.26.0-beta.1 (17.0.8; Windows 11; 10.0)",
        "x-ms-blob-type": "BlockBlob",
        "x-ms-client-request-id": "0523f2a2-abd9-4463-a0cd-d65bd4119a18",
        "x-ms-version": "2024-02-04"
      },
      "RequestBody": "ZGVmYXVsdA==",
      "StatusCode": 201,
      "ResponseHeaders": {
        "Content-Length": "0",
        "Content-MD5": "wh\u002BWm18D0z1D4E\u002BPE252gg==",
        "Date": "Wed, 13 Dec 2023 21:48:54 GMT",
        "ETag": "\u00220x8DBFC254DD2A717\u0022",
        "Last-Modified": "Wed, 13 Dec 2023 21:48:55 GMT",
        "Server": [
          "Windows-Azure-Blob/1.0",
          "Microsoft-HTTPAPI/2.0"
        ],
        "x-ms-client-request-id": "0523f2a2-abd9-4463-a0cd-d65bd4119a18",
        "x-ms-content-crc64": "6RYQPwaVsyQ=",
        "x-ms-request-id": "1e219650-c01e-009a-150e-2e09bf000000",
        "x-ms-request-server-encrypted": "true",
        "x-ms-version": "2024-02-04"
      },
      "ResponseBody": null
    },
    {
      "RequestUri": "https://REDACTED/2381a8130snapshotac5706704282328191092f4441b6/2381a8131snapshotac57045300731a631c22014001b3?comp=tags",
      "RequestMethod": "PUT",
      "RequestHeaders": {
        "Accept": "application/xml",
        "Authorization": "Sanitized",
        "Content-Length": "111",
        "Content-Type": "application/xml",
        "Date": "Wed, 13 Dec 2023 21:48:55 GMT",
        "User-Agent": "azsdk-java-azure-storage-blob/12.26.0-beta.1 (17.0.8; Windows 11; 10.0)",
        "x-ms-client-request-id": "f451d097-0eef-44c6-9ee5-17bdb901fac6",
        "x-ms-version": "2024-02-04"
      },
      "RequestBody": "\u003C?xml version=\u00271.0\u0027 encoding=\u0027UTF-8\u0027?\u003E\u003CTags\u003E\u003CTagSet\u003E\u003CTag\u003E\u003CKey\u003Efoo\u003C/Key\u003E\u003CValue\u003Ebar\u003C/Value\u003E\u003C/Tag\u003E\u003C/TagSet\u003E\u003C/Tags\u003E",
      "StatusCode": 204,
      "ResponseHeaders": {
        "Date": "Wed, 13 Dec 2023 21:48:54 GMT",
        "Server": [
          "Windows-Azure-Blob/1.0",
          "Microsoft-HTTPAPI/2.0"
        ],
        "x-ms-client-request-id": "f451d097-0eef-44c6-9ee5-17bdb901fac6",
        "x-ms-request-id": "1e219716-c01e-009a-410e-2e09bf000000",
        "x-ms-version": "2024-02-04"
      },
      "ResponseBody": null
    },
    {
      "RequestUri": "https://REDACTED/2381a8130snapshotac5706704282328191092f4441b6/2381a8131snapshotac57045300731a631c22014001b3?comp=snapshot",
      "RequestMethod": "PUT",
      "RequestHeaders": {
        "Accept": "application/xml",
        "Authorization": "Sanitized",
        "Content-Length": "0",
        "Date": "Wed, 13 Dec 2023 21:48:55 GMT",
        "If-Unmodified-Since": "Thu, 14 Dec 2023 21:45:16 GMT",
        "User-Agent": "azsdk-java-azure-storage-blob/12.26.0-beta.1 (17.0.8; Windows 11; 10.0)",
        "x-ms-client-request-id": "a8637683-8ae4-4ade-bb5e-9c8a9e16958d",
        "x-ms-version": "2024-02-04"
      },
      "RequestBody": null,
      "StatusCode": 201,
      "ResponseHeaders": {
        "Content-Length": "0",
        "Date": "Wed, 13 Dec 2023 21:48:54 GMT",
        "ETag": "\u00220x8DBFC254DD2A717\u0022",
        "Last-Modified": "Wed, 13 Dec 2023 21:48:55 GMT",
        "Server": [
          "Windows-Azure-Blob/1.0",
          "Microsoft-HTTPAPI/2.0"
        ],
        "x-ms-client-request-id": "a8637683-8ae4-4ade-bb5e-9c8a9e16958d",
        "x-ms-request-id": "1e2197cd-c01e-009a-680e-2e09bf000000",
        "x-ms-request-server-encrypted": "false",
        "x-ms-snapshot": "2023-12-13T21:48:55.4676495Z",
        "x-ms-version": "2024-02-04"
      },
      "ResponseBody": null
    }
  ],
  "Variables": {
    "0": "2381a8130snapshotac5706704282328191092f4441b6",
    "1": "2381a8131snapshotac57045300731a631c22014001b3"
  }
}
