{
  "Entries": [
    {
      "RequestUri": "https://REDACTED/5b27a66e0copywithtier73486609275a937d955d4a1b9?restype=container",
      "RequestMethod": "PUT",
      "RequestHeaders": {
        "Accept": "application/xml",
        "Authorization": "Sanitized",
        "Content-Length": "0",
        "Date": "Thu, 12 Oct 2023 16:47:58 GMT",
        "User-Agent": "azsdk-java-azure-storage-blob/12.25.0-beta.1 (17.0.8.1; Windows 11; 10.0)",
        "x-ms-client-request-id": "bf84e3c1-e0a3-475a-a7b4-1e5fb7cbffc8",
        "x-ms-version": "2023-08-03"
      },
      "RequestBody": null,
      "StatusCode": 201,
      "ResponseHeaders": {
        "Content-Length": "0",
        "Date": "Thu, 12 Oct 2023 16:47:58 GMT",
        "ETag": "\u00220x8DBCB42FD972BC7\u0022",
        "Last-Modified": "Thu, 12 Oct 2023 16:47:58 GMT",
        "Server": [
          "Windows-Azure-Blob/1.0",
          "Microsoft-HTTPAPI/2.0"
        ],
        "x-ms-client-request-id": "bf84e3c1-e0a3-475a-a7b4-1e5fb7cbffc8",
        "x-ms-request-id": "f2f4fe26-401e-003a-202b-fdd0c9000000",
        "x-ms-version": "2023-08-03"
      },
      "ResponseBody": null
    },
    {
      "RequestUri": "https://REDACTED/5b27a66e0copywithtier73486609275a937d955d4a1b9/5b27a66e1copywithtier73458357cb5140a57f8743a28",
      "RequestMethod": "PUT",
      "RequestHeaders": {
        "Accept": "application/xml",
        "Authorization": "Sanitized",
        "Content-Length": "7",
        "Content-Type": "application/octet-stream",
        "Date": "Thu, 12 Oct 2023 16:47:58 GMT",
        "If-None-Match": "*",
        "User-Agent": "azsdk-java-azure-storage-blob/12.25.0-beta.1 (17.0.8.1; Windows 11; 10.0)",
        "x-ms-blob-type": "BlockBlob",
        "x-ms-client-request-id": "7b8b2522-4942-4b2a-a840-639abad62f4c",
        "x-ms-version": "2023-08-03"
      },
      "RequestBody": "ZGVmYXVsdA==",
      "StatusCode": 201,
      "ResponseHeaders": {
        "Content-Length": "0",
        "Content-MD5": "wh\u002BWm18D0z1D4E\u002BPE252gg==",
        "Date": "Thu, 12 Oct 2023 16:47:58 GMT",
        "ETag": "\u00220x8DBCB42FD99AC82\u0022",
        "Last-Modified": "Thu, 12 Oct 2023 16:47:58 GMT",
        "Server": [
          "Windows-Azure-Blob/1.0",
          "Microsoft-HTTPAPI/2.0"
        ],
        "x-ms-client-request-id": "7b8b2522-4942-4b2a-a840-639abad62f4c",
        "x-ms-content-crc64": "6RYQPwaVsyQ=",
        "x-ms-request-id": "f12b0282-501e-0044-7d2b-fd408e000000",
        "x-ms-request-server-encrypted": "true",
        "x-ms-version": "2023-08-03"
      },
      "ResponseBody": null
    },
    {
      "RequestUri": "https://REDACTED/5b27a66e0copywithtier73486609275a937d955d4a1b9/5b27a66e2copywithtier7349270430602a69045143059",
      "RequestMethod": "PUT",
      "RequestHeaders": {
        "Accept": "application/xml",
        "Authorization": "Sanitized",
        "Content-Length": "7",
        "Content-Type": "application/octet-stream",
        "Date": "Thu, 12 Oct 2023 16:47:58 GMT",
        "User-Agent": "azsdk-java-azure-storage-blob/12.25.0-beta.1 (17.0.8.1; Windows 11; 10.0)",
        "x-ms-access-tier": "Cool",
        "x-ms-blob-type": "BlockBlob",
        "x-ms-client-request-id": "fe853f28-2a39-446e-9a8f-b5dc8de9badd",
        "x-ms-version": "2023-08-03"
      },
      "RequestBody": "ZGVmYXVsdA==",
      "StatusCode": 201,
      "ResponseHeaders": {
        "Content-Length": "0",
        "Content-MD5": "wh\u002BWm18D0z1D4E\u002BPE252gg==",
        "Date": "Thu, 12 Oct 2023 16:47:58 GMT",
        "ETag": "\u00220x8DBCB42FD9DF1A4\u0022",
        "Last-Modified": "Thu, 12 Oct 2023 16:47:58 GMT",
        "Server": [
          "Windows-Azure-Blob/1.0",
          "Microsoft-HTTPAPI/2.0"
        ],
        "x-ms-client-request-id": "fe853f28-2a39-446e-9a8f-b5dc8de9badd",
        "x-ms-content-crc64": "6RYQPwaVsyQ=",
        "x-ms-request-id": "f12b02a4-501e-0044-1e2b-fd408e000000",
        "x-ms-request-server-encrypted": "true",
        "x-ms-version": "2023-08-03"
      },
      "ResponseBody": null
    },
    {
      "RequestUri": "https://REDACTED/5b27a66e0copywithtier73486609275a937d955d4a1b9/5b27a66e3copywithtier734659862316c2e7458c4fc5b",
      "RequestMethod": "PUT",
      "RequestHeaders": {
        "Accept": "application/xml",
        "Authorization": "Sanitized",
        "Content-Length": "0",
        "Date": "Thu, 12 Oct 2023 16:47:58 GMT",
        "User-Agent": "azsdk-java-azure-storage-blob/12.25.0-beta.1 (17.0.8.1; Windows 11; 10.0)",
        "x-ms-access-tier": "Hot",
        "x-ms-client-request-id": "3687355e-82f9-4be6-b1ce-266485287291",
        "x-ms-copy-source": "https://REDACTED/5b27a66e0copywithtier73486609275a937d955d4a1b9/5b27a66e2copywithtier7349270430602a69045143059?sv=2023-08-03\u0026se=2023-10-12T17%3A47%3A58Z\u0026sr=c\u0026sp=r\u0026REDACTED",
        "x-ms-requires-sync": "true",
        "x-ms-version": "2023-08-03"
      },
      "RequestBody": null,
      "StatusCode": 202,
      "ResponseHeaders": {
        "Content-Length": "0",
        "Date": "Thu, 12 Oct 2023 16:47:58 GMT",
        "ETag": "\u00220x8DBCB42FDA3278D\u0022",
        "Last-Modified": "Thu, 12 Oct 2023 16:47:58 GMT",
        "Server": [
          "Windows-Azure-Blob/1.0",
          "Microsoft-HTTPAPI/2.0"
        ],
        "x-ms-client-request-id": "3687355e-82f9-4be6-b1ce-266485287291",
        "x-ms-content-crc64": "6RYQPwaVsyQ=",
        "x-ms-copy-id": "764cfafe-5d7e-4950-a92c-f9165a083981",
        "x-ms-copy-status": "success",
        "x-ms-request-id": "f12b02c7-501e-0044-3f2b-fd408e000000",
        "x-ms-request-server-encrypted": "true",
        "x-ms-version": "2023-08-03"
      },
      "ResponseBody": null
    },
    {
      "RequestUri": "https://REDACTED/5b27a66e0copywithtier73486609275a937d955d4a1b9/5b27a66e3copywithtier734659862316c2e7458c4fc5b",
      "RequestMethod": "HEAD",
      "RequestHeaders": {
        "Accept": "application/xml",
        "Authorization": "Sanitized",
        "Content-Length": "0",
        "Date": "Thu, 12 Oct 2023 16:47:58 GMT",
        "User-Agent": "azsdk-java-azure-storage-blob/12.25.0-beta.1 (17.0.8.1; Windows 11; 10.0)",
        "x-ms-client-request-id": "64f463d4-79d9-4c95-a318-ae663e98d6a4",
        "x-ms-version": "2023-08-03"
      },
      "RequestBody": null,
      "StatusCode": 200,
      "ResponseHeaders": {
        "Accept-Ranges": "bytes",
        "Access-Control-Allow-Origin": "*",
        "Access-Control-Expose-Headers": "x-ms-client-request-id",
        "Content-Length": "7",
        "Content-MD5": "wh\u002BWm18D0z1D4E\u002BPE252gg==",
        "Content-Type": "application/octet-stream",
        "Date": "Thu, 12 Oct 2023 16:47:58 GMT",
        "ETag": "\u00220x8DBCB42FDA3278D\u0022",
        "Last-Modified": "Thu, 12 Oct 2023 16:47:58 GMT",
        "Server": [
          "Windows-Azure-Blob/1.0",
          "Microsoft-HTTPAPI/2.0"
        ],
        "x-ms-access-tier": "Hot",
        "x-ms-access-tier-change-time": "Thu, 12 Oct 2023 16:47:58 GMT",
        "x-ms-blob-type": "BlockBlob",
        "x-ms-client-request-id": "64f463d4-79d9-4c95-a318-ae663e98d6a4",
        "x-ms-copy-completion-time": "Thu, 12 Oct 2023 16:47:58 GMT",
        "x-ms-copy-id": "764cfafe-5d7e-4950-a92c-f9165a083981",
        "x-ms-copy-progress": "7/7",
        "x-ms-copy-source": "https://REDACTED/5b27a66e0copywithtier73486609275a937d955d4a1b9/5b27a66e2copywithtier7349270430602a69045143059?sv=2023-08-03\u0026se=2023-10-12T17%3A47%3A58Z\u0026sr=c\u0026sp=r",
        "x-ms-copy-status": "success",
        "x-ms-creation-time": "Thu, 12 Oct 2023 16:47:58 GMT",
        "x-ms-lease-state": "available",
        "x-ms-lease-status": "unlocked",
        "x-ms-request-id": "f12b02f1-501e-0044-652b-fd408e000000",
        "x-ms-server-encrypted": "true",
        "x-ms-version": "2023-08-03"
      },
      "ResponseBody": null
    }
  ],
  "Variables": {
    "0": "5b27a66e0copywithtier73486609275a937d955d4a1b9",
    "1": "5b27a66e1copywithtier73458357cb5140a57f8743a28",
    "2": "5b27a66e2copywithtier7349270430602a69045143059",
    "3": "5b27a66e3copywithtier734659862316c2e7458c4fc5b",
    "4": "2023-10-12T16:47:58.655926600Z"
  }
}
