{
  "Entries": [
    {
      "RequestUri": "https://REDACTED/6bead48b0settiersnapshoterror594531861446978c15814?restype=container",
      "RequestMethod": "PUT",
      "RequestHeaders": {
        "Accept": "application/xml",
        "Authorization": "Sanitized",
        "Content-Length": "0",
        "Date": "Thu, 12 Oct 2023 14:29:21 GMT",
        "User-Agent": "azsdk-java-azure-storage-blob/12.25.0-beta.1 (17.0.8.1; Windows 11; 10.0)",
        "x-ms-client-request-id": "957f2b32-23fd-40b5-bfc2-09f6868be15c",
        "x-ms-version": "2023-08-03"
      },
      "RequestBody": null,
      "StatusCode": 201,
      "ResponseHeaders": {
        "Content-Length": "0",
        "Date": "Thu, 12 Oct 2023 14:29:20 GMT",
        "ETag": "\u00220x8DBCB2F9FFD9BFA\u0022",
        "Last-Modified": "Thu, 12 Oct 2023 14:29:21 GMT",
        "Server": [
          "Windows-Azure-Blob/1.0",
          "Microsoft-HTTPAPI/2.0"
        ],
        "x-ms-client-request-id": "957f2b32-23fd-40b5-bfc2-09f6868be15c",
        "x-ms-request-id": "5b7df465-601e-004f-6718-fdbbe5000000",
        "x-ms-version": "2023-08-03"
      },
      "ResponseBody": null
    },
    {
      "RequestUri": "https://REDACTED/6bead48b0settiersnapshoterror594531861446978c15814/6bead48b1settiersnapshoterror59404862f797e0ea96584",
      "RequestMethod": "PUT",
      "RequestHeaders": {
        "Accept": "application/xml",
        "Authorization": "Sanitized",
        "Content-Length": "7",
        "Content-Type": "application/octet-stream",
        "Date": "Thu, 12 Oct 2023 14:29:21 GMT",
        "If-None-Match": "*",
        "User-Agent": "azsdk-java-azure-storage-blob/12.25.0-beta.1 (17.0.8.1; Windows 11; 10.0)",
        "x-ms-blob-type": "BlockBlob",
        "x-ms-client-request-id": "c7dd365a-e023-44e4-9f6e-cc6fb73a988f",
        "x-ms-version": "2023-08-03"
      },
      "RequestBody": "ZGVmYXVsdA==",
      "StatusCode": 201,
      "ResponseHeaders": {
        "Content-Length": "0",
        "Content-MD5": "wh\u002BWm18D0z1D4E\u002BPE252gg==",
        "Date": "Thu, 12 Oct 2023 14:29:20 GMT",
        "ETag": "\u00220x8DBCB2FA0012663\u0022",
        "Last-Modified": "Thu, 12 Oct 2023 14:29:21 GMT",
        "Server": [
          "Windows-Azure-Blob/1.0",
          "Microsoft-HTTPAPI/2.0"
        ],
        "x-ms-client-request-id": "c7dd365a-e023-44e4-9f6e-cc6fb73a988f",
        "x-ms-content-crc64": "6RYQPwaVsyQ=",
        "x-ms-request-id": "5b7df485-601e-004f-8018-fdbbe5000000",
        "x-ms-request-server-encrypted": "true",
        "x-ms-version": "2023-08-03"
      },
      "ResponseBody": null
    },
    {
      "RequestUri": "https://REDACTED/6bead48b0settiersnapshoterror594531861446978c15814/6bead48b1settiersnapshoterror59404862f797e0ea96584?comp=snapshot",
      "RequestMethod": "PUT",
      "RequestHeaders": {
        "Accept": "application/xml",
        "Authorization": "Sanitized",
        "Content-Length": "0",
        "Date": "Thu, 12 Oct 2023 14:29:21 GMT",
        "User-Agent": "azsdk-java-azure-storage-blob/12.25.0-beta.1 (17.0.8.1; Windows 11; 10.0)",
        "x-ms-client-request-id": "da0c08ac-2040-44ed-a7c7-9f58c69f0199",
        "x-ms-version": "2023-08-03"
      },
      "RequestBody": null,
      "StatusCode": 201,
      "ResponseHeaders": {
        "Content-Length": "0",
        "Date": "Thu, 12 Oct 2023 14:29:20 GMT",
        "ETag": "\u00220x8DBCB2FA0012663\u0022",
        "Last-Modified": "Thu, 12 Oct 2023 14:29:21 GMT",
        "Server": [
          "Windows-Azure-Blob/1.0",
          "Microsoft-HTTPAPI/2.0"
        ],
        "x-ms-client-request-id": "da0c08ac-2040-44ed-a7c7-9f58c69f0199",
        "x-ms-request-id": "37ef5575-901e-0074-4518-fdfe41000000",
        "x-ms-request-server-encrypted": "false",
        "x-ms-snapshot": "2023-10-12T14:29:21.1648374Z",
        "x-ms-version": "2023-08-03"
      },
      "ResponseBody": null
    },
    {
      "RequestUri": "https://REDACTED/6bead48b0settiersnapshoterror594531861446978c15814/6bead48b1settiersnapshoterror59404862f797e0ea96584?comp=tier\u0026snapshot=2020-04-17T20%3A37%3A16.5129130Z",
      "RequestMethod": "PUT",
      "RequestHeaders": {
        "Accept": "application/xml",
        "Authorization": "Sanitized",
        "Content-Length": "0",
        "Date": "Thu, 12 Oct 2023 14:29:21 GMT",
        "User-Agent": "azsdk-java-azure-storage-blob/12.25.0-beta.1 (17.0.8.1; Windows 11; 10.0)",
        "x-ms-access-tier": "Cool",
        "x-ms-client-request-id": "fa9c9263-4eed-4b61-988f-e947ad0f2d74",
        "x-ms-version": "2023-08-03"
      },
      "RequestBody": null,
      "StatusCode": 404,
      "ResponseHeaders": {
        "Content-Length": "215",
        "Content-Type": "application/xml",
        "Date": "Thu, 12 Oct 2023 14:29:20 GMT",
        "Server": [
          "Windows-Azure-Blob/1.0",
          "Microsoft-HTTPAPI/2.0"
        ],
        "x-ms-client-request-id": "fa9c9263-4eed-4b61-988f-e947ad0f2d74",
        "x-ms-error-code": "BlobNotFound",
        "x-ms-request-id": "37ef55b1-901e-0074-7d18-fdfe41000000",
        "x-ms-version": "2023-08-03"
      },
      "ResponseBody": [
        "\uFEFF\u003C?xml version=\u00221.0\u0022 encoding=\u0022utf-8\u0022?\u003E\u003CError\u003E\u003CCode\u003EBlobNotFound\u003C/Code\u003E\u003CMessage\u003EThe specified blob does not exist.\n",
        "RequestId:37ef55b1-901e-0074-7d18-fdfe41000000\n",
        "Time:2023-10-12T14:29:21.2275147Z\u003C/Message\u003E\u003C/Error\u003E"
      ]
    }
  ],
  "Variables": {
    "0": "6bead48b0settiersnapshoterror594531861446978c15814",
    "1": "6bead48b1settiersnapshoterror59404862f797e0ea96584"
  }
}
