{
  "Entries": [
    {
      "RequestUri": "https://REDACTED/7982cd260getcontainerclienta1d30245e1fb09b7861647?restype=container",
      "RequestMethod": "PUT",
      "RequestHeaders": {
        "Accept": "application/xml",
        "Authorization": "Sanitized",
        "Content-Length": "0",
        "Date": "Mon, 04 Dec 2023 20:54:18 GMT",
        "User-Agent": "azsdk-java-azure-storage-blob/12.26.0-beta.1 (17.0.8; Windows 11; 10.0)",
        "x-ms-client-request-id": "01f77cda-1182-4abd-a6df-311f7b90d241",
        "x-ms-version": "2024-02-04"
      },
      "RequestBody": null,
      "StatusCode": 201,
      "ResponseHeaders": {
        "Content-Length": "0",
        "Date": "Mon, 04 Dec 2023 20:54:19 GMT",
        "ETag": "\u00220x8DBF50B2FC0FC29\u0022",
        "Last-Modified": "Mon, 04 Dec 2023 20:54:19 GMT",
        "Server": [
          "Windows-Azure-Blob/1.0",
          "Microsoft-HTTPAPI/2.0"
        ],
        "x-ms-client-request-id": "01f77cda-1182-4abd-a6df-311f7b90d241",
        "x-ms-request-id": "ca8c00e9-201e-0090-73f4-26abec000000",
        "x-ms-version": "2024-02-04"
      },
      "ResponseBody": null
    },
    {
      "RequestUri": "https://REDACTED/7982cd260getcontainerclienta1d30245e1fb09b7861647?restype=container",
      "RequestMethod": "PUT",
      "RequestHeaders": {
        "Accept": "application/xml",
        "Authorization": "Sanitized",
        "Content-Length": "0",
        "Date": "Mon, 04 Dec 2023 20:54:18 GMT",
        "User-Agent": "azsdk-java-azure-storage-blob/12.26.0-beta.1 (17.0.8; Windows 11; 10.0)",
        "x-ms-client-request-id": "070221fc-83cc-4aeb-8737-3d9069d1510b",
        "x-ms-version": "2024-02-04"
      },
      "RequestBody": null,
      "StatusCode": 409,
      "ResponseHeaders": {
        "Content-Length": "230",
        "Content-Type": "application/xml",
        "Date": "Mon, 04 Dec 2023 20:54:18 GMT",
        "Server": [
          "Windows-Azure-Blob/1.0",
          "Microsoft-HTTPAPI/2.0"
        ],
        "x-ms-client-request-id": "070221fc-83cc-4aeb-8737-3d9069d1510b",
        "x-ms-error-code": "ContainerAlreadyExists",
        "x-ms-request-id": "5882a3d7-601e-0091-51f4-26f430000000",
        "x-ms-version": "2024-02-04"
      },
      "ResponseBody": [
        "\uFEFF\u003C?xml version=\u00221.0\u0022 encoding=\u0022utf-8\u0022?\u003E\u003CError\u003E\u003CCode\u003EContainerAlreadyExists\u003C/Code\u003E\u003CMessage\u003EThe specified container already exists.\n",
        "RequestId:5882a3d7-601e-0091-51f4-26f430000000\n",
        "Time:2023-12-04T20:54:19.8550042Z\u003C/Message\u003E\u003C/Error\u003E"
      ]
    },
    {
      "RequestUri": "https://REDACTED/7982cd260getcontainerclienta1d30245e1fb09b7861647/7982cd261getcontainerclienta1d549887a4e7a8e47bc46",
      "RequestMethod": "PUT",
      "RequestHeaders": {
        "Accept": "application/xml",
        "Authorization": "Sanitized",
        "Content-Length": "7",
        "Content-Type": "application/octet-stream",
        "Date": "Mon, 04 Dec 2023 20:54:19 GMT",
        "If-None-Match": "*",
        "User-Agent": "azsdk-java-azure-storage-blob/12.26.0-beta.1 (17.0.8; Windows 11; 10.0)",
        "x-ms-blob-type": "BlockBlob",
        "x-ms-client-request-id": "86deee15-7b94-4226-ba6f-d8129e3045b3",
        "x-ms-version": "2024-02-04"
      },
      "RequestBody": "ZGVmYXVsdA==",
      "StatusCode": 201,
      "ResponseHeaders": {
        "Content-Length": "0",
        "Content-MD5": "wh\u002BWm18D0z1D4E\u002BPE252gg==",
        "Date": "Mon, 04 Dec 2023 20:54:18 GMT",
        "ETag": "\u00220x8DBF50B2FD9FCDC\u0022",
        "Last-Modified": "Mon, 04 Dec 2023 20:54:19 GMT",
        "Server": [
          "Windows-Azure-Blob/1.0",
          "Microsoft-HTTPAPI/2.0"
        ],
        "x-ms-client-request-id": "86deee15-7b94-4226-ba6f-d8129e3045b3",
        "x-ms-content-crc64": "6RYQPwaVsyQ=",
        "x-ms-request-id": "5882a422-601e-0091-15f4-26f430000000",
        "x-ms-request-server-encrypted": "true",
        "x-ms-version": "2024-02-04",
        "x-ms-version-id": "2023-12-04T20:54:19.9317724Z"
      },
      "ResponseBody": null
    },
    {
      "RequestUri": "https://REDACTED/7982cd260getcontainerclienta1d30245e1fb09b7861647?restype=container",
      "RequestMethod": "GET",
      "RequestHeaders": {
        "Accept": "application/xml",
        "Authorization": "Sanitized",
        "Content-Length": "0",
        "Date": "Mon, 04 Dec 2023 20:54:19 GMT",
        "User-Agent": "azsdk-java-azure-storage-blob/12.26.0-beta.1 (17.0.8; Windows 11; 10.0)",
        "x-ms-client-request-id": "bbb2c53c-d423-4a33-ab90-2ceff5e425d2",
        "x-ms-version": "2024-02-04"
      },
      "RequestBody": null,
      "StatusCode": 200,
      "ResponseHeaders": {
        "Access-Control-Allow-Origin": "*",
        "Access-Control-Expose-Headers": "x-ms-client-request-id",
        "Content-Length": "0",
        "Date": "Mon, 04 Dec 2023 20:54:19 GMT",
        "ETag": "\u00220x8DBF50B2FC0FC29\u0022",
        "Last-Modified": "Mon, 04 Dec 2023 20:54:19 GMT",
        "Server": [
          "Windows-Azure-Blob/1.0",
          "Microsoft-HTTPAPI/2.0"
        ],
        "x-ms-client-request-id": "bbb2c53c-d423-4a33-ab90-2ceff5e425d2",
        "x-ms-default-encryption-scope": "$account-encryption-key",
        "x-ms-deny-encryption-scope-override": "false",
        "x-ms-has-immutability-policy": "false",
        "x-ms-has-legal-hold": "false",
        "x-ms-immutable-storage-with-versioning-enabled": "false",
        "x-ms-lease-state": "available",
        "x-ms-lease-status": "unlocked",
        "x-ms-request-id": "5882a46e-601e-0091-5af4-26f430000000",
        "x-ms-version": "2024-02-04"
      },
      "ResponseBody": null
    }
  ],
  "Variables": {
    "0": "7982cd260getcontainerclienta1d30245e1fb09b7861647",
    "1": "7982cd261getcontainerclienta1d549887a4e7a8e47bc46",
    "2": "2023-12-04T20:54:19.158736300Z"
  }
}
