{
  "Entries": [
    {
      "RequestUri": "https://REDACTED/d734be260synccopysourceacfailc0976076dc898d3cd7144?restype=container",
      "RequestMethod": "PUT",
      "RequestHeaders": {
        "Accept": "application/xml",
        "Authorization": "Sanitized",
        "Content-Length": "0",
        "Date": "Thu, 05 Oct 2023 19:43:46 GMT",
        "User-Agent": "azsdk-java-azure-storage-blob/12.25.0-beta.1 (11.0.16.1; Windows 11; 10.0)",
        "x-ms-client-request-id": "17b51f9e-e6d6-4b4d-ace6-98d8d0db757e",
        "x-ms-version": "2023-08-03"
      },
      "RequestBody": null,
      "StatusCode": 201,
      "ResponseHeaders": {
        "Content-Length": "0",
        "Date": "Thu, 05 Oct 2023 19:43:46 GMT",
        "ETag": "\u00220x8DBC5DB63DAB606\u0022",
        "Last-Modified": "Thu, 05 Oct 2023 19:43:46 GMT",
        "Server": [
          "Windows-Azure-Blob/1.0",
          "Microsoft-HTTPAPI/2.0"
        ],
        "x-ms-client-request-id": "17b51f9e-e6d6-4b4d-ace6-98d8d0db757e",
        "x-ms-request-id": "69ec8b88-501e-001c-6ac4-f7c3e2000000",
        "x-ms-version": "2023-08-03"
      },
      "ResponseBody": null
    },
    {
      "RequestUri": "https://REDACTED/d734be260synccopysourceacfailc0976076dc898d3cd7144/d734be261synccopysourceacfailc09717074ba90c0ceb314",
      "RequestMethod": "PUT",
      "RequestHeaders": {
        "Accept": "application/xml",
        "Authorization": "Sanitized",
        "Content-Length": "7",
        "Content-Type": "application/octet-stream",
        "Date": "Thu, 05 Oct 2023 19:43:46 GMT",
        "If-None-Match": "*",
        "User-Agent": "azsdk-java-azure-storage-blob/12.25.0-beta.1 (11.0.16.1; Windows 11; 10.0)",
        "x-ms-blob-type": "BlockBlob",
        "x-ms-client-request-id": "dccdd4f0-c815-4b74-bda4-b28a7f8ab80d",
        "x-ms-version": "2023-08-03"
      },
      "RequestBody": "ZGVmYXVsdA==",
      "StatusCode": 201,
      "ResponseHeaders": {
        "Content-Length": "0",
        "Content-MD5": "wh\u002BWm18D0z1D4E\u002BPE252gg==",
        "Date": "Thu, 05 Oct 2023 19:43:46 GMT",
        "ETag": "\u00220x8DBC5DB63EC79F1\u0022",
        "Last-Modified": "Thu, 05 Oct 2023 19:43:46 GMT",
        "Server": [
          "Windows-Azure-Blob/1.0",
          "Microsoft-HTTPAPI/2.0"
        ],
        "x-ms-client-request-id": "dccdd4f0-c815-4b74-bda4-b28a7f8ab80d",
        "x-ms-content-crc64": "6RYQPwaVsyQ=",
        "x-ms-request-id": "69ec8bdc-501e-001c-32c4-f7c3e2000000",
        "x-ms-request-server-encrypted": "true",
        "x-ms-version": "2023-08-03",
        "x-ms-version-id": "2023-10-05T19:43:46.8008945Z"
      },
      "ResponseBody": null
    },
    {
      "RequestUri": "https://REDACTED/d734be260synccopysourceacfailc0976076dc898d3cd7144?restype=container\u0026comp=acl",
      "RequestMethod": "PUT",
      "RequestHeaders": {
        "Accept": "application/xml",
        "Authorization": "Sanitized",
        "Content-Length": "58",
        "Content-Type": "application/xml",
        "Date": "Thu, 05 Oct 2023 19:43:46 GMT",
        "User-Agent": "azsdk-java-azure-storage-blob/12.25.0-beta.1 (11.0.16.1; Windows 11; 10.0)",
        "x-ms-blob-public-access": "container",
        "x-ms-client-request-id": "19c675fd-0fe8-43bd-9ce1-0b76f993262c",
        "x-ms-version": "2023-08-03"
      },
      "RequestBody": "\u003C?xml version=\u00271.0\u0027 encoding=\u0027UTF-8\u0027?\u003E\u003CSignedIdentifiers/\u003E",
      "StatusCode": 200,
      "ResponseHeaders": {
        "Content-Length": "0",
        "Date": "Thu, 05 Oct 2023 19:43:46 GMT",
        "ETag": "\u00220x8DBC5DB6404EDC2\u0022",
        "Last-Modified": "Thu, 05 Oct 2023 19:43:46 GMT",
        "Server": [
          "Windows-Azure-Blob/1.0",
          "Microsoft-HTTPAPI/2.0"
        ],
        "x-ms-client-request-id": "19c675fd-0fe8-43bd-9ce1-0b76f993262c",
        "x-ms-request-id": "b29488e2-301e-0047-1ac4-f7fad9000000",
        "x-ms-version": "2023-08-03"
      },
      "ResponseBody": null
    },
    {
      "RequestUri": "https://REDACTED/d734be260synccopysourceacfailc0976076dc898d3cd7144/d734be261synccopysourceacfailc09717074ba90c0ceb314",
      "RequestMethod": "HEAD",
      "RequestHeaders": {
        "Accept": "application/xml",
        "Authorization": "Sanitized",
        "Content-Length": "0",
        "Date": "Thu, 05 Oct 2023 19:43:46 GMT",
        "User-Agent": "azsdk-java-azure-storage-blob/12.25.0-beta.1 (11.0.16.1; Windows 11; 10.0)",
        "x-ms-client-request-id": "17d0c75b-6522-463c-9969-a15c734a1a22",
        "x-ms-version": "2023-08-03"
      },
      "RequestBody": null,
      "StatusCode": 200,
      "ResponseHeaders": {
        "Accept-Ranges": "bytes",
        "Access-Control-Allow-Origin": "*",
        "Access-Control-Expose-Headers": "x-ms-client-request-id",
        "Content-Length": "7",
        "Content-MD5": "wh\u002BWm18D0z1D4E\u002BPE252gg==",
        "Content-Type": "application/octet-stream",
        "Date": "Thu, 05 Oct 2023 19:43:46 GMT",
        "ETag": "\u00220x8DBC5DB63EC79F1\u0022",
        "Last-Modified": "Thu, 05 Oct 2023 19:43:46 GMT",
        "Server": [
          "Windows-Azure-Blob/1.0",
          "Microsoft-HTTPAPI/2.0"
        ],
        "x-ms-access-tier": "Hot",
        "x-ms-access-tier-inferred": "true",
        "x-ms-blob-type": "BlockBlob",
        "x-ms-client-request-id": "17d0c75b-6522-463c-9969-a15c734a1a22",
        "x-ms-creation-time": "Thu, 05 Oct 2023 19:43:46 GMT",
        "x-ms-is-current-version": "true",
        "x-ms-last-access-time": "Thu, 05 Oct 2023 19:43:46 GMT",
        "x-ms-lease-state": "available",
        "x-ms-lease-status": "unlocked",
        "x-ms-request-id": "69ec8d0a-501e-001c-3cc4-f7c3e2000000",
        "x-ms-server-encrypted": "true",
        "x-ms-version": "2023-08-03",
        "x-ms-version-id": "2023-10-05T19:43:46.8008945Z"
      },
      "ResponseBody": null
    },
    {
      "RequestUri": "https://REDACTED/d734be260synccopysourceacfailc0976076dc898d3cd7144/d734be262synccopysourceacfailc0940905195b3aef0f014",
      "RequestMethod": "PUT",
      "RequestHeaders": {
        "Accept": "application/xml",
        "Authorization": "Sanitized",
        "Content-Length": "0",
        "Date": "Thu, 05 Oct 2023 19:43:47 GMT",
        "User-Agent": "azsdk-java-azure-storage-blob/12.25.0-beta.1 (11.0.16.1; Windows 11; 10.0)",
        "x-ms-client-request-id": "154b99e5-7e29-46b6-826d-1757df79b9b0",
        "x-ms-copy-source": "REDACTED",
        "x-ms-requires-sync": "true",
        "x-ms-source-if-none-match": "0x8DBC5DB63EC79F1",
        "x-ms-version": "2023-08-03"
      },
      "RequestBody": null,
      "StatusCode": 304,
      "ResponseHeaders": {
        "Content-Length": "0",
        "Date": "Thu, 05 Oct 2023 19:43:47 GMT",
        "Server": [
          "Windows-Azure-Blob/1.0",
          "Microsoft-HTTPAPI/2.0"
        ],
        "x-ms-client-request-id": "154b99e5-7e29-46b6-826d-1757df79b9b0",
        "x-ms-error-code": "CannotVerifyCopySource",
        "x-ms-request-id": "1b13b3f4-401e-00a9-2ac4-f750f0000000",
        "x-ms-version": "2023-08-03"
      },
      "ResponseBody": null
    }
  ],
  "Variables": {
    "0": "d734be260synccopysourceacfailc0976076dc898d3cd7144",
    "1": "d734be261synccopysourceacfailc09717074ba90c0ceb314",
    "2": "d734be262synccopysourceacfailc0940905195b3aef0f014"
  }
}
