{
  "Entries": [
    {
      "RequestUri": "https://REDACTED/111de1a30downloadacfailstreaming60c202335b4e389dd61?restype=container",
      "RequestMethod": "PUT",
      "RequestHeaders": {
        "Accept": "application/xml",
        "Authorization": "Sanitized",
        "Content-Length": "0",
        "Date": "Wed, 18 Oct 2023 19:08:16 GMT",
        "User-Agent": "azsdk-java-azure-storage-blob/12.25.0-beta.1 (17.0.8; Windows 11; 10.0)",
        "x-ms-client-request-id": "9271a001-4d31-476d-88d4-c779fabe92df",
        "x-ms-version": "2023-11-03"
      },
      "RequestBody": null,
      "StatusCode": 201,
      "ResponseHeaders": {
        "Content-Length": "0",
        "Date": "Wed, 18 Oct 2023 19:08:16 GMT",
        "ETag": "\u00220x8DBD00D95DBAB93\u0022",
        "Last-Modified": "Wed, 18 Oct 2023 19:08:17 GMT",
        "Server": [
          "Windows-Azure-Blob/1.0",
          "Microsoft-HTTPAPI/2.0"
        ],
        "x-ms-client-request-id": "9271a001-4d31-476d-88d4-c779fabe92df",
        "x-ms-request-id": "e210f563-901e-003e-3ff6-010019000000",
        "x-ms-version": "2023-11-03"
      },
      "ResponseBody": null
    },
    {
      "RequestUri": "https://REDACTED/111de1a30downloadacfailstreaming60c202335b4e389dd61/111de1a31downloadacfailstreaming60c665418f87315c2d5",
      "RequestMethod": "PUT",
      "RequestHeaders": {
        "Accept": "application/xml",
        "Authorization": "Sanitized",
        "Content-Length": "7",
        "Content-Type": "application/octet-stream",
        "Date": "Wed, 18 Oct 2023 19:08:17 GMT",
        "If-None-Match": "*",
        "User-Agent": "azsdk-java-azure-storage-blob/12.25.0-beta.1 (17.0.8; Windows 11; 10.0)",
        "x-ms-blob-type": "BlockBlob",
        "x-ms-client-request-id": "1c6c85b0-2e5a-4300-87fc-de346fa651e6",
        "x-ms-version": "2023-11-03"
      },
      "RequestBody": "ZGVmYXVsdA==",
      "StatusCode": 201,
      "ResponseHeaders": {
        "Content-Length": "0",
        "Content-MD5": "wh\u002BWm18D0z1D4E\u002BPE252gg==",
        "Date": "Wed, 18 Oct 2023 19:08:16 GMT",
        "ETag": "\u00220x8DBD00D95EBEECB\u0022",
        "Last-Modified": "Wed, 18 Oct 2023 19:08:17 GMT",
        "Server": [
          "Windows-Azure-Blob/1.0",
          "Microsoft-HTTPAPI/2.0"
        ],
        "x-ms-client-request-id": "1c6c85b0-2e5a-4300-87fc-de346fa651e6",
        "x-ms-content-crc64": "6RYQPwaVsyQ=",
        "x-ms-request-id": "e210f60a-901e-003e-59f6-010019000000",
        "x-ms-request-server-encrypted": "true",
        "x-ms-version": "2023-11-03"
      },
      "ResponseBody": null
    },
    {
      "RequestUri": "https://REDACTED/111de1a30downloadacfailstreaming60c202335b4e389dd61/111de1a31downloadacfailstreaming60c665418f87315c2d5",
      "RequestMethod": "HEAD",
      "RequestHeaders": {
        "Accept": "application/xml",
        "Authorization": "Sanitized",
        "Content-Length": "0",
        "Date": "Wed, 18 Oct 2023 19:08:17 GMT",
        "User-Agent": "azsdk-java-azure-storage-blob/12.25.0-beta.1 (17.0.8; Windows 11; 10.0)",
        "x-ms-client-request-id": "a5f16491-2cb0-47c1-a4c4-459ad1b9f2f5",
        "x-ms-version": "2023-11-03"
      },
      "RequestBody": null,
      "StatusCode": 200,
      "ResponseHeaders": {
        "Accept-Ranges": "bytes",
        "Content-Length": "7",
        "Content-MD5": "wh\u002BWm18D0z1D4E\u002BPE252gg==",
        "Content-Type": "application/octet-stream",
        "Date": "Wed, 18 Oct 2023 19:08:16 GMT",
        "ETag": "\u00220x8DBD00D95EBEECB\u0022",
        "Last-Modified": "Wed, 18 Oct 2023 19:08:17 GMT",
        "Server": [
          "Windows-Azure-Blob/1.0",
          "Microsoft-HTTPAPI/2.0"
        ],
        "x-ms-access-tier": "Hot",
        "x-ms-access-tier-inferred": "true",
        "x-ms-blob-type": "BlockBlob",
        "x-ms-client-request-id": "a5f16491-2cb0-47c1-a4c4-459ad1b9f2f5",
        "x-ms-creation-time": "Wed, 18 Oct 2023 19:08:17 GMT",
        "x-ms-lease-state": "available",
        "x-ms-lease-status": "unlocked",
        "x-ms-request-id": "e210f68b-901e-003e-53f6-010019000000",
        "x-ms-server-encrypted": "true",
        "x-ms-version": "2023-11-03"
      },
      "ResponseBody": null
    },
    {
      "RequestUri": "https://REDACTED/111de1a30downloadacfailstreaming60c202335b4e389dd61/111de1a31downloadacfailstreaming60c665418f87315c2d5",
      "RequestMethod": "GET",
      "RequestHeaders": {
        "Accept": "application/xml",
        "Authorization": "Sanitized",
        "Content-Length": "0",
        "Date": "Wed, 18 Oct 2023 19:08:17 GMT",
        "If-None-Match": "0x8DBD00D95EBEECB",
        "User-Agent": "azsdk-java-azure-storage-blob/12.25.0-beta.1 (17.0.8; Windows 11; 10.0)",
        "x-ms-client-request-id": "4dbe4806-3ee2-4750-b67b-df8a7511ac27",
        "x-ms-version": "2023-11-03"
      },
      "RequestBody": null,
      "StatusCode": 304,
      "ResponseHeaders": {
        "Content-Length": "0",
        "Date": "Wed, 18 Oct 2023 19:08:16 GMT",
        "Server": [
          "Windows-Azure-Blob/1.0",
          "Microsoft-HTTPAPI/2.0"
        ],
        "x-ms-client-request-id": "4dbe4806-3ee2-4750-b67b-df8a7511ac27",
        "x-ms-error-code": "ConditionNotMet",
        "x-ms-request-id": "e210f712-901e-003e-50f6-010019000000",
        "x-ms-version": "2023-11-03"
      },
      "ResponseBody": null
    }
  ],
  "Variables": {
    "0": "111de1a30downloadacfailstreaming60c202335b4e389dd61",
    "1": "111de1a31downloadacfailstreaming60c665418f87315c2d5"
  }
}
