{
  "Entries": [
    {
      "RequestUri": "https://REDACTED/8a09f9130copydestac63159489b236f597089d4ff0ae?restype=container",
      "RequestMethod": "PUT",
      "RequestHeaders": {
        "Accept": "application/xml",
        "Authorization": "Sanitized",
        "Content-Length": "0",
        "Date": "Thu, 28 Sep 2023 22:24:12 GMT",
        "User-Agent": "azsdk-java-azure-storage-blob/12.25.0-beta.1 (11.0.16.1; Windows 11; 10.0)",
        "x-ms-client-request-id": "9ce07a55-2295-416e-8b50-de9bdef66e92",
        "x-ms-version": "2023-08-03"
      },
      "RequestBody": null,
      "StatusCode": 201,
      "ResponseHeaders": {
        "Content-Length": "0",
        "Date": "Thu, 28 Sep 2023 22:24:11 GMT",
        "ETag": "\u00220x8DBC071A456A079\u0022",
        "Last-Modified": "Thu, 28 Sep 2023 22:24:12 GMT",
        "Server": [
          "Windows-Azure-Blob/1.0",
          "Microsoft-HTTPAPI/2.0"
        ],
        "x-ms-client-request-id": "9ce07a55-2295-416e-8b50-de9bdef66e92",
        "x-ms-request-id": "bb5571e7-e01e-0019-475a-f21139000000",
        "x-ms-version": "2023-08-03"
      },
      "ResponseBody": null
    },
    {
      "RequestUri": "https://REDACTED/8a09f9130copydestac63159489b236f597089d4ff0ae/8a09f9131copydestac631603474af192b082274f779b",
      "RequestMethod": "PUT",
      "RequestHeaders": {
        "Accept": "application/xml",
        "Authorization": "Sanitized",
        "Content-Length": "7",
        "Content-Type": "application/octet-stream",
        "Date": "Thu, 28 Sep 2023 22:24:12 GMT",
        "If-None-Match": "*",
        "User-Agent": "azsdk-java-azure-storage-blob/12.25.0-beta.1 (11.0.16.1; Windows 11; 10.0)",
        "x-ms-blob-type": "BlockBlob",
        "x-ms-client-request-id": "f5ba3371-9bc1-4137-a307-fd9d393cc7f7",
        "x-ms-version": "2023-08-03"
      },
      "RequestBody": "ZGVmYXVsdA==",
      "StatusCode": 201,
      "ResponseHeaders": {
        "Content-Length": "0",
        "Content-MD5": "wh\u002BWm18D0z1D4E\u002BPE252gg==",
        "Date": "Thu, 28 Sep 2023 22:24:12 GMT",
        "ETag": "\u00220x8DBC071A4667792\u0022",
        "Last-Modified": "Thu, 28 Sep 2023 22:24:12 GMT",
        "Server": [
          "Windows-Azure-Blob/1.0",
          "Microsoft-HTTPAPI/2.0"
        ],
        "x-ms-client-request-id": "f5ba3371-9bc1-4137-a307-fd9d393cc7f7",
        "x-ms-content-crc64": "6RYQPwaVsyQ=",
        "x-ms-request-id": "bb55727e-e01e-0019-555a-f21139000000",
        "x-ms-request-server-encrypted": "true",
        "x-ms-version": "2023-08-03"
      },
      "ResponseBody": null
    },
    {
      "RequestUri": "https://REDACTED/8a09f9130copydestac63159489b236f597089d4ff0ae/8a09f9132copydestac631054744643a1b433634db9b1",
      "RequestMethod": "PUT",
      "RequestHeaders": {
        "Accept": "application/xml",
        "Authorization": "Sanitized",
        "Content-Length": "7",
        "Content-Type": "application/octet-stream",
        "Date": "Thu, 28 Sep 2023 22:24:12 GMT",
        "If-None-Match": "*",
        "User-Agent": "azsdk-java-azure-storage-blob/12.25.0-beta.1 (11.0.16.1; Windows 11; 10.0)",
        "x-ms-blob-type": "BlockBlob",
        "x-ms-client-request-id": "a22a988f-0a78-4ef0-9640-d232db8ee519",
        "x-ms-version": "2023-08-03"
      },
      "RequestBody": "ZGVmYXVsdA==",
      "StatusCode": 201,
      "ResponseHeaders": {
        "Content-Length": "0",
        "Content-MD5": "wh\u002BWm18D0z1D4E\u002BPE252gg==",
        "Date": "Thu, 28 Sep 2023 22:24:12 GMT",
        "ETag": "\u00220x8DBC071A4780133\u0022",
        "Last-Modified": "Thu, 28 Sep 2023 22:24:12 GMT",
        "Server": [
          "Windows-Azure-Blob/1.0",
          "Microsoft-HTTPAPI/2.0"
        ],
        "x-ms-client-request-id": "a22a988f-0a78-4ef0-9640-d232db8ee519",
        "x-ms-content-crc64": "6RYQPwaVsyQ=",
        "x-ms-request-id": "0a7e570d-901e-0071-0f5a-f277a9000000",
        "x-ms-request-server-encrypted": "true",
        "x-ms-version": "2023-08-03"
      },
      "ResponseBody": null
    },
    {
      "RequestUri": "https://REDACTED/8a09f9130copydestac63159489b236f597089d4ff0ae/8a09f9132copydestac631054744643a1b433634db9b1?comp=tags",
      "RequestMethod": "PUT",
      "RequestHeaders": {
        "Accept": "application/xml",
        "Authorization": "Sanitized",
        "Content-Length": "116",
        "Content-Type": "application/xml",
        "Date": "Thu, 28 Sep 2023 22:24:12 GMT",
        "User-Agent": "azsdk-java-azure-storage-blob/12.25.0-beta.1 (11.0.16.1; Windows 11; 10.0)",
        "x-ms-client-request-id": "f2430eb3-9cb3-4ede-88ef-6794088eba07",
        "x-ms-version": "2023-08-03"
      },
      "RequestBody": "\u003C?xml version=\u00271.0\u0027 encoding=\u0027UTF-8\u0027?\u003E\u003CTags\u003E\u003CTagSet\u003E\u003CTag\u003E\u003CKey\u003Efoo\u003C/Key\u003E\u003CValue\u003EREDACTED\u003C/Value\u003E\u003C/Tag\u003E\u003C/TagSet\u003E\u003C/Tags\u003E",
      "StatusCode": 204,
      "ResponseHeaders": {
        "Date": "Thu, 28 Sep 2023 22:24:12 GMT",
        "Server": [
          "Windows-Azure-Blob/1.0",
          "Microsoft-HTTPAPI/2.0"
        ],
        "x-ms-client-request-id": "f2430eb3-9cb3-4ede-88ef-6794088eba07",
        "x-ms-request-id": "0a7e576f-901e-0071-695a-f277a9000000",
        "x-ms-version": "2023-08-03"
      },
      "ResponseBody": null
    },
    {
      "RequestUri": "https://REDACTED/8a09f9130copydestac63159489b236f597089d4ff0ae/8a09f9132copydestac631054744643a1b433634db9b1",
      "RequestMethod": "PUT",
      "RequestHeaders": {
        "Accept": "application/xml",
        "Authorization": "Sanitized",
        "Content-Length": "0",
        "Date": "Thu, 28 Sep 2023 22:24:12 GMT",
        "User-Agent": "azsdk-java-azure-storage-blob/12.25.0-beta.1 (11.0.16.1; Windows 11; 10.0)",
        "x-ms-client-request-id": "ed75e67d-2147-4418-b8d8-2b90caa4dde6",
        "x-ms-copy-source": "https://seanmcccanada.blob.core.windows.net/8a09f9130copydestac63159489b236f597089d4ff0ae/8a09f9131copydestac631603474af192b082274f779b",
        "x-ms-if-tags": "\u0022foo\u0022 = \u0027bar\u0027",
        "x-ms-version": "2023-08-03"
      },
      "RequestBody": null,
      "StatusCode": 202,
      "ResponseHeaders": {
        "Content-Length": "0",
        "Date": "Thu, 28 Sep 2023 22:24:12 GMT",
        "ETag": "\u00220x8DBC071A497445D\u0022",
        "Last-Modified": "Thu, 28 Sep 2023 22:24:12 GMT",
        "Server": [
          "Windows-Azure-Blob/1.0",
          "Microsoft-HTTPAPI/2.0"
        ],
        "x-ms-client-request-id": "ed75e67d-2147-4418-b8d8-2b90caa4dde6",
        "x-ms-copy-id": "3a7d199f-dae1-427e-90a9-81c772f708cc",
        "x-ms-copy-status": "success",
        "x-ms-request-id": "0a7e57d8-901e-0071-495a-f277a9000000",
        "x-ms-version": "2023-08-03"
      },
      "ResponseBody": null
    },
    {
      "RequestUri": "https://REDACTED/8a09f9130copydestac63159489b236f597089d4ff0ae/8a09f9132copydestac631054744643a1b433634db9b1",
      "RequestMethod": "HEAD",
      "RequestHeaders": {
        "Accept": "application/xml",
        "Authorization": "Sanitized",
        "Content-Length": "0",
        "Date": "Thu, 28 Sep 2023 22:24:13 GMT",
        "User-Agent": "azsdk-java-azure-storage-blob/12.25.0-beta.1 (11.0.16.1; Windows 11; 10.0)",
        "x-ms-client-request-id": "97fe8af2-2889-41bf-acf6-22fdce175e4c",
        "x-ms-version": "2023-08-03"
      },
      "RequestBody": null,
      "StatusCode": 200,
      "ResponseHeaders": {
        "Accept-Ranges": "bytes",
        "Content-Length": "7",
        "Content-MD5": "wh\u002BWm18D0z1D4E\u002BPE252gg==",
        "Content-Type": "application/octet-stream",
        "Date": "Thu, 28 Sep 2023 22:24:13 GMT",
        "ETag": "\u00220x8DBC071A497445D\u0022",
        "Last-Modified": "Thu, 28 Sep 2023 22:24:12 GMT",
        "Server": [
          "Windows-Azure-Blob/1.0",
          "Microsoft-HTTPAPI/2.0"
        ],
        "x-ms-access-tier": "Hot",
        "x-ms-access-tier-inferred": "true",
        "x-ms-blob-type": "BlockBlob",
        "x-ms-client-request-id": "97fe8af2-2889-41bf-acf6-22fdce175e4c",
        "x-ms-copy-completion-time": "Thu, 28 Sep 2023 22:24:12 GMT",
        "x-ms-copy-id": "3a7d199f-dae1-427e-90a9-81c772f708cc",
        "x-ms-copy-progress": "7/7",
        "x-ms-copy-source": "https://seanmcccanada.blob.core.windows.net/8a09f9130copydestac63159489b236f597089d4ff0ae/8a09f9131copydestac631603474af192b082274f779b",
        "x-ms-copy-status": "success",
        "x-ms-creation-time": "Thu, 28 Sep 2023 22:24:12 GMT",
        "x-ms-last-access-time": "Thu, 28 Sep 2023 22:24:12 GMT",
        "x-ms-lease-state": "available",
        "x-ms-lease-status": "unlocked",
        "x-ms-request-id": "7352a012-201e-0029-025a-f2aff6000000",
        "x-ms-server-encrypted": "true",
        "x-ms-version": "2023-08-03"
      },
      "ResponseBody": null
    }
  ],
  "Variables": {
    "0": "8a09f9130copydestac63159489b236f597089d4ff0ae",
    "1": "8a09f9131copydestac631603474af192b082274f779b",
    "2": "8a09f9132copydestac631054744643a1b433634db9b1"
  }
}
