{
  "Entries": [
    {
      "RequestUri": "https://REDACTED/033b29650uploadfromurloverwritefailsonexistingblob1616299101?restype=container",
      "RequestMethod": "PUT",
      "RequestHeaders": {
        "Accept": "application/xml",
        "Authorization": "Sanitized",
        "Content-Length": "0",
        "Date": "Mon, 04 Dec 2023 20:55:20 GMT",
        "User-Agent": "azsdk-java-azure-storage-blob/12.26.0-beta.1 (17.0.8; Windows 11; 10.0)",
        "x-ms-client-request-id": "a5b48bab-ed1f-4e21-be2b-9cf7045e34f6",
        "x-ms-version": "2024-02-04"
      },
      "RequestBody": null,
      "StatusCode": 201,
      "ResponseHeaders": {
        "Content-Length": "0",
        "Date": "Mon, 04 Dec 2023 20:55:21 GMT",
        "ETag": "\u00220x8DBF50B5462D395\u0022",
        "Last-Modified": "Mon, 04 Dec 2023 20:55:21 GMT",
        "Server": [
          "Windows-Azure-Blob/1.0",
          "Microsoft-HTTPAPI/2.0"
        ],
        "x-ms-client-request-id": "a5b48bab-ed1f-4e21-be2b-9cf7045e34f6",
        "x-ms-request-id": "619e9bfb-501e-0041-48f4-26c966000000",
        "x-ms-version": "2024-02-04"
      },
      "ResponseBody": null
    },
    {
      "RequestUri": "https://REDACTED/033b29650uploadfromurloverwritefailsonexistingblob1616299101?restype=container",
      "RequestMethod": "PUT",
      "RequestHeaders": {
        "Accept": "application/xml",
        "Authorization": "Sanitized",
        "Content-Length": "0",
        "Date": "Mon, 04 Dec 2023 20:55:20 GMT",
        "User-Agent": "azsdk-java-azure-storage-blob/12.26.0-beta.1 (17.0.8; Windows 11; 10.0)",
        "x-ms-client-request-id": "6f875a7b-fe35-44fb-a6f1-f591aa76cbb9",
        "x-ms-version": "2024-02-04"
      },
      "RequestBody": null,
      "StatusCode": 409,
      "ResponseHeaders": {
        "Content-Length": "230",
        "Content-Type": "application/xml",
        "Date": "Mon, 04 Dec 2023 20:55:21 GMT",
        "Server": [
          "Windows-Azure-Blob/1.0",
          "Microsoft-HTTPAPI/2.0"
        ],
        "x-ms-client-request-id": "6f875a7b-fe35-44fb-a6f1-f591aa76cbb9",
        "x-ms-error-code": "ContainerAlreadyExists",
        "x-ms-request-id": "619e9c28-501e-0041-69f4-26c966000000",
        "x-ms-version": "2024-02-04"
      },
      "ResponseBody": [
        "\uFEFF\u003C?xml version=\u00221.0\u0022 encoding=\u0022utf-8\u0022?\u003E\u003CError\u003E\u003CCode\u003EContainerAlreadyExists\u003C/Code\u003E\u003CMessage\u003EThe specified container already exists.\n",
        "RequestId:619e9c28-501e-0041-69f4-26c966000000\n",
        "Time:2023-12-04T20:55:21.3054909Z\u003C/Message\u003E\u003C/Error\u003E"
      ]
    },
    {
      "RequestUri": "https://REDACTED/033b29650uploadfromurloverwritefailsonexistingblob1616299101/033b29651uploadfromurloverwritefailsonexistingblob16199868b1",
      "RequestMethod": "PUT",
      "RequestHeaders": {
        "Accept": "application/xml",
        "Authorization": "Sanitized",
        "Content-Length": "7",
        "Content-Type": "application/octet-stream",
        "Date": "Mon, 04 Dec 2023 20:55:20 GMT",
        "User-Agent": "azsdk-java-azure-storage-blob/12.26.0-beta.1 (17.0.8; Windows 11; 10.0)",
        "x-ms-blob-type": "BlockBlob",
        "x-ms-client-request-id": "7d71ce9e-41fa-46c3-b322-af92ebc8b365",
        "x-ms-version": "2024-02-04"
      },
      "RequestBody": "ZGVmYXVsdA==",
      "StatusCode": 201,
      "ResponseHeaders": {
        "Content-Length": "0",
        "Content-MD5": "wh\u002BWm18D0z1D4E\u002BPE252gg==",
        "Date": "Mon, 04 Dec 2023 20:55:21 GMT",
        "ETag": "\u00220x8DBF50B547A56E8\u0022",
        "Last-Modified": "Mon, 04 Dec 2023 20:55:21 GMT",
        "Server": [
          "Windows-Azure-Blob/1.0",
          "Microsoft-HTTPAPI/2.0"
        ],
        "x-ms-client-request-id": "7d71ce9e-41fa-46c3-b322-af92ebc8b365",
        "x-ms-content-crc64": "6RYQPwaVsyQ=",
        "x-ms-request-id": "619e9c4b-501e-0041-04f4-26c966000000",
        "x-ms-request-server-encrypted": "true",
        "x-ms-version": "2024-02-04",
        "x-ms-version-id": "2023-12-04T20:55:21.3806312Z"
      },
      "ResponseBody": null
    },
    {
      "RequestUri": "https://REDACTED/033b29650uploadfromurloverwritefailsonexistingblob1616299101/033b29652uploadfromurloverwritefailsonexistingblob1617872484",
      "RequestMethod": "HEAD",
      "RequestHeaders": {
        "Accept": "application/xml",
        "Authorization": "Sanitized",
        "Content-Length": "0",
        "Date": "Mon, 04 Dec 2023 20:55:20 GMT",
        "User-Agent": "azsdk-java-azure-storage-blob/12.26.0-beta.1 (17.0.8; Windows 11; 10.0)",
        "x-ms-client-request-id": "e6cc077c-183c-4b8e-b3b1-0d86f1f0da51",
        "x-ms-version": "2024-02-04"
      },
      "RequestBody": null,
      "StatusCode": 404,
      "ResponseHeaders": {
        "Access-Control-Allow-Origin": "*",
        "Access-Control-Expose-Headers": "x-ms-client-request-id",
        "Date": "Mon, 04 Dec 2023 20:55:21 GMT",
        "Server": [
          "Windows-Azure-Blob/1.0",
          "Microsoft-HTTPAPI/2.0"
        ],
        "Transfer-Encoding": "chunked",
        "x-ms-client-request-id": "e6cc077c-183c-4b8e-b3b1-0d86f1f0da51",
        "x-ms-error-code": "BlobNotFound",
        "x-ms-request-id": "619e9c64-501e-0041-1bf4-26c966000000",
        "x-ms-version": "2024-02-04"
      },
      "ResponseBody": null
    },
    {
      "RequestUri": "https://REDACTED/033b29650uploadfromurloverwritefailsonexistingblob1616299101/033b29652uploadfromurloverwritefailsonexistingblob1617872484",
      "RequestMethod": "PUT",
      "RequestHeaders": {
        "Accept": "application/xml",
        "Authorization": "Sanitized",
        "Content-Length": "7",
        "Content-Type": "application/octet-stream",
        "Date": "Mon, 04 Dec 2023 20:55:20 GMT",
        "If-None-Match": "*",
        "User-Agent": "azsdk-java-azure-storage-blob/12.26.0-beta.1 (17.0.8; Windows 11; 10.0)",
        "x-ms-blob-type": "BlockBlob",
        "x-ms-client-request-id": "99c891da-bb23-4e9c-b319-2cf1758523f5",
        "x-ms-version": "2024-02-04"
      },
      "RequestBody": "ZGVmYXVsdA==",
      "StatusCode": 201,
      "ResponseHeaders": {
        "Content-Length": "0",
        "Content-MD5": "wh\u002BWm18D0z1D4E\u002BPE252gg==",
        "Date": "Mon, 04 Dec 2023 20:55:21 GMT",
        "ETag": "\u00220x8DBF50B549184FF\u0022",
        "Last-Modified": "Mon, 04 Dec 2023 20:55:21 GMT",
        "Server": [
          "Windows-Azure-Blob/1.0",
          "Microsoft-HTTPAPI/2.0"
        ],
        "x-ms-client-request-id": "99c891da-bb23-4e9c-b319-2cf1758523f5",
        "x-ms-content-crc64": "6RYQPwaVsyQ=",
        "x-ms-request-id": "b032ee1e-401e-0086-60f4-265d3b000000",
        "x-ms-request-server-encrypted": "true",
        "x-ms-version": "2024-02-04",
        "x-ms-version-id": "2023-12-04T20:55:21.5325439Z"
      },
      "ResponseBody": null
    },
    {
      "RequestUri": "https://REDACTED/033b29650uploadfromurloverwritefailsonexistingblob1616299101/033b29651uploadfromurloverwritefailsonexistingblob16199868b1",
      "RequestMethod": "PUT",
      "RequestHeaders": {
        "Accept": "application/xml",
        "Authorization": "Sanitized",
        "Content-Length": "0",
        "Content-Type": "application/octet-stream",
        "Date": "Mon, 04 Dec 2023 20:55:20 GMT",
        "User-Agent": "azsdk-java-azure-storage-blob/12.26.0-beta.1 (17.0.8; Windows 11; 10.0)",
        "x-ms-blob-type": "BlockBlob",
        "x-ms-client-request-id": "e48958e5-eb55-4ebd-8089-a65309b0e19b",
        "x-ms-version": "2024-02-04"
      },
      "RequestBody": null,
      "StatusCode": 201,
      "ResponseHeaders": {
        "Content-Length": "0",
        "Content-MD5": "1B2M2Y8AsgTpgAmY7PhCfg==",
        "Date": "Mon, 04 Dec 2023 20:55:21 GMT",
        "ETag": "\u00220x8DBF50B549D912E\u0022",
        "Last-Modified": "Mon, 04 Dec 2023 20:55:21 GMT",
        "Server": [
          "Windows-Azure-Blob/1.0",
          "Microsoft-HTTPAPI/2.0"
        ],
        "x-ms-client-request-id": "e48958e5-eb55-4ebd-8089-a65309b0e19b",
        "x-ms-content-crc64": "AAAAAAAAAAA=",
        "x-ms-request-id": "b032ee78-401e-0086-28f4-265d3b000000",
        "x-ms-request-server-encrypted": "true",
        "x-ms-version": "2024-02-04",
        "x-ms-version-id": "2023-12-04T20:55:21.6124990Z"
      },
      "ResponseBody": null
    },
    {
      "RequestUri": "https://REDACTED/033b29650uploadfromurloverwritefailsonexistingblob1616299101/033b29651uploadfromurloverwritefailsonexistingblob16199868b1",
      "RequestMethod": "PUT",
      "RequestHeaders": {
        "Accept": "application/xml",
        "Authorization": "Sanitized",
        "Content-Length": "0",
        "Date": "Mon, 04 Dec 2023 20:55:20 GMT",
        "If-None-Match": "*",
        "User-Agent": "azsdk-java-azure-storage-blob/12.26.0-beta.1 (17.0.8; Windows 11; 10.0)",
        "x-ms-blob-type": "BlockBlob",
        "x-ms-client-request-id": "20f6ae6a-3058-4496-8053-e4bf605311fe",
        "x-ms-copy-source": "https://REDACTED/033b29650uploadfromurloverwritefailsonexistingblob1616299101/033b29652uploadfromurloverwritefailsonexistingblob1617872484?sv=2024-02-04\u0026se=2023-12-05T20%3A55%3A20Z\u0026sr=b\u0026sp=r\u0026REDACTED",
        "x-ms-version": "2024-02-04"
      },
      "RequestBody": null,
      "StatusCode": 409,
      "ResponseHeaders": {
        "Content-Length": "220",
        "Content-Type": "application/xml",
        "Date": "Mon, 04 Dec 2023 20:55:21 GMT",
        "Server": [
          "Windows-Azure-Blob/1.0",
          "Microsoft-HTTPAPI/2.0"
        ],
        "x-ms-client-request-id": "20f6ae6a-3058-4496-8053-e4bf605311fe",
        "x-ms-error-code": "BlobAlreadyExists",
        "x-ms-request-id": "b032eeb2-401e-0086-59f4-265d3b000000",
        "x-ms-version": "2024-02-04"
      },
      "ResponseBody": [
        "\uFEFF\u003C?xml version=\u00221.0\u0022 encoding=\u0022utf-8\u0022?\u003E\u003CError\u003E\u003CCode\u003EBlobAlreadyExists\u003C/Code\u003E\u003CMessage\u003EThe specified blob already exists.\n",
        "RequestId:b032eeb2-401e-0086-59f4-265d3b000000\n",
        "Time:2023-12-04T20:55:21.7237719Z\u003C/Message\u003E\u003C/Error\u003E"
      ]
    },
    {
      "RequestUri": "https://REDACTED/033b29650uploadfromurloverwritefailsonexistingblob1616299101/033b29651uploadfromurloverwritefailsonexistingblob16199868b1",
      "RequestMethod": "PUT",
      "RequestHeaders": {
        "Accept": "application/xml",
        "Authorization": "Sanitized",
        "Content-Length": "0",
        "Date": "Mon, 04 Dec 2023 20:55:20 GMT",
        "If-None-Match": "*",
        "User-Agent": "azsdk-java-azure-storage-blob/12.26.0-beta.1 (17.0.8; Windows 11; 10.0)",
        "x-ms-blob-type": "BlockBlob",
        "x-ms-client-request-id": "77bd068c-4582-473b-849a-40c9af81928b",
        "x-ms-copy-source": "https://REDACTED/033b29650uploadfromurloverwritefailsonexistingblob1616299101/033b29652uploadfromurloverwritefailsonexistingblob1617872484?sv=2024-02-04\u0026se=2023-12-05T20%3A55%3A20Z\u0026sr=b\u0026sp=r\u0026REDACTED",
        "x-ms-version": "2024-02-04"
      },
      "RequestBody": null,
      "StatusCode": 409,
      "ResponseHeaders": {
        "Content-Length": "220",
        "Content-Type": "application/xml",
        "Date": "Mon, 04 Dec 2023 20:55:21 GMT",
        "Server": [
          "Windows-Azure-Blob/1.0",
          "Microsoft-HTTPAPI/2.0"
        ],
        "x-ms-client-request-id": "77bd068c-4582-473b-849a-40c9af81928b",
        "x-ms-error-code": "BlobAlreadyExists",
        "x-ms-request-id": "b032eefd-401e-0086-12f4-265d3b000000",
        "x-ms-version": "2024-02-04"
      },
      "ResponseBody": [
        "\uFEFF\u003C?xml version=\u00221.0\u0022 encoding=\u0022utf-8\u0022?\u003E\u003CError\u003E\u003CCode\u003EBlobAlreadyExists\u003C/Code\u003E\u003CMessage\u003EThe specified blob already exists.\n",
        "RequestId:b032eefd-401e-0086-12f4-265d3b000000\n",
        "Time:2023-12-04T20:55:21.8037270Z\u003C/Message\u003E\u003C/Error\u003E"
      ]
    }
  ],
  "Variables": {
    "0": "033b29650uploadfromurloverwritefailsonexistingblob1616299101",
    "1": "033b29651uploadfromurloverwritefailsonexistingblob16199868b1",
    "2": "033b29652uploadfromurloverwritefailsonexistingblob1617872484",
    "3": "2023-12-04T20:55:20.757911900Z"
  }
}
