{
  "Entries": [
    {
      "RequestUri": "https://REDACTED/aef2e7550stageblockminwithbinarydatabcd970219df46e75c?restype=container",
      "RequestMethod": "PUT",
      "RequestHeaders": {
        "Accept": "application/xml",
        "Authorization": "Sanitized",
        "Content-Length": "0",
        "Date": "Thu, 12 Oct 2023 13:50:18 GMT",
        "User-Agent": "azsdk-java-azure-storage-blob/12.25.0-beta.1 (17.0.8.1; Windows 11; 10.0)",
        "x-ms-client-request-id": "b91d8747-ff83-4397-8cee-86de15210c80",
        "x-ms-version": "2023-08-03"
      },
      "RequestBody": null,
      "StatusCode": 201,
      "ResponseHeaders": {
        "Content-Length": "0",
        "Date": "Thu, 12 Oct 2023 13:50:18 GMT",
        "ETag": "\u00220x8DBCB2A2B95571D\u0022",
        "Last-Modified": "Thu, 12 Oct 2023 13:50:18 GMT",
        "Server": [
          "Windows-Azure-Blob/1.0",
          "Microsoft-HTTPAPI/2.0"
        ],
        "x-ms-client-request-id": "b91d8747-ff83-4397-8cee-86de15210c80",
        "x-ms-request-id": "5b1d99a9-301e-000f-5113-fdbcdd000000",
        "x-ms-version": "2023-08-03"
      },
      "ResponseBody": null
    },
    {
      "RequestUri": "https://REDACTED/aef2e7550stageblockminwithbinarydatabcd970219df46e75c/aef2e7551stageblockminwithbinarydatabcd12193830881279",
      "RequestMethod": "PUT",
      "RequestHeaders": {
        "Accept": "application/xml",
        "Authorization": "Sanitized",
        "Content-Length": "7",
        "Content-Type": "application/octet-stream",
        "Date": "Thu, 12 Oct 2023 13:50:18 GMT",
        "User-Agent": "azsdk-java-azure-storage-blob/12.25.0-beta.1 (17.0.8.1; Windows 11; 10.0)",
        "x-ms-blob-type": "BlockBlob",
        "x-ms-client-request-id": "5ca480da-6e9c-40ad-a3b9-61e99b2fc994",
        "x-ms-version": "2023-08-03"
      },
      "RequestBody": "ZGVmYXVsdA==",
      "StatusCode": 201,
      "ResponseHeaders": {
        "Content-Length": "0",
        "Content-MD5": "wh\u002BWm18D0z1D4E\u002BPE252gg==",
        "Date": "Thu, 12 Oct 2023 13:50:17 GMT",
        "ETag": "\u00220x8DBCB2A2B9A331F\u0022",
        "Last-Modified": "Thu, 12 Oct 2023 13:50:18 GMT",
        "Server": [
          "Windows-Azure-Blob/1.0",
          "Microsoft-HTTPAPI/2.0"
        ],
        "x-ms-client-request-id": "5ca480da-6e9c-40ad-a3b9-61e99b2fc994",
        "x-ms-content-crc64": "6RYQPwaVsyQ=",
        "x-ms-request-id": "343f6573-e01e-0041-1413-fd9255000000",
        "x-ms-request-server-encrypted": "true",
        "x-ms-version": "2023-08-03"
      },
      "ResponseBody": null
    },
    {
      "RequestUri": "https://REDACTED/aef2e7550stageblockminwithbinarydatabcd970219df46e75c/aef2e7552stageblockminwithbinarydatabcd2787046b622810",
      "RequestMethod": "PUT",
      "RequestHeaders": {
        "Accept": "application/xml",
        "Authorization": "Sanitized",
        "Content-Length": "7",
        "Content-Type": "application/octet-stream",
        "Date": "Thu, 12 Oct 2023 13:50:18 GMT",
        "User-Agent": "azsdk-java-azure-storage-blob/12.25.0-beta.1 (17.0.8.1; Windows 11; 10.0)",
        "x-ms-blob-type": "BlockBlob",
        "x-ms-client-request-id": "754ce442-aaf0-4010-8e8a-2a3d0de21104",
        "x-ms-version": "2023-08-03"
      },
      "RequestBody": "ZGVmYXVsdA==",
      "StatusCode": 201,
      "ResponseHeaders": {
        "Content-Length": "0",
        "Content-MD5": "wh\u002BWm18D0z1D4E\u002BPE252gg==",
        "Date": "Thu, 12 Oct 2023 13:50:17 GMT",
        "ETag": "\u00220x8DBCB2A2B9E7846\u0022",
        "Last-Modified": "Thu, 12 Oct 2023 13:50:18 GMT",
        "Server": [
          "Windows-Azure-Blob/1.0",
          "Microsoft-HTTPAPI/2.0"
        ],
        "x-ms-client-request-id": "754ce442-aaf0-4010-8e8a-2a3d0de21104",
        "x-ms-content-crc64": "6RYQPwaVsyQ=",
        "x-ms-request-id": "343f658f-e01e-0041-2d13-fd9255000000",
        "x-ms-request-server-encrypted": "true",
        "x-ms-version": "2023-08-03"
      },
      "ResponseBody": null
    },
    {
      "RequestUri": "https://REDACTED/aef2e7550stageblockminwithbinarydatabcd970219df46e75c/aef2e7551stageblockminwithbinarydatabcd12193830881279?comp=block\u0026blockid=NTgwZGYzOTYtODNhOC00NTYyLWE3MGYtMmJkYWE2YzJjMzky",
      "RequestMethod": "PUT",
      "RequestHeaders": {
        "Accept": "application/xml",
        "Authorization": "Sanitized",
        "Content-Length": "7",
        "Content-Type": "application/octet-stream",
        "Date": "Thu, 12 Oct 2023 13:50:18 GMT",
        "User-Agent": "azsdk-java-azure-storage-blob/12.25.0-beta.1 (17.0.8.1; Windows 11; 10.0)",
        "x-ms-client-request-id": "cb2cdbbd-0122-4096-a449-4f3f5900e99c",
        "x-ms-version": "2023-08-03"
      },
      "RequestBody": "ZGVmYXVsdA==",
      "StatusCode": 201,
      "ResponseHeaders": {
        "Content-Length": "0",
        "Date": "Thu, 12 Oct 2023 13:50:18 GMT",
        "Server": [
          "Windows-Azure-Blob/1.0",
          "Microsoft-HTTPAPI/2.0"
        ],
        "x-ms-client-request-id": "cb2cdbbd-0122-4096-a449-4f3f5900e99c",
        "x-ms-content-crc64": "6RYQPwaVsyQ=",
        "x-ms-request-id": "74536c28-301e-0030-0313-fd747e000000",
        "x-ms-request-server-encrypted": "true",
        "x-ms-version": "2023-08-03"
      },
      "ResponseBody": null
    },
    {
      "RequestUri": "https://REDACTED/aef2e7550stageblockminwithbinarydatabcd970219df46e75c/aef2e7551stageblockminwithbinarydatabcd12193830881279?comp=blocklist\u0026blocklisttype=all",
      "RequestMethod": "GET",
      "RequestHeaders": {
        "Accept": "application/xml",
        "Authorization": "Sanitized",
        "Content-Length": "0",
        "Date": "Thu, 12 Oct 2023 13:50:18 GMT",
        "User-Agent": "azsdk-java-azure-storage-blob/12.25.0-beta.1 (17.0.8.1; Windows 11; 10.0)",
        "x-ms-client-request-id": "b1984e4c-9f44-46ee-9dde-c7301b80a183",
        "x-ms-version": "2023-08-03"
      },
      "RequestBody": null,
      "StatusCode": 200,
      "ResponseHeaders": {
        "Access-Control-Allow-Origin": "*",
        "Access-Control-Expose-Headers": "x-ms-client-request-id",
        "Content-Type": "application/xml",
        "Date": "Thu, 12 Oct 2023 13:50:18 GMT",
        "ETag": "\u00220x8DBCB2A2B9A331F\u0022",
        "Last-Modified": "Thu, 12 Oct 2023 13:50:18 GMT",
        "Server": [
          "Windows-Azure-Blob/1.0",
          "Microsoft-HTTPAPI/2.0"
        ],
        "Transfer-Encoding": "chunked",
        "x-ms-blob-content-length": "7",
        "x-ms-client-request-id": "b1984e4c-9f44-46ee-9dde-c7301b80a183",
        "x-ms-request-id": "b6ca57e4-101e-0027-1913-fddd75000000",
        "x-ms-version": "2023-08-03"
      },
      "ResponseBody": "\uFEFF\u003C?xml version=\u00221.0\u0022 encoding=\u0022utf-8\u0022?\u003E\u003CBlockList\u003E\u003CCommittedBlocks /\u003E\u003CUncommittedBlocks\u003E\u003CBlock\u003E\u003CName\u003ENTgwZGYzOTYtODNhOC00NTYyLWE3MGYtMmJkYWE2YzJjMzky\u003C/Name\u003E\u003CSize\u003E7\u003C/Size\u003E\u003C/Block\u003E\u003C/UncommittedBlocks\u003E\u003C/BlockList\u003E"
    }
  ],
  "Variables": {
    "0": "aef2e7550stageblockminwithbinarydatabcd970219df46e75c",
    "1": "aef2e7551stageblockminwithbinarydatabcd12193830881279",
    "2": "aef2e7552stageblockminwithbinarydatabcd2787046b622810",
    "3": "580df396-83a8-4562-a70f-2bdaa6c2c392"
  }
}
