{
  "Entries": [
    {
      "RequestUri": "https://REDACTED/afdf934a0stageblockillegalarguments8f665436526cf1ae58?restype=container",
      "RequestMethod": "PUT",
      "RequestHeaders": {
        "Accept": "application/xml",
        "Authorization": "Sanitized",
        "Content-Length": "0",
        "Date": "Thu, 12 Oct 2023 17:26:28 GMT",
        "User-Agent": "azsdk-java-azure-storage-blob/12.25.0-beta.1 (17.0.8.1; Windows 11; 10.0)",
        "x-ms-client-request-id": "235bdf3e-3b4f-48af-b681-5d8ad2ff802c",
        "x-ms-version": "2023-08-03"
      },
      "RequestBody": null,
      "StatusCode": 201,
      "ResponseHeaders": {
        "Content-Length": "0",
        "Date": "Thu, 12 Oct 2023 17:26:28 GMT",
        "ETag": "\u00220x8DBCB485E9108C0\u0022",
        "Last-Modified": "Thu, 12 Oct 2023 17:26:28 GMT",
        "Server": [
          "Windows-Azure-Blob/1.0",
          "Microsoft-HTTPAPI/2.0"
        ],
        "x-ms-client-request-id": "235bdf3e-3b4f-48af-b681-5d8ad2ff802c",
        "x-ms-request-id": "0c9bbd14-201e-002c-5631-fd261e000000",
        "x-ms-version": "2023-08-03"
      },
      "ResponseBody": null
    },
    {
      "RequestUri": "https://REDACTED/afdf934a0stageblockillegalarguments8f665436526cf1ae58/afdf934a1stageblockillegalarguments8f667005cadde75cf6",
      "RequestMethod": "PUT",
      "RequestHeaders": {
        "Accept": "application/xml",
        "Authorization": "Sanitized",
        "Content-Length": "7",
        "Content-Type": "application/octet-stream",
        "Date": "Thu, 12 Oct 2023 17:26:28 GMT",
        "User-Agent": "azsdk-java-azure-storage-blob/12.25.0-beta.1 (17.0.8.1; Windows 11; 10.0)",
        "x-ms-blob-type": "BlockBlob",
        "x-ms-client-request-id": "ffd90ba5-bc87-41be-b897-2476e511591a",
        "x-ms-version": "2023-08-03"
      },
      "RequestBody": "ZGVmYXVsdA==",
      "StatusCode": 201,
      "ResponseHeaders": {
        "Content-Length": "0",
        "Content-MD5": "wh\u002BWm18D0z1D4E\u002BPE252gg==",
        "Date": "Thu, 12 Oct 2023 17:26:28 GMT",
        "ETag": "\u00220x8DBCB485E9B39B8\u0022",
        "Last-Modified": "Thu, 12 Oct 2023 17:26:28 GMT",
        "Server": [
          "Windows-Azure-Blob/1.0",
          "Microsoft-HTTPAPI/2.0"
        ],
        "x-ms-client-request-id": "ffd90ba5-bc87-41be-b897-2476e511591a",
        "x-ms-content-crc64": "6RYQPwaVsyQ=",
        "x-ms-request-id": "0c9bbd4f-201e-002c-0831-fd261e000000",
        "x-ms-request-server-encrypted": "true",
        "x-ms-version": "2023-08-03"
      },
      "ResponseBody": null
    },
    {
      "RequestUri": "https://REDACTED/afdf934a0stageblockillegalarguments8f665436526cf1ae58/afdf934a2stageblockillegalarguments8f664319ad4a1b6821",
      "RequestMethod": "PUT",
      "RequestHeaders": {
        "Accept": "application/xml",
        "Authorization": "Sanitized",
        "Content-Length": "7",
        "Content-Type": "application/octet-stream",
        "Date": "Thu, 12 Oct 2023 17:26:28 GMT",
        "User-Agent": "azsdk-java-azure-storage-blob/12.25.0-beta.1 (17.0.8.1; Windows 11; 10.0)",
        "x-ms-blob-type": "BlockBlob",
        "x-ms-client-request-id": "0f9eb6fc-78f2-4a99-8e4d-a5cc18d2f812",
        "x-ms-version": "2023-08-03"
      },
      "RequestBody": "ZGVmYXVsdA==",
      "StatusCode": 201,
      "ResponseHeaders": {
        "Content-Length": "0",
        "Content-MD5": "wh\u002BWm18D0z1D4E\u002BPE252gg==",
        "Date": "Thu, 12 Oct 2023 17:26:28 GMT",
        "ETag": "\u00220x8DBCB485EA23D90\u0022",
        "Last-Modified": "Thu, 12 Oct 2023 17:26:28 GMT",
        "Server": [
          "Windows-Azure-Blob/1.0",
          "Microsoft-HTTPAPI/2.0"
        ],
        "x-ms-client-request-id": "0f9eb6fc-78f2-4a99-8e4d-a5cc18d2f812",
        "x-ms-content-crc64": "6RYQPwaVsyQ=",
        "x-ms-request-id": "99bc04c0-c01e-0034-7c31-fdf979000000",
        "x-ms-request-server-encrypted": "true",
        "x-ms-version": "2023-08-03"
      },
      "ResponseBody": null
    },
    {
      "RequestUri": "https://REDACTED/afdf934a0stageblockillegalarguments8f665436526cf1ae58/afdf934a1stageblockillegalarguments8f667005cadde75cf6?comp=block",
      "RequestMethod": "PUT",
      "RequestHeaders": {
        "Accept": "application/xml",
        "Authorization": "Sanitized",
        "Content-Length": "7",
        "Content-Type": "application/octet-stream",
        "Date": "Thu, 12 Oct 2023 17:26:28 GMT",
        "User-Agent": "azsdk-java-azure-storage-blob/12.25.0-beta.1 (17.0.8.1; Windows 11; 10.0)",
        "x-ms-client-request-id": "988db413-c326-43f1-9abf-110506aed888",
        "x-ms-version": "2023-08-03"
      },
      "RequestBody": "ZGVmYXVsdA==",
      "StatusCode": 400,
      "ResponseHeaders": {
        "Content-Length": "315",
        "Content-Type": "application/xml",
        "Date": "Thu, 12 Oct 2023 17:26:28 GMT",
        "Server": [
          "Windows-Azure-Blob/1.0",
          "Microsoft-HTTPAPI/2.0"
        ],
        "x-ms-client-request-id": "988db413-c326-43f1-9abf-110506aed888",
        "x-ms-error-code": "MissingRequiredQueryParameter",
        "x-ms-request-id": "99bc04f9-c01e-0034-3131-fdf979000000",
        "x-ms-version": "2023-08-03"
      },
      "ResponseBody": [
        "\uFEFF\u003C?xml version=\u00221.0\u0022 encoding=\u0022utf-8\u0022?\u003E\u003CError\u003E\u003CCode\u003EMissingRequiredQueryParameter\u003C/Code\u003E\u003CMessage\u003EA query parameter that\u0027s mandatory for this request is not specified.\n",
        "RequestId:99bc04f9-c01e-0034-3131-fdf979000000\n",
        "Time:2023-10-12T17:26:28.9322213Z\u003C/Message\u003E\u003CQueryParameterName\u003Eblockid\u003C/QueryParameterName\u003E\u003C/Error\u003E"
      ]
    }
  ],
  "Variables": {
    "0": "afdf934a0stageblockillegalarguments8f665436526cf1ae58",
    "1": "afdf934a1stageblockillegalarguments8f667005cadde75cf6",
    "2": "afdf934a2stageblockillegalarguments8f664319ad4a1b6821"
  }
}
