{
  "Entries": [
    {
      "RequestUri": "https://REDACTED/afdf934a0stageblockillegalargumentsb2c10147ec51412404?restype=container",
      "RequestMethod": "PUT",
      "RequestHeaders": {
        "Accept": "application/xml",
        "Authorization": "Sanitized",
        "Content-Length": "0",
        "Date": "Mon, 11 Dec 2023 19:14:07 GMT",
        "User-Agent": "azsdk-java-azure-storage-blob/12.26.0-beta.1 (17.0.8; Windows 11; 10.0)",
        "x-ms-client-request-id": "c6de0025-48fd-4cf5-a6c2-b030effd40a3",
        "x-ms-version": "2024-02-04"
      },
      "RequestBody": null,
      "StatusCode": 201,
      "ResponseHeaders": {
        "Content-Length": "0",
        "Date": "Mon, 11 Dec 2023 19:14:11 GMT",
        "ETag": "\u00220x8DBFA7D5B613EED\u0022",
        "Last-Modified": "Mon, 11 Dec 2023 19:14:11 GMT",
        "Server": [
          "Windows-Azure-Blob/1.0",
          "Microsoft-HTTPAPI/2.0"
        ],
        "x-ms-client-request-id": "c6de0025-48fd-4cf5-a6c2-b030effd40a3",
        "x-ms-request-id": "20ef76c4-f01e-0007-4b66-2cfb05000000",
        "x-ms-version": "2024-02-04"
      },
      "ResponseBody": null
    },
    {
      "RequestUri": "https://REDACTED/afdf934a0stageblockillegalargumentsb2c10147ec51412404?restype=container",
      "RequestMethod": "PUT",
      "RequestHeaders": {
        "Accept": "application/xml",
        "Authorization": "Sanitized",
        "Content-Length": "0",
        "Date": "Mon, 11 Dec 2023 19:14:07 GMT",
        "User-Agent": "azsdk-java-azure-storage-blob/12.26.0-beta.1 (17.0.8; Windows 11; 10.0)",
        "x-ms-client-request-id": "25d6ff2c-5b9e-4b5c-8a77-2abfafb9f500",
        "x-ms-version": "2024-02-04"
      },
      "RequestBody": null,
      "StatusCode": 409,
      "ResponseHeaders": {
        "Content-Length": "230",
        "Content-Type": "application/xml",
        "Date": "Mon, 11 Dec 2023 19:14:11 GMT",
        "Server": [
          "Windows-Azure-Blob/1.0",
          "Microsoft-HTTPAPI/2.0"
        ],
        "x-ms-client-request-id": "25d6ff2c-5b9e-4b5c-8a77-2abfafb9f500",
        "x-ms-error-code": "ContainerAlreadyExists",
        "x-ms-request-id": "20ef7727-f01e-0007-2666-2cfb05000000",
        "x-ms-version": "2024-02-04"
      },
      "ResponseBody": [
        "\uFEFF\u003C?xml version=\u00221.0\u0022 encoding=\u0022utf-8\u0022?\u003E\u003CError\u003E\u003CCode\u003EContainerAlreadyExists\u003C/Code\u003E\u003CMessage\u003EThe specified container already exists.\n",
        "RequestId:20ef7727-f01e-0007-2666-2cfb05000000\n",
        "Time:2023-12-11T19:14:11.4872428Z\u003C/Message\u003E\u003C/Error\u003E"
      ]
    },
    {
      "RequestUri": "https://REDACTED/afdf934a0stageblockillegalargumentsb2c10147ec51412404/afdf934a1stageblockillegalargumentsb2c56735f2e7b1e960",
      "RequestMethod": "PUT",
      "RequestHeaders": {
        "Accept": "application/xml",
        "Authorization": "Sanitized",
        "Content-Length": "7",
        "Content-Type": "application/octet-stream",
        "Date": "Mon, 11 Dec 2023 19:14:07 GMT",
        "User-Agent": "azsdk-java-azure-storage-blob/12.26.0-beta.1 (17.0.8; Windows 11; 10.0)",
        "x-ms-blob-type": "BlockBlob",
        "x-ms-client-request-id": "ac9c2d9e-c545-410e-a186-2dc5c2ba5854",
        "x-ms-version": "2024-02-04"
      },
      "RequestBody": "ZGVmYXVsdA==",
      "StatusCode": 201,
      "ResponseHeaders": {
        "Content-Length": "0",
        "Content-MD5": "wh\u002BWm18D0z1D4E\u002BPE252gg==",
        "Date": "Mon, 11 Dec 2023 19:14:11 GMT",
        "ETag": "\u00220x8DBFA7D5B7AA7D2\u0022",
        "Last-Modified": "Mon, 11 Dec 2023 19:14:11 GMT",
        "Server": [
          "Windows-Azure-Blob/1.0",
          "Microsoft-HTTPAPI/2.0"
        ],
        "x-ms-client-request-id": "ac9c2d9e-c545-410e-a186-2dc5c2ba5854",
        "x-ms-content-crc64": "6RYQPwaVsyQ=",
        "x-ms-request-id": "20ef7783-f01e-0007-7966-2cfb05000000",
        "x-ms-request-server-encrypted": "true",
        "x-ms-version": "2024-02-04"
      },
      "ResponseBody": null
    },
    {
      "RequestUri": "https://REDACTED/afdf934a0stageblockillegalargumentsb2c10147ec51412404/afdf934a2stageblockillegalargumentsb2c0038660cb6e5f3c",
      "RequestMethod": "PUT",
      "RequestHeaders": {
        "Accept": "application/xml",
        "Authorization": "Sanitized",
        "Content-Length": "7",
        "Content-Type": "application/octet-stream",
        "Date": "Mon, 11 Dec 2023 19:14:07 GMT",
        "User-Agent": "azsdk-java-azure-storage-blob/12.26.0-beta.1 (17.0.8; Windows 11; 10.0)",
        "x-ms-blob-type": "BlockBlob",
        "x-ms-client-request-id": "bbb12ce5-2a70-4b4a-90a7-e79a0976521a",
        "x-ms-version": "2024-02-04"
      },
      "RequestBody": "ZGVmYXVsdA==",
      "StatusCode": 201,
      "ResponseHeaders": {
        "Content-Length": "0",
        "Content-MD5": "wh\u002BWm18D0z1D4E\u002BPE252gg==",
        "Date": "Mon, 11 Dec 2023 19:14:11 GMT",
        "ETag": "\u00220x8DBFA7D5B87EC54\u0022",
        "Last-Modified": "Mon, 11 Dec 2023 19:14:11 GMT",
        "Server": [
          "Windows-Azure-Blob/1.0",
          "Microsoft-HTTPAPI/2.0"
        ],
        "x-ms-client-request-id": "bbb12ce5-2a70-4b4a-90a7-e79a0976521a",
        "x-ms-content-crc64": "6RYQPwaVsyQ=",
        "x-ms-request-id": "20ef77d5-f01e-0007-4366-2cfb05000000",
        "x-ms-request-server-encrypted": "true",
        "x-ms-version": "2024-02-04"
      },
      "ResponseBody": null
    },
    {
      "RequestUri": "https://REDACTED/afdf934a0stageblockillegalargumentsb2c10147ec51412404/afdf934a1stageblockillegalargumentsb2c56735f2e7b1e960?comp=block",
      "RequestMethod": "PUT",
      "RequestHeaders": {
        "Accept": "application/xml",
        "Authorization": "Sanitized",
        "Content-Length": "7",
        "Content-Type": "application/octet-stream",
        "Date": "Mon, 11 Dec 2023 19:14:08 GMT",
        "User-Agent": "azsdk-java-azure-storage-blob/12.26.0-beta.1 (17.0.8; Windows 11; 10.0)",
        "x-ms-client-request-id": "3d2ada0d-e98e-4e98-bc24-8cb0ec041f83",
        "x-ms-version": "2024-02-04"
      },
      "RequestBody": "ZGVmYXVsdA==",
      "StatusCode": 400,
      "ResponseHeaders": {
        "Content-Length": "315",
        "Content-Type": "application/xml",
        "Date": "Mon, 11 Dec 2023 19:14:11 GMT",
        "Server": [
          "Windows-Azure-Blob/1.0",
          "Microsoft-HTTPAPI/2.0"
        ],
        "x-ms-client-request-id": "3d2ada0d-e98e-4e98-bc24-8cb0ec041f83",
        "x-ms-error-code": "MissingRequiredQueryParameter",
        "x-ms-request-id": "20ef783b-f01e-0007-2466-2cfb05000000",
        "x-ms-version": "2024-02-04"
      },
      "ResponseBody": [
        "\uFEFF\u003C?xml version=\u00221.0\u0022 encoding=\u0022utf-8\u0022?\u003E\u003CError\u003E\u003CCode\u003EMissingRequiredQueryParameter\u003C/Code\u003E\u003CMessage\u003EA query parameter that\u0027s mandatory for this request is not specified.\n",
        "RequestId:20ef783b-f01e-0007-2466-2cfb05000000\n",
        "Time:2023-12-11T19:14:11.7400995Z\u003C/Message\u003E\u003CQueryParameterName\u003Eblockid\u003C/QueryParameterName\u003E\u003C/Error\u003E"
      ]
    }
  ],
  "Variables": {
    "0": "afdf934a0stageblockillegalargumentsb2c10147ec51412404",
    "1": "afdf934a1stageblockillegalargumentsb2c56735f2e7b1e960",
    "2": "afdf934a2stageblockillegalargumentsb2c0038660cb6e5f3c"
  }
}
