{
  "Entries": [
    {
      "RequestUri": "https://REDACTED/9033aa250getblocklisttypenull903209654b3e8408e2c34?restype=container",
      "RequestMethod": "PUT",
      "RequestHeaders": {
        "Accept": "application/xml",
        "Authorization": "Sanitized",
        "Content-Length": "0",
        "Date": "Mon, 08 Jan 2024 19:46:47 GMT",
        "User-Agent": "azsdk-java-azure-storage-blob/12.26.0-beta.1 (17.0.8; Windows 11; 10.0)",
        "x-ms-client-request-id": "e792f865-f469-49fd-86ba-79a2460a8add",
        "x-ms-version": "2024-02-04"
      },
      "RequestBody": null,
      "StatusCode": 201,
      "ResponseHeaders": {
        "Content-Length": "0",
        "Date": "Mon, 08 Jan 2024 19:46:58 GMT",
        "ETag": "\u00220x8DC10829372493E\u0022",
        "Last-Modified": "Mon, 08 Jan 2024 19:46:58 GMT",
        "Server": [
          "Windows-Azure-Blob/1.0",
          "Microsoft-HTTPAPI/2.0"
        ],
        "x-ms-client-request-id": "e792f865-f469-49fd-86ba-79a2460a8add",
        "x-ms-request-id": "f4a7839e-b01e-0006-7b6b-42a4d9000000",
        "x-ms-version": "2024-02-04"
      },
      "ResponseBody": null
    },
    {
      "RequestUri": "https://REDACTED/9033aa250getblocklisttypenull903209654b3e8408e2c34?restype=container",
      "RequestMethod": "PUT",
      "RequestHeaders": {
        "Accept": "application/xml",
        "Authorization": "Sanitized",
        "Content-Length": "0",
        "Date": "Mon, 08 Jan 2024 19:46:47 GMT",
        "User-Agent": "azsdk-java-azure-storage-blob/12.26.0-beta.1 (17.0.8; Windows 11; 10.0)",
        "x-ms-client-request-id": "d633f952-5d27-4e04-992d-acebb83e229f",
        "x-ms-version": "2024-02-04"
      },
      "RequestBody": null,
      "StatusCode": 409,
      "ResponseHeaders": {
        "Content-Length": "230",
        "Content-Type": "application/xml",
        "Date": "Mon, 08 Jan 2024 19:46:58 GMT",
        "Server": [
          "Windows-Azure-Blob/1.0",
          "Microsoft-HTTPAPI/2.0"
        ],
        "x-ms-client-request-id": "d633f952-5d27-4e04-992d-acebb83e229f",
        "x-ms-error-code": "ContainerAlreadyExists",
        "x-ms-request-id": "f4a78482-b01e-0006-536b-42a4d9000000",
        "x-ms-version": "2024-02-04"
      },
      "ResponseBody": [
        "\uFEFF\u003C?xml version=\u00221.0\u0022 encoding=\u0022utf-8\u0022?\u003E\u003CError\u003E\u003CCode\u003EContainerAlreadyExists\u003C/Code\u003E\u003CMessage\u003EThe specified container already exists.\n",
        "RequestId:f4a78482-b01e-0006-536b-42a4d9000000\n",
        "Time:2024-01-08T19:46:58.6490627Z\u003C/Message\u003E\u003C/Error\u003E"
      ]
    },
    {
      "RequestUri": "https://REDACTED/9033aa250getblocklisttypenull903209654b3e8408e2c34/9033aa251getblocklisttypenull9031411831ca46ca71684",
      "RequestMethod": "PUT",
      "RequestHeaders": {
        "Accept": "application/xml",
        "Authorization": "Sanitized",
        "Content-Length": "7",
        "Content-Type": "application/octet-stream",
        "Date": "Mon, 08 Jan 2024 19:46:47 GMT",
        "User-Agent": "azsdk-java-azure-storage-blob/12.26.0-beta.1 (17.0.8; Windows 11; 10.0)",
        "x-ms-blob-type": "BlockBlob",
        "x-ms-client-request-id": "8441d3dc-38de-496c-a705-ce10f15336fd",
        "x-ms-version": "2024-02-04"
      },
      "RequestBody": "ZGVmYXVsdA==",
      "StatusCode": 201,
      "ResponseHeaders": {
        "Content-Length": "0",
        "Content-MD5": "wh\u002BWm18D0z1D4E\u002BPE252gg==",
        "Date": "Mon, 08 Jan 2024 19:46:58 GMT",
        "ETag": "\u00220x8DC10829394CCE0\u0022",
        "Last-Modified": "Mon, 08 Jan 2024 19:46:58 GMT",
        "Server": [
          "Windows-Azure-Blob/1.0",
          "Microsoft-HTTPAPI/2.0"
        ],
        "x-ms-client-request-id": "8441d3dc-38de-496c-a705-ce10f15336fd",
        "x-ms-content-crc64": "6RYQPwaVsyQ=",
        "x-ms-request-id": "f4a78569-b01e-0006-2b6b-42a4d9000000",
        "x-ms-request-server-encrypted": "true",
        "x-ms-version": "2024-02-04"
      },
      "ResponseBody": null
    },
    {
      "RequestUri": "https://REDACTED/9033aa250getblocklisttypenull903209654b3e8408e2c34/9033aa251getblocklisttypenull9031411831ca46ca71684?comp=blocklist",
      "RequestMethod": "GET",
      "RequestHeaders": {
        "Accept": "application/xml",
        "Authorization": "Sanitized",
        "Content-Length": "0",
        "Date": "Mon, 08 Jan 2024 19:46:48 GMT",
        "User-Agent": "azsdk-java-azure-storage-blob/12.26.0-beta.1 (17.0.8; Windows 11; 10.0)",
        "x-ms-client-request-id": "f1d0dbea-bbc1-4126-b504-ea393744745e",
        "x-ms-version": "2024-02-04"
      },
      "RequestBody": null,
      "StatusCode": 200,
      "ResponseHeaders": {
        "Access-Control-Allow-Origin": "*",
        "Access-Control-Expose-Headers": "x-ms-client-request-id",
        "Content-Type": "application/xml",
        "Date": "Mon, 08 Jan 2024 19:46:58 GMT",
        "ETag": "\u00220x8DC10829394CCE0\u0022",
        "Last-Modified": "Mon, 08 Jan 2024 19:46:58 GMT",
        "Server": [
          "Windows-Azure-Blob/1.0",
          "Microsoft-HTTPAPI/2.0"
        ],
        "Transfer-Encoding": "chunked",
        "x-ms-blob-content-length": "7",
        "x-ms-client-request-id": "f1d0dbea-bbc1-4126-b504-ea393744745e",
        "x-ms-request-id": "c6494d00-401e-0012-486b-42ecb6000000",
        "x-ms-version": "2024-02-04"
      },
      "ResponseBody": "\uFEFF\u003C?xml version=\u00221.0\u0022 encoding=\u0022utf-8\u0022?\u003E\u003CBlockList\u003E\u003CCommittedBlocks /\u003E\u003C/BlockList\u003E"
    }
  ],
  "Variables": {
    "0": "9033aa250getblocklisttypenull903209654b3e8408e2c34",
    "1": "9033aa251getblocklisttypenull9031411831ca46ca71684"
  }
}
