{
  "Entries": [
    {
      "RequestUri": "https://REDACTED/e0a1e161041397aaf06c91d6af4044ae764d16?restype=container",
      "RequestMethod": "PUT",
      "RequestHeaders": {
        "Accept": "application/xml",
        "Authorization": "Sanitized",
        "Content-Length": "0",
        "Date": "Fri, 03 Nov 2023 22:08:30 GMT",
        "User-Agent": "azsdk-java-azure-storage-blob/12.25.0-beta.2 (17.0.8; Windows 11; 10.0)",
        "x-ms-client-request-id": "f4edb5d9-708a-4d14-841b-cad2c02e0496",
        "x-ms-version": "2023-11-03"
      },
      "RequestBody": null,
      "StatusCode": 201,
      "ResponseHeaders": {
        "Content-Length": "0",
        "Date": "Fri, 03 Nov 2023 22:08:30 GMT",
        "ETag": "\u00220x8DBDCB96A8B3707\u0022",
        "Last-Modified": "Fri, 03 Nov 2023 22:08:31 GMT",
        "Server": [
          "Windows-Azure-Blob/1.0",
          "Microsoft-HTTPAPI/2.0"
        ],
        "x-ms-client-request-id": "f4edb5d9-708a-4d14-841b-cad2c02e0496",
        "x-ms-request-id": "fa19c1c1-801e-001d-05a2-0e9ada000000",
        "x-ms-version": "2023-11-03"
      },
      "ResponseBody": null
    },
    {
      "RequestUri": "https://REDACTED/e0a1e161041397aaf06c91d6af4044ae764d16/e0a1e161158670d1755eb970e94c4c8b764013",
      "RequestMethod": "PUT",
      "RequestHeaders": {
        "Accept": "application/xml",
        "Authorization": "Sanitized",
        "Content-Length": "7",
        "Content-Type": "application/octet-stream",
        "Date": "Fri, 03 Nov 2023 22:08:30 GMT",
        "User-Agent": "azsdk-java-azure-storage-blob/12.25.0-beta.2 (17.0.8; Windows 11; 10.0)",
        "x-ms-blob-type": "BlockBlob",
        "x-ms-client-request-id": "37f28c30-04ae-43e0-8d9c-574bcdbda1b4",
        "x-ms-version": "2023-11-03"
      },
      "RequestBody": "ZGVmYXVsdA==",
      "StatusCode": 201,
      "ResponseHeaders": {
        "Content-Length": "0",
        "Content-MD5": "wh\u002BWm18D0z1D4E\u002BPE252gg==",
        "Date": "Fri, 03 Nov 2023 22:08:30 GMT",
        "ETag": "\u00220x8DBDCB96A9C0D84\u0022",
        "Last-Modified": "Fri, 03 Nov 2023 22:08:31 GMT",
        "Server": [
          "Windows-Azure-Blob/1.0",
          "Microsoft-HTTPAPI/2.0"
        ],
        "x-ms-client-request-id": "37f28c30-04ae-43e0-8d9c-574bcdbda1b4",
        "x-ms-content-crc64": "6RYQPwaVsyQ=",
        "x-ms-request-id": "fa19c245-801e-001d-65a2-0e9ada000000",
        "x-ms-request-server-encrypted": "true",
        "x-ms-version": "2023-11-03"
      },
      "ResponseBody": null
    },
    {
      "RequestUri": "https://REDACTED/e0a1e161041397aaf06c91d6af4044ae764d16/e0a1e161158670d1755eb970e94c4c8b764013?comp=block\u0026blockid=NzQ0MDMzMzgtZjFmNC00NDA5LWJjZjUtOWM2YTRmN2UzOTE0",
      "RequestMethod": "PUT",
      "RequestHeaders": {
        "Accept": "application/xml",
        "Authorization": "Sanitized",
        "Content-Length": "7",
        "Content-Type": "application/octet-stream",
        "Date": "Fri, 03 Nov 2023 22:08:30 GMT",
        "User-Agent": "azsdk-java-azure-storage-blob/12.25.0-beta.2 (17.0.8; Windows 11; 10.0)",
        "x-ms-client-request-id": "49d722b6-5938-4bdd-b3f4-9b9257377a25",
        "x-ms-version": "2023-11-03"
      },
      "RequestBody": "ZGVmYXVsdA==",
      "StatusCode": 201,
      "ResponseHeaders": {
        "Content-Length": "0",
        "Date": "Fri, 03 Nov 2023 22:08:31 GMT",
        "Server": [
          "Windows-Azure-Blob/1.0",
          "Microsoft-HTTPAPI/2.0"
        ],
        "x-ms-client-request-id": "49d722b6-5938-4bdd-b3f4-9b9257377a25",
        "x-ms-content-crc64": "6RYQPwaVsyQ=",
        "x-ms-request-id": "fa19c2d4-801e-001d-45a2-0e9ada000000",
        "x-ms-request-server-encrypted": "true",
        "x-ms-version": "2023-11-03"
      },
      "ResponseBody": null
    },
    {
      "RequestUri": "https://REDACTED/e0a1e161041397aaf06c91d6af4044ae764d16/e0a1e161158670d1755eb970e94c4c8b764013?comp=blocklist\u0026blocklisttype=all",
      "RequestMethod": "GET",
      "RequestHeaders": {
        "Accept": "application/xml",
        "Authorization": "Sanitized",
        "Content-Length": "0",
        "Date": "Fri, 03 Nov 2023 22:08:31 GMT",
        "User-Agent": "azsdk-java-azure-storage-blob/12.25.0-beta.2 (17.0.8; Windows 11; 10.0)",
        "x-ms-client-request-id": "af2dda24-7185-4362-ab32-71a4b25d4646",
        "x-ms-version": "2023-11-03"
      },
      "RequestBody": null,
      "StatusCode": 200,
      "ResponseHeaders": {
        "Access-Control-Allow-Origin": "*",
        "Access-Control-Expose-Headers": "x-ms-client-request-id",
        "Content-Type": "application/xml",
        "Date": "Fri, 03 Nov 2023 22:08:31 GMT",
        "ETag": "\u00220x8DBDCB96A9C0D84\u0022",
        "Last-Modified": "Fri, 03 Nov 2023 22:08:31 GMT",
        "Server": [
          "Windows-Azure-Blob/1.0",
          "Microsoft-HTTPAPI/2.0"
        ],
        "Transfer-Encoding": "chunked",
        "x-ms-blob-content-length": "7",
        "x-ms-client-request-id": "af2dda24-7185-4362-ab32-71a4b25d4646",
        "x-ms-request-id": "fa19c368-801e-001d-32a2-0e9ada000000",
        "x-ms-version": "2023-11-03"
      },
      "ResponseBody": "\uFEFF\u003C?xml version=\u00221.0\u0022 encoding=\u0022utf-8\u0022?\u003E\u003CBlockList\u003E\u003CCommittedBlocks /\u003E\u003CUncommittedBlocks\u003E\u003CBlock\u003E\u003CName\u003ENzQ0MDMzMzgtZjFmNC00NDA5LWJjZjUtOWM2YTRmN2UzOTE0\u003C/Name\u003E\u003CSize\u003E7\u003C/Size\u003E\u003C/Block\u003E\u003C/UncommittedBlocks\u003E\u003C/BlockList\u003E"
    }
  ],
  "Variables": {
    "0": "e0a1e161041397aaf06c91d6af4044ae764d16",
    "1": "e0a1e161158670d1755eb970e94c4c8b764013",
    "2": "74403338-f1f4-4409-bcf5-9c6a4f7e3914"
  }
}
