{
  "Entries": [
    {
      "RequestUri": "https://REDACTED/8eb918f90uploadfromurloverwrite78557160019205cb5877?restype=container",
      "RequestMethod": "PUT",
      "RequestHeaders": {
        "Accept": "application/xml",
        "Authorization": "Sanitized",
        "Content-Length": "0",
        "Date": "Thu, 12 Oct 2023 14:29:02 GMT",
        "User-Agent": "azsdk-java-azure-storage-blob/12.25.0-beta.1 (17.0.8.1; Windows 11; 10.0)",
        "x-ms-client-request-id": "76979d6b-ad97-4923-baff-fecf6e2ec491",
        "x-ms-version": "2023-08-03"
      },
      "RequestBody": null,
      "StatusCode": 201,
      "ResponseHeaders": {
        "Content-Length": "0",
        "Date": "Thu, 12 Oct 2023 14:29:01 GMT",
        "ETag": "\u00220x8DBCB2F94E1E51E\u0022",
        "Last-Modified": "Thu, 12 Oct 2023 14:29:02 GMT",
        "Server": [
          "Windows-Azure-Blob/1.0",
          "Microsoft-HTTPAPI/2.0"
        ],
        "x-ms-client-request-id": "76979d6b-ad97-4923-baff-fecf6e2ec491",
        "x-ms-request-id": "284a4a1b-e01e-000c-7818-fd5db9000000",
        "x-ms-version": "2023-08-03"
      },
      "ResponseBody": null
    },
    {
      "RequestUri": "https://REDACTED/8eb918f90uploadfromurloverwrite78557160019205cb5877/8eb918f91uploadfromurloverwrite78534762eb1d5aa994c3",
      "RequestMethod": "PUT",
      "RequestHeaders": {
        "Accept": "application/xml",
        "Authorization": "Sanitized",
        "Content-Length": "7",
        "Content-Type": "application/octet-stream",
        "Date": "Thu, 12 Oct 2023 14:29:02 GMT",
        "User-Agent": "azsdk-java-azure-storage-blob/12.25.0-beta.1 (17.0.8.1; Windows 11; 10.0)",
        "x-ms-blob-type": "BlockBlob",
        "x-ms-client-request-id": "b00be663-2a22-449f-9a1b-354a01701a55",
        "x-ms-version": "2023-08-03"
      },
      "RequestBody": "ZGVmYXVsdA==",
      "StatusCode": 201,
      "ResponseHeaders": {
        "Content-Length": "0",
        "Content-MD5": "wh\u002BWm18D0z1D4E\u002BPE252gg==",
        "Date": "Thu, 12 Oct 2023 14:29:02 GMT",
        "ETag": "\u00220x8DBCB2F94E76F51\u0022",
        "Last-Modified": "Thu, 12 Oct 2023 14:29:02 GMT",
        "Server": [
          "Windows-Azure-Blob/1.0",
          "Microsoft-HTTPAPI/2.0"
        ],
        "x-ms-client-request-id": "b00be663-2a22-449f-9a1b-354a01701a55",
        "x-ms-content-crc64": "6RYQPwaVsyQ=",
        "x-ms-request-id": "284a4a38-e01e-000c-1118-fd5db9000000",
        "x-ms-request-server-encrypted": "true",
        "x-ms-version": "2023-08-03"
      },
      "ResponseBody": null
    },
    {
      "RequestUri": "https://REDACTED/8eb918f90uploadfromurloverwrite78557160019205cb5877/8eb918f92uploadfromurloverwrite78519820658dd5791ada",
      "RequestMethod": "PUT",
      "RequestHeaders": {
        "Accept": "application/xml",
        "Authorization": "Sanitized",
        "Content-Length": "7",
        "Content-Type": "application/octet-stream",
        "Date": "Thu, 12 Oct 2023 14:29:02 GMT",
        "User-Agent": "azsdk-java-azure-storage-blob/12.25.0-beta.1 (17.0.8.1; Windows 11; 10.0)",
        "x-ms-blob-type": "BlockBlob",
        "x-ms-client-request-id": "34d52826-dc3d-443a-bb9c-ff0152963595",
        "x-ms-version": "2023-08-03"
      },
      "RequestBody": "ZGVmYXVsdA==",
      "StatusCode": 201,
      "ResponseHeaders": {
        "Content-Length": "0",
        "Content-MD5": "wh\u002BWm18D0z1D4E\u002BPE252gg==",
        "Date": "Thu, 12 Oct 2023 14:29:02 GMT",
        "ETag": "\u00220x8DBCB2F94F26A3F\u0022",
        "Last-Modified": "Thu, 12 Oct 2023 14:29:02 GMT",
        "Server": [
          "Windows-Azure-Blob/1.0",
          "Microsoft-HTTPAPI/2.0"
        ],
        "x-ms-client-request-id": "34d52826-dc3d-443a-bb9c-ff0152963595",
        "x-ms-content-crc64": "6RYQPwaVsyQ=",
        "x-ms-request-id": "284a4a95-e01e-000c-6518-fd5db9000000",
        "x-ms-request-server-encrypted": "true",
        "x-ms-version": "2023-08-03"
      },
      "ResponseBody": null
    },
    {
      "RequestUri": "https://REDACTED/8eb918f90uploadfromurloverwrite78557160019205cb5877/8eb918f93uploadfromurloverwrite78581516543e7b41e346",
      "RequestMethod": "PUT",
      "RequestHeaders": {
        "Accept": "application/xml",
        "Authorization": "Sanitized",
        "Content-Length": "7",
        "Content-Type": "application/octet-stream",
        "Date": "Thu, 12 Oct 2023 14:29:02 GMT",
        "If-None-Match": "*",
        "User-Agent": "azsdk-java-azure-storage-blob/12.25.0-beta.1 (17.0.8.1; Windows 11; 10.0)",
        "x-ms-blob-type": "BlockBlob",
        "x-ms-client-request-id": "23ac0ad7-c8ec-4857-a340-5fddad6f55c5",
        "x-ms-version": "2023-08-03"
      },
      "RequestBody": "ZGVmYXVsdA==",
      "StatusCode": 201,
      "ResponseHeaders": {
        "Content-Length": "0",
        "Content-MD5": "wh\u002BWm18D0z1D4E\u002BPE252gg==",
        "Date": "Thu, 12 Oct 2023 14:29:02 GMT",
        "ETag": "\u00220x8DBCB2F94F6884F\u0022",
        "Last-Modified": "Thu, 12 Oct 2023 14:29:02 GMT",
        "Server": [
          "Windows-Azure-Blob/1.0",
          "Microsoft-HTTPAPI/2.0"
        ],
        "x-ms-client-request-id": "23ac0ad7-c8ec-4857-a340-5fddad6f55c5",
        "x-ms-content-crc64": "6RYQPwaVsyQ=",
        "x-ms-request-id": "284a4ab8-e01e-000c-0418-fd5db9000000",
        "x-ms-request-server-encrypted": "true",
        "x-ms-version": "2023-08-03"
      },
      "ResponseBody": null
    },
    {
      "RequestUri": "https://REDACTED/8eb918f90uploadfromurloverwrite78557160019205cb5877/8eb918f91uploadfromurloverwrite78534762eb1d5aa994c3",
      "RequestMethod": "PUT",
      "RequestHeaders": {
        "Accept": "application/xml",
        "Authorization": "Sanitized",
        "Content-Length": "0",
        "Content-Type": "application/octet-stream",
        "Date": "Thu, 12 Oct 2023 14:29:02 GMT",
        "User-Agent": "azsdk-java-azure-storage-blob/12.25.0-beta.1 (17.0.8.1; Windows 11; 10.0)",
        "x-ms-blob-type": "BlockBlob",
        "x-ms-client-request-id": "b6789dc2-acba-4236-a2ef-88940a93aa96",
        "x-ms-version": "2023-08-03"
      },
      "RequestBody": null,
      "StatusCode": 201,
      "ResponseHeaders": {
        "Content-Length": "0",
        "Content-MD5": "1B2M2Y8AsgTpgAmY7PhCfg==",
        "Date": "Thu, 12 Oct 2023 14:29:02 GMT",
        "ETag": "\u00220x8DBCB2F94FCA1F7\u0022",
        "Last-Modified": "Thu, 12 Oct 2023 14:29:02 GMT",
        "Server": [
          "Windows-Azure-Blob/1.0",
          "Microsoft-HTTPAPI/2.0"
        ],
        "x-ms-client-request-id": "b6789dc2-acba-4236-a2ef-88940a93aa96",
        "x-ms-content-crc64": "AAAAAAAAAAA=",
        "x-ms-request-id": "284a4af0-e01e-000c-3718-fd5db9000000",
        "x-ms-request-server-encrypted": "true",
        "x-ms-version": "2023-08-03"
      },
      "ResponseBody": null
    },
    {
      "RequestUri": "https://REDACTED/8eb918f90uploadfromurloverwrite78557160019205cb5877/8eb918f91uploadfromurloverwrite78534762eb1d5aa994c3",
      "RequestMethod": "PUT",
      "RequestHeaders": {
        "Accept": "application/xml",
        "Authorization": "Sanitized",
        "Content-Length": "0",
        "Date": "Thu, 12 Oct 2023 14:29:02 GMT",
        "User-Agent": "azsdk-java-azure-storage-blob/12.25.0-beta.1 (17.0.8.1; Windows 11; 10.0)",
        "x-ms-blob-type": "BlockBlob",
        "x-ms-client-request-id": "3f37159c-cd94-434b-8921-3282be5c5e96",
        "x-ms-copy-source": "https://REDACTED/8eb918f90uploadfromurloverwrite78557160019205cb5877/8eb918f93uploadfromurloverwrite78581516543e7b41e346?sv=2023-08-03\u0026se=2023-10-13T14%3A29%3A02Z\u0026sr=b\u0026sp=r\u0026REDACTED",
        "x-ms-version": "2023-08-03"
      },
      "RequestBody": null,
      "StatusCode": 201,
      "ResponseHeaders": {
        "Content-Length": "0",
        "Date": "Thu, 12 Oct 2023 14:29:02 GMT",
        "ETag": "\u00220x8DBCB2F950727BE\u0022",
        "Last-Modified": "Thu, 12 Oct 2023 14:29:02 GMT",
        "Server": [
          "Windows-Azure-Blob/1.0",
          "Microsoft-HTTPAPI/2.0"
        ],
        "x-ms-client-request-id": "3f37159c-cd94-434b-8921-3282be5c5e96",
        "x-ms-content-crc64": "6RYQPwaVsyQ=",
        "x-ms-request-id": "35f0adf6-a01e-0022-5118-fd0fae000000",
        "x-ms-request-server-encrypted": "true",
        "x-ms-version": "2023-08-03"
      },
      "ResponseBody": null
    },
    {
      "RequestUri": "https://REDACTED/8eb918f90uploadfromurloverwrite78557160019205cb5877/8eb918f91uploadfromurloverwrite78534762eb1d5aa994c3",
      "RequestMethod": "GET",
      "RequestHeaders": {
        "Accept": "application/xml",
        "Authorization": "Sanitized",
        "Content-Length": "0",
        "Date": "Thu, 12 Oct 2023 14:29:02 GMT",
        "User-Agent": "azsdk-java-azure-storage-blob/12.25.0-beta.1 (17.0.8.1; Windows 11; 10.0)",
        "x-ms-client-request-id": "58bfff2b-cb19-45cc-b5cf-8338d6467275",
        "x-ms-version": "2023-08-03"
      },
      "RequestBody": null,
      "StatusCode": 200,
      "ResponseHeaders": {
        "Accept-Ranges": "bytes",
        "Access-Control-Allow-Origin": "*",
        "Access-Control-Expose-Headers": "x-ms-client-request-id",
        "Content-Length": "7",
        "Content-MD5": "wh\u002BWm18D0z1D4E\u002BPE252gg==",
        "Content-Type": "application/octet-stream",
        "Date": "Thu, 12 Oct 2023 14:29:02 GMT",
        "ETag": "\u00220x8DBCB2F950727BE\u0022",
        "Last-Modified": "Thu, 12 Oct 2023 14:29:02 GMT",
        "Server": [
          "Windows-Azure-Blob/1.0",
          "Microsoft-HTTPAPI/2.0"
        ],
        "x-ms-blob-type": "BlockBlob",
        "x-ms-client-request-id": "58bfff2b-cb19-45cc-b5cf-8338d6467275",
        "x-ms-creation-time": "Thu, 12 Oct 2023 14:29:02 GMT",
        "x-ms-lease-state": "available",
        "x-ms-lease-status": "unlocked",
        "x-ms-request-id": "284a4b80-e01e-000c-3918-fd5db9000000",
        "x-ms-server-encrypted": "true",
        "x-ms-version": "2023-08-03"
      },
      "ResponseBody": "ZGVmYXVsdA=="
    }
  ],
  "Variables": {
    "0": "8eb918f90uploadfromurloverwrite78557160019205cb5877",
    "1": "8eb918f91uploadfromurloverwrite78534762eb1d5aa994c3",
    "2": "8eb918f92uploadfromurloverwrite78519820658dd5791ada",
    "3": "8eb918f93uploadfromurloverwrite78581516543e7b41e346",
    "4": "2023-10-12T14:29:02.644345200Z"
  }
}
