{
  "Entries": [
    {
      "RequestUri": "https://REDACTED/c944b1460commitblocklistacfail3377870475f43ea04011?restype=container",
      "RequestMethod": "PUT",
      "RequestHeaders": {
        "Accept": "application/xml",
        "Authorization": "Sanitized",
        "Content-Length": "0",
        "Date": "Thu, 12 Oct 2023 16:47:29 GMT",
        "User-Agent": "azsdk-java-azure-storage-blob/12.25.0-beta.1 (17.0.8.1; Windows 11; 10.0)",
        "x-ms-client-request-id": "692db2d7-508e-4537-86f4-7346fe52bc73",
        "x-ms-version": "2023-08-03"
      },
      "RequestBody": null,
      "StatusCode": 201,
      "ResponseHeaders": {
        "Content-Length": "0",
        "Date": "Thu, 12 Oct 2023 16:47:28 GMT",
        "ETag": "\u00220x8DBCB42EC2A913C\u0022",
        "Last-Modified": "Thu, 12 Oct 2023 16:47:29 GMT",
        "Server": [
          "Windows-Azure-Blob/1.0",
          "Microsoft-HTTPAPI/2.0"
        ],
        "x-ms-client-request-id": "692db2d7-508e-4537-86f4-7346fe52bc73",
        "x-ms-request-id": "72ca07b2-e01e-0023-6d2b-fd5072000000",
        "x-ms-version": "2023-08-03"
      },
      "ResponseBody": null
    },
    {
      "RequestUri": "https://REDACTED/c944b1460commitblocklistacfail3377870475f43ea04011/c944b1461commitblocklistacfail33787963bdf26b97acbb",
      "RequestMethod": "PUT",
      "RequestHeaders": {
        "Accept": "application/xml",
        "Authorization": "Sanitized",
        "Content-Length": "7",
        "Content-Type": "application/octet-stream",
        "Date": "Thu, 12 Oct 2023 16:47:29 GMT",
        "User-Agent": "azsdk-java-azure-storage-blob/12.25.0-beta.1 (17.0.8.1; Windows 11; 10.0)",
        "x-ms-blob-type": "BlockBlob",
        "x-ms-client-request-id": "19bbe989-2523-446b-92fc-5a694e379fe6",
        "x-ms-version": "2023-08-03"
      },
      "RequestBody": "ZGVmYXVsdA==",
      "StatusCode": 201,
      "ResponseHeaders": {
        "Content-Length": "0",
        "Content-MD5": "wh\u002BWm18D0z1D4E\u002BPE252gg==",
        "Date": "Thu, 12 Oct 2023 16:47:28 GMT",
        "ETag": "\u00220x8DBCB42EC2F02BF\u0022",
        "Last-Modified": "Thu, 12 Oct 2023 16:47:29 GMT",
        "Server": [
          "Windows-Azure-Blob/1.0",
          "Microsoft-HTTPAPI/2.0"
        ],
        "x-ms-client-request-id": "19bbe989-2523-446b-92fc-5a694e379fe6",
        "x-ms-content-crc64": "6RYQPwaVsyQ=",
        "x-ms-request-id": "40a5a3c8-d01e-004a-332b-fd693e000000",
        "x-ms-request-server-encrypted": "true",
        "x-ms-version": "2023-08-03"
      },
      "ResponseBody": null
    },
    {
      "RequestUri": "https://REDACTED/c944b1460commitblocklistacfail3377870475f43ea04011/c944b1462commitblocklistacfail33781429200f2f4c5371",
      "RequestMethod": "PUT",
      "RequestHeaders": {
        "Accept": "application/xml",
        "Authorization": "Sanitized",
        "Content-Length": "7",
        "Content-Type": "application/octet-stream",
        "Date": "Thu, 12 Oct 2023 16:47:29 GMT",
        "User-Agent": "azsdk-java-azure-storage-blob/12.25.0-beta.1 (17.0.8.1; Windows 11; 10.0)",
        "x-ms-blob-type": "BlockBlob",
        "x-ms-client-request-id": "1c302abc-c448-412f-afe6-14010d26f6db",
        "x-ms-version": "2023-08-03"
      },
      "RequestBody": "ZGVmYXVsdA==",
      "StatusCode": 201,
      "ResponseHeaders": {
        "Content-Length": "0",
        "Content-MD5": "wh\u002BWm18D0z1D4E\u002BPE252gg==",
        "Date": "Thu, 12 Oct 2023 16:47:28 GMT",
        "ETag": "\u00220x8DBCB42EC32D2BE\u0022",
        "Last-Modified": "Thu, 12 Oct 2023 16:47:29 GMT",
        "Server": [
          "Windows-Azure-Blob/1.0",
          "Microsoft-HTTPAPI/2.0"
        ],
        "x-ms-client-request-id": "1c302abc-c448-412f-afe6-14010d26f6db",
        "x-ms-content-crc64": "6RYQPwaVsyQ=",
        "x-ms-request-id": "72ca07ed-e01e-0023-242b-fd5072000000",
        "x-ms-request-server-encrypted": "true",
        "x-ms-version": "2023-08-03"
      },
      "ResponseBody": null
    },
    {
      "RequestUri": "https://REDACTED/c944b1460commitblocklistacfail3377870475f43ea04011/c944b1461commitblocklistacfail33787963bdf26b97acbb",
      "RequestMethod": "HEAD",
      "RequestHeaders": {
        "Accept": "application/xml",
        "Authorization": "Sanitized",
        "Content-Length": "0",
        "Date": "Thu, 12 Oct 2023 16:47:29 GMT",
        "User-Agent": "azsdk-java-azure-storage-blob/12.25.0-beta.1 (17.0.8.1; Windows 11; 10.0)",
        "x-ms-client-request-id": "54e09b34-c222-4e07-8d6f-4c674d006fbe",
        "x-ms-version": "2023-08-03"
      },
      "RequestBody": null,
      "StatusCode": 200,
      "ResponseHeaders": {
        "Accept-Ranges": "bytes",
        "Access-Control-Allow-Origin": "*",
        "Access-Control-Expose-Headers": "x-ms-client-request-id",
        "Content-Length": "7",
        "Content-MD5": "wh\u002BWm18D0z1D4E\u002BPE252gg==",
        "Content-Type": "application/octet-stream",
        "Date": "Thu, 12 Oct 2023 16:47:28 GMT",
        "ETag": "\u00220x8DBCB42EC2F02BF\u0022",
        "Last-Modified": "Thu, 12 Oct 2023 16:47:29 GMT",
        "Server": [
          "Windows-Azure-Blob/1.0",
          "Microsoft-HTTPAPI/2.0"
        ],
        "x-ms-access-tier": "Hot",
        "x-ms-access-tier-inferred": "true",
        "x-ms-blob-type": "BlockBlob",
        "x-ms-client-request-id": "54e09b34-c222-4e07-8d6f-4c674d006fbe",
        "x-ms-creation-time": "Thu, 12 Oct 2023 16:47:29 GMT",
        "x-ms-lease-state": "available",
        "x-ms-lease-status": "unlocked",
        "x-ms-request-id": "72ca0808-e01e-0023-3c2b-fd5072000000",
        "x-ms-server-encrypted": "true",
        "x-ms-version": "2023-08-03"
      },
      "ResponseBody": null
    },
    {
      "RequestUri": "https://REDACTED/c944b1460commitblocklistacfail3377870475f43ea04011/c944b1461commitblocklistacfail33787963bdf26b97acbb?comp=blocklist",
      "RequestMethod": "PUT",
      "RequestHeaders": {
        "Accept": "application/xml",
        "Authorization": "Sanitized",
        "Content-Length": "50",
        "Content-Type": "application/xml",
        "Date": "Thu, 12 Oct 2023 16:47:29 GMT",
        "If-None-Match": "0x8DBCB42EC2F02BF",
        "User-Agent": "azsdk-java-azure-storage-blob/12.25.0-beta.1 (17.0.8.1; Windows 11; 10.0)",
        "x-ms-client-request-id": "31eb98c5-d761-4a87-878f-409816f2c806",
        "x-ms-version": "2023-08-03"
      },
      "RequestBody": "\u003C?xml version=\u00271.0\u0027 encoding=\u0027UTF-8\u0027?\u003E\u003CBlockList/\u003E",
      "StatusCode": 412,
      "ResponseHeaders": {
        "Content-Length": "252",
        "Content-Type": "application/xml",
        "Date": "Thu, 12 Oct 2023 16:47:28 GMT",
        "Server": [
          "Windows-Azure-Blob/1.0",
          "Microsoft-HTTPAPI/2.0"
        ],
        "x-ms-client-request-id": "31eb98c5-d761-4a87-878f-409816f2c806",
        "x-ms-error-code": "ConditionNotMet",
        "x-ms-request-id": "72ca081c-e01e-0023-4d2b-fd5072000000",
        "x-ms-version": "2023-08-03"
      },
      "ResponseBody": [
        "\uFEFF\u003C?xml version=\u00221.0\u0022 encoding=\u0022utf-8\u0022?\u003E\u003CError\u003E\u003CCode\u003EConditionNotMet\u003C/Code\u003E\u003CMessage\u003EThe condition specified using HTTP conditional header(s) is not met.\n",
        "RequestId:72ca081c-e01e-0023-4d2b-fd5072000000\n",
        "Time:2023-10-12T16:47:29.4549329Z\u003C/Message\u003E\u003C/Error\u003E"
      ]
    }
  ],
  "Variables": {
    "0": "c944b1460commitblocklistacfail3377870475f43ea04011",
    "1": "c944b1461commitblocklistacfail33787963bdf26b97acbb",
    "2": "c944b1462commitblocklistacfail33781429200f2f4c5371"
  }
}
