{
  "Entries": [
    {
      "RequestUri": "https://REDACTED/b289128b0stageblockleasefail824022238cf070c7e81a4?restype=container",
      "RequestMethod": "PUT",
      "RequestHeaders": {
        "Accept": "application/xml",
        "Authorization": "Sanitized",
        "Content-Length": "0",
        "Date": "Thu, 12 Oct 2023 14:29:08 GMT",
        "User-Agent": "azsdk-java-azure-storage-blob/12.25.0-beta.1 (17.0.8.1; Windows 11; 10.0)",
        "x-ms-client-request-id": "3d1f7f77-4e97-4f98-beb0-60a1638e8335",
        "x-ms-version": "2023-08-03"
      },
      "RequestBody": null,
      "StatusCode": 201,
      "ResponseHeaders": {
        "Content-Length": "0",
        "Date": "Thu, 12 Oct 2023 14:29:08 GMT",
        "ETag": "\u00220x8DBCB2F98898A6B\u0022",
        "Last-Modified": "Thu, 12 Oct 2023 14:29:08 GMT",
        "Server": [
          "Windows-Azure-Blob/1.0",
          "Microsoft-HTTPAPI/2.0"
        ],
        "x-ms-client-request-id": "3d1f7f77-4e97-4f98-beb0-60a1638e8335",
        "x-ms-request-id": "91085665-f01e-002f-4418-fdc77a000000",
        "x-ms-version": "2023-08-03"
      },
      "ResponseBody": null
    },
    {
      "RequestUri": "https://REDACTED/b289128b0stageblockleasefail824022238cf070c7e81a4/b289128b1stageblockleasefail8248427553f5563e57cc4",
      "RequestMethod": "PUT",
      "RequestHeaders": {
        "Accept": "application/xml",
        "Authorization": "Sanitized",
        "Content-Length": "7",
        "Content-Type": "application/octet-stream",
        "Date": "Thu, 12 Oct 2023 14:29:08 GMT",
        "User-Agent": "azsdk-java-azure-storage-blob/12.25.0-beta.1 (17.0.8.1; Windows 11; 10.0)",
        "x-ms-blob-type": "BlockBlob",
        "x-ms-client-request-id": "d37c5d7e-d501-41d2-b8b4-01217069012b",
        "x-ms-version": "2023-08-03"
      },
      "RequestBody": "ZGVmYXVsdA==",
      "StatusCode": 201,
      "ResponseHeaders": {
        "Content-Length": "0",
        "Content-MD5": "wh\u002BWm18D0z1D4E\u002BPE252gg==",
        "Date": "Thu, 12 Oct 2023 14:29:08 GMT",
        "ETag": "\u00220x8DBCB2F988CE5BA\u0022",
        "Last-Modified": "Thu, 12 Oct 2023 14:29:08 GMT",
        "Server": [
          "Windows-Azure-Blob/1.0",
          "Microsoft-HTTPAPI/2.0"
        ],
        "x-ms-client-request-id": "d37c5d7e-d501-41d2-b8b4-01217069012b",
        "x-ms-content-crc64": "6RYQPwaVsyQ=",
        "x-ms-request-id": "91085696-f01e-002f-7018-fdc77a000000",
        "x-ms-request-server-encrypted": "true",
        "x-ms-version": "2023-08-03"
      },
      "ResponseBody": null
    },
    {
      "RequestUri": "https://REDACTED/b289128b0stageblockleasefail824022238cf070c7e81a4/b289128b2stageblockleasefail8240733823cd62fa12b34",
      "RequestMethod": "PUT",
      "RequestHeaders": {
        "Accept": "application/xml",
        "Authorization": "Sanitized",
        "Content-Length": "7",
        "Content-Type": "application/octet-stream",
        "Date": "Thu, 12 Oct 2023 14:29:08 GMT",
        "User-Agent": "azsdk-java-azure-storage-blob/12.25.0-beta.1 (17.0.8.1; Windows 11; 10.0)",
        "x-ms-blob-type": "BlockBlob",
        "x-ms-client-request-id": "2ea2d7ae-d567-4338-a329-06ed308dc338",
        "x-ms-version": "2023-08-03"
      },
      "RequestBody": "ZGVmYXVsdA==",
      "StatusCode": 201,
      "ResponseHeaders": {
        "Content-Length": "0",
        "Content-MD5": "wh\u002BWm18D0z1D4E\u002BPE252gg==",
        "Date": "Thu, 12 Oct 2023 14:29:08 GMT",
        "ETag": "\u00220x8DBCB2F98965A3B\u0022",
        "Last-Modified": "Thu, 12 Oct 2023 14:29:08 GMT",
        "Server": [
          "Windows-Azure-Blob/1.0",
          "Microsoft-HTTPAPI/2.0"
        ],
        "x-ms-client-request-id": "2ea2d7ae-d567-4338-a329-06ed308dc338",
        "x-ms-content-crc64": "6RYQPwaVsyQ=",
        "x-ms-request-id": "910856e1-f01e-002f-3518-fdc77a000000",
        "x-ms-request-server-encrypted": "true",
        "x-ms-version": "2023-08-03"
      },
      "ResponseBody": null
    },
    {
      "RequestUri": "https://REDACTED/b289128b0stageblockleasefail824022238cf070c7e81a4/b289128b1stageblockleasefail8248427553f5563e57cc4?comp=lease",
      "RequestMethod": "PUT",
      "RequestHeaders": {
        "Accept": "application/xml",
        "Authorization": "Sanitized",
        "Content-Length": "0",
        "Date": "Thu, 12 Oct 2023 14:29:08 GMT",
        "User-Agent": "azsdk-java-azure-storage-blob/12.25.0-beta.1 (17.0.8.1; Windows 11; 10.0)",
        "x-ms-client-request-id": "5a76885e-efb1-435b-9f5f-2903f11cd92e",
        "x-ms-lease-action": "acquire",
        "x-ms-lease-duration": "-1",
        "x-ms-proposed-lease-id": "6f4c1b1b-f030-44fb-853d-1b59d833f4b7",
        "x-ms-version": "2023-08-03"
      },
      "RequestBody": null,
      "StatusCode": 201,
      "ResponseHeaders": {
        "Content-Length": "0",
        "Date": "Thu, 12 Oct 2023 14:29:08 GMT",
        "ETag": "\u00220x8DBCB2F988CE5BA\u0022",
        "Last-Modified": "Thu, 12 Oct 2023 14:29:08 GMT",
        "Server": [
          "Windows-Azure-Blob/1.0",
          "Microsoft-HTTPAPI/2.0"
        ],
        "x-ms-client-request-id": "5a76885e-efb1-435b-9f5f-2903f11cd92e",
        "x-ms-lease-id": "6f4c1b1b-f030-44fb-853d-1b59d833f4b7",
        "x-ms-request-id": "9108570c-f01e-002f-5e18-fdc77a000000",
        "x-ms-version": "2023-08-03"
      },
      "ResponseBody": null
    },
    {
      "RequestUri": "https://REDACTED/b289128b0stageblockleasefail824022238cf070c7e81a4/b289128b1stageblockleasefail8248427553f5563e57cc4?comp=block\u0026blockid=ZGRkZmI3MGMtNGQ3ZC00OWJhLWJjYzctMjZiZWMyNDhmMzgx",
      "RequestMethod": "PUT",
      "RequestHeaders": {
        "Accept": "application/xml",
        "Authorization": "Sanitized",
        "Content-Length": "7",
        "Content-Type": "application/octet-stream",
        "Date": "Thu, 12 Oct 2023 14:29:08 GMT",
        "User-Agent": "azsdk-java-azure-storage-blob/12.25.0-beta.1 (17.0.8.1; Windows 11; 10.0)",
        "x-ms-client-request-id": "245b9252-d2b5-456e-9035-c0cbaa4aa157",
        "x-ms-lease-id": "ec3825ca-f757-4288-bbd7-b85ea7ec5364",
        "x-ms-version": "2023-08-03"
      },
      "RequestBody": "ZGVmYXVsdA==",
      "StatusCode": 412,
      "ResponseHeaders": {
        "Content-Length": "264",
        "Content-Type": "application/xml",
        "Date": "Thu, 12 Oct 2023 14:29:08 GMT",
        "Server": [
          "Windows-Azure-Blob/1.0",
          "Microsoft-HTTPAPI/2.0"
        ],
        "x-ms-client-request-id": "245b9252-d2b5-456e-9035-c0cbaa4aa157",
        "x-ms-error-code": "LeaseIdMismatchWithBlobOperation",
        "x-ms-request-id": "2901788c-201e-005e-0d18-fd2151000000",
        "x-ms-version": "2023-08-03"
      },
      "ResponseBody": [
        "\uFEFF\u003C?xml version=\u00221.0\u0022 encoding=\u0022utf-8\u0022?\u003E\u003CError\u003E\u003CCode\u003ELeaseIdMismatchWithBlobOperation\u003C/Code\u003E\u003CMessage\u003EThe lease ID specified did not match the lease ID for the blob.\n",
        "RequestId:2901788c-201e-005e-0d18-fd2151000000\n",
        "Time:2023-10-12T14:29:08.7613913Z\u003C/Message\u003E\u003C/Error\u003E"
      ]
    }
  ],
  "Variables": {
    "0": "b289128b0stageblockleasefail824022238cf070c7e81a4",
    "1": "b289128b1stageblockleasefail8248427553f5563e57cc4",
    "2": "b289128b2stageblockleasefail8240733823cd62fa12b34",
    "3": "dddfb70c-4d7d-49ba-bcc7-26bec248f381"
  }
}
