{
  "Entries": [
    {
      "RequestUri": "https://REDACTED/d05f80070commitblocklistacfailf5194125f38d48093abf?restype=container",
      "RequestMethod": "PUT",
      "RequestHeaders": {
        "Accept": "application/xml",
        "Authorization": "Sanitized",
        "Content-Length": "0",
        "Date": "Wed, 18 Oct 2023 19:24:30 GMT",
        "User-Agent": "azsdk-java-azure-storage-blob/12.25.0-beta.1 (17.0.8; Windows 11; 10.0)",
        "x-ms-client-request-id": "be22f90e-53cb-43d9-8001-69f4d45f098d",
        "x-ms-version": "2023-11-03"
      },
      "RequestBody": null,
      "StatusCode": 201,
      "ResponseHeaders": {
        "Content-Length": "0",
        "Date": "Wed, 18 Oct 2023 19:24:30 GMT",
        "ETag": "\u00220x8DBD00FDA5F7CBA\u0022",
        "Last-Modified": "Wed, 18 Oct 2023 19:24:30 GMT",
        "Server": [
          "Windows-Azure-Blob/1.0",
          "Microsoft-HTTPAPI/2.0"
        ],
        "x-ms-client-request-id": "be22f90e-53cb-43d9-8001-69f4d45f098d",
        "x-ms-request-id": "693deeaa-c01e-007e-49f8-010721000000",
        "x-ms-version": "2023-11-03"
      },
      "ResponseBody": null
    },
    {
      "RequestUri": "https://REDACTED/d05f80070commitblocklistacfailf5194125f38d48093abf/d05f80071commitblocklistacfailf5174835a00a0acefefc",
      "RequestMethod": "PUT",
      "RequestHeaders": {
        "Accept": "application/xml",
        "Authorization": "Sanitized",
        "Content-Length": "7",
        "Content-Type": "application/octet-stream",
        "Date": "Wed, 18 Oct 2023 19:24:31 GMT",
        "User-Agent": "azsdk-java-azure-storage-blob/12.25.0-beta.1 (17.0.8; Windows 11; 10.0)",
        "x-ms-blob-type": "BlockBlob",
        "x-ms-client-request-id": "d5d6cdac-557c-4f07-9fc2-1a7bb2cf5a21",
        "x-ms-version": "2023-11-03"
      },
      "RequestBody": "ZGVmYXVsdA==",
      "StatusCode": 201,
      "ResponseHeaders": {
        "Content-Length": "0",
        "Content-MD5": "wh\u002BWm18D0z1D4E\u002BPE252gg==",
        "Date": "Wed, 18 Oct 2023 19:24:30 GMT",
        "ETag": "\u00220x8DBD00FDA70027D\u0022",
        "Last-Modified": "Wed, 18 Oct 2023 19:24:31 GMT",
        "Server": [
          "Windows-Azure-Blob/1.0",
          "Microsoft-HTTPAPI/2.0"
        ],
        "x-ms-client-request-id": "d5d6cdac-557c-4f07-9fc2-1a7bb2cf5a21",
        "x-ms-content-crc64": "6RYQPwaVsyQ=",
        "x-ms-request-id": "693def87-c01e-007e-16f8-010721000000",
        "x-ms-request-server-encrypted": "true",
        "x-ms-version": "2023-11-03"
      },
      "ResponseBody": null
    },
    {
      "RequestUri": "https://REDACTED/d05f80070commitblocklistacfailf5194125f38d48093abf/d05f80072commitblocklistacfailf5148234e9333de75322",
      "RequestMethod": "PUT",
      "RequestHeaders": {
        "Accept": "application/xml",
        "Authorization": "Sanitized",
        "Content-Length": "7",
        "Content-Type": "application/octet-stream",
        "Date": "Wed, 18 Oct 2023 19:24:31 GMT",
        "User-Agent": "azsdk-java-azure-storage-blob/12.25.0-beta.1 (17.0.8; Windows 11; 10.0)",
        "x-ms-blob-type": "BlockBlob",
        "x-ms-client-request-id": "121bef1c-fd62-4e3a-8b5b-443f2b712de9",
        "x-ms-version": "2023-11-03"
      },
      "RequestBody": "ZGVmYXVsdA==",
      "StatusCode": 201,
      "ResponseHeaders": {
        "Content-Length": "0",
        "Content-MD5": "wh\u002BWm18D0z1D4E\u002BPE252gg==",
        "Date": "Wed, 18 Oct 2023 19:24:30 GMT",
        "ETag": "\u00220x8DBD00FDA7FDEA5\u0022",
        "Last-Modified": "Wed, 18 Oct 2023 19:24:31 GMT",
        "Server": [
          "Windows-Azure-Blob/1.0",
          "Microsoft-HTTPAPI/2.0"
        ],
        "x-ms-client-request-id": "121bef1c-fd62-4e3a-8b5b-443f2b712de9",
        "x-ms-content-crc64": "6RYQPwaVsyQ=",
        "x-ms-request-id": "693df05a-c01e-007e-5df8-010721000000",
        "x-ms-request-server-encrypted": "true",
        "x-ms-version": "2023-11-03"
      },
      "ResponseBody": null
    },
    {
      "RequestUri": "https://REDACTED/d05f80070commitblocklistacfailf5194125f38d48093abf/d05f80071commitblocklistacfailf5174835a00a0acefefc?comp=lease",
      "RequestMethod": "PUT",
      "RequestHeaders": {
        "Accept": "application/xml",
        "Authorization": "Sanitized",
        "Content-Length": "0",
        "Date": "Wed, 18 Oct 2023 19:24:31 GMT",
        "User-Agent": "azsdk-java-azure-storage-blob/12.25.0-beta.1 (17.0.8; Windows 11; 10.0)",
        "x-ms-client-request-id": "b160da1a-f347-4b75-b80e-15238153d53e",
        "x-ms-lease-action": "acquire",
        "x-ms-lease-duration": "-1",
        "x-ms-proposed-lease-id": "081e7858-345e-4377-8d93-7f95af68874e",
        "x-ms-version": "2023-11-03"
      },
      "RequestBody": null,
      "StatusCode": 201,
      "ResponseHeaders": {
        "Content-Length": "0",
        "Date": "Wed, 18 Oct 2023 19:24:30 GMT",
        "ETag": "\u00220x8DBD00FDA70027D\u0022",
        "Last-Modified": "Wed, 18 Oct 2023 19:24:31 GMT",
        "Server": [
          "Windows-Azure-Blob/1.0",
          "Microsoft-HTTPAPI/2.0"
        ],
        "x-ms-client-request-id": "b160da1a-f347-4b75-b80e-15238153d53e",
        "x-ms-lease-id": "081e7858-345e-4377-8d93-7f95af68874e",
        "x-ms-request-id": "f0bbb202-901e-0097-52f8-01c16b000000",
        "x-ms-version": "2023-11-03"
      },
      "ResponseBody": null
    },
    {
      "RequestUri": "https://REDACTED/d05f80070commitblocklistacfailf5194125f38d48093abf/d05f80071commitblocklistacfailf5174835a00a0acefefc?comp=blocklist",
      "RequestMethod": "PUT",
      "RequestHeaders": {
        "Accept": "application/xml",
        "Authorization": "Sanitized",
        "Content-Length": "50",
        "Content-Type": "application/xml",
        "Date": "Wed, 18 Oct 2023 19:24:31 GMT",
        "User-Agent": "azsdk-java-azure-storage-blob/12.25.0-beta.1 (17.0.8; Windows 11; 10.0)",
        "x-ms-client-request-id": "88913a6f-591b-40eb-99c7-141fefcf46ab",
        "x-ms-lease-id": "6d9171c8-d673-426d-ae16-6cf32c2eeafd",
        "x-ms-version": "2023-11-03"
      },
      "RequestBody": "\u003C?xml version=\u00271.0\u0027 encoding=\u0027UTF-8\u0027?\u003E\u003CBlockList/\u003E",
      "StatusCode": 412,
      "ResponseHeaders": {
        "Content-Length": "264",
        "Content-Type": "application/xml",
        "Date": "Wed, 18 Oct 2023 19:24:31 GMT",
        "Server": [
          "Windows-Azure-Blob/1.0",
          "Microsoft-HTTPAPI/2.0"
        ],
        "x-ms-client-request-id": "88913a6f-591b-40eb-99c7-141fefcf46ab",
        "x-ms-error-code": "LeaseIdMismatchWithBlobOperation",
        "x-ms-request-id": "f0bbb289-901e-0097-4af8-01c16b000000",
        "x-ms-version": "2023-11-03"
      },
      "ResponseBody": [
        "\uFEFF\u003C?xml version=\u00221.0\u0022 encoding=\u0022utf-8\u0022?\u003E\u003CError\u003E\u003CCode\u003ELeaseIdMismatchWithBlobOperation\u003C/Code\u003E\u003CMessage\u003EThe lease ID specified did not match the lease ID for the blob.\n",
        "RequestId:f0bbb289-901e-0097-4af8-01c16b000000\n",
        "Time:2023-10-18T19:24:31.4012066Z\u003C/Message\u003E\u003C/Error\u003E"
      ]
    }
  ],
  "Variables": {
    "0": "d05f80070commitblocklistacfailf5194125f38d48093abf",
    "1": "d05f80071commitblocklistacfailf5174835a00a0acefefc",
    "2": "d05f80072commitblocklistacfailf5148234e9333de75322"
  }
}
